--------- beginning of main
08-04 14:01:43.023 26337 26337 I ServiceManager: Waiting for service AtCmdFwd...
08-04 14:01:43.156   918  3261 D WifiStateMachine: starting scan for "H369AA63323"WPA_PSK with 2412,5180
08-04 14:01:43.360 32560 32560 D AndroidRuntime: >>>>>> START com.android.internal.os.RuntimeInit uid 2000 <<<<<<
08-04 14:01:43.367 32560 32560 D AndroidRuntime: CheckJNI is OFF
08-04 14:01:43.398 32560 32560 D ICU     : No timezone override file found: /data/misc/zoneinfo/current/icu/icu_tzdata.dat
08-04 14:01:43.434 32560 32560 I Radio-JNI: register_android_hardware_Radio DONE
08-04 14:01:43.453 32560 32560 D AndroidRuntime: Calling main entry com.android.commands.monkey.Monkey
--------- beginning of system
08-04 14:01:43.472   918   931 W BroadcastQueue: Skipping deliver [background] BroadcastRecord{e819688 u-1 android.net.conn.CONNECTIVITY_CHANGE} to ReceiverList{e3ab821 32560 (unknown name)/2000/u-1 remote:6075a7a}: process crashing
08-04 14:01:43.482   918  5481 I ActivityManager: START u0 {act=android.intent.action.MAIN cat=[android.intent.category.LAUNCHER] flg=0x10200000 cmp=baseline.appteam.nith.hillffair/.activities.SplashActivity} from uid 2000 on display 0
08-04 14:01:43.522 32570 32570 I art     : Late-enabling -Xcheck:jni
08-04 14:01:43.526   918  3359 I ActivityManager: Start proc 32570:baseline.appteam.nith.hillffair/u0a651 for activity baseline.appteam.nith.hillffair/.activities.SplashActivity
08-04 14:01:43.547 32560 32560 I art     : System.exit called, status: 0
08-04 14:01:43.548 32560 32560 I AndroidRuntime: VM exiting with result code 0.
08-04 14:01:43.592 32570 32570 W System  : ClassLoader referenced unknown path: /data/app/baseline.appteam.nith.hillffair-1/lib/arm64
08-04 14:01:43.593  2075 22580 I PBSessionCacheImpl: Deleted sessionId[9127543042550561] from persistence.
08-04 14:01:43.594  2075  2107 W SearchServiceCore: Abort, client detached.
08-04 14:01:43.594  2075  2107 I MicroDetectionState: Should stop hotword detection immediately - true
08-04 14:01:43.615 32570 32570 W OneSignal: GCM Library detected, please upgrade to Firebase FCM library as GCM is deprecated!
08-04 14:01:43.670 32570 32570 W art     : Before Android 4.1, method android.graphics.PorterDuffColorFilter androidx.vectordrawable.graphics.drawable.VectorDrawableCompat.updateTintFilter(android.graphics.PorterDuffColorFilter, android.content.res.ColorStateList, android.graphics.PorterDuff$Mode) would have incorrectly overridden the package-private method in android.graphics.drawable.Drawable
08-04 14:01:43.693 32570 32570 I art     : Rejecting re-init on previously-failed class java.lang.Class<androidx.core.view.ViewCompat$2>
08-04 14:01:43.693 32570 32570 I art     : Rejecting re-init on previously-failed class java.lang.Class<androidx.core.view.ViewCompat$2>
08-04 14:01:43.740 32570 32594 D OpenGLRenderer: Use EGL_SWAP_BEHAVIOR_PRESERVED: true
08-04 14:01:43.785 32570 32594 I Adreno  : QUALCOMM build                   : fcf4852, I1af360237c
08-04 14:01:43.785 32570 32594 I Adreno  : Build Date                       : 09/23/15
08-04 14:01:43.785 32570 32594 I Adreno  : OpenGL ES Shader Compiler Version: XE031.05.13.02
08-04 14:01:43.785 32570 32594 I Adreno  : Local Branch                     : mybranch14465806
08-04 14:01:43.785 32570 32594 I Adreno  : Remote Branch                    : quic/LA.BF64.1.2.9_v2
08-04 14:01:43.785 32570 32594 I Adreno  : Remote Branch                    : NONE
08-04 14:01:43.785 32570 32594 I Adreno  : Reconstruct Branch               : NOTHING
08-04 14:01:43.790 32570 32594 I OpenGLRenderer: Initialized EGL, version 1.4
08-04 14:01:43.832 13866 13866 I GoogleInputMethodServic: GoogleInputMethodService.onFinishInput():3138 
08-04 14:01:43.833 13866 13866 I GoogleInputMethodServic: GoogleInputMethodService.onStartInput():1808 
08-04 14:01:43.894   918   936 I ActivityManager: Displayed baseline.appteam.nith.hillffair/.activities.SplashActivity: +403ms
08-04 14:01:43.952 32570 32606 W GCM     : GCM SDK is deprecated, baseline.appteam.nith.hillffair should update to use FCM
08-04 14:01:43.993 24365 25567 W Conscrypt: Could not set socket write timeout: java.net.SocketException: Socket closed
08-04 14:01:43.993 24365 25567 E art     : invalid stream - problem with parameter iterator in /data/app/com.google.android.gms-2/base.apk:classes3.dex for method void com.google.android.gms.org.conscrypt.ConscryptFileDescriptorSocket.setSoWriteTimeout(int)
08-04 14:01:43.993 24365 25567 W Conscrypt: 	at com.google.android.gms.org.conscrypt.Platform.setSocketWriteTimeout(:com.google.android.gms@202614019@20.26.14 (040400-320008519):2)
08-04 14:01:43.994 24365 25567 W Conscrypt: 	at com.google.android.gms.org.conscrypt.ConscryptFileDescriptorSocket.setSoWriteTimeout(:com.google.android.gms@202614019@20.26.14 (040400-320008519))
08-04 14:01:44.015 24365 25567 W Conscrypt: Could not set socket write timeout: java.net.SocketException: Socket closed
08-04 14:01:44.016 24365 25567 E art     : invalid stream - problem with parameter iterator in /data/app/com.google.android.gms-2/base.apk:classes3.dex for method void com.google.android.gms.org.conscrypt.ConscryptFileDescriptorSocket.setSoWriteTimeout(int)
08-04 14:01:44.017 24365 25567 W Conscrypt: 	at com.google.android.gms.org.conscrypt.Platform.setSocketWriteTimeout(:com.google.android.gms@202614019@20.26.14 (040400-320008519):2)
08-04 14:01:44.017 24365 25567 W Conscrypt: 	at com.google.android.gms.org.conscrypt.ConscryptFileDescriptorSocket.setSoWriteTimeout(:com.google.android.gms@202614019@20.26.14 (040400-320008519))
08-04 14:01:44.023 26337 26337 I ServiceManager: Waiting for service AtCmdFwd...
08-04 14:01:44.070 24365 25567 W Conscrypt: Could not set socket write timeout: java.net.SocketException: Socket closed
08-04 14:01:44.070 24365 25567 E art     : invalid stream - problem with parameter iterator in /data/app/com.google.android.gms-2/base.apk:classes3.dex for method void com.google.android.gms.org.conscrypt.ConscryptFileDescriptorSocket.setSoWriteTimeout(int)
08-04 14:01:44.071 24365 25567 W Conscrypt: 	at com.google.android.gms.org.conscrypt.Platform.setSocketWriteTimeout(:com.google.android.gms@202614019@20.26.14 (040400-320008519):2)
08-04 14:01:44.071 24365 25567 W Conscrypt: 	at com.google.android.gms.org.conscrypt.ConscryptFileDescriptorSocket.setSoWriteTimeout(:com.google.android.gms@202614019@20.26.14 (040400-320008519))
08-04 14:01:44.087 24365 25567 W Conscrypt: Could not set socket write timeout: java.net.SocketException: Socket closed
08-04 14:01:44.087 24365 25567 E art     : invalid stream - problem with parameter iterator in /data/app/com.google.android.gms-2/base.apk:classes3.dex for method void com.google.android.gms.org.conscrypt.ConscryptFileDescriptorSocket.setSoWriteTimeout(int)
08-04 14:01:44.088 24365 25567 W Conscrypt: 	at com.google.android.gms.org.conscrypt.Platform.setSocketWriteTimeout(:com.google.android.gms@202614019@20.26.14 (040400-320008519):2)
08-04 14:01:44.088 24365 25567 W Conscrypt: 	at com.google.android.gms.org.conscrypt.ConscryptFileDescriptorSocket.setSoWriteTimeout(:com.google.android.gms@202614019@20.26.14 (040400-320008519))
08-04 14:01:44.292 32570 32606 E OneSignal: Error Getting GCM Token
08-04 14:01:44.292 32570 32606 E OneSignal: java.io.IOException: INVALID_SENDER
08-04 14:01:44.292 32570 32606 E OneSignal: 	at com.google.android.gms.gcm.GoogleCloudMessaging.zzd(Unknown Source)
08-04 14:01:44.292 32570 32606 E OneSignal: 	at com.google.android.gms.gcm.GoogleCloudMessaging.register(Unknown Source)
08-04 14:01:44.292 32570 32606 E OneSignal: 	at com.onesignal.PushRegistratorGCM.getToken(PushRegistratorGCM.java:42)
08-04 14:01:44.292 32570 32606 E OneSignal: 	at com.onesignal.PushRegistratorAbstractGoogle.attemptRegistration(PushRegistratorAbstractGoogle.java:97)
08-04 14:01:44.292 32570 32606 E OneSignal: 	at com.onesignal.PushRegistratorAbstractGoogle.access$100(PushRegistratorAbstractGoogle.java:37)
08-04 14:01:44.292 32570 32606 E OneSignal: 	at com.onesignal.PushRegistratorAbstractGoogle$1.run(PushRegistratorAbstractGoogle.java:84)
08-04 14:01:44.292 32570 32606 E OneSignal: 	at java.lang.Thread.run(Thread.java:818)
08-04 14:01:44.316 32570 32610 I art     : Rejecting re-init on previously-failed class java.lang.Class<com.onesignal.OneSignalChromeTab$OneSignalCustomTabsServiceConnection>
08-04 14:01:44.317 32570 32610 I art     : Rejecting re-init on previously-failed class java.lang.Class<com.onesignal.OneSignalChromeTab$OneSignalCustomTabsServiceConnection>
08-04 14:01:45.024 26337 26337 W Atfwd_Sendcmd: AtCmdFwd service not published, waiting... retryCnt : 2
08-04 14:01:45.201 32622 32622 D AndroidRuntime: >>>>>> START com.android.internal.os.RuntimeInit uid 2000 <<<<<<
08-04 14:01:45.207 32622 32622 D AndroidRuntime: CheckJNI is OFF
08-04 14:01:45.226   918   929 I ActivityManager: START u0 {cmp=baseline.appteam.nith.hillffair/.activities.WelcomeActivity} from uid 10651 on display 0
08-04 14:01:45.232 32622 32622 D ICU     : No timezone override file found: /data/misc/zoneinfo/current/icu/icu_tzdata.dat
08-04 14:01:45.261 32622 32622 I Radio-JNI: register_android_hardware_Radio DONE
08-04 14:01:45.264   918  6029 I ActivityManager: START u0 {cmp=baseline.appteam.nith.hillffair/.activities.HomeActivity} from uid 10651 on display 0
08-04 14:01:45.272   918  3714 W ActivityManager: Duplicate finish request for ActivityRecord{af883e7 u0 baseline.appteam.nith.hillffair/.activities.WelcomeActivity t3913 f}
08-04 14:01:45.277 32622 32622 D AndroidRuntime: Calling main entry com.android.commands.am.Am
08-04 14:01:45.297  2375  2375 I Trepn   : Trepn 6.2s: Received intent: com.quicinc.trepn.start_profiling
08-04 14:01:45.379  2375  2375 W FileUtils: Failed to chmod(/storage/emulated/0/trepn/Trepn_2020.08.04_140145.db): android.system.ErrnoException: chmod failed: EPERM (Operation not permitted)
08-04 14:01:45.478  2375  2375 I Trepn   : Trepn 6.2s: Trepn has Started Profiling.
08-04 14:01:45.479 32622 32622 D AndroidRuntime: Shutting down VM
08-04 14:01:45.697 13866 13866 I GoogleInputMethodServic: GoogleInputMethodService.onFinishInput():3138 
08-04 14:01:45.697 13866 13866 I GoogleInputMethodServic: GoogleInputMethodService.onStartInput():1808 
08-04 14:01:45.698   918   936 I ActivityManager: Displayed baseline.appteam.nith.hillffair/.activities.HomeActivity: +392ms (total +456ms)
08-04 14:01:45.876 32570 32581 I art     : Starting a blocking GC Explicit
08-04 14:01:45.896 32570 32581 I art     : Explicit concurrent mark sweep GC freed 2259(449KB) AllocSpace objects, 0(0B) LOS objects, 24% free, 48MB/64MB, paused 173us total 19.086ms
08-04 14:01:45.906 32570 32581 I art     : Starting a blocking GC Explicit
08-04 14:01:45.921 32570 32581 I art     : Explicit concurrent mark sweep GC freed 1318(85KB) AllocSpace objects, 0(0B) LOS objects, 25% free, 47MB/63MB, paused 154us total 14.157ms
08-04 14:01:45.929 32570 32581 I art     : Starting a blocking GC Explicit
08-04 14:01:45.943 32570 32581 I art     : Explicit concurrent mark sweep GC freed 3(96B) AllocSpace objects, 0(0B) LOS objects, 25% free, 47MB/63MB, paused 168us total 13.576ms
08-04 14:01:45.944   380   380 W SurfaceFlinger: couldn't log to binary event log: overflow.
08-04 14:01:45.952 32570 32581 I art     : Starting a blocking GC Explicit
08-04 14:01:45.963 32570 32581 I art     : Explicit concurrent mark sweep GC freed 3(96B) AllocSpace objects, 0(0B) LOS objects, 25% free, 47MB/63MB, paused 135us total 11.059ms
08-04 14:01:45.969 32570 32581 I art     : Starting a blocking GC Explicit
08-04 14:01:45.979 32570 32581 I art     : Explicit concurrent mark sweep GC freed 3(96B) AllocSpace objects, 0(0B) LOS objects, 25% free, 47MB/63MB, paused 135us total 10.557ms
08-04 14:01:46.258 32570 32581 I art     : Starting a blocking GC Explicit
08-04 14:01:46.275 32570 32581 I art     : Explicit concurrent mark sweep GC freed 2030(114KB) AllocSpace objects, 1(20KB) LOS objects, 25% free, 47MB/63MB, paused 186us total 16.616ms
08-04 14:01:46.283 32570 32581 I art     : Starting a blocking GC Explicit
08-04 14:01:46.296 32570 32581 I art     : Explicit concurrent mark sweep GC freed 907(59KB) AllocSpace objects, 0(0B) LOS objects, 25% free, 47MB/63MB, paused 162us total 12.188ms
08-04 14:01:46.302 32570 32581 I art     : Starting a blocking GC Explicit
08-04 14:01:46.313 32570 32581 I art     : Explicit concurrent mark sweep GC freed 3(96B) AllocSpace objects, 0(0B) LOS objects, 25% free, 47MB/63MB, paused 140us total 11.144ms
08-04 14:01:46.319 32570 32581 I art     : Starting a blocking GC Explicit
08-04 14:01:46.330 32570 32581 I art     : Explicit concurrent mark sweep GC freed 3(96B) AllocSpace objects, 0(0B) LOS objects, 25% free, 47MB/63MB, paused 143us total 10.948ms
08-04 14:01:46.336 32570 32581 I art     : Starting a blocking GC Explicit
08-04 14:01:46.347 32570 32581 I art     : Explicit concurrent mark sweep GC freed 3(96B) AllocSpace objects, 0(0B) LOS objects, 25% free, 47MB/63MB, paused 135us total 11.071ms
08-04 14:01:46.633 32570 32611 I art     : Starting a blocking GC Explicit
08-04 14:01:46.647 32570 32611 I art     : Explicit concurrent mark sweep GC freed 1341(78KB) AllocSpace objects, 1(20KB) LOS objects, 25% free, 47MB/63MB, paused 217us total 13.702ms
08-04 14:01:46.654 32570 32611 I art     : Starting a blocking GC Explicit
08-04 14:01:46.666 32570 32611 I art     : Explicit concurrent mark sweep GC freed 20(704B) AllocSpace objects, 0(0B) LOS objects, 25% free, 47MB/63MB, paused 163us total 12.346ms
08-04 14:01:46.673 32570 32611 I art     : Starting a blocking GC Explicit
08-04 14:01:46.685 32570 32611 I art     : Explicit concurrent mark sweep GC freed 3(96B) AllocSpace objects, 0(0B) LOS objects, 25% free, 47MB/63MB, paused 159us total 11.431ms
08-04 14:01:46.691 32570 32611 I art     : Starting a blocking GC Explicit
08-04 14:01:46.702 32570 32611 I art     : Explicit concurrent mark sweep GC freed 3(96B) AllocSpace objects, 0(0B) LOS objects, 25% free, 47MB/63MB, paused 159us total 11.265ms
08-04 14:01:46.708 32570 32611 I art     : Starting a blocking GC Explicit
08-04 14:01:46.720 32570 32611 I art     : Explicit concurrent mark sweep GC freed 3(96B) AllocSpace objects, 0(0B) LOS objects, 25% free, 47MB/63MB, paused 160us total 11.472ms
08-04 14:01:47.012 32570 32582 I art     : Starting a blocking GC Explicit
08-04 14:01:47.028 32570 32582 I art     : Explicit concurrent mark sweep GC freed 1342(78KB) AllocSpace objects, 1(20KB) LOS objects, 25% free, 47MB/63MB, paused 200us total 16.490ms
08-04 14:01:47.038 32570 32582 I art     : Starting a blocking GC Explicit
08-04 14:01:47.050 32570 32582 I art     : Explicit concurrent mark sweep GC freed 20(704B) AllocSpace objects, 0(0B) LOS objects, 25% free, 47MB/63MB, paused 163us total 11.513ms
08-04 14:01:47.056 32570 32582 I art     : Starting a blocking GC Explicit
08-04 14:01:47.068 32570 32582 I art     : Explicit concurrent mark sweep GC freed 3(96B) AllocSpace objects, 0(0B) LOS objects, 25% free, 47MB/63MB, paused 193us total 11.795ms
08-04 14:01:47.075 32570 32582 I art     : Starting a blocking GC Explicit
08-04 14:01:47.086 32570 32582 I art     : Explicit concurrent mark sweep GC freed 3(96B) AllocSpace objects, 0(0B) LOS objects, 25% free, 47MB/63MB, paused 152us total 11.330ms
08-04 14:01:47.092 32570 32582 I art     : Starting a blocking GC Explicit
08-04 14:01:47.104 32570 32582 I art     : Explicit concurrent mark sweep GC freed 3(96B) AllocSpace objects, 0(0B) LOS objects, 25% free, 47MB/63MB, paused 167us total 11.326ms
08-04 14:01:47.402 32570 32581 I art     : Starting a blocking GC Explicit
08-04 14:01:47.420 32570 32581 I art     : Explicit concurrent mark sweep GC freed 1340(78KB) AllocSpace objects, 1(20KB) LOS objects, 25% free, 47MB/63MB, paused 177us total 17.302ms
08-04 14:01:47.430 32570 32581 I art     : Starting a blocking GC Explicit
08-04 14:01:47.445 32570 32581 I art     : Explicit concurrent mark sweep GC freed 20(704B) AllocSpace objects, 0(0B) LOS objects, 25% free, 47MB/63MB, paused 154us total 14.797ms
08-04 14:01:47.454 32570 32581 I art     : Starting a blocking GC Explicit
08-04 14:01:47.466 32570 32581 I art     : Explicit concurrent mark sweep GC freed 3(96B) AllocSpace objects, 0(0B) LOS objects, 25% free, 47MB/63MB, paused 146us total 11.318ms
08-04 14:01:47.472 32570 32581 I art     : Starting a blocking GC Explicit
08-04 14:01:47.484 32570 32581 I art     : Explicit concurrent mark sweep GC freed 3(96B) AllocSpace objects, 0(0B) LOS objects, 25% free, 47MB/63MB, paused 155us total 11.695ms
08-04 14:01:47.490 32570 32581 I art     : Starting a blocking GC Explicit
08-04 14:01:47.502 32570 32581 I art     : Explicit concurrent mark sweep GC freed 3(96B) AllocSpace objects, 0(0B) LOS objects, 25% free, 47MB/63MB, paused 150us total 11.723ms
08-04 14:01:47.800 32570 32611 I art     : Starting a blocking GC Explicit
08-04 14:01:47.814 32570 32611 I art     : Explicit concurrent mark sweep GC freed 1339(78KB) AllocSpace objects, 1(20KB) LOS objects, 25% free, 47MB/63MB, paused 173us total 13.723ms
08-04 14:01:47.822 32570 32611 I art     : Starting a blocking GC Explicit
08-04 14:01:47.837 32570 32611 I art     : Explicit concurrent mark sweep GC freed 20(704B) AllocSpace objects, 0(0B) LOS objects, 25% free, 47MB/63MB, paused 172us total 14.889ms
08-04 14:01:47.848 32570 32611 I art     : Starting a blocking GC Explicit
08-04 14:01:47.860 32570 32611 I art     : Explicit concurrent mark sweep GC freed 3(96B) AllocSpace objects, 0(0B) LOS objects, 25% free, 47MB/63MB, paused 200us total 11.796ms
08-04 14:01:47.866 32570 32611 I art     : Starting a blocking GC Explicit
08-04 14:01:47.877 32570 32611 I art     : Explicit concurrent mark sweep GC freed 3(96B) AllocSpace objects, 0(0B) LOS objects, 25% free, 47MB/63MB, paused 164us total 11.327ms
08-04 14:01:47.883 32570 32611 I art     : Starting a blocking GC Explicit
08-04 14:01:47.895 32570 32611 I art     : Explicit concurrent mark sweep GC freed 3(96B) AllocSpace objects, 0(0B) LOS objects, 25% free, 47MB/63MB, paused 162us total 11.748ms
08-04 14:01:48.206 32570 32582 I art     : Starting a blocking GC Explicit
08-04 14:01:48.226 32570 32582 I art     : Explicit concurrent mark sweep GC freed 1339(78KB) AllocSpace objects, 1(20KB) LOS objects, 25% free, 47MB/63MB, paused 240us total 19.912ms
08-04 14:01:48.233 32570 32582 I art     : Starting a blocking GC Explicit
08-04 14:01:48.245 32570 32582 I art     : Explicit concurrent mark sweep GC freed 20(704B) AllocSpace objects, 0(0B) LOS objects, 25% free, 47MB/63MB, paused 168us total 12.468ms
08-04 14:01:48.252 32570 32582 I art     : Starting a blocking GC Explicit
08-04 14:01:48.264 32570 32582 I art     : Explicit concurrent mark sweep GC freed 3(96B) AllocSpace objects, 0(0B) LOS objects, 25% free, 47MB/63MB, paused 159us total 11.976ms
08-04 14:01:48.270 32570 32582 I art     : Starting a blocking GC Explicit
08-04 14:01:48.281 32570 32582 I art     : Explicit concurrent mark sweep GC freed 3(96B) AllocSpace objects, 0(0B) LOS objects, 25% free, 47MB/63MB, paused 162us total 11.078ms
08-04 14:01:48.287 32570 32582 I art     : Starting a blocking GC Explicit
08-04 14:01:48.299 32570 32582 I art     : Explicit concurrent mark sweep GC freed 3(96B) AllocSpace objects, 0(0B) LOS objects, 25% free, 47MB/63MB, paused 160us total 11.345ms
08-04 14:01:48.611 32570 32581 I art     : Starting a blocking GC Explicit
08-04 14:01:48.628 32570 32581 I art     : Explicit concurrent mark sweep GC freed 1339(78KB) AllocSpace objects, 1(20KB) LOS objects, 25% free, 47MB/63MB, paused 190us total 16.420ms
08-04 14:01:48.638 32570 32581 I art     : Starting a blocking GC Explicit
08-04 14:01:48.653 32570 32581 I art     : Explicit concurrent mark sweep GC freed 20(704B) AllocSpace objects, 0(0B) LOS objects, 25% free, 47MB/63MB, paused 151us total 14.615ms
08-04 14:01:48.659 32570 32581 I art     : Starting a blocking GC Explicit
08-04 14:01:48.671 32570 32581 I art     : Explicit concurrent mark sweep GC freed 3(96B) AllocSpace objects, 0(0B) LOS objects, 25% free, 47MB/63MB, paused 154us total 11.893ms
08-04 14:01:48.678 32570 32581 I art     : Starting a blocking GC Explicit
08-04 14:01:48.690 32570 32581 I art     : Explicit concurrent mark sweep GC freed 3(96B) AllocSpace objects, 0(0B) LOS objects, 25% free, 47MB/63MB, paused 141us total 12.110ms
08-04 14:01:48.696 32570 32581 I art     : Starting a blocking GC Explicit
08-04 14:01:48.707 32570 32581 I art     : Explicit concurrent mark sweep GC freed 3(96B) AllocSpace objects, 0(0B) LOS objects, 25% free, 47MB/63MB, paused 137us total 11.181ms
08-04 14:01:49.015 32570 32611 I art     : Starting a blocking GC Explicit
08-04 14:01:49.032 32570 32611 I art     : Explicit concurrent mark sweep GC freed 1339(78KB) AllocSpace objects, 1(20KB) LOS objects, 25% free, 47MB/63MB, paused 196us total 16.868ms
08-04 14:01:49.041 32570 32611 I art     : Starting a blocking GC Explicit
08-04 14:01:49.054 32570 32611 I art     : Explicit concurrent mark sweep GC freed 20(704B) AllocSpace objects, 0(0B) LOS objects, 25% free, 47MB/63MB, paused 158us total 12.125ms
08-04 14:01:49.057   918 13198 D NetlinkSocketObserver: NeighborEvent{elapsedMs=1696312931, 192.168.2.254, [7C3953A63323], RTM_NEWNEIGH, NUD_REACHABLE}
08-04 14:01:49.060 32570 32611 I art     : Starting a blocking GC Explicit
08-04 14:01:49.072 32570 32611 I art     : Explicit concurrent mark sweep GC freed 3(96B) AllocSpace objects, 0(0B) LOS objects, 25% free, 47MB/63MB, paused 159us total 11.809ms
08-04 14:01:49.079 32570 32611 I art     : Starting a blocking GC Explicit
08-04 14:01:49.090 32570 32611 I art     : Explicit concurrent mark sweep GC freed 3(96B) AllocSpace objects, 0(0B) LOS objects, 25% free, 47MB/63MB, paused 157us total 11.383ms
08-04 14:01:49.096 32570 32611 I art     : Starting a blocking GC Explicit
08-04 14:01:49.108 32570 32611 I art     : Explicit concurrent mark sweep GC freed 3(96B) AllocSpace objects, 0(0B) LOS objects, 25% free, 47MB/63MB, paused 159us total 11.436ms
08-04 14:01:49.397 32570 32582 I art     : Starting a blocking GC Explicit
08-04 14:01:49.409 32570 32582 I art     : Explicit concurrent mark sweep GC freed 1618(94KB) AllocSpace objects, 1(20KB) LOS objects, 25% free, 47MB/63MB, paused 180us total 12.336ms
08-04 14:01:49.415 32570 32582 I art     : Starting a blocking GC Explicit
08-04 14:01:49.418 32570 32752 W OneSignal: OneSignalRestClient: POST Error thrown from network stack. 
08-04 14:01:49.418 32570 32752 W OneSignal: java.io.IOException: unexpected end of stream on Connection{api.onesignal.com:443, proxy=HTTP@192.168.2.12:8080 hostAddress=192.168.2.12 cipherSuite=TLS_ECDHE_RSA_WITH_AES_128_GCM_SHA256 protocol=http/1.1} (recycle count=1)
08-04 14:01:49.418 32570 32752 W OneSignal: 	at com.android.okhttp.internal.http.HttpConnection.readResponse(HttpConnection.java:210)
08-04 14:01:49.418 32570 32752 W OneSignal: 	at com.android.okhttp.internal.http.HttpTransport.readResponseHeaders(HttpTransport.java:80)
08-04 14:01:49.418 32570 32752 W OneSignal: 	at com.android.okhttp.internal.http.HttpEngine.readNetworkResponse(HttpEngine.java:904)
08-04 14:01:49.418 32570 32752 W OneSignal: 	at com.android.okhttp.internal.http.HttpEngine.readResponse(HttpEngine.java:788)
08-04 14:01:49.418 32570 32752 W OneSignal: 	at com.android.okhttp.internal.huc.HttpURLConnectionImpl.execute(HttpURLConnectionImpl.java:439)
08-04 14:01:49.418 32570 32752 W OneSignal: 	at com.android.okhttp.internal.huc.HttpURLConnectionImpl.getResponse(HttpURLConnectionImpl.java:384)
08-04 14:01:49.418 32570 32752 W OneSignal: 	at com.android.okhttp.internal.huc.HttpURLConnectionImpl.getResponseCode(HttpURLConnectionImpl.java:497)
08-04 14:01:49.418 32570 32752 W OneSignal: 	at com.android.okhttp.internal.huc.DelegatingHttpsURLConnection.getResponseCode(DelegatingHttpsURLConnection.java:105)
08-04 14:01:49.418 32570 32752 W OneSignal: 	at com.android.okhttp.internal.huc.HttpsURLConnectionImpl.getResponseCode(HttpsURLConnectionImpl.java)
08-04 14:01:49.418 32570 32752 W OneSignal: 	at com.onesignal.OneSignalRestClient.startHTTPConnection(OneSignalRestClient.java:180)
08-04 14:01:49.418 32570 32752 W OneSignal: 	at com.onesignal.OneSignalRestClient.access$100(OneSignalRestClient.java:44)
08-04 14:01:49.418 32570 32752 W OneSignal: 	at com.onesignal.OneSignalRestClient$4.run(OneSignalRestClient.java:110)
08-04 14:01:49.418 32570 32752 W OneSignal: 	at java.lang.Thread.run(Thread.java:818)
08-04 14:01:49.418 32570 32752 W OneSignal: Caused by: java.io.EOFException: \n not found: size=0 content=...
08-04 14:01:49.418 32570 32752 W OneSignal: 	at com.android.okhttp.okio.RealBufferedSource.readUtf8LineStrict(RealBufferedSource.java:200)
08-04 14:01:49.418 32570 32752 W OneSignal: 	at com.android.okhttp.internal.http.HttpConnection.readResponse(HttpConnection.java:191)
08-04 14:01:49.418 32570 32752 W OneSignal: 	... 12 more
08-04 14:01:49.419 32570 32757 W OneSignal: Failed last request. statusCode: -1
08-04 14:01:49.419 32570 32757 W OneSignal: response: null
08-04 14:01:49.425 32570 32582 I art     : Explicit concurrent mark sweep GC freed 173(48KB) AllocSpace objects, 0(0B) LOS objects, 25% free, 47MB/63MB, paused 148us total 10.470ms
08-04 14:01:49.431 32570 32582 I art     : Starting a blocking GC Explicit
08-04 14:01:49.441 32570 32582 I art     : Explicit concurrent mark sweep GC freed 219(12KB) AllocSpace objects, 0(0B) LOS objects, 25% free, 47MB/63MB, paused 139us total 9.635ms
08-04 14:01:49.446 32570 32582 I art     : Starting a blocking GC Explicit
08-04 14:01:49.456 32570 32582 I art     : Explicit concurrent mark sweep GC freed 3(96B) AllocSpace objects, 0(0B) LOS objects, 25% free, 47MB/63MB, paused 142us total 9.747ms
08-04 14:01:49.462 32570 32582 I art     : Starting a blocking GC Explicit
08-04 14:01:49.472 32570 32582 I art     : Explicit concurrent mark sweep GC freed 3(96B) AllocSpace objects, 0(0B) LOS objects, 25% free, 47MB/63MB, paused 134us total 9.535ms
08-04 14:01:49.731 32570 32581 I art     : Starting a blocking GC Explicit
08-04 14:01:49.747 32570 32581 I art     : Explicit concurrent mark sweep GC freed 1339(78KB) AllocSpace objects, 1(20KB) LOS objects, 25% free, 47MB/63MB, paused 198us total 15.715ms
08-04 14:01:49.756 32570 32581 I art     : Starting a blocking GC Explicit
08-04 14:01:49.768 32570 32581 I art     : Explicit concurrent mark sweep GC freed 20(704B) AllocSpace objects, 0(0B) LOS objects, 25% free, 47MB/63MB, paused 150us total 11.571ms
08-04 14:01:49.774 32570 32581 I art     : Starting a blocking GC Explicit
08-04 14:01:49.786 32570 32581 I art     : Explicit concurrent mark sweep GC freed 3(96B) AllocSpace objects, 0(0B) LOS objects, 25% free, 47MB/63MB, paused 154us total 11.299ms
08-04 14:01:49.792 32570 32581 I art     : Starting a blocking GC Explicit
08-04 14:01:49.804 32570 32581 I art     : Explicit concurrent mark sweep GC freed 3(96B) AllocSpace objects, 0(0B) LOS objects, 25% free, 47MB/63MB, paused 150us total 11.674ms
08-04 14:01:49.810 32570 32581 I art     : Starting a blocking GC Explicit
08-04 14:01:49.821 32570 32581 I art     : Explicit concurrent mark sweep GC freed 3(96B) AllocSpace objects, 0(0B) LOS objects, 25% free, 47MB/63MB, paused 150us total 11.389ms
08-04 14:01:50.125 32570 32611 I art     : Starting a blocking GC Explicit
08-04 14:01:50.138 32570 32611 I art     : Explicit concurrent mark sweep GC freed 1339(78KB) AllocSpace objects, 1(20KB) LOS objects, 25% free, 47MB/63MB, paused 171us total 13.196ms
08-04 14:01:50.144 32570 32611 I art     : Starting a blocking GC Explicit
08-04 14:01:50.156 32570 32611 I art     : Explicit concurrent mark sweep GC freed 20(704B) AllocSpace objects, 0(0B) LOS objects, 25% free, 47MB/63MB, paused 171us total 11.214ms
08-04 14:01:50.161 32570 32611 I art     : Starting a blocking GC Explicit
08-04 14:01:50.172 32570 32611 I art     : Explicit concurrent mark sweep GC freed 9(320B) AllocSpace objects, 0(0B) LOS objects, 25% free, 47MB/63MB, paused 153us total 10.254ms
08-04 14:01:50.178 32570 32611 I art     : Starting a blocking GC Explicit
08-04 14:01:50.188 32570 32611 I art     : Explicit concurrent mark sweep GC freed 3(96B) AllocSpace objects, 0(0B) LOS objects, 25% free, 47MB/63MB, paused 150us total 9.825ms
08-04 14:01:50.193 32570 32611 I art     : Starting a blocking GC Explicit
08-04 14:01:50.203 32570 32611 I art     : Explicit concurrent mark sweep GC freed 3(96B) AllocSpace objects, 0(0B) LOS objects, 25% free, 47MB/63MB, paused 152us total 10.068ms
08-04 14:01:50.445   358   358 D AndroidRuntime: >>>>>> START com.android.internal.os.RuntimeInit uid 2000 <<<<<<
08-04 14:01:50.450   358   358 D AndroidRuntime: CheckJNI is OFF
08-04 14:01:50.477   358   358 D ICU     : No timezone override file found: /data/misc/zoneinfo/current/icu/icu_tzdata.dat
08-04 14:01:50.477 32570 32582 I art     : Starting a blocking GC Explicit
08-04 14:01:50.490 32570 32582 I art     : Explicit concurrent mark sweep GC freed 1339(78KB) AllocSpace objects, 1(20KB) LOS objects, 25% free, 47MB/63MB, paused 178us total 12.053ms
08-04 14:01:50.496 32570 32582 I art     : Starting a blocking GC Explicit
08-04 14:01:50.503   358   358 I Radio-JNI: register_android_hardware_Radio DONE
08-04 14:01:50.508 32570 32582 I art     : Explicit concurrent mark sweep GC freed 20(704B) AllocSpace objects, 0(0B) LOS objects, 25% free, 47MB/63MB, paused 179us total 11.561ms
08-04 14:01:50.514 32570 32582 I art     : Starting a blocking GC Explicit
08-04 14:01:50.521   358   358 D AndroidRuntime: Calling main entry com.android.commands.input.Input
08-04 14:01:50.522   358   358 I Input   : injectMotionEvent: MotionEvent { action=ACTION_DOWN, actionButton=0, id[0]=0, x[0]=337.0, y[0]=1104.0, toolType[0]=TOOL_TYPE_UNKNOWN, buttonState=0, metaState=0, flags=0x0, edgeFlags=0x0, pointerCount=1, historySize=0, eventTime=712926935, downTime=712926935, deviceId=0, source=0x1002 }
08-04 14:01:50.524 32570 32582 I art     : Explicit concurrent mark sweep GC freed 3(96B) AllocSpace objects, 0(0B) LOS objects, 25% free, 47MB/63MB, paused 385us total 10.350ms
08-04 14:01:50.527   358   358 I Input   : injectMotionEvent: MotionEvent { action=ACTION_UP, actionButton=0, id[0]=0, x[0]=337.0, y[0]=1104.0, toolType[0]=TOOL_TYPE_UNKNOWN, buttonState=0, metaState=0, flags=0x0, edgeFlags=0x0, pointerCount=1, historySize=0, eventTime=712926935, downTime=712926935, deviceId=0, source=0x1002 }
08-04 14:01:50.528   918   928 I ActivityManager: START u0 {cmp=baseline.appteam.nith.hillffair/.activities.BattleDayActivity} from uid 10651 on display 0
08-04 14:01:50.530 32570 32582 I art     : Starting a blocking GC Explicit
08-04 14:01:50.533   358   358 D AndroidRuntime: Shutting down VM
08-04 14:01:50.542 32570 32582 I art     : Explicit concurrent mark sweep GC freed 94(13KB) AllocSpace objects, 0(0B) LOS objects, 24% free, 48MB/64MB, paused 269us total 11.567ms
08-04 14:01:50.548 32570 32582 I art     : Starting a blocking GC Explicit
08-04 14:01:50.560 32570 32582 I art     : Explicit concurrent mark sweep GC freed 803(89KB) AllocSpace objects, 0(0B) LOS objects, 24% free, 48MB/64MB, paused 371us total 11.872ms
08-04 14:01:50.620 13866 13866 I GoogleInputMethodServic: GoogleInputMethodService.onFinishInput():3138 
08-04 14:01:50.620 13866 13866 I GoogleInputMethodServic: GoogleInputMethodService.onStartInput():1808 
08-04 14:01:50.656   918   936 I ActivityManager: Displayed baseline.appteam.nith.hillffair/.activities.BattleDayActivity: +122ms
08-04 14:01:50.778 32570 32582 I art     : Starting a blocking GC Explicit
08-04 14:01:50.795 32570 32582 I art     : Explicit concurrent mark sweep GC freed 8250(490KB) AllocSpace objects, 1(20KB) LOS objects, 24% free, 48MB/64MB, paused 207us total 16.976ms
08-04 14:01:50.805 32570 32582 I art     : Starting a blocking GC Explicit
08-04 14:01:50.824 32570 32582 I art     : Explicit concurrent mark sweep GC freed 74(3008B) AllocSpace objects, 0(0B) LOS objects, 24% free, 48MB/64MB, paused 234us total 18.182ms
08-04 14:01:50.832 32570 32582 I art     : Starting a blocking GC Explicit
08-04 14:01:50.849 32570 32582 I art     : Explicit concurrent mark sweep GC freed 3(96B) AllocSpace objects, 0(0B) LOS objects, 24% free, 48MB/64MB, paused 285us total 17.015ms
08-04 14:01:50.857 32570 32582 I art     : Starting a blocking GC Explicit
08-04 14:01:50.873 32570 32582 I art     : Explicit concurrent mark sweep GC freed 3(96B) AllocSpace objects, 0(0B) LOS objects, 24% free, 48MB/64MB, paused 197us total 15.842ms
08-04 14:01:50.881 32570 32582 I art     : Starting a blocking GC Explicit
08-04 14:01:50.897 32570 32582 I art     : Explicit concurrent mark sweep GC freed 3(96B) AllocSpace objects, 0(0B) LOS objects, 24% free, 48MB/64MB, paused 215us total 15.764ms
08-04 14:01:50.915   380   380 W SurfaceFlinger: couldn't log to binary event log: overflow.
08-04 14:01:51.168 32570 32581 I art     : Starting a blocking GC Explicit
08-04 14:01:51.184 32570 32581 I art     : Explicit concurrent mark sweep GC freed 1484(90KB) AllocSpace objects, 1(20KB) LOS objects, 24% free, 48MB/64MB, paused 329us total 15.488ms
08-04 14:01:51.191 32570 32581 I art     : Starting a blocking GC Explicit
08-04 14:01:51.204 32570 32581 I art     : Explicit concurrent mark sweep GC freed 42(1456B) AllocSpace objects, 0(0B) LOS objects, 24% free, 48MB/64MB, paused 209us total 13.133ms
08-04 14:01:51.211 32570 32581 I art     : Starting a blocking GC Explicit
08-04 14:01:51.222 32570 32581 I art     : Explicit concurrent mark sweep GC freed 10(352B) AllocSpace objects, 0(0B) LOS objects, 24% free, 48MB/64MB, paused 171us total 11.269ms
08-04 14:01:51.228 32570 32581 I art     : Starting a blocking GC Explicit
08-04 14:01:51.239 32570 32581 I art     : Explicit concurrent mark sweep GC freed 8(288B) AllocSpace objects, 0(0B) LOS objects, 24% free, 48MB/64MB, paused 183us total 11.062ms
08-04 14:01:51.245 32570 32581 I art     : Starting a blocking GC Explicit
08-04 14:01:51.256 32570 32581 I art     : Explicit concurrent mark sweep GC freed 8(288B) AllocSpace objects, 0(0B) LOS objects, 24% free, 48MB/64MB, paused 179us total 11.368ms
08-04 14:01:51.382 32570   411 D OkHttp  : --> GET https://api-hillfair-2k16.herokuapp.com/api/app/events/special http/1.1
08-04 14:01:51.415 32570   411 D OkHttp  : <-- 200 OK https://api-hillfair-2k16.herokuapp.com/api/app/events/special (32ms, 554-byte body)
08-04 14:01:51.469 32570 32570 I NAPPA_EXPERIMENTATION: MetricNetworkRequestExecutionTime: REQUEST_DURATION_SYSTEM='893',REQUEST_DURATION_OKHTTP='31',REQUEST_SYNCHRONOUS='FALSE',RESPONSE_CODE='200',RESPONSE_METHOD='GET',RESPONSE_LENGTH_OKHTTP='554',RESPONSE_LENGTH_HEADER='554',REQUEST_PROTOCOL='http/1.1',REQUEST_URL='https://api-hillfair-2k16.herokuapp.com/api/app/events/special',
08-04 14:01:51.511 32570 32582 I art     : Starting a blocking GC Explicit
08-04 14:01:51.527 32570 32582 I art     : Explicit concurrent mark sweep GC freed 5581(357KB) AllocSpace objects, 4(220KB) LOS objects, 24% free, 48MB/64MB, paused 344us total 16.451ms
08-04 14:01:51.533 32570 32582 I art     : Starting a blocking GC Explicit
08-04 14:01:51.547 32570 32582 I art     : Explicit concurrent mark sweep GC freed 1291(134KB) AllocSpace objects, 0(0B) LOS objects, 24% free, 48MB/64MB, paused 372us total 13.193ms
08-04 14:01:51.553 32570 32582 I art     : Starting a blocking GC Explicit
08-04 14:01:51.565 32570 32582 I art     : Explicit concurrent mark sweep GC freed 138(6KB) AllocSpace objects, 0(0B) LOS objects, 24% free, 48MB/64MB, paused 275us total 12.728ms
08-04 14:01:51.572 32570 32582 I art     : Starting a blocking GC Explicit
08-04 14:01:51.584 32570 32582 I art     : Explicit concurrent mark sweep GC freed 3(96B) AllocSpace objects, 0(0B) LOS objects, 24% free, 48MB/64MB, paused 251us total 11.690ms
08-04 14:01:51.589 32570 32582 I art     : Starting a blocking GC Explicit
08-04 14:01:51.601 32570 32582 I art     : Explicit concurrent mark sweep GC freed 3(96B) AllocSpace objects, 0(0B) LOS objects, 24% free, 48MB/64MB, paused 243us total 11.585ms
08-04 14:01:51.860 32570 32581 I art     : Starting a blocking GC Explicit
08-04 14:01:51.880 32570 32581 I art     : Explicit concurrent mark sweep GC freed 1341(78KB) AllocSpace objects, 1(20KB) LOS objects, 24% free, 48MB/64MB, paused 318us total 19.131ms
08-04 14:01:51.890 32570 32581 I art     : Starting a blocking GC Explicit
08-04 14:01:51.905 32570 32581 I art     : Explicit concurrent mark sweep GC freed 20(704B) AllocSpace objects, 0(0B) LOS objects, 24% free, 48MB/64MB, paused 280us total 14.475ms
08-04 14:01:51.911 32570 32581 I art     : Starting a blocking GC Explicit
08-04 14:01:51.926 32570 32581 I art     : Explicit concurrent mark sweep GC freed 3(96B) AllocSpace objects, 0(0B) LOS objects, 24% free, 48MB/64MB, paused 275us total 14.682ms
08-04 14:01:51.933 32570 32581 I art     : Starting a blocking GC Explicit
08-04 14:01:51.947 32570 32581 I art     : Explicit concurrent mark sweep GC freed 3(96B) AllocSpace objects, 0(0B) LOS objects, 24% free, 48MB/64MB, paused 315us total 14.049ms
08-04 14:01:51.953 32570 32581 I art     : Starting a blocking GC Explicit
08-04 14:01:51.968 32570 32581 I art     : Explicit concurrent mark sweep GC freed 7165(283KB) AllocSpace objects, 0(0B) LOS objects, 24% free, 48MB/64MB, paused 308us total 14.184ms
08-04 14:01:52.199 32570 32581 I art     : Starting a blocking GC Explicit
08-04 14:01:52.213 32570 32581 I art     : Explicit concurrent mark sweep GC freed 2507(289KB) AllocSpace objects, 1(20KB) LOS objects, 23% free, 52MB/68MB, paused 227us total 13.506ms
08-04 14:01:52.219 32570 32581 I art     : Starting a blocking GC Explicit
08-04 14:01:52.231 32570 32581 I art     : Explicit concurrent mark sweep GC freed 137(4KB) AllocSpace objects, 0(0B) LOS objects, 23% free, 52MB/68MB, paused 197us total 11.858ms
08-04 14:01:52.237 32570 32581 I art     : Starting a blocking GC Explicit
08-04 14:01:52.250 32570 32581 I art     : Explicit concurrent mark sweep GC freed 3(96B) AllocSpace objects, 0(0B) LOS objects, 23% free, 52MB/68MB, paused 197us total 13.640ms
08-04 14:01:52.257 32570 32581 I art     : Starting a blocking GC Explicit
08-04 14:01:52.270 32570 32581 I art     : Explicit concurrent mark sweep GC freed 3(96B) AllocSpace objects, 0(0B) LOS objects, 23% free, 52MB/68MB, paused 206us total 13.343ms
08-04 14:01:52.276 32570 32581 I art     : Starting a blocking GC Explicit
08-04 14:01:52.290 32570 32581 I art     : Explicit concurrent mark sweep GC freed 3(96B) AllocSpace objects, 0(0B) LOS objects, 23% free, 52MB/68MB, paused 243us total 13.611ms
08-04 14:01:52.588 32570 32611 I art     : Starting a blocking GC Explicit
08-04 14:01:52.610 32570 32611 I art     : Explicit concurrent mark sweep GC freed 1340(78KB) AllocSpace objects, 1(20KB) LOS objects, 23% free, 52MB/68MB, paused 283us total 21.339ms
08-04 14:01:52.622 32570 32611 I art     : Starting a blocking GC Explicit
08-04 14:01:52.638 32570 32611 I art     : Explicit concurrent mark sweep GC freed 20(704B) AllocSpace objects, 0(0B) LOS objects, 23% free, 52MB/68MB, paused 220us total 14.980ms
08-04 14:01:52.644 32570 32611 I art     : Starting a blocking GC Explicit
08-04 14:01:52.658 32570 32611 I art     : Explicit concurrent mark sweep GC freed 3(96B) AllocSpace objects, 0(0B) LOS objects, 23% free, 52MB/68MB, paused 204us total 13.610ms
08-04 14:01:52.664 32570 32611 I art     : Starting a blocking GC Explicit
08-04 14:01:52.678 32570 32611 I art     : Explicit concurrent mark sweep GC freed 3(96B) AllocSpace objects, 0(0B) LOS objects, 23% free, 52MB/68MB, paused 209us total 13.469ms
08-04 14:01:52.684 32570 32611 I art     : Starting a blocking GC Explicit
08-04 14:01:52.698 32570 32611 I art     : Explicit concurrent mark sweep GC freed 3(96B) AllocSpace objects, 0(0B) LOS objects, 23% free, 52MB/68MB, paused 210us total 14.106ms
08-04 14:01:53.013 32570 32582 I art     : Starting a blocking GC Explicit
08-04 14:01:53.036 32570 32582 I art     : Explicit concurrent mark sweep GC freed 1340(78KB) AllocSpace objects, 1(20KB) LOS objects, 23% free, 52MB/68MB, paused 274us total 22.057ms
08-04 14:01:53.049 32570 32582 I art     : Starting a blocking GC Explicit
08-04 14:01:53.063 32570 32582 I art     : Explicit concurrent mark sweep GC freed 20(704B) AllocSpace objects, 0(0B) LOS objects, 23% free, 52MB/68MB, paused 228us total 14.213ms
08-04 14:01:53.070 32570 32582 I art     : Starting a blocking GC Explicit
08-04 14:01:53.085 32570 32582 I art     : Explicit concurrent mark sweep GC freed 3(96B) AllocSpace objects, 0(0B) LOS objects, 23% free, 52MB/68MB, paused 225us total 14.389ms
08-04 14:01:53.091 32570 32582 I art     : Starting a blocking GC Explicit
08-04 14:01:53.106 32570 32582 I art     : Explicit concurrent mark sweep GC freed 3(96B) AllocSpace objects, 0(0B) LOS objects, 23% free, 52MB/68MB, paused 214us total 14.186ms
08-04 14:01:53.112 32570 32582 I art     : Starting a blocking GC Explicit
08-04 14:01:53.126 32570 32582 I art     : Explicit concurrent mark sweep GC freed 3(96B) AllocSpace objects, 0(0B) LOS objects, 23% free, 52MB/68MB, paused 210us total 14.073ms
08-04 14:01:53.444 32570 32581 I art     : Starting a blocking GC Explicit
08-04 14:01:53.466 32570 32581 I art     : Explicit concurrent mark sweep GC freed 1340(78KB) AllocSpace objects, 1(20KB) LOS objects, 23% free, 52MB/68MB, paused 295us total 20.732ms
08-04 14:01:53.479 32570 32581 I art     : Starting a blocking GC Explicit
08-04 14:01:53.494 32570 32581 I art     : Explicit concurrent mark sweep GC freed 20(704B) AllocSpace objects, 0(0B) LOS objects, 23% free, 52MB/68MB, paused 262us total 14.967ms
08-04 14:01:53.501 32570 32581 I art     : Starting a blocking GC Explicit
08-04 14:01:53.515 32570 32581 I art     : Explicit concurrent mark sweep GC freed 3(96B) AllocSpace objects, 0(0B) LOS objects, 23% free, 52MB/68MB, paused 224us total 14.240ms
08-04 14:01:53.522 32570 32581 I art     : Starting a blocking GC Explicit
08-04 14:01:53.536 32570 32581 I art     : Explicit concurrent mark sweep GC freed 3(96B) AllocSpace objects, 0(0B) LOS objects, 23% free, 52MB/68MB, paused 184us total 13.582ms
08-04 14:01:53.542 32570 32581 I art     : Starting a blocking GC Explicit
08-04 14:01:53.556 32570 32581 I art     : Explicit concurrent mark sweep GC freed 3(96B) AllocSpace objects, 0(0B) LOS objects, 23% free, 52MB/68MB, paused 197us total 13.601ms
08-04 14:01:53.862 32570 32611 I art     : Starting a blocking GC Explicit
08-04 14:01:53.883 32570 32611 I art     : Explicit concurrent mark sweep GC freed 1340(78KB) AllocSpace objects, 1(20KB) LOS objects, 23% free, 52MB/68MB, paused 246us total 20.552ms
08-04 14:01:53.894 32570 32611 I art     : Starting a blocking GC Explicit
08-04 14:01:53.909 32570 32611 I art     : Explicit concurrent mark sweep GC freed 20(704B) AllocSpace objects, 0(0B) LOS objects, 23% free, 52MB/68MB, paused 218us total 14.566ms
08-04 14:01:53.915 32570 32611 I art     : Starting a blocking GC Explicit
08-04 14:01:53.928 32570 32611 I art     : Explicit concurrent mark sweep GC freed 3(96B) AllocSpace objects, 0(0B) LOS objects, 23% free, 52MB/68MB, paused 193us total 13.080ms
08-04 14:01:53.935 32570 32611 I art     : Starting a blocking GC Explicit
08-04 14:01:53.947 32570 32611 I art     : Explicit concurrent mark sweep GC freed 3(96B) AllocSpace objects, 0(0B) LOS objects, 23% free, 52MB/68MB, paused 203us total 12.253ms
08-04 14:01:53.953 32570 32611 I art     : Starting a blocking GC Explicit
08-04 14:01:53.966 32570 32611 I art     : Explicit concurrent mark sweep GC freed 3(96B) AllocSpace objects, 0(0B) LOS objects, 23% free, 52MB/68MB, paused 219us total 12.809ms
08-04 14:01:54.301 32570 32582 I art     : Starting a blocking GC Explicit
08-04 14:01:54.322 32570 32582 I art     : Explicit concurrent mark sweep GC freed 1340(78KB) AllocSpace objects, 1(20KB) LOS objects, 23% free, 52MB/68MB, paused 265us total 20.637ms
08-04 14:01:54.332 32570 32582 I art     : Starting a blocking GC Explicit
08-04 14:01:54.350 32570 32582 I art     : Explicit concurrent mark sweep GC freed 20(704B) AllocSpace objects, 0(0B) LOS objects, 23% free, 52MB/68MB, paused 222us total 17.081ms
08-04 14:01:54.356 32570 32582 I art     : Starting a blocking GC Explicit
08-04 14:01:54.371 32570 32582 I art     : Explicit concurrent mark sweep GC freed 3(96B) AllocSpace objects, 0(0B) LOS objects, 23% free, 52MB/68MB, paused 210us total 14.389ms
08-04 14:01:54.378 32570 32582 I art     : Starting a blocking GC Explicit
08-04 14:01:54.392 32570 32582 I art     : Explicit concurrent mark sweep GC freed 3(96B) AllocSpace objects, 0(0B) LOS objects, 23% free, 52MB/68MB, paused 217us total 13.916ms
08-04 14:01:54.398 32570 32582 I art     : Starting a blocking GC Explicit
08-04 14:01:54.413 32570 32582 I art     : Explicit concurrent mark sweep GC freed 3(96B) AllocSpace objects, 0(0B) LOS objects, 23% free, 52MB/68MB, paused 237us total 13.983ms
08-04 14:01:54.733 32570 32581 I art     : Starting a blocking GC Explicit
08-04 14:01:54.756 32570 32581 I art     : Explicit concurrent mark sweep GC freed 1340(78KB) AllocSpace objects, 1(20KB) LOS objects, 23% free, 52MB/68MB, paused 257us total 23.234ms
08-04 14:01:54.767 32570 32581 I art     : Starting a blocking GC Explicit
08-04 14:01:54.782 32570 32581 I art     : Explicit concurrent mark sweep GC freed 20(704B) AllocSpace objects, 0(0B) LOS objects, 23% free, 52MB/68MB, paused 202us total 14.708ms
08-04 14:01:54.788 32570 32581 I art     : Starting a blocking GC Explicit
08-04 14:01:54.802 32570 32581 I art     : Explicit concurrent mark sweep GC freed 3(96B) AllocSpace objects, 0(0B) LOS objects, 23% free, 52MB/68MB, paused 248us total 13.751ms
08-04 14:01:54.809 32570 32581 I art     : Starting a blocking GC Explicit
08-04 14:01:54.823 32570 32581 I art     : Explicit concurrent mark sweep GC freed 3(96B) AllocSpace objects, 0(0B) LOS objects, 23% free, 52MB/68MB, paused 201us total 14.107ms
08-04 14:01:54.830 32570 32581 I art     : Starting a blocking GC Explicit
08-04 14:01:54.844 32570 32581 I art     : Explicit concurrent mark sweep GC freed 3(96B) AllocSpace objects, 0(0B) LOS objects, 23% free, 52MB/68MB, paused 206us total 13.935ms
08-04 14:01:55.026 26337 26337 I ServiceManager: Waiting for service AtCmdFwd...
08-04 14:01:55.155 32570 32611 I art     : Starting a blocking GC Explicit
08-04 14:01:55.175 32570 32611 I art     : Explicit concurrent mark sweep GC freed 1340(78KB) AllocSpace objects, 1(20KB) LOS objects, 23% free, 52MB/68MB, paused 248us total 19.308ms
08-04 14:01:55.184 32570 32611 I art     : Starting a blocking GC Explicit
08-04 14:01:55.199 32570 32611 I art     : Explicit concurrent mark sweep GC freed 20(704B) AllocSpace objects, 0(0B) LOS objects, 23% free, 52MB/68MB, paused 209us total 14.498ms
08-04 14:01:55.205 32570 32611 I art     : Starting a blocking GC Explicit
08-04 14:01:55.220 32570 32611 I art     : Explicit concurrent mark sweep GC freed 3(96B) AllocSpace objects, 0(0B) LOS objects, 23% free, 52MB/68MB, paused 228us total 13.997ms
08-04 14:01:55.226 32570 32611 I art     : Starting a blocking GC Explicit
08-04 14:01:55.239 32570 32611 I art     : Explicit concurrent mark sweep GC freed 3(96B) AllocSpace objects, 0(0B) LOS objects, 23% free, 52MB/68MB, paused 197us total 13.407ms
08-04 14:01:55.246 32570 32611 I art     : Starting a blocking GC Explicit
08-04 14:01:55.260 32570 32611 I art     : Explicit concurrent mark sweep GC freed 3(96B) AllocSpace objects, 0(0B) LOS objects, 23% free, 52MB/68MB, paused 206us total 13.598ms
08-04 14:01:55.578 32570 32582 I art     : Starting a blocking GC Explicit
08-04 14:01:55.599 32570 32582 I art     : Explicit concurrent mark sweep GC freed 1340(78KB) AllocSpace objects, 1(20KB) LOS objects, 23% free, 52MB/68MB, paused 246us total 20.158ms
08-04 14:01:55.610 32570 32582 I art     : Starting a blocking GC Explicit
08-04 14:01:55.625 32570 32582 I art     : Explicit concurrent mark sweep GC freed 20(704B) AllocSpace objects, 0(0B) LOS objects, 23% free, 52MB/68MB, paused 213us total 14.506ms
08-04 14:01:55.632 32570 32582 I art     : Starting a blocking GC Explicit
08-04 14:01:55.646 32570 32582 I art     : Explicit concurrent mark sweep GC freed 3(96B) AllocSpace objects, 0(0B) LOS objects, 23% free, 52MB/68MB, paused 208us total 14.261ms
08-04 14:01:55.653 32570 32582 I art     : Starting a blocking GC Explicit
08-04 14:01:55.667 32570 32582 I art     : Explicit concurrent mark sweep GC freed 3(96B) AllocSpace objects, 0(0B) LOS objects, 23% free, 52MB/68MB, paused 242us total 14.040ms
08-04 14:01:55.673 32570 32582 I art     : Starting a blocking GC Explicit
08-04 14:01:55.688 32570 32582 I art     : Explicit concurrent mark sweep GC freed 3(96B) AllocSpace objects, 0(0B) LOS objects, 23% free, 52MB/68MB, paused 202us total 14.020ms
08-04 14:01:55.994 32570 32581 I art     : Starting a blocking GC Explicit
08-04 14:01:56.012 32570 32581 I art     : Explicit concurrent mark sweep GC freed 1340(78KB) AllocSpace objects, 1(20KB) LOS objects, 23% free, 52MB/68MB, paused 227us total 17.817ms
08-04 14:01:56.019 32570 32581 I art     : Starting a blocking GC Explicit
08-04 14:01:56.026 26337 26337 I ServiceManager: Waiting for service AtCmdFwd...
08-04 14:01:56.034 32570 32581 I art     : Explicit concurrent mark sweep GC freed 20(704B) AllocSpace objects, 0(0B) LOS objects, 23% free, 52MB/68MB, paused 211us total 14.613ms
08-04 14:01:56.040 32570 32581 I art     : Starting a blocking GC Explicit
08-04 14:01:56.054 32570 32581 I art     : Explicit concurrent mark sweep GC freed 3(96B) AllocSpace objects, 0(0B) LOS objects, 23% free, 52MB/68MB, paused 207us total 13.812ms
08-04 14:01:56.061 32570 32581 I art     : Starting a blocking GC Explicit
08-04 14:01:56.075 32570 32581 I art     : Explicit concurrent mark sweep GC freed 3(96B) AllocSpace objects, 0(0B) LOS objects, 23% free, 52MB/68MB, paused 210us total 13.974ms
08-04 14:01:56.081 32570 32581 I art     : Starting a blocking GC Explicit
08-04 14:01:56.096 32570 32581 I art     : Explicit concurrent mark sweep GC freed 3(96B) AllocSpace objects, 0(0B) LOS objects, 23% free, 52MB/68MB, paused 201us total 14.039ms
08-04 14:01:56.405 32570 32611 I art     : Starting a blocking GC Explicit
08-04 14:01:56.427 32570 32611 I art     : Explicit concurrent mark sweep GC freed 1340(78KB) AllocSpace objects, 1(20KB) LOS objects, 23% free, 52MB/68MB, paused 251us total 22.214ms
08-04 14:01:56.434 32570 32611 I art     : Starting a blocking GC Explicit
08-04 14:01:56.449 32570 32611 I art     : Explicit concurrent mark sweep GC freed 20(704B) AllocSpace objects, 0(0B) LOS objects, 23% free, 52MB/68MB, paused 213us total 14.536ms
08-04 14:01:56.456 32570 32611 I art     : Starting a blocking GC Explicit
08-04 14:01:56.470 32570 32611 I art     : Explicit concurrent mark sweep GC freed 3(96B) AllocSpace objects, 0(0B) LOS objects, 23% free, 52MB/68MB, paused 221us total 13.643ms
08-04 14:01:56.476 32570 32611 I art     : Starting a blocking GC Explicit
08-04 14:01:56.490 32570 32611 I art     : Explicit concurrent mark sweep GC freed 3(96B) AllocSpace objects, 0(0B) LOS objects, 23% free, 52MB/68MB, paused 212us total 13.525ms
08-04 14:01:56.496 32570 32611 I art     : Starting a blocking GC Explicit
08-04 14:01:56.510 32570 32611 I art     : Explicit concurrent mark sweep GC freed 3(96B) AllocSpace objects, 0(0B) LOS objects, 23% free, 52MB/68MB, paused 202us total 13.688ms
08-04 14:01:56.820 32570 32582 I art     : Starting a blocking GC Explicit
08-04 14:01:56.841 32570 32582 I art     : Explicit concurrent mark sweep GC freed 1340(78KB) AllocSpace objects, 1(20KB) LOS objects, 23% free, 52MB/68MB, paused 258us total 20.413ms
08-04 14:01:56.851 32570 32582 I art     : Starting a blocking GC Explicit
08-04 14:01:56.869 32570 32582 I art     : Explicit concurrent mark sweep GC freed 20(704B) AllocSpace objects, 0(0B) LOS objects, 23% free, 52MB/68MB, paused 240us total 17.704ms
08-04 14:01:56.879 32570 32582 I art     : Starting a blocking GC Explicit
08-04 14:01:56.895 32570 32582 I art     : Explicit concurrent mark sweep GC freed 3(96B) AllocSpace objects, 0(0B) LOS objects, 23% free, 52MB/68MB, paused 218us total 15.476ms
08-04 14:01:56.901 32570 32582 I art     : Starting a blocking GC Explicit
08-04 14:01:56.916 32570 32582 I art     : Explicit concurrent mark sweep GC freed 3(96B) AllocSpace objects, 0(0B) LOS objects, 23% free, 52MB/68MB, paused 216us total 14.455ms
08-04 14:01:56.923 32570 32582 I art     : Starting a blocking GC Explicit
08-04 14:01:56.937 32570 32582 I art     : Explicit concurrent mark sweep GC freed 3(96B) AllocSpace objects, 0(0B) LOS objects, 23% free, 52MB/68MB, paused 233us total 13.632ms
08-04 14:01:57.027 26337 26337 I ServiceManager: Waiting for service AtCmdFwd...
08-04 14:01:57.245 32570 32581 I art     : Starting a blocking GC Explicit
08-04 14:01:57.266 32570 32581 I art     : Explicit concurrent mark sweep GC freed 1340(78KB) AllocSpace objects, 1(20KB) LOS objects, 23% free, 52MB/68MB, paused 290us total 20.303ms
08-04 14:01:57.276 32570 32581 I art     : Starting a blocking GC Explicit
08-04 14:01:57.294 32570 32581 I art     : Explicit concurrent mark sweep GC freed 20(704B) AllocSpace objects, 0(0B) LOS objects, 23% free, 52MB/68MB, paused 228us total 17.853ms
08-04 14:01:57.302 32570 32581 I art     : Starting a blocking GC Explicit
08-04 14:01:57.317 32570 32581 I art     : Explicit concurrent mark sweep GC freed 3(96B) AllocSpace objects, 0(0B) LOS objects, 23% free, 52MB/68MB, paused 301us total 14.367ms
08-04 14:01:57.323 32570 32581 I art     : Starting a blocking GC Explicit
08-04 14:01:57.338 32570 32581 I art     : Explicit concurrent mark sweep GC freed 3(96B) AllocSpace objects, 0(0B) LOS objects, 23% free, 52MB/68MB, paused 206us total 14.053ms
08-04 14:01:57.344 32570 32581 I art     : Starting a blocking GC Explicit
08-04 14:01:57.358 32570 32581 I art     : Explicit concurrent mark sweep GC freed 3(96B) AllocSpace objects, 0(0B) LOS objects, 23% free, 52MB/68MB, paused 209us total 13.511ms
08-04 14:01:57.662 32570 32611 I art     : Starting a blocking GC Explicit
08-04 14:01:57.681 32570 32611 I art     : Explicit concurrent mark sweep GC freed 1340(78KB) AllocSpace objects, 1(20KB) LOS objects, 23% free, 52MB/68MB, paused 259us total 19.393ms
08-04 14:01:57.692 32570 32611 I art     : Starting a blocking GC Explicit
08-04 14:01:57.706 32570 32611 I art     : Explicit concurrent mark sweep GC freed 20(704B) AllocSpace objects, 0(0B) LOS objects, 23% free, 52MB/68MB, paused 219us total 14.501ms
08-04 14:01:57.713 32570 32611 I art     : Starting a blocking GC Explicit
08-04 14:01:57.728 32570 32611 I art     : Explicit concurrent mark sweep GC freed 3(96B) AllocSpace objects, 0(0B) LOS objects, 23% free, 52MB/68MB, paused 217us total 14.542ms
08-04 14:01:57.735 32570 32611 I art     : Starting a blocking GC Explicit
08-04 14:01:57.749 32570 32611 I art     : Explicit concurrent mark sweep GC freed 3(96B) AllocSpace objects, 0(0B) LOS objects, 23% free, 52MB/68MB, paused 205us total 13.888ms
08-04 14:01:57.755 32570 32611 I art     : Starting a blocking GC Explicit
08-04 14:01:57.769 32570 32611 I art     : Explicit concurrent mark sweep GC freed 3(96B) AllocSpace objects, 0(0B) LOS objects, 23% free, 52MB/68MB, paused 204us total 13.761ms
08-04 14:01:58.027 26337 26337 I ServiceManager: Waiting for service AtCmdFwd...
08-04 14:01:58.077 32570 32582 I art     : Starting a blocking GC Explicit
08-04 14:01:58.099 32570 32582 I art     : Explicit concurrent mark sweep GC freed 1340(78KB) AllocSpace objects, 1(20KB) LOS objects, 23% free, 52MB/68MB, paused 273us total 21.399ms
08-04 14:01:58.111 32570 32582 I art     : Starting a blocking GC Explicit
08-04 14:01:58.126 32570 32582 I art     : Explicit concurrent mark sweep GC freed 20(704B) AllocSpace objects, 0(0B) LOS objects, 23% free, 52MB/68MB, paused 229us total 14.701ms
08-04 14:01:58.133 32570 32582 I art     : Starting a blocking GC Explicit
08-04 14:01:58.147 32570 32582 I art     : Explicit concurrent mark sweep GC freed 3(96B) AllocSpace objects, 0(0B) LOS objects, 23% free, 52MB/68MB, paused 294us total 14.007ms
08-04 14:01:58.153 32570 32582 I art     : Starting a blocking GC Explicit
08-04 14:01:58.168 32570 32582 I art     : Explicit concurrent mark sweep GC freed 3(96B) AllocSpace objects, 0(0B) LOS objects, 23% free, 52MB/68MB, paused 210us total 14.133ms
08-04 14:01:58.174 32570 32582 I art     : Starting a blocking GC Explicit
08-04 14:01:58.188 32570 32582 I art     : Explicit concurrent mark sweep GC freed 3(96B) AllocSpace objects, 0(0B) LOS objects, 23% free, 52MB/68MB, paused 212us total 14.038ms
08-04 14:01:58.505 32570 32581 I art     : Starting a blocking GC Explicit
08-04 14:01:58.529 32570 32581 I art     : Explicit concurrent mark sweep GC freed 1340(78KB) AllocSpace objects, 1(20KB) LOS objects, 23% free, 52MB/68MB, paused 294us total 23.131ms
08-04 14:01:58.541 32570 32581 I art     : Starting a blocking GC Explicit
08-04 14:01:58.555 32570 32581 I art     : Explicit concurrent mark sweep GC freed 20(704B) AllocSpace objects, 0(0B) LOS objects, 23% free, 52MB/68MB, paused 216us total 14.285ms
08-04 14:01:58.562 32570 32581 I art     : Starting a blocking GC Explicit
08-04 14:01:58.576 32570 32581 I art     : Explicit concurrent mark sweep GC freed 3(96B) AllocSpace objects, 0(0B) LOS objects, 23% free, 52MB/68MB, paused 202us total 14.289ms
08-04 14:01:58.583 32570 32581 I art     : Starting a blocking GC Explicit
08-04 14:01:58.597 32570 32581 I art     : Explicit concurrent mark sweep GC freed 3(96B) AllocSpace objects, 0(0B) LOS objects, 23% free, 52MB/68MB, paused 220us total 13.968ms
08-04 14:01:58.604 32570 32581 I art     : Starting a blocking GC Explicit
08-04 14:01:58.617 32570 32581 I art     : Explicit concurrent mark sweep GC freed 3(96B) AllocSpace objects, 0(0B) LOS objects, 23% free, 52MB/68MB, paused 207us total 13.540ms
08-04 14:01:58.891 32570 32611 I art     : Starting a blocking GC Explicit
08-04 14:01:58.905 32570 32611 I art     : Explicit concurrent mark sweep GC freed 1340(78KB) AllocSpace objects, 1(20KB) LOS objects, 23% free, 52MB/68MB, paused 223us total 14.135ms
08-04 14:01:58.912 32570 32611 I art     : Starting a blocking GC Explicit
08-04 14:01:58.927 32570 32611 I art     : Explicit concurrent mark sweep GC freed 20(704B) AllocSpace objects, 0(0B) LOS objects, 23% free, 52MB/68MB, paused 261us total 14.434ms
08-04 14:01:58.933 32570 32611 I art     : Starting a blocking GC Explicit
08-04 14:01:58.946 32570 32611 I art     : Explicit concurrent mark sweep GC freed 3(96B) AllocSpace objects, 0(0B) LOS objects, 23% free, 52MB/68MB, paused 218us total 13.435ms
08-04 14:01:58.953 32570 32611 I art     : Starting a blocking GC Explicit
08-04 14:01:58.966 32570 32611 I art     : Explicit concurrent mark sweep GC freed 3(96B) AllocSpace objects, 0(0B) LOS objects, 23% free, 52MB/68MB, paused 217us total 13.212ms
08-04 14:01:58.972 32570 32611 I art     : Starting a blocking GC Explicit
08-04 14:01:58.984 32570 32611 I art     : Explicit concurrent mark sweep GC freed 3(96B) AllocSpace objects, 0(0B) LOS objects, 23% free, 52MB/68MB, paused 208us total 11.964ms
08-04 14:01:59.028 26337 26337 I ServiceManager: Waiting for service AtCmdFwd...
08-04 14:01:59.096   784   784 D AndroidRuntime: >>>>>> START com.android.internal.os.RuntimeInit uid 2000 <<<<<<
08-04 14:01:59.101   784   784 D AndroidRuntime: CheckJNI is OFF
08-04 14:01:59.133   784   784 D ICU     : No timezone override file found: /data/misc/zoneinfo/current/icu/icu_tzdata.dat
08-04 14:01:59.160   784   784 I Radio-JNI: register_android_hardware_Radio DONE
08-04 14:01:59.177   784   784 D AndroidRuntime: Calling main entry com.android.commands.input.Input
08-04 14:01:59.179   784   784 I Input   : injectMotionEvent: MotionEvent { action=ACTION_DOWN, actionButton=0, id[0]=0, x[0]=733.0, y[0]=645.0, toolType[0]=TOOL_TYPE_UNKNOWN, buttonState=0, metaState=0, flags=0x0, edgeFlags=0x0, pointerCount=1, historySize=0, eventTime=712935591, downTime=712935591, deviceId=0, source=0x1002 }
08-04 14:01:59.184   784   784 I Input   : injectMotionEvent: MotionEvent { action=ACTION_UP, actionButton=0, id[0]=0, x[0]=733.0, y[0]=645.0, toolType[0]=TOOL_TYPE_UNKNOWN, buttonState=0, metaState=0, flags=0x0, edgeFlags=0x0, pointerCount=1, historySize=0, eventTime=712935591, downTime=712935591, deviceId=0, source=0x1002 }
08-04 14:01:59.186   918  6110 I ActivityManager: START u0 {cmp=baseline.appteam.nith.hillffair/.activities.ClubActivity (has extras)} from uid 10651 on display 0
08-04 14:01:59.196   784   784 D AndroidRuntime: Shutting down VM
08-04 14:01:59.247 32570 32582 I art     : Starting a blocking GC Explicit
08-04 14:01:59.262 32570 32582 I art     : Explicit concurrent mark sweep GC freed 5014(316KB) AllocSpace objects, 1(20KB) LOS objects, 23% free, 52MB/68MB, paused 254us total 14.848ms
08-04 14:01:59.268 32570 32582 I art     : Starting a blocking GC Explicit
08-04 14:01:59.282 32570 32582 I art     : Explicit concurrent mark sweep GC freed 336(14KB) AllocSpace objects, 0(0B) LOS objects, 23% free, 52MB/68MB, paused 291us total 13.500ms
08-04 14:01:59.291 32570 32582 I art     : Starting a blocking GC Explicit
08-04 14:01:59.297   918   936 I ActivityManager: Displayed baseline.appteam.nith.hillffair/.activities.ClubActivity: +99ms
08-04 14:01:59.297 13866 13866 I GoogleInputMethodServic: GoogleInputMethodService.onFinishInput():3138 
08-04 14:01:59.298 13866 13866 I GoogleInputMethodServic: GoogleInputMethodService.onStartInput():1808 
08-04 14:01:59.304 32570 32582 I art     : Explicit concurrent mark sweep GC freed 47(1872B) AllocSpace objects, 0(0B) LOS objects, 23% free, 52MB/68MB, paused 270us total 13.156ms
08-04 14:01:59.311 32570 32582 I art     : Starting a blocking GC Explicit
08-04 14:01:59.325 32570 32582 I art     : Explicit concurrent mark sweep GC freed 28(1376B) AllocSpace objects, 0(0B) LOS objects, 23% free, 52MB/68MB, paused 277us total 13.717ms
08-04 14:01:59.333 32570 32582 I art     : Starting a blocking GC Explicit
08-04 14:01:59.347 32570 32582 I art     : Explicit concurrent mark sweep GC freed 69(4KB) AllocSpace objects, 0(0B) LOS objects, 23% free, 52MB/68MB, paused 270us total 13.305ms
08-04 14:01:59.574   380   380 W SurfaceFlinger: couldn't log to binary event log: overflow.
08-04 14:01:59.615 32570 32611 I art     : Starting a blocking GC Explicit
08-04 14:01:59.630 32570 32611 I art     : Explicit concurrent mark sweep GC freed 1344(78KB) AllocSpace objects, 1(20KB) LOS objects, 23% free, 52MB/68MB, paused 252us total 13.888ms
08-04 14:01:59.636 32570 32611 I art     : Starting a blocking GC Explicit
08-04 14:01:59.649 32570 32611 I art     : Explicit concurrent mark sweep GC freed 20(704B) AllocSpace objects, 0(0B) LOS objects, 23% free, 52MB/68MB, paused 232us total 12.985ms
08-04 14:01:59.655 32570 32611 I art     : Starting a blocking GC Explicit
08-04 14:01:59.669 32570 32611 I art     : Explicit concurrent mark sweep GC freed 3(96B) AllocSpace objects, 0(0B) LOS objects, 23% free, 52MB/68MB, paused 239us total 13.676ms
08-04 14:01:59.676 32570 32611 I art     : Starting a blocking GC Explicit
08-04 14:01:59.691 32570 32611 I art     : Explicit concurrent mark sweep GC freed 109(6KB) AllocSpace objects, 0(0B) LOS objects, 23% free, 52MB/68MB, paused 344us total 15.420ms
08-04 14:01:59.700 32570 32611 I art     : Starting a blocking GC Explicit
08-04 14:01:59.712 32570 32611 I art     : Explicit concurrent mark sweep GC freed 20(1568B) AllocSpace objects, 0(0B) LOS objects, 23% free, 52MB/68MB, paused 230us total 12.416ms
08-04 14:01:59.987 32570 32581 I art     : Starting a blocking GC Explicit
08-04 14:02:00.002 32570 32581 I art     : Explicit concurrent mark sweep GC freed 1397(80KB) AllocSpace objects, 1(20KB) LOS objects, 23% free, 52MB/68MB, paused 339us total 15.658ms
08-04 14:02:00.009 32570 32581 I art     : Starting a blocking GC Explicit
08-04 14:02:00.022 32570 32581 I art     : Explicit concurrent mark sweep GC freed 57(1920B) AllocSpace objects, 0(0B) LOS objects, 23% free, 52MB/68MB, paused 243us total 13.361ms
08-04 14:02:00.029 26337 26337 W Atfwd_Sendcmd: AtCmdFwd service not published, waiting... retryCnt : 3
08-04 14:02:00.029 32570 32581 I art     : Starting a blocking GC Explicit
08-04 14:02:00.042 32570 32581 I art     : Explicit concurrent mark sweep GC freed 294(13KB) AllocSpace objects, 0(0B) LOS objects, 23% free, 52MB/68MB, paused 390us total 12.196ms
08-04 14:02:00.047 32570 32581 I art     : Starting a blocking GC Explicit
08-04 14:02:00.061 32570 32581 I art     : Explicit concurrent mark sweep GC freed 850(63KB) AllocSpace objects, 2(120KB) LOS objects, 23% free, 52MB/68MB, paused 408us total 13.291ms
08-04 14:02:00.066 32570 32581 I art     : Starting a blocking GC Explicit
08-04 14:02:00.076 32570   817 D OkHttp  : --> GET https://api-hillfair-2k16.herokuapp.com/api/app/events/special/event?id=5806551bdcba0f490c70fd1f http/1.1
08-04 14:02:00.080 32570 32581 I art     : Explicit concurrent mark sweep GC freed 2364(172KB) AllocSpace objects, 1(80KB) LOS objects, 23% free, 52MB/68MB, paused 245us total 13.295ms
08-04 14:02:00.107 32570   817 D OkHttp  : <-- 200 OK https://api-hillfair-2k16.herokuapp.com/api/app/events/special/event?id=5806551bdcba0f490c70fd1f (30ms, 795-byte body)
08-04 14:02:00.159 32570 32570 I NAPPA_EXPERIMENTATION: MetricNetworkRequestExecutionTime: REQUEST_DURATION_SYSTEM='928',REQUEST_DURATION_OKHTTP='31',REQUEST_SYNCHRONOUS='FALSE',RESPONSE_CODE='200',RESPONSE_METHOD='GET',RESPONSE_LENGTH_OKHTTP='795',RESPONSE_LENGTH_HEADER='795',REQUEST_PROTOCOL='http/1.1',REQUEST_URL='https://api-hillfair-2k16.herokuapp.com/api/app/events/special/event?id=5806551bdcba0f490c70fd1f',
08-04 14:02:00.318 32570 32581 I art     : Starting a blocking GC Explicit
08-04 14:02:00.333 32570 32581 I art     : Explicit concurrent mark sweep GC freed 2241(206KB) AllocSpace objects, 1(20KB) LOS objects, 23% free, 52MB/68MB, paused 252us total 14.495ms
08-04 14:02:00.341 32570 32581 I art     : Starting a blocking GC Explicit
08-04 14:02:00.354 32570 32581 I art     : Explicit concurrent mark sweep GC freed 100(3KB) AllocSpace objects, 0(0B) LOS objects, 23% free, 52MB/68MB, paused 212us total 13.328ms
08-04 14:02:00.360 32570 32581 I art     : Starting a blocking GC Explicit
08-04 14:02:00.375 32570 32581 I art     : Explicit concurrent mark sweep GC freed 3(96B) AllocSpace objects, 0(0B) LOS objects, 23% free, 52MB/68MB, paused 371us total 14.563ms
08-04 14:02:00.382 32570 32581 I art     : Starting a blocking GC Explicit
08-04 14:02:00.396 32570 32581 I art     : Explicit concurrent mark sweep GC freed 3(96B) AllocSpace objects, 0(0B) LOS objects, 23% free, 52MB/68MB, paused 231us total 14.091ms
08-04 14:02:00.403 32570 32581 I art     : Starting a blocking GC Explicit
08-04 14:02:00.416 32570 32581 I art     : Explicit concurrent mark sweep GC freed 3(96B) AllocSpace objects, 0(0B) LOS objects, 23% free, 52MB/68MB, paused 219us total 13.046ms
08-04 14:02:00.696 32570 32581 I art     : Starting a blocking GC Explicit
08-04 14:02:00.715 32570 32581 I art     : Explicit concurrent mark sweep GC freed 1343(78KB) AllocSpace objects, 1(20KB) LOS objects, 23% free, 52MB/68MB, paused 251us total 18.545ms
08-04 14:02:00.725 32570 32581 I art     : Starting a blocking GC Explicit
08-04 14:02:00.740 32570 32581 I art     : Explicit concurrent mark sweep GC freed 36(1264B) AllocSpace objects, 0(0B) LOS objects, 23% free, 52MB/68MB, paused 227us total 14.930ms
08-04 14:02:00.747 32570 32581 I art     : Starting a blocking GC Explicit
08-04 14:02:00.761 32570 32581 I art     : Explicit concurrent mark sweep GC freed 3(96B) AllocSpace objects, 0(0B) LOS objects, 23% free, 52MB/68MB, paused 214us total 14.075ms
08-04 14:02:00.767 32570 32581 I art     : Starting a blocking GC Explicit
08-04 14:02:00.782 32570 32581 I art     : Explicit concurrent mark sweep GC freed 3(96B) AllocSpace objects, 0(0B) LOS objects, 23% free, 52MB/68MB, paused 220us total 14.237ms
08-04 14:02:00.788 32570 32581 I art     : Starting a blocking GC Explicit
08-04 14:02:00.802 32570 32581 I art     : Explicit concurrent mark sweep GC freed 3(96B) AllocSpace objects, 0(0B) LOS objects, 23% free, 52MB/68MB, paused 255us total 14.130ms
08-04 14:02:01.114 32570 32582 I art     : Starting a blocking GC Explicit
08-04 14:02:01.136 32570 32582 I art     : Explicit concurrent mark sweep GC freed 1341(78KB) AllocSpace objects, 1(20KB) LOS objects, 23% free, 52MB/68MB, paused 271us total 21.511ms
08-04 14:02:01.150 32570 32582 I art     : Starting a blocking GC Explicit
08-04 14:02:01.168 32570 32582 I art     : Explicit concurrent mark sweep GC freed 20(704B) AllocSpace objects, 0(0B) LOS objects, 23% free, 52MB/68MB, paused 238us total 17.714ms
08-04 14:02:01.175 32570 32582 I art     : Starting a blocking GC Explicit
08-04 14:02:01.189 32570 32582 I art     : Explicit concurrent mark sweep GC freed 3(96B) AllocSpace objects, 0(0B) LOS objects, 23% free, 52MB/68MB, paused 230us total 14.567ms
08-04 14:02:01.196 32570 32582 I art     : Starting a blocking GC Explicit
08-04 14:02:01.210 32570 32582 I art     : Explicit concurrent mark sweep GC freed 3(96B) AllocSpace objects, 0(0B) LOS objects, 23% free, 52MB/68MB, paused 226us total 14.590ms
08-04 14:02:01.217 32570 32582 I art     : Starting a blocking GC Explicit
08-04 14:02:01.232 32570 32582 I art     : Explicit concurrent mark sweep GC freed 3(96B) AllocSpace objects, 0(0B) LOS objects, 23% free, 52MB/68MB, paused 221us total 14.482ms
08-04 14:02:01.543 32570   829 I art     : Starting a blocking GC Explicit
08-04 14:02:01.565 32570   829 I art     : Explicit concurrent mark sweep GC freed 1341(78KB) AllocSpace objects, 1(20KB) LOS objects, 23% free, 52MB/68MB, paused 255us total 21.241ms
08-04 14:02:01.573 32570   829 I art     : Starting a blocking GC Explicit
08-04 14:02:01.588 32570   829 I art     : Explicit concurrent mark sweep GC freed 20(704B) AllocSpace objects, 0(0B) LOS objects, 23% free, 52MB/68MB, paused 228us total 15.342ms
08-04 14:02:01.595 32570   829 I art     : Starting a blocking GC Explicit
08-04 14:02:01.610 32570   829 I art     : Explicit concurrent mark sweep GC freed 3(96B) AllocSpace objects, 0(0B) LOS objects, 23% free, 52MB/68MB, paused 227us total 14.604ms
08-04 14:02:01.616 32570   829 I art     : Starting a blocking GC Explicit
08-04 14:02:01.631 32570   829 I art     : Explicit concurrent mark sweep GC freed 3(96B) AllocSpace objects, 0(0B) LOS objects, 23% free, 52MB/68MB, paused 225us total 14.705ms
08-04 14:02:01.638 32570   829 I art     : Starting a blocking GC Explicit
08-04 14:02:01.653 32570   829 I art     : Explicit concurrent mark sweep GC freed 3(96B) AllocSpace objects, 0(0B) LOS objects, 23% free, 52MB/68MB, paused 225us total 14.754ms
08-04 14:02:01.970 32570 32611 I art     : Starting a blocking GC Explicit
08-04 14:02:01.994 32570 32611 I art     : Explicit concurrent mark sweep GC freed 1341(78KB) AllocSpace objects, 1(20KB) LOS objects, 23% free, 52MB/68MB, paused 288us total 23.178ms
08-04 14:02:02.004 32570 32611 I art     : Starting a blocking GC Explicit
08-04 14:02:02.020 32570 32611 I art     : Explicit concurrent mark sweep GC freed 20(704B) AllocSpace objects, 0(0B) LOS objects, 23% free, 52MB/68MB, paused 238us total 15.844ms
08-04 14:02:02.027 32570 32611 I art     : Starting a blocking GC Explicit
08-04 14:02:02.043 32570 32611 I art     : Explicit concurrent mark sweep GC freed 3(96B) AllocSpace objects, 0(0B) LOS objects, 23% free, 52MB/68MB, paused 274us total 15.257ms
08-04 14:02:02.049 32570 32611 I art     : Starting a blocking GC Explicit
08-04 14:02:02.064 32570 32611 I art     : Explicit concurrent mark sweep GC freed 3(96B) AllocSpace objects, 0(0B) LOS objects, 23% free, 52MB/68MB, paused 233us total 14.646ms
08-04 14:02:02.071 32570 32611 I art     : Starting a blocking GC Explicit
08-04 14:02:02.086 32570 32611 I art     : Explicit concurrent mark sweep GC freed 3(96B) AllocSpace objects, 0(0B) LOS objects, 23% free, 52MB/68MB, paused 237us total 14.816ms
08-04 14:02:02.401 32570 32581 I art     : Starting a blocking GC Explicit
08-04 14:02:02.422 32570 32581 I art     : Explicit concurrent mark sweep GC freed 1341(78KB) AllocSpace objects, 1(20KB) LOS objects, 23% free, 52MB/68MB, paused 257us total 20.972ms
08-04 14:02:02.429 32570 32581 I art     : Starting a blocking GC Explicit
08-04 14:02:02.445 32570 32581 I art     : Explicit concurrent mark sweep GC freed 20(704B) AllocSpace objects, 0(0B) LOS objects, 23% free, 52MB/68MB, paused 270us total 15.664ms
08-04 14:02:02.452 32570 32581 I art     : Starting a blocking GC Explicit
08-04 14:02:02.467 32570 32581 I art     : Explicit concurrent mark sweep GC freed 3(96B) AllocSpace objects, 0(0B) LOS objects, 23% free, 52MB/68MB, paused 290us total 15.015ms
08-04 14:02:02.473 32570 32581 I art     : Starting a blocking GC Explicit
08-04 14:02:02.489 32570 32581 I art     : Explicit concurrent mark sweep GC freed 3(96B) AllocSpace objects, 0(0B) LOS objects, 23% free, 52MB/68MB, paused 226us total 15.012ms
08-04 14:02:02.495 32570 32581 I art     : Starting a blocking GC Explicit
08-04 14:02:02.510 32570 32581 I art     : Explicit concurrent mark sweep GC freed 3(96B) AllocSpace objects, 0(0B) LOS objects, 23% free, 52MB/68MB, paused 237us total 15.112ms
08-04 14:02:02.813 32570 32582 I art     : Starting a blocking GC Explicit
08-04 14:02:02.830 32570 32582 I art     : Explicit concurrent mark sweep GC freed 1341(78KB) AllocSpace objects, 1(20KB) LOS objects, 23% free, 52MB/68MB, paused 246us total 17.106ms
08-04 14:02:02.837 32570 32582 I art     : Starting a blocking GC Explicit
08-04 14:02:02.853 32570 32582 I art     : Explicit concurrent mark sweep GC freed 20(704B) AllocSpace objects, 0(0B) LOS objects, 23% free, 52MB/68MB, paused 231us total 15.452ms
08-04 14:02:02.860 32570 32582 I art     : Starting a blocking GC Explicit
08-04 14:02:02.875 32570 32582 I art     : Explicit concurrent mark sweep GC freed 3(96B) AllocSpace objects, 0(0B) LOS objects, 23% free, 52MB/68MB, paused 227us total 14.926ms
08-04 14:02:02.882 32570 32582 I art     : Starting a blocking GC Explicit
08-04 14:02:02.896 32570 32582 I art     : Explicit concurrent mark sweep GC freed 3(96B) AllocSpace objects, 0(0B) LOS objects, 23% free, 52MB/68MB, paused 220us total 14.552ms
08-04 14:02:02.903 32570 32582 I art     : Starting a blocking GC Explicit
08-04 14:02:02.917 32570 32582 I art     : Explicit concurrent mark sweep GC freed 3(96B) AllocSpace objects, 0(0B) LOS objects, 23% free, 52MB/68MB, paused 237us total 14.109ms
08-04 14:02:03.157   918  3261 D WifiStateMachine: starting scan for "H369AA63323"WPA_PSK with 2412,5180
08-04 14:02:03.236 32570   829 I art     : Starting a blocking GC Explicit
08-04 14:02:03.258 32570   829 I art     : Explicit concurrent mark sweep GC freed 1341(78KB) AllocSpace objects, 1(20KB) LOS objects, 23% free, 52MB/68MB, paused 281us total 21.522ms
08-04 14:02:03.267 32570   829 I art     : Starting a blocking GC Explicit
08-04 14:02:03.282 32570   829 I art     : Explicit concurrent mark sweep GC freed 20(704B) AllocSpace objects, 0(0B) LOS objects, 23% free, 52MB/68MB, paused 231us total 15.455ms
08-04 14:02:03.290 32570   829 I art     : Starting a blocking GC Explicit
08-04 14:02:03.304 32570   829 I art     : Explicit concurrent mark sweep GC freed 3(96B) AllocSpace objects, 0(0B) LOS objects, 23% free, 52MB/68MB, paused 223us total 14.340ms
08-04 14:02:03.311 32570   829 I art     : Starting a blocking GC Explicit
08-04 14:02:03.326 32570   829 I art     : Explicit concurrent mark sweep GC freed 3(96B) AllocSpace objects, 0(0B) LOS objects, 23% free, 52MB/68MB, paused 225us total 14.675ms
08-04 14:02:03.332 32570   829 I art     : Starting a blocking GC Explicit
08-04 14:02:03.347 32570   829 I art     : Explicit concurrent mark sweep GC freed 3(96B) AllocSpace objects, 0(0B) LOS objects, 23% free, 52MB/68MB, paused 270us total 14.495ms
08-04 14:02:03.666 32570 32611 I art     : Starting a blocking GC Explicit
08-04 14:02:03.688 32570 32611 I art     : Explicit concurrent mark sweep GC freed 1341(78KB) AllocSpace objects, 1(20KB) LOS objects, 23% free, 52MB/68MB, paused 287us total 21.622ms
08-04 14:02:03.699 32570 32611 I art     : Starting a blocking GC Explicit
08-04 14:02:03.717 32570 32611 I art     : Explicit concurrent mark sweep GC freed 20(704B) AllocSpace objects, 0(0B) LOS objects, 23% free, 52MB/68MB, paused 305us total 17.863ms
08-04 14:02:03.723 32570 32611 I art     : Starting a blocking GC Explicit
08-04 14:02:03.739 32570 32611 I art     : Explicit concurrent mark sweep GC freed 3(96B) AllocSpace objects, 0(0B) LOS objects, 23% free, 52MB/68MB, paused 267us total 15.436ms
08-04 14:02:03.746 32570 32611 I art     : Starting a blocking GC Explicit
08-04 14:02:03.762 32570 32611 I art     : Explicit concurrent mark sweep GC freed 3(96B) AllocSpace objects, 0(0B) LOS objects, 23% free, 52MB/68MB, paused 247us total 15.467ms
08-04 14:02:03.768 32570 32611 I art     : Starting a blocking GC Explicit
08-04 14:02:03.783 32570 32611 I art     : Explicit concurrent mark sweep GC freed 3(96B) AllocSpace objects, 0(0B) LOS objects, 23% free, 52MB/68MB, paused 235us total 14.667ms
08-04 14:02:04.083 32570 32581 I art     : Starting a blocking GC Explicit
08-04 14:02:04.105 32570 32581 I art     : Explicit concurrent mark sweep GC freed 1341(78KB) AllocSpace objects, 1(20KB) LOS objects, 23% free, 52MB/68MB, paused 285us total 21.479ms
08-04 14:02:04.116 32570 32581 I art     : Starting a blocking GC Explicit
08-04 14:02:04.135 32570 32581 I art     : Explicit concurrent mark sweep GC freed 20(704B) AllocSpace objects, 0(0B) LOS objects, 23% free, 52MB/68MB, paused 251us total 18.930ms
08-04 14:02:04.144 32570 32581 I art     : Starting a blocking GC Explicit
08-04 14:02:04.160 32570 32581 I art     : Explicit concurrent mark sweep GC freed 3(96B) AllocSpace objects, 0(0B) LOS objects, 23% free, 52MB/68MB, paused 226us total 15.492ms
08-04 14:02:04.166 32570 32581 I art     : Starting a blocking GC Explicit
08-04 14:02:04.182 32570 32581 I art     : Explicit concurrent mark sweep GC freed 3(96B) AllocSpace objects, 0(0B) LOS objects, 23% free, 52MB/68MB, paused 228us total 15.248ms
08-04 14:02:04.189 32570 32581 I art     : Starting a blocking GC Explicit
08-04 14:02:04.203 32570 32581 I art     : Explicit concurrent mark sweep GC freed 3(96B) AllocSpace objects, 0(0B) LOS objects, 23% free, 52MB/68MB, paused 226us total 14.589ms
08-04 14:02:04.523 32570 32582 I art     : Starting a blocking GC Explicit
08-04 14:02:04.549 32570 32582 I art     : Explicit concurrent mark sweep GC freed 1549(91KB) AllocSpace objects, 1(20KB) LOS objects, 23% free, 52MB/68MB, paused 397us total 25.428ms
08-04 14:02:04.559 32570 32582 I art     : Starting a blocking GC Explicit
08-04 14:02:04.574 32570 32582 I art     : Explicit concurrent mark sweep GC freed 105(4KB) AllocSpace objects, 0(0B) LOS objects, 23% free, 52MB/68MB, paused 256us total 14.811ms
08-04 14:02:04.580 32570 32582 I art     : Starting a blocking GC Explicit
08-04 14:02:04.595 32570 32582 I art     : Explicit concurrent mark sweep GC freed 3(96B) AllocSpace objects, 0(0B) LOS objects, 23% free, 52MB/68MB, paused 253us total 14.720ms
08-04 14:02:04.602 32570 32582 I art     : Starting a blocking GC Explicit
08-04 14:02:04.617 32570 32582 I art     : Explicit concurrent mark sweep GC freed 3(96B) AllocSpace objects, 0(0B) LOS objects, 23% free, 52MB/68MB, paused 252us total 14.847ms
08-04 14:02:04.623 32570 32582 I art     : Starting a blocking GC Explicit
08-04 14:02:04.638 32570 32582 I art     : Explicit concurrent mark sweep GC freed 420(18KB) AllocSpace objects, 0(0B) LOS objects, 23% free, 52MB/68MB, paused 275us total 14.429ms
08-04 14:02:04.693 32570   998 W OneSignal: OneSignalRestClient: POST Error thrown from network stack. 
08-04 14:02:04.693 32570   998 W OneSignal: java.io.IOException: unexpected end of stream on Connection{api.onesignal.com:443, proxy=HTTP@192.168.2.12:8080 hostAddress=192.168.2.12 cipherSuite=TLS_ECDHE_RSA_WITH_AES_128_GCM_SHA256 protocol=http/1.1} (recycle count=0)
08-04 14:02:04.693 32570   998 W OneSignal: 	at com.android.okhttp.internal.http.HttpConnection.readResponse(HttpConnection.java:210)
08-04 14:02:04.693 32570   998 W OneSignal: 	at com.android.okhttp.internal.http.HttpTransport.readResponseHeaders(HttpTransport.java:80)
08-04 14:02:04.693 32570   998 W OneSignal: 	at com.android.okhttp.internal.http.HttpEngine.readNetworkResponse(HttpEngine.java:904)
08-04 14:02:04.693 32570   998 W OneSignal: 	at com.android.okhttp.internal.http.HttpEngine.readResponse(HttpEngine.java:788)
08-04 14:02:04.693 32570   998 W OneSignal: 	at com.android.okhttp.internal.huc.HttpURLConnectionImpl.execute(HttpURLConnectionImpl.java:439)
08-04 14:02:04.693 32570   998 W OneSignal: 	at com.android.okhttp.internal.huc.HttpURLConnectionImpl.getResponse(HttpURLConnectionImpl.java:384)
08-04 14:02:04.693 32570   998 W OneSignal: 	at com.android.okhttp.internal.huc.HttpURLConnectionImpl.getResponseCode(HttpURLConnectionImpl.java:497)
08-04 14:02:04.693 32570   998 W OneSignal: 	at com.android.okhttp.internal.huc.DelegatingHttpsURLConnection.getResponseCode(DelegatingHttpsURLConnection.java:105)
08-04 14:02:04.693 32570   998 W OneSignal: 	at com.android.okhttp.internal.huc.HttpsURLConnectionImpl.getResponseCode(HttpsURLConnectionImpl.java)
08-04 14:02:04.693 32570   998 W OneSignal: 	at com.onesignal.OneSignalRestClient.startHTTPConnection(OneSignalRestClient.java:180)
08-04 14:02:04.693 32570   998 W OneSignal: 	at com.onesignal.OneSignalRestClient.access$100(OneSignalRestClient.java:44)
08-04 14:02:04.693 32570   998 W OneSignal: 	at com.onesignal.OneSignalRestClient$4.run(OneSignalRestClient.java:110)
08-04 14:02:04.693 32570   998 W OneSignal: 	at java.lang.Thread.run(Thread.java:818)
08-04 14:02:04.693 32570   998 W OneSignal: Caused by: java.io.EOFException: \n not found: size=0 content=...
08-04 14:02:04.693 32570   998 W OneSignal: 	at com.android.okhttp.okio.RealBufferedSource.readUtf8LineStrict(RealBufferedSource.java:200)
08-04 14:02:04.693 32570   998 W OneSignal: 	at com.android.okhttp.internal.http.HttpConnection.readResponse(HttpConnection.java:191)
08-04 14:02:04.693 32570   998 W OneSignal: 	... 12 more
08-04 14:02:04.694 32570  1001 W OneSignal: Failed last request. statusCode: -1
08-04 14:02:04.694 32570  1001 W OneSignal: response: null
08-04 14:02:04.956 32570   829 I art     : Starting a blocking GC Explicit
08-04 14:02:04.980 32570   829 I art     : Explicit concurrent mark sweep GC freed 3220(208KB) AllocSpace objects, 1(20KB) LOS objects, 23% free, 52MB/68MB, paused 271us total 23.791ms
08-04 14:02:04.991 32570   829 I art     : Starting a blocking GC Explicit
08-04 14:02:05.008 32570   829 I art     : Explicit concurrent mark sweep GC freed 55(2048B) AllocSpace objects, 0(0B) LOS objects, 23% free, 52MB/68MB, paused 232us total 16.261ms
08-04 14:02:05.015 32570   829 I art     : Starting a blocking GC Explicit
08-04 14:02:05.030 32570   829 I art     : Explicit concurrent mark sweep GC freed 3(96B) AllocSpace objects, 0(0B) LOS objects, 23% free, 52MB/68MB, paused 227us total 14.844ms
08-04 14:02:05.036 32570   829 I art     : Starting a blocking GC Explicit
08-04 14:02:05.051 32570   829 I art     : Explicit concurrent mark sweep GC freed 3(96B) AllocSpace objects, 0(0B) LOS objects, 23% free, 52MB/68MB, paused 228us total 14.995ms
08-04 14:02:05.058 32570   829 I art     : Starting a blocking GC Explicit
08-04 14:02:05.073 32570   829 I art     : Explicit concurrent mark sweep GC freed 3(96B) AllocSpace objects, 0(0B) LOS objects, 23% free, 52MB/68MB, paused 228us total 15.142ms
08-04 14:02:05.375 32570 32611 I art     : Starting a blocking GC Explicit
08-04 14:02:05.393 32570 32611 I art     : Explicit concurrent mark sweep GC freed 1341(78KB) AllocSpace objects, 1(20KB) LOS objects, 23% free, 52MB/68MB, paused 261us total 17.809ms
08-04 14:02:05.400 32570 32611 I art     : Starting a blocking GC Explicit
08-04 14:02:05.416 32570 32611 I art     : Explicit concurrent mark sweep GC freed 20(704B) AllocSpace objects, 0(0B) LOS objects, 23% free, 52MB/68MB, paused 234us total 15.789ms
08-04 14:02:05.423 32570 32611 I art     : Starting a blocking GC Explicit
08-04 14:02:05.438 32570 32611 I art     : Explicit concurrent mark sweep GC freed 3(96B) AllocSpace objects, 0(0B) LOS objects, 23% free, 52MB/68MB, paused 224us total 14.810ms
08-04 14:02:05.445 32570 32611 I art     : Starting a blocking GC Explicit
08-04 14:02:05.460 32570 32611 I art     : Explicit concurrent mark sweep GC freed 3(96B) AllocSpace objects, 0(0B) LOS objects, 23% free, 52MB/68MB, paused 220us total 15.201ms
08-04 14:02:05.467 32570 32611 I art     : Starting a blocking GC Explicit
08-04 14:02:05.481 32570 32611 I art     : Explicit concurrent mark sweep GC freed 3(96B) AllocSpace objects, 0(0B) LOS objects, 23% free, 52MB/68MB, paused 220us total 14.512ms
08-04 14:02:05.794 32570 32581 I art     : Starting a blocking GC Explicit
08-04 14:02:05.816 32570 32581 I art     : Explicit concurrent mark sweep GC freed 1341(78KB) AllocSpace objects, 1(20KB) LOS objects, 23% free, 52MB/68MB, paused 265us total 21.675ms
08-04 14:02:05.826 32570 32581 I art     : Starting a blocking GC Explicit
08-04 14:02:05.841 32570 32581 I art     : Explicit concurrent mark sweep GC freed 20(704B) AllocSpace objects, 0(0B) LOS objects, 23% free, 52MB/68MB, paused 227us total 14.904ms
08-04 14:02:05.848 32570 32581 I art     : Starting a blocking GC Explicit
08-04 14:02:05.863 32570 32581 I art     : Explicit concurrent mark sweep GC freed 3(96B) AllocSpace objects, 0(0B) LOS objects, 23% free, 52MB/68MB, paused 257us total 14.928ms
08-04 14:02:05.870 32570 32581 I art     : Starting a blocking GC Explicit
08-04 14:02:05.885 32570 32581 I art     : Explicit concurrent mark sweep GC freed 3(96B) AllocSpace objects, 0(0B) LOS objects, 23% free, 52MB/68MB, paused 227us total 15.123ms
08-04 14:02:05.892 32570 32581 I art     : Starting a blocking GC Explicit
08-04 14:02:05.907 32570 32581 I art     : Explicit concurrent mark sweep GC freed 3(96B) AllocSpace objects, 0(0B) LOS objects, 23% free, 52MB/68MB, paused 246us total 15.073ms
08-04 14:02:06.232 32570 32582 I art     : Starting a blocking GC Explicit
08-04 14:02:06.252 32570 32582 I art     : Explicit concurrent mark sweep GC freed 1341(78KB) AllocSpace objects, 1(20KB) LOS objects, 23% free, 52MB/68MB, paused 243us total 20.037ms
08-04 14:02:06.259 32570 32582 I art     : Starting a blocking GC Explicit
08-04 14:02:06.275 32570 32582 I art     : Explicit concurrent mark sweep GC freed 20(704B) AllocSpace objects, 0(0B) LOS objects, 23% free, 52MB/68MB, paused 230us total 15.636ms
08-04 14:02:06.282 32570 32582 I art     : Starting a blocking GC Explicit
08-04 14:02:06.297 32570 32582 I art     : Explicit concurrent mark sweep GC freed 3(96B) AllocSpace objects, 0(0B) LOS objects, 23% free, 52MB/68MB, paused 225us total 14.618ms
08-04 14:02:06.304 32570 32582 I art     : Starting a blocking GC Explicit
08-04 14:02:06.318 32570 32582 I art     : Explicit concurrent mark sweep GC freed 3(96B) AllocSpace objects, 0(0B) LOS objects, 23% free, 52MB/68MB, paused 223us total 14.568ms
08-04 14:02:06.325 32570 32582 I art     : Starting a blocking GC Explicit
08-04 14:02:06.340 32570 32582 I art     : Explicit concurrent mark sweep GC freed 3(96B) AllocSpace objects, 0(0B) LOS objects, 23% free, 52MB/68MB, paused 227us total 14.901ms
08-04 14:02:06.387   918 13198 D NetlinkSocketObserver: NeighborEvent{elapsedMs=1696330262, 192.168.2.254, [7C3953A63323], RTM_NEWNEIGH, NUD_STALE}
08-04 14:02:06.633 32570   829 I art     : Starting a blocking GC Explicit
08-04 14:02:06.655 32570   829 I art     : Explicit concurrent mark sweep GC freed 1341(78KB) AllocSpace objects, 1(20KB) LOS objects, 23% free, 52MB/68MB, paused 272us total 21.015ms
08-04 14:02:06.665 32570   829 I art     : Starting a blocking GC Explicit
08-04 14:02:06.681 32570   829 I art     : Explicit concurrent mark sweep GC freed 20(704B) AllocSpace objects, 0(0B) LOS objects, 23% free, 52MB/68MB, paused 231us total 15.450ms
08-04 14:02:06.687 32570   829 I art     : Starting a blocking GC Explicit
08-04 14:02:06.703 32570   829 I art     : Explicit concurrent mark sweep GC freed 3(96B) AllocSpace objects, 0(0B) LOS objects, 23% free, 52MB/68MB, paused 233us total 14.989ms
08-04 14:02:06.709 32570   829 I art     : Starting a blocking GC Explicit
08-04 14:02:06.725 32570   829 I art     : Explicit concurrent mark sweep GC freed 3(96B) AllocSpace objects, 0(0B) LOS objects, 23% free, 52MB/68MB, paused 235us total 15.004ms
08-04 14:02:06.731 32570   829 I art     : Starting a blocking GC Explicit
08-04 14:02:06.747 32570   829 I art     : Explicit concurrent mark sweep GC freed 3(96B) AllocSpace objects, 0(0B) LOS objects, 23% free, 52MB/68MB, paused 211us total 15.361ms
08-04 14:02:07.081 32570 32611 I art     : Starting a blocking GC Explicit
08-04 14:02:07.108 32570 32611 I art     : Explicit concurrent mark sweep GC freed 1341(78KB) AllocSpace objects, 1(20KB) LOS objects, 23% free, 52MB/68MB, paused 316us total 26.508ms
08-04 14:02:07.120 32570 32611 I art     : Starting a blocking GC Explicit
08-04 14:02:07.137 32570 32611 I art     : Explicit concurrent mark sweep GC freed 20(704B) AllocSpace objects, 0(0B) LOS objects, 23% free, 52MB/68MB, paused 312us total 16.453ms
08-04 14:02:07.143 32570 32611 I art     : Starting a blocking GC Explicit
08-04 14:02:07.158 32570 32611 I art     : Explicit concurrent mark sweep GC freed 3(96B) AllocSpace objects, 0(0B) LOS objects, 23% free, 52MB/68MB, paused 231us total 14.405ms
08-04 14:02:07.164 32570 32611 I art     : Starting a blocking GC Explicit
08-04 14:02:07.179 32570 32611 I art     : Explicit concurrent mark sweep GC freed 3(96B) AllocSpace objects, 0(0B) LOS objects, 23% free, 52MB/68MB, paused 231us total 14.753ms
08-04 14:02:07.185 32570 32611 I art     : Starting a blocking GC Explicit
08-04 14:02:07.200 32570 32611 I art     : Explicit concurrent mark sweep GC freed 3(96B) AllocSpace objects, 0(0B) LOS objects, 23% free, 52MB/68MB, paused 226us total 14.608ms
08-04 14:02:07.519 32570 32581 I art     : Starting a blocking GC Explicit
08-04 14:02:07.541 32570 32581 I art     : Explicit concurrent mark sweep GC freed 1341(78KB) AllocSpace objects, 1(20KB) LOS objects, 23% free, 52MB/68MB, paused 264us total 21.489ms
08-04 14:02:07.551 32570 32581 I art     : Starting a blocking GC Explicit
08-04 14:02:07.569 32570 32581 I art     : Explicit concurrent mark sweep GC freed 20(704B) AllocSpace objects, 0(0B) LOS objects, 23% free, 52MB/68MB, paused 254us total 17.199ms
08-04 14:02:07.576 32570 32581 I art     : Starting a blocking GC Explicit
08-04 14:02:07.591 32570 32581 I art     : Explicit concurrent mark sweep GC freed 3(96B) AllocSpace objects, 0(0B) LOS objects, 23% free, 52MB/68MB, paused 222us total 15.441ms
08-04 14:02:07.598 32570 32581 I art     : Starting a blocking GC Explicit
08-04 14:02:07.613 32570 32581 I art     : Explicit concurrent mark sweep GC freed 3(96B) AllocSpace objects, 0(0B) LOS objects, 23% free, 52MB/68MB, paused 235us total 14.979ms
08-04 14:02:07.620 32570 32581 I art     : Starting a blocking GC Explicit
08-04 14:02:07.635 32570 32581 I art     : Explicit concurrent mark sweep GC freed 3(96B) AllocSpace objects, 0(0B) LOS objects, 23% free, 52MB/68MB, paused 231us total 15.138ms
08-04 14:02:07.948 32570 32582 I art     : Starting a blocking GC Explicit
08-04 14:02:07.972 32570 32582 I art     : Explicit concurrent mark sweep GC freed 1341(78KB) AllocSpace objects, 1(20KB) LOS objects, 23% free, 52MB/68MB, paused 273us total 23.735ms
08-04 14:02:07.982 32570 32582 I art     : Starting a blocking GC Explicit
08-04 14:02:08.001 32570 32582 I art     : Explicit concurrent mark sweep GC freed 20(704B) AllocSpace objects, 0(0B) LOS objects, 23% free, 52MB/68MB, paused 233us total 18.016ms
08-04 14:02:08.008 32570 32582 I art     : Starting a blocking GC Explicit
08-04 14:02:08.023 32570 32582 I art     : Explicit concurrent mark sweep GC freed 3(96B) AllocSpace objects, 0(0B) LOS objects, 23% free, 52MB/68MB, paused 233us total 15.313ms
08-04 14:02:08.030 32570 32582 I art     : Starting a blocking GC Explicit
08-04 14:02:08.045 32570 32582 I art     : Explicit concurrent mark sweep GC freed 3(96B) AllocSpace objects, 0(0B) LOS objects, 23% free, 52MB/68MB, paused 224us total 14.609ms
08-04 14:02:08.051 32570 32582 I art     : Starting a blocking GC Explicit
08-04 14:02:08.066 32570 32582 I art     : Explicit concurrent mark sweep GC freed 3(96B) AllocSpace objects, 0(0B) LOS objects, 23% free, 52MB/68MB, paused 241us total 14.494ms
08-04 14:02:08.372 32570   829 I art     : Starting a blocking GC Explicit
08-04 14:02:08.390 32570   829 I art     : Explicit concurrent mark sweep GC freed 1341(78KB) AllocSpace objects, 1(20KB) LOS objects, 23% free, 52MB/68MB, paused 275us total 17.963ms
08-04 14:02:08.401 32570   829 I art     : Starting a blocking GC Explicit
08-04 14:02:08.416 32570   829 I art     : Explicit concurrent mark sweep GC freed 20(704B) AllocSpace objects, 0(0B) LOS objects, 23% free, 52MB/68MB, paused 228us total 15.123ms
08-04 14:02:08.423 32570   829 I art     : Starting a blocking GC Explicit
08-04 14:02:08.437 32570   829 I art     : Explicit concurrent mark sweep GC freed 3(96B) AllocSpace objects, 0(0B) LOS objects, 23% free, 52MB/68MB, paused 224us total 14.633ms
08-04 14:02:08.444 32570   829 I art     : Starting a blocking GC Explicit
08-04 14:02:08.459 32570   829 I art     : Explicit concurrent mark sweep GC freed 3(96B) AllocSpace objects, 0(0B) LOS objects, 23% free, 52MB/68MB, paused 224us total 14.682ms
08-04 14:02:08.465 32570   829 I art     : Starting a blocking GC Explicit
08-04 14:02:08.480 32570   829 I art     : Explicit concurrent mark sweep GC freed 3(96B) AllocSpace objects, 0(0B) LOS objects, 23% free, 52MB/68MB, paused 223us total 14.433ms
08-04 14:02:08.734 32570 32611 I art     : Starting a blocking GC Explicit
08-04 14:02:08.753 32570 32611 I art     : Explicit concurrent mark sweep GC freed 1341(78KB) AllocSpace objects, 1(20KB) LOS objects, 23% free, 52MB/68MB, paused 317us total 18.305ms
08-04 14:02:08.764 32570 32611 I art     : Starting a blocking GC Explicit
08-04 14:02:08.779 32570 32611 I art     : Explicit concurrent mark sweep GC freed 20(704B) AllocSpace objects, 0(0B) LOS objects, 23% free, 52MB/68MB, paused 225us total 14.558ms
08-04 14:02:08.785 32570 32611 I art     : Starting a blocking GC Explicit
08-04 14:02:08.800 32570 32611 I art     : Explicit concurrent mark sweep GC freed 3(96B) AllocSpace objects, 0(0B) LOS objects, 23% free, 52MB/68MB, paused 234us total 14.718ms
08-04 14:02:08.807 32570 32611 I art     : Starting a blocking GC Explicit
08-04 14:02:08.822 32570 32611 I art     : Explicit concurrent mark sweep GC freed 3(96B) AllocSpace objects, 0(0B) LOS objects, 23% free, 52MB/68MB, paused 229us total 14.677ms
08-04 14:02:08.828 32570 32611 I art     : Starting a blocking GC Explicit
08-04 14:02:08.843 32570 32611 I art     : Explicit concurrent mark sweep GC freed 3(96B) AllocSpace objects, 0(0B) LOS objects, 23% free, 52MB/68MB, paused 234us total 14.755ms
08-04 14:02:09.120 32570 32581 I art     : Starting a blocking GC Explicit
08-04 14:02:09.137 32570 32581 I art     : Explicit concurrent mark sweep GC freed 1341(78KB) AllocSpace objects, 1(20KB) LOS objects, 23% free, 52MB/68MB, paused 237us total 16.180ms
08-04 14:02:09.147 32570 32581 I art     : Starting a blocking GC Explicit
08-04 14:02:09.166 32570 32581 I art     : Explicit concurrent mark sweep GC freed 20(704B) AllocSpace objects, 0(0B) LOS objects, 23% free, 52MB/68MB, paused 251us total 18.892ms
08-04 14:02:09.174 32570 32581 I art     : Starting a blocking GC Explicit
08-04 14:02:09.190 32570 32581 I art     : Explicit concurrent mark sweep GC freed 3(96B) AllocSpace objects, 0(0B) LOS objects, 23% free, 52MB/68MB, paused 234us total 15.221ms
08-04 14:02:09.197 32570 32581 I art     : Starting a blocking GC Explicit
08-04 14:02:09.212 32570 32581 I art     : Explicit concurrent mark sweep GC freed 3(96B) AllocSpace objects, 0(0B) LOS objects, 23% free, 52MB/68MB, paused 223us total 15.358ms
08-04 14:02:09.219 32570 32581 I art     : Starting a blocking GC Explicit
08-04 14:02:09.233 32570 32581 I art     : Explicit concurrent mark sweep GC freed 3(96B) AllocSpace objects, 0(0B) LOS objects, 23% free, 52MB/68MB, paused 225us total 14.297ms
08-04 14:02:09.513 32570 32582 I art     : Starting a blocking GC Explicit
08-04 14:02:09.530 32570 32582 I art     : Explicit concurrent mark sweep GC freed 1341(78KB) AllocSpace objects, 1(20KB) LOS objects, 23% free, 52MB/68MB, paused 229us total 16.038ms
08-04 14:02:09.536 32570 32582 I art     : Starting a blocking GC Explicit
08-04 14:02:09.552 32570 32582 I art     : Explicit concurrent mark sweep GC freed 20(704B) AllocSpace objects, 0(0B) LOS objects, 23% free, 52MB/68MB, paused 239us total 15.301ms
08-04 14:02:09.559 32570 32582 I art     : Starting a blocking GC Explicit
08-04 14:02:09.574 32570 32582 I art     : Explicit concurrent mark sweep GC freed 3(96B) AllocSpace objects, 0(0B) LOS objects, 23% free, 52MB/68MB, paused 232us total 15.422ms
08-04 14:02:09.581 32570 32582 I art     : Starting a blocking GC Explicit
08-04 14:02:09.596 32570 32582 I art     : Explicit concurrent mark sweep GC freed 3(96B) AllocSpace objects, 0(0B) LOS objects, 23% free, 52MB/68MB, paused 232us total 14.968ms
08-04 14:02:09.603 32570 32582 I art     : Starting a blocking GC Explicit
08-04 14:02:09.618 32570 32582 I art     : Explicit concurrent mark sweep GC freed 3(96B) AllocSpace objects, 0(0B) LOS objects, 23% free, 52MB/68MB, paused 224us total 14.923ms
08-04 14:02:09.938 32570   829 I art     : Starting a blocking GC Explicit
08-04 14:02:09.962 32570   829 I art     : Explicit concurrent mark sweep GC freed 1341(78KB) AllocSpace objects, 1(20KB) LOS objects, 23% free, 52MB/68MB, paused 283us total 24.028ms
08-04 14:02:09.975 32570   829 I art     : Starting a blocking GC Explicit
08-04 14:02:09.990 32570   829 I art     : Explicit concurrent mark sweep GC freed 20(704B) AllocSpace objects, 0(0B) LOS objects, 23% free, 52MB/68MB, paused 223us total 15.086ms
08-04 14:02:09.996 32570   829 I art     : Starting a blocking GC Explicit
08-04 14:02:10.012 32570   829 I art     : Explicit concurrent mark sweep GC freed 3(96B) AllocSpace objects, 0(0B) LOS objects, 23% free, 52MB/68MB, paused 227us total 15.093ms
08-04 14:02:10.018 32570   829 I art     : Starting a blocking GC Explicit
08-04 14:02:10.033 32570   829 I art     : Explicit concurrent mark sweep GC freed 3(96B) AllocSpace objects, 0(0B) LOS objects, 23% free, 52MB/68MB, paused 221us total 14.907ms
08-04 14:02:10.040 32570   829 I art     : Starting a blocking GC Explicit
08-04 14:02:10.055 32570   829 I art     : Explicit concurrent mark sweep GC freed 3(96B) AllocSpace objects, 0(0B) LOS objects, 23% free, 52MB/68MB, paused 229us total 15.036ms
08-04 14:02:10.389 32570 32611 I art     : Starting a blocking GC Explicit
08-04 14:02:10.414 32570 32611 I art     : Explicit concurrent mark sweep GC freed 1341(78KB) AllocSpace objects, 1(20KB) LOS objects, 23% free, 52MB/68MB, paused 459us total 24.854ms
08-04 14:02:10.427 32570 32611 I art     : Starting a blocking GC Explicit
08-04 14:02:10.443 32570 32611 I art     : Explicit concurrent mark sweep GC freed 20(704B) AllocSpace objects, 0(0B) LOS objects, 23% free, 52MB/68MB, paused 239us total 16.172ms
08-04 14:02:10.450 32570 32611 I art     : Starting a blocking GC Explicit
08-04 14:02:10.465 32570 32611 I art     : Explicit concurrent mark sweep GC freed 3(96B) AllocSpace objects, 0(0B) LOS objects, 23% free, 52MB/68MB, paused 234us total 14.971ms
08-04 14:02:10.472 32570 32611 I art     : Starting a blocking GC Explicit
08-04 14:02:10.487 32570 32611 I art     : Explicit concurrent mark sweep GC freed 3(96B) AllocSpace objects, 0(0B) LOS objects, 23% free, 52MB/68MB, paused 284us total 14.924ms
08-04 14:02:10.493 32570 32611 I art     : Starting a blocking GC Explicit
08-04 14:02:10.508 32570 32611 I art     : Explicit concurrent mark sweep GC freed 3(96B) AllocSpace objects, 0(0B) LOS objects, 23% free, 52MB/68MB, paused 233us total 14.470ms
08-04 14:02:10.809 32570 32581 I art     : Starting a blocking GC Explicit
08-04 14:02:10.830 32570 32581 I art     : Explicit concurrent mark sweep GC freed 1341(78KB) AllocSpace objects, 1(20KB) LOS objects, 23% free, 52MB/68MB, paused 271us total 21.194ms
08-04 14:02:10.842 32570 32581 I art     : Starting a blocking GC Explicit
08-04 14:02:10.861 32570 32581 I art     : Explicit concurrent mark sweep GC freed 20(704B) AllocSpace objects, 0(0B) LOS objects, 23% free, 52MB/68MB, paused 258us total 19.387ms
08-04 14:02:10.870 32570 32581 I art     : Starting a blocking GC Explicit
08-04 14:02:10.886 32570 32581 I art     : Explicit concurrent mark sweep GC freed 3(96B) AllocSpace objects, 0(0B) LOS objects, 23% free, 52MB/68MB, paused 232us total 15.358ms
08-04 14:02:10.893 32570 32581 I art     : Starting a blocking GC Explicit
08-04 14:02:10.908 32570 32581 I art     : Explicit concurrent mark sweep GC freed 3(96B) AllocSpace objects, 0(0B) LOS objects, 23% free, 52MB/68MB, paused 223us total 15.323ms
08-04 14:02:10.915 32570 32581 I art     : Starting a blocking GC Explicit
08-04 14:02:10.930 32570 32581 I art     : Explicit concurrent mark sweep GC freed 3(96B) AllocSpace objects, 0(0B) LOS objects, 23% free, 52MB/68MB, paused 222us total 14.682ms
08-04 14:02:11.231 32570 32582 I art     : Starting a blocking GC Explicit
08-04 14:02:11.253 32570 32582 I art     : Explicit concurrent mark sweep GC freed 1341(78KB) AllocSpace objects, 1(20KB) LOS objects, 23% free, 52MB/68MB, paused 285us total 21.460ms
08-04 14:02:11.261 32570 32582 I art     : Starting a blocking GC Explicit
08-04 14:02:11.276 32570 32582 I art     : Explicit concurrent mark sweep GC freed 20(704B) AllocSpace objects, 0(0B) LOS objects, 23% free, 52MB/68MB, paused 230us total 15.320ms
08-04 14:02:11.283 32570 32582 I art     : Starting a blocking GC Explicit
08-04 14:02:11.298 32570 32582 I art     : Explicit concurrent mark sweep GC freed 3(96B) AllocSpace objects, 0(0B) LOS objects, 23% free, 52MB/68MB, paused 226us total 15.077ms
08-04 14:02:11.305 32570 32582 I art     : Starting a blocking GC Explicit
08-04 14:02:11.319 32570 32582 I art     : Explicit concurrent mark sweep GC freed 3(96B) AllocSpace objects, 0(0B) LOS objects, 23% free, 52MB/68MB, paused 233us total 14.353ms
08-04 14:02:11.325 32570 32582 I art     : Starting a blocking GC Explicit
08-04 14:02:11.340 32570 32582 I art     : Explicit concurrent mark sweep GC freed 3(96B) AllocSpace objects, 0(0B) LOS objects, 23% free, 52MB/68MB, paused 229us total 14.612ms
08-04 14:02:11.585 32570   829 I art     : Starting a blocking GC Explicit
08-04 14:02:11.600 32570   829 I art     : Explicit concurrent mark sweep GC freed 1341(78KB) AllocSpace objects, 1(20KB) LOS objects, 23% free, 52MB/68MB, paused 241us total 15.228ms
08-04 14:02:11.607 32570   829 I art     : Starting a blocking GC Explicit
08-04 14:02:11.622 32570   829 I art     : Explicit concurrent mark sweep GC freed 20(704B) AllocSpace objects, 0(0B) LOS objects, 23% free, 52MB/68MB, paused 230us total 14.867ms
08-04 14:02:11.629 32570   829 I art     : Starting a blocking GC Explicit
08-04 14:02:11.644 32570   829 I art     : Explicit concurrent mark sweep GC freed 3(96B) AllocSpace objects, 0(0B) LOS objects, 23% free, 52MB/68MB, paused 261us total 14.103ms
08-04 14:02:11.650 32570   829 I art     : Starting a blocking GC Explicit
08-04 14:02:11.664 32570   829 I art     : Explicit concurrent mark sweep GC freed 3(96B) AllocSpace objects, 0(0B) LOS objects, 23% free, 52MB/68MB, paused 232us total 14.190ms
08-04 14:02:11.671 32570   829 I art     : Starting a blocking GC Explicit
08-04 14:02:11.685 32570   829 I art     : Explicit concurrent mark sweep GC freed 3(96B) AllocSpace objects, 0(0B) LOS objects, 23% free, 52MB/68MB, paused 246us total 13.886ms
08-04 14:02:11.791  1182  1182 D AndroidRuntime: >>>>>> START com.android.internal.os.RuntimeInit uid 2000 <<<<<<
08-04 14:02:11.796  1182  1182 D AndroidRuntime: CheckJNI is OFF
08-04 14:02:11.827  1182  1182 D ICU     : No timezone override file found: /data/misc/zoneinfo/current/icu/icu_tzdata.dat
08-04 14:02:11.854  1182  1182 I Radio-JNI: register_android_hardware_Radio DONE
08-04 14:02:11.870  1182  1182 D AndroidRuntime: Calling main entry com.android.commands.input.Input
08-04 14:02:11.872  1182  1182 I Input   : injectKeyEvent: KeyEvent { action=ACTION_DOWN, keyCode=KEYCODE_BACK, scanCode=0, metaState=0, flags=0x0, repeatCount=0, eventTime=712948285, downTime=712948285, deviceId=-1, source=0x101 }
08-04 14:02:11.880  1182  1182 I Input   : injectKeyEvent: KeyEvent { action=ACTION_UP, keyCode=KEYCODE_BACK, scanCode=0, metaState=0, flags=0x0, repeatCount=0, eventTime=712948285, downTime=712948285, deviceId=-1, source=0x101 }
08-04 14:02:11.887  1182  1182 D AndroidRuntime: Shutting down VM
08-04 14:02:11.925 13866 13866 I GoogleInputMethodServic: GoogleInputMethodService.onFinishInput():3138 
08-04 14:02:11.926 13866 13866 I GoogleInputMethodServic: GoogleInputMethodService.onStartInput():1808 
08-04 14:02:11.937 32570 32611 I art     : Starting a blocking GC Explicit
08-04 14:02:11.953 32570 32611 I art     : Explicit concurrent mark sweep GC freed 1515(86KB) AllocSpace objects, 1(20KB) LOS objects, 23% free, 52MB/68MB, paused 233us total 15.607ms
08-04 14:02:11.961 32570 32611 I art     : Starting a blocking GC Explicit
08-04 14:02:11.975 32570 32611 I art     : Explicit concurrent mark sweep GC freed 27(992B) AllocSpace objects, 0(0B) LOS objects, 23% free, 52MB/68MB, paused 209us total 13.394ms
08-04 14:02:11.982 32570 32611 I art     : Starting a blocking GC Explicit
08-04 14:02:11.994 32570 32611 I art     : Explicit concurrent mark sweep GC freed 3(96B) AllocSpace objects, 0(0B) LOS objects, 23% free, 52MB/68MB, paused 211us total 12.305ms
08-04 14:02:12.000 32570 32611 I art     : Starting a blocking GC Explicit
08-04 14:02:12.013 32570 32611 I art     : Explicit concurrent mark sweep GC freed 3(96B) AllocSpace objects, 0(0B) LOS objects, 23% free, 52MB/68MB, paused 207us total 12.595ms
08-04 14:02:12.019 32570 32611 I art     : Starting a blocking GC Explicit
08-04 14:02:12.033 32570 32611 I art     : Explicit concurrent mark sweep GC freed 3(96B) AllocSpace objects, 0(0B) LOS objects, 23% free, 52MB/68MB, paused 230us total 13.557ms
08-04 14:02:12.221   380   380 W SurfaceFlinger: couldn't log to binary event log: overflow.
08-04 14:02:12.294 32570   829 I art     : Starting a blocking GC Explicit
08-04 14:02:12.310 32570   829 I art     : Explicit concurrent mark sweep GC freed 1451(87KB) AllocSpace objects, 1(20KB) LOS objects, 23% free, 52MB/68MB, paused 240us total 16.088ms
08-04 14:02:12.317 32570   829 I art     : Starting a blocking GC Explicit
08-04 14:02:12.331 32570   829 I art     : Explicit concurrent mark sweep GC freed 1672(107KB) AllocSpace objects, 3(400KB) LOS objects, 23% free, 52MB/68MB, paused 251us total 14.172ms
08-04 14:02:12.338 32570   829 I art     : Starting a blocking GC Explicit
08-04 14:02:12.353 32570   829 I art     : Explicit concurrent mark sweep GC freed 3(96B) AllocSpace objects, 0(0B) LOS objects, 23% free, 52MB/68MB, paused 237us total 14.633ms
08-04 14:02:12.359 32570   829 I art     : Starting a blocking GC Explicit
08-04 14:02:12.374 32570   829 I art     : Explicit concurrent mark sweep GC freed 3(96B) AllocSpace objects, 0(0B) LOS objects, 23% free, 52MB/68MB, paused 232us total 14.598ms
08-04 14:02:12.381 32570   829 I art     : Starting a blocking GC Explicit
08-04 14:02:12.396 32570   829 I art     : Explicit concurrent mark sweep GC freed 3(96B) AllocSpace objects, 0(0B) LOS objects, 23% free, 52MB/68MB, paused 227us total 14.695ms
08-04 14:02:12.674 32570 32582 I art     : Starting a blocking GC Explicit
08-04 14:02:12.692 32570 32582 I art     : Explicit concurrent mark sweep GC freed 1341(78KB) AllocSpace objects, 1(20KB) LOS objects, 23% free, 52MB/68MB, paused 272us total 17.640ms
08-04 14:02:12.702 32570 32582 I art     : Starting a blocking GC Explicit
08-04 14:02:12.719 32570 32582 I art     : Explicit concurrent mark sweep GC freed 20(704B) AllocSpace objects, 0(0B) LOS objects, 23% free, 52MB/68MB, paused 237us total 16.659ms
08-04 14:02:12.726 32570 32582 I art     : Starting a blocking GC Explicit
08-04 14:02:12.741 32570 32582 I art     : Explicit concurrent mark sweep GC freed 3(96B) AllocSpace objects, 0(0B) LOS objects, 23% free, 52MB/68MB, paused 231us total 14.800ms
08-04 14:02:12.747 32570 32582 I art     : Starting a blocking GC Explicit
08-04 14:02:12.763 32570 32582 I art     : Explicit concurrent mark sweep GC freed 3(96B) AllocSpace objects, 0(0B) LOS objects, 23% free, 52MB/68MB, paused 236us total 14.851ms
08-04 14:02:12.769 32570 32582 I art     : Starting a blocking GC Explicit
08-04 14:02:12.784 32570 32582 I art     : Explicit concurrent mark sweep GC freed 3(96B) AllocSpace objects, 0(0B) LOS objects, 23% free, 52MB/68MB, paused 235us total 14.529ms
08-04 14:02:13.063 32570 32581 I art     : Starting a blocking GC Explicit
08-04 14:02:13.083 32570 32581 I art     : Explicit concurrent mark sweep GC freed 1340(78KB) AllocSpace objects, 1(20KB) LOS objects, 23% free, 52MB/68MB, paused 273us total 19.791ms
08-04 14:02:13.092 32570 32581 I art     : Starting a blocking GC Explicit
08-04 14:02:13.107 32570 32581 I art     : Explicit concurrent mark sweep GC freed 20(704B) AllocSpace objects, 0(0B) LOS objects, 23% free, 52MB/68MB, paused 277us total 15.019ms
08-04 14:02:13.114 32570 32581 I art     : Starting a blocking GC Explicit
08-04 14:02:13.128 32570 32581 I art     : Explicit concurrent mark sweep GC freed 3(96B) AllocSpace objects, 0(0B) LOS objects, 23% free, 52MB/68MB, paused 207us total 13.991ms
08-04 14:02:13.135 32570 32581 I art     : Starting a blocking GC Explicit
08-04 14:02:13.148 32570 32581 I art     : Explicit concurrent mark sweep GC freed 3(96B) AllocSpace objects, 0(0B) LOS objects, 23% free, 52MB/68MB, paused 254us total 13.482ms
08-04 14:02:13.155 32570 32581 I art     : Starting a blocking GC Explicit
08-04 14:02:13.169 32570 32581 I art     : Explicit concurrent mark sweep GC freed 3(96B) AllocSpace objects, 0(0B) LOS objects, 23% free, 52MB/68MB, paused 228us total 13.908ms
08-04 14:02:13.423 32570 32611 I art     : Starting a blocking GC Explicit
08-04 14:02:13.439 32570 32611 I art     : Explicit concurrent mark sweep GC freed 1340(78KB) AllocSpace objects, 1(20KB) LOS objects, 23% free, 52MB/68MB, paused 257us total 15.558ms
08-04 14:02:13.440  1250  1250 D AndroidRuntime: >>>>>> START com.android.internal.os.RuntimeInit uid 2000 <<<<<<
08-04 14:02:13.445  1250  1250 D AndroidRuntime: CheckJNI is OFF
08-04 14:02:13.446 32570 32611 I art     : Starting a blocking GC Explicit
08-04 14:02:13.459 32570 32611 I art     : Explicit concurrent mark sweep GC freed 20(704B) AllocSpace objects, 0(0B) LOS objects, 23% free, 52MB/68MB, paused 225us total 12.734ms
08-04 14:02:13.465 32570 32611 I art     : Starting a blocking GC Explicit
08-04 14:02:13.472  1250  1250 D ICU     : No timezone override file found: /data/misc/zoneinfo/current/icu/icu_tzdata.dat
08-04 14:02:13.478 32570 32611 I art     : Explicit concurrent mark sweep GC freed 3(96B) AllocSpace objects, 0(0B) LOS objects, 23% free, 52MB/68MB, paused 245us total 12.705ms
08-04 14:02:13.483 32570 32611 I art     : Starting a blocking GC Explicit
08-04 14:02:13.496 32570 32611 I art     : Explicit concurrent mark sweep GC freed 3(96B) AllocSpace objects, 0(0B) LOS objects, 23% free, 52MB/68MB, paused 244us total 12.817ms
08-04 14:02:13.496  1250  1250 I Radio-JNI: register_android_hardware_Radio DONE
08-04 14:02:13.502 32570 32611 I art     : Starting a blocking GC Explicit
08-04 14:02:13.513  1250  1250 D AndroidRuntime: Calling main entry com.android.commands.input.Input
08-04 14:02:13.515  1250  1250 I Input   : injectMotionEvent: MotionEvent { action=ACTION_DOWN, actionButton=0, id[0]=0, x[0]=733.0, y[0]=1370.0, toolType[0]=TOOL_TYPE_UNKNOWN, buttonState=0, metaState=0, flags=0x0, edgeFlags=0x0, pointerCount=1, historySize=0, eventTime=712949927, downTime=712949927, deviceId=0, source=0x1002 }
08-04 14:02:13.515 32570 32611 I art     : Explicit concurrent mark sweep GC freed 3(96B) AllocSpace objects, 0(0B) LOS objects, 23% free, 52MB/68MB, paused 249us total 12.862ms
08-04 14:02:13.522  1250  1250 I Input   : injectMotionEvent: MotionEvent { action=ACTION_UP, actionButton=0, id[0]=0, x[0]=733.0, y[0]=1370.0, toolType[0]=TOOL_TYPE_UNKNOWN, buttonState=0, metaState=0, flags=0x0, edgeFlags=0x0, pointerCount=1, historySize=0, eventTime=712949927, downTime=712949927, deviceId=0, source=0x1002 }
08-04 14:02:13.523   918  3961 I ActivityManager: START u0 {cmp=baseline.appteam.nith.hillffair/.activities.ClubActivity (has extras)} from uid 10651 on display 0
08-04 14:02:13.529  1250  1250 D AndroidRuntime: Shutting down VM
08-04 14:02:13.616   918   936 I ActivityManager: Displayed baseline.appteam.nith.hillffair/.activities.ClubActivity: +86ms
08-04 14:02:13.617 13866 13866 I GoogleInputMethodServic: GoogleInputMethodService.onFinishInput():3138 
08-04 14:02:13.617 13866 13866 I GoogleInputMethodServic: GoogleInputMethodService.onStartInput():1808 
08-04 14:02:13.737 32570   829 I art     : Starting a blocking GC Explicit
08-04 14:02:13.752 32570   829 I art     : Explicit concurrent mark sweep GC freed 4976(290KB) AllocSpace objects, 1(20KB) LOS objects, 23% free, 52MB/68MB, paused 309us total 14.998ms
08-04 14:02:13.760 32570   829 I art     : Starting a blocking GC Explicit
08-04 14:02:13.778 32570   829 I art     : Explicit concurrent mark sweep GC freed 211(9KB) AllocSpace objects, 0(0B) LOS objects, 23% free, 52MB/68MB, paused 300us total 18.128ms
08-04 14:02:13.786 32570   829 I art     : Starting a blocking GC Explicit
08-04 14:02:13.805 32570   829 I art     : Explicit concurrent mark sweep GC freed 3(96B) AllocSpace objects, 0(0B) LOS objects, 23% free, 52MB/68MB, paused 282us total 18.524ms
08-04 14:02:13.814 32570   829 I art     : Starting a blocking GC Explicit
08-04 14:02:13.832 32570   829 I art     : Explicit concurrent mark sweep GC freed 3(96B) AllocSpace objects, 0(0B) LOS objects, 23% free, 52MB/68MB, paused 257us total 18.156ms
08-04 14:02:13.841 32570   829 I art     : Starting a blocking GC Explicit
08-04 14:02:13.860 32570   829 I art     : Explicit concurrent mark sweep GC freed 3(96B) AllocSpace objects, 0(0B) LOS objects, 23% free, 52MB/68MB, paused 303us total 18.851ms
08-04 14:02:13.873   380   380 W SurfaceFlinger: couldn't log to binary event log: overflow.
08-04 14:02:14.138 32570 32611 I art     : Starting a blocking GC Explicit
08-04 14:02:14.164 32570 32611 I art     : Explicit concurrent mark sweep GC freed 1469(85KB) AllocSpace objects, 1(20KB) LOS objects, 23% free, 52MB/68MB, paused 334us total 25.802ms
08-04 14:02:14.172 32570 32611 I art     : Starting a blocking GC Explicit
08-04 14:02:14.188 32570 32611 I art     : Explicit concurrent mark sweep GC freed 43(1472B) AllocSpace objects, 0(0B) LOS objects, 23% free, 52MB/68MB, paused 274us total 15.816ms
08-04 14:02:14.195 32570 32611 I art     : Starting a blocking GC Explicit
08-04 14:02:14.210 32570 32611 I art     : Explicit concurrent mark sweep GC freed 11(416B) AllocSpace objects, 0(0B) LOS objects, 23% free, 52MB/68MB, paused 259us total 14.919ms
08-04 14:02:14.217 32570 32611 I art     : Starting a blocking GC Explicit
08-04 14:02:14.231 32570 32611 I art     : Explicit concurrent mark sweep GC freed 10(352B) AllocSpace objects, 0(0B) LOS objects, 23% free, 52MB/68MB, paused 267us total 14.255ms
08-04 14:02:14.238 32570 32611 I art     : Starting a blocking GC Explicit
08-04 14:02:14.252 32570 32611 I art     : Explicit concurrent mark sweep GC freed 8(288B) AllocSpace objects, 0(0B) LOS objects, 23% free, 52MB/68MB, paused 268us total 13.809ms
08-04 14:02:14.418 32570  1275 D OkHttp  : --> GET https://api-hillfair-2k16.herokuapp.com/api/app/events/special/event?id=580655cddcba0f490c70fdd0 http/1.1
08-04 14:02:14.449 32570  1275 D OkHttp  : <-- 200 OK https://api-hillfair-2k16.herokuapp.com/api/app/events/special/event?id=580655cddcba0f490c70fdd0 (30ms, 721-byte body)
08-04 14:02:14.508 32570 32570 I NAPPA_EXPERIMENTATION: MetricNetworkRequestExecutionTime: REQUEST_DURATION_SYSTEM='954',REQUEST_DURATION_OKHTTP='31',REQUEST_SYNCHRONOUS='FALSE',RESPONSE_CODE='200',RESPONSE_METHOD='GET',RESPONSE_LENGTH_OKHTTP='721',RESPONSE_LENGTH_HEADER='721',REQUEST_PROTOCOL='http/1.1',REQUEST_URL='https://api-hillfair-2k16.herokuapp.com/api/app/events/special/event?id=580655cddcba0f490c70fdd0',
08-04 14:02:14.522 32570 32581 I art     : Starting a blocking GC Explicit
08-04 14:02:14.539 32570 32581 I art     : Explicit concurrent mark sweep GC freed 4773(318KB) AllocSpace objects, 4(220KB) LOS objects, 23% free, 52MB/68MB, paused 278us total 17.183ms
08-04 14:02:14.547 32570 32581 I art     : Starting a blocking GC Explicit
08-04 14:02:14.562 32570 32581 I art     : Explicit concurrent mark sweep GC freed 1075(140KB) AllocSpace objects, 0(0B) LOS objects, 23% free, 52MB/68MB, paused 329us total 15.122ms
08-04 14:02:14.568 32570 32581 I art     : Starting a blocking GC Explicit
08-04 14:02:14.581 32570 32581 I art     : Explicit concurrent mark sweep GC freed 6(192B) AllocSpace objects, 0(0B) LOS objects, 23% free, 52MB/68MB, paused 210us total 12.302ms
08-04 14:02:14.587 32570 32581 I art     : Starting a blocking GC Explicit
08-04 14:02:14.600 32570 32581 I art     : Explicit concurrent mark sweep GC freed 3(96B) AllocSpace objects, 0(0B) LOS objects, 23% free, 52MB/68MB, paused 232us total 13.402ms
08-04 14:02:14.606 32570 32581 I art     : Starting a blocking GC Explicit
08-04 14:02:14.619 32570 32581 I art     : Explicit concurrent mark sweep GC freed 3(96B) AllocSpace objects, 0(0B) LOS objects, 23% free, 52MB/68MB, paused 270us total 13.005ms
08-04 14:02:14.904 32570 32582 I art     : Starting a blocking GC Explicit
08-04 14:02:14.922 32570 32582 I art     : Explicit concurrent mark sweep GC freed 1341(78KB) AllocSpace objects, 1(20KB) LOS objects, 23% free, 52MB/68MB, paused 269us total 18.030ms
08-04 14:02:14.929 32570 32582 I art     : Starting a blocking GC Explicit
08-04 14:02:14.945 32570 32582 I art     : Explicit concurrent mark sweep GC freed 36(1264B) AllocSpace objects, 0(0B) LOS objects, 23% free, 52MB/68MB, paused 251us total 15.717ms
08-04 14:02:14.952 32570 32582 I art     : Starting a blocking GC Explicit
08-04 14:02:14.968 32570 32582 I art     : Explicit concurrent mark sweep GC freed 3(96B) AllocSpace objects, 0(0B) LOS objects, 23% free, 52MB/68MB, paused 248us total 15.531ms
08-04 14:02:14.974 32570 32582 I art     : Starting a blocking GC Explicit
08-04 14:02:14.990 32570 32582 I art     : Explicit concurrent mark sweep GC freed 3(96B) AllocSpace objects, 0(0B) LOS objects, 23% free, 52MB/68MB, paused 318us total 15.445ms
08-04 14:02:14.997 32570 32582 I art     : Starting a blocking GC Explicit
08-04 14:02:15.013 32570 32582 I art     : Explicit concurrent mark sweep GC freed 3(96B) AllocSpace objects, 0(0B) LOS objects, 23% free, 52MB/68MB, paused 253us total 15.290ms
08-04 14:02:15.029 26337 26337 I ServiceManager: Waiting for service AtCmdFwd...
08-04 14:02:15.287 32570   829 I art     : Starting a blocking GC Explicit
08-04 14:02:15.309 32570   829 I art     : Explicit concurrent mark sweep GC freed 1341(78KB) AllocSpace objects, 1(20KB) LOS objects, 23% free, 52MB/68MB, paused 287us total 21.627ms
08-04 14:02:15.318 32570   829 I art     : Starting a blocking GC Explicit
08-04 14:02:15.334 32570   829 I art     : Explicit concurrent mark sweep GC freed 20(704B) AllocSpace objects, 0(0B) LOS objects, 23% free, 52MB/68MB, paused 245us total 15.855ms
08-04 14:02:15.341 32570   829 I art     : Starting a blocking GC Explicit
08-04 14:02:15.357 32570   829 I art     : Explicit concurrent mark sweep GC freed 3(96B) AllocSpace objects, 0(0B) LOS objects, 23% free, 52MB/68MB, paused 310us total 15.518ms
08-04 14:02:15.363 32570   829 I art     : Starting a blocking GC Explicit
08-04 14:02:15.379 32570   829 I art     : Explicit concurrent mark sweep GC freed 3(96B) AllocSpace objects, 0(0B) LOS objects, 23% free, 52MB/68MB, paused 244us total 15.383ms
08-04 14:02:15.386 32570   829 I art     : Starting a blocking GC Explicit
08-04 14:02:15.401 32570   829 I art     : Explicit concurrent mark sweep GC freed 3(96B) AllocSpace objects, 0(0B) LOS objects, 23% free, 52MB/68MB, paused 239us total 15.276ms
08-04 14:02:15.713 32570 32611 I art     : Starting a blocking GC Explicit
08-04 14:02:15.737 32570 32611 I art     : Explicit concurrent mark sweep GC freed 1341(78KB) AllocSpace objects, 1(20KB) LOS objects, 23% free, 52MB/68MB, paused 335us total 23.288ms
08-04 14:02:15.748 32570 32611 I art     : Starting a blocking GC Explicit
08-04 14:02:15.767 32570 32611 I art     : Explicit concurrent mark sweep GC freed 20(704B) AllocSpace objects, 0(0B) LOS objects, 23% free, 52MB/68MB, paused 321us total 18.233ms
08-04 14:02:15.774 32570 32611 I art     : Starting a blocking GC Explicit
08-04 14:02:15.789 32570 32611 I art     : Explicit concurrent mark sweep GC freed 3(96B) AllocSpace objects, 0(0B) LOS objects, 23% free, 52MB/68MB, paused 254us total 15.376ms
08-04 14:02:15.796 32570 32611 I art     : Starting a blocking GC Explicit
08-04 14:02:15.812 32570 32611 I art     : Explicit concurrent mark sweep GC freed 3(96B) AllocSpace objects, 0(0B) LOS objects, 23% free, 52MB/68MB, paused 255us total 15.603ms
08-04 14:02:15.818 32570 32611 I art     : Starting a blocking GC Explicit
08-04 14:02:15.833 32570 32611 I art     : Explicit concurrent mark sweep GC freed 3(96B) AllocSpace objects, 0(0B) LOS objects, 23% free, 52MB/68MB, paused 248us total 14.946ms
08-04 14:02:16.030 26337 26337 I ServiceManager: Waiting for service AtCmdFwd...
08-04 14:02:16.146 32570 32581 I art     : Starting a blocking GC Explicit
08-04 14:02:16.171 32570 32581 I art     : Explicit concurrent mark sweep GC freed 1341(78KB) AllocSpace objects, 1(20KB) LOS objects, 23% free, 52MB/68MB, paused 270us total 24.918ms
08-04 14:02:16.179 32570 32581 I art     : Starting a blocking GC Explicit
08-04 14:02:16.195 32570 32581 I art     : Explicit concurrent mark sweep GC freed 20(704B) AllocSpace objects, 0(0B) LOS objects, 23% free, 52MB/68MB, paused 242us total 15.726ms
08-04 14:02:16.202 32570 32581 I art     : Starting a blocking GC Explicit
08-04 14:02:16.217 32570 32581 I art     : Explicit concurrent mark sweep GC freed 3(96B) AllocSpace objects, 0(0B) LOS objects, 23% free, 52MB/68MB, paused 257us total 14.934ms
08-04 14:02:16.223 32570 32581 I art     : Starting a blocking GC Explicit
08-04 14:02:16.239 32570 32581 I art     : Explicit concurrent mark sweep GC freed 3(96B) AllocSpace objects, 0(0B) LOS objects, 23% free, 52MB/68MB, paused 240us total 15.244ms
08-04 14:02:16.245 32570 32581 I art     : Starting a blocking GC Explicit
08-04 14:02:16.260 32570 32581 I art     : Explicit concurrent mark sweep GC freed 3(96B) AllocSpace objects, 0(0B) LOS objects, 23% free, 52MB/68MB, paused 235us total 14.945ms
08-04 14:02:16.583 32570 32582 I art     : Starting a blocking GC Explicit
08-04 14:02:16.610 32570 32582 I art     : Explicit concurrent mark sweep GC freed 1341(78KB) AllocSpace objects, 1(20KB) LOS objects, 23% free, 52MB/68MB, paused 323us total 26.845ms
08-04 14:02:16.621 32570 32582 I art     : Starting a blocking GC Explicit
08-04 14:02:16.638 32570 32582 I art     : Explicit concurrent mark sweep GC freed 20(704B) AllocSpace objects, 0(0B) LOS objects, 23% free, 52MB/68MB, paused 240us total 17.529ms
08-04 14:02:16.645 32570 32582 I art     : Starting a blocking GC Explicit
08-04 14:02:16.661 32570 32582 I art     : Explicit concurrent mark sweep GC freed 3(96B) AllocSpace objects, 0(0B) LOS objects, 23% free, 52MB/68MB, paused 244us total 15.753ms
08-04 14:02:16.668 32570 32582 I art     : Starting a blocking GC Explicit
08-04 14:02:16.684 32570 32582 I art     : Explicit concurrent mark sweep GC freed 3(96B) AllocSpace objects, 0(0B) LOS objects, 23% free, 52MB/68MB, paused 250us total 15.390ms
08-04 14:02:16.690 32570 32582 I art     : Starting a blocking GC Explicit
08-04 14:02:16.706 32570 32582 I art     : Explicit concurrent mark sweep GC freed 3(96B) AllocSpace objects, 0(0B) LOS objects, 23% free, 52MB/68MB, paused 249us total 15.015ms
08-04 14:02:17.020 32570   829 I art     : Starting a blocking GC Explicit
08-04 14:02:17.030 26337 26337 I ServiceManager: Waiting for service AtCmdFwd...
08-04 14:02:17.044 32570   829 I art     : Explicit concurrent mark sweep GC freed 1341(78KB) AllocSpace objects, 1(20KB) LOS objects, 23% free, 52MB/68MB, paused 281us total 23.952ms
08-04 14:02:17.055 32570   829 I art     : Starting a blocking GC Explicit
08-04 14:02:17.073 32570   829 I art     : Explicit concurrent mark sweep GC freed 20(704B) AllocSpace objects, 0(0B) LOS objects, 23% free, 52MB/68MB, paused 252us total 18.042ms
08-04 14:02:17.080 32570   829 I art     : Starting a blocking GC Explicit
08-04 14:02:17.096 32570   829 I art     : Explicit concurrent mark sweep GC freed 3(96B) AllocSpace objects, 0(0B) LOS objects, 23% free, 52MB/68MB, paused 244us total 15.806ms
08-04 14:02:17.103 32570   829 I art     : Starting a blocking GC Explicit
08-04 14:02:17.119 32570   829 I art     : Explicit concurrent mark sweep GC freed 3(96B) AllocSpace objects, 0(0B) LOS objects, 23% free, 52MB/68MB, paused 243us total 15.603ms
08-04 14:02:17.125 32570   829 I art     : Starting a blocking GC Explicit
08-04 14:02:17.141 32570   829 I art     : Explicit concurrent mark sweep GC freed 3(96B) AllocSpace objects, 0(0B) LOS objects, 23% free, 52MB/68MB, paused 247us total 15.341ms
08-04 14:02:17.439 32570 32611 I art     : Starting a blocking GC Explicit
08-04 14:02:17.456 32570 32611 I art     : Explicit concurrent mark sweep GC freed 1341(78KB) AllocSpace objects, 1(20KB) LOS objects, 23% free, 52MB/68MB, paused 264us total 16.324ms
08-04 14:02:17.466 32570 32611 I art     : Starting a blocking GC Explicit
08-04 14:02:17.483 32570 32611 I art     : Explicit concurrent mark sweep GC freed 20(704B) AllocSpace objects, 0(0B) LOS objects, 23% free, 52MB/68MB, paused 248us total 16.825ms
08-04 14:02:17.489 32570 32611 I art     : Starting a blocking GC Explicit
08-04 14:02:17.504 32570 32611 I art     : Explicit concurrent mark sweep GC freed 3(96B) AllocSpace objects, 0(0B) LOS objects, 23% free, 52MB/68MB, paused 243us total 14.424ms
08-04 14:02:17.510 32570 32611 I art     : Starting a blocking GC Explicit
08-04 14:02:17.526 32570 32611 I art     : Explicit concurrent mark sweep GC freed 3(96B) AllocSpace objects, 0(0B) LOS objects, 23% free, 52MB/68MB, paused 238us total 15.132ms
08-04 14:02:17.532 32570 32611 I art     : Starting a blocking GC Explicit
08-04 14:02:17.547 32570 32611 I art     : Explicit concurrent mark sweep GC freed 3(96B) AllocSpace objects, 0(0B) LOS objects, 23% free, 52MB/68MB, paused 254us total 14.979ms
08-04 14:02:17.858 32570 32581 I art     : Starting a blocking GC Explicit
08-04 14:02:17.875 32570 32581 I art     : Explicit concurrent mark sweep GC freed 1341(78KB) AllocSpace objects, 1(20KB) LOS objects, 23% free, 52MB/68MB, paused 267us total 16.286ms
08-04 14:02:17.882 32570 32581 I art     : Starting a blocking GC Explicit
08-04 14:02:17.896 32570 32581 I art     : Explicit concurrent mark sweep GC freed 20(704B) AllocSpace objects, 0(0B) LOS objects, 23% free, 52MB/68MB, paused 237us total 14.185ms
08-04 14:02:17.902 32570 32581 I art     : Starting a blocking GC Explicit
08-04 14:02:17.917 32570 32581 I art     : Explicit concurrent mark sweep GC freed 3(96B) AllocSpace objects, 0(0B) LOS objects, 23% free, 52MB/68MB, paused 284us total 14.481ms
08-04 14:02:17.923 32570 32581 I art     : Starting a blocking GC Explicit
08-04 14:02:17.938 32570 32581 I art     : Explicit concurrent mark sweep GC freed 3(96B) AllocSpace objects, 0(0B) LOS objects, 23% free, 52MB/68MB, paused 236us total 14.249ms
08-04 14:02:17.944 32570 32581 I art     : Starting a blocking GC Explicit
08-04 14:02:17.958 32570 32581 I art     : Explicit concurrent mark sweep GC freed 3(96B) AllocSpace objects, 0(0B) LOS objects, 23% free, 52MB/68MB, paused 227us total 14.279ms
08-04 14:02:18.031 26337 26337 I ServiceManager: Waiting for service AtCmdFwd...
08-04 14:02:18.116  1387  1387 D AndroidRuntime: >>>>>> START com.android.internal.os.RuntimeInit uid 2000 <<<<<<
08-04 14:02:18.122  1387  1387 D AndroidRuntime: CheckJNI is OFF
08-04 14:02:18.151  1387  1387 D ICU     : No timezone override file found: /data/misc/zoneinfo/current/icu/icu_tzdata.dat
08-04 14:02:18.177  1387  1387 I Radio-JNI: register_android_hardware_Radio DONE
08-04 14:02:18.193  1387  1387 D AndroidRuntime: Calling main entry com.android.commands.input.Input
08-04 14:02:18.195  1387  1387 I Input   : injectKeyEvent: KeyEvent { action=ACTION_DOWN, keyCode=KEYCODE_BACK, scanCode=0, metaState=0, flags=0x0, repeatCount=0, eventTime=712954608, downTime=712954608, deviceId=-1, source=0x101 }
08-04 14:02:18.207  1387  1387 I Input   : injectKeyEvent: KeyEvent { action=ACTION_UP, keyCode=KEYCODE_BACK, scanCode=0, metaState=0, flags=0x0, repeatCount=0, eventTime=712954608, downTime=712954608, deviceId=-1, source=0x101 }
08-04 14:02:18.213  1387  1387 D AndroidRuntime: Shutting down VM
08-04 14:02:18.248 32570 32582 I art     : Starting a blocking GC Explicit
08-04 14:02:18.257 13866 13866 I GoogleInputMethodServic: GoogleInputMethodService.onFinishInput():3138 
08-04 14:02:18.258 13866 13866 I GoogleInputMethodServic: GoogleInputMethodService.onStartInput():1808 
08-04 14:02:18.264 32570 32582 I art     : Explicit concurrent mark sweep GC freed 1486(84KB) AllocSpace objects, 1(20KB) LOS objects, 23% free, 52MB/68MB, paused 404us total 15.085ms
08-04 14:02:18.271 32570 32582 I art     : Starting a blocking GC Explicit
08-04 14:02:18.286 32570 32582 I art     : Explicit concurrent mark sweep GC freed 48(1632B) AllocSpace objects, 0(0B) LOS objects, 23% free, 52MB/68MB, paused 257us total 14.490ms
08-04 14:02:18.292 32570 32582 I art     : Starting a blocking GC Explicit
08-04 14:02:18.308 32570 32582 I art     : Explicit concurrent mark sweep GC freed 6(224B) AllocSpace objects, 0(0B) LOS objects, 23% free, 52MB/68MB, paused 249us total 15.836ms
08-04 14:02:18.314 32570 32582 I art     : Starting a blocking GC Explicit
08-04 14:02:18.327 32570 32582 I art     : Explicit concurrent mark sweep GC freed 3(96B) AllocSpace objects, 0(0B) LOS objects, 23% free, 52MB/68MB, paused 232us total 12.988ms
08-04 14:02:18.333 32570 32582 I art     : Starting a blocking GC Explicit
08-04 14:02:18.346 32570 32582 I art     : Explicit concurrent mark sweep GC freed 3(96B) AllocSpace objects, 0(0B) LOS objects, 23% free, 52MB/68MB, paused 230us total 12.927ms
08-04 14:02:18.576 32570 32581 I art     : Starting a blocking GC Explicit
08-04 14:02:18.578   380   380 W SurfaceFlinger: couldn't log to binary event log: overflow.
08-04 14:02:18.590 32570 32581 I art     : Explicit concurrent mark sweep GC freed 1449(87KB) AllocSpace objects, 1(20KB) LOS objects, 23% free, 52MB/68MB, paused 262us total 14.058ms
08-04 14:02:18.597 32570 32581 I art     : Starting a blocking GC Explicit
08-04 14:02:18.611 32570 32581 I art     : Explicit concurrent mark sweep GC freed 129(6KB) AllocSpace objects, 0(0B) LOS objects, 23% free, 52MB/68MB, paused 245us total 14.234ms
08-04 14:02:18.617 32570 32581 I art     : Starting a blocking GC Explicit
08-04 14:02:18.631 32570 32581 I art     : Explicit concurrent mark sweep GC freed 1547(100KB) AllocSpace objects, 3(400KB) LOS objects, 23% free, 52MB/68MB, paused 241us total 13.822ms
08-04 14:02:18.637 32570 32581 I art     : Starting a blocking GC Explicit
08-04 14:02:18.651 32570 32581 I art     : Explicit concurrent mark sweep GC freed 3(96B) AllocSpace objects, 0(0B) LOS objects, 23% free, 52MB/68MB, paused 248us total 13.589ms
08-04 14:02:18.657 32570 32581 I art     : Starting a blocking GC Explicit
08-04 14:02:18.671 32570 32581 I art     : Explicit concurrent mark sweep GC freed 3(96B) AllocSpace objects, 0(0B) LOS objects, 23% free, 52MB/68MB, paused 246us total 13.655ms
08-04 14:02:18.946 32570 32611 I art     : Starting a blocking GC Explicit
08-04 14:02:18.966 32570 32611 I art     : Explicit concurrent mark sweep GC freed 1341(78KB) AllocSpace objects, 1(20KB) LOS objects, 23% free, 52MB/68MB, paused 315us total 19.397ms
08-04 14:02:18.977 32570 32611 I art     : Starting a blocking GC Explicit
08-04 14:02:18.992 32570 32611 I art     : Explicit concurrent mark sweep GC freed 20(704B) AllocSpace objects, 0(0B) LOS objects, 23% free, 52MB/68MB, paused 253us total 15.046ms
08-04 14:02:18.999 32570 32611 I art     : Starting a blocking GC Explicit
08-04 14:02:19.014 32570 32611 I art     : Explicit concurrent mark sweep GC freed 3(96B) AllocSpace objects, 0(0B) LOS objects, 23% free, 52MB/68MB, paused 250us total 14.529ms
08-04 14:02:19.020 32570 32611 I art     : Starting a blocking GC Explicit
08-04 14:02:19.032 26337 26337 I ServiceManager: Waiting for service AtCmdFwd...
08-04 14:02:19.036 32570 32611 I art     : Explicit concurrent mark sweep GC freed 3(96B) AllocSpace objects, 0(0B) LOS objects, 23% free, 52MB/68MB, paused 250us total 15.364ms
08-04 14:02:19.042 32570 32611 I art     : Starting a blocking GC Explicit
08-04 14:02:19.057 32570 32611 I art     : Explicit concurrent mark sweep GC freed 3(96B) AllocSpace objects, 0(0B) LOS objects, 23% free, 52MB/68MB, paused 273us total 14.304ms
08-04 14:02:19.338 32570   829 I art     : Starting a blocking GC Explicit
08-04 14:02:19.360 32570   829 I art     : Explicit concurrent mark sweep GC freed 1340(78KB) AllocSpace objects, 1(20KB) LOS objects, 23% free, 52MB/68MB, paused 272us total 22.086ms
08-04 14:02:19.368 32570   829 I art     : Starting a blocking GC Explicit
08-04 14:02:19.383 32570   829 I art     : Explicit concurrent mark sweep GC freed 20(704B) AllocSpace objects, 0(0B) LOS objects, 23% free, 52MB/68MB, paused 282us total 15ms
08-04 14:02:19.390 32570   829 I art     : Starting a blocking GC Explicit
08-04 14:02:19.405 32570   829 I art     : Explicit concurrent mark sweep GC freed 3(96B) AllocSpace objects, 0(0B) LOS objects, 23% free, 52MB/68MB, paused 285us total 14.458ms
08-04 14:02:19.411 32570   829 I art     : Starting a blocking GC Explicit
08-04 14:02:19.426 32570   829 I art     : Explicit concurrent mark sweep GC freed 3(96B) AllocSpace objects, 0(0B) LOS objects, 23% free, 52MB/68MB, paused 238us total 14.456ms
08-04 14:02:19.432 32570   829 I art     : Starting a blocking GC Explicit
08-04 14:02:19.446 32570   829 I art     : Explicit concurrent mark sweep GC freed 3(96B) AllocSpace objects, 0(0B) LOS objects, 23% free, 52MB/68MB, paused 228us total 13.920ms
08-04 14:02:19.694 32570 32582 I art     : Starting a blocking GC Explicit
08-04 14:02:19.709 32570 32582 I art     : Explicit concurrent mark sweep GC freed 1340(78KB) AllocSpace objects, 1(20KB) LOS objects, 23% free, 52MB/68MB, paused 252us total 14.787ms
08-04 14:02:19.716 32570 32582 I art     : Starting a blocking GC Explicit
08-04 14:02:19.730 32570 32582 I art     : Explicit concurrent mark sweep GC freed 20(704B) AllocSpace objects, 0(0B) LOS objects, 23% free, 52MB/68MB, paused 257us total 14.388ms
08-04 14:02:19.737 32570 32582 I art     : Starting a blocking GC Explicit
08-04 14:02:19.751 32570 32582 I art     : Explicit concurrent mark sweep GC freed 3(96B) AllocSpace objects, 0(0B) LOS objects, 23% free, 52MB/68MB, paused 252us total 14.318ms
08-04 14:02:19.758 32570 32582 I art     : Starting a blocking GC Explicit
08-04 14:02:19.764  1447  1447 D AndroidRuntime: >>>>>> START com.android.internal.os.RuntimeInit uid 2000 <<<<<<
08-04 14:02:19.768  1447  1447 D AndroidRuntime: CheckJNI is OFF
08-04 14:02:19.772 32570 32582 I art     : Explicit concurrent mark sweep GC freed 3(96B) AllocSpace objects, 0(0B) LOS objects, 23% free, 52MB/68MB, paused 250us total 13.778ms
08-04 14:02:19.778 32570 32582 I art     : Starting a blocking GC Explicit
08-04 14:02:19.792 32570 32582 I art     : Explicit concurrent mark sweep GC freed 3(96B) AllocSpace objects, 0(0B) LOS objects, 23% free, 52MB/68MB, paused 281us total 13.812ms
08-04 14:02:19.799  1447  1447 D ICU     : No timezone override file found: /data/misc/zoneinfo/current/icu/icu_tzdata.dat
08-04 14:02:19.822  1447  1447 I Radio-JNI: register_android_hardware_Radio DONE
08-04 14:02:19.838  1447  1447 D AndroidRuntime: Calling main entry com.android.commands.input.Input
08-04 14:02:19.839  1447  1447 I Input   : injectMotionEvent: MotionEvent { action=ACTION_DOWN, actionButton=0, id[0]=0, x[0]=733.0, y[0]=1957.0, toolType[0]=TOOL_TYPE_UNKNOWN, buttonState=0, metaState=0, flags=0x0, edgeFlags=0x0, pointerCount=1, historySize=0, eventTime=712956252, downTime=712956252, deviceId=0, source=0x1002 }
08-04 14:02:19.844  1447  1447 I Input   : injectMotionEvent: MotionEvent { action=ACTION_UP, actionButton=0, id[0]=0, x[0]=733.0, y[0]=1957.0, toolType[0]=TOOL_TYPE_UNKNOWN, buttonState=0, metaState=0, flags=0x0, edgeFlags=0x0, pointerCount=1, historySize=0, eventTime=712956252, downTime=712956252, deviceId=0, source=0x1002 }
08-04 14:02:19.845   918  4400 I ActivityManager: START u0 {cmp=baseline.appteam.nith.hillffair/.activities.ClubActivity (has extras)} from uid 10651 on display 0
08-04 14:02:19.852  1447  1447 D AndroidRuntime: Shutting down VM
08-04 14:02:19.937   918   936 I ActivityManager: Displayed baseline.appteam.nith.hillffair/.activities.ClubActivity: +84ms
08-04 14:02:19.937 13866 13866 I GoogleInputMethodServic: GoogleInputMethodService.onFinishInput():3138 
08-04 14:02:19.938 13866 13866 I GoogleInputMethodServic: GoogleInputMethodService.onStartInput():1808 
08-04 14:02:20.010 32570 32582 I art     : Starting a blocking GC Explicit
08-04 14:02:20.026 32570 32582 I art     : Explicit concurrent mark sweep GC freed 5045(296KB) AllocSpace objects, 1(20KB) LOS objects, 23% free, 52MB/68MB, paused 279us total 15.077ms
08-04 14:02:20.032 26337 26337 W Atfwd_Sendcmd: AtCmdFwd service not published, waiting... retryCnt : 4
08-04 14:02:20.033 32570 32582 I art     : Starting a blocking GC Explicit
08-04 14:02:20.047 32570 32582 I art     : Explicit concurrent mark sweep GC freed 211(9KB) AllocSpace objects, 0(0B) LOS objects, 23% free, 52MB/68MB, paused 317us total 13.939ms
08-04 14:02:20.053 32570 32582 I art     : Starting a blocking GC Explicit
08-04 14:02:20.072 32570 32582 I art     : Explicit concurrent mark sweep GC freed 3(96B) AllocSpace objects, 0(0B) LOS objects, 23% free, 52MB/68MB, paused 278us total 18.290ms
08-04 14:02:20.079 32570 32582 I art     : Starting a blocking GC Explicit
08-04 14:02:20.097 32570 32582 I art     : Explicit concurrent mark sweep GC freed 3(96B) AllocSpace objects, 0(0B) LOS objects, 23% free, 52MB/68MB, paused 406us total 17.607ms
08-04 14:02:20.105 32570 32582 I art     : Starting a blocking GC Explicit
08-04 14:02:20.123 32570 32582 I art     : Explicit concurrent mark sweep GC freed 3(96B) AllocSpace objects, 0(0B) LOS objects, 23% free, 52MB/68MB, paused 286us total 18.096ms
08-04 14:02:20.180   380   380 W SurfaceFlinger: couldn't log to binary event log: overflow.
08-04 14:02:20.389 32570 32582 I art     : Starting a blocking GC Explicit
08-04 14:02:20.408 32570 32582 I art     : Explicit concurrent mark sweep GC freed 1455(84KB) AllocSpace objects, 1(20KB) LOS objects, 23% free, 52MB/68MB, paused 346us total 19.225ms
08-04 14:02:20.416 32570 32582 I art     : Starting a blocking GC Explicit
08-04 14:02:20.433 32570 32582 I art     : Explicit concurrent mark sweep GC freed 38(1344B) AllocSpace objects, 0(0B) LOS objects, 23% free, 52MB/68MB, paused 303us total 16.312ms
08-04 14:02:20.439 32570 32582 I art     : Starting a blocking GC Explicit
08-04 14:02:20.454 32570 32582 I art     : Explicit concurrent mark sweep GC freed 10(352B) AllocSpace objects, 0(0B) LOS objects, 23% free, 52MB/68MB, paused 289us total 14.759ms
08-04 14:02:20.461 32570 32582 I art     : Starting a blocking GC Explicit
08-04 14:02:20.476 32570 32582 I art     : Explicit concurrent mark sweep GC freed 8(288B) AllocSpace objects, 0(0B) LOS objects, 23% free, 52MB/68MB, paused 279us total 14.924ms
08-04 14:02:20.482 32570 32582 I art     : Starting a blocking GC Explicit
08-04 14:02:20.497 32570 32582 I art     : Explicit concurrent mark sweep GC freed 8(288B) AllocSpace objects, 0(0B) LOS objects, 23% free, 52MB/68MB, paused 290us total 15.008ms
08-04 14:02:20.665 32570  1470 D OkHttp  : --> GET https://api-hillfair-2k16.herokuapp.com/api/app/events/special/event?id=58065620dcba0f490c70fe09 http/1.1
08-04 14:02:20.698 32570  1470 D OkHttp  : <-- 200 OK https://api-hillfair-2k16.herokuapp.com/api/app/events/special/event?id=58065620dcba0f490c70fe09 (33ms, 682-byte body)
08-04 14:02:20.749 32570 32570 I NAPPA_EXPERIMENTATION: MetricNetworkRequestExecutionTime: REQUEST_DURATION_SYSTEM='877',REQUEST_DURATION_OKHTTP='33',REQUEST_SYNCHRONOUS='FALSE',RESPONSE_CODE='200',RESPONSE_METHOD='GET',RESPONSE_LENGTH_OKHTTP='682',RESPONSE_LENGTH_HEADER='682',REQUEST_PROTOCOL='http/1.1',REQUEST_URL='https://api-hillfair-2k16.herokuapp.com/api/app/events/special/event?id=58065620dcba0f490c70fe09',
08-04 14:02:20.764 32570 32611 I art     : Starting a blocking GC Explicit
08-04 14:02:20.782 32570 32611 I art     : Explicit concurrent mark sweep GC freed 4793(318KB) AllocSpace objects, 4(220KB) LOS objects, 23% free, 52MB/68MB, paused 528us total 17.905ms
08-04 14:02:20.790 32570 32611 I art     : Starting a blocking GC Explicit
08-04 14:02:20.809 32570 32611 I art     : Explicit concurrent mark sweep GC freed 1074(140KB) AllocSpace objects, 0(0B) LOS objects, 23% free, 52MB/68MB, paused 276us total 18.571ms
08-04 14:02:20.816 32570 32611 I art     : Starting a blocking GC Explicit
08-04 14:02:20.830 32570 32611 I art     : Explicit concurrent mark sweep GC freed 6(192B) AllocSpace objects, 0(0B) LOS objects, 23% free, 52MB/68MB, paused 249us total 13.560ms
08-04 14:02:20.835 32570 32611 I art     : Starting a blocking GC Explicit
08-04 14:02:20.849 32570 32611 I art     : Explicit concurrent mark sweep GC freed 3(96B) AllocSpace objects, 0(0B) LOS objects, 23% free, 52MB/68MB, paused 231us total 13.702ms
08-04 14:02:20.856 32570 32611 I art     : Starting a blocking GC Explicit
08-04 14:02:20.869 32570 32611 I art     : Explicit concurrent mark sweep GC freed 3(96B) AllocSpace objects, 0(0B) LOS objects, 23% free, 52MB/68MB, paused 238us total 13.001ms
08-04 14:02:21.146 32570 32611 I art     : Starting a blocking GC Explicit
08-04 14:02:21.165 32570 32611 I art     : Explicit concurrent mark sweep GC freed 1341(78KB) AllocSpace objects, 1(20KB) LOS objects, 23% free, 52MB/68MB, paused 270us total 18.061ms
08-04 14:02:21.172 32570 32611 I art     : Starting a blocking GC Explicit
08-04 14:02:21.188 32570 32611 I art     : Explicit concurrent mark sweep GC freed 36(1264B) AllocSpace objects, 0(0B) LOS objects, 23% free, 52MB/68MB, paused 294us total 15.829ms
08-04 14:02:21.195 32570 32611 I art     : Starting a blocking GC Explicit
08-04 14:02:21.211 32570 32611 I art     : Explicit concurrent mark sweep GC freed 3(96B) AllocSpace objects, 0(0B) LOS objects, 23% free, 52MB/68MB, paused 265us total 15.731ms
08-04 14:02:21.218 32570 32611 I art     : Starting a blocking GC Explicit
08-04 14:02:21.233 32570 32611 I art     : Explicit concurrent mark sweep GC freed 3(96B) AllocSpace objects, 0(0B) LOS objects, 23% free, 52MB/68MB, paused 271us total 15.707ms
08-04 14:02:21.240 32570 32611 I art     : Starting a blocking GC Explicit
08-04 14:02:21.256 32570 32611 I art     : Explicit concurrent mark sweep GC freed 3(96B) AllocSpace objects, 0(0B) LOS objects, 23% free, 52MB/68MB, paused 258us total 15.420ms
08-04 14:02:21.343   518   646 I ThermalEngine: ACTION: GPU - Setting GPU[0] to 510000000
08-04 14:02:21.538 32570 32581 I art     : Starting a blocking GC Explicit
08-04 14:02:21.564 32570 32581 I art     : Explicit concurrent mark sweep GC freed 1341(78KB) AllocSpace objects, 1(20KB) LOS objects, 23% free, 52MB/68MB, paused 382us total 25.706ms
08-04 14:02:21.576 32570 32581 I art     : Starting a blocking GC Explicit
08-04 14:02:21.599 32570 32581 I art     : Explicit concurrent mark sweep GC freed 20(704B) AllocSpace objects, 0(0B) LOS objects, 23% free, 52MB/68MB, paused 364us total 22.675ms
08-04 14:02:21.607 32570 32581 I art     : Starting a blocking GC Explicit
08-04 14:02:21.627 32570 32581 I art     : Explicit concurrent mark sweep GC freed 3(96B) AllocSpace objects, 0(0B) LOS objects, 23% free, 52MB/68MB, paused 414us total 19.685ms
08-04 14:02:21.635 32570 32581 I art     : Starting a blocking GC Explicit
08-04 14:02:21.655 32570 32581 I art     : Explicit concurrent mark sweep GC freed 3(96B) AllocSpace objects, 0(0B) LOS objects, 23% free, 52MB/68MB, paused 346us total 19.535ms
08-04 14:02:21.664 32570 32581 I art     : Starting a blocking GC Explicit
08-04 14:02:21.684 32570 32581 I art     : Explicit concurrent mark sweep GC freed 3(96B) AllocSpace objects, 0(0B) LOS objects, 23% free, 52MB/68MB, paused 355us total 19.960ms
08-04 14:02:22.005 32570   829 I art     : Starting a blocking GC Explicit
08-04 14:02:22.034 32570   829 I art     : Explicit concurrent mark sweep GC freed 1341(78KB) AllocSpace objects, 1(20KB) LOS objects, 23% free, 52MB/68MB, paused 461us total 28.484ms
08-04 14:02:22.046 32570   829 I art     : Starting a blocking GC Explicit
08-04 14:02:22.068 32570   829 I art     : Explicit concurrent mark sweep GC freed 20(704B) AllocSpace objects, 0(0B) LOS objects, 23% free, 52MB/68MB, paused 369us total 21.631ms
08-04 14:02:22.076 32570   829 I art     : Starting a blocking GC Explicit
08-04 14:02:22.096 32570   829 I art     : Explicit concurrent mark sweep GC freed 3(96B) AllocSpace objects, 0(0B) LOS objects, 23% free, 52MB/68MB, paused 330us total 19.198ms
08-04 14:02:22.105 32570   829 I art     : Starting a blocking GC Explicit
08-04 14:02:22.124 32570   829 I art     : Explicit concurrent mark sweep GC freed 3(96B) AllocSpace objects, 0(0B) LOS objects, 23% free, 52MB/68MB, paused 344us total 19.231ms
08-04 14:02:22.132 32570   829 I art     : Starting a blocking GC Explicit
08-04 14:02:22.151 32570   829 I art     : Explicit concurrent mark sweep GC freed 3(96B) AllocSpace objects, 0(0B) LOS objects, 23% free, 52MB/68MB, paused 357us total 18.092ms
08-04 14:02:22.436 32570 32582 I art     : Starting a blocking GC Explicit
08-04 14:02:22.457 32570 32582 I art     : Explicit concurrent mark sweep GC freed 1341(78KB) AllocSpace objects, 1(20KB) LOS objects, 23% free, 52MB/68MB, paused 386us total 20.245ms
08-04 14:02:22.465 32570 32582 I art     : Starting a blocking GC Explicit
08-04 14:02:22.485 32570 32582 I art     : Explicit concurrent mark sweep GC freed 20(704B) AllocSpace objects, 0(0B) LOS objects, 23% free, 52MB/68MB, paused 369us total 19.324ms
08-04 14:02:22.493 32570 32582 I art     : Starting a blocking GC Explicit
08-04 14:02:22.512 32570 32582 I art     : Explicit concurrent mark sweep GC freed 3(96B) AllocSpace objects, 0(0B) LOS objects, 23% free, 52MB/68MB, paused 372us total 18.832ms
08-04 14:02:22.520 32570 32582 I art     : Starting a blocking GC Explicit
08-04 14:02:22.525  1536  1536 D AndroidRuntime: >>>>>> START com.android.internal.os.RuntimeInit uid 2000 <<<<<<
08-04 14:02:22.530  1536  1536 D AndroidRuntime: CheckJNI is OFF
08-04 14:02:22.539 32570 32582 I art     : Explicit concurrent mark sweep GC freed 3(96B) AllocSpace objects, 0(0B) LOS objects, 23% free, 52MB/68MB, paused 355us total 18.836ms
08-04 14:02:22.548 32570 32582 I art     : Starting a blocking GC Explicit
08-04 14:02:22.566  1536  1536 D ICU     : No timezone override file found: /data/misc/zoneinfo/current/icu/icu_tzdata.dat
08-04 14:02:22.567 32570 32582 I art     : Explicit concurrent mark sweep GC freed 3(96B) AllocSpace objects, 0(0B) LOS objects, 23% free, 52MB/68MB, paused 875us total 19.338ms
08-04 14:02:22.601  1536  1536 I Radio-JNI: register_android_hardware_Radio DONE
08-04 14:02:22.622  1536  1536 D AndroidRuntime: Calling main entry com.android.commands.input.Input
08-04 14:02:22.624  1536  1536 I Input   : injectKeyEvent: KeyEvent { action=ACTION_DOWN, keyCode=KEYCODE_BACK, scanCode=0, metaState=0, flags=0x0, repeatCount=0, eventTime=712959037, downTime=712959037, deviceId=-1, source=0x101 }
08-04 14:02:22.630  1536  1536 I Input   : injectKeyEvent: KeyEvent { action=ACTION_UP, keyCode=KEYCODE_BACK, scanCode=0, metaState=0, flags=0x0, repeatCount=0, eventTime=712959037, downTime=712959037, deviceId=-1, source=0x101 }
08-04 14:02:22.636  1536  1536 D AndroidRuntime: Shutting down VM
08-04 14:02:22.685 13866 13866 I GoogleInputMethodServic: GoogleInputMethodService.onFinishInput():3138 
08-04 14:02:22.685 13866 13866 I GoogleInputMethodServic: GoogleInputMethodService.onStartInput():1808 
08-04 14:02:22.815 32570 32581 I art     : Starting a blocking GC Explicit
08-04 14:02:22.836 32570 32581 I art     : Explicit concurrent mark sweep GC freed 1511(85KB) AllocSpace objects, 1(20KB) LOS objects, 23% free, 52MB/68MB, paused 356us total 20.422ms
08-04 14:02:22.846 32570 32581 I art     : Starting a blocking GC Explicit
08-04 14:02:22.870 32570 32581 I art     : Explicit concurrent mark sweep GC freed 26(944B) AllocSpace objects, 0(0B) LOS objects, 23% free, 52MB/68MB, paused 385us total 23.129ms
08-04 14:02:22.882 32570 32581 I art     : Starting a blocking GC Explicit
08-04 14:02:22.907 32570 32581 I art     : Explicit concurrent mark sweep GC freed 3(96B) AllocSpace objects, 0(0B) LOS objects, 23% free, 52MB/68MB, paused 404us total 24.480ms
08-04 14:02:22.917 32570 32581 I art     : Starting a blocking GC Explicit
08-04 14:02:22.941 32570 32581 I art     : Explicit concurrent mark sweep GC freed 3(96B) AllocSpace objects, 0(0B) LOS objects, 23% free, 52MB/68MB, paused 389us total 23.805ms
08-04 14:02:22.950 32570 32581 I art     : Starting a blocking GC Explicit
08-04 14:02:22.972 32570 32581 I art     : Explicit concurrent mark sweep GC freed 3(96B) AllocSpace objects, 0(0B) LOS objects, 23% free, 52MB/68MB, paused 321us total 21.472ms
08-04 14:02:22.983   380   380 W SurfaceFlinger: couldn't log to binary event log: overflow.
08-04 14:02:23.159   918  3261 D WifiStateMachine: starting scan for "H369AA63323"WPA_PSK with 2412,5180
08-04 14:02:23.256 32570   829 I art     : Starting a blocking GC Explicit
08-04 14:02:23.281 32570   829 I art     : Explicit concurrent mark sweep GC freed 1450(87KB) AllocSpace objects, 1(20KB) LOS objects, 23% free, 52MB/68MB, paused 382us total 25.004ms
08-04 14:02:23.292 32570   829 I art     : Starting a blocking GC Explicit
08-04 14:02:23.312 32570   829 I art     : Explicit concurrent mark sweep GC freed 1672(106KB) AllocSpace objects, 3(400KB) LOS objects, 23% free, 51MB/67MB, paused 355us total 19.687ms
08-04 14:02:23.321 32570   829 I art     : Starting a blocking GC Explicit
08-04 14:02:23.340 32570   829 I art     : Explicit concurrent mark sweep GC freed 3(96B) AllocSpace objects, 0(0B) LOS objects, 23% free, 51MB/67MB, paused 352us total 19.409ms
08-04 14:02:23.349 32570   829 I art     : Starting a blocking GC Explicit
08-04 14:02:23.368 32570   829 I art     : Explicit concurrent mark sweep GC freed 3(96B) AllocSpace objects, 0(0B) LOS objects, 23% free, 51MB/67MB, paused 366us total 18.909ms
08-04 14:02:23.376 32570   829 I art     : Starting a blocking GC Explicit
08-04 14:02:23.395 32570   829 I art     : Explicit concurrent mark sweep GC freed 3(96B) AllocSpace objects, 0(0B) LOS objects, 23% free, 51MB/67MB, paused 335us total 18.713ms
08-04 14:02:23.668 32570 32582 I art     : Starting a blocking GC Explicit
08-04 14:02:23.688 32570 32582 I art     : Explicit concurrent mark sweep GC freed 1341(78KB) AllocSpace objects, 1(20KB) LOS objects, 23% free, 51MB/67MB, paused 378us total 19.906ms
08-04 14:02:23.696 32570 32582 I art     : Starting a blocking GC Explicit
08-04 14:02:23.715 32570 32582 I art     : Explicit concurrent mark sweep GC freed 20(704B) AllocSpace objects, 0(0B) LOS objects, 23% free, 51MB/67MB, paused 359us total 18.975ms
08-04 14:02:23.724 32570 32582 I art     : Starting a blocking GC Explicit
08-04 14:02:23.744 32570 32582 I art     : Explicit concurrent mark sweep GC freed 3(96B) AllocSpace objects, 0(0B) LOS objects, 23% free, 51MB/67MB, paused 364us total 19.393ms
08-04 14:02:23.752 32570 32582 I art     : Starting a blocking GC Explicit
08-04 14:02:23.772 32570 32582 I art     : Explicit concurrent mark sweep GC freed 3(96B) AllocSpace objects, 0(0B) LOS objects, 23% free, 51MB/67MB, paused 486us total 19.572ms
08-04 14:02:23.781 32570 32582 I art     : Starting a blocking GC Explicit
08-04 14:02:23.801 32570 32582 I art     : Explicit concurrent mark sweep GC freed 3(96B) AllocSpace objects, 0(0B) LOS objects, 23% free, 51MB/67MB, paused 357us total 19.282ms
08-04 14:02:24.056 32570  1570 I art     : Starting a blocking GC Explicit
08-04 14:02:24.077 32570  1570 I art     : Explicit concurrent mark sweep GC freed 1340(78KB) AllocSpace objects, 1(20KB) LOS objects, 23% free, 51MB/67MB, paused 519us total 20.932ms
08-04 14:02:24.090 32570  1570 I art     : Starting a blocking GC Explicit
08-04 14:02:24.109 32570  1570 I art     : Explicit concurrent mark sweep GC freed 20(704B) AllocSpace objects, 0(0B) LOS objects, 23% free, 51MB/67MB, paused 353us total 18.693ms
08-04 14:02:24.117 32570  1570 I art     : Starting a blocking GC Explicit
08-04 14:02:24.136 32570  1570 I art     : Explicit concurrent mark sweep GC freed 3(96B) AllocSpace objects, 0(0B) LOS objects, 23% free, 51MB/67MB, paused 355us total 18.500ms
08-04 14:02:24.145 32570  1570 I art     : Starting a blocking GC Explicit
08-04 14:02:24.163 32570  1570 I art     : Explicit concurrent mark sweep GC freed 3(96B) AllocSpace objects, 0(0B) LOS objects, 23% free, 51MB/67MB, paused 348us total 18.203ms
08-04 14:02:24.171 32570  1570 I art     : Starting a blocking GC Explicit
08-04 14:02:24.190 32570  1570 I art     : Explicit concurrent mark sweep GC freed 3(96B) AllocSpace objects, 0(0B) LOS objects, 23% free, 51MB/67MB, paused 345us total 18.452ms
08-04 14:02:24.314  1592  1592 D AndroidRuntime: >>>>>> START com.android.internal.os.RuntimeInit uid 2000 <<<<<<
08-04 14:02:24.321  1592  1592 D AndroidRuntime: CheckJNI is OFF
08-04 14:02:24.354  1592  1592 D ICU     : No timezone override file found: /data/misc/zoneinfo/current/icu/icu_tzdata.dat
08-04 14:02:24.386  1592  1592 I Radio-JNI: register_android_hardware_Radio DONE
08-04 14:02:24.408  1592  1592 D AndroidRuntime: Calling main entry com.android.commands.input.Input
08-04 14:02:24.409  1592  1592 I Input   : injectMotionEvent: MotionEvent { action=ACTION_DOWN, actionButton=0, id[0]=0, x[0]=733.0, y[0]=1957.0, toolType[0]=TOOL_TYPE_UNKNOWN, buttonState=0, metaState=0, flags=0x0, edgeFlags=0x0, pointerCount=1, historySize=0, eventTime=712960822, downTime=712960822, deviceId=0, source=0x1002 }
08-04 14:02:24.414  1592  1592 I Input   : injectMotionEvent: MotionEvent { action=ACTION_UP, actionButton=0, id[0]=0, x[0]=733.0, y[0]=1957.0, toolType[0]=TOOL_TYPE_UNKNOWN, buttonState=0, metaState=0, flags=0x0, edgeFlags=0x0, pointerCount=1, historySize=0, eventTime=712960822, downTime=712960822, deviceId=0, source=0x1002 }
08-04 14:02:24.415   918  5952 I ActivityManager: START u0 {cmp=baseline.appteam.nith.hillffair/.activities.ClubActivity (has extras)} from uid 10651 on display 0
08-04 14:02:24.427  1592  1592 D AndroidRuntime: Shutting down VM
08-04 14:02:24.483 32570  1570 I art     : Starting a blocking GC Explicit
08-04 14:02:24.503 32570  1570 I art     : Explicit concurrent mark sweep GC freed 5038(320KB) AllocSpace objects, 1(20KB) LOS objects, 23% free, 52MB/68MB, paused 400us total 18.926ms
08-04 14:02:24.511 32570  1570 I art     : Starting a blocking GC Explicit
08-04 14:02:24.530   918   936 I ActivityManager: Displayed baseline.appteam.nith.hillffair/.activities.ClubActivity: +103ms
08-04 14:02:24.531 13866 13866 I GoogleInputMethodServic: GoogleInputMethodService.onFinishInput():3138 
08-04 14:02:24.531 13866 13866 I GoogleInputMethodServic: GoogleInputMethodService.onStartInput():1808 
08-04 14:02:24.532 32570  1570 I art     : Explicit concurrent mark sweep GC freed 411(18KB) AllocSpace objects, 0(0B) LOS objects, 23% free, 52MB/68MB, paused 410us total 20.437ms
08-04 14:02:24.541 32570  1570 I art     : Starting a blocking GC Explicit
08-04 14:02:24.560 32570  1570 I art     : Explicit concurrent mark sweep GC freed 48(2944B) AllocSpace objects, 0(0B) LOS objects, 23% free, 52MB/68MB, paused 472us total 18.683ms
08-04 14:02:24.570 32570  1570 I art     : Starting a blocking GC Explicit
08-04 14:02:24.587 32570  1570 I art     : Explicit concurrent mark sweep GC freed 13(432B) AllocSpace objects, 0(0B) LOS objects, 23% free, 52MB/68MB, paused 378us total 17.215ms
08-04 14:02:24.595 32570  1570 I art     : Starting a blocking GC Explicit
08-04 14:02:24.613 32570  1570 I art     : Explicit concurrent mark sweep GC freed 3(96B) AllocSpace objects, 0(0B) LOS objects, 23% free, 52MB/68MB, paused 380us total 17.752ms
08-04 14:02:24.798   380   380 W SurfaceFlinger: couldn't log to binary event log: overflow.
08-04 14:02:24.874 32570 32582 I art     : Starting a blocking GC Explicit
08-04 14:02:24.893 32570 32582 I art     : Explicit concurrent mark sweep GC freed 1342(78KB) AllocSpace objects, 1(20KB) LOS objects, 23% free, 52MB/68MB, paused 375us total 18.487ms
08-04 14:02:24.901 32570 32582 I art     : Starting a blocking GC Explicit
08-04 14:02:24.920 32570 32582 I art     : Explicit concurrent mark sweep GC freed 20(704B) AllocSpace objects, 0(0B) LOS objects, 23% free, 52MB/68MB, paused 520us total 19.237ms
08-04 14:02:24.929 32570 32582 I art     : Starting a blocking GC Explicit
08-04 14:02:24.951 32570 32582 I art     : Explicit concurrent mark sweep GC freed 105(5KB) AllocSpace objects, 0(0B) LOS objects, 23% free, 52MB/68MB, paused 393us total 21.731ms
08-04 14:02:24.958 32570 32582 I art     : Starting a blocking GC Explicit
08-04 14:02:24.976 32570 32582 I art     : Explicit concurrent mark sweep GC freed 13(480B) AllocSpace objects, 0(0B) LOS objects, 23% free, 52MB/68MB, paused 380us total 17.723ms
08-04 14:02:24.984 32570 32582 I art     : Starting a blocking GC Explicit
08-04 14:02:25.003 32570 32582 I art     : Explicit concurrent mark sweep GC freed 10(352B) AllocSpace objects, 0(0B) LOS objects, 23% free, 52MB/68MB, paused 499us total 18.303ms
08-04 14:02:25.261 32570  1626 D OkHttp  : --> GET https://api-hillfair-2k16.herokuapp.com/api/app/events/special/event?id=58065620dcba0f490c70fe09 http/1.1
08-04 14:02:25.281 32570 32581 I art     : Starting a blocking GC Explicit
08-04 14:02:25.289 32570  1626 D OkHttp  : <-- 200 OK https://api-hillfair-2k16.herokuapp.com/api/app/events/special/event?id=58065620dcba0f490c70fe09 (27ms, 682-byte body)
08-04 14:02:25.303 32570 32581 I art     : Explicit concurrent mark sweep GC freed 4152(246KB) AllocSpace objects, 4(220KB) LOS objects, 23% free, 52MB/68MB, paused 469us total 21.704ms
08-04 14:02:25.312 32570 32581 I art     : Starting a blocking GC Explicit
08-04 14:02:25.331 32570 32581 I art     : Explicit concurrent mark sweep GC freed 1090(121KB) AllocSpace objects, 0(0B) LOS objects, 23% free, 52MB/68MB, paused 485us total 19.603ms
08-04 14:02:25.340 32570 32581 I art     : Starting a blocking GC Explicit
08-04 14:02:25.340 32570 32570 I NAPPA_EXPERIMENTATION: MetricNetworkRequestExecutionTime: REQUEST_DURATION_SYSTEM='886',REQUEST_DURATION_OKHTTP='27',REQUEST_SYNCHRONOUS='FALSE',RESPONSE_CODE='200',RESPONSE_METHOD='GET',RESPONSE_LENGTH_OKHTTP='682',RESPONSE_LENGTH_HEADER='682',REQUEST_PROTOCOL='http/1.1',REQUEST_URL='https://api-hillfair-2k16.herokuapp.com/api/app/events/special/event?id=58065620dcba0f490c70fe09',
08-04 14:02:25.359 32570 32581 I art     : Explicit concurrent mark sweep GC freed 232(43KB) AllocSpace objects, 0(0B) LOS objects, 23% free, 52MB/68MB, paused 557us total 18.967ms
08-04 14:02:25.367 32570 32581 I art     : Starting a blocking GC Explicit
08-04 14:02:25.387 32570 32581 I art     : Explicit concurrent mark sweep GC freed 369(19KB) AllocSpace objects, 0(0B) LOS objects, 23% free, 52MB/68MB, paused 485us total 18.963ms
08-04 14:02:25.396 32570 32581 I art     : Starting a blocking GC Explicit
08-04 14:02:25.413 32570 32581 I art     : Explicit concurrent mark sweep GC freed 31(960B) AllocSpace objects, 0(0B) LOS objects, 23% free, 52MB/68MB, paused 340us total 17.141ms
08-04 14:02:25.694 32570 32581 I art     : Starting a blocking GC Explicit
08-04 14:02:25.714 32570 32581 I art     : Explicit concurrent mark sweep GC freed 1341(78KB) AllocSpace objects, 1(20KB) LOS objects, 23% free, 52MB/68MB, paused 383us total 20.548ms
08-04 14:02:25.723 32570 32581 I art     : Starting a blocking GC Explicit
08-04 14:02:25.743 32570 32581 I art     : Explicit concurrent mark sweep GC freed 36(1264B) AllocSpace objects, 0(0B) LOS objects, 23% free, 52MB/68MB, paused 378us total 19.921ms
08-04 14:02:25.752 32570 32581 I art     : Starting a blocking GC Explicit
08-04 14:02:25.772 32570 32581 I art     : Explicit concurrent mark sweep GC freed 3(96B) AllocSpace objects, 0(0B) LOS objects, 23% free, 52MB/68MB, paused 366us total 20.018ms
08-04 14:02:25.780 32570 32581 I art     : Starting a blocking GC Explicit
08-04 14:02:25.800 32570 32581 I art     : Explicit concurrent mark sweep GC freed 3(96B) AllocSpace objects, 0(0B) LOS objects, 23% free, 52MB/68MB, paused 368us total 19.786ms
08-04 14:02:25.809 32570 32581 I art     : Starting a blocking GC Explicit
08-04 14:02:25.829 32570 32581 I art     : Explicit concurrent mark sweep GC freed 3(96B) AllocSpace objects, 0(0B) LOS objects, 23% free, 52MB/68MB, paused 373us total 20.184ms
08-04 14:02:26.118 32570  1570 I art     : Starting a blocking GC Explicit
08-04 14:02:26.142 32570  1570 I art     : Explicit concurrent mark sweep GC freed 1341(78KB) AllocSpace objects, 1(20KB) LOS objects, 23% free, 52MB/68MB, paused 409us total 24.103ms
08-04 14:02:26.154 32570  1570 I art     : Starting a blocking GC Explicit
08-04 14:02:26.175 32570  1570 I art     : Explicit concurrent mark sweep GC freed 20(704B) AllocSpace objects, 0(0B) LOS objects, 23% free, 52MB/68MB, paused 384us total 20.587ms
08-04 14:02:26.183 32570  1570 I art     : Starting a blocking GC Explicit
08-04 14:02:26.204 32570  1570 I art     : Explicit concurrent mark sweep GC freed 3(96B) AllocSpace objects, 0(0B) LOS objects, 23% free, 52MB/68MB, paused 370us total 20.515ms
08-04 14:02:26.213 32570  1570 I art     : Starting a blocking GC Explicit
08-04 14:02:26.234 32570  1570 I art     : Explicit concurrent mark sweep GC freed 3(96B) AllocSpace objects, 0(0B) LOS objects, 23% free, 52MB/68MB, paused 379us total 20.878ms
08-04 14:02:26.243 32570  1570 I art     : Starting a blocking GC Explicit
08-04 14:02:26.263 32570  1570 I art     : Explicit concurrent mark sweep GC freed 3(96B) AllocSpace objects, 0(0B) LOS objects, 23% free, 52MB/68MB, paused 381us total 19.697ms
08-04 14:02:26.565 32570 32582 I art     : Starting a blocking GC Explicit
08-04 14:02:26.591 32570 32582 I art     : Explicit concurrent mark sweep GC freed 1341(78KB) AllocSpace objects, 1(20KB) LOS objects, 23% free, 52MB/68MB, paused 404us total 25.094ms
08-04 14:02:26.603 32570 32582 I art     : Starting a blocking GC Explicit
08-04 14:02:26.628 32570 32582 I art     : Explicit concurrent mark sweep GC freed 20(704B) AllocSpace objects, 0(0B) LOS objects, 23% free, 52MB/68MB, paused 438us total 25.083ms
08-04 14:02:26.639 32570 32582 I art     : Starting a blocking GC Explicit
08-04 14:02:26.660 32570 32582 I art     : Explicit concurrent mark sweep GC freed 3(96B) AllocSpace objects, 0(0B) LOS objects, 23% free, 52MB/68MB, paused 354us total 19.914ms
08-04 14:02:26.668 32570 32582 I art     : Starting a blocking GC Explicit
08-04 14:02:26.687 32570 32582 I art     : Explicit concurrent mark sweep GC freed 3(96B) AllocSpace objects, 0(0B) LOS objects, 23% free, 52MB/68MB, paused 349us total 18.805ms
08-04 14:02:26.695 32570 32582 I art     : Starting a blocking GC Explicit
08-04 14:02:26.714 32570 32582 I art     : Explicit concurrent mark sweep GC freed 3(96B) AllocSpace objects, 0(0B) LOS objects, 23% free, 52MB/68MB, paused 408us total 18.792ms
08-04 14:02:27.038 32570 32611 I art     : Starting a blocking GC Explicit
08-04 14:02:27.063 32570 32611 I art     : Explicit concurrent mark sweep GC freed 1341(78KB) AllocSpace objects, 1(20KB) LOS objects, 23% free, 52MB/68MB, paused 417us total 24.418ms
08-04 14:02:27.073 32570 32611 I art     : Starting a blocking GC Explicit
08-04 14:02:27.093 32570 32611 I art     : Explicit concurrent mark sweep GC freed 20(704B) AllocSpace objects, 0(0B) LOS objects, 23% free, 52MB/68MB, paused 438us total 19.833ms
08-04 14:02:27.102 32570 32611 I art     : Starting a blocking GC Explicit
08-04 14:02:27.102  1679  1679 D AndroidRuntime: >>>>>> START com.android.internal.os.RuntimeInit uid 2000 <<<<<<
08-04 14:02:27.107  1679  1679 D AndroidRuntime: CheckJNI is OFF
08-04 14:02:27.121 32570 32611 I art     : Explicit concurrent mark sweep GC freed 3(96B) AllocSpace objects, 0(0B) LOS objects, 23% free, 52MB/68MB, paused 376us total 19.140ms
08-04 14:02:27.129 32570 32611 I art     : Starting a blocking GC Explicit
08-04 14:02:27.143  1679  1679 D ICU     : No timezone override file found: /data/misc/zoneinfo/current/icu/icu_tzdata.dat
08-04 14:02:27.149 32570 32611 I art     : Explicit concurrent mark sweep GC freed 3(96B) AllocSpace objects, 0(0B) LOS objects, 23% free, 52MB/68MB, paused 370us total 19.486ms
08-04 14:02:27.157 32570 32611 I art     : Starting a blocking GC Explicit
08-04 14:02:27.176 32570 32611 I art     : Explicit concurrent mark sweep GC freed 3(96B) AllocSpace objects, 0(0B) LOS objects, 23% free, 52MB/68MB, paused 407us total 18.812ms
08-04 14:02:27.177  1679  1679 I Radio-JNI: register_android_hardware_Radio DONE
08-04 14:02:27.199  1679  1679 D AndroidRuntime: Calling main entry com.android.commands.input.Input
08-04 14:02:27.201  1679  1679 I Input   : injectKeyEvent: KeyEvent { action=ACTION_DOWN, keyCode=KEYCODE_BACK, scanCode=0, metaState=0, flags=0x0, repeatCount=0, eventTime=712963614, downTime=712963614, deviceId=-1, source=0x101 }
08-04 14:02:27.207  1679  1679 I Input   : injectKeyEvent: KeyEvent { action=ACTION_UP, keyCode=KEYCODE_BACK, scanCode=0, metaState=0, flags=0x0, repeatCount=0, eventTime=712963614, downTime=712963614, deviceId=-1, source=0x101 }
08-04 14:02:27.212  1679  1679 D AndroidRuntime: Shutting down VM
08-04 14:02:27.247 13866 13866 I GoogleInputMethodServic: GoogleInputMethodService.onFinishInput():3138 
08-04 14:02:27.247 13866 13866 I GoogleInputMethodServic: GoogleInputMethodService.onStartInput():1808 
08-04 14:02:27.432 32570 32611 I art     : Starting a blocking GC Explicit
08-04 14:02:27.456 32570 32611 I art     : Explicit concurrent mark sweep GC freed 1511(85KB) AllocSpace objects, 1(20KB) LOS objects, 23% free, 52MB/68MB, paused 376us total 23.485ms
08-04 14:02:27.469 32570 32611 I art     : Starting a blocking GC Explicit
08-04 14:02:27.492 32570 32611 I art     : Explicit concurrent mark sweep GC freed 26(944B) AllocSpace objects, 0(0B) LOS objects, 23% free, 52MB/68MB, paused 422us total 23.254ms
08-04 14:02:27.504 32570 32611 I art     : Starting a blocking GC Explicit
08-04 14:02:27.526 32570 32611 I art     : Explicit concurrent mark sweep GC freed 3(96B) AllocSpace objects, 0(0B) LOS objects, 23% free, 52MB/68MB, paused 340us total 21.927ms
08-04 14:02:27.535 32570 32611 I art     : Starting a blocking GC Explicit
08-04 14:02:27.538   380   380 W SurfaceFlinger: couldn't log to binary event log: overflow.
08-04 14:02:27.555 32570 32611 I art     : Explicit concurrent mark sweep GC freed 111(8KB) AllocSpace objects, 0(0B) LOS objects, 23% free, 52MB/68MB, paused 397us total 20.070ms
08-04 14:02:27.563 32570 32611 I art     : Starting a blocking GC Explicit
08-04 14:02:27.582 32570 32611 I art     : Explicit concurrent mark sweep GC freed 112(5KB) AllocSpace objects, 0(0B) LOS objects, 23% free, 52MB/68MB, paused 413us total 18.463ms
08-04 14:02:27.862 32570 32581 I art     : Starting a blocking GC Explicit
08-04 14:02:27.888 32570 32581 I art     : Explicit concurrent mark sweep GC freed 2885(178KB) AllocSpace objects, 4(420KB) LOS objects, 23% free, 52MB/68MB, paused 627us total 25.631ms
08-04 14:02:27.902 32570 32581 I art     : Starting a blocking GC Explicit
08-04 14:02:27.925 32570 32581 I art     : Explicit concurrent mark sweep GC freed 20(704B) AllocSpace objects, 0(0B) LOS objects, 23% free, 52MB/68MB, paused 391us total 22.517ms
08-04 14:02:27.934 32570 32581 I art     : Starting a blocking GC Explicit
08-04 14:02:27.954 32570 32581 I art     : Explicit concurrent mark sweep GC freed 3(96B) AllocSpace objects, 0(0B) LOS objects, 23% free, 52MB/68MB, paused 371us total 19.845ms
08-04 14:02:27.962 32570 32581 I art     : Starting a blocking GC Explicit
08-04 14:02:27.982 32570 32581 I art     : Explicit concurrent mark sweep GC freed 3(96B) AllocSpace objects, 0(0B) LOS objects, 23% free, 52MB/68MB, paused 364us total 19.442ms
08-04 14:02:27.991 32570 32581 I art     : Starting a blocking GC Explicit
08-04 14:02:28.010 32570 32581 I art     : Explicit concurrent mark sweep GC freed 3(96B) AllocSpace objects, 0(0B) LOS objects, 23% free, 52MB/68MB, paused 380us total 19.704ms
08-04 14:02:28.308 32570   829 I art     : Starting a blocking GC Explicit
08-04 14:02:28.333 32570   829 I art     : Explicit concurrent mark sweep GC freed 1340(78KB) AllocSpace objects, 1(20KB) LOS objects, 23% free, 52MB/68MB, paused 423us total 24.707ms
08-04 14:02:28.345 32570   829 I art     : Starting a blocking GC Explicit
08-04 14:02:28.365 32570   829 I art     : Explicit concurrent mark sweep GC freed 20(704B) AllocSpace objects, 0(0B) LOS objects, 23% free, 52MB/68MB, paused 387us total 19.769ms
08-04 14:02:28.373 32570   829 I art     : Starting a blocking GC Explicit
08-04 14:02:28.393 32570   829 I art     : Explicit concurrent mark sweep GC freed 3(96B) AllocSpace objects, 0(0B) LOS objects, 23% free, 52MB/68MB, paused 376us total 19.410ms
08-04 14:02:28.401 32570   829 I art     : Starting a blocking GC Explicit
08-04 14:02:28.422 32570   829 I art     : Explicit concurrent mark sweep GC freed 3(96B) AllocSpace objects, 0(0B) LOS objects, 23% free, 52MB/68MB, paused 428us total 19.829ms
08-04 14:02:28.430 32570   829 I art     : Starting a blocking GC Explicit
08-04 14:02:28.449 32570   829 I art     : Explicit concurrent mark sweep GC freed 3(96B) AllocSpace objects, 0(0B) LOS objects, 23% free, 52MB/68MB, paused 347us total 18.416ms
08-04 14:02:28.713 32570  1570 I art     : Starting a blocking GC Explicit
08-04 14:02:28.734 32570  1570 I art     : Explicit concurrent mark sweep GC freed 1340(78KB) AllocSpace objects, 1(20KB) LOS objects, 23% free, 52MB/68MB, paused 382us total 20.313ms
08-04 14:02:28.742 32570  1570 I art     : Starting a blocking GC Explicit
08-04 14:02:28.762 32570  1570 I art     : Explicit concurrent mark sweep GC freed 20(704B) AllocSpace objects, 0(0B) LOS objects, 23% free, 52MB/68MB, paused 382us total 19.619ms
08-04 14:02:28.771 32570  1570 I art     : Starting a blocking GC Explicit
08-04 14:02:28.790 32570  1570 I art     : Explicit concurrent mark sweep GC freed 3(96B) AllocSpace objects, 0(0B) LOS objects, 23% free, 52MB/68MB, paused 381us total 19.066ms
08-04 14:02:28.799 32570  1570 I art     : Starting a blocking GC Explicit
08-04 14:02:28.818 32570  1570 I art     : Explicit concurrent mark sweep GC freed 3(96B) AllocSpace objects, 0(0B) LOS objects, 23% free, 52MB/68MB, paused 387us total 19.300ms
08-04 14:02:28.827 32570  1570 I art     : Starting a blocking GC Explicit
08-04 14:02:28.846 32570  1570 I art     : Explicit concurrent mark sweep GC freed 3(96B) AllocSpace objects, 0(0B) LOS objects, 23% free, 52MB/68MB, paused 378us total 18.500ms
08-04 14:02:28.866  1732  1732 D AndroidRuntime: >>>>>> START com.android.internal.os.RuntimeInit uid 2000 <<<<<<
08-04 14:02:28.871  1732  1732 D AndroidRuntime: CheckJNI is OFF
08-04 14:02:28.904  1732  1732 D ICU     : No timezone override file found: /data/misc/zoneinfo/current/icu/icu_tzdata.dat
08-04 14:02:28.938  1732  1732 I Radio-JNI: register_android_hardware_Radio DONE
08-04 14:02:28.960  1732  1732 D AndroidRuntime: Calling main entry com.android.commands.input.Input
08-04 14:02:28.962  1732  1732 I Input   : injectMotionEvent: MotionEvent { action=ACTION_DOWN, actionButton=0, id[0]=0, x[0]=733.0, y[0]=645.0, toolType[0]=TOOL_TYPE_UNKNOWN, buttonState=0, metaState=0, flags=0x0, edgeFlags=0x0, pointerCount=1, historySize=0, eventTime=712965374, downTime=712965374, deviceId=0, source=0x1002 }
08-04 14:02:28.967  1732  1732 I Input   : injectMotionEvent: MotionEvent { action=ACTION_UP, actionButton=0, id[0]=0, x[0]=733.0, y[0]=645.0, toolType[0]=TOOL_TYPE_UNKNOWN, buttonState=0, metaState=0, flags=0x0, edgeFlags=0x0, pointerCount=1, historySize=0, eventTime=712965374, downTime=712965374, deviceId=0, source=0x1002 }
08-04 14:02:28.969   918  4400 I ActivityManager: START u0 {cmp=baseline.appteam.nith.hillffair/.activities.ClubActivity (has extras)} from uid 10651 on display 0
08-04 14:02:28.977  1732  1732 D AndroidRuntime: Shutting down VM
08-04 14:02:29.065 13866 13866 I GoogleInputMethodServic: GoogleInputMethodService.onFinishInput():3138 
08-04 14:02:29.065 13866 13866 I GoogleInputMethodServic: GoogleInputMethodService.onStartInput():1808 
08-04 14:02:29.066   918   936 I ActivityManager: Displayed baseline.appteam.nith.hillffair/.activities.ClubActivity: +86ms
08-04 14:02:29.094 32570 32581 I art     : Starting a blocking GC Explicit
08-04 14:02:29.115 32570 32581 I art     : Explicit concurrent mark sweep GC freed 5212(325KB) AllocSpace objects, 1(20KB) LOS objects, 23% free, 52MB/68MB, paused 435us total 20.604ms
08-04 14:02:29.124 32570 32581 I art     : Starting a blocking GC Explicit
08-04 14:02:29.142 32570 32581 I art     : Explicit concurrent mark sweep GC freed 280(14KB) AllocSpace objects, 0(0B) LOS objects, 23% free, 52MB/68MB, paused 400us total 18.049ms
08-04 14:02:29.150 32570 32581 I art     : Starting a blocking GC Explicit
08-04 14:02:29.169 32570 32581 I art     : Explicit concurrent mark sweep GC freed 9(464B) AllocSpace objects, 0(0B) LOS objects, 23% free, 52MB/68MB, paused 446us total 18.810ms
08-04 14:02:29.179 32570 32581 I art     : Starting a blocking GC Explicit
08-04 14:02:29.201 32570 32581 I art     : Explicit concurrent mark sweep GC freed 3(96B) AllocSpace objects, 0(0B) LOS objects, 23% free, 52MB/68MB, paused 407us total 21.600ms
08-04 14:02:29.211 32570 32581 I art     : Starting a blocking GC Explicit
08-04 14:02:29.234 32570 32581 I art     : Explicit concurrent mark sweep GC freed 3(96B) AllocSpace objects, 0(0B) LOS objects, 23% free, 52MB/68MB, paused 402us total 22.807ms
08-04 14:02:29.324   380   380 W SurfaceFlinger: couldn't log to binary event log: overflow.
08-04 14:02:29.470 32570   829 I art     : Starting a blocking GC Explicit
08-04 14:02:29.488 32570   829 I art     : Explicit concurrent mark sweep GC freed 1446(84KB) AllocSpace objects, 1(20KB) LOS objects, 23% free, 52MB/68MB, paused 451us total 18.129ms
08-04 14:02:29.496 32570   829 I art     : Starting a blocking GC Explicit
08-04 14:02:29.516 32570   829 I art     : Explicit concurrent mark sweep GC freed 32(1152B) AllocSpace objects, 0(0B) LOS objects, 23% free, 52MB/68MB, paused 426us total 19.080ms
08-04 14:02:29.516 32570 32580 I art     : WaitForGcToComplete blocked for 12.933ms for cause HeapTrim
08-04 14:02:29.524 32570   829 I art     : Starting a blocking GC Explicit
08-04 14:02:29.544 32570   829 I art     : Explicit concurrent mark sweep GC freed 13(480B) AllocSpace objects, 0(0B) LOS objects, 23% free, 52MB/68MB, paused 388us total 19.467ms
08-04 14:02:29.552 32570   829 I art     : Starting a blocking GC Explicit
08-04 14:02:29.571 32570   829 I art     : Explicit concurrent mark sweep GC freed 10(352B) AllocSpace objects, 0(0B) LOS objects, 23% free, 52MB/68MB, paused 407us total 18.854ms
08-04 14:02:29.579 32570   829 I art     : Starting a blocking GC Explicit
08-04 14:02:29.599 32570   829 I art     : Explicit concurrent mark sweep GC freed 11(416B) AllocSpace objects, 0(0B) LOS objects, 23% free, 52MB/68MB, paused 422us total 19.043ms
08-04 14:02:29.868 32570  1759 D OkHttp  : --> GET https://api-hillfair-2k16.herokuapp.com/api/app/events/special/event?id=5806551bdcba0f490c70fd1f http/1.1
08-04 14:02:29.878 32570 32581 I art     : Starting a blocking GC Explicit
08-04 14:02:29.900 32570 32581 I art     : Explicit concurrent mark sweep GC freed 4007(215KB) AllocSpace objects, 4(220KB) LOS objects, 23% free, 52MB/68MB, paused 461us total 22.057ms
08-04 14:02:29.902 32570  1759 D OkHttp  : <-- 200 OK https://api-hillfair-2k16.herokuapp.com/api/app/events/special/event?id=5806551bdcba0f490c70fd1f (33ms, 795-byte body)
08-04 14:02:29.909 32570 32581 I art     : Starting a blocking GC Explicit
08-04 14:02:29.929 32570 32581 I art     : Explicit concurrent mark sweep GC freed 1192(151KB) AllocSpace objects, 0(0B) LOS objects, 23% free, 52MB/68MB, paused 485us total 20.503ms
08-04 14:02:29.938 32570 32581 I art     : Starting a blocking GC Explicit
08-04 14:02:29.957 32570 32581 I art     : Explicit concurrent mark sweep GC freed 98(3KB) AllocSpace objects, 0(0B) LOS objects, 23% free, 52MB/68MB, paused 432us total 19.263ms
08-04 14:02:29.960 32570 32570 I NAPPA_EXPERIMENTATION: MetricNetworkRequestExecutionTime: REQUEST_DURATION_SYSTEM='959',REQUEST_DURATION_OKHTTP='34',REQUEST_SYNCHRONOUS='FALSE',RESPONSE_CODE='200',RESPONSE_METHOD='GET',RESPONSE_LENGTH_OKHTTP='795',RESPONSE_LENGTH_HEADER='795',REQUEST_PROTOCOL='http/1.1',REQUEST_URL='https://api-hillfair-2k16.herokuapp.com/api/app/events/special/event?id=5806551bdcba0f490c70fd1f',
08-04 14:02:29.966 32570 32581 I art     : Starting a blocking GC Explicit
08-04 14:02:29.984 32570 32581 I art     : Explicit concurrent mark sweep GC freed 518(60KB) AllocSpace objects, 0(0B) LOS objects, 23% free, 52MB/68MB, paused 370us total 17.812ms
08-04 14:02:29.991 32570 32581 I art     : Starting a blocking GC Explicit
08-04 14:02:30.011 32570 32581 I art     : Explicit concurrent mark sweep GC freed 62(1984B) AllocSpace objects, 0(0B) LOS objects, 23% free, 52MB/68MB, paused 370us total 19.655ms
08-04 14:02:30.287 32570 32582 I art     : Starting a blocking GC Explicit
08-04 14:02:30.309 32570 32582 I art     : Explicit concurrent mark sweep GC freed 1344(78KB) AllocSpace objects, 1(20KB) LOS objects, 23% free, 52MB/68MB, paused 467us total 21.413ms
08-04 14:02:30.318 32570 32582 I art     : Starting a blocking GC Explicit
08-04 14:02:30.338 32570 32582 I art     : Explicit concurrent mark sweep GC freed 20(704B) AllocSpace objects, 0(0B) LOS objects, 23% free, 52MB/68MB, paused 391us total 19.593ms
08-04 14:02:30.347 32570 32582 I art     : Starting a blocking GC Explicit
08-04 14:02:30.366 32570 32582 I art     : Explicit concurrent mark sweep GC freed 19(656B) AllocSpace objects, 0(0B) LOS objects, 23% free, 52MB/68MB, paused 388us total 19.438ms
08-04 14:02:30.375 32570 32582 I art     : Starting a blocking GC Explicit
08-04 14:02:30.395 32570 32582 I art     : Explicit concurrent mark sweep GC freed 3(96B) AllocSpace objects, 0(0B) LOS objects, 23% free, 52MB/68MB, paused 367us total 19.687ms
08-04 14:02:30.403 32570 32582 I art     : Starting a blocking GC Explicit
08-04 14:02:30.423 32570 32582 I art     : Explicit concurrent mark sweep GC freed 3(96B) AllocSpace objects, 0(0B) LOS objects, 23% free, 52MB/68MB, paused 386us total 19.867ms
08-04 14:02:30.719 32570  1570 I art     : Starting a blocking GC Explicit
08-04 14:02:30.748 32570  1570 I art     : Explicit concurrent mark sweep GC freed 1341(78KB) AllocSpace objects, 1(20KB) LOS objects, 23% free, 52MB/68MB, paused 477us total 28.607ms
08-04 14:02:30.760 32570  1570 I art     : Starting a blocking GC Explicit
08-04 14:02:30.783 32570  1570 I art     : Explicit concurrent mark sweep GC freed 20(704B) AllocSpace objects, 0(0B) LOS objects, 23% free, 52MB/68MB, paused 399us total 22.585ms
08-04 14:02:30.791 32570  1570 I art     : Starting a blocking GC Explicit
08-04 14:02:30.812 32570  1570 I art     : Explicit concurrent mark sweep GC freed 3(96B) AllocSpace objects, 0(0B) LOS objects, 23% free, 52MB/68MB, paused 397us total 20.742ms
08-04 14:02:30.821 32570  1570 I art     : Starting a blocking GC Explicit
08-04 14:02:30.842 32570  1570 I art     : Explicit concurrent mark sweep GC freed 3(96B) AllocSpace objects, 0(0B) LOS objects, 23% free, 52MB/68MB, paused 408us total 20.759ms
08-04 14:02:30.851 32570  1570 I art     : Starting a blocking GC Explicit
08-04 14:02:30.872 32570  1570 I art     : Explicit concurrent mark sweep GC freed 3(96B) AllocSpace objects, 0(0B) LOS objects, 23% free, 52MB/68MB, paused 398us total 20.558ms
08-04 14:02:31.177 32570 32611 I art     : Starting a blocking GC Explicit
08-04 14:02:31.209 32570 32611 I art     : Explicit concurrent mark sweep GC freed 1341(78KB) AllocSpace objects, 1(20KB) LOS objects, 23% free, 52MB/68MB, paused 421us total 31.420ms
08-04 14:02:31.221 32570 32611 I art     : Starting a blocking GC Explicit
08-04 14:02:31.246 32570 32611 I art     : Explicit concurrent mark sweep GC freed 20(704B) AllocSpace objects, 0(0B) LOS objects, 23% free, 52MB/68MB, paused 413us total 24.939ms
08-04 14:02:31.255 32570 32611 I art     : Starting a blocking GC Explicit
08-04 14:02:31.276 32570 32611 I art     : Explicit concurrent mark sweep GC freed 3(96B) AllocSpace objects, 0(0B) LOS objects, 23% free, 52MB/68MB, paused 406us total 20.925ms
08-04 14:02:31.285 32570 32611 I art     : Starting a blocking GC Explicit
08-04 14:02:31.306 32570 32611 I art     : Explicit concurrent mark sweep GC freed 3(96B) AllocSpace objects, 0(0B) LOS objects, 23% free, 52MB/68MB, paused 385us total 20.384ms
08-04 14:02:31.314 32570 32611 I art     : Starting a blocking GC Explicit
08-04 14:02:31.335 32570 32611 I art     : Explicit concurrent mark sweep GC freed 3(96B) AllocSpace objects, 0(0B) LOS objects, 23% free, 52MB/68MB, paused 396us total 20.359ms
08-04 14:02:31.653 32570 32581 I art     : Starting a blocking GC Explicit
08-04 14:02:31.679 32570 32581 I art     : Explicit concurrent mark sweep GC freed 1341(78KB) AllocSpace objects, 1(20KB) LOS objects, 23% free, 52MB/68MB, paused 427us total 25.734ms
08-04 14:02:31.692 32570 32581 I art     : Starting a blocking GC Explicit
08-04 14:02:31.712 32570 32581 I art     : Explicit concurrent mark sweep GC freed 20(704B) AllocSpace objects, 0(0B) LOS objects, 23% free, 52MB/68MB, paused 378us total 19.871ms
08-04 14:02:31.721 32570 32581 I art     : Starting a blocking GC Explicit
08-04 14:02:31.741 32570 32581 I art     : Explicit concurrent mark sweep GC freed 3(96B) AllocSpace objects, 0(0B) LOS objects, 23% free, 52MB/68MB, paused 405us total 20.056ms
08-04 14:02:31.750 32570 32581 I art     : Starting a blocking GC Explicit
08-04 14:02:31.771 32570 32581 I art     : Explicit concurrent mark sweep GC freed 3(96B) AllocSpace objects, 0(0B) LOS objects, 23% free, 52MB/68MB, paused 397us total 20.952ms
08-04 14:02:31.780 32570 32581 I art     : Starting a blocking GC Explicit
08-04 14:02:31.801 32570 32581 I art     : Explicit concurrent mark sweep GC freed 3(96B) AllocSpace objects, 0(0B) LOS objects, 23% free, 52MB/68MB, paused 399us total 20.642ms
08-04 14:02:32.100 32570   829 I art     : Starting a blocking GC Explicit
08-04 14:02:32.130 32570   829 I art     : Explicit concurrent mark sweep GC freed 1341(78KB) AllocSpace objects, 1(20KB) LOS objects, 23% free, 52MB/68MB, paused 421us total 29.710ms
08-04 14:02:32.142 32570   829 I art     : Starting a blocking GC Explicit
08-04 14:02:32.164 32570   829 I art     : Explicit concurrent mark sweep GC freed 20(704B) AllocSpace objects, 0(0B) LOS objects, 23% free, 52MB/68MB, paused 405us total 21.943ms
08-04 14:02:32.173 32570   829 I art     : Starting a blocking GC Explicit
08-04 14:02:32.194 32570   829 I art     : Explicit concurrent mark sweep GC freed 3(96B) AllocSpace objects, 0(0B) LOS objects, 23% free, 52MB/68MB, paused 416us total 21.066ms
08-04 14:02:32.203 32570   829 I art     : Starting a blocking GC Explicit
08-04 14:02:32.223 32570   829 I art     : Explicit concurrent mark sweep GC freed 3(96B) AllocSpace objects, 0(0B) LOS objects, 23% free, 52MB/68MB, paused 391us total 20.562ms
08-04 14:02:32.232 32570   829 I art     : Starting a blocking GC Explicit
08-04 14:02:32.253 32570   829 I art     : Explicit concurrent mark sweep GC freed 3(96B) AllocSpace objects, 0(0B) LOS objects, 23% free, 52MB/68MB, paused 404us total 20.497ms
08-04 14:02:32.583 32570 32582 I art     : Starting a blocking GC Explicit
08-04 14:02:32.610 32570 32582 I art     : Explicit concurrent mark sweep GC freed 1341(78KB) AllocSpace objects, 1(20KB) LOS objects, 23% free, 52MB/68MB, paused 428us total 26.485ms
08-04 14:02:32.621 32570 32582 I art     : Starting a blocking GC Explicit
08-04 14:02:32.642 32570 32582 I art     : Explicit concurrent mark sweep GC freed 20(704B) AllocSpace objects, 0(0B) LOS objects, 23% free, 52MB/68MB, paused 394us total 21.090ms
08-04 14:02:32.651 32570 32582 I art     : Starting a blocking GC Explicit
08-04 14:02:32.673 32570 32582 I art     : Explicit concurrent mark sweep GC freed 3(96B) AllocSpace objects, 0(0B) LOS objects, 23% free, 52MB/68MB, paused 407us total 21.291ms
08-04 14:02:32.681 32570 32582 I art     : Starting a blocking GC Explicit
08-04 14:02:32.703 32570 32582 I art     : Explicit concurrent mark sweep GC freed 3(96B) AllocSpace objects, 0(0B) LOS objects, 23% free, 52MB/68MB, paused 401us total 20.920ms
08-04 14:02:32.711 32570 32582 I art     : Starting a blocking GC Explicit
08-04 14:02:32.732 32570 32582 I art     : Explicit concurrent mark sweep GC freed 3(96B) AllocSpace objects, 0(0B) LOS objects, 23% free, 52MB/68MB, paused 392us total 20.639ms
08-04 14:02:33.072 32570  1570 I art     : Starting a blocking GC Explicit
08-04 14:02:33.101 32570  1570 I art     : Explicit concurrent mark sweep GC freed 1341(78KB) AllocSpace objects, 1(20KB) LOS objects, 23% free, 52MB/68MB, paused 501us total 29.035ms
08-04 14:02:33.114 32570  1570 I art     : Starting a blocking GC Explicit
08-04 14:02:33.134 32570  1570 I art     : Explicit concurrent mark sweep GC freed 20(704B) AllocSpace objects, 0(0B) LOS objects, 23% free, 52MB/68MB, paused 393us total 20.107ms
08-04 14:02:33.143 32570  1570 I art     : Starting a blocking GC Explicit
08-04 14:02:33.163 32570  1570 I art     : Explicit concurrent mark sweep GC freed 3(96B) AllocSpace objects, 0(0B) LOS objects, 23% free, 52MB/68MB, paused 401us total 20.203ms
08-04 14:02:33.172 32570  1570 I art     : Starting a blocking GC Explicit
08-04 14:02:33.193 32570  1570 I art     : Explicit concurrent mark sweep GC freed 3(96B) AllocSpace objects, 0(0B) LOS objects, 23% free, 52MB/68MB, paused 478us total 21.065ms
08-04 14:02:33.202 32570  1570 I art     : Starting a blocking GC Explicit
08-04 14:02:33.222 32570  1570 I art     : Explicit concurrent mark sweep GC freed 3(96B) AllocSpace objects, 0(0B) LOS objects, 23% free, 52MB/68MB, paused 402us total 19.758ms
08-04 14:02:33.530 32570 32611 I art     : Starting a blocking GC Explicit
08-04 14:02:33.551 32570 32611 I art     : Explicit concurrent mark sweep GC freed 1341(78KB) AllocSpace objects, 1(20KB) LOS objects, 23% free, 52MB/68MB, paused 407us total 20.844ms
08-04 14:02:33.560 32570 32611 I art     : Starting a blocking GC Explicit
08-04 14:02:33.580 32570 32611 I art     : Explicit concurrent mark sweep GC freed 20(704B) AllocSpace objects, 0(0B) LOS objects, 23% free, 52MB/68MB, paused 398us total 20.176ms
08-04 14:02:33.589 32570 32611 I art     : Starting a blocking GC Explicit
08-04 14:02:33.609 32570 32611 I art     : Explicit concurrent mark sweep GC freed 3(96B) AllocSpace objects, 0(0B) LOS objects, 23% free, 52MB/68MB, paused 401us total 19.275ms
08-04 14:02:33.617 32570 32611 I art     : Starting a blocking GC Explicit
08-04 14:02:33.637 32570 32611 I art     : Explicit concurrent mark sweep GC freed 3(96B) AllocSpace objects, 0(0B) LOS objects, 23% free, 52MB/68MB, paused 390us total 19.265ms
08-04 14:02:33.645 32570 32611 I art     : Starting a blocking GC Explicit
08-04 14:02:33.665 32570 32611 I art     : Explicit concurrent mark sweep GC freed 3(96B) AllocSpace objects, 0(0B) LOS objects, 23% free, 52MB/68MB, paused 445us total 19.542ms
08-04 14:02:33.667  1862  1862 D AndroidRuntime: >>>>>> START com.android.internal.os.RuntimeInit uid 2000 <<<<<<
08-04 14:02:33.672  1862  1862 D AndroidRuntime: CheckJNI is OFF
08-04 14:02:33.706  1862  1862 D ICU     : No timezone override file found: /data/misc/zoneinfo/current/icu/icu_tzdata.dat
08-04 14:02:33.739  1862  1862 I Radio-JNI: register_android_hardware_Radio DONE
08-04 14:02:33.761  1862  1862 D AndroidRuntime: Calling main entry com.android.commands.input.Input
08-04 14:02:33.763  1862  1862 I Input   : injectKeyEvent: KeyEvent { action=ACTION_DOWN, keyCode=KEYCODE_BACK, scanCode=0, metaState=0, flags=0x0, repeatCount=0, eventTime=712970176, downTime=712970176, deviceId=-1, source=0x101 }
08-04 14:02:33.769  1862  1862 I Input   : injectKeyEvent: KeyEvent { action=ACTION_UP, keyCode=KEYCODE_BACK, scanCode=0, metaState=0, flags=0x0, repeatCount=0, eventTime=712970176, downTime=712970176, deviceId=-1, source=0x101 }
08-04 14:02:33.777  1862  1862 D AndroidRuntime: Shutting down VM
08-04 14:02:33.817 13866 13866 I GoogleInputMethodServic: GoogleInputMethodService.onFinishInput():3138 
08-04 14:02:33.818 13866 13866 I GoogleInputMethodServic: GoogleInputMethodService.onStartInput():1808 
08-04 14:02:33.908 32570  1570 I art     : Starting a blocking GC Explicit
08-04 14:02:33.929 32570  1570 I art     : Explicit concurrent mark sweep GC freed 1511(85KB) AllocSpace objects, 1(20KB) LOS objects, 23% free, 52MB/68MB, paused 427us total 21.191ms
08-04 14:02:33.939 32570  1570 I art     : Starting a blocking GC Explicit
08-04 14:02:33.960 32570  1570 I art     : Explicit concurrent mark sweep GC freed 26(944B) AllocSpace objects, 0(0B) LOS objects, 23% free, 52MB/68MB, paused 384us total 20.548ms
08-04 14:02:33.970 32570  1570 I art     : Starting a blocking GC Explicit
08-04 14:02:33.993 32570  1570 I art     : Explicit concurrent mark sweep GC freed 3(96B) AllocSpace objects, 0(0B) LOS objects, 23% free, 52MB/68MB, paused 413us total 22.924ms
08-04 14:02:34.004 32570  1570 I art     : Starting a blocking GC Explicit
08-04 14:02:34.026 32570  1570 I art     : Explicit concurrent mark sweep GC freed 3(96B) AllocSpace objects, 0(0B) LOS objects, 23% free, 52MB/68MB, paused 449us total 22.106ms
08-04 14:02:34.036 32570  1570 I art     : Starting a blocking GC Explicit
08-04 14:02:34.058 32570  1570 I art     : Explicit concurrent mark sweep GC freed 3(96B) AllocSpace objects, 0(0B) LOS objects, 23% free, 52MB/68MB, paused 411us total 21.850ms
08-04 14:02:34.112   380   380 W SurfaceFlinger: couldn't log to binary event log: overflow.
08-04 14:02:34.316 32570 32582 I art     : Starting a blocking GC Explicit
08-04 14:02:34.338 32570 32582 I art     : Explicit concurrent mark sweep GC freed 1450(87KB) AllocSpace objects, 1(20KB) LOS objects, 23% free, 52MB/68MB, paused 524us total 21.857ms
08-04 14:02:34.347 32570 32582 I art     : Starting a blocking GC Explicit
08-04 14:02:34.368 32570 32582 I art     : Explicit concurrent mark sweep GC freed 1672(107KB) AllocSpace objects, 3(400KB) LOS objects, 23% free, 52MB/68MB, paused 420us total 20.792ms
08-04 14:02:34.377 32570 32582 I art     : Starting a blocking GC Explicit
08-04 14:02:34.397 32570 32582 I art     : Explicit concurrent mark sweep GC freed 3(96B) AllocSpace objects, 0(0B) LOS objects, 23% free, 52MB/68MB, paused 486us total 20.328ms
08-04 14:02:34.406 32570 32582 I art     : Starting a blocking GC Explicit
08-04 14:02:34.426 32570 32582 I art     : Explicit concurrent mark sweep GC freed 3(96B) AllocSpace objects, 0(0B) LOS objects, 23% free, 52MB/68MB, paused 397us total 20.373ms
08-04 14:02:34.435 32570 32582 I art     : Starting a blocking GC Explicit
08-04 14:02:34.455 32570 32582 I art     : Explicit concurrent mark sweep GC freed 3(96B) AllocSpace objects, 0(0B) LOS objects, 23% free, 52MB/68MB, paused 406us total 19.652ms
08-04 14:02:34.737 32570 32581 I art     : Starting a blocking GC Explicit
08-04 14:02:34.763 32570 32581 I art     : Explicit concurrent mark sweep GC freed 1552(91KB) AllocSpace objects, 1(20KB) LOS objects, 23% free, 52MB/68MB, paused 501us total 25.500ms
08-04 14:02:34.775 32570 32581 I art     : Starting a blocking GC Explicit
08-04 14:02:34.798 32570 32581 I art     : Explicit concurrent mark sweep GC freed 106(5KB) AllocSpace objects, 0(0B) LOS objects, 23% free, 52MB/68MB, paused 465us total 22.223ms
08-04 14:02:34.806 32570 32581 I art     : Starting a blocking GC Explicit
08-04 14:02:34.826 32570 32581 I art     : Explicit concurrent mark sweep GC freed 26(832B) AllocSpace objects, 0(0B) LOS objects, 23% free, 52MB/68MB, paused 427us total 19.711ms
08-04 14:02:34.834 32570 32581 I art     : Starting a blocking GC Explicit
08-04 14:02:34.855 32570 32581 I art     : Explicit concurrent mark sweep GC freed 1867(73KB) AllocSpace objects, 0(0B) LOS objects, 23% free, 52MB/68MB, paused 501us total 20.020ms
08-04 14:02:34.863 32570 32581 I art     : Starting a blocking GC Explicit
08-04 14:02:34.883 32570 32581 I art     : Explicit concurrent mark sweep GC freed 60(2544B) AllocSpace objects, 0(0B) LOS objects, 23% free, 52MB/68MB, paused 454us total 19.887ms
08-04 14:02:34.884 32570  1921 W OneSignal: OneSignalRestClient: POST Error thrown from network stack. 
08-04 14:02:34.884 32570  1921 W OneSignal: java.io.IOException: unexpected end of stream on Connection{api.onesignal.com:443, proxy=HTTP@192.168.2.12:8080 hostAddress=192.168.2.12 cipherSuite=TLS_ECDHE_RSA_WITH_AES_128_GCM_SHA256 protocol=http/1.1} (recycle count=0)
08-04 14:02:34.884 32570  1921 W OneSignal: 	at com.android.okhttp.internal.http.HttpConnection.readResponse(HttpConnection.java:210)
08-04 14:02:34.884 32570  1921 W OneSignal: 	at com.android.okhttp.internal.http.HttpTransport.readResponseHeaders(HttpTransport.java:80)
08-04 14:02:34.884 32570  1921 W OneSignal: 	at com.android.okhttp.internal.http.HttpEngine.readNetworkResponse(HttpEngine.java:904)
08-04 14:02:34.884 32570  1921 W OneSignal: 	at com.android.okhttp.internal.http.HttpEngine.readResponse(HttpEngine.java:788)
08-04 14:02:34.884 32570  1921 W OneSignal: 	at com.android.okhttp.internal.huc.HttpURLConnectionImpl.execute(HttpURLConnectionImpl.java:439)
08-04 14:02:34.884 32570  1921 W OneSignal: 	at com.android.okhttp.internal.huc.HttpURLConnectionImpl.getResponse(HttpURLConnectionImpl.java:384)
08-04 14:02:34.884 32570  1921 W OneSignal: 	at com.android.okhttp.internal.huc.HttpURLConnectionImpl.getResponseCode(HttpURLConnectionImpl.java:497)
08-04 14:02:34.884 32570  1921 W OneSignal: 	at com.android.okhttp.internal.huc.DelegatingHttpsURLConnection.getResponseCode(DelegatingHttpsURLConnection.java:105)
08-04 14:02:34.884 32570  1921 W OneSignal: 	at com.android.okhttp.internal.huc.HttpsURLConnectionImpl.getResponseCode(HttpsURLConnectionImpl.java)
08-04 14:02:34.884 32570  1921 W OneSignal: 	at com.onesignal.OneSignalRestClient.startHTTPConnection(OneSignalRestClient.java:180)
08-04 14:02:34.884 32570  1921 W OneSignal: 	at com.onesignal.OneSignalRestClient.access$100(OneSignalRestClient.java:44)
08-04 14:02:34.884 32570  1921 W OneSignal: 	at com.onesignal.OneSignalRestClient$4.run(OneSignalRestClient.java:110)
08-04 14:02:34.884 32570  1921 W OneSignal: 	at java.lang.Thread.run(Thread.java:818)
08-04 14:02:34.884 32570  1921 W OneSignal: Caused by: java.io.EOFException: \n not found: size=0 content=...
08-04 14:02:34.884 32570  1921 W OneSignal: 	at com.android.okhttp.okio.RealBufferedSource.readUtf8LineStrict(RealBufferedSource.java:200)
08-04 14:02:34.884 32570  1921 W OneSignal: 	at com.android.okhttp.internal.http.HttpConnection.readResponse(HttpConnection.java:191)
08-04 14:02:34.884 32570  1921 W OneSignal: 	... 12 more
08-04 14:02:34.885 32570  1922 W OneSignal: Failed last request. statusCode: -1
08-04 14:02:34.885 32570  1922 W OneSignal: response: null
08-04 14:02:35.136 32570 32611 I art     : Starting a blocking GC Explicit
08-04 14:02:35.157 32570 32611 I art     : Explicit concurrent mark sweep GC freed 1714(149KB) AllocSpace objects, 1(20KB) LOS objects, 23% free, 52MB/68MB, paused 404us total 20.345ms
08-04 14:02:35.165 32570 32611 I art     : Starting a blocking GC Explicit
08-04 14:02:35.185 32570 32611 I art     : Explicit concurrent mark sweep GC freed 24(896B) AllocSpace objects, 0(0B) LOS objects, 23% free, 52MB/68MB, paused 405us total 19.529ms
08-04 14:02:35.193 32570 32611 I art     : Starting a blocking GC Explicit
08-04 14:02:35.213 32570 32611 I art     : Explicit concurrent mark sweep GC freed 3(96B) AllocSpace objects, 0(0B) LOS objects, 23% free, 52MB/68MB, paused 396us total 19.116ms
08-04 14:02:35.221 32570 32611 I art     : Starting a blocking GC Explicit
08-04 14:02:35.240 32570 32611 I art     : Explicit concurrent mark sweep GC freed 3(96B) AllocSpace objects, 0(0B) LOS objects, 23% free, 52MB/68MB, paused 397us total 18.830ms
08-04 14:02:35.249 32570 32611 I art     : Starting a blocking GC Explicit
08-04 14:02:35.268 32570 32611 I art     : Explicit concurrent mark sweep GC freed 3(96B) AllocSpace objects, 0(0B) LOS objects, 23% free, 52MB/68MB, paused 397us total 18.733ms
08-04 14:02:35.450  1923  1923 D AndroidRuntime: >>>>>> START com.android.internal.os.RuntimeInit uid 2000 <<<<<<
08-04 14:02:35.455  1923  1923 D AndroidRuntime: CheckJNI is OFF
08-04 14:02:35.487  1923  1923 D ICU     : No timezone override file found: /data/misc/zoneinfo/current/icu/icu_tzdata.dat
08-04 14:02:35.520  1923  1923 I Radio-JNI: register_android_hardware_Radio DONE
08-04 14:02:35.542  1923  1923 D AndroidRuntime: Calling main entry com.android.commands.input.Input
08-04 14:02:35.544  1923  1923 I Input   : injectKeyEvent: KeyEvent { action=ACTION_DOWN, keyCode=KEYCODE_BACK, scanCode=0, metaState=0, flags=0x0, repeatCount=0, eventTime=712971957, downTime=712971957, deviceId=-1, source=0x101 }
08-04 14:02:35.548  1923  1923 I Input   : injectKeyEvent: KeyEvent { action=ACTION_UP, keyCode=KEYCODE_BACK, scanCode=0, metaState=0, flags=0x0, repeatCount=0, eventTime=712971957, downTime=712971957, deviceId=-1, source=0x101 }
08-04 14:02:35.555  1923  1923 D AndroidRuntime: Shutting down VM
08-04 14:02:35.562 32570 32581 I art     : Starting a blocking GC Explicit
08-04 14:02:35.582 32570 32581 I art     : Explicit concurrent mark sweep GC freed 1487(84KB) AllocSpace objects, 1(20KB) LOS objects, 23% free, 52MB/68MB, paused 423us total 19.586ms
08-04 14:02:35.588 13866 13866 I GoogleInputMethodServic: GoogleInputMethodService.onFinishInput():3138 
08-04 14:02:35.588 13866 13866 I GoogleInputMethodServic: GoogleInputMethodService.onStartInput():1808 
08-04 14:02:35.591 32570 32581 I art     : Starting a blocking GC Explicit
08-04 14:02:35.610 32570 32581 I art     : Explicit concurrent mark sweep GC freed 80(2800B) AllocSpace objects, 0(0B) LOS objects, 23% free, 52MB/68MB, paused 407us total 19.085ms
08-04 14:02:35.620 32570 32581 I art     : Starting a blocking GC Explicit
08-04 14:02:35.637 32570 32581 I art     : Explicit concurrent mark sweep GC freed 10(384B) AllocSpace objects, 0(0B) LOS objects, 23% free, 52MB/68MB, paused 418us total 16.496ms
08-04 14:02:35.644 32570 32581 I art     : Starting a blocking GC Explicit
08-04 14:02:35.661 32570 32581 I art     : Explicit concurrent mark sweep GC freed 3(96B) AllocSpace objects, 0(0B) LOS objects, 23% free, 52MB/68MB, paused 372us total 16.335ms
08-04 14:02:35.669 32570 32581 I art     : Starting a blocking GC Explicit
08-04 14:02:35.686 32570 32581 I art     : Explicit concurrent mark sweep GC freed 3(96B) AllocSpace objects, 0(0B) LOS objects, 23% free, 52MB/68MB, paused 350us total 17.625ms
08-04 14:02:35.951 32570 32611 I art     : Starting a blocking GC Explicit
08-04 14:02:35.972 32570 32611 I art     : Explicit concurrent mark sweep GC freed 2404(129KB) AllocSpace objects, 1(20KB) LOS objects, 23% free, 52MB/68MB, paused 413us total 20.798ms
08-04 14:02:35.980 32570 32611 I art     : Starting a blocking GC Explicit
08-04 14:02:36.000 32570 32611 I art     : Explicit concurrent mark sweep GC freed 2100(127KB) AllocSpace objects, 2(140KB) LOS objects, 23% free, 51MB/67MB, paused 423us total 19.385ms
08-04 14:02:36.009 32570 32611 I art     : Starting a blocking GC Explicit
08-04 14:02:36.028 32570 32611 I art     : Explicit concurrent mark sweep GC freed 3(96B) AllocSpace objects, 0(0B) LOS objects, 23% free, 51MB/67MB, paused 383us total 19.367ms
08-04 14:02:36.037 32570 32611 I art     : Starting a blocking GC Explicit
08-04 14:02:36.055 32570 32611 I art     : Explicit concurrent mark sweep GC freed 3(96B) AllocSpace objects, 0(0B) LOS objects, 23% free, 51MB/67MB, paused 393us total 18.161ms
08-04 14:02:36.064 32570 32611 I art     : Starting a blocking GC Explicit
08-04 14:02:36.082 32570 32611 I art     : Explicit concurrent mark sweep GC freed 3(96B) AllocSpace objects, 0(0B) LOS objects, 23% free, 51MB/67MB, paused 391us total 18.379ms
08-04 14:02:36.364 32570  1570 I art     : Starting a blocking GC Explicit
08-04 14:02:36.383 32570  1570 I art     : Explicit concurrent mark sweep GC freed 1340(78KB) AllocSpace objects, 1(20KB) LOS objects, 23% free, 51MB/67MB, paused 394us total 18.829ms
08-04 14:02:36.391 32570  1570 I art     : Starting a blocking GC Explicit
08-04 14:02:36.409 32570  1570 I art     : Explicit concurrent mark sweep GC freed 29(1040B) AllocSpace objects, 0(0B) LOS objects, 23% free, 51MB/67MB, paused 400us total 17.996ms
08-04 14:02:36.417 32570  1570 I art     : Starting a blocking GC Explicit
08-04 14:02:36.436 32570  1570 I art     : Explicit concurrent mark sweep GC freed 12(432B) AllocSpace objects, 0(0B) LOS objects, 23% free, 51MB/67MB, paused 392us total 18.519ms
08-04 14:02:36.444 32570  1570 I art     : Starting a blocking GC Explicit
08-04 14:02:36.463 32570  1570 I art     : Explicit concurrent mark sweep GC freed 3(96B) AllocSpace objects, 0(0B) LOS objects, 23% free, 51MB/67MB, paused 395us total 18.611ms
08-04 14:02:36.471 32570  1570 I art     : Starting a blocking GC Explicit
08-04 14:02:36.490 32570  1570 I art     : Explicit concurrent mark sweep GC freed 3(96B) AllocSpace objects, 0(0B) LOS objects, 23% free, 51MB/67MB, paused 445us total 18.526ms
08-04 14:02:36.775 32570 32581 I art     : Starting a blocking GC Explicit
08-04 14:02:36.796 32570 32581 I art     : Explicit concurrent mark sweep GC freed 1338(78KB) AllocSpace objects, 1(20KB) LOS objects, 23% free, 51MB/67MB, paused 372us total 20.899ms
08-04 14:02:36.805 32570 32581 I art     : Starting a blocking GC Explicit
08-04 14:02:36.822 32570 32581 I art     : Explicit concurrent mark sweep GC freed 20(704B) AllocSpace objects, 0(0B) LOS objects, 23% free, 51MB/67MB, paused 376us total 16.623ms
08-04 14:02:36.830 32570 32581 I art     : Starting a blocking GC Explicit
08-04 14:02:36.847 32570 32581 I art     : Explicit concurrent mark sweep GC freed 3(96B) AllocSpace objects, 0(0B) LOS objects, 23% free, 51MB/67MB, paused 385us total 16.693ms
08-04 14:02:36.855 32570 32581 I art     : Starting a blocking GC Explicit
08-04 14:02:36.873 32570 32581 I art     : Explicit concurrent mark sweep GC freed 3(96B) AllocSpace objects, 0(0B) LOS objects, 23% free, 51MB/67MB, paused 397us total 17.895ms
08-04 14:02:36.881 32570 32581 I art     : Starting a blocking GC Explicit
08-04 14:02:36.900 32570 32581 I art     : Explicit concurrent mark sweep GC freed 3(96B) AllocSpace objects, 0(0B) LOS objects, 23% free, 51MB/67MB, paused 430us total 18.531ms
08-04 14:02:37.166 32570 32611 I art     : Starting a blocking GC Explicit
08-04 14:02:37.185 32570 32611 I art     : Explicit concurrent mark sweep GC freed 1338(78KB) AllocSpace objects, 1(20KB) LOS objects, 23% free, 51MB/67MB, paused 417us total 19.222ms
08-04 14:02:37.194 32570 32611 I art     : Starting a blocking GC Explicit
08-04 14:02:37.209  1987  1987 D AndroidRuntime: >>>>>> START com.android.internal.os.RuntimeInit uid 2000 <<<<<<
08-04 14:02:37.213 32570 32611 I art     : Explicit concurrent mark sweep GC freed 20(704B) AllocSpace objects, 0(0B) LOS objects, 23% free, 51MB/67MB, paused 415us total 18.620ms
08-04 14:02:37.214  1987  1987 D AndroidRuntime: CheckJNI is OFF
08-04 14:02:37.221 32570 32611 I art     : Starting a blocking GC Explicit
08-04 14:02:37.239 32570 32611 I art     : Explicit concurrent mark sweep GC freed 3(96B) AllocSpace objects, 0(0B) LOS objects, 23% free, 51MB/67MB, paused 410us total 17.879ms
08-04 14:02:37.247 32570 32611 I art     : Starting a blocking GC Explicit
08-04 14:02:37.250  1987  1987 D ICU     : No timezone override file found: /data/misc/zoneinfo/current/icu/icu_tzdata.dat
08-04 14:02:37.265 32570 32611 I art     : Explicit concurrent mark sweep GC freed 3(96B) AllocSpace objects, 0(0B) LOS objects, 23% free, 51MB/67MB, paused 445us total 17.975ms
08-04 14:02:37.273 32570 32611 I art     : Starting a blocking GC Explicit
08-04 14:02:37.285  1987  1987 I Radio-JNI: register_android_hardware_Radio DONE
08-04 14:02:37.291 32570 32611 I art     : Explicit concurrent mark sweep GC freed 3(96B) AllocSpace objects, 0(0B) LOS objects, 23% free, 51MB/67MB, paused 422us total 17.556ms
08-04 14:02:37.308  1987  1987 D AndroidRuntime: Calling main entry com.android.commands.input.Input
08-04 14:02:37.310  1987  1987 I Input   : injectMotionEvent: MotionEvent { action=ACTION_DOWN, actionButton=0, id[0]=0, x[0]=337.0, y[0]=1104.0, toolType[0]=TOOL_TYPE_UNKNOWN, buttonState=0, metaState=0, flags=0x0, edgeFlags=0x0, pointerCount=1, historySize=0, eventTime=712973723, downTime=712973723, deviceId=0, source=0x1002 }
08-04 14:02:37.315  1987  1987 I Input   : injectMotionEvent: MotionEvent { action=ACTION_UP, actionButton=0, id[0]=0, x[0]=337.0, y[0]=1104.0, toolType[0]=TOOL_TYPE_UNKNOWN, buttonState=0, metaState=0, flags=0x0, edgeFlags=0x0, pointerCount=1, historySize=0, eventTime=712973723, downTime=712973723, deviceId=0, source=0x1002 }
08-04 14:02:37.316   918  6111 I ActivityManager: START u0 {cmp=baseline.appteam.nith.hillffair/.activities.BattleDayActivity} from uid 10651 on display 0
08-04 14:02:37.324  1987  1987 D AndroidRuntime: Shutting down VM
08-04 14:02:37.407 13866 13866 I GoogleInputMethodServic: GoogleInputMethodService.onFinishInput():3138 
08-04 14:02:37.407 13866 13866 I GoogleInputMethodServic: GoogleInputMethodService.onStartInput():1808 
08-04 14:02:37.437   918   936 I ActivityManager: Displayed baseline.appteam.nith.hillffair/.activities.BattleDayActivity: +112ms
08-04 14:02:37.541 32570 32582 I art     : Starting a blocking GC Explicit
08-04 14:02:37.567 32570 32582 I art     : Explicit concurrent mark sweep GC freed 6364(383KB) AllocSpace objects, 1(20KB) LOS objects, 23% free, 52MB/68MB, paused 489us total 25.278ms
08-04 14:02:37.578 32570 32582 I art     : Starting a blocking GC Explicit
08-04 14:02:37.603 32570 32582 I art     : Explicit concurrent mark sweep GC freed 260(11KB) AllocSpace objects, 0(0B) LOS objects, 23% free, 52MB/68MB, paused 467us total 24.589ms
08-04 14:02:37.613 32570 32582 I art     : Starting a blocking GC Explicit
08-04 14:02:37.636 32570 32582 I art     : Explicit concurrent mark sweep GC freed 3(96B) AllocSpace objects, 0(0B) LOS objects, 23% free, 52MB/68MB, paused 458us total 22.403ms
08-04 14:02:37.646 32570 32582 I art     : Starting a blocking GC Explicit
08-04 14:02:37.668 32570 32582 I art     : Explicit concurrent mark sweep GC freed 3(96B) AllocSpace objects, 0(0B) LOS objects, 23% free, 52MB/68MB, paused 508us total 22.397ms
08-04 14:02:37.678 32570 32582 I art     : Starting a blocking GC Explicit
08-04 14:02:37.683   380   380 W SurfaceFlinger: couldn't log to binary event log: overflow.
08-04 14:02:37.700 32570 32582 I art     : Explicit concurrent mark sweep GC freed 3(96B) AllocSpace objects, 0(0B) LOS objects, 23% free, 52MB/68MB, paused 473us total 21.860ms
08-04 14:02:37.987 32570   829 I art     : Starting a blocking GC Explicit
08-04 14:02:38.005 32570   829 I art     : Explicit concurrent mark sweep GC freed 1449(84KB) AllocSpace objects, 1(20KB) LOS objects, 23% free, 52MB/68MB, paused 422us total 17.776ms
08-04 14:02:38.013 32570   829 I art     : Starting a blocking GC Explicit
08-04 14:02:38.031 32570   829 I art     : Explicit concurrent mark sweep GC freed 49(1664B) AllocSpace objects, 0(0B) LOS objects, 23% free, 52MB/68MB, paused 430us total 17.220ms
08-04 14:02:38.038 32570   829 I art     : Starting a blocking GC Explicit
08-04 14:02:38.055 32570   829 I art     : Explicit concurrent mark sweep GC freed 11(416B) AllocSpace objects, 0(0B) LOS objects, 23% free, 52MB/68MB, paused 424us total 16.695ms
08-04 14:02:38.063 32570   829 I art     : Starting a blocking GC Explicit
08-04 14:02:38.081 32570   829 I art     : Explicit concurrent mark sweep GC freed 10(352B) AllocSpace objects, 0(0B) LOS objects, 23% free, 52MB/68MB, paused 418us total 17.729ms
08-04 14:02:38.088 32570   829 I art     : Starting a blocking GC Explicit
08-04 14:02:38.106 32570   829 I art     : Explicit concurrent mark sweep GC freed 11(416B) AllocSpace objects, 0(0B) LOS objects, 23% free, 52MB/68MB, paused 428us total 17.168ms
08-04 14:02:38.169 32570  2010 D OkHttp  : --> GET https://api-hillfair-2k16.herokuapp.com/api/app/events/special http/1.1
08-04 14:02:38.199 32570  2010 D OkHttp  : <-- 200 OK https://api-hillfair-2k16.herokuapp.com/api/app/events/special (30ms, 554-byte body)
08-04 14:02:38.252 32570 32570 I NAPPA_EXPERIMENTATION: MetricNetworkRequestExecutionTime: REQUEST_DURATION_SYSTEM='903',REQUEST_DURATION_OKHTTP='30',REQUEST_SYNCHRONOUS='FALSE',RESPONSE_CODE='200',RESPONSE_METHOD='GET',RESPONSE_LENGTH_OKHTTP='554',RESPONSE_LENGTH_HEADER='554',REQUEST_PROTOCOL='http/1.1',REQUEST_URL='https://api-hillfair-2k16.herokuapp.com/api/app/events/special',
08-04 14:02:38.367 32570   829 I art     : Starting a blocking GC Explicit
08-04 14:02:38.389 32570   829 I art     : Explicit concurrent mark sweep GC freed 4983(313KB) AllocSpace objects, 4(220KB) LOS objects, 23% free, 52MB/68MB, paused 429us total 21.646ms
08-04 14:02:38.397 32570   829 I art     : Starting a blocking GC Explicit
08-04 14:02:38.417 32570   829 I art     : Explicit concurrent mark sweep GC freed 1064(121KB) AllocSpace objects, 0(0B) LOS objects, 23% free, 52MB/68MB, paused 463us total 19.502ms
08-04 14:02:38.425 32570   829 I art     : Starting a blocking GC Explicit
08-04 14:02:38.444 32570   829 I art     : Explicit concurrent mark sweep GC freed 3(96B) AllocSpace objects, 0(0B) LOS objects, 23% free, 52MB/68MB, paused 395us total 18.721ms
08-04 14:02:38.452 32570   829 I art     : Starting a blocking GC Explicit
08-04 14:02:38.470 32570   829 I art     : Explicit concurrent mark sweep GC freed 3(96B) AllocSpace objects, 0(0B) LOS objects, 23% free, 52MB/68MB, paused 440us total 18.284ms
08-04 14:02:38.479 32570   829 I art     : Starting a blocking GC Explicit
08-04 14:02:38.498 32570   829 I art     : Explicit concurrent mark sweep GC freed 3(96B) AllocSpace objects, 0(0B) LOS objects, 23% free, 52MB/68MB, paused 423us total 19.041ms
08-04 14:02:38.786 32570 32581 I art     : Starting a blocking GC Explicit
08-04 14:02:38.814 32570 32581 I art     : Explicit concurrent mark sweep GC freed 1340(78KB) AllocSpace objects, 1(20KB) LOS objects, 23% free, 52MB/68MB, paused 450us total 27.417ms
08-04 14:02:38.828 32570 32581 I art     : Starting a blocking GC Explicit
08-04 14:02:38.849 32570 32581 I art     : Explicit concurrent mark sweep GC freed 20(704B) AllocSpace objects, 0(0B) LOS objects, 23% free, 52MB/68MB, paused 422us total 20.806ms
08-04 14:02:38.858 32570 32581 I art     : Starting a blocking GC Explicit
08-04 14:02:38.878 32570 32581 I art     : Explicit concurrent mark sweep GC freed 3(96B) AllocSpace objects, 0(0B) LOS objects, 23% free, 52MB/68MB, paused 412us total 20.539ms
08-04 14:02:38.887 32570 32581 I art     : Starting a blocking GC Explicit
08-04 14:02:38.908 32570 32581 I art     : Explicit concurrent mark sweep GC freed 3(96B) AllocSpace objects, 0(0B) LOS objects, 23% free, 52MB/68MB, paused 409us total 20.461ms
08-04 14:02:38.917 32570 32581 I art     : Starting a blocking GC Explicit
08-04 14:02:38.937 32570 32581 I art     : Explicit concurrent mark sweep GC freed 3(96B) AllocSpace objects, 0(0B) LOS objects, 23% free, 52MB/68MB, paused 489us total 20.186ms
08-04 14:02:39.258 32570 32611 I art     : Starting a blocking GC Explicit
08-04 14:02:39.284 32570 32611 I art     : Explicit concurrent mark sweep GC freed 1340(78KB) AllocSpace objects, 1(20KB) LOS objects, 23% free, 52MB/68MB, paused 438us total 25.856ms
08-04 14:02:39.293 32570 32611 I art     : Starting a blocking GC Explicit
08-04 14:02:39.314 32570 32611 I art     : Explicit concurrent mark sweep GC freed 20(704B) AllocSpace objects, 0(0B) LOS objects, 23% free, 52MB/68MB, paused 412us total 20.469ms
08-04 14:02:39.322 32570 32611 I art     : Starting a blocking GC Explicit
08-04 14:02:39.343 32570 32611 I art     : Explicit concurrent mark sweep GC freed 3(96B) AllocSpace objects, 0(0B) LOS objects, 23% free, 52MB/68MB, paused 422us total 20.533ms
08-04 14:02:39.352 32570 32611 I art     : Starting a blocking GC Explicit
08-04 14:02:39.372 32570 32611 I art     : Explicit concurrent mark sweep GC freed 3(96B) AllocSpace objects, 0(0B) LOS objects, 23% free, 52MB/68MB, paused 416us total 20.203ms
08-04 14:02:39.381 32570 32611 I art     : Starting a blocking GC Explicit
08-04 14:02:39.401 32570 32611 I art     : Explicit concurrent mark sweep GC freed 3(96B) AllocSpace objects, 0(0B) LOS objects, 23% free, 52MB/68MB, paused 408us total 19.906ms
08-04 14:02:39.710 32570  1570 I art     : Starting a blocking GC Explicit
08-04 14:02:39.738 32570  1570 I art     : Explicit concurrent mark sweep GC freed 1340(78KB) AllocSpace objects, 1(20KB) LOS objects, 23% free, 52MB/68MB, paused 679us total 27.859ms
08-04 14:02:39.750 32570  1570 I art     : Starting a blocking GC Explicit
08-04 14:02:39.770 32570  1570 I art     : Explicit concurrent mark sweep GC freed 20(704B) AllocSpace objects, 0(0B) LOS objects, 23% free, 52MB/68MB, paused 400us total 19.735ms
08-04 14:02:39.770 32570 32580 I art     : WaitForGcToComplete blocked for 7.280ms for cause HeapTrim
08-04 14:02:39.778 32570  1570 I art     : Starting a blocking GC Explicit
08-04 14:02:39.799 32570  1570 I art     : Explicit concurrent mark sweep GC freed 3(96B) AllocSpace objects, 0(0B) LOS objects, 23% free, 52MB/68MB, paused 405us total 20.227ms
08-04 14:02:39.808 32570  1570 I art     : Starting a blocking GC Explicit
08-04 14:02:39.828 32570  1570 I art     : Explicit concurrent mark sweep GC freed 3(96B) AllocSpace objects, 0(0B) LOS objects, 23% free, 52MB/68MB, paused 416us total 20.523ms
08-04 14:02:39.837 32570  1570 I art     : Starting a blocking GC Explicit
08-04 14:02:39.857 32570  1570 I art     : Explicit concurrent mark sweep GC freed 3(96B) AllocSpace objects, 0(0B) LOS objects, 23% free, 52MB/68MB, paused 472us total 19.833ms
08-04 14:02:40.033 26337 26337 I ServiceManager: Waiting for service AtCmdFwd...
08-04 14:02:40.181 32570 32582 I art     : Starting a blocking GC Explicit
08-04 14:02:40.211 32570 32582 I art     : Explicit concurrent mark sweep GC freed 1340(78KB) AllocSpace objects, 1(20KB) LOS objects, 23% free, 52MB/68MB, paused 503us total 28.959ms
08-04 14:02:40.224 32570 32582 I art     : Starting a blocking GC Explicit
08-04 14:02:40.249 32570 32582 I art     : Explicit concurrent mark sweep GC freed 20(704B) AllocSpace objects, 0(0B) LOS objects, 23% free, 52MB/68MB, paused 450us total 24.464ms
08-04 14:02:40.259 32570 32582 I art     : Starting a blocking GC Explicit
08-04 14:02:40.280 32570 32582 I art     : Explicit concurrent mark sweep GC freed 3(96B) AllocSpace objects, 0(0B) LOS objects, 23% free, 52MB/68MB, paused 406us total 20.710ms
08-04 14:02:40.288 32570 32582 I art     : Starting a blocking GC Explicit
08-04 14:02:40.309 32570 32582 I art     : Explicit concurrent mark sweep GC freed 3(96B) AllocSpace objects, 0(0B) LOS objects, 23% free, 52MB/68MB, paused 393us total 20.193ms
08-04 14:02:40.317 32570 32582 I art     : Starting a blocking GC Explicit
08-04 14:02:40.338 32570 32582 I art     : Explicit concurrent mark sweep GC freed 3(96B) AllocSpace objects, 0(0B) LOS objects, 23% free, 52MB/68MB, paused 392us total 20.707ms
08-04 14:02:40.650 32570   829 I art     : Starting a blocking GC Explicit
08-04 14:02:40.675 32570   829 I art     : Explicit concurrent mark sweep GC freed 1340(78KB) AllocSpace objects, 1(20KB) LOS objects, 23% free, 52MB/68MB, paused 404us total 24.772ms
08-04 14:02:40.684 32570   829 I art     : Starting a blocking GC Explicit
08-04 14:02:40.705 32570   829 I art     : Explicit concurrent mark sweep GC freed 20(704B) AllocSpace objects, 0(0B) LOS objects, 23% free, 52MB/68MB, paused 427us total 20.645ms
08-04 14:02:40.713 32570   829 I art     : Starting a blocking GC Explicit
08-04 14:02:40.734 32570   829 I art     : Explicit concurrent mark sweep GC freed 3(96B) AllocSpace objects, 0(0B) LOS objects, 23% free, 52MB/68MB, paused 425us total 20.382ms
08-04 14:02:40.743 32570   829 I art     : Starting a blocking GC Explicit
08-04 14:02:40.763 32570   829 I art     : Explicit concurrent mark sweep GC freed 3(96B) AllocSpace objects, 0(0B) LOS objects, 23% free, 52MB/68MB, paused 416us total 20.232ms
08-04 14:02:40.772 32570   829 I art     : Starting a blocking GC Explicit
08-04 14:02:40.792 32570   829 I art     : Explicit concurrent mark sweep GC freed 3(96B) AllocSpace objects, 0(0B) LOS objects, 23% free, 52MB/68MB, paused 408us total 20.176ms
08-04 14:02:41.033 26337 26337 I ServiceManager: Waiting for service AtCmdFwd...
08-04 14:02:41.099 32570 32581 I art     : Starting a blocking GC Explicit
08-04 14:02:41.124 32570 32581 I art     : Explicit concurrent mark sweep GC freed 1340(78KB) AllocSpace objects, 1(20KB) LOS objects, 23% free, 52MB/68MB, paused 425us total 24.629ms
08-04 14:02:41.132 32570 32581 I art     : Starting a blocking GC Explicit
08-04 14:02:41.152 32570 32581 I art     : Explicit concurrent mark sweep GC freed 20(704B) AllocSpace objects, 0(0B) LOS objects, 23% free, 52MB/68MB, paused 412us total 19.943ms
08-04 14:02:41.161 32570 32581 I art     : Starting a blocking GC Explicit
08-04 14:02:41.181 32570 32581 I art     : Explicit concurrent mark sweep GC freed 3(96B) AllocSpace objects, 0(0B) LOS objects, 23% free, 52MB/68MB, paused 413us total 19.637ms
08-04 14:02:41.189 32570 32581 I art     : Starting a blocking GC Explicit
08-04 14:02:41.210 32570 32581 I art     : Explicit concurrent mark sweep GC freed 3(96B) AllocSpace objects, 0(0B) LOS objects, 23% free, 52MB/68MB, paused 409us total 20.585ms
08-04 14:02:41.219 32570 32581 I art     : Starting a blocking GC Explicit
08-04 14:02:41.239 32570 32581 I art     : Explicit concurrent mark sweep GC freed 3(96B) AllocSpace objects, 0(0B) LOS objects, 23% free, 52MB/68MB, paused 404us total 20.055ms
08-04 14:02:41.556 32570 32611 I art     : Starting a blocking GC Explicit
08-04 14:02:41.582 32570 32611 I art     : Explicit concurrent mark sweep GC freed 1340(78KB) AllocSpace objects, 1(20KB) LOS objects, 23% free, 52MB/68MB, paused 432us total 24.914ms
08-04 14:02:41.592 32570 32611 I art     : Starting a blocking GC Explicit
08-04 14:02:41.612 32570 32611 I art     : Explicit concurrent mark sweep GC freed 20(704B) AllocSpace objects, 0(0B) LOS objects, 23% free, 52MB/68MB, paused 450us total 19.908ms
08-04 14:02:41.621 32570 32611 I art     : Starting a blocking GC Explicit
08-04 14:02:41.640 32570 32611 I art     : Explicit concurrent mark sweep GC freed 3(96B) AllocSpace objects, 0(0B) LOS objects, 23% free, 52MB/68MB, paused 427us total 18.802ms
08-04 14:02:41.648 32570 32611 I art     : Starting a blocking GC Explicit
08-04 14:02:41.667 32570 32611 I art     : Explicit concurrent mark sweep GC freed 3(96B) AllocSpace objects, 0(0B) LOS objects, 23% free, 52MB/68MB, paused 499us total 19.025ms
08-04 14:02:41.675 32570 32611 I art     : Starting a blocking GC Explicit
08-04 14:02:41.694 32570 32611 I art     : Explicit concurrent mark sweep GC freed 3(96B) AllocSpace objects, 0(0B) LOS objects, 23% free, 52MB/68MB, paused 416us total 19.077ms
08-04 14:02:41.978  2151  2151 D AndroidRuntime: >>>>>> START com.android.internal.os.RuntimeInit uid 2000 <<<<<<
08-04 14:02:41.983  2151  2151 D AndroidRuntime: CheckJNI is OFF
08-04 14:02:41.989 32570  1570 I art     : Starting a blocking GC Explicit
08-04 14:02:42.010 32570  1570 I art     : Explicit concurrent mark sweep GC freed 1340(78KB) AllocSpace objects, 1(20KB) LOS objects, 23% free, 52MB/68MB, paused 449us total 20.133ms
08-04 14:02:42.018 32570  1570 I art     : Starting a blocking GC Explicit
08-04 14:02:42.020  2151  2151 D ICU     : No timezone override file found: /data/misc/zoneinfo/current/icu/icu_tzdata.dat
08-04 14:02:42.034 26337 26337 I ServiceManager: Waiting for service AtCmdFwd...
08-04 14:02:42.038 32570  1570 I art     : Explicit concurrent mark sweep GC freed 20(704B) AllocSpace objects, 0(0B) LOS objects, 23% free, 52MB/68MB, paused 456us total 19.234ms
08-04 14:02:42.046 32570  1570 I art     : Starting a blocking GC Explicit
08-04 14:02:42.053  2151  2151 I Radio-JNI: register_android_hardware_Radio DONE
08-04 14:02:42.065 32570  1570 I art     : Explicit concurrent mark sweep GC freed 3(96B) AllocSpace objects, 0(0B) LOS objects, 23% free, 52MB/68MB, paused 447us total 18.852ms
08-04 14:02:42.073 32570  1570 I art     : Starting a blocking GC Explicit
08-04 14:02:42.076  2151  2151 D AndroidRuntime: Calling main entry com.android.commands.input.Input
08-04 14:02:42.077  2151  2151 I Input   : injectMotionEvent: MotionEvent { action=ACTION_DOWN, actionButton=0, id[0]=0, x[0]=733.0, y[0]=645.0, toolType[0]=TOOL_TYPE_UNKNOWN, buttonState=0, metaState=0, flags=0x0, edgeFlags=0x0, pointerCount=1, historySize=0, eventTime=712978490, downTime=712978490, deviceId=0, source=0x1002 }
08-04 14:02:42.082  2151  2151 I Input   : injectMotionEvent: MotionEvent { action=ACTION_UP, actionButton=0, id[0]=0, x[0]=733.0, y[0]=645.0, toolType[0]=TOOL_TYPE_UNKNOWN, buttonState=0, metaState=0, flags=0x0, edgeFlags=0x0, pointerCount=1, historySize=0, eventTime=712978490, downTime=712978490, deviceId=0, source=0x1002 }
08-04 14:02:42.083   918  6111 I ActivityManager: START u0 {cmp=baseline.appteam.nith.hillffair/.activities.ClubActivity (has extras)} from uid 10651 on display 0
08-04 14:02:42.090  2151  2151 D AndroidRuntime: Shutting down VM
08-04 14:02:42.091 32570  1570 I art     : Explicit concurrent mark sweep GC freed 21(656B) AllocSpace objects, 0(0B) LOS objects, 23% free, 52MB/68MB, paused 544us total 17.511ms
08-04 14:02:42.100 32570  1570 I art     : Starting a blocking GC Explicit
08-04 14:02:42.120 32570  1570 I art     : Explicit concurrent mark sweep GC freed 3160(180KB) AllocSpace objects, 0(0B) LOS objects, 23% free, 52MB/68MB, paused 913us total 19.630ms
08-04 14:02:42.175 13866 13866 I GoogleInputMethodServic: GoogleInputMethodService.onFinishInput():3138 
08-04 14:02:42.176   918   936 I ActivityManager: Displayed baseline.appteam.nith.hillffair/.activities.ClubActivity: +87ms
08-04 14:02:42.177 13866 13866 I GoogleInputMethodServic: GoogleInputMethodService.onStartInput():1808 
08-04 14:02:42.379 32570 32582 I art     : Starting a blocking GC Explicit
08-04 14:02:42.404 32570 32582 I art     : Explicit concurrent mark sweep GC freed 2290(160KB) AllocSpace objects, 1(20KB) LOS objects, 23% free, 52MB/68MB, paused 655us total 25.478ms
08-04 14:02:42.416 32570 32582 I art     : Starting a blocking GC Explicit
08-04 14:02:42.421   380   380 W SurfaceFlinger: couldn't log to binary event log: overflow.
08-04 14:02:42.435 32570 32582 I art     : Explicit concurrent mark sweep GC freed 53(2032B) AllocSpace objects, 0(0B) LOS objects, 23% free, 52MB/68MB, paused 485us total 19.268ms
08-04 14:02:42.443 32570 32582 I art     : Starting a blocking GC Explicit
08-04 14:02:42.461 32570 32582 I art     : Explicit concurrent mark sweep GC freed 3(96B) AllocSpace objects, 0(0B) LOS objects, 23% free, 52MB/68MB, paused 425us total 18.177ms
08-04 14:02:42.469 32570 32582 I art     : Starting a blocking GC Explicit
08-04 14:02:42.487 32570 32582 I art     : Explicit concurrent mark sweep GC freed 3(96B) AllocSpace objects, 0(0B) LOS objects, 23% free, 52MB/68MB, paused 431us total 18.008ms
08-04 14:02:42.495 32570 32582 I art     : Starting a blocking GC Explicit
08-04 14:02:42.515 32570 32582 I art     : Explicit concurrent mark sweep GC freed 3(96B) AllocSpace objects, 0(0B) LOS objects, 23% free, 52MB/68MB, paused 487us total 19.315ms
08-04 14:02:42.787 32570 32581 I art     : Starting a blocking GC Explicit
08-04 14:02:42.809 32570 32581 I art     : Explicit concurrent mark sweep GC freed 1493(86KB) AllocSpace objects, 1(20KB) LOS objects, 23% free, 52MB/68MB, paused 451us total 21.697ms
08-04 14:02:42.817 32570 32581 I art     : Starting a blocking GC Explicit
08-04 14:02:42.838 32570 32581 I art     : Explicit concurrent mark sweep GC freed 57(1920B) AllocSpace objects, 0(0B) LOS objects, 23% free, 52MB/68MB, paused 474us total 20.835ms
08-04 14:02:42.847 32570 32581 I art     : Starting a blocking GC Explicit
08-04 14:02:42.867 32570 32581 I art     : Explicit concurrent mark sweep GC freed 11(416B) AllocSpace objects, 0(0B) LOS objects, 23% free, 52MB/68MB, paused 477us total 20.186ms
08-04 14:02:42.875 32570 32581 I art     : Starting a blocking GC Explicit
08-04 14:02:42.894 32570 32581 I art     : Explicit concurrent mark sweep GC freed 13(480B) AllocSpace objects, 0(0B) LOS objects, 23% free, 52MB/68MB, paused 449us total 18.588ms
08-04 14:02:42.902 32570 32581 I art     : Starting a blocking GC Explicit
08-04 14:02:42.922 32570 32581 I art     : Explicit concurrent mark sweep GC freed 10(352B) AllocSpace objects, 0(0B) LOS objects, 23% free, 52MB/68MB, paused 536us total 19.927ms
08-04 14:02:42.983 32570  2174 D OkHttp  : --> GET https://api-hillfair-2k16.herokuapp.com/api/app/events/special/event?id=5806551bdcba0f490c70fd1f http/1.1
08-04 14:02:43.015 32570  2174 D OkHttp  : <-- 200 OK https://api-hillfair-2k16.herokuapp.com/api/app/events/special/event?id=5806551bdcba0f490c70fd1f (32ms, 795-byte body)
08-04 14:02:43.034 26337 26337 I ServiceManager: Waiting for service AtCmdFwd...
08-04 14:02:43.074 32570 32570 I NAPPA_EXPERIMENTATION: MetricNetworkRequestExecutionTime: REQUEST_DURATION_SYSTEM='958',REQUEST_DURATION_OKHTTP='32',REQUEST_SYNCHRONOUS='FALSE',RESPONSE_CODE='200',RESPONSE_METHOD='GET',RESPONSE_LENGTH_OKHTTP='795',RESPONSE_LENGTH_HEADER='795',REQUEST_PROTOCOL='http/1.1',REQUEST_URL='https://api-hillfair-2k16.herokuapp.com/api/app/events/special/event?id=5806551bdcba0f490c70fd1f',
08-04 14:02:43.160   918  3261 D WifiStateMachine: starting scan for "H369AA63323"WPA_PSK with 2412,5180
08-04 14:02:43.188 32570   829 I art     : Starting a blocking GC Explicit
08-04 14:02:43.213 32570   829 I art     : Explicit concurrent mark sweep GC freed 4772(311KB) AllocSpace objects, 4(220KB) LOS objects, 23% free, 52MB/68MB, paused 449us total 23.893ms
08-04 14:02:43.222 32570   829 I art     : Starting a blocking GC Explicit
08-04 14:02:43.243 32570   829 I art     : Explicit concurrent mark sweep GC freed 1036(119KB) AllocSpace objects, 0(0B) LOS objects, 23% free, 52MB/68MB, paused 419us total 20.740ms
08-04 14:02:43.251 32570   829 I art     : Starting a blocking GC Explicit
08-04 14:02:43.272 32570   829 I art     : Explicit concurrent mark sweep GC freed 3(96B) AllocSpace objects, 0(0B) LOS objects, 23% free, 52MB/68MB, paused 396us total 20.139ms
08-04 14:02:43.280 32570   829 I art     : Starting a blocking GC Explicit
08-04 14:02:43.302 32570   829 I art     : Explicit concurrent mark sweep GC freed 3(96B) AllocSpace objects, 0(0B) LOS objects, 23% free, 52MB/68MB, paused 444us total 20.956ms
08-04 14:02:43.310 32570   829 I art     : Starting a blocking GC Explicit
08-04 14:02:43.331 32570   829 I art     : Explicit concurrent mark sweep GC freed 3(96B) AllocSpace objects, 0(0B) LOS objects, 23% free, 52MB/68MB, paused 436us total 20.167ms
08-04 14:02:43.614 32570 32611 I art     : Starting a blocking GC Explicit
08-04 14:02:43.644 32570 32611 I art     : Explicit concurrent mark sweep GC freed 1341(78KB) AllocSpace objects, 1(20KB) LOS objects, 23% free, 52MB/68MB, paused 493us total 30.269ms
08-04 14:02:43.657 32570 32611 I art     : Starting a blocking GC Explicit
08-04 14:02:43.678 32570 32611 I art     : Explicit concurrent mark sweep GC freed 36(1264B) AllocSpace objects, 0(0B) LOS objects, 23% free, 52MB/68MB, paused 439us total 21.347ms
08-04 14:02:43.687 32570 32611 I art     : Starting a blocking GC Explicit
08-04 14:02:43.708 32570 32611 I art     : Explicit concurrent mark sweep GC freed 3(96B) AllocSpace objects, 0(0B) LOS objects, 23% free, 52MB/68MB, paused 442us total 21.054ms
08-04 14:02:43.717 32570 32611 I art     : Starting a blocking GC Explicit
08-04 14:02:43.739 32570 32611 I art     : Explicit concurrent mark sweep GC freed 3(96B) AllocSpace objects, 0(0B) LOS objects, 23% free, 52MB/68MB, paused 498us total 21.606ms
08-04 14:02:43.749 32570 32611 I art     : Starting a blocking GC Explicit
08-04 14:02:43.770 32570 32611 I art     : Explicit concurrent mark sweep GC freed 3(96B) AllocSpace objects, 0(0B) LOS objects, 23% free, 52MB/68MB, paused 444us total 21.232ms
08-04 14:02:44.035 26337 26337 I ServiceManager: Waiting for service AtCmdFwd...
08-04 14:02:44.088 32570 32581 I art     : Starting a blocking GC Explicit
08-04 14:02:44.114 32570 32581 I art     : Explicit concurrent mark sweep GC freed 1341(78KB) AllocSpace objects, 1(20KB) LOS objects, 23% free, 52MB/68MB, paused 446us total 25.171ms
08-04 14:02:44.123 32570 32581 I art     : Starting a blocking GC Explicit
08-04 14:02:44.144 32570 32581 I art     : Explicit concurrent mark sweep GC freed 20(704B) AllocSpace objects, 0(0B) LOS objects, 23% free, 52MB/68MB, paused 459us total 21.506ms
08-04 14:02:44.153 32570 32581 I art     : Starting a blocking GC Explicit
08-04 14:02:44.175 32570 32581 I art     : Explicit concurrent mark sweep GC freed 3(96B) AllocSpace objects, 0(0B) LOS objects, 23% free, 52MB/68MB, paused 446us total 21.796ms
08-04 14:02:44.184 32570 32581 I art     : Starting a blocking GC Explicit
08-04 14:02:44.206 32570 32581 I art     : Explicit concurrent mark sweep GC freed 3(96B) AllocSpace objects, 0(0B) LOS objects, 23% free, 52MB/68MB, paused 483us total 21.341ms
08-04 14:02:44.214 32570 32581 I art     : Starting a blocking GC Explicit
08-04 14:02:44.236 32570 32581 I art     : Explicit concurrent mark sweep GC freed 3(96B) AllocSpace objects, 0(0B) LOS objects, 23% free, 52MB/68MB, paused 445us total 21.653ms
08-04 14:02:44.552 32570  1570 I art     : Starting a blocking GC Explicit
08-04 14:02:44.581 32570  1570 I art     : Explicit concurrent mark sweep GC freed 1341(78KB) AllocSpace objects, 1(20KB) LOS objects, 23% free, 52MB/68MB, paused 470us total 28.081ms
08-04 14:02:44.592 32570  1570 I art     : Starting a blocking GC Explicit
08-04 14:02:44.614 32570  1570 I art     : Explicit concurrent mark sweep GC freed 20(704B) AllocSpace objects, 0(0B) LOS objects, 23% free, 52MB/68MB, paused 453us total 21.701ms
08-04 14:02:44.623 32570  1570 I art     : Starting a blocking GC Explicit
08-04 14:02:44.645 32570  1570 I art     : Explicit concurrent mark sweep GC freed 3(96B) AllocSpace objects, 0(0B) LOS objects, 23% free, 52MB/68MB, paused 493us total 21.738ms
08-04 14:02:44.654 32570  1570 I art     : Starting a blocking GC Explicit
08-04 14:02:44.676 32570  1570 I art     : Explicit concurrent mark sweep GC freed 3(96B) AllocSpace objects, 0(0B) LOS objects, 23% free, 52MB/68MB, paused 530us total 21.856ms
08-04 14:02:44.685 32570  1570 I art     : Starting a blocking GC Explicit
08-04 14:02:44.707 32570  1570 I art     : Explicit concurrent mark sweep GC freed 3(96B) AllocSpace objects, 0(0B) LOS objects, 23% free, 52MB/68MB, paused 587us total 21.792ms
08-04 14:02:45.022 32570   829 I art     : Starting a blocking GC Explicit
08-04 14:02:45.035 26337 26337 W Atfwd_Sendcmd: AtCmdFwd service not published, waiting... retryCnt : 5
08-04 14:02:45.051 32570   829 I art     : Explicit concurrent mark sweep GC freed 1341(78KB) AllocSpace objects, 1(20KB) LOS objects, 23% free, 52MB/68MB, paused 474us total 29.014ms
08-04 14:02:45.062 32570   829 I art     : Starting a blocking GC Explicit
08-04 14:02:45.084 32570   829 I art     : Explicit concurrent mark sweep GC freed 20(704B) AllocSpace objects, 0(0B) LOS objects, 23% free, 52MB/68MB, paused 440us total 21.690ms
08-04 14:02:45.093 32570   829 I art     : Starting a blocking GC Explicit
08-04 14:02:45.115 32570   829 I art     : Explicit concurrent mark sweep GC freed 3(96B) AllocSpace objects, 0(0B) LOS objects, 23% free, 52MB/68MB, paused 432us total 21.655ms
08-04 14:02:45.124 32570   829 I art     : Starting a blocking GC Explicit
08-04 14:02:45.146 32570   829 I art     : Explicit concurrent mark sweep GC freed 3(96B) AllocSpace objects, 0(0B) LOS objects, 23% free, 52MB/68MB, paused 594us total 21.876ms
08-04 14:02:45.155 32570   829 I art     : Starting a blocking GC Explicit
08-04 14:02:45.177 32570   829 I art     : Explicit concurrent mark sweep GC freed 3(96B) AllocSpace objects, 0(0B) LOS objects, 23% free, 52MB/68MB, paused 497us total 21.823ms
08-04 14:02:45.505 32570 32582 I art     : Starting a blocking GC Explicit
08-04 14:02:45.532 32570 32582 I art     : Explicit concurrent mark sweep GC freed 1341(78KB) AllocSpace objects, 1(20KB) LOS objects, 23% free, 52MB/68MB, paused 469us total 26.811ms
08-04 14:02:45.544 32570 32582 I art     : Starting a blocking GC Explicit
08-04 14:02:45.567 32570 32582 I art     : Explicit concurrent mark sweep GC freed 20(704B) AllocSpace objects, 0(0B) LOS objects, 23% free, 52MB/68MB, paused 438us total 21.969ms
08-04 14:02:45.575 32570 32582 I art     : Starting a blocking GC Explicit
08-04 14:02:45.597 32570 32582 I art     : Explicit concurrent mark sweep GC freed 3(96B) AllocSpace objects, 0(0B) LOS objects, 23% free, 52MB/68MB, paused 451us total 21.222ms
08-04 14:02:45.605 32570 32582 I art     : Starting a blocking GC Explicit
08-04 14:02:45.627 32570 32582 I art     : Explicit concurrent mark sweep GC freed 3(96B) AllocSpace objects, 0(0B) LOS objects, 23% free, 52MB/68MB, paused 476us total 21.758ms
08-04 14:02:45.637 32570 32582 I art     : Starting a blocking GC Explicit
08-04 14:02:45.658 32570 32582 I art     : Explicit concurrent mark sweep GC freed 3(96B) AllocSpace objects, 0(0B) LOS objects, 23% free, 52MB/68MB, paused 448us total 20.746ms
08-04 14:02:45.985 32570 32611 I art     : Starting a blocking GC Explicit
08-04 14:02:46.012 32570 32611 I art     : Explicit concurrent mark sweep GC freed 1341(78KB) AllocSpace objects, 1(20KB) LOS objects, 23% free, 52MB/68MB, paused 467us total 27.013ms
08-04 14:02:46.024 32570 32611 I art     : Starting a blocking GC Explicit
08-04 14:02:46.045 32570 32611 I art     : Explicit concurrent mark sweep GC freed 20(704B) AllocSpace objects, 0(0B) LOS objects, 23% free, 52MB/68MB, paused 439us total 21.244ms
08-04 14:02:46.054 32570 32611 I art     : Starting a blocking GC Explicit
08-04 14:02:46.077 32570 32611 I art     : Explicit concurrent mark sweep GC freed 3(96B) AllocSpace objects, 0(0B) LOS objects, 23% free, 52MB/68MB, paused 519us total 22.045ms
08-04 14:02:46.085 32570 32611 I art     : Starting a blocking GC Explicit
08-04 14:02:46.107 32570 32611 I art     : Explicit concurrent mark sweep GC freed 3(96B) AllocSpace objects, 0(0B) LOS objects, 23% free, 52MB/68MB, paused 518us total 21.388ms
08-04 14:02:46.116 32570 32611 I art     : Starting a blocking GC Explicit
08-04 14:02:46.137 32570 32611 I art     : Explicit concurrent mark sweep GC freed 3(96B) AllocSpace objects, 0(0B) LOS objects, 23% free, 52MB/68MB, paused 521us total 21.245ms
08-04 14:02:46.427 32570 32581 I art     : Starting a blocking GC Explicit
08-04 14:02:46.448 32570 32581 I art     : Explicit concurrent mark sweep GC freed 1341(78KB) AllocSpace objects, 1(20KB) LOS objects, 23% free, 52MB/68MB, paused 462us total 21.141ms
08-04 14:02:46.457 32570 32581 I art     : Starting a blocking GC Explicit
08-04 14:02:46.478 32570 32581 I art     : Explicit concurrent mark sweep GC freed 20(704B) AllocSpace objects, 0(0B) LOS objects, 23% free, 52MB/68MB, paused 442us total 20.755ms
08-04 14:02:46.487 32570 32581 I art     : Starting a blocking GC Explicit
08-04 14:02:46.508 32570 32581 I art     : Explicit concurrent mark sweep GC freed 3(96B) AllocSpace objects, 0(0B) LOS objects, 23% free, 52MB/68MB, paused 472us total 20.950ms
08-04 14:02:46.516 32570 32581 I art     : Starting a blocking GC Explicit
08-04 14:02:46.538 32570 32581 I art     : Explicit concurrent mark sweep GC freed 3(96B) AllocSpace objects, 0(0B) LOS objects, 23% free, 52MB/68MB, paused 477us total 20.902ms
08-04 14:02:46.546 32570 32581 I art     : Starting a blocking GC Explicit
08-04 14:02:46.567 32570 32581 I art     : Explicit concurrent mark sweep GC freed 3(96B) AllocSpace objects, 0(0B) LOS objects, 23% free, 52MB/68MB, paused 454us total 20.349ms
08-04 14:02:46.765  2272  2272 D AndroidRuntime: >>>>>> START com.android.internal.os.RuntimeInit uid 2000 <<<<<<
08-04 14:02:46.770  2272  2272 D AndroidRuntime: CheckJNI is OFF
08-04 14:02:46.802  2272  2272 D ICU     : No timezone override file found: /data/misc/zoneinfo/current/icu/icu_tzdata.dat
08-04 14:02:46.833  2272  2272 I Radio-JNI: register_android_hardware_Radio DONE
08-04 14:02:46.856  2272  2272 D AndroidRuntime: Calling main entry com.android.commands.input.Input
08-04 14:02:46.857  2272  2272 I Input   : injectKeyEvent: KeyEvent { action=ACTION_DOWN, keyCode=KEYCODE_BACK, scanCode=0, metaState=0, flags=0x0, repeatCount=0, eventTime=712983270, downTime=712983270, deviceId=-1, source=0x101 }
08-04 14:02:46.862  2272  2272 I Input   : injectKeyEvent: KeyEvent { action=ACTION_UP, keyCode=KEYCODE_BACK, scanCode=0, metaState=0, flags=0x0, repeatCount=0, eventTime=712983270, downTime=712983270, deviceId=-1, source=0x101 }
08-04 14:02:46.867  2272  2272 D AndroidRuntime: Shutting down VM
08-04 14:02:46.871 32570 32611 I art     : Starting a blocking GC Explicit
08-04 14:02:46.892 32570 32611 I art     : Explicit concurrent mark sweep GC freed 1482(84KB) AllocSpace objects, 1(20KB) LOS objects, 23% free, 52MB/68MB, paused 433us total 20.450ms
08-04 14:02:46.901 32570 32611 I art     : Starting a blocking GC Explicit
08-04 14:02:46.905 13866 13866 I GoogleInputMethodServic: GoogleInputMethodService.onFinishInput():3138 
08-04 14:02:46.906 13866 13866 I GoogleInputMethodServic: GoogleInputMethodService.onStartInput():1808 
08-04 14:02:46.919 32570 32611 I art     : Explicit concurrent mark sweep GC freed 42(1584B) AllocSpace objects, 0(0B) LOS objects, 23% free, 52MB/68MB, paused 434us total 17.808ms
08-04 14:02:46.928 32570 32611 I art     : Starting a blocking GC Explicit
08-04 14:02:46.948 32570 32611 I art     : Explicit concurrent mark sweep GC freed 14(480B) AllocSpace objects, 0(0B) LOS objects, 23% free, 52MB/68MB, paused 399us total 19.125ms
08-04 14:02:46.955 32570 32611 I art     : Starting a blocking GC Explicit
08-04 14:02:46.973 32570 32611 I art     : Explicit concurrent mark sweep GC freed 5(176B) AllocSpace objects, 0(0B) LOS objects, 23% free, 52MB/68MB, paused 426us total 17.359ms
08-04 14:02:46.981 32570 32611 I art     : Starting a blocking GC Explicit
08-04 14:02:47.001 32570 32611 I art     : Explicit concurrent mark sweep GC freed 3(96B) AllocSpace objects, 0(0B) LOS objects, 23% free, 52MB/68MB, paused 396us total 19.167ms
08-04 14:02:47.209   380   380 W SurfaceFlinger: couldn't log to binary event log: overflow.
08-04 14:02:47.253 32570   829 I art     : Starting a blocking GC Explicit
08-04 14:02:47.274 32570   829 I art     : Explicit concurrent mark sweep GC freed 1450(87KB) AllocSpace objects, 1(20KB) LOS objects, 23% free, 52MB/68MB, paused 451us total 20.326ms
08-04 14:02:47.282 32570   829 I art     : Starting a blocking GC Explicit
08-04 14:02:47.302 32570   829 I art     : Explicit concurrent mark sweep GC freed 1672(107KB) AllocSpace objects, 3(400KB) LOS objects, 23% free, 52MB/68MB, paused 430us total 19.870ms
08-04 14:02:47.310 32570   829 I art     : Starting a blocking GC Explicit
08-04 14:02:47.331 32570   829 I art     : Explicit concurrent mark sweep GC freed 3(96B) AllocSpace objects, 0(0B) LOS objects, 23% free, 52MB/68MB, paused 424us total 20.389ms
08-04 14:02:47.339 32570   829 I art     : Starting a blocking GC Explicit
08-04 14:02:47.359 32570   829 I art     : Explicit concurrent mark sweep GC freed 3(96B) AllocSpace objects, 0(0B) LOS objects, 23% free, 52MB/68MB, paused 410us total 19.791ms
08-04 14:02:47.368 32570   829 I art     : Starting a blocking GC Explicit
08-04 14:02:47.384   518   646 I ThermalEngine: ACTION: GPU - Setting GPU[0] to 600000000
08-04 14:02:47.388 32570   829 I art     : Explicit concurrent mark sweep GC freed 3(96B) AllocSpace objects, 0(0B) LOS objects, 23% free, 52MB/68MB, paused 429us total 20.105ms
08-04 14:02:47.653 32570 32582 I art     : Starting a blocking GC Explicit
08-04 14:02:47.671 32570 32582 I art     : Explicit concurrent mark sweep GC freed 1341(78KB) AllocSpace objects, 1(20KB) LOS objects, 23% free, 52MB/68MB, paused 322us total 17.539ms
08-04 14:02:47.678 32570 32582 I art     : Starting a blocking GC Explicit
08-04 14:02:47.695 32570 32582 I art     : Explicit concurrent mark sweep GC freed 20(704B) AllocSpace objects, 0(0B) LOS objects, 23% free, 52MB/68MB, paused 314us total 16.749ms
08-04 14:02:47.702 32570 32582 I art     : Starting a blocking GC Explicit
08-04 14:02:47.719 32570 32582 I art     : Explicit concurrent mark sweep GC freed 3(96B) AllocSpace objects, 0(0B) LOS objects, 23% free, 52MB/68MB, paused 323us total 16.358ms
08-04 14:02:47.726 32570 32582 I art     : Starting a blocking GC Explicit
08-04 14:02:47.743 32570 32582 I art     : Explicit concurrent mark sweep GC freed 3(96B) AllocSpace objects, 0(0B) LOS objects, 23% free, 52MB/68MB, paused 323us total 16.905ms
08-04 14:02:47.750 32570 32582 I art     : Starting a blocking GC Explicit
08-04 14:02:47.767 32570 32582 I art     : Explicit concurrent mark sweep GC freed 3(96B) AllocSpace objects, 0(0B) LOS objects, 23% free, 52MB/68MB, paused 454us total 17.279ms
08-04 14:02:48.055 32570  1570 I art     : Starting a blocking GC Explicit
08-04 14:02:48.082 32570  1570 I art     : Explicit concurrent mark sweep GC freed 1340(78KB) AllocSpace objects, 1(20KB) LOS objects, 23% free, 52MB/68MB, paused 355us total 25.934ms
08-04 14:02:48.095 32570  1570 I art     : Starting a blocking GC Explicit
08-04 14:02:48.111 32570  1570 I art     : Explicit concurrent mark sweep GC freed 20(704B) AllocSpace objects, 0(0B) LOS objects, 23% free, 52MB/68MB, paused 297us total 15.547ms
08-04 14:02:48.118 32570  1570 I art     : Starting a blocking GC Explicit
08-04 14:02:48.133 32570  1570 I art     : Explicit concurrent mark sweep GC freed 3(96B) AllocSpace objects, 0(0B) LOS objects, 23% free, 52MB/68MB, paused 306us total 15.125ms
08-04 14:02:48.139 32570  1570 I art     : Starting a blocking GC Explicit
08-04 14:02:48.153 32570  1570 I art     : Explicit concurrent mark sweep GC freed 3(96B) AllocSpace objects, 0(0B) LOS objects, 23% free, 52MB/68MB, paused 343us total 14.147ms
08-04 14:02:48.159 32570  1570 I art     : Starting a blocking GC Explicit
08-04 14:02:48.173 32570  1570 I art     : Explicit concurrent mark sweep GC freed 3(96B) AllocSpace objects, 0(0B) LOS objects, 23% free, 52MB/68MB, paused 312us total 14.142ms
08-04 14:02:48.389   518   646 I ThermalEngine: ACTION: GPU - Setting GPU[0] to 510000000
08-04 14:02:48.395  2333  2333 D AndroidRuntime: >>>>>> START com.android.internal.os.RuntimeInit uid 2000 <<<<<<
08-04 14:02:48.400  2333  2333 D AndroidRuntime: CheckJNI is OFF
08-04 14:02:48.435  2333  2333 D ICU     : No timezone override file found: /data/misc/zoneinfo/current/icu/icu_tzdata.dat
08-04 14:02:48.450 32570 32581 I art     : Starting a blocking GC Explicit
08-04 14:02:48.469  2333  2333 I Radio-JNI: register_android_hardware_Radio DONE
08-04 14:02:48.471 32570 32581 I art     : Explicit concurrent mark sweep GC freed 1340(78KB) AllocSpace objects, 1(20KB) LOS objects, 23% free, 52MB/68MB, paused 478us total 20.666ms
08-04 14:02:48.480 32570 32581 I art     : Starting a blocking GC Explicit
08-04 14:02:48.492  2333  2333 D AndroidRuntime: Calling main entry com.android.commands.input.Input
08-04 14:02:48.494  2333  2333 I Input   : injectKeyEvent: KeyEvent { action=ACTION_DOWN, keyCode=KEYCODE_BACK, scanCode=0, metaState=0, flags=0x0, repeatCount=0, eventTime=712984907, downTime=712984907, deviceId=-1, source=0x101 }
08-04 14:02:48.505  2333  2333 I Input   : injectKeyEvent: KeyEvent { action=ACTION_UP, keyCode=KEYCODE_BACK, scanCode=0, metaState=0, flags=0x0, repeatCount=0, eventTime=712984907, downTime=712984907, deviceId=-1, source=0x101 }
08-04 14:02:48.505 32570 32581 I art     : Explicit concurrent mark sweep GC freed 20(704B) AllocSpace objects, 0(0B) LOS objects, 23% free, 52MB/68MB, paused 498us total 25.322ms
08-04 14:02:48.511  2333  2333 D AndroidRuntime: Shutting down VM
08-04 14:02:48.514 32570 32581 I art     : Starting a blocking GC Explicit
08-04 14:02:48.533 32570 32581 I art     : Explicit concurrent mark sweep GC freed 150(6KB) AllocSpace objects, 0(0B) LOS objects, 23% free, 52MB/68MB, paused 484us total 18.573ms
08-04 14:02:48.540 32570 32581 I art     : Starting a blocking GC Explicit
08-04 14:02:48.550 13866 13866 I GoogleInputMethodServic: GoogleInputMethodService.onFinishInput():3138 
08-04 14:02:48.550 13866 13866 I GoogleInputMethodServic: GoogleInputMethodService.onStartInput():1808 
08-04 14:02:48.559 32570 32581 I art     : Explicit concurrent mark sweep GC freed 8(416B) AllocSpace objects, 0(0B) LOS objects, 23% free, 52MB/68MB, paused 428us total 18.848ms
08-04 14:02:48.569 32570 32581 I art     : Starting a blocking GC Explicit
08-04 14:02:48.586 32570 32581 I art     : Explicit concurrent mark sweep GC freed 65(2160B) AllocSpace objects, 0(0B) LOS objects, 23% free, 52MB/68MB, paused 408us total 17.554ms
08-04 14:02:48.830 32570   829 I art     : Starting a blocking GC Explicit
08-04 14:02:48.849 32570   829 I art     : Explicit concurrent mark sweep GC freed 1860(104KB) AllocSpace objects, 1(20KB) LOS objects, 23% free, 52MB/68MB, paused 424us total 17.960ms
08-04 14:02:48.856 32570   829 I art     : Starting a blocking GC Explicit
08-04 14:02:48.875 32570   829 I art     : Explicit concurrent mark sweep GC freed 140(5KB) AllocSpace objects, 0(0B) LOS objects, 23% free, 52MB/68MB, paused 429us total 18.456ms
08-04 14:02:48.883 32570   829 I art     : Starting a blocking GC Explicit
08-04 14:02:48.901 32570   829 I art     : Explicit concurrent mark sweep GC freed 2089(127KB) AllocSpace objects, 2(140KB) LOS objects, 23% free, 52MB/68MB, paused 420us total 17.473ms
08-04 14:02:48.909 32570   829 I art     : Starting a blocking GC Explicit
08-04 14:02:48.926 32570   829 I art     : Explicit concurrent mark sweep GC freed 3(96B) AllocSpace objects, 0(0B) LOS objects, 23% free, 52MB/68MB, paused 416us total 17.662ms
08-04 14:02:48.934 32570   829 I art     : Starting a blocking GC Explicit
08-04 14:02:48.952 32570   829 I art     : Explicit concurrent mark sweep GC freed 3(96B) AllocSpace objects, 0(0B) LOS objects, 23% free, 52MB/68MB, paused 419us total 17.683ms
08-04 14:02:49.227 32570  1570 I art     : Starting a blocking GC Explicit
08-04 14:02:49.248 32570  1570 I art     : Explicit concurrent mark sweep GC freed 1340(78KB) AllocSpace objects, 1(20KB) LOS objects, 23% free, 52MB/68MB, paused 457us total 20.540ms
08-04 14:02:49.257 32570  1570 I art     : Starting a blocking GC Explicit
08-04 14:02:49.277 32570  1570 I art     : Explicit concurrent mark sweep GC freed 20(704B) AllocSpace objects, 0(0B) LOS objects, 23% free, 52MB/68MB, paused 521us total 19.763ms
08-04 14:02:49.285 32570  1570 I art     : Starting a blocking GC Explicit
08-04 14:02:49.305 32570  1570 I art     : Explicit concurrent mark sweep GC freed 3(96B) AllocSpace objects, 0(0B) LOS objects, 23% free, 52MB/68MB, paused 480us total 19.587ms
08-04 14:02:49.313 32570  1570 I art     : Starting a blocking GC Explicit
08-04 14:02:49.334 32570  1570 I art     : Explicit concurrent mark sweep GC freed 3(96B) AllocSpace objects, 0(0B) LOS objects, 23% free, 52MB/68MB, paused 439us total 20.369ms
08-04 14:02:49.343 32570  1570 I art     : Starting a blocking GC Explicit
08-04 14:02:49.362 32570  1570 I art     : Explicit concurrent mark sweep GC freed 3(96B) AllocSpace objects, 0(0B) LOS objects, 23% free, 52MB/68MB, paused 437us total 19.155ms
08-04 14:02:49.647 32570 32611 I art     : Starting a blocking GC Explicit
08-04 14:02:49.673 32570 32611 I art     : Explicit concurrent mark sweep GC freed 1338(78KB) AllocSpace objects, 1(20KB) LOS objects, 23% free, 52MB/68MB, paused 489us total 25.204ms
08-04 14:02:49.685 32570 32611 I art     : Starting a blocking GC Explicit
08-04 14:02:49.706 32570 32611 I art     : Explicit concurrent mark sweep GC freed 20(704B) AllocSpace objects, 0(0B) LOS objects, 23% free, 52MB/68MB, paused 437us total 21.158ms
08-04 14:02:49.715 32570 32611 I art     : Starting a blocking GC Explicit
08-04 14:02:49.735 32570 32611 I art     : Explicit concurrent mark sweep GC freed 3(96B) AllocSpace objects, 0(0B) LOS objects, 23% free, 52MB/68MB, paused 400us total 20.040ms
08-04 14:02:49.744 32570 32611 I art     : Starting a blocking GC Explicit
08-04 14:02:49.763 32570 32611 I art     : Explicit concurrent mark sweep GC freed 3(96B) AllocSpace objects, 0(0B) LOS objects, 23% free, 52MB/68MB, paused 473us total 19.245ms
08-04 14:02:49.772 32570 32611 I art     : Starting a blocking GC Explicit
08-04 14:02:49.790 32570 32611 I art     : Explicit concurrent mark sweep GC freed 3(96B) AllocSpace objects, 0(0B) LOS objects, 23% free, 52MB/68MB, paused 426us total 17.371ms
08-04 14:02:50.056 32570 32582 I art     : Starting a blocking GC Explicit
08-04 14:02:50.080 32570 32582 I art     : Explicit concurrent mark sweep GC freed 1338(78KB) AllocSpace objects, 1(20KB) LOS objects, 23% free, 52MB/68MB, paused 519us total 22.957ms
08-04 14:02:50.094 32570 32582 I art     : Starting a blocking GC Explicit
08-04 14:02:50.112 32570 32582 I art     : Explicit concurrent mark sweep GC freed 20(704B) AllocSpace objects, 0(0B) LOS objects, 23% free, 52MB/68MB, paused 444us total 18.464ms
08-04 14:02:50.120 32570 32582 I art     : Starting a blocking GC Explicit
08-04 14:02:50.139 32570 32582 I art     : Explicit concurrent mark sweep GC freed 3(96B) AllocSpace objects, 0(0B) LOS objects, 23% free, 52MB/68MB, paused 447us total 18.203ms
08-04 14:02:50.147 32570 32582 I art     : Starting a blocking GC Explicit
08-04 14:02:50.161  2399  2399 D AndroidRuntime: >>>>>> START com.android.internal.os.RuntimeInit uid 2000 <<<<<<
08-04 14:02:50.165 32570 32582 I art     : Explicit concurrent mark sweep GC freed 3(96B) AllocSpace objects, 0(0B) LOS objects, 23% free, 52MB/68MB, paused 463us total 18.404ms
08-04 14:02:50.166  2399  2399 D AndroidRuntime: CheckJNI is OFF
08-04 14:02:50.173 32570 32582 I art     : Starting a blocking GC Explicit
08-04 14:02:50.191 32570 32582 I art     : Explicit concurrent mark sweep GC freed 3(96B) AllocSpace objects, 0(0B) LOS objects, 23% free, 52MB/68MB, paused 440us total 17.518ms
08-04 14:02:50.199  2399  2399 D ICU     : No timezone override file found: /data/misc/zoneinfo/current/icu/icu_tzdata.dat
08-04 14:02:50.231  2399  2399 I Radio-JNI: register_android_hardware_Radio DONE
08-04 14:02:50.252  2399  2399 D AndroidRuntime: Calling main entry com.android.commands.input.Input
08-04 14:02:50.254  2399  2399 I Input   : injectMotionEvent: MotionEvent { action=ACTION_DOWN, actionButton=0, id[0]=0, x[0]=1053.0, y[0]=1173.0, toolType[0]=TOOL_TYPE_UNKNOWN, buttonState=0, metaState=0, flags=0x0, edgeFlags=0x0, pointerCount=1, historySize=0, eventTime=712986667, downTime=712986667, deviceId=0, source=0x1002 }
08-04 14:02:50.259  2399  2399 I Input   : injectMotionEvent: MotionEvent { action=ACTION_UP, actionButton=0, id[0]=0, x[0]=1053.0, y[0]=1173.0, toolType[0]=TOOL_TYPE_UNKNOWN, buttonState=0, metaState=0, flags=0x0, edgeFlags=0x0, pointerCount=1, historySize=0, eventTime=712986667, downTime=712986667, deviceId=0, source=0x1002 }
08-04 14:02:50.261   918  5132 I ActivityManager: START u0 {cmp=baseline.appteam.nith.hillffair/.activities.QuizActivity} from uid 10651 on display 0
08-04 14:02:50.269  2399  2399 D AndroidRuntime: Shutting down VM
08-04 14:02:50.396 13866 13866 I GoogleInputMethodServic: GoogleInputMethodService.onFinishInput():3138 
08-04 14:02:50.396 13866 13866 I GoogleInputMethodServic: GoogleInputMethodService.onStartInput():1808 
08-04 14:02:50.396   918   936 I ActivityManager: Displayed baseline.appteam.nith.hillffair/.activities.QuizActivity: +126ms
08-04 14:02:50.442 32570 32581 I art     : Starting a blocking GC Explicit
08-04 14:02:50.461 32570 32581 I art     : Explicit concurrent mark sweep GC freed 2157(142KB) AllocSpace objects, 1(20KB) LOS objects, 23% free, 52MB/68MB, paused 432us total 19.319ms
08-04 14:02:50.470 32570 32581 I art     : Starting a blocking GC Explicit
08-04 14:02:50.488 32570 32581 I art     : Explicit concurrent mark sweep GC freed 195(8KB) AllocSpace objects, 0(0B) LOS objects, 23% free, 52MB/68MB, paused 405us total 18.665ms
08-04 14:02:50.497 32570 32581 I art     : Starting a blocking GC Explicit
08-04 14:02:50.515 32570 32581 I art     : Explicit concurrent mark sweep GC freed 15(576B) AllocSpace objects, 0(0B) LOS objects, 23% free, 52MB/68MB, paused 390us total 18.669ms
08-04 14:02:50.523 32570 32581 I art     : Starting a blocking GC Explicit
08-04 14:02:50.541 32570 32581 I art     : Explicit concurrent mark sweep GC freed 3(96B) AllocSpace objects, 0(0B) LOS objects, 23% free, 52MB/68MB, paused 396us total 17.703ms
08-04 14:02:50.550 32570 32581 I art     : Starting a blocking GC Explicit
08-04 14:02:50.568 32570 32581 I art     : Explicit concurrent mark sweep GC freed 3(96B) AllocSpace objects, 0(0B) LOS objects, 23% free, 52MB/68MB, paused 399us total 18.040ms
08-04 14:02:50.647   380   380 W SurfaceFlinger: couldn't log to binary event log: overflow.
08-04 14:02:50.816 32570 32581 I art     : Starting a blocking GC Explicit
08-04 14:02:50.836 32570 32581 I art     : Explicit concurrent mark sweep GC freed 1410(82KB) AllocSpace objects, 1(20KB) LOS objects, 23% free, 52MB/68MB, paused 420us total 19.396ms
08-04 14:02:50.844 32570 32581 I art     : Starting a blocking GC Explicit
08-04 14:02:50.864 32570 32581 I art     : Explicit concurrent mark sweep GC freed 20(704B) AllocSpace objects, 0(0B) LOS objects, 23% free, 52MB/68MB, paused 433us total 19.944ms
08-04 14:02:50.872 32570 32581 I art     : Starting a blocking GC Explicit
08-04 14:02:50.892 32570 32581 I art     : Explicit concurrent mark sweep GC freed 3(96B) AllocSpace objects, 0(0B) LOS objects, 23% free, 52MB/68MB, paused 473us total 19.614ms
08-04 14:02:50.900 32570 32581 I art     : Starting a blocking GC Explicit
08-04 14:02:50.920 32570 32581 I art     : Explicit concurrent mark sweep GC freed 3(96B) AllocSpace objects, 0(0B) LOS objects, 23% free, 52MB/68MB, paused 402us total 19.622ms
08-04 14:02:50.929 32570 32581 I art     : Starting a blocking GC Explicit
08-04 14:02:50.949 32570 32581 I art     : Explicit concurrent mark sweep GC freed 3(96B) AllocSpace objects, 0(0B) LOS objects, 23% free, 52MB/68MB, paused 429us total 20.240ms
08-04 14:02:51.240 32570   829 I art     : Starting a blocking GC Explicit
08-04 14:02:51.270 32570   829 I art     : Explicit concurrent mark sweep GC freed 1340(78KB) AllocSpace objects, 1(20KB) LOS objects, 23% free, 52MB/68MB, paused 471us total 29.275ms
08-04 14:02:51.284 32570   829 I art     : Starting a blocking GC Explicit
08-04 14:02:51.306 32570   829 I art     : Explicit concurrent mark sweep GC freed 20(704B) AllocSpace objects, 0(0B) LOS objects, 23% free, 52MB/68MB, paused 434us total 21.119ms
08-04 14:02:51.314 32570   829 I art     : Starting a blocking GC Explicit
08-04 14:02:51.335 32570   829 I art     : Explicit concurrent mark sweep GC freed 3(96B) AllocSpace objects, 0(0B) LOS objects, 23% free, 52MB/68MB, paused 446us total 20.440ms
08-04 14:02:51.344 32570   829 I art     : Starting a blocking GC Explicit
08-04 14:02:51.365 32570   829 I art     : Explicit concurrent mark sweep GC freed 3(96B) AllocSpace objects, 0(0B) LOS objects, 23% free, 52MB/68MB, paused 437us total 20.881ms
08-04 14:02:51.373 32570   829 I art     : Starting a blocking GC Explicit
08-04 14:02:51.395 32570   829 I art     : Explicit concurrent mark sweep GC freed 3(96B) AllocSpace objects, 0(0B) LOS objects, 23% free, 52MB/68MB, paused 446us total 21.305ms
08-04 14:02:51.689 32570  1570 I art     : Starting a blocking GC Explicit
08-04 14:02:51.711 32570  1570 I art     : Explicit concurrent mark sweep GC freed 1353(78KB) AllocSpace objects, 1(20KB) LOS objects, 23% free, 52MB/68MB, paused 456us total 22.558ms
08-04 14:02:51.723 32570  1570 I art     : Starting a blocking GC Explicit
08-04 14:02:51.745 32570  1570 I art     : Explicit concurrent mark sweep GC freed 34(1136B) AllocSpace objects, 0(0B) LOS objects, 23% free, 52MB/68MB, paused 422us total 21.696ms
08-04 14:02:51.754 32570  1570 I art     : Starting a blocking GC Explicit
08-04 14:02:51.775 32570  1570 I art     : Explicit concurrent mark sweep GC freed 3(96B) AllocSpace objects, 0(0B) LOS objects, 23% free, 52MB/68MB, paused 478us total 20.571ms
08-04 14:02:51.784 32570  1570 I art     : Starting a blocking GC Explicit
08-04 14:02:51.805 32570  1570 I art     : Explicit concurrent mark sweep GC freed 3(96B) AllocSpace objects, 0(0B) LOS objects, 23% free, 52MB/68MB, paused 421us total 20.842ms
08-04 14:02:51.813 32570  1570 I art     : Starting a blocking GC Explicit
08-04 14:02:51.834 32570  1570 I art     : Explicit concurrent mark sweep GC freed 3(96B) AllocSpace objects, 0(0B) LOS objects, 23% free, 52MB/68MB, paused 419us total 20.647ms
08-04 14:02:52.145 32570  1570 I art     : Starting a blocking GC Explicit
08-04 14:02:52.165 32570  1570 I art     : Explicit concurrent mark sweep GC freed 1370(79KB) AllocSpace objects, 1(20KB) LOS objects, 23% free, 52MB/68MB, paused 568us total 20.443ms
08-04 14:02:52.174 32570  1570 I art     : Starting a blocking GC Explicit
08-04 14:02:52.195 32570  1570 I art     : Explicit concurrent mark sweep GC freed 20(704B) AllocSpace objects, 0(0B) LOS objects, 23% free, 52MB/68MB, paused 429us total 20.196ms
08-04 14:02:52.203 32570  1570 I art     : Starting a blocking GC Explicit
08-04 14:02:52.223 32570  1570 I art     : Explicit concurrent mark sweep GC freed 3(96B) AllocSpace objects, 0(0B) LOS objects, 23% free, 52MB/68MB, paused 395us total 19.645ms
08-04 14:02:52.231 32570  1570 I art     : Starting a blocking GC Explicit
08-04 14:02:52.251 32570  1570 I art     : Explicit concurrent mark sweep GC freed 3(96B) AllocSpace objects, 0(0B) LOS objects, 23% free, 52MB/68MB, paused 383us total 19.365ms
08-04 14:02:52.259 32570  1570 I art     : Starting a blocking GC Explicit
08-04 14:02:52.279 32570  1570 I art     : Explicit concurrent mark sweep GC freed 3(96B) AllocSpace objects, 0(0B) LOS objects, 23% free, 52MB/68MB, paused 445us total 19.755ms
08-04 14:02:52.580 32570   829 I art     : Starting a blocking GC Explicit
08-04 14:02:52.601 32570   829 I art     : Explicit concurrent mark sweep GC freed 1340(78KB) AllocSpace objects, 1(20KB) LOS objects, 23% free, 52MB/68MB, paused 436us total 20.613ms
08-04 14:02:52.610 32570   829 I art     : Starting a blocking GC Explicit
08-04 14:02:52.631 32570   829 I art     : Explicit concurrent mark sweep GC freed 20(704B) AllocSpace objects, 0(0B) LOS objects, 23% free, 52MB/68MB, paused 430us total 20.563ms
08-04 14:02:52.639 32570   829 I art     : Starting a blocking GC Explicit
08-04 14:02:52.659 32570   829 I art     : Explicit concurrent mark sweep GC freed 3(96B) AllocSpace objects, 0(0B) LOS objects, 23% free, 52MB/68MB, paused 433us total 19.937ms
08-04 14:02:52.668 32570   829 I art     : Starting a blocking GC Explicit
08-04 14:02:52.688 32570   829 I art     : Explicit concurrent mark sweep GC freed 3(96B) AllocSpace objects, 0(0B) LOS objects, 23% free, 52MB/68MB, paused 430us total 19.899ms
08-04 14:02:52.697 32570   829 I art     : Starting a blocking GC Explicit
08-04 14:02:52.717 32570   829 I art     : Explicit concurrent mark sweep GC freed 3(96B) AllocSpace objects, 0(0B) LOS objects, 23% free, 52MB/68MB, paused 460us total 19.466ms
08-04 14:02:52.938  2503  2503 D AndroidRuntime: >>>>>> START com.android.internal.os.RuntimeInit uid 2000 <<<<<<
08-04 14:02:52.943  2503  2503 D AndroidRuntime: CheckJNI is OFF
08-04 14:02:52.975  2503  2503 D ICU     : No timezone override file found: /data/misc/zoneinfo/current/icu/icu_tzdata.dat
08-04 14:02:53.007  2503  2503 I Radio-JNI: register_android_hardware_Radio DONE
08-04 14:02:53.030  2503  2503 D AndroidRuntime: Calling main entry com.android.commands.input.Input
08-04 14:02:53.031  2503  2503 I Input   : injectMotionEvent: MotionEvent { action=ACTION_DOWN, actionButton=0, id[0]=0, x[0]=756.0, y[0]=1530.0, toolType[0]=TOOL_TYPE_UNKNOWN, buttonState=0, metaState=0, flags=0x0, edgeFlags=0x0, pointerCount=1, historySize=0, eventTime=712989444, downTime=712989444, deviceId=0, source=0x1002 }
08-04 14:02:53.035  2503  2503 I Input   : injectMotionEvent: MotionEvent { action=ACTION_UP, actionButton=0, id[0]=0, x[0]=756.0, y[0]=1530.0, toolType[0]=TOOL_TYPE_UNKNOWN, buttonState=0, metaState=0, flags=0x0, edgeFlags=0x0, pointerCount=1, historySize=0, eventTime=712989444, downTime=712989444, deviceId=0, source=0x1002 }
08-04 14:02:53.037  2503  2503 D AndroidRuntime: Shutting down VM
08-04 14:02:53.043 32570 32581 I art     : Starting a blocking GC Explicit
08-04 14:02:53.054   918  6029 I ActivityManager: START u0 {cmp=baseline.appteam.nith.hillffair/.activities.LeaderBoardActivity} from uid 10651 on display 0
08-04 14:02:53.056   512  2967 D audio_hw_primary: out_set_parameters: enter: usecase(1: low-latency-playback) kvpairs: routing=2
08-04 14:02:53.069 32570 32581 I art     : Explicit concurrent mark sweep GC freed 1399(84KB) AllocSpace objects, 1(20KB) LOS objects, 23% free, 52MB/68MB, paused 556us total 25.658ms
08-04 14:02:53.069   512  2967 D audio_hw_primary: select_devices: out_snd_device(2: speaker) in_snd_device(0: none)
08-04 14:02:53.069   512  2967 D msm8974_platform: platform_send_audio_calibration: sending audio calibration for snd_device(2) acdb_id(15)
08-04 14:02:53.070   512  2967 I soundtrigger: audio_extn_sound_trigger_update_device_status: device 0x2 of type 0 for Event 1
08-04 14:02:53.078 32570 32581 I art     : Starting a blocking GC Explicit
08-04 14:02:53.083   512  2967 D audio_hw_primary: enable_snd_device: snd_device(2: speaker)
08-04 14:02:53.085   512  2967 D audio_hw_primary: enable_audio_route: apply and update mixer path: low-latency-playback speaker
08-04 14:02:53.099 32570 32581 I art     : Explicit concurrent mark sweep GC freed 4461(252KB) AllocSpace objects, 0(0B) LOS objects, 23% free, 52MB/68MB, paused 902us total 20.974ms
08-04 14:02:53.108 32570 32581 I art     : Starting a blocking GC Explicit
08-04 14:02:53.127 32570 32581 I art     : Explicit concurrent mark sweep GC freed 625(44KB) AllocSpace objects, 0(0B) LOS objects, 23% free, 52MB/68MB, paused 561us total 18.578ms
08-04 14:02:53.135 32570 32581 I art     : Starting a blocking GC Explicit
08-04 14:02:53.155 32570 32581 I art     : Explicit concurrent mark sweep GC freed 28(1312B) AllocSpace objects, 0(0B) LOS objects, 23% free, 52MB/68MB, paused 665us total 19.686ms
08-04 14:02:53.164 32570 32581 I art     : Starting a blocking GC Explicit
08-04 14:02:53.177 32570 32570 E RecyclerView: No adapter attached; skipping layout
08-04 14:02:53.178 32570 32570 E RecyclerView: No adapter attached; skipping layout
08-04 14:02:53.185 32570 32581 I art     : Explicit concurrent mark sweep GC freed 93(3KB) AllocSpace objects, 0(0B) LOS objects, 23% free, 52MB/68MB, paused 551us total 21.220ms
08-04 14:02:53.207 13866 13866 I GoogleInputMethodServic: GoogleInputMethodService.onFinishInput():3138 
08-04 14:02:53.208   918   936 I ActivityManager: Displayed baseline.appteam.nith.hillffair/.activities.LeaderBoardActivity: +142ms
08-04 14:02:53.208 13866 13866 I GoogleInputMethodServic: GoogleInputMethodService.onStartInput():1808 
08-04 14:02:53.208 32570 32570 E RecyclerView: No adapter attached; skipping layout
08-04 14:02:53.232 32570 32594 D OpenGLRenderer: endAllStagingAnimators on 0x7f82790800 (RippleDrawable) with handle 0x7f7d790c20
08-04 14:02:53.450   380   380 W SurfaceFlinger: couldn't log to binary event log: overflow.
08-04 14:02:53.456 32570   829 I art     : Starting a blocking GC Explicit
08-04 14:02:53.479 32570   829 I art     : Explicit concurrent mark sweep GC freed 1489(86KB) AllocSpace objects, 1(20KB) LOS objects, 23% free, 52MB/68MB, paused 658us total 22.704ms
08-04 14:02:53.488 32570   829 I art     : Starting a blocking GC Explicit
08-04 14:02:53.508 32570   829 I art     : Explicit concurrent mark sweep GC freed 38(1296B) AllocSpace objects, 0(0B) LOS objects, 23% free, 52MB/68MB, paused 445us total 19.689ms
08-04 14:02:53.516 32570   829 I art     : Starting a blocking GC Explicit
08-04 14:02:53.534 32570   829 I art     : Explicit concurrent mark sweep GC freed 3(96B) AllocSpace objects, 0(0B) LOS objects, 23% free, 52MB/68MB, paused 429us total 18.318ms
08-04 14:02:53.542 32570   829 I art     : Starting a blocking GC Explicit
08-04 14:02:53.561 32570   829 I art     : Explicit concurrent mark sweep GC freed 3(96B) AllocSpace objects, 0(0B) LOS objects, 23% free, 52MB/68MB, paused 444us total 18.284ms
08-04 14:02:53.570 32570   829 I art     : Starting a blocking GC Explicit
08-04 14:02:53.591 32570   829 I art     : Explicit concurrent mark sweep GC freed 103(6KB) AllocSpace objects, 0(0B) LOS objects, 23% free, 52MB/68MB, paused 562us total 20.781ms
08-04 14:02:53.618   512  2967 D audio_hw_primary: disable_audio_route: reset and update mixer path: low-latency-playback speaker
08-04 14:02:53.619   512  2967 D audio_hw_primary: disable_snd_device: snd_device(2: speaker)
08-04 14:02:53.627   512  2967 I soundtrigger: audio_extn_sound_trigger_update_device_status: device 0x2 of type 0 for Event 0
08-04 14:02:53.866 32570 32582 I art     : Starting a blocking GC Explicit
08-04 14:02:53.893 32570 32582 I art     : Explicit concurrent mark sweep GC freed 1415(81KB) AllocSpace objects, 1(20KB) LOS objects, 23% free, 52MB/68MB, paused 500us total 26.230ms
08-04 14:02:53.902 32570 32582 I art     : Starting a blocking GC Explicit
08-04 14:02:53.924 32570 32582 I art     : Explicit concurrent mark sweep GC freed 1036(71KB) AllocSpace objects, 2(120KB) LOS objects, 23% free, 52MB/68MB, paused 734us total 21.458ms
08-04 14:02:53.932 32570 32582 I art     : Starting a blocking GC Explicit
08-04 14:02:53.942 32570  2532 D OkHttp  : --> GET https://api-hillfair-2k16.herokuapp.com/api/app/quiz/leaderboard?from=1 http/1.1
08-04 14:02:53.952 32570 32582 I art     : Explicit concurrent mark sweep GC freed 2304(149KB) AllocSpace objects, 1(80KB) LOS objects, 23% free, 52MB/68MB, paused 455us total 19.880ms
08-04 14:02:53.960 32570 32582 I art     : Starting a blocking GC Explicit
08-04 14:02:53.973 32570  2532 D OkHttp  : <-- 200 OK https://api-hillfair-2k16.herokuapp.com/api/app/quiz/leaderboard?from=1 (30ms, 56744-byte body)
08-04 14:02:53.980 32570 32582 I art     : Explicit concurrent mark sweep GC freed 445(66KB) AllocSpace objects, 0(0B) LOS objects, 23% free, 52MB/68MB, paused 484us total 19.600ms
08-04 14:02:53.988 32570 32582 I art     : Starting a blocking GC Explicit
08-04 14:02:54.010 32570 32582 I art     : Explicit concurrent mark sweep GC freed 4887(214KB) AllocSpace objects, 0(0B) LOS objects, 23% free, 52MB/68MB, paused 643us total 21.054ms
08-04 14:02:54.051 32570 32570 I NAPPA_EXPERIMENTATION: MetricNetworkRequestExecutionTime: REQUEST_DURATION_SYSTEM='958',REQUEST_DURATION_OKHTTP='31',REQUEST_SYNCHRONOUS='FALSE',RESPONSE_CODE='200',RESPONSE_METHOD='GET',RESPONSE_LENGTH_OKHTTP='56744',RESPONSE_LENGTH_HEADER='56744',REQUEST_PROTOCOL='http/1.1',REQUEST_URL='https://api-hillfair-2k16.herokuapp.com/api/app/quiz/leaderboard?from=1',
08-04 14:02:54.270 32570 32611 I art     : Starting a blocking GC Explicit
08-04 14:02:54.298 32570 32611 I art     : Explicit concurrent mark sweep GC freed 22636(1069KB) AllocSpace objects, 1(20KB) LOS objects, 23% free, 52MB/68MB, paused 471us total 27.917ms
08-04 14:02:54.307 32570 32611 I art     : Starting a blocking GC Explicit
08-04 14:02:54.331 32570 32611 I art     : Explicit concurrent mark sweep GC freed 85(3KB) AllocSpace objects, 0(0B) LOS objects, 23% free, 52MB/68MB, paused 452us total 23.262ms
08-04 14:02:54.340 32570 32611 I art     : Starting a blocking GC Explicit
08-04 14:02:54.363 32570 32611 I art     : Explicit concurrent mark sweep GC freed 3(96B) AllocSpace objects, 0(0B) LOS objects, 23% free, 52MB/68MB, paused 453us total 22.816ms
08-04 14:02:54.372 32570 32611 I art     : Starting a blocking GC Explicit
08-04 14:02:54.395 32570 32611 I art     : Explicit concurrent mark sweep GC freed 3(96B) AllocSpace objects, 0(0B) LOS objects, 23% free, 52MB/68MB, paused 472us total 22.528ms
08-04 14:02:54.404 32570 32611 I art     : Starting a blocking GC Explicit
08-04 14:02:54.427 32570 32611 I art     : Explicit concurrent mark sweep GC freed 3(96B) AllocSpace objects, 0(0B) LOS objects, 23% free, 52MB/68MB, paused 505us total 22.847ms
08-04 14:02:54.721 32570 32581 I art     : Starting a blocking GC Explicit
08-04 14:02:54.750 32570 32581 I art     : Explicit concurrent mark sweep GC freed 1344(78KB) AllocSpace objects, 1(20KB) LOS objects, 23% free, 52MB/68MB, paused 497us total 28.659ms
08-04 14:02:54.763 32570 32581 I art     : Starting a blocking GC Explicit
08-04 14:02:54.789 32570 32581 I art     : Explicit concurrent mark sweep GC freed 20(704B) AllocSpace objects, 0(0B) LOS objects, 23% free, 52MB/68MB, paused 527us total 25.031ms
08-04 14:02:54.798 32570 32581 I art     : Starting a blocking GC Explicit
08-04 14:02:54.821 32570 32581 I art     : Explicit concurrent mark sweep GC freed 3(96B) AllocSpace objects, 0(0B) LOS objects, 23% free, 52MB/68MB, paused 451us total 23.460ms
08-04 14:02:54.831 32570 32581 I art     : Starting a blocking GC Explicit
08-04 14:02:54.854 32570 32581 I art     : Explicit concurrent mark sweep GC freed 3(96B) AllocSpace objects, 0(0B) LOS objects, 23% free, 52MB/68MB, paused 452us total 23.482ms
08-04 14:02:54.864 32570 32581 I art     : Starting a blocking GC Explicit
08-04 14:02:54.886 32570 32581 I art     : Explicit concurrent mark sweep GC freed 3(96B) AllocSpace objects, 0(0B) LOS objects, 23% free, 52MB/68MB, paused 459us total 22.649ms
08-04 14:02:55.212 32570  1570 I art     : Starting a blocking GC Explicit
08-04 14:02:55.242 32570  1570 I art     : Explicit concurrent mark sweep GC freed 1344(78KB) AllocSpace objects, 1(20KB) LOS objects, 23% free, 52MB/68MB, paused 493us total 28.837ms
08-04 14:02:55.254 32570  1570 I art     : Starting a blocking GC Explicit
08-04 14:02:55.277 32570  1570 I art     : Explicit concurrent mark sweep GC freed 20(704B) AllocSpace objects, 0(0B) LOS objects, 23% free, 52MB/68MB, paused 562us total 23.244ms
08-04 14:02:55.286 32570  1570 I art     : Starting a blocking GC Explicit
08-04 14:02:55.310 32570  1570 I art     : Explicit concurrent mark sweep GC freed 3(96B) AllocSpace objects, 0(0B) LOS objects, 23% free, 52MB/68MB, paused 455us total 22.826ms
08-04 14:02:55.319 32570  1570 I art     : Starting a blocking GC Explicit
08-04 14:02:55.342 32570  1570 I art     : Explicit concurrent mark sweep GC freed 3(96B) AllocSpace objects, 0(0B) LOS objects, 23% free, 52MB/68MB, paused 462us total 22.871ms
08-04 14:02:55.351 32570  1570 I art     : Starting a blocking GC Explicit
08-04 14:02:55.374 32570  1570 I art     : Explicit concurrent mark sweep GC freed 3(96B) AllocSpace objects, 0(0B) LOS objects, 23% free, 52MB/68MB, paused 465us total 22.819ms
08-04 14:02:55.695 32570   829 I art     : Starting a blocking GC Explicit
08-04 14:02:55.724 32570   829 I art     : Explicit concurrent mark sweep GC freed 1344(78KB) AllocSpace objects, 1(20KB) LOS objects, 23% free, 52MB/68MB, paused 489us total 28.576ms
08-04 14:02:55.735 32570   829 I art     : Starting a blocking GC Explicit
08-04 14:02:55.758 32570   829 I art     : Explicit concurrent mark sweep GC freed 20(704B) AllocSpace objects, 0(0B) LOS objects, 23% free, 52MB/68MB, paused 451us total 22.751ms
08-04 14:02:55.768 32570   829 I art     : Starting a blocking GC Explicit
08-04 14:02:55.791 32570   829 I art     : Explicit concurrent mark sweep GC freed 3(96B) AllocSpace objects, 0(0B) LOS objects, 23% free, 52MB/68MB, paused 463us total 22.887ms
08-04 14:02:55.800 32570   829 I art     : Starting a blocking GC Explicit
08-04 14:02:55.823 32570   829 I art     : Explicit concurrent mark sweep GC freed 3(96B) AllocSpace objects, 0(0B) LOS objects, 23% free, 52MB/68MB, paused 458us total 22.797ms
08-04 14:02:55.832 32570   829 I art     : Starting a blocking GC Explicit
08-04 14:02:55.856 32570   829 I art     : Explicit concurrent mark sweep GC freed 3(96B) AllocSpace objects, 0(0B) LOS objects, 23% free, 52MB/68MB, paused 446us total 23.348ms
08-04 14:02:56.182 32570 32582 I art     : Starting a blocking GC Explicit
08-04 14:02:56.217 32570 32582 I art     : Explicit concurrent mark sweep GC freed 1344(78KB) AllocSpace objects, 1(20KB) LOS objects, 23% free, 52MB/68MB, paused 546us total 34.351ms
08-04 14:02:56.231 32570 32582 I art     : Starting a blocking GC Explicit
08-04 14:02:56.257 32570 32582 I art     : Explicit concurrent mark sweep GC freed 20(704B) AllocSpace objects, 0(0B) LOS objects, 23% free, 52MB/68MB, paused 460us total 26.075ms
08-04 14:02:56.266 32570 32582 I art     : Starting a blocking GC Explicit
08-04 14:02:56.290 32570 32582 I art     : Explicit concurrent mark sweep GC freed 3(96B) AllocSpace objects, 0(0B) LOS objects, 23% free, 52MB/68MB, paused 456us total 23.461ms
08-04 14:02:56.299 32570 32582 I art     : Starting a blocking GC Explicit
08-04 14:02:56.322 32570 32582 I art     : Explicit concurrent mark sweep GC freed 3(96B) AllocSpace objects, 0(0B) LOS objects, 23% free, 52MB/68MB, paused 447us total 22.961ms
08-04 14:02:56.331 32570 32582 I art     : Starting a blocking GC Explicit
08-04 14:02:56.355 32570 32582 I art     : Explicit concurrent mark sweep GC freed 3(96B) AllocSpace objects, 0(0B) LOS objects, 23% free, 52MB/68MB, paused 467us total 23.231ms
08-04 14:02:56.702 32570 32611 I art     : Starting a blocking GC Explicit
08-04 14:02:56.731 32570 32611 I art     : Explicit concurrent mark sweep GC freed 1344(78KB) AllocSpace objects, 1(20KB) LOS objects, 23% free, 52MB/68MB, paused 490us total 29.153ms
08-04 14:02:56.742 32570 32611 I art     : Starting a blocking GC Explicit
08-04 14:02:56.765 32570 32611 I art     : Explicit concurrent mark sweep GC freed 20(704B) AllocSpace objects, 0(0B) LOS objects, 23% free, 52MB/68MB, paused 461us total 22.796ms
08-04 14:02:56.775 32570 32611 I art     : Starting a blocking GC Explicit
08-04 14:02:56.798 32570 32611 I art     : Explicit concurrent mark sweep GC freed 3(96B) AllocSpace objects, 0(0B) LOS objects, 23% free, 52MB/68MB, paused 502us total 23.037ms
08-04 14:02:56.807 32570 32611 I art     : Starting a blocking GC Explicit
08-04 14:02:56.830 32570 32611 I art     : Explicit concurrent mark sweep GC freed 3(96B) AllocSpace objects, 0(0B) LOS objects, 23% free, 52MB/68MB, paused 447us total 23.074ms
08-04 14:02:56.839 32570 32611 I art     : Starting a blocking GC Explicit
08-04 14:02:56.863 32570 32611 I art     : Explicit concurrent mark sweep GC freed 3(96B) AllocSpace objects, 0(0B) LOS objects, 23% free, 52MB/68MB, paused 425us total 23.322ms
08-04 14:02:57.196 32570 32581 I art     : Starting a blocking GC Explicit
08-04 14:02:57.230 32570 32581 I art     : Explicit concurrent mark sweep GC freed 1344(78KB) AllocSpace objects, 1(20KB) LOS objects, 23% free, 52MB/68MB, paused 531us total 33.038ms
08-04 14:02:57.244 32570 32581 I art     : Starting a blocking GC Explicit
08-04 14:02:57.267 32570 32581 I art     : Explicit concurrent mark sweep GC freed 20(704B) AllocSpace objects, 0(0B) LOS objects, 23% free, 52MB/68MB, paused 431us total 22.333ms
08-04 14:02:57.275 32570 32581 I art     : Starting a blocking GC Explicit
08-04 14:02:57.297 32570 32581 I art     : Explicit concurrent mark sweep GC freed 3(96B) AllocSpace objects, 0(0B) LOS objects, 23% free, 52MB/68MB, paused 452us total 21.745ms
08-04 14:02:57.307 32570 32581 I art     : Starting a blocking GC Explicit
08-04 14:02:57.328 32570 32581 I art     : Explicit concurrent mark sweep GC freed 3(96B) AllocSpace objects, 0(0B) LOS objects, 23% free, 52MB/68MB, paused 434us total 20.770ms
08-04 14:02:57.336 32570 32581 I art     : Starting a blocking GC Explicit
08-04 14:02:57.358 32570 32581 I art     : Explicit concurrent mark sweep GC freed 3(96B) AllocSpace objects, 0(0B) LOS objects, 23% free, 52MB/68MB, paused 792us total 21.500ms
08-04 14:02:57.663 32570  1570 I art     : Starting a blocking GC Explicit
08-04 14:02:57.692 32570  1570 I art     : Explicit concurrent mark sweep GC freed 1344(78KB) AllocSpace objects, 1(20KB) LOS objects, 23% free, 52MB/68MB, paused 514us total 28.042ms
08-04 14:02:57.702 32570  1570 I art     : Starting a blocking GC Explicit
08-04 14:02:57.711  2642  2642 D AndroidRuntime: >>>>>> START com.android.internal.os.RuntimeInit uid 2000 <<<<<<
08-04 14:02:57.716  2642  2642 D AndroidRuntime: CheckJNI is OFF
08-04 14:02:57.725 32570  1570 I art     : Explicit concurrent mark sweep GC freed 20(704B) AllocSpace objects, 0(0B) LOS objects, 23% free, 52MB/68MB, paused 463us total 23.052ms
08-04 14:02:57.734 32570  1570 I art     : Starting a blocking GC Explicit
08-04 14:02:57.751  2642  2642 D ICU     : No timezone override file found: /data/misc/zoneinfo/current/icu/icu_tzdata.dat
08-04 14:02:57.755 32570  1570 I art     : Explicit concurrent mark sweep GC freed 3(96B) AllocSpace objects, 0(0B) LOS objects, 23% free, 52MB/68MB, paused 461us total 20.786ms
08-04 14:02:57.763 32570  1570 I art     : Starting a blocking GC Explicit
08-04 14:02:57.785  2642  2642 I Radio-JNI: register_android_hardware_Radio DONE
08-04 14:02:57.785 32570  1570 I art     : Explicit concurrent mark sweep GC freed 3(96B) AllocSpace objects, 0(0B) LOS objects, 23% free, 52MB/68MB, paused 479us total 21.372ms
08-04 14:02:57.793 32570  1570 I art     : Starting a blocking GC Explicit
08-04 14:02:57.807  2642  2642 D AndroidRuntime: Calling main entry com.android.commands.input.Input
08-04 14:02:57.809  2642  2642 I Input   : injectKeyEvent: KeyEvent { action=ACTION_DOWN, keyCode=KEYCODE_BACK, scanCode=0, metaState=0, flags=0x0, repeatCount=0, eventTime=712994222, downTime=712994222, deviceId=-1, source=0x101 }
08-04 14:02:57.815 32570  1570 I art     : Explicit concurrent mark sweep GC freed 3(96B) AllocSpace objects, 0(0B) LOS objects, 23% free, 52MB/68MB, paused 503us total 21.278ms
08-04 14:02:57.815  2642  2642 I Input   : injectKeyEvent: KeyEvent { action=ACTION_UP, keyCode=KEYCODE_BACK, scanCode=0, metaState=0, flags=0x0, repeatCount=0, eventTime=712994222, downTime=712994222, deviceId=-1, source=0x101 }
08-04 14:02:57.821  2642  2642 D AndroidRuntime: Shutting down VM
08-04 14:02:57.835   918   937 W ProcessCpuTracker: Skipping unknown process pid 2650
08-04 14:02:57.835   918   937 W ProcessCpuTracker: Skipping unknown process pid 2653
08-04 14:02:57.835   918   937 W ProcessCpuTracker: Skipping unknown process pid 2654
08-04 14:02:57.868 13866 13866 I GoogleInputMethodServic: GoogleInputMethodService.onFinishInput():3138 
08-04 14:02:57.868 13866 13866 I GoogleInputMethodServic: GoogleInputMethodService.onStartInput():1808 
08-04 14:02:58.082 32570 32582 I art     : Starting a blocking GC Explicit
08-04 14:02:58.110 32570 32582 I art     : Explicit concurrent mark sweep GC freed 1482(84KB) AllocSpace objects, 1(20KB) LOS objects, 23% free, 52MB/68MB, paused 572us total 27.635ms
08-04 14:02:58.121 32570 32582 I art     : Starting a blocking GC Explicit
08-04 14:02:58.145 32570 32582 I art     : Explicit concurrent mark sweep GC freed 26(944B) AllocSpace objects, 0(0B) LOS objects, 23% free, 52MB/68MB, paused 428us total 24.070ms
08-04 14:02:58.154   380   380 W SurfaceFlinger: couldn't log to binary event log: overflow.
08-04 14:02:58.155 32570 32582 I art     : Starting a blocking GC Explicit
08-04 14:02:58.177 32570 32582 I art     : Explicit concurrent mark sweep GC freed 119(8KB) AllocSpace objects, 0(0B) LOS objects, 23% free, 52MB/68MB, paused 475us total 21.684ms
08-04 14:02:58.185 32570 32582 I art     : Starting a blocking GC Explicit
08-04 14:02:58.205 32570 32582 I art     : Explicit concurrent mark sweep GC freed 117(6KB) AllocSpace objects, 0(0B) LOS objects, 23% free, 52MB/68MB, paused 458us total 20.170ms
08-04 14:02:58.214 32570 32582 I art     : Starting a blocking GC Explicit
08-04 14:02:58.234 32570 32582 I art     : Explicit concurrent mark sweep GC freed 4570(262KB) AllocSpace objects, 2(140KB) LOS objects, 23% free, 52MB/68MB, paused 431us total 19.925ms
08-04 14:02:58.517 32570  1570 I art     : Starting a blocking GC Explicit
08-04 14:02:58.545 32570  1570 I art     : Explicit concurrent mark sweep GC freed 1344(78KB) AllocSpace objects, 1(20KB) LOS objects, 23% free, 52MB/68MB, paused 468us total 27.688ms
08-04 14:02:58.554 32570  1570 I art     : Starting a blocking GC Explicit
08-04 14:02:58.576 32570  1570 I art     : Explicit concurrent mark sweep GC freed 20(704B) AllocSpace objects, 0(0B) LOS objects, 23% free, 52MB/68MB, paused 466us total 21.783ms
08-04 14:02:58.585 32570  1570 I art     : Starting a blocking GC Explicit
08-04 14:02:58.607 32570  1570 I art     : Explicit concurrent mark sweep GC freed 3(96B) AllocSpace objects, 0(0B) LOS objects, 23% free, 52MB/68MB, paused 552us total 21.479ms
08-04 14:02:58.616 32570  1570 I art     : Starting a blocking GC Explicit
08-04 14:02:58.637 32570  1570 I art     : Explicit concurrent mark sweep GC freed 3(96B) AllocSpace objects, 0(0B) LOS objects, 23% free, 52MB/68MB, paused 542us total 21.719ms
08-04 14:02:58.646 32570  1570 I art     : Starting a blocking GC Explicit
08-04 14:02:58.668 32570  1570 I art     : Explicit concurrent mark sweep GC freed 3(96B) AllocSpace objects, 0(0B) LOS objects, 23% free, 52MB/68MB, paused 472us total 21.604ms
08-04 14:02:58.950 32570 32611 I art     : Starting a blocking GC Explicit
08-04 14:02:58.979 32570 32611 I art     : Explicit concurrent mark sweep GC freed 1343(78KB) AllocSpace objects, 1(20KB) LOS objects, 23% free, 52MB/68MB, paused 502us total 29.573ms
08-04 14:02:58.992 32570 32611 I art     : Starting a blocking GC Explicit
08-04 14:02:59.014 32570 32611 I art     : Explicit concurrent mark sweep GC freed 20(704B) AllocSpace objects, 0(0B) LOS objects, 23% free, 52MB/68MB, paused 471us total 22.613ms
08-04 14:02:59.023 32570 32611 I art     : Starting a blocking GC Explicit
08-04 14:02:59.045 32570 32611 I art     : Explicit concurrent mark sweep GC freed 3(96B) AllocSpace objects, 0(0B) LOS objects, 23% free, 52MB/68MB, paused 433us total 21.281ms
08-04 14:02:59.053 32570 32611 I art     : Starting a blocking GC Explicit
08-04 14:02:59.074 32570 32611 I art     : Explicit concurrent mark sweep GC freed 3(96B) AllocSpace objects, 0(0B) LOS objects, 23% free, 52MB/68MB, paused 432us total 19.993ms
08-04 14:02:59.083 32570 32611 I art     : Starting a blocking GC Explicit
08-04 14:02:59.102 32570 32611 I art     : Explicit concurrent mark sweep GC freed 3(96B) AllocSpace objects, 0(0B) LOS objects, 23% free, 52MB/68MB, paused 450us total 19.559ms
08-04 14:02:59.364 32570   829 I art     : Starting a blocking GC Explicit
08-04 14:02:59.385 32570   829 I art     : Explicit concurrent mark sweep GC freed 1343(78KB) AllocSpace objects, 1(20KB) LOS objects, 23% free, 52MB/68MB, paused 468us total 21.072ms
08-04 14:02:59.394 32570   829 I art     : Starting a blocking GC Explicit
08-04 14:02:59.415 32570   829 I art     : Explicit concurrent mark sweep GC freed 20(704B) AllocSpace objects, 0(0B) LOS objects, 23% free, 52MB/68MB, paused 459us total 20.919ms
08-04 14:02:59.423 32570   829 I art     : Starting a blocking GC Explicit
08-04 14:02:59.443 32570   829 I art     : Explicit concurrent mark sweep GC freed 3(96B) AllocSpace objects, 0(0B) LOS objects, 23% free, 52MB/68MB, paused 446us total 19.867ms
08-04 14:02:59.451 32570   829 I art     : Starting a blocking GC Explicit
08-04 14:02:59.472  2705  2705 D AndroidRuntime: >>>>>> START com.android.internal.os.RuntimeInit uid 2000 <<<<<<
08-04 14:02:59.474 32570   829 I art     : Explicit concurrent mark sweep GC freed 6(192B) AllocSpace objects, 0(0B) LOS objects, 23% free, 52MB/68MB, paused 527us total 22.754ms
08-04 14:02:59.477  2705  2705 D AndroidRuntime: CheckJNI is OFF
08-04 14:02:59.484 32570   829 I art     : Starting a blocking GC Explicit
08-04 14:02:59.505 32570   829 I art     : Explicit concurrent mark sweep GC freed 6(192B) AllocSpace objects, 0(0B) LOS objects, 23% free, 52MB/68MB, paused 445us total 21.101ms
08-04 14:02:59.515  2705  2705 D ICU     : No timezone override file found: /data/misc/zoneinfo/current/icu/icu_tzdata.dat
08-04 14:02:59.546  2705  2705 I Radio-JNI: register_android_hardware_Radio DONE
08-04 14:02:59.566  2705  2705 D AndroidRuntime: Calling main entry com.android.commands.input.Input
08-04 14:02:59.568  2705  2705 I Input   : injectMotionEvent: MotionEvent { action=ACTION_DOWN, actionButton=0, id[0]=0, x[0]=648.0, y[0]=1050.0, toolType[0]=TOOL_TYPE_UNKNOWN, buttonState=0, metaState=0, flags=0x0, edgeFlags=0x0, pointerCount=1, historySize=0, eventTime=712995980, downTime=712995980, deviceId=0, source=0x1002 }
08-04 14:02:59.572  2705  2705 I Input   : injectMotionEvent: MotionEvent { action=ACTION_UP, actionButton=0, id[0]=0, x[0]=648.0, y[0]=1050.0, toolType[0]=TOOL_TYPE_UNKNOWN, buttonState=0, metaState=0, flags=0x0, edgeFlags=0x0, pointerCount=1, historySize=0, eventTime=712995980, downTime=712995980, deviceId=0, source=0x1002 }
08-04 14:02:59.574  2705  2705 D AndroidRuntime: Shutting down VM
08-04 14:02:59.578   918  4413 I ActivityManager: START u0 {cmp=baseline.appteam.nith.hillffair/.activities.InformationActivity} from uid 10651 on display 0
08-04 14:02:59.579   512  2967 D audio_hw_primary: out_set_parameters: enter: usecase(1: low-latency-playback) kvpairs: routing=2
08-04 14:02:59.593   512  2967 D audio_hw_primary: select_devices: out_snd_device(2: speaker) in_snd_device(0: none)
08-04 14:02:59.593   512  2967 D msm8974_platform: platform_send_audio_calibration: sending audio calibration for snd_device(2) acdb_id(15)
08-04 14:02:59.593   512  2967 I soundtrigger: audio_extn_sound_trigger_update_device_status: device 0x2 of type 0 for Event 1
08-04 14:02:59.603   512  2967 D audio_hw_primary: enable_snd_device: snd_device(2: speaker)
08-04 14:02:59.605   512  2967 D audio_hw_primary: enable_audio_route: apply and update mixer path: low-latency-playback speaker
08-04 14:02:59.720   918   936 I ActivityManager: Displayed baseline.appteam.nith.hillffair/.activities.InformationActivity: +130ms
08-04 14:02:59.720 13866 13866 I GoogleInputMethodServic: GoogleInputMethodService.onFinishInput():3138 
08-04 14:02:59.721 13866 13866 I GoogleInputMethodServic: GoogleInputMethodService.onStartInput():1808 
08-04 14:02:59.737 32570 32594 D OpenGLRenderer: endAllStagingAnimators on 0x7f8017c000 (RippleDrawable) with handle 0x7f7ce69260
08-04 14:02:59.753 32570 32581 I art     : Starting a blocking GC Explicit
08-04 14:02:59.773 32570 32581 I art     : Explicit concurrent mark sweep GC freed 2389(158KB) AllocSpace objects, 1(20KB) LOS objects, 23% free, 52MB/68MB, paused 453us total 20.193ms
08-04 14:02:59.782 32570 32581 I art     : Starting a blocking GC Explicit
08-04 14:02:59.802 32570 32581 I art     : Explicit concurrent mark sweep GC freed 194(8KB) AllocSpace objects, 0(0B) LOS objects, 23% free, 52MB/68MB, paused 415us total 19.187ms
08-04 14:02:59.810 32570 32581 I art     : Starting a blocking GC Explicit
08-04 14:02:59.830 32570 32581 I art     : Explicit concurrent mark sweep GC freed 7(256B) AllocSpace objects, 0(0B) LOS objects, 23% free, 52MB/68MB, paused 433us total 19.727ms
08-04 14:02:59.839 32570 32581 I art     : Starting a blocking GC Explicit
08-04 14:02:59.862 32570 32581 I art     : Explicit concurrent mark sweep GC freed 3(96B) AllocSpace objects, 0(0B) LOS objects, 23% free, 52MB/68MB, paused 512us total 22.337ms
08-04 14:02:59.872 32570 32581 I art     : Starting a blocking GC Explicit
08-04 14:02:59.895 32570 32581 I art     : Explicit concurrent mark sweep GC freed 3(96B) AllocSpace objects, 0(0B) LOS objects, 23% free, 52MB/68MB, paused 416us total 22.585ms
08-04 14:02:59.974   380   380 W SurfaceFlinger: couldn't log to binary event log: overflow.
08-04 14:03:00.148   512  2967 D audio_hw_primary: disable_audio_route: reset and update mixer path: low-latency-playback speaker
08-04 14:03:00.149   512  2967 D audio_hw_primary: disable_snd_device: snd_device(2: speaker)
08-04 14:03:00.156   512  2967 I soundtrigger: audio_extn_sound_trigger_update_device_status: device 0x2 of type 0 for Event 0
08-04 14:03:00.172 32570 32581 I art     : Starting a blocking GC Explicit
08-04 14:03:00.195 32570 32581 I art     : Explicit concurrent mark sweep GC freed 1455(85KB) AllocSpace objects, 1(20KB) LOS objects, 23% free, 52MB/68MB, paused 459us total 22.778ms
08-04 14:03:00.204 32570 32581 I art     : Starting a blocking GC Explicit
08-04 14:03:00.226 32570 32581 I art     : Explicit concurrent mark sweep GC freed 50(1648B) AllocSpace objects, 0(0B) LOS objects, 23% free, 52MB/68MB, paused 445us total 21.697ms
08-04 14:03:00.235 32570 32581 I art     : Starting a blocking GC Explicit
08-04 14:03:00.257 32570 32581 I art     : Explicit concurrent mark sweep GC freed 3(96B) AllocSpace objects, 0(0B) LOS objects, 23% free, 52MB/68MB, paused 467us total 21.944ms
08-04 14:03:00.258 32570 32580 I art     : WaitForGcToComplete blocked for 15.796ms for cause HeapTrim
08-04 14:03:00.266 32570 32581 I art     : Starting a blocking GC Explicit
08-04 14:03:00.288 32570 32581 I art     : Explicit concurrent mark sweep GC freed 3(96B) AllocSpace objects, 0(0B) LOS objects, 23% free, 52MB/68MB, paused 445us total 21.896ms
08-04 14:03:00.297 32570 32581 I art     : Starting a blocking GC Explicit
08-04 14:03:00.320 32570 32581 I art     : Explicit concurrent mark sweep GC freed 3(96B) AllocSpace objects, 0(0B) LOS objects, 23% free, 52MB/68MB, paused 461us total 22.218ms
08-04 14:03:00.617 32570   829 I art     : Starting a blocking GC Explicit
08-04 14:03:00.645 32570   829 I art     : Explicit concurrent mark sweep GC freed 1344(78KB) AllocSpace objects, 1(20KB) LOS objects, 23% free, 52MB/68MB, paused 487us total 27.527ms
08-04 14:03:00.657 32570   829 I art     : Starting a blocking GC Explicit
08-04 14:03:00.680 32570   829 I art     : Explicit concurrent mark sweep GC freed 20(704B) AllocSpace objects, 0(0B) LOS objects, 23% free, 52MB/68MB, paused 450us total 22.689ms
08-04 14:03:00.689 32570   829 I art     : Starting a blocking GC Explicit
08-04 14:03:00.712 32570   829 I art     : Explicit concurrent mark sweep GC freed 3(96B) AllocSpace objects, 0(0B) LOS objects, 23% free, 52MB/68MB, paused 431us total 22.154ms
08-04 14:03:00.721 32570   829 I art     : Starting a blocking GC Explicit
08-04 14:03:00.743 32570   829 I art     : Explicit concurrent mark sweep GC freed 3(96B) AllocSpace objects, 0(0B) LOS objects, 23% free, 52MB/68MB, paused 454us total 22.209ms
08-04 14:03:00.752 32570   829 I art     : Starting a blocking GC Explicit
08-04 14:03:00.774 32570   829 I art     : Explicit concurrent mark sweep GC freed 3(96B) AllocSpace objects, 0(0B) LOS objects, 23% free, 52MB/68MB, paused 447us total 21.685ms
08-04 14:03:01.059 32570 32582 I art     : Starting a blocking GC Explicit
08-04 14:03:01.088 32570 32582 I art     : Explicit concurrent mark sweep GC freed 1344(78KB) AllocSpace objects, 1(20KB) LOS objects, 23% free, 52MB/68MB, paused 467us total 28.839ms
08-04 14:03:01.097 32570 32582 I art     : Starting a blocking GC Explicit
08-04 14:03:01.120 32570 32582 I art     : Explicit concurrent mark sweep GC freed 20(704B) AllocSpace objects, 0(0B) LOS objects, 23% free, 52MB/68MB, paused 452us total 22.211ms
08-04 14:03:01.129 32570 32582 I art     : Starting a blocking GC Explicit
08-04 14:03:01.151 32570 32582 I art     : Explicit concurrent mark sweep GC freed 3(96B) AllocSpace objects, 0(0B) LOS objects, 23% free, 52MB/68MB, paused 448us total 21.725ms
08-04 14:03:01.159 32570 32582 I art     : Starting a blocking GC Explicit
08-04 14:03:01.181 32570 32582 I art     : Explicit concurrent mark sweep GC freed 3(96B) AllocSpace objects, 0(0B) LOS objects, 23% free, 52MB/68MB, paused 435us total 21.505ms
08-04 14:03:01.190 32570 32582 I art     : Starting a blocking GC Explicit
08-04 14:03:01.212 32570 32582 I art     : Explicit concurrent mark sweep GC freed 3(96B) AllocSpace objects, 0(0B) LOS objects, 23% free, 52MB/68MB, paused 453us total 22.112ms
08-04 14:03:01.541 32570 32582 I art     : Starting a blocking GC Explicit
08-04 14:03:01.563 32570 32582 I art     : Explicit concurrent mark sweep GC freed 1374(79KB) AllocSpace objects, 1(20KB) LOS objects, 23% free, 52MB/68MB, paused 451us total 21.820ms
08-04 14:03:01.572 32570 32582 I art     : Starting a blocking GC Explicit
08-04 14:03:01.593 32570 32582 I art     : Explicit concurrent mark sweep GC freed 20(704B) AllocSpace objects, 0(0B) LOS objects, 23% free, 52MB/68MB, paused 447us total 21.563ms
08-04 14:03:01.602 32570 32582 I art     : Starting a blocking GC Explicit
08-04 14:03:01.624 32570 32582 I art     : Explicit concurrent mark sweep GC freed 3(96B) AllocSpace objects, 0(0B) LOS objects, 23% free, 52MB/68MB, paused 447us total 21.910ms
08-04 14:03:01.633 32570 32582 I art     : Starting a blocking GC Explicit
08-04 14:03:01.655 32570 32582 I art     : Explicit concurrent mark sweep GC freed 3(96B) AllocSpace objects, 0(0B) LOS objects, 23% free, 52MB/68MB, paused 450us total 21.876ms
08-04 14:03:01.664 32570 32582 I art     : Starting a blocking GC Explicit
08-04 14:03:01.686 32570 32582 I art     : Explicit concurrent mark sweep GC freed 3(96B) AllocSpace objects, 0(0B) LOS objects, 23% free, 52MB/68MB, paused 412us total 21.323ms
08-04 14:03:02.010 32570  1570 I art     : Starting a blocking GC Explicit
08-04 14:03:02.040 32570  1570 I art     : Explicit concurrent mark sweep GC freed 1344(78KB) AllocSpace objects, 1(20KB) LOS objects, 23% free, 52MB/68MB, paused 466us total 29.808ms
08-04 14:03:02.052 32570  1570 I art     : Starting a blocking GC Explicit
08-04 14:03:02.074 32570  1570 I art     : Explicit concurrent mark sweep GC freed 20(704B) AllocSpace objects, 0(0B) LOS objects, 23% free, 52MB/68MB, paused 462us total 21.752ms
08-04 14:03:02.083 32570  1570 I art     : Starting a blocking GC Explicit
08-04 14:03:02.106 32570  1570 I art     : Explicit concurrent mark sweep GC freed 3(96B) AllocSpace objects, 0(0B) LOS objects, 23% free, 52MB/68MB, paused 447us total 22.265ms
08-04 14:03:02.115 32570  1570 I art     : Starting a blocking GC Explicit
08-04 14:03:02.137 32570  1570 I art     : Explicit concurrent mark sweep GC freed 3(96B) AllocSpace objects, 0(0B) LOS objects, 23% free, 52MB/68MB, paused 494us total 22.440ms
08-04 14:03:02.146 32570  1570 I art     : Starting a blocking GC Explicit
08-04 14:03:02.168 32570  1570 I art     : Explicit concurrent mark sweep GC freed 3(96B) AllocSpace objects, 0(0B) LOS objects, 23% free, 52MB/68MB, paused 419us total 21.789ms
08-04 14:03:02.497 32570 32581 I art     : Starting a blocking GC Explicit
08-04 14:03:02.525 32570 32581 I art     : Explicit concurrent mark sweep GC freed 1344(78KB) AllocSpace objects, 1(20KB) LOS objects, 23% free, 52MB/68MB, paused 475us total 27.356ms
08-04 14:03:02.537 32570 32581 I art     : Starting a blocking GC Explicit
08-04 14:03:02.564 32570 32581 I art     : Explicit concurrent mark sweep GC freed 20(704B) AllocSpace objects, 0(0B) LOS objects, 23% free, 52MB/68MB, paused 438us total 26.394ms
08-04 14:03:02.573 32570 32581 I art     : Starting a blocking GC Explicit
08-04 14:03:02.595 32570 32581 I art     : Explicit concurrent mark sweep GC freed 3(96B) AllocSpace objects, 0(0B) LOS objects, 23% free, 52MB/68MB, paused 481us total 22.420ms
08-04 14:03:02.604 32570 32581 I art     : Starting a blocking GC Explicit
08-04 14:03:02.626 32570 32581 I art     : Explicit concurrent mark sweep GC freed 3(96B) AllocSpace objects, 0(0B) LOS objects, 23% free, 52MB/68MB, paused 431us total 21.653ms
08-04 14:03:02.635 32570 32581 I art     : Starting a blocking GC Explicit
08-04 14:03:02.657 32570 32581 I art     : Explicit concurrent mark sweep GC freed 3(96B) AllocSpace objects, 0(0B) LOS objects, 23% free, 52MB/68MB, paused 434us total 21.754ms
08-04 14:03:02.972 32570 32611 I art     : Starting a blocking GC Explicit
08-04 14:03:03.000 32570 32611 I art     : Explicit concurrent mark sweep GC freed 1344(78KB) AllocSpace objects, 1(20KB) LOS objects, 23% free, 52MB/68MB, paused 478us total 27.516ms
08-04 14:03:03.012 32570 32611 I art     : Starting a blocking GC Explicit
08-04 14:03:03.034 32570 32611 I art     : Explicit concurrent mark sweep GC freed 20(704B) AllocSpace objects, 0(0B) LOS objects, 23% free, 52MB/68MB, paused 464us total 22.211ms
08-04 14:03:03.043 32570 32611 I art     : Starting a blocking GC Explicit
08-04 14:03:03.065 32570 32611 I art     : Explicit concurrent mark sweep GC freed 3(96B) AllocSpace objects, 0(0B) LOS objects, 23% free, 52MB/68MB, paused 430us total 21.745ms
08-04 14:03:03.074 32570 32611 I art     : Starting a blocking GC Explicit
08-04 14:03:03.097 32570 32611 I art     : Explicit concurrent mark sweep GC freed 3(96B) AllocSpace objects, 0(0B) LOS objects, 23% free, 52MB/68MB, paused 438us total 22.524ms
08-04 14:03:03.106 32570 32611 I art     : Starting a blocking GC Explicit
08-04 14:03:03.128 32570 32611 I art     : Explicit concurrent mark sweep GC freed 3(96B) AllocSpace objects, 0(0B) LOS objects, 23% free, 52MB/68MB, paused 447us total 22.425ms
08-04 14:03:03.165   918  3261 D WifiStateMachine: starting scan for "H369AA63323"WPA_PSK with 2412,5180
08-04 14:03:03.441 32570   829 I art     : Starting a blocking GC Explicit
08-04 14:03:03.469 32570   829 I art     : Explicit concurrent mark sweep GC freed 1344(78KB) AllocSpace objects, 1(20KB) LOS objects, 23% free, 52MB/68MB, paused 503us total 27.293ms
08-04 14:03:03.483 32570   829 I art     : Starting a blocking GC Explicit
08-04 14:03:03.505 32570   829 I art     : Explicit concurrent mark sweep GC freed 20(704B) AllocSpace objects, 0(0B) LOS objects, 23% free, 52MB/68MB, paused 446us total 22.470ms
08-04 14:03:03.514 32570   829 I art     : Starting a blocking GC Explicit
08-04 14:03:03.536 32570   829 I art     : Explicit concurrent mark sweep GC freed 3(96B) AllocSpace objects, 0(0B) LOS objects, 23% free, 52MB/68MB, paused 425us total 21.300ms
08-04 14:03:03.544 32570   829 I art     : Starting a blocking GC Explicit
08-04 14:03:03.566 32570   829 I art     : Explicit concurrent mark sweep GC freed 3(96B) AllocSpace objects, 0(0B) LOS objects, 23% free, 52MB/68MB, paused 436us total 21.367ms
08-04 14:03:03.574 32570   829 I art     : Starting a blocking GC Explicit
08-04 14:03:03.597 32570   829 I art     : Explicit concurrent mark sweep GC freed 3(96B) AllocSpace objects, 0(0B) LOS objects, 23% free, 52MB/68MB, paused 445us total 21.966ms
08-04 14:03:03.901 32570 32582 I art     : Starting a blocking GC Explicit
08-04 14:03:03.923 32570 32582 I art     : Explicit concurrent mark sweep GC freed 1344(78KB) AllocSpace objects, 1(20KB) LOS objects, 23% free, 52MB/68MB, paused 448us total 21.328ms
08-04 14:03:03.932 32570 32582 I art     : Starting a blocking GC Explicit
08-04 14:03:03.953 32570 32582 I art     : Explicit concurrent mark sweep GC freed 20(704B) AllocSpace objects, 0(0B) LOS objects, 23% free, 52MB/68MB, paused 455us total 21.305ms
08-04 14:03:03.962 32570 32582 I art     : Starting a blocking GC Explicit
08-04 14:03:03.983 32570 32582 I art     : Explicit concurrent mark sweep GC freed 3(96B) AllocSpace objects, 0(0B) LOS objects, 23% free, 52MB/68MB, paused 493us total 20.876ms
08-04 14:03:03.991 32570 32582 I art     : Starting a blocking GC Explicit
08-04 14:03:04.012 32570 32582 I art     : Explicit concurrent mark sweep GC freed 3(96B) AllocSpace objects, 0(0B) LOS objects, 23% free, 52MB/68MB, paused 446us total 20.587ms
08-04 14:03:04.020 32570 32582 I art     : Starting a blocking GC Explicit
08-04 14:03:04.041 32570 32582 I art     : Explicit concurrent mark sweep GC freed 3(96B) AllocSpace objects, 0(0B) LOS objects, 23% free, 52MB/68MB, paused 501us total 20.567ms
08-04 14:03:04.248  2827  2827 D AndroidRuntime: >>>>>> START com.android.internal.os.RuntimeInit uid 2000 <<<<<<
08-04 14:03:04.254  2827  2827 D AndroidRuntime: CheckJNI is OFF
08-04 14:03:04.286  2827  2827 D ICU     : No timezone override file found: /data/misc/zoneinfo/current/icu/icu_tzdata.dat
08-04 14:03:04.319  2827  2827 I Radio-JNI: register_android_hardware_Radio DONE
08-04 14:03:04.341  2827  2827 D AndroidRuntime: Calling main entry com.android.commands.input.Input
08-04 14:03:04.342 32570  1570 I art     : Starting a blocking GC Explicit
08-04 14:03:04.342  2827  2827 I Input   : injectKeyEvent: KeyEvent { action=ACTION_DOWN, keyCode=KEYCODE_BACK, scanCode=0, metaState=0, flags=0x0, repeatCount=0, eventTime=713000755, downTime=713000755, deviceId=-1, source=0x101 }
08-04 14:03:04.347  2827  2827 I Input   : injectKeyEvent: KeyEvent { action=ACTION_UP, keyCode=KEYCODE_BACK, scanCode=0, metaState=0, flags=0x0, repeatCount=0, eventTime=713000755, downTime=713000755, deviceId=-1, source=0x101 }
08-04 14:03:04.354  2827  2827 D AndroidRuntime: Shutting down VM
08-04 14:03:04.364 32570  1570 I art     : Explicit concurrent mark sweep GC freed 1435(82KB) AllocSpace objects, 1(20KB) LOS objects, 23% free, 52MB/68MB, paused 481us total 22.030ms
08-04 14:03:04.372 32570  1570 I art     : Starting a blocking GC Explicit
08-04 14:03:04.384 13866 13866 I GoogleInputMethodServic: GoogleInputMethodService.onFinishInput():3138 
08-04 14:03:04.385 13866 13866 I GoogleInputMethodServic: GoogleInputMethodService.onStartInput():1808 
08-04 14:03:04.391 32570  1570 I art     : Explicit concurrent mark sweep GC freed 41(1472B) AllocSpace objects, 0(0B) LOS objects, 23% free, 52MB/68MB, paused 418us total 18.546ms
08-04 14:03:04.402 32570  1570 I art     : Starting a blocking GC Explicit
08-04 14:03:04.420 32570  1570 I art     : Explicit concurrent mark sweep GC freed 30(1120B) AllocSpace objects, 0(0B) LOS objects, 23% free, 52MB/68MB, paused 463us total 18.579ms
08-04 14:03:04.428 32570  1570 I art     : Starting a blocking GC Explicit
08-04 14:03:04.446 32570  1570 I art     : Explicit concurrent mark sweep GC freed 10(368B) AllocSpace objects, 0(0B) LOS objects, 23% free, 52MB/68MB, paused 396us total 17.739ms
08-04 14:03:04.454 32570  1570 I art     : Starting a blocking GC Explicit
08-04 14:03:04.472 32570  1570 I art     : Explicit concurrent mark sweep GC freed 3(96B) AllocSpace objects, 0(0B) LOS objects, 23% free, 52MB/68MB, paused 414us total 17.913ms
08-04 14:03:04.678   380   380 W SurfaceFlinger: couldn't log to binary event log: overflow.
08-04 14:03:04.719 32570  1570 I art     : Starting a blocking GC Explicit
08-04 14:03:04.741 32570  1570 I art     : Explicit concurrent mark sweep GC freed 1454(87KB) AllocSpace objects, 1(20KB) LOS objects, 23% free, 52MB/68MB, paused 437us total 21.344ms
08-04 14:03:04.749 32570  1570 I art     : Starting a blocking GC Explicit
08-04 14:03:04.770 32570  1570 I art     : Explicit concurrent mark sweep GC freed 1401(90KB) AllocSpace objects, 1(28KB) LOS objects, 23% free, 52MB/68MB, paused 431us total 20.506ms
08-04 14:03:04.778 32570  1570 I art     : Starting a blocking GC Explicit
08-04 14:03:04.798 32570  1570 I art     : Explicit concurrent mark sweep GC freed 3(96B) AllocSpace objects, 0(0B) LOS objects, 23% free, 52MB/68MB, paused 427us total 20.090ms
08-04 14:03:04.807 32570  1570 I art     : Starting a blocking GC Explicit
08-04 14:03:04.828 32570  1570 I art     : Explicit concurrent mark sweep GC freed 3(96B) AllocSpace objects, 0(0B) LOS objects, 23% free, 52MB/68MB, paused 438us total 20.867ms
08-04 14:03:04.837 32570  1570 I art     : Starting a blocking GC Explicit
08-04 14:03:04.858 32570  1570 I art     : Explicit concurrent mark sweep GC freed 3(96B) AllocSpace objects, 0(0B) LOS objects, 23% free, 52MB/68MB, paused 435us total 20.901ms
08-04 14:03:05.152 32570 32611 I art     : Starting a blocking GC Explicit
08-04 14:03:05.176 32570 32611 I art     : Explicit concurrent mark sweep GC freed 1344(78KB) AllocSpace objects, 1(20KB) LOS objects, 23% free, 52MB/68MB, paused 475us total 23.995ms
08-04 14:03:05.188 32570 32611 I art     : Starting a blocking GC Explicit
08-04 14:03:05.210 32570 32611 I art     : Explicit concurrent mark sweep GC freed 20(704B) AllocSpace objects, 0(0B) LOS objects, 23% free, 52MB/68MB, paused 485us total 21.752ms
08-04 14:03:05.218 32570 32611 I art     : Starting a blocking GC Explicit
08-04 14:03:05.240 32570 32611 I art     : Explicit concurrent mark sweep GC freed 3(96B) AllocSpace objects, 0(0B) LOS objects, 23% free, 52MB/68MB, paused 441us total 21.006ms
08-04 14:03:05.248 32570 32611 I art     : Starting a blocking GC Explicit
08-04 14:03:05.270 32570 32611 I art     : Explicit concurrent mark sweep GC freed 3(96B) AllocSpace objects, 0(0B) LOS objects, 23% free, 52MB/68MB, paused 440us total 21.125ms
08-04 14:03:05.278 32570 32611 I art     : Starting a blocking GC Explicit
08-04 14:03:05.300 32570 32611 I art     : Explicit concurrent mark sweep GC freed 3(96B) AllocSpace objects, 0(0B) LOS objects, 23% free, 52MB/68MB, paused 442us total 21.324ms
08-04 14:03:05.300 32570 32580 I art     : WaitForGcToComplete blocked for 11.306ms for cause HeapTrim
08-04 14:03:05.581 32570 32582 I art     : Starting a blocking GC Explicit
08-04 14:03:05.606 32570 32582 I art     : Explicit concurrent mark sweep GC freed 1343(78KB) AllocSpace objects, 1(20KB) LOS objects, 23% free, 52MB/68MB, paused 433us total 24.928ms
08-04 14:03:05.615 32570 32582 I art     : Starting a blocking GC Explicit
08-04 14:03:05.636 32570 32582 I art     : Explicit concurrent mark sweep GC freed 20(704B) AllocSpace objects, 0(0B) LOS objects, 23% free, 52MB/68MB, paused 441us total 20.272ms
08-04 14:03:05.644 32570 32582 I art     : Starting a blocking GC Explicit
08-04 14:03:05.664 32570 32582 I art     : Explicit concurrent mark sweep GC freed 3(96B) AllocSpace objects, 0(0B) LOS objects, 23% free, 52MB/68MB, paused 439us total 19.966ms
08-04 14:03:05.672 32570 32582 I art     : Starting a blocking GC Explicit
08-04 14:03:05.693 32570 32582 I art     : Explicit concurrent mark sweep GC freed 3(96B) AllocSpace objects, 0(0B) LOS objects, 23% free, 52MB/68MB, paused 432us total 19.936ms
08-04 14:03:05.701 32570 32582 I art     : Starting a blocking GC Explicit
08-04 14:03:05.721 32570 32582 I art     : Explicit concurrent mark sweep GC freed 3(96B) AllocSpace objects, 0(0B) LOS objects, 23% free, 52MB/68MB, paused 418us total 20.221ms
08-04 14:03:05.990 32570   829 I art     : Starting a blocking GC Explicit
08-04 14:03:06.015 32570   829 I art     : Explicit concurrent mark sweep GC freed 1348(78KB) AllocSpace objects, 1(20KB) LOS objects, 23% free, 52MB/68MB, paused 465us total 25.046ms
08-04 14:03:06.019  2885  2885 D AndroidRuntime: >>>>>> START com.android.internal.os.RuntimeInit uid 2000 <<<<<<
08-04 14:03:06.024  2885  2885 D AndroidRuntime: CheckJNI is OFF
08-04 14:03:06.025 32570   829 I art     : Starting a blocking GC Explicit
08-04 14:03:06.045 32570   829 I art     : Explicit concurrent mark sweep GC freed 23(800B) AllocSpace objects, 0(0B) LOS objects, 23% free, 52MB/68MB, paused 449us total 20.076ms
08-04 14:03:06.054 32570   829 I art     : Starting a blocking GC Explicit
08-04 14:03:06.060  2885  2885 D ICU     : No timezone override file found: /data/misc/zoneinfo/current/icu/icu_tzdata.dat
08-04 14:03:06.073 32570   829 I art     : Explicit concurrent mark sweep GC freed 6(192B) AllocSpace objects, 0(0B) LOS objects, 23% free, 52MB/68MB, paused 421us total 19.060ms
08-04 14:03:06.081 32570   829 I art     : Starting a blocking GC Explicit
08-04 14:03:06.095  2885  2885 I Radio-JNI: register_android_hardware_Radio DONE
08-04 14:03:06.100 32570   829 I art     : Explicit concurrent mark sweep GC freed 8(256B) AllocSpace objects, 0(0B) LOS objects, 23% free, 52MB/68MB, paused 474us total 19.139ms
08-04 14:03:06.109 32570   829 I art     : Starting a blocking GC Explicit
08-04 14:03:06.116  2885  2885 D AndroidRuntime: Calling main entry com.android.commands.input.Input
08-04 14:03:06.118  2885  2885 I Input   : injectMotionEvent: MotionEvent { action=ACTION_DOWN, actionButton=0, id[0]=0, x[0]=756.0, y[0]=1530.0, toolType[0]=TOOL_TYPE_UNKNOWN, buttonState=0, metaState=0, flags=0x0, edgeFlags=0x0, pointerCount=1, historySize=0, eventTime=713002531, downTime=713002531, deviceId=0, source=0x1002 }
08-04 14:03:06.123  2885  2885 I Input   : injectMotionEvent: MotionEvent { action=ACTION_UP, actionButton=0, id[0]=0, x[0]=756.0, y[0]=1530.0, toolType[0]=TOOL_TYPE_UNKNOWN, buttonState=0, metaState=0, flags=0x0, edgeFlags=0x0, pointerCount=1, historySize=0, eventTime=713002531, downTime=713002531, deviceId=0, source=0x1002 }
08-04 14:03:06.125  2885  2885 D AndroidRuntime: Shutting down VM
08-04 14:03:06.128 32570   829 I art     : Explicit concurrent mark sweep GC freed 24(800B) AllocSpace objects, 0(0B) LOS objects, 23% free, 52MB/68MB, paused 475us total 18.723ms
08-04 14:03:06.132   918  5952 I ActivityManager: START u0 {cmp=baseline.appteam.nith.hillffair/.activities.LeaderBoardActivity} from uid 10651 on display 0
08-04 14:03:06.134   512  2967 D audio_hw_primary: out_set_parameters: enter: usecase(1: low-latency-playback) kvpairs: routing=2
08-04 14:03:06.147   512  2967 D audio_hw_primary: select_devices: out_snd_device(2: speaker) in_snd_device(0: none)
08-04 14:03:06.147   512  2967 D msm8974_platform: platform_send_audio_calibration: sending audio calibration for snd_device(2) acdb_id(15)
08-04 14:03:06.147   512  2967 I soundtrigger: audio_extn_sound_trigger_update_device_status: device 0x2 of type 0 for Event 1
08-04 14:03:06.158   512  2967 D audio_hw_primary: enable_snd_device: snd_device(2: speaker)
08-04 14:03:06.159   512  2967 D audio_hw_primary: enable_audio_route: apply and update mixer path: low-latency-playback speaker
08-04 14:03:06.234 32570 32570 E RecyclerView: No adapter attached; skipping layout
08-04 14:03:06.238 32570 32570 E RecyclerView: No adapter attached; skipping layout
08-04 14:03:06.257   918   936 I ActivityManager: Displayed baseline.appteam.nith.hillffair/.activities.LeaderBoardActivity: +109ms
08-04 14:03:06.258 13866 13866 I GoogleInputMethodServic: GoogleInputMethodService.onFinishInput():3138 
08-04 14:03:06.259 32570 32570 E RecyclerView: No adapter attached; skipping layout
08-04 14:03:06.260 13866 13866 I GoogleInputMethodServic: GoogleInputMethodService.onStartInput():1808 
08-04 14:03:06.287 32570 32594 D OpenGLRenderer: endAllStagingAnimators on 0x7f82790800 (RippleDrawable) with handle 0x7f7d790200
08-04 14:03:06.384 32570 32582 I art     : Starting a blocking GC Explicit
08-04 14:03:06.409 32570 32582 I art     : Explicit concurrent mark sweep GC freed 6632(402KB) AllocSpace objects, 1(20KB) LOS objects, 23% free, 52MB/68MB, paused 470us total 24.407ms
08-04 14:03:06.419 32570 32582 I art     : Starting a blocking GC Explicit
08-04 14:03:06.443 32570 32582 I art     : Explicit concurrent mark sweep GC freed 278(12KB) AllocSpace objects, 0(0B) LOS objects, 23% free, 52MB/68MB, paused 499us total 23.903ms
08-04 14:03:06.455 32570 32582 I art     : Starting a blocking GC Explicit
08-04 14:03:06.480 32570 32582 I art     : Explicit concurrent mark sweep GC freed 3(96B) AllocSpace objects, 0(0B) LOS objects, 23% free, 52MB/68MB, paused 493us total 24.827ms
08-04 14:03:06.491 32570 32582 I art     : Starting a blocking GC Explicit
08-04 14:03:06.514   380   380 W SurfaceFlinger: couldn't log to binary event log: overflow.
08-04 14:03:06.516 32570 32582 I art     : Explicit concurrent mark sweep GC freed 3(96B) AllocSpace objects, 0(0B) LOS objects, 23% free, 52MB/68MB, paused 521us total 25.444ms
08-04 14:03:06.527 32570 32582 I art     : Starting a blocking GC Explicit
08-04 14:03:06.547 32570 32582 I art     : Explicit concurrent mark sweep GC freed 3(96B) AllocSpace objects, 0(0B) LOS objects, 23% free, 52MB/68MB, paused 510us total 19.263ms
08-04 14:03:06.699   512  2967 D audio_hw_primary: disable_audio_route: reset and update mixer path: low-latency-playback speaker
08-04 14:03:06.700   512  2967 D audio_hw_primary: disable_snd_device: snd_device(2: speaker)
08-04 14:03:06.708   512  2967 I soundtrigger: audio_extn_sound_trigger_update_device_status: device 0x2 of type 0 for Event 0
08-04 14:03:06.841 32570  1570 I art     : Starting a blocking GC Explicit
08-04 14:03:06.864 32570  1570 I art     : Explicit concurrent mark sweep GC freed 1481(86KB) AllocSpace objects, 1(20KB) LOS objects, 23% free, 52MB/68MB, paused 488us total 22.881ms
08-04 14:03:06.873 32570  1570 I art     : Starting a blocking GC Explicit
08-04 14:03:06.894 32570  1570 I art     : Explicit concurrent mark sweep GC freed 68(2304B) AllocSpace objects, 0(0B) LOS objects, 23% free, 52MB/68MB, paused 556us total 21.157ms
08-04 14:03:06.903 32570  1570 I art     : Starting a blocking GC Explicit
08-04 14:03:06.923 32570  1570 I art     : Explicit concurrent mark sweep GC freed 13(480B) AllocSpace objects, 0(0B) LOS objects, 23% free, 52MB/68MB, paused 484us total 19.576ms
08-04 14:03:06.931 32570  1570 I art     : Starting a blocking GC Explicit
08-04 14:03:06.952 32570  1570 I art     : Explicit concurrent mark sweep GC freed 12(432B) AllocSpace objects, 0(0B) LOS objects, 23% free, 52MB/68MB, paused 449us total 20.573ms
08-04 14:03:06.960 32570  1570 I art     : Starting a blocking GC Explicit
08-04 14:03:06.982 32570  1570 I art     : Explicit concurrent mark sweep GC freed 9(336B) AllocSpace objects, 0(0B) LOS objects, 23% free, 52MB/68MB, paused 561us total 21.236ms
08-04 14:03:07.047 32570  2908 D OkHttp  : --> GET https://api-hillfair-2k16.herokuapp.com/api/app/quiz/leaderboard?from=1 http/1.1
08-04 14:03:07.079 32570  2908 D OkHttp  : <-- 200 OK https://api-hillfair-2k16.herokuapp.com/api/app/quiz/leaderboard?from=1 (31ms, 56744-byte body)
08-04 14:03:07.166 32570 32570 I NAPPA_EXPERIMENTATION: MetricNetworkRequestExecutionTime: REQUEST_DURATION_SYSTEM='983',REQUEST_DURATION_OKHTTP='32',REQUEST_SYNCHRONOUS='FALSE',RESPONSE_CODE='200',RESPONSE_METHOD='GET',RESPONSE_LENGTH_OKHTTP='56744',RESPONSE_LENGTH_HEADER='56744',REQUEST_PROTOCOL='http/1.1',REQUEST_URL='https://api-hillfair-2k16.herokuapp.com/api/app/quiz/leaderboard?from=1',
08-04 14:03:07.248 32570  1570 I art     : Starting a blocking GC Explicit
08-04 14:03:07.274 32570  1570 I art     : Explicit concurrent mark sweep GC freed 30313(1446KB) AllocSpace objects, 4(220KB) LOS objects, 23% free, 53MB/69MB, paused 439us total 25.612ms
08-04 14:03:07.283 32570  1570 I art     : Starting a blocking GC Explicit
08-04 14:03:07.307 32570  1570 I art     : Explicit concurrent mark sweep GC freed 1064(120KB) AllocSpace objects, 0(0B) LOS objects, 23% free, 53MB/69MB, paused 594us total 23.547ms
08-04 14:03:07.316 32570  1570 I art     : Starting a blocking GC Explicit
08-04 14:03:07.339 32570  1570 I art     : Explicit concurrent mark sweep GC freed 3(96B) AllocSpace objects, 0(0B) LOS objects, 23% free, 53MB/69MB, paused 462us total 22.618ms
08-04 14:03:07.348 32570  1570 I art     : Starting a blocking GC Explicit
08-04 14:03:07.371 32570  1570 I art     : Explicit concurrent mark sweep GC freed 3(96B) AllocSpace objects, 0(0B) LOS objects, 23% free, 53MB/69MB, paused 473us total 22.920ms
08-04 14:03:07.380 32570  1570 I art     : Starting a blocking GC Explicit
08-04 14:03:07.404 32570  1570 I art     : Explicit concurrent mark sweep GC freed 3(96B) AllocSpace objects, 0(0B) LOS objects, 23% free, 53MB/69MB, paused 471us total 23.705ms
08-04 14:03:07.698 32570   829 I art     : Starting a blocking GC Explicit
08-04 14:03:07.723 32570   829 I art     : Explicit concurrent mark sweep GC freed 1344(78KB) AllocSpace objects, 1(20KB) LOS objects, 23% free, 53MB/69MB, paused 472us total 24.175ms
08-04 14:03:07.732 32570   829 I art     : Starting a blocking GC Explicit
08-04 14:03:07.756 32570   829 I art     : Explicit concurrent mark sweep GC freed 20(704B) AllocSpace objects, 0(0B) LOS objects, 23% free, 53MB/69MB, paused 462us total 23.782ms
08-04 14:03:07.765 32570   829 I art     : Starting a blocking GC Explicit
08-04 14:03:07.789 32570   829 I art     : Explicit concurrent mark sweep GC freed 3(96B) AllocSpace objects, 0(0B) LOS objects, 23% free, 53MB/69MB, paused 470us total 24ms
08-04 14:03:07.799 32570   829 I art     : Starting a blocking GC Explicit
08-04 14:03:07.822 32570   829 I art     : Explicit concurrent mark sweep GC freed 3(96B) AllocSpace objects, 0(0B) LOS objects, 23% free, 53MB/69MB, paused 469us total 23.086ms
08-04 14:03:07.831 32570   829 I art     : Starting a blocking GC Explicit
08-04 14:03:07.855 32570   829 I art     : Explicit concurrent mark sweep GC freed 3(96B) AllocSpace objects, 0(0B) LOS objects, 23% free, 53MB/69MB, paused 469us total 23.479ms
08-04 14:03:08.188 32570 32582 I art     : Starting a blocking GC Explicit
08-04 14:03:08.218 32570 32582 I art     : Explicit concurrent mark sweep GC freed 1344(78KB) AllocSpace objects, 1(20KB) LOS objects, 23% free, 53MB/69MB, paused 563us total 29.509ms
08-04 14:03:08.231 32570 32582 I art     : Starting a blocking GC Explicit
08-04 14:03:08.255 32570 32582 I art     : Explicit concurrent mark sweep GC freed 20(704B) AllocSpace objects, 0(0B) LOS objects, 23% free, 53MB/69MB, paused 470us total 24.058ms
08-04 14:03:08.264 32570 32582 I art     : Starting a blocking GC Explicit
08-04 14:03:08.288 32570 32582 I art     : Explicit concurrent mark sweep GC freed 3(96B) AllocSpace objects, 0(0B) LOS objects, 23% free, 53MB/69MB, paused 468us total 23.598ms
08-04 14:03:08.297 32570 32582 I art     : Starting a blocking GC Explicit
08-04 14:03:08.321 32570 32582 I art     : Explicit concurrent mark sweep GC freed 3(96B) AllocSpace objects, 0(0B) LOS objects, 23% free, 53MB/69MB, paused 463us total 23.279ms
08-04 14:03:08.330 32570 32582 I art     : Starting a blocking GC Explicit
08-04 14:03:08.353 32570 32582 I art     : Explicit concurrent mark sweep GC freed 3(96B) AllocSpace objects, 0(0B) LOS objects, 23% free, 53MB/69MB, paused 455us total 22.668ms
08-04 14:03:08.678 32570 32581 I art     : Starting a blocking GC Explicit
08-04 14:03:08.710 32570 32581 I art     : Explicit concurrent mark sweep GC freed 1344(78KB) AllocSpace objects, 1(20KB) LOS objects, 23% free, 53MB/69MB, paused 531us total 32.234ms
08-04 14:03:08.724 32570 32581 I art     : Starting a blocking GC Explicit
08-04 14:03:08.748 32570 32581 I art     : Explicit concurrent mark sweep GC freed 20(704B) AllocSpace objects, 0(0B) LOS objects, 23% free, 53MB/69MB, paused 482us total 23.520ms
08-04 14:03:08.757 32570 32581 I art     : Starting a blocking GC Explicit
08-04 14:03:08.781 32570 32581 I art     : Explicit concurrent mark sweep GC freed 3(96B) AllocSpace objects, 0(0B) LOS objects, 23% free, 53MB/69MB, paused 475us total 23.654ms
08-04 14:03:08.790 32570 32581 I art     : Starting a blocking GC Explicit
08-04 14:03:08.814 32570 32581 I art     : Explicit concurrent mark sweep GC freed 3(96B) AllocSpace objects, 0(0B) LOS objects, 23% free, 53MB/69MB, paused 463us total 23.781ms
08-04 14:03:08.824 32570 32581 I art     : Starting a blocking GC Explicit
08-04 14:03:08.847 32570 32581 I art     : Explicit concurrent mark sweep GC freed 3(96B) AllocSpace objects, 0(0B) LOS objects, 23% free, 53MB/69MB, paused 507us total 23.519ms
08-04 14:03:09.168 32570 32611 I art     : Starting a blocking GC Explicit
08-04 14:03:09.201 32570 32611 I art     : Explicit concurrent mark sweep GC freed 1344(78KB) AllocSpace objects, 1(20KB) LOS objects, 23% free, 53MB/69MB, paused 615us total 32.290ms
08-04 14:03:09.217 32570 32611 I art     : Starting a blocking GC Explicit
08-04 14:03:09.241 32570 32611 I art     : Explicit concurrent mark sweep GC freed 20(704B) AllocSpace objects, 0(0B) LOS objects, 23% free, 53MB/69MB, paused 471us total 23.576ms
08-04 14:03:09.251 32570 32611 I art     : Starting a blocking GC Explicit
08-04 14:03:09.273 32570 32611 I art     : Explicit concurrent mark sweep GC freed 3(96B) AllocSpace objects, 0(0B) LOS objects, 23% free, 53MB/69MB, paused 463us total 22.737ms
08-04 14:03:09.282 32570 32611 I art     : Starting a blocking GC Explicit
08-04 14:03:09.306 32570 32611 I art     : Explicit concurrent mark sweep GC freed 3(96B) AllocSpace objects, 0(0B) LOS objects, 23% free, 53MB/69MB, paused 534us total 23.214ms
08-04 14:03:09.315 32570 32611 I art     : Starting a blocking GC Explicit
08-04 14:03:09.339 32570 32611 I art     : Explicit concurrent mark sweep GC freed 3(96B) AllocSpace objects, 0(0B) LOS objects, 23% free, 53MB/69MB, paused 491us total 23.644ms
08-04 14:03:09.670 32570  1570 I art     : Starting a blocking GC Explicit
08-04 14:03:09.696 32570  1570 I art     : Explicit concurrent mark sweep GC freed 1344(78KB) AllocSpace objects, 1(20KB) LOS objects, 23% free, 53MB/69MB, paused 519us total 25.737ms
08-04 14:03:09.709 32570  1570 I art     : Starting a blocking GC Explicit
08-04 14:03:09.733 32570  1570 I art     : Explicit concurrent mark sweep GC freed 20(704B) AllocSpace objects, 0(0B) LOS objects, 23% free, 53MB/69MB, paused 469us total 23.515ms
08-04 14:03:09.742 32570  1570 I art     : Starting a blocking GC Explicit
08-04 14:03:09.766 32570  1570 I art     : Explicit concurrent mark sweep GC freed 3(96B) AllocSpace objects, 0(0B) LOS objects, 23% free, 53MB/69MB, paused 460us total 23.537ms
08-04 14:03:09.775 32570  1570 I art     : Starting a blocking GC Explicit
08-04 14:03:09.799 32570  1570 I art     : Explicit concurrent mark sweep GC freed 3(96B) AllocSpace objects, 0(0B) LOS objects, 23% free, 53MB/69MB, paused 483us total 23.375ms
08-04 14:03:09.808 32570  1570 I art     : Starting a blocking GC Explicit
08-04 14:03:09.832 32570  1570 I art     : Explicit concurrent mark sweep GC freed 3(96B) AllocSpace objects, 0(0B) LOS objects, 23% free, 53MB/69MB, paused 468us total 23.315ms
08-04 14:03:10.035 26337 26337 I Atfwd_Sendcmd: AtCmdFwd service not ready - Exhausted retry attempts - :6
08-04 14:03:10.035 26337 26337 I Atfwd_Daemon: result : -1 	 ,Init step :2 	 ,qmiErrorCode: 0
08-04 14:03:10.148 32570   829 I art     : Starting a blocking GC Explicit
08-04 14:03:10.177 32570   829 I art     : Explicit concurrent mark sweep GC freed 1344(78KB) AllocSpace objects, 1(20KB) LOS objects, 23% free, 53MB/69MB, paused 522us total 29.322ms
08-04 14:03:10.190 32570   829 I art     : Starting a blocking GC Explicit
08-04 14:03:10.214 32570   829 I art     : Explicit concurrent mark sweep GC freed 20(704B) AllocSpace objects, 0(0B) LOS objects, 23% free, 53MB/69MB, paused 478us total 23.745ms
08-04 14:03:10.223 32570   829 I art     : Starting a blocking GC Explicit
08-04 14:03:10.247 32570   829 I art     : Explicit concurrent mark sweep GC freed 3(96B) AllocSpace objects, 0(0B) LOS objects, 23% free, 53MB/69MB, paused 506us total 24.027ms
08-04 14:03:10.257 32570   829 I art     : Starting a blocking GC Explicit
08-04 14:03:10.281 32570   829 I art     : Explicit concurrent mark sweep GC freed 3(96B) AllocSpace objects, 0(0B) LOS objects, 23% free, 53MB/69MB, paused 471us total 23.564ms
08-04 14:03:10.290 32570   829 I art     : Starting a blocking GC Explicit
08-04 14:03:10.313 32570   829 I art     : Explicit concurrent mark sweep GC freed 3(96B) AllocSpace objects, 0(0B) LOS objects, 23% free, 53MB/69MB, paused 471us total 22.988ms
08-04 14:03:10.585 32570 32582 I art     : Starting a blocking GC Explicit
08-04 14:03:10.613 32570 32582 I art     : Explicit concurrent mark sweep GC freed 1344(78KB) AllocSpace objects, 1(20KB) LOS objects, 23% free, 53MB/69MB, paused 549us total 27.828ms
08-04 14:03:10.613 32570 32580 I art     : WaitForGcToComplete blocked for 5.884ms for cause HeapTrim
08-04 14:03:10.622 32570 32582 I art     : Starting a blocking GC Explicit
08-04 14:03:10.645 32570 32582 I art     : Explicit concurrent mark sweep GC freed 20(704B) AllocSpace objects, 0(0B) LOS objects, 23% free, 53MB/69MB, paused 472us total 22.976ms
08-04 14:03:10.654 32570 32582 I art     : Starting a blocking GC Explicit
08-04 14:03:10.676 32570 32582 I art     : Explicit concurrent mark sweep GC freed 3(96B) AllocSpace objects, 0(0B) LOS objects, 23% free, 53MB/69MB, paused 461us total 22.161ms
08-04 14:03:10.685 32570 32582 I art     : Starting a blocking GC Explicit
08-04 14:03:10.707 32570 32582 I art     : Explicit concurrent mark sweep GC freed 3(96B) AllocSpace objects, 0(0B) LOS objects, 23% free, 53MB/69MB, paused 493us total 22.385ms
08-04 14:03:10.716 32570 32582 I art     : Starting a blocking GC Explicit
08-04 14:03:10.738 32570 32582 I art     : Explicit concurrent mark sweep GC freed 3(96B) AllocSpace objects, 0(0B) LOS objects, 23% free, 53MB/69MB, paused 477us total 21.586ms
08-04 14:03:10.809  3013  3013 D AndroidRuntime: >>>>>> START com.android.internal.os.RuntimeInit uid 2000 <<<<<<
08-04 14:03:10.814  3013  3013 D AndroidRuntime: CheckJNI is OFF
08-04 14:03:10.850  3013  3013 D ICU     : No timezone override file found: /data/misc/zoneinfo/current/icu/icu_tzdata.dat
08-04 14:03:10.886  3013  3013 I Radio-JNI: register_android_hardware_Radio DONE
08-04 14:03:10.908  3013  3013 D AndroidRuntime: Calling main entry com.android.commands.input.Input
08-04 14:03:10.910  3013  3013 I Input   : injectKeyEvent: KeyEvent { action=ACTION_DOWN, keyCode=KEYCODE_BACK, scanCode=0, metaState=0, flags=0x0, repeatCount=0, eventTime=713007323, downTime=713007323, deviceId=-1, source=0x101 }
08-04 14:03:10.916  3013  3013 I Input   : injectKeyEvent: KeyEvent { action=ACTION_UP, keyCode=KEYCODE_BACK, scanCode=0, metaState=0, flags=0x0, repeatCount=0, eventTime=713007323, downTime=713007323, deviceId=-1, source=0x101 }
08-04 14:03:10.922  3013  3013 D AndroidRuntime: Shutting down VM
08-04 14:03:10.962 13866 13866 I GoogleInputMethodServic: GoogleInputMethodService.onFinishInput():3138 
08-04 14:03:10.963 13866 13866 I GoogleInputMethodServic: GoogleInputMethodService.onStartInput():1808 
08-04 14:03:11.018 32570 32582 I art     : Starting a blocking GC Explicit
08-04 14:03:11.039 32570 32582 I art     : Explicit concurrent mark sweep GC freed 1482(84KB) AllocSpace objects, 1(20KB) LOS objects, 23% free, 53MB/69MB, paused 438us total 20.833ms
08-04 14:03:11.048 32570 32582 I art     : Starting a blocking GC Explicit
08-04 14:03:11.071 32570 32582 I art     : Explicit concurrent mark sweep GC freed 26(944B) AllocSpace objects, 0(0B) LOS objects, 23% free, 53MB/69MB, paused 467us total 22.997ms
08-04 14:03:11.082 32570 32582 I art     : Starting a blocking GC Explicit
08-04 14:03:11.109 32570 32582 I art     : Explicit concurrent mark sweep GC freed 3(96B) AllocSpace objects, 0(0B) LOS objects, 23% free, 53MB/69MB, paused 515us total 26.693ms
08-04 14:03:11.119 32570 32582 I art     : Starting a blocking GC Explicit
08-04 14:03:11.148 32570 32582 I art     : Explicit concurrent mark sweep GC freed 3(96B) AllocSpace objects, 0(0B) LOS objects, 23% free, 53MB/69MB, paused 479us total 29.227ms
08-04 14:03:11.159 32570 32582 I art     : Starting a blocking GC Explicit
08-04 14:03:11.185 32570 32582 I art     : Explicit concurrent mark sweep GC freed 3(96B) AllocSpace objects, 0(0B) LOS objects, 23% free, 53MB/69MB, paused 547us total 26.063ms
08-04 14:03:11.253   380   380 W SurfaceFlinger: couldn't log to binary event log: overflow.
08-04 14:03:11.438 32570   829 I art     : Starting a blocking GC Explicit
08-04 14:03:11.462 32570   829 I art     : Explicit concurrent mark sweep GC freed 1463(87KB) AllocSpace objects, 1(20KB) LOS objects, 23% free, 53MB/69MB, paused 478us total 24.553ms
08-04 14:03:11.473 32570   829 I art     : Starting a blocking GC Explicit
08-04 14:03:11.495 32570   829 I art     : Explicit concurrent mark sweep GC freed 4698(269KB) AllocSpace objects, 2(140KB) LOS objects, 23% free, 52MB/68MB, paused 457us total 21.907ms
08-04 14:03:11.504 32570   829 I art     : Starting a blocking GC Explicit
08-04 14:03:11.525 32570   829 I art     : Explicit concurrent mark sweep GC freed 3(96B) AllocSpace objects, 0(0B) LOS objects, 23% free, 52MB/68MB, paused 491us total 20.839ms
08-04 14:03:11.534 32570   829 I art     : Starting a blocking GC Explicit
08-04 14:03:11.555 32570   829 I art     : Explicit concurrent mark sweep GC freed 3(96B) AllocSpace objects, 0(0B) LOS objects, 23% free, 52MB/68MB, paused 457us total 21.515ms
08-04 14:03:11.564 32570   829 I art     : Starting a blocking GC Explicit
08-04 14:03:11.586 32570   829 I art     : Explicit concurrent mark sweep GC freed 3(96B) AllocSpace objects, 0(0B) LOS objects, 23% free, 52MB/68MB, paused 455us total 21.123ms
08-04 14:03:11.884 32570  1570 I art     : Starting a blocking GC Explicit
08-04 14:03:11.915 32570  1570 I art     : Explicit concurrent mark sweep GC freed 1344(78KB) AllocSpace objects, 1(20KB) LOS objects, 23% free, 52MB/68MB, paused 511us total 30.524ms
08-04 14:03:11.929 32570  1570 I art     : Starting a blocking GC Explicit
08-04 14:03:11.950 32570  1570 I art     : Explicit concurrent mark sweep GC freed 20(704B) AllocSpace objects, 0(0B) LOS objects, 23% free, 52MB/68MB, paused 456us total 21.459ms
08-04 14:03:11.959 32570  1570 I art     : Starting a blocking GC Explicit
08-04 14:03:11.981 32570  1570 I art     : Explicit concurrent mark sweep GC freed 3(96B) AllocSpace objects, 0(0B) LOS objects, 23% free, 52MB/68MB, paused 451us total 21.535ms
08-04 14:03:11.990 32570  1570 I art     : Starting a blocking GC Explicit
08-04 14:03:12.011 32570  1570 I art     : Explicit concurrent mark sweep GC freed 3(96B) AllocSpace objects, 0(0B) LOS objects, 23% free, 52MB/68MB, paused 459us total 21.475ms
08-04 14:03:12.020 32570  1570 I art     : Starting a blocking GC Explicit
08-04 14:03:12.042 32570  1570 I art     : Explicit concurrent mark sweep GC freed 3(96B) AllocSpace objects, 0(0B) LOS objects, 23% free, 52MB/68MB, paused 468us total 21.712ms
08-04 14:03:12.309 32570 32581 I art     : Starting a blocking GC Explicit
08-04 14:03:12.331 32570 32581 I art     : Explicit concurrent mark sweep GC freed 1343(78KB) AllocSpace objects, 1(20KB) LOS objects, 23% free, 52MB/68MB, paused 484us total 21.852ms
08-04 14:03:12.340 32570 32581 I art     : Starting a blocking GC Explicit
08-04 14:03:12.361 32570 32581 I art     : Explicit concurrent mark sweep GC freed 20(704B) AllocSpace objects, 0(0B) LOS objects, 23% free, 52MB/68MB, paused 474us total 21.098ms
08-04 14:03:12.370 32570 32581 I art     : Starting a blocking GC Explicit
08-04 14:03:12.391 32570 32581 I art     : Explicit concurrent mark sweep GC freed 3(96B) AllocSpace objects, 0(0B) LOS objects, 23% free, 52MB/68MB, paused 460us total 20.368ms
08-04 14:03:12.399 32570 32581 I art     : Starting a blocking GC Explicit
08-04 14:03:12.420 32570 32581 I art     : Explicit concurrent mark sweep GC freed 3(96B) AllocSpace objects, 0(0B) LOS objects, 23% free, 52MB/68MB, paused 519us total 20.377ms
08-04 14:03:12.428 32570 32581 I art     : Starting a blocking GC Explicit
08-04 14:03:12.449 32570 32581 I art     : Explicit concurrent mark sweep GC freed 3(96B) AllocSpace objects, 0(0B) LOS objects, 23% free, 52MB/68MB, paused 477us total 20.383ms
08-04 14:03:12.583  3067  3067 D AndroidRuntime: >>>>>> START com.android.internal.os.RuntimeInit uid 2000 <<<<<<
08-04 14:03:12.588  3067  3067 D AndroidRuntime: CheckJNI is OFF
08-04 14:03:12.620  3067  3067 D ICU     : No timezone override file found: /data/misc/zoneinfo/current/icu/icu_tzdata.dat
08-04 14:03:12.652  3067  3067 I Radio-JNI: register_android_hardware_Radio DONE
08-04 14:03:12.673  3067  3067 D AndroidRuntime: Calling main entry com.android.commands.input.Input
08-04 14:03:12.674  3067  3067 I Input   : injectKeyEvent: KeyEvent { action=ACTION_DOWN, keyCode=KEYCODE_BACK, scanCode=0, metaState=0, flags=0x0, repeatCount=0, eventTime=713009088, downTime=713009088, deviceId=-1, source=0x101 }
08-04 14:03:12.681  3067  3067 I Input   : injectKeyEvent: KeyEvent { action=ACTION_UP, keyCode=KEYCODE_BACK, scanCode=0, metaState=0, flags=0x0, repeatCount=0, eventTime=713009088, downTime=713009088, deviceId=-1, source=0x101 }
08-04 14:03:12.687  3067  3067 D AndroidRuntime: Shutting down VM
08-04 14:03:12.743 32570 32582 I art     : Starting a blocking GC Explicit
08-04 14:03:12.766 32570 32582 I art     : Explicit concurrent mark sweep GC freed 1507(85KB) AllocSpace objects, 1(20KB) LOS objects, 23% free, 52MB/68MB, paused 862us total 22.694ms
08-04 14:03:12.775 32570 32582 I art     : Starting a blocking GC Explicit
08-04 14:03:12.781 13866 13866 I GoogleInputMethodServic: GoogleInputMethodService.onFinishInput():3138 
08-04 14:03:12.783 13866 13866 I GoogleInputMethodServic: GoogleInputMethodService.onStartInput():1808 
08-04 14:03:12.795 32570 32582 I art     : Explicit concurrent mark sweep GC freed 73(2592B) AllocSpace objects, 0(0B) LOS objects, 23% free, 52MB/68MB, paused 468us total 19.987ms
08-04 14:03:12.803 32570 32582 I art     : Starting a blocking GC Explicit
08-04 14:03:12.822 32570 32582 I art     : Explicit concurrent mark sweep GC freed 10(336B) AllocSpace objects, 0(0B) LOS objects, 23% free, 52MB/68MB, paused 476us total 18.882ms
08-04 14:03:12.830 32570 32582 I art     : Starting a blocking GC Explicit
08-04 14:03:12.849 32570 32582 I art     : Explicit concurrent mark sweep GC freed 3(96B) AllocSpace objects, 0(0B) LOS objects, 23% free, 52MB/68MB, paused 428us total 18.340ms
08-04 14:03:12.858 32570 32582 I art     : Starting a blocking GC Explicit
08-04 14:03:12.876 32570 32582 I art     : Explicit concurrent mark sweep GC freed 3(96B) AllocSpace objects, 0(0B) LOS objects, 23% free, 52MB/68MB, paused 424us total 18.164ms
08-04 14:03:13.071   380   380 W SurfaceFlinger: couldn't log to binary event log: overflow.
08-04 14:03:13.126 32570   829 I art     : Starting a blocking GC Explicit
08-04 14:03:13.148 32570   829 I art     : Explicit concurrent mark sweep GC freed 1503(89KB) AllocSpace objects, 1(20KB) LOS objects, 23% free, 52MB/68MB, paused 573us total 21.908ms
08-04 14:03:13.156 32570   829 I art     : Starting a blocking GC Explicit
08-04 14:03:13.177 32570   829 I art     : Explicit concurrent mark sweep GC freed 2096(122KB) AllocSpace objects, 3(340KB) LOS objects, 23% free, 52MB/68MB, paused 513us total 20.842ms
08-04 14:03:13.186 32570   829 I art     : Starting a blocking GC Explicit
08-04 14:03:13.206 32570   829 I art     : Explicit concurrent mark sweep GC freed 3(96B) AllocSpace objects, 0(0B) LOS objects, 23% free, 52MB/68MB, paused 469us total 20.066ms
08-04 14:03:13.214 32570   829 I art     : Starting a blocking GC Explicit
08-04 14:03:13.235 32570   829 I art     : Explicit concurrent mark sweep GC freed 3(96B) AllocSpace objects, 0(0B) LOS objects, 23% free, 52MB/68MB, paused 467us total 20.151ms
08-04 14:03:13.243 32570   829 I art     : Starting a blocking GC Explicit
08-04 14:03:13.264 32570   829 I art     : Explicit concurrent mark sweep GC freed 3(96B) AllocSpace objects, 0(0B) LOS objects, 23% free, 52MB/68MB, paused 469us total 20.645ms
08-04 14:03:13.547 32570  1570 I art     : Starting a blocking GC Explicit
08-04 14:03:13.572 32570  1570 I art     : Explicit concurrent mark sweep GC freed 1343(78KB) AllocSpace objects, 1(20KB) LOS objects, 23% free, 52MB/68MB, paused 511us total 24.724ms
08-04 14:03:13.584 32570  1570 I art     : Starting a blocking GC Explicit
08-04 14:03:13.606 32570  1570 I art     : Explicit concurrent mark sweep GC freed 20(704B) AllocSpace objects, 0(0B) LOS objects, 23% free, 52MB/68MB, paused 466us total 21.433ms
08-04 14:03:13.615 32570  1570 I art     : Starting a blocking GC Explicit
08-04 14:03:13.637 32570  1570 I art     : Explicit concurrent mark sweep GC freed 3(96B) AllocSpace objects, 0(0B) LOS objects, 23% free, 52MB/68MB, paused 483us total 21.318ms
08-04 14:03:13.645 32570  1570 I art     : Starting a blocking GC Explicit
08-04 14:03:13.667 32570  1570 I art     : Explicit concurrent mark sweep GC freed 3(96B) AllocSpace objects, 0(0B) LOS objects, 23% free, 52MB/68MB, paused 566us total 21.558ms
08-04 14:03:13.676 32570  1570 I art     : Starting a blocking GC Explicit
08-04 14:03:13.697 32570  1570 I art     : Explicit concurrent mark sweep GC freed 3(96B) AllocSpace objects, 0(0B) LOS objects, 23% free, 52MB/68MB, paused 430us total 19.926ms
08-04 14:03:13.988 32570 32611 I art     : Starting a blocking GC Explicit
08-04 14:03:14.010 32570 32611 I art     : Explicit concurrent mark sweep GC freed 1341(78KB) AllocSpace objects, 1(20KB) LOS objects, 23% free, 52MB/68MB, paused 484us total 21.297ms
08-04 14:03:14.019 32570 32611 I art     : Starting a blocking GC Explicit
08-04 14:03:14.039 32570 32611 I art     : Explicit concurrent mark sweep GC freed 20(704B) AllocSpace objects, 0(0B) LOS objects, 23% free, 52MB/68MB, paused 513us total 20.257ms
08-04 14:03:14.048 32570 32611 I art     : Starting a blocking GC Explicit
08-04 14:03:14.068 32570 32611 I art     : Explicit concurrent mark sweep GC freed 3(96B) AllocSpace objects, 0(0B) LOS objects, 23% free, 52MB/68MB, paused 463us total 20.501ms
08-04 14:03:14.077 32570 32611 I art     : Starting a blocking GC Explicit
08-04 14:03:14.097 32570 32611 I art     : Explicit concurrent mark sweep GC freed 3(96B) AllocSpace objects, 0(0B) LOS objects, 23% free, 52MB/68MB, paused 506us total 19.910ms
08-04 14:03:14.105 32570 32611 I art     : Starting a blocking GC Explicit
08-04 14:03:14.125 32570 32611 I art     : Explicit concurrent mark sweep GC freed 3(96B) AllocSpace objects, 0(0B) LOS objects, 23% free, 52MB/68MB, paused 469us total 19.640ms
08-04 14:03:14.349  3128  3128 D AndroidRuntime: >>>>>> START com.android.internal.os.RuntimeInit uid 2000 <<<<<<
08-04 14:03:14.354  3128  3128 D AndroidRuntime: CheckJNI is OFF
08-04 14:03:14.389  3128  3128 D ICU     : No timezone override file found: /data/misc/zoneinfo/current/icu/icu_tzdata.dat
08-04 14:03:14.397 32570 32581 I art     : Starting a blocking GC Explicit
08-04 14:03:14.417 32570 32581 I art     : Explicit concurrent mark sweep GC freed 1341(78KB) AllocSpace objects, 1(20KB) LOS objects, 23% free, 52MB/68MB, paused 536us total 20.512ms
08-04 14:03:14.423  3128  3128 I Radio-JNI: register_android_hardware_Radio DONE
08-04 14:03:14.426 32570 32581 I art     : Starting a blocking GC Explicit
08-04 14:03:14.447  3128  3128 D AndroidRuntime: Calling main entry com.android.commands.input.Input
08-04 14:03:14.447 32570 32581 I art     : Explicit concurrent mark sweep GC freed 20(704B) AllocSpace objects, 0(0B) LOS objects, 23% free, 52MB/68MB, paused 519us total 21ms
08-04 14:03:14.450  3128  3128 I Input   : injectMotionEvent: MotionEvent { action=ACTION_DOWN, actionButton=0, id[0]=0, x[0]=1053.0, y[0]=1173.0, toolType[0]=TOOL_TYPE_UNKNOWN, buttonState=0, metaState=0, flags=0x0, edgeFlags=0x0, pointerCount=1, historySize=0, eventTime=713010862, downTime=713010862, deviceId=0, source=0x1002 }
08-04 14:03:14.455  3128  3128 I Input   : injectMotionEvent: MotionEvent { action=ACTION_UP, actionButton=0, id[0]=0, x[0]=1053.0, y[0]=1173.0, toolType[0]=TOOL_TYPE_UNKNOWN, buttonState=0, metaState=0, flags=0x0, edgeFlags=0x0, pointerCount=1, historySize=0, eventTime=713010862, downTime=713010862, deviceId=0, source=0x1002 }
08-04 14:03:14.456 32570 32581 I art     : Starting a blocking GC Explicit
08-04 14:03:14.457   918  3696 I ActivityManager: START u0 {cmp=baseline.appteam.nith.hillffair/.activities.QuizActivity} from uid 10651 on display 0
08-04 14:03:14.464  3128  3128 D AndroidRuntime: Shutting down VM
08-04 14:03:14.477 32570 32581 I art     : Explicit concurrent mark sweep GC freed 155(14KB) AllocSpace objects, 0(0B) LOS objects, 23% free, 52MB/68MB, paused 873us total 20.814ms
08-04 14:03:14.486 32570 32581 I art     : Starting a blocking GC Explicit
08-04 14:03:14.505 32570 32581 I art     : Explicit concurrent mark sweep GC freed 524(36KB) AllocSpace objects, 0(0B) LOS objects, 23% free, 52MB/68MB, paused 469us total 19.243ms
08-04 14:03:14.513 32570 32581 I art     : Starting a blocking GC Explicit
08-04 14:03:14.532 32570 32581 I art     : Explicit concurrent mark sweep GC freed 152(6KB) AllocSpace objects, 0(0B) LOS objects, 23% free, 52MB/68MB, paused 425us total 18.798ms
08-04 14:03:14.564   918   936 I ActivityManager: Displayed baseline.appteam.nith.hillffair/.activities.QuizActivity: +99ms
08-04 14:03:14.565 13866 13866 I GoogleInputMethodServic: GoogleInputMethodService.onFinishInput():3138 
08-04 14:03:14.565 13866 13866 I GoogleInputMethodServic: GoogleInputMethodService.onStartInput():1808 
08-04 14:03:14.798 32570 32581 I art     : Starting a blocking GC Explicit
08-04 14:03:14.823 32570 32581 I art     : Explicit concurrent mark sweep GC freed 1523(85KB) AllocSpace objects, 1(20KB) LOS objects, 23% free, 52MB/68MB, paused 488us total 25.436ms
08-04 14:03:14.823   380   380 W SurfaceFlinger: couldn't log to binary event log: overflow.
08-04 14:03:14.835 32570 32581 I art     : Starting a blocking GC Explicit
08-04 14:03:14.853 32570 32581 I art     : Explicit concurrent mark sweep GC freed 26(912B) AllocSpace objects, 0(0B) LOS objects, 23% free, 52MB/68MB, paused 430us total 18.181ms
08-04 14:03:14.861 32570 32581 I art     : Starting a blocking GC Explicit
08-04 14:03:14.879 32570 32581 I art     : Explicit concurrent mark sweep GC freed 3(96B) AllocSpace objects, 0(0B) LOS objects, 23% free, 52MB/68MB, paused 402us total 18.395ms
08-04 14:03:14.887 32570 32581 I art     : Starting a blocking GC Explicit
08-04 14:03:14.906 32570 32581 I art     : Explicit concurrent mark sweep GC freed 3(96B) AllocSpace objects, 0(0B) LOS objects, 23% free, 52MB/68MB, paused 406us total 18.315ms
08-04 14:03:14.914 32570 32581 I art     : Starting a blocking GC Explicit
08-04 14:03:14.933 32570 32581 I art     : Explicit concurrent mark sweep GC freed 3(96B) AllocSpace objects, 0(0B) LOS objects, 23% free, 52MB/68MB, paused 412us total 19.366ms
08-04 14:03:15.217 32570  1570 I art     : Starting a blocking GC Explicit
08-04 14:03:15.243 32570  1570 I art     : Explicit concurrent mark sweep GC freed 1413(82KB) AllocSpace objects, 1(20KB) LOS objects, 23% free, 52MB/68MB, paused 454us total 25.755ms
08-04 14:03:15.252 32570  1570 I art     : Starting a blocking GC Explicit
08-04 14:03:15.274 32570  1570 I art     : Explicit concurrent mark sweep GC freed 20(704B) AllocSpace objects, 0(0B) LOS objects, 23% free, 52MB/68MB, paused 443us total 21.771ms
08-04 14:03:15.283 32570  1570 I art     : Starting a blocking GC Explicit
08-04 14:03:15.306 32570  1570 I art     : Explicit concurrent mark sweep GC freed 3(96B) AllocSpace objects, 0(0B) LOS objects, 23% free, 52MB/68MB, paused 456us total 22.304ms
08-04 14:03:15.315 32570  1570 I art     : Starting a blocking GC Explicit
08-04 14:03:15.336 32570  1570 I art     : Explicit concurrent mark sweep GC freed 3(96B) AllocSpace objects, 0(0B) LOS objects, 23% free, 52MB/68MB, paused 444us total 20.936ms
08-04 14:03:15.345 32570  1570 I art     : Starting a blocking GC Explicit
08-04 14:03:15.367 32570  1570 I art     : Explicit concurrent mark sweep GC freed 3(96B) AllocSpace objects, 0(0B) LOS objects, 23% free, 52MB/68MB, paused 454us total 21.549ms
08-04 14:03:15.649 32570 32611 I art     : Starting a blocking GC Explicit
08-04 14:03:15.674 32570 32611 I art     : Explicit concurrent mark sweep GC freed 1343(78KB) AllocSpace objects, 1(20KB) LOS objects, 23% free, 52MB/68MB, paused 500us total 24.226ms
08-04 14:03:15.686 32570 32611 I art     : Starting a blocking GC Explicit
08-04 14:03:15.711 32570 32611 I art     : Explicit concurrent mark sweep GC freed 20(704B) AllocSpace objects, 0(0B) LOS objects, 23% free, 52MB/68MB, paused 459us total 24.659ms
08-04 14:03:15.720 32570 32611 I art     : Starting a blocking GC Explicit
08-04 14:03:15.742 32570 32611 I art     : Explicit concurrent mark sweep GC freed 3(96B) AllocSpace objects, 0(0B) LOS objects, 23% free, 52MB/68MB, paused 449us total 21.407ms
08-04 14:03:15.750 32570 32611 I art     : Starting a blocking GC Explicit
08-04 14:03:15.772 32570 32611 I art     : Explicit concurrent mark sweep GC freed 3(96B) AllocSpace objects, 0(0B) LOS objects, 23% free, 52MB/68MB, paused 444us total 21.494ms
08-04 14:03:15.781 32570 32611 I art     : Starting a blocking GC Explicit
08-04 14:03:15.803 32570 32611 I art     : Explicit concurrent mark sweep GC freed 3(96B) AllocSpace objects, 0(0B) LOS objects, 23% free, 52MB/68MB, paused 445us total 21.403ms
08-04 14:03:16.094 32570 32582 I art     : Starting a blocking GC Explicit
08-04 14:03:16.127 32570 32582 I art     : Explicit concurrent mark sweep GC freed 1344(78KB) AllocSpace objects, 1(20KB) LOS objects, 23% free, 52MB/68MB, paused 526us total 32.122ms
08-04 14:03:16.142 32570 32582 I art     : Starting a blocking GC Explicit
08-04 14:03:16.165 32570 32582 I art     : Explicit concurrent mark sweep GC freed 27(928B) AllocSpace objects, 0(0B) LOS objects, 23% free, 52MB/68MB, paused 417us total 22.360ms
08-04 14:03:16.174 32570 32582 I art     : Starting a blocking GC Explicit
08-04 14:03:16.194 32570 32582 I art     : Explicit concurrent mark sweep GC freed 6(192B) AllocSpace objects, 0(0B) LOS objects, 23% free, 52MB/68MB, paused 405us total 20.132ms
08-04 14:03:16.203 32570 32582 I art     : Starting a blocking GC Explicit
08-04 14:03:16.223 32570 32582 I art     : Explicit concurrent mark sweep GC freed 6(192B) AllocSpace objects, 0(0B) LOS objects, 23% free, 52MB/68MB, paused 450us total 20.233ms
08-04 14:03:16.232 32570 32582 I art     : Starting a blocking GC Explicit
08-04 14:03:16.251 32570 32582 I art     : Explicit concurrent mark sweep GC freed 6(192B) AllocSpace objects, 0(0B) LOS objects, 23% free, 52MB/68MB, paused 423us total 19.409ms
08-04 14:03:16.571 32570   829 I art     : Starting a blocking GC Explicit
08-04 14:03:16.599 32570   829 I art     : Explicit concurrent mark sweep GC freed 1356(78KB) AllocSpace objects, 1(20KB) LOS objects, 23% free, 52MB/68MB, paused 484us total 27.262ms
08-04 14:03:16.611 32570   829 I art     : Starting a blocking GC Explicit
08-04 14:03:16.633 32570   829 I art     : Explicit concurrent mark sweep GC freed 20(704B) AllocSpace objects, 0(0B) LOS objects, 23% free, 52MB/68MB, paused 455us total 21.547ms
08-04 14:03:16.641 32570   829 I art     : Starting a blocking GC Explicit
08-04 14:03:16.663 32570   829 I art     : Explicit concurrent mark sweep GC freed 3(96B) AllocSpace objects, 0(0B) LOS objects, 23% free, 52MB/68MB, paused 444us total 21.414ms
08-04 14:03:16.672 32570   829 I art     : Starting a blocking GC Explicit
08-04 14:03:16.694 32570   829 I art     : Explicit concurrent mark sweep GC freed 3(96B) AllocSpace objects, 0(0B) LOS objects, 23% free, 52MB/68MB, paused 438us total 21.521ms
08-04 14:03:16.702 32570   829 I art     : Starting a blocking GC Explicit
08-04 14:03:16.723 32570   829 I art     : Explicit concurrent mark sweep GC freed 3(96B) AllocSpace objects, 0(0B) LOS objects, 23% free, 52MB/68MB, paused 417us total 20.167ms
08-04 14:03:17.016 32570 32582 I art     : Starting a blocking GC Explicit
08-04 14:03:17.038 32570 32582 I art     : Explicit concurrent mark sweep GC freed 1343(78KB) AllocSpace objects, 1(20KB) LOS objects, 23% free, 52MB/68MB, paused 492us total 21.867ms
08-04 14:03:17.047 32570 32582 I art     : Starting a blocking GC Explicit
08-04 14:03:17.068 32570 32582 I art     : Explicit concurrent mark sweep GC freed 20(704B) AllocSpace objects, 0(0B) LOS objects, 23% free, 52MB/68MB, paused 468us total 21.253ms
08-04 14:03:17.077 32570 32582 I art     : Starting a blocking GC Explicit
08-04 14:03:17.098 32570 32582 I art     : Explicit concurrent mark sweep GC freed 3(96B) AllocSpace objects, 0(0B) LOS objects, 23% free, 52MB/68MB, paused 470us total 20.652ms
08-04 14:03:17.106 32570 32582 I art     : Starting a blocking GC Explicit
08-04 14:03:17.127 32570 32582 I art     : Explicit concurrent mark sweep GC freed 3(96B) AllocSpace objects, 0(0B) LOS objects, 23% free, 52MB/68MB, paused 552us total 20.332ms
08-04 14:03:17.136 32570 32582 I art     : Starting a blocking GC Explicit
08-04 14:03:17.136  3206  3206 D AndroidRuntime: >>>>>> START com.android.internal.os.RuntimeInit uid 2000 <<<<<<
08-04 14:03:17.141  3206  3206 D AndroidRuntime: CheckJNI is OFF
08-04 14:03:17.157 32570 32582 I art     : Explicit concurrent mark sweep GC freed 3(96B) AllocSpace objects, 0(0B) LOS objects, 23% free, 52MB/68MB, paused 528us total 20.931ms
08-04 14:03:17.178  3206  3206 D ICU     : No timezone override file found: /data/misc/zoneinfo/current/icu/icu_tzdata.dat
08-04 14:03:17.212  3206  3206 I Radio-JNI: register_android_hardware_Radio DONE
08-04 14:03:17.234  3206  3206 D AndroidRuntime: Calling main entry com.android.commands.input.Input
08-04 14:03:17.236  3206  3206 I Input   : injectMotionEvent: MotionEvent { action=ACTION_DOWN, actionButton=0, id[0]=0, x[0]=756.0, y[0]=1530.0, toolType[0]=TOOL_TYPE_UNKNOWN, buttonState=0, metaState=0, flags=0x0, edgeFlags=0x0, pointerCount=1, historySize=0, eventTime=713013648, downTime=713013648, deviceId=0, source=0x1002 }
08-04 14:03:17.244  3206  3206 I Input   : injectMotionEvent: MotionEvent { action=ACTION_UP, actionButton=0, id[0]=0, x[0]=756.0, y[0]=1530.0, toolType[0]=TOOL_TYPE_UNKNOWN, buttonState=0, metaState=0, flags=0x0, edgeFlags=0x0, pointerCount=1, historySize=0, eventTime=713013648, downTime=713013648, deviceId=0, source=0x1002 }
08-04 14:03:17.246  3206  3206 D AndroidRuntime: Shutting down VM
08-04 14:03:17.267   512  2967 D audio_hw_primary: out_set_parameters: enter: usecase(1: low-latency-playback) kvpairs: routing=2
08-04 14:03:17.267   918  6111 I ActivityManager: START u0 {cmp=baseline.appteam.nith.hillffair/.activities.LeaderBoardActivity} from uid 10651 on display 0
08-04 14:03:17.280   512  2967 D audio_hw_primary: select_devices: out_snd_device(2: speaker) in_snd_device(0: none)
08-04 14:03:17.280   512  2967 D msm8974_platform: platform_send_audio_calibration: sending audio calibration for snd_device(2) acdb_id(15)
08-04 14:03:17.281   512  2967 I soundtrigger: audio_extn_sound_trigger_update_device_status: device 0x2 of type 0 for Event 1
08-04 14:03:17.290   512  2967 D audio_hw_primary: enable_snd_device: snd_device(2: speaker)
08-04 14:03:17.292   512  2967 D audio_hw_primary: enable_audio_route: apply and update mixer path: low-latency-playback speaker
08-04 14:03:17.349 32570 32570 E RecyclerView: No adapter attached; skipping layout
08-04 14:03:17.354 32570 32570 E RecyclerView: No adapter attached; skipping layout
08-04 14:03:17.367   918   936 I ActivityManager: Displayed baseline.appteam.nith.hillffair/.activities.LeaderBoardActivity: +93ms
08-04 14:03:17.368 13866 13866 I GoogleInputMethodServic: GoogleInputMethodService.onFinishInput():3138 
08-04 14:03:17.368 13866 13866 I GoogleInputMethodServic: GoogleInputMethodService.onStartInput():1808 
08-04 14:03:17.368 32570 32570 E RecyclerView: No adapter attached; skipping layout
08-04 14:03:17.395 32570 32594 D OpenGLRenderer: endAllStagingAnimators on 0x7f7fd45800 (RippleDrawable) with handle 0x7f7ce69d80
08-04 14:03:17.404 32570  1570 I art     : Starting a blocking GC Explicit
08-04 14:03:17.425 32570  1570 I art     : Explicit concurrent mark sweep GC freed 6666(403KB) AllocSpace objects, 1(20KB) LOS objects, 23% free, 52MB/68MB, paused 469us total 21.251ms
08-04 14:03:17.435 32570  1570 I art     : Starting a blocking GC Explicit
08-04 14:03:17.455 32570  1570 I art     : Explicit concurrent mark sweep GC freed 276(11KB) AllocSpace objects, 0(0B) LOS objects, 23% free, 52MB/68MB, paused 514us total 20.233ms
08-04 14:03:17.463 32570  1570 I art     : Starting a blocking GC Explicit
08-04 14:03:17.483 32570  1570 I art     : Explicit concurrent mark sweep GC freed 5(160B) AllocSpace objects, 0(0B) LOS objects, 23% free, 52MB/68MB, paused 452us total 19.856ms
08-04 14:03:17.492 32570  1570 I art     : Starting a blocking GC Explicit
08-04 14:03:17.511 32570  1570 I art     : Explicit concurrent mark sweep GC freed 5(160B) AllocSpace objects, 0(0B) LOS objects, 23% free, 52MB/68MB, paused 453us total 19.376ms
08-04 14:03:17.520 32570  1570 I art     : Starting a blocking GC Explicit
08-04 14:03:17.544 32570  1570 I art     : Explicit concurrent mark sweep GC freed 5(160B) AllocSpace objects, 0(0B) LOS objects, 23% free, 52MB/68MB, paused 667us total 23.183ms
08-04 14:03:17.627   380   380 W SurfaceFlinger: couldn't log to binary event log: overflow.
08-04 14:03:17.817 32570 32582 I art     : Starting a blocking GC Explicit
08-04 14:03:17.829   512  2967 D audio_hw_primary: disable_audio_route: reset and update mixer path: low-latency-playback speaker
08-04 14:03:17.830   512  2967 D audio_hw_primary: disable_snd_device: snd_device(2: speaker)
08-04 14:03:17.838   512  2967 I soundtrigger: audio_extn_sound_trigger_update_device_status: device 0x2 of type 0 for Event 0
08-04 14:03:17.840 32570 32582 I art     : Explicit concurrent mark sweep GC freed 1516(87KB) AllocSpace objects, 1(20KB) LOS objects, 23% free, 52MB/68MB, paused 467us total 22.671ms
08-04 14:03:17.849 32570 32582 I art     : Starting a blocking GC Explicit
08-04 14:03:17.869 32570 32582 I art     : Explicit concurrent mark sweep GC freed 46(1600B) AllocSpace objects, 0(0B) LOS objects, 23% free, 52MB/68MB, paused 479us total 20.113ms
08-04 14:03:17.877 32570 32582 I art     : Starting a blocking GC Explicit
08-04 14:03:17.898 32570 32582 I art     : Explicit concurrent mark sweep GC freed 13(480B) AllocSpace objects, 0(0B) LOS objects, 23% free, 52MB/68MB, paused 717us total 20.391ms
08-04 14:03:17.906 32570 32582 I art     : Starting a blocking GC Explicit
08-04 14:03:17.928 32570 32582 I art     : Explicit concurrent mark sweep GC freed 10(352B) AllocSpace objects, 0(0B) LOS objects, 23% free, 52MB/68MB, paused 582us total 21.131ms
08-04 14:03:17.936 32570 32582 I art     : Starting a blocking GC Explicit
08-04 14:03:17.957 32570 32582 I art     : Explicit concurrent mark sweep GC freed 11(416B) AllocSpace objects, 0(0B) LOS objects, 23% free, 52MB/68MB, paused 533us total 21.258ms
08-04 14:03:18.109 32570  3237 D OkHttp  : --> GET https://api-hillfair-2k16.herokuapp.com/api/app/quiz/leaderboard?from=1 http/1.1
08-04 14:03:18.136 32570  3237 D OkHttp  : <-- 200 OK https://api-hillfair-2k16.herokuapp.com/api/app/quiz/leaderboard?from=1 (27ms, 56744-byte body)
08-04 14:03:18.227 32570  1570 I art     : Starting a blocking GC Explicit
08-04 14:03:18.229 32570 32570 I NAPPA_EXPERIMENTATION: MetricNetworkRequestExecutionTime: REQUEST_DURATION_SYSTEM='918',REQUEST_DURATION_OKHTTP='27',REQUEST_SYNCHRONOUS='FALSE',RESPONSE_CODE='200',RESPONSE_METHOD='GET',RESPONSE_LENGTH_OKHTTP='56744',RESPONSE_LENGTH_HEADER='56744',REQUEST_PROTOCOL='http/1.1',REQUEST_URL='https://api-hillfair-2k16.herokuapp.com/api/app/quiz/leaderboard?from=1',
08-04 14:03:18.258 32570  1570 I art     : Explicit concurrent mark sweep GC freed 29441(1413KB) AllocSpace objects, 4(220KB) LOS objects, 23% free, 53MB/69MB, paused 710us total 30.653ms
08-04 14:03:18.268 32570  1570 I art     : Starting a blocking GC Explicit
08-04 14:03:18.291 32570  1570 I art     : Explicit concurrent mark sweep GC freed 1811(150KB) AllocSpace objects, 0(0B) LOS objects, 23% free, 53MB/69MB, paused 782us total 23.105ms
08-04 14:03:18.300 32570  1570 I art     : Starting a blocking GC Explicit
08-04 14:03:18.322 32570  1570 I art     : Explicit concurrent mark sweep GC freed 162(4KB) AllocSpace objects, 0(0B) LOS objects, 23% free, 53MB/69MB, paused 468us total 21.952ms
08-04 14:03:18.330 32570  1570 I art     : Starting a blocking GC Explicit
08-04 14:03:18.351 32570  1570 I art     : Explicit concurrent mark sweep GC freed 5(192B) AllocSpace objects, 0(0B) LOS objects, 23% free, 53MB/69MB, paused 419us total 20.302ms
08-04 14:03:18.359 32570  1570 I art     : Starting a blocking GC Explicit
08-04 14:03:18.382 32570  1570 I art     : Explicit concurrent mark sweep GC freed 3(96B) AllocSpace objects, 0(0B) LOS objects, 23% free, 53MB/69MB, paused 462us total 23.073ms
08-04 14:03:18.672 32570 32611 I art     : Starting a blocking GC Explicit
08-04 14:03:18.702 32570 32611 I art     : Explicit concurrent mark sweep GC freed 1344(78KB) AllocSpace objects, 1(20KB) LOS objects, 23% free, 53MB/69MB, paused 531us total 29.741ms
08-04 14:03:18.715 32570 32611 I art     : Starting a blocking GC Explicit
08-04 14:03:18.741 32570 32611 I art     : Explicit concurrent mark sweep GC freed 20(704B) AllocSpace objects, 0(0B) LOS objects, 23% free, 53MB/69MB, paused 473us total 25.735ms
08-04 14:03:18.750 32570 32611 I art     : Starting a blocking GC Explicit
08-04 14:03:18.774 32570 32611 I art     : Explicit concurrent mark sweep GC freed 3(96B) AllocSpace objects, 0(0B) LOS objects, 23% free, 53MB/69MB, paused 484us total 24.103ms
08-04 14:03:18.784 32570 32611 I art     : Starting a blocking GC Explicit
08-04 14:03:18.808 32570 32611 I art     : Explicit concurrent mark sweep GC freed 3(96B) AllocSpace objects, 0(0B) LOS objects, 23% free, 53MB/69MB, paused 491us total 24.240ms
08-04 14:03:18.818 32570 32611 I art     : Starting a blocking GC Explicit
08-04 14:03:18.842 32570 32611 I art     : Explicit concurrent mark sweep GC freed 3(96B) AllocSpace objects, 0(0B) LOS objects, 23% free, 53MB/69MB, paused 470us total 23.693ms
08-04 14:03:19.163 32570 32582 I art     : Starting a blocking GC Explicit
08-04 14:03:19.197 32570 32582 I art     : Explicit concurrent mark sweep GC freed 1344(78KB) AllocSpace objects, 1(20KB) LOS objects, 23% free, 53MB/69MB, paused 491us total 33.581ms
08-04 14:03:19.210 32570 32582 I art     : Starting a blocking GC Explicit
08-04 14:03:19.235 32570 32582 I art     : Explicit concurrent mark sweep GC freed 20(704B) AllocSpace objects, 0(0B) LOS objects, 23% free, 53MB/69MB, paused 478us total 23.946ms
08-04 14:03:19.244 32570 32582 I art     : Starting a blocking GC Explicit
08-04 14:03:19.268 32570 32582 I art     : Explicit concurrent mark sweep GC freed 3(96B) AllocSpace objects, 0(0B) LOS objects, 23% free, 53MB/69MB, paused 493us total 24.107ms
08-04 14:03:19.277 32570 32582 I art     : Starting a blocking GC Explicit
08-04 14:03:19.302 32570 32582 I art     : Explicit concurrent mark sweep GC freed 3(96B) AllocSpace objects, 0(0B) LOS objects, 23% free, 53MB/69MB, paused 479us total 24.030ms
08-04 14:03:19.311 32570 32582 I art     : Starting a blocking GC Explicit
08-04 14:03:19.335 32570 32582 I art     : Explicit concurrent mark sweep GC freed 3(96B) AllocSpace objects, 0(0B) LOS objects, 23% free, 53MB/69MB, paused 485us total 23.801ms
08-04 14:03:19.654 32570   829 I art     : Starting a blocking GC Explicit
08-04 14:03:19.686 32570   829 I art     : Explicit concurrent mark sweep GC freed 1344(78KB) AllocSpace objects, 1(20KB) LOS objects, 23% free, 53MB/69MB, paused 488us total 30.742ms
08-04 14:03:19.698 32570   829 I art     : Starting a blocking GC Explicit
08-04 14:03:19.721 32570   829 I art     : Explicit concurrent mark sweep GC freed 20(704B) AllocSpace objects, 0(0B) LOS objects, 23% free, 53MB/69MB, paused 465us total 23.641ms
08-04 14:03:19.731 32570   829 I art     : Starting a blocking GC Explicit
08-04 14:03:19.755 32570   829 I art     : Explicit concurrent mark sweep GC freed 3(96B) AllocSpace objects, 0(0B) LOS objects, 23% free, 53MB/69MB, paused 554us total 24.218ms
08-04 14:03:19.765 32570   829 I art     : Starting a blocking GC Explicit
08-04 14:03:19.789 32570   829 I art     : Explicit concurrent mark sweep GC freed 3(96B) AllocSpace objects, 0(0B) LOS objects, 23% free, 53MB/69MB, paused 538us total 24.260ms
08-04 14:03:19.799 32570   829 I art     : Starting a blocking GC Explicit
08-04 14:03:19.823 32570   829 I art     : Explicit concurrent mark sweep GC freed 3(96B) AllocSpace objects, 0(0B) LOS objects, 23% free, 53MB/69MB, paused 480us total 24.206ms
08-04 14:03:20.137 32570  3326 W OneSignal: OneSignalRestClient: POST Error thrown from network stack. 
08-04 14:03:20.137 32570  3326 W OneSignal: java.io.IOException: unexpected end of stream on Connection{api.onesignal.com:443, proxy=HTTP@192.168.2.12:8080 hostAddress=192.168.2.12 cipherSuite=TLS_ECDHE_RSA_WITH_AES_128_GCM_SHA256 protocol=http/1.1} (recycle count=0)
08-04 14:03:20.137 32570  3326 W OneSignal: 	at com.android.okhttp.internal.http.HttpConnection.readResponse(HttpConnection.java:210)
08-04 14:03:20.137 32570  3326 W OneSignal: 	at com.android.okhttp.internal.http.HttpTransport.readResponseHeaders(HttpTransport.java:80)
08-04 14:03:20.137 32570  3326 W OneSignal: 	at com.android.okhttp.internal.http.HttpEngine.readNetworkResponse(HttpEngine.java:904)
08-04 14:03:20.137 32570  3326 W OneSignal: 	at com.android.okhttp.internal.http.HttpEngine.readResponse(HttpEngine.java:788)
08-04 14:03:20.137 32570  3326 W OneSignal: 	at com.android.okhttp.internal.huc.HttpURLConnectionImpl.execute(HttpURLConnectionImpl.java:439)
08-04 14:03:20.137 32570  3326 W OneSignal: 	at com.android.okhttp.internal.huc.HttpURLConnectionImpl.getResponse(HttpURLConnectionImpl.java:384)
08-04 14:03:20.137 32570  3326 W OneSignal: 	at com.android.okhttp.internal.huc.HttpURLConnectionImpl.getResponseCode(HttpURLConnectionImpl.java:497)
08-04 14:03:20.137 32570  3326 W OneSignal: 	at com.android.okhttp.internal.huc.DelegatingHttpsURLConnection.getResponseCode(DelegatingHttpsURLConnection.java:105)
08-04 14:03:20.137 32570  3326 W OneSignal: 	at com.android.okhttp.internal.huc.HttpsURLConnectionImpl.getResponseCode(HttpsURLConnectionImpl.java)
08-04 14:03:20.137 32570  3326 W OneSignal: 	at com.onesignal.OneSignalRestClient.startHTTPConnection(OneSignalRestClient.java:180)
08-04 14:03:20.137 32570  3326 W OneSignal: 	at com.onesignal.OneSignalRestClient.access$100(OneSignalRestClient.java:44)
08-04 14:03:20.137 32570  3326 W OneSignal: 	at com.onesignal.OneSignalRestClient$4.run(OneSignalRestClient.java:110)
08-04 14:03:20.137 32570  3326 W OneSignal: 	at java.lang.Thread.run(Thread.java:818)
08-04 14:03:20.137 32570  3326 W OneSignal: Caused by: java.io.EOFException: \n not found: size=0 content=...
08-04 14:03:20.137 32570  3326 W OneSignal: 	at com.android.okhttp.okio.RealBufferedSource.readUtf8LineStrict(RealBufferedSource.java:200)
08-04 14:03:20.137 32570  3326 W OneSignal: 	at com.android.okhttp.internal.http.HttpConnection.readResponse(HttpConnection.java:191)
08-04 14:03:20.137 32570  3326 W OneSignal: 	... 12 more
08-04 14:03:20.139 32570  3337 W OneSignal: Failed last request. statusCode: -1
08-04 14:03:20.139 32570  3337 W OneSignal: response: null
08-04 14:03:20.143 32570 32581 I art     : Starting a blocking GC Explicit
08-04 14:03:20.173 32570 32581 I art     : Explicit concurrent mark sweep GC freed 3904(242KB) AllocSpace objects, 1(20KB) LOS objects, 23% free, 53MB/69MB, paused 468us total 29.167ms
08-04 14:03:20.182 32570 32581 I art     : Starting a blocking GC Explicit
08-04 14:03:20.206 32570 32581 I art     : Explicit concurrent mark sweep GC freed 96(3KB) AllocSpace objects, 0(0B) LOS objects, 23% free, 53MB/69MB, paused 475us total 24.056ms
08-04 14:03:20.216 32570 32581 I art     : Starting a blocking GC Explicit
08-04 14:03:20.240 32570 32581 I art     : Explicit concurrent mark sweep GC freed 3(96B) AllocSpace objects, 0(0B) LOS objects, 23% free, 53MB/69MB, paused 484us total 24.056ms
08-04 14:03:20.249 32570 32581 I art     : Starting a blocking GC Explicit
08-04 14:03:20.273 32570 32581 I art     : Explicit concurrent mark sweep GC freed 3(96B) AllocSpace objects, 0(0B) LOS objects, 23% free, 53MB/69MB, paused 453us total 23.826ms
08-04 14:03:20.282 32570 32581 I art     : Starting a blocking GC Explicit
08-04 14:03:20.306 32570 32581 I art     : Explicit concurrent mark sweep GC freed 3(96B) AllocSpace objects, 0(0B) LOS objects, 23% free, 53MB/69MB, paused 470us total 23.492ms
08-04 14:03:20.635 32570  1570 I art     : Starting a blocking GC Explicit
08-04 14:03:20.670 32570  1570 I art     : Explicit concurrent mark sweep GC freed 1344(78KB) AllocSpace objects, 1(20KB) LOS objects, 23% free, 53MB/69MB, paused 518us total 34.347ms
08-04 14:03:20.682 32570  1570 I art     : Starting a blocking GC Explicit
08-04 14:03:20.706 32570  1570 I art     : Explicit concurrent mark sweep GC freed 20(704B) AllocSpace objects, 0(0B) LOS objects, 23% free, 53MB/69MB, paused 483us total 24.015ms
08-04 14:03:20.706 32570 32580 I art     : WaitForGcToComplete blocked for 24.343ms for cause HeapTrim
08-04 14:03:20.715 32570  1570 I art     : Starting a blocking GC Explicit
08-04 14:03:20.739 32570  1570 I art     : Explicit concurrent mark sweep GC freed 3(96B) AllocSpace objects, 0(0B) LOS objects, 23% free, 53MB/69MB, paused 470us total 23.893ms
08-04 14:03:20.749 32570  1570 I art     : Starting a blocking GC Explicit
08-04 14:03:20.773 32570  1570 I art     : Explicit concurrent mark sweep GC freed 16(704B) AllocSpace objects, 0(0B) LOS objects, 23% free, 53MB/69MB, paused 463us total 24.188ms
08-04 14:03:20.782 32570  1570 I art     : Starting a blocking GC Explicit
08-04 14:03:20.806 32570  1570 I art     : Explicit concurrent mark sweep GC freed 17(528B) AllocSpace objects, 0(0B) LOS objects, 23% free, 53MB/69MB, paused 466us total 23.427ms
08-04 14:03:21.108 32570 32611 I art     : Starting a blocking GC Explicit
08-04 14:03:21.142 32570 32611 I art     : Explicit concurrent mark sweep GC freed 1344(78KB) AllocSpace objects, 1(20KB) LOS objects, 23% free, 53MB/69MB, paused 561us total 33.505ms
08-04 14:03:21.154 32570 32611 I art     : Starting a blocking GC Explicit
08-04 14:03:21.178 32570 32611 I art     : Explicit concurrent mark sweep GC freed 20(704B) AllocSpace objects, 0(0B) LOS objects, 23% free, 53MB/69MB, paused 447us total 23.622ms
08-04 14:03:21.187 32570 32611 I art     : Starting a blocking GC Explicit
08-04 14:03:21.212 32570 32611 I art     : Explicit concurrent mark sweep GC freed 3(96B) AllocSpace objects, 0(0B) LOS objects, 23% free, 53MB/69MB, paused 455us total 23.946ms
08-04 14:03:21.221 32570 32611 I art     : Starting a blocking GC Explicit
08-04 14:03:21.245 32570 32611 I art     : Explicit concurrent mark sweep GC freed 3(96B) AllocSpace objects, 0(0B) LOS objects, 23% free, 53MB/69MB, paused 485us total 23.990ms
08-04 14:03:21.255 32570 32611 I art     : Starting a blocking GC Explicit
08-04 14:03:21.279 32570 32611 I art     : Explicit concurrent mark sweep GC freed 3(96B) AllocSpace objects, 0(0B) LOS objects, 23% free, 53MB/69MB, paused 482us total 24.210ms
08-04 14:03:21.580 32570 32582 I art     : Starting a blocking GC Explicit
08-04 14:03:21.604 32570 32582 I art     : Explicit concurrent mark sweep GC freed 1344(78KB) AllocSpace objects, 1(20KB) LOS objects, 23% free, 53MB/69MB, paused 480us total 23.497ms
08-04 14:03:21.614 32570 32582 I art     : Starting a blocking GC Explicit
08-04 14:03:21.637 32570 32582 I art     : Explicit concurrent mark sweep GC freed 20(704B) AllocSpace objects, 0(0B) LOS objects, 23% free, 53MB/69MB, paused 451us total 22.799ms
08-04 14:03:21.645 32570 32582 I art     : Starting a blocking GC Explicit
08-04 14:03:21.668 32570 32582 I art     : Explicit concurrent mark sweep GC freed 3(96B) AllocSpace objects, 0(0B) LOS objects, 23% free, 53MB/69MB, paused 502us total 22.326ms
08-04 14:03:21.677 32570 32582 I art     : Starting a blocking GC Explicit
08-04 14:03:21.699 32570 32582 I art     : Explicit concurrent mark sweep GC freed 3(96B) AllocSpace objects, 0(0B) LOS objects, 23% free, 53MB/69MB, paused 486us total 22.189ms
08-04 14:03:21.708 32570 32582 I art     : Starting a blocking GC Explicit
08-04 14:03:21.731 32570 32582 I art     : Explicit concurrent mark sweep GC freed 3(96B) AllocSpace objects, 0(0B) LOS objects, 23% free, 53MB/69MB, paused 456us total 22.400ms
08-04 14:03:21.920  3371  3371 D AndroidRuntime: >>>>>> START com.android.internal.os.RuntimeInit uid 2000 <<<<<<
08-04 14:03:21.925  3371  3371 D AndroidRuntime: CheckJNI is OFF
08-04 14:03:21.960  3371  3371 D ICU     : No timezone override file found: /data/misc/zoneinfo/current/icu/icu_tzdata.dat
08-04 14:03:21.993  3371  3371 I Radio-JNI: register_android_hardware_Radio DONE
08-04 14:03:22.015  3371  3371 D AndroidRuntime: Calling main entry com.android.commands.input.Input
08-04 14:03:22.017  3371  3371 I Input   : injectKeyEvent: KeyEvent { action=ACTION_DOWN, keyCode=KEYCODE_BACK, scanCode=0, metaState=0, flags=0x0, repeatCount=0, eventTime=713018430, downTime=713018430, deviceId=-1, source=0x101 }
08-04 14:03:22.021  3371  3371 I Input   : injectKeyEvent: KeyEvent { action=ACTION_UP, keyCode=KEYCODE_BACK, scanCode=0, metaState=0, flags=0x0, repeatCount=0, eventTime=713018430, downTime=713018430, deviceId=-1, source=0x101 }
08-04 14:03:22.027  3371  3371 D AndroidRuntime: Shutting down VM
08-04 14:03:22.037 32570 32611 I art     : Starting a blocking GC Explicit
08-04 14:03:22.054 13866 13866 I GoogleInputMethodServic: GoogleInputMethodService.onFinishInput():3138 
08-04 14:03:22.055 13866 13866 I GoogleInputMethodServic: GoogleInputMethodService.onStartInput():1808 
08-04 14:03:22.059 32570 32611 I art     : Explicit concurrent mark sweep GC freed 1450(83KB) AllocSpace objects, 1(20KB) LOS objects, 23% free, 53MB/69MB, paused 496us total 22.150ms
08-04 14:03:22.069 32570 32611 I art     : Starting a blocking GC Explicit
08-04 14:03:22.092 32570 32611 I art     : Explicit concurrent mark sweep GC freed 52(1888B) AllocSpace objects, 0(0B) LOS objects, 23% free, 53MB/69MB, paused 497us total 22.737ms
08-04 14:03:22.100 32570 32611 I art     : Starting a blocking GC Explicit
08-04 14:03:22.120 32570 32611 I art     : Explicit concurrent mark sweep GC freed 9(336B) AllocSpace objects, 0(0B) LOS objects, 23% free, 53MB/69MB, paused 433us total 19.274ms
08-04 14:03:22.128 32570 32611 I art     : Starting a blocking GC Explicit
08-04 14:03:22.148 32570 32611 I art     : Explicit concurrent mark sweep GC freed 3(96B) AllocSpace objects, 0(0B) LOS objects, 23% free, 53MB/69MB, paused 398us total 20.238ms
08-04 14:03:22.157 32570 32611 I art     : Starting a blocking GC Explicit
08-04 14:03:22.179 32570 32611 I art     : Explicit concurrent mark sweep GC freed 3(96B) AllocSpace objects, 0(0B) LOS objects, 23% free, 53MB/69MB, paused 448us total 21.525ms
08-04 14:03:22.348   380   380 W SurfaceFlinger: couldn't log to binary event log: overflow.
08-04 14:03:22.437 32570   829 I art     : Starting a blocking GC Explicit
08-04 14:03:22.462 32570   829 I art     : Explicit concurrent mark sweep GC freed 1463(87KB) AllocSpace objects, 1(20KB) LOS objects, 23% free, 53MB/69MB, paused 482us total 24.171ms
08-04 14:03:22.471 32570   829 I art     : Starting a blocking GC Explicit
08-04 14:03:22.494 32570   829 I art     : Explicit concurrent mark sweep GC freed 4698(269KB) AllocSpace objects, 2(140KB) LOS objects, 23% free, 52MB/68MB, paused 426us total 22.385ms
08-04 14:03:22.502 32570   829 I art     : Starting a blocking GC Explicit
08-04 14:03:22.524 32570   829 I art     : Explicit concurrent mark sweep GC freed 3(96B) AllocSpace objects, 0(0B) LOS objects, 23% free, 52MB/68MB, paused 476us total 21.939ms
08-04 14:03:22.533 32570   829 I art     : Starting a blocking GC Explicit
08-04 14:03:22.555 32570   829 I art     : Explicit concurrent mark sweep GC freed 3(96B) AllocSpace objects, 0(0B) LOS objects, 23% free, 52MB/68MB, paused 453us total 21.887ms
08-04 14:03:22.565 32570   829 I art     : Starting a blocking GC Explicit
08-04 14:03:22.586 32570   829 I art     : Explicit concurrent mark sweep GC freed 3(96B) AllocSpace objects, 0(0B) LOS objects, 23% free, 52MB/68MB, paused 446us total 21.519ms
08-04 14:03:22.882 32570 32581 I art     : Starting a blocking GC Explicit
08-04 14:03:22.915 32570 32581 I art     : Explicit concurrent mark sweep GC freed 1344(78KB) AllocSpace objects, 1(20KB) LOS objects, 23% free, 52MB/68MB, paused 494us total 32.486ms
08-04 14:03:22.929 32570 32581 I art     : Starting a blocking GC Explicit
08-04 14:03:22.950 32570 32581 I art     : Explicit concurrent mark sweep GC freed 20(704B) AllocSpace objects, 0(0B) LOS objects, 23% free, 52MB/68MB, paused 534us total 20.951ms
08-04 14:03:22.959 32570 32581 I art     : Starting a blocking GC Explicit
08-04 14:03:22.980 32570 32581 I art     : Explicit concurrent mark sweep GC freed 3(96B) AllocSpace objects, 0(0B) LOS objects, 23% free, 52MB/68MB, paused 457us total 21.132ms
08-04 14:03:22.989 32570 32581 I art     : Starting a blocking GC Explicit
08-04 14:03:23.011 32570 32581 I art     : Explicit concurrent mark sweep GC freed 3(96B) AllocSpace objects, 0(0B) LOS objects, 23% free, 52MB/68MB, paused 452us total 21.685ms
08-04 14:03:23.020 32570 32581 I art     : Starting a blocking GC Explicit
08-04 14:03:23.042 32570 32581 I art     : Explicit concurrent mark sweep GC freed 3(96B) AllocSpace objects, 0(0B) LOS objects, 23% free, 52MB/68MB, paused 465us total 21.537ms
08-04 14:03:23.167   918  3261 D WifiStateMachine: starting scan for "H369AA63323"WPA_PSK with 2412,5180
08-04 14:03:23.338 32570  1570 I art     : Starting a blocking GC Explicit
08-04 14:03:23.358 32570  1570 I art     : Explicit concurrent mark sweep GC freed 1343(78KB) AllocSpace objects, 1(20KB) LOS objects, 23% free, 52MB/68MB, paused 470us total 19.885ms
08-04 14:03:23.366 32570  1570 I art     : Starting a blocking GC Explicit
08-04 14:03:23.387 32570  1570 I art     : Explicit concurrent mark sweep GC freed 20(704B) AllocSpace objects, 0(0B) LOS objects, 23% free, 52MB/68MB, paused 523us total 20.224ms
08-04 14:03:23.395 32570  1570 I art     : Starting a blocking GC Explicit
08-04 14:03:23.416 32570  1570 I art     : Explicit concurrent mark sweep GC freed 3(96B) AllocSpace objects, 0(0B) LOS objects, 23% free, 52MB/68MB, paused 455us total 20.138ms
08-04 14:03:23.424 32570  1570 I art     : Starting a blocking GC Explicit
08-04 14:03:23.445 32570  1570 I art     : Explicit concurrent mark sweep GC freed 3(96B) AllocSpace objects, 0(0B) LOS objects, 23% free, 52MB/68MB, paused 461us total 20.841ms
08-04 14:03:23.453 32570  1570 I art     : Starting a blocking GC Explicit
08-04 14:03:23.474 32570  1570 I art     : Explicit concurrent mark sweep GC freed 3(96B) AllocSpace objects, 0(0B) LOS objects, 23% free, 52MB/68MB, paused 453us total 20.744ms
08-04 14:03:23.692  3429  3429 D AndroidRuntime: >>>>>> START com.android.internal.os.RuntimeInit uid 2000 <<<<<<
08-04 14:03:23.696  3429  3429 D AndroidRuntime: CheckJNI is OFF
08-04 14:03:23.729  3429  3429 D ICU     : No timezone override file found: /data/misc/zoneinfo/current/icu/icu_tzdata.dat
08-04 14:03:23.759 32570 32611 I art     : Starting a blocking GC Explicit
08-04 14:03:23.761  3429  3429 I Radio-JNI: register_android_hardware_Radio DONE
08-04 14:03:23.780 32570 32611 I art     : Explicit concurrent mark sweep GC freed 1359(78KB) AllocSpace objects, 1(20KB) LOS objects, 23% free, 52MB/68MB, paused 459us total 20.166ms
08-04 14:03:23.783  3429  3429 D AndroidRuntime: Calling main entry com.android.commands.input.Input
08-04 14:03:23.785  3429  3429 I Input   : injectKeyEvent: KeyEvent { action=ACTION_DOWN, keyCode=KEYCODE_BACK, scanCode=0, metaState=0, flags=0x0, repeatCount=0, eventTime=713020197, downTime=713020197, deviceId=-1, source=0x101 }
08-04 14:03:23.789 32570 32611 I art     : Starting a blocking GC Explicit
08-04 14:03:23.791  3429  3429 I Input   : injectKeyEvent: KeyEvent { action=ACTION_UP, keyCode=KEYCODE_BACK, scanCode=0, metaState=0, flags=0x0, repeatCount=0, eventTime=713020197, downTime=713020197, deviceId=-1, source=0x101 }
08-04 14:03:23.796  3429  3429 D AndroidRuntime: Shutting down VM
08-04 14:03:23.811 32570 32611 I art     : Explicit concurrent mark sweep GC freed 40(1440B) AllocSpace objects, 0(0B) LOS objects, 23% free, 52MB/68MB, paused 958us total 22.329ms
08-04 14:03:23.819 32570 32611 I art     : Starting a blocking GC Explicit
08-04 14:03:23.839 32570 32611 I art     : Explicit concurrent mark sweep GC freed 129(6KB) AllocSpace objects, 0(0B) LOS objects, 23% free, 52MB/68MB, paused 441us total 19.141ms
08-04 14:03:23.846 32570 32611 I art     : Starting a blocking GC Explicit
08-04 14:03:23.866 32570 32611 I art     : Explicit concurrent mark sweep GC freed 5(160B) AllocSpace objects, 0(0B) LOS objects, 23% free, 52MB/68MB, paused 495us total 19.583ms
08-04 14:03:23.875 32570 32611 I art     : Starting a blocking GC Explicit
08-04 14:03:23.875 13866 13866 I GoogleInputMethodServic: GoogleInputMethodService.onFinishInput():3138 
08-04 14:03:23.875 13866 13866 I GoogleInputMethodServic: GoogleInputMethodService.onStartInput():1808 
08-04 14:03:23.896 32570 32611 I art     : Explicit concurrent mark sweep GC freed 56(1984B) AllocSpace objects, 0(0B) LOS objects, 23% free, 52MB/68MB, paused 482us total 21.099ms
08-04 14:03:24.150   380   380 W SurfaceFlinger: couldn't log to binary event log: overflow.
08-04 14:03:24.168 32570 32611 I art     : Starting a blocking GC Explicit
08-04 14:03:24.189 32570 32611 I art     : Explicit concurrent mark sweep GC freed 1464(87KB) AllocSpace objects, 1(20KB) LOS objects, 23% free, 52MB/68MB, paused 450us total 20.775ms
08-04 14:03:24.197 32570 32611 I art     : Starting a blocking GC Explicit
08-04 14:03:24.217 32570 32611 I art     : Explicit concurrent mark sweep GC freed 2078(121KB) AllocSpace objects, 2(180KB) LOS objects, 23% free, 52MB/68MB, paused 447us total 19.617ms
08-04 14:03:24.225 32570 32611 I art     : Starting a blocking GC Explicit
08-04 14:03:24.247 32570 32611 I art     : Explicit concurrent mark sweep GC freed 3(96B) AllocSpace objects, 0(0B) LOS objects, 23% free, 52MB/68MB, paused 551us total 21.440ms
08-04 14:03:24.256 32570 32611 I art     : Starting a blocking GC Explicit
08-04 14:03:24.277 32570 32611 I art     : Explicit concurrent mark sweep GC freed 3(96B) AllocSpace objects, 0(0B) LOS objects, 23% free, 52MB/68MB, paused 529us total 21.395ms
08-04 14:03:24.286 32570 32611 I art     : Starting a blocking GC Explicit
08-04 14:03:24.307 32570 32611 I art     : Explicit concurrent mark sweep GC freed 3(96B) AllocSpace objects, 0(0B) LOS objects, 23% free, 52MB/68MB, paused 462us total 21.002ms
08-04 14:03:24.587 32570 32581 I art     : Starting a blocking GC Explicit
08-04 14:03:24.608 32570 32581 I art     : Explicit concurrent mark sweep GC freed 1343(78KB) AllocSpace objects, 1(20KB) LOS objects, 23% free, 52MB/68MB, paused 609us total 21.111ms
08-04 14:03:24.618 32570 32581 I art     : Starting a blocking GC Explicit
08-04 14:03:24.639 32570 32581 I art     : Explicit concurrent mark sweep GC freed 44(1600B) AllocSpace objects, 0(0B) LOS objects, 23% free, 52MB/68MB, paused 461us total 20.575ms
08-04 14:03:24.647 32570 32581 I art     : Starting a blocking GC Explicit
08-04 14:03:24.668 32570 32581 I art     : Explicit concurrent mark sweep GC freed 3(96B) AllocSpace objects, 0(0B) LOS objects, 23% free, 52MB/68MB, paused 456us total 20.880ms
08-04 14:03:24.677 32570 32581 I art     : Starting a blocking GC Explicit
08-04 14:03:24.698 32570 32581 I art     : Explicit concurrent mark sweep GC freed 3(96B) AllocSpace objects, 0(0B) LOS objects, 23% free, 52MB/68MB, paused 448us total 20.944ms
08-04 14:03:24.707 32570 32581 I art     : Starting a blocking GC Explicit
08-04 14:03:24.729 32570 32581 I art     : Explicit concurrent mark sweep GC freed 3(96B) AllocSpace objects, 0(0B) LOS objects, 23% free, 52MB/68MB, paused 518us total 21.625ms
08-04 14:03:25.022 32570 32611 I art     : Starting a blocking GC Explicit
08-04 14:03:25.046 32570 32611 I art     : Explicit concurrent mark sweep GC freed 1341(78KB) AllocSpace objects, 1(20KB) LOS objects, 23% free, 52MB/68MB, paused 462us total 24.487ms
08-04 14:03:25.055 32570 32611 I art     : Starting a blocking GC Explicit
08-04 14:03:25.076 32570 32611 I art     : Explicit concurrent mark sweep GC freed 20(704B) AllocSpace objects, 0(0B) LOS objects, 23% free, 52MB/68MB, paused 525us total 20.862ms
08-04 14:03:25.085 32570 32611 I art     : Starting a blocking GC Explicit
08-04 14:03:25.105 32570 32611 I art     : Explicit concurrent mark sweep GC freed 3(96B) AllocSpace objects, 0(0B) LOS objects, 23% free, 52MB/68MB, paused 458us total 19.657ms
08-04 14:03:25.113 32570 32611 I art     : Starting a blocking GC Explicit
08-04 14:03:25.133 32570 32611 I art     : Explicit concurrent mark sweep GC freed 3(96B) AllocSpace objects, 0(0B) LOS objects, 23% free, 52MB/68MB, paused 468us total 19.899ms
08-04 14:03:25.141 32570 32611 I art     : Starting a blocking GC Explicit
08-04 14:03:25.162 32570 32611 I art     : Explicit concurrent mark sweep GC freed 3(96B) AllocSpace objects, 0(0B) LOS objects, 23% free, 52MB/68MB, paused 452us total 20.003ms
08-04 14:03:25.439 32570  1570 I art     : Starting a blocking GC Explicit
08-04 14:03:25.449  3485  3485 D AndroidRuntime: >>>>>> START com.android.internal.os.RuntimeInit uid 2000 <<<<<<
08-04 14:03:25.454  3485  3485 D AndroidRuntime: CheckJNI is OFF
08-04 14:03:25.461 32570  1570 I art     : Explicit concurrent mark sweep GC freed 1362(79KB) AllocSpace objects, 1(20KB) LOS objects, 23% free, 52MB/68MB, paused 470us total 21.408ms
08-04 14:03:25.470 32570  1570 I art     : Starting a blocking GC Explicit
08-04 14:03:25.490  3485  3485 D ICU     : No timezone override file found: /data/misc/zoneinfo/current/icu/icu_tzdata.dat
08-04 14:03:25.490 32570  1570 I art     : Explicit concurrent mark sweep GC freed 36(1216B) AllocSpace objects, 0(0B) LOS objects, 23% free, 52MB/68MB, paused 503us total 19.922ms
08-04 14:03:25.499 32570  1570 I art     : Starting a blocking GC Explicit
08-04 14:03:25.519 32570  1570 I art     : Explicit concurrent mark sweep GC freed 3(96B) AllocSpace objects, 0(0B) LOS objects, 23% free, 52MB/68MB, paused 470us total 19.980ms
08-04 14:03:25.527  3485  3485 I Radio-JNI: register_android_hardware_Radio DONE
08-04 14:03:25.527 32570  1570 I art     : Starting a blocking GC Explicit
08-04 14:03:25.547 32570  1570 I art     : Explicit concurrent mark sweep GC freed 3(96B) AllocSpace objects, 0(0B) LOS objects, 23% free, 52MB/68MB, paused 467us total 19.839ms
08-04 14:03:25.549  3485  3485 D AndroidRuntime: Calling main entry com.android.commands.input.Input
08-04 14:03:25.551  3485  3485 I Input   : injectMotionEvent: MotionEvent { action=ACTION_DOWN, actionButton=0, id[0]=0, x[0]=1084.0, y[0]=2213.0, toolType[0]=TOOL_TYPE_UNKNOWN, buttonState=0, metaState=0, flags=0x0, edgeFlags=0x0, pointerCount=1, historySize=0, eventTime=713021963, downTime=713021963, deviceId=0, source=0x1002 }
08-04 14:03:25.555 32570  1570 I art     : Starting a blocking GC Explicit
08-04 14:03:25.556  3485  3485 I Input   : injectMotionEvent: MotionEvent { action=ACTION_UP, actionButton=0, id[0]=0, x[0]=1084.0, y[0]=2213.0, toolType[0]=TOOL_TYPE_UNKNOWN, buttonState=0, metaState=0, flags=0x0, edgeFlags=0x0, pointerCount=1, historySize=0, eventTime=713021963, downTime=713021963, deviceId=0, source=0x1002 }
08-04 14:03:25.557   918  3961 I ActivityManager: START u0 {cmp=baseline.appteam.nith.hillffair/.activities.EventActivity} from uid 10651 on display 0
08-04 14:03:25.564  3485  3485 D AndroidRuntime: Shutting down VM
08-04 14:03:25.574 32570  1570 I art     : Explicit concurrent mark sweep GC freed 72(12KB) AllocSpace objects, 0(0B) LOS objects, 23% free, 52MB/68MB, paused 666us total 19.108ms
08-04 14:03:25.647 13866 13866 I GoogleInputMethodServic: GoogleInputMethodService.onFinishInput():3138 
08-04 14:03:25.648 13866 13866 I GoogleInputMethodServic: GoogleInputMethodService.onStartInput():1808 
08-04 14:03:25.668   918   936 I ActivityManager: Displayed baseline.appteam.nith.hillffair/.activities.EventActivity: +103ms
08-04 14:03:25.821 32570  1570 I art     : Starting a blocking GC Explicit
08-04 14:03:25.853 32570  1570 I art     : Explicit concurrent mark sweep GC freed 6110(358KB) AllocSpace objects, 1(20KB) LOS objects, 23% free, 52MB/68MB, paused 566us total 31.619ms
08-04 14:03:25.866 32570  1570 I art     : Starting a blocking GC Explicit
08-04 14:03:25.896 32570  1570 I art     : Explicit concurrent mark sweep GC freed 264(11KB) AllocSpace objects, 0(0B) LOS objects, 23% free, 52MB/68MB, paused 457us total 29.323ms
08-04 14:03:25.903   380   380 W SurfaceFlinger: couldn't log to binary event log: overflow.
08-04 14:03:25.908 32570  1570 I art     : Starting a blocking GC Explicit
08-04 14:03:25.930 32570  1570 I art     : Explicit concurrent mark sweep GC freed 3(96B) AllocSpace objects, 0(0B) LOS objects, 23% free, 52MB/68MB, paused 478us total 21.626ms
08-04 14:03:25.939 32570  1570 I art     : Starting a blocking GC Explicit
08-04 14:03:25.957 32570  1570 I art     : Explicit concurrent mark sweep GC freed 3(96B) AllocSpace objects, 0(0B) LOS objects, 23% free, 52MB/68MB, paused 499us total 18.601ms
08-04 14:03:25.965 32570  1570 I art     : Starting a blocking GC Explicit
08-04 14:03:25.985 32570  1570 I art     : Explicit concurrent mark sweep GC freed 3(96B) AllocSpace objects, 0(0B) LOS objects, 23% free, 52MB/68MB, paused 445us total 19.739ms
08-04 14:03:26.270 32570 32611 I art     : Starting a blocking GC Explicit
08-04 14:03:26.293 32570 32611 I art     : Explicit concurrent mark sweep GC freed 1461(85KB) AllocSpace objects, 1(20KB) LOS objects, 23% free, 52MB/68MB, paused 517us total 23.200ms
08-04 14:03:26.302 32570 32611 I art     : Starting a blocking GC Explicit
08-04 14:03:26.324 32570 32611 I art     : Explicit concurrent mark sweep GC freed 57(1936B) AllocSpace objects, 0(0B) LOS objects, 23% free, 52MB/68MB, paused 505us total 21.672ms
08-04 14:03:26.333 32570 32611 I art     : Starting a blocking GC Explicit
08-04 14:03:26.355 32570 32611 I art     : Explicit concurrent mark sweep GC freed 11(416B) AllocSpace objects, 0(0B) LOS objects, 23% free, 52MB/68MB, paused 565us total 21.296ms
08-04 14:03:26.363 32570 32611 I art     : Starting a blocking GC Explicit
08-04 14:03:26.384 32570 32611 I art     : Explicit concurrent mark sweep GC freed 947(68KB) AllocSpace objects, 2(120KB) LOS objects, 23% free, 52MB/68MB, paused 725us total 21.006ms
08-04 14:03:26.393 32570 32611 I art     : Starting a blocking GC Explicit
08-04 14:03:26.402 32570  3508 D OkHttp  : --> GET https://api-hillfair-2k16.herokuapp.com/api/app/club http/1.1
08-04 14:03:26.414 32570 32611 I art     : Explicit concurrent mark sweep GC freed 2228(145KB) AllocSpace objects, 1(80KB) LOS objects, 23% free, 52MB/68MB, paused 496us total 20.825ms
08-04 14:03:26.431 32570  3508 D OkHttp  : <-- 200 OK https://api-hillfair-2k16.herokuapp.com/api/app/club (28ms, 1870-byte body)
08-04 14:03:26.438 32570 32570 I NAPPA_EXPERIMENTATION: MetricNetworkRequestExecutionTime: REQUEST_DURATION_SYSTEM='847',REQUEST_DURATION_OKHTTP='28',REQUEST_SYNCHRONOUS='FALSE',RESPONSE_CODE='200',RESPONSE_METHOD='GET',RESPONSE_LENGTH_OKHTTP='1870',RESPONSE_LENGTH_HEADER='1870',REQUEST_PROTOCOL='http/1.1',REQUEST_URL='https://api-hillfair-2k16.herokuapp.com/api/app/club',
08-04 14:03:26.671 32570 32581 I art     : Starting a blocking GC Explicit
08-04 14:03:26.694 32570 32581 I art     : Explicit concurrent mark sweep GC freed 4880(477KB) AllocSpace objects, 1(20KB) LOS objects, 23% free, 53MB/69MB, paused 583us total 22.618ms
08-04 14:03:26.703 32570 32581 I art     : Starting a blocking GC Explicit
08-04 14:03:26.727 32570 32581 I art     : Explicit concurrent mark sweep GC freed 292(10KB) AllocSpace objects, 0(0B) LOS objects, 23% free, 53MB/69MB, paused 713us total 24.057ms
08-04 14:03:26.736 32570 32581 I art     : Starting a blocking GC Explicit
08-04 14:03:26.760 32570 32581 I art     : Explicit concurrent mark sweep GC freed 3(96B) AllocSpace objects, 0(0B) LOS objects, 23% free, 53MB/69MB, paused 588us total 23.272ms
08-04 14:03:26.769 32570 32581 I art     : Starting a blocking GC Explicit
08-04 14:03:26.792 32570 32581 I art     : Explicit concurrent mark sweep GC freed 3(96B) AllocSpace objects, 0(0B) LOS objects, 23% free, 53MB/69MB, paused 607us total 23.268ms
08-04 14:03:26.801 32570 32581 I art     : Starting a blocking GC Explicit
08-04 14:03:26.826 32570 32581 I art     : Explicit concurrent mark sweep GC freed 3(96B) AllocSpace objects, 0(0B) LOS objects, 23% free, 53MB/69MB, paused 774us total 24.054ms
08-04 14:03:27.117 32570   829 I art     : Starting a blocking GC Explicit
08-04 14:03:27.144 32570   829 I art     : Explicit concurrent mark sweep GC freed 9492(536KB) AllocSpace objects, 1(20KB) LOS objects, 23% free, 53MB/69MB, paused 473us total 26.297ms
08-04 14:03:27.153 32570   829 I art     : Starting a blocking GC Explicit
08-04 14:03:27.174 32570   829 I art     : Explicit concurrent mark sweep GC freed 254(24KB) AllocSpace objects, 0(0B) LOS objects, 23% free, 53MB/69MB, paused 514us total 20.747ms
08-04 14:03:27.182 32570   829 I art     : Starting a blocking GC Explicit
08-04 14:03:27.202 32570   829 I art     : Explicit concurrent mark sweep GC freed 9(288B) AllocSpace objects, 0(0B) LOS objects, 23% free, 53MB/69MB, paused 486us total 19.753ms
08-04 14:03:27.210 32570   829 I art     : Starting a blocking GC Explicit
08-04 14:03:27.231 32570   829 I art     : Explicit concurrent mark sweep GC freed 3(96B) AllocSpace objects, 0(0B) LOS objects, 23% free, 53MB/69MB, paused 475us total 20.888ms
08-04 14:03:27.240 32570   829 I art     : Starting a blocking GC Explicit
08-04 14:03:27.263 32570   829 I art     : Explicit concurrent mark sweep GC freed 3(96B) AllocSpace objects, 0(0B) LOS objects, 23% free, 53MB/69MB, paused 508us total 23.419ms
08-04 14:03:27.609 32570 32582 I art     : Starting a blocking GC Explicit
08-04 14:03:27.640 32570 32582 I art     : Explicit concurrent mark sweep GC freed 1344(78KB) AllocSpace objects, 1(20KB) LOS objects, 23% free, 53MB/69MB, paused 631us total 31.291ms
08-04 14:03:27.653 32570 32582 I art     : Starting a blocking GC Explicit
08-04 14:03:27.677 32570 32582 I art     : Explicit concurrent mark sweep GC freed 20(704B) AllocSpace objects, 0(0B) LOS objects, 23% free, 53MB/69MB, paused 566us total 24.178ms
08-04 14:03:27.687 32570 32582 I art     : Starting a blocking GC Explicit
08-04 14:03:27.711 32570 32582 I art     : Explicit concurrent mark sweep GC freed 3(96B) AllocSpace objects, 0(0B) LOS objects, 23% free, 53MB/69MB, paused 523us total 23.983ms
08-04 14:03:27.720 32570 32582 I art     : Starting a blocking GC Explicit
08-04 14:03:27.745 32570 32582 I art     : Explicit concurrent mark sweep GC freed 3(96B) AllocSpace objects, 0(0B) LOS objects, 23% free, 53MB/69MB, paused 529us total 24.768ms
08-04 14:03:27.754 32570 32582 I art     : Starting a blocking GC Explicit
08-04 14:03:27.779 32570 32582 I art     : Explicit concurrent mark sweep GC freed 3(96B) AllocSpace objects, 0(0B) LOS objects, 23% free, 53MB/69MB, paused 529us total 24.046ms
08-04 14:03:28.095 32570  1570 I art     : Starting a blocking GC Explicit
08-04 14:03:28.125 32570  1570 I art     : Explicit concurrent mark sweep GC freed 1344(78KB) AllocSpace objects, 1(20KB) LOS objects, 23% free, 53MB/69MB, paused 546us total 29.513ms
08-04 14:03:28.137 32570  1570 I art     : Starting a blocking GC Explicit
08-04 14:03:28.161 32570  1570 I art     : Explicit concurrent mark sweep GC freed 20(704B) AllocSpace objects, 0(0B) LOS objects, 23% free, 53MB/69MB, paused 506us total 24.149ms
08-04 14:03:28.170 32570  1570 I art     : Starting a blocking GC Explicit
08-04 14:03:28.194 32570  1570 I art     : Explicit concurrent mark sweep GC freed 3(96B) AllocSpace objects, 0(0B) LOS objects, 23% free, 53MB/69MB, paused 506us total 23.906ms
08-04 14:03:28.203 32570  1570 I art     : Starting a blocking GC Explicit
08-04 14:03:28.227 32570  1570 I art     : Explicit concurrent mark sweep GC freed 3(96B) AllocSpace objects, 0(0B) LOS objects, 23% free, 53MB/69MB, paused 540us total 23.801ms
08-04 14:03:28.237 32570  1570 I art     : Starting a blocking GC Explicit
08-04 14:03:28.261 32570  1570 I art     : Explicit concurrent mark sweep GC freed 3(96B) AllocSpace objects, 0(0B) LOS objects, 23% free, 53MB/69MB, paused 509us total 24.142ms
08-04 14:03:28.591 32570 32581 I art     : Starting a blocking GC Explicit
08-04 14:03:28.621 32570 32581 I art     : Explicit concurrent mark sweep GC freed 1344(78KB) AllocSpace objects, 1(20KB) LOS objects, 23% free, 53MB/69MB, paused 545us total 29.228ms
08-04 14:03:28.636 32570 32581 I art     : Starting a blocking GC Explicit
08-04 14:03:28.659 32570 32581 I art     : Explicit concurrent mark sweep GC freed 20(704B) AllocSpace objects, 0(0B) LOS objects, 23% free, 53MB/69MB, paused 496us total 22.608ms
08-04 14:03:28.668 32570 32581 I art     : Starting a blocking GC Explicit
08-04 14:03:28.690 32570 32581 I art     : Explicit concurrent mark sweep GC freed 3(96B) AllocSpace objects, 0(0B) LOS objects, 23% free, 53MB/69MB, paused 494us total 22.206ms
08-04 14:03:28.699 32570 32581 I art     : Starting a blocking GC Explicit
08-04 14:03:28.721 32570 32581 I art     : Explicit concurrent mark sweep GC freed 3(96B) AllocSpace objects, 0(0B) LOS objects, 23% free, 53MB/69MB, paused 494us total 22.145ms
08-04 14:03:28.730 32570 32581 I art     : Starting a blocking GC Explicit
08-04 14:03:28.753 32570 32581 I art     : Explicit concurrent mark sweep GC freed 3(96B) AllocSpace objects, 0(0B) LOS objects, 23% free, 53MB/69MB, paused 501us total 23.269ms
08-04 14:03:29.076 32570 32611 I art     : Starting a blocking GC Explicit
08-04 14:03:29.108 32570 32611 I art     : Explicit concurrent mark sweep GC freed 1344(78KB) AllocSpace objects, 1(20KB) LOS objects, 23% free, 53MB/69MB, paused 622us total 31.459ms
08-04 14:03:29.121 32570 32611 I art     : Starting a blocking GC Explicit
08-04 14:03:29.145 32570 32611 I art     : Explicit concurrent mark sweep GC freed 20(704B) AllocSpace objects, 0(0B) LOS objects, 23% free, 53MB/69MB, paused 510us total 23.986ms
08-04 14:03:29.155 32570 32611 I art     : Starting a blocking GC Explicit
08-04 14:03:29.179 32570 32611 I art     : Explicit concurrent mark sweep GC freed 3(96B) AllocSpace objects, 0(0B) LOS objects, 23% free, 53MB/69MB, paused 514us total 23.953ms
08-04 14:03:29.188 32570 32611 I art     : Starting a blocking GC Explicit
08-04 14:03:29.212 32570 32611 I art     : Explicit concurrent mark sweep GC freed 3(96B) AllocSpace objects, 0(0B) LOS objects, 23% free, 53MB/69MB, paused 497us total 23.473ms
08-04 14:03:29.221 32570 32611 I art     : Starting a blocking GC Explicit
08-04 14:03:29.244 32570 32611 I art     : Explicit concurrent mark sweep GC freed 3(96B) AllocSpace objects, 0(0B) LOS objects, 23% free, 53MB/69MB, paused 521us total 23.414ms
08-04 14:03:29.572 32570   829 I art     : Starting a blocking GC Explicit
08-04 14:03:29.601 32570   829 I art     : Explicit concurrent mark sweep GC freed 1344(78KB) AllocSpace objects, 1(20KB) LOS objects, 23% free, 53MB/69MB, paused 549us total 29.220ms
08-04 14:03:29.614 32570   829 I art     : Starting a blocking GC Explicit
08-04 14:03:29.640 32570   829 I art     : Explicit concurrent mark sweep GC freed 20(704B) AllocSpace objects, 0(0B) LOS objects, 23% free, 53MB/69MB, paused 504us total 25.827ms
08-04 14:03:29.649 32570   829 I art     : Starting a blocking GC Explicit
08-04 14:03:29.673 32570   829 I art     : Explicit concurrent mark sweep GC freed 3(96B) AllocSpace objects, 0(0B) LOS objects, 23% free, 53MB/69MB, paused 503us total 23.650ms
08-04 14:03:29.682 32570   829 I art     : Starting a blocking GC Explicit
08-04 14:03:29.705 32570   829 I art     : Explicit concurrent mark sweep GC freed 3(96B) AllocSpace objects, 0(0B) LOS objects, 23% free, 53MB/69MB, paused 505us total 22.931ms
08-04 14:03:29.714 32570   829 I art     : Starting a blocking GC Explicit
08-04 14:03:29.737 32570   829 I art     : Explicit concurrent mark sweep GC freed 3(96B) AllocSpace objects, 0(0B) LOS objects, 23% free, 53MB/69MB, paused 560us total 22.990ms
08-04 14:03:30.054 32570 32582 I art     : Starting a blocking GC Explicit
08-04 14:03:30.083 32570 32582 I art     : Explicit concurrent mark sweep GC freed 1365(79KB) AllocSpace objects, 1(20KB) LOS objects, 23% free, 53MB/69MB, paused 552us total 29.197ms
08-04 14:03:30.094 32570 32582 I art     : Starting a blocking GC Explicit
08-04 14:03:30.118 32570 32582 I art     : Explicit concurrent mark sweep GC freed 36(1216B) AllocSpace objects, 0(0B) LOS objects, 23% free, 53MB/69MB, paused 546us total 23.867ms
08-04 14:03:30.128 32570 32582 I art     : Starting a blocking GC Explicit
08-04 14:03:30.151 32570 32582 I art     : Explicit concurrent mark sweep GC freed 3(96B) AllocSpace objects, 0(0B) LOS objects, 23% free, 53MB/69MB, paused 508us total 23.437ms
08-04 14:03:30.160 32570 32582 I art     : Starting a blocking GC Explicit
08-04 14:03:30.184 32570 32582 I art     : Explicit concurrent mark sweep GC freed 3(96B) AllocSpace objects, 0(0B) LOS objects, 23% free, 53MB/69MB, paused 498us total 23.358ms
08-04 14:03:30.193 32570 32582 I art     : Starting a blocking GC Explicit
08-04 14:03:30.216 32570 32582 I art     : Explicit concurrent mark sweep GC freed 3(96B) AllocSpace objects, 0(0B) LOS objects, 23% free, 53MB/69MB, paused 492us total 23.356ms
08-04 14:03:30.562 32570  1570 I art     : Starting a blocking GC Explicit
08-04 14:03:30.592 32570  1570 I art     : Explicit concurrent mark sweep GC freed 1344(78KB) AllocSpace objects, 1(20KB) LOS objects, 23% free, 53MB/69MB, paused 515us total 29.658ms
08-04 14:03:30.604 32570  1570 I art     : Starting a blocking GC Explicit
08-04 14:03:30.628 32570  1570 I art     : Explicit concurrent mark sweep GC freed 20(704B) AllocSpace objects, 0(0B) LOS objects, 23% free, 53MB/69MB, paused 505us total 23.856ms
08-04 14:03:30.637 32570  1570 I art     : Starting a blocking GC Explicit
08-04 14:03:30.661 32570  1570 I art     : Explicit concurrent mark sweep GC freed 3(96B) AllocSpace objects, 0(0B) LOS objects, 23% free, 53MB/69MB, paused 513us total 23.842ms
08-04 14:03:30.671 32570  1570 I art     : Starting a blocking GC Explicit
08-04 14:03:30.695 32570  1570 I art     : Explicit concurrent mark sweep GC freed 3(96B) AllocSpace objects, 0(0B) LOS objects, 23% free, 53MB/69MB, paused 488us total 23.819ms
08-04 14:03:30.704 32570  1570 I art     : Starting a blocking GC Explicit
08-04 14:03:30.728 32570  1570 I art     : Explicit concurrent mark sweep GC freed 3(96B) AllocSpace objects, 0(0B) LOS objects, 23% free, 53MB/69MB, paused 465us total 23.774ms
08-04 14:03:31.058 32570 32581 I art     : Starting a blocking GC Explicit
08-04 14:03:31.089 32570 32581 I art     : Explicit concurrent mark sweep GC freed 1344(78KB) AllocSpace objects, 1(20KB) LOS objects, 23% free, 53MB/69MB, paused 531us total 30.553ms
08-04 14:03:31.100 32570 32581 I art     : Starting a blocking GC Explicit
08-04 14:03:31.124 32570 32581 I art     : Explicit concurrent mark sweep GC freed 20(704B) AllocSpace objects, 0(0B) LOS objects, 23% free, 53MB/69MB, paused 497us total 23.765ms
08-04 14:03:31.133 32570 32581 I art     : Starting a blocking GC Explicit
08-04 14:03:31.157 32570 32581 I art     : Explicit concurrent mark sweep GC freed 3(96B) AllocSpace objects, 0(0B) LOS objects, 23% free, 53MB/69MB, paused 479us total 23.055ms
08-04 14:03:31.166 32570 32581 I art     : Starting a blocking GC Explicit
08-04 14:03:31.189 32570 32581 I art     : Explicit concurrent mark sweep GC freed 3(96B) AllocSpace objects, 0(0B) LOS objects, 23% free, 53MB/69MB, paused 491us total 23.469ms
08-04 14:03:31.199 32570 32581 I art     : Starting a blocking GC Explicit
08-04 14:03:31.223 32570 32581 I art     : Explicit concurrent mark sweep GC freed 3(96B) AllocSpace objects, 0(0B) LOS objects, 23% free, 53MB/69MB, paused 484us total 23.882ms
08-04 14:03:31.555 32570 32611 I art     : Starting a blocking GC Explicit
08-04 14:03:31.584 32570 32611 I art     : Explicit concurrent mark sweep GC freed 1344(78KB) AllocSpace objects, 1(20KB) LOS objects, 23% free, 53MB/69MB, paused 555us total 29.299ms
08-04 14:03:31.595 32570 32611 I art     : Starting a blocking GC Explicit
08-04 14:03:31.619 32570 32611 I art     : Explicit concurrent mark sweep GC freed 20(704B) AllocSpace objects, 0(0B) LOS objects, 23% free, 53MB/69MB, paused 504us total 24.005ms
08-04 14:03:31.629 32570 32611 I art     : Starting a blocking GC Explicit
08-04 14:03:31.652 32570 32611 I art     : Explicit concurrent mark sweep GC freed 3(96B) AllocSpace objects, 0(0B) LOS objects, 23% free, 53MB/69MB, paused 500us total 23.265ms
08-04 14:03:31.661 32570 32611 I art     : Starting a blocking GC Explicit
08-04 14:03:31.685 32570 32611 I art     : Explicit concurrent mark sweep GC freed 3(96B) AllocSpace objects, 0(0B) LOS objects, 23% free, 53MB/69MB, paused 497us total 23.526ms
08-04 14:03:31.694 32570 32611 I art     : Starting a blocking GC Explicit
08-04 14:03:31.718 32570 32611 I art     : Explicit concurrent mark sweep GC freed 3(96B) AllocSpace objects, 0(0B) LOS objects, 23% free, 53MB/69MB, paused 535us total 23.338ms
08-04 14:03:32.034 32570   829 I art     : Starting a blocking GC Explicit
08-04 14:03:32.064 32570   829 I art     : Explicit concurrent mark sweep GC freed 1344(78KB) AllocSpace objects, 1(20KB) LOS objects, 23% free, 53MB/69MB, paused 671us total 29.820ms
08-04 14:03:32.078 32570   829 I art     : Starting a blocking GC Explicit
08-04 14:03:32.101 32570   829 I art     : Explicit concurrent mark sweep GC freed 20(704B) AllocSpace objects, 0(0B) LOS objects, 23% free, 53MB/69MB, paused 484us total 22.800ms
08-04 14:03:32.109 32570   829 I art     : Starting a blocking GC Explicit
08-04 14:03:32.132 32570   829 I art     : Explicit concurrent mark sweep GC freed 3(96B) AllocSpace objects, 0(0B) LOS objects, 23% free, 53MB/69MB, paused 498us total 22.722ms
08-04 14:03:32.141 32570   829 I art     : Starting a blocking GC Explicit
08-04 14:03:32.165 32570   829 I art     : Explicit concurrent mark sweep GC freed 3(96B) AllocSpace objects, 0(0B) LOS objects, 23% free, 53MB/69MB, paused 538us total 23.078ms
08-04 14:03:32.174 32570   829 I art     : Starting a blocking GC Explicit
08-04 14:03:32.197 32570   829 I art     : Explicit concurrent mark sweep GC freed 3(96B) AllocSpace objects, 0(0B) LOS objects, 23% free, 53MB/69MB, paused 521us total 23.416ms
08-04 14:03:32.523 32570 32582 I art     : Starting a blocking GC Explicit
08-04 14:03:32.553 32570 32582 I art     : Explicit concurrent mark sweep GC freed 1344(78KB) AllocSpace objects, 1(20KB) LOS objects, 23% free, 53MB/69MB, paused 549us total 29.441ms
08-04 14:03:32.567 32570 32582 I art     : Starting a blocking GC Explicit
08-04 14:03:32.591 32570 32582 I art     : Explicit concurrent mark sweep GC freed 20(704B) AllocSpace objects, 0(0B) LOS objects, 23% free, 53MB/69MB, paused 511us total 23.512ms
08-04 14:03:32.600 32570 32582 I art     : Starting a blocking GC Explicit
08-04 14:03:32.624 32570 32582 I art     : Explicit concurrent mark sweep GC freed 3(96B) AllocSpace objects, 0(0B) LOS objects, 23% free, 53MB/69MB, paused 520us total 23.492ms
08-04 14:03:32.633 32570 32582 I art     : Starting a blocking GC Explicit
08-04 14:03:32.658 32570 32582 I art     : Explicit concurrent mark sweep GC freed 3(96B) AllocSpace objects, 0(0B) LOS objects, 23% free, 53MB/69MB, paused 548us total 23.931ms
08-04 14:03:32.667 32570 32582 I art     : Starting a blocking GC Explicit
08-04 14:03:32.691 32570 32582 I art     : Explicit concurrent mark sweep GC freed 3(96B) AllocSpace objects, 0(0B) LOS objects, 23% free, 53MB/69MB, paused 516us total 23.589ms
08-04 14:03:33.006 32570  1570 I art     : Starting a blocking GC Explicit
08-04 14:03:33.034 32570  1570 I art     : Explicit concurrent mark sweep GC freed 1344(78KB) AllocSpace objects, 1(20KB) LOS objects, 23% free, 53MB/69MB, paused 536us total 27.690ms
08-04 14:03:33.045 32570  1570 I art     : Starting a blocking GC Explicit
08-04 14:03:33.069 32570  1570 I art     : Explicit concurrent mark sweep GC freed 20(704B) AllocSpace objects, 0(0B) LOS objects, 23% free, 53MB/69MB, paused 556us total 23.658ms
08-04 14:03:33.078 32570  1570 I art     : Starting a blocking GC Explicit
08-04 14:03:33.101 32570  1570 I art     : Explicit concurrent mark sweep GC freed 3(96B) AllocSpace objects, 0(0B) LOS objects, 23% free, 53MB/69MB, paused 480us total 22.876ms
08-04 14:03:33.110 32570  1570 I art     : Starting a blocking GC Explicit
08-04 14:03:33.134 32570  1570 I art     : Explicit concurrent mark sweep GC freed 3(96B) AllocSpace objects, 0(0B) LOS objects, 23% free, 53MB/69MB, paused 479us total 23.347ms
08-04 14:03:33.143 32570  1570 I art     : Starting a blocking GC Explicit
08-04 14:03:33.167 32570  1570 I art     : Explicit concurrent mark sweep GC freed 3(96B) AllocSpace objects, 0(0B) LOS objects, 23% free, 53MB/69MB, paused 500us total 23.343ms
08-04 14:03:33.501 32570 32581 I art     : Starting a blocking GC Explicit
08-04 14:03:33.531 32570 32581 I art     : Explicit concurrent mark sweep GC freed 1344(78KB) AllocSpace objects, 1(20KB) LOS objects, 23% free, 53MB/69MB, paused 521us total 29.725ms
08-04 14:03:33.545 32570 32581 I art     : Starting a blocking GC Explicit
08-04 14:03:33.568 32570 32581 I art     : Explicit concurrent mark sweep GC freed 20(704B) AllocSpace objects, 0(0B) LOS objects, 23% free, 53MB/69MB, paused 492us total 22.800ms
08-04 14:03:33.577 32570 32581 I art     : Starting a blocking GC Explicit
08-04 14:03:33.600 32570 32581 I art     : Explicit concurrent mark sweep GC freed 3(96B) AllocSpace objects, 0(0B) LOS objects, 23% free, 53MB/69MB, paused 491us total 23.074ms
08-04 14:03:33.609 32570 32581 I art     : Starting a blocking GC Explicit
08-04 14:03:33.632 32570 32581 I art     : Explicit concurrent mark sweep GC freed 3(96B) AllocSpace objects, 0(0B) LOS objects, 23% free, 53MB/69MB, paused 491us total 23.074ms
08-04 14:03:33.642 32570 32581 I art     : Starting a blocking GC Explicit
08-04 14:03:33.665 32570 32581 I art     : Explicit concurrent mark sweep GC freed 3(96B) AllocSpace objects, 0(0B) LOS objects, 23% free, 53MB/69MB, paused 501us total 23.568ms
08-04 14:03:33.958 32570 32611 I art     : Starting a blocking GC Explicit
08-04 14:03:33.982 32570 32611 I art     : Explicit concurrent mark sweep GC freed 1344(78KB) AllocSpace objects, 1(20KB) LOS objects, 23% free, 53MB/69MB, paused 533us total 23.093ms
08-04 14:03:33.991 32570 32611 I art     : Starting a blocking GC Explicit
08-04 14:03:34.013 32570 32611 I art     : Explicit concurrent mark sweep GC freed 20(704B) AllocSpace objects, 0(0B) LOS objects, 23% free, 53MB/69MB, paused 500us total 22.149ms
08-04 14:03:34.022 32570 32611 I art     : Starting a blocking GC Explicit
08-04 14:03:34.044 32570 32611 I art     : Explicit concurrent mark sweep GC freed 3(96B) AllocSpace objects, 0(0B) LOS objects, 23% free, 53MB/69MB, paused 511us total 21.999ms
08-04 14:03:34.053 32570 32611 I art     : Starting a blocking GC Explicit
08-04 14:03:34.075 32570 32611 I art     : Explicit concurrent mark sweep GC freed 3(96B) AllocSpace objects, 0(0B) LOS objects, 23% free, 53MB/69MB, paused 573us total 21.760ms
08-04 14:03:34.083 32570 32611 I art     : Starting a blocking GC Explicit
08-04 14:03:34.106 32570 32611 I art     : Explicit concurrent mark sweep GC freed 3(96B) AllocSpace objects, 0(0B) LOS objects, 23% free, 53MB/69MB, paused 505us total 22.013ms
08-04 14:03:34.265  3694  3694 D AndroidRuntime: >>>>>> START com.android.internal.os.RuntimeInit uid 2000 <<<<<<
08-04 14:03:34.271  3694  3694 D AndroidRuntime: CheckJNI is OFF
08-04 14:03:34.304  3694  3694 D ICU     : No timezone override file found: /data/misc/zoneinfo/current/icu/icu_tzdata.dat
08-04 14:03:34.336  3694  3694 I Radio-JNI: register_android_hardware_Radio DONE
08-04 14:03:34.357  3694  3694 D AndroidRuntime: Calling main entry com.android.commands.input.Input
08-04 14:03:34.359  3694  3694 I Input   : injectMotionEvent: MotionEvent { action=ACTION_DOWN, actionButton=0, id[0]=0, x[0]=369.0, y[0]=554.0, toolType[0]=TOOL_TYPE_UNKNOWN, buttonState=0, metaState=0, flags=0x0, edgeFlags=0x0, pointerCount=1, historySize=0, eventTime=713030772, downTime=713030772, deviceId=0, source=0x1002 }
08-04 14:03:34.364  3694  3694 I Input   : injectMotionEvent: MotionEvent { action=ACTION_UP, actionButton=0, id[0]=0, x[0]=369.0, y[0]=554.0, toolType[0]=TOOL_TYPE_UNKNOWN, buttonState=0, metaState=0, flags=0x0, edgeFlags=0x0, pointerCount=1, historySize=0, eventTime=713030772, downTime=713030772, deviceId=0, source=0x1002 }
08-04 14:03:34.365   918  6112 I ActivityManager: START u0 {cmp=baseline.appteam.nith.hillffair/.activities.ClubActivity (has extras)} from uid 10651 on display 0
08-04 14:03:34.374  3694  3694 D AndroidRuntime: Shutting down VM
08-04 14:03:34.417 32570 32611 I art     : Starting a blocking GC Explicit
08-04 14:03:34.439 32570 32611 I art     : Explicit concurrent mark sweep GC freed 4925(299KB) AllocSpace objects, 1(20KB) LOS objects, 23% free, 53MB/69MB, paused 524us total 22.252ms
08-04 14:03:34.447 32570 32611 I art     : Starting a blocking GC Explicit
08-04 14:03:34.465 13866 13866 I GoogleInputMethodServic: GoogleInputMethodService.onFinishInput():3138 
08-04 14:03:34.465   918   936 I ActivityManager: Displayed baseline.appteam.nith.hillffair/.activities.ClubActivity: +89ms
08-04 14:03:34.465 13866 13866 I GoogleInputMethodServic: GoogleInputMethodService.onStartInput():1808 
08-04 14:03:34.471 32570 32611 I art     : Explicit concurrent mark sweep GC freed 442(20KB) AllocSpace objects, 0(0B) LOS objects, 22% free, 53MB/69MB, paused 618us total 23.510ms
08-04 14:03:34.480 32570 32611 I art     : Starting a blocking GC Explicit
08-04 14:03:34.503 32570 32611 I art     : Explicit concurrent mark sweep GC freed 32(2304B) AllocSpace objects, 0(0B) LOS objects, 23% free, 53MB/69MB, paused 498us total 22.902ms
08-04 14:03:34.512 32570 32611 I art     : Starting a blocking GC Explicit
08-04 14:03:34.533 32570 32611 I art     : Explicit concurrent mark sweep GC freed 7(240B) AllocSpace objects, 0(0B) LOS objects, 23% free, 53MB/69MB, paused 498us total 20.406ms
08-04 14:03:34.541 32570 32611 I art     : Starting a blocking GC Explicit
08-04 14:03:34.564 32570 32611 I art     : Explicit concurrent mark sweep GC freed 3(96B) AllocSpace objects, 0(0B) LOS objects, 23% free, 53MB/69MB, paused 525us total 22.402ms
08-04 14:03:34.712   380   380 W SurfaceFlinger: couldn't log to binary event log: overflow.
08-04 14:03:34.812 32570  1570 I art     : Starting a blocking GC Explicit
08-04 14:03:34.834 32570  1570 I art     : Explicit concurrent mark sweep GC freed 1437(83KB) AllocSpace objects, 1(20KB) LOS objects, 23% free, 53MB/69MB, paused 616us total 21.839ms
08-04 14:03:34.843 32570  1570 I art     : Starting a blocking GC Explicit
08-04 14:03:34.864 32570  1570 I art     : Explicit concurrent mark sweep GC freed 43(2000B) AllocSpace objects, 0(0B) LOS objects, 23% free, 53MB/69MB, paused 485us total 21.267ms
08-04 14:03:34.872 32570  1570 I art     : Starting a blocking GC Explicit
08-04 14:03:34.893 32570  1570 I art     : Explicit concurrent mark sweep GC freed 10(352B) AllocSpace objects, 0(0B) LOS objects, 23% free, 53MB/69MB, paused 531us total 20.695ms
08-04 14:03:34.901 32570  1570 I art     : Starting a blocking GC Explicit
08-04 14:03:34.923 32570  1570 I art     : Explicit concurrent mark sweep GC freed 11(416B) AllocSpace objects, 0(0B) LOS objects, 23% free, 53MB/69MB, paused 529us total 21.499ms
08-04 14:03:34.931 32570  1570 I art     : Starting a blocking GC Explicit
08-04 14:03:34.953 32570  1570 I art     : Explicit concurrent mark sweep GC freed 13(480B) AllocSpace objects, 0(0B) LOS objects, 23% free, 53MB/69MB, paused 527us total 21.682ms
08-04 14:03:35.039 26337 26339 E QC-QMI  : qmi_client [26337] 4f2: failed to locate client data
08-04 14:03:35.039   519   519 E QC-QMI  : qmuxd: RX on fd=18 returned error=0 errno[2:No such file or directory]
08-04 14:03:35.039   519   519 E QC-QMI  : QMUX qmux_client_id=4f2 not found in qmux client list, unable to remove
08-04 14:03:35.040 26337 26337 I Atfwd_Daemon: Stop the daemon....
08-04 14:03:35.059  3744  3744 W ATFWD-daemon: type=1400 audit(0.0:738809): avc: denied { read write } for name="diag" dev="tmpfs" ino=1296 scontext=u:r:atfwd:s0 tcontext=u:object_r:diag_device:s0 tclass=chr_file permissive=0
08-04 14:03:35.066  3744  3744 I libmdmdetect: ESOC framework not supported
08-04 14:03:35.067  3744  3744 I libmdmdetect: Found internal modem: modem
08-04 14:03:35.067  3744  3744 E Diag_Lib:  Diag_LSM_Init: Failed to open handle to diag driver, error = 13
08-04 14:03:35.071  3744  3744 I Atfwd_Daemon: result : 255 	 ,Init step :0 	 ,qmiErrorCode: 0
08-04 14:03:35.071  3744  3744 I Atfwd_Daemon: result : 0 	 ,Init step :1 	 ,qmiErrorCode: 0
08-04 14:03:35.072  3744  3744 I ServiceManager: Waiting for service AtCmdFwd...
08-04 14:03:35.105 32570  3729 D OkHttp  : --> GET https://api-hillfair-2k16.herokuapp.com/api/app/club/PR%20Club http/1.1
08-04 14:03:35.134 32570  3729 D OkHttp  : <-- 200 OK https://api-hillfair-2k16.herokuapp.com/api/app/club/PR%20Club (29ms, 979-byte body)
08-04 14:03:35.181 32570 32570 I NAPPA_EXPERIMENTATION: MetricNetworkRequestExecutionTime: REQUEST_DURATION_SYSTEM='780',REQUEST_DURATION_OKHTTP='29',REQUEST_SYNCHRONOUS='FALSE',RESPONSE_CODE='200',RESPONSE_METHOD='GET',RESPONSE_LENGTH_OKHTTP='979',RESPONSE_LENGTH_HEADER='979',REQUEST_PROTOCOL='http/1.1',REQUEST_URL='https://api-hillfair-2k16.herokuapp.com/api/app/club/PR%20Club',
08-04 14:03:35.223 32570 32581 I art     : Starting a blocking GC Explicit
08-04 14:03:35.248 32570 32581 I art     : Explicit concurrent mark sweep GC freed 4813(347KB) AllocSpace objects, 4(220KB) LOS objects, 22% free, 53MB/69MB, paused 559us total 24.066ms
08-04 14:03:35.256 32570 32581 I art     : Starting a blocking GC Explicit
08-04 14:03:35.278 32570 32581 I art     : Explicit concurrent mark sweep GC freed 1041(119KB) AllocSpace objects, 0(0B) LOS objects, 22% free, 53MB/69MB, paused 544us total 21.924ms
08-04 14:03:35.287 32570 32581 I art     : Starting a blocking GC Explicit
08-04 14:03:35.308 32570 32581 I art     : Explicit concurrent mark sweep GC freed 3(96B) AllocSpace objects, 0(0B) LOS objects, 22% free, 53MB/69MB, paused 502us total 21.294ms
08-04 14:03:35.317 32570 32581 I art     : Starting a blocking GC Explicit
08-04 14:03:35.338 32570 32581 I art     : Explicit concurrent mark sweep GC freed 3(96B) AllocSpace objects, 0(0B) LOS objects, 22% free, 53MB/69MB, paused 505us total 21.411ms
08-04 14:03:35.347 32570 32581 I art     : Starting a blocking GC Explicit
08-04 14:03:35.370 32570 32581 I art     : Explicit concurrent mark sweep GC freed 3(96B) AllocSpace objects, 0(0B) LOS objects, 22% free, 53MB/69MB, paused 515us total 23.291ms
08-04 14:03:35.654 32570   829 I art     : Starting a blocking GC Explicit
08-04 14:03:35.681 32570   829 I art     : Explicit concurrent mark sweep GC freed 1344(78KB) AllocSpace objects, 1(20KB) LOS objects, 22% free, 53MB/69MB, paused 642us total 27.030ms
08-04 14:03:35.693 32570   829 I art     : Starting a blocking GC Explicit
08-04 14:03:35.716 32570   829 I art     : Explicit concurrent mark sweep GC freed 36(1264B) AllocSpace objects, 0(0B) LOS objects, 22% free, 53MB/69MB, paused 510us total 23.155ms
08-04 14:03:35.725 32570   829 I art     : Starting a blocking GC Explicit
08-04 14:03:35.749 32570   829 I art     : Explicit concurrent mark sweep GC freed 3(96B) AllocSpace objects, 0(0B) LOS objects, 22% free, 53MB/69MB, paused 503us total 23.903ms
08-04 14:03:35.759 32570   829 I art     : Starting a blocking GC Explicit
08-04 14:03:35.782 32570   829 I art     : Explicit concurrent mark sweep GC freed 3(96B) AllocSpace objects, 0(0B) LOS objects, 22% free, 53MB/69MB, paused 530us total 23.517ms
08-04 14:03:35.791 32570   829 I art     : Starting a blocking GC Explicit
08-04 14:03:35.816 32570   829 I art     : Explicit concurrent mark sweep GC freed 3(96B) AllocSpace objects, 0(0B) LOS objects, 22% free, 53MB/69MB, paused 515us total 24.020ms
08-04 14:03:36.072  3744  3744 I ServiceManager: Waiting for service AtCmdFwd...
08-04 14:03:36.106 32570 32581 I art     : Starting a blocking GC Explicit
08-04 14:03:36.137 32570 32581 I art     : Explicit concurrent mark sweep GC freed 1344(78KB) AllocSpace objects, 1(20KB) LOS objects, 22% free, 53MB/69MB, paused 624us total 30.933ms
08-04 14:03:36.150 32570 32581 I art     : Starting a blocking GC Explicit
08-04 14:03:36.175 32570 32581 I art     : Explicit concurrent mark sweep GC freed 20(704B) AllocSpace objects, 0(0B) LOS objects, 22% free, 53MB/69MB, paused 522us total 24.704ms
08-04 14:03:36.184 32570 32581 I art     : Starting a blocking GC Explicit
08-04 14:03:36.209 32570 32581 I art     : Explicit concurrent mark sweep GC freed 3(96B) AllocSpace objects, 0(0B) LOS objects, 22% free, 53MB/69MB, paused 521us total 24.469ms
08-04 14:03:36.218 32570 32581 I art     : Starting a blocking GC Explicit
08-04 14:03:36.244 32570 32581 I art     : Explicit concurrent mark sweep GC freed 3(96B) AllocSpace objects, 0(0B) LOS objects, 22% free, 53MB/69MB, paused 515us total 24.929ms
08-04 14:03:36.253 32570 32581 I art     : Starting a blocking GC Explicit
08-04 14:03:36.277 32570 32581 I art     : Explicit concurrent mark sweep GC freed 3(96B) AllocSpace objects, 0(0B) LOS objects, 22% free, 53MB/69MB, paused 526us total 24.275ms
08-04 14:03:36.608 32570 32582 I art     : Starting a blocking GC Explicit
08-04 14:03:36.642 32570 32582 I art     : Explicit concurrent mark sweep GC freed 1344(78KB) AllocSpace objects, 1(20KB) LOS objects, 22% free, 53MB/69MB, paused 603us total 33.720ms
08-04 14:03:36.653 32570 32582 I art     : Starting a blocking GC Explicit
08-04 14:03:36.678 32570 32582 I art     : Explicit concurrent mark sweep GC freed 20(704B) AllocSpace objects, 0(0B) LOS objects, 22% free, 53MB/69MB, paused 531us total 24.514ms
08-04 14:03:36.687 32570 32582 I art     : Starting a blocking GC Explicit
08-04 14:03:36.712 32570 32582 I art     : Explicit concurrent mark sweep GC freed 3(96B) AllocSpace objects, 0(0B) LOS objects, 22% free, 53MB/69MB, paused 523us total 24.800ms
08-04 14:03:36.722 32570 32582 I art     : Starting a blocking GC Explicit
08-04 14:03:36.747 32570 32582 I art     : Explicit concurrent mark sweep GC freed 3(96B) AllocSpace objects, 0(0B) LOS objects, 22% free, 53MB/69MB, paused 584us total 25.019ms
08-04 14:03:36.756 32570 32582 I art     : Starting a blocking GC Explicit
08-04 14:03:36.782 32570 32582 I art     : Explicit concurrent mark sweep GC freed 3(96B) AllocSpace objects, 0(0B) LOS objects, 22% free, 53MB/69MB, paused 531us total 25.165ms
08-04 14:03:37.073  3744  3744 I ServiceManager: Waiting for service AtCmdFwd...
08-04 14:03:37.093 32570  1570 I art     : Starting a blocking GC Explicit
08-04 14:03:37.124 32570  1570 I art     : Explicit concurrent mark sweep GC freed 1344(78KB) AllocSpace objects, 1(20KB) LOS objects, 22% free, 53MB/69MB, paused 559us total 30.702ms
08-04 14:03:37.137 32570  1570 I art     : Starting a blocking GC Explicit
08-04 14:03:37.162 32570  1570 I art     : Explicit concurrent mark sweep GC freed 20(704B) AllocSpace objects, 0(0B) LOS objects, 22% free, 53MB/69MB, paused 519us total 24.852ms
08-04 14:03:37.172 32570  1570 I art     : Starting a blocking GC Explicit
08-04 14:03:37.197 32570  1570 I art     : Explicit concurrent mark sweep GC freed 3(96B) AllocSpace objects, 0(0B) LOS objects, 22% free, 53MB/69MB, paused 581us total 25.042ms
08-04 14:03:37.206 32570  1570 I art     : Starting a blocking GC Explicit
08-04 14:03:37.231 32570  1570 I art     : Explicit concurrent mark sweep GC freed 3(96B) AllocSpace objects, 0(0B) LOS objects, 22% free, 53MB/69MB, paused 519us total 24.428ms
08-04 14:03:37.240 32570  1570 I art     : Starting a blocking GC Explicit
08-04 14:03:37.265 32570  1570 I art     : Explicit concurrent mark sweep GC freed 3(96B) AllocSpace objects, 0(0B) LOS objects, 22% free, 53MB/69MB, paused 516us total 24.465ms
08-04 14:03:37.611 32570 32611 I art     : Starting a blocking GC Explicit
08-04 14:03:37.645 32570 32611 I art     : Explicit concurrent mark sweep GC freed 1344(78KB) AllocSpace objects, 1(20KB) LOS objects, 22% free, 53MB/69MB, paused 562us total 33.646ms
08-04 14:03:37.658 32570 32611 I art     : Starting a blocking GC Explicit
08-04 14:03:37.683 32570 32611 I art     : Explicit concurrent mark sweep GC freed 20(704B) AllocSpace objects, 0(0B) LOS objects, 22% free, 53MB/69MB, paused 559us total 24.780ms
08-04 14:03:37.692 32570 32611 I art     : Starting a blocking GC Explicit
08-04 14:03:37.718 32570 32611 I art     : Explicit concurrent mark sweep GC freed 3(96B) AllocSpace objects, 0(0B) LOS objects, 22% free, 53MB/69MB, paused 556us total 24.861ms
08-04 14:03:37.727 32570 32611 I art     : Starting a blocking GC Explicit
08-04 14:03:37.751 32570 32611 I art     : Explicit concurrent mark sweep GC freed 3(96B) AllocSpace objects, 0(0B) LOS objects, 22% free, 53MB/69MB, paused 520us total 24.250ms
08-04 14:03:37.760 32570 32611 I art     : Starting a blocking GC Explicit
08-04 14:03:37.785 32570 32611 I art     : Explicit concurrent mark sweep GC freed 3(96B) AllocSpace objects, 0(0B) LOS objects, 22% free, 53MB/69MB, paused 529us total 24.531ms
08-04 14:03:38.074  3744  3744 I ServiceManager: Waiting for service AtCmdFwd...
08-04 14:03:38.119 32570   829 I art     : Starting a blocking GC Explicit
08-04 14:03:38.156 32570   829 I art     : Explicit concurrent mark sweep GC freed 1344(78KB) AllocSpace objects, 1(20KB) LOS objects, 22% free, 53MB/69MB, paused 654us total 36.507ms
08-04 14:03:38.172 32570   829 I art     : Starting a blocking GC Explicit
08-04 14:03:38.201 32570   829 I art     : Explicit concurrent mark sweep GC freed 20(704B) AllocSpace objects, 0(0B) LOS objects, 22% free, 53MB/69MB, paused 553us total 28.495ms
08-04 14:03:38.212 32570   829 I art     : Starting a blocking GC Explicit
08-04 14:03:38.232 32570   829 I art     : Explicit concurrent mark sweep GC freed 3(96B) AllocSpace objects, 0(0B) LOS objects, 22% free, 53MB/69MB, paused 472us total 19.999ms
08-04 14:03:38.240 32570   829 I art     : Starting a blocking GC Explicit
08-04 14:03:38.262 32570   829 I art     : Explicit concurrent mark sweep GC freed 7(224B) AllocSpace objects, 0(0B) LOS objects, 22% free, 53MB/69MB, paused 489us total 21.558ms
08-04 14:03:38.271 32570   829 I art     : Starting a blocking GC Explicit
08-04 14:03:38.294 32570   829 I art     : Explicit concurrent mark sweep GC freed 20(976B) AllocSpace objects, 0(0B) LOS objects, 22% free, 53MB/69MB, paused 572us total 23.140ms
08-04 14:03:38.615 32570 32581 I art     : Starting a blocking GC Explicit
08-04 14:03:38.641 32570 32581 I art     : Explicit concurrent mark sweep GC freed 1360(78KB) AllocSpace objects, 1(20KB) LOS objects, 22% free, 53MB/69MB, paused 514us total 25.729ms
08-04 14:03:38.650 32570 32581 I art     : Starting a blocking GC Explicit
08-04 14:03:38.673 32570 32581 I art     : Explicit concurrent mark sweep GC freed 20(704B) AllocSpace objects, 0(0B) LOS objects, 22% free, 53MB/69MB, paused 492us total 22.688ms
08-04 14:03:38.681 32570 32581 I art     : Starting a blocking GC Explicit
08-04 14:03:38.705 32570 32581 I art     : Explicit concurrent mark sweep GC freed 3(96B) AllocSpace objects, 0(0B) LOS objects, 22% free, 53MB/69MB, paused 507us total 23.461ms
08-04 14:03:38.714 32570 32581 I art     : Starting a blocking GC Explicit
08-04 14:03:38.737 32570 32581 I art     : Explicit concurrent mark sweep GC freed 3(96B) AllocSpace objects, 0(0B) LOS objects, 22% free, 53MB/69MB, paused 665us total 23.221ms
08-04 14:03:38.746 32570 32581 I art     : Starting a blocking GC Explicit
08-04 14:03:38.770 32570 32581 I art     : Explicit concurrent mark sweep GC freed 3(96B) AllocSpace objects, 0(0B) LOS objects, 22% free, 53MB/69MB, paused 490us total 23.452ms
08-04 14:03:39.034  3854  3854 D AndroidRuntime: >>>>>> START com.android.internal.os.RuntimeInit uid 2000 <<<<<<
08-04 14:03:39.039  3854  3854 D AndroidRuntime: CheckJNI is OFF
08-04 14:03:39.072  3854  3854 D ICU     : No timezone override file found: /data/misc/zoneinfo/current/icu/icu_tzdata.dat
08-04 14:03:39.074  3744  3744 I ServiceManager: Waiting for service AtCmdFwd...
08-04 14:03:39.102 32570 32582 I art     : Starting a blocking GC Explicit
08-04 14:03:39.107  3854  3854 I Radio-JNI: register_android_hardware_Radio DONE
08-04 14:03:39.127 32570 32582 I art     : Explicit concurrent mark sweep GC freed 1344(78KB) AllocSpace objects, 1(20KB) LOS objects, 22% free, 53MB/69MB, paused 577us total 24.423ms
08-04 14:03:39.130  3854  3854 D AndroidRuntime: Calling main entry com.android.commands.input.Input
08-04 14:03:39.132  3854  3854 I Input   : injectKeyEvent: KeyEvent { action=ACTION_DOWN, keyCode=KEYCODE_BACK, scanCode=0, metaState=0, flags=0x0, repeatCount=0, eventTime=713035545, downTime=713035545, deviceId=-1, source=0x101 }
08-04 14:03:39.136 32570 32582 I art     : Starting a blocking GC Explicit
08-04 14:03:39.136  3854  3854 I Input   : injectKeyEvent: KeyEvent { action=ACTION_UP, keyCode=KEYCODE_BACK, scanCode=0, metaState=0, flags=0x0, repeatCount=0, eventTime=713035545, downTime=713035545, deviceId=-1, source=0x101 }
08-04 14:03:39.143  3854  3854 D AndroidRuntime: Shutting down VM
08-04 14:03:39.159 32570 32582 I art     : Explicit concurrent mark sweep GC freed 156(6KB) AllocSpace objects, 0(0B) LOS objects, 22% free, 53MB/69MB, paused 494us total 22.611ms
08-04 14:03:39.168 32570 32582 I art     : Starting a blocking GC Explicit
08-04 14:03:39.177 13866 13866 I GoogleInputMethodServic: GoogleInputMethodService.onFinishInput():3138 
08-04 14:03:39.178 13866 13866 I GoogleInputMethodServic: GoogleInputMethodService.onStartInput():1808 
08-04 14:03:39.191 32570 32582 I art     : Explicit concurrent mark sweep GC freed 16(672B) AllocSpace objects, 0(0B) LOS objects, 22% free, 53MB/69MB, paused 531us total 23.257ms
08-04 14:03:39.199 32570 32582 I art     : Starting a blocking GC Explicit
08-04 14:03:39.223 32570 32582 I art     : Explicit concurrent mark sweep GC freed 39(1280B) AllocSpace objects, 0(0B) LOS objects, 22% free, 53MB/69MB, paused 494us total 23.735ms
08-04 14:03:39.231 32570 32582 I art     : Starting a blocking GC Explicit
08-04 14:03:39.252 32570 32582 I art     : Explicit concurrent mark sweep GC freed 6(224B) AllocSpace objects, 0(0B) LOS objects, 22% free, 53MB/69MB, paused 452us total 19.909ms
08-04 14:03:39.483   380   380 W SurfaceFlinger: couldn't log to binary event log: overflow.
08-04 14:03:39.526 32570  1570 I art     : Starting a blocking GC Explicit
08-04 14:03:39.550 32570  1570 I art     : Explicit concurrent mark sweep GC freed 1453(86KB) AllocSpace objects, 1(20KB) LOS objects, 22% free, 53MB/69MB, paused 487us total 23.408ms
08-04 14:03:39.559 32570  1570 I art     : Starting a blocking GC Explicit
08-04 14:03:39.582 32570  1570 I art     : Explicit concurrent mark sweep GC freed 1671(107KB) AllocSpace objects, 3(184KB) LOS objects, 23% free, 53MB/69MB, paused 487us total 23.350ms
08-04 14:03:39.591 32570  1570 I art     : Starting a blocking GC Explicit
08-04 14:03:39.615 32570  1570 I art     : Explicit concurrent mark sweep GC freed 3(96B) AllocSpace objects, 0(0B) LOS objects, 23% free, 53MB/69MB, paused 500us total 23.263ms
08-04 14:03:39.624 32570  1570 I art     : Starting a blocking GC Explicit
08-04 14:03:39.647 32570  1570 I art     : Explicit concurrent mark sweep GC freed 3(96B) AllocSpace objects, 0(0B) LOS objects, 23% free, 53MB/69MB, paused 559us total 23.255ms
08-04 14:03:39.656 32570  1570 I art     : Starting a blocking GC Explicit
08-04 14:03:39.680 32570  1570 I art     : Explicit concurrent mark sweep GC freed 3(96B) AllocSpace objects, 0(0B) LOS objects, 23% free, 53MB/69MB, paused 512us total 23.877ms
08-04 14:03:39.985 32570   829 I art     : Starting a blocking GC Explicit
08-04 14:03:40.017 32570   829 I art     : Explicit concurrent mark sweep GC freed 1344(78KB) AllocSpace objects, 1(20KB) LOS objects, 23% free, 53MB/69MB, paused 545us total 31.470ms
08-04 14:03:40.029 32570   829 I art     : Starting a blocking GC Explicit
08-04 14:03:40.053 32570   829 I art     : Explicit concurrent mark sweep GC freed 20(704B) AllocSpace objects, 0(0B) LOS objects, 23% free, 53MB/69MB, paused 498us total 23.913ms
08-04 14:03:40.062 32570   829 I art     : Starting a blocking GC Explicit
08-04 14:03:40.075  3744  3744 W Atfwd_Sendcmd: AtCmdFwd service not published, waiting... retryCnt : 1
08-04 14:03:40.087 32570   829 I art     : Explicit concurrent mark sweep GC freed 3(96B) AllocSpace objects, 0(0B) LOS objects, 23% free, 53MB/69MB, paused 493us total 24.242ms
08-04 14:03:40.096 32570   829 I art     : Starting a blocking GC Explicit
08-04 14:03:40.121 32570   829 I art     : Explicit concurrent mark sweep GC freed 3(96B) AllocSpace objects, 0(0B) LOS objects, 23% free, 53MB/69MB, paused 505us total 24.833ms
08-04 14:03:40.130 32570   829 I art     : Starting a blocking GC Explicit
08-04 14:03:40.154 32570   829 I art     : Explicit concurrent mark sweep GC freed 3(96B) AllocSpace objects, 0(0B) LOS objects, 23% free, 53MB/69MB, paused 506us total 23.495ms
08-04 14:03:40.442 32570 32611 I art     : Starting a blocking GC Explicit
08-04 14:03:40.466 32570 32611 I art     : Explicit concurrent mark sweep GC freed 1344(78KB) AllocSpace objects, 1(20KB) LOS objects, 23% free, 53MB/69MB, paused 521us total 23.844ms
08-04 14:03:40.475 32570 32611 I art     : Starting a blocking GC Explicit
08-04 14:03:40.499 32570 32611 I art     : Explicit concurrent mark sweep GC freed 20(704B) AllocSpace objects, 0(0B) LOS objects, 23% free, 53MB/69MB, paused 518us total 23.445ms
08-04 14:03:40.508 32570 32611 I art     : Starting a blocking GC Explicit
08-04 14:03:40.531 32570 32611 I art     : Explicit concurrent mark sweep GC freed 3(96B) AllocSpace objects, 0(0B) LOS objects, 23% free, 53MB/69MB, paused 500us total 22.410ms
08-04 14:03:40.540 32570 32611 I art     : Starting a blocking GC Explicit
08-04 14:03:40.563 32570 32611 I art     : Explicit concurrent mark sweep GC freed 3(96B) AllocSpace objects, 0(0B) LOS objects, 23% free, 53MB/69MB, paused 496us total 22.500ms
08-04 14:03:40.571 32570 32611 I art     : Starting a blocking GC Explicit
08-04 14:03:40.594 32570 32611 I art     : Explicit concurrent mark sweep GC freed 3(96B) AllocSpace objects, 0(0B) LOS objects, 23% free, 53MB/69MB, paused 513us total 22.176ms
08-04 14:03:40.811  3915  3915 D AndroidRuntime: >>>>>> START com.android.internal.os.RuntimeInit uid 2000 <<<<<<
08-04 14:03:40.816  3915  3915 D AndroidRuntime: CheckJNI is OFF
08-04 14:03:40.850  3915  3915 D ICU     : No timezone override file found: /data/misc/zoneinfo/current/icu/icu_tzdata.dat
08-04 14:03:40.869 32570 32581 I art     : Starting a blocking GC Explicit
08-04 14:03:40.883  3915  3915 I Radio-JNI: register_android_hardware_Radio DONE
08-04 14:03:40.893 32570 32581 I art     : Explicit concurrent mark sweep GC freed 1344(78KB) AllocSpace objects, 1(20KB) LOS objects, 23% free, 53MB/69MB, paused 560us total 23.533ms
08-04 14:03:40.902 32570 32581 I art     : Starting a blocking GC Explicit
08-04 14:03:40.906  3915  3915 D AndroidRuntime: Calling main entry com.android.commands.input.Input
08-04 14:03:40.908  3915  3915 I Input   : injectMotionEvent: MotionEvent { action=ACTION_DOWN, actionButton=0, id[0]=0, x[0]=1012.0, y[0]=1152.0, toolType[0]=TOOL_TYPE_UNKNOWN, buttonState=0, metaState=0, flags=0x0, edgeFlags=0x0, pointerCount=1, historySize=0, eventTime=713037320, downTime=713037320, deviceId=0, source=0x1002 }
08-04 14:03:40.911  3915  3915 I Input   : injectMotionEvent: MotionEvent { action=ACTION_UP, actionButton=0, id[0]=0, x[0]=1012.0, y[0]=1152.0, toolType[0]=TOOL_TYPE_UNKNOWN, buttonState=0, metaState=0, flags=0x0, edgeFlags=0x0, pointerCount=1, historySize=0, eventTime=713037320, downTime=713037320, deviceId=0, source=0x1002 }
08-04 14:03:40.913   918  4400 I ActivityManager: START u0 {cmp=baseline.appteam.nith.hillffair/.activities.ClubActivity (has extras)} from uid 10651 on display 0
08-04 14:03:40.919  3915  3915 D AndroidRuntime: Shutting down VM
08-04 14:03:40.923 32570 32581 I art     : Explicit concurrent mark sweep GC freed 45(1504B) AllocSpace objects, 0(0B) LOS objects, 23% free, 53MB/69MB, paused 664us total 21.415ms
08-04 14:03:40.933 32570 32581 I art     : Starting a blocking GC Explicit
08-04 14:03:40.956 32570 32581 I art     : Explicit concurrent mark sweep GC freed 3299(199KB) AllocSpace objects, 0(0B) LOS objects, 23% free, 53MB/69MB, paused 631us total 22.125ms
08-04 14:03:40.965 32570 32581 I art     : Starting a blocking GC Explicit
08-04 14:03:40.986 32570 32581 I art     : Explicit concurrent mark sweep GC freed 214(21KB) AllocSpace objects, 0(0B) LOS objects, 23% free, 53MB/69MB, paused 549us total 20.701ms
08-04 14:03:40.994 32570 32581 I art     : Starting a blocking GC Explicit
08-04 14:03:41.013   918   936 I ActivityManager: Displayed baseline.appteam.nith.hillffair/.activities.ClubActivity: +95ms
08-04 14:03:41.014 13866 13866 I GoogleInputMethodServic: GoogleInputMethodService.onFinishInput():3138 
08-04 14:03:41.014 13866 13866 I GoogleInputMethodServic: GoogleInputMethodService.onStartInput():1808 
08-04 14:03:41.019 32570 32581 I art     : Explicit concurrent mark sweep GC freed 185(6KB) AllocSpace objects, 0(0B) LOS objects, 22% free, 53MB/69MB, paused 1.203ms total 24.737ms
08-04 14:03:41.267   380   380 W SurfaceFlinger: couldn't log to binary event log: overflow.
08-04 14:03:41.300 32570 32582 I art     : Starting a blocking GC Explicit
08-04 14:03:41.322 32570 32582 I art     : Explicit concurrent mark sweep GC freed 1434(84KB) AllocSpace objects, 1(20KB) LOS objects, 22% free, 53MB/69MB, paused 554us total 21.662ms
08-04 14:03:41.331 32570 32582 I art     : Starting a blocking GC Explicit
08-04 14:03:41.352 32570 32582 I art     : Explicit concurrent mark sweep GC freed 24(832B) AllocSpace objects, 0(0B) LOS objects, 22% free, 53MB/69MB, paused 490us total 21.073ms
08-04 14:03:41.360 32570 32582 I art     : Starting a blocking GC Explicit
08-04 14:03:41.383 32570 32582 I art     : Explicit concurrent mark sweep GC freed 3(96B) AllocSpace objects, 0(0B) LOS objects, 22% free, 53MB/69MB, paused 565us total 22.596ms
08-04 14:03:41.393 32570 32582 I art     : Starting a blocking GC Explicit
08-04 14:03:41.419 32570 32582 I art     : Explicit concurrent mark sweep GC freed 109(6KB) AllocSpace objects, 0(0B) LOS objects, 22% free, 53MB/69MB, paused 581us total 26.433ms
08-04 14:03:41.428 32570 32582 I art     : Starting a blocking GC Explicit
08-04 14:03:41.451 32570 32582 I art     : Explicit concurrent mark sweep GC freed 13(480B) AllocSpace objects, 0(0B) LOS objects, 22% free, 53MB/69MB, paused 546us total 22.231ms
08-04 14:03:41.749 32570 32581 I art     : Starting a blocking GC Explicit
08-04 14:03:41.752 32570  3950 D OkHttp  : --> GET https://api-hillfair-2k16.herokuapp.com/api/app/club/Design%20and%20Decoration%20Club http/1.1
08-04 14:03:41.776 32570 32581 I art     : Explicit concurrent mark sweep GC freed 4004(214KB) AllocSpace objects, 4(220KB) LOS objects, 22% free, 53MB/69MB, paused 593us total 26.469ms
08-04 14:03:41.783 32570  3950 D OkHttp  : <-- 200 OK https://api-hillfair-2k16.herokuapp.com/api/app/club/Design%20and%20Decoration%20Club (31ms, 760-byte body)
08-04 14:03:41.785 32570 32581 I art     : Starting a blocking GC Explicit
08-04 14:03:41.811 32570 32581 I art     : Explicit concurrent mark sweep GC freed 1160(148KB) AllocSpace objects, 0(0B) LOS objects, 22% free, 53MB/69MB, paused 563us total 25.303ms
08-04 14:03:41.820 32570 32581 I art     : Starting a blocking GC Explicit
08-04 14:03:41.821 32570 32570 I NAPPA_EXPERIMENTATION: MetricNetworkRequestExecutionTime: REQUEST_DURATION_SYSTEM='876',REQUEST_DURATION_OKHTTP='31',REQUEST_SYNCHRONOUS='FALSE',RESPONSE_CODE='200',RESPONSE_METHOD='GET',RESPONSE_LENGTH_OKHTTP='760',RESPONSE_LENGTH_HEADER='760',REQUEST_PROTOCOL='http/1.1',REQUEST_URL='https://api-hillfair-2k16.herokuapp.com/api/app/club/Design%20and%20Decoration%20Club',
08-04 14:03:41.844 32570 32581 I art     : Explicit concurrent mark sweep GC freed 289(57KB) AllocSpace objects, 0(0B) LOS objects, 22% free, 53MB/69MB, paused 634us total 23.755ms
08-04 14:03:41.853 32570 32581 I art     : Starting a blocking GC Explicit
08-04 14:03:41.876 32570 32581 I art     : Explicit concurrent mark sweep GC freed 435(39KB) AllocSpace objects, 0(0B) LOS objects, 22% free, 53MB/69MB, paused 509us total 22.508ms
08-04 14:03:41.884 32570 32581 I art     : Starting a blocking GC Explicit
08-04 14:03:41.906 32570 32581 I art     : Explicit concurrent mark sweep GC freed 33(1056B) AllocSpace objects, 0(0B) LOS objects, 22% free, 53MB/69MB, paused 542us total 21.731ms
08-04 14:03:42.189 32570   829 I art     : Starting a blocking GC Explicit
08-04 14:03:42.216 32570   829 I art     : Explicit concurrent mark sweep GC freed 1344(78KB) AllocSpace objects, 1(20KB) LOS objects, 22% free, 53MB/69MB, paused 523us total 26.178ms
08-04 14:03:42.225 32570   829 I art     : Starting a blocking GC Explicit
08-04 14:03:42.250 32570   829 I art     : Explicit concurrent mark sweep GC freed 36(1264B) AllocSpace objects, 0(0B) LOS objects, 22% free, 53MB/69MB, paused 519us total 24.803ms
08-04 14:03:42.259 32570   829 I art     : Starting a blocking GC Explicit
08-04 14:03:42.283 32570   829 I art     : Explicit concurrent mark sweep GC freed 3(96B) AllocSpace objects, 0(0B) LOS objects, 22% free, 53MB/69MB, paused 508us total 23.911ms
08-04 14:03:42.292 32570   829 I art     : Starting a blocking GC Explicit
08-04 14:03:42.318 32570   829 I art     : Explicit concurrent mark sweep GC freed 3(96B) AllocSpace objects, 0(0B) LOS objects, 22% free, 53MB/69MB, paused 674us total 25.463ms
08-04 14:03:42.328 32570   829 I art     : Starting a blocking GC Explicit
08-04 14:03:42.353 32570   829 I art     : Explicit concurrent mark sweep GC freed 3(96B) AllocSpace objects, 0(0B) LOS objects, 22% free, 53MB/69MB, paused 504us total 25.255ms
08-04 14:03:42.645 32570 32582 I art     : Starting a blocking GC Explicit
08-04 14:03:42.676 32570 32582 I art     : Explicit concurrent mark sweep GC freed 1344(78KB) AllocSpace objects, 1(20KB) LOS objects, 22% free, 53MB/69MB, paused 556us total 31.261ms
08-04 14:03:42.687 32570 32582 I art     : Starting a blocking GC Explicit
08-04 14:03:42.713 32570 32582 I art     : Explicit concurrent mark sweep GC freed 20(704B) AllocSpace objects, 0(0B) LOS objects, 22% free, 53MB/69MB, paused 533us total 25.169ms
08-04 14:03:42.722 32570 32582 I art     : Starting a blocking GC Explicit
08-04 14:03:42.748 32570 32582 I art     : Explicit concurrent mark sweep GC freed 3(96B) AllocSpace objects, 0(0B) LOS objects, 22% free, 53MB/69MB, paused 519us total 25.521ms
08-04 14:03:42.757 32570 32582 I art     : Starting a blocking GC Explicit
08-04 14:03:42.782 32570 32582 I art     : Explicit concurrent mark sweep GC freed 3(96B) AllocSpace objects, 0(0B) LOS objects, 22% free, 53MB/69MB, paused 523us total 24.711ms
08-04 14:03:42.792 32570 32582 I art     : Starting a blocking GC Explicit
08-04 14:03:42.817 32570 32582 I art     : Explicit concurrent mark sweep GC freed 3(96B) AllocSpace objects, 0(0B) LOS objects, 22% free, 53MB/69MB, paused 611us total 25.129ms
08-04 14:03:43.131 32570 32581 I art     : Starting a blocking GC Explicit
08-04 14:03:43.163 32570 32581 I art     : Explicit concurrent mark sweep GC freed 1365(79KB) AllocSpace objects, 1(20KB) LOS objects, 22% free, 53MB/69MB, paused 539us total 31.355ms
08-04 14:03:43.169   918  3261 D WifiStateMachine: starting scan for "H369AA63323"WPA_PSK with 2412,5180
08-04 14:03:43.176 32570 32581 I art     : Starting a blocking GC Explicit
08-04 14:03:43.204 32570 32581 I art     : Explicit concurrent mark sweep GC freed 36(1216B) AllocSpace objects, 0(0B) LOS objects, 22% free, 53MB/69MB, paused 554us total 27.339ms
08-04 14:03:43.213 32570 32581 I art     : Starting a blocking GC Explicit
08-04 14:03:43.239 32570 32581 I art     : Explicit concurrent mark sweep GC freed 3(96B) AllocSpace objects, 0(0B) LOS objects, 22% free, 53MB/69MB, paused 500us total 25.173ms
08-04 14:03:43.248 32570 32581 I art     : Starting a blocking GC Explicit
08-04 14:03:43.273 32570 32581 I art     : Explicit concurrent mark sweep GC freed 3(96B) AllocSpace objects, 0(0B) LOS objects, 22% free, 53MB/69MB, paused 493us total 24.248ms
08-04 14:03:43.282 32570 32581 I art     : Starting a blocking GC Explicit
08-04 14:03:43.307 32570 32581 I art     : Explicit concurrent mark sweep GC freed 3(96B) AllocSpace objects, 0(0B) LOS objects, 22% free, 53MB/69MB, paused 562us total 24.685ms
08-04 14:03:43.614 32570 32611 I art     : Starting a blocking GC Explicit
08-04 14:03:43.646 32570 32611 I art     : Explicit concurrent mark sweep GC freed 1344(78KB) AllocSpace objects, 1(20KB) LOS objects, 22% free, 53MB/69MB, paused 567us total 31.707ms
08-04 14:03:43.659 32570 32611 I art     : Starting a blocking GC Explicit
08-04 14:03:43.684 32570 32611 I art     : Explicit concurrent mark sweep GC freed 20(704B) AllocSpace objects, 0(0B) LOS objects, 22% free, 53MB/69MB, paused 535us total 24.782ms
08-04 14:03:43.693 32570 32611 I art     : Starting a blocking GC Explicit
08-04 14:03:43.719 32570 32611 I art     : Explicit concurrent mark sweep GC freed 3(96B) AllocSpace objects, 0(0B) LOS objects, 22% free, 53MB/69MB, paused 524us total 25.336ms
08-04 14:03:43.728 32570 32611 I art     : Starting a blocking GC Explicit
08-04 14:03:43.754 32570 32611 I art     : Explicit concurrent mark sweep GC freed 3(96B) AllocSpace objects, 0(0B) LOS objects, 22% free, 53MB/69MB, paused 510us total 25.379ms
08-04 14:03:43.763 32570 32611 I art     : Starting a blocking GC Explicit
08-04 14:03:43.789 32570 32611 I art     : Explicit concurrent mark sweep GC freed 3(96B) AllocSpace objects, 0(0B) LOS objects, 22% free, 53MB/69MB, paused 513us total 25.582ms
08-04 14:03:44.115 32570  1570 I art     : Starting a blocking GC Explicit
08-04 14:03:44.152 32570  1570 I art     : Explicit concurrent mark sweep GC freed 1344(78KB) AllocSpace objects, 1(20KB) LOS objects, 22% free, 53MB/69MB, paused 550us total 36.655ms
08-04 14:03:44.165 32570  1570 I art     : Starting a blocking GC Explicit
08-04 14:03:44.190 32570  1570 I art     : Explicit concurrent mark sweep GC freed 20(704B) AllocSpace objects, 0(0B) LOS objects, 22% free, 53MB/69MB, paused 515us total 24.991ms
08-04 14:03:44.199 32570  1570 I art     : Starting a blocking GC Explicit
08-04 14:03:44.224 32570  1570 I art     : Explicit concurrent mark sweep GC freed 3(96B) AllocSpace objects, 0(0B) LOS objects, 22% free, 53MB/69MB, paused 505us total 24.850ms
08-04 14:03:44.234 32570  1570 I art     : Starting a blocking GC Explicit
08-04 14:03:44.259 32570  1570 I art     : Explicit concurrent mark sweep GC freed 3(96B) AllocSpace objects, 0(0B) LOS objects, 22% free, 53MB/69MB, paused 507us total 25.429ms
08-04 14:03:44.269 32570  1570 I art     : Starting a blocking GC Explicit
08-04 14:03:44.293 32570  1570 I art     : Explicit concurrent mark sweep GC freed 3(96B) AllocSpace objects, 0(0B) LOS objects, 22% free, 53MB/69MB, paused 515us total 24.092ms
08-04 14:03:44.630 32570   829 I art     : Starting a blocking GC Explicit
08-04 14:03:44.664 32570   829 I art     : Explicit concurrent mark sweep GC freed 1344(78KB) AllocSpace objects, 1(20KB) LOS objects, 22% free, 53MB/69MB, paused 545us total 33.893ms
08-04 14:03:44.677 32570   829 I art     : Starting a blocking GC Explicit
08-04 14:03:44.701 32570   829 I art     : Explicit concurrent mark sweep GC freed 20(704B) AllocSpace objects, 0(0B) LOS objects, 22% free, 53MB/69MB, paused 504us total 24.379ms
08-04 14:03:44.711 32570   829 I art     : Starting a blocking GC Explicit
08-04 14:03:44.736 32570   829 I art     : Explicit concurrent mark sweep GC freed 3(96B) AllocSpace objects, 0(0B) LOS objects, 22% free, 53MB/69MB, paused 504us total 25.127ms
08-04 14:03:44.745 32570   829 I art     : Starting a blocking GC Explicit
08-04 14:03:44.770 32570   829 I art     : Explicit concurrent mark sweep GC freed 3(96B) AllocSpace objects, 0(0B) LOS objects, 22% free, 53MB/69MB, paused 510us total 24.921ms
08-04 14:03:44.780 32570   829 I art     : Starting a blocking GC Explicit
08-04 14:03:44.805 32570   829 I art     : Explicit concurrent mark sweep GC freed 3(96B) AllocSpace objects, 0(0B) LOS objects, 22% free, 53MB/69MB, paused 483us total 24.991ms
08-04 14:03:45.075  3744  3744 I ServiceManager: Waiting for service AtCmdFwd...
08-04 14:03:45.144 32570 32582 I art     : Starting a blocking GC Explicit
08-04 14:03:45.174 32570 32582 I art     : Explicit concurrent mark sweep GC freed 1344(78KB) AllocSpace objects, 1(20KB) LOS objects, 22% free, 53MB/69MB, paused 500us total 29.581ms
08-04 14:03:45.183 32570 32582 I art     : Starting a blocking GC Explicit
08-04 14:03:45.207 32570 32582 I art     : Explicit concurrent mark sweep GC freed 20(704B) AllocSpace objects, 0(0B) LOS objects, 22% free, 53MB/69MB, paused 534us total 24.014ms
08-04 14:03:45.217 32570 32582 I art     : Starting a blocking GC Explicit
08-04 14:03:45.240 32570 32582 I art     : Explicit concurrent mark sweep GC freed 3(96B) AllocSpace objects, 0(0B) LOS objects, 22% free, 53MB/69MB, paused 512us total 23.348ms
08-04 14:03:45.250 32570 32582 I art     : Starting a blocking GC Explicit
08-04 14:03:45.273 32570 32582 I art     : Explicit concurrent mark sweep GC freed 3(96B) AllocSpace objects, 0(0B) LOS objects, 22% free, 53MB/69MB, paused 503us total 23.150ms
08-04 14:03:45.282 32570 32582 I art     : Starting a blocking GC Explicit
08-04 14:03:45.305 32570 32582 I art     : Explicit concurrent mark sweep GC freed 3(96B) AllocSpace objects, 0(0B) LOS objects, 22% free, 53MB/69MB, paused 527us total 23.201ms
08-04 14:03:45.567  4055  4055 D AndroidRuntime: >>>>>> START com.android.internal.os.RuntimeInit uid 2000 <<<<<<
08-04 14:03:45.573  4055  4055 D AndroidRuntime: CheckJNI is OFF
08-04 14:03:45.607  4055  4055 D ICU     : No timezone override file found: /data/misc/zoneinfo/current/icu/icu_tzdata.dat
08-04 14:03:45.615 32570 32581 I art     : Starting a blocking GC Explicit
08-04 14:03:45.641 32570 32581 I art     : Explicit concurrent mark sweep GC freed 1344(78KB) AllocSpace objects, 1(20KB) LOS objects, 22% free, 53MB/69MB, paused 559us total 25.541ms
08-04 14:03:45.642  4055  4055 I Radio-JNI: register_android_hardware_Radio DONE
08-04 14:03:45.650 32570 32581 I art     : Starting a blocking GC Explicit
08-04 14:03:45.665  4055  4055 D AndroidRuntime: Calling main entry com.android.commands.input.Input
08-04 14:03:45.666  4055  4055 I Input   : injectKeyEvent: KeyEvent { action=ACTION_DOWN, keyCode=KEYCODE_BACK, scanCode=0, metaState=0, flags=0x0, repeatCount=0, eventTime=713042079, downTime=713042079, deviceId=-1, source=0x101 }
08-04 14:03:45.672  4055  4055 I Input   : injectKeyEvent: KeyEvent { action=ACTION_UP, keyCode=KEYCODE_BACK, scanCode=0, metaState=0, flags=0x0, repeatCount=0, eventTime=713042079, downTime=713042079, deviceId=-1, source=0x101 }
08-04 14:03:45.673 32570 32581 I art     : Explicit concurrent mark sweep GC freed 20(704B) AllocSpace objects, 0(0B) LOS objects, 22% free, 53MB/69MB, paused 496us total 23.480ms
08-04 14:03:45.679  4055  4055 D AndroidRuntime: Shutting down VM
08-04 14:03:45.682 32570 32581 I art     : Starting a blocking GC Explicit
08-04 14:03:45.704 32570 32581 I art     : Explicit concurrent mark sweep GC freed 148(6KB) AllocSpace objects, 0(0B) LOS objects, 22% free, 53MB/69MB, paused 500us total 21.450ms
08-04 14:03:45.712 32570 32581 I art     : Starting a blocking GC Explicit
08-04 14:03:45.715 13866 13866 I GoogleInputMethodServic: GoogleInputMethodService.onFinishInput():3138 
08-04 14:03:45.716 13866 13866 I GoogleInputMethodServic: GoogleInputMethodService.onStartInput():1808 
08-04 14:03:45.734 32570 32581 I art     : Explicit concurrent mark sweep GC freed 29(1104B) AllocSpace objects, 0(0B) LOS objects, 22% free, 53MB/69MB, paused 472us total 21.336ms
08-04 14:03:45.743 32570 32581 I art     : Starting a blocking GC Explicit
08-04 14:03:45.766 32570 32581 I art     : Explicit concurrent mark sweep GC freed 17(560B) AllocSpace objects, 0(0B) LOS objects, 22% free, 53MB/69MB, paused 488us total 22.605ms
08-04 14:03:46.017 32570 32611 I art     : Starting a blocking GC Explicit
08-04 14:03:46.040 32570 32611 I art     : Explicit concurrent mark sweep GC freed 1347(78KB) AllocSpace objects, 1(20KB) LOS objects, 22% free, 53MB/69MB, paused 499us total 22.644ms
08-04 14:03:46.040   380   380 W SurfaceFlinger: couldn't log to binary event log: overflow.
08-04 14:03:46.051 32570 32611 I art     : Starting a blocking GC Explicit
08-04 14:03:46.073 32570 32611 I art     : Explicit concurrent mark sweep GC freed 129(9KB) AllocSpace objects, 0(0B) LOS objects, 22% free, 53MB/69MB, paused 492us total 21.049ms
08-04 14:03:46.076  3744  3744 I ServiceManager: Waiting for service AtCmdFwd...
08-04 14:03:46.081 32570 32611 I art     : Starting a blocking GC Explicit
08-04 14:03:46.103 32570 32611 I art     : Explicit concurrent mark sweep GC freed 1654(107KB) AllocSpace objects, 3(180KB) LOS objects, 23% free, 53MB/69MB, paused 483us total 21.493ms
08-04 14:03:46.111 32570 32611 I art     : Starting a blocking GC Explicit
08-04 14:03:46.132 32570 32611 I art     : Explicit concurrent mark sweep GC freed 3(96B) AllocSpace objects, 0(0B) LOS objects, 23% free, 53MB/69MB, paused 490us total 21.084ms
08-04 14:03:46.142 32570 32611 I art     : Starting a blocking GC Explicit
08-04 14:03:46.163 32570 32611 I art     : Explicit concurrent mark sweep GC freed 3(96B) AllocSpace objects, 0(0B) LOS objects, 23% free, 53MB/69MB, paused 526us total 21.006ms
08-04 14:03:46.432 32570   829 I art     : Starting a blocking GC Explicit
08-04 14:03:46.457 32570   829 I art     : Explicit concurrent mark sweep GC freed 1344(78KB) AllocSpace objects, 1(20KB) LOS objects, 23% free, 53MB/69MB, paused 583us total 25.361ms
08-04 14:03:46.467 32570   829 I art     : Starting a blocking GC Explicit
08-04 14:03:46.491 32570   829 I art     : Explicit concurrent mark sweep GC freed 20(704B) AllocSpace objects, 0(0B) LOS objects, 23% free, 53MB/69MB, paused 509us total 24.317ms
08-04 14:03:46.501 32570   829 I art     : Starting a blocking GC Explicit
08-04 14:03:46.525 32570   829 I art     : Explicit concurrent mark sweep GC freed 3(96B) AllocSpace objects, 0(0B) LOS objects, 23% free, 53MB/69MB, paused 513us total 24.129ms
08-04 14:03:46.534 32570   829 I art     : Starting a blocking GC Explicit
08-04 14:03:46.559 32570   829 I art     : Explicit concurrent mark sweep GC freed 3(96B) AllocSpace objects, 0(0B) LOS objects, 23% free, 53MB/69MB, paused 508us total 24.034ms
08-04 14:03:46.568 32570   829 I art     : Starting a blocking GC Explicit
08-04 14:03:46.592 32570   829 I art     : Explicit concurrent mark sweep GC freed 3(96B) AllocSpace objects, 0(0B) LOS objects, 23% free, 53MB/69MB, paused 511us total 23.977ms
08-04 14:03:46.880 32570 32582 I art     : Starting a blocking GC Explicit
08-04 14:03:46.910 32570 32582 I art     : Explicit concurrent mark sweep GC freed 1344(78KB) AllocSpace objects, 1(20KB) LOS objects, 23% free, 53MB/69MB, paused 521us total 30.332ms
08-04 14:03:46.924 32570 32582 I art     : Starting a blocking GC Explicit
08-04 14:03:46.947 32570 32582 I art     : Explicit concurrent mark sweep GC freed 20(704B) AllocSpace objects, 0(0B) LOS objects, 23% free, 53MB/69MB, paused 636us total 22.544ms
08-04 14:03:46.956 32570 32582 I art     : Starting a blocking GC Explicit
08-04 14:03:46.979 32570 32582 I art     : Explicit concurrent mark sweep GC freed 3(96B) AllocSpace objects, 0(0B) LOS objects, 23% free, 53MB/69MB, paused 558us total 22.640ms
08-04 14:03:46.987 32570 32582 I art     : Starting a blocking GC Explicit
08-04 14:03:47.010 32570 32582 I art     : Explicit concurrent mark sweep GC freed 3(96B) AllocSpace objects, 0(0B) LOS objects, 23% free, 53MB/69MB, paused 511us total 22.430ms
08-04 14:03:47.019 32570 32582 I art     : Starting a blocking GC Explicit
08-04 14:03:47.042 32570 32582 I art     : Explicit concurrent mark sweep GC freed 3(96B) AllocSpace objects, 0(0B) LOS objects, 23% free, 53MB/69MB, paused 524us total 22.710ms
08-04 14:03:47.076  3744  3744 I ServiceManager: Waiting for service AtCmdFwd...
08-04 14:03:47.319 32570  1570 I art     : Starting a blocking GC Explicit
08-04 14:03:47.339  4109  4109 D AndroidRuntime: >>>>>> START com.android.internal.os.RuntimeInit uid 2000 <<<<<<
08-04 14:03:47.344 32570  1570 I art     : Explicit concurrent mark sweep GC freed 1344(78KB) AllocSpace objects, 1(20KB) LOS objects, 23% free, 53MB/69MB, paused 533us total 24.337ms
08-04 14:03:47.345  4109  4109 D AndroidRuntime: CheckJNI is OFF
08-04 14:03:47.353 32570  1570 I art     : Starting a blocking GC Explicit
08-04 14:03:47.376 32570  1570 I art     : Explicit concurrent mark sweep GC freed 20(704B) AllocSpace objects, 0(0B) LOS objects, 23% free, 53MB/69MB, paused 590us total 23.280ms
08-04 14:03:47.382  4109  4109 D ICU     : No timezone override file found: /data/misc/zoneinfo/current/icu/icu_tzdata.dat
08-04 14:03:47.386 32570  1570 I art     : Starting a blocking GC Explicit
08-04 14:03:47.409 32570  1570 I art     : Explicit concurrent mark sweep GC freed 3(96B) AllocSpace objects, 0(0B) LOS objects, 23% free, 53MB/69MB, paused 514us total 22.684ms
08-04 14:03:47.415  4109  4109 I Radio-JNI: register_android_hardware_Radio DONE
08-04 14:03:47.418 32570  1570 I art     : Starting a blocking GC Explicit
08-04 14:03:47.438  4109  4109 D AndroidRuntime: Calling main entry com.android.commands.input.Input
08-04 14:03:47.439 32570  1570 I art     : Explicit concurrent mark sweep GC freed 3(96B) AllocSpace objects, 0(0B) LOS objects, 23% free, 53MB/69MB, paused 564us total 21.553ms
08-04 14:03:47.440  4109  4109 I Input   : injectMotionEvent: MotionEvent { action=ACTION_DOWN, actionButton=0, id[0]=0, x[0]=255.0, y[0]=1845.0, toolType[0]=TOOL_TYPE_UNKNOWN, buttonState=0, metaState=0, flags=0x0, edgeFlags=0x0, pointerCount=1, historySize=0, eventTime=713043852, downTime=713043852, deviceId=0, source=0x1002 }
08-04 14:03:47.444  4109  4109 I Input   : injectMotionEvent: MotionEvent { action=ACTION_UP, actionButton=0, id[0]=0, x[0]=255.0, y[0]=1845.0, toolType[0]=TOOL_TYPE_UNKNOWN, buttonState=0, metaState=0, flags=0x0, edgeFlags=0x0, pointerCount=1, historySize=0, eventTime=713043852, downTime=713043852, deviceId=0, source=0x1002 }
08-04 14:03:47.445   918  6111 I ActivityManager: START u0 {cmp=baseline.appteam.nith.hillffair/.activities.ClubActivity (has extras)} from uid 10651 on display 0
08-04 14:03:47.448 32570  1570 I art     : Starting a blocking GC Explicit
08-04 14:03:47.453  4109  4109 D AndroidRuntime: Shutting down VM
08-04 14:03:47.471 32570  1570 I art     : Explicit concurrent mark sweep GC freed 139(9KB) AllocSpace objects, 0(0B) LOS objects, 22% free, 53MB/69MB, paused 792us total 22.589ms
08-04 14:03:47.551   918   936 I ActivityManager: Displayed baseline.appteam.nith.hillffair/.activities.ClubActivity: +98ms
08-04 14:03:47.552 13866 13866 I GoogleInputMethodServic: GoogleInputMethodService.onFinishInput():3138 
08-04 14:03:47.553 13866 13866 I GoogleInputMethodServic: GoogleInputMethodService.onStartInput():1808 
08-04 14:03:47.734 32570  1570 I art     : Starting a blocking GC Explicit
08-04 14:03:47.764 32570  1570 I art     : Explicit concurrent mark sweep GC freed 4880(300KB) AllocSpace objects, 1(20KB) LOS objects, 22% free, 53MB/69MB, paused 578us total 30.194ms
08-04 14:03:47.775 32570  1570 I art     : Starting a blocking GC Explicit
08-04 14:03:47.803 32570  1570 I art     : Explicit concurrent mark sweep GC freed 199(8KB) AllocSpace objects, 0(0B) LOS objects, 22% free, 53MB/69MB, paused 534us total 28.554ms
08-04 14:03:47.810   380   380 W SurfaceFlinger: couldn't log to binary event log: overflow.
08-04 14:03:47.815 32570  1570 I art     : Starting a blocking GC Explicit
08-04 14:03:47.839 32570  1570 I art     : Explicit concurrent mark sweep GC freed 3(96B) AllocSpace objects, 0(0B) LOS objects, 22% free, 53MB/69MB, paused 571us total 23.604ms
08-04 14:03:47.848 32570  1570 I art     : Starting a blocking GC Explicit
08-04 14:03:47.868 32570  1570 I art     : Explicit concurrent mark sweep GC freed 3(96B) AllocSpace objects, 0(0B) LOS objects, 22% free, 53MB/69MB, paused 489us total 20.568ms
08-04 14:03:47.877 32570  1570 I art     : Starting a blocking GC Explicit
08-04 14:03:47.899 32570  1570 I art     : Explicit concurrent mark sweep GC freed 3(96B) AllocSpace objects, 0(0B) LOS objects, 22% free, 53MB/69MB, paused 635us total 21.578ms
08-04 14:03:48.076  3744  3744 I ServiceManager: Waiting for service AtCmdFwd...
08-04 14:03:48.110 32570  4133 D OkHttp  : --> GET https://api-hillfair-2k16.herokuapp.com/api/app/club/Technical%20Committee http/1.1
08-04 14:03:48.141 32570  4133 D OkHttp  : <-- 200 OK https://api-hillfair-2k16.herokuapp.com/api/app/club/Technical%20Committee (30ms, 1171-byte body)
08-04 14:03:48.175 32570 32582 I art     : Starting a blocking GC Explicit
08-04 14:03:48.195 32570 32570 I NAPPA_EXPERIMENTATION: MetricNetworkRequestExecutionTime: REQUEST_DURATION_SYSTEM='711',REQUEST_DURATION_OKHTTP='31',REQUEST_SYNCHRONOUS='FALSE',RESPONSE_CODE='200',RESPONSE_METHOD='GET',RESPONSE_LENGTH_OKHTTP='1171',RESPONSE_LENGTH_HEADER='1171',REQUEST_PROTOCOL='http/1.1',REQUEST_URL='https://api-hillfair-2k16.herokuapp.com/api/app/club/Technical%20Committee',
08-04 14:03:48.202 32570 32582 I art     : Explicit concurrent mark sweep GC freed 4466(276KB) AllocSpace objects, 4(220KB) LOS objects, 22% free, 54MB/70MB, paused 629us total 27.083ms
08-04 14:03:48.211 32570 32582 I art     : Starting a blocking GC Explicit
08-04 14:03:48.235 32570 32582 I art     : Explicit concurrent mark sweep GC freed 1484(191KB) AllocSpace objects, 0(0B) LOS objects, 22% free, 53MB/69MB, paused 533us total 23.677ms
08-04 14:03:48.244 32570 32582 I art     : Starting a blocking GC Explicit
08-04 14:03:48.267 32570 32582 I art     : Explicit concurrent mark sweep GC freed 46(1664B) AllocSpace objects, 0(0B) LOS objects, 22% free, 53MB/69MB, paused 840us total 22.975ms
08-04 14:03:48.276 32570 32582 I art     : Starting a blocking GC Explicit
08-04 14:03:48.298 32570 32582 I art     : Explicit concurrent mark sweep GC freed 3(96B) AllocSpace objects, 0(0B) LOS objects, 22% free, 53MB/69MB, paused 470us total 21.634ms
08-04 14:03:48.307 32570 32582 I art     : Starting a blocking GC Explicit
08-04 14:03:48.329 32570 32582 I art     : Explicit concurrent mark sweep GC freed 3(96B) AllocSpace objects, 0(0B) LOS objects, 22% free, 53MB/69MB, paused 468us total 21.994ms
08-04 14:03:48.630 32570   829 I art     : Starting a blocking GC Explicit
08-04 14:03:48.657 32570   829 I art     : Explicit concurrent mark sweep GC freed 1344(78KB) AllocSpace objects, 1(20KB) LOS objects, 22% free, 53MB/69MB, paused 542us total 26.616ms
08-04 14:03:48.669 32570   829 I art     : Starting a blocking GC Explicit
08-04 14:03:48.693 32570   829 I art     : Explicit concurrent mark sweep GC freed 36(1264B) AllocSpace objects, 0(0B) LOS objects, 22% free, 53MB/69MB, paused 528us total 24.018ms
08-04 14:03:48.702 32570   829 I art     : Starting a blocking GC Explicit
08-04 14:03:48.726 32570   829 I art     : Explicit concurrent mark sweep GC freed 3(96B) AllocSpace objects, 0(0B) LOS objects, 22% free, 53MB/69MB, paused 520us total 23.674ms
08-04 14:03:48.735 32570   829 I art     : Starting a blocking GC Explicit
08-04 14:03:48.759 32570   829 I art     : Explicit concurrent mark sweep GC freed 3(96B) AllocSpace objects, 0(0B) LOS objects, 22% free, 53MB/69MB, paused 512us total 23.992ms
08-04 14:03:48.768 32570   829 I art     : Starting a blocking GC Explicit
08-04 14:03:48.793 32570   829 I art     : Explicit concurrent mark sweep GC freed 3(96B) AllocSpace objects, 0(0B) LOS objects, 22% free, 53MB/69MB, paused 536us total 25.028ms
08-04 14:03:49.077  3744  3744 I ServiceManager: Waiting for service AtCmdFwd...
08-04 14:03:49.084 32570 32581 I art     : Starting a blocking GC Explicit
08-04 14:03:49.116 32570 32581 I art     : Explicit concurrent mark sweep GC freed 1345(78KB) AllocSpace objects, 1(20KB) LOS objects, 22% free, 53MB/69MB, paused 591us total 32.283ms
08-04 14:03:49.129 32570 32581 I art     : Starting a blocking GC Explicit
08-04 14:03:49.155 32570 32581 I art     : Explicit concurrent mark sweep GC freed 20(704B) AllocSpace objects, 0(0B) LOS objects, 22% free, 53MB/69MB, paused 528us total 25.641ms
08-04 14:03:49.165 32570 32581 I art     : Starting a blocking GC Explicit
08-04 14:03:49.190 32570 32581 I art     : Explicit concurrent mark sweep GC freed 3(96B) AllocSpace objects, 0(0B) LOS objects, 22% free, 53MB/69MB, paused 554us total 25.763ms
08-04 14:03:49.200 32570 32581 I art     : Starting a blocking GC Explicit
08-04 14:03:49.226 32570 32581 I art     : Explicit concurrent mark sweep GC freed 3(96B) AllocSpace objects, 0(0B) LOS objects, 22% free, 53MB/69MB, paused 519us total 25.725ms
08-04 14:03:49.235 32570 32581 I art     : Starting a blocking GC Explicit
08-04 14:03:49.261 32570 32581 I art     : Explicit concurrent mark sweep GC freed 3(96B) AllocSpace objects, 0(0B) LOS objects, 22% free, 53MB/69MB, paused 525us total 25.700ms
08-04 14:03:49.602 32570 32582 I art     : Starting a blocking GC Explicit
08-04 14:03:49.634 32570 32582 I art     : Explicit concurrent mark sweep GC freed 1344(78KB) AllocSpace objects, 1(20KB) LOS objects, 22% free, 53MB/69MB, paused 582us total 32.011ms
08-04 14:03:49.647 32570 32582 I art     : Starting a blocking GC Explicit
08-04 14:03:49.672 32570 32582 I art     : Explicit concurrent mark sweep GC freed 20(704B) AllocSpace objects, 0(0B) LOS objects, 22% free, 53MB/69MB, paused 530us total 24.981ms
08-04 14:03:49.682 32570 32582 I art     : Starting a blocking GC Explicit
08-04 14:03:49.707 32570 32582 I art     : Explicit concurrent mark sweep GC freed 3(96B) AllocSpace objects, 0(0B) LOS objects, 22% free, 53MB/69MB, paused 618us total 25.483ms
08-04 14:03:49.717 32570 32582 I art     : Starting a blocking GC Explicit
08-04 14:03:49.743 32570 32582 I art     : Explicit concurrent mark sweep GC freed 3(96B) AllocSpace objects, 0(0B) LOS objects, 22% free, 53MB/69MB, paused 583us total 25.590ms
08-04 14:03:49.752 32570 32582 I art     : Starting a blocking GC Explicit
08-04 14:03:49.778 32570 32582 I art     : Explicit concurrent mark sweep GC freed 3(96B) AllocSpace objects, 0(0B) LOS objects, 22% free, 53MB/69MB, paused 543us total 25.819ms
08-04 14:03:50.077  3744  3744 W Atfwd_Sendcmd: AtCmdFwd service not published, waiting... retryCnt : 2
08-04 14:03:50.102 32570 32611 I art     : Starting a blocking GC Explicit
08-04 14:03:50.134 32570 32611 I art     : Explicit concurrent mark sweep GC freed 1344(78KB) AllocSpace objects, 1(20KB) LOS objects, 22% free, 53MB/69MB, paused 569us total 31.566ms
08-04 14:03:50.146 32570 32611 I art     : Starting a blocking GC Explicit
08-04 14:03:50.172 32570 32611 I art     : Explicit concurrent mark sweep GC freed 20(704B) AllocSpace objects, 0(0B) LOS objects, 22% free, 53MB/69MB, paused 529us total 25.608ms
08-04 14:03:50.182 32570 32611 I art     : Starting a blocking GC Explicit
08-04 14:03:50.207 32570 32611 I art     : Explicit concurrent mark sweep GC freed 3(96B) AllocSpace objects, 0(0B) LOS objects, 22% free, 53MB/69MB, paused 572us total 25.385ms
08-04 14:03:50.217 32570 32611 I art     : Starting a blocking GC Explicit
08-04 14:03:50.242 32570 32611 I art     : Explicit concurrent mark sweep GC freed 3(96B) AllocSpace objects, 0(0B) LOS objects, 22% free, 53MB/69MB, paused 529us total 25.511ms
08-04 14:03:50.252 32570 32611 I art     : Starting a blocking GC Explicit
08-04 14:03:50.278 32570 32611 I art     : Explicit concurrent mark sweep GC freed 3(96B) AllocSpace objects, 0(0B) LOS objects, 22% free, 53MB/69MB, paused 559us total 25.594ms
08-04 14:03:50.605 32570  1570 I art     : Starting a blocking GC Explicit
08-04 14:03:50.638 32570  1570 I art     : Explicit concurrent mark sweep GC freed 1344(78KB) AllocSpace objects, 1(20KB) LOS objects, 22% free, 53MB/69MB, paused 880us total 32.276ms
08-04 14:03:50.651 32570  1570 I art     : Starting a blocking GC Explicit
08-04 14:03:50.677 32570  1570 I art     : Explicit concurrent mark sweep GC freed 20(704B) AllocSpace objects, 0(0B) LOS objects, 22% free, 53MB/69MB, paused 537us total 25.219ms
08-04 14:03:50.686 32570  1570 I art     : Starting a blocking GC Explicit
08-04 14:03:50.712 32570  1570 I art     : Explicit concurrent mark sweep GC freed 3(96B) AllocSpace objects, 0(0B) LOS objects, 22% free, 53MB/69MB, paused 539us total 25.646ms
08-04 14:03:50.721 32570  1570 I art     : Starting a blocking GC Explicit
08-04 14:03:50.747 32570  1570 I art     : Explicit concurrent mark sweep GC freed 3(96B) AllocSpace objects, 0(0B) LOS objects, 22% free, 53MB/69MB, paused 661us total 25.861ms
08-04 14:03:50.757 32570  1570 I art     : Starting a blocking GC Explicit
08-04 14:03:50.783 32570  1570 I art     : Explicit concurrent mark sweep GC freed 3(96B) AllocSpace objects, 0(0B) LOS objects, 22% free, 53MB/69MB, paused 538us total 25.568ms
08-04 14:03:51.109 32570   829 I art     : Starting a blocking GC Explicit
08-04 14:03:51.142 32570   829 I art     : Explicit concurrent mark sweep GC freed 1344(78KB) AllocSpace objects, 1(20KB) LOS objects, 22% free, 53MB/69MB, paused 565us total 32.568ms
08-04 14:03:51.155 32570   829 I art     : Starting a blocking GC Explicit
08-04 14:03:51.181 32570   829 I art     : Explicit concurrent mark sweep GC freed 20(704B) AllocSpace objects, 0(0B) LOS objects, 22% free, 53MB/69MB, paused 541us total 25.823ms
08-04 14:03:51.190 32570   829 I art     : Starting a blocking GC Explicit
08-04 14:03:51.217 32570   829 I art     : Explicit concurrent mark sweep GC freed 3(96B) AllocSpace objects, 0(0B) LOS objects, 22% free, 53MB/69MB, paused 545us total 25.794ms
08-04 14:03:51.226 32570   829 I art     : Starting a blocking GC Explicit
08-04 14:03:51.252 32570   829 I art     : Explicit concurrent mark sweep GC freed 3(96B) AllocSpace objects, 0(0B) LOS objects, 22% free, 53MB/69MB, paused 536us total 25.932ms
08-04 14:03:51.262 32570   829 I art     : Starting a blocking GC Explicit
08-04 14:03:51.288 32570   829 I art     : Explicit concurrent mark sweep GC freed 3(96B) AllocSpace objects, 0(0B) LOS objects, 22% free, 53MB/69MB, paused 567us total 25.788ms
08-04 14:03:51.620 32570 32581 I art     : Starting a blocking GC Explicit
08-04 14:03:51.659 32570 32581 I art     : Explicit concurrent mark sweep GC freed 1344(78KB) AllocSpace objects, 1(20KB) LOS objects, 22% free, 53MB/69MB, paused 656us total 38.504ms
08-04 14:03:51.673 32570 32581 I art     : Starting a blocking GC Explicit
08-04 14:03:51.698 32570 32581 I art     : Explicit concurrent mark sweep GC freed 20(704B) AllocSpace objects, 0(0B) LOS objects, 22% free, 53MB/69MB, paused 521us total 25.155ms
08-04 14:03:51.708 32570 32581 I art     : Starting a blocking GC Explicit
08-04 14:03:51.732 32570 32581 I art     : Explicit concurrent mark sweep GC freed 3(96B) AllocSpace objects, 0(0B) LOS objects, 22% free, 53MB/69MB, paused 493us total 23.428ms
08-04 14:03:51.740 32570 32581 I art     : Starting a blocking GC Explicit
08-04 14:03:51.763 32570 32581 I art     : Explicit concurrent mark sweep GC freed 3(96B) AllocSpace objects, 0(0B) LOS objects, 22% free, 53MB/69MB, paused 486us total 22.565ms
08-04 14:03:51.773 32570 32581 I art     : Starting a blocking GC Explicit
08-04 14:03:51.797 32570 32581 I art     : Explicit concurrent mark sweep GC freed 3(96B) AllocSpace objects, 0(0B) LOS objects, 22% free, 53MB/69MB, paused 535us total 23.745ms
08-04 14:03:52.091 32570 32582 I art     : Starting a blocking GC Explicit
08-04 14:03:52.122 32570 32582 I art     : Explicit concurrent mark sweep GC freed 1344(78KB) AllocSpace objects, 1(20KB) LOS objects, 22% free, 53MB/69MB, paused 553us total 30.133ms
08-04 14:03:52.131 32570 32582 I art     : Starting a blocking GC Explicit
08-04 14:03:52.138  4231  4231 D AndroidRuntime: >>>>>> START com.android.internal.os.RuntimeInit uid 2000 <<<<<<
08-04 14:03:52.143  4231  4231 D AndroidRuntime: CheckJNI is OFF
08-04 14:03:52.156 32570 32582 I art     : Explicit concurrent mark sweep GC freed 20(704B) AllocSpace objects, 0(0B) LOS objects, 22% free, 53MB/69MB, paused 559us total 24.302ms
08-04 14:03:52.164 32570 32582 I art     : Starting a blocking GC Explicit
08-04 14:03:52.179  4231  4231 D ICU     : No timezone override file found: /data/misc/zoneinfo/current/icu/icu_tzdata.dat
08-04 14:03:52.188 32570 32582 I art     : Explicit concurrent mark sweep GC freed 3(96B) AllocSpace objects, 0(0B) LOS objects, 22% free, 53MB/69MB, paused 606us total 23.219ms
08-04 14:03:52.196 32570 32582 I art     : Starting a blocking GC Explicit
08-04 14:03:52.213  4231  4231 I Radio-JNI: register_android_hardware_Radio DONE
08-04 14:03:52.220 32570 32582 I art     : Explicit concurrent mark sweep GC freed 3(96B) AllocSpace objects, 0(0B) LOS objects, 22% free, 53MB/69MB, paused 595us total 23.292ms
08-04 14:03:52.229 32570 32582 I art     : Starting a blocking GC Explicit
08-04 14:03:52.236  4231  4231 D AndroidRuntime: Calling main entry com.android.commands.input.Input
08-04 14:03:52.238  4231  4231 I Input   : injectKeyEvent: KeyEvent { action=ACTION_DOWN, keyCode=KEYCODE_BACK, scanCode=0, metaState=0, flags=0x0, repeatCount=0, eventTime=713048651, downTime=713048651, deviceId=-1, source=0x101 }
08-04 14:03:52.244  4231  4231 I Input   : injectKeyEvent: KeyEvent { action=ACTION_UP, keyCode=KEYCODE_BACK, scanCode=0, metaState=0, flags=0x0, repeatCount=0, eventTime=713048651, downTime=713048651, deviceId=-1, source=0x101 }
08-04 14:03:52.249  4231  4231 D AndroidRuntime: Shutting down VM
08-04 14:03:52.252 32570 32582 I art     : Explicit concurrent mark sweep GC freed 20(736B) AllocSpace objects, 0(0B) LOS objects, 22% free, 53MB/69MB, paused 561us total 22.509ms
08-04 14:03:52.289 13866 13866 I GoogleInputMethodServic: GoogleInputMethodService.onFinishInput():3138 
08-04 14:03:52.290 13866 13866 I GoogleInputMethodServic: GoogleInputMethodService.onStartInput():1808 
08-04 14:03:52.540 32570 32611 I art     : Starting a blocking GC Explicit
08-04 14:03:52.568 32570 32611 I art     : Explicit concurrent mark sweep GC freed 1508(85KB) AllocSpace objects, 1(20KB) LOS objects, 22% free, 53MB/69MB, paused 499us total 28.583ms
08-04 14:03:52.578 32570 32611 I art     : Starting a blocking GC Explicit
08-04 14:03:52.581   380   380 W SurfaceFlinger: couldn't log to binary event log: overflow.
08-04 14:03:52.604 32570 32611 I art     : Explicit concurrent mark sweep GC freed 134(9KB) AllocSpace objects, 0(0B) LOS objects, 22% free, 53MB/69MB, paused 479us total 25.567ms
08-04 14:03:52.612 32570 32611 I art     : Starting a blocking GC Explicit
08-04 14:03:52.634 32570 32611 I art     : Explicit concurrent mark sweep GC freed 112(5KB) AllocSpace objects, 0(0B) LOS objects, 22% free, 53MB/69MB, paused 524us total 21.754ms
08-04 14:03:52.642 32570 32611 I art     : Starting a blocking GC Explicit
08-04 14:03:52.665 32570 32611 I art     : Explicit concurrent mark sweep GC freed 1545(102KB) AllocSpace objects, 3(180KB) LOS objects, 22% free, 53MB/69MB, paused 520us total 22.480ms
08-04 14:03:52.673 32570 32611 I art     : Starting a blocking GC Explicit
08-04 14:03:52.695 32570 32611 I art     : Explicit concurrent mark sweep GC freed 3(96B) AllocSpace objects, 0(0B) LOS objects, 22% free, 53MB/69MB, paused 513us total 21.994ms
08-04 14:03:52.995 32570 32581 I art     : Starting a blocking GC Explicit
08-04 14:03:53.029 32570 32581 I art     : Explicit concurrent mark sweep GC freed 1344(78KB) AllocSpace objects, 1(20KB) LOS objects, 22% free, 53MB/69MB, paused 610us total 33.174ms
08-04 14:03:53.041 32570 32581 I art     : Starting a blocking GC Explicit
08-04 14:03:53.067 32570 32581 I art     : Explicit concurrent mark sweep GC freed 20(704B) AllocSpace objects, 0(0B) LOS objects, 22% free, 53MB/69MB, paused 601us total 25.391ms
08-04 14:03:53.077 32570 32581 I art     : Starting a blocking GC Explicit
08-04 14:03:53.102 32570 32581 I art     : Explicit concurrent mark sweep GC freed 3(96B) AllocSpace objects, 0(0B) LOS objects, 22% free, 53MB/69MB, paused 537us total 24.858ms
08-04 14:03:53.111 32570 32581 I art     : Starting a blocking GC Explicit
08-04 14:03:53.136 32570 32581 I art     : Explicit concurrent mark sweep GC freed 3(96B) AllocSpace objects, 0(0B) LOS objects, 22% free, 53MB/69MB, paused 526us total 25.047ms
08-04 14:03:53.146 32570 32581 I art     : Starting a blocking GC Explicit
08-04 14:03:53.170 32570 32581 I art     : Explicit concurrent mark sweep GC freed 3(96B) AllocSpace objects, 0(0B) LOS objects, 22% free, 53MB/69MB, paused 526us total 24.393ms
08-04 14:03:53.456 32570  1570 I art     : Starting a blocking GC Explicit
08-04 14:03:53.485 32570  1570 I art     : Explicit concurrent mark sweep GC freed 1344(78KB) AllocSpace objects, 1(20KB) LOS objects, 22% free, 53MB/69MB, paused 545us total 28.470ms
08-04 14:03:53.495 32570  1570 I art     : Starting a blocking GC Explicit
08-04 14:03:53.520 32570  1570 I art     : Explicit concurrent mark sweep GC freed 20(704B) AllocSpace objects, 0(0B) LOS objects, 22% free, 53MB/69MB, paused 512us total 24.072ms
08-04 14:03:53.529 32570  1570 I art     : Starting a blocking GC Explicit
08-04 14:03:53.553 32570  1570 I art     : Explicit concurrent mark sweep GC freed 3(96B) AllocSpace objects, 0(0B) LOS objects, 22% free, 53MB/69MB, paused 532us total 23.342ms
08-04 14:03:53.561 32570  1570 I art     : Starting a blocking GC Explicit
08-04 14:03:53.584 32570  1570 I art     : Explicit concurrent mark sweep GC freed 3(96B) AllocSpace objects, 0(0B) LOS objects, 22% free, 53MB/69MB, paused 519us total 22.624ms
08-04 14:03:53.593 32570  1570 I art     : Starting a blocking GC Explicit
08-04 14:03:53.616 32570  1570 I art     : Explicit concurrent mark sweep GC freed 3(96B) AllocSpace objects, 0(0B) LOS objects, 22% free, 53MB/69MB, paused 526us total 22.676ms
08-04 14:03:53.892 32570   829 I art     : Starting a blocking GC Explicit
08-04 14:03:53.913  4284  4284 D AndroidRuntime: >>>>>> START com.android.internal.os.RuntimeInit uid 2000 <<<<<<
08-04 14:03:53.917 32570   829 I art     : Explicit concurrent mark sweep GC freed 1344(78KB) AllocSpace objects, 1(20KB) LOS objects, 22% free, 53MB/69MB, paused 621us total 24.719ms
08-04 14:03:53.918  4284  4284 D AndroidRuntime: CheckJNI is OFF
08-04 14:03:53.927 32570   829 I art     : Starting a blocking GC Explicit
08-04 14:03:53.951 32570   829 I art     : Explicit concurrent mark sweep GC freed 20(704B) AllocSpace objects, 0(0B) LOS objects, 22% free, 53MB/69MB, paused 542us total 24.129ms
08-04 14:03:53.955  4284  4284 D ICU     : No timezone override file found: /data/misc/zoneinfo/current/icu/icu_tzdata.dat
08-04 14:03:53.960 32570   829 I art     : Starting a blocking GC Explicit
08-04 14:03:53.983 32570   829 I art     : Explicit concurrent mark sweep GC freed 3(96B) AllocSpace objects, 0(0B) LOS objects, 22% free, 53MB/69MB, paused 552us total 23.176ms
08-04 14:03:53.990  4284  4284 I Radio-JNI: register_android_hardware_Radio DONE
08-04 14:03:53.993 32570   829 I art     : Starting a blocking GC Explicit
08-04 14:03:54.012  4284  4284 D AndroidRuntime: Calling main entry com.android.commands.input.Input
08-04 14:03:54.013  4284  4284 I Input   : injectMotionEvent: MotionEvent { action=ACTION_DOWN, actionButton=0, id[0]=0, x[0]=255.0, y[0]=1845.0, toolType[0]=TOOL_TYPE_UNKNOWN, buttonState=0, metaState=0, flags=0x0, edgeFlags=0x0, pointerCount=1, historySize=0, eventTime=713050426, downTime=713050426, deviceId=0, source=0x1002 }
08-04 14:03:54.014 32570   829 I art     : Explicit concurrent mark sweep GC freed 3(96B) AllocSpace objects, 0(0B) LOS objects, 22% free, 53MB/69MB, paused 553us total 21.624ms
08-04 14:03:54.019  4284  4284 I Input   : injectMotionEvent: MotionEvent { action=ACTION_UP, actionButton=0, id[0]=0, x[0]=255.0, y[0]=1845.0, toolType[0]=TOOL_TYPE_UNKNOWN, buttonState=0, metaState=0, flags=0x0, edgeFlags=0x0, pointerCount=1, historySize=0, eventTime=713050426, downTime=713050426, deviceId=0, source=0x1002 }
08-04 14:03:54.021   918  6029 I ActivityManager: START u0 {cmp=baseline.appteam.nith.hillffair/.activities.ClubActivity (has extras)} from uid 10651 on display 0
08-04 14:03:54.023 32570   829 I art     : Starting a blocking GC Explicit
08-04 14:03:54.027  4284  4284 D AndroidRuntime: Shutting down VM
08-04 14:03:54.046 32570   829 I art     : Explicit concurrent mark sweep GC freed 163(14KB) AllocSpace objects, 0(0B) LOS objects, 22% free, 53MB/69MB, paused 840us total 22.903ms
08-04 14:03:54.117 32570 32570 I NAPPA_EXPERIMENTATION: MetricNetworkRequestExecutionTime: REQUEST_DURATION_SYSTEM='62',REQUEST_DURATION_OKHTTP='31',REQUEST_SYNCHRONOUS='FALSE',RESPONSE_CODE='200',RESPONSE_METHOD='GET',RESPONSE_LENGTH_OKHTTP='1171',RESPONSE_LENGTH_HEADER='-2',REQUEST_PROTOCOL='http/1.1',REQUEST_URL='https://api-hillfair-2k16.herokuapp.com/api/app/club/Technical%20Committee',
08-04 14:03:54.124   918   936 I ActivityManager: Displayed baseline.appteam.nith.hillffair/.activities.ClubActivity: +97ms
08-04 14:03:54.125 13866 13866 I GoogleInputMethodServic: GoogleInputMethodService.onFinishInput():3138 
08-04 14:03:54.125 13866 13866 I GoogleInputMethodServic: GoogleInputMethodService.onStartInput():1808 
08-04 14:03:54.308 32570 32581 I art     : Starting a blocking GC Explicit
08-04 14:03:54.339 32570 32581 I art     : Explicit concurrent mark sweep GC freed 5655(404KB) AllocSpace objects, 1(20KB) LOS objects, 22% free, 53MB/69MB, paused 681us total 30.930ms
08-04 14:03:54.349 32570 32581 I art     : Starting a blocking GC Explicit
08-04 14:03:54.378 32570 32581 I art     : Explicit concurrent mark sweep GC freed 249(10KB) AllocSpace objects, 0(0B) LOS objects, 22% free, 53MB/69MB, paused 589us total 28.052ms
08-04 14:03:54.383   380   380 W SurfaceFlinger: couldn't log to binary event log: overflow.
08-04 14:03:54.390 32570 32581 I art     : Starting a blocking GC Explicit
08-04 14:03:54.412 32570 32581 I art     : Explicit concurrent mark sweep GC freed 3(96B) AllocSpace objects, 0(0B) LOS objects, 22% free, 53MB/69MB, paused 521us total 22.587ms
08-04 14:03:54.421 32570 32581 I art     : Starting a blocking GC Explicit
08-04 14:03:54.442 32570 32581 I art     : Explicit concurrent mark sweep GC freed 3(96B) AllocSpace objects, 0(0B) LOS objects, 22% free, 53MB/69MB, paused 466us total 21.312ms
08-04 14:03:54.451 32570 32581 I art     : Starting a blocking GC Explicit
08-04 14:03:54.473 32570 32581 I art     : Explicit concurrent mark sweep GC freed 3(96B) AllocSpace objects, 0(0B) LOS objects, 22% free, 53MB/69MB, paused 479us total 21.781ms
08-04 14:03:54.774 32570  1570 I art     : Starting a blocking GC Explicit
08-04 14:03:54.813 32570  1570 I art     : Explicit concurrent mark sweep GC freed 1444(84KB) AllocSpace objects, 1(20KB) LOS objects, 22% free, 53MB/69MB, paused 620us total 38.143ms
08-04 14:03:54.829 32570  1570 I art     : Starting a blocking GC Explicit
08-04 14:03:54.854 32570  1570 I art     : Explicit concurrent mark sweep GC freed 36(1264B) AllocSpace objects, 0(0B) LOS objects, 22% free, 53MB/69MB, paused 526us total 25.059ms
08-04 14:03:54.864 32570  1570 I art     : Starting a blocking GC Explicit
08-04 14:03:54.889 32570  1570 I art     : Explicit concurrent mark sweep GC freed 3(96B) AllocSpace objects, 0(0B) LOS objects, 22% free, 53MB/69MB, paused 551us total 25.138ms
08-04 14:03:54.898 32570  1570 I art     : Starting a blocking GC Explicit
08-04 14:03:54.924 32570  1570 I art     : Explicit concurrent mark sweep GC freed 3(96B) AllocSpace objects, 0(0B) LOS objects, 22% free, 53MB/69MB, paused 523us total 25.151ms
08-04 14:03:54.933 32570  1570 I art     : Starting a blocking GC Explicit
08-04 14:03:54.959 32570  1570 I art     : Explicit concurrent mark sweep GC freed 3(96B) AllocSpace objects, 0(0B) LOS objects, 22% free, 53MB/69MB, paused 522us total 25.227ms
08-04 14:03:55.242 32570 32611 I art     : Starting a blocking GC Explicit
08-04 14:03:55.273 32570 32611 I art     : Explicit concurrent mark sweep GC freed 1344(78KB) AllocSpace objects, 1(20KB) LOS objects, 22% free, 53MB/69MB, paused 585us total 31.192ms
08-04 14:03:55.285 32570 32611 I art     : Starting a blocking GC Explicit
08-04 14:03:55.311 32570 32611 I art     : Explicit concurrent mark sweep GC freed 20(704B) AllocSpace objects, 0(0B) LOS objects, 22% free, 53MB/69MB, paused 592us total 25.727ms
08-04 14:03:55.320 32570 32611 I art     : Starting a blocking GC Explicit
08-04 14:03:55.346 32570 32611 I art     : Explicit concurrent mark sweep GC freed 3(96B) AllocSpace objects, 0(0B) LOS objects, 22% free, 53MB/69MB, paused 540us total 25.323ms
08-04 14:03:55.355 32570 32611 I art     : Starting a blocking GC Explicit
08-04 14:03:55.380 32570 32611 I art     : Explicit concurrent mark sweep GC freed 3(96B) AllocSpace objects, 0(0B) LOS objects, 22% free, 53MB/69MB, paused 534us total 25.203ms
08-04 14:03:55.390 32570 32611 I art     : Starting a blocking GC Explicit
08-04 14:03:55.415 32570 32611 I art     : Explicit concurrent mark sweep GC freed 3(96B) AllocSpace objects, 0(0B) LOS objects, 22% free, 53MB/69MB, paused 550us total 25.436ms
08-04 14:03:55.723 32570   829 I art     : Starting a blocking GC Explicit
08-04 14:03:55.757 32570   829 I art     : Explicit concurrent mark sweep GC freed 1344(78KB) AllocSpace objects, 1(20KB) LOS objects, 22% free, 53MB/69MB, paused 566us total 33.341ms
08-04 14:03:55.770 32570   829 I art     : Starting a blocking GC Explicit
08-04 14:03:55.796 32570   829 I art     : Explicit concurrent mark sweep GC freed 20(704B) AllocSpace objects, 0(0B) LOS objects, 22% free, 53MB/69MB, paused 536us total 25.868ms
08-04 14:03:55.805 32570   829 I art     : Starting a blocking GC Explicit
08-04 14:03:55.831 32570   829 I art     : Explicit concurrent mark sweep GC freed 3(96B) AllocSpace objects, 0(0B) LOS objects, 22% free, 53MB/69MB, paused 537us total 25.156ms
08-04 14:03:55.840 32570   829 I art     : Starting a blocking GC Explicit
08-04 14:03:55.866 32570   829 I art     : Explicit concurrent mark sweep GC freed 3(96B) AllocSpace objects, 0(0B) LOS objects, 22% free, 53MB/69MB, paused 527us total 25.669ms
08-04 14:03:55.876 32570   829 I art     : Starting a blocking GC Explicit
08-04 14:03:55.902 32570   829 I art     : Explicit concurrent mark sweep GC freed 3(96B) AllocSpace objects, 0(0B) LOS objects, 22% free, 53MB/69MB, paused 535us total 25.711ms
08-04 14:03:56.227 32570 32581 I art     : Starting a blocking GC Explicit
08-04 14:03:56.259 32570 32581 I art     : Explicit concurrent mark sweep GC freed 1344(78KB) AllocSpace objects, 1(20KB) LOS objects, 22% free, 53MB/69MB, paused 605us total 31.689ms
08-04 14:03:56.271 32570 32581 I art     : Starting a blocking GC Explicit
08-04 14:03:56.298 32570 32581 I art     : Explicit concurrent mark sweep GC freed 20(704B) AllocSpace objects, 0(0B) LOS objects, 22% free, 53MB/69MB, paused 560us total 25.868ms
08-04 14:03:56.307 32570 32581 I art     : Starting a blocking GC Explicit
08-04 14:03:56.333 32570 32581 I art     : Explicit concurrent mark sweep GC freed 3(96B) AllocSpace objects, 0(0B) LOS objects, 22% free, 53MB/69MB, paused 532us total 25.801ms
08-04 14:03:56.343 32570 32581 I art     : Starting a blocking GC Explicit
08-04 14:03:56.369 32570 32581 I art     : Explicit concurrent mark sweep GC freed 3(96B) AllocSpace objects, 0(0B) LOS objects, 22% free, 53MB/69MB, paused 542us total 25.790ms
08-04 14:03:56.378 32570 32581 I art     : Starting a blocking GC Explicit
08-04 14:03:56.403 32570 32581 I art     : Explicit concurrent mark sweep GC freed 3(96B) AllocSpace objects, 0(0B) LOS objects, 22% free, 53MB/69MB, paused 529us total 25.095ms
08-04 14:03:56.731 32570 32582 I art     : Starting a blocking GC Explicit
08-04 14:03:56.769 32570 32582 I art     : Explicit concurrent mark sweep GC freed 1344(78KB) AllocSpace objects, 1(20KB) LOS objects, 22% free, 53MB/69MB, paused 688us total 37.437ms
08-04 14:03:56.784 32570 32582 I art     : Starting a blocking GC Explicit
08-04 14:03:56.811 32570 32582 I art     : Explicit concurrent mark sweep GC freed 20(704B) AllocSpace objects, 0(0B) LOS objects, 22% free, 53MB/69MB, paused 550us total 26.781ms
08-04 14:03:56.820 32570 32582 I art     : Starting a blocking GC Explicit
08-04 14:03:56.846 32570 32582 I art     : Explicit concurrent mark sweep GC freed 3(96B) AllocSpace objects, 0(0B) LOS objects, 22% free, 53MB/69MB, paused 548us total 24.790ms
08-04 14:03:56.855 32570 32582 I art     : Starting a blocking GC Explicit
08-04 14:03:56.881 32570 32582 I art     : Explicit concurrent mark sweep GC freed 3(96B) AllocSpace objects, 0(0B) LOS objects, 22% free, 53MB/69MB, paused 537us total 25.878ms
08-04 14:03:56.891 32570 32582 I art     : Starting a blocking GC Explicit
08-04 14:03:56.917 32570 32582 I art     : Explicit concurrent mark sweep GC freed 3(96B) AllocSpace objects, 0(0B) LOS objects, 22% free, 53MB/69MB, paused 540us total 25.718ms
08-04 14:03:57.248 32570  1570 I art     : Starting a blocking GC Explicit
08-04 14:03:57.280 32570  1570 I art     : Explicit concurrent mark sweep GC freed 1344(78KB) AllocSpace objects, 1(20KB) LOS objects, 22% free, 53MB/69MB, paused 578us total 31.686ms
08-04 14:03:57.292 32570  1570 I art     : Starting a blocking GC Explicit
08-04 14:03:57.318 32570  1570 I art     : Explicit concurrent mark sweep GC freed 20(704B) AllocSpace objects, 0(0B) LOS objects, 22% free, 53MB/69MB, paused 534us total 25.951ms
08-04 14:03:57.328 32570  1570 I art     : Starting a blocking GC Explicit
08-04 14:03:57.354 32570  1570 I art     : Explicit concurrent mark sweep GC freed 3(96B) AllocSpace objects, 0(0B) LOS objects, 22% free, 53MB/69MB, paused 536us total 25.779ms
08-04 14:03:57.363 32570  1570 I art     : Starting a blocking GC Explicit
08-04 14:03:57.389 32570  1570 I art     : Explicit concurrent mark sweep GC freed 3(96B) AllocSpace objects, 0(0B) LOS objects, 22% free, 53MB/69MB, paused 538us total 25.760ms
08-04 14:03:57.399 32570  1570 I art     : Starting a blocking GC Explicit
08-04 14:03:57.425 32570  1570 I art     : Explicit concurrent mark sweep GC freed 3(96B) AllocSpace objects, 0(0B) LOS objects, 22% free, 53MB/69MB, paused 542us total 25.757ms
08-04 14:03:57.501   918  3188 I hubconnection: sensorhub said: 'set_bias 3: -4.8480, 0.0000, 0.0000'
08-04 14:03:57.744 32570 32611 I art     : Starting a blocking GC Explicit
08-04 14:03:57.776 32570 32611 I art     : Explicit concurrent mark sweep GC freed 1344(78KB) AllocSpace objects, 1(20KB) LOS objects, 22% free, 53MB/69MB, paused 588us total 31.514ms
08-04 14:03:57.787 32570 32611 I art     : Starting a blocking GC Explicit
08-04 14:03:57.813 32570 32611 I art     : Explicit concurrent mark sweep GC freed 20(704B) AllocSpace objects, 0(0B) LOS objects, 22% free, 53MB/69MB, paused 541us total 25.619ms
08-04 14:03:57.823 32570 32611 I art     : Starting a blocking GC Explicit
08-04 14:03:57.848 32570 32611 I art     : Explicit concurrent mark sweep GC freed 3(96B) AllocSpace objects, 0(0B) LOS objects, 22% free, 53MB/69MB, paused 536us total 25.014ms
08-04 14:03:57.857 32570 32611 I art     : Starting a blocking GC Explicit
08-04 14:03:57.882 32570 32611 I art     : Explicit concurrent mark sweep GC freed 3(96B) AllocSpace objects, 0(0B) LOS objects, 22% free, 53MB/69MB, paused 540us total 24.483ms
08-04 14:03:57.892 32570 32611 I art     : Starting a blocking GC Explicit
08-04 14:03:57.917 32570 32611 I art     : Explicit concurrent mark sweep GC freed 3(96B) AllocSpace objects, 0(0B) LOS objects, 22% free, 53MB/69MB, paused 615us total 25.076ms
08-04 14:03:58.234 32570   829 I art     : Starting a blocking GC Explicit
08-04 14:03:58.266 32570   829 I art     : Explicit concurrent mark sweep GC freed 1344(78KB) AllocSpace objects, 1(20KB) LOS objects, 22% free, 53MB/69MB, paused 571us total 31.287ms
08-04 14:03:58.280 32570   829 I art     : Starting a blocking GC Explicit
08-04 14:03:58.304 32570   829 I art     : Explicit concurrent mark sweep GC freed 20(704B) AllocSpace objects, 0(0B) LOS objects, 22% free, 53MB/69MB, paused 511us total 24.107ms
08-04 14:03:58.313 32570   829 I art     : Starting a blocking GC Explicit
08-04 14:03:58.337 32570   829 I art     : Explicit concurrent mark sweep GC freed 3(96B) AllocSpace objects, 0(0B) LOS objects, 22% free, 53MB/69MB, paused 539us total 23.085ms
08-04 14:03:58.345 32570   829 I art     : Starting a blocking GC Explicit
08-04 14:03:58.368 32570   829 I art     : Explicit concurrent mark sweep GC freed 3(96B) AllocSpace objects, 0(0B) LOS objects, 22% free, 53MB/69MB, paused 528us total 22.932ms
08-04 14:03:58.377 32570   829 I art     : Starting a blocking GC Explicit
08-04 14:03:58.401 32570   829 I art     : Explicit concurrent mark sweep GC freed 3(96B) AllocSpace objects, 0(0B) LOS objects, 22% free, 53MB/69MB, paused 558us total 23.554ms
08-04 14:03:58.700  4403  4403 D AndroidRuntime: >>>>>> START com.android.internal.os.RuntimeInit uid 2000 <<<<<<
08-04 14:03:58.706  4403  4403 D AndroidRuntime: CheckJNI is OFF
08-04 14:03:58.724 32570 32581 I art     : Starting a blocking GC Explicit
08-04 14:03:58.742  4403  4403 D ICU     : No timezone override file found: /data/misc/zoneinfo/current/icu/icu_tzdata.dat
08-04 14:03:58.749 32570 32581 I art     : Explicit concurrent mark sweep GC freed 1344(78KB) AllocSpace objects, 1(20KB) LOS objects, 22% free, 53MB/69MB, paused 558us total 25.071ms
08-04 14:03:58.759 32570 32581 I art     : Starting a blocking GC Explicit
08-04 14:03:58.775  4403  4403 I Radio-JNI: register_android_hardware_Radio DONE
08-04 14:03:58.781 32570 32581 I art     : Explicit concurrent mark sweep GC freed 20(704B) AllocSpace objects, 0(0B) LOS objects, 22% free, 53MB/69MB, paused 568us total 22.417ms
08-04 14:03:58.790 32570 32581 I art     : Starting a blocking GC Explicit
08-04 14:03:58.797  4403  4403 D AndroidRuntime: Calling main entry com.android.commands.input.Input
08-04 14:03:58.799  4403  4403 I Input   : injectKeyEvent: KeyEvent { action=ACTION_DOWN, keyCode=KEYCODE_BACK, scanCode=0, metaState=0, flags=0x0, repeatCount=0, eventTime=713055212, downTime=713055212, deviceId=-1, source=0x101 }
08-04 14:03:58.805  4403  4403 I Input   : injectKeyEvent: KeyEvent { action=ACTION_UP, keyCode=KEYCODE_BACK, scanCode=0, metaState=0, flags=0x0, repeatCount=0, eventTime=713055212, downTime=713055212, deviceId=-1, source=0x101 }
08-04 14:03:58.810  4403  4403 D AndroidRuntime: Shutting down VM
08-04 14:03:58.812 32570 32581 I art     : Explicit concurrent mark sweep GC freed 16(576B) AllocSpace objects, 0(0B) LOS objects, 22% free, 53MB/69MB, paused 636us total 21.791ms
08-04 14:03:58.820 32570 32581 I art     : Starting a blocking GC Explicit
08-04 14:03:58.841 32570 32581 I art     : Explicit concurrent mark sweep GC freed 134(5KB) AllocSpace objects, 0(0B) LOS objects, 22% free, 53MB/69MB, paused 486us total 21.001ms
08-04 14:03:58.848 13866 13866 I GoogleInputMethodServic: GoogleInputMethodService.onFinishInput():3138 
08-04 14:03:58.849 13866 13866 I GoogleInputMethodServic: GoogleInputMethodService.onStartInput():1808 
08-04 14:03:58.850 32570 32581 I art     : Starting a blocking GC Explicit
08-04 14:03:58.871 32570 32581 I art     : Explicit concurrent mark sweep GC freed 39(1408B) AllocSpace objects, 0(0B) LOS objects, 22% free, 53MB/69MB, paused 485us total 20.834ms
08-04 14:03:59.131 32570 32581 I art     : Starting a blocking GC Explicit
08-04 14:03:59.138   380   380 W SurfaceFlinger: couldn't log to binary event log: overflow.
08-04 14:03:59.156 32570 32581 I art     : Explicit concurrent mark sweep GC freed 1459(87KB) AllocSpace objects, 1(20KB) LOS objects, 22% free, 53MB/69MB, paused 596us total 24.283ms
08-04 14:03:59.165 32570 32581 I art     : Starting a blocking GC Explicit
08-04 14:03:59.190 32570 32581 I art     : Explicit concurrent mark sweep GC freed 25(944B) AllocSpace objects, 0(0B) LOS objects, 22% free, 53MB/69MB, paused 512us total 24.553ms
08-04 14:03:59.198 32570 32581 I art     : Starting a blocking GC Explicit
08-04 14:03:59.221 32570 32581 I art     : Explicit concurrent mark sweep GC freed 1650(108KB) AllocSpace objects, 3(180KB) LOS objects, 22% free, 53MB/69MB, paused 511us total 22.284ms
08-04 14:03:59.229 32570 32581 I art     : Starting a blocking GC Explicit
08-04 14:03:59.253 32570 32581 I art     : Explicit concurrent mark sweep GC freed 3(96B) AllocSpace objects, 0(0B) LOS objects, 22% free, 53MB/69MB, paused 538us total 23.341ms
08-04 14:03:59.262 32570 32581 I art     : Starting a blocking GC Explicit
08-04 14:03:59.286 32570 32581 I art     : Explicit concurrent mark sweep GC freed 3(96B) AllocSpace objects, 0(0B) LOS objects, 22% free, 53MB/69MB, paused 532us total 23.737ms
08-04 14:03:59.587 32570 32582 I art     : Starting a blocking GC Explicit
08-04 14:03:59.619 32570 32582 I art     : Explicit concurrent mark sweep GC freed 1344(78KB) AllocSpace objects, 1(20KB) LOS objects, 22% free, 53MB/69MB, paused 599us total 30.846ms
08-04 14:03:59.629 32570 32582 I art     : Starting a blocking GC Explicit
08-04 14:03:59.655 32570 32582 I art     : Explicit concurrent mark sweep GC freed 20(704B) AllocSpace objects, 0(0B) LOS objects, 22% free, 53MB/69MB, paused 539us total 25.053ms
08-04 14:03:59.664 32570 32582 I art     : Starting a blocking GC Explicit
08-04 14:03:59.689 32570 32582 I art     : Explicit concurrent mark sweep GC freed 3(96B) AllocSpace objects, 0(0B) LOS objects, 22% free, 53MB/69MB, paused 578us total 24.779ms
08-04 14:03:59.699 32570 32582 I art     : Starting a blocking GC Explicit
08-04 14:03:59.723 32570 32582 I art     : Explicit concurrent mark sweep GC freed 3(96B) AllocSpace objects, 0(0B) LOS objects, 22% free, 53MB/69MB, paused 536us total 23.742ms
08-04 14:03:59.733 32570 32582 I art     : Starting a blocking GC Explicit
08-04 14:03:59.757 32570 32582 I art     : Explicit concurrent mark sweep GC freed 3(96B) AllocSpace objects, 0(0B) LOS objects, 22% free, 53MB/69MB, paused 564us total 24.560ms
08-04 14:04:00.053 32570 32611 I art     : Starting a blocking GC Explicit
08-04 14:04:00.074 32570 32611 I art     : Explicit concurrent mark sweep GC freed 1344(78KB) AllocSpace objects, 1(20KB) LOS objects, 22% free, 53MB/69MB, paused 508us total 21.499ms
08-04 14:04:00.078  3744  3744 I ServiceManager: Waiting for service AtCmdFwd...
08-04 14:04:00.082 32570 32611 I art     : Starting a blocking GC Explicit
08-04 14:04:00.104 32570 32611 I art     : Explicit concurrent mark sweep GC freed 20(704B) AllocSpace objects, 0(0B) LOS objects, 22% free, 53MB/69MB, paused 515us total 21.372ms
08-04 14:04:00.112 32570 32611 I art     : Starting a blocking GC Explicit
08-04 14:04:00.135 32570 32611 I art     : Explicit concurrent mark sweep GC freed 3(96B) AllocSpace objects, 0(0B) LOS objects, 22% free, 53MB/69MB, paused 541us total 22.304ms
08-04 14:04:00.144 32570 32611 I art     : Starting a blocking GC Explicit
08-04 14:04:00.167 32570 32611 I art     : Explicit concurrent mark sweep GC freed 3(96B) AllocSpace objects, 0(0B) LOS objects, 22% free, 53MB/69MB, paused 529us total 22.875ms
08-04 14:04:00.175 32570 32611 I art     : Starting a blocking GC Explicit
08-04 14:04:00.199 32570 32611 I art     : Explicit concurrent mark sweep GC freed 3(96B) AllocSpace objects, 0(0B) LOS objects, 22% free, 53MB/69MB, paused 547us total 23.908ms
08-04 14:04:00.461  4458  4458 D AndroidRuntime: >>>>>> START com.android.internal.os.RuntimeInit uid 2000 <<<<<<
08-04 14:04:00.466  4458  4458 D AndroidRuntime: CheckJNI is OFF
08-04 14:04:00.472 32570  1570 I art     : Starting a blocking GC Explicit
08-04 14:04:00.496 32570  1570 I art     : Explicit concurrent mark sweep GC freed 1344(78KB) AllocSpace objects, 1(20KB) LOS objects, 22% free, 53MB/69MB, paused 565us total 24.425ms
08-04 14:04:00.502  4458  4458 D ICU     : No timezone override file found: /data/misc/zoneinfo/current/icu/icu_tzdata.dat
08-04 14:04:00.506 32570  1570 I art     : Starting a blocking GC Explicit
08-04 14:04:00.530 32570  1570 I art     : Explicit concurrent mark sweep GC freed 20(704B) AllocSpace objects, 0(0B) LOS objects, 22% free, 53MB/69MB, paused 561us total 24.381ms
08-04 14:04:00.537  4458  4458 I Radio-JNI: register_android_hardware_Radio DONE
08-04 14:04:00.539 32570  1570 I art     : Starting a blocking GC Explicit
08-04 14:04:00.559  4458  4458 D AndroidRuntime: Calling main entry com.android.commands.input.Input
08-04 14:04:00.561  4458  4458 I Input   : injectMotionEvent: MotionEvent { action=ACTION_DOWN, actionButton=0, id[0]=0, x[0]=369.0, y[0]=554.0, toolType[0]=TOOL_TYPE_UNKNOWN, buttonState=0, metaState=0, flags=0x0, edgeFlags=0x0, pointerCount=1, historySize=0, eventTime=713056973, downTime=713056973, deviceId=0, source=0x1002 }
08-04 14:04:00.562 32570  1570 I art     : Explicit concurrent mark sweep GC freed 3(96B) AllocSpace objects, 0(0B) LOS objects, 22% free, 53MB/69MB, paused 564us total 23.001ms
08-04 14:04:00.568  4458  4458 I Input   : injectMotionEvent: MotionEvent { action=ACTION_UP, actionButton=0, id[0]=0, x[0]=369.0, y[0]=554.0, toolType[0]=TOOL_TYPE_UNKNOWN, buttonState=0, metaState=0, flags=0x0, edgeFlags=0x0, pointerCount=1, historySize=0, eventTime=713056973, downTime=713056973, deviceId=0, source=0x1002 }
08-04 14:04:00.569   918  3670 I ActivityManager: START u0 {cmp=baseline.appteam.nith.hillffair/.activities.ClubActivity (has extras)} from uid 10651 on display 0
08-04 14:04:00.571 32570  1570 I art     : Starting a blocking GC Explicit
08-04 14:04:00.577  4458  4458 D AndroidRuntime: Shutting down VM
08-04 14:04:00.595 32570  1570 I art     : Explicit concurrent mark sweep GC freed 287(18KB) AllocSpace objects, 0(0B) LOS objects, 22% free, 53MB/69MB, paused 893us total 23.168ms
08-04 14:04:00.604 32570  1570 I art     : Starting a blocking GC Explicit
08-04 14:04:00.629 32570  1570 I art     : Explicit concurrent mark sweep GC freed 3472(267KB) AllocSpace objects, 0(0B) LOS objects, 22% free, 53MB/69MB, paused 612us total 25.025ms
08-04 14:04:00.657 32570 32570 I NAPPA_EXPERIMENTATION: MetricNetworkRequestExecutionTime: REQUEST_DURATION_SYSTEM='55',REQUEST_DURATION_OKHTTP='29',REQUEST_SYNCHRONOUS='FALSE',RESPONSE_CODE='200',RESPONSE_METHOD='GET',RESPONSE_LENGTH_OKHTTP='979',RESPONSE_LENGTH_HEADER='-2',REQUEST_PROTOCOL='http/1.1',REQUEST_URL='https://api-hillfair-2k16.herokuapp.com/api/app/club/PR%20Club',
08-04 14:04:00.663   918   936 I ActivityManager: Displayed baseline.appteam.nith.hillffair/.activities.ClubActivity: +87ms
08-04 14:04:00.664 13866 13866 I GoogleInputMethodServic: GoogleInputMethodService.onFinishInput():3138 
08-04 14:04:00.664 13866 13866 I GoogleInputMethodServic: GoogleInputMethodService.onStartInput():1808 
08-04 14:04:00.913 32570 32611 I art     : Starting a blocking GC Explicit
08-04 14:04:00.939   380   380 W SurfaceFlinger: couldn't log to binary event log: overflow.
08-04 14:04:00.957 32570 32611 I art     : Explicit concurrent mark sweep GC freed 2207(137KB) AllocSpace objects, 1(20KB) LOS objects, 22% free, 53MB/69MB, paused 656us total 43.878ms
08-04 14:04:00.968 32570 32611 I art     : Starting a blocking GC Explicit
08-04 14:04:00.989 32570 32611 I art     : Explicit concurrent mark sweep GC freed 72(2480B) AllocSpace objects, 0(0B) LOS objects, 22% free, 53MB/69MB, paused 523us total 21.258ms
08-04 14:04:00.998 32570 32611 I art     : Starting a blocking GC Explicit
08-04 14:04:01.018 32570 32611 I art     : Explicit concurrent mark sweep GC freed 3(96B) AllocSpace objects, 0(0B) LOS objects, 22% free, 53MB/69MB, paused 509us total 20.684ms
08-04 14:04:01.027 32570 32611 I art     : Starting a blocking GC Explicit
08-04 14:04:01.050 32570 32611 I art     : Explicit concurrent mark sweep GC freed 3(96B) AllocSpace objects, 0(0B) LOS objects, 22% free, 53MB/69MB, paused 524us total 23.351ms
08-04 14:04:01.060 32570 32611 I art     : Starting a blocking GC Explicit
08-04 14:04:01.078  3744  3744 I ServiceManager: Waiting for service AtCmdFwd...
08-04 14:04:01.082 32570 32611 I art     : Explicit concurrent mark sweep GC freed 103(5KB) AllocSpace objects, 0(0B) LOS objects, 22% free, 53MB/69MB, paused 494us total 21.953ms
08-04 14:04:01.375 32570   829 I art     : Starting a blocking GC Explicit
08-04 14:04:01.407 32570   829 I art     : Explicit concurrent mark sweep GC freed 1360(78KB) AllocSpace objects, 1(20KB) LOS objects, 22% free, 53MB/69MB, paused 598us total 31.586ms
08-04 14:04:01.420 32570   829 I art     : Starting a blocking GC Explicit
08-04 14:04:01.451 32570   829 I art     : Explicit concurrent mark sweep GC freed 20(704B) AllocSpace objects, 0(0B) LOS objects, 22% free, 53MB/69MB, paused 610us total 30.984ms
08-04 14:04:01.461 32570   829 I art     : Starting a blocking GC Explicit
08-04 14:04:01.487 32570   829 I art     : Explicit concurrent mark sweep GC freed 3(96B) AllocSpace objects, 0(0B) LOS objects, 22% free, 53MB/69MB, paused 652us total 25.765ms
08-04 14:04:01.496 32570   829 I art     : Starting a blocking GC Explicit
08-04 14:04:01.522 32570   829 I art     : Explicit concurrent mark sweep GC freed 3(96B) AllocSpace objects, 0(0B) LOS objects, 22% free, 53MB/69MB, paused 549us total 25.250ms
08-04 14:04:01.531 32570   829 I art     : Starting a blocking GC Explicit
08-04 14:04:01.557 32570   829 I art     : Explicit concurrent mark sweep GC freed 3(96B) AllocSpace objects, 0(0B) LOS objects, 22% free, 53MB/69MB, paused 688us total 25.682ms
08-04 14:04:01.858 32570 32582 I art     : Starting a blocking GC Explicit
08-04 14:04:01.890 32570 32582 I art     : Explicit concurrent mark sweep GC freed 1344(78KB) AllocSpace objects, 1(20KB) LOS objects, 22% free, 53MB/69MB, paused 586us total 31.875ms
08-04 14:04:01.902 32570 32582 I art     : Starting a blocking GC Explicit
08-04 14:04:01.928 32570 32582 I art     : Explicit concurrent mark sweep GC freed 20(704B) AllocSpace objects, 0(0B) LOS objects, 22% free, 53MB/69MB, paused 582us total 25.797ms
08-04 14:04:01.938 32570 32582 I art     : Starting a blocking GC Explicit
08-04 14:04:01.964 32570 32582 I art     : Explicit concurrent mark sweep GC freed 3(96B) AllocSpace objects, 0(0B) LOS objects, 22% free, 53MB/69MB, paused 562us total 25.419ms
08-04 14:04:01.973 32570 32582 I art     : Starting a blocking GC Explicit
08-04 14:04:01.999 32570 32582 I art     : Explicit concurrent mark sweep GC freed 3(96B) AllocSpace objects, 0(0B) LOS objects, 22% free, 53MB/69MB, paused 552us total 25.779ms
08-04 14:04:02.009 32570 32582 I art     : Starting a blocking GC Explicit
08-04 14:04:02.034 32570 32582 I art     : Explicit concurrent mark sweep GC freed 3(96B) AllocSpace objects, 0(0B) LOS objects, 22% free, 53MB/69MB, paused 565us total 25.669ms
08-04 14:04:02.079  3744  3744 I ServiceManager: Waiting for service AtCmdFwd...
08-04 14:04:02.324 32570 32581 I art     : Starting a blocking GC Explicit
08-04 14:04:02.361 32570 32581 I art     : Explicit concurrent mark sweep GC freed 1344(78KB) AllocSpace objects, 1(20KB) LOS objects, 22% free, 53MB/69MB, paused 631us total 35.917ms
08-04 14:04:02.374 32570 32581 I art     : Starting a blocking GC Explicit
08-04 14:04:02.399 32570 32581 I art     : Explicit concurrent mark sweep GC freed 20(704B) AllocSpace objects, 0(0B) LOS objects, 22% free, 53MB/69MB, paused 539us total 24.982ms
08-04 14:04:02.408 32570 32581 I art     : Starting a blocking GC Explicit
08-04 14:04:02.433 32570 32581 I art     : Explicit concurrent mark sweep GC freed 3(96B) AllocSpace objects, 0(0B) LOS objects, 22% free, 53MB/69MB, paused 537us total 25.122ms
08-04 14:04:02.442 32570 32581 I art     : Starting a blocking GC Explicit
08-04 14:04:02.468 32570 32581 I art     : Explicit concurrent mark sweep GC freed 3(96B) AllocSpace objects, 0(0B) LOS objects, 22% free, 53MB/69MB, paused 544us total 25.361ms
08-04 14:04:02.478 32570 32581 I art     : Starting a blocking GC Explicit
08-04 14:04:02.504 32570 32581 I art     : Explicit concurrent mark sweep GC freed 3(96B) AllocSpace objects, 0(0B) LOS objects, 22% free, 53MB/69MB, paused 536us total 25.675ms
08-04 14:04:02.833 32570  1570 I art     : Starting a blocking GC Explicit
08-04 14:04:02.865 32570  1570 I art     : Explicit concurrent mark sweep GC freed 1344(78KB) AllocSpace objects, 1(20KB) LOS objects, 22% free, 53MB/69MB, paused 670us total 32.122ms
08-04 14:04:02.877 32570  1570 I art     : Starting a blocking GC Explicit
08-04 14:04:02.903 32570  1570 I art     : Explicit concurrent mark sweep GC freed 20(704B) AllocSpace objects, 0(0B) LOS objects, 22% free, 53MB/69MB, paused 551us total 25.753ms
08-04 14:04:02.913 32570  1570 I art     : Starting a blocking GC Explicit
08-04 14:04:02.939 32570  1570 I art     : Explicit concurrent mark sweep GC freed 3(96B) AllocSpace objects, 0(0B) LOS objects, 22% free, 53MB/69MB, paused 553us total 25.779ms
08-04 14:04:02.948 32570  1570 I art     : Starting a blocking GC Explicit
08-04 14:04:02.974 32570  1570 I art     : Explicit concurrent mark sweep GC freed 3(96B) AllocSpace objects, 0(0B) LOS objects, 22% free, 53MB/69MB, paused 554us total 25.865ms
08-04 14:04:02.984 32570  1570 I art     : Starting a blocking GC Explicit
08-04 14:04:03.010 32570  1570 I art     : Explicit concurrent mark sweep GC freed 3(96B) AllocSpace objects, 0(0B) LOS objects, 22% free, 53MB/69MB, paused 542us total 25.863ms
08-04 14:04:03.080  3744  3744 I ServiceManager: Waiting for service AtCmdFwd...
08-04 14:04:03.367 32570 32611 I art     : Starting a blocking GC Explicit
08-04 14:04:03.404 32570 32611 I art     : Explicit concurrent mark sweep GC freed 1344(78KB) AllocSpace objects, 1(20KB) LOS objects, 22% free, 53MB/69MB, paused 637us total 36.047ms
08-04 14:04:03.417 32570 32611 I art     : Starting a blocking GC Explicit
08-04 14:04:03.442 32570 32611 I art     : Explicit concurrent mark sweep GC freed 20(704B) AllocSpace objects, 0(0B) LOS objects, 22% free, 53MB/69MB, paused 551us total 25.368ms
08-04 14:04:03.452 32570 32611 I art     : Starting a blocking GC Explicit
08-04 14:04:03.478 32570 32611 I art     : Explicit concurrent mark sweep GC freed 3(96B) AllocSpace objects, 0(0B) LOS objects, 22% free, 53MB/69MB, paused 579us total 25.879ms
08-04 14:04:03.487 32570 32611 I art     : Starting a blocking GC Explicit
08-04 14:04:03.513 32570 32611 I art     : Explicit concurrent mark sweep GC freed 3(96B) AllocSpace objects, 0(0B) LOS objects, 22% free, 53MB/69MB, paused 573us total 25.634ms
08-04 14:04:03.523 32570 32611 I art     : Starting a blocking GC Explicit
08-04 14:04:03.549 32570 32611 I art     : Explicit concurrent mark sweep GC freed 3(96B) AllocSpace objects, 0(0B) LOS objects, 22% free, 53MB/69MB, paused 564us total 26.145ms
08-04 14:04:03.858 32570   829 I art     : Starting a blocking GC Explicit
08-04 14:04:03.890 32570   829 I art     : Explicit concurrent mark sweep GC freed 1344(78KB) AllocSpace objects, 1(20KB) LOS objects, 22% free, 53MB/69MB, paused 592us total 31.597ms
08-04 14:04:03.903 32570   829 I art     : Starting a blocking GC Explicit
08-04 14:04:03.929 32570   829 I art     : Explicit concurrent mark sweep GC freed 20(704B) AllocSpace objects, 0(0B) LOS objects, 22% free, 53MB/69MB, paused 558us total 25.912ms
08-04 14:04:03.938 32570   829 I art     : Starting a blocking GC Explicit
08-04 14:04:03.964 32570   829 I art     : Explicit concurrent mark sweep GC freed 3(96B) AllocSpace objects, 0(0B) LOS objects, 22% free, 53MB/69MB, paused 549us total 25.214ms
08-04 14:04:03.973 32570   829 I art     : Starting a blocking GC Explicit
08-04 14:04:03.999 32570   829 I art     : Explicit concurrent mark sweep GC freed 3(96B) AllocSpace objects, 0(0B) LOS objects, 22% free, 53MB/69MB, paused 535us total 25.258ms
08-04 14:04:04.008 32570   829 I art     : Starting a blocking GC Explicit
08-04 14:04:04.033 32570   829 I art     : Explicit concurrent mark sweep GC freed 3(96B) AllocSpace objects, 0(0B) LOS objects, 22% free, 53MB/69MB, paused 563us total 24.778ms
08-04 14:04:04.080  3744  3744 I ServiceManager: Waiting for service AtCmdFwd...
08-04 14:04:04.360 32570 32582 I art     : Starting a blocking GC Explicit
08-04 14:04:04.393 32570 32582 I art     : Explicit concurrent mark sweep GC freed 1344(78KB) AllocSpace objects, 1(20KB) LOS objects, 22% free, 53MB/69MB, paused 598us total 32.191ms
08-04 14:04:04.405 32570 32582 I art     : Starting a blocking GC Explicit
08-04 14:04:04.431 32570 32582 I art     : Explicit concurrent mark sweep GC freed 20(704B) AllocSpace objects, 0(0B) LOS objects, 22% free, 53MB/69MB, paused 537us total 25.528ms
08-04 14:04:04.440 32570 32582 I art     : Starting a blocking GC Explicit
08-04 14:04:04.466 32570 32582 I art     : Explicit concurrent mark sweep GC freed 3(96B) AllocSpace objects, 0(0B) LOS objects, 22% free, 53MB/69MB, paused 563us total 25.196ms
08-04 14:04:04.475 32570 32582 I art     : Starting a blocking GC Explicit
08-04 14:04:04.501 32570 32582 I art     : Explicit concurrent mark sweep GC freed 3(96B) AllocSpace objects, 0(0B) LOS objects, 22% free, 53MB/69MB, paused 552us total 25.461ms
08-04 14:04:04.510 32570 32582 I art     : Starting a blocking GC Explicit
08-04 14:04:04.535 32570 32582 I art     : Explicit concurrent mark sweep GC freed 3(96B) AllocSpace objects, 0(0B) LOS objects, 22% free, 53MB/69MB, paused 552us total 24.930ms
08-04 14:04:04.837 32570 32581 I art     : Starting a blocking GC Explicit
08-04 14:04:04.863 32570 32581 I art     : Explicit concurrent mark sweep GC freed 1344(78KB) AllocSpace objects, 1(20KB) LOS objects, 22% free, 53MB/69MB, paused 652us total 25.926ms
08-04 14:04:04.873 32570 32581 I art     : Starting a blocking GC Explicit
08-04 14:04:04.897 32570 32581 I art     : Explicit concurrent mark sweep GC freed 20(704B) AllocSpace objects, 0(0B) LOS objects, 22% free, 53MB/69MB, paused 596us total 24.399ms
08-04 14:04:04.906 32570 32581 I art     : Starting a blocking GC Explicit
08-04 14:04:04.930 32570 32581 I art     : Explicit concurrent mark sweep GC freed 3(96B) AllocSpace objects, 0(0B) LOS objects, 22% free, 53MB/69MB, paused 546us total 23.347ms
08-04 14:04:04.939 32570 32581 I art     : Starting a blocking GC Explicit
08-04 14:04:04.963 32570 32581 I art     : Explicit concurrent mark sweep GC freed 3(96B) AllocSpace objects, 0(0B) LOS objects, 22% free, 53MB/69MB, paused 612us total 24.247ms
08-04 14:04:04.972 32570 32581 I art     : Starting a blocking GC Explicit
08-04 14:04:04.996 32570 32581 I art     : Explicit concurrent mark sweep GC freed 3(96B) AllocSpace objects, 0(0B) LOS objects, 22% free, 53MB/69MB, paused 547us total 23.752ms
08-04 14:04:05.081  3744  3744 W Atfwd_Sendcmd: AtCmdFwd service not published, waiting... retryCnt : 3
08-04 14:04:05.227  4580  4580 D AndroidRuntime: >>>>>> START com.android.internal.os.RuntimeInit uid 2000 <<<<<<
08-04 14:04:05.232  4580  4580 D AndroidRuntime: CheckJNI is OFF
08-04 14:04:05.264  4580  4580 D ICU     : No timezone override file found: /data/misc/zoneinfo/current/icu/icu_tzdata.dat
08-04 14:04:05.298  4580  4580 I Radio-JNI: register_android_hardware_Radio DONE
08-04 14:04:05.308 32570  1570 I art     : Starting a blocking GC Explicit
08-04 14:04:05.320  4580  4580 D AndroidRuntime: Calling main entry com.android.commands.input.Input
08-04 14:04:05.322  4580  4580 I Input   : injectKeyEvent: KeyEvent { action=ACTION_DOWN, keyCode=KEYCODE_BACK, scanCode=0, metaState=0, flags=0x0, repeatCount=0, eventTime=713061735, downTime=713061735, deviceId=-1, source=0x101 }
08-04 14:04:05.327  4580  4580 I Input   : injectKeyEvent: KeyEvent { action=ACTION_UP, keyCode=KEYCODE_BACK, scanCode=0, metaState=0, flags=0x0, repeatCount=0, eventTime=713061735, downTime=713061735, deviceId=-1, source=0x101 }
08-04 14:04:05.333  4580  4580 D AndroidRuntime: Shutting down VM
08-04 14:04:05.333 32570  1570 I art     : Explicit concurrent mark sweep GC freed 1346(78KB) AllocSpace objects, 1(20KB) LOS objects, 22% free, 53MB/69MB, paused 682us total 25.101ms
08-04 14:04:05.343 32570  1570 I art     : Starting a blocking GC Explicit
08-04 14:04:05.368 32570  1570 I art     : Explicit concurrent mark sweep GC freed 162(6KB) AllocSpace objects, 0(0B) LOS objects, 22% free, 53MB/69MB, paused 3.601ms total 24.656ms
08-04 14:04:05.369 13866 13866 I GoogleInputMethodServic: GoogleInputMethodService.onFinishInput():3138 
08-04 14:04:05.369 13866 13866 I GoogleInputMethodServic: GoogleInputMethodService.onStartInput():1808 
08-04 14:04:05.376 32570  1570 I art     : Starting a blocking GC Explicit
08-04 14:04:05.399 32570  1570 I art     : Explicit concurrent mark sweep GC freed 39(1408B) AllocSpace objects, 0(0B) LOS objects, 22% free, 53MB/69MB, paused 520us total 22.022ms
08-04 14:04:05.407 32570  1570 I art     : Starting a blocking GC Explicit
08-04 14:04:05.430 32570  1570 I art     : Explicit concurrent mark sweep GC freed 10(384B) AllocSpace objects, 0(0B) LOS objects, 22% free, 53MB/69MB, paused 535us total 22.407ms
08-04 14:04:05.438 32570  1570 I art     : Starting a blocking GC Explicit
08-04 14:04:05.458 32570  1570 I art     : Explicit concurrent mark sweep GC freed 3(96B) AllocSpace objects, 0(0B) LOS objects, 22% free, 53MB/69MB, paused 517us total 20.335ms
08-04 14:04:05.662   380   380 W SurfaceFlinger: couldn't log to binary event log: overflow.
08-04 14:04:05.723 32570 32581 I art     : Starting a blocking GC Explicit
08-04 14:04:05.748 32570 32581 I art     : Explicit concurrent mark sweep GC freed 1453(86KB) AllocSpace objects, 1(20KB) LOS objects, 22% free, 53MB/69MB, paused 608us total 24.855ms
08-04 14:04:05.756 32570 32581 I art     : Starting a blocking GC Explicit
08-04 14:04:05.779 32570 32581 I art     : Explicit concurrent mark sweep GC freed 1671(107KB) AllocSpace objects, 3(184KB) LOS objects, 22% free, 53MB/69MB, paused 510us total 22.617ms
08-04 14:04:05.788 32570 32581 I art     : Starting a blocking GC Explicit
08-04 14:04:05.810 32570 32581 I art     : Explicit concurrent mark sweep GC freed 3(96B) AllocSpace objects, 0(0B) LOS objects, 22% free, 53MB/69MB, paused 515us total 22.421ms
08-04 14:04:05.819 32570 32581 I art     : Starting a blocking GC Explicit
08-04 14:04:05.842 32570 32581 I art     : Explicit concurrent mark sweep GC freed 3(96B) AllocSpace objects, 0(0B) LOS objects, 22% free, 53MB/69MB, paused 542us total 23.405ms
08-04 14:04:05.852 32570 32581 I art     : Starting a blocking GC Explicit
08-04 14:04:05.875 32570 32581 I art     : Explicit concurrent mark sweep GC freed 3(96B) AllocSpace objects, 0(0B) LOS objects, 22% free, 53MB/69MB, paused 545us total 23.308ms
08-04 14:04:06.161 32570 32611 I art     : Starting a blocking GC Explicit
08-04 14:04:06.191 32570 32611 I art     : Explicit concurrent mark sweep GC freed 1344(78KB) AllocSpace objects, 1(20KB) LOS objects, 22% free, 53MB/69MB, paused 574us total 29.580ms
08-04 14:04:06.200 32570 32611 I art     : Starting a blocking GC Explicit
08-04 14:04:06.225 32570 32611 I art     : Explicit concurrent mark sweep GC freed 20(704B) AllocSpace objects, 0(0B) LOS objects, 22% free, 53MB/69MB, paused 551us total 24.472ms
08-04 14:04:06.234 32570 32611 I art     : Starting a blocking GC Explicit
08-04 14:04:06.259 32570 32611 I art     : Explicit concurrent mark sweep GC freed 3(96B) AllocSpace objects, 0(0B) LOS objects, 22% free, 53MB/69MB, paused 563us total 24.369ms
08-04 14:04:06.268 32570 32611 I art     : Starting a blocking GC Explicit
08-04 14:04:06.293 32570 32611 I art     : Explicit concurrent mark sweep GC freed 3(96B) AllocSpace objects, 0(0B) LOS objects, 22% free, 53MB/69MB, paused 524us total 24.761ms
08-04 14:04:06.302 32570 32611 I art     : Starting a blocking GC Explicit
08-04 14:04:06.327 32570 32611 I art     : Explicit concurrent mark sweep GC freed 3(96B) AllocSpace objects, 0(0B) LOS objects, 22% free, 53MB/69MB, paused 648us total 24.576ms
08-04 14:04:06.625 32570 32582 I art     : Starting a blocking GC Explicit
08-04 14:04:06.649 32570 32582 I art     : Explicit concurrent mark sweep GC freed 1344(78KB) AllocSpace objects, 1(20KB) LOS objects, 22% free, 53MB/69MB, paused 544us total 24.100ms
08-04 14:04:06.658 32570 32582 I art     : Starting a blocking GC Explicit
08-04 14:04:06.681 32570 32582 I art     : Explicit concurrent mark sweep GC freed 20(704B) AllocSpace objects, 0(0B) LOS objects, 22% free, 53MB/69MB, paused 573us total 23.059ms
08-04 14:04:06.690 32570 32582 I art     : Starting a blocking GC Explicit
08-04 14:04:06.713 32570 32582 I art     : Explicit concurrent mark sweep GC freed 3(96B) AllocSpace objects, 0(0B) LOS objects, 22% free, 53MB/69MB, paused 547us total 22.829ms
08-04 14:04:06.722 32570 32582 I art     : Starting a blocking GC Explicit
08-04 14:04:06.745 32570 32582 I art     : Explicit concurrent mark sweep GC freed 3(96B) AllocSpace objects, 0(0B) LOS objects, 22% free, 53MB/69MB, paused 589us total 23.002ms
08-04 14:04:06.754 32570 32582 I art     : Starting a blocking GC Explicit
08-04 14:04:06.778 32570 32582 I art     : Explicit concurrent mark sweep GC freed 3(96B) AllocSpace objects, 0(0B) LOS objects, 22% free, 53MB/69MB, paused 595us total 23.410ms
08-04 14:04:06.976  4634  4634 D AndroidRuntime: >>>>>> START com.android.internal.os.RuntimeInit uid 2000 <<<<<<
08-04 14:04:06.981  4634  4634 D AndroidRuntime: CheckJNI is OFF
08-04 14:04:07.013  4634  4634 D ICU     : No timezone override file found: /data/misc/zoneinfo/current/icu/icu_tzdata.dat
08-04 14:04:07.046  4634  4634 I Radio-JNI: register_android_hardware_Radio DONE
08-04 14:04:07.061 32570   829 I art     : Starting a blocking GC Explicit
08-04 14:04:07.068  4634  4634 D AndroidRuntime: Calling main entry com.android.commands.input.Input
08-04 14:04:07.069  4634  4634 I Input   : injectKeyEvent: KeyEvent { action=ACTION_DOWN, keyCode=KEYCODE_BACK, scanCode=0, metaState=0, flags=0x0, repeatCount=0, eventTime=713063483, downTime=713063483, deviceId=-1, source=0x101 }
08-04 14:04:07.074  4634  4634 I Input   : injectKeyEvent: KeyEvent { action=ACTION_UP, keyCode=KEYCODE_BACK, scanCode=0, metaState=0, flags=0x0, repeatCount=0, eventTime=713063483, downTime=713063483, deviceId=-1, source=0x101 }
08-04 14:04:07.079  4634  4634 D AndroidRuntime: Shutting down VM
08-04 14:04:07.085 32570   829 I art     : Explicit concurrent mark sweep GC freed 1366(79KB) AllocSpace objects, 1(20KB) LOS objects, 22% free, 53MB/69MB, paused 550us total 24.131ms
08-04 14:04:07.095 32570   829 I art     : Starting a blocking GC Explicit
08-04 14:04:07.118 32570   829 I art     : Explicit concurrent mark sweep GC freed 145(6KB) AllocSpace objects, 0(0B) LOS objects, 22% free, 53MB/69MB, paused 856us total 22.829ms
08-04 14:04:07.122 13866 13866 I GoogleInputMethodServic: GoogleInputMethodService.onFinishInput():3138 
08-04 14:04:07.122 13866 13866 I GoogleInputMethodServic: GoogleInputMethodService.onStartInput():1808 
08-04 14:04:07.126 32570   829 I art     : Starting a blocking GC Explicit
08-04 14:04:07.151 32570   829 I art     : Explicit concurrent mark sweep GC freed 62(2160B) AllocSpace objects, 0(0B) LOS objects, 22% free, 53MB/69MB, paused 769us total 25.003ms
08-04 14:04:07.161 32570   829 I art     : Starting a blocking GC Explicit
08-04 14:04:07.181 32570   829 I art     : Explicit concurrent mark sweep GC freed 14(512B) AllocSpace objects, 0(0B) LOS objects, 22% free, 53MB/69MB, paused 519us total 20.275ms
08-04 14:04:07.189 32570   829 I art     : Starting a blocking GC Explicit
08-04 14:04:07.211 32570   829 I art     : Explicit concurrent mark sweep GC freed 20(976B) AllocSpace objects, 0(0B) LOS objects, 22% free, 53MB/69MB, paused 516us total 22.132ms
08-04 14:04:07.453 32570 32582 I art     : Starting a blocking GC Explicit
08-04 14:04:07.475 32570 32582 I art     : Explicit concurrent mark sweep GC freed 2993(154KB) AllocSpace objects, 1(20KB) LOS objects, 22% free, 53MB/69MB, paused 528us total 22.279ms
08-04 14:04:07.484 32570 32582 I art     : Starting a blocking GC Explicit
08-04 14:04:07.505 32570 32582 I art     : Explicit concurrent mark sweep GC freed 2858(181KB) AllocSpace objects, 2(140KB) LOS objects, 23% free, 53MB/69MB, paused 506us total 21.134ms
08-04 14:04:07.513 32570 32582 I art     : Starting a blocking GC Explicit
08-04 14:04:07.534 32570 32582 I art     : Explicit concurrent mark sweep GC freed 3(96B) AllocSpace objects, 0(0B) LOS objects, 23% free, 53MB/69MB, paused 568us total 20.648ms
08-04 14:04:07.542 32570 32582 I art     : Starting a blocking GC Explicit
08-04 14:04:07.563 32570 32582 I art     : Explicit concurrent mark sweep GC freed 3(96B) AllocSpace objects, 0(0B) LOS objects, 23% free, 53MB/69MB, paused 532us total 20.610ms
08-04 14:04:07.571 32570 32582 I art     : Starting a blocking GC Explicit
08-04 14:04:07.592 32570 32582 I art     : Explicit concurrent mark sweep GC freed 3(96B) AllocSpace objects, 0(0B) LOS objects, 23% free, 53MB/69MB, paused 518us total 20.658ms
08-04 14:04:07.875 32570  1570 I art     : Starting a blocking GC Explicit
08-04 14:04:07.904 32570  1570 I art     : Explicit concurrent mark sweep GC freed 1344(78KB) AllocSpace objects, 1(20KB) LOS objects, 23% free, 53MB/69MB, paused 575us total 28.657ms
08-04 14:04:07.916 32570  1570 I art     : Starting a blocking GC Explicit
08-04 14:04:07.942 32570  1570 I art     : Explicit concurrent mark sweep GC freed 20(704B) AllocSpace objects, 0(0B) LOS objects, 23% free, 53MB/69MB, paused 538us total 24.914ms
08-04 14:04:07.951 32570  1570 I art     : Starting a blocking GC Explicit
08-04 14:04:07.974 32570  1570 I art     : Explicit concurrent mark sweep GC freed 3(96B) AllocSpace objects, 0(0B) LOS objects, 23% free, 53MB/69MB, paused 549us total 23.106ms
08-04 14:04:07.983 32570  1570 I art     : Starting a blocking GC Explicit
08-04 14:04:08.006 32570  1570 I art     : Explicit concurrent mark sweep GC freed 3(96B) AllocSpace objects, 0(0B) LOS objects, 23% free, 53MB/69MB, paused 531us total 23.111ms
08-04 14:04:08.015 32570  1570 I art     : Starting a blocking GC Explicit
08-04 14:04:08.038 32570  1570 I art     : Explicit concurrent mark sweep GC freed 3(96B) AllocSpace objects, 0(0B) LOS objects, 23% free, 53MB/69MB, paused 649us total 22.794ms
08-04 14:04:08.324 32570 32581 I art     : Starting a blocking GC Explicit
08-04 14:04:08.350 32570 32581 I art     : Explicit concurrent mark sweep GC freed 1341(78KB) AllocSpace objects, 1(20KB) LOS objects, 23% free, 53MB/69MB, paused 582us total 25.651ms
08-04 14:04:08.359 32570 32581 I art     : Starting a blocking GC Explicit
08-04 14:04:08.381 32570 32581 I art     : Explicit concurrent mark sweep GC freed 20(704B) AllocSpace objects, 0(0B) LOS objects, 23% free, 53MB/69MB, paused 532us total 22.365ms
08-04 14:04:08.390 32570 32581 I art     : Starting a blocking GC Explicit
08-04 14:04:08.412 32570 32581 I art     : Explicit concurrent mark sweep GC freed 3(96B) AllocSpace objects, 0(0B) LOS objects, 23% free, 53MB/69MB, paused 541us total 21.980ms
08-04 14:04:08.421 32570 32581 I art     : Starting a blocking GC Explicit
08-04 14:04:08.443 32570 32581 I art     : Explicit concurrent mark sweep GC freed 3(96B) AllocSpace objects, 0(0B) LOS objects, 23% free, 53MB/69MB, paused 551us total 21.617ms
08-04 14:04:08.451 32570 32581 I art     : Starting a blocking GC Explicit
08-04 14:04:08.473 32570 32581 I art     : Explicit concurrent mark sweep GC freed 3(96B) AllocSpace objects, 0(0B) LOS objects, 23% free, 53MB/69MB, paused 542us total 21.617ms
08-04 14:04:08.724  4688  4688 D AndroidRuntime: >>>>>> START com.android.internal.os.RuntimeInit uid 2000 <<<<<<
08-04 14:04:08.729  4688  4688 D AndroidRuntime: CheckJNI is OFF
08-04 14:04:08.749 32570 32611 I art     : Starting a blocking GC Explicit
08-04 14:04:08.765  4688  4688 D ICU     : No timezone override file found: /data/misc/zoneinfo/current/icu/icu_tzdata.dat
08-04 14:04:08.772 32570 32611 I art     : Explicit concurrent mark sweep GC freed 1341(78KB) AllocSpace objects, 1(20KB) LOS objects, 23% free, 53MB/69MB, paused 556us total 23.005ms
08-04 14:04:08.781 32570 32611 I art     : Starting a blocking GC Explicit
08-04 14:04:08.800  4688  4688 I Radio-JNI: register_android_hardware_Radio DONE
08-04 14:04:08.804 32570 32611 I art     : Explicit concurrent mark sweep GC freed 20(704B) AllocSpace objects, 0(0B) LOS objects, 23% free, 53MB/69MB, paused 564us total 22.413ms
08-04 14:04:08.812 32570 32611 I art     : Starting a blocking GC Explicit
08-04 14:04:08.823  4688  4688 D AndroidRuntime: Calling main entry com.android.commands.input.Input
08-04 14:04:08.825  4688  4688 I Input   : injectMotionEvent: MotionEvent { action=ACTION_DOWN, actionButton=0, id[0]=0, x[0]=1084.0, y[0]=2213.0, toolType[0]=TOOL_TYPE_UNKNOWN, buttonState=0, metaState=0, flags=0x0, edgeFlags=0x0, pointerCount=1, historySize=0, eventTime=713065237, downTime=713065237, deviceId=0, source=0x1002 }
08-04 14:04:08.831  4688  4688 I Input   : injectMotionEvent: MotionEvent { action=ACTION_UP, actionButton=0, id[0]=0, x[0]=1084.0, y[0]=2213.0, toolType[0]=TOOL_TYPE_UNKNOWN, buttonState=0, metaState=0, flags=0x0, edgeFlags=0x0, pointerCount=1, historySize=0, eventTime=713065237, downTime=713065237, deviceId=0, source=0x1002 }
08-04 14:04:08.832   918  6111 I ActivityManager: START u0 {cmp=baseline.appteam.nith.hillffair/.activities.EventActivity} from uid 10651 on display 0
08-04 14:04:08.834 32570 32611 I art     : Explicit concurrent mark sweep GC freed 6(192B) AllocSpace objects, 0(0B) LOS objects, 23% free, 53MB/69MB, paused 703us total 21.180ms
08-04 14:04:08.840  4688  4688 D AndroidRuntime: Shutting down VM
08-04 14:04:08.843 32570 32611 I art     : Starting a blocking GC Explicit
08-04 14:04:08.864 32570 32611 I art     : Explicit concurrent mark sweep GC freed 1054(59KB) AllocSpace objects, 0(0B) LOS objects, 23% free, 53MB/69MB, paused 1.040ms total 21.624ms
08-04 14:04:08.873 32570 32611 I art     : Starting a blocking GC Explicit
08-04 14:04:08.897 32570 32611 I art     : Explicit concurrent mark sweep GC freed 4184(295KB) AllocSpace objects, 0(0B) LOS objects, 23% free, 53MB/69MB, paused 573us total 23.761ms
08-04 14:04:08.922 32570 32570 I NAPPA_EXPERIMENTATION: MetricNetworkRequestExecutionTime: REQUEST_DURATION_SYSTEM='54',REQUEST_DURATION_OKHTTP='28',REQUEST_SYNCHRONOUS='FALSE',RESPONSE_CODE='200',RESPONSE_METHOD='GET',RESPONSE_LENGTH_OKHTTP='1870',RESPONSE_LENGTH_HEADER='-2',REQUEST_PROTOCOL='http/1.1',REQUEST_URL='https://api-hillfair-2k16.herokuapp.com/api/app/club',
08-04 14:04:08.923 13866 13866 I GoogleInputMethodServic: GoogleInputMethodService.onFinishInput():3138 
08-04 14:04:08.923 13866 13866 I GoogleInputMethodServic: GoogleInputMethodService.onStartInput():1808 
08-04 14:04:08.965   918   936 I ActivityManager: Displayed baseline.appteam.nith.hillffair/.activities.EventActivity: +124ms
08-04 14:04:09.142 32570  1570 I art     : Starting a blocking GC Explicit
08-04 14:04:09.164 32570  1570 I art     : Explicit concurrent mark sweep GC freed 2545(151KB) AllocSpace objects, 1(20KB) LOS objects, 23% free, 53MB/69MB, paused 505us total 21.772ms
08-04 14:04:09.173 32570  1570 I art     : Starting a blocking GC Explicit
08-04 14:04:09.194 32570  1570 I art     : Explicit concurrent mark sweep GC freed 104(3KB) AllocSpace objects, 0(0B) LOS objects, 23% free, 53MB/69MB, paused 511us total 20.623ms
08-04 14:04:09.203 32570  1570 I art     : Starting a blocking GC Explicit
08-04 14:04:09.216   380   380 W SurfaceFlinger: couldn't log to binary event log: overflow.
08-04 14:04:09.224 32570  1570 I art     : Explicit concurrent mark sweep GC freed 3(96B) AllocSpace objects, 0(0B) LOS objects, 23% free, 53MB/69MB, paused 502us total 21.118ms
08-04 14:04:09.232 32570  1570 I art     : Starting a blocking GC Explicit
08-04 14:04:09.253 32570  1570 I art     : Explicit concurrent mark sweep GC freed 3(96B) AllocSpace objects, 0(0B) LOS objects, 23% free, 53MB/69MB, paused 478us total 20.108ms
08-04 14:04:09.261 32570  1570 I art     : Starting a blocking GC Explicit
08-04 14:04:09.281 32570  1570 I art     : Explicit concurrent mark sweep GC freed 3(96B) AllocSpace objects, 0(0B) LOS objects, 23% free, 53MB/69MB, paused 517us total 19.894ms
08-04 14:04:09.551 32570 32581 I art     : Starting a blocking GC Explicit
08-04 14:04:09.577 32570 32581 I art     : Explicit concurrent mark sweep GC freed 1414(83KB) AllocSpace objects, 1(20KB) LOS objects, 23% free, 53MB/69MB, paused 511us total 25.194ms
08-04 14:04:09.586 32570 32581 I art     : Starting a blocking GC Explicit
08-04 14:04:09.611 32570 32581 I art     : Explicit concurrent mark sweep GC freed 20(704B) AllocSpace objects, 0(0B) LOS objects, 23% free, 53MB/69MB, paused 560us total 24.668ms
08-04 14:04:09.621 32570 32581 I art     : Starting a blocking GC Explicit
08-04 14:04:09.645 32570 32581 I art     : Explicit concurrent mark sweep GC freed 3(96B) AllocSpace objects, 0(0B) LOS objects, 23% free, 53MB/69MB, paused 570us total 24.309ms
08-04 14:04:09.655 32570 32581 I art     : Starting a blocking GC Explicit
08-04 14:04:09.679 32570 32581 I art     : Explicit concurrent mark sweep GC freed 3(96B) AllocSpace objects, 0(0B) LOS objects, 23% free, 53MB/69MB, paused 539us total 23.558ms
08-04 14:04:09.687 32570 32581 I art     : Starting a blocking GC Explicit
08-04 14:04:09.712 32570 32581 I art     : Explicit concurrent mark sweep GC freed 3(96B) AllocSpace objects, 0(0B) LOS objects, 23% free, 53MB/69MB, paused 551us total 24.196ms
08-04 14:04:10.008 32570  1570 I art     : Starting a blocking GC Explicit
08-04 14:04:10.037 32570  1570 I art     : Explicit concurrent mark sweep GC freed 1344(78KB) AllocSpace objects, 1(20KB) LOS objects, 23% free, 53MB/69MB, paused 592us total 29.053ms
08-04 14:04:10.048 32570  1570 I art     : Starting a blocking GC Explicit
08-04 14:04:10.073 32570  1570 I art     : Explicit concurrent mark sweep GC freed 20(704B) AllocSpace objects, 0(0B) LOS objects, 23% free, 53MB/69MB, paused 620us total 24.685ms
08-04 14:04:10.082 32570  1570 I art     : Starting a blocking GC Explicit
08-04 14:04:10.107 32570  1570 I art     : Explicit concurrent mark sweep GC freed 3(96B) AllocSpace objects, 0(0B) LOS objects, 23% free, 53MB/69MB, paused 615us total 24.067ms
08-04 14:04:10.116 32570  1570 I art     : Starting a blocking GC Explicit
08-04 14:04:10.141 32570  1570 I art     : Explicit concurrent mark sweep GC freed 3(96B) AllocSpace objects, 0(0B) LOS objects, 23% free, 53MB/69MB, paused 564us total 24.453ms
08-04 14:04:10.150 32570  1570 I art     : Starting a blocking GC Explicit
08-04 14:04:10.175 32570  1570 I art     : Explicit concurrent mark sweep GC freed 3(96B) AllocSpace objects, 0(0B) LOS objects, 23% free, 53MB/69MB, paused 554us total 24.608ms
08-04 14:04:10.468 32570 32582 I art     : Starting a blocking GC Explicit
08-04 14:04:10.499 32570 32582 I art     : Explicit concurrent mark sweep GC freed 1344(78KB) AllocSpace objects, 1(20KB) LOS objects, 23% free, 53MB/69MB, paused 630us total 30.654ms
08-04 14:04:10.513 32570 32582 I art     : Starting a blocking GC Explicit
08-04 14:04:10.536 32570 32582 I art     : Explicit concurrent mark sweep GC freed 20(704B) AllocSpace objects, 0(0B) LOS objects, 23% free, 53MB/69MB, paused 567us total 23.341ms
08-04 14:04:10.545 32570 32582 I art     : Starting a blocking GC Explicit
08-04 14:04:10.569 32570 32582 I art     : Explicit concurrent mark sweep GC freed 3(96B) AllocSpace objects, 0(0B) LOS objects, 23% free, 53MB/69MB, paused 550us total 23.802ms
08-04 14:04:10.578 32570 32582 I art     : Starting a blocking GC Explicit
08-04 14:04:10.602 32570 32582 I art     : Explicit concurrent mark sweep GC freed 3(96B) AllocSpace objects, 0(0B) LOS objects, 23% free, 53MB/69MB, paused 556us total 24.002ms
08-04 14:04:10.612 32570 32582 I art     : Starting a blocking GC Explicit
08-04 14:04:10.636 32570 32582 I art     : Explicit concurrent mark sweep GC freed 3(96B) AllocSpace objects, 0(0B) LOS objects, 23% free, 53MB/69MB, paused 645us total 23.942ms
08-04 14:04:10.833   918  3188 I hubconnection: sensorhub said: 'set_bias 3: -6.1440, 0.0000, 0.0000'
08-04 14:04:10.962 32570   829 I art     : Starting a blocking GC Explicit
08-04 14:04:10.992 32570   829 I art     : Explicit concurrent mark sweep GC freed 1344(78KB) AllocSpace objects, 1(20KB) LOS objects, 23% free, 53MB/69MB, paused 617us total 30.324ms
08-04 14:04:11.005 32570   829 I art     : Starting a blocking GC Explicit
08-04 14:04:11.029 32570   829 I art     : Explicit concurrent mark sweep GC freed 20(704B) AllocSpace objects, 0(0B) LOS objects, 23% free, 53MB/69MB, paused 546us total 23.526ms
08-04 14:04:11.038 32570   829 I art     : Starting a blocking GC Explicit
08-04 14:04:11.063 32570   829 I art     : Explicit concurrent mark sweep GC freed 3(96B) AllocSpace objects, 0(0B) LOS objects, 23% free, 53MB/69MB, paused 543us total 24.305ms
08-04 14:04:11.072 32570   829 I art     : Starting a blocking GC Explicit
08-04 14:04:11.097 32570   829 I art     : Explicit concurrent mark sweep GC freed 3(96B) AllocSpace objects, 0(0B) LOS objects, 23% free, 53MB/69MB, paused 549us total 24.475ms
08-04 14:04:11.106 32570   829 I art     : Starting a blocking GC Explicit
08-04 14:04:11.131 32570   829 I art     : Explicit concurrent mark sweep GC freed 3(96B) AllocSpace objects, 0(0B) LOS objects, 23% free, 53MB/69MB, paused 558us total 24.717ms
08-04 14:04:11.450 32570 32611 I art     : Starting a blocking GC Explicit
08-04 14:04:11.481 32570 32611 I art     : Explicit concurrent mark sweep GC freed 1344(78KB) AllocSpace objects, 1(20KB) LOS objects, 23% free, 53MB/69MB, paused 606us total 30.576ms
08-04 14:04:11.494 32570 32611 I art     : Starting a blocking GC Explicit
08-04 14:04:11.519 32570 32611 I art     : Explicit concurrent mark sweep GC freed 20(704B) AllocSpace objects, 0(0B) LOS objects, 23% free, 53MB/69MB, paused 564us total 25.395ms
08-04 14:04:11.529 32570 32611 I art     : Starting a blocking GC Explicit
08-04 14:04:11.553 32570 32611 I art     : Explicit concurrent mark sweep GC freed 3(96B) AllocSpace objects, 0(0B) LOS objects, 23% free, 53MB/69MB, paused 541us total 23.922ms
08-04 14:04:11.562 32570 32611 I art     : Starting a blocking GC Explicit
08-04 14:04:11.587 32570 32611 I art     : Explicit concurrent mark sweep GC freed 3(96B) AllocSpace objects, 0(0B) LOS objects, 23% free, 53MB/69MB, paused 633us total 24.574ms
08-04 14:04:11.596 32570 32611 I art     : Starting a blocking GC Explicit
08-04 14:04:11.620 32570 32611 I art     : Explicit concurrent mark sweep GC freed 3(96B) AllocSpace objects, 0(0B) LOS objects, 23% free, 53MB/69MB, paused 545us total 23.907ms
08-04 14:04:11.950 32570 32581 I art     : Starting a blocking GC Explicit
08-04 14:04:11.985 32570 32581 I art     : Explicit concurrent mark sweep GC freed 1344(78KB) AllocSpace objects, 1(20KB) LOS objects, 23% free, 53MB/69MB, paused 641us total 33.721ms
08-04 14:04:11.999 32570 32581 I art     : Starting a blocking GC Explicit
08-04 14:04:12.023 32570 32581 I art     : Explicit concurrent mark sweep GC freed 20(704B) AllocSpace objects, 0(0B) LOS objects, 23% free, 53MB/69MB, paused 558us total 23.964ms
08-04 14:04:12.032 32570 32581 I art     : Starting a blocking GC Explicit
08-04 14:04:12.057 32570 32581 I art     : Explicit concurrent mark sweep GC freed 3(96B) AllocSpace objects, 0(0B) LOS objects, 23% free, 53MB/69MB, paused 556us total 24.024ms
08-04 14:04:12.066 32570 32581 I art     : Starting a blocking GC Explicit
08-04 14:04:12.090 32570 32581 I art     : Explicit concurrent mark sweep GC freed 3(96B) AllocSpace objects, 0(0B) LOS objects, 23% free, 53MB/69MB, paused 532us total 23.786ms
08-04 14:04:12.099 32570 32581 I art     : Starting a blocking GC Explicit
08-04 14:04:12.123 32570 32581 I art     : Explicit concurrent mark sweep GC freed 3(96B) AllocSpace objects, 0(0B) LOS objects, 23% free, 53MB/69MB, paused 540us total 23.989ms
08-04 14:04:12.446 32570  1570 I art     : Starting a blocking GC Explicit
08-04 14:04:12.476 32570  1570 I art     : Explicit concurrent mark sweep GC freed 1344(78KB) AllocSpace objects, 1(20KB) LOS objects, 23% free, 53MB/69MB, paused 594us total 30.284ms
08-04 14:04:12.487 32570  1570 I art     : Starting a blocking GC Explicit
08-04 14:04:12.512 32570  1570 I art     : Explicit concurrent mark sweep GC freed 20(704B) AllocSpace objects, 0(0B) LOS objects, 23% free, 53MB/69MB, paused 548us total 23.900ms
08-04 14:04:12.521 32570  1570 I art     : Starting a blocking GC Explicit
08-04 14:04:12.545 32570  1570 I art     : Explicit concurrent mark sweep GC freed 3(96B) AllocSpace objects, 0(0B) LOS objects, 23% free, 53MB/69MB, paused 645us total 23.701ms
08-04 14:04:12.554 32570  1570 I art     : Starting a blocking GC Explicit
08-04 14:04:12.578 32570  1570 I art     : Explicit concurrent mark sweep GC freed 3(96B) AllocSpace objects, 0(0B) LOS objects, 23% free, 53MB/69MB, paused 542us total 24.352ms
08-04 14:04:12.588 32570  1570 I art     : Starting a blocking GC Explicit
08-04 14:04:12.612 32570  1570 I art     : Explicit concurrent mark sweep GC freed 3(96B) AllocSpace objects, 0(0B) LOS objects, 23% free, 53MB/69MB, paused 558us total 24.536ms
08-04 14:04:12.924 32570 32582 I art     : Starting a blocking GC Explicit
08-04 14:04:12.960 32570 32582 I art     : Explicit concurrent mark sweep GC freed 1344(78KB) AllocSpace objects, 1(20KB) LOS objects, 23% free, 53MB/69MB, paused 693us total 35.120ms
08-04 14:04:12.972 32570 32582 I art     : Starting a blocking GC Explicit
08-04 14:04:12.997 32570 32582 I art     : Explicit concurrent mark sweep GC freed 20(704B) AllocSpace objects, 0(0B) LOS objects, 23% free, 53MB/69MB, paused 569us total 24.374ms
08-04 14:04:13.006 32570 32582 I art     : Starting a blocking GC Explicit
08-04 14:04:13.030 32570 32582 I art     : Explicit concurrent mark sweep GC freed 3(96B) AllocSpace objects, 0(0B) LOS objects, 23% free, 53MB/69MB, paused 563us total 24.407ms
08-04 14:04:13.040 32570 32582 I art     : Starting a blocking GC Explicit
08-04 14:04:13.064 32570 32582 I art     : Explicit concurrent mark sweep GC freed 3(96B) AllocSpace objects, 0(0B) LOS objects, 23% free, 53MB/69MB, paused 548us total 24.281ms
08-04 14:04:13.073 32570 32582 I art     : Starting a blocking GC Explicit
08-04 14:04:13.097 32570 32582 I art     : Explicit concurrent mark sweep GC freed 3(96B) AllocSpace objects, 0(0B) LOS objects, 23% free, 53MB/69MB, paused 521us total 22.978ms
08-04 14:04:13.382 32570   829 I art     : Starting a blocking GC Explicit
08-04 14:04:13.407 32570   829 I art     : Explicit concurrent mark sweep GC freed 1344(78KB) AllocSpace objects, 1(20KB) LOS objects, 23% free, 53MB/69MB, paused 561us total 24.338ms
08-04 14:04:13.416 32570   829 I art     : Starting a blocking GC Explicit
08-04 14:04:13.440 32570   829 I art     : Explicit concurrent mark sweep GC freed 20(704B) AllocSpace objects, 0(0B) LOS objects, 23% free, 53MB/69MB, paused 569us total 23.983ms
08-04 14:04:13.449 32570   829 I art     : Starting a blocking GC Explicit
08-04 14:04:13.472 32570   829 I art     : Explicit concurrent mark sweep GC freed 3(96B) AllocSpace objects, 0(0B) LOS objects, 23% free, 53MB/69MB, paused 561us total 22.880ms
08-04 14:04:13.481 32570   829 I art     : Starting a blocking GC Explicit
08-04 14:04:13.504 32570   829 I art     : Explicit concurrent mark sweep GC freed 3(96B) AllocSpace objects, 0(0B) LOS objects, 23% free, 53MB/69MB, paused 572us total 22.349ms
08-04 14:04:13.509  4807  4807 D AndroidRuntime: >>>>>> START com.android.internal.os.RuntimeInit uid 2000 <<<<<<
08-04 14:04:13.513 32570   829 I art     : Starting a blocking GC Explicit
08-04 14:04:13.514  4807  4807 D AndroidRuntime: CheckJNI is OFF
08-04 14:04:13.536 32570   829 I art     : Explicit concurrent mark sweep GC freed 3(96B) AllocSpace objects, 0(0B) LOS objects, 23% free, 53MB/69MB, paused 557us total 22.995ms
08-04 14:04:13.551  4807  4807 D ICU     : No timezone override file found: /data/misc/zoneinfo/current/icu/icu_tzdata.dat
08-04 14:04:13.584  4807  4807 I Radio-JNI: register_android_hardware_Radio DONE
08-04 14:04:13.605  4807  4807 D AndroidRuntime: Calling main entry com.android.commands.input.Input
08-04 14:04:13.607  4807  4807 I Input   : injectMotionEvent: MotionEvent { action=ACTION_DOWN, actionButton=0, id[0]=0, x[0]=255.0, y[0]=1845.0, toolType[0]=TOOL_TYPE_UNKNOWN, buttonState=0, metaState=0, flags=0x0, edgeFlags=0x0, pointerCount=1, historySize=0, eventTime=713070020, downTime=713070020, deviceId=0, source=0x1002 }
08-04 14:04:13.613  4807  4807 I Input   : injectMotionEvent: MotionEvent { action=ACTION_UP, actionButton=0, id[0]=0, x[0]=255.0, y[0]=1845.0, toolType[0]=TOOL_TYPE_UNKNOWN, buttonState=0, metaState=0, flags=0x0, edgeFlags=0x0, pointerCount=1, historySize=0, eventTime=713070020, downTime=713070020, deviceId=0, source=0x1002 }
08-04 14:04:13.615   918  5952 I ActivityManager: START u0 {cmp=baseline.appteam.nith.hillffair/.activities.ClubActivity (has extras)} from uid 10651 on display 0
08-04 14:04:13.626  4807  4807 D AndroidRuntime: Shutting down VM
08-04 14:04:13.719 32570 32570 I NAPPA_EXPERIMENTATION: MetricNetworkRequestExecutionTime: REQUEST_DURATION_SYSTEM='65',REQUEST_DURATION_OKHTTP='31',REQUEST_SYNCHRONOUS='FALSE',RESPONSE_CODE='200',RESPONSE_METHOD='GET',RESPONSE_LENGTH_OKHTTP='1171',RESPONSE_LENGTH_HEADER='-2',REQUEST_PROTOCOL='http/1.1',REQUEST_URL='https://api-hillfair-2k16.herokuapp.com/api/app/club/Technical%20Committee',
08-04 14:04:13.727   918   936 I ActivityManager: Displayed baseline.appteam.nith.hillffair/.activities.ClubActivity: +99ms
08-04 14:04:13.727 13866 13866 I GoogleInputMethodServic: GoogleInputMethodService.onFinishInput():3138 
08-04 14:04:13.728 13866 13866 I GoogleInputMethodServic: GoogleInputMethodService.onStartInput():1808 
08-04 14:04:13.775   918   927 I art     : Background sticky concurrent mark sweep GC freed 45174(7MB) AllocSpace objects, 232(4MB) LOS objects, 15% free, 72MB/85MB, paused 10.227ms total 46.305ms
08-04 14:04:13.784 32570  1570 I art     : Starting a blocking GC Explicit
08-04 14:04:13.807 32570  1570 I art     : Explicit concurrent mark sweep GC freed 5747(415KB) AllocSpace objects, 1(20KB) LOS objects, 22% free, 53MB/69MB, paused 508us total 22.234ms
08-04 14:04:13.815 32570  1570 I art     : Starting a blocking GC Explicit
08-04 14:04:13.837 32570  1570 I art     : Explicit concurrent mark sweep GC freed 288(12KB) AllocSpace objects, 0(0B) LOS objects, 22% free, 53MB/69MB, paused 525us total 21.048ms
08-04 14:04:13.847 32570  1570 I art     : Starting a blocking GC Explicit
08-04 14:04:13.874 32570  1570 I art     : Explicit concurrent mark sweep GC freed 15(544B) AllocSpace objects, 0(0B) LOS objects, 22% free, 53MB/69MB, paused 559us total 26.143ms
08-04 14:04:13.884 32570  1570 I art     : Starting a blocking GC Explicit
08-04 14:04:13.911 32570  1570 I art     : Explicit concurrent mark sweep GC freed 3(96B) AllocSpace objects, 0(0B) LOS objects, 22% free, 53MB/69MB, paused 586us total 26.538ms
08-04 14:04:13.920 32570  1570 I art     : Starting a blocking GC Explicit
08-04 14:04:13.949 32570  1570 I art     : Explicit concurrent mark sweep GC freed 3(96B) AllocSpace objects, 0(0B) LOS objects, 22% free, 53MB/69MB, paused 591us total 28.805ms
08-04 14:04:13.956   380   380 W SurfaceFlinger: couldn't log to binary event log: overflow.
08-04 14:04:14.245 32570 32582 I art     : Starting a blocking GC Explicit
08-04 14:04:14.268 32570 32582 I art     : Explicit concurrent mark sweep GC freed 1449(84KB) AllocSpace objects, 1(20KB) LOS objects, 22% free, 53MB/69MB, paused 586us total 22.183ms
08-04 14:04:14.277 32570 32582 I art     : Starting a blocking GC Explicit
08-04 14:04:14.298 32570 32582 I art     : Explicit concurrent mark sweep GC freed 20(704B) AllocSpace objects, 0(0B) LOS objects, 22% free, 53MB/69MB, paused 677us total 21.316ms
08-04 14:04:14.306 32570 32582 I art     : Starting a blocking GC Explicit
08-04 14:04:14.328 32570 32582 I art     : Explicit concurrent mark sweep GC freed 3(96B) AllocSpace objects, 0(0B) LOS objects, 22% free, 53MB/69MB, paused 570us total 21.455ms
08-04 14:04:14.336 32570 32582 I art     : Starting a blocking GC Explicit
08-04 14:04:14.358 32570 32582 I art     : Explicit concurrent mark sweep GC freed 3(96B) AllocSpace objects, 0(0B) LOS objects, 22% free, 53MB/69MB, paused 496us total 21.170ms
08-04 14:04:14.366 32570 32582 I art     : Starting a blocking GC Explicit
08-04 14:04:14.388 32570 32582 I art     : Explicit concurrent mark sweep GC freed 3(96B) AllocSpace objects, 0(0B) LOS objects, 22% free, 53MB/69MB, paused 612us total 21.313ms
08-04 14:04:14.671 32570 32582 I art     : Starting a blocking GC Explicit
08-04 14:04:14.698 32570 32582 I art     : Explicit concurrent mark sweep GC freed 1344(78KB) AllocSpace objects, 1(20KB) LOS objects, 22% free, 53MB/69MB, paused 617us total 26.606ms
08-04 14:04:14.711 32570 32582 I art     : Starting a blocking GC Explicit
08-04 14:04:14.739 32570 32582 I art     : Explicit concurrent mark sweep GC freed 36(1264B) AllocSpace objects, 0(0B) LOS objects, 22% free, 53MB/69MB, paused 584us total 27.554ms
08-04 14:04:14.748 32570 32582 I art     : Starting a blocking GC Explicit
08-04 14:04:14.774 32570 32582 I art     : Explicit concurrent mark sweep GC freed 3(96B) AllocSpace objects, 0(0B) LOS objects, 22% free, 53MB/69MB, paused 586us total 25.427ms
08-04 14:04:14.783 32570 32582 I art     : Starting a blocking GC Explicit
08-04 14:04:14.809 32570 32582 I art     : Explicit concurrent mark sweep GC freed 3(96B) AllocSpace objects, 0(0B) LOS objects, 22% free, 53MB/69MB, paused 566us total 25.463ms
08-04 14:04:14.818 32570 32582 I art     : Starting a blocking GC Explicit
08-04 14:04:14.844 32570 32582 I art     : Explicit concurrent mark sweep GC freed 3(96B) AllocSpace objects, 0(0B) LOS objects, 22% free, 53MB/69MB, paused 527us total 25.132ms
08-04 14:04:15.123 32570  1570 I art     : Starting a blocking GC Explicit
08-04 14:04:15.155 32570  1570 I art     : Explicit concurrent mark sweep GC freed 1344(78KB) AllocSpace objects, 1(20KB) LOS objects, 22% free, 53MB/69MB, paused 666us total 31.782ms
08-04 14:04:15.169 32570  1570 I art     : Starting a blocking GC Explicit
08-04 14:04:15.194 32570  1570 I art     : Explicit concurrent mark sweep GC freed 20(704B) AllocSpace objects, 0(0B) LOS objects, 22% free, 53MB/69MB, paused 564us total 24.276ms
08-04 14:04:15.203 32570  1570 I art     : Starting a blocking GC Explicit
08-04 14:04:15.228 32570  1570 I art     : Explicit concurrent mark sweep GC freed 3(96B) AllocSpace objects, 0(0B) LOS objects, 22% free, 53MB/69MB, paused 599us total 24.894ms
08-04 14:04:15.237 32570  1570 I art     : Starting a blocking GC Explicit
08-04 14:04:15.263 32570  1570 I art     : Explicit concurrent mark sweep GC freed 3(96B) AllocSpace objects, 0(0B) LOS objects, 22% free, 53MB/69MB, paused 566us total 25.336ms
08-04 14:04:15.272 32570  1570 I art     : Starting a blocking GC Explicit
08-04 14:04:15.297 32570  1570 I art     : Explicit concurrent mark sweep GC freed 3(96B) AllocSpace objects, 0(0B) LOS objects, 22% free, 53MB/69MB, paused 615us total 24.936ms
08-04 14:04:15.571 32570 32581 I art     : Starting a blocking GC Explicit
08-04 14:04:15.601 32570 32581 I art     : Explicit concurrent mark sweep GC freed 1344(78KB) AllocSpace objects, 1(20KB) LOS objects, 22% free, 53MB/69MB, paused 583us total 30.076ms
08-04 14:04:15.610 32570 32581 I art     : Starting a blocking GC Explicit
08-04 14:04:15.636 32570 32581 I art     : Explicit concurrent mark sweep GC freed 20(704B) AllocSpace objects, 0(0B) LOS objects, 22% free, 53MB/69MB, paused 570us total 25.405ms
08-04 14:04:15.645 32570 32581 I art     : Starting a blocking GC Explicit
08-04 14:04:15.670 32570 32581 I art     : Explicit concurrent mark sweep GC freed 3(96B) AllocSpace objects, 0(0B) LOS objects, 22% free, 53MB/69MB, paused 573us total 24.841ms
08-04 14:04:15.680 32570 32581 I art     : Starting a blocking GC Explicit
08-04 14:04:15.705 32570 32581 I art     : Explicit concurrent mark sweep GC freed 3(96B) AllocSpace objects, 0(0B) LOS objects, 22% free, 53MB/69MB, paused 580us total 24.893ms
08-04 14:04:15.714 32570 32581 I art     : Starting a blocking GC Explicit
08-04 14:04:15.740 32570 32581 I art     : Explicit concurrent mark sweep GC freed 3(96B) AllocSpace objects, 0(0B) LOS objects, 22% free, 53MB/69MB, paused 572us total 25.200ms
08-04 14:04:16.072 32570 32611 I art     : Starting a blocking GC Explicit
08-04 14:04:16.104 32570 32611 I art     : Explicit concurrent mark sweep GC freed 1344(78KB) AllocSpace objects, 1(20KB) LOS objects, 22% free, 53MB/69MB, paused 607us total 31.588ms
08-04 14:04:16.117 32570 32611 I art     : Starting a blocking GC Explicit
08-04 14:04:16.142 32570 32611 I art     : Explicit concurrent mark sweep GC freed 20(704B) AllocSpace objects, 0(0B) LOS objects, 22% free, 53MB/69MB, paused 575us total 25.327ms
08-04 14:04:16.152 32570 32611 I art     : Starting a blocking GC Explicit
08-04 14:04:16.177 32570 32611 I art     : Explicit concurrent mark sweep GC freed 3(96B) AllocSpace objects, 0(0B) LOS objects, 22% free, 53MB/69MB, paused 660us total 25.099ms
08-04 14:04:16.186 32570 32611 I art     : Starting a blocking GC Explicit
08-04 14:04:16.211 32570 32611 I art     : Explicit concurrent mark sweep GC freed 3(96B) AllocSpace objects, 0(0B) LOS objects, 22% free, 53MB/69MB, paused 557us total 24.908ms
08-04 14:04:16.221 32570 32611 I art     : Starting a blocking GC Explicit
08-04 14:04:16.247 32570 32611 I art     : Explicit concurrent mark sweep GC freed 3(96B) AllocSpace objects, 0(0B) LOS objects, 22% free, 53MB/69MB, paused 571us total 25.645ms
08-04 14:04:16.556 32570   829 I art     : Starting a blocking GC Explicit
08-04 14:04:16.589 32570   829 I art     : Explicit concurrent mark sweep GC freed 1344(78KB) AllocSpace objects, 1(20KB) LOS objects, 22% free, 53MB/69MB, paused 636us total 31.686ms
08-04 14:04:16.602 32570   829 I art     : Starting a blocking GC Explicit
08-04 14:04:16.626 32570   829 I art     : Explicit concurrent mark sweep GC freed 20(704B) AllocSpace objects, 0(0B) LOS objects, 22% free, 53MB/69MB, paused 570us total 24.133ms
08-04 14:04:16.636 32570   829 I art     : Starting a blocking GC Explicit
08-04 14:04:16.661 32570   829 I art     : Explicit concurrent mark sweep GC freed 3(96B) AllocSpace objects, 0(0B) LOS objects, 22% free, 53MB/69MB, paused 555us total 24.902ms
08-04 14:04:16.670 32570   829 I art     : Starting a blocking GC Explicit
08-04 14:04:16.695 32570   829 I art     : Explicit concurrent mark sweep GC freed 3(96B) AllocSpace objects, 0(0B) LOS objects, 22% free, 53MB/69MB, paused 564us total 24.648ms
08-04 14:04:16.704 32570   829 I art     : Starting a blocking GC Explicit
08-04 14:04:16.730 32570   829 I art     : Explicit concurrent mark sweep GC freed 3(96B) AllocSpace objects, 0(0B) LOS objects, 22% free, 53MB/69MB, paused 610us total 25.419ms
08-04 14:04:17.057 32570 32582 I art     : Starting a blocking GC Explicit
08-04 14:04:17.091 32570 32582 I art     : Explicit concurrent mark sweep GC freed 1344(78KB) AllocSpace objects, 1(20KB) LOS objects, 22% free, 53MB/69MB, paused 627us total 33.252ms
08-04 14:04:17.104 32570 32582 I art     : Starting a blocking GC Explicit
08-04 14:04:17.130 32570 32582 I art     : Explicit concurrent mark sweep GC freed 20(704B) AllocSpace objects, 0(0B) LOS objects, 22% free, 53MB/69MB, paused 561us total 25.240ms
08-04 14:04:17.130 32570 32580 I art     : WaitForGcToComplete blocked for 6.071ms for cause HeapTrim
08-04 14:04:17.139 32570 32582 I art     : Starting a blocking GC Explicit
08-04 14:04:17.165 32570 32582 I art     : Explicit concurrent mark sweep GC freed 3(96B) AllocSpace objects, 0(0B) LOS objects, 22% free, 53MB/69MB, paused 641us total 25.553ms
08-04 14:04:17.174 32570 32582 I art     : Starting a blocking GC Explicit
08-04 14:04:17.200 32570 32582 I art     : Explicit concurrent mark sweep GC freed 3(96B) AllocSpace objects, 0(0B) LOS objects, 22% free, 53MB/69MB, paused 588us total 25.530ms
08-04 14:04:17.210 32570 32582 I art     : Starting a blocking GC Explicit
08-04 14:04:17.235 32570 32582 I art     : Explicit concurrent mark sweep GC freed 3(96B) AllocSpace objects, 0(0B) LOS objects, 22% free, 53MB/69MB, paused 581us total 25.140ms
08-04 14:04:17.553 32570  1570 I art     : Starting a blocking GC Explicit
08-04 14:04:17.584 32570  1570 I art     : Explicit concurrent mark sweep GC freed 1344(78KB) AllocSpace objects, 1(20KB) LOS objects, 22% free, 53MB/69MB, paused 685us total 31.090ms
08-04 14:04:17.597 32570  1570 I art     : Starting a blocking GC Explicit
08-04 14:04:17.622 32570  1570 I art     : Explicit concurrent mark sweep GC freed 20(704B) AllocSpace objects, 0(0B) LOS objects, 22% free, 53MB/69MB, paused 568us total 24.886ms
08-04 14:04:17.631 32570  1570 I art     : Starting a blocking GC Explicit
08-04 14:04:17.657 32570  1570 I art     : Explicit concurrent mark sweep GC freed 3(96B) AllocSpace objects, 0(0B) LOS objects, 22% free, 53MB/69MB, paused 642us total 25.424ms
08-04 14:04:17.666 32570  1570 I art     : Starting a blocking GC Explicit
08-04 14:04:17.692 32570  1570 I art     : Explicit concurrent mark sweep GC freed 3(96B) AllocSpace objects, 0(0B) LOS objects, 22% free, 53MB/69MB, paused 578us total 25.393ms
08-04 14:04:17.701 32570  1570 I art     : Starting a blocking GC Explicit
08-04 14:04:17.727 32570  1570 I art     : Explicit concurrent mark sweep GC freed 3(96B) AllocSpace objects, 0(0B) LOS objects, 22% free, 53MB/69MB, paused 657us total 25.690ms
08-04 14:04:18.012 32570 32581 I art     : Starting a blocking GC Explicit
08-04 14:04:18.037 32570 32581 I art     : Explicit concurrent mark sweep GC freed 1344(78KB) AllocSpace objects, 1(20KB) LOS objects, 22% free, 53MB/69MB, paused 597us total 25.091ms
08-04 14:04:18.046 32570 32581 I art     : Starting a blocking GC Explicit
08-04 14:04:18.070 32570 32581 I art     : Explicit concurrent mark sweep GC freed 20(704B) AllocSpace objects, 0(0B) LOS objects, 22% free, 53MB/69MB, paused 642us total 24.041ms
08-04 14:04:18.080 32570 32581 I art     : Starting a blocking GC Explicit
08-04 14:04:18.104 32570 32581 I art     : Explicit concurrent mark sweep GC freed 3(96B) AllocSpace objects, 0(0B) LOS objects, 22% free, 53MB/69MB, paused 569us total 24.110ms
08-04 14:04:18.113 32570 32581 I art     : Starting a blocking GC Explicit
08-04 14:04:18.136 32570 32581 I art     : Explicit concurrent mark sweep GC freed 3(96B) AllocSpace objects, 0(0B) LOS objects, 22% free, 53MB/69MB, paused 559us total 23.439ms
08-04 14:04:18.145 32570 32581 I art     : Starting a blocking GC Explicit
08-04 14:04:18.170 32570 32581 I art     : Explicit concurrent mark sweep GC freed 3(96B) AllocSpace objects, 0(0B) LOS objects, 22% free, 53MB/69MB, paused 625us total 24.510ms
08-04 14:04:18.322  4929  4929 D AndroidRuntime: >>>>>> START com.android.internal.os.RuntimeInit uid 2000 <<<<<<
08-04 14:04:18.328  4929  4929 D AndroidRuntime: CheckJNI is OFF
08-04 14:04:18.362  4929  4929 D ICU     : No timezone override file found: /data/misc/zoneinfo/current/icu/icu_tzdata.dat
08-04 14:04:18.394  4929  4929 I Radio-JNI: register_android_hardware_Radio DONE
08-04 14:04:18.416  4929  4929 D AndroidRuntime: Calling main entry com.android.commands.input.Input
08-04 14:04:18.417  4929  4929 I Input   : injectKeyEvent: KeyEvent { action=ACTION_DOWN, keyCode=KEYCODE_BACK, scanCode=0, metaState=0, flags=0x0, repeatCount=0, eventTime=713074830, downTime=713074830, deviceId=-1, source=0x101 }
08-04 14:04:18.427  4929  4929 I Input   : injectKeyEvent: KeyEvent { action=ACTION_UP, keyCode=KEYCODE_BACK, scanCode=0, metaState=0, flags=0x0, repeatCount=0, eventTime=713074830, downTime=713074830, deviceId=-1, source=0x101 }
08-04 14:04:18.434  4929  4929 D AndroidRuntime: Shutting down VM
08-04 14:04:18.469 13866 13866 I GoogleInputMethodServic: GoogleInputMethodService.onFinishInput():3138 
08-04 14:04:18.469 13866 13866 I GoogleInputMethodServic: GoogleInputMethodService.onStartInput():1808 
08-04 14:04:18.477 32570 32581 I art     : Starting a blocking GC Explicit
08-04 14:04:18.504 32570 32581 I art     : Explicit concurrent mark sweep GC freed 1546(87KB) AllocSpace objects, 1(20KB) LOS objects, 22% free, 53MB/69MB, paused 576us total 27.128ms
08-04 14:04:18.513 32570 32581 I art     : Starting a blocking GC Explicit
08-04 14:04:18.536 32570 32581 I art     : Explicit concurrent mark sweep GC freed 43(1504B) AllocSpace objects, 0(0B) LOS objects, 22% free, 53MB/69MB, paused 489us total 22.809ms
08-04 14:04:18.545 32570 32581 I art     : Starting a blocking GC Explicit
08-04 14:04:18.565 32570 32581 I art     : Explicit concurrent mark sweep GC freed 3(96B) AllocSpace objects, 0(0B) LOS objects, 22% free, 53MB/69MB, paused 477us total 19.977ms
08-04 14:04:18.574 32570 32581 I art     : Starting a blocking GC Explicit
08-04 14:04:18.595 32570 32581 I art     : Explicit concurrent mark sweep GC freed 3(96B) AllocSpace objects, 0(0B) LOS objects, 22% free, 53MB/69MB, paused 487us total 21.147ms
08-04 14:04:18.604 32570 32581 I art     : Starting a blocking GC Explicit
08-04 14:04:18.628 32570 32581 I art     : Explicit concurrent mark sweep GC freed 3(96B) AllocSpace objects, 0(0B) LOS objects, 22% free, 53MB/69MB, paused 494us total 23.324ms
08-04 14:04:18.777   380   380 W SurfaceFlinger: couldn't log to binary event log: overflow.
08-04 14:04:18.897 32570  1570 I art     : Starting a blocking GC Explicit
08-04 14:04:18.922 32570  1570 I art     : Explicit concurrent mark sweep GC freed 1453(86KB) AllocSpace objects, 1(20KB) LOS objects, 22% free, 53MB/69MB, paused 522us total 25.005ms
08-04 14:04:18.931 32570  1570 I art     : Starting a blocking GC Explicit
08-04 14:04:18.956 32570  1570 I art     : Explicit concurrent mark sweep GC freed 1670(108KB) AllocSpace objects, 3(180KB) LOS objects, 23% free, 53MB/69MB, paused 546us total 24.625ms
08-04 14:04:18.965 32570  1570 I art     : Starting a blocking GC Explicit
08-04 14:04:18.988 32570  1570 I art     : Explicit concurrent mark sweep GC freed 3(96B) AllocSpace objects, 0(0B) LOS objects, 23% free, 53MB/69MB, paused 543us total 23.486ms
08-04 14:04:18.997 32570  1570 I art     : Starting a blocking GC Explicit
08-04 14:04:19.022 32570  1570 I art     : Explicit concurrent mark sweep GC freed 3(96B) AllocSpace objects, 0(0B) LOS objects, 23% free, 53MB/69MB, paused 547us total 24.209ms
08-04 14:04:19.031 32570  1570 I art     : Starting a blocking GC Explicit
08-04 14:04:19.055 32570  1570 I art     : Explicit concurrent mark sweep GC freed 3(96B) AllocSpace objects, 0(0B) LOS objects, 23% free, 53MB/69MB, paused 587us total 24.030ms
08-04 14:04:19.353 32570 32611 I art     : Starting a blocking GC Explicit
08-04 14:04:19.385 32570 32611 I art     : Explicit concurrent mark sweep GC freed 1344(78KB) AllocSpace objects, 1(20KB) LOS objects, 23% free, 53MB/69MB, paused 646us total 31.507ms
08-04 14:04:19.399 32570 32611 I art     : Starting a blocking GC Explicit
08-04 14:04:19.423 32570 32611 I art     : Explicit concurrent mark sweep GC freed 20(704B) AllocSpace objects, 0(0B) LOS objects, 23% free, 53MB/69MB, paused 551us total 23.505ms
08-04 14:04:19.432 32570 32611 I art     : Starting a blocking GC Explicit
08-04 14:04:19.455 32570 32611 I art     : Explicit concurrent mark sweep GC freed 3(96B) AllocSpace objects, 0(0B) LOS objects, 23% free, 53MB/69MB, paused 565us total 23.467ms
08-04 14:04:19.465 32570 32611 I art     : Starting a blocking GC Explicit
08-04 14:04:19.489 32570 32611 I art     : Explicit concurrent mark sweep GC freed 3(96B) AllocSpace objects, 0(0B) LOS objects, 23% free, 53MB/69MB, paused 562us total 24.053ms
08-04 14:04:19.498 32570 32611 I art     : Starting a blocking GC Explicit
08-04 14:04:19.523 32570 32611 I art     : Explicit concurrent mark sweep GC freed 3(96B) AllocSpace objects, 0(0B) LOS objects, 23% free, 53MB/69MB, paused 550us total 24.560ms
08-04 14:04:19.800 32570   829 I art     : Starting a blocking GC Explicit
08-04 14:04:19.824 32570   829 I art     : Explicit concurrent mark sweep GC freed 1344(78KB) AllocSpace objects, 1(20KB) LOS objects, 23% free, 53MB/69MB, paused 570us total 23.950ms
08-04 14:04:19.833 32570   829 I art     : Starting a blocking GC Explicit
08-04 14:04:19.856 32570   829 I art     : Explicit concurrent mark sweep GC freed 20(704B) AllocSpace objects, 0(0B) LOS objects, 23% free, 53MB/69MB, paused 539us total 22.651ms
08-04 14:04:19.865 32570   829 I art     : Starting a blocking GC Explicit
08-04 14:04:19.887 32570   829 I art     : Explicit concurrent mark sweep GC freed 3(96B) AllocSpace objects, 0(0B) LOS objects, 23% free, 53MB/69MB, paused 611us total 22.354ms
08-04 14:04:19.896 32570   829 I art     : Starting a blocking GC Explicit
08-04 14:04:19.919 32570   829 I art     : Explicit concurrent mark sweep GC freed 3(96B) AllocSpace objects, 0(0B) LOS objects, 23% free, 53MB/69MB, paused 547us total 22.522ms
08-04 14:04:19.928 32570   829 I art     : Starting a blocking GC Explicit
08-04 14:04:19.951 32570   829 I art     : Explicit concurrent mark sweep GC freed 3(96B) AllocSpace objects, 0(0B) LOS objects, 23% free, 53MB/69MB, paused 544us total 22.557ms
08-04 14:04:20.082  3744  3744 I ServiceManager: Waiting for service AtCmdFwd...
08-04 14:04:20.110  4983  4983 D AndroidRuntime: >>>>>> START com.android.internal.os.RuntimeInit uid 2000 <<<<<<
08-04 14:04:20.115  4983  4983 D AndroidRuntime: CheckJNI is OFF
08-04 14:04:20.147  4983  4983 D ICU     : No timezone override file found: /data/misc/zoneinfo/current/icu/icu_tzdata.dat
08-04 14:04:20.180  4983  4983 I Radio-JNI: register_android_hardware_Radio DONE
08-04 14:04:20.202  4983  4983 D AndroidRuntime: Calling main entry com.android.commands.input.Input
08-04 14:04:20.203  4983  4983 I Input   : injectKeyEvent: KeyEvent { action=ACTION_DOWN, keyCode=KEYCODE_BACK, scanCode=0, metaState=0, flags=0x0, repeatCount=0, eventTime=713076617, downTime=713076617, deviceId=-1, source=0x101 }
08-04 14:04:20.209  4983  4983 I Input   : injectKeyEvent: KeyEvent { action=ACTION_UP, keyCode=KEYCODE_BACK, scanCode=0, metaState=0, flags=0x0, repeatCount=0, eventTime=713076617, downTime=713076617, deviceId=-1, source=0x101 }
08-04 14:04:20.215  4983  4983 D AndroidRuntime: Shutting down VM
08-04 14:04:20.224 32570 32611 I art     : Starting a blocking GC Explicit
08-04 14:04:20.246 32570 32611 I art     : Explicit concurrent mark sweep GC freed 1491(85KB) AllocSpace objects, 1(20KB) LOS objects, 23% free, 53MB/69MB, paused 533us total 22.363ms
08-04 14:04:20.255 32570 32611 I art     : Starting a blocking GC Explicit
08-04 14:04:20.256 13866 13866 I GoogleInputMethodServic: GoogleInputMethodService.onFinishInput():3138 
08-04 14:04:20.257 13866 13866 I GoogleInputMethodServic: GoogleInputMethodService.onStartInput():1808 
08-04 14:04:20.279 32570 32611 I art     : Explicit concurrent mark sweep GC freed 77(2704B) AllocSpace objects, 0(0B) LOS objects, 23% free, 53MB/69MB, paused 710us total 23.255ms
08-04 14:04:20.289 32570 32611 I art     : Starting a blocking GC Explicit
08-04 14:04:20.309 32570 32611 I art     : Explicit concurrent mark sweep GC freed 12(448B) AllocSpace objects, 0(0B) LOS objects, 23% free, 53MB/69MB, paused 532us total 19.649ms
08-04 14:04:20.317 32570 32611 I art     : Starting a blocking GC Explicit
08-04 14:04:20.336 32570 32611 I art     : Explicit concurrent mark sweep GC freed 3(96B) AllocSpace objects, 0(0B) LOS objects, 23% free, 53MB/69MB, paused 486us total 19.361ms
08-04 14:04:20.345 32570 32611 I art     : Starting a blocking GC Explicit
08-04 14:04:20.366 32570 32611 I art     : Explicit concurrent mark sweep GC freed 3(96B) AllocSpace objects, 0(0B) LOS objects, 23% free, 53MB/69MB, paused 518us total 20.440ms
08-04 14:04:20.635 32570 32582 I art     : Starting a blocking GC Explicit
08-04 14:04:20.661 32570 32582 I art     : Explicit concurrent mark sweep GC freed 2020(110KB) AllocSpace objects, 1(20KB) LOS objects, 23% free, 53MB/69MB, paused 576us total 25.001ms
08-04 14:04:20.674 32570 32582 I art     : Starting a blocking GC Explicit
08-04 14:04:20.697 32570 32582 I art     : Explicit concurrent mark sweep GC freed 2678(174KB) AllocSpace objects, 1(28KB) LOS objects, 23% free, 53MB/69MB, paused 530us total 22.376ms
08-04 14:04:20.705 32570 32582 I art     : Starting a blocking GC Explicit
08-04 14:04:20.727 32570 32582 I art     : Explicit concurrent mark sweep GC freed 3(96B) AllocSpace objects, 0(0B) LOS objects, 23% free, 53MB/69MB, paused 595us total 21.903ms
08-04 14:04:20.736 32570 32582 I art     : Starting a blocking GC Explicit
08-04 14:04:20.758 32570 32582 I art     : Explicit concurrent mark sweep GC freed 3(96B) AllocSpace objects, 0(0B) LOS objects, 23% free, 53MB/69MB, paused 552us total 21.931ms
08-04 14:04:20.767 32570 32582 I art     : Starting a blocking GC Explicit
08-04 14:04:20.790 32570 32582 I art     : Explicit concurrent mark sweep GC freed 3(96B) AllocSpace objects, 0(0B) LOS objects, 23% free, 53MB/69MB, paused 547us total 22.460ms
08-04 14:04:21.082 32570   829 I art     : Starting a blocking GC Explicit
08-04 14:04:21.083  3744  3744 I ServiceManager: Waiting for service AtCmdFwd...
08-04 14:04:21.112 32570   829 I art     : Explicit concurrent mark sweep GC freed 1344(78KB) AllocSpace objects, 1(20KB) LOS objects, 23% free, 53MB/69MB, paused 593us total 29.540ms
08-04 14:04:21.125 32570   829 I art     : Starting a blocking GC Explicit
08-04 14:04:21.151 32570   829 I art     : Explicit concurrent mark sweep GC freed 20(704B) AllocSpace objects, 0(0B) LOS objects, 23% free, 53MB/69MB, paused 551us total 25.825ms
08-04 14:04:21.160 32570   829 I art     : Starting a blocking GC Explicit
08-04 14:04:21.185 32570   829 I art     : Explicit concurrent mark sweep GC freed 3(96B) AllocSpace objects, 0(0B) LOS objects, 23% free, 53MB/69MB, paused 615us total 24.131ms
08-04 14:04:21.194 32570   829 I art     : Starting a blocking GC Explicit
08-04 14:04:21.217 32570   829 I art     : Explicit concurrent mark sweep GC freed 3(96B) AllocSpace objects, 0(0B) LOS objects, 23% free, 53MB/69MB, paused 624us total 22.920ms
08-04 14:04:21.226 32570   829 I art     : Starting a blocking GC Explicit
08-04 14:04:21.249 32570   829 I art     : Explicit concurrent mark sweep GC freed 3(96B) AllocSpace objects, 0(0B) LOS objects, 23% free, 53MB/69MB, paused 544us total 23.053ms
08-04 14:04:21.533 32570 32581 I art     : Starting a blocking GC Explicit
08-04 14:04:21.556 32570 32581 I art     : Explicit concurrent mark sweep GC freed 1341(78KB) AllocSpace objects, 1(20KB) LOS objects, 23% free, 53MB/69MB, paused 571us total 23.176ms
08-04 14:04:21.565 32570 32581 I art     : Starting a blocking GC Explicit
08-04 14:04:21.587 32570 32581 I art     : Explicit concurrent mark sweep GC freed 20(704B) AllocSpace objects, 0(0B) LOS objects, 23% free, 53MB/69MB, paused 641us total 21.775ms
08-04 14:04:21.596 32570 32581 I art     : Starting a blocking GC Explicit
08-04 14:04:21.618 32570 32581 I art     : Explicit concurrent mark sweep GC freed 3(96B) AllocSpace objects, 0(0B) LOS objects, 23% free, 53MB/69MB, paused 549us total 21.626ms
08-04 14:04:21.627 32570 32581 I art     : Starting a blocking GC Explicit
08-04 14:04:21.648 32570 32581 I art     : Explicit concurrent mark sweep GC freed 3(96B) AllocSpace objects, 0(0B) LOS objects, 23% free, 53MB/69MB, paused 558us total 21.595ms
08-04 14:04:21.657 32570 32581 I art     : Starting a blocking GC Explicit
08-04 14:04:21.679 32570 32581 I art     : Explicit concurrent mark sweep GC freed 3(96B) AllocSpace objects, 0(0B) LOS objects, 23% free, 53MB/69MB, paused 544us total 21.435ms
08-04 14:04:21.906  5048  5048 D AndroidRuntime: >>>>>> START com.android.internal.os.RuntimeInit uid 2000 <<<<<<
08-04 14:04:21.911  5048  5048 D AndroidRuntime: CheckJNI is OFF
08-04 14:04:21.946  5048  5048 D ICU     : No timezone override file found: /data/misc/zoneinfo/current/icu/icu_tzdata.dat
08-04 14:04:21.960 32570  1570 I art     : Starting a blocking GC Explicit
08-04 14:04:21.981  5048  5048 I Radio-JNI: register_android_hardware_Radio DONE
08-04 14:04:21.984 32570  1570 I art     : Explicit concurrent mark sweep GC freed 1341(78KB) AllocSpace objects, 1(20KB) LOS objects, 23% free, 53MB/69MB, paused 614us total 22.870ms
08-04 14:04:21.993 32570  1570 I art     : Starting a blocking GC Explicit
08-04 14:04:22.004  5048  5048 D AndroidRuntime: Calling main entry com.android.commands.am.Am
08-04 14:04:22.013  2375  2375 I Trepn   : Trepn 6.2s: Received intent: com.quicinc.trepn.stop_profiling
08-04 14:04:22.015 32570  1570 I art     : Explicit concurrent mark sweep GC freed 20(704B) AllocSpace objects, 0(0B) LOS objects, 23% free, 53MB/69MB, paused 518us total 21.894ms
08-04 14:04:22.024 32570  1570 I art     : Starting a blocking GC Explicit
08-04 14:04:22.043 32570  1570 I art     : Explicit concurrent mark sweep GC freed 3(96B) AllocSpace objects, 0(0B) LOS objects, 23% free, 53MB/69MB, paused 513us total 19.088ms
08-04 14:04:22.051  2375  2375 I Trepn   : Trepn 6.2s: Trepn has Stopped Profiling.
08-04 14:04:22.051 32570  1570 I art     : Starting a blocking GC Explicit
08-04 14:04:22.071 32570  1570 I art     : Explicit concurrent mark sweep GC freed 3(96B) AllocSpace objects, 0(0B) LOS objects, 23% free, 53MB/69MB, paused 540us total 19.407ms
08-04 14:04:22.079 32570  1570 I art     : Starting a blocking GC Explicit
08-04 14:04:22.083  3744  3744 I ServiceManager: Waiting for service AtCmdFwd...
08-04 14:04:22.099 32570  1570 I art     : Explicit concurrent mark sweep GC freed 3(96B) AllocSpace objects, 0(0B) LOS objects, 23% free, 53MB/69MB, paused 520us total 19.326ms
08-04 14:04:22.148  5048  5048 D AndroidRuntime: Shutting down VM
08-04 14:04:22.152   918  6112 W AppOps  : Finishing op nesting under-run: uid 10078 pkg com.quicinc.trepn code 24 time=0 duration=0 nesting=0
08-04 14:04:22.402 32570 32611 I art     : Starting a blocking GC Explicit
08-04 14:04:22.424 32570 32611 I art     : Explicit concurrent mark sweep GC freed 1341(78KB) AllocSpace objects, 1(20KB) LOS objects, 23% free, 53MB/69MB, paused 530us total 22.632ms
08-04 14:04:22.434 32570 32611 I art     : Starting a blocking GC Explicit
08-04 14:04:22.455 32570 32611 I art     : Explicit concurrent mark sweep GC freed 20(704B) AllocSpace objects, 0(0B) LOS objects, 23% free, 53MB/69MB, paused 549us total 21.127ms
08-04 14:04:22.463 32570 32611 I art     : Starting a blocking GC Explicit
08-04 14:04:22.485 32570 32611 I art     : Explicit concurrent mark sweep GC freed 3(96B) AllocSpace objects, 0(0B) LOS objects, 23% free, 53MB/69MB, paused 523us total 21.279ms
08-04 14:04:22.494 32570 32611 I art     : Starting a blocking GC Explicit
08-04 14:04:22.516 32570 32611 I art     : Explicit concurrent mark sweep GC freed 3(96B) AllocSpace objects, 0(0B) LOS objects, 23% free, 53MB/69MB, paused 530us total 21.780ms
08-04 14:04:22.524 32570 32611 I art     : Starting a blocking GC Explicit
08-04 14:04:22.546 32570 32611 I art     : Explicit concurrent mark sweep GC freed 3(96B) AllocSpace objects, 0(0B) LOS objects, 23% free, 53MB/69MB, paused 558us total 21.674ms
08-04 14:04:23.084  3744  3744 I ServiceManager: Waiting for service AtCmdFwd...
08-04 14:04:23.175   918  3261 D WifiStateMachine: starting scan for "H369AA63323"WPA_PSK with 2412,5180
08-04 14:04:24.085  3744  3744 I ServiceManager: Waiting for service AtCmdFwd...
