08-06 00:47:40.139 18450 18480 D GreedyPrefetchingStrategyOnVisitFrequencyAndTime: MetricStrategyAccuracy inc execution count8 | act = true; extra = false
08-06 00:47:40.139 18450 18480 D GreedyPrefetchingStrategyOnVisitFrequencyAndTime: MetricStrategyAccuracy inc no sucessor count6 | act = true; extra = false
08-06 00:47:40.139 18450 18480 D GreedyPrefetchingStrategyOnVisitFrequencyAndTime: ------------- Recursion #1 -----------
08-06 00:47:40.139 18450 18480 D GreedyPrefetchingStrategyOnVisitFrequencyAndTime: Best successors so far []
08-06 00:47:40.139 18450 18480 D GreedyPrefetchingStrategyOnVisitFrequencyAndTime: Checking node ClubActivity with 0 successors
08-06 00:47:40.139 18450 18480 D GreedyPrefetchingStrategyOnVisitFrequencyAndTime: this node has no successors
08-06 00:47:40.139 18450 18480 D GreedyPrefetchingStrategyOnVisitFrequencyAndTime: Next visited child will be []
08-06 00:47:40.139 18450 18480 D GreedyPrefetchingStrategyOnVisitFrequencyAndTime: ==================================
08-06 00:47:40.139 18450 18480 D Nappa   : PREFETCH_ON_EXTRA - setCurrentActivity - finished new prediction
08-06 00:47:40.226 18450 19625 D OkHttp  : --> GET https://api-hillfair-2k16.herokuapp.com/api/app/events/special/event?id=58065620dcba0f490c70fe09 http/1.1
08-06 00:47:40.262 18450 19625 D OkHttp  : <-- 200 OK https://api-hillfair-2k16.herokuapp.com/api/app/events/special/event?id=58065620dcba0f490c70fe09 (35ms, 682-byte body)
08-06 00:47:40.267 18450 19625 D CustomInterceptor: CACHE_CONTROL SETTING NEW MAX-AGE
08-06 00:47:40.268 18450 19625 D CustomInterceptor: HEADER RESPONSE
08-06 00:47:40.268 18450 19625 D CustomInterceptor: Cache-Control public, immutable, max-age=300, only-if-cached, max-stale=300
08-06 00:47:40.268 18450 19625 D CustomInterceptor: Connection keep-alive
08-06 00:47:40.268 18450 19625 D CustomInterceptor: Content-Length 682
08-06 00:47:40.268 18450 19625 D CustomInterceptor: Content-Type application/json; charset=utf-8
08-06 00:47:40.268 18450 19625 D CustomInterceptor: Date Wed, 05 Aug 2020 22:47:35 GMT
08-06 00:47:40.268 18450 19625 D CustomInterceptor: Etag W/"2aa-UFDVBdx85cBpnUYiXSOp2A"
08-06 00:47:40.269 18450 19625 D CustomInterceptor: Expires Wed, 05 Aug 2020 22:52:40 GMT+00:00
08-06 00:47:40.269 18450 19625 D CustomInterceptor: Server Cowboy
08-06 00:47:40.269 18450 19625 D CustomInterceptor: Via 1.1 vegur
08-06 00:47:40.269 18450 19625 D CustomInterceptor: X-Powered-By Express
08-06 00:47:40.269 18450 19625 D CustomInterceptor: CACHEABLE true
08-06 00:47:40.269 18450 19625 D CustomInterceptor: REQ https://api-hillfair-2k16.herokuapp.com/api/app/events/special/event?id=58065620dcba0f490c70fe09
08-06 00:47:40.269 18450 19625 D CustomInterceptor: REQ_SERV_BY net
08-06 00:47:40.269 18450 19625 D CustomInterceptor: PREFLIB Adding response to lrucache - https://api-hillfair-2k16.herokuapp.com/api/app/events/special/event?id=58065620dcba0f490c70fe09
08-06 00:47:40.300 18450 19625 D CustomInterceptor: interceptor_finished : return_type #3 : request served from remote and added to cache
08-06 00:47:40.306 18450 18450 I NAPPA_EXPERIMENTATION: MetricNetworkRequestExecutionTime: REQUEST_DURATION_SYSTEM='871',REQUEST_DURATION_OKHTTP='0',REQUEST_SYNCHRONOUS='FALSE',RESPONSE_CODE='200',RESPONSE_METHOD='GET',RESPONSE_LENGTH_OKHTTP='682',RESPONSE_LENGTH_HEADER='-2',REQUEST_PROTOCOL='http/1.1',REQUEST_URL='https://api-hillfair-2k16.herokuapp.com/api/app/events/special/event?id=58065620dcba0f490c70fe09',
08-06 00:47:40.349 18450 18462 I art     : Starting a blocking GC Explicit
08-06 00:47:40.374 18450 18462 I art     : Explicit concurrent mark sweep GC freed 5382(375KB) AllocSpace objects, 4(220KB) LOS objects, 23% free, 52MB/68MB, paused 603us total 25.222ms
08-06 00:47:40.383 18450 18462 I art     : Starting a blocking GC Explicit
08-06 00:47:40.403 18450 18462 I art     : Explicit concurrent mark sweep GC freed 1063(120KB) AllocSpace objects, 0(0B) LOS objects, 23% free, 52MB/68MB, paused 496us total 19.797ms
08-06 00:47:40.411 18450 18462 I art     : Starting a blocking GC Explicit
08-06 00:47:40.431 18450 18462 I art     : Explicit concurrent mark sweep GC freed 3(96B) AllocSpace objects, 0(0B) LOS objects, 23% free, 52MB/68MB, paused 508us total 19.988ms
08-06 00:47:40.440 18450 18462 I art     : Starting a blocking GC Explicit
08-06 00:47:40.460 18450 18462 I art     : Explicit concurrent mark sweep GC freed 3(96B) AllocSpace objects, 0(0B) LOS objects, 23% free, 52MB/68MB, paused 517us total 20.506ms
08-06 00:47:40.469 18450 18462 I art     : Starting a blocking GC Explicit
08-06 00:47:40.489 18450 18462 I art     : Explicit concurrent mark sweep GC freed 3(96B) AllocSpace objects, 0(0B) LOS objects, 23% free, 52MB/68MB, paused 509us total 20.526ms
08-06 00:47:40.776 18450 18463 I art     : Starting a blocking GC Explicit
08-06 00:47:40.800 18450 18463 I art     : Explicit concurrent mark sweep GC freed 1539(89KB) AllocSpace objects, 1(20KB) LOS objects, 23% free, 52MB/68MB, paused 535us total 23.478ms
08-06 00:47:40.812 18450 18463 I art     : Starting a blocking GC Explicit
08-06 00:47:40.832 18450 18463 I art     : Explicit concurrent mark sweep GC freed 44(1584B) AllocSpace objects, 0(0B) LOS objects, 23% free, 52MB/68MB, paused 515us total 20.393ms
08-06 00:47:40.841 18450 18463 I art     : Starting a blocking GC Explicit
08-06 00:47:40.862 18450 18463 I art     : Explicit concurrent mark sweep GC freed 3(96B) AllocSpace objects, 0(0B) LOS objects, 23% free, 52MB/68MB, paused 554us total 21.078ms
08-06 00:47:40.870 18450 18463 I art     : Starting a blocking GC Explicit
08-06 00:47:40.892 18450 18463 I art     : Explicit concurrent mark sweep GC freed 3(96B) AllocSpace objects, 0(0B) LOS objects, 23% free, 52MB/68MB, paused 511us total 21.420ms
08-06 00:47:40.901 18450 18463 I art     : Starting a blocking GC Explicit
08-06 00:47:40.922 18450 18463 I art     : Explicit concurrent mark sweep GC freed 3(96B) AllocSpace objects, 0(0B) LOS objects, 23% free, 52MB/68MB, paused 530us total 21.455ms
08-06 00:47:41.123   518   646 I ThermalEngine: ACTION: GPU - Setting GPU[0] to 450000000
08-06 00:47:41.251 18450 19256 I art     : Starting a blocking GC Explicit
08-06 00:47:41.287 18450 19256 I art     : Explicit concurrent mark sweep GC freed 1539(89KB) AllocSpace objects, 1(20KB) LOS objects, 23% free, 52MB/68MB, paused 742us total 35.641ms
08-06 00:47:41.303 18450 19256 I art     : Starting a blocking GC Explicit
08-06 00:47:41.327 18450 19256 I art     : Explicit concurrent mark sweep GC freed 28(1024B) AllocSpace objects, 0(0B) LOS objects, 23% free, 52MB/68MB, paused 728us total 24.280ms
08-06 00:47:41.337 18450 19256 I art     : Starting a blocking GC Explicit
08-06 00:47:41.361 18450 19256 I art     : Explicit concurrent mark sweep GC freed 3(96B) AllocSpace objects, 0(0B) LOS objects, 23% free, 52MB/68MB, paused 633us total 22.946ms
08-06 00:47:41.371 18450 19256 I art     : Starting a blocking GC Explicit
08-06 00:47:41.393 18450 19256 I art     : Explicit concurrent mark sweep GC freed 3(96B) AllocSpace objects, 0(0B) LOS objects, 23% free, 52MB/68MB, paused 623us total 22.522ms
08-06 00:47:41.404 18450 19256 I art     : Starting a blocking GC Explicit
08-06 00:47:41.428 18450 19256 I art     : Explicit concurrent mark sweep GC freed 3(96B) AllocSpace objects, 0(0B) LOS objects, 23% free, 52MB/68MB, paused 672us total 24.038ms
08-06 00:47:41.758 18450 18496 I art     : Starting a blocking GC Explicit
08-06 00:47:41.790 18450 18496 I art     : Explicit concurrent mark sweep GC freed 1540(89KB) AllocSpace objects, 1(20KB) LOS objects, 23% free, 52MB/68MB, paused 738us total 30.979ms
08-06 00:47:41.803 18450 18496 I art     : Starting a blocking GC Explicit
08-06 00:47:41.831 18450 18496 I art     : Explicit concurrent mark sweep GC freed 28(1024B) AllocSpace objects, 0(0B) LOS objects, 23% free, 52MB/68MB, paused 733us total 26.914ms
08-06 00:47:41.842 18450 18496 I art     : Starting a blocking GC Explicit
08-06 00:47:41.870 18450 18496 I art     : Explicit concurrent mark sweep GC freed 3(96B) AllocSpace objects, 0(0B) LOS objects, 23% free, 52MB/68MB, paused 725us total 28.094ms
08-06 00:47:41.877   918  1210 D NetlinkSocketObserver: NeighborEvent{elapsedMs=1821465752, 192.168.2.254, [7C3953A63323], RTM_NEWNEIGH, NUD_REACHABLE}
08-06 00:47:41.881 18450 18496 I art     : Starting a blocking GC Explicit
08-06 00:47:41.909 18450 18496 I art     : Explicit concurrent mark sweep GC freed 3(96B) AllocSpace objects, 0(0B) LOS objects, 23% free, 52MB/68MB, paused 735us total 27.926ms
08-06 00:47:41.920 18450 18496 I art     : Starting a blocking GC Explicit
08-06 00:47:41.949 18450 18496 I art     : Explicit concurrent mark sweep GC freed 3(96B) AllocSpace objects, 0(0B) LOS objects, 23% free, 52MB/68MB, paused 739us total 28.558ms
08-06 00:47:42.192 19679 19679 D AndroidRuntime: >>>>>> START com.android.internal.os.RuntimeInit uid 2000 <<<<<<
08-06 00:47:42.198 19679 19679 D AndroidRuntime: CheckJNI is OFF
08-06 00:47:42.242 19679 19679 D ICU     : No timezone override file found: /data/misc/zoneinfo/current/icu/icu_tzdata.dat
08-06 00:47:42.265 18450 18462 I art     : Starting a blocking GC Explicit
08-06 00:47:42.290 19679 19679 I Radio-JNI: register_android_hardware_Radio DONE
08-06 00:47:42.293 18450 18462 I art     : Explicit concurrent mark sweep GC freed 1538(89KB) AllocSpace objects, 1(20KB) LOS objects, 23% free, 52MB/68MB, paused 761us total 28.043ms
08-06 00:47:42.305 18450 18462 I art     : Starting a blocking GC Explicit
08-06 00:47:42.321 19679 19679 D AndroidRuntime: Calling main entry com.android.commands.input.Input
08-06 00:47:42.323 19679 19679 I Input   : injectKeyEvent: KeyEvent { action=ACTION_DOWN, keyCode=KEYCODE_BACK, scanCode=0, metaState=0, flags=0x0, repeatCount=0, eventTime=838078736, downTime=838078736, deviceId=-1, source=0x101 }
08-06 00:47:42.329 19679 19679 I Input   : injectKeyEvent: KeyEvent { action=ACTION_UP, keyCode=KEYCODE_BACK, scanCode=0, metaState=0, flags=0x0, repeatCount=0, eventTime=838078736, downTime=838078736, deviceId=-1, source=0x101 }
08-06 00:47:42.332 18450 18462 I art     : Explicit concurrent mark sweep GC freed 30(1136B) AllocSpace objects, 0(0B) LOS objects, 23% free, 52MB/68MB, paused 769us total 27.573ms
08-06 00:47:42.334 18450 18450 D NappaLifecycleObserver: nappagreedy.appteam.nith.hillffair.activities.ClubActivity - onPause
08-06 00:47:42.334 18450 18450 D Nappa   : Stayed on nappagreedy.appteam.nith.hillffair.activities.ClubActivity for 2696 ms
08-06 00:47:42.336 19679 19679 D AndroidRuntime: Shutting down VM
08-06 00:47:42.339 18450 18450 D NappaLifecycleObserver: nappagreedy.appteam.nith.hillffair.activities.BattleDayActivity - onResume
08-06 00:47:42.339 18450 18450 D Nappa   : setCurrentActivity - MetricStrategyAccuracy - 
08-06 00:47:42.339 18450 18450 D Nappa   : madePredictionFromActivity = true, 
08-06 00:47:42.339 18450 18450 D Nappa   : fromActivity = nappagreedy.appteam.nith.hillffair.activities.ClubActivity, 
08-06 00:47:42.339 18450 18450 D Nappa   : predictedNextActivityFromActivity = [], 
08-06 00:47:42.339 18450 18450 D Nappa   : activity.getClass().getCanonicalName() = nappagreedy.appteam.nith.hillffair.activities.BattleDayActivity, 
08-06 00:47:42.340 18450 18450 D Nappa   : setCurrentActivity - MetricStrategyAccuracy - 
08-06 00:47:42.340 18450 18450 D Nappa   : madePredictionFromExtra = false, 
08-06 00:47:42.340 18450 18450 D Nappa   : fromActivity = nappagreedy.appteam.nith.hillffair.activities.ClubActivity, 
08-06 00:47:42.340 18450 18450 D Nappa   : predictedNextActivityFromExtra = [], 
08-06 00:47:42.340 18450 18450 D Nappa   : activity.getClass().getCanonicalName() = nappagreedy.appteam.nith.hillffair.activities.BattleDayActivity, 
08-06 00:47:42.340 18450 18450 D Nappa   : PREFETCH_ON_EXTRA - setCurrentActivity - logs - from activity - made prediction istrue
08-06 00:47:42.340 18450 18450 D Nappa   : PREFETCH_ON_EXTRA - setCurrentActivity - logs - from activity - start
08-06 00:47:42.340 18450 18450 I NAPPA_EXPERIMENTATION: MetricStrategyAccuracy: LOG_ID='8',EXECUTION_COUNT='8',CASES_COUNT='8',HIT_PERCENTAGE_TOTAL='25.0',HIT_PERCENTAGE_WHEN_PREDICTED='100.0',HIT_COUNT='2',MISS_COUNT='0',INSUFFICIENT_SCORE_COUNT='0',EXCEPTION_COUNT='0',NO_SUCCESSOR_COUNT='6',
08-06 00:47:42.340 18450 18450 D Nappa   : PREFETCH_ON_EXTRA - setCurrentActivity - logs - from activity- finished
08-06 00:47:42.343 18450 18462 I art     : Starting a blocking GC Explicit
08-06 00:47:42.368 18450 18462 I art     : Explicit concurrent mark sweep GC freed 295(23KB) AllocSpace objects, 0(0B) LOS objects, 23% free, 52MB/68MB, paused 681us total 25.439ms
08-06 00:47:42.379 18450 18462 I art     : Starting a blocking GC Explicit
08-06 00:47:42.405 18450 18462 I art     : Explicit concurrent mark sweep GC freed 17(624B) AllocSpace objects, 0(0B) LOS objects, 23% free, 52MB/68MB, paused 709us total 25.906ms
08-06 00:47:42.416 18450 18462 I art     : Starting a blocking GC Explicit
08-06 00:47:42.440 18450 18450 D Nappa   : registerActivity: (already in) nappagreedy.appteam.nith.hillffair.activities.BattleDayActivity
08-06 00:47:42.441 18450 18450 D ActivityGraph: LARDataCalculatedUpdate nappagreedy.appteam.nith.hillffair.activities.BattleDayActivity Pagerank: 0.25 HITS-Authority: 1.0 HITS-Hub: 1.0 SALSA-Authority: 1.0 SALSA-Hub: 1.0
08-06 00:47:42.441 18450 18450 D Nappa   : SHOULD_PREFETCH false
08-06 00:47:42.441 18450 18450 D Nappa   : STATS Number of requests not prefetched: 4
08-06 00:47:42.442 18450 18450 D Nappa   : STATS Number of requests prefetched: 0
08-06 00:47:42.442 18450 18450 D Nappa   : STATS Time saved until now: 0.0
08-06 00:47:42.443 18450 18462 I art     : Explicit concurrent mark sweep GC freed 33(3KB) AllocSpace objects, 0(0B) LOS objects, 23% free, 52MB/68MB, paused 853us total 27.080ms
08-06 00:47:42.472 18450 18450 D ActivityNode: Observer - visit time - ClubActivity - New aggregate visit time found is 19639 ms
08-06 00:47:42.474 13866 13866 I GoogleInputMethodServic: GoogleInputMethodService.onFinishInput():3138 
08-06 00:47:42.476 13866 13866 I GoogleInputMethodServic: GoogleInputMethodService.onStartInput():1808 
08-06 00:47:42.670 16566 16566 I ServiceManager: Waiting for service AtCmdFwd...
08-06 00:47:42.740 18450 18480 D Nappa   : PREFETCH_ON_EXTRA - setCurrentActivity - logs - from extra - made prediction isfalse
08-06 00:47:42.747 18450 18462 I art     : Starting a blocking GC Explicit
08-06 00:47:42.775   380   380 W SurfaceFlinger: couldn't log to binary event log: overflow.
08-06 00:47:42.775 18450 18450 D NappaLifecycleObserver: nappagreedy.appteam.nith.hillffair.activities.ClubActivity - onDestroy
08-06 00:47:42.775 18450 18450 D NappaLifecycleObserver: -------------F1_SCORE #8 -----------
08-06 00:47:42.775 18450 18462 I art     : Explicit concurrent mark sweep GC freed 1748(106KB) AllocSpace objects, 1(20KB) LOS objects, 23% free, 52MB/68MB, paused 698us total 27.622ms
08-06 00:47:42.775 18450 18450 D NappaLifecycleObserver: F1_SCORE - Intercept list (4)= [https://api-hillfair-2k16.herokuapp.com/api/app/events/special, https://api-hillfair-2k16.herokuapp.com/api/app/events/special/event?id=5806551bdcba0f490c70fd1f, https://api-hillfair-2k16.herokuapp.com/api/app/events/special/event?id=580655cddcba0f490c70fdd0, https://api-hillfair-2k16.herokuapp.com/api/app/events/special/event?id=58065620dcba0f490c70fe09]
08-06 00:47:42.775 18450 18450 D NappaLifecycleObserver: F1_SCORE - Prefetch list (0)= []
08-06 00:47:42.775 18450 18450 D NappaLifecycleObserver: F1_SCORE - TP list (0)= []
08-06 00:47:42.775 18450 18450 D NappaLifecycleObserver: F1_SCORE - FN list (4)= [https://api-hillfair-2k16.herokuapp.com/api/app/events/special, https://api-hillfair-2k16.herokuapp.com/api/app/events/special/event?id=5806551bdcba0f490c70fd1f, https://api-hillfair-2k16.herokuapp.com/api/app/events/special/event?id=580655cddcba0f490c70fdd0, https://api-hillfair-2k16.herokuapp.com/api/app/events/special/event?id=58065620dcba0f490c70fe09]
08-06 00:47:42.775 18450 18450 I NAPPA_EXPERIMENTATION: MetricPrefetchingAccuracy: LOG_ID='9',F1_SCORE_1='0.0',F1_SCORE_2='0.0',TRUE_POSITIVE='0',FALSE_POSITIVE='0',FALSE_NEGATIVE='4',
08-06 00:47:42.789 18450 18462 I art     : Starting a blocking GC Explicit
08-06 00:47:42.815 18450 18462 I art     : Explicit concurrent mark sweep GC freed 344(29KB) AllocSpace objects, 0(0B) LOS objects, 23% free, 52MB/68MB, paused 668us total 25.320ms
08-06 00:47:42.825 18450 18462 I art     : Starting a blocking GC Explicit
08-06 00:47:42.850 18450 18462 I art     : Explicit concurrent mark sweep GC freed 1668(106KB) AllocSpace objects, 3(400KB) LOS objects, 23% free, 52MB/68MB, paused 674us total 24.623ms
08-06 00:47:42.860 18450 18462 I art     : Starting a blocking GC Explicit
08-06 00:47:42.885 18450 18462 I art     : Explicit concurrent mark sweep GC freed 3(96B) AllocSpace objects, 0(0B) LOS objects, 23% free, 52MB/68MB, paused 669us total 24.216ms
08-06 00:47:42.896 18450 18462 I art     : Starting a blocking GC Explicit
08-06 00:47:42.922 18450 18462 I art     : Explicit concurrent mark sweep GC freed 3(96B) AllocSpace objects, 0(0B) LOS objects, 23% free, 52MB/68MB, paused 667us total 25.749ms
08-06 00:47:43.128   518   646 I ThermalEngine: ACTION: GPU - Setting GPU[0] to 510000000
08-06 00:47:43.217 18450 18496 I art     : Starting a blocking GC Explicit
08-06 00:47:43.242 18450 18496 I art     : Explicit concurrent mark sweep GC freed 1540(89KB) AllocSpace objects, 1(20KB) LOS objects, 23% free, 52MB/68MB, paused 588us total 24.747ms
08-06 00:47:43.254 18450 18496 I art     : Starting a blocking GC Explicit
08-06 00:47:43.276 18450 18496 I art     : Explicit concurrent mark sweep GC freed 28(1024B) AllocSpace objects, 0(0B) LOS objects, 23% free, 52MB/68MB, paused 538us total 21.748ms
08-06 00:47:43.285 18450 18496 I art     : Starting a blocking GC Explicit
08-06 00:47:43.306 18450 18496 I art     : Explicit concurrent mark sweep GC freed 3(96B) AllocSpace objects, 0(0B) LOS objects, 23% free, 52MB/68MB, paused 554us total 21.161ms
08-06 00:47:43.315 18450 18496 I art     : Starting a blocking GC Explicit
08-06 00:47:43.336 18450 18496 I art     : Explicit concurrent mark sweep GC freed 3(96B) AllocSpace objects, 0(0B) LOS objects, 23% free, 52MB/68MB, paused 530us total 21.254ms
08-06 00:47:43.345 18450 18496 I art     : Starting a blocking GC Explicit
08-06 00:47:43.366 18450 18496 I art     : Explicit concurrent mark sweep GC freed 3(96B) AllocSpace objects, 0(0B) LOS objects, 23% free, 52MB/68MB, paused 525us total 20.527ms
08-06 00:47:43.649 18450 18463 I art     : Starting a blocking GC Explicit
08-06 00:47:43.670 16566 16566 I ServiceManager: Waiting for service AtCmdFwd...
08-06 00:47:43.671 18450 18463 I art     : Explicit concurrent mark sweep GC freed 1538(89KB) AllocSpace objects, 1(20KB) LOS objects, 23% free, 52MB/68MB, paused 619us total 21.406ms
08-06 00:47:43.680 18450 18463 I art     : Starting a blocking GC Explicit
08-06 00:47:43.700 18450 18463 I art     : Explicit concurrent mark sweep GC freed 28(1024B) AllocSpace objects, 0(0B) LOS objects, 23% free, 52MB/68MB, paused 524us total 19.970ms
08-06 00:47:43.708 18450 18463 I art     : Starting a blocking GC Explicit
08-06 00:47:43.728 18450 18463 I art     : Explicit concurrent mark sweep GC freed 3(96B) AllocSpace objects, 0(0B) LOS objects, 23% free, 52MB/68MB, paused 544us total 19.913ms
08-06 00:47:43.737 18450 18463 I art     : Starting a blocking GC Explicit
08-06 00:47:43.757 18450 18463 I art     : Explicit concurrent mark sweep GC freed 3(96B) AllocSpace objects, 0(0B) LOS objects, 23% free, 52MB/68MB, paused 537us total 19.766ms
08-06 00:47:43.757 18450 18461 I art     : WaitForGcToComplete blocked for 9.632ms for cause HeapTrim
08-06 00:47:43.765 18450 18463 I art     : Starting a blocking GC Explicit
08-06 00:47:43.785 18450 18463 I art     : Explicit concurrent mark sweep GC freed 3(96B) AllocSpace objects, 0(0B) LOS objects, 23% free, 52MB/68MB, paused 528us total 19.972ms
08-06 00:47:44.002 19732 19732 D AndroidRuntime: >>>>>> START com.android.internal.os.RuntimeInit uid 2000 <<<<<<
08-06 00:47:44.007 19732 19732 D AndroidRuntime: CheckJNI is OFF
08-06 00:47:44.038 19732 19732 D ICU     : No timezone override file found: /data/misc/zoneinfo/current/icu/icu_tzdata.dat
08-06 00:47:44.071 19732 19732 I Radio-JNI: register_android_hardware_Radio DONE
08-06 00:47:44.071 18450 19256 I art     : Starting a blocking GC Explicit
08-06 00:47:44.093 18450 19256 I art     : Explicit concurrent mark sweep GC freed 1537(89KB) AllocSpace objects, 1(20KB) LOS objects, 23% free, 52MB/68MB, paused 549us total 21.398ms
08-06 00:47:44.095 19732 19732 D AndroidRuntime: Calling main entry com.android.commands.input.Input
08-06 00:47:44.097 19732 19732 I Input   : injectMotionEvent: MotionEvent { action=ACTION_DOWN, actionButton=0, id[0]=0, x[0]=733.0, y[0]=1957.0, toolType[0]=TOOL_TYPE_UNKNOWN, buttonState=0, metaState=0, flags=0x0, edgeFlags=0x0, pointerCount=1, historySize=0, eventTime=838080509, downTime=838080509, deviceId=0, source=0x1002 }
08-06 00:47:44.101 19732 19732 I Input   : injectMotionEvent: MotionEvent { action=ACTION_UP, actionButton=0, id[0]=0, x[0]=733.0, y[0]=1957.0, toolType[0]=TOOL_TYPE_UNKNOWN, buttonState=0, metaState=0, flags=0x0, edgeFlags=0x0, pointerCount=1, historySize=0, eventTime=838080509, downTime=838080509, deviceId=0, source=0x1002 }
08-06 00:47:44.101 18450 18450 D NappaIntentExtras: ==================
08-06 00:47:44.102 18450 18480 D Nappa   : PREFETCH_ON_EXTRA - notifyExtras- start
08-06 00:47:44.102 18450 18450 D NappaIntentExtras: Log #7
08-06 00:47:44.102 18450 18450 D NappaIntentExtras: ------------------
08-06 00:47:44.102 18450 19256 I art     : Starting a blocking GC Explicit
08-06 00:47:44.102 18450 18450 D NappaIntentExtras: activity nappagreedy.appteam.nith.hillffair.activities.ClubActivity
08-06 00:47:44.102 18450 18450 D NappaIntentExtras: 	- No extras registered
08-06 00:47:44.102 18450 18480 I NAPPA_EXPERIMENTATION: MetricNappaPrefetchingStrategyExecutionTime: STRATEGY_CLASS='GreedyPrefetchingStrategyOnVisitFrequencyAndTime',DURATION='482447',NUMBER_OF_URLS='0',NUMBER_OF_SELECTED_CHILDREN_NODES='1',NUMBER_OF_CHILDREN_NODES='1',STRATEGY_RUN_SUCCESSFULLY='True',
08-06 00:47:44.102 18450 18480 D GreedyPrefetchingStrategyOnVisitFrequencyAndTime: ==================================
08-06 00:47:44.102 18450 18480 D GreedyPrefetchingStrategyOnVisitFrequencyAndTime: Starting Run #9
08-06 00:47:44.102 18450 18480 D GreedyPrefetchingStrategyOnVisitFrequencyAndTime: ----------------------------------
08-06 00:47:44.103 18450 18480 D GreedyPrefetchingStrategyOnVisitFrequencyAndTime: Node data BattleDayActivity 
08-06 00:47:44.103 18450 18480 D GreedyPrefetchingStrategyOnVisitFrequencyAndTime: 	Successors:
08-06 00:47:44.103 18450 18480 D GreedyPrefetchingStrategyOnVisitFrequencyAndTime: 		ClubActivity (3 hits)
08-06 00:47:44.103 18450 18480 D GreedyPrefetchingStrategyOnVisitFrequencyAndTime: 	Ancestors:
08-06 00:47:44.103 18450 18480 D GreedyPrefetchingStrategyOnVisitFrequencyAndTime: 		HomeActivity (1 hits)
08-06 00:47:44.103 18450 18480 D GreedyPrefetchingStrategyOnVisitFrequencyAndTime: 
08-06 00:47:44.103 18450 18480 D GreedyPrefetchingStrategyOnVisitFrequencyAndTime: MetricStrategyAccuracy inc execution count9 | act = false; extra = true
08-06 00:47:44.103 18450 18480 D GreedyPrefetchingStrategyOnVisitFrequencyAndTime: ------------- Recursion #1 -----------
08-06 00:47:44.103 18450 18480 D GreedyPrefetchingStrategyOnVisitFrequencyAndTime: Best successors so far []
08-06 00:47:44.103 18450 18480 D GreedyPrefetchingStrategyOnVisitFrequencyAndTime: Checking node BattleDayActivity with 1 successors
08-06 00:47:44.103 18450 18480 D GreedyPrefetchingStrategyOnVisitFrequencyAndTime: Check successor ClubActivity
08-06 00:47:44.103 18450 18480 D GreedyPrefetchingStrategyOnVisitFrequencyAndTime: Data:
08-06 00:47:44.103 18450 18480 D GreedyPrefetchingStrategyOnVisitFrequencyAndTime: 	- Successor time = 19639.0
08-06 00:47:44.103 18450 18480 D GreedyPrefetchingStrategyOnVisitFrequencyAndTime: 	- Successor frequency = 3
08-06 00:47:44.103 18450 18480 D GreedyPrefetchingStrategyOnVisitFrequencyAndTime: 	- Aggregated time = 19639.0
08-06 00:47:44.103 18450 18480 D GreedyPrefetchingStrategyOnVisitFrequencyAndTime: 	- Aggregated frequency = 3
08-06 00:47:44.103 18450 18480 D GreedyPrefetchingStrategyOnVisitFrequencyAndTime: Calculated scores:
08-06 00:47:44.103 18450 18480 D GreedyPrefetchingStrategyOnVisitFrequencyAndTime: 	- Parent score = 1.0
08-06 00:47:44.103 18450 18480 D GreedyPrefetchingStrategyOnVisitFrequencyAndTime: 	- Successor time score = 0.5
08-06 00:47:44.103 18450 18480 D GreedyPrefetchingStrategyOnVisitFrequencyAndTime: 	- Successor frequency score = 0.5
08-06 00:47:44.103 18450 18450 D NappaIntentExtras: activity nappagreedy.appteam.nith.hillffair.activities.BattleDayActivity
08-06 00:47:44.103 18450 18480 D GreedyPrefetchingStrategyOnVisitFrequencyAndTime: 	- Successor final score = 1.0
08-06 00:47:44.103 18450 18450 D NappaIntentExtras: 	- 3 extras registered
08-06 00:47:44.103 18450 18480 D GreedyPrefetchingStrategyOnVisitFrequencyAndTime: Switch best successor
08-06 00:47:44.103 18450 18480 D GreedyPrefetchingStrategyOnVisitFrequencyAndTime: BattleDayActivity best successor is ClubActivity with score 1.0 containing the URLS []
08-06 00:47:44.103 18450 18450 D NappaIntentExtras: 	- name : Nukkad Natak
08-06 00:47:44.103 18450 18480 D GreedyPrefetchingStrategyOnVisitFrequencyAndTime: ------------- Recursion #2 -----------
08-06 00:47:44.103 18450 18450 D NappaIntentExtras: 	- id : 58065620dcba0f490c70fe09
08-06 00:47:44.103 18450 18480 D GreedyPrefetchingStrategyOnVisitFrequencyAndTime: Best successors so far [ClubActivity]
08-06 00:47:44.103 18450 18450 D NappaIntentExtras: 	- battleday : true
08-06 00:47:44.103 18450 18480 D GreedyPrefetchingStrategyOnVisitFrequencyAndTime: Checking node ClubActivity with 0 successors
08-06 00:47:44.103 18450 18450 D NappaIntentExtras: activity nappagreedy.appteam.nith.hillffair.activities.HomeActivity
08-06 00:47:44.103 18450 18480 D GreedyPrefetchingStrategyOnVisitFrequencyAndTime: this node has no successors
08-06 00:47:44.103 18450 18450 D NappaIntentExtras: 	- No extras registered
08-06 00:47:44.103 18450 18480 D GreedyPrefetchingStrategyOnVisitFrequencyAndTime: Next visited child will be [nappagreedy.appteam.nith.hillffair.activities.ClubActivity]
08-06 00:47:44.103 18450 18450 D NappaIntentExtras: activity nappagreedy.appteam.nith.hillffair.activities.SplashActivity
08-06 00:47:44.103 18450 18480 D GreedyPrefetchingStrategyOnVisitFrequencyAndTime: ==================================
08-06 00:47:44.103 18450 18450 D NappaIntentExtras: 	- No extras registered
08-06 00:47:44.103 18450 18480 D Nappa   : PREFETCH_ON_EXTRA - notifyExtras- end
08-06 00:47:44.104 18450 18450 D NappaIntentExtras: ==================
08-06 00:47:44.104 18450 18480 D Nappa   : PREFSTRAT2 ADDING NEW ACTEXTRADATA
08-06 00:47:44.104   918  3359 I ActivityManager: START u0 {cmp=nappagreedy.appteam.nith.hillffair/.activities.ClubActivity (has extras)} from uid 10700 on display 0
08-06 00:47:44.107 18450 18480 D Nappa   : PREFSTRAT2 ADDING NEW ACTEXTRADATA
08-06 00:47:44.110 18450 18450 D NappaLifecycleObserver: nappagreedy.appteam.nith.hillffair.activities.BattleDayActivity - onPause
08-06 00:47:44.110 18450 18450 D Nappa   : Stayed on nappagreedy.appteam.nith.hillffair.activities.BattleDayActivity for 1668 ms
08-06 00:47:44.110 19732 19732 D AndroidRuntime: Shutting down VM
08-06 00:47:44.111 18450 18480 D Nappa   : PREFSTRAT2 ADDING NEW ACTEXTRADATA
08-06 00:47:44.125 18450 19256 I art     : Explicit concurrent mark sweep GC freed 615(35KB) AllocSpace objects, 0(0B) LOS objects, 23% free, 52MB/68MB, paused 723us total 23.002ms
08-06 00:47:44.133 18450 19256 I art     : Starting a blocking GC Explicit
08-06 00:47:44.135 18450 18450 D Nappa   : TAG okHttpClient initialized
08-06 00:47:44.140 18450 18450 D NappaLifecycleObserver: nappagreedy.appteam.nith.hillffair.activities.ClubActivity - onResume
08-06 00:47:44.141 18450 18450 D Nappa   : setCurrentActivity - MetricStrategyAccuracy - 
08-06 00:47:44.141 18450 18450 D Nappa   : madePredictionFromActivity = false, 
08-06 00:47:44.141 18450 18450 D Nappa   : fromActivity = nappagreedy.appteam.nith.hillffair.activities.BattleDayActivity, 
08-06 00:47:44.141 18450 18450 D Nappa   : predictedNextActivityFromActivity = [], 
08-06 00:47:44.141 18450 18450 D Nappa   : activity.getClass().getCanonicalName() = nappagreedy.appteam.nith.hillffair.activities.ClubActivity, 
08-06 00:47:44.141 18450 18450 D Nappa   : setCurrentActivity - MetricStrategyAccuracy - 
08-06 00:47:44.141 18450 18450 D Nappa   : madePredictionFromExtra = true, 
08-06 00:47:44.141 18450 18450 D Nappa   : fromActivity = nappagreedy.appteam.nith.hillffair.activities.BattleDayActivity, 
08-06 00:47:44.141 18450 18450 D Nappa   : predictedNextActivityFromExtra = [nappagreedy.appteam.nith.hillffair.activities.ClubActivity], 
08-06 00:47:44.141 18450 18450 D Nappa   : activity.getClass().getCanonicalName() = nappagreedy.appteam.nith.hillffair.activities.ClubActivity, 
08-06 00:47:44.141 18450 19760 D CustomInterceptor: NETWORK-PROVIDER https://api-hillfair-2k16.herokuapp.com/api/app/events/special/event?id=58065620dcba0f490c70fe09
08-06 00:47:44.141 18450 18450 D Nappa   : PREFETCH_ON_EXTRA - setCurrentActivity - logs - from activity - made prediction isfalse
08-06 00:47:44.141 18450 19760 D Nappa   : F1_SCORE add_intercept_url - (already in) - https://api-hillfair-2k16.herokuapp.com/api/app/events/special/event?id=58065620dcba0f490c70fe09
08-06 00:47:44.141 18450 19760 D Nappa   : F1_SCORE add_fn_url - (already in) - https://api-hillfair-2k16.herokuapp.com/api/app/events/special/event?id=58065620dcba0f490c70fe09
08-06 00:47:44.141 18450 19760 D Nappa   : -------------F1_SCORE #9 -----------
08-06 00:47:44.141 18450 19760 D Nappa   : F1_SCORE - Intercept list (4)= [https://api-hillfair-2k16.herokuapp.com/api/app/events/special, https://api-hillfair-2k16.herokuapp.com/api/app/events/special/event?id=5806551bdcba0f490c70fd1f, https://api-hillfair-2k16.herokuapp.com/api/app/events/special/event?id=580655cddcba0f490c70fdd0, https://api-hillfair-2k16.herokuapp.com/api/app/events/special/event?id=58065620dcba0f490c70fe09]
08-06 00:47:44.141 18450 19760 D Nappa   : F1_SCORE - Prefetch list (0)= []
08-06 00:47:44.141 18450 19760 D Nappa   : F1_SCORE - TP list (0)= []
08-06 00:47:44.141 18450 19760 D Nappa   : F1_SCORE - FN list (4)= [https://api-hillfair-2k16.herokuapp.com/api/app/events/special, https://api-hillfair-2k16.herokuapp.com/api/app/events/special/event?id=5806551bdcba0f490c70fd1f, https://api-hillfair-2k16.herokuapp.com/api/app/events/special/event?id=580655cddcba0f490c70fdd0, https://api-hillfair-2k16.herokuapp.com/api/app/events/special/event?id=58065620dcba0f490c70fe09]
08-06 00:47:44.141 18450 19760 I NAPPA_EXPERIMENTATION: MetricPrefetchingAccuracy: LOG_ID='10',F1_SCORE_1='0.0',F1_SCORE_2='0.0',TRUE_POSITIVE='0',FALSE_POSITIVE='0',FALSE_NEGATIVE='4',
08-06 00:47:44.141 18450 19760 D CustomInterceptor: HEADER REQUEST
08-06 00:47:44.141 18450 19760 D CustomInterceptor: Cache-Control max-age=300, max-stale=300
08-06 00:47:44.142 18450 19760 D CustomInterceptor: CACHED STATS: size = '4', maxSize = '100', hitCount = '4', createCount = '0', putCount = '4', evictionCount = '0', missCount = '4', toString = 'LruCache[maxSize=100,hits=4,misses=4,hitRate=50%]', 
08-06 00:47:44.142 18450 19760 D CustomInterceptor: PREFLIB GET REQUEST https://api-hillfair-2k16.herokuapp.com/api/app/events/special/event?id=58065620dcba0f490c70fe09
08-06 00:47:44.142 18450 19760 D CustomInterceptor: PREFLIB found https://api-hillfair-2k16.herokuapp.com/api/app/events/special/event?id=58065620dcba0f490c70fe09, sending it back
08-06 00:47:44.142 18450 19760 D CustomInterceptor: CONTENT {"profile":{"_id":"58065620dcba0f490c70fe09","name":"Nukkad Natak","description":"All the world is a stage inspired many a minds. And, we decided to take it to a whole new level. Introducing Nukkad Natak, where the whole world is your stage and all onlookers your ticketlessaudience. Do not let your creativity be restricted to the walls of an amphitheater. Set the streets alive with your enrapturing portrayals.","contact":[{"name":"Deepak Kumar Jain","phone":"9882654141"},{"name":"Rishab Bhandari","phone":"98822852966"}],"date":"Yet To Come","price":"Yet To Come","photo":"https://api-hillfair-2k16.herokuapp.com/photos/theater.png"},"success":true,"msg":"loaded successfully"}
08-06 00:47:44.142 18450 19760 D CustomInterceptor: interceptor_finished : return_type #2 : request served from cache
08-06 00:47:44.152 18450 19256 I art     : Explicit concurrent mark sweep GC freed 3782(240KB) AllocSpace objects, 0(0B) LOS objects, 23% free, 52MB/68MB, paused 579us total 19.546ms
08-06 00:47:44.160 18450 19256 I art     : Starting a blocking GC Explicit
08-06 00:47:44.180 18450 19256 I art     : Explicit concurrent mark sweep GC freed 200(8KB) AllocSpace objects, 0(0B) LOS objects, 23% free, 52MB/68MB, paused 562us total 20.023ms
08-06 00:47:44.189 18450 19256 I art     : Starting a blocking GC Explicit
08-06 00:47:44.209 18450 19256 I art     : Explicit concurrent mark sweep GC freed 3(96B) AllocSpace objects, 0(0B) LOS objects, 23% free, 52MB/68MB, paused 538us total 20.288ms
08-06 00:47:44.241 18450 18450 D Nappa   : registerActivity: (already in) nappagreedy.appteam.nith.hillffair.activities.ClubActivity
08-06 00:47:44.241 18450 18480 D Nappa   : registerActivity: (already in) nappagreedy.appteam.nith.hillffair.activities.ClubActivity
08-06 00:47:44.241 18450 18450 D ActivityNode: ACTNODE UPDATING AFTER LOADING FROM DB
08-06 00:47:44.241 18450 18480 D Nappa   : PARENTS 
08-06 00:47:44.241 18450 18480 D Nappa   : Of: nappagreedy.appteam.nith.hillffair.activities.ClubActivity -> 
08-06 00:47:44.241 18450 18480 D Nappa   : PARENTS nappagreedy.appteam.nith.hillffair.activities.BattleDayActivity
08-06 00:47:44.241 18450 18450 D ActivityGraph: LARDataCalculatedUpdate nappagreedy.appteam.nith.hillffair.activities.ClubActivity Pagerank: 0.25 HITS-Authority: 1.0 HITS-Hub: 1.0 SALSA-Authority: 1.0 SALSA-Hub: 1.0
08-06 00:47:44.241 18450 18450 D Nappa   : SHOULD_PREFETCH true
08-06 00:47:44.241 18450 18480 D Nappa   : PARENTS has extra: (name, Nukkad Natak)
08-06 00:47:44.241 18450 18480 D Nappa   : PARENTS has extra: (id, 58065620dcba0f490c70fe09)
08-06 00:47:44.242 18450 18480 D Nappa   : PARENTS value of key 'id' is contained into https://api-hillfair-2k16.herokuapp.com/api/app/events/special/event?id=58065620dcba0f490c70fe09
08-06 00:47:44.243 18450 18480 D Nappa   : PARENTS https://api-hillfair-2k16.herokuapp.com/api/app/events/special/event?id=
08-06 00:47:44.243 18450 18480 D Nappa   : PARENTS PARAM: id
08-06 00:47:44.243 18450 18480 D Nappa   : PARENTS   NODE nappagreedy.appteam.nith.hillffair.activities.ClubActivity DOES NOT CONTAIN THIS URL
08-06 00:47:44.243 18450 18480 D Nappa   : PARENTS has extra: (battleday, true)
08-06 00:47:44.243 18450 18480 D Nappa   : PARENTS nappagreedy.appteam.nith.hillffair.activities.HomeActivity
08-06 00:47:44.243 18450 18480 D Nappa   : PARENTS nappagreedy.appteam.nith.hillffair.activities.SplashActivity
08-06 00:47:44.245 18450 18480 D Nappa   : serializeAndSavePar start adding
08-06 00:47:44.250 18450 18480 D Nappa   : serializeAndSavePar end adding
08-06 00:47:44.342 18450 18450 D Nappa   : registerActivity: (already in) nappagreedy.appteam.nith.hillffair.activities.ClubActivity
08-06 00:47:44.342 18450 18450 D Nappa   : STATS Number of requests not prefetched: 4
08-06 00:47:44.342 18450 18450 D Nappa   : STATS Number of requests prefetched: 1
08-06 00:47:44.342 18450 18450 D Nappa   : STATS Time saved until now: 0.035
08-06 00:47:44.350 18450 18450 D ActivityNode: Observer - intent extra - SplashActivity
08-06 00:47:44.350 18450 18450 D ActivityNode: Extras:
08-06 00:47:44.351 18450 18450 D ActivityNode: Observer - intent extra - ClubActivity
08-06 00:47:44.351 18450 18450 D ActivityNode: Extras:
08-06 00:47:44.351 18450 18450 D ActivityNode: Observer - intent extra - HomeActivity
08-06 00:47:44.351 18450 18450 D ActivityNode: Extras:
08-06 00:47:44.351 18450 18450 D ActivityNode: Observer - intent extra - BattleDayActivity
08-06 00:47:44.351 18450 18450 D ActivityNode: Extras:
08-06 00:47:44.351 18450 18450 D ActivityNode: 	activity ID 3( key battleday)
08-06 00:47:44.351 18450 18450 D ActivityNode: 	activity ID 3( key id)
08-06 00:47:44.351 18450 18450 D ActivityNode: 	activity ID 3( key name)
08-06 00:47:44.351 18450 18450 D ActivityNode: 	activity ID 3( key battleday)
08-06 00:47:44.351 18450 18450 D ActivityNode: 	activity ID 3( key id)
08-06 00:47:44.351 18450 18450 D ActivityNode: 	activity ID 3( key name)
08-06 00:47:44.351 18450 18450 D ActivityNode: 	activity ID 3( key battleday)
08-06 00:47:44.351 18450 18450 D ActivityNode: 	activity ID 3( key id)
08-06 00:47:44.351 18450 18450 D ActivityNode: 	activity ID 3( key name)
08-06 00:47:44.351 18450 18450 D ActivityNode: 	activity ID 3( key battleday)
08-06 00:47:44.351 18450 18450 D ActivityNode: 	activity ID 3( key id)
08-06 00:47:44.351 18450 18450 D ActivityNode: 	activity ID 3( key name)
08-06 00:47:44.403 18450 18450 I NAPPA_EXPERIMENTATION: MetricNetworkRequestExecutionTime: REQUEST_DURATION_SYSTEM='264',REQUEST_DURATION_OKHTTP='0',REQUEST_SYNCHRONOUS='FALSE',RESPONSE_CODE='200',RESPONSE_METHOD='GET',RESPONSE_LENGTH_OKHTTP='682',RESPONSE_LENGTH_HEADER='-2',REQUEST_PROTOCOL='http/1.1',REQUEST_URL='https://api-hillfair-2k16.herokuapp.com/api/app/events/special/event?id=58065620dcba0f490c70fe09',
08-06 00:47:44.405 18450 18450 D ActivityNode: Observer - intent extra - HomeActivity
08-06 00:47:44.405 18450 18450 D ActivityNode: Extras:
08-06 00:47:44.406 18450 18450 D ActivityNode: Observer - intent extra - SplashActivity
08-06 00:47:44.406 18450 18450 D ActivityNode: Extras:
08-06 00:47:44.406 18450 18450 D ActivityNode: Observer - intent extra - ClubActivity
08-06 00:47:44.406 18450 18450 D ActivityNode: Extras:
08-06 00:47:44.406 18450 18450 D ActivityNode: Observer - intent extra - BattleDayActivity
08-06 00:47:44.406 18450 18450 D ActivityNode: Extras:
08-06 00:47:44.406 18450 18450 D ActivityNode: 	activity ID 3( key battleday)
08-06 00:47:44.406 18450 18450 D ActivityNode: 	activity ID 3( key id)
08-06 00:47:44.406 18450 18450 D ActivityNode: 	activity ID 3( key name)
08-06 00:47:44.406 18450 18450 D ActivityNode: 	activity ID 3( key battleday)
08-06 00:47:44.406 18450 18450 D ActivityNode: 	activity ID 3( key id)
08-06 00:47:44.406 18450 18450 D ActivityNode: 	activity ID 3( key name)
08-06 00:47:44.406 18450 18450 D ActivityNode: 	activity ID 3( key battleday)
08-06 00:47:44.406 18450 18450 D ActivityNode: 	activity ID 3( key id)
08-06 00:47:44.406 18450 18450 D ActivityNode: 	activity ID 3( key name)
08-06 00:47:44.406 18450 18450 D ActivityNode: 	activity ID 3( key battleday)
08-06 00:47:44.406 18450 18450 D ActivityNode: 	activity ID 3( key id)
08-06 00:47:44.406 18450 18450 D ActivityNode: 	activity ID 3( key name)
08-06 00:47:44.406 18450 18450 D ActivityNode: Observer - visit time - BattleDayActivity - New aggregate visit time found is 13372 ms
08-06 00:47:44.424 18450 18450 D ActivityNode: Observer - session data - sourceSplashActivity
08-06 00:47:44.424 18450 18450 D ActivityNode: destinations:
08-06 00:47:44.424 18450 18450 D ActivityNode: 	nappagreedy.appteam.nith.hillffair.activities.HomeActivity( count 1)
08-06 00:47:44.424   918   936 I ActivityManager: Displayed nappagreedy.appteam.nith.hillffair/.activities.ClubActivity: +313ms
08-06 00:47:44.424 18450 18450 D ActivityNode: Observer - session data - sourceHomeActivity
08-06 00:47:44.424 18450 18450 D ActivityNode: destinations:
08-06 00:47:44.424 18450 18450 D ActivityNode: 	nappagreedy.appteam.nith.hillffair.activities.BattleDayActivity( count 1)
08-06 00:47:44.424 18450 18450 D ActivityNode: Observer - session data - sourceBattleDayActivity
08-06 00:47:44.424 18450 18450 D ActivityNode: destinations:
08-06 00:47:44.424 18450 18450 D ActivityNode: 	nappagreedy.appteam.nith.hillffair.activities.ClubActivity( count 4)
08-06 00:47:44.424 18450 18450 D ActivityNode: Observer - session data - sourceClubActivity
08-06 00:47:44.424 18450 18450 D ActivityNode: destinations:
08-06 00:47:44.424 18450 18450 D PARAM   : COUNT: 0
08-06 00:47:44.424 13866 13866 I GoogleInputMethodServic: GoogleInputMethodService.onFinishInput():3138 
08-06 00:47:44.424 18450 18450 D ActivityNode: Observer - URL candidate SplashActivity[]
08-06 00:47:44.424 18450 18450 D PARAM   : COUNT: 0
08-06 00:47:44.424 18450 18450 D ActivityNode: Observer - URL candidate HomeActivity[]
08-06 00:47:44.424 18450 18450 D PARAM   : COUNT: 0
08-06 00:47:44.424 18450 18450 D ActivityNode: Observer - URL candidate BattleDayActivity[]
08-06 00:47:44.425 18450 18450 D PARAM   : COUNT: 2
08-06 00:47:44.425 13866 13866 I GoogleInputMethodServic: GoogleInputMethodService.onStartInput():1808 
08-06 00:47:44.425 18450 18450 D PARAM   : ID_ACTIVITY: 4
08-06 00:47:44.425 18450 18450 D PARAM   : parameter.urlPiece = https://api-hillfair-2k16.herokuapp.com/api/app/events/special/event?id=
08-06 00:47:44.425 18450 18450 D PARAM   : parameter.type = 0
08-06 00:47:44.425 18450 18450 D PARAM   : parameter.urlOrder = 0
08-06 00:47:44.425 18450 18450 D PARAM   : ID_ACTIVITY: 4
08-06 00:47:44.425 18450 18450 D PARAM   : parameter.urlPiece = id
08-06 00:47:44.425 18450 18450 D PARAM   : parameter.type = 1
08-06 00:47:44.425 18450 18450 D PARAM   : parameter.urlOrder = 1
08-06 00:47:44.425 18450 18450 D ActivityNode: Observer - URL candidate ClubActivity[nl.vu.cs.s2group.nappa.room.dao.UrlCandidateDao$UrlCandidateToUrlParameter@2301e66, nl.vu.cs.s2group.nappa.room.dao.UrlCandidateDao$UrlCandidateToUrlParameter@a435a7]
08-06 00:47:44.470 18450 18496 I art     : Starting a blocking GC Explicit
08-06 00:47:44.490 18450 18496 I art     : Explicit concurrent mark sweep GC freed 3112(188KB) AllocSpace objects, 1(20KB) LOS objects, 23% free, 52MB/68MB, paused 487us total 19.594ms
08-06 00:47:44.497 18450 18496 I art     : Starting a blocking GC Explicit
08-06 00:47:44.516 18450 18496 I art     : Explicit concurrent mark sweep GC freed 553(19KB) AllocSpace objects, 0(0B) LOS objects, 23% free, 52MB/68MB, paused 477us total 18.672ms
08-06 00:47:44.524 18450 18496 I art     : Starting a blocking GC Explicit
08-06 00:47:44.541 18450 18480 D Nappa   : PREFETCH_ON_EXTRA - setCurrentActivity - logs - from extra - made prediction istrue
08-06 00:47:44.541 18450 18480 D Nappa   : PREFETCH_ON_EXTRA - setCurrentActivity - logs - from extra - start
08-06 00:47:44.541 18450 18480 D Nappa   : setCurrentActivity - MetricStrategyAccuracy - checking prediction VS current activity for extras
08-06 00:47:44.541 18450 18480 D GreedyPrefetchingStrategyOnVisitFrequencyAndTime: MetricStrategyAccuracy inc hits count3 | from extra
08-06 00:47:44.542 18450 18480 I NAPPA_EXPERIMENTATION: MetricStrategyAccuracy: LOG_ID='9',EXECUTION_COUNT='9',CASES_COUNT='9',HIT_PERCENTAGE_TOTAL='33.333333333333336',HIT_PERCENTAGE_WHEN_PREDICTED='100.0',HIT_COUNT='3',MISS_COUNT='0',INSUFFICIENT_SCORE_COUNT='0',EXCEPTION_COUNT='0',NO_SUCCESSOR_COUNT='6',
08-06 00:47:44.542 18450 18480 D Nappa   : PREFETCH_ON_EXTRA - setCurrentActivity - logs - from extra- finished
08-06 00:47:44.543 18450 18496 I art     : Explicit concurrent mark sweep GC freed 79(7KB) AllocSpace objects, 0(0B) LOS objects, 23% free, 52MB/68MB, paused 504us total 18.731ms
08-06 00:47:44.551 18450 18496 I art     : Starting a blocking GC Explicit
08-06 00:47:44.570 18450 18496 I art     : Explicit concurrent mark sweep GC freed 12(688B) AllocSpace objects, 0(0B) LOS objects, 23% free, 52MB/68MB, paused 472us total 18.266ms
08-06 00:47:44.578 18450 18496 I art     : Starting a blocking GC Explicit
08-06 00:47:44.597 18450 18496 I art     : Explicit concurrent mark sweep GC freed 3(96B) AllocSpace objects, 0(0B) LOS objects, 23% free, 52MB/68MB, paused 481us total 18.345ms
08-06 00:47:44.671 16566 16566 I ServiceManager: Waiting for service AtCmdFwd...
08-06 00:47:44.676   380   380 W SurfaceFlinger: couldn't log to binary event log: overflow.
08-06 00:47:44.842 18450 18480 D Nappa   : PREFETCH_ON_EXTRA - setCurrentActivity - starting new prediction
08-06 00:47:44.842 18450 18480 D Nappa   : Current node - currentActivityName - nappagreedy.appteam.nith.hillffair.activities.ClubActivity
08-06 00:47:44.843 18450 18480 D Nappa   : Current node - activityGraph.getCurrent() - nappagreedy.appteam.nith.hillffair.activities.ClubActivity
08-06 00:47:44.843 18450 18480 I NAPPA_EXPERIMENTATION: MetricNappaPrefetchingStrategyExecutionTime: STRATEGY_CLASS='GreedyPrefetchingStrategyOnVisitFrequencyAndTime',DURATION='62396',NUMBER_OF_URLS='0',NUMBER_OF_SELECTED_CHILDREN_NODES='0',NUMBER_OF_CHILDREN_NODES='0',STRATEGY_RUN_SUCCESSFULLY='True',
08-06 00:47:44.843 18450 18480 D GreedyPrefetchingStrategyOnVisitFrequencyAndTime: ==================================
08-06 00:47:44.843 18450 18480 D GreedyPrefetchingStrategyOnVisitFrequencyAndTime: Starting Run #10
08-06 00:47:44.843 18450 18480 D GreedyPrefetchingStrategyOnVisitFrequencyAndTime: ----------------------------------
08-06 00:47:44.843 18450 18480 D GreedyPrefetchingStrategyOnVisitFrequencyAndTime: Node data ClubActivity 
08-06 00:47:44.843 18450 18480 D GreedyPrefetchingStrategyOnVisitFrequencyAndTime: 	Successors:
08-06 00:47:44.843 18450 18480 D GreedyPrefetchingStrategyOnVisitFrequencyAndTime: 
08-06 00:47:44.843 18450 18480 D GreedyPrefetchingStrategyOnVisitFrequencyAndTime: 	Ancestors:
08-06 00:47:44.843 18450 18480 D GreedyPrefetchingStrategyOnVisitFrequencyAndTime: 		BattleDayActivity (1 hits)
08-06 00:47:44.843 18450 18480 D GreedyPrefetchingStrategyOnVisitFrequencyAndTime: 
08-06 00:47:44.843 18450 18480 D GreedyPrefetchingStrategyOnVisitFrequencyAndTime: MetricStrategyAccuracy inc execution count10 | act = true; extra = false
08-06 00:47:44.843 18450 18480 D GreedyPrefetchingStrategyOnVisitFrequencyAndTime: MetricStrategyAccuracy inc no sucessor count7 | act = true; extra = false
08-06 00:47:44.843 18450 18480 D GreedyPrefetchingStrategyOnVisitFrequencyAndTime: ------------- Recursion #1 -----------
08-06 00:47:44.844 18450 18480 D GreedyPrefetchingStrategyOnVisitFrequencyAndTime: Best successors so far []
08-06 00:47:44.844 18450 18480 D GreedyPrefetchingStrategyOnVisitFrequencyAndTime: Checking node ClubActivity with 0 successors
08-06 00:47:44.844 18450 18480 D GreedyPrefetchingStrategyOnVisitFrequencyAndTime: this node has no successors
08-06 00:47:44.844 18450 18480 D GreedyPrefetchingStrategyOnVisitFrequencyAndTime: Next visited child will be []
08-06 00:47:44.844 18450 18480 D GreedyPrefetchingStrategyOnVisitFrequencyAndTime: ==================================
08-06 00:47:44.844 18450 18480 D Nappa   : PREFETCH_ON_EXTRA - setCurrentActivity - finished new prediction
08-06 00:47:44.886 18450 18463 I art     : Starting a blocking GC Explicit
08-06 00:47:44.906 18450 18463 I art     : Explicit concurrent mark sweep GC freed 1780(107KB) AllocSpace objects, 1(20KB) LOS objects, 23% free, 52MB/68MB, paused 525us total 20.213ms
08-06 00:47:44.914 18450 18463 I art     : Starting a blocking GC Explicit
08-06 00:47:44.936 18450 18463 I art     : Explicit concurrent mark sweep GC freed 28(1024B) AllocSpace objects, 0(0B) LOS objects, 23% free, 52MB/68MB, paused 528us total 21.507ms
08-06 00:47:44.945 18450 18463 I art     : Starting a blocking GC Explicit
08-06 00:47:44.966 18450 18463 I art     : Explicit concurrent mark sweep GC freed 3(96B) AllocSpace objects, 0(0B) LOS objects, 23% free, 52MB/68MB, paused 525us total 20.822ms
08-06 00:47:44.974 18450 18463 I art     : Starting a blocking GC Explicit
08-06 00:47:44.995 18450 18463 I art     : Explicit concurrent mark sweep GC freed 3(96B) AllocSpace objects, 0(0B) LOS objects, 23% free, 52MB/68MB, paused 511us total 21.128ms
08-06 00:47:45.004 18450 18463 I art     : Starting a blocking GC Explicit
08-06 00:47:45.025 18450 18463 I art     : Explicit concurrent mark sweep GC freed 3(96B) AllocSpace objects, 0(0B) LOS objects, 23% free, 52MB/68MB, paused 525us total 20.402ms
08-06 00:47:45.324 18450 18463 I art     : Starting a blocking GC Explicit
08-06 00:47:45.351 18450 18463 I art     : Explicit concurrent mark sweep GC freed 1538(89KB) AllocSpace objects, 1(20KB) LOS objects, 23% free, 52MB/68MB, paused 547us total 26.803ms
08-06 00:47:45.359 18450 18463 I art     : Starting a blocking GC Explicit
08-06 00:47:45.381 18450 18463 I art     : Explicit concurrent mark sweep GC freed 44(1584B) AllocSpace objects, 0(0B) LOS objects, 23% free, 52MB/68MB, paused 540us total 21.709ms
08-06 00:47:45.390 18450 18463 I art     : Starting a blocking GC Explicit
08-06 00:47:45.412 18450 18463 I art     : Explicit concurrent mark sweep GC freed 3(96B) AllocSpace objects, 0(0B) LOS objects, 23% free, 52MB/68MB, paused 541us total 21.536ms
08-06 00:47:45.421 18450 18463 I art     : Starting a blocking GC Explicit
08-06 00:47:45.443 18450 18463 I art     : Explicit concurrent mark sweep GC freed 3(96B) AllocSpace objects, 0(0B) LOS objects, 23% free, 52MB/68MB, paused 525us total 21.655ms
08-06 00:47:45.452 18450 18463 I art     : Starting a blocking GC Explicit
08-06 00:47:45.474 18450 18463 I art     : Explicit concurrent mark sweep GC freed 3(96B) AllocSpace objects, 0(0B) LOS objects, 23% free, 52MB/68MB, paused 529us total 21.781ms
08-06 00:47:45.671 16566 16566 I ServiceManager: Waiting for service AtCmdFwd...
08-06 00:47:45.777 18450 19256 I art     : Starting a blocking GC Explicit
