--------- beginning of main
--------- beginning of system
08-05 21:12:46.871 16441 16441 D Nappa   : Selected prefetching strategy STRATEGY_TFPR
08-05 21:12:46.894 16441 16456 D Nappa   : Updating activity map nappatfpr.com.ak.uobtimetable.MainActivity: 1
08-05 21:12:46.894 16441 16456 D Nappa   : Updating activity map nappatfpr.com.ak.uobtimetable.WelcomeActivity: 2
08-05 21:12:46.894 16441 16456 D Nappa   : Updating activity map nappatfpr.com.ak.uobtimetable.CourseListActivity: 3
08-05 21:12:46.995 16441 16456 D Nappa   : registerActivity: (already in) nappatfpr.com.ak.uobtimetable.MainActivity
08-05 21:12:47.098 16441 16456 D Nappa   : registerActivity: (already in) nappatfpr.com.ak.uobtimetable.WelcomeActivity
08-05 21:12:47.101 16441 16460 D Nappa   : {nappatfpr.com.ak.uobtimetable.CourseListActivity=3, nappatfpr.com.ak.uobtimetable.WelcomeActivity=2, nappatfpr.com.ak.uobtimetable.MainActivity=1}
08-05 21:12:47.214 16441 16456 D Nappa   : registerActivity: (already in) nappatfpr.com.ak.uobtimetable.WelcomeActivity
08-05 21:12:47.316 16441 16456 D Nappa   : registerActivity: (already in) nappatfpr.com.ak.uobtimetable.CourseListActivity
08-05 21:12:47.319 16441 16460 D Nappa   : {nappatfpr.com.ak.uobtimetable.CourseListActivity=3, nappatfpr.com.ak.uobtimetable.WelcomeActivity=2, nappatfpr.com.ak.uobtimetable.MainActivity=1}
08-05 21:12:47.430 16441 16456 D Nappa   : registerActivity: (already in) nappatfpr.com.ak.uobtimetable.CourseListActivity
08-05 21:12:47.532 16441 16456 D Nappa   : registerActivity: (already in) nappatfpr.com.ak.uobtimetable.MainActivity
08-05 21:12:47.533 16441 16460 D Nappa   : {nappatfpr.com.ak.uobtimetable.CourseListActivity=3, nappatfpr.com.ak.uobtimetable.WelcomeActivity=2, nappatfpr.com.ak.uobtimetable.MainActivity=1}
08-05 21:12:47.539 16441 16456 D Nappa   : Extended Startup-time: 668 ms
08-05 21:12:47.541 16441 16441 D Nappa   : Startup-time: 670 ms
08-05 21:12:47.694 16441 16441 D Nappa   : setCurrentActivity - MetricStrategyAccuracy - 
08-05 21:12:47.694 16441 16441 D Nappa   : madePredictionFromActivity = false, 
08-05 21:12:47.694 16441 16441 D Nappa   : fromActivity = null, 
08-05 21:12:47.694 16441 16441 D Nappa   : predictedNextActivityFromActivity = [], 
08-05 21:12:47.694 16441 16441 D Nappa   : activity.getClass().getCanonicalName() = nappatfpr.com.ak.uobtimetable.MainActivity, 
08-05 21:12:47.694 16441 16441 D Nappa   : setCurrentActivity - MetricStrategyAccuracy - 
08-05 21:12:47.694 16441 16441 D Nappa   : madePredictionFromExtra = false, 
08-05 21:12:47.694 16441 16441 D Nappa   : fromActivity = null, 
08-05 21:12:47.694 16441 16441 D Nappa   : predictedNextActivityFromExtra = [], 
08-05 21:12:47.694 16441 16441 D Nappa   : activity.getClass().getCanonicalName() = nappatfpr.com.ak.uobtimetable.MainActivity, 
08-05 21:12:47.695 16441 16441 D Nappa   : PREFETCH_ON_EXTRA - setCurrentActivity - logs - from activity - made prediction isfalse
08-05 21:12:47.796 16441 16441 D Nappa   : registerActivity: (already in) nappatfpr.com.ak.uobtimetable.MainActivity
08-05 21:12:47.797 16441 16441 D Nappa   : SHOULD_PREFETCH false
08-05 21:12:47.797 16441 16441 D Nappa   : STATS Number of requests not prefetched: 0
08-05 21:12:47.797 16441 16441 D Nappa   : STATS Number of requests prefetched: 0
08-05 21:12:47.797 16441 16441 D Nappa   : STATS Time saved until now: 0.0
08-05 21:12:47.824 16441 16441 D Nappa   : Stayed on nappatfpr.com.ak.uobtimetable.MainActivity for 27 ms
08-05 21:12:47.916 16441 16441 D Nappa   : setCurrentActivity - MetricStrategyAccuracy - 
08-05 21:12:47.916 16441 16441 D Nappa   : madePredictionFromActivity = false, 
08-05 21:12:47.916 16441 16441 D Nappa   : fromActivity = nappatfpr.com.ak.uobtimetable.MainActivity, 
08-05 21:12:47.916 16441 16441 D Nappa   : predictedNextActivityFromActivity = [], 
08-05 21:12:47.916 16441 16441 D Nappa   : activity.getClass().getCanonicalName() = nappatfpr.com.ak.uobtimetable.WelcomeActivity, 
08-05 21:12:47.916 16441 16441 D Nappa   : setCurrentActivity - MetricStrategyAccuracy - 
08-05 21:12:47.916 16441 16441 D Nappa   : madePredictionFromExtra = false, 
08-05 21:12:47.916 16441 16441 D Nappa   : fromActivity = nappatfpr.com.ak.uobtimetable.MainActivity, 
08-05 21:12:47.916 16441 16441 D Nappa   : predictedNextActivityFromExtra = [], 
08-05 21:12:47.916 16441 16441 D Nappa   : activity.getClass().getCanonicalName() = nappatfpr.com.ak.uobtimetable.WelcomeActivity, 
08-05 21:12:47.916 16441 16441 D Nappa   : PREFETCH_ON_EXTRA - setCurrentActivity - logs - from activity - made prediction isfalse
08-05 21:12:48.016 16441 16441 D Nappa   : registerActivity: (already in) nappatfpr.com.ak.uobtimetable.WelcomeActivity
08-05 21:12:48.017 16441 16441 D Nappa   : SHOULD_PREFETCH true
08-05 21:12:48.096 16441 16460 D Nappa   : PREFETCH_ON_EXTRA - setCurrentActivity - logs - from extra - made prediction isfalse
08-05 21:12:48.118 16441 16441 D Nappa   : registerActivity: (already in) nappatfpr.com.ak.uobtimetable.WelcomeActivity
08-05 21:12:48.118 16441 16441 D Nappa   : SUCCESSORS nappatfpr.com.ak.uobtimetable.CourseListActivity
08-05 21:12:48.118 16441 16441 D Nappa   : STATS Number of requests not prefetched: 0
08-05 21:12:48.118 16441 16441 D Nappa   : STATS Number of requests prefetched: 0
08-05 21:12:48.118 16441 16441 D Nappa   : STATS Time saved until now: 0.0
08-05 21:12:48.317 16441 16460 D Nappa   : PREFETCH_ON_EXTRA - setCurrentActivity - logs - from extra - made prediction isfalse
08-05 21:12:48.618 16441 16460 D Nappa   : PREFETCH_ON_EXTRA - setCurrentActivity - starting new prediction
08-05 21:12:48.619 16441 16460 D Nappa   : Current node - currentActivityName - nappatfpr.com.ak.uobtimetable.WelcomeActivity
08-05 21:12:48.619 16441 16460 D Nappa   : Current node - activityGraph.getCurrent() - nappatfpr.com.ak.uobtimetable.WelcomeActivity
08-05 21:12:48.624 16441 16460 D Nappa   : PREFETCH_ON_EXTRA - setCurrentActivity - finished new prediction
08-05 21:12:53.766 16441 16441 D Nappa   : Stayed on nappatfpr.com.ak.uobtimetable.WelcomeActivity for 5648 ms
08-05 21:12:53.799 16441 16441 D Nappa   : setCurrentActivity - MetricStrategyAccuracy - 
08-05 21:12:53.799 16441 16441 D Nappa   : madePredictionFromActivity = true, 
08-05 21:12:53.799 16441 16441 D Nappa   : fromActivity = nappatfpr.com.ak.uobtimetable.WelcomeActivity, 
08-05 21:12:53.799 16441 16441 D Nappa   : predictedNextActivityFromActivity = [nappatfpr.com.ak.uobtimetable.CourseListActivity], 
08-05 21:12:53.799 16441 16441 D Nappa   : activity.getClass().getCanonicalName() = nappatfpr.com.ak.uobtimetable.CourseListActivity, 
08-05 21:12:53.799 16441 16441 D Nappa   : setCurrentActivity - MetricStrategyAccuracy - 
08-05 21:12:53.799 16441 16441 D Nappa   : madePredictionFromExtra = false, 
08-05 21:12:53.799 16441 16441 D Nappa   : fromActivity = nappatfpr.com.ak.uobtimetable.WelcomeActivity, 
08-05 21:12:53.799 16441 16441 D Nappa   : predictedNextActivityFromExtra = [], 
08-05 21:12:53.799 16441 16441 D Nappa   : activity.getClass().getCanonicalName() = nappatfpr.com.ak.uobtimetable.CourseListActivity, 
08-05 21:12:53.799 16441 16441 D Nappa   : PREFETCH_ON_EXTRA - setCurrentActivity - logs - from activity - made prediction istrue
08-05 21:12:53.799 16441 16441 D Nappa   : PREFETCH_ON_EXTRA - setCurrentActivity - logs - from activity - start
08-05 21:12:53.799 16441 16441 D Nappa   : setCurrentActivity - MetricStrategyAccuracy - checking prediction VS current activity for activities
08-05 21:12:53.800 16441 16441 D Nappa   : PREFETCH_ON_EXTRA - setCurrentActivity - logs - from activity- finished
08-05 21:12:53.815 16441 16689 D Nappa   : TAG okHttpClient initialized
08-05 21:12:53.830 16441 16689 D Nappa   : F1_SCORE add_intercept_url - (new) - https://uob-timetable-api.adriankeenan.co.uk/courses
08-05 21:12:53.830 16441 16689 D Nappa   : F1_SCORE add_fn_url - (new) - https://uob-timetable-api.adriankeenan.co.uk/courses
08-05 21:12:53.830 16441 16689 D Nappa   : -------------F1_SCORE #0 -----------
08-05 21:12:53.830 16441 16689 D Nappa   : F1_SCORE - Intercept list (1)= [https://uob-timetable-api.adriankeenan.co.uk/courses]
08-05 21:12:53.830 16441 16689 D Nappa   : F1_SCORE - Prefetch list (0)= []
08-05 21:12:53.830 16441 16689 D Nappa   : F1_SCORE - TP list (0)= []
08-05 21:12:53.831 16441 16689 D Nappa   : F1_SCORE - FN list (1)= [https://uob-timetable-api.adriankeenan.co.uk/courses]
08-05 21:12:53.900 16441 16441 D Nappa   : registerActivity: (already in) nappatfpr.com.ak.uobtimetable.CourseListActivity
08-05 21:12:53.900 16441 16441 D Nappa   : SHOULD_PREFETCH true
08-05 21:12:53.930 16441 16460 D Nappa   : registerActivity: (already in) nappatfpr.com.ak.uobtimetable.CourseListActivity
08-05 21:12:53.930 16441 16460 D Nappa   : PARENTS 
08-05 21:12:53.930 16441 16460 D Nappa   : Of: nappatfpr.com.ak.uobtimetable.CourseListActivity -> 
08-05 21:12:53.930 16441 16460 D Nappa   : PARENTS nappatfpr.com.ak.uobtimetable.WelcomeActivity
08-05 21:12:53.931 16441 16460 D Nappa   : PARENTS nappatfpr.com.ak.uobtimetable.MainActivity
08-05 21:12:53.931 16441 16460 D Nappa   : PARENTS nappatfpr.com.ak.uobtimetable.CourseListActivity
08-05 21:12:54.001 16441 16441 D Nappa   : registerActivity: (already in) nappatfpr.com.ak.uobtimetable.CourseListActivity
08-05 21:12:54.001 16441 16441 D Nappa   : SUCCESSORS nappatfpr.com.ak.uobtimetable.MainActivity
08-05 21:12:54.001 16441 16441 D Nappa   : STATS Number of requests not prefetched: 0
08-05 21:12:54.001 16441 16441 D Nappa   : STATS Number of requests prefetched: 0
08-05 21:12:54.001 16441 16441 D Nappa   : STATS Time saved until now: 0.0
08-05 21:12:54.200 16441 16460 D Nappa   : PREFETCH_ON_EXTRA - setCurrentActivity - logs - from extra - made prediction isfalse
08-05 21:12:54.501 16441 16460 D Nappa   : PREFETCH_ON_EXTRA - setCurrentActivity - starting new prediction
08-05 21:12:54.502 16441 16460 D Nappa   : Current node - currentActivityName - nappatfpr.com.ak.uobtimetable.CourseListActivity
08-05 21:12:54.502 16441 16460 D Nappa   : Current node - activityGraph.getCurrent() - nappatfpr.com.ak.uobtimetable.CourseListActivity
08-05 21:12:54.504 16441 16460 D Nappa   : PREFETCH_ON_EXTRA - setCurrentActivity - finished new prediction
08-05 21:13:02.285 16441 16460 D Nappa   : PREFETCH_ON_EXTRA - notifyExtras- start
08-05 21:13:02.289 16441 16460 D Nappa   : PREFETCH_ON_EXTRA - notifyExtras- end
08-05 21:13:02.289 16441 16460 D Nappa   : PREFSTRAT2 ADDING NEW ACTEXTRADATA
08-05 21:13:02.304 16441 16441 D Nappa   : Stayed on nappatfpr.com.ak.uobtimetable.CourseListActivity for 8303 ms
08-05 21:13:02.401 16441 16958 D Nappa   : TAG okHttpClient initialized
08-05 21:13:02.403 16441 16958 D Nappa   : F1_SCORE add_intercept_url - (new) - https://uob-timetable-api.adriankeenan.co.uk/sessions?dept=BD002&course=CFIEFAAF%2F02AA%2F0%2FFT&level=ALL+Courses
08-05 21:13:02.403 16441 16958 D Nappa   : F1_SCORE add_fn_url - (new) - https://uob-timetable-api.adriankeenan.co.uk/sessions?dept=BD002&course=CFIEFAAF%2F02AA%2F0%2FFT&level=ALL+Courses
08-05 21:13:02.403 16441 16958 D Nappa   : -------------F1_SCORE #3 -----------
08-05 21:13:02.403 16441 16958 D Nappa   : F1_SCORE - Intercept list (2)= [https://uob-timetable-api.adriankeenan.co.uk/courses, https://uob-timetable-api.adriankeenan.co.uk/sessions?dept=BD002&course=CFIEFAAF%2F02AA%2F0%2FFT&level=ALL+Courses]
08-05 21:13:02.403 16441 16958 D Nappa   : F1_SCORE - Prefetch list (0)= []
08-05 21:13:02.403 16441 16958 D Nappa   : F1_SCORE - TP list (0)= []
08-05 21:13:02.403 16441 16958 D Nappa   : F1_SCORE - FN list (2)= [https://uob-timetable-api.adriankeenan.co.uk/courses, https://uob-timetable-api.adriankeenan.co.uk/sessions?dept=BD002&course=CFIEFAAF%2F02AA%2F0%2FFT&level=ALL+Courses]
08-05 21:13:02.504 16441 16460 D Nappa   : registerActivity: (already in) nappatfpr.com.ak.uobtimetable.CourseListActivity
08-05 21:13:02.504 16441 16460 D Nappa   : PARENTS 
08-05 21:13:02.504 16441 16460 D Nappa   : Of: nappatfpr.com.ak.uobtimetable.CourseListActivity -> 
08-05 21:13:02.505 16441 16460 D Nappa   : PARENTS nappatfpr.com.ak.uobtimetable.WelcomeActivity
08-05 21:13:02.505 16441 16460 D Nappa   : PARENTS nappatfpr.com.ak.uobtimetable.MainActivity
08-05 21:13:02.505 16441 16460 D Nappa   : PARENTS nappatfpr.com.ak.uobtimetable.CourseListActivity
08-05 21:13:02.505 16441 16460 D Nappa   : PARENTS has extra: (forceRefreshSessions, true)
08-05 21:13:02.665 16441 16441 D Nappa   : setCurrentActivity - MetricStrategyAccuracy - 
08-05 21:13:02.665 16441 16441 D Nappa   : madePredictionFromActivity = true, 
08-05 21:13:02.665 16441 16441 D Nappa   : fromActivity = nappatfpr.com.ak.uobtimetable.CourseListActivity, 
08-05 21:13:02.665 16441 16441 D Nappa   : predictedNextActivityFromActivity = [nappatfpr.com.ak.uobtimetable.MainActivity], 
08-05 21:13:02.665 16441 16441 D Nappa   : activity.getClass().getCanonicalName() = nappatfpr.com.ak.uobtimetable.MainActivity, 
08-05 21:13:02.665 16441 16441 D Nappa   : setCurrentActivity - MetricStrategyAccuracy - 
08-05 21:13:02.665 16441 16441 D Nappa   : madePredictionFromExtra = true, 
08-05 21:13:02.665 16441 16441 D Nappa   : fromActivity = nappatfpr.com.ak.uobtimetable.CourseListActivity, 
08-05 21:13:02.665 16441 16441 D Nappa   : predictedNextActivityFromExtra = [nappatfpr.com.ak.uobtimetable.MainActivity], 
08-05 21:13:02.665 16441 16441 D Nappa   : activity.getClass().getCanonicalName() = nappatfpr.com.ak.uobtimetable.MainActivity, 
08-05 21:13:02.665 16441 16441 D Nappa   : PREFETCH_ON_EXTRA - setCurrentActivity - logs - from activity - made prediction istrue
08-05 21:13:02.665 16441 16441 D Nappa   : PREFETCH_ON_EXTRA - setCurrentActivity - logs - from activity - start
08-05 21:13:02.665 16441 16441 D Nappa   : setCurrentActivity - MetricStrategyAccuracy - checking prediction VS current activity for activities
08-05 21:13:02.666 16441 16441 D Nappa   : PREFETCH_ON_EXTRA - setCurrentActivity - logs - from activity- finished
08-05 21:13:02.766 16441 16441 D Nappa   : registerActivity: (already in) nappatfpr.com.ak.uobtimetable.MainActivity
08-05 21:13:02.767 16441 16441 D Nappa   : SHOULD_PREFETCH true
08-05 21:13:02.867 16441 16441 D Nappa   : registerActivity: (already in) nappatfpr.com.ak.uobtimetable.MainActivity
08-05 21:13:02.867 16441 16441 D Nappa   : SUCCESSORS nappatfpr.com.ak.uobtimetable.WelcomeActivity
08-05 21:13:02.867 16441 16441 D Nappa   : STATS Number of requests not prefetched: 2
08-05 21:13:02.867 16441 16441 D Nappa   : STATS Number of requests prefetched: 0
08-05 21:13:02.868 16441 16441 D Nappa   : STATS Time saved until now: 0.0
08-05 21:13:03.066 16441 16460 D Nappa   : PREFETCH_ON_EXTRA - setCurrentActivity - logs - from extra - made prediction istrue
08-05 21:13:03.066 16441 16460 D Nappa   : PREFETCH_ON_EXTRA - setCurrentActivity - logs - from extra - start
08-05 21:13:03.066 16441 16460 D Nappa   : setCurrentActivity - MetricStrategyAccuracy - checking prediction VS current activity for extras
08-05 21:13:03.067 16441 16460 D Nappa   : PREFETCH_ON_EXTRA - setCurrentActivity - logs - from extra- finished
08-05 21:13:03.368 16441 16460 D Nappa   : PREFETCH_ON_EXTRA - setCurrentActivity - starting new prediction
08-05 21:13:03.368 16441 16460 D Nappa   : Current node - currentActivityName - nappatfpr.com.ak.uobtimetable.MainActivity
08-05 21:13:03.368 16441 16460 D Nappa   : Current node - activityGraph.getCurrent() - nappatfpr.com.ak.uobtimetable.MainActivity
08-05 21:13:03.371 16441 16460 D Nappa   : PREFETCH_ON_EXTRA - setCurrentActivity - finished new prediction
08-05 21:13:12.980 16441 16441 D Nappa   : Stayed on nappatfpr.com.ak.uobtimetable.MainActivity for 10112 ms
08-05 21:13:13.031 16441 16441 D Nappa   : setCurrentActivity - MetricStrategyAccuracy - 
08-05 21:13:13.031 16441 16441 D Nappa   : madePredictionFromActivity = true, 
08-05 21:13:13.031 16441 16441 D Nappa   : fromActivity = nappatfpr.com.ak.uobtimetable.MainActivity, 
08-05 21:13:13.031 16441 16441 D Nappa   : predictedNextActivityFromActivity = [nappatfpr.com.ak.uobtimetable.WelcomeActivity], 
08-05 21:13:13.031 16441 16441 D Nappa   : activity.getClass().getCanonicalName() = nappatfpr.com.ak.uobtimetable.CourseListActivity, 
08-05 21:13:13.031 16441 16441 D Nappa   : setCurrentActivity - MetricStrategyAccuracy - 
08-05 21:13:13.031 16441 16441 D Nappa   : madePredictionFromExtra = false, 
08-05 21:13:13.031 16441 16441 D Nappa   : fromActivity = nappatfpr.com.ak.uobtimetable.MainActivity, 
08-05 21:13:13.031 16441 16441 D Nappa   : predictedNextActivityFromExtra = [], 
08-05 21:13:13.031 16441 16441 D Nappa   : activity.getClass().getCanonicalName() = nappatfpr.com.ak.uobtimetable.CourseListActivity, 
08-05 21:13:13.031 16441 16441 D Nappa   : PREFETCH_ON_EXTRA - setCurrentActivity - logs - from activity - made prediction istrue
08-05 21:13:13.031 16441 16441 D Nappa   : PREFETCH_ON_EXTRA - setCurrentActivity - logs - from activity - start
08-05 21:13:13.031 16441 16441 D Nappa   : setCurrentActivity - MetricStrategyAccuracy - checking prediction VS current activity for activities
08-05 21:13:13.031 16441 17262 D Nappa   : TAG okHttpClient initialized
08-05 21:13:13.031 16441 16441 D Nappa   : PREFETCH_ON_EXTRA - setCurrentActivity - logs - from activity- finished
08-05 21:13:13.032 16441 17262 D Nappa   : F1_SCORE add_intercept_url - (already in) - https://uob-timetable-api.adriankeenan.co.uk/courses
08-05 21:13:13.032 16441 17262 D Nappa   : F1_SCORE add_fn_url - (already in) - https://uob-timetable-api.adriankeenan.co.uk/courses
08-05 21:13:13.033 16441 17262 D Nappa   : -------------F1_SCORE #5 -----------
08-05 21:13:13.033 16441 17262 D Nappa   : F1_SCORE - Intercept list (2)= [https://uob-timetable-api.adriankeenan.co.uk/courses, https://uob-timetable-api.adriankeenan.co.uk/sessions?dept=BD002&course=CFIEFAAF%2F02AA%2F0%2FFT&level=ALL+Courses]
08-05 21:13:13.033 16441 17262 D Nappa   : F1_SCORE - Prefetch list (0)= []
08-05 21:13:13.033 16441 17262 D Nappa   : F1_SCORE - TP list (0)= []
08-05 21:13:13.033 16441 17262 D Nappa   : F1_SCORE - FN list (2)= [https://uob-timetable-api.adriankeenan.co.uk/courses, https://uob-timetable-api.adriankeenan.co.uk/sessions?dept=BD002&course=CFIEFAAF%2F02AA%2F0%2FFT&level=ALL+Courses]
08-05 21:13:13.132 16441 16441 D Nappa   : registerActivity: (already in) nappatfpr.com.ak.uobtimetable.CourseListActivity
08-05 21:13:13.132 16441 16441 D Nappa   : SHOULD_PREFETCH false
08-05 21:13:13.132 16441 16441 D Nappa   : STATS Number of requests not prefetched: 2
08-05 21:13:13.132 16441 16441 D Nappa   : STATS Number of requests prefetched: 1
08-05 21:13:13.132 16441 16441 D Nappa   : STATS Time saved until now: 0.044
08-05 21:13:13.133 16441 16460 D Nappa   : registerActivity: (already in) nappatfpr.com.ak.uobtimetable.CourseListActivity
08-05 21:13:13.133 16441 16460 D Nappa   : PARENTS 
08-05 21:13:13.133 16441 16460 D Nappa   : Of: nappatfpr.com.ak.uobtimetable.CourseListActivity -> 
08-05 21:13:13.133 16441 16460 D Nappa   : PARENTS nappatfpr.com.ak.uobtimetable.WelcomeActivity
08-05 21:13:13.133 16441 16460 D Nappa   : PARENTS nappatfpr.com.ak.uobtimetable.MainActivity
08-05 21:13:13.133 16441 16460 D Nappa   : PARENTS nappatfpr.com.ak.uobtimetable.CourseListActivity
08-05 21:13:13.133 16441 16460 D Nappa   : PARENTS has extra: (forceRefreshSessions, true)
08-05 21:13:13.432 16441 16460 D Nappa   : PREFETCH_ON_EXTRA - setCurrentActivity - logs - from extra - made prediction isfalse
08-05 21:13:29.404 16441 16460 D Nappa   : PREFETCH_ON_EXTRA - notifyExtras- start
08-05 21:13:29.409 16441 16460 D Nappa   : PREFETCH_ON_EXTRA - notifyExtras- end
08-05 21:13:29.409 16441 16460 D Nappa   : PREFSTRAT2 ADDING NEW ACTEXTRADATA
08-05 21:13:29.418 16441 16441 D Nappa   : Stayed on nappatfpr.com.ak.uobtimetable.CourseListActivity for 16286 ms
08-05 21:13:29.554 16441 17579 D Nappa   : TAG okHttpClient initialized
08-05 21:13:29.556 16441 17579 D Nappa   : F1_SCORE add_intercept_url - (new) - https://uob-timetable-api.adriankeenan.co.uk/sessions?dept=CM010&course=BSAIFAAF%2F02AA%2F0%2FFT&level=Foundation+Year
08-05 21:13:29.557 16441 17579 D Nappa   : F1_SCORE add_fn_url - (new) - https://uob-timetable-api.adriankeenan.co.uk/sessions?dept=CM010&course=BSAIFAAF%2F02AA%2F0%2FFT&level=Foundation+Year
08-05 21:13:29.557 16441 17579 D Nappa   : -------------F1_SCORE #7 -----------
08-05 21:13:29.557 16441 17579 D Nappa   : F1_SCORE - Intercept list (3)= [https://uob-timetable-api.adriankeenan.co.uk/courses, https://uob-timetable-api.adriankeenan.co.uk/sessions?dept=BD002&course=CFIEFAAF%2F02AA%2F0%2FFT&level=ALL+Courses, https://uob-timetable-api.adriankeenan.co.uk/sessions?dept=CM010&course=BSAIFAAF%2F02AA%2F0%2FFT&level=Foundation+Year]
08-05 21:13:29.557 16441 17579 D Nappa   : F1_SCORE - Prefetch list (0)= []
08-05 21:13:29.557 16441 17579 D Nappa   : F1_SCORE - TP list (0)= []
08-05 21:13:29.557 16441 17579 D Nappa   : F1_SCORE - FN list (3)= [https://uob-timetable-api.adriankeenan.co.uk/courses, https://uob-timetable-api.adriankeenan.co.uk/sessions?dept=BD002&course=CFIEFAAF%2F02AA%2F0%2FFT&level=ALL+Courses, https://uob-timetable-api.adriankeenan.co.uk/sessions?dept=CM010&course=BSAIFAAF%2F02AA%2F0%2FFT&level=Foundation+Year]
08-05 21:13:29.570 16441 16441 D Nappa   : setCurrentActivity - MetricStrategyAccuracy - 
08-05 21:13:29.570 16441 16441 D Nappa   : madePredictionFromActivity = false, 
08-05 21:13:29.570 16441 16441 D Nappa   : fromActivity = nappatfpr.com.ak.uobtimetable.CourseListActivity, 
08-05 21:13:29.570 16441 16441 D Nappa   : predictedNextActivityFromActivity = [], 
08-05 21:13:29.570 16441 16441 D Nappa   : activity.getClass().getCanonicalName() = nappatfpr.com.ak.uobtimetable.MainActivity, 
08-05 21:13:29.570 16441 16441 D Nappa   : setCurrentActivity - MetricStrategyAccuracy - 
08-05 21:13:29.570 16441 16441 D Nappa   : madePredictionFromExtra = true, 
08-05 21:13:29.570 16441 16441 D Nappa   : fromActivity = nappatfpr.com.ak.uobtimetable.CourseListActivity, 
08-05 21:13:29.570 16441 16441 D Nappa   : predictedNextActivityFromExtra = [nappatfpr.com.ak.uobtimetable.MainActivity], 
08-05 21:13:29.570 16441 16441 D Nappa   : activity.getClass().getCanonicalName() = nappatfpr.com.ak.uobtimetable.MainActivity, 
08-05 21:13:29.571 16441 16441 D Nappa   : PREFETCH_ON_EXTRA - setCurrentActivity - logs - from activity - made prediction isfalse
08-05 21:13:29.657 16441 16460 D Nappa   : registerActivity: (already in) nappatfpr.com.ak.uobtimetable.CourseListActivity
08-05 21:13:29.657 16441 16460 D Nappa   : PARENTS 
08-05 21:13:29.657 16441 16460 D Nappa   : Of: nappatfpr.com.ak.uobtimetable.CourseListActivity -> 
08-05 21:13:29.657 16441 16460 D Nappa   : PARENTS nappatfpr.com.ak.uobtimetable.WelcomeActivity
08-05 21:13:29.657 16441 16460 D Nappa   : PARENTS nappatfpr.com.ak.uobtimetable.MainActivity
08-05 21:13:29.657 16441 16460 D Nappa   : PARENTS nappatfpr.com.ak.uobtimetable.CourseListActivity
08-05 21:13:29.657 16441 16460 D Nappa   : PARENTS has extra: (forceRefreshSessions, true)
08-05 21:13:29.671 16441 16441 D Nappa   : registerActivity: (already in) nappatfpr.com.ak.uobtimetable.MainActivity
08-05 21:13:29.671 16441 16441 D Nappa   : SHOULD_PREFETCH true
08-05 21:13:29.772 16441 16441 D Nappa   : registerActivity: (already in) nappatfpr.com.ak.uobtimetable.MainActivity
08-05 21:13:29.772 16441 16441 D Nappa   : SUCCESSORS nappatfpr.com.ak.uobtimetable.WelcomeActivity
08-05 21:13:29.772 16441 16441 D Nappa   : STATS Number of requests not prefetched: 2
08-05 21:13:29.773 16441 16441 D Nappa   : STATS Number of requests prefetched: 1
08-05 21:13:29.773 16441 16441 D Nappa   : STATS Time saved until now: 0.044
08-05 21:13:29.882 16441 16441 D Nappa   : TAG okHttpClient initialized
08-05 21:13:29.971 16441 16460 D Nappa   : PREFETCH_ON_EXTRA - setCurrentActivity - logs - from extra - made prediction istrue
08-05 21:13:29.971 16441 16460 D Nappa   : PREFETCH_ON_EXTRA - setCurrentActivity - logs - from extra - start
08-05 21:13:29.971 16441 16460 D Nappa   : setCurrentActivity - MetricStrategyAccuracy - checking prediction VS current activity for extras
08-05 21:13:29.971 16441 16460 D Nappa   : PREFETCH_ON_EXTRA - setCurrentActivity - logs - from extra- finished
08-05 21:13:30.273 16441 16460 D Nappa   : PREFETCH_ON_EXTRA - setCurrentActivity - starting new prediction
08-05 21:13:30.273 16441 16460 D Nappa   : Current node - currentActivityName - nappatfpr.com.ak.uobtimetable.MainActivity
08-05 21:13:30.273 16441 16460 D Nappa   : Current node - activityGraph.getCurrent() - nappatfpr.com.ak.uobtimetable.MainActivity
08-05 21:13:30.278 16441 16460 D Nappa   : PREFETCH_ON_EXTRA - setCurrentActivity - finished new prediction
08-05 21:13:36.170 16441 16441 D Nappa   : Stayed on nappatfpr.com.ak.uobtimetable.MainActivity for 6397 ms
08-05 21:13:36.225 16441 16441 D Nappa   : setCurrentActivity - MetricStrategyAccuracy - 
08-05 21:13:36.225 16441 16441 D Nappa   : madePredictionFromActivity = true, 
08-05 21:13:36.225 16441 16441 D Nappa   : fromActivity = nappatfpr.com.ak.uobtimetable.MainActivity, 
08-05 21:13:36.225 16441 16441 D Nappa   : predictedNextActivityFromActivity = [nappatfpr.com.ak.uobtimetable.WelcomeActivity], 
08-05 21:13:36.225 16441 16441 D Nappa   : activity.getClass().getCanonicalName() = nappatfpr.com.ak.uobtimetable.CourseListActivity, 
08-05 21:13:36.225 16441 17718 D Nappa   : TAG okHttpClient initialized
08-05 21:13:36.225 16441 16441 D Nappa   : setCurrentActivity - MetricStrategyAccuracy - 
08-05 21:13:36.225 16441 16441 D Nappa   : madePredictionFromExtra = false, 
08-05 21:13:36.225 16441 16441 D Nappa   : fromActivity = nappatfpr.com.ak.uobtimetable.MainActivity, 
08-05 21:13:36.225 16441 16441 D Nappa   : predictedNextActivityFromExtra = [], 
08-05 21:13:36.225 16441 16441 D Nappa   : activity.getClass().getCanonicalName() = nappatfpr.com.ak.uobtimetable.CourseListActivity, 
08-05 21:13:36.226 16441 16441 D Nappa   : PREFETCH_ON_EXTRA - setCurrentActivity - logs - from activity - made prediction istrue
08-05 21:13:36.226 16441 16441 D Nappa   : PREFETCH_ON_EXTRA - setCurrentActivity - logs - from activity - start
08-05 21:13:36.226 16441 16441 D Nappa   : setCurrentActivity - MetricStrategyAccuracy - checking prediction VS current activity for activities
08-05 21:13:36.226 16441 16441 D Nappa   : PREFETCH_ON_EXTRA - setCurrentActivity - logs - from activity- finished
08-05 21:13:36.227 16441 17718 D Nappa   : F1_SCORE add_intercept_url - (already in) - https://uob-timetable-api.adriankeenan.co.uk/courses
08-05 21:13:36.227 16441 17718 D Nappa   : F1_SCORE add_fn_url - (already in) - https://uob-timetable-api.adriankeenan.co.uk/courses
08-05 21:13:36.227 16441 17718 D Nappa   : -------------F1_SCORE #9 -----------
08-05 21:13:36.227 16441 17718 D Nappa   : F1_SCORE - Intercept list (3)= [https://uob-timetable-api.adriankeenan.co.uk/courses, https://uob-timetable-api.adriankeenan.co.uk/sessions?dept=BD002&course=CFIEFAAF%2F02AA%2F0%2FFT&level=ALL+Courses, https://uob-timetable-api.adriankeenan.co.uk/sessions?dept=CM010&course=BSAIFAAF%2F02AA%2F0%2FFT&level=Foundation+Year]
08-05 21:13:36.227 16441 17718 D Nappa   : F1_SCORE - Prefetch list (0)= []
08-05 21:13:36.227 16441 17718 D Nappa   : F1_SCORE - TP list (0)= []
08-05 21:13:36.227 16441 17718 D Nappa   : F1_SCORE - FN list (3)= [https://uob-timetable-api.adriankeenan.co.uk/courses, https://uob-timetable-api.adriankeenan.co.uk/sessions?dept=BD002&course=CFIEFAAF%2F02AA%2F0%2FFT&level=ALL+Courses, https://uob-timetable-api.adriankeenan.co.uk/sessions?dept=CM010&course=BSAIFAAF%2F02AA%2F0%2FFT&level=Foundation+Year]
08-05 21:13:36.327 16441 16441 D Nappa   : registerActivity: (already in) nappatfpr.com.ak.uobtimetable.CourseListActivity
08-05 21:13:36.327 16441 16441 D Nappa   : SHOULD_PREFETCH false
08-05 21:13:36.327 16441 16441 D Nappa   : STATS Number of requests not prefetched: 3
08-05 21:13:36.327 16441 16460 D Nappa   : registerActivity: (already in) nappatfpr.com.ak.uobtimetable.CourseListActivity
08-05 21:13:36.327 16441 16441 D Nappa   : STATS Number of requests prefetched: 2
08-05 21:13:36.327 16441 16441 D Nappa   : STATS Time saved until now: 0.088
08-05 21:13:36.327 16441 16460 D Nappa   : PARENTS 
08-05 21:13:36.327 16441 16460 D Nappa   : Of: nappatfpr.com.ak.uobtimetable.CourseListActivity -> 
08-05 21:13:36.327 16441 16460 D Nappa   : PARENTS nappatfpr.com.ak.uobtimetable.WelcomeActivity
08-05 21:13:36.327 16441 16460 D Nappa   : PARENTS nappatfpr.com.ak.uobtimetable.MainActivity
08-05 21:13:36.327 16441 16460 D Nappa   : PARENTS nappatfpr.com.ak.uobtimetable.CourseListActivity
08-05 21:13:36.327 16441 16460 D Nappa   : PARENTS has extra: (forceRefreshSessions, true)
08-05 21:13:36.627 16441 16460 D Nappa   : PREFETCH_ON_EXTRA - setCurrentActivity - logs - from extra - made prediction isfalse
08-05 21:13:45.075 16441 16460 D Nappa   : PREFETCH_ON_EXTRA - notifyExtras- start
08-05 21:13:45.079 16441 16460 D Nappa   : PREFETCH_ON_EXTRA - notifyExtras- end
08-05 21:13:45.079 16441 16460 D Nappa   : PREFSTRAT2 ADDING NEW ACTEXTRADATA
08-05 21:13:45.096 16441 16441 D Nappa   : Stayed on nappatfpr.com.ak.uobtimetable.CourseListActivity for 8769 ms
08-05 21:13:45.217 16441 17856 D Nappa   : TAG okHttpClient initialized
08-05 21:13:45.219 16441 17856 D Nappa   : F1_SCORE add_intercept_url - (already in) - https://uob-timetable-api.adriankeenan.co.uk/sessions?dept=CM010&course=BSAIFAAF%2F02AA%2F0%2FFT&level=Foundation+Year
08-05 21:13:45.219 16441 17856 D Nappa   : F1_SCORE add_fn_url - (already in) - https://uob-timetable-api.adriankeenan.co.uk/sessions?dept=CM010&course=BSAIFAAF%2F02AA%2F0%2FFT&level=Foundation+Year
08-05 21:13:45.219 16441 17856 D Nappa   : -------------F1_SCORE #11 -----------
08-05 21:13:45.220 16441 17856 D Nappa   : F1_SCORE - Intercept list (3)= [https://uob-timetable-api.adriankeenan.co.uk/courses, https://uob-timetable-api.adriankeenan.co.uk/sessions?dept=BD002&course=CFIEFAAF%2F02AA%2F0%2FFT&level=ALL+Courses, https://uob-timetable-api.adriankeenan.co.uk/sessions?dept=CM010&course=BSAIFAAF%2F02AA%2F0%2FFT&level=Foundation+Year]
08-05 21:13:45.220 16441 17856 D Nappa   : F1_SCORE - Prefetch list (0)= []
08-05 21:13:45.220 16441 17856 D Nappa   : F1_SCORE - TP list (0)= []
08-05 21:13:45.220 16441 17856 D Nappa   : F1_SCORE - FN list (3)= [https://uob-timetable-api.adriankeenan.co.uk/courses, https://uob-timetable-api.adriankeenan.co.uk/sessions?dept=BD002&course=CFIEFAAF%2F02AA%2F0%2FFT&level=ALL+Courses, https://uob-timetable-api.adriankeenan.co.uk/sessions?dept=CM010&course=BSAIFAAF%2F02AA%2F0%2FFT&level=Foundation+Year]
08-05 21:13:45.232 16441 16441 D Nappa   : setCurrentActivity - MetricStrategyAccuracy - 
08-05 21:13:45.232 16441 16441 D Nappa   : madePredictionFromActivity = false, 
08-05 21:13:45.232 16441 16441 D Nappa   : fromActivity = nappatfpr.com.ak.uobtimetable.CourseListActivity, 
08-05 21:13:45.232 16441 16441 D Nappa   : predictedNextActivityFromActivity = [], 
08-05 21:13:45.232 16441 16441 D Nappa   : activity.getClass().getCanonicalName() = nappatfpr.com.ak.uobtimetable.MainActivity, 
08-05 21:13:45.232 16441 16441 D Nappa   : setCurrentActivity - MetricStrategyAccuracy - 
08-05 21:13:45.232 16441 16441 D Nappa   : madePredictionFromExtra = true, 
08-05 21:13:45.232 16441 16441 D Nappa   : fromActivity = nappatfpr.com.ak.uobtimetable.CourseListActivity, 
08-05 21:13:45.232 16441 16441 D Nappa   : predictedNextActivityFromExtra = [nappatfpr.com.ak.uobtimetable.MainActivity], 
08-05 21:13:45.232 16441 16441 D Nappa   : activity.getClass().getCanonicalName() = nappatfpr.com.ak.uobtimetable.MainActivity, 
08-05 21:13:45.232 16441 16441 D Nappa   : PREFETCH_ON_EXTRA - setCurrentActivity - logs - from activity - made prediction isfalse
08-05 21:13:45.319 16441 16460 D Nappa   : registerActivity: (already in) nappatfpr.com.ak.uobtimetable.CourseListActivity
08-05 21:13:45.320 16441 16460 D Nappa   : PARENTS 
08-05 21:13:45.320 16441 16460 D Nappa   : Of: nappatfpr.com.ak.uobtimetable.CourseListActivity -> 
08-05 21:13:45.320 16441 16460 D Nappa   : PARENTS nappatfpr.com.ak.uobtimetable.WelcomeActivity
08-05 21:13:45.320 16441 16460 D Nappa   : PARENTS nappatfpr.com.ak.uobtimetable.MainActivity
08-05 21:13:45.320 16441 16460 D Nappa   : PARENTS nappatfpr.com.ak.uobtimetable.CourseListActivity
08-05 21:13:45.320 16441 16460 D Nappa   : PARENTS has extra: (forceRefreshSessions, true)
08-05 21:13:45.333 16441 16441 D Nappa   : registerActivity: (already in) nappatfpr.com.ak.uobtimetable.MainActivity
08-05 21:13:45.333 16441 16441 D Nappa   : SHOULD_PREFETCH true
08-05 21:13:45.433 16441 16441 D Nappa   : registerActivity: (already in) nappatfpr.com.ak.uobtimetable.MainActivity
08-05 21:13:45.434 16441 16441 D Nappa   : SUCCESSORS nappatfpr.com.ak.uobtimetable.WelcomeActivity
08-05 21:13:45.434 16441 16441 D Nappa   : STATS Number of requests not prefetched: 3
08-05 21:13:45.434 16441 16441 D Nappa   : STATS Number of requests prefetched: 3
08-05 21:13:45.434 16441 16441 D Nappa   : STATS Time saved until now: 0.143
08-05 21:13:45.526 16441 16441 D Nappa   : TAG okHttpClient initialized
08-05 21:13:45.633 16441 16460 D Nappa   : PREFETCH_ON_EXTRA - setCurrentActivity - logs - from extra - made prediction istrue
08-05 21:13:45.633 16441 16460 D Nappa   : PREFETCH_ON_EXTRA - setCurrentActivity - logs - from extra - start
08-05 21:13:45.633 16441 16460 D Nappa   : setCurrentActivity - MetricStrategyAccuracy - checking prediction VS current activity for extras
08-05 21:13:45.633 16441 16460 D Nappa   : PREFETCH_ON_EXTRA - setCurrentActivity - logs - from extra- finished
08-05 21:13:45.935 16441 16460 D Nappa   : PREFETCH_ON_EXTRA - setCurrentActivity - starting new prediction
08-05 21:13:45.935 16441 16460 D Nappa   : Current node - currentActivityName - nappatfpr.com.ak.uobtimetable.MainActivity
08-05 21:13:45.935 16441 16460 D Nappa   : Current node - activityGraph.getCurrent() - nappatfpr.com.ak.uobtimetable.MainActivity
08-05 21:13:45.941 16441 16460 D Nappa   : PREFETCH_ON_EXTRA - setCurrentActivity - finished new prediction
