08-05 22:47:34.307 10921 11494 I NAPPA_EXPERIMENTATION: MetricNetworkRequestExecutionTime: REQUEST_DURATION_SYSTEM='147',REQUEST_DURATION_OKHTTP='147',REQUEST_SYNCHRONOUS='TRUE',RESPONSE_CODE='200',RESPONSE_METHOD='GET',RESPONSE_LENGTH_OKHTTP='687',RESPONSE_LENGTH_HEADER='-2',REQUEST_PROTOCOL='http/1.1',REQUEST_URL='https://hacker-news.firebaseio.com/v0/item/23970204.json',
08-05 22:47:34.311 10921 11494 D OkHttp  : <-- 200 OK https://hacker-news.firebaseio.com/v0/item/23970204.json (835ms)
08-05 22:47:34.311 10921 11494 D OkHttp  : Server: nginx
08-05 22:47:34.311 10921 11494 D OkHttp  : Date: Wed, 05 Aug 2020 20:47:30 GMT
08-05 22:47:34.311 10921 11494 D OkHttp  : Content-Type: application/json; charset=utf-8
08-05 22:47:34.311 10921 11494 D OkHttp  : Content-Length: 687
08-05 22:47:34.311 10921 11494 D OkHttp  : Connection: keep-alive
08-05 22:47:34.311 10921 11494 D OkHttp  : Access-Control-Allow-Origin: *
08-05 22:47:34.311 10921 11494 D OkHttp  : Strict-Transport-Security: max-age=31556926; includeSubDomains; preload
08-05 22:47:34.311 10921 11494 D OkHttp  : Cache-Control: Cache-Control: max-age=1800
08-05 22:47:34.312 10921 11537 D OkHttp  : Cache-Control: Cache-Control: max-age=1800
08-05 22:47:34.325 10921 11530 D MYTAG   : interceptor 1
08-05 22:47:34.326 10921 11530 I NAPPA_EXPERIMENTATION: MetricNetworkRequestExecutionTime: REQUEST_DURATION_SYSTEM='171',REQUEST_DURATION_OKHTTP='170',REQUEST_SYNCHRONOUS='TRUE',RESPONSE_CODE='200',RESPONSE_METHOD='GET',RESPONSE_LENGTH_OKHTTP='854',RESPONSE_LENGTH_HEADER='-2',REQUEST_PROTOCOL='http/1.1',REQUEST_URL='https://hacker-news.firebaseio.com/v0/item/23971815.json',
08-05 22:47:34.329 10921 11530 D OkHttp  : <-- 200 OK https://hacker-news.firebaseio.com/v0/item/23971815.json (805ms)
08-05 22:47:34.329 10921 11530 D OkHttp  : Server: nginx
08-05 22:47:34.329 10921 11530 D OkHttp  : Date: Wed, 05 Aug 2020 20:47:30 GMT
08-05 22:47:34.329 10921 11530 D OkHttp  : Content-Type: application/json; charset=utf-8
08-05 22:47:34.329 10921 11530 D OkHttp  : Content-Length: 854
08-05 22:47:34.329 10921 11530 D OkHttp  : Connection: keep-alive
08-05 22:47:34.329 10921 11530 D OkHttp  : Access-Control-Allow-Origin: *
08-05 22:47:34.329 10921 11530 D OkHttp  : Strict-Transport-Security: max-age=31556926; includeSubDomains; preload
08-05 22:47:34.329 10921 11530 D OkHttp  : Cache-Control: Cache-Control: max-age=1800
08-05 22:47:34.340 10921 11537 D OkHttp  : {"by":"mjayhn","id":23970080,"parent":23970041,"text":"This hit a bunch of us about a year ago, maybe two years, I forget. It was incredibly annoying and made me completely stop relying on gmail for calendar stuff.","time":1595888311,"type":"comment"}
08-05 22:47:34.340 10921 11537 D OkHttp  : <-- END HTTP (251-byte body)
08-05 22:47:34.350 10921 11494 D OkHttp  : {"by":"aahhahahaaa","id":23970204,"kids":[23970271],"parent":23970041,"text":"They have not fixed it.<p>I wish I could turn off the feature entirely, but I still occasionally get Russian spam events on my calendar. They also try to notify me at ~3am (fortunately I turn notifications completely off at night).<p>The emails themselves land in my spam folder... but no one said &quot;hey, maybe calendar events shouldn&#x27;t be created from the spam folder&quot; at inception, so I guess it&#x27;ll never be implemented.<p>I report them as spam when I get them, but I also discovered that I can&#x27;t report calendar events as spam in the mobile app.","time":1595889206,"type":"comment"}
08-05 22:47:34.350 10921 11494 D OkHttp  : <-- END HTTP (687-byte body)
08-05 22:47:34.351 10921 11528 D OkHttp  : <-- HTTP FAILED: java.io.IOException: unexpected end of stream on https://hacker-news.firebaseio.com/...
08-05 22:47:34.359 10921 10972 D MYTAG   : interceptor 1
08-05 22:47:34.360 10921 10972 I NAPPA_EXPERIMENTATION: MetricNetworkRequestExecutionTime: REQUEST_DURATION_SYSTEM='191',REQUEST_DURATION_OKHTTP='191',REQUEST_SYNCHRONOUS='TRUE',RESPONSE_CODE='200',RESPONSE_METHOD='GET',RESPONSE_LENGTH_OKHTTP='370',RESPONSE_LENGTH_HEADER='-2',REQUEST_PROTOCOL='http/1.1',REQUEST_URL='https://hacker-news.firebaseio.com/v0/item/23970366.json',
08-05 22:47:34.361 10921 11530 D OkHttp  : {"by":"toss1","id":23971815,"kids":[23972704,23971966],"parent":23970041,"text":"Another lovely Google feature that lasted for about 10sec. after I discovered it:<p>Booked a flight, got the receipt through Gmail.  Google then auto-populated my calendar with the flights - fine.  They also populated it with a hotel reservation, and a link saying I hadn&#x27;t yet confirmed the reservation for Hilton.  I was going to stay with family, w&#x2F;no intention of staying in a hotel.  I couldn&#x27;t believe the blatant hijacking and spamming involved here from my private info - bad enough if they&#x27;d merely spammed a hotel advert for those dates.<p>Contacted Google, no way to turn it off without turning off the entire feature.  Done. Permanently.<p>I couldn&#x27;t believe anyone could think this was a good idea.","time":1595904352,"type":"comment"}
08-05 22:47:34.362 10921 11530 D OkHttp  : <-- END HTTP (854-byte body)
08-05 22:47:34.364 10921 10972 D OkHttp  : <-- 200 OK https://hacker-news.firebaseio.com/v0/item/23970366.json (857ms)
08-05 22:47:34.364 10921 10972 D OkHttp  : Server: nginx
08-05 22:47:34.364 10921 10972 D OkHttp  : Date: Wed, 05 Aug 2020 20:47:30 GMT
08-05 22:47:34.364 10921 10972 D OkHttp  : Content-Type: application/json; charset=utf-8
08-05 22:47:34.364 10921 10972 D OkHttp  : Content-Length: 370
08-05 22:47:34.364 10921 10972 D OkHttp  : Connection: keep-alive
08-05 22:47:34.364 10921 10972 D OkHttp  : Access-Control-Allow-Origin: *
08-05 22:47:34.364 10921 10972 D OkHttp  : Strict-Transport-Security: max-age=31556926; includeSubDomains; preload
08-05 22:47:34.364 10921 10972 D OkHttp  : Cache-Control: Cache-Control: max-age=1800
08-05 22:47:34.366 10921 11505 D OkHttp  : --> GET https://hacker-news.firebaseio.com/v0/item/23970303.json
08-05 22:47:34.367 10921 11505 D OkHttp  : Cache-Control: max-age=1800
08-05 22:47:34.367 10921 11505 D OkHttp  : --> END GET
08-05 22:47:34.392 10921 11527 D OkHttp  : <-- HTTP FAILED: java.io.IOException: unexpected end of stream on https://hacker-news.firebaseio.com/...
08-05 22:47:34.398 10921 11482 D MYTAG   : interceptor 1
08-05 22:47:34.398 10921 11482 I NAPPA_EXPERIMENTATION: MetricNetworkRequestExecutionTime: REQUEST_DURATION_SYSTEM='232',REQUEST_DURATION_OKHTTP='232',REQUEST_SYNCHRONOUS='TRUE',RESPONSE_CODE='200',RESPONSE_METHOD='GET',RESPONSE_LENGTH_OKHTTP='530',RESPONSE_LENGTH_HEADER='-2',REQUEST_PROTOCOL='http/1.1',REQUEST_URL='https://hacker-news.firebaseio.com/v0/item/23970083.json',
08-05 22:47:34.401 10921 10972 D OkHttp  : {"by":"malwarebytess","id":23970366,"kids":[23970459],"parent":23970041,"text":"I still get this. It was bad enough on my &quot;sign up for shit&quot; email address that I had to disconnect that account from my smartphone because it kept spamming me with notifications in my calendar to &quot;earn $1500 a week working at home!&quot;","time":1595890440,"type":"comment"}
08-05 22:47:34.401 10921 10972 D OkHttp  : <-- END HTTP (370-byte body)
08-05 22:47:34.401 10921 11540 D MYTAG   : interceptor 1
08-05 22:47:34.402 10921 11540 I NAPPA_EXPERIMENTATION: MetricNetworkRequestExecutionTime: REQUEST_DURATION_SYSTEM='238',REQUEST_DURATION_OKHTTP='238',REQUEST_SYNCHRONOUS='TRUE',RESPONSE_CODE='200',RESPONSE_METHOD='GET',RESPONSE_LENGTH_OKHTTP='501',RESPONSE_LENGTH_HEADER='-2',REQUEST_PROTOCOL='http/1.1',REQUEST_URL='https://hacker-news.firebaseio.com/v0/item/23970236.json',
08-05 22:47:34.403 10921 11482 D OkHttp  : <-- 200 OK https://hacker-news.firebaseio.com/v0/item/23970083.json (886ms)
08-05 22:47:34.404 10921 11482 D OkHttp  : Server: nginx
08-05 22:47:34.404 10921 11482 D OkHttp  : Date: Wed, 05 Aug 2020 20:47:30 GMT
08-05 22:47:34.404 10921 11482 D OkHttp  : Content-Type: application/json; charset=utf-8
08-05 22:47:34.404 10921 11482 D OkHttp  : Content-Length: 530
08-05 22:47:34.404 10921 11482 D OkHttp  : Connection: keep-alive
08-05 22:47:34.404 10921 11482 D OkHttp  : Access-Control-Allow-Origin: *
08-05 22:47:34.404 10921 11482 D OkHttp  : Strict-Transport-Security: max-age=31556926; includeSubDomains; preload
08-05 22:47:34.404 10921 11482 D OkHttp  : Cache-Control: Cache-Control: max-age=1800
08-05 22:47:34.405 10921 11540 D OkHttp  : <-- 200 OK https://hacker-news.firebaseio.com/v0/item/23970236.json (938ms)
08-05 22:47:34.405 10921 11540 D OkHttp  : Server: nginx
08-05 22:47:34.405 10921 11540 D OkHttp  : Date: Wed, 05 Aug 2020 20:47:30 GMT
08-05 22:47:34.405 10921 11540 D OkHttp  : Content-Type: application/json; charset=utf-8
08-05 22:47:34.405 10921 11540 D OkHttp  : Content-Length: 501
08-05 22:47:34.405 10921 11540 D OkHttp  : Connection: keep-alive
08-05 22:47:34.405 10921 11540 D OkHttp  : Access-Control-Allow-Origin: *
08-05 22:47:34.405 10921 11540 D OkHttp  : Strict-Transport-Security: max-age=31556926; includeSubDomains; preload
08-05 22:47:34.405 10921 11540 D OkHttp  : Cache-Control: Cache-Control: max-age=1800
08-05 22:47:34.417 10921 11502 D MYTAG   : interceptor 1
08-05 22:47:34.417 10921 11502 I NAPPA_EXPERIMENTATION: MetricNetworkRequestExecutionTime: REQUEST_DURATION_SYSTEM='259',REQUEST_DURATION_OKHTTP='259',REQUEST_SYNCHRONOUS='TRUE',RESPONSE_CODE='200',RESPONSE_METHOD='GET',RESPONSE_LENGTH_OKHTTP='236',RESPONSE_LENGTH_HEADER='-2',REQUEST_PROTOCOL='http/1.1',REQUEST_URL='https://hacker-news.firebaseio.com/v0/item/23970116.json',
08-05 22:47:34.420 10921 11502 D OkHttp  : <-- 200 OK https://hacker-news.firebaseio.com/v0/item/23970116.json (880ms)
08-05 22:47:34.420 10921 11502 D OkHttp  : Server: nginx
08-05 22:47:34.420 10921 11502 D OkHttp  : Date: Wed, 05 Aug 2020 20:47:30 GMT
08-05 22:47:34.420 10921 11502 D OkHttp  : Content-Type: application/json; charset=utf-8
08-05 22:47:34.420 10921 11502 D OkHttp  : Content-Length: 236
08-05 22:47:34.420 10921 11502 D OkHttp  : Connection: keep-alive
08-05 22:47:34.420 10921 11502 D OkHttp  : Access-Control-Allow-Origin: *
08-05 22:47:34.420 10921 11502 D OkHttp  : Strict-Transport-Security: max-age=31556926; includeSubDomains; preload
08-05 22:47:34.420 10921 11502 D OkHttp  : Cache-Control: Cache-Control: max-age=1800
08-05 22:47:34.421 10921 10971 D MYTAG   : interceptor 1
08-05 22:47:34.422 10921 10971 I NAPPA_EXPERIMENTATION: MetricNetworkRequestExecutionTime: REQUEST_DURATION_SYSTEM='232',REQUEST_DURATION_OKHTTP='232',REQUEST_SYNCHRONOUS='TRUE',RESPONSE_CODE='200',RESPONSE_METHOD='GET',RESPONSE_LENGTH_OKHTTP='231',RESPONSE_LENGTH_HEADER='-2',REQUEST_PROTOCOL='http/1.1',REQUEST_URL='https://hacker-news.firebaseio.com/v0/item/23972060.json',
08-05 22:47:34.424 10921 10971 D OkHttp  : <-- 200 OK https://hacker-news.firebaseio.com/v0/item/23972060.json (892ms)
08-05 22:47:34.425 10921 10971 D OkHttp  : Server: nginx
08-05 22:47:34.425 10921 10971 D OkHttp  : Date: Wed, 05 Aug 2020 20:47:30 GMT
08-05 22:47:34.425 10921 10971 D OkHttp  : Content-Type: application/json; charset=utf-8
08-05 22:47:34.425 10921 10971 D OkHttp  : Content-Length: 231
08-05 22:47:34.425 10921 10971 D OkHttp  : Connection: keep-alive
08-05 22:47:34.425 10921 10971 D OkHttp  : Access-Control-Allow-Origin: *
08-05 22:47:34.425 10921 10971 D OkHttp  : Strict-Transport-Security: max-age=31556926; includeSubDomains; preload
08-05 22:47:34.425 10921 10971 D OkHttp  : Cache-Control: Cache-Control: max-age=1800
08-05 22:47:34.428 10921 11492 D MYTAG   : interceptor 1
08-05 22:47:34.428 10921 11492 I NAPPA_EXPERIMENTATION: MetricNetworkRequestExecutionTime: REQUEST_DURATION_SYSTEM='224',REQUEST_DURATION_OKHTTP='224',REQUEST_SYNCHRONOUS='TRUE',RESPONSE_CODE='200',RESPONSE_METHOD='GET',RESPONSE_LENGTH_OKHTTP='440',RESPONSE_LENGTH_HEADER='-2',REQUEST_PROTOCOL='http/1.1',REQUEST_URL='https://hacker-news.firebaseio.com/v0/item/23969822.json',
08-05 22:47:34.431 10921 11492 D OkHttp  : <-- 200 OK https://hacker-news.firebaseio.com/v0/item/23969822.json (882ms)
08-05 22:47:34.431 10921 11492 D OkHttp  : Server: nginx
08-05 22:47:34.431 10921 11492 D OkHttp  : Date: Wed, 05 Aug 2020 20:47:30 GMT
08-05 22:47:34.431 10921 11492 D OkHttp  : Content-Type: application/json; charset=utf-8
08-05 22:47:34.431 10921 11492 D OkHttp  : Content-Length: 440
08-05 22:47:34.431 10921 11492 D OkHttp  : Connection: keep-alive
08-05 22:47:34.431 10921 11492 D OkHttp  : Access-Control-Allow-Origin: *
08-05 22:47:34.431 10921 11492 D OkHttp  : Strict-Transport-Security: max-age=31556926; includeSubDomains; preload
08-05 22:47:34.431 10921 11492 D OkHttp  : Cache-Control: Cache-Control: max-age=1800
08-05 22:47:34.436 10921 11483 D MYTAG   : interceptor 1
08-05 22:47:34.437 10921 11483 I NAPPA_EXPERIMENTATION: MetricNetworkRequestExecutionTime: REQUEST_DURATION_SYSTEM='235',REQUEST_DURATION_OKHTTP='235',REQUEST_SYNCHRONOUS='TRUE',RESPONSE_CODE='200',RESPONSE_METHOD='GET',RESPONSE_LENGTH_OKHTTP='290',RESPONSE_LENGTH_HEADER='-2',REQUEST_PROTOCOL='http/1.1',REQUEST_URL='https://hacker-news.firebaseio.com/v0/item/23970864.json',
08-05 22:47:34.441 10921 11482 D OkHttp  : {"by":"dmurray","id":23970083,"parent":23970041,"text":"I used to get these in Russian (I don&#x27;t speak Russian and have no links with Russia). The worst part was I couldn&#x27;t delete them from the Android app, which is like probably everyone else the only place I ever see my Google calendar. The functionality to delete them was hidden at calendar.google.com or somewhere I&#x27;d never had occasion to use. I don&#x27;t get this spam any more, so I guess Google fixed it at some level.","time":1595888359,"type":"comment"}
08-05 22:47:34.441 10921 11482 D OkHttp  : <-- END HTTP (530-byte body)
08-05 22:47:34.444 10921 11540 D OkHttp  : {"by":"erichurkman","id":23970236,"kids":[23971214,23971557,23970862,23970298],"parent":23970041,"text":"It&#x27;s used not just by spammers, but by sales reps, too.<p>Dell recently did this to about half a dozen people on my team. &#x27;Q2 Budget Review&#x27;, which sounds official, but is really a Dell rep trying to sell you junk that magically pops up on your calendar _even if you mark their message as spam_.<p>Dirty way to get by executive assistants, too.","time":1595889428,"type":"comment"}
08-05 22:47:34.444 10921 11540 D OkHttp  : <-- END HTTP (501-byte body)
08-05 22:47:34.444 10921 11535 D MYTAG   : interceptor 1
08-05 22:47:34.444 10921 11535 I NAPPA_EXPERIMENTATION: MetricNetworkRequestExecutionTime: REQUEST_DURATION_SYSTEM='249',REQUEST_DURATION_OKHTTP='249',REQUEST_SYNCHRONOUS='TRUE',RESPONSE_CODE='200',RESPONSE_METHOD='GET',RESPONSE_LENGTH_OKHTTP='294',RESPONSE_LENGTH_HEADER='-2',REQUEST_PROTOCOL='http/1.1',REQUEST_URL='https://hacker-news.firebaseio.com/v0/item/23971544.json',
08-05 22:47:34.447 10921 11483 D OkHttp  : <-- 200 OK https://hacker-news.firebaseio.com/v0/item/23970864.json (948ms)
08-05 22:47:34.447 10921 11483 D OkHttp  : Server: nginx
08-05 22:47:34.447 10921 11483 D OkHttp  : Date: Wed, 05 Aug 2020 20:47:30 GMT
08-05 22:47:34.447 10921 11483 D OkHttp  : Content-Type: application/json; charset=utf-8
08-05 22:47:34.447 10921 11483 D OkHttp  : Content-Length: 290
08-05 22:47:34.447 10921 11483 D OkHttp  : Connection: keep-alive
08-05 22:47:34.447 10921 11483 D OkHttp  : Access-Control-Allow-Origin: *
08-05 22:47:34.447 10921 11483 D OkHttp  : Strict-Transport-Security: max-age=31556926; includeSubDomains; preload
08-05 22:47:34.447 10921 11483 D OkHttp  : Cache-Control: Cache-Control: max-age=1800
08-05 22:47:34.447 10921 11535 D OkHttp  : <-- 200 OK https://hacker-news.firebaseio.com/v0/item/23971544.json (956ms)
08-05 22:47:34.447 10921 11535 D OkHttp  : Server: nginx
08-05 22:47:34.448 10921 11535 D OkHttp  : Date: Wed, 05 Aug 2020 20:47:30 GMT
08-05 22:47:34.448 10921 11535 D OkHttp  : Content-Type: application/json; charset=utf-8
08-05 22:47:34.448 10921 11535 D OkHttp  : Content-Length: 294
08-05 22:47:34.448 10921 11535 D OkHttp  : Connection: keep-alive
08-05 22:47:34.448 10921 11535 D OkHttp  : Access-Control-Allow-Origin: *
08-05 22:47:34.448 10921 11535 D OkHttp  : Strict-Transport-Security: max-age=31556926; includeSubDomains; preload
08-05 22:47:34.448 10921 11535 D OkHttp  : Cache-Control: Cache-Control: max-age=1800
08-05 22:47:34.450 10921 11502 D OkHttp  : {"by":"4kevinking","id":23970116,"kids":[23972495,23970275],"parent":23970041,"text":"I&#x27;m actually getting this spam now (started a couple months ago). Would love advice on how to get rid of it!","time":1595888613,"type":"comment"}
08-05 22:47:34.450 10921 11502 D OkHttp  : <-- END HTTP (236-byte body)
08-05 22:47:34.456 10921 11505 D MYTAG   : interceptor 1
08-05 22:47:34.457 10921 11505 I NAPPA_EXPERIMENTATION: MetricNetworkRequestExecutionTime: REQUEST_DURATION_SYSTEM='88',REQUEST_DURATION_OKHTTP='88',REQUEST_SYNCHRONOUS='TRUE',RESPONSE_CODE='200',RESPONSE_METHOD='GET',RESPONSE_LENGTH_OKHTTP='419',RESPONSE_LENGTH_HEADER='-2',REQUEST_PROTOCOL='http/1.1',REQUEST_URL='https://hacker-news.firebaseio.com/v0/item/23970303.json',
08-05 22:47:34.461 10921 10971 D OkHttp  : {"by":"ethagnawl","id":23972060,"parent":23970041,"text":"I&#x27;d been wondering about this phenomenon for years. However, it happened infrequently and was never enough of a bother to dig into.","time":1595907758,"type":"comment"}
08-05 22:47:34.461 10921 10971 D OkHttp  : <-- END HTTP (231-byte body)
08-05 22:47:34.463 10921 11505 D OkHttp  : <-- 200 OK https://hacker-news.firebaseio.com/v0/item/23970303.json (96ms)
08-05 22:47:34.463 10921 11505 D OkHttp  : Server: nginx
08-05 22:47:34.463 10921 11505 D OkHttp  : Date: Wed, 05 Aug 2020 20:47:30 GMT
08-05 22:47:34.464 10921 11505 D OkHttp  : Content-Type: application/json; charset=utf-8
08-05 22:47:34.464 10921 11505 D OkHttp  : Content-Length: 419
08-05 22:47:34.464 10921 11505 D OkHttp  : Connection: keep-alive
08-05 22:47:34.464 10921 11505 D OkHttp  : Access-Control-Allow-Origin: *
08-05 22:47:34.464 10921 11505 D OkHttp  : Strict-Transport-Security: max-age=31556926; includeSubDomains; preload
08-05 22:47:34.464 10921 11505 D OkHttp  : Cache-Control: Cache-Control: max-age=1800
08-05 22:47:34.470 10921 11492 D OkHttp  : {"by":"pedrocx486","id":23969822,"kids":[23969892],"parent":23969718,"text":"Oh god. I got COMPLETELY derailed by this last month. My girlfriend&#x27;s son was using my tablet (which is logged on my main Google account) and recently I was being victim of this, and suddenly he asked me &quot;what&#x27;s a bussy?&quot;<p>I never logged my account out of an device so fast. Google needs to fix this crap.","time":1595886642,"type":"comment"}
08-05 22:47:34.470 10921 11492 D OkHttp  : <-- END HTTP (440-byte body)
08-05 22:47:34.471 10921 11483 D OkHttp  : {"by":"wincy","id":23970864,"parent":23970041,"text":"You just reminded me why I decoupled my google calendar from my iPhone calendar a few years ago. Just the other day I was thinking I’d like them up, but something made me feel like I shouldn’t...","time":1595895125,"type":"comment"}
08-05 22:47:34.471 10921 11483 D OkHttp  : <-- END HTTP (290-byte body)
08-05 22:47:34.474 10921 10962 D OkHttp  : --> GET https://hacker-news.firebaseio.com/v0/item/23970271.json
08-05 22:47:34.474 10921 10962 D OkHttp  : Cache-Control: max-age=1800
08-05 22:47:34.474 10921 10962 D OkHttp  : --> END GET
08-05 22:47:34.480 10921 11535 D OkHttp  : {"by":"Simulacra","id":23971544,"kids":[23972258,23972889],"parent":23970041,"text":"Google has very little incentive to fix the problem, and outsourced support personnel have even less incentive to care. The entire google forums read like passing the buck.","time":1595901406,"type":"comment"}
08-05 22:47:34.480 10921 11535 D OkHttp  : <-- END HTTP (294-byte body)
08-05 22:47:34.485 10921 10934 I art     : Starting a blocking GC Explicit
08-05 22:47:34.486 10921 11520 D OkHttp  : <-- HTTP FAILED: java.io.IOException: unexpected end of stream on https://hacker-news.firebaseio.com/...
08-05 22:47:34.491 10921 11505 D OkHttp  : {"by":"bgorman","id":23970303,"parent":23969718,"text":"I have been getting documents with titles that seem like pornography shared with me recently as well. It is truly infuriating because I can&#x27;t tell where they are coming from. It seems like this started around ~6 months ago. I think there is a report as spam option, but it doesn&#x27;t seem to have stopped the onslaught.","time":1595889894,"type":"comment"}
08-05 22:47:34.491 10921 11505 D OkHttp  : <-- END HTTP (419-byte body)
08-05 22:47:34.522 10921 10962 D MYTAG   : interceptor 1
08-05 22:47:34.523 10921 10962 I NAPPA_EXPERIMENTATION: MetricNetworkRequestExecutionTime: REQUEST_DURATION_SYSTEM='46',REQUEST_DURATION_OKHTTP='46',REQUEST_SYNCHRONOUS='TRUE',RESPONSE_CODE='200',RESPONSE_METHOD='GET',RESPONSE_LENGTH_OKHTTP='623',RESPONSE_LENGTH_HEADER='-2',REQUEST_PROTOCOL='http/1.1',REQUEST_URL='https://hacker-news.firebaseio.com/v0/item/23970271.json',
08-05 22:47:34.525 10921 10962 D OkHttp  : <-- 200 OK https://hacker-news.firebaseio.com/v0/item/23970271.json (51ms)
08-05 22:47:34.526 10921 10962 D OkHttp  : Server: nginx
08-05 22:47:34.526 10921 10962 D OkHttp  : Date: Wed, 05 Aug 2020 20:47:30 GMT
08-05 22:47:34.526 10921 10962 D OkHttp  : Content-Type: application/json; charset=utf-8
08-05 22:47:34.526 10921 10962 D OkHttp  : Content-Length: 623
08-05 22:47:34.526 10921 10962 D OkHttp  : Connection: keep-alive
08-05 22:47:34.526 10921 10962 D OkHttp  : Access-Control-Allow-Origin: *
08-05 22:47:34.526 10921 10962 D OkHttp  : Strict-Transport-Security: max-age=31556926; includeSubDomains; preload
08-05 22:47:34.526 10921 10962 D OkHttp  : Cache-Control: Cache-Control: max-age=1800
08-05 22:47:34.543 10921 11495 D OkHttp  : --> GET https://hacker-news.firebaseio.com/v0/item/23972704.json
08-05 22:47:34.543 10921 11495 D OkHttp  : Cache-Control: max-age=1800
08-05 22:47:34.543 10921 11495 D OkHttp  : --> END GET
08-05 22:47:34.556 10921 10970 D OkHttp  : --> GET https://hacker-news.firebaseio.com/v0/item/23971966.json
08-05 22:47:34.556 10921 10934 I art     : Explicit concurrent mark sweep GC freed 46877(2MB) AllocSpace objects, 14(280KB) LOS objects, 32% free, 33MB/49MB, paused 3.027ms total 69.930ms
08-05 22:47:34.556 10921 10970 D OkHttp  : Cache-Control: max-age=1800
08-05 22:47:34.556 10921 10970 D OkHttp  : --> END GET
08-05 22:47:34.560 10921 10962 D OkHttp  : {"by":"fpgaminer","id":23970271,"parent":23970204,"text":"If it&#x27;s any help, I _think_ this is the guide I used to disable the feature: <a href=\"https:&#x2F;&#x2F;lifehacker.com&#x2F;how-to-keep-spam-out-of-your-google-calendar-1835810050\" rel=\"nofollow\">https:&#x2F;&#x2F;lifehacker.com&#x2F;how-to-keep-spam-out-of-your-google-c...</a><p>It was awhile ago, but that looks like the right link and jives with my current settings.  I don&#x27;t get any more spam on my calendar, but obviously need to manually respond Yes to any email invites to get them to show on the calendar.","time":1595889643,"type":"comment"}
08-05 22:47:34.560 10921 10962 D OkHttp  : <-- END HTTP (623-byte body)
08-05 22:47:34.571 10921 10934 I art     : Starting a blocking GC Explicit
08-05 22:47:34.604 10921 10968 D OkHttp  : --> GET https://hacker-news.firebaseio.com/v0/item/23970459.json
08-05 22:47:34.604 10921 10968 D OkHttp  : Cache-Control: max-age=1800
08-05 22:47:34.604 10921 10968 D OkHttp  : --> END GET
08-05 22:47:34.615 10921 11539 D OkHttp  : <-- HTTP FAILED: java.io.IOException: unexpected end of stream on https://hacker-news.firebaseio.com/...
08-05 22:47:34.618 10921 11503 D OkHttp  : <-- HTTP FAILED: java.io.IOException: unexpected end of stream on https://hacker-news.firebaseio.com/...
08-05 22:47:34.631 10921 10934 I art     : Explicit concurrent mark sweep GC freed 5829(351KB) AllocSpace objects, 1(20KB) LOS objects, 32% free, 33MB/49MB, paused 2.582ms total 58.976ms
08-05 22:47:34.635 10921 10977 D OkHttp  : --> GET https://hacker-news.firebaseio.com/v0/item/23971214.json
08-05 22:47:34.635 10921 10977 D OkHttp  : Cache-Control: max-age=1800
08-05 22:47:34.635 10921 10977 D OkHttp  : --> END GET
08-05 22:47:34.645 10921 10938 D OkHttp  : --> GET https://hacker-news.firebaseio.com/v0/item/23971557.json
08-05 22:47:34.645 10921 10938 D OkHttp  : Cache-Control: max-age=1800
08-05 22:47:34.645 10921 10938 D OkHttp  : --> END GET
08-05 22:47:34.646 10921 10934 I art     : Starting a blocking GC Explicit
08-05 22:47:34.655 10921 10959 D OkHttp  : --> GET https://hacker-news.firebaseio.com/v0/item/23970862.json
08-05 22:47:34.655 10921 10959 D OkHttp  : Cache-Control: max-age=1800
08-05 22:47:34.655 10921 10959 D OkHttp  : --> END GET
08-05 22:47:34.665 10921 11533 D OkHttp  : --> GET https://hacker-news.firebaseio.com/v0/item/23970298.json
08-05 22:47:34.665 10921 11533 D OkHttp  : Cache-Control: max-age=1800
08-05 22:47:34.665 10921 11533 D OkHttp  : --> END GET
08-05 22:47:34.687 10921 10968 D MYTAG   : interceptor 1
08-05 22:47:34.687 10921 10968 I NAPPA_EXPERIMENTATION: MetricNetworkRequestExecutionTime: REQUEST_DURATION_SYSTEM='82',REQUEST_DURATION_OKHTTP='82',REQUEST_SYNCHRONOUS='TRUE',RESPONSE_CODE='200',RESPONSE_METHOD='GET',RESPONSE_LENGTH_OKHTTP='300',RESPONSE_LENGTH_HEADER='-2',REQUEST_PROTOCOL='http/1.1',REQUEST_URL='https://hacker-news.firebaseio.com/v0/item/23970459.json',
08-05 22:47:34.693 10921 10968 D OkHttp  : <-- 200 OK https://hacker-news.firebaseio.com/v0/item/23970459.json (89ms)
08-05 22:47:34.694 10921 10968 D OkHttp  : Server: nginx
08-05 22:47:34.694 10921 10968 D OkHttp  : Date: Wed, 05 Aug 2020 20:47:30 GMT
08-05 22:47:34.694 10921 10968 D OkHttp  : Content-Type: application/json; charset=utf-8
08-05 22:47:34.694 10921 10968 D OkHttp  : Content-Length: 300
08-05 22:47:34.694 10921 10968 D OkHttp  : Connection: keep-alive
08-05 22:47:34.694 10921 10968 D OkHttp  : Access-Control-Allow-Origin: *
08-05 22:47:34.694 10921 10968 D OkHttp  : Strict-Transport-Security: max-age=31556926; includeSubDomains; preload
08-05 22:47:34.694 10921 10968 D OkHttp  : Cache-Control: Cache-Control: max-age=1800
08-05 22:47:34.698 10921 10968 D OkHttp  : {"by":"unnouinceput","id":23970459,"kids":[23971841],"parent":23970366,"text":"Considering 40h&#x2F;week that would be 1500&#x2F;40 = $35&#x2F;h. Kinda low for a freelancer to work from home. Tell spammers their game is outdated, they should at least double it :P","time":1595891334,"type":"comment"}
08-05 22:47:34.698 10921 10968 D OkHttp  : <-- END HTTP (300-byte body)
08-05 22:47:34.708 10921 10934 I art     : Explicit concurrent mark sweep GC freed 4218(302KB) AllocSpace objects, 2(48KB) LOS objects, 32% free, 33MB/49MB, paused 2.530ms total 61.531ms
08-05 22:47:34.724 10921 10934 I art     : Starting a blocking GC Explicit
08-05 22:47:34.733 10921 10938 D MYTAG   : interceptor 1
08-05 22:47:34.734 10921 10938 I NAPPA_EXPERIMENTATION: MetricNetworkRequestExecutionTime: REQUEST_DURATION_SYSTEM='87',REQUEST_DURATION_OKHTTP='87',REQUEST_SYNCHRONOUS='TRUE',RESPONSE_CODE='200',RESPONSE_METHOD='GET',RESPONSE_LENGTH_OKHTTP='375',RESPONSE_LENGTH_HEADER='-2',REQUEST_PROTOCOL='http/1.1',REQUEST_URL='https://hacker-news.firebaseio.com/v0/item/23971557.json',
08-05 22:47:34.737 10921 10938 D OkHttp  : <-- 200 OK https://hacker-news.firebaseio.com/v0/item/23971557.json (92ms)
08-05 22:47:34.737 10921 10938 D OkHttp  : Server: nginx
08-05 22:47:34.737 10921 10938 D OkHttp  : Date: Wed, 05 Aug 2020 20:47:30 GMT
08-05 22:47:34.737 10921 10938 D OkHttp  : Content-Type: application/json; charset=utf-8
08-05 22:47:34.737 10921 10938 D OkHttp  : Content-Length: 375
08-05 22:47:34.738 10921 10938 D OkHttp  : Connection: keep-alive
08-05 22:47:34.738 10921 10938 D OkHttp  : Access-Control-Allow-Origin: *
08-05 22:47:34.738 10921 10938 D OkHttp  : Strict-Transport-Security: max-age=31556926; includeSubDomains; preload
08-05 22:47:34.738 10921 10938 D OkHttp  : Cache-Control: Cache-Control: max-age=1800
08-05 22:47:34.740 10921 10938 D OkHttp  : {"by":"Simulacra","id":23971557,"kids":[23971897],"parent":23970236,"text":"We had someone try this at a company I worked at previously. The target was so angry they aggressively complained; the company fired the salesman. It boggles the mind why a sales person would do something that is likely to be seen as an invasion to the prospect.","time":1595901512,"type":"comment"}
08-05 22:47:34.740 10921 10938 D OkHttp  : <-- END HTTP (375-byte body)
08-05 22:47:34.754 10921 10977 D MYTAG   : interceptor 1
08-05 22:47:34.754 10921 10977 I NAPPA_EXPERIMENTATION: MetricNetworkRequestExecutionTime: REQUEST_DURATION_SYSTEM='118',REQUEST_DURATION_OKHTTP='118',REQUEST_SYNCHRONOUS='TRUE',RESPONSE_CODE='200',RESPONSE_METHOD='GET',RESPONSE_LENGTH_OKHTTP='500',RESPONSE_LENGTH_HEADER='-2',REQUEST_PROTOCOL='http/1.1',REQUEST_URL='https://hacker-news.firebaseio.com/v0/item/23971214.json',
08-05 22:47:34.758 10921 10977 D OkHttp  : <-- 200 OK https://hacker-news.firebaseio.com/v0/item/23971214.json (123ms)
08-05 22:47:34.759 10921 10977 D OkHttp  : Server: nginx
08-05 22:47:34.759 10921 10977 D OkHttp  : Date: Wed, 05 Aug 2020 20:47:30 GMT
08-05 22:47:34.759 10921 10977 D OkHttp  : Content-Type: application/json; charset=utf-8
08-05 22:47:34.759 10921 10977 D OkHttp  : Content-Length: 500
08-05 22:47:34.759 10921 10977 D OkHttp  : Connection: keep-alive
08-05 22:47:34.759 10921 10977 D OkHttp  : Access-Control-Allow-Origin: *
08-05 22:47:34.759 10921 10977 D OkHttp  : Strict-Transport-Security: max-age=31556926; includeSubDomains; preload
08-05 22:47:34.759 10921 10977 D OkHttp  : Cache-Control: Cache-Control: max-age=1800
08-05 22:47:34.761 10921 10977 D OkHttp  : {"by":"WrtCdEvrydy","id":23971214,"kids":[23971924,23973978,23972234],"parent":23970236,"text":"&gt; Dell recently did this to about half a dozen people on my team. &#x27;Q2 Budget Review&#x27;,<p>If you put this shit on my calendar, I will never purchase a product from you. I will additionally, at my own discretion, use it as proof that you have had a data breach and are unable to keep your accounts safe since no real company would really do this on purpose.","time":1595898241,"type":"comment"}
08-05 22:47:34.761 10921 10977 D OkHttp  : <-- END HTTP (500-byte body)
08-05 22:47:34.783 10921 10934 I art     : Explicit concurrent mark sweep GC freed 3223(284KB) AllocSpace objects, 2(40KB) LOS objects, 32% free, 33MB/49MB, paused 2.067ms total 58.906ms
08-05 22:47:34.798 10921 10934 I art     : Starting a blocking GC Explicit
08-05 22:47:34.804 10921 11537 D OkHttp  : --> GET https://hacker-news.firebaseio.com/v0/item/23972258.json
08-05 22:47:34.804 10921 11537 D OkHttp  : Cache-Control: max-age=1800
08-05 22:47:34.804 10921 11537 D OkHttp  : --> END GET
08-05 22:47:34.806 10921 11536 D OkHttp  : --> GET https://hacker-news.firebaseio.com/v0/item/23972889.json
08-05 22:47:34.806 10921 11536 D OkHttp  : Cache-Control: max-age=1800
08-05 22:47:34.806 10921 11536 D OkHttp  : --> END GET
08-05 22:47:34.826 10921 11494 D OkHttp  : --> GET https://hacker-news.firebaseio.com/v0/item/23971897.json
08-05 22:47:34.826 10921 11494 D OkHttp  : Cache-Control: max-age=1800
08-05 22:47:34.826 10921 11494 D OkHttp  : --> END GET
08-05 22:47:34.835 10921 11537 D MYTAG   : interceptor 1
08-05 22:47:34.835 10921 11537 I NAPPA_EXPERIMENTATION: MetricNetworkRequestExecutionTime: REQUEST_DURATION_SYSTEM='30',REQUEST_DURATION_OKHTTP='30',REQUEST_SYNCHRONOUS='TRUE',RESPONSE_CODE='200',RESPONSE_METHOD='GET',RESPONSE_LENGTH_OKHTTP='1074',RESPONSE_LENGTH_HEADER='-2',REQUEST_PROTOCOL='http/1.1',REQUEST_URL='https://hacker-news.firebaseio.com/v0/item/23972258.json',
08-05 22:47:34.838 10921 11537 D OkHttp  : <-- 200 OK https://hacker-news.firebaseio.com/v0/item/23972258.json (34ms)
08-05 22:47:34.838 10921 11537 D OkHttp  : Server: nginx
08-05 22:47:34.838 10921 11537 D OkHttp  : Date: Wed, 05 Aug 2020 20:47:30 GMT
08-05 22:47:34.838 10921 11537 D OkHttp  : Content-Type: application/json; charset=utf-8
08-05 22:47:34.838 10921 11537 D OkHttp  : Content-Length: 1074
08-05 22:47:34.838 10921 11537 D OkHttp  : Connection: keep-alive
08-05 22:47:34.838 10921 11537 D OkHttp  : Access-Control-Allow-Origin: *
08-05 22:47:34.838 10921 11537 D OkHttp  : Strict-Transport-Security: max-age=31556926; includeSubDomains; preload
08-05 22:47:34.838 10921 11537 D OkHttp  : Cache-Control: Cache-Control: max-age=1800
08-05 22:47:34.843 10921 11537 D OkHttp  : {"by":"fpgaminer","id":23972258,"kids":[23974089],"parent":23971544,"text":"&gt; Google has very little incentive to fix the problem<p>A long time ago, in an internet far, far away, Gmail was brand new.  The big feature?  No spam.  Back then we&#x27;d hide our email addresses in cryptic text and images.  It was a private thing, shared between friends.  If the light of the internet were to ever shine upon your unobfuscated email address, woe be onto you as the plague of SPAM descended.  There were even entire websites dedicate to the purpose of &quot;email address images&quot;.  It was ... a wild time.<p>Then, GMAIL!  For the first time since the dawn of SPAM we could post our addresses in plaintext, in the light of day.  We didn&#x27;t hide them like dirty underwear.  The whole WORLD could see our email addresses, and we didn&#x27;t have a care in the world.  The smell of fresh email was in the air, unbesmirched by SPAM.<p>Perhaps the young ones forget.  Perhaps Google has forgotten.  Lost to the sands of Calendar spam...","time":1595910396,"type":"comment"}
08-05 22:47:34.843 10921 11537 D OkHttp  : <-- END HTTP (1074-byte body)
08-05 22:47:34.859 10921 10934 I art     : Explicit concurrent mark sweep GC freed 2890(241KB) AllocSpace objects, 1(20KB) LOS objects, 32% free, 33MB/49MB, paused 2.957ms total 60.739ms
08-05 22:47:34.864 10921 11536 D MYTAG   : interceptor 1
08-05 22:47:34.865 10921 11536 I NAPPA_EXPERIMENTATION: MetricNetworkRequestExecutionTime: REQUEST_DURATION_SYSTEM='57',REQUEST_DURATION_OKHTTP='57',REQUEST_SYNCHRONOUS='TRUE',RESPONSE_CODE='200',RESPONSE_METHOD='GET',RESPONSE_LENGTH_OKHTTP='360',RESPONSE_LENGTH_HEADER='-2',REQUEST_PROTOCOL='http/1.1',REQUEST_URL='https://hacker-news.firebaseio.com/v0/item/23972889.json',
08-05 22:47:34.865 10921 11528 D OkHttp  : --> GET https://hacker-news.firebaseio.com/v0/item/23971924.json
08-05 22:47:34.865 10921 11528 D OkHttp  : Cache-Control: max-age=1800
08-05 22:47:34.865 10921 11528 D OkHttp  : --> END GET
08-05 22:47:34.867 10921 11536 D OkHttp  : <-- 200 OK https://hacker-news.firebaseio.com/v0/item/23972889.json (61ms)
08-05 22:47:34.868 10921 11536 D OkHttp  : Server: nginx
08-05 22:47:34.868 10921 11536 D OkHttp  : Date: Wed, 05 Aug 2020 20:47:30 GMT
08-05 22:47:34.868 10921 11536 D OkHttp  : Content-Type: application/json; charset=utf-8
08-05 22:47:34.868 10921 11536 D OkHttp  : Content-Length: 360
08-05 22:47:34.868 10921 11536 D OkHttp  : Connection: keep-alive
08-05 22:47:34.868 10921 11536 D OkHttp  : Access-Control-Allow-Origin: *
08-05 22:47:34.868 10921 11536 D OkHttp  : Strict-Transport-Security: max-age=31556926; includeSubDomains; preload
08-05 22:47:34.868 10921 11536 D OkHttp  : Cache-Control: Cache-Control: max-age=1800
08-05 22:47:34.870 10921 11536 D OkHttp  : {"by":"eximius","id":23972889,"kids":[23972983],"parent":23971544,"text":"Even internally this bug is not prioritized. In their defense, it&#x27;s not clear what the behaviour <i>should</i> be. Against them, there are options that, while not perfect, are better than the status quo, even if the user must manually set them.","time":1595917612,"type":"comment"}
08-05 22:47:34.870 10921 11536 D OkHttp  : <-- END HTTP (360-byte body)
08-05 22:47:34.875 10921 11530 D OkHttp  : --> GET https://hacker-news.firebaseio.com/v0/item/23973978.json
08-05 22:47:34.875 10921 11530 D OkHttp  : Cache-Control: max-age=1800
08-05 22:47:34.875 10921 11530 D OkHttp  : --> END GET
08-05 22:47:34.883 10921 11527 D OkHttp  : --> GET https://hacker-news.firebaseio.com/v0/item/23972234.json
08-05 22:47:34.883 10921 11527 D OkHttp  : Cache-Control: max-age=1800
08-05 22:47:34.883 10921 11527 D OkHttp  : --> END GET
08-05 22:47:34.927 10921 11494 D MYTAG   : interceptor 1
08-05 22:47:34.927 10921 11528 D MYTAG   : interceptor 1
08-05 22:47:34.927 10921 11528 I NAPPA_EXPERIMENTATION: MetricNetworkRequestExecutionTime: REQUEST_DURATION_SYSTEM='61',REQUEST_DURATION_OKHTTP='61',REQUEST_SYNCHRONOUS='TRUE',RESPONSE_CODE='200',RESPONSE_METHOD='GET',RESPONSE_LENGTH_OKHTTP='203',RESPONSE_LENGTH_HEADER='-2',REQUEST_PROTOCOL='http/1.1',REQUEST_URL='https://hacker-news.firebaseio.com/v0/item/23971924.json',
08-05 22:47:34.927 10921 11494 I NAPPA_EXPERIMENTATION: MetricNetworkRequestExecutionTime: REQUEST_DURATION_SYSTEM='100',REQUEST_DURATION_OKHTTP='100',REQUEST_SYNCHRONOUS='TRUE',RESPONSE_CODE='200',RESPONSE_METHOD='GET',RESPONSE_LENGTH_OKHTTP='607',RESPONSE_LENGTH_HEADER='-2',REQUEST_PROTOCOL='http/1.1',REQUEST_URL='https://hacker-news.firebaseio.com/v0/item/23971897.json',
08-05 22:47:34.930 10921 11528 D OkHttp  : <-- 200 OK https://hacker-news.firebaseio.com/v0/item/23971924.json (65ms)
08-05 22:47:34.930 10921 11528 D OkHttp  : Server: nginx
08-05 22:47:34.930 10921 11528 D OkHttp  : Date: Wed, 05 Aug 2020 20:47:31 GMT
08-05 22:47:34.931 10921 11528 D OkHttp  : Content-Type: application/json; charset=utf-8
08-05 22:47:34.931 10921 11528 D OkHttp  : Content-Length: 203
08-05 22:47:34.931 10921 11528 D OkHttp  : Connection: keep-alive
08-05 22:47:34.931 10921 11528 D OkHttp  : Access-Control-Allow-Origin: *
08-05 22:47:34.931 10921 11528 D OkHttp  : Strict-Transport-Security: max-age=31556926; includeSubDomains; preload
08-05 22:47:34.931 10921 11528 D OkHttp  : Cache-Control: Cache-Control: max-age=1800
08-05 22:47:34.931 10921 11494 D OkHttp  : <-- 200 OK https://hacker-news.firebaseio.com/v0/item/23971897.json (105ms)
08-05 22:47:34.931 10921 11494 D OkHttp  : Server: nginx
08-05 22:47:34.931 10921 11494 D OkHttp  : Date: Wed, 05 Aug 2020 20:47:31 GMT
08-05 22:47:34.931 10921 11494 D OkHttp  : Content-Type: application/json; charset=utf-8
08-05 22:47:34.931 10921 11494 D OkHttp  : Content-Length: 607
08-05 22:47:34.931 10921 11494 D OkHttp  : Connection: keep-alive
08-05 22:47:34.931 10921 11494 D OkHttp  : Access-Control-Allow-Origin: *
08-05 22:47:34.931 10921 11494 D OkHttp  : Strict-Transport-Security: max-age=31556926; includeSubDomains; preload
08-05 22:47:34.931 10921 11494 D OkHttp  : Cache-Control: Cache-Control: max-age=1800
08-05 22:47:34.933 10921 11494 D OkHttp  : {"by":"dreamcompiler","id":23971897,"kids":[23971961,23972074],"parent":23971557,"text":"&gt; It boggles the mind why a sales person would do something that is likely to be seen as an invasion to the prospect.<p>Sales droids don&#x27;t think the same way regular people do. A lot of them really believe everybody is as extroverted as they are and introverts are just pretending. And that everybody would be as excited about their product as they are, if they only knew about it. The best sales people can adopt the point of view of their prospects; mediocre ones cannot.","time":1595905474,"type":"comment"}
08-05 22:47:34.933 10921 11494 D OkHttp  : <-- END HTTP (607-byte body)
08-05 22:47:34.955 10921 11530 D MYTAG   : interceptor 1
08-05 22:47:34.955 10921 11530 I NAPPA_EXPERIMENTATION: MetricNetworkRequestExecutionTime: REQUEST_DURATION_SYSTEM='79',REQUEST_DURATION_OKHTTP='79',REQUEST_SYNCHRONOUS='TRUE',RESPONSE_CODE='200',RESPONSE_METHOD='GET',RESPONSE_LENGTH_OKHTTP='83',RESPONSE_LENGTH_HEADER='-2',REQUEST_PROTOCOL='http/1.1',REQUEST_URL='https://hacker-news.firebaseio.com/v0/item/23973978.json',
08-05 22:47:34.959 10921 11530 D OkHttp  : <-- 200 OK https://hacker-news.firebaseio.com/v0/item/23973978.json (83ms)
08-05 22:47:34.959 10921 11530 D OkHttp  : Server: nginx
08-05 22:47:34.959 10921 11530 D OkHttp  : Date: Wed, 05 Aug 2020 20:47:31 GMT
08-05 22:47:34.959 10921 11530 D OkHttp  : Content-Type: application/json; charset=utf-8
08-05 22:47:34.959 10921 11530 D OkHttp  : Content-Length: 83
08-05 22:47:34.959 10921 11530 D OkHttp  : Connection: keep-alive
08-05 22:47:34.959 10921 11530 D OkHttp  : Access-Control-Allow-Origin: *
08-05 22:47:34.959 10921 11530 D OkHttp  : Strict-Transport-Security: max-age=31556926; includeSubDomains; preload
08-05 22:47:34.959 10921 11530 D OkHttp  : Cache-Control: Cache-Control: max-age=1800
08-05 22:47:34.971 10921 11528 D OkHttp  : {"by":"o-__-o","id":23971924,"kids":[23972051],"parent":23971214,"text":"For every one person who vows to never purchase their product, 10 others become useful leads.","time":1595905948,"type":"comment"}
08-05 22:47:34.971 10921 11528 D OkHttp  : <-- END HTTP (203-byte body)
08-05 22:47:34.991 10921 11530 D OkHttp  : {"deleted":true,"id":23973978,"parent":23971214,"time":1595928835,"type":"comment"}
08-05 22:47:34.991 10921 11530 D OkHttp  : <-- END HTTP (83-byte body)
08-05 22:47:35.029 10921 10972 D OkHttp  : --> GET https://hacker-news.firebaseio.com/v0/item/23972051.json
08-05 22:47:35.029 10921 10972 D OkHttp  : Cache-Control: max-age=1800
08-05 22:47:35.029 10921 10972 D OkHttp  : --> END GET
08-05 22:47:35.058 10921 10972 D MYTAG   : interceptor 1
08-05 22:47:35.058 10921 10972 I NAPPA_EXPERIMENTATION: MetricNetworkRequestExecutionTime: REQUEST_DURATION_SYSTEM='28',REQUEST_DURATION_OKHTTP='28',REQUEST_SYNCHRONOUS='TRUE',RESPONSE_CODE='200',RESPONSE_METHOD='GET',RESPONSE_LENGTH_OKHTTP='391',RESPONSE_LENGTH_HEADER='-2',REQUEST_PROTOCOL='http/1.1',REQUEST_URL='https://hacker-news.firebaseio.com/v0/item/23972051.json',
08-05 22:47:35.061 10921 10972 D OkHttp  : <-- 200 OK https://hacker-news.firebaseio.com/v0/item/23972051.json (31ms)
08-05 22:47:35.061 10921 10972 D OkHttp  : Server: nginx
08-05 22:47:35.061 10921 10972 D OkHttp  : Date: Wed, 05 Aug 2020 20:47:30 GMT
08-05 22:47:35.062 10921 10972 D OkHttp  : Content-Type: application/json; charset=utf-8
08-05 22:47:35.062 10921 10972 D OkHttp  : Content-Length: 391
08-05 22:47:35.062 10921 10972 D OkHttp  : Connection: keep-alive
08-05 22:47:35.062 10921 10972 D OkHttp  : Access-Control-Allow-Origin: *
08-05 22:47:35.062 10921 10972 D OkHttp  : Strict-Transport-Security: max-age=31556926; includeSubDomains; preload
08-05 22:47:35.062 10921 10972 D OkHttp  : Cache-Control: Cache-Control: max-age=1800
08-05 22:47:35.064 10921 10972 D OkHttp  : {"by":"WrtCdEvrydy","id":23972051,"kids":[23972279,23972882],"parent":23971924,"text":"Yes, but for every person I tell that they had a data breach causing them to phish their customers through calendar, I can poison 50 people in each organization, then they can poison 50 and so forth... let&#x27;s call it exponential growth of the DELL-20 coronavirus.","time":1595907630,"type":"comment"}
08-05 22:47:35.064 10921 10972 D OkHttp  : <-- END HTTP (391-byte body)
08-05 22:47:35.104 10921 11482 D OkHttp  : --> GET https://hacker-news.firebaseio.com/v0/item/23971961.json
08-05 22:47:35.104 10921 11482 D OkHttp  : Cache-Control: max-age=1800
08-05 22:47:35.104 10921 11482 D OkHttp  : --> END GET
08-05 22:47:35.145 10921 11540 D OkHttp  : --> GET https://hacker-news.firebaseio.com/v0/item/23972279.json
08-05 22:47:35.145 10921 11540 D OkHttp  : Cache-Control: max-age=1800
08-05 22:47:35.145 10921 11540 D OkHttp  : --> END GET
08-05 22:47:35.155 10921 11502 D OkHttp  : --> GET https://hacker-news.firebaseio.com/v0/item/23972882.json
08-05 22:47:35.155 10921 11502 D OkHttp  : Cache-Control: max-age=1800
08-05 22:47:35.155 10921 11502 D OkHttp  : --> END GET
08-05 22:47:35.242 10921 10933 I art     : Starting a blocking GC Explicit
08-05 22:47:35.247 10921 11533 D MYTAG   : interceptor 1
08-05 22:47:35.247 10921 11533 I NAPPA_EXPERIMENTATION: MetricNetworkRequestExecutionTime: REQUEST_DURATION_SYSTEM='77',REQUEST_DURATION_OKHTTP='77',REQUEST_SYNCHRONOUS='TRUE',RESPONSE_CODE='200',RESPONSE_METHOD='GET',RESPONSE_LENGTH_OKHTTP='199',RESPONSE_LENGTH_HEADER='-2',REQUEST_PROTOCOL='http/1.1',REQUEST_URL='https://hacker-news.firebaseio.com/v0/item/23970298.json',
08-05 22:47:35.250 10921 11533 D OkHttp  : <-- 200 OK https://hacker-news.firebaseio.com/v0/item/23970298.json (584ms)
08-05 22:47:35.250 10921 11533 D OkHttp  : Server: nginx
08-05 22:47:35.250 10921 11533 D OkHttp  : Date: Wed, 05 Aug 2020 20:47:31 GMT
08-05 22:47:35.250 10921 11533 D OkHttp  : Content-Type: application/json; charset=utf-8
08-05 22:47:35.250 10921 11533 D OkHttp  : Content-Length: 199
08-05 22:47:35.250 10921 11533 D OkHttp  : Connection: keep-alive
08-05 22:47:35.250 10921 11533 D OkHttp  : Access-Control-Allow-Origin: *
08-05 22:47:35.250 10921 11533 D OkHttp  : Strict-Transport-Security: max-age=31556926; includeSubDomains; preload
08-05 22:47:35.250 10921 11533 D OkHttp  : Cache-Control: Cache-Control: max-age=1800
08-05 22:47:35.251 10921 10959 D MYTAG   : interceptor 1
08-05 22:47:35.251 10921 10959 I NAPPA_EXPERIMENTATION: MetricNetworkRequestExecutionTime: REQUEST_DURATION_SYSTEM='81',REQUEST_DURATION_OKHTTP='80',REQUEST_SYNCHRONOUS='TRUE',RESPONSE_CODE='200',RESPONSE_METHOD='GET',RESPONSE_LENGTH_OKHTTP='233',RESPONSE_LENGTH_HEADER='-2',REQUEST_PROTOCOL='http/1.1',REQUEST_URL='https://hacker-news.firebaseio.com/v0/item/23970862.json',
08-05 22:47:35.253 10921 10959 D OkHttp  : <-- 200 OK https://hacker-news.firebaseio.com/v0/item/23970862.json (597ms)
08-05 22:47:35.254 10921 10959 D OkHttp  : Server: nginx
08-05 22:47:35.254 10921 10959 D OkHttp  : Date: Wed, 05 Aug 2020 20:47:31 GMT
08-05 22:47:35.254 10921 10959 D OkHttp  : Content-Type: application/json; charset=utf-8
08-05 22:47:35.254 10921 10959 D OkHttp  : Content-Length: 233
08-05 22:47:35.254 10921 10959 D OkHttp  : Connection: keep-alive
08-05 22:47:35.254 10921 10959 D OkHttp  : Access-Control-Allow-Origin: *
08-05 22:47:35.254 10921 10959 D OkHttp  : Strict-Transport-Security: max-age=31556926; includeSubDomains; preload
08-05 22:47:35.254 10921 10959 D OkHttp  : Cache-Control: Cache-Control: max-age=1800
08-05 22:47:35.280 10921 11533 D OkHttp  : {"by":"kstrauser","id":23970298,"kids":[23972381],"parent":23970236,"text":"That sounds like an excellent way to make me ban all inbound traffic from that vendor.","time":1595889859,"type":"comment"}
08-05 22:47:35.280 10921 11533 D OkHttp  : <-- END HTTP (199-byte body)
08-05 22:47:35.291 10921 10959 D OkHttp  : {"by":"pavel_lishin","id":23970862,"kids":[23971030],"parent":23970236,"text":"&gt; <i>It&#x27;s used not just by spammers, but by sales reps, too.</i><p>Not sure there&#x27;s a distinction there.","time":1595895099,"type":"comment"}
08-05 22:47:35.291 10921 10959 D OkHttp  : <-- END HTTP (233-byte body)
08-05 22:47:35.314 10921 10933 I art     : Explicit concurrent mark sweep GC freed 23654(1576KB) AllocSpace objects, 7(140KB) LOS objects, 31% free, 34MB/50MB, paused 2.357ms total 71.534ms
08-05 22:47:35.330 10921 10933 I art     : Starting a blocking GC Explicit
08-05 22:47:35.389 10921 10933 I art     : Explicit concurrent mark sweep GC freed 10119(625KB) AllocSpace objects, 13(364KB) LOS objects, 32% free, 33MB/49MB, paused 2.019ms total 57.989ms
08-05 22:47:35.401 10921 11527 D MYTAG   : interceptor 1
08-05 22:47:35.401 10921 11527 I NAPPA_EXPERIMENTATION: MetricNetworkRequestExecutionTime: REQUEST_DURATION_SYSTEM='40',REQUEST_DURATION_OKHTTP='40',REQUEST_SYNCHRONOUS='TRUE',RESPONSE_CODE='200',RESPONSE_METHOD='GET',RESPONSE_LENGTH_OKHTTP='262',RESPONSE_LENGTH_HEADER='-2',REQUEST_PROTOCOL='http/1.1',REQUEST_URL='https://hacker-news.firebaseio.com/v0/item/23972234.json',
08-05 22:47:35.405 10921 11527 D OkHttp  : <-- 200 OK https://hacker-news.firebaseio.com/v0/item/23972234.json (521ms)
08-05 22:47:35.405 10921 10933 I art     : Starting a blocking GC Explicit
08-05 22:47:35.405 10921 11527 D OkHttp  : Server: nginx
08-05 22:47:35.405 10921 11527 D OkHttp  : Date: Wed, 05 Aug 2020 20:47:31 GMT
08-05 22:47:35.405 10921 11527 D OkHttp  : Content-Type: application/json; charset=utf-8
08-05 22:47:35.405 10921 11527 D OkHttp  : Content-Length: 262
08-05 22:47:35.405 10921 11527 D OkHttp  : Connection: keep-alive
08-05 22:47:35.408 10921 11527 D OkHttp  : Access-Control-Allow-Origin: *
08-05 22:47:35.408 10921 11527 D OkHttp  : Strict-Transport-Security: max-age=31556926; includeSubDomains; preload
08-05 22:47:35.408 10921 11527 D OkHttp  : Cache-Control: Cache-Control: max-age=1800
08-05 22:47:35.440 10921 11527 D OkHttp  : {"by":"gjs278","dead":true,"id":23972234,"parent":23971214,"text":"ok... and you know it wasn’t a breech. anyone you explained it to would understand it was a sales rep taking advantage of a bug. you’d sound a little off.","time":1595909897,"type":"comment"}
08-05 22:47:35.440 10921 11527 D OkHttp  : <-- END HTTP (262-byte body)
08-05 22:47:35.463 10921 10933 I art     : Explicit concurrent mark sweep GC freed 4060(289KB) AllocSpace objects, 4(104KB) LOS objects, 32% free, 33MB/49MB, paused 2.244ms total 58.107ms
08-05 22:47:35.479 10921 10933 I art     : Starting a blocking GC Explicit
08-05 22:47:35.537 10921 10933 I art     : Explicit concurrent mark sweep GC freed 2600(132KB) AllocSpace objects, 0(0B) LOS objects, 32% free, 33MB/49MB, paused 2.074ms total 58.595ms
08-05 22:47:35.553 10921 10933 I art     : Starting a blocking GC Explicit
08-05 22:47:35.569 10921 11482 D OkHttp  : <-- HTTP FAILED: java.io.IOException: unexpected end of stream on https://hacker-news.firebaseio.com/...
08-05 22:47:35.591 10921 11540 D MYTAG   : interceptor 1
08-05 22:47:35.591 10921 11540 I NAPPA_EXPERIMENTATION: MetricNetworkRequestExecutionTime: REQUEST_DURATION_SYSTEM='40',REQUEST_DURATION_OKHTTP='40',REQUEST_SYNCHRONOUS='TRUE',RESPONSE_CODE='200',RESPONSE_METHOD='GET',RESPONSE_LENGTH_OKHTTP='430',RESPONSE_LENGTH_HEADER='-2',REQUEST_PROTOCOL='http/1.1',REQUEST_URL='https://hacker-news.firebaseio.com/v0/item/23972279.json',
08-05 22:47:35.595 10921 11540 D OkHttp  : <-- 200 OK https://hacker-news.firebaseio.com/v0/item/23972279.json (449ms)
08-05 22:47:35.595 10921 11540 D OkHttp  : Server: nginx
