08-06 17:56:25.600 21808 21853 D OkHttp  : Date: Thu, 06 Aug 2020 15:56:21 GMT
08-06 17:56:25.601 21808 21853 D OkHttp  : Content-Type: application/json; charset=utf-8
08-06 17:56:25.601 21808 21853 D OkHttp  : Content-Length: 253
08-06 17:56:25.601 21808 21853 D OkHttp  : Connection: keep-alive
08-06 17:56:25.601 21808 21853 D OkHttp  : Access-Control-Allow-Origin: *
08-06 17:56:25.601 21808 21853 D OkHttp  : Strict-Transport-Security: max-age=31556926; includeSubDomains; preload
08-06 17:56:25.601 21808 21853 D OkHttp  : Cache-Control: Cache-Control: max-age=1800
08-06 17:56:25.606 21808 22369 D OkHttp  : <-- 200 OK https://hacker-news.firebaseio.com/v0/item/23971555.json (1369ms)
08-06 17:56:25.607 21808 21847 D MYTAG   : interceptor 1
08-06 17:56:25.607 21808 21847 I NAPPA_EXPERIMENTATION: MetricNetworkRequestExecutionTime: REQUEST_DURATION_SYSTEM='325',REQUEST_DURATION_OKHTTP='325',REQUEST_SYNCHRONOUS='TRUE',RESPONSE_CODE='200',RESPONSE_METHOD='GET',RESPONSE_LENGTH_OKHTTP='964',RESPONSE_LENGTH_HEADER='-2',REQUEST_PROTOCOL='http/1.1',REQUEST_URL='https://hacker-news.firebaseio.com/v0/item/23970932.json',
08-06 17:56:25.608 21808 21856 D OkHttp  : --> GET https://hacker-news.firebaseio.com/v0/item/23970298.json
08-06 17:56:25.608 21808 21856 D OkHttp  : Cache-Control: max-age=1800
08-06 17:56:25.608 21808 21856 D OkHttp  : --> END GET
08-06 17:56:25.610 21808 21847 D OkHttp  : <-- 200 OK https://hacker-news.firebaseio.com/v0/item/23970932.json (1340ms)
08-06 17:56:25.611 21808 21858 D MYTAG   : interceptor 1
08-06 17:56:25.611 21808 22369 D OkHttp  : Server: nginx
08-06 17:56:25.611 21808 22369 D OkHttp  : Date: Thu, 06 Aug 2020 15:56:21 GMT
08-06 17:56:25.611 21808 22369 D OkHttp  : Content-Type: application/json; charset=utf-8
08-06 17:56:25.611 21808 22369 D OkHttp  : Content-Length: 388
08-06 17:56:25.611 21808 21858 I NAPPA_EXPERIMENTATION: MetricNetworkRequestExecutionTime: REQUEST_DURATION_SYSTEM='366',REQUEST_DURATION_OKHTTP='366',REQUEST_SYNCHRONOUS='TRUE',RESPONSE_CODE='200',RESPONSE_METHOD='GET',RESPONSE_LENGTH_OKHTTP='323',RESPONSE_LENGTH_HEADER='-2',REQUEST_PROTOCOL='http/1.1',REQUEST_URL='https://hacker-news.firebaseio.com/v0/item/23969454.json',
08-06 17:56:25.612 21808 22369 D OkHttp  : Connection: keep-alive
08-06 17:56:25.612 21808 22369 D OkHttp  : Access-Control-Allow-Origin: *
08-06 17:56:25.612 21808 22369 D OkHttp  : Strict-Transport-Security: max-age=31556926; includeSubDomains; preload
08-06 17:56:25.612 21808 22369 D OkHttp  : Cache-Control: Cache-Control: max-age=1800
08-06 17:56:25.612 21808 21847 D OkHttp  : Server: nginx
08-06 17:56:25.612 21808 21847 D OkHttp  : Date: Thu, 06 Aug 2020 15:56:21 GMT
08-06 17:56:25.612 21808 21847 D OkHttp  : Content-Type: application/json; charset=utf-8
08-06 17:56:25.612 21808 21847 D OkHttp  : Content-Length: 964
08-06 17:56:25.612 21808 21847 D OkHttp  : Connection: keep-alive
08-06 17:56:25.612 21808 21847 D OkHttp  : Access-Control-Allow-Origin: *
08-06 17:56:25.612 21808 21847 D OkHttp  : Strict-Transport-Security: max-age=31556926; includeSubDomains; preload
08-06 17:56:25.612 21808 21847 D OkHttp  : Cache-Control: Cache-Control: max-age=1800
08-06 17:56:25.617 21808 21857 D MYTAG   : interceptor 1
08-06 17:56:25.617 21808 21857 I NAPPA_EXPERIMENTATION: MetricNetworkRequestExecutionTime: REQUEST_DURATION_SYSTEM='349',REQUEST_DURATION_OKHTTP='349',REQUEST_SYNCHRONOUS='TRUE',RESPONSE_CODE='200',RESPONSE_METHOD='GET',RESPONSE_LENGTH_OKHTTP='260',RESPONSE_LENGTH_HEADER='-2',REQUEST_PROTOCOL='http/1.1',REQUEST_URL='https://hacker-news.firebaseio.com/v0/item/23970185.json',
08-06 17:56:25.620 21808 21858 D OkHttp  : <-- 200 OK https://hacker-news.firebaseio.com/v0/item/23969454.json (1433ms)
08-06 17:56:25.620 21808 21858 D OkHttp  : Server: nginx
08-06 17:56:25.620 21808 21858 D OkHttp  : Date: Thu, 06 Aug 2020 15:56:21 GMT
08-06 17:56:25.620 21808 21858 D OkHttp  : Content-Type: application/json; charset=utf-8
08-06 17:56:25.620 21808 21858 D OkHttp  : Content-Length: 323
08-06 17:56:25.620 21808 21858 D OkHttp  : Connection: keep-alive
08-06 17:56:25.620 21808 21858 D OkHttp  : Access-Control-Allow-Origin: *
08-06 17:56:25.620 21808 21858 D OkHttp  : Strict-Transport-Security: max-age=31556926; includeSubDomains; preload
08-06 17:56:25.620 21808 21858 D OkHttp  : Cache-Control: Cache-Control: max-age=1800
08-06 17:56:25.622 21808 22341 D MYTAG   : interceptor 1
08-06 17:56:25.622 21808 22341 I NAPPA_EXPERIMENTATION: MetricNetworkRequestExecutionTime: REQUEST_DURATION_SYSTEM='378',REQUEST_DURATION_OKHTTP='378',REQUEST_SYNCHRONOUS='TRUE',RESPONSE_CODE='200',RESPONSE_METHOD='GET',RESPONSE_LENGTH_OKHTTP='397',RESPONSE_LENGTH_HEADER='-2',REQUEST_PROTOCOL='http/1.1',REQUEST_URL='https://hacker-news.firebaseio.com/v0/item/23969987.json',
08-06 17:56:25.622 21808 21857 D OkHttp  : <-- 200 OK https://hacker-news.firebaseio.com/v0/item/23970185.json (1323ms)
08-06 17:56:25.622 21808 21857 D OkHttp  : Server: nginx
08-06 17:56:25.622 21808 21857 D OkHttp  : Date: Thu, 06 Aug 2020 15:56:21 GMT
08-06 17:56:25.622 21808 21857 D OkHttp  : Content-Type: application/json; charset=utf-8
08-06 17:56:25.622 21808 21857 D OkHttp  : Content-Length: 260
08-06 17:56:25.622 21808 21857 D OkHttp  : Connection: keep-alive
08-06 17:56:25.622 21808 21857 D OkHttp  : Access-Control-Allow-Origin: *
08-06 17:56:25.622 21808 21857 D OkHttp  : Strict-Transport-Security: max-age=31556926; includeSubDomains; preload
08-06 17:56:25.622 21808 21857 D OkHttp  : Cache-Control: Cache-Control: max-age=1800
08-06 17:56:25.625 21808 22369 D OkHttp  : {"by":"dzonga","id":23971555,"kids":[23972678],"parent":23969442,"text":"im a google one user. &amp;  will admit only pay, because it&#x27;s a  steal for the price. no other service offered 100gb for $20 a year.but yeah, google software quality is quite poor. wonder, why all those engineers doing leetcode interviews can&#x27;t make quality products.","time":1595901506,"type":"comment"}
08-06 17:56:25.626 21808 22369 D OkHttp  : <-- END HTTP (388-byte body)
08-06 17:56:25.627 21808 22341 D OkHttp  : <-- 200 OK https://hacker-news.firebaseio.com/v0/item/23969987.json (1425ms)
08-06 17:56:25.627 21808 22341 D OkHttp  : Server: nginx
08-06 17:56:25.627 21808 22341 D OkHttp  : Date: Thu, 06 Aug 2020 15:56:21 GMT
08-06 17:56:25.627 21808 22341 D OkHttp  : Content-Type: application/json; charset=utf-8
08-06 17:56:25.627 21808 22341 D OkHttp  : Content-Length: 397
08-06 17:56:25.627 21808 22341 D OkHttp  : Connection: keep-alive
08-06 17:56:25.627 21808 22341 D OkHttp  : Access-Control-Allow-Origin: *
08-06 17:56:25.627 21808 22341 D OkHttp  : Strict-Transport-Security: max-age=31556926; includeSubDomains; preload
08-06 17:56:25.627 21808 22341 D OkHttp  : Cache-Control: Cache-Control: max-age=1800
08-06 17:56:25.628 21808 22354 D MYTAG   : interceptor 1
08-06 17:56:25.629 21808 22354 I NAPPA_EXPERIMENTATION: MetricNetworkRequestExecutionTime: REQUEST_DURATION_SYSTEM='437',REQUEST_DURATION_OKHTTP='437',REQUEST_SYNCHRONOUS='TRUE',RESPONSE_CODE='200',RESPONSE_METHOD='GET',RESPONSE_LENGTH_OKHTTP='362',RESPONSE_LENGTH_HEADER='-2',REQUEST_PROTOCOL='http/1.1',REQUEST_URL='https://hacker-news.firebaseio.com/v0/item/23969703.json',
08-06 17:56:25.633 21808 22354 D OkHttp  : <-- 200 OK https://hacker-news.firebaseio.com/v0/item/23969703.json (1482ms)
08-06 17:56:25.635 21808 21853 D OkHttp  : {"by":"ProAm","id":23970064,"parent":23969442,"text":"Didn&#x27;t google just make everyone jump through hoops on Youtube to ensure all content was safe for children because of COPPA?  Does this violate that new law?","time":1595888246,"type":"comment"}
08-06 17:56:25.635 21808 21853 D OkHttp  : <-- END HTTP (253-byte body)
08-06 17:56:25.637 21808 22354 D OkHttp  : Server: nginx
08-06 17:56:25.637 21808 22354 D OkHttp  : Date: Thu, 06 Aug 2020 15:56:21 GMT
08-06 17:56:25.637 21808 22354 D OkHttp  : Content-Type: application/json; charset=utf-8
08-06 17:56:25.637 21808 22354 D OkHttp  : Content-Length: 362
08-06 17:56:25.637 21808 22354 D OkHttp  : Connection: keep-alive
08-06 17:56:25.637 21808 22354 D OkHttp  : Access-Control-Allow-Origin: *
08-06 17:56:25.637 21808 22354 D OkHttp  : Strict-Transport-Security: max-age=31556926; includeSubDomains; preload
08-06 17:56:25.637 21808 22354 D OkHttp  : Cache-Control: Cache-Control: max-age=1800
08-06 17:56:25.639 21808 21855 D OkHttp  : {"by":"thisbrt","id":23970408,"parent":23969442,"text":"IMHO Google drive is one of the worst service of Its kind in the market. Copying, moving duplicating files is as complex and blunt as it could be. Folder duplication doesn’t exist. I’m actually not surprised that sharing is still not fixed. Look at Meet. A service that only after being absolutely beaten by Zoom received some attention. They’re working on bringing Plus back in the form of Currents, but you still cannot stop people from sharing file with you in Google drive...","time":1595890803,"type":"comment"}
08-06 17:56:25.639 21808 21855 D OkHttp  : <-- END HTTP (578-byte body)
08-06 17:56:25.640 21808 21847 D OkHttp  : {"by":"rexreed","id":23970932,"parent":23969442,"text":"I fail to be surprised anymore at the lack of what should be OBVIOUS functionality in some of the largest functionality systems.<p>Whenever i think I might be stupid for missing what should be obvious functionality I submit a ticket to only realize that the functionality not only doesn&#x27;t exist but somehow my really basic suggestion is a &quot;unique&quot; or &quot;profound&quot; idea.<p>Honestly who is hiring these product managers? Who is coming up with these features? Why are what should be no-brainer obvious functionality items missing?<p>Is there something about product management and design I don&#x27;t understand? Why is it that you can&#x27;t get notifications on group calendars or background images on Google docs or lots of other things I&#x27;m forgetting now that at the time I was like &quot;wow I can&#x27;t believe you can&#x27;t do that&quot;","time":1595895791,"type":"comment"}
08-06 17:56:25.640 21808 21847 D OkHttp  : <-- END HTTP (964-byte body)
08-06 17:56:25.651 21808 21858 D OkHttp  : {"by":"mariocesar","id":23969454,"kids":[23969823],"parent":23969442,"text":"Just a simple option like &quot;Allow just my contacts to share files with me&quot;. I lost so much time with all the spam and malware that is being sent to me just because my gmail account is so public ... :(","time":1595884339,"type":"comment"}
08-06 17:56:25.652 21808 21858 D OkHttp  : <-- END HTTP (323-byte body)
08-06 17:56:25.656 21808 21857 D OkHttp  : {"by":"nikanj","id":23970185,"kids":[23970307],"parent":23969442,"text":"The same way you get any customer service from Google: Get your post on the front page of HN. This is probably going to get fixed shockingly fast now.","time":1595889085,"type":"comment"}
08-06 17:56:25.656 21808 21857 D OkHttp  : <-- END HTTP (260-byte body)
08-06 17:56:25.657 21808 21860 D MYTAG   : interceptor 1
08-06 17:56:25.657 21808 21860 I NAPPA_EXPERIMENTATION: MetricNetworkRequestExecutionTime: REQUEST_DURATION_SYSTEM='391',REQUEST_DURATION_OKHTTP='391',REQUEST_SYNCHRONOUS='TRUE',RESPONSE_CODE='200',RESPONSE_METHOD='GET',RESPONSE_LENGTH_OKHTTP='661',RESPONSE_LENGTH_HEADER='-2',REQUEST_PROTOCOL='http/1.1',REQUEST_URL='https://hacker-news.firebaseio.com/v0/item/23970290.json',
08-06 17:56:25.670 21808 22346 D MYTAG   : interceptor 1
08-06 17:56:25.670 21808 22346 I NAPPA_EXPERIMENTATION: MetricNetworkRequestExecutionTime: REQUEST_DURATION_SYSTEM='417',REQUEST_DURATION_OKHTTP='417',REQUEST_SYNCHRONOUS='TRUE',RESPONSE_CODE='200',RESPONSE_METHOD='GET',RESPONSE_LENGTH_OKHTTP='229',RESPONSE_LENGTH_HEADER='-2',REQUEST_PROTOCOL='http/1.1',REQUEST_URL='https://hacker-news.firebaseio.com/v0/item/23970173.json',
08-06 17:56:25.673 21808 22341 D OkHttp  : {"by":"ramosu","id":23969987,"kids":[23972337,23971444],"parent":23969442,"text":"It seems Google simply abandon some of their products.<p>I&#x27;ve been living with another issue since 2011: <a href=\"https:&#x2F;&#x2F;issuetracker.google.com&#x2F;issues&#x2F;35889152\" rel=\"nofollow\">https:&#x2F;&#x2F;issuetracker.google.com&#x2F;issues&#x2F;35889152</a>","time":1595887633,"type":"comment"}
08-06 17:56:25.673 21808 22341 D OkHttp  : <-- END HTTP (397-byte body)
08-06 17:56:25.674 21808 22508 I art     : Explicit concurrent mark sweep GC freed 11887(1269KB) AllocSpace objects, 16(376KB) LOS objects, 31% free, 35MB/51MB, paused 6.190ms total 118.248ms
08-06 17:56:25.674 21808 21819 I art     : WaitForGcToComplete blocked for 52.890ms for cause HeapTrim
08-06 17:56:25.680 21808 22354 D OkHttp  : {"by":"cbm-vic-20","id":23969703,"kids":[23970221,23970057,23970413,23970278,23969976,23970325,23970965,23970126,23969838,23969705],"parent":23969442,"text":"Answer: find the email address of the person the product manager of Google Drive reports to, and start sharing stuff with them.<p>(&#x2F;s: not condoning doxxing here)","time":1595885927,"type":"comment"}
08-06 17:56:25.680 21808 22354 D OkHttp  : <-- END HTTP (362-byte body)
08-06 17:56:25.683 21808 21860 D OkHttp  : <-- 200 OK https://hacker-news.firebaseio.com/v0/item/23970290.json (1513ms)
08-06 17:56:25.683 21808 22346 D OkHttp  : <-- 200 OK https://hacker-news.firebaseio.com/v0/item/23970173.json (1432ms)
08-06 17:56:25.683 21808 21860 D OkHttp  : Server: nginx
08-06 17:56:25.683 21808 22346 D OkHttp  : Server: nginx
08-06 17:56:25.683 21808 21860 D OkHttp  : Date: Thu, 06 Aug 2020 15:56:21 GMT
08-06 17:56:25.683 21808 22346 D OkHttp  : Date: Thu, 06 Aug 2020 15:56:21 GMT
08-06 17:56:25.683 21808 21860 D OkHttp  : Content-Type: application/json; charset=utf-8
08-06 17:56:25.683 21808 22346 D OkHttp  : Content-Type: application/json; charset=utf-8
08-06 17:56:25.683 21808 22346 D OkHttp  : Content-Length: 229
08-06 17:56:25.683 21808 21860 D OkHttp  : Content-Length: 661
08-06 17:56:25.683 21808 21860 D OkHttp  : Connection: keep-alive
08-06 17:56:25.683 21808 22346 D OkHttp  : Connection: keep-alive
08-06 17:56:25.683 21808 21860 D OkHttp  : Access-Control-Allow-Origin: *
08-06 17:56:25.683 21808 22346 D OkHttp  : Access-Control-Allow-Origin: *
08-06 17:56:25.683 21808 21860 D OkHttp  : Strict-Transport-Security: max-age=31556926; includeSubDomains; preload
08-06 17:56:25.683 21808 22346 D OkHttp  : Strict-Transport-Security: max-age=31556926; includeSubDomains; preload
08-06 17:56:25.683 21808 21860 D OkHttp  : Cache-Control: Cache-Control: max-age=1800
08-06 17:56:25.683 21808 22346 D OkHttp  : Cache-Control: Cache-Control: max-age=1800
08-06 17:56:25.692 21808 21860 D OkHttp  : {"by":"kwijibob","id":23970290,"kids":[23970437],"parent":23969442,"text":"I&#x27;m all in on GDrive - my whole world is in there. 25 years of files.<p>I do notice Spam occasionally in the &#x27;shared with me&#x27; menu - but it seems to get cleaned up.<p>I already have all 99% notifications turned off in apps.<p>Sounds like the real annoying part is getting the notification with the spammy sexual titles.<p>If you didn&#x27;t get notifications then likely the spam detection would delete before you ever noticed it in your &#x27;Shared with Me&#x27; menu.<p>Android needs to default to opt-in notifications like on IOS.","time":1595889805,"type":"comment"}
08-06 17:56:25.692 21808 21860 D OkHttp  : <-- END HTTP (661-byte body)
08-06 17:56:25.710 21808 22346 D OkHttp  : {"by":"moandcompany","id":23970173,"parent":23969442,"text":"As a ______ also affected by this issue on my personal Gmail accounts, I&#x27;ve filed a feedback&#x2F;request for this internally.","time":1595888992,"type":"comment"}
08-06 17:56:25.711 21808 22346 D OkHttp  : <-- END HTTP (229-byte body)
08-06 17:56:25.785 21808 21852 D MYTAG   : interceptor 1
08-06 17:56:25.786 21808 21852 I NAPPA_EXPERIMENTATION: MetricNetworkRequestExecutionTime: REQUEST_DURATION_SYSTEM='263',REQUEST_DURATION_OKHTTP='263',REQUEST_SYNCHRONOUS='TRUE',RESPONSE_CODE='200',RESPONSE_METHOD='GET',RESPONSE_LENGTH_OKHTTP='185',RESPONSE_LENGTH_HEADER='-2',REQUEST_PROTOCOL='http/1.1',REQUEST_URL='https://hacker-news.firebaseio.com/v0/item/23976344.json',
08-06 17:56:25.793 21808 22339 D MYTAG   : interceptor 1
08-06 17:56:25.794 21808 22339 I NAPPA_EXPERIMENTATION: MetricNetworkRequestExecutionTime: REQUEST_DURATION_SYSTEM='302',REQUEST_DURATION_OKHTTP='302',REQUEST_SYNCHRONOUS='TRUE',RESPONSE_CODE='200',RESPONSE_METHOD='GET',RESPONSE_LENGTH_OKHTTP='404',RESPONSE_LENGTH_HEADER='-2',REQUEST_PROTOCOL='http/1.1',REQUEST_URL='https://hacker-news.firebaseio.com/v0/item/23970172.json',
08-06 17:56:25.796 21808 22349 D MYTAG   : interceptor 1
08-06 17:56:25.796 21808 22349 I NAPPA_EXPERIMENTATION: MetricNetworkRequestExecutionTime: REQUEST_DURATION_SYSTEM='249',REQUEST_DURATION_OKHTTP='248',REQUEST_SYNCHRONOUS='TRUE',RESPONSE_CODE='200',RESPONSE_METHOD='GET',RESPONSE_LENGTH_OKHTTP='500',RESPONSE_LENGTH_HEADER='-2',REQUEST_PROTOCOL='http/1.1',REQUEST_URL='https://hacker-news.firebaseio.com/v0/item/23971214.json',
08-06 17:56:25.801 21808 22345 D MYTAG   : interceptor 1
08-06 17:56:25.802 21808 22345 I NAPPA_EXPERIMENTATION: MetricNetworkRequestExecutionTime: REQUEST_DURATION_SYSTEM='225',REQUEST_DURATION_OKHTTP='225',REQUEST_SYNCHRONOUS='TRUE',RESPONSE_CODE='200',RESPONSE_METHOD='GET',RESPONSE_LENGTH_OKHTTP='375',RESPONSE_LENGTH_HEADER='-2',REQUEST_PROTOCOL='http/1.1',REQUEST_URL='https://hacker-news.firebaseio.com/v0/item/23971557.json',
08-06 17:56:25.803 21808 22370 D MYTAG   : interceptor 1
08-06 17:56:25.803 21808 22370 I NAPPA_EXPERIMENTATION: MetricNetworkRequestExecutionTime: REQUEST_DURATION_SYSTEM='220',REQUEST_DURATION_OKHTTP='220',REQUEST_SYNCHRONOUS='TRUE',RESPONSE_CODE='200',RESPONSE_METHOD='GET',RESPONSE_LENGTH_OKHTTP='233',RESPONSE_LENGTH_HEADER='-2',REQUEST_PROTOCOL='http/1.1',REQUEST_URL='https://hacker-news.firebaseio.com/v0/item/23970862.json',
08-06 17:56:25.811 21808 21856 D MYTAG   : interceptor 1
08-06 17:56:25.811 21808 21856 I NAPPA_EXPERIMENTATION: MetricNetworkRequestExecutionTime: REQUEST_DURATION_SYSTEM='199',REQUEST_DURATION_OKHTTP='198',REQUEST_SYNCHRONOUS='TRUE',RESPONSE_CODE='200',RESPONSE_METHOD='GET',RESPONSE_LENGTH_OKHTTP='199',RESPONSE_LENGTH_HEADER='-2',REQUEST_PROTOCOL='http/1.1',REQUEST_URL='https://hacker-news.firebaseio.com/v0/item/23970298.json',
08-06 17:56:25.817 21808 21852 D OkHttp  : <-- 200 OK https://hacker-news.firebaseio.com/v0/item/23976344.json (1503ms)
08-06 17:56:25.817 21808 21852 D OkHttp  : Server: nginx
08-06 17:56:25.817 21808 21852 D OkHttp  : Date: Thu, 06 Aug 2020 15:56:21 GMT
08-06 17:56:25.817 21808 21852 D OkHttp  : Content-Type: application/json; charset=utf-8
08-06 17:56:25.817 21808 21852 D OkHttp  : Content-Length: 185
08-06 17:56:25.817 21808 21852 D OkHttp  : Connection: keep-alive
08-06 17:56:25.817 21808 21852 D OkHttp  : Access-Control-Allow-Origin: *
08-06 17:56:25.817 21808 21852 D OkHttp  : Strict-Transport-Security: max-age=31556926; includeSubDomains; preload
08-06 17:56:25.817 21808 21852 D OkHttp  : Cache-Control: Cache-Control: max-age=1800
08-06 17:56:25.827 21808 22345 D OkHttp  : <-- 200 OK https://hacker-news.firebaseio.com/v0/item/23971557.json (255ms)
08-06 17:56:25.827 21808 22345 D OkHttp  : Server: nginx
08-06 17:56:25.827 21808 22345 D OkHttp  : Date: Thu, 06 Aug 2020 15:56:21 GMT
08-06 17:56:25.827 21808 22345 D OkHttp  : Content-Type: application/json; charset=utf-8
08-06 17:56:25.828 21808 22345 D OkHttp  : Content-Length: 375
08-06 17:56:25.828 21808 22345 D OkHttp  : Connection: keep-alive
08-06 17:56:25.828 21808 22345 D OkHttp  : Access-Control-Allow-Origin: *
08-06 17:56:25.828 21808 22345 D OkHttp  : Strict-Transport-Security: max-age=31556926; includeSubDomains; preload
08-06 17:56:25.828 21808 22345 D OkHttp  : Cache-Control: Cache-Control: max-age=1800
08-06 17:56:25.830 21808 22345 D OkHttp  : {"by":"Simulacra","id":23971557,"kids":[23971897],"parent":23970236,"text":"We had someone try this at a company I worked at previously. The target was so angry they aggressively complained; the company fired the salesman. It boggles the mind why a sales person would do something that is likely to be seen as an invasion to the prospect.","time":1595901512,"type":"comment"}
08-06 17:56:25.830 21808 22345 D OkHttp  : <-- END HTTP (375-byte body)
08-06 17:56:25.833 21808 22349 D OkHttp  : <-- 200 OK https://hacker-news.firebaseio.com/v0/item/23971214.json (289ms)
08-06 17:56:25.833 21808 22349 D OkHttp  : Server: nginx
08-06 17:56:25.833 21808 22349 D OkHttp  : Date: Thu, 06 Aug 2020 15:56:21 GMT
08-06 17:56:25.833 21808 22349 D OkHttp  : Content-Type: application/json; charset=utf-8
08-06 17:56:25.833 21808 22349 D OkHttp  : Content-Length: 500
08-06 17:56:25.833 21808 22349 D OkHttp  : Connection: keep-alive
08-06 17:56:25.833 21808 22349 D OkHttp  : Access-Control-Allow-Origin: *
08-06 17:56:25.833 21808 22349 D OkHttp  : Strict-Transport-Security: max-age=31556926; includeSubDomains; preload
08-06 17:56:25.833 21808 22349 D OkHttp  : Cache-Control: Cache-Control: max-age=1800
08-06 17:56:25.833 21808 21856 D OkHttp  : <-- 200 OK https://hacker-news.firebaseio.com/v0/item/23970298.json (225ms)
08-06 17:56:25.833 21808 21856 D OkHttp  : Server: nginx
08-06 17:56:25.833 21808 21856 D OkHttp  : Date: Thu, 06 Aug 2020 15:56:21 GMT
08-06 17:56:25.833 21808 21856 D OkHttp  : Content-Type: application/json; charset=utf-8
08-06 17:56:25.833 21808 21856 D OkHttp  : Content-Length: 199
08-06 17:56:25.834 21808 21856 D OkHttp  : Connection: keep-alive
08-06 17:56:25.834 21808 21856 D OkHttp  : Access-Control-Allow-Origin: *
08-06 17:56:25.834 21808 21856 D OkHttp  : Strict-Transport-Security: max-age=31556926; includeSubDomains; preload
08-06 17:56:25.834 21808 21856 D OkHttp  : Cache-Control: Cache-Control: max-age=1800
08-06 17:56:25.835 21808 22349 D OkHttp  : {"by":"WrtCdEvrydy","id":23971214,"kids":[23971924,23973978,23972234],"parent":23970236,"text":"&gt; Dell recently did this to about half a dozen people on my team. &#x27;Q2 Budget Review&#x27;,<p>If you put this shit on my calendar, I will never purchase a product from you. I will additionally, at my own discretion, use it as proof that you have had a data breach and are unable to keep your accounts safe since no real company would really do this on purpose.","time":1595898241,"type":"comment"}
08-06 17:56:25.835 21808 22349 D OkHttp  : <-- END HTTP (500-byte body)
08-06 17:56:25.836 21808 22370 D OkHttp  : <-- 200 OK https://hacker-news.firebaseio.com/v0/item/23970862.json (256ms)
08-06 17:56:25.836 21808 22370 D OkHttp  : Server: nginx
08-06 17:56:25.836 21808 22370 D OkHttp  : Date: Thu, 06 Aug 2020 15:56:22 GMT
08-06 17:56:25.836 21808 22370 D OkHttp  : Content-Type: application/json; charset=utf-8
08-06 17:56:25.836 21808 22370 D OkHttp  : Content-Length: 233
08-06 17:56:25.836 21808 22370 D OkHttp  : Connection: keep-alive
08-06 17:56:25.836 21808 22370 D OkHttp  : Access-Control-Allow-Origin: *
08-06 17:56:25.836 21808 22370 D OkHttp  : Strict-Transport-Security: max-age=31556926; includeSubDomains; preload
08-06 17:56:25.836 21808 22370 D OkHttp  : Cache-Control: Cache-Control: max-age=1800
08-06 17:56:25.838 21808 22339 D OkHttp  : <-- 200 OK https://hacker-news.firebaseio.com/v0/item/23970172.json (1504ms)
08-06 17:56:25.838 21808 22339 D OkHttp  : Server: nginx
08-06 17:56:25.838 21808 22339 D OkHttp  : Date: Thu, 06 Aug 2020 15:56:22 GMT
08-06 17:56:25.839 21808 22339 D OkHttp  : Content-Type: application/json; charset=utf-8
08-06 17:56:25.839 21808 22339 D OkHttp  : Content-Length: 404
08-06 17:56:25.839 21808 22339 D OkHttp  : Connection: keep-alive
08-06 17:56:25.839 21808 22339 D OkHttp  : Access-Control-Allow-Origin: *
08-06 17:56:25.839 21808 22339 D OkHttp  : Strict-Transport-Security: max-age=31556926; includeSubDomains; preload
08-06 17:56:25.839 21808 22339 D OkHttp  : Cache-Control: Cache-Control: max-age=1800
08-06 17:56:25.840 21808 21856 D OkHttp  : {"by":"kstrauser","id":23970298,"kids":[23972381],"parent":23970236,"text":"That sounds like an excellent way to make me ban all inbound traffic from that vendor.","time":1595889859,"type":"comment"}
08-06 17:56:25.840 21808 21856 D OkHttp  : <-- END HTTP (199-byte body)
08-06 17:56:25.841 21808 21852 D OkHttp  : {"by":"throwaway29102","id":23976344,"parent":23969442,"text":"In the spirit of 2020, maybe making the problem worse will ultimately make it better?","time":1595947590,"type":"comment"}
08-06 17:56:25.841 21808 21852 D OkHttp  : <-- END HTTP (185-byte body)
08-06 17:56:25.853 21808 22339 D OkHttp  : {"by":"dawnerd","id":23970172,"kids":[23970315,23970440],"parent":23969442,"text":"little side question, whats with these support forums that almost never have real employees answering but have community &#x27;support specialists&#x27; that never answer the question and only tell you to use the feedback forms but beg for props on their answers. I don&#x27;t get it.","time":1595888992,"type":"comment"}
08-06 17:56:25.854 21808 22339 D OkHttp  : <-- END HTTP (404-byte body)
08-06 17:56:25.863 21808 22370 D OkHttp  : {"by":"pavel_lishin","id":23970862,"kids":[23971030],"parent":23970236,"text":"&gt; <i>It&#x27;s used not just by spammers, but by sales reps, too.</i><p>Not sure there&#x27;s a distinction there.","time":1595895099,"type":"comment"}
08-06 17:56:25.863 21808 22370 D OkHttp  : <-- END HTTP (233-byte body)
08-06 17:56:25.878 21808 22745 D MYTAG   : interceptor 1
08-06 17:56:25.879 21808 22745 I NAPPA_EXPERIMENTATION: MetricNetworkRequestExecutionTime: REQUEST_DURATION_SYSTEM='88',REQUEST_DURATION_OKHTTP='88',REQUEST_SYNCHRONOUS='TRUE',RESPONSE_CODE='200',RESPONSE_METHOD='GET',RESPONSE_LENGTH_OKHTTP='376',RESPONSE_LENGTH_HEADER='-2',REQUEST_PROTOCOL='http/1.1',REQUEST_URL='https://hacker-news.firebaseio.com/v0/item/23970050.json',
08-06 17:56:25.884 21808 22753 D MYTAG   : interceptor 1
08-06 17:56:25.884 21808 22753 I NAPPA_EXPERIMENTATION: MetricNetworkRequestExecutionTime: REQUEST_DURATION_SYSTEM='70',REQUEST_DURATION_OKHTTP='70',REQUEST_SYNCHRONOUS='TRUE',RESPONSE_CODE='200',RESPONSE_METHOD='GET',RESPONSE_LENGTH_OKHTTP='812',RESPONSE_LENGTH_HEADER='-2',REQUEST_PROTOCOL='http/1.1',REQUEST_URL='https://hacker-news.firebaseio.com/v0/item/23970705.json',
08-06 17:56:25.891 21808 22753 D OkHttp  : <-- 200 OK https://hacker-news.firebaseio.com/v0/item/23970705.json (1129ms)
08-06 17:56:25.891 21808 22753 D OkHttp  : Server: nginx
08-06 17:56:25.891 21808 22753 D OkHttp  : Date: Thu, 06 Aug 2020 15:56:22 GMT
08-06 17:56:25.891 21808 22753 D OkHttp  : Content-Type: application/json; charset=utf-8
08-06 17:56:25.891 21808 22753 D OkHttp  : Content-Length: 812
08-06 17:56:25.891 21808 22753 D OkHttp  : Connection: keep-alive
08-06 17:56:25.891 21808 22753 D OkHttp  : Access-Control-Allow-Origin: *
08-06 17:56:25.891 21808 22745 D OkHttp  : <-- 200 OK https://hacker-news.firebaseio.com/v0/item/23970050.json (1163ms)
08-06 17:56:25.891 21808 22753 D OkHttp  : Strict-Transport-Security: max-age=31556926; includeSubDomains; preload
08-06 17:56:25.891 21808 22745 D OkHttp  : Server: nginx
08-06 17:56:25.891 21808 22753 D OkHttp  : Cache-Control: Cache-Control: max-age=1800
08-06 17:56:25.891 21808 22745 D OkHttp  : Date: Thu, 06 Aug 2020 15:56:21 GMT
08-06 17:56:25.891 21808 22745 D OkHttp  : Content-Type: application/json; charset=utf-8
08-06 17:56:25.891 21808 22745 D OkHttp  : Content-Length: 376
08-06 17:56:25.891 21808 22745 D OkHttp  : Connection: keep-alive
08-06 17:56:25.891 21808 22745 D OkHttp  : Access-Control-Allow-Origin: *
08-06 17:56:25.891 21808 22745 D OkHttp  : Strict-Transport-Security: max-age=31556926; includeSubDomains; preload
08-06 17:56:25.891 21808 22745 D OkHttp  : Cache-Control: Cache-Control: max-age=1800
08-06 17:56:25.923 21808 22753 D OkHttp  : {"by":"arthurcolle","id":23970705,"kids":[23971004,23970792],"parent":23969879,"text":"Yeah I asked why I couldnt download old emails between when I started the Gmail Pro or whatever subscription and then subscription lapsed and the genius bootlickers on Support duty said &quot;well its your fault for not continuing to pay, what do you expect?&quot;<p>Of course the data is available to download if I pay, but my previous 2 years of payment didn&#x27;t count. (mysterious)<p>Will literally never pay Google for anything ever again after that, its actually evil.<p>Compare that to the new service hey.com which claims you can download&#x2F;export forever.<p>Fuck Google. Just bought a new MacBook Pro yesterday and I will never install or use any Google products on it ever.","time":1595893722,"type":"comment"}
08-06 17:56:25.923 21808 22753 D OkHttp  : <-- END HTTP (812-byte body)
08-06 17:56:25.927 21808 22745 D OkHttp  : {"by":"mcny","id":23970050,"kids":[23970313],"parent":23969879,"text":"&gt; They don&#x27;t even have an option to show you how much space folders take up, when they charge you based on space usage.<p>iirc unlike Dropbox, files shared with you do not count against your quota on Google Drive as long as you don&#x27;t add it to your drive.","time":1595888139,"type":"comment"}
08-06 17:56:25.927 21808 22745 D OkHttp  : <-- END HTTP (376-byte body)
08-06 17:56:25.981 21808 22766 D OkHttp  : --> GET https://hacker-news.firebaseio.com/v0/item/23971924.json
08-06 17:56:25.981 21808 22766 D OkHttp  : Cache-Control: max-age=1800
08-06 17:56:25.981 21808 22766 D OkHttp  : --> END GET
08-06 17:56:25.995 21808 22352 D MYTAG   : interceptor 1
08-06 17:56:25.995 21808 22352 I NAPPA_EXPERIMENTATION: MetricNetworkRequestExecutionTime: REQUEST_DURATION_SYSTEM='124',REQUEST_DURATION_OKHTTP='124',REQUEST_SYNCHRONOUS='TRUE',RESPONSE_CODE='200',RESPONSE_METHOD='GET',RESPONSE_LENGTH_OKHTTP='389',RESPONSE_LENGTH_HEADER='-2',REQUEST_PROTOCOL='http/1.1',REQUEST_URL='https://hacker-news.firebaseio.com/v0/item/23970196.json',
08-06 17:56:25.998 21808 22347 D OkHttp  : --> GET https://hacker-news.firebaseio.com/v0/item/23973978.json
08-06 17:56:25.998 21808 22347 D OkHttp  : Cache-Control: max-age=1800
08-06 17:56:25.998 21808 22347 D OkHttp  : --> END GET
08-06 17:56:25.999 21808 22352 D OkHttp  : <-- 200 OK https://hacker-news.firebaseio.com/v0/item/23970196.json (1290ms)
08-06 17:56:25.999 21808 22762 D MYTAG   : interceptor 1
08-06 17:56:25.999 21808 22352 D OkHttp  : Server: nginx
08-06 17:56:25.999 21808 22352 D OkHttp  : Date: Thu, 06 Aug 2020 15:56:21 GMT
08-06 17:56:25.999 21808 22762 I NAPPA_EXPERIMENTATION: MetricNetworkRequestExecutionTime: REQUEST_DURATION_SYSTEM='137',REQUEST_DURATION_OKHTTP='137',REQUEST_SYNCHRONOUS='TRUE',RESPONSE_CODE='200',RESPONSE_METHOD='GET',RESPONSE_LENGTH_OKHTTP='236',RESPONSE_LENGTH_HEADER='-2',REQUEST_PROTOCOL='http/1.1',REQUEST_URL='https://hacker-news.firebaseio.com/v0/item/23970063.json',
08-06 17:56:25.999 21808 22352 D OkHttp  : Content-Type: application/json; charset=utf-8
08-06 17:56:25.999 21808 22352 D OkHttp  : Content-Length: 389
08-06 17:56:25.999 21808 22352 D OkHttp  : Connection: keep-alive
08-06 17:56:25.999 21808 22352 D OkHttp  : Access-Control-Allow-Origin: *
08-06 17:56:26.000 21808 22352 D OkHttp  : Strict-Transport-Security: max-age=31556926; includeSubDomains; preload
08-06 17:56:26.000 21808 22352 D OkHttp  : Cache-Control: Cache-Control: max-age=1800
08-06 17:56:26.003 21808 22762 D OkHttp  : <-- 200 OK https://hacker-news.firebaseio.com/v0/item/23970063.json (1184ms)
08-06 17:56:26.003 21808 22762 D OkHttp  : Server: nginx
08-06 17:56:26.003 21808 22762 D OkHttp  : Date: Thu, 06 Aug 2020 15:56:22 GMT
08-06 17:56:26.003 21808 22762 D OkHttp  : Content-Type: application/json; charset=utf-8
08-06 17:56:26.003 21808 22762 D OkHttp  : Content-Length: 236
08-06 17:56:26.003 21808 22762 D OkHttp  : Connection: keep-alive
08-06 17:56:26.003 21808 22762 D OkHttp  : Access-Control-Allow-Origin: *
08-06 17:56:26.003 21808 22762 D OkHttp  : Strict-Transport-Security: max-age=31556926; includeSubDomains; preload
08-06 17:56:26.003 21808 22762 D OkHttp  : Cache-Control: Cache-Control: max-age=1800
08-06 17:56:26.017 21808 22338 D OkHttp  : --> GET https://hacker-news.firebaseio.com/v0/item/23972234.json
08-06 17:56:26.017 21808 22338 D OkHttp  : Cache-Control: max-age=1800
08-06 17:56:26.017 21808 22338 D OkHttp  : --> END GET
08-06 17:56:26.022 21808 22343 D MYTAG   : interceptor 1
08-06 17:56:26.022 21808 22343 I NAPPA_EXPERIMENTATION: MetricNetworkRequestExecutionTime: REQUEST_DURATION_SYSTEM='165',REQUEST_DURATION_OKHTTP='165',REQUEST_SYNCHRONOUS='TRUE',RESPONSE_CODE='200',RESPONSE_METHOD='GET',RESPONSE_LENGTH_OKHTTP='1084',RESPONSE_LENGTH_HEADER='-2',REQUEST_PROTOCOL='http/1.1',REQUEST_URL='https://hacker-news.firebaseio.com/v0/item/23970795.json',
08-06 17:56:26.026 21808 22343 D OkHttp  : <-- 200 OK https://hacker-news.firebaseio.com/v0/item/23970795.json (1334ms)
08-06 17:56:26.026 21808 22343 D OkHttp  : Server: nginx
08-06 17:56:26.026 21808 22343 D OkHttp  : Date: Thu, 06 Aug 2020 15:56:21 GMT
08-06 17:56:26.026 21808 22343 D OkHttp  : Content-Type: application/json; charset=utf-8
08-06 17:56:26.026 21808 22343 D OkHttp  : Content-Length: 1084
08-06 17:56:26.026 21808 22343 D OkHttp  : Connection: keep-alive
08-06 17:56:26.026 21808 22343 D OkHttp  : Access-Control-Allow-Origin: *
08-06 17:56:26.026 21808 22343 D OkHttp  : Strict-Transport-Security: max-age=31556926; includeSubDomains; preload
08-06 17:56:26.026 21808 22343 D OkHttp  : Cache-Control: Cache-Control: max-age=1800
08-06 17:56:26.030 21808 22352 D OkHttp  : {"by":"xtracto","id":23970196,"kids":[23970458,23970522,23970318,23970547],"parent":23969879,"text":"Google support forums are terrible. Every time there is a missing feature (I usually find it in Google Spreadsheet) or a bug, the corresponding entry in the support forum would be answered with some pretext of why said feature will never be supported.","time":1595889178,"type":"comment"}
08-06 17:56:26.030 21808 22352 D OkHttp  : <-- END HTTP (389-byte body)
08-06 17:56:26.033 21808 22760 D MYTAG   : interceptor 1
08-06 17:56:26.033 21808 22760 I NAPPA_EXPERIMENTATION: MetricNetworkRequestExecutionTime: REQUEST_DURATION_SYSTEM='146',REQUEST_DURATION_OKHTTP='145',REQUEST_SYNCHRONOUS='TRUE',RESPONSE_CODE='200',RESPONSE_METHOD='GET',RESPONSE_LENGTH_OKHTTP='241',RESPONSE_LENGTH_HEADER='-2',REQUEST_PROTOCOL='http/1.1',REQUEST_URL='https://hacker-news.firebaseio.com/v0/item/23970574.json',
08-06 17:56:26.036 21808 22760 D OkHttp  : <-- 200 OK https://hacker-news.firebaseio.com/v0/item/23970574.json (1231ms)
08-06 17:56:26.037 21808 22760 D OkHttp  : Server: nginx
08-06 17:56:26.037 21808 22760 D OkHttp  : Date: Thu, 06 Aug 2020 15:56:22 GMT
08-06 17:56:26.037 21808 22760 D OkHttp  : Content-Type: application/json; charset=utf-8
08-06 17:56:26.037 21808 22760 D OkHttp  : Content-Length: 241
08-06 17:56:26.037 21808 22760 D OkHttp  : Connection: keep-alive
08-06 17:56:26.037 21808 22760 D OkHttp  : Access-Control-Allow-Origin: *
08-06 17:56:26.037 21808 22760 D OkHttp  : Strict-Transport-Security: max-age=31556926; includeSubDomains; preload
08-06 17:56:26.037 21808 22760 D OkHttp  : Cache-Control: Cache-Control: max-age=1800
08-06 17:56:26.038 21808 22747 D MYTAG   : interceptor 1
08-06 17:56:26.039 21808 22747 I NAPPA_EXPERIMENTATION: MetricNetworkRequestExecutionTime: REQUEST_DURATION_SYSTEM='149',REQUEST_DURATION_OKHTTP='149',REQUEST_SYNCHRONOUS='TRUE',RESPONSE_CODE='200',RESPONSE_METHOD='GET',RESPONSE_LENGTH_OKHTTP='211',RESPONSE_LENGTH_HEADER='-2',REQUEST_PROTOCOL='http/1.1',REQUEST_URL='https://hacker-news.firebaseio.com/v0/item/23970388.json',
08-06 17:56:26.042 21808 22747 D OkHttp  : <-- 200 OK https://hacker-news.firebaseio.com/v0/item/23970388.json (1296ms)
08-06 17:56:26.042 21808 22747 D OkHttp  : Server: nginx
08-06 17:56:26.042 21808 22747 D OkHttp  : Date: Thu, 06 Aug 2020 15:56:22 GMT
08-06 17:56:26.042 21808 22747 D OkHttp  : Content-Type: application/json; charset=utf-8
08-06 17:56:26.042 21808 22747 D OkHttp  : Content-Length: 211
08-06 17:56:26.042 21808 22747 D OkHttp  : Connection: keep-alive
08-06 17:56:26.042 21808 22747 D OkHttp  : Access-Control-Allow-Origin: *
08-06 17:56:26.042 21808 22747 D OkHttp  : Strict-Transport-Security: max-age=31556926; includeSubDomains; preload
08-06 17:56:26.042 21808 22747 D OkHttp  : Cache-Control: Cache-Control: max-age=1800
08-06 17:56:26.045 21808 22762 D OkHttp  : {"by":"varjag","dead":true,"id":23970063,"kids":[23970144,23970365],"parent":23969879,"text":"Just shows how little talent there really is at Google. Everyone who can code are now on the doodle team.","time":1595888236,"type":"comment"}
08-06 17:56:26.045 21808 22762 D OkHttp  : <-- END HTTP (236-byte body)
08-06 17:56:26.061 21808 22343 D OkHttp  : {"by":"makecheck","id":23970795,"kids":[23971187],"parent":23969879,"text":"Wasting space in Google products is comically easy too, because it’s so “integrated” that you can have crap everywhere and may or may not know how to get rid of it.<p>I tried uploading a title image to my YouTube channel, and somehow doing so created an entire Google Photos account (even though the channel image is not a photo!).  I dragged-and-dropped several replacement images because the YouTube UI for layout preview&#x2F;cropping is so terrible that I didn’t get it right the first few times.  Except the images are <i>not</i> replaced, they’re <i>added</i>, and there is <i>nothing</i> in YouTube to delete them.  You have to go into Google Photos, and several screens later “delete” your “photos” of useless uploads.  Except they’re not deleted, they’re in the “Trash”; etc. etc.<p>These are basic things that wouldn’t be stupidly hard to do if anyone there had any power over, or concern with, the full flow of using their products.","time":1595894537,"type":"comment"}
08-06 17:56:26.061 21808 22343 D OkHttp  : <-- END HTTP (1084-byte body)
08-06 17:56:26.071 21808 22760 D OkHttp  : {"by":"throwawaysea","id":23970574,"parent":23969879,"text":"Apple forums are also like this. There are a bunch of Apple apologists full of zeal, trivializing problems and giving people false workarounds.","time":1595892368,"type":"comment"}
08-06 17:56:26.071 21808 22760 D OkHttp  : <-- END HTTP (241-byte body)
08-06 17:56:26.076 21808 21855 D OkHttp  : --> GET https://hacker-news.firebaseio.com/v0/item/23971897.json
08-06 17:56:26.076 21808 21855 D OkHttp  : Cache-Control: max-age=1800
08-06 17:56:26.076 21808 21855 D OkHttp  : --> END GET
08-06 17:56:26.080 21808 22747 D OkHttp  : {"by":"knolan","id":23970388,"kids":[23970666,23970539],"parent":23969879,"text":"This reminds me of the obnoxious know-it-all that lives under the bridge on the QNAP forums.","time":1595890639,"type":"comment"}
08-06 17:56:26.080 21808 22747 D OkHttp  : <-- END HTTP (211-byte body)
08-06 17:56:26.109 21808 22558 D OkHttp  : --> GET https://hacker-news.firebaseio.com/v0/item/23972381.json
08-06 17:56:26.109 21808 22558 D OkHttp  : Cache-Control: max-age=1800
08-06 17:56:26.109 21808 22558 D OkHttp  : --> END GET
08-06 17:56:26.109 21808 22766 D MYTAG   : interceptor 1
08-06 17:56:26.110 21808 22766 I NAPPA_EXPERIMENTATION: MetricNetworkRequestExecutionTime: REQUEST_DURATION_SYSTEM='123',REQUEST_DURATION_OKHTTP='123',REQUEST_SYNCHRONOUS='TRUE',RESPONSE_CODE='200',RESPONSE_METHOD='GET',RESPONSE_LENGTH_OKHTTP='203',RESPONSE_LENGTH_HEADER='-2',REQUEST_PROTOCOL='http/1.1',REQUEST_URL='https://hacker-news.firebaseio.com/v0/item/23971924.json',
08-06 17:56:26.114 21808 22766 D OkHttp  : <-- 200 OK https://hacker-news.firebaseio.com/v0/item/23971924.json (132ms)
08-06 17:56:26.114 21808 22766 D OkHttp  : Server: nginx
08-06 17:56:26.114 21808 22766 D OkHttp  : Date: Thu, 06 Aug 2020 15:56:22 GMT
08-06 17:56:26.114 21808 22766 D OkHttp  : Content-Type: application/json; charset=utf-8
08-06 17:56:26.116 21808 22758 D MYTAG   : interceptor 1
08-06 17:56:26.116 21808 22766 D OkHttp  : Content-Length: 203
08-06 17:56:26.116 21808 22766 D OkHttp  : Connection: keep-alive
08-06 17:56:26.116 21808 22766 D OkHttp  : Access-Control-Allow-Origin: *
08-06 17:56:26.116 21808 22758 I NAPPA_EXPERIMENTATION: MetricNetworkRequestExecutionTime: REQUEST_DURATION_SYSTEM='240',REQUEST_DURATION_OKHTTP='240',REQUEST_SYNCHRONOUS='TRUE',RESPONSE_CODE='200',RESPONSE_METHOD='GET',RESPONSE_LENGTH_OKHTTP='526',RESPONSE_LENGTH_HEADER='-2',REQUEST_PROTOCOL='http/1.1',REQUEST_URL='https://hacker-news.firebaseio.com/v0/item/23970392.json',
08-06 17:56:26.116 21808 22766 D OkHttp  : Strict-Transport-Security: max-age=31556926; includeSubDomains; preload
08-06 17:56:26.116 21808 22766 D OkHttp  : Cache-Control: Cache-Control: max-age=1800
08-06 17:56:26.119 21808 22766 D OkHttp  : {"by":"o-__-o","id":23971924,"kids":[23972051],"parent":23971214,"text":"For every one person who vows to never purchase their product, 10 others become useful leads.","time":1595905948,"type":"comment"}
08-06 17:56:26.119 21808 22766 D OkHttp  : <-- END HTTP (203-byte body)
08-06 17:56:26.121 21808 22758 D OkHttp  : <-- 200 OK https://hacker-news.firebaseio.com/v0/item/23970392.json (1331ms)
08-06 17:56:26.121 21808 22758 D OkHttp  : Server: nginx
08-06 17:56:26.121 21808 22758 D OkHttp  : Date: Thu, 06 Aug 2020 15:56:22 GMT
08-06 17:56:26.121 21808 22758 D OkHttp  : Content-Type: application/json; charset=utf-8
08-06 17:56:26.121 21808 22758 D OkHttp  : Content-Length: 526
08-06 17:56:26.121 21808 22758 D OkHttp  : Connection: keep-alive
08-06 17:56:26.121 21808 22758 D OkHttp  : Access-Control-Allow-Origin: *
08-06 17:56:26.121 21808 22758 D OkHttp  : Strict-Transport-Security: max-age=31556926; includeSubDomains; preload
08-06 17:56:26.121 21808 22758 D OkHttp  : Cache-Control: Cache-Control: max-age=1800
08-06 17:56:26.130 21808 22508 I art     : Starting a blocking GC Explicit
08-06 17:56:26.131 21808 22756 D MYTAG   : interceptor 1
08-06 17:56:26.131 21808 22756 I NAPPA_EXPERIMENTATION: MetricNetworkRequestExecutionTime: REQUEST_DURATION_SYSTEM='242',REQUEST_DURATION_OKHTTP='242',REQUEST_SYNCHRONOUS='TRUE',RESPONSE_CODE='200',RESPONSE_METHOD='GET',RESPONSE_LENGTH_OKHTTP='252',RESPONSE_LENGTH_HEADER='-2',REQUEST_PROTOCOL='http/1.1',REQUEST_URL='https://hacker-news.firebaseio.com/v0/item/23970244.json',
08-06 17:56:26.135 21808 22756 D OkHttp  : <-- 200 OK https://hacker-news.firebaseio.com/v0/item/23970244.json (1359ms)
08-06 17:56:26.135 21808 22756 D OkHttp  : Server: nginx
08-06 17:56:26.135 21808 22756 D OkHttp  : Date: Thu, 06 Aug 2020 15:56:22 GMT
08-06 17:56:26.135 21808 22756 D OkHttp  : Content-Type: application/json; charset=utf-8
08-06 17:56:26.135 21808 22756 D OkHttp  : Content-Length: 252
08-06 17:56:26.135 21808 22756 D OkHttp  : Connection: keep-alive
08-06 17:56:26.135 21808 22756 D OkHttp  : Access-Control-Allow-Origin: *
08-06 17:56:26.135 21808 22756 D OkHttp  : Strict-Transport-Security: max-age=31556926; includeSubDomains; preload
08-06 17:56:26.135 21808 22756 D OkHttp  : Cache-Control: Cache-Control: max-age=1800
08-06 17:56:26.141 21808 22347 D MYTAG   : interceptor 1
08-06 17:56:26.141 21808 22347 I NAPPA_EXPERIMENTATION: MetricNetworkRequestExecutionTime: REQUEST_DURATION_SYSTEM='138',REQUEST_DURATION_OKHTTP='138',REQUEST_SYNCHRONOUS='TRUE',RESPONSE_CODE='200',RESPONSE_METHOD='GET',RESPONSE_LENGTH_OKHTTP='83',RESPONSE_LENGTH_HEADER='-2',REQUEST_PROTOCOL='http/1.1',REQUEST_URL='https://hacker-news.firebaseio.com/v0/item/23973978.json',
08-06 17:56:26.145 21808 22347 D OkHttp  : <-- 200 OK https://hacker-news.firebaseio.com/v0/item/23973978.json (146ms)
08-06 17:56:26.145 21808 22347 D OkHttp  : Server: nginx
08-06 17:56:26.151 21808 22758 D OkHttp  : {"by":"perennate","id":23970392,"kids":[23970436,23970406],"parent":23969879,"text":"When I read the recommended response in thread you linked, I just feel like they&#x27;re acknowledging the feature doesn&#x27;t exist and suggesting to use Send Feedback as a potential avenue to increase the chance that the feature gets implemented. It may be that important features are missing, but I don&#x27;t think the forum mods can do anything about that and the reply didn&#x27;t seem rude to me.","time":1595890674,"type":"comment"}
08-06 17:56:26.151 21808 22758 D OkHttp  : <-- END HTTP (526-byte body)
08-06 17:56:26.153 21808 22347 D OkHttp  : Date: Thu, 06 Aug 2020 15:56:22 GMT
08-06 17:56:26.153 21808 22347 D OkHttp  : Content-Type: application/json; charset=utf-8
08-06 17:56:26.154 21808 22347 D OkHttp  : Content-Length: 83
08-06 17:56:26.154 21808 22347 D OkHttp  : Connection: keep-alive
08-06 17:56:26.154 21808 22347 D OkHttp  : Access-Control-Allow-Origin: *
08-06 17:56:26.154 21808 22347 D OkHttp  : Strict-Transport-Security: max-age=31556926; includeSubDomains; preload
08-06 17:56:26.154 21808 22347 D OkHttp  : Cache-Control: Cache-Control: max-age=1800
08-06 17:56:26.165 21808 22347 D OkHttp  : {"deleted":true,"id":23973978,"parent":23971214,"time":1595928835,"type":"comment"}
08-06 17:56:26.165 21808 22347 D OkHttp  : <-- END HTTP (83-byte body)
08-06 17:56:26.171 21808 22756 D OkHttp  : {"by":"mey","id":23970244,"kids":[23970889,23970595,23970398],"parent":23969879,"text":"Even better, they make it pretty impossible to manage your online storage of photos since they split it out of drive.google.com","time":1595889478,"type":"comment"}
08-06 17:56:26.171 21808 22756 D OkHttp  : <-- END HTTP (252-byte body)
08-06 17:56:26.190 21808 22338 D MYTAG   : interceptor 1
08-06 17:56:26.190 21808 22338 I NAPPA_EXPERIMENTATION: MetricNetworkRequestExecutionTime: REQUEST_DURATION_SYSTEM='168',REQUEST_DURATION_OKHTTP='168',REQUEST_SYNCHRONOUS='TRUE',RESPONSE_CODE='200',RESPONSE_METHOD='GET',RESPONSE_LENGTH_OKHTTP='262',RESPONSE_LENGTH_HEADER='-2',REQUEST_PROTOCOL='http/1.1',REQUEST_URL='https://hacker-news.firebaseio.com/v0/item/23972234.json',
08-06 17:56:26.196 21808 22338 D OkHttp  : <-- 200 OK https://hacker-news.firebaseio.com/v0/item/23972234.json (178ms)
08-06 17:56:26.196 21808 22338 D OkHttp  : Server: nginx
08-06 17:56:26.196 21808 22338 D OkHttp  : Date: Thu, 06 Aug 2020 15:56:22 GMT
08-06 17:56:26.196 21808 22338 D OkHttp  : Content-Type: application/json; charset=utf-8
08-06 17:56:26.196 21808 22338 D OkHttp  : Content-Length: 262
08-06 17:56:26.196 21808 22338 D OkHttp  : Connection: keep-alive
08-06 17:56:26.196 21808 22338 D OkHttp  : Access-Control-Allow-Origin: *
08-06 17:56:26.196 21808 22338 D OkHttp  : Strict-Transport-Security: max-age=31556926; includeSubDomains; preload
08-06 17:56:26.196 21808 22338 D OkHttp  : Cache-Control: Cache-Control: max-age=1800
08-06 17:56:26.199 21808 22338 D OkHttp  : {"by":"gjs278","dead":true,"id":23972234,"parent":23971214,"text":"ok... and you know it wasn’t a breech. anyone you explained it to would understand it was a sales rep taking advantage of a bug. you’d sound a little off.","time":1595909897,"type":"comment"}
08-06 17:56:26.199 21808 22338 D OkHttp  : <-- END HTTP (262-byte body)
08-06 17:56:26.202 21808 21855 D MYTAG   : interceptor 1
08-06 17:56:26.203 21808 21855 I NAPPA_EXPERIMENTATION: MetricNetworkRequestExecutionTime: REQUEST_DURATION_SYSTEM='121',REQUEST_DURATION_OKHTTP='121',REQUEST_SYNCHRONOUS='TRUE',RESPONSE_CODE='200',RESPONSE_METHOD='GET',RESPONSE_LENGTH_OKHTTP='607',RESPONSE_LENGTH_HEADER='-2',REQUEST_PROTOCOL='http/1.1',REQUEST_URL='https://hacker-news.firebaseio.com/v0/item/23971897.json',
08-06 17:56:26.210 21808 21855 D OkHttp  : <-- 200 OK https://hacker-news.firebaseio.com/v0/item/23971897.json (133ms)
08-06 17:56:26.211 21808 21855 D OkHttp  : Server: nginx
08-06 17:56:26.211 21808 21855 D OkHttp  : Date: Thu, 06 Aug 2020 15:56:22 GMT
08-06 17:56:26.211 21808 21855 D OkHttp  : Content-Type: application/json; charset=utf-8
08-06 17:56:26.211 21808 21855 D OkHttp  : Content-Length: 607
08-06 17:56:26.211 21808 21855 D OkHttp  : Connection: keep-alive
08-06 17:56:26.211 21808 21855 D OkHttp  : Access-Control-Allow-Origin: *
08-06 17:56:26.211 21808 21855 D OkHttp  : Strict-Transport-Security: max-age=31556926; includeSubDomains; preload
08-06 17:56:26.211 21808 21855 D OkHttp  : Cache-Control: Cache-Control: max-age=1800
08-06 17:56:26.213 21808 21855 D OkHttp  : {"by":"dreamcompiler","id":23971897,"kids":[23971961,23972074],"parent":23971557,"text":"&gt; It boggles the mind why a sales person would do something that is likely to be seen as an invasion to the prospect.<p>Sales droids don&#x27;t think the same way regular people do. A lot of them really believe everybody is as extroverted as they are and introverts are just pretending. And that everybody would be as excited about their product as they are, if they only knew about it. The best sales people can adopt the point of view of their prospects; mediocre ones cannot.","time":1595905474,"type":"comment"}
08-06 17:56:26.213 21808 21855 D OkHttp  : <-- END HTTP (607-byte body)
08-06 17:56:26.224 21808 21847 D OkHttp  : --> GET https://hacker-news.firebaseio.com/v0/item/23971030.json
08-06 17:56:26.224 21808 21847 D OkHttp  : Cache-Control: max-age=1800
08-06 17:56:26.224 21808 21847 D OkHttp  : --> END GET
08-06 17:56:26.233 21808 22508 I art     : Explicit concurrent mark sweep GC freed 49072(3MB) AllocSpace objects, 24(496KB) LOS objects, 31% free, 35MB/51MB, paused 4.796ms total 102.514ms
08-06 17:56:26.237 21808 22558 D MYTAG   : interceptor 1
08-06 17:56:26.237 21808 22558 I NAPPA_EXPERIMENTATION: MetricNetworkRequestExecutionTime: REQUEST_DURATION_SYSTEM='123',REQUEST_DURATION_OKHTTP='123',REQUEST_SYNCHRONOUS='TRUE',RESPONSE_CODE='200',RESPONSE_METHOD='GET',RESPONSE_LENGTH_OKHTTP='209',RESPONSE_LENGTH_HEADER='-2',REQUEST_PROTOCOL='http/1.1',REQUEST_URL='https://hacker-news.firebaseio.com/v0/item/23972381.json',
08-06 17:56:26.240 21808 22558 D OkHttp  : <-- 200 OK https://hacker-news.firebaseio.com/v0/item/23972381.json (131ms)
08-06 17:56:26.240 21808 22558 D OkHttp  : Server: nginx
08-06 17:56:26.241 21808 22558 D OkHttp  : Date: Thu, 06 Aug 2020 15:56:22 GMT
08-06 17:56:26.241 21808 22558 D OkHttp  : Content-Type: application/json; charset=utf-8
