08-06 16:16:52.478  8235  8317 I art     : Explicit concurrent mark sweep GC freed 3161(221KB) AllocSpace objects, 0(0B) LOS objects, 35% free, 29MB/45MB, paused 1.371ms total 37.915ms
08-06 16:16:52.490  8235  8317 I art     : Starting a blocking GC Explicit
08-06 16:16:52.499  8235  8271 D MYTAG   : interceptor 1
08-06 16:16:52.499  8235  8271 I NAPPA_EXPERIMENTATION: MetricNetworkRequestExecutionTime: REQUEST_DURATION_SYSTEM='49',REQUEST_DURATION_OKHTTP='49',REQUEST_SYNCHRONOUS='TRUE',RESPONSE_CODE='200',RESPONSE_METHOD='GET',RESPONSE_LENGTH_OKHTTP='493',RESPONSE_LENGTH_HEADER='-2',REQUEST_PROTOCOL='http/1.1',REQUEST_URL='https://hacker-news.firebaseio.com/v0/item/23971814.json',
08-06 16:16:52.501  8235  8271 D OkHttp  : <-- 200 OK https://hacker-news.firebaseio.com/v0/item/23971814.json (52ms)
08-06 16:16:52.501  8235  8271 D OkHttp  : Server: nginx
08-06 16:16:52.501  8235  8271 D OkHttp  : Date: Thu, 06 Aug 2020 14:16:48 GMT
08-06 16:16:52.501  8235  8271 D OkHttp  : Content-Type: application/json; charset=utf-8
08-06 16:16:52.501  8235  8271 D OkHttp  : Content-Length: 493
08-06 16:16:52.502  8235  8271 D OkHttp  : Connection: keep-alive
08-06 16:16:52.502  8235  8271 D OkHttp  : Access-Control-Allow-Origin: *
08-06 16:16:52.502  8235  8271 D OkHttp  : Strict-Transport-Security: max-age=31556926; includeSubDomains; preload
08-06 16:16:52.502  8235  8271 D OkHttp  : Cache-Control: Cache-Control: max-age=1800
08-06 16:16:52.507  8235  8271 D OkHttp  : {"by":"viburnum","descendants":73,"id":23971814,"kids":[23974455,23974768,23972137,23974514,23972548,23972307,23972991,23972043,23973029,23976750,23972693,23973875,23973672,23975670,23973871,23972091,23972066,23973957,23974409,23974073,23973624,23972877,23972649,23972728,23972056,23972055],"score":229,"time":1595904342,"title":"The Galaksija computer was a craze in 1980s Yugoslavia","type":"story","url":"https://tribunemag.co.uk/2020/07/make-your-own-self-managed-socialist-microcomputer"}
08-06 16:16:52.507  8235  8271 D OkHttp  : <-- END HTTP (493-byte body)
08-06 16:16:52.529  8235  8275 D MYTAG   : interceptor 1
08-06 16:16:52.529  8235  8275 I NAPPA_EXPERIMENTATION: MetricNetworkRequestExecutionTime: REQUEST_DURATION_SYSTEM='57',REQUEST_DURATION_OKHTTP='57',REQUEST_SYNCHRONOUS='TRUE',RESPONSE_CODE='200',RESPONSE_METHOD='GET',RESPONSE_LENGTH_OKHTTP='547',RESPONSE_LENGTH_HEADER='-2',REQUEST_PROTOCOL='http/1.1',REQUEST_URL='https://hacker-news.firebaseio.com/v0/item/23969214.json',
08-06 16:16:52.530  8235  8317 I art     : Explicit concurrent mark sweep GC freed 2152(140KB) AllocSpace objects, 0(0B) LOS objects, 35% free, 29MB/45MB, paused 1.324ms total 39.739ms
08-06 16:16:52.532  8235  8275 D OkHttp  : <-- 200 OK https://hacker-news.firebaseio.com/v0/item/23969214.json (60ms)
08-06 16:16:52.532  8235  8275 D OkHttp  : Server: nginx
08-06 16:16:52.532  8235  8275 D OkHttp  : Date: Thu, 06 Aug 2020 14:16:48 GMT
08-06 16:16:52.532  8235  8275 D OkHttp  : Content-Type: application/json; charset=utf-8
08-06 16:16:52.532  8235  8275 D OkHttp  : Content-Length: 547
08-06 16:16:52.532  8235  8275 D OkHttp  : Connection: keep-alive
08-06 16:16:52.532  8235  8275 D OkHttp  : Access-Control-Allow-Origin: *
08-06 16:16:52.532  8235  8275 D OkHttp  : Strict-Transport-Security: max-age=31556926; includeSubDomains; preload
08-06 16:16:52.532  8235  8275 D OkHttp  : Cache-Control: Cache-Control: max-age=1800
08-06 16:16:52.536  8235  8275 D OkHttp  : {"by":"ckastner","descendants":136,"id":23969214,"kids":[23969854,23969719,23972409,23972341,23969850,23973013,23971596,23970924,23971435,23973437,23974871,23970888,23972756,23971260,23969933,23971604,23972838,23972835,23969692,23971584,23969657,23969727,23971638,23970840,23972633],"score":214,"time":1595882790,"title":"Facebook sues EU antitrust regulator for excessive data requests","type":"story","url":"https://www.reuters.com/article/us-eu-facebook-antitrust/facebook-sues-eu-antitrust-regulator-for-excessive-data-requests-idUSKCN24S2BN"}
08-06 16:16:52.536  8235  8275 D OkHttp  : <-- END HTTP (547-byte body)
08-06 16:16:52.539  8235  8287 D MYTAG   : interceptor 1
08-06 16:16:52.539  8235  8287 I NAPPA_EXPERIMENTATION: MetricNetworkRequestExecutionTime: REQUEST_DURATION_SYSTEM='78',REQUEST_DURATION_OKHTTP='78',REQUEST_SYNCHRONOUS='TRUE',RESPONSE_CODE='200',RESPONSE_METHOD='GET',RESPONSE_LENGTH_OKHTTP='477',RESPONSE_LENGTH_HEADER='-2',REQUEST_PROTOCOL='http/1.1',REQUEST_URL='https://hacker-news.firebaseio.com/v0/item/23975255.json',
08-06 16:16:52.542  8235  8287 D OkHttp  : <-- 200 OK https://hacker-news.firebaseio.com/v0/item/23975255.json (81ms)
08-06 16:16:52.542  8235  8287 D OkHttp  : Server: nginx
08-06 16:16:52.542  8235  8287 D OkHttp  : Date: Thu, 06 Aug 2020 14:16:48 GMT
08-06 16:16:52.542  8235  8287 D OkHttp  : Content-Type: application/json; charset=utf-8
08-06 16:16:52.542  8235  8287 D OkHttp  : Content-Length: 477
08-06 16:16:52.542  8235  8287 D OkHttp  : Connection: keep-alive
08-06 16:16:52.542  8235  8287 D OkHttp  : Access-Control-Allow-Origin: *
08-06 16:16:52.542  8235  8287 D OkHttp  : Strict-Transport-Security: max-age=31556926; includeSubDomains; preload
08-06 16:16:52.542  8235  8287 D OkHttp  : Cache-Control: Cache-Control: max-age=1800
08-06 16:16:52.547  8235  8287 D OkHttp  : {"by":"callwaiting","descendants":207,"id":23975255,"kids":[23975865,23978186,23975686,23976273,23976195,23977120,23976513,23975798,23975666,23976189,23977531,23976570,23976437,23976360,23976662,23976276,23975999,23975732,23975473,23975852,23975581,23975611,23976623],"score":228,"time":1595941442,"title":"Rite Aid deployed facial recognition systems in hundreds of U.S. stores","type":"story","url":"https://www.reuters.com/investigates/special-report/usa-riteaid-software/"}
08-06 16:16:52.547  8235  8287 D OkHttp  : <-- END HTTP (477-byte body)
08-06 16:16:52.611 32587 32617 I WorkerManager: dispose()
08-06 16:16:52.611 32587 32617 W ThreadPoolDumper: Queue length for executor EventBus is now 11. Perhaps some tasks are too long, or the pool is too small.
08-06 16:16:52.833  8235  8317 I art     : Starting a blocking GC Explicit
08-06 16:16:52.869  8235  8317 I art     : Explicit concurrent mark sweep GC freed 4070(355KB) AllocSpace objects, 1(20KB) LOS objects, 35% free, 29MB/45MB, paused 621us total 35.661ms
08-06 16:16:52.869  8235  8246 I art     : WaitForGcToComplete blocked for 32.799ms for cause HeapTrim
08-06 16:16:52.882  8235  8317 I art     : Starting a blocking GC Explicit
08-06 16:16:52.915  8235  8317 I art     : Explicit concurrent mark sweep GC freed 4097(219KB) AllocSpace objects, 3(84KB) LOS objects, 35% free, 29MB/45MB, paused 531us total 32.408ms
08-06 16:16:52.927  8235  8317 I art     : Starting a blocking GC Explicit
08-06 16:16:52.960  8235  8317 I art     : Explicit concurrent mark sweep GC freed 20(864B) AllocSpace objects, 0(0B) LOS objects, 35% free, 29MB/45MB, paused 543us total 32.355ms
08-06 16:16:52.972  8235  8317 I art     : Starting a blocking GC Explicit
08-06 16:16:53.005  8235  8317 I art     : Explicit concurrent mark sweep GC freed 172(6KB) AllocSpace objects, 0(0B) LOS objects, 35% free, 29MB/45MB, paused 556us total 33.098ms
08-06 16:16:53.017  8235  8317 I art     : Starting a blocking GC Explicit
08-06 16:16:53.054  8235  8317 I art     : Explicit concurrent mark sweep GC freed 2424(130KB) AllocSpace objects, 3(84KB) LOS objects, 35% free, 29MB/45MB, paused 565us total 36.845ms
08-06 16:16:53.398  8235  8247 I art     : Starting a blocking GC Explicit
08-06 16:16:53.445  8235  8247 I art     : Explicit concurrent mark sweep GC freed 1544(91KB) AllocSpace objects, 1(20KB) LOS objects, 35% free, 29MB/45MB, paused 597us total 46.895ms
08-06 16:16:53.459  8235  8247 I art     : Starting a blocking GC Explicit
08-06 16:16:53.502  8235  8247 I art     : Explicit concurrent mark sweep GC freed 32(1040B) AllocSpace objects, 0(0B) LOS objects, 35% free, 29MB/45MB, paused 599us total 42.652ms
08-06 16:16:53.515  8235  8247 I art     : Starting a blocking GC Explicit
08-06 16:16:53.557  8235  8247 I art     : Explicit concurrent mark sweep GC freed 3(96B) AllocSpace objects, 0(0B) LOS objects, 35% free, 29MB/45MB, paused 592us total 41.278ms
08-06 16:16:53.570  8235  8247 I art     : Starting a blocking GC Explicit
08-06 16:16:53.613  8235  8247 I art     : Explicit concurrent mark sweep GC freed 3(96B) AllocSpace objects, 0(0B) LOS objects, 35% free, 29MB/45MB, paused 570us total 42.474ms
08-06 16:16:53.626  8235  8247 I art     : Starting a blocking GC Explicit
08-06 16:16:53.669  8235  8247 I art     : Explicit concurrent mark sweep GC freed 3(96B) AllocSpace objects, 0(0B) LOS objects, 35% free, 29MB/45MB, paused 577us total 41.784ms
08-06 16:16:54.006  8235  8248 I art     : Starting a blocking GC Explicit
08-06 16:16:54.047  8235  8248 I art     : Explicit concurrent mark sweep GC freed 1546(91KB) AllocSpace objects, 1(20KB) LOS objects, 35% free, 29MB/45MB, paused 651us total 40.908ms
08-06 16:16:54.060  8235  8248 I art     : Starting a blocking GC Explicit
08-06 16:16:54.104  8235  8248 I art     : Explicit concurrent mark sweep GC freed 32(1040B) AllocSpace objects, 0(0B) LOS objects, 35% free, 29MB/45MB, paused 615us total 43.728ms
08-06 16:16:54.121  8235  8248 I art     : Starting a blocking GC Explicit
08-06 16:16:54.161  8235  8248 I art     : Explicit concurrent mark sweep GC freed 3(96B) AllocSpace objects, 0(0B) LOS objects, 35% free, 29MB/45MB, paused 586us total 40.092ms
08-06 16:16:54.174  8235  8248 I art     : Starting a blocking GC Explicit
08-06 16:16:54.216  8235  8248 I art     : Explicit concurrent mark sweep GC freed 3(96B) AllocSpace objects, 0(0B) LOS objects, 35% free, 29MB/45MB, paused 560us total 41.475ms
08-06 16:16:54.230  8235  8248 I art     : Starting a blocking GC Explicit
08-06 16:16:54.271  8235  8248 I art     : Explicit concurrent mark sweep GC freed 3(96B) AllocSpace objects, 0(0B) LOS objects, 35% free, 29MB/45MB, paused 577us total 41.476ms
08-06 16:16:54.607  5179  5194 D QcrilMsgTunnelSocket: readRilMessage: Buffer = [B@671e81d HexData = [010000000404000011000000514f454d484f4f4bef0308000100000003]
08-06 16:16:54.607  5179  5194 D QcrilMsgTunnelSocket: Rcvd UNSOL response with 28 bytes data for SUB0
08-06 16:16:54.607  5179  5194 D QcrilMsgTunnelSocket: Response ID 525295 is not served in this process.
08-06 16:16:54.607  5179  5194 D QcrilMsgTunnelSocket: To broadcast an Intent via the notifier to external apps
08-06 16:16:54.607  5179  5179 D QcrilMsgTunnelIfaceManager: handleMessage what = 0
08-06 16:16:54.607  5179  5179 D QcrilMsgTunnelIfaceManager: Broadcasting intent ACTION_UNSOL_RESPONSE_OEM_HOOK_RAW
08-06 16:16:54.612  5164  5164 D QC_RIL_OEM_HOOK: Received Broadcast Intent ACTION_UNSOL_RESPONSE_OEM_HOOK_RAW
08-06 16:16:54.613  5164  5164 D QC_RIL_OEM_HOOK: Oem ID in QCRILHOOK UNSOL RESP is QOEMHOOK
08-06 16:16:54.635  8235  8317 I art     : Starting a blocking GC Explicit
08-06 16:16:54.677  8235  8317 I art     : Explicit concurrent mark sweep GC freed 1544(91KB) AllocSpace objects, 1(20KB) LOS objects, 35% free, 29MB/45MB, paused 602us total 41.479ms
08-06 16:16:54.691  8235  8317 I art     : Starting a blocking GC Explicit
08-06 16:16:54.733  8235  8317 I art     : Explicit concurrent mark sweep GC freed 32(1040B) AllocSpace objects, 0(0B) LOS objects, 35% free, 29MB/45MB, paused 586us total 42.067ms
08-06 16:16:54.747  8235  8317 I art     : Starting a blocking GC Explicit
08-06 16:16:54.788  8235  8317 I art     : Explicit concurrent mark sweep GC freed 3(96B) AllocSpace objects, 0(0B) LOS objects, 35% free, 29MB/45MB, paused 638us total 40.824ms
08-06 16:16:54.801  8235  8317 I art     : Starting a blocking GC Explicit
08-06 16:16:54.844  8235  8317 I art     : Explicit concurrent mark sweep GC freed 3(96B) AllocSpace objects, 0(0B) LOS objects, 35% free, 29MB/45MB, paused 601us total 41.959ms
08-06 16:16:54.857  8235  8317 I art     : Starting a blocking GC Explicit
08-06 16:16:54.898  8235  8317 I art     : Explicit concurrent mark sweep GC freed 3(96B) AllocSpace objects, 0(0B) LOS objects, 35% free, 29MB/45MB, paused 579us total 40.517ms
08-06 16:16:55.198  8235  8247 I art     : Starting a blocking GC Explicit
08-06 16:16:55.244  8235  8247 I art     : Explicit concurrent mark sweep GC freed 1542(91KB) AllocSpace objects, 1(20KB) LOS objects, 35% free, 29MB/45MB, paused 619us total 44.958ms
08-06 16:16:55.260  8235  8247 I art     : Starting a blocking GC Explicit
08-06 16:16:55.301  8235  8247 I art     : Explicit concurrent mark sweep GC freed 32(1040B) AllocSpace objects, 0(0B) LOS objects, 35% free, 29MB/45MB, paused 601us total 40.782ms
08-06 16:16:55.314  8235  8247 I art     : Starting a blocking GC Explicit
08-06 16:16:55.354  8235  8247 I art     : Explicit concurrent mark sweep GC freed 3(96B) AllocSpace objects, 0(0B) LOS objects, 35% free, 29MB/45MB, paused 656us total 40.062ms
08-06 16:16:55.368  8235  8247 I art     : Starting a blocking GC Explicit
08-06 16:16:55.408  8235  8247 I art     : Explicit concurrent mark sweep GC freed 3(96B) AllocSpace objects, 0(0B) LOS objects, 35% free, 29MB/45MB, paused 606us total 40.456ms
08-06 16:16:55.421  8235  8247 I art     : Starting a blocking GC Explicit
08-06 16:16:55.462  8235  8247 I art     : Explicit concurrent mark sweep GC freed 3(96B) AllocSpace objects, 0(0B) LOS objects, 35% free, 29MB/45MB, paused 599us total 40.565ms
08-06 16:16:55.544  8590  8590 D AndroidRuntime: >>>>>> START com.android.internal.os.RuntimeInit uid 2000 <<<<<<
08-06 16:16:55.551  8590  8590 D AndroidRuntime: CheckJNI is OFF
08-06 16:16:55.601  8590  8590 D ICU     : No timezone override file found: /data/misc/zoneinfo/current/icu/icu_tzdata.dat
08-06 16:16:55.647  8590  8590 I Radio-JNI: register_android_hardware_Radio DONE
08-06 16:16:55.675  8590  8590 D AndroidRuntime: Calling main entry com.android.commands.input.Input
08-06 16:16:55.677  8590  8590 I Input   : injectMotionEvent: MotionEvent { action=ACTION_DOWN, actionButton=0, id[0]=0, x[0]=724.0, y[0]=400.0, toolType[0]=TOOL_TYPE_UNKNOWN, buttonState=0, metaState=0, flags=0x0, edgeFlags=0x0, pointerCount=1, historySize=0, eventTime=893832090, downTime=893832090, deviceId=0, source=0x1002 }
08-06 16:16:55.683  8590  8590 I Input   : injectMotionEvent: MotionEvent { action=ACTION_UP, actionButton=0, id[0]=0, x[0]=724.0, y[0]=400.0, toolType[0]=TOOL_TYPE_UNKNOWN, buttonState=0, metaState=0, flags=0x0, edgeFlags=0x0, pointerCount=1, historySize=0, eventTime=893832090, downTime=893832090, deviceId=0, source=0x1002 }
08-06 16:16:55.685  8590  8590 D AndroidRuntime: Shutting down VM
08-06 16:16:55.699   918  3359 I ActivityManager: START u0 {cmp=baseline.io.github.hidroh.materialistic/.ItemActivity (has extras)} from uid 10706 on display 0
08-06 16:16:55.700   512  2967 D audio_hw_primary: out_set_parameters: enter: usecase(1: low-latency-playback) kvpairs: routing=2
08-06 16:16:55.715   512  2967 D audio_hw_primary: select_devices: out_snd_device(2: speaker) in_snd_device(0: none)
08-06 16:16:55.715   512  2967 D msm8974_platform: platform_send_audio_calibration: sending audio calibration for snd_device(2) acdb_id(15)
08-06 16:16:55.715   512  2967 I soundtrigger: audio_extn_sound_trigger_update_device_status: device 0x2 of type 0 for Event 1
08-06 16:16:55.727  8235  8235 D skia    : --- SkImageDecoder::Factory returned null
08-06 16:16:55.737   512  2967 D audio_hw_primary: enable_snd_device: snd_device(2: speaker)
08-06 16:16:55.739   512  2967 D audio_hw_primary: enable_audio_route: apply and update mixer path: low-latency-playback speaker
08-06 16:16:55.776  8235  8235 D skia    : --- SkImageDecoder::Factory returned null
08-06 16:16:55.808  8235  8248 I art     : Starting a blocking GC Explicit
08-06 16:16:55.833  8235  8235 I WebViewFactory: Loading com.google.android.webview version 84.0.4147.89 (code 414708953)
08-06 16:16:55.849  8235  8248 I art     : Explicit concurrent mark sweep GC freed 12271(677KB) AllocSpace objects, 1(20KB) LOS objects, 35% free, 29MB/45MB, paused 929us total 40.379ms
08-06 16:16:55.861  8235  8248 I art     : Starting a blocking GC Explicit
08-06 16:16:55.898  8235  8248 I art     : Explicit concurrent mark sweep GC freed 625(56KB) AllocSpace objects, 0(0B) LOS objects, 35% free, 29MB/45MB, paused 793us total 37.098ms
08-06 16:16:55.911  8235  8248 I art     : Starting a blocking GC Explicit
08-06 16:16:55.948  8235  8248 I art     : Explicit concurrent mark sweep GC freed 22(1136B) AllocSpace objects, 0(0B) LOS objects, 35% free, 29MB/45MB, paused 881us total 37.134ms
08-06 16:16:55.961  8235  8248 I art     : Starting a blocking GC Explicit
08-06 16:16:56.003  8235  8248 I art     : Explicit concurrent mark sweep GC freed 3369(295KB) AllocSpace objects, 1(20KB) LOS objects, 34% free, 30MB/46MB, paused 1.441ms total 41.823ms
08-06 16:16:56.007  8235  8235 I cr_LibraryLoader: Loaded native library version number "84.0.4147.89"
08-06 16:16:56.008  8235  8235 I cr_CachingUmaRecorder: Flushed 5 samples from 5 histograms.
08-06 16:16:56.015  8235  8248 I art     : Starting a blocking GC Explicit
08-06 16:16:56.051  8235  8235 E chromium: [ERROR:filesystem_posix.cc(62)] mkdir /data/user/0/baseline.io.github.hidroh.materialistic/cache/WebView/Crashpad: No such file or directory (2)
08-06 16:16:56.057  8235  8248 I art     : Explicit concurrent mark sweep GC freed 1282(186KB) AllocSpace objects, 1(20KB) LOS objects, 34% free, 30MB/46MB, paused 1.379ms total 41.354ms
08-06 16:16:56.149   918  3961 D ConnectivityService: listenForNetwork for Listen from uid/pid:10706/8235 for NetworkRequest [ id=4084, legacyType=-1, [ Capabilities: INTERNET&NOT_RESTRICTED&TRUSTED] ]
08-06 16:16:56.221  8235  8637 W cr_media: Requires BLUETOOTH permission
08-06 16:16:56.241  8235  8654 E libEGL  : validate_display:255 error 3008 (EGL_BAD_DISPLAY)
08-06 16:16:56.269   512  2967 D audio_hw_primary: disable_audio_route: reset and update mixer path: low-latency-playback speaker
08-06 16:16:56.270   512  2967 D audio_hw_primary: disable_snd_device: snd_device(2: speaker)
08-06 16:16:56.280   512  2967 I soundtrigger: audio_extn_sound_trigger_update_device_status: device 0x2 of type 0 for Event 0
08-06 16:16:56.298  8235  8235 E RecyclerView: No adapter attached; skipping layout
08-06 16:16:56.331  8235  8235 I Choreographer: Skipped 31 frames!  The application may be doing too much work on its main thread.
08-06 16:16:56.382  8235  8248 I art     : Starting a blocking GC Explicit
08-06 16:16:56.428  8235  8248 I art     : Explicit concurrent mark sweep GC freed 8973(591KB) AllocSpace objects, 1(20KB) LOS objects, 34% free, 30MB/46MB, paused 872us total 45.907ms
08-06 16:16:56.442  8235  8248 I art     : Starting a blocking GC Explicit
08-06 16:16:56.452   918   936 I ActivityManager: Displayed baseline.io.github.hidroh.materialistic/.ItemActivity: +741ms
08-06 16:16:56.483 13866 13866 I GoogleInputMethodServic: GoogleInputMethodService.onFinishInput():3138 
08-06 16:16:56.484 13866 13866 I GoogleInputMethodServic: GoogleInputMethodService.onStartInput():1808 
08-06 16:16:56.492  8235  8248 I art     : Explicit concurrent mark sweep GC freed 787(41KB) AllocSpace objects, 0(0B) LOS objects, 34% free, 30MB/46MB, paused 1.575ms total 50.143ms
08-06 16:16:56.504  8235  8235 E RecyclerView: No adapter attached; skipping layout
08-06 16:16:56.507  8235  8248 I art     : Starting a blocking GC Explicit
08-06 16:16:56.550  8235  8248 I art     : Explicit concurrent mark sweep GC freed 444(26KB) AllocSpace objects, 0(0B) LOS objects, 34% free, 30MB/46MB, paused 752us total 42.456ms
08-06 16:16:56.563  8235  8248 I art     : Starting a blocking GC Explicit
08-06 16:16:56.604  8235  8248 I art     : Explicit concurrent mark sweep GC freed 220(14KB) AllocSpace objects, 0(0B) LOS objects, 34% free, 30MB/46MB, paused 681us total 39.956ms
08-06 16:16:56.617  8235  8248 I art     : Starting a blocking GC Explicit
08-06 16:16:56.659  8235  8248 I art     : Explicit concurrent mark sweep GC freed 28(1040B) AllocSpace objects, 0(0B) LOS objects, 34% free, 30MB/46MB, paused 762us total 41.483ms
08-06 16:16:56.696   380   380 W SurfaceFlinger: couldn't log to binary event log: overflow.
08-06 16:16:56.977 13866 13866 I GoogleInputMethodServic: GoogleInputMethodService.onFinishInput():3138 
08-06 16:16:56.978 13866 13866 I GoogleInputMethodServic: GoogleInputMethodService.onStartInput():1808 
08-06 16:16:56.984  8235  8248 I art     : Starting a blocking GC Explicit
08-06 16:16:57.030  8235  8248 I art     : Explicit concurrent mark sweep GC freed 5052(292KB) AllocSpace objects, 4(220KB) LOS objects, 33% free, 31MB/47MB, paused 1.045ms total 45.753ms
08-06 16:16:57.046  8235  8248 I art     : Starting a blocking GC Explicit
08-06 16:16:57.085  8235  8248 I art     : Explicit concurrent mark sweep GC freed 1303(143KB) AllocSpace objects, 0(0B) LOS objects, 33% free, 31MB/47MB, paused 764us total 39.297ms
08-06 16:16:57.098  8235  8248 I art     : Starting a blocking GC Explicit
08-06 16:16:57.141  8235  8248 I art     : Explicit concurrent mark sweep GC freed 4723(215KB) AllocSpace objects, 0(0B) LOS objects, 33% free, 31MB/47MB, paused 1.078ms total 42.442ms
08-06 16:16:57.154  8235  8248 I art     : Starting a blocking GC Explicit
08-06 16:16:57.198  8235  8248 I art     : Explicit concurrent mark sweep GC freed 2006(87KB) AllocSpace objects, 0(0B) LOS objects, 33% free, 31MB/47MB, paused 1.019ms total 44.339ms
08-06 16:16:57.212  8235  8248 I art     : Starting a blocking GC Explicit
08-06 16:16:57.259  8235  8248 I art     : Explicit concurrent mark sweep GC freed 1875(78KB) AllocSpace objects, 0(0B) LOS objects, 33% free, 31MB/47MB, paused 903us total 45.972ms
08-06 16:16:57.588  8235  8248 I art     : Starting a blocking GC Explicit
08-06 16:16:57.630  8235  8248 I art     : Explicit concurrent mark sweep GC freed 3433(179KB) AllocSpace objects, 1(20KB) LOS objects, 33% free, 31MB/47MB, paused 795us total 41.581ms
08-06 16:16:57.643  8235  8248 I art     : Starting a blocking GC Explicit
08-06 16:16:57.689  8235  8248 I art     : Explicit concurrent mark sweep GC freed 158(6KB) AllocSpace objects, 0(0B) LOS objects, 33% free, 31MB/47MB, paused 825us total 45.192ms
08-06 16:16:57.703  8235  8248 I art     : Starting a blocking GC Explicit
08-06 16:16:57.745  8235  8248 I art     : Explicit concurrent mark sweep GC freed 3061(219KB) AllocSpace objects, 0(0B) LOS objects, 33% free, 31MB/47MB, paused 885us total 41.323ms
08-06 16:16:57.754   918  6112 I AccountManagerService: getTypesVisibleToCaller: isPermitted? true
08-06 16:16:57.762  8235  8248 I art     : Starting a blocking GC Explicit
08-06 16:16:57.803  8235  8248 I art     : Explicit concurrent mark sweep GC freed 83(3KB) AllocSpace objects, 0(0B) LOS objects, 33% free, 31MB/47MB, paused 841us total 40.567ms
08-06 16:16:57.817  8235  8248 I art     : Starting a blocking GC Explicit
08-06 16:16:57.860  8235  8248 I art     : Explicit concurrent mark sweep GC freed 29(1056B) AllocSpace objects, 0(0B) LOS objects, 33% free, 31MB/47MB, paused 945us total 42.383ms
08-06 16:16:58.040  8235  8235 I chromium: [INFO:CONSOLE(14)] "Init Bootstrap with config [object Object]", source: https://static.reuters.com/resources_v2/react/CKB-23169-b72/common.bundle.js (14)
08-06 16:16:58.220  8235  8247 I art     : Starting a blocking GC Explicit
08-06 16:16:58.267  8235  8247 I art     : Explicit concurrent mark sweep GC freed 3948(220KB) AllocSpace objects, 1(20KB) LOS objects, 33% free, 31MB/47MB, paused 858us total 46.348ms
08-06 16:16:58.280  8235  8247 I art     : Starting a blocking GC Explicit
08-06 16:16:58.327  8235  8247 I art     : Explicit concurrent mark sweep GC freed 78(2544B) AllocSpace objects, 0(0B) LOS objects, 33% free, 31MB/47MB, paused 853us total 45.841ms
08-06 16:16:58.341  8235  8247 I art     : Starting a blocking GC Explicit
08-06 16:16:58.344  8235  8235 I chromium: [INFO:CONSOLE(7)] "BODY ITEMS [object Object],[object Object],[object Object],[object Object],[object Object],[object Object],[object Object],[object Object]", source: https://static.reuters.com/resources_v2/react/CKB-23169-b72/common.bundle.js (7)
08-06 16:16:58.385  8235  8247 I art     : Explicit concurrent mark sweep GC freed 72(12KB) AllocSpace objects, 0(0B) LOS objects, 33% free, 31MB/47MB, paused 839us total 43.835ms
08-06 16:16:58.400  8235  8247 I art     : Starting a blocking GC Explicit
08-06 16:16:58.443  8235  8247 I art     : Explicit concurrent mark sweep GC freed 3(96B) AllocSpace objects, 0(0B) LOS objects, 33% free, 31MB/47MB, paused 823us total 43.216ms
08-06 16:16:58.458  8235  8247 I art     : Starting a blocking GC Explicit
08-06 16:16:58.504  8235  8247 I art     : Explicit concurrent mark sweep GC freed 3(96B) AllocSpace objects, 0(0B) LOS objects, 33% free, 31MB/47MB, paused 856us total 45.942ms
08-06 16:16:58.580   518   646 I ThermalEngine: ACTION: GPU - Setting GPU[0] to 390000000
08-06 16:16:58.784  8235  8235 I chromium: [INFO:CONSOLE(0)] "Access to XMLHttpRequest at 'https://usasync01.admantx.com/admantx/service?request=%7B%22key%22%3A%22234330834c41105ad5ed794fa036e085b40225c44f9228bb9e2692f427917605%22%2C%20%22decorator%22%3A%22template.reuters_ss%22%2C%20%22filter%22%3A%5B%22default%22%5D%2C%20%22method%22%3A%22descriptor%22%2C%20%22mode%22%3A%22async%22%2C%20%22type%22%3A%22URL%22%2C%20%22body%22%3A%22https%253A%252F%252Fwww.reuters.com%252Farticle%252Fus-intel-reorganization%252Fintel-ousts-its-chief-engineer-shakes-up-technical-group-after-delays-idUSKCN24S2O6%22%7D' from origin 'https://www.reuters.com' has been blocked by CORS policy: No 'Access-Control-Allow-Origin' header is present on the requested resource.", source: https://www.reuters.com/article/us-intel-reorganization/intel-ousts-its-chief-engineer-shakes-up-technical-group-after-delays-idUSKCN24S2O6 (0)
08-06 16:16:58.883  8235  8247 I art     : Starting a blocking GC Explicit
08-06 16:16:58.915  8235  8235 I chromium: [INFO:CONSOLE(1)] "track event: article.bottom.content.visible [object Object]", source: https://static.reuters.com/resources_v2/react/CKB-23169-b72/article.bundle.js (1)
08-06 16:16:58.935  8235  8247 I art     : Explicit concurrent mark sweep GC freed 1917(121KB) AllocSpace objects, 1(20KB) LOS objects, 33% free, 31MB/47MB, paused 1.198ms total 50.994ms
08-06 16:16:58.953  8235  8247 I art     : Starting a blocking GC Explicit
08-06 16:16:59.006  8235  8247 I art     : Explicit concurrent mark sweep GC freed 32(1056B) AllocSpace objects, 0(0B) LOS objects, 33% free, 31MB/47MB, paused 1.316ms total 52.332ms
08-06 16:16:59.025  8235  8247 I art     : Starting a blocking GC Explicit
08-06 16:16:59.100  8235  8247 I art     : Explicit concurrent mark sweep GC freed 4105(172KB) AllocSpace objects, 0(0B) LOS objects, 33% free, 31MB/47MB, paused 1.258ms total 74.239ms
08-06 16:16:59.118  8235  8247 I art     : Starting a blocking GC Explicit
08-06 16:16:59.167  8235  8247 I art     : Explicit concurrent mark sweep GC freed 229(11KB) AllocSpace objects, 0(0B) LOS objects, 33% free, 31MB/47MB, paused 1.310ms total 49.030ms
08-06 16:16:59.186  8235  8247 I art     : Starting a blocking GC Explicit
08-06 16:16:59.245  8235  8247 I art     : Explicit concurrent mark sweep GC freed 658(98KB) AllocSpace objects, 0(0B) LOS objects, 33% free, 31MB/47MB, paused 1.566ms total 58.779ms
08-06 16:16:59.265   918  3359 I AccountManagerService: getTypesVisibleToCaller: isPermitted? true
08-06 16:16:59.450  8235  8235 I chromium: [INFO:CONSOLE(14)] "###### ias setup complete", source: https://static.reuters.com/resources_v2/react/CKB-23169-b72/common.bundle.js (14)
08-06 16:16:59.680  8235  8248 I art     : Starting a blocking GC Explicit
08-06 16:16:59.740  8235  8248 I art     : Explicit concurrent mark sweep GC freed 6258(324KB) AllocSpace objects, 1(20KB) LOS objects, 33% free, 31MB/47MB, paused 1.250ms total 60.158ms
08-06 16:16:59.759  8235  8248 I art     : Starting a blocking GC Explicit
08-06 16:16:59.822  8235  8248 I art     : Explicit concurrent mark sweep GC freed 1910(81KB) AllocSpace objects, 0(0B) LOS objects, 33% free, 31MB/47MB, paused 1.287ms total 61.986ms
08-06 16:16:59.840  8235  8248 I art     : Starting a blocking GC Explicit
08-06 16:16:59.904  8235  8248 I art     : Explicit concurrent mark sweep GC freed 107(4KB) AllocSpace objects, 0(0B) LOS objects, 33% free, 31MB/47MB, paused 1.326ms total 52.482ms
08-06 16:16:59.932  8235  8248 I art     : Starting a blocking GC Explicit
08-06 16:16:59.974  8235  8235 I chromium: [INFO:CONSOLE(14)] "[object Object]", source: https://static.reuters.com/resources_v2/react/CKB-23169-b72/common.bundle.js (14)
08-06 16:16:59.974  8235  8235 I chromium: [INFO:CONSOLE(7)] "bootstrap getResults: [object Object]", source: https://static.reuters.com/resources_v2/react/CKB-23169-b72/common.bundle.js (7)
08-06 16:16:59.992  8235  8248 I art     : Explicit concurrent mark sweep GC freed 1794(75KB) AllocSpace objects, 0(0B) LOS objects, 33% free, 31MB/47MB, paused 1.214ms total 59.333ms
08-06 16:17:00.013  8235  8248 I art     : Starting a blocking GC Explicit
08-06 16:17:00.074  8235  8248 I art     : Explicit concurrent mark sweep GC freed 159(7KB) AllocSpace objects, 0(0B) LOS objects, 33% free, 31MB/47MB, paused 1.286ms total 60.681ms
08-06 16:17:00.503  8235  8235 I chromium: [INFO:CONSOLE(1)] "Blocking Ads: No", source:  (1)
08-06 16:17:00.504  8235  8235 I chromium: [INFO:CONSOLE(1)] "comscore new global fired", source:  (1)
08-06 16:17:00.507  8235  8317 I art     : Starting a blocking GC Explicit
08-06 16:17:00.576  8235  8317 I art     : Explicit concurrent mark sweep GC freed 5373(266KB) AllocSpace objects, 1(20KB) LOS objects, 33% free, 31MB/47MB, paused 1.315ms total 68.947ms
08-06 16:17:00.594  8235  8317 I art     : Starting a blocking GC Explicit
08-06 16:17:00.654  8235  8317 I art     : Explicit concurrent mark sweep GC freed 129(4KB) AllocSpace objects, 0(0B) LOS objects, 33% free, 31MB/47MB, paused 1.234ms total 59.607ms
08-06 16:17:00.674  8235  8317 I art     : Starting a blocking GC Explicit
08-06 16:17:00.722  8235  8317 I art     : Explicit concurrent mark sweep GC freed 1987(84KB) AllocSpace objects, 0(0B) LOS objects, 33% free, 31MB/47MB, paused 1.160ms total 47.600ms
08-06 16:17:00.741  8235  8317 I art     : Starting a blocking GC Explicit
08-06 16:17:00.791  8235  8317 I art     : Explicit concurrent mark sweep GC freed 49(1600B) AllocSpace objects, 0(0B) LOS objects, 33% free, 31MB/47MB, paused 1.269ms total 49.989ms
08-06 16:17:00.810  8235  8317 I art     : Starting a blocking GC Explicit
08-06 16:17:00.861  8235  8317 I art     : Explicit concurrent mark sweep GC freed 73(3KB) AllocSpace objects, 0(0B) LOS objects, 33% free, 31MB/47MB, paused 1.242ms total 50.691ms
08-06 16:17:01.278  8235  8317 I art     : Starting a blocking GC Explicit
08-06 16:17:01.351  8235  8317 I art     : Explicit concurrent mark sweep GC freed 1605(95KB) AllocSpace objects, 1(20KB) LOS objects, 33% free, 31MB/47MB, paused 1.526ms total 72.086ms
08-06 16:17:01.376  8235  8317 I art     : Starting a blocking GC Explicit
08-06 16:17:01.434  8235  8317 I art     : Explicit concurrent mark sweep GC freed 32(1040B) AllocSpace objects, 0(0B) LOS objects, 33% free, 31MB/47MB, paused 1.275ms total 57.844ms
08-06 16:17:01.455  8235  8317 I art     : Starting a blocking GC Explicit
08-06 16:17:01.514  8235  8317 I art     : Explicit concurrent mark sweep GC freed 3(96B) AllocSpace objects, 0(0B) LOS objects, 33% free, 31MB/47MB, paused 1.084ms total 57.535ms
08-06 16:17:01.535  8235  8317 I art     : Starting a blocking GC Explicit
08-06 16:17:01.597  8235  8317 I art     : Explicit concurrent mark sweep GC freed 1759(74KB) AllocSpace objects, 0(0B) LOS objects, 33% free, 31MB/47MB, paused 1.385ms total 61.744ms
08-06 16:17:01.618  8235  8317 I art     : Starting a blocking GC Explicit
08-06 16:17:01.676  8235  8317 I art     : Explicit concurrent mark sweep GC freed 51(1680B) AllocSpace objects, 0(0B) LOS objects, 33% free, 31MB/47MB, paused 1.074ms total 57.207ms
08-06 16:17:02.068  8235  8248 I art     : Starting a blocking GC Explicit
08-06 16:17:02.125  8235  8248 I art     : Explicit concurrent mark sweep GC freed 5468(269KB) AllocSpace objects, 1(20KB) LOS objects, 33% free, 31MB/47MB, paused 1.359ms total 56.660ms
08-06 16:17:02.145  8235  8248 I art     : Starting a blocking GC Explicit
08-06 16:17:02.200  8235  8248 I art     : Explicit concurrent mark sweep GC freed 217(8KB) AllocSpace objects, 0(0B) LOS objects, 33% free, 31MB/47MB, paused 1.232ms total 54.886ms
08-06 16:17:02.219  8235  8248 I art     : Starting a blocking GC Explicit
08-06 16:17:02.273  8235  8248 I art     : Explicit concurrent mark sweep GC freed 5(224B) AllocSpace objects, 0(0B) LOS objects, 33% free, 31MB/47MB, paused 1.250ms total 53.896ms
08-06 16:17:02.294  8235  8248 I art     : Starting a blocking GC Explicit
08-06 16:17:02.350  8235  8248 I art     : Explicit concurrent mark sweep GC freed 1642(68KB) AllocSpace objects, 0(0B) LOS objects, 33% free, 31MB/47MB, paused 1.216ms total 56.349ms
08-06 16:17:02.371  8235  8248 I art     : Starting a blocking GC Explicit
08-06 16:17:02.427  8235  8248 I art     : Explicit concurrent mark sweep GC freed 185(7KB) AllocSpace objects, 0(0B) LOS objects, 33% free, 31MB/47MB, paused 1.474ms total 56.175ms
08-06 16:17:02.562  8769  8769 D AndroidRuntime: >>>>>> START com.android.internal.os.RuntimeInit uid 2000 <<<<<<
08-06 16:17:02.570  8769  8769 D AndroidRuntime: CheckJNI is OFF
08-06 16:17:02.630  8769  8769 D ICU     : No timezone override file found: /data/misc/zoneinfo/current/icu/icu_tzdata.dat
08-06 16:17:02.680  8769  8769 I Radio-JNI: register_android_hardware_Radio DONE
08-06 16:17:02.712  8769  8769 D AndroidRuntime: Calling main entry com.android.commands.input.Input
08-06 16:17:02.714  8769  8769 I Input   : injectMotionEvent: MotionEvent { action=ACTION_DOWN, actionButton=0, id[0]=0, x[0]=355.0, y[0]=693.0, toolType[0]=TOOL_TYPE_UNKNOWN, buttonState=0, metaState=0, flags=0x0, edgeFlags=0x0, pointerCount=1, historySize=0, eventTime=893839127, downTime=893839127, deviceId=0, source=0x1002 }
08-06 16:17:02.720  8769  8769 I Input   : injectMotionEvent: MotionEvent { action=ACTION_UP, actionButton=0, id[0]=0, x[0]=355.0, y[0]=693.0, toolType[0]=TOOL_TYPE_UNKNOWN, buttonState=0, metaState=0, flags=0x0, edgeFlags=0x0, pointerCount=1, historySize=0, eventTime=893839127, downTime=893839127, deviceId=0, source=0x1002 }
08-06 16:17:02.723  8769  8769 D AndroidRuntime: Shutting down VM
08-06 16:17:02.741   512  2967 D audio_hw_primary: out_set_parameters: enter: usecase(1: low-latency-playback) kvpairs: routing=2
08-06 16:17:02.755   512  2967 D audio_hw_primary: select_devices: out_snd_device(2: speaker) in_snd_device(0: none)
08-06 16:17:02.755   512  2967 D msm8974_platform: platform_send_audio_calibration: sending audio calibration for snd_device(2) acdb_id(15)
08-06 16:17:02.755   512  2967 I soundtrigger: audio_extn_sound_trigger_update_device_status: device 0x2 of type 0 for Event 1
08-06 16:17:02.777   512  2967 D audio_hw_primary: enable_snd_device: snd_device(2: speaker)
08-06 16:17:02.780   512  2967 D audio_hw_primary: enable_audio_route: apply and update mixer path: low-latency-playback speaker
08-06 16:17:02.802  8235  8289 D OkHttp  : --> GET https://hacker-news.firebaseio.com/v0/item/23971016.json
08-06 16:17:02.802  8235  8289 D OkHttp  : Cache-Control: max-age=1800
08-06 16:17:02.802  8235  8289 D OkHttp  : --> END GET
08-06 16:17:02.818  8235  8252 D OkHttp  : --> GET https://hacker-news.firebaseio.com/v0/item/23972768.json
08-06 16:17:02.818  8235  8252 D OkHttp  : Cache-Control: max-age=1800
08-06 16:17:02.818  8235  8252 D OkHttp  : --> END GET
08-06 16:17:02.831  8235  8248 I art     : Starting a blocking GC Explicit
08-06 16:17:02.833  8235  8286 D OkHttp  : --> GET https://hacker-news.firebaseio.com/v0/item/23971269.json
08-06 16:17:02.833  8235  8286 D OkHttp  : Cache-Control: max-age=1800
08-06 16:17:02.833  8235  8286 D OkHttp  : --> END GET
08-06 16:17:02.846  8235  8274 D OkHttp  : --> GET https://hacker-news.firebaseio.com/v0/item/23971892.json
08-06 16:17:02.847  8235  8274 D OkHttp  : Cache-Control: max-age=1800
08-06 16:17:02.847  8235  8274 D OkHttp  : --> END GET
08-06 16:17:02.862  8235  8276 D OkHttp  : --> GET https://hacker-news.firebaseio.com/v0/item/23971139.json
08-06 16:17:02.863  8235  8276 D OkHttp  : Cache-Control: max-age=1800
08-06 16:17:02.863  8235  8276 D OkHttp  : --> END GET
08-06 16:17:02.881  8235  8271 D OkHttp  : --> GET https://hacker-news.firebaseio.com/v0/item/23972347.json
08-06 16:17:02.881  8235  8271 D OkHttp  : Cache-Control: max-age=1800
08-06 16:17:02.881  8235  8271 D OkHttp  : --> END GET
08-06 16:17:02.889  8235  8248 I art     : Explicit concurrent mark sweep GC freed 9493(566KB) AllocSpace objects, 1(20KB) LOS objects, 33% free, 31MB/47MB, paused 2.495ms total 58.384ms
08-06 16:17:02.902  8235  8288 D OkHttp  : --> GET https://hacker-news.firebaseio.com/v0/item/23976296.json
08-06 16:17:02.902  8235  8288 D OkHttp  : Cache-Control: max-age=1800
08-06 16:17:02.902  8235  8288 D OkHttp  : --> END GET
08-06 16:17:02.908  8235  8248 I art     : Starting a blocking GC Explicit
08-06 16:17:02.919  8235  8287 D OkHttp  : --> GET https://hacker-news.firebaseio.com/v0/item/23974581.json
08-06 16:17:02.919  8235  8287 D OkHttp  : Cache-Control: max-age=1800
08-06 16:17:02.919  8235  8287 D OkHttp  : --> END GET
08-06 16:17:02.934  8235  8277 D OkHttp  : --> GET https://hacker-news.firebaseio.com/v0/item/23971375.json
08-06 16:17:02.934  8235  8277 D OkHttp  : Cache-Control: max-age=1800
08-06 16:17:02.934  8235  8277 D OkHttp  : --> END GET
08-06 16:17:02.949  8235  8793 D OkHttp  : --> GET https://hacker-news.firebaseio.com/v0/item/23971097.json
08-06 16:17:02.949  8235  8793 D OkHttp  : Cache-Control: max-age=1800
08-06 16:17:02.949  8235  8793 D OkHttp  : --> END GET
08-06 16:17:02.966  8235  8795 D OkHttp  : --> GET https://hacker-news.firebaseio.com/v0/item/23971085.json
08-06 16:17:02.966  8235  8795 D OkHttp  : Cache-Control: max-age=1800
08-06 16:17:02.966  8235  8795 D OkHttp  : --> END GET
08-06 16:17:02.974  8235  8248 I art     : Explicit concurrent mark sweep GC freed 5026(228KB) AllocSpace objects, 0(0B) LOS objects, 33% free, 31MB/47MB, paused 3.152ms total 65.862ms
08-06 16:17:02.984  8235  8797 D OkHttp  : --> GET https://hacker-news.firebaseio.com/v0/item/23971156.json
08-06 16:17:02.984  8235  8797 D OkHttp  : Cache-Control: max-age=1800
08-06 16:17:02.984  8235  8797 D OkHttp  : --> END GET
08-06 16:17:02.993  8235  8248 I art     : Starting a blocking GC Explicit
08-06 16:17:02.999  8235  8799 D OkHttp  : --> GET https://hacker-news.firebaseio.com/v0/item/23974128.json
08-06 16:17:03.000  8235  8799 D OkHttp  : Cache-Control: max-age=1800
08-06 16:17:03.000  8235  8799 D OkHttp  : --> END GET
08-06 16:17:03.013  8235  8801 D OkHttp  : --> GET https://hacker-news.firebaseio.com/v0/item/23971799.json
08-06 16:17:03.013  8235  8801 D OkHttp  : Cache-Control: max-age=1800
08-06 16:17:03.013  8235  8801 D OkHttp  : --> END GET
08-06 16:17:03.028  8235  8803 D OkHttp  : --> GET https://hacker-news.firebaseio.com/v0/item/23972755.json
08-06 16:17:03.028  8235  8803 D OkHttp  : Cache-Control: max-age=1800
08-06 16:17:03.028  8235  8803 D OkHttp  : --> END GET
08-06 16:17:03.042  8235  8805 D OkHttp  : --> GET https://hacker-news.firebaseio.com/v0/item/23971173.json
08-06 16:17:03.042  8235  8805 D OkHttp  : Cache-Control: max-age=1800
08-06 16:17:03.042  8235  8805 D OkHttp  : --> END GET
08-06 16:17:03.056  8235  8248 I art     : Explicit concurrent mark sweep GC freed 3048(149KB) AllocSpace objects, 0(0B) LOS objects, 33% free, 32MB/48MB, paused 3.710ms total 62.814ms
08-06 16:17:03.064  8235  8807 D OkHttp  : --> GET https://hacker-news.firebaseio.com/v0/item/23971036.json
08-06 16:17:03.064  8235  8807 D OkHttp  : Cache-Control: max-age=1800
08-06 16:17:03.064  8235  8807 D OkHttp  : --> END GET
08-06 16:17:03.076  8235  8248 I art     : Starting a blocking GC Explicit
08-06 16:17:03.080  8235  8809 D OkHttp  : --> GET https://hacker-news.firebaseio.com/v0/item/23976390.json
08-06 16:17:03.080  8235  8809 D OkHttp  : Cache-Control: max-age=1800
08-06 16:17:03.080  8235  8809 D OkHttp  : --> END GET
08-06 16:17:03.112 13866 13866 I GoogleInputMethodServic: GoogleInputMethodService.onFinishInput():3138 
08-06 16:17:03.138 13866 13866 I GoogleInputMethodServic: GoogleInputMethodService.onStartInput():1808 
08-06 16:17:03.144  8235  8248 I art     : Explicit concurrent mark sweep GC freed 2582(150KB) AllocSpace objects, 2(120KB) LOS objects, 32% free, 32MB/48MB, paused 4.172ms total 67.170ms
08-06 16:17:03.165  8235  8248 I art     : Starting a blocking GC Explicit
08-06 16:17:03.217  8235  8252 D MYTAG   : interceptor 1
08-06 16:17:03.217  8235  8252 I NAPPA_EXPERIMENTATION: MetricNetworkRequestExecutionTime: REQUEST_DURATION_SYSTEM='45',REQUEST_DURATION_OKHTTP='45',REQUEST_SYNCHRONOUS='TRUE',RESPONSE_CODE='200',RESPONSE_METHOD='GET',RESPONSE_LENGTH_OKHTTP='1210',RESPONSE_LENGTH_HEADER='-2',REQUEST_PROTOCOL='http/1.1',REQUEST_URL='https://hacker-news.firebaseio.com/v0/item/23972768.json',
08-06 16:17:03.221  8235  8252 D OkHttp  : <-- 200 OK https://hacker-news.firebaseio.com/v0/item/23972768.json (403ms)
08-06 16:17:03.221  8235  8252 D OkHttp  : Server: nginx
08-06 16:17:03.221  8235  8252 D OkHttp  : Date: Thu, 06 Aug 2020 14:16:59 GMT
08-06 16:17:03.221  8235  8252 D OkHttp  : Content-Type: application/json; charset=utf-8
08-06 16:17:03.221  8235  8252 D OkHttp  : Content-Length: 1210
08-06 16:17:03.221  8235  8252 D OkHttp  : Connection: keep-alive
08-06 16:17:03.221  8235  8252 D OkHttp  : Access-Control-Allow-Origin: *
08-06 16:17:03.221  8235  8252 D OkHttp  : Strict-Transport-Security: max-age=31556926; includeSubDomains; preload
08-06 16:17:03.222  8235  8252 D OkHttp  : Cache-Control: Cache-Control: max-age=1800
08-06 16:17:03.229  8235  8248 I art     : Explicit concurrent mark sweep GC freed 2686(182KB) AllocSpace objects, 3(136KB) LOS objects, 32% free, 32MB/48MB, paused 3.518ms total 63.723ms
08-06 16:17:03.270  8235  8252 D OkHttp  : {"by":"headmelted","id":23972768,"kids":[23973005,23975937],"parent":23970842,"text":"&quot;Renduchintala was one of several key hires from outside Intel, which had been famous in Silicon Valley for developing and promoting talent from within. He was hired as part of a strategy to go after broader markets than the central processing units, or CPUs, the company became known for in the PC era.&quot;<p>I feel like this will go down in history as one of technology&#x27;s most expensive decisions (that&#x27;s not a knock on Renduchintala as much as it&#x27;s my own astonishment at Intel thinking they were safe as recently as 2015).<p>I&#x27;m also a bit saddened by this.  It confirms what we all suspected but what I secretly hoped wasn&#x27;t true.<p>Intel for over a decade coyly hinted they had aces up their sleeves that would already have been played if they faced more competition.  Graphene got kicked around in conversations for a while and then when that turned out to be a no go they talked about black phosphorus.<p>So after all that, aside from marginal tweaks and pretty meager die shrinks here and there, they were doing.. nothing?.. for <i>ten years</i>?","time":1595916380,"type":"comment"}
08-06 16:17:03.270  8235  8252 D OkHttp  : <-- END HTTP (1210-byte body)
08-06 16:17:03.318   512  2967 D audio_hw_primary: disable_audio_route: reset and update mixer path: low-latency-playback speaker
08-06 16:17:03.319   512  2967 D audio_hw_primary: disable_snd_device: snd_device(2: speaker)
08-06 16:17:03.327   512  2967 I soundtrigger: audio_extn_sound_trigger_update_device_status: device 0x2 of type 0 for Event 0
08-06 16:17:03.330  8235  8793 D MYTAG   : interceptor 1
08-06 16:17:03.330  8235  8793 I NAPPA_EXPERIMENTATION: MetricNetworkRequestExecutionTime: REQUEST_DURATION_SYSTEM='72',REQUEST_DURATION_OKHTTP='72',REQUEST_SYNCHRONOUS='TRUE',RESPONSE_CODE='200',RESPONSE_METHOD='GET',RESPONSE_LENGTH_OKHTTP='634',RESPONSE_LENGTH_HEADER='-2',REQUEST_PROTOCOL='http/1.1',REQUEST_URL='https://hacker-news.firebaseio.com/v0/item/23971097.json',
08-06 16:17:03.333  8235  8793 D OkHttp  : <-- 200 OK https://hacker-news.firebaseio.com/v0/item/23971097.json (383ms)
08-06 16:17:03.333  8235  8793 D OkHttp  : Server: nginx
08-06 16:17:03.333  8235  8793 D OkHttp  : Date: Thu, 06 Aug 2020 14:16:59 GMT
08-06 16:17:03.333  8235  8793 D OkHttp  : Content-Type: application/json; charset=utf-8
08-06 16:17:03.333  8235  8793 D OkHttp  : Content-Length: 634
08-06 16:17:03.333  8235  8793 D OkHttp  : Connection: keep-alive
08-06 16:17:03.333  8235  8793 D OkHttp  : Access-Control-Allow-Origin: *
08-06 16:17:03.333  8235  8793 D OkHttp  : Strict-Transport-Security: max-age=31556926; includeSubDomains; preload
08-06 16:17:03.333  8235  8793 D OkHttp  : Cache-Control: Cache-Control: max-age=1800
08-06 16:17:03.349  8235  8286 D MYTAG   : interceptor 1
08-06 16:17:03.350  8235  8286 I NAPPA_EXPERIMENTATION: MetricNetworkRequestExecutionTime: REQUEST_DURATION_SYSTEM='95',REQUEST_DURATION_OKHTTP='95',REQUEST_SYNCHRONOUS='TRUE',RESPONSE_CODE='200',RESPONSE_METHOD='GET',RESPONSE_LENGTH_OKHTTP='349',RESPONSE_LENGTH_HEADER='-2',REQUEST_PROTOCOL='http/1.1',REQUEST_URL='https://hacker-news.firebaseio.com/v0/item/23971269.json',
08-06 16:17:03.354  8235  8286 D OkHttp  : <-- 200 OK https://hacker-news.firebaseio.com/v0/item/23971269.json (520ms)
08-06 16:17:03.354  8235  8286 D OkHttp  : Server: nginx
08-06 16:17:03.354  8235  8286 D OkHttp  : Date: Thu, 06 Aug 2020 14:16:59 GMT
08-06 16:17:03.354  8235  8286 D OkHttp  : Content-Type: application/json; charset=utf-8
08-06 16:17:03.354  8235  8286 D OkHttp  : Content-Length: 349
08-06 16:17:03.355  8235  8286 D OkHttp  : Connection: keep-alive
08-06 16:17:03.355  8235  8286 D OkHttp  : Access-Control-Allow-Origin: *
08-06 16:17:03.355  8235  8286 D OkHttp  : Strict-Transport-Security: max-age=31556926; includeSubDomains; preload
08-06 16:17:03.355  8235  8286 D OkHttp  : Cache-Control: Cache-Control: max-age=1800
08-06 16:17:03.371  8235  8793 D OkHttp  : {"by":"paulpan","id":23971097,"kids":[23971183],"parent":23970842,"text":"Expected outcome for the delays in 10nm and now the 7nm fabrication nodes...<p>What I find surprising is:<p>1. This former chief engineer was originally poached from Qualcomm back in 2016. Qualcomm was (and remains) not comparable to Intel for market and silicon development, so why was this hire made and picked to run the entire division?<p>2. The original group, Technology, Systems Architecture and Client Group (TSAC) is monolithic. For as a critical item as fabrication node development, that seems counter-intuitive.","time":1595897147,"type":"comment"}
08-06 16:17:03.371  8235  8793 D OkHttp  : <-- END HTTP (634-byte body)
08-06 16:17:03.374  8235  8252 D OkHttp  : --> GET https://hacker-news.firebaseio.com/v0/item/23975045.json
08-06 16:17:03.374  8235  8289 D MYTAG   : interceptor 1
08-06 16:17:03.374  8235  8252 D OkHttp  : Cache-Control: max-age=1800
08-06 16:17:03.374  8235  8252 D OkHttp  : --> END GET
08-06 16:17:03.374  8235  8289 I NAPPA_EXPERIMENTATION: MetricNetworkRequestExecutionTime: REQUEST_DURATION_SYSTEM='121',REQUEST_DURATION_OKHTTP='121',REQUEST_SYNCHRONOUS='TRUE',RESPONSE_CODE='200',RESPONSE_METHOD='GET',RESPONSE_LENGTH_OKHTTP='922',RESPONSE_LENGTH_HEADER='-2',REQUEST_PROTOCOL='http/1.1',REQUEST_URL='https://hacker-news.firebaseio.com/v0/item/23971016.json',
08-06 16:17:03.378  8235  8289 D OkHttp  : <-- 200 OK https://hacker-news.firebaseio.com/v0/item/23971016.json (575ms)
08-06 16:17:03.378  8235  8289 D OkHttp  : Server: nginx
08-06 16:17:03.378  8235  8289 D OkHttp  : Date: Thu, 06 Aug 2020 14:16:59 GMT
08-06 16:17:03.378  8235  8289 D OkHttp  : Content-Type: application/json; charset=utf-8
08-06 16:17:03.378  8235  8289 D OkHttp  : Content-Length: 922
08-06 16:17:03.378  8235  8289 D OkHttp  : Connection: keep-alive
08-06 16:17:03.379  8235  8289 D OkHttp  : Access-Control-Allow-Origin: *
08-06 16:17:03.379  8235  8289 D OkHttp  : Strict-Transport-Security: max-age=31556926; includeSubDomains; preload
08-06 16:17:03.379  8235  8289 D OkHttp  : Cache-Control: Cache-Control: max-age=1800
08-06 16:17:03.390  8235  8286 D OkHttp  : {"by":"InTheArena","id":23971269,"kids":[23972490,23971305,23972497,23974435,23973618,23971722],"parent":23970842,"text":"A CEO who is really a CFO is probably not what Intel needs right now. It&#x27;s clear that their engineering culture is compromised, and i would hope that Intel would go back to their roots.","time":1595898808,"type":"comment"}
08-06 16:17:03.390  8235  8286 D OkHttp  : <-- END HTTP (349-byte body)
08-06 16:17:03.410  8235  8289 D OkHttp  : {"by":"ghostcluster","id":23971016,"kids":[23971915,23971105,23973392,23971132,23975363,23972654,23972528,23972925,23971363,23976677,23974893,23974463,23971037,23972679,23973223,23972846,23972362,23971100,23971248],"parent":23970842,"text":"&gt; Ann Kelleher, a 24-year Intel veteran, will lead development of 7-nanometer and 5-nanometer chip technology processes. Last week, the company had said the smaller, faster 7-nanometer chipmaking technology was six months behind schedule and it <i>would have to rely more on outside chipmakers to keep its products competitive</i>.<p>I hope Intel keeps its US-based fabs and continues to upgrade them. It would be a mistake to cede this capacity to outsourcing like so much of our other manufacturing capacity. Interestingly, it seems the US is almost unique in our mass deindustrialization. Japan, Germany and South Korea have avoided this.","time":1595896565,"type":"comment"}
08-06 16:17:03.410  8235  8289 D OkHttp  : <-- END HTTP (922-byte body)
