08-06 18:14:29.711  3941  4537 I NAPPA_EXPERIMENTATION: MetricNetworkRequestExecutionTime: REQUEST_DURATION_SYSTEM='84',REQUEST_DURATION_OKHTTP='84',REQUEST_SYNCHRONOUS='TRUE',RESPONSE_CODE='200',RESPONSE_METHOD='GET',RESPONSE_LENGTH_OKHTTP='818',RESPONSE_LENGTH_HEADER='-2',REQUEST_PROTOCOL='http/1.1',REQUEST_URL='https://hacker-news.firebaseio.com/v0/item/23970041.json',
08-06 18:14:29.715  3941  4002 D MYTAG   : interceptor 1
08-06 18:14:29.716  3941  4002 I NAPPA_EXPERIMENTATION: MetricNetworkRequestExecutionTime: REQUEST_DURATION_SYSTEM='89',REQUEST_DURATION_OKHTTP='89',REQUEST_SYNCHRONOUS='TRUE',RESPONSE_CODE='200',RESPONSE_METHOD='GET',RESPONSE_LENGTH_OKHTTP='742',RESPONSE_LENGTH_HEADER='-2',REQUEST_PROTOCOL='http/1.1',REQUEST_URL='https://hacker-news.firebaseio.com/v0/item/23970276.json',
08-06 18:14:29.721  3941  4002 D OkHttp  : <-- 200 OK https://hacker-news.firebaseio.com/v0/item/23970276.json (471ms)
08-06 18:14:29.721  3941  4002 D OkHttp  : Server: nginx
08-06 18:14:29.721  3941  4002 D OkHttp  : Date: Thu, 06 Aug 2020 16:14:25 GMT
08-06 18:14:29.721  3941  4002 D OkHttp  : Content-Type: application/json; charset=utf-8
08-06 18:14:29.721  3941  4002 D OkHttp  : Content-Length: 742
08-06 18:14:29.721  3941  4002 D OkHttp  : Connection: keep-alive
08-06 18:14:29.721  3941  4002 D OkHttp  : Access-Control-Allow-Origin: *
08-06 18:14:29.721  3941  4537 D OkHttp  : <-- 200 OK https://hacker-news.firebaseio.com/v0/item/23970041.json (521ms)
08-06 18:14:29.721  3941  4002 D OkHttp  : Strict-Transport-Security: max-age=31556926; includeSubDomains; preload
08-06 18:14:29.721  3941  4537 D OkHttp  : Server: nginx
08-06 18:14:29.721  3941  4002 D OkHttp  : Cache-Control: Cache-Control: max-age=1800
08-06 18:14:29.722  3941  4537 D OkHttp  : Date: Thu, 06 Aug 2020 16:14:25 GMT
08-06 18:14:29.722  3941  4537 D OkHttp  : Content-Type: application/json; charset=utf-8
08-06 18:14:29.722  3941  4537 D OkHttp  : Content-Length: 818
08-06 18:14:29.722  3941  4537 D OkHttp  : Connection: keep-alive
08-06 18:14:29.722  3941  4537 D OkHttp  : Access-Control-Allow-Origin: *
08-06 18:14:29.722  3941  4537 D OkHttp  : Strict-Transport-Security: max-age=31556926; includeSubDomains; preload
08-06 18:14:29.722  3941  4537 D OkHttp  : Cache-Control: Cache-Control: max-age=1800
08-06 18:14:29.729   512  2967 D audio_hw_primary: disable_audio_route: reset and update mixer path: low-latency-playback speaker
08-06 18:14:29.731   512  2967 D audio_hw_primary: disable_snd_device: snd_device(2: speaker)
08-06 18:14:29.742   512  2967 I soundtrigger: audio_extn_sound_trigger_update_device_status: device 0x2 of type 0 for Event 0
08-06 18:14:29.751  3941  4537 D OkHttp  : {"by":"fpgaminer","id":23970041,"kids":[23970236,23970204,23970080,23971544,23970864,23970366,23970083,23971815,23972060,23970116],"parent":23969442,"text":"Related to this bug, some time ago I started getting spam on my Google Calendar.  Not sure if Google ever fixed it, but basically Google would automatically add events to your calendar when you got an invite in your email.  Honestly, it&#x27;s a nice feature; saves a couple clicks every time I get an invite.  The bug is that it applied even if the email was spam.  There was no workaround, other than disabling the feature completely.  Quite a pain.  And yes, just like this bug, you&#x27;d get lovely &quot;eat my pussy&quot; events popping up on your calendar and reminders.<p>Thanks Google, you&#x27;re the best &#x2F;s","time":1595888055,"type":"comment"}
08-06 18:14:29.751  3941  4537 D OkHttp  : <-- END HTTP (818-byte body)
08-06 18:14:29.755  3941  4002 D OkHttp  : {"by":"kstrauser","id":23970276,"kids":[23972976,23971099,23970652,23970345,23970571],"parent":23969442,"text":"My adventures last week:<p>Question: We have a G Suite Enterprise account. We used to share documents with a contractor. They no longer contract with us. How do we remove that contractor from every shared document.<p>Answer 1: Run this report to get a list of every document shared with them. Manually visit each document and un-share it.<p>Answer 2: Our API docs are at...<p>FFS, Google. I really don&#x27;t think this is that unusual of a request. I refuse to believe that we&#x27;re the first company ever that wanted to remove people from our Google Drive. Why do you make it so difficult?","time":1595889696,"type":"comment"}
08-06 18:14:29.755  3941  4002 D OkHttp  : <-- END HTTP (742-byte body)
08-06 18:14:29.772  3941  4540 D MYTAG   : interceptor 1
08-06 18:14:29.772  3941  4540 I NAPPA_EXPERIMENTATION: MetricNetworkRequestExecutionTime: REQUEST_DURATION_SYSTEM='144',REQUEST_DURATION_OKHTTP='143',REQUEST_SYNCHRONOUS='TRUE',RESPONSE_CODE='200',RESPONSE_METHOD='GET',RESPONSE_LENGTH_OKHTTP='383',RESPONSE_LENGTH_HEADER='-2',REQUEST_PROTOCOL='http/1.1',REQUEST_URL='https://hacker-news.firebaseio.com/v0/item/23969873.json',
08-06 18:14:29.776  3941  4540 D OkHttp  : <-- 200 OK https://hacker-news.firebaseio.com/v0/item/23969873.json (495ms)
08-06 18:14:29.776  3941  4540 D OkHttp  : Server: nginx
08-06 18:14:29.776  3941  4540 D OkHttp  : Date: Thu, 06 Aug 2020 16:14:25 GMT
08-06 18:14:29.776  3941  4540 D OkHttp  : Content-Type: application/json; charset=utf-8
08-06 18:14:29.776  3941  4540 D OkHttp  : Content-Length: 383
08-06 18:14:29.776  3941  4540 D OkHttp  : Connection: keep-alive
08-06 18:14:29.776  3941  4540 D OkHttp  : Access-Control-Allow-Origin: *
08-06 18:14:29.776  3941  4540 D OkHttp  : Strict-Transport-Security: max-age=31556926; includeSubDomains; preload
08-06 18:14:29.776  3941  4540 D OkHttp  : Cache-Control: Cache-Control: max-age=1800
08-06 18:14:29.782  3941  4522 D MYTAG   : interceptor 1
08-06 18:14:29.782  3941  4522 I NAPPA_EXPERIMENTATION: MetricNetworkRequestExecutionTime: REQUEST_DURATION_SYSTEM='156',REQUEST_DURATION_OKHTTP='156',REQUEST_SYNCHRONOUS='TRUE',RESPONSE_CODE='200',RESPONSE_METHOD='GET',RESPONSE_LENGTH_OKHTTP='331',RESPONSE_LENGTH_HEADER='-2',REQUEST_PROTOCOL='http/1.1',REQUEST_URL='https://hacker-news.firebaseio.com/v0/item/23969792.json',
08-06 18:14:29.786  3941  4522 D OkHttp  : <-- 200 OK https://hacker-news.firebaseio.com/v0/item/23969792.json (515ms)
08-06 18:14:29.786  3941  4522 D OkHttp  : Server: nginx
08-06 18:14:29.786  3941  4522 D OkHttp  : Date: Thu, 06 Aug 2020 16:14:25 GMT
08-06 18:14:29.786  3941  4522 D OkHttp  : Content-Type: application/json; charset=utf-8
08-06 18:14:29.786  3941  4522 D OkHttp  : Content-Length: 331
08-06 18:14:29.786  3941  4522 D OkHttp  : Connection: keep-alive
08-06 18:14:29.786  3941  4522 D OkHttp  : Access-Control-Allow-Origin: *
08-06 18:14:29.786  3941  4522 D OkHttp  : Strict-Transport-Security: max-age=31556926; includeSubDomains; preload
08-06 18:14:29.786  3941  4522 D OkHttp  : Cache-Control: Cache-Control: max-age=1800
08-06 18:14:29.788  3941  3997 D OkHttp  : --> GET https://hacker-news.firebaseio.com/v0/item/23970088.json
08-06 18:14:29.788  3941  3997 D OkHttp  : Cache-Control: max-age=1800
08-06 18:14:29.788  3941  3997 D OkHttp  : --> END GET
08-06 18:14:29.794  3941  4518 D MYTAG   : interceptor 1
08-06 18:14:29.794  3941  4518 I NAPPA_EXPERIMENTATION: MetricNetworkRequestExecutionTime: REQUEST_DURATION_SYSTEM='156',REQUEST_DURATION_OKHTTP='156',REQUEST_SYNCHRONOUS='TRUE',RESPONSE_CODE='200',RESPONSE_METHOD='GET',RESPONSE_LENGTH_OKHTTP='661',RESPONSE_LENGTH_HEADER='-2',REQUEST_PROTOCOL='http/1.1',REQUEST_URL='https://hacker-news.firebaseio.com/v0/item/23970290.json',
08-06 18:14:29.798  3941  4518 D OkHttp  : <-- 200 OK https://hacker-news.firebaseio.com/v0/item/23970290.json (475ms)
08-06 18:14:29.798  3941  4518 D OkHttp  : Server: nginx
08-06 18:14:29.798  3941  4518 D OkHttp  : Date: Thu, 06 Aug 2020 16:14:25 GMT
08-06 18:14:29.798  3941  4518 D OkHttp  : Content-Type: application/json; charset=utf-8
08-06 18:14:29.798  3941  4518 D OkHttp  : Content-Length: 661
08-06 18:14:29.798  3941  4518 D OkHttp  : Connection: keep-alive
08-06 18:14:29.798  3941  4518 D OkHttp  : Access-Control-Allow-Origin: *
08-06 18:14:29.798  3941  4518 D OkHttp  : Strict-Transport-Security: max-age=31556926; includeSubDomains; preload
08-06 18:14:29.798  3941  4518 D OkHttp  : Cache-Control: Cache-Control: max-age=1800
08-06 18:14:29.803  3941  4513 D OkHttp  : --> GET https://hacker-news.firebaseio.com/v0/item/23970894.json
08-06 18:14:29.803  3941  4513 D OkHttp  : Cache-Control: max-age=1800
08-06 18:14:29.803  3941  4513 D OkHttp  : --> END GET
08-06 18:14:29.810  3941  4540 D OkHttp  : {"by":"agundy","id":23969873,"kids":[23970004],"parent":23969442,"text":"This can be so confusing for non-tech literate people too. My mother asked me to help her, saying she was hacked because there was porn in her Google Drive.<p>It can be really difficult for non-power users to even understand why this is happening or what to do to fix this.","time":1595886956,"type":"comment"}
08-06 18:14:29.810  3941  4540 D OkHttp  : <-- END HTTP (383-byte body)
08-06 18:14:29.820  3941  4522 D OkHttp  : {"by":"schoolornot","id":23969792,"kids":[23970216,23969986,23969912],"parent":23969442,"text":"Tangential to this is that calendar&#x2F;invite spam continues to be an issue as well. Want to trick someone into visiting a URL? Just send them a calendar invite and chances are they will click it.","time":1595886443,"type":"comment"}
08-06 18:14:29.820  3941  4522 D OkHttp  : <-- END HTTP (331-byte body)
08-06 18:14:29.827  3941  3967 I art     : Starting a blocking GC Explicit
08-06 18:14:29.832  3941  3997 D MYTAG   : interceptor 1
08-06 18:14:29.832  3941  3997 I NAPPA_EXPERIMENTATION: MetricNetworkRequestExecutionTime: REQUEST_DURATION_SYSTEM='39',REQUEST_DURATION_OKHTTP='39',REQUEST_SYNCHRONOUS='TRUE',RESPONSE_CODE='200',RESPONSE_METHOD='GET',RESPONSE_LENGTH_OKHTTP='292',RESPONSE_LENGTH_HEADER='-2',REQUEST_PROTOCOL='http/1.1',REQUEST_URL='https://hacker-news.firebaseio.com/v0/item/23970088.json',
08-06 18:14:29.833  3941  4518 D OkHttp  : {"by":"kwijibob","id":23970290,"kids":[23970437],"parent":23969442,"text":"I&#x27;m all in on GDrive - my whole world is in there. 25 years of files.<p>I do notice Spam occasionally in the &#x27;shared with me&#x27; menu - but it seems to get cleaned up.<p>I already have all 99% notifications turned off in apps.<p>Sounds like the real annoying part is getting the notification with the spammy sexual titles.<p>If you didn&#x27;t get notifications then likely the spam detection would delete before you ever noticed it in your &#x27;Shared with Me&#x27; menu.<p>Android needs to default to opt-in notifications like on IOS.","time":1595889805,"type":"comment"}
08-06 18:14:29.833  3941  4518 D OkHttp  : <-- END HTTP (661-byte body)
08-06 18:14:29.836  3941  3997 D OkHttp  : <-- 200 OK https://hacker-news.firebaseio.com/v0/item/23970088.json (47ms)
08-06 18:14:29.836  3941  3997 D OkHttp  : Server: nginx
08-06 18:14:29.836  3941  3997 D OkHttp  : Date: Thu, 06 Aug 2020 16:14:25 GMT
08-06 18:14:29.836  3941  3997 D OkHttp  : Content-Type: application/json; charset=utf-8
08-06 18:14:29.836  3941  3997 D OkHttp  : Content-Length: 292
08-06 18:14:29.836  3941  3997 D OkHttp  : Connection: keep-alive
08-06 18:14:29.836  3941  3997 D OkHttp  : Access-Control-Allow-Origin: *
08-06 18:14:29.836  3941  3997 D OkHttp  : Strict-Transport-Security: max-age=31556926; includeSubDomains; preload
08-06 18:14:29.836  3941  3997 D OkHttp  : Cache-Control: Cache-Control: max-age=1800
08-06 18:14:29.839  3941  3997 D OkHttp  : {"by":"partiallypro","id":23970088,"kids":[23971014],"parent":23969442,"text":"Is it possible that someone could share files with someone that is elicit content in order to get them in trouble or to target children&#x27;s accounts? Seems...like a problem.","time":1595888388,"type":"comment"}
08-06 18:14:29.839  3941  3997 D OkHttp  : <-- END HTTP (292-byte body)
08-06 18:14:29.895 13866 13866 I GoogleInputMethodServic: GoogleInputMethodService.onFinishInput():3138 
08-06 18:14:29.900 13866 13866 I GoogleInputMethodServic: GoogleInputMethodService.onStartInput():1808 
08-06 18:14:29.925  3941  4510 D MYTAG   : interceptor 1
08-06 18:14:29.926  3941  4510 I NAPPA_EXPERIMENTATION: MetricNetworkRequestExecutionTime: REQUEST_DURATION_SYSTEM='56',REQUEST_DURATION_OKHTTP='56',REQUEST_SYNCHRONOUS='TRUE',RESPONSE_CODE='200',RESPONSE_METHOD='GET',RESPONSE_LENGTH_OKHTTP='362',RESPONSE_LENGTH_HEADER='-2',REQUEST_PROTOCOL='http/1.1',REQUEST_URL='https://hacker-news.firebaseio.com/v0/item/23969703.json',
08-06 18:14:29.929  3941  4510 D OkHttp  : <-- 200 OK https://hacker-news.firebaseio.com/v0/item/23969703.json (630ms)
08-06 18:14:29.929  3941  4510 D OkHttp  : Server: nginx
08-06 18:14:29.929  3941  4510 D OkHttp  : Date: Thu, 06 Aug 2020 16:14:25 GMT
08-06 18:14:29.929  3941  4510 D OkHttp  : Content-Type: application/json; charset=utf-8
08-06 18:14:29.929  3941  4510 D OkHttp  : Content-Length: 362
08-06 18:14:29.929  3941  4510 D OkHttp  : Connection: keep-alive
08-06 18:14:29.929  3941  4510 D OkHttp  : Access-Control-Allow-Origin: *
08-06 18:14:29.930  3941  4510 D OkHttp  : Strict-Transport-Security: max-age=31556926; includeSubDomains; preload
08-06 18:14:29.930  3941  4510 D OkHttp  : Cache-Control: Cache-Control: max-age=1800
08-06 18:14:29.932  3941  3967 I art     : Explicit concurrent mark sweep GC freed 35318(2MB) AllocSpace objects, 12(396KB) LOS objects, 32% free, 33MB/49MB, paused 4.419ms total 104.833ms
08-06 18:14:29.955  3941  3967 I art     : Starting a blocking GC Explicit
08-06 18:14:29.962  3941  4510 D OkHttp  : {"by":"cbm-vic-20","id":23969703,"kids":[23970221,23970057,23970413,23970278,23969976,23970325,23970965,23970126,23969838,23969705],"parent":23969442,"text":"Answer: find the email address of the person the product manager of Google Drive reports to, and start sharing stuff with them.<p>(&#x2F;s: not condoning doxxing here)","time":1595885927,"type":"comment"}
08-06 18:14:29.962  3941  4510 D OkHttp  : <-- END HTTP (362-byte body)
08-06 18:14:29.972  3941  4508 D OkHttp  : --> GET https://hacker-news.firebaseio.com/v0/item/23970328.json
08-06 18:14:29.972  3941  4508 D OkHttp  : Cache-Control: max-age=1800
08-06 18:14:29.972  3941  4508 D OkHttp  : --> END GET
08-06 18:14:29.986  3941  4533 D OkHttp  : --> GET https://hacker-news.firebaseio.com/v0/item/23972119.json
08-06 18:14:29.986  3941  4533 D OkHttp  : Cache-Control: max-age=1800
08-06 18:14:29.987  3941  4533 D OkHttp  : --> END GET
08-06 18:14:30.001  3941  4005 D OkHttp  : --> GET https://hacker-news.firebaseio.com/v0/item/23970236.json
08-06 18:14:30.001  3941  4005 D OkHttp  : Cache-Control: max-age=1800
08-06 18:14:30.001  3941  4005 D OkHttp  : --> END GET
08-06 18:14:30.014  3941  4004 D OkHttp  : --> GET https://hacker-news.firebaseio.com/v0/item/23970204.json
08-06 18:14:30.014  3941  4004 D OkHttp  : Cache-Control: max-age=1800
08-06 18:14:30.014  3941  4004 D OkHttp  : --> END GET
08-06 18:14:30.036  3941  3967 I art     : Explicit concurrent mark sweep GC freed 12178(722KB) AllocSpace objects, 1(20KB) LOS objects, 32% free, 33MB/49MB, paused 5.018ms total 80.964ms
08-06 18:14:30.040  3941  4540 D OkHttp  : --> GET https://hacker-news.firebaseio.com/v0/item/23970080.json
08-06 18:14:30.040  3941  4540 D OkHttp  : Cache-Control: max-age=1800
08-06 18:14:30.040  3941  4540 D OkHttp  : --> END GET
08-06 18:14:30.044  3941  4006 D MYTAG   : interceptor 1
08-06 18:14:30.044  3941  4006 I NAPPA_EXPERIMENTATION: MetricNetworkRequestExecutionTime: REQUEST_DURATION_SYSTEM='146',REQUEST_DURATION_OKHTTP='146',REQUEST_SYNCHRONOUS='TRUE',RESPONSE_CODE='200',RESPONSE_METHOD='GET',RESPONSE_LENGTH_OKHTTP='402',RESPONSE_LENGTH_HEADER='-2',REQUEST_PROTOCOL='http/1.1',REQUEST_URL='https://hacker-news.firebaseio.com/v0/item/23969718.json',
08-06 18:14:30.047  3941  4006 D OkHttp  : <-- 200 OK https://hacker-news.firebaseio.com/v0/item/23969718.json (832ms)
08-06 18:14:30.048  3941  4006 D OkHttp  : Server: nginx
08-06 18:14:30.048  3941  4006 D OkHttp  : Date: Thu, 06 Aug 2020 16:14:26 GMT
08-06 18:14:30.048  3941  4006 D OkHttp  : Content-Type: application/json; charset=utf-8
08-06 18:14:30.048  3941  4006 D OkHttp  : Content-Length: 402
08-06 18:14:30.048  3941  4006 D OkHttp  : Connection: keep-alive
08-06 18:14:30.048  3941  4006 D OkHttp  : Access-Control-Allow-Origin: *
08-06 18:14:30.048  3941  4006 D OkHttp  : Strict-Transport-Security: max-age=31556926; includeSubDomains; preload
08-06 18:14:30.048  3941  4006 D OkHttp  : Cache-Control: Cache-Control: max-age=1800
08-06 18:14:30.059  3941  4522 D OkHttp  : --> GET https://hacker-news.firebaseio.com/v0/item/23971544.json
08-06 18:14:30.059  3941  4522 D OkHttp  : Cache-Control: max-age=1800
08-06 18:14:30.059  3941  4522 D OkHttp  : --> END GET
08-06 18:14:30.061  3941  3967 I art     : Starting a blocking GC Explicit
08-06 18:14:30.074  3941  4518 D OkHttp  : --> GET https://hacker-news.firebaseio.com/v0/item/23970864.json
08-06 18:14:30.074  3941  4518 D OkHttp  : Cache-Control: max-age=1800
08-06 18:14:30.075  3941  4518 D OkHttp  : --> END GET
08-06 18:14:30.080  3941  4006 D OkHttp  : {"by":"Wowfunhappy","id":23969718,"kids":[23969822,23970303,23972508],"parent":23969442,"text":"&gt; Keep getting spam shared on an account I don&#x27;t use much, but keep getting notifications. Not fun when my 9 yo son is on my phone and a notification pops up that someone shared &quot;eat my pussy baby&quot;. Google needs to address this.<p>Oh. That&#x27;s bad.","time":1595886039,"type":"comment"}
08-06 18:14:30.080  3941  4006 D OkHttp  : <-- END HTTP (402-byte body)
08-06 18:14:30.089  3941  3997 D OkHttp  : --> GET https://hacker-news.firebaseio.com/v0/item/23970366.json
08-06 18:14:30.089  3941  3997 D OkHttp  : Cache-Control: max-age=1800
08-06 18:14:30.089  3941  3997 D OkHttp  : --> END GET
08-06 18:14:30.104  3941  4510 D OkHttp  : --> GET https://hacker-news.firebaseio.com/v0/item/23970083.json
08-06 18:14:30.104  3941  4510 D OkHttp  : Cache-Control: max-age=1800
08-06 18:14:30.104  3941  4510 D OkHttp  : --> END GET
08-06 18:14:30.109  3941  4511 D MYTAG   : interceptor 1
08-06 18:14:30.109  3941  4511 I NAPPA_EXPERIMENTATION: MetricNetworkRequestExecutionTime: REQUEST_DURATION_SYSTEM='194',REQUEST_DURATION_OKHTTP='194',REQUEST_SYNCHRONOUS='TRUE',RESPONSE_CODE='200',RESPONSE_METHOD='GET',RESPONSE_LENGTH_OKHTTP='734',RESPONSE_LENGTH_HEADER='-2',REQUEST_PROTOCOL='http/1.1',REQUEST_URL='https://hacker-news.firebaseio.com/v0/item/23969879.json',
08-06 18:14:30.117  3941  4511 D OkHttp  : <-- 200 OK https://hacker-news.firebaseio.com/v0/item/23969879.json (885ms)
08-06 18:14:30.117  3941  4511 D OkHttp  : Server: nginx
08-06 18:14:30.117  3941  4511 D OkHttp  : Date: Thu, 06 Aug 2020 16:14:25 GMT
08-06 18:14:30.117  3941  4511 D OkHttp  : Content-Type: application/json; charset=utf-8
08-06 18:14:30.118  3941  4511 D OkHttp  : Content-Length: 734
08-06 18:14:30.118  3941  4511 D OkHttp  : Connection: keep-alive
08-06 18:14:30.118  3941  4511 D OkHttp  : Access-Control-Allow-Origin: *
08-06 18:14:30.118  3941  4511 D OkHttp  : Strict-Transport-Security: max-age=31556926; includeSubDomains; preload
08-06 18:14:30.118  3941  4511 D OkHttp  : Cache-Control: Cache-Control: max-age=1800
08-06 18:14:30.124  3941  4516 D MYTAG   : interceptor 1
08-06 18:14:30.124  3941  4516 I NAPPA_EXPERIMENTATION: MetricNetworkRequestExecutionTime: REQUEST_DURATION_SYSTEM='181',REQUEST_DURATION_OKHTTP='180',REQUEST_SYNCHRONOUS='TRUE',RESPONSE_CODE='200',RESPONSE_METHOD='GET',RESPONSE_LENGTH_OKHTTP='397',RESPONSE_LENGTH_HEADER='-2',REQUEST_PROTOCOL='http/1.1',REQUEST_URL='https://hacker-news.firebaseio.com/v0/item/23969987.json',
08-06 18:14:30.128  3941  4006 D OkHttp  : --> GET https://hacker-news.firebaseio.com/v0/item/23971815.json
08-06 18:14:30.128  3941  4516 D OkHttp  : <-- 200 OK https://hacker-news.firebaseio.com/v0/item/23969987.json (762ms)
08-06 18:14:30.128  3941  4006 D OkHttp  : Cache-Control: max-age=1800
08-06 18:14:30.128  3941  4516 D OkHttp  : Server: nginx
08-06 18:14:30.128  3941  4006 D OkHttp  : --> END GET
08-06 18:14:30.128  3941  4516 D OkHttp  : Date: Thu, 06 Aug 2020 16:14:25 GMT
08-06 18:14:30.128  3941  4516 D OkHttp  : Content-Type: application/json; charset=utf-8
08-06 18:14:30.128  3941  4516 D OkHttp  : Content-Length: 397
08-06 18:14:30.128  3941  4516 D OkHttp  : Connection: keep-alive
08-06 18:14:30.128  3941  4516 D OkHttp  : Access-Control-Allow-Origin: *
08-06 18:14:30.129  3941  4516 D OkHttp  : Strict-Transport-Security: max-age=31556926; includeSubDomains; preload
08-06 18:14:30.129  3941  4516 D OkHttp  : Cache-Control: Cache-Control: max-age=1800
08-06 18:14:30.136  3941  4013 D MYTAG   : interceptor 1
08-06 18:14:30.136  3941  4013 I NAPPA_EXPERIMENTATION: MetricNetworkRequestExecutionTime: REQUEST_DURATION_SYSTEM='205',REQUEST_DURATION_OKHTTP='205',REQUEST_SYNCHRONOUS='TRUE',RESPONSE_CODE='200',RESPONSE_METHOD='GET',RESPONSE_LENGTH_OKHTTP='578',RESPONSE_LENGTH_HEADER='-2',REQUEST_PROTOCOL='http/1.1',REQUEST_URL='https://hacker-news.firebaseio.com/v0/item/23970408.json',
08-06 18:14:30.141  3941  4506 D MYTAG   : interceptor 1
08-06 18:14:30.142  3941  4506 I NAPPA_EXPERIMENTATION: MetricNetworkRequestExecutionTime: REQUEST_DURATION_SYSTEM='218',REQUEST_DURATION_OKHTTP='218',REQUEST_SYNCHRONOUS='TRUE',RESPONSE_CODE='200',RESPONSE_METHOD='GET',RESPONSE_LENGTH_OKHTTP='253',RESPONSE_LENGTH_HEADER='-2',REQUEST_PROTOCOL='http/1.1',REQUEST_URL='https://hacker-news.firebaseio.com/v0/item/23970064.json',
08-06 18:14:30.154  3941  3967 I art     : Explicit concurrent mark sweep GC freed 10912(735KB) AllocSpace objects, 1(20KB) LOS objects, 31% free, 34MB/50MB, paused 7.447ms total 93.204ms
08-06 18:14:30.162  3941  4013 D OkHttp  : <-- 200 OK https://hacker-news.firebaseio.com/v0/item/23970408.json (782ms)
08-06 18:14:30.162  3941  4013 D OkHttp  : Server: nginx
08-06 18:14:30.162  3941  4013 D OkHttp  : Date: Thu, 06 Aug 2020 16:14:25 GMT
08-06 18:14:30.162  3941  4013 D OkHttp  : Content-Type: application/json; charset=utf-8
08-06 18:14:30.162  3941  4013 D OkHttp  : Content-Length: 578
08-06 18:14:30.162  3941  4013 D OkHttp  : Connection: keep-alive
08-06 18:14:30.162  3941  4013 D OkHttp  : Access-Control-Allow-Origin: *
08-06 18:14:30.163  3941  4013 D OkHttp  : Strict-Transport-Security: max-age=31556926; includeSubDomains; preload
08-06 18:14:30.163  3941  4013 D OkHttp  : Cache-Control: Cache-Control: max-age=1800
08-06 18:14:30.165  3941  4511 D OkHttp  : {"by":"SanchoPanda","id":23969879,"kids":[23970795,23970196,23970050,23970388,23970705,23970244,23970392,23970574,23970063],"parent":23969442,"text":"The mods on the support forums who make it sound like basic functionality missing from their product is your own fault for not submitting some kind of ticket deserve the gaslighting prize of the year for each of the last 5 years.<p>They don&#x27;t even have an option to show you how much space folders take up, when they charge you based on space usage.<p><a href=\"https:&#x2F;&#x2F;support.google.com&#x2F;drive&#x2F;thread&#x2F;3970069?hl=en\" rel=\"nofollow\">https:&#x2F;&#x2F;support.google.com&#x2F;drive&#x2F;thread&#x2F;3970069?hl=en</a>","time":1595887012,"type":"comment"}
08-06 18:14:30.165  3941  4511 D OkHttp  : <-- END HTTP (734-byte body)
08-06 18:14:30.169  3941  4516 D OkHttp  : {"by":"ramosu","id":23969987,"kids":[23972337,23971444],"parent":23969442,"text":"It seems Google simply abandon some of their products.<p>I&#x27;ve been living with another issue since 2011: <a href=\"https:&#x2F;&#x2F;issuetracker.google.com&#x2F;issues&#x2F;35889152\" rel=\"nofollow\">https:&#x2F;&#x2F;issuetracker.google.com&#x2F;issues&#x2F;35889152</a>","time":1595887633,"type":"comment"}
08-06 18:14:30.169  3941  4516 D OkHttp  : <-- END HTTP (397-byte body)
08-06 18:14:30.169  3941  4506 D OkHttp  : <-- 200 OK https://hacker-news.firebaseio.com/v0/item/23970064.json (732ms)
08-06 18:14:30.169  3941  4506 D OkHttp  : Server: nginx
08-06 18:14:30.169  3941  4506 D OkHttp  : Date: Thu, 06 Aug 2020 16:14:25 GMT
08-06 18:14:30.169  3941  4506 D OkHttp  : Content-Type: application/json; charset=utf-8
08-06 18:14:30.169  3941  4506 D OkHttp  : Content-Length: 253
08-06 18:14:30.169  3941  4506 D OkHttp  : Connection: keep-alive
08-06 18:14:30.170  3941  4506 D OkHttp  : Access-Control-Allow-Origin: *
08-06 18:14:30.170  3941  4506 D OkHttp  : Strict-Transport-Security: max-age=31556926; includeSubDomains; preload
08-06 18:14:30.170  3941  4506 D OkHttp  : Cache-Control: Cache-Control: max-age=1800
08-06 18:14:30.178  3941  4013 D OkHttp  : {"by":"thisbrt","id":23970408,"parent":23969442,"text":"IMHO Google drive is one of the worst service of Its kind in the market. Copying, moving duplicating files is as complex and blunt as it could be. Folder duplication doesn’t exist. I’m actually not surprised that sharing is still not fixed. Look at Meet. A service that only after being absolutely beaten by Zoom received some attention. They’re working on bringing Plus back in the form of Currents, but you still cannot stop people from sharing file with you in Google drive...","time":1595890803,"type":"comment"}
08-06 18:14:30.178  3941  4013 D OkHttp  : <-- END HTTP (578-byte body)
08-06 18:14:30.182  3941  4506 D OkHttp  : {"by":"ProAm","id":23970064,"parent":23969442,"text":"Didn&#x27;t google just make everyone jump through hoops on Youtube to ensure all content was safe for children because of COPPA?  Does this violate that new law?","time":1595888246,"type":"comment"}
08-06 18:14:30.182  3941  4506 D OkHttp  : <-- END HTTP (253-byte body)
08-06 18:14:30.186  3941  4512 D OkHttp  : --> GET https://hacker-news.firebaseio.com/v0/item/23972060.json
08-06 18:14:30.187  3941  4512 D OkHttp  : Cache-Control: max-age=1800
08-06 18:14:30.187  3941  4512 D OkHttp  : --> END GET
08-06 18:14:30.194  3941  4516 D OkHttp  : --> GET https://hacker-news.firebaseio.com/v0/item/23970116.json
08-06 18:14:30.194  3941  4516 D OkHttp  : Cache-Control: max-age=1800
08-06 18:14:30.194  3941  4516 D OkHttp  : --> END GET
08-06 18:14:30.203  3941  3967 I art     : Starting a blocking GC Explicit
08-06 18:14:30.264  3941  4518 D MYTAG   : interceptor 1
08-06 18:14:30.264  3941  4518 I NAPPA_EXPERIMENTATION: MetricNetworkRequestExecutionTime: REQUEST_DURATION_SYSTEM='180',REQUEST_DURATION_OKHTTP='180',REQUEST_SYNCHRONOUS='TRUE',RESPONSE_CODE='200',RESPONSE_METHOD='GET',RESPONSE_LENGTH_OKHTTP='290',RESPONSE_LENGTH_HEADER='-2',REQUEST_PROTOCOL='http/1.1',REQUEST_URL='https://hacker-news.firebaseio.com/v0/item/23970864.json',
08-06 18:14:30.268  3941  4518 D OkHttp  : <-- 200 OK https://hacker-news.firebaseio.com/v0/item/23970864.json (193ms)
08-06 18:14:30.269  3941  4518 D OkHttp  : Server: nginx
08-06 18:14:30.269  3941  4518 D OkHttp  : Date: Thu, 06 Aug 2020 16:14:26 GMT
08-06 18:14:30.269  3941  4518 D OkHttp  : Content-Type: application/json; charset=utf-8
08-06 18:14:30.269  3941  4518 D OkHttp  : Content-Length: 290
08-06 18:14:30.269  3941  4518 D OkHttp  : Connection: keep-alive
08-06 18:14:30.269  3941  4518 D OkHttp  : Access-Control-Allow-Origin: *
08-06 18:14:30.269  3941  4518 D OkHttp  : Strict-Transport-Security: max-age=31556926; includeSubDomains; preload
08-06 18:14:30.269  3941  4518 D OkHttp  : Cache-Control: Cache-Control: max-age=1800
08-06 18:14:30.277  3941  4010 D MYTAG   : interceptor 1
08-06 18:14:30.277  3941  4010 I NAPPA_EXPERIMENTATION: MetricNetworkRequestExecutionTime: REQUEST_DURATION_SYSTEM='227',REQUEST_DURATION_OKHTTP='227',REQUEST_SYNCHRONOUS='TRUE',RESPONSE_CODE='200',RESPONSE_METHOD='GET',RESPONSE_LENGTH_OKHTTP='404',RESPONSE_LENGTH_HEADER='-2',REQUEST_PROTOCOL='http/1.1',REQUEST_URL='https://hacker-news.firebaseio.com/v0/item/23970172.json',
08-06 18:14:30.280  3941  4010 D OkHttp  : <-- 200 OK https://hacker-news.firebaseio.com/v0/item/23970172.json (797ms)
08-06 18:14:30.281  3941  4010 D OkHttp  : Server: nginx
08-06 18:14:30.281  3941  4010 D OkHttp  : Date: Thu, 06 Aug 2020 16:14:26 GMT
08-06 18:14:30.281  3941  4010 D OkHttp  : Content-Type: application/json; charset=utf-8
08-06 18:14:30.281  3941  4010 D OkHttp  : Content-Length: 404
08-06 18:14:30.281  3941  4010 D OkHttp  : Connection: keep-alive
08-06 18:14:30.281  3941  4010 D OkHttp  : Access-Control-Allow-Origin: *
08-06 18:14:30.281  3941  4010 D OkHttp  : Strict-Transport-Security: max-age=31556926; includeSubDomains; preload
08-06 18:14:30.281  3941  4010 D OkHttp  : Cache-Control: Cache-Control: max-age=1800
08-06 18:14:30.282  3941  4005 D MYTAG   : interceptor 1
08-06 18:14:30.288  3941  4005 I NAPPA_EXPERIMENTATION: MetricNetworkRequestExecutionTime: REQUEST_DURATION_SYSTEM='277',REQUEST_DURATION_OKHTTP='277',REQUEST_SYNCHRONOUS='TRUE',RESPONSE_CODE='200',RESPONSE_METHOD='GET',RESPONSE_LENGTH_OKHTTP='501',RESPONSE_LENGTH_HEADER='-2',REQUEST_PROTOCOL='http/1.1',REQUEST_URL='https://hacker-news.firebaseio.com/v0/item/23970236.json',
08-06 18:14:30.288  3941  4012 D MYTAG   : interceptor 1
08-06 18:14:30.288  3941  4012 I NAPPA_EXPERIMENTATION: MetricNetworkRequestExecutionTime: REQUEST_DURATION_SYSTEM='326',REQUEST_DURATION_OKHTTP='326',REQUEST_SYNCHRONOUS='TRUE',RESPONSE_CODE='200',RESPONSE_METHOD='GET',RESPONSE_LENGTH_OKHTTP='323',RESPONSE_LENGTH_HEADER='-2',REQUEST_PROTOCOL='http/1.1',REQUEST_URL='https://hacker-news.firebaseio.com/v0/item/23969454.json',
08-06 18:14:30.291  3941  4005 D OkHttp  : <-- 200 OK https://hacker-news.firebaseio.com/v0/item/23970236.json (289ms)
08-06 18:14:30.291  3941  4005 D OkHttp  : Server: nginx
08-06 18:14:30.291  3941  4005 D OkHttp  : Date: Thu, 06 Aug 2020 16:14:26 GMT
08-06 18:14:30.291  3941  4005 D OkHttp  : Content-Type: application/json; charset=utf-8
08-06 18:14:30.291  3941  4005 D OkHttp  : Content-Length: 501
08-06 18:14:30.291  3941  4005 D OkHttp  : Connection: keep-alive
08-06 18:14:30.291  3941  4005 D OkHttp  : Access-Control-Allow-Origin: *
08-06 18:14:30.291  3941  4005 D OkHttp  : Strict-Transport-Security: max-age=31556926; includeSubDomains; preload
08-06 18:14:30.291  3941  4005 D OkHttp  : Cache-Control: Cache-Control: max-age=1800
08-06 18:14:30.292  3941  4012 D OkHttp  : <-- 200 OK https://hacker-news.firebaseio.com/v0/item/23969454.json (945ms)
08-06 18:14:30.292  3941  4012 D OkHttp  : Server: nginx
08-06 18:14:30.292  3941  4012 D OkHttp  : Date: Thu, 06 Aug 2020 16:14:26 GMT
08-06 18:14:30.292  3941  4012 D OkHttp  : Content-Type: application/json; charset=utf-8
08-06 18:14:30.292  3941  4012 D OkHttp  : Content-Length: 323
08-06 18:14:30.292  3941  4012 D OkHttp  : Connection: keep-alive
08-06 18:14:30.292  3941  4012 D OkHttp  : Access-Control-Allow-Origin: *
08-06 18:14:30.292  3941  4012 D OkHttp  : Strict-Transport-Security: max-age=31556926; includeSubDomains; preload
08-06 18:14:30.292  3941  4012 D OkHttp  : Cache-Control: Cache-Control: max-age=1800
08-06 18:14:30.293  3941  4005 D OkHttp  : {"by":"erichurkman","id":23970236,"kids":[23971214,23971557,23970862,23970298],"parent":23970041,"text":"It&#x27;s used not just by spammers, but by sales reps, too.<p>Dell recently did this to about half a dozen people on my team. &#x27;Q2 Budget Review&#x27;, which sounds official, but is really a Dell rep trying to sell you junk that magically pops up on your calendar _even if you mark their message as spam_.<p>Dirty way to get by executive assistants, too.","time":1595889428,"type":"comment"}
08-06 18:14:30.293  3941  4005 D OkHttp  : <-- END HTTP (501-byte body)
08-06 18:14:30.298  3941  3967 I art     : Explicit concurrent mark sweep GC freed 9498(760KB) AllocSpace objects, 4(80KB) LOS objects, 31% free, 34MB/50MB, paused 5.260ms total 94.546ms
08-06 18:14:30.300  3941  4518 D OkHttp  : {"by":"wincy","id":23970864,"parent":23970041,"text":"You just reminded me why I decoupled my google calendar from my iPhone calendar a few years ago. Just the other day I was thinking I’d like them up, but something made me feel like I shouldn’t...","time":1595895125,"type":"comment"}
08-06 18:14:30.300  3941  4518 D OkHttp  : <-- END HTTP (290-byte body)
08-06 18:14:30.321  3941  4010 D OkHttp  : {"by":"dawnerd","id":23970172,"kids":[23970315,23970440],"parent":23969442,"text":"little side question, whats with these support forums that almost never have real employees answering but have community &#x27;support specialists&#x27; that never answer the question and only tell you to use the feedback forms but beg for props on their answers. I don&#x27;t get it.","time":1595888992,"type":"comment"}
08-06 18:14:30.321  3941  4010 D OkHttp  : <-- END HTTP (404-byte body)
08-06 18:14:30.322  3941  3967 I art     : Starting a blocking GC Explicit
08-06 18:14:30.335  3941  4012 D OkHttp  : {"by":"mariocesar","id":23969454,"kids":[23969823],"parent":23969442,"text":"Just a simple option like &quot;Allow just my contacts to share files with me&quot;. I lost so much time with all the spam and malware that is being sent to me just because my gmail account is so public ... :(","time":1595884339,"type":"comment"}
08-06 18:14:30.335  3941  4012 D OkHttp  : <-- END HTTP (323-byte body)
08-06 18:14:30.345  3941  4511 D OkHttp  : --> GET https://hacker-news.firebaseio.com/v0/item/23972976.json
08-06 18:14:30.345  3941  4511 D OkHttp  : Cache-Control: max-age=1800
08-06 18:14:30.345  3941  4511 D OkHttp  : --> END GET
08-06 18:14:30.358  3941  4013 D OkHttp  : --> GET https://hacker-news.firebaseio.com/v0/item/23971099.json
08-06 18:14:30.358  3941  4013 D OkHttp  : Cache-Control: max-age=1800
08-06 18:14:30.358  3941  4013 D OkHttp  : --> END GET
08-06 18:14:30.373  3941  4537 D OkHttp  : --> GET https://hacker-news.firebaseio.com/v0/item/23970652.json
08-06 18:14:30.373  3941  4537 D OkHttp  : Cache-Control: max-age=1800
08-06 18:14:30.373  3941  4537 D OkHttp  : --> END GET
08-06 18:14:30.385  3941  4518 D OkHttp  : --> GET https://hacker-news.firebaseio.com/v0/item/23970345.json
08-06 18:14:30.385  3941  4518 D OkHttp  : Cache-Control: max-age=1800
08-06 18:14:30.386  3941  4518 D OkHttp  : --> END GET
08-06 18:14:30.402  3941  4010 D OkHttp  : --> GET https://hacker-news.firebaseio.com/v0/item/23970571.json
08-06 18:14:30.402  3941  4010 D OkHttp  : Cache-Control: max-age=1800
08-06 18:14:30.402  3941  4010 D OkHttp  : --> END GET
08-06 18:14:30.420  3941  4512 D MYTAG   : interceptor 1
08-06 18:14:30.420  3941  4512 I NAPPA_EXPERIMENTATION: MetricNetworkRequestExecutionTime: REQUEST_DURATION_SYSTEM='228',REQUEST_DURATION_OKHTTP='228',REQUEST_SYNCHRONOUS='TRUE',RESPONSE_CODE='200',RESPONSE_METHOD='GET',RESPONSE_LENGTH_OKHTTP='231',RESPONSE_LENGTH_HEADER='-2',REQUEST_PROTOCOL='http/1.1',REQUEST_URL='https://hacker-news.firebaseio.com/v0/item/23972060.json',
08-06 18:14:30.424  3941  4512 D OkHttp  : <-- 200 OK https://hacker-news.firebaseio.com/v0/item/23972060.json (237ms)
08-06 18:14:30.424  3941  4512 D OkHttp  : Server: nginx
08-06 18:14:30.424  3941  4512 D OkHttp  : Date: Thu, 06 Aug 2020 16:14:26 GMT
08-06 18:14:30.424  3941  3967 I art     : Explicit concurrent mark sweep GC freed 7168(529KB) AllocSpace objects, 4(80KB) LOS objects, 31% free, 34MB/50MB, paused 7.456ms total 101.640ms
08-06 18:14:30.424  3941  4512 D OkHttp  : Content-Type: application/json; charset=utf-8
08-06 18:14:30.424  3941  4512 D OkHttp  : Content-Length: 231
08-06 18:14:30.424  3941  4512 D OkHttp  : Connection: keep-alive
08-06 18:14:30.424  3941  4512 D OkHttp  : Access-Control-Allow-Origin: *
08-06 18:14:30.424  3941  4512 D OkHttp  : Strict-Transport-Security: max-age=31556926; includeSubDomains; preload
08-06 18:14:30.424  3941  4512 D OkHttp  : Cache-Control: Cache-Control: max-age=1800
08-06 18:14:30.427  3941  4512 D OkHttp  : {"by":"ethagnawl","id":23972060,"parent":23970041,"text":"I&#x27;d been wondering about this phenomenon for years. However, it happened infrequently and was never enough of a bother to dig into.","time":1595907758,"type":"comment"}
08-06 18:14:30.427  3941  4512 D OkHttp  : <-- END HTTP (231-byte body)
08-06 18:14:30.431  3941  4516 D MYTAG   : interceptor 1
08-06 18:14:30.431  3941  4516 I NAPPA_EXPERIMENTATION: MetricNetworkRequestExecutionTime: REQUEST_DURATION_SYSTEM='232',REQUEST_DURATION_OKHTTP='232',REQUEST_SYNCHRONOUS='TRUE',RESPONSE_CODE='200',RESPONSE_METHOD='GET',RESPONSE_LENGTH_OKHTTP='236',RESPONSE_LENGTH_HEADER='-2',REQUEST_PROTOCOL='http/1.1',REQUEST_URL='https://hacker-news.firebaseio.com/v0/item/23970116.json',
08-06 18:14:30.435  3941  4516 D OkHttp  : <-- 200 OK https://hacker-news.firebaseio.com/v0/item/23970116.json (240ms)
08-06 18:14:30.435  3941  4516 D OkHttp  : Server: nginx
08-06 18:14:30.435  3941  4516 D OkHttp  : Date: Thu, 06 Aug 2020 16:14:26 GMT
08-06 18:14:30.435  3941  4516 D OkHttp  : Content-Type: application/json; charset=utf-8
08-06 18:14:30.435  3941  4516 D OkHttp  : Content-Length: 236
08-06 18:14:30.435  3941  4516 D OkHttp  : Connection: keep-alive
08-06 18:14:30.435  3941  4516 D OkHttp  : Access-Control-Allow-Origin: *
08-06 18:14:30.435  3941  4516 D OkHttp  : Strict-Transport-Security: max-age=31556926; includeSubDomains; preload
08-06 18:14:30.435  3941  4516 D OkHttp  : Cache-Control: Cache-Control: max-age=1800
08-06 18:14:30.442  3941  4000 D MYTAG   : interceptor 1
08-06 18:14:30.442  3941  4000 I NAPPA_EXPERIMENTATION: MetricNetworkRequestExecutionTime: REQUEST_DURATION_SYSTEM='267',REQUEST_DURATION_OKHTTP='267',REQUEST_SYNCHRONOUS='TRUE',RESPONSE_CODE='200',RESPONSE_METHOD='GET',RESPONSE_LENGTH_OKHTTP='388',RESPONSE_LENGTH_HEADER='-2',REQUEST_PROTOCOL='http/1.1',REQUEST_URL='https://hacker-news.firebaseio.com/v0/item/23971555.json',
08-06 18:14:30.445  3941  4000 D OkHttp  : <-- 200 OK https://hacker-news.firebaseio.com/v0/item/23971555.json (1051ms)
08-06 18:14:30.445  3941  4000 D OkHttp  : Server: nginx
08-06 18:14:30.445  3941  4000 D OkHttp  : Date: Thu, 06 Aug 2020 16:14:26 GMT
08-06 18:14:30.445  3941  4000 D OkHttp  : Content-Type: application/json; charset=utf-8
08-06 18:14:30.446  3941  4000 D OkHttp  : Content-Length: 388
08-06 18:14:30.446  3941  4000 D OkHttp  : Connection: keep-alive
08-06 18:14:30.446  3941  4000 D OkHttp  : Access-Control-Allow-Origin: *
08-06 18:14:30.446  3941  4000 D OkHttp  : Strict-Transport-Security: max-age=31556926; includeSubDomains; preload
08-06 18:14:30.446  3941  4000 D OkHttp  : Cache-Control: Cache-Control: max-age=1800
08-06 18:14:30.464  3941  4503 D MYTAG   : interceptor 1
08-06 18:14:30.464  3941  4503 I NAPPA_EXPERIMENTATION: MetricNetworkRequestExecutionTime: REQUEST_DURATION_SYSTEM='306',REQUEST_DURATION_OKHTTP='306',REQUEST_SYNCHRONOUS='TRUE',RESPONSE_CODE='200',RESPONSE_METHOD='GET',RESPONSE_LENGTH_OKHTTP='229',RESPONSE_LENGTH_HEADER='-2',REQUEST_PROTOCOL='http/1.1',REQUEST_URL='https://hacker-news.firebaseio.com/v0/item/23970173.json',
08-06 18:14:30.470  3941  4516 D OkHttp  : {"by":"4kevinking","id":23970116,"kids":[23972495,23970275],"parent":23970041,"text":"I&#x27;m actually getting this spam now (started a couple months ago). Would love advice on how to get rid of it!","time":1595888613,"type":"comment"}
08-06 18:14:30.470  3941  4516 D OkHttp  : <-- END HTTP (236-byte body)
08-06 18:14:30.472  3941  4503 D OkHttp  : <-- 200 OK https://hacker-news.firebaseio.com/v0/item/23970173.json (1064ms)
08-06 18:14:30.472  3941  4503 D OkHttp  : Server: nginx
08-06 18:14:30.472  3941  4503 D OkHttp  : Date: Thu, 06 Aug 2020 16:14:26 GMT
08-06 18:14:30.472  3941  4503 D OkHttp  : Content-Type: application/json; charset=utf-8
08-06 18:14:30.472  3941  4503 D OkHttp  : Content-Length: 229
08-06 18:14:30.472  3941  4503 D OkHttp  : Connection: keep-alive
08-06 18:14:30.472  3941  4503 D OkHttp  : Access-Control-Allow-Origin: *
08-06 18:14:30.473  3941  4503 D OkHttp  : Strict-Transport-Security: max-age=31556926; includeSubDomains; preload
08-06 18:14:30.473  3941  4503 D OkHttp  : Cache-Control: Cache-Control: max-age=1800
08-06 18:14:30.475  3941  4503 D OkHttp  : {"by":"moandcompany","id":23970173,"parent":23969442,"text":"As a ______ also affected by this issue on my personal Gmail accounts, I&#x27;ve filed a feedback&#x2F;request for this internally.","time":1595888992,"type":"comment"}
08-06 18:14:30.475  3941  4503 D OkHttp  : <-- END HTTP (229-byte body)
08-06 18:14:30.480  3941  3941 I chromium: [INFO:CONSOLE(0)] "Access to XMLHttpRequest at 'https://play.google.com/log?format=json&hasfast=true&authuser=0' from origin 'https://support.google.com' has been blocked by CORS policy: Response to preflight request doesn't pass access control check: No 'Access-Control-Allow-Origin' header is present on the requested resource.", source: https://support.google.com/drive/thread/3708017?hl=en (0)
08-06 18:14:30.480  3941  4000 D OkHttp  : {"by":"dzonga","id":23971555,"kids":[23972678],"parent":23969442,"text":"im a google one user. &amp;  will admit only pay, because it&#x27;s a  steal for the price. no other service offered 100gb for $20 a year.but yeah, google software quality is quite poor. wonder, why all those engineers doing leetcode interviews can&#x27;t make quality products.","time":1595901506,"type":"comment"}
08-06 18:14:30.480  3941  4000 D OkHttp  : <-- END HTTP (388-byte body)
08-06 18:14:30.488  3941  3971 D MYTAG   : interceptor 1
08-06 18:14:30.488  3941  3971 I NAPPA_EXPERIMENTATION: MetricNetworkRequestExecutionTime: REQUEST_DURATION_SYSTEM='335',REQUEST_DURATION_OKHTTP='335',REQUEST_SYNCHRONOUS='TRUE',RESPONSE_CODE='200',RESPONSE_METHOD='GET',RESPONSE_LENGTH_OKHTTP='964',RESPONSE_LENGTH_HEADER='-2',REQUEST_PROTOCOL='http/1.1',REQUEST_URL='https://hacker-news.firebaseio.com/v0/item/23970932.json',
08-06 18:14:30.492  3941  3971 D OkHttp  : <-- 200 OK https://hacker-news.firebaseio.com/v0/item/23970932.json (1068ms)
08-06 18:14:30.492  3941  3971 D OkHttp  : Server: nginx
08-06 18:14:30.492  3941  3971 D OkHttp  : Date: Thu, 06 Aug 2020 16:14:26 GMT
08-06 18:14:30.492  3941  3971 D OkHttp  : Content-Type: application/json; charset=utf-8
08-06 18:14:30.492  3941  3971 D OkHttp  : Content-Length: 964
08-06 18:14:30.492  3941  3971 D OkHttp  : Connection: keep-alive
08-06 18:14:30.492  3941  3971 D OkHttp  : Access-Control-Allow-Origin: *
08-06 18:14:30.492  3941  3971 D OkHttp  : Strict-Transport-Security: max-age=31556926; includeSubDomains; preload
08-06 18:14:30.492  3941  3971 D OkHttp  : Cache-Control: Cache-Control: max-age=1800
08-06 18:14:30.518  3941  4012 D OkHttp  : --> GET https://hacker-news.firebaseio.com/v0/item/23969822.json
08-06 18:14:30.518  3941  4012 D OkHttp  : Cache-Control: max-age=1800
08-06 18:14:30.518  3941  4012 D OkHttp  : --> END GET
08-06 18:14:30.525  3941  4512 D OkHttp  : --> GET https://hacker-news.firebaseio.com/v0/item/23972508.json
08-06 18:14:30.525  3941  4512 D OkHttp  : Cache-Control: max-age=1800
08-06 18:14:30.525  3941  4512 D OkHttp  : --> END GET
08-06 18:14:30.530  3941  4515 D OkHttp  : --> GET https://hacker-news.firebaseio.com/v0/item/23970303.json
08-06 18:14:30.530  3941  3971 D OkHttp  : {"by":"rexreed","id":23970932,"parent":23969442,"text":"I fail to be surprised anymore at the lack of what should be OBVIOUS functionality in some of the largest functionality systems.<p>Whenever i think I might be stupid for missing what should be obvious functionality I submit a ticket to only realize that the functionality not only doesn&#x27;t exist but somehow my really basic suggestion is a &quot;unique&quot; or &quot;profound&quot; idea.<p>Honestly who is hiring these product managers? Who is coming up with these features? Why are what should be no-brainer obvious functionality items missing?<p>Is there something about product management and design I don&#x27;t understand? Why is it that you can&#x27;t get notifications on group calendars or background images on Google docs or lots of other things I&#x27;m forgetting now that at the time I was like &quot;wow I can&#x27;t believe you can&#x27;t do that&quot;","time":1595895791,"type":"comment"}
08-06 18:14:30.530  3941  4515 D OkHttp  : Cache-Control: max-age=1800
08-06 18:14:30.530  3941  3971 D OkHttp  : <-- END HTTP (964-byte body)
08-06 18:14:30.530  3941  4515 D OkHttp  : --> END GET
08-06 18:14:30.544  3941  4503 D OkHttp  : --> GET https://hacker-news.firebaseio.com/v0/item/23971214.json
08-06 18:14:30.544  3941  4503 D OkHttp  : Cache-Control: max-age=1800
08-06 18:14:30.545  3941  4503 D OkHttp  : --> END GET
08-06 18:14:30.567  3941  4009 D OkHttp  : --> GET https://hacker-news.firebaseio.com/v0/item/23971557.json
08-06 18:14:30.567  3941  4009 D OkHttp  : Cache-Control: max-age=1800
08-06 18:14:30.567  3941  4009 D OkHttp  : --> END GET
08-06 18:14:30.570  3941  3999 D MYTAG   : interceptor 1
08-06 18:14:30.571  3941  3999 I NAPPA_EXPERIMENTATION: MetricNetworkRequestExecutionTime: REQUEST_DURATION_SYSTEM='296',REQUEST_DURATION_OKHTTP='296',REQUEST_SYNCHRONOUS='TRUE',RESPONSE_CODE='200',RESPONSE_METHOD='GET',RESPONSE_LENGTH_OKHTTP='185',RESPONSE_LENGTH_HEADER='-2',REQUEST_PROTOCOL='http/1.1',REQUEST_URL='https://hacker-news.firebaseio.com/v0/item/23976344.json',
08-06 18:14:30.574  3941  3999 D OkHttp  : <-- 200 OK https://hacker-news.firebaseio.com/v0/item/23976344.json (1108ms)
08-06 18:14:30.574  3941  3999 D OkHttp  : Server: nginx
08-06 18:14:30.574  3941  3999 D OkHttp  : Date: Thu, 06 Aug 2020 16:14:26 GMT
08-06 18:14:30.574  3941  3999 D OkHttp  : Content-Type: application/json; charset=utf-8
08-06 18:14:30.574  3941  3999 D OkHttp  : Content-Length: 185
08-06 18:14:30.574  3941  3999 D OkHttp  : Connection: keep-alive
08-06 18:14:30.575  3941  3999 D OkHttp  : Access-Control-Allow-Origin: *
08-06 18:14:30.575  3941  3999 D OkHttp  : Strict-Transport-Security: max-age=31556926; includeSubDomains; preload
08-06 18:14:30.575  3941  3999 D OkHttp  : Cache-Control: Cache-Control: max-age=1800
08-06 18:14:30.583  3941  4007 D OkHttp  : --> GET https://hacker-news.firebaseio.com/v0/item/23970862.json
08-06 18:14:30.583  3941  4007 D OkHttp  : Cache-Control: max-age=1800
08-06 18:14:30.583  3941  4007 D OkHttp  : --> END GET
08-06 18:14:30.598  3941  4926 D OkHttp  : --> GET https://hacker-news.firebaseio.com/v0/item/23970298.json
08-06 18:14:30.598  3941  4926 D OkHttp  : Cache-Control: max-age=1800
08-06 18:14:30.598  3941  4926 D OkHttp  : --> END GET
08-06 18:14:30.600  3941  4534 D MYTAG   : interceptor 1
08-06 18:14:30.600  3941  4534 I NAPPA_EXPERIMENTATION: MetricNetworkRequestExecutionTime: REQUEST_DURATION_SYSTEM='282',REQUEST_DURATION_OKHTTP='276',REQUEST_SYNCHRONOUS='TRUE',RESPONSE_CODE='200',RESPONSE_METHOD='GET',RESPONSE_LENGTH_OKHTTP='260',RESPONSE_LENGTH_HEADER='-2',REQUEST_PROTOCOL='http/1.1',REQUEST_URL='https://hacker-news.firebaseio.com/v0/item/23970185.json',
08-06 18:14:30.604  3941  4511 D MYTAG   : interceptor 1
08-06 18:14:30.604  3941  4511 I NAPPA_EXPERIMENTATION: MetricNetworkRequestExecutionTime: REQUEST_DURATION_SYSTEM='258',REQUEST_DURATION_OKHTTP='258',REQUEST_SYNCHRONOUS='TRUE',RESPONSE_CODE='200',RESPONSE_METHOD='GET',RESPONSE_LENGTH_OKHTTP='1399',RESPONSE_LENGTH_HEADER='-2',REQUEST_PROTOCOL='http/1.1',REQUEST_URL='https://hacker-news.firebaseio.com/v0/item/23972976.json',
08-06 18:14:30.608  3941  4511 D OkHttp  : <-- 200 OK https://hacker-news.firebaseio.com/v0/item/23972976.json (262ms)
08-06 18:14:30.608  3941  4511 D OkHttp  : Server: nginx
08-06 18:14:30.608  3941  4511 D OkHttp  : Date: Thu, 06 Aug 2020 16:14:26 GMT
08-06 18:14:30.608  3941  4511 D OkHttp  : Content-Type: application/json; charset=utf-8
08-06 18:14:30.609  3941  4534 D OkHttp  : <-- 200 OK https://hacker-news.firebaseio.com/v0/item/23970185.json (1157ms)
08-06 18:14:30.609  3941  4534 D OkHttp  : Server: nginx
08-06 18:14:30.609  3941  4534 D OkHttp  : Date: Thu, 06 Aug 2020 16:14:26 GMT
08-06 18:14:30.609  3941  4534 D OkHttp  : Content-Type: application/json; charset=utf-8
08-06 18:14:30.609  3941  4534 D OkHttp  : Content-Length: 260
08-06 18:14:30.609  3941  4534 D OkHttp  : Connection: keep-alive
08-06 18:14:30.609  3941  4534 D OkHttp  : Access-Control-Allow-Origin: *
08-06 18:14:30.609  3941  4534 D OkHttp  : Strict-Transport-Security: max-age=31556926; includeSubDomains; preload
08-06 18:14:30.609  3941  4534 D OkHttp  : Cache-Control: Cache-Control: max-age=1800
08-06 18:14:30.611  3941  3999 D OkHttp  : {"by":"throwaway29102","id":23976344,"parent":23969442,"text":"In the spirit of 2020, maybe making the problem worse will ultimately make it better?","time":1595947590,"type":"comment"}
08-06 18:14:30.612  3941  3999 D OkHttp  : <-- END HTTP (185-byte body)
08-06 18:14:30.613  3941  4511 D OkHttp  : Content-Length: 1399
08-06 18:14:30.613  3941  4511 D OkHttp  : Connection: keep-alive
08-06 18:14:30.613  3941  4511 D OkHttp  : Access-Control-Allow-Origin: *
08-06 18:14:30.613  3941  4511 D OkHttp  : Strict-Transport-Security: max-age=31556926; includeSubDomains; preload
08-06 18:14:30.613  3941  4511 D OkHttp  : Cache-Control: Cache-Control: max-age=1800
08-06 18:14:30.615  3941  3941 I chromium: [INFO:CONSOLE(0)] "Access to XMLHttpRequest at 'https://play.google.com/log?format=json&hasfast=true&authuser=0' from origin 'https://support.google.com' has been blocked by CORS policy: Response to preflight request doesn't pass access control check: No 'Access-Control-Allow-Origin' header is present on the requested resource.", source: https://support.google.com/drive/thread/3708017?hl=en (0)
08-06 18:14:30.616  3941  4013 D MYTAG   : interceptor 1
08-06 18:14:30.616  3941  4013 I NAPPA_EXPERIMENTATION: MetricNetworkRequestExecutionTime: REQUEST_DURATION_SYSTEM='257',REQUEST_DURATION_OKHTTP='256',REQUEST_SYNCHRONOUS='TRUE',RESPONSE_CODE='200',RESPONSE_METHOD='GET',RESPONSE_LENGTH_OKHTTP='379',RESPONSE_LENGTH_HEADER='-2',REQUEST_PROTOCOL='http/1.1',REQUEST_URL='https://hacker-news.firebaseio.com/v0/item/23971099.json',
08-06 18:14:30.637  3941  4013 D OkHttp  : <-- 200 OK https://hacker-news.firebaseio.com/v0/item/23971099.json (278ms)
