--------- beginning of main
08-06 15:31:59.036  3784  3784 D CarrierServiceBindHelper: Receive action: android.intent.action.PACKAGE_REMOVED
08-06 15:31:59.048   918   929 I AccountManagerService: getTypesVisibleToCaller: isPermitted? true
08-06 15:31:59.057 12162 12162 I Finsky  : [1] uah.a(18): PackageMonitorReceiverImpl - Received: android.intent.action.PACKAGE_REMOVED, [CFjXe5fo2ooiLur0Ju3smv2h5qnGgIsGl5_C_SkJu8g]
08-06 15:31:59.057 12162 12162 I Finsky  : [1] ubi.d(9): Invalidating cached PackageState for baseline.de.danoeh.antennapod.debug
08-06 15:31:59.062 12162 12162 I Finsky  : [1] lzi.c(2): Frosting ID looked up on UI thread. Caller should move to a background thread.
08-06 15:31:59.062 24365  1196 I Fitness : FitCleanupIntentOperation received Intent android.intent.action.PACKAGE_REMOVED [CONTEXT service_id=17 ]
08-06 15:31:59.067 12162 12162 I Finsky  : [1] nqb.c(3): Installer: package baseline.de.danoeh.antennapod.debug was removed. replacing: true
08-06 15:31:59.068 12162 12162 I Finsky  : [1] nra.a(188): Installer: Notifying status update. package=baseline.de.danoeh.antennapod.debug, status=UNINSTALLED
08-06 15:31:59.070   918  4413 I AccountManagerService: getTypesVisibleToCaller: isPermitted? true
08-06 15:31:59.081 12162 12162 I Finsky  : [1] lzi.c(2): Frosting ID looked up on UI thread. Caller should move to a background thread.
08-06 15:31:59.086  3784  3784 D CarrierServiceBindHelper: Receive action: android.intent.action.PACKAGE_ADDED
08-06 15:31:59.086  3784  3784 D CarrierServiceBindHelper: Receive action: android.intent.action.PACKAGE_REPLACED
08-06 15:31:59.087  3784  3784 D CarrierServiceBindHelper: mHandler: 3
08-06 15:31:59.087  3784  3784 D CarrierServiceBindHelper: mHandler: 3
08-06 15:31:59.087  3784  3784 D CarrierServiceBindHelper: mHandler: 3
08-06 15:31:59.087  3784  3784 D CarrierConfigLoader: mHandler: 9 phoneId: 0
08-06 15:31:59.092 12162 12162 I Finsky  : [1] nra.a(220): Installer: found apps to install. isMultiUserMode=false, apps=[]
08-06 15:31:59.096 12162  1200 I Finsky  : [6710] ejf.a(-1): Cancelled 0 ongoing asset module downloads for package baseline.de.danoeh.antennapod.debug due to a concurrent app update.
08-06 15:31:59.114 12162  1194 I Finsky  : [6708] lyv.run(-1): Wrote row to frosting DB: 3390
08-06 15:31:59.119 12162 12269 I Finsky  : [6285] odj.b(52): IQ: Notifying installation update. package=baseline.de.danoeh.antennapod.debug, status=UNINSTALLED
08-06 15:31:59.123 24577  1190 I Auth    : [SupervisedAccountIntentOperation] onHandleIntent(): android.intent.action.PACKAGE_ADDED
08-06 15:31:59.125 24577  1184 I ChromeSync: [Sync,SyncIntentOperation] Handling the intent: Intent { act=android.intent.action.PACKAGE_ADDED dat=package:baseline.de.danoeh.antennapod.debug flg=0x4000010 cmp=com.google.android.gms/.chimera.GmsIntentOperationService (has extras) }.
--------- beginning of system
08-06 15:31:59.132   918  3961 W ActivityManager: Unable to start service Intent { act=com.google.android.gms.auth.key.retrieval.service.START pkg=com.google.android.gms } U=0: not found
08-06 15:31:59.145 12162  1194 I Finsky  : [6708] lyv.run(-1): Wrote row to frosting DB: 3391
08-06 15:31:59.147 12162 12269 I Finsky  : [6285] odj.b(40): IQ: No matching installs to run for jobs: []
08-06 15:31:59.159   918   929 I AccountManagerService: getTypesVisibleToCaller: isPermitted? true
08-06 15:31:59.159   918  5481 W ActivityManager: Unbind failed: could not find connection for android.os.BinderProxy@7a597d6
08-06 15:31:59.160 24577 24621 E GmsClient: unable to connect to service: com.google.android.gms.auth.key.retrieval.service.START on com.google.android.gms
08-06 15:31:59.160 12162 12162 I Finsky  : [1] uah.a(18): PackageMonitorReceiverImpl - Received: android.intent.action.PACKAGE_ADDED, [CFjXe5fo2ooiLur0Ju3smv2h5qnGgIsGl5_C_SkJu8g]
08-06 15:31:59.160 24577  1184 I ChromeSync: [Persistence,AffiliationManager] One of affiliation or grouping data for android://bz0hZa4nAJEtd0n5sRlXG7KAqctUMWVefv7Ki4mh1p6slZ9YO-n9gS9j8m9YCrsIyI2wIxrDHraumF9Y6pBLTA==@baseline.de.danoeh.antennapod.debug/ was not found. Marking affiliation data as stale...
08-06 15:31:59.160 12162 12162 I Finsky  : [1] ubi.d(9): Invalidating cached PackageState for baseline.de.danoeh.antennapod.debug
08-06 15:31:59.179 12162 12162 I Finsky  : [1] lzi.c(2): Frosting ID looked up on UI thread. Caller should move to a background thread.
08-06 15:31:59.182 12162  1194 I Finsky  : [6708] lyv.run(-1): Wrote row to frosting DB: 3392
08-06 15:31:59.198 24577 13294 I Icing   : IndexChimeraService.getServiceInterface callingPackage=com.google.android.gms componentName=AppsCorpus serviceId=36
08-06 15:31:59.202 12162 12162 I Finsky  : [1] agsx.a(4): Do not start WearSupportService due to Wear service optimization
08-06 15:31:59.205 12162  1200 I Finsky  : [6710] ejc.a(-1): Asset module broadcast after update successful for package baseline.de.danoeh.antennapod.debug. 0 sessions broadcast.
08-06 15:31:59.206   918  5952 I AccountManagerService: getTypesVisibleToCaller: isPermitted? true
08-06 15:31:59.210 12162 12162 I Finsky  : [1] lzi.c(2): Frosting ID looked up on UI thread. Caller should move to a background thread.
08-06 15:31:59.212 12162  1199 I Finsky  : [6709] gzn.a(-1): [ContentSync] finished, scheduled=false
08-06 15:31:59.221 24577 18393 W Icing   : No valid account for uploading user actions
08-06 15:31:59.235 24577 13294 I Icing   : IndexChimeraService.getServiceInterface callingPackage=com.google.android.gms componentName=null serviceId=30
08-06 15:31:59.245 12162  1194 I Finsky  : [6708] lyv.run(-1): Wrote row to frosting DB: 3393
08-06 15:31:59.264 24577 18393 I Icing   : Usage reports ok 1, Failed Usage reports 0, indexed 0, rejected 0
08-06 15:31:59.278 24577 18393 W Icing   : No valid account for uploading user actions
08-06 15:31:59.291 24577 18393 I Icing   : Usage reports ok 0, Failed Usage reports 0, indexed 0, rejected 0
08-06 15:31:59.293   918  3359 I AccountManagerService: getTypesVisibleToCaller: isPermitted? true
08-06 15:31:59.301 24577 18393 I Icing   : Indexing com.google.android.gms-internal.3p:MobileApplication from com.google.android.gms using seqno 763
08-06 15:31:59.305 24577 18393 I Icing   : Indexing com.google.android.gms-internal.3p:MobileApplication from com.google.android.gms using seqno 763
08-06 15:31:59.368 12162 12162 I Finsky  : [1] xmu.a(8): SCH: Jobs in database: 1-1337 3-225 3-226 12-1 24-77777777 26-1414141414 
08-06 15:31:59.370 12162 12162 I Finsky  : [1] xio.a(57): SCH: ConstraintMapping: 24-77777777,  -> L: 0ms, D: 20291557ms, C: false, I: true, N: 0
08-06 15:31:59.370 12162 12162 I Finsky  : [1] xio.a(57): SCH: ConstraintMapping: 1-1337, 12-1,  -> L: 14724ms, D: 23633543ms, C: false, I: false, N: 1
08-06 15:31:59.371 12162 12162 I Finsky  : [1] xio.a(57): SCH: ConstraintMapping: 3-225,  -> L: 0ms, D: 63417486ms, C: false, I: true, N: 2
08-06 15:31:59.371 12162 12162 I Finsky  : [1] xio.a(57): SCH: ConstraintMapping: 3-226,  -> L: 0ms, D: 63417529ms, C: true, I: true, N: 2
08-06 15:31:59.371 12162 12162 I Finsky  : [1] xio.a(57): SCH: ConstraintMapping: 26-1414141414,  -> L: 28414930ms, D: 29314930ms, C: false, I: false, N: 0
08-06 15:31:59.380 12162  1199 I Finsky  : [6709] gzn.a(-1): [ContentSync] finished, scheduled=true
08-06 15:31:59.387 12162 12162 I Finsky  : [1] xle.a(34): Cancelling existing jobscheduler jobs: 9007 9000 9002 9010 9003 9008 9004 9009 9005 9006 
08-06 15:31:59.388 12162 12162 I Finsky  : [1] xle.a(27): Scheduling job Id: 9001, L: 0, D: 20291557, C: false, I: true, N: 0
08-06 15:31:59.389 12162 12162 I Finsky  : [1] xle.a(27): Scheduling job Id: 9011, L: 14724, D: 23633543, C: false, I: false, N: 1
08-06 15:31:59.391 12162 12162 I Finsky  : [1] xle.a(27): Scheduling job Id: 9012, L: 0, D: 63417486, C: false, I: true, N: 2
08-06 15:31:59.393 12162 12162 I Finsky  : [1] xle.a(27): Scheduling job Id: 9013, L: 0, D: 63417529, C: true, I: true, N: 2
08-06 15:31:59.394 12162 12162 I Finsky  : [1] xle.a(27): Scheduling job Id: 9014, L: 28414930, D: 29314930, C: false, I: false, N: 0
08-06 15:31:59.396 12162 12162 I Finsky  : [1] xle.a(27): Scheduling job Id: 9015, L: 0, D: 20291557, C: false, I: true, N: 0
08-06 15:31:59.397 12162 12162 I Finsky  : [1] xle.a(27): Scheduling job Id: 9016, L: 14724, D: 23633543, C: false, I: false, N: 1
08-06 15:31:59.399 12162 12162 I Finsky  : [1] xle.a(27): Scheduling job Id: 9017, L: 0, D: 63417486, C: false, I: true, N: 2
08-06 15:31:59.400 12162 12162 I Finsky  : [1] xle.a(27): Scheduling job Id: 9018, L: 0, D: 63417529, C: true, I: true, N: 2
08-06 15:31:59.401 12162 12162 I Finsky  : [1] xle.a(27): Scheduling job Id: 9019, L: 28414930, D: 29314930, C: false, I: false, N: 0
08-06 15:31:59.625  1226  1226 D AndroidRuntime: >>>>>> START com.android.internal.os.RuntimeInit uid 2000 <<<<<<
08-06 15:31:59.632  1226  1226 D AndroidRuntime: CheckJNI is OFF
08-06 15:31:59.665  1226  1226 D ICU     : No timezone override file found: /data/misc/zoneinfo/current/icu/icu_tzdata.dat
08-06 15:31:59.698  1226  1226 I Radio-JNI: register_android_hardware_Radio DONE
08-06 15:31:59.714  1226  1226 D AndroidRuntime: Calling main entry com.android.commands.monkey.Monkey
08-06 15:31:59.733   918   931 W BroadcastQueue: Skipping deliver [background] BroadcastRecord{cf146c5 u-1 android.net.conn.CONNECTIVITY_CHANGE} to ReceiverList{a0e9f4b 1226 (unknown name)/2000/u-1 remote:a033f2f}: process crashing
08-06 15:31:59.743   918  4400 I ActivityManager: START u0 {act=android.intent.action.MAIN cat=[android.intent.category.LAUNCHER] flg=0x10200000 cmp=baseline.de.danoeh.antennapod.debug/baseline.de.danoeh.antennapod.activity.SplashActivity} from uid 2000 on display 0
08-06 15:31:59.779  1239  1239 I art     : Late-enabling -Xcheck:jni
08-06 15:31:59.785   918   928 I ActivityManager: Start proc 1239:baseline.de.danoeh.antennapod.debug/u0a711 for activity baseline.de.danoeh.antennapod.debug/baseline.de.danoeh.antennapod.activity.SplashActivity
08-06 15:31:59.805  1226  1226 I art     : System.exit called, status: 0
08-06 15:31:59.805  1226  1226 I AndroidRuntime: VM exiting with result code 0.
08-06 15:31:59.855 32587 32629 I PBSessionCacheImpl: Deleted sessionId[143320738375546892] from persistence.
08-06 15:31:59.856  1239  1239 W System  : ClassLoader referenced unknown path: /data/app/baseline.de.danoeh.antennapod.debug-1/lib/arm64
08-06 15:31:59.860 32587 32617 W SearchServiceCore: Abort, client detached.
08-06 15:31:59.860 32587 32617 I MicroDetectionState: Should stop hotword detection immediately - true
08-06 15:31:59.872  1239  1239 D UserPreferences: Creating new instance of UserPreferences
08-06 15:31:59.874  1239  1239 D UserPreferences: Using default data folder
08-06 15:31:59.878  1239  1239 D UserPreferences: Import directory already exists
08-06 15:31:59.880  1239  1239 D UpdateManager: old: -1, current: 1070296
08-06 15:31:59.884  1239  1239 D SleepTimerPreferences: Creating new instance of SleepTimerPreferences
08-06 15:31:59.906  1239  1239 D SPAUtil : Sending SP_APPS_QUERY_FEEDS intent
08-06 15:31:59.949  1239  1239 W art     : Before Android 4.1, method android.graphics.PorterDuffColorFilter androidx.vectordrawable.graphics.drawable.VectorDrawableCompat.updateTintFilter(android.graphics.PorterDuffColorFilter, android.content.res.ColorStateList, android.graphics.PorterDuff$Mode) would have incorrectly overridden the package-private method in android.graphics.drawable.Drawable
08-06 15:31:59.985  1239  1239 I art     : Rejecting re-init on previously-failed class java.lang.Class<androidx.core.view.ViewCompat$2>
08-06 15:31:59.985  1239  1239 I art     : Rejecting re-init on previously-failed class java.lang.Class<androidx.core.view.ViewCompat$2>
08-06 15:32:00.019  1239  1262 D OpenGLRenderer: Use EGL_SWAP_BEHAVIOR_PRESERVED: true
08-06 15:32:00.066  1239  1262 I Adreno  : QUALCOMM build                   : fcf4852, I1af360237c
08-06 15:32:00.066  1239  1262 I Adreno  : Build Date                       : 09/23/15
08-06 15:32:00.066  1239  1262 I Adreno  : OpenGL ES Shader Compiler Version: XE031.05.13.02
08-06 15:32:00.066  1239  1262 I Adreno  : Local Branch                     : mybranch14465806
08-06 15:32:00.066  1239  1262 I Adreno  : Remote Branch                    : quic/LA.BF64.1.2.9_v2
08-06 15:32:00.066  1239  1262 I Adreno  : Remote Branch                    : NONE
08-06 15:32:00.066  1239  1262 I Adreno  : Reconstruct Branch               : NOTHING
08-06 15:32:00.073  1239  1262 I OpenGLRenderer: Initialized EGL, version 1.4
08-06 15:32:00.106   918  6111 I ActivityManager: START u0 {cmp=baseline.de.danoeh.antennapod.debug/baseline.de.danoeh.antennapod.activity.MainActivity} from uid 10711 on display 0
08-06 15:32:00.107 13866 13866 I GoogleInputMethodServic: GoogleInputMethodService.onFinishInput():3138 
08-06 15:32:00.108 13866 13866 I GoogleInputMethodServic: GoogleInputMethodService.onStartInput():1808 
08-06 15:32:00.262  1239  1239 D UserPreferences: Using default data folder
08-06 15:32:00.279 24577 18393 I Icing   : Indexing com.google.android.gms-apps from com.google.android.gms
08-06 15:32:00.330  1239  1239 D MainActivity: getLastNavFragment() -> QueueFragment
08-06 15:32:00.330  1239  1239 D MainActivity: loadFragment(tag: QueueFragment, args: null)
08-06 15:32:00.333  1239  1239 D MainActivity: saveLastNavFragment(tag: QueueFragment)
08-06 15:32:00.334  1239  1239 D MainActivity: getLastNavFragment() -> QueueFragment
08-06 15:32:00.334  1239  1239 D UserPreferences: timeOfDay: []
08-06 15:32:00.336  1239  1239 D AutoUpdateManager: Restarting update alarm.
08-06 15:32:00.338  1239  1239 D AutoUpdateManager: Changed alarm to new interval 12 h
08-06 15:32:00.360 24577 18393 I Icing   : Indexing done com.google.android.gms-apps
08-06 15:32:00.363  1239  1239 D UserPreferences: timeOfDay: []
08-06 15:32:00.363  1239  1239 D AutoUpdateManager: Restarting update alarm.
08-06 15:32:00.367  1239  1239 D AutoUpdateManager: Changed alarm to new interval 12 h
08-06 15:32:00.408  1239  1239 D ExternalPlayerFragment: Loading media info
08-06 15:32:00.409  1239  1239 D QueueFragment: loadItems()
08-06 15:32:00.413  1239  1261 D DBReader: getQueue() called
08-06 15:32:00.413  1239  1261 D DBReader: getQueue()
08-06 15:32:00.414  1239  1261 D DBReader: getFavoriteIDList() called
08-06 15:32:00.415  1239  1261 D DBReader: getQueueIDList() called
08-06 15:32:00.415  1239  1261 D DBReader: Extracting Feedlist
08-06 15:32:00.417  1239  1239 V PlaybackController: initServiceNotRunning()
08-06 15:32:00.418  1239  1239 D ExternalPlayerFragment: Loading media info
08-06 15:32:00.422  1239  1239 D UserPreferences: Using default data folder
08-06 15:32:00.424  1239  1239 D AutoUpdateManager: last refresh: 443533 hours 32 minutes ago
08-06 15:32:00.425  1239  1261 D DBReader: getNavDrawerData() called with: 
08-06 15:32:00.430  1239  1261 D DBReader: getDownloadedItems() called
08-06 15:32:00.432  1239  1261 D DBReader: getFavoriteIDList() called
08-06 15:32:00.433  1239  1261 D DBReader: getQueueIDList() called
08-06 15:32:00.434  1239  1261 D DBReader: Extracting Feedlist
08-06 15:32:00.449   380   380 W SurfaceFlinger: couldn't log to binary event log: overflow.
08-06 15:32:00.654   918   936 I ActivityManager: Displayed baseline.de.danoeh.antennapod.debug/baseline.de.danoeh.antennapod.activity.MainActivity: +449ms (total +903ms)
08-06 15:32:00.656  1239  1239 D MainActivity: getLastNavFragment() -> QueueFragment
08-06 15:32:00.656  1239  1239 D MainActivity: handleNavIntent()
08-06 15:32:00.659 13866 13866 I GoogleInputMethodServic: GoogleInputMethodService.onFinishInput():3138 
08-06 15:32:00.660 13866 13866 I GoogleInputMethodServic: GoogleInputMethodService.onStartInput():1808 
08-06 15:32:00.684 29532 29532 W PathParser: Points are too far apart 4.030360828967057
08-06 15:32:00.684 29532 29532 W PathParser: Points are too far apart 4.030360538880159
08-06 15:32:00.701 29532 29532 W PathParser: Points are too far apart 4.030360828967057
08-06 15:32:00.701 29532 29532 W PathParser: Points are too far apart 4.030360538880159
08-06 15:32:00.718 29532 29532 W PathParser: Points are too far apart 4.030360828967057
08-06 15:32:00.718 29532 29532 W PathParser: Points are too far apart 4.030360538880159
08-06 15:32:00.734 29532 29532 W PathParser: Points are too far apart 4.030360828967057
08-06 15:32:00.735 29532 29532 W PathParser: Points are too far apart 4.030360538880159
08-06 15:32:00.751 29532 29532 W PathParser: Points are too far apart 4.030360828967057
08-06 15:32:00.752 29532 29532 W PathParser: Points are too far apart 4.030360538880159
08-06 15:32:00.768 29532 29532 W PathParser: Points are too far apart 4.030360828967057
08-06 15:32:00.768 29532 29532 W PathParser: Points are too far apart 4.030360538880159
08-06 15:32:00.785 29532 29532 W PathParser: Points are too far apart 4.030360828967057
08-06 15:32:00.786 29532 29532 W PathParser: Points are too far apart 4.030360538880159
08-06 15:32:00.802 29532 29532 W PathParser: Points are too far apart 4.030360828967057
08-06 15:32:00.803 29532 29532 W PathParser: Points are too far apart 4.030360538880159
08-06 15:32:01.427  1286  1286 D AndroidRuntime: >>>>>> START com.android.internal.os.RuntimeInit uid 2000 <<<<<<
08-06 15:32:01.435  1286  1286 D AndroidRuntime: CheckJNI is OFF
08-06 15:32:01.441  1239  1289 D DBReader: Extracting Feedlist
08-06 15:32:01.444  1239  1289 D FlattrUtils: Retrieving access token
08-06 15:32:01.444  1239  1289 D FlattrUtils: No access token found
08-06 15:32:01.445  1239  1289 I art     : Rejecting re-init on previously-failed class java.lang.Class<androidx.core.app.JobIntentService$JobServiceEngineImpl>
08-06 15:32:01.445  1239  1289 I art     : Rejecting re-init on previously-failed class java.lang.Class<androidx.core.app.JobIntentService$JobServiceEngineImpl>
08-06 15:32:01.446  1239  1289 I art     : Rejecting re-init on previously-failed class java.lang.Class<androidx.core.app.SafeJobIntentService$SafeJobServiceEngineImpl>
08-06 15:32:01.446  1239  1289 I art     : Rejecting re-init on previously-failed class java.lang.Class<androidx.core.app.SafeJobIntentService$SafeJobServiceEngineImpl>
08-06 15:32:01.467  1286  1286 D ICU     : No timezone override file found: /data/misc/zoneinfo/current/icu/icu_tzdata.dat
08-06 15:32:01.496  1286  1286 I Radio-JNI: register_android_hardware_Radio DONE
08-06 15:32:01.512  1286  1286 D AndroidRuntime: Calling main entry com.android.commands.am.Am
08-06 15:32:01.525   779   779 I Trepn   : Trepn 6.2s: Received intent: com.quicinc.trepn.start_profiling
08-06 15:32:01.682   779   779 W FileUtils: Failed to chmod(/storage/emulated/0/trepn/Trepn_2020.08.06_153201.db): android.system.ErrnoException: chmod failed: EPERM (Operation not permitted)
08-06 15:32:01.846   779   779 I Trepn   : Trepn 6.2s: Trepn has Started Profiling.
08-06 15:32:01.849  1286  1286 D AndroidRuntime: Shutting down VM
08-06 15:32:01.886 13866 13866 I GoogleInputMethodServic: GoogleInputMethodService.onFinishInput():3138 
08-06 15:32:01.887 13866 13866 I GoogleInputMethodServic: GoogleInputMethodService.onStartInput():1808 
08-06 15:32:02.326  1239  1252 I art     : Starting a blocking GC Explicit
08-06 15:32:02.347  1239  1252 I art     : Explicit concurrent mark sweep GC freed 10223(1321KB) AllocSpace objects, 5(100KB) LOS objects, 40% free, 23MB/38MB, paused 174us total 20.897ms
08-06 15:32:02.354  1239  1252 I art     : Starting a blocking GC Explicit
08-06 15:32:02.368  1239  1252 I art     : Explicit concurrent mark sweep GC freed 3320(192KB) AllocSpace objects, 2(588KB) LOS objects, 40% free, 22MB/37MB, paused 156us total 13.866ms
08-06 15:32:02.374  1239  1252 I art     : Starting a blocking GC Explicit
08-06 15:32:02.387  1239  1252 I art     : Explicit concurrent mark sweep GC freed 3(96B) AllocSpace objects, 0(0B) LOS objects, 40% free, 22MB/37MB, paused 175us total 12.576ms
08-06 15:32:02.393  1239  1252 I art     : Starting a blocking GC Explicit
08-06 15:32:02.406  1239  1252 I art     : Explicit concurrent mark sweep GC freed 3(96B) AllocSpace objects, 0(0B) LOS objects, 40% free, 22MB/37MB, paused 152us total 12.655ms
08-06 15:32:02.412  1239  1252 I art     : Starting a blocking GC Explicit
08-06 15:32:02.425  1239  1252 I art     : Explicit concurrent mark sweep GC freed 3(96B) AllocSpace objects, 0(0B) LOS objects, 40% free, 22MB/37MB, paused 152us total 12.341ms
08-06 15:32:02.718  1239  1265 I art     : Starting a blocking GC Explicit
08-06 15:32:02.736  1239  1265 I art     : Explicit concurrent mark sweep GC freed 1374(82KB) AllocSpace objects, 1(20KB) LOS objects, 40% free, 22MB/37MB, paused 220us total 17.808ms
08-06 15:32:02.746  1239  1265 I art     : Starting a blocking GC Explicit
08-06 15:32:02.761  1239  1265 I art     : Explicit concurrent mark sweep GC freed 23(752B) AllocSpace objects, 0(0B) LOS objects, 40% free, 22MB/37MB, paused 154us total 13.925ms
08-06 15:32:02.767  1239  1265 I art     : Starting a blocking GC Explicit
08-06 15:32:02.780  1239  1265 I art     : Explicit concurrent mark sweep GC freed 3(96B) AllocSpace objects, 0(0B) LOS objects, 40% free, 22MB/37MB, paused 156us total 12.575ms
08-06 15:32:02.786  1239  1265 I art     : Starting a blocking GC Explicit
08-06 15:32:02.799  1239  1265 I art     : Explicit concurrent mark sweep GC freed 3(96B) AllocSpace objects, 0(0B) LOS objects, 40% free, 22MB/37MB, paused 151us total 12.676ms
08-06 15:32:02.805  1239  1265 I art     : Starting a blocking GC Explicit
08-06 15:32:02.818  1239  1265 I art     : Explicit concurrent mark sweep GC freed 3(96B) AllocSpace objects, 0(0B) LOS objects, 40% free, 22MB/37MB, paused 156us total 12.513ms
08-06 15:32:03.129  1239  1251 I art     : Starting a blocking GC Explicit
08-06 15:32:03.144  1239  1251 I art     : Explicit concurrent mark sweep GC freed 1390(80KB) AllocSpace objects, 1(20KB) LOS objects, 40% free, 22MB/37MB, paused 203us total 15.198ms
08-06 15:32:03.152  1239  1251 I art     : Starting a blocking GC Explicit
08-06 15:32:03.165  1239  1251 I art     : Explicit concurrent mark sweep GC freed 23(752B) AllocSpace objects, 0(0B) LOS objects, 40% free, 22MB/37MB, paused 161us total 12.635ms
08-06 15:32:03.171  1239  1251 I art     : Starting a blocking GC Explicit
08-06 15:32:03.183  1239  1251 I art     : Explicit concurrent mark sweep GC freed 3(96B) AllocSpace objects, 0(0B) LOS objects, 40% free, 22MB/37MB, paused 157us total 12.149ms
08-06 15:32:03.190  1239  1251 I art     : Starting a blocking GC Explicit
08-06 15:32:03.202  1239  1251 I art     : Explicit concurrent mark sweep GC freed 3(96B) AllocSpace objects, 0(0B) LOS objects, 40% free, 22MB/37MB, paused 136us total 11.885ms
08-06 15:32:03.208  1239  1251 I art     : Starting a blocking GC Explicit
08-06 15:32:03.220  1239  1251 I art     : Explicit concurrent mark sweep GC freed 3(96B) AllocSpace objects, 0(0B) LOS objects, 40% free, 22MB/37MB, paused 144us total 11.886ms
08-06 15:32:03.310   918  3261 D WifiStateMachine: starting scan for "H369AA63323"WPA_PSK with 2412,5180
08-06 15:32:03.511  1239  1265 I art     : Starting a blocking GC Explicit
08-06 15:32:03.526  1239  1265 I art     : Explicit concurrent mark sweep GC freed 1371(80KB) AllocSpace objects, 1(20KB) LOS objects, 40% free, 22MB/37MB, paused 192us total 15.027ms
08-06 15:32:03.532  1239  1265 I art     : Starting a blocking GC Explicit
08-06 15:32:03.546  1239  1265 I art     : Explicit concurrent mark sweep GC freed 26(848B) AllocSpace objects, 0(0B) LOS objects, 40% free, 22MB/37MB, paused 152us total 13.145ms
08-06 15:32:03.552  1239  1265 I art     : Starting a blocking GC Explicit
08-06 15:32:03.564  1239  1265 I art     : Explicit concurrent mark sweep GC freed 5(160B) AllocSpace objects, 0(0B) LOS objects, 40% free, 22MB/37MB, paused 145us total 12.015ms
08-06 15:32:03.570  1239  1265 I art     : Starting a blocking GC Explicit
08-06 15:32:03.581  1239  1265 I art     : Explicit concurrent mark sweep GC freed 5(160B) AllocSpace objects, 0(0B) LOS objects, 40% free, 22MB/37MB, paused 145us total 11.282ms
08-06 15:32:03.587  1239  1265 I art     : Starting a blocking GC Explicit
08-06 15:32:03.599  1239  1265 I art     : Explicit concurrent mark sweep GC freed 5(160B) AllocSpace objects, 0(0B) LOS objects, 40% free, 22MB/37MB, paused 161us total 11.503ms
08-06 15:32:03.897  1239  1265 I art     : Starting a blocking GC Explicit
08-06 15:32:03.916  1239  1265 I art     : Explicit concurrent mark sweep GC freed 1376(80KB) AllocSpace objects, 1(20KB) LOS objects, 40% free, 22MB/37MB, paused 168us total 18.663ms
08-06 15:32:03.923  1239  1265 I art     : Starting a blocking GC Explicit
08-06 15:32:03.936  1239  1265 I art     : Explicit concurrent mark sweep GC freed 23(752B) AllocSpace objects, 0(0B) LOS objects, 40% free, 22MB/37MB, paused 151us total 13.173ms
08-06 15:32:03.943  1239  1265 I art     : Starting a blocking GC Explicit
08-06 15:32:03.956  1239  1265 I art     : Explicit concurrent mark sweep GC freed 3(96B) AllocSpace objects, 0(0B) LOS objects, 40% free, 22MB/37MB, paused 146us total 12.532ms
08-06 15:32:03.962  1239  1265 I art     : Starting a blocking GC Explicit
08-06 15:32:03.975  1239  1265 I art     : Explicit concurrent mark sweep GC freed 3(96B) AllocSpace objects, 0(0B) LOS objects, 40% free, 22MB/37MB, paused 150us total 12.450ms
08-06 15:32:03.981  1239  1265 I art     : Starting a blocking GC Explicit
08-06 15:32:03.994  1239  1265 I art     : Explicit concurrent mark sweep GC freed 3(96B) AllocSpace objects, 0(0B) LOS objects, 40% free, 22MB/37MB, paused 155us total 12.529ms
08-06 15:32:04.302  1239  1251 I art     : Starting a blocking GC Explicit
08-06 15:32:04.321  1239  1251 I art     : Explicit concurrent mark sweep GC freed 1390(81KB) AllocSpace objects, 1(20KB) LOS objects, 40% free, 22MB/37MB, paused 196us total 19.213ms
08-06 15:32:04.331  1239  1251 I art     : Starting a blocking GC Explicit
08-06 15:32:04.345  1239  1251 I art     : Explicit concurrent mark sweep GC freed 23(752B) AllocSpace objects, 0(0B) LOS objects, 40% free, 22MB/37MB, paused 161us total 13.218ms
08-06 15:32:04.351  1239  1251 I art     : Starting a blocking GC Explicit
08-06 15:32:04.365  1239  1251 I art     : Explicit concurrent mark sweep GC freed 3(96B) AllocSpace objects, 0(0B) LOS objects, 40% free, 22MB/37MB, paused 144us total 13.087ms
08-06 15:32:04.371  1239  1251 I art     : Starting a blocking GC Explicit
08-06 15:32:04.384  1239  1251 I art     : Explicit concurrent mark sweep GC freed 3(96B) AllocSpace objects, 0(0B) LOS objects, 40% free, 22MB/37MB, paused 129us total 12.882ms
08-06 15:32:04.390  1239  1251 I art     : Starting a blocking GC Explicit
08-06 15:32:04.403  1239  1251 I art     : Explicit concurrent mark sweep GC freed 3(96B) AllocSpace objects, 0(0B) LOS objects, 40% free, 22MB/37MB, paused 148us total 12.506ms
08-06 15:32:04.712  1239  1252 I art     : Starting a blocking GC Explicit
08-06 15:32:04.731  1239  1252 I art     : Explicit concurrent mark sweep GC freed 1364(82KB) AllocSpace objects, 1(20KB) LOS objects, 40% free, 22MB/37MB, paused 187us total 19.083ms
08-06 15:32:04.741  1239  1252 I art     : Starting a blocking GC Explicit
08-06 15:32:04.754  1239  1252 I art     : Explicit concurrent mark sweep GC freed 23(752B) AllocSpace objects, 0(0B) LOS objects, 40% free, 22MB/37MB, paused 153us total 13.295ms
08-06 15:32:04.761  1239  1252 I art     : Starting a blocking GC Explicit
08-06 15:32:04.774  1239  1252 I art     : Explicit concurrent mark sweep GC freed 3(96B) AllocSpace objects, 0(0B) LOS objects, 40% free, 22MB/37MB, paused 152us total 13.181ms
08-06 15:32:04.780  1239  1252 I art     : Starting a blocking GC Explicit
08-06 15:32:04.793  1239  1252 I art     : Explicit concurrent mark sweep GC freed 3(96B) AllocSpace objects, 0(0B) LOS objects, 40% free, 22MB/37MB, paused 156us total 12.375ms
08-06 15:32:04.799  1239  1252 I art     : Starting a blocking GC Explicit
08-06 15:32:04.811  1239  1252 I art     : Explicit concurrent mark sweep GC freed 3(96B) AllocSpace objects, 0(0B) LOS objects, 40% free, 22MB/37MB, paused 151us total 12.338ms
08-06 15:32:05.110  1239  1265 I art     : Starting a blocking GC Explicit
08-06 15:32:05.130  1239  1265 I art     : Explicit concurrent mark sweep GC freed 1390(82KB) AllocSpace objects, 1(20KB) LOS objects, 40% free, 22MB/37MB, paused 183us total 19.027ms
08-06 15:32:05.140  1239  1265 I art     : Starting a blocking GC Explicit
08-06 15:32:05.156  1239  1265 I art     : Explicit concurrent mark sweep GC freed 23(752B) AllocSpace objects, 0(0B) LOS objects, 40% free, 22MB/37MB, paused 154us total 15.245ms
08-06 15:32:05.162  1239  1265 I art     : Starting a blocking GC Explicit
08-06 15:32:05.175  1239  1265 I art     : Explicit concurrent mark sweep GC freed 3(96B) AllocSpace objects, 0(0B) LOS objects, 40% free, 22MB/37MB, paused 152us total 12.639ms
08-06 15:32:05.181  1239  1265 I art     : Starting a blocking GC Explicit
08-06 15:32:05.194  1239  1265 I art     : Explicit concurrent mark sweep GC freed 3(96B) AllocSpace objects, 0(0B) LOS objects, 40% free, 22MB/37MB, paused 154us total 12.333ms
08-06 15:32:05.200  1239  1265 I art     : Starting a blocking GC Explicit
08-06 15:32:05.213  1239  1265 I art     : Explicit concurrent mark sweep GC freed 3(96B) AllocSpace objects, 0(0B) LOS objects, 40% free, 22MB/37MB, paused 149us total 12.493ms
08-06 15:32:05.379   518   646 I ThermalEngine: ACTION: GPU - Setting GPU[0] to 510000000
08-06 15:32:05.505  1239  1251 I art     : Starting a blocking GC Explicit
08-06 15:32:05.526  1239  1251 I art     : Explicit concurrent mark sweep GC freed 1362(80KB) AllocSpace objects, 1(20KB) LOS objects, 40% free, 22MB/37MB, paused 212us total 20.375ms
08-06 15:32:05.537  1239  1251 I art     : Starting a blocking GC Explicit
08-06 15:32:05.556  1239  1251 I art     : Explicit concurrent mark sweep GC freed 23(752B) AllocSpace objects, 0(0B) LOS objects, 40% free, 22MB/37MB, paused 214us total 18.569ms
08-06 15:32:05.567  1239  1251 I art     : Starting a blocking GC Explicit
08-06 15:32:05.583  1239  1251 I art     : Explicit concurrent mark sweep GC freed 3(96B) AllocSpace objects, 0(0B) LOS objects, 40% free, 22MB/37MB, paused 180us total 16.144ms
08-06 15:32:05.591  1239  1251 I art     : Starting a blocking GC Explicit
08-06 15:32:05.608  1239  1251 I art     : Explicit concurrent mark sweep GC freed 3(96B) AllocSpace objects, 0(0B) LOS objects, 40% free, 22MB/37MB, paused 200us total 16.195ms
08-06 15:32:05.616  1239  1251 I art     : Starting a blocking GC Explicit
08-06 15:32:05.633  1239  1251 I art     : Explicit concurrent mark sweep GC freed 3(96B) AllocSpace objects, 0(0B) LOS objects, 40% free, 22MB/37MB, paused 186us total 16.603ms
08-06 15:32:05.885  1239  1252 I art     : Starting a blocking GC Explicit
08-06 15:32:05.901  1239  1252 I art     : Explicit concurrent mark sweep GC freed 1362(80KB) AllocSpace objects, 1(20KB) LOS objects, 40% free, 22MB/37MB, paused 195us total 15.847ms
08-06 15:32:05.909  1239  1252 I art     : Starting a blocking GC Explicit
08-06 15:32:05.924  1239  1252 I art     : Explicit concurrent mark sweep GC freed 23(752B) AllocSpace objects, 0(0B) LOS objects, 40% free, 22MB/37MB, paused 223us total 15.262ms
08-06 15:32:05.932  1239  1252 I art     : Starting a blocking GC Explicit
08-06 15:32:05.946  1239  1252 I art     : Explicit concurrent mark sweep GC freed 3(96B) AllocSpace objects, 0(0B) LOS objects, 40% free, 22MB/37MB, paused 191us total 14.332ms
08-06 15:32:05.954  1239  1252 I art     : Starting a blocking GC Explicit
08-06 15:32:05.969  1239  1252 I art     : Explicit concurrent mark sweep GC freed 3(96B) AllocSpace objects, 0(0B) LOS objects, 40% free, 22MB/37MB, paused 196us total 15.226ms
08-06 15:32:05.977  1239  1252 I art     : Starting a blocking GC Explicit
08-06 15:32:05.993  1239  1252 I art     : Explicit concurrent mark sweep GC freed 3(96B) AllocSpace objects, 0(0B) LOS objects, 40% free, 22MB/37MB, paused 202us total 15.612ms
08-06 15:32:06.293  1239  1265 I art     : Starting a blocking GC Explicit
08-06 15:32:06.314  1239  1265 I art     : Explicit concurrent mark sweep GC freed 1389(80KB) AllocSpace objects, 1(20KB) LOS objects, 40% free, 22MB/37MB, paused 223us total 20.562ms
08-06 15:32:06.323  1239  1265 I art     : Starting a blocking GC Explicit
08-06 15:32:06.339  1239  1265 I art     : Explicit concurrent mark sweep GC freed 23(752B) AllocSpace objects, 0(0B) LOS objects, 40% free, 22MB/37MB, paused 198us total 16.291ms
08-06 15:32:06.347  1239  1265 I art     : Starting a blocking GC Explicit
08-06 15:32:06.364  1239  1265 I art     : Explicit concurrent mark sweep GC freed 3(96B) AllocSpace objects, 0(0B) LOS objects, 40% free, 22MB/37MB, paused 208us total 15.906ms
08-06 15:32:06.372  1239  1265 I art     : Starting a blocking GC Explicit
08-06 15:32:06.388  1239  1265 I art     : Explicit concurrent mark sweep GC freed 3(96B) AllocSpace objects, 0(0B) LOS objects, 40% free, 22MB/37MB, paused 206us total 16.207ms
08-06 15:32:06.396  1239  1265 I art     : Starting a blocking GC Explicit
08-06 15:32:06.413  1239  1265 I art     : Explicit concurrent mark sweep GC freed 3(96B) AllocSpace objects, 0(0B) LOS objects, 40% free, 22MB/37MB, paused 200us total 15.889ms
08-06 15:32:06.721  1239  1251 I art     : Starting a blocking GC Explicit
08-06 15:32:06.737  1239  1251 I art     : Explicit concurrent mark sweep GC freed 1362(80KB) AllocSpace objects, 1(20KB) LOS objects, 40% free, 22MB/37MB, paused 230us total 16.547ms
08-06 15:32:06.745  1239  1251 I art     : Starting a blocking GC Explicit
08-06 15:32:06.760  1239  1251 I art     : Explicit concurrent mark sweep GC freed 23(752B) AllocSpace objects, 0(0B) LOS objects, 40% free, 22MB/37MB, paused 187us total 14.799ms
08-06 15:32:06.768  1239  1251 I art     : Starting a blocking GC Explicit
08-06 15:32:06.781  1239  1251 I art     : Explicit concurrent mark sweep GC freed 3(96B) AllocSpace objects, 0(0B) LOS objects, 40% free, 22MB/37MB, paused 194us total 13.664ms
08-06 15:32:06.789  1239  1251 I art     : Starting a blocking GC Explicit
08-06 15:32:06.803  1239  1251 I art     : Explicit concurrent mark sweep GC freed 3(96B) AllocSpace objects, 0(0B) LOS objects, 40% free, 22MB/37MB, paused 186us total 14.090ms
08-06 15:32:06.810  1239  1251 I art     : Starting a blocking GC Explicit
08-06 15:32:06.825  1239  1251 I art     : Explicit concurrent mark sweep GC freed 3(96B) AllocSpace objects, 0(0B) LOS objects, 40% free, 22MB/37MB, paused 186us total 14.278ms
08-06 15:32:07.105  1239  1252 I art     : Starting a blocking GC Explicit
08-06 15:32:07.124  1239  1252 I art     : Explicit concurrent mark sweep GC freed 1388(80KB) AllocSpace objects, 1(20KB) LOS objects, 40% free, 22MB/37MB, paused 212us total 18.961ms
08-06 15:32:07.132  1239  1252 I art     : Starting a blocking GC Explicit
08-06 15:32:07.148  1239  1252 I art     : Explicit concurrent mark sweep GC freed 23(752B) AllocSpace objects, 0(0B) LOS objects, 40% free, 22MB/37MB, paused 213us total 15.823ms
08-06 15:32:07.156  1239  1252 I art     : Starting a blocking GC Explicit
08-06 15:32:07.171  1239  1252 I art     : Explicit concurrent mark sweep GC freed 3(96B) AllocSpace objects, 0(0B) LOS objects, 40% free, 22MB/37MB, paused 208us total 14.985ms
08-06 15:32:07.179  1239  1252 I art     : Starting a blocking GC Explicit
08-06 15:32:07.184  1445  1445 D AndroidRuntime: >>>>>> START com.android.internal.os.RuntimeInit uid 2000 <<<<<<
08-06 15:32:07.189  1445  1445 D AndroidRuntime: CheckJNI is OFF
08-06 15:32:07.194  1239  1252 I art     : Explicit concurrent mark sweep GC freed 3(96B) AllocSpace objects, 0(0B) LOS objects, 40% free, 22MB/37MB, paused 195us total 14.970ms
08-06 15:32:07.202  1239  1252 I art     : Starting a blocking GC Explicit
08-06 15:32:07.218  1239  1252 I art     : Explicit concurrent mark sweep GC freed 3(96B) AllocSpace objects, 0(0B) LOS objects, 40% free, 22MB/37MB, paused 208us total 15.171ms
08-06 15:32:07.224  1445  1445 D ICU     : No timezone override file found: /data/misc/zoneinfo/current/icu/icu_tzdata.dat
08-06 15:32:07.257  1445  1445 I Radio-JNI: register_android_hardware_Radio DONE
08-06 15:32:07.279  1445  1445 D AndroidRuntime: Calling main entry com.android.commands.input.Input
08-06 15:32:07.280  1445  1445 I Input   : injectMotionEvent: MotionEvent { action=ACTION_DOWN, actionButton=0, id[0]=0, x[0]=1233.0, y[0]=1274.0, toolType[0]=TOOL_TYPE_UNKNOWN, buttonState=0, metaState=0, flags=0x0, edgeFlags=0x0, pointerCount=1, historySize=0, eventTime=891143693, downTime=891143693, deviceId=0, source=0x1002 }
08-06 15:32:07.286  1445  1445 I Input   : injectMotionEvent: MotionEvent { action=ACTION_UP, actionButton=0, id[0]=0, x[0]=1233.0, y[0]=1274.0, toolType[0]=TOOL_TYPE_UNKNOWN, buttonState=0, metaState=0, flags=0x0, edgeFlags=0x0, pointerCount=1, historySize=0, eventTime=891143693, downTime=891143693, deviceId=0, source=0x1002 }
08-06 15:32:07.288  1445  1445 D AndroidRuntime: Shutting down VM
08-06 15:32:07.458  1239  1252 I art     : Starting a blocking GC Explicit
08-06 15:32:07.476  1239  1252 I art     : Explicit concurrent mark sweep GC freed 1364(80KB) AllocSpace objects, 1(20KB) LOS objects, 40% free, 22MB/37MB, paused 221us total 17.364ms
08-06 15:32:07.485  1239  1252 I art     : Starting a blocking GC Explicit
08-06 15:32:07.502  1239  1252 I art     : Explicit concurrent mark sweep GC freed 23(752B) AllocSpace objects, 0(0B) LOS objects, 40% free, 22MB/37MB, paused 215us total 16.979ms
08-06 15:32:07.510  1239  1252 I art     : Starting a blocking GC Explicit
08-06 15:32:07.525  1239  1252 I art     : Explicit concurrent mark sweep GC freed 3(96B) AllocSpace objects, 0(0B) LOS objects, 40% free, 22MB/37MB, paused 182us total 14.998ms
08-06 15:32:07.533  1239  1252 I art     : Starting a blocking GC Explicit
08-06 15:32:07.548  1239  1252 I art     : Explicit concurrent mark sweep GC freed 3(96B) AllocSpace objects, 0(0B) LOS objects, 40% free, 22MB/37MB, paused 191us total 15.091ms
08-06 15:32:07.556  1239  1252 I art     : Starting a blocking GC Explicit
08-06 15:32:07.572  1239  1252 I art     : Explicit concurrent mark sweep GC freed 3(96B) AllocSpace objects, 0(0B) LOS objects, 40% free, 22MB/37MB, paused 201us total 16.317ms
08-06 15:32:07.716 13866 13866 I GoogleInputMethodServic: GoogleInputMethodService.onFinishInput():3138 
08-06 15:32:07.718 13866 13866 I GoogleInputMethodServic: GoogleInputMethodService.onStartInput():1808 
08-06 15:32:07.825  1239  1265 I art     : Starting a blocking GC Explicit
08-06 15:32:07.842  1239  1265 I art     : Explicit concurrent mark sweep GC freed 1458(83KB) AllocSpace objects, 1(20KB) LOS objects, 40% free, 22MB/37MB, paused 206us total 17.356ms
08-06 15:32:07.853  1239  1265 I art     : Starting a blocking GC Explicit
08-06 15:32:07.870  1239  1265 I art     : Explicit concurrent mark sweep GC freed 31(1200B) AllocSpace objects, 0(0B) LOS objects, 40% free, 22MB/37MB, paused 197us total 16.780ms
08-06 15:32:07.878  1239  1265 I art     : Starting a blocking GC Explicit
08-06 15:32:07.893  1239  1265 I art     : Explicit concurrent mark sweep GC freed 3(96B) AllocSpace objects, 0(0B) LOS objects, 40% free, 22MB/37MB, paused 200us total 15.420ms
08-06 15:32:07.901  1239  1265 I art     : Starting a blocking GC Explicit
08-06 15:32:07.916  1239  1265 I art     : Explicit concurrent mark sweep GC freed 3(96B) AllocSpace objects, 0(0B) LOS objects, 40% free, 22MB/37MB, paused 203us total 15.202ms
08-06 15:32:07.924  1239  1265 I art     : Starting a blocking GC Explicit
08-06 15:32:07.940  1239  1265 I art     : Explicit concurrent mark sweep GC freed 3(96B) AllocSpace objects, 0(0B) LOS objects, 40% free, 22MB/37MB, paused 199us total 15.510ms
08-06 15:32:08.204 29768 29768 I ServiceManager: Waiting for service AtCmdFwd...
08-06 15:32:08.219  1239  1251 I art     : Starting a blocking GC Explicit
08-06 15:32:08.243  1239  1251 I art     : Explicit concurrent mark sweep GC freed 1388(80KB) AllocSpace objects, 1(20KB) LOS objects, 40% free, 22MB/37MB, paused 303us total 23.408ms
08-06 15:32:08.254  1239  1251 I art     : Starting a blocking GC Explicit
08-06 15:32:08.271  1239  1251 I art     : Explicit concurrent mark sweep GC freed 23(752B) AllocSpace objects, 0(0B) LOS objects, 40% free, 22MB/37MB, paused 205us total 16.661ms
08-06 15:32:08.279  1239  1251 I art     : Starting a blocking GC Explicit
08-06 15:32:08.296  1239  1251 I art     : Explicit concurrent mark sweep GC freed 3(96B) AllocSpace objects, 0(0B) LOS objects, 40% free, 22MB/37MB, paused 189us total 15.965ms
08-06 15:32:08.304  1239  1251 I art     : Starting a blocking GC Explicit
08-06 15:32:08.320  1239  1251 I art     : Explicit concurrent mark sweep GC freed 3(96B) AllocSpace objects, 0(0B) LOS objects, 40% free, 22MB/37MB, paused 188us total 16.071ms
08-06 15:32:08.328  1239  1251 I art     : Starting a blocking GC Explicit
08-06 15:32:08.344  1239  1251 I art     : Explicit concurrent mark sweep GC freed 3(96B) AllocSpace objects, 0(0B) LOS objects, 40% free, 22MB/37MB, paused 193us total 16.196ms
08-06 15:32:08.615  1239  1252 I art     : Starting a blocking GC Explicit
08-06 15:32:08.631  1239  1252 I art     : Explicit concurrent mark sweep GC freed 1361(80KB) AllocSpace objects, 1(20KB) LOS objects, 40% free, 22MB/37MB, paused 221us total 16.196ms
08-06 15:32:08.640  1239  1252 I art     : Starting a blocking GC Explicit
08-06 15:32:08.656  1239  1252 I art     : Explicit concurrent mark sweep GC freed 23(752B) AllocSpace objects, 0(0B) LOS objects, 40% free, 22MB/37MB, paused 232us total 16.102ms
08-06 15:32:08.663  1239  1252 I art     : Starting a blocking GC Explicit
08-06 15:32:08.679  1239  1252 I art     : Explicit concurrent mark sweep GC freed 3(96B) AllocSpace objects, 0(0B) LOS objects, 40% free, 22MB/37MB, paused 196us total 15.481ms
08-06 15:32:08.687  1239  1252 I art     : Starting a blocking GC Explicit
08-06 15:32:08.703  1239  1252 I art     : Explicit concurrent mark sweep GC freed 3(96B) AllocSpace objects, 0(0B) LOS objects, 40% free, 22MB/37MB, paused 200us total 15.558ms
08-06 15:32:08.711  1239  1252 I art     : Starting a blocking GC Explicit
08-06 15:32:08.726  1239  1252 I art     : Explicit concurrent mark sweep GC freed 3(96B) AllocSpace objects, 0(0B) LOS objects, 40% free, 22MB/37MB, paused 199us total 15.243ms
08-06 15:32:08.947  1507  1507 D AndroidRuntime: >>>>>> START com.android.internal.os.RuntimeInit uid 2000 <<<<<<
08-06 15:32:08.953  1507  1507 D AndroidRuntime: CheckJNI is OFF
08-06 15:32:08.983  1239  1265 I art     : Starting a blocking GC Explicit
08-06 15:32:08.987  1507  1507 D ICU     : No timezone override file found: /data/misc/zoneinfo/current/icu/icu_tzdata.dat
08-06 15:32:08.999  1239  1265 I art     : Explicit concurrent mark sweep GC freed 1361(80KB) AllocSpace objects, 1(20KB) LOS objects, 40% free, 22MB/37MB, paused 200us total 16.213ms
08-06 15:32:09.007  1239  1265 I art     : Starting a blocking GC Explicit
08-06 15:32:09.022  1507  1507 I Radio-JNI: register_android_hardware_Radio DONE
08-06 15:32:09.023  1239  1265 I art     : Explicit concurrent mark sweep GC freed 50(1488B) AllocSpace objects, 0(0B) LOS objects, 40% free, 22MB/37MB, paused 207us total 15.720ms
08-06 15:32:09.031  1239  1265 I art     : Starting a blocking GC Explicit
08-06 15:32:09.045  1507  1507 D AndroidRuntime: Calling main entry com.android.commands.input.Input
08-06 15:32:09.047  1239  1265 I art     : Explicit concurrent mark sweep GC freed 3(96B) AllocSpace objects, 0(0B) LOS objects, 40% free, 22MB/37MB, paused 271us total 15.719ms
08-06 15:32:09.047  1507  1507 I Input   : injectMotionEvent: MotionEvent { action=ACTION_DOWN, actionButton=0, id[0]=0, x[0]=103.0, y[0]=192.0, toolType[0]=TOOL_TYPE_UNKNOWN, buttonState=0, metaState=0, flags=0x0, edgeFlags=0x0, pointerCount=1, historySize=0, eventTime=891145460, downTime=891145460, deviceId=0, source=0x1002 }
08-06 15:32:09.053  1507  1507 I Input   : injectMotionEvent: MotionEvent { action=ACTION_UP, actionButton=0, id[0]=0, x[0]=103.0, y[0]=192.0, toolType[0]=TOOL_TYPE_UNKNOWN, buttonState=0, metaState=0, flags=0x0, edgeFlags=0x0, pointerCount=1, historySize=0, eventTime=891145460, downTime=891145460, deviceId=0, source=0x1002 }
08-06 15:32:09.055  1239  1265 I art     : Starting a blocking GC Explicit
08-06 15:32:09.055  1507  1507 D AndroidRuntime: Shutting down VM
08-06 15:32:09.063   512  2967 D audio_hw_primary: out_set_parameters: enter: usecase(1: low-latency-playback) kvpairs: routing=2
08-06 15:32:09.072  1239  1265 I art     : Explicit concurrent mark sweep GC freed 33(1024B) AllocSpace objects, 0(0B) LOS objects, 40% free, 22MB/37MB, paused 208us total 17.038ms
08-06 15:32:09.076   512  2967 D audio_hw_primary: select_devices: out_snd_device(2: speaker) in_snd_device(0: none)
08-06 15:32:09.076   512  2967 D msm8974_platform: platform_send_audio_calibration: sending audio calibration for snd_device(2) acdb_id(15)
08-06 15:32:09.076   512  2967 I soundtrigger: audio_extn_sound_trigger_update_device_status: device 0x2 of type 0 for Event 1
08-06 15:32:09.080  1239  1265 I art     : Starting a blocking GC Explicit
08-06 15:32:09.088   512  2967 D audio_hw_primary: enable_snd_device: snd_device(2: speaker)
08-06 15:32:09.090   512  2967 D audio_hw_primary: enable_audio_route: apply and update mixer path: low-latency-playback speaker
08-06 15:32:09.095  1239  1265 I art     : Explicit concurrent mark sweep GC freed 87(3KB) AllocSpace objects, 0(0B) LOS objects, 40% free, 22MB/37MB, paused 280us total 14.870ms
08-06 15:32:09.099 13866 13866 I GoogleInputMethodServic: GoogleInputMethodService.onFinishInput():3138 
08-06 15:32:09.099 13866 13866 I GoogleInputMethodServic: GoogleInputMethodService.onStartInput():1808 
08-06 15:32:09.204 29768 29768 I ServiceManager: Waiting for service AtCmdFwd...
08-06 15:32:09.345  1239  1252 I art     : Starting a blocking GC Explicit
08-06 15:32:09.364  1239  1252 I art     : Explicit concurrent mark sweep GC freed 1760(100KB) AllocSpace objects, 1(20KB) LOS objects, 40% free, 22MB/37MB, paused 196us total 18.273ms
08-06 15:32:09.373  1239  1252 I art     : Starting a blocking GC Explicit
08-06 15:32:09.389  1239  1252 I art     : Explicit concurrent mark sweep GC freed 33(1312B) AllocSpace objects, 0(0B) LOS objects, 40% free, 22MB/37MB, paused 206us total 16.009ms
08-06 15:32:09.397  1239  1252 I art     : Starting a blocking GC Explicit
08-06 15:32:09.412  1239  1252 I art     : Explicit concurrent mark sweep GC freed 3(96B) AllocSpace objects, 0(0B) LOS objects, 40% free, 22MB/37MB, paused 191us total 14.861ms
08-06 15:32:09.420  1239  1252 I art     : Starting a blocking GC Explicit
08-06 15:32:09.434  1239  1252 I art     : Explicit concurrent mark sweep GC freed 9(288B) AllocSpace objects, 0(0B) LOS objects, 40% free, 22MB/37MB, paused 194us total 14.684ms
08-06 15:32:09.442  1239  1252 I art     : Starting a blocking GC Explicit
08-06 15:32:09.457  1239  1252 I art     : Explicit concurrent mark sweep GC freed 3(96B) AllocSpace objects, 0(0B) LOS objects, 40% free, 22MB/37MB, paused 218us total 15.477ms
08-06 15:32:09.628   512  2967 D audio_hw_primary: disable_audio_route: reset and update mixer path: low-latency-playback speaker
08-06 15:32:09.629   512  2967 D audio_hw_primary: disable_snd_device: snd_device(2: speaker)
08-06 15:32:09.637   512  2967 I soundtrigger: audio_extn_sound_trigger_update_device_status: device 0x2 of type 0 for Event 0
08-06 15:32:09.684  1543  1543 D AndroidRuntime: >>>>>> START com.android.internal.os.RuntimeInit uid 2000 <<<<<<
08-06 15:32:09.689  1543  1543 D AndroidRuntime: CheckJNI is OFF
08-06 15:32:09.716  1239  1251 I art     : Starting a blocking GC Explicit
08-06 15:32:09.722  1543  1543 D ICU     : No timezone override file found: /data/misc/zoneinfo/current/icu/icu_tzdata.dat
08-06 15:32:09.732  1239  1251 I art     : Explicit concurrent mark sweep GC freed 1365(80KB) AllocSpace objects, 1(20KB) LOS objects, 40% free, 22MB/37MB, paused 214us total 15.859ms
08-06 15:32:09.740  1239  1251 I art     : Starting a blocking GC Explicit
08-06 15:32:09.755  1239  1251 I art     : Explicit concurrent mark sweep GC freed 25(816B) AllocSpace objects, 0(0B) LOS objects, 40% free, 22MB/37MB, paused 201us total 15.212ms
08-06 15:32:09.755  1543  1543 I Radio-JNI: register_android_hardware_Radio DONE
08-06 15:32:09.762  1239  1251 I art     : Starting a blocking GC Explicit
08-06 15:32:09.777  1239  1251 I art     : Explicit concurrent mark sweep GC freed 5(160B) AllocSpace objects, 0(0B) LOS objects, 40% free, 22MB/37MB, paused 201us total 14.824ms
08-06 15:32:09.778  1543  1543 D AndroidRuntime: Calling main entry com.android.commands.input.Input
08-06 15:32:09.780  1543  1543 I Input   : injectMotionEvent: MotionEvent { action=ACTION_DOWN, actionButton=0, id[0]=0, x[0]=324.0, y[0]=2298.0, toolType[0]=TOOL_TYPE_UNKNOWN, buttonState=0, metaState=0, flags=0x0, edgeFlags=0x0, pointerCount=1, historySize=0, eventTime=891146192, downTime=891146192, deviceId=0, source=0x1002 }
08-06 15:32:09.784  1543  1543 I Input   : injectMotionEvent: MotionEvent { action=ACTION_UP, actionButton=0, id[0]=0, x[0]=324.0, y[0]=2298.0, toolType[0]=TOOL_TYPE_UNKNOWN, buttonState=0, metaState=0, flags=0x0, edgeFlags=0x0, pointerCount=1, historySize=0, eventTime=891146192, downTime=891146192, deviceId=0, source=0x1002 }
08-06 15:32:09.785  1239  1251 I art     : Starting a blocking GC Explicit
08-06 15:32:09.786  1543  1543 D AndroidRuntime: Shutting down VM
08-06 15:32:09.795   918  6111 I ActivityManager: START u0 {cmp=baseline.de.danoeh.antennapod.debug/baseline.de.danoeh.antennapod.activity.PreferenceActivity} from uid 10711 on display 0
08-06 15:32:09.798   512  2967 D audio_hw_primary: out_set_parameters: enter: usecase(1: low-latency-playback) kvpairs: routing=2
08-06 15:32:09.800  1239  1251 I art     : Explicit concurrent mark sweep GC freed 13(4KB) AllocSpace objects, 0(0B) LOS objects, 40% free, 22MB/37MB, paused 242us total 15.198ms
08-06 15:32:09.807  1239  1251 I art     : Starting a blocking GC Explicit
08-06 15:32:09.812   512  2967 D audio_hw_primary: select_devices: out_snd_device(2: speaker) in_snd_device(0: none)
08-06 15:32:09.812   512  2967 D msm8974_platform: platform_send_audio_calibration: sending audio calibration for snd_device(2) acdb_id(15)
08-06 15:32:09.812   512  2967 I soundtrigger: audio_extn_sound_trigger_update_device_status: device 0x2 of type 0 for Event 1
08-06 15:32:09.822   512  2967 D audio_hw_primary: enable_snd_device: snd_device(2: speaker)
08-06 15:32:09.823  1239  1251 I art     : Explicit concurrent mark sweep GC freed 60(20KB) AllocSpace objects, 1(20KB) LOS objects, 40% free, 22MB/37MB, paused 260us total 15.808ms
08-06 15:32:09.824   512  2967 D audio_hw_primary: enable_audio_route: apply and update mixer path: low-latency-playback speaker
08-06 15:32:09.862 32587 32617 I WorkerManager: dispose()
08-06 15:32:09.862 32587 32617 W ThreadPoolDumper: Queue length for executor EventBus is now 11. Perhaps some tasks are too long, or the pool is too small.
08-06 15:32:09.872   512  2967 D AudioFlinger: mixer(0xf4740000) throttle end: throttle time(12)
08-06 15:32:10.061  1239  1251 I art     : Starting a blocking GC Explicit
08-06 15:32:10.080  1239  1251 I art     : Explicit concurrent mark sweep GC freed 4309(417KB) AllocSpace objects, 1(20KB) LOS objects, 40% free, 23MB/39MB, paused 228us total 17.943ms
08-06 15:32:10.088  1239  1251 I art     : Starting a blocking GC Explicit
08-06 15:32:10.105  1239  1251 I art     : Explicit concurrent mark sweep GC freed 409(20KB) AllocSpace objects, 0(0B) LOS objects, 40% free, 23MB/38MB, paused 205us total 17.038ms
08-06 15:32:10.113  1239  1251 I art     : Starting a blocking GC Explicit
08-06 15:32:10.118   918   936 I ActivityManager: Displayed baseline.de.danoeh.antennapod.debug/baseline.de.danoeh.antennapod.activity.PreferenceActivity: +273ms
08-06 15:32:10.118 13866 13866 I GoogleInputMethodServic: GoogleInputMethodService.onFinishInput():3138 
08-06 15:32:10.118 13866 13866 I GoogleInputMethodServic: GoogleInputMethodService.onStartInput():1808 
08-06 15:32:10.131  1239  1251 I art     : Explicit concurrent mark sweep GC freed 273(9KB) AllocSpace objects, 0(0B) LOS objects, 40% free, 23MB/39MB, paused 243us total 18.398ms
08-06 15:32:10.139  1239  1251 I art     : Starting a blocking GC Explicit
08-06 15:32:10.143  1239  1262 D OpenGLRenderer: endAllStagingAnimators on 0x7f7f0e0000 (RippleDrawable) with handle 0x7f7e14aae0
08-06 15:32:10.156  1239  1251 I art     : Explicit concurrent mark sweep GC freed 24(1248B) AllocSpace objects, 0(0B) LOS objects, 40% free, 23MB/38MB, paused 183us total 16.578ms
08-06 15:32:10.164  1239  1251 I art     : Starting a blocking GC Explicit
08-06 15:32:10.181  1239  1251 I art     : Explicit concurrent mark sweep GC freed 15(496B) AllocSpace objects, 0(0B) LOS objects, 40% free, 23MB/38MB, paused 195us total 16.349ms
08-06 15:32:10.205 29768 29768 I ServiceManager: Waiting for service AtCmdFwd...
08-06 15:32:10.370   512  2967 D audio_hw_primary: disable_audio_route: reset and update mixer path: low-latency-playback speaker
08-06 15:32:10.371   512  2967 D audio_hw_primary: disable_snd_device: snd_device(2: speaker)
08-06 15:32:10.377   380   380 W SurfaceFlinger: couldn't log to binary event log: overflow.
08-06 15:32:10.379   512  2967 I soundtrigger: audio_extn_sound_trigger_update_device_status: device 0x2 of type 0 for Event 0
08-06 15:32:10.457  1239  1581 I art     : Starting a blocking GC Explicit
08-06 15:32:10.473  1239  1581 I art     : Explicit concurrent mark sweep GC freed 1365(80KB) AllocSpace objects, 1(20KB) LOS objects, 40% free, 23MB/38MB, paused 205us total 16.600ms
08-06 15:32:10.482  1239  1581 I art     : Starting a blocking GC Explicit
08-06 15:32:10.500  1239  1581 I art     : Explicit concurrent mark sweep GC freed 33(1344B) AllocSpace objects, 0(0B) LOS objects, 40% free, 23MB/39MB, paused 485us total 18.342ms
08-06 15:32:10.502  1239  1239 D PlaybackController: Releasing PlaybackController
08-06 15:32:10.509  1239  1581 I art     : Starting a blocking GC Explicit
08-06 15:32:10.526  1239  1581 I art     : Explicit concurrent mark sweep GC freed 252(17KB) AllocSpace objects, 0(0B) LOS objects, 40% free, 23MB/39MB, paused 201us total 17.393ms
08-06 15:32:10.534  1239  1581 I art     : Starting a blocking GC Explicit
08-06 15:32:10.552  1239  1581 I art     : Explicit concurrent mark sweep GC freed 43(1408B) AllocSpace objects, 0(0B) LOS objects, 40% free, 23MB/39MB, paused 191us total 17.438ms
08-06 15:32:10.560  1239  1581 I art     : Starting a blocking GC Explicit
08-06 15:32:10.578  1239  1581 I art     : Explicit concurrent mark sweep GC freed 3(96B) AllocSpace objects, 0(0B) LOS objects, 40% free, 23MB/39MB, paused 204us total 18.015ms
08-06 15:32:10.864  1239  1252 I art     : Starting a blocking GC Explicit
08-06 15:32:10.888  1239  1252 I art     : Explicit concurrent mark sweep GC freed 1364(80KB) AllocSpace objects, 1(20KB) LOS objects, 40% free, 23MB/39MB, paused 246us total 24ms
08-06 15:32:10.898  1239  1252 I art     : Starting a blocking GC Explicit
08-06 15:32:10.917  1239  1252 I art     : Explicit concurrent mark sweep GC freed 23(752B) AllocSpace objects, 0(0B) LOS objects, 40% free, 23MB/39MB, paused 223us total 18.987ms
08-06 15:32:10.926  1239  1252 I art     : Starting a blocking GC Explicit
08-06 15:32:10.945  1239  1252 I art     : Explicit concurrent mark sweep GC freed 3(96B) AllocSpace objects, 0(0B) LOS objects, 40% free, 23MB/39MB, paused 195us total 18.176ms
08-06 15:32:10.953  1239  1252 I art     : Starting a blocking GC Explicit
08-06 15:32:10.971  1239  1252 I art     : Explicit concurrent mark sweep GC freed 3(96B) AllocSpace objects, 0(0B) LOS objects, 40% free, 23MB/39MB, paused 206us total 17.911ms
08-06 15:32:10.979  1239  1252 I art     : Starting a blocking GC Explicit
08-06 15:32:10.997  1239  1252 I art     : Explicit concurrent mark sweep GC freed 3(96B) AllocSpace objects, 0(0B) LOS objects, 40% free, 23MB/39MB, paused 211us total 18.034ms
08-06 15:32:11.205 29768 29768 I ServiceManager: Waiting for service AtCmdFwd...
08-06 15:32:11.262  1239  1251 I art     : Starting a blocking GC Explicit
08-06 15:32:11.282  1239  1251 I art     : Explicit concurrent mark sweep GC freed 1391(80KB) AllocSpace objects, 1(20KB) LOS objects, 40% free, 23MB/39MB, paused 206us total 19.054ms
08-06 15:32:11.290  1239  1251 I art     : Starting a blocking GC Explicit
08-06 15:32:11.309  1239  1251 I art     : Explicit concurrent mark sweep GC freed 23(752B) AllocSpace objects, 0(0B) LOS objects, 40% free, 23MB/39MB, paused 195us total 18.705ms
08-06 15:32:11.317  1239  1251 I art     : Starting a blocking GC Explicit
08-06 15:32:11.336  1239  1251 I art     : Explicit concurrent mark sweep GC freed 3(96B) AllocSpace objects, 0(0B) LOS objects, 40% free, 23MB/39MB, paused 199us total 18.436ms
08-06 15:32:11.344  1239  1251 I art     : Starting a blocking GC Explicit
08-06 15:32:11.362  1239  1251 I art     : Explicit concurrent mark sweep GC freed 3(96B) AllocSpace objects, 0(0B) LOS objects, 40% free, 23MB/39MB, paused 200us total 18.180ms
08-06 15:32:11.371  1239  1251 I art     : Starting a blocking GC Explicit
08-06 15:32:11.389  1239  1251 I art     : Explicit concurrent mark sweep GC freed 3(96B) AllocSpace objects, 0(0B) LOS objects, 40% free, 23MB/39MB, paused 192us total 18.016ms
08-06 15:32:11.437  1603  1603 D AndroidRuntime: >>>>>> START com.android.internal.os.RuntimeInit uid 2000 <<<<<<
08-06 15:32:11.442  1603  1603 D AndroidRuntime: CheckJNI is OFF
08-06 15:32:11.479  1603  1603 D ICU     : No timezone override file found: /data/misc/zoneinfo/current/icu/icu_tzdata.dat
08-06 15:32:11.517  1603  1603 I Radio-JNI: register_android_hardware_Radio DONE
08-06 15:32:11.539  1603  1603 D AndroidRuntime: Calling main entry com.android.commands.input.Input
08-06 15:32:11.541  1603  1603 I Input   : injectMotionEvent: MotionEvent { action=ACTION_DOWN, actionButton=0, id[0]=0, x[0]=400.0, y[0]=997.0, toolType[0]=TOOL_TYPE_UNKNOWN, buttonState=0, metaState=0, flags=0x0, edgeFlags=0x0, pointerCount=1, historySize=0, eventTime=891147953, downTime=891147953, deviceId=0, source=0x1002 }
08-06 15:32:11.549  1603  1603 I Input   : injectMotionEvent: MotionEvent { action=ACTION_UP, actionButton=0, id[0]=0, x[0]=400.0, y[0]=997.0, toolType[0]=TOOL_TYPE_UNKNOWN, buttonState=0, metaState=0, flags=0x0, edgeFlags=0x0, pointerCount=1, historySize=0, eventTime=891147953, downTime=891147953, deviceId=0, source=0x1002 }
08-06 15:32:11.555  1603  1603 D AndroidRuntime: Shutting down VM
08-06 15:32:11.565   512  2967 D audio_hw_primary: out_set_parameters: enter: usecase(1: low-latency-playback) kvpairs: routing=2
08-06 15:32:11.578   512  2967 D audio_hw_primary: select_devices: out_snd_device(2: speaker) in_snd_device(0: none)
08-06 15:32:11.578   512  2967 D msm8974_platform: platform_send_audio_calibration: sending audio calibration for snd_device(2) acdb_id(15)
08-06 15:32:11.578   512  2967 I soundtrigger: audio_extn_sound_trigger_update_device_status: device 0x2 of type 0 for Event 1
08-06 15:32:11.588   512  2967 D audio_hw_primary: enable_snd_device: snd_device(2: speaker)
08-06 15:32:11.590   512  2967 D audio_hw_primary: enable_audio_route: apply and update mixer path: low-latency-playback speaker
08-06 15:32:11.652  1239  1581 I art     : Starting a blocking GC Explicit
08-06 15:32:11.672  1239  1581 I art     : Explicit concurrent mark sweep GC freed 2838(183KB) AllocSpace objects, 2(40KB) LOS objects, 40% free, 23MB/39MB, paused 247us total 19.909ms
08-06 15:32:11.680  1239  1581 I art     : Starting a blocking GC Explicit
08-06 15:32:11.686 13866 13866 I GoogleInputMethodServic: GoogleInputMethodService.onFinishInput():3138 
08-06 15:32:11.692 13866 13866 I GoogleInputMethodServic: GoogleInputMethodService.onStartInput():1808 
08-06 15:32:11.702  1239  1581 I art     : Explicit concurrent mark sweep GC freed 223(10KB) AllocSpace objects, 0(0B) LOS objects, 40% free, 23MB/39MB, paused 198us total 21.429ms
08-06 15:32:11.710  1239  1581 I art     : Starting a blocking GC Explicit
08-06 15:32:11.728  1239  1581 I art     : Explicit concurrent mark sweep GC freed 6(224B) AllocSpace objects, 0(0B) LOS objects, 40% free, 23MB/39MB, paused 183us total 17.746ms
08-06 15:32:11.736  1239  1581 I art     : Starting a blocking GC Explicit
08-06 15:32:11.754  1239  1581 I art     : Explicit concurrent mark sweep GC freed 3(96B) AllocSpace objects, 0(0B) LOS objects, 40% free, 23MB/39MB, paused 195us total 18.051ms
08-06 15:32:11.763  1239  1581 I art     : Starting a blocking GC Explicit
08-06 15:32:11.783  1239  1581 I art     : Explicit concurrent mark sweep GC freed 3(96B) AllocSpace objects, 0(0B) LOS objects, 40% free, 23MB/39MB, paused 215us total 19.481ms
08-06 15:32:12.030  1239  1265 I art     : Starting a blocking GC Explicit
08-06 15:32:12.051  1239  1265 I art     : Explicit concurrent mark sweep GC freed 1392(80KB) AllocSpace objects, 1(20KB) LOS objects, 40% free, 23MB/39MB, paused 202us total 20.587ms
08-06 15:32:12.059  1239  1265 I art     : Starting a blocking GC Explicit
08-06 15:32:12.080  1239  1265 I art     : Explicit concurrent mark sweep GC freed 23(752B) AllocSpace objects, 0(0B) LOS objects, 40% free, 23MB/39MB, paused 197us total 20.304ms
08-06 15:32:12.088  1239  1265 I art     : Starting a blocking GC Explicit
08-06 15:32:12.108  1239  1265 I art     : Explicit concurrent mark sweep GC freed 3(96B) AllocSpace objects, 0(0B) LOS objects, 40% free, 23MB/39MB, paused 198us total 19.930ms
08-06 15:32:12.117  1239  1265 I art     : Starting a blocking GC Explicit
08-06 15:32:12.118   512  2967 D audio_hw_primary: disable_audio_route: reset and update mixer path: low-latency-playback speaker
08-06 15:32:12.119   512  2967 D audio_hw_primary: disable_snd_device: snd_device(2: speaker)
08-06 15:32:12.127   512  2967 I soundtrigger: audio_extn_sound_trigger_update_device_status: device 0x2 of type 0 for Event 0
08-06 15:32:12.136  1239  1265 I art     : Explicit concurrent mark sweep GC freed 3(96B) AllocSpace objects, 0(0B) LOS objects, 40% free, 23MB/39MB, paused 206us total 19.552ms
08-06 15:32:12.145  1239  1265 I art     : Starting a blocking GC Explicit
08-06 15:32:12.164  1239  1265 I art     : Explicit concurrent mark sweep GC freed 3(96B) AllocSpace objects, 0(0B) LOS objects, 40% free, 23MB/39MB, paused 196us total 19.330ms
08-06 15:32:12.206 29768 29768 I ServiceManager: Waiting for service AtCmdFwd...
08-06 15:32:12.208  1637  1637 D AndroidRuntime: >>>>>> START com.android.internal.os.RuntimeInit uid 2000 <<<<<<
08-06 15:32:12.213  1637  1637 D AndroidRuntime: CheckJNI is OFF
08-06 15:32:12.245  1637  1637 D ICU     : No timezone override file found: /data/misc/zoneinfo/current/icu/icu_tzdata.dat
08-06 15:32:12.283  1637  1637 I Radio-JNI: register_android_hardware_Radio DONE
08-06 15:32:12.306  1637  1637 D AndroidRuntime: Calling main entry com.android.commands.input.Input
08-06 15:32:12.308  1637  1637 I Input   : injectMotionEvent: MotionEvent { action=ACTION_DOWN, actionButton=0, id[0]=0, x[0]=697.0, y[0]=656.0, toolType[0]=TOOL_TYPE_UNKNOWN, buttonState=0, metaState=0, flags=0x0, edgeFlags=0x0, pointerCount=1, historySize=0, eventTime=891148721, downTime=891148721, deviceId=0, source=0x1002 }
08-06 15:32:12.312  1637  1637 I Input   : injectMotionEvent: MotionEvent { action=ACTION_UP, actionButton=0, id[0]=0, x[0]=697.0, y[0]=656.0, toolType[0]=TOOL_TYPE_UNKNOWN, buttonState=0, metaState=0, flags=0x0, edgeFlags=0x0, pointerCount=1, historySize=0, eventTime=891148721, downTime=891148721, deviceId=0, source=0x1002 }
08-06 15:32:12.314  1637  1637 D AndroidRuntime: Shutting down VM
08-06 15:32:12.333   512  2967 D audio_hw_primary: out_set_parameters: enter: usecase(1: low-latency-playback) kvpairs: routing=2
08-06 15:32:12.347   512  2967 D audio_hw_primary: select_devices: out_snd_device(2: speaker) in_snd_device(0: none)
08-06 15:32:12.347   512  2967 D msm8974_platform: platform_send_audio_calibration: sending audio calibration for snd_device(2) acdb_id(15)
08-06 15:32:12.347   512  2967 I soundtrigger: audio_extn_sound_trigger_update_device_status: device 0x2 of type 0 for Event 1
08-06 15:32:12.357   512  2967 D audio_hw_primary: enable_snd_device: snd_device(2: speaker)
08-06 15:32:12.360   512  2967 D audio_hw_primary: enable_audio_route: apply and update mixer path: low-latency-playback speaker
08-06 15:32:12.398 13866 13866 I GoogleInputMethodServic: GoogleInputMethodService.onFinishInput():3138 
08-06 15:32:12.399 13866 13866 I GoogleInputMethodServic: GoogleInputMethodService.onStartInput():1808 
08-06 15:32:12.402   512  2967 D AudioFlinger: mixer(0xf4740000) throttle end: throttle time(12)
08-06 15:32:12.414  1239  1252 I art     : Starting a blocking GC Explicit
08-06 15:32:12.434  1239  1252 I art     : Explicit concurrent mark sweep GC freed 2054(176KB) AllocSpace objects, 1(20KB) LOS objects, 40% free, 23MB/39MB, paused 244us total 19.669ms
08-06 15:32:12.443  1239  1252 I art     : Starting a blocking GC Explicit
08-06 15:32:12.462  1239  1252 I art     : Explicit concurrent mark sweep GC freed 518(24KB) AllocSpace objects, 0(0B) LOS objects, 40% free, 23MB/39MB, paused 206us total 19.205ms
08-06 15:32:12.471  1239  1252 I art     : Starting a blocking GC Explicit
08-06 15:32:12.491  1239  1252 I art     : Explicit concurrent mark sweep GC freed 9(464B) AllocSpace objects, 0(0B) LOS objects, 40% free, 23MB/39MB, paused 194us total 19.769ms
08-06 15:32:12.500  1239  1252 I art     : Starting a blocking GC Explicit
08-06 15:32:12.520  1239  1252 I art     : Explicit concurrent mark sweep GC freed 3(96B) AllocSpace objects, 0(0B) LOS objects, 40% free, 23MB/39MB, paused 192us total 19.988ms
08-06 15:32:12.529  1239  1252 I art     : Starting a blocking GC Explicit
08-06 15:32:12.549  1239  1252 I art     : Explicit concurrent mark sweep GC freed 3(96B) AllocSpace objects, 0(0B) LOS objects, 40% free, 23MB/39MB, paused 223us total 20.079ms
08-06 15:32:12.630 29532 29532 W PathParser: Points are too far apart 4.030360828967057
08-06 15:32:12.630 29532 29532 W PathParser: Points are too far apart 4.030360538880159
08-06 15:32:12.646 29532 29532 W PathParser: Points are too far apart 4.030360828967057
08-06 15:32:12.646 29532 29532 W PathParser: Points are too far apart 4.030360538880159
08-06 15:32:12.662 29532 29532 W PathParser: Points are too far apart 4.030360828967057
08-06 15:32:12.662 29532 29532 W PathParser: Points are too far apart 4.030360538880159
08-06 15:32:12.679 29532 29532 W PathParser: Points are too far apart 4.030360828967057
08-06 15:32:12.679 29532 29532 W PathParser: Points are too far apart 4.030360538880159
08-06 15:32:12.697 29532 29532 W PathParser: Points are too far apart 4.030360828967057
08-06 15:32:12.697 29532 29532 W PathParser: Points are too far apart 4.030360538880159
08-06 15:32:12.712 29532 29532 W PathParser: Points are too far apart 4.030360828967057
08-06 15:32:12.713 29532 29532 W PathParser: Points are too far apart 4.030360538880159
08-06 15:32:12.730 29532 29532 W PathParser: Points are too far apart 4.030360828967057
08-06 15:32:12.730 29532 29532 W PathParser: Points are too far apart 4.030360538880159
08-06 15:32:12.801  1239  1265 I art     : Starting a blocking GC Explicit
08-06 15:32:12.821  1239  1265 I art     : Explicit concurrent mark sweep GC freed 1366(80KB) AllocSpace objects, 1(20KB) LOS objects, 40% free, 23MB/39MB, paused 222us total 20.118ms
08-06 15:32:12.830  1239  1265 I art     : Starting a blocking GC Explicit
08-06 15:32:12.850  1239  1265 I art     : Explicit concurrent mark sweep GC freed 31(1040B) AllocSpace objects, 0(0B) LOS objects, 40% free, 23MB/39MB, paused 190us total 19.436ms
08-06 15:32:12.857  1239  1265 I art     : Starting a blocking GC Explicit
08-06 15:32:12.877  1239  1265 I art     : Explicit concurrent mark sweep GC freed 5(160B) AllocSpace objects, 0(0B) LOS objects, 40% free, 23MB/39MB, paused 276us total 19.025ms
08-06 15:32:12.888  1239  1265 I art     : Starting a blocking GC Explicit
08-06 15:32:12.888   512  2967 D audio_hw_primary: disable_audio_route: reset and update mixer path: low-latency-playback speaker
08-06 15:32:12.889   512  2967 D audio_hw_primary: disable_snd_device: snd_device(2: speaker)
08-06 15:32:12.899   512  2967 I soundtrigger: audio_extn_sound_trigger_update_device_status: device 0x2 of type 0 for Event 0
08-06 15:32:12.911  1239  1265 I art     : Explicit concurrent mark sweep GC freed 3(96B) AllocSpace objects, 0(0B) LOS objects, 40% free, 23MB/39MB, paused 221us total 22.564ms
08-06 15:32:12.921  1239  1265 I art     : Starting a blocking GC Explicit
08-06 15:32:12.941  1239  1265 I art     : Explicit concurrent mark sweep GC freed 3(96B) AllocSpace objects, 0(0B) LOS objects, 40% free, 23MB/39MB, paused 201us total 19.478ms
08-06 15:32:12.972  1670  1670 D AndroidRuntime: >>>>>> START com.android.internal.os.RuntimeInit uid 2000 <<<<<<
08-06 15:32:12.977  1670  1670 D AndroidRuntime: CheckJNI is OFF
08-06 15:32:13.010  1670  1670 D ICU     : No timezone override file found: /data/misc/zoneinfo/current/icu/icu_tzdata.dat
08-06 15:32:13.048  1670  1670 I Radio-JNI: register_android_hardware_Radio DONE
08-06 15:32:13.070  1670  1670 D AndroidRuntime: Calling main entry com.android.commands.input.Input
08-06 15:32:13.072  1670  1670 I Input   : injectMotionEvent: MotionEvent { action=ACTION_DOWN, actionButton=0, id[0]=0, x[0]=256.0, y[0]=1589.0, toolType[0]=TOOL_TYPE_UNKNOWN, buttonState=0, metaState=0, flags=0x0, edgeFlags=0x0, pointerCount=1, historySize=0, eventTime=891149485, downTime=891149485, deviceId=0, source=0x1002 }
08-06 15:32:13.078  1670  1670 I Input   : injectMotionEvent: MotionEvent { action=ACTION_UP, actionButton=0, id[0]=0, x[0]=256.0, y[0]=1589.0, toolType[0]=TOOL_TYPE_UNKNOWN, buttonState=0, metaState=0, flags=0x0, edgeFlags=0x0, pointerCount=1, historySize=0, eventTime=891149485, downTime=891149485, deviceId=0, source=0x1002 }
08-06 15:32:13.081  1670  1670 D AndroidRuntime: Shutting down VM
08-06 15:32:13.099  1239  1239 D UserPreferences: timeOfDay: []
08-06 15:32:13.099  1239  1239 D AutoUpdateManager: Restarting update alarm.
08-06 15:32:13.101  1239  1239 D AutoUpdateManager: Automatic update was deactivated
08-06 15:32:13.102   512  2967 D audio_hw_primary: out_set_parameters: enter: usecase(1: low-latency-playback) kvpairs: routing=2
08-06 15:32:13.115   512  2967 D audio_hw_primary: select_devices: out_snd_device(2: speaker) in_snd_device(0: none)
08-06 15:32:13.116   512  2967 D msm8974_platform: platform_send_audio_calibration: sending audio calibration for snd_device(2) acdb_id(15)
08-06 15:32:13.116   512  2967 I soundtrigger: audio_extn_sound_trigger_update_device_status: device 0x2 of type 0 for Event 1
08-06 15:32:13.128 13866 13866 I GoogleInputMethodServic: GoogleInputMethodService.onFinishInput():3138 
08-06 15:32:13.128   512  2967 D audio_hw_primary: enable_snd_device: snd_device(2: speaker)
08-06 15:32:13.129 13866 13866 I GoogleInputMethodServic: GoogleInputMethodService.onStartInput():1808 
08-06 15:32:13.131   512  2967 D audio_hw_primary: enable_audio_route: apply and update mixer path: low-latency-playback speaker
08-06 15:32:13.147 29532 29532 W PathParser: Points are too far apart 4.030360828967057
08-06 15:32:13.147 29532 29532 W PathParser: Points are too far apart 4.030360538880159
08-06 15:32:13.163 29532 29532 W PathParser: Points are too far apart 4.030360828967057
08-06 15:32:13.163 29532 29532 W PathParser: Points are too far apart 4.030360538880159
08-06 15:32:13.172   512  2967 D AudioFlinger: mixer(0xf4740000) throttle end: throttle time(12)
08-06 15:32:13.180 29532 29532 W PathParser: Points are too far apart 4.030360828967057
08-06 15:32:13.180 29532 29532 W PathParser: Points are too far apart 4.030360538880159
08-06 15:32:13.196 29532 29532 W PathParser: Points are too far apart 4.030360828967057
08-06 15:32:13.197 29532 29532 W PathParser: Points are too far apart 4.030360538880159
08-06 15:32:13.197  1239  1265 I art     : Starting a blocking GC Explicit
08-06 15:32:13.206 29768 29768 W Atfwd_Sendcmd: AtCmdFwd service not published, waiting... retryCnt : 3
08-06 15:32:13.213 29532 29532 W PathParser: Points are too far apart 4.030360828967057
08-06 15:32:13.213 29532 29532 W PathParser: Points are too far apart 4.030360538880159
08-06 15:32:13.217  1239  1265 I art     : Explicit concurrent mark sweep GC freed 1747(109KB) AllocSpace objects, 2(40KB) LOS objects, 40% free, 23MB/39MB, paused 214us total 19.570ms
08-06 15:32:13.225  1239  1265 I art     : Starting a blocking GC Explicit
08-06 15:32:13.230 29532 29532 W PathParser: Points are too far apart 4.030360828967057
08-06 15:32:13.230 29532 29532 W PathParser: Points are too far apart 4.030360538880159
08-06 15:32:13.244  1239  1265 I art     : Explicit concurrent mark sweep GC freed 97(3KB) AllocSpace objects, 0(0B) LOS objects, 40% free, 23MB/39MB, paused 200us total 19.013ms
08-06 15:32:13.247 29532 29532 W PathParser: Points are too far apart 4.030360828967057
08-06 15:32:13.247 29532 29532 W PathParser: Points are too far apart 4.030360538880159
08-06 15:32:13.252  1239  1265 I art     : Starting a blocking GC Explicit
08-06 15:32:13.263 29532 29532 W PathParser: Points are too far apart 4.030360828967057
08-06 15:32:13.263 29532 29532 W PathParser: Points are too far apart 4.030360538880159
08-06 15:32:13.271  1239  1265 I art     : Explicit concurrent mark sweep GC freed 72(2592B) AllocSpace objects, 0(0B) LOS objects, 40% free, 23MB/39MB, paused 202us total 18.868ms
08-06 15:32:13.279  1239  1265 I art     : Starting a blocking GC Explicit
08-06 15:32:13.299  1239  1265 I art     : Explicit concurrent mark sweep GC freed 55(1760B) AllocSpace objects, 0(0B) LOS objects, 40% free, 23MB/39MB, paused 373us total 20.339ms
08-06 15:32:13.307  1239  1265 I art     : Starting a blocking GC Explicit
08-06 15:32:13.313   380   380 W SurfaceFlinger: couldn't log to binary event log: overflow.
08-06 15:32:13.326  1239  1265 I art     : Explicit concurrent mark sweep GC freed 48(1536B) AllocSpace objects, 0(0B) LOS objects, 40% free, 23MB/39MB, paused 214us total 19.010ms
08-06 15:32:13.391   518   646 I ThermalEngine: ACTION: GPU - Setting GPU[0] to 450000000
08-06 15:32:13.587  1239  1265 I art     : Starting a blocking GC Explicit
08-06 15:32:13.611  1239  1265 I art     : Explicit concurrent mark sweep GC freed 1665(89KB) AllocSpace objects, 1(20KB) LOS objects, 40% free, 23MB/39MB, paused 263us total 23.831ms
08-06 15:32:13.621  1239  1265 I art     : Starting a blocking GC Explicit
08-06 15:32:13.646  1239  1265 I art     : Explicit concurrent mark sweep GC freed 23(752B) AllocSpace objects, 0(0B) LOS objects, 40% free, 23MB/39MB, paused 282us total 24.937ms
08-06 15:32:13.656  1239  1265 I art     : Starting a blocking GC Explicit
08-06 15:32:13.658   512  2967 D audio_hw_primary: disable_audio_route: reset and update mixer path: low-latency-playback speaker
08-06 15:32:13.659   512  2967 D audio_hw_primary: disable_snd_device: snd_device(2: speaker)
08-06 15:32:13.667   512  2967 I soundtrigger: audio_extn_sound_trigger_update_device_status: device 0x2 of type 0 for Event 0
08-06 15:32:13.681  1239  1265 I art     : Explicit concurrent mark sweep GC freed 3(96B) AllocSpace objects, 0(0B) LOS objects, 40% free, 23MB/39MB, paused 275us total 24.234ms
08-06 15:32:13.691  1239  1265 I art     : Starting a blocking GC Explicit
08-06 15:32:13.717  1239  1265 I art     : Explicit concurrent mark sweep GC freed 3(96B) AllocSpace objects, 0(0B) LOS objects, 40% free, 23MB/39MB, paused 312us total 25.224ms
08-06 15:32:13.727  1239  1265 I art     : Starting a blocking GC Explicit
08-06 15:32:13.753  1239  1265 I art     : Explicit concurrent mark sweep GC freed 3(96B) AllocSpace objects, 0(0B) LOS objects, 40% free, 23MB/39MB, paused 281us total 25.468ms
08-06 15:32:13.809  1701  1701 D AndroidRuntime: >>>>>> START com.android.internal.os.RuntimeInit uid 2000 <<<<<<
08-06 15:32:13.816  1701  1701 D AndroidRuntime: CheckJNI is OFF
08-06 15:32:13.862  1701  1701 D ICU     : No timezone override file found: /data/misc/zoneinfo/current/icu/icu_tzdata.dat
08-06 15:32:13.908  1701  1701 I Radio-JNI: register_android_hardware_Radio DONE
08-06 15:32:13.937  1701  1701 D AndroidRuntime: Calling main entry com.android.commands.input.Input
08-06 15:32:13.939  1701  1701 I Input   : injectKeyEvent: KeyEvent { action=ACTION_DOWN, keyCode=KEYCODE_BACK, scanCode=0, metaState=0, flags=0x0, repeatCount=0, eventTime=891150352, downTime=891150352, deviceId=-1, source=0x101 }
08-06 15:32:13.945  1701  1701 I Input   : injectKeyEvent: KeyEvent { action=ACTION_UP, keyCode=KEYCODE_BACK, scanCode=0, metaState=0, flags=0x0, repeatCount=0, eventTime=891150352, downTime=891150352, deviceId=-1, source=0x101 }
08-06 15:32:13.954  1701  1701 D AndroidRuntime: Shutting down VM
08-06 15:32:14.033  1239  1581 I art     : Starting a blocking GC Explicit
08-06 15:32:14.037 13866 13866 I GoogleInputMethodServic: GoogleInputMethodService.onFinishInput():3138 
08-06 15:32:14.038 13866 13866 I GoogleInputMethodServic: GoogleInputMethodService.onStartInput():1808 
08-06 15:32:14.066  1239  1581 I art     : Explicit concurrent mark sweep GC freed 2772(144KB) AllocSpace objects, 1(20KB) LOS objects, 39% free, 24MB/40MB, paused 317us total 32.837ms
08-06 15:32:14.078  1239  1581 I art     : Starting a blocking GC Explicit
08-06 15:32:14.103  1239  1581 I art     : Explicit concurrent mark sweep GC freed 9294(588KB) AllocSpace objects, 1(48KB) LOS objects, 40% free, 23MB/39MB, paused 288us total 24.726ms
08-06 15:32:14.113  1239  1581 I art     : Starting a blocking GC Explicit
08-06 15:32:14.137  1239  1581 I art     : Explicit concurrent mark sweep GC freed 7(256B) AllocSpace objects, 0(0B) LOS objects, 40% free, 23MB/39MB, paused 295us total 23.311ms
08-06 15:32:14.148  1239  1581 I art     : Starting a blocking GC Explicit
08-06 15:32:14.171  1239  1581 I art     : Explicit concurrent mark sweep GC freed 3(96B) AllocSpace objects, 0(0B) LOS objects, 40% free, 23MB/39MB, paused 300us total 23.240ms
08-06 15:32:14.182  1239  1581 I art     : Starting a blocking GC Explicit
08-06 15:32:14.206  1239  1581 I art     : Explicit concurrent mark sweep GC freed 3(96B) AllocSpace objects, 0(0B) LOS objects, 40% free, 23MB/39MB, paused 277us total 23.704ms
08-06 15:32:14.491  1239  1265 I art     : Starting a blocking GC Explicit
08-06 15:32:14.521  1239  1265 I art     : Explicit concurrent mark sweep GC freed 1365(80KB) AllocSpace objects, 1(20KB) LOS objects, 40% free, 23MB/39MB, paused 303us total 29.023ms
08-06 15:32:14.534  1239  1265 I art     : Starting a blocking GC Explicit
08-06 15:32:14.560  1239  1265 I art     : Explicit concurrent mark sweep GC freed 23(752B) AllocSpace objects, 0(0B) LOS objects, 40% free, 23MB/39MB, paused 273us total 26.188ms
08-06 15:32:14.571  1239  1265 I art     : Starting a blocking GC Explicit
08-06 15:32:14.595  1239  1265 I art     : Explicit concurrent mark sweep GC freed 3(96B) AllocSpace objects, 0(0B) LOS objects, 40% free, 23MB/39MB, paused 279us total 23.904ms
08-06 15:32:14.606  1239  1265 I art     : Starting a blocking GC Explicit
08-06 15:32:14.630  1239  1265 I art     : Explicit concurrent mark sweep GC freed 3(96B) AllocSpace objects, 0(0B) LOS objects, 40% free, 23MB/39MB, paused 278us total 23.984ms
08-06 15:32:14.641  1239  1265 I art     : Starting a blocking GC Explicit
08-06 15:32:14.666  1239  1265 I art     : Explicit concurrent mark sweep GC freed 3(96B) AllocSpace objects, 0(0B) LOS objects, 40% free, 23MB/39MB, paused 273us total 24.334ms
08-06 15:32:14.962  1239  1251 I art     : Starting a blocking GC Explicit
08-06 15:32:14.996  1239  1251 I art     : Explicit concurrent mark sweep GC freed 1365(80KB) AllocSpace objects, 1(20KB) LOS objects, 40% free, 23MB/39MB, paused 366us total 33.083ms
08-06 15:32:15.009  1239  1251 I art     : Starting a blocking GC Explicit
08-06 15:32:15.037  1239  1251 I art     : Explicit concurrent mark sweep GC freed 50(1488B) AllocSpace objects, 0(0B) LOS objects, 40% free, 23MB/39MB, paused 283us total 27.570ms
08-06 15:32:15.048  1239  1251 I art     : Starting a blocking GC Explicit
08-06 15:32:15.072  1239  1251 I art     : Explicit concurrent mark sweep GC freed 3(96B) AllocSpace objects, 0(0B) LOS objects, 40% free, 23MB/39MB, paused 272us total 23.766ms
08-06 15:32:15.082  1239  1251 I art     : Starting a blocking GC Explicit
08-06 15:32:15.107  1239  1251 I art     : Explicit concurrent mark sweep GC freed 3(96B) AllocSpace objects, 0(0B) LOS objects, 40% free, 23MB/39MB, paused 269us total 24.011ms
08-06 15:32:15.118  1239  1251 I art     : Starting a blocking GC Explicit
08-06 15:32:15.142  1239  1251 I art     : Explicit concurrent mark sweep GC freed 3(96B) AllocSpace objects, 0(0B) LOS objects, 40% free, 23MB/39MB, paused 262us total 23.886ms
08-06 15:32:15.421  1239  1252 I art     : Starting a blocking GC Explicit
08-06 15:32:15.449  1239  1252 I art     : Explicit concurrent mark sweep GC freed 1365(80KB) AllocSpace objects, 1(20KB) LOS objects, 40% free, 23MB/39MB, paused 298us total 27.963ms
08-06 15:32:15.461  1239  1252 I art     : Starting a blocking GC Explicit
08-06 15:32:15.485  1239  1252 I art     : Explicit concurrent mark sweep GC freed 23(752B) AllocSpace objects, 0(0B) LOS objects, 40% free, 23MB/39MB, paused 276us total 23.466ms
08-06 15:32:15.495  1239  1252 I art     : Starting a blocking GC Explicit
08-06 15:32:15.518  1239  1252 I art     : Explicit concurrent mark sweep GC freed 3(96B) AllocSpace objects, 0(0B) LOS objects, 40% free, 23MB/39MB, paused 265us total 23.003ms
08-06 15:32:15.529  1239  1252 I art     : Starting a blocking GC Explicit
08-06 15:32:15.553  1239  1252 I art     : Explicit concurrent mark sweep GC freed 3(96B) AllocSpace objects, 0(0B) LOS objects, 40% free, 23MB/39MB, paused 285us total 24.282ms
08-06 15:32:15.564  1239  1252 I art     : Starting a blocking GC Explicit
08-06 15:32:15.590  1239  1252 I art     : Explicit concurrent mark sweep GC freed 8(288B) AllocSpace objects, 0(0B) LOS objects, 40% free, 23MB/39MB, paused 270us total 25.129ms
08-06 15:32:15.724  1752  1752 D AndroidRuntime: >>>>>> START com.android.internal.os.RuntimeInit uid 2000 <<<<<<
08-06 15:32:15.730  1752  1752 D AndroidRuntime: CheckJNI is OFF
08-06 15:32:15.770  1752  1752 D ICU     : No timezone override file found: /data/misc/zoneinfo/current/icu/icu_tzdata.dat
08-06 15:32:15.809  1752  1752 I Radio-JNI: register_android_hardware_Radio DONE
08-06 15:32:15.837  1752  1752 D AndroidRuntime: Calling main entry com.android.commands.input.Input
08-06 15:32:15.839  1752  1752 I Input   : injectKeyEvent: KeyEvent { action=ACTION_DOWN, keyCode=KEYCODE_BACK, scanCode=0, metaState=0, flags=0x0, repeatCount=0, eventTime=891152252, downTime=891152252, deviceId=-1, source=0x101 }
08-06 15:32:15.843  1752  1752 I Input   : injectKeyEvent: KeyEvent { action=ACTION_UP, keyCode=KEYCODE_BACK, scanCode=0, metaState=0, flags=0x0, repeatCount=0, eventTime=891152252, downTime=891152252, deviceId=-1, source=0x101 }
08-06 15:32:15.848  1752  1752 D AndroidRuntime: Shutting down VM
08-06 15:32:15.871  1239  1239 D QueueFragment: loadItems()
08-06 15:32:15.872  1239  1268 D DBReader: getQueue() called
08-06 15:32:15.872  1239  1268 D DBReader: getQueue()
08-06 15:32:15.872  1239  1239 V PlaybackController: initServiceNotRunning()
08-06 15:32:15.872  1239  1239 D ExternalPlayerFragment: Loading media info
08-06 15:32:15.872  1239  1265 I art     : Starting a blocking GC Explicit
08-06 15:32:15.874  1239  1239 D UserPreferences: Using default data folder
08-06 15:32:15.874  1239  1268 D DBReader: getFavoriteIDList() called
08-06 15:32:15.875  1239  1268 D DBReader: getQueueIDList() called
08-06 15:32:15.875  1239  1261 D DBReader: getNavDrawerData() called with: 
08-06 15:32:15.875  1239  1268 D DBReader: Extracting Feedlist
08-06 15:32:15.879  1239  1261 D DBReader: getDownloadedItems() called
08-06 15:32:15.879  1239  1261 D DBReader: getFavoriteIDList() called
08-06 15:32:15.880  1239  1261 D DBReader: getQueueIDList() called
08-06 15:32:15.880  1239  1261 D DBReader: Extracting Feedlist
08-06 15:32:15.896  1239  1265 I art     : Explicit concurrent mark sweep GC freed 2966(172KB) AllocSpace objects, 1(20KB) LOS objects, 40% free, 23MB/39MB, paused 468us total 23.843ms
08-06 15:32:15.907  1239  1265 I art     : Starting a blocking GC Explicit
08-06 15:32:15.927  1239  1239 D MainActivity: getLastNavFragment() -> QueueFragment
08-06 15:32:15.929  1239  1265 I art     : Explicit concurrent mark sweep GC freed 545(29KB) AllocSpace objects, 0(0B) LOS objects, 40% free, 23MB/39MB, paused 415us total 21.546ms
08-06 15:32:15.939  1239  1265 I art     : Starting a blocking GC Explicit
08-06 15:32:15.962  1239  1265 I art     : Explicit concurrent mark sweep GC freed 1094(62KB) AllocSpace objects, 0(0B) LOS objects, 40% free, 23MB/39MB, paused 298us total 22.401ms
08-06 15:32:15.965 13866 13866 I GoogleInputMethodServic: GoogleInputMethodService.onFinishInput():3138 
08-06 15:32:15.966 13866 13866 I GoogleInputMethodServic: GoogleInputMethodService.onStartInput():1808 
08-06 15:32:15.972  1239  1265 I art     : Starting a blocking GC Explicit
08-06 15:32:15.994  1239  1265 I art     : Explicit concurrent mark sweep GC freed 794(46KB) AllocSpace objects, 0(0B) LOS objects, 40% free, 23MB/39MB, paused 334us total 22.531ms
08-06 15:32:16.004  1239  1265 I art     : Starting a blocking GC Explicit
08-06 15:32:16.025  1239  1265 I art     : Explicit concurrent mark sweep GC freed 48(2000B) AllocSpace objects, 0(0B) LOS objects, 40% free, 23MB/39MB, paused 267us total 20.669ms
08-06 15:32:16.249   380   380 W SurfaceFlinger: couldn't log to binary event log: overflow.
08-06 15:32:16.309  1239  1251 I art     : Starting a blocking GC Explicit
08-06 15:32:16.334  1239  1251 I art     : Explicit concurrent mark sweep GC freed 1907(105KB) AllocSpace objects, 1(20KB) LOS objects, 40% free, 23MB/39MB, paused 296us total 24.118ms
08-06 15:32:16.344  1239  1251 I art     : Starting a blocking GC Explicit
08-06 15:32:16.366  1239  1251 I art     : Explicit concurrent mark sweep GC freed 6244(390KB) AllocSpace objects, 11(308KB) LOS objects, 40% free, 22MB/38MB, paused 281us total 22.471ms
08-06 15:32:16.376  1239  1251 I art     : Starting a blocking GC Explicit
08-06 15:32:16.398  1239  1251 I art     : Explicit concurrent mark sweep GC freed 6(208B) AllocSpace objects, 0(0B) LOS objects, 40% free, 22MB/38MB, paused 318us total 21.365ms
08-06 15:32:16.408  1239  1251 I art     : Starting a blocking GC Explicit
08-06 15:32:16.430  1239  1251 I art     : Explicit concurrent mark sweep GC freed 3(96B) AllocSpace objects, 0(0B) LOS objects, 40% free, 22MB/38MB, paused 282us total 21.447ms
08-06 15:32:16.441  1239  1251 I art     : Starting a blocking GC Explicit
08-06 15:32:16.462  1239  1251 I art     : Explicit concurrent mark sweep GC freed 3(96B) AllocSpace objects, 0(0B) LOS objects, 40% free, 22MB/38MB, paused 273us total 21.312ms
08-06 15:32:16.767  1239  1265 I art     : Starting a blocking GC Explicit
08-06 15:32:16.797  1239  1265 I art     : Explicit concurrent mark sweep GC freed 1367(82KB) AllocSpace objects, 1(20KB) LOS objects, 40% free, 22MB/38MB, paused 312us total 29.132ms
08-06 15:32:16.811  1239  1265 I art     : Starting a blocking GC Explicit
08-06 15:32:16.833  1239  1265 I art     : Explicit concurrent mark sweep GC freed 23(752B) AllocSpace objects, 0(0B) LOS objects, 40% free, 22MB/38MB, paused 290us total 21.431ms
08-06 15:32:16.843  1239  1265 I art     : Starting a blocking GC Explicit
08-06 15:32:16.864  1239  1265 I art     : Explicit concurrent mark sweep GC freed 3(96B) AllocSpace objects, 0(0B) LOS objects, 40% free, 22MB/38MB, paused 290us total 20.991ms
08-06 15:32:16.874  1239  1265 I art     : Starting a blocking GC Explicit
08-06 15:32:16.897  1239  1265 I art     : Explicit concurrent mark sweep GC freed 3(96B) AllocSpace objects, 0(0B) LOS objects, 40% free, 22MB/38MB, paused 292us total 21.953ms
08-06 15:32:16.907  1239  1265 I art     : Starting a blocking GC Explicit
08-06 15:32:16.929  1239  1265 I art     : Explicit concurrent mark sweep GC freed 3(96B) AllocSpace objects, 0(0B) LOS objects, 40% free, 22MB/38MB, paused 288us total 21.403ms
08-06 15:32:17.208  1239  1252 I art     : Starting a blocking GC Explicit
08-06 15:32:17.230  1239  1252 I art     : Explicit concurrent mark sweep GC freed 1393(80KB) AllocSpace objects, 1(20KB) LOS objects, 40% free, 22MB/38MB, paused 301us total 21.202ms
08-06 15:32:17.240  1239  1252 I art     : Starting a blocking GC Explicit
08-06 15:32:17.261  1239  1252 I art     : Explicit concurrent mark sweep GC freed 23(752B) AllocSpace objects, 0(0B) LOS objects, 40% free, 22MB/38MB, paused 293us total 20.971ms
08-06 15:32:17.271  1239  1252 I art     : Starting a blocking GC Explicit
08-06 15:32:17.292  1239  1252 I art     : Explicit concurrent mark sweep GC freed 3(96B) AllocSpace objects, 0(0B) LOS objects, 40% free, 22MB/38MB, paused 300us total 20.914ms
08-06 15:32:17.303  1239  1252 I art     : Starting a blocking GC Explicit
08-06 15:32:17.323  1239  1252 I art     : Explicit concurrent mark sweep GC freed 3(96B) AllocSpace objects, 0(0B) LOS objects, 40% free, 22MB/38MB, paused 294us total 20.614ms
08-06 15:32:17.333  1239  1252 I art     : Starting a blocking GC Explicit
08-06 15:32:17.354  1239  1252 I art     : Explicit concurrent mark sweep GC freed 3(96B) AllocSpace objects, 0(0B) LOS objects, 40% free, 22MB/38MB, paused 288us total 20.185ms
08-06 15:32:17.629  1813  1813 D AndroidRuntime: >>>>>> START com.android.internal.os.RuntimeInit uid 2000 <<<<<<
08-06 15:32:17.635  1813  1813 D AndroidRuntime: CheckJNI is OFF
08-06 15:32:17.671  1239  1581 I art     : Starting a blocking GC Explicit
08-06 15:32:17.683  1813  1813 D ICU     : No timezone override file found: /data/misc/zoneinfo/current/icu/icu_tzdata.dat
08-06 15:32:17.698  1239  1581 I art     : Explicit concurrent mark sweep GC freed 1364(80KB) AllocSpace objects, 1(20KB) LOS objects, 40% free, 22MB/38MB, paused 432us total 26.080ms
08-06 15:32:17.709  1239  1581 I art     : Starting a blocking GC Explicit
08-06 15:32:17.730  1813  1813 I Radio-JNI: register_android_hardware_Radio DONE
08-06 15:32:17.731  1239  1581 I art     : Explicit concurrent mark sweep GC freed 23(752B) AllocSpace objects, 0(0B) LOS objects, 40% free, 22MB/38MB, paused 321us total 21.567ms
08-06 15:32:17.741  1239  1581 I art     : Starting a blocking GC Explicit
08-06 15:32:17.761  1813  1813 D AndroidRuntime: Calling main entry com.android.commands.input.Input
08-06 15:32:17.763  1239  1581 I art     : Explicit concurrent mark sweep GC freed 3(96B) AllocSpace objects, 0(0B) LOS objects, 40% free, 22MB/38MB, paused 324us total 21.488ms
08-06 15:32:17.763  1813  1813 I Input   : injectMotionEvent: MotionEvent { action=ACTION_DOWN, actionButton=0, id[0]=0, x[0]=103.0, y[0]=192.0, toolType[0]=TOOL_TYPE_UNKNOWN, buttonState=0, metaState=0, flags=0x0, edgeFlags=0x0, pointerCount=1, historySize=0, eventTime=891154176, downTime=891154176, deviceId=0, source=0x1002 }
08-06 15:32:17.770  1813  1813 I Input   : injectMotionEvent: MotionEvent { action=ACTION_UP, actionButton=0, id[0]=0, x[0]=103.0, y[0]=192.0, toolType[0]=TOOL_TYPE_UNKNOWN, buttonState=0, metaState=0, flags=0x0, edgeFlags=0x0, pointerCount=1, historySize=0, eventTime=891154176, downTime=891154176, deviceId=0, source=0x1002 }
08-06 15:32:17.772  1813  1813 D AndroidRuntime: Shutting down VM
08-06 15:32:17.773  1239  1581 I art     : Starting a blocking GC Explicit
08-06 15:32:17.787   512  2967 D audio_hw_primary: out_set_parameters: enter: usecase(1: low-latency-playback) kvpairs: routing=2
08-06 15:32:17.795  1239  1581 I art     : Explicit concurrent mark sweep GC freed 27(864B) AllocSpace objects, 0(0B) LOS objects, 40% free, 22MB/38MB, paused 375us total 22.281ms
08-06 15:32:17.800   512  2967 D audio_hw_primary: select_devices: out_snd_device(2: speaker) in_snd_device(0: none)
08-06 15:32:17.800   512  2967 D msm8974_platform: platform_send_audio_calibration: sending audio calibration for snd_device(2) acdb_id(15)
08-06 15:32:17.800   512  2967 I soundtrigger: audio_extn_sound_trigger_update_device_status: device 0x2 of type 0 for Event 1
08-06 15:32:17.806  1239  1581 I art     : Starting a blocking GC Explicit
08-06 15:32:17.814   512  2967 D audio_hw_primary: enable_snd_device: snd_device(2: speaker)
08-06 15:32:17.817   512  2967 D audio_hw_primary: enable_audio_route: apply and update mixer path: low-latency-playback speaker
08-06 15:32:17.827 13866 13866 I GoogleInputMethodServic: GoogleInputMethodService.onFinishInput():3138 
08-06 15:32:17.827 13866 13866 I GoogleInputMethodServic: GoogleInputMethodService.onStartInput():1808 
08-06 15:32:17.827  1239  1581 I art     : Explicit concurrent mark sweep GC freed 87(3KB) AllocSpace objects, 0(0B) LOS objects, 40% free, 22MB/38MB, paused 397us total 21.080ms
08-06 15:32:18.102  1239  1581 I art     : Starting a blocking GC Explicit
08-06 15:32:18.126  1239  1581 I art     : Explicit concurrent mark sweep GC freed 1781(101KB) AllocSpace objects, 1(20KB) LOS objects, 40% free, 22MB/38MB, paused 323us total 23.939ms
08-06 15:32:18.137  1239  1581 I art     : Starting a blocking GC Explicit
08-06 15:32:18.160  1239  1581 I art     : Explicit concurrent mark sweep GC freed 39(1504B) AllocSpace objects, 0(0B) LOS objects, 40% free, 22MB/38MB, paused 299us total 21.811ms
08-06 15:32:18.170  1239  1581 I art     : Starting a blocking GC Explicit
08-06 15:32:18.191  1239  1581 I art     : Explicit concurrent mark sweep GC freed 3(96B) AllocSpace objects, 0(0B) LOS objects, 40% free, 22MB/38MB, paused 277us total 19.752ms
08-06 15:32:18.200  1239  1581 I art     : Starting a blocking GC Explicit
08-06 15:32:18.222  1239  1581 I art     : Explicit concurrent mark sweep GC freed 6(224B) AllocSpace objects, 0(0B) LOS objects, 40% free, 22MB/38MB, paused 283us total 20.802ms
08-06 15:32:18.233  1239  1581 I art     : Starting a blocking GC Explicit
08-06 15:32:18.255  1239  1581 I art     : Explicit concurrent mark sweep GC freed 5(160B) AllocSpace objects, 0(0B) LOS objects, 40% free, 22MB/38MB, paused 320us total 22.144ms
08-06 15:32:18.361   512  2967 D audio_hw_primary: disable_audio_route: reset and update mixer path: low-latency-playback speaker
08-06 15:32:18.362   512  2967 D audio_hw_primary: disable_snd_device: snd_device(2: speaker)
08-06 15:32:18.371   512  2967 I soundtrigger: audio_extn_sound_trigger_update_device_status: device 0x2 of type 0 for Event 0
08-06 15:32:18.547  1239  1251 I art     : Starting a blocking GC Explicit
08-06 15:32:18.573  1239  1251 I art     : Explicit concurrent mark sweep GC freed 1365(81KB) AllocSpace objects, 1(20KB) LOS objects, 40% free, 22MB/38MB, paused 296us total 25.840ms
08-06 15:32:18.585  1239  1251 I art     : Starting a blocking GC Explicit
08-06 15:32:18.611  1239  1251 I art     : Explicit concurrent mark sweep GC freed 25(816B) AllocSpace objects, 0(0B) LOS objects, 40% free, 22MB/38MB, paused 331us total 24.804ms
08-06 15:32:18.622  1239  1251 I art     : Starting a blocking GC Explicit
08-06 15:32:18.643  1239  1251 I art     : Explicit concurrent mark sweep GC freed 3(96B) AllocSpace objects, 0(0B) LOS objects, 40% free, 22MB/38MB, paused 276us total 21.439ms
08-06 15:32:18.654  1239  1251 I art     : Starting a blocking GC Explicit
08-06 15:32:18.676  1239  1251 I art     : Explicit concurrent mark sweep GC freed 3(96B) AllocSpace objects, 0(0B) LOS objects, 40% free, 22MB/38MB, paused 279us total 21.737ms
08-06 15:32:18.686  1239  1251 I art     : Starting a blocking GC Explicit
08-06 15:32:18.708  1239  1251 I art     : Explicit concurrent mark sweep GC freed 3(96B) AllocSpace objects, 0(0B) LOS objects, 40% free, 22MB/38MB, paused 277us total 21.382ms
08-06 15:32:19.011  1239  1252 I art     : Starting a blocking GC Explicit
08-06 15:32:19.035  1239  1252 I art     : Explicit concurrent mark sweep GC freed 1392(82KB) AllocSpace objects, 1(20KB) LOS objects, 40% free, 22MB/38MB, paused 307us total 22.871ms
08-06 15:32:19.045  1239  1252 I art     : Starting a blocking GC Explicit
08-06 15:32:19.066  1239  1252 I art     : Explicit concurrent mark sweep GC freed 23(752B) AllocSpace objects, 0(0B) LOS objects, 40% free, 22MB/38MB, paused 310us total 20.678ms
08-06 15:32:19.076  1239  1252 I art     : Starting a blocking GC Explicit
08-06 15:32:19.097  1239  1252 I art     : Explicit concurrent mark sweep GC freed 3(96B) AllocSpace objects, 0(0B) LOS objects, 40% free, 22MB/38MB, paused 359us total 20.390ms
08-06 15:32:19.107  1239  1252 I art     : Starting a blocking GC Explicit
08-06 15:32:19.127  1239  1252 I art     : Explicit concurrent mark sweep GC freed 3(96B) AllocSpace objects, 0(0B) LOS objects, 40% free, 22MB/38MB, paused 372us total 19.697ms
08-06 15:32:19.127 12162 12162 I Finsky  : [1] xow.onStartJob(3): SCH: onJobSchedulerWakeup with jobId 9016
08-06 15:32:19.133 12162 12162 I Finsky  : [1] xjw.a(9): Scheduling fallback in 43199998 (absolute: 1917743006)
08-06 15:32:19.137 12162 12162 I Finsky  : [1] xjw.a(9): Scheduling fallback in 64799998 (absolute: 1939343009)
08-06 15:32:19.137  1239  1252 I art     : Starting a blocking GC Explicit
08-06 15:32:19.141 12162 12162 I Finsky  : [1] xow.onStartJob(3): SCH: onJobSchedulerWakeup with jobId 9011
08-06 15:32:19.147 12162 12162 I Finsky  : [1] xjw.a(9): Scheduling fallback in 43199998 (absolute: 1917743020)
08-06 15:32:19.149 12162 12162 I Finsky  : [1] xjw.a(9): Scheduling fallback in 64799998 (absolute: 1939343022)
08-06 15:32:19.154 12162 12162 W Finsky  : [1] xow.onStartJob(9): SCH: onJobSchedulerWakeup while already running
08-06 15:32:19.157  1239  1252 I art     : Explicit concurrent mark sweep GC freed 3(96B) AllocSpace objects, 0(0B) LOS objects, 40% free, 22MB/38MB, paused 291us total 19.944ms
08-06 15:32:19.241 12162 12162 I Finsky  : [1] xkf.handleMessage(8): SCH: DeviceState: DeviceState{currentTime=1596720739237, isCharging=false, isIdle=false, netAny=true, netNotRoaming=true, netUnmetered=true, batteryPercent=100.0}
08-06 15:32:19.246 12162  1199 I Finsky  : [6709] xmu.a(8): SCH: Jobs in database: 1-1337 3-225 3-226 12-1 24-77777777 26-1414141414 
08-06 15:32:19.250 12162 12162 I Finsky  : [1] xkg.a(16): SCH: Running job: 12-1
08-06 15:32:19.251 12162 12162 I Finsky  : [1] ContentSyncJob.a(16): [ContentSync] job started
08-06 15:32:19.252 12162 12162 I Finsky  : [1] xkf.handleMessage(61): SCH: RunningQueue size: 1, PendingQueue size: 0
08-06 15:32:19.253 12162 12162 I Finsky  : [1] xkf.handleMessage(64): SCH: Running queue: 12-1 
08-06 15:32:19.412  1239  1581 I art     : Starting a blocking GC Explicit
08-06 15:32:19.432  1239  1581 I art     : Explicit concurrent mark sweep GC freed 1363(80KB) AllocSpace objects, 1(20KB) LOS objects, 40% free, 22MB/38MB, paused 284us total 19.385ms
08-06 15:32:19.441  1239  1581 I art     : Starting a blocking GC Explicit
08-06 15:32:19.461  1239  1581 I art     : Explicit concurrent mark sweep GC freed 26(848B) AllocSpace objects, 0(0B) LOS objects, 40% free, 22MB/38MB, paused 278us total 18.983ms
08-06 15:32:19.471  1239  1581 I art     : Starting a blocking GC Explicit
08-06 15:32:19.490  1239  1581 I art     : Explicit concurrent mark sweep GC freed 7(224B) AllocSpace objects, 0(0B) LOS objects, 40% free, 22MB/38MB, paused 281us total 18.700ms
08-06 15:32:19.499  1239  1581 I art     : Starting a blocking GC Explicit
08-06 15:32:19.518  1239  1581 I art     : Explicit concurrent mark sweep GC freed 6(192B) AllocSpace objects, 0(0B) LOS objects, 40% free, 22MB/38MB, paused 279us total 18.589ms
08-06 15:32:19.524  1874  1874 D AndroidRuntime: >>>>>> START com.android.internal.os.RuntimeInit uid 2000 <<<<<<
08-06 15:32:19.527  1239  1581 I art     : Starting a blocking GC Explicit
08-06 15:32:19.529  1874  1874 D AndroidRuntime: CheckJNI is OFF
08-06 15:32:19.532 12162  1217 I Finsky  : [6716] dzn.a(22): Completed 0 account content syncs with 0 successful.
08-06 15:32:19.533 12162 12162 I Finsky  : [1] ContentSyncJob.a(1): [ContentSync] Installation state replication succeeded.
08-06 15:32:19.533 12162 12162 I Finsky  : [1] xlr.a(13): SCH: jobFinished: 12-1. TimeElapsed: 283ms.
08-06 15:32:19.534 12162 12162 I Finsky  : [1] xkg.a(36): SCH: Job 12-1 finished. Not rescheduling.
08-06 15:32:19.534 12162 12162 I Finsky  : [1] xkf.handleMessage(61): SCH: RunningQueue size: 0, PendingQueue size: 0
08-06 15:32:19.534 12162 12162 I Finsky  : [1] xkf.handleMessage(25): Executor finished
08-06 15:32:19.546  1239  1581 I art     : Explicit concurrent mark sweep GC freed 7(224B) AllocSpace objects, 0(0B) LOS objects, 40% free, 22MB/38MB, paused 288us total 18.693ms
08-06 15:32:19.551 12162 12162 I Finsky  : [1] xmu.a(8): SCH: Jobs in database: 1-1337 3-225 3-226 24-77777777 26-1414141414 
08-06 15:32:19.554 12162 12162 I Finsky  : [1] xio.a(57): SCH: ConstraintMapping: 24-77777777,  -> L: 0ms, D: 20271374ms, C: false, I: true, N: 0
08-06 15:32:19.555 12162 12162 I Finsky  : [1] xio.a(57): SCH: ConstraintMapping: 1-1337,  -> L: 5419218ms, D: 23613360ms, C: false, I: false, N: 1
08-06 15:32:19.555 12162 12162 I Finsky  : [1] xio.a(57): SCH: ConstraintMapping: 3-225,  -> L: 0ms, D: 63397303ms, C: false, I: true, N: 2
08-06 15:32:19.556 12162 12162 I Finsky  : [1] xio.a(57): SCH: ConstraintMapping: 3-226,  -> L: 0ms, D: 63397346ms, C: true, I: true, N: 2
08-06 15:32:19.556 12162 12162 I Finsky  : [1] xio.a(57): SCH: ConstraintMapping: 26-1414141414,  -> L: 28394747ms, D: 29294747ms, C: false, I: false, N: 0
08-06 15:32:19.567 12162 12162 I Finsky  : [1] xle.a(34): Cancelling existing jobscheduler jobs: 9012 9019 9001 9017 9015 9018 9014 9013 
08-06 15:32:19.567 12162 12162 I Finsky  : [1] xle.a(10): Throttling wakeup for job 9000 (expected to run in 0 ms) due to recent wakeup
08-06 15:32:19.567 12162 12162 I Finsky  : [1] xle.a(27): Scheduling job Id: 9000, L: 30000, D: 20271374, C: false, I: true, N: 0
08-06 15:32:19.570 12162 12162 I Finsky  : [1] xle.a(27): Scheduling job Id: 9002, L: 5419218, D: 23613360, C: false, I: false, N: 1
08-06 15:32:19.570  1874  1874 D ICU     : No timezone override file found: /data/misc/zoneinfo/current/icu/icu_tzdata.dat
08-06 15:32:19.571 12162 12162 I Finsky  : [1] xle.a(10): Throttling wakeup for job 9003 (expected to run in 0 ms) due to recent wakeup
08-06 15:32:19.572 12162 12162 I Finsky  : [1] xle.a(27): Scheduling job Id: 9003, L: 30000, D: 63397303, C: false, I: true, N: 2
08-06 15:32:19.573 12162 12162 I Finsky  : [1] xle.a(10): Throttling wakeup for job 9004 (expected to run in 0 ms) due to recent wakeup
08-06 15:32:19.574 12162 12162 I Finsky  : [1] xle.a(27): Scheduling job Id: 9004, L: 30000, D: 63397346, C: true, I: true, N: 2
08-06 15:32:19.575 12162 12162 I Finsky  : [1] xle.a(27): Scheduling job Id: 9005, L: 28394747, D: 29294747, C: false, I: false, N: 0
08-06 15:32:19.576 12162 12162 I Finsky  : [1] xle.a(10): Throttling wakeup for job 9006 (expected to run in 0 ms) due to recent wakeup
08-06 15:32:19.576 12162 12162 I Finsky  : [1] xle.a(27): Scheduling job Id: 9006, L: 30000, D: 20271374, C: false, I: true, N: 0
08-06 15:32:19.578 12162 12162 I Finsky  : [1] xle.a(27): Scheduling job Id: 9007, L: 5419218, D: 23613360, C: false, I: false, N: 1
08-06 15:32:19.579 12162 12162 I Finsky  : [1] xle.a(10): Throttling wakeup for job 9008 (expected to run in 0 ms) due to recent wakeup
08-06 15:32:19.579 12162 12162 I Finsky  : [1] xle.a(27): Scheduling job Id: 9008, L: 30000, D: 63397303, C: false, I: true, N: 2
08-06 15:32:19.581 12162 12162 I Finsky  : [1] xle.a(10): Throttling wakeup for job 9009 (expected to run in 0 ms) due to recent wakeup
08-06 15:32:19.581 12162 12162 I Finsky  : [1] xle.a(27): Scheduling job Id: 9009, L: 30000, D: 63397346, C: true, I: true, N: 2
08-06 15:32:19.582 12162 12162 I Finsky  : [1] xle.a(27): Scheduling job Id: 9010, L: 28394747, D: 29294747, C: false, I: false, N: 0
08-06 15:32:19.609  1874  1874 I Radio-JNI: register_android_hardware_Radio DONE
08-06 15:32:19.637  1874  1874 D AndroidRuntime: Calling main entry com.android.commands.input.Input
08-06 15:32:19.640  1874  1874 I Input   : injectMotionEvent: MotionEvent { action=ACTION_DOWN, actionButton=0, id[0]=0, x[0]=409.0, y[0]=1034.0, toolType[0]=TOOL_TYPE_UNKNOWN, buttonState=0, metaState=0, flags=0x0, edgeFlags=0x0, pointerCount=1, historySize=0, eventTime=891156053, downTime=891156053, deviceId=0, source=0x1002 }
08-06 15:32:19.644  1874  1874 I Input   : injectMotionEvent: MotionEvent { action=ACTION_UP, actionButton=0, id[0]=0, x[0]=409.0, y[0]=1034.0, toolType[0]=TOOL_TYPE_UNKNOWN, buttonState=0, metaState=0, flags=0x0, edgeFlags=0x0, pointerCount=1, historySize=0, eventTime=891156053, downTime=891156053, deviceId=0, source=0x1002 }
08-06 15:32:19.645  1874  1874 D AndroidRuntime: Shutting down VM
08-06 15:32:19.710  1239  1239 D MainActivity: loadFragment(index: 5, args: null)
08-06 15:32:19.710  1239  1239 D MainActivity: loadFragment(tag: AddFeedFragment, args: null)
08-06 15:32:19.711  1239  1239 D MainActivity: saveLastNavFragment(tag: AddFeedFragment)
08-06 15:32:19.711  1239  1239 D MainActivity: getLastNavFragment() -> AddFeedFragment
08-06 15:32:19.713   512  2967 D audio_hw_primary: out_set_parameters: enter: usecase(1: low-latency-playback) kvpairs: routing=2
08-06 15:32:19.727   512  2967 D audio_hw_primary: select_devices: out_snd_device(2: speaker) in_snd_device(0: none)
08-06 15:32:19.727   512  2967 D msm8974_platform: platform_send_audio_calibration: sending audio calibration for snd_device(2) acdb_id(15)
08-06 15:32:19.727   512  2967 I soundtrigger: audio_extn_sound_trigger_update_device_status: device 0x2 of type 0 for Event 1
08-06 15:32:19.738   512  2967 D audio_hw_primary: enable_snd_device: snd_device(2: speaker)
08-06 15:32:19.741   512  2967 D audio_hw_primary: enable_audio_route: apply and update mixer path: low-latency-playback speaker
08-06 15:32:19.820  1239  1265 I art     : Starting a blocking GC Explicit
08-06 15:32:19.845  1239  1265 I art     : Explicit concurrent mark sweep GC freed 3445(206KB) AllocSpace objects, 2(40KB) LOS objects, 40% free, 23MB/38MB, paused 280us total 25.178ms
08-06 15:32:19.856  1239  1265 I art     : Starting a blocking GC Explicit
08-06 15:32:19.878  1239  1265 I art     : Explicit concurrent mark sweep GC freed 1410(84KB) AllocSpace objects, 2(56KB) LOS objects, 40% free, 22MB/38MB, paused 267us total 21.422ms
08-06 15:32:19.888  1239  1265 I art     : Starting a blocking GC Explicit
08-06 15:32:19.907  1239  1265 I art     : Explicit concurrent mark sweep GC freed 3(96B) AllocSpace objects, 0(0B) LOS objects, 40% free, 22MB/38MB, paused 334us total 19.567ms
08-06 15:32:19.917  1239  1265 I art     : Starting a blocking GC Explicit
08-06 15:32:19.937  1239  1265 I art     : Explicit concurrent mark sweep GC freed 3(96B) AllocSpace objects, 0(0B) LOS objects, 40% free, 22MB/38MB, paused 570us total 19.664ms
08-06 15:32:19.947  1239  1265 I art     : Starting a blocking GC Explicit
08-06 15:32:19.966  1239  1265 I art     : Explicit concurrent mark sweep GC freed 3(96B) AllocSpace objects, 0(0B) LOS objects, 40% free, 22MB/38MB, paused 285us total 19.216ms
08-06 15:32:20.149 13866 13866 I GoogleInputMethodServic: GoogleInputMethodService.onFinishInput():3138 
08-06 15:32:20.150 13866 13866 I GoogleInputMethodServic: GoogleInputMethodService.onStartInput():1808 
08-06 15:32:20.251  1239  1581 I art     : Starting a blocking GC Explicit
08-06 15:32:20.275  1239  1581 I art     : Explicit concurrent mark sweep GC freed 1521(85KB) AllocSpace objects, 1(20KB) LOS objects, 40% free, 22MB/38MB, paused 269us total 22.663ms
08-06 15:32:20.279   512  2967 D audio_hw_primary: disable_audio_route: reset and update mixer path: low-latency-playback speaker
08-06 15:32:20.281   512  2967 D audio_hw_primary: disable_snd_device: snd_device(2: speaker)
08-06 15:32:20.286  1239  1581 I art     : Starting a blocking GC Explicit
08-06 15:32:20.290   512  2967 I soundtrigger: audio_extn_sound_trigger_update_device_status: device 0x2 of type 0 for Event 0
08-06 15:32:20.307  1239  1581 I art     : Explicit concurrent mark sweep GC freed 123(6KB) AllocSpace objects, 0(0B) LOS objects, 40% free, 22MB/38MB, paused 341us total 20.741ms
08-06 15:32:20.317  1239  1581 I art     : Starting a blocking GC Explicit
08-06 15:32:20.339  1239  1581 I art     : Explicit concurrent mark sweep GC freed 5(160B) AllocSpace objects, 0(0B) LOS objects, 40% free, 22MB/38MB, paused 260us total 21.005ms
08-06 15:32:20.348  1239  1581 I art     : Starting a blocking GC Explicit
08-06 15:32:20.369  1239  1581 I art     : Explicit concurrent mark sweep GC freed 3(96B) AllocSpace objects, 0(0B) LOS objects, 40% free, 22MB/38MB, paused 291us total 20.569ms
08-06 15:32:20.379  1239  1581 I art     : Starting a blocking GC Explicit
08-06 15:32:20.400  1239  1581 I art     : Explicit concurrent mark sweep GC freed 3(96B) AllocSpace objects, 0(0B) LOS objects, 40% free, 22MB/38MB, paused 280us total 20.688ms
08-06 15:32:20.691  1239  1265 I art     : Starting a blocking GC Explicit
08-06 15:32:20.713  1239  1265 I art     : Explicit concurrent mark sweep GC freed 1363(80KB) AllocSpace objects, 1(20KB) LOS objects, 40% free, 22MB/38MB, paused 294us total 21.712ms
08-06 15:32:20.723  1239  1265 I art     : Starting a blocking GC Explicit
08-06 15:32:20.744  1239  1265 I art     : Explicit concurrent mark sweep GC freed 25(816B) AllocSpace objects, 0(0B) LOS objects, 40% free, 22MB/38MB, paused 293us total 21.422ms
08-06 15:32:20.755  1239  1265 I art     : Starting a blocking GC Explicit
08-06 15:32:20.776  1239  1265 I art     : Explicit concurrent mark sweep GC freed 3(96B) AllocSpace objects, 0(0B) LOS objects, 40% free, 22MB/38MB, paused 289us total 20.850ms
08-06 15:32:20.786  1239  1265 I art     : Starting a blocking GC Explicit
08-06 15:32:20.808  1239  1265 I art     : Explicit concurrent mark sweep GC freed 3(96B) AllocSpace objects, 0(0B) LOS objects, 40% free, 22MB/38MB, paused 290us total 21.891ms
08-06 15:32:20.818  1239  1265 I art     : Starting a blocking GC Explicit
08-06 15:32:20.841  1239  1265 I art     : Explicit concurrent mark sweep GC freed 3(96B) AllocSpace objects, 0(0B) LOS objects, 40% free, 22MB/38MB, paused 286us total 21.978ms
08-06 15:32:21.118  1239  1581 I art     : Starting a blocking GC Explicit
08-06 15:32:21.142  1239  1581 I art     : Explicit concurrent mark sweep GC freed 1391(80KB) AllocSpace objects, 1(20KB) LOS objects, 40% free, 22MB/38MB, paused 319us total 24.333ms
08-06 15:32:21.159  1239  1581 I art     : Starting a blocking GC Explicit
08-06 15:32:21.180  1239  1581 I art     : Explicit concurrent mark sweep GC freed 23(752B) AllocSpace objects, 0(0B) LOS objects, 40% free, 22MB/38MB, paused 300us total 20.559ms
08-06 15:32:21.189  1239  1581 I art     : Starting a blocking GC Explicit
08-06 15:32:21.210  1239  1581 I art     : Explicit concurrent mark sweep GC freed 3(96B) AllocSpace objects, 0(0B) LOS objects, 40% free, 22MB/38MB, paused 295us total 20.444ms
08-06 15:32:21.220  1239  1581 I art     : Starting a blocking GC Explicit
08-06 15:32:21.241  1239  1581 I art     : Explicit concurrent mark sweep GC freed 3(96B) AllocSpace objects, 0(0B) LOS objects, 40% free, 22MB/38MB, paused 317us total 20.550ms
08-06 15:32:21.251  1239  1581 I art     : Starting a blocking GC Explicit
08-06 15:32:21.274  1239  1581 I art     : Explicit concurrent mark sweep GC freed 3(96B) AllocSpace objects, 0(0B) LOS objects, 40% free, 22MB/38MB, paused 299us total 22.198ms
08-06 15:32:21.425  1931  1931 D AndroidRuntime: >>>>>> START com.android.internal.os.RuntimeInit uid 2000 <<<<<<
08-06 15:32:21.430  1931  1931 D AndroidRuntime: CheckJNI is OFF
08-06 15:32:21.469  1931  1931 D ICU     : No timezone override file found: /data/misc/zoneinfo/current/icu/icu_tzdata.dat
08-06 15:32:21.508  1931  1931 I Radio-JNI: register_android_hardware_Radio DONE
08-06 15:32:21.537  1931  1931 D AndroidRuntime: Calling main entry com.android.commands.input.Input
08-06 15:32:21.540  1931  1931 I Input   : injectMotionEvent: MotionEvent { action=ACTION_DOWN, actionButton=0, id[0]=0, x[0]=567.0, y[0]=714.0, toolType[0]=TOOL_TYPE_UNKNOWN, buttonState=0, metaState=0, flags=0x0, edgeFlags=0x0, pointerCount=1, historySize=0, eventTime=891157952, downTime=891157952, deviceId=0, source=0x1002 }
08-06 15:32:21.544  1931  1931 I Input   : injectMotionEvent: MotionEvent { action=ACTION_UP, actionButton=0, id[0]=0, x[0]=567.0, y[0]=714.0, toolType[0]=TOOL_TYPE_UNKNOWN, buttonState=0, metaState=0, flags=0x0, edgeFlags=0x0, pointerCount=1, historySize=0, eventTime=891157952, downTime=891157952, deviceId=0, source=0x1002 }
08-06 15:32:21.545  1931  1931 D AndroidRuntime: Shutting down VM
08-06 15:32:21.559   512  2967 D audio_hw_primary: out_set_parameters: enter: usecase(1: low-latency-playback) kvpairs: routing=2
08-06 15:32:21.572   512  2967 D audio_hw_primary: select_devices: out_snd_device(2: speaker) in_snd_device(0: none)
08-06 15:32:21.573   512  2967 D msm8974_platform: platform_send_audio_calibration: sending audio calibration for snd_device(2) acdb_id(15)
08-06 15:32:21.573   512  2967 I soundtrigger: audio_extn_sound_trigger_update_device_status: device 0x2 of type 0 for Event 1
08-06 15:32:21.579  1239  1265 I art     : Starting a blocking GC Explicit
08-06 15:32:21.585   512  2967 D audio_hw_primary: enable_snd_device: snd_device(2: speaker)
08-06 15:32:21.586  1239  1790 D AntennapodHttpClient: Creating new instance of HTTP client
08-06 15:32:21.587   512  2967 D audio_hw_primary: enable_audio_route: apply and update mixer path: low-latency-playback speaker
08-06 15:32:21.594 13866 13866 I GoogleInputMethodServic: GoogleInputMethodService.onFinishInput():3138 
08-06 15:32:21.594 13866 13866 I GoogleInputMethodServic: GoogleInputMethodService.onStartInput():1808 
08-06 15:32:21.606  1239  1265 I art     : Explicit concurrent mark sweep GC freed 3278(207KB) AllocSpace objects, 1(20KB) LOS objects, 40% free, 23MB/38MB, paused 1.904ms total 26.515ms
08-06 15:32:21.617  1239  1265 I art     : Starting a blocking GC Explicit
08-06 15:32:21.642  1239  1265 I art     : Explicit concurrent mark sweep GC freed 1349(84KB) AllocSpace objects, 0(0B) LOS objects, 40% free, 23MB/39MB, paused 375us total 25.186ms
08-06 15:32:21.652  1239  1265 I art     : Starting a blocking GC Explicit
08-06 15:32:21.675  1239  1265 I art     : Explicit concurrent mark sweep GC freed 1621(84KB) AllocSpace objects, 1(220KB) LOS objects, 40% free, 23MB/38MB, paused 636us total 22.355ms
08-06 15:32:21.684  1239  1265 I art     : Starting a blocking GC Explicit
08-06 15:32:21.705  1239  1265 I art     : Explicit concurrent mark sweep GC freed 94(9KB) AllocSpace objects, 0(0B) LOS objects, 40% free, 23MB/38MB, paused 518us total 20.906ms
08-06 15:32:21.715  1239  1265 I art     : Starting a blocking GC Explicit
08-06 15:32:21.736  1239  1265 I art     : Explicit concurrent mark sweep GC freed 13(496B) AllocSpace objects, 0(0B) LOS objects, 40% free, 23MB/38MB, paused 341us total 20.618ms
08-06 15:32:21.975  1239  1790 I NAPPA_EXPERIMENTATION: MetricNetworkRequestExecutionTime: REQUEST_DURATION_SYSTEM='367',REQUEST_DURATION_OKHTTP='161',REQUEST_SYNCHRONOUS='TRUE',RESPONSE_CODE='400',RESPONSE_METHOD='GET',RESPONSE_LENGTH_OKHTTP='0',RESPONSE_LENGTH_HEADER='0',REQUEST_PROTOCOL='h2',REQUEST_URL='https://itunes.apple.com/en/rss/toppodcasts/limit=25/explicit=true/json',
08-06 15:32:22.004  1239  1251 I art     : Starting a blocking GC Explicit
08-06 15:32:22.030  1239  1251 I art     : Explicit concurrent mark sweep GC freed 9180(489KB) AllocSpace objects, 4(220KB) LOS objects, 40% free, 23MB/39MB, paused 462us total 25.991ms
08-06 15:32:22.041  1239  1251 I art     : Starting a blocking GC Explicit
08-06 15:32:22.063  1239  1251 I art     : Explicit concurrent mark sweep GC freed 1050(119KB) AllocSpace objects, 0(0B) LOS objects, 40% free, 23MB/39MB, paused 417us total 22.312ms
08-06 15:32:22.073  1239  1251 I art     : Starting a blocking GC Explicit
08-06 15:32:22.095  1239  1251 I art     : Explicit concurrent mark sweep GC freed 13(480B) AllocSpace objects, 0(0B) LOS objects, 40% free, 23MB/39MB, paused 411us total 22.043ms
08-06 15:32:22.105  1239  1251 I art     : Starting a blocking GC Explicit
08-06 15:32:22.113  1239  1790 I NAPPA_EXPERIMENTATION: MetricNetworkRequestExecutionTime: REQUEST_DURATION_SYSTEM='136',REQUEST_DURATION_OKHTTP='135',REQUEST_SYNCHRONOUS='TRUE',RESPONSE_CODE='200',RESPONSE_METHOD='GET',RESPONSE_LENGTH_OKHTTP='-1',RESPONSE_LENGTH_HEADER='10075',REQUEST_PROTOCOL='h2',REQUEST_URL='https://itunes.apple.com/us/rss/toppodcasts/limit=25/explicit=true/json',
08-06 15:32:22.118   512  2967 D audio_hw_primary: disable_audio_route: reset and update mixer path: low-latency-playback speaker
08-06 15:32:22.119   512  2967 D audio_hw_primary: disable_snd_device: snd_device(2: speaker)
08-06 15:32:22.128   512  2967 I soundtrigger: audio_extn_sound_trigger_update_device_status: device 0x2 of type 0 for Event 0
08-06 15:32:22.129  1239  1251 I art     : Explicit concurrent mark sweep GC freed 348(26KB) AllocSpace objects, 0(0B) LOS objects, 40% free, 23MB/39MB, paused 639us total 23.258ms
08-06 15:32:22.139  1239  1251 I art     : Starting a blocking GC Explicit
08-06 15:32:22.163  1239  1251 I art     : Explicit concurrent mark sweep GC freed 8118(415KB) AllocSpace objects, 4(352KB) LOS objects, 40% free, 23MB/39MB, paused 375us total 23.997ms
08-06 15:32:22.205  1239  1239 D AntennapodHttpClient: Creating new instance of HTTP client
08-06 15:32:22.220  1239  1979 D ApOkHttpUrlLoader: buildLoadData() called with: model = [https://is4-ssl.mzstatic.com/image/thumb/Podcasts114/v4/3f/16/74/3f167426-bf50-ce3a-d709-e4301620fc5b/mza_5832671293059882550.jpeg/170x170bb.png], width = [224], height = [224]
08-06 15:32:22.224  1239  1980 D DBReader: getImageAuthentication() called with: imageUrl = [https://is4-ssl.mzstatic.com/image/thumb/Podcasts114/v4/3f/16/74/3f167426-bf50-ce3a-d709-e4301620fc5b/mza_5832671293059882550.jpeg/170x170bb.png]
08-06 15:32:22.226  1239  1981 D ApOkHttpUrlLoader: buildLoadData() called with: model = [https://is4-ssl.mzstatic.com/image/thumb/Podcasts113/v4/e5/8a/10/e58a108f-f5d0-f622-c94a-13f66edd570c/mza_3025981348644196724.jpg/170x170bb.png], width = [224], height = [224]
08-06 15:32:22.226  1239  1980 D ApOkHttpUrlLoader: no credentials for 'https://is4-ssl.mzstatic.com/image/thumb/Podcasts114/v4/3f/16/74/3f167426-bf50-ce3a-d709-e4301620fc5b/mza_5832671293059882550.jpeg/170x170bb.png'
08-06 15:32:22.227  1239  1982 D DBReader: getImageAuthentication() called with: imageUrl = [https://is4-ssl.mzstatic.com/image/thumb/Podcasts113/v4/e5/8a/10/e58a108f-f5d0-f622-c94a-13f66edd570c/mza_3025981348644196724.jpg/170x170bb.png]
08-06 15:32:22.230  1239  1982 D ApOkHttpUrlLoader: no credentials for 'https://is4-ssl.mzstatic.com/image/thumb/Podcasts113/v4/e5/8a/10/e58a108f-f5d0-f622-c94a-13f66edd570c/mza_3025981348644196724.jpg/170x170bb.png'
08-06 15:32:22.230  1239  1983 D ApOkHttpUrlLoader: buildLoadData() called with: model = [https://is2-ssl.mzstatic.com/image/thumb/Podcasts113/v4/a9/39/cc/a939ccc5-6d60-0c11-0a4c-16d71cdef89b/mza_8787577209688278658.jpg/170x170bb.png], width = [224], height = [224]
08-06 15:32:22.232  1239  1984 D DBReader: getImageAuthentication() called with: imageUrl = [https://is2-ssl.mzstatic.com/image/thumb/Podcasts113/v4/a9/39/cc/a939ccc5-6d60-0c11-0a4c-16d71cdef89b/mza_8787577209688278658.jpg/170x170bb.png]
08-06 15:32:22.233  1239  1984 D ApOkHttpUrlLoader: no credentials for 'https://is2-ssl.mzstatic.com/image/thumb/Podcasts113/v4/a9/39/cc/a939ccc5-6d60-0c11-0a4c-16d71cdef89b/mza_8787577209688278658.jpg/170x170bb.png'
08-06 15:32:22.234  1239  1985 D ApOkHttpUrlLoader: buildLoadData() called with: model = [https://is5-ssl.mzstatic.com/image/thumb/Podcasts114/v4/93/cf/99/93cf9960-fff3-205e-6655-72c03ddeccb2/mza_10545582232493904175.jpeg/170x170bb.png], width = [224], height = [224]
08-06 15:32:22.236  1239  1986 D DBReader: getImageAuthentication() called with: imageUrl = [https://is5-ssl.mzstatic.com/image/thumb/Podcasts114/v4/93/cf/99/93cf9960-fff3-205e-6655-72c03ddeccb2/mza_10545582232493904175.jpeg/170x170bb.png]
08-06 15:32:22.237  1239  1979 D ApOkHttpUrlLoader: buildLoadData() called with: model = [https://is4-ssl.mzstatic.com/image/thumb/Podcasts124/v4/49/a4/91/49a491b7-3daf-c5dc-d7c6-6c4f1486955c/mza_5930014091766152297.png/170x170bb.png], width = [224], height = [224]
08-06 15:32:22.238  1239  1986 D ApOkHttpUrlLoader: no credentials for 'https://is5-ssl.mzstatic.com/image/thumb/Podcasts114/v4/93/cf/99/93cf9960-fff3-205e-6655-72c03ddeccb2/mza_10545582232493904175.jpeg/170x170bb.png'
08-06 15:32:22.239  1239  1987 D DBReader: getImageAuthentication() called with: imageUrl = [https://is4-ssl.mzstatic.com/image/thumb/Podcasts124/v4/49/a4/91/49a491b7-3daf-c5dc-d7c6-6c4f1486955c/mza_5930014091766152297.png/170x170bb.png]
08-06 15:32:22.241  1239  1981 D ApOkHttpUrlLoader: buildLoadData() called with: model = [https://is5-ssl.mzstatic.com/image/thumb/Podcasts113/v4/fd/54/6e/fd546ea0-7ab2-e3f0-6049-884d82917af9/mza_4855349695799758348.jpeg/170x170bb.png], width = [224], height = [224]
08-06 15:32:22.241  1239  1987 D ApOkHttpUrlLoader: no credentials for 'https://is4-ssl.mzstatic.com/image/thumb/Podcasts124/v4/49/a4/91/49a491b7-3daf-c5dc-d7c6-6c4f1486955c/mza_5930014091766152297.png/170x170bb.png'
08-06 15:32:22.242  1239  1988 D DBReader: getImageAuthentication() called with: imageUrl = [https://is5-ssl.mzstatic.com/image/thumb/Podcasts113/v4/fd/54/6e/fd546ea0-7ab2-e3f0-6049-884d82917af9/mza_4855349695799758348.jpeg/170x170bb.png]
08-06 15:32:22.244  1239  1988 D ApOkHttpUrlLoader: no credentials for 'https://is5-ssl.mzstatic.com/image/thumb/Podcasts113/v4/fd/54/6e/fd546ea0-7ab2-e3f0-6049-884d82917af9/mza_4855349695799758348.jpeg/170x170bb.png'
08-06 15:32:22.244  1239  1983 D ApOkHttpUrlLoader: buildLoadData() called with: model = [https://is2-ssl.mzstatic.com/image/thumb/Podcasts114/v4/b3/4c/cf/b34ccfc2-cea4-1ca1-0fad-7793af301cc5/mza_2466085192629456364.jpg/170x170bb.png], width = [224], height = [224]
08-06 15:32:22.246  1239  1989 D DBReader: getImageAuthentication() called with: imageUrl = [https://is2-ssl.mzstatic.com/image/thumb/Podcasts114/v4/b3/4c/cf/b34ccfc2-cea4-1ca1-0fad-7793af301cc5/mza_2466085192629456364.jpg/170x170bb.png]
08-06 15:32:22.247  1239  1989 D ApOkHttpUrlLoader: no credentials for 'https://is2-ssl.mzstatic.com/image/thumb/Podcasts114/v4/b3/4c/cf/b34ccfc2-cea4-1ca1-0fad-7793af301cc5/mza_2466085192629456364.jpg/170x170bb.png'
08-06 15:32:22.431  1239  1251 I art     : Starting a blocking GC Explicit
08-06 15:32:22.464  1239  1251 I art     : Explicit concurrent mark sweep GC freed 27840(1442KB) AllocSpace objects, 4(220KB) LOS objects, 39% free, 24MB/40MB, paused 988us total 33.476ms
08-06 15:32:22.480  1239  1251 I art     : Starting a blocking GC Explicit
08-06 15:32:22.509  1239  1251 I art     : Explicit concurrent mark sweep GC freed 5311(355KB) AllocSpace objects, 0(0B) LOS objects, 39% free, 24MB/40MB, paused 1.062ms total 28.371ms
08-06 15:32:22.519  1239  1251 I art     : Starting a blocking GC Explicit
08-06 15:32:22.547  1239  1251 I art     : Explicit concurrent mark sweep GC freed 208(31KB) AllocSpace objects, 0(0B) LOS objects, 39% free, 24MB/40MB, paused 1.093ms total 27.438ms
08-06 15:32:22.558  1239  1251 I art     : Starting a blocking GC Explicit
08-06 15:32:22.582  1239  1982 D MYTAG   : interceptor 2a
08-06 15:32:22.583  1239  1982 I NAPPA_EXPERIMENTATION: MetricNetworkRequestExecutionTime: REQUEST_DURATION_SYSTEM='352',REQUEST_DURATION_OKHTTP='160',REQUEST_SYNCHRONOUS='TRUE',RESPONSE_CODE='200',RESPONSE_METHOD='GET',RESPONSE_LENGTH_OKHTTP='45995',RESPONSE_LENGTH_HEADER='45995',REQUEST_PROTOCOL='h2',REQUEST_URL='https://is4-ssl.mzstatic.com/image/thumb/Podcasts113/v4/e5/8a/10/e58a108f-f5d0-f622-c94a-13f66edd570c/mza_3025981348644196724.jpg/170x170bb.png',
08-06 15:32:22.587  1239  1251 I art     : Explicit concurrent mark sweep GC freed 307(20KB) AllocSpace objects, 0(0B) LOS objects, 39% free, 24MB/40MB, paused 1.385ms total 29.018ms
08-06 15:32:22.599  1239  1980 D MYTAG   : interceptor 2a
08-06 15:32:22.599  1239  1251 I art     : Starting a blocking GC Explicit
08-06 15:32:22.600  1239  1980 I NAPPA_EXPERIMENTATION: MetricNetworkRequestExecutionTime: REQUEST_DURATION_SYSTEM='373',REQUEST_DURATION_OKHTTP='190',REQUEST_SYNCHRONOUS='TRUE',RESPONSE_CODE='200',RESPONSE_METHOD='GET',RESPONSE_LENGTH_OKHTTP='26177',RESPONSE_LENGTH_HEADER='26177',REQUEST_PROTOCOL='h2',REQUEST_URL='https://is4-ssl.mzstatic.com/image/thumb/Podcasts114/v4/3f/16/74/3f167426-bf50-ce3a-d709-e4301620fc5b/mza_5832671293059882550.jpeg/170x170bb.png',
08-06 15:32:22.624  1239  1989 D MYTAG   : interceptor 2a
08-06 15:32:22.624  1239  1989 I NAPPA_EXPERIMENTATION: MetricNetworkRequestExecutionTime: REQUEST_DURATION_SYSTEM='376',REQUEST_DURATION_OKHTTP='166',REQUEST_SYNCHRONOUS='TRUE',RESPONSE_CODE='200',RESPONSE_METHOD='GET',RESPONSE_LENGTH_OKHTTP='42299',RESPONSE_LENGTH_HEADER='42299',REQUEST_PROTOCOL='h2',REQUEST_URL='https://is2-ssl.mzstatic.com/image/thumb/Podcasts114/v4/b3/4c/cf/b34ccfc2-cea4-1ca1-0fad-7793af301cc5/mza_2466085192629456364.jpg/170x170bb.png',
08-06 15:32:22.630  1239  1251 I art     : Explicit concurrent mark sweep GC freed 1187(76KB) AllocSpace objects, 0(0B) LOS objects, 39% free, 24MB/40MB, paused 1.629ms total 30.506ms
08-06 15:32:22.688  1239  1988 D MYTAG   : interceptor 2a
08-06 15:32:22.688  1239  1988 I NAPPA_EXPERIMENTATION: MetricNetworkRequestExecutionTime: REQUEST_DURATION_SYSTEM='444',REQUEST_DURATION_OKHTTP='195',REQUEST_SYNCHRONOUS='TRUE',RESPONSE_CODE='200',RESPONSE_METHOD='GET',RESPONSE_LENGTH_OKHTTP='54835',RESPONSE_LENGTH_HEADER='54835',REQUEST_PROTOCOL='h2',REQUEST_URL='https://is5-ssl.mzstatic.com/image/thumb/Podcasts113/v4/fd/54/6e/fd546ea0-7ab2-e3f0-6049-884d82917af9/mza_4855349695799758348.jpeg/170x170bb.png',
08-06 15:32:22.700  1239  1987 D MYTAG   : interceptor 2a
08-06 15:32:22.700  1239  1987 I NAPPA_EXPERIMENTATION: MetricNetworkRequestExecutionTime: REQUEST_DURATION_SYSTEM='459',REQUEST_DURATION_OKHTTP='221',REQUEST_SYNCHRONOUS='TRUE',RESPONSE_CODE='200',RESPONSE_METHOD='GET',RESPONSE_LENGTH_OKHTTP='12000',RESPONSE_LENGTH_HEADER='12000',REQUEST_PROTOCOL='h2',REQUEST_URL='https://is4-ssl.mzstatic.com/image/thumb/Podcasts124/v4/49/a4/91/49a491b7-3daf-c5dc-d7c6-6c4f1486955c/mza_5930014091766152297.png/170x170bb.png',
08-06 15:32:22.715  1239  1984 D MYTAG   : interceptor 2a
08-06 15:32:22.715  1239  1984 I NAPPA_EXPERIMENTATION: MetricNetworkRequestExecutionTime: REQUEST_DURATION_SYSTEM='482',REQUEST_DURATION_OKHTTP='242',REQUEST_SYNCHRONOUS='TRUE',RESPONSE_CODE='200',RESPONSE_METHOD='GET',RESPONSE_LENGTH_OKHTTP='48239',RESPONSE_LENGTH_HEADER='48239',REQUEST_PROTOCOL='h2',REQUEST_URL='https://is2-ssl.mzstatic.com/image/thumb/Podcasts113/v4/a9/39/cc/a939ccc5-6d60-0c11-0a4c-16d71cdef89b/mza_8787577209688278658.jpg/170x170bb.png',
08-06 15:32:22.739  1239  1986 D MYTAG   : interceptor 2a
08-06 15:32:22.741  1239  1986 I NAPPA_EXPERIMENTATION: MetricNetworkRequestExecutionTime: REQUEST_DURATION_SYSTEM='501',REQUEST_DURATION_OKHTTP='261',REQUEST_SYNCHRONOUS='TRUE',RESPONSE_CODE='200',RESPONSE_METHOD='GET',RESPONSE_LENGTH_OKHTTP='22351',RESPONSE_LENGTH_HEADER='22351',REQUEST_PROTOCOL='h2',REQUEST_URL='https://is5-ssl.mzstatic.com/image/thumb/Podcasts114/v4/93/cf/99/93cf9960-fff3-205e-6655-72c03ddeccb2/mza_10545582232493904175.jpeg/170x170bb.png',
08-06 15:32:22.913  1239  1251 I art     : Starting a blocking GC Explicit
08-06 15:32:22.946  1239  1251 I art     : Explicit concurrent mark sweep GC freed 3931(224KB) AllocSpace objects, 1(20KB) LOS objects, 38% free, 25MB/41MB, paused 712us total 32.835ms
08-06 15:32:22.959  1239  1251 I art     : Starting a blocking GC Explicit
08-06 15:32:22.987  1239  1251 I art     : Explicit concurrent mark sweep GC freed 71(4KB) AllocSpace objects, 0(0B) LOS objects, 38% free, 25MB/41MB, paused 715us total 27.172ms
08-06 15:32:22.998  1239  1251 I art     : Starting a blocking GC Explicit
08-06 15:32:23.026  1239  1251 I art     : Explicit concurrent mark sweep GC freed 32(880B) AllocSpace objects, 0(0B) LOS objects, 38% free, 25MB/41MB, paused 663us total 27.763ms
08-06 15:32:23.037  1239  1251 I art     : Starting a blocking GC Explicit
08-06 15:32:23.065  1239  1251 I art     : Explicit concurrent mark sweep GC freed 3(96B) AllocSpace objects, 0(0B) LOS objects, 38% free, 25MB/41MB, paused 695us total 27.105ms
08-06 15:32:23.076  1239  1251 I art     : Starting a blocking GC Explicit
08-06 15:32:23.104  1239  1251 I art     : Explicit concurrent mark sweep GC freed 3(96B) AllocSpace objects, 0(0B) LOS objects, 38% free, 25MB/41MB, paused 682us total 27.673ms
08-06 15:32:23.443  1239  1252 I art     : Starting a blocking GC Explicit
08-06 15:32:23.481  1239  1252 I art     : Explicit concurrent mark sweep GC freed 1363(80KB) AllocSpace objects, 1(20KB) LOS objects, 38% free, 25MB/41MB, paused 731us total 37.860ms
08-06 15:32:23.495  1239  1252 I art     : Starting a blocking GC Explicit
08-06 15:32:23.525  1239  1252 I art     : Explicit concurrent mark sweep GC freed 23(752B) AllocSpace objects, 0(0B) LOS objects, 38% free, 25MB/41MB, paused 773us total 29.161ms
08-06 15:32:23.536  1239  1252 I art     : Starting a blocking GC Explicit
08-06 15:32:23.566  1239  1252 I art     : Explicit concurrent mark sweep GC freed 3(96B) AllocSpace objects, 0(0B) LOS objects, 38% free, 25MB/41MB, paused 727us total 29.806ms
08-06 15:32:23.577  1239  1252 I art     : Starting a blocking GC Explicit
08-06 15:32:23.608  1239  1252 I art     : Explicit concurrent mark sweep GC freed 3(96B) AllocSpace objects, 0(0B) LOS objects, 38% free, 25MB/41MB, paused 810us total 30.589ms
08-06 15:32:23.620  1239  1252 I art     : Starting a blocking GC Explicit
08-06 15:32:23.648  1239  1252 I art     : Explicit concurrent mark sweep GC freed 3(96B) AllocSpace objects, 0(0B) LOS objects, 38% free, 25MB/41MB, paused 772us total 27.839ms
08-06 15:32:24.001  1239  1251 I art     : Starting a blocking GC Explicit
08-06 15:32:24.031  1239  1251 I art     : Explicit concurrent mark sweep GC freed 1422(81KB) AllocSpace objects, 1(20KB) LOS objects, 38% free, 25MB/41MB, paused 659us total 29.094ms
08-06 15:32:24.043  1239  1251 I art     : Starting a blocking GC Explicit
08-06 15:32:24.071  1239  1251 I art     : Explicit concurrent mark sweep GC freed 23(752B) AllocSpace objects, 0(0B) LOS objects, 38% free, 25MB/41MB, paused 701us total 27.624ms
08-06 15:32:24.082  1239  1251 I art     : Starting a blocking GC Explicit
08-06 15:32:24.111  1239  1251 I art     : Explicit concurrent mark sweep GC freed 3(96B) AllocSpace objects, 0(0B) LOS objects, 38% free, 25MB/41MB, paused 699us total 28.454ms
08-06 15:32:24.122  1239  1251 I art     : Starting a blocking GC Explicit
08-06 15:32:24.151  1239  1251 I art     : Explicit concurrent mark sweep GC freed 3(96B) AllocSpace objects, 0(0B) LOS objects, 38% free, 25MB/41MB, paused 713us total 28.737ms
08-06 15:32:24.163  1239  1251 I art     : Starting a blocking GC Explicit
08-06 15:32:24.191  1239  1251 I art     : Explicit concurrent mark sweep GC freed 3(96B) AllocSpace objects, 0(0B) LOS objects, 38% free, 25MB/41MB, paused 718us total 28.481ms
08-06 15:32:24.534  1239  1265 I art     : Starting a blocking GC Explicit
08-06 15:32:24.568  1239  1265 I art     : Explicit concurrent mark sweep GC freed 1363(80KB) AllocSpace objects, 1(20KB) LOS objects, 38% free, 25MB/41MB, paused 805us total 33.514ms
08-06 15:32:24.581  1239  1265 I art     : Starting a blocking GC Explicit
08-06 15:32:24.609  1239  1265 I art     : Explicit concurrent mark sweep GC freed 23(752B) AllocSpace objects, 0(0B) LOS objects, 38% free, 25MB/41MB, paused 729us total 27.774ms
08-06 15:32:24.620  1239  1265 I art     : Starting a blocking GC Explicit
08-06 15:32:24.648  1239  1265 I art     : Explicit concurrent mark sweep GC freed 3(96B) AllocSpace objects, 0(0B) LOS objects, 38% free, 25MB/41MB, paused 746us total 27.668ms
08-06 15:32:24.659  1239  1265 I art     : Starting a blocking GC Explicit
08-06 15:32:24.690  1239  1265 I art     : Explicit concurrent mark sweep GC freed 3(96B) AllocSpace objects, 0(0B) LOS objects, 38% free, 25MB/41MB, paused 736us total 30.194ms
08-06 15:32:24.701  1239  1265 I art     : Starting a blocking GC Explicit
08-06 15:32:24.732  1239  1265 I art     : Explicit concurrent mark sweep GC freed 3(96B) AllocSpace objects, 0(0B) LOS objects, 38% free, 25MB/41MB, paused 732us total 30.467ms
08-06 15:32:25.051  1239  1252 I art     : Starting a blocking GC Explicit
08-06 15:32:25.089  1239  1252 I art     : Explicit concurrent mark sweep GC freed 1392(80KB) AllocSpace objects, 1(20KB) LOS objects, 38% free, 25MB/41MB, paused 833us total 38.352ms
08-06 15:32:25.115  1239  1252 I art     : Starting a blocking GC Explicit
08-06 15:32:25.145  1239  1252 I art     : Explicit concurrent mark sweep GC freed 23(752B) AllocSpace objects, 0(0B) LOS objects, 38% free, 25MB/41MB, paused 739us total 30.512ms
08-06 15:32:25.157  1239  1252 I art     : Starting a blocking GC Explicit
08-06 15:32:25.188  1239  1252 I art     : Explicit concurrent mark sweep GC freed 3(96B) AllocSpace objects, 0(0B) LOS objects, 38% free, 25MB/41MB, paused 816us total 30.315ms
08-06 15:32:25.199  1239  1252 I art     : Starting a blocking GC Explicit
08-06 15:32:25.230  1239  1252 I art     : Explicit concurrent mark sweep GC freed 3(96B) AllocSpace objects, 0(0B) LOS objects, 38% free, 25MB/41MB, paused 740us total 30.336ms
08-06 15:32:25.241  1239  1252 I art     : Starting a blocking GC Explicit
08-06 15:32:25.268  1239  1252 I art     : Explicit concurrent mark sweep GC freed 3(96B) AllocSpace objects, 0(0B) LOS objects, 38% free, 25MB/41MB, paused 747us total 27.098ms
08-06 15:32:25.602  1239  1581 I art     : Starting a blocking GC Explicit
08-06 15:32:25.639  1239  1581 I art     : Explicit concurrent mark sweep GC freed 1363(80KB) AllocSpace objects, 1(20KB) LOS objects, 38% free, 25MB/41MB, paused 770us total 36.008ms
08-06 15:32:25.653  1239  1581 I art     : Starting a blocking GC Explicit
08-06 15:32:25.683  1239  1581 I art     : Explicit concurrent mark sweep GC freed 23(752B) AllocSpace objects, 0(0B) LOS objects, 38% free, 25MB/41MB, paused 754us total 29.835ms
08-06 15:32:25.695  1239  1581 I art     : Starting a blocking GC Explicit
08-06 15:32:25.725  1239  1581 I art     : Explicit concurrent mark sweep GC freed 3(96B) AllocSpace objects, 0(0B) LOS objects, 38% free, 25MB/41MB, paused 751us total 29.750ms
08-06 15:32:25.725  1239  1250 I art     : WaitForGcToComplete blocked for 12.351ms for cause HeapTrim
08-06 15:32:25.736  1239  1581 I art     : Starting a blocking GC Explicit
08-06 15:32:25.764  1239  1581 I art     : Explicit concurrent mark sweep GC freed 3(96B) AllocSpace objects, 0(0B) LOS objects, 38% free, 25MB/41MB, paused 713us total 27.803ms
08-06 15:32:25.776  1239  1581 I art     : Starting a blocking GC Explicit
08-06 15:32:25.806  1239  1581 I art     : Explicit concurrent mark sweep GC freed 3(96B) AllocSpace objects, 0(0B) LOS objects, 38% free, 25MB/41MB, paused 747us total 30.026ms
08-06 15:32:26.134  1239  1251 I art     : Starting a blocking GC Explicit
08-06 15:32:26.173  1239  1251 I art     : Explicit concurrent mark sweep GC freed 1392(80KB) AllocSpace objects, 1(20KB) LOS objects, 38% free, 25MB/41MB, paused 771us total 38.206ms
08-06 15:32:26.187  1239  1251 I art     : Starting a blocking GC Explicit
08-06 15:32:26.218  1239  1251 I art     : Explicit concurrent mark sweep GC freed 23(752B) AllocSpace objects, 0(0B) LOS objects, 38% free, 25MB/41MB, paused 706us total 30.616ms
08-06 15:32:26.229  1239  1251 I art     : Starting a blocking GC Explicit
08-06 15:32:26.258  1239  1251 I art     : Explicit concurrent mark sweep GC freed 3(96B) AllocSpace objects, 0(0B) LOS objects, 38% free, 25MB/41MB, paused 734us total 28.999ms
08-06 15:32:26.270  1239  1251 I art     : Starting a blocking GC Explicit
08-06 15:32:26.300  1239  1251 I art     : Explicit concurrent mark sweep GC freed 3(96B) AllocSpace objects, 0(0B) LOS objects, 38% free, 25MB/41MB, paused 704us total 30.264ms
08-06 15:32:26.312  1239  1251 I art     : Starting a blocking GC Explicit
08-06 15:32:26.342  1239  1251 I art     : Explicit concurrent mark sweep GC freed 3(96B) AllocSpace objects, 0(0B) LOS objects, 38% free, 25MB/41MB, paused 670us total 29.777ms
08-06 15:32:26.679  1239  1265 I art     : Starting a blocking GC Explicit
08-06 15:32:26.715  1239  1265 I art     : Explicit concurrent mark sweep GC freed 1363(80KB) AllocSpace objects, 1(20KB) LOS objects, 38% free, 25MB/41MB, paused 833us total 35.564ms
08-06 15:32:26.731  1239  1265 I art     : Starting a blocking GC Explicit
08-06 15:32:26.761  1239  1265 I art     : Explicit concurrent mark sweep GC freed 23(752B) AllocSpace objects, 0(0B) LOS objects, 38% free, 25MB/41MB, paused 749us total 29.217ms
08-06 15:32:26.772  1239  1265 I art     : Starting a blocking GC Explicit
08-06 15:32:26.802  1239  1265 I art     : Explicit concurrent mark sweep GC freed 3(96B) AllocSpace objects, 0(0B) LOS objects, 38% free, 25MB/41MB, paused 733us total 29.563ms
08-06 15:32:26.814  1239  1265 I art     : Starting a blocking GC Explicit
08-06 15:32:26.844  1239  1265 I art     : Explicit concurrent mark sweep GC freed 3(96B) AllocSpace objects, 0(0B) LOS objects, 38% free, 25MB/41MB, paused 745us total 30.299ms
08-06 15:32:26.856  1239  1265 I art     : Starting a blocking GC Explicit
08-06 15:32:26.885  1239  1265 I art     : Explicit concurrent mark sweep GC freed 3(96B) AllocSpace objects, 0(0B) LOS objects, 38% free, 25MB/41MB, paused 755us total 29.026ms
08-06 15:32:27.207  1239  1252 I art     : Starting a blocking GC Explicit
08-06 15:32:27.243  1239  1252 I art     : Explicit concurrent mark sweep GC freed 1392(80KB) AllocSpace objects, 1(20KB) LOS objects, 38% free, 25MB/41MB, paused 768us total 34.972ms
08-06 15:32:27.256  1239  1252 I art     : Starting a blocking GC Explicit
08-06 15:32:27.287  1239  1252 I art     : Explicit concurrent mark sweep GC freed 23(752B) AllocSpace objects, 0(0B) LOS objects, 38% free, 25MB/41MB, paused 747us total 30.315ms
08-06 15:32:27.298  1239  1252 I art     : Starting a blocking GC Explicit
08-06 15:32:27.329  1239  1252 I art     : Explicit concurrent mark sweep GC freed 3(96B) AllocSpace objects, 0(0B) LOS objects, 38% free, 25MB/41MB, paused 752us total 30.196ms
08-06 15:32:27.340  1239  1252 I art     : Starting a blocking GC Explicit
08-06 15:32:27.370  1239  1252 I art     : Explicit concurrent mark sweep GC freed 3(96B) AllocSpace objects, 0(0B) LOS objects, 38% free, 25MB/41MB, paused 744us total 29.013ms
08-06 15:32:27.381  1239  1252 I art     : Starting a blocking GC Explicit
08-06 15:32:27.411  1239  1252 I art     : Explicit concurrent mark sweep GC freed 3(96B) AllocSpace objects, 0(0B) LOS objects, 38% free, 25MB/41MB, paused 741us total 29.597ms
08-06 15:32:27.744  1239  1581 I art     : Starting a blocking GC Explicit
08-06 15:32:27.778  1239  1581 I art     : Explicit concurrent mark sweep GC freed 1363(80KB) AllocSpace objects, 1(20KB) LOS objects, 38% free, 25MB/41MB, paused 746us total 33.018ms
08-06 15:32:27.793  1239  1581 I art     : Starting a blocking GC Explicit
08-06 15:32:27.821  1239  1581 I art     : Explicit concurrent mark sweep GC freed 23(752B) AllocSpace objects, 0(0B) LOS objects, 38% free, 25MB/41MB, paused 746us total 28.306ms
08-06 15:32:27.832  1239  1581 I art     : Starting a blocking GC Explicit
08-06 15:32:27.859  1239  1581 I art     : Explicit concurrent mark sweep GC freed 3(96B) AllocSpace objects, 0(0B) LOS objects, 38% free, 25MB/41MB, paused 724us total 26.561ms
08-06 15:32:27.870  1239  1581 I art     : Starting a blocking GC Explicit
08-06 15:32:27.898  1239  1581 I art     : Explicit concurrent mark sweep GC freed 3(96B) AllocSpace objects, 0(0B) LOS objects, 38% free, 25MB/41MB, paused 742us total 28.288ms
08-06 15:32:27.910  1239  1581 I art     : Starting a blocking GC Explicit
08-06 15:32:27.939  1239  1581 I art     : Explicit concurrent mark sweep GC freed 3(96B) AllocSpace objects, 0(0B) LOS objects, 38% free, 25MB/41MB, paused 728us total 29.102ms
08-06 15:32:28.207 29768 29768 I ServiceManager: Waiting for service AtCmdFwd...
08-06 15:32:28.272  1239  1251 I art     : Starting a blocking GC Explicit
08-06 15:32:28.303  1239  1251 I art     : Explicit concurrent mark sweep GC freed 1392(80KB) AllocSpace objects, 1(20KB) LOS objects, 38% free, 25MB/41MB, paused 754us total 30.509ms
08-06 15:32:28.317  1239  1251 I art     : Starting a blocking GC Explicit
08-06 15:32:28.328  2113  2113 D AndroidRuntime: >>>>>> START com.android.internal.os.RuntimeInit uid 2000 <<<<<<
08-06 15:32:28.334  2113  2113 D AndroidRuntime: CheckJNI is OFF
08-06 15:32:28.344  1239  1251 I art     : Explicit concurrent mark sweep GC freed 23(752B) AllocSpace objects, 0(0B) LOS objects, 38% free, 25MB/41MB, paused 710us total 27.483ms
08-06 15:32:28.355  1239  1251 I art     : Starting a blocking GC Explicit
08-06 15:32:28.380  2113  2113 D ICU     : No timezone override file found: /data/misc/zoneinfo/current/icu/icu_tzdata.dat
08-06 15:32:28.383  1239  1251 I art     : Explicit concurrent mark sweep GC freed 3(96B) AllocSpace objects, 0(0B) LOS objects, 38% free, 25MB/41MB, paused 780us total 27.292ms
08-06 15:32:28.394  1239  1251 I art     : Starting a blocking GC Explicit
08-06 15:32:28.417   518   646 I ThermalEngine: ACTION: GPU - Setting GPU[0] to 510000000
08-06 15:32:28.422  1239  1251 I art     : Explicit concurrent mark sweep GC freed 3(96B) AllocSpace objects, 0(0B) LOS objects, 38% free, 25MB/41MB, paused 723us total 27.413ms
08-06 15:32:28.426  2113  2113 I Radio-JNI: register_android_hardware_Radio DONE
08-06 15:32:28.433  1239  1251 I art     : Starting a blocking GC Explicit
08-06 15:32:28.457  2113  2113 D AndroidRuntime: Calling main entry com.android.commands.input.Input
08-06 15:32:28.459  2113  2113 I Input   : injectMotionEvent: MotionEvent { action=ACTION_DOWN, actionButton=0, id[0]=0, x[0]=616.0, y[0]=469.0, toolType[0]=TOOL_TYPE_UNKNOWN, buttonState=0, metaState=0, flags=0x0, edgeFlags=0x0, pointerCount=1, historySize=0, eventTime=891164872, downTime=891164872, deviceId=0, source=0x1002 }
08-06 15:32:28.460  1239  1251 I art     : Explicit concurrent mark sweep GC freed 3(96B) AllocSpace objects, 0(0B) LOS objects, 38% free, 25MB/41MB, paused 620us total 27.020ms
08-06 15:32:28.466  2113  2113 I Input   : injectMotionEvent: MotionEvent { action=ACTION_UP, actionButton=0, id[0]=0, x[0]=616.0, y[0]=469.0, toolType[0]=TOOL_TYPE_UNKNOWN, buttonState=0, metaState=0, flags=0x0, edgeFlags=0x0, pointerCount=1, historySize=0, eventTime=891164872, downTime=891164872, deviceId=0, source=0x1002 }
08-06 15:32:28.468  2113  2113 D AndroidRuntime: Shutting down VM
08-06 15:32:28.535   512  2967 D audio_hw_primary: out_set_parameters: enter: usecase(1: low-latency-playback) kvpairs: routing=2
08-06 15:32:28.548   512  2967 D audio_hw_primary: select_devices: out_snd_device(2: speaker) in_snd_device(0: none)
08-06 15:32:28.548   512  2967 D msm8974_platform: platform_send_audio_calibration: sending audio calibration for snd_device(2) acdb_id(15)
08-06 15:32:28.548   512  2967 I soundtrigger: audio_extn_sound_trigger_update_device_status: device 0x2 of type 0 for Event 1
08-06 15:32:28.559   512  2967 D audio_hw_primary: enable_snd_device: snd_device(2: speaker)
08-06 15:32:28.562   512  2967 D audio_hw_primary: enable_audio_route: apply and update mixer path: low-latency-playback speaker
08-06 15:32:28.722  1239  1251 I art     : Starting a blocking GC Explicit
08-06 15:32:28.745  1239  1251 I art     : Explicit concurrent mark sweep GC freed 1620(91KB) AllocSpace objects, 1(20KB) LOS objects, 38% free, 25MB/41MB, paused 540us total 22.027ms
08-06 15:32:28.754  1239  1251 I art     : Starting a blocking GC Explicit
08-06 15:32:28.766  1239  1268 I NAPPA_EXPERIMENTATION: MetricNetworkRequestExecutionTime: REQUEST_DURATION_SYSTEM='232',REQUEST_DURATION_OKHTTP='231',REQUEST_SYNCHRONOUS='TRUE',RESPONSE_CODE='200',RESPONSE_METHOD='GET',RESPONSE_LENGTH_OKHTTP='-1',RESPONSE_LENGTH_HEADER='628',REQUEST_PROTOCOL='h2',REQUEST_URL='https://itunes.apple.com/lookup?id=1524080195',
08-06 15:32:28.776  1239  1251 I art     : Explicit concurrent mark sweep GC freed 549(45KB) AllocSpace objects, 0(0B) LOS objects, 38% free, 25MB/41MB, paused 548us total 21.873ms
08-06 15:32:28.782   918  3961 I ActivityManager: START u0 {cmp=baseline.de.danoeh.antennapod.debug/baseline.de.danoeh.antennapod.activity.OnlineFeedViewActivity (has extras)} from uid 10711 on display 0
08-06 15:32:28.784  1239  1251 I art     : Starting a blocking GC Explicit
08-06 15:32:28.801 13866 13866 I GoogleInputMethodServic: GoogleInputMethodService.onFinishInput():3138 
08-06 15:32:28.802 13866 13866 I GoogleInputMethodServic: GoogleInputMethodService.onStartInput():1808 
08-06 15:32:28.806  1239  1251 I art     : Explicit concurrent mark sweep GC freed 334(13KB) AllocSpace objects, 0(0B) LOS objects, 38% free, 25MB/41MB, paused 736us total 21.202ms
08-06 15:32:28.814  1239  1251 I art     : Starting a blocking GC Explicit
08-06 15:32:28.826  1239  1239 D UserPreferences: Using default data folder
08-06 15:32:28.827  1239  1239 D OnlineFeedViewActivity: Activity was started with url https://rss.art19.com/nice-white-parents
08-06 15:32:28.829  1239  1239 D OnlineFeedViewActivity: Starting feed download
08-06 15:32:28.832  1239  1261 D DBReader: Extracting Feedlist
08-06 15:32:28.835   918  3961 D WifiService: acquireWifiLockLocked: WifiLock{Downloader type=1 binder=android.os.BinderProxy@50ecb71}
08-06 15:32:28.837  1239  1261 D AntennapodHttpClient: Creating new instance of HTTP client
08-06 15:32:28.837  1239  1251 I art     : Explicit concurrent mark sweep GC freed 1173(81KB) AllocSpace objects, 0(0B) LOS objects, 38% free, 25MB/41MB, paused 1.053ms total 22.987ms
08-06 15:32:28.845  1239  1251 I art     : Starting a blocking GC Explicit
08-06 15:32:28.865  1239  1251 I art     : Explicit concurrent mark sweep GC freed 624(33KB) AllocSpace objects, 0(0B) LOS objects, 38% free, 25MB/41MB, paused 562us total 19.286ms
08-06 15:32:28.885 13866 13866 I GoogleInputMethodServic: GoogleInputMethodService.onFinishInput():3138 
08-06 15:32:28.886 13866 13866 I GoogleInputMethodServic: GoogleInputMethodService.onStartInput():1808 
08-06 15:32:28.912   918   936 I ActivityManager: Displayed baseline.de.danoeh.antennapod.debug/baseline.de.danoeh.antennapod.activity.OnlineFeedViewActivity: +110ms
08-06 15:32:29.100   512  2967 D audio_hw_primary: disable_audio_route: reset and update mixer path: low-latency-playback speaker
08-06 15:32:29.102   512  2967 D audio_hw_primary: disable_snd_device: snd_device(2: speaker)
08-06 15:32:29.110   512  2967 I soundtrigger: audio_extn_sound_trigger_update_device_status: device 0x2 of type 0 for Event 0
08-06 15:32:29.120  1239  1261 D MYTAG   : interceptor 3a https://rss.art19.com/nice-white-parents
08-06 15:32:29.120  1239  1261 I NAPPA_EXPERIMENTATION: MetricNetworkRequestExecutionTime: REQUEST_DURATION_SYSTEM='282',REQUEST_DURATION_OKHTTP='143',REQUEST_SYNCHRONOUS='TRUE',RESPONSE_CODE='200',RESPONSE_METHOD='GET',RESPONSE_LENGTH_OKHTTP='-1',RESPONSE_LENGTH_HEADER='1803',REQUEST_PROTOCOL='h2',REQUEST_URL='https://rss.art19.com/nice-white-parents',
08-06 15:32:29.120  1239  1261 D HttpDownloader: Response code is 200
08-06 15:32:29.120  1239  1261 D UserPreferences: Using default data folder
08-06 15:32:29.122  1239  1261 D HttpDownloader: Getting size of download
08-06 15:32:29.122  1239  1261 D HttpDownloader: Size is -1
08-06 15:32:29.122  1239  1261 D UserPreferences: Using default data folder
08-06 15:32:29.122  1239  1261 D HttpDownloader: Free space is 20256313344
08-06 15:32:29.122  1239  1261 D HttpDownloader: Starting download
08-06 15:32:29.130  1239  1261 D HttpDownloader: Download was successful
08-06 15:32:29.133   918  3670 D WifiService: releaseWifiLockLocked: WifiLock{Downloader type=1 binder=android.os.BinderProxy@50ecb71}
08-06 15:32:29.133  1239  1239 D OnlineFeedViewActivity: Parsing feed
08-06 15:32:29.136  1239  1251 I art     : Starting a blocking GC Explicit
08-06 15:32:29.151  1239  2159 D TypeGetter: Recognized type RSS 2.0
08-06 15:32:29.160  1239  2159 D SyndHandler: Recognized ITunes namespace
08-06 15:32:29.161  1239  2159 D SyndHandler: Recognized Atom namespace
08-06 15:32:29.161  1239  2159 D SyndHandler: Recognized Content namespace
08-06 15:32:29.162   380   380 W SurfaceFlinger: couldn't log to binary event log: overflow.
08-06 15:32:29.169  1239  1251 I art     : Explicit concurrent mark sweep GC freed 7042(487KB) AllocSpace objects, 7(280KB) LOS objects, 37% free, 26MB/42MB, paused 1.024ms total 33.120ms
08-06 15:32:29.174  1239  2159 D OnlineFeedViewActivity: Deleted feed source file. Result: true
08-06 15:32:29.174  1239  1239 D OnlineFeedViewActivity: Removing HTML from shownotes
08-06 15:32:29.180  1239  1251 I art     : Starting a blocking GC Explicit
08-06 15:32:29.202  1239  1251 I art     : Explicit concurrent mark sweep GC freed 3318(261KB) AllocSpace objects, 0(0B) LOS objects, 37% free, 26MB/42MB, paused 745us total 21.460ms
08-06 15:32:29.208 29768 29768 I ServiceManager: Waiting for service AtCmdFwd...
08-06 15:32:29.210  1239  1251 I art     : Starting a blocking GC Explicit
08-06 15:32:29.232  1239  1239 W art     : Before Android 4.1, method int androidx.appcompat.widget.DropDownListView.lookForSelectablePosition(int, boolean) would have incorrectly overridden the package-private method in android.widget.ListView
08-06 15:32:29.234  1239  1251 I art     : Explicit concurrent mark sweep GC freed 2816(140KB) AllocSpace objects, 0(0B) LOS objects, 37% free, 26MB/42MB, paused 1.035ms total 24.610ms
08-06 15:32:29.239  1239  1239 I ListPopupWindow: Could not find method setEpicenterBounds(Rect) on PopupWindow. Oh well.
08-06 15:32:29.243  1239  1251 I art     : Starting a blocking GC Explicit
08-06 15:32:29.249  1239  2160 D ApOkHttpUrlLoader: buildLoadData() called with: model = [https://content.production.cdn.art19.com/images/89/e0/88/44/89e08844-ac28-4fc0-96fa-15a41fec2014/262c12ed699a8d9720dea0bd66449d998e4a08cf18095bed170ccaa76722045fa5dbf7a366918b2db7e3acf29ad22f6b99fd659a9409cb807bf2781d968932f8.jpeg], width = [350], height = [350]
08-06 15:32:29.254  1239  1986 D DBReader: getImageAuthentication() called with: imageUrl = [https://content.production.cdn.art19.com/images/89/e0/88/44/89e08844-ac28-4fc0-96fa-15a41fec2014/262c12ed699a8d9720dea0bd66449d998e4a08cf18095bed170ccaa76722045fa5dbf7a366918b2db7e3acf29ad22f6b99fd659a9409cb807bf2781d968932f8.jpeg]
08-06 15:32:29.255  1239  1986 D ApOkHttpUrlLoader: no credentials for 'https://content.production.cdn.art19.com/images/89/e0/88/44/89e08844-ac28-4fc0-96fa-15a41fec2014/262c12ed699a8d9720dea0bd66449d998e4a08cf18095bed170ccaa76722045fa5dbf7a366918b2db7e3acf29ad22f6b99fd659a9409cb807bf2781d968932f8.jpeg'
08-06 15:32:29.269  1239  1251 I art     : Explicit concurrent mark sweep GC freed 5157(349KB) AllocSpace objects, 3(152KB) LOS objects, 37% free, 26MB/42MB, paused 1.077ms total 26.310ms
08-06 15:32:29.278  1239  1251 I art     : Starting a blocking GC Explicit
08-06 15:32:29.300  1239  1239 D PlaybackController: Releasing PlaybackController
08-06 15:32:29.300  1239  1251 I art     : Explicit concurrent mark sweep GC freed 5139(276KB) AllocSpace objects, 0(0B) LOS objects, 37% free, 26MB/42MB, paused 804us total 22.749ms
08-06 15:32:29.524  1239  1986 D MYTAG   : interceptor 2a
08-06 15:32:29.524  1239  1986 I NAPPA_EXPERIMENTATION: MetricNetworkRequestExecutionTime: REQUEST_DURATION_SYSTEM='269',REQUEST_DURATION_OKHTTP='152',REQUEST_SYNCHRONOUS='TRUE',RESPONSE_CODE='200',RESPONSE_METHOD='GET',RESPONSE_LENGTH_OKHTTP='2466122',RESPONSE_LENGTH_HEADER='2466122',REQUEST_PROTOCOL='h2',REQUEST_URL='https://content.production.cdn.art19.com/images/89/e0/88/44/89e08844-ac28-4fc0-96fa-15a41fec2014/262c12ed699a8d9720dea0bd66449d998e4a08cf18095bed170ccaa76722045fa5dbf7a366918b2db7e3acf29ad22f6b99fd659a9409cb807bf2781d968932f8.jpeg',
08-06 15:32:29.600  1239  1265 I art     : Starting a blocking GC Explicit
08-06 15:32:29.627  1239  1265 I art     : Explicit concurrent mark sweep GC freed 5942(289KB) AllocSpace objects, 2(132KB) LOS objects, 37% free, 26MB/42MB, paused 698us total 26.420ms
08-06 15:32:29.635  1239  1265 I art     : Starting a blocking GC Explicit
08-06 15:32:29.661  1239  1265 I art     : Explicit concurrent mark sweep GC freed 131(4KB) AllocSpace objects, 0(0B) LOS objects, 37% free, 26MB/42MB, paused 808us total 25.107ms
08-06 15:32:29.670  1239  1265 I art     : Starting a blocking GC Explicit
08-06 15:32:29.693  1239  1265 I art     : Explicit concurrent mark sweep GC freed 63(2016B) AllocSpace objects, 0(0B) LOS objects, 37% free, 26MB/42MB, paused 630us total 23.174ms
08-06 15:32:29.702  1239  1265 I art     : Starting a blocking GC Explicit
08-06 15:32:29.725  1239  1265 I art     : Explicit concurrent mark sweep GC freed 60(1920B) AllocSpace objects, 0(0B) LOS objects, 37% free, 26MB/42MB, paused 623us total 23.549ms
08-06 15:32:29.734  1239  1265 I art     : Starting a blocking GC Explicit
08-06 15:32:29.758  1239  1265 I art     : Explicit concurrent mark sweep GC freed 73(2336B) AllocSpace objects, 0(0B) LOS objects, 37% free, 26MB/42MB, paused 1.154ms total 23.674ms
08-06 15:32:30.029  1239  1252 I art     : Starting a blocking GC Explicit
08-06 15:32:30.057  1239  1252 I art     : Explicit concurrent mark sweep GC freed 2765(165KB) AllocSpace objects, 1(20KB) LOS objects, 36% free, 27MB/43MB, paused 608us total 27.048ms
08-06 15:32:30.067  1239  1252 I art     : Starting a blocking GC Explicit
08-06 15:32:30.092  1239  1252 I art     : Explicit concurrent mark sweep GC freed 42(1312B) AllocSpace objects, 0(0B) LOS objects, 36% free, 27MB/43MB, paused 599us total 24.665ms
08-06 15:32:30.101  1239  1252 I art     : Starting a blocking GC Explicit
08-06 15:32:30.126  1239  1252 I art     : Explicit concurrent mark sweep GC freed 3(96B) AllocSpace objects, 0(0B) LOS objects, 36% free, 27MB/43MB, paused 615us total 24.658ms
08-06 15:32:30.134  1239  1252 I art     : Starting a blocking GC Explicit
08-06 15:32:30.159  1239  1252 I art     : Explicit concurrent mark sweep GC freed 3(96B) AllocSpace objects, 0(0B) LOS objects, 36% free, 27MB/43MB, paused 609us total 24.666ms
08-06 15:32:30.168  1239  1252 I art     : Starting a blocking GC Explicit
08-06 15:32:30.194  1239  1252 I art     : Explicit concurrent mark sweep GC freed 3(96B) AllocSpace objects, 0(0B) LOS objects, 36% free, 27MB/43MB, paused 630us total 25.796ms
08-06 15:32:30.209 29768 29768 I ServiceManager: Waiting for service AtCmdFwd...
08-06 15:32:30.424   518   646 I ThermalEngine: ACTION: GPU - Setting GPU[0] to 450000000
08-06 15:32:30.527  1239  1581 I art     : Starting a blocking GC Explicit
08-06 15:32:30.569  1239  1581 I art     : Explicit concurrent mark sweep GC freed 1369(80KB) AllocSpace objects, 1(20KB) LOS objects, 36% free, 27MB/43MB, paused 875us total 42.242ms
08-06 15:32:30.584  1239  1581 I art     : Starting a blocking GC Explicit
08-06 15:32:30.618  1239  1581 I art     : Explicit concurrent mark sweep GC freed 23(752B) AllocSpace objects, 0(0B) LOS objects, 36% free, 27MB/43MB, paused 873us total 34.141ms
08-06 15:32:30.630  1239  1581 I art     : Starting a blocking GC Explicit
08-06 15:32:30.665  1239  1581 I art     : Explicit concurrent mark sweep GC freed 3(96B) AllocSpace objects, 0(0B) LOS objects, 36% free, 27MB/43MB, paused 857us total 34.897ms
08-06 15:32:30.677  1239  1581 I art     : Starting a blocking GC Explicit
08-06 15:32:30.712  1239  1581 I art     : Explicit concurrent mark sweep GC freed 3(96B) AllocSpace objects, 0(0B) LOS objects, 36% free, 27MB/43MB, paused 934us total 34.569ms
08-06 15:32:30.724  1239  1581 I art     : Starting a blocking GC Explicit
08-06 15:32:30.758  1239  1581 I art     : Explicit concurrent mark sweep GC freed 3(96B) AllocSpace objects, 0(0B) LOS objects, 36% free, 27MB/43MB, paused 870us total 33.649ms
08-06 15:32:31.065  1239  1251 I art     : Starting a blocking GC Explicit
08-06 15:32:31.098  1239  1251 I art     : Explicit concurrent mark sweep GC freed 1425(81KB) AllocSpace objects, 1(20KB) LOS objects, 36% free, 27MB/43MB, paused 830us total 33.566ms
08-06 15:32:31.111  1239  1251 I art     : Starting a blocking GC Explicit
08-06 15:32:31.144  1239  1251 I art     : Explicit concurrent mark sweep GC freed 23(752B) AllocSpace objects, 0(0B) LOS objects, 36% free, 27MB/43MB, paused 835us total 33.342ms
08-06 15:32:31.156  1239  1251 I art     : Starting a blocking GC Explicit
08-06 15:32:31.189  1239  1251 I art     : Explicit concurrent mark sweep GC freed 3(96B) AllocSpace objects, 0(0B) LOS objects, 36% free, 27MB/43MB, paused 829us total 32.485ms
08-06 15:32:31.201  1239  1251 I art     : Starting a blocking GC Explicit
08-06 15:32:31.210 29768 29768 I ServiceManager: Waiting for service AtCmdFwd...
08-06 15:32:31.234  1239  1251 I art     : Explicit concurrent mark sweep GC freed 3(96B) AllocSpace objects, 0(0B) LOS objects, 36% free, 27MB/43MB, paused 822us total 32.807ms
08-06 15:32:31.247  1239  1251 I art     : Starting a blocking GC Explicit
08-06 15:32:31.280  1239  1251 I art     : Explicit concurrent mark sweep GC freed 3(96B) AllocSpace objects, 0(0B) LOS objects, 36% free, 27MB/43MB, paused 827us total 33.388ms
08-06 15:32:31.608  1239  1581 I art     : Starting a blocking GC Explicit
08-06 15:32:31.649  1239  1581 I art     : Explicit concurrent mark sweep GC freed 1367(82KB) AllocSpace objects, 1(20KB) LOS objects, 36% free, 27MB/43MB, paused 983us total 40.095ms
08-06 15:32:31.662  1239  1581 I art     : Starting a blocking GC Explicit
08-06 15:32:31.697  1239  1581 I art     : Explicit concurrent mark sweep GC freed 23(752B) AllocSpace objects, 0(0B) LOS objects, 36% free, 27MB/43MB, paused 970us total 34.916ms
08-06 15:32:31.709  1239  1581 I art     : Starting a blocking GC Explicit
08-06 15:32:31.745  1239  1581 I art     : Explicit concurrent mark sweep GC freed 3(96B) AllocSpace objects, 0(0B) LOS objects, 36% free, 27MB/43MB, paused 923us total 35.428ms
08-06 15:32:31.757  1239  1581 I art     : Starting a blocking GC Explicit
08-06 15:32:31.791  1239  1581 I art     : Explicit concurrent mark sweep GC freed 3(96B) AllocSpace objects, 0(0B) LOS objects, 36% free, 27MB/43MB, paused 816us total 33.764ms
08-06 15:32:31.803  1239  1581 I art     : Starting a blocking GC Explicit
08-06 15:32:31.838  1239  1581 I art     : Explicit concurrent mark sweep GC freed 3(96B) AllocSpace objects, 0(0B) LOS objects, 36% free, 27MB/43MB, paused 942us total 34.946ms
08-06 15:32:32.166  1239  1265 I art     : Starting a blocking GC Explicit
08-06 15:32:32.207  1239  1265 I art     : Explicit concurrent mark sweep GC freed 1395(80KB) AllocSpace objects, 1(20KB) LOS objects, 36% free, 27MB/43MB, paused 898us total 41.013ms
08-06 15:32:32.211 29768 29768 I ServiceManager: Waiting for service AtCmdFwd...
08-06 15:32:32.223  1239  1265 I art     : Starting a blocking GC Explicit
08-06 15:32:32.257  1239  1265 I art     : Explicit concurrent mark sweep GC freed 23(752B) AllocSpace objects, 0(0B) LOS objects, 36% free, 27MB/43MB, paused 865us total 33.916ms
08-06 15:32:32.269  1239  1265 I art     : Starting a blocking GC Explicit
08-06 15:32:32.304  1239  1265 I art     : Explicit concurrent mark sweep GC freed 3(96B) AllocSpace objects, 0(0B) LOS objects, 36% free, 27MB/43MB, paused 854us total 35.271ms
08-06 15:32:32.316  1239  1265 I art     : Starting a blocking GC Explicit
08-06 15:32:32.351  1239  1265 I art     : Explicit concurrent mark sweep GC freed 3(96B) AllocSpace objects, 0(0B) LOS objects, 36% free, 27MB/43MB, paused 841us total 34.774ms
08-06 15:32:32.363  1239  1265 I art     : Starting a blocking GC Explicit
08-06 15:32:32.395  1239  1265 I art     : Explicit concurrent mark sweep GC freed 3(96B) AllocSpace objects, 0(0B) LOS objects, 36% free, 27MB/43MB, paused 795us total 31.729ms
08-06 15:32:32.740  1239  1252 I art     : Starting a blocking GC Explicit
08-06 15:32:32.773  1239  1252 I art     : Explicit concurrent mark sweep GC freed 1366(80KB) AllocSpace objects, 1(20KB) LOS objects, 36% free, 27MB/43MB, paused 841us total 32.049ms
08-06 15:32:32.784  1239  1252 I art     : Starting a blocking GC Explicit
08-06 15:32:32.817  1239  1252 I art     : Explicit concurrent mark sweep GC freed 23(752B) AllocSpace objects, 0(0B) LOS objects, 36% free, 27MB/43MB, paused 955us total 32.745ms
08-06 15:32:32.829  1239  1252 I art     : Starting a blocking GC Explicit
08-06 15:32:32.862  1239  1252 I art     : Explicit concurrent mark sweep GC freed 3(96B) AllocSpace objects, 0(0B) LOS objects, 36% free, 27MB/43MB, paused 855us total 32.886ms
08-06 15:32:32.874  1239  1252 I art     : Starting a blocking GC Explicit
08-06 15:32:32.907  1239  1252 I art     : Explicit concurrent mark sweep GC freed 3(96B) AllocSpace objects, 0(0B) LOS objects, 36% free, 27MB/43MB, paused 936us total 33.288ms
08-06 15:32:32.919  1239  1252 I art     : Starting a blocking GC Explicit
08-06 15:32:32.952  1239  1252 I art     : Explicit concurrent mark sweep GC freed 3(96B) AllocSpace objects, 0(0B) LOS objects, 36% free, 27MB/43MB, paused 861us total 32.863ms
08-06 15:32:33.212 29768 29768 W Atfwd_Sendcmd: AtCmdFwd service not published, waiting... retryCnt : 4
08-06 15:32:33.244  2233  2233 D AndroidRuntime: >>>>>> START com.android.internal.os.RuntimeInit uid 2000 <<<<<<
08-06 15:32:33.250  2233  2233 D AndroidRuntime: CheckJNI is OFF
08-06 15:32:33.283  1239  1251 I art     : Starting a blocking GC Explicit
08-06 15:32:33.294  2233  2233 D ICU     : No timezone override file found: /data/misc/zoneinfo/current/icu/icu_tzdata.dat
08-06 15:32:33.317  1239  1251 I art     : Explicit concurrent mark sweep GC freed 1395(80KB) AllocSpace objects, 1(20KB) LOS objects, 36% free, 27MB/43MB, paused 925us total 33.533ms
08-06 15:32:33.329  1239  1251 I art     : Starting a blocking GC Explicit
08-06 15:32:33.342  2233  2233 I Radio-JNI: register_android_hardware_Radio DONE
08-06 15:32:33.359  1239  1251 I art     : Explicit concurrent mark sweep GC freed 23(752B) AllocSpace objects, 0(0B) LOS objects, 36% free, 27MB/43MB, paused 799us total 29.234ms
08-06 15:32:33.370  1239  1251 I art     : Starting a blocking GC Explicit
08-06 15:32:33.371  2233  2233 D AndroidRuntime: Calling main entry com.android.commands.input.Input
08-06 15:32:33.373  2233  2233 I Input   : injectMotionEvent: MotionEvent { action=ACTION_DOWN, actionButton=0, id[0]=0, x[0]=625.0, y[0]=832.0, toolType[0]=TOOL_TYPE_UNKNOWN, buttonState=0, metaState=0, flags=0x0, edgeFlags=0x0, pointerCount=1, historySize=0, eventTime=891169785, downTime=891169785, deviceId=0, source=0x1002 }
08-06 15:32:33.381  2233  2233 I Input   : injectMotionEvent: MotionEvent { action=ACTION_UP, actionButton=0, id[0]=0, x[0]=625.0, y[0]=832.0, toolType[0]=TOOL_TYPE_UNKNOWN, buttonState=0, metaState=0, flags=0x0, edgeFlags=0x0, pointerCount=1, historySize=0, eventTime=891169785, downTime=891169785, deviceId=0, source=0x1002 }
08-06 15:32:33.383  2233  2233 D AndroidRuntime: Shutting down VM
08-06 15:32:33.387  1239  1239 D UserPreferences: Using default data folder
08-06 15:32:33.387  1239  1239 D DownloadRequester: partiallyDownloadedFileExists: false
08-06 15:32:33.388  1239  1239 D DownloadRequester: /storage/emulated/0/Android/data/baseline.de.danoeh.antennapod.debug/files/cache/feed-Nice White Parents is available as a download destination
08-06 15:32:33.389   512  2967 D audio_hw_primary: out_set_parameters: enter: usecase(1: low-latency-playback) kvpairs: routing=2
08-06 15:32:33.393  1239  1239 D DownloadRequester: Requesting download of url https://rss.art19.com/nice-white-parents
08-06 15:32:33.402   512  2967 D audio_hw_primary: select_devices: out_snd_device(2: speaker) in_snd_device(0: none)
08-06 15:32:33.402   512  2967 D msm8974_platform: platform_send_audio_calibration: sending audio calibration for snd_device(2) acdb_id(15)
08-06 15:32:33.402   512  2967 I soundtrigger: audio_extn_sound_trigger_update_device_status: device 0x2 of type 0 for Event 1
08-06 15:32:33.402  1239  1251 I art     : Explicit concurrent mark sweep GC freed 424(23KB) AllocSpace objects, 0(0B) LOS objects, 36% free, 27MB/43MB, paused 1.118ms total 32.392ms
08-06 15:32:33.403  1239  1239 D DownloadService: Service started
08-06 15:32:33.405  1239  1239 D DownloadService: parallel downloads: 4
08-06 15:32:33.409  1239  2256 D downloadCompletionThd: downloadCompletionThread was started
08-06 15:32:33.411  1239  1239 D DownloadService: Notification set up
08-06 15:32:33.413   512  2967 D audio_hw_primary: enable_snd_device: snd_device(2: speaker)
08-06 15:32:33.415   512  2967 D audio_hw_primary: enable_audio_route: apply and update mixer path: low-latency-playback speaker
08-06 15:32:33.416  1239  1251 I art     : Starting a blocking GC Explicit
08-06 15:32:33.424  1239  1239 D DownloadService: Received enqueue request
08-06 15:32:33.428  1239  1239 D OnlineFeedViewActivity: onEventMainThread() called with: event = [DownloadEvent{update=DownloaderUpdate{downloaders=[baseline.de.danoeh.antennapod.core.service.download.HttpDownloader@c66911b], feedIds=[0], mediaIds=[]}}]
08-06 15:32:33.429  1239  1239 D DownloadService: 1 downloads left
08-06 15:32:33.429  1239  1239 D DownloadService: Setting up notification updater
08-06 15:32:33.430   918  6110 D WifiService: acquireWifiLockLocked: WifiLock{Downloader type=1 binder=android.os.BinderProxy@6afa806}
08-06 15:32:33.431  1239  2258 D AntennapodHttpClient: Creating new instance of HTTP client
08-06 15:32:33.447  1239  1251 I art     : Explicit concurrent mark sweep GC freed 719(43KB) AllocSpace objects, 0(0B) LOS objects, 36% free, 27MB/43MB, paused 1.290ms total 31.243ms
08-06 15:32:33.458  1239  1251 I art     : Starting a blocking GC Explicit
08-06 15:32:33.488  1239  1251 I art     : Explicit concurrent mark sweep GC freed 66(5KB) AllocSpace objects, 0(0B) LOS objects, 36% free, 27MB/43MB, paused 1.006ms total 29.249ms
08-06 15:32:33.771  1239  1581 I art     : Starting a blocking GC Explicit
08-06 15:32:33.807  1239  1581 I art     : Explicit concurrent mark sweep GC freed 6205(310KB) AllocSpace objects, 4(220KB) LOS objects, 36% free, 27MB/43MB, paused 1.143ms total 35.213ms
08-06 15:32:33.818  1239  2258 D MYTAG   : interceptor 3a https://rss.art19.com/nice-white-parents
08-06 15:32:33.818  1239  2258 I NAPPA_EXPERIMENTATION: MetricNetworkRequestExecutionTime: REQUEST_DURATION_SYSTEM='386',REQUEST_DURATION_OKHTTP='149',REQUEST_SYNCHRONOUS='TRUE',RESPONSE_CODE='200',RESPONSE_METHOD='GET',RESPONSE_LENGTH_OKHTTP='-1',RESPONSE_LENGTH_HEADER='1803',REQUEST_PROTOCOL='h2',REQUEST_URL='https://rss.art19.com/nice-white-parents',
08-06 15:32:33.818  1239  2258 D HttpDownloader: Response code is 200
08-06 15:32:33.818  1239  2258 D UserPreferences: Using default data folder
08-06 15:32:33.819  1239  1581 I art     : Starting a blocking GC Explicit
08-06 15:32:33.822  1239  2258 D HttpDownloader: Getting size of download
08-06 15:32:33.822  1239  2258 D HttpDownloader: Size is -1
08-06 15:32:33.822  1239  2258 D UserPreferences: Using default data folder
08-06 15:32:33.822  1239  2258 D HttpDownloader: Free space is 20253782016
08-06 15:32:33.822  1239  2258 D HttpDownloader: Starting download
08-06 15:32:33.828  1239  2258 D HttpDownloader: Download was successful
08-06 15:32:33.828   918  5481 D WifiService: releaseWifiLockLocked: WifiLock{Downloader type=1 binder=android.os.BinderProxy@6afa806}
08-06 15:32:33.829  1239  2256 D downloadCompletionThd: Received 'Download Complete' - message.
08-06 15:32:33.829  1239  2256 D DownloadService: Handling completed Feed Download
08-06 15:32:33.829  1239  1239 D DownloadService: Removing downloader: https://rss.art19.com/nice-white-parents
08-06 15:32:33.830  1239  1239 D DownloadService: Result of downloads.remove: true
08-06 15:32:33.830  1239  1239 D OnlineFeedViewActivity: onEventMainThread() called with: event = [DownloadEvent{update=DownloaderUpdate{downloaders=[], feedIds=[], mediaIds=[]}}]
08-06 15:32:33.834  1239  2276 D TypeGetter: Recognized type RSS 2.0
08-06 15:32:33.838  1239  2276 D SyndHandler: Recognized ITunes namespace
08-06 15:32:33.838  1239  2276 D SyndHandler: Recognized Atom namespace
08-06 15:32:33.838  1239  2276 D SyndHandler: Recognized Content namespace
08-06 15:32:33.843  1239  2276 D FeedSyncThread: Nice White Parents parsed
08-06 15:32:33.844  1239  2276 D FeedSyncThread: Deletion of file '/storage/emulated/0/Android/data/baseline.de.danoeh.antennapod.debug/files/cache/feed-Nice White Parents' successful
08-06 15:32:33.844  1239  2276 D DBReader: getFeedDownloadLog() called with: feed = [baseline.de.danoeh.antennapod.core.feed.Feed@0]
08-06 15:32:33.846  1239  2257 D FeedSyncThread: Bundling 1 feeds
08-06 15:32:33.849  1239  2277 D DBReader: Extracting Feedlist
08-06 15:32:33.850  1239  1581 I art     : Explicit concurrent mark sweep GC freed 1804(319KB) AllocSpace objects, 3(60KB) LOS objects, 36% free, 27MB/43MB, paused 1.419ms total 30.903ms
08-06 15:32:33.850  1239  2277 D DBTasks : Found no existing Feed with title Nice White Parents. Adding as new one.
08-06 15:32:33.853  1239  2278 D PodDBAdapter: Setting feed with flattr status Nice White Parents: 0
08-06 15:32:33.853  1239  2278 D baseline.de.danoeh.antennapod.core.storage.PodDBAdapter@c6ea0d0: Inserting new Feed into db
08-06 15:32:33.862  1239  1581 I art     : Starting a blocking GC Explicit
08-06 15:32:33.867  1239  1239 D EventDistributor: Processing event queue. Number of events: 1
08-06 15:32:33.867  1239  1239 D EventDistributor: Notifying observers. Data: 1
08-06 15:32:33.868  1239  1239 D DownloadService: 0 downloads left
08-06 15:32:33.868  1239  1790 D DBReader: Extracting Feedlist
08-06 15:32:33.868  1239  1239 D DownloadService: Number of downloads is 0, attempting shutdown
08-06 15:32:33.869  1239  1239 D DownloadService: Service shutting down
08-06 15:32:33.869  1239  1239 D DownloadService: No report is created
08-06 15:32:33.869  1239  1239 D OnlineFeedViewActivity: onEventMainThread() called with: event = [DownloadEvent{update=DownloaderUpdate{downloaders=[], feedIds=[], mediaIds=[]}}]
08-06 15:32:33.871  1239  1239 D DownloadService: NotificationUpdater cancelled. Result: false
08-06 15:32:33.871  1239  2256 E downloadCompletionThd: DownloadCompletionThread was interrupted
08-06 15:32:33.871  1239  1239 D DBTasks : autodownloadUndownloadedItems
08-06 15:32:33.874  1239  2279 D NetworkUtils: Device is connected to Wi-Fi
08-06 15:32:33.875  1239  2279 D NetworkUtils: Auto-dl filter is disabled
08-06 15:32:33.894  1239  1581 I art     : Explicit concurrent mark sweep GC freed 725(77KB) AllocSpace objects, 1(20KB) LOS objects, 36% free, 27MB/43MB, paused 1.025ms total 31.669ms
08-06 15:32:33.905  1239  1581 I art     : Starting a blocking GC Explicit
08-06 15:32:33.935  1239  1581 I art     : Explicit concurrent mark sweep GC freed 222(11KB) AllocSpace objects, 0(0B) LOS objects, 36% free, 27MB/43MB, paused 1.159ms total 30.366ms
08-06 15:32:33.946  1239  1581 I art     : Starting a blocking GC Explicit
08-06 15:32:33.958   512  2967 D audio_hw_primary: disable_audio_route: reset and update mixer path: low-latency-playback speaker
08-06 15:32:33.959   512  2967 D audio_hw_primary: disable_snd_device: snd_device(2: speaker)
08-06 15:32:33.968   512  2967 I soundtrigger: audio_extn_sound_trigger_update_device_status: device 0x2 of type 0 for Event 0
08-06 15:32:33.977  1239  1581 I art     : Explicit concurrent mark sweep GC freed 9(320B) AllocSpace objects, 0(0B) LOS objects, 36% free, 27MB/43MB, paused 1.025ms total 30.565ms
08-06 15:32:34.286  1239  1251 I art     : Starting a blocking GC Explicit
08-06 15:32:34.322  1239  1251 I art     : Explicit concurrent mark sweep GC freed 1408(81KB) AllocSpace objects, 1(20KB) LOS objects, 36% free, 27MB/43MB, paused 1.020ms total 35.139ms
08-06 15:32:34.337  1239  1251 I art     : Starting a blocking GC Explicit
08-06 15:32:34.370  1239  1251 I art     : Explicit concurrent mark sweep GC freed 25(816B) AllocSpace objects, 0(0B) LOS objects, 36% free, 27MB/43MB, paused 1.080ms total 32.646ms
08-06 15:32:34.381  1239  1251 I art     : Starting a blocking GC Explicit
08-06 15:32:34.414  1239  1251 I art     : Explicit concurrent mark sweep GC freed 3(96B) AllocSpace objects, 0(0B) LOS objects, 36% free, 27MB/43MB, paused 985us total 32.645ms
08-06 15:32:34.426  1239  1251 I art     : Starting a blocking GC Explicit
08-06 15:32:34.459  1239  1251 I art     : Explicit concurrent mark sweep GC freed 3(96B) AllocSpace objects, 0(0B) LOS objects, 36% free, 27MB/43MB, paused 1.024ms total 33.402ms
08-06 15:32:34.471  1239  1251 I art     : Starting a blocking GC Explicit
08-06 15:32:34.504  1239  1251 I art     : Explicit concurrent mark sweep GC freed 3(96B) AllocSpace objects, 0(0B) LOS objects, 36% free, 27MB/43MB, paused 981us total 32.863ms
08-06 15:32:34.827  1239  1265 I art     : Starting a blocking GC Explicit
08-06 15:32:34.870  1239  1265 I art     : Explicit concurrent mark sweep GC freed 1367(82KB) AllocSpace objects, 1(20KB) LOS objects, 36% free, 27MB/43MB, paused 1.051ms total 42.649ms
08-06 15:32:34.885  1239  1265 I art     : Starting a blocking GC Explicit
08-06 15:32:34.920  1239  1265 I art     : Explicit concurrent mark sweep GC freed 23(752B) AllocSpace objects, 0(0B) LOS objects, 36% free, 27MB/43MB, paused 1.044ms total 34.127ms
08-06 15:32:34.931  1239  1265 I art     : Starting a blocking GC Explicit
08-06 15:32:34.966  1239  1265 I art     : Explicit concurrent mark sweep GC freed 3(96B) AllocSpace objects, 0(0B) LOS objects, 36% free, 27MB/43MB, paused 1.015ms total 33.846ms
08-06 15:32:34.977  1239  1265 I art     : Starting a blocking GC Explicit
08-06 15:32:35.012  1239  1265 I art     : Explicit concurrent mark sweep GC freed 32(880B) AllocSpace objects, 0(0B) LOS objects, 36% free, 27MB/43MB, paused 992us total 34.033ms
08-06 15:32:35.024  1239  1265 I art     : Starting a blocking GC Explicit
08-06 15:32:35.057  1239  1265 I art     : Explicit concurrent mark sweep GC freed 3(96B) AllocSpace objects, 0(0B) LOS objects, 36% free, 27MB/43MB, paused 1.110ms total 33.265ms
08-06 15:32:35.397  1239  1252 I art     : Starting a blocking GC Explicit
08-06 15:32:35.443  1239  1252 I art     : Explicit concurrent mark sweep GC freed 1373(82KB) AllocSpace objects, 1(20KB) LOS objects, 36% free, 27MB/43MB, paused 1.077ms total 45.124ms
08-06 15:32:35.458  1239  1252 I art     : Starting a blocking GC Explicit
08-06 15:32:35.496  1239  1252 I art     : Explicit concurrent mark sweep GC freed 23(752B) AllocSpace objects, 0(0B) LOS objects, 36% free, 27MB/43MB, paused 1.053ms total 38.233ms
08-06 15:32:35.508  1239  1252 I art     : Starting a blocking GC Explicit
08-06 15:32:35.545  1239  1252 I art     : Explicit concurrent mark sweep GC freed 3(96B) AllocSpace objects, 0(0B) LOS objects, 36% free, 27MB/43MB, paused 1.021ms total 36.081ms
08-06 15:32:35.557  1239  1252 I art     : Starting a blocking GC Explicit
08-06 15:32:35.595  1239  1252 I art     : Explicit concurrent mark sweep GC freed 3(96B) AllocSpace objects, 0(0B) LOS objects, 36% free, 27MB/43MB, paused 1.028ms total 37.228ms
08-06 15:32:35.607  1239  1252 I art     : Starting a blocking GC Explicit
08-06 15:32:35.643  1239  1252 I art     : Explicit concurrent mark sweep GC freed 3(96B) AllocSpace objects, 0(0B) LOS objects, 36% free, 27MB/43MB, paused 1.027ms total 35.729ms
08-06 15:32:35.987  1239  1581 I art     : Starting a blocking GC Explicit
08-06 15:32:36.035  1239  1581 I art     : Explicit concurrent mark sweep GC freed 1401(83KB) AllocSpace objects, 1(20KB) LOS objects, 36% free, 27MB/43MB, paused 1.036ms total 46.880ms
08-06 15:32:36.054  1239  1581 I art     : Starting a blocking GC Explicit
08-06 15:32:36.093  1239  1581 I art     : Explicit concurrent mark sweep GC freed 23(752B) AllocSpace objects, 0(0B) LOS objects, 36% free, 27MB/43MB, paused 1.032ms total 38.927ms
08-06 15:32:36.105  1239  1581 I art     : Starting a blocking GC Explicit
08-06 15:32:36.142  1239  1581 I art     : Explicit concurrent mark sweep GC freed 3(96B) AllocSpace objects, 0(0B) LOS objects, 36% free, 27MB/43MB, paused 1.112ms total 36.149ms
08-06 15:32:36.142  1239  1250 I art     : WaitForGcToComplete blocked for 36.480ms for cause HeapTrim
08-06 15:32:36.154  1239  1581 I art     : Starting a blocking GC Explicit
08-06 15:32:36.190  1239  1581 I art     : Explicit concurrent mark sweep GC freed 3(96B) AllocSpace objects, 0(0B) LOS objects, 36% free, 27MB/43MB, paused 1.023ms total 36.215ms
08-06 15:32:36.202  1239  1581 I art     : Starting a blocking GC Explicit
08-06 15:32:36.239  1239  1581 I art     : Explicit concurrent mark sweep GC freed 3(96B) AllocSpace objects, 0(0B) LOS objects, 36% free, 27MB/43MB, paused 967us total 36.267ms
08-06 15:32:36.546  1239  1265 I art     : Starting a blocking GC Explicit
08-06 15:32:36.581  1239  1265 I art     : Explicit concurrent mark sweep GC freed 1370(80KB) AllocSpace objects, 1(20KB) LOS objects, 36% free, 27MB/43MB, paused 981us total 34.019ms
08-06 15:32:36.593  1239  1265 I art     : Starting a blocking GC Explicit
08-06 15:32:36.628  1239  1265 I art     : Explicit concurrent mark sweep GC freed 33(1136B) AllocSpace objects, 0(0B) LOS objects, 36% free, 27MB/43MB, paused 1.200ms total 35.054ms
08-06 15:32:36.640  1239  1265 I art     : Starting a blocking GC Explicit
08-06 15:32:36.677  1239  1265 I art     : Explicit concurrent mark sweep GC freed 3(96B) AllocSpace objects, 0(0B) LOS objects, 36% free, 27MB/43MB, paused 1.029ms total 35.702ms
08-06 15:32:36.689  1239  1265 I art     : Starting a blocking GC Explicit
08-06 15:32:36.726  1239  1265 I art     : Explicit concurrent mark sweep GC freed 3(96B) AllocSpace objects, 0(0B) LOS objects, 36% free, 27MB/43MB, paused 985us total 36.475ms
08-06 15:32:36.738  1239  1265 I art     : Starting a blocking GC Explicit
08-06 15:32:36.774  1239  1265 I art     : Explicit concurrent mark sweep GC freed 3(96B) AllocSpace objects, 0(0B) LOS objects, 36% free, 27MB/43MB, paused 1.077ms total 35.795ms
08-06 15:32:37.112  1239  1252 I art     : Starting a blocking GC Explicit
08-06 15:32:37.158  1239  1252 I art     : Explicit concurrent mark sweep GC freed 1395(80KB) AllocSpace objects, 1(20KB) LOS objects, 36% free, 27MB/43MB, paused 1.127ms total 45.009ms
08-06 15:32:37.173  1239  1252 I art     : Starting a blocking GC Explicit
08-06 15:32:37.210  1239  1252 I art     : Explicit concurrent mark sweep GC freed 23(752B) AllocSpace objects, 0(0B) LOS objects, 36% free, 27MB/43MB, paused 1.015ms total 36.679ms
08-06 15:32:37.222  1239  1252 I art     : Starting a blocking GC Explicit
08-06 15:32:37.258  1239  1252 I art     : Explicit concurrent mark sweep GC freed 3(96B) AllocSpace objects, 0(0B) LOS objects, 36% free, 27MB/43MB, paused 1.067ms total 35.990ms
08-06 15:32:37.270  1239  1252 I art     : Starting a blocking GC Explicit
08-06 15:32:37.308  1239  1252 I art     : Explicit concurrent mark sweep GC freed 3(96B) AllocSpace objects, 0(0B) LOS objects, 36% free, 27MB/43MB, paused 1.110ms total 36.998ms
08-06 15:32:37.320  1239  1252 I art     : Starting a blocking GC Explicit
08-06 15:32:37.355  1239  1252 I art     : Explicit concurrent mark sweep GC freed 3(96B) AllocSpace objects, 0(0B) LOS objects, 36% free, 27MB/43MB, paused 1.022ms total 35.223ms
08-06 15:32:37.435   518   646 I ThermalEngine: ACTION: GPU - Setting GPU[0] to 510000000
08-06 15:32:37.685  1239  1581 I art     : Starting a blocking GC Explicit
08-06 15:32:37.712  1239  1581 I art     : Explicit concurrent mark sweep GC freed 1367(82KB) AllocSpace objects, 1(20KB) LOS objects, 36% free, 27MB/43MB, paused 756us total 27.107ms
08-06 15:32:37.722  1239  1581 I art     : Starting a blocking GC Explicit
08-06 15:32:37.748  1239  1581 I art     : Explicit concurrent mark sweep GC freed 23(752B) AllocSpace objects, 0(0B) LOS objects, 36% free, 27MB/43MB, paused 831us total 26.444ms
08-06 15:32:37.758  1239  1581 I art     : Starting a blocking GC Explicit
08-06 15:32:37.784  1239  1581 I art     : Explicit concurrent mark sweep GC freed 3(96B) AllocSpace objects, 0(0B) LOS objects, 36% free, 27MB/43MB, paused 738us total 25.827ms
08-06 15:32:37.793  1239  1581 I art     : Starting a blocking GC Explicit
08-06 15:32:37.819  1239  1581 I art     : Explicit concurrent mark sweep GC freed 3(96B) AllocSpace objects, 0(0B) LOS objects, 36% free, 27MB/43MB, paused 778us total 25.454ms
08-06 15:32:37.828  1239  1581 I art     : Starting a blocking GC Explicit
08-06 15:32:37.853  1239  1581 I art     : Explicit concurrent mark sweep GC freed 3(96B) AllocSpace objects, 0(0B) LOS objects, 36% free, 27MB/43MB, paused 751us total 25.712ms
08-06 15:32:38.045  2353  2353 D AndroidRuntime: >>>>>> START com.android.internal.os.RuntimeInit uid 2000 <<<<<<
08-06 15:32:38.055  2353  2353 D AndroidRuntime: CheckJNI is OFF
08-06 15:32:38.086  2353  2353 D ICU     : No timezone override file found: /data/misc/zoneinfo/current/icu/icu_tzdata.dat
08-06 15:32:38.118  2353  2353 I Radio-JNI: register_android_hardware_Radio DONE
08-06 15:32:38.141  2353  2353 D AndroidRuntime: Calling main entry com.android.commands.input.Input
08-06 15:32:38.143  2353  2353 I Input   : injectKeyEvent: KeyEvent { action=ACTION_DOWN, keyCode=KEYCODE_BACK, scanCode=0, metaState=0, flags=0x0, repeatCount=0, eventTime=891174556, downTime=891174556, deviceId=-1, source=0x101 }
08-06 15:32:38.148  2353  2353 I Input   : injectKeyEvent: KeyEvent { action=ACTION_UP, keyCode=KEYCODE_BACK, scanCode=0, metaState=0, flags=0x0, repeatCount=0, eventTime=891174556, downTime=891174556, deviceId=-1, source=0x101 }
08-06 15:32:38.155  2353  2353 D AndroidRuntime: Shutting down VM
08-06 15:32:38.160  1239  1581 I art     : Starting a blocking GC Explicit
08-06 15:32:38.160  1239  1239 V PlaybackController: initServiceNotRunning()
08-06 15:32:38.161  1239  1239 D ExternalPlayerFragment: Loading media info
08-06 15:32:38.166  1239  1239 D UserPreferences: Using default data folder
08-06 15:32:38.167  1239  1790 D DBReader: getNavDrawerData() called with: 
08-06 15:32:38.170  1239  1790 D DBReader: getDownloadedItems() called
08-06 15:32:38.171  1239  1790 D DBReader: getFavoriteIDList() called
08-06 15:32:38.171  1239  1790 D DBReader: getQueueIDList() called
08-06 15:32:38.172  1239  1790 D DBReader: Extracting Feedlist
08-06 15:32:38.185  1239  1581 I art     : Explicit concurrent mark sweep GC freed 1944(126KB) AllocSpace objects, 1(20KB) LOS objects, 36% free, 27MB/43MB, paused 700us total 24.566ms
08-06 15:32:38.193  1239  1581 I art     : Starting a blocking GC Explicit
08-06 15:32:38.195  1239  1239 D MainActivity: getLastNavFragment() -> AddFeedFragment
08-06 15:32:38.196 13866 13866 I GoogleInputMethodServic: GoogleInputMethodService.onFinishInput():3138 
08-06 15:32:38.196 13866 13866 I GoogleInputMethodServic: GoogleInputMethodService.onStartInput():1808 
08-06 15:32:38.209  1239  2160 D ApOkHttpUrlLoader: buildLoadData() called with: model = [https://content.production.cdn.art19.com/images/89/e0/88/44/89e08844-ac28-4fc0-96fa-15a41fec2014/262c12ed699a8d9720dea0bd66449d998e4a08cf18095bed170ccaa76722045fa5dbf7a366918b2db7e3acf29ad22f6b99fd659a9409cb807bf2781d968932f8.jpeg], width = [140], height = [140]
08-06 15:32:38.218  1239  1581 I art     : Explicit concurrent mark sweep GC freed 709(47KB) AllocSpace objects, 0(0B) LOS objects, 36% free, 27MB/43MB, paused 1.088ms total 25.249ms
08-06 15:32:38.227  1239  1581 I art     : Starting a blocking GC Explicit
08-06 15:32:38.251  1239  1581 I art     : Explicit concurrent mark sweep GC freed 173(15KB) AllocSpace objects, 0(0B) LOS objects, 36% free, 27MB/43MB, paused 807us total 24.035ms
08-06 15:32:38.260  1239  1581 I art     : Starting a blocking GC Explicit
08-06 15:32:38.283  1239  1581 I art     : Explicit concurrent mark sweep GC freed 140(9KB) AllocSpace objects, 0(0B) LOS objects, 36% free, 27MB/43MB, paused 827us total 23.500ms
08-06 15:32:38.292  1239  1581 I art     : Starting a blocking GC Explicit
08-06 15:32:38.315  1239  1581 I art     : Explicit concurrent mark sweep GC freed 3(96B) AllocSpace objects, 0(0B) LOS objects, 36% free, 27MB/43MB, paused 745us total 23.476ms
08-06 15:32:38.504   380   380 W SurfaceFlinger: couldn't log to binary event log: overflow.
08-06 15:32:38.573  1239  1251 I art     : Starting a blocking GC Explicit
08-06 15:32:38.601  1239  1251 I art     : Explicit concurrent mark sweep GC freed 2218(126KB) AllocSpace objects, 1(20KB) LOS objects, 36% free, 27MB/43MB, paused 762us total 27.522ms
08-06 15:32:38.610  1239  1251 I art     : Starting a blocking GC Explicit
08-06 15:32:38.637  1239  1251 I art     : Explicit concurrent mark sweep GC freed 2499(153KB) AllocSpace objects, 2(248KB) LOS objects, 36% free, 27MB/43MB, paused 764us total 26.487ms
08-06 15:32:38.646  1239  1251 I art     : Starting a blocking GC Explicit
08-06 15:32:38.672  1239  1251 I art     : Explicit concurrent mark sweep GC freed 3(96B) AllocSpace objects, 0(0B) LOS objects, 36% free, 27MB/43MB, paused 768us total 26.421ms
08-06 15:32:38.682  1239  1251 I art     : Starting a blocking GC Explicit
08-06 15:32:38.709  1239  1251 I art     : Explicit concurrent mark sweep GC freed 3(96B) AllocSpace objects, 0(0B) LOS objects, 36% free, 27MB/43MB, paused 779us total 26.873ms
08-06 15:32:38.718  1239  1251 I art     : Starting a blocking GC Explicit
08-06 15:32:38.744  1239  1251 I art     : Explicit concurrent mark sweep GC freed 3(96B) AllocSpace objects, 0(0B) LOS objects, 36% free, 27MB/43MB, paused 749us total 26.182ms
08-06 15:32:39.040  1239  1265 I art     : Starting a blocking GC Explicit
08-06 15:32:39.070  1239  1265 I art     : Explicit concurrent mark sweep GC freed 1401(83KB) AllocSpace objects, 1(20KB) LOS objects, 36% free, 27MB/43MB, paused 840us total 30.276ms
08-06 15:32:39.080  1239  1265 I art     : Starting a blocking GC Explicit
08-06 15:32:39.106  1239  1265 I art     : Explicit concurrent mark sweep GC freed 23(752B) AllocSpace objects, 0(0B) LOS objects, 36% free, 27MB/43MB, paused 753us total 25.658ms
08-06 15:32:39.114  1239  1265 I art     : Starting a blocking GC Explicit
08-06 15:32:39.141  1239  1265 I art     : Explicit concurrent mark sweep GC freed 3(96B) AllocSpace objects, 0(0B) LOS objects, 36% free, 27MB/43MB, paused 747us total 25.921ms
08-06 15:32:39.150  1239  1265 I art     : Starting a blocking GC Explicit
08-06 15:32:39.176  1239  1265 I art     : Explicit concurrent mark sweep GC freed 3(96B) AllocSpace objects, 0(0B) LOS objects, 36% free, 27MB/43MB, paused 877us total 26.266ms
08-06 15:32:39.186  1239  1265 I art     : Starting a blocking GC Explicit
08-06 15:32:39.212  1239  1265 I art     : Explicit concurrent mark sweep GC freed 3(96B) AllocSpace objects, 0(0B) LOS objects, 36% free, 27MB/43MB, paused 771us total 26.485ms
08-06 15:32:39.441   518   646 I ThermalEngine: ACTION: GPU - Setting GPU[0] to 450000000
08-06 15:32:39.507  1239  1252 I art     : Starting a blocking GC Explicit
08-06 15:32:39.545  1239  1252 I art     : Explicit concurrent mark sweep GC freed 1368(80KB) AllocSpace objects, 1(20KB) LOS objects, 36% free, 27MB/43MB, paused 1.069ms total 37.205ms
08-06 15:32:39.559  1239  1252 I art     : Starting a blocking GC Explicit
08-06 15:32:39.592  1239  1252 I art     : Explicit concurrent mark sweep GC freed 23(752B) AllocSpace objects, 0(0B) LOS objects, 36% free, 27MB/43MB, paused 1.007ms total 32.436ms
08-06 15:32:39.604  1239  1252 I art     : Starting a blocking GC Explicit
08-06 15:32:39.636  1239  1252 I art     : Explicit concurrent mark sweep GC freed 3(96B) AllocSpace objects, 0(0B) LOS objects, 36% free, 27MB/43MB, paused 1.027ms total 31.836ms
08-06 15:32:39.647  1239  1252 I art     : Starting a blocking GC Explicit
08-06 15:32:39.679  1239  1252 I art     : Explicit concurrent mark sweep GC freed 3(96B) AllocSpace objects, 0(0B) LOS objects, 36% free, 27MB/43MB, paused 1.037ms total 31.429ms
08-06 15:32:39.690  1239  1252 I art     : Starting a blocking GC Explicit
08-06 15:32:39.722  1239  1252 I art     : Explicit concurrent mark sweep GC freed 3(96B) AllocSpace objects, 0(0B) LOS objects, 36% free, 27MB/43MB, paused 950us total 31.825ms
08-06 15:32:39.926  2403  2403 D AndroidRuntime: >>>>>> START com.android.internal.os.RuntimeInit uid 2000 <<<<<<
08-06 15:32:39.931  2403  2403 D AndroidRuntime: CheckJNI is OFF
08-06 15:32:39.972  2403  2403 D ICU     : No timezone override file found: /data/misc/zoneinfo/current/icu/icu_tzdata.dat
08-06 15:32:40.012  2403  2403 I Radio-JNI: register_android_hardware_Radio DONE
08-06 15:32:40.013  1239  1581 I art     : Starting a blocking GC Explicit
08-06 15:32:40.041  2403  2403 D AndroidRuntime: Calling main entry com.android.commands.input.Input
08-06 15:32:40.043  2403  2403 I Input   : injectMotionEvent: MotionEvent { action=ACTION_DOWN, actionButton=0, id[0]=0, x[0]=639.0, y[0]=762.0, toolType[0]=TOOL_TYPE_UNKNOWN, buttonState=0, metaState=0, flags=0x0, edgeFlags=0x0, pointerCount=1, historySize=0, eventTime=891176456, downTime=891176456, deviceId=0, source=0x1002 }
08-06 15:32:40.044  1239  1581 I art     : Explicit concurrent mark sweep GC freed 1424(82KB) AllocSpace objects, 1(20KB) LOS objects, 36% free, 27MB/43MB, paused 1.073ms total 30.878ms
08-06 15:32:40.055  2403  2403 I Input   : injectMotionEvent: MotionEvent { action=ACTION_UP, actionButton=0, id[0]=0, x[0]=639.0, y[0]=762.0, toolType[0]=TOOL_TYPE_UNKNOWN, buttonState=0, metaState=0, flags=0x0, edgeFlags=0x0, pointerCount=1, historySize=0, eventTime=891176456, downTime=891176456, deviceId=0, source=0x1002 }
08-06 15:32:40.057  1239  1581 I art     : Starting a blocking GC Explicit
08-06 15:32:40.060  2403  2403 D AndroidRuntime: Shutting down VM
08-06 15:32:40.089  1239  1581 I art     : Explicit concurrent mark sweep GC freed 47(1616B) AllocSpace objects, 0(0B) LOS objects, 36% free, 27MB/43MB, paused 973us total 31.815ms
08-06 15:32:40.100  1239  1581 I art     : Starting a blocking GC Explicit
08-06 15:32:40.125   512  2967 D audio_hw_primary: out_set_parameters: enter: usecase(1: low-latency-playback) kvpairs: routing=2
08-06 15:32:40.131  1239  1581 I art     : Explicit concurrent mark sweep GC freed 150(6KB) AllocSpace objects, 0(0B) LOS objects, 36% free, 27MB/43MB, paused 1.072ms total 30.497ms
08-06 15:32:40.138   512  2967 D audio_hw_primary: select_devices: out_snd_device(2: speaker) in_snd_device(0: none)
08-06 15:32:40.138   512  2967 D msm8974_platform: platform_send_audio_calibration: sending audio calibration for snd_device(2) acdb_id(15)
08-06 15:32:40.138   512  2967 I soundtrigger: audio_extn_sound_trigger_update_device_status: device 0x2 of type 0 for Event 1
08-06 15:32:40.142  1239  1581 I art     : Starting a blocking GC Explicit
08-06 15:32:40.147 13866 13866 I GoogleInputMethodServic: GoogleInputMethodService.onFinishInput():3138 
08-06 15:32:40.147 13866 13866 I GoogleInputMethodServic: GoogleInputMethodService.onStartInput():1808 
08-06 15:32:40.149   512  2967 D audio_hw_primary: enable_snd_device: snd_device(2: speaker)
08-06 15:32:40.151   512  2967 D audio_hw_primary: enable_audio_route: apply and update mixer path: low-latency-playback speaker
08-06 15:32:40.176  1239  1581 I art     : Explicit concurrent mark sweep GC freed 71(2928B) AllocSpace objects, 0(0B) LOS objects, 36% free, 27MB/43MB, paused 1.218ms total 32.796ms
08-06 15:32:40.187  1239  1581 I art     : Starting a blocking GC Explicit
08-06 15:32:40.216  1239  1581 I art     : Explicit concurrent mark sweep GC freed 16(592B) AllocSpace objects, 0(0B) LOS objects, 36% free, 27MB/43MB, paused 1.046ms total 28.951ms
08-06 15:32:40.345  1239  1268 I NAPPA_EXPERIMENTATION: MetricNetworkRequestExecutionTime: REQUEST_DURATION_SYSTEM='221',REQUEST_DURATION_OKHTTP='220',REQUEST_SYNCHRONOUS='TRUE',RESPONSE_CODE='200',RESPONSE_METHOD='GET',RESPONSE_LENGTH_OKHTTP='-1',RESPONSE_LENGTH_HEADER='622',REQUEST_PROTOCOL='h2',REQUEST_URL='https://itunes.apple.com/lookup?id=360084272',
08-06 15:32:40.359   918  5481 I ActivityManager: START u0 {cmp=baseline.de.danoeh.antennapod.debug/baseline.de.danoeh.antennapod.activity.OnlineFeedViewActivity (has extras)} from uid 10711 on display 0
08-06 15:32:40.382 13866 13866 I GoogleInputMethodServic: GoogleInputMethodService.onFinishInput():3138 
08-06 15:32:40.383 13866 13866 I GoogleInputMethodServic: GoogleInputMethodService.onStartInput():1808 
08-06 15:32:40.404  1239  1239 D UserPreferences: Using default data folder
08-06 15:32:40.405  1239  1239 D OnlineFeedViewActivity: Activity was started with url http://joeroganexp.joerogan.libsynpro.com/rss
08-06 15:32:40.408  1239  1239 D OnlineFeedViewActivity: Starting feed download
08-06 15:32:40.410  1239  1261 D DBReader: Extracting Feedlist
08-06 15:32:40.413   918  5481 D WifiService: acquireWifiLockLocked: WifiLock{Downloader type=1 binder=android.os.BinderProxy@1d2d651}
08-06 15:32:40.414  1239  1261 D AntennapodHttpClient: Creating new instance of HTTP client
08-06 15:32:40.453  1239  1261 D MYTAG   : interceptor 3a http://joeroganexp.joerogan.libsynpro.com/rss
08-06 15:32:40.453  1239  1261 I NAPPA_EXPERIMENTATION: MetricNetworkRequestExecutionTime: REQUEST_DURATION_SYSTEM='38',REQUEST_DURATION_OKHTTP='33',REQUEST_SYNCHRONOUS='TRUE',RESPONSE_CODE='200',RESPONSE_METHOD='GET',RESPONSE_LENGTH_OKHTTP='-1',RESPONSE_LENGTH_HEADER='307892',REQUEST_PROTOCOL='http/1.1',REQUEST_URL='http://joeroganexp.joerogan.libsynpro.com/rss',
08-06 15:32:40.453  1239  1261 D HttpDownloader: Response code is 200
08-06 15:32:40.453  1239  1261 D UserPreferences: Using default data folder
08-06 15:32:40.455  1239  1261 D HttpDownloader: Getting size of download
08-06 15:32:40.455  1239  1261 D HttpDownloader: Size is -1
08-06 15:32:40.455  1239  1261 D UserPreferences: Using default data folder
08-06 15:32:40.456  1239  1261 D HttpDownloader: Free space is 20253732864
08-06 15:32:40.456  1239  1261 D HttpDownloader: Starting download
08-06 15:32:40.465 13866 13866 I GoogleInputMethodServic: GoogleInputMethodService.onFinishInput():3138 
08-06 15:32:40.465 13866 13866 I GoogleInputMethodServic: GoogleInputMethodService.onStartInput():1808 
08-06 15:32:40.494   918   936 I ActivityManager: Displayed baseline.de.danoeh.antennapod.debug/baseline.de.danoeh.antennapod.activity.OnlineFeedViewActivity: +110ms
08-06 15:32:40.499  1239  1265 I art     : Starting a blocking GC Explicit
08-06 15:32:40.536  1239  1265 I art     : Explicit concurrent mark sweep GC freed 3466(234KB) AllocSpace objects, 1(20KB) LOS objects, 36% free, 27MB/43MB, paused 1.061ms total 36.406ms
08-06 15:32:40.549  1239  1265 I art     : Starting a blocking GC Explicit
08-06 15:32:40.579  1239  1265 I art     : Explicit concurrent mark sweep GC freed 387(17KB) AllocSpace objects, 0(0B) LOS objects, 36% free, 27MB/43MB, paused 983us total 29.135ms
08-06 15:32:40.590  1239  1265 I art     : Starting a blocking GC Explicit
08-06 15:32:40.619  1239  1265 I art     : Explicit concurrent mark sweep GC freed 3(96B) AllocSpace objects, 0(0B) LOS objects, 36% free, 27MB/43MB, paused 969us total 29.384ms
08-06 15:32:40.631  1239  1265 I art     : Starting a blocking GC Explicit
08-06 15:32:40.649  1239  1261 D HttpDownloader: Download was successful
08-06 15:32:40.649   918  6112 D WifiService: releaseWifiLockLocked: WifiLock{Downloader type=1 binder=android.os.BinderProxy@1d2d651}
08-06 15:32:40.650  1239  1239 D OnlineFeedViewActivity: Parsing feed
08-06 15:32:40.660  1239  2451 D TypeGetter: Recognized type RSS 2.0
08-06 15:32:40.663  1239  1265 I art     : Explicit concurrent mark sweep GC freed 67(48KB) AllocSpace objects, 1(20KB) LOS objects, 36% free, 27MB/43MB, paused 1.175ms total 31.964ms
08-06 15:32:40.665  1239  2451 D SyndHandler: Recognized Atom namespace
08-06 15:32:40.665  1239  2451 D SyndHandler: Recognized ITunes namespace
08-06 15:32:40.665  1239  2451 D SyndHandler: Recognized media namespace
08-06 15:32:40.665  1239  2451 D SyndHandler: Recognized Content namespace
08-06 15:32:40.674  1239  1265 I art     : Starting a blocking GC Explicit
08-06 15:32:40.698   512  2967 D audio_hw_primary: disable_audio_route: reset and update mixer path: low-latency-playback speaker
08-06 15:32:40.699   512  2967 D audio_hw_primary: disable_snd_device: snd_device(2: speaker)
08-06 15:32:40.706  1239  1265 I art     : Explicit concurrent mark sweep GC freed 1652(185KB) AllocSpace objects, 2(40KB) LOS objects, 36% free, 27MB/43MB, paused 1.133ms total 31.815ms
08-06 15:32:40.708   512  2967 I soundtrigger: audio_extn_sound_trigger_update_device_status: device 0x2 of type 0 for Event 0
08-06 15:32:40.740   380   380 W SurfaceFlinger: couldn't log to binary event log: overflow.
08-06 15:32:40.863  1239  1239 D PlaybackController: Releasing PlaybackController
08-06 15:32:41.006  1239  1581 I art     : Starting a blocking GC Explicit
08-06 15:32:41.048  1239  1581 I art     : Explicit concurrent mark sweep GC freed 19411(1045KB) AllocSpace objects, 1(20KB) LOS objects, 36% free, 28MB/44MB, paused 1.883ms total 41.501ms
08-06 15:32:41.060  1239  1581 I art     : Starting a blocking GC Explicit
08-06 15:32:41.094  1239  1581 I art     : Explicit concurrent mark sweep GC freed 6183(296KB) AllocSpace objects, 0(0B) LOS objects, 36% free, 28MB/44MB, paused 1.231ms total 33.909ms
08-06 15:32:41.105  1239  1581 I art     : Starting a blocking GC Explicit
08-06 15:32:41.139  1239  1581 I art     : Explicit concurrent mark sweep GC freed 4190(205KB) AllocSpace objects, 0(0B) LOS objects, 36% free, 28MB/44MB, paused 1.312ms total 33.492ms
08-06 15:32:41.151  1239  1581 I art     : Starting a blocking GC Explicit
08-06 15:32:41.184  1239  1581 I art     : Explicit concurrent mark sweep GC freed 2651(137KB) AllocSpace objects, 0(0B) LOS objects, 36% free, 28MB/44MB, paused 1.392ms total 33.421ms
08-06 15:32:41.196  1239  1581 I art     : Starting a blocking GC Explicit
08-06 15:32:41.229  1239  1581 I art     : Explicit concurrent mark sweep GC freed 2596(127KB) AllocSpace objects, 0(0B) LOS objects, 36% free, 28MB/44MB, paused 1.275ms total 33.329ms
08-06 15:32:41.229  1239  1250 I art     : WaitForGcToComplete blocked for 33.252ms for cause HeapTrim
08-06 15:32:41.535  1239  1251 I art     : Starting a blocking GC Explicit
08-06 15:32:41.578  1239  1251 I art     : Explicit concurrent mark sweep GC freed 19913(1062KB) AllocSpace objects, 1(20KB) LOS objects, 35% free, 28MB/44MB, paused 1.419ms total 43.007ms
08-06 15:32:41.591  1239  1251 I art     : Starting a blocking GC Explicit
08-06 15:32:41.625  1239  1251 I art     : Explicit concurrent mark sweep GC freed 7749(366KB) AllocSpace objects, 0(0B) LOS objects, 35% free, 28MB/44MB, paused 1.453ms total 34.240ms
08-06 15:32:41.637  1239  1251 I art     : Starting a blocking GC Explicit
08-06 15:32:41.672  1239  1251 I art     : Explicit concurrent mark sweep GC freed 3185(156KB) AllocSpace objects, 0(0B) LOS objects, 35% free, 28MB/44MB, paused 1.328ms total 34.510ms
08-06 15:32:41.684  1239  1251 I art     : Starting a blocking GC Explicit
08-06 15:32:41.720  1239  1251 I art     : Explicit concurrent mark sweep GC freed 2824(146KB) AllocSpace objects, 0(0B) LOS objects, 35% free, 28MB/44MB, paused 1.433ms total 35.530ms
08-06 15:32:41.732  1239  1251 I art     : Starting a blocking GC Explicit
08-06 15:32:41.769  1239  1251 I art     : Explicit concurrent mark sweep GC freed 2743(144KB) AllocSpace objects, 0(0B) LOS objects, 35% free, 28MB/44MB, paused 1.506ms total 36.852ms
08-06 15:32:42.099  1239  1251 I art     : Starting a blocking GC Explicit
08-06 15:32:42.147  1239  1251 I art     : Explicit concurrent mark sweep GC freed 21260(1148KB) AllocSpace objects, 1(20KB) LOS objects, 35% free, 29MB/45MB, paused 1.411ms total 47.629ms
08-06 15:32:42.161  1239  1251 I art     : Starting a blocking GC Explicit
08-06 15:32:42.199  1239  1251 I art     : Explicit concurrent mark sweep GC freed 6133(302KB) AllocSpace objects, 0(0B) LOS objects, 35% free, 29MB/45MB, paused 1.526ms total 38.195ms
08-06 15:32:42.213  1239  1251 I art     : Starting a blocking GC Explicit
08-06 15:32:42.249  1239  1251 I art     : Explicit concurrent mark sweep GC freed 5561(273KB) AllocSpace objects, 0(0B) LOS objects, 35% free, 29MB/45MB, paused 1.399ms total 36.567ms
08-06 15:32:42.261  1239  1251 I art     : Starting a blocking GC Explicit
08-06 15:32:42.299  1239  1251 I art     : Explicit concurrent mark sweep GC freed 2915(142KB) AllocSpace objects, 0(0B) LOS objects, 35% free, 29MB/45MB, paused 1.525ms total 37.313ms
08-06 15:32:42.312  1239  1251 I art     : Starting a blocking GC Explicit
08-06 15:32:42.350  1239  1251 I art     : Explicit concurrent mark sweep GC freed 3008(154KB) AllocSpace objects, 0(0B) LOS objects, 35% free, 29MB/45MB, paused 1.428ms total 38.257ms
08-06 15:32:42.682  1239  1252 I art     : Starting a blocking GC Explicit
08-06 15:32:42.730  1239  1252 I art     : Explicit concurrent mark sweep GC freed 21475(1217KB) AllocSpace objects, 1(20KB) LOS objects, 34% free, 30MB/46MB, paused 1.482ms total 47.732ms
08-06 15:32:42.744  1239  1252 I art     : Starting a blocking GC Explicit
08-06 15:32:42.786  1239  1252 I art     : Explicit concurrent mark sweep GC freed 3654(192KB) AllocSpace objects, 0(0B) LOS objects, 34% free, 30MB/46MB, paused 1.613ms total 41.649ms
08-06 15:32:42.800  1239  1252 I art     : Starting a blocking GC Explicit
08-06 15:32:42.840  1239  1252 I art     : Explicit concurrent mark sweep GC freed 8366(394KB) AllocSpace objects, 0(0B) LOS objects, 34% free, 29MB/45MB, paused 1.465ms total 39.622ms
08-06 15:32:42.853  1239  1252 I art     : Starting a blocking GC Explicit
08-06 15:32:42.892  1239  1252 I art     : Explicit concurrent mark sweep GC freed 3433(167KB) AllocSpace objects, 0(0B) LOS objects, 34% free, 29MB/45MB, paused 1.440ms total 39.492ms
08-06 15:32:42.905  1239  1252 I art     : Starting a blocking GC Explicit
08-06 15:32:42.946  1239  1252 I art     : Explicit concurrent mark sweep GC freed 3238(160KB) AllocSpace objects, 0(0B) LOS objects, 34% free, 29MB/45MB, paused 1.587ms total 40.711ms
08-06 15:32:43.290  1239  1251 I art     : Starting a blocking GC Explicit
08-06 15:32:43.342  1239  1251 I art     : Explicit concurrent mark sweep GC freed 22412(1255KB) AllocSpace objects, 1(20KB) LOS objects, 34% free, 30MB/46MB, paused 1.697ms total 51.193ms
08-06 15:32:43.357  1239  1251 I art     : Starting a blocking GC Explicit
08-06 15:32:43.400  1239  1251 I art     : Explicit concurrent mark sweep GC freed 4741(205KB) AllocSpace objects, 0(0B) LOS objects, 34% free, 30MB/46MB, paused 1.515ms total 42.387ms
08-06 15:32:43.413  1239  1251 I art     : Starting a blocking GC Explicit
08-06 15:32:43.455  1239  1251 I art     : Explicit concurrent mark sweep GC freed 8179(360KB) AllocSpace objects, 0(0B) LOS objects, 34% free, 30MB/46MB, paused 1.590ms total 41.936ms
08-06 15:32:43.469  1239  1251 I art     : Starting a blocking GC Explicit
08-06 15:32:43.510  1239  1251 I art     : Explicit concurrent mark sweep GC freed 3430(144KB) AllocSpace objects, 0(0B) LOS objects, 34% free, 30MB/46MB, paused 1.521ms total 41.263ms
08-06 15:32:43.524  1239  1251 I art     : Starting a blocking GC Explicit
08-06 15:32:43.567  1239  1251 I art     : Explicit concurrent mark sweep GC freed 3400(143KB) AllocSpace objects, 0(0B) LOS objects, 34% free, 30MB/46MB, paused 1.430ms total 43.133ms
08-06 15:32:43.867  1239  2451 D OnlineFeedViewActivity: Deleted feed source file. Result: true
08-06 15:32:43.878  1239  1239 D OnlineFeedViewActivity: Removing HTML from shownotes
08-06 15:32:43.896  1239  1251 I art     : Starting a blocking GC Explicit
08-06 15:32:43.954  1239  1251 I art     : Explicit concurrent mark sweep GC freed 58532(4MB) AllocSpace objects, 174(11MB) LOS objects, 32% free, 33MB/49MB, paused 1.451ms total 57.092ms
08-06 15:32:43.970  1239  1251 I art     : Starting a blocking GC Explicit
08-06 15:32:44.021  1239  1251 I art     : Explicit concurrent mark sweep GC freed 49437(3MB) AllocSpace objects, 199(13MB) LOS objects, 32% free, 32MB/48MB, paused 1.353ms total 50.250ms
08-06 15:32:44.035  1239  1251 I art     : Starting a blocking GC Explicit
08-06 15:32:44.089  1239  1251 I art     : Explicit concurrent mark sweep GC freed 45106(3MB) AllocSpace objects, 200(13MB) LOS objects, 32% free, 32MB/48MB, paused 1.463ms total 53.552ms
08-06 15:32:44.104  1239  1251 I art     : Starting a blocking GC Explicit
08-06 15:32:44.159  1239  1251 I art     : Explicit concurrent mark sweep GC freed 45162(3MB) AllocSpace objects, 198(13MB) LOS objects, 32% free, 32MB/48MB, paused 1.420ms total 55.096ms
08-06 15:32:44.174  1239  1251 I art     : Starting a blocking GC Explicit
08-06 15:32:44.229  1239  1251 I art     : Explicit concurrent mark sweep GC freed 44649(3MB) AllocSpace objects, 201(13MB) LOS objects, 33% free, 32MB/48MB, paused 1.359ms total 54.085ms
08-06 15:32:44.444  1239  2160 D ApOkHttpUrlLoader: buildLoadData() called with: model = [http://static.libsyn.com/p/assets/7/1/f/3/71f3014e14ef2722/JREiTunesImage2.jpg], width = [350], height = [350]
08-06 15:32:44.444  1239  1239 I Choreographer: Skipped 33 frames!  The application may be doing too much work on its main thread.
08-06 15:32:44.445  1239  1986 D DBReader: getImageAuthentication() called with: imageUrl = [http://static.libsyn.com/p/assets/7/1/f/3/71f3014e14ef2722/JREiTunesImage2.jpg]
08-06 15:32:44.447  1239  1986 D ApOkHttpUrlLoader: no credentials for 'http://static.libsyn.com/p/assets/7/1/f/3/71f3014e14ef2722/JREiTunesImage2.jpg'
08-06 15:32:44.523  1239  1252 I art     : Starting a blocking GC Explicit
08-06 15:32:44.530  1239  1986 D MYTAG   : interceptor 2a
08-06 15:32:44.530  1239  1986 I NAPPA_EXPERIMENTATION: MetricNetworkRequestExecutionTime: REQUEST_DURATION_SYSTEM='83',REQUEST_DURATION_OKHTTP='36',REQUEST_SYNCHRONOUS='TRUE',RESPONSE_CODE='200',RESPONSE_METHOD='GET',RESPONSE_LENGTH_OKHTTP='402832',RESPONSE_LENGTH_HEADER='402832',REQUEST_PROTOCOL='http/1.1',REQUEST_URL='http://static.libsyn.com/p/assets/7/1/f/3/71f3014e14ef2722/JREiTunesImage2.jpg',
08-06 15:32:44.564  1239  1252 I art     : Explicit concurrent mark sweep GC freed 7126(679KB) AllocSpace objects, 33(2MB) LOS objects, 34% free, 30MB/46MB, paused 1.121ms total 41.220ms
08-06 15:32:44.578  1239  1252 I art     : Starting a blocking GC Explicit
08-06 15:32:44.619  1239  1252 I art     : Explicit concurrent mark sweep GC freed 655(32KB) AllocSpace objects, 1(112KB) LOS objects, 33% free, 31MB/47MB, paused 1.412ms total 40.897ms
08-06 15:32:44.633  1239  1252 I art     : Starting a blocking GC Explicit
08-06 15:32:44.677  1239  1252 I art     : Explicit concurrent mark sweep GC freed 50(4KB) AllocSpace objects, 0(0B) LOS objects, 33% free, 31MB/47MB, paused 1.178ms total 43.761ms
08-06 15:32:44.691  1239  1252 I art     : Starting a blocking GC Explicit
08-06 15:32:44.732  1239  1252 I art     : Explicit concurrent mark sweep GC freed 94(11KB) AllocSpace objects, 0(0B) LOS objects, 33% free, 31MB/47MB, paused 1.011ms total 40.127ms
08-06 15:32:44.747  1239  1252 I art     : Starting a blocking GC Explicit
08-06 15:32:44.790  1239  1252 I art     : Explicit concurrent mark sweep GC freed 9(288B) AllocSpace objects, 0(0B) LOS objects, 33% free, 31MB/47MB, paused 1.060ms total 43.052ms
08-06 15:32:44.864  2518  2518 D AndroidRuntime: >>>>>> START com.android.internal.os.RuntimeInit uid 2000 <<<<<<
08-06 15:32:44.870  2518  2518 D AndroidRuntime: CheckJNI is OFF
08-06 15:32:44.920  2518  2518 D ICU     : No timezone override file found: /data/misc/zoneinfo/current/icu/icu_tzdata.dat
08-06 15:32:44.967  2518  2518 I Radio-JNI: register_android_hardware_Radio DONE
08-06 15:32:44.997  2518  2518 D AndroidRuntime: Calling main entry com.android.commands.input.Input
08-06 15:32:44.999  2518  2518 I Input   : injectMotionEvent: MotionEvent { action=ACTION_DOWN, actionButton=0, id[0]=0, x[0]=693.0, y[0]=821.0, toolType[0]=TOOL_TYPE_UNKNOWN, buttonState=0, metaState=0, flags=0x0, edgeFlags=0x0, pointerCount=1, historySize=0, eventTime=891181411, downTime=891181411, deviceId=0, source=0x1002 }
08-06 15:32:45.004  2518  2518 I Input   : injectMotionEvent: MotionEvent { action=ACTION_UP, actionButton=0, id[0]=0, x[0]=693.0, y[0]=821.0, toolType[0]=TOOL_TYPE_UNKNOWN, buttonState=0, metaState=0, flags=0x0, edgeFlags=0x0, pointerCount=1, historySize=0, eventTime=891181411, downTime=891181411, deviceId=0, source=0x1002 }
08-06 15:32:45.007  2518  2518 D AndroidRuntime: Shutting down VM
08-06 15:32:45.016  1239  1239 D UserPreferences: Using default data folder
08-06 15:32:45.017   512  2967 D audio_hw_primary: out_set_parameters: enter: usecase(1: low-latency-playback) kvpairs: routing=2
08-06 15:32:45.018  1239  1239 D DownloadRequester: partiallyDownloadedFileExists: false
08-06 15:32:45.018  1239  1239 D DownloadRequester: /storage/emulated/0/Android/data/baseline.de.danoeh.antennapod.debug/files/cache/feed-The Joe Rogan Experience is available as a download destination
08-06 15:32:45.019  1239  1239 D DownloadRequester: Requesting download of url http://joeroganexp.joerogan.libsynpro.com/rss
08-06 15:32:45.024  1239  1239 D DownloadService: Service started
08-06 15:32:45.026  1239  1239 D DownloadService: parallel downloads: 4
08-06 15:32:45.027  1239  2551 D downloadCompletionThd: downloadCompletionThread was started
08-06 15:32:45.028  1239  1239 D DownloadService: Notification set up
08-06 15:32:45.030   512  2967 D audio_hw_primary: select_devices: out_snd_device(2: speaker) in_snd_device(0: none)
08-06 15:32:45.030   512  2967 D msm8974_platform: platform_send_audio_calibration: sending audio calibration for snd_device(2) acdb_id(15)
08-06 15:32:45.030   512  2967 I soundtrigger: audio_extn_sound_trigger_update_device_status: device 0x2 of type 0 for Event 1
08-06 15:32:45.033  1239  1239 D DownloadService: Received enqueue request
08-06 15:32:45.033  1239  1239 D OnlineFeedViewActivity: onEventMainThread() called with: event = [DownloadEvent{update=DownloaderUpdate{downloaders=[baseline.de.danoeh.antennapod.core.service.download.HttpDownloader@8f335e0], feedIds=[0], mediaIds=[]}}]
08-06 15:32:45.034  1239  1239 D DownloadService: 1 downloads left
08-06 15:32:45.034  1239  1239 D DownloadService: Setting up notification updater
08-06 15:32:45.039   918   929 D WifiService: acquireWifiLockLocked: WifiLock{Downloader type=1 binder=android.os.BinderProxy@71dc6a8}
08-06 15:32:45.040  1239  2555 D AntennapodHttpClient: Creating new instance of HTTP client
08-06 15:32:45.048   512  2967 D audio_hw_primary: enable_snd_device: snd_device(2: speaker)
08-06 15:32:45.053   512  2967 D audio_hw_primary: enable_audio_route: apply and update mixer path: low-latency-playback speaker
08-06 15:32:45.123  1239  1581 I art     : Starting a blocking GC Explicit
08-06 15:32:45.144  1239  2555 D MYTAG   : interceptor 3a http://joeroganexp.joerogan.libsynpro.com/rss
08-06 15:32:45.145  1239  2555 I NAPPA_EXPERIMENTATION: MetricNetworkRequestExecutionTime: REQUEST_DURATION_SYSTEM='103',REQUEST_DURATION_OKHTTP='35',REQUEST_SYNCHRONOUS='TRUE',RESPONSE_CODE='200',RESPONSE_METHOD='GET',RESPONSE_LENGTH_OKHTTP='-1',RESPONSE_LENGTH_HEADER='307892',REQUEST_PROTOCOL='http/1.1',REQUEST_URL='http://joeroganexp.joerogan.libsynpro.com/rss',
08-06 15:32:45.145  1239  2555 D HttpDownloader: Response code is 200
08-06 15:32:45.146  1239  2555 D UserPreferences: Using default data folder
08-06 15:32:45.149  1239  2555 D HttpDownloader: Getting size of download
08-06 15:32:45.149  1239  2555 D HttpDownloader: Size is -1
08-06 15:32:45.149  1239  2555 D UserPreferences: Using default data folder
08-06 15:32:45.149  1239  2555 D HttpDownloader: Free space is 20253274112
08-06 15:32:45.149  1239  2555 D HttpDownloader: Starting download
08-06 15:32:45.165  1239  1581 I art     : Explicit concurrent mark sweep GC freed 2683(156KB) AllocSpace objects, 1(20KB) LOS objects, 33% free, 31MB/47MB, paused 1.843ms total 41.286ms
08-06 15:32:45.179  1239  1581 I art     : Starting a blocking GC Explicit
08-06 15:32:45.219  1239  1581 I art     : Explicit concurrent mark sweep GC freed 59(2272B) AllocSpace objects, 0(0B) LOS objects, 33% free, 31MB/47MB, paused 1.172ms total 40.125ms
08-06 15:32:45.233  1239  1581 I art     : Starting a blocking GC Explicit
08-06 15:32:45.273  1239  2555 D HttpDownloader: Download was successful
08-06 15:32:45.273  1239  1581 I art     : Explicit concurrent mark sweep GC freed 7(224B) AllocSpace objects, 0(0B) LOS objects, 33% free, 31MB/47MB, paused 1.173ms total 40.067ms
08-06 15:32:45.273   918  4400 D WifiService: releaseWifiLockLocked: WifiLock{Downloader type=1 binder=android.os.BinderProxy@71dc6a8}
08-06 15:32:45.274  1239  2551 D downloadCompletionThd: Received 'Download Complete' - message.
08-06 15:32:45.274  1239  2551 D DownloadService: Handling completed Feed Download
08-06 15:32:45.274  1239  1239 D DownloadService: Removing downloader: http://joeroganexp.joerogan.libsynpro.com/rss
08-06 15:32:45.274  1239  1239 D DownloadService: Result of downloads.remove: true
08-06 15:32:45.280  1239  2560 D TypeGetter: Recognized type RSS 2.0
08-06 15:32:45.284  1239  2560 D SyndHandler: Recognized Atom namespace
08-06 15:32:45.284  1239  2560 D SyndHandler: Recognized ITunes namespace
08-06 15:32:45.284  1239  2560 D SyndHandler: Recognized media namespace
08-06 15:32:45.284  1239  2560 D SyndHandler: Recognized Content namespace
08-06 15:32:45.287  1239  1581 I art     : Starting a blocking GC Explicit
08-06 15:32:45.330  1239  1581 I art     : Explicit concurrent mark sweep GC freed 2123(256KB) AllocSpace objects, 3(60KB) LOS objects, 33% free, 31MB/47MB, paused 1.521ms total 42.909ms
08-06 15:32:45.344  1239  1581 I art     : Starting a blocking GC Explicit
08-06 15:32:45.388  1239  1581 I art     : Explicit concurrent mark sweep GC freed 3126(161KB) AllocSpace objects, 0(0B) LOS objects, 33% free, 31MB/47MB, paused 1.596ms total 43.474ms
08-06 15:32:45.588   512  2967 D audio_hw_primary: disable_audio_route: reset and update mixer path: low-latency-playback speaker
08-06 15:32:45.589   512  2967 D audio_hw_primary: disable_snd_device: snd_device(2: speaker)
08-06 15:32:45.598   512  2967 I soundtrigger: audio_extn_sound_trigger_update_device_status: device 0x2 of type 0 for Event 0
08-06 15:32:45.686  1239  1252 I art     : Starting a blocking GC Explicit
08-06 15:32:45.740  1239  1252 I art     : Explicit concurrent mark sweep GC freed 19876(1069KB) AllocSpace objects, 1(20KB) LOS objects, 33% free, 32MB/48MB, paused 1.611ms total 53.666ms
08-06 15:32:45.756  1239  1252 I art     : Starting a blocking GC Explicit
08-06 15:32:45.803  1239  1252 I art     : Explicit concurrent mark sweep GC freed 8616(411KB) AllocSpace objects, 0(0B) LOS objects, 33% free, 32MB/48MB, paused 1.415ms total 46.686ms
08-06 15:32:45.816  1239  1252 I art     : Starting a blocking GC Explicit
08-06 15:32:45.861  1239  1252 I art     : Explicit concurrent mark sweep GC freed 3668(183KB) AllocSpace objects, 0(0B) LOS objects, 33% free, 32MB/48MB, paused 1.414ms total 44.699ms
08-06 15:32:45.875  1239  1252 I art     : Starting a blocking GC Explicit
08-06 15:32:45.921  1239  1252 I art     : Explicit concurrent mark sweep GC freed 3592(186KB) AllocSpace objects, 0(0B) LOS objects, 33% free, 32MB/48MB, paused 1.455ms total 45.564ms
08-06 15:32:45.936  1239  1252 I art     : Starting a blocking GC Explicit
08-06 15:32:45.986  1239  1252 I art     : Explicit concurrent mark sweep GC freed 3452(180KB) AllocSpace objects, 0(0B) LOS objects, 33% free, 32MB/48MB, paused 1.506ms total 49.033ms
08-06 15:32:46.296  1239  1251 I art     : Starting a blocking GC Explicit
08-06 15:32:46.356  1239  1251 I art     : Explicit concurrent mark sweep GC freed 20815(1096KB) AllocSpace objects, 1(20KB) LOS objects, 32% free, 32MB/48MB, paused 1.466ms total 59.658ms
08-06 15:32:46.371  1239  1251 I art     : Starting a blocking GC Explicit
08-06 15:32:46.422  1239  1251 I art     : Explicit concurrent mark sweep GC freed 8996(434KB) AllocSpace objects, 0(0B) LOS objects, 32% free, 32MB/48MB, paused 1.539ms total 50.104ms
08-06 15:32:46.436  1239  1251 I art     : Starting a blocking GC Explicit
08-06 15:32:46.487  1239  1251 I art     : Explicit concurrent mark sweep GC freed 3794(189KB) AllocSpace objects, 0(0B) LOS objects, 32% free, 32MB/48MB, paused 1.552ms total 50.125ms
08-06 15:32:46.502  1239  1251 I art     : Starting a blocking GC Explicit
08-06 15:32:46.534  1239  1239 D OnlineFeedViewActivity: onEventMainThread() called with: event = [DownloadEvent{update=DownloaderUpdate{downloaders=[], feedIds=[], mediaIds=[]}}]
08-06 15:32:46.554  1239  1251 I art     : Explicit concurrent mark sweep GC freed 3841(203KB) AllocSpace objects, 0(0B) LOS objects, 32% free, 32MB/48MB, paused 1.532ms total 50.995ms
08-06 15:32:46.571  1239  1251 I art     : Starting a blocking GC Explicit
08-06 15:32:46.624  1239  1251 I art     : Explicit concurrent mark sweep GC freed 3779(197KB) AllocSpace objects, 0(0B) LOS objects, 32% free, 32MB/48MB, paused 1.557ms total 52.133ms
08-06 15:32:46.624  1239  1250 I art     : WaitForGcToComplete blocked for 45.010ms for cause HeapTrim
08-06 15:32:46.975  1239  1252 I art     : Starting a blocking GC Explicit
08-06 15:32:47.038  1239  1252 I art     : Explicit concurrent mark sweep GC freed 22759(1235KB) AllocSpace objects, 1(20KB) LOS objects, 32% free, 33MB/49MB, paused 1.748ms total 62.935ms
08-06 15:32:47.055  1239  1252 I art     : Starting a blocking GC Explicit
08-06 15:32:47.104  1239  1252 I art     : Explicit concurrent mark sweep GC freed 9542(466KB) AllocSpace objects, 0(0B) LOS objects, 32% free, 33MB/49MB, paused 1.682ms total 49.025ms
08-06 15:32:47.120  1239  1252 I art     : Starting a blocking GC Explicit
08-06 15:32:47.175  1239  1252 I art     : Explicit concurrent mark sweep GC freed 4575(241KB) AllocSpace objects, 0(0B) LOS objects, 32% free, 33MB/49MB, paused 1.727ms total 54.769ms
08-06 15:32:47.191  1239  1252 I art     : Starting a blocking GC Explicit
08-06 15:32:47.249  1239  1252 I art     : Explicit concurrent mark sweep GC freed 4198(224KB) AllocSpace objects, 0(0B) LOS objects, 32% free, 33MB/49MB, paused 1.743ms total 57.185ms
08-06 15:32:47.265  1239  1252 I art     : Starting a blocking GC Explicit
08-06 15:32:47.319  1239  1252 I art     : Explicit concurrent mark sweep GC freed 4083(216KB) AllocSpace objects, 0(0B) LOS objects, 32% free, 33MB/49MB, paused 1.778ms total 53.768ms
08-06 15:32:47.657  1239  1581 I art     : Starting a blocking GC Explicit
08-06 15:32:47.726  1239  1581 I art     : Explicit concurrent mark sweep GC freed 21945(1201KB) AllocSpace objects, 1(20KB) LOS objects, 31% free, 34MB/50MB, paused 1.956ms total 68.776ms
08-06 15:32:47.744  1239  1581 I art     : Starting a blocking GC Explicit
08-06 15:32:47.801  1239  1581 I art     : Explicit concurrent mark sweep GC freed 7998(389KB) AllocSpace objects, 0(0B) LOS objects, 31% free, 34MB/50MB, paused 2.005ms total 56.200ms
08-06 15:32:47.817  1239  1581 I art     : Starting a blocking GC Explicit
08-06 15:32:47.877  1239  1581 I art     : Explicit concurrent mark sweep GC freed 6548(323KB) AllocSpace objects, 0(0B) LOS objects, 31% free, 34MB/50MB, paused 1.696ms total 59.181ms
08-06 15:32:47.893  1239  1581 I art     : Starting a blocking GC Explicit
08-06 15:32:47.952  1239  1581 I art     : Explicit concurrent mark sweep GC freed 4441(243KB) AllocSpace objects, 0(0B) LOS objects, 31% free, 34MB/50MB, paused 1.828ms total 58.678ms
08-06 15:32:47.969  1239  1581 I art     : Starting a blocking GC Explicit
08-06 15:32:48.028  1239  1581 I art     : Explicit concurrent mark sweep GC freed 4498(279KB) AllocSpace objects, 0(0B) LOS objects, 31% free, 34MB/50MB, paused 1.684ms total 58.864ms
08-06 15:32:48.037  1239  1239 D OnlineFeedViewActivity: onEventMainThread() called with: event = [DownloadEvent{update=DownloaderUpdate{downloaders=[], feedIds=[], mediaIds=[]}}]
08-06 15:32:48.373  1239  1251 I art     : Starting a blocking GC Explicit
08-06 15:32:48.442  1239  1251 I art     : Explicit concurrent mark sweep GC freed 22986(1006KB) AllocSpace objects, 1(20KB) LOS objects, 31% free, 34MB/50MB, paused 1.778ms total 68.597ms
08-06 15:32:48.460  1239  1251 I art     : Starting a blocking GC Explicit
08-06 15:32:48.516  1239  1251 I art     : Explicit concurrent mark sweep GC freed 10403(479KB) AllocSpace objects, 0(0B) LOS objects, 31% free, 34MB/50MB, paused 1.782ms total 55.579ms
08-06 15:32:48.533  1239  1251 I art     : Starting a blocking GC Explicit
08-06 15:32:48.590  1239  1251 I art     : Explicit concurrent mark sweep GC freed 4402(204KB) AllocSpace objects, 0(0B) LOS objects, 31% free, 34MB/50MB, paused 1.710ms total 57.251ms
08-06 15:32:48.598  1239  2560 D FeedSyncThread: The Joe Rogan Experience parsed
08-06 15:32:48.608  1239  1251 I art     : Starting a blocking GC Explicit
08-06 15:32:48.610  1239  2560 D FeedSyncThread: Deletion of file '/storage/emulated/0/Android/data/baseline.de.danoeh.antennapod.debug/files/cache/feed-The Joe Rogan Experience' successful
08-06 15:32:48.611  1239  2560 D DBReader: getFeedDownloadLog() called with: feed = [baseline.de.danoeh.antennapod.core.feed.Feed@0]
08-06 15:32:48.612  1239  2552 D FeedSyncThread: Bundling 1 feeds
08-06 15:32:48.614  1239  2616 D DBReader: Extracting Feedlist
08-06 15:32:48.617  1239  2616 D DBTasks : Found no existing Feed with title The Joe Rogan Experience. Adding as new one.
08-06 15:32:48.624  1239  2278 D PodDBAdapter: Setting feed with flattr status The Joe Rogan Experience: 0
08-06 15:32:48.624  1239  2278 D baseline.de.danoeh.antennapod.core.storage.PodDBAdapter@c6ea0d0: Inserting new Feed into db
08-06 15:32:48.672  1239  1251 I art     : Explicit concurrent mark sweep GC freed 11502(650KB) AllocSpace objects, 0(0B) LOS objects, 31% free, 34MB/50MB, paused 1.556ms total 64.097ms
08-06 15:32:48.689  1239  1251 I art     : Starting a blocking GC Explicit
08-06 15:32:48.747  1239  1251 I art     : Explicit concurrent mark sweep GC freed 19502(1460KB) AllocSpace objects, 0(0B) LOS objects, 31% free, 34MB/50MB, paused 1.378ms total 57.433ms
08-06 15:32:49.052  1239  1252 I art     : Starting a blocking GC Explicit
08-06 15:32:49.125  1239  1252 I art     : Explicit concurrent mark sweep GC freed 95317(6MB) AllocSpace objects, 1(20KB) LOS objects, 31% free, 34MB/50MB, paused 1.187ms total 72.680ms
08-06 15:32:49.143  1239  1252 I art     : Starting a blocking GC Explicit
08-06 15:32:49.150  1239  1239 D EventDistributor: Processing event queue. Number of events: 1
08-06 15:32:49.150  1239  1239 D EventDistributor: Notifying observers. Data: 1
08-06 15:32:49.150  1239  1239 D DownloadService: 0 downloads left
08-06 15:32:49.150  1239  1790 D DBReader: Extracting Feedlist
08-06 15:32:49.150  1239  1239 D DownloadService: Number of downloads is 0, attempting shutdown
08-06 15:32:49.151  1239  1239 D DownloadService: Service shutting down
08-06 15:32:49.151  1239  1239 D DownloadService: No report is created
08-06 15:32:49.151  1239  1239 D OnlineFeedViewActivity: onEventMainThread() called with: event = [DownloadEvent{update=DownloaderUpdate{downloaders=[], feedIds=[], mediaIds=[]}}]
08-06 15:32:49.153  1239  2551 E downloadCompletionThd: DownloadCompletionThread was interrupted
08-06 15:32:49.153  1239  1239 D DownloadService: NotificationUpdater cancelled. Result: false
08-06 15:32:49.153  1239  1239 D DBTasks : autodownloadUndownloadedItems
08-06 15:32:49.154  1239  2279 D NetworkUtils: Device is connected to Wi-Fi
08-06 15:32:49.154  1239  2279 D NetworkUtils: Auto-dl filter is disabled
08-06 15:32:49.193  1239  1252 I art     : Explicit concurrent mark sweep GC freed 343(37KB) AllocSpace objects, 1(20KB) LOS objects, 31% free, 34MB/50MB, paused 1.098ms total 50.346ms
08-06 15:32:49.210  1239  1252 I art     : Starting a blocking GC Explicit
08-06 15:32:49.260  1239  1252 I art     : Explicit concurrent mark sweep GC freed 30464(3MB) AllocSpace objects, 0(0B) LOS objects, 33% free, 31MB/47MB, paused 1.181ms total 49.415ms
08-06 15:32:49.275  1239  1252 I art     : Starting a blocking GC Explicit
08-06 15:32:49.316  1239  1252 I art     : Explicit concurrent mark sweep GC freed 3(96B) AllocSpace objects, 0(0B) LOS objects, 33% free, 31MB/47MB, paused 1.089ms total 40.769ms
08-06 15:32:49.331  1239  1252 I art     : Starting a blocking GC Explicit
08-06 15:32:49.376  1239  1252 I art     : Explicit concurrent mark sweep GC freed 3(96B) AllocSpace objects, 0(0B) LOS objects, 33% free, 31MB/47MB, paused 1.159ms total 44.732ms
08-06 15:32:49.628 24365 12204 I NetworkScheduler.Stats: Task com.google.android.gms/com.google.android.gms.icing.service.IcingGcmTaskService started execution. cause:4 exec_start_elapsed_seconds: 1874573 [CONTEXT service_id=218 ]
08-06 15:32:49.652 24365  4184 I NetworkScheduler.Stats: Task com.google.android.gms/com.google.android.gms.icing.service.IcingGcmTaskService finished executing. cause:4 result: 1 elapsed_millis: 45 uptime_millis: 45 exec_start_elapsed_seconds: 1874573 [CONTEXT service_id=218 ]
08-06 15:32:49.723  1239  1251 I art     : Starting a blocking GC Explicit
08-06 15:32:49.776  1239  1251 I art     : Explicit concurrent mark sweep GC freed 1386(82KB) AllocSpace objects, 1(20KB) LOS objects, 33% free, 31MB/47MB, paused 1.434ms total 51.924ms
08-06 15:32:49.784  2628  2628 D AndroidRuntime: >>>>>> START com.android.internal.os.RuntimeInit uid 2000 <<<<<<
08-06 15:32:49.790  2628  2628 D AndroidRuntime: CheckJNI is OFF
08-06 15:32:49.793  1239  1251 I art     : Starting a blocking GC Explicit
08-06 15:32:49.834  2628  2628 D ICU     : No timezone override file found: /data/misc/zoneinfo/current/icu/icu_tzdata.dat
08-06 15:32:49.838  1239  1251 I art     : Explicit concurrent mark sweep GC freed 23(752B) AllocSpace objects, 0(0B) LOS objects, 33% free, 31MB/47MB, paused 1.338ms total 45.331ms
08-06 15:32:49.853  1239  1251 I art     : Starting a blocking GC Explicit
08-06 15:32:49.876  2628  2628 I Radio-JNI: register_android_hardware_Radio DONE
08-06 15:32:49.898  1239  1251 I art     : Explicit concurrent mark sweep GC freed 3(96B) AllocSpace objects, 0(0B) LOS objects, 33% free, 31MB/47MB, paused 1.212ms total 44.921ms
08-06 15:32:49.906  2628  2628 D AndroidRuntime: Calling main entry com.android.commands.input.Input
08-06 15:32:49.908  2628  2628 I Input   : injectKeyEvent: KeyEvent { action=ACTION_DOWN, keyCode=KEYCODE_BACK, scanCode=0, metaState=0, flags=0x0, repeatCount=0, eventTime=891186321, downTime=891186321, deviceId=-1, source=0x101 }
08-06 15:32:49.913  1239  1251 I art     : Starting a blocking GC Explicit
08-06 15:32:49.915  2628  2628 I Input   : injectKeyEvent: KeyEvent { action=ACTION_UP, keyCode=KEYCODE_BACK, scanCode=0, metaState=0, flags=0x0, repeatCount=0, eventTime=891186321, downTime=891186321, deviceId=-1, source=0x101 }
08-06 15:32:49.921  2628  2628 D AndroidRuntime: Shutting down VM
08-06 15:32:49.926  1239  1239 V PlaybackController: initServiceNotRunning()
08-06 15:32:49.926  1239  1239 D ExternalPlayerFragment: Loading media info
08-06 15:32:49.931  1239  1239 D UserPreferences: Using default data folder
08-06 15:32:49.931  1239  1790 D DBReader: getNavDrawerData() called with: 
08-06 15:32:49.945  1239  1790 D DBReader: getDownloadedItems() called
08-06 15:32:49.947  1239  1790 D DBReader: getFavoriteIDList() called
08-06 15:32:49.947  1239  1790 D DBReader: getQueueIDList() called
08-06 15:32:49.948  1239  1790 D DBReader: Extracting Feedlist
08-06 15:32:49.956  1239  1251 I art     : Explicit concurrent mark sweep GC freed 653(55KB) AllocSpace objects, 0(0B) LOS objects, 33% free, 31MB/47MB, paused 1.139ms total 43.327ms
08-06 15:32:49.964 13866 13866 I GoogleInputMethodServic: GoogleInputMethodService.onFinishInput():3138 
08-06 15:32:49.965 13866 13866 I GoogleInputMethodServic: GoogleInputMethodService.onStartInput():1808 
08-06 15:32:49.970  1239  1251 I art     : Starting a blocking GC Explicit
08-06 15:32:49.980  1239  1239 D MainActivity: getLastNavFragment() -> AddFeedFragment
08-06 15:32:49.987  1239  2160 D ApOkHttpUrlLoader: buildLoadData() called with: model = [http://static.libsyn.com/p/assets/7/1/f/3/71f3014e14ef2722/JREiTunesImage2.jpg], width = [140], height = [140]
08-06 15:32:50.014  1239  1251 I art     : Explicit concurrent mark sweep GC freed 831(40KB) AllocSpace objects, 0(0B) LOS objects, 33% free, 31MB/47MB, paused 1.327ms total 44.132ms
08-06 15:32:50.033  1239  2160 D ApOkHttpUrlLoader: buildLoadData() called with: model = [http://static.libsyn.com/p/assets/7/1/f/3/71f3014e14ef2722/JREiTunesImage2.jpg], width = [140], height = [140]
08-06 15:32:50.266   380   380 W SurfaceFlinger: couldn't log to binary event log: overflow.
08-06 15:32:50.315  1239  1252 I art     : Starting a blocking GC Explicit
08-06 15:32:50.362  1239  1252 I art     : Explicit concurrent mark sweep GC freed 2507(142KB) AllocSpace objects, 1(20KB) LOS objects, 33% free, 31MB/47MB, paused 1.192ms total 47.453ms
08-06 15:32:50.378  1239  1252 I art     : Starting a blocking GC Explicit
08-06 15:32:50.418  1239  1252 I art     : Explicit concurrent mark sweep GC freed 33390(3MB) AllocSpace objects, 2(248KB) LOS objects, 36% free, 28MB/44MB, paused 1.140ms total 40.130ms
08-06 15:32:50.430  1239  1252 I art     : Starting a blocking GC Explicit
08-06 15:32:50.465  1239  1252 I art     : Explicit concurrent mark sweep GC freed 3(96B) AllocSpace objects, 0(0B) LOS objects, 36% free, 28MB/44MB, paused 1.133ms total 34.678ms
08-06 15:32:50.477  1239  1252 I art     : Starting a blocking GC Explicit
08-06 15:32:50.511  1239  1252 I art     : Explicit concurrent mark sweep GC freed 3(96B) AllocSpace objects, 0(0B) LOS objects, 36% free, 28MB/44MB, paused 1.126ms total 33.851ms
08-06 15:32:50.523  1239  1252 I art     : Starting a blocking GC Explicit
08-06 15:32:50.558  1239  1252 I art     : Explicit concurrent mark sweep GC freed 3(96B) AllocSpace objects, 0(0B) LOS objects, 36% free, 28MB/44MB, paused 1.212ms total 34.658ms
08-06 15:32:50.876  1239  1581 I art     : Starting a blocking GC Explicit
08-06 15:32:50.922  1239  1581 I art     : Explicit concurrent mark sweep GC freed 1376(82KB) AllocSpace objects, 1(20KB) LOS objects, 36% free, 28MB/44MB, paused 1.233ms total 45.696ms
08-06 15:32:50.939  1239  1581 I art     : Starting a blocking GC Explicit
08-06 15:32:50.973  1239  1581 I art     : Explicit concurrent mark sweep GC freed 23(752B) AllocSpace objects, 0(0B) LOS objects, 36% free, 28MB/44MB, paused 1.154ms total 33.155ms
08-06 15:32:50.984  1239  1581 I art     : Starting a blocking GC Explicit
08-06 15:32:51.019  1239  1581 I art     : Explicit concurrent mark sweep GC freed 32(880B) AllocSpace objects, 0(0B) LOS objects, 36% free, 28MB/44MB, paused 1.193ms total 34.302ms
08-06 15:32:51.031  1239  1581 I art     : Starting a blocking GC Explicit
08-06 15:32:51.065  1239  1581 I art     : Explicit concurrent mark sweep GC freed 3(96B) AllocSpace objects, 0(0B) LOS objects, 36% free, 28MB/44MB, paused 1.172ms total 33.995ms
08-06 15:32:51.077  1239  1581 I art     : Starting a blocking GC Explicit
08-06 15:32:51.111  1239  1581 I art     : Explicit concurrent mark sweep GC freed 3(96B) AllocSpace objects, 0(0B) LOS objects, 36% free, 28MB/44MB, paused 1.147ms total 33.797ms
08-06 15:32:51.406  1239  1265 I art     : Starting a blocking GC Explicit
08-06 15:32:51.442  1239  1265 I art     : Explicit concurrent mark sweep GC freed 1373(80KB) AllocSpace objects, 1(20KB) LOS objects, 36% free, 28MB/44MB, paused 1.260ms total 35.649ms
08-06 15:32:51.454  1239  1265 I art     : Starting a blocking GC Explicit
08-06 15:32:51.489  1239  1265 I art     : Explicit concurrent mark sweep GC freed 23(752B) AllocSpace objects, 0(0B) LOS objects, 36% free, 28MB/44MB, paused 1.234ms total 34.971ms
08-06 15:32:51.501  1239  1265 I art     : Starting a blocking GC Explicit
08-06 15:32:51.536  1239  1265 I art     : Explicit concurrent mark sweep GC freed 3(96B) AllocSpace objects, 0(0B) LOS objects, 36% free, 28MB/44MB, paused 1.236ms total 35.082ms
08-06 15:32:51.548  1239  1265 I art     : Starting a blocking GC Explicit
08-06 15:32:51.588  1239  1265 I art     : Explicit concurrent mark sweep GC freed 5(160B) AllocSpace objects, 0(0B) LOS objects, 36% free, 28MB/44MB, paused 1.334ms total 39.345ms
08-06 15:32:51.602  1239  1265 I art     : Starting a blocking GC Explicit
08-06 15:32:51.641  1239  1265 I art     : Explicit concurrent mark sweep GC freed 12(384B) AllocSpace objects, 0(0B) LOS objects, 36% free, 28MB/44MB, paused 1.112ms total 39.152ms
08-06 15:32:51.727  2671  2671 D AndroidRuntime: >>>>>> START com.android.internal.os.RuntimeInit uid 2000 <<<<<<
08-06 15:32:51.734  2671  2671 D AndroidRuntime: CheckJNI is OFF
08-06 15:32:51.776  2671  2671 D ICU     : No timezone override file found: /data/misc/zoneinfo/current/icu/icu_tzdata.dat
08-06 15:32:51.819  2671  2671 I Radio-JNI: register_android_hardware_Radio DONE
08-06 15:32:51.847  2671  2671 D AndroidRuntime: Calling main entry com.android.commands.input.Input
08-06 15:32:51.850  2671  2671 I Input   : injectMotionEvent: MotionEvent { action=ACTION_DOWN, actionButton=0, id[0]=0, x[0]=639.0, y[0]=762.0, toolType[0]=TOOL_TYPE_UNKNOWN, buttonState=0, metaState=0, flags=0x0, edgeFlags=0x0, pointerCount=1, historySize=0, eventTime=891188262, downTime=891188262, deviceId=0, source=0x1002 }
08-06 15:32:51.855  2671  2671 I Input   : injectMotionEvent: MotionEvent { action=ACTION_UP, actionButton=0, id[0]=0, x[0]=639.0, y[0]=762.0, toolType[0]=TOOL_TYPE_UNKNOWN, buttonState=0, metaState=0, flags=0x0, edgeFlags=0x0, pointerCount=1, historySize=0, eventTime=891188262, downTime=891188262, deviceId=0, source=0x1002 }
08-06 15:32:51.857  2671  2671 D AndroidRuntime: Shutting down VM
08-06 15:32:51.923   512  2967 D audio_hw_primary: out_set_parameters: enter: usecase(1: low-latency-playback) kvpairs: routing=2
08-06 15:32:51.936   512  2967 D audio_hw_primary: select_devices: out_snd_device(2: speaker) in_snd_device(0: none)
08-06 15:32:51.936   512  2967 D msm8974_platform: platform_send_audio_calibration: sending audio calibration for snd_device(2) acdb_id(15)
08-06 15:32:51.937   512  2967 I soundtrigger: audio_extn_sound_trigger_update_device_status: device 0x2 of type 0 for Event 1
08-06 15:32:51.941 13866 13866 I GoogleInputMethodServic: GoogleInputMethodService.onFinishInput():3138 
08-06 15:32:51.942 13866 13866 I GoogleInputMethodServic: GoogleInputMethodService.onStartInput():1808 
08-06 15:32:51.948   512  2967 D audio_hw_primary: enable_snd_device: snd_device(2: speaker)
08-06 15:32:51.950   512  2967 D audio_hw_primary: enable_audio_route: apply and update mixer path: low-latency-playback speaker
08-06 15:32:51.959  1239  1252 I art     : Starting a blocking GC Explicit
08-06 15:32:51.997  1239  1252 I art     : Explicit concurrent mark sweep GC freed 1845(103KB) AllocSpace objects, 1(20KB) LOS objects, 36% free, 28MB/44MB, paused 1.224ms total 37.828ms
08-06 15:32:52.009  1239  1252 I art     : Starting a blocking GC Explicit
08-06 15:32:52.042  1239  1252 I art     : Explicit concurrent mark sweep GC freed 79(2640B) AllocSpace objects, 0(0B) LOS objects, 36% free, 28MB/44MB, paused 1.230ms total 32.760ms
08-06 15:32:52.053  1239  1252 I art     : Starting a blocking GC Explicit
08-06 15:32:52.085  1239  1252 I art     : Explicit concurrent mark sweep GC freed 15(544B) AllocSpace objects, 0(0B) LOS objects, 36% free, 28MB/44MB, paused 1.161ms total 32.174ms
08-06 15:32:52.097  1239  1252 I art     : Starting a blocking GC Explicit
08-06 15:32:52.111  1239  1268 I NAPPA_EXPERIMENTATION: MetricNetworkRequestExecutionTime: REQUEST_DURATION_SYSTEM='188',REQUEST_DURATION_OKHTTP='186',REQUEST_SYNCHRONOUS='TRUE',RESPONSE_CODE='200',RESPONSE_METHOD='GET',RESPONSE_LENGTH_OKHTTP='-1',RESPONSE_LENGTH_HEADER='622',REQUEST_PROTOCOL='h2',REQUEST_URL='https://itunes.apple.com/lookup?id=360084272',
08-06 15:32:52.129  1239  1252 I art     : Explicit concurrent mark sweep GC freed 408(38KB) AllocSpace objects, 0(0B) LOS objects, 36% free, 28MB/44MB, paused 1.187ms total 31.998ms
08-06 15:32:52.137   918  3961 I ActivityManager: START u0 {cmp=baseline.de.danoeh.antennapod.debug/baseline.de.danoeh.antennapod.activity.OnlineFeedViewActivity (has extras)} from uid 10711 on display 0
08-06 15:32:52.140  1239  1252 I art     : Starting a blocking GC Explicit
08-06 15:32:52.159 13866 13866 I GoogleInputMethodServic: GoogleInputMethodService.onFinishInput():3138 
08-06 15:32:52.160 13866 13866 I GoogleInputMethodServic: GoogleInputMethodService.onStartInput():1808 
08-06 15:32:52.172  1239  1252 I art     : Explicit concurrent mark sweep GC freed 325(11KB) AllocSpace objects, 0(0B) LOS objects, 36% free, 28MB/44MB, paused 1.411ms total 31.658ms
08-06 15:32:52.186  1239  1239 D UserPreferences: Using default data folder
08-06 15:32:52.187  1239  1239 D OnlineFeedViewActivity: Activity was started with url http://joeroganexp.joerogan.libsynpro.com/rss
08-06 15:32:52.190  1239  1239 D OnlineFeedViewActivity: Starting feed download
08-06 15:32:52.193  1239  1261 D DBReader: Extracting Feedlist
08-06 15:32:52.195   918  6029 D WifiService: acquireWifiLockLocked: WifiLock{Downloader type=1 binder=android.os.BinderProxy@e485d97}
08-06 15:32:52.196  1239  1261 D AntennapodHttpClient: Creating new instance of HTTP client
08-06 15:32:52.235  1239  1261 D MYTAG   : interceptor 3a http://joeroganexp.joerogan.libsynpro.com/rss
08-06 15:32:52.235  1239  1261 I NAPPA_EXPERIMENTATION: MetricNetworkRequestExecutionTime: REQUEST_DURATION_SYSTEM='38',REQUEST_DURATION_OKHTTP='34',REQUEST_SYNCHRONOUS='TRUE',RESPONSE_CODE='200',RESPONSE_METHOD='GET',RESPONSE_LENGTH_OKHTTP='-1',RESPONSE_LENGTH_HEADER='307892',REQUEST_PROTOCOL='http/1.1',REQUEST_URL='http://joeroganexp.joerogan.libsynpro.com/rss',
08-06 15:32:52.235  1239  1261 D HttpDownloader: Response code is 200
08-06 15:32:52.236  1239  1261 D UserPreferences: Using default data folder
08-06 15:32:52.237  1239  1261 D HttpDownloader: Getting size of download
08-06 15:32:52.237  1239  1261 D HttpDownloader: Size is -1
08-06 15:32:52.237  1239  1261 D UserPreferences: Using default data folder
08-06 15:32:52.238  1239  1261 D HttpDownloader: Free space is 20252045312
08-06 15:32:52.238  1239  1261 D HttpDownloader: Starting download
08-06 15:32:52.254 13866 13866 I GoogleInputMethodServic: GoogleInputMethodService.onFinishInput():3138 
08-06 15:32:52.255 13866 13866 I GoogleInputMethodServic: GoogleInputMethodService.onStartInput():1808 
08-06 15:32:52.280   918   936 I ActivityManager: Displayed baseline.de.danoeh.antennapod.debug/baseline.de.danoeh.antennapod.activity.OnlineFeedViewActivity: +121ms
08-06 15:32:52.304  1239  1262 D OpenGLRenderer: endAllStagingAnimators on 0x7f7ee5c400 (GridView) with handle 0x7f7943fe40
08-06 15:32:52.424  1239  1261 D HttpDownloader: Download was successful
08-06 15:32:52.424   918  6112 D WifiService: releaseWifiLockLocked: WifiLock{Downloader type=1 binder=android.os.BinderProxy@e485d97}
08-06 15:32:52.425  1239  1239 D OnlineFeedViewActivity: Parsing feed
08-06 15:32:52.430  1239  2716 D TypeGetter: Recognized type RSS 2.0
08-06 15:32:52.432  1239  2716 D SyndHandler: Recognized Atom namespace
08-06 15:32:52.433  1239  2716 D SyndHandler: Recognized ITunes namespace
08-06 15:32:52.433  1239  2716 D SyndHandler: Recognized media namespace
08-06 15:32:52.433  1239  2716 D SyndHandler: Recognized Content namespace
08-06 15:32:52.469  1239  1265 I art     : Starting a blocking GC Explicit
08-06 15:32:52.489   512  2967 D audio_hw_primary: disable_audio_route: reset and update mixer path: low-latency-playback speaker
08-06 15:32:52.491   512  2967 D audio_hw_primary: disable_snd_device: snd_device(2: speaker)
08-06 15:32:52.500   512  2967 I soundtrigger: audio_extn_sound_trigger_update_device_status: device 0x2 of type 0 for Event 0
08-06 15:32:52.513  1239  1265 I art     : Explicit concurrent mark sweep GC freed 6155(509KB) AllocSpace objects, 4(80KB) LOS objects, 36% free, 28MB/44MB, paused 1.466ms total 43.485ms
08-06 15:32:52.528  1239  1265 I art     : Starting a blocking GC Explicit
08-06 15:32:52.536   380   380 W SurfaceFlinger: couldn't log to binary event log: overflow.
08-06 15:32:52.563  1239  1265 I art     : Explicit concurrent mark sweep GC freed 3456(168KB) AllocSpace objects, 0(0B) LOS objects, 36% free, 28MB/44MB, paused 1.331ms total 35.294ms
08-06 15:32:52.574  1239  1265 I art     : Starting a blocking GC Explicit
08-06 15:32:52.608  1239  1265 I art     : Explicit concurrent mark sweep GC freed 2353(124KB) AllocSpace objects, 0(0B) LOS objects, 35% free, 28MB/44MB, paused 1.432ms total 33.158ms
08-06 15:32:52.619  1239  1265 I art     : Starting a blocking GC Explicit
08-06 15:32:52.652  1239  1265 I art     : Explicit concurrent mark sweep GC freed 2609(135KB) AllocSpace objects, 0(0B) LOS objects, 35% free, 28MB/44MB, paused 1.488ms total 33.254ms
08-06 15:32:52.657  1239  1239 D PlaybackController: Releasing PlaybackController
08-06 15:32:52.665  1239  1265 I art     : Starting a blocking GC Explicit
08-06 15:32:52.700  1239  1265 I art     : Explicit concurrent mark sweep GC freed 2905(145KB) AllocSpace objects, 0(0B) LOS objects, 35% free, 28MB/44MB, paused 1.437ms total 34.688ms
08-06 15:32:53.002  1239  1265 I art     : Starting a blocking GC Explicit
08-06 15:32:53.045  1239  1265 I art     : Explicit concurrent mark sweep GC freed 19862(1065KB) AllocSpace objects, 1(20KB) LOS objects, 35% free, 29MB/45MB, paused 1.534ms total 42.777ms
08-06 15:32:53.058  1239  1265 I art     : Starting a blocking GC Explicit
08-06 15:32:53.094  1239  1265 I art     : Explicit concurrent mark sweep GC freed 5612(277KB) AllocSpace objects, 0(0B) LOS objects, 35% free, 29MB/45MB, paused 1.576ms total 35.805ms
08-06 15:32:53.106  1239  1265 I art     : Starting a blocking GC Explicit
08-06 15:32:53.142  1239  1265 I art     : Explicit concurrent mark sweep GC freed 5190(251KB) AllocSpace objects, 0(0B) LOS objects, 35% free, 29MB/45MB, paused 1.349ms total 35.192ms
08-06 15:32:53.153  1239  1265 I art     : Starting a blocking GC Explicit
08-06 15:32:53.189  1239  1265 I art     : Explicit concurrent mark sweep GC freed 2782(140KB) AllocSpace objects, 0(0B) LOS objects, 35% free, 29MB/45MB, paused 1.816ms total 35.418ms
08-06 15:32:53.201  1239  1265 I art     : Starting a blocking GC Explicit
08-06 15:32:53.212 29768 29768 I ServiceManager: Waiting for service AtCmdFwd...
08-06 15:32:53.236  1239  1265 I art     : Explicit concurrent mark sweep GC freed 2865(151KB) AllocSpace objects, 0(0B) LOS objects, 35% free, 29MB/45MB, paused 1.471ms total 34.877ms
08-06 15:32:53.546  1239  1251 I art     : Starting a blocking GC Explicit
08-06 15:32:53.592  1239  1251 I art     : Explicit concurrent mark sweep GC freed 20556(1082KB) AllocSpace objects, 1(20KB) LOS objects, 35% free, 29MB/45MB, paused 1.569ms total 45.911ms
08-06 15:32:53.606  1239  1251 I art     : Starting a blocking GC Explicit
08-06 15:32:53.645  1239  1251 I art     : Explicit concurrent mark sweep GC freed 4585(222KB) AllocSpace objects, 0(0B) LOS objects, 35% free, 29MB/45MB, paused 1.658ms total 38.569ms
08-06 15:32:53.658  1239  1251 I art     : Starting a blocking GC Explicit
08-06 15:32:53.695  1239  1251 I art     : Explicit concurrent mark sweep GC freed 6814(334KB) AllocSpace objects, 0(0B) LOS objects, 35% free, 29MB/45MB, paused 1.517ms total 37.170ms
08-06 15:32:53.707  1239  1251 I art     : Starting a blocking GC Explicit
08-06 15:32:53.746  1239  1251 I art     : Explicit concurrent mark sweep GC freed 2917(153KB) AllocSpace objects, 0(0B) LOS objects, 35% free, 29MB/45MB, paused 1.589ms total 38.593ms
08-06 15:32:53.759  1239  1251 I art     : Starting a blocking GC Explicit
08-06 15:32:53.797  1239  1251 I art     : Explicit concurrent mark sweep GC freed 2871(149KB) AllocSpace objects, 0(0B) LOS objects, 35% free, 29MB/45MB, paused 1.658ms total 38.055ms
08-06 15:32:54.114  1239  1251 I art     : Starting a blocking GC Explicit
08-06 15:32:54.163  1239  1251 I art     : Explicit concurrent mark sweep GC freed 20333(1100KB) AllocSpace objects, 1(20KB) LOS objects, 34% free, 30MB/46MB, paused 1.770ms total 49.209ms
08-06 15:32:54.178  1239  1251 I art     : Starting a blocking GC Explicit
08-06 15:32:54.213 29768 29768 I ServiceManager: Waiting for service AtCmdFwd...
08-06 15:32:54.221  1239  1251 I art     : Explicit concurrent mark sweep GC freed 3394(178KB) AllocSpace objects, 0(0B) LOS objects, 34% free, 30MB/46MB, paused 1.838ms total 43.280ms
08-06 15:32:54.234  1239  1251 I art     : Starting a blocking GC Explicit
08-06 15:32:54.275  1239  1251 I art     : Explicit concurrent mark sweep GC freed 8165(399KB) AllocSpace objects, 0(0B) LOS objects, 34% free, 30MB/46MB, paused 1.514ms total 40.988ms
08-06 15:32:54.289  1239  1251 I art     : Starting a blocking GC Explicit
08-06 15:32:54.329  1239  1251 I art     : Explicit concurrent mark sweep GC freed 3621(189KB) AllocSpace objects, 0(0B) LOS objects, 34% free, 30MB/46MB, paused 1.529ms total 40.273ms
08-06 15:32:54.343  1239  1251 I art     : Starting a blocking GC Explicit
08-06 15:32:54.383  1239  1251 I art     : Explicit concurrent mark sweep GC freed 3157(167KB) AllocSpace objects, 0(0B) LOS objects, 34% free, 30MB/46MB, paused 1.672ms total 40.032ms
08-06 15:32:54.737  1239  1252 I art     : Starting a blocking GC Explicit
08-06 15:32:54.789  1239  1252 I art     : Explicit concurrent mark sweep GC freed 22707(1250KB) AllocSpace objects, 1(20KB) LOS objects, 34% free, 30MB/46MB, paused 1.793ms total 52.271ms
08-06 15:32:54.804  1239  1252 I art     : Starting a blocking GC Explicit
08-06 15:32:54.848  1239  1252 I art     : Explicit concurrent mark sweep GC freed 4700(234KB) AllocSpace objects, 0(0B) LOS objects, 34% free, 30MB/46MB, paused 3.634ms total 44.217ms
08-06 15:32:54.862  1239  1252 I art     : Starting a blocking GC Explicit
08-06 15:32:54.905  1239  1252 I art     : Explicit concurrent mark sweep GC freed 7780(369KB) AllocSpace objects, 0(0B) LOS objects, 34% free, 30MB/46MB, paused 1.757ms total 42.864ms
08-06 15:32:54.918  1239  1252 I art     : Starting a blocking GC Explicit
08-06 15:32:54.961  1239  1252 I art     : Explicit concurrent mark sweep GC freed 3886(196KB) AllocSpace objects, 0(0B) LOS objects, 34% free, 30MB/46MB, paused 1.504ms total 42.204ms
08-06 15:32:54.974  1239  1252 I art     : Starting a blocking GC Explicit
08-06 15:32:55.017  1239  1252 I art     : Explicit concurrent mark sweep GC freed 3353(174KB) AllocSpace objects, 0(0B) LOS objects, 34% free, 30MB/46MB, paused 1.741ms total 43.299ms
08-06 15:32:55.214 29768 29768 I ServiceManager: Waiting for service AtCmdFwd...
08-06 15:32:55.345  1239  1251 I art     : Starting a blocking GC Explicit
08-06 15:32:55.400  1239  1251 I art     : Explicit concurrent mark sweep GC freed 21796(1066KB) AllocSpace objects, 1(20KB) LOS objects, 33% free, 31MB/47MB, paused 2.059ms total 54.933ms
08-06 15:32:55.415  1239  1251 I art     : Starting a blocking GC Explicit
08-06 15:32:55.459  1239  1251 I art     : Explicit concurrent mark sweep GC freed 7702(348KB) AllocSpace objects, 0(0B) LOS objects, 33% free, 31MB/47MB, paused 1.652ms total 43.560ms
08-06 15:32:55.472  1239  1251 I art     : Starting a blocking GC Explicit
08-06 15:32:55.515  1239  1251 I art     : Explicit concurrent mark sweep GC freed 4817(211KB) AllocSpace objects, 0(0B) LOS objects, 33% free, 31MB/47MB, paused 1.706ms total 42.990ms
08-06 15:32:55.529  1239  1251 I art     : Starting a blocking GC Explicit
08-06 15:32:55.574  1239  1251 I art     : Explicit concurrent mark sweep GC freed 3437(156KB) AllocSpace objects, 0(0B) LOS objects, 33% free, 31MB/47MB, paused 1.537ms total 44.015ms
08-06 15:32:55.588  1239  1251 I art     : Starting a blocking GC Explicit
08-06 15:32:55.633  1239  1251 I art     : Explicit concurrent mark sweep GC freed 3539(168KB) AllocSpace objects, 0(0B) LOS objects, 33% free, 31MB/47MB, paused 1.762ms total 44.845ms
08-06 15:32:55.708  1239  2716 D OnlineFeedViewActivity: Deleted feed source file. Result: true
08-06 15:32:55.723  1239  1239 D OnlineFeedViewActivity: Removing HTML from shownotes
08-06 15:32:55.938  1239  1581 I art     : Waiting for a blocking GC Explicit
08-06 15:32:55.939  1239  1581 I art     : Starting a blocking GC Explicit
08-06 15:32:55.992  1239  1581 I art     : Explicit concurrent mark sweep GC freed 38042(3MB) AllocSpace objects, 165(10MB) LOS objects, 32% free, 32MB/48MB, paused 1.591ms total 52.341ms
08-06 15:32:56.007  1239  1581 I art     : Starting a blocking GC Explicit
08-06 15:32:56.058  1239  1581 I art     : Explicit concurrent mark sweep GC freed 42512(3MB) AllocSpace objects, 193(12MB) LOS objects, 32% free, 32MB/48MB, paused 1.507ms total 50.812ms
08-06 15:32:56.072  1239  1581 I art     : Starting a blocking GC Explicit
08-06 15:32:56.125  1239  1581 I art     : Explicit concurrent mark sweep GC freed 43915(3MB) AllocSpace objects, 190(12MB) LOS objects, 32% free, 32MB/48MB, paused 1.505ms total 52.663ms
08-06 15:32:56.140  1239  1581 I art     : Starting a blocking GC Explicit
08-06 15:32:56.191  1239  1581 I art     : Explicit concurrent mark sweep GC freed 42796(3MB) AllocSpace objects, 198(13MB) LOS objects, 32% free, 33MB/49MB, paused 1.417ms total 50.257ms
08-06 15:32:56.205  1239  1581 I art     : Starting a blocking GC Explicit
08-06 15:32:56.214 29768 29768 I ServiceManager: Waiting for service AtCmdFwd...
08-06 15:32:56.257  1239  1581 I art     : Explicit concurrent mark sweep GC freed 47996(5MB) AllocSpace objects, 302(20MB) LOS objects, 31% free, 34MB/50MB, paused 1.454ms total 51.347ms
08-06 15:32:56.287  1239  1239 I Choreographer: Skipped 32 frames!  The application may be doing too much work on its main thread.
08-06 15:32:56.478   518   646 I ThermalEngine: ACTION: GPU - Setting GPU[0] to 390000000
08-06 15:32:56.619  1239  1251 I art     : Starting a blocking GC Explicit
08-06 15:32:56.692  1239  1251 I art     : Explicit concurrent mark sweep GC freed 20658(2MB) AllocSpace objects, 112(7MB) LOS objects, 33% free, 31MB/47MB, paused 1.980ms total 72.856ms
08-06 15:32:56.705  2778  2778 D AndroidRuntime: >>>>>> START com.android.internal.os.RuntimeInit uid 2000 <<<<<<
08-06 15:32:56.712  2778  2778 D AndroidRuntime: CheckJNI is OFF
08-06 15:32:56.715  1239  1251 I art     : Starting a blocking GC Explicit
08-06 15:32:56.760  2778  2778 D ICU     : No timezone override file found: /data/misc/zoneinfo/current/icu/icu_tzdata.dat
08-06 15:32:56.771  1239  1251 I art     : Explicit concurrent mark sweep GC freed 565(27KB) AllocSpace objects, 1(112KB) LOS objects, 33% free, 31MB/47MB, paused 1.725ms total 55.575ms
08-06 15:32:56.793  1239  1251 I art     : Starting a blocking GC Explicit
08-06 15:32:56.804  2778  2778 I Radio-JNI: register_android_hardware_Radio DONE
08-06 15:32:56.836  2778  2778 D AndroidRuntime: Calling main entry com.android.commands.input.Input
08-06 15:32:56.838  2778  2778 I Input   : injectKeyEvent: KeyEvent { action=ACTION_DOWN, keyCode=KEYCODE_BACK, scanCode=0, metaState=0, flags=0x0, repeatCount=0, eventTime=891193251, downTime=891193251, deviceId=-1, source=0x101 }
08-06 15:32:56.844  2778  2778 I Input   : injectKeyEvent: KeyEvent { action=ACTION_UP, keyCode=KEYCODE_BACK, scanCode=0, metaState=0, flags=0x0, repeatCount=0, eventTime=891193251, downTime=891193251, deviceId=-1, source=0x101 }
08-06 15:32:56.851  1239  1251 I art     : Explicit concurrent mark sweep GC freed 10(640B) AllocSpace objects, 0(0B) LOS objects, 33% free, 31MB/47MB, paused 2.191ms total 57.358ms
08-06 15:32:56.852  2778  2778 D AndroidRuntime: Shutting down VM
08-06 15:32:56.859  1239  1239 V PlaybackController: initServiceNotRunning()
08-06 15:32:56.859  1239  1239 D ExternalPlayerFragment: Loading media info
08-06 15:32:56.867  1239  1239 D UserPreferences: Using default data folder
08-06 15:32:56.867  1239  1261 D DBReader: getNavDrawerData() called with: 
08-06 15:32:56.873  1239  1251 I art     : Starting a blocking GC Explicit
08-06 15:32:56.883  1239  1261 D DBReader: getDownloadedItems() called
08-06 15:32:56.885  1239  1261 D DBReader: getFavoriteIDList() called
08-06 15:32:56.886  1239  1261 D DBReader: getQueueIDList() called
08-06 15:32:56.887  1239  1261 D DBReader: Extracting Feedlist
08-06 15:32:56.898 13866 13866 I GoogleInputMethodServic: GoogleInputMethodService.onFinishInput():3138 
08-06 15:32:56.899 13866 13866 I GoogleInputMethodServic: GoogleInputMethodService.onStartInput():1808 
08-06 15:32:56.914  1239  1239 D MainActivity: getLastNavFragment() -> AddFeedFragment
08-06 15:32:56.927  1239  1251 I art     : Explicit concurrent mark sweep GC freed 659(50KB) AllocSpace objects, 0(0B) LOS objects, 33% free, 31MB/47MB, paused 2.134ms total 53.787ms
08-06 15:32:56.947  1239  1251 I art     : Starting a blocking GC Explicit
08-06 15:32:57.001  1239  1251 I art     : Explicit concurrent mark sweep GC freed 724(34KB) AllocSpace objects, 0(0B) LOS objects, 33% free, 31MB/47MB, paused 1.877ms total 53.703ms
08-06 15:32:57.206   380   380 W SurfaceFlinger: couldn't log to binary event log: overflow.
08-06 15:32:57.216 29768 29768 I ServiceManager: Waiting for service AtCmdFwd...
08-06 15:32:57.344  1239  1581 I art     : Starting a blocking GC Explicit
08-06 15:32:57.406  1239  1581 I art     : Explicit concurrent mark sweep GC freed 2153(116KB) AllocSpace objects, 1(20KB) LOS objects, 33% free, 31MB/47MB, paused 1.695ms total 61.310ms
08-06 15:32:57.428  1239  1581 I art     : Starting a blocking GC Explicit
08-06 15:32:57.490  1239  1581 I art     : Explicit concurrent mark sweep GC freed 37(1440B) AllocSpace objects, 0(0B) LOS objects, 33% free, 31MB/47MB, paused 2.070ms total 61.380ms
08-06 15:32:57.518  1239  1581 I art     : Starting a blocking GC Explicit
08-06 15:32:57.584  1239  1581 I art     : Explicit concurrent mark sweep GC freed 3(96B) AllocSpace objects, 0(0B) LOS objects, 33% free, 31MB/47MB, paused 2.351ms total 66.155ms
08-06 15:32:57.610  1239  1581 I art     : Starting a blocking GC Explicit
08-06 15:32:57.671  1239  1581 I art     : Explicit concurrent mark sweep GC freed 3(96B) AllocSpace objects, 0(0B) LOS objects, 33% free, 31MB/47MB, paused 1.788ms total 61.192ms
08-06 15:32:57.694  1239  1581 I art     : Starting a blocking GC Explicit
08-06 15:32:57.760  1239  1581 I art     : Explicit concurrent mark sweep GC freed 3(96B) AllocSpace objects, 0(0B) LOS objects, 33% free, 31MB/47MB, paused 1.977ms total 65.395ms
08-06 15:32:58.119  1239  1251 I art     : Starting a blocking GC Explicit
08-06 15:32:58.179  1239  1251 I art     : Explicit concurrent mark sweep GC freed 1506(89KB) AllocSpace objects, 1(20KB) LOS objects, 33% free, 31MB/47MB, paused 1.925ms total 59.648ms
08-06 15:32:58.201  1239  1251 I art     : Starting a blocking GC Explicit
08-06 15:32:58.217 29768 29768 W Atfwd_Sendcmd: AtCmdFwd service not published, waiting... retryCnt : 5
08-06 15:32:58.248  1239  1251 I art     : Explicit concurrent mark sweep GC freed 33168(3MB) AllocSpace objects, 1(28KB) LOS objects, 36% free, 28MB/44MB, paused 1.854ms total 46.751ms
08-06 15:32:58.265  1239  1251 I art     : Starting a blocking GC Explicit
08-06 15:32:58.307  1239  1251 I art     : Explicit concurrent mark sweep GC freed 3(96B) AllocSpace objects, 0(0B) LOS objects, 36% free, 28MB/44MB, paused 1.959ms total 42.015ms
08-06 15:32:58.324  1239  1251 I art     : Starting a blocking GC Explicit
08-06 15:32:58.366  1239  1251 I art     : Explicit concurrent mark sweep GC freed 3(96B) AllocSpace objects, 0(0B) LOS objects, 36% free, 28MB/44MB, paused 1.782ms total 41.543ms
08-06 15:32:58.383  1239  1251 I art     : Starting a blocking GC Explicit
08-06 15:32:58.426  1239  1251 I art     : Explicit concurrent mark sweep GC freed 3(96B) AllocSpace objects, 0(0B) LOS objects, 36% free, 28MB/44MB, paused 1.950ms total 42.518ms
08-06 15:32:58.476   518   646 I ThermalEngine: ACTION: GPU - Setting GPU[0] to 450000000
08-06 15:32:58.673  2822  2822 D AndroidRuntime: >>>>>> START com.android.internal.os.RuntimeInit uid 2000 <<<<<<
08-06 15:32:58.679  2822  2822 D AndroidRuntime: CheckJNI is OFF
08-06 15:32:58.722  2822  2822 D ICU     : No timezone override file found: /data/misc/zoneinfo/current/icu/icu_tzdata.dat
08-06 15:32:58.747  1239  1252 I art     : Starting a blocking GC Explicit
08-06 15:32:58.765  2822  2822 I Radio-JNI: register_android_hardware_Radio DONE
08-06 15:32:58.782  1239  1252 I art     : Explicit concurrent mark sweep GC freed 1400(81KB) AllocSpace objects, 1(20KB) LOS objects, 36% free, 28MB/44MB, paused 1.110ms total 34.865ms
08-06 15:32:58.794  1239  1252 I art     : Starting a blocking GC Explicit
08-06 15:32:58.795  2822  2822 D AndroidRuntime: Calling main entry com.android.commands.input.Input
08-06 15:32:58.797  2822  2822 I Input   : injectMotionEvent: MotionEvent { action=ACTION_DOWN, actionButton=0, id[0]=0, x[0]=616.0, y[0]=469.0, toolType[0]=TOOL_TYPE_UNKNOWN, buttonState=0, metaState=0, flags=0x0, edgeFlags=0x0, pointerCount=1, historySize=0, eventTime=891195209, downTime=891195209, deviceId=0, source=0x1002 }
08-06 15:32:58.802  2822  2822 I Input   : injectMotionEvent: MotionEvent { action=ACTION_UP, actionButton=0, id[0]=0, x[0]=616.0, y[0]=469.0, toolType[0]=TOOL_TYPE_UNKNOWN, buttonState=0, metaState=0, flags=0x0, edgeFlags=0x0, pointerCount=1, historySize=0, eventTime=891195209, downTime=891195209, deviceId=0, source=0x1002 }
08-06 15:32:58.804  2822  2822 D AndroidRuntime: Shutting down VM
08-06 15:32:58.827  1239  1252 I art     : Explicit concurrent mark sweep GC freed 62(2400B) AllocSpace objects, 0(0B) LOS objects, 36% free, 28MB/44MB, paused 1.402ms total 33.106ms
08-06 15:32:58.839  1239  1252 I art     : Starting a blocking GC Explicit
08-06 15:32:58.872   512  2967 D audio_hw_primary: out_set_parameters: enter: usecase(1: low-latency-playback) kvpairs: routing=2
08-06 15:32:58.873  1239  1252 I art     : Explicit concurrent mark sweep GC freed 18(560B) AllocSpace objects, 0(0B) LOS objects, 36% free, 28MB/44MB, paused 1.354ms total 33.555ms
08-06 15:32:58.882 13866 13866 I GoogleInputMethodServic: GoogleInputMethodService.onFinishInput():3138 
08-06 15:32:58.884 13866 13866 I GoogleInputMethodServic: GoogleInputMethodService.onStartInput():1808 
08-06 15:32:58.884  1239  1252 I art     : Starting a blocking GC Explicit
08-06 15:32:58.886   512  2967 D audio_hw_primary: select_devices: out_snd_device(2: speaker) in_snd_device(0: none)
08-06 15:32:58.886   512  2967 D msm8974_platform: platform_send_audio_calibration: sending audio calibration for snd_device(2) acdb_id(15)
08-06 15:32:58.886   512  2967 I soundtrigger: audio_extn_sound_trigger_update_device_status: device 0x2 of type 0 for Event 1
08-06 15:32:58.897   512  2967 D audio_hw_primary: enable_snd_device: snd_device(2: speaker)
08-06 15:32:58.899   512  2967 D audio_hw_primary: enable_audio_route: apply and update mixer path: low-latency-playback speaker
08-06 15:32:58.919  1239  1252 I art     : Explicit concurrent mark sweep GC freed 206(8KB) AllocSpace objects, 0(0B) LOS objects, 36% free, 28MB/44MB, paused 1.160ms total 34.728ms
08-06 15:32:58.931  1239  1252 I art     : Starting a blocking GC Explicit
08-06 15:32:58.962  1239  1252 I art     : Explicit concurrent mark sweep GC freed 25(944B) AllocSpace objects, 0(0B) LOS objects, 36% free, 28MB/44MB, paused 1.335ms total 31.290ms
08-06 15:32:59.066  1239  1790 I NAPPA_EXPERIMENTATION: MetricNetworkRequestExecutionTime: REQUEST_DURATION_SYSTEM='193',REQUEST_DURATION_OKHTTP='191',REQUEST_SYNCHRONOUS='TRUE',RESPONSE_CODE='200',RESPONSE_METHOD='GET',RESPONSE_LENGTH_OKHTTP='-1',RESPONSE_LENGTH_HEADER='628',REQUEST_PROTOCOL='h2',REQUEST_URL='https://itunes.apple.com/lookup?id=1524080195',
08-06 15:32:59.094   918  3359 I ActivityManager: START u0 {cmp=baseline.de.danoeh.antennapod.debug/baseline.de.danoeh.antennapod.activity.OnlineFeedViewActivity (has extras)} from uid 10711 on display 0
08-06 15:32:59.117 13866 13866 I GoogleInputMethodServic: GoogleInputMethodService.onFinishInput():3138 
08-06 15:32:59.117 13866 13866 I GoogleInputMethodServic: GoogleInputMethodService.onStartInput():1808 
08-06 15:32:59.141  1239  1239 D UserPreferences: Using default data folder
08-06 15:32:59.142  1239  1239 D OnlineFeedViewActivity: Activity was started with url https://rss.art19.com/nice-white-parents
08-06 15:32:59.144  1239  1239 D OnlineFeedViewActivity: Starting feed download
08-06 15:32:59.146  1239  1268 D DBReader: Extracting Feedlist
08-06 15:32:59.149   918  6110 D WifiService: acquireWifiLockLocked: WifiLock{Downloader type=1 binder=android.os.BinderProxy@b2aaf4c}
08-06 15:32:59.150  1239  1268 D AntennapodHttpClient: Creating new instance of HTTP client
08-06 15:32:59.207 13866 13866 I GoogleInputMethodServic: GoogleInputMethodService.onFinishInput():3138 
08-06 15:32:59.208 13866 13866 I GoogleInputMethodServic: GoogleInputMethodService.onStartInput():1808 
08-06 15:32:59.231   918   936 I ActivityManager: Displayed baseline.de.danoeh.antennapod.debug/baseline.de.danoeh.antennapod.activity.OnlineFeedViewActivity: +113ms
08-06 15:32:59.251  1239  1251 I art     : Starting a blocking GC Explicit
08-06 15:32:59.290  1239  1251 I art     : Explicit concurrent mark sweep GC freed 3241(212KB) AllocSpace objects, 1(20KB) LOS objects, 36% free, 28MB/44MB, paused 1.343ms total 38.719ms
08-06 15:32:59.302  1239  1251 I art     : Starting a blocking GC Explicit
08-06 15:32:59.335  1239  1251 I art     : Explicit concurrent mark sweep GC freed 385(17KB) AllocSpace objects, 0(0B) LOS objects, 36% free, 28MB/44MB, paused 1.349ms total 33.126ms
08-06 15:32:59.347  1239  1251 I art     : Starting a blocking GC Explicit
08-06 15:32:59.381  1239  1251 I art     : Explicit concurrent mark sweep GC freed 3(96B) AllocSpace objects, 0(0B) LOS objects, 36% free, 28MB/44MB, paused 1.287ms total 33.220ms
08-06 15:32:59.393  1239  1251 I art     : Starting a blocking GC Explicit
08-06 15:32:59.434  1239  1251 I art     : Explicit concurrent mark sweep GC freed 3(96B) AllocSpace objects, 0(0B) LOS objects, 36% free, 28MB/44MB, paused 1.310ms total 40.149ms
08-06 15:32:59.439   512  2967 D audio_hw_primary: disable_audio_route: reset and update mixer path: low-latency-playback speaker
08-06 15:32:59.440   512  2967 D audio_hw_primary: disable_snd_device: snd_device(2: speaker)
08-06 15:32:59.448  1239  1251 I art     : Starting a blocking GC Explicit
08-06 15:32:59.450   512  2967 I soundtrigger: audio_extn_sound_trigger_update_device_status: device 0x2 of type 0 for Event 0
08-06 15:32:59.475   380   380 W SurfaceFlinger: couldn't log to binary event log: overflow.
08-06 15:32:59.486  1239  1251 I art     : Explicit concurrent mark sweep GC freed 3(96B) AllocSpace objects, 0(0B) LOS objects, 36% free, 28MB/44MB, paused 1.251ms total 37.733ms
08-06 15:32:59.578  1239  1239 D PlaybackController: Releasing PlaybackController
08-06 15:32:59.797  1239  1251 I art     : Starting a blocking GC Explicit
08-06 15:32:59.833  1239  1251 I art     : Explicit concurrent mark sweep GC freed 1656(96KB) AllocSpace objects, 1(20KB) LOS objects, 36% free, 28MB/44MB, paused 1.267ms total 36.140ms
08-06 15:32:59.845  1239  1251 I art     : Starting a blocking GC Explicit
08-06 15:32:59.879  1239  1251 I art     : Explicit concurrent mark sweep GC freed 76(2544B) AllocSpace objects, 0(0B) LOS objects, 36% free, 28MB/44MB, paused 1.204ms total 33.701ms
08-06 15:32:59.891  1239  1251 I art     : Starting a blocking GC Explicit
08-06 15:32:59.926  1239  1251 I art     : Explicit concurrent mark sweep GC freed 15(576B) AllocSpace objects, 0(0B) LOS objects, 36% free, 28MB/44MB, paused 1.238ms total 33.886ms
08-06 15:32:59.937  1239  1251 I art     : Starting a blocking GC Explicit
08-06 15:32:59.971  1239  1251 I art     : Explicit concurrent mark sweep GC freed 665(58KB) AllocSpace objects, 2(120KB) LOS objects, 35% free, 28MB/44MB, paused 1.464ms total 33.610ms
08-06 15:32:59.982  1239  1251 I art     : Starting a blocking GC Explicit
08-06 15:33:00.018  1239  1251 I art     : Explicit concurrent mark sweep GC freed 4200(168KB) AllocSpace objects, 0(0B) LOS objects, 35% free, 28MB/44MB, paused 1.421ms total 34.933ms
08-06 15:33:00.151  1239  1268 D MYTAG   : interceptor 3a https://rss.art19.com/nice-white-parents
08-06 15:33:00.152  1239  1268 I NAPPA_EXPERIMENTATION: MetricNetworkRequestExecutionTime: REQUEST_DURATION_SYSTEM='1001',REQUEST_DURATION_OKHTTP='148',REQUEST_SYNCHRONOUS='TRUE',RESPONSE_CODE='200',RESPONSE_METHOD='GET',RESPONSE_LENGTH_OKHTTP='-1',RESPONSE_LENGTH_HEADER='1803',REQUEST_PROTOCOL='h2',REQUEST_URL='https://rss.art19.com/nice-white-parents',
08-06 15:33:00.152  1239  1268 D HttpDownloader: Response code is 200
08-06 15:33:00.152  1239  1268 D UserPreferences: Using default data folder
08-06 15:33:00.154  1239  1268 D HttpDownloader: Getting size of download
08-06 15:33:00.154  1239  1268 D HttpDownloader: Size is -1
08-06 15:33:00.154  1239  1268 D UserPreferences: Using default data folder
08-06 15:33:00.154  1239  1268 D HttpDownloader: Free space is 20252041216
08-06 15:33:00.154  1239  1268 D HttpDownloader: Starting download
08-06 15:33:00.165  1239  1268 D HttpDownloader: Download was successful
08-06 15:33:00.166   918  3714 D WifiService: releaseWifiLockLocked: WifiLock{Downloader type=1 binder=android.os.BinderProxy@b2aaf4c}
08-06 15:33:00.179  1239  1239 D OnlineFeedViewActivity: Parsing feed
08-06 15:33:00.183  1239  2877 D TypeGetter: Recognized type RSS 2.0
08-06 15:33:00.186  1239  2877 D SyndHandler: Recognized ITunes namespace
08-06 15:33:00.186  1239  2877 D SyndHandler: Recognized Atom namespace
08-06 15:33:00.186  1239  2877 D SyndHandler: Recognized Content namespace
08-06 15:33:00.194  1239  2877 D OnlineFeedViewActivity: Deleted feed source file. Result: true
08-06 15:33:00.210  1239  1239 D OnlineFeedViewActivity: Removing HTML from shownotes
08-06 15:33:00.309  1239  1265 I art     : Starting a blocking GC Explicit
08-06 15:33:00.348  1239  1265 I art     : Explicit concurrent mark sweep GC freed 4372(482KB) AllocSpace objects, 6(228KB) LOS objects, 35% free, 28MB/44MB, paused 1.277ms total 38.945ms
08-06 15:33:00.364  1239  1265 I art     : Starting a blocking GC Explicit
08-06 15:33:00.399  1239  1265 I art     : Explicit concurrent mark sweep GC freed 675(32KB) AllocSpace objects, 1(112KB) LOS objects, 36% free, 28MB/44MB, paused 1.254ms total 35.397ms
08-06 15:33:00.411  1239  1265 I art     : Starting a blocking GC Explicit
08-06 15:33:00.450  1239  1265 I art     : Explicit concurrent mark sweep GC freed 3(96B) AllocSpace objects, 0(0B) LOS objects, 36% free, 28MB/44MB, paused 1.497ms total 38.336ms
08-06 15:33:00.462  1239  1265 I art     : Starting a blocking GC Explicit
08-06 15:33:00.487   518   646 I ThermalEngine: ACTION: GPU - Setting GPU[0] to 390000000
08-06 15:33:00.526  1239  1265 I art     : Explicit concurrent mark sweep GC freed 3(96B) AllocSpace objects, 0(0B) LOS objects, 36% free, 28MB/44MB, paused 2.408ms total 63.305ms
08-06 15:33:00.545  1239  1265 I art     : Starting a blocking GC Explicit
08-06 15:33:00.594  1239  1265 I art     : Explicit concurrent mark sweep GC freed 3(96B) AllocSpace objects, 0(0B) LOS objects, 36% free, 28MB/44MB, paused 2.191ms total 48.645ms
08-06 15:33:00.942  1239  1581 I art     : Starting a blocking GC Explicit
08-06 15:33:01.007  1239  1581 I art     : Explicit concurrent mark sweep GC freed 1400(81KB) AllocSpace objects, 1(20KB) LOS objects, 36% free, 28MB/44MB, paused 2.644ms total 64.063ms
08-06 15:33:01.029  1239  1581 I art     : Starting a blocking GC Explicit
08-06 15:33:01.076  1239  1581 I art     : Explicit concurrent mark sweep GC freed 24(784B) AllocSpace objects, 0(0B) LOS objects, 36% free, 28MB/44MB, paused 2.121ms total 46.555ms
08-06 15:33:01.094  1239  1581 I art     : Starting a blocking GC Explicit
08-06 15:33:01.141  1239  1581 I art     : Explicit concurrent mark sweep GC freed 3(96B) AllocSpace objects, 0(0B) LOS objects, 36% free, 28MB/44MB, paused 1.897ms total 46.504ms
08-06 15:33:01.159  1239  1581 I art     : Starting a blocking GC Explicit
08-06 15:33:01.205  1239  1581 I art     : Explicit concurrent mark sweep GC freed 3(96B) AllocSpace objects, 0(0B) LOS objects, 36% free, 28MB/44MB, paused 2.088ms total 45.695ms
08-06 15:33:01.223  1239  1581 I art     : Starting a blocking GC Explicit
08-06 15:33:01.273  1239  1581 I art     : Explicit concurrent mark sweep GC freed 3(96B) AllocSpace objects, 0(0B) LOS objects, 36% free, 28MB/44MB, paused 2.050ms total 49.427ms
08-06 15:33:01.484   518   646 I ThermalEngine: ACTION: GPU - Setting GPU[0] to 450000000
08-06 15:33:01.594  1239  1251 I art     : Starting a blocking GC Explicit
08-06 15:33:01.640  1239  1251 I art     : Explicit concurrent mark sweep GC freed 1372(80KB) AllocSpace objects, 1(20KB) LOS objects, 36% free, 28MB/44MB, paused 1.359ms total 45.626ms
08-06 15:33:01.654  1239  1251 I art     : Starting a blocking GC Explicit
08-06 15:33:01.694  1239  1251 I art     : Explicit concurrent mark sweep GC freed 23(752B) AllocSpace objects, 0(0B) LOS objects, 36% free, 28MB/44MB, paused 1.293ms total 39.819ms
08-06 15:33:01.706  1239  1251 I art     : Starting a blocking GC Explicit
08-06 15:33:01.746  1239  1251 I art     : Explicit concurrent mark sweep GC freed 3(96B) AllocSpace objects, 0(0B) LOS objects, 36% free, 28MB/44MB, paused 1.288ms total 39.900ms
08-06 15:33:01.759  1239  1251 I art     : Starting a blocking GC Explicit
08-06 15:33:01.798  1239  1251 I art     : Explicit concurrent mark sweep GC freed 3(96B) AllocSpace objects, 0(0B) LOS objects, 36% free, 28MB/44MB, paused 1.378ms total 38.418ms
08-06 15:33:01.810  1239  1251 I art     : Starting a blocking GC Explicit
08-06 15:33:01.850  1239  1251 I art     : Explicit concurrent mark sweep GC freed 6(192B) AllocSpace objects, 0(0B) LOS objects, 36% free, 28MB/44MB, paused 1.544ms total 39.986ms
08-06 15:33:02.177  1239  1265 I art     : Starting a blocking GC Explicit
08-06 15:33:02.214  1239  1265 I art     : Explicit concurrent mark sweep GC freed 1467(85KB) AllocSpace objects, 1(20KB) LOS objects, 36% free, 28MB/44MB, paused 1.276ms total 37.290ms
08-06 15:33:02.228  1239  1265 I art     : Starting a blocking GC Explicit
08-06 15:33:02.266  1239  1265 I art     : Explicit concurrent mark sweep GC freed 23(752B) AllocSpace objects, 0(0B) LOS objects, 36% free, 28MB/44MB, paused 1.235ms total 37.446ms
08-06 15:33:02.279  1239  1265 I art     : Starting a blocking GC Explicit
08-06 15:33:02.317  1239  1265 I art     : Explicit concurrent mark sweep GC freed 3(96B) AllocSpace objects, 0(0B) LOS objects, 36% free, 28MB/44MB, paused 1.266ms total 38.202ms
08-06 15:33:02.330  1239  1265 I art     : Starting a blocking GC Explicit
08-06 15:33:02.370  1239  1265 I art     : Explicit concurrent mark sweep GC freed 3(96B) AllocSpace objects, 0(0B) LOS objects, 36% free, 28MB/44MB, paused 1.291ms total 39.767ms
08-06 15:33:02.382  1239  1265 I art     : Starting a blocking GC Explicit
08-06 15:33:02.421  1239  1265 I art     : Explicit concurrent mark sweep GC freed 3(96B) AllocSpace objects, 0(0B) LOS objects, 36% free, 28MB/44MB, paused 1.248ms total 38.555ms
08-06 15:33:02.421  1239  1250 I art     : WaitForGcToComplete blocked for 14.966ms for cause HeapTrim
08-06 15:33:02.760  1239  1581 I art     : Starting a blocking GC Explicit
08-06 15:33:02.806  1239  1581 I art     : Explicit concurrent mark sweep GC freed 1489(89KB) AllocSpace objects, 1(20KB) LOS objects, 36% free, 28MB/44MB, paused 1.230ms total 45.501ms
08-06 15:33:02.822  1239  1581 I art     : Starting a blocking GC Explicit
08-06 15:33:02.865  1239  1581 I art     : Explicit concurrent mark sweep GC freed 23(752B) AllocSpace objects, 0(0B) LOS objects, 36% free, 28MB/44MB, paused 1.091ms total 42.220ms
08-06 15:33:02.877  1239  1581 I art     : Starting a blocking GC Explicit
08-06 15:33:02.916  1239  1581 I art     : Explicit concurrent mark sweep GC freed 3(96B) AllocSpace objects, 0(0B) LOS objects, 36% free, 28MB/44MB, paused 1.141ms total 38.065ms
08-06 15:33:02.928  1239  1581 I art     : Starting a blocking GC Explicit
08-06 15:33:02.968  1239  1581 I art     : Explicit concurrent mark sweep GC freed 3(96B) AllocSpace objects, 0(0B) LOS objects, 36% free, 28MB/44MB, paused 1.335ms total 39.480ms
08-06 15:33:02.980  1239  1581 I art     : Starting a blocking GC Explicit
08-06 15:33:03.018  1239  1581 I art     : Explicit concurrent mark sweep GC freed 32(880B) AllocSpace objects, 0(0B) LOS objects, 36% free, 28MB/44MB, paused 1.234ms total 37.768ms
08-06 15:33:03.315   918  3261 D WifiStateMachine: starting scan for "H369AA63323"WPA_PSK with 2412,5180
08-06 15:33:03.363  1239  1252 I art     : Starting a blocking GC Explicit
08-06 15:33:03.406  1239  1252 I art     : Explicit concurrent mark sweep GC freed 1373(82KB) AllocSpace objects, 1(20KB) LOS objects, 36% free, 28MB/44MB, paused 1.141ms total 43.455ms
08-06 15:33:03.419  1239  1252 I art     : Starting a blocking GC Explicit
08-06 15:33:03.459  1239  1252 I art     : Explicit concurrent mark sweep GC freed 23(752B) AllocSpace objects, 0(0B) LOS objects, 36% free, 28MB/44MB, paused 1.178ms total 38.746ms
08-06 15:33:03.471  1239  1252 I art     : Starting a blocking GC Explicit
08-06 15:33:03.509  1239  1252 I art     : Explicit concurrent mark sweep GC freed 3(96B) AllocSpace objects, 0(0B) LOS objects, 36% free, 28MB/44MB, paused 1.178ms total 37.845ms
08-06 15:33:03.521  1239  1252 I art     : Starting a blocking GC Explicit
08-06 15:33:03.561  1239  1252 I art     : Explicit concurrent mark sweep GC freed 3(96B) AllocSpace objects, 0(0B) LOS objects, 36% free, 28MB/44MB, paused 1.142ms total 39.017ms
08-06 15:33:03.573  1239  1252 I art     : Starting a blocking GC Explicit
08-06 15:33:03.611  1239  1252 I art     : Explicit concurrent mark sweep GC freed 3(96B) AllocSpace objects, 0(0B) LOS objects, 36% free, 28MB/44MB, paused 1.091ms total 37.149ms
08-06 15:33:03.942  1239  1251 I art     : Starting a blocking GC Explicit
08-06 15:33:03.991  1239  1251 I art     : Explicit concurrent mark sweep GC freed 1372(80KB) AllocSpace objects, 1(20KB) LOS objects, 36% free, 28MB/44MB, paused 1.138ms total 49.309ms
08-06 15:33:04.006  1239  1251 I art     : Starting a blocking GC Explicit
08-06 15:33:04.045  1239  1251 I art     : Explicit concurrent mark sweep GC freed 52(1536B) AllocSpace objects, 0(0B) LOS objects, 36% free, 28MB/44MB, paused 1.142ms total 37.754ms
08-06 15:33:04.057  1239  1251 I art     : Starting a blocking GC Explicit
08-06 15:33:04.096  1239  1251 I art     : Explicit concurrent mark sweep GC freed 3(96B) AllocSpace objects, 0(0B) LOS objects, 36% free, 28MB/44MB, paused 1.150ms total 38.819ms
08-06 15:33:04.109  1239  1251 I art     : Starting a blocking GC Explicit
08-06 15:33:04.145  1239  1251 I art     : Explicit concurrent mark sweep GC freed 3(96B) AllocSpace objects, 0(0B) LOS objects, 36% free, 28MB/44MB, paused 1.116ms total 35.891ms
08-06 15:33:04.157  1239  1251 I art     : Starting a blocking GC Explicit
08-06 15:33:04.196  1239  1251 I art     : Explicit concurrent mark sweep GC freed 3(96B) AllocSpace objects, 0(0B) LOS objects, 36% free, 28MB/44MB, paused 1.133ms total 38.703ms
08-06 15:33:04.526  1239  1265 I art     : Starting a blocking GC Explicit
08-06 15:33:04.574  1239  1265 I art     : Explicit concurrent mark sweep GC freed 1372(80KB) AllocSpace objects, 1(20KB) LOS objects, 36% free, 28MB/44MB, paused 1.185ms total 48.335ms
08-06 15:33:04.588  1239  1265 I art     : Starting a blocking GC Explicit
08-06 15:33:04.626  1239  1265 I art     : Explicit concurrent mark sweep GC freed 23(752B) AllocSpace objects, 0(0B) LOS objects, 36% free, 28MB/44MB, paused 1.108ms total 37.341ms
08-06 15:33:04.639  1239  1265 I art     : Starting a blocking GC Explicit
08-06 15:33:04.678  1239  1265 I art     : Explicit concurrent mark sweep GC freed 3(96B) AllocSpace objects, 0(0B) LOS objects, 36% free, 28MB/44MB, paused 1.278ms total 39.234ms
08-06 15:33:04.691  1239  1265 I art     : Starting a blocking GC Explicit
08-06 15:33:04.728  1239  1265 I art     : Explicit concurrent mark sweep GC freed 3(96B) AllocSpace objects, 0(0B) LOS objects, 36% free, 28MB/44MB, paused 1.130ms total 36.475ms
08-06 15:33:04.740  1239  1265 I art     : Starting a blocking GC Explicit
08-06 15:33:04.778  1239  1265 I art     : Explicit concurrent mark sweep GC freed 3(96B) AllocSpace objects, 0(0B) LOS objects, 36% free, 28MB/44MB, paused 1.228ms total 38.010ms
08-06 15:33:05.103  1239  1581 I art     : Starting a blocking GC Explicit
08-06 15:33:05.150  1239  1581 I art     : Explicit concurrent mark sweep GC freed 1401(81KB) AllocSpace objects, 1(20KB) LOS objects, 36% free, 28MB/44MB, paused 1.285ms total 45.924ms
08-06 15:33:05.165  1239  1581 I art     : Starting a blocking GC Explicit
08-06 15:33:05.204  1239  1581 I art     : Explicit concurrent mark sweep GC freed 23(752B) AllocSpace objects, 0(0B) LOS objects, 36% free, 28MB/44MB, paused 1.143ms total 39.272ms
08-06 15:33:05.217  1239  1581 I art     : Starting a blocking GC Explicit
08-06 15:33:05.253  1239  1581 I art     : Explicit concurrent mark sweep GC freed 3(96B) AllocSpace objects, 0(0B) LOS objects, 36% free, 28MB/44MB, paused 1.121ms total 35.996ms
08-06 15:33:05.265  1239  1581 I art     : Starting a blocking GC Explicit
08-06 15:33:05.305  1239  1581 I art     : Explicit concurrent mark sweep GC freed 3(96B) AllocSpace objects, 0(0B) LOS objects, 36% free, 28MB/44MB, paused 1.148ms total 39.363ms
08-06 15:33:05.318  1239  1581 I art     : Starting a blocking GC Explicit
08-06 15:33:05.356  1239  1581 I art     : Explicit concurrent mark sweep GC freed 3(96B) AllocSpace objects, 0(0B) LOS objects, 36% free, 28MB/44MB, paused 1.146ms total 38.085ms
08-06 15:33:05.687  1239  1252 I art     : Starting a blocking GC Explicit
08-06 15:33:05.734  1239  1252 I art     : Explicit concurrent mark sweep GC freed 1372(80KB) AllocSpace objects, 1(20KB) LOS objects, 36% free, 28MB/44MB, paused 1.101ms total 46.647ms
08-06 15:33:05.748  1239  1252 I art     : Starting a blocking GC Explicit
08-06 15:33:05.787  1239  1252 I art     : Explicit concurrent mark sweep GC freed 23(752B) AllocSpace objects, 0(0B) LOS objects, 36% free, 28MB/44MB, paused 1.128ms total 38.657ms
08-06 15:33:05.800  1239  1252 I art     : Starting a blocking GC Explicit
08-06 15:33:05.838  1239  1252 I art     : Explicit concurrent mark sweep GC freed 3(96B) AllocSpace objects, 0(0B) LOS objects, 36% free, 28MB/44MB, paused 1.143ms total 38.477ms
08-06 15:33:05.851  1239  1252 I art     : Starting a blocking GC Explicit
08-06 15:33:05.889  1239  1252 I art     : Explicit concurrent mark sweep GC freed 3(96B) AllocSpace objects, 0(0B) LOS objects, 36% free, 28MB/44MB, paused 1.194ms total 37.636ms
08-06 15:33:05.901  1239  1252 I art     : Starting a blocking GC Explicit
08-06 15:33:05.940  1239  1252 I art     : Explicit concurrent mark sweep GC freed 3(96B) AllocSpace objects, 0(0B) LOS objects, 36% free, 28MB/44MB, paused 1.154ms total 38.643ms
08-06 15:33:06.285  1239  1251 I art     : Starting a blocking GC Explicit
08-06 15:33:06.332  1239  1251 I art     : Explicit concurrent mark sweep GC freed 1401(81KB) AllocSpace objects, 1(20KB) LOS objects, 36% free, 28MB/44MB, paused 1.066ms total 46.562ms
08-06 15:33:06.346  1239  1251 I art     : Starting a blocking GC Explicit
08-06 15:33:06.385  1239  1251 I art     : Explicit concurrent mark sweep GC freed 23(752B) AllocSpace objects, 0(0B) LOS objects, 36% free, 28MB/44MB, paused 1.104ms total 38.538ms
08-06 15:33:06.398  1239  1251 I art     : Starting a blocking GC Explicit
08-06 15:33:06.436  1239  1251 I art     : Explicit concurrent mark sweep GC freed 3(96B) AllocSpace objects, 0(0B) LOS objects, 36% free, 28MB/44MB, paused 1.097ms total 38.212ms
08-06 15:33:06.449  1239  1251 I art     : Starting a blocking GC Explicit
08-06 15:33:06.487  1239  1251 I art     : Explicit concurrent mark sweep GC freed 3(96B) AllocSpace objects, 0(0B) LOS objects, 36% free, 28MB/44MB, paused 1.086ms total 37.624ms
08-06 15:33:06.499  1239  1251 I art     : Starting a blocking GC Explicit
08-06 15:33:06.538  1239  1251 I art     : Explicit concurrent mark sweep GC freed 3(96B) AllocSpace objects, 0(0B) LOS objects, 36% free, 28MB/44MB, paused 1.258ms total 38.402ms
08-06 15:33:06.872  1239  1265 I art     : Starting a blocking GC Explicit
08-06 15:33:06.921  1239  1265 I art     : Explicit concurrent mark sweep GC freed 1372(80KB) AllocSpace objects, 1(20KB) LOS objects, 36% free, 28MB/44MB, paused 1.293ms total 49.052ms
08-06 15:33:06.939  1239  1265 I art     : Starting a blocking GC Explicit
08-06 15:33:06.975  1239  1265 I art     : Explicit concurrent mark sweep GC freed 23(752B) AllocSpace objects, 0(0B) LOS objects, 36% free, 28MB/44MB, paused 1.126ms total 35.894ms
08-06 15:33:06.987  1239  1265 I art     : Starting a blocking GC Explicit
08-06 15:33:07.027  1239  1265 I art     : Explicit concurrent mark sweep GC freed 32(880B) AllocSpace objects, 0(0B) LOS objects, 36% free, 28MB/44MB, paused 1.144ms total 39.097ms
08-06 15:33:07.039  1239  1265 I art     : Starting a blocking GC Explicit
08-06 15:33:07.075  1239  1265 I art     : Explicit concurrent mark sweep GC freed 3(96B) AllocSpace objects, 0(0B) LOS objects, 36% free, 28MB/44MB, paused 1.049ms total 35.886ms
08-06 15:33:07.087  1239  1265 I art     : Starting a blocking GC Explicit
08-06 15:33:07.121  1239  1265 I art     : Explicit concurrent mark sweep GC freed 3(96B) AllocSpace objects, 0(0B) LOS objects, 36% free, 28MB/44MB, paused 1.137ms total 33.776ms
08-06 15:33:07.455  1239  1581 I art     : Starting a blocking GC Explicit
08-06 15:33:07.501  1239  1581 I art     : Explicit concurrent mark sweep GC freed 1372(80KB) AllocSpace objects, 1(20KB) LOS objects, 36% free, 28MB/44MB, paused 1.236ms total 44.608ms
08-06 15:33:07.515  1239  1581 I art     : Starting a blocking GC Explicit
08-06 15:33:07.551  1239  1581 I art     : Explicit concurrent mark sweep GC freed 23(752B) AllocSpace objects, 0(0B) LOS objects, 36% free, 28MB/44MB, paused 1.113ms total 35.713ms
08-06 15:33:07.563  1239  1581 I art     : Starting a blocking GC Explicit
08-06 15:33:07.600  1239  1581 I art     : Explicit concurrent mark sweep GC freed 3(96B) AllocSpace objects, 0(0B) LOS objects, 36% free, 28MB/44MB, paused 1.181ms total 36.562ms
08-06 15:33:07.612  1239  1581 I art     : Starting a blocking GC Explicit
08-06 15:33:07.616  3009  3009 D AndroidRuntime: >>>>>> START com.android.internal.os.RuntimeInit uid 2000 <<<<<<
08-06 15:33:07.622  3009  3009 D AndroidRuntime: CheckJNI is OFF
08-06 15:33:07.649  1239  1581 I art     : Explicit concurrent mark sweep GC freed 3(96B) AllocSpace objects, 0(0B) LOS objects, 36% free, 28MB/44MB, paused 1.178ms total 36.366ms
08-06 15:33:07.660  1239  1581 I art     : Starting a blocking GC Explicit
08-06 15:33:07.670  3009  3009 D ICU     : No timezone override file found: /data/misc/zoneinfo/current/icu/icu_tzdata.dat
08-06 15:33:07.697  1239  1581 I art     : Explicit concurrent mark sweep GC freed 3(96B) AllocSpace objects, 0(0B) LOS objects, 36% free, 28MB/44MB, paused 1.225ms total 34.896ms
08-06 15:33:07.718  3009  3009 I Radio-JNI: register_android_hardware_Radio DONE
08-06 15:33:07.747  3009  3009 D AndroidRuntime: Calling main entry com.android.commands.input.Input
08-06 15:33:07.749  3009  3009 I Input   : injectKeyEvent: KeyEvent { action=ACTION_DOWN, keyCode=KEYCODE_BACK, scanCode=0, metaState=0, flags=0x0, repeatCount=0, eventTime=891204161, downTime=891204161, deviceId=-1, source=0x101 }
08-06 15:33:07.755  3009  3009 I Input   : injectKeyEvent: KeyEvent { action=ACTION_UP, keyCode=KEYCODE_BACK, scanCode=0, metaState=0, flags=0x0, repeatCount=0, eventTime=891204161, downTime=891204161, deviceId=-1, source=0x101 }
08-06 15:33:07.762  3009  3009 D AndroidRuntime: Shutting down VM
08-06 15:33:07.766  1239  1239 V PlaybackController: initServiceNotRunning()
08-06 15:33:07.766  1239  1239 D ExternalPlayerFragment: Loading media info
08-06 15:33:07.771  1239  1239 D UserPreferences: Using default data folder
08-06 15:33:07.775  1239  1268 D DBReader: getNavDrawerData() called with: 
08-06 15:33:07.788  1239  1268 D DBReader: getDownloadedItems() called
08-06 15:33:07.789  1239  1268 D DBReader: getFavoriteIDList() called
08-06 15:33:07.790  1239  1268 D DBReader: getQueueIDList() called
08-06 15:33:07.790  1239  1268 D DBReader: Extracting Feedlist
08-06 15:33:07.804 13866 13866 I GoogleInputMethodServic: GoogleInputMethodService.onFinishInput():3138 
08-06 15:33:07.805 13866 13866 I GoogleInputMethodServic: GoogleInputMethodService.onStartInput():1808 
08-06 15:33:07.820  1239  1239 D MainActivity: getLastNavFragment() -> AddFeedFragment
08-06 15:33:07.990  1239  1265 I art     : Starting a blocking GC Explicit
08-06 15:33:08.034  1239  1265 I art     : Explicit concurrent mark sweep GC freed 2511(154KB) AllocSpace objects, 1(20KB) LOS objects, 36% free, 28MB/44MB, paused 1.102ms total 43.728ms
08-06 15:33:08.050  1239  1265 I art     : Starting a blocking GC Explicit
08-06 15:33:08.089  1239  1265 I art     : Explicit concurrent mark sweep GC freed 452(24KB) AllocSpace objects, 0(0B) LOS objects, 36% free, 28MB/44MB, paused 1.195ms total 38.914ms
08-06 15:33:08.100   380   380 W SurfaceFlinger: couldn't log to binary event log: overflow.
08-06 15:33:08.101  1239  1265 I art     : Starting a blocking GC Explicit
08-06 15:33:08.135  1239  1265 I art     : Explicit concurrent mark sweep GC freed 588(24KB) AllocSpace objects, 0(0B) LOS objects, 36% free, 28MB/44MB, paused 1.097ms total 33.122ms
08-06 15:33:08.146  1239  1265 I art     : Starting a blocking GC Explicit
08-06 15:33:08.180  1239  1265 I art     : Explicit concurrent mark sweep GC freed 153(7KB) AllocSpace objects, 0(0B) LOS objects, 36% free, 28MB/44MB, paused 1.138ms total 33.965ms
08-06 15:33:08.192  1239  1265 I art     : Starting a blocking GC Explicit
08-06 15:33:08.226  1239  1265 I art     : Explicit concurrent mark sweep GC freed 2299(145KB) AllocSpace objects, 1(28KB) LOS objects, 36% free, 28MB/44MB, paused 1.090ms total 34.416ms
08-06 15:33:08.546  1239  1252 I art     : Starting a blocking GC Explicit
08-06 15:33:08.594  1239  1252 I art     : Explicit concurrent mark sweep GC freed 1372(80KB) AllocSpace objects, 1(20KB) LOS objects, 36% free, 28MB/44MB, paused 1.316ms total 47.231ms
08-06 15:33:08.608  1239  1252 I art     : Starting a blocking GC Explicit
08-06 15:33:08.644  1239  1252 I art     : Explicit concurrent mark sweep GC freed 23(752B) AllocSpace objects, 0(0B) LOS objects, 36% free, 28MB/44MB, paused 1.208ms total 35.018ms
08-06 15:33:08.655  1239  1252 I art     : Starting a blocking GC Explicit
08-06 15:33:08.691  1239  1252 I art     : Explicit concurrent mark sweep GC freed 3(96B) AllocSpace objects, 0(0B) LOS objects, 36% free, 28MB/44MB, paused 1.118ms total 34.806ms
08-06 15:33:08.702  1239  1252 I art     : Starting a blocking GC Explicit
08-06 15:33:08.738  1239  1252 I art     : Explicit concurrent mark sweep GC freed 3(96B) AllocSpace objects, 0(0B) LOS objects, 36% free, 28MB/44MB, paused 1.198ms total 35.052ms
08-06 15:33:08.750  1239  1252 I art     : Starting a blocking GC Explicit
08-06 15:33:08.784  1239  1252 I art     : Explicit concurrent mark sweep GC freed 3(96B) AllocSpace objects, 0(0B) LOS objects, 36% free, 28MB/44MB, paused 1.104ms total 34.545ms
08-06 15:33:09.094  1239  1251 I art     : Starting a blocking GC Explicit
08-06 15:33:09.133  1239  1251 I art     : Explicit concurrent mark sweep GC freed 1403(83KB) AllocSpace objects, 1(20KB) LOS objects, 36% free, 28MB/44MB, paused 1.226ms total 38.710ms
08-06 15:33:09.147  1239  1251 I art     : Starting a blocking GC Explicit
08-06 15:33:09.180  1239  1251 I art     : Explicit concurrent mark sweep GC freed 23(752B) AllocSpace objects, 0(0B) LOS objects, 36% free, 28MB/44MB, paused 1.121ms total 33.411ms
08-06 15:33:09.191  1239  1251 I art     : Starting a blocking GC Explicit
08-06 15:33:09.225  1239  1251 I art     : Explicit concurrent mark sweep GC freed 3(96B) AllocSpace objects, 0(0B) LOS objects, 36% free, 28MB/44MB, paused 1.101ms total 33.203ms
08-06 15:33:09.237  1239  1251 I art     : Starting a blocking GC Explicit
08-06 15:33:09.269  1239  1251 I art     : Explicit concurrent mark sweep GC freed 3(96B) AllocSpace objects, 0(0B) LOS objects, 36% free, 28MB/44MB, paused 1.079ms total 32.584ms
08-06 15:33:09.281  1239  1251 I art     : Starting a blocking GC Explicit
08-06 15:33:09.315  1239  1251 I art     : Explicit concurrent mark sweep GC freed 3(96B) AllocSpace objects, 0(0B) LOS objects, 36% free, 28MB/44MB, paused 1.110ms total 33.177ms
08-06 15:33:09.552  3060  3060 D AndroidRuntime: >>>>>> START com.android.internal.os.RuntimeInit uid 2000 <<<<<<
08-06 15:33:09.558  3060  3060 D AndroidRuntime: CheckJNI is OFF
08-06 15:33:09.599  3060  3060 D ICU     : No timezone override file found: /data/misc/zoneinfo/current/icu/icu_tzdata.dat
08-06 15:33:09.641  3060  3060 I Radio-JNI: register_android_hardware_Radio DONE
08-06 15:33:09.653  1239  3042 I art     : Starting a blocking GC Explicit
08-06 15:33:09.670  3060  3060 D AndroidRuntime: Calling main entry com.android.commands.input.Input
08-06 15:33:09.672  3060  3060 I Input   : injectKeyEvent: KeyEvent { action=ACTION_DOWN, keyCode=KEYCODE_BACK, scanCode=0, metaState=0, flags=0x0, repeatCount=0, eventTime=891206085, downTime=891206085, deviceId=-1, source=0x101 }
08-06 15:33:09.678  3060  3060 I Input   : injectKeyEvent: KeyEvent { action=ACTION_UP, keyCode=KEYCODE_BACK, scanCode=0, metaState=0, flags=0x0, repeatCount=0, eventTime=891206085, downTime=891206085, deviceId=-1, source=0x101 }
08-06 15:33:09.687  1239  3042 I art     : Explicit concurrent mark sweep GC freed 1838(100KB) AllocSpace objects, 1(20KB) LOS objects, 36% free, 28MB/44MB, paused 1.379ms total 33.830ms
08-06 15:33:09.697 13866 13866 I GoogleInputMethodServic: GoogleInputMethodService.onFinishInput():3138 
08-06 15:33:09.697 13866 13866 I GoogleInputMethodServic: GoogleInputMethodService.onStartInput():1808 
08-06 15:33:09.699  1239  3042 I art     : Starting a blocking GC Explicit
08-06 15:33:09.706  3060  3060 D AndroidRuntime: Shutting down VM
08-06 15:33:09.736  1239  3042 I art     : Explicit concurrent mark sweep GC freed 729(28KB) AllocSpace objects, 0(0B) LOS objects, 36% free, 28MB/44MB, paused 1.106ms total 36.552ms
08-06 15:33:09.747  1239  3042 I art     : Starting a blocking GC Explicit
08-06 15:33:09.778  1239  3042 I art     : Explicit concurrent mark sweep GC freed 857(53KB) AllocSpace objects, 1(28KB) LOS objects, 36% free, 28MB/44MB, paused 1.041ms total 30.899ms
08-06 15:33:09.790  1239  3042 I art     : Starting a blocking GC Explicit
08-06 15:33:09.824  1239  3042 I art     : Explicit concurrent mark sweep GC freed 1839(125KB) AllocSpace objects, 8(1512KB) LOS objects, 37% free, 26MB/42MB, paused 1.094ms total 33.658ms
08-06 15:33:09.835  1239  3042 I art     : Starting a blocking GC Explicit
08-06 15:33:09.869  1239  3042 I art     : Explicit concurrent mark sweep GC freed 3(96B) AllocSpace objects, 0(0B) LOS objects, 37% free, 26MB/42MB, paused 1.126ms total 33.235ms
08-06 15:33:10.172  1239  1581 I art     : Starting a blocking GC Explicit
08-06 15:33:10.218  1239  1581 I art     : Explicit concurrent mark sweep GC freed 1402(81KB) AllocSpace objects, 1(20KB) LOS objects, 37% free, 26MB/42MB, paused 1.167ms total 44.934ms
08-06 15:33:10.232  1239  1581 I art     : Starting a blocking GC Explicit
08-06 15:33:10.269  1239  1581 I art     : Explicit concurrent mark sweep GC freed 23(752B) AllocSpace objects, 0(0B) LOS objects, 37% free, 26MB/42MB, paused 1.166ms total 36.206ms
08-06 15:33:10.281  1239  1581 I art     : Starting a blocking GC Explicit
08-06 15:33:10.315  1239  1581 I art     : Explicit concurrent mark sweep GC freed 3(96B) AllocSpace objects, 0(0B) LOS objects, 37% free, 26MB/42MB, paused 1.096ms total 33.765ms
08-06 15:33:10.326  1239  1581 I art     : Starting a blocking GC Explicit
08-06 15:33:10.361  1239  1581 I art     : Explicit concurrent mark sweep GC freed 3(96B) AllocSpace objects, 0(0B) LOS objects, 37% free, 26MB/42MB, paused 1.106ms total 33.792ms
08-06 15:33:10.372  1239  1581 I art     : Starting a blocking GC Explicit
08-06 15:33:10.406  1239  1581 I art     : Explicit concurrent mark sweep GC freed 3(96B) AllocSpace objects, 0(0B) LOS objects, 37% free, 26MB/42MB, paused 1.149ms total 33.801ms
08-06 15:33:10.619  5179  5194 D QcrilMsgTunnelSocket: readRilMessage: Buffer = [B@671e81d HexData = [010000000404000011000000514f454d484f4f4bef0308000100000003]
08-06 15:33:10.619  5179  5194 D QcrilMsgTunnelSocket: Rcvd UNSOL response with 28 bytes data for SUB0
08-06 15:33:10.619  5179  5194 D QcrilMsgTunnelSocket: Response ID 525295 is not served in this process.
08-06 15:33:10.619  5179  5194 D QcrilMsgTunnelSocket: To broadcast an Intent via the notifier to external apps
08-06 15:33:10.619  5179  5179 D QcrilMsgTunnelIfaceManager: handleMessage what = 0
08-06 15:33:10.619  5179  5179 D QcrilMsgTunnelIfaceManager: Broadcasting intent ACTION_UNSOL_RESPONSE_OEM_HOOK_RAW
08-06 15:33:10.621  5164  5164 D QC_RIL_OEM_HOOK: Received Broadcast Intent ACTION_UNSOL_RESPONSE_OEM_HOOK_RAW
08-06 15:33:10.621  5164  5164 D QC_RIL_OEM_HOOK: Oem ID in QCRILHOOK UNSOL RESP is QOEMHOOK
08-06 15:33:10.716  1239  1265 I art     : Starting a blocking GC Explicit
08-06 15:33:10.757  1239  1265 I art     : Explicit concurrent mark sweep GC freed 1372(81KB) AllocSpace objects, 1(20KB) LOS objects, 37% free, 26MB/42MB, paused 1.114ms total 40.246ms
08-06 15:33:10.769  1239  1265 I art     : Starting a blocking GC Explicit
08-06 15:33:10.803  1239  1265 I art     : Explicit concurrent mark sweep GC freed 23(752B) AllocSpace objects, 0(0B) LOS objects, 37% free, 26MB/42MB, paused 1.117ms total 34.223ms
08-06 15:33:10.815  1239  1265 I art     : Starting a blocking GC Explicit
08-06 15:33:10.849  1239  1265 I art     : Explicit concurrent mark sweep GC freed 3(96B) AllocSpace objects, 0(0B) LOS objects, 37% free, 26MB/42MB, paused 1.074ms total 33.938ms
08-06 15:33:10.861  1239  1265 I art     : Starting a blocking GC Explicit
08-06 15:33:10.895  1239  1265 I art     : Explicit concurrent mark sweep GC freed 3(96B) AllocSpace objects, 0(0B) LOS objects, 37% free, 26MB/42MB, paused 1.088ms total 33.472ms
08-06 15:33:10.906  1239  1265 I art     : Starting a blocking GC Explicit
08-06 15:33:10.940  1239  1265 I art     : Explicit concurrent mark sweep GC freed 3(96B) AllocSpace objects, 0(0B) LOS objects, 37% free, 26MB/42MB, paused 1.117ms total 33.203ms
08-06 15:33:11.244  1239  1252 I art     : Starting a blocking GC Explicit
08-06 15:33:11.288  1239  1252 I art     : Explicit concurrent mark sweep GC freed 1402(82KB) AllocSpace objects, 1(20KB) LOS objects, 37% free, 26MB/42MB, paused 1.191ms total 43.102ms
08-06 15:33:11.301  1239  1252 I art     : Starting a blocking GC Explicit
08-06 15:33:11.334  1239  1252 I art     : Explicit concurrent mark sweep GC freed 24(784B) AllocSpace objects, 0(0B) LOS objects, 37% free, 26MB/42MB, paused 1.102ms total 33.172ms
08-06 15:33:11.347  1239  1252 I art     : Starting a blocking GC Explicit
08-06 15:33:11.381  1239  1252 I art     : Explicit concurrent mark sweep GC freed 9(288B) AllocSpace objects, 0(0B) LOS objects, 37% free, 26MB/42MB, paused 1.105ms total 32.914ms
08-06 15:33:11.392  1239  1252 I art     : Starting a blocking GC Explicit
08-06 15:33:11.425  1239  1252 I art     : Explicit concurrent mark sweep GC freed 9(288B) AllocSpace objects, 0(0B) LOS objects, 37% free, 26MB/42MB, paused 1.277ms total 32.427ms
08-06 15:33:11.437  1239  1252 I art     : Starting a blocking GC Explicit
08-06 15:33:11.470  1239  1252 I art     : Explicit concurrent mark sweep GC freed 7(224B) AllocSpace objects, 0(0B) LOS objects, 37% free, 26MB/42MB, paused 1.115ms total 32.610ms
08-06 15:33:11.485  3115  3115 D AndroidRuntime: >>>>>> START com.android.internal.os.RuntimeInit uid 2000 <<<<<<
08-06 15:33:11.491  3115  3115 D AndroidRuntime: CheckJNI is OFF
08-06 15:33:11.531  3115  3115 D ICU     : No timezone override file found: /data/misc/zoneinfo/current/icu/icu_tzdata.dat
08-06 15:33:11.574  3115  3115 I Radio-JNI: register_android_hardware_Radio DONE
08-06 15:33:11.602  3115  3115 D AndroidRuntime: Calling main entry com.android.commands.input.Input
08-06 15:33:11.605  3115  3115 I Input   : injectMotionEvent: MotionEvent { action=ACTION_DOWN, actionButton=0, id[0]=0, x[0]=567.0, y[0]=714.0, toolType[0]=TOOL_TYPE_UNKNOWN, buttonState=0, metaState=0, flags=0x0, edgeFlags=0x0, pointerCount=1, historySize=0, eventTime=891208017, downTime=891208017, deviceId=0, source=0x1002 }
08-06 15:33:11.611  3115  3115 I Input   : injectMotionEvent: MotionEvent { action=ACTION_UP, actionButton=0, id[0]=0, x[0]=567.0, y[0]=714.0, toolType[0]=TOOL_TYPE_UNKNOWN, buttonState=0, metaState=0, flags=0x0, edgeFlags=0x0, pointerCount=1, historySize=0, eventTime=891208017, downTime=891208017, deviceId=0, source=0x1002 }
08-06 15:33:11.613  3115  3115 D AndroidRuntime: Shutting down VM
08-06 15:33:11.628   512  2967 D audio_hw_primary: out_set_parameters: enter: usecase(1: low-latency-playback) kvpairs: routing=2
08-06 15:33:11.641   512  2967 D audio_hw_primary: select_devices: out_snd_device(2: speaker) in_snd_device(0: none)
08-06 15:33:11.641   512  2967 D msm8974_platform: platform_send_audio_calibration: sending audio calibration for snd_device(2) acdb_id(15)
08-06 15:33:11.641   512  2967 I soundtrigger: audio_extn_sound_trigger_update_device_status: device 0x2 of type 0 for Event 1
08-06 15:33:11.651   512  2967 D audio_hw_primary: enable_snd_device: snd_device(2: speaker)
08-06 15:33:11.653   512  2967 D audio_hw_primary: enable_audio_route: apply and update mixer path: low-latency-playback speaker
08-06 15:33:11.770  1239  1581 I art     : Starting a blocking GC Explicit
08-06 15:33:11.807  1239  1581 I art     : Explicit concurrent mark sweep GC freed 3661(173KB) AllocSpace objects, 1(20KB) LOS objects, 37% free, 26MB/42MB, paused 1.463ms total 36.171ms
08-06 15:33:11.818  1239  1581 I art     : Starting a blocking GC Explicit
08-06 15:33:11.851  1239  1581 I art     : Explicit concurrent mark sweep GC freed 1651(83KB) AllocSpace objects, 1(220KB) LOS objects, 37% free, 26MB/42MB, paused 1.216ms total 32.451ms
08-06 15:33:11.863  1239  1581 I art     : Starting a blocking GC Explicit
08-06 15:33:11.894  1239  1581 I art     : Explicit concurrent mark sweep GC freed 85(5KB) AllocSpace objects, 0(0B) LOS objects, 37% free, 26MB/42MB, paused 1.147ms total 30.811ms
08-06 15:33:11.905  1239  1581 I art     : Starting a blocking GC Explicit
08-06 15:33:11.937  1239  1581 I art     : Explicit concurrent mark sweep GC freed 15(544B) AllocSpace objects, 0(0B) LOS objects, 37% free, 26MB/42MB, paused 1.235ms total 32.375ms
08-06 15:33:11.949  1239  1581 I art     : Starting a blocking GC Explicit
08-06 15:33:11.982  1239  1581 I art     : Explicit concurrent mark sweep GC freed 16(608B) AllocSpace objects, 0(0B) LOS objects, 37% free, 26MB/42MB, paused 1.170ms total 33ms
08-06 15:33:12.190   512  2967 D audio_hw_primary: disable_audio_route: reset and update mixer path: low-latency-playback speaker
08-06 15:33:12.192   512  2967 D audio_hw_primary: disable_snd_device: snd_device(2: speaker)
08-06 15:33:12.200   512  2967 I soundtrigger: audio_extn_sound_trigger_update_device_status: device 0x2 of type 0 for Event 0
08-06 15:33:12.295  1239  1265 I art     : Starting a blocking GC Explicit
08-06 15:33:12.329  1239  1265 I art     : Explicit concurrent mark sweep GC freed 1470(84KB) AllocSpace objects, 1(20KB) LOS objects, 37% free, 26MB/42MB, paused 1.234ms total 34.015ms
08-06 15:33:12.341  1239  1265 I art     : Starting a blocking GC Explicit
08-06 15:33:12.374  1239  1265 I art     : Explicit concurrent mark sweep GC freed 73(2432B) AllocSpace objects, 0(0B) LOS objects, 37% free, 26MB/42MB, paused 1.291ms total 33.285ms
08-06 15:33:12.386  1239  1265 I art     : Starting a blocking GC Explicit
08-06 15:33:12.419  1239  1265 I art     : Explicit concurrent mark sweep GC freed 14(528B) AllocSpace objects, 0(0B) LOS objects, 37% free, 26MB/42MB, paused 1.209ms total 32.827ms
08-06 15:33:12.430  1239  1265 I art     : Starting a blocking GC Explicit
08-06 15:33:12.463  1239  1265 I art     : Explicit concurrent mark sweep GC freed 18(672B) AllocSpace objects, 0(0B) LOS objects, 37% free, 26MB/42MB, paused 1.180ms total 32.431ms
08-06 15:33:12.474  1239  1265 I art     : Starting a blocking GC Explicit
08-06 15:33:12.508  1239  1265 I art     : Explicit concurrent mark sweep GC freed 17(624B) AllocSpace objects, 0(0B) LOS objects, 37% free, 26MB/42MB, paused 1.490ms total 33.268ms
08-06 15:33:12.798  1239  1261 I NAPPA_EXPERIMENTATION: MetricNetworkRequestExecutionTime: REQUEST_DURATION_SYSTEM='1163',REQUEST_DURATION_OKHTTP='223',REQUEST_SYNCHRONOUS='TRUE',RESPONSE_CODE='400',RESPONSE_METHOD='GET',RESPONSE_LENGTH_OKHTTP='0',RESPONSE_LENGTH_HEADER='0',REQUEST_PROTOCOL='h2',REQUEST_URL='https://itunes.apple.com/en/rss/toppodcasts/limit=25/explicit=true/json',
08-06 15:33:12.813  1239  3042 I art     : Starting a blocking GC Explicit
08-06 15:33:12.848  1239  3042 I art     : Explicit concurrent mark sweep GC freed 5881(295KB) AllocSpace objects, 1(20KB) LOS objects, 37% free, 26MB/42MB, paused 1.201ms total 34.466ms
08-06 15:33:12.859  1239  3042 I art     : Starting a blocking GC Explicit
08-06 15:33:12.892  1239  3042 I art     : Explicit concurrent mark sweep GC freed 189(6KB) AllocSpace objects, 0(0B) LOS objects, 37% free, 26MB/42MB, paused 1.391ms total 32.785ms
08-06 15:33:12.903  1239  3042 I art     : Starting a blocking GC Explicit
08-06 15:33:12.936  1239  3042 I art     : Explicit concurrent mark sweep GC freed 15(576B) AllocSpace objects, 0(0B) LOS objects, 37% free, 26MB/42MB, paused 1.212ms total 32.484ms
08-06 15:33:12.939  1239  1261 I NAPPA_EXPERIMENTATION: MetricNetworkRequestExecutionTime: REQUEST_DURATION_SYSTEM='139',REQUEST_DURATION_OKHTTP='137',REQUEST_SYNCHRONOUS='TRUE',RESPONSE_CODE='200',RESPONSE_METHOD='GET',RESPONSE_LENGTH_OKHTTP='-1',RESPONSE_LENGTH_HEADER='10075',REQUEST_PROTOCOL='h2',REQUEST_URL='https://itunes.apple.com/us/rss/toppodcasts/limit=25/explicit=true/json',
08-06 15:33:12.948  1239  3042 I art     : Starting a blocking GC Explicit
08-06 15:33:12.982  1239  3042 I art     : Explicit concurrent mark sweep GC freed 8343(435KB) AllocSpace objects, 4(352KB) LOS objects, 37% free, 26MB/42MB, paused 1.213ms total 34.066ms
08-06 15:33:12.992  1239  1985 D ApOkHttpUrlLoader: buildLoadData() called with: model = [https://is4-ssl.mzstatic.com/image/thumb/Podcasts114/v4/3f/16/74/3f167426-bf50-ce3a-d709-e4301620fc5b/mza_5832671293059882550.jpeg/170x170bb.png], width = [224], height = [224]
08-06 15:33:12.993  1239  1986 D DBReader: getImageAuthentication() called with: imageUrl = [https://is4-ssl.mzstatic.com/image/thumb/Podcasts114/v4/3f/16/74/3f167426-bf50-ce3a-d709-e4301620fc5b/mza_5832671293059882550.jpeg/170x170bb.png]
08-06 15:33:12.994  1239  3042 I art     : Starting a blocking GC Explicit
08-06 15:33:12.999  1239  1986 D ApOkHttpUrlLoader: no credentials for 'https://is4-ssl.mzstatic.com/image/thumb/Podcasts114/v4/3f/16/74/3f167426-bf50-ce3a-d709-e4301620fc5b/mza_5832671293059882550.jpeg/170x170bb.png'
08-06 15:33:13.000  1239  1983 D ApOkHttpUrlLoader: buildLoadData() called with: model = [https://is4-ssl.mzstatic.com/image/thumb/Podcasts113/v4/e5/8a/10/e58a108f-f5d0-f622-c94a-13f66edd570c/mza_3025981348644196724.jpg/170x170bb.png], width = [224], height = [224]
08-06 15:33:13.001  1239  1984 D DBReader: getImageAuthentication() called with: imageUrl = [https://is4-ssl.mzstatic.com/image/thumb/Podcasts113/v4/e5/8a/10/e58a108f-f5d0-f622-c94a-13f66edd570c/mza_3025981348644196724.jpg/170x170bb.png]
08-06 15:33:13.005  1239  1984 D ApOkHttpUrlLoader: no credentials for 'https://is4-ssl.mzstatic.com/image/thumb/Podcasts113/v4/e5/8a/10/e58a108f-f5d0-f622-c94a-13f66edd570c/mza_3025981348644196724.jpg/170x170bb.png'
08-06 15:33:13.007  1239  1979 D ApOkHttpUrlLoader: buildLoadData() called with: model = [https://is2-ssl.mzstatic.com/image/thumb/Podcasts113/v4/a9/39/cc/a939ccc5-6d60-0c11-0a4c-16d71cdef89b/mza_8787577209688278658.jpg/170x170bb.png], width = [224], height = [224]
08-06 15:33:13.009  1239  1987 D DBReader: getImageAuthentication() called with: imageUrl = [https://is2-ssl.mzstatic.com/image/thumb/Podcasts113/v4/a9/39/cc/a939ccc5-6d60-0c11-0a4c-16d71cdef89b/mza_8787577209688278658.jpg/170x170bb.png]
08-06 15:33:13.012  1239  1981 D ApOkHttpUrlLoader: buildLoadData() called with: model = [https://is5-ssl.mzstatic.com/image/thumb/Podcasts114/v4/93/cf/99/93cf9960-fff3-205e-6655-72c03ddeccb2/mza_10545582232493904175.jpeg/170x170bb.png], width = [224], height = [224]
08-06 15:33:13.012  1239  1987 D ApOkHttpUrlLoader: no credentials for 'https://is2-ssl.mzstatic.com/image/thumb/Podcasts113/v4/a9/39/cc/a939ccc5-6d60-0c11-0a4c-16d71cdef89b/mza_8787577209688278658.jpg/170x170bb.png'
08-06 15:33:13.013  1239  1988 D DBReader: getImageAuthentication() called with: imageUrl = [https://is5-ssl.mzstatic.com/image/thumb/Podcasts114/v4/93/cf/99/93cf9960-fff3-205e-6655-72c03ddeccb2/mza_10545582232493904175.jpeg/170x170bb.png]
08-06 15:33:13.017  1239  1988 D ApOkHttpUrlLoader: no credentials for 'https://is5-ssl.mzstatic.com/image/thumb/Podcasts114/v4/93/cf/99/93cf9960-fff3-205e-6655-72c03ddeccb2/mza_10545582232493904175.jpeg/170x170bb.png'
08-06 15:33:13.017  1239  1985 D ApOkHttpUrlLoader: buildLoadData() called with: model = [https://is4-ssl.mzstatic.com/image/thumb/Podcasts124/v4/49/a4/91/49a491b7-3daf-c5dc-d7c6-6c4f1486955c/mza_5930014091766152297.png/170x170bb.png], width = [224], height = [224]
08-06 15:33:13.018  1239  1989 D DBReader: getImageAuthentication() called with: imageUrl = [https://is4-ssl.mzstatic.com/image/thumb/Podcasts124/v4/49/a4/91/49a491b7-3daf-c5dc-d7c6-6c4f1486955c/mza_5930014091766152297.png/170x170bb.png]
08-06 15:33:13.021  1239  1983 D ApOkHttpUrlLoader: buildLoadData() called with: model = [https://is5-ssl.mzstatic.com/image/thumb/Podcasts113/v4/fd/54/6e/fd546ea0-7ab2-e3f0-6049-884d82917af9/mza_4855349695799758348.jpeg/170x170bb.png], width = [224], height = [224]
08-06 15:33:13.022  1239  1980 D DBReader: getImageAuthentication() called with: imageUrl = [https://is5-ssl.mzstatic.com/image/thumb/Podcasts113/v4/fd/54/6e/fd546ea0-7ab2-e3f0-6049-884d82917af9/mza_4855349695799758348.jpeg/170x170bb.png]
08-06 15:33:13.022  1239  1989 D ApOkHttpUrlLoader: no credentials for 'https://is4-ssl.mzstatic.com/image/thumb/Podcasts124/v4/49/a4/91/49a491b7-3daf-c5dc-d7c6-6c4f1486955c/mza_5930014091766152297.png/170x170bb.png'
08-06 15:33:13.027  1239  1979 D ApOkHttpUrlLoader: buildLoadData() called with: model = [https://is2-ssl.mzstatic.com/image/thumb/Podcasts114/v4/b3/4c/cf/b34ccfc2-cea4-1ca1-0fad-7793af301cc5/mza_2466085192629456364.jpg/170x170bb.png], width = [224], height = [224]
08-06 15:33:13.027  1239  1980 D ApOkHttpUrlLoader: no credentials for 'https://is5-ssl.mzstatic.com/image/thumb/Podcasts113/v4/fd/54/6e/fd546ea0-7ab2-e3f0-6049-884d82917af9/mza_4855349695799758348.jpeg/170x170bb.png'
08-06 15:33:13.028  1239  3042 I art     : Explicit concurrent mark sweep GC freed 1969(157KB) AllocSpace objects, 0(0B) LOS objects, 37% free, 26MB/42MB, paused 2.336ms total 34.115ms
08-06 15:33:13.028  1239  1982 D DBReader: getImageAuthentication() called with: imageUrl = [https://is2-ssl.mzstatic.com/image/thumb/Podcasts114/v4/b3/4c/cf/b34ccfc2-cea4-1ca1-0fad-7793af301cc5/mza_2466085192629456364.jpg/170x170bb.png]
08-06 15:33:13.032  1239  1982 D ApOkHttpUrlLoader: no credentials for 'https://is2-ssl.mzstatic.com/image/thumb/Podcasts114/v4/b3/4c/cf/b34ccfc2-cea4-1ca1-0fad-7793af301cc5/mza_2466085192629456364.jpg/170x170bb.png'
08-06 15:33:13.336  1239  1265 I art     : Starting a blocking GC Explicit
08-06 15:33:13.383  1239  1265 I art     : Explicit concurrent mark sweep GC freed 2382(150KB) AllocSpace objects, 1(20KB) LOS objects, 37% free, 26MB/42MB, paused 3.133ms total 47.197ms
08-06 15:33:13.402  1239  1265 I art     : Starting a blocking GC Explicit
08-06 15:33:13.444  1239  1265 I art     : Explicit concurrent mark sweep GC freed 20663(890KB) AllocSpace objects, 0(0B) LOS objects, 37% free, 27MB/43MB, paused 1.850ms total 41.107ms
08-06 15:33:13.457  1239  1265 I art     : Starting a blocking GC Explicit
08-06 15:33:13.492  1239  1265 I art     : Explicit concurrent mark sweep GC freed 5711(370KB) AllocSpace objects, 0(0B) LOS objects, 37% free, 26MB/42MB, paused 1.539ms total 35.184ms
08-06 15:33:13.504  1239  1265 I art     : Starting a blocking GC Explicit
08-06 15:33:13.540  1239  1265 I art     : Explicit concurrent mark sweep GC freed 624(22KB) AllocSpace objects, 0(0B) LOS objects, 37% free, 26MB/42MB, paused 1.590ms total 35.594ms
08-06 15:33:13.552  1239  1265 I art     : Starting a blocking GC Explicit
08-06 15:33:13.591  1239  1265 I art     : Explicit concurrent mark sweep GC freed 31(1424B) AllocSpace objects, 0(0B) LOS objects, 37% free, 26MB/42MB, paused 1.630ms total 39.049ms
08-06 15:33:13.731  1239  1989 D MYTAG   : interceptor 2a
08-06 15:33:13.732  1239  1989 I NAPPA_EXPERIMENTATION: MetricNetworkRequestExecutionTime: REQUEST_DURATION_SYSTEM='709',REQUEST_DURATION_OKHTTP='305',REQUEST_SYNCHRONOUS='TRUE',RESPONSE_CODE='200',RESPONSE_METHOD='GET',RESPONSE_LENGTH_OKHTTP='12000',RESPONSE_LENGTH_HEADER='12000',REQUEST_PROTOCOL='h2',REQUEST_URL='https://is4-ssl.mzstatic.com/image/thumb/Podcasts124/v4/49/a4/91/49a491b7-3daf-c5dc-d7c6-6c4f1486955c/mza_5930014091766152297.png/170x170bb.png',
08-06 15:33:13.756  1239  1986 D MYTAG   : interceptor 2a
08-06 15:33:13.757  1239  1986 I NAPPA_EXPERIMENTATION: MetricNetworkRequestExecutionTime: REQUEST_DURATION_SYSTEM='757',REQUEST_DURATION_OKHTTP='312',REQUEST_SYNCHRONOUS='TRUE',RESPONSE_CODE='200',RESPONSE_METHOD='GET',RESPONSE_LENGTH_OKHTTP='26177',RESPONSE_LENGTH_HEADER='26177',REQUEST_PROTOCOL='h2',REQUEST_URL='https://is4-ssl.mzstatic.com/image/thumb/Podcasts114/v4/3f/16/74/3f167426-bf50-ce3a-d709-e4301620fc5b/mza_5832671293059882550.jpeg/170x170bb.png',
08-06 15:33:13.760  1239  1988 D MYTAG   : interceptor 2a
08-06 15:33:13.760  1239  1988 I NAPPA_EXPERIMENTATION: MetricNetworkRequestExecutionTime: REQUEST_DURATION_SYSTEM='742',REQUEST_DURATION_OKHTTP='327',REQUEST_SYNCHRONOUS='TRUE',RESPONSE_CODE='200',RESPONSE_METHOD='GET',RESPONSE_LENGTH_OKHTTP='22351',RESPONSE_LENGTH_HEADER='22351',REQUEST_PROTOCOL='h2',REQUEST_URL='https://is5-ssl.mzstatic.com/image/thumb/Podcasts114/v4/93/cf/99/93cf9960-fff3-205e-6655-72c03ddeccb2/mza_10545582232493904175.jpeg/170x170bb.png',
08-06 15:33:13.777  1239  1984 D MYTAG   : interceptor 2a
08-06 15:33:13.778  1239  1984 I NAPPA_EXPERIMENTATION: MetricNetworkRequestExecutionTime: REQUEST_DURATION_SYSTEM='772',REQUEST_DURATION_OKHTTP='328',REQUEST_SYNCHRONOUS='TRUE',RESPONSE_CODE='200',RESPONSE_METHOD='GET',RESPONSE_LENGTH_OKHTTP='45995',RESPONSE_LENGTH_HEADER='45995',REQUEST_PROTOCOL='h2',REQUEST_URL='https://is4-ssl.mzstatic.com/image/thumb/Podcasts113/v4/e5/8a/10/e58a108f-f5d0-f622-c94a-13f66edd570c/mza_3025981348644196724.jpg/170x170bb.png',
08-06 15:33:13.791  1239  1982 D MYTAG   : interceptor 2a
08-06 15:33:13.791  1239  1982 I NAPPA_EXPERIMENTATION: MetricNetworkRequestExecutionTime: REQUEST_DURATION_SYSTEM='759',REQUEST_DURATION_OKHTTP='349',REQUEST_SYNCHRONOUS='TRUE',RESPONSE_CODE='200',RESPONSE_METHOD='GET',RESPONSE_LENGTH_OKHTTP='42299',RESPONSE_LENGTH_HEADER='42299',REQUEST_PROTOCOL='h2',REQUEST_URL='https://is2-ssl.mzstatic.com/image/thumb/Podcasts114/v4/b3/4c/cf/b34ccfc2-cea4-1ca1-0fad-7793af301cc5/mza_2466085192629456364.jpg/170x170bb.png',
08-06 15:33:13.799  1239  1980 D MYTAG   : interceptor 2a
08-06 15:33:13.800  1239  1980 I NAPPA_EXPERIMENTATION: MetricNetworkRequestExecutionTime: REQUEST_DURATION_SYSTEM='772',REQUEST_DURATION_OKHTTP='356',REQUEST_SYNCHRONOUS='TRUE',RESPONSE_CODE='200',RESPONSE_METHOD='GET',RESPONSE_LENGTH_OKHTTP='54835',RESPONSE_LENGTH_HEADER='54835',REQUEST_PROTOCOL='h2',REQUEST_URL='https://is5-ssl.mzstatic.com/image/thumb/Podcasts113/v4/fd/54/6e/fd546ea0-7ab2-e3f0-6049-884d82917af9/mza_4855349695799758348.jpeg/170x170bb.png',
08-06 15:33:13.818  1239  1987 D MYTAG   : interceptor 2a
08-06 15:33:13.818  1239  1987 I NAPPA_EXPERIMENTATION: MetricNetworkRequestExecutionTime: REQUEST_DURATION_SYSTEM='806',REQUEST_DURATION_OKHTTP='368',REQUEST_SYNCHRONOUS='TRUE',RESPONSE_CODE='200',RESPONSE_METHOD='GET',RESPONSE_LENGTH_OKHTTP='48239',RESPONSE_LENGTH_HEADER='48239',REQUEST_PROTOCOL='h2',REQUEST_URL='https://is2-ssl.mzstatic.com/image/thumb/Podcasts113/v4/a9/39/cc/a939ccc5-6d60-0c11-0a4c-16d71cdef89b/mza_8787577209688278658.jpg/170x170bb.png',
08-06 15:33:13.927  1239  1251 I art     : Starting a blocking GC Explicit
08-06 15:33:13.965  1239  1251 I art     : Explicit concurrent mark sweep GC freed 4716(285KB) AllocSpace objects, 1(20KB) LOS objects, 36% free, 28MB/44MB, paused 1.246ms total 37.890ms
08-06 15:33:13.980  1239  1251 I art     : Starting a blocking GC Explicit
08-06 15:33:14.015  1239  1251 I art     : Explicit concurrent mark sweep GC freed 96(4KB) AllocSpace objects, 0(0B) LOS objects, 36% free, 28MB/44MB, paused 1.344ms total 35.192ms
08-06 15:33:14.027  1239  1251 I art     : Starting a blocking GC Explicit
08-06 15:33:14.065  1239  1251 I art     : Explicit concurrent mark sweep GC freed 3(96B) AllocSpace objects, 0(0B) LOS objects, 36% free, 28MB/44MB, paused 1.300ms total 36.954ms
08-06 15:33:14.077  1239  1251 I art     : Starting a blocking GC Explicit
08-06 15:33:14.115  1239  1251 I art     : Explicit concurrent mark sweep GC freed 3(96B) AllocSpace objects, 0(0B) LOS objects, 36% free, 28MB/44MB, paused 1.296ms total 38.143ms
08-06 15:33:14.127  1239  1251 I art     : Starting a blocking GC Explicit
08-06 15:33:14.165  1239  1251 I art     : Explicit concurrent mark sweep GC freed 3(96B) AllocSpace objects, 0(0B) LOS objects, 36% free, 28MB/44MB, paused 1.242ms total 37.136ms
08-06 15:33:14.265   918  1209 D NetworkMonitor/NetworkAgentInfo [WIFI () - 159]: Checking http://connectivitycheck.gstatic.com/generate_204 on "H369AA63323", 192.168.2.12=192.168.2.12
08-06 15:33:14.319   918  1209 D NetworkMonitor/NetworkAgentInfo [WIFI () - 159]: Probably not a portal: exception java.io.IOException: unexpected end of stream on Connection{connectivitycheck.gstatic.com:80, proxy=HTTP@/192.168.2.12:8080 hostAddress=192.168.2.12 cipherSuite=none protocol=http/1.1} (recycle count=0)
08-06 15:33:14.320   918  3263 D ConnectivityService: NetworkAgentInfo [WIFI () - 159] validation failed
08-06 15:33:14.322   918  3261 E WifiConfigStore:  rewrite network history for "H369AA63323"WPA_PSK
08-06 15:33:14.500  1239  1252 I art     : Starting a blocking GC Explicit
08-06 15:33:14.545  1239  1252 I art     : Explicit concurrent mark sweep GC freed 1373(81KB) AllocSpace objects, 1(20KB) LOS objects, 36% free, 28MB/44MB, paused 1.244ms total 44.807ms
08-06 15:33:14.558  1239  1252 I art     : Starting a blocking GC Explicit
08-06 15:33:14.595  1239  1252 I art     : Explicit concurrent mark sweep GC freed 24(784B) AllocSpace objects, 0(0B) LOS objects, 36% free, 28MB/44MB, paused 1.232ms total 37.282ms
08-06 15:33:14.609  1239  1252 I art     : Starting a blocking GC Explicit
08-06 15:33:14.647  1239  1252 I art     : Explicit concurrent mark sweep GC freed 9(288B) AllocSpace objects, 0(0B) LOS objects, 36% free, 28MB/44MB, paused 1.298ms total 37.779ms
08-06 15:33:14.659  1239  1252 I art     : Starting a blocking GC Explicit
08-06 15:33:14.695  1239  1252 I art     : Explicit concurrent mark sweep GC freed 9(288B) AllocSpace objects, 0(0B) LOS objects, 36% free, 28MB/44MB, paused 1.204ms total 35.293ms
08-06 15:33:14.708  1239  1252 I art     : Starting a blocking GC Explicit
08-06 15:33:14.744  1239  1252 I art     : Explicit concurrent mark sweep GC freed 9(288B) AllocSpace objects, 0(0B) LOS objects, 36% free, 28MB/44MB, paused 1.155ms total 35.441ms
08-06 15:33:15.088  1239  3042 I art     : Starting a blocking GC Explicit
08-06 15:33:15.137  1239  3042 I art     : Explicit concurrent mark sweep GC freed 1414(83KB) AllocSpace objects, 1(20KB) LOS objects, 36% free, 28MB/44MB, paused 1.351ms total 47.501ms
08-06 15:33:15.152  1239  3042 I art     : Starting a blocking GC Explicit
08-06 15:33:15.190  1239  3042 I art     : Explicit concurrent mark sweep GC freed 23(752B) AllocSpace objects, 0(0B) LOS objects, 36% free, 28MB/44MB, paused 1.343ms total 37.906ms
08-06 15:33:15.202  1239  3042 I art     : Starting a blocking GC Explicit
08-06 15:33:15.241  1239  3042 I art     : Explicit concurrent mark sweep GC freed 3(96B) AllocSpace objects, 0(0B) LOS objects, 36% free, 28MB/44MB, paused 1.314ms total 38.227ms
08-06 15:33:15.253  1239  3042 I art     : Starting a blocking GC Explicit
08-06 15:33:15.290  1239  3042 I art     : Explicit concurrent mark sweep GC freed 3(96B) AllocSpace objects, 0(0B) LOS objects, 36% free, 28MB/44MB, paused 1.313ms total 36.458ms
08-06 15:33:15.302  1239  3042 I art     : Starting a blocking GC Explicit
08-06 15:33:15.341  1239  3042 I art     : Explicit concurrent mark sweep GC freed 3(96B) AllocSpace objects, 0(0B) LOS objects, 36% free, 28MB/44MB, paused 1.176ms total 37.975ms
08-06 15:33:15.697  1239  1265 I art     : Starting a blocking GC Explicit
08-06 15:33:15.745  1239  1265 I art     : Explicit concurrent mark sweep GC freed 1373(81KB) AllocSpace objects, 1(20KB) LOS objects, 36% free, 28MB/44MB, paused 1.414ms total 48.053ms
08-06 15:33:15.762  1239  1265 I art     : Starting a blocking GC Explicit
08-06 15:33:15.803  1239  1265 I art     : Explicit concurrent mark sweep GC freed 23(752B) AllocSpace objects, 0(0B) LOS objects, 36% free, 28MB/44MB, paused 1.318ms total 40.715ms
08-06 15:33:15.815  1239  1265 I art     : Starting a blocking GC Explicit
08-06 15:33:15.854  1239  1265 I art     : Explicit concurrent mark sweep GC freed 3(96B) AllocSpace objects, 0(0B) LOS objects, 36% free, 28MB/44MB, paused 1.319ms total 38.238ms
08-06 15:33:15.866  1239  1265 I art     : Starting a blocking GC Explicit
08-06 15:33:15.903  1239  1265 I art     : Explicit concurrent mark sweep GC freed 3(96B) AllocSpace objects, 0(0B) LOS objects, 36% free, 28MB/44MB, paused 1.297ms total 36.722ms
08-06 15:33:15.916  1239  1265 I art     : Starting a blocking GC Explicit
08-06 15:33:15.954  1239  1265 I art     : Explicit concurrent mark sweep GC freed 3(96B) AllocSpace objects, 0(0B) LOS objects, 36% free, 28MB/44MB, paused 1.304ms total 38.431ms
08-06 15:33:16.296  1239  1252 I art     : Starting a blocking GC Explicit
08-06 15:33:16.343  1239  1252 I art     : Explicit concurrent mark sweep GC freed 1403(83KB) AllocSpace objects, 1(20KB) LOS objects, 36% free, 28MB/44MB, paused 1.320ms total 46.738ms
08-06 15:33:16.358  1239  1252 I art     : Starting a blocking GC Explicit
08-06 15:33:16.393  1239  1252 I art     : Explicit concurrent mark sweep GC freed 23(752B) AllocSpace objects, 0(0B) LOS objects, 36% free, 28MB/44MB, paused 1.232ms total 34.983ms
08-06 15:33:16.405  1239  1252 I art     : Starting a blocking GC Explicit
08-06 15:33:16.441  1239  1252 I art     : Explicit concurrent mark sweep GC freed 3(96B) AllocSpace objects, 0(0B) LOS objects, 36% free, 28MB/44MB, paused 1.323ms total 36.339ms
08-06 15:33:16.454  1239  1252 I art     : Starting a blocking GC Explicit
08-06 15:33:16.491  1239  1252 I art     : Explicit concurrent mark sweep GC freed 3(96B) AllocSpace objects, 0(0B) LOS objects, 36% free, 28MB/44MB, paused 1.230ms total 36.649ms
08-06 15:33:16.503  1239  1252 I art     : Starting a blocking GC Explicit
08-06 15:33:16.542  1239  1252 I art     : Explicit concurrent mark sweep GC freed 3(96B) AllocSpace objects, 0(0B) LOS objects, 36% free, 28MB/44MB, paused 1.302ms total 38.403ms
08-06 15:33:16.887  1239  1581 I art     : Starting a blocking GC Explicit
08-06 15:33:16.937  1239  1581 I art     : Explicit concurrent mark sweep GC freed 1373(81KB) AllocSpace objects, 1(20KB) LOS objects, 36% free, 28MB/44MB, paused 1.704ms total 49.066ms
08-06 15:33:16.951  1239  1581 I art     : Starting a blocking GC Explicit
08-06 15:33:16.988  1239  1581 I art     : Explicit concurrent mark sweep GC freed 23(752B) AllocSpace objects, 0(0B) LOS objects, 36% free, 28MB/44MB, paused 1.483ms total 36.774ms
08-06 15:33:17.000  1239  1581 I art     : Starting a blocking GC Explicit
08-06 15:33:17.039  1239  1581 I art     : Explicit concurrent mark sweep GC freed 32(880B) AllocSpace objects, 0(0B) LOS objects, 36% free, 28MB/44MB, paused 1.367ms total 38.182ms
08-06 15:33:17.051  1239  1581 I art     : Starting a blocking GC Explicit
08-06 15:33:17.089  1239  1581 I art     : Explicit concurrent mark sweep GC freed 3(96B) AllocSpace objects, 0(0B) LOS objects, 36% free, 28MB/44MB, paused 1.264ms total 37.729ms
08-06 15:33:17.101  1239  1581 I art     : Starting a blocking GC Explicit
08-06 15:33:17.139  1239  1581 I art     : Explicit concurrent mark sweep GC freed 3(96B) AllocSpace objects, 0(0B) LOS objects, 36% free, 28MB/44MB, paused 1.349ms total 37.704ms
08-06 15:33:17.480  1239  1251 I art     : Starting a blocking GC Explicit
08-06 15:33:17.525  1239  1251 I art     : Explicit concurrent mark sweep GC freed 1372(80KB) AllocSpace objects, 1(20KB) LOS objects, 36% free, 28MB/44MB, paused 1.321ms total 45.381ms
08-06 15:33:17.541  1239  1251 I art     : Starting a blocking GC Explicit
08-06 15:33:17.579  1239  1251 I art     : Explicit concurrent mark sweep GC freed 23(752B) AllocSpace objects, 0(0B) LOS objects, 36% free, 28MB/44MB, paused 1.275ms total 37.158ms
08-06 15:33:17.591  1239  1251 I art     : Starting a blocking GC Explicit
08-06 15:33:17.629  1239  1251 I art     : Explicit concurrent mark sweep GC freed 3(96B) AllocSpace objects, 0(0B) LOS objects, 36% free, 28MB/44MB, paused 1.351ms total 38.224ms
08-06 15:33:17.641  1239  1251 I art     : Starting a blocking GC Explicit
08-06 15:33:17.680  1239  1251 I art     : Explicit concurrent mark sweep GC freed 3(96B) AllocSpace objects, 0(0B) LOS objects, 36% free, 28MB/44MB, paused 1.315ms total 38.681ms
08-06 15:33:17.693  1239  1251 I art     : Starting a blocking GC Explicit
08-06 15:33:17.730  1239  1251 I art     : Explicit concurrent mark sweep GC freed 3(96B) AllocSpace objects, 0(0B) LOS objects, 36% free, 28MB/44MB, paused 1.324ms total 37.209ms
08-06 15:33:18.042  1239  3042 I art     : Starting a blocking GC Explicit
08-06 15:33:18.085  1239  3042 I art     : Explicit concurrent mark sweep GC freed 1401(81KB) AllocSpace objects, 1(20KB) LOS objects, 36% free, 28MB/44MB, paused 1.391ms total 42.595ms
08-06 15:33:18.099  1239  3042 I art     : Starting a blocking GC Explicit
08-06 15:33:18.135  1239  3042 I art     : Explicit concurrent mark sweep GC freed 23(752B) AllocSpace objects, 0(0B) LOS objects, 36% free, 28MB/44MB, paused 1.328ms total 35.965ms
08-06 15:33:18.147  1239  3042 I art     : Starting a blocking GC Explicit
08-06 15:33:18.184  1239  3042 I art     : Explicit concurrent mark sweep GC freed 3(96B) AllocSpace objects, 0(0B) LOS objects, 36% free, 28MB/44MB, paused 1.284ms total 36.540ms
08-06 15:33:18.196  1239  3042 I art     : Starting a blocking GC Explicit
08-06 15:33:18.232  1239  3042 I art     : Explicit concurrent mark sweep GC freed 3(96B) AllocSpace objects, 0(0B) LOS objects, 36% free, 28MB/44MB, paused 1.322ms total 35.980ms
08-06 15:33:18.244  1239  3042 I art     : Starting a blocking GC Explicit
08-06 15:33:18.281  1239  3042 I art     : Explicit concurrent mark sweep GC freed 3(96B) AllocSpace objects, 0(0B) LOS objects, 36% free, 28MB/44MB, paused 1.312ms total 36.739ms
08-06 15:33:18.446  3293  3293 D AndroidRuntime: >>>>>> START com.android.internal.os.RuntimeInit uid 2000 <<<<<<
08-06 15:33:18.453  3293  3293 D AndroidRuntime: CheckJNI is OFF
08-06 15:33:18.496  3293  3293 D ICU     : No timezone override file found: /data/misc/zoneinfo/current/icu/icu_tzdata.dat
08-06 15:33:18.538  3293  3293 I Radio-JNI: register_android_hardware_Radio DONE
08-06 15:33:18.567  3293  3293 D AndroidRuntime: Calling main entry com.android.commands.input.Input
08-06 15:33:18.569  3293  3293 I Input   : injectMotionEvent: MotionEvent { action=ACTION_DOWN, actionButton=0, id[0]=0, x[0]=616.0, y[0]=469.0, toolType[0]=TOOL_TYPE_UNKNOWN, buttonState=0, metaState=0, flags=0x0, edgeFlags=0x0, pointerCount=1, historySize=0, eventTime=891214981, downTime=891214981, deviceId=0, source=0x1002 }
08-06 15:33:18.573  3293  3293 I Input   : injectMotionEvent: MotionEvent { action=ACTION_UP, actionButton=0, id[0]=0, x[0]=616.0, y[0]=469.0, toolType[0]=TOOL_TYPE_UNKNOWN, buttonState=0, metaState=0, flags=0x0, edgeFlags=0x0, pointerCount=1, historySize=0, eventTime=891214981, downTime=891214981, deviceId=0, source=0x1002 }
08-06 15:33:18.575  3293  3293 D AndroidRuntime: Shutting down VM
08-06 15:33:18.638  1239  1251 I art     : Starting a blocking GC Explicit
08-06 15:33:18.642   512  2967 D audio_hw_primary: out_set_parameters: enter: usecase(1: low-latency-playback) kvpairs: routing=2
08-06 15:33:18.655   512  2967 D audio_hw_primary: select_devices: out_snd_device(2: speaker) in_snd_device(0: none)
08-06 15:33:18.655   512  2967 D msm8974_platform: platform_send_audio_calibration: sending audio calibration for snd_device(2) acdb_id(15)
08-06 15:33:18.656   512  2967 I soundtrigger: audio_extn_sound_trigger_update_device_status: device 0x2 of type 0 for Event 1
08-06 15:33:18.668   512  2967 D audio_hw_primary: enable_snd_device: snd_device(2: speaker)
08-06 15:33:18.670   512  2967 D audio_hw_primary: enable_audio_route: apply and update mixer path: low-latency-playback speaker
08-06 15:33:18.675  1239  1251 I art     : Explicit concurrent mark sweep GC freed 1593(89KB) AllocSpace objects, 1(20KB) LOS objects, 36% free, 28MB/44MB, paused 1.403ms total 36.878ms
08-06 15:33:18.688  1239  1251 I art     : Starting a blocking GC Explicit
08-06 15:33:18.721  1239  1251 I art     : Explicit concurrent mark sweep GC freed 42(1520B) AllocSpace objects, 0(0B) LOS objects, 36% free, 28MB/44MB, paused 1.281ms total 32.394ms
08-06 15:33:18.732  1239  1251 I art     : Starting a blocking GC Explicit
08-06 15:33:18.764  1239  1251 I art     : Explicit concurrent mark sweep GC freed 18(672B) AllocSpace objects, 0(0B) LOS objects, 36% free, 28MB/44MB, paused 1.352ms total 32.616ms
08-06 15:33:18.776  1239  1251 I art     : Starting a blocking GC Explicit
08-06 15:33:18.809  1239  1251 I art     : Explicit concurrent mark sweep GC freed 14(496B) AllocSpace objects, 0(0B) LOS objects, 36% free, 28MB/44MB, paused 1.338ms total 33.287ms
08-06 15:33:18.821  1239  1251 I art     : Starting a blocking GC Explicit
08-06 15:33:18.846  1239  1790 I NAPPA_EXPERIMENTATION: MetricNetworkRequestExecutionTime: REQUEST_DURATION_SYSTEM='206',REQUEST_DURATION_OKHTTP='204',REQUEST_SYNCHRONOUS='TRUE',RESPONSE_CODE='200',RESPONSE_METHOD='GET',RESPONSE_LENGTH_OKHTTP='-1',RESPONSE_LENGTH_HEADER='628',REQUEST_PROTOCOL='h2',REQUEST_URL='https://itunes.apple.com/lookup?id=1524080195',
08-06 15:33:18.855  1239  1251 I art     : Explicit concurrent mark sweep GC freed 261(22KB) AllocSpace objects, 0(0B) LOS objects, 36% free, 28MB/44MB, paused 1.434ms total 33.962ms
08-06 15:33:18.862   918  3670 I ActivityManager: START u0 {cmp=baseline.de.danoeh.antennapod.debug/baseline.de.danoeh.antennapod.activity.OnlineFeedViewActivity (has extras)} from uid 10711 on display 0
08-06 15:33:18.883   918   937 W ProcessCpuTracker: Skipping unknown process pid 3323
08-06 15:33:18.883   918   937 W ProcessCpuTracker: Skipping unknown process pid 3325
08-06 15:33:18.883   918   937 W ProcessCpuTracker: Skipping unknown process pid 3326
08-06 15:33:18.886 13866 13866 I GoogleInputMethodServic: GoogleInputMethodService.onFinishInput():3138 
08-06 15:33:18.898 13866 13866 I GoogleInputMethodServic: GoogleInputMethodService.onStartInput():1808 
08-06 15:33:18.911  1239  1239 D UserPreferences: Using default data folder
08-06 15:33:18.912  1239  1239 D OnlineFeedViewActivity: Activity was started with url https://rss.art19.com/nice-white-parents
08-06 15:33:18.915  1239  1239 D OnlineFeedViewActivity: Starting feed download
08-06 15:33:18.917  1239  1268 D DBReader: Extracting Feedlist
08-06 15:33:18.920   918  6110 D WifiService: acquireWifiLockLocked: WifiLock{Downloader type=1 binder=android.os.BinderProxy@af39ebd}
08-06 15:33:18.920  1239  1268 D AntennapodHttpClient: Creating new instance of HTTP client
08-06 15:33:18.969 13866 13866 I GoogleInputMethodServic: GoogleInputMethodService.onFinishInput():3138 
08-06 15:33:18.970 13866 13866 I GoogleInputMethodServic: GoogleInputMethodService.onStartInput():1808 
08-06 15:33:19.002   918   936 I ActivityManager: Displayed baseline.de.danoeh.antennapod.debug/baseline.de.danoeh.antennapod.activity.OnlineFeedViewActivity: +114ms
08-06 15:33:19.141  1239  3042 I art     : Starting a blocking GC Explicit
08-06 15:33:19.175  1239  3042 I art     : Explicit concurrent mark sweep GC freed 3067(197KB) AllocSpace objects, 1(20KB) LOS objects, 35% free, 28MB/44MB, paused 1.222ms total 33.769ms
08-06 15:33:19.186  1239  3042 I art     : Starting a blocking GC Explicit
08-06 15:33:19.209   512  2967 D audio_hw_primary: disable_audio_route: reset and update mixer path: low-latency-playback speaker
08-06 15:33:19.212   512  2967 D audio_hw_primary: disable_snd_device: snd_device(2: speaker)
08-06 15:33:19.217  1239  3042 I art     : Explicit concurrent mark sweep GC freed 358(16KB) AllocSpace objects, 0(0B) LOS objects, 35% free, 28MB/44MB, paused 1.345ms total 31.185ms
08-06 15:33:19.220   512  2967 I soundtrigger: audio_extn_sound_trigger_update_device_status: device 0x2 of type 0 for Event 0
08-06 15:33:19.228   380   380 W SurfaceFlinger: couldn't log to binary event log: overflow.
08-06 15:33:19.229  1239  3042 I art     : Starting a blocking GC Explicit
08-06 15:33:19.260  1239  3042 I art     : Explicit concurrent mark sweep GC freed 3(96B) AllocSpace objects, 0(0B) LOS objects, 35% free, 28MB/44MB, paused 1.203ms total 30.802ms
08-06 15:33:19.271  1239  3042 I art     : Starting a blocking GC Explicit
08-06 15:33:19.301  1239  3042 I art     : Explicit concurrent mark sweep GC freed 3(96B) AllocSpace objects, 0(0B) LOS objects, 35% free, 28MB/44MB, paused 1.187ms total 30.458ms
08-06 15:33:19.312  1239  3042 I art     : Starting a blocking GC Explicit
08-06 15:33:19.345  1239  3042 I art     : Explicit concurrent mark sweep GC freed 3(96B) AllocSpace objects, 0(0B) LOS objects, 35% free, 28MB/44MB, paused 1.296ms total 32.011ms
08-06 15:33:19.364  1239  1239 D PlaybackController: Releasing PlaybackController
08-06 15:33:19.602  1239  1268 D MYTAG   : interceptor 3a https://rss.art19.com/nice-white-parents
08-06 15:33:19.602  1239  1268 I NAPPA_EXPERIMENTATION: MetricNetworkRequestExecutionTime: REQUEST_DURATION_SYSTEM='681',REQUEST_DURATION_OKHTTP='146',REQUEST_SYNCHRONOUS='TRUE',RESPONSE_CODE='200',RESPONSE_METHOD='GET',RESPONSE_LENGTH_OKHTTP='-1',RESPONSE_LENGTH_HEADER='1803',REQUEST_PROTOCOL='h2',REQUEST_URL='https://rss.art19.com/nice-white-parents',
08-06 15:33:19.602  1239  1268 D HttpDownloader: Response code is 200
08-06 15:33:19.602  1239  1268 D UserPreferences: Using default data folder
08-06 15:33:19.604  1239  1268 D HttpDownloader: Getting size of download
08-06 15:33:19.604  1239  1268 D HttpDownloader: Size is -1
08-06 15:33:19.604  1239  1268 D UserPreferences: Using default data folder
08-06 15:33:19.604  1239  1268 D HttpDownloader: Free space is 20252024832
08-06 15:33:19.605  1239  1268 D HttpDownloader: Starting download
08-06 15:33:19.614  1239  1268 D HttpDownloader: Download was successful
08-06 15:33:19.615   918  3359 D WifiService: releaseWifiLockLocked: WifiLock{Downloader type=1 binder=android.os.BinderProxy@af39ebd}
08-06 15:33:19.628  1239  1239 D OnlineFeedViewActivity: Parsing feed
08-06 15:33:19.632  1239  3366 D TypeGetter: Recognized type RSS 2.0
08-06 15:33:19.634  1239  3366 D SyndHandler: Recognized ITunes namespace
08-06 15:33:19.634  1239  3366 D SyndHandler: Recognized Atom namespace
08-06 15:33:19.634  1239  3366 D SyndHandler: Recognized Content namespace
08-06 15:33:19.640  1239  3366 D OnlineFeedViewActivity: Deleted feed source file. Result: true
08-06 15:33:19.645  1239  1239 D OnlineFeedViewActivity: Removing HTML from shownotes
08-06 15:33:19.649  1239  1251 I art     : Starting a blocking GC Explicit
08-06 15:33:19.693  1239  1251 I art     : Explicit concurrent mark sweep GC freed 8426(600KB) AllocSpace objects, 8(348KB) LOS objects, 35% free, 28MB/44MB, paused 1.532ms total 43.431ms
08-06 15:33:19.704  1239  1251 I art     : Starting a blocking GC Explicit
08-06 15:33:19.740  1239  1251 I art     : Explicit concurrent mark sweep GC freed 1655(150KB) AllocSpace objects, 1(112KB) LOS objects, 35% free, 28MB/44MB, paused 1.321ms total 35.261ms
08-06 15:33:19.752  1239  1251 I art     : Starting a blocking GC Explicit
08-06 15:33:19.788  1239  1251 I art     : Explicit concurrent mark sweep GC freed 33(1408B) AllocSpace objects, 0(0B) LOS objects, 35% free, 28MB/44MB, paused 1.446ms total 36.446ms
08-06 15:33:19.801  1239  1251 I art     : Starting a blocking GC Explicit
08-06 15:33:19.838  1239  1251 I art     : Explicit concurrent mark sweep GC freed 7(256B) AllocSpace objects, 0(0B) LOS objects, 35% free, 28MB/44MB, paused 1.411ms total 36.767ms
08-06 15:33:19.850  1239  1251 I art     : Starting a blocking GC Explicit
08-06 15:33:19.888  1239  1251 I art     : Explicit concurrent mark sweep GC freed 3(96B) AllocSpace objects, 0(0B) LOS objects, 35% free, 28MB/44MB, paused 1.394ms total 37.835ms
08-06 15:33:20.214  1239  1265 I art     : Starting a blocking GC Explicit
08-06 15:33:20.266  1239  1265 I art     : Explicit concurrent mark sweep GC freed 1401(81KB) AllocSpace objects, 1(20KB) LOS objects, 35% free, 28MB/44MB, paused 1.577ms total 52.013ms
08-06 15:33:20.283  1239  1265 I art     : Starting a blocking GC Explicit
08-06 15:33:20.325  1239  1265 I art     : Explicit concurrent mark sweep GC freed 23(752B) AllocSpace objects, 0(0B) LOS objects, 35% free, 28MB/44MB, paused 1.380ms total 42.034ms
08-06 15:33:20.338  1239  1265 I art     : Starting a blocking GC Explicit
08-06 15:33:20.379  1239  1265 I art     : Explicit concurrent mark sweep GC freed 3(96B) AllocSpace objects, 0(0B) LOS objects, 35% free, 28MB/44MB, paused 1.432ms total 40.625ms
08-06 15:33:20.391  1239  1265 I art     : Starting a blocking GC Explicit
08-06 15:33:20.431  1239  1265 I art     : Explicit concurrent mark sweep GC freed 3(96B) AllocSpace objects, 0(0B) LOS objects, 35% free, 28MB/44MB, paused 1.391ms total 39.042ms
08-06 15:33:20.443  1239  1265 I art     : Starting a blocking GC Explicit
08-06 15:33:20.484  1239  1265 I art     : Explicit concurrent mark sweep GC freed 3(96B) AllocSpace objects, 0(0B) LOS objects, 35% free, 28MB/44MB, paused 1.365ms total 40.202ms
08-06 15:33:20.821  1239  1252 I art     : Starting a blocking GC Explicit
08-06 15:33:20.878  1239  1252 I art     : Explicit concurrent mark sweep GC freed 1372(80KB) AllocSpace objects, 1(20KB) LOS objects, 35% free, 28MB/44MB, paused 1.553ms total 56.245ms
08-06 15:33:20.893  1239  1252 I art     : Starting a blocking GC Explicit
08-06 15:33:20.934  1239  1252 I art     : Explicit concurrent mark sweep GC freed 23(752B) AllocSpace objects, 0(0B) LOS objects, 35% free, 28MB/44MB, paused 1.384ms total 40.295ms
08-06 15:33:20.947  1239  1252 I art     : Starting a blocking GC Explicit
08-06 15:33:20.988  1239  1252 I art     : Explicit concurrent mark sweep GC freed 3(96B) AllocSpace objects, 0(0B) LOS objects, 35% free, 28MB/44MB, paused 1.484ms total 40.891ms
08-06 15:33:21.000  1239  1252 I art     : Starting a blocking GC Explicit
08-06 15:33:21.040  1239  1252 I art     : Explicit concurrent mark sweep GC freed 32(880B) AllocSpace objects, 0(0B) LOS objects, 35% free, 28MB/44MB, paused 1.405ms total 39.512ms
08-06 15:33:21.053  1239  1252 I art     : Starting a blocking GC Explicit
08-06 15:33:21.094  1239  1252 I art     : Explicit concurrent mark sweep GC freed 3(96B) AllocSpace objects, 0(0B) LOS objects, 35% free, 28MB/44MB, paused 1.357ms total 40.996ms
08-06 15:33:21.449  1239  1581 I art     : Starting a blocking GC Explicit
08-06 15:33:21.490  1239  1581 I art     : Explicit concurrent mark sweep GC freed 1399(81KB) AllocSpace objects, 1(20KB) LOS objects, 35% free, 28MB/44MB, paused 1.585ms total 40.624ms
08-06 15:33:21.503  1239  1581 I art     : Starting a blocking GC Explicit
08-06 15:33:21.542  1239  1581 I art     : Explicit concurrent mark sweep GC freed 26(848B) AllocSpace objects, 0(0B) LOS objects, 35% free, 28MB/44MB, paused 1.352ms total 38.053ms
08-06 15:33:21.554  1239  1581 I art     : Starting a blocking GC Explicit
08-06 15:33:21.592  1239  1581 I art     : Explicit concurrent mark sweep GC freed 3(96B) AllocSpace objects, 0(0B) LOS objects, 35% free, 28MB/44MB, paused 1.372ms total 38.279ms
08-06 15:33:21.605  1239  1581 I art     : Starting a blocking GC Explicit
08-06 15:33:21.644  1239  1581 I art     : Explicit concurrent mark sweep GC freed 3(96B) AllocSpace objects, 0(0B) LOS objects, 35% free, 28MB/44MB, paused 1.325ms total 38.662ms
08-06 15:33:21.656  1239  1581 I art     : Starting a blocking GC Explicit
08-06 15:33:21.697  1239  1581 I art     : Explicit concurrent mark sweep GC freed 3(96B) AllocSpace objects, 0(0B) LOS objects, 35% free, 28MB/44MB, paused 1.397ms total 40.320ms
08-06 15:33:22.036  1239  1251 I art     : Starting a blocking GC Explicit
08-06 15:33:22.089  1239  1251 I art     : Explicit concurrent mark sweep GC freed 1401(81KB) AllocSpace objects, 1(20KB) LOS objects, 35% free, 28MB/44MB, paused 1.575ms total 52.261ms
08-06 15:33:22.104  1239  1251 I art     : Starting a blocking GC Explicit
08-06 15:33:22.144  1239  1251 I art     : Explicit concurrent mark sweep GC freed 23(752B) AllocSpace objects, 0(0B) LOS objects, 35% free, 28MB/44MB, paused 1.335ms total 39.758ms
08-06 15:33:22.157  1239  1251 I art     : Starting a blocking GC Explicit
08-06 15:33:22.198  1239  1251 I art     : Explicit concurrent mark sweep GC freed 3(96B) AllocSpace objects, 0(0B) LOS objects, 35% free, 28MB/44MB, paused 1.480ms total 40.679ms
08-06 15:33:22.211  1239  1251 I art     : Starting a blocking GC Explicit
08-06 15:33:22.250  1239  1251 I art     : Explicit concurrent mark sweep GC freed 3(96B) AllocSpace objects, 0(0B) LOS objects, 35% free, 28MB/44MB, paused 1.382ms total 39.211ms
08-06 15:33:22.263  1239  1251 I art     : Starting a blocking GC Explicit
08-06 15:33:22.303  1239  1251 I art     : Explicit concurrent mark sweep GC freed 3(96B) AllocSpace objects, 0(0B) LOS objects, 35% free, 28MB/44MB, paused 1.380ms total 40.505ms
08-06 15:33:22.658  1239  1265 I art     : Starting a blocking GC Explicit
08-06 15:33:22.708  1239  1265 I art     : Explicit concurrent mark sweep GC freed 1372(80KB) AllocSpace objects, 1(20KB) LOS objects, 35% free, 28MB/44MB, paused 1.454ms total 49.609ms
08-06 15:33:22.723  1239  1265 I art     : Starting a blocking GC Explicit
08-06 15:33:22.768  1239  1265 I art     : Explicit concurrent mark sweep GC freed 23(752B) AllocSpace objects, 0(0B) LOS objects, 35% free, 28MB/44MB, paused 1.664ms total 44.229ms
08-06 15:33:22.781  1239  1265 I art     : Starting a blocking GC Explicit
08-06 15:33:22.820  1239  1265 I art     : Explicit concurrent mark sweep GC freed 3(96B) AllocSpace objects, 0(0B) LOS objects, 35% free, 28MB/44MB, paused 1.334ms total 39.485ms
08-06 15:33:22.833  1239  1265 I art     : Starting a blocking GC Explicit
08-06 15:33:22.869  1239  1265 I art     : Explicit concurrent mark sweep GC freed 3(96B) AllocSpace objects, 0(0B) LOS objects, 35% free, 28MB/44MB, paused 1.423ms total 35.542ms
08-06 15:33:22.881  1239  1265 I art     : Starting a blocking GC Explicit
08-06 15:33:22.917  1239  1265 I art     : Explicit concurrent mark sweep GC freed 3(96B) AllocSpace objects, 0(0B) LOS objects, 35% free, 28MB/44MB, paused 1.373ms total 35.778ms
08-06 15:33:23.217 29768 29768 I Atfwd_Sendcmd: AtCmdFwd service not ready - Exhausted retry attempts - :6
08-06 15:33:23.217 29768 29768 I Atfwd_Daemon: result : -1 	 ,Init step :2 	 ,qmiErrorCode: 0
08-06 15:33:23.241  1239  3042 I art     : Starting a blocking GC Explicit
08-06 15:33:23.285  1239  3042 I art     : Explicit concurrent mark sweep GC freed 1402(83KB) AllocSpace objects, 1(20KB) LOS objects, 35% free, 28MB/44MB, paused 1.506ms total 43.675ms
08-06 15:33:23.301  1239  3042 I art     : Starting a blocking GC Explicit
08-06 15:33:23.317   918  3261 D WifiStateMachine: starting scan for "H369AA63323"WPA_PSK with 2412,5180
08-06 15:33:23.338  1239  3042 I art     : Explicit concurrent mark sweep GC freed 23(752B) AllocSpace objects, 0(0B) LOS objects, 35% free, 28MB/44MB, paused 1.477ms total 37.363ms
08-06 15:33:23.351  1239  3042 I art     : Starting a blocking GC Explicit
08-06 15:33:23.386  3418  3418 D AndroidRuntime: >>>>>> START com.android.internal.os.RuntimeInit uid 2000 <<<<<<
08-06 15:33:23.388  1239  3042 I art     : Explicit concurrent mark sweep GC freed 3(96B) AllocSpace objects, 0(0B) LOS objects, 35% free, 28MB/44MB, paused 1.534ms total 37.348ms
08-06 15:33:23.393  3418  3418 D AndroidRuntime: CheckJNI is OFF
08-06 15:33:23.401  1239  3042 I art     : Starting a blocking GC Explicit
08-06 15:33:23.437  1239  3042 I art     : Explicit concurrent mark sweep GC freed 3(96B) AllocSpace objects, 0(0B) LOS objects, 35% free, 28MB/44MB, paused 1.429ms total 35.572ms
08-06 15:33:23.437  3418  3418 D ICU     : No timezone override file found: /data/misc/zoneinfo/current/icu/icu_tzdata.dat
08-06 15:33:23.449  1239  3042 I art     : Starting a blocking GC Explicit
08-06 15:33:23.481  3418  3418 I Radio-JNI: register_android_hardware_Radio DONE
08-06 15:33:23.486  1239  3042 I art     : Explicit concurrent mark sweep GC freed 3(96B) AllocSpace objects, 0(0B) LOS objects, 35% free, 28MB/44MB, paused 1.480ms total 36.769ms
08-06 15:33:23.511  3418  3418 D AndroidRuntime: Calling main entry com.android.commands.input.Input
08-06 15:33:23.513  3418  3418 I Input   : injectKeyEvent: KeyEvent { action=ACTION_DOWN, keyCode=KEYCODE_BACK, scanCode=0, metaState=0, flags=0x0, repeatCount=0, eventTime=891219926, downTime=891219926, deviceId=-1, source=0x101 }
08-06 15:33:23.520  3418  3418 I Input   : injectKeyEvent: KeyEvent { action=ACTION_UP, keyCode=KEYCODE_BACK, scanCode=0, metaState=0, flags=0x0, repeatCount=0, eventTime=891219926, downTime=891219926, deviceId=-1, source=0x101 }
08-06 15:33:23.525  3418  3418 D AndroidRuntime: Shutting down VM
08-06 15:33:23.533  1239  1239 V PlaybackController: initServiceNotRunning()
08-06 15:33:23.534  1239  1239 D ExternalPlayerFragment: Loading media info
08-06 15:33:23.539  1239  1239 D UserPreferences: Using default data folder
08-06 15:33:23.540  1239  1268 D DBReader: getNavDrawerData() called with: 
08-06 15:33:23.552  1239  1268 D DBReader: getDownloadedItems() called
08-06 15:33:23.553  1239  1268 D DBReader: getFavoriteIDList() called
08-06 15:33:23.553  1239  1268 D DBReader: getQueueIDList() called
08-06 15:33:23.554  1239  1268 D DBReader: Extracting Feedlist
08-06 15:33:23.575  1239  1239 D MainActivity: getLastNavFragment() -> AddFeedFragment
08-06 15:33:23.575 13866 13866 I GoogleInputMethodServic: GoogleInputMethodService.onFinishInput():3138 
08-06 15:33:23.575 13866 13866 I GoogleInputMethodServic: GoogleInputMethodService.onStartInput():1808 
08-06 15:33:23.785  1239  1252 I art     : Starting a blocking GC Explicit
08-06 15:33:23.830  1239  1252 I art     : Explicit concurrent mark sweep GC freed 2484(153KB) AllocSpace objects, 1(20KB) LOS objects, 35% free, 28MB/44MB, paused 1.356ms total 45.012ms
08-06 15:33:23.846  1239  1252 I art     : Starting a blocking GC Explicit
08-06 15:33:23.887  1239  1252 I art     : Explicit concurrent mark sweep GC freed 452(24KB) AllocSpace objects, 0(0B) LOS objects, 35% free, 28MB/44MB, paused 1.439ms total 40.771ms
08-06 15:33:23.898   380   380 W SurfaceFlinger: couldn't log to binary event log: overflow.
08-06 15:33:23.899  1239  1252 I art     : Starting a blocking GC Explicit
08-06 15:33:23.938  1239  1252 I art     : Explicit concurrent mark sweep GC freed 576(23KB) AllocSpace objects, 0(0B) LOS objects, 35% free, 28MB/44MB, paused 1.377ms total 38.647ms
08-06 15:33:23.949  1239  1252 I art     : Starting a blocking GC Explicit
08-06 15:33:23.984  1239  1252 I art     : Explicit concurrent mark sweep GC freed 165(8KB) AllocSpace objects, 0(0B) LOS objects, 35% free, 28MB/44MB, paused 1.300ms total 33.957ms
08-06 15:33:23.995  1239  1252 I art     : Starting a blocking GC Explicit
08-06 15:33:24.031  1239  1252 I art     : Explicit concurrent mark sweep GC freed 2328(146KB) AllocSpace objects, 1(28KB) LOS objects, 36% free, 28MB/44MB, paused 1.338ms total 35.978ms
08-06 15:33:24.351  1239  1251 I art     : Starting a blocking GC Explicit
08-06 15:33:24.400  1239  1251 I art     : Explicit concurrent mark sweep GC freed 1373(80KB) AllocSpace objects, 1(20KB) LOS objects, 36% free, 28MB/44MB, paused 1.382ms total 48.607ms
08-06 15:33:24.415  1239  1251 I art     : Starting a blocking GC Explicit
08-06 15:33:24.452  1239  1251 I art     : Explicit concurrent mark sweep GC freed 25(832B) AllocSpace objects, 0(0B) LOS objects, 36% free, 28MB/44MB, paused 1.327ms total 37.158ms
08-06 15:33:24.464  1239  1251 I art     : Starting a blocking GC Explicit
08-06 15:33:24.500  1239  1251 I art     : Explicit concurrent mark sweep GC freed 3(96B) AllocSpace objects, 0(0B) LOS objects, 36% free, 28MB/44MB, paused 1.314ms total 36.049ms
08-06 15:33:24.513  1239  1251 I art     : Starting a blocking GC Explicit
08-06 15:33:24.549  1239  1251 I art     : Explicit concurrent mark sweep GC freed 3(96B) AllocSpace objects, 0(0B) LOS objects, 36% free, 28MB/44MB, paused 1.672ms total 36.119ms
08-06 15:33:24.562  1239  1251 I art     : Starting a blocking GC Explicit
08-06 15:33:24.598  1239  1251 I art     : Explicit concurrent mark sweep GC freed 3(96B) AllocSpace objects, 0(0B) LOS objects, 36% free, 28MB/44MB, paused 1.379ms total 36.605ms
08-06 15:33:24.910  1239  1581 I art     : Starting a blocking GC Explicit
08-06 15:33:24.953  1239  1581 I art     : Explicit concurrent mark sweep GC freed 1374(82KB) AllocSpace objects, 1(20KB) LOS objects, 36% free, 28MB/44MB, paused 1.442ms total 42.285ms
08-06 15:33:24.965  1239  1581 I art     : Starting a blocking GC Explicit
08-06 15:33:25.001  1239  1581 I art     : Explicit concurrent mark sweep GC freed 23(752B) AllocSpace objects, 0(0B) LOS objects, 36% free, 28MB/44MB, paused 1.389ms total 35.015ms
08-06 15:33:25.012  1239  1581 I art     : Starting a blocking GC Explicit
08-06 15:33:25.048  1239  1581 I art     : Explicit concurrent mark sweep GC freed 32(880B) AllocSpace objects, 0(0B) LOS objects, 36% free, 28MB/44MB, paused 1.401ms total 35.111ms
08-06 15:33:25.060  1239  1581 I art     : Starting a blocking GC Explicit
08-06 15:33:25.094  1239  1581 I art     : Explicit concurrent mark sweep GC freed 3(96B) AllocSpace objects, 0(0B) LOS objects, 36% free, 28MB/44MB, paused 1.287ms total 33.896ms
08-06 15:33:25.105  1239  1581 I art     : Starting a blocking GC Explicit
08-06 15:33:25.138  1239  1581 I art     : Explicit concurrent mark sweep GC freed 3(96B) AllocSpace objects, 0(0B) LOS objects, 36% free, 28MB/44MB, paused 1.371ms total 32.374ms
08-06 15:33:25.304  3463  3463 D AndroidRuntime: >>>>>> START com.android.internal.os.RuntimeInit uid 2000 <<<<<<
08-06 15:33:25.312  3463  3463 D AndroidRuntime: CheckJNI is OFF
08-06 15:33:25.353  3463  3463 D ICU     : No timezone override file found: /data/misc/zoneinfo/current/icu/icu_tzdata.dat
08-06 15:33:25.394  3463  3463 I Radio-JNI: register_android_hardware_Radio DONE
08-06 15:33:25.423  3463  3463 D AndroidRuntime: Calling main entry com.android.commands.input.Input
08-06 15:33:25.425  3463  3463 I Input   : injectKeyEvent: KeyEvent { action=ACTION_DOWN, keyCode=KEYCODE_BACK, scanCode=0, metaState=0, flags=0x0, repeatCount=0, eventTime=891221838, downTime=891221838, deviceId=-1, source=0x101 }
08-06 15:33:25.430  3463  3463 I Input   : injectKeyEvent: KeyEvent { action=ACTION_UP, keyCode=KEYCODE_BACK, scanCode=0, metaState=0, flags=0x0, repeatCount=0, eventTime=891221838, downTime=891221838, deviceId=-1, source=0x101 }
08-06 15:33:25.442 13866 13866 I GoogleInputMethodServic: GoogleInputMethodService.onFinishInput():3138 
08-06 15:33:25.443 13866 13866 I GoogleInputMethodServic: GoogleInputMethodService.onStartInput():1808 
08-06 15:33:25.448  3463  3463 D AndroidRuntime: Shutting down VM
08-06 15:33:25.473  1239  1252 I art     : Starting a blocking GC Explicit
08-06 15:33:25.509  1239  1252 I art     : Explicit concurrent mark sweep GC freed 2554(128KB) AllocSpace objects, 1(20KB) LOS objects, 36% free, 28MB/44MB, paused 1.229ms total 35.618ms
08-06 15:33:25.521  1239  1252 I art     : Starting a blocking GC Explicit
08-06 15:33:25.557  1239  1252 I art     : Explicit concurrent mark sweep GC freed 2654(177KB) AllocSpace objects, 9(1540KB) LOS objects, 37% free, 26MB/42MB, paused 1.321ms total 35.661ms
08-06 15:33:25.569  1239  1252 I art     : Starting a blocking GC Explicit
08-06 15:33:25.604  1239  1252 I art     : Explicit concurrent mark sweep GC freed 48(2016B) AllocSpace objects, 0(0B) LOS objects, 37% free, 26MB/42MB, paused 1.332ms total 35.323ms
08-06 15:33:25.616  1239  1252 I art     : Starting a blocking GC Explicit
08-06 15:33:25.652  1239  1252 I art     : Explicit concurrent mark sweep GC freed 3(96B) AllocSpace objects, 0(0B) LOS objects, 37% free, 26MB/42MB, paused 1.331ms total 35.806ms
08-06 15:33:25.664  1239  1252 I art     : Starting a blocking GC Explicit
08-06 15:33:25.699  1239  1252 I art     : Explicit concurrent mark sweep GC freed 3(96B) AllocSpace objects, 0(0B) LOS objects, 37% free, 26MB/42MB, paused 1.392ms total 35.074ms
08-06 15:33:26.010  1239  1581 I art     : Starting a blocking GC Explicit
08-06 15:33:26.053  1239  1581 I art     : Explicit concurrent mark sweep GC freed 1402(81KB) AllocSpace objects, 1(20KB) LOS objects, 37% free, 26MB/42MB, paused 1.314ms total 42.471ms
08-06 15:33:26.065  1239  1581 I art     : Starting a blocking GC Explicit
08-06 15:33:26.101  1239  1581 I art     : Explicit concurrent mark sweep GC freed 23(752B) AllocSpace objects, 0(0B) LOS objects, 37% free, 26MB/42MB, paused 1.344ms total 35.514ms
08-06 15:33:26.112  1239  1581 I art     : Starting a blocking GC Explicit
08-06 15:33:26.151  1239  1581 I art     : Explicit concurrent mark sweep GC freed 3(96B) AllocSpace objects, 0(0B) LOS objects, 37% free, 26MB/42MB, paused 1.387ms total 38.090ms
08-06 15:33:26.163  1239  1581 I art     : Starting a blocking GC Explicit
08-06 15:33:26.199  1239  1581 I art     : Explicit concurrent mark sweep GC freed 3(96B) AllocSpace objects, 0(0B) LOS objects, 37% free, 26MB/42MB, paused 1.384ms total 35.518ms
08-06 15:33:26.210  1239  1581 I art     : Starting a blocking GC Explicit
08-06 15:33:26.246  1239  1581 I art     : Explicit concurrent mark sweep GC freed 3(96B) AllocSpace objects, 0(0B) LOS objects, 37% free, 26MB/42MB, paused 1.275ms total 34.930ms
08-06 15:33:26.575  1239  3042 I art     : Starting a blocking GC Explicit
08-06 15:33:26.619  1239  3042 I art     : Explicit concurrent mark sweep GC freed 1372(81KB) AllocSpace objects, 1(20KB) LOS objects, 37% free, 26MB/42MB, paused 1.570ms total 43.307ms
08-06 15:33:26.632  1239  3042 I art     : Starting a blocking GC Explicit
08-06 15:33:26.668  1239  3042 I art     : Explicit concurrent mark sweep GC freed 23(752B) AllocSpace objects, 0(0B) LOS objects, 37% free, 26MB/42MB, paused 1.504ms total 35.563ms
08-06 15:33:26.681  1239  3042 I art     : Starting a blocking GC Explicit
08-06 15:33:26.712  1239  3042 I art     : Explicit concurrent mark sweep GC freed 3(96B) AllocSpace objects, 0(0B) LOS objects, 37% free, 26MB/42MB, paused 1.268ms total 31.264ms
08-06 15:33:26.723  1239  3042 I art     : Starting a blocking GC Explicit
08-06 15:33:26.756  1239  3042 I art     : Explicit concurrent mark sweep GC freed 3(96B) AllocSpace objects, 0(0B) LOS objects, 37% free, 26MB/42MB, paused 1.342ms total 33.062ms
08-06 15:33:26.768  1239  3042 I art     : Starting a blocking GC Explicit
08-06 15:33:26.802  1239  3042 I art     : Explicit concurrent mark sweep GC freed 3(96B) AllocSpace objects, 0(0B) LOS objects, 37% free, 26MB/42MB, paused 1.393ms total 33.385ms
08-06 15:33:27.110  1239  3042 I art     : Starting a blocking GC Explicit
08-06 15:33:27.148  1239  3042 I art     : Explicit concurrent mark sweep GC freed 1413(82KB) AllocSpace objects, 1(20KB) LOS objects, 37% free, 26MB/42MB, paused 1.456ms total 38.100ms
08-06 15:33:27.161  1239  3042 I art     : Starting a blocking GC Explicit
08-06 15:33:27.194  1239  3042 I art     : Explicit concurrent mark sweep GC freed 29(944B) AllocSpace objects, 0(0B) LOS objects, 37% free, 26MB/42MB, paused 1.330ms total 32.391ms
08-06 15:33:27.205  1239  3042 I art     : Starting a blocking GC Explicit
08-06 15:33:27.211  3514  3514 D AndroidRuntime: >>>>>> START com.android.internal.os.RuntimeInit uid 2000 <<<<<<
08-06 15:33:27.217  3514  3514 D AndroidRuntime: CheckJNI is OFF
08-06 15:33:27.238  1239  3042 I art     : Explicit concurrent mark sweep GC freed 8(256B) AllocSpace objects, 0(0B) LOS objects, 37% free, 26MB/42MB, paused 1.534ms total 32.442ms
08-06 15:33:27.249  1239  3042 I art     : Starting a blocking GC Explicit
08-06 15:33:27.261  3514  3514 D ICU     : No timezone override file found: /data/misc/zoneinfo/current/icu/icu_tzdata.dat
08-06 15:33:27.284  1239  3042 I art     : Explicit concurrent mark sweep GC freed 8(256B) AllocSpace objects, 0(0B) LOS objects, 37% free, 26MB/42MB, paused 1.376ms total 34.646ms
08-06 15:33:27.296  1239  3042 I art     : Starting a blocking GC Explicit
08-06 15:33:27.308  3514  3514 I Radio-JNI: register_android_hardware_Radio DONE
08-06 15:33:27.329  1239  3042 I art     : Explicit concurrent mark sweep GC freed 6(192B) AllocSpace objects, 0(0B) LOS objects, 37% free, 26MB/42MB, paused 1.434ms total 33.515ms
08-06 15:33:27.336  3514  3514 D AndroidRuntime: Calling main entry com.android.commands.input.Input
08-06 15:33:27.338  3514  3514 I Input   : injectMotionEvent: MotionEvent { action=ACTION_DOWN, actionButton=0, id[0]=0, x[0]=103.0, y[0]=192.0, toolType[0]=TOOL_TYPE_UNKNOWN, buttonState=0, metaState=0, flags=0x0, edgeFlags=0x0, pointerCount=1, historySize=0, eventTime=891223751, downTime=891223751, deviceId=0, source=0x1002 }
08-06 15:33:27.344  3514  3514 I Input   : injectMotionEvent: MotionEvent { action=ACTION_UP, actionButton=0, id[0]=0, x[0]=103.0, y[0]=192.0, toolType[0]=TOOL_TYPE_UNKNOWN, buttonState=0, metaState=0, flags=0x0, edgeFlags=0x0, pointerCount=1, historySize=0, eventTime=891223751, downTime=891223751, deviceId=0, source=0x1002 }
08-06 15:33:27.346  3514  3514 D AndroidRuntime: Shutting down VM
08-06 15:33:27.355   512  2967 D audio_hw_primary: out_set_parameters: enter: usecase(1: low-latency-playback) kvpairs: routing=2
08-06 15:33:27.368   512  2967 D audio_hw_primary: select_devices: out_snd_device(2: speaker) in_snd_device(0: none)
08-06 15:33:27.368   512  2967 D msm8974_platform: platform_send_audio_calibration: sending audio calibration for snd_device(2) acdb_id(15)
08-06 15:33:27.368   512  2967 I soundtrigger: audio_extn_sound_trigger_update_device_status: device 0x2 of type 0 for Event 1
08-06 15:33:27.380   512  2967 D audio_hw_primary: enable_snd_device: snd_device(2: speaker)
08-06 15:33:27.383   512  2967 D audio_hw_primary: enable_audio_route: apply and update mixer path: low-latency-playback speaker
08-06 15:33:27.392 13866 13866 I GoogleInputMethodServic: GoogleInputMethodService.onFinishInput():3138 
08-06 15:33:27.393 13866 13866 I GoogleInputMethodServic: GoogleInputMethodService.onStartInput():1808 
08-06 15:33:27.634  1239  1251 I art     : Starting a blocking GC Explicit
08-06 15:33:27.673  1239  1251 I art     : Explicit concurrent mark sweep GC freed 1974(110KB) AllocSpace objects, 1(20KB) LOS objects, 37% free, 26MB/42MB, paused 1.470ms total 39.078ms
08-06 15:33:27.686  1239  1251 I art     : Starting a blocking GC Explicit
08-06 15:33:27.722  1239  1251 I art     : Explicit concurrent mark sweep GC freed 102(5KB) AllocSpace objects, 0(0B) LOS objects, 37% free, 26MB/42MB, paused 1.408ms total 35.124ms
08-06 15:33:27.734  1239  1251 I art     : Starting a blocking GC Explicit
08-06 15:33:27.769  1239  1251 I art     : Explicit concurrent mark sweep GC freed 9(288B) AllocSpace objects, 0(0B) LOS objects, 37% free, 26MB/42MB, paused 1.351ms total 34.769ms
08-06 15:33:27.781  1239  1251 I art     : Starting a blocking GC Explicit
08-06 15:33:27.816  1239  1251 I art     : Explicit concurrent mark sweep GC freed 6(224B) AllocSpace objects, 0(0B) LOS objects, 37% free, 26MB/42MB, paused 1.302ms total 35.401ms
08-06 15:33:27.829  1239  1251 I art     : Starting a blocking GC Explicit
08-06 15:33:27.863  1239  1251 I art     : Explicit concurrent mark sweep GC freed 5(160B) AllocSpace objects, 0(0B) LOS objects, 37% free, 26MB/42MB, paused 1.308ms total 34.374ms
08-06 15:33:27.919   512  2967 D audio_hw_primary: disable_audio_route: reset and update mixer path: low-latency-playback speaker
08-06 15:33:27.920   512  2967 D audio_hw_primary: disable_snd_device: snd_device(2: speaker)
08-06 15:33:27.928   512  2967 I soundtrigger: audio_extn_sound_trigger_update_device_status: device 0x2 of type 0 for Event 0
08-06 15:33:28.191  1239  1252 I art     : Starting a blocking GC Explicit
08-06 15:33:28.229  1239  1252 I art     : Explicit concurrent mark sweep GC freed 1400(81KB) AllocSpace objects, 1(20KB) LOS objects, 37% free, 26MB/42MB, paused 1.378ms total 37.843ms
08-06 15:33:28.241  1239  1252 I art     : Starting a blocking GC Explicit
08-06 15:33:28.277  1239  1252 I art     : Explicit concurrent mark sweep GC freed 25(816B) AllocSpace objects, 0(0B) LOS objects, 37% free, 26MB/42MB, paused 1.324ms total 35.330ms
08-06 15:33:28.289  1239  1252 I art     : Starting a blocking GC Explicit
08-06 15:33:28.325  1239  1252 I art     : Explicit concurrent mark sweep GC freed 3(96B) AllocSpace objects, 0(0B) LOS objects, 37% free, 26MB/42MB, paused 1.316ms total 35.579ms
08-06 15:33:28.337  1239  1252 I art     : Starting a blocking GC Explicit
08-06 15:33:28.372  1239  1252 I art     : Explicit concurrent mark sweep GC freed 3(96B) AllocSpace objects, 0(0B) LOS objects, 37% free, 26MB/42MB, paused 1.333ms total 34.868ms
08-06 15:33:28.384  1239  1252 I art     : Starting a blocking GC Explicit
08-06 15:33:28.419  1239  1252 I art     : Explicit concurrent mark sweep GC freed 3(96B) AllocSpace objects, 0(0B) LOS objects, 37% free, 26MB/42MB, paused 1.360ms total 35.505ms
08-06 15:33:28.726  1239  1265 I art     : Starting a blocking GC Explicit
08-06 15:33:28.767  1239  1265 I art     : Explicit concurrent mark sweep GC freed 1371(80KB) AllocSpace objects, 1(20KB) LOS objects, 37% free, 26MB/42MB, paused 1.419ms total 39.936ms
08-06 15:33:28.780  1239  1265 I art     : Starting a blocking GC Explicit
08-06 15:33:28.814  1239  1265 I art     : Explicit concurrent mark sweep GC freed 23(752B) AllocSpace objects, 0(0B) LOS objects, 37% free, 26MB/42MB, paused 1.337ms total 33.654ms
08-06 15:33:28.826  1239  1265 I art     : Starting a blocking GC Explicit
08-06 15:33:28.860  1239  1265 I art     : Explicit concurrent mark sweep GC freed 3(96B) AllocSpace objects, 0(0B) LOS objects, 37% free, 26MB/42MB, paused 1.350ms total 33.818ms
08-06 15:33:28.860  1239  1250 I art     : WaitForGcToComplete blocked for 29.589ms for cause HeapTrim
08-06 15:33:28.872  1239  1265 I art     : Starting a blocking GC Explicit
08-06 15:33:28.906  1239  1265 I art     : Explicit concurrent mark sweep GC freed 3(96B) AllocSpace objects, 0(0B) LOS objects, 37% free, 26MB/42MB, paused 1.315ms total 33.672ms
08-06 15:33:28.917  1239  1265 I art     : Starting a blocking GC Explicit
08-06 15:33:28.951  1239  1265 I art     : Explicit concurrent mark sweep GC freed 3(96B) AllocSpace objects, 0(0B) LOS objects, 37% free, 26MB/42MB, paused 1.352ms total 33.914ms
08-06 15:33:29.132  3559  3559 D AndroidRuntime: >>>>>> START com.android.internal.os.RuntimeInit uid 2000 <<<<<<
08-06 15:33:29.138  3559  3559 D AndroidRuntime: CheckJNI is OFF
08-06 15:33:29.179  3559  3559 D ICU     : No timezone override file found: /data/misc/zoneinfo/current/icu/icu_tzdata.dat
08-06 15:33:29.221  3559  3559 I Radio-JNI: register_android_hardware_Radio DONE
08-06 15:33:29.250  3559  3559 D AndroidRuntime: Calling main entry com.android.commands.input.Input
08-06 15:33:29.252  3559  3559 I Input   : injectMotionEvent: MotionEvent { action=ACTION_DOWN, actionButton=0, id[0]=0, x[0]=625.0, y[0]=1248.0, toolType[0]=TOOL_TYPE_UNKNOWN, buttonState=0, metaState=0, flags=0x0, edgeFlags=0x0, pointerCount=1, historySize=0, eventTime=891225665, downTime=891225665, deviceId=0, source=0x1002 }
08-06 15:33:29.258  3559  3559 I Input   : injectMotionEvent: MotionEvent { action=ACTION_UP, actionButton=0, id[0]=0, x[0]=625.0, y[0]=1248.0, toolType[0]=TOOL_TYPE_UNKNOWN, buttonState=0, metaState=0, flags=0x0, edgeFlags=0x0, pointerCount=1, historySize=0, eventTime=891225665, downTime=891225665, deviceId=0, source=0x1002 }
08-06 15:33:29.261  3559  3559 D AndroidRuntime: Shutting down VM
08-06 15:33:29.272  1239  3042 I art     : Starting a blocking GC Explicit
08-06 15:33:29.308  1239  3042 I art     : Explicit concurrent mark sweep GC freed 1465(83KB) AllocSpace objects, 1(20KB) LOS objects, 37% free, 26MB/42MB, paused 1.561ms total 36.034ms
08-06 15:33:29.321  1239  3042 I art     : Starting a blocking GC Explicit
08-06 15:33:29.325  1239  1239 D MainActivity: loadFragment(index: 7, args: null)
08-06 15:33:29.328  1239  1239 D MainActivity: saveLastNavFragment(tag: 2)
08-06 15:33:29.328  1239  1239 D MainActivity: getLastNavFragment() -> 2
08-06 15:33:29.329   512  2967 D audio_hw_primary: out_set_parameters: enter: usecase(1: low-latency-playback) kvpairs: routing=2
08-06 15:33:29.342   512  2967 D audio_hw_primary: select_devices: out_snd_device(2: speaker) in_snd_device(0: none)
08-06 15:33:29.342   512  2967 D msm8974_platform: platform_send_audio_calibration: sending audio calibration for snd_device(2) acdb_id(15)
08-06 15:33:29.343   512  2967 I soundtrigger: audio_extn_sound_trigger_update_device_status: device 0x2 of type 0 for Event 1
08-06 15:33:29.352   512  2967 D audio_hw_primary: enable_snd_device: snd_device(2: speaker)
08-06 15:33:29.354   512  2967 D audio_hw_primary: enable_audio_route: apply and update mixer path: low-latency-playback speaker
08-06 15:33:29.356  1239  3042 I art     : Explicit concurrent mark sweep GC freed 932(58KB) AllocSpace objects, 1(20KB) LOS objects, 37% free, 26MB/42MB, paused 1.889ms total 35.451ms
08-06 15:33:29.366  1239  1239 D ItemlistFragment: onEventMainThread() called with: event = [DownloadEvent{update=DownloaderUpdate{downloaders=[], feedIds=[], mediaIds=[]}}]
08-06 15:33:29.367  1239  1261 D DBReader: getFeed() called with: feedId = [2]
08-06 15:33:29.369  1239  3042 I art     : Starting a blocking GC Explicit
08-06 15:33:29.371  1239  1261 D DBReader: getFeedItemList() called with: feed = [baseline.de.danoeh.antennapod.core.feed.Feed@2]
08-06 15:33:29.406  1239  3042 I art     : Explicit concurrent mark sweep GC freed 1930(80KB) AllocSpace objects, 0(0B) LOS objects, 36% free, 27MB/43MB, paused 1.792ms total 36.526ms
08-06 15:33:29.417  1239  3042 I art     : Starting a blocking GC Explicit
08-06 15:33:29.454  1239  3042 I art     : Explicit concurrent mark sweep GC freed 2653(102KB) AllocSpace objects, 0(0B) LOS objects, 36% free, 28MB/44MB, paused 1.756ms total 36.040ms
08-06 15:33:29.466  1239  3042 I art     : Starting a blocking GC Explicit
08-06 15:33:29.478  1239  1261 W PodDBAdapter: Length of id array is larger than 800. Creating multiple cursors
08-06 15:33:29.505  1239  3042 I art     : Explicit concurrent mark sweep GC freed 2151(197KB) AllocSpace objects, 1(16KB) LOS objects, 35% free, 28MB/44MB, paused 1.367ms total 38.994ms
08-06 15:33:29.573  1239  1261 D DBReader: getFavoriteIDList() called
08-06 15:33:29.574  1239  1261 D DBReader: getQueueIDList() called
08-06 15:33:29.575  1239  1261 D DBReader: Extracting Feedlist
08-06 15:33:29.618  1239  1239 D FeedMenuHandler: Preparing options menu
08-06 15:33:29.688  1239  2160 D ApOkHttpUrlLoader: buildLoadData() called with: model = [http://static.libsyn.com/p/assets/7/1/f/3/71f3014e14ef2722/JREiTunesImage2.jpg], width = [1440], height = [462]
08-06 15:33:29.811  1239  1265 I art     : Starting a blocking GC Explicit
08-06 15:33:29.823  1239  1262 V RenderScript: 0x7f75823000 Launching thread(s), CPUs 8
08-06 15:33:29.870  1239  1265 I art     : Explicit concurrent mark sweep GC freed 12105(486KB) AllocSpace objects, 2(36KB) LOS objects, 30% free, 37MB/53MB, paused 1.851ms total 58.666ms
08-06 15:33:29.884 13866 13866 I GoogleInputMethodServic: GoogleInputMethodService.onFinishInput():3138 
08-06 15:33:29.884  1239  1265 I art     : Starting a blocking GC Explicit
08-06 15:33:29.884 13866 13866 I GoogleInputMethodServic: GoogleInputMethodService.onStartInput():1808 
08-06 15:33:29.898   512  2967 D audio_hw_primary: disable_audio_route: reset and update mixer path: low-latency-playback speaker
08-06 15:33:29.899   512  2967 D audio_hw_primary: disable_snd_device: snd_device(2: speaker)
08-06 15:33:29.908   512  2967 I soundtrigger: audio_extn_sound_trigger_update_device_status: device 0x2 of type 0 for Event 0
08-06 15:33:29.923  1239  1265 I art     : Explicit concurrent mark sweep GC freed 1223(87KB) AllocSpace objects, 5(216KB) LOS objects, 30% free, 37MB/53MB, paused 1.256ms total 39.156ms
08-06 15:33:29.937  1239  1265 I art     : Starting a blocking GC Explicit
08-06 15:33:29.976  1239  1265 I art     : Explicit concurrent mark sweep GC freed 138(7KB) AllocSpace objects, 0(0B) LOS objects, 30% free, 37MB/53MB, paused 1.342ms total 38.594ms
08-06 15:33:29.990  1239  1265 I art     : Starting a blocking GC Explicit
08-06 15:33:30.030  1239  1265 I art     : Explicit concurrent mark sweep GC freed 36(1104B) AllocSpace objects, 0(0B) LOS objects, 30% free, 37MB/53MB, paused 1.195ms total 39.203ms
08-06 15:33:30.043  1239  1265 I art     : Starting a blocking GC Explicit
08-06 15:33:30.082  1239  1265 I art     : Explicit concurrent mark sweep GC freed 3(96B) AllocSpace objects, 0(0B) LOS objects, 30% free, 37MB/53MB, paused 1.257ms total 38.754ms
08-06 15:33:30.405  1239  1252 I art     : Starting a blocking GC Explicit
08-06 15:33:30.462  1239  1252 I art     : Explicit concurrent mark sweep GC freed 1392(81KB) AllocSpace objects, 1(20KB) LOS objects, 30% free, 37MB/53MB, paused 1.412ms total 56.042ms
08-06 15:33:30.478  1239  1252 I art     : Starting a blocking GC Explicit
08-06 15:33:30.524  1239  1252 I art     : Explicit concurrent mark sweep GC freed 42(1392B) AllocSpace objects, 0(0B) LOS objects, 30% free, 37MB/53MB, paused 1.317ms total 45.923ms
08-06 15:33:30.538  1239  1252 I art     : Starting a blocking GC Explicit
08-06 15:33:30.585  1239  1252 I art     : Explicit concurrent mark sweep GC freed 3(96B) AllocSpace objects, 0(0B) LOS objects, 30% free, 37MB/53MB, paused 1.336ms total 46.510ms
08-06 15:33:30.600  1239  1252 I art     : Starting a blocking GC Explicit
08-06 15:33:30.646  1239  1252 I art     : Explicit concurrent mark sweep GC freed 3(96B) AllocSpace objects, 0(0B) LOS objects, 30% free, 37MB/53MB, paused 1.353ms total 46.710ms
08-06 15:33:30.661  1239  1252 I art     : Starting a blocking GC Explicit
08-06 15:33:30.707  1239  1252 I art     : Explicit concurrent mark sweep GC freed 3(96B) AllocSpace objects, 0(0B) LOS objects, 30% free, 37MB/53MB, paused 1.402ms total 46.285ms
08-06 15:33:31.052  1239  3042 I art     : Starting a blocking GC Explicit
08-06 15:33:31.107  1239  3042 I art     : Explicit concurrent mark sweep GC freed 1401(81KB) AllocSpace objects, 1(20KB) LOS objects, 30% free, 37MB/53MB, paused 1.318ms total 54.800ms
08-06 15:33:31.124  1239  3042 I art     : Starting a blocking GC Explicit
08-06 15:33:31.172  1239  3042 I art     : Explicit concurrent mark sweep GC freed 23(752B) AllocSpace objects, 0(0B) LOS objects, 30% free, 37MB/53MB, paused 1.404ms total 47.900ms
08-06 15:33:31.187  1239  3042 I art     : Starting a blocking GC Explicit
08-06 15:33:31.237  1239  3042 I art     : Explicit concurrent mark sweep GC freed 6(192B) AllocSpace objects, 0(0B) LOS objects, 30% free, 37MB/53MB, paused 1.297ms total 49.613ms
08-06 15:33:31.254  1239  3042 I art     : Starting a blocking GC Explicit
08-06 15:33:31.300  1239  3042 I art     : Explicit concurrent mark sweep GC freed 11(352B) AllocSpace objects, 0(0B) LOS objects, 30% free, 37MB/53MB, paused 1.280ms total 45.516ms
08-06 15:33:31.314  1239  3042 I art     : Starting a blocking GC Explicit
08-06 15:33:31.361  1239  3042 I art     : Explicit concurrent mark sweep GC freed 10(320B) AllocSpace objects, 0(0B) LOS objects, 30% free, 37MB/53MB, paused 1.448ms total 46.584ms
08-06 15:33:31.731  1239  1581 I art     : Starting a blocking GC Explicit
08-06 15:33:31.790  1239  1581 I art     : Explicit concurrent mark sweep GC freed 2086(102KB) AllocSpace objects, 1(20KB) LOS objects, 30% free, 37MB/53MB, paused 1.521ms total 59.417ms
08-06 15:33:31.808  1239  1581 I art     : Starting a blocking GC Explicit
08-06 15:33:31.860  1239  1581 I art     : Explicit concurrent mark sweep GC freed 23(752B) AllocSpace objects, 0(0B) LOS objects, 30% free, 37MB/53MB, paused 1.399ms total 51.372ms
08-06 15:33:31.875  1239  1581 I art     : Starting a blocking GC Explicit
08-06 15:33:31.925  1239  1581 I art     : Explicit concurrent mark sweep GC freed 3(96B) AllocSpace objects, 0(0B) LOS objects, 30% free, 37MB/53MB, paused 1.388ms total 50.569ms
08-06 15:33:31.940  1239  1581 I art     : Starting a blocking GC Explicit
08-06 15:33:31.990  1239  1581 I art     : Explicit concurrent mark sweep GC freed 3(96B) AllocSpace objects, 0(0B) LOS objects, 30% free, 37MB/53MB, paused 1.361ms total 49.820ms
08-06 15:33:32.005  1239  1581 I art     : Starting a blocking GC Explicit
08-06 15:33:32.055  1239  1581 I art     : Explicit concurrent mark sweep GC freed 32(880B) AllocSpace objects, 0(0B) LOS objects, 30% free, 37MB/53MB, paused 1.401ms total 50.169ms
08-06 15:33:32.426  1239  3042 I art     : Starting a blocking GC Explicit
08-06 15:33:32.488  1239  3042 I art     : Explicit concurrent mark sweep GC freed 2260(112KB) AllocSpace objects, 1(20KB) LOS objects, 30% free, 37MB/53MB, paused 1.428ms total 61.677ms
08-06 15:33:32.504  1239  3042 I art     : Starting a blocking GC Explicit
08-06 15:33:32.555  1239  3042 I art     : Explicit concurrent mark sweep GC freed 23(752B) AllocSpace objects, 0(0B) LOS objects, 30% free, 37MB/53MB, paused 1.390ms total 50.815ms
08-06 15:33:32.569  1239  3042 I art     : Starting a blocking GC Explicit
08-06 15:33:32.620  1239  3042 I art     : Explicit concurrent mark sweep GC freed 3(96B) AllocSpace objects, 0(0B) LOS objects, 30% free, 37MB/53MB, paused 1.311ms total 51.087ms
08-06 15:33:32.635  1239  3042 I art     : Starting a blocking GC Explicit
08-06 15:33:32.685  1239  3042 I art     : Explicit concurrent mark sweep GC freed 3(96B) AllocSpace objects, 0(0B) LOS objects, 30% free, 37MB/53MB, paused 1.293ms total 50.114ms
08-06 15:33:32.702  1239  3042 I art     : Starting a blocking GC Explicit
08-06 15:33:32.757  1239  3042 I art     : Explicit concurrent mark sweep GC freed 3(96B) AllocSpace objects, 0(0B) LOS objects, 30% free, 37MB/53MB, paused 1.339ms total 54.278ms
08-06 15:33:33.134  1239  1251 I art     : Starting a blocking GC Explicit
08-06 15:33:33.192  1239  1251 I art     : Explicit concurrent mark sweep GC freed 1401(81KB) AllocSpace objects, 1(20KB) LOS objects, 30% free, 37MB/53MB, paused 1.342ms total 58.497ms
08-06 15:33:33.209  1239  1251 I art     : Starting a blocking GC Explicit
08-06 15:33:33.259  1239  1251 I art     : Explicit concurrent mark sweep GC freed 23(752B) AllocSpace objects, 0(0B) LOS objects, 30% free, 37MB/53MB, paused 1.441ms total 50.260ms
08-06 15:33:33.273  1239  1251 I art     : Starting a blocking GC Explicit
08-06 15:33:33.325  1239  1251 I art     : Explicit concurrent mark sweep GC freed 3(96B) AllocSpace objects, 0(0B) LOS objects, 30% free, 37MB/53MB, paused 1.347ms total 51.497ms
08-06 15:33:33.342  1239  1251 I art     : Starting a blocking GC Explicit
08-06 15:33:33.392  1239  1251 I art     : Explicit concurrent mark sweep GC freed 3(96B) AllocSpace objects, 0(0B) LOS objects, 30% free, 37MB/53MB, paused 1.304ms total 49.496ms
08-06 15:33:33.407  1239  1251 I art     : Starting a blocking GC Explicit
08-06 15:33:33.457  1239  1251 I art     : Explicit concurrent mark sweep GC freed 3(96B) AllocSpace objects, 0(0B) LOS objects, 30% free, 37MB/53MB, paused 1.450ms total 50.037ms
08-06 15:33:33.768  1239  1252 I art     : Starting a blocking GC Explicit
08-06 15:33:33.817  1239  1252 I art     : Explicit concurrent mark sweep GC freed 1374(81KB) AllocSpace objects, 1(20KB) LOS objects, 30% free, 37MB/53MB, paused 1.404ms total 49.067ms
08-06 15:33:33.831  1239  1252 I art     : Starting a blocking GC Explicit
08-06 15:33:33.878  1239  1252 I art     : Explicit concurrent mark sweep GC freed 23(752B) AllocSpace objects, 0(0B) LOS objects, 30% free, 37MB/53MB, paused 1.410ms total 46.505ms
08-06 15:33:33.892  1239  1252 I art     : Starting a blocking GC Explicit
08-06 15:33:33.940  1239  1252 I art     : Explicit concurrent mark sweep GC freed 3(96B) AllocSpace objects, 0(0B) LOS objects, 30% free, 37MB/53MB, paused 1.360ms total 48.087ms
08-06 15:33:33.941  1239  1250 I art     : WaitForGcToComplete blocked for 34.172ms for cause HeapTrim
08-06 15:33:33.955  1239  1252 I art     : Starting a blocking GC Explicit
08-06 15:33:34.001  1239  1252 I art     : Explicit concurrent mark sweep GC freed 3(96B) AllocSpace objects, 0(0B) LOS objects, 30% free, 37MB/53MB, paused 1.332ms total 46.098ms
08-06 15:33:34.015  1239  1252 I art     : Starting a blocking GC Explicit
08-06 15:33:34.063  1239  1252 I art     : Explicit concurrent mark sweep GC freed 32(880B) AllocSpace objects, 0(0B) LOS objects, 30% free, 37MB/53MB, paused 1.392ms total 47.846ms
08-06 15:33:34.085  3667  3667 D AndroidRuntime: >>>>>> START com.android.internal.os.RuntimeInit uid 2000 <<<<<<
08-06 15:33:34.091  3667  3667 D AndroidRuntime: CheckJNI is OFF
08-06 15:33:34.134  3667  3667 D ICU     : No timezone override file found: /data/misc/zoneinfo/current/icu/icu_tzdata.dat
08-06 15:33:34.179  3667  3667 I Radio-JNI: register_android_hardware_Radio DONE
08-06 15:33:34.210  3667  3667 D AndroidRuntime: Calling main entry com.android.commands.input.Input
08-06 15:33:34.214  3667  3667 I Input   : injectMotionEvent: MotionEvent { action=ACTION_DOWN, actionButton=0, id[0]=0, x[0]=1363.0, y[0]=517.0, toolType[0]=TOOL_TYPE_UNKNOWN, buttonState=0, metaState=0, flags=0x0, edgeFlags=0x0, pointerCount=1, historySize=0, eventTime=891230626, downTime=891230626, deviceId=0, source=0x1002 }
08-06 15:33:34.222  3667  3667 I Input   : injectMotionEvent: MotionEvent { action=ACTION_UP, actionButton=0, id[0]=0, x[0]=1363.0, y[0]=517.0, toolType[0]=TOOL_TYPE_UNKNOWN, buttonState=0, metaState=0, flags=0x0, edgeFlags=0x0, pointerCount=1, historySize=0, eventTime=891230626, downTime=891230626, deviceId=0, source=0x1002 }
08-06 15:33:34.225  3667  3667 D AndroidRuntime: Shutting down VM
08-06 15:33:34.228   918  3359 I ActivityManager: START u0 {cmp=baseline.de.danoeh.antennapod.debug/baseline.de.danoeh.antennapod.activity.FeedSettingsActivity (has extras)} from uid 10711 on display 0
08-06 15:33:34.230   512  2967 D audio_hw_primary: out_set_parameters: enter: usecase(1: low-latency-playback) kvpairs: routing=2
08-06 15:33:34.243   512  2967 D audio_hw_primary: select_devices: out_snd_device(2: speaker) in_snd_device(0: none)
08-06 15:33:34.244   512  2967 D msm8974_platform: platform_send_audio_calibration: sending audio calibration for snd_device(2) acdb_id(15)
08-06 15:33:34.244   512  2967 I soundtrigger: audio_extn_sound_trigger_update_device_status: device 0x2 of type 0 for Event 1
08-06 15:33:34.257   512  2967 D audio_hw_primary: enable_snd_device: snd_device(2: speaker)
08-06 15:33:34.261   512  2967 D audio_hw_primary: enable_audio_route: apply and update mixer path: low-latency-playback speaker
08-06 15:33:34.387  1239  1265 I art     : Starting a blocking GC Explicit
08-06 15:33:34.446  1239  1265 I art     : Explicit concurrent mark sweep GC freed 48696(2MB) AllocSpace objects, 1(20KB) LOS objects, 29% free, 38MB/54MB, paused 1.795ms total 58.478ms
08-06 15:33:34.461  1239  1265 I art     : Starting a blocking GC Explicit
08-06 15:33:34.484  1239  1790 D DBReader: getFeed() called with: feedId = [2]
08-06 15:33:34.485  1239  1790 D DBReader: getFeedItemList() called with: feed = [baseline.de.danoeh.antennapod.core.feed.Feed@2]
08-06 15:33:34.509  1239  1265 I art     : Explicit concurrent mark sweep GC freed 2478(201KB) AllocSpace objects, 0(0B) LOS objects, 28% free, 39MB/55MB, paused 2.355ms total 47.692ms
08-06 15:33:34.523  1239  1265 I art     : Starting a blocking GC Explicit
08-06 15:33:34.574  1239  1265 I art     : Explicit concurrent mark sweep GC freed 3176(103KB) AllocSpace objects, 0(0B) LOS objects, 28% free, 40MB/56MB, paused 2.056ms total 50.713ms
08-06 15:33:34.590  1239  1265 I art     : Starting a blocking GC Explicit
08-06 15:33:34.599  1239  1790 W PodDBAdapter: Length of id array is larger than 800. Creating multiple cursors
08-06 15:33:34.640  1239  1265 I art     : Explicit concurrent mark sweep GC freed 2385(190KB) AllocSpace objects, 1(16KB) LOS objects, 27% free, 41MB/57MB, paused 2.205ms total 50.440ms
08-06 15:33:34.653   918   936 I ActivityManager: Displayed baseline.de.danoeh.antennapod.debug/baseline.de.danoeh.antennapod.activity.FeedSettingsActivity: +408ms
08-06 15:33:34.654 13866 13866 I GoogleInputMethodServic: GoogleInputMethodService.onFinishInput():3138 
08-06 15:33:34.654 13866 13866 I GoogleInputMethodServic: GoogleInputMethodService.onStartInput():1808 
08-06 15:33:34.658  1239  1265 I art     : Starting a blocking GC Explicit
08-06 15:33:34.703  1239  1262 D OpenGLRenderer: endAllStagingAnimators on 0x7f7c23e400 (RippleDrawable) with handle 0x7f7b2dd240
08-06 15:33:34.712  1239  2160 D ApOkHttpUrlLoader: buildLoadData() called with: model = [http://static.libsyn.com/p/assets/7/1/f/3/71f3014e14ef2722/JREiTunesImage2.jpg], width = [1440], height = [462]
08-06 15:33:34.717  1239  1265 I art     : Explicit concurrent mark sweep GC freed 5451(102KB) AllocSpace objects, 0(0B) LOS objects, 27% free, 41MB/57MB, paused 2.137ms total 58.839ms
08-06 15:33:34.720 13866 13866 I GoogleInputMethodServic: GoogleInputMethodService.onStartInput():1808 
08-06 15:33:34.720 13866 13866 W SessionManager: SessionManager.beginSession():53 Try to begin an already begun session [INPUT_SESSION], end it first
08-06 15:33:34.731 13866 13866 I ShortcutsDataManager: ShortcutsDataManager.onContentChanged():89 onContentChanged()
08-06 15:33:34.737  1239  1239 D FeedSettingsActivity: No filter set
08-06 15:33:34.744   918  6111 W IntentResolver: resolveIntent: multiple matches, only some with CATEGORY_DEFAULT
08-06 15:33:34.798   512  2967 D audio_hw_primary: disable_audio_route: reset and update mixer path: low-latency-playback speaker
08-06 15:33:34.799   512  2967 D audio_hw_primary: disable_snd_device: snd_device(2: speaker)
08-06 15:33:34.806   512  2967 I soundtrigger: audio_extn_sound_trigger_update_device_status: device 0x2 of type 0 for Event 0
08-06 15:33:34.923   380   380 W SurfaceFlinger: couldn't log to binary event log: overflow.
08-06 15:33:35.059  1239  1252 I art     : Starting a blocking GC Explicit
08-06 15:33:35.067  1239  1239 D PlaybackController: Releasing PlaybackController
08-06 15:33:35.121  1239  1252 I art     : Explicit concurrent mark sweep GC freed 4638(240KB) AllocSpace objects, 2(36KB) LOS objects, 27% free, 41MB/57MB, paused 1.673ms total 61.389ms
08-06 15:33:35.138  1239  1252 I art     : Starting a blocking GC Explicit
08-06 15:33:35.193  1239  1252 I art     : Explicit concurrent mark sweep GC freed 537(38KB) AllocSpace objects, 0(0B) LOS objects, 27% free, 41MB/57MB, paused 1.340ms total 54.944ms
08-06 15:33:35.209  1239  1252 I art     : Starting a blocking GC Explicit
08-06 15:33:35.268  1239  1252 I art     : Explicit concurrent mark sweep GC freed 69(2944B) AllocSpace objects, 0(0B) LOS objects, 27% free, 41MB/57MB, paused 1.543ms total 59.063ms
08-06 15:33:35.284  1239  1252 I art     : Starting a blocking GC Explicit
08-06 15:33:35.342  1239  1252 I art     : Explicit concurrent mark sweep GC freed 12(400B) AllocSpace objects, 0(0B) LOS objects, 27% free, 41MB/57MB, paused 1.436ms total 57.599ms
08-06 15:33:35.359  1239  1252 I art     : Starting a blocking GC Explicit
08-06 15:33:35.419  1239  1252 I art     : Explicit concurrent mark sweep GC freed 5(160B) AllocSpace objects, 0(0B) LOS objects, 27% free, 41MB/57MB, paused 1.475ms total 60.067ms
08-06 15:33:35.760  1239  3042 I art     : Starting a blocking GC Explicit
08-06 15:33:35.822  1239  3042 I art     : Explicit concurrent mark sweep GC freed 1372(80KB) AllocSpace objects, 1(20KB) LOS objects, 27% free, 41MB/57MB, paused 1.467ms total 61.748ms
08-06 15:33:35.842  1239  3042 I art     : Starting a blocking GC Explicit
08-06 15:33:35.901  1239  3042 I art     : Explicit concurrent mark sweep GC freed 23(752B) AllocSpace objects, 0(0B) LOS objects, 27% free, 41MB/57MB, paused 1.535ms total 58.270ms
08-06 15:33:35.918  1239  3042 I art     : Starting a blocking GC Explicit
08-06 15:33:35.987  1239  3042 I art     : Explicit concurrent mark sweep GC freed 3(96B) AllocSpace objects, 0(0B) LOS objects, 27% free, 41MB/57MB, paused 1.442ms total 67.961ms
08-06 15:33:36.005  1239  3042 I art     : Starting a blocking GC Explicit
08-06 15:33:36.073  1239  3042 I art     : Explicit concurrent mark sweep GC freed 32(880B) AllocSpace objects, 0(0B) LOS objects, 27% free, 41MB/57MB, paused 1.511ms total 67.373ms
08-06 15:33:36.090  1239  3042 I art     : Starting a blocking GC Explicit
08-06 15:33:36.153  1239  3042 I art     : Explicit concurrent mark sweep GC freed 11(352B) AllocSpace objects, 0(0B) LOS objects, 27% free, 41MB/57MB, paused 1.377ms total 62.220ms
08-06 15:33:36.517  1239  1251 I art     : Starting a blocking GC Explicit
08-06 15:33:36.583  1239  1251 I art     : Explicit concurrent mark sweep GC freed 1423(82KB) AllocSpace objects, 1(20KB) LOS objects, 27% free, 41MB/57MB, paused 1.429ms total 64.970ms
08-06 15:33:36.603  1239  1251 I art     : Starting a blocking GC Explicit
08-06 15:33:36.670  1239  1251 I art     : Explicit concurrent mark sweep GC freed 23(752B) AllocSpace objects, 0(0B) LOS objects, 27% free, 41MB/57MB, paused 1.496ms total 66.636ms
08-06 15:33:36.688  1239  1251 I art     : Starting a blocking GC Explicit
08-06 15:33:36.755  1239  1251 I art     : Explicit concurrent mark sweep GC freed 3(96B) AllocSpace objects, 0(0B) LOS objects, 27% free, 41MB/57MB, paused 1.535ms total 66.858ms
08-06 15:33:36.778  1239  1251 I art     : Starting a blocking GC Explicit
08-06 15:33:36.843  1239  1251 I art     : Explicit concurrent mark sweep GC freed 3(96B) AllocSpace objects, 0(0B) LOS objects, 27% free, 41MB/57MB, paused 1.459ms total 65.330ms
08-06 15:33:36.860  1239  1251 I art     : Starting a blocking GC Explicit
08-06 15:33:36.930  1239  1251 I art     : Explicit concurrent mark sweep GC freed 3(96B) AllocSpace objects, 0(0B) LOS objects, 27% free, 41MB/57MB, paused 1.640ms total 69.315ms
08-06 15:33:37.289  1239  1581 I art     : Starting a blocking GC Explicit
08-06 15:33:37.356  1239  1581 I art     : Explicit concurrent mark sweep GC freed 1402(83KB) AllocSpace objects, 1(20KB) LOS objects, 27% free, 41MB/57MB, paused 1.510ms total 66.877ms
08-06 15:33:37.375  1239  1581 I art     : Starting a blocking GC Explicit
08-06 15:33:37.442  1239  1581 I art     : Explicit concurrent mark sweep GC freed 23(752B) AllocSpace objects, 0(0B) LOS objects, 27% free, 41MB/57MB, paused 1.506ms total 67.175ms
08-06 15:33:37.459  1239  1581 I art     : Starting a blocking GC Explicit
08-06 15:33:37.530  1239  1581 I art     : Explicit concurrent mark sweep GC freed 3(96B) AllocSpace objects, 0(0B) LOS objects, 27% free, 41MB/57MB, paused 1.654ms total 70.534ms
08-06 15:33:37.550  1239  1581 I art     : Starting a blocking GC Explicit
08-06 15:33:37.615  1239  1581 I art     : Explicit concurrent mark sweep GC freed 3(96B) AllocSpace objects, 0(0B) LOS objects, 27% free, 41MB/57MB, paused 1.536ms total 64.857ms
08-06 15:33:37.633  1239  1581 I art     : Starting a blocking GC Explicit
08-06 15:33:37.703  1239  1581 I art     : Explicit concurrent mark sweep GC freed 3(96B) AllocSpace objects, 0(0B) LOS objects, 27% free, 41MB/57MB, paused 1.558ms total 69.507ms
08-06 15:33:38.079  1239  3042 I art     : Starting a blocking GC Explicit
08-06 15:33:38.146  1239  3042 I art     : Explicit concurrent mark sweep GC freed 1402(82KB) AllocSpace objects, 1(20KB) LOS objects, 27% free, 41MB/57MB, paused 1.512ms total 66.897ms
08-06 15:33:38.164  1239  3042 I art     : Starting a blocking GC Explicit
08-06 15:33:38.232  1239  3042 I art     : Explicit concurrent mark sweep GC freed 23(752B) AllocSpace objects, 0(0B) LOS objects, 27% free, 41MB/57MB, paused 1.589ms total 68.514ms
08-06 15:33:38.253  1239  3042 I art     : Starting a blocking GC Explicit
08-06 15:33:38.318  1239  3042 I art     : Explicit concurrent mark sweep GC freed 3(96B) AllocSpace objects, 0(0B) LOS objects, 27% free, 41MB/57MB, paused 1.606ms total 64.905ms
08-06 15:33:38.335  1239  3042 I art     : Starting a blocking GC Explicit
08-06 15:33:38.403  1239  3042 I art     : Explicit concurrent mark sweep GC freed 3(96B) AllocSpace objects, 0(0B) LOS objects, 27% free, 41MB/57MB, paused 1.543ms total 66.840ms
08-06 15:33:38.423  1239  3042 I art     : Starting a blocking GC Explicit
08-06 15:33:38.486  1239  3042 I art     : Explicit concurrent mark sweep GC freed 3(96B) AllocSpace objects, 0(0B) LOS objects, 27% free, 41MB/57MB, paused 1.425ms total 62.630ms
08-06 15:33:38.801  1239  1581 I art     : Starting a blocking GC Explicit
08-06 15:33:38.871  1239  1581 I art     : Explicit concurrent mark sweep GC freed 2075(106KB) AllocSpace objects, 1(20KB) LOS objects, 27% free, 41MB/57MB, paused 1.534ms total 69.890ms
08-06 15:33:38.888  1239  1581 I art     : Starting a blocking GC Explicit
08-06 15:33:38.951  1239  1581 I art     : Explicit concurrent mark sweep GC freed 23(752B) AllocSpace objects, 0(0B) LOS objects, 27% free, 41MB/57MB, paused 1.522ms total 62.776ms
08-06 15:33:38.968  1239  1581 I art     : Starting a blocking GC Explicit
08-06 15:33:39.030  1239  1581 I art     : Explicit concurrent mark sweep GC freed 32(880B) AllocSpace objects, 0(0B) LOS objects, 27% free, 41MB/57MB, paused 1.677ms total 61.523ms
08-06 15:33:39.031  1239  1250 I art     : WaitForGcToComplete blocked for 28.907ms for cause HeapTrim
08-06 15:33:39.037  3774  3774 D AndroidRuntime: >>>>>> START com.android.internal.os.RuntimeInit uid 2000 <<<<<<
08-06 15:33:39.044  3774  3774 D AndroidRuntime: CheckJNI is OFF
08-06 15:33:39.048  1239  1581 I art     : Starting a blocking GC Explicit
08-06 15:33:39.088  3774  3774 D ICU     : No timezone override file found: /data/misc/zoneinfo/current/icu/icu_tzdata.dat
08-06 15:33:39.107  1239  1581 I art     : Explicit concurrent mark sweep GC freed 3(96B) AllocSpace objects, 0(0B) LOS objects, 27% free, 41MB/57MB, paused 1.627ms total 58.820ms
08-06 15:33:39.124  1239  1581 I art     : Starting a blocking GC Explicit
08-06 15:33:39.133  3774  3774 I Radio-JNI: register_android_hardware_Radio DONE
08-06 15:33:39.161  3774  3774 D AndroidRuntime: Calling main entry com.android.commands.input.Input
08-06 15:33:39.163  3774  3774 I Input   : injectKeyEvent: KeyEvent { action=ACTION_DOWN, keyCode=KEYCODE_BACK, scanCode=0, metaState=0, flags=0x0, repeatCount=0, eventTime=891235576, downTime=891235576, deviceId=-1, source=0x101 }
08-06 15:33:39.176  3774  3774 I Input   : injectKeyEvent: KeyEvent { action=ACTION_UP, keyCode=KEYCODE_BACK, scanCode=0, metaState=0, flags=0x0, repeatCount=0, eventTime=891235576, downTime=891235576, deviceId=-1, source=0x101 }
08-06 15:33:39.182  3774  3774 D AndroidRuntime: Shutting down VM
08-06 15:33:39.185  1239  1581 I art     : Explicit concurrent mark sweep GC freed 53(2448B) AllocSpace objects, 0(0B) LOS objects, 27% free, 41MB/57MB, paused 1.686ms total 61.236ms
08-06 15:33:39.188  1239  1239 V PlaybackController: initServiceNotRunning()
08-06 15:33:39.188  1239  1239 D ExternalPlayerFragment: Loading media info
08-06 15:33:39.191  1239  1239 D ItemlistFragment: onEventMainThread() called with: event = [DownloadEvent{update=DownloaderUpdate{downloaders=[], feedIds=[], mediaIds=[]}}]
08-06 15:33:39.192  1239  2160 D ApOkHttpUrlLoader: buildLoadData() called with: model = [http://static.libsyn.com/p/assets/7/1/f/3/71f3014e14ef2722/JREiTunesImage2.jpg], width = [1440], height = [462]
08-06 15:33:39.195  1239  1239 D UserPreferences: Using default data folder
08-06 15:33:39.200  1239  1790 D DBReader: getNavDrawerData() called with: 
08-06 15:33:39.201  1239  1268 D DBReader: getFeed() called with: feedId = [2]
08-06 15:33:39.203  1239  1268 D DBReader: getFeedItemList() called with: feed = [baseline.de.danoeh.antennapod.core.feed.Feed@2]
08-06 15:33:39.212  1239  1239 D FeedMenuHandler: Preparing options menu
08-06 15:33:39.233  1239  1790 D DBReader: getDownloadedItems() called
08-06 15:33:39.234  1239  1790 D DBReader: getFavoriteIDList() called
08-06 15:33:39.235  1239  1790 D DBReader: getQueueIDList() called
08-06 15:33:39.235  1239  1790 D DBReader: Extracting Feedlist
08-06 15:33:39.256 13866 13866 I GoogleInputMethodServic: GoogleInputMethodService.onFinishInput():3138 
08-06 15:33:39.257 13866 13866 I GoogleInputMethodServic: GoogleInputMethodService.onStartInput():1808 
08-06 15:33:39.257 13866 13866 I ShortcutsDataManager: AbstractContentDataManager.startImportContentTask():208 startImportContentTask()
08-06 15:33:39.258 13866 13938 I ShortcutsDataManager: AbstractContentDataManager$ImportContentTask.doInBackground():222 doInBackground()
08-06 15:33:39.259 13866 13938 I PersonalDictionaryDataH: PersonalDictionaryDataHandler.beginProcess():111 LanguageTags = [en-US]
08-06 15:33:39.271 13866 13938 I ShortcutsDataManager: AbstractContentDataManager.importRecords():312 importRecords() : Success : Count = 0
08-06 15:33:39.275 13866 13938 I ShortcutsDataManager: AbstractContentDataManager.importContentData():262 importContentData() : Ending import process
08-06 15:33:39.284  1239  1239 D MainActivity: getLastNavFragment() -> 2
08-06 15:33:39.303 13866 13938 I PersonalLanguageModelUp: PersonalLanguageModelUpdater$UpdateOperation.performInternal():160 run() : Added 0 words and 0 shortcuts
08-06 15:33:39.303 13866 13938 I DynamicLanguageModelOpe: DynamicLanguageModelOperation.perform():37 perform() : 4 : coc : Completed
08-06 15:33:39.304 13866 13950 I Delight5Decoder: Delight5DecoderWrapper.loadLanguageModel():578 loadLanguageModel() : 4, version [n/a]
08-06 15:33:39.305 13866 13950 I Delight5Decoder: Delight5DecoderWrapper.loadLanguageModel():616 Loaded dynamic LM 4.en
08-06 15:33:39.306 13866 13866 I ShortcutsDataManager: AbstractContentDataManager$ImportContentTask.onPostExecute():233 onPostExecute() : Result = [2,0]
08-06 15:33:39.306 13866 13866 I ShortcutsDataManager: ShortcutsDataManager.onImportFinished():99 onImportFinished() : Result = 2 : Count = 0
08-06 15:33:39.315  1239  1268 W PodDBAdapter: Length of id array is larger than 800. Creating multiple cursors
08-06 15:33:39.407  1239  1268 D DBReader: getFavoriteIDList() called
08-06 15:33:39.408  1239  1268 D DBReader: getQueueIDList() called
08-06 15:33:39.410  1239  1268 D DBReader: Extracting Feedlist
08-06 15:33:39.413  1239  2160 D ApOkHttpUrlLoader: buildLoadData() called with: model = [http://static.libsyn.com/p/assets/7/1/f/3/71f3014e14ef2722/JREiTunesImage2.jpg], width = [1440], height = [462]
08-06 15:33:39.444  1239  1239 D FeedMenuHandler: Preparing options menu
08-06 15:33:39.497  1239  1265 I art     : Starting a blocking GC Explicit
08-06 15:33:39.575  1239  1265 I art     : Explicit concurrent mark sweep GC freed 42569(2MB) AllocSpace objects, 3(52KB) LOS objects, 25% free, 47MB/63MB, paused 1.516ms total 77.383ms
08-06 15:33:39.580   380   380 W SurfaceFlinger: couldn't log to binary event log: overflow.
08-06 15:33:39.593  1239  1265 I art     : Starting a blocking GC Explicit
08-06 15:33:39.652  1239  1265 I art     : Explicit concurrent mark sweep GC freed 3055(185KB) AllocSpace objects, 0(0B) LOS objects, 25% free, 47MB/63MB, paused 1.450ms total 58.343ms
08-06 15:33:39.667  1239  1265 I art     : Starting a blocking GC Explicit
08-06 15:33:39.716  1239  1265 I art     : Explicit concurrent mark sweep GC freed 34749(2MB) AllocSpace objects, 44(2MB) LOS objects, 27% free, 42MB/58MB, paused 1.419ms total 48.817ms
08-06 15:33:39.731  1239  1265 I art     : Starting a blocking GC Explicit
08-06 15:33:39.780  1239  1265 I art     : Explicit concurrent mark sweep GC freed 3(96B) AllocSpace objects, 0(0B) LOS objects, 27% free, 42MB/58MB, paused 1.491ms total 48.426ms
08-06 15:33:39.794  1239  1265 I art     : Starting a blocking GC Explicit
08-06 15:33:39.842  1239  1265 I art     : Explicit concurrent mark sweep GC freed 3(96B) AllocSpace objects, 0(0B) LOS objects, 27% free, 42MB/58MB, paused 1.448ms total 47.591ms
08-06 15:33:40.180  1239  1252 I art     : Starting a blocking GC Explicit
08-06 15:33:40.239  1239  1252 I art     : Explicit concurrent mark sweep GC freed 1402(82KB) AllocSpace objects, 1(20KB) LOS objects, 27% free, 42MB/58MB, paused 1.666ms total 58.637ms
08-06 15:33:40.258  1239  1252 I art     : Starting a blocking GC Explicit
08-06 15:33:40.306  1239  1252 I art     : Explicit concurrent mark sweep GC freed 23(752B) AllocSpace objects, 0(0B) LOS objects, 27% free, 42MB/58MB, paused 1.454ms total 48.536ms
08-06 15:33:40.321  1239  1252 I art     : Starting a blocking GC Explicit
08-06 15:33:40.370  1239  1252 I art     : Explicit concurrent mark sweep GC freed 3(96B) AllocSpace objects, 0(0B) LOS objects, 27% free, 42MB/58MB, paused 1.627ms total 49.098ms
08-06 15:33:40.389  1239  1252 I art     : Starting a blocking GC Explicit
08-06 15:33:40.435  1239  1252 I art     : Explicit concurrent mark sweep GC freed 3(96B) AllocSpace objects, 0(0B) LOS objects, 27% free, 42MB/58MB, paused 1.402ms total 45.625ms
08-06 15:33:40.449  1239  1252 I art     : Starting a blocking GC Explicit
08-06 15:33:40.496  1239  1252 I art     : Explicit concurrent mark sweep GC freed 3(96B) AllocSpace objects, 0(0B) LOS objects, 27% free, 42MB/58MB, paused 1.511ms total 46.093ms
08-06 15:33:40.820  1239  3042 I art     : Starting a blocking GC Explicit
08-06 15:33:40.881  1239  3042 I art     : Explicit concurrent mark sweep GC freed 1379(81KB) AllocSpace objects, 1(20KB) LOS objects, 27% free, 42MB/58MB, paused 1.481ms total 60.525ms
08-06 15:33:40.896  1239  3042 I art     : Starting a blocking GC Explicit
08-06 15:33:40.939  1239  3042 I art     : Explicit concurrent mark sweep GC freed 31(1008B) AllocSpace objects, 0(0B) LOS objects, 27% free, 42MB/58MB, paused 1.799ms total 42.703ms
08-06 15:33:40.953  1239  3042 I art     : Starting a blocking GC Explicit
08-06 15:33:40.960  3834  3834 D AndroidRuntime: >>>>>> START com.android.internal.os.RuntimeInit uid 2000 <<<<<<
08-06 15:33:40.966  3834  3834 D AndroidRuntime: CheckJNI is OFF
08-06 15:33:40.999  1239  3042 I art     : Explicit concurrent mark sweep GC freed 9(288B) AllocSpace objects, 0(0B) LOS objects, 27% free, 42MB/58MB, paused 1.416ms total 45.499ms
08-06 15:33:41.010  3834  3834 D ICU     : No timezone override file found: /data/misc/zoneinfo/current/icu/icu_tzdata.dat
08-06 15:33:41.012  1239  3042 I art     : Starting a blocking GC Explicit
08-06 15:33:41.054  3834  3834 I Radio-JNI: register_android_hardware_Radio DONE
08-06 15:33:41.055  1239  3042 I art     : Explicit concurrent mark sweep GC freed 40(1136B) AllocSpace objects, 0(0B) LOS objects, 27% free, 42MB/58MB, paused 1.454ms total 42.602ms
08-06 15:33:41.069  1239  3042 I art     : Starting a blocking GC Explicit
08-06 15:33:41.084  3834  3834 D AndroidRuntime: Calling main entry com.android.commands.input.Input
08-06 15:33:41.086  3834  3834 I Input   : injectMotionEvent: MotionEvent { action=ACTION_DOWN, actionButton=0, id[0]=0, x[0]=1372.0, y[0]=384.0, toolType[0]=TOOL_TYPE_UNKNOWN, buttonState=0, metaState=0, flags=0x0, edgeFlags=0x0, pointerCount=1, historySize=0, eventTime=891237498, downTime=891237498, deviceId=0, source=0x1002 }
08-06 15:33:41.093  3834  3834 I Input   : injectMotionEvent: MotionEvent { action=ACTION_UP, actionButton=0, id[0]=0, x[0]=1372.0, y[0]=384.0, toolType[0]=TOOL_TYPE_UNKNOWN, buttonState=0, metaState=0, flags=0x0, edgeFlags=0x0, pointerCount=1, historySize=0, eventTime=891237498, downTime=891237498, deviceId=0, source=0x1002 }
08-06 15:33:41.094  3834  3834 D AndroidRuntime: Shutting down VM
08-06 15:33:41.101   918  3714 I ActivityManager: START u0 {cmp=baseline.de.danoeh.antennapod.debug/baseline.de.danoeh.antennapod.activity.FeedInfoActivity (has extras)} from uid 10711 on display 0
08-06 15:33:41.103   512  2967 D audio_hw_primary: out_set_parameters: enter: usecase(1: low-latency-playback) kvpairs: routing=2
08-06 15:33:41.113  1239  3042 I art     : Explicit concurrent mark sweep GC freed 50(5KB) AllocSpace objects, 0(0B) LOS objects, 27% free, 42MB/58MB, paused 1.529ms total 43.516ms
08-06 15:33:41.116   512  2967 D audio_hw_primary: select_devices: out_snd_device(2: speaker) in_snd_device(0: none)
08-06 15:33:41.116   512  2967 D msm8974_platform: platform_send_audio_calibration: sending audio calibration for snd_device(2) acdb_id(15)
08-06 15:33:41.116   512  2967 I soundtrigger: audio_extn_sound_trigger_update_device_status: device 0x2 of type 0 for Event 1
08-06 15:33:41.127   512  2967 D audio_hw_primary: enable_snd_device: snd_device(2: speaker)
08-06 15:33:41.129   512  2967 D audio_hw_primary: enable_audio_route: apply and update mixer path: low-latency-playback speaker
08-06 15:33:41.148  1239  1261 D DBReader: getFeed() called with: feedId = [2]
08-06 15:33:41.149  1239  1261 D DBReader: getFeedItemList() called with: feed = [baseline.de.danoeh.antennapod.core.feed.Feed@2]
08-06 15:33:41.158  1239  1239 D androidx.gridlayout.widget.GridLayout: horizontal constraints: x2-x0>=1328, x2-x1<=0, x1-x0<=242 are inconsistent; permanently removing: x2-x1<=0. 
08-06 15:33:41.158  1239  1239 D androidx.gridlayout.widget.GridLayout: vertical constraints: y3-y2>=80, y3-y2<=66, y2-y1<=94, y1-y0<=94 are inconsistent; permanently removing: y3-y2<=66. 
08-06 15:33:41.243   918   936 I ActivityManager: Displayed baseline.de.danoeh.antennapod.debug/baseline.de.danoeh.antennapod.activity.FeedInfoActivity: +133ms
08-06 15:33:41.247 13866 13866 I GoogleInputMethodServic: GoogleInputMethodService.onFinishInput():3138 
08-06 15:33:41.249 13866 13866 I GoogleInputMethodServic: GoogleInputMethodService.onStartInput():1808 
08-06 15:33:41.249  1239  1261 W PodDBAdapter: Length of id array is larger than 800. Creating multiple cursors
08-06 15:33:41.293  1239  1262 D OpenGLRenderer: endAllStagingAnimators on 0x7f7c23e000 (RippleDrawable) with handle 0x7f99f07ce0
08-06 15:33:41.361  1239  1239 D FeedInfoActivity: Language is en
08-06 15:33:41.361  1239  1239 D FeedInfoActivity: Author is Joe Rogan
08-06 15:33:41.361  1239  1239 D FeedInfoActivity: URL is http://joeroganexp.joerogan.libsynpro.com/rss
08-06 15:33:41.367  1239  2160 D ApOkHttpUrlLoader: buildLoadData() called with: model = [http://static.libsyn.com/p/assets/7/1/f/3/71f3014e14ef2722/JREiTunesImage2.jpg], width = [1440], height = [462]
08-06 15:33:41.375   918  3359 W IntentResolver: resolveIntent: multiple matches, only some with CATEGORY_DEFAULT
08-06 15:33:41.394  1239  1239 D androidx.gridlayout.widget.GridLayout: horizontal constraints: x2-x0>=1328, x2-x1<=232, x1-x0<=242 are inconsistent; permanently removing: x2-x1<=232. 
08-06 15:33:41.394  1239  1239 D androidx.gridlayout.widget.GridLayout: vertical constraints: y3-y2>=80, y3-y2<=66, y2-y1<=94, y1-y0<=94 are inconsistent; permanently removing: y3-y2<=66. 
08-06 15:33:41.441  1239  1251 I art     : Starting a blocking GC Explicit
08-06 15:33:41.500   380   380 W SurfaceFlinger: couldn't log to binary event log: overflow.
08-06 15:33:41.519  1239  1251 I art     : Explicit concurrent mark sweep GC freed 15474(666KB) AllocSpace objects, 3(52KB) LOS objects, 25% free, 47MB/63MB, paused 1.820ms total 77.881ms
08-06 15:33:41.535  1239  1251 I art     : Starting a blocking GC Explicit
08-06 15:33:41.585  1239  1251 I art     : Explicit concurrent mark sweep GC freed 525(33KB) AllocSpace objects, 0(0B) LOS objects, 25% free, 47MB/63MB, paused 1.366ms total 50.058ms
08-06 15:33:41.600  1239  1251 I art     : Starting a blocking GC Explicit
08-06 15:33:41.631  1239  1239 D PlaybackController: Releasing PlaybackController
08-06 15:33:41.656  1239  1251 I art     : Explicit concurrent mark sweep GC freed 261(13KB) AllocSpace objects, 0(0B) LOS objects, 25% free, 47MB/63MB, paused 1.442ms total 56.259ms
08-06 15:33:41.669   512  2967 D audio_hw_primary: disable_audio_route: reset and update mixer path: low-latency-playback speaker
08-06 15:33:41.670   512  2967 D audio_hw_primary: disable_snd_device: snd_device(2: speaker)
08-06 15:33:41.672  1239  1251 I art     : Starting a blocking GC Explicit
08-06 15:33:41.677   512  2967 I soundtrigger: audio_extn_sound_trigger_update_device_status: device 0x2 of type 0 for Event 0
08-06 15:33:41.727  1239  1251 I art     : Explicit concurrent mark sweep GC freed 96(4KB) AllocSpace objects, 0(0B) LOS objects, 25% free, 47MB/63MB, paused 1.437ms total 55.096ms
08-06 15:33:41.743  1239  1251 I art     : Starting a blocking GC Explicit
08-06 15:33:41.802  1239  1251 I art     : Explicit concurrent mark sweep GC freed 27(896B) AllocSpace objects, 0(0B) LOS objects, 25% free, 47MB/63MB, paused 1.553ms total 59.335ms
08-06 15:33:42.150  1239  1252 I art     : Starting a blocking GC Explicit
08-06 15:33:42.224  1239  1252 I art     : Explicit concurrent mark sweep GC freed 1402(83KB) AllocSpace objects, 1(20KB) LOS objects, 25% free, 47MB/63MB, paused 1.521ms total 73.468ms
08-06 15:33:42.245  1239  1252 I art     : Starting a blocking GC Explicit
08-06 15:33:42.306  1239  1252 I art     : Explicit concurrent mark sweep GC freed 23(768B) AllocSpace objects, 0(0B) LOS objects, 25% free, 47MB/63MB, paused 1.491ms total 61.077ms
08-06 15:33:42.328  1239  1252 I art     : Starting a blocking GC Explicit
08-06 15:33:42.390  1239  1252 I art     : Explicit concurrent mark sweep GC freed 3(96B) AllocSpace objects, 0(0B) LOS objects, 25% free, 47MB/63MB, paused 1.603ms total 61.687ms
08-06 15:33:42.410  1239  1252 I art     : Starting a blocking GC Explicit
08-06 15:33:42.470  1239  1252 I art     : Explicit concurrent mark sweep GC freed 3(96B) AllocSpace objects, 0(0B) LOS objects, 25% free, 47MB/63MB, paused 1.432ms total 59.240ms
08-06 15:33:42.486  1239  1252 I art     : Starting a blocking GC Explicit
08-06 15:33:42.546  1239  1252 I art     : Explicit concurrent mark sweep GC freed 3(96B) AllocSpace objects, 0(0B) LOS objects, 25% free, 47MB/63MB, paused 1.421ms total 59.002ms
08-06 15:33:42.889  1239  1581 I art     : Starting a blocking GC Explicit
08-06 15:33:42.951  1239  1581 I art     : Explicit concurrent mark sweep GC freed 1392(81KB) AllocSpace objects, 1(20KB) LOS objects, 25% free, 47MB/63MB, paused 1.400ms total 61.474ms
08-06 15:33:42.969  1239  1581 I art     : Starting a blocking GC Explicit
08-06 15:33:43.028  1239  1581 I art     : Explicit concurrent mark sweep GC freed 138(4KB) AllocSpace objects, 0(0B) LOS objects, 25% free, 47MB/63MB, paused 1.646ms total 58.527ms
08-06 15:33:43.047  1239  1581 I art     : Starting a blocking GC Explicit
08-06 15:33:43.108  1239  1581 I art     : Explicit concurrent mark sweep GC freed 3(96B) AllocSpace objects, 0(0B) LOS objects, 25% free, 47MB/63MB, paused 1.458ms total 61.199ms
08-06 15:33:43.124  1239  1581 I art     : Starting a blocking GC Explicit
08-06 15:33:43.191  1239  1581 I art     : Explicit concurrent mark sweep GC freed 3(96B) AllocSpace objects, 0(0B) LOS objects, 25% free, 47MB/63MB, paused 1.619ms total 66.103ms
08-06 15:33:43.210  1239  1581 I art     : Starting a blocking GC Explicit
08-06 15:33:43.218 29768 29768 I ServiceManager: Waiting for service AtCmdFwd...
08-06 15:33:43.273  1239  1581 I art     : Explicit concurrent mark sweep GC freed 3(96B) AllocSpace objects, 0(0B) LOS objects, 25% free, 47MB/63MB, paused 1.510ms total 62.308ms
08-06 15:33:43.320   918  3261 D WifiStateMachine: starting scan for "H369AA63323"WPA_PSK with 2412,5180
08-06 15:33:43.610  1239  1251 I art     : Starting a blocking GC Explicit
08-06 15:33:43.691  1239  1251 I art     : Explicit concurrent mark sweep GC freed 1372(80KB) AllocSpace objects, 1(20KB) LOS objects, 25% free, 47MB/63MB, paused 1.651ms total 80.074ms
08-06 15:33:43.711  1239  1251 I art     : Starting a blocking GC Explicit
08-06 15:33:43.772  1239  1251 I art     : Explicit concurrent mark sweep GC freed 23(752B) AllocSpace objects, 0(0B) LOS objects, 25% free, 47MB/63MB, paused 1.532ms total 61.091ms
08-06 15:33:43.790  1239  1251 I art     : Starting a blocking GC Explicit
08-06 15:33:43.855  1239  1251 I art     : Explicit concurrent mark sweep GC freed 3(96B) AllocSpace objects, 0(0B) LOS objects, 25% free, 47MB/63MB, paused 1.507ms total 64.810ms
08-06 15:33:43.876  1239  1251 I art     : Starting a blocking GC Explicit
08-06 15:33:43.944  1239  1251 I art     : Explicit concurrent mark sweep GC freed 3(96B) AllocSpace objects, 0(0B) LOS objects, 25% free, 47MB/63MB, paused 1.600ms total 67.500ms
08-06 15:33:43.963  1239  1251 I art     : Starting a blocking GC Explicit
08-06 15:33:44.027  1239  1251 I art     : Explicit concurrent mark sweep GC freed 32(880B) AllocSpace objects, 0(0B) LOS objects, 25% free, 47MB/63MB, paused 1.470ms total 63.857ms
08-06 15:33:44.219 29768 29768 I ServiceManager: Waiting for service AtCmdFwd...
08-06 15:33:44.389  1239  1265 I art     : Starting a blocking GC Explicit
08-06 15:33:44.462  1239  1265 I art     : Explicit concurrent mark sweep GC freed 1373(82KB) AllocSpace objects, 1(20KB) LOS objects, 25% free, 47MB/63MB, paused 1.511ms total 73.423ms
08-06 15:33:44.484  1239  1265 I art     : Starting a blocking GC Explicit
08-06 15:33:44.547  1239  1265 I art     : Explicit concurrent mark sweep GC freed 23(752B) AllocSpace objects, 0(0B) LOS objects, 25% free, 47MB/63MB, paused 1.501ms total 63.188ms
08-06 15:33:44.564  1239  1265 I art     : Starting a blocking GC Explicit
08-06 15:33:44.625  1239  1265 I art     : Explicit concurrent mark sweep GC freed 3(96B) AllocSpace objects, 0(0B) LOS objects, 25% free, 47MB/63MB, paused 1.329ms total 60.193ms
08-06 15:33:44.641  1239  1265 I art     : Starting a blocking GC Explicit
08-06 15:33:44.690  1239  1265 I art     : Explicit concurrent mark sweep GC freed 3(96B) AllocSpace objects, 0(0B) LOS objects, 25% free, 47MB/63MB, paused 1.307ms total 48.522ms
08-06 15:33:44.704  1239  1265 I art     : Starting a blocking GC Explicit
08-06 15:33:44.753  1239  1265 I art     : Explicit concurrent mark sweep GC freed 3(96B) AllocSpace objects, 0(0B) LOS objects, 25% free, 47MB/63MB, paused 1.304ms total 48.249ms
08-06 15:33:45.080  1239  3042 I art     : Starting a blocking GC Explicit
08-06 15:33:45.160  1239  3042 I art     : Explicit concurrent mark sweep GC freed 1402(82KB) AllocSpace objects, 1(20KB) LOS objects, 25% free, 47MB/63MB, paused 1.601ms total 79.417ms
08-06 15:33:45.182  1239  3042 I art     : Starting a blocking GC Explicit
08-06 15:33:45.220 29768 29768 I ServiceManager: Waiting for service AtCmdFwd...
08-06 15:33:45.249  1239  3042 I art     : Explicit concurrent mark sweep GC freed 43(1552B) AllocSpace objects, 0(0B) LOS objects, 25% free, 47MB/63MB, paused 1.710ms total 66.534ms
08-06 15:33:45.268  1239  3042 I art     : Starting a blocking GC Explicit
08-06 15:33:45.331  1239  3042 I art     : Explicit concurrent mark sweep GC freed 3(96B) AllocSpace objects, 0(0B) LOS objects, 25% free, 47MB/63MB, paused 1.373ms total 62.723ms
08-06 15:33:45.349  1239  3042 I art     : Starting a blocking GC Explicit
08-06 15:33:45.404  1239  3042 I art     : Explicit concurrent mark sweep GC freed 3(96B) AllocSpace objects, 0(0B) LOS objects, 25% free, 47MB/63MB, paused 1.371ms total 55.173ms
08-06 15:33:45.420  1239  3042 I art     : Starting a blocking GC Explicit
08-06 15:33:45.476  1239  3042 I art     : Explicit concurrent mark sweep GC freed 3(96B) AllocSpace objects, 0(0B) LOS objects, 25% free, 47MB/63MB, paused 1.486ms total 55.527ms
08-06 15:33:45.834  1239  1265 I art     : Starting a blocking GC Explicit
08-06 15:33:45.897  1239  1265 I art     : Explicit concurrent mark sweep GC freed 2075(106KB) AllocSpace objects, 1(20KB) LOS objects, 25% free, 47MB/63MB, paused 1.538ms total 62.898ms
08-06 15:33:45.897  3932  3932 D AndroidRuntime: >>>>>> START com.android.internal.os.RuntimeInit uid 2000 <<<<<<
08-06 15:33:45.904  3932  3932 D AndroidRuntime: CheckJNI is OFF
08-06 15:33:45.914  1239  1265 I art     : Starting a blocking GC Explicit
08-06 15:33:45.949  3932  3932 D ICU     : No timezone override file found: /data/misc/zoneinfo/current/icu/icu_tzdata.dat
08-06 15:33:45.973  1239  1265 I art     : Explicit concurrent mark sweep GC freed 23(752B) AllocSpace objects, 0(0B) LOS objects, 25% free, 47MB/63MB, paused 1.575ms total 58.395ms
08-06 15:33:45.989  1239  1265 I art     : Starting a blocking GC Explicit
08-06 15:33:45.995  3932  3932 I Radio-JNI: register_android_hardware_Radio DONE
08-06 15:33:46.025  3932  3932 D AndroidRuntime: Calling main entry com.android.commands.input.Input
08-06 15:33:46.026  3932  3932 I Input   : injectKeyEvent: KeyEvent { action=ACTION_DOWN, keyCode=KEYCODE_BACK, scanCode=0, metaState=0, flags=0x0, repeatCount=0, eventTime=891242439, downTime=891242439, deviceId=-1, source=0x101 }
08-06 15:33:46.034  3932  3932 I Input   : injectKeyEvent: KeyEvent { action=ACTION_UP, keyCode=KEYCODE_BACK, scanCode=0, metaState=0, flags=0x0, repeatCount=0, eventTime=891242439, downTime=891242439, deviceId=-1, source=0x101 }
08-06 15:33:46.040  3932  3932 D AndroidRuntime: Shutting down VM
08-06 15:33:46.045  1239  1265 I art     : Explicit concurrent mark sweep GC freed 54(1872B) AllocSpace objects, 0(0B) LOS objects, 25% free, 47MB/63MB, paused 1.507ms total 56.099ms
08-06 15:33:46.045  1239  1239 V PlaybackController: initServiceNotRunning()
08-06 15:33:46.046  1239  1239 D ExternalPlayerFragment: Loading media info
08-06 15:33:46.049  1239  1239 D ItemlistFragment: onEventMainThread() called with: event = [DownloadEvent{update=DownloaderUpdate{downloaders=[], feedIds=[], mediaIds=[]}}]
08-06 15:33:46.050  1239  2160 D ApOkHttpUrlLoader: buildLoadData() called with: model = [http://static.libsyn.com/p/assets/7/1/f/3/71f3014e14ef2722/JREiTunesImage2.jpg], width = [1440], height = [462]
08-06 15:33:46.053  1239  1239 D UserPreferences: Using default data folder
08-06 15:33:46.055  1239  1261 D DBReader: getNavDrawerData() called with: 
08-06 15:33:46.057  1239  1790 D DBReader: getFeed() called with: feedId = [2]
08-06 15:33:46.065  1239  1790 D DBReader: getFeedItemList() called with: feed = [baseline.de.danoeh.antennapod.core.feed.Feed@2]
08-06 15:33:46.066  1239  1265 I art     : Starting a blocking GC Explicit
08-06 15:33:46.079  1239  1239 D FeedMenuHandler: Preparing options menu
08-06 15:33:46.091  1239  1261 D DBReader: getDownloadedItems() called
08-06 15:33:46.092  1239  1261 D DBReader: getFavoriteIDList() called
08-06 15:33:46.093  1239  1261 D DBReader: getQueueIDList() called
08-06 15:33:46.094  1239  1261 D DBReader: Extracting Feedlist
08-06 15:33:46.120  1239  1265 I art     : Explicit concurrent mark sweep GC freed 2925(138KB) AllocSpace objects, 0(0B) LOS objects, 24% free, 50MB/66MB, paused 2.596ms total 54.295ms
08-06 15:33:46.126  1239  1239 D MainActivity: getLastNavFragment() -> 2
08-06 15:33:46.126 13866 13866 I GoogleInputMethodServic: GoogleInputMethodService.onFinishInput():3138 
08-06 15:33:46.127 13866 13866 I GoogleInputMethodServic: GoogleInputMethodService.onStartInput():1808 
08-06 15:33:46.136  1239  1265 I art     : Starting a blocking GC Explicit
08-06 15:33:46.181  1239  1790 W PodDBAdapter: Length of id array is larger than 800. Creating multiple cursors
08-06 15:33:46.194  1239  1265 I art     : Explicit concurrent mark sweep GC freed 4241(265KB) AllocSpace objects, 1(16KB) LOS objects, 23% free, 51MB/67MB, paused 1.729ms total 58.288ms
08-06 15:33:46.220 29768 29768 I ServiceManager: Waiting for service AtCmdFwd...
08-06 15:33:46.273  1239  1790 D DBReader: getFavoriteIDList() called
08-06 15:33:46.274  1239  1790 D DBReader: getQueueIDList() called
08-06 15:33:46.276  1239  1790 D DBReader: Extracting Feedlist
08-06 15:33:46.281  1239  2160 D ApOkHttpUrlLoader: buildLoadData() called with: model = [http://static.libsyn.com/p/assets/7/1/f/3/71f3014e14ef2722/JREiTunesImage2.jpg], width = [1440], height = [462]
08-06 15:33:46.298  1239  1239 D FeedMenuHandler: Preparing options menu
08-06 15:33:46.437   380   380 W SurfaceFlinger: couldn't log to binary event log: overflow.
08-06 15:33:46.518  1239  1581 I art     : Starting a blocking GC Explicit
08-06 15:33:46.579  1239  1581 I art     : Explicit concurrent mark sweep GC freed 37530(2MB) AllocSpace objects, 2(36KB) LOS objects, 23% free, 52MB/68MB, paused 1.484ms total 60.392ms
08-06 15:33:46.595  1239  1581 I art     : Starting a blocking GC Explicit
08-06 15:33:46.646  1239  1581 I art     : Explicit concurrent mark sweep GC freed 30491(2MB) AllocSpace objects, 3(84KB) LOS objects, 24% free, 50MB/66MB, paused 1.438ms total 50.367ms
08-06 15:33:46.660  1239  1581 I art     : Starting a blocking GC Explicit
08-06 15:33:46.708  1239  1581 I art     : Explicit concurrent mark sweep GC freed 3(96B) AllocSpace objects, 0(0B) LOS objects, 24% free, 50MB/66MB, paused 1.541ms total 47.446ms
08-06 15:33:46.722  1239  1581 I art     : Starting a blocking GC Explicit
08-06 15:33:46.771  1239  1581 I art     : Explicit concurrent mark sweep GC freed 3(96B) AllocSpace objects, 0(0B) LOS objects, 24% free, 50MB/66MB, paused 1.462ms total 48.955ms
08-06 15:33:46.786  1239  1581 I art     : Starting a blocking GC Explicit
08-06 15:33:46.835  1239  1581 I art     : Explicit concurrent mark sweep GC freed 3(96B) AllocSpace objects, 0(0B) LOS objects, 24% free, 50MB/66MB, paused 1.673ms total 48.609ms
08-06 15:33:47.174  1239  3042 I art     : Starting a blocking GC Explicit
08-06 15:33:47.221 29768 29768 I ServiceManager: Waiting for service AtCmdFwd...
08-06 15:33:47.234  1239  3042 I art     : Explicit concurrent mark sweep GC freed 1402(82KB) AllocSpace objects, 1(20KB) LOS objects, 24% free, 50MB/66MB, paused 1.632ms total 59.804ms
08-06 15:33:47.253  1239  3042 I art     : Starting a blocking GC Explicit
08-06 15:33:47.298  1239  3042 I art     : Explicit concurrent mark sweep GC freed 23(752B) AllocSpace objects, 0(0B) LOS objects, 24% free, 50MB/66MB, paused 1.513ms total 44.795ms
08-06 15:33:47.312  1239  3042 I art     : Starting a blocking GC Explicit
08-06 15:33:47.358  1239  3042 I art     : Explicit concurrent mark sweep GC freed 3(96B) AllocSpace objects, 0(0B) LOS objects, 24% free, 50MB/66MB, paused 1.546ms total 46.002ms
08-06 15:33:47.372  1239  3042 I art     : Starting a blocking GC Explicit
08-06 15:33:47.418  1239  3042 I art     : Explicit concurrent mark sweep GC freed 3(96B) AllocSpace objects, 0(0B) LOS objects, 24% free, 50MB/66MB, paused 1.532ms total 45.441ms
08-06 15:33:47.432  1239  3042 I art     : Starting a blocking GC Explicit
08-06 15:33:47.478  1239  3042 I art     : Explicit concurrent mark sweep GC freed 3(96B) AllocSpace objects, 0(0B) LOS objects, 24% free, 50MB/66MB, paused 1.533ms total 45.839ms
08-06 15:33:47.805  1239  1252 I art     : Starting a blocking GC Explicit
08-06 15:33:47.822  3991  3991 D AndroidRuntime: >>>>>> START com.android.internal.os.RuntimeInit uid 2000 <<<<<<
08-06 15:33:47.828  3991  3991 D AndroidRuntime: CheckJNI is OFF
08-06 15:33:47.859  1239  1252 I art     : Explicit concurrent mark sweep GC freed 1392(82KB) AllocSpace objects, 1(20KB) LOS objects, 24% free, 50MB/66MB, paused 2.379ms total 53.371ms
08-06 15:33:47.874  1239  1252 I art     : Starting a blocking GC Explicit
08-06 15:33:47.879  3991  3991 D ICU     : No timezone override file found: /data/misc/zoneinfo/current/icu/icu_tzdata.dat
08-06 15:33:47.921  1239  1252 I art     : Explicit concurrent mark sweep GC freed 30(976B) AllocSpace objects, 0(0B) LOS objects, 24% free, 50MB/66MB, paused 1.591ms total 46.939ms
08-06 15:33:47.922  3991  3991 I Radio-JNI: register_android_hardware_Radio DONE
08-06 15:33:47.935  1239  1252 I art     : Starting a blocking GC Explicit
08-06 15:33:47.952  3991  3991 D AndroidRuntime: Calling main entry com.android.commands.input.Input
08-06 15:33:47.954  3991  3991 I Input   : injectMotionEvent: MotionEvent { action=ACTION_DOWN, actionButton=0, id[0]=0, x[0]=733.0, y[0]=896.0, toolType[0]=TOOL_TYPE_UNKNOWN, buttonState=0, metaState=0, flags=0x0, edgeFlags=0x0, pointerCount=1, historySize=0, eventTime=891244366, downTime=891244366, deviceId=0, source=0x1002 }
08-06 15:33:47.962  3991  3991 I Input   : injectMotionEvent: MotionEvent { action=ACTION_UP, actionButton=0, id[0]=0, x[0]=733.0, y[0]=896.0, toolType[0]=TOOL_TYPE_UNKNOWN, buttonState=0, metaState=0, flags=0x0, edgeFlags=0x0, pointerCount=1, historySize=0, eventTime=891244366, downTime=891244366, deviceId=0, source=0x1002 }
08-06 15:33:47.965  3991  3991 D AndroidRuntime: Shutting down VM
08-06 15:33:47.978  1239  1252 I art     : Explicit concurrent mark sweep GC freed 26(832B) AllocSpace objects, 0(0B) LOS objects, 24% free, 50MB/66MB, paused 1.791ms total 43.138ms
08-06 15:33:47.992  1239  1252 I art     : Starting a blocking GC Explicit
08-06 15:33:48.031   512  2967 D audio_hw_primary: out_set_parameters: enter: usecase(1: low-latency-playback) kvpairs: routing=2
08-06 15:33:48.037  1239  1252 I art     : Explicit concurrent mark sweep GC freed 59(2096B) AllocSpace objects, 0(0B) LOS objects, 24% free, 50MB/66MB, paused 1.457ms total 44.460ms
08-06 15:33:48.044   512  2967 D audio_hw_primary: select_devices: out_snd_device(2: speaker) in_snd_device(0: none)
08-06 15:33:48.045   512  2967 D msm8974_platform: platform_send_audio_calibration: sending audio calibration for snd_device(2) acdb_id(15)
08-06 15:33:48.045   512  2967 I soundtrigger: audio_extn_sound_trigger_update_device_status: device 0x2 of type 0 for Event 1
08-06 15:33:48.054  1239  1252 I art     : Starting a blocking GC Explicit
08-06 15:33:48.056   512  2967 D audio_hw_primary: enable_snd_device: snd_device(2: speaker)
08-06 15:33:48.059   512  2967 D audio_hw_primary: enable_audio_route: apply and update mixer path: low-latency-playback speaker
08-06 15:33:48.067  1239  1239 I WebViewFactory: Loading com.google.android.webview version 84.0.4147.89 (code 414708953)
08-06 15:33:48.102  1239  1252 I art     : Explicit concurrent mark sweep GC freed 961(67KB) AllocSpace objects, 0(0B) LOS objects, 24% free, 50MB/66MB, paused 1.989ms total 47.465ms
08-06 15:33:48.151  1239  1239 I cr_LibraryLoader: Loaded native library version number "84.0.4147.89"
08-06 15:33:48.152  1239  1239 I cr_CachingUmaRecorder: Flushed 5 samples from 5 histograms.
08-06 15:33:48.189  1239  1239 E chromium: [ERROR:filesystem_posix.cc(62)] mkdir /data/user/0/baseline.de.danoeh.antennapod.debug/cache/WebView/Crashpad: No such file or directory (2)
08-06 15:33:48.221 29768 29768 W Atfwd_Sendcmd: AtCmdFwd service not published, waiting... retryCnt : 1
08-06 15:33:48.262   918   937 W ProcessCpuTracker: Skipping unknown process pid 4029
08-06 15:33:48.304   918   929 D ConnectivityService: listenForNetwork for Listen from uid/pid:10711/1239 for NetworkRequest [ id=4062, legacyType=-1, [ Capabilities: INTERNET&NOT_RESTRICTED&TRUSTED] ]
08-06 15:33:48.344  1239  1268 D DBReader: getFeedItem() called with: itemId = [2]
08-06 15:33:48.344  1239  1268 D DBReader: Loading feeditem with id 2
08-06 15:33:48.345  1239  1239 D ItemFragment: onEventMainThread() called with: event = [DownloadEvent{update=DownloaderUpdate{downloaders=[], feedIds=[], mediaIds=[]}}]
08-06 15:33:48.348  1239  1268 D DBReader: getFavoriteIDList() called
08-06 15:33:48.349  1239  1268 D DBReader: getQueueIDList() called
08-06 15:33:48.350  1239  1268 D DBReader: Extracting Feedlist
08-06 15:33:48.357  1239  1268 D DBReader: loadExtraInformationOfFeedItem() called with: item = [FeedItem[autoDownload=1,chapters=<null>,contentEncoded=<null>,description=<null>,feed=baseline.de.danoeh.antennapod.core.feed.Feed@4375dac,feedId=2,flattrStatus=baseline.de.danoeh.antennapod.core.util.flattr.FlattrStatus@9257a75,hasChapters=false,imageUrl=http://static.libsyn.com/p/assets/2/7/8/6/278615fe73b1f0ca/JRE1514.jpg,itemIdentifier=a0870b6b-c887-4883-930c-a06d5e1a8f7e,link=http://traffic.libsyn.com/joeroganexp/p1514.mp3,media=baseline.de.danoeh.antennapod.core.feed.FeedMedia@bc2fa0a,paymentLink=<null>,pubDate=Fri Jul 24 21:00:00 GMT+02:00 2020,state=-1,tags=[],title=#1514 - Joe De Sena,id=2]]
08-06 15:33:48.368 13866 13866 I GoogleInputMethodServic: GoogleInputMethodService.onFinishInput():3138 
08-06 15:33:48.368 13866 13866 I GoogleInputMethodServic: GoogleInputMethodService.onStartInput():1808 
08-06 15:33:48.378  1239  1239 E libEGL  : validate_display:255 error 3008 (EGL_BAD_DISPLAY)
08-06 15:33:48.434  1239  1252 I art     : Starting a blocking GC Explicit
08-06 15:33:48.449   918   935 D BluetoothManagerService: Added callback: android.bluetooth.IBluetoothManagerCallback$Stub$Proxy@42167a3:true
08-06 15:33:48.458  1239  2160 D ApOkHttpUrlLoader: buildLoadData() called with: model = [http://static.libsyn.com/p/assets/2/7/8/6/278615fe73b1f0ca/JRE1514.jpg], width = [175], height = [175]
08-06 15:33:48.464  1239  1987 D DBReader: getImageAuthentication() called with: imageUrl = [http://static.libsyn.com/p/assets/2/7/8/6/278615fe73b1f0ca/JRE1514.jpg]
08-06 15:33:48.471  1239  1987 D ApOkHttpUrlLoader: no credentials for 'http://static.libsyn.com/p/assets/2/7/8/6/278615fe73b1f0ca/JRE1514.jpg'
08-06 15:33:48.504  1239  1252 I art     : Explicit concurrent mark sweep GC freed 12368(1018KB) AllocSpace objects, 4(128KB) LOS objects, 23% free, 51MB/67MB, paused 2.258ms total 69.936ms
08-06 15:33:48.522  1239  1252 I art     : Starting a blocking GC Explicit
08-06 15:33:48.530  1239  1987 D MYTAG   : interceptor 2a
08-06 15:33:48.530  1239  1987 I NAPPA_EXPERIMENTATION: MetricNetworkRequestExecutionTime: REQUEST_DURATION_SYSTEM='59',REQUEST_DURATION_OKHTTP='59',REQUEST_SYNCHRONOUS='TRUE',RESPONSE_CODE='200',RESPONSE_METHOD='GET',RESPONSE_LENGTH_OKHTTP='364960',RESPONSE_LENGTH_HEADER='364960',REQUEST_PROTOCOL='http/1.1',REQUEST_URL='http://static.libsyn.com/p/assets/2/7/8/6/278615fe73b1f0ca/JRE1514.jpg',
08-06 15:33:48.576  1239  1252 I art     : Explicit concurrent mark sweep GC freed 1209(89KB) AllocSpace objects, 3(84KB) LOS objects, 23% free, 51MB/67MB, paused 1.821ms total 53.300ms
08-06 15:33:48.591  1239  1252 I art     : Starting a blocking GC Explicit
08-06 15:33:48.599   512  2967 D audio_hw_primary: disable_audio_route: reset and update mixer path: low-latency-playback speaker
08-06 15:33:48.600   512  2967 D audio_hw_primary: disable_snd_device: snd_device(2: speaker)
08-06 15:33:48.615   512  2967 I soundtrigger: audio_extn_sound_trigger_update_device_status: device 0x2 of type 0 for Event 0
08-06 15:33:48.636  1239  1252 I art     : Explicit concurrent mark sweep GC freed 828(49KB) AllocSpace objects, 1(28KB) LOS objects, 23% free, 51MB/67MB, paused 1.682ms total 44.878ms
08-06 15:33:48.650  1239  1252 I art     : Starting a blocking GC Explicit
08-06 15:33:48.694  1239  1252 I art     : Explicit concurrent mark sweep GC freed 10(8KB) AllocSpace objects, 0(0B) LOS objects, 23% free, 51MB/67MB, paused 1.709ms total 43.834ms
08-06 15:33:48.708  1239  1252 I art     : Starting a blocking GC Explicit
08-06 15:33:48.754  1239  1252 I art     : Explicit concurrent mark sweep GC freed 132(16KB) AllocSpace objects, 0(0B) LOS objects, 23% free, 51MB/67MB, paused 1.546ms total 45.701ms
08-06 15:33:49.130  1239  1251 I art     : Starting a blocking GC Explicit
08-06 15:33:49.188  1239  1251 I art     : Explicit concurrent mark sweep GC freed 1566(88KB) AllocSpace objects, 1(20KB) LOS objects, 23% free, 51MB/67MB, paused 1.792ms total 57.863ms
08-06 15:33:49.204  1239  1251 I art     : Starting a blocking GC Explicit
08-06 15:33:49.256  1239  1251 I art     : Explicit concurrent mark sweep GC freed 33(1088B) AllocSpace objects, 0(0B) LOS objects, 23% free, 51MB/67MB, paused 1.478ms total 51.828ms
08-06 15:33:49.272  1239  1251 I art     : Starting a blocking GC Explicit
08-06 15:33:49.324  1239  1251 I art     : Explicit concurrent mark sweep GC freed 11(352B) AllocSpace objects, 0(0B) LOS objects, 23% free, 51MB/67MB, paused 1.491ms total 51.709ms
08-06 15:33:49.340  1239  1251 I art     : Starting a blocking GC Explicit
08-06 15:33:49.392  1239  1251 I art     : Explicit concurrent mark sweep GC freed 12(384B) AllocSpace objects, 0(0B) LOS objects, 23% free, 51MB/67MB, paused 1.597ms total 52.296ms
08-06 15:33:49.408  1239  1251 I art     : Starting a blocking GC Explicit
08-06 15:33:49.459  1239  1251 I art     : Explicit concurrent mark sweep GC freed 11(352B) AllocSpace objects, 0(0B) LOS objects, 23% free, 51MB/67MB, paused 2.100ms total 51.485ms
08-06 15:33:49.835  1239  3042 I art     : Starting a blocking GC Explicit
08-06 15:33:49.891  1239  3042 I art     : Explicit concurrent mark sweep GC freed 1435(82KB) AllocSpace objects, 1(20KB) LOS objects, 23% free, 51MB/67MB, paused 1.651ms total 55.498ms
08-06 15:33:49.907  1239  3042 I art     : Starting a blocking GC Explicit
08-06 15:33:49.962  1239  3042 I art     : Explicit concurrent mark sweep GC freed 31(1008B) AllocSpace objects, 0(0B) LOS objects, 23% free, 51MB/67MB, paused 1.937ms total 54.244ms
08-06 15:33:49.978  1239  3042 I art     : Starting a blocking GC Explicit
08-06 15:33:50.031  1239  3042 I art     : Explicit concurrent mark sweep GC freed 50(1456B) AllocSpace objects, 0(0B) LOS objects, 23% free, 51MB/67MB, paused 1.544ms total 53.056ms
08-06 15:33:50.048  1239  3042 I art     : Starting a blocking GC Explicit
08-06 15:33:50.103  1239  3042 I art     : Explicit concurrent mark sweep GC freed 19(608B) AllocSpace objects, 0(0B) LOS objects, 23% free, 51MB/67MB, paused 1.607ms total 54.712ms
08-06 15:33:50.119  1239  3042 I art     : Starting a blocking GC Explicit
08-06 15:33:50.173  1239  3042 I art     : Explicit concurrent mark sweep GC freed 19(608B) AllocSpace objects, 0(0B) LOS objects, 23% free, 51MB/67MB, paused 1.650ms total 53.261ms
08-06 15:33:50.562  1239  1581 I art     : Starting a blocking GC Explicit
08-06 15:33:50.571   518   646 I ThermalEngine: ACTION: GPU - Setting GPU[0] to 390000000
08-06 15:33:50.672  1239  1581 I art     : Explicit concurrent mark sweep GC freed 1396(81KB) AllocSpace objects, 1(20KB) LOS objects, 23% free, 51MB/67MB, paused 3.030ms total 108.688ms
08-06 15:33:50.700  1239  1581 I art     : Starting a blocking GC Explicit
08-06 15:33:50.773  1239  1581 I art     : Explicit concurrent mark sweep GC freed 23(752B) AllocSpace objects, 0(0B) LOS objects, 23% free, 51MB/67MB, paused 2.756ms total 72.537ms
08-06 15:33:50.800  1239  1581 I art     : Starting a blocking GC Explicit
08-06 15:33:50.868  1239  1581 I art     : Explicit concurrent mark sweep GC freed 3(96B) AllocSpace objects, 0(0B) LOS objects, 23% free, 51MB/67MB, paused 2.479ms total 67.648ms
08-06 15:33:50.892  1239  1581 I art     : Starting a blocking GC Explicit
08-06 15:33:50.960  1239  1581 I art     : Explicit concurrent mark sweep GC freed 3(96B) AllocSpace objects, 0(0B) LOS objects, 23% free, 51MB/67MB, paused 2.525ms total 67.294ms
08-06 15:33:50.984  1239  1581 I art     : Starting a blocking GC Explicit
08-06 15:33:51.061  1239  1581 I art     : Explicit concurrent mark sweep GC freed 32(880B) AllocSpace objects, 0(0B) LOS objects, 23% free, 51MB/67MB, paused 3.204ms total 76.063ms
08-06 15:33:51.486  1239  1252 I art     : Starting a blocking GC Explicit
08-06 15:33:51.568  1239  1252 I art     : Explicit concurrent mark sweep GC freed 1382(82KB) AllocSpace objects, 1(20KB) LOS objects, 23% free, 51MB/67MB, paused 2.754ms total 81.743ms
08-06 15:33:51.594  1239  1252 I art     : Starting a blocking GC Explicit
08-06 15:33:51.661  1239  1252 I art     : Explicit concurrent mark sweep GC freed 23(752B) AllocSpace objects, 0(0B) LOS objects, 23% free, 51MB/67MB, paused 2.528ms total 67.166ms
08-06 15:33:51.685  1239  1252 I art     : Starting a blocking GC Explicit
08-06 15:33:51.753  1239  1252 I art     : Explicit concurrent mark sweep GC freed 3(96B) AllocSpace objects, 0(0B) LOS objects, 23% free, 51MB/67MB, paused 2.583ms total 67.196ms
08-06 15:33:51.776  1239  1252 I art     : Starting a blocking GC Explicit
08-06 15:33:51.853  1239  1252 I art     : Explicit concurrent mark sweep GC freed 3(96B) AllocSpace objects, 0(0B) LOS objects, 23% free, 51MB/67MB, paused 2.740ms total 76.202ms
08-06 15:33:51.883  1239  1252 I art     : Starting a blocking GC Explicit
08-06 15:33:51.955  1239  1252 I art     : Explicit concurrent mark sweep GC freed 3(96B) AllocSpace objects, 0(0B) LOS objects, 23% free, 51MB/67MB, paused 2.640ms total 71.293ms
08-06 15:33:52.385  1239  1251 I art     : Starting a blocking GC Explicit
08-06 15:33:52.452  1239  1251 I art     : Explicit concurrent mark sweep GC freed 1411(81KB) AllocSpace objects, 1(20KB) LOS objects, 23% free, 51MB/67MB, paused 2.629ms total 66.224ms
08-06 15:33:52.475  1239  1251 I art     : Starting a blocking GC Explicit
08-06 15:33:52.539  1239  1251 I art     : Explicit concurrent mark sweep GC freed 23(752B) AllocSpace objects, 0(0B) LOS objects, 23% free, 51MB/67MB, paused 2.691ms total 64.242ms
08-06 15:33:52.562  1239  1251 I art     : Starting a blocking GC Explicit
08-06 15:33:52.571   518   646 I ThermalEngine: ACTION: GPU - Setting GPU[0] to 450000000
08-06 15:33:52.614  1239  1251 I art     : Explicit concurrent mark sweep GC freed 3(96B) AllocSpace objects, 0(0B) LOS objects, 23% free, 51MB/67MB, paused 1.765ms total 52.104ms
08-06 15:33:52.629  1239  1251 I art     : Starting a blocking GC Explicit
08-06 15:33:52.681  1239  1251 I art     : Explicit concurrent mark sweep GC freed 3(96B) AllocSpace objects, 0(0B) LOS objects, 23% free, 51MB/67MB, paused 1.603ms total 51.339ms
08-06 15:33:52.696  1239  1251 I art     : Starting a blocking GC Explicit
08-06 15:33:52.747  1239  1251 I art     : Explicit concurrent mark sweep GC freed 3(96B) AllocSpace objects, 0(0B) LOS objects, 23% free, 51MB/67MB, paused 1.622ms total 50.741ms
08-06 15:33:52.810  4108  4108 D AndroidRuntime: >>>>>> START com.android.internal.os.RuntimeInit uid 2000 <<<<<<
08-06 15:33:52.816  4108  4108 D AndroidRuntime: CheckJNI is OFF
08-06 15:33:52.861  4108  4108 D ICU     : No timezone override file found: /data/misc/zoneinfo/current/icu/icu_tzdata.dat
08-06 15:33:52.905  4108  4108 I Radio-JNI: register_android_hardware_Radio DONE
08-06 15:33:52.934  4108  4108 D AndroidRuntime: Calling main entry com.android.commands.input.Input
08-06 15:33:52.936  4108  4108 I Input   : injectKeyEvent: KeyEvent { action=ACTION_DOWN, keyCode=KEYCODE_BACK, scanCode=0, metaState=0, flags=0x0, repeatCount=0, eventTime=891249349, downTime=891249349, deviceId=-1, source=0x101 }
08-06 15:33:52.944  4108  4108 I Input   : injectKeyEvent: KeyEvent { action=ACTION_UP, keyCode=KEYCODE_BACK, scanCode=0, metaState=0, flags=0x0, repeatCount=0, eventTime=891249349, downTime=891249349, deviceId=-1, source=0x101 }
08-06 15:33:52.965  1239  1239 D ItemlistFragment: onEventMainThread() called with: event = [DownloadEvent{update=DownloaderUpdate{downloaders=[], feedIds=[], mediaIds=[]}}]
08-06 15:33:52.967  1239  1261 D DBReader: getFeed() called with: feedId = [2]
08-06 15:33:52.967  4108  4108 D AndroidRuntime: Shutting down VM
08-06 15:33:52.968  1239  1261 D DBReader: getFeedItemList() called with: feed = [baseline.de.danoeh.antennapod.core.feed.Feed@2]
08-06 15:33:52.969   918  3263 D ConnectivityService: releasing NetworkRequest NetworkRequest [ id=4062, legacyType=-1, [ Capabilities: INTERNET&NOT_RESTRICTED&TRUSTED] ]
08-06 15:33:52.993  1239  1239 D FeedMenuHandler: Preparing options menu
08-06 15:33:53.056  1239  2160 D ApOkHttpUrlLoader: buildLoadData() called with: model = [http://static.libsyn.com/p/assets/7/1/f/3/71f3014e14ef2722/JREiTunesImage2.jpg], width = [1440], height = [462]
08-06 15:33:53.080  1239  1261 W PodDBAdapter: Length of id array is larger than 800. Creating multiple cursors
08-06 15:33:53.081 13866 13866 I GoogleInputMethodServic: GoogleInputMethodService.onFinishInput():3138 
08-06 15:33:53.082 13866 13866 I GoogleInputMethodServic: GoogleInputMethodService.onStartInput():1808 
08-06 15:33:53.120  1239  1252 I art     : Starting a blocking GC Explicit
08-06 15:33:53.171  1239  1261 D DBReader: getFavoriteIDList() called
08-06 15:33:53.172  1239  1261 D DBReader: getQueueIDList() called
08-06 15:33:53.173  1239  1261 D DBReader: Extracting Feedlist
08-06 15:33:53.180  1239  2160 D ApOkHttpUrlLoader: buildLoadData() called with: model = [http://static.libsyn.com/p/assets/7/1/f/3/71f3014e14ef2722/JREiTunesImage2.jpg], width = [1440], height = [462]
08-06 15:33:53.182  1239  1252 I art     : Explicit concurrent mark sweep GC freed 13594(634KB) AllocSpace objects, 3(64KB) LOS objects, 21% free, 59MB/75MB, paused 3.438ms total 62.469ms
08-06 15:33:53.199  1239  1252 I art     : Starting a blocking GC Explicit
08-06 15:33:53.206  1239  1239 D FeedMenuHandler: Preparing options menu
08-06 15:33:53.221 29768 29768 I ServiceManager: Waiting for service AtCmdFwd...
08-06 15:33:53.252  1239  1252 I art     : Explicit concurrent mark sweep GC freed 34527(2MB) AllocSpace objects, 6(3MB) LOS objects, 22% free, 54MB/70MB, paused 1.781ms total 52.772ms
08-06 15:33:53.266  1239  1252 I art     : Starting a blocking GC Explicit
08-06 15:33:53.313  1239  1252 I art     : Explicit concurrent mark sweep GC freed 760(47KB) AllocSpace objects, 0(0B) LOS objects, 22% free, 53MB/69MB, paused 1.540ms total 46.375ms
08-06 15:33:53.327  1239  1252 I art     : Starting a blocking GC Explicit
08-06 15:33:53.380  1239  1252 I art     : Explicit concurrent mark sweep GC freed 644(42KB) AllocSpace objects, 0(0B) LOS objects, 22% free, 53MB/69MB, paused 1.691ms total 52.499ms
08-06 15:33:53.395  1239  1252 I art     : Starting a blocking GC Explicit
08-06 15:33:53.444  1239  1252 I art     : Explicit concurrent mark sweep GC freed 3(96B) AllocSpace objects, 0(0B) LOS objects, 22% free, 53MB/69MB, paused 1.503ms total 48.416ms
08-06 15:33:53.821  1239  1251 I art     : Starting a blocking GC Explicit
08-06 15:33:53.881  1239  1251 I art     : Explicit concurrent mark sweep GC freed 1503(89KB) AllocSpace objects, 1(20KB) LOS objects, 22% free, 53MB/69MB, paused 1.463ms total 59.697ms
08-06 15:33:53.896  1239  1251 I art     : Starting a blocking GC Explicit
08-06 15:33:53.949  1239  1251 I art     : Explicit concurrent mark sweep GC freed 64(3KB) AllocSpace objects, 0(0B) LOS objects, 22% free, 53MB/69MB, paused 1.434ms total 52.770ms
08-06 15:33:53.965  1239  1251 I art     : Starting a blocking GC Explicit
08-06 15:33:54.012  1239  1251 I art     : Explicit concurrent mark sweep GC freed 32(880B) AllocSpace objects, 0(0B) LOS objects, 22% free, 53MB/69MB, paused 1.422ms total 47.003ms
08-06 15:33:54.028  1239  1251 I art     : Starting a blocking GC Explicit
08-06 15:33:54.078  1239  1251 I art     : Explicit concurrent mark sweep GC freed 3(96B) AllocSpace objects, 0(0B) LOS objects, 22% free, 53MB/69MB, paused 1.576ms total 50.615ms
08-06 15:33:54.094  1239  1251 I art     : Starting a blocking GC Explicit
08-06 15:33:54.147  1239  1251 I art     : Explicit concurrent mark sweep GC freed 3(96B) AllocSpace objects, 0(0B) LOS objects, 22% free, 53MB/69MB, paused 1.434ms total 52.864ms
08-06 15:33:54.222 29768 29768 I ServiceManager: Waiting for service AtCmdFwd...
08-06 15:33:54.499  1239  3042 I art     : Starting a blocking GC Explicit
08-06 15:33:54.553  1239  3042 I art     : Explicit concurrent mark sweep GC freed 1382(83KB) AllocSpace objects, 1(20KB) LOS objects, 22% free, 53MB/69MB, paused 1.491ms total 53.653ms
08-06 15:33:54.568  1239  3042 I art     : Starting a blocking GC Explicit
08-06 15:33:54.625  1239  3042 I art     : Explicit concurrent mark sweep GC freed 28(912B) AllocSpace objects, 0(0B) LOS objects, 22% free, 53MB/69MB, paused 1.332ms total 56.467ms
08-06 15:33:54.640  1239  3042 I art     : Starting a blocking GC Explicit
08-06 15:33:54.687  1239  3042 I art     : Explicit concurrent mark sweep GC freed 11(352B) AllocSpace objects, 0(0B) LOS objects, 22% free, 53MB/69MB, paused 1.460ms total 46.769ms
08-06 15:33:54.703  1239  3042 I art     : Starting a blocking GC Explicit
08-06 15:33:54.751  4148  4148 D AndroidRuntime: >>>>>> START com.android.internal.os.RuntimeInit uid 2000 <<<<<<
08-06 15:33:54.752  1239  3042 I art     : Explicit concurrent mark sweep GC freed 11(352B) AllocSpace objects, 0(0B) LOS objects, 22% free, 53MB/69MB, paused 1.516ms total 49.337ms
08-06 15:33:54.757  4148  4148 D AndroidRuntime: CheckJNI is OFF
08-06 15:33:54.767  1239  3042 I art     : Starting a blocking GC Explicit
08-06 15:33:54.800  4148  4148 D ICU     : No timezone override file found: /data/misc/zoneinfo/current/icu/icu_tzdata.dat
08-06 15:33:54.815  1239  3042 I art     : Explicit concurrent mark sweep GC freed 9(288B) AllocSpace objects, 0(0B) LOS objects, 22% free, 53MB/69MB, paused 1.587ms total 46.945ms
08-06 15:33:54.843  4148  4148 I Radio-JNI: register_android_hardware_Radio DONE
08-06 15:33:54.871  4148  4148 D AndroidRuntime: Calling main entry com.android.commands.input.Input
08-06 15:33:54.873  4148  4148 I Input   : injectMotionEvent: MotionEvent { action=ACTION_DOWN, actionButton=0, id[0]=0, x[0]=103.0, y[0]=192.0, toolType[0]=TOOL_TYPE_UNKNOWN, buttonState=0, metaState=0, flags=0x0, edgeFlags=0x0, pointerCount=1, historySize=0, eventTime=891251286, downTime=891251286, deviceId=0, source=0x1002 }
08-06 15:33:54.880  4148  4148 I Input   : injectMotionEvent: MotionEvent { action=ACTION_UP, actionButton=0, id[0]=0, x[0]=103.0, y[0]=192.0, toolType[0]=TOOL_TYPE_UNKNOWN, buttonState=0, metaState=0, flags=0x0, edgeFlags=0x0, pointerCount=1, historySize=0, eventTime=891251286, downTime=891251286, deviceId=0, source=0x1002 }
08-06 15:33:54.883  4148  4148 D AndroidRuntime: Shutting down VM
08-06 15:33:54.902   512  2967 D audio_hw_primary: out_set_parameters: enter: usecase(1: low-latency-playback) kvpairs: routing=2
08-06 15:33:54.915   512  2967 D audio_hw_primary: select_devices: out_snd_device(2: speaker) in_snd_device(0: none)
08-06 15:33:54.915   512  2967 D msm8974_platform: platform_send_audio_calibration: sending audio calibration for snd_device(2) acdb_id(15)
08-06 15:33:54.916   512  2967 I soundtrigger: audio_extn_sound_trigger_update_device_status: device 0x2 of type 0 for Event 1
08-06 15:33:54.933   512  2967 D audio_hw_primary: enable_snd_device: snd_device(2: speaker)
08-06 15:33:54.935   512  2967 D audio_hw_primary: enable_audio_route: apply and update mixer path: low-latency-playback speaker
08-06 15:33:55.143  1239  1252 I art     : Starting a blocking GC Explicit
08-06 15:33:55.195  1239  1252 I art     : Explicit concurrent mark sweep GC freed 1834(104KB) AllocSpace objects, 1(20KB) LOS objects, 22% free, 53MB/69MB, paused 1.414ms total 51.493ms
08-06 15:33:55.210  1239  1252 I art     : Starting a blocking GC Explicit
08-06 15:33:55.222 29768 29768 I ServiceManager: Waiting for service AtCmdFwd...
08-06 15:33:55.261  1239  1252 I art     : Explicit concurrent mark sweep GC freed 37(1360B) AllocSpace objects, 0(0B) LOS objects, 22% free, 53MB/69MB, paused 1.452ms total 50.165ms
08-06 15:33:55.276  1239  1252 I art     : Starting a blocking GC Explicit
08-06 15:33:55.327  1239  1252 I art     : Explicit concurrent mark sweep GC freed 11(384B) AllocSpace objects, 0(0B) LOS objects, 22% free, 53MB/69MB, paused 1.545ms total 50.763ms
08-06 15:33:55.344  1239  1252 I art     : Starting a blocking GC Explicit
08-06 15:33:55.397  1239  1252 I art     : Explicit concurrent mark sweep GC freed 21(976B) AllocSpace objects, 0(0B) LOS objects, 22% free, 53MB/69MB, paused 1.380ms total 53.405ms
08-06 15:33:55.413  1239  1252 I art     : Starting a blocking GC Explicit
08-06 15:33:55.462  1239  1252 I art     : Explicit concurrent mark sweep GC freed 11(352B) AllocSpace objects, 0(0B) LOS objects, 22% free, 53MB/69MB, paused 1.389ms total 49.433ms
08-06 15:33:55.469   512  2967 D audio_hw_primary: disable_audio_route: reset and update mixer path: low-latency-playback speaker
08-06 15:33:55.470   512  2967 D audio_hw_primary: disable_snd_device: snd_device(2: speaker)
08-06 15:33:55.478   512  2967 I soundtrigger: audio_extn_sound_trigger_update_device_status: device 0x2 of type 0 for Event 0
08-06 15:33:55.828  1239  1581 I art     : Starting a blocking GC Explicit
08-06 15:33:55.894  1239  1581 I art     : Explicit concurrent mark sweep GC freed 2084(107KB) AllocSpace objects, 1(20KB) LOS objects, 22% free, 53MB/69MB, paused 1.550ms total 65.298ms
08-06 15:33:55.912  1239  1581 I art     : Starting a blocking GC Explicit
08-06 15:33:55.965  1239  1581 I art     : Explicit concurrent mark sweep GC freed 25(816B) AllocSpace objects, 0(0B) LOS objects, 22% free, 53MB/69MB, paused 1.446ms total 52.031ms
08-06 15:33:55.980  1239  1581 I art     : Starting a blocking GC Explicit
08-06 15:33:56.033  1239  1581 I art     : Explicit concurrent mark sweep GC freed 32(880B) AllocSpace objects, 0(0B) LOS objects, 22% free, 53MB/69MB, paused 1.457ms total 52.574ms
08-06 15:33:56.048  1239  1581 I art     : Starting a blocking GC Explicit
08-06 15:33:56.099  1239  1581 I art     : Explicit concurrent mark sweep GC freed 3(96B) AllocSpace objects, 0(0B) LOS objects, 22% free, 53MB/69MB, paused 1.468ms total 50.501ms
08-06 15:33:56.114  1239  1581 I art     : Starting a blocking GC Explicit
08-06 15:33:56.162  1239  1581 I art     : Explicit concurrent mark sweep GC freed 3(96B) AllocSpace objects, 0(0B) LOS objects, 22% free, 53MB/69MB, paused 1.376ms total 47.542ms
08-06 15:33:56.223 29768 29768 I ServiceManager: Waiting for service AtCmdFwd...
08-06 15:33:56.513  1239  3042 I art     : Starting a blocking GC Explicit
08-06 15:33:56.573  1239  3042 I art     : Explicit concurrent mark sweep GC freed 2275(113KB) AllocSpace objects, 1(20KB) LOS objects, 22% free, 53MB/69MB, paused 1.576ms total 59.803ms
08-06 15:33:56.588  1239  3042 I art     : Starting a blocking GC Explicit
08-06 15:33:56.635  1239  3042 I art     : Explicit concurrent mark sweep GC freed 30(976B) AllocSpace objects, 0(0B) LOS objects, 22% free, 53MB/69MB, paused 1.455ms total 46.389ms
08-06 15:33:56.650  1239  3042 I art     : Starting a blocking GC Explicit
08-06 15:33:56.666  4196  4196 D AndroidRuntime: >>>>>> START com.android.internal.os.RuntimeInit uid 2000 <<<<<<
08-06 15:33:56.671  4196  4196 D AndroidRuntime: CheckJNI is OFF
08-06 15:33:56.698  1239  3042 I art     : Explicit concurrent mark sweep GC freed 9(288B) AllocSpace objects, 0(0B) LOS objects, 22% free, 53MB/69MB, paused 1.450ms total 48.045ms
08-06 15:33:56.712  1239  3042 I art     : Starting a blocking GC Explicit
08-06 15:33:56.716  4196  4196 D ICU     : No timezone override file found: /data/misc/zoneinfo/current/icu/icu_tzdata.dat
08-06 15:33:56.758  1239  3042 I art     : Explicit concurrent mark sweep GC freed 11(352B) AllocSpace objects, 0(0B) LOS objects, 22% free, 53MB/69MB, paused 1.490ms total 45.104ms
08-06 15:33:56.766  4196  4196 I Radio-JNI: register_android_hardware_Radio DONE
08-06 15:33:56.772  1239  3042 I art     : Starting a blocking GC Explicit
08-06 15:33:56.795  4196  4196 D AndroidRuntime: Calling main entry com.android.commands.input.Input
08-06 15:33:56.798  4196  4196 I Input   : injectMotionEvent: MotionEvent { action=ACTION_DOWN, actionButton=0, id[0]=0, x[0]=409.0, y[0]=1034.0, toolType[0]=TOOL_TYPE_UNKNOWN, buttonState=0, metaState=0, flags=0x0, edgeFlags=0x0, pointerCount=1, historySize=0, eventTime=891253210, downTime=891253210, deviceId=0, source=0x1002 }
08-06 15:33:56.802  4196  4196 I Input   : injectMotionEvent: MotionEvent { action=ACTION_UP, actionButton=0, id[0]=0, x[0]=409.0, y[0]=1034.0, toolType[0]=TOOL_TYPE_UNKNOWN, buttonState=0, metaState=0, flags=0x0, edgeFlags=0x0, pointerCount=1, historySize=0, eventTime=891253210, downTime=891253210, deviceId=0, source=0x1002 }
08-06 15:33:56.804  4196  4196 D AndroidRuntime: Shutting down VM
08-06 15:33:56.818  1239  3042 I art     : Explicit concurrent mark sweep GC freed 27(832B) AllocSpace objects, 0(0B) LOS objects, 22% free, 53MB/69MB, paused 1.475ms total 45.726ms
08-06 15:33:56.869  1239  1239 D MainActivity: loadFragment(index: 5, args: null)
08-06 15:33:56.869  1239  1239 D MainActivity: loadFragment(tag: AddFeedFragment, args: null)
08-06 15:33:56.869  1239  1239 D MainActivity: saveLastNavFragment(tag: AddFeedFragment)
08-06 15:33:56.870  1239  1239 D MainActivity: getLastNavFragment() -> AddFeedFragment
08-06 15:33:56.871   512  2967 D audio_hw_primary: out_set_parameters: enter: usecase(1: low-latency-playback) kvpairs: routing=2
08-06 15:33:56.884   512  2967 D audio_hw_primary: select_devices: out_snd_device(2: speaker) in_snd_device(0: none)
08-06 15:33:56.884   512  2967 D msm8974_platform: platform_send_audio_calibration: sending audio calibration for snd_device(2) acdb_id(15)
08-06 15:33:56.884   512  2967 I soundtrigger: audio_extn_sound_trigger_update_device_status: device 0x2 of type 0 for Event 1
08-06 15:33:56.894   512  2967 D audio_hw_primary: enable_snd_device: snd_device(2: speaker)
08-06 15:33:56.896   512  2967 D audio_hw_primary: enable_audio_route: apply and update mixer path: low-latency-playback speaker
08-06 15:33:56.912 13866 13866 I GoogleInputMethodServic: GoogleInputMethodService.onFinishInput():3138 
08-06 15:33:56.913 13866 13866 I GoogleInputMethodServic: GoogleInputMethodService.onStartInput():1808 
08-06 15:33:57.158  1239  1251 I art     : Starting a blocking GC Explicit
08-06 15:33:57.215  1239  1251 I art     : Explicit concurrent mark sweep GC freed 3802(199KB) AllocSpace objects, 2(40KB) LOS objects, 22% free, 53MB/69MB, paused 1.609ms total 55.920ms
08-06 15:33:57.223 29768 29768 I ServiceManager: Waiting for service AtCmdFwd...
08-06 15:33:57.230  1239  1251 I art     : Starting a blocking GC Explicit
08-06 15:33:57.272  1239  1251 I art     : Explicit concurrent mark sweep GC freed 31423(2MB) AllocSpace objects, 9(3MB) LOS objects, 24% free, 48MB/64MB, paused 1.416ms total 41.383ms
08-06 15:33:57.284  1239  1251 I art     : Starting a blocking GC Explicit
08-06 15:33:57.305 13866 13866 I GoogleInputMethodServic: GoogleInputMethodService.onFinishInput():3138 
08-06 15:33:57.306 13866 13866 I GoogleInputMethodServic: GoogleInputMethodService.onStartInput():1808 
08-06 15:33:57.320  1239  1251 I art     : Explicit concurrent mark sweep GC freed 239(8KB) AllocSpace objects, 0(0B) LOS objects, 24% free, 48MB/64MB, paused 1.332ms total 36.539ms
08-06 15:33:57.333  1239  1251 I art     : Starting a blocking GC Explicit
08-06 15:33:57.368  1239  1251 I art     : Explicit concurrent mark sweep GC freed 52(2640B) AllocSpace objects, 0(0B) LOS objects, 24% free, 48MB/64MB, paused 1.349ms total 34.908ms
08-06 15:33:57.380  1239  1251 I art     : Starting a blocking GC Explicit
08-06 15:33:57.417  1239  1251 I art     : Explicit concurrent mark sweep GC freed 62(4KB) AllocSpace objects, 0(0B) LOS objects, 24% free, 48MB/64MB, paused 1.361ms total 37.719ms
08-06 15:33:57.430   512  2967 D audio_hw_primary: disable_audio_route: reset and update mixer path: low-latency-playback speaker
08-06 15:33:57.431   512  2967 D audio_hw_primary: disable_snd_device: snd_device(2: speaker)
08-06 15:33:57.439   512  2967 I soundtrigger: audio_extn_sound_trigger_update_device_status: device 0x2 of type 0 for Event 0
08-06 15:33:57.782  1239  3042 I art     : Starting a blocking GC Explicit
08-06 15:33:57.824  1239  3042 I art     : Explicit concurrent mark sweep GC freed 1382(83KB) AllocSpace objects, 1(20KB) LOS objects, 24% free, 48MB/64MB, paused 1.435ms total 42.184ms
08-06 15:33:57.838  1239  3042 I art     : Starting a blocking GC Explicit
08-06 15:33:57.877  1239  3042 I art     : Explicit concurrent mark sweep GC freed 27(880B) AllocSpace objects, 0(0B) LOS objects, 24% free, 48MB/64MB, paused 1.467ms total 39.381ms
08-06 15:33:57.890  1239  3042 I art     : Starting a blocking GC Explicit
08-06 15:33:57.931  1239  3042 I art     : Explicit concurrent mark sweep GC freed 3(96B) AllocSpace objects, 0(0B) LOS objects, 24% free, 48MB/64MB, paused 1.568ms total 40.818ms
08-06 15:33:57.944  1239  3042 I art     : Starting a blocking GC Explicit
08-06 15:33:57.985  1239  3042 I art     : Explicit concurrent mark sweep GC freed 3(96B) AllocSpace objects, 0(0B) LOS objects, 24% free, 48MB/64MB, paused 1.400ms total 40.785ms
08-06 15:33:57.998  1239  3042 I art     : Starting a blocking GC Explicit
08-06 15:33:58.039  1239  3042 I art     : Explicit concurrent mark sweep GC freed 32(880B) AllocSpace objects, 0(0B) LOS objects, 24% free, 48MB/64MB, paused 1.403ms total 40.274ms
08-06 15:33:58.224 29768 29768 W Atfwd_Sendcmd: AtCmdFwd service not published, waiting... retryCnt : 2
08-06 15:33:58.382  1239  1581 I art     : Starting a blocking GC Explicit
08-06 15:33:58.427  1239  1581 I art     : Explicit concurrent mark sweep GC freed 1380(81KB) AllocSpace objects, 1(20KB) LOS objects, 24% free, 48MB/64MB, paused 1.482ms total 44.731ms
08-06 15:33:58.440  1239  1581 I art     : Starting a blocking GC Explicit
08-06 15:33:58.480  1239  1581 I art     : Explicit concurrent mark sweep GC freed 23(752B) AllocSpace objects, 0(0B) LOS objects, 24% free, 48MB/64MB, paused 1.399ms total 40.412ms
08-06 15:33:58.493  1239  1581 I art     : Starting a blocking GC Explicit
08-06 15:33:58.535  1239  1581 I art     : Explicit concurrent mark sweep GC freed 22(1104B) AllocSpace objects, 0(0B) LOS objects, 24% free, 48MB/64MB, paused 1.647ms total 41.890ms
08-06 15:33:58.548  1239  1581 I art     : Starting a blocking GC Explicit
08-06 15:33:58.590   518   646 I ThermalEngine: ACTION: GPU - Setting GPU[0] to 390000000
08-06 15:33:58.603  4240  4240 D AndroidRuntime: >>>>>> START com.android.internal.os.RuntimeInit uid 2000 <<<<<<
08-06 15:33:58.618  4240  4240 D AndroidRuntime: CheckJNI is OFF
08-06 15:33:58.622  1239  1581 I art     : Explicit concurrent mark sweep GC freed 20(672B) AllocSpace objects, 0(0B) LOS objects, 24% free, 48MB/64MB, paused 3.015ms total 73.974ms
08-06 15:33:58.646  1239  1581 I art     : Starting a blocking GC Explicit
08-06 15:33:58.684  4240  4240 D ICU     : No timezone override file found: /data/misc/zoneinfo/current/icu/icu_tzdata.dat
08-06 15:33:58.697  1239  1581 I art     : Explicit concurrent mark sweep GC freed 11(352B) AllocSpace objects, 0(0B) LOS objects, 24% free, 48MB/64MB, paused 2.479ms total 51.005ms
08-06 15:33:58.735  4240  4240 I Radio-JNI: register_android_hardware_Radio DONE
08-06 15:33:58.767  4240  4240 D AndroidRuntime: Calling main entry com.android.commands.input.Input
08-06 15:33:58.770  4240  4240 I Input   : injectMotionEvent: MotionEvent { action=ACTION_DOWN, actionButton=0, id[0]=0, x[0]=603.0, y[0]=1061.0, toolType[0]=TOOL_TYPE_UNKNOWN, buttonState=0, metaState=0, flags=0x0, edgeFlags=0x0, pointerCount=1, historySize=0, eventTime=891255182, downTime=891255182, deviceId=0, source=0x1002 }
08-06 15:33:58.774  4240  4240 I Input   : injectMotionEvent: MotionEvent { action=ACTION_UP, actionButton=0, id[0]=0, x[0]=603.0, y[0]=1061.0, toolType[0]=TOOL_TYPE_UNKNOWN, buttonState=0, metaState=0, flags=0x0, edgeFlags=0x0, pointerCount=1, historySize=0, eventTime=891255182, downTime=891255182, deviceId=0, source=0x1002 }
08-06 15:33:58.776  4240  4240 D AndroidRuntime: Shutting down VM
08-06 15:33:58.790   512  2967 D audio_hw_primary: out_set_parameters: enter: usecase(1: low-latency-playback) kvpairs: routing=2
08-06 15:33:58.803   512  2967 D audio_hw_primary: select_devices: out_snd_device(2: speaker) in_snd_device(0: none)
08-06 15:33:58.804   512  2967 D msm8974_platform: platform_send_audio_calibration: sending audio calibration for snd_device(2) acdb_id(15)
08-06 15:33:58.804   512  2967 I soundtrigger: audio_extn_sound_trigger_update_device_status: device 0x2 of type 0 for Event 1
08-06 15:33:58.814   512  2967 D audio_hw_primary: enable_snd_device: snd_device(2: speaker)
08-06 15:33:58.817   512  2967 D audio_hw_primary: enable_audio_route: apply and update mixer path: low-latency-playback speaker
08-06 15:33:58.899 13866 13866 I GoogleInputMethodServic: GoogleInputMethodService.onFinishInput():3138 
08-06 15:33:58.901 13866 13866 I GoogleInputMethodServic: GoogleInputMethodService.onStartInput():1808 
08-06 15:33:59.082  1239  1252 I art     : Starting a blocking GC Explicit
08-06 15:33:59.138  1239  1252 I art     : Explicit concurrent mark sweep GC freed 4900(344KB) AllocSpace objects, 1(20KB) LOS objects, 24% free, 49MB/65MB, paused 2.611ms total 55.569ms
08-06 15:33:59.158  1239  1252 I art     : Starting a blocking GC Explicit
08-06 15:33:59.210  1239  1252 I art     : Explicit concurrent mark sweep GC freed 1815(90KB) AllocSpace objects, 1(220KB) LOS objects, 24% free, 49MB/65MB, paused 2.907ms total 51.790ms
08-06 15:33:59.229  1239  1252 I art     : Starting a blocking GC Explicit
08-06 15:33:59.281  1239  1252 I art     : Explicit concurrent mark sweep GC freed 49(1824B) AllocSpace objects, 0(0B) LOS objects, 24% free, 49MB/65MB, paused 2.393ms total 51.371ms
08-06 15:33:59.300  1239  1252 I art     : Starting a blocking GC Explicit
08-06 15:33:59.352  1239  1252 I art     : Explicit concurrent mark sweep GC freed 42(1584B) AllocSpace objects, 0(0B) LOS objects, 24% free, 49MB/65MB, paused 2.650ms total 51.567ms
08-06 15:33:59.359   512  2967 D audio_hw_primary: disable_audio_route: reset and update mixer path: low-latency-playback speaker
08-06 15:33:59.360   512  2967 D audio_hw_primary: disable_snd_device: snd_device(2: speaker)
08-06 15:33:59.369   512  2967 I soundtrigger: audio_extn_sound_trigger_update_device_status: device 0x2 of type 0 for Event 0
08-06 15:33:59.370  1239  1252 I art     : Starting a blocking GC Explicit
08-06 15:33:59.423  1239  1252 I art     : Explicit concurrent mark sweep GC freed 45(1744B) AllocSpace objects, 0(0B) LOS objects, 24% free, 49MB/65MB, paused 2.839ms total 52.190ms
08-06 15:33:59.709  1239  4268 I NAPPA_EXPERIMENTATION: MetricNetworkRequestExecutionTime: REQUEST_DURATION_SYSTEM='825',REQUEST_DURATION_OKHTTP='35',REQUEST_SYNCHRONOUS='TRUE',RESPONSE_CODE='200',RESPONSE_METHOD='GET',RESPONSE_LENGTH_OKHTTP='37507',RESPONSE_LENGTH_HEADER='37507',REQUEST_PROTOCOL='http/1.1',REQUEST_URL='https://gpodder.net/toplist/50.json',
08-06 15:33:59.736  1239  4271 I NAPPA_EXPERIMENTATION: MetricNetworkRequestExecutionTime: REQUEST_DURATION_SYSTEM='854',REQUEST_DURATION_OKHTTP='58',REQUEST_SYNCHRONOUS='TRUE',RESPONSE_CODE='200',RESPONSE_METHOD='GET',RESPONSE_LENGTH_OKHTTP='2923',RESPONSE_LENGTH_HEADER='2923',REQUEST_PROTOCOL='http/1.1',REQUEST_URL='https://gpodder.net/api/2/tags/50.json',
08-06 15:33:59.775  1239  2160 D ApOkHttpUrlLoader: buildLoadData() called with: model = [http://sixgun.org/files/linuxoutlaws.jpg], width = [224], height = [224]
08-06 15:33:59.785  1239  1987 D DBReader: getImageAuthentication() called with: imageUrl = [http://sixgun.org/files/linuxoutlaws.jpg]
08-06 15:33:59.789  1239  1987 D ApOkHttpUrlLoader: no credentials for 'http://sixgun.org/files/linuxoutlaws.jpg'
08-06 15:33:59.798  1239  2160 D ApOkHttpUrlLoader: buildLoadData() called with: model = [https://files.thisamericanlife.org/sites/all/themes/thislife/img/tal-name-1400x1400.png], width = [224], height = [224]
08-06 15:33:59.800  1239  1980 D DBReader: getImageAuthentication() called with: imageUrl = [https://files.thisamericanlife.org/sites/all/themes/thislife/img/tal-name-1400x1400.png]
08-06 15:33:59.805  1239  1980 D ApOkHttpUrlLoader: no credentials for 'https://files.thisamericanlife.org/sites/all/themes/thislife/img/tal-name-1400x1400.png'
08-06 15:33:59.807  1239  2160 D ApOkHttpUrlLoader: buildLoadData() called with: model = [https://elroy.twit.tv/sites/default/files/styles/twit_album_art_2048x2048/public/images/shows/floss_weekly/album_art/audio/floss_albumart_mask.jpg?itok=IUjxKpwt], width = [224], height = [224]
08-06 15:33:59.810  1239  1982 D DBReader: getImageAuthentication() called with: imageUrl = [https://elroy.twit.tv/sites/default/files/styles/twit_album_art_2048x2048/public/images/shows/floss_weekly/album_art/audio/floss_albumart_mask.jpg?itok=IUjxKpwt]
08-06 15:33:59.814  1239  1982 D ApOkHttpUrlLoader: no credentials for 'https://elroy.twit.tv/sites/default/files/styles/twit_album_art_2048x2048/public/images/shows/floss_weekly/album_art/audio/floss_albumart_mask.jpg?itok=IUjxKpwt'
08-06 15:33:59.815  1239  3042 I art     : Starting a blocking GC Explicit
08-06 15:33:59.818  1239  2160 D ApOkHttpUrlLoader: buildLoadData() called with: model = [http://ichef.bbci.co.uk/images/ic/3000x3000/p07kfvzb.jpg], width = [224], height = [224]
08-06 15:33:59.820  1239  1984 D DBReader: getImageAuthentication() called with: imageUrl = [http://ichef.bbci.co.uk/images/ic/3000x3000/p07kfvzb.jpg]
08-06 15:33:59.824  1239  1984 D ApOkHttpUrlLoader: no credentials for 'http://ichef.bbci.co.uk/images/ic/3000x3000/p07kfvzb.jpg'
08-06 15:33:59.828  1239  2160 D ApOkHttpUrlLoader: buildLoadData() called with: model = [https://pl.tedcdn.com/rss_feed_images/ted_talks_main_podcast/video.png], width = [224], height = [224]
08-06 15:33:59.830  1239  1988 D DBReader: getImageAuthentication() called with: imageUrl = [https://pl.tedcdn.com/rss_feed_images/ted_talks_main_podcast/video.png]
08-06 15:33:59.834  1239  1988 D ApOkHttpUrlLoader: no credentials for 'https://pl.tedcdn.com/rss_feed_images/ted_talks_main_podcast/video.png'
08-06 15:33:59.837  1239  1987 D DBWriter: updateFeedDownloadURL(original: http://sixgun.org/files/linuxoutlaws.jpg, updated: https://fab.industries/sixgun/files/linuxoutlaws.jpg)
08-06 15:33:59.838  1239  2160 D ApOkHttpUrlLoader: buildLoadData() called with: model = [https://elroy.twit.tv/sites/default/files/styles/twit_album_art_2048x2048/public/images/shows/this_week_in_tech/album_art/audio/twit1400audio.jpg?itok=J0vhatZb], width = [224], height = [224]
08-06 15:33:59.847  1239  2160 D ApOkHttpUrlLoader: buildLoadData() called with: model = [http://ichef.bbci.co.uk/images/ic/3000x3000/p03gtk3j.jpg], width = [224], height = [224]
08-06 15:33:59.848  1239  1986 D DBReader: getImageAuthentication() called with: imageUrl = [https://elroy.twit.tv/sites/default/files/styles/twit_album_art_2048x2048/public/images/shows/this_week_in_tech/album_art/audio/twit1400audio.jpg?itok=J0vhatZb]
08-06 15:33:59.855  1239  1986 D ApOkHttpUrlLoader: no credentials for 'https://elroy.twit.tv/sites/default/files/styles/twit_album_art_2048x2048/public/images/shows/this_week_in_tech/album_art/audio/twit1400audio.jpg?itok=J0vhatZb'
08-06 15:33:59.857  1239  1989 D DBReader: getImageAuthentication() called with: imageUrl = [http://ichef.bbci.co.uk/images/ic/3000x3000/p03gtk3j.jpg]
08-06 15:33:59.861  1239  1989 D ApOkHttpUrlLoader: no credentials for 'http://ichef.bbci.co.uk/images/ic/3000x3000/p03gtk3j.jpg'
08-06 15:33:59.875  1239  3042 I art     : Explicit concurrent mark sweep GC freed 11961(753KB) AllocSpace objects, 4(212KB) LOS objects, 24% free, 49MB/65MB, paused 3.283ms total 60.287ms
08-06 15:33:59.892  1239  3042 I art     : Starting a blocking GC Explicit
08-06 15:33:59.908  1239  1984 D MYTAG   : interceptor 2a
08-06 15:33:59.908  1239  1984 I NAPPA_EXPERIMENTATION: MetricNetworkRequestExecutionTime: REQUEST_DURATION_SYSTEM='84',REQUEST_DURATION_OKHTTP='78',REQUEST_SYNCHRONOUS='TRUE',RESPONSE_CODE='200',RESPONSE_METHOD='GET',RESPONSE_LENGTH_OKHTTP='589826',RESPONSE_LENGTH_HEADER='589826',REQUEST_PROTOCOL='http/1.1',REQUEST_URL='http://ichef.bbci.co.uk/images/ic/3000x3000/p07kfvzb.jpg',
08-06 15:33:59.943  1239  3042 I art     : Explicit concurrent mark sweep GC freed 1392(96KB) AllocSpace objects, 0(0B) LOS objects, 24% free, 49MB/65MB, paused 2.682ms total 50.968ms
08-06 15:33:59.953  1239  1989 D MYTAG   : interceptor 2a
08-06 15:33:59.953  1239  1989 I NAPPA_EXPERIMENTATION: MetricNetworkRequestExecutionTime: REQUEST_DURATION_SYSTEM='92',REQUEST_DURATION_OKHTTP='80',REQUEST_SYNCHRONOUS='TRUE',RESPONSE_CODE='200',RESPONSE_METHOD='GET',RESPONSE_LENGTH_OKHTTP='814284',RESPONSE_LENGTH_HEADER='814284',REQUEST_PROTOCOL='http/1.1',REQUEST_URL='http://ichef.bbci.co.uk/images/ic/3000x3000/p03gtk3j.jpg',
08-06 15:33:59.961  1239  3042 I art     : Starting a blocking GC Explicit
08-06 15:34:00.012  1239  3042 I art     : Explicit concurrent mark sweep GC freed 411(28KB) AllocSpace objects, 0(0B) LOS objects, 24% free, 49MB/65MB, paused 2.797ms total 50.723ms
08-06 15:34:00.051  1239  3042 I art     : Starting a blocking GC Explicit
08-06 15:34:00.113  1239  3042 I art     : Explicit concurrent mark sweep GC freed 7110(298KB) AllocSpace objects, 0(0B) LOS objects, 24% free, 49MB/65MB, paused 2.848ms total 61.024ms
08-06 15:34:00.116  1239  1980 D MYTAG   : interceptor 2a
08-06 15:34:00.116  1239  1980 I NAPPA_EXPERIMENTATION: MetricNetworkRequestExecutionTime: REQUEST_DURATION_SYSTEM='311',REQUEST_DURATION_OKHTTP='54',REQUEST_SYNCHRONOUS='TRUE',RESPONSE_CODE='200',RESPONSE_METHOD='GET',RESPONSE_LENGTH_OKHTTP='52553',RESPONSE_LENGTH_HEADER='52553',REQUEST_PROTOCOL='http/1.1',REQUEST_URL='https://files.thisamericanlife.org/sites/all/themes/thislife/img/tal-name-1400x1400.png',
08-06 15:34:00.131  1239  3042 I art     : Starting a blocking GC Explicit
08-06 15:34:00.188  1239  3042 I art     : Explicit concurrent mark sweep GC freed 1400(118KB) AllocSpace objects, 0(0B) LOS objects, 24% free, 50MB/66MB, paused 3.306ms total 56.573ms
08-06 15:34:00.281  1239  1988 D MYTAG   : interceptor 2a
08-06 15:34:00.281  1239  1988 I NAPPA_EXPERIMENTATION: MetricNetworkRequestExecutionTime: REQUEST_DURATION_SYSTEM='447',REQUEST_DURATION_OKHTTP='221',REQUEST_SYNCHRONOUS='TRUE',RESPONSE_CODE='200',RESPONSE_METHOD='GET',RESPONSE_LENGTH_OKHTTP='89986',RESPONSE_LENGTH_HEADER='89986',REQUEST_PROTOCOL='h2',REQUEST_URL='https://pl.tedcdn.com/rss_feed_images/ted_talks_main_podcast/video.png',
08-06 15:34:00.285  1239  1982 D MYTAG   : interceptor 2a
08-06 15:34:00.285  1239  1982 I NAPPA_EXPERIMENTATION: MetricNetworkRequestExecutionTime: REQUEST_DURATION_SYSTEM='471',REQUEST_DURATION_OKHTTP='212',REQUEST_SYNCHRONOUS='TRUE',RESPONSE_CODE='200',RESPONSE_METHOD='GET',RESPONSE_LENGTH_OKHTTP='297964',RESPONSE_LENGTH_HEADER='297964',REQUEST_PROTOCOL='h2',REQUEST_URL='https://elroy.twit.tv/sites/default/files/styles/twit_album_art_2048x2048/public/images/shows/floss_weekly/album_art/audio/floss_albumart_mask.jpg?itok=IUjxKpwt',
08-06 15:34:00.361  1239  1986 D MYTAG   : interceptor 2a
08-06 15:34:00.362  1239  1986 I NAPPA_EXPERIMENTATION: MetricNetworkRequestExecutionTime: REQUEST_DURATION_SYSTEM='506',REQUEST_DURATION_OKHTTP='284',REQUEST_SYNCHRONOUS='TRUE',RESPONSE_CODE='200',RESPONSE_METHOD='GET',RESPONSE_LENGTH_OKHTTP='465707',RESPONSE_LENGTH_HEADER='465707',REQUEST_PROTOCOL='h2',REQUEST_URL='https://elroy.twit.tv/sites/default/files/styles/twit_album_art_2048x2048/public/images/shows/this_week_in_tech/album_art/audio/twit1400audio.jpg?itok=J0vhatZb',
08-06 15:34:00.377  1239  1987 D MYTAG   : interceptor 2a
08-06 15:34:00.377  1239  1987 I NAPPA_EXPERIMENTATION: MetricNetworkRequestExecutionTime: REQUEST_DURATION_SYSTEM='588',REQUEST_DURATION_OKHTTP='170',REQUEST_SYNCHRONOUS='TRUE',RESPONSE_CODE='404',RESPONSE_METHOD='GET',RESPONSE_LENGTH_OKHTTP='-1',RESPONSE_LENGTH_HEADER='1503',REQUEST_PROTOCOL='h2',REQUEST_URL='https://fab.industries/sixgun/files/linuxoutlaws.jpg',
08-06 15:34:00.380  1239  1239 W Glide   : Load failed for http://sixgun.org/files/linuxoutlaws.jpg with size [224x224]
08-06 15:34:00.380  1239  1239 W Glide   : class com.bumptech.glide.load.engine.GlideException: Failed to load resource
08-06 15:34:00.380  1239  1239 W Glide   : There was 1 cause:
08-06 15:34:00.380  1239  1239 W Glide   : com.bumptech.glide.load.HttpException()
08-06 15:34:00.380  1239  1239 W Glide   :  call GlideException#logRootCauses(String) for more detail
08-06 15:34:00.380  1239  1239 W Glide   :   Cause (1 of 1): class com.bumptech.glide.load.engine.GlideException: Fetching data failed, class java.io.InputStream, REMOTE
08-06 15:34:00.380  1239  1239 W Glide   : There was 1 cause:
08-06 15:34:00.380  1239  1239 W Glide   : com.bumptech.glide.load.HttpException()
08-06 15:34:00.380  1239  1239 W Glide   :  call GlideException#logRootCauses(String) for more detail
08-06 15:34:00.380  1239  1239 W Glide   :     Cause (1 of 1): class com.bumptech.glide.load.HttpException: 
08-06 15:34:00.380  1239  1239 I Glide   : Root cause (1 of 1)
08-06 15:34:00.380  1239  1239 I Glide   : com.bumptech.glide.load.HttpException: 
08-06 15:34:00.380  1239  1239 I Glide   : 	at com.bumptech.glide.integration.okhttp3.OkHttpStreamFetcher.onResponse(OkHttpStreamFetcher.java:73)
08-06 15:34:00.380  1239  1239 I Glide   : 	at okhttp3.RealCall$AsyncCall.execute(RealCall.java:174)
08-06 15:34:00.380  1239  1239 I Glide   : 	at okhttp3.internal.NamedRunnable.run(NamedRunnable.java:32)
08-06 15:34:00.380  1239  1239 I Glide   : 	at java.util.concurrent.ThreadPoolExecutor.runWorker(ThreadPoolExecutor.java:1113)
08-06 15:34:00.380  1239  1239 I Glide   : 	at java.util.concurrent.ThreadPoolExecutor$Worker.run(ThreadPoolExecutor.java:588)
08-06 15:34:00.380  1239  1239 I Glide   : 	at java.lang.Thread.run(Thread.java:818)
08-06 15:34:00.381  1239  1239 W Glide   : Load failed for http://sixgun.org/files/linuxoutlaws.jpg with size [224x224]
08-06 15:34:00.381  1239  1239 W Glide   : class com.bumptech.glide.load.engine.GlideException: Failed to load resource
08-06 15:34:00.381  1239  1239 W Glide   : There was 1 cause:
08-06 15:34:00.381  1239  1239 W Glide   : com.bumptech.glide.load.HttpException()
08-06 15:34:00.381  1239  1239 W Glide   :  call GlideException#logRootCauses(String) for more detail
08-06 15:34:00.381  1239  1239 W Glide   :   Cause (1 of 1): class com.bumptech.glide.load.engine.GlideException: Fetching data failed, class java.io.InputStream, REMOTE
08-06 15:34:00.381  1239  1239 W Glide   : There was 1 cause:
08-06 15:34:00.381  1239  1239 W Glide   : com.bumptech.glide.load.HttpException()
08-06 15:34:00.381  1239  1239 W Glide   :  call GlideException#logRootCauses(String) for more detail
08-06 15:34:00.381  1239  1239 W Glide   :     Cause (1 of 1): class com.bumptech.glide.load.HttpException: 
08-06 15:34:00.382  1239  1239 I Glide   : Root cause (1 of 1)
08-06 15:34:00.382  1239  1239 I Glide   : com.bumptech.glide.load.HttpException: 
08-06 15:34:00.382  1239  1239 I Glide   : 	at com.bumptech.glide.integration.okhttp3.OkHttpStreamFetcher.onResponse(OkHttpStreamFetcher.java:73)
08-06 15:34:00.382  1239  1239 I Glide   : 	at okhttp3.RealCall$AsyncCall.execute(RealCall.java:174)
08-06 15:34:00.382  1239  1239 I Glide   : 	at okhttp3.internal.NamedRunnable.run(NamedRunnable.java:32)
08-06 15:34:00.382  1239  1239 I Glide   : 	at java.util.concurrent.ThreadPoolExecutor.runWorker(ThreadPoolExecutor.java:1113)
08-06 15:34:00.382  1239  1239 I Glide   : 	at java.util.concurrent.ThreadPoolExecutor$Worker.run(ThreadPoolExecutor.java:588)
08-06 15:34:00.382  1239  1239 I Glide   : 	at java.lang.Thread.run(Thread.java:818)
08-06 15:34:00.492  1239  2160 D ApOkHttpUrlLoader: buildLoadData() called with: model = [http://sixgun.org/files/linuxoutlaws.jpg], width = [224], height = [224]
08-06 15:34:00.496  1239  1987 D DBReader: getImageAuthentication() called with: imageUrl = [http://sixgun.org/files/linuxoutlaws.jpg]
08-06 15:34:00.501  1239  1987 D ApOkHttpUrlLoader: no credentials for 'http://sixgun.org/files/linuxoutlaws.jpg'
08-06 15:34:00.537  1239  1987 D DBWriter: updateFeedDownloadURL(original: http://sixgun.org/files/linuxoutlaws.jpg, updated: https://fab.industries/sixgun/files/linuxoutlaws.jpg)
08-06 15:34:00.622  1239  1265 I art     : Starting a blocking GC Explicit
08-06 15:34:00.677  1239  1987 D MYTAG   : interceptor 2a
08-06 15:34:00.677  1239  1987 I NAPPA_EXPERIMENTATION: MetricNetworkRequestExecutionTime: REQUEST_DURATION_SYSTEM='176',REQUEST_DURATION_OKHTTP='132',REQUEST_SYNCHRONOUS='TRUE',RESPONSE_CODE='404',RESPONSE_METHOD='GET',RESPONSE_LENGTH_OKHTTP='-1',RESPONSE_LENGTH_HEADER='1503',REQUEST_PROTOCOL='h2',REQUEST_URL='https://fab.industries/sixgun/files/linuxoutlaws.jpg',
08-06 15:34:00.679  1239  1265 I art     : Explicit concurrent mark sweep GC freed 7134(488KB) AllocSpace objects, 1(20KB) LOS objects, 23% free, 50MB/66MB, paused 2.538ms total 56.141ms
08-06 15:34:00.686  1239  1239 W Glide   : Load failed for http://sixgun.org/files/linuxoutlaws.jpg with size [224x224]
08-06 15:34:00.686  1239  1239 W Glide   : class com.bumptech.glide.load.engine.GlideException: Failed to load resource
08-06 15:34:00.686  1239  1239 W Glide   : There was 1 cause:
08-06 15:34:00.686  1239  1239 W Glide   : com.bumptech.glide.load.HttpException()
08-06 15:34:00.686  1239  1239 W Glide   :  call GlideException#logRootCauses(String) for more detail
08-06 15:34:00.686  1239  1239 W Glide   :   Cause (1 of 1): class com.bumptech.glide.load.engine.GlideException: Fetching data failed, class java.io.InputStream, REMOTE
08-06 15:34:00.686  1239  1239 W Glide   : There was 1 cause:
08-06 15:34:00.686  1239  1239 W Glide   : com.bumptech.glide.load.HttpException()
08-06 15:34:00.686  1239  1239 W Glide   :  call GlideException#logRootCauses(String) for more detail
08-06 15:34:00.686  1239  1239 W Glide   :     Cause (1 of 1): class com.bumptech.glide.load.HttpException: 
08-06 15:34:00.687  1239  1239 I Glide   : Root cause (1 of 1)
08-06 15:34:00.687  1239  1239 I Glide   : com.bumptech.glide.load.HttpException: 
08-06 15:34:00.687  1239  1239 I Glide   : 	at com.bumptech.glide.integration.okhttp3.OkHttpStreamFetcher.onResponse(OkHttpStreamFetcher.java:73)
08-06 15:34:00.687  1239  1239 I Glide   : 	at okhttp3.RealCall$AsyncCall.execute(RealCall.java:174)
08-06 15:34:00.687  1239  1239 I Glide   : 	at okhttp3.internal.NamedRunnable.run(NamedRunnable.java:32)
08-06 15:34:00.687  1239  1239 I Glide   : 	at java.util.concurrent.ThreadPoolExecutor.runWorker(ThreadPoolExecutor.java:1113)
08-06 15:34:00.687  1239  1239 I Glide   : 	at java.util.concurrent.ThreadPoolExecutor$Worker.run(ThreadPoolExecutor.java:588)
08-06 15:34:00.687  1239  1239 I Glide   : 	at java.lang.Thread.run(Thread.java:818)
08-06 15:34:00.699  1239  1265 I art     : Starting a blocking GC Explicit
08-06 15:34:00.753  1239  1265 I art     : Explicit concurrent mark sweep GC freed 644(66KB) AllocSpace objects, 0(0B) LOS objects, 23% free, 50MB/66MB, paused 2.570ms total 52.856ms
08-06 15:34:00.773  1239  1265 I art     : Starting a blocking GC Explicit
08-06 15:34:00.826  1239  1265 I art     : Explicit concurrent mark sweep GC freed 14(576B) AllocSpace objects, 0(0B) LOS objects, 23% free, 50MB/66MB, paused 2.085ms total 53.215ms
08-06 15:34:00.845  1239  1265 I art     : Starting a blocking GC Explicit
08-06 15:34:00.898  1239  1265 I art     : Explicit concurrent mark sweep GC freed 3(96B) AllocSpace objects, 0(0B) LOS objects, 23% free, 50MB/66MB, paused 2.517ms total 53.287ms
08-06 15:34:00.918  1239  1265 I art     : Starting a blocking GC Explicit
08-06 15:34:00.974  1239  1265 I art     : Explicit concurrent mark sweep GC freed 20(688B) AllocSpace objects, 0(0B) LOS objects, 23% free, 50MB/66MB, paused 2.421ms total 55.728ms
08-06 15:34:01.414  1239  1251 I art     : Starting a blocking GC Explicit
08-06 15:34:01.472  1239  1251 I art     : Explicit concurrent mark sweep GC freed 1434(82KB) AllocSpace objects, 1(20KB) LOS objects, 23% free, 50MB/66MB, paused 2.376ms total 57.910ms
08-06 15:34:01.492  1239  1251 I art     : Starting a blocking GC Explicit
08-06 15:34:01.548  1239  1251 I art     : Explicit concurrent mark sweep GC freed 60(1968B) AllocSpace objects, 0(0B) LOS objects, 23% free, 50MB/66MB, paused 3.112ms total 55.698ms
08-06 15:34:01.568  1239  1251 I art     : Starting a blocking GC Explicit
08-06 15:34:01.629  1239  1251 I art     : Explicit concurrent mark sweep GC freed 21(672B) AllocSpace objects, 0(0B) LOS objects, 23% free, 50MB/66MB, paused 2.458ms total 61.441ms
08-06 15:34:01.650  1239  1251 I art     : Starting a blocking GC Explicit
08-06 15:34:01.705  1239  1251 I art     : Explicit concurrent mark sweep GC freed 4(128B) AllocSpace objects, 0(0B) LOS objects, 23% free, 50MB/66MB, paused 2.547ms total 54.108ms
08-06 15:34:01.724  1239  1251 I art     : Starting a blocking GC Explicit
08-06 15:34:01.781  1239  1251 I art     : Explicit concurrent mark sweep GC freed 3(96B) AllocSpace objects, 0(0B) LOS objects, 23% free, 50MB/66MB, paused 2.481ms total 55.933ms
08-06 15:34:02.213  1239  1581 I art     : Starting a blocking GC Explicit
08-06 15:34:02.283  1239  1581 I art     : Explicit concurrent mark sweep GC freed 1410(81KB) AllocSpace objects, 1(20KB) LOS objects, 23% free, 50MB/66MB, paused 2.795ms total 67.606ms
08-06 15:34:02.306  1239  1581 I art     : Starting a blocking GC Explicit
08-06 15:34:02.360  1239  1581 I art     : Explicit concurrent mark sweep GC freed 23(752B) AllocSpace objects, 0(0B) LOS objects, 23% free, 50MB/66MB, paused 2.644ms total 54.217ms
08-06 15:34:02.381  1239  1581 I art     : Starting a blocking GC Explicit
08-06 15:34:02.436  1239  1581 I art     : Explicit concurrent mark sweep GC freed 3(96B) AllocSpace objects, 0(0B) LOS objects, 23% free, 50MB/66MB, paused 2.378ms total 55.111ms
08-06 15:34:02.456  1239  1581 I art     : Starting a blocking GC Explicit
08-06 15:34:02.512  1239  1581 I art     : Explicit concurrent mark sweep GC freed 3(96B) AllocSpace objects, 0(0B) LOS objects, 23% free, 50MB/66MB, paused 2.304ms total 55.244ms
08-06 15:34:02.532  1239  1581 I art     : Starting a blocking GC Explicit
08-06 15:34:02.590  1239  1581 I art     : Explicit concurrent mark sweep GC freed 3(96B) AllocSpace objects, 0(0B) LOS objects, 23% free, 50MB/66MB, paused 2.914ms total 58.121ms
08-06 15:34:02.592   518   646 I ThermalEngine: ACTION: GPU - Setting GPU[0] to 450000000
08-06 15:34:02.992  1239  1265 I art     : Starting a blocking GC Explicit
08-06 15:34:03.050  1239  1265 I art     : Explicit concurrent mark sweep GC freed 1412(82KB) AllocSpace objects, 1(20KB) LOS objects, 23% free, 50MB/66MB, paused 1.961ms total 57.165ms
08-06 15:34:03.067  1239  1265 I art     : Starting a blocking GC Explicit
08-06 15:34:03.113  1239  1265 I art     : Explicit concurrent mark sweep GC freed 23(752B) AllocSpace objects, 0(0B) LOS objects, 23% free, 50MB/66MB, paused 1.510ms total 45.385ms
08-06 15:34:03.126  1239  1265 I art     : Starting a blocking GC Explicit
08-06 15:34:03.173  1239  1265 I art     : Explicit concurrent mark sweep GC freed 3(96B) AllocSpace objects, 0(0B) LOS objects, 23% free, 50MB/66MB, paused 1.650ms total 47.471ms
08-06 15:34:03.187  1239  1265 I art     : Starting a blocking GC Explicit
08-06 15:34:03.235  1239  1265 I art     : Explicit concurrent mark sweep GC freed 3(96B) AllocSpace objects, 0(0B) LOS objects, 23% free, 50MB/66MB, paused 1.546ms total 47.103ms
08-06 15:34:03.248  1239  1265 I art     : Starting a blocking GC Explicit
08-06 15:34:03.296  1239  1265 I art     : Explicit concurrent mark sweep GC freed 3(96B) AllocSpace objects, 0(0B) LOS objects, 23% free, 50MB/66MB, paused 1.650ms total 47.761ms
08-06 15:34:03.704  1239  1251 I art     : Starting a blocking GC Explicit
08-06 15:34:03.764  1239  1251 I art     : Explicit concurrent mark sweep GC freed 1423(83KB) AllocSpace objects, 1(20KB) LOS objects, 23% free, 50MB/66MB, paused 1.650ms total 59.072ms
08-06 15:34:03.780  1239  1251 I art     : Starting a blocking GC Explicit
08-06 15:34:03.829  1239  1251 I art     : Explicit concurrent mark sweep GC freed 29(976B) AllocSpace objects, 0(0B) LOS objects, 23% free, 50MB/66MB, paused 1.804ms total 47.846ms
08-06 15:34:03.842  1239  1251 I art     : Starting a blocking GC Explicit
08-06 15:34:03.887  1239  1251 I art     : Explicit concurrent mark sweep GC freed 3(96B) AllocSpace objects, 0(0B) LOS objects, 23% free, 50MB/66MB, paused 1.541ms total 44.557ms
08-06 15:34:03.900  1239  1251 I art     : Starting a blocking GC Explicit
08-06 15:34:03.949  1239  1251 I art     : Explicit concurrent mark sweep GC freed 3(96B) AllocSpace objects, 0(0B) LOS objects, 23% free, 50MB/66MB, paused 1.734ms total 48.181ms
08-06 15:34:03.966  1239  1251 I art     : Starting a blocking GC Explicit
08-06 15:34:04.012  1239  1251 I art     : Explicit concurrent mark sweep GC freed 32(880B) AllocSpace objects, 0(0B) LOS objects, 23% free, 50MB/66MB, paused 1.552ms total 46.036ms
08-06 15:34:04.398  1239  1581 I art     : Starting a blocking GC Explicit
08-06 15:34:04.452  1239  1581 I art     : Explicit concurrent mark sweep GC freed 1381(81KB) AllocSpace objects, 1(20KB) LOS objects, 23% free, 50MB/66MB, paused 1.701ms total 52.900ms
08-06 15:34:04.469  1239  1581 I art     : Starting a blocking GC Explicit
08-06 15:34:04.519  1239  1581 I art     : Explicit concurrent mark sweep GC freed 23(752B) AllocSpace objects, 0(0B) LOS objects, 23% free, 50MB/66MB, paused 1.729ms total 49.981ms
08-06 15:34:04.533  1239  1581 I art     : Starting a blocking GC Explicit
08-06 15:34:04.581  1239  1581 I art     : Explicit concurrent mark sweep GC freed 3(96B) AllocSpace objects, 0(0B) LOS objects, 23% free, 50MB/66MB, paused 1.683ms total 47.323ms
08-06 15:34:04.595  1239  1581 I art     : Starting a blocking GC Explicit
08-06 15:34:04.641  1239  1581 I art     : Explicit concurrent mark sweep GC freed 3(96B) AllocSpace objects, 0(0B) LOS objects, 23% free, 50MB/66MB, paused 1.662ms total 46.623ms
08-06 15:34:04.655  1239  1581 I art     : Starting a blocking GC Explicit
08-06 15:34:04.703  1239  1581 I art     : Explicit concurrent mark sweep GC freed 3(96B) AllocSpace objects, 0(0B) LOS objects, 23% free, 50MB/66MB, paused 1.639ms total 47.335ms
08-06 15:34:05.095  1239  1265 I art     : Starting a blocking GC Explicit
08-06 15:34:05.141  1239  1265 I art     : Explicit concurrent mark sweep GC freed 1411(82KB) AllocSpace objects, 1(20KB) LOS objects, 23% free, 50MB/66MB, paused 1.713ms total 45.780ms
08-06 15:34:05.154  1239  1265 I art     : Starting a blocking GC Explicit
08-06 15:34:05.199  1239  1265 I art     : Explicit concurrent mark sweep GC freed 23(752B) AllocSpace objects, 0(0B) LOS objects, 23% free, 50MB/66MB, paused 1.713ms total 44.349ms
08-06 15:34:05.212  1239  1265 I art     : Starting a blocking GC Explicit
08-06 15:34:05.257  1239  1265 I art     : Explicit concurrent mark sweep GC freed 3(96B) AllocSpace objects, 0(0B) LOS objects, 23% free, 50MB/66MB, paused 1.644ms total 44.209ms
08-06 15:34:05.270  1239  1265 I art     : Starting a blocking GC Explicit
08-06 15:34:05.316  1239  1265 I art     : Explicit concurrent mark sweep GC freed 3(96B) AllocSpace objects, 0(0B) LOS objects, 23% free, 50MB/66MB, paused 1.666ms total 45.626ms
08-06 15:34:05.329  1239  1265 I art     : Starting a blocking GC Explicit
08-06 15:34:05.373  1239  1265 I art     : Explicit concurrent mark sweep GC freed 3(96B) AllocSpace objects, 0(0B) LOS objects, 23% free, 50MB/66MB, paused 1.603ms total 43.563ms
08-06 15:34:05.565  4371  4371 D AndroidRuntime: >>>>>> START com.android.internal.os.RuntimeInit uid 2000 <<<<<<
08-06 15:34:05.573  4371  4371 D AndroidRuntime: CheckJNI is OFF
08-06 15:34:05.615  4371  4371 D ICU     : No timezone override file found: /data/misc/zoneinfo/current/icu/icu_tzdata.dat
08-06 15:34:05.657  4371  4371 I Radio-JNI: register_android_hardware_Radio DONE
08-06 15:34:05.686  4371  4371 D AndroidRuntime: Calling main entry com.android.commands.input.Input
08-06 15:34:05.688  4371  4371 I Input   : injectMotionEvent: MotionEvent { action=ACTION_DOWN, actionButton=0, id[0]=0, x[0]=526.0, y[0]=597.0, toolType[0]=TOOL_TYPE_UNKNOWN, buttonState=0, metaState=0, flags=0x0, edgeFlags=0x0, pointerCount=1, historySize=0, eventTime=891262100, downTime=891262100, deviceId=0, source=0x1002 }
08-06 15:34:05.692  4371  4371 I Input   : injectMotionEvent: MotionEvent { action=ACTION_UP, actionButton=0, id[0]=0, x[0]=526.0, y[0]=597.0, toolType[0]=TOOL_TYPE_UNKNOWN, buttonState=0, metaState=0, flags=0x0, edgeFlags=0x0, pointerCount=1, historySize=0, eventTime=891262100, downTime=891262100, deviceId=0, source=0x1002 }
08-06 15:34:05.694  4371  4371 D AndroidRuntime: Shutting down VM
08-06 15:34:05.754  1239  1581 I art     : Starting a blocking GC Explicit
08-06 15:34:05.760   512  2967 D audio_hw_primary: out_set_parameters: enter: usecase(1: low-latency-playback) kvpairs: routing=2
08-06 15:34:05.762  1239  1239 D PodcastListFragment: Selected podcast: GpodnetPodcast [url=http://feeds.feedburner.com/linuxoutlaws, title=Linux Outlaws, description=Two pragmatic geeks talk about the latest news concerning Linux, free and open
08-06 15:34:05.762  1239  1239 D PodcastListFragment: technology or anything else they deem noteworthy which may include such absurd
08-06 15:34:05.762  1239  1239 D PodcastListFragment: things as hockey or bands you never heard of. This means there's many a joke
08-06 15:34:05.762  1239  1239 D PodcastListFragment: and derailed conversation along the way, so don't come here expecting only
08-06 15:34:05.762  1239  1239 D PodcastListFragment: Linux or software freedom talk  just sit back and relax, partner., subscribers=3321, logoUrl=http://sixgun.org/files/linuxoutlaws.jpg, website=http://sixgun.org, mygpoLink=http://gpodder.net/podcast/linux-outlaws-mp3]
08-06 15:34:05.763   918  3961 I ActivityManager: START u0 {cmp=baseline.de.danoeh.antennapod.debug/baseline.de.danoeh.antennapod.activity.OnlineFeedViewActivity (has extras)} from uid 10711 on display 0
08-06 15:34:05.774   512  2967 D audio_hw_primary: select_devices: out_snd_device(2: speaker) in_snd_device(0: none)
08-06 15:34:05.774   512  2967 D msm8974_platform: platform_send_audio_calibration: sending audio calibration for snd_device(2) acdb_id(15)
08-06 15:34:05.774   512  2967 I soundtrigger: audio_extn_sound_trigger_update_device_status: device 0x2 of type 0 for Event 1
08-06 15:34:05.802  1239  1581 I art     : Explicit concurrent mark sweep GC freed 1921(132KB) AllocSpace objects, 2(40KB) LOS objects, 23% free, 50MB/66MB, paused 2.672ms total 47.522ms
08-06 15:34:05.803   512  2967 D audio_hw_primary: enable_snd_device: snd_device(2: speaker)
08-06 15:34:05.805   512  2967 D audio_hw_primary: enable_audio_route: apply and update mixer path: low-latency-playback speaker
08-06 15:34:05.806  1239  1239 D UserPreferences: Using default data folder
08-06 15:34:05.808  1239  1239 D OnlineFeedViewActivity: Activity was started with url http://feeds.feedburner.com/linuxoutlaws
08-06 15:34:05.812  1239  1239 D OnlineFeedViewActivity: Starting feed download
08-06 15:34:05.815  1239  1790 D DBReader: Extracting Feedlist
08-06 15:34:05.816  1239  1581 I art     : Starting a blocking GC Explicit
08-06 15:34:05.818   918  3714 D WifiService: acquireWifiLockLocked: WifiLock{Downloader type=1 binder=android.os.BinderProxy@29c4ece}
08-06 15:34:05.819  1239  1790 D AntennapodHttpClient: Creating new instance of HTTP client
08-06 15:34:05.856  1239  1581 I art     : Explicit concurrent mark sweep GC freed 844(66KB) AllocSpace objects, 0(0B) LOS objects, 23% free, 50MB/66MB, paused 1.587ms total 39.188ms
08-06 15:34:05.869  1239  1581 I art     : Starting a blocking GC Explicit
08-06 15:34:05.870 13866 13866 I GoogleInputMethodServic: GoogleInputMethodService.onFinishInput():3138 
08-06 15:34:05.871 13866 13866 I GoogleInputMethodServic: GoogleInputMethodService.onStartInput():1808 
08-06 15:34:05.889   918   936 I ActivityManager: Displayed baseline.de.danoeh.antennapod.debug/baseline.de.danoeh.antennapod.activity.OnlineFeedViewActivity: +112ms
08-06 15:34:05.909  1239  1581 I art     : Explicit concurrent mark sweep GC freed 335(14KB) AllocSpace objects, 0(0B) LOS objects, 23% free, 50MB/66MB, paused 1.709ms total 40.338ms
08-06 15:34:05.920  1239  1262 D OpenGLRenderer: endAllStagingAnimators on 0x7f7c353400 (GridView) with handle 0x7f75aa7240
08-06 15:34:05.923  1239  1581 I art     : Starting a blocking GC Explicit
08-06 15:34:05.945  1239  1790 D MYTAG   : interceptor 3a http://feeds.feedburner.com/linuxoutlaws
08-06 15:34:05.946  1239  1790 I NAPPA_EXPERIMENTATION: MetricNetworkRequestExecutionTime: REQUEST_DURATION_SYSTEM='126',REQUEST_DURATION_OKHTTP='42',REQUEST_SYNCHRONOUS='TRUE',RESPONSE_CODE='200',RESPONSE_METHOD='GET',RESPONSE_LENGTH_OKHTTP='-1',RESPONSE_LENGTH_HEADER='-2',REQUEST_PROTOCOL='http/1.1',REQUEST_URL='http://feeds.feedburner.com/linuxoutlaws',
08-06 15:34:05.946  1239  1790 D HttpDownloader: Response code is 200
08-06 15:34:05.946  1239  1790 D UserPreferences: Using default data folder
08-06 15:34:05.949  1239  1790 D HttpDownloader: Getting size of download
08-06 15:34:05.949  1239  1790 D HttpDownloader: Size is -1
08-06 15:34:05.949  1239  1790 D UserPreferences: Using default data folder
08-06 15:34:05.949  1239  1790 D HttpDownloader: Free space is 20248846336
08-06 15:34:05.949  1239  1790 D HttpDownloader: Starting download
08-06 15:34:05.963  1239  1581 I art     : Explicit concurrent mark sweep GC freed 275(21KB) AllocSpace objects, 0(0B) LOS objects, 23% free, 51MB/67MB, paused 1.648ms total 39.773ms
08-06 15:34:05.967  1239  1790 D HttpDownloader: Download was successful
08-06 15:34:05.967   918  4413 D WifiService: releaseWifiLockLocked: WifiLock{Downloader type=1 binder=android.os.BinderProxy@29c4ece}
08-06 15:34:05.968  1239  1239 D OnlineFeedViewActivity: Parsing feed
08-06 15:34:05.971  1239  4396 D TypeGetter: Recognized type RSS 2.0
08-06 15:34:05.973  1239  4396 D SyndHandler: Recognized Content namespace
08-06 15:34:05.973  1239  4396 D SyndHandler: Recognized DublinCore namespace
08-06 15:34:05.974  1239  4396 D SyndHandler: Recognized Atom namespace
08-06 15:34:05.974  1239  4396 D SyndHandler: Recognized ITunes namespace
08-06 15:34:05.974  1239  4396 D SyndHandler: Recognized media namespace
08-06 15:34:05.976  1239  1581 I art     : Starting a blocking GC Explicit
08-06 15:34:06.016  1239  1581 I art     : Explicit concurrent mark sweep GC freed 1816(394KB) AllocSpace objects, 3(60KB) LOS objects, 23% free, 51MB/67MB, paused 1.809ms total 40.270ms
08-06 15:34:06.022  1239  4396 D OnlineFeedViewActivity: Deleted feed source file. Result: true
08-06 15:34:06.022  1239  1239 D OnlineFeedViewActivity: Removing HTML from shownotes
08-06 15:34:06.041  1239  2160 D ApOkHttpUrlLoader: buildLoadData() called with: model = [http://sixgun.org/files/linuxoutlaws.jpg], width = [350], height = [350]
08-06 15:34:06.042  1239  1987 D DBReader: getImageAuthentication() called with: imageUrl = [http://sixgun.org/files/linuxoutlaws.jpg]
08-06 15:34:06.045  1239  1987 D ApOkHttpUrlLoader: no credentials for 'http://sixgun.org/files/linuxoutlaws.jpg'
08-06 15:34:06.079  1239  1987 D DBWriter: updateFeedDownloadURL(original: http://sixgun.org/files/linuxoutlaws.jpg, updated: https://fab.industries/sixgun/files/linuxoutlaws.jpg)
08-06 15:34:06.124   380   380 W SurfaceFlinger: couldn't log to binary event log: overflow.
08-06 15:34:06.219  1239  1987 D MYTAG   : interceptor 2a
08-06 15:34:06.219  1239  1987 I NAPPA_EXPERIMENTATION: MetricNetworkRequestExecutionTime: REQUEST_DURATION_SYSTEM='174',REQUEST_DURATION_OKHTTP='138',REQUEST_SYNCHRONOUS='TRUE',RESPONSE_CODE='404',RESPONSE_METHOD='GET',RESPONSE_LENGTH_OKHTTP='-1',RESPONSE_LENGTH_HEADER='1503',REQUEST_PROTOCOL='h2',REQUEST_URL='https://fab.industries/sixgun/files/linuxoutlaws.jpg',
08-06 15:34:06.220  1239  1239 W Glide   : Load failed for http://sixgun.org/files/linuxoutlaws.jpg with size [350x350]
08-06 15:34:06.220  1239  1239 W Glide   : class com.bumptech.glide.load.engine.GlideException: Failed to load resource
08-06 15:34:06.220  1239  1239 W Glide   : There was 1 cause:
08-06 15:34:06.220  1239  1239 W Glide   : com.bumptech.glide.load.HttpException()
08-06 15:34:06.220  1239  1239 W Glide   :  call GlideException#logRootCauses(String) for more detail
08-06 15:34:06.220  1239  1239 W Glide   :   Cause (1 of 1): class com.bumptech.glide.load.engine.GlideException: Fetching data failed, class java.io.InputStream, REMOTE
08-06 15:34:06.220  1239  1239 W Glide   : There was 1 cause:
08-06 15:34:06.220  1239  1239 W Glide   : com.bumptech.glide.load.HttpException()
08-06 15:34:06.220  1239  1239 W Glide   :  call GlideException#logRootCauses(String) for more detail
08-06 15:34:06.220  1239  1239 W Glide   :     Cause (1 of 1): class com.bumptech.glide.load.HttpException: 
08-06 15:34:06.221  1239  1239 I Glide   : Root cause (1 of 1)
08-06 15:34:06.221  1239  1239 I Glide   : com.bumptech.glide.load.HttpException: 
08-06 15:34:06.221  1239  1239 I Glide   : 	at com.bumptech.glide.integration.okhttp3.OkHttpStreamFetcher.onResponse(OkHttpStreamFetcher.java:73)
08-06 15:34:06.221  1239  1239 I Glide   : 	at okhttp3.RealCall$AsyncCall.execute(RealCall.java:174)
08-06 15:34:06.221  1239  1239 I Glide   : 	at okhttp3.internal.NamedRunnable.run(NamedRunnable.java:32)
08-06 15:34:06.221  1239  1239 I Glide   : 	at java.util.concurrent.ThreadPoolExecutor.runWorker(ThreadPoolExecutor.java:1113)
08-06 15:34:06.221  1239  1239 I Glide   : 	at java.util.concurrent.ThreadPoolExecutor$Worker.run(ThreadPoolExecutor.java:588)
08-06 15:34:06.221  1239  1239 I Glide   : 	at java.lang.Thread.run(Thread.java:818)
08-06 15:34:06.266  1239  1239 D PlaybackController: Releasing PlaybackController
08-06 15:34:06.338   512  2967 D audio_hw_primary: disable_audio_route: reset and update mixer path: low-latency-playback speaker
08-06 15:34:06.339   512  2967 D audio_hw_primary: disable_snd_device: snd_device(2: speaker)
08-06 15:34:06.346   512  2967 I soundtrigger: audio_extn_sound_trigger_update_device_status: device 0x2 of type 0 for Event 0
08-06 15:34:06.353  1239  1251 I art     : Starting a blocking GC Explicit
08-06 15:34:06.400  1239  1251 I art     : Explicit concurrent mark sweep GC freed 13011(855KB) AllocSpace objects, 12(768KB) LOS objects, 23% free, 51MB/67MB, paused 1.630ms total 46.544ms
08-06 15:34:06.413  1239  1251 I art     : Starting a blocking GC Explicit
08-06 15:34:06.458  1239  1251 I art     : Explicit concurrent mark sweep GC freed 740(34KB) AllocSpace objects, 1(112KB) LOS objects, 23% free, 51MB/67MB, paused 1.698ms total 44.842ms
08-06 15:34:06.472  1239  1251 I art     : Starting a blocking GC Explicit
08-06 15:34:06.517  1239  1251 I art     : Explicit concurrent mark sweep GC freed 3(96B) AllocSpace objects, 0(0B) LOS objects, 23% free, 51MB/67MB, paused 1.727ms total 45.328ms
08-06 15:34:06.531  1239  1251 I art     : Starting a blocking GC Explicit
08-06 15:34:06.577  1239  1251 I art     : Explicit concurrent mark sweep GC freed 3(96B) AllocSpace objects, 0(0B) LOS objects, 23% free, 51MB/67MB, paused 1.625ms total 45.615ms
08-06 15:34:06.590  1239  1251 I art     : Starting a blocking GC Explicit
08-06 15:34:06.636  1239  1251 I art     : Explicit concurrent mark sweep GC freed 3(96B) AllocSpace objects, 0(0B) LOS objects, 23% free, 51MB/67MB, paused 1.594ms total 45.450ms
08-06 15:34:06.990  1239  3042 I art     : Starting a blocking GC Explicit
08-06 15:34:07.048  1239  3042 I art     : Explicit concurrent mark sweep GC freed 1410(81KB) AllocSpace objects, 1(20KB) LOS objects, 23% free, 51MB/67MB, paused 1.705ms total 56.739ms
08-06 15:34:07.064  1239  3042 I art     : Starting a blocking GC Explicit
08-06 15:34:07.109  1239  3042 I art     : Explicit concurrent mark sweep GC freed 23(752B) AllocSpace objects, 0(0B) LOS objects, 23% free, 51MB/67MB, paused 1.672ms total 44.572ms
08-06 15:34:07.123  1239  3042 I art     : Starting a blocking GC Explicit
08-06 15:34:07.169  1239  3042 I art     : Explicit concurrent mark sweep GC freed 3(96B) AllocSpace objects, 0(0B) LOS objects, 23% free, 51MB/67MB, paused 1.734ms total 46.619ms
08-06 15:34:07.186  1239  3042 I art     : Starting a blocking GC Explicit
08-06 15:34:07.232  1239  3042 I art     : Explicit concurrent mark sweep GC freed 3(96B) AllocSpace objects, 0(0B) LOS objects, 23% free, 51MB/67MB, paused 1.606ms total 45.526ms
08-06 15:34:07.246  1239  3042 I art     : Starting a blocking GC Explicit
08-06 15:34:07.291  1239  3042 I art     : Explicit concurrent mark sweep GC freed 3(96B) AllocSpace objects, 0(0B) LOS objects, 23% free, 51MB/67MB, paused 1.598ms total 45.549ms
08-06 15:34:07.697  1239  1252 I art     : Starting a blocking GC Explicit
08-06 15:34:07.737  1239  1252 I art     : Explicit concurrent mark sweep GC freed 1392(81KB) AllocSpace objects, 1(20KB) LOS objects, 23% free, 51MB/67MB, paused 1.585ms total 40.364ms
08-06 15:34:07.750  1239  1252 I art     : Starting a blocking GC Explicit
08-06 15:34:07.794  1239  1252 I art     : Explicit concurrent mark sweep GC freed 29(944B) AllocSpace objects, 0(0B) LOS objects, 23% free, 51MB/67MB, paused 1.512ms total 43.654ms
08-06 15:34:07.807  1239  1252 I art     : Starting a blocking GC Explicit
08-06 15:34:07.851  1239  1252 I art     : Explicit concurrent mark sweep GC freed 11(352B) AllocSpace objects, 0(0B) LOS objects, 23% free, 51MB/67MB, paused 1.510ms total 44.006ms
08-06 15:34:07.865  1239  1252 I art     : Starting a blocking GC Explicit
08-06 15:34:07.911  1239  1252 I art     : Explicit concurrent mark sweep GC freed 8(256B) AllocSpace objects, 0(0B) LOS objects, 23% free, 51MB/67MB, paused 1.543ms total 45.593ms
08-06 15:34:07.924  1239  1252 I art     : Starting a blocking GC Explicit
08-06 15:34:07.970  1239  1252 I art     : Explicit concurrent mark sweep GC freed 3(96B) AllocSpace objects, 0(0B) LOS objects, 23% free, 51MB/67MB, paused 1.683ms total 45.610ms
08-06 15:34:08.224 29768 29768 I ServiceManager: Waiting for service AtCmdFwd...
08-06 15:34:08.350  1239  1265 I art     : Starting a blocking GC Explicit
08-06 15:34:08.411  1239  1265 I art     : Explicit concurrent mark sweep GC freed 1410(81KB) AllocSpace objects, 1(20KB) LOS objects, 23% free, 51MB/67MB, paused 1.692ms total 60.862ms
08-06 15:34:08.427  1239  1265 I art     : Starting a blocking GC Explicit
08-06 15:34:08.477  1239  1265 I art     : Explicit concurrent mark sweep GC freed 23(752B) AllocSpace objects, 0(0B) LOS objects, 23% free, 51MB/67MB, paused 1.701ms total 49.584ms
08-06 15:34:08.490  1239  1265 I art     : Starting a blocking GC Explicit
08-06 15:34:08.537  1239  1265 I art     : Explicit concurrent mark sweep GC freed 3(96B) AllocSpace objects, 0(0B) LOS objects, 23% free, 51MB/67MB, paused 1.849ms total 45.890ms
08-06 15:34:08.549  1239  1265 I art     : Starting a blocking GC Explicit
08-06 15:34:08.588  1239  1265 I art     : Explicit concurrent mark sweep GC freed 3(96B) AllocSpace objects, 0(0B) LOS objects, 23% free, 51MB/67MB, paused 1.514ms total 38.505ms
08-06 15:34:08.600  1239  1265 I art     : Starting a blocking GC Explicit
08-06 15:34:08.638  1239  1265 I art     : Explicit concurrent mark sweep GC freed 3(96B) AllocSpace objects, 0(0B) LOS objects, 23% free, 51MB/67MB, paused 1.451ms total 38.323ms
08-06 15:34:09.005  1239  1581 I art     : Starting a blocking GC Explicit
08-06 15:34:09.060  1239  1581 I art     : Explicit concurrent mark sweep GC freed 1410(81KB) AllocSpace objects, 1(20KB) LOS objects, 23% free, 51MB/67MB, paused 1.785ms total 55.068ms
08-06 15:34:09.076  1239  1581 I art     : Starting a blocking GC Explicit
08-06 15:34:09.122  1239  1581 I art     : Explicit concurrent mark sweep GC freed 37(1200B) AllocSpace objects, 0(0B) LOS objects, 23% free, 51MB/67MB, paused 1.650ms total 46.359ms
08-06 15:34:09.136  1239  1581 I art     : Starting a blocking GC Explicit
08-06 15:34:09.187  1239  1581 I art     : Explicit concurrent mark sweep GC freed 3(96B) AllocSpace objects, 0(0B) LOS objects, 23% free, 51MB/67MB, paused 1.570ms total 49.937ms
08-06 15:34:09.200  1239  1581 I art     : Starting a blocking GC Explicit
08-06 15:34:09.225 29768 29768 I ServiceManager: Waiting for service AtCmdFwd...
08-06 15:34:09.249  1239  1581 I art     : Explicit concurrent mark sweep GC freed 3(96B) AllocSpace objects, 0(0B) LOS objects, 23% free, 51MB/67MB, paused 1.795ms total 48.360ms
08-06 15:34:09.263  1239  1581 I art     : Starting a blocking GC Explicit
08-06 15:34:09.313  1239  1581 I art     : Explicit concurrent mark sweep GC freed 3(96B) AllocSpace objects, 0(0B) LOS objects, 23% free, 51MB/67MB, paused 1.689ms total 49.739ms
08-06 15:34:09.733  1239  1252 I art     : Starting a blocking GC Explicit
08-06 15:34:09.793  1239  1252 I art     : Explicit concurrent mark sweep GC freed 1382(83KB) AllocSpace objects, 1(20KB) LOS objects, 23% free, 51MB/67MB, paused 1.710ms total 59.840ms
08-06 15:34:09.812  1239  1252 I art     : Starting a blocking GC Explicit
08-06 15:34:09.856  1239  1252 I art     : Explicit concurrent mark sweep GC freed 23(752B) AllocSpace objects, 0(0B) LOS objects, 23% free, 51MB/67MB, paused 1.522ms total 43.221ms
08-06 15:34:09.869  1239  1252 I art     : Starting a blocking GC Explicit
08-06 15:34:09.917  1239  1252 I art     : Explicit concurrent mark sweep GC freed 3(96B) AllocSpace objects, 0(0B) LOS objects, 23% free, 51MB/67MB, paused 1.825ms total 47.701ms
08-06 15:34:09.931  1239  1252 I art     : Starting a blocking GC Explicit
08-06 15:34:09.976  1239  1252 I art     : Explicit concurrent mark sweep GC freed 3(96B) AllocSpace objects, 0(0B) LOS objects, 23% free, 51MB/67MB, paused 1.616ms total 45.336ms
08-06 15:34:09.990  1239  1252 I art     : Starting a blocking GC Explicit
08-06 15:34:10.034  1239  1252 I art     : Explicit concurrent mark sweep GC freed 32(880B) AllocSpace objects, 0(0B) LOS objects, 23% free, 51MB/67MB, paused 1.638ms total 43.233ms
08-06 15:34:10.226 29768 29768 I ServiceManager: Waiting for service AtCmdFwd...
08-06 15:34:10.423  1239  1265 I art     : Starting a blocking GC Explicit
08-06 15:34:10.475  1239  1265 I art     : Explicit concurrent mark sweep GC freed 1382(82KB) AllocSpace objects, 1(20KB) LOS objects, 23% free, 51MB/67MB, paused 1.776ms total 51.695ms
08-06 15:34:10.478  4464  4464 D AndroidRuntime: >>>>>> START com.android.internal.os.RuntimeInit uid 2000 <<<<<<
08-06 15:34:10.484  4464  4464 D AndroidRuntime: CheckJNI is OFF
08-06 15:34:10.490  1239  1265 I art     : Starting a blocking GC Explicit
08-06 15:34:10.530  4464  4464 D ICU     : No timezone override file found: /data/misc/zoneinfo/current/icu/icu_tzdata.dat
08-06 15:34:10.535  1239  1265 I art     : Explicit concurrent mark sweep GC freed 23(752B) AllocSpace objects, 0(0B) LOS objects, 23% free, 51MB/67MB, paused 1.763ms total 45.227ms
08-06 15:34:10.549  1239  1265 I art     : Starting a blocking GC Explicit
08-06 15:34:10.576  4464  4464 I Radio-JNI: register_android_hardware_Radio DONE
08-06 15:34:10.595  1239  1265 I art     : Explicit concurrent mark sweep GC freed 3(96B) AllocSpace objects, 0(0B) LOS objects, 23% free, 51MB/67MB, paused 1.650ms total 46.653ms
08-06 15:34:10.607  4464  4464 D AndroidRuntime: Calling main entry com.android.commands.input.Input
08-06 15:34:10.609  4464  4464 I Input   : injectKeyEvent: KeyEvent { action=ACTION_DOWN, keyCode=KEYCODE_BACK, scanCode=0, metaState=0, flags=0x0, repeatCount=0, eventTime=891267021, downTime=891267021, deviceId=-1, source=0x101 }
08-06 15:34:10.609  1239  1265 I art     : Starting a blocking GC Explicit
08-06 15:34:10.615  4464  4464 I Input   : injectKeyEvent: KeyEvent { action=ACTION_UP, keyCode=KEYCODE_BACK, scanCode=0, metaState=0, flags=0x0, repeatCount=0, eventTime=891267021, downTime=891267021, deviceId=-1, source=0x101 }
08-06 15:34:10.621  4464  4464 D AndroidRuntime: Shutting down VM
08-06 15:34:10.626  1239  1239 V PlaybackController: initServiceNotRunning()
08-06 15:34:10.627  1239  1239 D ExternalPlayerFragment: Loading media info
08-06 15:34:10.634  1239  2160 D ApOkHttpUrlLoader: buildLoadData() called with: model = [http://sixgun.org/files/linuxoutlaws.jpg], width = [224], height = [224]
08-06 15:34:10.635  1239  1987 D DBReader: getImageAuthentication() called with: imageUrl = [http://sixgun.org/files/linuxoutlaws.jpg]
08-06 15:34:10.637  1239  1239 D UserPreferences: Using default data folder
08-06 15:34:10.637  1239  1790 D DBReader: getNavDrawerData() called with: 
08-06 15:34:10.639  1239  1987 D ApOkHttpUrlLoader: no credentials for 'http://sixgun.org/files/linuxoutlaws.jpg'
08-06 15:34:10.653  1239  1265 I art     : Explicit concurrent mark sweep GC freed 629(36KB) AllocSpace objects, 0(0B) LOS objects, 23% free, 51MB/67MB, paused 2.222ms total 43.807ms
08-06 15:34:10.656  1239  1790 D DBReader: getDownloadedItems() called
08-06 15:34:10.657  1239  1790 D DBReader: getFavoriteIDList() called
08-06 15:34:10.658  1239  1790 D DBReader: getQueueIDList() called
08-06 15:34:10.659  1239  1790 D DBReader: Extracting Feedlist
08-06 15:34:10.665  1239  1265 I art     : Starting a blocking GC Explicit
08-06 15:34:10.693 13866 13866 I GoogleInputMethodServic: GoogleInputMethodService.onFinishInput():3138 
08-06 15:34:10.693  1239  1239 D MainActivity: getLastNavFragment() -> AddFeedFragment
08-06 15:34:10.694 13866 13866 I GoogleInputMethodServic: GoogleInputMethodService.onStartInput():1808 
08-06 15:34:10.700  1239  1987 D DBWriter: updateFeedDownloadURL(original: http://sixgun.org/files/linuxoutlaws.jpg, updated: https://fab.industries/sixgun/files/linuxoutlaws.jpg)
08-06 15:34:10.708  1239  1265 I art     : Explicit concurrent mark sweep GC freed 877(57KB) AllocSpace objects, 0(0B) LOS objects, 23% free, 51MB/67MB, paused 2.393ms total 42.041ms
08-06 15:34:10.846  1239  1987 D MYTAG   : interceptor 2a
08-06 15:34:10.846  1239  1987 I NAPPA_EXPERIMENTATION: MetricNetworkRequestExecutionTime: REQUEST_DURATION_SYSTEM='207',REQUEST_DURATION_OKHTTP='143',REQUEST_SYNCHRONOUS='TRUE',RESPONSE_CODE='404',RESPONSE_METHOD='GET',RESPONSE_LENGTH_OKHTTP='-1',RESPONSE_LENGTH_HEADER='1503',REQUEST_PROTOCOL='h2',REQUEST_URL='https://fab.industries/sixgun/files/linuxoutlaws.jpg',
08-06 15:34:10.848  1239  1239 W Glide   : Load failed for http://sixgun.org/files/linuxoutlaws.jpg with size [224x224]
08-06 15:34:10.848  1239  1239 W Glide   : class com.bumptech.glide.load.engine.GlideException: Failed to load resource
08-06 15:34:10.848  1239  1239 W Glide   : There was 1 cause:
08-06 15:34:10.848  1239  1239 W Glide   : com.bumptech.glide.load.HttpException()
08-06 15:34:10.848  1239  1239 W Glide   :  call GlideException#logRootCauses(String) for more detail
08-06 15:34:10.848  1239  1239 W Glide   :   Cause (1 of 1): class com.bumptech.glide.load.engine.GlideException: Fetching data failed, class java.io.InputStream, REMOTE
08-06 15:34:10.848  1239  1239 W Glide   : There was 1 cause:
08-06 15:34:10.848  1239  1239 W Glide   : com.bumptech.glide.load.HttpException()
08-06 15:34:10.848  1239  1239 W Glide   :  call GlideException#logRootCauses(String) for more detail
08-06 15:34:10.848  1239  1239 W Glide   :     Cause (1 of 1): class com.bumptech.glide.load.HttpException: 
08-06 15:34:10.848  1239  1239 I Glide   : Root cause (1 of 1)
08-06 15:34:10.848  1239  1239 I Glide   : com.bumptech.glide.load.HttpException: 
08-06 15:34:10.848  1239  1239 I Glide   : 	at com.bumptech.glide.integration.okhttp3.OkHttpStreamFetcher.onResponse(OkHttpStreamFetcher.java:73)
08-06 15:34:10.848  1239  1239 I Glide   : 	at okhttp3.RealCall$AsyncCall.execute(RealCall.java:174)
08-06 15:34:10.848  1239  1239 I Glide   : 	at okhttp3.internal.NamedRunnable.run(NamedRunnable.java:32)
08-06 15:34:10.848  1239  1239 I Glide   : 	at java.util.concurrent.ThreadPoolExecutor.runWorker(ThreadPoolExecutor.java:1113)
08-06 15:34:10.848  1239  1239 I Glide   : 	at java.util.concurrent.ThreadPoolExecutor$Worker.run(ThreadPoolExecutor.java:588)
08-06 15:34:10.848  1239  1239 I Glide   : 	at java.lang.Thread.run(Thread.java:818)
08-06 15:34:10.848  1239  1239 W Glide   : Load failed for http://sixgun.org/files/linuxoutlaws.jpg with size [224x224]
08-06 15:34:10.848  1239  1239 W Glide   : class com.bumptech.glide.load.engine.GlideException: Failed to load resource
08-06 15:34:10.848  1239  1239 W Glide   : There was 1 cause:
08-06 15:34:10.848  1239  1239 W Glide   : com.bumptech.glide.load.HttpException()
08-06 15:34:10.848  1239  1239 W Glide   :  call GlideException#logRootCauses(String) for more detail
08-06 15:34:10.848  1239  1239 W Glide   :   Cause (1 of 1): class com.bumptech.glide.load.engine.GlideException: Fetching data failed, class java.io.InputStream, REMOTE
08-06 15:34:10.848  1239  1239 W Glide   : There was 1 cause:
08-06 15:34:10.848  1239  1239 W Glide   : com.bumptech.glide.load.HttpException()
08-06 15:34:10.848  1239  1239 W Glide   :  call GlideException#logRootCauses(String) for more detail
08-06 15:34:10.848  1239  1239 W Glide   :     Cause (1 of 1): class com.bumptech.glide.load.HttpException: 
08-06 15:34:10.848  1239  1239 I Glide   : Root cause (1 of 1)
08-06 15:34:10.848  1239  1239 I Glide   : com.bumptech.glide.load.HttpException: 
08-06 15:34:10.848  1239  1239 I Glide   : 	at com.bumptech.glide.integration.okhttp3.OkHttpStreamFetcher.onResponse(OkHttpStreamFetcher.java:73)
08-06 15:34:10.848  1239  1239 I Glide   : 	at okhttp3.RealCall$AsyncCall.execute(RealCall.java:174)
08-06 15:34:10.848  1239  1239 I Glide   : 	at okhttp3.internal.NamedRunnable.run(NamedRunnable.java:32)
08-06 15:34:10.848  1239  1239 I Glide   : 	at java.util.concurrent.ThreadPoolExecutor.runWorker(ThreadPoolExecutor.java:1113)
08-06 15:34:10.848  1239  1239 I Glide   : 	at java.util.concurrent.ThreadPoolExecutor$Worker.run(ThreadPoolExecutor.java:588)
08-06 15:34:10.848  1239  1239 I Glide   : 	at java.lang.Thread.run(Thread.java:818)
08-06 15:34:10.978   380   380 W SurfaceFlinger: couldn't log to binary event log: overflow.
08-06 15:34:11.050  1239  1252 I art     : Starting a blocking GC Explicit
08-06 15:34:11.094  1239  1252 I art     : Explicit concurrent mark sweep GC freed 3108(211KB) AllocSpace objects, 1(20KB) LOS objects, 23% free, 51MB/67MB, paused 1.633ms total 43.764ms
08-06 15:34:11.107  1239  1252 I art     : Starting a blocking GC Explicit
08-06 15:34:11.150  1239  1252 I art     : Explicit concurrent mark sweep GC freed 3029(246KB) AllocSpace objects, 1(28KB) LOS objects, 23% free, 50MB/66MB, paused 1.707ms total 42.394ms
08-06 15:34:11.163  1239  1252 I art     : Starting a blocking GC Explicit
08-06 15:34:11.208  1239  1252 I art     : Explicit concurrent mark sweep GC freed 3(96B) AllocSpace objects, 0(0B) LOS objects, 23% free, 50MB/66MB, paused 1.752ms total 44.883ms
08-06 15:34:11.222  1239  1252 I art     : Starting a blocking GC Explicit
08-06 15:34:11.226 29768 29768 I ServiceManager: Waiting for service AtCmdFwd...
08-06 15:34:11.267  1239  1252 I art     : Explicit concurrent mark sweep GC freed 3(96B) AllocSpace objects, 0(0B) LOS objects, 23% free, 50MB/66MB, paused 1.632ms total 44.790ms
08-06 15:34:11.280  1239  1252 I art     : Starting a blocking GC Explicit
08-06 15:34:11.325  1239  1252 I art     : Explicit concurrent mark sweep GC freed 3(96B) AllocSpace objects, 0(0B) LOS objects, 23% free, 50MB/66MB, paused 1.631ms total 44.761ms
08-06 15:34:11.692  1239  1265 I art     : Starting a blocking GC Explicit
08-06 15:34:11.747  1239  1265 I art     : Explicit concurrent mark sweep GC freed 1383(81KB) AllocSpace objects, 1(20KB) LOS objects, 23% free, 50MB/66MB, paused 1.725ms total 55.011ms
08-06 15:34:11.764  1239  1265 I art     : Starting a blocking GC Explicit
08-06 15:34:11.808  1239  1265 I art     : Explicit concurrent mark sweep GC freed 23(752B) AllocSpace objects, 0(0B) LOS objects, 23% free, 50MB/66MB, paused 1.725ms total 43.837ms
08-06 15:34:11.821  1239  1265 I art     : Starting a blocking GC Explicit
08-06 15:34:11.865  1239  1265 I art     : Explicit concurrent mark sweep GC freed 3(96B) AllocSpace objects, 0(0B) LOS objects, 23% free, 50MB/66MB, paused 1.508ms total 43.304ms
08-06 15:34:11.878  1239  1265 I art     : Starting a blocking GC Explicit
08-06 15:34:11.920  1239  1265 I art     : Explicit concurrent mark sweep GC freed 3(96B) AllocSpace objects, 0(0B) LOS objects, 23% free, 50MB/66MB, paused 1.689ms total 41.895ms
08-06 15:34:11.933  1239  1265 I art     : Starting a blocking GC Explicit
08-06 15:34:11.975  1239  1265 I art     : Explicit concurrent mark sweep GC freed 3(96B) AllocSpace objects, 0(0B) LOS objects, 23% free, 50MB/66MB, paused 1.620ms total 41.276ms
08-06 15:34:12.227 29768 29768 I ServiceManager: Waiting for service AtCmdFwd...
08-06 15:34:12.329  1239  1252 I art     : Starting a blocking GC Explicit
08-06 15:34:12.375  1239  1252 I art     : Explicit concurrent mark sweep GC freed 1442(83KB) AllocSpace objects, 1(20KB) LOS objects, 23% free, 50MB/66MB, paused 1.743ms total 45.080ms
08-06 15:34:12.388  1239  1252 I art     : Starting a blocking GC Explicit
08-06 15:34:12.391  4509  4509 D AndroidRuntime: >>>>>> START com.android.internal.os.RuntimeInit uid 2000 <<<<<<
08-06 15:34:12.397  4509  4509 D AndroidRuntime: CheckJNI is OFF
08-06 15:34:12.431  1239  1252 I art     : Explicit concurrent mark sweep GC freed 35(1136B) AllocSpace objects, 0(0B) LOS objects, 23% free, 50MB/66MB, paused 1.653ms total 42.528ms
08-06 15:34:12.442  4509  4509 D ICU     : No timezone override file found: /data/misc/zoneinfo/current/icu/icu_tzdata.dat
08-06 15:34:12.444  1239  1252 I art     : Starting a blocking GC Explicit
08-06 15:34:12.487  1239  1252 I art     : Explicit concurrent mark sweep GC freed 18(576B) AllocSpace objects, 0(0B) LOS objects, 23% free, 50MB/66MB, paused 1.705ms total 42.581ms
08-06 15:34:12.487  4509  4509 I Radio-JNI: register_android_hardware_Radio DONE
08-06 15:34:12.499  1239  1252 I art     : Starting a blocking GC Explicit
08-06 15:34:12.517  4509  4509 D AndroidRuntime: Calling main entry com.android.commands.input.Input
08-06 15:34:12.519  4509  4509 I Input   : injectMotionEvent: MotionEvent { action=ACTION_DOWN, actionButton=0, id[0]=0, x[0]=526.0, y[0]=597.0, toolType[0]=TOOL_TYPE_UNKNOWN, buttonState=0, metaState=0, flags=0x0, edgeFlags=0x0, pointerCount=1, historySize=0, eventTime=891268931, downTime=891268931, deviceId=0, source=0x1002 }
08-06 15:34:12.525  4509  4509 I Input   : injectMotionEvent: MotionEvent { action=ACTION_UP, actionButton=0, id[0]=0, x[0]=526.0, y[0]=597.0, toolType[0]=TOOL_TYPE_UNKNOWN, buttonState=0, metaState=0, flags=0x0, edgeFlags=0x0, pointerCount=1, historySize=0, eventTime=891268931, downTime=891268931, deviceId=0, source=0x1002 }
08-06 15:34:12.527  4509  4509 D AndroidRuntime: Shutting down VM
08-06 15:34:12.540  1239  1252 I art     : Explicit concurrent mark sweep GC freed 15(480B) AllocSpace objects, 0(0B) LOS objects, 23% free, 50MB/66MB, paused 1.552ms total 40.069ms
08-06 15:34:12.552  1239  1252 I art     : Starting a blocking GC Explicit
08-06 15:34:12.590  1239  1252 I art     : Explicit concurrent mark sweep GC freed 16(672B) AllocSpace objects, 0(0B) LOS objects, 23% free, 50MB/66MB, paused 1.439ms total 38.300ms
08-06 15:34:12.591  1239  1239 D PodcastListFragment: Selected podcast: GpodnetPodcast [url=http://feeds.feedburner.com/linuxoutlaws, title=Linux Outlaws, description=Two pragmatic geeks talk about the latest news concerning Linux, free and open
08-06 15:34:12.591  1239  1239 D PodcastListFragment: technology or anything else they deem noteworthy which may include such absurd
08-06 15:34:12.591  1239  1239 D PodcastListFragment: things as hockey or bands you never heard of. This means there's many a joke
08-06 15:34:12.591  1239  1239 D PodcastListFragment: and derailed conversation along the way, so don't come here expecting only
08-06 15:34:12.591  1239  1239 D PodcastListFragment: Linux or software freedom talk  just sit back and relax, partner., subscribers=3321, logoUrl=http://sixgun.org/files/linuxoutlaws.jpg, website=http://sixgun.org, mygpoLink=http://gpodder.net/podcast/linux-outlaws-mp3]
08-06 15:34:12.592   918   929 I ActivityManager: START u0 {cmp=baseline.de.danoeh.antennapod.debug/baseline.de.danoeh.antennapod.activity.OnlineFeedViewActivity (has extras)} from uid 10711 on display 0
08-06 15:34:12.593   512  2967 D audio_hw_primary: out_set_parameters: enter: usecase(1: low-latency-playback) kvpairs: routing=2
08-06 15:34:12.607   512  2967 D audio_hw_primary: select_devices: out_snd_device(2: speaker) in_snd_device(0: none)
08-06 15:34:12.607   512  2967 D msm8974_platform: platform_send_audio_calibration: sending audio calibration for snd_device(2) acdb_id(15)
08-06 15:34:12.608   512  2967 I soundtrigger: audio_extn_sound_trigger_update_device_status: device 0x2 of type 0 for Event 1
08-06 15:34:12.615   918   937 W ProcessCpuTracker: Skipping unknown process pid 4517
08-06 15:34:12.615   918   937 W ProcessCpuTracker: Skipping unknown process pid 4519
08-06 15:34:12.616   918   937 W ProcessCpuTracker: Skipping unknown process pid 4520
08-06 15:34:12.618   512  2967 D audio_hw_primary: enable_snd_device: snd_device(2: speaker)
08-06 15:34:12.621   512  2967 D audio_hw_primary: enable_audio_route: apply and update mixer path: low-latency-playback speaker
08-06 15:34:12.625  1239  1239 D UserPreferences: Using default data folder
08-06 15:34:12.625  1239  1239 D OnlineFeedViewActivity: Activity was started with url http://feeds.feedburner.com/linuxoutlaws
08-06 15:34:12.628  1239  1239 D OnlineFeedViewActivity: Starting feed download
08-06 15:34:12.630  1239  1268 D DBReader: Extracting Feedlist
08-06 15:34:12.632   918  5481 D WifiService: acquireWifiLockLocked: WifiLock{Downloader type=1 binder=android.os.BinderProxy@27770d7}
08-06 15:34:12.633  1239  1268 D AntennapodHttpClient: Creating new instance of HTTP client
08-06 15:34:12.693  1239  1268 D MYTAG   : interceptor 3a http://feeds.feedburner.com/linuxoutlaws
08-06 15:34:12.693  1239  1268 I NAPPA_EXPERIMENTATION: MetricNetworkRequestExecutionTime: REQUEST_DURATION_SYSTEM='59',REQUEST_DURATION_OKHTTP='32',REQUEST_SYNCHRONOUS='TRUE',RESPONSE_CODE='200',RESPONSE_METHOD='GET',RESPONSE_LENGTH_OKHTTP='-1',RESPONSE_LENGTH_HEADER='-2',REQUEST_PROTOCOL='http/1.1',REQUEST_URL='http://feeds.feedburner.com/linuxoutlaws',
08-06 15:34:12.693  1239  1268 D HttpDownloader: Response code is 200
08-06 15:34:12.693  1239  1268 D UserPreferences: Using default data folder
08-06 15:34:12.695  1239  1268 D HttpDownloader: Getting size of download
08-06 15:34:12.695  1239  1268 D HttpDownloader: Size is -1
08-06 15:34:12.695  1239  1268 D UserPreferences: Using default data folder
08-06 15:34:12.695  1239  1268 D HttpDownloader: Free space is 20248846336
08-06 15:34:12.695  1239  1268 D HttpDownloader: Starting download
08-06 15:34:12.702  1239  1268 D HttpDownloader: Download was successful
08-06 15:34:12.702   918  3696 D WifiService: releaseWifiLockLocked: WifiLock{Downloader type=1 binder=android.os.BinderProxy@27770d7}
08-06 15:34:12.703 13866 13866 I GoogleInputMethodServic: GoogleInputMethodService.onFinishInput():3138 
08-06 15:34:12.703 13866 13866 I GoogleInputMethodServic: GoogleInputMethodService.onStartInput():1808 
08-06 15:34:12.736  1239  1239 D OnlineFeedViewActivity: Parsing feed
08-06 15:34:12.743  1239  4535 D TypeGetter: Recognized type RSS 2.0
08-06 15:34:12.743   918   936 I ActivityManager: Displayed baseline.de.danoeh.antennapod.debug/baseline.de.danoeh.antennapod.activity.OnlineFeedViewActivity: +140ms
08-06 15:34:12.746  1239  4535 D SyndHandler: Recognized Content namespace
08-06 15:34:12.747  1239  4535 D SyndHandler: Recognized DublinCore namespace
08-06 15:34:12.747  1239  4535 D SyndHandler: Recognized Atom namespace
08-06 15:34:12.748  1239  4535 D SyndHandler: Recognized ITunes namespace
08-06 15:34:12.748  1239  4535 D SyndHandler: Recognized media namespace
08-06 15:34:12.773  1239  1262 D OpenGLRenderer: endAllStagingAnimators on 0x7f7c353400 (GridView) with handle 0x7f79c22720
08-06 15:34:12.791  1239  4535 D OnlineFeedViewActivity: Deleted feed source file. Result: true
08-06 15:34:12.791  1239  1239 D OnlineFeedViewActivity: Removing HTML from shownotes
08-06 15:34:12.814  1239  2160 D ApOkHttpUrlLoader: buildLoadData() called with: model = [http://sixgun.org/files/linuxoutlaws.jpg], width = [350], height = [350]
08-06 15:34:12.818  1239  1987 D DBReader: getImageAuthentication() called with: imageUrl = [http://sixgun.org/files/linuxoutlaws.jpg]
08-06 15:34:12.822  1239  1987 D ApOkHttpUrlLoader: no credentials for 'http://sixgun.org/files/linuxoutlaws.jpg'
08-06 15:34:12.897  1239  1987 D DBWriter: updateFeedDownloadURL(original: http://sixgun.org/files/linuxoutlaws.jpg, updated: https://fab.industries/sixgun/files/linuxoutlaws.jpg)
08-06 15:34:12.929  1239  1581 I art     : Starting a blocking GC Explicit
08-06 15:34:12.982   380   380 W SurfaceFlinger: couldn't log to binary event log: overflow.
08-06 15:34:13.000  1239  1581 I art     : Explicit concurrent mark sweep GC freed 8562(952KB) AllocSpace objects, 15(828KB) LOS objects, 23% free, 51MB/67MB, paused 1.972ms total 71.167ms
08-06 15:34:13.014  1239  1581 I art     : Starting a blocking GC Explicit
08-06 15:34:13.043  1239  1987 D MYTAG   : interceptor 2a
08-06 15:34:13.043  1239  1987 I NAPPA_EXPERIMENTATION: MetricNetworkRequestExecutionTime: REQUEST_DURATION_SYSTEM='221',REQUEST_DURATION_OKHTTP='135',REQUEST_SYNCHRONOUS='TRUE',RESPONSE_CODE='404',RESPONSE_METHOD='GET',RESPONSE_LENGTH_OKHTTP='-1',RESPONSE_LENGTH_HEADER='1503',REQUEST_PROTOCOL='h2',REQUEST_URL='https://fab.industries/sixgun/files/linuxoutlaws.jpg',
08-06 15:34:13.044  1239  1239 W Glide   : Load failed for http://sixgun.org/files/linuxoutlaws.jpg with size [350x350]
08-06 15:34:13.044  1239  1239 W Glide   : class com.bumptech.glide.load.engine.GlideException: Failed to load resource
08-06 15:34:13.044  1239  1239 W Glide   : There was 1 cause:
08-06 15:34:13.044  1239  1239 W Glide   : com.bumptech.glide.load.HttpException()
08-06 15:34:13.044  1239  1239 W Glide   :  call GlideException#logRootCauses(String) for more detail
08-06 15:34:13.044  1239  1239 W Glide   :   Cause (1 of 1): class com.bumptech.glide.load.engine.GlideException: Fetching data failed, class java.io.InputStream, REMOTE
08-06 15:34:13.044  1239  1239 W Glide   : There was 1 cause:
08-06 15:34:13.044  1239  1239 W Glide   : com.bumptech.glide.load.HttpException()
08-06 15:34:13.044  1239  1239 W Glide   :  call GlideException#logRootCauses(String) for more detail
08-06 15:34:13.044  1239  1239 W Glide   :     Cause (1 of 1): class com.bumptech.glide.load.HttpException: 
08-06 15:34:13.044  1239  1239 I Glide   : Root cause (1 of 1)
08-06 15:34:13.044  1239  1239 I Glide   : com.bumptech.glide.load.HttpException: 
08-06 15:34:13.044  1239  1239 I Glide   : 	at com.bumptech.glide.integration.okhttp3.OkHttpStreamFetcher.onResponse(OkHttpStreamFetcher.java:73)
08-06 15:34:13.044  1239  1239 I Glide   : 	at okhttp3.RealCall$AsyncCall.execute(RealCall.java:174)
08-06 15:34:13.044  1239  1239 I Glide   : 	at okhttp3.internal.NamedRunnable.run(NamedRunnable.java:32)
08-06 15:34:13.044  1239  1239 I Glide   : 	at java.util.concurrent.ThreadPoolExecutor.runWorker(ThreadPoolExecutor.java:1113)
08-06 15:34:13.044  1239  1239 I Glide   : 	at java.util.concurrent.ThreadPoolExecutor$Worker.run(ThreadPoolExecutor.java:588)
08-06 15:34:13.044  1239  1239 I Glide   : 	at java.lang.Thread.run(Thread.java:818)
08-06 15:34:13.054  1239  1581 I art     : Explicit concurrent mark sweep GC freed 1806(109KB) AllocSpace objects, 0(0B) LOS objects, 23% free, 51MB/67MB, paused 1.657ms total 39.982ms
08-06 15:34:13.067  1239  1581 I art     : Starting a blocking GC Explicit
08-06 15:34:13.110  1239  1581 I art     : Explicit concurrent mark sweep GC freed 167(6KB) AllocSpace objects, 0(0B) LOS objects, 23% free, 51MB/67MB, paused 1.568ms total 41.892ms
08-06 15:34:13.119  1239  1239 D PlaybackController: Releasing PlaybackController
08-06 15:34:13.123  1239  1581 I art     : Starting a blocking GC Explicit
08-06 15:34:13.159   512  2967 D audio_hw_primary: disable_audio_route: reset and update mixer path: low-latency-playback speaker
08-06 15:34:13.160   512  2967 D audio_hw_primary: disable_snd_device: snd_device(2: speaker)
08-06 15:34:13.166  1239  1581 I art     : Explicit concurrent mark sweep GC freed 306(15KB) AllocSpace objects, 1(112KB) LOS objects, 23% free, 51MB/67MB, paused 1.467ms total 42.885ms
08-06 15:34:13.167   512  2967 I soundtrigger: audio_extn_sound_trigger_update_device_status: device 0x2 of type 0 for Event 0
08-06 15:34:13.178  1239  1581 I art     : Starting a blocking GC Explicit
08-06 15:34:13.222  1239  1581 I art     : Explicit concurrent mark sweep GC freed 19(640B) AllocSpace objects, 0(0B) LOS objects, 23% free, 51MB/67MB, paused 1.639ms total 43.129ms
08-06 15:34:13.227 29768 29768 W Atfwd_Sendcmd: AtCmdFwd service not published, waiting... retryCnt : 3
08-06 15:34:13.605  1239  1265 I art     : Starting a blocking GC Explicit
08-06 15:34:13.661  1239  1265 I art     : Explicit concurrent mark sweep GC freed 1384(81KB) AllocSpace objects, 1(20KB) LOS objects, 23% free, 51MB/67MB, paused 1.758ms total 55.686ms
08-06 15:34:13.678  1239  1265 I art     : Starting a blocking GC Explicit
08-06 15:34:13.725  1239  1265 I art     : Explicit concurrent mark sweep GC freed 23(752B) AllocSpace objects, 0(0B) LOS objects, 23% free, 51MB/67MB, paused 1.653ms total 46.829ms
08-06 15:34:13.739  1239  1265 I art     : Starting a blocking GC Explicit
08-06 15:34:13.785  1239  1265 I art     : Explicit concurrent mark sweep GC freed 3(96B) AllocSpace objects, 0(0B) LOS objects, 23% free, 51MB/67MB, paused 1.661ms total 46.243ms
08-06 15:34:13.799  1239  1265 I art     : Starting a blocking GC Explicit
08-06 15:34:13.845  1239  1265 I art     : Explicit concurrent mark sweep GC freed 3(96B) AllocSpace objects, 0(0B) LOS objects, 23% free, 51MB/67MB, paused 1.650ms total 45.541ms
08-06 15:34:13.858  1239  1265 I art     : Starting a blocking GC Explicit
08-06 15:34:13.905  1239  1265 I art     : Explicit concurrent mark sweep GC freed 3(96B) AllocSpace objects, 0(0B) LOS objects, 23% free, 51MB/67MB, paused 1.633ms total 46.676ms
08-06 15:34:14.285  1239  1251 I art     : Starting a blocking GC Explicit
08-06 15:34:14.346  1239  1251 I art     : Explicit concurrent mark sweep GC freed 1410(81KB) AllocSpace objects, 1(20KB) LOS objects, 23% free, 51MB/67MB, paused 1.726ms total 60.505ms
08-06 15:34:14.363  1239  1251 I art     : Starting a blocking GC Explicit
08-06 15:34:14.415  1239  1251 I art     : Explicit concurrent mark sweep GC freed 23(752B) AllocSpace objects, 0(0B) LOS objects, 23% free, 51MB/67MB, paused 1.619ms total 51.574ms
08-06 15:34:14.429  1239  1251 I art     : Starting a blocking GC Explicit
08-06 15:34:14.476  1239  1251 I art     : Explicit concurrent mark sweep GC freed 10(320B) AllocSpace objects, 0(0B) LOS objects, 23% free, 51MB/67MB, paused 1.565ms total 47.448ms
08-06 15:34:14.490  1239  1251 I art     : Starting a blocking GC Explicit
08-06 15:34:14.536  1239  1251 I art     : Explicit concurrent mark sweep GC freed 10(320B) AllocSpace objects, 0(0B) LOS objects, 23% free, 51MB/67MB, paused 1.788ms total 45.789ms
08-06 15:34:14.549  1239  1251 I art     : Starting a blocking GC Explicit
08-06 15:34:14.595  1239  1251 I art     : Explicit concurrent mark sweep GC freed 11(352B) AllocSpace objects, 0(0B) LOS objects, 23% free, 51MB/67MB, paused 1.761ms total 45.734ms
08-06 15:34:15.005  1239  1265 I art     : Starting a blocking GC Explicit
08-06 15:34:15.070  1239  1265 I art     : Explicit concurrent mark sweep GC freed 1418(82KB) AllocSpace objects, 1(20KB) LOS objects, 23% free, 51MB/67MB, paused 1.994ms total 64.931ms
08-06 15:34:15.086  1239  1265 I art     : Starting a blocking GC Explicit
08-06 15:34:15.136  1239  1265 I art     : Explicit concurrent mark sweep GC freed 23(752B) AllocSpace objects, 0(0B) LOS objects, 23% free, 51MB/67MB, paused 1.737ms total 49.110ms
08-06 15:34:15.150  1239  1265 I art     : Starting a blocking GC Explicit
08-06 15:34:15.201  1239  1265 I art     : Explicit concurrent mark sweep GC freed 3(96B) AllocSpace objects, 0(0B) LOS objects, 23% free, 51MB/67MB, paused 1.783ms total 50.513ms
08-06 15:34:15.215  1239  1265 I art     : Starting a blocking GC Explicit
08-06 15:34:15.264  1239  1265 I art     : Explicit concurrent mark sweep GC freed 3(96B) AllocSpace objects, 0(0B) LOS objects, 23% free, 51MB/67MB, paused 1.725ms total 49.480ms
08-06 15:34:15.278  1239  1265 I art     : Starting a blocking GC Explicit
08-06 15:34:15.329  1239  1265 I art     : Explicit concurrent mark sweep GC freed 3(96B) AllocSpace objects, 0(0B) LOS objects, 23% free, 51MB/67MB, paused 1.850ms total 49.770ms
08-06 15:34:15.747  1239  1252 I art     : Starting a blocking GC Explicit
08-06 15:34:15.806  1239  1252 I art     : Explicit concurrent mark sweep GC freed 1381(81KB) AllocSpace objects, 1(20KB) LOS objects, 23% free, 51MB/67MB, paused 1.793ms total 58.202ms
08-06 15:34:15.822  1239  1252 I art     : Starting a blocking GC Explicit
08-06 15:34:15.872  1239  1252 I art     : Explicit concurrent mark sweep GC freed 23(752B) AllocSpace objects, 0(0B) LOS objects, 23% free, 51MB/67MB, paused 1.702ms total 49.357ms
08-06 15:34:15.886  1239  1252 I art     : Starting a blocking GC Explicit
08-06 15:34:15.935  1239  1252 I art     : Explicit concurrent mark sweep GC freed 3(96B) AllocSpace objects, 0(0B) LOS objects, 23% free, 51MB/67MB, paused 1.741ms total 49.209ms
08-06 15:34:15.950  1239  1252 I art     : Starting a blocking GC Explicit
08-06 15:34:15.999  1239  1252 I art     : Explicit concurrent mark sweep GC freed 3(96B) AllocSpace objects, 0(0B) LOS objects, 23% free, 51MB/67MB, paused 1.860ms total 49.039ms
08-06 15:34:16.013  1239  1252 I art     : Starting a blocking GC Explicit
08-06 15:34:16.063  1239  1252 I art     : Explicit concurrent mark sweep GC freed 32(880B) AllocSpace objects, 0(0B) LOS objects, 23% free, 51MB/67MB, paused 1.728ms total 50.239ms
08-06 15:34:16.471  1239  1251 I art     : Starting a blocking GC Explicit
08-06 15:34:16.525  1239  1251 I art     : Explicit concurrent mark sweep GC freed 1381(81KB) AllocSpace objects, 1(20KB) LOS objects, 23% free, 51MB/67MB, paused 1.720ms total 54.293ms
08-06 15:34:16.539  1239  1251 I art     : Starting a blocking GC Explicit
08-06 15:34:16.589  1239  1251 I art     : Explicit concurrent mark sweep GC freed 23(752B) AllocSpace objects, 0(0B) LOS objects, 23% free, 51MB/67MB, paused 1.777ms total 49.787ms
08-06 15:34:16.603  1239  1251 I art     : Starting a blocking GC Explicit
08-06 15:34:16.652  1239  1251 I art     : Explicit concurrent mark sweep GC freed 3(96B) AllocSpace objects, 0(0B) LOS objects, 23% free, 51MB/67MB, paused 1.677ms total 48.695ms
08-06 15:34:16.667  1239  1251 I art     : Starting a blocking GC Explicit
08-06 15:34:16.717  1239  1251 I art     : Explicit concurrent mark sweep GC freed 3(96B) AllocSpace objects, 0(0B) LOS objects, 23% free, 51MB/67MB, paused 1.587ms total 49.896ms
08-06 15:34:16.731  1239  1251 I art     : Starting a blocking GC Explicit
08-06 15:34:16.778  1239  1251 I art     : Explicit concurrent mark sweep GC freed 3(96B) AllocSpace objects, 0(0B) LOS objects, 23% free, 51MB/67MB, paused 1.638ms total 47.212ms
08-06 15:34:17.157  1239  3042 I art     : Starting a blocking GC Explicit
08-06 15:34:17.214  1239  3042 I art     : Explicit concurrent mark sweep GC freed 1412(84KB) AllocSpace objects, 1(20KB) LOS objects, 23% free, 50MB/66MB, paused 1.773ms total 55.935ms
08-06 15:34:17.231  1239  3042 I art     : Starting a blocking GC Explicit
08-06 15:34:17.278  1239  3042 I art     : Explicit concurrent mark sweep GC freed 23(752B) AllocSpace objects, 0(0B) LOS objects, 23% free, 50MB/66MB, paused 1.763ms total 47.086ms
08-06 15:34:17.292  1239  3042 I art     : Starting a blocking GC Explicit
08-06 15:34:17.335  4596  4596 D AndroidRuntime: >>>>>> START com.android.internal.os.RuntimeInit uid 2000 <<<<<<
08-06 15:34:17.338  1239  3042 I art     : Explicit concurrent mark sweep GC freed 3(96B) AllocSpace objects, 0(0B) LOS objects, 23% free, 50MB/66MB, paused 1.831ms total 45.872ms
08-06 15:34:17.341  4596  4596 D AndroidRuntime: CheckJNI is OFF
08-06 15:34:17.351  1239  3042 I art     : Starting a blocking GC Explicit
08-06 15:34:17.386  4596  4596 D ICU     : No timezone override file found: /data/misc/zoneinfo/current/icu/icu_tzdata.dat
08-06 15:34:17.397  1239  3042 I art     : Explicit concurrent mark sweep GC freed 3(96B) AllocSpace objects, 0(0B) LOS objects, 23% free, 50MB/66MB, paused 1.664ms total 45.464ms
08-06 15:34:17.410  1239  3042 I art     : Starting a blocking GC Explicit
08-06 15:34:17.434  4596  4596 I Radio-JNI: register_android_hardware_Radio DONE
08-06 15:34:17.457  1239  3042 I art     : Explicit concurrent mark sweep GC freed 3(96B) AllocSpace objects, 0(0B) LOS objects, 23% free, 50MB/66MB, paused 1.703ms total 46.557ms
08-06 15:34:17.464  4596  4596 D AndroidRuntime: Calling main entry com.android.commands.input.Input
08-06 15:34:17.466  4596  4596 I Input   : injectKeyEvent: KeyEvent { action=ACTION_DOWN, keyCode=KEYCODE_BACK, scanCode=0, metaState=0, flags=0x0, repeatCount=0, eventTime=891273879, downTime=891273879, deviceId=-1, source=0x101 }
08-06 15:34:17.473  4596  4596 I Input   : injectKeyEvent: KeyEvent { action=ACTION_UP, keyCode=KEYCODE_BACK, scanCode=0, metaState=0, flags=0x0, repeatCount=0, eventTime=891273879, downTime=891273879, deviceId=-1, source=0x101 }
08-06 15:34:17.484  4596  4596 D AndroidRuntime: Shutting down VM
08-06 15:34:17.495  1239  1239 V PlaybackController: initServiceNotRunning()
08-06 15:34:17.495  1239  1239 D ExternalPlayerFragment: Loading media info
08-06 15:34:17.500  1239  2160 D ApOkHttpUrlLoader: buildLoadData() called with: model = [http://sixgun.org/files/linuxoutlaws.jpg], width = [224], height = [224]
08-06 15:34:17.501  1239  1987 D DBReader: getImageAuthentication() called with: imageUrl = [http://sixgun.org/files/linuxoutlaws.jpg]
08-06 15:34:17.503  1239  1239 D UserPreferences: Using default data folder
08-06 15:34:17.504  1239  1987 D ApOkHttpUrlLoader: no credentials for 'http://sixgun.org/files/linuxoutlaws.jpg'
08-06 15:34:17.504  1239  1268 D DBReader: getNavDrawerData() called with: 
08-06 15:34:17.517  1239  1268 D DBReader: getDownloadedItems() called
08-06 15:34:17.518  1239  1268 D DBReader: getFavoriteIDList() called
08-06 15:34:17.518  1239  1268 D DBReader: getQueueIDList() called
08-06 15:34:17.519  1239  1268 D DBReader: Extracting Feedlist
08-06 15:34:17.540 13866 13866 I GoogleInputMethodServic: GoogleInputMethodService.onFinishInput():3138 
08-06 15:34:17.541 13866 13866 I GoogleInputMethodServic: GoogleInputMethodService.onStartInput():1808 
08-06 15:34:17.561  1239  1239 D MainActivity: getLastNavFragment() -> AddFeedFragment
08-06 15:34:17.605  1239  1987 D DBWriter: updateFeedDownloadURL(original: http://sixgun.org/files/linuxoutlaws.jpg, updated: https://fab.industries/sixgun/files/linuxoutlaws.jpg)
08-06 15:34:17.746  1239  1987 D MYTAG   : interceptor 2a
08-06 15:34:17.747  1239  1987 I NAPPA_EXPERIMENTATION: MetricNetworkRequestExecutionTime: REQUEST_DURATION_SYSTEM='242',REQUEST_DURATION_OKHTTP='139',REQUEST_SYNCHRONOUS='TRUE',RESPONSE_CODE='404',RESPONSE_METHOD='GET',RESPONSE_LENGTH_OKHTTP='-1',RESPONSE_LENGTH_HEADER='1503',REQUEST_PROTOCOL='h2',REQUEST_URL='https://fab.industries/sixgun/files/linuxoutlaws.jpg',
08-06 15:34:17.748  1239  1239 W Glide   : Load failed for http://sixgun.org/files/linuxoutlaws.jpg with size [224x224]
08-06 15:34:17.748  1239  1239 W Glide   : class com.bumptech.glide.load.engine.GlideException: Failed to load resource
08-06 15:34:17.748  1239  1239 W Glide   : There was 1 cause:
08-06 15:34:17.748  1239  1239 W Glide   : com.bumptech.glide.load.HttpException()
08-06 15:34:17.748  1239  1239 W Glide   :  call GlideException#logRootCauses(String) for more detail
08-06 15:34:17.748  1239  1239 W Glide   :   Cause (1 of 1): class com.bumptech.glide.load.engine.GlideException: Fetching data failed, class java.io.InputStream, REMOTE
08-06 15:34:17.748  1239  1239 W Glide   : There was 1 cause:
08-06 15:34:17.748  1239  1239 W Glide   : com.bumptech.glide.load.HttpException()
08-06 15:34:17.748  1239  1239 W Glide   :  call GlideException#logRootCauses(String) for more detail
08-06 15:34:17.748  1239  1239 W Glide   :     Cause (1 of 1): class com.bumptech.glide.load.HttpException: 
08-06 15:34:17.748  1239  1239 I Glide   : Root cause (1 of 1)
08-06 15:34:17.748  1239  1239 I Glide   : com.bumptech.glide.load.HttpException: 
08-06 15:34:17.748  1239  1239 I Glide   : 	at com.bumptech.glide.integration.okhttp3.OkHttpStreamFetcher.onResponse(OkHttpStreamFetcher.java:73)
08-06 15:34:17.748  1239  1239 I Glide   : 	at okhttp3.RealCall$AsyncCall.execute(RealCall.java:174)
08-06 15:34:17.748  1239  1239 I Glide   : 	at okhttp3.internal.NamedRunnable.run(NamedRunnable.java:32)
08-06 15:34:17.748  1239  1239 I Glide   : 	at java.util.concurrent.ThreadPoolExecutor.runWorker(ThreadPoolExecutor.java:1113)
08-06 15:34:17.748  1239  1239 I Glide   : 	at java.util.concurrent.ThreadPoolExecutor$Worker.run(ThreadPoolExecutor.java:588)
08-06 15:34:17.748  1239  1239 I Glide   : 	at java.lang.Thread.run(Thread.java:818)
08-06 15:34:17.749  1239  1239 W Glide   : Load failed for http://sixgun.org/files/linuxoutlaws.jpg with size [224x224]
08-06 15:34:17.749  1239  1239 W Glide   : class com.bumptech.glide.load.engine.GlideException: Failed to load resource
08-06 15:34:17.749  1239  1239 W Glide   : There was 1 cause:
08-06 15:34:17.749  1239  1239 W Glide   : com.bumptech.glide.load.HttpException()
08-06 15:34:17.749  1239  1239 W Glide   :  call GlideException#logRootCauses(String) for more detail
08-06 15:34:17.749  1239  1239 W Glide   :   Cause (1 of 1): class com.bumptech.glide.load.engine.GlideException: Fetching data failed, class java.io.InputStream, REMOTE
08-06 15:34:17.749  1239  1239 W Glide   : There was 1 cause:
08-06 15:34:17.749  1239  1239 W Glide   : com.bumptech.glide.load.HttpException()
08-06 15:34:17.749  1239  1239 W Glide   :  call GlideException#logRootCauses(String) for more detail
08-06 15:34:17.749  1239  1239 W Glide   :     Cause (1 of 1): class com.bumptech.glide.load.HttpException: 
08-06 15:34:17.749  1239  1239 I Glide   : Root cause (1 of 1)
08-06 15:34:17.749  1239  1239 I Glide   : com.bumptech.glide.load.HttpException: 
08-06 15:34:17.749  1239  1239 I Glide   : 	at com.bumptech.glide.integration.okhttp3.OkHttpStreamFetcher.onResponse(OkHttpStreamFetcher.java:73)
08-06 15:34:17.749  1239  1239 I Glide   : 	at okhttp3.RealCall$AsyncCall.execute(RealCall.java:174)
08-06 15:34:17.749  1239  1239 I Glide   : 	at okhttp3.internal.NamedRunnable.run(NamedRunnable.java:32)
08-06 15:34:17.749  1239  1239 I Glide   : 	at java.util.concurrent.ThreadPoolExecutor.runWorker(ThreadPoolExecutor.java:1113)
08-06 15:34:17.749  1239  1239 I Glide   : 	at java.util.concurrent.ThreadPoolExecutor$Worker.run(ThreadPoolExecutor.java:588)
08-06 15:34:17.749  1239  1239 I Glide   : 	at java.lang.Thread.run(Thread.java:818)
08-06 15:34:17.790  1239  1265 I art     : Starting a blocking GC Explicit
08-06 15:34:17.836   380   380 W SurfaceFlinger: couldn't log to binary event log: overflow.
08-06 15:34:17.844  1239  1265 I art     : Explicit concurrent mark sweep GC freed 3701(261KB) AllocSpace objects, 1(20KB) LOS objects, 23% free, 51MB/67MB, paused 2.418ms total 54.223ms
08-06 15:34:17.860  1239  1265 I art     : Starting a blocking GC Explicit
08-06 15:34:17.900  1239  1265 I art     : Explicit concurrent mark sweep GC freed 1074(51KB) AllocSpace objects, 0(0B) LOS objects, 23% free, 50MB/66MB, paused 1.641ms total 40.313ms
08-06 15:34:17.913  1239  1265 I art     : Starting a blocking GC Explicit
08-06 15:34:17.954  1239  1265 I art     : Explicit concurrent mark sweep GC freed 2858(235KB) AllocSpace objects, 1(28KB) LOS objects, 23% free, 50MB/66MB, paused 1.639ms total 40.735ms
08-06 15:34:17.967  1239  1265 I art     : Starting a blocking GC Explicit
08-06 15:34:18.011  1239  1265 I art     : Explicit concurrent mark sweep GC freed 32(880B) AllocSpace objects, 0(0B) LOS objects, 23% free, 50MB/66MB, paused 1.659ms total 43.796ms
08-06 15:34:18.024  1239  1265 I art     : Starting a blocking GC Explicit
08-06 15:34:18.069  1239  1265 I art     : Explicit concurrent mark sweep GC freed 3(96B) AllocSpace objects, 0(0B) LOS objects, 23% free, 50MB/66MB, paused 1.735ms total 44.403ms
08-06 15:34:18.439  1239  1581 I art     : Starting a blocking GC Explicit
08-06 15:34:18.450  5179  5194 D QcrilMsgTunnelSocket: readRilMessage: Buffer = [B@671e81d HexData = [010000000404000011000000514f454d484f4f4bef0308000100000003]
08-06 15:34:18.450  5179  5194 D QcrilMsgTunnelSocket: Rcvd UNSOL response with 28 bytes data for SUB0
08-06 15:34:18.450  5179  5194 D QcrilMsgTunnelSocket: Response ID 525295 is not served in this process.
08-06 15:34:18.450  5179  5194 D QcrilMsgTunnelSocket: To broadcast an Intent via the notifier to external apps
08-06 15:34:18.450  5179  5179 D QcrilMsgTunnelIfaceManager: handleMessage what = 0
08-06 15:34:18.450  5179  5179 D QcrilMsgTunnelIfaceManager: Broadcasting intent ACTION_UNSOL_RESPONSE_OEM_HOOK_RAW
08-06 15:34:18.454  5164  5164 D QC_RIL_OEM_HOOK: Received Broadcast Intent ACTION_UNSOL_RESPONSE_OEM_HOOK_RAW
08-06 15:34:18.455  5164  5164 D QC_RIL_OEM_HOOK: Oem ID in QCRILHOOK UNSOL RESP is QOEMHOOK
08-06 15:34:18.490  1239  1581 I art     : Explicit concurrent mark sweep GC freed 1406(84KB) AllocSpace objects, 1(20KB) LOS objects, 23% free, 50MB/66MB, paused 1.511ms total 50.336ms
08-06 15:34:18.502  1239  1581 I art     : Starting a blocking GC Explicit
08-06 15:34:18.545  1239  1581 I art     : Explicit concurrent mark sweep GC freed 27(912B) AllocSpace objects, 0(0B) LOS objects, 23% free, 50MB/66MB, paused 1.574ms total 42.659ms
08-06 15:34:18.558  1239  1581 I art     : Starting a blocking GC Explicit
08-06 15:34:18.602  1239  1581 I art     : Explicit concurrent mark sweep GC freed 3(96B) AllocSpace objects, 0(0B) LOS objects, 23% free, 50MB/66MB, paused 1.504ms total 43.695ms
08-06 15:34:18.615  1239  1581 I art     : Starting a blocking GC Explicit
08-06 15:34:18.660  1239  1581 I art     : Explicit concurrent mark sweep GC freed 3(96B) AllocSpace objects, 0(0B) LOS objects, 23% free, 50MB/66MB, paused 1.638ms total 44.449ms
08-06 15:34:18.673  1239  1581 I art     : Starting a blocking GC Explicit
08-06 15:34:18.717  1239  1581 I art     : Explicit concurrent mark sweep GC freed 3(96B) AllocSpace objects, 0(0B) LOS objects, 23% free, 50MB/66MB, paused 1.500ms total 43.809ms
08-06 15:34:19.072  1239  1252 I art     : Starting a blocking GC Explicit
08-06 15:34:19.121  1239  1252 I art     : Explicit concurrent mark sweep GC freed 1412(82KB) AllocSpace objects, 1(20KB) LOS objects, 23% free, 50MB/66MB, paused 1.737ms total 48.373ms
08-06 15:34:19.134  1239  1252 I art     : Starting a blocking GC Explicit
08-06 15:34:19.178  1239  1252 I art     : Explicit concurrent mark sweep GC freed 36(1168B) AllocSpace objects, 0(0B) LOS objects, 23% free, 50MB/66MB, paused 1.778ms total 43.471ms
08-06 15:34:19.190  1239  1252 I art     : Starting a blocking GC Explicit
08-06 15:34:19.233  1239  1252 I art     : Explicit concurrent mark sweep GC freed 18(576B) AllocSpace objects, 0(0B) LOS objects, 23% free, 50MB/66MB, paused 1.745ms total 42.126ms
08-06 15:34:19.245  1239  1252 I art     : Starting a blocking GC Explicit
08-06 15:34:19.261  4647  4647 D AndroidRuntime: >>>>>> START com.android.internal.os.RuntimeInit uid 2000 <<<<<<
08-06 15:34:19.267  4647  4647 D AndroidRuntime: CheckJNI is OFF
08-06 15:34:19.288  1239  1252 I art     : Explicit concurrent mark sweep GC freed 14(448B) AllocSpace objects, 0(0B) LOS objects, 23% free, 50MB/66MB, paused 1.652ms total 42.392ms
08-06 15:34:19.301  1239  1252 I art     : Starting a blocking GC Explicit
08-06 15:34:19.313  4647  4647 D ICU     : No timezone override file found: /data/misc/zoneinfo/current/icu/icu_tzdata.dat
08-06 15:34:19.343  1239  1252 I art     : Explicit concurrent mark sweep GC freed 19(608B) AllocSpace objects, 0(0B) LOS objects, 23% free, 50MB/66MB, paused 1.582ms total 41.969ms
08-06 15:34:19.360  4647  4647 I Radio-JNI: register_android_hardware_Radio DONE
08-06 15:34:19.389  4647  4647 D AndroidRuntime: Calling main entry com.android.commands.input.Input
08-06 15:34:19.390  4647  4647 I Input   : injectKeyEvent: KeyEvent { action=ACTION_DOWN, keyCode=KEYCODE_BACK, scanCode=0, metaState=0, flags=0x0, repeatCount=0, eventTime=891275803, downTime=891275803, deviceId=-1, source=0x101 }
08-06 15:34:19.397  4647  4647 I Input   : injectKeyEvent: KeyEvent { action=ACTION_UP, keyCode=KEYCODE_BACK, scanCode=0, metaState=0, flags=0x0, repeatCount=0, eventTime=891275803, downTime=891275803, deviceId=-1, source=0x101 }
08-06 15:34:19.419  4647  4647 D AndroidRuntime: Shutting down VM
08-06 15:34:19.680  1239  1251 I art     : Starting a blocking GC Explicit
08-06 15:34:19.736  1239  1251 I art     : Explicit concurrent mark sweep GC freed 3569(171KB) AllocSpace objects, 1(20KB) LOS objects, 23% free, 50MB/66MB, paused 1.713ms total 55.584ms
08-06 15:34:19.753  1239  1251 I art     : Starting a blocking GC Explicit
08-06 15:34:19.797  1239  1251 I art     : Explicit concurrent mark sweep GC freed 5341(394KB) AllocSpace objects, 9(1620KB) LOS objects, 24% free, 48MB/64MB, paused 1.581ms total 43.480ms
08-06 15:34:19.810  1239  1251 I art     : Starting a blocking GC Explicit
08-06 15:34:19.852  1239  1251 I art     : Explicit concurrent mark sweep GC freed 3(96B) AllocSpace objects, 0(0B) LOS objects, 24% free, 48MB/64MB, paused 1.579ms total 42.313ms
08-06 15:34:19.865  1239  1251 I art     : Starting a blocking GC Explicit
08-06 15:34:19.907  1239  1251 I art     : Explicit concurrent mark sweep GC freed 3(96B) AllocSpace objects, 0(0B) LOS objects, 24% free, 48MB/64MB, paused 1.685ms total 41.931ms
08-06 15:34:19.921  1239  1251 I art     : Starting a blocking GC Explicit
08-06 15:34:19.962  1239  1251 I art     : Explicit concurrent mark sweep GC freed 3(96B) AllocSpace objects, 0(0B) LOS objects, 24% free, 48MB/64MB, paused 1.568ms total 41.606ms
08-06 15:34:20.341  1239  1265 I art     : Starting a blocking GC Explicit
08-06 15:34:20.387  1239  1265 I art     : Explicit concurrent mark sweep GC freed 1411(82KB) AllocSpace objects, 1(20KB) LOS objects, 24% free, 48MB/64MB, paused 1.619ms total 46.113ms
08-06 15:34:20.400  1239  1265 I art     : Starting a blocking GC Explicit
08-06 15:34:20.444  1239  1265 I art     : Explicit concurrent mark sweep GC freed 23(752B) AllocSpace objects, 0(0B) LOS objects, 24% free, 48MB/64MB, paused 1.702ms total 43.195ms
08-06 15:34:20.462  1239  1265 I art     : Starting a blocking GC Explicit
08-06 15:34:20.503  1239  1265 I art     : Explicit concurrent mark sweep GC freed 3(96B) AllocSpace objects, 0(0B) LOS objects, 24% free, 48MB/64MB, paused 1.581ms total 41.230ms
08-06 15:34:20.516  1239  1265 I art     : Starting a blocking GC Explicit
08-06 15:34:20.559  1239  1265 I art     : Explicit concurrent mark sweep GC freed 3(96B) AllocSpace objects, 0(0B) LOS objects, 24% free, 48MB/64MB, paused 1.552ms total 42.827ms
08-06 15:34:20.572  1239  1265 I art     : Starting a blocking GC Explicit
08-06 15:34:20.614  1239  1265 I art     : Explicit concurrent mark sweep GC freed 3(96B) AllocSpace objects, 0(0B) LOS objects, 24% free, 48MB/64MB, paused 1.584ms total 41.892ms
08-06 15:34:20.961  1239  1252 I art     : Starting a blocking GC Explicit
08-06 15:34:21.011  1239  1252 I art     : Explicit concurrent mark sweep GC freed 1410(82KB) AllocSpace objects, 1(20KB) LOS objects, 24% free, 48MB/64MB, paused 1.809ms total 49.194ms
08-06 15:34:21.027  1239  1252 I art     : Starting a blocking GC Explicit
08-06 15:34:21.068  1239  1252 I art     : Explicit concurrent mark sweep GC freed 28(912B) AllocSpace objects, 0(0B) LOS objects, 24% free, 48MB/64MB, paused 1.630ms total 40.085ms
08-06 15:34:21.080  1239  1252 I art     : Starting a blocking GC Explicit
08-06 15:34:21.122  1239  1252 I art     : Explicit concurrent mark sweep GC freed 9(288B) AllocSpace objects, 0(0B) LOS objects, 24% free, 48MB/64MB, paused 1.566ms total 41.697ms
08-06 15:34:21.135  1239  1252 I art     : Starting a blocking GC Explicit
08-06 15:34:21.177  1239  1252 I art     : Explicit concurrent mark sweep GC freed 11(352B) AllocSpace objects, 0(0B) LOS objects, 24% free, 48MB/64MB, paused 1.614ms total 41.668ms
08-06 15:34:21.191  1239  1252 I art     : Starting a blocking GC Explicit
08-06 15:34:21.224  4691  4691 D AndroidRuntime: >>>>>> START com.android.internal.os.RuntimeInit uid 2000 <<<<<<
08-06 15:34:21.230  4691  4691 D AndroidRuntime: CheckJNI is OFF
08-06 15:34:21.232  1239  1252 I art     : Explicit concurrent mark sweep GC freed 9(288B) AllocSpace objects, 0(0B) LOS objects, 24% free, 48MB/64MB, paused 1.773ms total 41.046ms
08-06 15:34:21.272  4691  4691 D ICU     : No timezone override file found: /data/misc/zoneinfo/current/icu/icu_tzdata.dat
08-06 15:34:21.316  4691  4691 I Radio-JNI: register_android_hardware_Radio DONE
08-06 15:34:21.346  4691  4691 D AndroidRuntime: Calling main entry com.android.commands.input.Input
08-06 15:34:21.348  4691  4691 I Input   : injectMotionEvent: MotionEvent { action=ACTION_DOWN, actionButton=0, id[0]=0, x[0]=603.0, y[0]=1061.0, toolType[0]=TOOL_TYPE_UNKNOWN, buttonState=0, metaState=0, flags=0x0, edgeFlags=0x0, pointerCount=1, historySize=0, eventTime=891277761, downTime=891277761, deviceId=0, source=0x1002 }
08-06 15:34:21.354  4691  4691 I Input   : injectMotionEvent: MotionEvent { action=ACTION_UP, actionButton=0, id[0]=0, x[0]=603.0, y[0]=1061.0, toolType[0]=TOOL_TYPE_UNKNOWN, buttonState=0, metaState=0, flags=0x0, edgeFlags=0x0, pointerCount=1, historySize=0, eventTime=891277761, downTime=891277761, deviceId=0, source=0x1002 }
08-06 15:34:21.356  4691  4691 D AndroidRuntime: Shutting down VM
08-06 15:34:21.378   512  2967 D audio_hw_primary: out_set_parameters: enter: usecase(1: low-latency-playback) kvpairs: routing=2
08-06 15:34:21.391   512  2967 D audio_hw_primary: select_devices: out_snd_device(2: speaker) in_snd_device(0: none)
08-06 15:34:21.391   512  2967 D msm8974_platform: platform_send_audio_calibration: sending audio calibration for snd_device(2) acdb_id(15)
08-06 15:34:21.391   512  2967 I soundtrigger: audio_extn_sound_trigger_update_device_status: device 0x2 of type 0 for Event 1
08-06 15:34:21.402   512  2967 D audio_hw_primary: enable_snd_device: snd_device(2: speaker)
08-06 15:34:21.405   512  2967 D audio_hw_primary: enable_audio_route: apply and update mixer path: low-latency-playback speaker
08-06 15:34:21.524  1239  3703 I NAPPA_EXPERIMENTATION: MetricNetworkRequestExecutionTime: REQUEST_DURATION_SYSTEM='123',REQUEST_DURATION_OKHTTP='121',REQUEST_SYNCHRONOUS='TRUE',RESPONSE_CODE='200',RESPONSE_METHOD='GET',RESPONSE_LENGTH_OKHTTP='2923',RESPONSE_LENGTH_HEADER='2923',REQUEST_PROTOCOL='http/1.1',REQUEST_URL='https://gpodder.net/api/2/tags/50.json',
08-06 15:34:21.527  1239  4718 I NAPPA_EXPERIMENTATION: MetricNetworkRequestExecutionTime: REQUEST_DURATION_SYSTEM='129',REQUEST_DURATION_OKHTTP='128',REQUEST_SYNCHRONOUS='TRUE',RESPONSE_CODE='200',RESPONSE_METHOD='GET',RESPONSE_LENGTH_OKHTTP='37507',RESPONSE_LENGTH_HEADER='37507',REQUEST_PROTOCOL='http/1.1',REQUEST_URL='https://gpodder.net/toplist/50.json',
08-06 15:34:21.578  1239  1251 I art     : Starting a blocking GC Explicit
08-06 15:34:21.592  1239  2160 D ApOkHttpUrlLoader: buildLoadData() called with: model = [http://sixgun.org/files/linuxoutlaws.jpg], width = [224], height = [224]
08-06 15:34:21.595  1239  1987 D DBReader: getImageAuthentication() called with: imageUrl = [http://sixgun.org/files/linuxoutlaws.jpg]
08-06 15:34:21.598  1239  2160 D ApOkHttpUrlLoader: buildLoadData() called with: model = [https://files.thisamericanlife.org/sites/all/themes/thislife/img/tal-name-1400x1400.png], width = [224], height = [224]
08-06 15:34:21.599  1239  1987 D ApOkHttpUrlLoader: no credentials for 'http://sixgun.org/files/linuxoutlaws.jpg'
08-06 15:34:21.604  1239  2160 D ApOkHttpUrlLoader: buildLoadData() called with: model = [https://elroy.twit.tv/sites/default/files/styles/twit_album_art_2048x2048/public/images/shows/floss_weekly/album_art/audio/floss_albumart_mask.jpg?itok=IUjxKpwt], width = [224], height = [224]
08-06 15:34:21.610  1239  2160 D ApOkHttpUrlLoader: buildLoadData() called with: model = [http://ichef.bbci.co.uk/images/ic/3000x3000/p07kfvzb.jpg], width = [224], height = [224]
08-06 15:34:21.618  1239  2160 D ApOkHttpUrlLoader: buildLoadData() called with: model = [https://pl.tedcdn.com/rss_feed_images/ted_talks_main_podcast/video.png], width = [224], height = [224]
08-06 15:34:21.625  1239  1251 I art     : Explicit concurrent mark sweep GC freed 9800(593KB) AllocSpace objects, 4(212KB) LOS objects, 23% free, 50MB/66MB, paused 2.290ms total 46.645ms
08-06 15:34:21.627  1239  2160 D ApOkHttpUrlLoader: buildLoadData() called with: model = [https://elroy.twit.tv/sites/default/files/styles/twit_album_art_2048x2048/public/images/shows/this_week_in_tech/album_art/audio/twit1400audio.jpg?itok=J0vhatZb], width = [224], height = [224]
08-06 15:34:21.632  1239  2160 D ApOkHttpUrlLoader: buildLoadData() called with: model = [http://ichef.bbci.co.uk/images/ic/3000x3000/p03gtk3j.jpg], width = [224], height = [224]
08-06 15:34:21.634  1239  1987 D DBWriter: updateFeedDownloadURL(original: http://sixgun.org/files/linuxoutlaws.jpg, updated: https://fab.industries/sixgun/files/linuxoutlaws.jpg)
08-06 15:34:21.640  1239  1251 I art     : Starting a blocking GC Explicit
08-06 15:34:21.681  1239  1251 I art     : Explicit concurrent mark sweep GC freed 2845(135KB) AllocSpace objects, 1(220KB) LOS objects, 23% free, 50MB/66MB, paused 1.868ms total 41.111ms
08-06 15:34:21.694  1239  1251 I art     : Starting a blocking GC Explicit
08-06 15:34:21.735  1239  1251 I art     : Explicit concurrent mark sweep GC freed 74(2608B) AllocSpace objects, 0(0B) LOS objects, 23% free, 50MB/66MB, paused 1.717ms total 40.378ms
08-06 15:34:21.747  1239  1251 I art     : Starting a blocking GC Explicit
08-06 15:34:21.771  1239  1987 D MYTAG   : interceptor 2a
08-06 15:34:21.772  1239  1987 I NAPPA_EXPERIMENTATION: MetricNetworkRequestExecutionTime: REQUEST_DURATION_SYSTEM='172',REQUEST_DURATION_OKHTTP='134',REQUEST_SYNCHRONOUS='TRUE',RESPONSE_CODE='404',RESPONSE_METHOD='GET',RESPONSE_LENGTH_OKHTTP='-1',RESPONSE_LENGTH_HEADER='1503',REQUEST_PROTOCOL='h2',REQUEST_URL='https://fab.industries/sixgun/files/linuxoutlaws.jpg',
08-06 15:34:21.773  1239  1239 W Glide   : Load failed for http://sixgun.org/files/linuxoutlaws.jpg with size [224x224]
08-06 15:34:21.773  1239  1239 W Glide   : class com.bumptech.glide.load.engine.GlideException: Failed to load resource
08-06 15:34:21.773  1239  1239 W Glide   : There was 1 cause:
08-06 15:34:21.773  1239  1239 W Glide   : com.bumptech.glide.load.HttpException()
08-06 15:34:21.773  1239  1239 W Glide   :  call GlideException#logRootCauses(String) for more detail
08-06 15:34:21.773  1239  1239 W Glide   :   Cause (1 of 1): class com.bumptech.glide.load.engine.GlideException: Fetching data failed, class java.io.InputStream, REMOTE
08-06 15:34:21.773  1239  1239 W Glide   : There was 1 cause:
08-06 15:34:21.773  1239  1239 W Glide   : com.bumptech.glide.load.HttpException()
08-06 15:34:21.773  1239  1239 W Glide   :  call GlideException#logRootCauses(String) for more detail
08-06 15:34:21.773  1239  1239 W Glide   :     Cause (1 of 1): class com.bumptech.glide.load.HttpException: 
08-06 15:34:21.773  1239  1239 I Glide   : Root cause (1 of 1)
08-06 15:34:21.773  1239  1239 I Glide   : com.bumptech.glide.load.HttpException: 
08-06 15:34:21.773  1239  1239 I Glide   : 	at com.bumptech.glide.integration.okhttp3.OkHttpStreamFetcher.onResponse(OkHttpStreamFetcher.java:73)
08-06 15:34:21.773  1239  1239 I Glide   : 	at okhttp3.RealCall$AsyncCall.execute(RealCall.java:174)
08-06 15:34:21.773  1239  1239 I Glide   : 	at okhttp3.internal.NamedRunnable.run(NamedRunnable.java:32)
08-06 15:34:21.773  1239  1239 I Glide   : 	at java.util.concurrent.ThreadPoolExecutor.runWorker(ThreadPoolExecutor.java:1113)
08-06 15:34:21.773  1239  1239 I Glide   : 	at java.util.concurrent.ThreadPoolExecutor$Worker.run(ThreadPoolExecutor.java:588)
08-06 15:34:21.773  1239  1239 I Glide   : 	at java.lang.Thread.run(Thread.java:818)
08-06 15:34:21.774  1239  1239 W Glide   : Load failed for http://sixgun.org/files/linuxoutlaws.jpg with size [224x224]
08-06 15:34:21.774  1239  1239 W Glide   : class com.bumptech.glide.load.engine.GlideException: Failed to load resource
08-06 15:34:21.774  1239  1239 W Glide   : There was 1 cause:
08-06 15:34:21.774  1239  1239 W Glide   : com.bumptech.glide.load.HttpException()
08-06 15:34:21.774  1239  1239 W Glide   :  call GlideException#logRootCauses(String) for more detail
08-06 15:34:21.774  1239  1239 W Glide   :   Cause (1 of 1): class com.bumptech.glide.load.engine.GlideException: Fetching data failed, class java.io.InputStream, REMOTE
08-06 15:34:21.774  1239  1239 W Glide   : There was 1 cause:
08-06 15:34:21.774  1239  1239 W Glide   : com.bumptech.glide.load.HttpException()
08-06 15:34:21.774  1239  1239 W Glide   :  call GlideException#logRootCauses(String) for more detail
08-06 15:34:21.774  1239  1239 W Glide   :     Cause (1 of 1): class com.bumptech.glide.load.HttpException: 
08-06 15:34:21.774  1239  1239 I Glide   : Root cause (1 of 1)
08-06 15:34:21.774  1239  1239 I Glide   : com.bumptech.glide.load.HttpException: 
08-06 15:34:21.774  1239  1239 I Glide   : 	at com.bumptech.glide.integration.okhttp3.OkHttpStreamFetcher.onResponse(OkHttpStreamFetcher.java:73)
08-06 15:34:21.774  1239  1239 I Glide   : 	at okhttp3.RealCall$AsyncCall.execute(RealCall.java:174)
08-06 15:34:21.774  1239  1239 I Glide   : 	at okhttp3.internal.NamedRunnable.run(NamedRunnable.java:32)
08-06 15:34:21.774  1239  1239 I Glide   : 	at java.util.concurrent.ThreadPoolExecutor.runWorker(ThreadPoolExecutor.java:1113)
08-06 15:34:21.774  1239  1239 I Glide   : 	at java.util.concurrent.ThreadPoolExecutor$Worker.run(ThreadPoolExecutor.java:588)
08-06 15:34:21.774  1239  1239 I Glide   : 	at java.lang.Thread.run(Thread.java:818)
08-06 15:34:21.791  1239  1251 I art     : Explicit concurrent mark sweep GC freed 423(69KB) AllocSpace objects, 0(0B) LOS objects, 23% free, 50MB/66MB, paused 1.671ms total 43.549ms
08-06 15:34:21.804  1239  1251 I art     : Starting a blocking GC Explicit
08-06 15:34:21.849  1239  1251 I art     : Explicit concurrent mark sweep GC freed 180(7KB) AllocSpace objects, 0(0B) LOS objects, 23% free, 50MB/66MB, paused 2.009ms total 43.787ms
08-06 15:34:21.949   512  2967 D audio_hw_primary: disable_audio_route: reset and update mixer path: low-latency-playback speaker
08-06 15:34:21.951   512  2967 D audio_hw_primary: disable_snd_device: snd_device(2: speaker)
08-06 15:34:21.961   512  2967 I soundtrigger: audio_extn_sound_trigger_update_device_status: device 0x2 of type 0 for Event 0
08-06 15:34:22.219  1239  1265 I art     : Starting a blocking GC Explicit
08-06 15:34:22.263  1239  1265 I art     : Explicit concurrent mark sweep GC freed 1415(82KB) AllocSpace objects, 1(20KB) LOS objects, 23% free, 50MB/66MB, paused 1.606ms total 43.277ms
08-06 15:34:22.276  1239  1265 I art     : Starting a blocking GC Explicit
08-06 15:34:22.321  1239  1265 I art     : Explicit concurrent mark sweep GC freed 40(1344B) AllocSpace objects, 0(0B) LOS objects, 23% free, 50MB/66MB, paused 1.563ms total 44.084ms
08-06 15:34:22.334  1239  1265 I art     : Starting a blocking GC Explicit
08-06 15:34:22.379  1239  1265 I art     : Explicit concurrent mark sweep GC freed 3(96B) AllocSpace objects, 0(0B) LOS objects, 23% free, 50MB/66MB, paused 1.578ms total 44.765ms
08-06 15:34:22.392  1239  1265 I art     : Starting a blocking GC Explicit
08-06 15:34:22.437  1239  1265 I art     : Explicit concurrent mark sweep GC freed 3(96B) AllocSpace objects, 0(0B) LOS objects, 23% free, 50MB/66MB, paused 1.559ms total 44.247ms
08-06 15:34:22.450  1239  1265 I art     : Starting a blocking GC Explicit
08-06 15:34:22.495  1239  1265 I art     : Explicit concurrent mark sweep GC freed 3(96B) AllocSpace objects, 0(0B) LOS objects, 23% free, 50MB/66MB, paused 1.629ms total 44.493ms
08-06 15:34:22.864  1239  3042 I art     : Starting a blocking GC Explicit
08-06 15:34:22.920  1239  3042 I art     : Explicit concurrent mark sweep GC freed 1381(81KB) AllocSpace objects, 1(20KB) LOS objects, 23% free, 50MB/66MB, paused 1.666ms total 55.524ms
08-06 15:34:22.933  1239  3042 I art     : Starting a blocking GC Explicit
08-06 15:34:22.978  1239  3042 I art     : Explicit concurrent mark sweep GC freed 23(752B) AllocSpace objects, 0(0B) LOS objects, 23% free, 50MB/66MB, paused 1.678ms total 44.830ms
08-06 15:34:22.991  1239  3042 I art     : Starting a blocking GC Explicit
08-06 15:34:23.036  1239  3042 I art     : Explicit concurrent mark sweep GC freed 32(880B) AllocSpace objects, 0(0B) LOS objects, 23% free, 50MB/66MB, paused 1.609ms total 44.756ms
08-06 15:34:23.050  1239  3042 I art     : Starting a blocking GC Explicit
08-06 15:34:23.094  1239  3042 I art     : Explicit concurrent mark sweep GC freed 3(96B) AllocSpace objects, 0(0B) LOS objects, 23% free, 50MB/66MB, paused 1.591ms total 44.365ms
08-06 15:34:23.108  1239  3042 I art     : Starting a blocking GC Explicit
08-06 15:34:23.154  1239  3042 I art     : Explicit concurrent mark sweep GC freed 3(96B) AllocSpace objects, 0(0B) LOS objects, 23% free, 50MB/66MB, paused 1.612ms total 45.730ms
08-06 15:34:23.327   918  3261 D WifiStateMachine: starting scan for "H369AA63323"WPA_PSK with 2412,5180
08-06 15:34:23.542  1239  3042 I art     : Starting a blocking GC Explicit
08-06 15:34:23.592  1239  3042 I art     : Explicit concurrent mark sweep GC freed 1437(82KB) AllocSpace objects, 1(20KB) LOS objects, 23% free, 50MB/66MB, paused 1.677ms total 50.410ms
08-06 15:34:23.610  1239  3042 I art     : Starting a blocking GC Explicit
08-06 15:34:23.654  1239  3042 I art     : Explicit concurrent mark sweep GC freed 40(1328B) AllocSpace objects, 0(0B) LOS objects, 23% free, 50MB/66MB, paused 1.645ms total 44.060ms
08-06 15:34:23.667  1239  3042 I art     : Starting a blocking GC Explicit
08-06 15:34:23.714  1239  3042 I art     : Explicit concurrent mark sweep GC freed 3(96B) AllocSpace objects, 0(0B) LOS objects, 23% free, 50MB/66MB, paused 1.667ms total 46.526ms
08-06 15:34:23.728  1239  3042 I art     : Starting a blocking GC Explicit
08-06 15:34:23.774  1239  3042 I art     : Explicit concurrent mark sweep GC freed 3(96B) AllocSpace objects, 0(0B) LOS objects, 23% free, 50MB/66MB, paused 1.661ms total 45.684ms
08-06 15:34:23.787  1239  3042 I art     : Starting a blocking GC Explicit
08-06 15:34:23.836  1239  3042 I art     : Explicit concurrent mark sweep GC freed 3(96B) AllocSpace objects, 0(0B) LOS objects, 23% free, 50MB/66MB, paused 1.679ms total 47.982ms
08-06 15:34:24.226  1239  1252 I art     : Starting a blocking GC Explicit
08-06 15:34:24.285  1239  1252 I art     : Explicit concurrent mark sweep GC freed 1410(81KB) AllocSpace objects, 1(20KB) LOS objects, 23% free, 50MB/66MB, paused 1.816ms total 58.348ms
08-06 15:34:24.301  1239  1252 I art     : Starting a blocking GC Explicit
08-06 15:34:24.351  1239  1252 I art     : Explicit concurrent mark sweep GC freed 23(752B) AllocSpace objects, 0(0B) LOS objects, 23% free, 50MB/66MB, paused 1.622ms total 49.803ms
08-06 15:34:24.365  1239  1252 I art     : Starting a blocking GC Explicit
08-06 15:34:24.414  1239  1252 I art     : Explicit concurrent mark sweep GC freed 3(96B) AllocSpace objects, 0(0B) LOS objects, 23% free, 50MB/66MB, paused 1.696ms total 48.542ms
08-06 15:34:24.427  1239  1252 I art     : Starting a blocking GC Explicit
08-06 15:34:24.475  1239  1252 I art     : Explicit concurrent mark sweep GC freed 3(96B) AllocSpace objects, 0(0B) LOS objects, 23% free, 50MB/66MB, paused 1.542ms total 47.675ms
08-06 15:34:24.489  1239  1252 I art     : Starting a blocking GC Explicit
08-06 15:34:24.538  1239  1252 I art     : Explicit concurrent mark sweep GC freed 3(96B) AllocSpace objects, 0(0B) LOS objects, 23% free, 50MB/66MB, paused 1.860ms total 48.834ms
08-06 15:34:24.917  1239  1581 I art     : Starting a blocking GC Explicit
08-06 15:34:24.969  1239  1581 I art     : Explicit concurrent mark sweep GC freed 1381(81KB) AllocSpace objects, 1(20KB) LOS objects, 23% free, 50MB/66MB, paused 1.844ms total 51.355ms
08-06 15:34:24.985  1239  1581 I art     : Starting a blocking GC Explicit
08-06 15:34:25.035  1239  1581 I art     : Explicit concurrent mark sweep GC freed 52(1536B) AllocSpace objects, 0(0B) LOS objects, 23% free, 50MB/66MB, paused 1.691ms total 49.289ms
08-06 15:34:25.049  1239  1581 I art     : Starting a blocking GC Explicit
08-06 15:34:25.096  1239  1581 I art     : Explicit concurrent mark sweep GC freed 3(96B) AllocSpace objects, 0(0B) LOS objects, 23% free, 50MB/66MB, paused 1.701ms total 47.391ms
08-06 15:34:25.110  1239  1581 I art     : Starting a blocking GC Explicit
08-06 15:34:25.159  1239  1581 I art     : Explicit concurrent mark sweep GC freed 3(96B) AllocSpace objects, 0(0B) LOS objects, 23% free, 50MB/66MB, paused 1.781ms total 48.189ms
08-06 15:34:25.172  1239  1581 I art     : Starting a blocking GC Explicit
08-06 15:34:25.219  1239  1581 I art     : Explicit concurrent mark sweep GC freed 3(96B) AllocSpace objects, 0(0B) LOS objects, 23% free, 50MB/66MB, paused 1.789ms total 46.214ms
08-06 15:34:25.603  1239  1265 I art     : Starting a blocking GC Explicit
08-06 15:34:25.666  1239  1265 I art     : Explicit concurrent mark sweep GC freed 1382(82KB) AllocSpace objects, 1(20KB) LOS objects, 23% free, 50MB/66MB, paused 1.805ms total 62.045ms
08-06 15:34:25.682  1239  1265 I art     : Starting a blocking GC Explicit
08-06 15:34:25.729  1239  1265 I art     : Explicit concurrent mark sweep GC freed 23(752B) AllocSpace objects, 0(0B) LOS objects, 23% free, 50MB/66MB, paused 1.831ms total 46.159ms
08-06 15:34:25.742  1239  1265 I art     : Starting a blocking GC Explicit
08-06 15:34:25.791  1239  1265 I art     : Explicit concurrent mark sweep GC freed 3(96B) AllocSpace objects, 0(0B) LOS objects, 23% free, 50MB/66MB, paused 1.696ms total 48.845ms
08-06 15:34:25.805  1239  1265 I art     : Starting a blocking GC Explicit
08-06 15:34:25.850  1239  1265 I art     : Explicit concurrent mark sweep GC freed 3(96B) AllocSpace objects, 0(0B) LOS objects, 23% free, 50MB/66MB, paused 1.617ms total 44.757ms
08-06 15:34:25.864  1239  1265 I art     : Starting a blocking GC Explicit
08-06 15:34:25.913  1239  1265 I art     : Explicit concurrent mark sweep GC freed 3(96B) AllocSpace objects, 0(0B) LOS objects, 23% free, 50MB/66MB, paused 1.535ms total 48.808ms
08-06 15:34:26.301  1239  1251 I art     : Starting a blocking GC Explicit
08-06 15:34:26.351  1239  1251 I art     : Explicit concurrent mark sweep GC freed 1414(82KB) AllocSpace objects, 1(20KB) LOS objects, 23% free, 50MB/66MB, paused 1.612ms total 49.097ms
08-06 15:34:26.364  1239  1251 I art     : Starting a blocking GC Explicit
08-06 15:34:26.414  1239  1251 I art     : Explicit concurrent mark sweep GC freed 23(752B) AllocSpace objects, 0(0B) LOS objects, 23% free, 50MB/66MB, paused 1.755ms total 48.869ms
08-06 15:34:26.430  1239  1251 I art     : Starting a blocking GC Explicit
08-06 15:34:26.477  1239  1251 I art     : Explicit concurrent mark sweep GC freed 3(96B) AllocSpace objects, 0(0B) LOS objects, 23% free, 50MB/66MB, paused 1.577ms total 46.301ms
08-06 15:34:26.491  1239  1251 I art     : Starting a blocking GC Explicit
08-06 15:34:26.538  1239  1251 I art     : Explicit concurrent mark sweep GC freed 3(96B) AllocSpace objects, 0(0B) LOS objects, 23% free, 50MB/66MB, paused 1.735ms total 47.586ms
08-06 15:34:26.552  1239  1251 I art     : Starting a blocking GC Explicit
08-06 15:34:26.600  1239  1251 I art     : Explicit concurrent mark sweep GC freed 3(96B) AllocSpace objects, 0(0B) LOS objects, 23% free, 50MB/66MB, paused 1.690ms total 47.228ms
08-06 15:34:26.974  1239  3042 I art     : Starting a blocking GC Explicit
08-06 15:34:27.038  1239  3042 I art     : Explicit concurrent mark sweep GC freed 1410(81KB) AllocSpace objects, 1(20KB) LOS objects, 23% free, 50MB/66MB, paused 1.776ms total 62.877ms
08-06 15:34:27.054  1239  3042 I art     : Starting a blocking GC Explicit
08-06 15:34:27.102  1239  3042 I art     : Explicit concurrent mark sweep GC freed 23(752B) AllocSpace objects, 0(0B) LOS objects, 23% free, 50MB/66MB, paused 1.679ms total 47.311ms
08-06 15:34:27.116  1239  3042 I art     : Starting a blocking GC Explicit
08-06 15:34:27.164  1239  3042 I art     : Explicit concurrent mark sweep GC freed 3(96B) AllocSpace objects, 0(0B) LOS objects, 23% free, 50MB/66MB, paused 1.687ms total 48.149ms
08-06 15:34:27.178  1239  3042 I art     : Starting a blocking GC Explicit
08-06 15:34:27.223  1239  3042 I art     : Explicit concurrent mark sweep GC freed 3(96B) AllocSpace objects, 0(0B) LOS objects, 23% free, 50MB/66MB, paused 1.556ms total 45.458ms
08-06 15:34:27.237  1239  3042 I art     : Starting a blocking GC Explicit
08-06 15:34:27.284  1239  3042 I art     : Explicit concurrent mark sweep GC freed 3(96B) AllocSpace objects, 0(0B) LOS objects, 23% free, 50MB/66MB, paused 1.661ms total 47.065ms
08-06 15:34:27.672  1239  1252 I art     : Starting a blocking GC Explicit
08-06 15:34:27.722  1239  1252 I art     : Explicit concurrent mark sweep GC freed 1381(81KB) AllocSpace objects, 1(20KB) LOS objects, 23% free, 50MB/66MB, paused 1.617ms total 50.006ms
08-06 15:34:27.736  1239  1252 I art     : Starting a blocking GC Explicit
08-06 15:34:27.781  1239  1252 I art     : Explicit concurrent mark sweep GC freed 23(752B) AllocSpace objects, 0(0B) LOS objects, 23% free, 50MB/66MB, paused 1.695ms total 44.905ms
08-06 15:34:27.794  1239  1252 I art     : Starting a blocking GC Explicit
08-06 15:34:27.839  1239  1252 I art     : Explicit concurrent mark sweep GC freed 3(96B) AllocSpace objects, 0(0B) LOS objects, 23% free, 50MB/66MB, paused 1.757ms total 44.518ms
08-06 15:34:27.852  1239  1252 I art     : Starting a blocking GC Explicit
08-06 15:34:27.898  1239  1252 I art     : Explicit concurrent mark sweep GC freed 3(96B) AllocSpace objects, 0(0B) LOS objects, 23% free, 50MB/66MB, paused 1.795ms total 46.244ms
08-06 15:34:27.911  1239  1252 I art     : Starting a blocking GC Explicit
08-06 15:34:27.956  1239  1252 I art     : Explicit concurrent mark sweep GC freed 3(96B) AllocSpace objects, 0(0B) LOS objects, 23% free, 50MB/66MB, paused 1.675ms total 44.741ms
08-06 15:34:28.165  4822  4822 D AndroidRuntime: >>>>>> START com.android.internal.os.RuntimeInit uid 2000 <<<<<<
08-06 15:34:28.171  4822  4822 D AndroidRuntime: CheckJNI is OFF
08-06 15:34:28.212  4822  4822 D ICU     : No timezone override file found: /data/misc/zoneinfo/current/icu/icu_tzdata.dat
08-06 15:34:28.228 29768 29768 I ServiceManager: Waiting for service AtCmdFwd...
08-06 15:34:28.254  4822  4822 I Radio-JNI: register_android_hardware_Radio DONE
08-06 15:34:28.284  4822  4822 D AndroidRuntime: Calling main entry com.android.commands.input.Input
08-06 15:34:28.286  4822  4822 I Input   : injectMotionEvent: MotionEvent { action=ACTION_DOWN, actionButton=0, id[0]=0, x[0]=526.0, y[0]=597.0, toolType[0]=TOOL_TYPE_UNKNOWN, buttonState=0, metaState=0, flags=0x0, edgeFlags=0x0, pointerCount=1, historySize=0, eventTime=891284698, downTime=891284698, deviceId=0, source=0x1002 }
08-06 15:34:28.291  4822  4822 I Input   : injectMotionEvent: MotionEvent { action=ACTION_UP, actionButton=0, id[0]=0, x[0]=526.0, y[0]=597.0, toolType[0]=TOOL_TYPE_UNKNOWN, buttonState=0, metaState=0, flags=0x0, edgeFlags=0x0, pointerCount=1, historySize=0, eventTime=891284698, downTime=891284698, deviceId=0, source=0x1002 }
08-06 15:34:28.293  4822  4822 D AndroidRuntime: Shutting down VM
08-06 15:34:28.341  1239  3042 I art     : Starting a blocking GC Explicit
08-06 15:34:28.357  1239  1239 D PodcastListFragment: Selected podcast: GpodnetPodcast [url=http://feeds.feedburner.com/linuxoutlaws, title=Linux Outlaws, description=Two pragmatic geeks talk about the latest news concerning Linux, free and open
08-06 15:34:28.357  1239  1239 D PodcastListFragment: technology or anything else they deem noteworthy which may include such absurd
08-06 15:34:28.357  1239  1239 D PodcastListFragment: things as hockey or bands you never heard of. This means there's many a joke
08-06 15:34:28.357  1239  1239 D PodcastListFragment: and derailed conversation along the way, so don't come here expecting only
08-06 15:34:28.357  1239  1239 D PodcastListFragment: Linux or software freedom talk  just sit back and relax, partner., subscribers=3321, logoUrl=http://sixgun.org/files/linuxoutlaws.jpg, website=http://sixgun.org, mygpoLink=http://gpodder.net/podcast/linux-outlaws-mp3]
08-06 15:34:28.358   918   928 I ActivityManager: START u0 {cmp=baseline.de.danoeh.antennapod.debug/baseline.de.danoeh.antennapod.activity.OnlineFeedViewActivity (has extras)} from uid 10711 on display 0
08-06 15:34:28.359   512  2967 D audio_hw_primary: out_set_parameters: enter: usecase(1: low-latency-playback) kvpairs: routing=2
08-06 15:34:28.372   512  2967 D audio_hw_primary: select_devices: out_snd_device(2: speaker) in_snd_device(0: none)
08-06 15:34:28.372   512  2967 D msm8974_platform: platform_send_audio_calibration: sending audio calibration for snd_device(2) acdb_id(15)
08-06 15:34:28.373   512  2967 I soundtrigger: audio_extn_sound_trigger_update_device_status: device 0x2 of type 0 for Event 1
08-06 15:34:28.385   512  2967 D audio_hw_primary: enable_snd_device: snd_device(2: speaker)
08-06 15:34:28.387   512  2967 D audio_hw_primary: enable_audio_route: apply and update mixer path: low-latency-playback speaker
08-06 15:34:28.389  1239  3042 I art     : Explicit concurrent mark sweep GC freed 1841(112KB) AllocSpace objects, 1(20KB) LOS objects, 23% free, 50MB/66MB, paused 1.756ms total 47.537ms
08-06 15:34:28.400  1239  1239 D UserPreferences: Using default data folder
08-06 15:34:28.401  1239  1239 D OnlineFeedViewActivity: Activity was started with url http://feeds.feedburner.com/linuxoutlaws
08-06 15:34:28.401  1239  3042 I art     : Starting a blocking GC Explicit
08-06 15:34:28.405  1239  1239 D OnlineFeedViewActivity: Starting feed download
08-06 15:34:28.407  1239  1261 D DBReader: Extracting Feedlist
08-06 15:34:28.410   918  3359 D WifiService: acquireWifiLockLocked: WifiLock{Downloader type=1 binder=android.os.BinderProxy@cf2798c}
08-06 15:34:28.410  1239  1261 D AntennapodHttpClient: Creating new instance of HTTP client
08-06 15:34:28.442  1239  3042 I art     : Explicit concurrent mark sweep GC freed 900(73KB) AllocSpace objects, 0(0B) LOS objects, 23% free, 50MB/66MB, paused 1.706ms total 40.053ms
08-06 15:34:28.454  1239  3042 I art     : Starting a blocking GC Explicit
08-06 15:34:28.459 13866 13866 I GoogleInputMethodServic: GoogleInputMethodService.onFinishInput():3138 
08-06 15:34:28.459 13866 13866 I GoogleInputMethodServic: GoogleInputMethodService.onStartInput():1808 
08-06 15:34:28.467  1239  1261 D MYTAG   : interceptor 3a http://feeds.feedburner.com/linuxoutlaws
08-06 15:34:28.467  1239  1261 I NAPPA_EXPERIMENTATION: MetricNetworkRequestExecutionTime: REQUEST_DURATION_SYSTEM='55',REQUEST_DURATION_OKHTTP='36',REQUEST_SYNCHRONOUS='TRUE',RESPONSE_CODE='200',RESPONSE_METHOD='GET',RESPONSE_LENGTH_OKHTTP='-1',RESPONSE_LENGTH_HEADER='-2',REQUEST_PROTOCOL='http/1.1',REQUEST_URL='http://feeds.feedburner.com/linuxoutlaws',
08-06 15:34:28.467  1239  1261 D HttpDownloader: Response code is 200
08-06 15:34:28.467  1239  1261 D UserPreferences: Using default data folder
08-06 15:34:28.469  1239  1261 D HttpDownloader: Getting size of download
08-06 15:34:28.469  1239  1261 D HttpDownloader: Size is -1
08-06 15:34:28.469  1239  1261 D UserPreferences: Using default data folder
08-06 15:34:28.470  1239  1261 D HttpDownloader: Free space is 20248829952
08-06 15:34:28.470  1239  1261 D HttpDownloader: Starting download
08-06 15:34:28.474  1239  1261 D HttpDownloader: Download was successful
08-06 15:34:28.475   918  5952 D WifiService: releaseWifiLockLocked: WifiLock{Downloader type=1 binder=android.os.BinderProxy@cf2798c}
08-06 15:34:28.478   918   936 I ActivityManager: Displayed baseline.de.danoeh.antennapod.debug/baseline.de.danoeh.antennapod.activity.OnlineFeedViewActivity: +107ms
08-06 15:34:28.481  1239  1239 D OnlineFeedViewActivity: Parsing feed
08-06 15:34:28.486  1239  4847 D TypeGetter: Recognized type RSS 2.0
08-06 15:34:28.488  1239  4847 D SyndHandler: Recognized Content namespace
08-06 15:34:28.490  1239  4847 D SyndHandler: Recognized DublinCore namespace
08-06 15:34:28.490  1239  4847 D SyndHandler: Recognized Atom namespace
08-06 15:34:28.491  1239  4847 D SyndHandler: Recognized ITunes namespace
08-06 15:34:28.491  1239  4847 D SyndHandler: Recognized media namespace
08-06 15:34:28.495  1239  3042 I art     : Explicit concurrent mark sweep GC freed 825(183KB) AllocSpace objects, 3(60KB) LOS objects, 23% free, 51MB/67MB, paused 1.792ms total 40.799ms
08-06 15:34:28.499  1239  1262 D OpenGLRenderer: endAllStagingAnimators on 0x7f7c23e000 (GridView) with handle 0x7f7f366040
08-06 15:34:28.508  1239  3042 I art     : Starting a blocking GC Explicit
08-06 15:34:28.535  1239  4847 D OnlineFeedViewActivity: Deleted feed source file. Result: true
08-06 15:34:28.535  1239  1239 D OnlineFeedViewActivity: Removing HTML from shownotes
08-06 15:34:28.550  1239  3042 I art     : Explicit concurrent mark sweep GC freed 3963(504KB) AllocSpace objects, 11(748KB) LOS objects, 23% free, 51MB/67MB, paused 1.855ms total 42.055ms
08-06 15:34:28.558  1239  2160 D ApOkHttpUrlLoader: buildLoadData() called with: model = [http://sixgun.org/files/linuxoutlaws.jpg], width = [350], height = [350]
08-06 15:34:28.560  1239  1987 D DBReader: getImageAuthentication() called with: imageUrl = [http://sixgun.org/files/linuxoutlaws.jpg]
08-06 15:34:28.563  1239  3042 I art     : Starting a blocking GC Explicit
08-06 15:34:28.566  1239  1987 D ApOkHttpUrlLoader: no credentials for 'http://sixgun.org/files/linuxoutlaws.jpg'
08-06 15:34:28.601  1239  1987 D DBWriter: updateFeedDownloadURL(original: http://sixgun.org/files/linuxoutlaws.jpg, updated: https://fab.industries/sixgun/files/linuxoutlaws.jpg)
08-06 15:34:28.605  1239  3042 I art     : Explicit concurrent mark sweep GC freed 1773(110KB) AllocSpace objects, 0(0B) LOS objects, 23% free, 51MB/67MB, paused 1.804ms total 42.128ms
08-06 15:34:28.731   380   380 W SurfaceFlinger: couldn't log to binary event log: overflow.
08-06 15:34:28.741  1239  1987 D MYTAG   : interceptor 2a
08-06 15:34:28.742  1239  1987 I NAPPA_EXPERIMENTATION: MetricNetworkRequestExecutionTime: REQUEST_DURATION_SYSTEM='175',REQUEST_DURATION_OKHTTP='136',REQUEST_SYNCHRONOUS='TRUE',RESPONSE_CODE='404',RESPONSE_METHOD='GET',RESPONSE_LENGTH_OKHTTP='-1',RESPONSE_LENGTH_HEADER='1503',REQUEST_PROTOCOL='h2',REQUEST_URL='https://fab.industries/sixgun/files/linuxoutlaws.jpg',
08-06 15:34:28.743  1239  1239 W Glide   : Load failed for http://sixgun.org/files/linuxoutlaws.jpg with size [350x350]
08-06 15:34:28.743  1239  1239 W Glide   : class com.bumptech.glide.load.engine.GlideException: Failed to load resource
08-06 15:34:28.743  1239  1239 W Glide   : There was 1 cause:
08-06 15:34:28.743  1239  1239 W Glide   : com.bumptech.glide.load.HttpException()
08-06 15:34:28.743  1239  1239 W Glide   :  call GlideException#logRootCauses(String) for more detail
08-06 15:34:28.743  1239  1239 W Glide   :   Cause (1 of 1): class com.bumptech.glide.load.engine.GlideException: Fetching data failed, class java.io.InputStream, REMOTE
08-06 15:34:28.743  1239  1239 W Glide   : There was 1 cause:
08-06 15:34:28.743  1239  1239 W Glide   : com.bumptech.glide.load.HttpException()
08-06 15:34:28.743  1239  1239 W Glide   :  call GlideException#logRootCauses(String) for more detail
08-06 15:34:28.743  1239  1239 W Glide   :     Cause (1 of 1): class com.bumptech.glide.load.HttpException: 
08-06 15:34:28.745  1239  1239 I Glide   : Root cause (1 of 1)
08-06 15:34:28.745  1239  1239 I Glide   : com.bumptech.glide.load.HttpException: 
08-06 15:34:28.745  1239  1239 I Glide   : 	at com.bumptech.glide.integration.okhttp3.OkHttpStreamFetcher.onResponse(OkHttpStreamFetcher.java:73)
08-06 15:34:28.745  1239  1239 I Glide   : 	at okhttp3.RealCall$AsyncCall.execute(RealCall.java:174)
08-06 15:34:28.745  1239  1239 I Glide   : 	at okhttp3.internal.NamedRunnable.run(NamedRunnable.java:32)
08-06 15:34:28.745  1239  1239 I Glide   : 	at java.util.concurrent.ThreadPoolExecutor.runWorker(ThreadPoolExecutor.java:1113)
08-06 15:34:28.745  1239  1239 I Glide   : 	at java.util.concurrent.ThreadPoolExecutor$Worker.run(ThreadPoolExecutor.java:588)
08-06 15:34:28.745  1239  1239 I Glide   : 	at java.lang.Thread.run(Thread.java:818)
08-06 15:34:28.868  1239  1239 D PlaybackController: Releasing PlaybackController
08-06 15:34:28.930   512  2967 D audio_hw_primary: disable_audio_route: reset and update mixer path: low-latency-playback speaker
08-06 15:34:28.931   512  2967 D audio_hw_primary: disable_snd_device: snd_device(2: speaker)
08-06 15:34:28.938   512  2967 I soundtrigger: audio_extn_sound_trigger_update_device_status: device 0x2 of type 0 for Event 0
08-06 15:34:28.946  1239  1265 I art     : Starting a blocking GC Explicit
08-06 15:34:28.991  1239  1265 I art     : Explicit concurrent mark sweep GC freed 2889(179KB) AllocSpace objects, 2(132KB) LOS objects, 23% free, 50MB/66MB, paused 1.626ms total 44.292ms
08-06 15:34:29.004  1239  1265 I art     : Starting a blocking GC Explicit
08-06 15:34:29.048  1239  1265 I art     : Explicit concurrent mark sweep GC freed 104(3KB) AllocSpace objects, 0(0B) LOS objects, 23% free, 50MB/66MB, paused 1.719ms total 43.933ms
08-06 15:34:29.061  1239  1265 I art     : Starting a blocking GC Explicit
08-06 15:34:29.107  1239  1265 I art     : Explicit concurrent mark sweep GC freed 3(96B) AllocSpace objects, 0(0B) LOS objects, 23% free, 50MB/66MB, paused 1.663ms total 45.416ms
08-06 15:34:29.121  1239  1265 I art     : Starting a blocking GC Explicit
08-06 15:34:29.166  1239  1265 I art     : Explicit concurrent mark sweep GC freed 3(96B) AllocSpace objects, 0(0B) LOS objects, 23% free, 50MB/66MB, paused 1.629ms total 45.398ms
08-06 15:34:29.179  1239  1265 I art     : Starting a blocking GC Explicit
08-06 15:34:29.226  1239  1265 I art     : Explicit concurrent mark sweep GC freed 3(96B) AllocSpace objects, 0(0B) LOS objects, 23% free, 50MB/66MB, paused 1.937ms total 46.596ms
08-06 15:34:29.228 29768 29768 I ServiceManager: Waiting for service AtCmdFwd...
08-06 15:34:29.596  1239  1251 I art     : Starting a blocking GC Explicit
08-06 15:34:29.658  1239  1251 I art     : Explicit concurrent mark sweep GC freed 1381(81KB) AllocSpace objects, 1(20KB) LOS objects, 23% free, 50MB/66MB, paused 1.779ms total 61.257ms
08-06 15:34:29.674  1239  1251 I art     : Starting a blocking GC Explicit
08-06 15:34:29.720  1239  1251 I art     : Explicit concurrent mark sweep GC freed 23(768B) AllocSpace objects, 0(0B) LOS objects, 23% free, 50MB/66MB, paused 1.651ms total 45.843ms
08-06 15:34:29.734  1239  1251 I art     : Starting a blocking GC Explicit
08-06 15:34:29.780  1239  1251 I art     : Explicit concurrent mark sweep GC freed 3(96B) AllocSpace objects, 0(0B) LOS objects, 23% free, 50MB/66MB, paused 1.652ms total 46.526ms
08-06 15:34:29.794  1239  1251 I art     : Starting a blocking GC Explicit
08-06 15:34:29.840  1239  1251 I art     : Explicit concurrent mark sweep GC freed 3(96B) AllocSpace objects, 0(0B) LOS objects, 23% free, 50MB/66MB, paused 1.746ms total 45.551ms
08-06 15:34:29.853  1239  1251 I art     : Starting a blocking GC Explicit
08-06 15:34:29.900  1239  1251 I art     : Explicit concurrent mark sweep GC freed 3(96B) AllocSpace objects, 0(0B) LOS objects, 23% free, 50MB/66MB, paused 1.658ms total 46.271ms
08-06 15:34:30.229 29768 29768 I ServiceManager: Waiting for service AtCmdFwd...
08-06 15:34:30.302  1239  1581 I art     : Starting a blocking GC Explicit
08-06 15:34:30.352  1239  1581 I art     : Explicit concurrent mark sweep GC freed 1435(82KB) AllocSpace objects, 1(20KB) LOS objects, 23% free, 50MB/66MB, paused 1.750ms total 49.664ms
08-06 15:34:30.366  1239  1581 I art     : Starting a blocking GC Explicit
08-06 15:34:30.411  1239  1581 I art     : Explicit concurrent mark sweep GC freed 28(912B) AllocSpace objects, 0(0B) LOS objects, 23% free, 50MB/66MB, paused 1.749ms total 44.796ms
08-06 15:34:30.425  1239  1581 I art     : Starting a blocking GC Explicit
08-06 15:34:30.472  1239  1581 I art     : Explicit concurrent mark sweep GC freed 3(96B) AllocSpace objects, 0(0B) LOS objects, 23% free, 50MB/66MB, paused 1.671ms total 46.965ms
08-06 15:34:30.486  1239  1581 I art     : Starting a blocking GC Explicit
08-06 15:34:30.535  1239  1581 I art     : Explicit concurrent mark sweep GC freed 3(96B) AllocSpace objects, 0(0B) LOS objects, 23% free, 50MB/66MB, paused 1.813ms total 49.183ms
08-06 15:34:30.549  1239  1581 I art     : Starting a blocking GC Explicit
08-06 15:34:30.598  1239  1581 I art     : Explicit concurrent mark sweep GC freed 3(96B) AllocSpace objects, 0(0B) LOS objects, 23% free, 50MB/66MB, paused 1.837ms total 49.166ms
08-06 15:34:30.994  1239  1252 I art     : Starting a blocking GC Explicit
08-06 15:34:31.051  1239  1252 I art     : Explicit concurrent mark sweep GC freed 1410(81KB) AllocSpace objects, 1(20KB) LOS objects, 23% free, 50MB/66MB, paused 1.687ms total 56.779ms
08-06 15:34:31.064  1239  1252 I art     : Starting a blocking GC Explicit
08-06 15:34:31.115  1239  1252 I art     : Explicit concurrent mark sweep GC freed 23(752B) AllocSpace objects, 0(0B) LOS objects, 23% free, 50MB/66MB, paused 1.744ms total 50.055ms
08-06 15:34:31.129  1239  1252 I art     : Starting a blocking GC Explicit
08-06 15:34:31.179  1239  1252 I art     : Explicit concurrent mark sweep GC freed 3(96B) AllocSpace objects, 0(0B) LOS objects, 23% free, 50MB/66MB, paused 1.763ms total 49.690ms
08-06 15:34:31.193  1239  1252 I art     : Starting a blocking GC Explicit
08-06 15:34:31.229 29768 29768 I ServiceManager: Waiting for service AtCmdFwd...
08-06 15:34:31.244  1239  1252 I art     : Explicit concurrent mark sweep GC freed 3(96B) AllocSpace objects, 0(0B) LOS objects, 23% free, 50MB/66MB, paused 1.871ms total 51.241ms
08-06 15:34:31.261  1239  1252 I art     : Starting a blocking GC Explicit
08-06 15:34:31.312  1239  1252 I art     : Explicit concurrent mark sweep GC freed 3(96B) AllocSpace objects, 0(0B) LOS objects, 23% free, 50MB/66MB, paused 1.784ms total 50.259ms
08-06 15:34:31.707  1239  1251 I art     : Starting a blocking GC Explicit
08-06 15:34:31.765  1239  1251 I art     : Explicit concurrent mark sweep GC freed 1381(81KB) AllocSpace objects, 1(20KB) LOS objects, 23% free, 50MB/66MB, paused 1.705ms total 57.509ms
08-06 15:34:31.779  1239  1251 I art     : Starting a blocking GC Explicit
08-06 15:34:31.824  1239  1251 I art     : Explicit concurrent mark sweep GC freed 23(752B) AllocSpace objects, 0(0B) LOS objects, 23% free, 50MB/66MB, paused 1.638ms total 44.976ms
08-06 15:34:31.838  1239  1251 I art     : Starting a blocking GC Explicit
08-06 15:34:31.883  1239  1251 I art     : Explicit concurrent mark sweep GC freed 3(96B) AllocSpace objects, 0(0B) LOS objects, 23% free, 50MB/66MB, paused 1.606ms total 45.392ms
08-06 15:34:31.897  1239  1251 I art     : Starting a blocking GC Explicit
08-06 15:34:31.942  1239  1251 I art     : Explicit concurrent mark sweep GC freed 3(96B) AllocSpace objects, 0(0B) LOS objects, 23% free, 50MB/66MB, paused 1.659ms total 45.260ms
08-06 15:34:31.956  1239  1251 I art     : Starting a blocking GC Explicit
08-06 15:34:32.006  1239  1251 I art     : Explicit concurrent mark sweep GC freed 32(880B) AllocSpace objects, 0(0B) LOS objects, 23% free, 50MB/66MB, paused 1.684ms total 50.227ms
08-06 15:34:32.230 29768 29768 I ServiceManager: Waiting for service AtCmdFwd...
08-06 15:34:32.404  1239  3042 I art     : Starting a blocking GC Explicit
08-06 15:34:32.458  1239  3042 I art     : Explicit concurrent mark sweep GC freed 1383(84KB) AllocSpace objects, 1(20KB) LOS objects, 23% free, 50MB/66MB, paused 1.776ms total 53.284ms
08-06 15:34:32.472  1239  3042 I art     : Starting a blocking GC Explicit
08-06 15:34:32.521  1239  3042 I art     : Explicit concurrent mark sweep GC freed 23(752B) AllocSpace objects, 0(0B) LOS objects, 23% free, 50MB/66MB, paused 1.622ms total 49.204ms
08-06 15:34:32.535  1239  3042 I art     : Starting a blocking GC Explicit
08-06 15:34:32.580  1239  3042 I art     : Explicit concurrent mark sweep GC freed 3(96B) AllocSpace objects, 0(0B) LOS objects, 23% free, 50MB/66MB, paused 1.589ms total 45.158ms
08-06 15:34:32.593  1239  3042 I art     : Starting a blocking GC Explicit
08-06 15:34:32.638  1239  3042 I art     : Explicit concurrent mark sweep GC freed 3(96B) AllocSpace objects, 0(0B) LOS objects, 23% free, 50MB/66MB, paused 1.706ms total 44.795ms
08-06 15:34:32.651  1239  3042 I art     : Starting a blocking GC Explicit
08-06 15:34:32.695  1239  3042 I art     : Explicit concurrent mark sweep GC freed 3(96B) AllocSpace objects, 0(0B) LOS objects, 23% free, 50MB/66MB, paused 1.613ms total 43.850ms
08-06 15:34:33.076  1239  1265 I art     : Starting a blocking GC Explicit
08-06 15:34:33.088  4913  4913 D AndroidRuntime: >>>>>> START com.android.internal.os.RuntimeInit uid 2000 <<<<<<
08-06 15:34:33.095  4913  4913 D AndroidRuntime: CheckJNI is OFF
08-06 15:34:33.126  1239  1265 I art     : Explicit concurrent mark sweep GC freed 1413(82KB) AllocSpace objects, 1(20KB) LOS objects, 23% free, 50MB/66MB, paused 1.732ms total 49.274ms
08-06 15:34:33.139  1239  1265 I art     : Starting a blocking GC Explicit
08-06 15:34:33.144  4913  4913 D ICU     : No timezone override file found: /data/misc/zoneinfo/current/icu/icu_tzdata.dat
08-06 15:34:33.186  1239  1265 I art     : Explicit concurrent mark sweep GC freed 23(752B) AllocSpace objects, 0(0B) LOS objects, 23% free, 50MB/66MB, paused 1.795ms total 47.046ms
08-06 15:34:33.191  4913  4913 I Radio-JNI: register_android_hardware_Radio DONE
08-06 15:34:33.200  1239  1265 I art     : Starting a blocking GC Explicit
08-06 15:34:33.222  4913  4913 D AndroidRuntime: Calling main entry com.android.commands.input.Input
08-06 15:34:33.224  4913  4913 I Input   : injectKeyEvent: KeyEvent { action=ACTION_DOWN, keyCode=KEYCODE_BACK, scanCode=0, metaState=0, flags=0x0, repeatCount=0, eventTime=891289637, downTime=891289637, deviceId=-1, source=0x101 }
08-06 15:34:33.230 29768 29768 W Atfwd_Sendcmd: AtCmdFwd service not published, waiting... retryCnt : 4
08-06 15:34:33.232  4913  4913 I Input   : injectKeyEvent: KeyEvent { action=ACTION_UP, keyCode=KEYCODE_BACK, scanCode=0, metaState=0, flags=0x0, repeatCount=0, eventTime=891289637, downTime=891289637, deviceId=-1, source=0x101 }
08-06 15:34:33.238  4913  4913 D AndroidRuntime: Shutting down VM
08-06 15:34:33.244  1239  1265 I art     : Explicit concurrent mark sweep GC freed 25(1088B) AllocSpace objects, 0(0B) LOS objects, 23% free, 50MB/66MB, paused 1.656ms total 43.880ms
08-06 15:34:33.244  1239  1239 V PlaybackController: initServiceNotRunning()
08-06 15:34:33.244  1239  1239 D ExternalPlayerFragment: Loading media info
08-06 15:34:33.248  1239  2160 D ApOkHttpUrlLoader: buildLoadData() called with: model = [http://sixgun.org/files/linuxoutlaws.jpg], width = [224], height = [224]
08-06 15:34:33.250  1239  1987 D DBReader: getImageAuthentication() called with: imageUrl = [http://sixgun.org/files/linuxoutlaws.jpg]
08-06 15:34:33.252  1239  1239 D UserPreferences: Using default data folder
08-06 15:34:33.252  1239  1261 D DBReader: getNavDrawerData() called with: 
08-06 15:34:33.253  1239  1987 D ApOkHttpUrlLoader: no credentials for 'http://sixgun.org/files/linuxoutlaws.jpg'
08-06 15:34:33.259  1239  1265 I art     : Starting a blocking GC Explicit
08-06 15:34:33.267  1239  1261 D DBReader: getDownloadedItems() called
08-06 15:34:33.268  1239  1261 D DBReader: getFavoriteIDList() called
08-06 15:34:33.269  1239  1261 D DBReader: getQueueIDList() called
08-06 15:34:33.269  1239  1261 D DBReader: Extracting Feedlist
08-06 15:34:33.280 13866 13866 I GoogleInputMethodServic: GoogleInputMethodService.onFinishInput():3138 
08-06 15:34:33.280 13866 13866 I GoogleInputMethodServic: GoogleInputMethodService.onStartInput():1808 
08-06 15:34:33.296  1239  1239 D MainActivity: getLastNavFragment() -> AddFeedFragment
08-06 15:34:33.302  1239  1265 I art     : Explicit concurrent mark sweep GC freed 941(66KB) AllocSpace objects, 0(0B) LOS objects, 23% free, 51MB/67MB, paused 2.013ms total 42.319ms
08-06 15:34:33.314  1239  1265 I art     : Starting a blocking GC Explicit
08-06 15:34:33.356  1239  1265 I art     : Explicit concurrent mark sweep GC freed 841(38KB) AllocSpace objects, 0(0B) LOS objects, 23% free, 51MB/67MB, paused 1.577ms total 41.305ms
08-06 15:34:33.378  1239  1987 D DBWriter: updateFeedDownloadURL(original: http://sixgun.org/files/linuxoutlaws.jpg, updated: https://fab.industries/sixgun/files/linuxoutlaws.jpg)
08-06 15:34:33.519  1239  1987 D MYTAG   : interceptor 2a
08-06 15:34:33.519  1239  1987 I NAPPA_EXPERIMENTATION: MetricNetworkRequestExecutionTime: REQUEST_DURATION_SYSTEM='266',REQUEST_DURATION_OKHTTP='137',REQUEST_SYNCHRONOUS='TRUE',RESPONSE_CODE='404',RESPONSE_METHOD='GET',RESPONSE_LENGTH_OKHTTP='-1',RESPONSE_LENGTH_HEADER='1503',REQUEST_PROTOCOL='h2',REQUEST_URL='https://fab.industries/sixgun/files/linuxoutlaws.jpg',
08-06 15:34:33.521  1239  1239 W Glide   : Load failed for http://sixgun.org/files/linuxoutlaws.jpg with size [224x224]
08-06 15:34:33.521  1239  1239 W Glide   : class com.bumptech.glide.load.engine.GlideException: Failed to load resource
08-06 15:34:33.521  1239  1239 W Glide   : There was 1 cause:
08-06 15:34:33.521  1239  1239 W Glide   : com.bumptech.glide.load.HttpException()
08-06 15:34:33.521  1239  1239 W Glide   :  call GlideException#logRootCauses(String) for more detail
08-06 15:34:33.521  1239  1239 W Glide   :   Cause (1 of 1): class com.bumptech.glide.load.engine.GlideException: Fetching data failed, class java.io.InputStream, REMOTE
08-06 15:34:33.521  1239  1239 W Glide   : There was 1 cause:
08-06 15:34:33.521  1239  1239 W Glide   : com.bumptech.glide.load.HttpException()
08-06 15:34:33.521  1239  1239 W Glide   :  call GlideException#logRootCauses(String) for more detail
08-06 15:34:33.521  1239  1239 W Glide   :     Cause (1 of 1): class com.bumptech.glide.load.HttpException: 
08-06 15:34:33.521  1239  1239 I Glide   : Root cause (1 of 1)
08-06 15:34:33.521  1239  1239 I Glide   : com.bumptech.glide.load.HttpException: 
08-06 15:34:33.521  1239  1239 I Glide   : 	at com.bumptech.glide.integration.okhttp3.OkHttpStreamFetcher.onResponse(OkHttpStreamFetcher.java:73)
08-06 15:34:33.521  1239  1239 I Glide   : 	at okhttp3.RealCall$AsyncCall.execute(RealCall.java:174)
08-06 15:34:33.521  1239  1239 I Glide   : 	at okhttp3.internal.NamedRunnable.run(NamedRunnable.java:32)
08-06 15:34:33.521  1239  1239 I Glide   : 	at java.util.concurrent.ThreadPoolExecutor.runWorker(ThreadPoolExecutor.java:1113)
08-06 15:34:33.521  1239  1239 I Glide   : 	at java.util.concurrent.ThreadPoolExecutor$Worker.run(ThreadPoolExecutor.java:588)
08-06 15:34:33.521  1239  1239 I Glide   : 	at java.lang.Thread.run(Thread.java:818)
08-06 15:34:33.522  1239  1239 W Glide   : Load failed for http://sixgun.org/files/linuxoutlaws.jpg with size [224x224]
08-06 15:34:33.522  1239  1239 W Glide   : class com.bumptech.glide.load.engine.GlideException: Failed to load resource
08-06 15:34:33.522  1239  1239 W Glide   : There was 1 cause:
08-06 15:34:33.522  1239  1239 W Glide   : com.bumptech.glide.load.HttpException()
08-06 15:34:33.522  1239  1239 W Glide   :  call GlideException#logRootCauses(String) for more detail
08-06 15:34:33.522  1239  1239 W Glide   :   Cause (1 of 1): class com.bumptech.glide.load.engine.GlideException: Fetching data failed, class java.io.InputStream, REMOTE
08-06 15:34:33.522  1239  1239 W Glide   : There was 1 cause:
08-06 15:34:33.522  1239  1239 W Glide   : com.bumptech.glide.load.HttpException()
08-06 15:34:33.522  1239  1239 W Glide   :  call GlideException#logRootCauses(String) for more detail
08-06 15:34:33.522  1239  1239 W Glide   :     Cause (1 of 1): class com.bumptech.glide.load.HttpException: 
08-06 15:34:33.522  1239  1239 I Glide   : Root cause (1 of 1)
08-06 15:34:33.522  1239  1239 I Glide   : com.bumptech.glide.load.HttpException: 
08-06 15:34:33.522  1239  1239 I Glide   : 	at com.bumptech.glide.integration.okhttp3.OkHttpStreamFetcher.onResponse(OkHttpStreamFetcher.java:73)
08-06 15:34:33.522  1239  1239 I Glide   : 	at okhttp3.RealCall$AsyncCall.execute(RealCall.java:174)
08-06 15:34:33.522  1239  1239 I Glide   : 	at okhttp3.internal.NamedRunnable.run(NamedRunnable.java:32)
08-06 15:34:33.522  1239  1239 I Glide   : 	at java.util.concurrent.ThreadPoolExecutor.runWorker(ThreadPoolExecutor.java:1113)
08-06 15:34:33.522  1239  1239 I Glide   : 	at java.util.concurrent.ThreadPoolExecutor$Worker.run(ThreadPoolExecutor.java:588)
08-06 15:34:33.522  1239  1239 I Glide   : 	at java.lang.Thread.run(Thread.java:818)
08-06 15:34:33.584   380   380 W SurfaceFlinger: couldn't log to binary event log: overflow.
08-06 15:34:33.677  1239  3042 I art     : Starting a blocking GC Explicit
08-06 15:34:33.720  1239  3042 I art     : Explicit concurrent mark sweep GC freed 2931(206KB) AllocSpace objects, 1(20KB) LOS objects, 23% free, 50MB/66MB, paused 1.703ms total 43.009ms
08-06 15:34:33.733  1239  3042 I art     : Starting a blocking GC Explicit
08-06 15:34:33.778  1239  3042 I art     : Explicit concurrent mark sweep GC freed 2902(237KB) AllocSpace objects, 1(28KB) LOS objects, 23% free, 50MB/66MB, paused 1.688ms total 44.545ms
08-06 15:34:33.791  1239  3042 I art     : Starting a blocking GC Explicit
08-06 15:34:33.836  1239  3042 I art     : Explicit concurrent mark sweep GC freed 3(96B) AllocSpace objects, 0(0B) LOS objects, 23% free, 50MB/66MB, paused 1.628ms total 44.095ms
08-06 15:34:33.849  1239  3042 I art     : Starting a blocking GC Explicit
08-06 15:34:33.894  1239  3042 I art     : Explicit concurrent mark sweep GC freed 3(96B) AllocSpace objects, 0(0B) LOS objects, 23% free, 50MB/66MB, paused 1.619ms total 44.804ms
08-06 15:34:33.908  1239  3042 I art     : Starting a blocking GC Explicit
08-06 15:34:33.952  1239  3042 I art     : Explicit concurrent mark sweep GC freed 3(96B) AllocSpace objects, 0(0B) LOS objects, 23% free, 50MB/66MB, paused 1.675ms total 44.420ms
08-06 15:34:34.324  1239  1251 I art     : Starting a blocking GC Explicit
08-06 15:34:34.382  1239  1251 I art     : Explicit concurrent mark sweep GC freed 1412(82KB) AllocSpace objects, 1(20KB) LOS objects, 23% free, 50MB/66MB, paused 1.662ms total 57.513ms
08-06 15:34:34.396  1239  1251 I art     : Starting a blocking GC Explicit
08-06 15:34:34.441  1239  1251 I art     : Explicit concurrent mark sweep GC freed 23(768B) AllocSpace objects, 0(0B) LOS objects, 23% free, 50MB/66MB, paused 1.640ms total 44.646ms
08-06 15:34:34.454  1239  1251 I art     : Starting a blocking GC Explicit
08-06 15:34:34.497  1239  1251 I art     : Explicit concurrent mark sweep GC freed 3(96B) AllocSpace objects, 0(0B) LOS objects, 23% free, 50MB/66MB, paused 1.674ms total 42.204ms
08-06 15:34:34.510  1239  1251 I art     : Starting a blocking GC Explicit
08-06 15:34:34.552  1239  1251 I art     : Explicit concurrent mark sweep GC freed 3(96B) AllocSpace objects, 0(0B) LOS objects, 23% free, 50MB/66MB, paused 1.639ms total 41.167ms
08-06 15:34:34.565  1239  1251 I art     : Starting a blocking GC Explicit
08-06 15:34:34.608  1239  1251 I art     : Explicit concurrent mark sweep GC freed 3(96B) AllocSpace objects, 0(0B) LOS objects, 23% free, 50MB/66MB, paused 1.829ms total 42.725ms
08-06 15:34:34.976  1239  1581 I art     : Starting a blocking GC Explicit
08-06 15:34:35.017  4957  4957 D AndroidRuntime: >>>>>> START com.android.internal.os.RuntimeInit uid 2000 <<<<<<
08-06 15:34:35.023  4957  4957 D AndroidRuntime: CheckJNI is OFF
08-06 15:34:35.023  1239  1581 I art     : Explicit concurrent mark sweep GC freed 1447(83KB) AllocSpace objects, 1(20KB) LOS objects, 23% free, 50MB/66MB, paused 1.922ms total 46.544ms
08-06 15:34:35.037  1239  1581 I art     : Starting a blocking GC Explicit
08-06 15:34:35.068  4957  4957 D ICU     : No timezone override file found: /data/misc/zoneinfo/current/icu/icu_tzdata.dat
08-06 15:34:35.079  1239  1581 I art     : Explicit concurrent mark sweep GC freed 39(1264B) AllocSpace objects, 0(0B) LOS objects, 23% free, 50MB/66MB, paused 1.820ms total 42.373ms
08-06 15:34:35.092  1239  1581 I art     : Starting a blocking GC Explicit
08-06 15:34:35.110  4957  4957 I Radio-JNI: register_android_hardware_Radio DONE
08-06 15:34:35.132  1239  1581 I art     : Explicit concurrent mark sweep GC freed 11(352B) AllocSpace objects, 0(0B) LOS objects, 23% free, 50MB/66MB, paused 1.705ms total 40.242ms
08-06 15:34:35.139  4957  4957 D AndroidRuntime: Calling main entry com.android.commands.input.Input
08-06 15:34:35.141  4957  4957 I Input   : injectKeyEvent: KeyEvent { action=ACTION_DOWN, keyCode=KEYCODE_BACK, scanCode=0, metaState=0, flags=0x0, repeatCount=0, eventTime=891291554, downTime=891291554, deviceId=-1, source=0x101 }
08-06 15:34:35.144  1239  1581 I art     : Starting a blocking GC Explicit
08-06 15:34:35.148  4957  4957 I Input   : injectKeyEvent: KeyEvent { action=ACTION_UP, keyCode=KEYCODE_BACK, scanCode=0, metaState=0, flags=0x0, repeatCount=0, eventTime=891291554, downTime=891291554, deviceId=-1, source=0x101 }
08-06 15:34:35.171  4957  4957 D AndroidRuntime: Shutting down VM
08-06 15:34:35.186  1239  1581 I art     : Explicit concurrent mark sweep GC freed 2086(86KB) AllocSpace objects, 0(0B) LOS objects, 23% free, 50MB/66MB, paused 1.668ms total 41.314ms
08-06 15:34:35.198  1239  1581 I art     : Starting a blocking GC Explicit
08-06 15:34:35.239  1239  1581 I art     : Explicit concurrent mark sweep GC freed 267(18KB) AllocSpace objects, 0(0B) LOS objects, 23% free, 50MB/66MB, paused 1.587ms total 40.193ms
08-06 15:34:35.573  1239  1252 I art     : Starting a blocking GC Explicit
08-06 15:34:35.625  1239  1252 I art     : Explicit concurrent mark sweep GC freed 6521(461KB) AllocSpace objects, 10(1640KB) LOS objects, 24% free, 48MB/64MB, paused 1.957ms total 50.934ms
08-06 15:34:35.640  1239  1252 I art     : Starting a blocking GC Explicit
08-06 15:34:35.683  1239  1252 I art     : Explicit concurrent mark sweep GC freed 23(752B) AllocSpace objects, 0(0B) LOS objects, 24% free, 48MB/64MB, paused 1.607ms total 42.654ms
08-06 15:34:35.696  1239  1252 I art     : Starting a blocking GC Explicit
08-06 15:34:35.739  1239  1252 I art     : Explicit concurrent mark sweep GC freed 3(96B) AllocSpace objects, 0(0B) LOS objects, 24% free, 48MB/64MB, paused 1.699ms total 43.075ms
08-06 15:34:35.752  1239  1252 I art     : Starting a blocking GC Explicit
08-06 15:34:35.795  1239  1252 I art     : Explicit concurrent mark sweep GC freed 3(96B) AllocSpace objects, 0(0B) LOS objects, 24% free, 48MB/64MB, paused 1.657ms total 42.999ms
08-06 15:34:35.808  1239  1252 I art     : Starting a blocking GC Explicit
08-06 15:34:35.852  1239  1252 I art     : Explicit concurrent mark sweep GC freed 3(96B) AllocSpace objects, 0(0B) LOS objects, 24% free, 48MB/64MB, paused 1.731ms total 42.953ms
08-06 15:34:36.222  1239  3042 I art     : Starting a blocking GC Explicit
08-06 15:34:36.277  1239  3042 I art     : Explicit concurrent mark sweep GC freed 1410(82KB) AllocSpace objects, 1(20KB) LOS objects, 24% free, 48MB/64MB, paused 1.748ms total 54.178ms
08-06 15:34:36.292  1239  3042 I art     : Starting a blocking GC Explicit
08-06 15:34:36.334  1239  3042 I art     : Explicit concurrent mark sweep GC freed 23(752B) AllocSpace objects, 0(0B) LOS objects, 24% free, 48MB/64MB, paused 1.641ms total 41.963ms
08-06 15:34:36.347  1239  3042 I art     : Starting a blocking GC Explicit
08-06 15:34:36.390  1239  3042 I art     : Explicit concurrent mark sweep GC freed 3(96B) AllocSpace objects, 0(0B) LOS objects, 24% free, 48MB/64MB, paused 1.687ms total 42.796ms
08-06 15:34:36.403  1239  3042 I art     : Starting a blocking GC Explicit
08-06 15:34:36.443  1239  3042 I art     : Explicit concurrent mark sweep GC freed 3(96B) AllocSpace objects, 0(0B) LOS objects, 24% free, 48MB/64MB, paused 1.542ms total 39.409ms
08-06 15:34:36.455  1239  3042 I art     : Starting a blocking GC Explicit
08-06 15:34:36.496  1239  3042 I art     : Explicit concurrent mark sweep GC freed 3(96B) AllocSpace objects, 0(0B) LOS objects, 24% free, 48MB/64MB, paused 1.646ms total 40.179ms
08-06 15:34:36.848  1239  3042 I art     : Starting a blocking GC Explicit
08-06 15:34:36.892  1239  3042 I art     : Explicit concurrent mark sweep GC freed 1393(83KB) AllocSpace objects, 1(20KB) LOS objects, 24% free, 48MB/64MB, paused 1.613ms total 43.920ms
08-06 15:34:36.906  1239  3042 I art     : Starting a blocking GC Explicit
08-06 15:34:36.948  1239  3042 I art     : Explicit concurrent mark sweep GC freed 31(1008B) AllocSpace objects, 0(0B) LOS objects, 24% free, 48MB/64MB, paused 1.801ms total 42.202ms
08-06 15:34:36.961  1239  3042 I art     : Starting a blocking GC Explicit
08-06 15:34:37.002  1239  3042 I art     : Explicit concurrent mark sweep GC freed 9(288B) AllocSpace objects, 0(0B) LOS objects, 24% free, 48MB/64MB, paused 1.635ms total 40.738ms
08-06 15:34:37.004  5005  5005 D AndroidRuntime: >>>>>> START com.android.internal.os.RuntimeInit uid 2000 <<<<<<
08-06 15:34:37.010  5005  5005 D AndroidRuntime: CheckJNI is OFF
08-06 15:34:37.014  1239  3042 I art     : Starting a blocking GC Explicit
08-06 15:34:37.054  5005  5005 D ICU     : No timezone override file found: /data/misc/zoneinfo/current/icu/icu_tzdata.dat
08-06 15:34:37.055  1239  3042 I art     : Explicit concurrent mark sweep GC freed 35(976B) AllocSpace objects, 0(0B) LOS objects, 24% free, 48MB/64MB, paused 1.666ms total 40.195ms
08-06 15:34:37.067  1239  3042 I art     : Starting a blocking GC Explicit
08-06 15:34:37.098  5005  5005 I Radio-JNI: register_android_hardware_Radio DONE
08-06 15:34:37.108  1239  3042 I art     : Explicit concurrent mark sweep GC freed 3(96B) AllocSpace objects, 0(0B) LOS objects, 24% free, 48MB/64MB, paused 1.916ms total 41.282ms
08-06 15:34:37.127  5005  5005 D AndroidRuntime: Calling main entry com.android.commands.am.Am
08-06 15:34:37.137   779   779 I Trepn   : Trepn 6.2s: Received intent: com.quicinc.trepn.stop_profiling
08-06 15:34:37.190   779   779 I Trepn   : Trepn 6.2s: Trepn has Stopped Profiling.
08-06 15:34:37.386  5005  5005 D AndroidRuntime: Shutting down VM
08-06 15:34:37.389   918  4413 W AppOps  : Finishing op nesting under-run: uid 10078 pkg com.quicinc.trepn code 24 time=0 duration=0 nesting=0
08-06 15:34:37.485  1239  1251 I art     : Starting a blocking GC Explicit
08-06 15:34:37.532  1239  1251 I art     : Explicit concurrent mark sweep GC freed 1380(81KB) AllocSpace objects, 1(20KB) LOS objects, 24% free, 48MB/64MB, paused 1.730ms total 46.555ms
08-06 15:34:37.547  1239  1251 I art     : Starting a blocking GC Explicit
08-06 15:34:37.592  1239  1251 I art     : Explicit concurrent mark sweep GC freed 23(752B) AllocSpace objects, 0(0B) LOS objects, 24% free, 48MB/64MB, paused 1.675ms total 45.445ms
08-06 15:34:37.605  1239  1251 I art     : Starting a blocking GC Explicit
08-06 15:34:37.648  1239  1251 I art     : Explicit concurrent mark sweep GC freed 3(96B) AllocSpace objects, 0(0B) LOS objects, 24% free, 48MB/64MB, paused 1.790ms total 42.621ms
08-06 15:34:37.661  1239  1251 I art     : Starting a blocking GC Explicit
08-06 15:34:37.701  1239  1251 I art     : Explicit concurrent mark sweep GC freed 3(96B) AllocSpace objects, 0(0B) LOS objects, 24% free, 48MB/64MB, paused 1.684ms total 39.621ms
08-06 15:34:37.713  1239  1251 I art     : Starting a blocking GC Explicit
08-06 15:34:37.752  1239  1251 I art     : Explicit concurrent mark sweep GC freed 3(96B) AllocSpace objects, 0(0B) LOS objects, 24% free, 48MB/64MB, paused 1.619ms total 39.161ms
