--------- beginning of main
08-06 17:24:39.477   918  6111 I AccountManagerService: getTypesVisibleToCaller: isPermitted? true
08-06 17:24:39.487 24365 28042 I Fitness : FitCleanupIntentOperation received Intent android.intent.action.PACKAGE_REMOVED [CONTEXT service_id=17 ]
08-06 17:24:39.489 12162 12162 I Finsky  : [1] uah.a(18): PackageMonitorReceiverImpl - Received: android.intent.action.PACKAGE_REMOVED, [CFjXe5fo2ooiLur0Ju3smv2h5qnGgIsGl5_C_SkJu8g]
08-06 17:24:39.490 12162 12162 I Finsky  : [1] ubi.d(9): Invalidating cached PackageState for baseline.de.danoeh.antennapod.debug
08-06 17:24:39.494 12162 12162 I Finsky  : [1] lzi.c(2): Frosting ID looked up on UI thread. Caller should move to a background thread.
08-06 17:24:39.497   918  6029 I AccountManagerService: getTypesVisibleToCaller: isPermitted? true
08-06 17:24:39.499 12162 12162 I Finsky  : [1] nqb.c(3): Installer: package baseline.de.danoeh.antennapod.debug was removed. replacing: true
08-06 17:24:39.500 12162 12162 I Finsky  : [1] nra.a(188): Installer: Notifying status update. package=baseline.de.danoeh.antennapod.debug, status=UNINSTALLED
08-06 17:24:39.511 12162 12162 I Finsky  : [1] lzi.c(2): Frosting ID looked up on UI thread. Caller should move to a background thread.
08-06 17:24:39.512  3784  3784 D CarrierServiceBindHelper: Receive action: android.intent.action.PACKAGE_ADDED
08-06 17:24:39.513  3784  3784 D CarrierServiceBindHelper: Receive action: android.intent.action.PACKAGE_REPLACED
08-06 17:24:39.514  3784  3784 D CarrierServiceBindHelper: mHandler: 3
08-06 17:24:39.514  3784  3784 D CarrierServiceBindHelper: mHandler: 3
08-06 17:24:39.514  3784  3784 D CarrierServiceBindHelper: mHandler: 3
08-06 17:24:39.514  3784  3784 D CarrierConfigLoader: mHandler: 9 phoneId: 0
08-06 17:24:39.516 12162 28051 I Finsky  : [6919] ejf.a(-1): Cancelled 0 ongoing asset module downloads for package baseline.de.danoeh.antennapod.debug due to a concurrent app update.
08-06 17:24:39.526 12162 12162 I Finsky  : [1] nra.a(220): Installer: found apps to install. isMultiUserMode=false, apps=[]
08-06 17:24:39.531 12162 12269 I Finsky  : [6285] odj.b(52): IQ: Notifying installation update. package=baseline.de.danoeh.antennapod.debug, status=UNINSTALLED
08-06 17:24:39.547 12162 28049 I Finsky  : [6917] lyv.run(-1): Wrote row to frosting DB: 3432
08-06 17:24:39.565 24577 28045 I Auth    : [SupervisedAccountIntentOperation] onHandleIntent(): android.intent.action.PACKAGE_ADDED
08-06 17:24:39.569 24577 28048 I ChromeSync: [Sync,SyncIntentOperation] Handling the intent: Intent { act=android.intent.action.PACKAGE_ADDED dat=package:baseline.de.danoeh.antennapod.debug flg=0x4000010 cmp=com.google.android.gms/.chimera.GmsIntentOperationService (has extras) }.
--------- beginning of system
08-06 17:24:39.570   918  3359 W ActivityManager: Unable to start service Intent { act=com.google.android.gms.auth.key.retrieval.service.START pkg=com.google.android.gms } U=0: not found
08-06 17:24:39.572   918  5952 W ActivityManager: Unbind failed: could not find connection for android.os.BinderProxy@cef602a
08-06 17:24:39.572 12162 12162 I Finsky  : [1] uah.a(18): PackageMonitorReceiverImpl - Received: android.intent.action.PACKAGE_ADDED, [CFjXe5fo2ooiLur0Ju3smv2h5qnGgIsGl5_C_SkJu8g]
08-06 17:24:39.572 24577 24621 E GmsClient: unable to connect to service: com.google.android.gms.auth.key.retrieval.service.START on com.google.android.gms
08-06 17:24:39.572 12162 12162 I Finsky  : [1] ubi.d(9): Invalidating cached PackageState for baseline.de.danoeh.antennapod.debug
08-06 17:24:39.577 12162 12162 I Finsky  : [1] lzi.c(2): Frosting ID looked up on UI thread. Caller should move to a background thread.
08-06 17:24:39.592 12162 28049 I Finsky  : [6917] lyv.run(-1): Wrote row to frosting DB: 3433
08-06 17:24:39.594 12162 12269 I Finsky  : [6285] odj.b(40): IQ: No matching installs to run for jobs: []
08-06 17:24:39.600 12162 12162 I Finsky  : [1] agsx.a(4): Do not start WearSupportService due to Wear service optimization
08-06 17:24:39.601 12162 28050 I Finsky  : [6918] gzn.a(-1): [ContentSync] finished, scheduled=false
08-06 17:24:39.608 12162 28049 I Finsky  : [6917] lyv.run(-1): Wrote row to frosting DB: 3434
08-06 17:24:39.626   918  3670 I AccountManagerService: getTypesVisibleToCaller: isPermitted? true
08-06 17:24:39.629 12162 28051 I Finsky  : [6919] ejc.a(-1): Asset module broadcast after update successful for package baseline.de.danoeh.antennapod.debug. 0 sessions broadcast.
08-06 17:24:39.630 24577 28048 I ChromeSync: [Persistence,AffiliationManager] One of affiliation or grouping data for android://bz0hZa4nAJEtd0n5sRlXG7KAqctUMWVefv7Ki4mh1p6slZ9YO-n9gS9j8m9YCrsIyI2wIxrDHraumF9Y6pBLTA==@baseline.de.danoeh.antennapod.debug/ was not found. Marking affiliation data as stale...
08-06 17:24:39.633 12162 12162 I Finsky  : [1] lzi.c(2): Frosting ID looked up on UI thread. Caller should move to a background thread.
08-06 17:24:39.638 24577 13294 I Icing   : IndexChimeraService.getServiceInterface callingPackage=com.google.android.gms componentName=AppsCorpus serviceId=36
08-06 17:24:39.673   918  4400 I AccountManagerService: getTypesVisibleToCaller: isPermitted? true
08-06 17:24:39.676 24577 15135 W Icing   : No valid account for uploading user actions
08-06 17:24:39.679 12162 28049 I Finsky  : [6917] lyv.run(-1): Wrote row to frosting DB: 3435
08-06 17:24:39.710 24577 15135 I Icing   : Usage reports ok 0, Failed Usage reports 0, indexed 0, rejected 0
08-06 17:24:39.710   918  4400 I AccountManagerService: getTypesVisibleToCaller: isPermitted? true
08-06 17:24:39.724 24577 13294 I Icing   : IndexChimeraService.getServiceInterface callingPackage=com.google.android.gms componentName=null serviceId=30
08-06 17:24:39.735 24577 15135 I Icing   : Indexing com.google.android.gms-internal.3p:MobileApplication from com.google.android.gms using seqno 763
08-06 17:24:39.739 24577 15135 I Icing   : Indexing com.google.android.gms-internal.3p:MobileApplication from com.google.android.gms using seqno 763
08-06 17:24:39.764 24577 15135 W Icing   : No valid account for uploading user actions
08-06 17:24:39.776 24577 15135 I Icing   : Usage reports ok 0, Failed Usage reports 0, indexed 0, rejected 0
08-06 17:24:39.831 12162 12162 I Finsky  : [1] xmu.a(8): SCH: Jobs in database: 1-1337 3-225 3-226 12-1 24-77777777 26-1414141414 
08-06 17:24:39.833 12162 12162 I Finsky  : [1] xio.a(57): SCH: ConstraintMapping: 24-77777777,  -> L: 0ms, D: 13531094ms, C: false, I: true, N: 0
08-06 17:24:39.834 12162 12162 I Finsky  : [1] xio.a(57): SCH: ConstraintMapping: 1-1337, 12-1,  -> L: 14681ms, D: 60073079ms, C: false, I: false, N: 1
08-06 17:24:39.834 12162 12162 I Finsky  : [1] xio.a(57): SCH: ConstraintMapping: 3-225,  -> L: 0ms, D: 56657022ms, C: false, I: true, N: 2
08-06 17:24:39.835 12162 12162 I Finsky  : [1] xio.a(57): SCH: ConstraintMapping: 3-226,  -> L: 0ms, D: 56657066ms, C: true, I: true, N: 2
08-06 17:24:39.835 12162 12162 I Finsky  : [1] xio.a(57): SCH: ConstraintMapping: 26-1414141414,  -> L: 21654467ms, D: 22554467ms, C: false, I: false, N: 0
08-06 17:24:39.839 12162 28050 I Finsky  : [6918] gzn.a(-1): [ContentSync] finished, scheduled=true
08-06 17:24:39.853 12162 12162 I Finsky  : [1] xle.a(34): Cancelling existing jobscheduler jobs: 9004 9008 9003 9009 9000 9002 9010 9006 9015 9005 
08-06 17:24:39.854 12162 12162 I Finsky  : [1] xle.a(27): Scheduling job Id: 9001, L: 0, D: 13531094, C: false, I: true, N: 0
08-06 17:24:39.856 12162 12162 I Finsky  : [1] xle.a(27): Scheduling job Id: 9007, L: 14681, D: 60073079, C: false, I: false, N: 1
08-06 17:24:39.858 12162 12162 I Finsky  : [1] xle.a(27): Scheduling job Id: 9011, L: 0, D: 56657022, C: false, I: true, N: 2
08-06 17:24:39.860 12162 12162 I Finsky  : [1] xle.a(27): Scheduling job Id: 9012, L: 0, D: 56657066, C: true, I: true, N: 2
08-06 17:24:39.862 12162 12162 I Finsky  : [1] xle.a(27): Scheduling job Id: 9013, L: 21654467, D: 22554467, C: false, I: false, N: 0
08-06 17:24:39.864 12162 12162 I Finsky  : [1] xle.a(27): Scheduling job Id: 9014, L: 0, D: 13531094, C: false, I: true, N: 0
08-06 17:24:39.865 12162 12162 I Finsky  : [1] xle.a(27): Scheduling job Id: 9016, L: 14681, D: 60073079, C: false, I: false, N: 1
08-06 17:24:39.867 12162 12162 I Finsky  : [1] xle.a(27): Scheduling job Id: 9017, L: 0, D: 56657022, C: false, I: true, N: 2
08-06 17:24:39.868 12162 12162 I Finsky  : [1] xle.a(27): Scheduling job Id: 9018, L: 0, D: 56657066, C: true, I: true, N: 2
08-06 17:24:39.870 12162 12162 I Finsky  : [1] xle.a(27): Scheduling job Id: 9019, L: 21654467, D: 22554467, C: false, I: false, N: 0
08-06 17:24:40.166 28074 28074 D AndroidRuntime: >>>>>> START com.android.internal.os.RuntimeInit uid 2000 <<<<<<
08-06 17:24:40.171 28074 28074 D AndroidRuntime: CheckJNI is OFF
08-06 17:24:40.210 28074 28074 D ICU     : No timezone override file found: /data/misc/zoneinfo/current/icu/icu_tzdata.dat
08-06 17:24:40.251 28074 28074 I Radio-JNI: register_android_hardware_Radio DONE
08-06 17:24:40.274 28074 28074 D AndroidRuntime: Calling main entry com.android.commands.monkey.Monkey
08-06 17:24:40.296   918   931 W BroadcastQueue: Skipping deliver [background] BroadcastRecord{953e4a9 u-1 android.net.conn.CONNECTIVITY_CHANGE} to ReceiverList{c1a0a2e 28074 (unknown name)/2000/u-1 remote:bb0c973}: process crashing
08-06 17:24:40.309   918  3359 I ActivityManager: START u0 {act=android.intent.action.MAIN cat=[android.intent.category.LAUNCHER] flg=0x10200000 cmp=baseline.de.danoeh.antennapod.debug/baseline.de.danoeh.antennapod.activity.SplashActivity} from uid 2000 on display 0
08-06 17:24:40.350 28083 28083 I art     : Late-enabling -Xcheck:jni
08-06 17:24:40.354   918  5481 I ActivityManager: Start proc 28083:baseline.de.danoeh.antennapod.debug/u0a711 for activity baseline.de.danoeh.antennapod.debug/baseline.de.danoeh.antennapod.activity.SplashActivity
08-06 17:24:40.358 28074 28074 I art     : System.exit called, status: 0
08-06 17:24:40.358 28074 28074 I AndroidRuntime: VM exiting with result code 0.
08-06 17:24:40.420 26121 10711 I PBSessionCacheImpl: Deleted sessionId[114882969641334449] from persistence.
08-06 17:24:40.424 28083 28083 W System  : ClassLoader referenced unknown path: /data/app/baseline.de.danoeh.antennapod.debug-1/lib/arm64
08-06 17:24:40.431 26121 26151 W SearchServiceCore: Abort, client detached.
08-06 17:24:40.432 26121 26151 I MicroDetectionState: Should stop hotword detection immediately - true
08-06 17:24:40.468 28083 28083 D UserPreferences: Creating new instance of UserPreferences
08-06 17:24:40.475 28083 28083 D UserPreferences: Using default data folder
08-06 17:24:40.479 28083 28083 D UserPreferences: Import directory already exists
08-06 17:24:40.482 28083 28083 D UpdateManager: old: -1, current: 1070296
08-06 17:24:40.485 28083 28083 D SleepTimerPreferences: Creating new instance of SleepTimerPreferences
08-06 17:24:40.514 28083 28083 D SPAUtil : Sending SP_APPS_QUERY_FEEDS intent
08-06 17:24:40.545 28083 28083 W art     : Before Android 4.1, method android.graphics.PorterDuffColorFilter androidx.vectordrawable.graphics.drawable.VectorDrawableCompat.updateTintFilter(android.graphics.PorterDuffColorFilter, android.content.res.ColorStateList, android.graphics.PorterDuff$Mode) would have incorrectly overridden the package-private method in android.graphics.drawable.Drawable
08-06 17:24:40.582 28083 28083 I art     : Rejecting re-init on previously-failed class java.lang.Class<androidx.core.view.ViewCompat$2>
08-06 17:24:40.582 28083 28083 I art     : Rejecting re-init on previously-failed class java.lang.Class<androidx.core.view.ViewCompat$2>
08-06 17:24:40.622 28083 28104 D OpenGLRenderer: Use EGL_SWAP_BEHAVIOR_PRESERVED: true
08-06 17:24:40.685 28083 28104 I Adreno  : QUALCOMM build                   : fcf4852, I1af360237c
08-06 17:24:40.685 28083 28104 I Adreno  : Build Date                       : 09/23/15
08-06 17:24:40.685 28083 28104 I Adreno  : OpenGL ES Shader Compiler Version: XE031.05.13.02
08-06 17:24:40.685 28083 28104 I Adreno  : Local Branch                     : mybranch14465806
08-06 17:24:40.685 28083 28104 I Adreno  : Remote Branch                    : quic/LA.BF64.1.2.9_v2
08-06 17:24:40.685 28083 28104 I Adreno  : Remote Branch                    : NONE
08-06 17:24:40.685 28083 28104 I Adreno  : Reconstruct Branch               : NOTHING
08-06 17:24:40.696 28083 28104 I OpenGLRenderer: Initialized EGL, version 1.4
08-06 17:24:40.713 24577 15135 I Icing   : Indexing com.google.android.gms-apps from com.google.android.gms
08-06 17:24:40.741 13866 13866 I GoogleInputMethodServic: GoogleInputMethodService.onFinishInput():3138 
08-06 17:24:40.743 13866 13866 I GoogleInputMethodServic: GoogleInputMethodService.onStartInput():1808 
08-06 17:24:40.753   918  3961 I ActivityManager: START u0 {cmp=baseline.de.danoeh.antennapod.debug/baseline.de.danoeh.antennapod.activity.MainActivity} from uid 10711 on display 0
08-06 17:24:40.820 24577 15135 I Icing   : Indexing done com.google.android.gms-apps
08-06 17:24:40.851 25638 25638 I Atfwd_Sendcmd: AtCmdFwd service not ready - Exhausted retry attempts - :6
08-06 17:24:40.851 25638 25638 I Atfwd_Daemon: result : -1 	 ,Init step :2 	 ,qmiErrorCode: 0
08-06 17:24:40.910 28083 28083 D UserPreferences: Using default data folder
08-06 17:24:40.949 28083 28083 D MainActivity: getLastNavFragment() -> QueueFragment
08-06 17:24:40.950 28083 28083 D MainActivity: loadFragment(tag: QueueFragment, args: null)
08-06 17:24:40.953 28083 28083 D MainActivity: saveLastNavFragment(tag: QueueFragment)
08-06 17:24:40.954 28083 28083 D MainActivity: getLastNavFragment() -> QueueFragment
08-06 17:24:40.954 28083 28083 D UserPreferences: timeOfDay: []
08-06 17:24:40.956 28083 28083 D AutoUpdateManager: Restarting update alarm.
08-06 17:24:40.958 28083 28083 D AutoUpdateManager: Changed alarm to new interval 12 h
08-06 17:24:40.982 28083 28083 D UserPreferences: timeOfDay: []
08-06 17:24:40.982 28083 28083 D AutoUpdateManager: Restarting update alarm.
08-06 17:24:40.983 28083 28083 D AutoUpdateManager: Changed alarm to new interval 12 h
08-06 17:24:41.025 28083 28083 D ExternalPlayerFragment: Loading media info
08-06 17:24:41.027 28083 28083 D QueueFragment: loadItems()
08-06 17:24:41.032 28083 28103 D DBReader: getQueue() called
08-06 17:24:41.032 28083 28103 D DBReader: getQueue()
08-06 17:24:41.033 28083 28103 D DBReader: getFavoriteIDList() called
08-06 17:24:41.034 28083 28103 D DBReader: getQueueIDList() called
08-06 17:24:41.035 28083 28103 D DBReader: Extracting Feedlist
08-06 17:24:41.038 28083 28083 V PlaybackController: initServiceNotRunning()
08-06 17:24:41.038 28083 28083 D ExternalPlayerFragment: Loading media info
08-06 17:24:41.042 28083 28083 D UserPreferences: Using default data folder
08-06 17:24:41.045 28083 28083 D AutoUpdateManager: last refresh: 443535 hours 24 minutes ago
08-06 17:24:41.047 28083 28103 D DBReader: getNavDrawerData() called with: 
08-06 17:24:41.051 28083 28103 D DBReader: getDownloadedItems() called
08-06 17:24:41.052 28083 28103 D DBReader: getFavoriteIDList() called
08-06 17:24:41.053 28083 28103 D DBReader: getQueueIDList() called
08-06 17:24:41.054 28083 28103 D DBReader: Extracting Feedlist
08-06 17:24:41.060   380   380 W SurfaceFlinger: couldn't log to binary event log: overflow.
08-06 17:24:41.142 28083 28083 D MainActivity: getLastNavFragment() -> QueueFragment
08-06 17:24:41.142 28083 28083 D MainActivity: handleNavIntent()
08-06 17:24:41.381   918   936 I ActivityManager: Displayed baseline.de.danoeh.antennapod.debug/baseline.de.danoeh.antennapod.activity.MainActivity: +507ms (total +1s63ms)
08-06 17:24:41.387 13866 13866 I GoogleInputMethodServic: GoogleInputMethodService.onFinishInput():3138 
08-06 17:24:41.389 13866 13866 I GoogleInputMethodServic: GoogleInputMethodService.onStartInput():1808 
08-06 17:24:41.411 29532 29532 W PathParser: Points are too far apart 4.030360828967057
08-06 17:24:41.411 29532 29532 W PathParser: Points are too far apart 4.030360538880159
08-06 17:24:41.427 29532 29532 W PathParser: Points are too far apart 4.030360828967057
08-06 17:24:41.427 29532 29532 W PathParser: Points are too far apart 4.030360538880159
08-06 17:24:41.444 29532 29532 W PathParser: Points are too far apart 4.030360828967057
08-06 17:24:41.444 29532 29532 W PathParser: Points are too far apart 4.030360538880159
08-06 17:24:41.461 29532 29532 W PathParser: Points are too far apart 4.030360828967057
08-06 17:24:41.461 29532 29532 W PathParser: Points are too far apart 4.030360538880159
08-06 17:24:41.478 29532 29532 W PathParser: Points are too far apart 4.030360828967057
08-06 17:24:41.479 29532 29532 W PathParser: Points are too far apart 4.030360538880159
08-06 17:24:41.495 29532 29532 W PathParser: Points are too far apart 4.030360828967057
08-06 17:24:41.495 29532 29532 W PathParser: Points are too far apart 4.030360538880159
08-06 17:24:41.511 29532 29532 W PathParser: Points are too far apart 4.030360828967057
08-06 17:24:41.512 29532 29532 W PathParser: Points are too far apart 4.030360538880159
08-06 17:24:41.528 29532 29532 W PathParser: Points are too far apart 4.030360828967057
08-06 17:24:41.528 29532 29532 W PathParser: Points are too far apart 4.030360538880159
08-06 17:24:41.994 28128 28128 D AndroidRuntime: >>>>>> START com.android.internal.os.RuntimeInit uid 2000 <<<<<<
08-06 17:24:42.001 28128 28128 D AndroidRuntime: CheckJNI is OFF
08-06 17:24:42.044 28128 28128 D ICU     : No timezone override file found: /data/misc/zoneinfo/current/icu/icu_tzdata.dat
08-06 17:24:42.061 28083 28134 D DBReader: Extracting Feedlist
08-06 17:24:42.063 28083 28134 D FlattrUtils: Retrieving access token
08-06 17:24:42.063 28083 28134 D FlattrUtils: No access token found
08-06 17:24:42.066 28083 28134 I art     : Rejecting re-init on previously-failed class java.lang.Class<androidx.core.app.JobIntentService$JobServiceEngineImpl>
08-06 17:24:42.066 28083 28134 I art     : Rejecting re-init on previously-failed class java.lang.Class<androidx.core.app.JobIntentService$JobServiceEngineImpl>
08-06 17:24:42.067 28083 28134 I art     : Rejecting re-init on previously-failed class java.lang.Class<androidx.core.app.SafeJobIntentService$SafeJobServiceEngineImpl>
08-06 17:24:42.067 28083 28134 I art     : Rejecting re-init on previously-failed class java.lang.Class<androidx.core.app.SafeJobIntentService$SafeJobServiceEngineImpl>
08-06 17:24:42.087 28128 28128 I Radio-JNI: register_android_hardware_Radio DONE
08-06 17:24:42.109 28128 28128 D AndroidRuntime: Calling main entry com.android.commands.am.Am
08-06 17:24:42.122 26540 26540 I Trepn   : Trepn 6.2s: Received intent: com.quicinc.trepn.start_profiling
08-06 17:24:42.234 26540 26540 W FileUtils: Failed to chmod(/storage/emulated/0/trepn/Trepn_2020.08.06_172442.db): android.system.ErrnoException: chmod failed: EPERM (Operation not permitted)
08-06 17:24:42.358 26540 26540 I Trepn   : Trepn 6.2s: Trepn has Started Profiling.
08-06 17:24:42.362 28128 28128 D AndroidRuntime: Shutting down VM
08-06 17:24:42.429   918  3188 I hubconnection: sensorhub said: 'set_bias 3: -6.2016, 0.0000, 0.0000'
08-06 17:24:42.495 13866 13866 I GoogleInputMethodServic: GoogleInputMethodService.onFinishInput():3138 
08-06 17:24:42.496 13866 13866 I GoogleInputMethodServic: GoogleInputMethodService.onStartInput():1808 
08-06 17:24:42.810 28083 28096 I art     : Starting a blocking GC Explicit
08-06 17:24:42.835 28083 28096 I art     : Explicit concurrent mark sweep GC freed 11061(1564KB) AllocSpace objects, 7(140KB) LOS objects, 40% free, 23MB/38MB, paused 222us total 24.147ms
08-06 17:24:42.845 28083 28096 I art     : Starting a blocking GC Explicit
08-06 17:24:42.862 28083 28096 I art     : Explicit concurrent mark sweep GC freed 2074(118KB) AllocSpace objects, 0(0B) LOS objects, 40% free, 23MB/38MB, paused 311us total 16.803ms
08-06 17:24:42.870 28083 28096 I art     : Starting a blocking GC Explicit
08-06 17:24:42.886 28083 28096 I art     : Explicit concurrent mark sweep GC freed 1282(74KB) AllocSpace objects, 2(588KB) LOS objects, 40% free, 22MB/37MB, paused 191us total 15.409ms
08-06 17:24:42.894 28083 28096 I art     : Starting a blocking GC Explicit
08-06 17:24:42.910 28083 28096 I art     : Explicit concurrent mark sweep GC freed 3(96B) AllocSpace objects, 0(0B) LOS objects, 40% free, 22MB/37MB, paused 204us total 15.396ms
08-06 17:24:42.917 28083 28096 I art     : Starting a blocking GC Explicit
08-06 17:24:42.932 28083 28096 I art     : Explicit concurrent mark sweep GC freed 3(96B) AllocSpace objects, 0(0B) LOS objects, 40% free, 22MB/37MB, paused 192us total 14.662ms
08-06 17:24:43.221 28083 28095 I art     : Starting a blocking GC Explicit
08-06 17:24:43.240 28083 28095 I art     : Explicit concurrent mark sweep GC freed 1375(82KB) AllocSpace objects, 1(20KB) LOS objects, 40% free, 22MB/37MB, paused 206us total 17.892ms
08-06 17:24:43.251 28083 28095 I art     : Starting a blocking GC Explicit
08-06 17:24:43.269 28083 28095 I art     : Explicit concurrent mark sweep GC freed 23(752B) AllocSpace objects, 0(0B) LOS objects, 40% free, 22MB/37MB, paused 198us total 18.261ms
08-06 17:24:43.277 28083 28095 I art     : Starting a blocking GC Explicit
08-06 17:24:43.294 28083 28095 I art     : Explicit concurrent mark sweep GC freed 3(96B) AllocSpace objects, 0(0B) LOS objects, 40% free, 22MB/37MB, paused 181us total 16.097ms
08-06 17:24:43.302 28083 28095 I art     : Starting a blocking GC Explicit
08-06 17:24:43.317 28083 28095 I art     : Explicit concurrent mark sweep GC freed 3(96B) AllocSpace objects, 0(0B) LOS objects, 40% free, 22MB/37MB, paused 177us total 15.460ms
08-06 17:24:43.325 28083 28095 I art     : Starting a blocking GC Explicit
08-06 17:24:43.340 28083 28095 I art     : Explicit concurrent mark sweep GC freed 3(96B) AllocSpace objects, 0(0B) LOS objects, 40% free, 22MB/37MB, paused 179us total 15.172ms
08-06 17:24:43.619 28083 28159 I art     : Starting a blocking GC Explicit
08-06 17:24:43.640 28083 28159 I art     : Explicit concurrent mark sweep GC freed 1390(80KB) AllocSpace objects, 1(20KB) LOS objects, 40% free, 22MB/37MB, paused 215us total 20.461ms
08-06 17:24:43.651 28083 28159 I art     : Starting a blocking GC Explicit
08-06 17:24:43.668 28083 28159 I art     : Explicit concurrent mark sweep GC freed 23(752B) AllocSpace objects, 0(0B) LOS objects, 40% free, 22MB/37MB, paused 197us total 16.602ms
08-06 17:24:43.676 28083 28159 I art     : Starting a blocking GC Explicit
08-06 17:24:43.692 28083 28159 I art     : Explicit concurrent mark sweep GC freed 3(96B) AllocSpace objects, 0(0B) LOS objects, 40% free, 22MB/37MB, paused 192us total 15.652ms
08-06 17:24:43.700 28083 28159 I art     : Starting a blocking GC Explicit
08-06 17:24:43.717 28083 28159 I art     : Explicit concurrent mark sweep GC freed 3(96B) AllocSpace objects, 0(0B) LOS objects, 40% free, 22MB/37MB, paused 202us total 15.848ms
08-06 17:24:43.725 28083 28159 I art     : Starting a blocking GC Explicit
08-06 17:24:43.740 28083 28159 I art     : Explicit concurrent mark sweep GC freed 3(96B) AllocSpace objects, 0(0B) LOS objects, 40% free, 22MB/37MB, paused 190us total 15.700ms
08-06 17:24:44.068 28083 28096 I art     : Starting a blocking GC Explicit
08-06 17:24:44.085 28083 28096 I art     : Explicit concurrent mark sweep GC freed 1363(80KB) AllocSpace objects, 1(20KB) LOS objects, 40% free, 22MB/37MB, paused 204us total 16.638ms
08-06 17:24:44.096 28083 28096 I art     : Starting a blocking GC Explicit
08-06 17:24:44.112 28083 28096 I art     : Explicit concurrent mark sweep GC freed 26(848B) AllocSpace objects, 0(0B) LOS objects, 40% free, 22MB/37MB, paused 420us total 15.873ms
08-06 17:24:44.120 28083 28096 I art     : Starting a blocking GC Explicit
08-06 17:24:44.136 28083 28096 I art     : Explicit concurrent mark sweep GC freed 6(192B) AllocSpace objects, 0(0B) LOS objects, 40% free, 22MB/37MB, paused 191us total 15.565ms
08-06 17:24:44.144 28083 28096 I art     : Starting a blocking GC Explicit
08-06 17:24:44.160 28083 28096 I art     : Explicit concurrent mark sweep GC freed 6(192B) AllocSpace objects, 0(0B) LOS objects, 40% free, 22MB/37MB, paused 212us total 15.555ms
08-06 17:24:44.167 28083 28096 I art     : Starting a blocking GC Explicit
08-06 17:24:44.183 28083 28096 I art     : Explicit concurrent mark sweep GC freed 6(192B) AllocSpace objects, 0(0B) LOS objects, 40% free, 22MB/37MB, paused 197us total 15.325ms
08-06 17:24:44.441   918  3261 D WifiStateMachine: starting scan for "H369AA63323"WPA_PSK with 2412,5180
08-06 17:24:44.459 28083 28095 I art     : Starting a blocking GC Explicit
08-06 17:24:44.476 28083 28095 I art     : Explicit concurrent mark sweep GC freed 1379(80KB) AllocSpace objects, 1(20KB) LOS objects, 40% free, 22MB/37MB, paused 190us total 16.962ms
08-06 17:24:44.484 28083 28095 I art     : Starting a blocking GC Explicit
08-06 17:24:44.500 28083 28095 I art     : Explicit concurrent mark sweep GC freed 23(752B) AllocSpace objects, 0(0B) LOS objects, 40% free, 22MB/37MB, paused 196us total 16.147ms
08-06 17:24:44.508 28083 28095 I art     : Starting a blocking GC Explicit
08-06 17:24:44.525 28083 28095 I art     : Explicit concurrent mark sweep GC freed 3(96B) AllocSpace objects, 0(0B) LOS objects, 40% free, 22MB/37MB, paused 193us total 15.910ms
08-06 17:24:44.532 28083 28095 I art     : Starting a blocking GC Explicit
08-06 17:24:44.548 28083 28095 I art     : Explicit concurrent mark sweep GC freed 3(96B) AllocSpace objects, 0(0B) LOS objects, 40% free, 22MB/37MB, paused 185us total 15.598ms
08-06 17:24:44.556 28083 28095 I art     : Starting a blocking GC Explicit
08-06 17:24:44.572 28083 28095 I art     : Explicit concurrent mark sweep GC freed 3(96B) AllocSpace objects, 0(0B) LOS objects, 40% free, 22MB/37MB, paused 190us total 15.716ms
08-06 17:24:44.894 28083 28159 I art     : Starting a blocking GC Explicit
08-06 17:24:44.915 28083 28159 I art     : Explicit concurrent mark sweep GC freed 1390(81KB) AllocSpace objects, 1(20KB) LOS objects, 40% free, 22MB/37MB, paused 207us total 20.336ms
08-06 17:24:44.927 28083 28159 I art     : Starting a blocking GC Explicit
08-06 17:24:44.947 28083 28159 I art     : Explicit concurrent mark sweep GC freed 23(752B) AllocSpace objects, 0(0B) LOS objects, 40% free, 22MB/37MB, paused 195us total 19.465ms
08-06 17:24:44.955 28083 28159 I art     : Starting a blocking GC Explicit
08-06 17:24:44.971 28083 28159 I art     : Explicit concurrent mark sweep GC freed 3(96B) AllocSpace objects, 0(0B) LOS objects, 40% free, 22MB/37MB, paused 193us total 16.542ms
08-06 17:24:44.980 28083 28159 I art     : Starting a blocking GC Explicit
08-06 17:24:44.996 28083 28159 I art     : Explicit concurrent mark sweep GC freed 3(96B) AllocSpace objects, 0(0B) LOS objects, 40% free, 22MB/37MB, paused 189us total 16.446ms
08-06 17:24:45.004 28083 28159 I art     : Starting a blocking GC Explicit
08-06 17:24:45.021 28083 28159 I art     : Explicit concurrent mark sweep GC freed 3(96B) AllocSpace objects, 0(0B) LOS objects, 40% free, 22MB/37MB, paused 195us total 16.157ms
08-06 17:24:45.319 28083 28096 I art     : Starting a blocking GC Explicit
08-06 17:24:45.340 28083 28096 I art     : Explicit concurrent mark sweep GC freed 1364(82KB) AllocSpace objects, 1(20KB) LOS objects, 40% free, 22MB/37MB, paused 236us total 20.682ms
08-06 17:24:45.352 28083 28096 I art     : Starting a blocking GC Explicit
08-06 17:24:45.371 28083 28096 I art     : Explicit concurrent mark sweep GC freed 23(752B) AllocSpace objects, 0(0B) LOS objects, 40% free, 22MB/37MB, paused 245us total 19.500ms
08-06 17:24:45.382 28083 28096 I art     : Starting a blocking GC Explicit
08-06 17:24:45.398 28083 28096 I art     : Explicit concurrent mark sweep GC freed 3(96B) AllocSpace objects, 0(0B) LOS objects, 40% free, 22MB/37MB, paused 198us total 16.253ms
08-06 17:24:45.406 28083 28096 I art     : Starting a blocking GC Explicit
08-06 17:24:45.423 28083 28096 I art     : Explicit concurrent mark sweep GC freed 3(96B) AllocSpace objects, 0(0B) LOS objects, 40% free, 22MB/37MB, paused 224us total 16.438ms
08-06 17:24:45.431 28083 28096 I art     : Starting a blocking GC Explicit
08-06 17:24:45.448 28083 28096 I art     : Explicit concurrent mark sweep GC freed 3(96B) AllocSpace objects, 0(0B) LOS objects, 40% free, 22MB/37MB, paused 216us total 16.363ms
08-06 17:24:45.757 28083 28095 I art     : Starting a blocking GC Explicit
08-06 17:24:45.775 28083 28095 I art     : Explicit concurrent mark sweep GC freed 1390(82KB) AllocSpace objects, 1(20KB) LOS objects, 40% free, 22MB/37MB, paused 198us total 17.607ms
08-06 17:24:45.783 28083 28095 I art     : Starting a blocking GC Explicit
08-06 17:24:45.800 28083 28095 I art     : Explicit concurrent mark sweep GC freed 23(752B) AllocSpace objects, 0(0B) LOS objects, 40% free, 22MB/37MB, paused 195us total 16.691ms
08-06 17:24:45.808 28083 28095 I art     : Starting a blocking GC Explicit
08-06 17:24:45.825 28083 28095 I art     : Explicit concurrent mark sweep GC freed 3(96B) AllocSpace objects, 0(0B) LOS objects, 40% free, 22MB/37MB, paused 194us total 16.147ms
08-06 17:24:45.833 28083 28095 I art     : Starting a blocking GC Explicit
08-06 17:24:45.849 28083 28095 I art     : Explicit concurrent mark sweep GC freed 3(96B) AllocSpace objects, 0(0B) LOS objects, 40% free, 22MB/37MB, paused 194us total 16.464ms
08-06 17:24:45.857 28083 28095 I art     : Starting a blocking GC Explicit
08-06 17:24:45.874 28083 28095 I art     : Explicit concurrent mark sweep GC freed 3(96B) AllocSpace objects, 0(0B) LOS objects, 40% free, 22MB/37MB, paused 184us total 16.334ms
08-06 17:24:46.169 28083 28159 I art     : Starting a blocking GC Explicit
08-06 17:24:46.190 28083 28159 I art     : Explicit concurrent mark sweep GC freed 1362(80KB) AllocSpace objects, 1(20KB) LOS objects, 40% free, 22MB/37MB, paused 216us total 20.660ms
08-06 17:24:46.200 28083 28159 I art     : Starting a blocking GC Explicit
08-06 17:24:46.217 28083 28159 I art     : Explicit concurrent mark sweep GC freed 23(752B) AllocSpace objects, 0(0B) LOS objects, 40% free, 22MB/37MB, paused 207us total 16.557ms
08-06 17:24:46.225 28083 28159 I art     : Starting a blocking GC Explicit
08-06 17:24:46.241 28083 28159 I art     : Explicit concurrent mark sweep GC freed 3(96B) AllocSpace objects, 0(0B) LOS objects, 40% free, 22MB/37MB, paused 182us total 15.799ms
08-06 17:24:46.249 28083 28159 I art     : Starting a blocking GC Explicit
08-06 17:24:46.265 28083 28159 I art     : Explicit concurrent mark sweep GC freed 3(96B) AllocSpace objects, 0(0B) LOS objects, 40% free, 22MB/37MB, paused 193us total 15.677ms
08-06 17:24:46.273 28083 28159 I art     : Starting a blocking GC Explicit
08-06 17:24:46.290 28083 28159 I art     : Explicit concurrent mark sweep GC freed 3(96B) AllocSpace objects, 0(0B) LOS objects, 40% free, 22MB/37MB, paused 191us total 16.379ms
08-06 17:24:46.566 28083 28096 I art     : Starting a blocking GC Explicit
08-06 17:24:46.581 28083 28096 I art     : Explicit concurrent mark sweep GC freed 1362(80KB) AllocSpace objects, 1(20KB) LOS objects, 40% free, 22MB/37MB, paused 190us total 14.618ms
08-06 17:24:46.588 28083 28096 I art     : Starting a blocking GC Explicit
08-06 17:24:46.603 28083 28096 I art     : Explicit concurrent mark sweep GC freed 50(1488B) AllocSpace objects, 0(0B) LOS objects, 40% free, 22MB/37MB, paused 197us total 14.486ms
08-06 17:24:46.610 28083 28096 I art     : Starting a blocking GC Explicit
08-06 17:24:46.625 28083 28096 I art     : Explicit concurrent mark sweep GC freed 3(96B) AllocSpace objects, 0(0B) LOS objects, 40% free, 22MB/37MB, paused 197us total 14.591ms
08-06 17:24:46.632 28083 28096 I art     : Starting a blocking GC Explicit
08-06 17:24:46.648 28083 28096 I art     : Explicit concurrent mark sweep GC freed 3(96B) AllocSpace objects, 0(0B) LOS objects, 40% free, 22MB/37MB, paused 185us total 14.898ms
08-06 17:24:46.655 28083 28096 I art     : Starting a blocking GC Explicit
08-06 17:24:46.670 28083 28096 I art     : Explicit concurrent mark sweep GC freed 3(96B) AllocSpace objects, 0(0B) LOS objects, 40% free, 22MB/37MB, paused 199us total 14.777ms
08-06 17:24:46.955 28083 28095 I art     : Starting a blocking GC Explicit
08-06 17:24:46.974 28083 28095 I art     : Explicit concurrent mark sweep GC freed 1361(79KB) AllocSpace objects, 1(20KB) LOS objects, 40% free, 22MB/37MB, paused 195us total 18.551ms
08-06 17:24:46.982 28083 28095 I art     : Starting a blocking GC Explicit
08-06 17:24:46.999 28083 28095 I art     : Explicit concurrent mark sweep GC freed 23(752B) AllocSpace objects, 0(0B) LOS objects, 40% free, 22MB/37MB, paused 205us total 16.616ms
08-06 17:24:47.007 28083 28095 I art     : Starting a blocking GC Explicit
08-06 17:24:47.023 28083 28095 I art     : Explicit concurrent mark sweep GC freed 3(96B) AllocSpace objects, 0(0B) LOS objects, 40% free, 22MB/37MB, paused 187us total 16.273ms
08-06 17:24:47.031 28083 28095 I art     : Starting a blocking GC Explicit
08-06 17:24:47.048 28083 28095 I art     : Explicit concurrent mark sweep GC freed 3(96B) AllocSpace objects, 0(0B) LOS objects, 40% free, 22MB/37MB, paused 184us total 16.442ms
08-06 17:24:47.056 28083 28095 I art     : Starting a blocking GC Explicit
08-06 17:24:47.072 28083 28095 I art     : Explicit concurrent mark sweep GC freed 3(96B) AllocSpace objects, 0(0B) LOS objects, 40% free, 22MB/37MB, paused 197us total 15.990ms
08-06 17:24:47.323 28083 28159 I art     : Starting a blocking GC Explicit
08-06 17:24:47.340 28083 28159 I art     : Explicit concurrent mark sweep GC freed 1362(80KB) AllocSpace objects, 1(20KB) LOS objects, 40% free, 22MB/37MB, paused 200us total 16.339ms
08-06 17:24:47.348 28083 28159 I art     : Starting a blocking GC Explicit
08-06 17:24:47.363 28083 28159 I art     : Explicit concurrent mark sweep GC freed 23(752B) AllocSpace objects, 0(0B) LOS objects, 40% free, 22MB/37MB, paused 199us total 15.463ms
08-06 17:24:47.371 28083 28159 I art     : Starting a blocking GC Explicit
08-06 17:24:47.387 28083 28159 I art     : Explicit concurrent mark sweep GC freed 3(96B) AllocSpace objects, 0(0B) LOS objects, 40% free, 22MB/37MB, paused 220us total 15.690ms
08-06 17:24:47.395 28083 28159 I art     : Starting a blocking GC Explicit
08-06 17:24:47.411 28083 28159 I art     : Explicit concurrent mark sweep GC freed 3(96B) AllocSpace objects, 0(0B) LOS objects, 40% free, 22MB/37MB, paused 197us total 15.333ms
08-06 17:24:47.418 28083 28159 I art     : Starting a blocking GC Explicit
08-06 17:24:47.434 28083 28159 I art     : Explicit concurrent mark sweep GC freed 3(96B) AllocSpace objects, 0(0B) LOS objects, 40% free, 22MB/37MB, paused 190us total 15.421ms
08-06 17:24:47.688 28283 28283 D AndroidRuntime: >>>>>> START com.android.internal.os.RuntimeInit uid 2000 <<<<<<
08-06 17:24:47.693 28283 28283 D AndroidRuntime: CheckJNI is OFF
08-06 17:24:47.726 28083 28096 I art     : Starting a blocking GC Explicit
08-06 17:24:47.727 28283 28283 D ICU     : No timezone override file found: /data/misc/zoneinfo/current/icu/icu_tzdata.dat
08-06 17:24:47.743 28083 28096 I art     : Explicit concurrent mark sweep GC freed 1388(80KB) AllocSpace objects, 1(20KB) LOS objects, 40% free, 22MB/37MB, paused 230us total 16.521ms
08-06 17:24:47.751 28083 28096 I art     : Starting a blocking GC Explicit
08-06 17:24:47.761 28283 28283 I Radio-JNI: register_android_hardware_Radio DONE
08-06 17:24:47.766 28083 28096 I art     : Explicit concurrent mark sweep GC freed 23(752B) AllocSpace objects, 0(0B) LOS objects, 40% free, 22MB/37MB, paused 228us total 15.446ms
08-06 17:24:47.774 28083 28096 I art     : Starting a blocking GC Explicit
08-06 17:24:47.784 28283 28283 D AndroidRuntime: Calling main entry com.android.commands.input.Input
08-06 17:24:47.785 28283 28283 I Input   : injectMotionEvent: MotionEvent { action=ACTION_DOWN, actionButton=0, id[0]=0, x[0]=1233.0, y[0]=1274.0, toolType[0]=TOOL_TYPE_UNKNOWN, buttonState=0, metaState=0, flags=0x0, edgeFlags=0x0, pointerCount=1, historySize=0, eventTime=897904198, downTime=897904198, deviceId=0, source=0x1002 }
08-06 17:24:47.789 28083 28096 I art     : Explicit concurrent mark sweep GC freed 3(96B) AllocSpace objects, 0(0B) LOS objects, 40% free, 22MB/37MB, paused 207us total 15.176ms
08-06 17:24:47.790 28283 28283 I Input   : injectMotionEvent: MotionEvent { action=ACTION_UP, actionButton=0, id[0]=0, x[0]=1233.0, y[0]=1274.0, toolType[0]=TOOL_TYPE_UNKNOWN, buttonState=0, metaState=0, flags=0x0, edgeFlags=0x0, pointerCount=1, historySize=0, eventTime=897904198, downTime=897904198, deviceId=0, source=0x1002 }
08-06 17:24:47.792 28283 28283 D AndroidRuntime: Shutting down VM
08-06 17:24:47.797 28083 28096 I art     : Starting a blocking GC Explicit
08-06 17:24:47.812 28083 28096 I art     : Explicit concurrent mark sweep GC freed 6(192B) AllocSpace objects, 0(0B) LOS objects, 40% free, 22MB/37MB, paused 205us total 15.255ms
08-06 17:24:47.820 28083 28096 I art     : Starting a blocking GC Explicit
08-06 17:24:47.835 28083 28096 I art     : Explicit concurrent mark sweep GC freed 3(96B) AllocSpace objects, 0(0B) LOS objects, 40% free, 22MB/37MB, paused 204us total 14.630ms
08-06 17:24:48.081 28083 28159 I art     : Starting a blocking GC Explicit
08-06 17:24:48.097 28083 28159 I art     : Explicit concurrent mark sweep GC freed 1362(80KB) AllocSpace objects, 1(20KB) LOS objects, 40% free, 22MB/37MB, paused 200us total 16.721ms
08-06 17:24:48.106 28083 28159 I art     : Starting a blocking GC Explicit
08-06 17:24:48.122 28083 28159 I art     : Explicit concurrent mark sweep GC freed 23(752B) AllocSpace objects, 0(0B) LOS objects, 40% free, 22MB/37MB, paused 203us total 16.056ms
08-06 17:24:48.131 28083 28159 I art     : Starting a blocking GC Explicit
08-06 17:24:48.148 28083 28159 I art     : Explicit concurrent mark sweep GC freed 3(96B) AllocSpace objects, 0(0B) LOS objects, 40% free, 22MB/37MB, paused 191us total 16.806ms
08-06 17:24:48.157 28083 28159 I art     : Starting a blocking GC Explicit
08-06 17:24:48.173 28083 28159 I art     : Explicit concurrent mark sweep GC freed 3(96B) AllocSpace objects, 0(0B) LOS objects, 40% free, 22MB/37MB, paused 195us total 16.054ms
08-06 17:24:48.181 28083 28159 I art     : Starting a blocking GC Explicit
08-06 17:24:48.198 28083 28159 I art     : Explicit concurrent mark sweep GC freed 3(96B) AllocSpace objects, 0(0B) LOS objects, 40% free, 22MB/37MB, paused 185us total 16.151ms
08-06 17:24:48.222 13866 13866 I GoogleInputMethodServic: GoogleInputMethodService.onFinishInput():3138 
08-06 17:24:48.223 13866 13866 I GoogleInputMethodServic: GoogleInputMethodService.onStartInput():1808 
08-06 17:24:48.469 28083 28096 I art     : Starting a blocking GC Explicit
08-06 17:24:48.490 28083 28096 I art     : Explicit concurrent mark sweep GC freed 1458(83KB) AllocSpace objects, 1(20KB) LOS objects, 40% free, 22MB/37MB, paused 236us total 20.586ms
08-06 17:24:48.501 28083 28096 I art     : Starting a blocking GC Explicit
08-06 17:24:48.521 28083 28096 I art     : Explicit concurrent mark sweep GC freed 31(1200B) AllocSpace objects, 0(0B) LOS objects, 40% free, 22MB/37MB, paused 227us total 19.641ms
08-06 17:24:48.530 28083 28096 I art     : Starting a blocking GC Explicit
08-06 17:24:48.547 28083 28096 I art     : Explicit concurrent mark sweep GC freed 3(96B) AllocSpace objects, 0(0B) LOS objects, 40% free, 22MB/37MB, paused 261us total 16.451ms
08-06 17:24:48.555 28083 28096 I art     : Starting a blocking GC Explicit
08-06 17:24:48.572 28083 28096 I art     : Explicit concurrent mark sweep GC freed 3(96B) AllocSpace objects, 0(0B) LOS objects, 40% free, 22MB/37MB, paused 245us total 17.026ms
08-06 17:24:48.581 28083 28096 I art     : Starting a blocking GC Explicit
08-06 17:24:48.597 28083 28096 I art     : Explicit concurrent mark sweep GC freed 3(96B) AllocSpace objects, 0(0B) LOS objects, 40% free, 22MB/37MB, paused 225us total 16.304ms
08-06 17:24:48.873 28083 28095 I art     : Starting a blocking GC Explicit
08-06 17:24:48.894 28083 28095 I art     : Explicit concurrent mark sweep GC freed 1389(80KB) AllocSpace objects, 1(20KB) LOS objects, 40% free, 22MB/37MB, paused 211us total 20.119ms
08-06 17:24:48.904 28083 28095 I art     : Starting a blocking GC Explicit
08-06 17:24:48.922 28083 28095 I art     : Explicit concurrent mark sweep GC freed 23(752B) AllocSpace objects, 0(0B) LOS objects, 40% free, 22MB/37MB, paused 195us total 16.861ms
08-06 17:24:48.930 28083 28095 I art     : Starting a blocking GC Explicit
08-06 17:24:48.946 28083 28095 I art     : Explicit concurrent mark sweep GC freed 3(96B) AllocSpace objects, 0(0B) LOS objects, 40% free, 22MB/37MB, paused 195us total 16.391ms
08-06 17:24:48.954 28083 28095 I art     : Starting a blocking GC Explicit
08-06 17:24:48.971 28083 28095 I art     : Explicit concurrent mark sweep GC freed 3(96B) AllocSpace objects, 0(0B) LOS objects, 40% free, 22MB/37MB, paused 188us total 16.406ms
08-06 17:24:48.979 28083 28095 I art     : Starting a blocking GC Explicit
08-06 17:24:48.995 28083 28095 I art     : Explicit concurrent mark sweep GC freed 3(96B) AllocSpace objects, 0(0B) LOS objects, 40% free, 22MB/37MB, paused 213us total 15.325ms
08-06 17:24:49.255 28083 28159 I art     : Starting a blocking GC Explicit
08-06 17:24:49.272 28083 28159 I art     : Explicit concurrent mark sweep GC freed 1361(80KB) AllocSpace objects, 1(20KB) LOS objects, 40% free, 22MB/37MB, paused 202us total 16.557ms
08-06 17:24:49.280 28083 28159 I art     : Starting a blocking GC Explicit
08-06 17:24:49.296 28083 28159 I art     : Explicit concurrent mark sweep GC freed 23(752B) AllocSpace objects, 0(0B) LOS objects, 40% free, 22MB/37MB, paused 204us total 15.328ms
08-06 17:24:49.304 28083 28159 I art     : Starting a blocking GC Explicit
08-06 17:24:49.319 28083 28159 I art     : Explicit concurrent mark sweep GC freed 3(96B) AllocSpace objects, 0(0B) LOS objects, 40% free, 22MB/37MB, paused 184us total 15.542ms
08-06 17:24:49.327 28083 28159 I art     : Starting a blocking GC Explicit
08-06 17:24:49.343 28083 28159 I art     : Explicit concurrent mark sweep GC freed 3(96B) AllocSpace objects, 0(0B) LOS objects, 40% free, 22MB/37MB, paused 191us total 15.373ms
08-06 17:24:49.350 28083 28159 I art     : Starting a blocking GC Explicit
08-06 17:24:49.366 28083 28159 I art     : Explicit concurrent mark sweep GC freed 3(96B) AllocSpace objects, 0(0B) LOS objects, 40% free, 22MB/37MB, paused 193us total 15.475ms
08-06 17:24:49.437 28336 28336 D AndroidRuntime: >>>>>> START com.android.internal.os.RuntimeInit uid 2000 <<<<<<
08-06 17:24:49.443 28336 28336 D AndroidRuntime: CheckJNI is OFF
08-06 17:24:49.485 28336 28336 D ICU     : No timezone override file found: /data/misc/zoneinfo/current/icu/icu_tzdata.dat
08-06 17:24:49.519 28336 28336 I Radio-JNI: register_android_hardware_Radio DONE
08-06 17:24:49.541 28336 28336 D AndroidRuntime: Calling main entry com.android.commands.input.Input
08-06 17:24:49.543 28336 28336 I Input   : injectMotionEvent: MotionEvent { action=ACTION_DOWN, actionButton=0, id[0]=0, x[0]=103.0, y[0]=192.0, toolType[0]=TOOL_TYPE_UNKNOWN, buttonState=0, metaState=0, flags=0x0, edgeFlags=0x0, pointerCount=1, historySize=0, eventTime=897905955, downTime=897905955, deviceId=0, source=0x1002 }
08-06 17:24:49.548 28336 28336 I Input   : injectMotionEvent: MotionEvent { action=ACTION_UP, actionButton=0, id[0]=0, x[0]=103.0, y[0]=192.0, toolType[0]=TOOL_TYPE_UNKNOWN, buttonState=0, metaState=0, flags=0x0, edgeFlags=0x0, pointerCount=1, historySize=0, eventTime=897905955, downTime=897905955, deviceId=0, source=0x1002 }
08-06 17:24:49.551 28336 28336 D AndroidRuntime: Shutting down VM
08-06 17:24:49.554   512  2967 D audio_hw_primary: out_set_parameters: enter: usecase(1: low-latency-playback) kvpairs: routing=2
08-06 17:24:49.567   512  2967 D audio_hw_primary: select_devices: out_snd_device(2: speaker) in_snd_device(0: none)
08-06 17:24:49.568   512  2967 D msm8974_platform: platform_send_audio_calibration: sending audio calibration for snd_device(2) acdb_id(15)
08-06 17:24:49.568   512  2967 I soundtrigger: audio_extn_sound_trigger_update_device_status: device 0x2 of type 0 for Event 1
08-06 17:24:49.580   512  2967 D audio_hw_primary: enable_snd_device: snd_device(2: speaker)
08-06 17:24:49.582   512  2967 D audio_hw_primary: enable_audio_route: apply and update mixer path: low-latency-playback speaker
08-06 17:24:49.591 13866 13866 I GoogleInputMethodServic: GoogleInputMethodService.onFinishInput():3138 
08-06 17:24:49.591 13866 13866 I GoogleInputMethodServic: GoogleInputMethodService.onStartInput():1808 
08-06 17:24:49.635 28083 28159 I art     : Starting a blocking GC Explicit
08-06 17:24:49.650 28083 28159 I art     : Explicit concurrent mark sweep GC freed 1897(105KB) AllocSpace objects, 1(20KB) LOS objects, 40% free, 22MB/37MB, paused 189us total 14.815ms
08-06 17:24:49.658 28083 28159 I art     : Starting a blocking GC Explicit
08-06 17:24:49.675 28083 28159 I art     : Explicit concurrent mark sweep GC freed 35(1488B) AllocSpace objects, 0(0B) LOS objects, 40% free, 22MB/37MB, paused 214us total 16.691ms
08-06 17:24:49.684 28083 28159 I art     : Starting a blocking GC Explicit
08-06 17:24:49.701 28083 28159 I art     : Explicit concurrent mark sweep GC freed 3(96B) AllocSpace objects, 0(0B) LOS objects, 40% free, 22MB/37MB, paused 276us total 17.381ms
08-06 17:24:49.710 28083 28159 I art     : Starting a blocking GC Explicit
08-06 17:24:49.727 28083 28159 I art     : Explicit concurrent mark sweep GC freed 3(96B) AllocSpace objects, 0(0B) LOS objects, 40% free, 22MB/37MB, paused 236us total 16.637ms
08-06 17:24:49.731   518   646 I ThermalEngine: ACTION: GPU - Setting GPU[0] to 450000000
08-06 17:24:49.741 28083 28159 I art     : Starting a blocking GC Explicit
08-06 17:24:49.760 28083 28159 I art     : Explicit concurrent mark sweep GC freed 3(96B) AllocSpace objects, 0(0B) LOS objects, 40% free, 22MB/37MB, paused 233us total 19.093ms
08-06 17:24:50.034 28083 28159 I art     : Starting a blocking GC Explicit
08-06 17:24:50.056 28083 28159 I art     : Explicit concurrent mark sweep GC freed 1367(80KB) AllocSpace objects, 1(20KB) LOS objects, 40% free, 22MB/37MB, paused 252us total 21.830ms
08-06 17:24:50.065 28083 28159 I art     : Starting a blocking GC Explicit
08-06 17:24:50.085 28083 28159 I art     : Explicit concurrent mark sweep GC freed 31(1008B) AllocSpace objects, 0(0B) LOS objects, 40% free, 22MB/37MB, paused 250us total 19.293ms
08-06 17:24:50.095 28083 28159 I art     : Starting a blocking GC Explicit
08-06 17:24:50.115 28083 28159 I art     : Explicit concurrent mark sweep GC freed 3(96B) AllocSpace objects, 0(0B) LOS objects, 40% free, 22MB/37MB, paused 260us total 19.530ms
08-06 17:24:50.118   512  2967 D audio_hw_primary: disable_audio_route: reset and update mixer path: low-latency-playback speaker
08-06 17:24:50.119   512  2967 D audio_hw_primary: disable_snd_device: snd_device(2: speaker)
08-06 17:24:50.124 28083 28159 I art     : Starting a blocking GC Explicit
08-06 17:24:50.127   512  2967 I soundtrigger: audio_extn_sound_trigger_update_device_status: device 0x2 of type 0 for Event 0
08-06 17:24:50.144 28083 28159 I art     : Explicit concurrent mark sweep GC freed 3(96B) AllocSpace objects, 0(0B) LOS objects, 40% free, 22MB/37MB, paused 284us total 19.606ms
08-06 17:24:50.155 28083 28159 I art     : Starting a blocking GC Explicit
08-06 17:24:50.174 28083 28159 I art     : Explicit concurrent mark sweep GC freed 3(96B) AllocSpace objects, 0(0B) LOS objects, 40% free, 22MB/37MB, paused 240us total 18.917ms
08-06 17:24:50.325 28369 28369 D AndroidRuntime: >>>>>> START com.android.internal.os.RuntimeInit uid 2000 <<<<<<
08-06 17:24:50.332 28369 28369 D AndroidRuntime: CheckJNI is OFF
08-06 17:24:50.374 28369 28369 D ICU     : No timezone override file found: /data/misc/zoneinfo/current/icu/icu_tzdata.dat
08-06 17:24:50.416 28369 28369 I Radio-JNI: register_android_hardware_Radio DONE
08-06 17:24:50.437 26121 26151 I WorkerManager: dispose()
08-06 17:24:50.438 26121 26151 W ThreadPoolDumper: Queue length for executor EventBus is now 11. Perhaps some tasks are too long, or the pool is too small.
08-06 17:24:50.445 28369 28369 D AndroidRuntime: Calling main entry com.android.commands.input.Input
08-06 17:24:50.447 28369 28369 I Input   : injectMotionEvent: MotionEvent { action=ACTION_DOWN, actionButton=0, id[0]=0, x[0]=324.0, y[0]=2298.0, toolType[0]=TOOL_TYPE_UNKNOWN, buttonState=0, metaState=0, flags=0x0, edgeFlags=0x0, pointerCount=1, historySize=0, eventTime=897906859, downTime=897906859, deviceId=0, source=0x1002 }
08-06 17:24:50.447 28083 28096 I art     : Starting a blocking GC Explicit
08-06 17:24:50.451 28369 28369 I Input   : injectMotionEvent: MotionEvent { action=ACTION_UP, actionButton=0, id[0]=0, x[0]=324.0, y[0]=2298.0, toolType[0]=TOOL_TYPE_UNKNOWN, buttonState=0, metaState=0, flags=0x0, edgeFlags=0x0, pointerCount=1, historySize=0, eventTime=897906859, downTime=897906859, deviceId=0, source=0x1002 }
08-06 17:24:50.452 28369 28369 D AndroidRuntime: Shutting down VM
08-06 17:24:50.469 28083 28096 I art     : Explicit concurrent mark sweep GC freed 1366(80KB) AllocSpace objects, 1(20KB) LOS objects, 40% free, 22MB/37MB, paused 268us total 20.893ms
08-06 17:24:50.477   918  4400 I ActivityManager: START u0 {cmp=baseline.de.danoeh.antennapod.debug/baseline.de.danoeh.antennapod.activity.PreferenceActivity} from uid 10711 on display 0
08-06 17:24:50.478   512  2967 D audio_hw_primary: out_set_parameters: enter: usecase(1: low-latency-playback) kvpairs: routing=2
08-06 17:24:50.478 28083 28096 I art     : Starting a blocking GC Explicit
08-06 17:24:50.491   512  2967 D audio_hw_primary: select_devices: out_snd_device(2: speaker) in_snd_device(0: none)
08-06 17:24:50.492   512  2967 D msm8974_platform: platform_send_audio_calibration: sending audio calibration for snd_device(2) acdb_id(15)
08-06 17:24:50.492   512  2967 I soundtrigger: audio_extn_sound_trigger_update_device_status: device 0x2 of type 0 for Event 1
08-06 17:24:50.500 28083 28096 I art     : Explicit concurrent mark sweep GC freed 114(27KB) AllocSpace objects, 1(20KB) LOS objects, 40% free, 22MB/37MB, paused 399us total 21.175ms
08-06 17:24:50.501   512  2967 D audio_hw_primary: enable_snd_device: snd_device(2: speaker)
08-06 17:24:50.504   512  2967 D audio_hw_primary: enable_audio_route: apply and update mixer path: low-latency-playback speaker
08-06 17:24:50.510 28083 28096 I art     : Starting a blocking GC Explicit
08-06 17:24:50.533 28083 28096 I art     : Explicit concurrent mark sweep GC freed 637(84KB) AllocSpace objects, 0(0B) LOS objects, 40% free, 22MB/37MB, paused 1.283ms total 22.218ms
08-06 17:24:50.544 28083 28096 I art     : Starting a blocking GC Explicit
08-06 17:24:50.551   512  2967 D AudioFlinger: mixer(0xf4740000) throttle end: throttle time(12)
08-06 17:24:50.565 28083 28096 I art     : Explicit concurrent mark sweep GC freed 563(89KB) AllocSpace objects, 0(0B) LOS objects, 40% free, 22MB/37MB, paused 403us total 21.338ms
08-06 17:24:50.575 28083 28096 I art     : Starting a blocking GC Explicit
08-06 17:24:50.595 28083 28096 I art     : Explicit concurrent mark sweep GC freed 201(18KB) AllocSpace objects, 0(0B) LOS objects, 40% free, 22MB/37MB, paused 263us total 20.144ms
08-06 17:24:50.832 13866 13866 I GoogleInputMethodServic: GoogleInputMethodService.onFinishInput():3138 
08-06 17:24:50.832   918   936 I ActivityManager: Displayed baseline.de.danoeh.antennapod.debug/baseline.de.danoeh.antennapod.activity.PreferenceActivity: +334ms
08-06 17:24:50.833 13866 13866 I GoogleInputMethodServic: GoogleInputMethodService.onStartInput():1808 
08-06 17:24:50.852 25638 25638 I ServiceManager: Waiting for service AtCmdFwd...
08-06 17:24:50.859 28083 28104 D OpenGLRenderer: endAllStagingAnimators on 0x7f7f142000 (RippleDrawable) with handle 0x7f7e2dbb80
08-06 17:24:50.865 28083 28095 I art     : Starting a blocking GC Explicit
08-06 17:24:50.890 28083 28095 I art     : Explicit concurrent mark sweep GC freed 3405(244KB) AllocSpace objects, 1(20KB) LOS objects, 40% free, 23MB/39MB, paused 252us total 24.579ms
08-06 17:24:50.901 28083 28095 I art     : Starting a blocking GC Explicit
08-06 17:24:50.923 28083 28095 I art     : Explicit concurrent mark sweep GC freed 223(10KB) AllocSpace objects, 0(0B) LOS objects, 40% free, 23MB/38MB, paused 260us total 22.056ms
08-06 17:24:50.933 28083 28095 I art     : Starting a blocking GC Explicit
08-06 17:24:50.955 28083 28095 I art     : Explicit concurrent mark sweep GC freed 3(96B) AllocSpace objects, 0(0B) LOS objects, 40% free, 23MB/38MB, paused 248us total 21.212ms
08-06 17:24:50.965 28083 28095 I art     : Starting a blocking GC Explicit
08-06 17:24:50.989 28083 28095 I art     : Explicit concurrent mark sweep GC freed 3(96B) AllocSpace objects, 0(0B) LOS objects, 40% free, 23MB/38MB, paused 255us total 24.447ms
08-06 17:24:51.000 28083 28095 I art     : Starting a blocking GC Explicit
08-06 17:24:51.027 28083 28095 I art     : Explicit concurrent mark sweep GC freed 3(96B) AllocSpace objects, 0(0B) LOS objects, 40% free, 23MB/38MB, paused 267us total 25.738ms
08-06 17:24:51.049   512  2967 D audio_hw_primary: disable_audio_route: reset and update mixer path: low-latency-playback speaker
08-06 17:24:51.050   512  2967 D audio_hw_primary: disable_snd_device: snd_device(2: speaker)
08-06 17:24:51.060   512  2967 I soundtrigger: audio_extn_sound_trigger_update_device_status: device 0x2 of type 0 for Event 0
08-06 17:24:51.087   380   380 W SurfaceFlinger: couldn't log to binary event log: overflow.
08-06 17:24:51.194 28083 28083 D PlaybackController: Releasing PlaybackController
08-06 17:24:51.311 28083 28095 I art     : Starting a blocking GC Explicit
08-06 17:24:51.336 28083 28095 I art     : Explicit concurrent mark sweep GC freed 1624(98KB) AllocSpace objects, 1(20KB) LOS objects, 40% free, 23MB/39MB, paused 262us total 24.789ms
08-06 17:24:51.346 28083 28095 I art     : Starting a blocking GC Explicit
08-06 17:24:51.371 28083 28095 I art     : Explicit concurrent mark sweep GC freed 63(2064B) AllocSpace objects, 0(0B) LOS objects, 40% free, 23MB/39MB, paused 266us total 24.095ms
08-06 17:24:51.382 28083 28095 I art     : Starting a blocking GC Explicit
08-06 17:24:51.406 28083 28095 I art     : Explicit concurrent mark sweep GC freed 3(96B) AllocSpace objects, 0(0B) LOS objects, 40% free, 23MB/39MB, paused 261us total 24.249ms
08-06 17:24:51.417 28083 28095 I art     : Starting a blocking GC Explicit
08-06 17:24:51.442 28083 28095 I art     : Explicit concurrent mark sweep GC freed 3(96B) AllocSpace objects, 0(0B) LOS objects, 40% free, 23MB/39MB, paused 262us total 23.915ms
08-06 17:24:51.453 28083 28095 I art     : Starting a blocking GC Explicit
08-06 17:24:51.477 28083 28095 I art     : Explicit concurrent mark sweep GC freed 3(96B) AllocSpace objects, 0(0B) LOS objects, 40% free, 23MB/39MB, paused 289us total 24.080ms
08-06 17:24:51.760 28083 28096 I art     : Starting a blocking GC Explicit
08-06 17:24:51.784 28083 28096 I art     : Explicit concurrent mark sweep GC freed 1391(80KB) AllocSpace objects, 1(20KB) LOS objects, 40% free, 23MB/39MB, paused 284us total 23.662ms
08-06 17:24:51.795 28083 28096 I art     : Starting a blocking GC Explicit
08-06 17:24:51.818 28083 28096 I art     : Explicit concurrent mark sweep GC freed 23(752B) AllocSpace objects, 0(0B) LOS objects, 40% free, 23MB/39MB, paused 284us total 23.220ms
08-06 17:24:51.829 28083 28096 I art     : Starting a blocking GC Explicit
08-06 17:24:51.852 28083 28096 I art     : Explicit concurrent mark sweep GC freed 3(96B) AllocSpace objects, 0(0B) LOS objects, 40% free, 23MB/39MB, paused 271us total 22.650ms
08-06 17:24:51.852 25638 25638 I ServiceManager: Waiting for service AtCmdFwd...
08-06 17:24:51.862 28083 28096 I art     : Starting a blocking GC Explicit
08-06 17:24:51.884 28083 28096 I art     : Explicit concurrent mark sweep GC freed 3(96B) AllocSpace objects, 0(0B) LOS objects, 40% free, 23MB/39MB, paused 275us total 22.397ms
08-06 17:24:51.895 28083 28096 I art     : Starting a blocking GC Explicit
08-06 17:24:51.918 28083 28096 I art     : Explicit concurrent mark sweep GC freed 3(96B) AllocSpace objects, 0(0B) LOS objects, 40% free, 23MB/39MB, paused 290us total 23.020ms
08-06 17:24:52.207 28083 28159 I art     : Starting a blocking GC Explicit
08-06 17:24:52.232 28083 28159 I art     : Explicit concurrent mark sweep GC freed 1373(80KB) AllocSpace objects, 1(20KB) LOS objects, 40% free, 23MB/39MB, paused 282us total 25.237ms
08-06 17:24:52.234 28428 28428 D AndroidRuntime: >>>>>> START com.android.internal.os.RuntimeInit uid 2000 <<<<<<
08-06 17:24:52.240 28428 28428 D AndroidRuntime: CheckJNI is OFF
08-06 17:24:52.242 28083 28159 I art     : Starting a blocking GC Explicit
08-06 17:24:52.267 28083 28159 I art     : Explicit concurrent mark sweep GC freed 69(3KB) AllocSpace objects, 0(0B) LOS objects, 40% free, 23MB/39MB, paused 297us total 24.492ms
08-06 17:24:52.277 28083 28159 I art     : Starting a blocking GC Explicit
08-06 17:24:52.285 28428 28428 D ICU     : No timezone override file found: /data/misc/zoneinfo/current/icu/icu_tzdata.dat
08-06 17:24:52.299 28083 28159 I art     : Explicit concurrent mark sweep GC freed 89(3KB) AllocSpace objects, 0(0B) LOS objects, 40% free, 23MB/39MB, paused 298us total 21.573ms
08-06 17:24:52.309 28083 28159 I art     : Starting a blocking GC Explicit
08-06 17:24:52.328 28428 28428 I Radio-JNI: register_android_hardware_Radio DONE
08-06 17:24:52.332 28083 28159 I art     : Explicit concurrent mark sweep GC freed 114(4KB) AllocSpace objects, 0(0B) LOS objects, 40% free, 23MB/39MB, paused 301us total 22.931ms
08-06 17:24:52.342 28083 28159 I art     : Starting a blocking GC Explicit
08-06 17:24:52.358 28428 28428 D AndroidRuntime: Calling main entry com.android.commands.input.Input
08-06 17:24:52.360 28428 28428 I Input   : injectMotionEvent: MotionEvent { action=ACTION_DOWN, actionButton=0, id[0]=0, x[0]=400.0, y[0]=997.0, toolType[0]=TOOL_TYPE_UNKNOWN, buttonState=0, metaState=0, flags=0x0, edgeFlags=0x0, pointerCount=1, historySize=0, eventTime=897908772, downTime=897908772, deviceId=0, source=0x1002 }
08-06 17:24:52.365 28083 28159 I art     : Explicit concurrent mark sweep GC freed 98(3KB) AllocSpace objects, 0(0B) LOS objects, 40% free, 23MB/39MB, paused 468us total 22.785ms
08-06 17:24:52.367 28428 28428 I Input   : injectMotionEvent: MotionEvent { action=ACTION_UP, actionButton=0, id[0]=0, x[0]=400.0, y[0]=997.0, toolType[0]=TOOL_TYPE_UNKNOWN, buttonState=0, metaState=0, flags=0x0, edgeFlags=0x0, pointerCount=1, historySize=0, eventTime=897908772, downTime=897908772, deviceId=0, source=0x1002 }
08-06 17:24:52.369 28428 28428 D AndroidRuntime: Shutting down VM
08-06 17:24:52.381   512  2967 D audio_hw_primary: out_set_parameters: enter: usecase(1: low-latency-playback) kvpairs: routing=2
08-06 17:24:52.394   512  2967 D audio_hw_primary: select_devices: out_snd_device(2: speaker) in_snd_device(0: none)
08-06 17:24:52.394   512  2967 D msm8974_platform: platform_send_audio_calibration: sending audio calibration for snd_device(2) acdb_id(15)
08-06 17:24:52.394   512  2967 I soundtrigger: audio_extn_sound_trigger_update_device_status: device 0x2 of type 0 for Event 1
08-06 17:24:52.405   512  2967 D audio_hw_primary: enable_snd_device: snd_device(2: speaker)
08-06 17:24:52.408   512  2967 D audio_hw_primary: enable_audio_route: apply and update mixer path: low-latency-playback speaker
08-06 17:24:52.527 13866 13866 I GoogleInputMethodServic: GoogleInputMethodService.onFinishInput():3138 
08-06 17:24:52.528 13866 13866 I GoogleInputMethodServic: GoogleInputMethodService.onStartInput():1808 
08-06 17:24:52.635 28083 28159 I art     : Starting a blocking GC Explicit
08-06 17:24:52.662 28083 28159 I art     : Explicit concurrent mark sweep GC freed 2958(185KB) AllocSpace objects, 2(40KB) LOS objects, 40% free, 23MB/39MB, paused 275us total 26.498ms
08-06 17:24:52.673 28083 28159 I art     : Starting a blocking GC Explicit
08-06 17:24:52.697 28083 28159 I art     : Explicit concurrent mark sweep GC freed 178(8KB) AllocSpace objects, 0(0B) LOS objects, 40% free, 23MB/39MB, paused 277us total 24.364ms
08-06 17:24:52.708 28083 28159 I art     : Starting a blocking GC Explicit
08-06 17:24:52.732 28083 28159 I art     : Explicit concurrent mark sweep GC freed 3(96B) AllocSpace objects, 0(0B) LOS objects, 40% free, 23MB/39MB, paused 269us total 24.312ms
08-06 17:24:52.743 28083 28159 I art     : Starting a blocking GC Explicit
08-06 17:24:52.768 28083 28159 I art     : Explicit concurrent mark sweep GC freed 3(96B) AllocSpace objects, 0(0B) LOS objects, 40% free, 23MB/39MB, paused 267us total 24.962ms
08-06 17:24:52.779 28083 28159 I art     : Starting a blocking GC Explicit
08-06 17:24:52.804 28083 28159 I art     : Explicit concurrent mark sweep GC freed 3(96B) AllocSpace objects, 0(0B) LOS objects, 40% free, 23MB/39MB, paused 259us total 24.656ms
08-06 17:24:52.852 25638 25638 I ServiceManager: Waiting for service AtCmdFwd...
08-06 17:24:52.940   512  2967 D audio_hw_primary: disable_audio_route: reset and update mixer path: low-latency-playback speaker
08-06 17:24:52.942   512  2967 D audio_hw_primary: disable_snd_device: snd_device(2: speaker)
08-06 17:24:52.951   512  2967 I soundtrigger: audio_extn_sound_trigger_update_device_status: device 0x2 of type 0 for Event 0
08-06 17:24:53.082 28083 28096 I art     : Starting a blocking GC Explicit
08-06 17:24:53.108 28083 28096 I art     : Explicit concurrent mark sweep GC freed 1365(80KB) AllocSpace objects, 1(20KB) LOS objects, 40% free, 23MB/39MB, paused 295us total 25.784ms
08-06 17:24:53.121 28083 28096 I art     : Starting a blocking GC Explicit
08-06 17:24:53.148 28083 28096 I art     : Explicit concurrent mark sweep GC freed 23(752B) AllocSpace objects, 0(0B) LOS objects, 40% free, 23MB/39MB, paused 285us total 25.898ms
08-06 17:24:53.158 28083 28096 I art     : Starting a blocking GC Explicit
08-06 17:24:53.168 28465 28465 D AndroidRuntime: >>>>>> START com.android.internal.os.RuntimeInit uid 2000 <<<<<<
08-06 17:24:53.174 28465 28465 D AndroidRuntime: CheckJNI is OFF
08-06 17:24:53.183 28083 28096 I art     : Explicit concurrent mark sweep GC freed 3(96B) AllocSpace objects, 0(0B) LOS objects, 40% free, 23MB/39MB, paused 281us total 24.910ms
08-06 17:24:53.194 28083 28096 I art     : Starting a blocking GC Explicit
08-06 17:24:53.219 28083 28096 I art     : Explicit concurrent mark sweep GC freed 3(96B) AllocSpace objects, 0(0B) LOS objects, 40% free, 23MB/39MB, paused 273us total 24.309ms
08-06 17:24:53.219 28465 28465 D ICU     : No timezone override file found: /data/misc/zoneinfo/current/icu/icu_tzdata.dat
08-06 17:24:53.230 28083 28096 I art     : Starting a blocking GC Explicit
08-06 17:24:53.254 28083 28096 I art     : Explicit concurrent mark sweep GC freed 3(96B) AllocSpace objects, 0(0B) LOS objects, 40% free, 23MB/39MB, paused 266us total 23.968ms
08-06 17:24:53.262 28465 28465 I Radio-JNI: register_android_hardware_Radio DONE
08-06 17:24:53.291 28465 28465 D AndroidRuntime: Calling main entry com.android.commands.input.Input
08-06 17:24:53.294 28465 28465 I Input   : injectMotionEvent: MotionEvent { action=ACTION_DOWN, actionButton=0, id[0]=0, x[0]=697.0, y[0]=656.0, toolType[0]=TOOL_TYPE_UNKNOWN, buttonState=0, metaState=0, flags=0x0, edgeFlags=0x0, pointerCount=1, historySize=0, eventTime=897909706, downTime=897909706, deviceId=0, source=0x1002 }
08-06 17:24:53.297 28465 28465 I Input   : injectMotionEvent: MotionEvent { action=ACTION_UP, actionButton=0, id[0]=0, x[0]=697.0, y[0]=656.0, toolType[0]=TOOL_TYPE_UNKNOWN, buttonState=0, metaState=0, flags=0x0, edgeFlags=0x0, pointerCount=1, historySize=0, eventTime=897909706, downTime=897909706, deviceId=0, source=0x1002 }
08-06 17:24:53.299 28465 28465 D AndroidRuntime: Shutting down VM
08-06 17:24:53.308   512  2967 D audio_hw_primary: out_set_parameters: enter: usecase(1: low-latency-playback) kvpairs: routing=2
08-06 17:24:53.321   512  2967 D audio_hw_primary: select_devices: out_snd_device(2: speaker) in_snd_device(0: none)
08-06 17:24:53.321   512  2967 D msm8974_platform: platform_send_audio_calibration: sending audio calibration for snd_device(2) acdb_id(15)
08-06 17:24:53.321   512  2967 I soundtrigger: audio_extn_sound_trigger_update_device_status: device 0x2 of type 0 for Event 1
08-06 17:24:53.332   512  2967 D audio_hw_primary: enable_snd_device: snd_device(2: speaker)
08-06 17:24:53.334   512  2967 D audio_hw_primary: enable_audio_route: apply and update mixer path: low-latency-playback speaker
08-06 17:24:53.376 13866 13866 I GoogleInputMethodServic: GoogleInputMethodService.onFinishInput():3138 
08-06 17:24:53.377   512  2967 D AudioFlinger: mixer(0xf4740000) throttle end: throttle time(12)
08-06 17:24:53.377 13866 13866 I GoogleInputMethodServic: GoogleInputMethodService.onStartInput():1808 
08-06 17:24:53.526 28083 28095 I art     : Starting a blocking GC Explicit
08-06 17:24:53.557 28083 28095 I art     : Explicit concurrent mark sweep GC freed 2434(194KB) AllocSpace objects, 1(20KB) LOS objects, 40% free, 23MB/39MB, paused 263us total 30.138ms
08-06 17:24:53.570 28083 28095 I art     : Starting a blocking GC Explicit
08-06 17:24:53.598 28083 28095 I art     : Explicit concurrent mark sweep GC freed 165(7KB) AllocSpace objects, 0(0B) LOS objects, 40% free, 23MB/39MB, paused 267us total 27.627ms
08-06 17:24:53.606 29532 29532 W PathParser: Points are too far apart 4.030360828967057
08-06 17:24:53.606 29532 29532 W PathParser: Points are too far apart 4.030360538880159
08-06 17:24:53.609 28083 28095 I art     : Starting a blocking GC Explicit
08-06 17:24:53.623 29532 29532 W PathParser: Points are too far apart 4.030360828967057
08-06 17:24:53.623 29532 29532 W PathParser: Points are too far apart 4.030360538880159
08-06 17:24:53.633 28083 28095 I art     : Explicit concurrent mark sweep GC freed 30(832B) AllocSpace objects, 0(0B) LOS objects, 40% free, 23MB/39MB, paused 274us total 24.031ms
08-06 17:24:53.640 29532 29532 W PathParser: Points are too far apart 4.030360828967057
08-06 17:24:53.640 29532 29532 W PathParser: Points are too far apart 4.030360538880159
08-06 17:24:53.644 28083 28095 I art     : Starting a blocking GC Explicit
08-06 17:24:53.657 29532 29532 W PathParser: Points are too far apart 4.030360828967057
08-06 17:24:53.657 29532 29532 W PathParser: Points are too far apart 4.030360538880159
08-06 17:24:53.669 28083 28095 I art     : Explicit concurrent mark sweep GC freed 3(96B) AllocSpace objects, 0(0B) LOS objects, 40% free, 23MB/39MB, paused 282us total 24.099ms
08-06 17:24:53.673 29532 29532 W PathParser: Points are too far apart 4.030360828967057
08-06 17:24:53.673 29532 29532 W PathParser: Points are too far apart 4.030360538880159
08-06 17:24:53.680 28083 28095 I art     : Starting a blocking GC Explicit
08-06 17:24:53.690 29532 29532 W PathParser: Points are too far apart 4.030360828967057
08-06 17:24:53.690 29532 29532 W PathParser: Points are too far apart 4.030360538880159
08-06 17:24:53.704 28083 28095 I art     : Explicit concurrent mark sweep GC freed 3(96B) AllocSpace objects, 0(0B) LOS objects, 40% free, 23MB/39MB, paused 260us total 24.259ms
08-06 17:24:53.707 29532 29532 W PathParser: Points are too far apart 4.030360828967057
08-06 17:24:53.707 29532 29532 W PathParser: Points are too far apart 4.030360538880159
08-06 17:24:53.853 25638 25638 I ServiceManager: Waiting for service AtCmdFwd...
08-06 17:24:53.870   512  2967 D audio_hw_primary: disable_audio_route: reset and update mixer path: low-latency-playback speaker
08-06 17:24:53.871   512  2967 D audio_hw_primary: disable_snd_device: snd_device(2: speaker)
08-06 17:24:53.882   512  2967 I soundtrigger: audio_extn_sound_trigger_update_device_status: device 0x2 of type 0 for Event 0
08-06 17:24:54.004 28083 28095 I art     : Starting a blocking GC Explicit
08-06 17:24:54.031 28083 28095 I art     : Explicit concurrent mark sweep GC freed 1369(80KB) AllocSpace objects, 1(20KB) LOS objects, 40% free, 23MB/39MB, paused 253us total 27.365ms
08-06 17:24:54.043 28083 28095 I art     : Starting a blocking GC Explicit
08-06 17:24:54.072 28083 28095 I art     : Explicit concurrent mark sweep GC freed 106(4KB) AllocSpace objects, 0(0B) LOS objects, 40% free, 23MB/39MB, paused 339us total 28.725ms
08-06 17:24:54.082 28496 28496 D AndroidRuntime: >>>>>> START com.android.internal.os.RuntimeInit uid 2000 <<<<<<
08-06 17:24:54.085 28083 28095 I art     : Starting a blocking GC Explicit
08-06 17:24:54.089 28496 28496 D AndroidRuntime: CheckJNI is OFF
08-06 17:24:54.112 28083 28095 I art     : Explicit concurrent mark sweep GC freed 85(2720B) AllocSpace objects, 0(0B) LOS objects, 40% free, 23MB/39MB, paused 459us total 26.681ms
08-06 17:24:54.122 28083 28095 I art     : Starting a blocking GC Explicit
08-06 17:24:54.135 28496 28496 D ICU     : No timezone override file found: /data/misc/zoneinfo/current/icu/icu_tzdata.dat
08-06 17:24:54.148 28083 28095 I art     : Explicit concurrent mark sweep GC freed 89(2848B) AllocSpace objects, 0(0B) LOS objects, 40% free, 23MB/39MB, paused 267us total 25.369ms
08-06 17:24:54.159 28083 28095 I art     : Starting a blocking GC Explicit
08-06 17:24:54.178 28496 28496 I Radio-JNI: register_android_hardware_Radio DONE
08-06 17:24:54.185 28083 28095 I art     : Explicit concurrent mark sweep GC freed 67(2144B) AllocSpace objects, 0(0B) LOS objects, 40% free, 23MB/39MB, paused 356us total 25.875ms
08-06 17:24:54.208 28496 28496 D AndroidRuntime: Calling main entry com.android.commands.input.Input
08-06 17:24:54.210 28496 28496 I Input   : injectMotionEvent: MotionEvent { action=ACTION_DOWN, actionButton=0, id[0]=0, x[0]=256.0, y[0]=1589.0, toolType[0]=TOOL_TYPE_UNKNOWN, buttonState=0, metaState=0, flags=0x0, edgeFlags=0x0, pointerCount=1, historySize=0, eventTime=897910623, downTime=897910623, deviceId=0, source=0x1002 }
08-06 17:24:54.214 28496 28496 I Input   : injectMotionEvent: MotionEvent { action=ACTION_UP, actionButton=0, id[0]=0, x[0]=256.0, y[0]=1589.0, toolType[0]=TOOL_TYPE_UNKNOWN, buttonState=0, metaState=0, flags=0x0, edgeFlags=0x0, pointerCount=1, historySize=0, eventTime=897910623, downTime=897910623, deviceId=0, source=0x1002 }
08-06 17:24:54.215 28496 28496 D AndroidRuntime: Shutting down VM
08-06 17:24:54.232 28083 28083 D UserPreferences: timeOfDay: []
08-06 17:24:54.233 28083 28083 D AutoUpdateManager: Restarting update alarm.
08-06 17:24:54.235   512  2967 D audio_hw_primary: out_set_parameters: enter: usecase(1: low-latency-playback) kvpairs: routing=2
08-06 17:24:54.235 28083 28083 D AutoUpdateManager: Automatic update was deactivated
08-06 17:24:54.248   512  2967 D audio_hw_primary: select_devices: out_snd_device(2: speaker) in_snd_device(0: none)
08-06 17:24:54.248   512  2967 D msm8974_platform: platform_send_audio_calibration: sending audio calibration for snd_device(2) acdb_id(15)
08-06 17:24:54.248   512  2967 I soundtrigger: audio_extn_sound_trigger_update_device_status: device 0x2 of type 0 for Event 1
08-06 17:24:54.259   512  2967 D audio_hw_primary: enable_snd_device: snd_device(2: speaker)
08-06 17:24:54.262   512  2967 D audio_hw_primary: enable_audio_route: apply and update mixer path: low-latency-playback speaker
08-06 17:24:54.263 13866 13866 I GoogleInputMethodServic: GoogleInputMethodService.onFinishInput():3138 
08-06 17:24:54.264 13866 13866 I GoogleInputMethodServic: GoogleInputMethodService.onStartInput():1808 
08-06 17:24:54.274 29532 29532 W PathParser: Points are too far apart 4.030360828967057
08-06 17:24:54.274 29532 29532 W PathParser: Points are too far apart 4.030360538880159
08-06 17:24:54.291 29532 29532 W PathParser: Points are too far apart 4.030360828967057
08-06 17:24:54.291 29532 29532 W PathParser: Points are too far apart 4.030360538880159
08-06 17:24:54.305   512  2967 D AudioFlinger: mixer(0xf4740000) throttle end: throttle time(12)
08-06 17:24:54.306 29532 29532 W PathParser: Points are too far apart 4.030360828967057
08-06 17:24:54.307 29532 29532 W PathParser: Points are too far apart 4.030360538880159
08-06 17:24:54.323 29532 29532 W PathParser: Points are too far apart 4.030360828967057
08-06 17:24:54.323 29532 29532 W PathParser: Points are too far apart 4.030360538880159
08-06 17:24:54.340 29532 29532 W PathParser: Points are too far apart 4.030360828967057
08-06 17:24:54.340 29532 29532 W PathParser: Points are too far apart 4.030360538880159
08-06 17:24:54.357 29532 29532 W PathParser: Points are too far apart 4.030360828967057
08-06 17:24:54.357 29532 29532 W PathParser: Points are too far apart 4.030360538880159
08-06 17:24:54.373 29532 29532 W PathParser: Points are too far apart 4.030360828967057
08-06 17:24:54.374 29532 29532 W PathParser: Points are too far apart 4.030360538880159
08-06 17:24:54.390 29532 29532 W PathParser: Points are too far apart 4.030360828967057
08-06 17:24:54.390 29532 29532 W PathParser: Points are too far apart 4.030360538880159
08-06 17:24:54.439   380   380 W SurfaceFlinger: couldn't log to binary event log: overflow.
08-06 17:24:54.466 28083 28159 I art     : Starting a blocking GC Explicit
08-06 17:24:54.494 28083 28159 I art     : Explicit concurrent mark sweep GC freed 1896(113KB) AllocSpace objects, 2(40KB) LOS objects, 40% free, 23MB/39MB, paused 262us total 28.253ms
08-06 17:24:54.504 28083 28159 I art     : Starting a blocking GC Explicit
08-06 17:24:54.527 28083 28159 I art     : Explicit concurrent mark sweep GC freed 52(1920B) AllocSpace objects, 0(0B) LOS objects, 40% free, 23MB/39MB, paused 267us total 22.544ms
08-06 17:24:54.537 28083 28159 I art     : Starting a blocking GC Explicit
08-06 17:24:54.561 28083 28159 I art     : Explicit concurrent mark sweep GC freed 3(96B) AllocSpace objects, 0(0B) LOS objects, 40% free, 23MB/39MB, paused 269us total 24.098ms
08-06 17:24:54.572 28083 28159 I art     : Starting a blocking GC Explicit
08-06 17:24:54.597 28083 28159 I art     : Explicit concurrent mark sweep GC freed 3(96B) AllocSpace objects, 0(0B) LOS objects, 40% free, 23MB/39MB, paused 315us total 24.759ms
08-06 17:24:54.607 28083 28159 I art     : Starting a blocking GC Explicit
08-06 17:24:54.632 28083 28159 I art     : Explicit concurrent mark sweep GC freed 30(832B) AllocSpace objects, 0(0B) LOS objects, 40% free, 23MB/39MB, paused 270us total 24.662ms
08-06 17:24:54.799   512  2967 D audio_hw_primary: disable_audio_route: reset and update mixer path: low-latency-playback speaker
08-06 17:24:54.800   512  2967 D audio_hw_primary: disable_snd_device: snd_device(2: speaker)
08-06 17:24:54.807   512  2967 I soundtrigger: audio_extn_sound_trigger_update_device_status: device 0x2 of type 0 for Event 0
08-06 17:24:54.853 25638 25638 I ServiceManager: Waiting for service AtCmdFwd...
08-06 17:24:54.906 28083 28096 I art     : Starting a blocking GC Explicit
08-06 17:24:54.934 28083 28096 I art     : Explicit concurrent mark sweep GC freed 1365(80KB) AllocSpace objects, 1(20KB) LOS objects, 40% free, 23MB/39MB, paused 305us total 27.551ms
08-06 17:24:54.948 28083 28096 I art     : Starting a blocking GC Explicit
08-06 17:24:54.974 28083 28096 I art     : Explicit concurrent mark sweep GC freed 125(6KB) AllocSpace objects, 0(0B) LOS objects, 40% free, 23MB/39MB, paused 294us total 25.590ms
08-06 17:24:54.984 28083 28096 I art     : Starting a blocking GC Explicit
08-06 17:24:55.002 28527 28527 D AndroidRuntime: >>>>>> START com.android.internal.os.RuntimeInit uid 2000 <<<<<<
08-06 17:24:55.007 28527 28527 D AndroidRuntime: CheckJNI is OFF
08-06 17:24:55.010 28083 28096 I art     : Explicit concurrent mark sweep GC freed 869(55KB) AllocSpace objects, 1(48KB) LOS objects, 40% free, 23MB/39MB, paused 293us total 25.029ms
08-06 17:24:55.020 28083 28096 I art     : Starting a blocking GC Explicit
08-06 17:24:55.045 28083 28096 I art     : Explicit concurrent mark sweep GC freed 3(96B) AllocSpace objects, 0(0B) LOS objects, 40% free, 23MB/39MB, paused 282us total 24.559ms
08-06 17:24:55.053 28527 28527 D ICU     : No timezone override file found: /data/misc/zoneinfo/current/icu/icu_tzdata.dat
08-06 17:24:55.056 28083 28096 I art     : Starting a blocking GC Explicit
08-06 17:24:55.081 28083 28096 I art     : Explicit concurrent mark sweep GC freed 3(96B) AllocSpace objects, 0(0B) LOS objects, 40% free, 23MB/39MB, paused 283us total 24.155ms
08-06 17:24:55.096 28527 28527 I Radio-JNI: register_android_hardware_Radio DONE
08-06 17:24:55.125 28527 28527 D AndroidRuntime: Calling main entry com.android.commands.input.Input
08-06 17:24:55.127 28527 28527 I Input   : injectKeyEvent: KeyEvent { action=ACTION_DOWN, keyCode=KEYCODE_BACK, scanCode=0, metaState=0, flags=0x0, repeatCount=0, eventTime=897911540, downTime=897911540, deviceId=-1, source=0x101 }
08-06 17:24:55.132 28527 28527 I Input   : injectKeyEvent: KeyEvent { action=ACTION_UP, keyCode=KEYCODE_BACK, scanCode=0, metaState=0, flags=0x0, repeatCount=0, eventTime=897911540, downTime=897911540, deviceId=-1, source=0x101 }
08-06 17:24:55.141 28527 28527 D AndroidRuntime: Shutting down VM
08-06 17:24:55.213 13866 13866 I GoogleInputMethodServic: GoogleInputMethodService.onFinishInput():3138 
08-06 17:24:55.214 13866 13866 I GoogleInputMethodServic: GoogleInputMethodService.onStartInput():1808 
08-06 17:24:55.349 28083 28096 I art     : Starting a blocking GC Explicit
08-06 17:24:55.382 28083 28096 I art     : Explicit concurrent mark sweep GC freed 2647(138KB) AllocSpace objects, 1(20KB) LOS objects, 39% free, 24MB/40MB, paused 467us total 32.767ms
08-06 17:24:55.397 28083 28096 I art     : Starting a blocking GC Explicit
08-06 17:24:55.423 28083 28096 I art     : Explicit concurrent mark sweep GC freed 8452(533KB) AllocSpace objects, 0(0B) LOS objects, 40% free, 23MB/39MB, paused 296us total 25.006ms
08-06 17:24:55.433 28083 28096 I art     : Starting a blocking GC Explicit
08-06 17:24:55.458 28083 28096 I art     : Explicit concurrent mark sweep GC freed 6(240B) AllocSpace objects, 0(0B) LOS objects, 40% free, 23MB/39MB, paused 284us total 23.783ms
08-06 17:24:55.468 28083 28096 I art     : Starting a blocking GC Explicit
08-06 17:24:55.492 28083 28096 I art     : Explicit concurrent mark sweep GC freed 3(96B) AllocSpace objects, 0(0B) LOS objects, 40% free, 23MB/39MB, paused 284us total 23.939ms
08-06 17:24:55.503 28083 28096 I art     : Starting a blocking GC Explicit
08-06 17:24:55.527 28083 28096 I art     : Explicit concurrent mark sweep GC freed 3(96B) AllocSpace objects, 0(0B) LOS objects, 40% free, 23MB/39MB, paused 296us total 23.979ms
08-06 17:24:55.745   518   646 I ThermalEngine: ACTION: GPU - Setting GPU[0] to 390000000
08-06 17:24:55.839 28083 28095 I art     : Starting a blocking GC Explicit
08-06 17:24:55.854 25638 25638 W Atfwd_Sendcmd: AtCmdFwd service not published, waiting... retryCnt : 1
08-06 17:24:55.883 28083 28095 I art     : Explicit concurrent mark sweep GC freed 1392(80KB) AllocSpace objects, 1(20KB) LOS objects, 40% free, 23MB/39MB, paused 774us total 43.231ms
08-06 17:24:55.901 28083 28095 I art     : Starting a blocking GC Explicit
08-06 17:24:55.932 28083 28095 I art     : Explicit concurrent mark sweep GC freed 23(752B) AllocSpace objects, 0(0B) LOS objects, 40% free, 23MB/39MB, paused 334us total 30.511ms
08-06 17:24:55.932 28083 28094 I art     : WaitForGcToComplete blocked for 30.949ms for cause HeapTrim
08-06 17:24:55.947 28083 28095 I art     : Starting a blocking GC Explicit
08-06 17:24:55.978 28083 28095 I art     : Explicit concurrent mark sweep GC freed 3(96B) AllocSpace objects, 0(0B) LOS objects, 40% free, 23MB/39MB, paused 363us total 30.437ms
08-06 17:24:55.994 28083 28095 I art     : Starting a blocking GC Explicit
08-06 17:24:56.025 28083 28095 I art     : Explicit concurrent mark sweep GC freed 3(96B) AllocSpace objects, 0(0B) LOS objects, 40% free, 23MB/39MB, paused 348us total 30.530ms
08-06 17:24:56.041 28083 28095 I art     : Starting a blocking GC Explicit
08-06 17:24:56.071 28083 28095 I art     : Explicit concurrent mark sweep GC freed 3(96B) AllocSpace objects, 0(0B) LOS objects, 40% free, 23MB/39MB, paused 319us total 30.339ms
08-06 17:24:56.371 28083 28159 I art     : Starting a blocking GC Explicit
08-06 17:24:56.408 28083 28159 I art     : Explicit concurrent mark sweep GC freed 1365(80KB) AllocSpace objects, 1(20KB) LOS objects, 40% free, 23MB/39MB, paused 670us total 36.728ms
08-06 17:24:56.425 28083 28159 I art     : Starting a blocking GC Explicit
08-06 17:24:56.454 28083 28159 I art     : Explicit concurrent mark sweep GC freed 23(752B) AllocSpace objects, 0(0B) LOS objects, 40% free, 23MB/39MB, paused 315us total 28.664ms
08-06 17:24:56.469 28083 28159 I art     : Starting a blocking GC Explicit
08-06 17:24:56.498 28083 28159 I art     : Explicit concurrent mark sweep GC freed 3(96B) AllocSpace objects, 0(0B) LOS objects, 40% free, 23MB/39MB, paused 375us total 28.919ms
08-06 17:24:56.513 28083 28159 I art     : Starting a blocking GC Explicit
08-06 17:24:56.543 28083 28159 I art     : Explicit concurrent mark sweep GC freed 3(96B) AllocSpace objects, 0(0B) LOS objects, 40% free, 23MB/39MB, paused 347us total 29.429ms
08-06 17:24:56.558 28083 28159 I art     : Starting a blocking GC Explicit
08-06 17:24:56.588 28083 28159 I art     : Explicit concurrent mark sweep GC freed 3(96B) AllocSpace objects, 0(0B) LOS objects, 40% free, 23MB/39MB, paused 408us total 29.231ms
08-06 17:24:56.746   518   646 I ThermalEngine: ACTION: GPU - Setting GPU[0] to 450000000
08-06 17:24:56.876 28083 28095 I art     : Starting a blocking GC Explicit
08-06 17:24:56.901 28083 28095 I art     : Explicit concurrent mark sweep GC freed 1779(94KB) AllocSpace objects, 1(20KB) LOS objects, 40% free, 23MB/39MB, paused 409us total 24.893ms
08-06 17:24:56.912 28083 28095 I art     : Starting a blocking GC Explicit
08-06 17:24:56.936 28083 28095 I art     : Explicit concurrent mark sweep GC freed 121(3KB) AllocSpace objects, 0(0B) LOS objects, 40% free, 23MB/39MB, paused 269us total 23.778ms
08-06 17:24:56.946 28083 28095 I art     : Starting a blocking GC Explicit
08-06 17:24:56.969 28083 28095 I art     : Explicit concurrent mark sweep GC freed 99(3KB) AllocSpace objects, 0(0B) LOS objects, 40% free, 23MB/39MB, paused 271us total 22.119ms
08-06 17:24:56.970 28579 28579 D AndroidRuntime: >>>>>> START com.android.internal.os.RuntimeInit uid 2000 <<<<<<
08-06 17:24:56.975 28579 28579 D AndroidRuntime: CheckJNI is OFF
08-06 17:24:56.979 28083 28095 I art     : Starting a blocking GC Explicit
08-06 17:24:57.001 28083 28095 I art     : Explicit concurrent mark sweep GC freed 98(3KB) AllocSpace objects, 0(0B) LOS objects, 40% free, 23MB/39MB, paused 295us total 22.318ms
08-06 17:24:57.011 28083 28095 I art     : Starting a blocking GC Explicit
08-06 17:24:57.018 28579 28579 D ICU     : No timezone override file found: /data/misc/zoneinfo/current/icu/icu_tzdata.dat
08-06 17:24:57.035 28083 28095 I art     : Explicit concurrent mark sweep GC freed 73(2336B) AllocSpace objects, 0(0B) LOS objects, 40% free, 23MB/39MB, paused 434us total 23.195ms
08-06 17:24:57.061 28579 28579 I Radio-JNI: register_android_hardware_Radio DONE
08-06 17:24:57.089 28579 28579 D AndroidRuntime: Calling main entry com.android.commands.input.Input
08-06 17:24:57.091 28579 28579 I Input   : injectKeyEvent: KeyEvent { action=ACTION_DOWN, keyCode=KEYCODE_BACK, scanCode=0, metaState=0, flags=0x0, repeatCount=0, eventTime=897913504, downTime=897913504, deviceId=-1, source=0x101 }
08-06 17:24:57.097 28579 28579 I Input   : injectKeyEvent: KeyEvent { action=ACTION_UP, keyCode=KEYCODE_BACK, scanCode=0, metaState=0, flags=0x0, repeatCount=0, eventTime=897913504, downTime=897913504, deviceId=-1, source=0x101 }
08-06 17:24:57.103 28579 28579 D AndroidRuntime: Shutting down VM
08-06 17:24:57.108 28083 28083 D QueueFragment: loadItems()
08-06 17:24:57.108 28083 28111 D DBReader: getQueue() called
08-06 17:24:57.108 28083 28111 D DBReader: getQueue()
08-06 17:24:57.108 28083 28083 V PlaybackController: initServiceNotRunning()
08-06 17:24:57.108 28083 28083 D ExternalPlayerFragment: Loading media info
08-06 17:24:57.109 28083 28083 D UserPreferences: Using default data folder
08-06 17:24:57.109 28083 28111 D DBReader: getFavoriteIDList() called
08-06 17:24:57.110 28083 28111 D DBReader: getQueueIDList() called
08-06 17:24:57.111 28083 28111 D DBReader: Extracting Feedlist
08-06 17:24:57.111 28083 28103 D DBReader: getNavDrawerData() called with: 
08-06 17:24:57.113 28083 28103 D DBReader: getDownloadedItems() called
08-06 17:24:57.114 28083 28103 D DBReader: getFavoriteIDList() called
08-06 17:24:57.115 28083 28103 D DBReader: getQueueIDList() called
08-06 17:24:57.115 28083 28103 D DBReader: Extracting Feedlist
08-06 17:24:57.152 28083 28083 D MainActivity: getLastNavFragment() -> QueueFragment
08-06 17:24:57.153 13866 13866 I GoogleInputMethodServic: GoogleInputMethodService.onFinishInput():3138 
08-06 17:24:57.154 13866 13866 I GoogleInputMethodServic: GoogleInputMethodService.onStartInput():1808 
08-06 17:24:57.197 13866 13866 I GoogleInputMethodServic: GoogleInputMethodService.onFinishInput():3138 
08-06 17:24:57.198 13866 13866 I GoogleInputMethodServic: GoogleInputMethodService.onStartInput():1808 
08-06 17:24:57.316 28083 28096 I art     : Starting a blocking GC Explicit
08-06 17:24:57.345 28083 28096 I art     : Explicit concurrent mark sweep GC freed 3098(187KB) AllocSpace objects, 1(20KB) LOS objects, 40% free, 23MB/39MB, paused 269us total 29.143ms
08-06 17:24:57.360 28083 28096 I art     : Starting a blocking GC Explicit
08-06 17:24:57.388 28083 28096 I art     : Explicit concurrent mark sweep GC freed 1482(93KB) AllocSpace objects, 0(0B) LOS objects, 40% free, 23MB/39MB, paused 296us total 28.389ms
08-06 17:24:57.400 28083 28096 I art     : Starting a blocking GC Explicit
08-06 17:24:57.427 28083 28096 I art     : Explicit concurrent mark sweep GC freed 3(96B) AllocSpace objects, 0(0B) LOS objects, 40% free, 23MB/39MB, paused 452us total 26.688ms
08-06 17:24:57.441 28083 28096 I art     : Starting a blocking GC Explicit
08-06 17:24:57.459   380   380 W SurfaceFlinger: couldn't log to binary event log: overflow.
08-06 17:24:57.467 28083 28096 I art     : Explicit concurrent mark sweep GC freed 434(18KB) AllocSpace objects, 0(0B) LOS objects, 40% free, 23MB/39MB, paused 345us total 24.857ms
08-06 17:24:57.481 28083 28096 I art     : Starting a blocking GC Explicit
08-06 17:24:57.504 28083 28096 I art     : Explicit concurrent mark sweep GC freed 112(4KB) AllocSpace objects, 0(0B) LOS objects, 40% free, 23MB/39MB, paused 287us total 23.261ms
08-06 17:24:57.793 28083 28614 I art     : Starting a blocking GC Explicit
08-06 17:24:57.820 28083 28614 I art     : Explicit concurrent mark sweep GC freed 7620(472KB) AllocSpace objects, 12(328KB) LOS objects, 40% free, 22MB/38MB, paused 302us total 26.925ms
08-06 17:24:57.830 28083 28614 I art     : Starting a blocking GC Explicit
08-06 17:24:57.852 28083 28614 I art     : Explicit concurrent mark sweep GC freed 23(752B) AllocSpace objects, 0(0B) LOS objects, 40% free, 22MB/38MB, paused 288us total 21.349ms
08-06 17:24:57.862 28083 28614 I art     : Starting a blocking GC Explicit
08-06 17:24:57.883 28083 28614 I art     : Explicit concurrent mark sweep GC freed 3(96B) AllocSpace objects, 0(0B) LOS objects, 40% free, 22MB/38MB, paused 279us total 21.103ms
08-06 17:24:57.894 28083 28614 I art     : Starting a blocking GC Explicit
08-06 17:24:57.916 28083 28614 I art     : Explicit concurrent mark sweep GC freed 3(96B) AllocSpace objects, 0(0B) LOS objects, 40% free, 22MB/38MB, paused 284us total 21.570ms
08-06 17:24:57.926 28083 28614 I art     : Starting a blocking GC Explicit
08-06 17:24:57.948 28083 28614 I art     : Explicit concurrent mark sweep GC freed 3(96B) AllocSpace objects, 0(0B) LOS objects, 40% free, 22MB/38MB, paused 287us total 21.907ms
08-06 17:24:58.253 28083 28095 I art     : Starting a blocking GC Explicit
08-06 17:24:58.280 28083 28095 I art     : Explicit concurrent mark sweep GC freed 1365(82KB) AllocSpace objects, 1(20KB) LOS objects, 40% free, 22MB/38MB, paused 305us total 27.167ms
08-06 17:24:58.293 28083 28095 I art     : Starting a blocking GC Explicit
08-06 17:24:58.318 28083 28095 I art     : Explicit concurrent mark sweep GC freed 23(752B) AllocSpace objects, 0(0B) LOS objects, 40% free, 22MB/38MB, paused 306us total 24.696ms
08-06 17:24:58.330 28083 28095 I art     : Starting a blocking GC Explicit
08-06 17:24:58.350 28083 28095 I art     : Explicit concurrent mark sweep GC freed 3(96B) AllocSpace objects, 0(0B) LOS objects, 40% free, 22MB/38MB, paused 282us total 20.362ms
08-06 17:24:58.361 28083 28095 I art     : Starting a blocking GC Explicit
08-06 17:24:58.381 28083 28095 I art     : Explicit concurrent mark sweep GC freed 3(96B) AllocSpace objects, 0(0B) LOS objects, 40% free, 22MB/38MB, paused 283us total 19.941ms
08-06 17:24:58.391 28083 28095 I art     : Starting a blocking GC Explicit
08-06 17:24:58.412 28083 28095 I art     : Explicit concurrent mark sweep GC freed 3(96B) AllocSpace objects, 0(0B) LOS objects, 40% free, 22MB/38MB, paused 281us total 20.336ms
08-06 17:24:58.704 28083 28159 I art     : Starting a blocking GC Explicit
08-06 17:24:58.728 28083 28159 I art     : Explicit concurrent mark sweep GC freed 1392(80KB) AllocSpace objects, 1(20KB) LOS objects, 40% free, 22MB/38MB, paused 281us total 23.740ms
08-06 17:24:58.731   918  3188 I hubconnection: sensorhub said: 'set_bias 3: -5.1360, 0.0000, 0.0000'
08-06 17:24:58.739 28083 28159 I art     : Starting a blocking GC Explicit
08-06 17:24:58.762 28083 28159 I art     : Explicit concurrent mark sweep GC freed 23(752B) AllocSpace objects, 0(0B) LOS objects, 40% free, 22MB/38MB, paused 295us total 22.513ms
08-06 17:24:58.772 28083 28159 I art     : Starting a blocking GC Explicit
08-06 17:24:58.794 28083 28159 I art     : Explicit concurrent mark sweep GC freed 3(96B) AllocSpace objects, 0(0B) LOS objects, 40% free, 22MB/38MB, paused 295us total 21.874ms
08-06 17:24:58.804 28083 28159 I art     : Starting a blocking GC Explicit
08-06 17:24:58.826 28083 28159 I art     : Explicit concurrent mark sweep GC freed 3(96B) AllocSpace objects, 0(0B) LOS objects, 40% free, 22MB/38MB, paused 299us total 21.261ms
08-06 17:24:58.836 28083 28159 I art     : Starting a blocking GC Explicit
08-06 17:24:58.858 28083 28159 I art     : Explicit concurrent mark sweep GC freed 3(96B) AllocSpace objects, 0(0B) LOS objects, 40% free, 22MB/38MB, paused 305us total 21.160ms
08-06 17:24:58.890 28635 28635 D AndroidRuntime: >>>>>> START com.android.internal.os.RuntimeInit uid 2000 <<<<<<
08-06 17:24:58.897 28635 28635 D AndroidRuntime: CheckJNI is OFF
08-06 17:24:58.942 28635 28635 D ICU     : No timezone override file found: /data/misc/zoneinfo/current/icu/icu_tzdata.dat
08-06 17:24:58.989 28635 28635 I Radio-JNI: register_android_hardware_Radio DONE
08-06 17:24:59.020 28635 28635 D AndroidRuntime: Calling main entry com.android.commands.input.Input
08-06 17:24:59.022 28635 28635 I Input   : injectMotionEvent: MotionEvent { action=ACTION_DOWN, actionButton=0, id[0]=0, x[0]=103.0, y[0]=192.0, toolType[0]=TOOL_TYPE_UNKNOWN, buttonState=0, metaState=0, flags=0x0, edgeFlags=0x0, pointerCount=1, historySize=0, eventTime=897915435, downTime=897915435, deviceId=0, source=0x1002 }
08-06 17:24:59.031 28635 28635 I Input   : injectMotionEvent: MotionEvent { action=ACTION_UP, actionButton=0, id[0]=0, x[0]=103.0, y[0]=192.0, toolType[0]=TOOL_TYPE_UNKNOWN, buttonState=0, metaState=0, flags=0x0, edgeFlags=0x0, pointerCount=1, historySize=0, eventTime=897915435, downTime=897915435, deviceId=0, source=0x1002 }
08-06 17:24:59.033 28635 28635 D AndroidRuntime: Shutting down VM
08-06 17:24:59.050   512  2967 D audio_hw_primary: out_set_parameters: enter: usecase(1: low-latency-playback) kvpairs: routing=2
08-06 17:24:59.064   512  2967 D audio_hw_primary: select_devices: out_snd_device(2: speaker) in_snd_device(0: none)
08-06 17:24:59.064   512  2967 D msm8974_platform: platform_send_audio_calibration: sending audio calibration for snd_device(2) acdb_id(15)
08-06 17:24:59.064   512  2967 I soundtrigger: audio_extn_sound_trigger_update_device_status: device 0x2 of type 0 for Event 1
08-06 17:24:59.076   512  2967 D audio_hw_primary: enable_snd_device: snd_device(2: speaker)
08-06 17:24:59.078   512  2967 D audio_hw_primary: enable_audio_route: apply and update mixer path: low-latency-playback speaker
08-06 17:24:59.087 13866 13866 I GoogleInputMethodServic: GoogleInputMethodService.onFinishInput():3138 
08-06 17:24:59.088 13866 13866 I GoogleInputMethodServic: GoogleInputMethodService.onStartInput():1808 
08-06 17:24:59.160 28083 28159 I art     : Starting a blocking GC Explicit
08-06 17:24:59.184 28083 28159 I art     : Explicit concurrent mark sweep GC freed 1855(104KB) AllocSpace objects, 1(20KB) LOS objects, 40% free, 22MB/38MB, paused 299us total 23.726ms
08-06 17:24:59.196 28083 28159 I art     : Starting a blocking GC Explicit
08-06 17:24:59.219 28083 28159 I art     : Explicit concurrent mark sweep GC freed 84(5KB) AllocSpace objects, 0(0B) LOS objects, 40% free, 22MB/38MB, paused 263us total 21.928ms
08-06 17:24:59.229 28083 28159 I art     : Starting a blocking GC Explicit
08-06 17:24:59.250 28083 28159 I art     : Explicit concurrent mark sweep GC freed 3(96B) AllocSpace objects, 0(0B) LOS objects, 40% free, 22MB/38MB, paused 284us total 19.846ms
08-06 17:24:59.260 28083 28159 I art     : Starting a blocking GC Explicit
08-06 17:24:59.280 28083 28159 I art     : Explicit concurrent mark sweep GC freed 5(160B) AllocSpace objects, 0(0B) LOS objects, 40% free, 22MB/38MB, paused 409us total 20.245ms
08-06 17:24:59.291 28083 28159 I art     : Starting a blocking GC Explicit
08-06 17:24:59.312 28083 28159 I art     : Explicit concurrent mark sweep GC freed 3(96B) AllocSpace objects, 0(0B) LOS objects, 40% free, 22MB/38MB, paused 561us total 21.135ms
08-06 17:24:59.550 12162 12162 I Finsky  : [1] xow.onStartJob(3): SCH: onJobSchedulerWakeup with jobId 9007
08-06 17:24:59.557 12162 12162 I Finsky  : [1] xjw.a(9): Scheduling fallback in 43199998 (absolute: 1924503429)
08-06 17:24:59.559 12162 12162 I Finsky  : [1] xjw.a(9): Scheduling fallback in 64799998 (absolute: 1946103432)
08-06 17:24:59.567 12162 12162 I Finsky  : [1] xow.onStartJob(3): SCH: onJobSchedulerWakeup with jobId 9016
08-06 17:24:59.573 12162 12162 I Finsky  : [1] xjw.a(9): Scheduling fallback in 43199998 (absolute: 1924503445)
08-06 17:24:59.575 12162 12162 I Finsky  : [1] xjw.a(9): Scheduling fallback in 64799998 (absolute: 1946103448)
08-06 17:24:59.578 12162 12162 W Finsky  : [1] xow.onStartJob(9): SCH: onJobSchedulerWakeup while already running
08-06 17:24:59.594 28083 28095 I art     : Starting a blocking GC Explicit
08-06 17:24:59.616 28083 28095 I art     : Explicit concurrent mark sweep GC freed 1395(81KB) AllocSpace objects, 1(20KB) LOS objects, 40% free, 22MB/38MB, paused 305us total 21.065ms
08-06 17:24:59.620   512  2967 D audio_hw_primary: disable_audio_route: reset and update mixer path: low-latency-playback speaker
08-06 17:24:59.621   512  2967 D audio_hw_primary: disable_snd_device: snd_device(2: speaker)
08-06 17:24:59.626 28083 28095 I art     : Starting a blocking GC Explicit
08-06 17:24:59.628   512  2967 I soundtrigger: audio_extn_sound_trigger_update_device_status: device 0x2 of type 0 for Event 0
08-06 17:24:59.647 28083 28095 I art     : Explicit concurrent mark sweep GC freed 31(1008B) AllocSpace objects, 0(0B) LOS objects, 40% free, 22MB/38MB, paused 301us total 20.874ms
08-06 17:24:59.657 28083 28095 I art     : Starting a blocking GC Explicit
08-06 17:24:59.677 28083 28095 I art     : Explicit concurrent mark sweep GC freed 3(96B) AllocSpace objects, 0(0B) LOS objects, 40% free, 22MB/38MB, paused 297us total 20.353ms
08-06 17:24:59.687 28083 28095 I art     : Starting a blocking GC Explicit
08-06 17:24:59.693 12162 12162 I Finsky  : [1] xkf.handleMessage(8): SCH: DeviceState: DeviceState{currentTime=1596727499689, isCharging=false, isIdle=false, netAny=true, netNotRoaming=true, netUnmetered=true, batteryPercent=100.0}
08-06 17:24:59.700 12162 28050 I Finsky  : [6918] xmu.a(8): SCH: Jobs in database: 1-1337 3-225 3-226 12-1 24-77777777 26-1414141414 
08-06 17:24:59.703 12162 12162 I Finsky  : [1] xkg.a(16): SCH: Running job: 12-1
08-06 17:24:59.704 12162 12162 I Finsky  : [1] ContentSyncJob.a(16): [ContentSync] job started
08-06 17:24:59.704 12162 12162 I Finsky  : [1] xkf.handleMessage(61): SCH: RunningQueue size: 1, PendingQueue size: 0
08-06 17:24:59.704 12162 12162 I Finsky  : [1] xkf.handleMessage(64): SCH: Running queue: 12-1 
08-06 17:24:59.707 28083 28095 I art     : Explicit concurrent mark sweep GC freed 3(96B) AllocSpace objects, 0(0B) LOS objects, 40% free, 22MB/38MB, paused 327us total 19.329ms
08-06 17:24:59.717 28083 28095 I art     : Starting a blocking GC Explicit
08-06 17:24:59.737 28083 28095 I art     : Explicit concurrent mark sweep GC freed 3(96B) AllocSpace objects, 0(0B) LOS objects, 40% free, 22MB/38MB, paused 265us total 20.160ms
08-06 17:25:00.005 12162 28069 I Finsky  : [6925] dzn.a(22): Completed 0 account content syncs with 0 successful.
08-06 17:25:00.006 12162 12162 I Finsky  : [1] ContentSyncJob.a(1): [ContentSync] Installation state replication succeeded.
08-06 17:25:00.007 12162 12162 I Finsky  : [1] xlr.a(13): SCH: jobFinished: 12-1. TimeElapsed: 304ms.
08-06 17:25:00.008 12162 12162 I Finsky  : [1] xkg.a(36): SCH: Job 12-1 finished. Not rescheduling.
08-06 17:25:00.009 12162 12162 I Finsky  : [1] xkf.handleMessage(61): SCH: RunningQueue size: 0, PendingQueue size: 0
08-06 17:25:00.011 28083 28614 I art     : Starting a blocking GC Explicit
08-06 17:25:00.012 12162 12162 I Finsky  : [1] xkf.handleMessage(25): Executor finished
08-06 17:25:00.029 12162 12162 I Finsky  : [1] xmu.a(8): SCH: Jobs in database: 1-1337 3-225 3-226 24-77777777 26-1414141414 
08-06 17:25:00.032 28083 28614 I art     : Explicit concurrent mark sweep GC freed 1366(81KB) AllocSpace objects, 1(20KB) LOS objects, 40% free, 22MB/38MB, paused 256us total 21.024ms
08-06 17:25:00.033 12162 12162 I Finsky  : [1] xio.a(57): SCH: ConstraintMapping: 24-77777777,  -> L: 0ms, D: 13510894ms, C: false, I: true, N: 0
08-06 17:25:00.034 12162 12162 I Finsky  : [1] xio.a(57): SCH: ConstraintMapping: 1-1337,  -> L: 16852881ms, D: 60052881ms, C: false, I: false, N: 1
08-06 17:25:00.035 12162 12162 I Finsky  : [1] xio.a(57): SCH: ConstraintMapping: 3-225,  -> L: 0ms, D: 56636824ms, C: false, I: true, N: 2
08-06 17:25:00.035 12162 12162 I Finsky  : [1] xio.a(57): SCH: ConstraintMapping: 3-226,  -> L: 0ms, D: 56636867ms, C: true, I: true, N: 2
08-06 17:25:00.036 12162 12162 I Finsky  : [1] xio.a(57): SCH: ConstraintMapping: 26-1414141414,  -> L: 21634267ms, D: 22534267ms, C: false, I: false, N: 0
08-06 17:25:00.042 28083 28614 I art     : Starting a blocking GC Explicit
08-06 17:25:00.050 12162 12162 I Finsky  : [1] xle.a(34): Cancelling existing jobscheduler jobs: 9019 9017 9014 9018 9013 9011 9001 9012 
08-06 17:25:00.050 12162 12162 I Finsky  : [1] xle.a(10): Throttling wakeup for job 9000 (expected to run in 0 ms) due to recent wakeup
08-06 17:25:00.051 12162 12162 I Finsky  : [1] xle.a(27): Scheduling job Id: 9000, L: 30000, D: 13510894, C: false, I: true, N: 0
08-06 17:25:00.053 12162 12162 I Finsky  : [1] xle.a(27): Scheduling job Id: 9002, L: 16852881, D: 60052881, C: false, I: false, N: 1
08-06 17:25:00.054 12162 12162 I Finsky  : [1] xle.a(10): Throttling wakeup for job 9003 (expected to run in 0 ms) due to recent wakeup
08-06 17:25:00.054 12162 12162 I Finsky  : [1] xle.a(27): Scheduling job Id: 9003, L: 30000, D: 56636824, C: false, I: true, N: 2
08-06 17:25:00.055 12162 12162 I Finsky  : [1] xle.a(10): Throttling wakeup for job 9004 (expected to run in 0 ms) due to recent wakeup
08-06 17:25:00.056 12162 12162 I Finsky  : [1] xle.a(27): Scheduling job Id: 9004, L: 30000, D: 56636867, C: true, I: true, N: 2
08-06 17:25:00.057 12162 12162 I Finsky  : [1] xle.a(27): Scheduling job Id: 9005, L: 21634267, D: 22534267, C: false, I: false, N: 0
08-06 17:25:00.059 12162 12162 I Finsky  : [1] xle.a(10): Throttling wakeup for job 9006 (expected to run in 0 ms) due to recent wakeup
08-06 17:25:00.059 12162 12162 I Finsky  : [1] xle.a(27): Scheduling job Id: 9006, L: 30000, D: 13510894, C: false, I: true, N: 0
08-06 17:25:00.060 28083 28614 I art     : Explicit concurrent mark sweep GC freed 23(752B) AllocSpace objects, 0(0B) LOS objects, 40% free, 22MB/38MB, paused 256us total 18.162ms
08-06 17:25:00.060 12162 12162 I Finsky  : [1] xle.a(27): Scheduling job Id: 9008, L: 16852881, D: 60052881, C: false, I: false, N: 1
08-06 17:25:00.062 12162 12162 I Finsky  : [1] xle.a(10): Throttling wakeup for job 9009 (expected to run in 0 ms) due to recent wakeup
08-06 17:25:00.062 12162 12162 I Finsky  : [1] xle.a(27): Scheduling job Id: 9009, L: 30000, D: 56636824, C: false, I: true, N: 2
08-06 17:25:00.065 12162 12162 I Finsky  : [1] xle.a(10): Throttling wakeup for job 9010 (expected to run in 0 ms) due to recent wakeup
08-06 17:25:00.065 12162 12162 I Finsky  : [1] xle.a(27): Scheduling job Id: 9010, L: 30000, D: 56636867, C: true, I: true, N: 2
08-06 17:25:00.067 12162 12162 I Finsky  : [1] xle.a(27): Scheduling job Id: 9015, L: 21634267, D: 22534267, C: false, I: false, N: 0
08-06 17:25:00.069 28083 28614 I art     : Starting a blocking GC Explicit
08-06 17:25:00.089 28083 28614 I art     : Explicit concurrent mark sweep GC freed 3(96B) AllocSpace objects, 0(0B) LOS objects, 40% free, 22MB/38MB, paused 275us total 19.467ms
08-06 17:25:00.099 28083 28614 I art     : Starting a blocking GC Explicit
08-06 17:25:00.118 28083 28614 I art     : Explicit concurrent mark sweep GC freed 3(96B) AllocSpace objects, 0(0B) LOS objects, 40% free, 22MB/38MB, paused 298us total 19.411ms
08-06 17:25:00.129 28083 28614 I art     : Starting a blocking GC Explicit
08-06 17:25:00.150 28083 28614 I art     : Explicit concurrent mark sweep GC freed 3(96B) AllocSpace objects, 0(0B) LOS objects, 40% free, 22MB/38MB, paused 276us total 20.825ms
08-06 17:25:00.425 28083 28159 I art     : Starting a blocking GC Explicit
08-06 17:25:00.450 28083 28159 I art     : Explicit concurrent mark sweep GC freed 1363(82KB) AllocSpace objects, 1(20KB) LOS objects, 40% free, 22MB/38MB, paused 296us total 23.967ms
08-06 17:25:00.464 28083 28159 I art     : Starting a blocking GC Explicit
08-06 17:25:00.485 28083 28159 I art     : Explicit concurrent mark sweep GC freed 23(752B) AllocSpace objects, 0(0B) LOS objects, 40% free, 22MB/38MB, paused 275us total 20.647ms
08-06 17:25:00.495 28083 28159 I art     : Starting a blocking GC Explicit
08-06 17:25:00.515 28083 28159 I art     : Explicit concurrent mark sweep GC freed 3(96B) AllocSpace objects, 0(0B) LOS objects, 40% free, 22MB/38MB, paused 295us total 20.602ms
08-06 17:25:00.526 28083 28159 I art     : Starting a blocking GC Explicit
08-06 17:25:00.547 28083 28159 I art     : Explicit concurrent mark sweep GC freed 3(96B) AllocSpace objects, 0(0B) LOS objects, 40% free, 22MB/38MB, paused 361us total 21.100ms
08-06 17:25:00.558 28083 28159 I art     : Starting a blocking GC Explicit
08-06 17:25:00.578 28083 28159 I art     : Explicit concurrent mark sweep GC freed 3(96B) AllocSpace objects, 0(0B) LOS objects, 40% free, 22MB/38MB, paused 279us total 20.042ms
08-06 17:25:00.830 28691 28691 D AndroidRuntime: >>>>>> START com.android.internal.os.RuntimeInit uid 2000 <<<<<<
08-06 17:25:00.836 28691 28691 D AndroidRuntime: CheckJNI is OFF
08-06 17:25:00.854 25638 25638 I ServiceManager: Waiting for service AtCmdFwd...
08-06 17:25:00.869 28083 28159 I art     : Starting a blocking GC Explicit
08-06 17:25:00.879 28691 28691 D ICU     : No timezone override file found: /data/misc/zoneinfo/current/icu/icu_tzdata.dat
08-06 17:25:00.890 28083 28159 I art     : Explicit concurrent mark sweep GC freed 1416(81KB) AllocSpace objects, 1(20KB) LOS objects, 40% free, 22MB/38MB, paused 304us total 21.301ms
08-06 17:25:00.901 28083 28159 I art     : Starting a blocking GC Explicit
08-06 17:25:00.921 28083 28159 I art     : Explicit concurrent mark sweep GC freed 26(848B) AllocSpace objects, 0(0B) LOS objects, 40% free, 22MB/38MB, paused 286us total 19.382ms
08-06 17:25:00.921 28691 28691 I Radio-JNI: register_android_hardware_Radio DONE
08-06 17:25:00.930 28083 28159 I art     : Starting a blocking GC Explicit
08-06 17:25:00.949 28691 28691 D AndroidRuntime: Calling main entry com.android.commands.input.Input
08-06 17:25:00.950 28083 28159 I art     : Explicit concurrent mark sweep GC freed 4(128B) AllocSpace objects, 0(0B) LOS objects, 40% free, 22MB/38MB, paused 281us total 19.312ms
08-06 17:25:00.952 28691 28691 I Input   : injectMotionEvent: MotionEvent { action=ACTION_DOWN, actionButton=0, id[0]=0, x[0]=409.0, y[0]=1034.0, toolType[0]=TOOL_TYPE_UNKNOWN, buttonState=0, metaState=0, flags=0x0, edgeFlags=0x0, pointerCount=1, historySize=0, eventTime=897917365, downTime=897917365, deviceId=0, source=0x1002 }
08-06 17:25:00.956 28691 28691 I Input   : injectMotionEvent: MotionEvent { action=ACTION_UP, actionButton=0, id[0]=0, x[0]=409.0, y[0]=1034.0, toolType[0]=TOOL_TYPE_UNKNOWN, buttonState=0, metaState=0, flags=0x0, edgeFlags=0x0, pointerCount=1, historySize=0, eventTime=897917365, downTime=897917365, deviceId=0, source=0x1002 }
08-06 17:25:00.958 28691 28691 D AndroidRuntime: Shutting down VM
08-06 17:25:00.960 28083 28159 I art     : Starting a blocking GC Explicit
08-06 17:25:00.980 28083 28159 I art     : Explicit concurrent mark sweep GC freed 26(800B) AllocSpace objects, 0(0B) LOS objects, 40% free, 22MB/38MB, paused 440us total 20.194ms
08-06 17:25:00.990 28083 28159 I art     : Starting a blocking GC Explicit
08-06 17:25:01.010 28083 28159 I art     : Explicit concurrent mark sweep GC freed 6(192B) AllocSpace objects, 0(0B) LOS objects, 40% free, 22MB/38MB, paused 293us total 19.342ms
08-06 17:25:01.022 28083 28083 D MainActivity: loadFragment(index: 5, args: null)
08-06 17:25:01.022 28083 28083 D MainActivity: loadFragment(tag: AddFeedFragment, args: null)
08-06 17:25:01.023 28083 28083 D MainActivity: saveLastNavFragment(tag: AddFeedFragment)
08-06 17:25:01.023 28083 28083 D MainActivity: getLastNavFragment() -> AddFeedFragment
08-06 17:25:01.024   512  2967 D audio_hw_primary: out_set_parameters: enter: usecase(1: low-latency-playback) kvpairs: routing=2
08-06 17:25:01.037   512  2967 D audio_hw_primary: select_devices: out_snd_device(2: speaker) in_snd_device(0: none)
08-06 17:25:01.037   512  2967 D msm8974_platform: platform_send_audio_calibration: sending audio calibration for snd_device(2) acdb_id(15)
08-06 17:25:01.038   512  2967 I soundtrigger: audio_extn_sound_trigger_update_device_status: device 0x2 of type 0 for Event 1
08-06 17:25:01.048   512  2967 D audio_hw_primary: enable_snd_device: snd_device(2: speaker)
08-06 17:25:01.050   512  2967 D audio_hw_primary: enable_audio_route: apply and update mixer path: low-latency-playback speaker
08-06 17:25:01.289 28083 28095 I art     : Starting a blocking GC Explicit
08-06 17:25:01.312 28083 28095 I art     : Explicit concurrent mark sweep GC freed 3454(207KB) AllocSpace objects, 2(40KB) LOS objects, 40% free, 23MB/38MB, paused 320us total 23.500ms
08-06 17:25:01.324 28083 28095 I art     : Starting a blocking GC Explicit
08-06 17:25:01.345 28083 28095 I art     : Explicit concurrent mark sweep GC freed 1365(83KB) AllocSpace objects, 2(56KB) LOS objects, 40% free, 22MB/38MB, paused 276us total 21.115ms
08-06 17:25:01.355 28083 28095 I art     : Starting a blocking GC Explicit
08-06 17:25:01.378 28083 28095 I art     : Explicit concurrent mark sweep GC freed 11(352B) AllocSpace objects, 0(0B) LOS objects, 40% free, 22MB/38MB, paused 289us total 20.826ms
08-06 17:25:01.390 28083 28095 I art     : Starting a blocking GC Explicit
08-06 17:25:01.411 28083 28095 I art     : Explicit concurrent mark sweep GC freed 3(96B) AllocSpace objects, 0(0B) LOS objects, 40% free, 22MB/38MB, paused 266us total 20.804ms
08-06 17:25:01.421 28083 28095 I art     : Starting a blocking GC Explicit
08-06 17:25:01.442 28083 28095 I art     : Explicit concurrent mark sweep GC freed 54(2000B) AllocSpace objects, 0(0B) LOS objects, 40% free, 22MB/38MB, paused 308us total 20.794ms
08-06 17:25:01.457 13866 13866 I GoogleInputMethodServic: GoogleInputMethodService.onFinishInput():3138 
08-06 17:25:01.458 13866 13866 I GoogleInputMethodServic: GoogleInputMethodService.onStartInput():1808 
08-06 17:25:01.590   512  2967 D audio_hw_primary: disable_audio_route: reset and update mixer path: low-latency-playback speaker
08-06 17:25:01.592   512  2967 D audio_hw_primary: disable_snd_device: snd_device(2: speaker)
08-06 17:25:01.599   512  2967 I soundtrigger: audio_extn_sound_trigger_update_device_status: device 0x2 of type 0 for Event 0
08-06 17:25:01.738 28083 28096 I art     : Starting a blocking GC Explicit
08-06 17:25:01.761 28083 28096 I art     : Explicit concurrent mark sweep GC freed 1526(86KB) AllocSpace objects, 1(20KB) LOS objects, 40% free, 22MB/38MB, paused 349us total 23.107ms
08-06 17:25:01.773 28083 28096 I art     : Starting a blocking GC Explicit
08-06 17:25:01.794 28083 28096 I art     : Explicit concurrent mark sweep GC freed 101(5KB) AllocSpace objects, 0(0B) LOS objects, 40% free, 22MB/38MB, paused 293us total 20.826ms
08-06 17:25:01.805 28083 28096 I art     : Starting a blocking GC Explicit
08-06 17:25:01.827 28083 28096 I art     : Explicit concurrent mark sweep GC freed 3(96B) AllocSpace objects, 0(0B) LOS objects, 40% free, 22MB/38MB, paused 300us total 21.210ms
08-06 17:25:01.837 28083 28096 I art     : Starting a blocking GC Explicit
08-06 17:25:01.855 25638 25638 I ServiceManager: Waiting for service AtCmdFwd...
08-06 17:25:01.858 28083 28096 I art     : Explicit concurrent mark sweep GC freed 3(96B) AllocSpace objects, 0(0B) LOS objects, 40% free, 22MB/38MB, paused 281us total 20.588ms
08-06 17:25:01.868 28083 28096 I art     : Starting a blocking GC Explicit
08-06 17:25:01.889 28083 28096 I art     : Explicit concurrent mark sweep GC freed 5(160B) AllocSpace objects, 0(0B) LOS objects, 40% free, 22MB/38MB, paused 271us total 20.285ms
08-06 17:25:02.183 28083 28614 I art     : Starting a blocking GC Explicit
08-06 17:25:02.205 28083 28614 I art     : Explicit concurrent mark sweep GC freed 1363(80KB) AllocSpace objects, 1(20KB) LOS objects, 40% free, 22MB/38MB, paused 296us total 21.263ms
08-06 17:25:02.215 28083 28614 I art     : Starting a blocking GC Explicit
08-06 17:25:02.237 28083 28614 I art     : Explicit concurrent mark sweep GC freed 23(752B) AllocSpace objects, 0(0B) LOS objects, 40% free, 22MB/38MB, paused 285us total 21.290ms
08-06 17:25:02.246 28083 28614 I art     : Starting a blocking GC Explicit
08-06 17:25:02.267 28083 28614 I art     : Explicit concurrent mark sweep GC freed 3(96B) AllocSpace objects, 0(0B) LOS objects, 40% free, 22MB/38MB, paused 310us total 20.681ms
08-06 17:25:02.277 28083 28614 I art     : Starting a blocking GC Explicit
08-06 17:25:02.298 28083 28614 I art     : Explicit concurrent mark sweep GC freed 3(96B) AllocSpace objects, 0(0B) LOS objects, 40% free, 22MB/38MB, paused 271us total 20.728ms
08-06 17:25:02.308 28083 28614 I art     : Starting a blocking GC Explicit
08-06 17:25:02.329 28083 28614 I art     : Explicit concurrent mark sweep GC freed 3(96B) AllocSpace objects, 0(0B) LOS objects, 40% free, 22MB/38MB, paused 276us total 20.411ms
08-06 17:25:02.618 28083 28096 I art     : Starting a blocking GC Explicit
08-06 17:25:02.643 28083 28096 I art     : Explicit concurrent mark sweep GC freed 1391(80KB) AllocSpace objects, 1(20KB) LOS objects, 40% free, 22MB/38MB, paused 330us total 24.725ms
08-06 17:25:02.655 28083 28096 I art     : Starting a blocking GC Explicit
08-06 17:25:02.677 28083 28096 I art     : Explicit concurrent mark sweep GC freed 25(816B) AllocSpace objects, 0(0B) LOS objects, 40% free, 22MB/38MB, paused 480us total 21.579ms
08-06 17:25:02.689 28083 28096 I art     : Starting a blocking GC Explicit
08-06 17:25:02.711 28083 28096 I art     : Explicit concurrent mark sweep GC freed 6(192B) AllocSpace objects, 0(0B) LOS objects, 40% free, 22MB/38MB, paused 302us total 21.415ms
08-06 17:25:02.721 28083 28096 I art     : Starting a blocking GC Explicit
08-06 17:25:02.738 28755 28755 D AndroidRuntime: >>>>>> START com.android.internal.os.RuntimeInit uid 2000 <<<<<<
08-06 17:25:02.742 28083 28096 I art     : Explicit concurrent mark sweep GC freed 7(224B) AllocSpace objects, 0(0B) LOS objects, 40% free, 22MB/38MB, paused 303us total 21.035ms
08-06 17:25:02.744 28755 28755 D AndroidRuntime: CheckJNI is OFF
08-06 17:25:02.752 28083 28096 I art     : Starting a blocking GC Explicit
08-06 17:25:02.760   518   646 I ThermalEngine: ACTION: GPU - Setting GPU[0] to 390000000
08-06 17:25:02.796 28083 28096 I art     : Explicit concurrent mark sweep GC freed 9(288B) AllocSpace objects, 0(0B) LOS objects, 40% free, 22MB/38MB, paused 573us total 43.353ms
08-06 17:25:02.818 28755 28755 D ICU     : No timezone override file found: /data/misc/zoneinfo/current/icu/icu_tzdata.dat
08-06 17:25:02.855 25638 25638 I ServiceManager: Waiting for service AtCmdFwd...
08-06 17:25:02.861 28755 28755 I Radio-JNI: register_android_hardware_Radio DONE
08-06 17:25:02.894 28755 28755 D AndroidRuntime: Calling main entry com.android.commands.input.Input
08-06 17:25:02.896 28755 28755 I Input   : injectMotionEvent: MotionEvent { action=ACTION_DOWN, actionButton=0, id[0]=0, x[0]=567.0, y[0]=714.0, toolType[0]=TOOL_TYPE_UNKNOWN, buttonState=0, metaState=0, flags=0x0, edgeFlags=0x0, pointerCount=1, historySize=0, eventTime=897919309, downTime=897919309, deviceId=0, source=0x1002 }
08-06 17:25:02.902 28755 28755 I Input   : injectMotionEvent: MotionEvent { action=ACTION_UP, actionButton=0, id[0]=0, x[0]=567.0, y[0]=714.0, toolType[0]=TOOL_TYPE_UNKNOWN, buttonState=0, metaState=0, flags=0x0, edgeFlags=0x0, pointerCount=1, historySize=0, eventTime=897919309, downTime=897919309, deviceId=0, source=0x1002 }
08-06 17:25:02.904 28755 28755 D AndroidRuntime: Shutting down VM
08-06 17:25:02.921   512  2967 D audio_hw_primary: out_set_parameters: enter: usecase(1: low-latency-playback) kvpairs: routing=2
08-06 17:25:02.935   512  2967 D audio_hw_primary: select_devices: out_snd_device(2: speaker) in_snd_device(0: none)
08-06 17:25:02.935   512  2967 D msm8974_platform: platform_send_audio_calibration: sending audio calibration for snd_device(2) acdb_id(15)
08-06 17:25:02.936   512  2967 I soundtrigger: audio_extn_sound_trigger_update_device_status: device 0x2 of type 0 for Event 1
08-06 17:25:02.947   512  2967 D audio_hw_primary: enable_snd_device: snd_device(2: speaker)
08-06 17:25:02.950   512  2967 D audio_hw_primary: enable_audio_route: apply and update mixer path: low-latency-playback speaker
08-06 17:25:02.956 28083 28602 D AntennapodHttpClient: Creating new instance of HTTP client
08-06 17:25:02.964 13866 13866 I GoogleInputMethodServic: GoogleInputMethodService.onFinishInput():3138 
08-06 17:25:02.965 13866 13866 I GoogleInputMethodServic: GoogleInputMethodService.onStartInput():1808 
08-06 17:25:03.113 28083 28096 I art     : Starting a blocking GC Explicit
08-06 17:25:03.148 28083 28096 I art     : Explicit concurrent mark sweep GC freed 5079(321KB) AllocSpace objects, 1(20KB) LOS objects, 40% free, 23MB/39MB, paused 737us total 34.329ms
08-06 17:25:03.162 28083 28096 I art     : Starting a blocking GC Explicit
08-06 17:25:03.193 28083 28096 I art     : Explicit concurrent mark sweep GC freed 4918(284KB) AllocSpace objects, 3(340KB) LOS objects, 40% free, 23MB/39MB, paused 657us total 30.632ms
08-06 17:25:03.210 28083 28096 I art     : Starting a blocking GC Explicit
08-06 17:25:03.239 28083 28096 I art     : Explicit concurrent mark sweep GC freed 4368(262KB) AllocSpace objects, 1(80KB) LOS objects, 40% free, 23MB/39MB, paused 710us total 28.214ms
08-06 17:25:03.252 28083 28096 I art     : Starting a blocking GC Explicit
08-06 17:25:03.281 28083 28096 I art     : Explicit concurrent mark sweep GC freed 28(1088B) AllocSpace objects, 0(0B) LOS objects, 40% free, 23MB/39MB, paused 633us total 27.621ms
08-06 17:25:03.295 28083 28096 I art     : Starting a blocking GC Explicit
08-06 17:25:03.325 28083 28096 I art     : Explicit concurrent mark sweep GC freed 16(608B) AllocSpace objects, 0(0B) LOS objects, 40% free, 23MB/39MB, paused 670us total 29.363ms
08-06 17:25:03.360 28083 28602 I NAPPA_EXPERIMENTATION: MetricNetworkRequestExecutionTime: REQUEST_DURATION_SYSTEM='375',REQUEST_DURATION_OKHTTP='151',REQUEST_SYNCHRONOUS='TRUE',RESPONSE_CODE='400',RESPONSE_METHOD='GET',RESPONSE_LENGTH_OKHTTP='0',RESPONSE_LENGTH_HEADER='0',REQUEST_PROTOCOL='h2',REQUEST_URL='https://itunes.apple.com/en/rss/toppodcasts/limit=25/explicit=true/json',
08-06 17:25:03.489   512  2967 D audio_hw_primary: disable_audio_route: reset and update mixer path: low-latency-playback speaker
08-06 17:25:03.490   512  2967 D audio_hw_primary: disable_snd_device: snd_device(2: speaker)
08-06 17:25:03.501 28083 28602 I NAPPA_EXPERIMENTATION: MetricNetworkRequestExecutionTime: REQUEST_DURATION_SYSTEM='139',REQUEST_DURATION_OKHTTP='135',REQUEST_SYNCHRONOUS='TRUE',RESPONSE_CODE='200',RESPONSE_METHOD='GET',RESPONSE_LENGTH_OKHTTP='-1',RESPONSE_LENGTH_HEADER='10075',REQUEST_PROTOCOL='h2',REQUEST_URL='https://itunes.apple.com/us/rss/toppodcasts/limit=25/explicit=true/json',
08-06 17:25:03.503   512  2967 I soundtrigger: audio_extn_sound_trigger_update_device_status: device 0x2 of type 0 for Event 0
08-06 17:25:03.584 28083 28083 D AntennapodHttpClient: Creating new instance of HTTP client
08-06 17:25:03.602 28083 28804 D ApOkHttpUrlLoader: buildLoadData() called with: model = [https://is4-ssl.mzstatic.com/image/thumb/Podcasts114/v4/3f/16/74/3f167426-bf50-ce3a-d709-e4301620fc5b/mza_5832671293059882550.jpeg/170x170bb.png], width = [224], height = [224]
08-06 17:25:03.608 28083 28805 D DBReader: getImageAuthentication() called with: imageUrl = [https://is4-ssl.mzstatic.com/image/thumb/Podcasts114/v4/3f/16/74/3f167426-bf50-ce3a-d709-e4301620fc5b/mza_5832671293059882550.jpeg/170x170bb.png]
08-06 17:25:03.610 28083 28805 D ApOkHttpUrlLoader: no credentials for 'https://is4-ssl.mzstatic.com/image/thumb/Podcasts114/v4/3f/16/74/3f167426-bf50-ce3a-d709-e4301620fc5b/mza_5832671293059882550.jpeg/170x170bb.png'
08-06 17:25:03.611 28083 28806 D ApOkHttpUrlLoader: buildLoadData() called with: model = [https://is4-ssl.mzstatic.com/image/thumb/Podcasts113/v4/e5/8a/10/e58a108f-f5d0-f622-c94a-13f66edd570c/mza_3025981348644196724.jpg/170x170bb.png], width = [224], height = [224]
08-06 17:25:03.615 28083 28807 D DBReader: getImageAuthentication() called with: imageUrl = [https://is4-ssl.mzstatic.com/image/thumb/Podcasts113/v4/e5/8a/10/e58a108f-f5d0-f622-c94a-13f66edd570c/mza_3025981348644196724.jpg/170x170bb.png]
08-06 17:25:03.617 28083 28807 D ApOkHttpUrlLoader: no credentials for 'https://is4-ssl.mzstatic.com/image/thumb/Podcasts113/v4/e5/8a/10/e58a108f-f5d0-f622-c94a-13f66edd570c/mza_3025981348644196724.jpg/170x170bb.png'
08-06 17:25:03.619 28083 28808 D ApOkHttpUrlLoader: buildLoadData() called with: model = [https://is2-ssl.mzstatic.com/image/thumb/Podcasts113/v4/a9/39/cc/a939ccc5-6d60-0c11-0a4c-16d71cdef89b/mza_8787577209688278658.jpg/170x170bb.png], width = [224], height = [224]
08-06 17:25:03.622 28083 28809 D DBReader: getImageAuthentication() called with: imageUrl = [https://is2-ssl.mzstatic.com/image/thumb/Podcasts113/v4/a9/39/cc/a939ccc5-6d60-0c11-0a4c-16d71cdef89b/mza_8787577209688278658.jpg/170x170bb.png]
08-06 17:25:03.624 28083 28809 D ApOkHttpUrlLoader: no credentials for 'https://is2-ssl.mzstatic.com/image/thumb/Podcasts113/v4/a9/39/cc/a939ccc5-6d60-0c11-0a4c-16d71cdef89b/mza_8787577209688278658.jpg/170x170bb.png'
08-06 17:25:03.625 28083 28810 D ApOkHttpUrlLoader: buildLoadData() called with: model = [https://is5-ssl.mzstatic.com/image/thumb/Podcasts114/v4/93/cf/99/93cf9960-fff3-205e-6655-72c03ddeccb2/mza_10545582232493904175.jpeg/170x170bb.png], width = [224], height = [224]
08-06 17:25:03.628 28083 28811 D DBReader: getImageAuthentication() called with: imageUrl = [https://is5-ssl.mzstatic.com/image/thumb/Podcasts114/v4/93/cf/99/93cf9960-fff3-205e-6655-72c03ddeccb2/mza_10545582232493904175.jpeg/170x170bb.png]
08-06 17:25:03.628 28083 28095 I art     : Starting a blocking GC Explicit
08-06 17:25:03.634 28083 28804 D ApOkHttpUrlLoader: buildLoadData() called with: model = [https://is4-ssl.mzstatic.com/image/thumb/Podcasts124/v4/49/a4/91/49a491b7-3daf-c5dc-d7c6-6c4f1486955c/mza_5930014091766152297.png/170x170bb.png], width = [224], height = [224]
08-06 17:25:03.638 28083 28812 D DBReader: getImageAuthentication() called with: imageUrl = [https://is4-ssl.mzstatic.com/image/thumb/Podcasts124/v4/49/a4/91/49a491b7-3daf-c5dc-d7c6-6c4f1486955c/mza_5930014091766152297.png/170x170bb.png]
08-06 17:25:03.639 28083 28811 D ApOkHttpUrlLoader: no credentials for 'https://is5-ssl.mzstatic.com/image/thumb/Podcasts114/v4/93/cf/99/93cf9960-fff3-205e-6655-72c03ddeccb2/mza_10545582232493904175.jpeg/170x170bb.png'
08-06 17:25:03.641 28083 28812 D ApOkHttpUrlLoader: no credentials for 'https://is4-ssl.mzstatic.com/image/thumb/Podcasts124/v4/49/a4/91/49a491b7-3daf-c5dc-d7c6-6c4f1486955c/mza_5930014091766152297.png/170x170bb.png'
08-06 17:25:03.651 28083 28806 D ApOkHttpUrlLoader: buildLoadData() called with: model = [https://is5-ssl.mzstatic.com/image/thumb/Podcasts113/v4/fd/54/6e/fd546ea0-7ab2-e3f0-6049-884d82917af9/mza_4855349695799758348.jpeg/170x170bb.png], width = [224], height = [224]
08-06 17:25:03.653 28083 28813 D DBReader: getImageAuthentication() called with: imageUrl = [https://is5-ssl.mzstatic.com/image/thumb/Podcasts113/v4/fd/54/6e/fd546ea0-7ab2-e3f0-6049-884d82917af9/mza_4855349695799758348.jpeg/170x170bb.png]
08-06 17:25:03.656 28083 28813 D ApOkHttpUrlLoader: no credentials for 'https://is5-ssl.mzstatic.com/image/thumb/Podcasts113/v4/fd/54/6e/fd546ea0-7ab2-e3f0-6049-884d82917af9/mza_4855349695799758348.jpeg/170x170bb.png'
08-06 17:25:03.664 28083 28808 D ApOkHttpUrlLoader: buildLoadData() called with: model = [https://is2-ssl.mzstatic.com/image/thumb/Podcasts114/v4/b3/4c/cf/b34ccfc2-cea4-1ca1-0fad-7793af301cc5/mza_2466085192629456364.jpg/170x170bb.png], width = [224], height = [224]
08-06 17:25:03.669 28083 28814 D DBReader: getImageAuthentication() called with: imageUrl = [https://is2-ssl.mzstatic.com/image/thumb/Podcasts114/v4/b3/4c/cf/b34ccfc2-cea4-1ca1-0fad-7793af301cc5/mza_2466085192629456364.jpg/170x170bb.png]
08-06 17:25:03.671 28083 28814 D ApOkHttpUrlLoader: no credentials for 'https://is2-ssl.mzstatic.com/image/thumb/Podcasts114/v4/b3/4c/cf/b34ccfc2-cea4-1ca1-0fad-7793af301cc5/mza_2466085192629456364.jpg/170x170bb.png'
08-06 17:25:03.677 28083 28095 I art     : Explicit concurrent mark sweep GC freed 14303(901KB) AllocSpace objects, 5(372KB) LOS objects, 39% free, 24MB/40MB, paused 1.730ms total 48.514ms
08-06 17:25:03.691 28083 28095 I art     : Starting a blocking GC Explicit
08-06 17:25:03.727 28083 28095 I art     : Explicit concurrent mark sweep GC freed 577(27KB) AllocSpace objects, 0(0B) LOS objects, 39% free, 24MB/40MB, paused 3.388ms total 35.393ms
08-06 17:25:03.741 28083 28095 I art     : Starting a blocking GC Explicit
08-06 17:25:03.782 28083 28095 I art     : Explicit concurrent mark sweep GC freed 12543(650KB) AllocSpace objects, 3(200KB) LOS objects, 39% free, 24MB/40MB, paused 2.243ms total 40.778ms
08-06 17:25:03.802 28083 28095 I art     : Starting a blocking GC Explicit
08-06 17:25:03.848 28083 28095 I art     : Explicit concurrent mark sweep GC freed 16687(809KB) AllocSpace objects, 0(0B) LOS objects, 39% free, 24MB/40MB, paused 1.393ms total 45.578ms
08-06 17:25:03.856 25638 25638 I ServiceManager: Waiting for service AtCmdFwd...
08-06 17:25:03.864 28083 28095 I art     : Starting a blocking GC Explicit
08-06 17:25:03.901 28083 28095 I art     : Explicit concurrent mark sweep GC freed 565(119KB) AllocSpace objects, 0(0B) LOS objects, 39% free, 24MB/40MB, paused 1.661ms total 36.300ms
08-06 17:25:04.050 28083 28809 D MYTAG   : interceptor 2a
08-06 17:25:04.051 28083 28809 I NAPPA_EXPERIMENTATION: MetricNetworkRequestExecutionTime: REQUEST_DURATION_SYSTEM='426',REQUEST_DURATION_OKHTTP='243',REQUEST_SYNCHRONOUS='TRUE',RESPONSE_CODE='200',RESPONSE_METHOD='GET',RESPONSE_LENGTH_OKHTTP='48239',RESPONSE_LENGTH_HEADER='48239',REQUEST_PROTOCOL='h2',REQUEST_URL='https://is2-ssl.mzstatic.com/image/thumb/Podcasts113/v4/a9/39/cc/a939ccc5-6d60-0c11-0a4c-16d71cdef89b/mza_8787577209688278658.jpg/170x170bb.png',
08-06 17:25:04.062 28083 28807 D MYTAG   : interceptor 2a
08-06 17:25:04.063 28083 28807 I NAPPA_EXPERIMENTATION: MetricNetworkRequestExecutionTime: REQUEST_DURATION_SYSTEM='445',REQUEST_DURATION_OKHTTP='257',REQUEST_SYNCHRONOUS='TRUE',RESPONSE_CODE='200',RESPONSE_METHOD='GET',RESPONSE_LENGTH_OKHTTP='45995',RESPONSE_LENGTH_HEADER='45995',REQUEST_PROTOCOL='h2',REQUEST_URL='https://is4-ssl.mzstatic.com/image/thumb/Podcasts113/v4/e5/8a/10/e58a108f-f5d0-f622-c94a-13f66edd570c/mza_3025981348644196724.jpg/170x170bb.png',
08-06 17:25:04.073 28083 28811 D MYTAG   : interceptor 2a
08-06 17:25:04.073 28083 28811 I NAPPA_EXPERIMENTATION: MetricNetworkRequestExecutionTime: REQUEST_DURATION_SYSTEM='434',REQUEST_DURATION_OKHTTP='243',REQUEST_SYNCHRONOUS='TRUE',RESPONSE_CODE='200',RESPONSE_METHOD='GET',RESPONSE_LENGTH_OKHTTP='22351',RESPONSE_LENGTH_HEADER='22351',REQUEST_PROTOCOL='h2',REQUEST_URL='https://is5-ssl.mzstatic.com/image/thumb/Podcasts114/v4/93/cf/99/93cf9960-fff3-205e-6655-72c03ddeccb2/mza_10545582232493904175.jpeg/170x170bb.png',
08-06 17:25:04.085 28083 28812 D MYTAG   : interceptor 2a
08-06 17:25:04.085 28083 28812 I NAPPA_EXPERIMENTATION: MetricNetworkRequestExecutionTime: REQUEST_DURATION_SYSTEM='444',REQUEST_DURATION_OKHTTP='275',REQUEST_SYNCHRONOUS='TRUE',RESPONSE_CODE='200',RESPONSE_METHOD='GET',RESPONSE_LENGTH_OKHTTP='12000',RESPONSE_LENGTH_HEADER='12000',REQUEST_PROTOCOL='h2',REQUEST_URL='https://is4-ssl.mzstatic.com/image/thumb/Podcasts124/v4/49/a4/91/49a491b7-3daf-c5dc-d7c6-6c4f1486955c/mza_5930014091766152297.png/170x170bb.png',
08-06 17:25:04.087 28083 28814 D MYTAG   : interceptor 2a
08-06 17:25:04.088 28083 28814 I NAPPA_EXPERIMENTATION: MetricNetworkRequestExecutionTime: REQUEST_DURATION_SYSTEM='416',REQUEST_DURATION_OKHTTP='254',REQUEST_SYNCHRONOUS='TRUE',RESPONSE_CODE='200',RESPONSE_METHOD='GET',RESPONSE_LENGTH_OKHTTP='42299',RESPONSE_LENGTH_HEADER='42299',REQUEST_PROTOCOL='h2',REQUEST_URL='https://is2-ssl.mzstatic.com/image/thumb/Podcasts114/v4/b3/4c/cf/b34ccfc2-cea4-1ca1-0fad-7793af301cc5/mza_2466085192629456364.jpg/170x170bb.png',
08-06 17:25:04.095 28083 28805 D MYTAG   : interceptor 2a
08-06 17:25:04.095 28083 28805 I NAPPA_EXPERIMENTATION: MetricNetworkRequestExecutionTime: REQUEST_DURATION_SYSTEM='485',REQUEST_DURATION_OKHTTP='284',REQUEST_SYNCHRONOUS='TRUE',RESPONSE_CODE='200',RESPONSE_METHOD='GET',RESPONSE_LENGTH_OKHTTP='26177',RESPONSE_LENGTH_HEADER='26177',REQUEST_PROTOCOL='h2',REQUEST_URL='https://is4-ssl.mzstatic.com/image/thumb/Podcasts114/v4/3f/16/74/3f167426-bf50-ce3a-d709-e4301620fc5b/mza_5832671293059882550.jpeg/170x170bb.png',
08-06 17:25:04.101 28083 28813 D MYTAG   : interceptor 2a
08-06 17:25:04.102 28083 28813 I NAPPA_EXPERIMENTATION: MetricNetworkRequestExecutionTime: REQUEST_DURATION_SYSTEM='445',REQUEST_DURATION_OKHTTP='272',REQUEST_SYNCHRONOUS='TRUE',RESPONSE_CODE='200',RESPONSE_METHOD='GET',RESPONSE_LENGTH_OKHTTP='54835',RESPONSE_LENGTH_HEADER='54835',REQUEST_PROTOCOL='h2',REQUEST_URL='https://is5-ssl.mzstatic.com/image/thumb/Podcasts113/v4/fd/54/6e/fd546ea0-7ab2-e3f0-6049-884d82917af9/mza_4855349695799758348.jpeg/170x170bb.png',
08-06 17:25:04.224 28083 28095 I art     : Starting a blocking GC Explicit
08-06 17:25:04.261 28083 28095 I art     : Explicit concurrent mark sweep GC freed 5012(317KB) AllocSpace objects, 1(20KB) LOS objects, 37% free, 26MB/42MB, paused 1.257ms total 36.793ms
08-06 17:25:04.278 28083 28095 I art     : Starting a blocking GC Explicit
08-06 17:25:04.314 28083 28095 I art     : Explicit concurrent mark sweep GC freed 43(2096B) AllocSpace objects, 0(0B) LOS objects, 37% free, 26MB/42MB, paused 930us total 36.251ms
08-06 17:25:04.331 28083 28095 I art     : Starting a blocking GC Explicit
08-06 17:25:04.367 28083 28095 I art     : Explicit concurrent mark sweep GC freed 3(96B) AllocSpace objects, 0(0B) LOS objects, 37% free, 26MB/42MB, paused 1.189ms total 35.794ms
08-06 17:25:04.383 28083 28095 I art     : Starting a blocking GC Explicit
08-06 17:25:04.419 28083 28095 I art     : Explicit concurrent mark sweep GC freed 3(96B) AllocSpace objects, 0(0B) LOS objects, 37% free, 26MB/42MB, paused 1.099ms total 35.913ms
08-06 17:25:04.435 28083 28095 I art     : Starting a blocking GC Explicit
08-06 17:25:04.472 28083 28095 I art     : Explicit concurrent mark sweep GC freed 3(96B) AllocSpace objects, 0(0B) LOS objects, 37% free, 26MB/42MB, paused 947us total 35.791ms
08-06 17:25:04.812 28083 28159 I art     : Starting a blocking GC Explicit
08-06 17:25:04.857 25638 25638 I ServiceManager: Waiting for service AtCmdFwd...
08-06 17:25:04.862 28083 28159 I art     : Explicit concurrent mark sweep GC freed 1392(80KB) AllocSpace objects, 1(20KB) LOS objects, 37% free, 26MB/42MB, paused 1.309ms total 49.735ms
08-06 17:25:04.882 28083 28159 I art     : Starting a blocking GC Explicit
08-06 17:25:04.924 28083 28159 I art     : Explicit concurrent mark sweep GC freed 23(752B) AllocSpace objects, 0(0B) LOS objects, 37% free, 26MB/42MB, paused 1.011ms total 41.862ms
08-06 17:25:04.944 28083 28159 I art     : Starting a blocking GC Explicit
08-06 17:25:04.980 28083 28159 I art     : Explicit concurrent mark sweep GC freed 3(96B) AllocSpace objects, 0(0B) LOS objects, 37% free, 26MB/42MB, paused 951us total 35.967ms
08-06 17:25:04.997 28083 28159 I art     : Starting a blocking GC Explicit
08-06 17:25:05.033 28083 28159 I art     : Explicit concurrent mark sweep GC freed 3(96B) AllocSpace objects, 0(0B) LOS objects, 37% free, 26MB/42MB, paused 934us total 35.676ms
08-06 17:25:05.049 28083 28159 I art     : Starting a blocking GC Explicit
08-06 17:25:05.084 28083 28159 I art     : Explicit concurrent mark sweep GC freed 3(96B) AllocSpace objects, 0(0B) LOS objects, 37% free, 26MB/42MB, paused 918us total 35.203ms
08-06 17:25:05.421 28083 28159 I art     : Starting a blocking GC Explicit
08-06 17:25:05.457 28083 28159 I art     : Explicit concurrent mark sweep GC freed 1393(80KB) AllocSpace objects, 1(20KB) LOS objects, 37% free, 26MB/42MB, paused 881us total 36.206ms
08-06 17:25:05.473 28083 28159 I art     : Starting a blocking GC Explicit
08-06 17:25:05.509 28083 28159 I art     : Explicit concurrent mark sweep GC freed 23(752B) AllocSpace objects, 0(0B) LOS objects, 37% free, 26MB/42MB, paused 1.236ms total 35.235ms
08-06 17:25:05.525 28083 28159 I art     : Starting a blocking GC Explicit
08-06 17:25:05.561 28083 28159 I art     : Explicit concurrent mark sweep GC freed 3(96B) AllocSpace objects, 0(0B) LOS objects, 37% free, 26MB/42MB, paused 990us total 35.519ms
08-06 17:25:05.577 28083 28159 I art     : Starting a blocking GC Explicit
08-06 17:25:05.613 28083 28159 I art     : Explicit concurrent mark sweep GC freed 32(880B) AllocSpace objects, 0(0B) LOS objects, 37% free, 26MB/42MB, paused 943us total 35.517ms
08-06 17:25:05.629 28083 28159 I art     : Starting a blocking GC Explicit
08-06 17:25:05.665 28083 28159 I art     : Explicit concurrent mark sweep GC freed 3(96B) AllocSpace objects, 0(0B) LOS objects, 37% free, 26MB/42MB, paused 929us total 35.320ms
08-06 17:25:05.765   518   646 I ThermalEngine: ACTION: GPU - Setting GPU[0] to 450000000
08-06 17:25:05.857 25638 25638 W Atfwd_Sendcmd: AtCmdFwd service not published, waiting... retryCnt : 2
08-06 17:25:05.974 28083 28096 I art     : Starting a blocking GC Explicit
08-06 17:25:06.012 28083 28096 I art     : Explicit concurrent mark sweep GC freed 1363(80KB) AllocSpace objects, 1(20KB) LOS objects, 37% free, 26MB/42MB, paused 760us total 37.118ms
08-06 17:25:06.026 28083 28096 I art     : Starting a blocking GC Explicit
08-06 17:25:06.058 28083 28096 I art     : Explicit concurrent mark sweep GC freed 23(752B) AllocSpace objects, 0(0B) LOS objects, 37% free, 26MB/42MB, paused 751us total 31.712ms
08-06 17:25:06.070 28083 28096 I art     : Starting a blocking GC Explicit
08-06 17:25:06.101 28083 28096 I art     : Explicit concurrent mark sweep GC freed 3(96B) AllocSpace objects, 0(0B) LOS objects, 37% free, 26MB/42MB, paused 730us total 30.504ms
08-06 17:25:06.112 28083 28096 I art     : Starting a blocking GC Explicit
08-06 17:25:06.142 28083 28096 I art     : Explicit concurrent mark sweep GC freed 3(96B) AllocSpace objects, 0(0B) LOS objects, 37% free, 26MB/42MB, paused 708us total 29.914ms
08-06 17:25:06.153 28083 28096 I art     : Starting a blocking GC Explicit
08-06 17:25:06.184 28083 28096 I art     : Explicit concurrent mark sweep GC freed 3(96B) AllocSpace objects, 0(0B) LOS objects, 37% free, 26MB/42MB, paused 716us total 30.413ms
08-06 17:25:06.507 28083 28614 I art     : Starting a blocking GC Explicit
08-06 17:25:06.548 28083 28614 I art     : Explicit concurrent mark sweep GC freed 1363(80KB) AllocSpace objects, 1(20KB) LOS objects, 37% free, 26MB/42MB, paused 1.030ms total 41.094ms
08-06 17:25:06.566 28083 28614 I art     : Starting a blocking GC Explicit
08-06 17:25:06.596 28083 28614 I art     : Explicit concurrent mark sweep GC freed 23(752B) AllocSpace objects, 0(0B) LOS objects, 37% free, 26MB/42MB, paused 679us total 29.879ms
08-06 17:25:06.607 28083 28614 I art     : Starting a blocking GC Explicit
08-06 17:25:06.636 28083 28614 I art     : Explicit concurrent mark sweep GC freed 32(880B) AllocSpace objects, 0(0B) LOS objects, 37% free, 26MB/42MB, paused 668us total 28.417ms
08-06 17:25:06.648 28083 28614 I art     : Starting a blocking GC Explicit
08-06 17:25:06.679 28083 28614 I art     : Explicit concurrent mark sweep GC freed 3(96B) AllocSpace objects, 0(0B) LOS objects, 37% free, 26MB/42MB, paused 716us total 30.925ms
08-06 17:25:06.690 28083 28614 I art     : Starting a blocking GC Explicit
08-06 17:25:06.720 28083 28614 I art     : Explicit concurrent mark sweep GC freed 3(96B) AllocSpace objects, 0(0B) LOS objects, 37% free, 26MB/42MB, paused 724us total 29.712ms
08-06 17:25:07.055 28083 28095 I art     : Starting a blocking GC Explicit
08-06 17:25:07.092 28083 28095 I art     : Explicit concurrent mark sweep GC freed 1363(80KB) AllocSpace objects, 1(20KB) LOS objects, 37% free, 26MB/42MB, paused 718us total 37.311ms
08-06 17:25:07.107 28083 28095 I art     : Starting a blocking GC Explicit
08-06 17:25:07.135 28083 28095 I art     : Explicit concurrent mark sweep GC freed 23(752B) AllocSpace objects, 0(0B) LOS objects, 37% free, 26MB/42MB, paused 692us total 28.372ms
08-06 17:25:07.147 28083 28095 I art     : Starting a blocking GC Explicit
08-06 17:25:07.178 28083 28095 I art     : Explicit concurrent mark sweep GC freed 3(96B) AllocSpace objects, 0(0B) LOS objects, 37% free, 26MB/42MB, paused 821us total 30.653ms
08-06 17:25:07.189 28083 28095 I art     : Starting a blocking GC Explicit
08-06 17:25:07.219 28083 28095 I art     : Explicit concurrent mark sweep GC freed 3(96B) AllocSpace objects, 0(0B) LOS objects, 37% free, 26MB/42MB, paused 739us total 29.859ms
08-06 17:25:07.231 28083 28095 I art     : Starting a blocking GC Explicit
08-06 17:25:07.260 28083 28095 I art     : Explicit concurrent mark sweep GC freed 3(96B) AllocSpace objects, 0(0B) LOS objects, 37% free, 26MB/42MB, paused 688us total 28.725ms
08-06 17:25:07.586 28083 28159 I art     : Starting a blocking GC Explicit
08-06 17:25:07.622 28083 28159 I art     : Explicit concurrent mark sweep GC freed 1392(80KB) AllocSpace objects, 1(20KB) LOS objects, 37% free, 26MB/42MB, paused 685us total 36.298ms
08-06 17:25:07.634 28083 28159 I art     : Starting a blocking GC Explicit
08-06 17:25:07.664 28083 28159 I art     : Explicit concurrent mark sweep GC freed 23(752B) AllocSpace objects, 0(0B) LOS objects, 37% free, 26MB/42MB, paused 724us total 30.154ms
08-06 17:25:07.676 28083 28159 I art     : Starting a blocking GC Explicit
08-06 17:25:07.706 28083 28159 I art     : Explicit concurrent mark sweep GC freed 3(96B) AllocSpace objects, 0(0B) LOS objects, 37% free, 26MB/42MB, paused 681us total 30.467ms
08-06 17:25:07.718 28083 28159 I art     : Starting a blocking GC Explicit
08-06 17:25:07.748 28083 28159 I art     : Explicit concurrent mark sweep GC freed 3(96B) AllocSpace objects, 0(0B) LOS objects, 37% free, 26MB/42MB, paused 724us total 30.125ms
08-06 17:25:07.759 28083 28159 I art     : Starting a blocking GC Explicit
08-06 17:25:07.790 28083 28159 I art     : Explicit concurrent mark sweep GC freed 3(96B) AllocSpace objects, 0(0B) LOS objects, 37% free, 26MB/42MB, paused 731us total 30.470ms
08-06 17:25:08.131 28083 28096 I art     : Starting a blocking GC Explicit
08-06 17:25:08.165 28083 28096 I art     : Explicit concurrent mark sweep GC freed 1363(80KB) AllocSpace objects, 1(20KB) LOS objects, 37% free, 26MB/42MB, paused 736us total 32.993ms
08-06 17:25:08.177   918  1210 D NetlinkSocketObserver: NeighborEvent{elapsedMs=1881312051, 192.168.2.254, [7C3953A63323], RTM_NEWNEIGH, NUD_PROBE}
08-06 17:25:08.177 28083 28096 I art     : Starting a blocking GC Explicit
08-06 17:25:08.206 28083 28096 I art     : Explicit concurrent mark sweep GC freed 23(752B) AllocSpace objects, 0(0B) LOS objects, 37% free, 26MB/42MB, paused 708us total 28.091ms
08-06 17:25:08.217 28083 28096 I art     : Starting a blocking GC Explicit
08-06 17:25:08.247 28083 28096 I art     : Explicit concurrent mark sweep GC freed 3(96B) AllocSpace objects, 0(0B) LOS objects, 37% free, 26MB/42MB, paused 788us total 29.905ms
08-06 17:25:08.259 28083 28096 I art     : Starting a blocking GC Explicit
08-06 17:25:08.289 28083 28096 I art     : Explicit concurrent mark sweep GC freed 3(96B) AllocSpace objects, 0(0B) LOS objects, 37% free, 26MB/42MB, paused 725us total 30.504ms
08-06 17:25:08.301 28083 28096 I art     : Starting a blocking GC Explicit
08-06 17:25:08.331 28083 28096 I art     : Explicit concurrent mark sweep GC freed 3(96B) AllocSpace objects, 0(0B) LOS objects, 37% free, 26MB/42MB, paused 716us total 29.522ms
08-06 17:25:08.677 28083 28614 I art     : Starting a blocking GC Explicit
08-06 17:25:08.715 28083 28614 I art     : Explicit concurrent mark sweep GC freed 1392(80KB) AllocSpace objects, 1(20KB) LOS objects, 37% free, 26MB/42MB, paused 747us total 37.703ms
08-06 17:25:08.732 28083 28614 I art     : Starting a blocking GC Explicit
08-06 17:25:08.762 28083 28614 I art     : Explicit concurrent mark sweep GC freed 23(752B) AllocSpace objects, 0(0B) LOS objects, 37% free, 26MB/42MB, paused 721us total 30.103ms
08-06 17:25:08.773 28083 28614 I art     : Starting a blocking GC Explicit
08-06 17:25:08.803 28083 28614 I art     : Explicit concurrent mark sweep GC freed 3(96B) AllocSpace objects, 0(0B) LOS objects, 37% free, 26MB/42MB, paused 715us total 29.966ms
08-06 17:25:08.815 28083 28614 I art     : Starting a blocking GC Explicit
08-06 17:25:08.846 28083 28614 I art     : Explicit concurrent mark sweep GC freed 3(96B) AllocSpace objects, 0(0B) LOS objects, 37% free, 26MB/42MB, paused 676us total 30.824ms
08-06 17:25:08.857 28083 28614 I art     : Starting a blocking GC Explicit
08-06 17:25:08.888 28083 28614 I art     : Explicit concurrent mark sweep GC freed 3(96B) AllocSpace objects, 0(0B) LOS objects, 37% free, 26MB/42MB, paused 796us total 30.565ms
08-06 17:25:09.219 28083 28095 I art     : Starting a blocking GC Explicit
08-06 17:25:09.252 28083 28095 I art     : Explicit concurrent mark sweep GC freed 1363(80KB) AllocSpace objects, 1(20KB) LOS objects, 37% free, 26MB/42MB, paused 749us total 32.230ms
08-06 17:25:09.265 28083 28095 I art     : Starting a blocking GC Explicit
08-06 17:25:09.294 28083 28095 I art     : Explicit concurrent mark sweep GC freed 23(752B) AllocSpace objects, 0(0B) LOS objects, 37% free, 26MB/42MB, paused 716us total 28.703ms
08-06 17:25:09.306 28083 28095 I art     : Starting a blocking GC Explicit
08-06 17:25:09.333 28083 28095 I art     : Explicit concurrent mark sweep GC freed 3(96B) AllocSpace objects, 0(0B) LOS objects, 37% free, 26MB/42MB, paused 727us total 27.316ms
08-06 17:25:09.344 28083 28095 I art     : Starting a blocking GC Explicit
08-06 17:25:09.373 28083 28095 I art     : Explicit concurrent mark sweep GC freed 3(96B) AllocSpace objects, 0(0B) LOS objects, 37% free, 26MB/42MB, paused 679us total 28.982ms
08-06 17:25:09.385 28083 28095 I art     : Starting a blocking GC Explicit
08-06 17:25:09.413 28083 28095 I art     : Explicit concurrent mark sweep GC freed 3(96B) AllocSpace objects, 0(0B) LOS objects, 37% free, 26MB/42MB, paused 696us total 28.716ms
08-06 17:25:09.716 28925 28925 D AndroidRuntime: >>>>>> START com.android.internal.os.RuntimeInit uid 2000 <<<<<<
08-06 17:25:09.722 28925 28925 D AndroidRuntime: CheckJNI is OFF
08-06 17:25:09.736 28083 28159 I art     : Starting a blocking GC Explicit
08-06 17:25:09.763 28083 28159 I art     : Explicit concurrent mark sweep GC freed 1392(80KB) AllocSpace objects, 1(20KB) LOS objects, 37% free, 26MB/42MB, paused 743us total 27.367ms
08-06 17:25:09.768 28925 28925 D ICU     : No timezone override file found: /data/misc/zoneinfo/current/icu/icu_tzdata.dat
08-06 17:25:09.774 28083 28159 I art     : Starting a blocking GC Explicit
08-06 17:25:09.804 28083 28159 I art     : Explicit concurrent mark sweep GC freed 23(752B) AllocSpace objects, 0(0B) LOS objects, 37% free, 26MB/42MB, paused 713us total 28.921ms
08-06 17:25:09.815 28083 28159 I art     : Starting a blocking GC Explicit
08-06 17:25:09.817 28925 28925 I Radio-JNI: register_android_hardware_Radio DONE
08-06 17:25:09.843 28083 28159 I art     : Explicit concurrent mark sweep GC freed 3(96B) AllocSpace objects, 0(0B) LOS objects, 37% free, 26MB/42MB, paused 720us total 27.388ms
08-06 17:25:09.847 28925 28925 D AndroidRuntime: Calling main entry com.android.commands.input.Input
08-06 17:25:09.850 28925 28925 I Input   : injectMotionEvent: MotionEvent { action=ACTION_DOWN, actionButton=0, id[0]=0, x[0]=616.0, y[0]=469.0, toolType[0]=TOOL_TYPE_UNKNOWN, buttonState=0, metaState=0, flags=0x0, edgeFlags=0x0, pointerCount=1, historySize=0, eventTime=897926262, downTime=897926262, deviceId=0, source=0x1002 }
08-06 17:25:09.854 28083 28159 I art     : Starting a blocking GC Explicit
08-06 17:25:09.856 28925 28925 I Input   : injectMotionEvent: MotionEvent { action=ACTION_UP, actionButton=0, id[0]=0, x[0]=616.0, y[0]=469.0, toolType[0]=TOOL_TYPE_UNKNOWN, buttonState=0, metaState=0, flags=0x0, edgeFlags=0x0, pointerCount=1, historySize=0, eventTime=897926262, downTime=897926262, deviceId=0, source=0x1002 }
08-06 17:25:09.858 28925 28925 D AndroidRuntime: Shutting down VM
08-06 17:25:09.881 28083 28159 I art     : Explicit concurrent mark sweep GC freed 22(704B) AllocSpace objects, 0(0B) LOS objects, 37% free, 26MB/42MB, paused 705us total 27.122ms
08-06 17:25:09.892 28083 28159 I art     : Starting a blocking GC Explicit
08-06 17:25:09.919 28083 28159 I art     : Explicit concurrent mark sweep GC freed 6(192B) AllocSpace objects, 0(0B) LOS objects, 37% free, 26MB/42MB, paused 762us total 26.581ms
08-06 17:25:09.925   512  2967 D audio_hw_primary: out_set_parameters: enter: usecase(1: low-latency-playback) kvpairs: routing=2
08-06 17:25:09.938   512  2967 D audio_hw_primary: select_devices: out_snd_device(2: speaker) in_snd_device(0: none)
08-06 17:25:09.938   512  2967 D msm8974_platform: platform_send_audio_calibration: sending audio calibration for snd_device(2) acdb_id(15)
08-06 17:25:09.939   512  2967 I soundtrigger: audio_extn_sound_trigger_update_device_status: device 0x2 of type 0 for Event 1
08-06 17:25:09.949   512  2967 D audio_hw_primary: enable_snd_device: snd_device(2: speaker)
08-06 17:25:09.952   512  2967 D audio_hw_primary: enable_audio_route: apply and update mixer path: low-latency-playback speaker
08-06 17:25:10.138 28083 28111 I NAPPA_EXPERIMENTATION: MetricNetworkRequestExecutionTime: REQUEST_DURATION_SYSTEM='211',REQUEST_DURATION_OKHTTP='210',REQUEST_SYNCHRONOUS='TRUE',RESPONSE_CODE='200',RESPONSE_METHOD='GET',RESPONSE_LENGTH_OKHTTP='-1',RESPONSE_LENGTH_HEADER='628',REQUEST_PROTOCOL='h2',REQUEST_URL='https://itunes.apple.com/lookup?id=1524080195',
08-06 17:25:10.162   918  3714 I ActivityManager: START u0 {cmp=baseline.de.danoeh.antennapod.debug/baseline.de.danoeh.antennapod.activity.OnlineFeedViewActivity (has extras)} from uid 10711 on display 0
08-06 17:25:10.187 13866 13866 I GoogleInputMethodServic: GoogleInputMethodService.onFinishInput():3138 
08-06 17:25:10.188 13866 13866 I GoogleInputMethodServic: GoogleInputMethodService.onStartInput():1808 
08-06 17:25:10.200 28083 28614 I art     : Starting a blocking GC Explicit
08-06 17:25:10.208 28083 28083 D UserPreferences: Using default data folder
08-06 17:25:10.209 28083 28083 D OnlineFeedViewActivity: Activity was started with url https://rss.art19.com/nice-white-parents
08-06 17:25:10.212 28083 28083 D OnlineFeedViewActivity: Starting feed download
08-06 17:25:10.216 28083 28103 D DBReader: Extracting Feedlist
08-06 17:25:10.220   918  3961 D WifiService: acquireWifiLockLocked: WifiLock{Downloader type=1 binder=android.os.BinderProxy@b12d538}
08-06 17:25:10.221 28083 28103 D AntennapodHttpClient: Creating new instance of HTTP client
08-06 17:25:10.229 28083 28614 I art     : Explicit concurrent mark sweep GC freed 3833(248KB) AllocSpace objects, 1(20KB) LOS objects, 37% free, 26MB/42MB, paused 960us total 28.709ms
08-06 17:25:10.240 28083 28614 I art     : Starting a blocking GC Explicit
08-06 17:25:10.266 28083 28614 I art     : Explicit concurrent mark sweep GC freed 482(30KB) AllocSpace objects, 0(0B) LOS objects, 37% free, 26MB/42MB, paused 976us total 25.586ms
08-06 17:25:10.268 13866 13866 I GoogleInputMethodServic: GoogleInputMethodService.onFinishInput():3138 
08-06 17:25:10.268 13866 13866 I GoogleInputMethodServic: GoogleInputMethodService.onStartInput():1808 
08-06 17:25:10.276 28083 28614 I art     : Starting a blocking GC Explicit
08-06 17:25:10.298   918   936 I ActivityManager: Displayed baseline.de.danoeh.antennapod.debug/baseline.de.danoeh.antennapod.activity.OnlineFeedViewActivity: +116ms
08-06 17:25:10.306 28083 28614 I art     : Explicit concurrent mark sweep GC freed 129(5KB) AllocSpace objects, 0(0B) LOS objects, 37% free, 26MB/42MB, paused 811us total 29.812ms
08-06 17:25:10.317 28083 28614 I art     : Starting a blocking GC Explicit
08-06 17:25:10.345 28083 28614 I art     : Explicit concurrent mark sweep GC freed 480(37KB) AllocSpace objects, 0(0B) LOS objects, 37% free, 26MB/42MB, paused 1.115ms total 27.905ms
08-06 17:25:10.356 28083 28614 I art     : Starting a blocking GC Explicit
08-06 17:25:10.384 28083 28614 I art     : Explicit concurrent mark sweep GC freed 3945(172KB) AllocSpace objects, 2(120KB) LOS objects, 37% free, 26MB/42MB, paused 892us total 27.441ms
08-06 17:25:10.491   512  2967 D audio_hw_primary: disable_audio_route: reset and update mixer path: low-latency-playback speaker
08-06 17:25:10.495   512  2967 D audio_hw_primary: disable_snd_device: snd_device(2: speaker)
08-06 17:25:10.507   512  2967 I soundtrigger: audio_extn_sound_trigger_update_device_status: device 0x2 of type 0 for Event 0
08-06 17:25:10.522 28083 28103 D MYTAG   : interceptor 3a https://rss.art19.com/nice-white-parents
08-06 17:25:10.523 28083 28103 I NAPPA_EXPERIMENTATION: MetricNetworkRequestExecutionTime: REQUEST_DURATION_SYSTEM='300',REQUEST_DURATION_OKHTTP='145',REQUEST_SYNCHRONOUS='TRUE',RESPONSE_CODE='200',RESPONSE_METHOD='GET',RESPONSE_LENGTH_OKHTTP='-1',RESPONSE_LENGTH_HEADER='1803',REQUEST_PROTOCOL='h2',REQUEST_URL='https://rss.art19.com/nice-white-parents',
08-06 17:25:10.523 28083 28103 D HttpDownloader: Response code is 200
08-06 17:25:10.523 28083 28103 D UserPreferences: Using default data folder
08-06 17:25:10.528 28083 28103 D HttpDownloader: Getting size of download
08-06 17:25:10.528 28083 28103 D HttpDownloader: Size is -1
08-06 17:25:10.528 28083 28103 D UserPreferences: Using default data folder
08-06 17:25:10.530 28083 28103 D HttpDownloader: Free space is 20348076032
08-06 17:25:10.531 28083 28103 D HttpDownloader: Starting download
08-06 17:25:10.547   380   380 W SurfaceFlinger: couldn't log to binary event log: overflow.
08-06 17:25:10.559 28083 28103 D HttpDownloader: Download was successful
08-06 17:25:10.562   918  3670 D WifiService: releaseWifiLockLocked: WifiLock{Downloader type=1 binder=android.os.BinderProxy@b12d538}
08-06 17:25:10.563 28083 28083 D OnlineFeedViewActivity: Parsing feed
08-06 17:25:10.575 28083 28970 D TypeGetter: Recognized type RSS 2.0
08-06 17:25:10.580 28083 28970 D SyndHandler: Recognized ITunes namespace
08-06 17:25:10.581 28083 28970 D SyndHandler: Recognized Atom namespace
08-06 17:25:10.581 28083 28970 D SyndHandler: Recognized Content namespace
08-06 17:25:10.590 28083 28970 D OnlineFeedViewActivity: Deleted feed source file. Result: true
08-06 17:25:10.591 28083 28083 D OnlineFeedViewActivity: Removing HTML from shownotes
08-06 17:25:10.664 28083 28083 W art     : Before Android 4.1, method int androidx.appcompat.widget.DropDownListView.lookForSelectablePosition(int, boolean) would have incorrectly overridden the package-private method in android.widget.ListView
08-06 17:25:10.671 28083 28083 I ListPopupWindow: Could not find method setEpicenterBounds(Rect) on PopupWindow. Oh well.
08-06 17:25:10.681 28083 28975 D ApOkHttpUrlLoader: buildLoadData() called with: model = [https://content.production.cdn.art19.com/images/89/e0/88/44/89e08844-ac28-4fc0-96fa-15a41fec2014/262c12ed699a8d9720dea0bd66449d998e4a08cf18095bed170ccaa76722045fa5dbf7a366918b2db7e3acf29ad22f6b99fd659a9409cb807bf2781d968932f8.jpeg], width = [350], height = [350]
08-06 17:25:10.685 28083 28095 I art     : Starting a blocking GC Explicit
08-06 17:25:10.690 28083 28813 D DBReader: getImageAuthentication() called with: imageUrl = [https://content.production.cdn.art19.com/images/89/e0/88/44/89e08844-ac28-4fc0-96fa-15a41fec2014/262c12ed699a8d9720dea0bd66449d998e4a08cf18095bed170ccaa76722045fa5dbf7a366918b2db7e3acf29ad22f6b99fd659a9409cb807bf2781d968932f8.jpeg]
08-06 17:25:10.691 28083 28813 D ApOkHttpUrlLoader: no credentials for 'https://content.production.cdn.art19.com/images/89/e0/88/44/89e08844-ac28-4fc0-96fa-15a41fec2014/262c12ed699a8d9720dea0bd66449d998e4a08cf18095bed170ccaa76722045fa5dbf7a366918b2db7e3acf29ad22f6b99fd659a9409cb807bf2781d968932f8.jpeg'
08-06 17:25:10.714 28083 28083 D PlaybackController: Releasing PlaybackController
08-06 17:25:10.724 28083 28095 I art     : Explicit concurrent mark sweep GC freed 16773(1190KB) AllocSpace objects, 8(312KB) LOS objects, 37% free, 27MB/43MB, paused 1.456ms total 38.705ms
08-06 17:25:10.735 28083 28095 I art     : Starting a blocking GC Explicit
08-06 17:25:10.767 28083 28095 I art     : Explicit concurrent mark sweep GC freed 857(42KB) AllocSpace objects, 1(112KB) LOS objects, 37% free, 27MB/43MB, paused 946us total 31.730ms
08-06 17:25:10.778 28083 28095 I art     : Starting a blocking GC Explicit
08-06 17:25:10.807 28083 28095 I art     : Explicit concurrent mark sweep GC freed 59(2048B) AllocSpace objects, 0(0B) LOS objects, 37% free, 27MB/43MB, paused 942us total 28.904ms
08-06 17:25:10.818 28083 28095 I art     : Starting a blocking GC Explicit
08-06 17:25:10.850 28083 28095 I art     : Explicit concurrent mark sweep GC freed 3727(152KB) AllocSpace objects, 0(0B) LOS objects, 37% free, 27MB/43MB, paused 1.552ms total 31.600ms
08-06 17:25:10.862 28083 28095 I art     : Starting a blocking GC Explicit
08-06 17:25:10.892 28083 28095 I art     : Explicit concurrent mark sweep GC freed 136(6KB) AllocSpace objects, 0(0B) LOS objects, 37% free, 27MB/43MB, paused 873us total 30.470ms
08-06 17:25:10.992 28083 28813 D MYTAG   : interceptor 2a
08-06 17:25:10.993 28083 28813 I NAPPA_EXPERIMENTATION: MetricNetworkRequestExecutionTime: REQUEST_DURATION_SYSTEM='301',REQUEST_DURATION_OKHTTP='145',REQUEST_SYNCHRONOUS='TRUE',RESPONSE_CODE='200',RESPONSE_METHOD='GET',RESPONSE_LENGTH_OKHTTP='2466122',RESPONSE_LENGTH_HEADER='2466122',REQUEST_PROTOCOL='h2',REQUEST_URL='https://content.production.cdn.art19.com/images/89/e0/88/44/89e08844-ac28-4fc0-96fa-15a41fec2014/262c12ed699a8d9720dea0bd66449d998e4a08cf18095bed170ccaa76722045fa5dbf7a366918b2db7e3acf29ad22f6b99fd659a9409cb807bf2781d968932f8.jpeg',
08-06 17:25:11.185 28083 28096 I art     : Starting a blocking GC Explicit
08-06 17:25:11.216 28083 28096 I art     : Explicit concurrent mark sweep GC freed 1981(114KB) AllocSpace objects, 1(20KB) LOS objects, 37% free, 27MB/43MB, paused 977us total 30.840ms
08-06 17:25:11.228 28083 28096 I art     : Starting a blocking GC Explicit
08-06 17:25:11.261 28083 28096 I art     : Explicit concurrent mark sweep GC freed 1159(50KB) AllocSpace objects, 0(0B) LOS objects, 36% free, 27MB/43MB, paused 992us total 32.980ms
08-06 17:25:11.273 28083 28096 I art     : Starting a blocking GC Explicit
08-06 17:25:11.305 28083 28096 I art     : Explicit concurrent mark sweep GC freed 31(2720B) AllocSpace objects, 0(0B) LOS objects, 36% free, 27MB/43MB, paused 913us total 32.283ms
08-06 17:25:11.318 28083 28096 I art     : Starting a blocking GC Explicit
08-06 17:25:11.350 28083 28096 I art     : Explicit concurrent mark sweep GC freed 7(208B) AllocSpace objects, 0(0B) LOS objects, 36% free, 27MB/43MB, paused 924us total 31.730ms
08-06 17:25:11.362 28083 28096 I art     : Starting a blocking GC Explicit
08-06 17:25:11.395 28083 28096 I art     : Explicit concurrent mark sweep GC freed 3(96B) AllocSpace objects, 0(0B) LOS objects, 36% free, 27MB/43MB, paused 957us total 32.687ms
08-06 17:25:11.773 28083 28159 I art     : Starting a blocking GC Explicit
08-06 17:25:11.813 28083 28159 I art     : Explicit concurrent mark sweep GC freed 1541(98KB) AllocSpace objects, 1(20KB) LOS objects, 36% free, 27MB/43MB, paused 903us total 39.409ms
08-06 17:25:11.827 28083 28159 I art     : Starting a blocking GC Explicit
08-06 17:25:11.863 28083 28159 I art     : Explicit concurrent mark sweep GC freed 29(944B) AllocSpace objects, 0(0B) LOS objects, 36% free, 27MB/43MB, paused 845us total 35.698ms
08-06 17:25:11.875 28083 28159 I art     : Starting a blocking GC Explicit
08-06 17:25:11.910 28083 28159 I art     : Explicit concurrent mark sweep GC freed 3(96B) AllocSpace objects, 0(0B) LOS objects, 36% free, 27MB/43MB, paused 786us total 34.091ms
08-06 17:25:11.922 28083 28159 I art     : Starting a blocking GC Explicit
08-06 17:25:11.957 28083 28159 I art     : Explicit concurrent mark sweep GC freed 3(96B) AllocSpace objects, 0(0B) LOS objects, 36% free, 27MB/43MB, paused 980us total 35.068ms
08-06 17:25:11.970 28083 28159 I art     : Starting a blocking GC Explicit
08-06 17:25:12.005 28083 28159 I art     : Explicit concurrent mark sweep GC freed 3(96B) AllocSpace objects, 0(0B) LOS objects, 36% free, 27MB/43MB, paused 829us total 35.102ms
08-06 17:25:12.347 28083 28095 I art     : Starting a blocking GC Explicit
08-06 17:25:12.379 28083 28095 I art     : Explicit concurrent mark sweep GC freed 1382(80KB) AllocSpace objects, 1(20KB) LOS objects, 36% free, 27MB/43MB, paused 768us total 31.606ms
08-06 17:25:12.390 28083 28095 I art     : Starting a blocking GC Explicit
08-06 17:25:12.420 28083 28095 I art     : Explicit concurrent mark sweep GC freed 27(880B) AllocSpace objects, 0(0B) LOS objects, 36% free, 27MB/43MB, paused 825us total 29.514ms
08-06 17:25:12.431 28083 28095 I art     : Starting a blocking GC Explicit
08-06 17:25:12.462 28083 28095 I art     : Explicit concurrent mark sweep GC freed 9(288B) AllocSpace objects, 0(0B) LOS objects, 36% free, 27MB/43MB, paused 766us total 30.081ms
08-06 17:25:12.474 28083 28095 I art     : Starting a blocking GC Explicit
08-06 17:25:12.507 28083 28095 I art     : Explicit concurrent mark sweep GC freed 7(224B) AllocSpace objects, 0(0B) LOS objects, 36% free, 27MB/43MB, paused 798us total 32.626ms
08-06 17:25:12.518 28083 28095 I art     : Starting a blocking GC Explicit
08-06 17:25:12.550 28083 28095 I art     : Explicit concurrent mark sweep GC freed 4(128B) AllocSpace objects, 0(0B) LOS objects, 36% free, 27MB/43MB, paused 804us total 31.492ms
08-06 17:25:12.890 28083 28159 I art     : Starting a blocking GC Explicit
08-06 17:25:12.936 28083 28159 I art     : Explicit concurrent mark sweep GC freed 1395(80KB) AllocSpace objects, 1(20KB) LOS objects, 36% free, 27MB/43MB, paused 888us total 45.535ms
08-06 17:25:12.950 28083 28159 I art     : Starting a blocking GC Explicit
08-06 17:25:12.986 28083 28159 I art     : Explicit concurrent mark sweep GC freed 23(752B) AllocSpace objects, 0(0B) LOS objects, 36% free, 27MB/43MB, paused 828us total 35.074ms
08-06 17:25:12.998 28083 28159 I art     : Starting a blocking GC Explicit
08-06 17:25:13.032 28083 28159 I art     : Explicit concurrent mark sweep GC freed 3(96B) AllocSpace objects, 0(0B) LOS objects, 36% free, 27MB/43MB, paused 798us total 34.132ms
08-06 17:25:13.044 28083 28159 I art     : Starting a blocking GC Explicit
08-06 17:25:13.080 28083 28159 I art     : Explicit concurrent mark sweep GC freed 3(96B) AllocSpace objects, 0(0B) LOS objects, 36% free, 27MB/43MB, paused 851us total 35.641ms
08-06 17:25:13.092 28083 28159 I art     : Starting a blocking GC Explicit
08-06 17:25:13.126 28083 28159 I art     : Explicit concurrent mark sweep GC freed 3(96B) AllocSpace objects, 0(0B) LOS objects, 36% free, 27MB/43MB, paused 801us total 33.454ms
08-06 17:25:13.468 28083 28614 I art     : Starting a blocking GC Explicit
08-06 17:25:13.514 28083 28614 I art     : Explicit concurrent mark sweep GC freed 1367(82KB) AllocSpace objects, 1(20KB) LOS objects, 36% free, 27MB/43MB, paused 885us total 45.697ms
08-06 17:25:13.530 28083 28614 I art     : Starting a blocking GC Explicit
08-06 17:25:13.555   918  3188 I hubconnection: sensorhub said: 'set_bias 3: -6.2400, 0.0000, 0.0000'
08-06 17:25:13.565 28083 28614 I art     : Explicit concurrent mark sweep GC freed 23(752B) AllocSpace objects, 0(0B) LOS objects, 36% free, 27MB/43MB, paused 847us total 34.686ms
08-06 17:25:13.578 28083 28614 I art     : Starting a blocking GC Explicit
08-06 17:25:13.613 28083 28614 I art     : Explicit concurrent mark sweep GC freed 32(880B) AllocSpace objects, 0(0B) LOS objects, 36% free, 27MB/43MB, paused 855us total 35.442ms
08-06 17:25:13.626 28083 28614 I art     : Starting a blocking GC Explicit
08-06 17:25:13.658 28083 28614 I art     : Explicit concurrent mark sweep GC freed 3(96B) AllocSpace objects, 0(0B) LOS objects, 36% free, 27MB/43MB, paused 823us total 32.472ms
08-06 17:25:13.670 28083 28614 I art     : Starting a blocking GC Explicit
08-06 17:25:13.706 28083 28614 I art     : Explicit concurrent mark sweep GC freed 3(96B) AllocSpace objects, 0(0B) LOS objects, 36% free, 27MB/43MB, paused 846us total 35.482ms
08-06 17:25:14.040 28083 28096 I art     : Starting a blocking GC Explicit
08-06 17:25:14.082 28083 28096 I art     : Explicit concurrent mark sweep GC freed 1366(80KB) AllocSpace objects, 1(20KB) LOS objects, 36% free, 27MB/43MB, paused 889us total 41.404ms
08-06 17:25:14.097 28083 28096 I art     : Starting a blocking GC Explicit
08-06 17:25:14.132 28083 28096 I art     : Explicit concurrent mark sweep GC freed 23(752B) AllocSpace objects, 0(0B) LOS objects, 36% free, 27MB/43MB, paused 807us total 33.743ms
08-06 17:25:14.143 28083 28096 I art     : Starting a blocking GC Explicit
08-06 17:25:14.173 28083 28096 I art     : Explicit concurrent mark sweep GC freed 3(96B) AllocSpace objects, 0(0B) LOS objects, 36% free, 27MB/43MB, paused 786us total 29.314ms
08-06 17:25:14.184 28083 28096 I art     : Starting a blocking GC Explicit
08-06 17:25:14.215 28083 28096 I art     : Explicit concurrent mark sweep GC freed 3(96B) AllocSpace objects, 0(0B) LOS objects, 36% free, 27MB/43MB, paused 878us total 30.832ms
08-06 17:25:14.227 28083 28096 I art     : Starting a blocking GC Explicit
08-06 17:25:14.257 28083 28096 I art     : Explicit concurrent mark sweep GC freed 3(96B) AllocSpace objects, 0(0B) LOS objects, 36% free, 27MB/43MB, paused 916us total 30.488ms
08-06 17:25:14.577 28083 28095 I art     : Starting a blocking GC Explicit
08-06 17:25:14.615 28083 28095 I art     : Explicit concurrent mark sweep GC freed 1395(80KB) AllocSpace objects, 1(20KB) LOS objects, 36% free, 27MB/43MB, paused 870us total 37.910ms
08-06 17:25:14.628 28083 28095 I art     : Starting a blocking GC Explicit
08-06 17:25:14.659 28083 28095 I art     : Explicit concurrent mark sweep GC freed 23(752B) AllocSpace objects, 0(0B) LOS objects, 36% free, 27MB/43MB, paused 847us total 31.343ms
08-06 17:25:14.671 28083 28095 I art     : Starting a blocking GC Explicit
08-06 17:25:14.673 29039 29039 D AndroidRuntime: >>>>>> START com.android.internal.os.RuntimeInit uid 2000 <<<<<<
08-06 17:25:14.679 29039 29039 D AndroidRuntime: CheckJNI is OFF
08-06 17:25:14.704 28083 28095 I art     : Explicit concurrent mark sweep GC freed 3(96B) AllocSpace objects, 0(0B) LOS objects, 36% free, 27MB/43MB, paused 855us total 32.802ms
08-06 17:25:14.716 28083 28095 I art     : Starting a blocking GC Explicit
08-06 17:25:14.727 29039 29039 D ICU     : No timezone override file found: /data/misc/zoneinfo/current/icu/icu_tzdata.dat
08-06 17:25:14.748 28083 28095 I art     : Explicit concurrent mark sweep GC freed 3(96B) AllocSpace objects, 0(0B) LOS objects, 36% free, 27MB/43MB, paused 926us total 32.658ms
08-06 17:25:14.760 28083 28095 I art     : Starting a blocking GC Explicit
08-06 17:25:14.776 29039 29039 I Radio-JNI: register_android_hardware_Radio DONE
08-06 17:25:14.793 28083 28095 I art     : Explicit concurrent mark sweep GC freed 3(96B) AllocSpace objects, 0(0B) LOS objects, 36% free, 27MB/43MB, paused 864us total 32.552ms
08-06 17:25:14.806 29039 29039 D AndroidRuntime: Calling main entry com.android.commands.input.Input
08-06 17:25:14.809 29039 29039 I Input   : injectMotionEvent: MotionEvent { action=ACTION_DOWN, actionButton=0, id[0]=0, x[0]=625.0, y[0]=832.0, toolType[0]=TOOL_TYPE_UNKNOWN, buttonState=0, metaState=0, flags=0x0, edgeFlags=0x0, pointerCount=1, historySize=0, eventTime=897931221, downTime=897931221, deviceId=0, source=0x1002 }
08-06 17:25:14.816 29039 29039 I Input   : injectMotionEvent: MotionEvent { action=ACTION_UP, actionButton=0, id[0]=0, x[0]=625.0, y[0]=832.0, toolType[0]=TOOL_TYPE_UNKNOWN, buttonState=0, metaState=0, flags=0x0, edgeFlags=0x0, pointerCount=1, historySize=0, eventTime=897931221, downTime=897931221, deviceId=0, source=0x1002 }
08-06 17:25:14.818 29039 29039 D AndroidRuntime: Shutting down VM
08-06 17:25:14.830 28083 28083 D UserPreferences: Using default data folder
08-06 17:25:14.831   512  2967 D audio_hw_primary: out_set_parameters: enter: usecase(1: low-latency-playback) kvpairs: routing=2
08-06 17:25:14.831 28083 28083 D DownloadRequester: partiallyDownloadedFileExists: false
08-06 17:25:14.832 28083 28083 D DownloadRequester: /storage/emulated/0/Android/data/baseline.de.danoeh.antennapod.debug/files/cache/feed-Nice White Parents is available as a download destination
08-06 17:25:14.833 28083 28083 D DownloadRequester: Requesting download of url https://rss.art19.com/nice-white-parents
08-06 17:25:14.841 28083 28083 D DownloadService: Service started
08-06 17:25:14.843 28083 28083 D DownloadService: parallel downloads: 4
08-06 17:25:14.843   512  2967 D audio_hw_primary: select_devices: out_snd_device(2: speaker) in_snd_device(0: none)
08-06 17:25:14.843   512  2967 D msm8974_platform: platform_send_audio_calibration: sending audio calibration for snd_device(2) acdb_id(15)
08-06 17:25:14.844   512  2967 I soundtrigger: audio_extn_sound_trigger_update_device_status: device 0x2 of type 0 for Event 1
08-06 17:25:14.844 28083 29064 D downloadCompletionThd: downloadCompletionThread was started
08-06 17:25:14.846 28083 28083 D DownloadService: Notification set up
08-06 17:25:14.855   512  2967 D audio_hw_primary: enable_snd_device: snd_device(2: speaker)
08-06 17:25:14.857   512  2967 D audio_hw_primary: enable_audio_route: apply and update mixer path: low-latency-playback speaker
08-06 17:25:14.859 28083 28083 D DownloadService: Received enqueue request
08-06 17:25:14.862 28083 28083 D OnlineFeedViewActivity: onEventMainThread() called with: event = [DownloadEvent{update=DownloaderUpdate{downloaders=[baseline.de.danoeh.antennapod.core.service.download.HttpDownloader@34e85cc], feedIds=[0], mediaIds=[]}}]
08-06 17:25:14.862 28083 28083 D DownloadService: 1 downloads left
08-06 17:25:14.862 28083 28083 D DownloadService: Setting up notification updater
08-06 17:25:14.862   918  3670 D WifiService: acquireWifiLockLocked: WifiLock{Downloader type=1 binder=android.os.BinderProxy@b9bb38b}
08-06 17:25:14.863 28083 29066 D AntennapodHttpClient: Creating new instance of HTTP client
08-06 17:25:14.889   918  3267 D NotificationSQLiteLog: Pruned event entries: 2
08-06 17:25:15.072 28083 28095 I art     : Starting a blocking GC Explicit
08-06 17:25:15.108 28083 28095 I art     : Explicit concurrent mark sweep GC freed 7084(367KB) AllocSpace objects, 4(220KB) LOS objects, 36% free, 28MB/44MB, paused 1.073ms total 35.152ms
08-06 17:25:15.120 28083 28095 I art     : Starting a blocking GC Explicit
08-06 17:25:15.151 28083 28095 I art     : Explicit concurrent mark sweep GC freed 967(117KB) AllocSpace objects, 0(0B) LOS objects, 36% free, 27MB/43MB, paused 1.051ms total 30.448ms
08-06 17:25:15.163 28083 28095 I art     : Starting a blocking GC Explicit
08-06 17:25:15.186 28083 29066 D MYTAG   : interceptor 3a https://rss.art19.com/nice-white-parents
08-06 17:25:15.186 28083 29066 I NAPPA_EXPERIMENTATION: MetricNetworkRequestExecutionTime: REQUEST_DURATION_SYSTEM='322',REQUEST_DURATION_OKHTTP='146',REQUEST_SYNCHRONOUS='TRUE',RESPONSE_CODE='200',RESPONSE_METHOD='GET',RESPONSE_LENGTH_OKHTTP='-1',RESPONSE_LENGTH_HEADER='1803',REQUEST_PROTOCOL='h2',REQUEST_URL='https://rss.art19.com/nice-white-parents',
08-06 17:25:15.186 28083 29066 D HttpDownloader: Response code is 200
08-06 17:25:15.186 28083 29066 D UserPreferences: Using default data folder
08-06 17:25:15.188 28083 29066 D HttpDownloader: Getting size of download
08-06 17:25:15.188 28083 29066 D HttpDownloader: Size is -1
08-06 17:25:15.188 28083 29066 D UserPreferences: Using default data folder
08-06 17:25:15.188 28083 29066 D HttpDownloader: Free space is 20345556992
08-06 17:25:15.189 28083 29066 D HttpDownloader: Starting download
08-06 17:25:15.195 28083 28095 I art     : Explicit concurrent mark sweep GC freed 280(20KB) AllocSpace objects, 0(0B) LOS objects, 36% free, 27MB/43MB, paused 1.133ms total 31.722ms
08-06 17:25:15.206 28083 28095 I art     : Starting a blocking GC Explicit
08-06 17:25:15.229 28083 29066 D HttpDownloader: Download was successful
08-06 17:25:15.231   918  3696 D WifiService: releaseWifiLockLocked: WifiLock{Downloader type=1 binder=android.os.BinderProxy@b9bb38b}
08-06 17:25:15.231 28083 29064 D downloadCompletionThd: Received 'Download Complete' - message.
08-06 17:25:15.232 28083 29064 D DownloadService: Handling completed Feed Download
08-06 17:25:15.232 28083 28083 D DownloadService: Removing downloader: https://rss.art19.com/nice-white-parents
08-06 17:25:15.232 28083 28083 D DownloadService: Result of downloads.remove: true
08-06 17:25:15.232 28083 28083 D OnlineFeedViewActivity: onEventMainThread() called with: event = [DownloadEvent{update=DownloaderUpdate{downloaders=[], feedIds=[], mediaIds=[]}}]
08-06 17:25:15.239 28083 29082 D TypeGetter: Recognized type RSS 2.0
08-06 17:25:15.239 28083 28095 I art     : Explicit concurrent mark sweep GC freed 140(44KB) AllocSpace objects, 1(20KB) LOS objects, 36% free, 28MB/44MB, paused 1.245ms total 32.749ms
08-06 17:25:15.241 28083 29082 D SyndHandler: Recognized ITunes namespace
08-06 17:25:15.241 28083 29082 D SyndHandler: Recognized Atom namespace
08-06 17:25:15.241 28083 29082 D SyndHandler: Recognized Content namespace
08-06 17:25:15.248 28083 29082 D FeedSyncThread: Nice White Parents parsed
08-06 17:25:15.249 28083 29082 D FeedSyncThread: Deletion of file '/storage/emulated/0/Android/data/baseline.de.danoeh.antennapod.debug/files/cache/feed-Nice White Parents' successful
08-06 17:25:15.249 28083 29082 D DBReader: getFeedDownloadLog() called with: feed = [baseline.de.danoeh.antennapod.core.feed.Feed@0]
08-06 17:25:15.251 28083 29065 D FeedSyncThread: Bundling 1 feeds
08-06 17:25:15.251 28083 28095 I art     : Starting a blocking GC Explicit
08-06 17:25:15.252 28083 29083 D DBReader: Extracting Feedlist
08-06 17:25:15.253 28083 29083 D DBTasks : Found no existing Feed with title Nice White Parents. Adding as new one.
08-06 17:25:15.259 28083 29084 D PodDBAdapter: Setting feed with flattr status Nice White Parents: 0
08-06 17:25:15.259 28083 29084 D baseline.de.danoeh.antennapod.core.storage.PodDBAdapter@1666ccd: Inserting new Feed into db
08-06 17:25:15.275 28083 28083 D EventDistributor: Processing event queue. Number of events: 1
08-06 17:25:15.275 28083 28083 D EventDistributor: Notifying observers. Data: 1
08-06 17:25:15.275 28083 28083 D DownloadService: 0 downloads left
08-06 17:25:15.275 28083 28602 D DBReader: Extracting Feedlist
08-06 17:25:15.276 28083 28083 D DownloadService: Number of downloads is 0, attempting shutdown
08-06 17:25:15.279 28083 28083 D DownloadService: Service shutting down
08-06 17:25:15.279 28083 28083 D DownloadService: No report is created
08-06 17:25:15.279 28083 28083 D OnlineFeedViewActivity: onEventMainThread() called with: event = [DownloadEvent{update=DownloaderUpdate{downloaders=[], feedIds=[], mediaIds=[]}}]
08-06 17:25:15.281 28083 28083 D DownloadService: NotificationUpdater cancelled. Result: false
08-06 17:25:15.281 28083 29064 E downloadCompletionThd: DownloadCompletionThread was interrupted
08-06 17:25:15.282 28083 28083 D DBTasks : autodownloadUndownloadedItems
08-06 17:25:15.285 28083 28095 I art     : Explicit concurrent mark sweep GC freed 943(203KB) AllocSpace objects, 3(60KB) LOS objects, 36% free, 27MB/43MB, paused 1.482ms total 33.346ms
08-06 17:25:15.285 28083 29085 D NetworkUtils: Device is connected to Wi-Fi
08-06 17:25:15.285 28083 29085 D NetworkUtils: Auto-dl filter is disabled
08-06 17:25:15.399   512  2967 D audio_hw_primary: disable_audio_route: reset and update mixer path: low-latency-playback speaker
08-06 17:25:15.399   512  2967 D audio_hw_primary: disable_snd_device: snd_device(2: speaker)
08-06 17:25:15.407   512  2967 I soundtrigger: audio_extn_sound_trigger_update_device_status: device 0x2 of type 0 for Event 0
08-06 17:25:15.597 28083 28095 I art     : Starting a blocking GC Explicit
08-06 17:25:15.631 28083 28095 I art     : Explicit concurrent mark sweep GC freed 1849(105KB) AllocSpace objects, 1(20KB) LOS objects, 36% free, 27MB/43MB, paused 976us total 33.859ms
08-06 17:25:15.644 28083 28095 I art     : Starting a blocking GC Explicit
08-06 17:25:15.677 28083 28095 I art     : Explicit concurrent mark sweep GC freed 35(1120B) AllocSpace objects, 0(0B) LOS objects, 36% free, 27MB/43MB, paused 1.019ms total 33.068ms
08-06 17:25:15.689 28083 28095 I art     : Starting a blocking GC Explicit
08-06 17:25:15.722 28083 28095 I art     : Explicit concurrent mark sweep GC freed 6(256B) AllocSpace objects, 0(0B) LOS objects, 36% free, 27MB/43MB, paused 997us total 32.486ms
08-06 17:25:15.734 28083 28095 I art     : Starting a blocking GC Explicit
08-06 17:25:15.767 28083 28095 I art     : Explicit concurrent mark sweep GC freed 3(96B) AllocSpace objects, 0(0B) LOS objects, 36% free, 27MB/43MB, paused 1.120ms total 33.452ms
08-06 17:25:15.779 28083 28095 I art     : Starting a blocking GC Explicit
08-06 17:25:15.814 28083 28095 I art     : Explicit concurrent mark sweep GC freed 3(96B) AllocSpace objects, 0(0B) LOS objects, 36% free, 27MB/43MB, paused 1ms total 34.101ms
08-06 17:25:15.858 25638 25638 I ServiceManager: Waiting for service AtCmdFwd...
08-06 17:25:16.140 28083 28096 I art     : Starting a blocking GC Explicit
08-06 17:25:16.185 28083 28096 I art     : Explicit concurrent mark sweep GC freed 1368(82KB) AllocSpace objects, 1(20KB) LOS objects, 36% free, 27MB/43MB, paused 1.036ms total 44.332ms
08-06 17:25:16.199 28083 28096 I art     : Starting a blocking GC Explicit
08-06 17:25:16.233 28083 28096 I art     : Explicit concurrent mark sweep GC freed 23(752B) AllocSpace objects, 0(0B) LOS objects, 36% free, 27MB/43MB, paused 983us total 33.783ms
08-06 17:25:16.234 28083 28094 I art     : WaitForGcToComplete blocked for 17.264ms for cause HeapTrim
08-06 17:25:16.246 28083 28096 I art     : Starting a blocking GC Explicit
08-06 17:25:16.281 28083 28096 I art     : Explicit concurrent mark sweep GC freed 3(96B) AllocSpace objects, 0(0B) LOS objects, 36% free, 27MB/43MB, paused 1.009ms total 34.146ms
08-06 17:25:16.293 28083 28096 I art     : Starting a blocking GC Explicit
08-06 17:25:16.327 28083 28096 I art     : Explicit concurrent mark sweep GC freed 3(96B) AllocSpace objects, 0(0B) LOS objects, 36% free, 27MB/43MB, paused 1.088ms total 34.041ms
08-06 17:25:16.339 28083 28096 I art     : Starting a blocking GC Explicit
08-06 17:25:16.373 28083 28096 I art     : Explicit concurrent mark sweep GC freed 3(96B) AllocSpace objects, 0(0B) LOS objects, 36% free, 27MB/43MB, paused 1.003ms total 34.071ms
08-06 17:25:16.712 28083 28614 I art     : Starting a blocking GC Explicit
08-06 17:25:16.755 28083 28614 I art     : Explicit concurrent mark sweep GC freed 1402(82KB) AllocSpace objects, 1(20KB) LOS objects, 36% free, 27MB/43MB, paused 1.031ms total 42.715ms
08-06 17:25:16.769 28083 28614 I art     : Starting a blocking GC Explicit
08-06 17:25:16.806 28083 28614 I art     : Explicit concurrent mark sweep GC freed 23(752B) AllocSpace objects, 0(0B) LOS objects, 36% free, 27MB/43MB, paused 1.044ms total 37.227ms
08-06 17:25:16.818 28083 28614 I art     : Starting a blocking GC Explicit
08-06 17:25:16.854 28083 28614 I art     : Explicit concurrent mark sweep GC freed 3(96B) AllocSpace objects, 0(0B) LOS objects, 36% free, 27MB/43MB, paused 1.002ms total 35.604ms
08-06 17:25:16.858 25638 25638 I ServiceManager: Waiting for service AtCmdFwd...
08-06 17:25:16.867 28083 28614 I art     : Starting a blocking GC Explicit
08-06 17:25:16.903 28083 28614 I art     : Explicit concurrent mark sweep GC freed 3(96B) AllocSpace objects, 0(0B) LOS objects, 36% free, 27MB/43MB, paused 1.040ms total 35.863ms
08-06 17:25:16.916 28083 28614 I art     : Starting a blocking GC Explicit
08-06 17:25:16.952 28083 28614 I art     : Explicit concurrent mark sweep GC freed 3(96B) AllocSpace objects, 0(0B) LOS objects, 36% free, 27MB/43MB, paused 1.008ms total 36.182ms
08-06 17:25:17.273 28083 28159 I art     : Starting a blocking GC Explicit
08-06 17:25:17.318 28083 28159 I art     : Explicit concurrent mark sweep GC freed 1372(82KB) AllocSpace objects, 1(20KB) LOS objects, 36% free, 27MB/43MB, paused 1.213ms total 45.126ms
08-06 17:25:17.333 28083 28159 I art     : Starting a blocking GC Explicit
08-06 17:25:17.370 28083 28159 I art     : Explicit concurrent mark sweep GC freed 23(752B) AllocSpace objects, 0(0B) LOS objects, 36% free, 27MB/43MB, paused 966us total 36.231ms
08-06 17:25:17.382 28083 28159 I art     : Starting a blocking GC Explicit
08-06 17:25:17.420 28083 28159 I art     : Explicit concurrent mark sweep GC freed 3(96B) AllocSpace objects, 0(0B) LOS objects, 36% free, 27MB/43MB, paused 1.044ms total 37.234ms
08-06 17:25:17.432 28083 28159 I art     : Starting a blocking GC Explicit
08-06 17:25:17.468 28083 28159 I art     : Explicit concurrent mark sweep GC freed 3(96B) AllocSpace objects, 0(0B) LOS objects, 36% free, 27MB/43MB, paused 1.058ms total 35.416ms
08-06 17:25:17.481 28083 28159 I art     : Starting a blocking GC Explicit
08-06 17:25:17.518 28083 28159 I art     : Explicit concurrent mark sweep GC freed 3(96B) AllocSpace objects, 0(0B) LOS objects, 36% free, 27MB/43MB, paused 1.067ms total 37.516ms
08-06 17:25:17.859 25638 25638 I ServiceManager: Waiting for service AtCmdFwd...
08-06 17:25:17.862 28083 28095 I art     : Starting a blocking GC Explicit
08-06 17:25:17.904 28083 28095 I art     : Explicit concurrent mark sweep GC freed 1399(81KB) AllocSpace objects, 1(20KB) LOS objects, 36% free, 27MB/43MB, paused 1.067ms total 41.247ms
08-06 17:25:17.919 28083 28095 I art     : Starting a blocking GC Explicit
08-06 17:25:17.959 28083 28095 I art     : Explicit concurrent mark sweep GC freed 23(752B) AllocSpace objects, 0(0B) LOS objects, 36% free, 27MB/43MB, paused 981us total 39.153ms
08-06 17:25:17.971 28083 28095 I art     : Starting a blocking GC Explicit
08-06 17:25:18.009 28083 28095 I art     : Explicit concurrent mark sweep GC freed 3(96B) AllocSpace objects, 0(0B) LOS objects, 36% free, 27MB/43MB, paused 1.077ms total 37.577ms
08-06 17:25:18.021 28083 28095 I art     : Starting a blocking GC Explicit
08-06 17:25:18.058 28083 28095 I art     : Explicit concurrent mark sweep GC freed 3(96B) AllocSpace objects, 0(0B) LOS objects, 36% free, 27MB/43MB, paused 993us total 36.820ms
08-06 17:25:18.070 28083 28095 I art     : Starting a blocking GC Explicit
08-06 17:25:18.107 28083 28095 I art     : Explicit concurrent mark sweep GC freed 3(96B) AllocSpace objects, 0(0B) LOS objects, 36% free, 27MB/43MB, paused 1.025ms total 35.898ms
08-06 17:25:18.452 28083 28096 I art     : Starting a blocking GC Explicit
08-06 17:25:18.497 28083 28096 I art     : Explicit concurrent mark sweep GC freed 1366(80KB) AllocSpace objects, 1(20KB) LOS objects, 36% free, 27MB/43MB, paused 1.098ms total 43.938ms
08-06 17:25:18.512 28083 28096 I art     : Starting a blocking GC Explicit
08-06 17:25:18.550 28083 28096 I art     : Explicit concurrent mark sweep GC freed 23(752B) AllocSpace objects, 0(0B) LOS objects, 36% free, 27MB/43MB, paused 1.019ms total 37.713ms
08-06 17:25:18.562 28083 28096 I art     : Starting a blocking GC Explicit
08-06 17:25:18.599 28083 28096 I art     : Explicit concurrent mark sweep GC freed 3(96B) AllocSpace objects, 0(0B) LOS objects, 36% free, 27MB/43MB, paused 1.028ms total 36.258ms
08-06 17:25:18.611 28083 28096 I art     : Starting a blocking GC Explicit
08-06 17:25:18.649 28083 28096 I art     : Explicit concurrent mark sweep GC freed 32(880B) AllocSpace objects, 0(0B) LOS objects, 36% free, 27MB/43MB, paused 1.059ms total 37.102ms
08-06 17:25:18.661 28083 28096 I art     : Starting a blocking GC Explicit
08-06 17:25:18.695 28083 28096 I art     : Explicit concurrent mark sweep GC freed 3(96B) AllocSpace objects, 0(0B) LOS objects, 36% free, 27MB/43MB, paused 984us total 33.735ms
08-06 17:25:18.860 25638 25638 I ServiceManager: Waiting for service AtCmdFwd...
08-06 17:25:19.038 28083 28614 I art     : Starting a blocking GC Explicit
08-06 17:25:19.078 28083 28614 I art     : Explicit concurrent mark sweep GC freed 1367(82KB) AllocSpace objects, 1(20KB) LOS objects, 36% free, 27MB/43MB, paused 1.154ms total 39.832ms
08-06 17:25:19.090 28083 28614 I art     : Starting a blocking GC Explicit
08-06 17:25:19.124 28083 28614 I art     : Explicit concurrent mark sweep GC freed 23(752B) AllocSpace objects, 0(0B) LOS objects, 36% free, 27MB/43MB, paused 969us total 33.231ms
08-06 17:25:19.135 28083 28614 I art     : Starting a blocking GC Explicit
08-06 17:25:19.167 28083 28614 I art     : Explicit concurrent mark sweep GC freed 3(96B) AllocSpace objects, 0(0B) LOS objects, 36% free, 27MB/43MB, paused 1.105ms total 32.381ms
08-06 17:25:19.179 28083 28614 I art     : Starting a blocking GC Explicit
08-06 17:25:19.212 28083 28614 I art     : Explicit concurrent mark sweep GC freed 3(96B) AllocSpace objects, 0(0B) LOS objects, 36% free, 27MB/43MB, paused 1ms total 32.263ms
08-06 17:25:19.223 28083 28614 I art     : Starting a blocking GC Explicit
08-06 17:25:19.256 28083 28614 I art     : Explicit concurrent mark sweep GC freed 3(96B) AllocSpace objects, 0(0B) LOS objects, 36% free, 27MB/43MB, paused 1.023ms total 32.718ms
08-06 17:25:19.581 28083 28159 I art     : Starting a blocking GC Explicit
08-06 17:25:19.615 28083 28159 I art     : Explicit concurrent mark sweep GC freed 1395(80KB) AllocSpace objects, 1(20KB) LOS objects, 36% free, 27MB/43MB, paused 1.029ms total 33.247ms
08-06 17:25:19.626 28083 28159 I art     : Starting a blocking GC Explicit
08-06 17:25:19.639 29156 29156 D AndroidRuntime: >>>>>> START com.android.internal.os.RuntimeInit uid 2000 <<<<<<
08-06 17:25:19.645 29156 29156 D AndroidRuntime: CheckJNI is OFF
08-06 17:25:19.662 28083 28159 I art     : Explicit concurrent mark sweep GC freed 23(752B) AllocSpace objects, 0(0B) LOS objects, 36% free, 27MB/43MB, paused 1.110ms total 35.040ms
08-06 17:25:19.673 28083 28159 I art     : Starting a blocking GC Explicit
08-06 17:25:19.693 29156 29156 D ICU     : No timezone override file found: /data/misc/zoneinfo/current/icu/icu_tzdata.dat
08-06 17:25:19.707 28083 28159 I art     : Explicit concurrent mark sweep GC freed 3(96B) AllocSpace objects, 0(0B) LOS objects, 36% free, 27MB/43MB, paused 1.182ms total 33.193ms
08-06 17:25:19.719 28083 28159 I art     : Starting a blocking GC Explicit
08-06 17:25:19.740 29156 29156 I Radio-JNI: register_android_hardware_Radio DONE
08-06 17:25:19.753 28083 28159 I art     : Explicit concurrent mark sweep GC freed 3(96B) AllocSpace objects, 0(0B) LOS objects, 36% free, 27MB/43MB, paused 1.072ms total 33.764ms
08-06 17:25:19.765 28083 28159 I art     : Starting a blocking GC Explicit
08-06 17:25:19.770 29156 29156 D AndroidRuntime: Calling main entry com.android.commands.input.Input
08-06 17:25:19.773 29156 29156 I Input   : injectKeyEvent: KeyEvent { action=ACTION_DOWN, keyCode=KEYCODE_BACK, scanCode=0, metaState=0, flags=0x0, repeatCount=0, eventTime=897936186, downTime=897936186, deviceId=-1, source=0x101 }
08-06 17:25:19.780 29156 29156 I Input   : injectKeyEvent: KeyEvent { action=ACTION_UP, keyCode=KEYCODE_BACK, scanCode=0, metaState=0, flags=0x0, repeatCount=0, eventTime=897936186, downTime=897936186, deviceId=-1, source=0x101 }
08-06 17:25:19.785 29156 29156 D AndroidRuntime: Shutting down VM
08-06 17:25:19.790 28083 28083 V PlaybackController: initServiceNotRunning()
08-06 17:25:19.791 28083 28083 D ExternalPlayerFragment: Loading media info
08-06 17:25:19.795 28083 28083 D UserPreferences: Using default data folder
08-06 17:25:19.797 28083 28602 D DBReader: getNavDrawerData() called with: 
08-06 17:25:19.797 28083 28159 I art     : Explicit concurrent mark sweep GC freed 125(5KB) AllocSpace objects, 0(0B) LOS objects, 36% free, 27MB/43MB, paused 1.378ms total 31.743ms
08-06 17:25:19.804 28083 28602 D DBReader: getDownloadedItems() called
08-06 17:25:19.804 28083 28602 D DBReader: getFavoriteIDList() called
08-06 17:25:19.805 28083 28602 D DBReader: getQueueIDList() called
08-06 17:25:19.807 28083 28602 D DBReader: Extracting Feedlist
08-06 17:25:19.827 13866 13866 I GoogleInputMethodServic: GoogleInputMethodService.onFinishInput():3138 
08-06 17:25:19.827 28083 28083 D MainActivity: getLastNavFragment() -> AddFeedFragment
08-06 17:25:19.828 13866 13866 I GoogleInputMethodServic: GoogleInputMethodService.onStartInput():1808 
08-06 17:25:19.844 28083 28975 D ApOkHttpUrlLoader: buildLoadData() called with: model = [https://content.production.cdn.art19.com/images/89/e0/88/44/89e08844-ac28-4fc0-96fa-15a41fec2014/262c12ed699a8d9720dea0bd66449d998e4a08cf18095bed170ccaa76722045fa5dbf7a366918b2db7e3acf29ad22f6b99fd659a9409cb807bf2781d968932f8.jpeg], width = [140], height = [140]
08-06 17:25:19.860 25638 25638 I ServiceManager: Waiting for service AtCmdFwd...
08-06 17:25:20.114 28083 28096 I art     : Starting a blocking GC Explicit
08-06 17:25:20.148   380   380 W SurfaceFlinger: couldn't log to binary event log: overflow.
08-06 17:25:20.152 28083 28096 I art     : Explicit concurrent mark sweep GC freed 2526(185KB) AllocSpace objects, 1(20KB) LOS objects, 36% free, 28MB/44MB, paused 1.271ms total 37.249ms
08-06 17:25:20.168 28083 28096 I art     : Starting a blocking GC Explicit
08-06 17:25:20.199 28083 28096 I art     : Explicit concurrent mark sweep GC freed 1143(52KB) AllocSpace objects, 0(0B) LOS objects, 36% free, 28MB/44MB, paused 1.041ms total 29.995ms
08-06 17:25:20.210 28083 28096 I art     : Starting a blocking GC Explicit
08-06 17:25:20.240 28083 28096 I art     : Explicit concurrent mark sweep GC freed 2463(151KB) AllocSpace objects, 2(248KB) LOS objects, 36% free, 27MB/43MB, paused 963us total 30.506ms
08-06 17:25:20.251 28083 28096 I art     : Starting a blocking GC Explicit
08-06 17:25:20.283 28083 28096 I art     : Explicit concurrent mark sweep GC freed 3(96B) AllocSpace objects, 0(0B) LOS objects, 36% free, 27MB/43MB, paused 1.018ms total 30.975ms
08-06 17:25:20.294 28083 28096 I art     : Starting a blocking GC Explicit
08-06 17:25:20.306   918  1210 D NetlinkSocketObserver: NeighborEvent{elapsedMs=1881324181, 192.168.2.254, [7C3953A63323], RTM_NEWNEIGH, NUD_STALE}
08-06 17:25:20.327 28083 28096 I art     : Explicit concurrent mark sweep GC freed 3(96B) AllocSpace objects, 0(0B) LOS objects, 36% free, 27MB/43MB, paused 996us total 32.251ms
08-06 17:25:20.643 28083 28614 I art     : Starting a blocking GC Explicit
08-06 17:25:20.688 28083 28614 I art     : Explicit concurrent mark sweep GC freed 1401(83KB) AllocSpace objects, 1(20KB) LOS objects, 36% free, 27MB/43MB, paused 1.164ms total 44.445ms
08-06 17:25:20.704 28083 28614 I art     : Starting a blocking GC Explicit
08-06 17:25:20.741 28083 28614 I art     : Explicit concurrent mark sweep GC freed 23(752B) AllocSpace objects, 0(0B) LOS objects, 36% free, 27MB/43MB, paused 1.024ms total 36.326ms
08-06 17:25:20.753 28083 28614 I art     : Starting a blocking GC Explicit
08-06 17:25:20.786 28083 28614 I art     : Explicit concurrent mark sweep GC freed 3(96B) AllocSpace objects, 0(0B) LOS objects, 36% free, 27MB/43MB, paused 995us total 32.937ms
08-06 17:25:20.798 28083 28614 I art     : Starting a blocking GC Explicit
08-06 17:25:20.831 28083 28614 I art     : Explicit concurrent mark sweep GC freed 3(96B) AllocSpace objects, 0(0B) LOS objects, 36% free, 27MB/43MB, paused 1.003ms total 33.245ms
08-06 17:25:20.843 28083 28614 I art     : Starting a blocking GC Explicit
08-06 17:25:20.860 25638 25638 W Atfwd_Sendcmd: AtCmdFwd service not published, waiting... retryCnt : 3
08-06 17:25:20.877 28083 28614 I art     : Explicit concurrent mark sweep GC freed 3(96B) AllocSpace objects, 0(0B) LOS objects, 36% free, 27MB/43MB, paused 1.026ms total 33.338ms
08-06 17:25:21.176 28083 28159 I art     : Starting a blocking GC Explicit
08-06 17:25:21.215 28083 28159 I art     : Explicit concurrent mark sweep GC freed 1368(80KB) AllocSpace objects, 1(20KB) LOS objects, 36% free, 27MB/43MB, paused 1.147ms total 38.488ms
08-06 17:25:21.228 28083 28159 I art     : Starting a blocking GC Explicit
08-06 17:25:21.261 28083 28159 I art     : Explicit concurrent mark sweep GC freed 23(752B) AllocSpace objects, 0(0B) LOS objects, 36% free, 27MB/43MB, paused 1.086ms total 32.211ms
08-06 17:25:21.272 28083 28159 I art     : Starting a blocking GC Explicit
08-06 17:25:21.304 28083 28159 I art     : Explicit concurrent mark sweep GC freed 3(96B) AllocSpace objects, 0(0B) LOS objects, 36% free, 27MB/43MB, paused 978us total 31.524ms
08-06 17:25:21.304 28083 28094 I art     : WaitForGcToComplete blocked for 23.442ms for cause HeapTrim
08-06 17:25:21.316 28083 28159 I art     : Starting a blocking GC Explicit
08-06 17:25:21.347 28083 28159 I art     : Explicit concurrent mark sweep GC freed 3(96B) AllocSpace objects, 0(0B) LOS objects, 36% free, 27MB/43MB, paused 1.023ms total 30.705ms
08-06 17:25:21.358 28083 28159 I art     : Starting a blocking GC Explicit
08-06 17:25:21.390 28083 28159 I art     : Explicit concurrent mark sweep GC freed 3(96B) AllocSpace objects, 0(0B) LOS objects, 36% free, 27MB/43MB, paused 1.022ms total 31.552ms
08-06 17:25:21.584 29202 29202 D AndroidRuntime: >>>>>> START com.android.internal.os.RuntimeInit uid 2000 <<<<<<
08-06 17:25:21.591 29202 29202 D AndroidRuntime: CheckJNI is OFF
08-06 17:25:21.633 29202 29202 D ICU     : No timezone override file found: /data/misc/zoneinfo/current/icu/icu_tzdata.dat
08-06 17:25:21.675 29202 29202 I Radio-JNI: register_android_hardware_Radio DONE
08-06 17:25:21.703 29202 29202 D AndroidRuntime: Calling main entry com.android.commands.input.Input
08-06 17:25:21.705 29202 29202 I Input   : injectMotionEvent: MotionEvent { action=ACTION_DOWN, actionButton=0, id[0]=0, x[0]=639.0, y[0]=762.0, toolType[0]=TOOL_TYPE_UNKNOWN, buttonState=0, metaState=0, flags=0x0, edgeFlags=0x0, pointerCount=1, historySize=0, eventTime=897938118, downTime=897938118, deviceId=0, source=0x1002 }
08-06 17:25:21.710 29202 29202 I Input   : injectMotionEvent: MotionEvent { action=ACTION_UP, actionButton=0, id[0]=0, x[0]=639.0, y[0]=762.0, toolType[0]=TOOL_TYPE_UNKNOWN, buttonState=0, metaState=0, flags=0x0, edgeFlags=0x0, pointerCount=1, historySize=0, eventTime=897938118, downTime=897938118, deviceId=0, source=0x1002 }
08-06 17:25:21.712 29202 29202 D AndroidRuntime: Shutting down VM
08-06 17:25:21.736 28083 28159 I art     : Starting a blocking GC Explicit
08-06 17:25:21.769 28083 28159 I art     : Explicit concurrent mark sweep GC freed 1452(83KB) AllocSpace objects, 1(20KB) LOS objects, 36% free, 27MB/43MB, paused 1.149ms total 33.008ms
08-06 17:25:21.778   512  2967 D audio_hw_primary: out_set_parameters: enter: usecase(1: low-latency-playback) kvpairs: routing=2
08-06 17:25:21.782 28083 28159 I art     : Starting a blocking GC Explicit
08-06 17:25:21.789 13866 13866 I GoogleInputMethodServic: GoogleInputMethodService.onFinishInput():3138 
08-06 17:25:21.790 13866 13866 I GoogleInputMethodServic: GoogleInputMethodService.onStartInput():1808 
08-06 17:25:21.792   512  2967 D audio_hw_primary: select_devices: out_snd_device(2: speaker) in_snd_device(0: none)
08-06 17:25:21.792   512  2967 D msm8974_platform: platform_send_audio_calibration: sending audio calibration for snd_device(2) acdb_id(15)
08-06 17:25:21.792   512  2967 I soundtrigger: audio_extn_sound_trigger_update_device_status: device 0x2 of type 0 for Event 1
08-06 17:25:21.803   512  2967 D audio_hw_primary: enable_snd_device: snd_device(2: speaker)
08-06 17:25:21.806   512  2967 D audio_hw_primary: enable_audio_route: apply and update mixer path: low-latency-playback speaker
08-06 17:25:21.815 28083 28159 I art     : Explicit concurrent mark sweep GC freed 228(9KB) AllocSpace objects, 0(0B) LOS objects, 36% free, 27MB/43MB, paused 1.035ms total 33.113ms
08-06 17:25:21.828 28083 28159 I art     : Starting a blocking GC Explicit
08-06 17:25:21.859 28083 28159 I art     : Explicit concurrent mark sweep GC freed 24(928B) AllocSpace objects, 0(0B) LOS objects, 36% free, 27MB/43MB, paused 1.104ms total 31.360ms
08-06 17:25:21.870 28083 28159 I art     : Starting a blocking GC Explicit
08-06 17:25:21.902 28083 28159 I art     : Explicit concurrent mark sweep GC freed 18(672B) AllocSpace objects, 0(0B) LOS objects, 36% free, 27MB/43MB, paused 1.282ms total 31.166ms
08-06 17:25:21.913 28083 28159 I art     : Starting a blocking GC Explicit
08-06 17:25:21.944 28083 28159 I art     : Explicit concurrent mark sweep GC freed 15(544B) AllocSpace objects, 0(0B) LOS objects, 36% free, 27MB/43MB, paused 1.045ms total 30.647ms
08-06 17:25:22.009 28083 28111 I NAPPA_EXPERIMENTATION: MetricNetworkRequestExecutionTime: REQUEST_DURATION_SYSTEM='232',REQUEST_DURATION_OKHTTP='231',REQUEST_SYNCHRONOUS='TRUE',RESPONSE_CODE='200',RESPONSE_METHOD='GET',RESPONSE_LENGTH_OKHTTP='-1',RESPONSE_LENGTH_HEADER='622',REQUEST_PROTOCOL='h2',REQUEST_URL='https://itunes.apple.com/lookup?id=360084272',
08-06 17:25:22.018   918  5481 I ActivityManager: START u0 {cmp=baseline.de.danoeh.antennapod.debug/baseline.de.danoeh.antennapod.activity.OnlineFeedViewActivity (has extras)} from uid 10711 on display 0
08-06 17:25:22.041 13866 13866 I GoogleInputMethodServic: GoogleInputMethodService.onFinishInput():3138 
08-06 17:25:22.041 13866 13866 I GoogleInputMethodServic: GoogleInputMethodService.onStartInput():1808 
08-06 17:25:22.066 28083 28083 D UserPreferences: Using default data folder
08-06 17:25:22.067 28083 28083 D OnlineFeedViewActivity: Activity was started with url http://joeroganexp.joerogan.libsynpro.com/rss
08-06 17:25:22.070 28083 28083 D OnlineFeedViewActivity: Starting feed download
08-06 17:25:22.073 28083 28103 D DBReader: Extracting Feedlist
08-06 17:25:22.075   918  6111 D WifiService: acquireWifiLockLocked: WifiLock{Downloader type=1 binder=android.os.BinderProxy@721890a}
08-06 17:25:22.076 28083 28103 D AntennapodHttpClient: Creating new instance of HTTP client
08-06 17:25:22.119 28083 28103 D MYTAG   : interceptor 3a http://joeroganexp.joerogan.libsynpro.com/rss
08-06 17:25:22.120 28083 28103 I NAPPA_EXPERIMENTATION: MetricNetworkRequestExecutionTime: REQUEST_DURATION_SYSTEM='42',REQUEST_DURATION_OKHTTP='35',REQUEST_SYNCHRONOUS='TRUE',RESPONSE_CODE='200',RESPONSE_METHOD='GET',RESPONSE_LENGTH_OKHTTP='-1',RESPONSE_LENGTH_HEADER='307892',REQUEST_PROTOCOL='http/1.1',REQUEST_URL='http://joeroganexp.joerogan.libsynpro.com/rss',
08-06 17:25:22.120 28083 28103 D HttpDownloader: Response code is 200
08-06 17:25:22.120 28083 28103 D UserPreferences: Using default data folder
08-06 17:25:22.122 28083 28103 D HttpDownloader: Getting size of download
08-06 17:25:22.122 28083 28103 D HttpDownloader: Size is -1
08-06 17:25:22.122 28083 28103 D UserPreferences: Using default data folder
08-06 17:25:22.122 28083 28103 D HttpDownloader: Free space is 20345495552
08-06 17:25:22.122 28083 28103 D HttpDownloader: Starting download
08-06 17:25:22.128 13866 13866 I GoogleInputMethodServic: GoogleInputMethodService.onFinishInput():3138 
08-06 17:25:22.128 13866 13866 I GoogleInputMethodServic: GoogleInputMethodService.onStartInput():1808 
08-06 17:25:22.158   918   936 I ActivityManager: Displayed baseline.de.danoeh.antennapod.debug/baseline.de.danoeh.antennapod.activity.OnlineFeedViewActivity: +116ms
08-06 17:25:22.227 28083 28159 I art     : Starting a blocking GC Explicit
08-06 17:25:22.259 28083 28159 I art     : Explicit concurrent mark sweep GC freed 3458(234KB) AllocSpace objects, 1(20KB) LOS objects, 36% free, 27MB/43MB, paused 1.418ms total 31.481ms
08-06 17:25:22.270 28083 28159 I art     : Starting a blocking GC Explicit
08-06 17:25:22.302 28083 28159 I art     : Explicit concurrent mark sweep GC freed 373(16KB) AllocSpace objects, 0(0B) LOS objects, 36% free, 27MB/43MB, paused 1.067ms total 31.556ms
08-06 17:25:22.314 28083 28159 I art     : Starting a blocking GC Explicit
08-06 17:25:22.341 28083 28103 D HttpDownloader: Download was successful
08-06 17:25:22.342   918  5132 D WifiService: releaseWifiLockLocked: WifiLock{Downloader type=1 binder=android.os.BinderProxy@721890a}
08-06 17:25:22.342 28083 28083 D OnlineFeedViewActivity: Parsing feed
08-06 17:25:22.345 28083 28159 I art     : Explicit concurrent mark sweep GC freed 13(800B) AllocSpace objects, 0(0B) LOS objects, 36% free, 27MB/43MB, paused 1.224ms total 31.171ms
08-06 17:25:22.348 28083 29244 D TypeGetter: Recognized type RSS 2.0
08-06 17:25:22.349   512  2967 D audio_hw_primary: disable_audio_route: reset and update mixer path: low-latency-playback speaker
08-06 17:25:22.353   512  2967 D audio_hw_primary: disable_snd_device: snd_device(2: speaker)
08-06 17:25:22.353 28083 29244 D SyndHandler: Recognized Atom namespace
08-06 17:25:22.353 28083 29244 D SyndHandler: Recognized ITunes namespace
08-06 17:25:22.354 28083 29244 D SyndHandler: Recognized media namespace
08-06 17:25:22.354 28083 29244 D SyndHandler: Recognized Content namespace
08-06 17:25:22.357 28083 28159 I art     : Starting a blocking GC Explicit
08-06 17:25:22.361   512  2967 I soundtrigger: audio_extn_sound_trigger_update_device_status: device 0x2 of type 0 for Event 0
08-06 17:25:22.391 28083 28159 I art     : Explicit concurrent mark sweep GC freed 1634(229KB) AllocSpace objects, 3(60KB) LOS objects, 36% free, 28MB/44MB, paused 1.258ms total 33.579ms
08-06 17:25:22.401   380   380 W SurfaceFlinger: couldn't log to binary event log: overflow.
08-06 17:25:22.403 28083 28159 I art     : Starting a blocking GC Explicit
08-06 17:25:22.434 28083 28159 I art     : Explicit concurrent mark sweep GC freed 2274(119KB) AllocSpace objects, 0(0B) LOS objects, 36% free, 28MB/44MB, paused 1.257ms total 31.467ms
08-06 17:25:22.520 28083 28083 D PlaybackController: Releasing PlaybackController
08-06 17:25:22.735 28083 28159 I art     : Starting a blocking GC Explicit
08-06 17:25:22.776 28083 28159 I art     : Explicit concurrent mark sweep GC freed 19289(1039KB) AllocSpace objects, 1(20KB) LOS objects, 35% free, 28MB/44MB, paused 1.311ms total 41.068ms
08-06 17:25:22.789 28083 28159 I art     : Starting a blocking GC Explicit
08-06 17:25:22.822 28083 28159 I art     : Explicit concurrent mark sweep GC freed 6042(290KB) AllocSpace objects, 0(0B) LOS objects, 35% free, 28MB/44MB, paused 1.332ms total 33.004ms
08-06 17:25:22.834 28083 28159 I art     : Starting a blocking GC Explicit
08-06 17:25:22.868 28083 28159 I art     : Explicit concurrent mark sweep GC freed 4401(213KB) AllocSpace objects, 0(0B) LOS objects, 35% free, 28MB/44MB, paused 1.416ms total 34.028ms
08-06 17:25:22.879 28083 28159 I art     : Starting a blocking GC Explicit
08-06 17:25:22.913 28083 28159 I art     : Explicit concurrent mark sweep GC freed 2734(136KB) AllocSpace objects, 0(0B) LOS objects, 35% free, 28MB/44MB, paused 1.400ms total 33.163ms
08-06 17:25:22.924 28083 28159 I art     : Starting a blocking GC Explicit
08-06 17:25:22.958 28083 28159 I art     : Explicit concurrent mark sweep GC freed 2601(134KB) AllocSpace objects, 0(0B) LOS objects, 35% free, 28MB/44MB, paused 1.468ms total 33.627ms
08-06 17:25:23.261 28083 28614 I art     : Starting a blocking GC Explicit
08-06 17:25:23.306 28083 28614 I art     : Explicit concurrent mark sweep GC freed 19657(1043KB) AllocSpace objects, 1(20KB) LOS objects, 35% free, 29MB/45MB, paused 1.642ms total 44.371ms
08-06 17:25:23.319 28083 28614 I art     : Starting a blocking GC Explicit
08-06 17:25:23.358 28083 28614 I art     : Explicit concurrent mark sweep GC freed 4278(206KB) AllocSpace objects, 0(0B) LOS objects, 35% free, 29MB/45MB, paused 2.666ms total 38.055ms
08-06 17:25:23.370 28083 28614 I art     : Starting a blocking GC Explicit
08-06 17:25:23.406 28083 28614 I art     : Explicit concurrent mark sweep GC freed 6434(307KB) AllocSpace objects, 0(0B) LOS objects, 35% free, 28MB/44MB, paused 1.321ms total 35.726ms
08-06 17:25:23.418 28083 28614 I art     : Starting a blocking GC Explicit
08-06 17:25:23.455 28083 28614 I art     : Explicit concurrent mark sweep GC freed 2802(152KB) AllocSpace objects, 0(0B) LOS objects, 35% free, 29MB/45MB, paused 1.348ms total 37.295ms
08-06 17:25:23.468 28083 28614 I art     : Starting a blocking GC Explicit
08-06 17:25:23.505 28083 28614 I art     : Explicit concurrent mark sweep GC freed 2802(139KB) AllocSpace objects, 0(0B) LOS objects, 35% free, 29MB/45MB, paused 1.691ms total 37.243ms
08-06 17:25:23.825 28083 28614 I art     : Starting a blocking GC Explicit
08-06 17:25:23.872 28083 28614 I art     : Explicit concurrent mark sweep GC freed 20270(1098KB) AllocSpace objects, 1(20KB) LOS objects, 34% free, 29MB/45MB, paused 1.511ms total 46.822ms
08-06 17:25:23.886 28083 28614 I art     : Starting a blocking GC Explicit
08-06 17:25:23.926 28083 28614 I art     : Explicit concurrent mark sweep GC freed 3985(204KB) AllocSpace objects, 0(0B) LOS objects, 34% free, 29MB/45MB, paused 1.522ms total 39.575ms
08-06 17:25:23.938 28083 28614 I art     : Starting a blocking GC Explicit
08-06 17:25:23.976 28083 28614 I art     : Explicit concurrent mark sweep GC freed 7588(363KB) AllocSpace objects, 0(0B) LOS objects, 35% free, 29MB/45MB, paused 1.374ms total 37.094ms
08-06 17:25:23.988 28083 28614 I art     : Starting a blocking GC Explicit
08-06 17:25:24.027 28083 28614 I art     : Explicit concurrent mark sweep GC freed 3040(148KB) AllocSpace objects, 0(0B) LOS objects, 35% free, 29MB/45MB, paused 1.288ms total 38.435ms
08-06 17:25:24.039 28083 28614 I art     : Starting a blocking GC Explicit
08-06 17:25:24.078 28083 28614 I art     : Explicit concurrent mark sweep GC freed 3018(160KB) AllocSpace objects, 0(0B) LOS objects, 35% free, 29MB/45MB, paused 1.591ms total 38.186ms
08-06 17:25:24.412 28083 28096 I art     : Starting a blocking GC Explicit
08-06 17:25:24.463 28083 28096 I art     : Explicit concurrent mark sweep GC freed 21459(1217KB) AllocSpace objects, 1(20KB) LOS objects, 34% free, 30MB/46MB, paused 1.587ms total 50.492ms
08-06 17:25:24.477 28083 28096 I art     : Starting a blocking GC Explicit
08-06 17:25:24.519 28083 28096 I art     : Explicit concurrent mark sweep GC freed 4824(240KB) AllocSpace objects, 0(0B) LOS objects, 34% free, 30MB/46MB, paused 2.652ms total 41.270ms
08-06 17:25:24.532 28083 28096 I art     : Starting a blocking GC Explicit
08-06 17:25:24.574 28083 28096 I art     : Explicit concurrent mark sweep GC freed 7327(347KB) AllocSpace objects, 0(0B) LOS objects, 34% free, 30MB/46MB, paused 1.349ms total 41.548ms
08-06 17:25:24.587 28083 28096 I art     : Starting a blocking GC Explicit
08-06 17:25:24.628 28083 28096 I art     : Explicit concurrent mark sweep GC freed 3173(153KB) AllocSpace objects, 0(0B) LOS objects, 34% free, 30MB/46MB, paused 1.495ms total 41.179ms
08-06 17:25:24.642 28083 28096 I art     : Starting a blocking GC Explicit
08-06 17:25:24.682 28083 28096 I art     : Explicit concurrent mark sweep GC freed 3196(163KB) AllocSpace objects, 0(0B) LOS objects, 34% free, 30MB/46MB, paused 1.594ms total 39.909ms
08-06 17:25:24.801   518   646 I ThermalEngine: ACTION: GPU - Setting GPU[0] to 390000000
08-06 17:25:25.020 28083 28096 I art     : Starting a blocking GC Explicit
08-06 17:25:25.076 28083 28096 I art     : Explicit concurrent mark sweep GC freed 16272(876KB) AllocSpace objects, 1(20KB) LOS objects, 34% free, 30MB/46MB, paused 2.059ms total 56.239ms
08-06 17:25:25.099 28083 28096 I art     : Starting a blocking GC Explicit
08-06 17:25:25.149 28083 28096 I art     : Explicit concurrent mark sweep GC freed 7384(392KB) AllocSpace objects, 0(0B) LOS objects, 34% free, 30MB/46MB, paused 1.918ms total 49.761ms
08-06 17:25:25.168 28083 28096 I art     : Starting a blocking GC Explicit
08-06 17:25:25.218 28083 28096 I art     : Explicit concurrent mark sweep GC freed 3320(188KB) AllocSpace objects, 0(0B) LOS objects, 34% free, 30MB/46MB, paused 1.942ms total 49.789ms
08-06 17:25:25.237 28083 28096 I art     : Starting a blocking GC Explicit
08-06 17:25:25.287 28083 28096 I art     : Explicit concurrent mark sweep GC freed 3280(139KB) AllocSpace objects, 0(0B) LOS objects, 34% free, 30MB/46MB, paused 1.976ms total 50.263ms
08-06 17:25:25.306 28083 28096 I art     : Starting a blocking GC Explicit
08-06 17:25:25.357 28083 28096 I art     : Explicit concurrent mark sweep GC freed 3282(139KB) AllocSpace objects, 0(0B) LOS objects, 34% free, 30MB/46MB, paused 1.913ms total 50.396ms
08-06 17:25:25.682 28083 28614 I art     : Starting a blocking GC Explicit
08-06 17:25:25.742 28083 28614 I art     : Explicit concurrent mark sweep GC freed 15954(701KB) AllocSpace objects, 1(20KB) LOS objects, 33% free, 31MB/47MB, paused 2.310ms total 60.074ms
08-06 17:25:25.763 28083 28614 I art     : Starting a blocking GC Explicit
08-06 17:25:25.816 28083 28614 I art     : Explicit concurrent mark sweep GC freed 7420(336KB) AllocSpace objects, 0(0B) LOS objects, 34% free, 30MB/46MB, paused 2.048ms total 52.793ms
08-06 17:25:25.836 28083 28614 I art     : Starting a blocking GC Explicit
08-06 17:25:25.888 28083 28614 I art     : Explicit concurrent mark sweep GC freed 3549(169KB) AllocSpace objects, 0(0B) LOS objects, 34% free, 31MB/47MB, paused 2.006ms total 52.246ms
08-06 17:25:25.908 28083 28614 I art     : Starting a blocking GC Explicit
08-06 17:25:25.961 28083 28614 I art     : Explicit concurrent mark sweep GC freed 3444(159KB) AllocSpace objects, 0(0B) LOS objects, 33% free, 31MB/47MB, paused 2.471ms total 52.483ms
08-06 17:25:25.976 28083 29244 D OnlineFeedViewActivity: Deleted feed source file. Result: true
08-06 17:25:25.980 28083 28614 I art     : Starting a blocking GC Explicit
08-06 17:25:25.988 28083 28083 D OnlineFeedViewActivity: Removing HTML from shownotes
08-06 17:25:26.038 28083 28614 I art     : Explicit concurrent mark sweep GC freed 24846(2038KB) AllocSpace objects, 103(6MB) LOS objects, 33% free, 31MB/47MB, paused 1.873ms total 57.356ms
08-06 17:25:26.374 28083 28096 I art     : Starting a blocking GC Explicit
08-06 17:25:26.441 28083 28096 I art     : Explicit concurrent mark sweep GC freed 49489(4MB) AllocSpace objects, 215(14MB) LOS objects, 32% free, 32MB/48MB, paused 2.121ms total 67.432ms
08-06 17:25:26.464 28083 28096 I art     : Starting a blocking GC Explicit
08-06 17:25:26.529 28083 28096 I art     : Explicit concurrent mark sweep GC freed 50216(4MB) AllocSpace objects, 233(15MB) LOS objects, 32% free, 32MB/48MB, paused 2.032ms total 64.184ms
08-06 17:25:26.550 28083 28096 I art     : Starting a blocking GC Explicit
08-06 17:25:26.601 29305 29305 D AndroidRuntime: >>>>>> START com.android.internal.os.RuntimeInit uid 2000 <<<<<<
08-06 17:25:26.607 29305 29305 D AndroidRuntime: CheckJNI is OFF
08-06 17:25:26.614 28083 28096 I art     : Explicit concurrent mark sweep GC freed 49700(5MB) AllocSpace objects, 326(21MB) LOS objects, 32% free, 33MB/49MB, paused 1.968ms total 63.174ms
08-06 17:25:26.635 28083 28096 I art     : Starting a blocking GC Explicit
08-06 17:25:26.642 28083 28975 D ApOkHttpUrlLoader: buildLoadData() called with: model = [http://static.libsyn.com/p/assets/7/1/f/3/71f3014e14ef2722/JREiTunesImage2.jpg], width = [350], height = [350]
08-06 17:25:26.642 28083 28083 I Choreographer: Skipped 38 frames!  The application may be doing too much work on its main thread.
08-06 17:25:26.643 28083 28813 D DBReader: getImageAuthentication() called with: imageUrl = [http://static.libsyn.com/p/assets/7/1/f/3/71f3014e14ef2722/JREiTunesImage2.jpg]
08-06 17:25:26.645 28083 28813 D ApOkHttpUrlLoader: no credentials for 'http://static.libsyn.com/p/assets/7/1/f/3/71f3014e14ef2722/JREiTunesImage2.jpg'
08-06 17:25:26.664 29305 29305 D ICU     : No timezone override file found: /data/misc/zoneinfo/current/icu/icu_tzdata.dat
08-06 17:25:26.690 28083 28096 I art     : Explicit concurrent mark sweep GC freed 8989(874KB) AllocSpace objects, 46(3MB) LOS objects, 33% free, 31MB/47MB, paused 2.326ms total 54.050ms
08-06 17:25:26.708 29305 29305 I Radio-JNI: register_android_hardware_Radio DONE
08-06 17:25:26.710 28083 28096 I art     : Starting a blocking GC Explicit
08-06 17:25:26.726 28083 28813 D MYTAG   : interceptor 2a
08-06 17:25:26.727 28083 28813 I NAPPA_EXPERIMENTATION: MetricNetworkRequestExecutionTime: REQUEST_DURATION_SYSTEM='81',REQUEST_DURATION_OKHTTP='38',REQUEST_SYNCHRONOUS='TRUE',RESPONSE_CODE='200',RESPONSE_METHOD='GET',RESPONSE_LENGTH_OKHTTP='402832',RESPONSE_LENGTH_HEADER='402832',REQUEST_PROTOCOL='http/1.1',REQUEST_URL='http://static.libsyn.com/p/assets/7/1/f/3/71f3014e14ef2722/JREiTunesImage2.jpg',
08-06 17:25:26.744 29305 29305 D AndroidRuntime: Calling main entry com.android.commands.input.Input
08-06 17:25:26.746 29305 29305 I Input   : injectMotionEvent: MotionEvent { action=ACTION_DOWN, actionButton=0, id[0]=0, x[0]=693.0, y[0]=821.0, toolType[0]=TOOL_TYPE_UNKNOWN, buttonState=0, metaState=0, flags=0x0, edgeFlags=0x0, pointerCount=1, historySize=0, eventTime=897943159, downTime=897943159, deviceId=0, source=0x1002 }
08-06 17:25:26.752 29305 29305 I Input   : injectMotionEvent: MotionEvent { action=ACTION_UP, actionButton=0, id[0]=0, x[0]=693.0, y[0]=821.0, toolType[0]=TOOL_TYPE_UNKNOWN, buttonState=0, metaState=0, flags=0x0, edgeFlags=0x0, pointerCount=1, historySize=0, eventTime=897943159, downTime=897943159, deviceId=0, source=0x1002 }
08-06 17:25:26.755 29305 29305 D AndroidRuntime: Shutting down VM
08-06 17:25:26.762 28083 28083 D UserPreferences: Using default data folder
08-06 17:25:26.762 28083 28083 D DownloadRequester: partiallyDownloadedFileExists: false
08-06 17:25:26.762 28083 28083 D DownloadRequester: /storage/emulated/0/Android/data/baseline.de.danoeh.antennapod.debug/files/cache/feed-The Joe Rogan Experience is available as a download destination
08-06 17:25:26.763 28083 28083 D DownloadRequester: Requesting download of url http://joeroganexp.joerogan.libsynpro.com/rss
08-06 17:25:26.765   512  2967 D audio_hw_primary: out_set_parameters: enter: usecase(1: low-latency-playback) kvpairs: routing=2
08-06 17:25:26.772 28083 28096 I art     : Explicit concurrent mark sweep GC freed 1280(71KB) AllocSpace objects, 1(112KB) LOS objects, 33% free, 31MB/47MB, paused 1.909ms total 61.704ms
08-06 17:25:26.772 28083 28083 D DownloadService: Service started
08-06 17:25:26.776 28083 28083 D DownloadService: parallel downloads: 4
08-06 17:25:26.778 28083 29328 D downloadCompletionThd: downloadCompletionThread was started
08-06 17:25:26.778 28083 28083 D DownloadService: Notification set up
08-06 17:25:26.779   512  2967 D audio_hw_primary: select_devices: out_snd_device(2: speaker) in_snd_device(0: none)
08-06 17:25:26.779   512  2967 D msm8974_platform: platform_send_audio_calibration: sending audio calibration for snd_device(2) acdb_id(15)
08-06 17:25:26.779   512  2967 I soundtrigger: audio_extn_sound_trigger_update_device_status: device 0x2 of type 0 for Event 1
08-06 17:25:26.790   512  2967 D audio_hw_primary: enable_snd_device: snd_device(2: speaker)
08-06 17:25:26.790 28083 28083 D DownloadService: Received enqueue request
08-06 17:25:26.792   512  2967 D audio_hw_primary: enable_audio_route: apply and update mixer path: low-latency-playback speaker
08-06 17:25:26.793 28083 28083 D OnlineFeedViewActivity: onEventMainThread() called with: event = [DownloadEvent{update=DownloaderUpdate{downloaders=[baseline.de.danoeh.antennapod.core.service.download.HttpDownloader@b35a412], feedIds=[0], mediaIds=[]}}]
08-06 17:25:26.794 28083 28083 D DownloadService: 1 downloads left
08-06 17:25:26.794 28083 28083 D DownloadService: Setting up notification updater
08-06 17:25:26.802   918   929 D WifiService: acquireWifiLockLocked: WifiLock{Downloader type=1 binder=android.os.BinderProxy@58f15e5}
08-06 17:25:26.812 28083 29330 D AntennapodHttpClient: Creating new instance of HTTP client
08-06 17:25:26.867 28083 29330 D MYTAG   : interceptor 3a http://joeroganexp.joerogan.libsynpro.com/rss
08-06 17:25:26.868 28083 29330 I NAPPA_EXPERIMENTATION: MetricNetworkRequestExecutionTime: REQUEST_DURATION_SYSTEM='55',REQUEST_DURATION_OKHTTP='39',REQUEST_SYNCHRONOUS='TRUE',RESPONSE_CODE='200',RESPONSE_METHOD='GET',RESPONSE_LENGTH_OKHTTP='-1',RESPONSE_LENGTH_HEADER='307892',REQUEST_PROTOCOL='http/1.1',REQUEST_URL='http://joeroganexp.joerogan.libsynpro.com/rss',
08-06 17:25:26.868 28083 29330 D HttpDownloader: Response code is 200
08-06 17:25:26.868 28083 29330 D UserPreferences: Using default data folder
08-06 17:25:26.881 28083 29330 D HttpDownloader: Getting size of download
08-06 17:25:26.882 28083 29330 D HttpDownloader: Size is -1
08-06 17:25:26.882 28083 29330 D UserPreferences: Using default data folder
08-06 17:25:26.882 28083 29330 D HttpDownloader: Free space is 20345090048
08-06 17:25:26.882 28083 29330 D HttpDownloader: Starting download
08-06 17:25:27.048 28083 29330 D HttpDownloader: Download was successful
08-06 17:25:27.049   918  4413 D WifiService: releaseWifiLockLocked: WifiLock{Downloader type=1 binder=android.os.BinderProxy@58f15e5}
08-06 17:25:27.050 28083 29328 D downloadCompletionThd: Received 'Download Complete' - message.
08-06 17:25:27.050 28083 29328 D DownloadService: Handling completed Feed Download
08-06 17:25:27.050 28083 28083 D DownloadService: Removing downloader: http://joeroganexp.joerogan.libsynpro.com/rss
08-06 17:25:27.050 28083 28083 D DownloadService: Result of downloads.remove: true
08-06 17:25:27.050 28083 28083 D OnlineFeedViewActivity: onEventMainThread() called with: event = [DownloadEvent{update=DownloaderUpdate{downloaders=[], feedIds=[], mediaIds=[]}}]
08-06 17:25:27.054 28083 29343 D TypeGetter: Recognized type RSS 2.0
08-06 17:25:27.058 28083 29343 D SyndHandler: Recognized Atom namespace
08-06 17:25:27.058 28083 29343 D SyndHandler: Recognized ITunes namespace
08-06 17:25:27.058 28083 29343 D SyndHandler: Recognized media namespace
08-06 17:25:27.058 28083 29343 D SyndHandler: Recognized Content namespace
08-06 17:25:27.106 28083 28095 I art     : Starting a blocking GC Explicit
08-06 17:25:27.163 28083 28095 I art     : Explicit concurrent mark sweep GC freed 6648(519KB) AllocSpace objects, 4(80KB) LOS objects, 33% free, 31MB/47MB, paused 2.073ms total 57.401ms
08-06 17:25:27.184 28083 28095 I art     : Starting a blocking GC Explicit
08-06 17:25:27.239 28083 28095 I art     : Explicit concurrent mark sweep GC freed 3756(184KB) AllocSpace objects, 0(0B) LOS objects, 33% free, 31MB/47MB, paused 2.045ms total 54.947ms
08-06 17:25:27.260 28083 28095 I art     : Starting a blocking GC Explicit
08-06 17:25:27.315 28083 28095 I art     : Explicit concurrent mark sweep GC freed 3384(181KB) AllocSpace objects, 0(0B) LOS objects, 33% free, 31MB/47MB, paused 1.981ms total 55.414ms
08-06 17:25:27.330   512  2967 D audio_hw_primary: disable_audio_route: reset and update mixer path: low-latency-playback speaker
08-06 17:25:27.331   512  2967 D audio_hw_primary: disable_snd_device: snd_device(2: speaker)
08-06 17:25:27.335 28083 28095 I art     : Starting a blocking GC Explicit
08-06 17:25:27.341   512  2967 I soundtrigger: audio_extn_sound_trigger_update_device_status: device 0x2 of type 0 for Event 0
08-06 17:25:27.392 28083 28095 I art     : Explicit concurrent mark sweep GC freed 3561(176KB) AllocSpace objects, 0(0B) LOS objects, 33% free, 31MB/47MB, paused 2.194ms total 56.556ms
08-06 17:25:27.413 28083 28095 I art     : Starting a blocking GC Explicit
08-06 17:25:27.470 28083 28095 I art     : Explicit concurrent mark sweep GC freed 3654(188KB) AllocSpace objects, 0(0B) LOS objects, 33% free, 32MB/48MB, paused 2.018ms total 56.796ms
08-06 17:25:27.805 28083 28096 I art     : Starting a blocking GC Explicit
08-06 17:25:27.875 28083 28096 I art     : Explicit concurrent mark sweep GC freed 16924(906KB) AllocSpace objects, 1(20KB) LOS objects, 32% free, 32MB/48MB, paused 2.191ms total 69.540ms
08-06 17:25:27.898 28083 28096 I art     : Starting a blocking GC Explicit
08-06 17:25:27.959 28083 28096 I art     : Explicit concurrent mark sweep GC freed 7811(384KB) AllocSpace objects, 0(0B) LOS objects, 33% free, 32MB/48MB, paused 2.026ms total 60.077ms
08-06 17:25:27.981 28083 28096 I art     : Starting a blocking GC Explicit
08-06 17:25:28.050 28083 28096 I art     : Explicit concurrent mark sweep GC freed 4286(217KB) AllocSpace objects, 0(0B) LOS objects, 33% free, 32MB/48MB, paused 2.291ms total 68.146ms
08-06 17:25:28.072 28083 28096 I art     : Starting a blocking GC Explicit
08-06 17:25:28.135 28083 28096 I art     : Explicit concurrent mark sweep GC freed 4212(215KB) AllocSpace objects, 0(0B) LOS objects, 32% free, 32MB/48MB, paused 2.185ms total 62.865ms
08-06 17:25:28.159 28083 28096 I art     : Starting a blocking GC Explicit
08-06 17:25:28.222 28083 28096 I art     : Explicit concurrent mark sweep GC freed 4105(204KB) AllocSpace objects, 0(0B) LOS objects, 32% free, 32MB/48MB, paused 2.334ms total 63.318ms
08-06 17:25:28.551 28083 28083 D OnlineFeedViewActivity: onEventMainThread() called with: event = [DownloadEvent{update=DownloaderUpdate{downloaders=[], feedIds=[], mediaIds=[]}}]
08-06 17:25:28.571 28083 28095 I art     : Starting a blocking GC Explicit
08-06 17:25:28.640 28083 28095 I art     : Explicit concurrent mark sweep GC freed 16845(892KB) AllocSpace objects, 1(20KB) LOS objects, 32% free, 33MB/49MB, paused 2.183ms total 69.091ms
08-06 17:25:28.664 28083 28095 I art     : Starting a blocking GC Explicit
08-06 17:25:28.731 28083 28095 I art     : Explicit concurrent mark sweep GC freed 7967(390KB) AllocSpace objects, 0(0B) LOS objects, 32% free, 32MB/48MB, paused 2.518ms total 66.056ms
08-06 17:25:28.754 28083 28095 I art     : Starting a blocking GC Explicit
08-06 17:25:28.820 28083 28095 I art     : Explicit concurrent mark sweep GC freed 4375(230KB) AllocSpace objects, 0(0B) LOS objects, 32% free, 33MB/49MB, paused 2.394ms total 65.121ms
08-06 17:25:28.843 28083 28095 I art     : Starting a blocking GC Explicit
08-06 17:25:28.910 28083 28095 I art     : Explicit concurrent mark sweep GC freed 4281(225KB) AllocSpace objects, 0(0B) LOS objects, 32% free, 33MB/49MB, paused 2.421ms total 66.372ms
08-06 17:25:28.933 28083 28095 I art     : Starting a blocking GC Explicit
08-06 17:25:28.999 28083 28095 I art     : Explicit concurrent mark sweep GC freed 4038(220KB) AllocSpace objects, 0(0B) LOS objects, 32% free, 33MB/49MB, paused 2.201ms total 65.576ms
08-06 17:25:29.337 28083 28614 I art     : Starting a blocking GC Explicit
08-06 17:25:29.413 28083 28614 I art     : Explicit concurrent mark sweep GC freed 17058(909KB) AllocSpace objects, 1(20KB) LOS objects, 32% free, 33MB/49MB, paused 2.427ms total 75.584ms
08-06 17:25:29.438 28083 28614 I art     : Starting a blocking GC Explicit
08-06 17:25:29.505 28083 28614 I art     : Explicit concurrent mark sweep GC freed 8346(415KB) AllocSpace objects, 0(0B) LOS objects, 32% free, 33MB/49MB, paused 2.310ms total 66.495ms
08-06 17:25:29.529 28083 28614 I art     : Starting a blocking GC Explicit
08-06 17:25:29.597 28083 28614 I art     : Explicit concurrent mark sweep GC freed 4433(239KB) AllocSpace objects, 0(0B) LOS objects, 32% free, 33MB/49MB, paused 2.336ms total 68.494ms
08-06 17:25:29.622 28083 28614 I art     : Starting a blocking GC Explicit
08-06 17:25:29.690 28083 28614 I art     : Explicit concurrent mark sweep GC freed 4439(233KB) AllocSpace objects, 0(0B) LOS objects, 32% free, 33MB/49MB, paused 2.452ms total 67.713ms
08-06 17:25:29.715 28083 28614 I art     : Starting a blocking GC Explicit
08-06 17:25:29.785 28083 28614 I art     : Explicit concurrent mark sweep GC freed 4328(229KB) AllocSpace objects, 0(0B) LOS objects, 32% free, 33MB/49MB, paused 2.357ms total 69.753ms
08-06 17:25:29.860   918  3188 I hubconnection: sensorhub said: 'set_bias 3: -5.8848, 0.0000, 0.0000'
08-06 17:25:30.055 28083 28083 D OnlineFeedViewActivity: onEventMainThread() called with: event = [DownloadEvent{update=DownloaderUpdate{downloaders=[], feedIds=[], mediaIds=[]}}]
08-06 17:25:30.123 28083 28096 I art     : Starting a blocking GC Explicit
08-06 17:25:30.147 24365 14427 I NetworkScheduler.Stats: Task com.google.android.gms/com.google.android.gms.icing.service.IcingGcmTaskService started execution. cause:4 exec_start_elapsed_seconds: 1881333 [CONTEXT service_id=218 ]
08-06 17:25:30.151 24365  8032 I NetworkScheduler.Stats: Task com.google.android.gms/com.google.android.gms.icing.service.IcingGcmTaskService finished executing. cause:4 result: 1 elapsed_millis: 35 uptime_millis: 35 exec_start_elapsed_seconds: 1881333 [CONTEXT service_id=218 ]
08-06 17:25:30.191 28083 28096 I art     : Explicit concurrent mark sweep GC freed 16838(924KB) AllocSpace objects, 1(20KB) LOS objects, 31% free, 34MB/50MB, paused 2.079ms total 67.960ms
08-06 17:25:30.214 28083 28096 I art     : Starting a blocking GC Explicit
08-06 17:25:30.279 28083 28096 I art     : Explicit concurrent mark sweep GC freed 8366(414KB) AllocSpace objects, 0(0B) LOS objects, 31% free, 34MB/50MB, paused 2.122ms total 64.435ms
08-06 17:25:30.303 28083 28096 I art     : Starting a blocking GC Explicit
08-06 17:25:30.372 28083 28096 I art     : Explicit concurrent mark sweep GC freed 4592(229KB) AllocSpace objects, 0(0B) LOS objects, 31% free, 34MB/50MB, paused 2.330ms total 69.058ms
08-06 17:25:30.397 28083 28096 I art     : Starting a blocking GC Explicit
08-06 17:25:30.468 28083 28096 I art     : Explicit concurrent mark sweep GC freed 4529(235KB) AllocSpace objects, 0(0B) LOS objects, 31% free, 34MB/50MB, paused 2.354ms total 71.178ms
08-06 17:25:30.493 28083 28096 I art     : Starting a blocking GC Explicit
08-06 17:25:30.565 28083 28096 I art     : Explicit concurrent mark sweep GC freed 4438(228KB) AllocSpace objects, 0(0B) LOS objects, 31% free, 34MB/50MB, paused 2.227ms total 70.913ms
08-06 17:25:30.902 28083 28095 I art     : Starting a blocking GC Explicit
08-06 17:25:30.983 28083 28095 I art     : Explicit concurrent mark sweep GC freed 17835(886KB) AllocSpace objects, 1(20KB) LOS objects, 31% free, 34MB/50MB, paused 2.503ms total 80.346ms
08-06 17:25:31.010 28083 28095 I art     : Starting a blocking GC Explicit
08-06 17:25:31.082 28083 28095 I art     : Explicit concurrent mark sweep GC freed 8638(388KB) AllocSpace objects, 0(0B) LOS objects, 31% free, 34MB/50MB, paused 2.244ms total 71.661ms
08-06 17:25:31.105 28083 28095 I art     : Starting a blocking GC Explicit
08-06 17:25:31.170 28083 28095 I art     : Explicit concurrent mark sweep GC freed 4495(192KB) AllocSpace objects, 0(0B) LOS objects, 31% free, 34MB/50MB, paused 2.199ms total 65.097ms
08-06 17:25:31.195 28083 28095 I art     : Starting a blocking GC Explicit
08-06 17:25:31.266 28083 28095 I art     : Explicit concurrent mark sweep GC freed 4466(200KB) AllocSpace objects, 0(0B) LOS objects, 31% free, 34MB/50MB, paused 2.213ms total 70.405ms
08-06 17:25:31.291 28083 28095 I art     : Starting a blocking GC Explicit
08-06 17:25:31.362 28083 28095 I art     : Explicit concurrent mark sweep GC freed 4388(207KB) AllocSpace objects, 0(0B) LOS objects, 31% free, 34MB/50MB, paused 2.270ms total 70.788ms
08-06 17:25:31.450 28083 29343 D FeedSyncThread: The Joe Rogan Experience parsed
08-06 17:25:31.458 28083 29343 D FeedSyncThread: Deletion of file '/storage/emulated/0/Android/data/baseline.de.danoeh.antennapod.debug/files/cache/feed-The Joe Rogan Experience' successful
08-06 17:25:31.458 28083 29343 D DBReader: getFeedDownloadLog() called with: feed = [baseline.de.danoeh.antennapod.core.feed.Feed@0]
08-06 17:25:31.460 28083 29329 D FeedSyncThread: Bundling 1 feeds
08-06 17:25:31.461 28083 29405 D DBReader: Extracting Feedlist
08-06 17:25:31.463 28083 29405 D DBTasks : Found no existing Feed with title The Joe Rogan Experience. Adding as new one.
08-06 17:25:31.467 28083 29084 D PodDBAdapter: Setting feed with flattr status The Joe Rogan Experience: 0
08-06 17:25:31.467 28083 29084 D baseline.de.danoeh.antennapod.core.storage.PodDBAdapter@1666ccd: Inserting new Feed into db
08-06 17:25:31.556 28083 28083 D OnlineFeedViewActivity: onEventMainThread() called with: event = [DownloadEvent{update=DownloaderUpdate{downloaders=[], feedIds=[], mediaIds=[]}}]
08-06 17:25:31.677 29403 29403 D AndroidRuntime: >>>>>> START com.android.internal.os.RuntimeInit uid 2000 <<<<<<
08-06 17:25:31.682 29403 29403 D AndroidRuntime: CheckJNI is OFF
08-06 17:25:31.715 28083 28159 I art     : Starting a blocking GC Explicit
08-06 17:25:31.744 29403 29403 D ICU     : No timezone override file found: /data/misc/zoneinfo/current/icu/icu_tzdata.dat
08-06 17:25:31.792 29403 29403 I Radio-JNI: register_android_hardware_Radio DONE
08-06 17:25:31.801 28083 28159 I art     : Explicit concurrent mark sweep GC freed 78119(5MB) AllocSpace objects, 1(20KB) LOS objects, 31% free, 34MB/50MB, paused 2.297ms total 84.978ms
08-06 17:25:31.826 28083 28159 I art     : Starting a blocking GC Explicit
08-06 17:25:31.826 29403 29403 D AndroidRuntime: Calling main entry com.android.commands.input.Input
08-06 17:25:31.828 29403 29403 I Input   : injectKeyEvent: KeyEvent { action=ACTION_DOWN, keyCode=KEYCODE_BACK, scanCode=0, metaState=0, flags=0x0, repeatCount=0, eventTime=897948241, downTime=897948241, deviceId=-1, source=0x101 }
08-06 17:25:31.837 29403 29403 I Input   : injectKeyEvent: KeyEvent { action=ACTION_UP, keyCode=KEYCODE_BACK, scanCode=0, metaState=0, flags=0x0, repeatCount=0, eventTime=897948241, downTime=897948241, deviceId=-1, source=0x101 }
08-06 17:25:31.850 29403 29403 D AndroidRuntime: Shutting down VM
08-06 17:25:31.854 28083 28083 V PlaybackController: initServiceNotRunning()
08-06 17:25:31.854 28083 28083 D ExternalPlayerFragment: Loading media info
08-06 17:25:31.860 28083 28083 D UserPreferences: Using default data folder
08-06 17:25:31.860 28083 28103 D DBReader: getNavDrawerData() called with: 
08-06 17:25:31.889 13866 13866 I GoogleInputMethodServic: GoogleInputMethodService.onFinishInput():3138 
08-06 17:25:31.890 13866 13866 I GoogleInputMethodServic: GoogleInputMethodService.onStartInput():1808 
08-06 17:25:31.902 28083 28159 I art     : Explicit concurrent mark sweep GC freed 17770(1275KB) AllocSpace objects, 0(0B) LOS objects, 31% free, 34MB/50MB, paused 2.402ms total 75.504ms
08-06 17:25:31.925 28083 28159 I art     : Starting a blocking GC Explicit
08-06 17:25:31.993 28083 28159 I art     : Explicit concurrent mark sweep GC freed 18594(1392KB) AllocSpace objects, 0(0B) LOS objects, 31% free, 34MB/50MB, paused 2.140ms total 67.746ms
08-06 17:25:32.018 28083 28159 I art     : Starting a blocking GC Explicit
08-06 17:25:32.107 28083 28159 I art     : Explicit concurrent mark sweep GC freed 16795(1257KB) AllocSpace objects, 0(0B) LOS objects, 31% free, 34MB/50MB, paused 4.503ms total 88.283ms
08-06 17:25:32.132 28083 28159 I art     : Starting a blocking GC Explicit
08-06 17:25:32.144 28083 28083 D EventDistributor: Processing event queue. Number of events: 1
08-06 17:25:32.144 28083 28083 D EventDistributor: Notifying observers. Data: 1
08-06 17:25:32.144 28083 28083 D MainActivity: Received contentUpdate Intent.
08-06 17:25:32.145 28083 28083 D DownloadService: 0 downloads left
08-06 17:25:32.145 28083 28083 D DownloadService: Number of downloads is 0, attempting shutdown
08-06 17:25:32.145 28083 28111 D DBReader: getNavDrawerData() called with: 
08-06 17:25:32.146 28083 28602 D DBReader: Extracting Feedlist
08-06 17:25:32.148 28083 28083 D DownloadService: Service shutting down
08-06 17:25:32.148 28083 28083 D DownloadService: No report is created
08-06 17:25:32.148 28083 28083 D OnlineFeedViewActivity: onEventMainThread() called with: event = [DownloadEvent{update=DownloaderUpdate{downloaders=[], feedIds=[], mediaIds=[]}}]
08-06 17:25:32.153 28083 29328 E downloadCompletionThd: DownloadCompletionThread was interrupted
08-06 17:25:32.153 28083 28083 D DownloadService: NotificationUpdater cancelled. Result: false
08-06 17:25:32.154 28083 28083 D DBTasks : autodownloadUndownloadedItems
08-06 17:25:32.169 28083 29085 D NetworkUtils: Device is connected to Wi-Fi
08-06 17:25:32.170 28083 29085 D NetworkUtils: Auto-dl filter is disabled
08-06 17:25:32.172 28083 28103 D DBReader: getDownloadedItems() called
08-06 17:25:32.174 28083 28103 D DBReader: getFavoriteIDList() called
08-06 17:25:32.176 28083 28111 D DBReader: getDownloadedItems() called
08-06 17:25:32.176 28083 28103 D DBReader: getQueueIDList() called
08-06 17:25:32.177 28083 28103 D DBReader: Extracting Feedlist
08-06 17:25:32.178 28083 28111 D DBReader: getFavoriteIDList() called
08-06 17:25:32.180 28083 28111 D DBReader: getQueueIDList() called
08-06 17:25:32.182 28083 28111 D DBReader: Extracting Feedlist
08-06 17:25:32.191 28083 28083 D MainActivity: getLastNavFragment() -> AddFeedFragment
08-06 17:25:32.192 28083 28083 D MainActivity: getLastNavFragment() -> AddFeedFragment
08-06 17:25:32.193   380   380 W SurfaceFlinger: couldn't log to binary event log: overflow.
08-06 17:25:32.200 28083 28975 D ApOkHttpUrlLoader: buildLoadData() called with: model = [http://static.libsyn.com/p/assets/7/1/f/3/71f3014e14ef2722/JREiTunesImage2.jpg], width = [140], height = [140]
08-06 17:25:32.208 28083 28159 I art     : Explicit concurrent mark sweep GC freed 1576(135KB) AllocSpace objects, 1(20KB) LOS objects, 31% free, 34MB/50MB, paused 2.312ms total 74.874ms
08-06 17:25:32.245 28083 28975 D ApOkHttpUrlLoader: buildLoadData() called with: model = [http://static.libsyn.com/p/assets/7/1/f/3/71f3014e14ef2722/JREiTunesImage2.jpg], width = [140], height = [140]
08-06 17:25:32.555 28083 28096 I art     : Starting a blocking GC Explicit
08-06 17:25:32.633 28083 28096 I art     : Explicit concurrent mark sweep GC freed 33308(3MB) AllocSpace objects, 1(20KB) LOS objects, 33% free, 31MB/47MB, paused 1.880ms total 77.312ms
08-06 17:25:32.656 28083 28096 I art     : Starting a blocking GC Explicit
08-06 17:25:32.712 28083 28096 I art     : Explicit concurrent mark sweep GC freed 33505(3MB) AllocSpace objects, 2(248KB) LOS objects, 36% free, 28MB/44MB, paused 2.131ms total 54.839ms
08-06 17:25:32.731 28083 28096 I art     : Starting a blocking GC Explicit
08-06 17:25:32.774 28083 28096 I art     : Explicit concurrent mark sweep GC freed 3(96B) AllocSpace objects, 0(0B) LOS objects, 36% free, 28MB/44MB, paused 1.666ms total 42.503ms
08-06 17:25:32.792 28083 28096 I art     : Starting a blocking GC Explicit
08-06 17:25:32.836 28083 28096 I art     : Explicit concurrent mark sweep GC freed 3(96B) AllocSpace objects, 0(0B) LOS objects, 36% free, 28MB/44MB, paused 1.683ms total 44.100ms
08-06 17:25:32.854 28083 28096 I art     : Starting a blocking GC Explicit
08-06 17:25:32.898 28083 28096 I art     : Explicit concurrent mark sweep GC freed 3(96B) AllocSpace objects, 0(0B) LOS objects, 36% free, 28MB/44MB, paused 1.834ms total 43.839ms
08-06 17:25:33.229 28083 28095 I art     : Starting a blocking GC Explicit
08-06 17:25:33.283 28083 28095 I art     : Explicit concurrent mark sweep GC freed 1376(81KB) AllocSpace objects, 1(20KB) LOS objects, 36% free, 28MB/44MB, paused 2.646ms total 52.822ms
08-06 17:25:33.303 28083 28095 I art     : Starting a blocking GC Explicit
08-06 17:25:33.344 28083 28095 I art     : Explicit concurrent mark sweep GC freed 23(752B) AllocSpace objects, 0(0B) LOS objects, 36% free, 28MB/44MB, paused 1.855ms total 41.280ms
08-06 17:25:33.362 28083 28095 I art     : Starting a blocking GC Explicit
08-06 17:25:33.406 28083 28095 I art     : Explicit concurrent mark sweep GC freed 3(96B) AllocSpace objects, 0(0B) LOS objects, 36% free, 28MB/44MB, paused 2.118ms total 43.816ms
08-06 17:25:33.423 28083 28095 I art     : Starting a blocking GC Explicit
08-06 17:25:33.464 28083 28095 I art     : Explicit concurrent mark sweep GC freed 3(96B) AllocSpace objects, 0(0B) LOS objects, 36% free, 28MB/44MB, paused 1.716ms total 40.911ms
08-06 17:25:33.483 28083 28095 I art     : Starting a blocking GC Explicit
08-06 17:25:33.547 28083 28095 I art     : Explicit concurrent mark sweep GC freed 9(288B) AllocSpace objects, 0(0B) LOS objects, 36% free, 28MB/44MB, paused 2.455ms total 63.958ms
08-06 17:25:33.758 29442 29442 D AndroidRuntime: >>>>>> START com.android.internal.os.RuntimeInit uid 2000 <<<<<<
08-06 17:25:33.765 29442 29442 D AndroidRuntime: CheckJNI is OFF
08-06 17:25:33.817 29442 29442 D ICU     : No timezone override file found: /data/misc/zoneinfo/current/icu/icu_tzdata.dat
08-06 17:25:33.862 29442 29442 I Radio-JNI: register_android_hardware_Radio DONE
08-06 17:25:33.880 28083 28096 I art     : Starting a blocking GC Explicit
08-06 17:25:33.896 29442 29442 D AndroidRuntime: Calling main entry com.android.commands.input.Input
08-06 17:25:33.900 29442 29442 I Input   : injectMotionEvent: MotionEvent { action=ACTION_DOWN, actionButton=0, id[0]=0, x[0]=639.0, y[0]=762.0, toolType[0]=TOOL_TYPE_UNKNOWN, buttonState=0, metaState=0, flags=0x0, edgeFlags=0x0, pointerCount=1, historySize=0, eventTime=897950312, downTime=897950312, deviceId=0, source=0x1002 }
08-06 17:25:33.905 29442 29442 I Input   : injectMotionEvent: MotionEvent { action=ACTION_UP, actionButton=0, id[0]=0, x[0]=639.0, y[0]=762.0, toolType[0]=TOOL_TYPE_UNKNOWN, buttonState=0, metaState=0, flags=0x0, edgeFlags=0x0, pointerCount=1, historySize=0, eventTime=897950312, downTime=897950312, deviceId=0, source=0x1002 }
08-06 17:25:33.908 29442 29442 D AndroidRuntime: Shutting down VM
08-06 17:25:33.927 28083 28096 I art     : Explicit concurrent mark sweep GC freed 1666(95KB) AllocSpace objects, 1(20KB) LOS objects, 36% free, 28MB/44MB, paused 2.485ms total 46.769ms
08-06 17:25:33.944 28083 28096 I art     : Starting a blocking GC Explicit
08-06 17:25:33.974   512  2967 D audio_hw_primary: out_set_parameters: enter: usecase(1: low-latency-playback) kvpairs: routing=2
08-06 17:25:33.987   512  2967 D audio_hw_primary: select_devices: out_snd_device(2: speaker) in_snd_device(0: none)
08-06 17:25:33.988   512  2967 D msm8974_platform: platform_send_audio_calibration: sending audio calibration for snd_device(2) acdb_id(15)
08-06 17:25:33.988   512  2967 I soundtrigger: audio_extn_sound_trigger_update_device_status: device 0x2 of type 0 for Event 1
08-06 17:25:33.989 28083 28096 I art     : Explicit concurrent mark sweep GC freed 202(8KB) AllocSpace objects, 0(0B) LOS objects, 36% free, 28MB/44MB, paused 2.616ms total 44.873ms
08-06 17:25:33.991 13866 13866 I GoogleInputMethodServic: GoogleInputMethodService.onFinishInput():3138 
08-06 17:25:33.992 13866 13866 I GoogleInputMethodServic: GoogleInputMethodService.onStartInput():1808 
08-06 17:25:34.001   512  2967 D audio_hw_primary: enable_snd_device: snd_device(2: speaker)
08-06 17:25:34.004   512  2967 D audio_hw_primary: enable_audio_route: apply and update mixer path: low-latency-playback speaker
08-06 17:25:34.009 28083 28096 I art     : Starting a blocking GC Explicit
08-06 17:25:34.051 28083 28096 I art     : Explicit concurrent mark sweep GC freed 52(2144B) AllocSpace objects, 0(0B) LOS objects, 36% free, 28MB/44MB, paused 2.072ms total 41.120ms
08-06 17:25:34.068 28083 28096 I art     : Starting a blocking GC Explicit
08-06 17:25:34.113 28083 28096 I art     : Explicit concurrent mark sweep GC freed 22(800B) AllocSpace objects, 0(0B) LOS objects, 36% free, 28MB/44MB, paused 2.515ms total 44.864ms
08-06 17:25:34.131 28083 28096 I art     : Starting a blocking GC Explicit
08-06 17:25:34.172 28083 28096 I art     : Explicit concurrent mark sweep GC freed 21(800B) AllocSpace objects, 0(0B) LOS objects, 36% free, 28MB/44MB, paused 1.594ms total 40.343ms
08-06 17:25:34.197 28083 28602 I NAPPA_EXPERIMENTATION: MetricNetworkRequestExecutionTime: REQUEST_DURATION_SYSTEM='224',REQUEST_DURATION_OKHTTP='222',REQUEST_SYNCHRONOUS='TRUE',RESPONSE_CODE='200',RESPONSE_METHOD='GET',RESPONSE_LENGTH_OKHTTP='-1',RESPONSE_LENGTH_HEADER='622',REQUEST_PROTOCOL='h2',REQUEST_URL='https://itunes.apple.com/lookup?id=360084272',
08-06 17:25:34.215   918  4413 I ActivityManager: START u0 {cmp=baseline.de.danoeh.antennapod.debug/baseline.de.danoeh.antennapod.activity.OnlineFeedViewActivity (has extras)} from uid 10711 on display 0
08-06 17:25:34.244 13866 13866 I GoogleInputMethodServic: GoogleInputMethodService.onFinishInput():3138 
08-06 17:25:34.245 13866 13866 I GoogleInputMethodServic: GoogleInputMethodService.onStartInput():1808 
08-06 17:25:34.280 28083 28083 D UserPreferences: Using default data folder
08-06 17:25:34.281 28083 28083 D OnlineFeedViewActivity: Activity was started with url http://joeroganexp.joerogan.libsynpro.com/rss
08-06 17:25:34.285 28083 28083 D OnlineFeedViewActivity: Starting feed download
08-06 17:25:34.288 28083 28103 D DBReader: Extracting Feedlist
08-06 17:25:34.292   918   929 D WifiService: acquireWifiLockLocked: WifiLock{Downloader type=1 binder=android.os.BinderProxy@dbc79f8}
08-06 17:25:34.293 28083 28103 D AntennapodHttpClient: Creating new instance of HTTP client
08-06 17:25:34.334 28083 28103 D MYTAG   : interceptor 3a http://joeroganexp.joerogan.libsynpro.com/rss
08-06 17:25:34.335 28083 28103 I NAPPA_EXPERIMENTATION: MetricNetworkRequestExecutionTime: REQUEST_DURATION_SYSTEM='40',REQUEST_DURATION_OKHTTP='33',REQUEST_SYNCHRONOUS='TRUE',RESPONSE_CODE='200',RESPONSE_METHOD='GET',RESPONSE_LENGTH_OKHTTP='-1',RESPONSE_LENGTH_HEADER='307892',REQUEST_PROTOCOL='http/1.1',REQUEST_URL='http://joeroganexp.joerogan.libsynpro.com/rss',
08-06 17:25:34.335 28083 28103 D HttpDownloader: Response code is 200
08-06 17:25:34.335 28083 28103 D UserPreferences: Using default data folder
08-06 17:25:34.337 28083 28103 D HttpDownloader: Getting size of download
08-06 17:25:34.338 28083 28103 D HttpDownloader: Size is -1
08-06 17:25:34.338 28083 28103 D UserPreferences: Using default data folder
08-06 17:25:34.338 28083 28103 D HttpDownloader: Free space is 20343808000
08-06 17:25:34.338 28083 28103 D HttpDownloader: Starting download
08-06 17:25:34.348 13866 13866 I GoogleInputMethodServic: GoogleInputMethodService.onFinishInput():3138 
08-06 17:25:34.348 13866 13866 I GoogleInputMethodServic: GoogleInputMethodService.onStartInput():1808 
08-06 17:25:34.378   918   936 I ActivityManager: Displayed baseline.de.danoeh.antennapod.debug/baseline.de.danoeh.antennapod.activity.OnlineFeedViewActivity: +130ms
08-06 17:25:34.398 28083 28104 D OpenGLRenderer: endAllStagingAnimators on 0x7f7f48d800 (GridView) with handle 0x7f7e20ccc0
08-06 17:25:34.521 28083 28096 I art     : Starting a blocking GC Explicit
08-06 17:25:34.538   512  2967 D audio_hw_primary: disable_audio_route: reset and update mixer path: low-latency-playback speaker
08-06 17:25:34.540   512  2967 D audio_hw_primary: disable_snd_device: snd_device(2: speaker)
08-06 17:25:34.554   512  2967 I soundtrigger: audio_extn_sound_trigger_update_device_status: device 0x2 of type 0 for Event 0
08-06 17:25:34.561 28083 28103 D HttpDownloader: Download was successful
08-06 17:25:34.563   918  5481 D WifiService: releaseWifiLockLocked: WifiLock{Downloader type=1 binder=android.os.BinderProxy@dbc79f8}
08-06 17:25:34.565 28083 28083 D OnlineFeedViewActivity: Parsing feed
08-06 17:25:34.575 28083 28096 I art     : Explicit concurrent mark sweep GC freed 3363(228KB) AllocSpace objects, 1(20KB) LOS objects, 35% free, 28MB/44MB, paused 2.256ms total 53.777ms
08-06 17:25:34.575 28083 29482 D TypeGetter: Recognized type RSS 2.0
08-06 17:25:34.585 28083 29482 D SyndHandler: Recognized Atom namespace
08-06 17:25:34.585 28083 29482 D SyndHandler: Recognized ITunes namespace
08-06 17:25:34.585 28083 29482 D SyndHandler: Recognized media namespace
08-06 17:25:34.586 28083 29482 D SyndHandler: Recognized Content namespace
08-06 17:25:34.602 28083 28096 I art     : Starting a blocking GC Explicit
08-06 17:25:34.630   380   380 W SurfaceFlinger: couldn't log to binary event log: overflow.
08-06 17:25:34.652 28083 28096 I art     : Explicit concurrent mark sweep GC freed 2221(255KB) AllocSpace objects, 3(60KB) LOS objects, 35% free, 28MB/44MB, paused 2.117ms total 48.872ms
08-06 17:25:34.668 28083 28096 I art     : Starting a blocking GC Explicit
08-06 17:25:34.711 28083 28096 I art     : Explicit concurrent mark sweep GC freed 2497(131KB) AllocSpace objects, 0(0B) LOS objects, 35% free, 28MB/44MB, paused 2.873ms total 42.232ms
08-06 17:25:34.728 28083 28096 I art     : Starting a blocking GC Explicit
08-06 17:25:34.753 28083 28083 D PlaybackController: Releasing PlaybackController
08-06 17:25:34.775 28083 28096 I art     : Explicit concurrent mark sweep GC freed 2747(136KB) AllocSpace objects, 0(0B) LOS objects, 35% free, 28MB/44MB, paused 1.987ms total 46.194ms
08-06 17:25:34.791 28083 28096 I art     : Starting a blocking GC Explicit
08-06 17:25:34.834 28083 28096 I art     : Explicit concurrent mark sweep GC freed 2706(142KB) AllocSpace objects, 0(0B) LOS objects, 35% free, 28MB/44MB, paused 2.289ms total 42.780ms
08-06 17:25:35.161 28083 28095 I art     : Starting a blocking GC Explicit
08-06 17:25:35.214 28083 28095 I art     : Explicit concurrent mark sweep GC freed 15871(854KB) AllocSpace objects, 1(20KB) LOS objects, 35% free, 29MB/45MB, paused 2.270ms total 52.671ms
08-06 17:25:35.231 28083 28095 I art     : Starting a blocking GC Explicit
08-06 17:25:35.277 28083 28095 I art     : Explicit concurrent mark sweep GC freed 6840(330KB) AllocSpace objects, 0(0B) LOS objects, 35% free, 29MB/45MB, paused 2.204ms total 46.124ms
08-06 17:25:35.297 28083 28095 I art     : Starting a blocking GC Explicit
08-06 17:25:35.343 28083 28095 I art     : Explicit concurrent mark sweep GC freed 3225(164KB) AllocSpace objects, 0(0B) LOS objects, 35% free, 29MB/45MB, paused 2.045ms total 45.510ms
08-06 17:25:35.361 28083 28095 I art     : Starting a blocking GC Explicit
08-06 17:25:35.405 28083 28095 I art     : Explicit concurrent mark sweep GC freed 3165(161KB) AllocSpace objects, 0(0B) LOS objects, 35% free, 29MB/45MB, paused 2.042ms total 44.602ms
08-06 17:25:35.422 28083 28095 I art     : Starting a blocking GC Explicit
08-06 17:25:35.467 28083 28095 I art     : Explicit concurrent mark sweep GC freed 2827(144KB) AllocSpace objects, 0(0B) LOS objects, 35% free, 29MB/45MB, paused 2.175ms total 44.880ms
08-06 17:25:35.790 28083 28095 I art     : Starting a blocking GC Explicit
08-06 17:25:35.843 28083 28095 I art     : Explicit concurrent mark sweep GC freed 15828(841KB) AllocSpace objects, 1(20KB) LOS objects, 35% free, 29MB/45MB, paused 2.447ms total 52.261ms
08-06 17:25:35.861 28083 28095 I art     : Starting a blocking GC Explicit
08-06 17:25:35.861 25638 25638 I ServiceManager: Waiting for service AtCmdFwd...
08-06 17:25:35.907 28083 28095 I art     : Explicit concurrent mark sweep GC freed 6785(326KB) AllocSpace objects, 0(0B) LOS objects, 35% free, 29MB/45MB, paused 2.184ms total 46.383ms
08-06 17:25:35.924 28083 28095 I art     : Starting a blocking GC Explicit
08-06 17:25:35.971 28083 28095 I art     : Explicit concurrent mark sweep GC freed 3081(151KB) AllocSpace objects, 0(0B) LOS objects, 35% free, 29MB/45MB, paused 2.151ms total 45.791ms
08-06 17:25:35.988 28083 28095 I art     : Starting a blocking GC Explicit
08-06 17:25:36.035 28083 28095 I art     : Explicit concurrent mark sweep GC freed 3015(154KB) AllocSpace objects, 0(0B) LOS objects, 35% free, 29MB/45MB, paused 3.331ms total 46.943ms
08-06 17:25:36.053 28083 28095 I art     : Starting a blocking GC Explicit
08-06 17:25:36.099 28083 28095 I art     : Explicit concurrent mark sweep GC freed 2929(154KB) AllocSpace objects, 0(0B) LOS objects, 35% free, 29MB/45MB, paused 2.174ms total 45.654ms
08-06 17:25:36.426 28083 28614 I art     : Starting a blocking GC Explicit
08-06 17:25:36.481 28083 28614 I art     : Explicit concurrent mark sweep GC freed 15815(866KB) AllocSpace objects, 1(20KB) LOS objects, 34% free, 30MB/46MB, paused 2.240ms total 54.792ms
08-06 17:25:36.500 28083 28614 I art     : Starting a blocking GC Explicit
08-06 17:25:36.547 28083 28614 I art     : Explicit concurrent mark sweep GC freed 6866(329KB) AllocSpace objects, 0(0B) LOS objects, 34% free, 29MB/45MB, paused 2.154ms total 47.216ms
08-06 17:25:36.564 28083 28614 I art     : Starting a blocking GC Explicit
08-06 17:25:36.611 28083 28614 I art     : Explicit concurrent mark sweep GC freed 3222(156KB) AllocSpace objects, 0(0B) LOS objects, 34% free, 30MB/46MB, paused 2.165ms total 46.635ms
08-06 17:25:36.628 28083 28614 I art     : Starting a blocking GC Explicit
08-06 17:25:36.676 28083 28614 I art     : Explicit concurrent mark sweep GC freed 3083(166KB) AllocSpace objects, 0(0B) LOS objects, 34% free, 30MB/46MB, paused 2.118ms total 46.790ms
08-06 17:25:36.693 28083 28614 I art     : Starting a blocking GC Explicit
08-06 17:25:36.741 28083 28614 I art     : Explicit concurrent mark sweep GC freed 3040(151KB) AllocSpace objects, 0(0B) LOS objects, 34% free, 30MB/46MB, paused 2.130ms total 47.056ms
08-06 17:25:36.861 25638 25638 I ServiceManager: Waiting for service AtCmdFwd...
08-06 17:25:37.074 28083 28096 I art     : Starting a blocking GC Explicit
08-06 17:25:37.134 28083 28096 I art     : Explicit concurrent mark sweep GC freed 15955(878KB) AllocSpace objects, 1(20KB) LOS objects, 34% free, 30MB/46MB, paused 2.370ms total 59.122ms
08-06 17:25:37.154 28083 28096 I art     : Starting a blocking GC Explicit
08-06 17:25:37.207 28083 28096 I art     : Explicit concurrent mark sweep GC freed 7377(359KB) AllocSpace objects, 0(0B) LOS objects, 34% free, 30MB/46MB, paused 2.218ms total 52.447ms
08-06 17:25:37.226 28083 28096 I art     : Starting a blocking GC Explicit
08-06 17:25:37.275 28083 28096 I art     : Explicit concurrent mark sweep GC freed 3201(165KB) AllocSpace objects, 0(0B) LOS objects, 34% free, 30MB/46MB, paused 2.118ms total 49.070ms
08-06 17:25:37.293 28083 28096 I art     : Starting a blocking GC Explicit
08-06 17:25:37.342 28083 28096 I art     : Explicit concurrent mark sweep GC freed 3145(175KB) AllocSpace objects, 0(0B) LOS objects, 34% free, 30MB/46MB, paused 2.145ms total 48.896ms
08-06 17:25:37.360 28083 28096 I art     : Starting a blocking GC Explicit
08-06 17:25:37.410 28083 28096 I art     : Explicit concurrent mark sweep GC freed 3138(170KB) AllocSpace objects, 0(0B) LOS objects, 34% free, 30MB/46MB, paused 2.230ms total 49.024ms
08-06 17:25:37.739 28083 28095 I art     : Starting a blocking GC Explicit
08-06 17:25:37.796 28083 28095 I art     : Explicit concurrent mark sweep GC freed 15538(838KB) AllocSpace objects, 1(20KB) LOS objects, 33% free, 31MB/47MB, paused 2.141ms total 56.582ms
08-06 17:25:37.814 28083 28095 I art     : Starting a blocking GC Explicit
08-06 17:25:37.862 25638 25638 I ServiceManager: Waiting for service AtCmdFwd...
08-06 17:25:37.865 28083 28095 I art     : Explicit concurrent mark sweep GC freed 7150(347KB) AllocSpace objects, 0(0B) LOS objects, 34% free, 30MB/46MB, paused 2.102ms total 50.667ms
08-06 17:25:37.884 28083 28095 I art     : Starting a blocking GC Explicit
08-06 17:25:37.935 28083 28095 I art     : Explicit concurrent mark sweep GC freed 3369(168KB) AllocSpace objects, 0(0B) LOS objects, 34% free, 30MB/46MB, paused 2.152ms total 50.686ms
08-06 17:25:37.953 28083 28095 I art     : Starting a blocking GC Explicit
08-06 17:25:38.004 28083 28095 I art     : Explicit concurrent mark sweep GC freed 2984(151KB) AllocSpace objects, 0(0B) LOS objects, 34% free, 31MB/47MB, paused 2.350ms total 50.539ms
08-06 17:25:38.023 28083 28095 I art     : Starting a blocking GC Explicit
08-06 17:25:38.075 28083 28095 I art     : Explicit concurrent mark sweep GC freed 3224(171KB) AllocSpace objects, 0(0B) LOS objects, 33% free, 31MB/47MB, paused 2.194ms total 51.309ms
08-06 17:25:38.431 28083 28614 I art     : Starting a blocking GC Explicit
08-06 17:25:38.494 28083 28614 I art     : Explicit concurrent mark sweep GC freed 16947(872KB) AllocSpace objects, 1(20KB) LOS objects, 33% free, 31MB/47MB, paused 2.233ms total 62.502ms
08-06 17:25:38.518 28083 28614 I art     : Starting a blocking GC Explicit
08-06 17:25:38.586 28083 28614 I art     : Explicit concurrent mark sweep GC freed 8441(368KB) AllocSpace objects, 0(0B) LOS objects, 33% free, 31MB/47MB, paused 2.484ms total 67.837ms
08-06 17:25:38.605 28083 28614 I art     : Starting a blocking GC Explicit
08-06 17:25:38.659 28083 28614 I art     : Explicit concurrent mark sweep GC freed 3720(166KB) AllocSpace objects, 0(0B) LOS objects, 33% free, 31MB/47MB, paused 2.154ms total 53.944ms
08-06 17:25:38.680 28083 28614 I art     : Starting a blocking GC Explicit
08-06 17:25:38.734 28083 28614 I art     : Explicit concurrent mark sweep GC freed 3219(138KB) AllocSpace objects, 0(0B) LOS objects, 33% free, 31MB/47MB, paused 2.137ms total 53.420ms
08-06 17:25:38.753 28083 28614 I art     : Starting a blocking GC Explicit
08-06 17:25:38.810 28083 28614 I art     : Explicit concurrent mark sweep GC freed 3286(142KB) AllocSpace objects, 0(0B) LOS objects, 33% free, 31MB/47MB, paused 2.292ms total 55.871ms
08-06 17:25:38.826 29534 29534 D AndroidRuntime: >>>>>> START com.android.internal.os.RuntimeInit uid 2000 <<<<<<
08-06 17:25:38.831 29534 29534 D AndroidRuntime: CheckJNI is OFF
08-06 17:25:38.862 25638 25638 I ServiceManager: Waiting for service AtCmdFwd...
08-06 17:25:38.890 29534 29534 D ICU     : No timezone override file found: /data/misc/zoneinfo/current/icu/icu_tzdata.dat
08-06 17:25:38.937 29534 29534 I Radio-JNI: register_android_hardware_Radio DONE
08-06 17:25:38.969 29534 29534 D AndroidRuntime: Calling main entry com.android.commands.input.Input
08-06 17:25:38.971 29534 29534 I Input   : injectKeyEvent: KeyEvent { action=ACTION_DOWN, keyCode=KEYCODE_BACK, scanCode=0, metaState=0, flags=0x0, repeatCount=0, eventTime=897955384, downTime=897955384, deviceId=-1, source=0x101 }
08-06 17:25:38.977 29534 29534 I Input   : injectKeyEvent: KeyEvent { action=ACTION_UP, keyCode=KEYCODE_BACK, scanCode=0, metaState=0, flags=0x0, repeatCount=0, eventTime=897955384, downTime=897955384, deviceId=-1, source=0x101 }
08-06 17:25:38.983 29534 29534 D AndroidRuntime: Shutting down VM
08-06 17:25:39.004 28083 28083 V PlaybackController: initServiceNotRunning()
08-06 17:25:39.004 28083 28083 D ExternalPlayerFragment: Loading media info
08-06 17:25:39.012 28083 28083 D UserPreferences: Using default data folder
08-06 17:25:39.014 28083 28103 D DBReader: getNavDrawerData() called with: 
08-06 17:25:39.030 28083 28103 D DBReader: getDownloadedItems() called
08-06 17:25:39.032 28083 28103 D DBReader: getFavoriteIDList() called
08-06 17:25:39.034 28083 28103 D DBReader: getQueueIDList() called
08-06 17:25:39.034 28083 28103 D DBReader: Extracting Feedlist
08-06 17:25:39.058 28083 29482 D OnlineFeedViewActivity: Deleted feed source file. Result: true
08-06 17:25:39.073 28083 28083 D MainActivity: getLastNavFragment() -> AddFeedFragment
08-06 17:25:39.079 13866 13866 I GoogleInputMethodServic: GoogleInputMethodService.onFinishInput():3138 
08-06 17:25:39.081 13866 13866 I GoogleInputMethodServic: GoogleInputMethodService.onStartInput():1808 
08-06 17:25:39.100 28083 28083 D OnlineFeedViewActivity: Removing HTML from shownotes
08-06 17:25:39.167 28083 28096 I art     : Starting a blocking GC Explicit
08-06 17:25:39.261 28083 28096 I art     : Explicit concurrent mark sweep GC freed 77519(5MB) AllocSpace objects, 288(19MB) LOS objects, 32% free, 33MB/49MB, paused 2.495ms total 94ms
08-06 17:25:39.286 28083 28096 I art     : Starting a blocking GC Explicit
08-06 17:25:39.354 28083 28096 I art     : Explicit concurrent mark sweep GC freed 48536(3MB) AllocSpace objects, 202(13MB) LOS objects, 32% free, 33MB/49MB, paused 2.049ms total 66.849ms
08-06 17:25:39.376 28083 28096 I art     : Starting a blocking GC Explicit
08-06 17:25:39.443 28083 28096 I art     : Explicit concurrent mark sweep GC freed 52217(4MB) AllocSpace objects, 228(15MB) LOS objects, 32% free, 33MB/49MB, paused 2.138ms total 66.869ms
08-06 17:25:39.466 28083 28096 I art     : Starting a blocking GC Explicit
08-06 17:25:39.534 28083 28096 I art     : Explicit concurrent mark sweep GC freed 54092(4MB) AllocSpace objects, 243(16MB) LOS objects, 32% free, 33MB/49MB, paused 2.248ms total 68.378ms
08-06 17:25:39.558 28083 28096 I art     : Starting a blocking GC Explicit
08-06 17:25:39.630 28083 28096 I art     : Explicit concurrent mark sweep GC freed 56309(4MB) AllocSpace objects, 254(16MB) LOS objects, 32% free, 33MB/49MB, paused 2.313ms total 71.502ms
08-06 17:25:39.771 28083 28083 I Choreographer: Skipped 41 frames!  The application may be doing too much work on its main thread.
08-06 17:25:39.784   380   380 W SurfaceFlinger: couldn't log to binary event log: overflow.
08-06 17:25:39.863 25638 25638 I ServiceManager: Waiting for service AtCmdFwd...
08-06 17:25:39.958 28083 28096 I art     : Starting a blocking GC Explicit
08-06 17:25:40.043 28083 28096 I art     : Explicit concurrent mark sweep GC freed 31614(3MB) AllocSpace objects, 205(13MB) LOS objects, 33% free, 31MB/47MB, paused 2.342ms total 84.764ms
08-06 17:25:40.067 28083 28096 I art     : Starting a blocking GC Explicit
08-06 17:25:40.132 28083 28096 I art     : Explicit concurrent mark sweep GC freed 576(27KB) AllocSpace objects, 1(112KB) LOS objects, 33% free, 31MB/47MB, paused 1.930ms total 65.408ms
08-06 17:25:40.156 28083 28096 I art     : Starting a blocking GC Explicit
08-06 17:25:40.218 28083 28096 I art     : Explicit concurrent mark sweep GC freed 3(96B) AllocSpace objects, 0(0B) LOS objects, 33% free, 31MB/47MB, paused 2.003ms total 61.534ms
08-06 17:25:40.240 28083 28096 I art     : Starting a blocking GC Explicit
08-06 17:25:40.300 28083 28096 I art     : Explicit concurrent mark sweep GC freed 3(96B) AllocSpace objects, 0(0B) LOS objects, 33% free, 31MB/47MB, paused 1.987ms total 59.015ms
08-06 17:25:40.322 28083 28096 I art     : Starting a blocking GC Explicit
08-06 17:25:40.380 28083 28096 I art     : Explicit concurrent mark sweep GC freed 3(96B) AllocSpace objects, 0(0B) LOS objects, 33% free, 31MB/47MB, paused 1.953ms total 58.098ms
08-06 17:25:40.728 28083 28614 I art     : Starting a blocking GC Explicit
08-06 17:25:40.798 28083 28614 I art     : Explicit concurrent mark sweep GC freed 1426(84KB) AllocSpace objects, 1(20KB) LOS objects, 33% free, 31MB/47MB, paused 2.925ms total 68.560ms
08-06 17:25:40.821 28083 28614 I art     : Starting a blocking GC Explicit
08-06 17:25:40.863 25638 25638 W Atfwd_Sendcmd: AtCmdFwd service not published, waiting... retryCnt : 4
08-06 17:25:40.879 28083 28614 I art     : Explicit concurrent mark sweep GC freed 34(1104B) AllocSpace objects, 0(0B) LOS objects, 33% free, 31MB/47MB, paused 1.977ms total 57.812ms
08-06 17:25:40.890 29604 29604 D AndroidRuntime: >>>>>> START com.android.internal.os.RuntimeInit uid 2000 <<<<<<
08-06 17:25:40.897 29604 29604 D AndroidRuntime: CheckJNI is OFF
08-06 17:25:40.903 28083 28614 I art     : Starting a blocking GC Explicit
08-06 17:25:40.946 29604 29604 D ICU     : No timezone override file found: /data/misc/zoneinfo/current/icu/icu_tzdata.dat
08-06 17:25:40.955 28083 28614 I art     : Explicit concurrent mark sweep GC freed 3(96B) AllocSpace objects, 0(0B) LOS objects, 33% free, 31MB/47MB, paused 1.675ms total 52.065ms
08-06 17:25:40.975 28083 28614 I art     : Starting a blocking GC Explicit
08-06 17:25:40.988 29604 29604 I Radio-JNI: register_android_hardware_Radio DONE
08-06 17:25:41.020 29604 29604 D AndroidRuntime: Calling main entry com.android.commands.input.Input
08-06 17:25:41.022 29604 29604 I Input   : injectMotionEvent: MotionEvent { action=ACTION_DOWN, actionButton=0, id[0]=0, x[0]=616.0, y[0]=469.0, toolType[0]=TOOL_TYPE_UNKNOWN, buttonState=0, metaState=0, flags=0x0, edgeFlags=0x0, pointerCount=1, historySize=0, eventTime=897957435, downTime=897957435, deviceId=0, source=0x1002 }
08-06 17:25:41.028 29604 29604 I Input   : injectMotionEvent: MotionEvent { action=ACTION_UP, actionButton=0, id[0]=0, x[0]=616.0, y[0]=469.0, toolType[0]=TOOL_TYPE_UNKNOWN, buttonState=0, metaState=0, flags=0x0, edgeFlags=0x0, pointerCount=1, historySize=0, eventTime=897957435, downTime=897957435, deviceId=0, source=0x1002 }
08-06 17:25:41.030 29604 29604 D AndroidRuntime: Shutting down VM
08-06 17:25:41.034 28083 28614 I art     : Explicit concurrent mark sweep GC freed 19(576B) AllocSpace objects, 0(0B) LOS objects, 33% free, 31MB/47MB, paused 2.149ms total 58.341ms
08-06 17:25:41.064 28083 28614 I art     : Starting a blocking GC Explicit
08-06 17:25:41.096   512  2967 D audio_hw_primary: out_set_parameters: enter: usecase(1: low-latency-playback) kvpairs: routing=2
08-06 17:25:41.109 13866 13866 I GoogleInputMethodServic: GoogleInputMethodService.onFinishInput():3138 
08-06 17:25:41.109   512  2967 D audio_hw_primary: select_devices: out_snd_device(2: speaker) in_snd_device(0: none)
08-06 17:25:41.109   512  2967 D msm8974_platform: platform_send_audio_calibration: sending audio calibration for snd_device(2) acdb_id(15)
08-06 17:25:41.110   512  2967 I soundtrigger: audio_extn_sound_trigger_update_device_status: device 0x2 of type 0 for Event 1
08-06 17:25:41.110 13866 13866 I GoogleInputMethodServic: GoogleInputMethodService.onStartInput():1808 
08-06 17:25:41.118 28083 28614 I art     : Explicit concurrent mark sweep GC freed 199(8KB) AllocSpace objects, 0(0B) LOS objects, 33% free, 31MB/47MB, paused 2.223ms total 54.694ms
08-06 17:25:41.124   512  2967 D audio_hw_primary: enable_snd_device: snd_device(2: speaker)
08-06 17:25:41.126   512  2967 D audio_hw_primary: enable_audio_route: apply and update mixer path: low-latency-playback speaker
08-06 17:25:41.265 28083 28111 I NAPPA_EXPERIMENTATION: MetricNetworkRequestExecutionTime: REQUEST_DURATION_SYSTEM='170',REQUEST_DURATION_OKHTTP='168',REQUEST_SYNCHRONOUS='TRUE',RESPONSE_CODE='200',RESPONSE_METHOD='GET',RESPONSE_LENGTH_OKHTTP='-1',RESPONSE_LENGTH_HEADER='628',REQUEST_PROTOCOL='h2',REQUEST_URL='https://itunes.apple.com/lookup?id=1524080195',
08-06 17:25:41.272   918   929 I ActivityManager: START u0 {cmp=baseline.de.danoeh.antennapod.debug/baseline.de.danoeh.antennapod.activity.OnlineFeedViewActivity (has extras)} from uid 10711 on display 0
08-06 17:25:41.302 13866 13866 I GoogleInputMethodServic: GoogleInputMethodService.onFinishInput():3138 
08-06 17:25:41.303 13866 13866 I GoogleInputMethodServic: GoogleInputMethodService.onStartInput():1808 
08-06 17:25:41.327 28083 28083 D UserPreferences: Using default data folder
08-06 17:25:41.327 28083 28083 D OnlineFeedViewActivity: Activity was started with url https://rss.art19.com/nice-white-parents
08-06 17:25:41.331 28083 28083 D OnlineFeedViewActivity: Starting feed download
08-06 17:25:41.334 28083 28602 D DBReader: Extracting Feedlist
08-06 17:25:41.337   918  3714 D WifiService: acquireWifiLockLocked: WifiLock{Downloader type=1 binder=android.os.BinderProxy@6562479}
08-06 17:25:41.338 28083 28602 D AntennapodHttpClient: Creating new instance of HTTP client
08-06 17:25:41.396 13866 13866 I GoogleInputMethodServic: GoogleInputMethodService.onFinishInput():3138 
08-06 17:25:41.397 13866 13866 I GoogleInputMethodServic: GoogleInputMethodService.onStartInput():1808 
08-06 17:25:41.430   918   936 I ActivityManager: Displayed baseline.de.danoeh.antennapod.debug/baseline.de.danoeh.antennapod.activity.OnlineFeedViewActivity: +130ms
08-06 17:25:41.458 28083 28614 I art     : Starting a blocking GC Explicit
08-06 17:25:41.526 28083 28614 I art     : Explicit concurrent mark sweep GC freed 7170(406KB) AllocSpace objects, 4(220KB) LOS objects, 33% free, 32MB/48MB, paused 2.995ms total 65.351ms
08-06 17:25:41.549 28083 28614 I art     : Starting a blocking GC Explicit
08-06 17:25:41.603 28083 28614 I art     : Explicit concurrent mark sweep GC freed 34945(3MB) AllocSpace objects, 1(28KB) LOS objects, 35% free, 28MB/44MB, paused 1.937ms total 54.144ms
08-06 17:25:41.626 28083 28614 I art     : Starting a blocking GC Explicit
08-06 17:25:41.657 28083 28602 D MYTAG   : interceptor 3a https://rss.art19.com/nice-white-parents
08-06 17:25:41.658 28083 28602 I NAPPA_EXPERIMENTATION: MetricNetworkRequestExecutionTime: REQUEST_DURATION_SYSTEM='319',REQUEST_DURATION_OKHTTP='147',REQUEST_SYNCHRONOUS='TRUE',RESPONSE_CODE='200',RESPONSE_METHOD='GET',RESPONSE_LENGTH_OKHTTP='-1',RESPONSE_LENGTH_HEADER='1803',REQUEST_PROTOCOL='h2',REQUEST_URL='https://rss.art19.com/nice-white-parents',
08-06 17:25:41.658 28083 28602 D HttpDownloader: Response code is 200
08-06 17:25:41.658 28083 28602 D UserPreferences: Using default data folder
08-06 17:25:41.667 28083 28602 D HttpDownloader: Getting size of download
08-06 17:25:41.667 28083 28602 D HttpDownloader: Size is -1
08-06 17:25:41.668 28083 28602 D UserPreferences: Using default data folder
08-06 17:25:41.669 28083 28602 D HttpDownloader: Free space is 20343799808
08-06 17:25:41.669 28083 28602 D HttpDownloader: Starting download
08-06 17:25:41.671   380   380 W SurfaceFlinger: couldn't log to binary event log: overflow.
08-06 17:25:41.675 28083 28602 D HttpDownloader: Download was successful
08-06 17:25:41.679   512  2967 D audio_hw_primary: disable_audio_route: reset and update mixer path: low-latency-playback speaker
08-06 17:25:41.683 28083 28614 I art     : Explicit concurrent mark sweep GC freed 315(21KB) AllocSpace objects, 0(0B) LOS objects, 35% free, 28MB/44MB, paused 2.657ms total 56.250ms
08-06 17:25:41.684   512  2967 D audio_hw_primary: disable_snd_device: snd_device(2: speaker)
08-06 17:25:41.686   918  3696 D WifiService: releaseWifiLockLocked: WifiLock{Downloader type=1 binder=android.os.BinderProxy@6562479}
08-06 17:25:41.687 28083 28083 D OnlineFeedViewActivity: Parsing feed
08-06 17:25:41.691 28083 29643 D TypeGetter: Recognized type RSS 2.0
08-06 17:25:41.692   512  2967 I soundtrigger: audio_extn_sound_trigger_update_device_status: device 0x2 of type 0 for Event 0
08-06 17:25:41.694 28083 29643 D SyndHandler: Recognized ITunes namespace
08-06 17:25:41.694 28083 29643 D SyndHandler: Recognized Atom namespace
08-06 17:25:41.694 28083 29643 D SyndHandler: Recognized Content namespace
08-06 17:25:41.699 28083 28614 I art     : Starting a blocking GC Explicit
08-06 17:25:41.702 28083 29643 D OnlineFeedViewActivity: Deleted feed source file. Result: true
08-06 17:25:41.702 28083 28083 D OnlineFeedViewActivity: Removing HTML from shownotes
08-06 17:25:41.741 28083 28614 I art     : Explicit concurrent mark sweep GC freed 1743(235KB) AllocSpace objects, 4(128KB) LOS objects, 35% free, 28MB/44MB, paused 1.878ms total 42.243ms
08-06 17:25:41.757 28083 28614 I art     : Starting a blocking GC Explicit
08-06 17:25:41.800 28083 28614 I art     : Explicit concurrent mark sweep GC freed 611(53KB) AllocSpace objects, 0(0B) LOS objects, 35% free, 28MB/44MB, paused 2.144ms total 42.687ms
08-06 17:25:41.811 28083 28083 D PlaybackController: Releasing PlaybackController
08-06 17:25:42.138 28083 28095 I art     : Waiting for a blocking GC Explicit
08-06 17:25:42.139 28083 28095 I art     : Starting a blocking GC Explicit
08-06 17:25:42.195 28083 28095 I art     : Explicit concurrent mark sweep GC freed 1711(100KB) AllocSpace objects, 2(132KB) LOS objects, 35% free, 28MB/44MB, paused 2.010ms total 56.264ms
08-06 17:25:42.218 28083 28095 I art     : Starting a blocking GC Explicit
08-06 17:25:42.265 28083 28095 I art     : Explicit concurrent mark sweep GC freed 39(1296B) AllocSpace objects, 0(0B) LOS objects, 35% free, 28MB/44MB, paused 1.837ms total 46.835ms
08-06 17:25:42.284 28083 28095 I art     : Starting a blocking GC Explicit
08-06 17:25:42.331 28083 28095 I art     : Explicit concurrent mark sweep GC freed 3(96B) AllocSpace objects, 0(0B) LOS objects, 35% free, 28MB/44MB, paused 1.893ms total 46.551ms
08-06 17:25:42.349 28083 28095 I art     : Starting a blocking GC Explicit
08-06 17:25:42.396 28083 28095 I art     : Explicit concurrent mark sweep GC freed 3(96B) AllocSpace objects, 0(0B) LOS objects, 35% free, 28MB/44MB, paused 1.759ms total 46.415ms
08-06 17:25:42.415 28083 28095 I art     : Starting a blocking GC Explicit
08-06 17:25:42.461 28083 28095 I art     : Explicit concurrent mark sweep GC freed 3(96B) AllocSpace objects, 0(0B) LOS objects, 35% free, 28MB/44MB, paused 1.910ms total 46.083ms
08-06 17:25:42.834 28083 28096 I art     : Starting a blocking GC Explicit
08-06 17:25:42.894 28083 28096 I art     : Explicit concurrent mark sweep GC freed 1402(82KB) AllocSpace objects, 1(20KB) LOS objects, 35% free, 28MB/44MB, paused 2.222ms total 59.838ms
08-06 17:25:42.917 28083 28096 I art     : Starting a blocking GC Explicit
08-06 17:25:42.969 28083 28096 I art     : Explicit concurrent mark sweep GC freed 23(752B) AllocSpace objects, 0(0B) LOS objects, 35% free, 28MB/44MB, paused 2.155ms total 52.217ms
08-06 17:25:42.988 28083 28096 I art     : Starting a blocking GC Explicit
08-06 17:25:43.035 28083 28096 I art     : Explicit concurrent mark sweep GC freed 3(96B) AllocSpace objects, 0(0B) LOS objects, 35% free, 28MB/44MB, paused 1.774ms total 46.493ms
08-06 17:25:43.053 28083 28096 I art     : Starting a blocking GC Explicit
08-06 17:25:43.100 28083 28096 I art     : Explicit concurrent mark sweep GC freed 3(96B) AllocSpace objects, 0(0B) LOS objects, 35% free, 28MB/44MB, paused 2.103ms total 46.432ms
08-06 17:25:43.119 28083 28096 I art     : Starting a blocking GC Explicit
08-06 17:25:43.166 28083 28096 I art     : Explicit concurrent mark sweep GC freed 3(96B) AllocSpace objects, 0(0B) LOS objects, 35% free, 28MB/44MB, paused 1.966ms total 46.333ms
08-06 17:25:43.521 28083 28095 I art     : Starting a blocking GC Explicit
08-06 17:25:43.573 28083 28095 I art     : Explicit concurrent mark sweep GC freed 1443(86KB) AllocSpace objects, 1(20KB) LOS objects, 35% free, 28MB/44MB, paused 1.823ms total 51.403ms
08-06 17:25:43.594 28083 28095 I art     : Starting a blocking GC Explicit
08-06 17:25:43.638 28083 28095 I art     : Explicit concurrent mark sweep GC freed 52(1536B) AllocSpace objects, 0(0B) LOS objects, 35% free, 28MB/44MB, paused 1.966ms total 43.815ms
08-06 17:25:43.656 28083 28095 I art     : Starting a blocking GC Explicit
08-06 17:25:43.702 28083 28095 I art     : Explicit concurrent mark sweep GC freed 3(96B) AllocSpace objects, 0(0B) LOS objects, 35% free, 28MB/44MB, paused 1.794ms total 46.034ms
08-06 17:25:43.720 28083 28095 I art     : Starting a blocking GC Explicit
08-06 17:25:43.766 28083 28095 I art     : Explicit concurrent mark sweep GC freed 3(96B) AllocSpace objects, 0(0B) LOS objects, 35% free, 28MB/44MB, paused 1.689ms total 45.708ms
08-06 17:25:43.785 28083 28095 I art     : Starting a blocking GC Explicit
08-06 17:25:43.832 28083 28095 I art     : Explicit concurrent mark sweep GC freed 3(96B) AllocSpace objects, 0(0B) LOS objects, 35% free, 28MB/44MB, paused 1.787ms total 46.505ms
08-06 17:25:44.175 28083 28159 I art     : Starting a blocking GC Explicit
08-06 17:25:44.234 28083 28159 I art     : Explicit concurrent mark sweep GC freed 1489(89KB) AllocSpace objects, 1(20KB) LOS objects, 35% free, 28MB/44MB, paused 1.790ms total 59.159ms
08-06 17:25:44.253 28083 28159 I art     : Starting a blocking GC Explicit
08-06 17:25:44.299 28083 28159 I art     : Explicit concurrent mark sweep GC freed 23(752B) AllocSpace objects, 0(0B) LOS objects, 35% free, 28MB/44MB, paused 1.681ms total 45.876ms
08-06 17:25:44.318 28083 28159 I art     : Starting a blocking GC Explicit
08-06 17:25:44.364 28083 28159 I art     : Explicit concurrent mark sweep GC freed 3(96B) AllocSpace objects, 0(0B) LOS objects, 35% free, 28MB/44MB, paused 1.724ms total 45.429ms
08-06 17:25:44.382 28083 28159 I art     : Starting a blocking GC Explicit
08-06 17:25:44.429 28083 28159 I art     : Explicit concurrent mark sweep GC freed 3(96B) AllocSpace objects, 0(0B) LOS objects, 35% free, 28MB/44MB, paused 1.822ms total 46.546ms
08-06 17:25:44.450 28083 28159 I art     : Starting a blocking GC Explicit
08-06 17:25:44.494 28083 28159 I art     : Explicit concurrent mark sweep GC freed 3(96B) AllocSpace objects, 0(0B) LOS objects, 35% free, 28MB/44MB, paused 1.521ms total 43.515ms
08-06 17:25:44.687   918  3188 I hubconnection: sensorhub said: 'set_bias 3: -6.2400, 0.0000, 0.0000'
08-06 17:25:44.838 28083 28096 I art     : Starting a blocking GC Explicit
08-06 17:25:44.894 28083 28096 I art     : Explicit concurrent mark sweep GC freed 1401(81KB) AllocSpace objects, 1(20KB) LOS objects, 35% free, 28MB/44MB, paused 1.794ms total 54.998ms
08-06 17:25:44.915 28083 28096 I art     : Starting a blocking GC Explicit
08-06 17:25:44.962 28083 28096 I art     : Explicit concurrent mark sweep GC freed 23(752B) AllocSpace objects, 0(0B) LOS objects, 35% free, 28MB/44MB, paused 1.690ms total 46.343ms
08-06 17:25:44.980 28083 28096 I art     : Starting a blocking GC Explicit
08-06 17:25:45.027 28083 28096 I art     : Explicit concurrent mark sweep GC freed 3(96B) AllocSpace objects, 0(0B) LOS objects, 35% free, 28MB/44MB, paused 1.921ms total 47.013ms
08-06 17:25:45.046 28083 28096 I art     : Starting a blocking GC Explicit
08-06 17:25:45.095 28083 28096 I art     : Explicit concurrent mark sweep GC freed 3(96B) AllocSpace objects, 0(0B) LOS objects, 35% free, 28MB/44MB, paused 3.016ms total 48.174ms
08-06 17:25:45.117 28083 28096 I art     : Starting a blocking GC Explicit
08-06 17:25:45.164 28083 28096 I art     : Explicit concurrent mark sweep GC freed 3(96B) AllocSpace objects, 0(0B) LOS objects, 35% free, 28MB/44MB, paused 1.651ms total 46.398ms
08-06 17:25:45.527 28083 28614 I art     : Starting a blocking GC Explicit
08-06 17:25:45.583 28083 28614 I art     : Explicit concurrent mark sweep GC freed 1372(80KB) AllocSpace objects, 1(20KB) LOS objects, 35% free, 28MB/44MB, paused 1.874ms total 55.729ms
08-06 17:25:45.603 28083 28614 I art     : Starting a blocking GC Explicit
08-06 17:25:45.649 28083 28614 I art     : Explicit concurrent mark sweep GC freed 52(1536B) AllocSpace objects, 0(0B) LOS objects, 35% free, 28MB/44MB, paused 1.723ms total 45.578ms
08-06 17:25:45.668 28083 28614 I art     : Starting a blocking GC Explicit
08-06 17:25:45.715 28083 28614 I art     : Explicit concurrent mark sweep GC freed 3(96B) AllocSpace objects, 0(0B) LOS objects, 35% free, 28MB/44MB, paused 1.820ms total 46.622ms
08-06 17:25:45.733 28083 28614 I art     : Starting a blocking GC Explicit
08-06 17:25:45.780 28083 28614 I art     : Explicit concurrent mark sweep GC freed 3(96B) AllocSpace objects, 0(0B) LOS objects, 35% free, 28MB/44MB, paused 1.916ms total 46.796ms
08-06 17:25:45.803 28083 28614 I art     : Starting a blocking GC Explicit
08-06 17:25:45.830   518   646 I ThermalEngine: ACTION: GPU - Setting GPU[0] to 450000000
08-06 17:25:45.848 28083 28614 I art     : Explicit concurrent mark sweep GC freed 3(96B) AllocSpace objects, 0(0B) LOS objects, 35% free, 28MB/44MB, paused 1.127ms total 45.152ms
08-06 17:25:46.194 28083 28095 I art     : Starting a blocking GC Explicit
08-06 17:25:46.243 28083 28095 I art     : Explicit concurrent mark sweep GC freed 1373(82KB) AllocSpace objects, 1(20KB) LOS objects, 35% free, 28MB/44MB, paused 1.221ms total 49.223ms
08-06 17:25:46.259 28083 28095 I art     : Starting a blocking GC Explicit
08-06 17:25:46.298 28083 28095 I art     : Explicit concurrent mark sweep GC freed 23(752B) AllocSpace objects, 0(0B) LOS objects, 35% free, 28MB/44MB, paused 1.232ms total 38.848ms
08-06 17:25:46.311 28083 28095 I art     : Starting a blocking GC Explicit
08-06 17:25:46.350 28083 28095 I art     : Explicit concurrent mark sweep GC freed 3(96B) AllocSpace objects, 0(0B) LOS objects, 35% free, 28MB/44MB, paused 1.152ms total 39.458ms
08-06 17:25:46.363 28083 28095 I art     : Starting a blocking GC Explicit
08-06 17:25:46.403 28083 28095 I art     : Explicit concurrent mark sweep GC freed 3(96B) AllocSpace objects, 0(0B) LOS objects, 35% free, 28MB/44MB, paused 1.093ms total 39.197ms
08-06 17:25:46.415 28083 28095 I art     : Starting a blocking GC Explicit
08-06 17:25:46.455 28083 28095 I art     : Explicit concurrent mark sweep GC freed 3(96B) AllocSpace objects, 0(0B) LOS objects, 35% free, 28MB/44MB, paused 1.151ms total 39.370ms
08-06 17:25:46.795 28083 28159 I art     : Starting a blocking GC Explicit
08-06 17:25:46.839 28083 28159 I art     : Explicit concurrent mark sweep GC freed 1401(81KB) AllocSpace objects, 1(20KB) LOS objects, 35% free, 28MB/44MB, paused 1.414ms total 43.580ms
08-06 17:25:46.854 28083 28159 I art     : Starting a blocking GC Explicit
08-06 17:25:46.895 28083 28159 I art     : Explicit concurrent mark sweep GC freed 23(752B) AllocSpace objects, 0(0B) LOS objects, 35% free, 28MB/44MB, paused 1.075ms total 40.549ms
08-06 17:25:46.907 28083 28159 I art     : Starting a blocking GC Explicit
08-06 17:25:46.945 28083 28159 I art     : Explicit concurrent mark sweep GC freed 3(96B) AllocSpace objects, 0(0B) LOS objects, 35% free, 28MB/44MB, paused 1.135ms total 37.718ms
08-06 17:25:46.958 28083 28159 I art     : Starting a blocking GC Explicit
08-06 17:25:46.997 28083 28159 I art     : Explicit concurrent mark sweep GC freed 3(96B) AllocSpace objects, 0(0B) LOS objects, 35% free, 28MB/44MB, paused 1.241ms total 39.430ms
08-06 17:25:47.010 28083 28159 I art     : Starting a blocking GC Explicit
08-06 17:25:47.047 28083 28159 I art     : Explicit concurrent mark sweep GC freed 3(96B) AllocSpace objects, 0(0B) LOS objects, 35% free, 28MB/44MB, paused 1.107ms total 36.201ms
08-06 17:25:47.396 28083 28096 I art     : Starting a blocking GC Explicit
08-06 17:25:47.446 28083 28096 I art     : Explicit concurrent mark sweep GC freed 1372(80KB) AllocSpace objects, 1(20KB) LOS objects, 35% free, 28MB/44MB, paused 1.164ms total 50.256ms
08-06 17:25:47.461 28083 28096 I art     : Starting a blocking GC Explicit
08-06 17:25:47.499 28083 28096 I art     : Explicit concurrent mark sweep GC freed 23(752B) AllocSpace objects, 0(0B) LOS objects, 35% free, 28MB/44MB, paused 1.134ms total 37.103ms
08-06 17:25:47.511 28083 28096 I art     : Starting a blocking GC Explicit
08-06 17:25:47.550 28083 28096 I art     : Explicit concurrent mark sweep GC freed 3(96B) AllocSpace objects, 0(0B) LOS objects, 35% free, 28MB/44MB, paused 1.167ms total 38.303ms
08-06 17:25:47.563 28083 28096 I art     : Starting a blocking GC Explicit
08-06 17:25:47.603 28083 28096 I art     : Explicit concurrent mark sweep GC freed 3(96B) AllocSpace objects, 0(0B) LOS objects, 35% free, 28MB/44MB, paused 1.132ms total 39.574ms
08-06 17:25:47.615 28083 28096 I art     : Starting a blocking GC Explicit
08-06 17:25:47.652 28083 28096 I art     : Explicit concurrent mark sweep GC freed 32(880B) AllocSpace objects, 0(0B) LOS objects, 35% free, 28MB/44MB, paused 1.129ms total 36.245ms
08-06 17:25:48.002 28083 28614 I art     : Starting a blocking GC Explicit
08-06 17:25:48.047 28083 28614 I art     : Explicit concurrent mark sweep GC freed 1372(80KB) AllocSpace objects, 1(20KB) LOS objects, 35% free, 28MB/44MB, paused 1.144ms total 44.640ms
08-06 17:25:48.061 28083 28614 I art     : Starting a blocking GC Explicit
08-06 17:25:48.101 28083 28614 I art     : Explicit concurrent mark sweep GC freed 23(752B) AllocSpace objects, 0(0B) LOS objects, 35% free, 28MB/44MB, paused 1.156ms total 39.729ms
08-06 17:25:48.114 28083 28614 I art     : Starting a blocking GC Explicit
08-06 17:25:48.152 28083 28614 I art     : Explicit concurrent mark sweep GC freed 3(96B) AllocSpace objects, 0(0B) LOS objects, 35% free, 28MB/44MB, paused 1.150ms total 38.364ms
08-06 17:25:48.165 28083 28614 I art     : Starting a blocking GC Explicit
08-06 17:25:48.204 28083 28614 I art     : Explicit concurrent mark sweep GC freed 3(96B) AllocSpace objects, 0(0B) LOS objects, 35% free, 28MB/44MB, paused 1.117ms total 39.103ms
08-06 17:25:48.217 28083 28614 I art     : Starting a blocking GC Explicit
08-06 17:25:48.256 28083 28614 I art     : Explicit concurrent mark sweep GC freed 3(96B) AllocSpace objects, 0(0B) LOS objects, 35% free, 28MB/44MB, paused 1.148ms total 38.311ms
08-06 17:25:48.594 28083 28095 I art     : Starting a blocking GC Explicit
08-06 17:25:48.638 28083 28095 I art     : Explicit concurrent mark sweep GC freed 1401(81KB) AllocSpace objects, 1(20KB) LOS objects, 35% free, 28MB/44MB, paused 1.107ms total 43.484ms
08-06 17:25:48.651 28083 28095 I art     : Starting a blocking GC Explicit
08-06 17:25:48.690 28083 28095 I art     : Explicit concurrent mark sweep GC freed 23(752B) AllocSpace objects, 0(0B) LOS objects, 35% free, 28MB/44MB, paused 1.156ms total 38.422ms
08-06 17:25:48.703 28083 28095 I art     : Starting a blocking GC Explicit
08-06 17:25:48.741 28083 28095 I art     : Explicit concurrent mark sweep GC freed 3(96B) AllocSpace objects, 0(0B) LOS objects, 35% free, 28MB/44MB, paused 1.090ms total 38.147ms
08-06 17:25:48.754 28083 28095 I art     : Starting a blocking GC Explicit
08-06 17:25:48.792 28083 28095 I art     : Explicit concurrent mark sweep GC freed 3(96B) AllocSpace objects, 0(0B) LOS objects, 35% free, 28MB/44MB, paused 1.150ms total 38.052ms
08-06 17:25:48.805 28083 28095 I art     : Starting a blocking GC Explicit
08-06 17:25:48.844 28083 28095 I art     : Explicit concurrent mark sweep GC freed 3(96B) AllocSpace objects, 0(0B) LOS objects, 35% free, 28MB/44MB, paused 1.129ms total 38.230ms
08-06 17:25:49.183 28083 28159 I art     : Starting a blocking GC Explicit
08-06 17:25:49.226 28083 28159 I art     : Explicit concurrent mark sweep GC freed 1372(80KB) AllocSpace objects, 1(20KB) LOS objects, 35% free, 28MB/44MB, paused 1.152ms total 43.535ms
08-06 17:25:49.242 28083 28159 I art     : Starting a blocking GC Explicit
08-06 17:25:49.282 28083 28159 I art     : Explicit concurrent mark sweep GC freed 23(752B) AllocSpace objects, 0(0B) LOS objects, 35% free, 28MB/44MB, paused 1.069ms total 39.578ms
08-06 17:25:49.294 28083 28159 I art     : Starting a blocking GC Explicit
08-06 17:25:49.330 28083 28159 I art     : Explicit concurrent mark sweep GC freed 3(96B) AllocSpace objects, 0(0B) LOS objects, 35% free, 28MB/44MB, paused 1.090ms total 35.619ms
08-06 17:25:49.342 28083 28159 I art     : Starting a blocking GC Explicit
08-06 17:25:49.376 28083 28159 I art     : Explicit concurrent mark sweep GC freed 3(96B) AllocSpace objects, 0(0B) LOS objects, 35% free, 28MB/44MB, paused 1.107ms total 33.861ms
08-06 17:25:49.388 28083 28159 I art     : Starting a blocking GC Explicit
08-06 17:25:49.422 28083 28159 I art     : Explicit concurrent mark sweep GC freed 3(96B) AllocSpace objects, 0(0B) LOS objects, 35% free, 28MB/44MB, paused 1.124ms total 34.316ms
08-06 17:25:49.756 28083 28096 I art     : Starting a blocking GC Explicit
08-06 17:25:49.801 28083 28096 I art     : Explicit concurrent mark sweep GC freed 1401(81KB) AllocSpace objects, 1(20KB) LOS objects, 35% free, 28MB/44MB, paused 1.252ms total 44.168ms
08-06 17:25:49.817 28083 28096 I art     : Starting a blocking GC Explicit
08-06 17:25:49.844 29765 29765 D AndroidRuntime: >>>>>> START com.android.internal.os.RuntimeInit uid 2000 <<<<<<
08-06 17:25:49.849 29765 29765 D AndroidRuntime: CheckJNI is OFF
08-06 17:25:49.853 28083 28096 I art     : Explicit concurrent mark sweep GC freed 23(752B) AllocSpace objects, 0(0B) LOS objects, 35% free, 28MB/44MB, paused 1.199ms total 35.629ms
08-06 17:25:49.865 28083 28096 I art     : Starting a blocking GC Explicit
08-06 17:25:49.895 29765 29765 D ICU     : No timezone override file found: /data/misc/zoneinfo/current/icu/icu_tzdata.dat
08-06 17:25:49.901 28083 28096 I art     : Explicit concurrent mark sweep GC freed 3(96B) AllocSpace objects, 0(0B) LOS objects, 35% free, 28MB/44MB, paused 1.160ms total 35.340ms
08-06 17:25:49.913 28083 28096 I art     : Starting a blocking GC Explicit
08-06 17:25:49.942 29765 29765 I Radio-JNI: register_android_hardware_Radio DONE
08-06 17:25:49.949 28083 28096 I art     : Explicit concurrent mark sweep GC freed 3(96B) AllocSpace objects, 0(0B) LOS objects, 35% free, 28MB/44MB, paused 1.197ms total 35.865ms
08-06 17:25:49.961 28083 28096 I art     : Starting a blocking GC Explicit
08-06 17:25:49.972 29765 29765 D AndroidRuntime: Calling main entry com.android.commands.input.Input
08-06 17:25:49.974 29765 29765 I Input   : injectKeyEvent: KeyEvent { action=ACTION_DOWN, keyCode=KEYCODE_BACK, scanCode=0, metaState=0, flags=0x0, repeatCount=0, eventTime=897966387, downTime=897966387, deviceId=-1, source=0x101 }
08-06 17:25:49.981 29765 29765 I Input   : injectKeyEvent: KeyEvent { action=ACTION_UP, keyCode=KEYCODE_BACK, scanCode=0, metaState=0, flags=0x0, repeatCount=0, eventTime=897966387, downTime=897966387, deviceId=-1, source=0x101 }
08-06 17:25:49.988 29765 29765 D AndroidRuntime: Shutting down VM
08-06 17:25:49.993 28083 28083 V PlaybackController: initServiceNotRunning()
08-06 17:25:49.995 28083 28083 D ExternalPlayerFragment: Loading media info
08-06 17:25:49.995 28083 28096 I art     : Explicit concurrent mark sweep GC freed 30(1168B) AllocSpace objects, 0(0B) LOS objects, 35% free, 28MB/44MB, paused 1.229ms total 33.659ms
08-06 17:25:50.000 28083 28083 D UserPreferences: Using default data folder
08-06 17:25:50.002 28083 28602 D DBReader: getNavDrawerData() called with: 
08-06 17:25:50.015 28083 28602 D DBReader: getDownloadedItems() called
08-06 17:25:50.016 28083 28602 D DBReader: getFavoriteIDList() called
08-06 17:25:50.017 28083 28602 D DBReader: getQueueIDList() called
08-06 17:25:50.018 28083 28602 D DBReader: Extracting Feedlist
08-06 17:25:50.034 13866 13866 I GoogleInputMethodServic: GoogleInputMethodService.onFinishInput():3138 
08-06 17:25:50.035 13866 13866 I GoogleInputMethodServic: GoogleInputMethodService.onStartInput():1808 
08-06 17:25:50.046 28083 28083 D MainActivity: getLastNavFragment() -> AddFeedFragment
08-06 17:25:50.311 28083 28095 I art     : Starting a blocking GC Explicit
08-06 17:25:50.330   380   380 W SurfaceFlinger: couldn't log to binary event log: overflow.
08-06 17:25:50.350 28083 28095 I art     : Explicit concurrent mark sweep GC freed 2930(171KB) AllocSpace objects, 1(20KB) LOS objects, 35% free, 28MB/44MB, paused 1.080ms total 38.827ms
08-06 17:25:50.361 28083 28095 I art     : Starting a blocking GC Explicit
08-06 17:25:50.393 28083 28095 I art     : Explicit concurrent mark sweep GC freed 557(28KB) AllocSpace objects, 0(0B) LOS objects, 35% free, 28MB/44MB, paused 1.069ms total 32.278ms
08-06 17:25:50.405 28083 28095 I art     : Starting a blocking GC Explicit
08-06 17:25:50.437 28083 28095 I art     : Explicit concurrent mark sweep GC freed 2429(151KB) AllocSpace objects, 1(28KB) LOS objects, 36% free, 28MB/44MB, paused 1.119ms total 31.789ms
08-06 17:25:50.448 28083 28095 I art     : Starting a blocking GC Explicit
08-06 17:25:50.482 28083 28095 I art     : Explicit concurrent mark sweep GC freed 3(96B) AllocSpace objects, 0(0B) LOS objects, 36% free, 28MB/44MB, paused 1.069ms total 33.596ms
08-06 17:25:50.494 28083 28095 I art     : Starting a blocking GC Explicit
08-06 17:25:50.529 28083 28095 I art     : Explicit concurrent mark sweep GC freed 3(96B) AllocSpace objects, 0(0B) LOS objects, 36% free, 28MB/44MB, paused 1.096ms total 34.633ms
08-06 17:25:50.838 28083 28096 I art     : Starting a blocking GC Explicit
08-06 17:25:50.887 28083 28096 I art     : Explicit concurrent mark sweep GC freed 1402(81KB) AllocSpace objects, 1(20KB) LOS objects, 36% free, 28MB/44MB, paused 1.186ms total 49.031ms
08-06 17:25:50.904 28083 28096 I art     : Starting a blocking GC Explicit
08-06 17:25:50.942 28083 28096 I art     : Explicit concurrent mark sweep GC freed 23(752B) AllocSpace objects, 0(0B) LOS objects, 36% free, 28MB/44MB, paused 1.029ms total 37.577ms
08-06 17:25:50.954 28083 28096 I art     : Starting a blocking GC Explicit
08-06 17:25:50.989 28083 28096 I art     : Explicit concurrent mark sweep GC freed 3(96B) AllocSpace objects, 0(0B) LOS objects, 36% free, 28MB/44MB, paused 1.109ms total 34.852ms
08-06 17:25:51.002 28083 28096 I art     : Starting a blocking GC Explicit
08-06 17:25:51.037 28083 28096 I art     : Explicit concurrent mark sweep GC freed 3(96B) AllocSpace objects, 0(0B) LOS objects, 36% free, 28MB/44MB, paused 1.103ms total 34.935ms
08-06 17:25:51.049 28083 28096 I art     : Starting a blocking GC Explicit
08-06 17:25:51.084 28083 28096 I art     : Explicit concurrent mark sweep GC freed 3(96B) AllocSpace objects, 0(0B) LOS objects, 36% free, 28MB/44MB, paused 1.093ms total 35.031ms
08-06 17:25:51.384 28083 28159 I art     : Starting a blocking GC Explicit
08-06 17:25:51.418 28083 28159 I art     : Explicit concurrent mark sweep GC freed 1374(82KB) AllocSpace objects, 1(20KB) LOS objects, 36% free, 28MB/44MB, paused 1.283ms total 34.517ms
08-06 17:25:51.430 28083 28159 I art     : Starting a blocking GC Explicit
08-06 17:25:51.464 28083 28159 I art     : Explicit concurrent mark sweep GC freed 23(752B) AllocSpace objects, 0(0B) LOS objects, 36% free, 28MB/44MB, paused 1.110ms total 33.208ms
08-06 17:25:51.476 28083 28159 I art     : Starting a blocking GC Explicit
08-06 17:25:51.510 28083 28159 I art     : Explicit concurrent mark sweep GC freed 3(96B) AllocSpace objects, 0(0B) LOS objects, 36% free, 28MB/44MB, paused 1.126ms total 33.640ms
08-06 17:25:51.521 28083 28159 I art     : Starting a blocking GC Explicit
08-06 17:25:51.554 28083 28159 I art     : Explicit concurrent mark sweep GC freed 3(96B) AllocSpace objects, 0(0B) LOS objects, 36% free, 28MB/44MB, paused 1.106ms total 33.008ms
08-06 17:25:51.566 28083 28159 I art     : Starting a blocking GC Explicit
08-06 17:25:51.600 28083 28159 I art     : Explicit concurrent mark sweep GC freed 3(96B) AllocSpace objects, 0(0B) LOS objects, 36% free, 28MB/44MB, paused 1.246ms total 33.146ms
08-06 17:25:51.778 29811 29811 D AndroidRuntime: >>>>>> START com.android.internal.os.RuntimeInit uid 2000 <<<<<<
08-06 17:25:51.784 29811 29811 D AndroidRuntime: CheckJNI is OFF
08-06 17:25:51.827 29811 29811 D ICU     : No timezone override file found: /data/misc/zoneinfo/current/icu/icu_tzdata.dat
08-06 17:25:51.869 29811 29811 I Radio-JNI: register_android_hardware_Radio DONE
08-06 17:25:51.898 29811 29811 D AndroidRuntime: Calling main entry com.android.commands.input.Input
08-06 17:25:51.900 29811 29811 I Input   : injectKeyEvent: KeyEvent { action=ACTION_DOWN, keyCode=KEYCODE_BACK, scanCode=0, metaState=0, flags=0x0, repeatCount=0, eventTime=897968313, downTime=897968313, deviceId=-1, source=0x101 }
08-06 17:25:51.904 29811 29811 I Input   : injectKeyEvent: KeyEvent { action=ACTION_UP, keyCode=KEYCODE_BACK, scanCode=0, metaState=0, flags=0x0, repeatCount=0, eventTime=897968313, downTime=897968313, deviceId=-1, source=0x101 }
08-06 17:25:51.922 13866 13866 I GoogleInputMethodServic: GoogleInputMethodService.onFinishInput():3138 
08-06 17:25:51.923 13866 13866 I GoogleInputMethodServic: GoogleInputMethodService.onStartInput():1808 
08-06 17:25:51.928 29811 29811 D AndroidRuntime: Shutting down VM
08-06 17:25:51.932 28083 28159 I art     : Starting a blocking GC Explicit
08-06 17:25:51.969 28083 28159 I art     : Explicit concurrent mark sweep GC freed 2584(129KB) AllocSpace objects, 1(20KB) LOS objects, 35% free, 28MB/44MB, paused 1.167ms total 37.152ms
08-06 17:25:51.981 28083 28159 I art     : Starting a blocking GC Explicit
08-06 17:25:52.015 28083 28159 I art     : Explicit concurrent mark sweep GC freed 2658(177KB) AllocSpace objects, 9(1540KB) LOS objects, 37% free, 26MB/42MB, paused 1.121ms total 34.266ms
08-06 17:25:52.028 28083 28159 I art     : Starting a blocking GC Explicit
08-06 17:25:52.061 28083 28159 I art     : Explicit concurrent mark sweep GC freed 48(2016B) AllocSpace objects, 0(0B) LOS objects, 37% free, 26MB/42MB, paused 1.104ms total 33.318ms
08-06 17:25:52.073 28083 28159 I art     : Starting a blocking GC Explicit
08-06 17:25:52.107 28083 28159 I art     : Explicit concurrent mark sweep GC freed 3(96B) AllocSpace objects, 0(0B) LOS objects, 37% free, 26MB/42MB, paused 1.197ms total 34.057ms
08-06 17:25:52.120 28083 28159 I art     : Starting a blocking GC Explicit
08-06 17:25:52.157 28083 28159 I art     : Explicit concurrent mark sweep GC freed 3(96B) AllocSpace objects, 0(0B) LOS objects, 37% free, 26MB/42MB, paused 1.222ms total 37.315ms
08-06 17:25:52.463 28083 28096 I art     : Starting a blocking GC Explicit
08-06 17:25:52.506 28083 28096 I art     : Explicit concurrent mark sweep GC freed 1373(80KB) AllocSpace objects, 1(20KB) LOS objects, 37% free, 26MB/42MB, paused 1.156ms total 42.325ms
08-06 17:25:52.519 28083 28096 I art     : Starting a blocking GC Explicit
08-06 17:25:52.554 28083 28096 I art     : Explicit concurrent mark sweep GC freed 23(752B) AllocSpace objects, 0(0B) LOS objects, 37% free, 26MB/42MB, paused 1.104ms total 34.352ms
08-06 17:25:52.566 28083 28096 I art     : Starting a blocking GC Explicit
08-06 17:25:52.601 28083 28096 I art     : Explicit concurrent mark sweep GC freed 3(96B) AllocSpace objects, 0(0B) LOS objects, 37% free, 26MB/42MB, paused 1.097ms total 33.965ms
08-06 17:25:52.613 28083 28096 I art     : Starting a blocking GC Explicit
08-06 17:25:52.648 28083 28096 I art     : Explicit concurrent mark sweep GC freed 32(880B) AllocSpace objects, 0(0B) LOS objects, 37% free, 26MB/42MB, paused 1.285ms total 34.477ms
08-06 17:25:52.660 28083 28096 I art     : Starting a blocking GC Explicit
08-06 17:25:52.694 28083 28096 I art     : Explicit concurrent mark sweep GC freed 3(96B) AllocSpace objects, 0(0B) LOS objects, 37% free, 26MB/42MB, paused 1.113ms total 33.881ms
08-06 17:25:53.011 28083 28614 I art     : Starting a blocking GC Explicit
08-06 17:25:53.052 28083 28614 I art     : Explicit concurrent mark sweep GC freed 1372(81KB) AllocSpace objects, 1(20KB) LOS objects, 37% free, 26MB/42MB, paused 1.104ms total 40.730ms
08-06 17:25:53.067 28083 28614 I art     : Starting a blocking GC Explicit
08-06 17:25:53.100 28083 28614 I art     : Explicit concurrent mark sweep GC freed 23(752B) AllocSpace objects, 0(0B) LOS objects, 37% free, 26MB/42MB, paused 1.085ms total 33.138ms
08-06 17:25:53.112 28083 28614 I art     : Starting a blocking GC Explicit
08-06 17:25:53.147 28083 28614 I art     : Explicit concurrent mark sweep GC freed 3(96B) AllocSpace objects, 0(0B) LOS objects, 37% free, 26MB/42MB, paused 1.091ms total 34.520ms
08-06 17:25:53.158 28083 28614 I art     : Starting a blocking GC Explicit
08-06 17:25:53.191 28083 28614 I art     : Explicit concurrent mark sweep GC freed 3(96B) AllocSpace objects, 0(0B) LOS objects, 37% free, 26MB/42MB, paused 1.124ms total 32.493ms
08-06 17:25:53.203 28083 28614 I art     : Starting a blocking GC Explicit
08-06 17:25:53.236 28083 28614 I art     : Explicit concurrent mark sweep GC freed 3(96B) AllocSpace objects, 0(0B) LOS objects, 37% free, 26MB/42MB, paused 1.092ms total 32.072ms
08-06 17:25:53.544 28083 28095 I art     : Starting a blocking GC Explicit
08-06 17:25:53.580 28083 28095 I art     : Explicit concurrent mark sweep GC freed 1378(81KB) AllocSpace objects, 1(20KB) LOS objects, 37% free, 26MB/42MB, paused 1.129ms total 35.713ms
08-06 17:25:53.592 28083 28095 I art     : Starting a blocking GC Explicit
08-06 17:25:53.626 28083 28095 I art     : Explicit concurrent mark sweep GC freed 58(1728B) AllocSpace objects, 0(0B) LOS objects, 37% free, 26MB/42MB, paused 1.244ms total 33.449ms
08-06 17:25:53.638 28083 28095 I art     : Starting a blocking GC Explicit
08-06 17:25:53.671 28083 28095 I art     : Explicit concurrent mark sweep GC freed 9(288B) AllocSpace objects, 0(0B) LOS objects, 37% free, 26MB/42MB, paused 1.069ms total 32.595ms
08-06 17:25:53.683 28083 28095 I art     : Starting a blocking GC Explicit
08-06 17:25:53.702 29863 29863 D AndroidRuntime: >>>>>> START com.android.internal.os.RuntimeInit uid 2000 <<<<<<
08-06 17:25:53.709 29863 29863 D AndroidRuntime: CheckJNI is OFF
08-06 17:25:53.716 28083 28095 I art     : Explicit concurrent mark sweep GC freed 8(256B) AllocSpace objects, 0(0B) LOS objects, 37% free, 26MB/42MB, paused 1.173ms total 32.902ms
08-06 17:25:53.727 28083 28095 I art     : Starting a blocking GC Explicit
08-06 17:25:53.751 29863 29863 D ICU     : No timezone override file found: /data/misc/zoneinfo/current/icu/icu_tzdata.dat
08-06 17:25:53.758 28083 28095 I art     : Explicit concurrent mark sweep GC freed 8(256B) AllocSpace objects, 0(0B) LOS objects, 37% free, 26MB/42MB, paused 1.105ms total 30.462ms
08-06 17:25:53.801 29863 29863 I Radio-JNI: register_android_hardware_Radio DONE
08-06 17:25:53.830 29863 29863 D AndroidRuntime: Calling main entry com.android.commands.input.Input
08-06 17:25:53.833 29863 29863 I Input   : injectMotionEvent: MotionEvent { action=ACTION_DOWN, actionButton=0, id[0]=0, x[0]=567.0, y[0]=714.0, toolType[0]=TOOL_TYPE_UNKNOWN, buttonState=0, metaState=0, flags=0x0, edgeFlags=0x0, pointerCount=1, historySize=0, eventTime=897970245, downTime=897970245, deviceId=0, source=0x1002 }
08-06 17:25:53.837 29863 29863 I Input   : injectMotionEvent: MotionEvent { action=ACTION_UP, actionButton=0, id[0]=0, x[0]=567.0, y[0]=714.0, toolType[0]=TOOL_TYPE_UNKNOWN, buttonState=0, metaState=0, flags=0x0, edgeFlags=0x0, pointerCount=1, historySize=0, eventTime=897970245, downTime=897970245, deviceId=0, source=0x1002 }
08-06 17:25:53.840 29863 29863 D AndroidRuntime: Shutting down VM
08-06 17:25:53.853   512  2967 D audio_hw_primary: out_set_parameters: enter: usecase(1: low-latency-playback) kvpairs: routing=2
08-06 17:25:53.865   512  2967 D audio_hw_primary: select_devices: out_snd_device(2: speaker) in_snd_device(0: none)
08-06 17:25:53.866   512  2967 D msm8974_platform: platform_send_audio_calibration: sending audio calibration for snd_device(2) acdb_id(15)
08-06 17:25:53.866   512  2967 I soundtrigger: audio_extn_sound_trigger_update_device_status: device 0x2 of type 0 for Event 1
08-06 17:25:53.875   512  2967 D audio_hw_primary: enable_snd_device: snd_device(2: speaker)
08-06 17:25:53.878   512  2967 D audio_hw_primary: enable_audio_route: apply and update mixer path: low-latency-playback speaker
08-06 17:25:54.048 28083 28159 I art     : Starting a blocking GC Explicit
08-06 17:25:54.084 28083 28159 I art     : Explicit concurrent mark sweep GC freed 7124(321KB) AllocSpace objects, 1(20KB) LOS objects, 36% free, 27MB/43MB, paused 1.366ms total 36.107ms
08-06 17:25:54.096 28083 28159 I art     : Starting a blocking GC Explicit
08-06 17:25:54.129 28083 28159 I art     : Explicit concurrent mark sweep GC freed 2079(113KB) AllocSpace objects, 1(220KB) LOS objects, 37% free, 26MB/42MB, paused 1.218ms total 32.760ms
08-06 17:25:54.140 28083 28159 I art     : Starting a blocking GC Explicit
08-06 17:25:54.172 28083 28159 I art     : Explicit concurrent mark sweep GC freed 90(3056B) AllocSpace objects, 0(0B) LOS objects, 37% free, 26MB/42MB, paused 1.164ms total 31.598ms
08-06 17:25:54.183 28083 28159 I art     : Starting a blocking GC Explicit
08-06 17:25:54.216 28083 28159 I art     : Explicit concurrent mark sweep GC freed 15(544B) AllocSpace objects, 0(0B) LOS objects, 37% free, 26MB/42MB, paused 1.237ms total 32.646ms
08-06 17:25:54.224 28083 28103 I NAPPA_EXPERIMENTATION: MetricNetworkRequestExecutionTime: REQUEST_DURATION_SYSTEM='364',REQUEST_DURATION_OKHTTP='155',REQUEST_SYNCHRONOUS='TRUE',RESPONSE_CODE='400',RESPONSE_METHOD='GET',RESPONSE_LENGTH_OKHTTP='0',RESPONSE_LENGTH_HEADER='0',REQUEST_PROTOCOL='h2',REQUEST_URL='https://itunes.apple.com/en/rss/toppodcasts/limit=25/explicit=true/json',
08-06 17:25:54.228 28083 28159 I art     : Starting a blocking GC Explicit
08-06 17:25:54.260 28083 28159 I art     : Explicit concurrent mark sweep GC freed 438(28KB) AllocSpace objects, 0(0B) LOS objects, 37% free, 26MB/42MB, paused 1.319ms total 32.684ms
08-06 17:25:54.366 28083 28103 I NAPPA_EXPERIMENTATION: MetricNetworkRequestExecutionTime: REQUEST_DURATION_SYSTEM='141',REQUEST_DURATION_OKHTTP='139',REQUEST_SYNCHRONOUS='TRUE',RESPONSE_CODE='200',RESPONSE_METHOD='GET',RESPONSE_LENGTH_OKHTTP='-1',RESPONSE_LENGTH_HEADER='10075',REQUEST_PROTOCOL='h2',REQUEST_URL='https://itunes.apple.com/us/rss/toppodcasts/limit=25/explicit=true/json',
08-06 17:25:54.418   512  2967 D audio_hw_primary: disable_audio_route: reset and update mixer path: low-latency-playback speaker
08-06 17:25:54.420   512  2967 D audio_hw_primary: disable_snd_device: snd_device(2: speaker)
08-06 17:25:54.421 28083 28806 D ApOkHttpUrlLoader: buildLoadData() called with: model = [https://is4-ssl.mzstatic.com/image/thumb/Podcasts114/v4/3f/16/74/3f167426-bf50-ce3a-d709-e4301620fc5b/mza_5832671293059882550.jpeg/170x170bb.png], width = [224], height = [224]
08-06 17:25:54.423 28083 28813 D DBReader: getImageAuthentication() called with: imageUrl = [https://is4-ssl.mzstatic.com/image/thumb/Podcasts114/v4/3f/16/74/3f167426-bf50-ce3a-d709-e4301620fc5b/mza_5832671293059882550.jpeg/170x170bb.png]
08-06 17:25:54.427 28083 28813 D ApOkHttpUrlLoader: no credentials for 'https://is4-ssl.mzstatic.com/image/thumb/Podcasts114/v4/3f/16/74/3f167426-bf50-ce3a-d709-e4301620fc5b/mza_5832671293059882550.jpeg/170x170bb.png'
08-06 17:25:54.428 28083 28810 D ApOkHttpUrlLoader: buildLoadData() called with: model = [https://is4-ssl.mzstatic.com/image/thumb/Podcasts113/v4/e5/8a/10/e58a108f-f5d0-f622-c94a-13f66edd570c/mza_3025981348644196724.jpg/170x170bb.png], width = [224], height = [224]
08-06 17:25:54.430 28083 28805 D DBReader: getImageAuthentication() called with: imageUrl = [https://is4-ssl.mzstatic.com/image/thumb/Podcasts113/v4/e5/8a/10/e58a108f-f5d0-f622-c94a-13f66edd570c/mza_3025981348644196724.jpg/170x170bb.png]
08-06 17:25:54.430   512  2967 I soundtrigger: audio_extn_sound_trigger_update_device_status: device 0x2 of type 0 for Event 0
08-06 17:25:54.433 28083 28804 D ApOkHttpUrlLoader: buildLoadData() called with: model = [https://is2-ssl.mzstatic.com/image/thumb/Podcasts113/v4/a9/39/cc/a939ccc5-6d60-0c11-0a4c-16d71cdef89b/mza_8787577209688278658.jpg/170x170bb.png], width = [224], height = [224]
08-06 17:25:54.434 28083 28814 D DBReader: getImageAuthentication() called with: imageUrl = [https://is2-ssl.mzstatic.com/image/thumb/Podcasts113/v4/a9/39/cc/a939ccc5-6d60-0c11-0a4c-16d71cdef89b/mza_8787577209688278658.jpg/170x170bb.png]
08-06 17:25:54.435 28083 28805 D ApOkHttpUrlLoader: no credentials for 'https://is4-ssl.mzstatic.com/image/thumb/Podcasts113/v4/e5/8a/10/e58a108f-f5d0-f622-c94a-13f66edd570c/mza_3025981348644196724.jpg/170x170bb.png'
08-06 17:25:54.438 28083 28808 D ApOkHttpUrlLoader: buildLoadData() called with: model = [https://is5-ssl.mzstatic.com/image/thumb/Podcasts114/v4/93/cf/99/93cf9960-fff3-205e-6655-72c03ddeccb2/mza_10545582232493904175.jpeg/170x170bb.png], width = [224], height = [224]
08-06 17:25:54.439 28083 28812 D DBReader: getImageAuthentication() called with: imageUrl = [https://is5-ssl.mzstatic.com/image/thumb/Podcasts114/v4/93/cf/99/93cf9960-fff3-205e-6655-72c03ddeccb2/mza_10545582232493904175.jpeg/170x170bb.png]
08-06 17:25:54.439 28083 28814 D ApOkHttpUrlLoader: no credentials for 'https://is2-ssl.mzstatic.com/image/thumb/Podcasts113/v4/a9/39/cc/a939ccc5-6d60-0c11-0a4c-16d71cdef89b/mza_8787577209688278658.jpg/170x170bb.png'
08-06 17:25:54.441 28083 28806 D ApOkHttpUrlLoader: buildLoadData() called with: model = [https://is4-ssl.mzstatic.com/image/thumb/Podcasts124/v4/49/a4/91/49a491b7-3daf-c5dc-d7c6-6c4f1486955c/mza_5930014091766152297.png/170x170bb.png], width = [224], height = [224]
08-06 17:25:54.442 28083 28811 D DBReader: getImageAuthentication() called with: imageUrl = [https://is4-ssl.mzstatic.com/image/thumb/Podcasts124/v4/49/a4/91/49a491b7-3daf-c5dc-d7c6-6c4f1486955c/mza_5930014091766152297.png/170x170bb.png]
08-06 17:25:54.443 28083 28812 D ApOkHttpUrlLoader: no credentials for 'https://is5-ssl.mzstatic.com/image/thumb/Podcasts114/v4/93/cf/99/93cf9960-fff3-205e-6655-72c03ddeccb2/mza_10545582232493904175.jpeg/170x170bb.png'
08-06 17:25:54.444 28083 28810 D ApOkHttpUrlLoader: buildLoadData() called with: model = [https://is5-ssl.mzstatic.com/image/thumb/Podcasts113/v4/fd/54/6e/fd546ea0-7ab2-e3f0-6049-884d82917af9/mza_4855349695799758348.jpeg/170x170bb.png], width = [224], height = [224]
08-06 17:25:54.444 28083 28807 D DBReader: getImageAuthentication() called with: imageUrl = [https://is5-ssl.mzstatic.com/image/thumb/Podcasts113/v4/fd/54/6e/fd546ea0-7ab2-e3f0-6049-884d82917af9/mza_4855349695799758348.jpeg/170x170bb.png]
08-06 17:25:54.447 28083 28804 D ApOkHttpUrlLoader: buildLoadData() called with: model = [https://is2-ssl.mzstatic.com/image/thumb/Podcasts114/v4/b3/4c/cf/b34ccfc2-cea4-1ca1-0fad-7793af301cc5/mza_2466085192629456364.jpg/170x170bb.png], width = [224], height = [224]
08-06 17:25:54.448 28083 28811 D ApOkHttpUrlLoader: no credentials for 'https://is4-ssl.mzstatic.com/image/thumb/Podcasts124/v4/49/a4/91/49a491b7-3daf-c5dc-d7c6-6c4f1486955c/mza_5930014091766152297.png/170x170bb.png'
08-06 17:25:54.448 28083 28809 D DBReader: getImageAuthentication() called with: imageUrl = [https://is2-ssl.mzstatic.com/image/thumb/Podcasts114/v4/b3/4c/cf/b34ccfc2-cea4-1ca1-0fad-7793af301cc5/mza_2466085192629456364.jpg/170x170bb.png]
08-06 17:25:54.450 28083 28807 D ApOkHttpUrlLoader: no credentials for 'https://is5-ssl.mzstatic.com/image/thumb/Podcasts113/v4/fd/54/6e/fd546ea0-7ab2-e3f0-6049-884d82917af9/mza_4855349695799758348.jpeg/170x170bb.png'
08-06 17:25:54.453 28083 28809 D ApOkHttpUrlLoader: no credentials for 'https://is2-ssl.mzstatic.com/image/thumb/Podcasts114/v4/b3/4c/cf/b34ccfc2-cea4-1ca1-0fad-7793af301cc5/mza_2466085192629456364.jpg/170x170bb.png'
08-06 17:25:54.553 28083 28096 I art     : Starting a blocking GC Explicit
08-06 17:25:54.593 28083 28096 I art     : Explicit concurrent mark sweep GC freed 14552(819KB) AllocSpace objects, 5(372KB) LOS objects, 36% free, 27MB/43MB, paused 1.978ms total 39.864ms
08-06 17:25:54.605 28083 28096 I art     : Starting a blocking GC Explicit
08-06 17:25:54.645 28083 28096 I art     : Explicit concurrent mark sweep GC freed 19742(846KB) AllocSpace objects, 0(0B) LOS objects, 36% free, 27MB/43MB, paused 1.833ms total 39.342ms
08-06 17:25:54.658 28083 28096 I art     : Starting a blocking GC Explicit
08-06 17:25:54.694 28083 28096 I art     : Explicit concurrent mark sweep GC freed 6597(434KB) AllocSpace objects, 0(0B) LOS objects, 37% free, 27MB/43MB, paused 1.555ms total 35.510ms
08-06 17:25:54.705 28083 28096 I art     : Starting a blocking GC Explicit
08-06 17:25:54.740 28083 28096 I art     : Explicit concurrent mark sweep GC freed 579(20KB) AllocSpace objects, 0(0B) LOS objects, 37% free, 27MB/43MB, paused 1.618ms total 34.605ms
08-06 17:25:54.752 28083 28096 I art     : Starting a blocking GC Explicit
08-06 17:25:54.788 28083 28096 I art     : Explicit concurrent mark sweep GC freed 7(272B) AllocSpace objects, 0(0B) LOS objects, 37% free, 26MB/42MB, paused 1.669ms total 35.993ms
08-06 17:25:54.844 28083 28812 D MYTAG   : interceptor 2a
08-06 17:25:54.844 28083 28812 I NAPPA_EXPERIMENTATION: MetricNetworkRequestExecutionTime: REQUEST_DURATION_SYSTEM='401',REQUEST_DURATION_OKHTTP='205',REQUEST_SYNCHRONOUS='TRUE',RESPONSE_CODE='200',RESPONSE_METHOD='GET',RESPONSE_LENGTH_OKHTTP='22351',RESPONSE_LENGTH_HEADER='22351',REQUEST_PROTOCOL='h2',REQUEST_URL='https://is5-ssl.mzstatic.com/image/thumb/Podcasts114/v4/93/cf/99/93cf9960-fff3-205e-6655-72c03ddeccb2/mza_10545582232493904175.jpeg/170x170bb.png',
08-06 17:25:54.889 28083 28807 D MYTAG   : interceptor 2a
08-06 17:25:54.889 28083 28807 I NAPPA_EXPERIMENTATION: MetricNetworkRequestExecutionTime: REQUEST_DURATION_SYSTEM='439',REQUEST_DURATION_OKHTTP='235',REQUEST_SYNCHRONOUS='TRUE',RESPONSE_CODE='200',RESPONSE_METHOD='GET',RESPONSE_LENGTH_OKHTTP='54835',RESPONSE_LENGTH_HEADER='54835',REQUEST_PROTOCOL='h2',REQUEST_URL='https://is5-ssl.mzstatic.com/image/thumb/Podcasts113/v4/fd/54/6e/fd546ea0-7ab2-e3f0-6049-884d82917af9/mza_4855349695799758348.jpeg/170x170bb.png',
08-06 17:25:54.916 28083 28813 D MYTAG   : interceptor 2a
08-06 17:25:54.916 28083 28813 I NAPPA_EXPERIMENTATION: MetricNetworkRequestExecutionTime: REQUEST_DURATION_SYSTEM='489',REQUEST_DURATION_OKHTTP='278',REQUEST_SYNCHRONOUS='TRUE',RESPONSE_CODE='200',RESPONSE_METHOD='GET',RESPONSE_LENGTH_OKHTTP='26177',RESPONSE_LENGTH_HEADER='26177',REQUEST_PROTOCOL='h2',REQUEST_URL='https://is4-ssl.mzstatic.com/image/thumb/Podcasts114/v4/3f/16/74/3f167426-bf50-ce3a-d709-e4301620fc5b/mza_5832671293059882550.jpeg/170x170bb.png',
08-06 17:25:54.926 28083 28811 D MYTAG   : interceptor 2a
08-06 17:25:54.927 28083 28811 I NAPPA_EXPERIMENTATION: MetricNetworkRequestExecutionTime: REQUEST_DURATION_SYSTEM='478',REQUEST_DURATION_OKHTTP='272',REQUEST_SYNCHRONOUS='TRUE',RESPONSE_CODE='200',RESPONSE_METHOD='GET',RESPONSE_LENGTH_OKHTTP='12000',RESPONSE_LENGTH_HEADER='12000',REQUEST_PROTOCOL='h2',REQUEST_URL='https://is4-ssl.mzstatic.com/image/thumb/Podcasts124/v4/49/a4/91/49a491b7-3daf-c5dc-d7c6-6c4f1486955c/mza_5930014091766152297.png/170x170bb.png',
08-06 17:25:54.932 28083 28809 D MYTAG   : interceptor 2a
08-06 17:25:54.933 28083 28809 I NAPPA_EXPERIMENTATION: MetricNetworkRequestExecutionTime: REQUEST_DURATION_SYSTEM='478',REQUEST_DURATION_OKHTTP='279',REQUEST_SYNCHRONOUS='TRUE',RESPONSE_CODE='200',RESPONSE_METHOD='GET',RESPONSE_LENGTH_OKHTTP='42299',RESPONSE_LENGTH_HEADER='42299',REQUEST_PROTOCOL='h2',REQUEST_URL='https://is2-ssl.mzstatic.com/image/thumb/Podcasts114/v4/b3/4c/cf/b34ccfc2-cea4-1ca1-0fad-7793af301cc5/mza_2466085192629456364.jpg/170x170bb.png',
08-06 17:25:54.951 28083 28805 D MYTAG   : interceptor 2a
08-06 17:25:54.952 28083 28805 I NAPPA_EXPERIMENTATION: MetricNetworkRequestExecutionTime: REQUEST_DURATION_SYSTEM='516',REQUEST_DURATION_OKHTTP='306',REQUEST_SYNCHRONOUS='TRUE',RESPONSE_CODE='200',RESPONSE_METHOD='GET',RESPONSE_LENGTH_OKHTTP='45995',RESPONSE_LENGTH_HEADER='45995',REQUEST_PROTOCOL='h2',REQUEST_URL='https://is4-ssl.mzstatic.com/image/thumb/Podcasts113/v4/e5/8a/10/e58a108f-f5d0-f622-c94a-13f66edd570c/mza_3025981348644196724.jpg/170x170bb.png',
08-06 17:25:54.954 28083 28814 D MYTAG   : interceptor 2a
08-06 17:25:54.954 28083 28814 I NAPPA_EXPERIMENTATION: MetricNetworkRequestExecutionTime: REQUEST_DURATION_SYSTEM='514',REQUEST_DURATION_OKHTTP='301',REQUEST_SYNCHRONOUS='TRUE',RESPONSE_CODE='200',RESPONSE_METHOD='GET',RESPONSE_LENGTH_OKHTTP='48239',RESPONSE_LENGTH_HEADER='48239',REQUEST_PROTOCOL='h2',REQUEST_URL='https://is2-ssl.mzstatic.com/image/thumb/Podcasts113/v4/a9/39/cc/a939ccc5-6d60-0c11-0a4c-16d71cdef89b/mza_8787577209688278658.jpg/170x170bb.png',
08-06 17:25:55.096 28083 28159 I art     : Starting a blocking GC Explicit
08-06 17:25:55.134 28083 28159 I art     : Explicit concurrent mark sweep GC freed 4548(278KB) AllocSpace objects, 1(20KB) LOS objects, 36% free, 28MB/44MB, paused 1.223ms total 37.807ms
08-06 17:25:55.148 28083 28159 I art     : Starting a blocking GC Explicit
08-06 17:25:55.183 28083 28159 I art     : Explicit concurrent mark sweep GC freed 51(2672B) AllocSpace objects, 0(0B) LOS objects, 36% free, 28MB/44MB, paused 1.242ms total 33.953ms
08-06 17:25:55.194 28083 28159 I art     : Starting a blocking GC Explicit
08-06 17:25:55.229 28083 28159 I art     : Explicit concurrent mark sweep GC freed 3(96B) AllocSpace objects, 0(0B) LOS objects, 36% free, 28MB/44MB, paused 1.255ms total 34.405ms
08-06 17:25:55.241 28083 28159 I art     : Starting a blocking GC Explicit
08-06 17:25:55.276 28083 28159 I art     : Explicit concurrent mark sweep GC freed 3(96B) AllocSpace objects, 0(0B) LOS objects, 36% free, 28MB/44MB, paused 1.234ms total 34.544ms
08-06 17:25:55.288 28083 28159 I art     : Starting a blocking GC Explicit
08-06 17:25:55.323 28083 28159 I art     : Explicit concurrent mark sweep GC freed 3(96B) AllocSpace objects, 0(0B) LOS objects, 36% free, 28MB/44MB, paused 1.231ms total 35.102ms
08-06 17:25:55.641 28083 28614 I art     : Starting a blocking GC Explicit
08-06 17:25:55.688 28083 28614 I art     : Explicit concurrent mark sweep GC freed 1401(81KB) AllocSpace objects, 1(20KB) LOS objects, 36% free, 28MB/44MB, paused 1.465ms total 47.064ms
08-06 17:25:55.702 28083 28614 I art     : Starting a blocking GC Explicit
08-06 17:25:55.740 28083 28614 I art     : Explicit concurrent mark sweep GC freed 23(752B) AllocSpace objects, 0(0B) LOS objects, 36% free, 28MB/44MB, paused 1.295ms total 38.087ms
08-06 17:25:55.753 28083 28614 I art     : Starting a blocking GC Explicit
08-06 17:25:55.791 28083 28614 I art     : Explicit concurrent mark sweep GC freed 3(96B) AllocSpace objects, 0(0B) LOS objects, 36% free, 28MB/44MB, paused 1.312ms total 38.119ms
08-06 17:25:55.804 28083 28614 I art     : Starting a blocking GC Explicit
08-06 17:25:55.841 28083 28614 I art     : Explicit concurrent mark sweep GC freed 3(96B) AllocSpace objects, 0(0B) LOS objects, 36% free, 28MB/44MB, paused 1.286ms total 36.855ms
08-06 17:25:55.851   518   646 I ThermalEngine: ACTION: GPU - Setting GPU[0] to 390000000
08-06 17:25:55.880 28083 28614 I art     : Starting a blocking GC Explicit
08-06 17:25:55.932 28083 28614 I art     : Explicit concurrent mark sweep GC freed 3(96B) AllocSpace objects, 0(0B) LOS objects, 36% free, 28MB/44MB, paused 1.772ms total 51.563ms
08-06 17:25:56.295 28083 28614 I art     : Starting a blocking GC Explicit
08-06 17:25:56.342 28083 28614 I art     : Explicit concurrent mark sweep GC freed 1403(82KB) AllocSpace objects, 1(20KB) LOS objects, 36% free, 28MB/44MB, paused 1.878ms total 46.298ms
08-06 17:25:56.360 28083 28614 I art     : Starting a blocking GC Explicit
08-06 17:25:56.406 28083 28614 I art     : Explicit concurrent mark sweep GC freed 23(752B) AllocSpace objects, 0(0B) LOS objects, 36% free, 28MB/44MB, paused 2.235ms total 45.243ms
08-06 17:25:56.424 28083 28614 I art     : Starting a blocking GC Explicit
08-06 17:25:56.470 28083 28614 I art     : Explicit concurrent mark sweep GC freed 3(96B) AllocSpace objects, 0(0B) LOS objects, 36% free, 28MB/44MB, paused 2.039ms total 45.401ms
08-06 17:25:56.488 28083 28614 I art     : Starting a blocking GC Explicit
08-06 17:25:56.534 28083 28614 I art     : Explicit concurrent mark sweep GC freed 3(96B) AllocSpace objects, 0(0B) LOS objects, 36% free, 28MB/44MB, paused 1.777ms total 45.133ms
08-06 17:25:56.552 28083 28614 I art     : Starting a blocking GC Explicit
08-06 17:25:56.598 28083 28614 I art     : Explicit concurrent mark sweep GC freed 3(96B) AllocSpace objects, 0(0B) LOS objects, 36% free, 28MB/44MB, paused 1.874ms total 45.096ms
08-06 17:25:56.941 28083 28096 I art     : Starting a blocking GC Explicit
08-06 17:25:57.002 28083 28096 I art     : Explicit concurrent mark sweep GC freed 1403(83KB) AllocSpace objects, 1(20KB) LOS objects, 36% free, 28MB/44MB, paused 2.557ms total 59.992ms
08-06 17:25:57.022 28083 28096 I art     : Starting a blocking GC Explicit
08-06 17:25:57.071 28083 28096 I art     : Explicit concurrent mark sweep GC freed 23(752B) AllocSpace objects, 0(0B) LOS objects, 36% free, 28MB/44MB, paused 2.214ms total 48.367ms
08-06 17:25:57.094 28083 28096 I art     : Starting a blocking GC Explicit
08-06 17:25:57.141 28083 28096 I art     : Explicit concurrent mark sweep GC freed 3(96B) AllocSpace objects, 0(0B) LOS objects, 36% free, 28MB/44MB, paused 1.865ms total 46.606ms
08-06 17:25:57.159 28083 28096 I art     : Starting a blocking GC Explicit
08-06 17:25:57.206 28083 28096 I art     : Explicit concurrent mark sweep GC freed 3(96B) AllocSpace objects, 0(0B) LOS objects, 36% free, 28MB/44MB, paused 1.992ms total 46.535ms
08-06 17:25:57.229 28083 28096 I art     : Starting a blocking GC Explicit
08-06 17:25:57.275 28083 28096 I art     : Explicit concurrent mark sweep GC freed 3(96B) AllocSpace objects, 0(0B) LOS objects, 36% free, 28MB/44MB, paused 2.110ms total 45.745ms
08-06 17:25:57.639 28083 28159 I art     : Starting a blocking GC Explicit
08-06 17:25:57.697 28083 28159 I art     : Explicit concurrent mark sweep GC freed 1402(82KB) AllocSpace objects, 1(20KB) LOS objects, 36% free, 28MB/44MB, paused 1.748ms total 56.771ms
08-06 17:25:57.715 28083 28159 I art     : Starting a blocking GC Explicit
08-06 17:25:57.761 28083 28159 I art     : Explicit concurrent mark sweep GC freed 23(752B) AllocSpace objects, 0(0B) LOS objects, 36% free, 28MB/44MB, paused 1.886ms total 45.391ms
08-06 17:25:57.779 28083 28159 I art     : Starting a blocking GC Explicit
08-06 17:25:57.825 28083 28159 I art     : Explicit concurrent mark sweep GC freed 3(96B) AllocSpace objects, 0(0B) LOS objects, 36% free, 28MB/44MB, paused 1.863ms total 45.713ms
08-06 17:25:57.843 28083 28159 I art     : Starting a blocking GC Explicit
08-06 17:25:57.852   518   646 I ThermalEngine: ACTION: GPU - Setting GPU[0] to 450000000
08-06 17:25:57.882 28083 28159 I art     : Explicit concurrent mark sweep GC freed 3(96B) AllocSpace objects, 0(0B) LOS objects, 36% free, 28MB/44MB, paused 1.235ms total 38.461ms
08-06 17:25:57.894 28083 28159 I art     : Starting a blocking GC Explicit
08-06 17:25:57.930 28083 28159 I art     : Explicit concurrent mark sweep GC freed 3(96B) AllocSpace objects, 0(0B) LOS objects, 36% free, 28MB/44MB, paused 1.263ms total 34.928ms
08-06 17:25:58.271 28083 28095 I art     : Starting a blocking GC Explicit
08-06 17:25:58.321 28083 28095 I art     : Explicit concurrent mark sweep GC freed 1374(82KB) AllocSpace objects, 1(20KB) LOS objects, 36% free, 28MB/44MB, paused 1.410ms total 49.162ms
08-06 17:25:58.336 28083 28095 I art     : Starting a blocking GC Explicit
08-06 17:25:58.374 28083 28095 I art     : Explicit concurrent mark sweep GC freed 23(752B) AllocSpace objects, 0(0B) LOS objects, 36% free, 28MB/44MB, paused 1.208ms total 37.866ms
08-06 17:25:58.386 28083 28095 I art     : Starting a blocking GC Explicit
08-06 17:25:58.424 28083 28095 I art     : Explicit concurrent mark sweep GC freed 3(96B) AllocSpace objects, 0(0B) LOS objects, 36% free, 28MB/44MB, paused 1.281ms total 37.981ms
08-06 17:25:58.437 28083 28095 I art     : Starting a blocking GC Explicit
08-06 17:25:58.476 28083 28095 I art     : Explicit concurrent mark sweep GC freed 3(96B) AllocSpace objects, 0(0B) LOS objects, 36% free, 28MB/44MB, paused 1.261ms total 38.496ms
08-06 17:25:58.488 28083 28095 I art     : Starting a blocking GC Explicit
08-06 17:25:58.525 28083 28095 I art     : Explicit concurrent mark sweep GC freed 3(96B) AllocSpace objects, 0(0B) LOS objects, 36% free, 28MB/44MB, paused 1.311ms total 37.073ms
08-06 17:25:58.887 28083 28614 I art     : Starting a blocking GC Explicit
08-06 17:25:58.935 28083 28614 I art     : Explicit concurrent mark sweep GC freed 1402(82KB) AllocSpace objects, 1(20KB) LOS objects, 36% free, 28MB/44MB, paused 1.378ms total 47.928ms
08-06 17:25:58.950 28083 28614 I art     : Starting a blocking GC Explicit
08-06 17:25:58.988 28083 28614 I art     : Explicit concurrent mark sweep GC freed 23(752B) AllocSpace objects, 0(0B) LOS objects, 36% free, 28MB/44MB, paused 1.339ms total 37.667ms
08-06 17:25:59.000 28083 28614 I art     : Starting a blocking GC Explicit
08-06 17:25:59.039 28083 28614 I art     : Explicit concurrent mark sweep GC freed 3(96B) AllocSpace objects, 0(0B) LOS objects, 36% free, 28MB/44MB, paused 1.340ms total 38.263ms
08-06 17:25:59.051 28083 28614 I art     : Starting a blocking GC Explicit
08-06 17:25:59.089 28083 28614 I art     : Explicit concurrent mark sweep GC freed 3(96B) AllocSpace objects, 0(0B) LOS objects, 36% free, 28MB/44MB, paused 1.340ms total 37.553ms
08-06 17:25:59.101 28083 28614 I art     : Starting a blocking GC Explicit
08-06 17:25:59.139 28083 28614 I art     : Explicit concurrent mark sweep GC freed 3(96B) AllocSpace objects, 0(0B) LOS objects, 36% free, 28MB/44MB, paused 1.279ms total 36.810ms
08-06 17:25:59.504 28083 28096 I art     : Starting a blocking GC Explicit
08-06 17:25:59.550 28083 28096 I art     : Explicit concurrent mark sweep GC freed 1372(80KB) AllocSpace objects, 1(20KB) LOS objects, 36% free, 28MB/44MB, paused 1.413ms total 45.454ms
08-06 17:25:59.564 28083 28096 I art     : Starting a blocking GC Explicit
08-06 17:25:59.602 28083 28096 I art     : Explicit concurrent mark sweep GC freed 23(752B) AllocSpace objects, 0(0B) LOS objects, 36% free, 28MB/44MB, paused 1.280ms total 38.269ms
08-06 17:25:59.615 28083 28096 I art     : Starting a blocking GC Explicit
08-06 17:25:59.652 28083 28096 I art     : Explicit concurrent mark sweep GC freed 32(880B) AllocSpace objects, 0(0B) LOS objects, 36% free, 28MB/44MB, paused 1.303ms total 37.289ms
08-06 17:25:59.665 28083 28096 I art     : Starting a blocking GC Explicit
08-06 17:25:59.703 28083 28096 I art     : Explicit concurrent mark sweep GC freed 3(96B) AllocSpace objects, 0(0B) LOS objects, 36% free, 28MB/44MB, paused 1.301ms total 38.011ms
08-06 17:25:59.716 28083 28096 I art     : Starting a blocking GC Explicit
08-06 17:25:59.753 28083 28096 I art     : Explicit concurrent mark sweep GC freed 3(96B) AllocSpace objects, 0(0B) LOS objects, 36% free, 28MB/44MB, paused 1.263ms total 37.391ms
08-06 17:26:00.106 28083 28159 I art     : Starting a blocking GC Explicit
08-06 17:26:00.140 28083 28159 I art     : Explicit concurrent mark sweep GC freed 1372(80KB) AllocSpace objects, 1(20KB) LOS objects, 36% free, 28MB/44MB, paused 1.315ms total 33.881ms
08-06 17:26:00.152 28083 28159 I art     : Starting a blocking GC Explicit
08-06 17:26:00.186 28083 28159 I art     : Explicit concurrent mark sweep GC freed 23(752B) AllocSpace objects, 0(0B) LOS objects, 36% free, 28MB/44MB, paused 1.198ms total 33.316ms
08-06 17:26:00.198 28083 28159 I art     : Starting a blocking GC Explicit
08-06 17:26:00.234 28083 28159 I art     : Explicit concurrent mark sweep GC freed 3(96B) AllocSpace objects, 0(0B) LOS objects, 36% free, 28MB/44MB, paused 1.243ms total 36.012ms
08-06 17:26:00.246 28083 28159 I art     : Starting a blocking GC Explicit
08-06 17:26:00.283 28083 28159 I art     : Explicit concurrent mark sweep GC freed 3(96B) AllocSpace objects, 0(0B) LOS objects, 36% free, 28MB/44MB, paused 1.296ms total 36.724ms
08-06 17:26:00.295 28083 28159 I art     : Starting a blocking GC Explicit
08-06 17:26:00.332 28083 28159 I art     : Explicit concurrent mark sweep GC freed 3(96B) AllocSpace objects, 0(0B) LOS objects, 36% free, 28MB/44MB, paused 1.316ms total 36.736ms
08-06 17:26:00.608 30010 30010 D AndroidRuntime: >>>>>> START com.android.internal.os.RuntimeInit uid 2000 <<<<<<
08-06 17:26:00.614 30010 30010 D AndroidRuntime: CheckJNI is OFF
08-06 17:26:00.659 30010 30010 D ICU     : No timezone override file found: /data/misc/zoneinfo/current/icu/icu_tzdata.dat
08-06 17:26:00.667 28083 28095 I art     : Starting a blocking GC Explicit
08-06 17:26:00.701 30010 30010 I Radio-JNI: register_android_hardware_Radio DONE
08-06 17:26:00.702 28083 28095 I art     : Explicit concurrent mark sweep GC freed 1401(81KB) AllocSpace objects, 1(20KB) LOS objects, 36% free, 28MB/44MB, paused 1.384ms total 34.758ms
08-06 17:26:00.714 28083 28095 I art     : Starting a blocking GC Explicit
08-06 17:26:00.732 30010 30010 D AndroidRuntime: Calling main entry com.android.commands.input.Input
08-06 17:26:00.735 30010 30010 I Input   : injectMotionEvent: MotionEvent { action=ACTION_DOWN, actionButton=0, id[0]=0, x[0]=616.0, y[0]=469.0, toolType[0]=TOOL_TYPE_UNKNOWN, buttonState=0, metaState=0, flags=0x0, edgeFlags=0x0, pointerCount=1, historySize=0, eventTime=897977147, downTime=897977147, deviceId=0, source=0x1002 }
08-06 17:26:00.743 30010 30010 I Input   : injectMotionEvent: MotionEvent { action=ACTION_UP, actionButton=0, id[0]=0, x[0]=616.0, y[0]=469.0, toolType[0]=TOOL_TYPE_UNKNOWN, buttonState=0, metaState=0, flags=0x0, edgeFlags=0x0, pointerCount=1, historySize=0, eventTime=897977147, downTime=897977147, deviceId=0, source=0x1002 }
08-06 17:26:00.746 30010 30010 D AndroidRuntime: Shutting down VM
08-06 17:26:00.750 28083 28095 I art     : Explicit concurrent mark sweep GC freed 38(1200B) AllocSpace objects, 0(0B) LOS objects, 36% free, 28MB/44MB, paused 1.612ms total 35.489ms
08-06 17:26:00.762 28083 28095 I art     : Starting a blocking GC Explicit
08-06 17:26:00.793 28083 28095 I art     : Explicit concurrent mark sweep GC freed 9(320B) AllocSpace objects, 0(0B) LOS objects, 36% free, 28MB/44MB, paused 1.270ms total 30.866ms
08-06 17:26:00.805 28083 28095 I art     : Starting a blocking GC Explicit
08-06 17:26:00.812   512  2967 D audio_hw_primary: out_set_parameters: enter: usecase(1: low-latency-playback) kvpairs: routing=2
08-06 17:26:00.825   512  2967 D audio_hw_primary: select_devices: out_snd_device(2: speaker) in_snd_device(0: none)
08-06 17:26:00.826   512  2967 D msm8974_platform: platform_send_audio_calibration: sending audio calibration for snd_device(2) acdb_id(15)
08-06 17:26:00.826   512  2967 I soundtrigger: audio_extn_sound_trigger_update_device_status: device 0x2 of type 0 for Event 1
08-06 17:26:00.836   512  2967 D audio_hw_primary: enable_snd_device: snd_device(2: speaker)
08-06 17:26:00.838   512  2967 D audio_hw_primary: enable_audio_route: apply and update mixer path: low-latency-playback speaker
08-06 17:26:00.841 28083 28095 I art     : Explicit concurrent mark sweep GC freed 192(8KB) AllocSpace objects, 0(0B) LOS objects, 36% free, 28MB/44MB, paused 1.392ms total 35.736ms
08-06 17:26:00.855 28083 28095 I art     : Starting a blocking GC Explicit
08-06 17:26:00.864 25638 25638 I ServiceManager: Waiting for service AtCmdFwd...
08-06 17:26:00.888 28083 28095 I art     : Explicit concurrent mark sweep GC freed 28(1088B) AllocSpace objects, 0(0B) LOS objects, 36% free, 28MB/44MB, paused 1.307ms total 33.614ms
08-06 17:26:00.995   918  3188 I hubconnection: sensorhub said: 'set_bias 3: -5.7600, 0.0000, 0.0000'
08-06 17:26:01.038 28083 28111 I NAPPA_EXPERIMENTATION: MetricNetworkRequestExecutionTime: REQUEST_DURATION_SYSTEM='227',REQUEST_DURATION_OKHTTP='223',REQUEST_SYNCHRONOUS='TRUE',RESPONSE_CODE='200',RESPONSE_METHOD='GET',RESPONSE_LENGTH_OKHTTP='-1',RESPONSE_LENGTH_HEADER='628',REQUEST_PROTOCOL='h2',REQUEST_URL='https://itunes.apple.com/lookup?id=1524080195',
08-06 17:26:01.059   918   929 I ActivityManager: START u0 {cmp=baseline.de.danoeh.antennapod.debug/baseline.de.danoeh.antennapod.activity.OnlineFeedViewActivity (has extras)} from uid 10711 on display 0
08-06 17:26:01.081 13866 13866 I GoogleInputMethodServic: GoogleInputMethodService.onFinishInput():3138 
08-06 17:26:01.082 13866 13866 I GoogleInputMethodServic: GoogleInputMethodService.onStartInput():1808 
08-06 17:26:01.109 28083 28083 D UserPreferences: Using default data folder
08-06 17:26:01.110 28083 28083 D OnlineFeedViewActivity: Activity was started with url https://rss.art19.com/nice-white-parents
08-06 17:26:01.113 28083 28083 D OnlineFeedViewActivity: Starting feed download
08-06 17:26:01.115 28083 28602 D DBReader: Extracting Feedlist
08-06 17:26:01.118   918  3696 D WifiService: acquireWifiLockLocked: WifiLock{Downloader type=1 binder=android.os.BinderProxy@e82d946}
08-06 17:26:01.119 28083 28602 D AntennapodHttpClient: Creating new instance of HTTP client
08-06 17:26:01.170 13866 13866 I GoogleInputMethodServic: GoogleInputMethodService.onFinishInput():3138 
08-06 17:26:01.171 13866 13866 I GoogleInputMethodServic: GoogleInputMethodService.onStartInput():1808 
08-06 17:26:01.176 28083 28614 I art     : Starting a blocking GC Explicit
08-06 17:26:01.193   918   936 I ActivityManager: Displayed baseline.de.danoeh.antennapod.debug/baseline.de.danoeh.antennapod.activity.OnlineFeedViewActivity: +111ms
08-06 17:26:01.216 28083 28614 I art     : Explicit concurrent mark sweep GC freed 3299(218KB) AllocSpace objects, 1(20KB) LOS objects, 35% free, 28MB/44MB, paused 1.498ms total 40.440ms
08-06 17:26:01.229 28083 28614 I art     : Starting a blocking GC Explicit
08-06 17:26:01.264 28083 28614 I art     : Explicit concurrent mark sweep GC freed 1544(98KB) AllocSpace objects, 2(120KB) LOS objects, 35% free, 28MB/44MB, paused 1.795ms total 34.579ms
08-06 17:26:01.276 28083 28614 I art     : Starting a blocking GC Explicit
08-06 17:26:01.310 28083 28614 I art     : Explicit concurrent mark sweep GC freed 3920(230KB) AllocSpace objects, 1(80KB) LOS objects, 35% free, 28MB/44MB, paused 1.310ms total 34.240ms
08-06 17:26:01.321 28083 28614 I art     : Starting a blocking GC Explicit
08-06 17:26:01.359 28083 28614 I art     : Explicit concurrent mark sweep GC freed 287(15KB) AllocSpace objects, 0(0B) LOS objects, 35% free, 28MB/44MB, paused 1.463ms total 37.467ms
08-06 17:26:01.372 28083 28614 I art     : Starting a blocking GC Explicit
08-06 17:26:01.379   512  2967 D audio_hw_primary: disable_audio_route: reset and update mixer path: low-latency-playback speaker
08-06 17:26:01.381   512  2967 D audio_hw_primary: disable_snd_device: snd_device(2: speaker)
08-06 17:26:01.391   512  2967 I soundtrigger: audio_extn_sound_trigger_update_device_status: device 0x2 of type 0 for Event 0
08-06 17:26:01.416 28083 28614 I art     : Explicit concurrent mark sweep GC freed 7(256B) AllocSpace objects, 0(0B) LOS objects, 35% free, 28MB/44MB, paused 1.363ms total 43.304ms
08-06 17:26:01.424   380   380 W SurfaceFlinger: couldn't log to binary event log: overflow.
08-06 17:26:01.429 28083 28602 D MYTAG   : interceptor 3a https://rss.art19.com/nice-white-parents
08-06 17:26:01.429 28083 28602 I NAPPA_EXPERIMENTATION: MetricNetworkRequestExecutionTime: REQUEST_DURATION_SYSTEM='309',REQUEST_DURATION_OKHTTP='147',REQUEST_SYNCHRONOUS='TRUE',RESPONSE_CODE='200',RESPONSE_METHOD='GET',RESPONSE_LENGTH_OKHTTP='-1',RESPONSE_LENGTH_HEADER='1803',REQUEST_PROTOCOL='h2',REQUEST_URL='https://rss.art19.com/nice-white-parents',
08-06 17:26:01.429 28083 28602 D HttpDownloader: Response code is 200
08-06 17:26:01.429 28083 28602 D UserPreferences: Using default data folder
08-06 17:26:01.433 28083 28602 D HttpDownloader: Getting size of download
08-06 17:26:01.433 28083 28602 D HttpDownloader: Size is -1
08-06 17:26:01.434 28083 28602 D UserPreferences: Using default data folder
08-06 17:26:01.436 28083 28602 D HttpDownloader: Free space is 20343791616
08-06 17:26:01.436 28083 28602 D HttpDownloader: Starting download
08-06 17:26:01.468 28083 28602 D HttpDownloader: Download was successful
08-06 17:26:01.469   918   929 D WifiService: releaseWifiLockLocked: WifiLock{Downloader type=1 binder=android.os.BinderProxy@e82d946}
08-06 17:26:01.469 28083 28083 D OnlineFeedViewActivity: Parsing feed
08-06 17:26:01.472 28083 30046 D TypeGetter: Recognized type RSS 2.0
08-06 17:26:01.474 28083 30046 D SyndHandler: Recognized ITunes namespace
08-06 17:26:01.474 28083 30046 D SyndHandler: Recognized Atom namespace
08-06 17:26:01.474 28083 30046 D SyndHandler: Recognized Content namespace
08-06 17:26:01.480 28083 30046 D OnlineFeedViewActivity: Deleted feed source file. Result: true
08-06 17:26:01.480 28083 28083 D OnlineFeedViewActivity: Removing HTML from shownotes
08-06 17:26:01.564 28083 28083 D PlaybackController: Releasing PlaybackController
08-06 17:26:01.729 28083 28096 I art     : Starting a blocking GC Explicit
08-06 17:26:01.773 28083 28096 I art     : Explicit concurrent mark sweep GC freed 3741(378KB) AllocSpace objects, 5(148KB) LOS objects, 35% free, 28MB/44MB, paused 1.362ms total 43.771ms
08-06 17:26:01.789 28083 28096 I art     : Starting a blocking GC Explicit
08-06 17:26:01.828 28083 28096 I art     : Explicit concurrent mark sweep GC freed 657(31KB) AllocSpace objects, 1(112KB) LOS objects, 35% free, 28MB/44MB, paused 1.443ms total 38.473ms
08-06 17:26:01.840 28083 28096 I art     : Starting a blocking GC Explicit
08-06 17:26:01.864 25638 25638 I ServiceManager: Waiting for service AtCmdFwd...
08-06 17:26:01.878 28083 28096 I art     : Explicit concurrent mark sweep GC freed 3(96B) AllocSpace objects, 0(0B) LOS objects, 35% free, 28MB/44MB, paused 1.405ms total 37.572ms
08-06 17:26:01.890 28083 28096 I art     : Starting a blocking GC Explicit
08-06 17:26:01.928 28083 28096 I art     : Explicit concurrent mark sweep GC freed 3(96B) AllocSpace objects, 0(0B) LOS objects, 35% free, 28MB/44MB, paused 1.413ms total 37.251ms
08-06 17:26:01.940 28083 28096 I art     : Starting a blocking GC Explicit
08-06 17:26:01.977 28083 28096 I art     : Explicit concurrent mark sweep GC freed 3(96B) AllocSpace objects, 0(0B) LOS objects, 35% free, 28MB/44MB, paused 1.394ms total 37.402ms
08-06 17:26:02.301 28083 28159 I art     : Starting a blocking GC Explicit
08-06 17:26:02.347 28083 28159 I art     : Explicit concurrent mark sweep GC freed 1373(80KB) AllocSpace objects, 1(20KB) LOS objects, 35% free, 28MB/44MB, paused 1.356ms total 45.659ms
08-06 17:26:02.362 28083 28159 I art     : Starting a blocking GC Explicit
08-06 17:26:02.400 28083 28159 I art     : Explicit concurrent mark sweep GC freed 23(752B) AllocSpace objects, 0(0B) LOS objects, 35% free, 28MB/44MB, paused 1.406ms total 37.626ms
08-06 17:26:02.412 28083 28159 I art     : Starting a blocking GC Explicit
08-06 17:26:02.451 28083 28159 I art     : Explicit concurrent mark sweep GC freed 3(96B) AllocSpace objects, 0(0B) LOS objects, 35% free, 28MB/44MB, paused 1.359ms total 38.161ms
08-06 17:26:02.463 28083 28159 I art     : Starting a blocking GC Explicit
08-06 17:26:02.504 28083 28159 I art     : Explicit concurrent mark sweep GC freed 3(96B) AllocSpace objects, 0(0B) LOS objects, 35% free, 28MB/44MB, paused 1.387ms total 40.442ms
08-06 17:26:02.518 28083 28159 I art     : Starting a blocking GC Explicit
08-06 17:26:02.560 28083 28159 I art     : Explicit concurrent mark sweep GC freed 3(96B) AllocSpace objects, 0(0B) LOS objects, 35% free, 28MB/44MB, paused 1.381ms total 41.038ms
08-06 17:26:02.865 25638 25638 I ServiceManager: Waiting for service AtCmdFwd...
08-06 17:26:02.902 28083 28614 I art     : Starting a blocking GC Explicit
08-06 17:26:02.948 28083 28614 I art     : Explicit concurrent mark sweep GC freed 1401(81KB) AllocSpace objects, 1(20KB) LOS objects, 35% free, 28MB/44MB, paused 1.504ms total 45.970ms
08-06 17:26:02.964 28083 28614 I art     : Starting a blocking GC Explicit
08-06 17:26:03.005 28083 28614 I art     : Explicit concurrent mark sweep GC freed 23(752B) AllocSpace objects, 0(0B) LOS objects, 35% free, 28MB/44MB, paused 1.283ms total 40.566ms
08-06 17:26:03.018 28083 28614 I art     : Starting a blocking GC Explicit
08-06 17:26:03.060 28083 28614 I art     : Explicit concurrent mark sweep GC freed 3(96B) AllocSpace objects, 0(0B) LOS objects, 35% free, 28MB/44MB, paused 1.404ms total 41.481ms
08-06 17:26:03.072 28083 28614 I art     : Starting a blocking GC Explicit
08-06 17:26:03.113 28083 28614 I art     : Explicit concurrent mark sweep GC freed 4(128B) AllocSpace objects, 0(0B) LOS objects, 35% free, 28MB/44MB, paused 1.969ms total 40.210ms
08-06 17:26:03.126 28083 28614 I art     : Starting a blocking GC Explicit
08-06 17:26:03.162 28083 28614 I art     : Explicit concurrent mark sweep GC freed 10(320B) AllocSpace objects, 0(0B) LOS objects, 35% free, 28MB/44MB, paused 1.330ms total 35.798ms
08-06 17:26:03.496 28083 28095 I art     : Starting a blocking GC Explicit
08-06 17:26:03.543 28083 28095 I art     : Explicit concurrent mark sweep GC freed 1394(81KB) AllocSpace objects, 1(20KB) LOS objects, 35% free, 28MB/44MB, paused 1.428ms total 46.482ms
08-06 17:26:03.559 28083 28095 I art     : Starting a blocking GC Explicit
08-06 17:26:03.600 28083 28095 I art     : Explicit concurrent mark sweep GC freed 23(752B) AllocSpace objects, 0(0B) LOS objects, 35% free, 28MB/44MB, paused 1.385ms total 40.901ms
08-06 17:26:03.613 28083 28095 I art     : Starting a blocking GC Explicit
08-06 17:26:03.654 28083 28095 I art     : Explicit concurrent mark sweep GC freed 32(880B) AllocSpace objects, 0(0B) LOS objects, 35% free, 28MB/44MB, paused 1.346ms total 41.155ms
08-06 17:26:03.667 28083 28095 I art     : Starting a blocking GC Explicit
08-06 17:26:03.707 28083 28095 I art     : Explicit concurrent mark sweep GC freed 3(96B) AllocSpace objects, 0(0B) LOS objects, 35% free, 28MB/44MB, paused 1.510ms total 39.468ms
08-06 17:26:03.720 28083 28095 I art     : Starting a blocking GC Explicit
08-06 17:26:03.761 28083 28095 I art     : Explicit concurrent mark sweep GC freed 3(96B) AllocSpace objects, 0(0B) LOS objects, 35% free, 28MB/44MB, paused 1.346ms total 41.357ms
08-06 17:26:03.865 25638 25638 I ServiceManager: Waiting for service AtCmdFwd...
08-06 17:26:03.867   518   646 I ThermalEngine: ACTION: GPU - Setting GPU[0] to 390000000
08-06 17:26:04.132 28083 28159 I art     : Starting a blocking GC Explicit
08-06 17:26:04.190 28083 28159 I art     : Explicit concurrent mark sweep GC freed 1372(80KB) AllocSpace objects, 1(20KB) LOS objects, 35% free, 28MB/44MB, paused 2.409ms total 57.478ms
08-06 17:26:04.212 28083 28159 I art     : Starting a blocking GC Explicit
08-06 17:26:04.261 28083 28159 I art     : Explicit concurrent mark sweep GC freed 23(752B) AllocSpace objects, 0(0B) LOS objects, 35% free, 28MB/44MB, paused 2.467ms total 48.585ms
08-06 17:26:04.284 28083 28159 I art     : Starting a blocking GC Explicit
08-06 17:26:04.334 28083 28159 I art     : Explicit concurrent mark sweep GC freed 3(96B) AllocSpace objects, 0(0B) LOS objects, 35% free, 28MB/44MB, paused 1.928ms total 48.991ms
08-06 17:26:04.352 28083 28159 I art     : Starting a blocking GC Explicit
08-06 17:26:04.405 28083 28159 I art     : Explicit concurrent mark sweep GC freed 3(96B) AllocSpace objects, 0(0B) LOS objects, 35% free, 28MB/44MB, paused 2.917ms total 51.980ms
08-06 17:26:04.427 28083 28159 I art     : Starting a blocking GC Explicit
08-06 17:26:04.450   918  3261 D WifiStateMachine: starting scan for "H369AA63323"WPA_PSK with 2412,5180
08-06 17:26:04.475 28083 28159 I art     : Explicit concurrent mark sweep GC freed 3(96B) AllocSpace objects, 0(0B) LOS objects, 35% free, 28MB/44MB, paused 1.912ms total 47.550ms
08-06 17:26:04.824 28083 28614 I art     : Starting a blocking GC Explicit
08-06 17:26:04.866 25638 25638 I ServiceManager: Waiting for service AtCmdFwd...
08-06 17:26:04.868   518   646 I ThermalEngine: ACTION: GPU - Setting GPU[0] to 450000000
08-06 17:26:04.885 28083 28614 I art     : Explicit concurrent mark sweep GC freed 1401(81KB) AllocSpace objects, 1(20KB) LOS objects, 35% free, 28MB/44MB, paused 1.167ms total 60.550ms
08-06 17:26:04.898 28083 28614 I art     : Starting a blocking GC Explicit
08-06 17:26:04.936 28083 28614 I art     : Explicit concurrent mark sweep GC freed 23(752B) AllocSpace objects, 0(0B) LOS objects, 35% free, 28MB/44MB, paused 1.329ms total 37.175ms
08-06 17:26:04.948 28083 28614 I art     : Starting a blocking GC Explicit
08-06 17:26:04.986 28083 28614 I art     : Explicit concurrent mark sweep GC freed 3(96B) AllocSpace objects, 0(0B) LOS objects, 35% free, 28MB/44MB, paused 1.274ms total 37.232ms
08-06 17:26:04.998 28083 28614 I art     : Starting a blocking GC Explicit
08-06 17:26:05.036 28083 28614 I art     : Explicit concurrent mark sweep GC freed 3(96B) AllocSpace objects, 0(0B) LOS objects, 35% free, 28MB/44MB, paused 1.280ms total 37.356ms
08-06 17:26:05.048 28083 28614 I art     : Starting a blocking GC Explicit
08-06 17:26:05.084 28083 28614 I art     : Explicit concurrent mark sweep GC freed 3(96B) AllocSpace objects, 0(0B) LOS objects, 35% free, 28MB/44MB, paused 1.311ms total 35.408ms
08-06 17:26:05.428 28083 28096 I art     : Starting a blocking GC Explicit
08-06 17:26:05.473 28083 28096 I art     : Explicit concurrent mark sweep GC freed 1373(82KB) AllocSpace objects, 1(20KB) LOS objects, 35% free, 28MB/44MB, paused 1.381ms total 43.760ms
08-06 17:26:05.485 28083 28096 I art     : Starting a blocking GC Explicit
08-06 17:26:05.523 28083 28096 I art     : Explicit concurrent mark sweep GC freed 23(752B) AllocSpace objects, 0(0B) LOS objects, 35% free, 28MB/44MB, paused 1.404ms total 37.774ms
08-06 17:26:05.535 28083 28096 I art     : Starting a blocking GC Explicit
08-06 17:26:05.554 30107 30107 D AndroidRuntime: >>>>>> START com.android.internal.os.RuntimeInit uid 2000 <<<<<<
08-06 17:26:05.560 30107 30107 D AndroidRuntime: CheckJNI is OFF
08-06 17:26:05.574 28083 28096 I art     : Explicit concurrent mark sweep GC freed 3(96B) AllocSpace objects, 0(0B) LOS objects, 35% free, 28MB/44MB, paused 1.429ms total 38.205ms
08-06 17:26:05.586 28083 28096 I art     : Starting a blocking GC Explicit
08-06 17:26:05.607 30107 30107 D ICU     : No timezone override file found: /data/misc/zoneinfo/current/icu/icu_tzdata.dat
08-06 17:26:05.622 28083 28096 I art     : Explicit concurrent mark sweep GC freed 32(880B) AllocSpace objects, 0(0B) LOS objects, 35% free, 28MB/44MB, paused 1.371ms total 36.360ms
08-06 17:26:05.635 28083 28096 I art     : Starting a blocking GC Explicit
08-06 17:26:05.654 30107 30107 I Radio-JNI: register_android_hardware_Radio DONE
08-06 17:26:05.672 28083 28096 I art     : Explicit concurrent mark sweep GC freed 3(96B) AllocSpace objects, 0(0B) LOS objects, 35% free, 28MB/44MB, paused 1.359ms total 37.019ms
08-06 17:26:05.684 30107 30107 D AndroidRuntime: Calling main entry com.android.commands.input.Input
08-06 17:26:05.685 30107 30107 I Input   : injectKeyEvent: KeyEvent { action=ACTION_DOWN, keyCode=KEYCODE_BACK, scanCode=0, metaState=0, flags=0x0, repeatCount=0, eventTime=897982098, downTime=897982098, deviceId=-1, source=0x101 }
08-06 17:26:05.693 30107 30107 I Input   : injectKeyEvent: KeyEvent { action=ACTION_UP, keyCode=KEYCODE_BACK, scanCode=0, metaState=0, flags=0x0, repeatCount=0, eventTime=897982098, downTime=897982098, deviceId=-1, source=0x101 }
08-06 17:26:05.699 30107 30107 D AndroidRuntime: Shutting down VM
08-06 17:26:05.704 28083 28083 V PlaybackController: initServiceNotRunning()
08-06 17:26:05.704 28083 28083 D ExternalPlayerFragment: Loading media info
08-06 17:26:05.708 28083 28083 D UserPreferences: Using default data folder
08-06 17:26:05.709 28083 28602 D DBReader: getNavDrawerData() called with: 
08-06 17:26:05.721 28083 28602 D DBReader: getDownloadedItems() called
08-06 17:26:05.722 28083 28602 D DBReader: getFavoriteIDList() called
08-06 17:26:05.723 28083 28602 D DBReader: getQueueIDList() called
08-06 17:26:05.724 28083 28602 D DBReader: Extracting Feedlist
08-06 17:26:05.745 13866 13866 I GoogleInputMethodServic: GoogleInputMethodService.onFinishInput():3138 
08-06 17:26:05.745 28083 28083 D MainActivity: getLastNavFragment() -> AddFeedFragment
08-06 17:26:05.747 13866 13866 I GoogleInputMethodServic: GoogleInputMethodService.onStartInput():1808 
08-06 17:26:05.867 25638 25638 W Atfwd_Sendcmd: AtCmdFwd service not published, waiting... retryCnt : 5
08-06 17:26:05.975 28083 28096 I art     : Starting a blocking GC Explicit
08-06 17:26:06.019 28083 28096 I art     : Explicit concurrent mark sweep GC freed 2484(153KB) AllocSpace objects, 1(20KB) LOS objects, 35% free, 28MB/44MB, paused 1.629ms total 44.233ms
08-06 17:26:06.034 28083 28096 I art     : Starting a blocking GC Explicit
08-06 17:26:06.062   380   380 W SurfaceFlinger: couldn't log to binary event log: overflow.
08-06 17:26:06.075 28083 28096 I art     : Explicit concurrent mark sweep GC freed 932(44KB) AllocSpace objects, 0(0B) LOS objects, 35% free, 28MB/44MB, paused 1.314ms total 40.610ms
08-06 17:26:06.087 28083 28096 I art     : Starting a blocking GC Explicit
08-06 17:26:06.121 28083 28096 I art     : Explicit concurrent mark sweep GC freed 120(4KB) AllocSpace objects, 0(0B) LOS objects, 35% free, 28MB/44MB, paused 1.266ms total 33.790ms
08-06 17:26:06.133 28083 28096 I art     : Starting a blocking GC Explicit
08-06 17:26:06.168 28083 28096 I art     : Explicit concurrent mark sweep GC freed 2437(152KB) AllocSpace objects, 1(28KB) LOS objects, 35% free, 28MB/44MB, paused 1.419ms total 34.681ms
08-06 17:26:06.180 28083 28096 I art     : Starting a blocking GC Explicit
08-06 17:26:06.214 28083 28096 I art     : Explicit concurrent mark sweep GC freed 3(96B) AllocSpace objects, 0(0B) LOS objects, 35% free, 28MB/44MB, paused 1.303ms total 34.526ms
08-06 17:26:06.539 28083 28159 I art     : Starting a blocking GC Explicit
08-06 17:26:06.579 28083 28159 I art     : Explicit concurrent mark sweep GC freed 1372(80KB) AllocSpace objects, 1(20KB) LOS objects, 35% free, 28MB/44MB, paused 1.344ms total 40.360ms
08-06 17:26:06.592 28083 28159 I art     : Starting a blocking GC Explicit
08-06 17:26:06.629 28083 28159 I art     : Explicit concurrent mark sweep GC freed 52(1536B) AllocSpace objects, 0(0B) LOS objects, 35% free, 28MB/44MB, paused 1.413ms total 36.595ms
08-06 17:26:06.641 28083 28159 I art     : Starting a blocking GC Explicit
08-06 17:26:06.677 28083 28159 I art     : Explicit concurrent mark sweep GC freed 3(96B) AllocSpace objects, 0(0B) LOS objects, 35% free, 28MB/44MB, paused 1.332ms total 35.755ms
08-06 17:26:06.689 28083 28159 I art     : Starting a blocking GC Explicit
08-06 17:26:06.725 28083 28159 I art     : Explicit concurrent mark sweep GC freed 3(96B) AllocSpace objects, 0(0B) LOS objects, 35% free, 28MB/44MB, paused 1.331ms total 35.756ms
08-06 17:26:06.737 28083 28159 I art     : Starting a blocking GC Explicit
08-06 17:26:06.773 28083 28159 I art     : Explicit concurrent mark sweep GC freed 3(96B) AllocSpace objects, 0(0B) LOS objects, 35% free, 28MB/44MB, paused 1.257ms total 35.370ms
08-06 17:26:07.079 28083 28095 I art     : Starting a blocking GC Explicit
08-06 17:26:07.119 28083 28095 I art     : Explicit concurrent mark sweep GC freed 1374(82KB) AllocSpace objects, 1(20KB) LOS objects, 35% free, 28MB/44MB, paused 1.360ms total 40.206ms
08-06 17:26:07.131 28083 28095 I art     : Starting a blocking GC Explicit
08-06 17:26:07.167 28083 28095 I art     : Explicit concurrent mark sweep GC freed 23(752B) AllocSpace objects, 0(0B) LOS objects, 35% free, 28MB/44MB, paused 1.405ms total 35.226ms
08-06 17:26:07.179 28083 28095 I art     : Starting a blocking GC Explicit
08-06 17:26:07.214 28083 28095 I art     : Explicit concurrent mark sweep GC freed 3(96B) AllocSpace objects, 0(0B) LOS objects, 35% free, 28MB/44MB, paused 1.304ms total 34.826ms
08-06 17:26:07.226 28083 28095 I art     : Starting a blocking GC Explicit
08-06 17:26:07.261 28083 28095 I art     : Explicit concurrent mark sweep GC freed 3(96B) AllocSpace objects, 0(0B) LOS objects, 35% free, 28MB/44MB, paused 1.332ms total 35.186ms
08-06 17:26:07.273 28083 28095 I art     : Starting a blocking GC Explicit
08-06 17:26:07.309 28083 28095 I art     : Explicit concurrent mark sweep GC freed 3(96B) AllocSpace objects, 0(0B) LOS objects, 35% free, 28MB/44MB, paused 1.382ms total 35.084ms
08-06 17:26:07.477 30153 30153 D AndroidRuntime: >>>>>> START com.android.internal.os.RuntimeInit uid 2000 <<<<<<
08-06 17:26:07.482 30153 30153 D AndroidRuntime: CheckJNI is OFF
08-06 17:26:07.522 30153 30153 D ICU     : No timezone override file found: /data/misc/zoneinfo/current/icu/icu_tzdata.dat
08-06 17:26:07.562 30153 30153 I Radio-JNI: register_android_hardware_Radio DONE
08-06 17:26:07.590 30153 30153 D AndroidRuntime: Calling main entry com.android.commands.input.Input
08-06 17:26:07.592 30153 30153 I Input   : injectKeyEvent: KeyEvent { action=ACTION_DOWN, keyCode=KEYCODE_BACK, scanCode=0, metaState=0, flags=0x0, repeatCount=0, eventTime=897984005, downTime=897984005, deviceId=-1, source=0x101 }
08-06 17:26:07.598 30153 30153 I Input   : injectKeyEvent: KeyEvent { action=ACTION_UP, keyCode=KEYCODE_BACK, scanCode=0, metaState=0, flags=0x0, repeatCount=0, eventTime=897984005, downTime=897984005, deviceId=-1, source=0x101 }
08-06 17:26:07.614 13866 13866 I GoogleInputMethodServic: GoogleInputMethodService.onFinishInput():3138 
08-06 17:26:07.614 13866 13866 I GoogleInputMethodServic: GoogleInputMethodService.onStartInput():1808 
08-06 17:26:07.620 30153 30153 D AndroidRuntime: Shutting down VM
08-06 17:26:07.650 28083 28095 I art     : Starting a blocking GC Explicit
08-06 17:26:07.686 28083 28095 I art     : Explicit concurrent mark sweep GC freed 2583(129KB) AllocSpace objects, 1(20KB) LOS objects, 35% free, 28MB/44MB, paused 1.301ms total 36.693ms
08-06 17:26:07.699 28083 28095 I art     : Starting a blocking GC Explicit
08-06 17:26:07.734 28083 28095 I art     : Explicit concurrent mark sweep GC freed 2679(178KB) AllocSpace objects, 9(1540KB) LOS objects, 37% free, 26MB/42MB, paused 1.310ms total 35.467ms
08-06 17:26:07.746 28083 28095 I art     : Starting a blocking GC Explicit
08-06 17:26:07.782 28083 28095 I art     : Explicit concurrent mark sweep GC freed 23(896B) AllocSpace objects, 0(0B) LOS objects, 37% free, 26MB/42MB, paused 1.333ms total 35.096ms
08-06 17:26:07.794 28083 28095 I art     : Starting a blocking GC Explicit
08-06 17:26:07.830 28083 28095 I art     : Explicit concurrent mark sweep GC freed 3(96B) AllocSpace objects, 0(0B) LOS objects, 37% free, 26MB/42MB, paused 1.421ms total 35.452ms
08-06 17:26:07.842 28083 28095 I art     : Starting a blocking GC Explicit
08-06 17:26:07.877 28083 28095 I art     : Explicit concurrent mark sweep GC freed 3(96B) AllocSpace objects, 0(0B) LOS objects, 37% free, 26MB/42MB, paused 1.383ms total 34.844ms
08-06 17:26:08.189 28083 28159 I art     : Starting a blocking GC Explicit
08-06 17:26:08.232 28083 28159 I art     : Explicit concurrent mark sweep GC freed 1373(80KB) AllocSpace objects, 1(20KB) LOS objects, 37% free, 26MB/42MB, paused 1.399ms total 42.478ms
08-06 17:26:08.246 28083 28159 I art     : Starting a blocking GC Explicit
08-06 17:26:08.281 28083 28159 I art     : Explicit concurrent mark sweep GC freed 23(752B) AllocSpace objects, 0(0B) LOS objects, 37% free, 26MB/42MB, paused 1.347ms total 34.955ms
08-06 17:26:08.293 28083 28159 I art     : Starting a blocking GC Explicit
08-06 17:26:08.329 28083 28159 I art     : Explicit concurrent mark sweep GC freed 3(96B) AllocSpace objects, 0(0B) LOS objects, 37% free, 26MB/42MB, paused 1.334ms total 35.978ms
08-06 17:26:08.341 28083 28159 I art     : Starting a blocking GC Explicit
08-06 17:26:08.377 28083 28159 I art     : Explicit concurrent mark sweep GC freed 3(96B) AllocSpace objects, 0(0B) LOS objects, 37% free, 26MB/42MB, paused 1.394ms total 35.551ms
08-06 17:26:08.389 28083 28159 I art     : Starting a blocking GC Explicit
08-06 17:26:08.425 28083 28159 I art     : Explicit concurrent mark sweep GC freed 3(96B) AllocSpace objects, 0(0B) LOS objects, 37% free, 26MB/42MB, paused 1.322ms total 35.706ms
08-06 17:26:08.747 28083 28614 I art     : Starting a blocking GC Explicit
08-06 17:26:08.797 28083 28614 I art     : Explicit concurrent mark sweep GC freed 1401(82KB) AllocSpace objects, 1(20KB) LOS objects, 37% free, 26MB/42MB, paused 1.506ms total 49.759ms
08-06 17:26:08.812 28083 28614 I art     : Starting a blocking GC Explicit
08-06 17:26:08.849 28083 28614 I art     : Explicit concurrent mark sweep GC freed 23(752B) AllocSpace objects, 0(0B) LOS objects, 37% free, 26MB/42MB, paused 1.286ms total 36.309ms
08-06 17:26:08.861 28083 28614 I art     : Starting a blocking GC Explicit
08-06 17:26:08.895 28083 28614 I art     : Explicit concurrent mark sweep GC freed 3(96B) AllocSpace objects, 0(0B) LOS objects, 37% free, 26MB/42MB, paused 1.322ms total 33.149ms
08-06 17:26:08.906 28083 28614 I art     : Starting a blocking GC Explicit
08-06 17:26:08.940 28083 28614 I art     : Explicit concurrent mark sweep GC freed 3(96B) AllocSpace objects, 0(0B) LOS objects, 37% free, 26MB/42MB, paused 1.285ms total 33.614ms
08-06 17:26:08.952 28083 28614 I art     : Starting a blocking GC Explicit
08-06 17:26:08.986 28083 28614 I art     : Explicit concurrent mark sweep GC freed 3(96B) AllocSpace objects, 0(0B) LOS objects, 37% free, 26MB/42MB, paused 1.352ms total 33.999ms
08-06 17:26:09.293 28083 28096 I art     : Starting a blocking GC Explicit
08-06 17:26:09.331 28083 28096 I art     : Explicit concurrent mark sweep GC freed 1384(81KB) AllocSpace objects, 1(20KB) LOS objects, 37% free, 26MB/42MB, paused 1.363ms total 37.696ms
08-06 17:26:09.344 28083 28096 I art     : Starting a blocking GC Explicit
08-06 17:26:09.379 28083 28096 I art     : Explicit concurrent mark sweep GC freed 29(944B) AllocSpace objects, 0(0B) LOS objects, 37% free, 26MB/42MB, paused 1.647ms total 35.344ms
08-06 17:26:09.386 30204 30204 D AndroidRuntime: >>>>>> START com.android.internal.os.RuntimeInit uid 2000 <<<<<<
08-06 17:26:09.391 28083 28096 I art     : Starting a blocking GC Explicit
08-06 17:26:09.392 30204 30204 D AndroidRuntime: CheckJNI is OFF
08-06 17:26:09.425 28083 28096 I art     : Explicit concurrent mark sweep GC freed 9(288B) AllocSpace objects, 0(0B) LOS objects, 37% free, 26MB/42MB, paused 1.303ms total 33.011ms
08-06 17:26:09.436 28083 28096 I art     : Starting a blocking GC Explicit
08-06 17:26:09.437 30204 30204 D ICU     : No timezone override file found: /data/misc/zoneinfo/current/icu/icu_tzdata.dat
08-06 17:26:09.469 28083 28096 I art     : Explicit concurrent mark sweep GC freed 9(288B) AllocSpace objects, 0(0B) LOS objects, 37% free, 26MB/42MB, paused 1.344ms total 32.426ms
08-06 17:26:09.480 28083 28096 I art     : Starting a blocking GC Explicit
08-06 17:26:09.482 30204 30204 I Radio-JNI: register_android_hardware_Radio DONE
08-06 17:26:09.510 30204 30204 D AndroidRuntime: Calling main entry com.android.commands.input.Input
08-06 17:26:09.512 30204 30204 I Input   : injectMotionEvent: MotionEvent { action=ACTION_DOWN, actionButton=0, id[0]=0, x[0]=103.0, y[0]=192.0, toolType[0]=TOOL_TYPE_UNKNOWN, buttonState=0, metaState=0, flags=0x0, edgeFlags=0x0, pointerCount=1, historySize=0, eventTime=897985924, downTime=897985924, deviceId=0, source=0x1002 }
08-06 17:26:09.513 28083 28096 I art     : Explicit concurrent mark sweep GC freed 4(128B) AllocSpace objects, 0(0B) LOS objects, 37% free, 26MB/42MB, paused 1.433ms total 32.847ms
08-06 17:26:09.519 30204 30204 I Input   : injectMotionEvent: MotionEvent { action=ACTION_UP, actionButton=0, id[0]=0, x[0]=103.0, y[0]=192.0, toolType[0]=TOOL_TYPE_UNKNOWN, buttonState=0, metaState=0, flags=0x0, edgeFlags=0x0, pointerCount=1, historySize=0, eventTime=897985924, downTime=897985924, deviceId=0, source=0x1002 }
08-06 17:26:09.521 30204 30204 D AndroidRuntime: Shutting down VM
08-06 17:26:09.535   512  2967 D audio_hw_primary: out_set_parameters: enter: usecase(1: low-latency-playback) kvpairs: routing=2
08-06 17:26:09.548   512  2967 D audio_hw_primary: select_devices: out_snd_device(2: speaker) in_snd_device(0: none)
08-06 17:26:09.548   512  2967 D msm8974_platform: platform_send_audio_calibration: sending audio calibration for snd_device(2) acdb_id(15)
08-06 17:26:09.548   512  2967 I soundtrigger: audio_extn_sound_trigger_update_device_status: device 0x2 of type 0 for Event 1
08-06 17:26:09.564   512  2967 D audio_hw_primary: enable_snd_device: snd_device(2: speaker)
08-06 17:26:09.567   512  2967 D audio_hw_primary: enable_audio_route: apply and update mixer path: low-latency-playback speaker
08-06 17:26:09.574 13866 13866 I GoogleInputMethodServic: GoogleInputMethodService.onFinishInput():3138 
08-06 17:26:09.575 13866 13866 I GoogleInputMethodServic: GoogleInputMethodService.onStartInput():1808 
08-06 17:26:09.811 28083 28614 I art     : Starting a blocking GC Explicit
08-06 17:26:09.849 28083 28614 I art     : Explicit concurrent mark sweep GC freed 2003(111KB) AllocSpace objects, 1(20KB) LOS objects, 37% free, 26MB/42MB, paused 1.384ms total 37.489ms
08-06 17:26:09.863 28083 28614 I art     : Starting a blocking GC Explicit
08-06 17:26:09.898 28083 28614 I art     : Explicit concurrent mark sweep GC freed 102(5KB) AllocSpace objects, 0(0B) LOS objects, 37% free, 26MB/42MB, paused 1.376ms total 35.006ms
08-06 17:26:09.910 28083 28614 I art     : Starting a blocking GC Explicit
08-06 17:26:09.944 28083 28614 I art     : Explicit concurrent mark sweep GC freed 9(288B) AllocSpace objects, 0(0B) LOS objects, 37% free, 26MB/42MB, paused 1.274ms total 33.813ms
08-06 17:26:09.956 28083 28614 I art     : Starting a blocking GC Explicit
08-06 17:26:09.992 28083 28614 I art     : Explicit concurrent mark sweep GC freed 6(224B) AllocSpace objects, 0(0B) LOS objects, 37% free, 26MB/42MB, paused 1.481ms total 35.372ms
08-06 17:26:10.004 28083 28614 I art     : Starting a blocking GC Explicit
08-06 17:26:10.037 28083 28614 I art     : Explicit concurrent mark sweep GC freed 5(160B) AllocSpace objects, 0(0B) LOS objects, 37% free, 26MB/42MB, paused 1.293ms total 33.210ms
08-06 17:26:10.099   512  2967 D audio_hw_primary: disable_audio_route: reset and update mixer path: low-latency-playback speaker
08-06 17:26:10.100   512  2967 D audio_hw_primary: disable_snd_device: snd_device(2: speaker)
08-06 17:26:10.109   512  2967 I soundtrigger: audio_extn_sound_trigger_update_device_status: device 0x2 of type 0 for Event 0
08-06 17:26:10.357 28083 28614 I art     : Starting a blocking GC Explicit
08-06 17:26:10.402 28083 28614 I art     : Explicit concurrent mark sweep GC freed 1371(80KB) AllocSpace objects, 1(20KB) LOS objects, 37% free, 26MB/42MB, paused 1.432ms total 44.409ms
08-06 17:26:10.415 28083 28614 I art     : Starting a blocking GC Explicit
08-06 17:26:10.451 28083 28614 I art     : Explicit concurrent mark sweep GC freed 25(816B) AllocSpace objects, 0(0B) LOS objects, 37% free, 26MB/42MB, paused 1.338ms total 35.789ms
08-06 17:26:10.463 28083 28614 I art     : Starting a blocking GC Explicit
08-06 17:26:10.499 28083 28614 I art     : Explicit concurrent mark sweep GC freed 3(96B) AllocSpace objects, 0(0B) LOS objects, 37% free, 26MB/42MB, paused 1.376ms total 35.681ms
08-06 17:26:10.511 28083 28614 I art     : Starting a blocking GC Explicit
08-06 17:26:10.547 28083 28614 I art     : Explicit concurrent mark sweep GC freed 3(96B) AllocSpace objects, 0(0B) LOS objects, 37% free, 26MB/42MB, paused 1.397ms total 35.887ms
08-06 17:26:10.559 28083 28614 I art     : Starting a blocking GC Explicit
08-06 17:26:10.595 28083 28614 I art     : Explicit concurrent mark sweep GC freed 3(96B) AllocSpace objects, 0(0B) LOS objects, 37% free, 26MB/42MB, paused 1.317ms total 35.088ms
08-06 17:26:10.879   518   646 I ThermalEngine: ACTION: GPU - Setting GPU[0] to 390000000
08-06 17:26:10.918 28083 28096 I art     : Starting a blocking GC Explicit
08-06 17:26:10.962 28083 28096 I art     : Explicit concurrent mark sweep GC freed 1400(81KB) AllocSpace objects, 1(20KB) LOS objects, 37% free, 26MB/42MB, paused 2.111ms total 44.213ms
08-06 17:26:10.980 28083 28096 I art     : Starting a blocking GC Explicit
08-06 17:26:11.024 28083 28096 I art     : Explicit concurrent mark sweep GC freed 23(752B) AllocSpace objects, 0(0B) LOS objects, 37% free, 26MB/42MB, paused 2.085ms total 44.056ms
08-06 17:26:11.042 28083 28096 I art     : Starting a blocking GC Explicit
08-06 17:26:11.087 28083 28096 I art     : Explicit concurrent mark sweep GC freed 3(96B) AllocSpace objects, 0(0B) LOS objects, 37% free, 26MB/42MB, paused 2.143ms total 44.354ms
08-06 17:26:11.104 28083 28096 I art     : Starting a blocking GC Explicit
08-06 17:26:11.148 28083 28096 I art     : Explicit concurrent mark sweep GC freed 3(96B) AllocSpace objects, 0(0B) LOS objects, 37% free, 26MB/42MB, paused 2.172ms total 43.571ms
08-06 17:26:11.165 28083 28096 I art     : Starting a blocking GC Explicit
08-06 17:26:11.216 28083 28096 I art     : Explicit concurrent mark sweep GC freed 7(224B) AllocSpace objects, 0(0B) LOS objects, 37% free, 26MB/42MB, paused 1.924ms total 50.629ms
08-06 17:26:11.414 30250 30250 D AndroidRuntime: >>>>>> START com.android.internal.os.RuntimeInit uid 2000 <<<<<<
08-06 17:26:11.420 30250 30250 D AndroidRuntime: CheckJNI is OFF
08-06 17:26:11.477 30250 30250 D ICU     : No timezone override file found: /data/misc/zoneinfo/current/icu/icu_tzdata.dat
08-06 17:26:11.521 30250 30250 I Radio-JNI: register_android_hardware_Radio DONE
08-06 17:26:11.553 30250 30250 D AndroidRuntime: Calling main entry com.android.commands.input.Input
08-06 17:26:11.556 30250 30250 I Input   : injectMotionEvent: MotionEvent { action=ACTION_DOWN, actionButton=0, id[0]=0, x[0]=625.0, y[0]=1248.0, toolType[0]=TOOL_TYPE_UNKNOWN, buttonState=0, metaState=0, flags=0x0, edgeFlags=0x0, pointerCount=1, historySize=0, eventTime=897987968, downTime=897987968, deviceId=0, source=0x1002 }
08-06 17:26:11.561 30250 30250 I Input   : injectMotionEvent: MotionEvent { action=ACTION_UP, actionButton=0, id[0]=0, x[0]=625.0, y[0]=1248.0, toolType[0]=TOOL_TYPE_UNKNOWN, buttonState=0, metaState=0, flags=0x0, edgeFlags=0x0, pointerCount=1, historySize=0, eventTime=897987968, downTime=897987968, deviceId=0, source=0x1002 }
08-06 17:26:11.562 28083 28614 I art     : Starting a blocking GC Explicit
08-06 17:26:11.564 30250 30250 D AndroidRuntime: Shutting down VM
08-06 17:26:11.612 28083 28614 I art     : Explicit concurrent mark sweep GC freed 1464(83KB) AllocSpace objects, 1(20KB) LOS objects, 37% free, 26MB/42MB, paused 2.663ms total 49.912ms
08-06 17:26:11.629 28083 28083 D MainActivity: loadFragment(index: 7, args: null)
08-06 17:26:11.629 28083 28614 I art     : Starting a blocking GC Explicit
08-06 17:26:11.631   512  2967 D audio_hw_primary: out_set_parameters: enter: usecase(1: low-latency-playback) kvpairs: routing=2
08-06 17:26:11.631 28083 28083 D MainActivity: saveLastNavFragment(tag: 2)
08-06 17:26:11.631 28083 28083 D MainActivity: getLastNavFragment() -> 2
08-06 17:26:11.644   512  2967 D audio_hw_primary: select_devices: out_snd_device(2: speaker) in_snd_device(0: none)
08-06 17:26:11.644   512  2967 D msm8974_platform: platform_send_audio_calibration: sending audio calibration for snd_device(2) acdb_id(15)
08-06 17:26:11.644   512  2967 I soundtrigger: audio_extn_sound_trigger_update_device_status: device 0x2 of type 0 for Event 1
08-06 17:26:11.654   512  2967 D audio_hw_primary: enable_snd_device: snd_device(2: speaker)
08-06 17:26:11.657   512  2967 D audio_hw_primary: enable_audio_route: apply and update mixer path: low-latency-playback speaker
08-06 17:26:11.675 28083 28614 I art     : Explicit concurrent mark sweep GC freed 1505(83KB) AllocSpace objects, 1(20KB) LOS objects, 37% free, 26MB/42MB, paused 2.688ms total 45.189ms
08-06 17:26:11.677 28083 28083 D ItemlistFragment: onEventMainThread() called with: event = [DownloadEvent{update=DownloaderUpdate{downloaders=[], feedIds=[], mediaIds=[]}}]
08-06 17:26:11.678 28083 28103 D DBReader: getFeed() called with: feedId = [2]
08-06 17:26:11.680 28083 28103 D DBReader: getFeedItemList() called with: feed = [baseline.de.danoeh.antennapod.core.feed.Feed@2]
08-06 17:26:11.691 28083 28614 I art     : Starting a blocking GC Explicit
08-06 17:26:11.745 28083 28614 I art     : Explicit concurrent mark sweep GC freed 1989(73KB) AllocSpace objects, 0(0B) LOS objects, 36% free, 27MB/43MB, paused 2.808ms total 54.295ms
08-06 17:26:11.765 28083 28614 I art     : Starting a blocking GC Explicit
08-06 17:26:11.787 28083 28103 W PodDBAdapter: Length of id array is larger than 800. Creating multiple cursors
08-06 17:26:11.821 28083 28614 I art     : Explicit concurrent mark sweep GC freed 4169(281KB) AllocSpace objects, 1(16KB) LOS objects, 35% free, 28MB/44MB, paused 2.208ms total 55.865ms
08-06 17:26:11.839 28083 28614 I art     : Starting a blocking GC Explicit
08-06 17:26:11.893 28083 28614 I art     : Explicit concurrent mark sweep GC freed 46(11KB) AllocSpace objects, 0(0B) LOS objects, 35% free, 29MB/45MB, paused 3.362ms total 53.655ms
08-06 17:26:11.903 28083 28103 D DBReader: getFavoriteIDList() called
08-06 17:26:11.904 28083 28103 D DBReader: getQueueIDList() called
08-06 17:26:11.906 28083 28103 D DBReader: Extracting Feedlist
08-06 17:26:11.965 28083 28083 D FeedMenuHandler: Preparing options menu
08-06 17:26:12.073 28083 28975 D ApOkHttpUrlLoader: buildLoadData() called with: model = [http://static.libsyn.com/p/assets/7/1/f/3/71f3014e14ef2722/JREiTunesImage2.jpg], width = [1440], height = [462]
08-06 17:26:12.121 13866 13866 I GoogleInputMethodServic: GoogleInputMethodService.onFinishInput():3138 
08-06 17:26:12.127 13866 13866 I GoogleInputMethodServic: GoogleInputMethodService.onStartInput():1808 
08-06 17:26:12.199   512  2967 D audio_hw_primary: disable_audio_route: reset and update mixer path: low-latency-playback speaker
08-06 17:26:12.200   512  2967 D audio_hw_primary: disable_snd_device: snd_device(2: speaker)
08-06 17:26:12.210   512  2967 I soundtrigger: audio_extn_sound_trigger_update_device_status: device 0x2 of type 0 for Event 0
08-06 17:26:12.231 28083 28104 V RenderScript: 0x7f7af1a000 Launching thread(s), CPUs 8
08-06 17:26:12.241 28083 28096 I art     : Starting a blocking GC Explicit
08-06 17:26:12.298 28083 28096 I art     : Explicit concurrent mark sweep GC freed 12281(484KB) AllocSpace objects, 2(36KB) LOS objects, 29% free, 37MB/53MB, paused 2.582ms total 55.785ms
08-06 17:26:12.317 28083 28096 I art     : Starting a blocking GC Explicit
08-06 17:26:12.368 28083 28096 I art     : Explicit concurrent mark sweep GC freed 1117(76KB) AllocSpace objects, 1(88KB) LOS objects, 29% free, 37MB/53MB, paused 1.882ms total 50.387ms
08-06 17:26:12.387 28083 28096 I art     : Starting a blocking GC Explicit
08-06 17:26:12.448 28083 28096 I art     : Explicit concurrent mark sweep GC freed 38(10KB) AllocSpace objects, 4(128KB) LOS objects, 29% free, 37MB/53MB, paused 2.661ms total 60.784ms
08-06 17:26:12.470 28083 28096 I art     : Starting a blocking GC Explicit
08-06 17:26:12.526 28083 28096 I art     : Explicit concurrent mark sweep GC freed 22(768B) AllocSpace objects, 0(0B) LOS objects, 29% free, 37MB/53MB, paused 1.722ms total 55.934ms
08-06 17:26:12.548 28083 28096 I art     : Starting a blocking GC Explicit
08-06 17:26:12.607 28083 28096 I art     : Explicit concurrent mark sweep GC freed 51(1520B) AllocSpace objects, 0(0B) LOS objects, 29% free, 37MB/53MB, paused 1.931ms total 58.986ms
08-06 17:26:12.972 28083 28614 I art     : Starting a blocking GC Explicit
08-06 17:26:13.044 28083 28614 I art     : Explicit concurrent mark sweep GC freed 1375(80KB) AllocSpace objects, 1(20KB) LOS objects, 29% free, 37MB/53MB, paused 2.240ms total 71.772ms
08-06 17:26:13.071 28083 28614 I art     : Starting a blocking GC Explicit
08-06 17:26:13.135 28083 28614 I art     : Explicit concurrent mark sweep GC freed 23(752B) AllocSpace objects, 0(0B) LOS objects, 29% free, 37MB/53MB, paused 2.110ms total 64.077ms
08-06 17:26:13.160 28083 28614 I art     : Starting a blocking GC Explicit
08-06 17:26:13.220 28083 28614 I art     : Explicit concurrent mark sweep GC freed 3(96B) AllocSpace objects, 0(0B) LOS objects, 29% free, 37MB/53MB, paused 1.949ms total 59.469ms
08-06 17:26:13.242 28083 28614 I art     : Starting a blocking GC Explicit
08-06 17:26:13.301 28083 28614 I art     : Explicit concurrent mark sweep GC freed 3(96B) AllocSpace objects, 0(0B) LOS objects, 29% free, 37MB/53MB, paused 2.266ms total 59.361ms
08-06 17:26:13.302 28083 28094 I art     : WaitForGcToComplete blocked for 59.797ms for cause HeapTrim
08-06 17:26:13.323 28083 28614 I art     : Starting a blocking GC Explicit
08-06 17:26:13.387 28083 28614 I art     : Explicit concurrent mark sweep GC freed 3(96B) AllocSpace objects, 0(0B) LOS objects, 29% free, 37MB/53MB, paused 2.123ms total 63.130ms
08-06 17:26:13.775 28083 28096 I art     : Starting a blocking GC Explicit
08-06 17:26:13.841 28083 28096 I art     : Explicit concurrent mark sweep GC freed 1430(82KB) AllocSpace objects, 1(20KB) LOS objects, 29% free, 37MB/53MB, paused 3.748ms total 66.018ms
08-06 17:26:13.863 28083 28096 I art     : Starting a blocking GC Explicit
08-06 17:26:13.922 28083 28096 I art     : Explicit concurrent mark sweep GC freed 23(752B) AllocSpace objects, 0(0B) LOS objects, 29% free, 37MB/53MB, paused 2.130ms total 58.450ms
08-06 17:26:13.945 28083 28096 I art     : Starting a blocking GC Explicit
08-06 17:26:14.010 28083 28096 I art     : Explicit concurrent mark sweep GC freed 3(96B) AllocSpace objects, 0(0B) LOS objects, 29% free, 37MB/53MB, paused 2.607ms total 64.607ms
08-06 17:26:14.036 28083 28096 I art     : Starting a blocking GC Explicit
08-06 17:26:14.095 28083 28096 I art     : Explicit concurrent mark sweep GC freed 3(96B) AllocSpace objects, 0(0B) LOS objects, 29% free, 37MB/53MB, paused 1.895ms total 58.378ms
08-06 17:26:14.117 28083 28096 I art     : Starting a blocking GC Explicit
08-06 17:26:14.177 28083 28096 I art     : Explicit concurrent mark sweep GC freed 3(96B) AllocSpace objects, 0(0B) LOS objects, 29% free, 37MB/53MB, paused 2.183ms total 59.720ms
08-06 17:26:14.558 28083 28095 I art     : Starting a blocking GC Explicit
08-06 17:26:14.632 28083 28095 I art     : Explicit concurrent mark sweep GC freed 2103(103KB) AllocSpace objects, 1(20KB) LOS objects, 29% free, 37MB/53MB, paused 3.032ms total 72.744ms
08-06 17:26:14.655 28083 28095 I art     : Starting a blocking GC Explicit
08-06 17:26:14.722 28083 28095 I art     : Explicit concurrent mark sweep GC freed 23(752B) AllocSpace objects, 0(0B) LOS objects, 29% free, 37MB/53MB, paused 2.211ms total 65.832ms
08-06 17:26:14.747 28083 28095 I art     : Starting a blocking GC Explicit
08-06 17:26:14.807 28083 28095 I art     : Explicit concurrent mark sweep GC freed 3(96B) AllocSpace objects, 0(0B) LOS objects, 29% free, 37MB/53MB, paused 2.132ms total 60.083ms
08-06 17:26:14.829 28083 28095 I art     : Starting a blocking GC Explicit
08-06 17:26:14.892 28083 28095 I art     : Explicit concurrent mark sweep GC freed 3(96B) AllocSpace objects, 0(0B) LOS objects, 29% free, 37MB/53MB, paused 2.335ms total 62.625ms
08-06 17:26:14.919 28083 28095 I art     : Starting a blocking GC Explicit
08-06 17:26:14.982 28083 28095 I art     : Explicit concurrent mark sweep GC freed 3(96B) AllocSpace objects, 0(0B) LOS objects, 29% free, 37MB/53MB, paused 2.352ms total 62.487ms
08-06 17:26:15.365 28083 28159 I art     : Starting a blocking GC Explicit
08-06 17:26:15.438 28083 28159 I art     : Explicit concurrent mark sweep GC freed 2260(112KB) AllocSpace objects, 1(20KB) LOS objects, 29% free, 37MB/53MB, paused 2.328ms total 72.273ms
08-06 17:26:15.461 28083 28159 I art     : Starting a blocking GC Explicit
08-06 17:26:15.526 28083 28159 I art     : Explicit concurrent mark sweep GC freed 23(752B) AllocSpace objects, 0(0B) LOS objects, 29% free, 37MB/53MB, paused 2.135ms total 63.744ms
08-06 17:26:15.551 28083 28159 I art     : Starting a blocking GC Explicit
08-06 17:26:15.611 28083 28159 I art     : Explicit concurrent mark sweep GC freed 32(880B) AllocSpace objects, 0(0B) LOS objects, 29% free, 37MB/53MB, paused 2.135ms total 59.867ms
08-06 17:26:15.633 28083 28159 I art     : Starting a blocking GC Explicit
08-06 17:26:15.693 28083 28159 I art     : Explicit concurrent mark sweep GC freed 3(96B) AllocSpace objects, 0(0B) LOS objects, 29% free, 37MB/53MB, paused 1.982ms total 59.640ms
08-06 17:26:15.715 28083 28159 I art     : Starting a blocking GC Explicit
08-06 17:26:15.778 28083 28159 I art     : Explicit concurrent mark sweep GC freed 3(96B) AllocSpace objects, 0(0B) LOS objects, 29% free, 37MB/53MB, paused 2.835ms total 62.156ms
08-06 17:26:16.137 28083 28614 I art     : Starting a blocking GC Explicit
08-06 17:26:16.196 28083 28614 I art     : Explicit concurrent mark sweep GC freed 1374(81KB) AllocSpace objects, 1(20KB) LOS objects, 29% free, 37MB/53MB, paused 2.055ms total 57.799ms
08-06 17:26:16.217 28083 28614 I art     : Starting a blocking GC Explicit
08-06 17:26:16.274 28083 28614 I art     : Explicit concurrent mark sweep GC freed 23(752B) AllocSpace objects, 0(0B) LOS objects, 29% free, 37MB/53MB, paused 1.932ms total 56.559ms
08-06 17:26:16.295 28083 28614 I art     : Starting a blocking GC Explicit
08-06 17:26:16.353 28083 28614 I art     : Explicit concurrent mark sweep GC freed 3(96B) AllocSpace objects, 0(0B) LOS objects, 29% free, 37MB/53MB, paused 2.353ms total 57.838ms
08-06 17:26:16.374 28083 28614 I art     : Starting a blocking GC Explicit
08-06 17:26:16.432 28083 28614 I art     : Explicit concurrent mark sweep GC freed 3(96B) AllocSpace objects, 0(0B) LOS objects, 29% free, 37MB/53MB, paused 2.060ms total 56.954ms
08-06 17:26:16.453 28083 28614 I art     : Starting a blocking GC Explicit
08-06 17:26:16.457 30342 30342 D AndroidRuntime: >>>>>> START com.android.internal.os.RuntimeInit uid 2000 <<<<<<
08-06 17:26:16.463 30342 30342 D AndroidRuntime: CheckJNI is OFF
08-06 17:26:16.509 28083 28614 I art     : Explicit concurrent mark sweep GC freed 3(96B) AllocSpace objects, 0(0B) LOS objects, 29% free, 37MB/53MB, paused 2.178ms total 55.941ms
08-06 17:26:16.514 30342 30342 D ICU     : No timezone override file found: /data/misc/zoneinfo/current/icu/icu_tzdata.dat
08-06 17:26:16.559 30342 30342 I Radio-JNI: register_android_hardware_Radio DONE
08-06 17:26:16.592 30342 30342 D AndroidRuntime: Calling main entry com.android.commands.input.Input
08-06 17:26:16.595 30342 30342 I Input   : injectMotionEvent: MotionEvent { action=ACTION_DOWN, actionButton=0, id[0]=0, x[0]=1363.0, y[0]=517.0, toolType[0]=TOOL_TYPE_UNKNOWN, buttonState=0, metaState=0, flags=0x0, edgeFlags=0x0, pointerCount=1, historySize=0, eventTime=897993007, downTime=897993007, deviceId=0, source=0x1002 }
08-06 17:26:16.600 30342 30342 I Input   : injectMotionEvent: MotionEvent { action=ACTION_UP, actionButton=0, id[0]=0, x[0]=1363.0, y[0]=517.0, toolType[0]=TOOL_TYPE_UNKNOWN, buttonState=0, metaState=0, flags=0x0, edgeFlags=0x0, pointerCount=1, historySize=0, eventTime=897993007, downTime=897993007, deviceId=0, source=0x1002 }
08-06 17:26:16.602 30342 30342 D AndroidRuntime: Shutting down VM
08-06 17:26:16.611   918   928 I ActivityManager: START u0 {cmp=baseline.de.danoeh.antennapod.debug/baseline.de.danoeh.antennapod.activity.FeedSettingsActivity (has extras)} from uid 10711 on display 0
08-06 17:26:16.611   512  2967 D audio_hw_primary: out_set_parameters: enter: usecase(1: low-latency-playback) kvpairs: routing=2
08-06 17:26:16.624   512  2967 D audio_hw_primary: select_devices: out_snd_device(2: speaker) in_snd_device(0: none)
08-06 17:26:16.625   512  2967 D msm8974_platform: platform_send_audio_calibration: sending audio calibration for snd_device(2) acdb_id(15)
08-06 17:26:16.625   512  2967 I soundtrigger: audio_extn_sound_trigger_update_device_status: device 0x2 of type 0 for Event 1
08-06 17:26:16.638   512  2967 D audio_hw_primary: enable_snd_device: snd_device(2: speaker)
08-06 17:26:16.642   512  2967 D audio_hw_primary: enable_audio_route: apply and update mixer path: low-latency-playback speaker
08-06 17:26:16.864 28083 28095 I art     : Starting a blocking GC Explicit
08-06 17:26:16.888   518   646 I ThermalEngine: ACTION: GPU - Setting GPU[0] to 450000000
08-06 17:26:16.924 28083 28095 I art     : Explicit concurrent mark sweep GC freed 49083(2MB) AllocSpace objects, 1(20KB) LOS objects, 28% free, 39MB/55MB, paused 1.825ms total 59.470ms
08-06 17:26:16.939 28083 28095 I art     : Starting a blocking GC Explicit
08-06 17:26:16.946 28083 28111 D DBReader: getFeed() called with: feedId = [2]
08-06 17:26:16.947 28083 28111 D DBReader: getFeedItemList() called with: feed = [baseline.de.danoeh.antennapod.core.feed.Feed@2]
08-06 17:26:16.988 28083 28095 I art     : Explicit concurrent mark sweep GC freed 3974(247KB) AllocSpace objects, 0(0B) LOS objects, 28% free, 40MB/56MB, paused 2.125ms total 48.635ms
08-06 17:26:17.002 28083 28095 I art     : Starting a blocking GC Explicit
08-06 17:26:17.054 28083 28111 W PodDBAdapter: Length of id array is larger than 800. Creating multiple cursors
08-06 17:26:17.054 28083 28095 I art     : Explicit concurrent mark sweep GC freed 2184(63KB) AllocSpace objects, 0(0B) LOS objects, 27% free, 41MB/57MB, paused 2.691ms total 51.373ms
08-06 17:26:17.071 28083 28095 I art     : Starting a blocking GC Explicit
08-06 17:26:17.077   918   936 I ActivityManager: Displayed baseline.de.danoeh.antennapod.debug/baseline.de.danoeh.antennapod.activity.FeedSettingsActivity: +450ms
08-06 17:26:17.084 13866 13866 I GoogleInputMethodServic: GoogleInputMethodService.onFinishInput():3138 
08-06 17:26:17.091 13866 13866 I GoogleInputMethodServic: GoogleInputMethodService.onStartInput():1808 
08-06 17:26:17.130 28083 28104 D OpenGLRenderer: endAllStagingAnimators on 0x7f7d332c00 (RippleDrawable) with handle 0x7f7a118c60
08-06 17:26:17.131 28083 28095 I art     : Explicit concurrent mark sweep GC freed 1702(185KB) AllocSpace objects, 1(16KB) LOS objects, 27% free, 41MB/57MB, paused 1.777ms total 59.028ms
08-06 17:26:17.149 28083 28095 I art     : Starting a blocking GC Explicit
08-06 17:26:17.161 28083 28975 D ApOkHttpUrlLoader: buildLoadData() called with: model = [http://static.libsyn.com/p/assets/7/1/f/3/71f3014e14ef2722/JREiTunesImage2.jpg], width = [1440], height = [462]
08-06 17:26:17.167 13866 13866 I GoogleInputMethodServic: GoogleInputMethodService.onStartInput():1808 
08-06 17:26:17.168 13866 13866 W SessionManager: SessionManager.beginSession():53 Try to begin an already begun session [INPUT_SESSION], end it first
08-06 17:26:17.179 13866 13866 I ShortcutsDataManager: ShortcutsDataManager.onContentChanged():89 onContentChanged()
08-06 17:26:17.184 28083 28083 D FeedSettingsActivity: No filter set
08-06 17:26:17.189   512  2967 D audio_hw_primary: disable_audio_route: reset and update mixer path: low-latency-playback speaker
08-06 17:26:17.190   512  2967 D audio_hw_primary: disable_snd_device: snd_device(2: speaker)
08-06 17:26:17.192   918  3714 W IntentResolver: resolveIntent: multiple matches, only some with CATEGORY_DEFAULT
08-06 17:26:17.199   512  2967 I soundtrigger: audio_extn_sound_trigger_update_device_status: device 0x2 of type 0 for Event 0
08-06 17:26:17.205 28083 28095 I art     : Explicit concurrent mark sweep GC freed 6174(173KB) AllocSpace objects, 0(0B) LOS objects, 27% free, 42MB/58MB, paused 2.077ms total 55.949ms
08-06 17:26:17.324   380   380 W SurfaceFlinger: couldn't log to binary event log: overflow.
08-06 17:26:17.461 28083 28083 D PlaybackController: Releasing PlaybackController
08-06 17:26:17.526 28083 28159 I art     : Starting a blocking GC Explicit
08-06 17:26:17.586 28083 28159 I art     : Explicit concurrent mark sweep GC freed 3971(193KB) AllocSpace objects, 2(36KB) LOS objects, 27% free, 42MB/58MB, paused 1.446ms total 59.303ms
08-06 17:26:17.602 28083 28159 I art     : Starting a blocking GC Explicit
08-06 17:26:17.657 28083 28159 I art     : Explicit concurrent mark sweep GC freed 358(18KB) AllocSpace objects, 0(0B) LOS objects, 27% free, 42MB/58MB, paused 1.413ms total 54.298ms
08-06 17:26:17.673 28083 28159 I art     : Starting a blocking GC Explicit
08-06 17:26:17.730 28083 28159 I art     : Explicit concurrent mark sweep GC freed 47(1952B) AllocSpace objects, 0(0B) LOS objects, 27% free, 42MB/58MB, paused 1.497ms total 56.417ms
08-06 17:26:17.746 28083 28159 I art     : Starting a blocking GC Explicit
08-06 17:26:17.807 28083 28159 I art     : Explicit concurrent mark sweep GC freed 27(1120B) AllocSpace objects, 0(0B) LOS objects, 27% free, 42MB/58MB, paused 1.446ms total 59.939ms
08-06 17:26:17.823 28083 28159 I art     : Starting a blocking GC Explicit
08-06 17:26:17.884 28083 28159 I art     : Explicit concurrent mark sweep GC freed 3(96B) AllocSpace objects, 0(0B) LOS objects, 27% free, 42MB/58MB, paused 1.429ms total 60.795ms
08-06 17:26:18.231 28083 28614 I art     : Starting a blocking GC Explicit
08-06 17:26:18.299 28083 28614 I art     : Explicit concurrent mark sweep GC freed 1372(80KB) AllocSpace objects, 1(20KB) LOS objects, 27% free, 42MB/58MB, paused 1.649ms total 68.493ms
08-06 17:26:18.319 28083 28614 I art     : Starting a blocking GC Explicit
08-06 17:26:18.386 28083 28614 I art     : Explicit concurrent mark sweep GC freed 23(752B) AllocSpace objects, 0(0B) LOS objects, 27% free, 42MB/58MB, paused 1.516ms total 67.540ms
08-06 17:26:18.404 28083 28614 I art     : Starting a blocking GC Explicit
08-06 17:26:18.466 28083 28614 I art     : Explicit concurrent mark sweep GC freed 3(96B) AllocSpace objects, 0(0B) LOS objects, 27% free, 42MB/58MB, paused 1.459ms total 62.063ms
08-06 17:26:18.467 28083 28094 I art     : WaitForGcToComplete blocked for 62.525ms for cause HeapTrim
08-06 17:26:18.484 28083 28614 I art     : Starting a blocking GC Explicit
08-06 17:26:18.548 28083 28614 I art     : Explicit concurrent mark sweep GC freed 3(96B) AllocSpace objects, 0(0B) LOS objects, 27% free, 42MB/58MB, paused 1.548ms total 63.525ms
08-06 17:26:18.565 28083 28614 I art     : Starting a blocking GC Explicit
08-06 17:26:18.626 28083 28614 I art     : Explicit concurrent mark sweep GC freed 44(1264B) AllocSpace objects, 0(0B) LOS objects, 27% free, 42MB/58MB, paused 1.369ms total 60.953ms
08-06 17:26:18.893   518   646 I ThermalEngine: ACTION: GPU - Setting GPU[0] to 390000000
08-06 17:26:19.004 28083 28095 I art     : Starting a blocking GC Explicit
08-06 17:26:19.088 28083 28095 I art     : Explicit concurrent mark sweep GC freed 1417(81KB) AllocSpace objects, 1(20KB) LOS objects, 27% free, 42MB/58MB, paused 2.225ms total 83.127ms
08-06 17:26:19.120 28083 28095 I art     : Starting a blocking GC Explicit
08-06 17:26:19.197 28083 28095 I art     : Explicit concurrent mark sweep GC freed 23(752B) AllocSpace objects, 0(0B) LOS objects, 27% free, 42MB/58MB, paused 2.061ms total 76.699ms
08-06 17:26:19.225 28083 28095 I art     : Starting a blocking GC Explicit
08-06 17:26:19.302 28083 28095 I art     : Explicit concurrent mark sweep GC freed 3(96B) AllocSpace objects, 0(0B) LOS objects, 27% free, 42MB/58MB, paused 2.409ms total 76.907ms
08-06 17:26:19.329 28083 28095 I art     : Starting a blocking GC Explicit
08-06 17:26:19.405 28083 28095 I art     : Explicit concurrent mark sweep GC freed 3(96B) AllocSpace objects, 0(0B) LOS objects, 27% free, 42MB/58MB, paused 2.083ms total 76.302ms
08-06 17:26:19.432 28083 28095 I art     : Starting a blocking GC Explicit
08-06 17:26:19.512 28083 28095 I art     : Explicit concurrent mark sweep GC freed 3(96B) AllocSpace objects, 0(0B) LOS objects, 27% free, 42MB/58MB, paused 2.477ms total 79.644ms
08-06 17:26:19.891 28083 28096 I art     : Starting a blocking GC Explicit
08-06 17:26:19.984 28083 28096 I art     : Explicit concurrent mark sweep GC freed 1402(83KB) AllocSpace objects, 1(20KB) LOS objects, 27% free, 42MB/58MB, paused 2.535ms total 93.119ms
08-06 17:26:20.016 28083 28096 I art     : Starting a blocking GC Explicit
08-06 17:26:20.101 28083 28096 I art     : Explicit concurrent mark sweep GC freed 23(752B) AllocSpace objects, 0(0B) LOS objects, 27% free, 42MB/58MB, paused 3.080ms total 84.272ms
08-06 17:26:20.132 28083 28096 I art     : Starting a blocking GC Explicit
08-06 17:26:20.219 28083 28096 I art     : Explicit concurrent mark sweep GC freed 3(96B) AllocSpace objects, 0(0B) LOS objects, 27% free, 42MB/58MB, paused 3.229ms total 86.609ms
08-06 17:26:20.251 28083 28096 I art     : Starting a blocking GC Explicit
08-06 17:26:20.328 28083 28096 I art     : Explicit concurrent mark sweep GC freed 3(96B) AllocSpace objects, 0(0B) LOS objects, 27% free, 42MB/58MB, paused 2.297ms total 77.037ms
08-06 17:26:20.354 28083 28096 I art     : Starting a blocking GC Explicit
08-06 17:26:20.441 28083 28096 I art     : Explicit concurrent mark sweep GC freed 3(96B) AllocSpace objects, 0(0B) LOS objects, 27% free, 42MB/58MB, paused 2.719ms total 86.696ms
08-06 17:26:20.829 28083 28614 I art     : Starting a blocking GC Explicit
08-06 17:26:20.898   518   646 I ThermalEngine: ACTION: GPU - Setting GPU[0] to 450000000
08-06 17:26:20.905 28083 28614 I art     : Explicit concurrent mark sweep GC freed 1402(82KB) AllocSpace objects, 1(20KB) LOS objects, 27% free, 42MB/58MB, paused 2.310ms total 76.151ms
08-06 17:26:20.930 28083 28614 I art     : Starting a blocking GC Explicit
08-06 17:26:20.990 28083 28614 I art     : Explicit concurrent mark sweep GC freed 23(752B) AllocSpace objects, 0(0B) LOS objects, 27% free, 42MB/58MB, paused 1.516ms total 59.304ms
08-06 17:26:21.006 28083 28614 I art     : Starting a blocking GC Explicit
08-06 17:26:21.064 28083 28614 I art     : Explicit concurrent mark sweep GC freed 3(96B) AllocSpace objects, 0(0B) LOS objects, 27% free, 42MB/58MB, paused 1.481ms total 57.507ms
08-06 17:26:21.081 28083 28614 I art     : Starting a blocking GC Explicit
08-06 17:26:21.144 28083 28614 I art     : Explicit concurrent mark sweep GC freed 3(96B) AllocSpace objects, 0(0B) LOS objects, 27% free, 42MB/58MB, paused 1.480ms total 62.204ms
08-06 17:26:21.161 28083 28614 I art     : Starting a blocking GC Explicit
08-06 17:26:21.222 28083 28614 I art     : Explicit concurrent mark sweep GC freed 3(96B) AllocSpace objects, 0(0B) LOS objects, 27% free, 42MB/58MB, paused 1.620ms total 60.295ms
08-06 17:26:21.403 30434 30434 D AndroidRuntime: >>>>>> START com.android.internal.os.RuntimeInit uid 2000 <<<<<<
08-06 17:26:21.411 30434 30434 D AndroidRuntime: CheckJNI is OFF
08-06 17:26:21.453 30434 30434 D ICU     : No timezone override file found: /data/misc/zoneinfo/current/icu/icu_tzdata.dat
08-06 17:26:21.495 30434 30434 I Radio-JNI: register_android_hardware_Radio DONE
08-06 17:26:21.525 30434 30434 D AndroidRuntime: Calling main entry com.android.commands.input.Input
08-06 17:26:21.527 30434 30434 I Input   : injectKeyEvent: KeyEvent { action=ACTION_DOWN, keyCode=KEYCODE_BACK, scanCode=0, metaState=0, flags=0x0, repeatCount=0, eventTime=897997940, downTime=897997940, deviceId=-1, source=0x101 }
08-06 17:26:21.537 30434 30434 I Input   : injectKeyEvent: KeyEvent { action=ACTION_UP, keyCode=KEYCODE_BACK, scanCode=0, metaState=0, flags=0x0, repeatCount=0, eventTime=897997940, downTime=897997940, deviceId=-1, source=0x101 }
08-06 17:26:21.542 30434 30434 D AndroidRuntime: Shutting down VM
08-06 17:26:21.547 28083 28083 V PlaybackController: initServiceNotRunning()
08-06 17:26:21.547 28083 28083 D ExternalPlayerFragment: Loading media info
08-06 17:26:21.551 28083 28083 D ItemlistFragment: onEventMainThread() called with: event = [DownloadEvent{update=DownloaderUpdate{downloaders=[], feedIds=[], mediaIds=[]}}]
08-06 17:26:21.552 28083 28975 D ApOkHttpUrlLoader: buildLoadData() called with: model = [http://static.libsyn.com/p/assets/7/1/f/3/71f3014e14ef2722/JREiTunesImage2.jpg], width = [1440], height = [462]
08-06 17:26:21.555 28083 28083 D UserPreferences: Using default data folder
08-06 17:26:21.556 28083 28111 D DBReader: getNavDrawerData() called with: 
08-06 17:26:21.556 28083 28602 D DBReader: getFeed() called with: feedId = [2]
08-06 17:26:21.567 28083 28602 D DBReader: getFeedItemList() called with: feed = [baseline.de.danoeh.antennapod.core.feed.Feed@2]
08-06 17:26:21.581 28083 28095 I art     : Starting a blocking GC Explicit
08-06 17:26:21.583 28083 28083 D FeedMenuHandler: Preparing options menu
08-06 17:26:21.587 28083 28111 D DBReader: getDownloadedItems() called
08-06 17:26:21.588 28083 28111 D DBReader: getFavoriteIDList() called
08-06 17:26:21.589 28083 28111 D DBReader: getQueueIDList() called
08-06 17:26:21.590 28083 28111 D DBReader: Extracting Feedlist
08-06 17:26:21.629 28083 28083 D MainActivity: getLastNavFragment() -> 2
08-06 17:26:21.631 13866 13866 I GoogleInputMethodServic: GoogleInputMethodService.onFinishInput():3138 
08-06 17:26:21.632 13866 13866 I GoogleInputMethodServic: GoogleInputMethodService.onStartInput():1808 
08-06 17:26:21.632 13866 13866 I ShortcutsDataManager: AbstractContentDataManager.startImportContentTask():208 startImportContentTask()
08-06 17:26:21.634 13866 13938 I ShortcutsDataManager: AbstractContentDataManager$ImportContentTask.doInBackground():222 doInBackground()
08-06 17:26:21.634 13866 13938 I PersonalDictionaryDataH: PersonalDictionaryDataHandler.beginProcess():111 LanguageTags = [en-US]
08-06 17:26:21.645 28083 28095 I art     : Explicit concurrent mark sweep GC freed 6032(273KB) AllocSpace objects, 1(20KB) LOS objects, 25% free, 45MB/61MB, paused 2.568ms total 63.535ms
08-06 17:26:21.647 13866 13938 I ShortcutsDataManager: AbstractContentDataManager.importRecords():312 importRecords() : Success : Count = 0
08-06 17:26:21.652 13866 13938 I ShortcutsDataManager: AbstractContentDataManager.importContentData():262 importContentData() : Ending import process
08-06 17:26:21.663 28083 28095 I art     : Starting a blocking GC Explicit
08-06 17:26:21.675 28083 28602 W PodDBAdapter: Length of id array is larger than 800. Creating multiple cursors
08-06 17:26:21.676 13866 13938 I PersonalLanguageModelUp: PersonalLanguageModelUpdater$UpdateOperation.performInternal():160 run() : Added 0 words and 0 shortcuts
08-06 17:26:21.676 13866 13938 I DynamicLanguageModelOpe: DynamicLanguageModelOperation.perform():37 perform() : 4 : coc : Completed
08-06 17:26:21.677 13866 13950 I Delight5Decoder: Delight5DecoderWrapper.loadLanguageModel():578 loadLanguageModel() : 4, version [n/a]
08-06 17:26:21.678 13866 13950 I Delight5Decoder: Delight5DecoderWrapper.loadLanguageModel():616 Loaded dynamic LM 4.en
08-06 17:26:21.679 13866 13866 I ShortcutsDataManager: AbstractContentDataManager$ImportContentTask.onPostExecute():233 onPostExecute() : Result = [2,0]
08-06 17:26:21.679 13866 13866 I ShortcutsDataManager: ShortcutsDataManager.onImportFinished():99 onImportFinished() : Result = 2 : Count = 0
08-06 17:26:21.723 28083 28095 I art     : Explicit concurrent mark sweep GC freed 3401(267KB) AllocSpace objects, 1(16KB) LOS objects, 25% free, 46MB/62MB, paused 1.603ms total 58.868ms
08-06 17:26:21.739 28083 28095 I art     : Starting a blocking GC Explicit
08-06 17:26:21.768 28083 28602 D DBReader: getFavoriteIDList() called
08-06 17:26:21.769 28083 28602 D DBReader: getQueueIDList() called
08-06 17:26:21.770 28083 28602 D DBReader: Extracting Feedlist
08-06 17:26:21.773 28083 28975 D ApOkHttpUrlLoader: buildLoadData() called with: model = [http://static.libsyn.com/p/assets/7/1/f/3/71f3014e14ef2722/JREiTunesImage2.jpg], width = [1440], height = [462]
08-06 17:26:21.790 28083 28083 D FeedMenuHandler: Preparing options menu
08-06 17:26:21.796 28083 28095 I art     : Explicit concurrent mark sweep GC freed 32941(2MB) AllocSpace objects, 0(0B) LOS objects, 25% free, 47MB/63MB, paused 1.828ms total 56.675ms
08-06 17:26:21.812 28083 28095 I art     : Starting a blocking GC Explicit
08-06 17:26:21.865 28083 28095 I art     : Explicit concurrent mark sweep GC freed 2648(108KB) AllocSpace objects, 1(16KB) LOS objects, 25% free, 47MB/63MB, paused 1.323ms total 52.506ms
08-06 17:26:21.881 28083 28095 I art     : Starting a blocking GC Explicit
08-06 17:26:21.934 28083 28095 I art     : Explicit concurrent mark sweep GC freed 1017(74KB) AllocSpace objects, 0(0B) LOS objects, 25% free, 47MB/63MB, paused 1.335ms total 52.549ms
08-06 17:26:21.962   380   380 W SurfaceFlinger: couldn't log to binary event log: overflow.
08-06 17:26:22.255 28083 28159 I art     : Starting a blocking GC Explicit
08-06 17:26:22.322 28083 28159 I art     : Explicit concurrent mark sweep GC freed 1990(107KB) AllocSpace objects, 1(20KB) LOS objects, 25% free, 47MB/63MB, paused 1.471ms total 66.525ms
08-06 17:26:22.344 28083 28159 I art     : Starting a blocking GC Explicit
08-06 17:26:22.396 28083 28159 I art     : Explicit concurrent mark sweep GC freed 34769(2MB) AllocSpace objects, 44(2MB) LOS objects, 27% free, 42MB/58MB, paused 1.446ms total 51.770ms
08-06 17:26:22.411 28083 28159 I art     : Starting a blocking GC Explicit
08-06 17:26:22.459 28083 28159 I art     : Explicit concurrent mark sweep GC freed 3(96B) AllocSpace objects, 0(0B) LOS objects, 27% free, 42MB/58MB, paused 1.480ms total 47.550ms
08-06 17:26:22.473 28083 28159 I art     : Starting a blocking GC Explicit
08-06 17:26:22.522 28083 28159 I art     : Explicit concurrent mark sweep GC freed 3(96B) AllocSpace objects, 0(0B) LOS objects, 27% free, 42MB/58MB, paused 1.457ms total 48.625ms
08-06 17:26:22.537 28083 28159 I art     : Starting a blocking GC Explicit
08-06 17:26:22.585 28083 28159 I art     : Explicit concurrent mark sweep GC freed 3(96B) AllocSpace objects, 0(0B) LOS objects, 27% free, 42MB/58MB, paused 1.461ms total 47.602ms
08-06 17:26:22.906   518   646 I ThermalEngine: ACTION: GPU - Setting GPU[0] to 390000000
08-06 17:26:22.927 28083 28095 I art     : Starting a blocking GC Explicit
08-06 17:26:22.990 28083 28095 I art     : Explicit concurrent mark sweep GC freed 1403(82KB) AllocSpace objects, 1(20KB) LOS objects, 27% free, 42MB/58MB, paused 2.324ms total 61.913ms
08-06 17:26:23.012 28083 28095 I art     : Starting a blocking GC Explicit
08-06 17:26:23.071 28083 28095 I art     : Explicit concurrent mark sweep GC freed 23(752B) AllocSpace objects, 0(0B) LOS objects, 27% free, 42MB/58MB, paused 2.553ms total 58.859ms
08-06 17:26:23.093 28083 28095 I art     : Starting a blocking GC Explicit
08-06 17:26:23.152 28083 28095 I art     : Explicit concurrent mark sweep GC freed 3(96B) AllocSpace objects, 0(0B) LOS objects, 27% free, 42MB/58MB, paused 2.380ms total 58.815ms
08-06 17:26:23.174 28083 28095 I art     : Starting a blocking GC Explicit
08-06 17:26:23.243 28083 28095 I art     : Explicit concurrent mark sweep GC freed 6(192B) AllocSpace objects, 0(0B) LOS objects, 27% free, 42MB/58MB, paused 2.609ms total 68.241ms
08-06 17:26:23.272 28083 28095 I art     : Starting a blocking GC Explicit
08-06 17:26:23.341 28083 28095 I art     : Explicit concurrent mark sweep GC freed 15(480B) AllocSpace objects, 0(0B) LOS objects, 27% free, 42MB/58MB, paused 3.067ms total 68.461ms
08-06 17:26:23.452 30473 30473 D AndroidRuntime: >>>>>> START com.android.internal.os.RuntimeInit uid 2000 <<<<<<
08-06 17:26:23.459 30473 30473 D AndroidRuntime: CheckJNI is OFF
08-06 17:26:23.518 30473 30473 D ICU     : No timezone override file found: /data/misc/zoneinfo/current/icu/icu_tzdata.dat
08-06 17:26:23.564 30473 30473 I Radio-JNI: register_android_hardware_Radio DONE
08-06 17:26:23.595 30473 30473 D AndroidRuntime: Calling main entry com.android.commands.input.Input
08-06 17:26:23.598 30473 30473 I Input   : injectMotionEvent: MotionEvent { action=ACTION_DOWN, actionButton=0, id[0]=0, x[0]=1372.0, y[0]=384.0, toolType[0]=TOOL_TYPE_UNKNOWN, buttonState=0, metaState=0, flags=0x0, edgeFlags=0x0, pointerCount=1, historySize=0, eventTime=898000010, downTime=898000010, deviceId=0, source=0x1002 }
08-06 17:26:23.603 30473 30473 I Input   : injectMotionEvent: MotionEvent { action=ACTION_UP, actionButton=0, id[0]=0, x[0]=1372.0, y[0]=384.0, toolType[0]=TOOL_TYPE_UNKNOWN, buttonState=0, metaState=0, flags=0x0, edgeFlags=0x0, pointerCount=1, historySize=0, eventTime=898000010, downTime=898000010, deviceId=0, source=0x1002 }
08-06 17:26:23.606 30473 30473 D AndroidRuntime: Shutting down VM
08-06 17:26:23.616   918  3696 I ActivityManager: START u0 {cmp=baseline.de.danoeh.antennapod.debug/baseline.de.danoeh.antennapod.activity.FeedInfoActivity (has extras)} from uid 10711 on display 0
08-06 17:26:23.618   512  2967 D audio_hw_primary: out_set_parameters: enter: usecase(1: low-latency-playback) kvpairs: routing=2
08-06 17:26:23.632   512  2967 D audio_hw_primary: select_devices: out_snd_device(2: speaker) in_snd_device(0: none)
08-06 17:26:23.632   512  2967 D msm8974_platform: platform_send_audio_calibration: sending audio calibration for snd_device(2) acdb_id(15)
08-06 17:26:23.633   512  2967 I soundtrigger: audio_extn_sound_trigger_update_device_status: device 0x2 of type 0 for Event 1
08-06 17:26:23.646   512  2967 D audio_hw_primary: enable_snd_device: snd_device(2: speaker)
08-06 17:26:23.649   512  2967 D audio_hw_primary: enable_audio_route: apply and update mixer path: low-latency-playback speaker
08-06 17:26:23.699 28083 28095 I art     : Starting a blocking GC Explicit
08-06 17:26:23.705 28083 28103 D DBReader: getFeed() called with: feedId = [2]
08-06 17:26:23.706 28083 28103 D DBReader: getFeedItemList() called with: feed = [baseline.de.danoeh.antennapod.core.feed.Feed@2]
08-06 17:26:23.717 28083 28083 D androidx.gridlayout.widget.GridLayout: horizontal constraints: x2-x0>=1328, x2-x1<=0, x1-x0<=242 are inconsistent; permanently removing: x2-x1<=0. 
08-06 17:26:23.718 28083 28083 D androidx.gridlayout.widget.GridLayout: vertical constraints: y3-y2>=80, y3-y2<=66, y2-y1<=94, y1-y0<=94 are inconsistent; permanently removing: y3-y2<=66. 
08-06 17:26:23.759 28083 28095 I art     : Explicit concurrent mark sweep GC freed 4916(257KB) AllocSpace objects, 1(20KB) LOS objects, 26% free, 43MB/59MB, paused 2.859ms total 59.459ms
08-06 17:26:23.780 28083 28095 I art     : Starting a blocking GC Explicit
08-06 17:26:23.813 28083 28103 W PodDBAdapter: Length of id array is larger than 800. Creating multiple cursors
08-06 17:26:23.831   918   936 I ActivityManager: Displayed baseline.de.danoeh.antennapod.debug/baseline.de.danoeh.antennapod.activity.FeedInfoActivity: +201ms
08-06 17:26:23.837 13866 13866 I GoogleInputMethodServic: GoogleInputMethodService.onFinishInput():3138 
08-06 17:26:23.837 13866 13866 I GoogleInputMethodServic: GoogleInputMethodService.onStartInput():1808 
08-06 17:26:23.855 28083 28095 I art     : Explicit concurrent mark sweep GC freed 3247(212KB) AllocSpace objects, 1(16KB) LOS objects, 26% free, 44MB/60MB, paused 2.747ms total 73.842ms
08-06 17:26:23.874 28083 28104 D OpenGLRenderer: endAllStagingAnimators on 0x7f7d332800 (RippleDrawable) with handle 0x7f7a0f4300
08-06 17:26:23.881 28083 28095 I art     : Starting a blocking GC Explicit
08-06 17:26:23.945 28083 28083 D FeedInfoActivity: Language is en
08-06 17:26:23.951 28083 28083 D FeedInfoActivity: Author is Joe Rogan
08-06 17:26:23.951 28083 28083 D FeedInfoActivity: URL is http://joeroganexp.joerogan.libsynpro.com/rss
08-06 17:26:23.953 28083 28095 I art     : Explicit concurrent mark sweep GC freed 5033(102KB) AllocSpace objects, 0(0B) LOS objects, 26% free, 45MB/61MB, paused 5.091ms total 71.337ms
08-06 17:26:23.958 28083 28975 D ApOkHttpUrlLoader: buildLoadData() called with: model = [http://static.libsyn.com/p/assets/7/1/f/3/71f3014e14ef2722/JREiTunesImage2.jpg], width = [1440], height = [462]
08-06 17:26:23.978   918  3696 W IntentResolver: resolveIntent: multiple matches, only some with CATEGORY_DEFAULT
08-06 17:26:23.987 28083 28095 I art     : Starting a blocking GC Explicit
08-06 17:26:23.992 28083 28083 D androidx.gridlayout.widget.GridLayout: horizontal constraints: x2-x0>=1328, x2-x1<=232, x1-x0<=242 are inconsistent; permanently removing: x2-x1<=232. 
08-06 17:26:23.993 28083 28083 D androidx.gridlayout.widget.GridLayout: vertical constraints: y3-y2>=80, y3-y2<=66, y2-y1<=94, y1-y0<=94 are inconsistent; permanently removing: y3-y2<=66. 
08-06 17:26:24.063 28083 28095 I art     : Explicit concurrent mark sweep GC freed 2611(111KB) AllocSpace objects, 1(16KB) LOS objects, 25% free, 47MB/63MB, paused 2.514ms total 75.293ms
08-06 17:26:24.082   380   380 W SurfaceFlinger: couldn't log to binary event log: overflow.
08-06 17:26:24.097 28083 28095 I art     : Starting a blocking GC Explicit
08-06 17:26:24.163 28083 28095 I art     : Explicit concurrent mark sweep GC freed 269(20KB) AllocSpace objects, 0(0B) LOS objects, 25% free, 47MB/63MB, paused 2.385ms total 65.335ms
08-06 17:26:24.188   512  2967 D audio_hw_primary: disable_audio_route: reset and update mixer path: low-latency-playback speaker
08-06 17:26:24.190   512  2967 D audio_hw_primary: disable_snd_device: snd_device(2: speaker)
08-06 17:26:24.198   512  2967 I soundtrigger: audio_extn_sound_trigger_update_device_status: device 0x2 of type 0 for Event 0
08-06 17:26:24.212 28083 28083 D PlaybackController: Releasing PlaybackController
08-06 17:26:24.452   918  3261 D WifiStateMachine: starting scan for "H369AA63323"WPA_PSK with 2412,5180
08-06 17:26:24.530 28083 28614 I art     : Starting a blocking GC Explicit
08-06 17:26:24.622 28083 28614 I art     : Explicit concurrent mark sweep GC freed 1787(103KB) AllocSpace objects, 1(20KB) LOS objects, 25% free, 47MB/63MB, paused 2.612ms total 91.150ms
08-06 17:26:24.652 28083 28614 I art     : Starting a blocking GC Explicit
08-06 17:26:24.728 28083 28614 I art     : Explicit concurrent mark sweep GC freed 47(1552B) AllocSpace objects, 0(0B) LOS objects, 25% free, 47MB/63MB, paused 2.260ms total 75.736ms
08-06 17:26:24.754 28083 28614 I art     : Starting a blocking GC Explicit
08-06 17:26:24.833 28083 28614 I art     : Explicit concurrent mark sweep GC freed 3(96B) AllocSpace objects, 0(0B) LOS objects, 25% free, 47MB/63MB, paused 2.638ms total 77.666ms
08-06 17:26:24.864 28083 28614 I art     : Starting a blocking GC Explicit
08-06 17:26:24.948 28083 28614 I art     : Explicit concurrent mark sweep GC freed 3(96B) AllocSpace objects, 0(0B) LOS objects, 25% free, 47MB/63MB, paused 2.317ms total 83.549ms
08-06 17:26:24.980 28083 28614 I art     : Starting a blocking GC Explicit
08-06 17:26:25.065 28083 28614 I art     : Explicit concurrent mark sweep GC freed 3(96B) AllocSpace objects, 0(0B) LOS objects, 25% free, 47MB/63MB, paused 2.825ms total 84.518ms
08-06 17:26:25.463 28083 28095 I art     : Starting a blocking GC Explicit
08-06 17:26:25.544 28083 28095 I art     : Explicit concurrent mark sweep GC freed 1396(81KB) AllocSpace objects, 1(20KB) LOS objects, 25% free, 47MB/63MB, paused 2.602ms total 80.111ms
08-06 17:26:25.571 28083 28095 I art     : Starting a blocking GC Explicit
08-06 17:26:25.644 28083 28095 I art     : Explicit concurrent mark sweep GC freed 55(1632B) AllocSpace objects, 0(0B) LOS objects, 25% free, 47MB/63MB, paused 2.057ms total 72.494ms
08-06 17:26:25.670 28083 28095 I art     : Starting a blocking GC Explicit
08-06 17:26:25.749 28083 28095 I art     : Explicit concurrent mark sweep GC freed 3(96B) AllocSpace objects, 0(0B) LOS objects, 25% free, 47MB/63MB, paused 3.101ms total 79.077ms
08-06 17:26:25.775 28083 28095 I art     : Starting a blocking GC Explicit
08-06 17:26:25.852 28083 28095 I art     : Explicit concurrent mark sweep GC freed 3(96B) AllocSpace objects, 0(0B) LOS objects, 25% free, 47MB/63MB, paused 2.662ms total 76.313ms
08-06 17:26:25.882 28083 28095 I art     : Starting a blocking GC Explicit
08-06 17:26:25.957 28083 28095 I art     : Explicit concurrent mark sweep GC freed 3(96B) AllocSpace objects, 0(0B) LOS objects, 25% free, 47MB/63MB, paused 2.061ms total 74.795ms
08-06 17:26:26.351 28083 28096 I art     : Starting a blocking GC Explicit
08-06 17:26:26.444 28083 28096 I art     : Explicit concurrent mark sweep GC freed 1372(80KB) AllocSpace objects, 1(20KB) LOS objects, 25% free, 47MB/63MB, paused 2.492ms total 91.674ms
08-06 17:26:26.476 28083 28096 I art     : Starting a blocking GC Explicit
08-06 17:26:26.558 28083 28096 I art     : Explicit concurrent mark sweep GC freed 23(752B) AllocSpace objects, 0(0B) LOS objects, 25% free, 47MB/63MB, paused 2.351ms total 82.001ms
08-06 17:26:26.590 28083 28096 I art     : Starting a blocking GC Explicit
08-06 17:26:26.672 28083 28096 I art     : Explicit concurrent mark sweep GC freed 32(880B) AllocSpace objects, 0(0B) LOS objects, 25% free, 47MB/63MB, paused 3.507ms total 81.599ms
08-06 17:26:26.697 28083 28096 I art     : Starting a blocking GC Explicit
08-06 17:26:26.773 28083 28096 I art     : Explicit concurrent mark sweep GC freed 3(96B) AllocSpace objects, 0(0B) LOS objects, 25% free, 47MB/63MB, paused 2.674ms total 75.266ms
08-06 17:26:26.804 28083 28096 I art     : Starting a blocking GC Explicit
08-06 17:26:26.880 28083 28096 I art     : Explicit concurrent mark sweep GC freed 3(96B) AllocSpace objects, 0(0B) LOS objects, 25% free, 47MB/63MB, paused 2.279ms total 75.555ms
08-06 17:26:27.223 28083 28614 I art     : Starting a blocking GC Explicit
08-06 17:26:27.290 28083 28614 I art     : Explicit concurrent mark sweep GC freed 1373(82KB) AllocSpace objects, 1(20KB) LOS objects, 25% free, 47MB/63MB, paused 2.200ms total 67.129ms
08-06 17:26:27.315 28083 28614 I art     : Starting a blocking GC Explicit
08-06 17:26:27.395 28083 28614 I art     : Explicit concurrent mark sweep GC freed 23(752B) AllocSpace objects, 0(0B) LOS objects, 25% free, 47MB/63MB, paused 2.668ms total 78.723ms
08-06 17:26:27.425 28083 28614 I art     : Starting a blocking GC Explicit
08-06 17:26:27.509 28083 28614 I art     : Explicit concurrent mark sweep GC freed 7(256B) AllocSpace objects, 0(0B) LOS objects, 25% free, 47MB/63MB, paused 2.628ms total 83.437ms
08-06 17:26:27.535 28083 28614 I art     : Starting a blocking GC Explicit
08-06 17:26:27.613 28083 28614 I art     : Explicit concurrent mark sweep GC freed 32(880B) AllocSpace objects, 0(0B) LOS objects, 25% free, 47MB/63MB, paused 2.613ms total 77.205ms
08-06 17:26:27.645 28083 28614 I art     : Starting a blocking GC Explicit
08-06 17:26:27.728 28083 28614 I art     : Explicit concurrent mark sweep GC freed 3(96B) AllocSpace objects, 0(0B) LOS objects, 25% free, 47MB/63MB, paused 2.618ms total 82.556ms
08-06 17:26:27.913   518   646 I ThermalEngine: ACTION: GPU - Setting GPU[0] to 450000000
08-06 17:26:28.027 19219 19372 E GoogleConversionReporter: Error sending ping
08-06 17:26:28.027 19219 19372 E GoogleConversionReporter: bljc: Exception in CronetUrlRequest: net::ERR_CONNECTION_CLOSED, ErrorCode=5, InternalErrorCode=-100, Retryable=true
08-06 17:26:28.027 19219 19372 E GoogleConversionReporter: 	at org.chromium.net.impl.CronetUrlRequest.onError(PG:55)
08-06 17:26:28.051 28083 28095 I art     : Starting a blocking GC Explicit
08-06 17:26:28.115 28083 28095 I art     : Explicit concurrent mark sweep GC freed 1373(81KB) AllocSpace objects, 1(20KB) LOS objects, 25% free, 47MB/63MB, paused 1.534ms total 62.824ms
08-06 17:26:28.131 28083 28095 I art     : Starting a blocking GC Explicit
08-06 17:26:28.191 28083 28095 I art     : Explicit concurrent mark sweep GC freed 23(752B) AllocSpace objects, 0(0B) LOS objects, 25% free, 47MB/63MB, paused 1.566ms total 59.243ms
08-06 17:26:28.208 28083 28095 I art     : Starting a blocking GC Explicit
08-06 17:26:28.270 28083 28095 I art     : Explicit concurrent mark sweep GC freed 3(96B) AllocSpace objects, 0(0B) LOS objects, 25% free, 47MB/63MB, paused 1.550ms total 61.573ms
08-06 17:26:28.287 28083 28095 I art     : Starting a blocking GC Explicit
08-06 17:26:28.346 28083 28095 I art     : Explicit concurrent mark sweep GC freed 3(96B) AllocSpace objects, 0(0B) LOS objects, 25% free, 47MB/63MB, paused 1.527ms total 59.168ms
08-06 17:26:28.363 28083 28095 I art     : Starting a blocking GC Explicit
08-06 17:26:28.398 30542 30542 D AndroidRuntime: >>>>>> START com.android.internal.os.RuntimeInit uid 2000 <<<<<<
08-06 17:26:28.404 30542 30542 D AndroidRuntime: CheckJNI is OFF
08-06 17:26:28.423 28083 28095 I art     : Explicit concurrent mark sweep GC freed 3(96B) AllocSpace objects, 0(0B) LOS objects, 25% free, 47MB/63MB, paused 1.514ms total 59.245ms
08-06 17:26:28.454 30542 30542 D ICU     : No timezone override file found: /data/misc/zoneinfo/current/icu/icu_tzdata.dat
08-06 17:26:28.498 30542 30542 I Radio-JNI: register_android_hardware_Radio DONE
08-06 17:26:28.527 30542 30542 D AndroidRuntime: Calling main entry com.android.commands.input.Input
08-06 17:26:28.529 30542 30542 I Input   : injectKeyEvent: KeyEvent { action=ACTION_DOWN, keyCode=KEYCODE_BACK, scanCode=0, metaState=0, flags=0x0, repeatCount=0, eventTime=898004942, downTime=898004942, deviceId=-1, source=0x101 }
08-06 17:26:28.537 30542 30542 I Input   : injectKeyEvent: KeyEvent { action=ACTION_UP, keyCode=KEYCODE_BACK, scanCode=0, metaState=0, flags=0x0, repeatCount=0, eventTime=898004942, downTime=898004942, deviceId=-1, source=0x101 }
08-06 17:26:28.544 30542 30542 D AndroidRuntime: Shutting down VM
08-06 17:26:28.549 28083 28083 V PlaybackController: initServiceNotRunning()
08-06 17:26:28.549 28083 28083 D ExternalPlayerFragment: Loading media info
08-06 17:26:28.552 28083 28083 D ItemlistFragment: onEventMainThread() called with: event = [DownloadEvent{update=DownloaderUpdate{downloaders=[], feedIds=[], mediaIds=[]}}]
08-06 17:26:28.553 28083 28975 D ApOkHttpUrlLoader: buildLoadData() called with: model = [http://static.libsyn.com/p/assets/7/1/f/3/71f3014e14ef2722/JREiTunesImage2.jpg], width = [1440], height = [462]
08-06 17:26:28.556 28083 28083 D UserPreferences: Using default data folder
08-06 17:26:28.557 28083 28103 D DBReader: getNavDrawerData() called with: 
08-06 17:26:28.557 28083 28111 D DBReader: getFeed() called with: feedId = [2]
08-06 17:26:28.559 28083 28111 D DBReader: getFeedItemList() called with: feed = [baseline.de.danoeh.antennapod.core.feed.Feed@2]
08-06 17:26:28.571 28083 28083 D FeedMenuHandler: Preparing options menu
08-06 17:26:28.589 28083 28103 D DBReader: getDownloadedItems() called
08-06 17:26:28.590 28083 28103 D DBReader: getFavoriteIDList() called
08-06 17:26:28.591 28083 28103 D DBReader: getQueueIDList() called
08-06 17:26:28.591 28083 28103 D DBReader: Extracting Feedlist
08-06 17:26:28.618 13866 13866 I GoogleInputMethodServic: GoogleInputMethodService.onFinishInput():3138 
08-06 17:26:28.619 13866 13866 I GoogleInputMethodServic: GoogleInputMethodService.onStartInput():1808 
08-06 17:26:28.644 28083 28083 D MainActivity: getLastNavFragment() -> 2
08-06 17:26:28.671 28083 28111 W PodDBAdapter: Length of id array is larger than 800. Creating multiple cursors
08-06 17:26:28.739 28083 28095 I art     : Starting a blocking GC Explicit
08-06 17:26:28.771 28083 28111 D DBReader: getFavoriteIDList() called
08-06 17:26:28.772 28083 28111 D DBReader: getQueueIDList() called
08-06 17:26:28.774 28083 28111 D DBReader: Extracting Feedlist
08-06 17:26:28.779 28083 28975 D ApOkHttpUrlLoader: buildLoadData() called with: model = [http://static.libsyn.com/p/assets/7/1/f/3/71f3014e14ef2722/JREiTunesImage2.jpg], width = [1440], height = [462]
08-06 17:26:28.798 28083 28083 D FeedMenuHandler: Preparing options menu
08-06 17:26:28.817 28083 28095 I art     : Explicit concurrent mark sweep GC freed 41065(2MB) AllocSpace objects, 2(36KB) LOS objects, 23% free, 52MB/68MB, paused 1.847ms total 78.283ms
08-06 17:26:28.818 28083 28094 I art     : WaitForGcToComplete blocked for 57.775ms for cause HeapTrim
08-06 17:26:28.835 28083 28095 I art     : Starting a blocking GC Explicit
08-06 17:26:28.890 28083 28095 I art     : Explicit concurrent mark sweep GC freed 3988(194KB) AllocSpace objects, 1(16KB) LOS objects, 23% free, 52MB/68MB, paused 1.374ms total 54.794ms
08-06 17:26:28.908 28083 28095 I art     : Starting a blocking GC Explicit
08-06 17:26:28.936   380   380 W SurfaceFlinger: couldn't log to binary event log: overflow.
08-06 17:26:28.968 28083 28095 I art     : Explicit concurrent mark sweep GC freed 1330(82KB) AllocSpace objects, 0(0B) LOS objects, 23% free, 52MB/68MB, paused 1.609ms total 59.313ms
08-06 17:26:28.984 28083 28095 I art     : Starting a blocking GC Explicit
08-06 17:26:29.038 28083 28095 I art     : Explicit concurrent mark sweep GC freed 126(5KB) AllocSpace objects, 0(0B) LOS objects, 23% free, 52MB/68MB, paused 1.497ms total 53.707ms
08-06 17:26:29.054 28083 28095 I art     : Starting a blocking GC Explicit
08-06 17:26:29.104 28083 28095 I art     : Explicit concurrent mark sweep GC freed 29245(2MB) AllocSpace objects, 3(84KB) LOS objects, 24% free, 50MB/66MB, paused 1.437ms total 50.494ms
08-06 17:26:29.432 28083 28096 I art     : Starting a blocking GC Explicit
08-06 17:26:29.499 28083 28096 I art     : Explicit concurrent mark sweep GC freed 1417(83KB) AllocSpace objects, 1(20KB) LOS objects, 24% free, 50MB/66MB, paused 1.677ms total 66.173ms
08-06 17:26:29.517 28083 28096 I art     : Starting a blocking GC Explicit
08-06 17:26:29.565 28083 28096 I art     : Explicit concurrent mark sweep GC freed 23(752B) AllocSpace objects, 0(0B) LOS objects, 24% free, 50MB/66MB, paused 1.465ms total 48.275ms
08-06 17:26:29.580 28083 28096 I art     : Starting a blocking GC Explicit
08-06 17:26:29.629 28083 28096 I art     : Explicit concurrent mark sweep GC freed 32(880B) AllocSpace objects, 0(0B) LOS objects, 24% free, 50MB/66MB, paused 1.517ms total 48.341ms
08-06 17:26:29.644 28083 28096 I art     : Starting a blocking GC Explicit
08-06 17:26:29.693 28083 28096 I art     : Explicit concurrent mark sweep GC freed 3(96B) AllocSpace objects, 0(0B) LOS objects, 24% free, 50MB/66MB, paused 1.513ms total 48.864ms
08-06 17:26:29.708 28083 28096 I art     : Starting a blocking GC Explicit
08-06 17:26:29.756 28083 28096 I art     : Explicit concurrent mark sweep GC freed 3(96B) AllocSpace objects, 0(0B) LOS objects, 24% free, 50MB/66MB, paused 1.464ms total 47.917ms
08-06 17:26:30.088 28083 30576 I art     : Starting a blocking GC Explicit
08-06 17:26:30.147 28083 30576 I art     : Explicit concurrent mark sweep GC freed 1374(81KB) AllocSpace objects, 1(20KB) LOS objects, 24% free, 50MB/66MB, paused 1.631ms total 58.556ms
08-06 17:26:30.163 28083 30576 I art     : Starting a blocking GC Explicit
08-06 17:26:30.215 28083 30576 I art     : Explicit concurrent mark sweep GC freed 26(848B) AllocSpace objects, 0(0B) LOS objects, 24% free, 50MB/66MB, paused 1.425ms total 51.073ms
08-06 17:26:30.233 28083 30576 I art     : Starting a blocking GC Explicit
08-06 17:26:30.279 28083 30576 I art     : Explicit concurrent mark sweep GC freed 11(352B) AllocSpace objects, 0(0B) LOS objects, 24% free, 50MB/66MB, paused 1.431ms total 45.946ms
08-06 17:26:30.294 28083 30576 I art     : Starting a blocking GC Explicit
08-06 17:26:30.340 28083 30576 I art     : Explicit concurrent mark sweep GC freed 9(288B) AllocSpace objects, 0(0B) LOS objects, 24% free, 50MB/66MB, paused 1.701ms total 46.252ms
08-06 17:26:30.351 30587 30587 D AndroidRuntime: >>>>>> START com.android.internal.os.RuntimeInit uid 2000 <<<<<<
08-06 17:26:30.356 28083 30576 I art     : Starting a blocking GC Explicit
08-06 17:26:30.357 30587 30587 D AndroidRuntime: CheckJNI is OFF
08-06 17:26:30.400 30587 30587 D ICU     : No timezone override file found: /data/misc/zoneinfo/current/icu/icu_tzdata.dat
08-06 17:26:30.401 28083 30576 I art     : Explicit concurrent mark sweep GC freed 12(384B) AllocSpace objects, 0(0B) LOS objects, 24% free, 50MB/66MB, paused 1.558ms total 45.219ms
08-06 17:26:30.442 30587 30587 I Radio-JNI: register_android_hardware_Radio DONE
08-06 17:26:30.470 30587 30587 D AndroidRuntime: Calling main entry com.android.commands.input.Input
08-06 17:26:30.472 30587 30587 I Input   : injectMotionEvent: MotionEvent { action=ACTION_DOWN, actionButton=0, id[0]=0, x[0]=733.0, y[0]=896.0, toolType[0]=TOOL_TYPE_UNKNOWN, buttonState=0, metaState=0, flags=0x0, edgeFlags=0x0, pointerCount=1, historySize=0, eventTime=898006885, downTime=898006885, deviceId=0, source=0x1002 }
08-06 17:26:30.479 30587 30587 I Input   : injectMotionEvent: MotionEvent { action=ACTION_UP, actionButton=0, id[0]=0, x[0]=733.0, y[0]=896.0, toolType[0]=TOOL_TYPE_UNKNOWN, buttonState=0, metaState=0, flags=0x0, edgeFlags=0x0, pointerCount=1, historySize=0, eventTime=898006885, downTime=898006885, deviceId=0, source=0x1002 }
08-06 17:26:30.481 30587 30587 D AndroidRuntime: Shutting down VM
08-06 17:26:30.549   512  2967 D audio_hw_primary: out_set_parameters: enter: usecase(1: low-latency-playback) kvpairs: routing=2
08-06 17:26:30.563   512  2967 D audio_hw_primary: select_devices: out_snd_device(2: speaker) in_snd_device(0: none)
08-06 17:26:30.563   512  2967 D msm8974_platform: platform_send_audio_calibration: sending audio calibration for snd_device(2) acdb_id(15)
08-06 17:26:30.563   512  2967 I soundtrigger: audio_extn_sound_trigger_update_device_status: device 0x2 of type 0 for Event 1
08-06 17:26:30.576 28083 28083 I WebViewFactory: Loading com.google.android.webview version 84.0.4147.89 (code 414708953)
08-06 17:26:30.577   512  2967 D audio_hw_primary: enable_snd_device: snd_device(2: speaker)
08-06 17:26:30.579   512  2967 D audio_hw_primary: enable_audio_route: apply and update mixer path: low-latency-playback speaker
08-06 17:26:30.672 28083 28083 I cr_LibraryLoader: Loaded native library version number "84.0.4147.89"
08-06 17:26:30.672 28083 28083 I cr_CachingUmaRecorder: Flushed 5 samples from 5 histograms.
08-06 17:26:30.720 28083 28083 E chromium: [ERROR:filesystem_posix.cc(62)] mkdir /data/user/0/baseline.de.danoeh.antennapod.debug/cache/WebView/Crashpad: No such file or directory (2)
08-06 17:26:30.745 28083 28095 I art     : Starting a blocking GC Explicit
08-06 17:26:30.809 28083 28095 I art     : Explicit concurrent mark sweep GC freed 8047(699KB) AllocSpace objects, 3(60KB) LOS objects, 23% free, 51MB/67MB, paused 3.053ms total 63.899ms
08-06 17:26:30.829 28083 28095 I art     : Starting a blocking GC Explicit
08-06 17:26:30.839   918  3961 D ConnectivityService: listenForNetwork for Listen from uid/pid:10711/28083 for NetworkRequest [ id=4117, legacyType=-1, [ Capabilities: INTERNET&NOT_RESTRICTED&TRUSTED] ]
08-06 17:26:30.868 25638 25638 I Atfwd_Sendcmd: AtCmdFwd service not ready - Exhausted retry attempts - :6
08-06 17:26:30.868 25638 25638 I Atfwd_Daemon: result : -1 	 ,Init step :2 	 ,qmiErrorCode: 0
08-06 17:26:30.879 28083 28095 I art     : Explicit concurrent mark sweep GC freed 1131(110KB) AllocSpace objects, 0(0B) LOS objects, 23% free, 51MB/67MB, paused 2.685ms total 49.488ms
08-06 17:26:30.886 28083 28602 D DBReader: getFeedItem() called with: itemId = [2]
08-06 17:26:30.886 28083 28602 D DBReader: Loading feeditem with id 2
08-06 17:26:30.887 28083 28083 D ItemFragment: onEventMainThread() called with: event = [DownloadEvent{update=DownloaderUpdate{downloaders=[], feedIds=[], mediaIds=[]}}]
08-06 17:26:30.890 28083 28602 D DBReader: getFavoriteIDList() called
08-06 17:26:30.891 28083 28602 D DBReader: getQueueIDList() called
08-06 17:26:30.892 28083 28602 D DBReader: Extracting Feedlist
08-06 17:26:30.895 13866 13866 I GoogleInputMethodServic: GoogleInputMethodService.onFinishInput():3138 
08-06 17:26:30.896 13866 13866 I GoogleInputMethodServic: GoogleInputMethodService.onStartInput():1808 
08-06 17:26:30.897 28083 28095 I art     : Starting a blocking GC Explicit
08-06 17:26:30.906 28083 28083 E libEGL  : validate_display:255 error 3008 (EGL_BAD_DISPLAY)
08-06 17:26:30.911 28083 28602 D DBReader: loadExtraInformationOfFeedItem() called with: item = [FeedItem[autoDownload=1,chapters=<null>,contentEncoded=<null>,description=<null>,feed=baseline.de.danoeh.antennapod.core.feed.Feed@7efb27b,feedId=2,flattrStatus=baseline.de.danoeh.antennapod.core.util.flattr.FlattrStatus@f92a898,hasChapters=false,imageUrl=http://static.libsyn.com/p/assets/2/7/8/6/278615fe73b1f0ca/JRE1514.jpg,itemIdentifier=a0870b6b-c887-4883-930c-a06d5e1a8f7e,link=http://traffic.libsyn.com/joeroganexp/p1514.mp3,media=baseline.de.danoeh.antennapod.core.feed.FeedMedia@e6048f1,paymentLink=<null>,pubDate=Fri Jul 24 21:00:00 GMT+02:00 2020,state=-1,tags=[],title=#1514 - Joe De Sena,id=2]]
08-06 17:26:30.949 28083 28095 I art     : Explicit concurrent mark sweep GC freed 3412(216KB) AllocSpace objects, 1(68KB) LOS objects, 23% free, 51MB/67MB, paused 2.592ms total 51.664ms
08-06 17:26:30.973   918   935 D BluetoothManagerService: Added callback: android.bluetooth.IBluetoothManagerCallback$Stub$Proxy@362d0fd:true
08-06 17:26:30.981 28083 28975 D ApOkHttpUrlLoader: buildLoadData() called with: model = [http://static.libsyn.com/p/assets/2/7/8/6/278615fe73b1f0ca/JRE1514.jpg], width = [175], height = [175]
08-06 17:26:30.983 28083 28814 D DBReader: getImageAuthentication() called with: imageUrl = [http://static.libsyn.com/p/assets/2/7/8/6/278615fe73b1f0ca/JRE1514.jpg]
08-06 17:26:30.984 28083 28095 I art     : Starting a blocking GC Explicit
08-06 17:26:30.988 28083 28814 D ApOkHttpUrlLoader: no credentials for 'http://static.libsyn.com/p/assets/2/7/8/6/278615fe73b1f0ca/JRE1514.jpg'
08-06 17:26:31.038 28083 28095 I art     : Explicit concurrent mark sweep GC freed 1576(111KB) AllocSpace objects, 3(84KB) LOS objects, 23% free, 51MB/67MB, paused 2.799ms total 53.786ms
08-06 17:26:31.053 28083 28095 I art     : Starting a blocking GC Explicit
08-06 17:26:31.104 28083 28095 I art     : Explicit concurrent mark sweep GC freed 1007(67KB) AllocSpace objects, 1(28KB) LOS objects, 23% free, 51MB/67MB, paused 1.797ms total 50.882ms
08-06 17:26:31.118   512  2967 D audio_hw_primary: disable_audio_route: reset and update mixer path: low-latency-playback speaker
08-06 17:26:31.119   512  2967 D audio_hw_primary: disable_snd_device: snd_device(2: speaker)
08-06 17:26:31.128   512  2967 I soundtrigger: audio_extn_sound_trigger_update_device_status: device 0x2 of type 0 for Event 0
08-06 17:26:31.132 28083 28814 D MYTAG   : interceptor 2a
08-06 17:26:31.132 28083 28814 I NAPPA_EXPERIMENTATION: MetricNetworkRequestExecutionTime: REQUEST_DURATION_SYSTEM='144',REQUEST_DURATION_OKHTTP='143',REQUEST_SYNCHRONOUS='TRUE',RESPONSE_CODE='200',RESPONSE_METHOD='GET',RESPONSE_LENGTH_OKHTTP='364960',RESPONSE_LENGTH_HEADER='364960',REQUEST_PROTOCOL='http/1.1',REQUEST_URL='http://static.libsyn.com/p/assets/2/7/8/6/278615fe73b1f0ca/JRE1514.jpg',
08-06 17:26:31.458 28083 28095 I art     : Starting a blocking GC Explicit
08-06 17:26:31.514 28083 28095 I art     : Explicit concurrent mark sweep GC freed 1909(133KB) AllocSpace objects, 1(20KB) LOS objects, 23% free, 51MB/67MB, paused 1.470ms total 54.754ms
08-06 17:26:31.529 28083 28095 I art     : Starting a blocking GC Explicit
08-06 17:26:31.583 28083 28095 I art     : Explicit concurrent mark sweep GC freed 52(1664B) AllocSpace objects, 0(0B) LOS objects, 23% free, 51MB/67MB, paused 1.611ms total 52.824ms
08-06 17:26:31.598 28083 28095 I art     : Starting a blocking GC Explicit
08-06 17:26:31.648 28083 28095 I art     : Explicit concurrent mark sweep GC freed 40(1136B) AllocSpace objects, 0(0B) LOS objects, 23% free, 51MB/67MB, paused 1.807ms total 50.359ms
08-06 17:26:31.664 28083 28095 I art     : Starting a blocking GC Explicit
08-06 17:26:31.717 28083 28095 I art     : Explicit concurrent mark sweep GC freed 11(352B) AllocSpace objects, 0(0B) LOS objects, 23% free, 51MB/67MB, paused 1.690ms total 52.830ms
08-06 17:26:31.733 28083 28095 I art     : Starting a blocking GC Explicit
08-06 17:26:31.786 28083 28095 I art     : Explicit concurrent mark sweep GC freed 11(352B) AllocSpace objects, 0(0B) LOS objects, 23% free, 51MB/67MB, paused 1.623ms total 52.383ms
08-06 17:26:31.924   518   646 I ThermalEngine: ACTION: GPU - Setting GPU[0] to 390000000
08-06 17:26:32.204 28083 30576 I art     : Starting a blocking GC Explicit
08-06 17:26:32.273 28083 30576 I art     : Explicit concurrent mark sweep GC freed 1442(83KB) AllocSpace objects, 1(20KB) LOS objects, 23% free, 51MB/67MB, paused 2.602ms total 69.237ms
08-06 17:26:32.298 28083 30576 I art     : Starting a blocking GC Explicit
08-06 17:26:32.367 28083 30576 I art     : Explicit concurrent mark sweep GC freed 35(1152B) AllocSpace objects, 0(0B) LOS objects, 23% free, 51MB/67MB, paused 2.965ms total 68.694ms
08-06 17:26:32.392 28083 30576 I art     : Starting a blocking GC Explicit
08-06 17:26:32.458 28083 30576 I art     : Explicit concurrent mark sweep GC freed 13(416B) AllocSpace objects, 0(0B) LOS objects, 23% free, 51MB/67MB, paused 2.396ms total 66.123ms
08-06 17:26:32.483 28083 30576 I art     : Starting a blocking GC Explicit
08-06 17:26:32.552 28083 30576 I art     : Explicit concurrent mark sweep GC freed 21(672B) AllocSpace objects, 0(0B) LOS objects, 23% free, 51MB/67MB, paused 3.067ms total 68.414ms
08-06 17:26:32.577 28083 30576 I art     : Starting a blocking GC Explicit
08-06 17:26:32.645 28083 30576 I art     : Explicit concurrent mark sweep GC freed 56(1648B) AllocSpace objects, 0(0B) LOS objects, 23% free, 51MB/67MB, paused 2.682ms total 68.100ms
08-06 17:26:33.057 28083 28096 I art     : Starting a blocking GC Explicit
08-06 17:26:33.132 28083 28096 I art     : Explicit concurrent mark sweep GC freed 1408(81KB) AllocSpace objects, 1(20KB) LOS objects, 23% free, 51MB/67MB, paused 2.834ms total 73.750ms
08-06 17:26:33.159 28083 28096 I art     : Starting a blocking GC Explicit
08-06 17:26:33.227 28083 28096 I art     : Explicit concurrent mark sweep GC freed 23(752B) AllocSpace objects, 0(0B) LOS objects, 23% free, 51MB/67MB, paused 2.283ms total 68.263ms
08-06 17:26:33.251 28083 28096 I art     : Starting a blocking GC Explicit
08-06 17:26:33.319 28083 28096 I art     : Explicit concurrent mark sweep GC freed 3(96B) AllocSpace objects, 0(0B) LOS objects, 23% free, 51MB/67MB, paused 2.472ms total 67.526ms
08-06 17:26:33.343 28083 28096 I art     : Starting a blocking GC Explicit
08-06 17:26:33.406 28083 28096 I art     : Explicit concurrent mark sweep GC freed 3(96B) AllocSpace objects, 0(0B) LOS objects, 23% free, 51MB/67MB, paused 2.164ms total 62.521ms
08-06 17:26:33.429 28083 28096 I art     : Starting a blocking GC Explicit
08-06 17:26:33.497 28083 28096 I art     : Explicit concurrent mark sweep GC freed 3(96B) AllocSpace objects, 0(0B) LOS objects, 23% free, 51MB/67MB, paused 2.773ms total 67.440ms
08-06 17:26:33.944 28083 30576 I art     : Starting a blocking GC Explicit
08-06 17:26:34.017 28083 30576 I art     : Explicit concurrent mark sweep GC freed 1411(82KB) AllocSpace objects, 1(20KB) LOS objects, 23% free, 51MB/67MB, paused 2.278ms total 71.945ms
08-06 17:26:34.041 28083 30576 I art     : Starting a blocking GC Explicit
08-06 17:26:34.109 28083 30576 I art     : Explicit concurrent mark sweep GC freed 23(768B) AllocSpace objects, 0(0B) LOS objects, 23% free, 51MB/67MB, paused 2.588ms total 67.268ms
08-06 17:26:34.132 28083 30576 I art     : Starting a blocking GC Explicit
08-06 17:26:34.200 28083 30576 I art     : Explicit concurrent mark sweep GC freed 3(96B) AllocSpace objects, 0(0B) LOS objects, 23% free, 51MB/67MB, paused 2.612ms total 67.475ms
08-06 17:26:34.224 28083 30576 I art     : Starting a blocking GC Explicit
08-06 17:26:34.291 28083 30576 I art     : Explicit concurrent mark sweep GC freed 27(2208B) AllocSpace objects, 0(0B) LOS objects, 23% free, 51MB/67MB, paused 2.374ms total 66.818ms
08-06 17:26:34.315 28083 30576 I art     : Starting a blocking GC Explicit
08-06 17:26:34.383 28083 30576 I art     : Explicit concurrent mark sweep GC freed 18(912B) AllocSpace objects, 0(0B) LOS objects, 23% free, 51MB/67MB, paused 2.325ms total 67.305ms
08-06 17:26:34.804 28083 28614 I art     : Starting a blocking GC Explicit
08-06 17:26:34.870 28083 28614 I art     : Explicit concurrent mark sweep GC freed 1411(81KB) AllocSpace objects, 1(20KB) LOS objects, 23% free, 51MB/67MB, paused 2.619ms total 65.269ms
08-06 17:26:34.894 28083 28614 I art     : Starting a blocking GC Explicit
08-06 17:26:34.956 28083 28614 I art     : Explicit concurrent mark sweep GC freed 140(9KB) AllocSpace objects, 0(0B) LOS objects, 23% free, 51MB/67MB, paused 2.228ms total 61.028ms
08-06 17:26:34.979 28083 28614 I art     : Starting a blocking GC Explicit
08-06 17:26:35.043 28083 28614 I art     : Explicit concurrent mark sweep GC freed 3(96B) AllocSpace objects, 0(0B) LOS objects, 23% free, 51MB/67MB, paused 2.212ms total 63.526ms
08-06 17:26:35.066 28083 28614 I art     : Starting a blocking GC Explicit
08-06 17:26:35.130 28083 28614 I art     : Explicit concurrent mark sweep GC freed 3(96B) AllocSpace objects, 0(0B) LOS objects, 23% free, 51MB/67MB, paused 2.589ms total 63.851ms
08-06 17:26:35.153 28083 28614 I art     : Starting a blocking GC Explicit
08-06 17:26:35.217 28083 28614 I art     : Explicit concurrent mark sweep GC freed 3(96B) AllocSpace objects, 0(0B) LOS objects, 23% free, 51MB/67MB, paused 2.238ms total 63.769ms
08-06 17:26:35.364 30708 30708 D AndroidRuntime: >>>>>> START com.android.internal.os.RuntimeInit uid 2000 <<<<<<
08-06 17:26:35.372 30708 30708 D AndroidRuntime: CheckJNI is OFF
08-06 17:26:35.431 30708 30708 D ICU     : No timezone override file found: /data/misc/zoneinfo/current/icu/icu_tzdata.dat
08-06 17:26:35.479 30708 30708 I Radio-JNI: register_android_hardware_Radio DONE
08-06 17:26:35.511 30708 30708 D AndroidRuntime: Calling main entry com.android.commands.input.Input
08-06 17:26:35.513 30708 30708 I Input   : injectKeyEvent: KeyEvent { action=ACTION_DOWN, keyCode=KEYCODE_BACK, scanCode=0, metaState=0, flags=0x0, repeatCount=0, eventTime=898011925, downTime=898011925, deviceId=-1, source=0x101 }
08-06 17:26:35.528 30708 30708 I Input   : injectKeyEvent: KeyEvent { action=ACTION_UP, keyCode=KEYCODE_BACK, scanCode=0, metaState=0, flags=0x0, repeatCount=0, eventTime=898011925, downTime=898011925, deviceId=-1, source=0x101 }
08-06 17:26:35.563 28083 28083 D ItemlistFragment: onEventMainThread() called with: event = [DownloadEvent{update=DownloaderUpdate{downloaders=[], feedIds=[], mediaIds=[]}}]
08-06 17:26:35.565 28083 28103 D DBReader: getFeed() called with: feedId = [2]
08-06 17:26:35.566 30708 30708 D AndroidRuntime: Shutting down VM
08-06 17:26:35.568 28083 28103 D DBReader: getFeedItemList() called with: feed = [baseline.de.danoeh.antennapod.core.feed.Feed@2]
08-06 17:26:35.568   918  3263 D ConnectivityService: releasing NetworkRequest NetworkRequest [ id=4117, legacyType=-1, [ Capabilities: INTERNET&NOT_RESTRICTED&TRUSTED] ]
08-06 17:26:35.610 28083 28083 D FeedMenuHandler: Preparing options menu
08-06 17:26:35.627 28083 28095 I art     : Starting a blocking GC Explicit
08-06 17:26:35.675 28083 28103 W PodDBAdapter: Length of id array is larger than 800. Creating multiple cursors
08-06 17:26:35.691 28083 28975 D ApOkHttpUrlLoader: buildLoadData() called with: model = [http://static.libsyn.com/p/assets/7/1/f/3/71f3014e14ef2722/JREiTunesImage2.jpg], width = [1440], height = [462]
08-06 17:26:35.703 28083 28095 I art     : Explicit concurrent mark sweep GC freed 8295(503KB) AllocSpace objects, 2(36KB) LOS objects, 22% free, 56MB/72MB, paused 3.535ms total 75.330ms
08-06 17:26:35.728 28083 28095 I art     : Starting a blocking GC Explicit
08-06 17:26:35.746 13866 13866 I GoogleInputMethodServic: GoogleInputMethodService.onFinishInput():3138 
08-06 17:26:35.747 13866 13866 I GoogleInputMethodServic: GoogleInputMethodService.onStartInput():1808 
08-06 17:26:35.781 28083 28103 D DBReader: getFavoriteIDList() called
08-06 17:26:35.782 28083 28103 D DBReader: getQueueIDList() called
08-06 17:26:35.783 28083 28103 D DBReader: Extracting Feedlist
08-06 17:26:35.788 28083 28975 D ApOkHttpUrlLoader: buildLoadData() called with: model = [http://static.libsyn.com/p/assets/7/1/f/3/71f3014e14ef2722/JREiTunesImage2.jpg], width = [1440], height = [462]
08-06 17:26:35.805 28083 28095 I art     : Explicit concurrent mark sweep GC freed 10387(432KB) AllocSpace objects, 6(3MB) LOS objects, 22% free, 56MB/72MB, paused 2.502ms total 76.301ms
08-06 17:26:35.811 28083 28083 D FeedMenuHandler: Preparing options menu
08-06 17:26:35.829 28083 28095 I art     : Starting a blocking GC Explicit
08-06 17:26:35.892 28083 28095 I art     : Explicit concurrent mark sweep GC freed 29769(2036KB) AllocSpace objects, 1(16KB) LOS objects, 22% free, 54MB/70MB, paused 1.840ms total 62.711ms
08-06 17:26:35.911 28083 28095 I art     : Starting a blocking GC Explicit
08-06 17:26:35.975 28083 28095 I art     : Explicit concurrent mark sweep GC freed 1050(72KB) AllocSpace objects, 0(0B) LOS objects, 22% free, 54MB/70MB, paused 2.020ms total 63.589ms
08-06 17:26:35.998 28083 28095 I art     : Starting a blocking GC Explicit
08-06 17:26:36.065 28083 28095 I art     : Explicit concurrent mark sweep GC freed 5(176B) AllocSpace objects, 0(0B) LOS objects, 22% free, 54MB/70MB, paused 2.450ms total 66.540ms
08-06 17:26:36.476 28083 28614 I art     : Starting a blocking GC Explicit
08-06 17:26:36.550 28083 28614 I art     : Explicit concurrent mark sweep GC freed 1383(81KB) AllocSpace objects, 1(20KB) LOS objects, 22% free, 54MB/70MB, paused 2.148ms total 74.070ms
08-06 17:26:36.574 28083 28614 I art     : Starting a blocking GC Explicit
08-06 17:26:36.649 28083 28614 I art     : Explicit concurrent mark sweep GC freed 52(1552B) AllocSpace objects, 0(0B) LOS objects, 22% free, 54MB/70MB, paused 2.604ms total 74.841ms
08-06 17:26:36.674 28083 28614 I art     : Starting a blocking GC Explicit
08-06 17:26:36.742 28083 28614 I art     : Explicit concurrent mark sweep GC freed 3(96B) AllocSpace objects, 0(0B) LOS objects, 22% free, 54MB/70MB, paused 2.259ms total 67.853ms
08-06 17:26:36.765 28083 28614 I art     : Starting a blocking GC Explicit
08-06 17:26:36.832 28083 28614 I art     : Explicit concurrent mark sweep GC freed 3(96B) AllocSpace objects, 0(0B) LOS objects, 22% free, 54MB/70MB, paused 2.307ms total 66.049ms
08-06 17:26:36.854 28083 28614 I art     : Starting a blocking GC Explicit
08-06 17:26:36.917 28083 28614 I art     : Explicit concurrent mark sweep GC freed 3(96B) AllocSpace objects, 0(0B) LOS objects, 22% free, 54MB/70MB, paused 2.083ms total 62.467ms
08-06 17:26:37.332 28083 28614 I art     : Starting a blocking GC Explicit
08-06 17:26:37.399 28083 28614 I art     : Explicit concurrent mark sweep GC freed 1410(83KB) AllocSpace objects, 1(20KB) LOS objects, 22% free, 54MB/70MB, paused 2.709ms total 66.752ms
08-06 17:26:37.423 28083 28614 I art     : Starting a blocking GC Explicit
08-06 17:26:37.483 28083 28614 I art     : Explicit concurrent mark sweep GC freed 25(816B) AllocSpace objects, 0(0B) LOS objects, 22% free, 54MB/70MB, paused 2.035ms total 59.340ms
08-06 17:26:37.491 30743 30743 D AndroidRuntime: >>>>>> START com.android.internal.os.RuntimeInit uid 2000 <<<<<<
08-06 17:26:37.497 30743 30743 D AndroidRuntime: CheckJNI is OFF
08-06 17:26:37.505 28083 28614 I art     : Starting a blocking GC Explicit
08-06 17:26:37.548 30743 30743 D ICU     : No timezone override file found: /data/misc/zoneinfo/current/icu/icu_tzdata.dat
08-06 17:26:37.566 28083 28614 I art     : Explicit concurrent mark sweep GC freed 3(96B) AllocSpace objects, 0(0B) LOS objects, 22% free, 54MB/70MB, paused 2.337ms total 61.106ms
08-06 17:26:37.590 28083 28614 I art     : Starting a blocking GC Explicit
08-06 17:26:37.594 30743 30743 I Radio-JNI: register_android_hardware_Radio DONE
08-06 17:26:37.627 30743 30743 D AndroidRuntime: Calling main entry com.android.commands.input.Input
08-06 17:26:37.629 30743 30743 I Input   : injectMotionEvent: MotionEvent { action=ACTION_DOWN, actionButton=0, id[0]=0, x[0]=103.0, y[0]=192.0, toolType[0]=TOOL_TYPE_UNKNOWN, buttonState=0, metaState=0, flags=0x0, edgeFlags=0x0, pointerCount=1, historySize=0, eventTime=898014041, downTime=898014041, deviceId=0, source=0x1002 }
08-06 17:26:37.634 30743 30743 I Input   : injectMotionEvent: MotionEvent { action=ACTION_UP, actionButton=0, id[0]=0, x[0]=103.0, y[0]=192.0, toolType[0]=TOOL_TYPE_UNKNOWN, buttonState=0, metaState=0, flags=0x0, edgeFlags=0x0, pointerCount=1, historySize=0, eventTime=898014041, downTime=898014041, deviceId=0, source=0x1002 }
08-06 17:26:37.636 30743 30743 D AndroidRuntime: Shutting down VM
08-06 17:26:37.649   512  2967 D audio_hw_primary: out_set_parameters: enter: usecase(1: low-latency-playback) kvpairs: routing=2
08-06 17:26:37.655 28083 28614 I art     : Explicit concurrent mark sweep GC freed 55(1616B) AllocSpace objects, 0(0B) LOS objects, 22% free, 54MB/70MB, paused 2.551ms total 63.609ms
08-06 17:26:37.662   512  2967 D audio_hw_primary: select_devices: out_snd_device(2: speaker) in_snd_device(0: none)
08-06 17:26:37.663   512  2967 D msm8974_platform: platform_send_audio_calibration: sending audio calibration for snd_device(2) acdb_id(15)
08-06 17:26:37.663   512  2967 I soundtrigger: audio_extn_sound_trigger_update_device_status: device 0x2 of type 0 for Event 1
08-06 17:26:37.678 28083 28614 I art     : Starting a blocking GC Explicit
08-06 17:26:37.680   512  2967 D audio_hw_primary: enable_snd_device: snd_device(2: speaker)
08-06 17:26:37.683   512  2967 D audio_hw_primary: enable_audio_route: apply and update mixer path: low-latency-playback speaker
08-06 17:26:37.738 28083 28614 I art     : Explicit concurrent mark sweep GC freed 313(16KB) AllocSpace objects, 0(0B) LOS objects, 22% free, 54MB/70MB, paused 2.259ms total 59.160ms
08-06 17:26:38.142 28083 30576 I art     : Starting a blocking GC Explicit
08-06 17:26:38.207 28083 30576 I art     : Explicit concurrent mark sweep GC freed 1487(86KB) AllocSpace objects, 1(20KB) LOS objects, 22% free, 54MB/70MB, paused 2.152ms total 64.993ms
08-06 17:26:38.230 28083 30576 I art     : Starting a blocking GC Explicit
08-06 17:26:38.230   512  2967 D audio_hw_primary: disable_audio_route: reset and update mixer path: low-latency-playback speaker
08-06 17:26:38.231   512  2967 D audio_hw_primary: disable_snd_device: snd_device(2: speaker)
08-06 17:26:38.239   512  2967 I soundtrigger: audio_extn_sound_trigger_update_device_status: device 0x2 of type 0 for Event 0
08-06 17:26:38.293 28083 30576 I art     : Explicit concurrent mark sweep GC freed 33(1088B) AllocSpace objects, 0(0B) LOS objects, 22% free, 54MB/70MB, paused 2.040ms total 62.632ms
08-06 17:26:38.315 28083 30576 I art     : Starting a blocking GC Explicit
08-06 17:26:38.378 28083 30576 I art     : Explicit concurrent mark sweep GC freed 3(96B) AllocSpace objects, 0(0B) LOS objects, 22% free, 54MB/70MB, paused 2.553ms total 63.572ms
08-06 17:26:38.402 28083 30576 I art     : Starting a blocking GC Explicit
08-06 17:26:38.471 28083 30576 I art     : Explicit concurrent mark sweep GC freed 5(160B) AllocSpace objects, 0(0B) LOS objects, 22% free, 54MB/70MB, paused 2.705ms total 68.512ms
08-06 17:26:38.498 28083 30576 I art     : Starting a blocking GC Explicit
08-06 17:26:38.564 28083 30576 I art     : Explicit concurrent mark sweep GC freed 3(96B) AllocSpace objects, 0(0B) LOS objects, 22% free, 54MB/70MB, paused 2.058ms total 65.742ms
08-06 17:26:38.961 28083 28096 I art     : Starting a blocking GC Explicit
08-06 17:26:39.026 28083 28096 I art     : Explicit concurrent mark sweep GC freed 2113(107KB) AllocSpace objects, 1(20KB) LOS objects, 22% free, 54MB/70MB, paused 2.164ms total 64.138ms
08-06 17:26:39.026 28083 28094 I art     : WaitForGcToComplete blocked for 8.678ms for cause HeapTrim
08-06 17:26:39.048 28083 28096 I art     : Starting a blocking GC Explicit
08-06 17:26:39.113 28083 28096 I art     : Explicit concurrent mark sweep GC freed 23(752B) AllocSpace objects, 0(0B) LOS objects, 22% free, 54MB/70MB, paused 2.117ms total 63.787ms
08-06 17:26:39.135 28083 28096 I art     : Starting a blocking GC Explicit
08-06 17:26:39.200 28083 28096 I art     : Explicit concurrent mark sweep GC freed 3(96B) AllocSpace objects, 0(0B) LOS objects, 22% free, 54MB/70MB, paused 2.355ms total 64.560ms
08-06 17:26:39.222 28083 28096 I art     : Starting a blocking GC Explicit
08-06 17:26:39.287 28083 28096 I art     : Explicit concurrent mark sweep GC freed 4(128B) AllocSpace objects, 0(0B) LOS objects, 22% free, 54MB/70MB, paused 2.471ms total 64.210ms
08-06 17:26:39.314 28083 28096 I art     : Starting a blocking GC Explicit
08-06 17:26:39.379 28083 28096 I art     : Explicit concurrent mark sweep GC freed 12(384B) AllocSpace objects, 0(0B) LOS objects, 22% free, 54MB/70MB, paused 2.221ms total 64.319ms
08-06 17:26:39.527 30788 30788 D AndroidRuntime: >>>>>> START com.android.internal.os.RuntimeInit uid 2000 <<<<<<
08-06 17:26:39.535 30788 30788 D AndroidRuntime: CheckJNI is OFF
08-06 17:26:39.594 30788 30788 D ICU     : No timezone override file found: /data/misc/zoneinfo/current/icu/icu_tzdata.dat
08-06 17:26:39.641 30788 30788 I Radio-JNI: register_android_hardware_Radio DONE
08-06 17:26:39.674 30788 30788 D AndroidRuntime: Calling main entry com.android.commands.input.Input
08-06 17:26:39.677 30788 30788 I Input   : injectMotionEvent: MotionEvent { action=ACTION_DOWN, actionButton=0, id[0]=0, x[0]=409.0, y[0]=1034.0, toolType[0]=TOOL_TYPE_UNKNOWN, buttonState=0, metaState=0, flags=0x0, edgeFlags=0x0, pointerCount=1, historySize=0, eventTime=898016089, downTime=898016089, deviceId=0, source=0x1002 }
08-06 17:26:39.686 30788 30788 I Input   : injectMotionEvent: MotionEvent { action=ACTION_UP, actionButton=0, id[0]=0, x[0]=409.0, y[0]=1034.0, toolType[0]=TOOL_TYPE_UNKNOWN, buttonState=0, metaState=0, flags=0x0, edgeFlags=0x0, pointerCount=1, historySize=0, eventTime=898016089, downTime=898016089, deviceId=0, source=0x1002 }
08-06 17:26:39.689 30788 30788 D AndroidRuntime: Shutting down VM
08-06 17:26:39.754 28083 28083 D MainActivity: loadFragment(index: 5, args: null)
08-06 17:26:39.754 28083 28083 D MainActivity: loadFragment(tag: AddFeedFragment, args: null)
08-06 17:26:39.754 28083 28083 D MainActivity: saveLastNavFragment(tag: AddFeedFragment)
08-06 17:26:39.755 28083 28083 D MainActivity: getLastNavFragment() -> AddFeedFragment
08-06 17:26:39.755   512  2967 D audio_hw_primary: out_set_parameters: enter: usecase(1: low-latency-playback) kvpairs: routing=2
08-06 17:26:39.768   512  2967 D audio_hw_primary: select_devices: out_snd_device(2: speaker) in_snd_device(0: none)
08-06 17:26:39.768   512  2967 D msm8974_platform: platform_send_audio_calibration: sending audio calibration for snd_device(2) acdb_id(15)
08-06 17:26:39.768   512  2967 I soundtrigger: audio_extn_sound_trigger_update_device_status: device 0x2 of type 0 for Event 1
08-06 17:26:39.770 28083 30576 I art     : Starting a blocking GC Explicit
08-06 17:26:39.782   512  2967 D audio_hw_primary: enable_snd_device: snd_device(2: speaker)
08-06 17:26:39.785   512  2967 D audio_hw_primary: enable_audio_route: apply and update mixer path: low-latency-playback speaker
08-06 17:26:39.822 13866 13866 I GoogleInputMethodServic: GoogleInputMethodService.onFinishInput():3138 
08-06 17:26:39.823 13866 13866 I GoogleInputMethodServic: GoogleInputMethodService.onStartInput():1808 
08-06 17:26:39.833 28083 30576 I art     : Explicit concurrent mark sweep GC freed 4243(212KB) AllocSpace objects, 2(40KB) LOS objects, 22% free, 54MB/70MB, paused 2.583ms total 63.239ms
08-06 17:26:39.855 28083 30576 I art     : Starting a blocking GC Explicit
08-06 17:26:39.915 28083 30576 I art     : Explicit concurrent mark sweep GC freed 796(36KB) AllocSpace objects, 0(0B) LOS objects, 22% free, 54MB/70MB, paused 2.129ms total 59.504ms
08-06 17:26:39.939 28083 30576 I art     : Starting a blocking GC Explicit
08-06 17:26:39.989 28083 30576 I art     : Explicit concurrent mark sweep GC freed 31241(2MB) AllocSpace objects, 9(3MB) LOS objects, 24% free, 48MB/64MB, paused 2.269ms total 50.368ms
08-06 17:26:40.008 28083 30576 I art     : Starting a blocking GC Explicit
08-06 17:26:40.057 28083 30576 I art     : Explicit concurrent mark sweep GC freed 7(224B) AllocSpace objects, 0(0B) LOS objects, 24% free, 48MB/64MB, paused 2.141ms total 48.916ms
08-06 17:26:40.076 28083 30576 I art     : Starting a blocking GC Explicit
08-06 17:26:40.125 28083 30576 I art     : Explicit concurrent mark sweep GC freed 3(96B) AllocSpace objects, 0(0B) LOS objects, 24% free, 48MB/64MB, paused 2.224ms total 48.818ms
08-06 17:26:40.195 13866 13866 I GoogleInputMethodServic: GoogleInputMethodService.onFinishInput():3138 
08-06 17:26:40.196 13866 13866 I GoogleInputMethodServic: GoogleInputMethodService.onStartInput():1808 
08-06 17:26:40.321   512  2967 D audio_hw_primary: disable_audio_route: reset and update mixer path: low-latency-playback speaker
08-06 17:26:40.323   512  2967 D audio_hw_primary: disable_snd_device: snd_device(2: speaker)
08-06 17:26:40.333   512  2967 I soundtrigger: audio_extn_sound_trigger_update_device_status: device 0x2 of type 0 for Event 0
08-06 17:26:40.526 28083 28095 I art     : Starting a blocking GC Explicit
08-06 17:26:40.583 28083 28095 I art     : Explicit concurrent mark sweep GC freed 1638(92KB) AllocSpace objects, 1(20KB) LOS objects, 24% free, 48MB/64MB, paused 2.936ms total 56.520ms
08-06 17:26:40.605 28083 28095 I art     : Starting a blocking GC Explicit
08-06 17:26:40.652 28083 28095 I art     : Explicit concurrent mark sweep GC freed 146(7KB) AllocSpace objects, 0(0B) LOS objects, 24% free, 48MB/64MB, paused 2.245ms total 46.596ms
08-06 17:26:40.671 28083 28095 I art     : Starting a blocking GC Explicit
08-06 17:26:40.725 28083 28095 I art     : Explicit concurrent mark sweep GC freed 5(160B) AllocSpace objects, 0(0B) LOS objects, 24% free, 48MB/64MB, paused 2.086ms total 53.780ms
08-06 17:26:40.744 28083 28095 I art     : Starting a blocking GC Explicit
08-06 17:26:40.796 28083 28095 I art     : Explicit concurrent mark sweep GC freed 3(96B) AllocSpace objects, 0(0B) LOS objects, 24% free, 48MB/64MB, paused 2.032ms total 51.401ms
08-06 17:26:40.815 28083 28095 I art     : Starting a blocking GC Explicit
08-06 17:26:40.868 28083 28095 I art     : Explicit concurrent mark sweep GC freed 3(96B) AllocSpace objects, 0(0B) LOS objects, 24% free, 48MB/64MB, paused 2.195ms total 52.568ms
08-06 17:26:41.264 28083 30576 I art     : Starting a blocking GC Explicit
08-06 17:26:41.315 28083 30576 I art     : Explicit concurrent mark sweep GC freed 1400(84KB) AllocSpace objects, 1(20KB) LOS objects, 24% free, 48MB/64MB, paused 2.161ms total 51.026ms
08-06 17:26:41.333 28083 30576 I art     : Starting a blocking GC Explicit
08-06 17:26:41.385 28083 30576 I art     : Explicit concurrent mark sweep GC freed 29(976B) AllocSpace objects, 0(0B) LOS objects, 24% free, 48MB/64MB, paused 2.333ms total 51.127ms
08-06 17:26:41.404 28083 30576 I art     : Starting a blocking GC Explicit
08-06 17:26:41.457 28083 30576 I art     : Explicit concurrent mark sweep GC freed 6(192B) AllocSpace objects, 0(0B) LOS objects, 24% free, 48MB/64MB, paused 2.284ms total 53.202ms
08-06 17:26:41.479 28083 30576 I art     : Starting a blocking GC Explicit
08-06 17:26:41.529 28083 30576 I art     : Explicit concurrent mark sweep GC freed 11(352B) AllocSpace objects, 0(0B) LOS objects, 24% free, 48MB/64MB, paused 2.210ms total 49.879ms
08-06 17:26:41.548 28083 30576 I art     : Starting a blocking GC Explicit
08-06 17:26:41.599 28083 30576 I art     : Explicit concurrent mark sweep GC freed 12(384B) AllocSpace objects, 0(0B) LOS objects, 24% free, 48MB/64MB, paused 2.277ms total 50.636ms
08-06 17:26:41.607 30823 30823 D AndroidRuntime: >>>>>> START com.android.internal.os.RuntimeInit uid 2000 <<<<<<
08-06 17:26:41.613 30823 30823 D AndroidRuntime: CheckJNI is OFF
08-06 17:26:41.671 30823 30823 D ICU     : No timezone override file found: /data/misc/zoneinfo/current/icu/icu_tzdata.dat
08-06 17:26:41.720 30823 30823 I Radio-JNI: register_android_hardware_Radio DONE
08-06 17:26:41.754 30823 30823 D AndroidRuntime: Calling main entry com.android.commands.input.Input
08-06 17:26:41.757 30823 30823 I Input   : injectMotionEvent: MotionEvent { action=ACTION_DOWN, actionButton=0, id[0]=0, x[0]=603.0, y[0]=1061.0, toolType[0]=TOOL_TYPE_UNKNOWN, buttonState=0, metaState=0, flags=0x0, edgeFlags=0x0, pointerCount=1, historySize=0, eventTime=898018169, downTime=898018169, deviceId=0, source=0x1002 }
08-06 17:26:41.762 30823 30823 I Input   : injectMotionEvent: MotionEvent { action=ACTION_UP, actionButton=0, id[0]=0, x[0]=603.0, y[0]=1061.0, toolType[0]=TOOL_TYPE_UNKNOWN, buttonState=0, metaState=0, flags=0x0, edgeFlags=0x0, pointerCount=1, historySize=0, eventTime=898018169, downTime=898018169, deviceId=0, source=0x1002 }
08-06 17:26:41.765 30823 30823 D AndroidRuntime: Shutting down VM
08-06 17:26:41.794   512  2967 D audio_hw_primary: out_set_parameters: enter: usecase(1: low-latency-playback) kvpairs: routing=2
08-06 17:26:41.808   512  2967 D audio_hw_primary: select_devices: out_snd_device(2: speaker) in_snd_device(0: none)
08-06 17:26:41.808   512  2967 D msm8974_platform: platform_send_audio_calibration: sending audio calibration for snd_device(2) acdb_id(15)
08-06 17:26:41.808   512  2967 I soundtrigger: audio_extn_sound_trigger_update_device_status: device 0x2 of type 0 for Event 1
08-06 17:26:41.820   512  2967 D audio_hw_primary: enable_snd_device: snd_device(2: speaker)
08-06 17:26:41.823   512  2967 D audio_hw_primary: enable_audio_route: apply and update mixer path: low-latency-playback speaker
08-06 17:26:41.881 13866 13866 I GoogleInputMethodServic: GoogleInputMethodService.onFinishInput():3138 
08-06 17:26:41.882 13866 13866 I GoogleInputMethodServic: GoogleInputMethodService.onStartInput():1808 
08-06 17:26:41.995 28083 28159 I art     : Starting a blocking GC Explicit
08-06 17:26:42.050 28083 28159 I art     : Explicit concurrent mark sweep GC freed 4955(346KB) AllocSpace objects, 1(20KB) LOS objects, 24% free, 49MB/65MB, paused 2.256ms total 53.910ms
08-06 17:26:42.069 28083 28159 I art     : Starting a blocking GC Explicit
08-06 17:26:42.121 28083 28159 I art     : Explicit concurrent mark sweep GC freed 1796(89KB) AllocSpace objects, 1(220KB) LOS objects, 24% free, 49MB/65MB, paused 2.791ms total 51.464ms
08-06 17:26:42.139 28083 28159 I art     : Starting a blocking GC Explicit
08-06 17:26:42.191 28083 28159 I art     : Explicit concurrent mark sweep GC freed 47(1776B) AllocSpace objects, 0(0B) LOS objects, 24% free, 49MB/65MB, paused 2.571ms total 51.229ms
08-06 17:26:42.209 28083 28159 I art     : Starting a blocking GC Explicit
08-06 17:26:42.260 28083 28159 I art     : Explicit concurrent mark sweep GC freed 44(1680B) AllocSpace objects, 0(0B) LOS objects, 24% free, 49MB/65MB, paused 2.456ms total 50.841ms
08-06 17:26:42.280 28083 28159 I art     : Starting a blocking GC Explicit
08-06 17:26:42.332 28083 28159 I art     : Explicit concurrent mark sweep GC freed 45(1696B) AllocSpace objects, 0(0B) LOS objects, 24% free, 49MB/65MB, paused 2.500ms total 51.768ms
08-06 17:26:42.358   512  2967 D audio_hw_primary: disable_audio_route: reset and update mixer path: low-latency-playback speaker
08-06 17:26:42.360   512  2967 D audio_hw_primary: disable_snd_device: snd_device(2: speaker)
08-06 17:26:42.369   512  2967 I soundtrigger: audio_extn_sound_trigger_update_device_status: device 0x2 of type 0 for Event 0
08-06 17:26:42.720 28083 28614 I art     : Starting a blocking GC Explicit
08-06 17:26:42.740 28083 30857 I NAPPA_EXPERIMENTATION: MetricNetworkRequestExecutionTime: REQUEST_DURATION_SYSTEM='876',REQUEST_DURATION_OKHTTP='54',REQUEST_SYNCHRONOUS='TRUE',RESPONSE_CODE='200',RESPONSE_METHOD='GET',RESPONSE_LENGTH_OKHTTP='37507',RESPONSE_LENGTH_HEADER='37507',REQUEST_PROTOCOL='http/1.1',REQUEST_URL='https://gpodder.net/toplist/50.json',
08-06 17:26:42.757 28083 30858 I NAPPA_EXPERIMENTATION: MetricNetworkRequestExecutionTime: REQUEST_DURATION_SYSTEM='888',REQUEST_DURATION_OKHTTP='69',REQUEST_SYNCHRONOUS='TRUE',RESPONSE_CODE='200',RESPONSE_METHOD='GET',RESPONSE_LENGTH_OKHTTP='2923',RESPONSE_LENGTH_HEADER='2923',REQUEST_PROTOCOL='http/1.1',REQUEST_URL='https://gpodder.net/api/2/tags/50.json',
08-06 17:26:42.773 28083 28614 I art     : Explicit concurrent mark sweep GC freed 5115(241KB) AllocSpace objects, 1(20KB) LOS objects, 24% free, 49MB/65MB, paused 3.002ms total 52.647ms
08-06 17:26:42.795 28083 28614 I art     : Starting a blocking GC Explicit
08-06 17:26:42.846 28083 28614 I art     : Explicit concurrent mark sweep GC freed 4356(323KB) AllocSpace objects, 3(192KB) LOS objects, 24% free, 49MB/65MB, paused 2.683ms total 50.609ms
08-06 17:26:42.862 28083 28975 D ApOkHttpUrlLoader: buildLoadData() called with: model = [http://sixgun.org/files/linuxoutlaws.jpg], width = [224], height = [224]
08-06 17:26:42.864 28083 28814 D DBReader: getImageAuthentication() called with: imageUrl = [http://sixgun.org/files/linuxoutlaws.jpg]
08-06 17:26:42.864 28083 28614 I art     : Starting a blocking GC Explicit
08-06 17:26:42.872 28083 28814 D ApOkHttpUrlLoader: no credentials for 'http://sixgun.org/files/linuxoutlaws.jpg'
08-06 17:26:42.878 28083 28975 D ApOkHttpUrlLoader: buildLoadData() called with: model = [https://files.thisamericanlife.org/sites/all/themes/thislife/img/tal-name-1400x1400.png], width = [224], height = [224]
08-06 17:26:42.880 28083 28805 D DBReader: getImageAuthentication() called with: imageUrl = [https://files.thisamericanlife.org/sites/all/themes/thislife/img/tal-name-1400x1400.png]
08-06 17:26:42.884 28083 28805 D ApOkHttpUrlLoader: no credentials for 'https://files.thisamericanlife.org/sites/all/themes/thislife/img/tal-name-1400x1400.png'
08-06 17:26:42.886 28083 28975 D ApOkHttpUrlLoader: buildLoadData() called with: model = [https://elroy.twit.tv/sites/default/files/styles/twit_album_art_2048x2048/public/images/shows/floss_weekly/album_art/audio/floss_albumart_mask.jpg?itok=IUjxKpwt], width = [224], height = [224]
08-06 17:26:42.889 28083 28809 D DBReader: getImageAuthentication() called with: imageUrl = [https://elroy.twit.tv/sites/default/files/styles/twit_album_art_2048x2048/public/images/shows/floss_weekly/album_art/audio/floss_albumart_mask.jpg?itok=IUjxKpwt]
08-06 17:26:42.893 28083 28809 D ApOkHttpUrlLoader: no credentials for 'https://elroy.twit.tv/sites/default/files/styles/twit_album_art_2048x2048/public/images/shows/floss_weekly/album_art/audio/floss_albumart_mask.jpg?itok=IUjxKpwt'
08-06 17:26:42.897 28083 28975 D ApOkHttpUrlLoader: buildLoadData() called with: model = [http://ichef.bbci.co.uk/images/ic/3000x3000/p07kfvzb.jpg], width = [224], height = [224]
08-06 17:26:42.899 28083 28811 D DBReader: getImageAuthentication() called with: imageUrl = [http://ichef.bbci.co.uk/images/ic/3000x3000/p07kfvzb.jpg]
08-06 17:26:42.905 28083 28811 D ApOkHttpUrlLoader: no credentials for 'http://ichef.bbci.co.uk/images/ic/3000x3000/p07kfvzb.jpg'
08-06 17:26:42.907 28083 28975 D ApOkHttpUrlLoader: buildLoadData() called with: model = [https://pl.tedcdn.com/rss_feed_images/ted_talks_main_podcast/video.png], width = [224], height = [224]
08-06 17:26:42.911 28083 28813 D DBReader: getImageAuthentication() called with: imageUrl = [https://pl.tedcdn.com/rss_feed_images/ted_talks_main_podcast/video.png]
08-06 17:26:42.918 28083 28813 D ApOkHttpUrlLoader: no credentials for 'https://pl.tedcdn.com/rss_feed_images/ted_talks_main_podcast/video.png'
08-06 17:26:42.919 28083 28814 D DBWriter: updateFeedDownloadURL(original: http://sixgun.org/files/linuxoutlaws.jpg, updated: https://fab.industries/sixgun/files/linuxoutlaws.jpg)
08-06 17:26:42.919 28083 28614 I art     : Explicit concurrent mark sweep GC freed 1817(121KB) AllocSpace objects, 0(0B) LOS objects, 24% free, 49MB/65MB, paused 3.461ms total 54.755ms
08-06 17:26:42.923 28083 28975 D ApOkHttpUrlLoader: buildLoadData() called with: model = [https://elroy.twit.tv/sites/default/files/styles/twit_album_art_2048x2048/public/images/shows/this_week_in_tech/album_art/audio/twit1400audio.jpg?itok=J0vhatZb], width = [224], height = [224]
08-06 17:26:42.925 28083 28807 D DBReader: getImageAuthentication() called with: imageUrl = [https://elroy.twit.tv/sites/default/files/styles/twit_album_art_2048x2048/public/images/shows/this_week_in_tech/album_art/audio/twit1400audio.jpg?itok=J0vhatZb]
08-06 17:26:42.929 28083 28807 D ApOkHttpUrlLoader: no credentials for 'https://elroy.twit.tv/sites/default/files/styles/twit_album_art_2048x2048/public/images/shows/this_week_in_tech/album_art/audio/twit1400audio.jpg?itok=J0vhatZb'
08-06 17:26:42.936 28083 28975 D ApOkHttpUrlLoader: buildLoadData() called with: model = [http://ichef.bbci.co.uk/images/ic/3000x3000/p03gtk3j.jpg], width = [224], height = [224]
08-06 17:26:42.936 28083 28614 I art     : Starting a blocking GC Explicit
08-06 17:26:42.939 28083 28812 D DBReader: getImageAuthentication() called with: imageUrl = [http://ichef.bbci.co.uk/images/ic/3000x3000/p03gtk3j.jpg]
08-06 17:26:42.943 28083 28812 D ApOkHttpUrlLoader: no credentials for 'http://ichef.bbci.co.uk/images/ic/3000x3000/p03gtk3j.jpg'
08-06 17:26:42.963 28083 28811 D MYTAG   : interceptor 2a
08-06 17:26:42.963 28083 28811 I NAPPA_EXPERIMENTATION: MetricNetworkRequestExecutionTime: REQUEST_DURATION_SYSTEM='58',REQUEST_DURATION_OKHTTP='52',REQUEST_SYNCHRONOUS='TRUE',RESPONSE_CODE='200',RESPONSE_METHOD='GET',RESPONSE_LENGTH_OKHTTP='589826',RESPONSE_LENGTH_HEADER='589826',REQUEST_PROTOCOL='http/1.1',REQUEST_URL='http://ichef.bbci.co.uk/images/ic/3000x3000/p07kfvzb.jpg',
08-06 17:26:42.987 28083 28614 I art     : Explicit concurrent mark sweep GC freed 1969(153KB) AllocSpace objects, 0(0B) LOS objects, 24% free, 49MB/65MB, paused 2.481ms total 50.913ms
08-06 17:26:43.005 28083 28614 I art     : Starting a blocking GC Explicit
08-06 17:26:43.014 28083 28812 D MYTAG   : interceptor 2a
08-06 17:26:43.015 28083 28812 I NAPPA_EXPERIMENTATION: MetricNetworkRequestExecutionTime: REQUEST_DURATION_SYSTEM='71',REQUEST_DURATION_OKHTTP='66',REQUEST_SYNCHRONOUS='TRUE',RESPONSE_CODE='200',RESPONSE_METHOD='GET',RESPONSE_LENGTH_OKHTTP='814284',RESPONSE_LENGTH_HEADER='814284',REQUEST_PROTOCOL='http/1.1',REQUEST_URL='http://ichef.bbci.co.uk/images/ic/3000x3000/p03gtk3j.jpg',
08-06 17:26:43.059 28083 28614 I art     : Explicit concurrent mark sweep GC freed 556(39KB) AllocSpace objects, 0(0B) LOS objects, 24% free, 49MB/65MB, paused 2.943ms total 53.457ms
08-06 17:26:43.197 28083 28805 D MYTAG   : interceptor 2a
08-06 17:26:43.197 28083 28805 I NAPPA_EXPERIMENTATION: MetricNetworkRequestExecutionTime: REQUEST_DURATION_SYSTEM='313',REQUEST_DURATION_OKHTTP='56',REQUEST_SYNCHRONOUS='TRUE',RESPONSE_CODE='200',RESPONSE_METHOD='GET',RESPONSE_LENGTH_OKHTTP='52553',RESPONSE_LENGTH_HEADER='52553',REQUEST_PROTOCOL='http/1.1',REQUEST_URL='https://files.thisamericanlife.org/sites/all/themes/thislife/img/tal-name-1400x1400.png',
08-06 17:26:43.302 28083 28807 D MYTAG   : interceptor 2a
08-06 17:26:43.303 28083 28807 I NAPPA_EXPERIMENTATION: MetricNetworkRequestExecutionTime: REQUEST_DURATION_SYSTEM='373',REQUEST_DURATION_OKHTTP='187',REQUEST_SYNCHRONOUS='TRUE',RESPONSE_CODE='200',RESPONSE_METHOD='GET',RESPONSE_LENGTH_OKHTTP='465707',RESPONSE_LENGTH_HEADER='465707',REQUEST_PROTOCOL='h2',REQUEST_URL='https://elroy.twit.tv/sites/default/files/styles/twit_album_art_2048x2048/public/images/shows/this_week_in_tech/album_art/audio/twit1400audio.jpg?itok=J0vhatZb',
08-06 17:26:43.469 28083 28095 I art     : Starting a blocking GC Explicit
08-06 17:26:43.541 28083 28095 I art     : Explicit concurrent mark sweep GC freed 12258(633KB) AllocSpace objects, 1(20KB) LOS objects, 24% free, 50MB/66MB, paused 2.861ms total 71.362ms
08-06 17:26:43.562 28083 28095 I art     : Starting a blocking GC Explicit
08-06 17:26:43.620 28083 28095 I art     : Explicit concurrent mark sweep GC freed 650(21KB) AllocSpace objects, 0(0B) LOS objects, 24% free, 50MB/66MB, paused 2.992ms total 57.365ms
08-06 17:26:43.640 28083 28095 I art     : Starting a blocking GC Explicit
08-06 17:26:43.704 28083 28813 D MYTAG   : interceptor 2a
08-06 17:26:43.704 28083 28095 I art     : Explicit concurrent mark sweep GC freed 177(7KB) AllocSpace objects, 0(0B) LOS objects, 24% free, 50MB/66MB, paused 3.839ms total 63.760ms
08-06 17:26:43.704 28083 28814 D MYTAG   : interceptor 2a
08-06 17:26:43.705 28083 28814 I NAPPA_EXPERIMENTATION: MetricNetworkRequestExecutionTime: REQUEST_DURATION_SYSTEM='832',REQUEST_DURATION_OKHTTP='566',REQUEST_SYNCHRONOUS='TRUE',RESPONSE_CODE='404',RESPONSE_METHOD='GET',RESPONSE_LENGTH_OKHTTP='-1',RESPONSE_LENGTH_HEADER='1503',REQUEST_PROTOCOL='h2',REQUEST_URL='https://fab.industries/sixgun/files/linuxoutlaws.jpg',
08-06 17:26:43.710 28083 28813 I NAPPA_EXPERIMENTATION: MetricNetworkRequestExecutionTime: REQUEST_DURATION_SYSTEM='786',REQUEST_DURATION_OKHTTP='575',REQUEST_SYNCHRONOUS='TRUE',RESPONSE_CODE='200',RESPONSE_METHOD='GET',RESPONSE_LENGTH_OKHTTP='89986',RESPONSE_LENGTH_HEADER='89986',REQUEST_PROTOCOL='h2',REQUEST_URL='https://pl.tedcdn.com/rss_feed_images/ted_talks_main_podcast/video.png',
08-06 17:26:43.713 28083 28083 W Glide   : Load failed for http://sixgun.org/files/linuxoutlaws.jpg with size [224x224]
08-06 17:26:43.713 28083 28083 W Glide   : class com.bumptech.glide.load.engine.GlideException: Failed to load resource
08-06 17:26:43.713 28083 28083 W Glide   : There was 1 cause:
08-06 17:26:43.713 28083 28083 W Glide   : com.bumptech.glide.load.HttpException()
08-06 17:26:43.713 28083 28083 W Glide   :  call GlideException#logRootCauses(String) for more detail
08-06 17:26:43.713 28083 28083 W Glide   :   Cause (1 of 1): class com.bumptech.glide.load.engine.GlideException: Fetching data failed, class java.io.InputStream, REMOTE
08-06 17:26:43.713 28083 28083 W Glide   : There was 1 cause:
08-06 17:26:43.713 28083 28083 W Glide   : com.bumptech.glide.load.HttpException()
08-06 17:26:43.713 28083 28083 W Glide   :  call GlideException#logRootCauses(String) for more detail
08-06 17:26:43.713 28083 28083 W Glide   :     Cause (1 of 1): class com.bumptech.glide.load.HttpException: 
08-06 17:26:43.716 28083 28083 I Glide   : Root cause (1 of 1)
08-06 17:26:43.716 28083 28083 I Glide   : com.bumptech.glide.load.HttpException: 
08-06 17:26:43.716 28083 28083 I Glide   : 	at com.bumptech.glide.integration.okhttp3.OkHttpStreamFetcher.onResponse(OkHttpStreamFetcher.java:73)
08-06 17:26:43.716 28083 28083 I Glide   : 	at okhttp3.RealCall$AsyncCall.execute(RealCall.java:174)
08-06 17:26:43.716 28083 28083 I Glide   : 	at okhttp3.internal.NamedRunnable.run(NamedRunnable.java:32)
08-06 17:26:43.716 28083 28083 I Glide   : 	at java.util.concurrent.ThreadPoolExecutor.runWorker(ThreadPoolExecutor.java:1113)
08-06 17:26:43.716 28083 28083 I Glide   : 	at java.util.concurrent.ThreadPoolExecutor$Worker.run(ThreadPoolExecutor.java:588)
08-06 17:26:43.716 28083 28083 I Glide   : 	at java.lang.Thread.run(Thread.java:818)
08-06 17:26:43.718 28083 28083 W Glide   : Load failed for http://sixgun.org/files/linuxoutlaws.jpg with size [224x224]
08-06 17:26:43.718 28083 28083 W Glide   : class com.bumptech.glide.load.engine.GlideException: Failed to load resource
08-06 17:26:43.718 28083 28083 W Glide   : There was 1 cause:
08-06 17:26:43.718 28083 28083 W Glide   : com.bumptech.glide.load.HttpException()
08-06 17:26:43.718 28083 28083 W Glide   :  call GlideException#logRootCauses(String) for more detail
08-06 17:26:43.718 28083 28083 W Glide   :   Cause (1 of 1): class com.bumptech.glide.load.engine.GlideException: Fetching data failed, class java.io.InputStream, REMOTE
08-06 17:26:43.718 28083 28083 W Glide   : There was 1 cause:
08-06 17:26:43.718 28083 28083 W Glide   : com.bumptech.glide.load.HttpException()
08-06 17:26:43.718 28083 28083 W Glide   :  call GlideException#logRootCauses(String) for more detail
08-06 17:26:43.718 28083 28083 W Glide   :     Cause (1 of 1): class com.bumptech.glide.load.HttpException: 
08-06 17:26:43.718 28083 28083 I Glide   : Root cause (1 of 1)
08-06 17:26:43.718 28083 28083 I Glide   : com.bumptech.glide.load.HttpException: 
08-06 17:26:43.718 28083 28083 I Glide   : 	at com.bumptech.glide.integration.okhttp3.OkHttpStreamFetcher.onResponse(OkHttpStreamFetcher.java:73)
08-06 17:26:43.718 28083 28083 I Glide   : 	at okhttp3.RealCall$AsyncCall.execute(RealCall.java:174)
08-06 17:26:43.718 28083 28083 I Glide   : 	at okhttp3.internal.NamedRunnable.run(NamedRunnable.java:32)
08-06 17:26:43.718 28083 28083 I Glide   : 	at java.util.concurrent.ThreadPoolExecutor.runWorker(ThreadPoolExecutor.java:1113)
08-06 17:26:43.718 28083 28083 I Glide   : 	at java.util.concurrent.ThreadPoolExecutor$Worker.run(ThreadPoolExecutor.java:588)
08-06 17:26:43.718 28083 28083 I Glide   : 	at java.lang.Thread.run(Thread.java:818)
08-06 17:26:43.729 28083 28095 I art     : Starting a blocking GC Explicit
08-06 17:26:43.783 28083 28095 I art     : Explicit concurrent mark sweep GC freed 865(96KB) AllocSpace objects, 0(0B) LOS objects, 24% free, 50MB/66MB, paused 2.607ms total 53.962ms
08-06 17:26:43.802 28083 28095 I art     : Starting a blocking GC Explicit
08-06 17:26:43.809 28083 28809 D MYTAG   : interceptor 2a
08-06 17:26:43.809 28083 28809 I NAPPA_EXPERIMENTATION: MetricNetworkRequestExecutionTime: REQUEST_DURATION_SYSTEM='916',REQUEST_DURATION_OKHTTP='689',REQUEST_SYNCHRONOUS='TRUE',RESPONSE_CODE='200',RESPONSE_METHOD='GET',RESPONSE_LENGTH_OKHTTP='297964',RESPONSE_LENGTH_HEADER='297964',REQUEST_PROTOCOL='h2',REQUEST_URL='https://elroy.twit.tv/sites/default/files/styles/twit_album_art_2048x2048/public/images/shows/floss_weekly/album_art/audio/floss_albumart_mask.jpg?itok=IUjxKpwt',
08-06 17:26:43.865 28083 28095 I art     : Explicit concurrent mark sweep GC freed 439(78KB) AllocSpace objects, 0(0B) LOS objects, 23% free, 50MB/66MB, paused 2.566ms total 62.820ms
08-06 17:26:43.918 28083 28975 D ApOkHttpUrlLoader: buildLoadData() called with: model = [http://sixgun.org/files/linuxoutlaws.jpg], width = [224], height = [224]
08-06 17:26:43.919 28083 28809 D DBReader: getImageAuthentication() called with: imageUrl = [http://sixgun.org/files/linuxoutlaws.jpg]
08-06 17:26:43.923 28083 28809 D ApOkHttpUrlLoader: no credentials for 'http://sixgun.org/files/linuxoutlaws.jpg'
08-06 17:26:43.964 28083 28809 D DBWriter: updateFeedDownloadURL(original: http://sixgun.org/files/linuxoutlaws.jpg, updated: https://fab.industries/sixgun/files/linuxoutlaws.jpg)
08-06 17:26:44.107 28083 28809 D MYTAG   : interceptor 2a
08-06 17:26:44.108 28083 28809 I NAPPA_EXPERIMENTATION: MetricNetworkRequestExecutionTime: REQUEST_DURATION_SYSTEM='184',REQUEST_DURATION_OKHTTP='139',REQUEST_SYNCHRONOUS='TRUE',RESPONSE_CODE='404',RESPONSE_METHOD='GET',RESPONSE_LENGTH_OKHTTP='-1',RESPONSE_LENGTH_HEADER='1503',REQUEST_PROTOCOL='h2',REQUEST_URL='https://fab.industries/sixgun/files/linuxoutlaws.jpg',
08-06 17:26:44.119 28083 28083 W Glide   : Load failed for http://sixgun.org/files/linuxoutlaws.jpg with size [224x224]
08-06 17:26:44.119 28083 28083 W Glide   : class com.bumptech.glide.load.engine.GlideException: Failed to load resource
08-06 17:26:44.119 28083 28083 W Glide   : There was 1 cause:
08-06 17:26:44.119 28083 28083 W Glide   : com.bumptech.glide.load.HttpException()
08-06 17:26:44.119 28083 28083 W Glide   :  call GlideException#logRootCauses(String) for more detail
08-06 17:26:44.119 28083 28083 W Glide   :   Cause (1 of 1): class com.bumptech.glide.load.engine.GlideException: Fetching data failed, class java.io.InputStream, REMOTE
08-06 17:26:44.119 28083 28083 W Glide   : There was 1 cause:
08-06 17:26:44.119 28083 28083 W Glide   : com.bumptech.glide.load.HttpException()
08-06 17:26:44.119 28083 28083 W Glide   :  call GlideException#logRootCauses(String) for more detail
08-06 17:26:44.119 28083 28083 W Glide   :     Cause (1 of 1): class com.bumptech.glide.load.HttpException: 
08-06 17:26:44.119 28083 28083 I Glide   : Root cause (1 of 1)
08-06 17:26:44.119 28083 28083 I Glide   : com.bumptech.glide.load.HttpException: 
08-06 17:26:44.119 28083 28083 I Glide   : 	at com.bumptech.glide.integration.okhttp3.OkHttpStreamFetcher.onResponse(OkHttpStreamFetcher.java:73)
08-06 17:26:44.119 28083 28083 I Glide   : 	at okhttp3.RealCall$AsyncCall.execute(RealCall.java:174)
08-06 17:26:44.119 28083 28083 I Glide   : 	at okhttp3.internal.NamedRunnable.run(NamedRunnable.java:32)
08-06 17:26:44.119 28083 28083 I Glide   : 	at java.util.concurrent.ThreadPoolExecutor.runWorker(ThreadPoolExecutor.java:1113)
08-06 17:26:44.119 28083 28083 I Glide   : 	at java.util.concurrent.ThreadPoolExecutor$Worker.run(ThreadPoolExecutor.java:588)
08-06 17:26:44.119 28083 28083 I Glide   : 	at java.lang.Thread.run(Thread.java:818)
08-06 17:26:44.259 28083 28095 I art     : Starting a blocking GC Explicit
08-06 17:26:44.317 28083 28095 I art     : Explicit concurrent mark sweep GC freed 3274(274KB) AllocSpace objects, 1(20KB) LOS objects, 23% free, 50MB/66MB, paused 2.257ms total 57.468ms
08-06 17:26:44.341 28083 28095 I art     : Starting a blocking GC Explicit
08-06 17:26:44.402 28083 28095 I art     : Explicit concurrent mark sweep GC freed 123(4KB) AllocSpace objects, 0(0B) LOS objects, 23% free, 50MB/66MB, paused 2.738ms total 59.898ms
08-06 17:26:44.426 28083 28095 I art     : Starting a blocking GC Explicit
08-06 17:26:44.485 28083 28095 I art     : Explicit concurrent mark sweep GC freed 6(192B) AllocSpace objects, 0(0B) LOS objects, 23% free, 50MB/66MB, paused 3.890ms total 58.160ms
08-06 17:26:44.507 28083 28095 I art     : Starting a blocking GC Explicit
08-06 17:26:44.563 28083 28095 I art     : Explicit concurrent mark sweep GC freed 23(736B) AllocSpace objects, 0(0B) LOS objects, 23% free, 50MB/66MB, paused 2.590ms total 55.927ms
08-06 17:26:44.583 28083 28095 I art     : Starting a blocking GC Explicit
08-06 17:26:44.641 28083 28095 I art     : Explicit concurrent mark sweep GC freed 68(2064B) AllocSpace objects, 0(0B) LOS objects, 23% free, 50MB/66MB, paused 3.217ms total 57.190ms
08-06 17:26:45.057 28083 28159 I art     : Starting a blocking GC Explicit
08-06 17:26:45.125 28083 28159 I art     : Explicit concurrent mark sweep GC freed 1394(81KB) AllocSpace objects, 1(20KB) LOS objects, 23% free, 50MB/66MB, paused 2.868ms total 66.698ms
08-06 17:26:45.145 28083 28159 I art     : Starting a blocking GC Explicit
08-06 17:26:45.201 28083 28159 I art     : Explicit concurrent mark sweep GC freed 23(752B) AllocSpace objects, 0(0B) LOS objects, 23% free, 50MB/66MB, paused 2.377ms total 55.233ms
08-06 17:26:45.221 28083 28159 I art     : Starting a blocking GC Explicit
08-06 17:26:45.277 28083 28159 I art     : Explicit concurrent mark sweep GC freed 3(96B) AllocSpace objects, 0(0B) LOS objects, 23% free, 50MB/66MB, paused 2.229ms total 55.692ms
08-06 17:26:45.297 28083 28159 I art     : Starting a blocking GC Explicit
08-06 17:26:45.354 28083 28159 I art     : Explicit concurrent mark sweep GC freed 3(96B) AllocSpace objects, 0(0B) LOS objects, 23% free, 50MB/66MB, paused 2.589ms total 56.185ms
08-06 17:26:45.374 28083 28159 I art     : Starting a blocking GC Explicit
08-06 17:26:45.430 28083 28159 I art     : Explicit concurrent mark sweep GC freed 3(96B) AllocSpace objects, 0(0B) LOS objects, 23% free, 50MB/66MB, paused 2.349ms total 55.942ms
08-06 17:26:45.869 25638 25638 I ServiceManager: Waiting for service AtCmdFwd...
08-06 17:26:45.879 28083 30576 I art     : Starting a blocking GC Explicit
08-06 17:26:45.948 28083 30576 I art     : Explicit concurrent mark sweep GC freed 1410(81KB) AllocSpace objects, 1(20KB) LOS objects, 23% free, 50MB/66MB, paused 3.046ms total 67.989ms
08-06 17:26:45.969 28083 30576 I art     : Starting a blocking GC Explicit
08-06 17:26:46.024 28083 30576 I art     : Explicit concurrent mark sweep GC freed 33(1008B) AllocSpace objects, 0(0B) LOS objects, 23% free, 50MB/66MB, paused 2.271ms total 55.003ms
08-06 17:26:46.044 28083 30576 I art     : Starting a blocking GC Explicit
08-06 17:26:46.102 28083 30576 I art     : Explicit concurrent mark sweep GC freed 34(1888B) AllocSpace objects, 0(0B) LOS objects, 23% free, 50MB/66MB, paused 2.820ms total 57.134ms
08-06 17:26:46.126 28083 30576 I art     : Starting a blocking GC Explicit
08-06 17:26:46.184 28083 30576 I art     : Explicit concurrent mark sweep GC freed 9(320B) AllocSpace objects, 0(0B) LOS objects, 23% free, 50MB/66MB, paused 2.985ms total 57.624ms
08-06 17:26:46.208 28083 30576 I art     : Starting a blocking GC Explicit
08-06 17:26:46.267 28083 30576 I art     : Explicit concurrent mark sweep GC freed 3(96B) AllocSpace objects, 0(0B) LOS objects, 23% free, 50MB/66MB, paused 2.740ms total 58.329ms
08-06 17:26:46.701 28083 28096 I art     : Starting a blocking GC Explicit
08-06 17:26:46.769 28083 28096 I art     : Explicit concurrent mark sweep GC freed 1412(82KB) AllocSpace objects, 1(20KB) LOS objects, 23% free, 50MB/66MB, paused 2.753ms total 67.397ms
08-06 17:26:46.794 28083 28096 I art     : Starting a blocking GC Explicit
08-06 17:26:46.853 28083 28096 I art     : Explicit concurrent mark sweep GC freed 23(752B) AllocSpace objects, 0(0B) LOS objects, 23% free, 50MB/66MB, paused 2.613ms total 58.429ms
08-06 17:26:46.869 25638 25638 I ServiceManager: Waiting for service AtCmdFwd...
08-06 17:26:46.876 28083 28096 I art     : Starting a blocking GC Explicit
08-06 17:26:46.932 28083 28096 I art     : Explicit concurrent mark sweep GC freed 3(96B) AllocSpace objects, 0(0B) LOS objects, 23% free, 50MB/66MB, paused 2.333ms total 55.571ms
08-06 17:26:46.952 28083 28096 I art     : Starting a blocking GC Explicit
08-06 17:26:47.008 28083 28096 I art     : Explicit concurrent mark sweep GC freed 3(96B) AllocSpace objects, 0(0B) LOS objects, 23% free, 50MB/66MB, paused 2.389ms total 55.306ms
08-06 17:26:47.028 28083 28096 I art     : Starting a blocking GC Explicit
08-06 17:26:47.091 28083 28096 I art     : Explicit concurrent mark sweep GC freed 3(96B) AllocSpace objects, 0(0B) LOS objects, 23% free, 50MB/66MB, paused 3.062ms total 61.761ms
08-06 17:26:47.535 28083 28159 I art     : Starting a blocking GC Explicit
08-06 17:26:47.605 28083 28159 I art     : Explicit concurrent mark sweep GC freed 1381(81KB) AllocSpace objects, 1(20KB) LOS objects, 23% free, 50MB/66MB, paused 3.067ms total 67.941ms
08-06 17:26:47.627 28083 28159 I art     : Starting a blocking GC Explicit
08-06 17:26:47.689 28083 28159 I art     : Explicit concurrent mark sweep GC freed 52(1536B) AllocSpace objects, 0(0B) LOS objects, 23% free, 50MB/66MB, paused 2.780ms total 61.475ms
08-06 17:26:47.712 28083 28159 I art     : Starting a blocking GC Explicit
08-06 17:26:47.768 28083 28159 I art     : Explicit concurrent mark sweep GC freed 3(96B) AllocSpace objects, 0(0B) LOS objects, 23% free, 50MB/66MB, paused 2.359ms total 55.639ms
08-06 17:26:47.788 28083 28159 I art     : Starting a blocking GC Explicit
08-06 17:26:47.844 28083 28159 I art     : Explicit concurrent mark sweep GC freed 3(96B) AllocSpace objects, 0(0B) LOS objects, 23% free, 50MB/66MB, paused 2.265ms total 55.138ms
08-06 17:26:47.864 28083 28159 I art     : Starting a blocking GC Explicit
08-06 17:26:47.870 25638 25638 I ServiceManager: Waiting for service AtCmdFwd...
08-06 17:26:47.920 28083 28159 I art     : Explicit concurrent mark sweep GC freed 3(96B) AllocSpace objects, 0(0B) LOS objects, 23% free, 50MB/66MB, paused 2.295ms total 55.829ms
08-06 17:26:47.947   518   646 I ThermalEngine: ACTION: GPU - Setting GPU[0] to 450000000
08-06 17:26:48.274 28083 28095 I art     : Starting a blocking GC Explicit
08-06 17:26:48.321 28083 28095 I art     : Explicit concurrent mark sweep GC freed 1381(81KB) AllocSpace objects, 1(20KB) LOS objects, 23% free, 50MB/66MB, paused 1.661ms total 46.293ms
08-06 17:26:48.334 28083 28095 I art     : Starting a blocking GC Explicit
08-06 17:26:48.379 28083 28095 I art     : Explicit concurrent mark sweep GC freed 23(752B) AllocSpace objects, 0(0B) LOS objects, 23% free, 50MB/66MB, paused 1.773ms total 44.769ms
08-06 17:26:48.393 28083 28095 I art     : Starting a blocking GC Explicit
08-06 17:26:48.434 28083 28095 I art     : Explicit concurrent mark sweep GC freed 3(96B) AllocSpace objects, 0(0B) LOS objects, 23% free, 50MB/66MB, paused 1.497ms total 41.326ms
08-06 17:26:48.447 28083 28095 I art     : Starting a blocking GC Explicit
08-06 17:26:48.487 28083 28095 I art     : Explicit concurrent mark sweep GC freed 3(96B) AllocSpace objects, 0(0B) LOS objects, 23% free, 50MB/66MB, paused 1.560ms total 39.431ms
08-06 17:26:48.500 28083 28095 I art     : Starting a blocking GC Explicit
08-06 17:26:48.545 28083 28095 I art     : Explicit concurrent mark sweep GC freed 3(96B) AllocSpace objects, 0(0B) LOS objects, 23% free, 50MB/66MB, paused 1.565ms total 44.208ms
08-06 17:26:48.563 30938 30938 D AndroidRuntime: >>>>>> START com.android.internal.os.RuntimeInit uid 2000 <<<<<<
08-06 17:26:48.570 30938 30938 D AndroidRuntime: CheckJNI is OFF
08-06 17:26:48.614 30938 30938 D ICU     : No timezone override file found: /data/misc/zoneinfo/current/icu/icu_tzdata.dat
08-06 17:26:48.663 30938 30938 I Radio-JNI: register_android_hardware_Radio DONE
08-06 17:26:48.695 30938 30938 D AndroidRuntime: Calling main entry com.android.commands.input.Input
08-06 17:26:48.699 30938 30938 I Input   : injectMotionEvent: MotionEvent { action=ACTION_DOWN, actionButton=0, id[0]=0, x[0]=526.0, y[0]=597.0, toolType[0]=TOOL_TYPE_UNKNOWN, buttonState=0, metaState=0, flags=0x0, edgeFlags=0x0, pointerCount=1, historySize=0, eventTime=898025111, downTime=898025111, deviceId=0, source=0x1002 }
08-06 17:26:48.709 30938 30938 I Input   : injectMotionEvent: MotionEvent { action=ACTION_UP, actionButton=0, id[0]=0, x[0]=526.0, y[0]=597.0, toolType[0]=TOOL_TYPE_UNKNOWN, buttonState=0, metaState=0, flags=0x0, edgeFlags=0x0, pointerCount=1, historySize=0, eventTime=898025111, downTime=898025111, deviceId=0, source=0x1002 }
08-06 17:26:48.712 30938 30938 D AndroidRuntime: Shutting down VM
08-06 17:26:48.778 28083 28083 D PodcastListFragment: Selected podcast: GpodnetPodcast [url=http://feeds.feedburner.com/linuxoutlaws, title=Linux Outlaws, description=Two pragmatic geeks talk about the latest news concerning Linux, free and open
08-06 17:26:48.778 28083 28083 D PodcastListFragment: technology or anything else they deem noteworthy which may include such absurd
08-06 17:26:48.778 28083 28083 D PodcastListFragment: things as hockey or bands you never heard of. This means there's many a joke
08-06 17:26:48.778 28083 28083 D PodcastListFragment: and derailed conversation along the way, so don't come here expecting only
08-06 17:26:48.778 28083 28083 D PodcastListFragment: Linux or software freedom talk  just sit back and relax, partner., subscribers=3321, logoUrl=http://sixgun.org/files/linuxoutlaws.jpg, website=http://sixgun.org, mygpoLink=http://gpodder.net/podcast/linux-outlaws-mp3]
08-06 17:26:48.780   918  6029 I ActivityManager: START u0 {cmp=baseline.de.danoeh.antennapod.debug/baseline.de.danoeh.antennapod.activity.OnlineFeedViewActivity (has extras)} from uid 10711 on display 0
08-06 17:26:48.781   512  2967 D audio_hw_primary: out_set_parameters: enter: usecase(1: low-latency-playback) kvpairs: routing=2
08-06 17:26:48.794   512  2967 D audio_hw_primary: select_devices: out_snd_device(2: speaker) in_snd_device(0: none)
08-06 17:26:48.794   512  2967 D msm8974_platform: platform_send_audio_calibration: sending audio calibration for snd_device(2) acdb_id(15)
08-06 17:26:48.794   512  2967 I soundtrigger: audio_extn_sound_trigger_update_device_status: device 0x2 of type 0 for Event 1
08-06 17:26:48.809   512  2967 D audio_hw_primary: enable_snd_device: snd_device(2: speaker)
08-06 17:26:48.811   512  2967 D audio_hw_primary: enable_audio_route: apply and update mixer path: low-latency-playback speaker
08-06 17:26:48.819 28083 28083 D UserPreferences: Using default data folder
08-06 17:26:48.819 28083 28083 D OnlineFeedViewActivity: Activity was started with url http://feeds.feedburner.com/linuxoutlaws
08-06 17:26:48.823 28083 28083 D OnlineFeedViewActivity: Starting feed download
08-06 17:26:48.825 28083 28111 D DBReader: Extracting Feedlist
08-06 17:26:48.828   918  5481 D WifiService: acquireWifiLockLocked: WifiLock{Downloader type=1 binder=android.os.BinderProxy@befec8f}
08-06 17:26:48.829 28083 28111 D AntennapodHttpClient: Creating new instance of HTTP client
08-06 17:26:48.870 25638 25638 I ServiceManager: Waiting for service AtCmdFwd...
08-06 17:26:48.888 13866 13866 I GoogleInputMethodServic: GoogleInputMethodService.onFinishInput():3138 
08-06 17:26:48.889 13866 13866 I GoogleInputMethodServic: GoogleInputMethodService.onStartInput():1808 
08-06 17:26:48.908   918   936 I ActivityManager: Displayed baseline.de.danoeh.antennapod.debug/baseline.de.danoeh.antennapod.activity.OnlineFeedViewActivity: +115ms
08-06 17:26:48.919 28083 30576 I art     : Starting a blocking GC Explicit
08-06 17:26:48.945 28083 28104 D OpenGLRenderer: endAllStagingAnimators on 0x7f75db0000 (GridView) with handle 0x7f7e2db140
08-06 17:26:48.951 28083 28111 D MYTAG   : interceptor 3a http://feeds.feedburner.com/linuxoutlaws
08-06 17:26:48.951 28083 28111 I NAPPA_EXPERIMENTATION: MetricNetworkRequestExecutionTime: REQUEST_DURATION_SYSTEM='121',REQUEST_DURATION_OKHTTP='33',REQUEST_SYNCHRONOUS='TRUE',RESPONSE_CODE='200',RESPONSE_METHOD='GET',RESPONSE_LENGTH_OKHTTP='-1',RESPONSE_LENGTH_HEADER='-2',REQUEST_PROTOCOL='http/1.1',REQUEST_URL='http://feeds.feedburner.com/linuxoutlaws',
08-06 17:26:48.952 28083 28111 D HttpDownloader: Response code is 200
08-06 17:26:48.952 28083 28111 D UserPreferences: Using default data folder
08-06 17:26:48.954 28083 28111 D HttpDownloader: Getting size of download
08-06 17:26:48.954 28083 28111 D HttpDownloader: Size is -1
08-06 17:26:48.954 28083 28111 D UserPreferences: Using default data folder
08-06 17:26:48.955 28083 28111 D HttpDownloader: Free space is 20340613120
08-06 17:26:48.955 28083 28111 D HttpDownloader: Starting download
08-06 17:26:48.959 28083 28111 D HttpDownloader: Download was successful
08-06 17:26:48.959   918  3961 D WifiService: releaseWifiLockLocked: WifiLock{Downloader type=1 binder=android.os.BinderProxy@befec8f}
08-06 17:26:48.960 28083 28083 D OnlineFeedViewActivity: Parsing feed
08-06 17:26:48.963 28083 30972 D TypeGetter: Recognized type RSS 2.0
08-06 17:26:48.966 28083 30972 D SyndHandler: Recognized Content namespace
08-06 17:26:48.967 28083 30972 D SyndHandler: Recognized DublinCore namespace
08-06 17:26:48.967 28083 30576 I art     : Explicit concurrent mark sweep GC freed 3221(321KB) AllocSpace objects, 4(80KB) LOS objects, 23% free, 51MB/67MB, paused 1.694ms total 47.360ms
08-06 17:26:48.967 28083 30972 D SyndHandler: Recognized Atom namespace
08-06 17:26:48.968 28083 30972 D SyndHandler: Recognized ITunes namespace
08-06 17:26:48.968 28083 30972 D SyndHandler: Recognized media namespace
08-06 17:26:48.982 28083 30576 I art     : Starting a blocking GC Explicit
08-06 17:26:49.010 28083 30972 D OnlineFeedViewActivity: Deleted feed source file. Result: true
08-06 17:26:49.011 28083 28083 D OnlineFeedViewActivity: Removing HTML from shownotes
08-06 17:26:49.024 28083 30576 I art     : Explicit concurrent mark sweep GC freed 4328(565KB) AllocSpace objects, 12(768KB) LOS objects, 23% free, 51MB/67MB, paused 2.405ms total 42.153ms
08-06 17:26:49.038 28083 30576 I art     : Starting a blocking GC Explicit
08-06 17:26:49.042 28083 28975 D ApOkHttpUrlLoader: buildLoadData() called with: model = [http://sixgun.org/files/linuxoutlaws.jpg], width = [350], height = [350]
08-06 17:26:49.044 28083 28809 D DBReader: getImageAuthentication() called with: imageUrl = [http://sixgun.org/files/linuxoutlaws.jpg]
08-06 17:26:49.048 28083 28809 D ApOkHttpUrlLoader: no credentials for 'http://sixgun.org/files/linuxoutlaws.jpg'
08-06 17:26:49.078 28083 28809 D DBWriter: updateFeedDownloadURL(original: http://sixgun.org/files/linuxoutlaws.jpg, updated: https://fab.industries/sixgun/files/linuxoutlaws.jpg)
08-06 17:26:49.084 28083 30576 I art     : Explicit concurrent mark sweep GC freed 8407(448KB) AllocSpace objects, 0(0B) LOS objects, 23% free, 51MB/67MB, paused 2.027ms total 45.251ms
08-06 17:26:49.097 28083 30576 I art     : Starting a blocking GC Explicit
08-06 17:26:49.140 28083 30576 I art     : Explicit concurrent mark sweep GC freed 831(38KB) AllocSpace objects, 0(0B) LOS objects, 23% free, 51MB/67MB, paused 1.906ms total 42.916ms
08-06 17:26:49.155 28083 30576 I art     : Starting a blocking GC Explicit
08-06 17:26:49.156   380   380 W SurfaceFlinger: couldn't log to binary event log: overflow.
08-06 17:26:49.198 28083 30576 I art     : Explicit concurrent mark sweep GC freed 20(816B) AllocSpace objects, 0(0B) LOS objects, 23% free, 51MB/67MB, paused 1.563ms total 43.113ms
08-06 17:26:49.218 28083 28809 D MYTAG   : interceptor 2a
08-06 17:26:49.218 28083 28809 I NAPPA_EXPERIMENTATION: MetricNetworkRequestExecutionTime: REQUEST_DURATION_SYSTEM='170',REQUEST_DURATION_OKHTTP='136',REQUEST_SYNCHRONOUS='TRUE',RESPONSE_CODE='404',RESPONSE_METHOD='GET',RESPONSE_LENGTH_OKHTTP='-1',RESPONSE_LENGTH_HEADER='1503',REQUEST_PROTOCOL='h2',REQUEST_URL='https://fab.industries/sixgun/files/linuxoutlaws.jpg',
08-06 17:26:49.219 28083 28083 W Glide   : Load failed for http://sixgun.org/files/linuxoutlaws.jpg with size [350x350]
08-06 17:26:49.219 28083 28083 W Glide   : class com.bumptech.glide.load.engine.GlideException: Failed to load resource
08-06 17:26:49.219 28083 28083 W Glide   : There was 1 cause:
08-06 17:26:49.219 28083 28083 W Glide   : com.bumptech.glide.load.HttpException()
08-06 17:26:49.219 28083 28083 W Glide   :  call GlideException#logRootCauses(String) for more detail
08-06 17:26:49.219 28083 28083 W Glide   :   Cause (1 of 1): class com.bumptech.glide.load.engine.GlideException: Fetching data failed, class java.io.InputStream, REMOTE
08-06 17:26:49.219 28083 28083 W Glide   : There was 1 cause:
08-06 17:26:49.219 28083 28083 W Glide   : com.bumptech.glide.load.HttpException()
08-06 17:26:49.219 28083 28083 W Glide   :  call GlideException#logRootCauses(String) for more detail
08-06 17:26:49.219 28083 28083 W Glide   :     Cause (1 of 1): class com.bumptech.glide.load.HttpException: 
08-06 17:26:49.220 28083 28083 I Glide   : Root cause (1 of 1)
08-06 17:26:49.220 28083 28083 I Glide   : com.bumptech.glide.load.HttpException: 
08-06 17:26:49.220 28083 28083 I Glide   : 	at com.bumptech.glide.integration.okhttp3.OkHttpStreamFetcher.onResponse(OkHttpStreamFetcher.java:73)
08-06 17:26:49.220 28083 28083 I Glide   : 	at okhttp3.RealCall$AsyncCall.execute(RealCall.java:174)
08-06 17:26:49.220 28083 28083 I Glide   : 	at okhttp3.internal.NamedRunnable.run(NamedRunnable.java:32)
08-06 17:26:49.220 28083 28083 I Glide   : 	at java.util.concurrent.ThreadPoolExecutor.runWorker(ThreadPoolExecutor.java:1113)
08-06 17:26:49.220 28083 28083 I Glide   : 	at java.util.concurrent.ThreadPoolExecutor$Worker.run(ThreadPoolExecutor.java:588)
08-06 17:26:49.220 28083 28083 I Glide   : 	at java.lang.Thread.run(Thread.java:818)
08-06 17:26:49.299 28083 28083 D PlaybackController: Releasing PlaybackController
08-06 17:26:49.360   512  2967 D audio_hw_primary: disable_audio_route: reset and update mixer path: low-latency-playback speaker
08-06 17:26:49.361   512  2967 D audio_hw_primary: disable_snd_device: snd_device(2: speaker)
08-06 17:26:49.370   512  2967 I soundtrigger: audio_extn_sound_trigger_update_device_status: device 0x2 of type 0 for Event 0
08-06 17:26:49.567 28083 28095 I art     : Starting a blocking GC Explicit
08-06 17:26:49.625 28083 28095 I art     : Explicit concurrent mark sweep GC freed 2193(147KB) AllocSpace objects, 2(132KB) LOS objects, 23% free, 51MB/67MB, paused 1.661ms total 57.425ms
08-06 17:26:49.638 28083 28095 I art     : Starting a blocking GC Explicit
08-06 17:26:49.684 28083 28095 I art     : Explicit concurrent mark sweep GC freed 58(2032B) AllocSpace objects, 0(0B) LOS objects, 23% free, 51MB/67MB, paused 1.814ms total 45.992ms
08-06 17:26:49.698 28083 28095 I art     : Starting a blocking GC Explicit
08-06 17:26:49.744 28083 28095 I art     : Explicit concurrent mark sweep GC freed 3(96B) AllocSpace objects, 0(0B) LOS objects, 23% free, 51MB/67MB, paused 1.512ms total 45.541ms
08-06 17:26:49.757 28083 28095 I art     : Starting a blocking GC Explicit
08-06 17:26:49.804 28083 28095 I art     : Explicit concurrent mark sweep GC freed 3(96B) AllocSpace objects, 0(0B) LOS objects, 23% free, 51MB/67MB, paused 1.448ms total 45.951ms
08-06 17:26:49.817 28083 28095 I art     : Starting a blocking GC Explicit
08-06 17:26:49.863 28083 28095 I art     : Explicit concurrent mark sweep GC freed 3(96B) AllocSpace objects, 0(0B) LOS objects, 23% free, 51MB/67MB, paused 1.552ms total 45.918ms
08-06 17:26:49.870 25638 25638 I ServiceManager: Waiting for service AtCmdFwd...
08-06 17:26:49.956   518   646 I ThermalEngine: ACTION: GPU - Setting GPU[0] to 390000000
08-06 17:26:50.282 28083 28096 I art     : Starting a blocking GC Explicit
08-06 17:26:50.355 28083 28096 I art     : Explicit concurrent mark sweep GC freed 1381(81KB) AllocSpace objects, 1(20KB) LOS objects, 23% free, 51MB/67MB, paused 3.078ms total 71.485ms
08-06 17:26:50.378 28083 28096 I art     : Starting a blocking GC Explicit
08-06 17:26:50.437 28083 28096 I art     : Explicit concurrent mark sweep GC freed 23(752B) AllocSpace objects, 0(0B) LOS objects, 23% free, 51MB/67MB, paused 2.349ms total 58.711ms
08-06 17:26:50.458 28083 28096 I art     : Starting a blocking GC Explicit
08-06 17:26:50.516 28083 28096 I art     : Explicit concurrent mark sweep GC freed 3(96B) AllocSpace objects, 0(0B) LOS objects, 23% free, 51MB/67MB, paused 2.266ms total 58.219ms
08-06 17:26:50.537 28083 28096 I art     : Starting a blocking GC Explicit
08-06 17:26:50.595 28083 28096 I art     : Explicit concurrent mark sweep GC freed 3(96B) AllocSpace objects, 0(0B) LOS objects, 23% free, 51MB/67MB, paused 2.281ms total 57.784ms
08-06 17:26:50.616 28083 28096 I art     : Starting a blocking GC Explicit
08-06 17:26:50.687 28083 28096 I art     : Explicit concurrent mark sweep GC freed 39(1104B) AllocSpace objects, 0(0B) LOS objects, 23% free, 51MB/67MB, paused 2.626ms total 71.453ms
08-06 17:26:50.871 25638 25638 W Atfwd_Sendcmd: AtCmdFwd service not published, waiting... retryCnt : 1
08-06 17:26:51.104 28083 28095 I art     : Starting a blocking GC Explicit
08-06 17:26:51.155 28083 28095 I art     : Explicit concurrent mark sweep GC freed 1404(81KB) AllocSpace objects, 1(20KB) LOS objects, 23% free, 51MB/67MB, paused 2.265ms total 50.491ms
08-06 17:26:51.174 28083 28095 I art     : Starting a blocking GC Explicit
08-06 17:26:51.227 28083 28095 I art     : Explicit concurrent mark sweep GC freed 23(752B) AllocSpace objects, 0(0B) LOS objects, 23% free, 51MB/67MB, paused 2.172ms total 52.731ms
08-06 17:26:51.246 28083 28095 I art     : Starting a blocking GC Explicit
08-06 17:26:51.303 28083 28095 I art     : Explicit concurrent mark sweep GC freed 3(96B) AllocSpace objects, 0(0B) LOS objects, 23% free, 51MB/67MB, paused 2.566ms total 56.865ms
08-06 17:26:51.324 28083 28095 I art     : Starting a blocking GC Explicit
08-06 17:26:51.388 28083 28095 I art     : Explicit concurrent mark sweep GC freed 17(544B) AllocSpace objects, 0(0B) LOS objects, 23% free, 51MB/67MB, paused 2.768ms total 64.206ms
08-06 17:26:51.412 28083 28095 I art     : Starting a blocking GC Explicit
08-06 17:26:51.471 28083 28095 I art     : Explicit concurrent mark sweep GC freed 3(96B) AllocSpace objects, 0(0B) LOS objects, 23% free, 51MB/67MB, paused 2.334ms total 58.264ms
08-06 17:26:51.905 28083 30576 I art     : Starting a blocking GC Explicit
08-06 17:26:51.977 28083 30576 I art     : Explicit concurrent mark sweep GC freed 1410(81KB) AllocSpace objects, 1(20KB) LOS objects, 23% free, 51MB/67MB, paused 3.371ms total 71.557ms
08-06 17:26:51.999 28083 30576 I art     : Starting a blocking GC Explicit
08-06 17:26:52.057 28083 30576 I art     : Explicit concurrent mark sweep GC freed 23(752B) AllocSpace objects, 0(0B) LOS objects, 23% free, 51MB/67MB, paused 2.259ms total 57.453ms
08-06 17:26:52.077 28083 30576 I art     : Starting a blocking GC Explicit
08-06 17:26:52.137 28083 30576 I art     : Explicit concurrent mark sweep GC freed 3(96B) AllocSpace objects, 0(0B) LOS objects, 23% free, 51MB/67MB, paused 2.266ms total 59.079ms
08-06 17:26:52.157 28083 30576 I art     : Starting a blocking GC Explicit
08-06 17:26:52.216 28083 30576 I art     : Explicit concurrent mark sweep GC freed 3(96B) AllocSpace objects, 0(0B) LOS objects, 23% free, 51MB/67MB, paused 2.802ms total 58.170ms
08-06 17:26:52.236 28083 30576 I art     : Starting a blocking GC Explicit
08-06 17:26:52.302 28083 30576 I art     : Explicit concurrent mark sweep GC freed 3(96B) AllocSpace objects, 0(0B) LOS objects, 23% free, 51MB/67MB, paused 3.173ms total 65.148ms
08-06 17:26:52.731 28083 28159 I art     : Starting a blocking GC Explicit
08-06 17:26:52.809 28083 28159 I art     : Explicit concurrent mark sweep GC freed 1410(81KB) AllocSpace objects, 1(20KB) LOS objects, 23% free, 51MB/67MB, paused 2.669ms total 77.520ms
08-06 17:26:52.831 28083 28159 I art     : Starting a blocking GC Explicit
08-06 17:26:52.897 28083 28159 I art     : Explicit concurrent mark sweep GC freed 23(752B) AllocSpace objects, 0(0B) LOS objects, 23% free, 51MB/67MB, paused 3.219ms total 64.309ms
08-06 17:26:52.920 28083 28159 I art     : Starting a blocking GC Explicit
08-06 17:26:52.957   518   646 I ThermalEngine: ACTION: GPU - Setting GPU[0] to 450000000
08-06 17:26:52.976 28083 28159 I art     : Explicit concurrent mark sweep GC freed 3(96B) AllocSpace objects, 0(0B) LOS objects, 23% free, 51MB/67MB, paused 1.628ms total 56.042ms
08-06 17:26:52.990 28083 28159 I art     : Starting a blocking GC Explicit
08-06 17:26:53.033 28083 28159 I art     : Explicit concurrent mark sweep GC freed 3(96B) AllocSpace objects, 0(0B) LOS objects, 23% free, 51MB/67MB, paused 1.576ms total 42.516ms
08-06 17:26:53.046 28083 28159 I art     : Starting a blocking GC Explicit
08-06 17:26:53.091 28083 28159 I art     : Explicit concurrent mark sweep GC freed 3(96B) AllocSpace objects, 0(0B) LOS objects, 23% free, 51MB/67MB, paused 1.691ms total 44.636ms
08-06 17:26:53.481 28083 28614 I art     : Starting a blocking GC Explicit
08-06 17:26:53.493 31023 31023 D AndroidRuntime: >>>>>> START com.android.internal.os.RuntimeInit uid 2000 <<<<<<
08-06 17:26:53.499 31023 31023 D AndroidRuntime: CheckJNI is OFF
08-06 17:26:53.531 28083 28614 I art     : Explicit concurrent mark sweep GC freed 1383(84KB) AllocSpace objects, 1(20KB) LOS objects, 23% free, 51MB/67MB, paused 1.658ms total 49.509ms
08-06 17:26:53.545 28083 28614 I art     : Starting a blocking GC Explicit
08-06 17:26:53.547 31023 31023 D ICU     : No timezone override file found: /data/misc/zoneinfo/current/icu/icu_tzdata.dat
08-06 17:26:53.591 28083 28614 I art     : Explicit concurrent mark sweep GC freed 23(752B) AllocSpace objects, 0(0B) LOS objects, 23% free, 51MB/67MB, paused 1.663ms total 45.682ms
08-06 17:26:53.594 31023 31023 I Radio-JNI: register_android_hardware_Radio DONE
08-06 17:26:53.604 28083 28614 I art     : Starting a blocking GC Explicit
08-06 17:26:53.624 31023 31023 D AndroidRuntime: Calling main entry com.android.commands.input.Input
08-06 17:26:53.626 31023 31023 I Input   : injectKeyEvent: KeyEvent { action=ACTION_DOWN, keyCode=KEYCODE_BACK, scanCode=0, metaState=0, flags=0x0, repeatCount=0, eventTime=898030039, downTime=898030039, deviceId=-1, source=0x101 }
08-06 17:26:53.633 31023 31023 I Input   : injectKeyEvent: KeyEvent { action=ACTION_UP, keyCode=KEYCODE_BACK, scanCode=0, metaState=0, flags=0x0, repeatCount=0, eventTime=898030039, downTime=898030039, deviceId=-1, source=0x101 }
08-06 17:26:53.639 31023 31023 D AndroidRuntime: Shutting down VM
08-06 17:26:53.647 28083 28083 V PlaybackController: initServiceNotRunning()
08-06 17:26:53.647 28083 28083 D ExternalPlayerFragment: Loading media info
08-06 17:26:53.647 28083 28614 I art     : Explicit concurrent mark sweep GC freed 54(1872B) AllocSpace objects, 0(0B) LOS objects, 23% free, 51MB/67MB, paused 1.764ms total 43.223ms
08-06 17:26:53.648 28083 28975 D ApOkHttpUrlLoader: buildLoadData() called with: model = [http://sixgun.org/files/linuxoutlaws.jpg], width = [224], height = [224]
08-06 17:26:53.649 28083 28809 D DBReader: getImageAuthentication() called with: imageUrl = [http://sixgun.org/files/linuxoutlaws.jpg]
08-06 17:26:53.652 28083 28809 D ApOkHttpUrlLoader: no credentials for 'http://sixgun.org/files/linuxoutlaws.jpg'
08-06 17:26:53.654 28083 28083 D UserPreferences: Using default data folder
08-06 17:26:53.654 28083 28111 D DBReader: getNavDrawerData() called with: 
08-06 17:26:53.661 28083 28614 I art     : Starting a blocking GC Explicit
08-06 17:26:53.671 28083 28111 D DBReader: getDownloadedItems() called
08-06 17:26:53.672 28083 28111 D DBReader: getFavoriteIDList() called
08-06 17:26:53.673 28083 28111 D DBReader: getQueueIDList() called
08-06 17:26:53.674 28083 28111 D DBReader: Extracting Feedlist
08-06 17:26:53.684 13866 13866 I GoogleInputMethodServic: GoogleInputMethodService.onFinishInput():3138 
08-06 17:26:53.685 13866 13866 I GoogleInputMethodServic: GoogleInputMethodService.onStartInput():1808 
08-06 17:26:53.704 28083 28614 I art     : Explicit concurrent mark sweep GC freed 919(65KB) AllocSpace objects, 0(0B) LOS objects, 23% free, 51MB/67MB, paused 1.676ms total 42.234ms
08-06 17:26:53.705 28083 28083 D MainActivity: getLastNavFragment() -> AddFeedFragment
08-06 17:26:53.716 28083 28614 I art     : Starting a blocking GC Explicit
08-06 17:26:53.757 28083 28614 I art     : Explicit concurrent mark sweep GC freed 860(40KB) AllocSpace objects, 0(0B) LOS objects, 23% free, 51MB/67MB, paused 1.667ms total 41.006ms
08-06 17:26:53.763 28083 28809 D DBWriter: updateFeedDownloadURL(original: http://sixgun.org/files/linuxoutlaws.jpg, updated: https://fab.industries/sixgun/files/linuxoutlaws.jpg)
08-06 17:26:53.906 28083 28809 D MYTAG   : interceptor 2a
08-06 17:26:53.906 28083 28809 I NAPPA_EXPERIMENTATION: MetricNetworkRequestExecutionTime: REQUEST_DURATION_SYSTEM='253',REQUEST_DURATION_OKHTTP='139',REQUEST_SYNCHRONOUS='TRUE',RESPONSE_CODE='404',RESPONSE_METHOD='GET',RESPONSE_LENGTH_OKHTTP='-1',RESPONSE_LENGTH_HEADER='1503',REQUEST_PROTOCOL='h2',REQUEST_URL='https://fab.industries/sixgun/files/linuxoutlaws.jpg',
08-06 17:26:53.907 28083 28083 W Glide   : Load failed for http://sixgun.org/files/linuxoutlaws.jpg with size [224x224]
08-06 17:26:53.907 28083 28083 W Glide   : class com.bumptech.glide.load.engine.GlideException: Failed to load resource
08-06 17:26:53.907 28083 28083 W Glide   : There was 1 cause:
08-06 17:26:53.907 28083 28083 W Glide   : com.bumptech.glide.load.HttpException()
08-06 17:26:53.907 28083 28083 W Glide   :  call GlideException#logRootCauses(String) for more detail
08-06 17:26:53.907 28083 28083 W Glide   :   Cause (1 of 1): class com.bumptech.glide.load.engine.GlideException: Fetching data failed, class java.io.InputStream, REMOTE
08-06 17:26:53.907 28083 28083 W Glide   : There was 1 cause:
08-06 17:26:53.907 28083 28083 W Glide   : com.bumptech.glide.load.HttpException()
08-06 17:26:53.907 28083 28083 W Glide   :  call GlideException#logRootCauses(String) for more detail
08-06 17:26:53.907 28083 28083 W Glide   :     Cause (1 of 1): class com.bumptech.glide.load.HttpException: 
08-06 17:26:53.907 28083 28083 I Glide   : Root cause (1 of 1)
08-06 17:26:53.907 28083 28083 I Glide   : com.bumptech.glide.load.HttpException: 
08-06 17:26:53.907 28083 28083 I Glide   : 	at com.bumptech.glide.integration.okhttp3.OkHttpStreamFetcher.onResponse(OkHttpStreamFetcher.java:73)
08-06 17:26:53.907 28083 28083 I Glide   : 	at okhttp3.RealCall$AsyncCall.execute(RealCall.java:174)
08-06 17:26:53.907 28083 28083 I Glide   : 	at okhttp3.internal.NamedRunnable.run(NamedRunnable.java:32)
08-06 17:26:53.907 28083 28083 I Glide   : 	at java.util.concurrent.ThreadPoolExecutor.runWorker(ThreadPoolExecutor.java:1113)
08-06 17:26:53.907 28083 28083 I Glide   : 	at java.util.concurrent.ThreadPoolExecutor$Worker.run(ThreadPoolExecutor.java:588)
08-06 17:26:53.907 28083 28083 I Glide   : 	at java.lang.Thread.run(Thread.java:818)
08-06 17:26:53.908 28083 28083 W Glide   : Load failed for http://sixgun.org/files/linuxoutlaws.jpg with size [224x224]
08-06 17:26:53.908 28083 28083 W Glide   : class com.bumptech.glide.load.engine.GlideException: Failed to load resource
08-06 17:26:53.908 28083 28083 W Glide   : There was 1 cause:
08-06 17:26:53.908 28083 28083 W Glide   : com.bumptech.glide.load.HttpException()
08-06 17:26:53.908 28083 28083 W Glide   :  call GlideException#logRootCauses(String) for more detail
08-06 17:26:53.908 28083 28083 W Glide   :   Cause (1 of 1): class com.bumptech.glide.load.engine.GlideException: Fetching data failed, class java.io.InputStream, REMOTE
08-06 17:26:53.908 28083 28083 W Glide   : There was 1 cause:
08-06 17:26:53.908 28083 28083 W Glide   : com.bumptech.glide.load.HttpException()
08-06 17:26:53.908 28083 28083 W Glide   :  call GlideException#logRootCauses(String) for more detail
08-06 17:26:53.908 28083 28083 W Glide   :     Cause (1 of 1): class com.bumptech.glide.load.HttpException: 
08-06 17:26:53.908 28083 28083 I Glide   : Root cause (1 of 1)
08-06 17:26:53.908 28083 28083 I Glide   : com.bumptech.glide.load.HttpException: 
08-06 17:26:53.908 28083 28083 I Glide   : 	at com.bumptech.glide.integration.okhttp3.OkHttpStreamFetcher.onResponse(OkHttpStreamFetcher.java:73)
08-06 17:26:53.908 28083 28083 I Glide   : 	at okhttp3.RealCall$AsyncCall.execute(RealCall.java:174)
08-06 17:26:53.908 28083 28083 I Glide   : 	at okhttp3.internal.NamedRunnable.run(NamedRunnable.java:32)
08-06 17:26:53.908 28083 28083 I Glide   : 	at java.util.concurrent.ThreadPoolExecutor.runWorker(ThreadPoolExecutor.java:1113)
08-06 17:26:53.908 28083 28083 I Glide   : 	at java.util.concurrent.ThreadPoolExecutor$Worker.run(ThreadPoolExecutor.java:588)
08-06 17:26:53.908 28083 28083 I Glide   : 	at java.lang.Thread.run(Thread.java:818)
08-06 17:26:53.977   380   380 W SurfaceFlinger: couldn't log to binary event log: overflow.
08-06 17:26:54.092 28083 28095 I art     : Starting a blocking GC Explicit
08-06 17:26:54.148 28083 28095 I art     : Explicit concurrent mark sweep GC freed 2935(206KB) AllocSpace objects, 1(20KB) LOS objects, 23% free, 51MB/67MB, paused 1.628ms total 55.545ms
08-06 17:26:54.165 28083 28095 I art     : Starting a blocking GC Explicit
08-06 17:26:54.211 28083 28095 I art     : Explicit concurrent mark sweep GC freed 2901(237KB) AllocSpace objects, 1(28KB) LOS objects, 23% free, 50MB/66MB, paused 1.630ms total 44.888ms
08-06 17:26:54.224 28083 28095 I art     : Starting a blocking GC Explicit
08-06 17:26:54.269 28083 28095 I art     : Explicit concurrent mark sweep GC freed 3(96B) AllocSpace objects, 0(0B) LOS objects, 23% free, 50MB/66MB, paused 1.668ms total 45.001ms
08-06 17:26:54.283 28083 28095 I art     : Starting a blocking GC Explicit
08-06 17:26:54.327 28083 28095 I art     : Explicit concurrent mark sweep GC freed 3(96B) AllocSpace objects, 0(0B) LOS objects, 23% free, 50MB/66MB, paused 1.581ms total 43.858ms
08-06 17:26:54.340 28083 28095 I art     : Starting a blocking GC Explicit
08-06 17:26:54.384 28083 28095 I art     : Explicit concurrent mark sweep GC freed 3(96B) AllocSpace objects, 0(0B) LOS objects, 23% free, 50MB/66MB, paused 1.540ms total 43.938ms
08-06 17:26:54.762 28083 28159 I art     : Starting a blocking GC Explicit
08-06 17:26:54.818 28083 28159 I art     : Explicit concurrent mark sweep GC freed 1412(82KB) AllocSpace objects, 1(20KB) LOS objects, 23% free, 50MB/66MB, paused 1.786ms total 56.284ms
08-06 17:26:54.833 28083 28159 I art     : Starting a blocking GC Explicit
08-06 17:26:54.877 28083 28159 I art     : Explicit concurrent mark sweep GC freed 23(752B) AllocSpace objects, 0(0B) LOS objects, 23% free, 50MB/66MB, paused 1.492ms total 43.513ms
08-06 17:26:54.890 28083 28159 I art     : Starting a blocking GC Explicit
08-06 17:26:54.931 28083 28159 I art     : Explicit concurrent mark sweep GC freed 3(96B) AllocSpace objects, 0(0B) LOS objects, 23% free, 50MB/66MB, paused 1.567ms total 41.024ms
08-06 17:26:54.944 28083 28159 I art     : Starting a blocking GC Explicit
08-06 17:26:54.985 28083 28159 I art     : Explicit concurrent mark sweep GC freed 3(96B) AllocSpace objects, 0(0B) LOS objects, 23% free, 50MB/66MB, paused 1.562ms total 41.379ms
08-06 17:26:54.998 28083 28159 I art     : Starting a blocking GC Explicit
08-06 17:26:55.041 28083 28159 I art     : Explicit concurrent mark sweep GC freed 3(96B) AllocSpace objects, 0(0B) LOS objects, 23% free, 50MB/66MB, paused 1.560ms total 42.653ms
08-06 17:26:55.400 28083 28095 I art     : Starting a blocking GC Explicit
08-06 17:26:55.427 31067 31067 D AndroidRuntime: >>>>>> START com.android.internal.os.RuntimeInit uid 2000 <<<<<<
08-06 17:26:55.433 31067 31067 D AndroidRuntime: CheckJNI is OFF
08-06 17:26:55.446 28083 28095 I art     : Explicit concurrent mark sweep GC freed 1421(82KB) AllocSpace objects, 1(20KB) LOS objects, 23% free, 50MB/66MB, paused 1.477ms total 45.539ms
08-06 17:26:55.460 28083 28095 I art     : Starting a blocking GC Explicit
08-06 17:26:55.479 31067 31067 D ICU     : No timezone override file found: /data/misc/zoneinfo/current/icu/icu_tzdata.dat
08-06 17:26:55.502 28083 28095 I art     : Explicit concurrent mark sweep GC freed 39(1264B) AllocSpace objects, 0(0B) LOS objects, 23% free, 50MB/66MB, paused 1.581ms total 41.831ms
08-06 17:26:55.514 28083 28095 I art     : Starting a blocking GC Explicit
08-06 17:26:55.520 31067 31067 I Radio-JNI: register_android_hardware_Radio DONE
08-06 17:26:55.549 31067 31067 D AndroidRuntime: Calling main entry com.android.commands.input.Input
08-06 17:26:55.551 31067 31067 I Input   : injectMotionEvent: MotionEvent { action=ACTION_DOWN, actionButton=0, id[0]=0, x[0]=526.0, y[0]=597.0, toolType[0]=TOOL_TYPE_UNKNOWN, buttonState=0, metaState=0, flags=0x0, edgeFlags=0x0, pointerCount=1, historySize=0, eventTime=898031963, downTime=898031963, deviceId=0, source=0x1002 }
08-06 17:26:55.555 28083 28095 I art     : Explicit concurrent mark sweep GC freed 4(128B) AllocSpace objects, 0(0B) LOS objects, 23% free, 50MB/66MB, paused 1.595ms total 40.294ms
08-06 17:26:55.557 31067 31067 I Input   : injectMotionEvent: MotionEvent { action=ACTION_UP, actionButton=0, id[0]=0, x[0]=526.0, y[0]=597.0, toolType[0]=TOOL_TYPE_UNKNOWN, buttonState=0, metaState=0, flags=0x0, edgeFlags=0x0, pointerCount=1, historySize=0, eventTime=898031963, downTime=898031963, deviceId=0, source=0x1002 }
08-06 17:26:55.559 31067 31067 D AndroidRuntime: Shutting down VM
08-06 17:26:55.567 28083 28095 I art     : Starting a blocking GC Explicit
08-06 17:26:55.607 28083 28095 I art     : Explicit concurrent mark sweep GC freed 49(1568B) AllocSpace objects, 0(0B) LOS objects, 23% free, 50MB/66MB, paused 1.395ms total 39.453ms
08-06 17:26:55.620 28083 28095 I art     : Starting a blocking GC Explicit
08-06 17:26:55.623 28083 28083 D PodcastListFragment: Selected podcast: GpodnetPodcast [url=http://feeds.feedburner.com/linuxoutlaws, title=Linux Outlaws, description=Two pragmatic geeks talk about the latest news concerning Linux, free and open
08-06 17:26:55.623 28083 28083 D PodcastListFragment: technology or anything else they deem noteworthy which may include such absurd
08-06 17:26:55.623 28083 28083 D PodcastListFragment: things as hockey or bands you never heard of. This means there's many a joke
08-06 17:26:55.623 28083 28083 D PodcastListFragment: and derailed conversation along the way, so don't come here expecting only
08-06 17:26:55.623 28083 28083 D PodcastListFragment: Linux or software freedom talk  just sit back and relax, partner., subscribers=3321, logoUrl=http://sixgun.org/files/linuxoutlaws.jpg, website=http://sixgun.org, mygpoLink=http://gpodder.net/podcast/linux-outlaws-mp3]
08-06 17:26:55.625   512  2967 D audio_hw_primary: out_set_parameters: enter: usecase(1: low-latency-playback) kvpairs: routing=2
08-06 17:26:55.625   918  6112 I ActivityManager: START u0 {cmp=baseline.de.danoeh.antennapod.debug/baseline.de.danoeh.antennapod.activity.OnlineFeedViewActivity (has extras)} from uid 10711 on display 0
08-06 17:26:55.638   512  2967 D audio_hw_primary: select_devices: out_snd_device(2: speaker) in_snd_device(0: none)
08-06 17:26:55.638   512  2967 D msm8974_platform: platform_send_audio_calibration: sending audio calibration for snd_device(2) acdb_id(15)
08-06 17:26:55.639   512  2967 I soundtrigger: audio_extn_sound_trigger_update_device_status: device 0x2 of type 0 for Event 1
08-06 17:26:55.649   512  2967 D audio_hw_primary: enable_snd_device: snd_device(2: speaker)
08-06 17:26:55.651   512  2967 D audio_hw_primary: enable_audio_route: apply and update mixer path: low-latency-playback speaker
08-06 17:26:55.660 28083 28083 D UserPreferences: Using default data folder
08-06 17:26:55.660 28083 28083 D OnlineFeedViewActivity: Activity was started with url http://feeds.feedburner.com/linuxoutlaws
08-06 17:26:55.664 28083 28095 I art     : Explicit concurrent mark sweep GC freed 690(44KB) AllocSpace objects, 0(0B) LOS objects, 23% free, 50MB/66MB, paused 2.003ms total 43.709ms
08-06 17:26:55.666 28083 28083 D OnlineFeedViewActivity: Starting feed download
08-06 17:26:55.669 28083 28602 D DBReader: Extracting Feedlist
08-06 17:26:55.672   918  3714 D WifiService: acquireWifiLockLocked: WifiLock{Downloader type=1 binder=android.os.BinderProxy@8b14fe4}
08-06 17:26:55.673 28083 28602 D AntennapodHttpClient: Creating new instance of HTTP client
08-06 17:26:55.724 13866 13866 I GoogleInputMethodServic: GoogleInputMethodService.onFinishInput():3138 
08-06 17:26:55.724 13866 13866 I GoogleInputMethodServic: GoogleInputMethodService.onStartInput():1808 
08-06 17:26:55.744   918   936 I ActivityManager: Displayed baseline.de.danoeh.antennapod.debug/baseline.de.danoeh.antennapod.activity.OnlineFeedViewActivity: +109ms
08-06 17:26:55.765 28083 28104 D OpenGLRenderer: endAllStagingAnimators on 0x7f75db0000 (GridView) with handle 0x7f75d738c0
08-06 17:26:55.871 25638 25638 I ServiceManager: Waiting for service AtCmdFwd...
08-06 17:26:55.915 28083 28602 D MYTAG   : interceptor 3a http://feeds.feedburner.com/linuxoutlaws
08-06 17:26:55.915 28083 28602 I NAPPA_EXPERIMENTATION: MetricNetworkRequestExecutionTime: REQUEST_DURATION_SYSTEM='241',REQUEST_DURATION_OKHTTP='34',REQUEST_SYNCHRONOUS='TRUE',RESPONSE_CODE='200',RESPONSE_METHOD='GET',RESPONSE_LENGTH_OKHTTP='-1',RESPONSE_LENGTH_HEADER='-2',REQUEST_PROTOCOL='http/1.1',REQUEST_URL='http://feeds.feedburner.com/linuxoutlaws',
08-06 17:26:55.915 28083 28602 D HttpDownloader: Response code is 200
08-06 17:26:55.915 28083 28602 D UserPreferences: Using default data folder
08-06 17:26:55.919 28083 28602 D HttpDownloader: Getting size of download
08-06 17:26:55.919 28083 28602 D HttpDownloader: Size is -1
08-06 17:26:55.919 28083 28602 D UserPreferences: Using default data folder
08-06 17:26:55.919 28083 28602 D HttpDownloader: Free space is 20340609024
08-06 17:26:55.919 28083 28602 D HttpDownloader: Starting download
08-06 17:26:55.924 28083 28602 D HttpDownloader: Download was successful
08-06 17:26:55.925   918  3359 D WifiService: releaseWifiLockLocked: WifiLock{Downloader type=1 binder=android.os.BinderProxy@8b14fe4}
08-06 17:26:55.925 28083 28083 D OnlineFeedViewActivity: Parsing feed
08-06 17:26:55.931 28083 31101 D TypeGetter: Recognized type RSS 2.0
08-06 17:26:55.933 28083 31101 D SyndHandler: Recognized Content namespace
08-06 17:26:55.934 28083 31101 D SyndHandler: Recognized DublinCore namespace
08-06 17:26:55.934 28083 31101 D SyndHandler: Recognized Atom namespace
08-06 17:26:55.934 28083 31101 D SyndHandler: Recognized ITunes namespace
08-06 17:26:55.934 28083 31101 D SyndHandler: Recognized media namespace
08-06 17:26:55.978 28083 31101 D OnlineFeedViewActivity: Deleted feed source file. Result: true
08-06 17:26:55.980 28083 28083 D OnlineFeedViewActivity: Removing HTML from shownotes
08-06 17:26:55.997   380   380 W SurfaceFlinger: couldn't log to binary event log: overflow.
08-06 17:26:56.007 28083 28975 D ApOkHttpUrlLoader: buildLoadData() called with: model = [http://sixgun.org/files/linuxoutlaws.jpg], width = [350], height = [350]
08-06 17:26:56.009 28083 28809 D DBReader: getImageAuthentication() called with: imageUrl = [http://sixgun.org/files/linuxoutlaws.jpg]
08-06 17:26:56.016 28083 28809 D ApOkHttpUrlLoader: no credentials for 'http://sixgun.org/files/linuxoutlaws.jpg'
08-06 17:26:56.019 28083 30576 I art     : Starting a blocking GC Explicit
08-06 17:26:56.059 28083 30576 I art     : Explicit concurrent mark sweep GC freed 7709(897KB) AllocSpace objects, 15(828KB) LOS objects, 23% free, 51MB/67MB, paused 1.621ms total 40.666ms
08-06 17:26:56.072 28083 30576 I art     : Starting a blocking GC Explicit
08-06 17:26:56.105 28083 28809 D DBWriter: updateFeedDownloadURL(original: http://sixgun.org/files/linuxoutlaws.jpg, updated: https://fab.industries/sixgun/files/linuxoutlaws.jpg)
08-06 17:26:56.112 28083 30576 I art     : Explicit concurrent mark sweep GC freed 1588(73KB) AllocSpace objects, 0(0B) LOS objects, 23% free, 51MB/67MB, paused 1.659ms total 39.336ms
08-06 17:26:56.126 28083 30576 I art     : Starting a blocking GC Explicit
08-06 17:26:56.134 28083 28083 D PlaybackController: Releasing PlaybackController
08-06 17:26:56.171 28083 30576 I art     : Explicit concurrent mark sweep GC freed 334(18KB) AllocSpace objects, 0(0B) LOS objects, 23% free, 51MB/67MB, paused 1.534ms total 44.524ms
08-06 17:26:56.183 28083 30576 I art     : Starting a blocking GC Explicit
08-06 17:26:56.200   512  2967 D audio_hw_primary: disable_audio_route: reset and update mixer path: low-latency-playback speaker
08-06 17:26:56.201   512  2967 D audio_hw_primary: disable_snd_device: snd_device(2: speaker)
08-06 17:26:56.208   512  2967 I soundtrigger: audio_extn_sound_trigger_update_device_status: device 0x2 of type 0 for Event 0
08-06 17:26:56.225 28083 30576 I art     : Explicit concurrent mark sweep GC freed 20(672B) AllocSpace objects, 1(112KB) LOS objects, 23% free, 51MB/67MB, paused 1.642ms total 41.489ms
08-06 17:26:56.238 28083 30576 I art     : Starting a blocking GC Explicit
08-06 17:26:56.244 28083 28809 D MYTAG   : interceptor 2a
08-06 17:26:56.244 28083 28809 I NAPPA_EXPERIMENTATION: MetricNetworkRequestExecutionTime: REQUEST_DURATION_SYSTEM='228',REQUEST_DURATION_OKHTTP='135',REQUEST_SYNCHRONOUS='TRUE',RESPONSE_CODE='404',RESPONSE_METHOD='GET',RESPONSE_LENGTH_OKHTTP='-1',RESPONSE_LENGTH_HEADER='1503',REQUEST_PROTOCOL='h2',REQUEST_URL='https://fab.industries/sixgun/files/linuxoutlaws.jpg',
08-06 17:26:56.245 28083 28083 W Glide   : Load failed for http://sixgun.org/files/linuxoutlaws.jpg with size [350x350]
08-06 17:26:56.245 28083 28083 W Glide   : class com.bumptech.glide.load.engine.GlideException: Failed to load resource
08-06 17:26:56.245 28083 28083 W Glide   : There was 1 cause:
08-06 17:26:56.245 28083 28083 W Glide   : com.bumptech.glide.load.HttpException()
08-06 17:26:56.245 28083 28083 W Glide   :  call GlideException#logRootCauses(String) for more detail
08-06 17:26:56.245 28083 28083 W Glide   :   Cause (1 of 1): class com.bumptech.glide.load.engine.GlideException: Fetching data failed, class java.io.InputStream, REMOTE
08-06 17:26:56.245 28083 28083 W Glide   : There was 1 cause:
08-06 17:26:56.245 28083 28083 W Glide   : com.bumptech.glide.load.HttpException()
08-06 17:26:56.245 28083 28083 W Glide   :  call GlideException#logRootCauses(String) for more detail
08-06 17:26:56.245 28083 28083 W Glide   :     Cause (1 of 1): class com.bumptech.glide.load.HttpException: 
08-06 17:26:56.246 28083 28083 I Glide   : Root cause (1 of 1)
08-06 17:26:56.246 28083 28083 I Glide   : com.bumptech.glide.load.HttpException: 
08-06 17:26:56.246 28083 28083 I Glide   : 	at com.bumptech.glide.integration.okhttp3.OkHttpStreamFetcher.onResponse(OkHttpStreamFetcher.java:73)
08-06 17:26:56.246 28083 28083 I Glide   : 	at okhttp3.RealCall$AsyncCall.execute(RealCall.java:174)
08-06 17:26:56.246 28083 28083 I Glide   : 	at okhttp3.internal.NamedRunnable.run(NamedRunnable.java:32)
08-06 17:26:56.246 28083 28083 I Glide   : 	at java.util.concurrent.ThreadPoolExecutor.runWorker(ThreadPoolExecutor.java:1113)
08-06 17:26:56.246 28083 28083 I Glide   : 	at java.util.concurrent.ThreadPoolExecutor$Worker.run(ThreadPoolExecutor.java:588)
08-06 17:26:56.246 28083 28083 I Glide   : 	at java.lang.Thread.run(Thread.java:818)
08-06 17:26:56.283 28083 30576 I art     : Explicit concurrent mark sweep GC freed 287(41KB) AllocSpace objects, 0(0B) LOS objects, 23% free, 51MB/67MB, paused 1.590ms total 44.965ms
08-06 17:26:56.659 28083 28614 I art     : Starting a blocking GC Explicit
08-06 17:26:56.717 28083 28614 I art     : Explicit concurrent mark sweep GC freed 1568(88KB) AllocSpace objects, 1(20KB) LOS objects, 23% free, 51MB/67MB, paused 1.591ms total 57.459ms
08-06 17:26:56.732 28083 28614 I art     : Starting a blocking GC Explicit
08-06 17:26:56.779 28083 28614 I art     : Explicit concurrent mark sweep GC freed 26(848B) AllocSpace objects, 0(0B) LOS objects, 23% free, 51MB/67MB, paused 1.714ms total 46.407ms
08-06 17:26:56.792 28083 28614 I art     : Starting a blocking GC Explicit
08-06 17:26:56.837 28083 28614 I art     : Explicit concurrent mark sweep GC freed 3(96B) AllocSpace objects, 0(0B) LOS objects, 23% free, 51MB/67MB, paused 1.644ms total 44.710ms
08-06 17:26:56.851 28083 28614 I art     : Starting a blocking GC Explicit
08-06 17:26:56.872 25638 25638 I ServiceManager: Waiting for service AtCmdFwd...
08-06 17:26:56.896 28083 28614 I art     : Explicit concurrent mark sweep GC freed 3(96B) AllocSpace objects, 0(0B) LOS objects, 23% free, 51MB/67MB, paused 1.598ms total 45.393ms
08-06 17:26:56.910 28083 28614 I art     : Starting a blocking GC Explicit
08-06 17:26:56.955 28083 28614 I art     : Explicit concurrent mark sweep GC freed 3(96B) AllocSpace objects, 0(0B) LOS objects, 23% free, 51MB/67MB, paused 1.627ms total 45.646ms
08-06 17:26:56.966   518   646 I ThermalEngine: ACTION: GPU - Setting GPU[0] to 390000000
08-06 17:26:57.380 28083 28159 I art     : Starting a blocking GC Explicit
08-06 17:26:57.452 28083 28159 I art     : Explicit concurrent mark sweep GC freed 1381(81KB) AllocSpace objects, 1(20KB) LOS objects, 23% free, 51MB/67MB, paused 3.055ms total 71.132ms
08-06 17:26:57.476 28083 28159 I art     : Starting a blocking GC Explicit
08-06 17:26:57.535 28083 28159 I art     : Explicit concurrent mark sweep GC freed 23(752B) AllocSpace objects, 0(0B) LOS objects, 23% free, 51MB/67MB, paused 2.575ms total 59.227ms
08-06 17:26:57.556 28083 28159 I art     : Starting a blocking GC Explicit
08-06 17:26:57.619 28083 28159 I art     : Explicit concurrent mark sweep GC freed 33(912B) AllocSpace objects, 0(0B) LOS objects, 23% free, 51MB/67MB, paused 4.059ms total 62.604ms
08-06 17:26:57.643 28083 28159 I art     : Starting a blocking GC Explicit
08-06 17:26:57.696 28083 28159 I art     : Explicit concurrent mark sweep GC freed 13(416B) AllocSpace objects, 0(0B) LOS objects, 23% free, 51MB/67MB, paused 2.440ms total 52.260ms
08-06 17:26:57.717 28083 28159 I art     : Starting a blocking GC Explicit
08-06 17:26:57.778 28083 28159 I art     : Explicit concurrent mark sweep GC freed 14(448B) AllocSpace objects, 0(0B) LOS objects, 23% free, 51MB/67MB, paused 2.476ms total 60.432ms
08-06 17:26:57.872 25638 25638 I ServiceManager: Waiting for service AtCmdFwd...
08-06 17:26:58.188 28083 28096 I art     : Starting a blocking GC Explicit
08-06 17:26:58.261 28083 28096 I art     : Explicit concurrent mark sweep GC freed 1389(81KB) AllocSpace objects, 1(20KB) LOS objects, 23% free, 51MB/67MB, paused 2.978ms total 71.897ms
08-06 17:26:58.286 28083 28096 I art     : Starting a blocking GC Explicit
08-06 17:26:58.345 28083 28096 I art     : Explicit concurrent mark sweep GC freed 23(752B) AllocSpace objects, 0(0B) LOS objects, 23% free, 51MB/67MB, paused 2.628ms total 59.087ms
08-06 17:26:58.366 28083 28096 I art     : Starting a blocking GC Explicit
08-06 17:26:58.424 28083 28096 I art     : Explicit concurrent mark sweep GC freed 3(96B) AllocSpace objects, 0(0B) LOS objects, 23% free, 51MB/67MB, paused 2.484ms total 58.517ms
08-06 17:26:58.445 28083 28096 I art     : Starting a blocking GC Explicit
08-06 17:26:58.504 28083 28096 I art     : Explicit concurrent mark sweep GC freed 3(96B) AllocSpace objects, 0(0B) LOS objects, 23% free, 51MB/67MB, paused 2.325ms total 58.420ms
08-06 17:26:58.524 28083 28096 I art     : Starting a blocking GC Explicit
08-06 17:26:58.584 28083 28096 I art     : Explicit concurrent mark sweep GC freed 3(96B) AllocSpace objects, 0(0B) LOS objects, 23% free, 51MB/67MB, paused 2.352ms total 59.249ms
08-06 17:26:58.872 25638 25638 I ServiceManager: Waiting for service AtCmdFwd...
08-06 17:26:59.019 28083 28614 I art     : Starting a blocking GC Explicit
08-06 17:26:59.091 28083 28614 I art     : Explicit concurrent mark sweep GC freed 1410(81KB) AllocSpace objects, 1(20KB) LOS objects, 23% free, 51MB/67MB, paused 2.914ms total 71.047ms
08-06 17:26:59.114 28083 28614 I art     : Starting a blocking GC Explicit
08-06 17:26:59.173 28083 28614 I art     : Explicit concurrent mark sweep GC freed 23(752B) AllocSpace objects, 0(0B) LOS objects, 23% free, 51MB/67MB, paused 2.382ms total 58.241ms
08-06 17:26:59.193 28083 28614 I art     : Starting a blocking GC Explicit
08-06 17:26:59.252 28083 28614 I art     : Explicit concurrent mark sweep GC freed 3(96B) AllocSpace objects, 0(0B) LOS objects, 23% free, 51MB/67MB, paused 2.438ms total 58.311ms
08-06 17:26:59.272 28083 28614 I art     : Starting a blocking GC Explicit
08-06 17:26:59.332 28083 28614 I art     : Explicit concurrent mark sweep GC freed 3(96B) AllocSpace objects, 0(0B) LOS objects, 23% free, 51MB/67MB, paused 2.835ms total 59.311ms
08-06 17:26:59.352 28083 28614 I art     : Starting a blocking GC Explicit
08-06 17:26:59.411 28083 28614 I art     : Explicit concurrent mark sweep GC freed 3(96B) AllocSpace objects, 0(0B) LOS objects, 23% free, 51MB/67MB, paused 2.384ms total 58.066ms
08-06 17:26:59.838 28083 28095 I art     : Starting a blocking GC Explicit
08-06 17:26:59.873 25638 25638 I ServiceManager: Waiting for service AtCmdFwd...
08-06 17:26:59.895 28083 28095 I art     : Explicit concurrent mark sweep GC freed 1411(83KB) AllocSpace objects, 1(20KB) LOS objects, 23% free, 51MB/67MB, paused 2.473ms total 56.341ms
08-06 17:26:59.915 28083 28095 I art     : Starting a blocking GC Explicit
08-06 17:26:59.972 28083 28095 I art     : Explicit concurrent mark sweep GC freed 23(752B) AllocSpace objects, 0(0B) LOS objects, 23% free, 51MB/67MB, paused 2.489ms total 56.213ms
08-06 17:26:59.991 28083 28095 I art     : Starting a blocking GC Explicit
08-06 17:27:00.052 28083 28095 I art     : Explicit concurrent mark sweep GC freed 3(96B) AllocSpace objects, 0(0B) LOS objects, 23% free, 51MB/67MB, paused 2.661ms total 60.276ms
08-06 17:27:00.072 28083 28095 I art     : Starting a blocking GC Explicit
08-06 17:27:00.125 28083 28095 I art     : Explicit concurrent mark sweep GC freed 3(96B) AllocSpace objects, 0(0B) LOS objects, 23% free, 51MB/67MB, paused 2.276ms total 52.653ms
08-06 17:27:00.144 28083 28095 I art     : Starting a blocking GC Explicit
08-06 17:27:00.200 28083 28095 I art     : Explicit concurrent mark sweep GC freed 3(96B) AllocSpace objects, 0(0B) LOS objects, 23% free, 51MB/67MB, paused 2.718ms total 55.890ms
08-06 17:27:00.468 31155 31155 D AndroidRuntime: >>>>>> START com.android.internal.os.RuntimeInit uid 2000 <<<<<<
08-06 17:27:00.474 31155 31155 D AndroidRuntime: CheckJNI is OFF
08-06 17:27:00.530 31155 31155 D ICU     : No timezone override file found: /data/misc/zoneinfo/current/icu/icu_tzdata.dat
08-06 17:27:00.575 31155 31155 I Radio-JNI: register_android_hardware_Radio DONE
08-06 17:27:00.608 31155 31155 D AndroidRuntime: Calling main entry com.android.commands.input.Input
08-06 17:27:00.610 31155 31155 I Input   : injectKeyEvent: KeyEvent { action=ACTION_DOWN, keyCode=KEYCODE_BACK, scanCode=0, metaState=0, flags=0x0, repeatCount=0, eventTime=898037023, downTime=898037023, deviceId=-1, source=0x101 }
08-06 17:27:00.613 28083 28159 I art     : Starting a blocking GC Explicit
08-06 17:27:00.628 31155 31155 I Input   : injectKeyEvent: KeyEvent { action=ACTION_UP, keyCode=KEYCODE_BACK, scanCode=0, metaState=0, flags=0x0, repeatCount=0, eventTime=898037023, downTime=898037023, deviceId=-1, source=0x101 }
08-06 17:27:00.636 31155 31155 D AndroidRuntime: Shutting down VM
08-06 17:27:00.649 28083 28083 V PlaybackController: initServiceNotRunning()
08-06 17:27:00.649 28083 28083 D ExternalPlayerFragment: Loading media info
08-06 17:27:00.650 28083 28975 D ApOkHttpUrlLoader: buildLoadData() called with: model = [http://sixgun.org/files/linuxoutlaws.jpg], width = [224], height = [224]
08-06 17:27:00.658 28083 28083 D UserPreferences: Using default data folder
08-06 17:27:00.661 28083 28602 D DBReader: getNavDrawerData() called with: 
08-06 17:27:00.667 28083 28809 D DBReader: getImageAuthentication() called with: imageUrl = [http://sixgun.org/files/linuxoutlaws.jpg]
08-06 17:27:00.677 28083 28159 I art     : Explicit concurrent mark sweep GC freed 1925(112KB) AllocSpace objects, 1(20KB) LOS objects, 23% free, 51MB/67MB, paused 2.806ms total 63.211ms
08-06 17:27:00.680 28083 28809 D ApOkHttpUrlLoader: no credentials for 'http://sixgun.org/files/linuxoutlaws.jpg'
08-06 17:27:00.690 28083 28602 D DBReader: getDownloadedItems() called
08-06 17:27:00.692 28083 28602 D DBReader: getFavoriteIDList() called
08-06 17:27:00.693 28083 28602 D DBReader: getQueueIDList() called
08-06 17:27:00.696 28083 28159 I art     : Starting a blocking GC Explicit
08-06 17:27:00.703 28083 28602 D DBReader: Extracting Feedlist
08-06 17:27:00.731 13866 13866 I GoogleInputMethodServic: GoogleInputMethodService.onFinishInput():3138 
08-06 17:27:00.731 28083 28083 D MainActivity: getLastNavFragment() -> AddFeedFragment
08-06 17:27:00.732 13866 13866 I GoogleInputMethodServic: GoogleInputMethodService.onStartInput():1808 
08-06 17:27:00.752 28083 28159 I art     : Explicit concurrent mark sweep GC freed 771(52KB) AllocSpace objects, 0(0B) LOS objects, 23% free, 51MB/67MB, paused 2.925ms total 56.329ms
08-06 17:27:00.770 28083 28159 I art     : Starting a blocking GC Explicit
08-06 17:27:00.823 28083 28159 I art     : Explicit concurrent mark sweep GC freed 536(26KB) AllocSpace objects, 0(0B) LOS objects, 23% free, 51MB/67MB, paused 2.706ms total 51.960ms
08-06 17:27:00.825 28083 28809 D DBWriter: updateFeedDownloadURL(original: http://sixgun.org/files/linuxoutlaws.jpg, updated: https://fab.industries/sixgun/files/linuxoutlaws.jpg)
08-06 17:27:00.842 28083 28159 I art     : Starting a blocking GC Explicit
08-06 17:27:00.874 25638 25638 W Atfwd_Sendcmd: AtCmdFwd service not published, waiting... retryCnt : 2
08-06 17:27:00.911 28083 28159 I art     : Explicit concurrent mark sweep GC freed 395(24KB) AllocSpace objects, 0(0B) LOS objects, 23% free, 51MB/67MB, paused 4.635ms total 69.171ms
08-06 17:27:00.935 28083 28159 I art     : Starting a blocking GC Explicit
08-06 17:27:00.966 28083 28809 D MYTAG   : interceptor 2a
08-06 17:27:00.966 28083 28809 I NAPPA_EXPERIMENTATION: MetricNetworkRequestExecutionTime: REQUEST_DURATION_SYSTEM='286',REQUEST_DURATION_OKHTTP='137',REQUEST_SYNCHRONOUS='TRUE',RESPONSE_CODE='404',RESPONSE_METHOD='GET',RESPONSE_LENGTH_OKHTTP='-1',RESPONSE_LENGTH_HEADER='1503',REQUEST_PROTOCOL='h2',REQUEST_URL='https://fab.industries/sixgun/files/linuxoutlaws.jpg',
08-06 17:27:00.970 28083 28083 W Glide   : Load failed for http://sixgun.org/files/linuxoutlaws.jpg with size [224x224]
08-06 17:27:00.970 28083 28083 W Glide   : class com.bumptech.glide.load.engine.GlideException: Failed to load resource
08-06 17:27:00.970 28083 28083 W Glide   : There was 1 cause:
08-06 17:27:00.970 28083 28083 W Glide   : com.bumptech.glide.load.HttpException()
08-06 17:27:00.970 28083 28083 W Glide   :  call GlideException#logRootCauses(String) for more detail
08-06 17:27:00.970 28083 28083 W Glide   :   Cause (1 of 1): class com.bumptech.glide.load.engine.GlideException: Fetching data failed, class java.io.InputStream, REMOTE
08-06 17:27:00.970 28083 28083 W Glide   : There was 1 cause:
08-06 17:27:00.970 28083 28083 W Glide   : com.bumptech.glide.load.HttpException()
08-06 17:27:00.970 28083 28083 W Glide   :  call GlideException#logRootCauses(String) for more detail
08-06 17:27:00.970 28083 28083 W Glide   :     Cause (1 of 1): class com.bumptech.glide.load.HttpException: 
08-06 17:27:00.971 28083 28083 I Glide   : Root cause (1 of 1)
08-06 17:27:00.971 28083 28083 I Glide   : com.bumptech.glide.load.HttpException: 
08-06 17:27:00.971 28083 28083 I Glide   : 	at com.bumptech.glide.integration.okhttp3.OkHttpStreamFetcher.onResponse(OkHttpStreamFetcher.java:73)
08-06 17:27:00.971 28083 28083 I Glide   : 	at okhttp3.RealCall$AsyncCall.execute(RealCall.java:174)
08-06 17:27:00.971 28083 28083 I Glide   : 	at okhttp3.internal.NamedRunnable.run(NamedRunnable.java:32)
08-06 17:27:00.971 28083 28083 I Glide   : 	at java.util.concurrent.ThreadPoolExecutor.runWorker(ThreadPoolExecutor.java:1113)
08-06 17:27:00.971 28083 28083 I Glide   : 	at java.util.concurrent.ThreadPoolExecutor$Worker.run(ThreadPoolExecutor.java:588)
08-06 17:27:00.971 28083 28083 I Glide   : 	at java.lang.Thread.run(Thread.java:818)
08-06 17:27:00.972 28083 28083 W Glide   : Load failed for http://sixgun.org/files/linuxoutlaws.jpg with size [224x224]
08-06 17:27:00.972 28083 28083 W Glide   : class com.bumptech.glide.load.engine.GlideException: Failed to load resource
08-06 17:27:00.972 28083 28083 W Glide   : There was 1 cause:
08-06 17:27:00.972 28083 28083 W Glide   : com.bumptech.glide.load.HttpException()
08-06 17:27:00.972 28083 28083 W Glide   :  call GlideException#logRootCauses(String) for more detail
08-06 17:27:00.972 28083 28083 W Glide   :   Cause (1 of 1): class com.bumptech.glide.load.engine.GlideException: Fetching data failed, class java.io.InputStream, REMOTE
08-06 17:27:00.972 28083 28083 W Glide   : There was 1 cause:
08-06 17:27:00.972 28083 28083 W Glide   : com.bumptech.glide.load.HttpException()
08-06 17:27:00.972 28083 28083 W Glide   :  call GlideException#logRootCauses(String) for more detail
08-06 17:27:00.972 28083 28083 W Glide   :     Cause (1 of 1): class com.bumptech.glide.load.HttpException: 
08-06 17:27:00.972   518   646 I ThermalEngine: ACTION: GPU - Setting GPU[0] to 450000000
08-06 17:27:00.972 28083 28083 I Glide   : Root cause (1 of 1)
08-06 17:27:00.972 28083 28083 I Glide   : com.bumptech.glide.load.HttpException: 
08-06 17:27:00.972 28083 28083 I Glide   : 	at com.bumptech.glide.integration.okhttp3.OkHttpStreamFetcher.onResponse(OkHttpStreamFetcher.java:73)
08-06 17:27:00.972 28083 28083 I Glide   : 	at okhttp3.RealCall$AsyncCall.execute(RealCall.java:174)
08-06 17:27:00.972 28083 28083 I Glide   : 	at okhttp3.internal.NamedRunnable.run(NamedRunnable.java:32)
08-06 17:27:00.972 28083 28083 I Glide   : 	at java.util.concurrent.ThreadPoolExecutor.runWorker(ThreadPoolExecutor.java:1113)
08-06 17:27:00.972 28083 28083 I Glide   : 	at java.util.concurrent.ThreadPoolExecutor$Worker.run(ThreadPoolExecutor.java:588)
08-06 17:27:00.972 28083 28083 I Glide   : 	at java.lang.Thread.run(Thread.java:818)
08-06 17:27:00.996 28083 28159 I art     : Explicit concurrent mark sweep GC freed 423(69KB) AllocSpace objects, 0(0B) LOS objects, 23% free, 51MB/67MB, paused 1.712ms total 60.726ms
08-06 17:27:01.017   380   380 W SurfaceFlinger: couldn't log to binary event log: overflow.
08-06 17:27:01.360 28083 28096 I art     : Starting a blocking GC Explicit
08-06 17:27:01.423 28083 28096 I art     : Explicit concurrent mark sweep GC freed 2149(113KB) AllocSpace objects, 1(20KB) LOS objects, 23% free, 51MB/67MB, paused 2.371ms total 63.367ms
08-06 17:27:01.443 28083 28096 I art     : Starting a blocking GC Explicit
08-06 17:27:01.487 28083 28096 I art     : Explicit concurrent mark sweep GC freed 2880(236KB) AllocSpace objects, 1(28KB) LOS objects, 23% free, 50MB/66MB, paused 1.498ms total 43.498ms
08-06 17:27:01.500 28083 28096 I art     : Starting a blocking GC Explicit
08-06 17:27:01.545 28083 28096 I art     : Explicit concurrent mark sweep GC freed 3(96B) AllocSpace objects, 0(0B) LOS objects, 23% free, 50MB/66MB, paused 1.781ms total 44.780ms
08-06 17:27:01.559 28083 28096 I art     : Starting a blocking GC Explicit
08-06 17:27:01.601 28083 28096 I art     : Explicit concurrent mark sweep GC freed 3(96B) AllocSpace objects, 0(0B) LOS objects, 23% free, 50MB/66MB, paused 1.498ms total 42.133ms
08-06 17:27:01.614 28083 28096 I art     : Starting a blocking GC Explicit
08-06 17:27:01.658 28083 28096 I art     : Explicit concurrent mark sweep GC freed 32(880B) AllocSpace objects, 0(0B) LOS objects, 23% free, 50MB/66MB, paused 1.706ms total 43.887ms
08-06 17:27:02.020 28083 28614 I art     : Starting a blocking GC Explicit
08-06 17:27:02.065 28083 28614 I art     : Explicit concurrent mark sweep GC freed 1383(82KB) AllocSpace objects, 1(20KB) LOS objects, 23% free, 50MB/66MB, paused 1.538ms total 44.433ms
08-06 17:27:02.078 28083 28614 I art     : Starting a blocking GC Explicit
08-06 17:27:02.121 28083 28614 I art     : Explicit concurrent mark sweep GC freed 23(752B) AllocSpace objects, 0(0B) LOS objects, 23% free, 50MB/66MB, paused 1.564ms total 42.620ms
08-06 17:27:02.134 28083 28614 I art     : Starting a blocking GC Explicit
08-06 17:27:02.177 28083 28614 I art     : Explicit concurrent mark sweep GC freed 3(96B) AllocSpace objects, 0(0B) LOS objects, 23% free, 50MB/66MB, paused 1.678ms total 42.846ms
08-06 17:27:02.190 28083 28614 I art     : Starting a blocking GC Explicit
08-06 17:27:02.233 28083 28614 I art     : Explicit concurrent mark sweep GC freed 3(96B) AllocSpace objects, 0(0B) LOS objects, 23% free, 50MB/66MB, paused 1.547ms total 42.122ms
08-06 17:27:02.246 28083 28614 I art     : Starting a blocking GC Explicit
08-06 17:27:02.293 28083 28614 I art     : Explicit concurrent mark sweep GC freed 10(320B) AllocSpace objects, 0(0B) LOS objects, 23% free, 50MB/66MB, paused 1.519ms total 46.572ms
08-06 17:27:02.420 31195 31195 D AndroidRuntime: >>>>>> START com.android.internal.os.RuntimeInit uid 2000 <<<<<<
08-06 17:27:02.427 31195 31195 D AndroidRuntime: CheckJNI is OFF
08-06 17:27:02.467 31195 31195 D ICU     : No timezone override file found: /data/misc/zoneinfo/current/icu/icu_tzdata.dat
08-06 17:27:02.508 31195 31195 I Radio-JNI: register_android_hardware_Radio DONE
08-06 17:27:02.535 31195 31195 D AndroidRuntime: Calling main entry com.android.commands.input.Input
08-06 17:27:02.536 31195 31195 I Input   : injectKeyEvent: KeyEvent { action=ACTION_DOWN, keyCode=KEYCODE_BACK, scanCode=0, metaState=0, flags=0x0, repeatCount=0, eventTime=898038949, downTime=898038949, deviceId=-1, source=0x101 }
08-06 17:27:02.541 31195 31195 I Input   : injectKeyEvent: KeyEvent { action=ACTION_UP, keyCode=KEYCODE_BACK, scanCode=0, metaState=0, flags=0x0, repeatCount=0, eventTime=898038949, downTime=898038949, deviceId=-1, source=0x101 }
08-06 17:27:02.562 31195 31195 D AndroidRuntime: Shutting down VM
08-06 17:27:02.661 28083 28096 I art     : Starting a blocking GC Explicit
08-06 17:27:02.709 28083 28096 I art     : Explicit concurrent mark sweep GC freed 3646(173KB) AllocSpace objects, 1(20KB) LOS objects, 23% free, 50MB/66MB, paused 1.586ms total 47.536ms
08-06 17:27:02.722 28083 28096 I art     : Starting a blocking GC Explicit
08-06 17:27:02.767 28083 28096 I art     : Explicit concurrent mark sweep GC freed 5365(395KB) AllocSpace objects, 9(1620KB) LOS objects, 24% free, 48MB/64MB, paused 1.558ms total 43.851ms
08-06 17:27:02.779 28083 28096 I art     : Starting a blocking GC Explicit
08-06 17:27:02.821 28083 28096 I art     : Explicit concurrent mark sweep GC freed 3(96B) AllocSpace objects, 0(0B) LOS objects, 24% free, 48MB/64MB, paused 1.546ms total 41.355ms
08-06 17:27:02.834 28083 28096 I art     : Starting a blocking GC Explicit
08-06 17:27:02.876 28083 28096 I art     : Explicit concurrent mark sweep GC freed 3(96B) AllocSpace objects, 0(0B) LOS objects, 24% free, 48MB/64MB, paused 1.544ms total 41.588ms
08-06 17:27:02.889 28083 28096 I art     : Starting a blocking GC Explicit
08-06 17:27:02.931 28083 28096 I art     : Explicit concurrent mark sweep GC freed 3(96B) AllocSpace objects, 0(0B) LOS objects, 24% free, 48MB/64MB, paused 1.539ms total 41.723ms
08-06 17:27:02.982   518   646 I ThermalEngine: ACTION: GPU - Setting GPU[0] to 390000000
08-06 17:27:03.353 28083 30576 I art     : Starting a blocking GC Explicit
08-06 17:27:03.414 28083 30576 I art     : Explicit concurrent mark sweep GC freed 1382(82KB) AllocSpace objects, 1(20KB) LOS objects, 24% free, 48MB/64MB, paused 2.700ms total 60.882ms
08-06 17:27:03.434 28083 30576 I art     : Starting a blocking GC Explicit
08-06 17:27:03.488 28083 30576 I art     : Explicit concurrent mark sweep GC freed 23(752B) AllocSpace objects, 0(0B) LOS objects, 24% free, 48MB/64MB, paused 2.426ms total 53.506ms
08-06 17:27:03.508 28083 30576 I art     : Starting a blocking GC Explicit
08-06 17:27:03.563 28083 30576 I art     : Explicit concurrent mark sweep GC freed 3(96B) AllocSpace objects, 0(0B) LOS objects, 24% free, 48MB/64MB, paused 2.865ms total 54.501ms
08-06 17:27:03.587 28083 30576 I art     : Starting a blocking GC Explicit
08-06 17:27:03.643 28083 30576 I art     : Explicit concurrent mark sweep GC freed 32(880B) AllocSpace objects, 0(0B) LOS objects, 24% free, 48MB/64MB, paused 2.263ms total 55.716ms
08-06 17:27:03.663 28083 30576 I art     : Starting a blocking GC Explicit
08-06 17:27:03.717 28083 30576 I art     : Explicit concurrent mark sweep GC freed 3(96B) AllocSpace objects, 0(0B) LOS objects, 24% free, 48MB/64MB, paused 2.201ms total 53.837ms
08-06 17:27:04.104 28083 28159 I art     : Starting a blocking GC Explicit
08-06 17:27:04.157 28083 28159 I art     : Explicit concurrent mark sweep GC freed 1381(82KB) AllocSpace objects, 1(20KB) LOS objects, 24% free, 48MB/64MB, paused 2.545ms total 52.639ms
08-06 17:27:04.176 28083 28159 I art     : Starting a blocking GC Explicit
08-06 17:27:04.241 28083 28159 I art     : Explicit concurrent mark sweep GC freed 30(976B) AllocSpace objects, 0(0B) LOS objects, 24% free, 48MB/64MB, paused 3.533ms total 64.121ms
08-06 17:27:04.262 28083 28159 I art     : Starting a blocking GC Explicit
08-06 17:27:04.323 28083 28159 I art     : Explicit concurrent mark sweep GC freed 13(416B) AllocSpace objects, 0(0B) LOS objects, 24% free, 48MB/64MB, paused 2.625ms total 60.197ms
08-06 17:27:04.344 28083 28159 I art     : Starting a blocking GC Explicit
08-06 17:27:04.401 28083 28159 I art     : Explicit concurrent mark sweep GC freed 13(416B) AllocSpace objects, 0(0B) LOS objects, 24% free, 48MB/64MB, paused 2.375ms total 56.483ms
08-06 17:27:04.421 28083 28159 I art     : Starting a blocking GC Explicit
08-06 17:27:04.457   918  3261 D WifiStateMachine: starting scan for "H369AA63323"WPA_PSK with 2412,5180
08-06 17:27:04.467 31232 31232 D AndroidRuntime: >>>>>> START com.android.internal.os.RuntimeInit uid 2000 <<<<<<
08-06 17:27:04.473 28083 28159 I art     : Explicit concurrent mark sweep GC freed 6(192B) AllocSpace objects, 0(0B) LOS objects, 24% free, 48MB/64MB, paused 2.701ms total 51.907ms
08-06 17:27:04.473 31232 31232 D AndroidRuntime: CheckJNI is OFF
08-06 17:27:04.524 31232 31232 D ICU     : No timezone override file found: /data/misc/zoneinfo/current/icu/icu_tzdata.dat
08-06 17:27:04.571 31232 31232 I Radio-JNI: register_android_hardware_Radio DONE
08-06 17:27:04.604 31232 31232 D AndroidRuntime: Calling main entry com.android.commands.input.Input
08-06 17:27:04.606 31232 31232 I Input   : injectMotionEvent: MotionEvent { action=ACTION_DOWN, actionButton=0, id[0]=0, x[0]=603.0, y[0]=1061.0, toolType[0]=TOOL_TYPE_UNKNOWN, buttonState=0, metaState=0, flags=0x0, edgeFlags=0x0, pointerCount=1, historySize=0, eventTime=898041018, downTime=898041018, deviceId=0, source=0x1002 }
08-06 17:27:04.612 31232 31232 I Input   : injectMotionEvent: MotionEvent { action=ACTION_UP, actionButton=0, id[0]=0, x[0]=603.0, y[0]=1061.0, toolType[0]=TOOL_TYPE_UNKNOWN, buttonState=0, metaState=0, flags=0x0, edgeFlags=0x0, pointerCount=1, historySize=0, eventTime=898041018, downTime=898041018, deviceId=0, source=0x1002 }
08-06 17:27:04.615 31232 31232 D AndroidRuntime: Shutting down VM
08-06 17:27:04.628   512  2967 D audio_hw_primary: out_set_parameters: enter: usecase(1: low-latency-playback) kvpairs: routing=2
08-06 17:27:04.642   512  2967 D audio_hw_primary: select_devices: out_snd_device(2: speaker) in_snd_device(0: none)
08-06 17:27:04.642   512  2967 D msm8974_platform: platform_send_audio_calibration: sending audio calibration for snd_device(2) acdb_id(15)
08-06 17:27:04.643   512  2967 I soundtrigger: audio_extn_sound_trigger_update_device_status: device 0x2 of type 0 for Event 1
08-06 17:27:04.658   512  2967 D audio_hw_primary: enable_snd_device: snd_device(2: speaker)
08-06 17:27:04.661   512  2967 D audio_hw_primary: enable_audio_route: apply and update mixer path: low-latency-playback speaker
08-06 17:27:04.722 28083 30375 I NAPPA_EXPERIMENTATION: MetricNetworkRequestExecutionTime: REQUEST_DURATION_SYSTEM='51',REQUEST_DURATION_OKHTTP='45',REQUEST_SYNCHRONOUS='TRUE',RESPONSE_CODE='200',RESPONSE_METHOD='GET',RESPONSE_LENGTH_OKHTTP='2923',RESPONSE_LENGTH_HEADER='2923',REQUEST_PROTOCOL='http/1.1',REQUEST_URL='https://gpodder.net/api/2/tags/50.json',
08-06 17:27:04.747 28083 31261 I NAPPA_EXPERIMENTATION: MetricNetworkRequestExecutionTime: REQUEST_DURATION_SYSTEM='74',REQUEST_DURATION_OKHTTP='72',REQUEST_SYNCHRONOUS='TRUE',RESPONSE_CODE='200',RESPONSE_METHOD='GET',RESPONSE_LENGTH_OKHTTP='37507',RESPONSE_LENGTH_HEADER='37507',REQUEST_PROTOCOL='http/1.1',REQUEST_URL='https://gpodder.net/toplist/50.json',
08-06 17:27:04.811 28083 28975 D ApOkHttpUrlLoader: buildLoadData() called with: model = [http://sixgun.org/files/linuxoutlaws.jpg], width = [224], height = [224]
08-06 17:27:04.812 28083 28809 D DBReader: getImageAuthentication() called with: imageUrl = [http://sixgun.org/files/linuxoutlaws.jpg]
08-06 17:27:04.817 28083 28809 D ApOkHttpUrlLoader: no credentials for 'http://sixgun.org/files/linuxoutlaws.jpg'
08-06 17:27:04.823 28083 28975 D ApOkHttpUrlLoader: buildLoadData() called with: model = [https://files.thisamericanlife.org/sites/all/themes/thislife/img/tal-name-1400x1400.png], width = [224], height = [224]
08-06 17:27:04.833 28083 28975 D ApOkHttpUrlLoader: buildLoadData() called with: model = [https://elroy.twit.tv/sites/default/files/styles/twit_album_art_2048x2048/public/images/shows/floss_weekly/album_art/audio/floss_albumart_mask.jpg?itok=IUjxKpwt], width = [224], height = [224]
08-06 17:27:04.841 28083 28975 D ApOkHttpUrlLoader: buildLoadData() called with: model = [http://ichef.bbci.co.uk/images/ic/3000x3000/p07kfvzb.jpg], width = [224], height = [224]
08-06 17:27:04.847 28083 28809 D DBWriter: updateFeedDownloadURL(original: http://sixgun.org/files/linuxoutlaws.jpg, updated: https://fab.industries/sixgun/files/linuxoutlaws.jpg)
08-06 17:27:04.848 28083 28975 D ApOkHttpUrlLoader: buildLoadData() called with: model = [https://pl.tedcdn.com/rss_feed_images/ted_talks_main_podcast/video.png], width = [224], height = [224]
08-06 17:27:04.855 28083 28975 D ApOkHttpUrlLoader: buildLoadData() called with: model = [https://elroy.twit.tv/sites/default/files/styles/twit_album_art_2048x2048/public/images/shows/this_week_in_tech/album_art/audio/twit1400audio.jpg?itok=J0vhatZb], width = [224], height = [224]
08-06 17:27:04.862 28083 28975 D ApOkHttpUrlLoader: buildLoadData() called with: model = [http://ichef.bbci.co.uk/images/ic/3000x3000/p03gtk3j.jpg], width = [224], height = [224]
08-06 17:27:04.879 28083 28614 I art     : Starting a blocking GC Explicit
08-06 17:27:04.932 28083 28614 I art     : Explicit concurrent mark sweep GC freed 10784(635KB) AllocSpace objects, 4(212KB) LOS objects, 23% free, 51MB/67MB, paused 2.277ms total 53.064ms
08-06 17:27:04.935 28083 28094 I art     : WaitForGcToComplete blocked for 39.788ms for cause HeapTrim
08-06 17:27:04.951 28083 28614 I art     : Starting a blocking GC Explicit
08-06 17:27:04.985 28083 28809 D MYTAG   : interceptor 2a
08-06 17:27:04.985 28083 28809 I NAPPA_EXPERIMENTATION: MetricNetworkRequestExecutionTime: REQUEST_DURATION_SYSTEM='168',REQUEST_DURATION_OKHTTP='135',REQUEST_SYNCHRONOUS='TRUE',RESPONSE_CODE='404',RESPONSE_METHOD='GET',RESPONSE_LENGTH_OKHTTP='-1',RESPONSE_LENGTH_HEADER='1503',REQUEST_PROTOCOL='h2',REQUEST_URL='https://fab.industries/sixgun/files/linuxoutlaws.jpg',
08-06 17:27:04.987 28083 28083 W Glide   : Load failed for http://sixgun.org/files/linuxoutlaws.jpg with size [224x224]
08-06 17:27:04.987 28083 28083 W Glide   : class com.bumptech.glide.load.engine.GlideException: Failed to load resource
08-06 17:27:04.987 28083 28083 W Glide   : There was 1 cause:
08-06 17:27:04.987 28083 28083 W Glide   : com.bumptech.glide.load.HttpException()
08-06 17:27:04.987 28083 28083 W Glide   :  call GlideException#logRootCauses(String) for more detail
08-06 17:27:04.987 28083 28083 W Glide   :   Cause (1 of 1): class com.bumptech.glide.load.engine.GlideException: Fetching data failed, class java.io.InputStream, REMOTE
08-06 17:27:04.987 28083 28083 W Glide   : There was 1 cause:
08-06 17:27:04.987 28083 28083 W Glide   : com.bumptech.glide.load.HttpException()
08-06 17:27:04.987 28083 28083 W Glide   :  call GlideException#logRootCauses(String) for more detail
08-06 17:27:04.987 28083 28083 W Glide   :     Cause (1 of 1): class com.bumptech.glide.load.HttpException: 
08-06 17:27:04.988 28083 28083 I Glide   : Root cause (1 of 1)
08-06 17:27:04.988 28083 28083 I Glide   : com.bumptech.glide.load.HttpException: 
08-06 17:27:04.988 28083 28083 I Glide   : 	at com.bumptech.glide.integration.okhttp3.OkHttpStreamFetcher.onResponse(OkHttpStreamFetcher.java:73)
08-06 17:27:04.988 28083 28083 I Glide   : 	at okhttp3.RealCall$AsyncCall.execute(RealCall.java:174)
08-06 17:27:04.988 28083 28083 I Glide   : 	at okhttp3.internal.NamedRunnable.run(NamedRunnable.java:32)
08-06 17:27:04.988 28083 28083 I Glide   : 	at java.util.concurrent.ThreadPoolExecutor.runWorker(ThreadPoolExecutor.java:1113)
08-06 17:27:04.988 28083 28083 I Glide   : 	at java.util.concurrent.ThreadPoolExecutor$Worker.run(ThreadPoolExecutor.java:588)
08-06 17:27:04.988 28083 28083 I Glide   : 	at java.lang.Thread.run(Thread.java:818)
08-06 17:27:04.989 28083 28083 W Glide   : Load failed for http://sixgun.org/files/linuxoutlaws.jpg with size [224x224]
08-06 17:27:04.989 28083 28083 W Glide   : class com.bumptech.glide.load.engine.GlideException: Failed to load resource
08-06 17:27:04.989 28083 28083 W Glide   : There was 1 cause:
08-06 17:27:04.989 28083 28083 W Glide   : com.bumptech.glide.load.HttpException()
08-06 17:27:04.989 28083 28083 W Glide   :  call GlideException#logRootCauses(String) for more detail
08-06 17:27:04.989 28083 28083 W Glide   :   Cause (1 of 1): class com.bumptech.glide.load.engine.GlideException: Fetching data failed, class java.io.InputStream, REMOTE
08-06 17:27:04.989 28083 28083 W Glide   : There was 1 cause:
08-06 17:27:04.989 28083 28083 W Glide   : com.bumptech.glide.load.HttpException()
08-06 17:27:04.989 28083 28083 W Glide   :  call GlideException#logRootCauses(String) for more detail
08-06 17:27:04.989 28083 28083 W Glide   :     Cause (1 of 1): class com.bumptech.glide.load.HttpException: 
08-06 17:27:04.989 28083 28083 I Glide   : Root cause (1 of 1)
08-06 17:27:04.989 28083 28083 I Glide   : com.bumptech.glide.load.HttpException: 
08-06 17:27:04.989 28083 28083 I Glide   : 	at com.bumptech.glide.integration.okhttp3.OkHttpStreamFetcher.onResponse(OkHttpStreamFetcher.java:73)
08-06 17:27:04.989 28083 28083 I Glide   : 	at okhttp3.RealCall$AsyncCall.execute(RealCall.java:174)
08-06 17:27:04.989 28083 28083 I Glide   : 	at okhttp3.internal.NamedRunnable.run(NamedRunnable.java:32)
08-06 17:27:04.989 28083 28083 I Glide   : 	at java.util.concurrent.ThreadPoolExecutor.runWorker(ThreadPoolExecutor.java:1113)
08-06 17:27:04.989 28083 28083 I Glide   : 	at java.util.concurrent.ThreadPoolExecutor$Worker.run(ThreadPoolExecutor.java:588)
08-06 17:27:04.989 28083 28083 I Glide   : 	at java.lang.Thread.run(Thread.java:818)
08-06 17:27:05.004 28083 28614 I art     : Explicit concurrent mark sweep GC freed 2306(163KB) AllocSpace objects, 1(220KB) LOS objects, 23% free, 50MB/66MB, paused 2.432ms total 53.183ms
08-06 17:27:05.025 28083 28614 I art     : Starting a blocking GC Explicit
08-06 17:27:05.083 28083 28614 I art     : Explicit concurrent mark sweep GC freed 185(7KB) AllocSpace objects, 0(0B) LOS objects, 23% free, 50MB/66MB, paused 3.097ms total 57.503ms
08-06 17:27:05.104 28083 28614 I art     : Starting a blocking GC Explicit
08-06 17:27:05.162 28083 28614 I art     : Explicit concurrent mark sweep GC freed 8(256B) AllocSpace objects, 0(0B) LOS objects, 23% free, 50MB/66MB, paused 2.564ms total 57.854ms
08-06 17:27:05.184 28083 28614 I art     : Starting a blocking GC Explicit
08-06 17:27:05.199   512  2967 D audio_hw_primary: disable_audio_route: reset and update mixer path: low-latency-playback speaker
08-06 17:27:05.201   512  2967 D audio_hw_primary: disable_snd_device: snd_device(2: speaker)
08-06 17:27:05.209   512  2967 I soundtrigger: audio_extn_sound_trigger_update_device_status: device 0x2 of type 0 for Event 0
08-06 17:27:05.241 28083 28614 I art     : Explicit concurrent mark sweep GC freed 3(96B) AllocSpace objects, 0(0B) LOS objects, 23% free, 50MB/66MB, paused 2.548ms total 57.325ms
08-06 17:27:05.642 28083 28159 I art     : Starting a blocking GC Explicit
08-06 17:27:05.713 28083 28159 I art     : Explicit concurrent mark sweep GC freed 1410(81KB) AllocSpace objects, 1(20KB) LOS objects, 23% free, 50MB/66MB, paused 4.208ms total 70.203ms
08-06 17:27:05.738 28083 28159 I art     : Starting a blocking GC Explicit
08-06 17:27:05.796 28083 28159 I art     : Explicit concurrent mark sweep GC freed 40(1344B) AllocSpace objects, 0(0B) LOS objects, 23% free, 50MB/66MB, paused 2.263ms total 57.112ms
08-06 17:27:05.820 28083 28159 I art     : Starting a blocking GC Explicit
08-06 17:27:05.879 28083 28159 I art     : Explicit concurrent mark sweep GC freed 3(96B) AllocSpace objects, 0(0B) LOS objects, 23% free, 50MB/66MB, paused 2.456ms total 57.836ms
08-06 17:27:05.903 28083 28159 I art     : Starting a blocking GC Explicit
08-06 17:27:05.963 28083 28159 I art     : Explicit concurrent mark sweep GC freed 3(96B) AllocSpace objects, 0(0B) LOS objects, 23% free, 50MB/66MB, paused 2.355ms total 59.367ms
08-06 17:27:05.983 28083 28159 I art     : Starting a blocking GC Explicit
08-06 17:27:06.040 28083 28159 I art     : Explicit concurrent mark sweep GC freed 3(96B) AllocSpace objects, 0(0B) LOS objects, 23% free, 50MB/66MB, paused 2.451ms total 56.157ms
08-06 17:27:06.521 28083 28096 I art     : Starting a blocking GC Explicit
08-06 17:27:06.581 28083 28096 I art     : Explicit concurrent mark sweep GC freed 1424(82KB) AllocSpace objects, 1(20KB) LOS objects, 23% free, 50MB/66MB, paused 2.481ms total 59.582ms
08-06 17:27:06.601 28083 28096 I art     : Starting a blocking GC Explicit
08-06 17:27:06.656 28083 28096 I art     : Explicit concurrent mark sweep GC freed 79(2432B) AllocSpace objects, 0(0B) LOS objects, 23% free, 50MB/66MB, paused 2.257ms total 54.276ms
08-06 17:27:06.676 28083 28096 I art     : Starting a blocking GC Explicit
08-06 17:27:06.729 28083 28096 I art     : Explicit concurrent mark sweep GC freed 4(128B) AllocSpace objects, 0(0B) LOS objects, 23% free, 50MB/66MB, paused 2.350ms total 52.618ms
08-06 17:27:06.748 28083 28096 I art     : Starting a blocking GC Explicit
08-06 17:27:06.804 28083 28096 I art     : Explicit concurrent mark sweep GC freed 3(96B) AllocSpace objects, 0(0B) LOS objects, 23% free, 50MB/66MB, paused 2.267ms total 55.797ms
08-06 17:27:06.824 28083 28096 I art     : Starting a blocking GC Explicit
08-06 17:27:06.885 28083 28096 I art     : Explicit concurrent mark sweep GC freed 3(96B) AllocSpace objects, 0(0B) LOS objects, 23% free, 50MB/66MB, paused 3.057ms total 60.612ms
08-06 17:27:07.310 28083 30576 I art     : Starting a blocking GC Explicit
08-06 17:27:07.379 28083 30576 I art     : Explicit concurrent mark sweep GC freed 1381(81KB) AllocSpace objects, 1(20KB) LOS objects, 23% free, 50MB/66MB, paused 2.899ms total 68.127ms
08-06 17:27:07.403 28083 30576 I art     : Starting a blocking GC Explicit
08-06 17:27:07.462 28083 30576 I art     : Explicit concurrent mark sweep GC freed 23(752B) AllocSpace objects, 0(0B) LOS objects, 23% free, 50MB/66MB, paused 3.144ms total 58.083ms
08-06 17:27:07.487 28083 30576 I art     : Starting a blocking GC Explicit
08-06 17:27:07.545 28083 30576 I art     : Explicit concurrent mark sweep GC freed 3(96B) AllocSpace objects, 0(0B) LOS objects, 23% free, 50MB/66MB, paused 2.273ms total 58.228ms
08-06 17:27:07.570 28083 30576 I art     : Starting a blocking GC Explicit
08-06 17:27:07.629 28083 30576 I art     : Explicit concurrent mark sweep GC freed 32(880B) AllocSpace objects, 0(0B) LOS objects, 23% free, 50MB/66MB, paused 2.467ms total 58.500ms
08-06 17:27:07.653 28083 30576 I art     : Starting a blocking GC Explicit
08-06 17:27:07.711 28083 30576 I art     : Explicit concurrent mark sweep GC freed 3(96B) AllocSpace objects, 0(0B) LOS objects, 23% free, 50MB/66MB, paused 2.377ms total 58.162ms
08-06 17:27:08.153 28083 28614 I art     : Starting a blocking GC Explicit
08-06 17:27:08.215 28083 28614 I art     : Explicit concurrent mark sweep GC freed 1381(81KB) AllocSpace objects, 1(20KB) LOS objects, 23% free, 50MB/66MB, paused 2.271ms total 61.240ms
08-06 17:27:08.238 28083 28614 I art     : Starting a blocking GC Explicit
08-06 17:27:08.299 28083 28614 I art     : Explicit concurrent mark sweep GC freed 23(752B) AllocSpace objects, 0(0B) LOS objects, 23% free, 50MB/66MB, paused 2.458ms total 59.695ms
08-06 17:27:08.319 28083 28614 I art     : Starting a blocking GC Explicit
08-06 17:27:08.380 28083 28614 I art     : Explicit concurrent mark sweep GC freed 3(96B) AllocSpace objects, 0(0B) LOS objects, 23% free, 50MB/66MB, paused 3.068ms total 60.813ms
08-06 17:27:08.403 28083 28614 I art     : Starting a blocking GC Explicit
08-06 17:27:08.464 28083 28614 I art     : Explicit concurrent mark sweep GC freed 3(96B) AllocSpace objects, 0(0B) LOS objects, 23% free, 50MB/66MB, paused 2.713ms total 59.628ms
08-06 17:27:08.488 28083 28614 I art     : Starting a blocking GC Explicit
08-06 17:27:08.546 28083 28614 I art     : Explicit concurrent mark sweep GC freed 3(96B) AllocSpace objects, 0(0B) LOS objects, 23% free, 50MB/66MB, paused 2.256ms total 56.868ms
08-06 17:27:08.983 28083 28095 I art     : Starting a blocking GC Explicit
08-06 17:27:08.989   518   646 I ThermalEngine: ACTION: GPU - Setting GPU[0] to 450000000
08-06 17:27:09.040 28083 28095 I art     : Explicit concurrent mark sweep GC freed 1410(81KB) AllocSpace objects, 1(20KB) LOS objects, 23% free, 50MB/66MB, paused 1.801ms total 55.723ms
08-06 17:27:09.056 28083 28095 I art     : Starting a blocking GC Explicit
08-06 17:27:09.099 28083 28095 I art     : Explicit concurrent mark sweep GC freed 23(752B) AllocSpace objects, 0(0B) LOS objects, 23% free, 50MB/66MB, paused 1.610ms total 43.475ms
08-06 17:27:09.113 28083 28095 I art     : Starting a blocking GC Explicit
08-06 17:27:09.161 28083 28095 I art     : Explicit concurrent mark sweep GC freed 3(96B) AllocSpace objects, 0(0B) LOS objects, 23% free, 50MB/66MB, paused 1.638ms total 47.794ms
08-06 17:27:09.175 28083 28095 I art     : Starting a blocking GC Explicit
08-06 17:27:09.222 28083 28095 I art     : Explicit concurrent mark sweep GC freed 3(96B) AllocSpace objects, 0(0B) LOS objects, 23% free, 50MB/66MB, paused 1.636ms total 47.202ms
08-06 17:27:09.236 28083 28095 I art     : Starting a blocking GC Explicit
08-06 17:27:09.284 28083 28095 I art     : Explicit concurrent mark sweep GC freed 3(96B) AllocSpace objects, 0(0B) LOS objects, 23% free, 50MB/66MB, paused 1.633ms total 48.635ms
08-06 17:27:09.680 28083 28159 I art     : Starting a blocking GC Explicit
08-06 17:27:09.737 28083 28159 I art     : Explicit concurrent mark sweep GC freed 1411(82KB) AllocSpace objects, 1(20KB) LOS objects, 23% free, 50MB/66MB, paused 1.677ms total 56.277ms
08-06 17:27:09.752 28083 28159 I art     : Starting a blocking GC Explicit
08-06 17:27:09.796 28083 28159 I art     : Explicit concurrent mark sweep GC freed 23(752B) AllocSpace objects, 0(0B) LOS objects, 23% free, 50MB/66MB, paused 1.562ms total 43.814ms
08-06 17:27:09.810 28083 28159 I art     : Starting a blocking GC Explicit
08-06 17:27:09.853 28083 28159 I art     : Explicit concurrent mark sweep GC freed 3(96B) AllocSpace objects, 0(0B) LOS objects, 23% free, 50MB/66MB, paused 1.559ms total 42.908ms
08-06 17:27:09.866 28083 28159 I art     : Starting a blocking GC Explicit
08-06 17:27:09.911 28083 28159 I art     : Explicit concurrent mark sweep GC freed 3(96B) AllocSpace objects, 0(0B) LOS objects, 23% free, 50MB/66MB, paused 1.588ms total 44.200ms
08-06 17:27:09.924 28083 28159 I art     : Starting a blocking GC Explicit
08-06 17:27:09.968 28083 28159 I art     : Explicit concurrent mark sweep GC freed 3(96B) AllocSpace objects, 0(0B) LOS objects, 23% free, 50MB/66MB, paused 1.670ms total 43.975ms
08-06 17:27:10.368 28083 28096 I art     : Starting a blocking GC Explicit
08-06 17:27:10.430 28083 28096 I art     : Explicit concurrent mark sweep GC freed 1384(81KB) AllocSpace objects, 1(20KB) LOS objects, 23% free, 50MB/66MB, paused 1.761ms total 61.267ms
08-06 17:27:10.446 28083 28096 I art     : Starting a blocking GC Explicit
08-06 17:27:10.494 28083 28096 I art     : Explicit concurrent mark sweep GC freed 23(752B) AllocSpace objects, 0(0B) LOS objects, 23% free, 50MB/66MB, paused 1.644ms total 47.411ms
08-06 17:27:10.508 28083 28096 I art     : Starting a blocking GC Explicit
08-06 17:27:10.555 28083 28096 I art     : Explicit concurrent mark sweep GC freed 3(96B) AllocSpace objects, 0(0B) LOS objects, 23% free, 50MB/66MB, paused 1.590ms total 46.543ms
08-06 17:27:10.568 28083 28096 I art     : Starting a blocking GC Explicit
08-06 17:27:10.614 28083 28096 I art     : Explicit concurrent mark sweep GC freed 32(880B) AllocSpace objects, 0(0B) LOS objects, 23% free, 50MB/66MB, paused 1.590ms total 46.124ms
08-06 17:27:10.628 28083 28096 I art     : Starting a blocking GC Explicit
08-06 17:27:10.677 28083 28096 I art     : Explicit concurrent mark sweep GC freed 3(96B) AllocSpace objects, 0(0B) LOS objects, 23% free, 50MB/66MB, paused 1.622ms total 48.322ms
08-06 17:27:10.874 25638 25638 I ServiceManager: Waiting for service AtCmdFwd...
08-06 17:27:11.039 28083 30576 I art     : Starting a blocking GC Explicit
08-06 17:27:11.093 28083 30576 I art     : Explicit concurrent mark sweep GC freed 1381(81KB) AllocSpace objects, 1(20KB) LOS objects, 23% free, 50MB/66MB, paused 1.776ms total 54.194ms
08-06 17:27:11.109 28083 30576 I art     : Starting a blocking GC Explicit
08-06 17:27:11.155 28083 30576 I art     : Explicit concurrent mark sweep GC freed 23(752B) AllocSpace objects, 0(0B) LOS objects, 23% free, 50MB/66MB, paused 1.653ms total 45.821ms
08-06 17:27:11.169 28083 30576 I art     : Starting a blocking GC Explicit
08-06 17:27:11.214 28083 30576 I art     : Explicit concurrent mark sweep GC freed 3(96B) AllocSpace objects, 0(0B) LOS objects, 23% free, 50MB/66MB, paused 1.645ms total 44.600ms
08-06 17:27:11.227 28083 30576 I art     : Starting a blocking GC Explicit
08-06 17:27:11.273 28083 30576 I art     : Explicit concurrent mark sweep GC freed 3(96B) AllocSpace objects, 0(0B) LOS objects, 23% free, 50MB/66MB, paused 1.640ms total 45.795ms
08-06 17:27:11.286 28083 30576 I art     : Starting a blocking GC Explicit
08-06 17:27:11.332 28083 30576 I art     : Explicit concurrent mark sweep GC freed 3(96B) AllocSpace objects, 0(0B) LOS objects, 23% free, 50MB/66MB, paused 1.634ms total 45.395ms
08-06 17:27:11.437 31343 31343 D AndroidRuntime: >>>>>> START com.android.internal.os.RuntimeInit uid 2000 <<<<<<
08-06 17:27:11.444 31343 31343 D AndroidRuntime: CheckJNI is OFF
08-06 17:27:11.488 31343 31343 D ICU     : No timezone override file found: /data/misc/zoneinfo/current/icu/icu_tzdata.dat
08-06 17:27:11.532 31343 31343 I Radio-JNI: register_android_hardware_Radio DONE
08-06 17:27:11.560 31343 31343 D AndroidRuntime: Calling main entry com.android.commands.input.Input
08-06 17:27:11.563 31343 31343 I Input   : injectMotionEvent: MotionEvent { action=ACTION_DOWN, actionButton=0, id[0]=0, x[0]=526.0, y[0]=597.0, toolType[0]=TOOL_TYPE_UNKNOWN, buttonState=0, metaState=0, flags=0x0, edgeFlags=0x0, pointerCount=1, historySize=0, eventTime=898047975, downTime=898047975, deviceId=0, source=0x1002 }
08-06 17:27:11.569 31343 31343 I Input   : injectMotionEvent: MotionEvent { action=ACTION_UP, actionButton=0, id[0]=0, x[0]=526.0, y[0]=597.0, toolType[0]=TOOL_TYPE_UNKNOWN, buttonState=0, metaState=0, flags=0x0, edgeFlags=0x0, pointerCount=1, historySize=0, eventTime=898047975, downTime=898047975, deviceId=0, source=0x1002 }
08-06 17:27:11.571 31343 31343 D AndroidRuntime: Shutting down VM
08-06 17:27:11.636 28083 28083 D PodcastListFragment: Selected podcast: GpodnetPodcast [url=http://feeds.feedburner.com/linuxoutlaws, title=Linux Outlaws, description=Two pragmatic geeks talk about the latest news concerning Linux, free and open
08-06 17:27:11.636 28083 28083 D PodcastListFragment: technology or anything else they deem noteworthy which may include such absurd
08-06 17:27:11.636 28083 28083 D PodcastListFragment: things as hockey or bands you never heard of. This means there's many a joke
08-06 17:27:11.636 28083 28083 D PodcastListFragment: and derailed conversation along the way, so don't come here expecting only
08-06 17:27:11.636 28083 28083 D PodcastListFragment: Linux or software freedom talk  just sit back and relax, partner., subscribers=3321, logoUrl=http://sixgun.org/files/linuxoutlaws.jpg, website=http://sixgun.org, mygpoLink=http://gpodder.net/podcast/linux-outlaws-mp3]
08-06 17:27:11.637   918  3670 I ActivityManager: START u0 {cmp=baseline.de.danoeh.antennapod.debug/baseline.de.danoeh.antennapod.activity.OnlineFeedViewActivity (has extras)} from uid 10711 on display 0
08-06 17:27:11.638   512  2967 D audio_hw_primary: out_set_parameters: enter: usecase(1: low-latency-playback) kvpairs: routing=2
08-06 17:27:11.651   512  2967 D audio_hw_primary: select_devices: out_snd_device(2: speaker) in_snd_device(0: none)
08-06 17:27:11.651   512  2967 D msm8974_platform: platform_send_audio_calibration: sending audio calibration for snd_device(2) acdb_id(15)
08-06 17:27:11.652   512  2967 I soundtrigger: audio_extn_sound_trigger_update_device_status: device 0x2 of type 0 for Event 1
08-06 17:27:11.663   512  2967 D audio_hw_primary: enable_snd_device: snd_device(2: speaker)
08-06 17:27:11.666   512  2967 D audio_hw_primary: enable_audio_route: apply and update mixer path: low-latency-playback speaker
08-06 17:27:11.673 28083 28083 D UserPreferences: Using default data folder
08-06 17:27:11.676 28083 28083 D OnlineFeedViewActivity: Activity was started with url http://feeds.feedburner.com/linuxoutlaws
08-06 17:27:11.681 28083 28083 D OnlineFeedViewActivity: Starting feed download
08-06 17:27:11.684 28083 28103 D DBReader: Extracting Feedlist
08-06 17:27:11.687   918  4413 D WifiService: acquireWifiLockLocked: WifiLock{Downloader type=1 binder=android.os.BinderProxy@3c20c75}
08-06 17:27:11.688 28083 28103 D AntennapodHttpClient: Creating new instance of HTTP client
08-06 17:27:11.700 28083 28159 I art     : Starting a blocking GC Explicit
08-06 17:27:11.740 28083 28159 I art     : Explicit concurrent mark sweep GC freed 2704(183KB) AllocSpace objects, 1(20KB) LOS objects, 23% free, 51MB/67MB, paused 2.185ms total 39.866ms
08-06 17:27:11.742 13866 13866 I GoogleInputMethodServic: GoogleInputMethodService.onFinishInput():3138 
08-06 17:27:11.743 13866 13866 I GoogleInputMethodServic: GoogleInputMethodService.onStartInput():1808 
08-06 17:27:11.753 28083 28159 I art     : Starting a blocking GC Explicit
08-06 17:27:11.767   918   936 I ActivityManager: Displayed baseline.de.danoeh.antennapod.debug/baseline.de.danoeh.antennapod.activity.OnlineFeedViewActivity: +119ms
08-06 17:27:11.801 28083 28104 D OpenGLRenderer: endAllStagingAnimators on 0x7f75ebc800 (GridView) with handle 0x7f79ebe900
08-06 17:27:11.801 28083 28103 D MYTAG   : interceptor 3a http://feeds.feedburner.com/linuxoutlaws
08-06 17:27:11.802 28083 28159 I art     : Explicit concurrent mark sweep GC freed 477(22KB) AllocSpace objects, 0(0B) LOS objects, 23% free, 51MB/67MB, paused 1.614ms total 48.182ms
08-06 17:27:11.802 28083 28103 I NAPPA_EXPERIMENTATION: MetricNetworkRequestExecutionTime: REQUEST_DURATION_SYSTEM='113',REQUEST_DURATION_OKHTTP='50',REQUEST_SYNCHRONOUS='TRUE',RESPONSE_CODE='200',RESPONSE_METHOD='GET',RESPONSE_LENGTH_OKHTTP='-1',RESPONSE_LENGTH_HEADER='-2',REQUEST_PROTOCOL='http/1.1',REQUEST_URL='http://feeds.feedburner.com/linuxoutlaws',
08-06 17:27:11.802 28083 28103 D HttpDownloader: Response code is 200
08-06 17:27:11.802 28083 28103 D UserPreferences: Using default data folder
08-06 17:27:11.806 28083 28103 D HttpDownloader: Getting size of download
08-06 17:27:11.806 28083 28103 D HttpDownloader: Size is -1
08-06 17:27:11.806 28083 28103 D UserPreferences: Using default data folder
08-06 17:27:11.807 28083 28103 D HttpDownloader: Free space is 20340596736
08-06 17:27:11.807 28083 28103 D HttpDownloader: Starting download
08-06 17:27:11.810 28083 28103 D HttpDownloader: Download was successful
08-06 17:27:11.811   918  3961 D WifiService: releaseWifiLockLocked: WifiLock{Downloader type=1 binder=android.os.BinderProxy@3c20c75}
08-06 17:27:11.811 28083 28083 D OnlineFeedViewActivity: Parsing feed
08-06 17:27:11.815 28083 31377 D TypeGetter: Recognized type RSS 2.0
08-06 17:27:11.815 28083 28159 I art     : Starting a blocking GC Explicit
08-06 17:27:11.817 28083 31377 D SyndHandler: Recognized Content namespace
08-06 17:27:11.817 28083 31377 D SyndHandler: Recognized DublinCore namespace
08-06 17:27:11.817 28083 31377 D SyndHandler: Recognized Atom namespace
08-06 17:27:11.817 28083 31377 D SyndHandler: Recognized ITunes namespace
08-06 17:27:11.818 28083 31377 D SyndHandler: Recognized media namespace
08-06 17:27:11.856 28083 28159 I art     : Explicit concurrent mark sweep GC freed 1933(399KB) AllocSpace objects, 3(60KB) LOS objects, 23% free, 51MB/67MB, paused 1.750ms total 40.842ms
08-06 17:27:11.863 28083 31377 D OnlineFeedViewActivity: Deleted feed source file. Result: true
08-06 17:27:11.864 28083 28083 D OnlineFeedViewActivity: Removing HTML from shownotes
08-06 17:27:11.870 28083 28159 I art     : Starting a blocking GC Explicit
08-06 17:27:11.875 25638 25638 I ServiceManager: Waiting for service AtCmdFwd...
08-06 17:27:11.885 28083 28975 D ApOkHttpUrlLoader: buildLoadData() called with: model = [http://sixgun.org/files/linuxoutlaws.jpg], width = [350], height = [350]
08-06 17:27:11.886 28083 28809 D DBReader: getImageAuthentication() called with: imageUrl = [http://sixgun.org/files/linuxoutlaws.jpg]
08-06 17:27:11.891 28083 28809 D ApOkHttpUrlLoader: no credentials for 'http://sixgun.org/files/linuxoutlaws.jpg'
08-06 17:27:11.913 28083 28159 I art     : Explicit concurrent mark sweep GC freed 3973(367KB) AllocSpace objects, 11(748KB) LOS objects, 23% free, 51MB/67MB, paused 1.708ms total 43.034ms
08-06 17:27:11.924 28083 28809 D DBWriter: updateFeedDownloadURL(original: http://sixgun.org/files/linuxoutlaws.jpg, updated: https://fab.industries/sixgun/files/linuxoutlaws.jpg)
08-06 17:27:11.926 28083 28159 I art     : Starting a blocking GC Explicit
08-06 17:27:11.969 28083 28159 I art     : Explicit concurrent mark sweep GC freed 949(46KB) AllocSpace objects, 0(0B) LOS objects, 23% free, 51MB/67MB, paused 1.784ms total 42.925ms
08-06 17:27:12.012   380   380 W SurfaceFlinger: couldn't log to binary event log: overflow.
08-06 17:27:12.065 28083 28809 D MYTAG   : interceptor 2a
08-06 17:27:12.065 28083 28809 I NAPPA_EXPERIMENTATION: MetricNetworkRequestExecutionTime: REQUEST_DURATION_SYSTEM='174',REQUEST_DURATION_OKHTTP='137',REQUEST_SYNCHRONOUS='TRUE',RESPONSE_CODE='404',RESPONSE_METHOD='GET',RESPONSE_LENGTH_OKHTTP='-1',RESPONSE_LENGTH_HEADER='1503',REQUEST_PROTOCOL='h2',REQUEST_URL='https://fab.industries/sixgun/files/linuxoutlaws.jpg',
08-06 17:27:12.068 28083 28083 W Glide   : Load failed for http://sixgun.org/files/linuxoutlaws.jpg with size [350x350]
08-06 17:27:12.068 28083 28083 W Glide   : class com.bumptech.glide.load.engine.GlideException: Failed to load resource
08-06 17:27:12.068 28083 28083 W Glide   : There was 1 cause:
08-06 17:27:12.068 28083 28083 W Glide   : com.bumptech.glide.load.HttpException()
08-06 17:27:12.068 28083 28083 W Glide   :  call GlideException#logRootCauses(String) for more detail
08-06 17:27:12.068 28083 28083 W Glide   :   Cause (1 of 1): class com.bumptech.glide.load.engine.GlideException: Fetching data failed, class java.io.InputStream, REMOTE
08-06 17:27:12.068 28083 28083 W Glide   : There was 1 cause:
08-06 17:27:12.068 28083 28083 W Glide   : com.bumptech.glide.load.HttpException()
08-06 17:27:12.068 28083 28083 W Glide   :  call GlideException#logRootCauses(String) for more detail
08-06 17:27:12.068 28083 28083 W Glide   :     Cause (1 of 1): class com.bumptech.glide.load.HttpException: 
08-06 17:27:12.069 28083 28083 I Glide   : Root cause (1 of 1)
08-06 17:27:12.069 28083 28083 I Glide   : com.bumptech.glide.load.HttpException: 
08-06 17:27:12.069 28083 28083 I Glide   : 	at com.bumptech.glide.integration.okhttp3.OkHttpStreamFetcher.onResponse(OkHttpStreamFetcher.java:73)
08-06 17:27:12.069 28083 28083 I Glide   : 	at okhttp3.RealCall$AsyncCall.execute(RealCall.java:174)
08-06 17:27:12.069 28083 28083 I Glide   : 	at okhttp3.internal.NamedRunnable.run(NamedRunnable.java:32)
08-06 17:27:12.069 28083 28083 I Glide   : 	at java.util.concurrent.ThreadPoolExecutor.runWorker(ThreadPoolExecutor.java:1113)
08-06 17:27:12.069 28083 28083 I Glide   : 	at java.util.concurrent.ThreadPoolExecutor$Worker.run(ThreadPoolExecutor.java:588)
08-06 17:27:12.069 28083 28083 I Glide   : 	at java.lang.Thread.run(Thread.java:818)
08-06 17:27:12.139 28083 28083 D PlaybackController: Releasing PlaybackController
08-06 17:27:12.198   512  2967 D audio_hw_primary: disable_audio_route: reset and update mixer path: low-latency-playback speaker
08-06 17:27:12.200   512  2967 D audio_hw_primary: disable_snd_device: snd_device(2: speaker)
08-06 17:27:12.207   512  2967 I soundtrigger: audio_extn_sound_trigger_update_device_status: device 0x2 of type 0 for Event 0
08-06 17:27:12.319 28083 28614 I art     : Starting a blocking GC Explicit
08-06 17:27:12.372 28083 28614 I art     : Explicit concurrent mark sweep GC freed 2164(145KB) AllocSpace objects, 2(132KB) LOS objects, 23% free, 51MB/67MB, paused 1.623ms total 52.748ms
08-06 17:27:12.385 28083 28614 I art     : Starting a blocking GC Explicit
08-06 17:27:12.432 28083 28614 I art     : Explicit concurrent mark sweep GC freed 50(1776B) AllocSpace objects, 0(0B) LOS objects, 23% free, 51MB/67MB, paused 1.576ms total 46.575ms
08-06 17:27:12.446 28083 28614 I art     : Starting a blocking GC Explicit
08-06 17:27:12.492 28083 28614 I art     : Explicit concurrent mark sweep GC freed 3(96B) AllocSpace objects, 0(0B) LOS objects, 23% free, 51MB/67MB, paused 1.564ms total 45.962ms
08-06 17:27:12.505 28083 28614 I art     : Starting a blocking GC Explicit
08-06 17:27:12.552 28083 28614 I art     : Explicit concurrent mark sweep GC freed 3(96B) AllocSpace objects, 0(0B) LOS objects, 23% free, 51MB/67MB, paused 1.603ms total 46.707ms
08-06 17:27:12.566 28083 28614 I art     : Starting a blocking GC Explicit
08-06 17:27:12.612 28083 28614 I art     : Explicit concurrent mark sweep GC freed 32(880B) AllocSpace objects, 0(0B) LOS objects, 23% free, 51MB/67MB, paused 1.604ms total 45.959ms
08-06 17:27:12.875 25638 25638 I ServiceManager: Waiting for service AtCmdFwd...
08-06 17:27:12.987 28083 28095 I art     : Starting a blocking GC Explicit
08-06 17:27:13.003   518   646 I ThermalEngine: ACTION: GPU - Setting GPU[0] to 390000000
08-06 17:27:13.077 28083 28095 I art     : Explicit concurrent mark sweep GC freed 1381(81KB) AllocSpace objects, 1(20KB) LOS objects, 23% free, 51MB/67MB, paused 2.735ms total 89.635ms
08-06 17:27:13.102 28083 28095 I art     : Starting a blocking GC Explicit
08-06 17:27:13.161 28083 28095 I art     : Explicit concurrent mark sweep GC freed 23(768B) AllocSpace objects, 0(0B) LOS objects, 23% free, 51MB/67MB, paused 2.407ms total 58.937ms
08-06 17:27:13.182 28083 28095 I art     : Starting a blocking GC Explicit
08-06 17:27:13.240 28083 28095 I art     : Explicit concurrent mark sweep GC freed 3(96B) AllocSpace objects, 0(0B) LOS objects, 23% free, 51MB/67MB, paused 2.403ms total 58.178ms
08-06 17:27:13.262 28083 28095 I art     : Starting a blocking GC Explicit
08-06 17:27:13.321 28083 28095 I art     : Explicit concurrent mark sweep GC freed 3(96B) AllocSpace objects, 0(0B) LOS objects, 23% free, 51MB/67MB, paused 2.363ms total 58.587ms
08-06 17:27:13.341 28083 28095 I art     : Starting a blocking GC Explicit
08-06 17:27:13.401 28083 28095 I art     : Explicit concurrent mark sweep GC freed 3(96B) AllocSpace objects, 0(0B) LOS objects, 23% free, 51MB/67MB, paused 3.017ms total 59.770ms
08-06 17:27:13.835 28083 28095 I art     : Starting a blocking GC Explicit
08-06 17:27:13.876 25638 25638 I ServiceManager: Waiting for service AtCmdFwd...
08-06 17:27:13.894 28083 28095 I art     : Explicit concurrent mark sweep GC freed 1440(82KB) AllocSpace objects, 1(20KB) LOS objects, 23% free, 51MB/67MB, paused 2.336ms total 58.687ms
08-06 17:27:13.919 28083 28095 I art     : Starting a blocking GC Explicit
08-06 17:27:13.978 28083 28095 I art     : Explicit concurrent mark sweep GC freed 23(752B) AllocSpace objects, 0(0B) LOS objects, 23% free, 51MB/67MB, paused 2.448ms total 59.400ms
08-06 17:27:13.999 28083 28095 I art     : Starting a blocking GC Explicit
08-06 17:27:14.065 28083 28095 I art     : Explicit concurrent mark sweep GC freed 3(96B) AllocSpace objects, 0(0B) LOS objects, 23% free, 51MB/67MB, paused 3.108ms total 65.262ms
08-06 17:27:14.085 28083 28095 I art     : Starting a blocking GC Explicit
08-06 17:27:14.143 28083 28095 I art     : Explicit concurrent mark sweep GC freed 3(96B) AllocSpace objects, 0(0B) LOS objects, 23% free, 51MB/67MB, paused 2.311ms total 57.955ms
08-06 17:27:14.164 28083 28095 I art     : Starting a blocking GC Explicit
08-06 17:27:14.224 28083 28095 I art     : Explicit concurrent mark sweep GC freed 3(96B) AllocSpace objects, 0(0B) LOS objects, 23% free, 51MB/67MB, paused 2.878ms total 59.487ms
08-06 17:27:14.657 28083 28159 I art     : Starting a blocking GC Explicit
08-06 17:27:14.728 28083 28159 I art     : Explicit concurrent mark sweep GC freed 1410(81KB) AllocSpace objects, 1(20KB) LOS objects, 23% free, 51MB/67MB, paused 2.814ms total 70.851ms
08-06 17:27:14.752 28083 28159 I art     : Starting a blocking GC Explicit
08-06 17:27:14.810 28083 28159 I art     : Explicit concurrent mark sweep GC freed 23(768B) AllocSpace objects, 0(0B) LOS objects, 23% free, 51MB/67MB, paused 2.542ms total 57.117ms
08-06 17:27:14.830 28083 28159 I art     : Starting a blocking GC Explicit
08-06 17:27:14.877 25638 25638 I ServiceManager: Waiting for service AtCmdFwd...
08-06 17:27:14.890 28083 28159 I art     : Explicit concurrent mark sweep GC freed 3(96B) AllocSpace objects, 0(0B) LOS objects, 23% free, 51MB/67MB, paused 2.593ms total 58.708ms
08-06 17:27:14.910 28083 28159 I art     : Starting a blocking GC Explicit
08-06 17:27:14.968 28083 28159 I art     : Explicit concurrent mark sweep GC freed 3(96B) AllocSpace objects, 0(0B) LOS objects, 23% free, 51MB/67MB, paused 2.483ms total 58.014ms
08-06 17:27:14.989 28083 28159 I art     : Starting a blocking GC Explicit
08-06 17:27:15.052 28083 28159 I art     : Explicit concurrent mark sweep GC freed 3(96B) AllocSpace objects, 0(0B) LOS objects, 23% free, 51MB/67MB, paused 2.778ms total 62.777ms
08-06 17:27:15.496 28083 28096 I art     : Starting a blocking GC Explicit
08-06 17:27:15.575 28083 28096 I art     : Explicit concurrent mark sweep GC freed 1381(81KB) AllocSpace objects, 1(20KB) LOS objects, 23% free, 51MB/67MB, paused 2.754ms total 78.192ms
08-06 17:27:15.595 28083 28096 I art     : Starting a blocking GC Explicit
08-06 17:27:15.654 28083 28096 I art     : Explicit concurrent mark sweep GC freed 52(1536B) AllocSpace objects, 0(0B) LOS objects, 23% free, 51MB/67MB, paused 2.610ms total 58.264ms
08-06 17:27:15.675 28083 28096 I art     : Starting a blocking GC Explicit
08-06 17:27:15.734 28083 28096 I art     : Explicit concurrent mark sweep GC freed 3(96B) AllocSpace objects, 0(0B) LOS objects, 23% free, 51MB/67MB, paused 2.397ms total 58.934ms
08-06 17:27:15.754 28083 28096 I art     : Starting a blocking GC Explicit
08-06 17:27:15.813 28083 28096 I art     : Explicit concurrent mark sweep GC freed 3(96B) AllocSpace objects, 0(0B) LOS objects, 23% free, 51MB/67MB, paused 2.569ms total 58.606ms
08-06 17:27:15.834 28083 28096 I art     : Starting a blocking GC Explicit
08-06 17:27:15.877 25638 25638 W Atfwd_Sendcmd: AtCmdFwd service not published, waiting... retryCnt : 3
08-06 17:27:15.887 28083 28096 I art     : Explicit concurrent mark sweep GC freed 4(240B) AllocSpace objects, 0(0B) LOS objects, 23% free, 51MB/67MB, paused 2.282ms total 52.641ms
08-06 17:27:16.003   518   646 I ThermalEngine: ACTION: GPU - Setting GPU[0] to 450000000
08-06 17:27:16.268 28083 28614 I art     : Starting a blocking GC Explicit
08-06 17:27:16.325 28083 28614 I art     : Explicit concurrent mark sweep GC freed 1383(84KB) AllocSpace objects, 1(20KB) LOS objects, 23% free, 51MB/67MB, paused 1.839ms total 56.442ms
08-06 17:27:16.341 28083 28614 I art     : Starting a blocking GC Explicit
08-06 17:27:16.371 31429 31429 D AndroidRuntime: >>>>>> START com.android.internal.os.RuntimeInit uid 2000 <<<<<<
08-06 17:27:16.377 31429 31429 D AndroidRuntime: CheckJNI is OFF
08-06 17:27:16.387 28083 28614 I art     : Explicit concurrent mark sweep GC freed 23(768B) AllocSpace objects, 0(0B) LOS objects, 23% free, 51MB/67MB, paused 1.782ms total 46.040ms
08-06 17:27:16.400 28083 28614 I art     : Starting a blocking GC Explicit
08-06 17:27:16.424 31429 31429 D ICU     : No timezone override file found: /data/misc/zoneinfo/current/icu/icu_tzdata.dat
08-06 17:27:16.447 28083 28614 I art     : Explicit concurrent mark sweep GC freed 3(96B) AllocSpace objects, 0(0B) LOS objects, 23% free, 51MB/67MB, paused 1.742ms total 46.362ms
08-06 17:27:16.460 28083 28614 I art     : Starting a blocking GC Explicit
08-06 17:27:16.472 31429 31429 I Radio-JNI: register_android_hardware_Radio DONE
08-06 17:27:16.501 31429 31429 D AndroidRuntime: Calling main entry com.android.commands.input.Input
08-06 17:27:16.503 31429 31429 I Input   : injectKeyEvent: KeyEvent { action=ACTION_DOWN, keyCode=KEYCODE_BACK, scanCode=0, metaState=0, flags=0x0, repeatCount=0, eventTime=898052916, downTime=898052916, deviceId=-1, source=0x101 }
08-06 17:27:16.505 28083 28614 I art     : Explicit concurrent mark sweep GC freed 3(96B) AllocSpace objects, 0(0B) LOS objects, 23% free, 51MB/67MB, paused 1.726ms total 44.271ms
08-06 17:27:16.511 31429 31429 I Input   : injectKeyEvent: KeyEvent { action=ACTION_UP, keyCode=KEYCODE_BACK, scanCode=0, metaState=0, flags=0x0, repeatCount=0, eventTime=898052916, downTime=898052916, deviceId=-1, source=0x101 }
08-06 17:27:16.517 31429 31429 D AndroidRuntime: Shutting down VM
08-06 17:27:16.518 28083 28614 I art     : Starting a blocking GC Explicit
08-06 17:27:16.522 28083 28083 V PlaybackController: initServiceNotRunning()
08-06 17:27:16.522 28083 28083 D ExternalPlayerFragment: Loading media info
08-06 17:27:16.523 28083 28975 D ApOkHttpUrlLoader: buildLoadData() called with: model = [http://sixgun.org/files/linuxoutlaws.jpg], width = [224], height = [224]
08-06 17:27:16.524 28083 28809 D DBReader: getImageAuthentication() called with: imageUrl = [http://sixgun.org/files/linuxoutlaws.jpg]
08-06 17:27:16.528 28083 28809 D ApOkHttpUrlLoader: no credentials for 'http://sixgun.org/files/linuxoutlaws.jpg'
08-06 17:27:16.529 28083 28083 D UserPreferences: Using default data folder
08-06 17:27:16.529 28083 28103 D DBReader: getNavDrawerData() called with: 
08-06 17:27:16.543 28083 28103 D DBReader: getDownloadedItems() called
08-06 17:27:16.544 28083 28103 D DBReader: getFavoriteIDList() called
08-06 17:27:16.545 28083 28103 D DBReader: getQueueIDList() called
08-06 17:27:16.545 28083 28103 D DBReader: Extracting Feedlist
08-06 17:27:16.559 28083 28614 I art     : Explicit concurrent mark sweep GC freed 910(65KB) AllocSpace objects, 0(0B) LOS objects, 23% free, 51MB/67MB, paused 1.835ms total 41.153ms
08-06 17:27:16.560 13866 13866 I GoogleInputMethodServic: GoogleInputMethodService.onFinishInput():3138 
08-06 17:27:16.560 28083 28083 D MainActivity: getLastNavFragment() -> AddFeedFragment
08-06 17:27:16.561 13866 13866 I GoogleInputMethodServic: GoogleInputMethodService.onStartInput():1808 
08-06 17:27:16.600 28083 28809 D DBWriter: updateFeedDownloadURL(original: http://sixgun.org/files/linuxoutlaws.jpg, updated: https://fab.industries/sixgun/files/linuxoutlaws.jpg)
08-06 17:27:16.748 28083 28809 D MYTAG   : interceptor 2a
08-06 17:27:16.749 28083 28809 I NAPPA_EXPERIMENTATION: MetricNetworkRequestExecutionTime: REQUEST_DURATION_SYSTEM='220',REQUEST_DURATION_OKHTTP='145',REQUEST_SYNCHRONOUS='TRUE',RESPONSE_CODE='404',RESPONSE_METHOD='GET',RESPONSE_LENGTH_OKHTTP='-1',RESPONSE_LENGTH_HEADER='1503',REQUEST_PROTOCOL='h2',REQUEST_URL='https://fab.industries/sixgun/files/linuxoutlaws.jpg',
08-06 17:27:16.750 28083 28083 W Glide   : Load failed for http://sixgun.org/files/linuxoutlaws.jpg with size [224x224]
08-06 17:27:16.750 28083 28083 W Glide   : class com.bumptech.glide.load.engine.GlideException: Failed to load resource
08-06 17:27:16.750 28083 28083 W Glide   : There was 1 cause:
08-06 17:27:16.750 28083 28083 W Glide   : com.bumptech.glide.load.HttpException()
08-06 17:27:16.750 28083 28083 W Glide   :  call GlideException#logRootCauses(String) for more detail
08-06 17:27:16.750 28083 28083 W Glide   :   Cause (1 of 1): class com.bumptech.glide.load.engine.GlideException: Fetching data failed, class java.io.InputStream, REMOTE
08-06 17:27:16.750 28083 28083 W Glide   : There was 1 cause:
08-06 17:27:16.750 28083 28083 W Glide   : com.bumptech.glide.load.HttpException()
08-06 17:27:16.750 28083 28083 W Glide   :  call GlideException#logRootCauses(String) for more detail
08-06 17:27:16.750 28083 28083 W Glide   :     Cause (1 of 1): class com.bumptech.glide.load.HttpException: 
08-06 17:27:16.750 28083 28083 I Glide   : Root cause (1 of 1)
08-06 17:27:16.750 28083 28083 I Glide   : com.bumptech.glide.load.HttpException: 
08-06 17:27:16.750 28083 28083 I Glide   : 	at com.bumptech.glide.integration.okhttp3.OkHttpStreamFetcher.onResponse(OkHttpStreamFetcher.java:73)
08-06 17:27:16.750 28083 28083 I Glide   : 	at okhttp3.RealCall$AsyncCall.execute(RealCall.java:174)
08-06 17:27:16.750 28083 28083 I Glide   : 	at okhttp3.internal.NamedRunnable.run(NamedRunnable.java:32)
08-06 17:27:16.750 28083 28083 I Glide   : 	at java.util.concurrent.ThreadPoolExecutor.runWorker(ThreadPoolExecutor.java:1113)
08-06 17:27:16.750 28083 28083 I Glide   : 	at java.util.concurrent.ThreadPoolExecutor$Worker.run(ThreadPoolExecutor.java:588)
08-06 17:27:16.750 28083 28083 I Glide   : 	at java.lang.Thread.run(Thread.java:818)
08-06 17:27:16.751 28083 28083 W Glide   : Load failed for http://sixgun.org/files/linuxoutlaws.jpg with size [224x224]
08-06 17:27:16.751 28083 28083 W Glide   : class com.bumptech.glide.load.engine.GlideException: Failed to load resource
08-06 17:27:16.751 28083 28083 W Glide   : There was 1 cause:
08-06 17:27:16.751 28083 28083 W Glide   : com.bumptech.glide.load.HttpException()
08-06 17:27:16.751 28083 28083 W Glide   :  call GlideException#logRootCauses(String) for more detail
08-06 17:27:16.751 28083 28083 W Glide   :   Cause (1 of 1): class com.bumptech.glide.load.engine.GlideException: Fetching data failed, class java.io.InputStream, REMOTE
08-06 17:27:16.751 28083 28083 W Glide   : There was 1 cause:
08-06 17:27:16.751 28083 28083 W Glide   : com.bumptech.glide.load.HttpException()
08-06 17:27:16.751 28083 28083 W Glide   :  call GlideException#logRootCauses(String) for more detail
08-06 17:27:16.751 28083 28083 W Glide   :     Cause (1 of 1): class com.bumptech.glide.load.HttpException: 
08-06 17:27:16.751 28083 28083 I Glide   : Root cause (1 of 1)
08-06 17:27:16.751 28083 28083 I Glide   : com.bumptech.glide.load.HttpException: 
08-06 17:27:16.751 28083 28083 I Glide   : 	at com.bumptech.glide.integration.okhttp3.OkHttpStreamFetcher.onResponse(OkHttpStreamFetcher.java:73)
08-06 17:27:16.751 28083 28083 I Glide   : 	at okhttp3.RealCall$AsyncCall.execute(RealCall.java:174)
08-06 17:27:16.751 28083 28083 I Glide   : 	at okhttp3.internal.NamedRunnable.run(NamedRunnable.java:32)
08-06 17:27:16.751 28083 28083 I Glide   : 	at java.util.concurrent.ThreadPoolExecutor.runWorker(ThreadPoolExecutor.java:1113)
08-06 17:27:16.751 28083 28083 I Glide   : 	at java.util.concurrent.ThreadPoolExecutor$Worker.run(ThreadPoolExecutor.java:588)
08-06 17:27:16.751 28083 28083 I Glide   : 	at java.lang.Thread.run(Thread.java:818)
08-06 17:27:16.866   380   380 W SurfaceFlinger: couldn't log to binary event log: overflow.
08-06 17:27:16.900 28083 28096 I art     : Starting a blocking GC Explicit
08-06 17:27:16.942 28083 28096 I art     : Explicit concurrent mark sweep GC freed 3698(238KB) AllocSpace objects, 1(20KB) LOS objects, 23% free, 51MB/67MB, paused 1.569ms total 42.646ms
08-06 17:27:16.955 28083 28096 I art     : Starting a blocking GC Explicit
08-06 17:27:16.999 28083 28096 I art     : Explicit concurrent mark sweep GC freed 3056(247KB) AllocSpace objects, 1(28KB) LOS objects, 23% free, 50MB/66MB, paused 1.669ms total 43.927ms
08-06 17:27:17.012 28083 28096 I art     : Starting a blocking GC Explicit
08-06 17:27:17.057 28083 28096 I art     : Explicit concurrent mark sweep GC freed 3(96B) AllocSpace objects, 0(0B) LOS objects, 23% free, 50MB/66MB, paused 1.678ms total 44.742ms
08-06 17:27:17.070 28083 28096 I art     : Starting a blocking GC Explicit
08-06 17:27:17.116 28083 28096 I art     : Explicit concurrent mark sweep GC freed 3(96B) AllocSpace objects, 0(0B) LOS objects, 23% free, 50MB/66MB, paused 1.599ms total 45.207ms
08-06 17:27:17.132 28083 28096 I art     : Starting a blocking GC Explicit
08-06 17:27:17.179 28083 28096 I art     : Explicit concurrent mark sweep GC freed 3(96B) AllocSpace objects, 0(0B) LOS objects, 23% free, 50MB/66MB, paused 1.568ms total 47.299ms
08-06 17:27:17.552 28083 28095 I art     : Starting a blocking GC Explicit
08-06 17:27:17.606 28083 28095 I art     : Explicit concurrent mark sweep GC freed 1411(82KB) AllocSpace objects, 1(20KB) LOS objects, 23% free, 50MB/66MB, paused 1.724ms total 54.021ms
08-06 17:27:17.623 28083 28095 I art     : Starting a blocking GC Explicit
08-06 17:27:17.668 28083 28095 I art     : Explicit concurrent mark sweep GC freed 24(784B) AllocSpace objects, 0(0B) LOS objects, 23% free, 50MB/66MB, paused 1.763ms total 44.196ms
08-06 17:27:17.681 28083 28095 I art     : Starting a blocking GC Explicit
08-06 17:27:17.727 28083 28095 I art     : Explicit concurrent mark sweep GC freed 3(96B) AllocSpace objects, 0(0B) LOS objects, 23% free, 50MB/66MB, paused 1.591ms total 44.968ms
08-06 17:27:17.743 28083 28095 I art     : Starting a blocking GC Explicit
08-06 17:27:17.786 28083 28095 I art     : Explicit concurrent mark sweep GC freed 3(96B) AllocSpace objects, 0(0B) LOS objects, 23% free, 50MB/66MB, paused 1.635ms total 42.460ms
08-06 17:27:17.798 28083 28095 I art     : Starting a blocking GC Explicit
08-06 17:27:17.841 28083 28095 I art     : Explicit concurrent mark sweep GC freed 3(96B) AllocSpace objects, 0(0B) LOS objects, 23% free, 50MB/66MB, paused 1.621ms total 42.016ms
08-06 17:27:18.081   918  3188 I hubconnection: sensorhub said: 'set_bias 3: -4.8000, 0.0000, 0.0000'
08-06 17:27:18.191 28083 28159 I art     : Starting a blocking GC Explicit
08-06 17:27:18.235 28083 28159 I art     : Explicit concurrent mark sweep GC freed 1401(81KB) AllocSpace objects, 1(20KB) LOS objects, 23% free, 50MB/66MB, paused 1.663ms total 43.388ms
08-06 17:27:18.248 28083 28159 I art     : Starting a blocking GC Explicit
08-06 17:27:18.291 28083 28159 I art     : Explicit concurrent mark sweep GC freed 39(1264B) AllocSpace objects, 0(0B) LOS objects, 23% free, 50MB/66MB, paused 1.617ms total 43.024ms
08-06 17:27:18.293 31474 31474 D AndroidRuntime: >>>>>> START com.android.internal.os.RuntimeInit uid 2000 <<<<<<
08-06 17:27:18.299 31474 31474 D AndroidRuntime: CheckJNI is OFF
08-06 17:27:18.304 28083 28159 I art     : Starting a blocking GC Explicit
08-06 17:27:18.340 31474 31474 D ICU     : No timezone override file found: /data/misc/zoneinfo/current/icu/icu_tzdata.dat
08-06 17:27:18.343 28083 28159 I art     : Explicit concurrent mark sweep GC freed 16(512B) AllocSpace objects, 0(0B) LOS objects, 23% free, 50MB/66MB, paused 1.607ms total 38.689ms
08-06 17:27:18.356 28083 28159 I art     : Starting a blocking GC Explicit
08-06 17:27:18.380 31474 31474 I Radio-JNI: register_android_hardware_Radio DONE
08-06 17:27:18.393 28083 28159 I art     : Explicit concurrent mark sweep GC freed 11(352B) AllocSpace objects, 0(0B) LOS objects, 23% free, 50MB/66MB, paused 1.469ms total 37.059ms
08-06 17:27:18.407 28083 28159 I art     : Starting a blocking GC Explicit
08-06 17:27:18.409 31474 31474 D AndroidRuntime: Calling main entry com.android.commands.input.Input
08-06 17:27:18.412 31474 31474 I Input   : injectKeyEvent: KeyEvent { action=ACTION_DOWN, keyCode=KEYCODE_BACK, scanCode=0, metaState=0, flags=0x0, repeatCount=0, eventTime=898054825, downTime=898054825, deviceId=-1, source=0x101 }
08-06 17:27:18.418 31474 31474 I Input   : injectKeyEvent: KeyEvent { action=ACTION_UP, keyCode=KEYCODE_BACK, scanCode=0, metaState=0, flags=0x0, repeatCount=0, eventTime=898054825, downTime=898054825, deviceId=-1, source=0x101 }
08-06 17:27:18.440 31474 31474 D AndroidRuntime: Shutting down VM
08-06 17:27:18.448 28083 28159 I art     : Explicit concurrent mark sweep GC freed 1779(74KB) AllocSpace objects, 0(0B) LOS objects, 23% free, 50MB/66MB, paused 2.399ms total 41.138ms
08-06 17:27:18.787 28083 28095 I art     : Starting a blocking GC Explicit
08-06 17:27:18.835 28083 28095 I art     : Explicit concurrent mark sweep GC freed 1830(99KB) AllocSpace objects, 1(20KB) LOS objects, 23% free, 50MB/66MB, paused 1.648ms total 47.573ms
08-06 17:27:18.848 28083 28095 I art     : Starting a blocking GC Explicit
08-06 17:27:18.895 28083 28095 I art     : Explicit concurrent mark sweep GC freed 5322(393KB) AllocSpace objects, 9(1620KB) LOS objects, 24% free, 48MB/64MB, paused 1.715ms total 46.603ms
08-06 17:27:18.908 28083 28095 I art     : Starting a blocking GC Explicit
08-06 17:27:18.949 28083 28095 I art     : Explicit concurrent mark sweep GC freed 3(96B) AllocSpace objects, 0(0B) LOS objects, 24% free, 48MB/64MB, paused 1.653ms total 40.491ms
08-06 17:27:18.962 28083 28095 I art     : Starting a blocking GC Explicit
08-06 17:27:19.005 28083 28095 I art     : Explicit concurrent mark sweep GC freed 3(96B) AllocSpace objects, 0(0B) LOS objects, 24% free, 48MB/64MB, paused 1.657ms total 42.701ms
08-06 17:27:19.018 28083 28095 I art     : Starting a blocking GC Explicit
08-06 17:27:19.061 28083 28095 I art     : Explicit concurrent mark sweep GC freed 3(96B) AllocSpace objects, 0(0B) LOS objects, 24% free, 48MB/64MB, paused 1.584ms total 42.772ms
08-06 17:27:19.434 28083 28614 I art     : Starting a blocking GC Explicit
08-06 17:27:19.493 28083 28614 I art     : Explicit concurrent mark sweep GC freed 1382(82KB) AllocSpace objects, 1(20KB) LOS objects, 24% free, 48MB/64MB, paused 1.663ms total 58.994ms
08-06 17:27:19.510 28083 28614 I art     : Starting a blocking GC Explicit
08-06 17:27:19.553 28083 28614 I art     : Explicit concurrent mark sweep GC freed 23(752B) AllocSpace objects, 0(0B) LOS objects, 24% free, 48MB/64MB, paused 1.591ms total 42.943ms
08-06 17:27:19.566 28083 28614 I art     : Starting a blocking GC Explicit
08-06 17:27:19.609 28083 28614 I art     : Explicit concurrent mark sweep GC freed 32(880B) AllocSpace objects, 0(0B) LOS objects, 24% free, 48MB/64MB, paused 1.647ms total 42.539ms
08-06 17:27:19.622 28083 28614 I art     : Starting a blocking GC Explicit
08-06 17:27:19.664 28083 28614 I art     : Explicit concurrent mark sweep GC freed 3(96B) AllocSpace objects, 0(0B) LOS objects, 24% free, 48MB/64MB, paused 1.595ms total 42.352ms
08-06 17:27:19.677 28083 28614 I art     : Starting a blocking GC Explicit
08-06 17:27:19.716 28083 28614 I art     : Explicit concurrent mark sweep GC freed 3(96B) AllocSpace objects, 0(0B) LOS objects, 24% free, 48MB/64MB, paused 1.477ms total 38.620ms
08-06 17:27:20.013   518   646 I ThermalEngine: ACTION: GPU - Setting GPU[0] to 390000000
08-06 17:27:20.121 28083 28159 I art     : Starting a blocking GC Explicit
08-06 17:27:20.178 28083 28159 I art     : Explicit concurrent mark sweep GC freed 1397(83KB) AllocSpace objects, 1(20KB) LOS objects, 24% free, 48MB/64MB, paused 2.834ms total 55.887ms
08-06 17:27:20.198 28083 28159 I art     : Starting a blocking GC Explicit
08-06 17:27:20.251 28083 28159 I art     : Explicit concurrent mark sweep GC freed 31(1008B) AllocSpace objects, 0(0B) LOS objects, 24% free, 48MB/64MB, paused 2.485ms total 52.885ms
08-06 17:27:20.272 28083 28159 I art     : Starting a blocking GC Explicit
08-06 17:27:20.323 28083 28159 I art     : Explicit concurrent mark sweep GC freed 10(320B) AllocSpace objects, 0(0B) LOS objects, 24% free, 48MB/64MB, paused 2.527ms total 50.708ms
08-06 17:27:20.342 28083 28159 I art     : Starting a blocking GC Explicit
08-06 17:27:20.370 31522 31522 D AndroidRuntime: >>>>>> START com.android.internal.os.RuntimeInit uid 2000 <<<<<<
08-06 17:27:20.376 31522 31522 D AndroidRuntime: CheckJNI is OFF
08-06 17:27:20.392 28083 28159 I art     : Explicit concurrent mark sweep GC freed 3(96B) AllocSpace objects, 0(0B) LOS objects, 24% free, 48MB/64MB, paused 2.392ms total 49.819ms
08-06 17:27:20.410 28083 28159 I art     : Starting a blocking GC Explicit
08-06 17:27:20.429 31522 31522 D ICU     : No timezone override file found: /data/misc/zoneinfo/current/icu/icu_tzdata.dat
08-06 17:27:20.460 28083 28159 I art     : Explicit concurrent mark sweep GC freed 3(96B) AllocSpace objects, 0(0B) LOS objects, 24% free, 48MB/64MB, paused 2.683ms total 49.987ms
08-06 17:27:20.474 31522 31522 I Radio-JNI: register_android_hardware_Radio DONE
08-06 17:27:20.507 31522 31522 D AndroidRuntime: Calling main entry com.android.commands.am.Am
08-06 17:27:20.514 26540 26540 I Trepn   : Trepn 6.2s: Received intent: com.quicinc.trepn.stop_profiling
08-06 17:27:20.536 26540 26540 I Trepn   : Trepn 6.2s: Trepn has Stopped Profiling.
08-06 17:27:20.740 31522 31522 D AndroidRuntime: Shutting down VM
08-06 17:27:20.745   918  4413 W AppOps  : Finishing op nesting under-run: uid 10078 pkg com.quicinc.trepn code 24 time=0 duration=0 nesting=0
08-06 17:27:20.853 28083 30576 I art     : Starting a blocking GC Explicit
08-06 17:27:20.915 28083 30576 I art     : Explicit concurrent mark sweep GC freed 1409(81KB) AllocSpace objects, 1(20KB) LOS objects, 24% free, 48MB/64MB, paused 2.786ms total 61.240ms
08-06 17:27:20.938 28083 30576 I art     : Starting a blocking GC Explicit
08-06 17:27:20.991 28083 30576 I art     : Explicit concurrent mark sweep GC freed 23(752B) AllocSpace objects, 0(0B) LOS objects, 24% free, 48MB/64MB, paused 2.367ms total 52.398ms
08-06 17:27:21.010 28083 30576 I art     : Starting a blocking GC Explicit
08-06 17:27:21.061 28083 30576 I art     : Explicit concurrent mark sweep GC freed 3(96B) AllocSpace objects, 0(0B) LOS objects, 24% free, 48MB/64MB, paused 2.559ms total 50.718ms
08-06 17:27:21.079 28083 30576 I art     : Starting a blocking GC Explicit
08-06 17:27:21.132 28083 30576 I art     : Explicit concurrent mark sweep GC freed 3(96B) AllocSpace objects, 0(0B) LOS objects, 24% free, 48MB/64MB, paused 2.505ms total 52.123ms
08-06 17:27:21.151 28083 30576 I art     : Starting a blocking GC Explicit
08-06 17:27:21.203 28083 30576 I art     : Explicit concurrent mark sweep GC freed 3(96B) AllocSpace objects, 0(0B) LOS objects, 24% free, 48MB/64MB, paused 2.354ms total 51.161ms
08-06 17:27:23.016   518   646 I ThermalEngine: ACTION: GPU - Setting GPU[0] to 450000000
