--------- beginning of main
08-06 15:24:13.811   918  4413 I AccountManagerService: getTypesVisibleToCaller: isPermitted? true
08-06 15:24:13.853   918  5132 I AccountManagerService: getTypesVisibleToCaller: isPermitted? true
08-06 15:24:13.853  3784  3784 D CarrierServiceBindHelper: Receive action: android.intent.action.PACKAGE_ADDED
08-06 15:24:13.853  3784  3784 D CarrierServiceBindHelper: Receive action: android.intent.action.PACKAGE_REPLACED
08-06 15:24:13.854  3784  3784 D CarrierServiceBindHelper: mHandler: 3
08-06 15:24:13.854  3784  3784 D CarrierServiceBindHelper: mHandler: 3
08-06 15:24:13.854  3784  3784 D CarrierServiceBindHelper: mHandler: 3
08-06 15:24:13.854  3784  3784 D CarrierConfigLoader: mHandler: 9 phoneId: 0
08-06 15:24:13.858 12162 12162 I Finsky  : [1] uah.a(18): PackageMonitorReceiverImpl - Received: android.intent.action.PACKAGE_REMOVED, [CFjXe5fo2ooiLur0Ju3smv2h5qnGgIsGl5_C_SkJu8g]
08-06 15:24:13.858 12162 12162 I Finsky  : [1] ubi.d(9): Invalidating cached PackageState for baseline.de.danoeh.antennapod.debug
08-06 15:24:13.858 24365 26841 I Fitness : FitCleanupIntentOperation received Intent android.intent.action.PACKAGE_REMOVED [CONTEXT service_id=17 ]
08-06 15:24:13.862 12162 12162 I Finsky  : [1] lzi.c(2): Frosting ID looked up on UI thread. Caller should move to a background thread.
08-06 15:24:13.898 12162 12162 I Finsky  : [1] nqb.c(3): Installer: package baseline.de.danoeh.antennapod.debug was removed. replacing: true
08-06 15:24:13.899 12162 12162 I Finsky  : [1] nra.a(188): Installer: Notifying status update. package=baseline.de.danoeh.antennapod.debug, status=UNINSTALLED
08-06 15:24:13.939 12162 12162 I Finsky  : [1] lzi.c(2): Frosting ID looked up on UI thread. Caller should move to a background thread.
08-06 15:24:13.959 12162 26856 I Finsky  : [6699] ejf.a(-1): Cancelled 0 ongoing asset module downloads for package baseline.de.danoeh.antennapod.debug due to a concurrent app update.
08-06 15:24:13.960 12162 12162 I Finsky  : [1] nra.a(220): Installer: found apps to install. isMultiUserMode=false, apps=[]
08-06 15:24:13.994 12162 12269 I Finsky  : [6285] odj.b(52): IQ: Notifying installation update. package=baseline.de.danoeh.antennapod.debug, status=UNINSTALLED
08-06 15:24:14.023 12162 26846 I Finsky  : [6697] lyv.run(-1): Wrote row to frosting DB: 3386
08-06 15:24:14.052 24577 26852 I Auth    : [SupervisedAccountIntentOperation] onHandleIntent(): android.intent.action.PACKAGE_ADDED
08-06 15:24:14.054 24577 26852 I ChromeSync: [Sync,SyncIntentOperation] Handling the intent: Intent { act=android.intent.action.PACKAGE_ADDED dat=package:baseline.de.danoeh.antennapod.debug flg=0x4000010 cmp=com.google.android.gms/.chimera.GmsIntentOperationService (has extras) }.
--------- beginning of system
08-06 15:24:14.064   918  6110 W ActivityManager: Unable to start service Intent { act=com.google.android.gms.auth.key.retrieval.service.START pkg=com.google.android.gms } U=0: not found
08-06 15:24:14.070 12162 12162 I Finsky  : [1] uah.a(18): PackageMonitorReceiverImpl - Received: android.intent.action.PACKAGE_ADDED, [CFjXe5fo2ooiLur0Ju3smv2h5qnGgIsGl5_C_SkJu8g]
08-06 15:24:14.070 12162 12162 I Finsky  : [1] ubi.d(9): Invalidating cached PackageState for baseline.de.danoeh.antennapod.debug
08-06 15:24:14.097 12162 12162 I Finsky  : [1] lzi.c(2): Frosting ID looked up on UI thread. Caller should move to a background thread.
08-06 15:24:14.104 12162 26846 I Finsky  : [6697] lyv.run(-1): Wrote row to frosting DB: 3387
08-06 15:24:14.117   918  6029 W ActivityManager: Unbind failed: could not find connection for android.os.BinderProxy@e1d1fae
08-06 15:24:14.140 12162 12162 I Finsky  : [1] agsx.a(4): Do not start WearSupportService due to Wear service optimization
08-06 15:24:14.157 24577 24621 E GmsClient: unable to connect to service: com.google.android.gms.auth.key.retrieval.service.START on com.google.android.gms
08-06 15:24:14.166 12162 26849 I Finsky  : [6698] gzn.a(-1): [ContentSync] finished, scheduled=false
08-06 15:24:14.168 12162 26856 I Finsky  : [6699] ejc.a(-1): Asset module broadcast after update successful for package baseline.de.danoeh.antennapod.debug. 0 sessions broadcast.
08-06 15:24:14.186 12162 12162 I Finsky  : [1] lzi.c(2): Frosting ID looked up on UI thread. Caller should move to a background thread.
08-06 15:24:14.197 12162 12269 I Finsky  : [6285] odj.b(40): IQ: No matching installs to run for jobs: []
08-06 15:24:14.198   918  6110 I AccountManagerService: getTypesVisibleToCaller: isPermitted? true
08-06 15:24:14.200 24577 26852 I ChromeSync: [Persistence,AffiliationManager] One of affiliation or grouping data for android://bz0hZa4nAJEtd0n5sRlXG7KAqctUMWVefv7Ki4mh1p6slZ9YO-n9gS9j8m9YCrsIyI2wIxrDHraumF9Y6pBLTA==@baseline.de.danoeh.antennapod.debug/ was not found. Marking affiliation data as stale...
08-06 15:24:14.276   918  6112 I AccountManagerService: getTypesVisibleToCaller: isPermitted? true
08-06 15:24:14.354 12162 26846 I Finsky  : [6697] lyv.run(-1): Wrote row to frosting DB: 3388
08-06 15:24:14.419 26866 26866 D AndroidRuntime: >>>>>> START com.android.internal.os.RuntimeInit uid 2000 <<<<<<
08-06 15:24:14.423 26866 26866 D AndroidRuntime: CheckJNI is OFF
08-06 15:24:14.447 26866 26866 D ICU     : No timezone override file found: /data/misc/zoneinfo/current/icu/icu_tzdata.dat
08-06 15:24:14.457 12162 26846 I Finsky  : [6697] lyv.run(-1): Wrote row to frosting DB: 3389
08-06 15:24:14.474 26866 26866 I Radio-JNI: register_android_hardware_Radio DONE
08-06 15:24:14.489 26866 26866 D AndroidRuntime: Calling main entry com.android.commands.monkey.Monkey
08-06 15:24:14.511   918   931 W BroadcastQueue: Skipping deliver [background] BroadcastRecord{91a4f74 u-1 android.net.conn.CONNECTIVITY_CHANGE} to ReceiverList{c215c9d 26866 (unknown name)/2000/u-1 remote:f8a6b61}: process crashing
08-06 15:24:14.515 12162 12162 I Finsky  : [1] xmu.a(8): SCH: Jobs in database: 1-1337 3-225 3-226 12-1 24-77777777 26-1414141414 
08-06 15:24:14.518 12162 12162 I Finsky  : [1] xio.a(57): SCH: ConstraintMapping: 24-77777777,  -> L: 0ms, D: 20756409ms, C: false, I: true, N: 0
08-06 15:24:14.518 12162 12162 I Finsky  : [1] xio.a(57): SCH: ConstraintMapping: 1-1337, 12-1,  -> L: 14408ms, D: 24098395ms, C: false, I: false, N: 1
08-06 15:24:14.519 12162 12162 I Finsky  : [1] xio.a(57): SCH: ConstraintMapping: 3-225,  -> L: 0ms, D: 63882338ms, C: false, I: true, N: 2
08-06 15:24:14.519 12162 12162 I Finsky  : [1] xio.a(57): SCH: ConstraintMapping: 3-226,  -> L: 0ms, D: 63882382ms, C: true, I: true, N: 2
08-06 15:24:14.519 12162 12162 I Finsky  : [1] xio.a(57): SCH: ConstraintMapping: 26-1414141414,  -> L: 28879782ms, D: 29779782ms, C: false, I: false, N: 0
08-06 15:24:14.520   918  5481 I ActivityManager: START u0 {act=android.intent.action.MAIN cat=[android.intent.category.LAUNCHER] flg=0x10200000 cmp=baseline.de.danoeh.antennapod.debug/baseline.de.danoeh.antennapod.activity.SplashActivity} from uid 2000 on display 0
08-06 15:24:14.521 12162 26849 I Finsky  : [6698] gzn.a(-1): [ContentSync] finished, scheduled=true
08-06 15:24:14.538 26883 26883 I art     : Late-enabling -Xcheck:jni
08-06 15:24:14.539   918  4413 I ActivityManager: Start proc 26883:baseline.de.danoeh.antennapod.debug/u0a711 for activity baseline.de.danoeh.antennapod.debug/baseline.de.danoeh.antennapod.activity.SplashActivity
08-06 15:24:14.545 26866 26866 I art     : System.exit called, status: 0
08-06 15:24:14.545 26866 26866 I AndroidRuntime: VM exiting with result code 0.
08-06 15:24:14.560 24577 13316 I Icing   : IndexChimeraService.getServiceInterface callingPackage=com.google.android.gms componentName=AppsCorpus serviceId=36
08-06 15:24:14.572   918  6029 I AccountManagerService: getTypesVisibleToCaller: isPermitted? true
08-06 15:24:14.589 12162 12162 I Finsky  : [1] xle.a(34): Cancelling existing jobscheduler jobs: 9010 9006 9002 9009 9003 9000 9005 9008 9007 9004 
08-06 15:24:14.589 12162 12162 I Finsky  : [1] xle.a(27): Scheduling job Id: 9001, L: 0, D: 20756409, C: false, I: true, N: 0
08-06 15:24:14.590 12162 12162 I Finsky  : [1] xle.a(27): Scheduling job Id: 9011, L: 14408, D: 24098395, C: false, I: false, N: 1
08-06 15:24:14.592 12162 12162 I Finsky  : [1] xle.a(27): Scheduling job Id: 9012, L: 0, D: 63882338, C: false, I: true, N: 2
08-06 15:24:14.593 12162 12162 I Finsky  : [1] xle.a(27): Scheduling job Id: 9013, L: 0, D: 63882382, C: true, I: true, N: 2
08-06 15:24:14.593 26883 26883 W System  : ClassLoader referenced unknown path: /data/app/baseline.de.danoeh.antennapod.debug-2/lib/arm64
08-06 15:24:14.594 12162 12162 I Finsky  : [1] xle.a(27): Scheduling job Id: 9014, L: 28879782, D: 29779782, C: false, I: false, N: 0
08-06 15:24:14.595 12162 12162 I Finsky  : [1] xle.a(27): Scheduling job Id: 9015, L: 0, D: 20756409, C: false, I: true, N: 0
08-06 15:24:14.597 12162 12162 I Finsky  : [1] xle.a(27): Scheduling job Id: 9016, L: 14408, D: 24098395, C: false, I: false, N: 1
08-06 15:24:14.598 12162 12162 I Finsky  : [1] xle.a(27): Scheduling job Id: 9017, L: 0, D: 63882338, C: false, I: true, N: 2
08-06 15:24:14.599 12162 12162 I Finsky  : [1] xle.a(27): Scheduling job Id: 9018, L: 0, D: 63882382, C: true, I: true, N: 2
08-06 15:24:14.601 12162 12162 I Finsky  : [1] xle.a(27): Scheduling job Id: 9019, L: 28879782, D: 29779782, C: false, I: false, N: 0
08-06 15:24:14.605 26883 26883 D UserPreferences: Creating new instance of UserPreferences
08-06 15:24:14.606 26883 26883 D UserPreferences: Using default data folder
08-06 15:24:14.611 26883 26883 D UserPreferences: Import directory already exists
08-06 15:24:14.612 26883 26883 D UpdateManager: old: -1, current: 1070296
08-06 15:24:14.616 26883 26883 D SleepTimerPreferences: Creating new instance of SleepTimerPreferences
08-06 15:24:14.627 32587 32629 I PBSessionCacheImpl: Deleted sessionId[143320738375546892] from persistence.
08-06 15:24:14.628 24577 27917 W Icing   : No valid account for uploading user actions
08-06 15:24:14.631 32587 32617 W SearchServiceCore: Abort, client detached.
08-06 15:24:14.631 32587 32617 I MicroDetectionState: Should stop hotword detection immediately - true
08-06 15:24:14.632 26883 26883 D SPAUtil : Sending SP_APPS_QUERY_FEEDS intent
08-06 15:24:14.649 24577 13316 I Icing   : IndexChimeraService.getServiceInterface callingPackage=com.google.android.gms componentName=null serviceId=30
08-06 15:24:14.675 26883 26883 W art     : Before Android 4.1, method android.graphics.PorterDuffColorFilter androidx.vectordrawable.graphics.drawable.VectorDrawableCompat.updateTintFilter(android.graphics.PorterDuffColorFilter, android.content.res.ColorStateList, android.graphics.PorterDuff$Mode) would have incorrectly overridden the package-private method in android.graphics.drawable.Drawable
08-06 15:24:14.705 24577 27917 I Icing   : Usage reports ok 2, Failed Usage reports 0, indexed 0, rejected 0
08-06 15:24:14.708 24577 27917 W Icing   : No valid account for uploading user actions
08-06 15:24:14.709 26883 26883 I art     : Rejecting re-init on previously-failed class java.lang.Class<androidx.core.view.ViewCompat$2>
08-06 15:24:14.709 26883 26883 I art     : Rejecting re-init on previously-failed class java.lang.Class<androidx.core.view.ViewCompat$2>
08-06 15:24:14.726 24577 27917 I Icing   : Usage reports ok 0, Failed Usage reports 0, indexed 0, rejected 0
08-06 15:24:14.727 24577 27917 I Icing   : Indexing com.google.android.gms-internal.3p:MobileApplication from com.google.android.gms using seqno 763
08-06 15:24:14.730 24577 27917 I Icing   : Indexing com.google.android.gms-internal.3p:MobileApplication from com.google.android.gms using seqno 763
08-06 15:24:14.733 26883 26904 D OpenGLRenderer: Use EGL_SWAP_BEHAVIOR_PRESERVED: true
08-06 15:24:14.766 24577 13316 I Icing   : IndexChimeraService.getServiceInterface callingPackage=com.google.android.gms componentName=null serviceId=36
08-06 15:24:14.767 26883 26904 I Adreno  : QUALCOMM build                   : fcf4852, I1af360237c
08-06 15:24:14.767 26883 26904 I Adreno  : Build Date                       : 09/23/15
08-06 15:24:14.767 26883 26904 I Adreno  : OpenGL ES Shader Compiler Version: XE031.05.13.02
08-06 15:24:14.767 26883 26904 I Adreno  : Local Branch                     : mybranch14465806
08-06 15:24:14.767 26883 26904 I Adreno  : Remote Branch                    : quic/LA.BF64.1.2.9_v2
08-06 15:24:14.767 26883 26904 I Adreno  : Remote Branch                    : NONE
08-06 15:24:14.767 26883 26904 I Adreno  : Reconstruct Branch               : NOTHING
08-06 15:24:14.771 24577 27917 W Icing   : No valid account for uploading user actions
08-06 15:24:14.774 26883 26904 I OpenGLRenderer: Initialized EGL, version 1.4
08-06 15:24:14.793 24577 27917 I Icing   : Usage reports ok 0, Failed Usage reports 0, indexed 0, rejected 0
08-06 15:24:14.800 13866 13866 I GoogleInputMethodServic: GoogleInputMethodService.onFinishInput():3138 
08-06 15:24:14.802 13866 13866 I GoogleInputMethodServic: GoogleInputMethodService.onStartInput():1808 
08-06 15:24:14.884   918  6029 I ActivityManager: START u0 {cmp=baseline.de.danoeh.antennapod.debug/baseline.de.danoeh.antennapod.activity.MainActivity} from uid 10711 on display 0
08-06 15:24:14.936 26883 26883 D UserPreferences: Using default data folder
08-06 15:24:14.996 26883 26883 D MainActivity: getLastNavFragment() -> QueueFragment
08-06 15:24:14.997 26883 26883 D MainActivity: loadFragment(tag: QueueFragment, args: null)
08-06 15:24:15.001 26883 26883 D MainActivity: saveLastNavFragment(tag: QueueFragment)
08-06 15:24:15.001 26883 26883 D MainActivity: getLastNavFragment() -> QueueFragment
08-06 15:24:15.002 26883 26883 D UserPreferences: timeOfDay: []
08-06 15:24:15.004 26883 26883 D AutoUpdateManager: Restarting update alarm.
08-06 15:24:15.006 26883 26883 D AutoUpdateManager: Changed alarm to new interval 12 h
08-06 15:24:15.035 26883 26883 D UserPreferences: timeOfDay: []
08-06 15:24:15.035 26883 26883 D AutoUpdateManager: Restarting update alarm.
08-06 15:24:15.036 26883 26883 D AutoUpdateManager: Changed alarm to new interval 12 h
08-06 15:24:15.075 26883 26883 D ExternalPlayerFragment: Loading media info
08-06 15:24:15.076 26883 26883 D QueueFragment: loadItems()
08-06 15:24:15.080 26883 26903 D DBReader: getQueue() called
08-06 15:24:15.080 26883 26903 D DBReader: getQueue()
08-06 15:24:15.082 26883 26903 D DBReader: getFavoriteIDList() called
08-06 15:24:15.082 26883 26903 D DBReader: getQueueIDList() called
08-06 15:24:15.083 26883 26903 D DBReader: Extracting Feedlist
08-06 15:24:15.085 26883 26883 V PlaybackController: initServiceNotRunning()
08-06 15:24:15.086 26883 26883 D ExternalPlayerFragment: Loading media info
08-06 15:24:15.089 26883 26883 D UserPreferences: Using default data folder
08-06 15:24:15.091 26883 26883 D AutoUpdateManager: last refresh: 443533 hours 24 minutes ago
08-06 15:24:15.092 26883 26903 D DBReader: getNavDrawerData() called with: 
08-06 15:24:15.097 26883 26903 D DBReader: getDownloadedItems() called
08-06 15:24:15.097 26883 26903 D DBReader: getFavoriteIDList() called
08-06 15:24:15.098 26883 26903 D DBReader: getQueueIDList() called
08-06 15:24:15.098 26883 26903 D DBReader: Extracting Feedlist
08-06 15:24:15.108   380   380 W SurfaceFlinger: couldn't log to binary event log: overflow.
08-06 15:24:15.205 26883 26883 D MainActivity: getLastNavFragment() -> QueueFragment
08-06 15:24:15.205 26883 26883 D MainActivity: handleNavIntent()
08-06 15:24:15.341   918   936 I ActivityManager: Displayed baseline.de.danoeh.antennapod.debug/baseline.de.danoeh.antennapod.activity.MainActivity: +440ms (total +816ms)
08-06 15:24:15.342 13866 13866 I GoogleInputMethodServic: GoogleInputMethodService.onFinishInput():3138 
08-06 15:24:15.344 13866 13866 I GoogleInputMethodServic: GoogleInputMethodService.onStartInput():1808 
08-06 15:24:15.376 29532 29532 W PathParser: Points are too far apart 4.030360828967057
08-06 15:24:15.376 29532 29532 W PathParser: Points are too far apart 4.030360538880159
08-06 15:24:15.393 29532 29532 W PathParser: Points are too far apart 4.030360828967057
08-06 15:24:15.393 29532 29532 W PathParser: Points are too far apart 4.030360538880159
08-06 15:24:15.411 29532 29532 W PathParser: Points are too far apart 4.030360828967057
08-06 15:24:15.411 29532 29532 W PathParser: Points are too far apart 4.030360538880159
08-06 15:24:15.426 29532 29532 W PathParser: Points are too far apart 4.030360828967057
08-06 15:24:15.426 29532 29532 W PathParser: Points are too far apart 4.030360538880159
08-06 15:24:15.442 29532 29532 W PathParser: Points are too far apart 4.030360828967057
08-06 15:24:15.443 29532 29532 W PathParser: Points are too far apart 4.030360538880159
08-06 15:24:15.460 29532 29532 W PathParser: Points are too far apart 4.030360828967057
08-06 15:24:15.460 29532 29532 W PathParser: Points are too far apart 4.030360538880159
08-06 15:24:15.477 29532 29532 W PathParser: Points are too far apart 4.030360828967057
08-06 15:24:15.477 29532 29532 W PathParser: Points are too far apart 4.030360538880159
08-06 15:24:15.493 29532 29532 W PathParser: Points are too far apart 4.030360828967057
08-06 15:24:15.493 29532 29532 W PathParser: Points are too far apart 4.030360538880159
08-06 15:24:15.708 24577 27917 I Icing   : Indexing com.google.android.gms-apps from com.google.android.gms
08-06 15:24:15.788 24577 27917 I Icing   : Indexing done com.google.android.gms-apps
08-06 15:24:16.081 26928 26928 D AndroidRuntime: >>>>>> START com.android.internal.os.RuntimeInit uid 2000 <<<<<<
08-06 15:24:16.088 26928 26928 D AndroidRuntime: CheckJNI is OFF
08-06 15:24:16.103 26883 26931 D DBReader: Extracting Feedlist
08-06 15:24:16.106 26883 26931 D FlattrUtils: Retrieving access token
08-06 15:24:16.106 26883 26931 D FlattrUtils: No access token found
08-06 15:24:16.109 26883 26931 I art     : Rejecting re-init on previously-failed class java.lang.Class<androidx.core.app.JobIntentService$JobServiceEngineImpl>
08-06 15:24:16.109 26883 26931 I art     : Rejecting re-init on previously-failed class java.lang.Class<androidx.core.app.JobIntentService$JobServiceEngineImpl>
08-06 15:24:16.110 26883 26931 I art     : Rejecting re-init on previously-failed class java.lang.Class<androidx.core.app.SafeJobIntentService$SafeJobServiceEngineImpl>
08-06 15:24:16.110 26883 26931 I art     : Rejecting re-init on previously-failed class java.lang.Class<androidx.core.app.SafeJobIntentService$SafeJobServiceEngineImpl>
08-06 15:24:16.125 26928 26928 D ICU     : No timezone override file found: /data/misc/zoneinfo/current/icu/icu_tzdata.dat
08-06 15:24:16.152 26928 26928 I Radio-JNI: register_android_hardware_Radio DONE
08-06 15:24:16.168 26928 26928 D AndroidRuntime: Calling main entry com.android.commands.am.Am
08-06 15:24:16.177   779   779 I Trepn   : Trepn 6.2s: Received intent: com.quicinc.trepn.start_profiling
08-06 15:24:16.311   779   779 W FileUtils: Failed to chmod(/storage/emulated/0/trepn/Trepn_2020.08.06_152416.db): android.system.ErrnoException: chmod failed: EPERM (Operation not permitted)
08-06 15:24:16.446   779   779 I Trepn   : Trepn 6.2s: Trepn has Started Profiling.
08-06 15:24:16.449 26928 26928 D AndroidRuntime: Shutting down VM
08-06 15:24:16.541 13866 13866 I GoogleInputMethodServic: GoogleInputMethodService.onFinishInput():3138 
08-06 15:24:16.542 13866 13866 I GoogleInputMethodServic: GoogleInputMethodService.onStartInput():1808 
08-06 15:24:16.891 26883 26912 I art     : Starting a blocking GC Explicit
08-06 15:24:16.912 26883 26912 I art     : Explicit concurrent mark sweep GC freed 10111(1303KB) AllocSpace objects, 5(100KB) LOS objects, 40% free, 23MB/38MB, paused 238us total 21.350ms
08-06 15:24:16.920 26883 26912 I art     : Starting a blocking GC Explicit
08-06 15:24:16.933 26883 26912 I art     : Explicit concurrent mark sweep GC freed 3315(192KB) AllocSpace objects, 2(588KB) LOS objects, 40% free, 22MB/37MB, paused 126us total 12.273ms
08-06 15:24:16.939 26883 26912 I art     : Starting a blocking GC Explicit
08-06 15:24:16.951 26883 26912 I art     : Explicit concurrent mark sweep GC freed 9(368B) AllocSpace objects, 0(0B) LOS objects, 40% free, 22MB/37MB, paused 126us total 11.656ms
08-06 15:24:16.958 26883 26912 I art     : Starting a blocking GC Explicit
08-06 15:24:16.969 26883 26912 I art     : Explicit concurrent mark sweep GC freed 3(96B) AllocSpace objects, 0(0B) LOS objects, 40% free, 22MB/37MB, paused 122us total 11.575ms
08-06 15:24:16.975 26883 26912 I art     : Starting a blocking GC Explicit
08-06 15:24:16.986 26883 26912 I art     : Explicit concurrent mark sweep GC freed 3(96B) AllocSpace objects, 0(0B) LOS objects, 40% free, 22MB/37MB, paused 148us total 10.646ms
08-06 15:24:17.284 26883 26896 I art     : Starting a blocking GC Explicit
08-06 15:24:17.302 26883 26896 I art     : Explicit concurrent mark sweep GC freed 1375(82KB) AllocSpace objects, 1(20KB) LOS objects, 40% free, 22MB/37MB, paused 198us total 17.559ms
08-06 15:24:17.314 26883 26896 I art     : Starting a blocking GC Explicit
08-06 15:24:17.327 26883 26896 I art     : Explicit concurrent mark sweep GC freed 23(752B) AllocSpace objects, 0(0B) LOS objects, 40% free, 22MB/37MB, paused 274us total 12.986ms
08-06 15:24:17.333 26883 26896 I art     : Starting a blocking GC Explicit
08-06 15:24:17.345 26883 26896 I art     : Explicit concurrent mark sweep GC freed 3(96B) AllocSpace objects, 0(0B) LOS objects, 40% free, 22MB/37MB, paused 141us total 12.219ms
08-06 15:24:17.351 26883 26896 I art     : Starting a blocking GC Explicit
08-06 15:24:17.364 26883 26896 I art     : Explicit concurrent mark sweep GC freed 3(96B) AllocSpace objects, 0(0B) LOS objects, 40% free, 22MB/37MB, paused 140us total 12.029ms
08-06 15:24:17.370 26883 26896 I art     : Starting a blocking GC Explicit
08-06 15:24:17.382 26883 26896 I art     : Explicit concurrent mark sweep GC freed 3(96B) AllocSpace objects, 0(0B) LOS objects, 40% free, 22MB/37MB, paused 142us total 12.294ms
08-06 15:24:17.639 26883 26895 I art     : Starting a blocking GC Explicit
08-06 15:24:17.653 26883 26895 I art     : Explicit concurrent mark sweep GC freed 1363(80KB) AllocSpace objects, 1(20KB) LOS objects, 40% free, 22MB/37MB, paused 141us total 14.486ms
08-06 15:24:17.660 26883 26895 I art     : Starting a blocking GC Explicit
08-06 15:24:17.673 26883 26895 I art     : Explicit concurrent mark sweep GC freed 23(752B) AllocSpace objects, 0(0B) LOS objects, 40% free, 22MB/37MB, paused 141us total 12.793ms
08-06 15:24:17.679 26883 26895 I art     : Starting a blocking GC Explicit
08-06 15:24:17.692 26883 26895 I art     : Explicit concurrent mark sweep GC freed 3(96B) AllocSpace objects, 0(0B) LOS objects, 40% free, 22MB/37MB, paused 141us total 12.587ms
08-06 15:24:17.698 26883 26895 I art     : Starting a blocking GC Explicit
08-06 15:24:17.711 26883 26895 I art     : Explicit concurrent mark sweep GC freed 3(96B) AllocSpace objects, 0(0B) LOS objects, 40% free, 22MB/37MB, paused 143us total 12.609ms
08-06 15:24:17.718 26883 26895 I art     : Starting a blocking GC Explicit
08-06 15:24:17.730 26883 26895 I art     : Explicit concurrent mark sweep GC freed 28(784B) AllocSpace objects, 0(0B) LOS objects, 40% free, 22MB/37MB, paused 138us total 11.867ms
08-06 15:24:18.039 26883 26912 I art     : Starting a blocking GC Explicit
08-06 15:24:18.052 21665 21665 I ServiceManager: Waiting for service AtCmdFwd...
08-06 15:24:18.058 26883 26912 I art     : Explicit concurrent mark sweep GC freed 1362(80KB) AllocSpace objects, 1(20KB) LOS objects, 40% free, 22MB/37MB, paused 219us total 19.008ms
08-06 15:24:18.066 26883 26912 I art     : Starting a blocking GC Explicit
08-06 15:24:18.079 26883 26912 I art     : Explicit concurrent mark sweep GC freed 23(752B) AllocSpace objects, 0(0B) LOS objects, 40% free, 22MB/37MB, paused 144us total 13.407ms
08-06 15:24:18.086 26883 26912 I art     : Starting a blocking GC Explicit
08-06 15:24:18.098 26883 26912 I art     : Explicit concurrent mark sweep GC freed 3(96B) AllocSpace objects, 0(0B) LOS objects, 40% free, 22MB/37MB, paused 136us total 12.578ms
08-06 15:24:18.104 26883 26912 I art     : Starting a blocking GC Explicit
08-06 15:24:18.117 26883 26912 I art     : Explicit concurrent mark sweep GC freed 3(96B) AllocSpace objects, 0(0B) LOS objects, 40% free, 22MB/37MB, paused 149us total 12.038ms
08-06 15:24:18.123 26883 26912 I art     : Starting a blocking GC Explicit
08-06 15:24:18.135 26883 26912 I art     : Explicit concurrent mark sweep GC freed 5(160B) AllocSpace objects, 0(0B) LOS objects, 40% free, 22MB/37MB, paused 147us total 12.037ms
08-06 15:24:18.420 26883 26896 I art     : Starting a blocking GC Explicit
08-06 15:24:18.434 26883 26896 I art     : Explicit concurrent mark sweep GC freed 1388(80KB) AllocSpace objects, 1(20KB) LOS objects, 40% free, 22MB/37MB, paused 163us total 14.075ms
08-06 15:24:18.441 26883 26896 I art     : Starting a blocking GC Explicit
08-06 15:24:18.454 26883 26896 I art     : Explicit concurrent mark sweep GC freed 23(752B) AllocSpace objects, 0(0B) LOS objects, 40% free, 22MB/37MB, paused 152us total 12.844ms
08-06 15:24:18.460 26883 26896 I art     : Starting a blocking GC Explicit
08-06 15:24:18.472 26883 26896 I art     : Explicit concurrent mark sweep GC freed 3(96B) AllocSpace objects, 0(0B) LOS objects, 40% free, 22MB/37MB, paused 140us total 12.315ms
08-06 15:24:18.478 26883 26896 I art     : Starting a blocking GC Explicit
08-06 15:24:18.491 26883 26896 I art     : Explicit concurrent mark sweep GC freed 3(96B) AllocSpace objects, 0(0B) LOS objects, 40% free, 22MB/37MB, paused 143us total 12.325ms
08-06 15:24:18.497 26883 26896 I art     : Starting a blocking GC Explicit
08-06 15:24:18.510 26883 26896 I art     : Explicit concurrent mark sweep GC freed 3(96B) AllocSpace objects, 0(0B) LOS objects, 40% free, 22MB/37MB, paused 136us total 12.558ms
08-06 15:24:18.811 26883 26912 I art     : Starting a blocking GC Explicit
08-06 15:24:18.830 26883 26912 I art     : Explicit concurrent mark sweep GC freed 1388(81KB) AllocSpace objects, 1(20KB) LOS objects, 40% free, 22MB/37MB, paused 168us total 18.791ms
08-06 15:24:18.841 26883 26912 I art     : Starting a blocking GC Explicit
08-06 15:24:18.858 26883 26912 I art     : Explicit concurrent mark sweep GC freed 23(752B) AllocSpace objects, 0(0B) LOS objects, 40% free, 22MB/37MB, paused 256us total 16.803ms
08-06 15:24:18.867 26883 26912 I art     : Starting a blocking GC Explicit
08-06 15:24:18.880 26883 26912 I art     : Explicit concurrent mark sweep GC freed 3(96B) AllocSpace objects, 0(0B) LOS objects, 40% free, 22MB/37MB, paused 137us total 12.553ms
08-06 15:24:18.887 26883 26912 I art     : Starting a blocking GC Explicit
08-06 15:24:18.899 26883 26912 I art     : Explicit concurrent mark sweep GC freed 3(96B) AllocSpace objects, 0(0B) LOS objects, 40% free, 22MB/37MB, paused 132us total 12.298ms
08-06 15:24:18.905 26883 26912 I art     : Starting a blocking GC Explicit
08-06 15:24:18.918 26883 26912 I art     : Explicit concurrent mark sweep GC freed 3(96B) AllocSpace objects, 0(0B) LOS objects, 40% free, 22MB/37MB, paused 141us total 12.657ms
08-06 15:24:19.053 21665 21665 I ServiceManager: Waiting for service AtCmdFwd...
08-06 15:24:19.228 26883 26895 I art     : Starting a blocking GC Explicit
08-06 15:24:19.246 26883 26895 I art     : Explicit concurrent mark sweep GC freed 1364(82KB) AllocSpace objects, 1(20KB) LOS objects, 40% free, 22MB/37MB, paused 173us total 18.345ms
08-06 15:24:19.257 26883 26895 I art     : Starting a blocking GC Explicit
08-06 15:24:19.269 26883 26895 I art     : Explicit concurrent mark sweep GC freed 23(752B) AllocSpace objects, 0(0B) LOS objects, 40% free, 22MB/37MB, paused 139us total 12.557ms
08-06 15:24:19.276 26883 26895 I art     : Starting a blocking GC Explicit
08-06 15:24:19.289 26883 26895 I art     : Explicit concurrent mark sweep GC freed 3(96B) AllocSpace objects, 0(0B) LOS objects, 40% free, 22MB/37MB, paused 133us total 12.636ms
08-06 15:24:19.295 26883 26895 I art     : Starting a blocking GC Explicit
08-06 15:24:19.307 26883 26895 I art     : Explicit concurrent mark sweep GC freed 3(96B) AllocSpace objects, 0(0B) LOS objects, 40% free, 22MB/37MB, paused 126us total 12.145ms
08-06 15:24:19.313 26883 26895 I art     : Starting a blocking GC Explicit
08-06 15:24:19.326 26883 26895 I art     : Explicit concurrent mark sweep GC freed 3(96B) AllocSpace objects, 0(0B) LOS objects, 40% free, 22MB/37MB, paused 135us total 12.428ms
08-06 15:24:19.478   518   646 I ThermalEngine: ACTION: GPU - Setting GPU[0] to 510000000
08-06 15:24:19.617 26883 26896 I art     : Starting a blocking GC Explicit
08-06 15:24:19.635 26883 26896 I art     : Explicit concurrent mark sweep GC freed 1363(82KB) AllocSpace objects, 1(20KB) LOS objects, 40% free, 22MB/37MB, paused 208us total 17.999ms
08-06 15:24:19.646 26883 26896 I art     : Starting a blocking GC Explicit
08-06 15:24:19.662 26883 26896 I art     : Explicit concurrent mark sweep GC freed 23(752B) AllocSpace objects, 0(0B) LOS objects, 40% free, 22MB/37MB, paused 195us total 15.853ms
08-06 15:24:19.670 26883 26896 I art     : Starting a blocking GC Explicit
08-06 15:24:19.686 26883 26896 I art     : Explicit concurrent mark sweep GC freed 3(96B) AllocSpace objects, 0(0B) LOS objects, 40% free, 22MB/37MB, paused 191us total 15.669ms
08-06 15:24:19.694 26883 26896 I art     : Starting a blocking GC Explicit
08-06 15:24:19.711 26883 26896 I art     : Explicit concurrent mark sweep GC freed 3(96B) AllocSpace objects, 0(0B) LOS objects, 40% free, 22MB/37MB, paused 191us total 16.427ms
08-06 15:24:19.711 26883 26894 I art     : WaitForGcToComplete blocked for 16.703ms for cause HeapTrim
08-06 15:24:19.719 26883 26896 I art     : Starting a blocking GC Explicit
08-06 15:24:19.735 26883 26896 I art     : Explicit concurrent mark sweep GC freed 28(784B) AllocSpace objects, 0(0B) LOS objects, 40% free, 22MB/37MB, paused 180us total 15.602ms
08-06 15:24:20.041 26883 26912 I art     : Starting a blocking GC Explicit
08-06 15:24:20.054 21665 21665 I ServiceManager: Waiting for service AtCmdFwd...
08-06 15:24:20.061 26883 26912 I art     : Explicit concurrent mark sweep GC freed 1362(80KB) AllocSpace objects, 1(20KB) LOS objects, 40% free, 22MB/37MB, paused 204us total 19.896ms
08-06 15:24:20.071 26883 26912 I art     : Starting a blocking GC Explicit
08-06 15:24:20.088 26883 26912 I art     : Explicit concurrent mark sweep GC freed 23(752B) AllocSpace objects, 0(0B) LOS objects, 40% free, 22MB/37MB, paused 185us total 16.362ms
08-06 15:24:20.096 26883 26912 I art     : Starting a blocking GC Explicit
08-06 15:24:20.112 26883 26912 I art     : Explicit concurrent mark sweep GC freed 3(96B) AllocSpace objects, 0(0B) LOS objects, 40% free, 22MB/37MB, paused 181us total 15.519ms
08-06 15:24:20.119 26883 26912 I art     : Starting a blocking GC Explicit
08-06 15:24:20.136 26883 26912 I art     : Explicit concurrent mark sweep GC freed 3(96B) AllocSpace objects, 0(0B) LOS objects, 40% free, 22MB/37MB, paused 181us total 16.058ms
08-06 15:24:20.144 26883 26912 I art     : Starting a blocking GC Explicit
08-06 15:24:20.160 26883 26912 I art     : Explicit concurrent mark sweep GC freed 3(96B) AllocSpace objects, 0(0B) LOS objects, 40% free, 22MB/37MB, paused 185us total 16.246ms
08-06 15:24:20.457 26883 26895 I art     : Starting a blocking GC Explicit
08-06 15:24:20.472 26883 26895 I art     : Explicit concurrent mark sweep GC freed 1362(80KB) AllocSpace objects, 1(20KB) LOS objects, 40% free, 22MB/37MB, paused 163us total 13.928ms
08-06 15:24:20.479 26883 26895 I art     : Starting a blocking GC Explicit
08-06 15:24:20.493 26883 26895 I art     : Explicit concurrent mark sweep GC freed 23(752B) AllocSpace objects, 0(0B) LOS objects, 40% free, 22MB/37MB, paused 169us total 13.915ms
08-06 15:24:20.500 26883 26895 I art     : Starting a blocking GC Explicit
08-06 15:24:20.514 26883 26895 I art     : Explicit concurrent mark sweep GC freed 3(96B) AllocSpace objects, 0(0B) LOS objects, 40% free, 22MB/37MB, paused 170us total 13.662ms
08-06 15:24:20.521 26883 26895 I art     : Starting a blocking GC Explicit
08-06 15:24:20.535 26883 26895 I art     : Explicit concurrent mark sweep GC freed 3(96B) AllocSpace objects, 0(0B) LOS objects, 40% free, 22MB/37MB, paused 172us total 13.610ms
08-06 15:24:20.542 26883 26895 I art     : Starting a blocking GC Explicit
08-06 15:24:20.556 26883 26895 I art     : Explicit concurrent mark sweep GC freed 3(96B) AllocSpace objects, 0(0B) LOS objects, 40% free, 22MB/37MB, paused 163us total 13.511ms
08-06 15:24:20.863 26883 26896 I art     : Starting a blocking GC Explicit
08-06 15:24:20.881 26883 26896 I art     : Explicit concurrent mark sweep GC freed 1386(80KB) AllocSpace objects, 1(20KB) LOS objects, 40% free, 22MB/37MB, paused 211us total 17.942ms
08-06 15:24:20.892 26883 26896 I art     : Starting a blocking GC Explicit
08-06 15:24:20.908 26883 26896 I art     : Explicit concurrent mark sweep GC freed 23(752B) AllocSpace objects, 0(0B) LOS objects, 40% free, 22MB/37MB, paused 185us total 15.921ms
08-06 15:24:20.916 26883 26896 I art     : Starting a blocking GC Explicit
08-06 15:24:20.932 26883 26896 I art     : Explicit concurrent mark sweep GC freed 3(96B) AllocSpace objects, 0(0B) LOS objects, 40% free, 22MB/37MB, paused 176us total 15.540ms
08-06 15:24:20.940 26883 26896 I art     : Starting a blocking GC Explicit
08-06 15:24:20.956 26883 26896 I art     : Explicit concurrent mark sweep GC freed 3(96B) AllocSpace objects, 0(0B) LOS objects, 40% free, 22MB/37MB, paused 194us total 15.841ms
08-06 15:24:20.964 26883 26896 I art     : Starting a blocking GC Explicit
08-06 15:24:20.980 26883 26896 I art     : Explicit concurrent mark sweep GC freed 3(96B) AllocSpace objects, 0(0B) LOS objects, 40% free, 22MB/37MB, paused 187us total 16.159ms
08-06 15:24:21.054 21665 21665 I ServiceManager: Waiting for service AtCmdFwd...
08-06 15:24:21.266 26883 26912 I art     : Starting a blocking GC Explicit
08-06 15:24:21.283 26883 26912 I art     : Explicit concurrent mark sweep GC freed 1362(80KB) AllocSpace objects, 1(20KB) LOS objects, 40% free, 22MB/37MB, paused 182us total 16.050ms
08-06 15:24:21.291 26883 26912 I art     : Starting a blocking GC Explicit
08-06 15:24:21.306 26883 26912 I art     : Explicit concurrent mark sweep GC freed 23(752B) AllocSpace objects, 0(0B) LOS objects, 40% free, 22MB/37MB, paused 178us total 14.861ms
08-06 15:24:21.314 26883 26912 I art     : Starting a blocking GC Explicit
08-06 15:24:21.329 26883 26912 I art     : Explicit concurrent mark sweep GC freed 3(96B) AllocSpace objects, 0(0B) LOS objects, 40% free, 22MB/37MB, paused 197us total 14.861ms
08-06 15:24:21.337 26883 26912 I art     : Starting a blocking GC Explicit
08-06 15:24:21.352 26883 26912 I art     : Explicit concurrent mark sweep GC freed 3(96B) AllocSpace objects, 0(0B) LOS objects, 40% free, 22MB/37MB, paused 184us total 14.903ms
08-06 15:24:21.360 26883 26912 I art     : Starting a blocking GC Explicit
08-06 15:24:21.375 26883 26912 I art     : Explicit concurrent mark sweep GC freed 3(96B) AllocSpace objects, 0(0B) LOS objects, 40% free, 22MB/37MB, paused 179us total 15.075ms
08-06 15:24:21.661 26883 26895 I art     : Starting a blocking GC Explicit
08-06 15:24:21.678 26883 26895 I art     : Explicit concurrent mark sweep GC freed 1361(79KB) AllocSpace objects, 1(20KB) LOS objects, 40% free, 22MB/37MB, paused 189us total 16.365ms
08-06 15:24:21.686 26883 26895 I art     : Starting a blocking GC Explicit
08-06 15:24:21.702 26883 26895 I art     : Explicit concurrent mark sweep GC freed 23(752B) AllocSpace objects, 0(0B) LOS objects, 40% free, 22MB/37MB, paused 183us total 15.752ms
08-06 15:24:21.710 26883 26895 I art     : Starting a blocking GC Explicit
08-06 15:24:21.725 26883 26895 I art     : Explicit concurrent mark sweep GC freed 28(784B) AllocSpace objects, 0(0B) LOS objects, 40% free, 22MB/37MB, paused 182us total 15.441ms
08-06 15:24:21.729 27081 27081 D AndroidRuntime: >>>>>> START com.android.internal.os.RuntimeInit uid 2000 <<<<<<
08-06 15:24:21.733 26883 26895 I art     : Starting a blocking GC Explicit
08-06 15:24:21.734 27081 27081 D AndroidRuntime: CheckJNI is OFF
08-06 15:24:21.749 26883 26895 I art     : Explicit concurrent mark sweep GC freed 3(96B) AllocSpace objects, 0(0B) LOS objects, 40% free, 22MB/37MB, paused 185us total 15.433ms
08-06 15:24:21.756 26883 26895 I art     : Starting a blocking GC Explicit
08-06 15:24:21.770 27081 27081 D ICU     : No timezone override file found: /data/misc/zoneinfo/current/icu/icu_tzdata.dat
08-06 15:24:21.771 26883 26895 I art     : Explicit concurrent mark sweep GC freed 3(96B) AllocSpace objects, 0(0B) LOS objects, 40% free, 22MB/37MB, paused 191us total 14.701ms
08-06 15:24:21.804 27081 27081 I Radio-JNI: register_android_hardware_Radio DONE
08-06 15:24:21.826 27081 27081 D AndroidRuntime: Calling main entry com.android.commands.input.Input
08-06 15:24:21.828 27081 27081 I Input   : injectMotionEvent: MotionEvent { action=ACTION_DOWN, actionButton=0, id[0]=0, x[0]=1233.0, y[0]=1274.0, toolType[0]=TOOL_TYPE_UNKNOWN, buttonState=0, metaState=0, flags=0x0, edgeFlags=0x0, pointerCount=1, historySize=0, eventTime=890678241, downTime=890678241, deviceId=0, source=0x1002 }
08-06 15:24:21.834 27081 27081 I Input   : injectMotionEvent: MotionEvent { action=ACTION_UP, actionButton=0, id[0]=0, x[0]=1233.0, y[0]=1274.0, toolType[0]=TOOL_TYPE_UNKNOWN, buttonState=0, metaState=0, flags=0x0, edgeFlags=0x0, pointerCount=1, historySize=0, eventTime=890678241, downTime=890678241, deviceId=0, source=0x1002 }
08-06 15:24:21.835 27081 27081 D AndroidRuntime: Shutting down VM
08-06 15:24:22.018 26883 26895 I art     : Starting a blocking GC Explicit
08-06 15:24:22.035 26883 26895 I art     : Explicit concurrent mark sweep GC freed 1365(80KB) AllocSpace objects, 1(20KB) LOS objects, 40% free, 22MB/37MB, paused 174us total 16.857ms
08-06 15:24:22.045 26883 26895 I art     : Starting a blocking GC Explicit
08-06 15:24:22.055 21665 21665 I ServiceManager: Waiting for service AtCmdFwd...
08-06 15:24:22.062 26883 26895 I art     : Explicit concurrent mark sweep GC freed 23(752B) AllocSpace objects, 0(0B) LOS objects, 40% free, 22MB/37MB, paused 190us total 17.091ms
08-06 15:24:22.070 26883 26895 I art     : Starting a blocking GC Explicit
08-06 15:24:22.087 26883 26895 I art     : Explicit concurrent mark sweep GC freed 3(96B) AllocSpace objects, 0(0B) LOS objects, 40% free, 22MB/37MB, paused 267us total 16.184ms
08-06 15:24:22.095 26883 26895 I art     : Starting a blocking GC Explicit
08-06 15:24:22.110 26883 26895 I art     : Explicit concurrent mark sweep GC freed 3(96B) AllocSpace objects, 0(0B) LOS objects, 40% free, 22MB/37MB, paused 187us total 14.825ms
08-06 15:24:22.118 26883 26895 I art     : Starting a blocking GC Explicit
08-06 15:24:22.133 26883 26895 I art     : Explicit concurrent mark sweep GC freed 3(96B) AllocSpace objects, 0(0B) LOS objects, 40% free, 22MB/37MB, paused 161us total 14.663ms
08-06 15:24:22.273 13866 13866 I GoogleInputMethodServic: GoogleInputMethodService.onFinishInput():3138 
08-06 15:24:22.273 13866 13866 I GoogleInputMethodServic: GoogleInputMethodService.onStartInput():1808 
08-06 15:24:22.378 26883 26912 I art     : Starting a blocking GC Explicit
08-06 15:24:22.396 26883 26912 I art     : Explicit concurrent mark sweep GC freed 1459(83KB) AllocSpace objects, 1(20KB) LOS objects, 40% free, 22MB/37MB, paused 194us total 17.220ms
08-06 15:24:22.404 26883 26912 I art     : Starting a blocking GC Explicit
08-06 15:24:22.420 26883 26912 I art     : Explicit concurrent mark sweep GC freed 31(1200B) AllocSpace objects, 0(0B) LOS objects, 40% free, 22MB/37MB, paused 185us total 16.288ms
08-06 15:24:22.429 26883 26912 I art     : Starting a blocking GC Explicit
08-06 15:24:22.445 26883 26912 I art     : Explicit concurrent mark sweep GC freed 3(96B) AllocSpace objects, 0(0B) LOS objects, 40% free, 22MB/37MB, paused 187us total 16.046ms
08-06 15:24:22.453 26883 26912 I art     : Starting a blocking GC Explicit
08-06 15:24:22.469 26883 26912 I art     : Explicit concurrent mark sweep GC freed 3(96B) AllocSpace objects, 0(0B) LOS objects, 40% free, 22MB/37MB, paused 179us total 15.744ms
08-06 15:24:22.477 26883 26912 I art     : Starting a blocking GC Explicit
08-06 15:24:22.493 26883 26912 I art     : Explicit concurrent mark sweep GC freed 3(96B) AllocSpace objects, 0(0B) LOS objects, 40% free, 22MB/37MB, paused 185us total 15.770ms
08-06 15:24:22.770 26883 26896 I art     : Starting a blocking GC Explicit
08-06 15:24:22.790 26883 26896 I art     : Explicit concurrent mark sweep GC freed 1387(80KB) AllocSpace objects, 1(20KB) LOS objects, 40% free, 22MB/37MB, paused 209us total 20.210ms
08-06 15:24:22.799 26883 26896 I art     : Starting a blocking GC Explicit
08-06 15:24:22.815 26883 26896 I art     : Explicit concurrent mark sweep GC freed 23(752B) AllocSpace objects, 0(0B) LOS objects, 40% free, 22MB/37MB, paused 187us total 16.220ms
08-06 15:24:22.823 26883 26896 I art     : Starting a blocking GC Explicit
08-06 15:24:22.840 26883 26896 I art     : Explicit concurrent mark sweep GC freed 3(96B) AllocSpace objects, 0(0B) LOS objects, 40% free, 22MB/37MB, paused 185us total 16.112ms
08-06 15:24:22.848 26883 26896 I art     : Starting a blocking GC Explicit
08-06 15:24:22.864 26883 26896 I art     : Explicit concurrent mark sweep GC freed 3(96B) AllocSpace objects, 0(0B) LOS objects, 40% free, 22MB/37MB, paused 190us total 16.089ms
08-06 15:24:22.872 26883 26896 I art     : Starting a blocking GC Explicit
08-06 15:24:22.888 26883 26896 I art     : Explicit concurrent mark sweep GC freed 3(96B) AllocSpace objects, 0(0B) LOS objects, 40% free, 22MB/37MB, paused 209us total 15.932ms
08-06 15:24:23.055 21665 21665 W Atfwd_Sendcmd: AtCmdFwd service not published, waiting... retryCnt : 2
08-06 15:24:23.168 26883 26895 I art     : Starting a blocking GC Explicit
08-06 15:24:23.184 26883 26895 I art     : Explicit concurrent mark sweep GC freed 1361(80KB) AllocSpace objects, 1(20KB) LOS objects, 40% free, 22MB/37MB, paused 192us total 15.863ms
08-06 15:24:23.192 26883 26895 I art     : Starting a blocking GC Explicit
08-06 15:24:23.208 26883 26895 I art     : Explicit concurrent mark sweep GC freed 23(752B) AllocSpace objects, 0(0B) LOS objects, 40% free, 22MB/37MB, paused 214us total 16.093ms
08-06 15:24:23.217 26883 26895 I art     : Starting a blocking GC Explicit
08-06 15:24:23.232 26883 26895 I art     : Explicit concurrent mark sweep GC freed 3(96B) AllocSpace objects, 0(0B) LOS objects, 40% free, 22MB/37MB, paused 181us total 15.327ms
08-06 15:24:23.240 26883 26895 I art     : Starting a blocking GC Explicit
08-06 15:24:23.244   918  3261 D WifiStateMachine: starting scan for "H369AA63323"WPA_PSK with 2412,5180
08-06 15:24:23.256 26883 26895 I art     : Explicit concurrent mark sweep GC freed 3(96B) AllocSpace objects, 0(0B) LOS objects, 40% free, 22MB/37MB, paused 177us total 16.495ms
08-06 15:24:23.264 26883 26895 I art     : Starting a blocking GC Explicit
08-06 15:24:23.280 26883 26895 I art     : Explicit concurrent mark sweep GC freed 3(96B) AllocSpace objects, 0(0B) LOS objects, 40% free, 22MB/37MB, paused 184us total 15.625ms
08-06 15:24:23.489 27138 27138 D AndroidRuntime: >>>>>> START com.android.internal.os.RuntimeInit uid 2000 <<<<<<
08-06 15:24:23.494 27138 27138 D AndroidRuntime: CheckJNI is OFF
08-06 15:24:23.526 27138 27138 D ICU     : No timezone override file found: /data/misc/zoneinfo/current/icu/icu_tzdata.dat
08-06 15:24:23.560 27138 27138 I Radio-JNI: register_android_hardware_Radio DONE
08-06 15:24:23.571 26883 26912 I art     : Starting a blocking GC Explicit
08-06 15:24:23.582 27138 27138 D AndroidRuntime: Calling main entry com.android.commands.input.Input
08-06 15:24:23.584 27138 27138 I Input   : injectMotionEvent: MotionEvent { action=ACTION_DOWN, actionButton=0, id[0]=0, x[0]=103.0, y[0]=192.0, toolType[0]=TOOL_TYPE_UNKNOWN, buttonState=0, metaState=0, flags=0x0, edgeFlags=0x0, pointerCount=1, historySize=0, eventTime=890679997, downTime=890679997, deviceId=0, source=0x1002 }
08-06 15:24:23.588 26883 26912 I art     : Explicit concurrent mark sweep GC freed 1361(80KB) AllocSpace objects, 1(20KB) LOS objects, 40% free, 22MB/37MB, paused 210us total 16.391ms
08-06 15:24:23.589 27138 27138 I Input   : injectMotionEvent: MotionEvent { action=ACTION_UP, actionButton=0, id[0]=0, x[0]=103.0, y[0]=192.0, toolType[0]=TOOL_TYPE_UNKNOWN, buttonState=0, metaState=0, flags=0x0, edgeFlags=0x0, pointerCount=1, historySize=0, eventTime=890679997, downTime=890679997, deviceId=0, source=0x1002 }
08-06 15:24:23.591 27138 27138 D AndroidRuntime: Shutting down VM
08-06 15:24:23.595 26883 26912 I art     : Starting a blocking GC Explicit
08-06 15:24:23.603   512  2967 D audio_hw_primary: out_set_parameters: enter: usecase(1: low-latency-playback) kvpairs: routing=2
08-06 15:24:23.612 26883 26912 I art     : Explicit concurrent mark sweep GC freed 53(1680B) AllocSpace objects, 0(0B) LOS objects, 40% free, 22MB/37MB, paused 187us total 16.487ms
08-06 15:24:23.616   512  2967 D audio_hw_primary: select_devices: out_snd_device(2: speaker) in_snd_device(0: none)
08-06 15:24:23.616   512  2967 D msm8974_platform: platform_send_audio_calibration: sending audio calibration for snd_device(2) acdb_id(15)
08-06 15:24:23.616   512  2967 I soundtrigger: audio_extn_sound_trigger_update_device_status: device 0x2 of type 0 for Event 1
08-06 15:24:23.620 26883 26912 I art     : Starting a blocking GC Explicit
08-06 15:24:23.627   512  2967 D audio_hw_primary: enable_snd_device: snd_device(2: speaker)
08-06 15:24:23.629   512  2967 D audio_hw_primary: enable_audio_route: apply and update mixer path: low-latency-playback speaker
08-06 15:24:23.635 26883 26912 I art     : Explicit concurrent mark sweep GC freed 87(3KB) AllocSpace objects, 0(0B) LOS objects, 40% free, 22MB/37MB, paused 399us total 14.968ms
08-06 15:24:23.640 13866 13866 I GoogleInputMethodServic: GoogleInputMethodService.onFinishInput():3138 
08-06 15:24:23.643 26883 26912 I art     : Starting a blocking GC Explicit
08-06 15:24:23.643 13866 13866 I GoogleInputMethodServic: GoogleInputMethodService.onStartInput():1808 
08-06 15:24:23.658 26883 26912 I art     : Explicit concurrent mark sweep GC freed 18(880B) AllocSpace objects, 0(0B) LOS objects, 40% free, 22MB/37MB, paused 166us total 14.776ms
08-06 15:24:23.665 26883 26912 I art     : Starting a blocking GC Explicit
08-06 15:24:23.680 26883 26912 I art     : Explicit concurrent mark sweep GC freed 107(4KB) AllocSpace objects, 0(0B) LOS objects, 40% free, 22MB/37MB, paused 180us total 14.787ms
08-06 15:24:23.922 26883 26912 I art     : Starting a blocking GC Explicit
08-06 15:24:23.939 26883 26912 I art     : Explicit concurrent mark sweep GC freed 1670(96KB) AllocSpace objects, 1(20KB) LOS objects, 40% free, 22MB/37MB, paused 212us total 16.102ms
08-06 15:24:23.947 26883 26912 I art     : Starting a blocking GC Explicit
08-06 15:24:23.963 26883 26912 I art     : Explicit concurrent mark sweep GC freed 35(1296B) AllocSpace objects, 0(0B) LOS objects, 40% free, 22MB/37MB, paused 184us total 16.021ms
08-06 15:24:23.971 26883 26912 I art     : Starting a blocking GC Explicit
08-06 15:24:23.987 26883 26912 I art     : Explicit concurrent mark sweep GC freed 3(96B) AllocSpace objects, 0(0B) LOS objects, 40% free, 22MB/37MB, paused 216us total 15.786ms
08-06 15:24:23.996 26883 26912 I art     : Starting a blocking GC Explicit
08-06 15:24:24.011 26883 26912 I art     : Explicit concurrent mark sweep GC freed 3(96B) AllocSpace objects, 0(0B) LOS objects, 40% free, 22MB/37MB, paused 177us total 14.820ms
08-06 15:24:24.018 26883 26912 I art     : Starting a blocking GC Explicit
08-06 15:24:24.034 26883 26912 I art     : Explicit concurrent mark sweep GC freed 6(224B) AllocSpace objects, 0(0B) LOS objects, 40% free, 22MB/37MB, paused 281us total 14.940ms
08-06 15:24:24.179   512  2967 D audio_hw_primary: disable_audio_route: reset and update mixer path: low-latency-playback speaker
08-06 15:24:24.180   512  2967 D audio_hw_primary: disable_snd_device: snd_device(2: speaker)
08-06 15:24:24.189   512  2967 I soundtrigger: audio_extn_sound_trigger_update_device_status: device 0x2 of type 0 for Event 0
08-06 15:24:24.244 27169 27169 D AndroidRuntime: >>>>>> START com.android.internal.os.RuntimeInit uid 2000 <<<<<<
08-06 15:24:24.248 27169 27169 D AndroidRuntime: CheckJNI is OFF
08-06 15:24:24.281 27169 27169 D ICU     : No timezone override file found: /data/misc/zoneinfo/current/icu/icu_tzdata.dat
08-06 15:24:24.286 26883 26896 I art     : Starting a blocking GC Explicit
08-06 15:24:24.301 26883 26896 I art     : Explicit concurrent mark sweep GC freed 1364(80KB) AllocSpace objects, 1(20KB) LOS objects, 40% free, 22MB/37MB, paused 198us total 15.289ms
08-06 15:24:24.309 26883 26896 I art     : Starting a blocking GC Explicit
08-06 15:24:24.313 27169 27169 I Radio-JNI: register_android_hardware_Radio DONE
08-06 15:24:24.324 26883 26896 I art     : Explicit concurrent mark sweep GC freed 25(816B) AllocSpace objects, 0(0B) LOS objects, 40% free, 22MB/37MB, paused 192us total 15.194ms
08-06 15:24:24.332 26883 26896 I art     : Starting a blocking GC Explicit
08-06 15:24:24.336 27169 27169 D AndroidRuntime: Calling main entry com.android.commands.input.Input
08-06 15:24:24.338 27169 27169 I Input   : injectMotionEvent: MotionEvent { action=ACTION_DOWN, actionButton=0, id[0]=0, x[0]=324.0, y[0]=2298.0, toolType[0]=TOOL_TYPE_UNKNOWN, buttonState=0, metaState=0, flags=0x0, edgeFlags=0x0, pointerCount=1, historySize=0, eventTime=890680751, downTime=890680751, deviceId=0, source=0x1002 }
08-06 15:24:24.342 27169 27169 I Input   : injectMotionEvent: MotionEvent { action=ACTION_UP, actionButton=0, id[0]=0, x[0]=324.0, y[0]=2298.0, toolType[0]=TOOL_TYPE_UNKNOWN, buttonState=0, metaState=0, flags=0x0, edgeFlags=0x0, pointerCount=1, historySize=0, eventTime=890680751, downTime=890680751, deviceId=0, source=0x1002 }
08-06 15:24:24.343 27169 27169 D AndroidRuntime: Shutting down VM
08-06 15:24:24.347 26883 26896 I art     : Explicit concurrent mark sweep GC freed 8(224B) AllocSpace objects, 0(0B) LOS objects, 40% free, 22MB/37MB, paused 224us total 15.031ms
08-06 15:24:24.351   918   929 I ActivityManager: START u0 {cmp=baseline.de.danoeh.antennapod.debug/baseline.de.danoeh.antennapod.activity.PreferenceActivity} from uid 10711 on display 0
08-06 15:24:24.353   512  2967 D audio_hw_primary: out_set_parameters: enter: usecase(1: low-latency-playback) kvpairs: routing=2
08-06 15:24:24.355 26883 26896 I art     : Starting a blocking GC Explicit
08-06 15:24:24.366   512  2967 D audio_hw_primary: select_devices: out_snd_device(2: speaker) in_snd_device(0: none)
08-06 15:24:24.366   512  2967 D msm8974_platform: platform_send_audio_calibration: sending audio calibration for snd_device(2) acdb_id(15)
08-06 15:24:24.366   512  2967 I soundtrigger: audio_extn_sound_trigger_update_device_status: device 0x2 of type 0 for Event 1
08-06 15:24:24.371 26883 26896 I art     : Explicit concurrent mark sweep GC freed 14(8KB) AllocSpace objects, 0(0B) LOS objects, 40% free, 22MB/37MB, paused 430us total 15.390ms
08-06 15:24:24.375   512  2967 D audio_hw_primary: enable_snd_device: snd_device(2: speaker)
08-06 15:24:24.377   512  2967 D audio_hw_primary: enable_audio_route: apply and update mixer path: low-latency-playback speaker
08-06 15:24:24.379 26883 26896 I art     : Starting a blocking GC Explicit
08-06 15:24:24.395 26883 26896 I art     : Explicit concurrent mark sweep GC freed 509(61KB) AllocSpace objects, 1(20KB) LOS objects, 40% free, 22MB/37MB, paused 478us total 16.095ms
08-06 15:24:24.424   512  2967 D AudioFlinger: mixer(0xf4740000) throttle end: throttle time(12)
08-06 15:24:24.628 26883 26896 I art     : Starting a blocking GC Explicit
08-06 15:24:24.636 32587 32617 I WorkerManager: dispose()
08-06 15:24:24.637 32587 32617 W ThreadPoolDumper: Queue length for executor EventBus is now 11. Perhaps some tasks are too long, or the pool is too small.
08-06 15:24:24.647 26883 26896 I art     : Explicit concurrent mark sweep GC freed 3977(377KB) AllocSpace objects, 1(20KB) LOS objects, 40% free, 23MB/39MB, paused 342us total 19.167ms
08-06 15:24:24.648   918   936 I ActivityManager: Displayed baseline.de.danoeh.antennapod.debug/baseline.de.danoeh.antennapod.activity.PreferenceActivity: +270ms
08-06 15:24:24.648 13866 13866 I GoogleInputMethodServic: GoogleInputMethodService.onFinishInput():3138 
08-06 15:24:24.649 13866 13866 I GoogleInputMethodServic: GoogleInputMethodService.onStartInput():1808 
08-06 15:24:24.660 26883 26896 I art     : Starting a blocking GC Explicit
08-06 15:24:24.679 26883 26896 I art     : Explicit concurrent mark sweep GC freed 538(23KB) AllocSpace objects, 0(0B) LOS objects, 40% free, 23MB/38MB, paused 206us total 18.617ms
08-06 15:24:24.687 26883 26896 I art     : Starting a blocking GC Explicit
08-06 15:24:24.689 26883 26904 D OpenGLRenderer: endAllStagingAnimators on 0x7f7f373800 (RippleDrawable) with handle 0x7f7e424d20
08-06 15:24:24.704 26883 26896 I art     : Explicit concurrent mark sweep GC freed 15(976B) AllocSpace objects, 0(0B) LOS objects, 40% free, 23MB/38MB, paused 174us total 16.586ms
08-06 15:24:24.711 26883 26896 I art     : Starting a blocking GC Explicit
08-06 15:24:24.728 26883 26896 I art     : Explicit concurrent mark sweep GC freed 38(1104B) AllocSpace objects, 0(0B) LOS objects, 40% free, 23MB/39MB, paused 173us total 16.318ms
08-06 15:24:24.736 26883 26896 I art     : Starting a blocking GC Explicit
08-06 15:24:24.754 26883 26896 I art     : Explicit concurrent mark sweep GC freed 3(96B) AllocSpace objects, 0(0B) LOS objects, 40% free, 23MB/38MB, paused 170us total 17.179ms
08-06 15:24:24.754 26883 26894 I art     : WaitForGcToComplete blocked for 17.410ms for cause HeapTrim
08-06 15:24:24.900   380   380 W SurfaceFlinger: couldn't log to binary event log: overflow.
08-06 15:24:24.918   512  2967 D audio_hw_primary: disable_audio_route: reset and update mixer path: low-latency-playback speaker
08-06 15:24:24.919   512  2967 D audio_hw_primary: disable_snd_device: snd_device(2: speaker)
08-06 15:24:24.926   512  2967 I soundtrigger: audio_extn_sound_trigger_update_device_status: device 0x2 of type 0 for Event 0
08-06 15:24:25.006 26883 26883 D PlaybackController: Releasing PlaybackController
08-06 15:24:25.008 26883 26912 I art     : Starting a blocking GC Explicit
08-06 15:24:25.027 26883 26912 I art     : Explicit concurrent mark sweep GC freed 1624(97KB) AllocSpace objects, 1(20KB) LOS objects, 40% free, 23MB/39MB, paused 182us total 18.350ms
08-06 15:24:25.034 26883 26912 I art     : Starting a blocking GC Explicit
08-06 15:24:25.052 26883 26912 I art     : Explicit concurrent mark sweep GC freed 63(2064B) AllocSpace objects, 0(0B) LOS objects, 40% free, 23MB/39MB, paused 171us total 17.167ms
08-06 15:24:25.060 26883 26912 I art     : Starting a blocking GC Explicit
08-06 15:24:25.078 26883 26912 I art     : Explicit concurrent mark sweep GC freed 3(96B) AllocSpace objects, 0(0B) LOS objects, 40% free, 23MB/39MB, paused 180us total 18.141ms
08-06 15:24:25.086 26883 26912 I art     : Starting a blocking GC Explicit
08-06 15:24:25.104 26883 26912 I art     : Explicit concurrent mark sweep GC freed 3(96B) AllocSpace objects, 0(0B) LOS objects, 40% free, 23MB/39MB, paused 177us total 17.993ms
08-06 15:24:25.113 26883 26912 I art     : Starting a blocking GC Explicit
08-06 15:24:25.132 26883 26912 I art     : Explicit concurrent mark sweep GC freed 3(96B) AllocSpace objects, 0(0B) LOS objects, 40% free, 23MB/39MB, paused 205us total 18.610ms
08-06 15:24:25.410 26883 26895 I art     : Starting a blocking GC Explicit
08-06 15:24:25.433 26883 26895 I art     : Explicit concurrent mark sweep GC freed 1364(80KB) AllocSpace objects, 1(20KB) LOS objects, 40% free, 23MB/39MB, paused 206us total 22.973ms
08-06 15:24:25.443 26883 26895 I art     : Starting a blocking GC Explicit
08-06 15:24:25.463 26883 26895 I art     : Explicit concurrent mark sweep GC freed 23(752B) AllocSpace objects, 0(0B) LOS objects, 40% free, 23MB/39MB, paused 191us total 19.050ms
08-06 15:24:25.472 26883 26895 I art     : Starting a blocking GC Explicit
08-06 15:24:25.490 26883 26895 I art     : Explicit concurrent mark sweep GC freed 3(96B) AllocSpace objects, 0(0B) LOS objects, 40% free, 23MB/39MB, paused 174us total 18.546ms
08-06 15:24:25.499 26883 26895 I art     : Starting a blocking GC Explicit
08-06 15:24:25.517 26883 26895 I art     : Explicit concurrent mark sweep GC freed 3(96B) AllocSpace objects, 0(0B) LOS objects, 40% free, 23MB/39MB, paused 177us total 18.311ms
08-06 15:24:25.525 26883 26895 I art     : Starting a blocking GC Explicit
08-06 15:24:25.545 26883 26895 I art     : Explicit concurrent mark sweep GC freed 3(96B) AllocSpace objects, 0(0B) LOS objects, 40% free, 23MB/39MB, paused 188us total 19.382ms
08-06 15:24:25.812 26883 26896 I art     : Starting a blocking GC Explicit
08-06 15:24:25.834 26883 26896 I art     : Explicit concurrent mark sweep GC freed 1389(80KB) AllocSpace objects, 1(20KB) LOS objects, 40% free, 23MB/39MB, paused 251us total 22.451ms
08-06 15:24:25.846 26883 26896 I art     : Starting a blocking GC Explicit
08-06 15:24:25.865 26883 26896 I art     : Explicit concurrent mark sweep GC freed 23(752B) AllocSpace objects, 0(0B) LOS objects, 40% free, 23MB/39MB, paused 196us total 18.233ms
08-06 15:24:25.873 26883 26896 I art     : Starting a blocking GC Explicit
08-06 15:24:25.892 26883 26896 I art     : Explicit concurrent mark sweep GC freed 3(96B) AllocSpace objects, 0(0B) LOS objects, 40% free, 23MB/39MB, paused 195us total 18.718ms
08-06 15:24:25.900 26883 26896 I art     : Starting a blocking GC Explicit
08-06 15:24:25.919 26883 26896 I art     : Explicit concurrent mark sweep GC freed 3(96B) AllocSpace objects, 0(0B) LOS objects, 40% free, 23MB/39MB, paused 200us total 18.366ms
08-06 15:24:25.927 26883 26896 I art     : Starting a blocking GC Explicit
08-06 15:24:25.946 26883 26896 I art     : Explicit concurrent mark sweep GC freed 3(96B) AllocSpace objects, 0(0B) LOS objects, 40% free, 23MB/39MB, paused 190us total 18.505ms
08-06 15:24:26.003 27230 27230 D AndroidRuntime: >>>>>> START com.android.internal.os.RuntimeInit uid 2000 <<<<<<
08-06 15:24:26.008 27230 27230 D AndroidRuntime: CheckJNI is OFF
08-06 15:24:26.043 27230 27230 D ICU     : No timezone override file found: /data/misc/zoneinfo/current/icu/icu_tzdata.dat
08-06 15:24:26.077 27230 27230 I Radio-JNI: register_android_hardware_Radio DONE
08-06 15:24:26.099 27230 27230 D AndroidRuntime: Calling main entry com.android.commands.input.Input
08-06 15:24:26.101 27230 27230 I Input   : injectMotionEvent: MotionEvent { action=ACTION_DOWN, actionButton=0, id[0]=0, x[0]=400.0, y[0]=997.0, toolType[0]=TOOL_TYPE_UNKNOWN, buttonState=0, metaState=0, flags=0x0, edgeFlags=0x0, pointerCount=1, historySize=0, eventTime=890682514, downTime=890682514, deviceId=0, source=0x1002 }
08-06 15:24:26.108 27230 27230 I Input   : injectMotionEvent: MotionEvent { action=ACTION_UP, actionButton=0, id[0]=0, x[0]=400.0, y[0]=997.0, toolType[0]=TOOL_TYPE_UNKNOWN, buttonState=0, metaState=0, flags=0x0, edgeFlags=0x0, pointerCount=1, historySize=0, eventTime=890682514, downTime=890682514, deviceId=0, source=0x1002 }
08-06 15:24:26.109 27230 27230 D AndroidRuntime: Shutting down VM
08-06 15:24:26.124   512  2967 D audio_hw_primary: out_set_parameters: enter: usecase(1: low-latency-playback) kvpairs: routing=2
08-06 15:24:26.137   512  2967 D audio_hw_primary: select_devices: out_snd_device(2: speaker) in_snd_device(0: none)
08-06 15:24:26.137   512  2967 D msm8974_platform: platform_send_audio_calibration: sending audio calibration for snd_device(2) acdb_id(15)
08-06 15:24:26.137   512  2967 I soundtrigger: audio_extn_sound_trigger_update_device_status: device 0x2 of type 0 for Event 1
08-06 15:24:26.147   512  2967 D audio_hw_primary: enable_snd_device: snd_device(2: speaker)
08-06 15:24:26.149   512  2967 D audio_hw_primary: enable_audio_route: apply and update mixer path: low-latency-playback speaker
08-06 15:24:26.204 26883 26912 I art     : Starting a blocking GC Explicit
08-06 15:24:26.223 26883 26912 I art     : Explicit concurrent mark sweep GC freed 2898(185KB) AllocSpace objects, 2(40KB) LOS objects, 40% free, 23MB/39MB, paused 206us total 18.724ms
08-06 15:24:26.231 26883 26912 I art     : Starting a blocking GC Explicit
08-06 15:24:26.246 13866 13866 I GoogleInputMethodServic: GoogleInputMethodService.onFinishInput():3138 
08-06 15:24:26.247 13866 13866 I GoogleInputMethodServic: GoogleInputMethodService.onStartInput():1808 
08-06 15:24:26.250 26883 26912 I art     : Explicit concurrent mark sweep GC freed 217(9KB) AllocSpace objects, 0(0B) LOS objects, 40% free, 23MB/39MB, paused 173us total 19.291ms
08-06 15:24:26.259 26883 26912 I art     : Starting a blocking GC Explicit
08-06 15:24:26.277 26883 26912 I art     : Explicit concurrent mark sweep GC freed 5(288B) AllocSpace objects, 0(0B) LOS objects, 40% free, 23MB/39MB, paused 176us total 17.497ms
08-06 15:24:26.285 26883 26912 I art     : Starting a blocking GC Explicit
08-06 15:24:26.302 26883 26912 I art     : Explicit concurrent mark sweep GC freed 5(160B) AllocSpace objects, 0(0B) LOS objects, 40% free, 23MB/39MB, paused 180us total 17.698ms
08-06 15:24:26.310 26883 26912 I art     : Starting a blocking GC Explicit
08-06 15:24:26.328 26883 26912 I art     : Explicit concurrent mark sweep GC freed 3(96B) AllocSpace objects, 0(0B) LOS objects, 40% free, 23MB/39MB, paused 185us total 17.735ms
08-06 15:24:26.567 26883 26895 I art     : Starting a blocking GC Explicit
08-06 15:24:26.588 26883 26895 I art     : Explicit concurrent mark sweep GC freed 1365(80KB) AllocSpace objects, 1(20KB) LOS objects, 40% free, 23MB/39MB, paused 192us total 20.740ms
08-06 15:24:26.597 26883 26895 I art     : Starting a blocking GC Explicit
08-06 15:24:26.617 26883 26895 I art     : Explicit concurrent mark sweep GC freed 23(752B) AllocSpace objects, 0(0B) LOS objects, 40% free, 23MB/39MB, paused 178us total 19.931ms
08-06 15:24:26.626 26883 26895 I art     : Starting a blocking GC Explicit
08-06 15:24:26.646 26883 26895 I art     : Explicit concurrent mark sweep GC freed 3(96B) AllocSpace objects, 0(0B) LOS objects, 40% free, 23MB/39MB, paused 182us total 19.851ms
08-06 15:24:26.654 26883 26895 I art     : Starting a blocking GC Explicit
08-06 15:24:26.674 26883 26895 I art     : Explicit concurrent mark sweep GC freed 3(96B) AllocSpace objects, 0(0B) LOS objects, 40% free, 23MB/39MB, paused 182us total 19.528ms
08-06 15:24:26.682 26883 26895 I art     : Starting a blocking GC Explicit
08-06 15:24:26.699   512  2967 D audio_hw_primary: disable_audio_route: reset and update mixer path: low-latency-playback speaker
08-06 15:24:26.700   512  2967 D audio_hw_primary: disable_snd_device: snd_device(2: speaker)
08-06 15:24:26.702 26883 26895 I art     : Explicit concurrent mark sweep GC freed 3(96B) AllocSpace objects, 0(0B) LOS objects, 40% free, 23MB/39MB, paused 181us total 19.542ms
08-06 15:24:26.708   512  2967 I soundtrigger: audio_extn_sound_trigger_update_device_status: device 0x2 of type 0 for Event 0
08-06 15:24:26.751 27263 27263 D AndroidRuntime: >>>>>> START com.android.internal.os.RuntimeInit uid 2000 <<<<<<
08-06 15:24:26.756 27263 27263 D AndroidRuntime: CheckJNI is OFF
08-06 15:24:26.791 27263 27263 D ICU     : No timezone override file found: /data/misc/zoneinfo/current/icu/icu_tzdata.dat
08-06 15:24:26.830 27263 27263 I Radio-JNI: register_android_hardware_Radio DONE
08-06 15:24:26.851 27263 27263 D AndroidRuntime: Calling main entry com.android.commands.input.Input
08-06 15:24:26.853 27263 27263 I Input   : injectMotionEvent: MotionEvent { action=ACTION_DOWN, actionButton=0, id[0]=0, x[0]=697.0, y[0]=656.0, toolType[0]=TOOL_TYPE_UNKNOWN, buttonState=0, metaState=0, flags=0x0, edgeFlags=0x0, pointerCount=1, historySize=0, eventTime=890683266, downTime=890683266, deviceId=0, source=0x1002 }
08-06 15:24:26.857 27263 27263 I Input   : injectMotionEvent: MotionEvent { action=ACTION_UP, actionButton=0, id[0]=0, x[0]=697.0, y[0]=656.0, toolType[0]=TOOL_TYPE_UNKNOWN, buttonState=0, metaState=0, flags=0x0, edgeFlags=0x0, pointerCount=1, historySize=0, eventTime=890683266, downTime=890683266, deviceId=0, source=0x1002 }
08-06 15:24:26.859 27263 27263 D AndroidRuntime: Shutting down VM
08-06 15:24:26.871   512  2967 D audio_hw_primary: out_set_parameters: enter: usecase(1: low-latency-playback) kvpairs: routing=2
08-06 15:24:26.884   512  2967 D audio_hw_primary: select_devices: out_snd_device(2: speaker) in_snd_device(0: none)
08-06 15:24:26.884   512  2967 D msm8974_platform: platform_send_audio_calibration: sending audio calibration for snd_device(2) acdb_id(15)
08-06 15:24:26.884   512  2967 I soundtrigger: audio_extn_sound_trigger_update_device_status: device 0x2 of type 0 for Event 1
08-06 15:24:26.894   512  2967 D audio_hw_primary: enable_snd_device: snd_device(2: speaker)
08-06 15:24:26.896   512  2967 D audio_hw_primary: enable_audio_route: apply and update mixer path: low-latency-playback speaker
08-06 15:24:26.938 13866 13866 I GoogleInputMethodServic: GoogleInputMethodService.onFinishInput():3138 
08-06 15:24:26.940 13866 13866 I GoogleInputMethodServic: GoogleInputMethodService.onStartInput():1808 
08-06 15:24:26.942   512  2967 D AudioFlinger: mixer(0xf4740000) throttle end: throttle time(12)
08-06 15:24:26.952 26883 26912 I art     : Starting a blocking GC Explicit
08-06 15:24:26.974 26883 26912 I art     : Explicit concurrent mark sweep GC freed 2416(194KB) AllocSpace objects, 1(20KB) LOS objects, 40% free, 23MB/39MB, paused 191us total 21.628ms
08-06 15:24:26.983 26883 26912 I art     : Starting a blocking GC Explicit
08-06 15:24:27.001 26883 26912 I art     : Explicit concurrent mark sweep GC freed 178(7KB) AllocSpace objects, 0(0B) LOS objects, 40% free, 23MB/39MB, paused 181us total 18.088ms
08-06 15:24:27.009 26883 26912 I art     : Starting a blocking GC Explicit
08-06 15:24:27.030 26883 26912 I art     : Explicit concurrent mark sweep GC freed 5(176B) AllocSpace objects, 0(0B) LOS objects, 40% free, 23MB/39MB, paused 183us total 20.242ms
08-06 15:24:27.039 26883 26912 I art     : Starting a blocking GC Explicit
08-06 15:24:27.061 26883 26912 I art     : Explicit concurrent mark sweep GC freed 3(96B) AllocSpace objects, 0(0B) LOS objects, 40% free, 23MB/39MB, paused 186us total 22.233ms
08-06 15:24:27.070 26883 26912 I art     : Starting a blocking GC Explicit
08-06 15:24:27.092 26883 26912 I art     : Explicit concurrent mark sweep GC freed 3(96B) AllocSpace objects, 0(0B) LOS objects, 40% free, 23MB/39MB, paused 189us total 21.630ms
08-06 15:24:27.169 29532 29532 W PathParser: Points are too far apart 4.030360828967057
08-06 15:24:27.169 29532 29532 W PathParser: Points are too far apart 4.030360538880159
08-06 15:24:27.186 29532 29532 W PathParser: Points are too far apart 4.030360828967057
08-06 15:24:27.186 29532 29532 W PathParser: Points are too far apart 4.030360538880159
08-06 15:24:27.202 29532 29532 W PathParser: Points are too far apart 4.030360828967057
08-06 15:24:27.202 29532 29532 W PathParser: Points are too far apart 4.030360538880159
08-06 15:24:27.219 29532 29532 W PathParser: Points are too far apart 4.030360828967057
08-06 15:24:27.219 29532 29532 W PathParser: Points are too far apart 4.030360538880159
08-06 15:24:27.236 29532 29532 W PathParser: Points are too far apart 4.030360828967057
08-06 15:24:27.236 29532 29532 W PathParser: Points are too far apart 4.030360538880159
08-06 15:24:27.253 29532 29532 W PathParser: Points are too far apart 4.030360828967057
08-06 15:24:27.253 29532 29532 W PathParser: Points are too far apart 4.030360538880159
08-06 15:24:27.269 29532 29532 W PathParser: Points are too far apart 4.030360828967057
08-06 15:24:27.269 29532 29532 W PathParser: Points are too far apart 4.030360538880159
08-06 15:24:27.341 26883 26912 I art     : Starting a blocking GC Explicit
08-06 15:24:27.363 26883 26912 I art     : Explicit concurrent mark sweep GC freed 1370(80KB) AllocSpace objects, 1(20KB) LOS objects, 40% free, 23MB/39MB, paused 184us total 21.170ms
08-06 15:24:27.373 26883 26912 I art     : Starting a blocking GC Explicit
08-06 15:24:27.393 26883 26912 I art     : Explicit concurrent mark sweep GC freed 29(944B) AllocSpace objects, 0(0B) LOS objects, 40% free, 23MB/39MB, paused 165us total 19.294ms
08-06 15:24:27.400 26883 26912 I art     : Starting a blocking GC Explicit
08-06 15:24:27.418 26883 26912 I art     : Explicit concurrent mark sweep GC freed 3(96B) AllocSpace objects, 0(0B) LOS objects, 40% free, 23MB/39MB, paused 173us total 17.498ms
08-06 15:24:27.426 26883 26912 I art     : Starting a blocking GC Explicit
08-06 15:24:27.438   512  2967 D audio_hw_primary: disable_audio_route: reset and update mixer path: low-latency-playback speaker
08-06 15:24:27.440   512  2967 D audio_hw_primary: disable_snd_device: snd_device(2: speaker)
08-06 15:24:27.446 26883 26912 I art     : Explicit concurrent mark sweep GC freed 3(96B) AllocSpace objects, 0(0B) LOS objects, 40% free, 23MB/39MB, paused 169us total 19.540ms
08-06 15:24:27.448   512  2967 I soundtrigger: audio_extn_sound_trigger_update_device_status: device 0x2 of type 0 for Event 0
08-06 15:24:27.455 26883 26912 I art     : Starting a blocking GC Explicit
08-06 15:24:27.474 26883 26912 I art     : Explicit concurrent mark sweep GC freed 3(96B) AllocSpace objects, 0(0B) LOS objects, 40% free, 23MB/39MB, paused 169us total 19.417ms
08-06 15:24:27.515 27294 27294 D AndroidRuntime: >>>>>> START com.android.internal.os.RuntimeInit uid 2000 <<<<<<
08-06 15:24:27.520 27294 27294 D AndroidRuntime: CheckJNI is OFF
08-06 15:24:27.554 27294 27294 D ICU     : No timezone override file found: /data/misc/zoneinfo/current/icu/icu_tzdata.dat
08-06 15:24:27.594 27294 27294 I Radio-JNI: register_android_hardware_Radio DONE
08-06 15:24:27.620 27294 27294 D AndroidRuntime: Calling main entry com.android.commands.input.Input
08-06 15:24:27.623 27294 27294 I Input   : injectMotionEvent: MotionEvent { action=ACTION_DOWN, actionButton=0, id[0]=0, x[0]=256.0, y[0]=1589.0, toolType[0]=TOOL_TYPE_UNKNOWN, buttonState=0, metaState=0, flags=0x0, edgeFlags=0x0, pointerCount=1, historySize=0, eventTime=890684036, downTime=890684036, deviceId=0, source=0x1002 }
08-06 15:24:27.630 27294 27294 I Input   : injectMotionEvent: MotionEvent { action=ACTION_UP, actionButton=0, id[0]=0, x[0]=256.0, y[0]=1589.0, toolType[0]=TOOL_TYPE_UNKNOWN, buttonState=0, metaState=0, flags=0x0, edgeFlags=0x0, pointerCount=1, historySize=0, eventTime=890684036, downTime=890684036, deviceId=0, source=0x1002 }
08-06 15:24:27.633 27294 27294 D AndroidRuntime: Shutting down VM
08-06 15:24:27.639 26883 26883 D UserPreferences: timeOfDay: []
08-06 15:24:27.639 26883 26883 D AutoUpdateManager: Restarting update alarm.
08-06 15:24:27.642 26883 26883 D AutoUpdateManager: Automatic update was deactivated
08-06 15:24:27.644   512  2967 D audio_hw_primary: out_set_parameters: enter: usecase(1: low-latency-playback) kvpairs: routing=2
08-06 15:24:27.657   512  2967 D audio_hw_primary: select_devices: out_snd_device(2: speaker) in_snd_device(0: none)
08-06 15:24:27.657   512  2967 D msm8974_platform: platform_send_audio_calibration: sending audio calibration for snd_device(2) acdb_id(15)
08-06 15:24:27.657   512  2967 I soundtrigger: audio_extn_sound_trigger_update_device_status: device 0x2 of type 0 for Event 1
08-06 15:24:27.667   512  2967 D audio_hw_primary: enable_snd_device: snd_device(2: speaker)
08-06 15:24:27.670   512  2967 D audio_hw_primary: enable_audio_route: apply and update mixer path: low-latency-playback speaker
08-06 15:24:27.682 13866 13866 I GoogleInputMethodServic: GoogleInputMethodService.onFinishInput():3138 
08-06 15:24:27.683 13866 13866 I GoogleInputMethodServic: GoogleInputMethodService.onStartInput():1808 
08-06 15:24:27.687 29532 29532 W PathParser: Points are too far apart 4.030360828967057
08-06 15:24:27.687 29532 29532 W PathParser: Points are too far apart 4.030360538880159
08-06 15:24:27.703 29532 29532 W PathParser: Points are too far apart 4.030360828967057
08-06 15:24:27.703 29532 29532 W PathParser: Points are too far apart 4.030360538880159
08-06 15:24:27.714   512  2967 D AudioFlinger: mixer(0xf4740000) throttle end: throttle time(12)
08-06 15:24:27.719 29532 29532 W PathParser: Points are too far apart 4.030360828967057
08-06 15:24:27.719 29532 29532 W PathParser: Points are too far apart 4.030360538880159
08-06 15:24:27.736 29532 29532 W PathParser: Points are too far apart 4.030360828967057
08-06 15:24:27.736 29532 29532 W PathParser: Points are too far apart 4.030360538880159
08-06 15:24:27.741 26883 26895 I art     : Starting a blocking GC Explicit
08-06 15:24:27.753 29532 29532 W PathParser: Points are too far apart 4.030360828967057
08-06 15:24:27.753 29532 29532 W PathParser: Points are too far apart 4.030360538880159
08-06 15:24:27.762 26883 26895 I art     : Explicit concurrent mark sweep GC freed 1717(107KB) AllocSpace objects, 2(40KB) LOS objects, 40% free, 23MB/39MB, paused 194us total 20.655ms
08-06 15:24:27.770 29532 29532 W PathParser: Points are too far apart 4.030360828967057
08-06 15:24:27.770 29532 29532 W PathParser: Points are too far apart 4.030360538880159
08-06 15:24:27.771 26883 26895 I art     : Starting a blocking GC Explicit
08-06 15:24:27.786 29532 29532 W PathParser: Points are too far apart 4.030360828967057
08-06 15:24:27.786 29532 29532 W PathParser: Points are too far apart 4.030360538880159
08-06 15:24:27.791 26883 26895 I art     : Explicit concurrent mark sweep GC freed 104(4KB) AllocSpace objects, 0(0B) LOS objects, 40% free, 23MB/39MB, paused 227us total 20.448ms
08-06 15:24:27.800 26883 26895 I art     : Starting a blocking GC Explicit
08-06 15:24:27.803 29532 29532 W PathParser: Points are too far apart 4.030360828967057
08-06 15:24:27.803 29532 29532 W PathParser: Points are too far apart 4.030360538880159
08-06 15:24:27.820 26883 26895 I art     : Explicit concurrent mark sweep GC freed 40(1504B) AllocSpace objects, 0(0B) LOS objects, 40% free, 23MB/39MB, paused 350us total 19.781ms
08-06 15:24:27.829 26883 26895 I art     : Starting a blocking GC Explicit
08-06 15:24:27.849 26883 26895 I art     : Explicit concurrent mark sweep GC freed 65(2080B) AllocSpace objects, 0(0B) LOS objects, 40% free, 23MB/39MB, paused 189us total 19.590ms
08-06 15:24:27.852   380   380 W SurfaceFlinger: couldn't log to binary event log: overflow.
08-06 15:24:27.857 26883 26895 I art     : Starting a blocking GC Explicit
08-06 15:24:27.878 26883 26895 I art     : Explicit concurrent mark sweep GC freed 66(2112B) AllocSpace objects, 0(0B) LOS objects, 40% free, 23MB/39MB, paused 234us total 20.162ms
08-06 15:24:28.115 26883 26896 I art     : Starting a blocking GC Explicit
08-06 15:24:28.135 26883 26896 I art     : Explicit concurrent mark sweep GC freed 1672(89KB) AllocSpace objects, 1(20KB) LOS objects, 40% free, 23MB/39MB, paused 195us total 20.139ms
08-06 15:24:28.143 26883 26896 I art     : Starting a blocking GC Explicit
08-06 15:24:28.164 26883 26896 I art     : Explicit concurrent mark sweep GC freed 23(752B) AllocSpace objects, 0(0B) LOS objects, 40% free, 23MB/39MB, paused 196us total 20.490ms
08-06 15:24:28.172 26883 26896 I art     : Starting a blocking GC Explicit
08-06 15:24:28.192 26883 26896 I art     : Explicit concurrent mark sweep GC freed 3(96B) AllocSpace objects, 0(0B) LOS objects, 40% free, 23MB/39MB, paused 193us total 19.889ms
08-06 15:24:28.198   512  2967 D audio_hw_primary: disable_audio_route: reset and update mixer path: low-latency-playback speaker
08-06 15:24:28.199   512  2967 D audio_hw_primary: disable_snd_device: snd_device(2: speaker)
08-06 15:24:28.201 26883 26896 I art     : Starting a blocking GC Explicit
08-06 15:24:28.208   512  2967 I soundtrigger: audio_extn_sound_trigger_update_device_status: device 0x2 of type 0 for Event 0
08-06 15:24:28.220 26883 26896 I art     : Explicit concurrent mark sweep GC freed 3(96B) AllocSpace objects, 0(0B) LOS objects, 40% free, 23MB/39MB, paused 191us total 19.549ms
08-06 15:24:28.229 26883 26896 I art     : Starting a blocking GC Explicit
08-06 15:24:28.249 26883 26896 I art     : Explicit concurrent mark sweep GC freed 3(96B) AllocSpace objects, 0(0B) LOS objects, 40% free, 23MB/39MB, paused 195us total 19.852ms
08-06 15:24:28.261 27326 27326 D AndroidRuntime: >>>>>> START com.android.internal.os.RuntimeInit uid 2000 <<<<<<
08-06 15:24:28.266 27326 27326 D AndroidRuntime: CheckJNI is OFF
08-06 15:24:28.299 27326 27326 D ICU     : No timezone override file found: /data/misc/zoneinfo/current/icu/icu_tzdata.dat
08-06 15:24:28.331 27326 27326 I Radio-JNI: register_android_hardware_Radio DONE
08-06 15:24:28.352 27326 27326 D AndroidRuntime: Calling main entry com.android.commands.input.Input
08-06 15:24:28.354 27326 27326 I Input   : injectKeyEvent: KeyEvent { action=ACTION_DOWN, keyCode=KEYCODE_BACK, scanCode=0, metaState=0, flags=0x0, repeatCount=0, eventTime=890684767, downTime=890684767, deviceId=-1, source=0x101 }
08-06 15:24:28.359 27326 27326 I Input   : injectKeyEvent: KeyEvent { action=ACTION_UP, keyCode=KEYCODE_BACK, scanCode=0, metaState=0, flags=0x0, repeatCount=0, eventTime=890684767, downTime=890684767, deviceId=-1, source=0x101 }
08-06 15:24:28.367 27326 27326 D AndroidRuntime: Shutting down VM
08-06 15:24:28.430 13866 13866 I GoogleInputMethodServic: GoogleInputMethodService.onFinishInput():3138 
08-06 15:24:28.432 13866 13866 I GoogleInputMethodServic: GoogleInputMethodService.onStartInput():1808 
08-06 15:24:28.485 26883 26896 I art     : Starting a blocking GC Explicit
08-06 15:24:28.486   518   646 I ThermalEngine: ACTION: GPU - Setting GPU[0] to 450000000
08-06 15:24:28.517 26883 26896 I art     : Explicit concurrent mark sweep GC freed 2742(144KB) AllocSpace objects, 1(20KB) LOS objects, 39% free, 24MB/40MB, paused 287us total 31.449ms
08-06 15:24:28.529 26883 26896 I art     : Starting a blocking GC Explicit
08-06 15:24:28.555 26883 26896 I art     : Explicit concurrent mark sweep GC freed 5790(345KB) AllocSpace objects, 1(48KB) LOS objects, 40% free, 23MB/39MB, paused 299us total 25.660ms
08-06 15:24:28.565 26883 26896 I art     : Starting a blocking GC Explicit
08-06 15:24:28.589 26883 26896 I art     : Explicit concurrent mark sweep GC freed 3522(243KB) AllocSpace objects, 0(0B) LOS objects, 40% free, 23MB/39MB, paused 262us total 23.497ms
08-06 15:24:28.600 26883 26896 I art     : Starting a blocking GC Explicit
08-06 15:24:28.624 26883 26896 I art     : Explicit concurrent mark sweep GC freed 3(96B) AllocSpace objects, 0(0B) LOS objects, 40% free, 23MB/39MB, paused 265us total 23.746ms
08-06 15:24:28.635 26883 26896 I art     : Starting a blocking GC Explicit
08-06 15:24:28.659 26883 26896 I art     : Explicit concurrent mark sweep GC freed 3(96B) AllocSpace objects, 0(0B) LOS objects, 40% free, 23MB/39MB, paused 257us total 23.936ms
08-06 15:24:28.935 26883 26912 I art     : Starting a blocking GC Explicit
08-06 15:24:28.962 26883 26912 I art     : Explicit concurrent mark sweep GC freed 1390(80KB) AllocSpace objects, 1(20KB) LOS objects, 40% free, 23MB/39MB, paused 266us total 27.054ms
08-06 15:24:28.975 26883 26912 I art     : Starting a blocking GC Explicit
08-06 15:24:29.000 26883 26912 I art     : Explicit concurrent mark sweep GC freed 23(752B) AllocSpace objects, 0(0B) LOS objects, 40% free, 23MB/39MB, paused 240us total 24.499ms
08-06 15:24:29.010 26883 26912 I art     : Starting a blocking GC Explicit
08-06 15:24:29.022 27368 27368 I art     : Late-enabling -Xcheck:jni
08-06 15:24:29.022   918   918 I ActivityManager: Start proc 27368:nappatfpr.com.newsblur/u0a704 for service nappatfpr.com.newsblur/.service.NBSyncService
08-06 15:24:29.026 12162 12162 I Finsky  : [1] xow.onStartJob(3): SCH: onJobSchedulerWakeup with jobId 9011
08-06 15:24:29.033 12162 12162 I Finsky  : [1] xjw.a(9): Scheduling fallback in 43199994 (absolute: 1917272901)
08-06 15:24:29.033 26883 26912 I art     : Explicit concurrent mark sweep GC freed 3(96B) AllocSpace objects, 0(0B) LOS objects, 40% free, 23MB/39MB, paused 233us total 22.450ms
08-06 15:24:29.038 12162 12162 I Finsky  : [1] xjw.a(9): Scheduling fallback in 64799995 (absolute: 1938872908)
08-06 15:24:29.043 26883 26912 I art     : Starting a blocking GC Explicit
08-06 15:24:29.064 26883 26912 I art     : Explicit concurrent mark sweep GC freed 3(96B) AllocSpace objects, 0(0B) LOS objects, 40% free, 23MB/39MB, paused 239us total 20.723ms
08-06 15:24:29.072 27368 27368 W System  : ClassLoader referenced unknown path: /data/app/nappatfpr.com.newsblur-1/lib/arm64
08-06 15:24:29.074 26883 26912 I art     : Starting a blocking GC Explicit
08-06 15:24:29.095 26883 26912 I art     : Explicit concurrent mark sweep GC freed 3(96B) AllocSpace objects, 0(0B) LOS objects, 40% free, 23MB/39MB, paused 259us total 20.690ms
08-06 15:24:29.114 12162 12162 I Finsky  : [1] xkf.handleMessage(8): SCH: DeviceState: DeviceState{currentTime=1596720269110, isCharging=false, isIdle=false, netAny=true, netNotRoaming=true, netUnmetered=true, batteryPercent=100.0}
08-06 15:24:29.118 12162 26849 I Finsky  : [6698] xmu.a(8): SCH: Jobs in database: 1-1337 3-225 3-226 12-1 24-77777777 26-1414141414 
08-06 15:24:29.121 12162 12162 I Finsky  : [1] xkg.a(16): SCH: Running job: 12-1
08-06 15:24:29.122 12162 12162 I Finsky  : [1] ContentSyncJob.a(16): [ContentSync] job started
08-06 15:24:29.122 12162 12162 I Finsky  : [1] xkf.handleMessage(61): SCH: RunningQueue size: 1, PendingQueue size: 0
08-06 15:24:29.122 12162 12162 I Finsky  : [1] xkf.handleMessage(64): SCH: Running queue: 12-1 
08-06 15:24:29.188 12162 26874 I Finsky  : [6705] dzn.a(22): Completed 0 account content syncs with 0 successful.
08-06 15:24:29.189 12162 12162 I Finsky  : [1] ContentSyncJob.a(1): [ContentSync] Installation state replication succeeded.
08-06 15:24:29.189 12162 12162 I Finsky  : [1] xlr.a(13): SCH: jobFinished: 12-1. TimeElapsed: 68ms.
08-06 15:24:29.190 12162 12162 I Finsky  : [1] xkg.a(36): SCH: Job 12-1 finished. Not rescheduling.
08-06 15:24:29.190 12162 12162 I Finsky  : [1] xkf.handleMessage(61): SCH: RunningQueue size: 0, PendingQueue size: 0
08-06 15:24:29.190 12162 12162 I Finsky  : [1] xkf.handleMessage(25): Executor finished
08-06 15:24:29.209 12162 12162 I Finsky  : [1] xmu.a(8): SCH: Jobs in database: 1-1337 3-225 3-226 24-77777777 26-1414141414 
08-06 15:24:29.212 12162 12162 I Finsky  : [1] xio.a(57): SCH: ConstraintMapping: 24-77777777,  -> L: 0ms, D: 20741715ms, C: false, I: true, N: 0
08-06 15:24:29.212 12162 12162 I Finsky  : [1] xio.a(57): SCH: ConstraintMapping: 1-1337,  -> L: 5889559ms, D: 24083701ms, C: false, I: false, N: 1
08-06 15:24:29.212 12162 12162 I Finsky  : [1] xio.a(57): SCH: ConstraintMapping: 3-225,  -> L: 0ms, D: 63867644ms, C: false, I: true, N: 2
08-06 15:24:29.213 12162 12162 I Finsky  : [1] xio.a(57): SCH: ConstraintMapping: 3-226,  -> L: 0ms, D: 63867688ms, C: true, I: true, N: 2
08-06 15:24:29.213 12162 12162 I Finsky  : [1] xio.a(57): SCH: ConstraintMapping: 26-1414141414,  -> L: 28865088ms, D: 29765088ms, C: false, I: false, N: 0
08-06 15:24:29.226 12162 12162 I Finsky  : [1] xle.a(34): Cancelling existing jobscheduler jobs: 9001 9015 9013 9017 9012 9014 9016 9019 9018 
08-06 15:24:29.227 12162 12162 I Finsky  : [1] xle.a(10): Throttling wakeup for job 9000 (expected to run in 0 ms) due to recent wakeup
08-06 15:24:29.227 12162 12162 I Finsky  : [1] xle.a(27): Scheduling job Id: 9000, L: 30000, D: 20741715, C: false, I: true, N: 0
08-06 15:24:29.229 12162 12162 I Finsky  : [1] xle.a(27): Scheduling job Id: 9002, L: 5889559, D: 24083701, C: false, I: false, N: 1
08-06 15:24:29.231 12162 12162 I Finsky  : [1] xle.a(10): Throttling wakeup for job 9003 (expected to run in 0 ms) due to recent wakeup
08-06 15:24:29.231 12162 12162 I Finsky  : [1] xle.a(27): Scheduling job Id: 9003, L: 30000, D: 63867644, C: false, I: true, N: 2
08-06 15:24:29.233 12162 12162 I Finsky  : [1] xle.a(10): Throttling wakeup for job 9004 (expected to run in 0 ms) due to recent wakeup
08-06 15:24:29.233 12162 12162 I Finsky  : [1] xle.a(27): Scheduling job Id: 9004, L: 30000, D: 63867688, C: true, I: true, N: 2
08-06 15:24:29.235 12162 12162 I Finsky  : [1] xle.a(27): Scheduling job Id: 9005, L: 28865088, D: 29765088, C: false, I: false, N: 0
08-06 15:24:29.236 12162 12162 I Finsky  : [1] xle.a(10): Throttling wakeup for job 9006 (expected to run in 0 ms) due to recent wakeup
08-06 15:24:29.237 12162 12162 I Finsky  : [1] xle.a(27): Scheduling job Id: 9006, L: 30000, D: 20741715, C: false, I: true, N: 0
08-06 15:24:29.239 12162 12162 I Finsky  : [1] xle.a(27): Scheduling job Id: 9007, L: 5889559, D: 24083701, C: false, I: false, N: 1
08-06 15:24:29.240 12162 12162 I Finsky  : [1] xle.a(10): Throttling wakeup for job 9008 (expected to run in 0 ms) due to recent wakeup
08-06 15:24:29.241 12162 12162 I Finsky  : [1] xle.a(27): Scheduling job Id: 9008, L: 30000, D: 63867644, C: false, I: true, N: 2
08-06 15:24:29.242 12162 12162 I Finsky  : [1] xle.a(10): Throttling wakeup for job 9009 (expected to run in 0 ms) due to recent wakeup
08-06 15:24:29.242 12162 12162 I Finsky  : [1] xle.a(27): Scheduling job Id: 9009, L: 30000, D: 63867688, C: true, I: true, N: 2
08-06 15:24:29.244 12162 12162 I Finsky  : [1] xle.a(27): Scheduling job Id: 9010, L: 28865088, D: 29765088, C: false, I: false, N: 0
08-06 15:24:29.372 26883 26895 I art     : Starting a blocking GC Explicit
08-06 15:24:29.402 26883 26895 I art     : Explicit concurrent mark sweep GC freed 1365(80KB) AllocSpace objects, 1(20KB) LOS objects, 40% free, 23MB/39MB, paused 271us total 29.306ms
08-06 15:24:29.415 26883 26895 I art     : Starting a blocking GC Explicit
08-06 15:24:29.440 26883 26895 I art     : Explicit concurrent mark sweep GC freed 23(752B) AllocSpace objects, 0(0B) LOS objects, 40% free, 23MB/39MB, paused 252us total 24.997ms
08-06 15:24:29.451 26883 26895 I art     : Starting a blocking GC Explicit
08-06 15:24:29.476 26883 26895 I art     : Explicit concurrent mark sweep GC freed 3(96B) AllocSpace objects, 0(0B) LOS objects, 40% free, 23MB/39MB, paused 255us total 24.076ms
08-06 15:24:29.487 26883 26895 I art     : Starting a blocking GC Explicit
08-06 15:24:29.511 26883 26895 I art     : Explicit concurrent mark sweep GC freed 3(96B) AllocSpace objects, 0(0B) LOS objects, 40% free, 23MB/39MB, paused 248us total 23.476ms
08-06 15:24:29.521 26883 26895 I art     : Starting a blocking GC Explicit
08-06 15:24:29.546 26883 26895 I art     : Explicit concurrent mark sweep GC freed 3(96B) AllocSpace objects, 0(0B) LOS objects, 40% free, 23MB/39MB, paused 245us total 24.176ms
08-06 15:24:29.683   918  3696 I ActivityManager: Killing 16460:com.google.android.talk/u0a53 (adj 15): empty #17
08-06 15:24:29.820 26883 26896 I art     : Starting a blocking GC Explicit
08-06 15:24:29.848 26883 26896 I art     : Explicit concurrent mark sweep GC freed 1390(80KB) AllocSpace objects, 1(20KB) LOS objects, 40% free, 23MB/39MB, paused 307us total 27.817ms
08-06 15:24:29.860 26883 26896 I art     : Starting a blocking GC Explicit
08-06 15:24:29.884 26883 26896 I art     : Explicit concurrent mark sweep GC freed 23(752B) AllocSpace objects, 0(0B) LOS objects, 40% free, 23MB/39MB, paused 265us total 23.381ms
08-06 15:24:29.895 26883 26896 I art     : Starting a blocking GC Explicit
08-06 15:24:29.918 26883 26896 I art     : Explicit concurrent mark sweep GC freed 3(96B) AllocSpace objects, 0(0B) LOS objects, 40% free, 23MB/39MB, paused 256us total 22.918ms
08-06 15:24:29.929 26883 26896 I art     : Starting a blocking GC Explicit
08-06 15:24:29.954 26883 26896 I art     : Explicit concurrent mark sweep GC freed 3(96B) AllocSpace objects, 0(0B) LOS objects, 40% free, 23MB/39MB, paused 269us total 24.719ms
08-06 15:24:29.964 26883 26896 I art     : Starting a blocking GC Explicit
08-06 15:24:29.989 26883 26896 I art     : Explicit concurrent mark sweep GC freed 5(160B) AllocSpace objects, 0(0B) LOS objects, 40% free, 23MB/39MB, paused 353us total 24.381ms
08-06 15:24:30.147 27402 27402 D AndroidRuntime: >>>>>> START com.android.internal.os.RuntimeInit uid 2000 <<<<<<
08-06 15:24:30.153 27402 27402 D AndroidRuntime: CheckJNI is OFF
08-06 15:24:30.194 27402 27402 D ICU     : No timezone override file found: /data/misc/zoneinfo/current/icu/icu_tzdata.dat
08-06 15:24:30.233 27402 27402 I Radio-JNI: register_android_hardware_Radio DONE
08-06 15:24:30.261 27402 27402 D AndroidRuntime: Calling main entry com.android.commands.input.Input
08-06 15:24:30.263 27402 27402 I Input   : injectKeyEvent: KeyEvent { action=ACTION_DOWN, keyCode=KEYCODE_BACK, scanCode=0, metaState=0, flags=0x0, repeatCount=0, eventTime=890686676, downTime=890686676, deviceId=-1, source=0x101 }
08-06 15:24:30.268 27402 27402 I Input   : injectKeyEvent: KeyEvent { action=ACTION_UP, keyCode=KEYCODE_BACK, scanCode=0, metaState=0, flags=0x0, repeatCount=0, eventTime=890686676, downTime=890686676, deviceId=-1, source=0x101 }
08-06 15:24:30.273 26883 26895 I art     : Starting a blocking GC Explicit
08-06 15:24:30.275 27402 27402 D AndroidRuntime: Shutting down VM
08-06 15:24:30.292 26883 26883 D QueueFragment: loadItems()
08-06 15:24:30.292 26883 26903 D DBReader: getQueue() called
08-06 15:24:30.292 26883 26883 V PlaybackController: initServiceNotRunning()
08-06 15:24:30.292 26883 26903 D DBReader: getQueue()
08-06 15:24:30.293 26883 26883 D ExternalPlayerFragment: Loading media info
08-06 15:24:30.293 26883 26903 D DBReader: getFavoriteIDList() called
08-06 15:24:30.294 26883 26883 D UserPreferences: Using default data folder
08-06 15:24:30.294 26883 26903 D DBReader: getQueueIDList() called
08-06 15:24:30.295 26883 26903 D DBReader: Extracting Feedlist
08-06 15:24:30.296 26883 27435 D DBReader: getNavDrawerData() called with: 
08-06 15:24:30.299 26883 26895 I art     : Explicit concurrent mark sweep GC freed 2498(138KB) AllocSpace objects, 1(20KB) LOS objects, 40% free, 23MB/39MB, paused 474us total 25.715ms
08-06 15:24:30.300 26883 27435 D DBReader: getDownloadedItems() called
08-06 15:24:30.300 26883 27435 D DBReader: getFavoriteIDList() called
08-06 15:24:30.301 26883 27435 D DBReader: getQueueIDList() called
08-06 15:24:30.302 26883 27435 D DBReader: Extracting Feedlist
08-06 15:24:30.310 26883 26895 I art     : Starting a blocking GC Explicit
08-06 15:24:30.334 26883 26895 I art     : Explicit concurrent mark sweep GC freed 772(51KB) AllocSpace objects, 0(0B) LOS objects, 40% free, 23MB/39MB, paused 284us total 23.438ms
08-06 15:24:30.343 26883 26895 I art     : Starting a blocking GC Explicit
08-06 15:24:30.346 26883 26883 D MainActivity: getLastNavFragment() -> QueueFragment
08-06 15:24:30.367 26883 26895 I art     : Explicit concurrent mark sweep GC freed 1147(65KB) AllocSpace objects, 0(0B) LOS objects, 40% free, 23MB/39MB, paused 629us total 23.289ms
08-06 15:24:30.378 26883 26895 I art     : Starting a blocking GC Explicit
08-06 15:24:30.385 13866 13866 I GoogleInputMethodServic: GoogleInputMethodService.onFinishInput():3138 
08-06 15:24:30.385 13866 13866 I GoogleInputMethodServic: GoogleInputMethodService.onStartInput():1808 
08-06 15:24:30.401 26883 26895 I art     : Explicit concurrent mark sweep GC freed 537(25KB) AllocSpace objects, 0(0B) LOS objects, 40% free, 23MB/39MB, paused 389us total 22.396ms
08-06 15:24:30.412 26883 26895 I art     : Starting a blocking GC Explicit
08-06 15:24:30.434 26883 26895 I art     : Explicit concurrent mark sweep GC freed 465(31KB) AllocSpace objects, 0(0B) LOS objects, 40% free, 23MB/39MB, paused 274us total 21.582ms
08-06 15:24:30.672   380   380 W SurfaceFlinger: couldn't log to binary event log: overflow.
08-06 15:24:30.725 26883 26912 I art     : Starting a blocking GC Explicit
08-06 15:24:30.749 26883 26912 I art     : Explicit concurrent mark sweep GC freed 1936(106KB) AllocSpace objects, 1(20KB) LOS objects, 40% free, 23MB/39MB, paused 362us total 24.075ms
08-06 15:24:30.759 26883 26912 I art     : Starting a blocking GC Explicit
08-06 15:24:30.781 26883 26912 I art     : Explicit concurrent mark sweep GC freed 6245(390KB) AllocSpace objects, 11(308KB) LOS objects, 40% free, 22MB/38MB, paused 277us total 21.412ms
08-06 15:24:30.791 26883 26912 I art     : Starting a blocking GC Explicit
08-06 15:24:30.812 26883 26912 I art     : Explicit concurrent mark sweep GC freed 5(176B) AllocSpace objects, 0(0B) LOS objects, 40% free, 22MB/38MB, paused 287us total 20.923ms
08-06 15:24:30.822 26883 26912 I art     : Starting a blocking GC Explicit
08-06 15:24:30.843 26883 26912 I art     : Explicit concurrent mark sweep GC freed 3(96B) AllocSpace objects, 0(0B) LOS objects, 40% free, 22MB/38MB, paused 284us total 21.021ms
08-06 15:24:30.853 26883 26912 I art     : Starting a blocking GC Explicit
08-06 15:24:30.874 26883 26912 I art     : Explicit concurrent mark sweep GC freed 3(96B) AllocSpace objects, 0(0B) LOS objects, 40% free, 22MB/38MB, paused 282us total 20.484ms
08-06 15:24:31.165 26883 26895 I art     : Starting a blocking GC Explicit
08-06 15:24:31.191 26883 26895 I art     : Explicit concurrent mark sweep GC freed 1367(82KB) AllocSpace objects, 1(20KB) LOS objects, 40% free, 22MB/38MB, paused 328us total 25.817ms
08-06 15:24:31.204 26883 26895 I art     : Starting a blocking GC Explicit
08-06 15:24:31.226 26883 26895 I art     : Explicit concurrent mark sweep GC freed 23(752B) AllocSpace objects, 0(0B) LOS objects, 40% free, 22MB/38MB, paused 276us total 21.180ms
08-06 15:24:31.236 26883 26895 I art     : Starting a blocking GC Explicit
08-06 15:24:31.258 26883 26895 I art     : Explicit concurrent mark sweep GC freed 3(96B) AllocSpace objects, 0(0B) LOS objects, 40% free, 22MB/38MB, paused 289us total 21.552ms
08-06 15:24:31.268 26883 26895 I art     : Starting a blocking GC Explicit
08-06 15:24:31.290 26883 26895 I art     : Explicit concurrent mark sweep GC freed 3(96B) AllocSpace objects, 0(0B) LOS objects, 40% free, 22MB/38MB, paused 277us total 21.078ms
08-06 15:24:31.300 26883 26895 I art     : Starting a blocking GC Explicit
08-06 15:24:31.321 26883 26895 I art     : Explicit concurrent mark sweep GC freed 3(96B) AllocSpace objects, 0(0B) LOS objects, 40% free, 22MB/38MB, paused 282us total 21.093ms
08-06 15:24:31.599 26883 26896 I art     : Starting a blocking GC Explicit
08-06 15:24:31.621 26883 26896 I art     : Explicit concurrent mark sweep GC freed 1364(80KB) AllocSpace objects, 1(20KB) LOS objects, 40% free, 22MB/38MB, paused 304us total 21.387ms
08-06 15:24:31.631 26883 26896 I art     : Starting a blocking GC Explicit
08-06 15:24:31.652 26883 26896 I art     : Explicit concurrent mark sweep GC freed 23(752B) AllocSpace objects, 0(0B) LOS objects, 40% free, 22MB/38MB, paused 297us total 20.661ms
08-06 15:24:31.662 26883 26896 I art     : Starting a blocking GC Explicit
08-06 15:24:31.683 26883 26896 I art     : Explicit concurrent mark sweep GC freed 3(96B) AllocSpace objects, 0(0B) LOS objects, 40% free, 22MB/38MB, paused 302us total 20.575ms
08-06 15:24:31.693 26883 26896 I art     : Starting a blocking GC Explicit
08-06 15:24:31.715 26883 26896 I art     : Explicit concurrent mark sweep GC freed 3(96B) AllocSpace objects, 0(0B) LOS objects, 40% free, 22MB/38MB, paused 300us total 21.031ms
08-06 15:24:31.725 26883 26896 I art     : Starting a blocking GC Explicit
08-06 15:24:31.745 26883 26896 I art     : Explicit concurrent mark sweep GC freed 32(880B) AllocSpace objects, 0(0B) LOS objects, 40% free, 22MB/38MB, paused 288us total 20.594ms
08-06 15:24:32.043 27463 27463 D AndroidRuntime: >>>>>> START com.android.internal.os.RuntimeInit uid 2000 <<<<<<
08-06 15:24:32.049 27463 27463 D AndroidRuntime: CheckJNI is OFF
08-06 15:24:32.065 26883 26912 I art     : Starting a blocking GC Explicit
08-06 15:24:32.087 26883 26912 I art     : Explicit concurrent mark sweep GC freed 1364(80KB) AllocSpace objects, 1(20KB) LOS objects, 40% free, 22MB/38MB, paused 297us total 21.006ms
08-06 15:24:32.094 27463 27463 D ICU     : No timezone override file found: /data/misc/zoneinfo/current/icu/icu_tzdata.dat
08-06 15:24:32.097 26883 26912 I art     : Starting a blocking GC Explicit
08-06 15:24:32.118 26883 26912 I art     : Explicit concurrent mark sweep GC freed 23(752B) AllocSpace objects, 0(0B) LOS objects, 40% free, 22MB/38MB, paused 310us total 21.174ms
08-06 15:24:32.129 26883 26912 I art     : Starting a blocking GC Explicit
08-06 15:24:32.138 27463 27463 I Radio-JNI: register_android_hardware_Radio DONE
08-06 15:24:32.150 26883 26912 I art     : Explicit concurrent mark sweep GC freed 3(96B) AllocSpace objects, 0(0B) LOS objects, 40% free, 22MB/38MB, paused 306us total 20.894ms
08-06 15:24:32.161 26883 26912 I art     : Starting a blocking GC Explicit
08-06 15:24:32.168 27463 27463 D AndroidRuntime: Calling main entry com.android.commands.input.Input
08-06 15:24:32.170 27463 27463 I Input   : injectMotionEvent: MotionEvent { action=ACTION_DOWN, actionButton=0, id[0]=0, x[0]=103.0, y[0]=192.0, toolType[0]=TOOL_TYPE_UNKNOWN, buttonState=0, metaState=0, flags=0x0, edgeFlags=0x0, pointerCount=1, historySize=0, eventTime=890688582, downTime=890688582, deviceId=0, source=0x1002 }
08-06 15:24:32.176 27463 27463 I Input   : injectMotionEvent: MotionEvent { action=ACTION_UP, actionButton=0, id[0]=0, x[0]=103.0, y[0]=192.0, toolType[0]=TOOL_TYPE_UNKNOWN, buttonState=0, metaState=0, flags=0x0, edgeFlags=0x0, pointerCount=1, historySize=0, eventTime=890688582, downTime=890688582, deviceId=0, source=0x1002 }
08-06 15:24:32.178 27463 27463 D AndroidRuntime: Shutting down VM
08-06 15:24:32.181 26883 26912 I art     : Explicit concurrent mark sweep GC freed 22(688B) AllocSpace objects, 0(0B) LOS objects, 40% free, 22MB/38MB, paused 300us total 20.523ms
08-06 15:24:32.188   512  2967 D audio_hw_primary: out_set_parameters: enter: usecase(1: low-latency-playback) kvpairs: routing=2
08-06 15:24:32.191 26883 26912 I art     : Starting a blocking GC Explicit
08-06 15:24:32.201   512  2967 D audio_hw_primary: select_devices: out_snd_device(2: speaker) in_snd_device(0: none)
08-06 15:24:32.201   512  2967 D msm8974_platform: platform_send_audio_calibration: sending audio calibration for snd_device(2) acdb_id(15)
08-06 15:24:32.201   512  2967 I soundtrigger: audio_extn_sound_trigger_update_device_status: device 0x2 of type 0 for Event 1
08-06 15:24:32.213 26883 26912 I art     : Explicit concurrent mark sweep GC freed 36(1168B) AllocSpace objects, 0(0B) LOS objects, 40% free, 22MB/38MB, paused 326us total 21.234ms
08-06 15:24:32.214   512  2967 D audio_hw_primary: enable_snd_device: snd_device(2: speaker)
08-06 15:24:32.216   512  2967 D audio_hw_primary: enable_audio_route: apply and update mixer path: low-latency-playback speaker
08-06 15:24:32.228 13866 13866 I GoogleInputMethodServic: GoogleInputMethodService.onFinishInput():3138 
08-06 15:24:32.229 13866 13866 I GoogleInputMethodServic: GoogleInputMethodService.onStartInput():1808 
08-06 15:24:32.486 26883 26896 I art     : Starting a blocking GC Explicit
08-06 15:24:32.510 26883 26896 I art     : Explicit concurrent mark sweep GC freed 1804(103KB) AllocSpace objects, 1(20KB) LOS objects, 40% free, 22MB/38MB, paused 479us total 23.252ms
08-06 15:24:32.520 26883 26896 I art     : Starting a blocking GC Explicit
08-06 15:24:32.542 26883 26896 I art     : Explicit concurrent mark sweep GC freed 86(5KB) AllocSpace objects, 0(0B) LOS objects, 40% free, 22MB/38MB, paused 401us total 21.458ms
08-06 15:24:32.553 26883 26896 I art     : Starting a blocking GC Explicit
08-06 15:24:32.574 26883 26896 I art     : Explicit concurrent mark sweep GC freed 9(288B) AllocSpace objects, 0(0B) LOS objects, 40% free, 22MB/38MB, paused 277us total 20.691ms
08-06 15:24:32.584 26883 26896 I art     : Starting a blocking GC Explicit
08-06 15:24:32.605 26883 26896 I art     : Explicit concurrent mark sweep GC freed 3(96B) AllocSpace objects, 0(0B) LOS objects, 40% free, 22MB/38MB, paused 297us total 20.540ms
08-06 15:24:32.616 26883 26896 I art     : Starting a blocking GC Explicit
08-06 15:24:32.636 26883 26896 I art     : Explicit concurrent mark sweep GC freed 6(224B) AllocSpace objects, 0(0B) LOS objects, 40% free, 22MB/38MB, paused 296us total 20.643ms
08-06 15:24:32.750   512  2967 D audio_hw_primary: disable_audio_route: reset and update mixer path: low-latency-playback speaker
08-06 15:24:32.750   512  2967 D audio_hw_primary: disable_snd_device: snd_device(2: speaker)
08-06 15:24:32.759   512  2967 I soundtrigger: audio_extn_sound_trigger_update_device_status: device 0x2 of type 0 for Event 0
08-06 15:24:32.936 26883 26895 I art     : Starting a blocking GC Explicit
08-06 15:24:32.962 26883 26895 I art     : Explicit concurrent mark sweep GC freed 1395(81KB) AllocSpace objects, 1(20KB) LOS objects, 40% free, 22MB/38MB, paused 305us total 25.398ms
08-06 15:24:32.975 26883 26895 I art     : Starting a blocking GC Explicit
08-06 15:24:33.000 26883 26895 I art     : Explicit concurrent mark sweep GC freed 25(816B) AllocSpace objects, 0(0B) LOS objects, 40% free, 22MB/38MB, paused 285us total 24.565ms
08-06 15:24:33.010 26883 26895 I art     : Starting a blocking GC Explicit
08-06 15:24:33.030 26883 26895 I art     : Explicit concurrent mark sweep GC freed 3(96B) AllocSpace objects, 0(0B) LOS objects, 40% free, 22MB/38MB, paused 277us total 20.179ms
08-06 15:24:33.040 26883 26895 I art     : Starting a blocking GC Explicit
08-06 15:24:33.056 21665 21665 I ServiceManager: Waiting for service AtCmdFwd...
08-06 15:24:33.060 26883 26895 I art     : Explicit concurrent mark sweep GC freed 3(96B) AllocSpace objects, 0(0B) LOS objects, 40% free, 22MB/38MB, paused 276us total 19.655ms
08-06 15:24:33.069 26883 26895 I art     : Starting a blocking GC Explicit
08-06 15:24:33.090 26883 26895 I art     : Explicit concurrent mark sweep GC freed 3(96B) AllocSpace objects, 0(0B) LOS objects, 40% free, 22MB/38MB, paused 301us total 20.649ms
08-06 15:24:33.386 26883 26912 I art     : Starting a blocking GC Explicit
08-06 15:24:33.414 26883 26912 I art     : Explicit concurrent mark sweep GC freed 1363(82KB) AllocSpace objects, 1(20KB) LOS objects, 40% free, 22MB/38MB, paused 305us total 26.991ms
08-06 15:24:33.427 26883 26912 I art     : Starting a blocking GC Explicit
08-06 15:24:33.448 26883 26912 I art     : Explicit concurrent mark sweep GC freed 23(752B) AllocSpace objects, 0(0B) LOS objects, 40% free, 22MB/38MB, paused 285us total 20.535ms
08-06 15:24:33.458 26883 26912 I art     : Starting a blocking GC Explicit
08-06 15:24:33.479 26883 26912 I art     : Explicit concurrent mark sweep GC freed 3(96B) AllocSpace objects, 0(0B) LOS objects, 40% free, 22MB/38MB, paused 299us total 20.877ms
08-06 15:24:33.489 26883 26912 I art     : Starting a blocking GC Explicit
08-06 15:24:33.510 26883 26912 I art     : Explicit concurrent mark sweep GC freed 3(96B) AllocSpace objects, 0(0B) LOS objects, 40% free, 22MB/38MB, paused 283us total 20.571ms
08-06 15:24:33.520 26883 26912 I art     : Starting a blocking GC Explicit
08-06 15:24:33.541 26883 26912 I art     : Explicit concurrent mark sweep GC freed 3(96B) AllocSpace objects, 0(0B) LOS objects, 40% free, 22MB/38MB, paused 279us total 20.497ms
08-06 15:24:33.822 26883 26896 I art     : Starting a blocking GC Explicit
08-06 15:24:33.847 26883 26896 I art     : Explicit concurrent mark sweep GC freed 1395(80KB) AllocSpace objects, 1(20KB) LOS objects, 40% free, 22MB/38MB, paused 286us total 24.901ms
08-06 15:24:33.857 26883 26896 I art     : Starting a blocking GC Explicit
08-06 15:24:33.878 26883 26896 I art     : Explicit concurrent mark sweep GC freed 27(880B) AllocSpace objects, 0(0B) LOS objects, 40% free, 22MB/38MB, paused 293us total 20.481ms
08-06 15:24:33.888 26883 26896 I art     : Starting a blocking GC Explicit
08-06 15:24:33.909 26883 26896 I art     : Explicit concurrent mark sweep GC freed 6(192B) AllocSpace objects, 0(0B) LOS objects, 40% free, 22MB/38MB, paused 303us total 20.672ms
08-06 15:24:33.919 26883 26896 I art     : Starting a blocking GC Explicit
08-06 15:24:33.940 26883 26896 I art     : Explicit concurrent mark sweep GC freed 7(224B) AllocSpace objects, 0(0B) LOS objects, 40% free, 22MB/38MB, paused 292us total 20.720ms
08-06 15:24:33.946 27522 27522 D AndroidRuntime: >>>>>> START com.android.internal.os.RuntimeInit uid 2000 <<<<<<
08-06 15:24:33.951 26883 26896 I art     : Starting a blocking GC Explicit
08-06 15:24:33.952 27522 27522 D AndroidRuntime: CheckJNI is OFF
08-06 15:24:33.971 26883 26896 I art     : Explicit concurrent mark sweep GC freed 7(224B) AllocSpace objects, 0(0B) LOS objects, 40% free, 22MB/38MB, paused 303us total 20.368ms
08-06 15:24:33.997 27522 27522 D ICU     : No timezone override file found: /data/misc/zoneinfo/current/icu/icu_tzdata.dat
08-06 15:24:34.041 27522 27522 I Radio-JNI: register_android_hardware_Radio DONE
08-06 15:24:34.056 21665 21665 I ServiceManager: Waiting for service AtCmdFwd...
08-06 15:24:34.069 27522 27522 D AndroidRuntime: Calling main entry com.android.commands.input.Input
08-06 15:24:34.072 27522 27522 I Input   : injectMotionEvent: MotionEvent { action=ACTION_DOWN, actionButton=0, id[0]=0, x[0]=409.0, y[0]=1034.0, toolType[0]=TOOL_TYPE_UNKNOWN, buttonState=0, metaState=0, flags=0x0, edgeFlags=0x0, pointerCount=1, historySize=0, eventTime=890690484, downTime=890690484, deviceId=0, source=0x1002 }
08-06 15:24:34.079 27522 27522 I Input   : injectMotionEvent: MotionEvent { action=ACTION_UP, actionButton=0, id[0]=0, x[0]=409.0, y[0]=1034.0, toolType[0]=TOOL_TYPE_UNKNOWN, buttonState=0, metaState=0, flags=0x0, edgeFlags=0x0, pointerCount=1, historySize=0, eventTime=890690484, downTime=890690484, deviceId=0, source=0x1002 }
08-06 15:24:34.083 27522 27522 D AndroidRuntime: Shutting down VM
08-06 15:24:34.146 26883 26883 D MainActivity: loadFragment(index: 5, args: null)
08-06 15:24:34.147 26883 26883 D MainActivity: loadFragment(tag: AddFeedFragment, args: null)
08-06 15:24:34.148 26883 26883 D MainActivity: saveLastNavFragment(tag: AddFeedFragment)
08-06 15:24:34.148 26883 26883 D MainActivity: getLastNavFragment() -> AddFeedFragment
08-06 15:24:34.149   512  2967 D audio_hw_primary: out_set_parameters: enter: usecase(1: low-latency-playback) kvpairs: routing=2
08-06 15:24:34.163   512  2967 D audio_hw_primary: select_devices: out_snd_device(2: speaker) in_snd_device(0: none)
08-06 15:24:34.163   512  2967 D msm8974_platform: platform_send_audio_calibration: sending audio calibration for snd_device(2) acdb_id(15)
08-06 15:24:34.163   512  2967 I soundtrigger: audio_extn_sound_trigger_update_device_status: device 0x2 of type 0 for Event 1
08-06 15:24:34.173   512  2967 D audio_hw_primary: enable_snd_device: snd_device(2: speaker)
08-06 15:24:34.176   512  2967 D audio_hw_primary: enable_audio_route: apply and update mixer path: low-latency-playback speaker
08-06 15:24:34.244 26883 26912 I art     : Starting a blocking GC Explicit
08-06 15:24:34.268 26883 26912 I art     : Explicit concurrent mark sweep GC freed 3441(206KB) AllocSpace objects, 2(40KB) LOS objects, 40% free, 23MB/38MB, paused 427us total 23.456ms
08-06 15:24:34.279 26883 26912 I art     : Starting a blocking GC Explicit
08-06 15:24:34.301 26883 26912 I art     : Explicit concurrent mark sweep GC freed 1388(83KB) AllocSpace objects, 2(56KB) LOS objects, 40% free, 22MB/38MB, paused 286us total 21.015ms
08-06 15:24:34.311 26883 26912 I art     : Starting a blocking GC Explicit
08-06 15:24:34.331 26883 26912 I art     : Explicit concurrent mark sweep GC freed 25(960B) AllocSpace objects, 0(0B) LOS objects, 40% free, 22MB/38MB, paused 258us total 19.696ms
08-06 15:24:34.340 26883 26912 I art     : Starting a blocking GC Explicit
08-06 15:24:34.361 26883 26912 I art     : Explicit concurrent mark sweep GC freed 3(96B) AllocSpace objects, 0(0B) LOS objects, 40% free, 22MB/38MB, paused 407us total 20.253ms
08-06 15:24:34.371 26883 26912 I art     : Starting a blocking GC Explicit
08-06 15:24:34.392 26883 26912 I art     : Explicit concurrent mark sweep GC freed 3(96B) AllocSpace objects, 0(0B) LOS objects, 40% free, 22MB/38MB, paused 288us total 20.741ms
08-06 15:24:34.587 13866 13866 I GoogleInputMethodServic: GoogleInputMethodService.onFinishInput():3138 
08-06 15:24:34.589 13866 13866 I GoogleInputMethodServic: GoogleInputMethodService.onStartInput():1808 
08-06 15:24:34.680 26883 26896 I art     : Starting a blocking GC Explicit
08-06 15:24:34.703 26883 26896 I art     : Explicit concurrent mark sweep GC freed 1493(85KB) AllocSpace objects, 1(20KB) LOS objects, 40% free, 22MB/38MB, paused 267us total 23.272ms
08-06 15:24:34.713 26883 26896 I art     : Starting a blocking GC Explicit
08-06 15:24:34.718   512  2967 D audio_hw_primary: disable_audio_route: reset and update mixer path: low-latency-playback speaker
08-06 15:24:34.719   512  2967 D audio_hw_primary: disable_snd_device: snd_device(2: speaker)
08-06 15:24:34.728   512  2967 I soundtrigger: audio_extn_sound_trigger_update_device_status: device 0x2 of type 0 for Event 0
08-06 15:24:34.733 26883 26896 I art     : Explicit concurrent mark sweep GC freed 152(7KB) AllocSpace objects, 0(0B) LOS objects, 40% free, 22MB/38MB, paused 257us total 19.954ms
08-06 15:24:34.743 26883 26896 I art     : Starting a blocking GC Explicit
08-06 15:24:34.761 26883 26896 I art     : Explicit concurrent mark sweep GC freed 5(160B) AllocSpace objects, 0(0B) LOS objects, 40% free, 22MB/38MB, paused 267us total 18.103ms
08-06 15:24:34.770 26883 26896 I art     : Starting a blocking GC Explicit
08-06 15:24:34.788 26883 26896 I art     : Explicit concurrent mark sweep GC freed 3(96B) AllocSpace objects, 0(0B) LOS objects, 40% free, 22MB/38MB, paused 260us total 17.959ms
08-06 15:24:34.798 26883 26896 I art     : Starting a blocking GC Explicit
08-06 15:24:34.817 26883 26896 I art     : Explicit concurrent mark sweep GC freed 3(96B) AllocSpace objects, 0(0B) LOS objects, 40% free, 22MB/38MB, paused 255us total 18.228ms
08-06 15:24:35.057 21665 21665 I ServiceManager: Waiting for service AtCmdFwd...
08-06 15:24:35.106 26883 26896 I art     : Starting a blocking GC Explicit
08-06 15:24:35.129 26883 26896 I art     : Explicit concurrent mark sweep GC freed 1363(80KB) AllocSpace objects, 1(20KB) LOS objects, 40% free, 22MB/38MB, paused 301us total 22.722ms
08-06 15:24:35.139 26883 26896 I art     : Starting a blocking GC Explicit
08-06 15:24:35.162 26883 26896 I art     : Explicit concurrent mark sweep GC freed 25(816B) AllocSpace objects, 0(0B) LOS objects, 40% free, 22MB/38MB, paused 290us total 21.824ms
08-06 15:24:35.172 26883 26896 I art     : Starting a blocking GC Explicit
08-06 15:24:35.194 26883 26896 I art     : Explicit concurrent mark sweep GC freed 3(96B) AllocSpace objects, 0(0B) LOS objects, 40% free, 22MB/38MB, paused 308us total 21.959ms
08-06 15:24:35.204 26883 26896 I art     : Starting a blocking GC Explicit
08-06 15:24:35.226 26883 26896 I art     : Explicit concurrent mark sweep GC freed 3(96B) AllocSpace objects, 0(0B) LOS objects, 40% free, 22MB/38MB, paused 295us total 21.417ms
08-06 15:24:35.236 26883 26896 I art     : Starting a blocking GC Explicit
08-06 15:24:35.258 26883 26896 I art     : Explicit concurrent mark sweep GC freed 3(96B) AllocSpace objects, 0(0B) LOS objects, 40% free, 22MB/38MB, paused 290us total 21.584ms
08-06 15:24:35.526 26883 26912 I art     : Starting a blocking GC Explicit
08-06 15:24:35.552 26883 26912 I art     : Explicit concurrent mark sweep GC freed 1362(80KB) AllocSpace objects, 1(20KB) LOS objects, 40% free, 22MB/38MB, paused 301us total 24.758ms
08-06 15:24:35.563 26883 26912 I art     : Starting a blocking GC Explicit
08-06 15:24:35.584 26883 26912 I art     : Explicit concurrent mark sweep GC freed 23(752B) AllocSpace objects, 0(0B) LOS objects, 40% free, 22MB/38MB, paused 281us total 21.118ms
08-06 15:24:35.597 26883 26912 I art     : Starting a blocking GC Explicit
08-06 15:24:35.618 26883 26912 I art     : Explicit concurrent mark sweep GC freed 3(96B) AllocSpace objects, 0(0B) LOS objects, 40% free, 22MB/38MB, paused 278us total 21.119ms
08-06 15:24:35.629 26883 26912 I art     : Starting a blocking GC Explicit
08-06 15:24:35.650 26883 26912 I art     : Explicit concurrent mark sweep GC freed 3(96B) AllocSpace objects, 0(0B) LOS objects, 40% free, 22MB/38MB, paused 271us total 20.656ms
08-06 15:24:35.659 26883 26912 I art     : Starting a blocking GC Explicit
08-06 15:24:35.681 26883 26912 I art     : Explicit concurrent mark sweep GC freed 3(96B) AllocSpace objects, 0(0B) LOS objects, 40% free, 22MB/38MB, paused 279us total 20.974ms
08-06 15:24:35.881 27577 27577 D AndroidRuntime: >>>>>> START com.android.internal.os.RuntimeInit uid 2000 <<<<<<
08-06 15:24:35.887 27577 27577 D AndroidRuntime: CheckJNI is OFF
08-06 15:24:35.927 27577 27577 D ICU     : No timezone override file found: /data/misc/zoneinfo/current/icu/icu_tzdata.dat
08-06 15:24:35.967 27577 27577 I Radio-JNI: register_android_hardware_Radio DONE
08-06 15:24:35.992 26883 26896 I art     : Starting a blocking GC Explicit
08-06 15:24:35.996 27577 27577 D AndroidRuntime: Calling main entry com.android.commands.input.Input
08-06 15:24:35.999 27577 27577 I Input   : injectMotionEvent: MotionEvent { action=ACTION_DOWN, actionButton=0, id[0]=0, x[0]=567.0, y[0]=714.0, toolType[0]=TOOL_TYPE_UNKNOWN, buttonState=0, metaState=0, flags=0x0, edgeFlags=0x0, pointerCount=1, historySize=0, eventTime=890692411, downTime=890692411, deviceId=0, source=0x1002 }
08-06 15:24:36.004 27577 27577 I Input   : injectMotionEvent: MotionEvent { action=ACTION_UP, actionButton=0, id[0]=0, x[0]=567.0, y[0]=714.0, toolType[0]=TOOL_TYPE_UNKNOWN, buttonState=0, metaState=0, flags=0x0, edgeFlags=0x0, pointerCount=1, historySize=0, eventTime=890692411, downTime=890692411, deviceId=0, source=0x1002 }
08-06 15:24:36.007 27577 27577 D AndroidRuntime: Shutting down VM
08-06 15:24:36.014 26883 26896 I art     : Explicit concurrent mark sweep GC freed 1449(82KB) AllocSpace objects, 1(20KB) LOS objects, 40% free, 23MB/38MB, paused 488us total 21.352ms
08-06 15:24:36.019   512  2967 D audio_hw_primary: out_set_parameters: enter: usecase(1: low-latency-playback) kvpairs: routing=2
08-06 15:24:36.026 26883 26896 I art     : Starting a blocking GC Explicit
08-06 15:24:36.033   512  2967 D audio_hw_primary: select_devices: out_snd_device(2: speaker) in_snd_device(0: none)
08-06 15:24:36.033   512  2967 D msm8974_platform: platform_send_audio_calibration: sending audio calibration for snd_device(2) acdb_id(15)
08-06 15:24:36.033   512  2967 I soundtrigger: audio_extn_sound_trigger_update_device_status: device 0x2 of type 0 for Event 1
08-06 15:24:36.041 26883 27436 D AntennapodHttpClient: Creating new instance of HTTP client
08-06 15:24:36.043   512  2967 D audio_hw_primary: enable_snd_device: snd_device(2: speaker)
08-06 15:24:36.046   512  2967 D audio_hw_primary: enable_audio_route: apply and update mixer path: low-latency-playback speaker
08-06 15:24:36.051 26883 26896 I art     : Explicit concurrent mark sweep GC freed 853(63KB) AllocSpace objects, 0(0B) LOS objects, 40% free, 23MB/38MB, paused 939us total 24.094ms
08-06 15:24:36.051 13866 13866 I GoogleInputMethodServic: GoogleInputMethodService.onFinishInput():3138 
08-06 15:24:36.051 13866 13866 I GoogleInputMethodServic: GoogleInputMethodService.onStartInput():1808 
08-06 15:24:36.057 21665 21665 I ServiceManager: Waiting for service AtCmdFwd...
08-06 15:24:36.061 26883 26896 I art     : Starting a blocking GC Explicit
08-06 15:24:36.087 26883 26896 I art     : Explicit concurrent mark sweep GC freed 2234(133KB) AllocSpace objects, 0(0B) LOS objects, 40% free, 23MB/39MB, paused 367us total 24.952ms
08-06 15:24:36.098 26883 26896 I art     : Starting a blocking GC Explicit
08-06 15:24:36.118 26883 26896 I art     : Explicit concurrent mark sweep GC freed 1638(90KB) AllocSpace objects, 1(220KB) LOS objects, 40% free, 23MB/38MB, paused 406us total 20.745ms
08-06 15:24:36.128 26883 26896 I art     : Starting a blocking GC Explicit
08-06 15:24:36.150 26883 26896 I art     : Explicit concurrent mark sweep GC freed 61(3KB) AllocSpace objects, 0(0B) LOS objects, 40% free, 23MB/38MB, paused 370us total 21.300ms
08-06 15:24:36.414 26883 26896 I art     : Starting a blocking GC Explicit
08-06 15:24:36.441 26883 26896 I art     : Explicit concurrent mark sweep GC freed 8842(472KB) AllocSpace objects, 4(220KB) LOS objects, 40% free, 23MB/39MB, paused 449us total 26.566ms
08-06 15:24:36.452 26883 26896 I art     : Starting a blocking GC Explicit
08-06 15:24:36.471 26883 27436 I NAPPA_EXPERIMENTATION: MetricNetworkRequestExecutionTime: REQUEST_DURATION_SYSTEM='404',REQUEST_DURATION_OKHTTP='158',REQUEST_SYNCHRONOUS='TRUE',RESPONSE_CODE='400',RESPONSE_METHOD='GET',RESPONSE_LENGTH_OKHTTP='0',RESPONSE_LENGTH_HEADER='0',REQUEST_PROTOCOL='h2',REQUEST_URL='https://itunes.apple.com/en/rss/toppodcasts/limit=25/explicit=true/json',
08-06 15:24:36.476 26883 26896 I art     : Explicit concurrent mark sweep GC freed 1404(145KB) AllocSpace objects, 0(0B) LOS objects, 40% free, 23MB/39MB, paused 907us total 23.905ms
08-06 15:24:36.486 26883 26896 I art     : Starting a blocking GC Explicit
08-06 15:24:36.508 26883 26896 I art     : Explicit concurrent mark sweep GC freed 107(5KB) AllocSpace objects, 0(0B) LOS objects, 40% free, 23MB/39MB, paused 403us total 21.900ms
08-06 15:24:36.518 26883 26896 I art     : Starting a blocking GC Explicit
08-06 15:24:36.541 26883 26896 I art     : Explicit concurrent mark sweep GC freed 13(480B) AllocSpace objects, 0(0B) LOS objects, 40% free, 23MB/39MB, paused 420us total 22.911ms
08-06 15:24:36.552 26883 26896 I art     : Starting a blocking GC Explicit
08-06 15:24:36.574 26883 26896 I art     : Explicit concurrent mark sweep GC freed 13(480B) AllocSpace objects, 0(0B) LOS objects, 40% free, 23MB/39MB, paused 394us total 22.412ms
08-06 15:24:36.589   512  2967 D audio_hw_primary: disable_audio_route: reset and update mixer path: low-latency-playback speaker
08-06 15:24:36.590   512  2967 D audio_hw_primary: disable_snd_device: snd_device(2: speaker)
08-06 15:24:36.598   512  2967 I soundtrigger: audio_extn_sound_trigger_update_device_status: device 0x2 of type 0 for Event 0
08-06 15:24:36.609 26883 27436 I NAPPA_EXPERIMENTATION: MetricNetworkRequestExecutionTime: REQUEST_DURATION_SYSTEM='137',REQUEST_DURATION_OKHTTP='135',REQUEST_SYNCHRONOUS='TRUE',RESPONSE_CODE='200',RESPONSE_METHOD='GET',RESPONSE_LENGTH_OKHTTP='-1',RESPONSE_LENGTH_HEADER='10075',REQUEST_PROTOCOL='h2',REQUEST_URL='https://itunes.apple.com/us/rss/toppodcasts/limit=25/explicit=true/json',
08-06 15:24:36.697 26883 26883 D AntennapodHttpClient: Creating new instance of HTTP client
08-06 15:24:36.713 26883 27627 D ApOkHttpUrlLoader: buildLoadData() called with: model = [https://is4-ssl.mzstatic.com/image/thumb/Podcasts114/v4/3f/16/74/3f167426-bf50-ce3a-d709-e4301620fc5b/mza_5832671293059882550.jpeg/170x170bb.png], width = [224], height = [224]
08-06 15:24:36.718 26883 27628 D DBReader: getImageAuthentication() called with: imageUrl = [https://is4-ssl.mzstatic.com/image/thumb/Podcasts114/v4/3f/16/74/3f167426-bf50-ce3a-d709-e4301620fc5b/mza_5832671293059882550.jpeg/170x170bb.png]
08-06 15:24:36.719 26883 27629 D ApOkHttpUrlLoader: buildLoadData() called with: model = [https://is4-ssl.mzstatic.com/image/thumb/Podcasts113/v4/e5/8a/10/e58a108f-f5d0-f622-c94a-13f66edd570c/mza_3025981348644196724.jpg/170x170bb.png], width = [224], height = [224]
08-06 15:24:36.719 26883 27628 D ApOkHttpUrlLoader: no credentials for 'https://is4-ssl.mzstatic.com/image/thumb/Podcasts114/v4/3f/16/74/3f167426-bf50-ce3a-d709-e4301620fc5b/mza_5832671293059882550.jpeg/170x170bb.png'
08-06 15:24:36.721 26883 27630 D DBReader: getImageAuthentication() called with: imageUrl = [https://is4-ssl.mzstatic.com/image/thumb/Podcasts113/v4/e5/8a/10/e58a108f-f5d0-f622-c94a-13f66edd570c/mza_3025981348644196724.jpg/170x170bb.png]
08-06 15:24:36.722 26883 27630 D ApOkHttpUrlLoader: no credentials for 'https://is4-ssl.mzstatic.com/image/thumb/Podcasts113/v4/e5/8a/10/e58a108f-f5d0-f622-c94a-13f66edd570c/mza_3025981348644196724.jpg/170x170bb.png'
08-06 15:24:36.723 26883 27631 D ApOkHttpUrlLoader: buildLoadData() called with: model = [https://is2-ssl.mzstatic.com/image/thumb/Podcasts113/v4/a9/39/cc/a939ccc5-6d60-0c11-0a4c-16d71cdef89b/mza_8787577209688278658.jpg/170x170bb.png], width = [224], height = [224]
08-06 15:24:36.724 26883 27632 D DBReader: getImageAuthentication() called with: imageUrl = [https://is2-ssl.mzstatic.com/image/thumb/Podcasts113/v4/a9/39/cc/a939ccc5-6d60-0c11-0a4c-16d71cdef89b/mza_8787577209688278658.jpg/170x170bb.png]
08-06 15:24:36.726 26883 27632 D ApOkHttpUrlLoader: no credentials for 'https://is2-ssl.mzstatic.com/image/thumb/Podcasts113/v4/a9/39/cc/a939ccc5-6d60-0c11-0a4c-16d71cdef89b/mza_8787577209688278658.jpg/170x170bb.png'
08-06 15:24:36.727 26883 27633 D ApOkHttpUrlLoader: buildLoadData() called with: model = [https://is5-ssl.mzstatic.com/image/thumb/Podcasts114/v4/93/cf/99/93cf9960-fff3-205e-6655-72c03ddeccb2/mza_10545582232493904175.jpeg/170x170bb.png], width = [224], height = [224]
08-06 15:24:36.728 26883 27634 D DBReader: getImageAuthentication() called with: imageUrl = [https://is5-ssl.mzstatic.com/image/thumb/Podcasts114/v4/93/cf/99/93cf9960-fff3-205e-6655-72c03ddeccb2/mza_10545582232493904175.jpeg/170x170bb.png]
08-06 15:24:36.730 26883 27627 D ApOkHttpUrlLoader: buildLoadData() called with: model = [https://is4-ssl.mzstatic.com/image/thumb/Podcasts124/v4/49/a4/91/49a491b7-3daf-c5dc-d7c6-6c4f1486955c/mza_5930014091766152297.png/170x170bb.png], width = [224], height = [224]
08-06 15:24:36.730 26883 27634 D ApOkHttpUrlLoader: no credentials for 'https://is5-ssl.mzstatic.com/image/thumb/Podcasts114/v4/93/cf/99/93cf9960-fff3-205e-6655-72c03ddeccb2/mza_10545582232493904175.jpeg/170x170bb.png'
08-06 15:24:36.731 26883 27637 D DBReader: getImageAuthentication() called with: imageUrl = [https://is4-ssl.mzstatic.com/image/thumb/Podcasts124/v4/49/a4/91/49a491b7-3daf-c5dc-d7c6-6c4f1486955c/mza_5930014091766152297.png/170x170bb.png]
08-06 15:24:36.733 26883 27637 D ApOkHttpUrlLoader: no credentials for 'https://is4-ssl.mzstatic.com/image/thumb/Podcasts124/v4/49/a4/91/49a491b7-3daf-c5dc-d7c6-6c4f1486955c/mza_5930014091766152297.png/170x170bb.png'
08-06 15:24:36.733 26883 27629 D ApOkHttpUrlLoader: buildLoadData() called with: model = [https://is5-ssl.mzstatic.com/image/thumb/Podcasts113/v4/fd/54/6e/fd546ea0-7ab2-e3f0-6049-884d82917af9/mza_4855349695799758348.jpeg/170x170bb.png], width = [224], height = [224]
08-06 15:24:36.735 26883 27638 D DBReader: getImageAuthentication() called with: imageUrl = [https://is5-ssl.mzstatic.com/image/thumb/Podcasts113/v4/fd/54/6e/fd546ea0-7ab2-e3f0-6049-884d82917af9/mza_4855349695799758348.jpeg/170x170bb.png]
08-06 15:24:36.737 26883 27638 D ApOkHttpUrlLoader: no credentials for 'https://is5-ssl.mzstatic.com/image/thumb/Podcasts113/v4/fd/54/6e/fd546ea0-7ab2-e3f0-6049-884d82917af9/mza_4855349695799758348.jpeg/170x170bb.png'
08-06 15:24:36.737 26883 27631 D ApOkHttpUrlLoader: buildLoadData() called with: model = [https://is2-ssl.mzstatic.com/image/thumb/Podcasts114/v4/b3/4c/cf/b34ccfc2-cea4-1ca1-0fad-7793af301cc5/mza_2466085192629456364.jpg/170x170bb.png], width = [224], height = [224]
08-06 15:24:36.741 26883 27639 D DBReader: getImageAuthentication() called with: imageUrl = [https://is2-ssl.mzstatic.com/image/thumb/Podcasts114/v4/b3/4c/cf/b34ccfc2-cea4-1ca1-0fad-7793af301cc5/mza_2466085192629456364.jpg/170x170bb.png]
08-06 15:24:36.742 26883 27639 D ApOkHttpUrlLoader: no credentials for 'https://is2-ssl.mzstatic.com/image/thumb/Podcasts114/v4/b3/4c/cf/b34ccfc2-cea4-1ca1-0fad-7793af301cc5/mza_2466085192629456364.jpg/170x170bb.png'
08-06 15:24:36.845 26883 26896 I art     : Starting a blocking GC Explicit
08-06 15:24:36.878 26883 26896 I art     : Explicit concurrent mark sweep GC freed 14127(885KB) AllocSpace objects, 5(372KB) LOS objects, 39% free, 24MB/40MB, paused 871us total 32.320ms
08-06 15:24:36.891 26883 26896 I art     : Starting a blocking GC Explicit
08-06 15:24:36.918 26883 26896 I art     : Explicit concurrent mark sweep GC freed 246(11KB) AllocSpace objects, 0(0B) LOS objects, 39% free, 24MB/40MB, paused 888us total 26.708ms
08-06 15:24:36.929 26883 26896 I art     : Starting a blocking GC Explicit
08-06 15:24:36.958 26883 26896 I art     : Explicit concurrent mark sweep GC freed 3(96B) AllocSpace objects, 0(0B) LOS objects, 39% free, 24MB/40MB, paused 966us total 27.973ms
08-06 15:24:36.969 26883 26896 I art     : Starting a blocking GC Explicit
08-06 15:24:36.999 26883 26896 I art     : Explicit concurrent mark sweep GC freed 4537(340KB) AllocSpace objects, 2(120KB) LOS objects, 39% free, 24MB/40MB, paused 1.483ms total 30.456ms
08-06 15:24:37.010 26883 26896 I art     : Starting a blocking GC Explicit
08-06 15:24:37.043 26883 26896 I art     : Explicit concurrent mark sweep GC freed 23201(1065KB) AllocSpace objects, 1(80KB) LOS objects, 39% free, 24MB/40MB, paused 1.373ms total 32.327ms
08-06 15:24:37.058 21665 21665 I ServiceManager: Waiting for service AtCmdFwd...
08-06 15:24:37.238 26883 27628 D MYTAG   : interceptor 2a
08-06 15:24:37.238 26883 27628 I NAPPA_EXPERIMENTATION: MetricNetworkRequestExecutionTime: REQUEST_DURATION_SYSTEM='517',REQUEST_DURATION_OKHTTP='223',REQUEST_SYNCHRONOUS='TRUE',RESPONSE_CODE='200',RESPONSE_METHOD='GET',RESPONSE_LENGTH_OKHTTP='26177',RESPONSE_LENGTH_HEADER='26177',REQUEST_PROTOCOL='h2',REQUEST_URL='https://is4-ssl.mzstatic.com/image/thumb/Podcasts114/v4/3f/16/74/3f167426-bf50-ce3a-d709-e4301620fc5b/mza_5832671293059882550.jpeg/170x170bb.png',
08-06 15:24:37.281 26883 27638 D MYTAG   : interceptor 2a
08-06 15:24:37.282 26883 27638 I NAPPA_EXPERIMENTATION: MetricNetworkRequestExecutionTime: REQUEST_DURATION_SYSTEM='544',REQUEST_DURATION_OKHTTP='253',REQUEST_SYNCHRONOUS='TRUE',RESPONSE_CODE='200',RESPONSE_METHOD='GET',RESPONSE_LENGTH_OKHTTP='54835',RESPONSE_LENGTH_HEADER='54835',REQUEST_PROTOCOL='h2',REQUEST_URL='https://is5-ssl.mzstatic.com/image/thumb/Podcasts113/v4/fd/54/6e/fd546ea0-7ab2-e3f0-6049-884d82917af9/mza_4855349695799758348.jpeg/170x170bb.png',
08-06 15:24:37.290 26883 27632 D MYTAG   : interceptor 2a
08-06 15:24:37.291 26883 27632 I NAPPA_EXPERIMENTATION: MetricNetworkRequestExecutionTime: REQUEST_DURATION_SYSTEM='564',REQUEST_DURATION_OKHTTP='269',REQUEST_SYNCHRONOUS='TRUE',RESPONSE_CODE='200',RESPONSE_METHOD='GET',RESPONSE_LENGTH_OKHTTP='48239',RESPONSE_LENGTH_HEADER='48239',REQUEST_PROTOCOL='h2',REQUEST_URL='https://is2-ssl.mzstatic.com/image/thumb/Podcasts113/v4/a9/39/cc/a939ccc5-6d60-0c11-0a4c-16d71cdef89b/mza_8787577209688278658.jpg/170x170bb.png',
08-06 15:24:37.311 26883 27637 D MYTAG   : interceptor 2a
08-06 15:24:37.311 26883 27637 I NAPPA_EXPERIMENTATION: MetricNetworkRequestExecutionTime: REQUEST_DURATION_SYSTEM='578',REQUEST_DURATION_OKHTTP='272',REQUEST_SYNCHRONOUS='TRUE',RESPONSE_CODE='200',RESPONSE_METHOD='GET',RESPONSE_LENGTH_OKHTTP='12000',RESPONSE_LENGTH_HEADER='12000',REQUEST_PROTOCOL='h2',REQUEST_URL='https://is4-ssl.mzstatic.com/image/thumb/Podcasts124/v4/49/a4/91/49a491b7-3daf-c5dc-d7c6-6c4f1486955c/mza_5930014091766152297.png/170x170bb.png',
08-06 15:24:37.315 26883 27634 D MYTAG   : interceptor 2a
08-06 15:24:37.316 26883 27634 I NAPPA_EXPERIMENTATION: MetricNetworkRequestExecutionTime: REQUEST_DURATION_SYSTEM='585',REQUEST_DURATION_OKHTTP='281',REQUEST_SYNCHRONOUS='TRUE',RESPONSE_CODE='200',RESPONSE_METHOD='GET',RESPONSE_LENGTH_OKHTTP='22351',RESPONSE_LENGTH_HEADER='22351',REQUEST_PROTOCOL='h2',REQUEST_URL='https://is5-ssl.mzstatic.com/image/thumb/Podcasts114/v4/93/cf/99/93cf9960-fff3-205e-6655-72c03ddeccb2/mza_10545582232493904175.jpeg/170x170bb.png',
08-06 15:24:37.317 26883 26895 I art     : Starting a blocking GC Explicit
08-06 15:24:37.323 26883 27639 D MYTAG   : interceptor 2a
08-06 15:24:37.324 26883 27639 I NAPPA_EXPERIMENTATION: MetricNetworkRequestExecutionTime: REQUEST_DURATION_SYSTEM='580',REQUEST_DURATION_OKHTTP='289',REQUEST_SYNCHRONOUS='TRUE',RESPONSE_CODE='200',RESPONSE_METHOD='GET',RESPONSE_LENGTH_OKHTTP='42299',RESPONSE_LENGTH_HEADER='42299',REQUEST_PROTOCOL='h2',REQUEST_URL='https://is2-ssl.mzstatic.com/image/thumb/Podcasts114/v4/b3/4c/cf/b34ccfc2-cea4-1ca1-0fad-7793af301cc5/mza_2466085192629456364.jpg/170x170bb.png',
08-06 15:24:37.338 26883 27630 D MYTAG   : interceptor 2a
08-06 15:24:37.339 26883 27630 I NAPPA_EXPERIMENTATION: MetricNetworkRequestExecutionTime: REQUEST_DURATION_SYSTEM='616',REQUEST_DURATION_OKHTTP='304',REQUEST_SYNCHRONOUS='TRUE',RESPONSE_CODE='200',RESPONSE_METHOD='GET',RESPONSE_LENGTH_OKHTTP='45995',RESPONSE_LENGTH_HEADER='45995',REQUEST_PROTOCOL='h2',REQUEST_URL='https://is4-ssl.mzstatic.com/image/thumb/Podcasts113/v4/e5/8a/10/e58a108f-f5d0-f622-c94a-13f66edd570c/mza_3025981348644196724.jpg/170x170bb.png',
08-06 15:24:37.347 26883 26895 I art     : Explicit concurrent mark sweep GC freed 4669(390KB) AllocSpace objects, 1(20KB) LOS objects, 38% free, 26MB/42MB, paused 919us total 29.385ms
08-06 15:24:37.358 26883 26895 I art     : Starting a blocking GC Explicit
08-06 15:24:37.384 26883 26895 I art     : Explicit concurrent mark sweep GC freed 1213(46KB) AllocSpace objects, 0(0B) LOS objects, 38% free, 25MB/41MB, paused 1.068ms total 26.171ms
08-06 15:24:37.395 26883 26895 I art     : Starting a blocking GC Explicit
08-06 15:24:37.420 26883 26895 I art     : Explicit concurrent mark sweep GC freed 127(5KB) AllocSpace objects, 0(0B) LOS objects, 38% free, 25MB/41MB, paused 705us total 24.471ms
08-06 15:24:37.430 26883 26895 I art     : Starting a blocking GC Explicit
08-06 15:24:37.457 26883 26895 I art     : Explicit concurrent mark sweep GC freed 5(240B) AllocSpace objects, 0(0B) LOS objects, 38% free, 25MB/41MB, paused 797us total 27.274ms
08-06 15:24:37.469 26883 26895 I art     : Starting a blocking GC Explicit
08-06 15:24:37.497 26883 26895 I art     : Explicit concurrent mark sweep GC freed 3(96B) AllocSpace objects, 0(0B) LOS objects, 38% free, 25MB/41MB, paused 715us total 27.672ms
08-06 15:24:37.804 26883 26896 I art     : Starting a blocking GC Explicit
08-06 15:24:37.839 26883 26896 I art     : Explicit concurrent mark sweep GC freed 1392(80KB) AllocSpace objects, 1(20KB) LOS objects, 38% free, 25MB/41MB, paused 722us total 34.187ms
08-06 15:24:37.850 26883 26896 I art     : Starting a blocking GC Explicit
08-06 15:24:37.881 26883 26896 I art     : Explicit concurrent mark sweep GC freed 23(752B) AllocSpace objects, 0(0B) LOS objects, 38% free, 25MB/41MB, paused 786us total 30.454ms
08-06 15:24:37.893 26883 26896 I art     : Starting a blocking GC Explicit
08-06 15:24:37.923 26883 26896 I art     : Explicit concurrent mark sweep GC freed 3(96B) AllocSpace objects, 0(0B) LOS objects, 38% free, 25MB/41MB, paused 726us total 30.088ms
08-06 15:24:37.935 26883 26896 I art     : Starting a blocking GC Explicit
08-06 15:24:37.964 26883 26896 I art     : Explicit concurrent mark sweep GC freed 3(96B) AllocSpace objects, 0(0B) LOS objects, 38% free, 25MB/41MB, paused 730us total 29.320ms
08-06 15:24:37.976 26883 26896 I art     : Starting a blocking GC Explicit
08-06 15:24:38.007 26883 26896 I art     : Explicit concurrent mark sweep GC freed 3(96B) AllocSpace objects, 0(0B) LOS objects, 38% free, 25MB/41MB, paused 703us total 30.768ms
08-06 15:24:38.058 21665 21665 W Atfwd_Sendcmd: AtCmdFwd service not published, waiting... retryCnt : 3
08-06 15:24:38.343 26883 26895 I art     : Starting a blocking GC Explicit
08-06 15:24:38.375 26883 26895 I art     : Explicit concurrent mark sweep GC freed 1376(80KB) AllocSpace objects, 1(20KB) LOS objects, 38% free, 25MB/41MB, paused 724us total 31.320ms
08-06 15:24:38.387 26883 26895 I art     : Starting a blocking GC Explicit
08-06 15:24:38.417 26883 26895 I art     : Explicit concurrent mark sweep GC freed 28(912B) AllocSpace objects, 0(0B) LOS objects, 38% free, 25MB/41MB, paused 886us total 29.605ms
08-06 15:24:38.429 26883 26895 I art     : Starting a blocking GC Explicit
08-06 15:24:38.457 26883 26895 I art     : Explicit concurrent mark sweep GC freed 8(256B) AllocSpace objects, 0(0B) LOS objects, 38% free, 25MB/41MB, paused 703us total 27.436ms
08-06 15:24:38.469 26883 26895 I art     : Starting a blocking GC Explicit
08-06 15:24:38.497 26883 26895 I art     : Explicit concurrent mark sweep GC freed 8(256B) AllocSpace objects, 0(0B) LOS objects, 38% free, 25MB/41MB, paused 817us total 28.108ms
08-06 15:24:38.508 26883 26895 I art     : Starting a blocking GC Explicit
08-06 15:24:38.537 26883 26895 I art     : Explicit concurrent mark sweep GC freed 5(160B) AllocSpace objects, 0(0B) LOS objects, 38% free, 25MB/41MB, paused 660us total 28.111ms
08-06 15:24:38.870 26883 26912 I art     : Starting a blocking GC Explicit
08-06 15:24:38.907 26883 26912 I art     : Explicit concurrent mark sweep GC freed 1392(80KB) AllocSpace objects, 1(20KB) LOS objects, 38% free, 25MB/41MB, paused 752us total 35.870ms
08-06 15:24:38.922 26883 26912 I art     : Starting a blocking GC Explicit
08-06 15:24:38.950 26883 26912 I art     : Explicit concurrent mark sweep GC freed 23(752B) AllocSpace objects, 0(0B) LOS objects, 38% free, 25MB/41MB, paused 707us total 27.921ms
08-06 15:24:38.961 26883 26912 I art     : Starting a blocking GC Explicit
08-06 15:24:38.990 26883 26912 I art     : Explicit concurrent mark sweep GC freed 3(96B) AllocSpace objects, 0(0B) LOS objects, 38% free, 25MB/41MB, paused 700us total 28.386ms
08-06 15:24:39.001 26883 26912 I art     : Starting a blocking GC Explicit
08-06 15:24:39.031 26883 26912 I art     : Explicit concurrent mark sweep GC freed 3(96B) AllocSpace objects, 0(0B) LOS objects, 38% free, 25MB/41MB, paused 717us total 29.035ms
08-06 15:24:39.042 26883 26912 I art     : Starting a blocking GC Explicit
08-06 15:24:39.072 26883 26912 I art     : Explicit concurrent mark sweep GC freed 3(96B) AllocSpace objects, 0(0B) LOS objects, 38% free, 25MB/41MB, paused 721us total 29.958ms
08-06 15:24:39.404 26883 26896 I art     : Starting a blocking GC Explicit
08-06 15:24:39.441 26883 26896 I art     : Explicit concurrent mark sweep GC freed 1363(80KB) AllocSpace objects, 1(20KB) LOS objects, 38% free, 25MB/41MB, paused 754us total 36.541ms
08-06 15:24:39.454 26883 26896 I art     : Starting a blocking GC Explicit
08-06 15:24:39.485 26883 26896 I art     : Explicit concurrent mark sweep GC freed 23(752B) AllocSpace objects, 0(0B) LOS objects, 38% free, 25MB/41MB, paused 712us total 30.730ms
08-06 15:24:39.496 26883 26896 I art     : Starting a blocking GC Explicit
08-06 15:24:39.525 26883 26896 I art     : Explicit concurrent mark sweep GC freed 3(96B) AllocSpace objects, 0(0B) LOS objects, 38% free, 25MB/41MB, paused 713us total 28.581ms
08-06 15:24:39.537 26883 26896 I art     : Starting a blocking GC Explicit
08-06 15:24:39.567 26883 26896 I art     : Explicit concurrent mark sweep GC freed 3(96B) AllocSpace objects, 0(0B) LOS objects, 38% free, 25MB/41MB, paused 906us total 30.210ms
08-06 15:24:39.579 26883 26896 I art     : Starting a blocking GC Explicit
08-06 15:24:39.610 26883 26896 I art     : Explicit concurrent mark sweep GC freed 3(96B) AllocSpace objects, 0(0B) LOS objects, 38% free, 25MB/41MB, paused 717us total 30.568ms
08-06 15:24:39.934 26883 26895 I art     : Starting a blocking GC Explicit
08-06 15:24:39.972 26883 26895 I art     : Explicit concurrent mark sweep GC freed 1392(80KB) AllocSpace objects, 1(20KB) LOS objects, 38% free, 25MB/41MB, paused 783us total 37.037ms
08-06 15:24:39.988 26883 26895 I art     : Starting a blocking GC Explicit
08-06 15:24:40.021 26883 26895 I art     : Explicit concurrent mark sweep GC freed 23(752B) AllocSpace objects, 0(0B) LOS objects, 38% free, 25MB/41MB, paused 761us total 33.206ms
08-06 15:24:40.034 26883 26895 I art     : Starting a blocking GC Explicit
08-06 15:24:40.064 26883 26895 I art     : Explicit concurrent mark sweep GC freed 3(96B) AllocSpace objects, 0(0B) LOS objects, 38% free, 25MB/41MB, paused 696us total 29.368ms
08-06 15:24:40.075 26883 26895 I art     : Starting a blocking GC Explicit
08-06 15:24:40.106 26883 26895 I art     : Explicit concurrent mark sweep GC freed 3(96B) AllocSpace objects, 0(0B) LOS objects, 38% free, 25MB/41MB, paused 715us total 30.696ms
08-06 15:24:40.118 26883 26895 I art     : Starting a blocking GC Explicit
08-06 15:24:40.147 26883 26895 I art     : Explicit concurrent mark sweep GC freed 3(96B) AllocSpace objects, 0(0B) LOS objects, 38% free, 25MB/41MB, paused 839us total 28.792ms
08-06 15:24:40.462 26883 26912 I art     : Starting a blocking GC Explicit
08-06 15:24:40.501 26883 26912 I art     : Explicit concurrent mark sweep GC freed 1363(80KB) AllocSpace objects, 1(20KB) LOS objects, 38% free, 25MB/41MB, paused 866us total 38.076ms
08-06 15:24:40.517 26883 26912 I art     : Starting a blocking GC Explicit
08-06 15:24:40.550 26883 26912 I art     : Explicit concurrent mark sweep GC freed 23(752B) AllocSpace objects, 0(0B) LOS objects, 38% free, 25MB/41MB, paused 732us total 32.312ms
08-06 15:24:40.561 26883 26912 I art     : Starting a blocking GC Explicit
08-06 15:24:40.592 26883 26912 I art     : Explicit concurrent mark sweep GC freed 3(96B) AllocSpace objects, 0(0B) LOS objects, 38% free, 25MB/41MB, paused 728us total 30.487ms
08-06 15:24:40.593 26883 26894 I art     : WaitForGcToComplete blocked for 30.779ms for cause HeapTrim
08-06 15:24:40.604 26883 26912 I art     : Starting a blocking GC Explicit
08-06 15:24:40.634 26883 26912 I art     : Explicit concurrent mark sweep GC freed 3(96B) AllocSpace objects, 0(0B) LOS objects, 38% free, 25MB/41MB, paused 751us total 29.561ms
08-06 15:24:40.645 26883 26912 I art     : Starting a blocking GC Explicit
08-06 15:24:40.674 26883 26912 I art     : Explicit concurrent mark sweep GC freed 3(96B) AllocSpace objects, 0(0B) LOS objects, 38% free, 25MB/41MB, paused 721us total 29.099ms
08-06 15:24:40.996 26883 26896 I art     : Starting a blocking GC Explicit
08-06 15:24:41.036 26883 26896 I art     : Explicit concurrent mark sweep GC freed 1392(80KB) AllocSpace objects, 1(20KB) LOS objects, 38% free, 25MB/41MB, paused 701us total 39.308ms
08-06 15:24:41.047 26883 26896 I art     : Starting a blocking GC Explicit
08-06 15:24:41.078 26883 26896 I art     : Explicit concurrent mark sweep GC freed 23(752B) AllocSpace objects, 0(0B) LOS objects, 38% free, 25MB/41MB, paused 891us total 29.837ms
08-06 15:24:41.089 26883 26896 I art     : Starting a blocking GC Explicit
08-06 15:24:41.119 26883 26896 I art     : Explicit concurrent mark sweep GC freed 3(96B) AllocSpace objects, 0(0B) LOS objects, 38% free, 25MB/41MB, paused 720us total 29.916ms
08-06 15:24:41.131 26883 26896 I art     : Starting a blocking GC Explicit
08-06 15:24:41.162 26883 26896 I art     : Explicit concurrent mark sweep GC freed 3(96B) AllocSpace objects, 0(0B) LOS objects, 38% free, 25MB/41MB, paused 700us total 30.579ms
08-06 15:24:41.173 26883 26896 I art     : Starting a blocking GC Explicit
08-06 15:24:41.204 26883 26896 I art     : Explicit concurrent mark sweep GC freed 3(96B) AllocSpace objects, 0(0B) LOS objects, 38% free, 25MB/41MB, paused 730us total 30.302ms
08-06 15:24:41.539 26883 26895 I art     : Starting a blocking GC Explicit
08-06 15:24:41.573 26883 26895 I art     : Explicit concurrent mark sweep GC freed 1363(80KB) AllocSpace objects, 1(20KB) LOS objects, 38% free, 25MB/41MB, paused 733us total 33.437ms
08-06 15:24:41.587 26883 26895 I art     : Starting a blocking GC Explicit
08-06 15:24:41.617 26883 26895 I art     : Explicit concurrent mark sweep GC freed 23(752B) AllocSpace objects, 0(0B) LOS objects, 38% free, 25MB/41MB, paused 858us total 30.517ms
08-06 15:24:41.629 26883 26895 I art     : Starting a blocking GC Explicit
08-06 15:24:41.659 26883 26895 I art     : Explicit concurrent mark sweep GC freed 3(96B) AllocSpace objects, 0(0B) LOS objects, 38% free, 25MB/41MB, paused 722us total 29.526ms
08-06 15:24:41.670 26883 26895 I art     : Starting a blocking GC Explicit
08-06 15:24:41.700 26883 26895 I art     : Explicit concurrent mark sweep GC freed 3(96B) AllocSpace objects, 0(0B) LOS objects, 38% free, 25MB/41MB, paused 725us total 29.979ms
08-06 15:24:41.712 26883 26895 I art     : Starting a blocking GC Explicit
08-06 15:24:41.743 26883 26895 I art     : Explicit concurrent mark sweep GC freed 32(880B) AllocSpace objects, 0(0B) LOS objects, 38% free, 25MB/41MB, paused 720us total 30.365ms
08-06 15:24:42.089 26883 26912 I art     : Starting a blocking GC Explicit
08-06 15:24:42.124 26883 26912 I art     : Explicit concurrent mark sweep GC freed 1363(80KB) AllocSpace objects, 1(20KB) LOS objects, 38% free, 25MB/41MB, paused 765us total 34.395ms
08-06 15:24:42.138 26883 26912 I art     : Starting a blocking GC Explicit
08-06 15:24:42.168 26883 26912 I art     : Explicit concurrent mark sweep GC freed 23(752B) AllocSpace objects, 0(0B) LOS objects, 38% free, 25MB/41MB, paused 777us total 29.610ms
08-06 15:24:42.179 26883 26912 I art     : Starting a blocking GC Explicit
08-06 15:24:42.210 26883 26912 I art     : Explicit concurrent mark sweep GC freed 3(96B) AllocSpace objects, 0(0B) LOS objects, 38% free, 25MB/41MB, paused 739us total 30.454ms
08-06 15:24:42.222 26883 26912 I art     : Starting a blocking GC Explicit
08-06 15:24:42.252 26883 26912 I art     : Explicit concurrent mark sweep GC freed 3(96B) AllocSpace objects, 0(0B) LOS objects, 38% free, 25MB/41MB, paused 714us total 29.917ms
08-06 15:24:42.263 26883 26912 I art     : Starting a blocking GC Explicit
08-06 15:24:42.290 26883 26912 I art     : Explicit concurrent mark sweep GC freed 3(96B) AllocSpace objects, 0(0B) LOS objects, 38% free, 25MB/41MB, paused 687us total 26.793ms
08-06 15:24:42.508   518   646 I ThermalEngine: ACTION: GPU - Setting GPU[0] to 510000000
08-06 15:24:42.593 26883 26896 I art     : Starting a blocking GC Explicit
08-06 15:24:42.620 26883 26896 I art     : Explicit concurrent mark sweep GC freed 1363(80KB) AllocSpace objects, 1(20KB) LOS objects, 38% free, 25MB/41MB, paused 553us total 27.226ms
08-06 15:24:42.631 26883 26896 I art     : Starting a blocking GC Explicit
08-06 15:24:42.653 26883 26896 I art     : Explicit concurrent mark sweep GC freed 23(752B) AllocSpace objects, 0(0B) LOS objects, 38% free, 25MB/41MB, paused 545us total 21.910ms
08-06 15:24:42.662 26883 26896 I art     : Starting a blocking GC Explicit
08-06 15:24:42.684 26883 26896 I art     : Explicit concurrent mark sweep GC freed 3(96B) AllocSpace objects, 0(0B) LOS objects, 38% free, 25MB/41MB, paused 530us total 21.335ms
08-06 15:24:42.692 26883 26896 I art     : Starting a blocking GC Explicit
08-06 15:24:42.713 26883 26896 I art     : Explicit concurrent mark sweep GC freed 3(96B) AllocSpace objects, 0(0B) LOS objects, 38% free, 25MB/41MB, paused 532us total 21.074ms
08-06 15:24:42.722 26883 26896 I art     : Starting a blocking GC Explicit
08-06 15:24:42.743 26883 26896 I art     : Explicit concurrent mark sweep GC freed 32(880B) AllocSpace objects, 0(0B) LOS objects, 38% free, 25MB/41MB, paused 564us total 20.961ms
08-06 15:24:42.751 27759 27759 D AndroidRuntime: >>>>>> START com.android.internal.os.RuntimeInit uid 2000 <<<<<<
08-06 15:24:42.755 27759 27759 D AndroidRuntime: CheckJNI is OFF
08-06 15:24:42.788 27759 27759 D ICU     : No timezone override file found: /data/misc/zoneinfo/current/icu/icu_tzdata.dat
08-06 15:24:42.821 27759 27759 I Radio-JNI: register_android_hardware_Radio DONE
08-06 15:24:42.843 27759 27759 D AndroidRuntime: Calling main entry com.android.commands.input.Input
08-06 15:24:42.845 27759 27759 I Input   : injectMotionEvent: MotionEvent { action=ACTION_DOWN, actionButton=0, id[0]=0, x[0]=616.0, y[0]=469.0, toolType[0]=TOOL_TYPE_UNKNOWN, buttonState=0, metaState=0, flags=0x0, edgeFlags=0x0, pointerCount=1, historySize=0, eventTime=890699258, downTime=890699258, deviceId=0, source=0x1002 }
08-06 15:24:42.850 27759 27759 I Input   : injectMotionEvent: MotionEvent { action=ACTION_UP, actionButton=0, id[0]=0, x[0]=616.0, y[0]=469.0, toolType[0]=TOOL_TYPE_UNKNOWN, buttonState=0, metaState=0, flags=0x0, edgeFlags=0x0, pointerCount=1, historySize=0, eventTime=890699258, downTime=890699258, deviceId=0, source=0x1002 }
08-06 15:24:42.852 27759 27759 D AndroidRuntime: Shutting down VM
08-06 15:24:42.918   512  2967 D audio_hw_primary: out_set_parameters: enter: usecase(1: low-latency-playback) kvpairs: routing=2
08-06 15:24:42.932   512  2967 D audio_hw_primary: select_devices: out_snd_device(2: speaker) in_snd_device(0: none)
08-06 15:24:42.932   512  2967 D msm8974_platform: platform_send_audio_calibration: sending audio calibration for snd_device(2) acdb_id(15)
08-06 15:24:42.932   512  2967 I soundtrigger: audio_extn_sound_trigger_update_device_status: device 0x2 of type 0 for Event 1
08-06 15:24:42.945   512  2967 D audio_hw_primary: enable_snd_device: snd_device(2: speaker)
08-06 15:24:42.948   512  2967 D audio_hw_primary: enable_audio_route: apply and update mixer path: low-latency-playback speaker
08-06 15:24:42.996 26883 26896 I art     : Starting a blocking GC Explicit
08-06 15:24:43.018 26883 26896 I art     : Explicit concurrent mark sweep GC freed 1602(90KB) AllocSpace objects, 1(20KB) LOS objects, 38% free, 25MB/41MB, paused 598us total 21.760ms
08-06 15:24:43.026 26883 26896 I art     : Starting a blocking GC Explicit
08-06 15:24:43.048 26883 26896 I art     : Explicit concurrent mark sweep GC freed 47(1648B) AllocSpace objects, 0(0B) LOS objects, 38% free, 25MB/41MB, paused 584us total 21.369ms
08-06 15:24:43.057 26883 26896 I art     : Starting a blocking GC Explicit
08-06 15:24:43.078 26883 26896 I art     : Explicit concurrent mark sweep GC freed 13(480B) AllocSpace objects, 0(0B) LOS objects, 38% free, 25MB/41MB, paused 624us total 21.018ms
08-06 15:24:43.086 26883 26896 I art     : Starting a blocking GC Explicit
08-06 15:24:43.107 26883 26896 I art     : Explicit concurrent mark sweep GC freed 13(480B) AllocSpace objects, 0(0B) LOS objects, 38% free, 25MB/41MB, paused 599us total 20.017ms
08-06 15:24:43.115 26883 26896 I art     : Starting a blocking GC Explicit
08-06 15:24:43.135 26883 26896 I art     : Explicit concurrent mark sweep GC freed 10(352B) AllocSpace objects, 0(0B) LOS objects, 38% free, 25MB/41MB, paused 524us total 20.424ms
08-06 15:24:43.156 26883 26903 I NAPPA_EXPERIMENTATION: MetricNetworkRequestExecutionTime: REQUEST_DURATION_SYSTEM='239',REQUEST_DURATION_OKHTTP='237',REQUEST_SYNCHRONOUS='TRUE',RESPONSE_CODE='200',RESPONSE_METHOD='GET',RESPONSE_LENGTH_OKHTTP='-1',RESPONSE_LENGTH_HEADER='628',REQUEST_PROTOCOL='h2',REQUEST_URL='https://itunes.apple.com/lookup?id=1524080195',
08-06 15:24:43.172   918  5952 I ActivityManager: START u0 {cmp=baseline.de.danoeh.antennapod.debug/baseline.de.danoeh.antennapod.activity.OnlineFeedViewActivity (has extras)} from uid 10711 on display 0
08-06 15:24:43.192 13866 13866 I GoogleInputMethodServic: GoogleInputMethodService.onFinishInput():3138 
08-06 15:24:43.193 13866 13866 I GoogleInputMethodServic: GoogleInputMethodService.onStartInput():1808 
08-06 15:24:43.217 26883 26883 D UserPreferences: Using default data folder
08-06 15:24:43.218 26883 26883 D OnlineFeedViewActivity: Activity was started with url https://rss.art19.com/nice-white-parents
08-06 15:24:43.220 26883 26883 D OnlineFeedViewActivity: Starting feed download
08-06 15:24:43.225 26883 27435 D DBReader: Extracting Feedlist
08-06 15:24:43.228   918  5952 D WifiService: acquireWifiLockLocked: WifiLock{Downloader type=1 binder=android.os.BinderProxy@9e8363a}
08-06 15:24:43.229 26883 27435 D AntennapodHttpClient: Creating new instance of HTTP client
08-06 15:24:43.279 13866 13866 I GoogleInputMethodServic: GoogleInputMethodService.onFinishInput():3138 
08-06 15:24:43.280 13866 13866 I GoogleInputMethodServic: GoogleInputMethodService.onStartInput():1808 
08-06 15:24:43.312   918   936 I ActivityManager: Displayed baseline.de.danoeh.antennapod.debug/baseline.de.danoeh.antennapod.activity.OnlineFeedViewActivity: +118ms
08-06 15:24:43.379 26883 26895 I art     : Starting a blocking GC Explicit
08-06 15:24:43.403 26883 26895 I art     : Explicit concurrent mark sweep GC freed 8581(468KB) AllocSpace objects, 4(220KB) LOS objects, 37% free, 26MB/42MB, paused 591us total 23.497ms
08-06 15:24:43.411 26883 26895 I art     : Starting a blocking GC Explicit
08-06 15:24:43.433 26883 26895 I art     : Explicit concurrent mark sweep GC freed 1290(132KB) AllocSpace objects, 0(0B) LOS objects, 37% free, 26MB/42MB, paused 638us total 20.957ms
08-06 15:24:43.442 26883 26895 I art     : Starting a blocking GC Explicit
08-06 15:24:43.464 26883 26895 I art     : Explicit concurrent mark sweep GC freed 7(256B) AllocSpace objects, 0(0B) LOS objects, 37% free, 26MB/42MB, paused 602us total 21.442ms
08-06 15:24:43.473 26883 26895 I art     : Starting a blocking GC Explicit
08-06 15:24:43.480   512  2967 D audio_hw_primary: disable_audio_route: reset and update mixer path: low-latency-playback speaker
08-06 15:24:43.481   512  2967 D audio_hw_primary: disable_snd_device: snd_device(2: speaker)
08-06 15:24:43.490   512  2967 I soundtrigger: audio_extn_sound_trigger_update_device_status: device 0x2 of type 0 for Event 0
08-06 15:24:43.496 26883 26895 I art     : Explicit concurrent mark sweep GC freed 3(96B) AllocSpace objects, 0(0B) LOS objects, 37% free, 26MB/42MB, paused 606us total 23.407ms
08-06 15:24:43.507 26883 26895 I art     : Starting a blocking GC Explicit
08-06 15:24:43.511 26883 27435 D MYTAG   : interceptor 3a https://rss.art19.com/nice-white-parents
08-06 15:24:43.512 26883 27435 I NAPPA_EXPERIMENTATION: MetricNetworkRequestExecutionTime: REQUEST_DURATION_SYSTEM='281',REQUEST_DURATION_OKHTTP='138',REQUEST_SYNCHRONOUS='TRUE',RESPONSE_CODE='200',RESPONSE_METHOD='GET',RESPONSE_LENGTH_OKHTTP='-1',RESPONSE_LENGTH_HEADER='1803',REQUEST_PROTOCOL='h2',REQUEST_URL='https://rss.art19.com/nice-white-parents',
08-06 15:24:43.512 26883 27435 D HttpDownloader: Response code is 200
08-06 15:24:43.512 26883 27435 D UserPreferences: Using default data folder
08-06 15:24:43.513 26883 27435 D HttpDownloader: Getting size of download
08-06 15:24:43.513 26883 27435 D HttpDownloader: Size is -1
08-06 15:24:43.514 26883 27435 D UserPreferences: Using default data folder
08-06 15:24:43.514 26883 27435 D HttpDownloader: Free space is 20257075200
08-06 15:24:43.514 26883 27435 D HttpDownloader: Starting download
08-06 15:24:43.520 26883 27435 D HttpDownloader: Download was successful
08-06 15:24:43.523   918  3961 D WifiService: releaseWifiLockLocked: WifiLock{Downloader type=1 binder=android.os.BinderProxy@9e8363a}
08-06 15:24:43.524 26883 26883 D OnlineFeedViewActivity: Parsing feed
08-06 15:24:43.535 26883 26895 I art     : Explicit concurrent mark sweep GC freed 336(47KB) AllocSpace objects, 0(0B) LOS objects, 37% free, 26MB/42MB, paused 2.182ms total 27.791ms
08-06 15:24:43.541 26883 27805 D TypeGetter: Recognized type RSS 2.0
08-06 15:24:43.548 26883 27805 D SyndHandler: Recognized ITunes namespace
08-06 15:24:43.549 26883 27805 D SyndHandler: Recognized Atom namespace
08-06 15:24:43.549 26883 27805 D SyndHandler: Recognized Content namespace
08-06 15:24:43.553   380   380 W SurfaceFlinger: couldn't log to binary event log: overflow.
08-06 15:24:43.563 26883 27805 D OnlineFeedViewActivity: Deleted feed source file. Result: true
08-06 15:24:43.564 26883 26883 D OnlineFeedViewActivity: Removing HTML from shownotes
08-06 15:24:43.617 26883 26883 W art     : Before Android 4.1, method int androidx.appcompat.widget.DropDownListView.lookForSelectablePosition(int, boolean) would have incorrectly overridden the package-private method in android.widget.ListView
08-06 15:24:43.622 26883 26883 I ListPopupWindow: Could not find method setEpicenterBounds(Rect) on PopupWindow. Oh well.
08-06 15:24:43.629 26883 27806 D ApOkHttpUrlLoader: buildLoadData() called with: model = [https://content.production.cdn.art19.com/images/89/e0/88/44/89e08844-ac28-4fc0-96fa-15a41fec2014/262c12ed699a8d9720dea0bd66449d998e4a08cf18095bed170ccaa76722045fa5dbf7a366918b2db7e3acf29ad22f6b99fd659a9409cb807bf2781d968932f8.jpeg], width = [350], height = [350]
08-06 15:24:43.635 26883 27630 D DBReader: getImageAuthentication() called with: imageUrl = [https://content.production.cdn.art19.com/images/89/e0/88/44/89e08844-ac28-4fc0-96fa-15a41fec2014/262c12ed699a8d9720dea0bd66449d998e4a08cf18095bed170ccaa76722045fa5dbf7a366918b2db7e3acf29ad22f6b99fd659a9409cb807bf2781d968932f8.jpeg]
08-06 15:24:43.636 26883 27630 D ApOkHttpUrlLoader: no credentials for 'https://content.production.cdn.art19.com/images/89/e0/88/44/89e08844-ac28-4fc0-96fa-15a41fec2014/262c12ed699a8d9720dea0bd66449d998e4a08cf18095bed170ccaa76722045fa5dbf7a366918b2db7e3acf29ad22f6b99fd659a9409cb807bf2781d968932f8.jpeg'
08-06 15:24:43.689 26883 26883 D PlaybackController: Releasing PlaybackController
08-06 15:24:43.811 26883 26912 I art     : Starting a blocking GC Explicit
08-06 15:24:43.842 26883 26912 I art     : Explicit concurrent mark sweep GC freed 19701(1206KB) AllocSpace objects, 7(232KB) LOS objects, 37% free, 27MB/43MB, paused 706us total 30.393ms
08-06 15:24:43.851 26883 26912 I art     : Starting a blocking GC Explicit
08-06 15:24:43.878 26883 26912 I art     : Explicit concurrent mark sweep GC freed 759(35KB) AllocSpace objects, 1(112KB) LOS objects, 37% free, 26MB/42MB, paused 686us total 26.940ms
08-06 15:24:43.888 26883 26912 I art     : Starting a blocking GC Explicit
08-06 15:24:43.903 26883 27630 D MYTAG   : interceptor 2a
08-06 15:24:43.904 26883 27630 I NAPPA_EXPERIMENTATION: MetricNetworkRequestExecutionTime: REQUEST_DURATION_SYSTEM='267',REQUEST_DURATION_OKHTTP='150',REQUEST_SYNCHRONOUS='TRUE',RESPONSE_CODE='200',RESPONSE_METHOD='GET',RESPONSE_LENGTH_OKHTTP='2466122',RESPONSE_LENGTH_HEADER='2466122',REQUEST_PROTOCOL='h2',REQUEST_URL='https://content.production.cdn.art19.com/images/89/e0/88/44/89e08844-ac28-4fc0-96fa-15a41fec2014/262c12ed699a8d9720dea0bd66449d998e4a08cf18095bed170ccaa76722045fa5dbf7a366918b2db7e3acf29ad22f6b99fd659a9409cb807bf2781d968932f8.jpeg',
08-06 15:24:43.915 26883 26912 I art     : Explicit concurrent mark sweep GC freed 223(20KB) AllocSpace objects, 0(0B) LOS objects, 37% free, 26MB/42MB, paused 748us total 26.552ms
08-06 15:24:43.924 26883 26912 I art     : Starting a blocking GC Explicit
08-06 15:24:43.949 26883 26912 I art     : Explicit concurrent mark sweep GC freed 44(3KB) AllocSpace objects, 0(0B) LOS objects, 37% free, 26MB/42MB, paused 651us total 24.895ms
08-06 15:24:43.958 26883 26912 I art     : Starting a blocking GC Explicit
08-06 15:24:43.984 26883 26912 I art     : Explicit concurrent mark sweep GC freed 45(1440B) AllocSpace objects, 0(0B) LOS objects, 37% free, 26MB/42MB, paused 717us total 24.997ms
08-06 15:24:44.244 26883 26896 I art     : Starting a blocking GC Explicit
08-06 15:24:44.272 26883 26896 I art     : Explicit concurrent mark sweep GC freed 2836(166KB) AllocSpace objects, 1(20KB) LOS objects, 36% free, 27MB/43MB, paused 749us total 27.670ms
08-06 15:24:44.286 26883 26896 I art     : Starting a blocking GC Explicit
08-06 15:24:44.314 26883 26896 I art     : Explicit concurrent mark sweep GC freed 36(1120B) AllocSpace objects, 0(0B) LOS objects, 36% free, 27MB/43MB, paused 714us total 27.789ms
08-06 15:24:44.323 26883 26896 I art     : Starting a blocking GC Explicit
08-06 15:24:44.350 26883 26896 I art     : Explicit concurrent mark sweep GC freed 58(13KB) AllocSpace objects, 0(0B) LOS objects, 36% free, 27MB/43MB, paused 666us total 26.447ms
08-06 15:24:44.359 26883 26896 I art     : Starting a blocking GC Explicit
08-06 15:24:44.384 26883 26896 I art     : Explicit concurrent mark sweep GC freed 98(4KB) AllocSpace objects, 0(0B) LOS objects, 36% free, 27MB/43MB, paused 602us total 25.164ms
08-06 15:24:44.393 26883 26896 I art     : Starting a blocking GC Explicit
08-06 15:24:44.418 26883 26896 I art     : Explicit concurrent mark sweep GC freed 5(176B) AllocSpace objects, 0(0B) LOS objects, 36% free, 27MB/43MB, paused 637us total 24.501ms
08-06 15:24:44.513   518   646 I ThermalEngine: ACTION: GPU - Setting GPU[0] to 450000000
08-06 15:24:44.739 26883 26912 I art     : Starting a blocking GC Explicit
08-06 15:24:44.786 26883 26912 I art     : Explicit concurrent mark sweep GC freed 1398(80KB) AllocSpace objects, 1(20KB) LOS objects, 36% free, 27MB/43MB, paused 981us total 46.017ms
08-06 15:24:44.802 26883 26912 I art     : Starting a blocking GC Explicit
08-06 15:24:44.837 26883 26912 I art     : Explicit concurrent mark sweep GC freed 23(752B) AllocSpace objects, 0(0B) LOS objects, 36% free, 27MB/43MB, paused 860us total 34.084ms
08-06 15:24:44.849 26883 26912 I art     : Starting a blocking GC Explicit
08-06 15:24:44.884 26883 26912 I art     : Explicit concurrent mark sweep GC freed 3(96B) AllocSpace objects, 0(0B) LOS objects, 36% free, 27MB/43MB, paused 856us total 34.823ms
08-06 15:24:44.896 26883 26912 I art     : Starting a blocking GC Explicit
08-06 15:24:44.931 26883 26912 I art     : Explicit concurrent mark sweep GC freed 3(96B) AllocSpace objects, 0(0B) LOS objects, 36% free, 27MB/43MB, paused 819us total 34.165ms
08-06 15:24:44.943 26883 26912 I art     : Starting a blocking GC Explicit
08-06 15:24:44.978 26883 26912 I art     : Explicit concurrent mark sweep GC freed 3(96B) AllocSpace objects, 0(0B) LOS objects, 36% free, 27MB/43MB, paused 876us total 35.462ms
08-06 15:24:45.326 26883 26895 I art     : Starting a blocking GC Explicit
08-06 15:24:45.360 26883 26895 I art     : Explicit concurrent mark sweep GC freed 1383(80KB) AllocSpace objects, 1(20KB) LOS objects, 36% free, 27MB/43MB, paused 806us total 33.571ms
08-06 15:24:45.374 26883 26895 I art     : Starting a blocking GC Explicit
08-06 15:24:45.406 26883 26895 I art     : Explicit concurrent mark sweep GC freed 28(912B) AllocSpace objects, 0(0B) LOS objects, 36% free, 27MB/43MB, paused 918us total 32.337ms
08-06 15:24:45.419 26883 26895 I art     : Starting a blocking GC Explicit
08-06 15:24:45.450 26883 26895 I art     : Explicit concurrent mark sweep GC freed 8(256B) AllocSpace objects, 0(0B) LOS objects, 36% free, 27MB/43MB, paused 848us total 31.229ms
08-06 15:24:45.463 26883 26895 I art     : Starting a blocking GC Explicit
08-06 15:24:45.495 26883 26895 I art     : Explicit concurrent mark sweep GC freed 6(192B) AllocSpace objects, 0(0B) LOS objects, 36% free, 27MB/43MB, paused 768us total 32.207ms
08-06 15:24:45.508 26883 26895 I art     : Starting a blocking GC Explicit
08-06 15:24:45.539 26883 26895 I art     : Explicit concurrent mark sweep GC freed 3(96B) AllocSpace objects, 0(0B) LOS objects, 36% free, 27MB/43MB, paused 791us total 31.171ms
08-06 15:24:45.886 26883 26896 I art     : Starting a blocking GC Explicit
08-06 15:24:45.934 26883 26896 I art     : Explicit concurrent mark sweep GC freed 1395(80KB) AllocSpace objects, 1(20KB) LOS objects, 36% free, 27MB/43MB, paused 866us total 47.144ms
08-06 15:24:45.949 26883 26896 I art     : Starting a blocking GC Explicit
08-06 15:24:45.987 26883 26896 I art     : Explicit concurrent mark sweep GC freed 23(752B) AllocSpace objects, 0(0B) LOS objects, 36% free, 27MB/43MB, paused 914us total 37.581ms
08-06 15:24:45.999 26883 26896 I art     : Starting a blocking GC Explicit
08-06 15:24:46.033 26883 26896 I art     : Explicit concurrent mark sweep GC freed 3(96B) AllocSpace objects, 0(0B) LOS objects, 36% free, 27MB/43MB, paused 826us total 33.256ms
08-06 15:24:46.045 26883 26896 I art     : Starting a blocking GC Explicit
08-06 15:24:46.080 26883 26896 I art     : Explicit concurrent mark sweep GC freed 3(96B) AllocSpace objects, 0(0B) LOS objects, 36% free, 27MB/43MB, paused 847us total 34.973ms
08-06 15:24:46.092 26883 26896 I art     : Starting a blocking GC Explicit
08-06 15:24:46.127 26883 26896 I art     : Explicit concurrent mark sweep GC freed 3(96B) AllocSpace objects, 0(0B) LOS objects, 36% free, 27MB/43MB, paused 833us total 34.342ms
08-06 15:24:46.488 26883 26912 I art     : Starting a blocking GC Explicit
08-06 15:24:46.529 26883 26912 I art     : Explicit concurrent mark sweep GC freed 1367(82KB) AllocSpace objects, 1(20KB) LOS objects, 36% free, 27MB/43MB, paused 811us total 41.365ms
08-06 15:24:46.541 26883 26912 I art     : Starting a blocking GC Explicit
08-06 15:24:46.577 26883 26912 I art     : Explicit concurrent mark sweep GC freed 23(752B) AllocSpace objects, 0(0B) LOS objects, 36% free, 27MB/43MB, paused 851us total 35.055ms
08-06 15:24:46.589 26883 26912 I art     : Starting a blocking GC Explicit
08-06 15:24:46.624 26883 26912 I art     : Explicit concurrent mark sweep GC freed 3(96B) AllocSpace objects, 0(0B) LOS objects, 36% free, 27MB/43MB, paused 864us total 34.214ms
08-06 15:24:46.636 26883 26912 I art     : Starting a blocking GC Explicit
08-06 15:24:46.669 26883 26912 I art     : Explicit concurrent mark sweep GC freed 3(96B) AllocSpace objects, 0(0B) LOS objects, 36% free, 27MB/43MB, paused 863us total 32.341ms
08-06 15:24:46.681 26883 26912 I art     : Starting a blocking GC Explicit
08-06 15:24:46.715 26883 26912 I art     : Explicit concurrent mark sweep GC freed 3(96B) AllocSpace objects, 0(0B) LOS objects, 36% free, 27MB/43MB, paused 792us total 33.672ms
08-06 15:24:47.028 26883 26895 I art     : Starting a blocking GC Explicit
08-06 15:24:47.073 26883 26895 I art     : Explicit concurrent mark sweep GC freed 1395(80KB) AllocSpace objects, 1(20KB) LOS objects, 36% free, 27MB/43MB, paused 994us total 44.850ms
08-06 15:24:47.093 26883 26895 I art     : Starting a blocking GC Explicit
08-06 15:24:47.125 26883 26895 I art     : Explicit concurrent mark sweep GC freed 23(752B) AllocSpace objects, 0(0B) LOS objects, 36% free, 27MB/43MB, paused 792us total 31.855ms
08-06 15:24:47.136 26883 26895 I art     : Starting a blocking GC Explicit
08-06 15:24:47.167 26883 26895 I art     : Explicit concurrent mark sweep GC freed 3(96B) AllocSpace objects, 0(0B) LOS objects, 36% free, 27MB/43MB, paused 893us total 30.134ms
08-06 15:24:47.178 26883 26895 I art     : Starting a blocking GC Explicit
08-06 15:24:47.209 26883 26895 I art     : Explicit concurrent mark sweep GC freed 3(96B) AllocSpace objects, 0(0B) LOS objects, 36% free, 27MB/43MB, paused 836us total 30.384ms
08-06 15:24:47.220 26883 26895 I art     : Starting a blocking GC Explicit
08-06 15:24:47.251 26883 26895 I art     : Explicit concurrent mark sweep GC freed 3(96B) AllocSpace objects, 0(0B) LOS objects, 36% free, 27MB/43MB, paused 828us total 30.773ms
08-06 15:24:47.569 26883 26896 I art     : Starting a blocking GC Explicit
08-06 15:24:47.605 26883 26896 I art     : Explicit concurrent mark sweep GC freed 1366(80KB) AllocSpace objects, 1(20KB) LOS objects, 36% free, 27MB/43MB, paused 848us total 35.850ms
08-06 15:24:47.617 26883 26896 I art     : Starting a blocking GC Explicit
08-06 15:24:47.649 27879 27879 D AndroidRuntime: >>>>>> START com.android.internal.os.RuntimeInit uid 2000 <<<<<<
08-06 15:24:47.651 26883 26896 I art     : Explicit concurrent mark sweep GC freed 23(752B) AllocSpace objects, 0(0B) LOS objects, 36% free, 27MB/43MB, paused 948us total 33.667ms
08-06 15:24:47.655 27879 27879 D AndroidRuntime: CheckJNI is OFF
08-06 15:24:47.663 26883 26896 I art     : Starting a blocking GC Explicit
08-06 15:24:47.695 26883 26896 I art     : Explicit concurrent mark sweep GC freed 3(96B) AllocSpace objects, 0(0B) LOS objects, 36% free, 27MB/43MB, paused 850us total 32.442ms
08-06 15:24:47.701 27879 27879 D ICU     : No timezone override file found: /data/misc/zoneinfo/current/icu/icu_tzdata.dat
08-06 15:24:47.707 26883 26896 I art     : Starting a blocking GC Explicit
08-06 15:24:47.739 26883 26896 I art     : Explicit concurrent mark sweep GC freed 32(880B) AllocSpace objects, 0(0B) LOS objects, 36% free, 27MB/43MB, paused 870us total 31.916ms
08-06 15:24:47.747 27879 27879 I Radio-JNI: register_android_hardware_Radio DONE
08-06 15:24:47.751 26883 26896 I art     : Starting a blocking GC Explicit
08-06 15:24:47.777 27879 27879 D AndroidRuntime: Calling main entry com.android.commands.input.Input
08-06 15:24:47.779 27879 27879 I Input   : injectMotionEvent: MotionEvent { action=ACTION_DOWN, actionButton=0, id[0]=0, x[0]=625.0, y[0]=832.0, toolType[0]=TOOL_TYPE_UNKNOWN, buttonState=0, metaState=0, flags=0x0, edgeFlags=0x0, pointerCount=1, historySize=0, eventTime=890704192, downTime=890704192, deviceId=0, source=0x1002 }
08-06 15:24:47.783 26883 26896 I art     : Explicit concurrent mark sweep GC freed 3(96B) AllocSpace objects, 0(0B) LOS objects, 36% free, 27MB/43MB, paused 1.013ms total 32.646ms
08-06 15:24:47.785 27879 27879 I Input   : injectMotionEvent: MotionEvent { action=ACTION_UP, actionButton=0, id[0]=0, x[0]=625.0, y[0]=832.0, toolType[0]=TOOL_TYPE_UNKNOWN, buttonState=0, metaState=0, flags=0x0, edgeFlags=0x0, pointerCount=1, historySize=0, eventTime=890704192, downTime=890704192, deviceId=0, source=0x1002 }
08-06 15:24:47.787 27879 27879 D AndroidRuntime: Shutting down VM
08-06 15:24:47.795 26883 26883 D UserPreferences: Using default data folder
08-06 15:24:47.796 26883 26883 D DownloadRequester: partiallyDownloadedFileExists: false
08-06 15:24:47.796 26883 26883 D DownloadRequester: /storage/emulated/0/Android/data/baseline.de.danoeh.antennapod.debug/files/cache/feed-Nice White Parents is available as a download destination
08-06 15:24:47.797   512  2967 D audio_hw_primary: out_set_parameters: enter: usecase(1: low-latency-playback) kvpairs: routing=2
08-06 15:24:47.799 26883 26883 D DownloadRequester: Requesting download of url https://rss.art19.com/nice-white-parents
08-06 15:24:47.809   512  2967 D audio_hw_primary: select_devices: out_snd_device(2: speaker) in_snd_device(0: none)
08-06 15:24:47.809   512  2967 D msm8974_platform: platform_send_audio_calibration: sending audio calibration for snd_device(2) acdb_id(15)
08-06 15:24:47.810   512  2967 I soundtrigger: audio_extn_sound_trigger_update_device_status: device 0x2 of type 0 for Event 1
08-06 15:24:47.810 26883 26883 D DownloadService: Service started
08-06 15:24:47.812 26883 26883 D DownloadService: parallel downloads: 4
08-06 15:24:47.814 26883 27902 D downloadCompletionThd: downloadCompletionThread was started
08-06 15:24:47.816 26883 26883 D DownloadService: Notification set up
08-06 15:24:47.822   512  2967 D audio_hw_primary: enable_snd_device: snd_device(2: speaker)
08-06 15:24:47.824   512  2967 D audio_hw_primary: enable_audio_route: apply and update mixer path: low-latency-playback speaker
08-06 15:24:47.834 26883 26883 D DownloadService: Received enqueue request
08-06 15:24:47.836 26883 26883 D OnlineFeedViewActivity: onEventMainThread() called with: event = [DownloadEvent{update=DownloaderUpdate{downloaders=[baseline.de.danoeh.antennapod.core.service.download.HttpDownloader@64dd891], feedIds=[0], mediaIds=[]}}]
08-06 15:24:47.837 26883 26883 D DownloadService: 1 downloads left
08-06 15:24:47.837 26883 26883 D DownloadService: Setting up notification updater
08-06 15:24:47.862   918  5952 D WifiService: acquireWifiLockLocked: WifiLock{Downloader type=1 binder=android.os.BinderProxy@f7555d5}
08-06 15:24:47.867 26883 27904 D AntennapodHttpClient: Creating new instance of HTTP client
08-06 15:24:48.057 26883 26895 I art     : Starting a blocking GC Explicit
08-06 15:24:48.095 26883 26895 I art     : Explicit concurrent mark sweep GC freed 7379(380KB) AllocSpace objects, 4(220KB) LOS objects, 36% free, 27MB/43MB, paused 1.213ms total 37.139ms
08-06 15:24:48.107 26883 26895 I art     : Starting a blocking GC Explicit
08-06 15:24:48.139 26883 26895 I art     : Explicit concurrent mark sweep GC freed 974(117KB) AllocSpace objects, 0(0B) LOS objects, 36% free, 27MB/43MB, paused 1.054ms total 32.363ms
08-06 15:24:48.151 26883 26895 I art     : Starting a blocking GC Explicit
08-06 15:24:48.183 26883 26895 I art     : Explicit concurrent mark sweep GC freed 10(320B) AllocSpace objects, 0(0B) LOS objects, 36% free, 27MB/43MB, paused 1.023ms total 31.799ms
08-06 15:24:48.194 26883 26895 I art     : Starting a blocking GC Explicit
08-06 15:24:48.198 26883 27904 D MYTAG   : interceptor 3a https://rss.art19.com/nice-white-parents
08-06 15:24:48.198 26883 27904 I NAPPA_EXPERIMENTATION: MetricNetworkRequestExecutionTime: REQUEST_DURATION_SYSTEM='329',REQUEST_DURATION_OKHTTP='136',REQUEST_SYNCHRONOUS='TRUE',RESPONSE_CODE='200',RESPONSE_METHOD='GET',RESPONSE_LENGTH_OKHTTP='-1',RESPONSE_LENGTH_HEADER='1803',REQUEST_PROTOCOL='h2',REQUEST_URL='https://rss.art19.com/nice-white-parents',
08-06 15:24:48.198 26883 27904 D HttpDownloader: Response code is 200
08-06 15:24:48.198 26883 27904 D UserPreferences: Using default data folder
08-06 15:24:48.202 26883 27904 D HttpDownloader: Getting size of download
08-06 15:24:48.202 26883 27904 D HttpDownloader: Size is -1
08-06 15:24:48.202 26883 27904 D UserPreferences: Using default data folder
08-06 15:24:48.203 26883 27904 D HttpDownloader: Free space is 20254572544
08-06 15:24:48.203 26883 27904 D HttpDownloader: Starting download
08-06 15:24:48.226 26883 26895 I art     : Explicit concurrent mark sweep GC freed 285(20KB) AllocSpace objects, 0(0B) LOS objects, 36% free, 27MB/43MB, paused 1.350ms total 32.017ms
08-06 15:24:48.238 26883 26895 I art     : Starting a blocking GC Explicit
08-06 15:24:48.242 26883 27904 D HttpDownloader: Download was successful
08-06 15:24:48.243   918  6110 D WifiService: releaseWifiLockLocked: WifiLock{Downloader type=1 binder=android.os.BinderProxy@f7555d5}
08-06 15:24:48.244 26883 27902 D downloadCompletionThd: Received 'Download Complete' - message.
08-06 15:24:48.244 26883 27902 D DownloadService: Handling completed Feed Download
08-06 15:24:48.245 26883 26883 D DownloadService: Removing downloader: https://rss.art19.com/nice-white-parents
08-06 15:24:48.245 26883 26883 D DownloadService: Result of downloads.remove: true
08-06 15:24:48.245 26883 26883 D OnlineFeedViewActivity: onEventMainThread() called with: event = [DownloadEvent{update=DownloaderUpdate{downloaders=[], feedIds=[], mediaIds=[]}}]
08-06 15:24:48.249 26883 27921 D TypeGetter: Recognized type RSS 2.0
08-06 15:24:48.251 26883 27921 D SyndHandler: Recognized ITunes namespace
08-06 15:24:48.251 26883 27921 D SyndHandler: Recognized Atom namespace
08-06 15:24:48.251 26883 27921 D SyndHandler: Recognized Content namespace
08-06 15:24:48.256 26883 27921 D FeedSyncThread: Nice White Parents parsed
08-06 15:24:48.257 26883 27921 D FeedSyncThread: Deletion of file '/storage/emulated/0/Android/data/baseline.de.danoeh.antennapod.debug/files/cache/feed-Nice White Parents' successful
08-06 15:24:48.257 26883 27921 D DBReader: getFeedDownloadLog() called with: feed = [baseline.de.danoeh.antennapod.core.feed.Feed@0]
08-06 15:24:48.259 26883 27903 D FeedSyncThread: Bundling 1 feeds
08-06 15:24:48.260 26883 27922 D DBReader: Extracting Feedlist
08-06 15:24:48.261 26883 27922 D DBTasks : Found no existing Feed with title Nice White Parents. Adding as new one.
08-06 15:24:48.263 26883 27923 D PodDBAdapter: Setting feed with flattr status Nice White Parents: 0
08-06 15:24:48.263 26883 27923 D baseline.de.danoeh.antennapod.core.storage.PodDBAdapter@d992bce: Inserting new Feed into db
08-06 15:24:48.270 26883 26895 I art     : Explicit concurrent mark sweep GC freed 764(189KB) AllocSpace objects, 3(60KB) LOS objects, 36% free, 27MB/43MB, paused 1.219ms total 31.682ms
08-06 15:24:48.279 26883 26883 D EventDistributor: Processing event queue. Number of events: 1
08-06 15:24:48.279 26883 26883 D EventDistributor: Notifying observers. Data: 1
08-06 15:24:48.280 26883 26883 D DownloadService: 0 downloads left
08-06 15:24:48.280 26883 27436 D DBReader: Extracting Feedlist
08-06 15:24:48.280 26883 26883 D DownloadService: Number of downloads is 0, attempting shutdown
08-06 15:24:48.281 26883 26883 D DownloadService: Service shutting down
08-06 15:24:48.281 26883 26883 D DownloadService: No report is created
08-06 15:24:48.282 26883 26883 D OnlineFeedViewActivity: onEventMainThread() called with: event = [DownloadEvent{update=DownloaderUpdate{downloaders=[], feedIds=[], mediaIds=[]}}]
08-06 15:24:48.284 26883 26883 D DownloadService: NotificationUpdater cancelled. Result: false
08-06 15:24:48.284 26883 27902 E downloadCompletionThd: DownloadCompletionThread was interrupted
08-06 15:24:48.284 26883 26883 D DBTasks : autodownloadUndownloadedItems
08-06 15:24:48.286 26883 27924 D NetworkUtils: Device is connected to Wi-Fi
08-06 15:24:48.286 26883 27924 D NetworkUtils: Auto-dl filter is disabled
08-06 15:24:48.359   512  2967 D audio_hw_primary: disable_audio_route: reset and update mixer path: low-latency-playback speaker
08-06 15:24:48.360   512  2967 D audio_hw_primary: disable_snd_device: snd_device(2: speaker)
08-06 15:24:48.367   512  2967 I soundtrigger: audio_extn_sound_trigger_update_device_status: device 0x2 of type 0 for Event 0
08-06 15:24:48.570 26883 26895 I art     : Starting a blocking GC Explicit
08-06 15:24:48.605 26883 26895 I art     : Explicit concurrent mark sweep GC freed 2043(159KB) AllocSpace objects, 2(40KB) LOS objects, 36% free, 27MB/43MB, paused 1ms total 34.247ms
08-06 15:24:48.617 26883 26895 I art     : Starting a blocking GC Explicit
08-06 15:24:48.651 26883 26895 I art     : Explicit concurrent mark sweep GC freed 113(4KB) AllocSpace objects, 0(0B) LOS objects, 36% free, 27MB/43MB, paused 994us total 33.323ms
08-06 15:24:48.663 26883 26895 I art     : Starting a blocking GC Explicit
08-06 15:24:48.696 26883 26895 I art     : Explicit concurrent mark sweep GC freed 5(160B) AllocSpace objects, 0(0B) LOS objects, 36% free, 27MB/43MB, paused 980us total 32.743ms
08-06 15:24:48.708 26883 26895 I art     : Starting a blocking GC Explicit
08-06 15:24:48.742 26883 26895 I art     : Explicit concurrent mark sweep GC freed 32(880B) AllocSpace objects, 0(0B) LOS objects, 36% free, 27MB/43MB, paused 996us total 33.817ms
08-06 15:24:48.755 26883 26895 I art     : Starting a blocking GC Explicit
08-06 15:24:48.788 26883 26895 I art     : Explicit concurrent mark sweep GC freed 3(96B) AllocSpace objects, 0(0B) LOS objects, 36% free, 27MB/43MB, paused 1.118ms total 32.937ms
08-06 15:24:49.101 26883 26896 I art     : Starting a blocking GC Explicit
08-06 15:24:49.144 26883 26896 I art     : Explicit concurrent mark sweep GC freed 1367(82KB) AllocSpace objects, 1(20KB) LOS objects, 36% free, 27MB/43MB, paused 1.029ms total 43.237ms
08-06 15:24:49.156 26883 26896 I art     : Starting a blocking GC Explicit
08-06 15:24:49.190 26883 26896 I art     : Explicit concurrent mark sweep GC freed 23(752B) AllocSpace objects, 0(0B) LOS objects, 36% free, 27MB/43MB, paused 1.028ms total 33.775ms
08-06 15:24:49.202 26883 26896 I art     : Starting a blocking GC Explicit
08-06 15:24:49.237 26883 26896 I art     : Explicit concurrent mark sweep GC freed 3(96B) AllocSpace objects, 0(0B) LOS objects, 36% free, 27MB/43MB, paused 982us total 34.076ms
08-06 15:24:49.248 26883 26896 I art     : Starting a blocking GC Explicit
08-06 15:24:49.283 26883 26896 I art     : Explicit concurrent mark sweep GC freed 3(96B) AllocSpace objects, 0(0B) LOS objects, 36% free, 27MB/43MB, paused 1.013ms total 34.058ms
08-06 15:24:49.295 26883 26896 I art     : Starting a blocking GC Explicit
08-06 15:24:49.330 26883 26896 I art     : Explicit concurrent mark sweep GC freed 3(96B) AllocSpace objects, 0(0B) LOS objects, 36% free, 27MB/43MB, paused 1.020ms total 34.181ms
08-06 15:24:49.666 26883 26912 I art     : Starting a blocking GC Explicit
08-06 15:24:49.712 26883 26912 I art     : Explicit concurrent mark sweep GC freed 1373(82KB) AllocSpace objects, 1(20KB) LOS objects, 36% free, 27MB/43MB, paused 1.043ms total 45.360ms
08-06 15:24:49.724 26883 26912 I art     : Starting a blocking GC Explicit
08-06 15:24:49.762 26883 26912 I art     : Explicit concurrent mark sweep GC freed 52(1536B) AllocSpace objects, 0(0B) LOS objects, 36% free, 27MB/43MB, paused 1.026ms total 37.132ms
08-06 15:24:49.774 26883 26912 I art     : Starting a blocking GC Explicit
08-06 15:24:49.811 26883 26912 I art     : Explicit concurrent mark sweep GC freed 3(96B) AllocSpace objects, 0(0B) LOS objects, 36% free, 27MB/43MB, paused 975us total 36.836ms
08-06 15:24:49.823 26883 26912 I art     : Starting a blocking GC Explicit
08-06 15:24:49.859 26883 26912 I art     : Explicit concurrent mark sweep GC freed 3(96B) AllocSpace objects, 0(0B) LOS objects, 36% free, 27MB/43MB, paused 1.082ms total 35.179ms
08-06 15:24:49.871 26883 26912 I art     : Starting a blocking GC Explicit
08-06 15:24:49.908 26883 26912 I art     : Explicit concurrent mark sweep GC freed 3(96B) AllocSpace objects, 0(0B) LOS objects, 36% free, 27MB/43MB, paused 1.108ms total 36.906ms
08-06 15:24:50.249 26883 26895 I art     : Starting a blocking GC Explicit
08-06 15:24:50.297 26883 26895 I art     : Explicit concurrent mark sweep GC freed 1372(82KB) AllocSpace objects, 1(20KB) LOS objects, 36% free, 27MB/43MB, paused 1.138ms total 47.173ms
08-06 15:24:50.315 26883 26895 I art     : Starting a blocking GC Explicit
08-06 15:24:50.350 26883 26895 I art     : Explicit concurrent mark sweep GC freed 23(752B) AllocSpace objects, 0(0B) LOS objects, 36% free, 27MB/43MB, paused 1.053ms total 35.317ms
08-06 15:24:50.363 26883 26895 I art     : Starting a blocking GC Explicit
08-06 15:24:50.400 26883 26895 I art     : Explicit concurrent mark sweep GC freed 3(96B) AllocSpace objects, 0(0B) LOS objects, 36% free, 27MB/43MB, paused 1.037ms total 36.907ms
08-06 15:24:50.413 26883 26895 I art     : Starting a blocking GC Explicit
08-06 15:24:50.449 26883 26895 I art     : Explicit concurrent mark sweep GC freed 3(96B) AllocSpace objects, 0(0B) LOS objects, 36% free, 27MB/43MB, paused 1.015ms total 36.495ms
08-06 15:24:50.461 26883 26895 I art     : Starting a blocking GC Explicit
08-06 15:24:50.499 26883 26895 I art     : Explicit concurrent mark sweep GC freed 3(96B) AllocSpace objects, 0(0B) LOS objects, 36% free, 27MB/43MB, paused 1.107ms total 37.202ms
08-06 15:24:50.847 26883 26896 I art     : Starting a blocking GC Explicit
08-06 15:24:50.895 26883 26896 I art     : Explicit concurrent mark sweep GC freed 1399(81KB) AllocSpace objects, 1(20KB) LOS objects, 36% free, 27MB/43MB, paused 1.114ms total 47.445ms
08-06 15:24:50.912 26883 26896 I art     : Starting a blocking GC Explicit
08-06 15:24:50.949 26883 26896 I art     : Explicit concurrent mark sweep GC freed 23(752B) AllocSpace objects, 0(0B) LOS objects, 36% free, 27MB/43MB, paused 1.076ms total 36.465ms
08-06 15:24:50.949 26883 26894 I art     : WaitForGcToComplete blocked for 14.900ms for cause HeapTrim
08-06 15:24:50.961 26883 26896 I art     : Starting a blocking GC Explicit
08-06 15:24:50.998 26883 26896 I art     : Explicit concurrent mark sweep GC freed 3(96B) AllocSpace objects, 0(0B) LOS objects, 36% free, 27MB/43MB, paused 956us total 36.803ms
08-06 15:24:51.011 26883 26896 I art     : Starting a blocking GC Explicit
08-06 15:24:51.047 26883 26896 I art     : Explicit concurrent mark sweep GC freed 3(96B) AllocSpace objects, 0(0B) LOS objects, 36% free, 27MB/43MB, paused 976us total 35.771ms
08-06 15:24:51.059 26883 26896 I art     : Starting a blocking GC Explicit
08-06 15:24:51.096 26883 26896 I art     : Explicit concurrent mark sweep GC freed 3(96B) AllocSpace objects, 0(0B) LOS objects, 36% free, 27MB/43MB, paused 1.015ms total 36.630ms
08-06 15:24:51.420 26883 26912 I art     : Starting a blocking GC Explicit
08-06 15:24:51.467 26883 26912 I art     : Explicit concurrent mark sweep GC freed 1366(80KB) AllocSpace objects, 1(20KB) LOS objects, 36% free, 27MB/43MB, paused 1.068ms total 46.371ms
08-06 15:24:51.482 26883 26912 I art     : Starting a blocking GC Explicit
08-06 15:24:51.518 26883 26912 I art     : Explicit concurrent mark sweep GC freed 23(752B) AllocSpace objects, 0(0B) LOS objects, 36% free, 27MB/43MB, paused 1.119ms total 35.644ms
08-06 15:24:51.526   518   646 I ThermalEngine: ACTION: GPU - Setting GPU[0] to 510000000
08-06 15:24:51.530 26883 26912 I art     : Starting a blocking GC Explicit
08-06 15:24:51.568 26883 26912 I art     : Explicit concurrent mark sweep GC freed 3(96B) AllocSpace objects, 0(0B) LOS objects, 36% free, 27MB/43MB, paused 1.304ms total 37.404ms
08-06 15:24:51.578 26883 26912 I art     : Starting a blocking GC Explicit
08-06 15:24:51.606 26883 26912 I art     : Explicit concurrent mark sweep GC freed 3(96B) AllocSpace objects, 0(0B) LOS objects, 36% free, 27MB/43MB, paused 701us total 27.962ms
08-06 15:24:51.616 26883 26912 I art     : Starting a blocking GC Explicit
08-06 15:24:51.643 26883 26912 I art     : Explicit concurrent mark sweep GC freed 3(96B) AllocSpace objects, 0(0B) LOS objects, 36% free, 27MB/43MB, paused 739us total 26.690ms
08-06 15:24:51.974 26883 26895 I art     : Starting a blocking GC Explicit
08-06 15:24:52.015 26883 26895 I art     : Explicit concurrent mark sweep GC freed 1396(82KB) AllocSpace objects, 1(20KB) LOS objects, 36% free, 27MB/43MB, paused 830us total 40.680ms
08-06 15:24:52.030 26883 26895 I art     : Starting a blocking GC Explicit
08-06 15:24:52.056 26883 26895 I art     : Explicit concurrent mark sweep GC freed 23(752B) AllocSpace objects, 0(0B) LOS objects, 36% free, 27MB/43MB, paused 735us total 26.498ms
08-06 15:24:52.065 26883 26895 I art     : Starting a blocking GC Explicit
08-06 15:24:52.091 26883 26895 I art     : Explicit concurrent mark sweep GC freed 3(96B) AllocSpace objects, 0(0B) LOS objects, 36% free, 27MB/43MB, paused 812us total 24.957ms
08-06 15:24:52.100 26883 26895 I art     : Starting a blocking GC Explicit
08-06 15:24:52.126 26883 26895 I art     : Explicit concurrent mark sweep GC freed 3(96B) AllocSpace objects, 0(0B) LOS objects, 36% free, 27MB/43MB, paused 734us total 25.423ms
08-06 15:24:52.135 26883 26895 I art     : Starting a blocking GC Explicit
08-06 15:24:52.160 26883 26895 I art     : Explicit concurrent mark sweep GC freed 3(96B) AllocSpace objects, 0(0B) LOS objects, 36% free, 27MB/43MB, paused 752us total 25.304ms
08-06 15:24:52.443 27995 27995 D AndroidRuntime: >>>>>> START com.android.internal.os.RuntimeInit uid 2000 <<<<<<
08-06 15:24:52.449 27995 27995 D AndroidRuntime: CheckJNI is OFF
08-06 15:24:52.473 26883 26896 I art     : Starting a blocking GC Explicit
08-06 15:24:52.484 27995 27995 D ICU     : No timezone override file found: /data/misc/zoneinfo/current/icu/icu_tzdata.dat
08-06 15:24:52.501 26883 26896 I art     : Explicit concurrent mark sweep GC freed 1366(80KB) AllocSpace objects, 1(20KB) LOS objects, 36% free, 27MB/43MB, paused 815us total 27.509ms
08-06 15:24:52.510 26883 26896 I art     : Starting a blocking GC Explicit
08-06 15:24:52.518 27995 27995 I Radio-JNI: register_android_hardware_Radio DONE
08-06 15:24:52.537 26883 26896 I art     : Explicit concurrent mark sweep GC freed 23(752B) AllocSpace objects, 0(0B) LOS objects, 36% free, 27MB/43MB, paused 927us total 25.947ms
08-06 15:24:52.540 27995 27995 D AndroidRuntime: Calling main entry com.android.commands.input.Input
08-06 15:24:52.542 27995 27995 I Input   : injectKeyEvent: KeyEvent { action=ACTION_DOWN, keyCode=KEYCODE_BACK, scanCode=0, metaState=0, flags=0x0, repeatCount=0, eventTime=890708955, downTime=890708955, deviceId=-1, source=0x101 }
08-06 15:24:52.545 26883 26896 I art     : Starting a blocking GC Explicit
08-06 15:24:52.548 27995 27995 I Input   : injectKeyEvent: KeyEvent { action=ACTION_UP, keyCode=KEYCODE_BACK, scanCode=0, metaState=0, flags=0x0, repeatCount=0, eventTime=890708955, downTime=890708955, deviceId=-1, source=0x101 }
08-06 15:24:52.553 27995 27995 D AndroidRuntime: Shutting down VM
08-06 15:24:52.557 26883 26883 V PlaybackController: initServiceNotRunning()
08-06 15:24:52.557 26883 26883 D ExternalPlayerFragment: Loading media info
08-06 15:24:52.559 26883 26883 D UserPreferences: Using default data folder
08-06 15:24:52.559 26883 27436 D DBReader: getNavDrawerData() called with: 
08-06 15:24:52.563 26883 27436 D DBReader: getDownloadedItems() called
08-06 15:24:52.563 26883 27436 D DBReader: getFavoriteIDList() called
08-06 15:24:52.564 26883 27436 D DBReader: getQueueIDList() called
08-06 15:24:52.564 26883 27436 D DBReader: Extracting Feedlist
08-06 15:24:52.572 26883 26896 I art     : Explicit concurrent mark sweep GC freed 538(44KB) AllocSpace objects, 0(0B) LOS objects, 36% free, 27MB/43MB, paused 806us total 26.279ms
08-06 15:24:52.581 26883 26896 I art     : Starting a blocking GC Explicit
08-06 15:24:52.588 26883 26883 D MainActivity: getLastNavFragment() -> AddFeedFragment
08-06 15:24:52.590 13866 13866 I GoogleInputMethodServic: GoogleInputMethodService.onFinishInput():3138 
08-06 15:24:52.591 13866 13866 I GoogleInputMethodServic: GoogleInputMethodService.onStartInput():1808 
08-06 15:24:52.605 26883 26896 I art     : Explicit concurrent mark sweep GC freed 497(33KB) AllocSpace objects, 0(0B) LOS objects, 36% free, 27MB/43MB, paused 1.180ms total 23.725ms
08-06 15:24:52.608 26883 27806 D ApOkHttpUrlLoader: buildLoadData() called with: model = [https://content.production.cdn.art19.com/images/89/e0/88/44/89e08844-ac28-4fc0-96fa-15a41fec2014/262c12ed699a8d9720dea0bd66449d998e4a08cf18095bed170ccaa76722045fa5dbf7a366918b2db7e3acf29ad22f6b99fd659a9409cb807bf2781d968932f8.jpeg], width = [140], height = [140]
08-06 15:24:52.614 26883 26896 I art     : Starting a blocking GC Explicit
08-06 15:24:52.640 26883 26896 I art     : Explicit concurrent mark sweep GC freed 350(27KB) AllocSpace objects, 0(0B) LOS objects, 36% free, 27MB/43MB, paused 783us total 25.532ms
08-06 15:24:52.912 26883 26895 I art     : Starting a blocking GC Explicit
08-06 15:24:52.913   380   380 W SurfaceFlinger: couldn't log to binary event log: overflow.
08-06 15:24:52.942 26883 26895 I art     : Explicit concurrent mark sweep GC freed 2434(138KB) AllocSpace objects, 1(20KB) LOS objects, 36% free, 27MB/43MB, paused 795us total 29.760ms
08-06 15:24:52.952 26883 26895 I art     : Starting a blocking GC Explicit
08-06 15:24:52.977 26883 26895 I art     : Explicit concurrent mark sweep GC freed 157(7KB) AllocSpace objects, 0(0B) LOS objects, 36% free, 27MB/43MB, paused 740us total 25.647ms
08-06 15:24:52.986 26883 26895 I art     : Starting a blocking GC Explicit
08-06 15:24:53.011 26883 26895 I art     : Explicit concurrent mark sweep GC freed 2346(145KB) AllocSpace objects, 2(248KB) LOS objects, 36% free, 27MB/43MB, paused 733us total 24.389ms
08-06 15:24:53.020 26883 26895 I art     : Starting a blocking GC Explicit
08-06 15:24:53.046 26883 26895 I art     : Explicit concurrent mark sweep GC freed 3(96B) AllocSpace objects, 0(0B) LOS objects, 36% free, 27MB/43MB, paused 788us total 25.782ms
08-06 15:24:53.055 26883 26895 I art     : Starting a blocking GC Explicit
08-06 15:24:53.059 21665 21665 I ServiceManager: Waiting for service AtCmdFwd...
08-06 15:24:53.081 26883 26895 I art     : Explicit concurrent mark sweep GC freed 3(96B) AllocSpace objects, 0(0B) LOS objects, 36% free, 27MB/43MB, paused 745us total 25.652ms
08-06 15:24:53.365 26883 28019 I art     : Starting a blocking GC Explicit
08-06 15:24:53.403 26883 28019 I art     : Explicit concurrent mark sweep GC freed 1372(82KB) AllocSpace objects, 1(20KB) LOS objects, 36% free, 27MB/43MB, paused 879us total 37.592ms
08-06 15:24:53.415 26883 28019 I art     : Starting a blocking GC Explicit
08-06 15:24:53.441 26883 28019 I art     : Explicit concurrent mark sweep GC freed 23(752B) AllocSpace objects, 0(0B) LOS objects, 36% free, 27MB/43MB, paused 774us total 26.117ms
08-06 15:24:53.451 26883 28019 I art     : Starting a blocking GC Explicit
08-06 15:24:53.477 26883 28019 I art     : Explicit concurrent mark sweep GC freed 3(96B) AllocSpace objects, 0(0B) LOS objects, 36% free, 27MB/43MB, paused 829us total 26.241ms
08-06 15:24:53.486 26883 28019 I art     : Starting a blocking GC Explicit
08-06 15:24:53.513 26883 28019 I art     : Explicit concurrent mark sweep GC freed 3(96B) AllocSpace objects, 0(0B) LOS objects, 36% free, 27MB/43MB, paused 825us total 26.033ms
08-06 15:24:53.522 26883 28019 I art     : Starting a blocking GC Explicit
08-06 15:24:53.549 26883 28019 I art     : Explicit concurrent mark sweep GC freed 3(96B) AllocSpace objects, 0(0B) LOS objects, 36% free, 27MB/43MB, paused 766us total 26.659ms
08-06 15:24:53.855 26883 26912 I art     : Starting a blocking GC Explicit
08-06 15:24:53.881 26883 26912 I art     : Explicit concurrent mark sweep GC freed 1397(81KB) AllocSpace objects, 1(20KB) LOS objects, 36% free, 27MB/43MB, paused 785us total 26.740ms
08-06 15:24:53.891 26883 26912 I art     : Starting a blocking GC Explicit
08-06 15:24:53.916 26883 26912 I art     : Explicit concurrent mark sweep GC freed 23(752B) AllocSpace objects, 0(0B) LOS objects, 36% free, 27MB/43MB, paused 762us total 25.288ms
08-06 15:24:53.925 26883 26912 I art     : Starting a blocking GC Explicit
08-06 15:24:53.950 26883 26912 I art     : Explicit concurrent mark sweep GC freed 3(96B) AllocSpace objects, 0(0B) LOS objects, 36% free, 27MB/43MB, paused 717us total 24.563ms
08-06 15:24:53.959 26883 26912 I art     : Starting a blocking GC Explicit
08-06 15:24:53.984 26883 26912 I art     : Explicit concurrent mark sweep GC freed 3(96B) AllocSpace objects, 0(0B) LOS objects, 36% free, 27MB/43MB, paused 753us total 24.610ms
08-06 15:24:53.993 26883 26912 I art     : Starting a blocking GC Explicit
08-06 15:24:54.018 26883 26912 I art     : Explicit concurrent mark sweep GC freed 3(96B) AllocSpace objects, 0(0B) LOS objects, 36% free, 27MB/43MB, paused 779us total 24.803ms
08-06 15:24:54.059 21665 21665 I ServiceManager: Waiting for service AtCmdFwd...
08-06 15:24:54.211 28050 28050 D AndroidRuntime: >>>>>> START com.android.internal.os.RuntimeInit uid 2000 <<<<<<
08-06 15:24:54.216 28050 28050 D AndroidRuntime: CheckJNI is OFF
08-06 15:24:54.248 28050 28050 D ICU     : No timezone override file found: /data/misc/zoneinfo/current/icu/icu_tzdata.dat
08-06 15:24:54.280 28050 28050 I Radio-JNI: register_android_hardware_Radio DONE
08-06 15:24:54.299 26883 26896 I art     : Starting a blocking GC Explicit
08-06 15:24:54.302 28050 28050 D AndroidRuntime: Calling main entry com.android.commands.input.Input
08-06 15:24:54.304 28050 28050 I Input   : injectMotionEvent: MotionEvent { action=ACTION_DOWN, actionButton=0, id[0]=0, x[0]=639.0, y[0]=762.0, toolType[0]=TOOL_TYPE_UNKNOWN, buttonState=0, metaState=0, flags=0x0, edgeFlags=0x0, pointerCount=1, historySize=0, eventTime=890710716, downTime=890710716, deviceId=0, source=0x1002 }
08-06 15:24:54.308 28050 28050 I Input   : injectMotionEvent: MotionEvent { action=ACTION_UP, actionButton=0, id[0]=0, x[0]=639.0, y[0]=762.0, toolType[0]=TOOL_TYPE_UNKNOWN, buttonState=0, metaState=0, flags=0x0, edgeFlags=0x0, pointerCount=1, historySize=0, eventTime=890710716, downTime=890710716, deviceId=0, source=0x1002 }
08-06 15:24:54.309 28050 28050 D AndroidRuntime: Shutting down VM
08-06 15:24:54.324 26883 26896 I art     : Explicit concurrent mark sweep GC freed 1404(81KB) AllocSpace objects, 1(20KB) LOS objects, 36% free, 27MB/43MB, paused 719us total 25.197ms
08-06 15:24:54.333 26883 26896 I art     : Starting a blocking GC Explicit
08-06 15:24:54.357 26883 26896 I art     : Explicit concurrent mark sweep GC freed 33(1168B) AllocSpace objects, 0(0B) LOS objects, 36% free, 27MB/43MB, paused 763us total 24.025ms
08-06 15:24:54.365 26883 26896 I art     : Starting a blocking GC Explicit
08-06 15:24:54.383   512  2967 D audio_hw_primary: out_set_parameters: enter: usecase(1: low-latency-playback) kvpairs: routing=2
08-06 15:24:54.390 26883 26896 I art     : Explicit concurrent mark sweep GC freed 155(6KB) AllocSpace objects, 0(0B) LOS objects, 36% free, 27MB/43MB, paused 759us total 24.674ms
08-06 15:24:54.396   512  2967 D audio_hw_primary: select_devices: out_snd_device(2: speaker) in_snd_device(0: none)
08-06 15:24:54.396   512  2967 D msm8974_platform: platform_send_audio_calibration: sending audio calibration for snd_device(2) acdb_id(15)
08-06 15:24:54.396   512  2967 I soundtrigger: audio_extn_sound_trigger_update_device_status: device 0x2 of type 0 for Event 1
08-06 15:24:54.399 26883 26896 I art     : Starting a blocking GC Explicit
08-06 15:24:54.403 13866 13866 I GoogleInputMethodServic: GoogleInputMethodService.onFinishInput():3138 
08-06 15:24:54.403 13866 13866 I GoogleInputMethodServic: GoogleInputMethodService.onStartInput():1808 
08-06 15:24:54.407   512  2967 D audio_hw_primary: enable_snd_device: snd_device(2: speaker)
08-06 15:24:54.409   512  2967 D audio_hw_primary: enable_audio_route: apply and update mixer path: low-latency-playback speaker
08-06 15:24:54.426 26883 26896 I art     : Explicit concurrent mark sweep GC freed 68(2832B) AllocSpace objects, 0(0B) LOS objects, 36% free, 27MB/43MB, paused 758us total 26.257ms
08-06 15:24:54.435 26883 26896 I art     : Starting a blocking GC Explicit
08-06 15:24:54.460 26883 26896 I art     : Explicit concurrent mark sweep GC freed 15(544B) AllocSpace objects, 0(0B) LOS objects, 36% free, 27MB/43MB, paused 795us total 24.708ms
08-06 15:24:54.533   518   646 I ThermalEngine: ACTION: GPU - Setting GPU[0] to 450000000
08-06 15:24:54.622 26883 26903 I NAPPA_EXPERIMENTATION: MetricNetworkRequestExecutionTime: REQUEST_DURATION_SYSTEM='240',REQUEST_DURATION_OKHTTP='239',REQUEST_SYNCHRONOUS='TRUE',RESPONSE_CODE='200',RESPONSE_METHOD='GET',RESPONSE_LENGTH_OKHTTP='-1',RESPONSE_LENGTH_HEADER='622',REQUEST_PROTOCOL='h2',REQUEST_URL='https://itunes.apple.com/lookup?id=360084272',
08-06 15:24:54.635   918   928 I ActivityManager: START u0 {cmp=baseline.de.danoeh.antennapod.debug/baseline.de.danoeh.antennapod.activity.OnlineFeedViewActivity (has extras)} from uid 10711 on display 0
08-06 15:24:54.654 13866 13866 I GoogleInputMethodServic: GoogleInputMethodService.onFinishInput():3138 
08-06 15:24:54.655 13866 13866 I GoogleInputMethodServic: GoogleInputMethodService.onStartInput():1808 
08-06 15:24:54.680 26883 26883 D UserPreferences: Using default data folder
08-06 15:24:54.681 26883 26883 D OnlineFeedViewActivity: Activity was started with url http://joeroganexp.joerogan.libsynpro.com/rss
08-06 15:24:54.684 26883 26883 D OnlineFeedViewActivity: Starting feed download
08-06 15:24:54.686 26883 27435 D DBReader: Extracting Feedlist
08-06 15:24:54.688   918  5952 D WifiService: acquireWifiLockLocked: WifiLock{Downloader type=1 binder=android.os.BinderProxy@db2ebc}
08-06 15:24:54.689 26883 27435 D AntennapodHttpClient: Creating new instance of HTTP client
08-06 15:24:54.729 26883 27435 D MYTAG   : interceptor 3a http://joeroganexp.joerogan.libsynpro.com/rss
08-06 15:24:54.729 26883 27435 I NAPPA_EXPERIMENTATION: MetricNetworkRequestExecutionTime: REQUEST_DURATION_SYSTEM='39',REQUEST_DURATION_OKHTTP='34',REQUEST_SYNCHRONOUS='TRUE',RESPONSE_CODE='200',RESPONSE_METHOD='GET',RESPONSE_LENGTH_OKHTTP='-1',RESPONSE_LENGTH_HEADER='307892',REQUEST_PROTOCOL='http/1.1',REQUEST_URL='http://joeroganexp.joerogan.libsynpro.com/rss',
08-06 15:24:54.729 26883 27435 D HttpDownloader: Response code is 200
08-06 15:24:54.729 26883 27435 D UserPreferences: Using default data folder
08-06 15:24:54.733 26883 27435 D HttpDownloader: Getting size of download
08-06 15:24:54.733 26883 27435 D HttpDownloader: Size is -1
08-06 15:24:54.733 26883 27435 D UserPreferences: Using default data folder
08-06 15:24:54.734 26883 27435 D HttpDownloader: Free space is 20254502912
08-06 15:24:54.734 26883 27435 D HttpDownloader: Starting download
08-06 15:24:54.735 26883 26895 I art     : Starting a blocking GC Explicit
08-06 15:24:54.740 13866 13866 I GoogleInputMethodServic: GoogleInputMethodService.onFinishInput():3138 
08-06 15:24:54.741 13866 13866 I GoogleInputMethodServic: GoogleInputMethodService.onStartInput():1808 
08-06 15:24:54.774 26883 26895 I art     : Explicit concurrent mark sweep GC freed 3493(234KB) AllocSpace objects, 1(20KB) LOS objects, 36% free, 27MB/43MB, paused 1.077ms total 38.657ms
08-06 15:24:54.776   918   936 I ActivityManager: Displayed baseline.de.danoeh.antennapod.debug/baseline.de.danoeh.antennapod.activity.OnlineFeedViewActivity: +119ms
08-06 15:24:54.787 26883 26895 I art     : Starting a blocking GC Explicit
08-06 15:24:54.819 26883 26895 I art     : Explicit concurrent mark sweep GC freed 393(17KB) AllocSpace objects, 0(0B) LOS objects, 36% free, 27MB/43MB, paused 1.010ms total 32.271ms
08-06 15:24:54.831 26883 26895 I art     : Starting a blocking GC Explicit
08-06 15:24:54.860 26883 26895 I art     : Explicit concurrent mark sweep GC freed 8(624B) AllocSpace objects, 0(0B) LOS objects, 36% free, 27MB/43MB, paused 1.019ms total 29.133ms
08-06 15:24:54.872 26883 26895 I art     : Starting a blocking GC Explicit
08-06 15:24:54.902 26883 26895 I art     : Explicit concurrent mark sweep GC freed 3(96B) AllocSpace objects, 0(0B) LOS objects, 36% free, 27MB/43MB, paused 1.030ms total 29.954ms
08-06 15:24:54.914 26883 26895 I art     : Starting a blocking GC Explicit
08-06 15:24:54.919 26883 27435 D HttpDownloader: Download was successful
08-06 15:24:54.920   918  3714 D WifiService: releaseWifiLockLocked: WifiLock{Downloader type=1 binder=android.os.BinderProxy@db2ebc}
08-06 15:24:54.920 26883 26883 D OnlineFeedViewActivity: Parsing feed
08-06 15:24:54.924 26883 28084 D TypeGetter: Recognized type RSS 2.0
08-06 15:24:54.927 26883 28084 D SyndHandler: Recognized Atom namespace
08-06 15:24:54.927 26883 28084 D SyndHandler: Recognized ITunes namespace
08-06 15:24:54.928 26883 28084 D SyndHandler: Recognized media namespace
08-06 15:24:54.928 26883 28084 D SyndHandler: Recognized Content namespace
08-06 15:24:54.946 26883 26895 I art     : Explicit concurrent mark sweep GC freed 698(149KB) AllocSpace objects, 3(60KB) LOS objects, 36% free, 27MB/43MB, paused 1.169ms total 31.799ms
08-06 15:24:54.949   512  2967 D audio_hw_primary: disable_audio_route: reset and update mixer path: low-latency-playback speaker
08-06 15:24:54.952   512  2967 D audio_hw_primary: disable_snd_device: snd_device(2: speaker)
08-06 15:24:54.960   512  2967 I soundtrigger: audio_extn_sound_trigger_update_device_status: device 0x2 of type 0 for Event 0
08-06 15:24:55.016   380   380 W SurfaceFlinger: couldn't log to binary event log: overflow.
08-06 15:24:55.059 21665 21665 I ServiceManager: Waiting for service AtCmdFwd...
08-06 15:24:55.136 26883 26883 D PlaybackController: Releasing PlaybackController
08-06 15:24:55.251 26883 26895 I art     : Starting a blocking GC Explicit
08-06 15:24:55.292 26883 26895 I art     : Explicit concurrent mark sweep GC freed 19381(1077KB) AllocSpace objects, 1(20KB) LOS objects, 35% free, 28MB/44MB, paused 1.505ms total 40.628ms
08-06 15:24:55.305 26883 26895 I art     : Starting a blocking GC Explicit
08-06 15:24:55.338 26883 26895 I art     : Explicit concurrent mark sweep GC freed 7531(361KB) AllocSpace objects, 0(0B) LOS objects, 36% free, 28MB/44MB, paused 1.361ms total 32.563ms
08-06 15:24:55.350 26883 26895 I art     : Starting a blocking GC Explicit
08-06 15:24:55.383 26883 26895 I art     : Explicit concurrent mark sweep GC freed 3016(152KB) AllocSpace objects, 0(0B) LOS objects, 36% free, 28MB/44MB, paused 1.309ms total 33.155ms
08-06 15:24:55.395 26883 26895 I art     : Starting a blocking GC Explicit
08-06 15:24:55.428 26883 26895 I art     : Explicit concurrent mark sweep GC freed 2785(140KB) AllocSpace objects, 0(0B) LOS objects, 36% free, 28MB/44MB, paused 1.512ms total 32.816ms
08-06 15:24:55.440 26883 26895 I art     : Starting a blocking GC Explicit
08-06 15:24:55.473 26883 26895 I art     : Explicit concurrent mark sweep GC freed 2666(133KB) AllocSpace objects, 0(0B) LOS objects, 36% free, 28MB/44MB, paused 1.315ms total 33.284ms
08-06 15:24:55.782 26883 26895 I art     : Starting a blocking GC Explicit
08-06 15:24:55.825 26883 26895 I art     : Explicit concurrent mark sweep GC freed 20176(1070KB) AllocSpace objects, 1(20KB) LOS objects, 35% free, 29MB/45MB, paused 1.391ms total 42.425ms
08-06 15:24:55.838 26883 26895 I art     : Starting a blocking GC Explicit
08-06 15:24:55.873 26883 26895 I art     : Explicit concurrent mark sweep GC freed 7751(369KB) AllocSpace objects, 0(0B) LOS objects, 35% free, 28MB/44MB, paused 1.325ms total 34.637ms
08-06 15:24:55.884 26883 26895 I art     : Starting a blocking GC Explicit
08-06 15:24:55.920 26883 26895 I art     : Explicit concurrent mark sweep GC freed 3185(154KB) AllocSpace objects, 0(0B) LOS objects, 35% free, 28MB/44MB, paused 1.489ms total 35.403ms
08-06 15:24:55.932 26883 26895 I art     : Starting a blocking GC Explicit
08-06 15:24:55.968 26883 26895 I art     : Explicit concurrent mark sweep GC freed 2811(144KB) AllocSpace objects, 0(0B) LOS objects, 35% free, 28MB/44MB, paused 1.402ms total 35.772ms
08-06 15:24:55.980 26883 26895 I art     : Starting a blocking GC Explicit
08-06 15:24:56.017 26883 26895 I art     : Explicit concurrent mark sweep GC freed 2918(154KB) AllocSpace objects, 0(0B) LOS objects, 35% free, 28MB/44MB, paused 1.399ms total 36.141ms
08-06 15:24:56.017 26883 26894 I art     : WaitForGcToComplete blocked for 17.702ms for cause HeapTrim
08-06 15:24:56.060 21665 21665 I ServiceManager: Waiting for service AtCmdFwd...
08-06 15:24:56.340 26883 28019 I art     : Starting a blocking GC Explicit
08-06 15:24:56.386 26883 28019 I art     : Explicit concurrent mark sweep GC freed 21007(1135KB) AllocSpace objects, 1(20KB) LOS objects, 35% free, 29MB/45MB, paused 1.556ms total 45.930ms
08-06 15:24:56.400 26883 28019 I art     : Starting a blocking GC Explicit
08-06 15:24:56.440 26883 28019 I art     : Explicit concurrent mark sweep GC freed 6883(338KB) AllocSpace objects, 0(0B) LOS objects, 35% free, 29MB/45MB, paused 1.348ms total 39.148ms
08-06 15:24:56.452 26883 28019 I art     : Starting a blocking GC Explicit
08-06 15:24:56.489 26883 28019 I art     : Explicit concurrent mark sweep GC freed 4709(229KB) AllocSpace objects, 0(0B) LOS objects, 35% free, 29MB/45MB, paused 1.378ms total 37.017ms
08-06 15:24:56.501 26883 28019 I art     : Starting a blocking GC Explicit
08-06 15:24:56.541 26883 28019 I art     : Explicit concurrent mark sweep GC freed 3117(156KB) AllocSpace objects, 0(0B) LOS objects, 35% free, 29MB/45MB, paused 1.368ms total 39.185ms
08-06 15:24:56.553 26883 28019 I art     : Starting a blocking GC Explicit
08-06 15:24:56.591 26883 28019 I art     : Explicit concurrent mark sweep GC freed 3141(160KB) AllocSpace objects, 0(0B) LOS objects, 35% free, 29MB/45MB, paused 1.312ms total 37.530ms
08-06 15:24:56.918 26883 28019 I art     : Starting a blocking GC Explicit
08-06 15:24:56.965 26883 28019 I art     : Explicit concurrent mark sweep GC freed 21300(1203KB) AllocSpace objects, 1(20KB) LOS objects, 34% free, 30MB/46MB, paused 1.431ms total 47.175ms
08-06 15:24:56.979 26883 28019 I art     : Starting a blocking GC Explicit
08-06 15:24:57.020 26883 28019 I art     : Explicit concurrent mark sweep GC freed 6560(324KB) AllocSpace objects, 0(0B) LOS objects, 34% free, 30MB/46MB, paused 1.361ms total 39.957ms
08-06 15:24:57.032 26883 28019 I art     : Starting a blocking GC Explicit
08-06 15:24:57.060 21665 21665 I ServiceManager: Waiting for service AtCmdFwd...
08-06 15:24:57.071 26883 28019 I art     : Explicit concurrent mark sweep GC freed 5586(273KB) AllocSpace objects, 0(0B) LOS objects, 34% free, 30MB/46MB, paused 1.295ms total 38.723ms
08-06 15:24:57.084 26883 28019 I art     : Starting a blocking GC Explicit
08-06 15:24:57.124 26883 28019 I art     : Explicit concurrent mark sweep GC freed 3220(160KB) AllocSpace objects, 0(0B) LOS objects, 34% free, 30MB/46MB, paused 1.455ms total 39.886ms
08-06 15:24:57.137 26883 28019 I art     : Starting a blocking GC Explicit
08-06 15:24:57.178 26883 28019 I art     : Explicit concurrent mark sweep GC freed 3186(154KB) AllocSpace objects, 0(0B) LOS objects, 34% free, 30MB/46MB, paused 1.508ms total 40.610ms
08-06 15:24:57.511 26883 26912 I art     : Starting a blocking GC Explicit
08-06 15:24:57.563 26883 26912 I art     : Explicit concurrent mark sweep GC freed 21751(1233KB) AllocSpace objects, 1(20KB) LOS objects, 34% free, 30MB/46MB, paused 1.525ms total 51.856ms
08-06 15:24:57.578 26883 26912 I art     : Starting a blocking GC Explicit
08-06 15:24:57.620 26883 26912 I art     : Explicit concurrent mark sweep GC freed 7774(343KB) AllocSpace objects, 0(0B) LOS objects, 34% free, 30MB/46MB, paused 2.677ms total 41.521ms
08-06 15:24:57.633 26883 26912 I art     : Starting a blocking GC Explicit
08-06 15:24:57.674 26883 26912 I art     : Explicit concurrent mark sweep GC freed 4796(207KB) AllocSpace objects, 0(0B) LOS objects, 34% free, 30MB/46MB, paused 1.422ms total 40.531ms
08-06 15:24:57.688 26883 26912 I art     : Starting a blocking GC Explicit
08-06 15:24:57.730 26883 26912 I art     : Explicit concurrent mark sweep GC freed 3478(146KB) AllocSpace objects, 0(0B) LOS objects, 34% free, 30MB/46MB, paused 1.646ms total 42.593ms
08-06 15:24:57.744 26883 26912 I art     : Starting a blocking GC Explicit
08-06 15:24:57.786 26883 26912 I art     : Explicit concurrent mark sweep GC freed 3408(143KB) AllocSpace objects, 0(0B) LOS objects, 34% free, 30MB/46MB, paused 1.471ms total 42.114ms
08-06 15:24:58.060 21665 21665 W Atfwd_Sendcmd: AtCmdFwd service not published, waiting... retryCnt : 4
08-06 15:24:58.102 26883 26896 I art     : Starting a blocking GC Explicit
08-06 15:24:58.110 26883 28084 D OnlineFeedViewActivity: Deleted feed source file. Result: true
08-06 15:24:58.120 26883 26883 D OnlineFeedViewActivity: Removing HTML from shownotes
08-06 15:24:58.157 26883 26896 I art     : Explicit concurrent mark sweep GC freed 37019(2MB) AllocSpace objects, 77(5MB) LOS objects, 32% free, 32MB/48MB, paused 1.494ms total 54.851ms
08-06 15:24:58.172 26883 26896 I art     : Starting a blocking GC Explicit
08-06 15:24:58.221 26883 26896 I art     : Explicit concurrent mark sweep GC freed 44420(3MB) AllocSpace objects, 174(11MB) LOS objects, 33% free, 32MB/48MB, paused 1.412ms total 48.444ms
08-06 15:24:58.236 26883 26896 I art     : Starting a blocking GC Explicit
08-06 15:24:58.288 26883 26896 I art     : Explicit concurrent mark sweep GC freed 42739(3MB) AllocSpace objects, 186(12MB) LOS objects, 33% free, 32MB/48MB, paused 1.387ms total 51.794ms
08-06 15:24:58.303 26883 26896 I art     : Starting a blocking GC Explicit
08-06 15:24:58.358 26883 26896 I art     : Explicit concurrent mark sweep GC freed 42976(3MB) AllocSpace objects, 193(12MB) LOS objects, 33% free, 32MB/48MB, paused 1.498ms total 54.153ms
08-06 15:24:58.373 26883 26896 I art     : Starting a blocking GC Explicit
08-06 15:24:58.427 26883 26896 I art     : Explicit concurrent mark sweep GC freed 42882(3MB) AllocSpace objects, 187(12MB) LOS objects, 32% free, 32MB/48MB, paused 1.521ms total 53.954ms
08-06 15:24:58.701 26883 27806 D ApOkHttpUrlLoader: buildLoadData() called with: model = [http://static.libsyn.com/p/assets/7/1/f/3/71f3014e14ef2722/JREiTunesImage2.jpg], width = [350], height = [350]
08-06 15:24:58.701 26883 26883 I Choreographer: Skipped 34 frames!  The application may be doing too much work on its main thread.
08-06 15:24:58.703 26883 27630 D DBReader: getImageAuthentication() called with: imageUrl = [http://static.libsyn.com/p/assets/7/1/f/3/71f3014e14ef2722/JREiTunesImage2.jpg]
08-06 15:24:58.704 26883 27630 D ApOkHttpUrlLoader: no credentials for 'http://static.libsyn.com/p/assets/7/1/f/3/71f3014e14ef2722/JREiTunesImage2.jpg'
08-06 15:24:58.723 26883 26912 I art     : Starting a blocking GC Explicit
08-06 15:24:58.779 26883 26912 I art     : Explicit concurrent mark sweep GC freed 34424(3MB) AllocSpace objects, 234(15MB) LOS objects, 34% free, 31MB/47MB, paused 1.170ms total 55.166ms
08-06 15:24:58.793 26883 26912 I art     : Starting a blocking GC Explicit
08-06 15:24:58.814 26883 27630 D MYTAG   : interceptor 2a
08-06 15:24:58.814 26883 27630 I NAPPA_EXPERIMENTATION: MetricNetworkRequestExecutionTime: REQUEST_DURATION_SYSTEM='109',REQUEST_DURATION_OKHTTP='35',REQUEST_SYNCHRONOUS='TRUE',RESPONSE_CODE='200',RESPONSE_METHOD='GET',RESPONSE_LENGTH_OKHTTP='402832',RESPONSE_LENGTH_HEADER='402832',REQUEST_PROTOCOL='http/1.1',REQUEST_URL='http://static.libsyn.com/p/assets/7/1/f/3/71f3014e14ef2722/JREiTunesImage2.jpg',
08-06 15:24:58.836 26883 26912 I art     : Explicit concurrent mark sweep GC freed 773(46KB) AllocSpace objects, 1(112KB) LOS objects, 34% free, 30MB/46MB, paused 1.137ms total 42.479ms
08-06 15:24:58.850 26883 26912 I art     : Starting a blocking GC Explicit
08-06 15:24:58.891 26883 26912 I art     : Explicit concurrent mark sweep GC freed 41(1792B) AllocSpace objects, 0(0B) LOS objects, 34% free, 30MB/46MB, paused 1.078ms total 41.054ms
08-06 15:24:58.905 26883 26912 I art     : Starting a blocking GC Explicit
08-06 15:24:58.949 26883 26912 I art     : Explicit concurrent mark sweep GC freed 47(2432B) AllocSpace objects, 0(0B) LOS objects, 33% free, 31MB/47MB, paused 1.176ms total 43.769ms
08-06 15:24:58.964 26883 26912 I art     : Starting a blocking GC Explicit
08-06 15:24:59.007 26883 26912 I art     : Explicit concurrent mark sweep GC freed 73(5KB) AllocSpace objects, 0(0B) LOS objects, 33% free, 31MB/47MB, paused 1.116ms total 43.435ms
08-06 15:24:59.083 28146 28146 D AndroidRuntime: >>>>>> START com.android.internal.os.RuntimeInit uid 2000 <<<<<<
08-06 15:24:59.089 28146 28146 D AndroidRuntime: CheckJNI is OFF
08-06 15:24:59.135 28146 28146 D ICU     : No timezone override file found: /data/misc/zoneinfo/current/icu/icu_tzdata.dat
08-06 15:24:59.183 28146 28146 I Radio-JNI: register_android_hardware_Radio DONE
08-06 15:24:59.213 28146 28146 D AndroidRuntime: Calling main entry com.android.commands.input.Input
08-06 15:24:59.215 28146 28146 I Input   : injectMotionEvent: MotionEvent { action=ACTION_DOWN, actionButton=0, id[0]=0, x[0]=693.0, y[0]=821.0, toolType[0]=TOOL_TYPE_UNKNOWN, buttonState=0, metaState=0, flags=0x0, edgeFlags=0x0, pointerCount=1, historySize=0, eventTime=890715628, downTime=890715628, deviceId=0, source=0x1002 }
08-06 15:24:59.222 28146 28146 I Input   : injectMotionEvent: MotionEvent { action=ACTION_UP, actionButton=0, id[0]=0, x[0]=693.0, y[0]=821.0, toolType[0]=TOOL_TYPE_UNKNOWN, buttonState=0, metaState=0, flags=0x0, edgeFlags=0x0, pointerCount=1, historySize=0, eventTime=890715628, downTime=890715628, deviceId=0, source=0x1002 }
08-06 15:24:59.224 28146 28146 D AndroidRuntime: Shutting down VM
08-06 15:24:59.238 26883 26883 D UserPreferences: Using default data folder
08-06 15:24:59.239 26883 26883 D DownloadRequester: partiallyDownloadedFileExists: false
08-06 15:24:59.239 26883 26883 D DownloadRequester: /storage/emulated/0/Android/data/baseline.de.danoeh.antennapod.debug/files/cache/feed-The Joe Rogan Experience is available as a download destination
08-06 15:24:59.240   512  2967 D audio_hw_primary: out_set_parameters: enter: usecase(1: low-latency-playback) kvpairs: routing=2
08-06 15:24:59.241 26883 26883 D DownloadRequester: Requesting download of url http://joeroganexp.joerogan.libsynpro.com/rss
08-06 15:24:59.246 26883 26883 D DownloadService: Service started
08-06 15:24:59.249 26883 26883 D DownloadService: parallel downloads: 4
08-06 15:24:59.250 26883 28179 D downloadCompletionThd: downloadCompletionThread was started
08-06 15:24:59.252 26883 26883 D DownloadService: Notification set up
08-06 15:24:59.253   512  2967 D audio_hw_primary: select_devices: out_snd_device(2: speaker) in_snd_device(0: none)
08-06 15:24:59.253   512  2967 D msm8974_platform: platform_send_audio_calibration: sending audio calibration for snd_device(2) acdb_id(15)
08-06 15:24:59.253   512  2967 I soundtrigger: audio_extn_sound_trigger_update_device_status: device 0x2 of type 0 for Event 1
08-06 15:24:59.259 26883 26883 D DownloadService: Received enqueue request
08-06 15:24:59.260 26883 26883 D OnlineFeedViewActivity: onEventMainThread() called with: event = [DownloadEvent{update=DownloaderUpdate{downloaders=[baseline.de.danoeh.antennapod.core.service.download.HttpDownloader@4e9bf3f], feedIds=[0], mediaIds=[]}}]
08-06 15:24:59.261 26883 26883 D DownloadService: 1 downloads left
08-06 15:24:59.261 26883 26883 D DownloadService: Setting up notification updater
08-06 15:24:59.264   918  3670 D WifiService: acquireWifiLockLocked: WifiLock{Downloader type=1 binder=android.os.BinderProxy@baa9d9f}
08-06 15:24:59.266   512  2967 D audio_hw_primary: enable_snd_device: snd_device(2: speaker)
08-06 15:24:59.267 26883 28181 D AntennapodHttpClient: Creating new instance of HTTP client
08-06 15:24:59.269   512  2967 D audio_hw_primary: enable_audio_route: apply and update mixer path: low-latency-playback speaker
08-06 15:24:59.297 24365 24396 E SQLiteDatabase: Error inserting service_kind=0 source=16 tag=Measurement.PackageMeasurementTaskService.UPLOAD_TASK_TAG requires_charging=0 target_package=com.google.android.gms source_version=202614000 required_network_type=0 flex_time=1809000 persistence_level=1 target_class=com.google.android.gms.measurement.PackageMeasurementTaskService runtime=1596720029992 retry_strategy={"maximum_backoff_seconds":{"3600":0},"initial_backoff_seconds":{"30":0},"retry_policy":{"0":0}} preferred_network_type=1 required_idleness_state=0 preferred_charging_state=1 last_runtime=0 period=3620000 task_type=0 job_id=-1 user_id=0
08-06 15:24:59.297 24365 24396 E SQLiteDatabase: android.database.sqlite.SQLiteConstraintException: UNIQUE constraint failed: pending_ops.tag, pending_ops.target_class, pending_ops.target_package, pending_ops.user_id (code 2067)
08-06 15:24:59.297 24365 24396 E SQLiteDatabase: 	at android.database.sqlite.SQLiteConnection.nativeExecuteForLastInsertedRowId(Native Method)
08-06 15:24:59.297 24365 24396 E SQLiteDatabase: 	at android.database.sqlite.SQLiteConnection.executeForLastInsertedRowId(SQLiteConnection.java:780)
08-06 15:24:59.297 24365 24396 E SQLiteDatabase: 	at android.database.sqlite.SQLiteSession.executeForLastInsertedRowId(SQLiteSession.java:788)
08-06 15:24:59.297 24365 24396 E SQLiteDatabase: 	at android.database.sqlite.SQLiteStatement.executeInsert(SQLiteStatement.java:86)
08-06 15:24:59.297 24365 24396 E SQLiteDatabase: 	at android.database.sqlite.SQLiteDatabase.insertWithOnConflict(SQLiteDatabase.java:1471)
08-06 15:24:59.297 24365 24396 E SQLiteDatabase: 	at android.database.sqlite.SQLiteDatabase.insert(SQLiteDatabase.java:1341)
08-06 15:24:59.297 24365 24396 E SQLiteDatabase: 	at aqmx.a(:com.google.android.gms@202614019@20.26.14 (040400-320008519):175)
08-06 15:24:59.297 24365 24396 E SQLiteDatabase: 	at aqlx.a(:com.google.android.gms@202614019@20.26.14 (040400-320008519):180)
08-06 15:24:59.297 24365 24396 E SQLiteDatabase: 	at aqlx.a(:com.google.android.gms@202614019@20.26.14 (040400-320008519):22)
08-06 15:24:59.297 24365 24396 E SQLiteDatabase: 	at aqlx.c(:com.google.android.gms@202614019@20.26.14 (040400-320008519):9)
08-06 15:24:59.297 24365 24396 E SQLiteDatabase: 	at aqlx.a(:com.google.android.gms@202614019@20.26.14 (040400-320008519):92)
08-06 15:24:59.297 24365 24396 E SQLiteDatabase: 	at aqls.handleMessage(:com.google.android.gms@202614019@20.26.14 (040400-320008519):8)
08-06 15:24:59.297 24365 24396 E SQLiteDatabase: 	at android.os.Handler.dispatchMessage(Handler.java:102)
08-06 15:24:59.297 24365 24396 E SQLiteDatabase: 	at aefh.a(:com.google.android.gms@202614019@20.26.14 (040400-320008519):2)
08-06 15:24:59.297 24365 24396 E SQLiteDatabase: 	at aefh.dispatchMessage(:com.google.android.gms@202614019@20.26.14 (040400-320008519):12)
08-06 15:24:59.297 24365 24396 E SQLiteDatabase: 	at android.os.Looper.loop(Looper.java:148)
08-06 15:24:59.297 24365 24396 E SQLiteDatabase: 	at android.os.HandlerThread.run(HandlerThread.java:61)
08-06 15:24:59.330 26883 28181 D MYTAG   : interceptor 3a http://joeroganexp.joerogan.libsynpro.com/rss
08-06 15:24:59.330 26883 28181 I NAPPA_EXPERIMENTATION: MetricNetworkRequestExecutionTime: REQUEST_DURATION_SYSTEM='62',REQUEST_DURATION_OKHTTP='39',REQUEST_SYNCHRONOUS='TRUE',RESPONSE_CODE='200',RESPONSE_METHOD='GET',RESPONSE_LENGTH_OKHTTP='-1',RESPONSE_LENGTH_HEADER='307892',REQUEST_PROTOCOL='http/1.1',REQUEST_URL='http://joeroganexp.joerogan.libsynpro.com/rss',
08-06 15:24:59.331 26883 28181 D HttpDownloader: Response code is 200
08-06 15:24:59.331 26883 28181 D UserPreferences: Using default data folder
08-06 15:24:59.333 26883 26912 I art     : Starting a blocking GC Explicit
08-06 15:24:59.342 26883 28181 D HttpDownloader: Getting size of download
08-06 15:24:59.343 26883 28181 D HttpDownloader: Size is -1
08-06 15:24:59.343 26883 28181 D UserPreferences: Using default data folder
08-06 15:24:59.343 26883 28181 D HttpDownloader: Free space is 20254044160
08-06 15:24:59.344 26883 28181 D HttpDownloader: Starting download
08-06 15:24:59.344 24365  4184 I NetworkScheduler.Stats: Task com.google.android.gms/com.google.android.gms.icing.service.IcingGcmTaskService started execution. cause:4 exec_start_elapsed_seconds: 1874103 [CONTEXT service_id=218 ]
08-06 15:24:59.361 24365 31017 I NetworkScheduler.Stats: Task com.google.android.gms/com.google.android.gms.icing.service.IcingGcmTaskService finished executing. cause:4 result: 1 elapsed_millis: 42 uptime_millis: 43 exec_start_elapsed_seconds: 1874103 [CONTEXT service_id=218 ]
08-06 15:24:59.372 26883 26912 I art     : Explicit concurrent mark sweep GC freed 2733(167KB) AllocSpace objects, 1(20KB) LOS objects, 33% free, 31MB/47MB, paused 1.273ms total 39.594ms
08-06 15:24:59.386 26883 26912 I art     : Starting a blocking GC Explicit
08-06 15:24:59.426 26883 26912 I art     : Explicit concurrent mark sweep GC freed 51(1952B) AllocSpace objects, 0(0B) LOS objects, 33% free, 31MB/47MB, paused 1.186ms total 39.779ms
08-06 15:24:59.439 26883 26912 I art     : Starting a blocking GC Explicit
08-06 15:24:59.465 26883 28181 D HttpDownloader: Download was successful
08-06 15:24:59.465   918  6029 D WifiService: releaseWifiLockLocked: WifiLock{Downloader type=1 binder=android.os.BinderProxy@baa9d9f}
08-06 15:24:59.466 26883 28179 D downloadCompletionThd: Received 'Download Complete' - message.
08-06 15:24:59.466 26883 28179 D DownloadService: Handling completed Feed Download
08-06 15:24:59.466 26883 26883 D DownloadService: Removing downloader: http://joeroganexp.joerogan.libsynpro.com/rss
08-06 15:24:59.466 26883 26883 D DownloadService: Result of downloads.remove: true
08-06 15:24:59.470 26883 28184 D TypeGetter: Recognized type RSS 2.0
08-06 15:24:59.472 26883 28184 D SyndHandler: Recognized Atom namespace
08-06 15:24:59.473 26883 28184 D SyndHandler: Recognized ITunes namespace
08-06 15:24:59.473 26883 28184 D SyndHandler: Recognized media namespace
08-06 15:24:59.473 26883 28184 D SyndHandler: Recognized Content namespace
08-06 15:24:59.481 26883 26912 I art     : Explicit concurrent mark sweep GC freed 419(132KB) AllocSpace objects, 3(60KB) LOS objects, 33% free, 31MB/47MB, paused 1.400ms total 41.163ms
08-06 15:24:59.494 26883 26912 I art     : Starting a blocking GC Explicit
08-06 15:24:59.538 26883 26912 I art     : Explicit concurrent mark sweep GC freed 2661(175KB) AllocSpace objects, 0(0B) LOS objects, 33% free, 31MB/47MB, paused 1.435ms total 43.022ms
08-06 15:24:59.552 26883 26912 I art     : Starting a blocking GC Explicit
08-06 15:24:59.595 26883 26912 I art     : Explicit concurrent mark sweep GC freed 3282(163KB) AllocSpace objects, 0(0B) LOS objects, 33% free, 31MB/47MB, paused 1.516ms total 43.276ms
08-06 15:24:59.809   512  2967 D audio_hw_primary: disable_audio_route: reset and update mixer path: low-latency-playback speaker
08-06 15:24:59.810   512  2967 D audio_hw_primary: disable_snd_device: snd_device(2: speaker)
08-06 15:24:59.818   512  2967 I soundtrigger: audio_extn_sound_trigger_update_device_status: device 0x2 of type 0 for Event 0
08-06 15:24:59.901 26883 28019 I art     : Starting a blocking GC Explicit
08-06 15:24:59.956 26883 28019 I art     : Explicit concurrent mark sweep GC freed 20223(1088KB) AllocSpace objects, 1(20KB) LOS objects, 33% free, 32MB/48MB, paused 1.644ms total 53.972ms
08-06 15:24:59.971 26883 28019 I art     : Starting a blocking GC Explicit
08-06 15:25:00.017 26883 28019 I art     : Explicit concurrent mark sweep GC freed 8520(406KB) AllocSpace objects, 0(0B) LOS objects, 33% free, 32MB/48MB, paused 1.524ms total 45.610ms
08-06 15:25:00.031 26883 28019 I art     : Starting a blocking GC Explicit
08-06 15:25:00.076 26883 28019 I art     : Explicit concurrent mark sweep GC freed 3675(186KB) AllocSpace objects, 0(0B) LOS objects, 33% free, 32MB/48MB, paused 1.348ms total 44.289ms
08-06 15:25:00.090 26883 28019 I art     : Starting a blocking GC Explicit
08-06 15:25:00.136 26883 28019 I art     : Explicit concurrent mark sweep GC freed 3466(181KB) AllocSpace objects, 0(0B) LOS objects, 33% free, 32MB/48MB, paused 1.510ms total 45.979ms
08-06 15:25:00.150 26883 28019 I art     : Starting a blocking GC Explicit
08-06 15:25:00.199 26883 28019 I art     : Explicit concurrent mark sweep GC freed 3595(183KB) AllocSpace objects, 0(0B) LOS objects, 33% free, 32MB/48MB, paused 1.648ms total 49.008ms
08-06 15:25:00.495 26883 28019 I art     : Starting a blocking GC Explicit
08-06 15:25:00.554 26883 28019 I art     : Explicit concurrent mark sweep GC freed 20035(1056KB) AllocSpace objects, 1(20KB) LOS objects, 32% free, 32MB/48MB, paused 1.660ms total 58.473ms
08-06 15:25:00.571 26883 28019 I art     : Starting a blocking GC Explicit
08-06 15:25:00.618 26883 28019 I art     : Explicit concurrent mark sweep GC freed 8649(418KB) AllocSpace objects, 0(0B) LOS objects, 32% free, 32MB/48MB, paused 1.586ms total 46.394ms
08-06 15:25:00.632 26883 28019 I art     : Starting a blocking GC Explicit
08-06 15:25:00.680 26883 28019 I art     : Explicit concurrent mark sweep GC freed 3737(186KB) AllocSpace objects, 0(0B) LOS objects, 32% free, 32MB/48MB, paused 1.651ms total 47.799ms
08-06 15:25:00.696 26883 28019 I art     : Starting a blocking GC Explicit
08-06 15:25:00.745 26883 28019 I art     : Explicit concurrent mark sweep GC freed 3815(201KB) AllocSpace objects, 0(0B) LOS objects, 32% free, 32MB/48MB, paused 1.495ms total 49.016ms
08-06 15:25:00.760 26883 28019 I art     : Starting a blocking GC Explicit
08-06 15:25:00.761 26883 26883 D OnlineFeedViewActivity: onEventMainThread() called with: event = [DownloadEvent{update=DownloaderUpdate{downloaders=[], feedIds=[], mediaIds=[]}}]
08-06 15:25:00.811 26883 28019 I art     : Explicit concurrent mark sweep GC freed 3833(200KB) AllocSpace objects, 0(0B) LOS objects, 32% free, 32MB/48MB, paused 1.517ms total 51.562ms
08-06 15:25:01.160 26883 26895 I art     : Starting a blocking GC Explicit
08-06 15:25:01.226 26883 26895 I art     : Explicit concurrent mark sweep GC freed 22895(1242KB) AllocSpace objects, 1(20KB) LOS objects, 32% free, 33MB/49MB, paused 1.804ms total 66.050ms
08-06 15:25:01.243 26883 26895 I art     : Starting a blocking GC Explicit
08-06 15:25:01.293 26883 26895 I art     : Explicit concurrent mark sweep GC freed 8372(415KB) AllocSpace objects, 0(0B) LOS objects, 32% free, 33MB/49MB, paused 1.644ms total 49.676ms
08-06 15:25:01.308 26883 26895 I art     : Starting a blocking GC Explicit
08-06 15:25:01.360 26883 26895 I art     : Explicit concurrent mark sweep GC freed 5745(293KB) AllocSpace objects, 0(0B) LOS objects, 32% free, 33MB/49MB, paused 1.800ms total 51.120ms
08-06 15:25:01.376 26883 26895 I art     : Starting a blocking GC Explicit
08-06 15:25:01.432 26883 26895 I art     : Explicit concurrent mark sweep GC freed 4047(214KB) AllocSpace objects, 0(0B) LOS objects, 32% free, 33MB/49MB, paused 1.758ms total 56.206ms
08-06 15:25:01.433 26883 26894 I art     : WaitForGcToComplete blocked for 45.508ms for cause HeapTrim
08-06 15:25:01.449 26883 26895 I art     : Starting a blocking GC Explicit
08-06 15:25:01.507 26883 26895 I art     : Explicit concurrent mark sweep GC freed 4140(219KB) AllocSpace objects, 0(0B) LOS objects, 32% free, 33MB/49MB, paused 1.635ms total 57.420ms
08-06 15:25:01.846 26883 26912 I art     : Starting a blocking GC Explicit
08-06 15:25:01.915 26883 26912 I art     : Explicit concurrent mark sweep GC freed 22289(1217KB) AllocSpace objects, 1(20KB) LOS objects, 31% free, 34MB/50MB, paused 1.763ms total 68.703ms
08-06 15:25:01.932 26883 26912 I art     : Starting a blocking GC Explicit
08-06 15:25:01.986 26883 26912 I art     : Explicit concurrent mark sweep GC freed 10023(479KB) AllocSpace objects, 0(0B) LOS objects, 31% free, 34MB/50MB, paused 1.605ms total 53.366ms
08-06 15:25:02.001 26883 26912 I art     : Starting a blocking GC Explicit
08-06 15:25:02.054 26883 26912 I art     : Explicit concurrent mark sweep GC freed 4096(211KB) AllocSpace objects, 0(0B) LOS objects, 31% free, 34MB/50MB, paused 1.682ms total 52.826ms
08-06 15:25:02.071 26883 26912 I art     : Starting a blocking GC Explicit
08-06 15:25:02.123 26883 26912 I art     : Explicit concurrent mark sweep GC freed 3960(207KB) AllocSpace objects, 0(0B) LOS objects, 31% free, 34MB/50MB, paused 1.543ms total 52.202ms
08-06 15:25:02.140 26883 26912 I art     : Starting a blocking GC Explicit
08-06 15:25:02.197 26883 26912 I art     : Explicit concurrent mark sweep GC freed 4286(286KB) AllocSpace objects, 0(0B) LOS objects, 31% free, 34MB/50MB, paused 1.830ms total 57.206ms
08-06 15:25:02.264 26883 26883 D OnlineFeedViewActivity: onEventMainThread() called with: event = [DownloadEvent{update=DownloaderUpdate{downloaders=[], feedIds=[], mediaIds=[]}}]
08-06 15:25:02.532 26883 28019 I art     : Starting a blocking GC Explicit
08-06 15:25:02.608 26883 28019 I art     : Explicit concurrent mark sweep GC freed 22973(1003KB) AllocSpace objects, 1(20KB) LOS objects, 31% free, 34MB/50MB, paused 1.843ms total 76.028ms
08-06 15:25:02.627 26883 28019 I art     : Starting a blocking GC Explicit
08-06 15:25:02.690 26883 28019 I art     : Explicit concurrent mark sweep GC freed 5796(272KB) AllocSpace objects, 0(0B) LOS objects, 31% free, 34MB/50MB, paused 2.255ms total 63.056ms
08-06 15:25:02.708 26883 28019 I art     : Starting a blocking GC Explicit
08-06 15:25:02.765 26883 28019 I art     : Explicit concurrent mark sweep GC freed 9421(430KB) AllocSpace objects, 0(0B) LOS objects, 31% free, 34MB/50MB, paused 1.726ms total 57.041ms
08-06 15:25:02.776 26883 28184 D FeedSyncThread: The Joe Rogan Experience parsed
08-06 15:25:02.782 26883 28019 I art     : Starting a blocking GC Explicit
08-06 15:25:02.790 26883 28184 D FeedSyncThread: Deletion of file '/storage/emulated/0/Android/data/baseline.de.danoeh.antennapod.debug/files/cache/feed-The Joe Rogan Experience' successful
08-06 15:25:02.790 26883 28184 D DBReader: getFeedDownloadLog() called with: feed = [baseline.de.danoeh.antennapod.core.feed.Feed@0]
08-06 15:25:02.791 26883 28180 D FeedSyncThread: Bundling 1 feeds
08-06 15:25:02.794 26883 28238 D DBReader: Extracting Feedlist
08-06 15:25:02.797 26883 28238 D DBTasks : Found no existing Feed with title The Joe Rogan Experience. Adding as new one.
08-06 15:25:02.804 26883 27923 D PodDBAdapter: Setting feed with flattr status The Joe Rogan Experience: 0
08-06 15:25:02.804 26883 27923 D baseline.de.danoeh.antennapod.core.storage.PodDBAdapter@d992bce: Inserting new Feed into db
08-06 15:25:02.844 26883 28019 I art     : Explicit concurrent mark sweep GC freed 9790(518KB) AllocSpace objects, 0(0B) LOS objects, 31% free, 34MB/50MB, paused 1.613ms total 61.041ms
08-06 15:25:02.861 26883 28019 I art     : Starting a blocking GC Explicit
08-06 15:25:02.922 26883 28019 I art     : Explicit concurrent mark sweep GC freed 18000(1345KB) AllocSpace objects, 0(0B) LOS objects, 31% free, 34MB/50MB, paused 1.475ms total 60.260ms
08-06 15:25:03.231 26883 26895 I art     : Starting a blocking GC Explicit
08-06 15:25:03.300 26883 26895 I art     : Explicit concurrent mark sweep GC freed 98645(7MB) AllocSpace objects, 1(20KB) LOS objects, 31% free, 34MB/50MB, paused 1.380ms total 68.794ms
08-06 15:25:03.317 26883 26895 I art     : Starting a blocking GC Explicit
08-06 15:25:03.341 26883 26883 D EventDistributor: Processing event queue. Number of events: 1
08-06 15:25:03.341 26883 26883 D EventDistributor: Notifying observers. Data: 1
08-06 15:25:03.342 26883 26883 D DownloadService: 0 downloads left
08-06 15:25:03.342 26883 27436 D DBReader: Extracting Feedlist
08-06 15:25:03.342 26883 26883 D DownloadService: Number of downloads is 0, attempting shutdown
08-06 15:25:03.343 26883 26883 D DownloadService: Service shutting down
08-06 15:25:03.343 26883 26883 D DownloadService: No report is created
08-06 15:25:03.343 26883 26883 D OnlineFeedViewActivity: onEventMainThread() called with: event = [DownloadEvent{update=DownloaderUpdate{downloaders=[], feedIds=[], mediaIds=[]}}]
08-06 15:25:03.345 26883 26883 D DownloadService: NotificationUpdater cancelled. Result: false
08-06 15:25:03.345 26883 28179 E downloadCompletionThd: DownloadCompletionThread was interrupted
08-06 15:25:03.346 26883 26883 D DBTasks : autodownloadUndownloadedItems
08-06 15:25:03.347 26883 27924 D NetworkUtils: Device is connected to Wi-Fi
08-06 15:25:03.347 26883 27924 D NetworkUtils: Auto-dl filter is disabled
08-06 15:25:03.372 26883 26895 I art     : Explicit concurrent mark sweep GC freed 292(33KB) AllocSpace objects, 1(20KB) LOS objects, 31% free, 34MB/50MB, paused 1.232ms total 54.640ms
08-06 15:25:03.389 26883 26895 I art     : Starting a blocking GC Explicit
08-06 15:25:03.436 26883 26895 I art     : Explicit concurrent mark sweep GC freed 30513(3MB) AllocSpace objects, 0(0B) LOS objects, 33% free, 31MB/47MB, paused 1.118ms total 46.261ms
08-06 15:25:03.451 26883 26895 I art     : Starting a blocking GC Explicit
08-06 15:25:03.495 26883 26895 I art     : Explicit concurrent mark sweep GC freed 3(96B) AllocSpace objects, 0(0B) LOS objects, 33% free, 31MB/47MB, paused 1.241ms total 44.671ms
08-06 15:25:03.510 26883 26895 I art     : Starting a blocking GC Explicit
08-06 15:25:03.558 26883 26895 I art     : Explicit concurrent mark sweep GC freed 3(96B) AllocSpace objects, 0(0B) LOS objects, 33% free, 31MB/47MB, paused 1.359ms total 47.145ms
08-06 15:25:03.899 26883 28019 I art     : Starting a blocking GC Explicit
08-06 15:25:03.957 26883 28019 I art     : Explicit concurrent mark sweep GC freed 1415(83KB) AllocSpace objects, 1(20KB) LOS objects, 33% free, 31MB/47MB, paused 1.325ms total 57.566ms
08-06 15:25:03.974 26883 28019 I art     : Starting a blocking GC Explicit
08-06 15:25:04.012 28249 28249 D AndroidRuntime: >>>>>> START com.android.internal.os.RuntimeInit uid 2000 <<<<<<
08-06 15:25:04.017 28249 28249 D AndroidRuntime: CheckJNI is OFF
08-06 15:25:04.022 26883 28019 I art     : Explicit concurrent mark sweep GC freed 23(752B) AllocSpace objects, 0(0B) LOS objects, 33% free, 31MB/47MB, paused 1.299ms total 47.093ms
08-06 15:25:04.037 26883 28019 I art     : Starting a blocking GC Explicit
08-06 15:25:04.063 28249 28249 D ICU     : No timezone override file found: /data/misc/zoneinfo/current/icu/icu_tzdata.dat
08-06 15:25:04.084 26883 28019 I art     : Explicit concurrent mark sweep GC freed 3(96B) AllocSpace objects, 0(0B) LOS objects, 33% free, 31MB/47MB, paused 1.216ms total 46.926ms
08-06 15:25:04.099 26883 28019 I art     : Starting a blocking GC Explicit
08-06 15:25:04.111 28249 28249 I Radio-JNI: register_android_hardware_Radio DONE
08-06 15:25:04.140 28249 28249 D AndroidRuntime: Calling main entry com.android.commands.input.Input
08-06 15:25:04.143 28249 28249 I Input   : injectKeyEvent: KeyEvent { action=ACTION_DOWN, keyCode=KEYCODE_BACK, scanCode=0, metaState=0, flags=0x0, repeatCount=0, eventTime=890720555, downTime=890720555, deviceId=-1, source=0x101 }
08-06 15:25:04.146 26883 28019 I art     : Explicit concurrent mark sweep GC freed 3(96B) AllocSpace objects, 0(0B) LOS objects, 33% free, 31MB/47MB, paused 1.281ms total 47.085ms
08-06 15:25:04.149 28249 28249 I Input   : injectKeyEvent: KeyEvent { action=ACTION_UP, keyCode=KEYCODE_BACK, scanCode=0, metaState=0, flags=0x0, repeatCount=0, eventTime=890720555, downTime=890720555, deviceId=-1, source=0x101 }
08-06 15:25:04.156 28249 28249 D AndroidRuntime: Shutting down VM
08-06 15:25:04.160 26883 28019 I art     : Starting a blocking GC Explicit
08-06 15:25:04.163 26883 26883 V PlaybackController: initServiceNotRunning()
08-06 15:25:04.164 26883 26883 D ExternalPlayerFragment: Loading media info
08-06 15:25:04.169 26883 26883 D UserPreferences: Using default data folder
08-06 15:25:04.169 26883 27436 D DBReader: getNavDrawerData() called with: 
08-06 15:25:04.182 26883 27436 D DBReader: getDownloadedItems() called
08-06 15:25:04.184 26883 27436 D DBReader: getFavoriteIDList() called
08-06 15:25:04.184 26883 27436 D DBReader: getQueueIDList() called
08-06 15:25:04.185 26883 27436 D DBReader: Extracting Feedlist
08-06 15:25:04.200 13866 13866 I GoogleInputMethodServic: GoogleInputMethodService.onFinishInput():3138 
08-06 15:25:04.200 26883 26883 D MainActivity: getLastNavFragment() -> AddFeedFragment
08-06 15:25:04.201 13866 13866 I GoogleInputMethodServic: GoogleInputMethodService.onStartInput():1808 
08-06 15:25:04.203 26883 28019 I art     : Explicit concurrent mark sweep GC freed 676(56KB) AllocSpace objects, 0(0B) LOS objects, 33% free, 31MB/47MB, paused 1.640ms total 42.955ms
08-06 15:25:04.207 26883 27806 D ApOkHttpUrlLoader: buildLoadData() called with: model = [http://static.libsyn.com/p/assets/7/1/f/3/71f3014e14ef2722/JREiTunesImage2.jpg], width = [140], height = [140]
08-06 15:25:04.246 26883 27806 D ApOkHttpUrlLoader: buildLoadData() called with: model = [http://static.libsyn.com/p/assets/7/1/f/3/71f3014e14ef2722/JREiTunesImage2.jpg], width = [140], height = [140]
08-06 15:25:04.509   380   380 W SurfaceFlinger: couldn't log to binary event log: overflow.
08-06 15:25:04.522 26883 26896 I art     : Starting a blocking GC Explicit
08-06 15:25:04.569 26883 26896 I art     : Explicit concurrent mark sweep GC freed 3123(170KB) AllocSpace objects, 1(20KB) LOS objects, 33% free, 31MB/47MB, paused 1.180ms total 45.917ms
08-06 15:25:04.583 26883 26896 I art     : Starting a blocking GC Explicit
08-06 15:25:04.620 26883 26896 I art     : Explicit concurrent mark sweep GC freed 33546(3MB) AllocSpace objects, 2(248KB) LOS objects, 36% free, 28MB/44MB, paused 1.151ms total 37.388ms
08-06 15:25:04.632 26883 26896 I art     : Starting a blocking GC Explicit
08-06 15:25:04.666 26883 26896 I art     : Explicit concurrent mark sweep GC freed 3(96B) AllocSpace objects, 0(0B) LOS objects, 36% free, 28MB/44MB, paused 1.158ms total 33.374ms
08-06 15:25:04.677 26883 26896 I art     : Starting a blocking GC Explicit
08-06 15:25:04.710 26883 26896 I art     : Explicit concurrent mark sweep GC freed 3(96B) AllocSpace objects, 0(0B) LOS objects, 36% free, 28MB/44MB, paused 1.155ms total 32.834ms
08-06 15:25:04.722 26883 26896 I art     : Starting a blocking GC Explicit
08-06 15:25:04.757 26883 26896 I art     : Explicit concurrent mark sweep GC freed 32(880B) AllocSpace objects, 0(0B) LOS objects, 36% free, 28MB/44MB, paused 1.164ms total 34.487ms
08-06 15:25:05.077 26883 26912 I art     : Starting a blocking GC Explicit
08-06 15:25:05.122 26883 26912 I art     : Explicit concurrent mark sweep GC freed 1377(82KB) AllocSpace objects, 1(20KB) LOS objects, 36% free, 28MB/44MB, paused 1.236ms total 44.514ms
08-06 15:25:05.137 26883 26912 I art     : Starting a blocking GC Explicit
08-06 15:25:05.170 26883 26912 I art     : Explicit concurrent mark sweep GC freed 23(752B) AllocSpace objects, 0(0B) LOS objects, 36% free, 28MB/44MB, paused 1.164ms total 33.515ms
08-06 15:25:05.182 26883 26912 I art     : Starting a blocking GC Explicit
08-06 15:25:05.217 26883 26912 I art     : Explicit concurrent mark sweep GC freed 3(96B) AllocSpace objects, 0(0B) LOS objects, 36% free, 28MB/44MB, paused 1.161ms total 34.133ms
08-06 15:25:05.228 26883 26912 I art     : Starting a blocking GC Explicit
08-06 15:25:05.263 26883 26912 I art     : Explicit concurrent mark sweep GC freed 3(96B) AllocSpace objects, 0(0B) LOS objects, 36% free, 28MB/44MB, paused 1.123ms total 33.912ms
08-06 15:25:05.275 26883 26912 I art     : Starting a blocking GC Explicit
08-06 15:25:05.310 26883 26912 I art     : Explicit concurrent mark sweep GC freed 3(96B) AllocSpace objects, 0(0B) LOS objects, 36% free, 28MB/44MB, paused 1.184ms total 34.900ms
08-06 15:25:05.605 26883 26895 I art     : Starting a blocking GC Explicit
08-06 15:25:05.642 26883 26895 I art     : Explicit concurrent mark sweep GC freed 1373(80KB) AllocSpace objects, 1(20KB) LOS objects, 36% free, 28MB/44MB, paused 1.150ms total 37.024ms
08-06 15:25:05.654 26883 26895 I art     : Starting a blocking GC Explicit
08-06 15:25:05.687 26883 26895 I art     : Explicit concurrent mark sweep GC freed 23(752B) AllocSpace objects, 0(0B) LOS objects, 36% free, 28MB/44MB, paused 1.167ms total 32.461ms
08-06 15:25:05.698 26883 26895 I art     : Starting a blocking GC Explicit
08-06 15:25:05.733 26883 26895 I art     : Explicit concurrent mark sweep GC freed 32(880B) AllocSpace objects, 0(0B) LOS objects, 36% free, 28MB/44MB, paused 1.220ms total 34.364ms
08-06 15:25:05.745 26883 26895 I art     : Starting a blocking GC Explicit
08-06 15:25:05.781 26883 26895 I art     : Explicit concurrent mark sweep GC freed 3(96B) AllocSpace objects, 0(0B) LOS objects, 36% free, 28MB/44MB, paused 1.243ms total 35.935ms
08-06 15:25:05.793 26883 26895 I art     : Starting a blocking GC Explicit
08-06 15:25:05.836 26883 26895 I art     : Explicit concurrent mark sweep GC freed 8(256B) AllocSpace objects, 0(0B) LOS objects, 36% free, 28MB/44MB, paused 1.351ms total 42.323ms
08-06 15:25:05.946 28293 28293 D AndroidRuntime: >>>>>> START com.android.internal.os.RuntimeInit uid 2000 <<<<<<
08-06 15:25:05.952 28293 28293 D AndroidRuntime: CheckJNI is OFF
08-06 15:25:05.994 28293 28293 D ICU     : No timezone override file found: /data/misc/zoneinfo/current/icu/icu_tzdata.dat
08-06 15:25:06.036 28293 28293 I Radio-JNI: register_android_hardware_Radio DONE
08-06 15:25:06.064 28293 28293 D AndroidRuntime: Calling main entry com.android.commands.input.Input
08-06 15:25:06.066 28293 28293 I Input   : injectMotionEvent: MotionEvent { action=ACTION_DOWN, actionButton=0, id[0]=0, x[0]=639.0, y[0]=762.0, toolType[0]=TOOL_TYPE_UNKNOWN, buttonState=0, metaState=0, flags=0x0, edgeFlags=0x0, pointerCount=1, historySize=0, eventTime=890722479, downTime=890722479, deviceId=0, source=0x1002 }
08-06 15:25:06.074 28293 28293 I Input   : injectMotionEvent: MotionEvent { action=ACTION_UP, actionButton=0, id[0]=0, x[0]=639.0, y[0]=762.0, toolType[0]=TOOL_TYPE_UNKNOWN, buttonState=0, metaState=0, flags=0x0, edgeFlags=0x0, pointerCount=1, historySize=0, eventTime=890722479, downTime=890722479, deviceId=0, source=0x1002 }
08-06 15:25:06.076 28293 28293 D AndroidRuntime: Shutting down VM
08-06 15:25:06.142   512  2967 D audio_hw_primary: out_set_parameters: enter: usecase(1: low-latency-playback) kvpairs: routing=2
08-06 15:25:06.150 13866 13866 I GoogleInputMethodServic: GoogleInputMethodService.onFinishInput():3138 
08-06 15:25:06.151 13866 13866 I GoogleInputMethodServic: GoogleInputMethodService.onStartInput():1808 
08-06 15:25:06.155   512  2967 D audio_hw_primary: select_devices: out_snd_device(2: speaker) in_snd_device(0: none)
08-06 15:25:06.156   512  2967 D msm8974_platform: platform_send_audio_calibration: sending audio calibration for snd_device(2) acdb_id(15)
08-06 15:25:06.156   512  2967 I soundtrigger: audio_extn_sound_trigger_update_device_status: device 0x2 of type 0 for Event 1
08-06 15:25:06.159 26883 26896 I art     : Starting a blocking GC Explicit
08-06 15:25:06.174   512  2967 D audio_hw_primary: enable_snd_device: snd_device(2: speaker)
08-06 15:25:06.176   512  2967 D audio_hw_primary: enable_audio_route: apply and update mixer path: low-latency-playback speaker
08-06 15:25:06.195 26883 26896 I art     : Explicit concurrent mark sweep GC freed 1850(103KB) AllocSpace objects, 1(20KB) LOS objects, 36% free, 28MB/44MB, paused 1.161ms total 35.573ms
08-06 15:25:06.207 26883 26896 I art     : Starting a blocking GC Explicit
08-06 15:25:06.239 26883 26896 I art     : Explicit concurrent mark sweep GC freed 48(1792B) AllocSpace objects, 0(0B) LOS objects, 36% free, 28MB/44MB, paused 1.185ms total 31.872ms
08-06 15:25:06.250 26883 26896 I art     : Starting a blocking GC Explicit
08-06 15:25:06.283 26883 26896 I art     : Explicit concurrent mark sweep GC freed 18(672B) AllocSpace objects, 0(0B) LOS objects, 36% free, 28MB/44MB, paused 1.205ms total 32.442ms
08-06 15:25:06.294 26883 26896 I art     : Starting a blocking GC Explicit
08-06 15:25:06.328 26883 26896 I art     : Explicit concurrent mark sweep GC freed 15(544B) AllocSpace objects, 0(0B) LOS objects, 36% free, 28MB/44MB, paused 1.394ms total 33.475ms
08-06 15:25:06.340 26883 26896 I art     : Starting a blocking GC Explicit
08-06 15:25:06.373 26883 26896 I art     : Explicit concurrent mark sweep GC freed 16(608B) AllocSpace objects, 0(0B) LOS objects, 36% free, 28MB/44MB, paused 1.150ms total 32.596ms
08-06 15:25:06.399 26883 26903 I NAPPA_EXPERIMENTATION: MetricNetworkRequestExecutionTime: REQUEST_DURATION_SYSTEM='258',REQUEST_DURATION_OKHTTP='257',REQUEST_SYNCHRONOUS='TRUE',RESPONSE_CODE='200',RESPONSE_METHOD='GET',RESPONSE_LENGTH_OKHTTP='-1',RESPONSE_LENGTH_HEADER='622',REQUEST_PROTOCOL='h2',REQUEST_URL='https://itunes.apple.com/lookup?id=360084272',
08-06 15:25:06.412   918  4413 I ActivityManager: START u0 {cmp=baseline.de.danoeh.antennapod.debug/baseline.de.danoeh.antennapod.activity.OnlineFeedViewActivity (has extras)} from uid 10711 on display 0
08-06 15:25:06.435 13866 13866 I GoogleInputMethodServic: GoogleInputMethodService.onFinishInput():3138 
08-06 15:25:06.435 13866 13866 I GoogleInputMethodServic: GoogleInputMethodService.onStartInput():1808 
08-06 15:25:06.459 26883 26883 D UserPreferences: Using default data folder
08-06 15:25:06.461 26883 26883 D OnlineFeedViewActivity: Activity was started with url http://joeroganexp.joerogan.libsynpro.com/rss
08-06 15:25:06.463 26883 26883 D OnlineFeedViewActivity: Starting feed download
08-06 15:25:06.466 26883 27435 D DBReader: Extracting Feedlist
08-06 15:25:06.468   918   928 D WifiService: acquireWifiLockLocked: WifiLock{Downloader type=1 binder=android.os.BinderProxy@d5bacfa}
08-06 15:25:06.468 26883 27435 D AntennapodHttpClient: Creating new instance of HTTP client
08-06 15:25:06.511 26883 27435 D MYTAG   : interceptor 3a http://joeroganexp.joerogan.libsynpro.com/rss
08-06 15:25:06.511 26883 27435 I NAPPA_EXPERIMENTATION: MetricNetworkRequestExecutionTime: REQUEST_DURATION_SYSTEM='42',REQUEST_DURATION_OKHTTP='37',REQUEST_SYNCHRONOUS='TRUE',RESPONSE_CODE='200',RESPONSE_METHOD='GET',RESPONSE_LENGTH_OKHTTP='-1',RESPONSE_LENGTH_HEADER='307892',REQUEST_PROTOCOL='http/1.1',REQUEST_URL='http://joeroganexp.joerogan.libsynpro.com/rss',
08-06 15:25:06.512 26883 27435 D HttpDownloader: Response code is 200
08-06 15:25:06.512 26883 27435 D UserPreferences: Using default data folder
08-06 15:25:06.516 26883 27435 D HttpDownloader: Getting size of download
08-06 15:25:06.516 26883 27435 D HttpDownloader: Size is -1
08-06 15:25:06.516 26883 27435 D UserPreferences: Using default data folder
08-06 15:25:06.518 26883 27435 D HttpDownloader: Free space is 20252811264
08-06 15:25:06.518 26883 27435 D HttpDownloader: Starting download
08-06 15:25:06.552 13866 13866 I GoogleInputMethodServic: GoogleInputMethodService.onFinishInput():3138 
08-06 15:25:06.552 13866 13866 I GoogleInputMethodServic: GoogleInputMethodService.onStartInput():1808 
08-06 15:25:06.594   918   936 I ActivityManager: Displayed baseline.de.danoeh.antennapod.debug/baseline.de.danoeh.antennapod.activity.OnlineFeedViewActivity: +158ms
08-06 15:25:06.637 26883 26904 D OpenGLRenderer: endAllStagingAnimators on 0x7f99dcac00 (GridView) with handle 0x7f9a1f5ae0
08-06 15:25:06.664 26883 26895 I art     : Starting a blocking GC Explicit
08-06 15:25:06.695 26883 26895 I art     : Explicit concurrent mark sweep GC freed 3340(227KB) AllocSpace objects, 1(20KB) LOS objects, 35% free, 28MB/44MB, paused 1.129ms total 31.402ms
08-06 15:25:06.707 26883 26895 I art     : Starting a blocking GC Explicit
08-06 15:25:06.711 26883 27435 D HttpDownloader: Download was successful
08-06 15:25:06.712   918  6111 D WifiService: releaseWifiLockLocked: WifiLock{Downloader type=1 binder=android.os.BinderProxy@d5bacfa}
08-06 15:25:06.713 26883 26883 D OnlineFeedViewActivity: Parsing feed
08-06 15:25:06.718 26883 28337 D TypeGetter: Recognized type RSS 2.0
08-06 15:25:06.719 26883 28337 D SyndHandler: Recognized Atom namespace
08-06 15:25:06.720 26883 28337 D SyndHandler: Recognized ITunes namespace
08-06 15:25:06.720 26883 28337 D SyndHandler: Recognized media namespace
08-06 15:25:06.720 26883 28337 D SyndHandler: Recognized Content namespace
08-06 15:25:06.729   512  2967 D audio_hw_primary: disable_audio_route: reset and update mixer path: low-latency-playback speaker
08-06 15:25:06.730   512  2967 D audio_hw_primary: disable_snd_device: snd_device(2: speaker)
08-06 15:25:06.738   512  2967 I soundtrigger: audio_extn_sound_trigger_update_device_status: device 0x2 of type 0 for Event 0
08-06 15:25:06.741 26883 26895 I art     : Explicit concurrent mark sweep GC freed 1401(186KB) AllocSpace objects, 3(60KB) LOS objects, 35% free, 28MB/44MB, paused 1.466ms total 33.600ms
08-06 15:25:06.753 26883 26895 I art     : Starting a blocking GC Explicit
08-06 15:25:06.788 26883 26895 I art     : Explicit concurrent mark sweep GC freed 2539(162KB) AllocSpace objects, 0(0B) LOS objects, 35% free, 28MB/44MB, paused 1.546ms total 34.717ms
08-06 15:25:06.801 26883 26895 I art     : Starting a blocking GC Explicit
08-06 15:25:06.841 26883 26895 I art     : Explicit concurrent mark sweep GC freed 2845(141KB) AllocSpace objects, 0(0B) LOS objects, 35% free, 28MB/44MB, paused 1.492ms total 39.902ms
08-06 15:25:06.845   380   380 W SurfaceFlinger: couldn't log to binary event log: overflow.
08-06 15:25:06.855 26883 26895 I art     : Starting a blocking GC Explicit
08-06 15:25:06.888 26883 26895 I art     : Explicit concurrent mark sweep GC freed 2689(140KB) AllocSpace objects, 0(0B) LOS objects, 35% free, 28MB/44MB, paused 1.475ms total 32.563ms
08-06 15:25:06.968 26883 26883 D PlaybackController: Releasing PlaybackController
08-06 15:25:07.183 26883 26896 I art     : Starting a blocking GC Explicit
08-06 15:25:07.226 26883 26896 I art     : Explicit concurrent mark sweep GC freed 19528(1051KB) AllocSpace objects, 1(20KB) LOS objects, 35% free, 29MB/45MB, paused 1.642ms total 42.651ms
08-06 15:25:07.240 26883 26896 I art     : Starting a blocking GC Explicit
08-06 15:25:07.275 26883 26896 I art     : Explicit concurrent mark sweep GC freed 5037(241KB) AllocSpace objects, 0(0B) LOS objects, 35% free, 29MB/45MB, paused 1.532ms total 35.060ms
08-06 15:25:07.287 26883 26896 I art     : Starting a blocking GC Explicit
08-06 15:25:07.322 26883 26896 I art     : Explicit concurrent mark sweep GC freed 5661(273KB) AllocSpace objects, 0(0B) LOS objects, 35% free, 29MB/45MB, paused 1.477ms total 34.893ms
08-06 15:25:07.334 26883 26896 I art     : Starting a blocking GC Explicit
08-06 15:25:07.368 26883 26896 I art     : Explicit concurrent mark sweep GC freed 2719(142KB) AllocSpace objects, 0(0B) LOS objects, 35% free, 29MB/45MB, paused 1.535ms total 34.499ms
08-06 15:25:07.380 26883 26896 I art     : Starting a blocking GC Explicit
08-06 15:25:07.415 26883 26896 I art     : Explicit concurrent mark sweep GC freed 2699(140KB) AllocSpace objects, 0(0B) LOS objects, 35% free, 29MB/45MB, paused 1.418ms total 35.115ms
08-06 15:25:07.713 26883 28019 I art     : Starting a blocking GC Explicit
08-06 15:25:07.760 26883 28019 I art     : Explicit concurrent mark sweep GC freed 19615(1030KB) AllocSpace objects, 1(20KB) LOS objects, 34% free, 29MB/45MB, paused 1.647ms total 46.487ms
08-06 15:25:07.774 26883 28019 I art     : Starting a blocking GC Explicit
08-06 15:25:07.814 26883 28019 I art     : Explicit concurrent mark sweep GC freed 5394(270KB) AllocSpace objects, 0(0B) LOS objects, 35% free, 29MB/45MB, paused 1.652ms total 40.045ms
08-06 15:25:07.826 26883 28019 I art     : Starting a blocking GC Explicit
08-06 15:25:07.864 26883 28019 I art     : Explicit concurrent mark sweep GC freed 5664(269KB) AllocSpace objects, 0(0B) LOS objects, 35% free, 29MB/45MB, paused 1.479ms total 37.107ms
08-06 15:25:07.876 26883 28019 I art     : Starting a blocking GC Explicit
08-06 15:25:07.913 26883 28019 I art     : Explicit concurrent mark sweep GC freed 2926(148KB) AllocSpace objects, 0(0B) LOS objects, 35% free, 29MB/45MB, paused 1.474ms total 37.682ms
08-06 15:25:07.926 26883 28019 I art     : Starting a blocking GC Explicit
08-06 15:25:07.964 26883 28019 I art     : Explicit concurrent mark sweep GC freed 2924(151KB) AllocSpace objects, 0(0B) LOS objects, 35% free, 29MB/45MB, paused 1.582ms total 38.281ms
08-06 15:25:08.308 26883 26896 I art     : Starting a blocking GC Explicit
08-06 15:25:08.355 26883 26896 I art     : Explicit concurrent mark sweep GC freed 21895(1188KB) AllocSpace objects, 1(20KB) LOS objects, 34% free, 30MB/46MB, paused 1.723ms total 46.243ms
08-06 15:25:08.369 26883 26896 I art     : Starting a blocking GC Explicit
08-06 15:25:08.411 26883 26896 I art     : Explicit concurrent mark sweep GC freed 6707(321KB) AllocSpace objects, 0(0B) LOS objects, 34% free, 30MB/46MB, paused 1.714ms total 42.182ms
08-06 15:25:08.424 26883 26896 I art     : Starting a blocking GC Explicit
08-06 15:25:08.463 26883 26896 I art     : Explicit concurrent mark sweep GC freed 5585(279KB) AllocSpace objects, 0(0B) LOS objects, 34% free, 30MB/46MB, paused 1.543ms total 38.415ms
08-06 15:25:08.475 26883 26896 I art     : Starting a blocking GC Explicit
08-06 15:25:08.515 26883 26896 I art     : Explicit concurrent mark sweep GC freed 3102(165KB) AllocSpace objects, 0(0B) LOS objects, 34% free, 30MB/46MB, paused 1.506ms total 40.049ms
08-06 15:25:08.528 26883 26896 I art     : Starting a blocking GC Explicit
08-06 15:25:08.569 26883 26896 I art     : Explicit concurrent mark sweep GC freed 3149(169KB) AllocSpace objects, 0(0B) LOS objects, 34% free, 30MB/46MB, paused 1.551ms total 40.079ms
08-06 15:25:08.907 26883 26896 I art     : Starting a blocking GC Explicit
08-06 15:25:08.957 26883 26896 I art     : Explicit concurrent mark sweep GC freed 21888(1213KB) AllocSpace objects, 1(20KB) LOS objects, 34% free, 30MB/46MB, paused 1.686ms total 50.127ms
08-06 15:25:08.972 26883 26896 I art     : Starting a blocking GC Explicit
08-06 15:25:09.015 26883 26896 I art     : Explicit concurrent mark sweep GC freed 5901(287KB) AllocSpace objects, 0(0B) LOS objects, 34% free, 30MB/46MB, paused 3.135ms total 42.879ms
08-06 15:25:09.028 26883 26896 I art     : Starting a blocking GC Explicit
08-06 15:25:09.069 26883 26896 I art     : Explicit concurrent mark sweep GC freed 6737(327KB) AllocSpace objects, 0(0B) LOS objects, 34% free, 30MB/46MB, paused 1.620ms total 41.198ms
08-06 15:25:09.083 26883 26896 I art     : Starting a blocking GC Explicit
08-06 15:25:09.125 26883 26896 I art     : Explicit concurrent mark sweep GC freed 3192(165KB) AllocSpace objects, 0(0B) LOS objects, 34% free, 30MB/46MB, paused 1.710ms total 42.311ms
08-06 15:25:09.139 26883 26896 I art     : Starting a blocking GC Explicit
08-06 15:25:09.182 26883 26896 I art     : Explicit concurrent mark sweep GC freed 3191(160KB) AllocSpace objects, 0(0B) LOS objects, 34% free, 30MB/46MB, paused 1.575ms total 42.970ms
08-06 15:25:09.528 26883 26895 I art     : Starting a blocking GC Explicit
08-06 15:25:09.561   518   646 I ThermalEngine: ACTION: GPU - Setting GPU[0] to 390000000
08-06 15:25:09.601 26883 26895 I art     : Explicit concurrent mark sweep GC freed 22405(1157KB) AllocSpace objects, 1(20KB) LOS objects, 33% free, 31MB/47MB, paused 2.442ms total 72.964ms
08-06 15:25:09.621 26883 26895 I art     : Starting a blocking GC Explicit
08-06 15:25:09.675 26883 26895 I art     : Explicit concurrent mark sweep GC freed 8675(382KB) AllocSpace objects, 0(0B) LOS objects, 33% free, 31MB/47MB, paused 2.129ms total 54.047ms
08-06 15:25:09.695 26883 26895 I art     : Starting a blocking GC Explicit
08-06 15:25:09.747 26883 26895 I art     : Explicit concurrent mark sweep GC freed 4238(190KB) AllocSpace objects, 0(0B) LOS objects, 33% free, 31MB/47MB, paused 2.203ms total 51.941ms
08-06 15:25:09.766 26883 26895 I art     : Starting a blocking GC Explicit
08-06 15:25:09.820 26883 26895 I art     : Explicit concurrent mark sweep GC freed 3522(150KB) AllocSpace objects, 0(0B) LOS objects, 33% free, 31MB/47MB, paused 2.574ms total 53.553ms
08-06 15:25:09.839 26883 26895 I art     : Starting a blocking GC Explicit
08-06 15:25:09.893 26883 26895 I art     : Explicit concurrent mark sweep GC freed 3543(155KB) AllocSpace objects, 0(0B) LOS objects, 33% free, 31MB/47MB, paused 2.240ms total 52.696ms
08-06 15:25:10.113 26883 28337 D OnlineFeedViewActivity: Deleted feed source file. Result: true
08-06 15:25:10.116 26883 26883 D OnlineFeedViewActivity: Removing HTML from shownotes
08-06 15:25:10.222 26883 26896 I art     : Starting a blocking GC Explicit
08-06 15:25:10.293 26883 26896 I art     : Explicit concurrent mark sweep GC freed 54307(4MB) AllocSpace objects, 225(14MB) LOS objects, 32% free, 33MB/49MB, paused 2.241ms total 70.663ms
08-06 15:25:10.315 26883 26896 I art     : Starting a blocking GC Explicit
08-06 15:25:10.379 26883 26896 I art     : Explicit concurrent mark sweep GC freed 52679(4MB) AllocSpace objects, 233(15MB) LOS objects, 32% free, 33MB/49MB, paused 2.164ms total 64.457ms
08-06 15:25:10.402 26883 26896 I art     : Starting a blocking GC Explicit
08-06 15:25:10.468 26883 26896 I art     : Explicit concurrent mark sweep GC freed 55086(4MB) AllocSpace objects, 247(16MB) LOS objects, 32% free, 33MB/49MB, paused 2.391ms total 66.317ms
08-06 15:25:10.491 26883 26896 I art     : Starting a blocking GC Explicit
08-06 15:25:10.557 26883 26896 I art     : Explicit concurrent mark sweep GC freed 54042(4MB) AllocSpace objects, 241(16MB) LOS objects, 32% free, 33MB/49MB, paused 2.328ms total 65.857ms
08-06 15:25:10.579 26883 26896 I art     : Starting a blocking GC Explicit
08-06 15:25:10.647 26883 26896 I art     : Explicit concurrent mark sweep GC freed 55086(4MB) AllocSpace objects, 271(17MB) LOS objects, 31% free, 35MB/51MB, paused 2.306ms total 67.523ms
08-06 15:25:10.717 26883 26883 I Choreographer: Skipped 35 frames!  The application may be doing too much work on its main thread.
08-06 15:25:10.976 28398 28398 D AndroidRuntime: >>>>>> START com.android.internal.os.RuntimeInit uid 2000 <<<<<<
08-06 15:25:10.982 28398 28398 D AndroidRuntime: CheckJNI is OFF
08-06 15:25:10.982 26883 28019 I art     : Starting a blocking GC Explicit
08-06 15:25:11.035 28398 28398 D ICU     : No timezone override file found: /data/misc/zoneinfo/current/icu/icu_tzdata.dat
08-06 15:25:11.043 26883 28019 I art     : Explicit concurrent mark sweep GC freed 1756(139KB) AllocSpace objects, 1(20KB) LOS objects, 33% free, 31MB/47MB, paused 1.889ms total 60.088ms
08-06 15:25:11.066 26883 28019 I art     : Starting a blocking GC Explicit
08-06 15:25:11.082 28398 28398 I Radio-JNI: register_android_hardware_Radio DONE
08-06 15:25:11.114 28398 28398 D AndroidRuntime: Calling main entry com.android.commands.input.Input
08-06 15:25:11.116 28398 28398 I Input   : injectKeyEvent: KeyEvent { action=ACTION_DOWN, keyCode=KEYCODE_BACK, scanCode=0, metaState=0, flags=0x0, repeatCount=0, eventTime=890727529, downTime=890727529, deviceId=-1, source=0x101 }
08-06 15:25:11.123 26883 28019 I art     : Explicit concurrent mark sweep GC freed 556(27KB) AllocSpace objects, 1(112KB) LOS objects, 33% free, 31MB/47MB, paused 1.925ms total 56.288ms
08-06 15:25:11.123 28398 28398 I Input   : injectKeyEvent: KeyEvent { action=ACTION_UP, keyCode=KEYCODE_BACK, scanCode=0, metaState=0, flags=0x0, repeatCount=0, eventTime=890727529, downTime=890727529, deviceId=-1, source=0x101 }
08-06 15:25:11.131 28398 28398 D AndroidRuntime: Shutting down VM
08-06 15:25:11.139 26883 26883 V PlaybackController: initServiceNotRunning()
08-06 15:25:11.139 26883 26883 D ExternalPlayerFragment: Loading media info
08-06 15:25:11.144 26883 28019 I art     : Starting a blocking GC Explicit
08-06 15:25:11.151 26883 26883 D UserPreferences: Using default data folder
08-06 15:25:11.151 26883 27435 D DBReader: getNavDrawerData() called with: 
08-06 15:25:11.166 26883 27435 D DBReader: getDownloadedItems() called
08-06 15:25:11.168 26883 27435 D DBReader: getFavoriteIDList() called
08-06 15:25:11.169 26883 27435 D DBReader: getQueueIDList() called
08-06 15:25:11.170 26883 27435 D DBReader: Extracting Feedlist
08-06 15:25:11.179 13866 13866 I GoogleInputMethodServic: GoogleInputMethodService.onFinishInput():3138 
08-06 15:25:11.180 13866 13866 I GoogleInputMethodServic: GoogleInputMethodService.onStartInput():1808 
08-06 15:25:11.197 26883 26883 D MainActivity: getLastNavFragment() -> AddFeedFragment
08-06 15:25:11.198 26883 28019 I art     : Explicit concurrent mark sweep GC freed 639(49KB) AllocSpace objects, 0(0B) LOS objects, 33% free, 31MB/47MB, paused 2.088ms total 53.663ms
08-06 15:25:11.218 26883 28019 I art     : Starting a blocking GC Explicit
08-06 15:25:11.273 26883 28019 I art     : Explicit concurrent mark sweep GC freed 762(36KB) AllocSpace objects, 0(0B) LOS objects, 33% free, 31MB/47MB, paused 2.321ms total 54.734ms
08-06 15:25:11.294 26883 28019 I art     : Starting a blocking GC Explicit
08-06 15:25:11.354 26883 28019 I art     : Explicit concurrent mark sweep GC freed 146(9KB) AllocSpace objects, 0(0B) LOS objects, 33% free, 31MB/47MB, paused 2.089ms total 59.648ms
08-06 15:25:11.466   380   380 W SurfaceFlinger: couldn't log to binary event log: overflow.
08-06 15:25:11.562   518   646 I ThermalEngine: ACTION: GPU - Setting GPU[0] to 450000000
08-06 15:25:11.675 26883 28019 I art     : Starting a blocking GC Explicit
08-06 15:25:11.733 26883 28019 I art     : Explicit concurrent mark sweep GC freed 1997(106KB) AllocSpace objects, 1(20KB) LOS objects, 33% free, 31MB/47MB, paused 1.332ms total 57.778ms
08-06 15:25:11.734 26883 26894 I art     : WaitForGcToComplete blocked for 37.643ms for cause HeapTrim
08-06 15:25:11.753 26883 28019 I art     : Starting a blocking GC Explicit
08-06 15:25:11.805 26883 28019 I art     : Explicit concurrent mark sweep GC freed 38(1472B) AllocSpace objects, 0(0B) LOS objects, 33% free, 31MB/47MB, paused 1.254ms total 51.196ms
08-06 15:25:11.820 26883 28019 I art     : Starting a blocking GC Explicit
08-06 15:25:11.869 26883 28019 I art     : Explicit concurrent mark sweep GC freed 3(96B) AllocSpace objects, 0(0B) LOS objects, 33% free, 31MB/47MB, paused 1.260ms total 48.849ms
08-06 15:25:11.891 26883 28019 I art     : Starting a blocking GC Explicit
08-06 15:25:11.937 26883 28019 I art     : Explicit concurrent mark sweep GC freed 3(96B) AllocSpace objects, 0(0B) LOS objects, 33% free, 31MB/47MB, paused 1.204ms total 45.060ms
08-06 15:25:11.952 26883 28019 I art     : Starting a blocking GC Explicit
08-06 15:25:12.000 26883 28019 I art     : Explicit concurrent mark sweep GC freed 3(96B) AllocSpace objects, 0(0B) LOS objects, 33% free, 31MB/47MB, paused 1.194ms total 47.930ms
08-06 15:25:12.315 26883 26895 I art     : Starting a blocking GC Explicit
08-06 15:25:12.377 26883 26895 I art     : Explicit concurrent mark sweep GC freed 1477(88KB) AllocSpace objects, 1(20KB) LOS objects, 33% free, 31MB/47MB, paused 1.323ms total 60.386ms
08-06 15:25:12.393 26883 26895 I art     : Starting a blocking GC Explicit
08-06 15:25:12.432 26883 26895 I art     : Explicit concurrent mark sweep GC freed 33168(3MB) AllocSpace objects, 1(28KB) LOS objects, 36% free, 28MB/44MB, paused 1.333ms total 38.536ms
08-06 15:25:12.444 26883 26895 I art     : Starting a blocking GC Explicit
08-06 15:25:12.476 26883 26895 I art     : Explicit concurrent mark sweep GC freed 3(96B) AllocSpace objects, 0(0B) LOS objects, 36% free, 28MB/44MB, paused 1.152ms total 32.493ms
08-06 15:25:12.488 26883 26895 I art     : Starting a blocking GC Explicit
08-06 15:25:12.521 26883 26895 I art     : Explicit concurrent mark sweep GC freed 3(96B) AllocSpace objects, 0(0B) LOS objects, 36% free, 28MB/44MB, paused 1.223ms total 32.745ms
08-06 15:25:12.533 26883 26895 I art     : Starting a blocking GC Explicit
08-06 15:25:12.566 26883 26895 I art     : Explicit concurrent mark sweep GC freed 3(96B) AllocSpace objects, 0(0B) LOS objects, 36% free, 28MB/44MB, paused 1.178ms total 33.028ms
08-06 15:25:12.872 26883 28019 I art     : Starting a blocking GC Explicit
08-06 15:25:12.910 26883 28019 I art     : Explicit concurrent mark sweep GC freed 1418(81KB) AllocSpace objects, 1(20KB) LOS objects, 36% free, 28MB/44MB, paused 1.767ms total 37.868ms
08-06 15:25:12.916 28441 28441 D AndroidRuntime: >>>>>> START com.android.internal.os.RuntimeInit uid 2000 <<<<<<
08-06 15:25:12.922 26883 28019 I art     : Starting a blocking GC Explicit
08-06 15:25:12.922 28441 28441 D AndroidRuntime: CheckJNI is OFF
08-06 15:25:12.955 26883 28019 I art     : Explicit concurrent mark sweep GC freed 29(944B) AllocSpace objects, 0(0B) LOS objects, 36% free, 28MB/44MB, paused 1.238ms total 32.489ms
08-06 15:25:12.967 26883 28019 I art     : Starting a blocking GC Explicit
08-06 15:25:12.968 28441 28441 D ICU     : No timezone override file found: /data/misc/zoneinfo/current/icu/icu_tzdata.dat
08-06 15:25:13.003 26883 28019 I art     : Explicit concurrent mark sweep GC freed 8(256B) AllocSpace objects, 0(0B) LOS objects, 36% free, 28MB/44MB, paused 1.427ms total 35.975ms
08-06 15:25:13.013 28441 28441 I Radio-JNI: register_android_hardware_Radio DONE
08-06 15:25:13.016 26883 28019 I art     : Starting a blocking GC Explicit
08-06 15:25:13.043 28441 28441 D AndroidRuntime: Calling main entry com.android.commands.input.Input
08-06 15:25:13.044 28441 28441 I Input   : injectMotionEvent: MotionEvent { action=ACTION_DOWN, actionButton=0, id[0]=0, x[0]=616.0, y[0]=469.0, toolType[0]=TOOL_TYPE_UNKNOWN, buttonState=0, metaState=0, flags=0x0, edgeFlags=0x0, pointerCount=1, historySize=0, eventTime=890729457, downTime=890729457, deviceId=0, source=0x1002 }
08-06 15:25:13.048 26883 28019 I art     : Explicit concurrent mark sweep GC freed 5(160B) AllocSpace objects, 0(0B) LOS objects, 36% free, 28MB/44MB, paused 1.263ms total 32.038ms
08-06 15:25:13.049 28441 28441 I Input   : injectMotionEvent: MotionEvent { action=ACTION_UP, actionButton=0, id[0]=0, x[0]=616.0, y[0]=469.0, toolType[0]=TOOL_TYPE_UNKNOWN, buttonState=0, metaState=0, flags=0x0, edgeFlags=0x0, pointerCount=1, historySize=0, eventTime=890729457, downTime=890729457, deviceId=0, source=0x1002 }
08-06 15:25:13.055 28441 28441 D AndroidRuntime: Shutting down VM
08-06 15:25:13.059 26883 28019 I art     : Starting a blocking GC Explicit
08-06 15:25:13.091 26883 28019 I art     : Explicit concurrent mark sweep GC freed 42(1744B) AllocSpace objects, 0(0B) LOS objects, 36% free, 28MB/44MB, paused 1.142ms total 31.690ms
08-06 15:25:13.121   512  2967 D audio_hw_primary: out_set_parameters: enter: usecase(1: low-latency-playback) kvpairs: routing=2
08-06 15:25:13.133   512  2967 D audio_hw_primary: select_devices: out_snd_device(2: speaker) in_snd_device(0: none)
08-06 15:25:13.134   512  2967 D msm8974_platform: platform_send_audio_calibration: sending audio calibration for snd_device(2) acdb_id(15)
08-06 15:25:13.134   512  2967 I soundtrigger: audio_extn_sound_trigger_update_device_status: device 0x2 of type 0 for Event 1
08-06 15:25:13.140 13866 13866 I GoogleInputMethodServic: GoogleInputMethodService.onFinishInput():3138 
08-06 15:25:13.140 13866 13866 I GoogleInputMethodServic: GoogleInputMethodService.onStartInput():1808 
08-06 15:25:13.144   512  2967 D audio_hw_primary: enable_snd_device: snd_device(2: speaker)
08-06 15:25:13.146   512  2967 D audio_hw_primary: enable_audio_route: apply and update mixer path: low-latency-playback speaker
08-06 15:25:13.359 26883 27436 I NAPPA_EXPERIMENTATION: MetricNetworkRequestExecutionTime: REQUEST_DURATION_SYSTEM='240',REQUEST_DURATION_OKHTTP='239',REQUEST_SYNCHRONOUS='TRUE',RESPONSE_CODE='200',RESPONSE_METHOD='GET',RESPONSE_LENGTH_OKHTTP='-1',RESPONSE_LENGTH_HEADER='628',REQUEST_PROTOCOL='h2',REQUEST_URL='https://itunes.apple.com/lookup?id=1524080195',
08-06 15:25:13.379 26883 26896 I art     : Starting a blocking GC Explicit
08-06 15:25:13.387   918  5132 I ActivityManager: START u0 {cmp=baseline.de.danoeh.antennapod.debug/baseline.de.danoeh.antennapod.activity.OnlineFeedViewActivity (has extras)} from uid 10711 on display 0
08-06 15:25:13.408 13866 13866 I GoogleInputMethodServic: GoogleInputMethodService.onFinishInput():3138 
08-06 15:25:13.409 13866 13866 I GoogleInputMethodServic: GoogleInputMethodService.onStartInput():1808 
08-06 15:25:13.413 26883 26896 I art     : Explicit concurrent mark sweep GC freed 2338(141KB) AllocSpace objects, 1(20KB) LOS objects, 36% free, 28MB/44MB, paused 1.446ms total 32.855ms
08-06 15:25:13.425 26883 26896 I art     : Starting a blocking GC Explicit
08-06 15:25:13.435 26883 26883 D UserPreferences: Using default data folder
08-06 15:25:13.436 26883 26883 D OnlineFeedViewActivity: Activity was started with url https://rss.art19.com/nice-white-parents
08-06 15:25:13.438 26883 26883 D OnlineFeedViewActivity: Starting feed download
08-06 15:25:13.441 26883 26903 D DBReader: Extracting Feedlist
08-06 15:25:13.443   918  5132 D WifiService: acquireWifiLockLocked: WifiLock{Downloader type=1 binder=android.os.BinderProxy@2c95413}
08-06 15:25:13.444 26883 26903 D AntennapodHttpClient: Creating new instance of HTTP client
08-06 15:25:13.458 26883 26896 I art     : Explicit concurrent mark sweep GC freed 950(71KB) AllocSpace objects, 0(0B) LOS objects, 36% free, 28MB/44MB, paused 1.351ms total 32.739ms
08-06 15:25:13.469 26883 26896 I art     : Starting a blocking GC Explicit
08-06 15:25:13.495 13866 13866 I GoogleInputMethodServic: GoogleInputMethodService.onFinishInput():3138 
08-06 15:25:13.496 13866 13866 I GoogleInputMethodServic: GoogleInputMethodService.onStartInput():1808 
08-06 15:25:13.501 26883 26896 I art     : Explicit concurrent mark sweep GC freed 432(20KB) AllocSpace objects, 0(0B) LOS objects, 36% free, 28MB/44MB, paused 1.274ms total 31.122ms
08-06 15:25:13.513 26883 26896 I art     : Starting a blocking GC Explicit
08-06 15:25:13.527   918   936 I ActivityManager: Displayed baseline.de.danoeh.antennapod.debug/baseline.de.danoeh.antennapod.activity.OnlineFeedViewActivity: +118ms
08-06 15:25:13.549 26883 26896 I art     : Explicit concurrent mark sweep GC freed 108(4KB) AllocSpace objects, 0(0B) LOS objects, 36% free, 28MB/44MB, paused 1.493ms total 35.957ms
08-06 15:25:13.561 26883 26896 I art     : Starting a blocking GC Explicit
08-06 15:25:13.595 26883 26896 I art     : Explicit concurrent mark sweep GC freed 4706(222KB) AllocSpace objects, 2(120KB) LOS objects, 35% free, 28MB/44MB, paused 1.315ms total 33.812ms
08-06 15:25:13.690   512  2967 D audio_hw_primary: disable_audio_route: reset and update mixer path: low-latency-playback speaker
08-06 15:25:13.692   512  2967 D audio_hw_primary: disable_snd_device: snd_device(2: speaker)
08-06 15:25:13.703   512  2967 I soundtrigger: audio_extn_sound_trigger_update_device_status: device 0x2 of type 0 for Event 0
08-06 15:25:13.731 26883 26903 D MYTAG   : interceptor 3a https://rss.art19.com/nice-white-parents
08-06 15:25:13.732 26883 26903 I NAPPA_EXPERIMENTATION: MetricNetworkRequestExecutionTime: REQUEST_DURATION_SYSTEM='287',REQUEST_DURATION_OKHTTP='145',REQUEST_SYNCHRONOUS='TRUE',RESPONSE_CODE='200',RESPONSE_METHOD='GET',RESPONSE_LENGTH_OKHTTP='-1',RESPONSE_LENGTH_HEADER='1803',REQUEST_PROTOCOL='h2',REQUEST_URL='https://rss.art19.com/nice-white-parents',
08-06 15:25:13.732 26883 26903 D HttpDownloader: Response code is 200
08-06 15:25:13.732 26883 26903 D UserPreferences: Using default data folder
08-06 15:25:13.738 26883 26903 D HttpDownloader: Getting size of download
08-06 15:25:13.738 26883 26903 D HttpDownloader: Size is -1
08-06 15:25:13.739 26883 26903 D UserPreferences: Using default data folder
08-06 15:25:13.739 26883 26903 D HttpDownloader: Free space is 20252811264
08-06 15:25:13.739 26883 26903 D HttpDownloader: Starting download
08-06 15:25:13.741 26883 26903 D HttpDownloader: Download was successful
08-06 15:25:13.742   918  5132 D WifiService: releaseWifiLockLocked: WifiLock{Downloader type=1 binder=android.os.BinderProxy@2c95413}
08-06 15:25:13.744 26883 26883 D OnlineFeedViewActivity: Parsing feed
08-06 15:25:13.750 26883 28480 D TypeGetter: Recognized type RSS 2.0
08-06 15:25:13.753 26883 28480 D SyndHandler: Recognized ITunes namespace
08-06 15:25:13.754 26883 28480 D SyndHandler: Recognized Atom namespace
08-06 15:25:13.754 26883 28480 D SyndHandler: Recognized Content namespace
08-06 15:25:13.761 26883 28480 D OnlineFeedViewActivity: Deleted feed source file. Result: true
08-06 15:25:13.761 26883 26883 D OnlineFeedViewActivity: Removing HTML from shownotes
08-06 15:25:13.774   380   380 W SurfaceFlinger: couldn't log to binary event log: overflow.
08-06 15:25:13.891 26883 26883 D PlaybackController: Releasing PlaybackController
08-06 15:25:13.917 26883 26912 I art     : Starting a blocking GC Explicit
08-06 15:25:13.954 26883 26912 I art     : Explicit concurrent mark sweep GC freed 4717(497KB) AllocSpace objects, 6(228KB) LOS objects, 35% free, 28MB/44MB, paused 1.182ms total 36.677ms
08-06 15:25:13.967 26883 26912 I art     : Starting a blocking GC Explicit
08-06 15:25:14.003 26883 26912 I art     : Explicit concurrent mark sweep GC freed 661(32KB) AllocSpace objects, 1(112KB) LOS objects, 35% free, 28MB/44MB, paused 1.274ms total 36.039ms
08-06 15:25:14.015 26883 26912 I art     : Starting a blocking GC Explicit
08-06 15:25:14.052 26883 26912 I art     : Explicit concurrent mark sweep GC freed 3(96B) AllocSpace objects, 0(0B) LOS objects, 35% free, 28MB/44MB, paused 1.232ms total 36.554ms
08-06 15:25:14.064 26883 26912 I art     : Starting a blocking GC Explicit
08-06 15:25:14.101 26883 26912 I art     : Explicit concurrent mark sweep GC freed 3(96B) AllocSpace objects, 0(0B) LOS objects, 35% free, 28MB/44MB, paused 1.259ms total 35.986ms
08-06 15:25:14.113 26883 26912 I art     : Starting a blocking GC Explicit
08-06 15:25:14.150 26883 26912 I art     : Explicit concurrent mark sweep GC freed 3(96B) AllocSpace objects, 0(0B) LOS objects, 35% free, 28MB/44MB, paused 1.273ms total 36.773ms
08-06 15:25:14.477 26883 26895 I art     : Starting a blocking GC Explicit
08-06 15:25:14.521 26883 26895 I art     : Explicit concurrent mark sweep GC freed 1374(82KB) AllocSpace objects, 1(20KB) LOS objects, 35% free, 28MB/44MB, paused 1.362ms total 43.514ms
08-06 15:25:14.535 26883 26895 I art     : Starting a blocking GC Explicit
08-06 15:25:14.572 26883 26895 I art     : Explicit concurrent mark sweep GC freed 23(752B) AllocSpace objects, 0(0B) LOS objects, 35% free, 28MB/44MB, paused 1.274ms total 36.730ms
08-06 15:25:14.584 26883 26895 I art     : Starting a blocking GC Explicit
08-06 15:25:14.621 26883 26895 I art     : Explicit concurrent mark sweep GC freed 3(96B) AllocSpace objects, 0(0B) LOS objects, 35% free, 28MB/44MB, paused 1.272ms total 36.714ms
08-06 15:25:14.634 26883 26895 I art     : Starting a blocking GC Explicit
08-06 15:25:14.670 26883 26895 I art     : Explicit concurrent mark sweep GC freed 3(96B) AllocSpace objects, 0(0B) LOS objects, 35% free, 28MB/44MB, paused 1.326ms total 36.236ms
08-06 15:25:14.683 26883 26895 I art     : Starting a blocking GC Explicit
08-06 15:25:14.723 26883 26895 I art     : Explicit concurrent mark sweep GC freed 3(96B) AllocSpace objects, 0(0B) LOS objects, 35% free, 28MB/44MB, paused 1.293ms total 39.846ms
08-06 15:25:15.065 26883 26896 I art     : Starting a blocking GC Explicit
08-06 15:25:15.115 26883 26896 I art     : Explicit concurrent mark sweep GC freed 1406(81KB) AllocSpace objects, 1(20KB) LOS objects, 35% free, 28MB/44MB, paused 1.475ms total 49.990ms
08-06 15:25:15.135 26883 26896 I art     : Starting a blocking GC Explicit
08-06 15:25:15.178 26883 26896 I art     : Explicit concurrent mark sweep GC freed 23(752B) AllocSpace objects, 0(0B) LOS objects, 35% free, 28MB/44MB, paused 1.424ms total 42.752ms
08-06 15:25:15.191 26883 26896 I art     : Starting a blocking GC Explicit
08-06 15:25:15.231 26883 26896 I art     : Explicit concurrent mark sweep GC freed 3(96B) AllocSpace objects, 0(0B) LOS objects, 35% free, 28MB/44MB, paused 1.341ms total 39.961ms
08-06 15:25:15.243 26883 26896 I art     : Starting a blocking GC Explicit
08-06 15:25:15.282 26883 26896 I art     : Explicit concurrent mark sweep GC freed 3(96B) AllocSpace objects, 0(0B) LOS objects, 35% free, 28MB/44MB, paused 1.318ms total 38.641ms
08-06 15:25:15.295 26883 26896 I art     : Starting a blocking GC Explicit
08-06 15:25:15.335 26883 26896 I art     : Explicit concurrent mark sweep GC freed 3(96B) AllocSpace objects, 0(0B) LOS objects, 35% free, 28MB/44MB, paused 1.318ms total 39.607ms
08-06 15:25:15.682 26883 28019 I art     : Starting a blocking GC Explicit
08-06 15:25:15.721 26883 28019 I art     : Explicit concurrent mark sweep GC freed 1402(81KB) AllocSpace objects, 1(20KB) LOS objects, 35% free, 28MB/44MB, paused 1.333ms total 38.377ms
08-06 15:25:15.736 26883 28019 I art     : Starting a blocking GC Explicit
08-06 15:25:15.773 26883 28019 I art     : Explicit concurrent mark sweep GC freed 52(1536B) AllocSpace objects, 0(0B) LOS objects, 35% free, 28MB/44MB, paused 1.271ms total 36.559ms
08-06 15:25:15.785 26883 28019 I art     : Starting a blocking GC Explicit
08-06 15:25:15.822 26883 28019 I art     : Explicit concurrent mark sweep GC freed 3(96B) AllocSpace objects, 0(0B) LOS objects, 35% free, 28MB/44MB, paused 1.214ms total 37.320ms
08-06 15:25:15.835 26883 28019 I art     : Starting a blocking GC Explicit
08-06 15:25:15.874 26883 28019 I art     : Explicit concurrent mark sweep GC freed 3(96B) AllocSpace objects, 0(0B) LOS objects, 35% free, 28MB/44MB, paused 1.300ms total 38.812ms
08-06 15:25:15.886 26883 28019 I art     : Starting a blocking GC Explicit
08-06 15:25:15.925 26883 28019 I art     : Explicit concurrent mark sweep GC freed 3(96B) AllocSpace objects, 0(0B) LOS objects, 35% free, 28MB/44MB, paused 1.295ms total 38.347ms
08-06 15:25:16.269 26883 26912 I art     : Starting a blocking GC Explicit
08-06 15:25:16.315 26883 26912 I art     : Explicit concurrent mark sweep GC freed 1372(80KB) AllocSpace objects, 1(20KB) LOS objects, 35% free, 28MB/44MB, paused 1.372ms total 45.833ms
08-06 15:25:16.329 26883 26912 I art     : Starting a blocking GC Explicit
08-06 15:25:16.369 26883 26912 I art     : Explicit concurrent mark sweep GC freed 23(752B) AllocSpace objects, 0(0B) LOS objects, 35% free, 28MB/44MB, paused 1.266ms total 39.505ms
08-06 15:25:16.381 26883 26912 I art     : Starting a blocking GC Explicit
08-06 15:25:16.421 26883 26912 I art     : Explicit concurrent mark sweep GC freed 3(96B) AllocSpace objects, 0(0B) LOS objects, 35% free, 28MB/44MB, paused 1.305ms total 39.408ms
08-06 15:25:16.433 26883 26912 I art     : Starting a blocking GC Explicit
08-06 15:25:16.473 26883 26912 I art     : Explicit concurrent mark sweep GC freed 3(96B) AllocSpace objects, 0(0B) LOS objects, 35% free, 28MB/44MB, paused 1.296ms total 39.223ms
08-06 15:25:16.486 26883 26912 I art     : Starting a blocking GC Explicit
08-06 15:25:16.522 26883 26912 I art     : Explicit concurrent mark sweep GC freed 28(2240B) AllocSpace objects, 0(0B) LOS objects, 35% free, 28MB/44MB, paused 1.292ms total 36.307ms
08-06 15:25:16.866 26883 26895 I art     : Starting a blocking GC Explicit
08-06 15:25:16.918 26883 26895 I art     : Explicit concurrent mark sweep GC freed 1414(82KB) AllocSpace objects, 1(20KB) LOS objects, 35% free, 28MB/44MB, paused 1.454ms total 51.602ms
08-06 15:25:16.933 26883 26895 I art     : Starting a blocking GC Explicit
08-06 15:25:16.975 26883 26895 I art     : Explicit concurrent mark sweep GC freed 23(752B) AllocSpace objects, 0(0B) LOS objects, 35% free, 28MB/44MB, paused 1.275ms total 41.382ms
08-06 15:25:16.987 26883 26895 I art     : Starting a blocking GC Explicit
08-06 15:25:17.026 26883 26895 I art     : Explicit concurrent mark sweep GC freed 3(96B) AllocSpace objects, 0(0B) LOS objects, 35% free, 28MB/44MB, paused 1.295ms total 38.140ms
08-06 15:25:17.038 26883 26895 I art     : Starting a blocking GC Explicit
08-06 15:25:17.079 26883 26895 I art     : Explicit concurrent mark sweep GC freed 3(96B) AllocSpace objects, 0(0B) LOS objects, 35% free, 28MB/44MB, paused 1.467ms total 39.881ms
08-06 15:25:17.091 26883 26895 I art     : Starting a blocking GC Explicit
08-06 15:25:17.128 26883 26895 I art     : Explicit concurrent mark sweep GC freed 3(96B) AllocSpace objects, 0(0B) LOS objects, 35% free, 28MB/44MB, paused 1.208ms total 36.964ms
08-06 15:25:17.455 26883 26896 I art     : Starting a blocking GC Explicit
08-06 15:25:17.506 26883 26896 I art     : Explicit concurrent mark sweep GC freed 1490(91KB) AllocSpace objects, 1(20KB) LOS objects, 35% free, 28MB/44MB, paused 1.149ms total 50.026ms
08-06 15:25:17.523 26883 26896 I art     : Starting a blocking GC Explicit
08-06 15:25:17.561 26883 26896 I art     : Explicit concurrent mark sweep GC freed 23(752B) AllocSpace objects, 0(0B) LOS objects, 35% free, 28MB/44MB, paused 1.154ms total 37.851ms
08-06 15:25:17.573 26883 26896 I art     : Starting a blocking GC Explicit
08-06 15:25:17.611 26883 26896 I art     : Explicit concurrent mark sweep GC freed 3(96B) AllocSpace objects, 0(0B) LOS objects, 35% free, 28MB/44MB, paused 1.165ms total 37.946ms
08-06 15:25:17.624 26883 26896 I art     : Starting a blocking GC Explicit
08-06 15:25:17.662 26883 26896 I art     : Explicit concurrent mark sweep GC freed 3(96B) AllocSpace objects, 0(0B) LOS objects, 35% free, 28MB/44MB, paused 1.161ms total 37.450ms
08-06 15:25:17.674 26883 26896 I art     : Starting a blocking GC Explicit
08-06 15:25:17.713 26883 26896 I art     : Explicit concurrent mark sweep GC freed 3(96B) AllocSpace objects, 0(0B) LOS objects, 35% free, 28MB/44MB, paused 1.158ms total 38.203ms
08-06 15:25:18.037 26883 28019 I art     : Starting a blocking GC Explicit
08-06 15:25:18.061 21665 21665 I ServiceManager: Waiting for service AtCmdFwd...
08-06 15:25:18.083 26883 28019 I art     : Explicit concurrent mark sweep GC freed 1401(81KB) AllocSpace objects, 1(20KB) LOS objects, 35% free, 28MB/44MB, paused 1.222ms total 45.281ms
08-06 15:25:18.098 26883 28019 I art     : Starting a blocking GC Explicit
08-06 15:25:18.135 26883 28019 I art     : Explicit concurrent mark sweep GC freed 23(752B) AllocSpace objects, 0(0B) LOS objects, 35% free, 28MB/44MB, paused 1.120ms total 37.178ms
08-06 15:25:18.148 26883 28019 I art     : Starting a blocking GC Explicit
08-06 15:25:18.187 26883 28019 I art     : Explicit concurrent mark sweep GC freed 3(96B) AllocSpace objects, 0(0B) LOS objects, 35% free, 28MB/44MB, paused 1.243ms total 39.183ms
08-06 15:25:18.200 26883 28019 I art     : Starting a blocking GC Explicit
08-06 15:25:18.239 26883 28019 I art     : Explicit concurrent mark sweep GC freed 3(96B) AllocSpace objects, 0(0B) LOS objects, 35% free, 28MB/44MB, paused 1.186ms total 38.499ms
08-06 15:25:18.251 26883 28019 I art     : Starting a blocking GC Explicit
08-06 15:25:18.290 26883 28019 I art     : Explicit concurrent mark sweep GC freed 3(96B) AllocSpace objects, 0(0B) LOS objects, 35% free, 28MB/44MB, paused 1.171ms total 38.401ms
08-06 15:25:18.625 26883 26912 I art     : Starting a blocking GC Explicit
08-06 15:25:18.669 26883 26912 I art     : Explicit concurrent mark sweep GC freed 1372(80KB) AllocSpace objects, 1(20KB) LOS objects, 35% free, 28MB/44MB, paused 1.291ms total 44.421ms
08-06 15:25:18.685 26883 26912 I art     : Starting a blocking GC Explicit
08-06 15:25:18.725 26883 26912 I art     : Explicit concurrent mark sweep GC freed 51(1504B) AllocSpace objects, 0(0B) LOS objects, 35% free, 28MB/44MB, paused 1.196ms total 40.509ms
08-06 15:25:18.738 26883 26912 I art     : Starting a blocking GC Explicit
08-06 15:25:18.776 26883 26912 I art     : Explicit concurrent mark sweep GC freed 4(128B) AllocSpace objects, 0(0B) LOS objects, 35% free, 28MB/44MB, paused 1.169ms total 38.038ms
08-06 15:25:18.789 26883 26912 I art     : Starting a blocking GC Explicit
08-06 15:25:18.827 26883 26912 I art     : Explicit concurrent mark sweep GC freed 3(96B) AllocSpace objects, 0(0B) LOS objects, 35% free, 28MB/44MB, paused 1.231ms total 38.113ms
08-06 15:25:18.840 26883 26912 I art     : Starting a blocking GC Explicit
08-06 15:25:18.879 26883 26912 I art     : Explicit concurrent mark sweep GC freed 3(96B) AllocSpace objects, 0(0B) LOS objects, 35% free, 28MB/44MB, paused 1.136ms total 38.361ms
08-06 15:25:19.062 21665 21665 I ServiceManager: Waiting for service AtCmdFwd...
08-06 15:25:19.227 26883 26895 I art     : Starting a blocking GC Explicit
08-06 15:25:19.274 26883 26895 I art     : Explicit concurrent mark sweep GC freed 1372(80KB) AllocSpace objects, 1(20KB) LOS objects, 35% free, 28MB/44MB, paused 1.174ms total 47.289ms
08-06 15:25:19.289 26883 26895 I art     : Starting a blocking GC Explicit
08-06 15:25:19.327 26883 26895 I art     : Explicit concurrent mark sweep GC freed 23(752B) AllocSpace objects, 0(0B) LOS objects, 35% free, 28MB/44MB, paused 1.168ms total 37.354ms
08-06 15:25:19.339 26883 26895 I art     : Starting a blocking GC Explicit
08-06 15:25:19.379 26883 26895 I art     : Explicit concurrent mark sweep GC freed 3(96B) AllocSpace objects, 0(0B) LOS objects, 35% free, 28MB/44MB, paused 1.163ms total 39.334ms
08-06 15:25:19.391 26883 26895 I art     : Starting a blocking GC Explicit
08-06 15:25:19.430 26883 26895 I art     : Explicit concurrent mark sweep GC freed 3(96B) AllocSpace objects, 0(0B) LOS objects, 35% free, 28MB/44MB, paused 1.160ms total 38.277ms
08-06 15:25:19.442 26883 26895 I art     : Starting a blocking GC Explicit
08-06 15:25:19.482 26883 26895 I art     : Explicit concurrent mark sweep GC freed 3(96B) AllocSpace objects, 0(0B) LOS objects, 35% free, 28MB/44MB, paused 1.167ms total 39.390ms
08-06 15:25:19.827 26883 26896 I art     : Starting a blocking GC Explicit
08-06 15:25:19.879 26883 26896 I art     : Explicit concurrent mark sweep GC freed 1401(81KB) AllocSpace objects, 1(20KB) LOS objects, 35% free, 28MB/44MB, paused 1.427ms total 51.771ms
08-06 15:25:19.896 26883 26896 I art     : Starting a blocking GC Explicit
08-06 15:25:19.933 26883 26896 I art     : Explicit concurrent mark sweep GC freed 23(752B) AllocSpace objects, 0(0B) LOS objects, 35% free, 28MB/44MB, paused 1.136ms total 37.460ms
08-06 15:25:19.946 26883 26896 I art     : Starting a blocking GC Explicit
08-06 15:25:19.985 26883 26896 I art     : Explicit concurrent mark sweep GC freed 3(96B) AllocSpace objects, 0(0B) LOS objects, 35% free, 28MB/44MB, paused 1.158ms total 39.162ms
08-06 15:25:19.998 26883 26896 I art     : Starting a blocking GC Explicit
08-06 15:25:20.035 26883 26896 I art     : Explicit concurrent mark sweep GC freed 3(96B) AllocSpace objects, 0(0B) LOS objects, 35% free, 28MB/44MB, paused 1.166ms total 37.158ms
08-06 15:25:20.048 26883 26896 I art     : Starting a blocking GC Explicit
08-06 15:25:20.062 21665 21665 I ServiceManager: Waiting for service AtCmdFwd...
08-06 15:25:20.087 26883 26896 I art     : Explicit concurrent mark sweep GC freed 3(96B) AllocSpace objects, 0(0B) LOS objects, 35% free, 28MB/44MB, paused 1.147ms total 38.725ms
08-06 15:25:20.438 26883 28019 I art     : Starting a blocking GC Explicit
08-06 15:25:20.487 26883 28019 I art     : Explicit concurrent mark sweep GC freed 1372(80KB) AllocSpace objects, 1(20KB) LOS objects, 35% free, 28MB/44MB, paused 1.165ms total 48.263ms
08-06 15:25:20.503 26883 28019 I art     : Starting a blocking GC Explicit
08-06 15:25:20.545 26883 28019 I art     : Explicit concurrent mark sweep GC freed 23(752B) AllocSpace objects, 0(0B) LOS objects, 35% free, 28MB/44MB, paused 1.168ms total 41.909ms
08-06 15:25:20.558 26883 28019 I art     : Starting a blocking GC Explicit
08-06 15:25:20.597 26883 28019 I art     : Explicit concurrent mark sweep GC freed 3(96B) AllocSpace objects, 0(0B) LOS objects, 35% free, 28MB/44MB, paused 1.231ms total 39.436ms
08-06 15:25:20.610 26883 28019 I art     : Starting a blocking GC Explicit
08-06 15:25:20.646 26883 28019 I art     : Explicit concurrent mark sweep GC freed 3(96B) AllocSpace objects, 0(0B) LOS objects, 35% free, 28MB/44MB, paused 1.123ms total 35.938ms
08-06 15:25:20.659 26883 28019 I art     : Starting a blocking GC Explicit
08-06 15:25:20.699 26883 28019 I art     : Explicit concurrent mark sweep GC freed 3(96B) AllocSpace objects, 0(0B) LOS objects, 35% free, 28MB/44MB, paused 1.182ms total 39.467ms
08-06 15:25:21.045 26883 26912 I art     : Starting a blocking GC Explicit
08-06 15:25:21.063 21665 21665 I ServiceManager: Waiting for service AtCmdFwd...
08-06 15:25:21.096 26883 26912 I art     : Explicit concurrent mark sweep GC freed 1401(81KB) AllocSpace objects, 1(20KB) LOS objects, 35% free, 28MB/44MB, paused 1.227ms total 50.630ms
08-06 15:25:21.111 26883 26912 I art     : Starting a blocking GC Explicit
08-06 15:25:21.148 26883 26912 I art     : Explicit concurrent mark sweep GC freed 23(752B) AllocSpace objects, 0(0B) LOS objects, 35% free, 28MB/44MB, paused 1.184ms total 36.025ms
08-06 15:25:21.160 26883 26912 I art     : Starting a blocking GC Explicit
08-06 15:25:21.199 26883 26912 I art     : Explicit concurrent mark sweep GC freed 3(96B) AllocSpace objects, 0(0B) LOS objects, 35% free, 28MB/44MB, paused 1.188ms total 38.824ms
08-06 15:25:21.212 26883 26912 I art     : Starting a blocking GC Explicit
08-06 15:25:21.251 26883 26912 I art     : Explicit concurrent mark sweep GC freed 3(96B) AllocSpace objects, 0(0B) LOS objects, 35% free, 28MB/44MB, paused 1.185ms total 38.425ms
08-06 15:25:21.263 26883 26912 I art     : Starting a blocking GC Explicit
08-06 15:25:21.301 26883 26912 I art     : Explicit concurrent mark sweep GC freed 3(96B) AllocSpace objects, 0(0B) LOS objects, 35% free, 28MB/44MB, paused 1.135ms total 37.948ms
08-06 15:25:21.623 26883 26895 I art     : Starting a blocking GC Explicit
08-06 15:25:21.665 26883 26895 I art     : Explicit concurrent mark sweep GC freed 1372(80KB) AllocSpace objects, 1(20KB) LOS objects, 35% free, 28MB/44MB, paused 1.234ms total 41.461ms
08-06 15:25:21.678 26883 26895 I art     : Starting a blocking GC Explicit
08-06 15:25:21.717 26883 26895 I art     : Explicit concurrent mark sweep GC freed 23(752B) AllocSpace objects, 0(0B) LOS objects, 35% free, 28MB/44MB, paused 1.108ms total 37.892ms
08-06 15:25:21.729 26883 26895 I art     : Starting a blocking GC Explicit
08-06 15:25:21.767 26883 26895 I art     : Explicit concurrent mark sweep GC freed 32(880B) AllocSpace objects, 0(0B) LOS objects, 35% free, 28MB/44MB, paused 1.182ms total 37.452ms
08-06 15:25:21.779 26883 26895 I art     : Starting a blocking GC Explicit
08-06 15:25:21.817 26883 26895 I art     : Explicit concurrent mark sweep GC freed 3(96B) AllocSpace objects, 0(0B) LOS objects, 35% free, 28MB/44MB, paused 1.183ms total 37.513ms
08-06 15:25:21.829 26883 26895 I art     : Starting a blocking GC Explicit
08-06 15:25:21.864 26883 26895 I art     : Explicit concurrent mark sweep GC freed 3(96B) AllocSpace objects, 0(0B) LOS objects, 35% free, 28MB/44MB, paused 1.197ms total 35.381ms
08-06 15:25:21.869 28611 28611 D AndroidRuntime: >>>>>> START com.android.internal.os.RuntimeInit uid 2000 <<<<<<
08-06 15:25:21.876 28611 28611 D AndroidRuntime: CheckJNI is OFF
08-06 15:25:21.921 28611 28611 D ICU     : No timezone override file found: /data/misc/zoneinfo/current/icu/icu_tzdata.dat
08-06 15:25:21.967 28611 28611 I Radio-JNI: register_android_hardware_Radio DONE
08-06 15:25:21.998 28611 28611 D AndroidRuntime: Calling main entry com.android.commands.input.Input
08-06 15:25:22.002 28611 28611 I Input   : injectKeyEvent: KeyEvent { action=ACTION_DOWN, keyCode=KEYCODE_BACK, scanCode=0, metaState=0, flags=0x0, repeatCount=0, eventTime=890738414, downTime=890738414, deviceId=-1, source=0x101 }
08-06 15:25:22.018 28611 28611 I Input   : injectKeyEvent: KeyEvent { action=ACTION_UP, keyCode=KEYCODE_BACK, scanCode=0, metaState=0, flags=0x0, repeatCount=0, eventTime=890738414, downTime=890738414, deviceId=-1, source=0x101 }
08-06 15:25:22.028 28611 28611 D AndroidRuntime: Shutting down VM
08-06 15:25:22.034 26883 26883 V PlaybackController: initServiceNotRunning()
08-06 15:25:22.035 26883 26883 D ExternalPlayerFragment: Loading media info
08-06 15:25:22.038 26883 26883 D UserPreferences: Using default data folder
08-06 15:25:22.040 26883 26903 D DBReader: getNavDrawerData() called with: 
08-06 15:25:22.053 26883 26903 D DBReader: getDownloadedItems() called
08-06 15:25:22.054 26883 26903 D DBReader: getFavoriteIDList() called
08-06 15:25:22.055 26883 26903 D DBReader: getQueueIDList() called
08-06 15:25:22.055 26883 26903 D DBReader: Extracting Feedlist
08-06 15:25:22.064 21665 21665 I ServiceManager: Waiting for service AtCmdFwd...
08-06 15:25:22.073 13866 13866 I GoogleInputMethodServic: GoogleInputMethodService.onFinishInput():3138 
08-06 15:25:22.073 26883 26883 D MainActivity: getLastNavFragment() -> AddFeedFragment
08-06 15:25:22.073 13866 13866 I GoogleInputMethodServic: GoogleInputMethodService.onStartInput():1808 
08-06 15:25:22.169 26883 26895 I art     : Starting a blocking GC Explicit
08-06 15:25:22.208 26883 26895 I art     : Explicit concurrent mark sweep GC freed 2482(153KB) AllocSpace objects, 1(20KB) LOS objects, 35% free, 28MB/44MB, paused 1.230ms total 38.227ms
08-06 15:25:22.222 26883 26895 I art     : Starting a blocking GC Explicit
08-06 15:25:22.259 26883 26895 I art     : Explicit concurrent mark sweep GC freed 452(24KB) AllocSpace objects, 0(0B) LOS objects, 35% free, 28MB/44MB, paused 1.156ms total 36.642ms
08-06 15:25:22.272 26883 26895 I art     : Starting a blocking GC Explicit
08-06 15:25:22.310 26883 26895 I art     : Explicit concurrent mark sweep GC freed 3(96B) AllocSpace objects, 0(0B) LOS objects, 35% free, 28MB/44MB, paused 1.127ms total 37.336ms
08-06 15:25:22.325 26883 26895 I art     : Starting a blocking GC Explicit
08-06 15:25:22.365 26883 26895 I art     : Explicit concurrent mark sweep GC freed 3(96B) AllocSpace objects, 0(0B) LOS objects, 35% free, 28MB/44MB, paused 1.068ms total 39.991ms
08-06 15:25:22.381 26883 26895 I art     : Starting a blocking GC Explicit
08-06 15:25:22.394   380   380 W SurfaceFlinger: couldn't log to binary event log: overflow.
08-06 15:25:22.415 26883 26895 I art     : Explicit concurrent mark sweep GC freed 499(21KB) AllocSpace objects, 0(0B) LOS objects, 35% free, 28MB/44MB, paused 1.138ms total 34.602ms
08-06 15:25:22.727 26883 26896 I art     : Starting a blocking GC Explicit
08-06 15:25:22.772 26883 26896 I art     : Explicit concurrent mark sweep GC freed 1502(85KB) AllocSpace objects, 1(20KB) LOS objects, 35% free, 28MB/44MB, paused 1.603ms total 45.074ms
08-06 15:25:22.786 26883 26896 I art     : Starting a blocking GC Explicit
08-06 15:25:22.821 26883 26896 I art     : Explicit concurrent mark sweep GC freed 2457(152KB) AllocSpace objects, 1(28KB) LOS objects, 36% free, 28MB/44MB, paused 1.126ms total 35.347ms
08-06 15:25:22.833 26883 26896 I art     : Starting a blocking GC Explicit
08-06 15:25:22.869 26883 26896 I art     : Explicit concurrent mark sweep GC freed 3(96B) AllocSpace objects, 0(0B) LOS objects, 36% free, 28MB/44MB, paused 1.205ms total 35.126ms
08-06 15:25:22.881 26883 26896 I art     : Starting a blocking GC Explicit
08-06 15:25:22.917 26883 26896 I art     : Explicit concurrent mark sweep GC freed 3(96B) AllocSpace objects, 0(0B) LOS objects, 36% free, 28MB/44MB, paused 1.139ms total 35.548ms
08-06 15:25:22.929 26883 26896 I art     : Starting a blocking GC Explicit
08-06 15:25:22.964 26883 26896 I art     : Explicit concurrent mark sweep GC freed 3(96B) AllocSpace objects, 0(0B) LOS objects, 36% free, 28MB/44MB, paused 1.139ms total 34.776ms
08-06 15:25:23.064 21665 21665 W Atfwd_Sendcmd: AtCmdFwd service not published, waiting... retryCnt : 5
08-06 15:25:23.249   918  3261 D WifiStateMachine: starting scan for "H369AA63323"WPA_PSK with 2412,5180
08-06 15:25:23.284 26883 26912 I art     : Starting a blocking GC Explicit
08-06 15:25:23.323 26883 26912 I art     : Explicit concurrent mark sweep GC freed 1374(82KB) AllocSpace objects, 1(20KB) LOS objects, 36% free, 28MB/44MB, paused 1.173ms total 38.441ms
08-06 15:25:23.335 26883 26912 I art     : Starting a blocking GC Explicit
08-06 15:25:23.366 26883 26912 I art     : Explicit concurrent mark sweep GC freed 23(752B) AllocSpace objects, 0(0B) LOS objects, 36% free, 28MB/44MB, paused 1.110ms total 31.194ms
08-06 15:25:23.377 26883 26912 I art     : Starting a blocking GC Explicit
08-06 15:25:23.410 26883 26912 I art     : Explicit concurrent mark sweep GC freed 3(96B) AllocSpace objects, 0(0B) LOS objects, 36% free, 28MB/44MB, paused 1.139ms total 32.619ms
08-06 15:25:23.422 26883 26912 I art     : Starting a blocking GC Explicit
08-06 15:25:23.455 26883 26912 I art     : Explicit concurrent mark sweep GC freed 3(96B) AllocSpace objects, 0(0B) LOS objects, 36% free, 28MB/44MB, paused 1.244ms total 32.789ms
08-06 15:25:23.467 26883 26912 I art     : Starting a blocking GC Explicit
08-06 15:25:23.500 26883 26912 I art     : Explicit concurrent mark sweep GC freed 3(96B) AllocSpace objects, 0(0B) LOS objects, 36% free, 28MB/44MB, paused 1.135ms total 33.319ms
08-06 15:25:23.814 28665 28665 D AndroidRuntime: >>>>>> START com.android.internal.os.RuntimeInit uid 2000 <<<<<<
08-06 15:25:23.817 26883 28644 I art     : Starting a blocking GC Explicit
08-06 15:25:23.820 28665 28665 D AndroidRuntime: CheckJNI is OFF
08-06 15:25:23.853 26883 28644 I art     : Explicit concurrent mark sweep GC freed 1424(82KB) AllocSpace objects, 1(20KB) LOS objects, 36% free, 28MB/44MB, paused 1.133ms total 35.395ms
08-06 15:25:23.866 26883 28644 I art     : Starting a blocking GC Explicit
08-06 15:25:23.868 28665 28665 D ICU     : No timezone override file found: /data/misc/zoneinfo/current/icu/icu_tzdata.dat
08-06 15:25:23.898 26883 28644 I art     : Explicit concurrent mark sweep GC freed 28(912B) AllocSpace objects, 0(0B) LOS objects, 36% free, 28MB/44MB, paused 1.272ms total 32.732ms
08-06 15:25:23.910 26883 28644 I art     : Starting a blocking GC Explicit
08-06 15:25:23.912 28665 28665 I Radio-JNI: register_android_hardware_Radio DONE
08-06 15:25:23.941 28665 28665 D AndroidRuntime: Calling main entry com.android.commands.input.Input
08-06 15:25:23.942 26883 28644 I art     : Explicit concurrent mark sweep GC freed 5(160B) AllocSpace objects, 0(0B) LOS objects, 36% free, 28MB/44MB, paused 1.240ms total 31.649ms
08-06 15:25:23.943 28665 28665 I Input   : injectKeyEvent: KeyEvent { action=ACTION_DOWN, keyCode=KEYCODE_BACK, scanCode=0, metaState=0, flags=0x0, repeatCount=0, eventTime=890740356, downTime=890740356, deviceId=-1, source=0x101 }
08-06 15:25:23.950 28665 28665 I Input   : injectKeyEvent: KeyEvent { action=ACTION_UP, keyCode=KEYCODE_BACK, scanCode=0, metaState=0, flags=0x0, repeatCount=0, eventTime=890740356, downTime=890740356, deviceId=-1, source=0x101 }
08-06 15:25:23.953 26883 28644 I art     : Starting a blocking GC Explicit
08-06 15:25:23.965 13866 13866 I GoogleInputMethodServic: GoogleInputMethodService.onFinishInput():3138 
08-06 15:25:23.966 13866 13866 I GoogleInputMethodServic: GoogleInputMethodService.onStartInput():1808 
08-06 15:25:23.971 28665 28665 D AndroidRuntime: Shutting down VM
08-06 15:25:23.985 26883 28644 I art     : Explicit concurrent mark sweep GC freed 1121(45KB) AllocSpace objects, 0(0B) LOS objects, 36% free, 28MB/44MB, paused 1.161ms total 32.651ms
08-06 15:25:23.998 26883 28644 I art     : Starting a blocking GC Explicit
08-06 15:25:24.030 26883 28644 I art     : Explicit concurrent mark sweep GC freed 870(54KB) AllocSpace objects, 1(28KB) LOS objects, 36% free, 28MB/44MB, paused 1.119ms total 32.151ms
08-06 15:25:24.327 26883 26895 I art     : Starting a blocking GC Explicit
08-06 15:25:24.362 26883 26895 I art     : Explicit concurrent mark sweep GC freed 3214(206KB) AllocSpace objects, 9(1532KB) LOS objects, 37% free, 26MB/42MB, paused 1.127ms total 35.411ms
08-06 15:25:24.375 26883 26895 I art     : Starting a blocking GC Explicit
08-06 15:25:24.409 26883 26895 I art     : Explicit concurrent mark sweep GC freed 23(752B) AllocSpace objects, 0(0B) LOS objects, 37% free, 26MB/42MB, paused 1.152ms total 33.607ms
08-06 15:25:24.421 26883 26895 I art     : Starting a blocking GC Explicit
08-06 15:25:24.456 26883 26895 I art     : Explicit concurrent mark sweep GC freed 3(96B) AllocSpace objects, 0(0B) LOS objects, 37% free, 26MB/42MB, paused 1.135ms total 34.249ms
08-06 15:25:24.468 26883 26895 I art     : Starting a blocking GC Explicit
08-06 15:25:24.502 26883 26895 I art     : Explicit concurrent mark sweep GC freed 3(96B) AllocSpace objects, 0(0B) LOS objects, 37% free, 26MB/42MB, paused 1.137ms total 34.118ms
08-06 15:25:24.514 26883 26895 I art     : Starting a blocking GC Explicit
08-06 15:25:24.548 26883 26895 I art     : Explicit concurrent mark sweep GC freed 3(96B) AllocSpace objects, 0(0B) LOS objects, 37% free, 26MB/42MB, paused 1.139ms total 34.268ms
08-06 15:25:24.868 26883 26896 I art     : Starting a blocking GC Explicit
08-06 15:25:24.915 26883 26896 I art     : Explicit concurrent mark sweep GC freed 1401(82KB) AllocSpace objects, 1(20KB) LOS objects, 37% free, 26MB/42MB, paused 1.211ms total 47.246ms
08-06 15:25:24.932 26883 26896 I art     : Starting a blocking GC Explicit
08-06 15:25:24.969 26883 26896 I art     : Explicit concurrent mark sweep GC freed 23(752B) AllocSpace objects, 0(0B) LOS objects, 37% free, 26MB/42MB, paused 1.181ms total 36.499ms
08-06 15:25:24.981 26883 26896 I art     : Starting a blocking GC Explicit
08-06 15:25:25.015 26883 26896 I art     : Explicit concurrent mark sweep GC freed 3(96B) AllocSpace objects, 0(0B) LOS objects, 37% free, 26MB/42MB, paused 1.115ms total 34.382ms
08-06 15:25:25.027 26883 26896 I art     : Starting a blocking GC Explicit
08-06 15:25:25.061 26883 26896 I art     : Explicit concurrent mark sweep GC freed 3(96B) AllocSpace objects, 0(0B) LOS objects, 37% free, 26MB/42MB, paused 1.120ms total 34.154ms
08-06 15:25:25.073 26883 26896 I art     : Starting a blocking GC Explicit
08-06 15:25:25.108 26883 26896 I art     : Explicit concurrent mark sweep GC freed 3(96B) AllocSpace objects, 0(0B) LOS objects, 37% free, 26MB/42MB, paused 1.245ms total 34.434ms
08-06 15:25:25.415 26883 28019 I art     : Starting a blocking GC Explicit
08-06 15:25:25.453 26883 28019 I art     : Explicit concurrent mark sweep GC freed 1373(81KB) AllocSpace objects, 1(20KB) LOS objects, 37% free, 26MB/42MB, paused 1.267ms total 38.209ms
08-06 15:25:25.467 26883 28019 I art     : Starting a blocking GC Explicit
08-06 15:25:25.500 26883 28019 I art     : Explicit concurrent mark sweep GC freed 23(752B) AllocSpace objects, 0(0B) LOS objects, 37% free, 26MB/42MB, paused 1.126ms total 32.802ms
08-06 15:25:25.512 26883 28019 I art     : Starting a blocking GC Explicit
08-06 15:25:25.544 26883 28019 I art     : Explicit concurrent mark sweep GC freed 3(96B) AllocSpace objects, 0(0B) LOS objects, 37% free, 26MB/42MB, paused 1.136ms total 32.552ms
08-06 15:25:25.556 26883 28019 I art     : Starting a blocking GC Explicit
08-06 15:25:25.590 26883 28019 I art     : Explicit concurrent mark sweep GC freed 4(128B) AllocSpace objects, 0(0B) LOS objects, 37% free, 26MB/42MB, paused 1.105ms total 33.706ms
08-06 15:25:25.603 26883 28019 I art     : Starting a blocking GC Explicit
08-06 15:25:25.636 26883 28019 I art     : Explicit concurrent mark sweep GC freed 9(288B) AllocSpace objects, 0(0B) LOS objects, 37% free, 26MB/42MB, paused 1.067ms total 33.094ms
08-06 15:25:25.777 28709 28709 D AndroidRuntime: >>>>>> START com.android.internal.os.RuntimeInit uid 2000 <<<<<<
08-06 15:25:25.784 28709 28709 D AndroidRuntime: CheckJNI is OFF
08-06 15:25:25.825 28709 28709 D ICU     : No timezone override file found: /data/misc/zoneinfo/current/icu/icu_tzdata.dat
08-06 15:25:25.866 28709 28709 I Radio-JNI: register_android_hardware_Radio DONE
08-06 15:25:25.893 28709 28709 D AndroidRuntime: Calling main entry com.android.commands.input.Input
08-06 15:25:25.895 28709 28709 I Input   : injectMotionEvent: MotionEvent { action=ACTION_DOWN, actionButton=0, id[0]=0, x[0]=567.0, y[0]=714.0, toolType[0]=TOOL_TYPE_UNKNOWN, buttonState=0, metaState=0, flags=0x0, edgeFlags=0x0, pointerCount=1, historySize=0, eventTime=890742308, downTime=890742308, deviceId=0, source=0x1002 }
08-06 15:25:25.899 28709 28709 I Input   : injectMotionEvent: MotionEvent { action=ACTION_UP, actionButton=0, id[0]=0, x[0]=567.0, y[0]=714.0, toolType[0]=TOOL_TYPE_UNKNOWN, buttonState=0, metaState=0, flags=0x0, edgeFlags=0x0, pointerCount=1, historySize=0, eventTime=890742308, downTime=890742308, deviceId=0, source=0x1002 }
08-06 15:25:25.900 28709 28709 D AndroidRuntime: Shutting down VM
08-06 15:25:25.919   512  2967 D audio_hw_primary: out_set_parameters: enter: usecase(1: low-latency-playback) kvpairs: routing=2
08-06 15:25:25.932   512  2967 D audio_hw_primary: select_devices: out_snd_device(2: speaker) in_snd_device(0: none)
08-06 15:25:25.932   512  2967 D msm8974_platform: platform_send_audio_calibration: sending audio calibration for snd_device(2) acdb_id(15)
08-06 15:25:25.933   512  2967 I soundtrigger: audio_extn_sound_trigger_update_device_status: device 0x2 of type 0 for Event 1
08-06 15:25:25.943   512  2967 D audio_hw_primary: enable_snd_device: snd_device(2: speaker)
08-06 15:25:25.945   512  2967 D audio_hw_primary: enable_audio_route: apply and update mixer path: low-latency-playback speaker
08-06 15:25:25.972 26883 26912 I art     : Starting a blocking GC Explicit
08-06 15:25:26.007 26883 26912 I art     : Explicit concurrent mark sweep GC freed 3676(173KB) AllocSpace objects, 1(20KB) LOS objects, 37% free, 27MB/43MB, paused 1.211ms total 34.445ms
08-06 15:25:26.018 26883 26912 I art     : Starting a blocking GC Explicit
08-06 15:25:26.052 26883 26912 I art     : Explicit concurrent mark sweep GC freed 1711(88KB) AllocSpace objects, 1(220KB) LOS objects, 37% free, 26MB/42MB, paused 1.428ms total 32.904ms
08-06 15:25:26.063 26883 26912 I art     : Starting a blocking GC Explicit
08-06 15:25:26.094 26883 26912 I art     : Explicit concurrent mark sweep GC freed 21(848B) AllocSpace objects, 0(0B) LOS objects, 37% free, 26MB/42MB, paused 1.181ms total 30.765ms
08-06 15:25:26.105 26883 26912 I art     : Starting a blocking GC Explicit
08-06 15:25:26.138 26883 26912 I art     : Explicit concurrent mark sweep GC freed 2795(118KB) AllocSpace objects, 0(0B) LOS objects, 37% free, 26MB/42MB, paused 1.412ms total 32.831ms
08-06 15:25:26.150 26883 26912 I art     : Starting a blocking GC Explicit
08-06 15:25:26.181 26883 26912 I art     : Explicit concurrent mark sweep GC freed 910(39KB) AllocSpace objects, 0(0B) LOS objects, 37% free, 26MB/42MB, paused 1.197ms total 31.417ms
08-06 15:25:26.314 26883 27435 I NAPPA_EXPERIMENTATION: MetricNetworkRequestExecutionTime: REQUEST_DURATION_SYSTEM='387',REQUEST_DURATION_OKHTTP='155',REQUEST_SYNCHRONOUS='TRUE',RESPONSE_CODE='400',RESPONSE_METHOD='GET',RESPONSE_LENGTH_OKHTTP='0',RESPONSE_LENGTH_HEADER='0',REQUEST_PROTOCOL='h2',REQUEST_URL='https://itunes.apple.com/en/rss/toppodcasts/limit=25/explicit=true/json',
08-06 15:25:26.457 26883 27435 I NAPPA_EXPERIMENTATION: MetricNetworkRequestExecutionTime: REQUEST_DURATION_SYSTEM='142',REQUEST_DURATION_OKHTTP='141',REQUEST_SYNCHRONOUS='TRUE',RESPONSE_CODE='200',RESPONSE_METHOD='GET',RESPONSE_LENGTH_OKHTTP='-1',RESPONSE_LENGTH_HEADER='10075',REQUEST_PROTOCOL='h2',REQUEST_URL='https://itunes.apple.com/us/rss/toppodcasts/limit=25/explicit=true/json',
08-06 15:25:26.459 26883 28019 I art     : Starting a blocking GC Explicit
08-06 15:25:26.481   512  2967 D audio_hw_primary: disable_audio_route: reset and update mixer path: low-latency-playback speaker
08-06 15:25:26.484   512  2967 D audio_hw_primary: disable_snd_device: snd_device(2: speaker)
08-06 15:25:26.492   512  2967 I soundtrigger: audio_extn_sound_trigger_update_device_status: device 0x2 of type 0 for Event 0
08-06 15:25:26.495 26883 28019 I art     : Explicit concurrent mark sweep GC freed 10555(574KB) AllocSpace objects, 5(372KB) LOS objects, 37% free, 26MB/42MB, paused 1.228ms total 35.574ms
08-06 15:25:26.507 26883 28019 I art     : Starting a blocking GC Explicit
08-06 15:25:26.520 26883 27631 D ApOkHttpUrlLoader: buildLoadData() called with: model = [https://is4-ssl.mzstatic.com/image/thumb/Podcasts114/v4/3f/16/74/3f167426-bf50-ce3a-d709-e4301620fc5b/mza_5832671293059882550.jpeg/170x170bb.png], width = [224], height = [224]
08-06 15:25:26.522 26883 27630 D DBReader: getImageAuthentication() called with: imageUrl = [https://is4-ssl.mzstatic.com/image/thumb/Podcasts114/v4/3f/16/74/3f167426-bf50-ce3a-d709-e4301620fc5b/mza_5832671293059882550.jpeg/170x170bb.png]
08-06 15:25:26.525 26883 27630 D ApOkHttpUrlLoader: no credentials for 'https://is4-ssl.mzstatic.com/image/thumb/Podcasts114/v4/3f/16/74/3f167426-bf50-ce3a-d709-e4301620fc5b/mza_5832671293059882550.jpeg/170x170bb.png'
08-06 15:25:26.528 26883 27633 D ApOkHttpUrlLoader: buildLoadData() called with: model = [https://is4-ssl.mzstatic.com/image/thumb/Podcasts113/v4/e5/8a/10/e58a108f-f5d0-f622-c94a-13f66edd570c/mza_3025981348644196724.jpg/170x170bb.png], width = [224], height = [224]
08-06 15:25:26.529 26883 27639 D DBReader: getImageAuthentication() called with: imageUrl = [https://is4-ssl.mzstatic.com/image/thumb/Podcasts113/v4/e5/8a/10/e58a108f-f5d0-f622-c94a-13f66edd570c/mza_3025981348644196724.jpg/170x170bb.png]
08-06 15:25:26.535 26883 27639 D ApOkHttpUrlLoader: no credentials for 'https://is4-ssl.mzstatic.com/image/thumb/Podcasts113/v4/e5/8a/10/e58a108f-f5d0-f622-c94a-13f66edd570c/mza_3025981348644196724.jpg/170x170bb.png'
08-06 15:25:26.538 26883 27627 D ApOkHttpUrlLoader: buildLoadData() called with: model = [https://is2-ssl.mzstatic.com/image/thumb/Podcasts113/v4/a9/39/cc/a939ccc5-6d60-0c11-0a4c-16d71cdef89b/mza_8787577209688278658.jpg/170x170bb.png], width = [224], height = [224]
08-06 15:25:26.539 26883 28019 I art     : Explicit concurrent mark sweep GC freed 967(64KB) AllocSpace objects, 0(0B) LOS objects, 37% free, 26MB/42MB, paused 1.826ms total 31.844ms
08-06 15:25:26.539 26883 27634 D DBReader: getImageAuthentication() called with: imageUrl = [https://is2-ssl.mzstatic.com/image/thumb/Podcasts113/v4/a9/39/cc/a939ccc5-6d60-0c11-0a4c-16d71cdef89b/mza_8787577209688278658.jpg/170x170bb.png]
08-06 15:25:26.543 26883 27634 D ApOkHttpUrlLoader: no credentials for 'https://is2-ssl.mzstatic.com/image/thumb/Podcasts113/v4/a9/39/cc/a939ccc5-6d60-0c11-0a4c-16d71cdef89b/mza_8787577209688278658.jpg/170x170bb.png'
08-06 15:25:26.543 26883 27629 D ApOkHttpUrlLoader: buildLoadData() called with: model = [https://is5-ssl.mzstatic.com/image/thumb/Podcasts114/v4/93/cf/99/93cf9960-fff3-205e-6655-72c03ddeccb2/mza_10545582232493904175.jpeg/170x170bb.png], width = [224], height = [224]
08-06 15:25:26.544 26883 27637 D DBReader: getImageAuthentication() called with: imageUrl = [https://is5-ssl.mzstatic.com/image/thumb/Podcasts114/v4/93/cf/99/93cf9960-fff3-205e-6655-72c03ddeccb2/mza_10545582232493904175.jpeg/170x170bb.png]
08-06 15:25:26.547 26883 27637 D ApOkHttpUrlLoader: no credentials for 'https://is5-ssl.mzstatic.com/image/thumb/Podcasts114/v4/93/cf/99/93cf9960-fff3-205e-6655-72c03ddeccb2/mza_10545582232493904175.jpeg/170x170bb.png'
08-06 15:25:26.549 26883 27631 D ApOkHttpUrlLoader: buildLoadData() called with: model = [https://is4-ssl.mzstatic.com/image/thumb/Podcasts124/v4/49/a4/91/49a491b7-3daf-c5dc-d7c6-6c4f1486955c/mza_5930014091766152297.png/170x170bb.png], width = [224], height = [224]
08-06 15:25:26.550 26883 28019 I art     : Starting a blocking GC Explicit
08-06 15:25:26.552 26883 27632 D DBReader: getImageAuthentication() called with: imageUrl = [https://is4-ssl.mzstatic.com/image/thumb/Podcasts124/v4/49/a4/91/49a491b7-3daf-c5dc-d7c6-6c4f1486955c/mza_5930014091766152297.png/170x170bb.png]
08-06 15:25:26.554 26883 27633 D ApOkHttpUrlLoader: buildLoadData() called with: model = [https://is5-ssl.mzstatic.com/image/thumb/Podcasts113/v4/fd/54/6e/fd546ea0-7ab2-e3f0-6049-884d82917af9/mza_4855349695799758348.jpeg/170x170bb.png], width = [224], height = [224]
08-06 15:25:26.555 26883 27638 D DBReader: getImageAuthentication() called with: imageUrl = [https://is5-ssl.mzstatic.com/image/thumb/Podcasts113/v4/fd/54/6e/fd546ea0-7ab2-e3f0-6049-884d82917af9/mza_4855349695799758348.jpeg/170x170bb.png]
08-06 15:25:26.556 26883 27632 D ApOkHttpUrlLoader: no credentials for 'https://is4-ssl.mzstatic.com/image/thumb/Podcasts124/v4/49/a4/91/49a491b7-3daf-c5dc-d7c6-6c4f1486955c/mza_5930014091766152297.png/170x170bb.png'
08-06 15:25:26.559 26883 27627 D ApOkHttpUrlLoader: buildLoadData() called with: model = [https://is2-ssl.mzstatic.com/image/thumb/Podcasts114/v4/b3/4c/cf/b34ccfc2-cea4-1ca1-0fad-7793af301cc5/mza_2466085192629456364.jpg/170x170bb.png], width = [224], height = [224]
08-06 15:25:26.559 26883 27638 D ApOkHttpUrlLoader: no credentials for 'https://is5-ssl.mzstatic.com/image/thumb/Podcasts113/v4/fd/54/6e/fd546ea0-7ab2-e3f0-6049-884d82917af9/mza_4855349695799758348.jpeg/170x170bb.png'
08-06 15:25:26.560 26883 27628 D DBReader: getImageAuthentication() called with: imageUrl = [https://is2-ssl.mzstatic.com/image/thumb/Podcasts114/v4/b3/4c/cf/b34ccfc2-cea4-1ca1-0fad-7793af301cc5/mza_2466085192629456364.jpg/170x170bb.png]
08-06 15:25:26.563 26883 27628 D ApOkHttpUrlLoader: no credentials for 'https://is2-ssl.mzstatic.com/image/thumb/Podcasts114/v4/b3/4c/cf/b34ccfc2-cea4-1ca1-0fad-7793af301cc5/mza_2466085192629456364.jpg/170x170bb.png'
08-06 15:25:26.584 26883 28019 I art     : Explicit concurrent mark sweep GC freed 1748(142KB) AllocSpace objects, 0(0B) LOS objects, 37% free, 27MB/43MB, paused 1.550ms total 33.656ms
08-06 15:25:26.595 26883 28019 I art     : Starting a blocking GC Explicit
08-06 15:25:26.627 26883 28019 I art     : Explicit concurrent mark sweep GC freed 474(28KB) AllocSpace objects, 0(0B) LOS objects, 37% free, 26MB/42MB, paused 1.517ms total 32.441ms
08-06 15:25:26.638 26883 28019 I art     : Starting a blocking GC Explicit
08-06 15:25:26.676 26883 28019 I art     : Explicit concurrent mark sweep GC freed 2797(118KB) AllocSpace objects, 0(0B) LOS objects, 37% free, 26MB/42MB, paused 1.552ms total 36.991ms
08-06 15:25:26.872 26883 27630 D MYTAG   : interceptor 2a
08-06 15:25:26.873 26883 27630 I NAPPA_EXPERIMENTATION: MetricNetworkRequestExecutionTime: REQUEST_DURATION_SYSTEM='347',REQUEST_DURATION_OKHTTP='176',REQUEST_SYNCHRONOUS='TRUE',RESPONSE_CODE='200',RESPONSE_METHOD='GET',RESPONSE_LENGTH_OKHTTP='26177',RESPONSE_LENGTH_HEADER='26177',REQUEST_PROTOCOL='h2',REQUEST_URL='https://is4-ssl.mzstatic.com/image/thumb/Podcasts114/v4/3f/16/74/3f167426-bf50-ce3a-d709-e4301620fc5b/mza_5832671293059882550.jpeg/170x170bb.png',
08-06 15:25:26.908 26883 27639 D MYTAG   : interceptor 2a
08-06 15:25:26.908 26883 27639 I NAPPA_EXPERIMENTATION: MetricNetworkRequestExecutionTime: REQUEST_DURATION_SYSTEM='373',REQUEST_DURATION_OKHTTP='179',REQUEST_SYNCHRONOUS='TRUE',RESPONSE_CODE='200',RESPONSE_METHOD='GET',RESPONSE_LENGTH_OKHTTP='45995',RESPONSE_LENGTH_HEADER='45995',REQUEST_PROTOCOL='h2',REQUEST_URL='https://is4-ssl.mzstatic.com/image/thumb/Podcasts113/v4/e5/8a/10/e58a108f-f5d0-f622-c94a-13f66edd570c/mza_3025981348644196724.jpg/170x170bb.png',
08-06 15:25:26.930 26883 27638 D MYTAG   : interceptor 2a
08-06 15:25:26.930 26883 27638 I NAPPA_EXPERIMENTATION: MetricNetworkRequestExecutionTime: REQUEST_DURATION_SYSTEM='371',REQUEST_DURATION_OKHTTP='186',REQUEST_SYNCHRONOUS='TRUE',RESPONSE_CODE='200',RESPONSE_METHOD='GET',RESPONSE_LENGTH_OKHTTP='54835',RESPONSE_LENGTH_HEADER='54835',REQUEST_PROTOCOL='h2',REQUEST_URL='https://is5-ssl.mzstatic.com/image/thumb/Podcasts113/v4/fd/54/6e/fd546ea0-7ab2-e3f0-6049-884d82917af9/mza_4855349695799758348.jpeg/170x170bb.png',
08-06 15:25:26.975 26883 28644 I art     : Starting a blocking GC Explicit
08-06 15:25:26.980 26883 27634 D MYTAG   : interceptor 2a
08-06 15:25:26.980 26883 27634 I NAPPA_EXPERIMENTATION: MetricNetworkRequestExecutionTime: REQUEST_DURATION_SYSTEM='437',REQUEST_DURATION_OKHTTP='226',REQUEST_SYNCHRONOUS='TRUE',RESPONSE_CODE='200',RESPONSE_METHOD='GET',RESPONSE_LENGTH_OKHTTP='48239',RESPONSE_LENGTH_HEADER='48239',REQUEST_PROTOCOL='h2',REQUEST_URL='https://is2-ssl.mzstatic.com/image/thumb/Podcasts113/v4/a9/39/cc/a939ccc5-6d60-0c11-0a4c-16d71cdef89b/mza_8787577209688278658.jpg/170x170bb.png',
08-06 15:25:26.990 26883 27637 D MYTAG   : interceptor 2a
08-06 15:25:26.990 26883 27637 I NAPPA_EXPERIMENTATION: MetricNetworkRequestExecutionTime: REQUEST_DURATION_SYSTEM='443',REQUEST_DURATION_OKHTTP='239',REQUEST_SYNCHRONOUS='TRUE',RESPONSE_CODE='200',RESPONSE_METHOD='GET',RESPONSE_LENGTH_OKHTTP='22351',RESPONSE_LENGTH_HEADER='22351',REQUEST_PROTOCOL='h2',REQUEST_URL='https://is5-ssl.mzstatic.com/image/thumb/Podcasts114/v4/93/cf/99/93cf9960-fff3-205e-6655-72c03ddeccb2/mza_10545582232493904175.jpeg/170x170bb.png',
08-06 15:25:26.991 26883 27628 D MYTAG   : interceptor 2a
08-06 15:25:26.991 26883 27628 I NAPPA_EXPERIMENTATION: MetricNetworkRequestExecutionTime: REQUEST_DURATION_SYSTEM='428',REQUEST_DURATION_OKHTTP='242',REQUEST_SYNCHRONOUS='TRUE',RESPONSE_CODE='200',RESPONSE_METHOD='GET',RESPONSE_LENGTH_OKHTTP='42299',RESPONSE_LENGTH_HEADER='42299',REQUEST_PROTOCOL='h2',REQUEST_URL='https://is2-ssl.mzstatic.com/image/thumb/Podcasts114/v4/b3/4c/cf/b34ccfc2-cea4-1ca1-0fad-7793af301cc5/mza_2466085192629456364.jpg/170x170bb.png',
08-06 15:25:27.010 26883 27632 D MYTAG   : interceptor 2a
08-06 15:25:27.010 26883 27632 I NAPPA_EXPERIMENTATION: MetricNetworkRequestExecutionTime: REQUEST_DURATION_SYSTEM='454',REQUEST_DURATION_OKHTTP='261',REQUEST_SYNCHRONOUS='TRUE',RESPONSE_CODE='200',RESPONSE_METHOD='GET',RESPONSE_LENGTH_OKHTTP='12000',RESPONSE_LENGTH_HEADER='12000',REQUEST_PROTOCOL='h2',REQUEST_URL='https://is4-ssl.mzstatic.com/image/thumb/Podcasts124/v4/49/a4/91/49a491b7-3daf-c5dc-d7c6-6c4f1486955c/mza_5930014091766152297.png/170x170bb.png',
08-06 15:25:27.013 26883 28644 I art     : Explicit concurrent mark sweep GC freed 26641(1351KB) AllocSpace objects, 1(20KB) LOS objects, 35% free, 28MB/44MB, paused 1.398ms total 37.260ms
08-06 15:25:27.024 26883 28644 I art     : Starting a blocking GC Explicit
08-06 15:25:27.055 26883 28644 I art     : Explicit concurrent mark sweep GC freed 1990(87KB) AllocSpace objects, 0(0B) LOS objects, 36% free, 28MB/44MB, paused 1.171ms total 30.936ms
08-06 15:25:27.066 26883 28644 I art     : Starting a blocking GC Explicit
08-06 15:25:27.099 26883 28644 I art     : Explicit concurrent mark sweep GC freed 21(1392B) AllocSpace objects, 0(0B) LOS objects, 36% free, 28MB/44MB, paused 1.216ms total 32.328ms
08-06 15:25:27.111 26883 28644 I art     : Starting a blocking GC Explicit
08-06 15:25:27.144 26883 28644 I art     : Explicit concurrent mark sweep GC freed 3(96B) AllocSpace objects, 0(0B) LOS objects, 36% free, 28MB/44MB, paused 1.246ms total 33.553ms
08-06 15:25:27.157 26883 28644 I art     : Starting a blocking GC Explicit
08-06 15:25:27.192 26883 28644 I art     : Explicit concurrent mark sweep GC freed 3(96B) AllocSpace objects, 0(0B) LOS objects, 36% free, 28MB/44MB, paused 1.280ms total 35.555ms
08-06 15:25:27.514 26883 26912 I art     : Starting a blocking GC Explicit
08-06 15:25:27.561 26883 26912 I art     : Explicit concurrent mark sweep GC freed 1372(80KB) AllocSpace objects, 1(20KB) LOS objects, 36% free, 28MB/44MB, paused 1.336ms total 46.999ms
08-06 15:25:27.575 26883 26912 I art     : Starting a blocking GC Explicit
08-06 15:25:27.613 26883 26912 I art     : Explicit concurrent mark sweep GC freed 23(752B) AllocSpace objects, 0(0B) LOS objects, 36% free, 28MB/44MB, paused 1.330ms total 37.701ms
08-06 15:25:27.626 26883 26912 I art     : Starting a blocking GC Explicit
08-06 15:25:27.665 26883 26912 I art     : Explicit concurrent mark sweep GC freed 3(96B) AllocSpace objects, 0(0B) LOS objects, 36% free, 28MB/44MB, paused 1.319ms total 38.585ms
08-06 15:25:27.678 26883 26912 I art     : Starting a blocking GC Explicit
08-06 15:25:27.714 26883 26912 I art     : Explicit concurrent mark sweep GC freed 3(96B) AllocSpace objects, 0(0B) LOS objects, 36% free, 28MB/44MB, paused 1.236ms total 36.035ms
08-06 15:25:27.726 26883 26912 I art     : Starting a blocking GC Explicit
08-06 15:25:27.765 26883 26912 I art     : Explicit concurrent mark sweep GC freed 32(880B) AllocSpace objects, 0(0B) LOS objects, 36% free, 28MB/44MB, paused 1.315ms total 38.088ms
08-06 15:25:28.122 26883 26895 I art     : Starting a blocking GC Explicit
08-06 15:25:28.169 26883 26895 I art     : Explicit concurrent mark sweep GC freed 1378(81KB) AllocSpace objects, 1(20KB) LOS objects, 36% free, 28MB/44MB, paused 1.246ms total 46.938ms
08-06 15:25:28.181 26883 26895 I art     : Starting a blocking GC Explicit
08-06 15:25:28.216 26883 26895 I art     : Explicit concurrent mark sweep GC freed 29(944B) AllocSpace objects, 0(0B) LOS objects, 36% free, 28MB/44MB, paused 1.320ms total 34.960ms
08-06 15:25:28.229 26883 26895 I art     : Starting a blocking GC Explicit
08-06 15:25:28.264 26883 26895 I art     : Explicit concurrent mark sweep GC freed 9(288B) AllocSpace objects, 0(0B) LOS objects, 36% free, 28MB/44MB, paused 1.286ms total 34.876ms
08-06 15:25:28.276 26883 26895 I art     : Starting a blocking GC Explicit
08-06 15:25:28.310 26883 26895 I art     : Explicit concurrent mark sweep GC freed 9(288B) AllocSpace objects, 0(0B) LOS objects, 36% free, 28MB/44MB, paused 1.213ms total 34.285ms
08-06 15:25:28.323 26883 26895 I art     : Starting a blocking GC Explicit
08-06 15:25:28.358 26883 26895 I art     : Explicit concurrent mark sweep GC freed 9(288B) AllocSpace objects, 0(0B) LOS objects, 36% free, 28MB/44MB, paused 1.739ms total 34.734ms
08-06 15:25:28.688 26883 26912 I art     : Starting a blocking GC Explicit
08-06 15:25:28.732 26883 26912 I art     : Explicit concurrent mark sweep GC freed 1404(83KB) AllocSpace objects, 1(20KB) LOS objects, 36% free, 28MB/44MB, paused 1.284ms total 42.941ms
08-06 15:25:28.744 26883 26912 I art     : Starting a blocking GC Explicit
08-06 15:25:28.783 26883 26912 I art     : Explicit concurrent mark sweep GC freed 23(752B) AllocSpace objects, 0(0B) LOS objects, 36% free, 28MB/44MB, paused 1.320ms total 38.897ms
08-06 15:25:28.796 26883 26912 I art     : Starting a blocking GC Explicit
08-06 15:25:28.833 26883 26912 I art     : Explicit concurrent mark sweep GC freed 3(96B) AllocSpace objects, 0(0B) LOS objects, 36% free, 28MB/44MB, paused 1.324ms total 37.503ms
08-06 15:25:28.846 26883 26912 I art     : Starting a blocking GC Explicit
08-06 15:25:28.884 26883 26912 I art     : Explicit concurrent mark sweep GC freed 3(96B) AllocSpace objects, 0(0B) LOS objects, 36% free, 28MB/44MB, paused 1.315ms total 37.581ms
08-06 15:25:28.896 26883 26912 I art     : Starting a blocking GC Explicit
08-06 15:25:28.934 26883 26912 I art     : Explicit concurrent mark sweep GC freed 3(96B) AllocSpace objects, 0(0B) LOS objects, 36% free, 28MB/44MB, paused 1.327ms total 37.390ms
08-06 15:25:29.274 26883 28019 I art     : Starting a blocking GC Explicit
08-06 15:25:29.318 26883 28019 I art     : Explicit concurrent mark sweep GC freed 1373(81KB) AllocSpace objects, 1(20KB) LOS objects, 36% free, 28MB/44MB, paused 1.651ms total 44.263ms
08-06 15:25:29.333 26883 28019 I art     : Starting a blocking GC Explicit
08-06 15:25:29.371 26883 28019 I art     : Explicit concurrent mark sweep GC freed 23(752B) AllocSpace objects, 0(0B) LOS objects, 36% free, 28MB/44MB, paused 1.322ms total 37.813ms
08-06 15:25:29.384 26883 28019 I art     : Starting a blocking GC Explicit
08-06 15:25:29.422 26883 28019 I art     : Explicit concurrent mark sweep GC freed 3(96B) AllocSpace objects, 0(0B) LOS objects, 36% free, 28MB/44MB, paused 1.332ms total 38.072ms
08-06 15:25:29.434 26883 28019 I art     : Starting a blocking GC Explicit
08-06 15:25:29.471 26883 28019 I art     : Explicit concurrent mark sweep GC freed 3(96B) AllocSpace objects, 0(0B) LOS objects, 36% free, 28MB/44MB, paused 1.316ms total 36.512ms
08-06 15:25:29.484 26883 28019 I art     : Starting a blocking GC Explicit
08-06 15:25:29.522 26883 28019 I art     : Explicit concurrent mark sweep GC freed 3(96B) AllocSpace objects, 0(0B) LOS objects, 36% free, 28MB/44MB, paused 1.354ms total 37.891ms
08-06 15:25:29.866 26883 26895 I art     : Starting a blocking GC Explicit
08-06 15:25:29.914 26883 26895 I art     : Explicit concurrent mark sweep GC freed 1403(83KB) AllocSpace objects, 1(20KB) LOS objects, 36% free, 28MB/44MB, paused 1.307ms total 47.137ms
08-06 15:25:29.928 26883 26895 I art     : Starting a blocking GC Explicit
08-06 15:25:29.965 26883 26895 I art     : Explicit concurrent mark sweep GC freed 23(752B) AllocSpace objects, 0(0B) LOS objects, 36% free, 28MB/44MB, paused 1.328ms total 36.432ms
08-06 15:25:29.978 26883 26895 I art     : Starting a blocking GC Explicit
08-06 15:25:30.016 26883 26895 I art     : Explicit concurrent mark sweep GC freed 3(96B) AllocSpace objects, 0(0B) LOS objects, 36% free, 28MB/44MB, paused 1.279ms total 37.891ms
08-06 15:25:30.028 26883 26895 I art     : Starting a blocking GC Explicit
08-06 15:25:30.066 26883 26895 I art     : Explicit concurrent mark sweep GC freed 3(96B) AllocSpace objects, 0(0B) LOS objects, 36% free, 28MB/44MB, paused 1.232ms total 37.379ms
08-06 15:25:30.078 26883 26895 I art     : Starting a blocking GC Explicit
08-06 15:25:30.117 26883 26895 I art     : Explicit concurrent mark sweep GC freed 3(96B) AllocSpace objects, 0(0B) LOS objects, 36% free, 28MB/44MB, paused 1.314ms total 38.015ms
08-06 15:25:30.468 26883 28644 I art     : Starting a blocking GC Explicit
08-06 15:25:30.517 26883 28644 I art     : Explicit concurrent mark sweep GC freed 1373(81KB) AllocSpace objects, 1(20KB) LOS objects, 36% free, 28MB/44MB, paused 1.268ms total 48.490ms
08-06 15:25:30.532 26883 28644 I art     : Starting a blocking GC Explicit
08-06 15:25:30.568 26883 28644 I art     : Explicit concurrent mark sweep GC freed 23(752B) AllocSpace objects, 0(0B) LOS objects, 36% free, 28MB/44MB, paused 1.424ms total 35.348ms
08-06 15:25:30.580 26883 28644 I art     : Starting a blocking GC Explicit
08-06 15:25:30.618 26883 28644 I art     : Explicit concurrent mark sweep GC freed 3(96B) AllocSpace objects, 0(0B) LOS objects, 36% free, 28MB/44MB, paused 1.295ms total 38.167ms
08-06 15:25:30.631 26883 28644 I art     : Starting a blocking GC Explicit
08-06 15:25:30.669 26883 28644 I art     : Explicit concurrent mark sweep GC freed 3(96B) AllocSpace objects, 0(0B) LOS objects, 36% free, 28MB/44MB, paused 1.292ms total 37.260ms
08-06 15:25:30.681 26883 28644 I art     : Starting a blocking GC Explicit
08-06 15:25:30.719 26883 28644 I art     : Explicit concurrent mark sweep GC freed 3(96B) AllocSpace objects, 0(0B) LOS objects, 36% free, 28MB/44MB, paused 1.322ms total 38.067ms
08-06 15:25:31.067 26883 26896 I art     : Starting a blocking GC Explicit
08-06 15:25:31.110 26883 26896 I art     : Explicit concurrent mark sweep GC freed 1401(81KB) AllocSpace objects, 1(20KB) LOS objects, 36% free, 28MB/44MB, paused 1.428ms total 42.628ms
08-06 15:25:31.125 26883 26896 I art     : Starting a blocking GC Explicit
08-06 15:25:31.166 26883 26896 I art     : Explicit concurrent mark sweep GC freed 23(752B) AllocSpace objects, 0(0B) LOS objects, 36% free, 28MB/44MB, paused 1.300ms total 40.104ms
08-06 15:25:31.178 26883 26896 I art     : Starting a blocking GC Explicit
08-06 15:25:31.217 26883 26896 I art     : Explicit concurrent mark sweep GC freed 3(96B) AllocSpace objects, 0(0B) LOS objects, 36% free, 28MB/44MB, paused 1.290ms total 38.392ms
08-06 15:25:31.229 26883 26896 I art     : Starting a blocking GC Explicit
08-06 15:25:31.268 26883 26896 I art     : Explicit concurrent mark sweep GC freed 3(96B) AllocSpace objects, 0(0B) LOS objects, 36% free, 28MB/44MB, paused 1.415ms total 38.948ms
08-06 15:25:31.281 26883 26896 I art     : Starting a blocking GC Explicit
08-06 15:25:31.319 26883 26896 I art     : Explicit concurrent mark sweep GC freed 3(96B) AllocSpace objects, 0(0B) LOS objects, 36% free, 28MB/44MB, paused 1.324ms total 37.896ms
08-06 15:25:31.667 26883 26912 I art     : Starting a blocking GC Explicit
08-06 15:25:31.714 26883 26912 I art     : Explicit concurrent mark sweep GC freed 1372(80KB) AllocSpace objects, 1(20KB) LOS objects, 36% free, 28MB/44MB, paused 1.367ms total 46.700ms
08-06 15:25:31.729 26883 26912 I art     : Starting a blocking GC Explicit
08-06 15:25:31.767 26883 26912 I art     : Explicit concurrent mark sweep GC freed 52(1536B) AllocSpace objects, 0(0B) LOS objects, 36% free, 28MB/44MB, paused 1.252ms total 37.267ms
08-06 15:25:31.779 26883 26912 I art     : Starting a blocking GC Explicit
08-06 15:25:31.818 26883 26912 I art     : Explicit concurrent mark sweep GC freed 3(96B) AllocSpace objects, 0(0B) LOS objects, 36% free, 28MB/44MB, paused 1.346ms total 38.649ms
08-06 15:25:31.830 26883 26912 I art     : Starting a blocking GC Explicit
08-06 15:25:31.869 26883 26912 I art     : Explicit concurrent mark sweep GC freed 3(96B) AllocSpace objects, 0(0B) LOS objects, 36% free, 28MB/44MB, paused 1.380ms total 38.585ms
08-06 15:25:31.881 26883 26912 I art     : Starting a blocking GC Explicit
08-06 15:25:31.920 26883 26912 I art     : Explicit concurrent mark sweep GC freed 3(96B) AllocSpace objects, 0(0B) LOS objects, 36% free, 28MB/44MB, paused 1.280ms total 38.165ms
08-06 15:25:32.255 26883 28019 I art     : Starting a blocking GC Explicit
08-06 15:25:32.297 26883 28019 I art     : Explicit concurrent mark sweep GC freed 1372(80KB) AllocSpace objects, 1(20KB) LOS objects, 36% free, 28MB/44MB, paused 1.440ms total 41.360ms
08-06 15:25:32.310 26883 28019 I art     : Starting a blocking GC Explicit
08-06 15:25:32.346 26883 28019 I art     : Explicit concurrent mark sweep GC freed 23(752B) AllocSpace objects, 0(0B) LOS objects, 36% free, 28MB/44MB, paused 1.321ms total 36.493ms
08-06 15:25:32.358 26883 28019 I art     : Starting a blocking GC Explicit
08-06 15:25:32.394 26883 28019 I art     : Explicit concurrent mark sweep GC freed 3(96B) AllocSpace objects, 0(0B) LOS objects, 36% free, 28MB/44MB, paused 1.353ms total 35.118ms
08-06 15:25:32.406 26883 28019 I art     : Starting a blocking GC Explicit
08-06 15:25:32.442 26883 28019 I art     : Explicit concurrent mark sweep GC freed 3(96B) AllocSpace objects, 0(0B) LOS objects, 36% free, 28MB/44MB, paused 1.358ms total 35.504ms
08-06 15:25:32.454 26883 28019 I art     : Starting a blocking GC Explicit
08-06 15:25:32.490 26883 28019 I art     : Explicit concurrent mark sweep GC freed 3(96B) AllocSpace objects, 0(0B) LOS objects, 36% free, 28MB/44MB, paused 1.367ms total 35.843ms
08-06 15:25:32.688 28860 28860 D AndroidRuntime: >>>>>> START com.android.internal.os.RuntimeInit uid 2000 <<<<<<
08-06 15:25:32.694 28860 28860 D AndroidRuntime: CheckJNI is OFF
08-06 15:25:32.738 28860 28860 D ICU     : No timezone override file found: /data/misc/zoneinfo/current/icu/icu_tzdata.dat
08-06 15:25:32.778 28860 28860 I Radio-JNI: register_android_hardware_Radio DONE
08-06 15:25:32.807 28860 28860 D AndroidRuntime: Calling main entry com.android.commands.input.Input
08-06 15:25:32.809 28860 28860 I Input   : injectMotionEvent: MotionEvent { action=ACTION_DOWN, actionButton=0, id[0]=0, x[0]=616.0, y[0]=469.0, toolType[0]=TOOL_TYPE_UNKNOWN, buttonState=0, metaState=0, flags=0x0, edgeFlags=0x0, pointerCount=1, historySize=0, eventTime=890749222, downTime=890749222, deviceId=0, source=0x1002 }
08-06 15:25:32.813 28860 28860 I Input   : injectMotionEvent: MotionEvent { action=ACTION_UP, actionButton=0, id[0]=0, x[0]=616.0, y[0]=469.0, toolType[0]=TOOL_TYPE_UNKNOWN, buttonState=0, metaState=0, flags=0x0, edgeFlags=0x0, pointerCount=1, historySize=0, eventTime=890749222, downTime=890749222, deviceId=0, source=0x1002 }
08-06 15:25:32.815 28860 28860 D AndroidRuntime: Shutting down VM
08-06 15:25:32.830 26883 26895 I art     : Starting a blocking GC Explicit
08-06 15:25:32.868 26883 26895 I art     : Explicit concurrent mark sweep GC freed 1422(81KB) AllocSpace objects, 1(20KB) LOS objects, 36% free, 28MB/44MB, paused 1.410ms total 37.669ms
08-06 15:25:32.880 26883 26895 I art     : Starting a blocking GC Explicit
08-06 15:25:32.882   512  2967 D audio_hw_primary: out_set_parameters: enter: usecase(1: low-latency-playback) kvpairs: routing=2
08-06 15:25:32.895   512  2967 D audio_hw_primary: select_devices: out_snd_device(2: speaker) in_snd_device(0: none)
08-06 15:25:32.895   512  2967 D msm8974_platform: platform_send_audio_calibration: sending audio calibration for snd_device(2) acdb_id(15)
08-06 15:25:32.895   512  2967 I soundtrigger: audio_extn_sound_trigger_update_device_status: device 0x2 of type 0 for Event 1
08-06 15:25:32.905   512  2967 D audio_hw_primary: enable_snd_device: snd_device(2: speaker)
08-06 15:25:32.908   512  2967 D audio_hw_primary: enable_audio_route: apply and update mixer path: low-latency-playback speaker
08-06 15:25:32.918 26883 26895 I art     : Explicit concurrent mark sweep GC freed 216(8KB) AllocSpace objects, 0(0B) LOS objects, 36% free, 28MB/44MB, paused 1.396ms total 36.739ms
08-06 15:25:32.929 26883 26895 I art     : Starting a blocking GC Explicit
08-06 15:25:32.961 26883 26895 I art     : Explicit concurrent mark sweep GC freed 23(960B) AllocSpace objects, 0(0B) LOS objects, 36% free, 28MB/44MB, paused 1.289ms total 32.110ms
08-06 15:25:32.973 26883 26895 I art     : Starting a blocking GC Explicit
08-06 15:25:33.005 26883 26895 I art     : Explicit concurrent mark sweep GC freed 21(800B) AllocSpace objects, 0(0B) LOS objects, 36% free, 28MB/44MB, paused 1.279ms total 31.935ms
08-06 15:25:33.017 26883 26895 I art     : Starting a blocking GC Explicit
08-06 15:25:33.051 26883 26895 I art     : Explicit concurrent mark sweep GC freed 16(608B) AllocSpace objects, 0(0B) LOS objects, 36% free, 28MB/44MB, paused 1.334ms total 33.140ms
08-06 15:25:33.122 26883 27436 I NAPPA_EXPERIMENTATION: MetricNetworkRequestExecutionTime: REQUEST_DURATION_SYSTEM='242',REQUEST_DURATION_OKHTTP='238',REQUEST_SYNCHRONOUS='TRUE',RESPONSE_CODE='200',RESPONSE_METHOD='GET',RESPONSE_LENGTH_OKHTTP='-1',RESPONSE_LENGTH_HEADER='628',REQUEST_PROTOCOL='h2',REQUEST_URL='https://itunes.apple.com/lookup?id=1524080195',
08-06 15:25:33.141   918  3696 I ActivityManager: START u0 {cmp=baseline.de.danoeh.antennapod.debug/baseline.de.danoeh.antennapod.activity.OnlineFeedViewActivity (has extras)} from uid 10711 on display 0
08-06 15:25:33.165 13866 13866 I GoogleInputMethodServic: GoogleInputMethodService.onFinishInput():3138 
08-06 15:25:33.165 13866 13866 I GoogleInputMethodServic: GoogleInputMethodService.onStartInput():1808 
08-06 15:25:33.192 26883 26883 D UserPreferences: Using default data folder
08-06 15:25:33.193 26883 26883 D OnlineFeedViewActivity: Activity was started with url https://rss.art19.com/nice-white-parents
08-06 15:25:33.197 26883 26883 D OnlineFeedViewActivity: Starting feed download
08-06 15:25:33.199 26883 26903 D DBReader: Extracting Feedlist
08-06 15:25:33.202   918  3359 D WifiService: acquireWifiLockLocked: WifiLock{Downloader type=1 binder=android.os.BinderProxy@8d92298}
08-06 15:25:33.202 26883 26903 D AntennapodHttpClient: Creating new instance of HTTP client
08-06 15:25:33.262 13866 13866 I GoogleInputMethodServic: GoogleInputMethodService.onFinishInput():3138 
08-06 15:25:33.263 13866 13866 I GoogleInputMethodServic: GoogleInputMethodService.onStartInput():1808 
08-06 15:25:33.295   918   936 I ActivityManager: Displayed baseline.de.danoeh.antennapod.debug/baseline.de.danoeh.antennapod.activity.OnlineFeedViewActivity: +129ms
08-06 15:25:33.344 26883 26895 I art     : Starting a blocking GC Explicit
08-06 15:25:33.379 26883 26895 I art     : Explicit concurrent mark sweep GC freed 7982(440KB) AllocSpace objects, 4(220KB) LOS objects, 35% free, 28MB/44MB, paused 1.372ms total 34.994ms
08-06 15:25:33.390 26883 26895 I art     : Starting a blocking GC Explicit
08-06 15:25:33.428 26883 26895 I art     : Explicit concurrent mark sweep GC freed 1329(134KB) AllocSpace objects, 0(0B) LOS objects, 35% free, 28MB/44MB, paused 1.525ms total 37.720ms
08-06 15:25:33.442 26883 26895 I art     : Starting a blocking GC Explicit
08-06 15:25:33.450   512  2967 D audio_hw_primary: disable_audio_route: reset and update mixer path: low-latency-playback speaker
08-06 15:25:33.451   512  2967 D audio_hw_primary: disable_snd_device: snd_device(2: speaker)
08-06 15:25:33.461   512  2967 I soundtrigger: audio_extn_sound_trigger_update_device_status: device 0x2 of type 0 for Event 0
08-06 15:25:33.483 26883 26895 I art     : Explicit concurrent mark sweep GC freed 13(544B) AllocSpace objects, 0(0B) LOS objects, 35% free, 28MB/44MB, paused 1.321ms total 41.018ms
08-06 15:25:33.483 26883 26903 D MYTAG   : interceptor 3a https://rss.art19.com/nice-white-parents
08-06 15:25:33.484 26883 26903 I NAPPA_EXPERIMENTATION: MetricNetworkRequestExecutionTime: REQUEST_DURATION_SYSTEM='281',REQUEST_DURATION_OKHTTP='143',REQUEST_SYNCHRONOUS='TRUE',RESPONSE_CODE='200',RESPONSE_METHOD='GET',RESPONSE_LENGTH_OKHTTP='-1',RESPONSE_LENGTH_HEADER='1803',REQUEST_PROTOCOL='h2',REQUEST_URL='https://rss.art19.com/nice-white-parents',
08-06 15:25:33.484 26883 26903 D HttpDownloader: Response code is 200
08-06 15:25:33.484 26883 26903 D UserPreferences: Using default data folder
08-06 15:25:33.487 26883 26903 D HttpDownloader: Getting size of download
08-06 15:25:33.487 26883 26903 D HttpDownloader: Size is -1
08-06 15:25:33.487 26883 26903 D UserPreferences: Using default data folder
08-06 15:25:33.487 26883 26903 D HttpDownloader: Free space is 20252794880
08-06 15:25:33.487 26883 26903 D HttpDownloader: Starting download
08-06 15:25:33.493 26883 26903 D HttpDownloader: Download was successful
08-06 15:25:33.494   918  3961 D WifiService: releaseWifiLockLocked: WifiLock{Downloader type=1 binder=android.os.BinderProxy@8d92298}
08-06 15:25:33.495 26883 26883 D OnlineFeedViewActivity: Parsing feed
08-06 15:25:33.498 26883 26895 I art     : Starting a blocking GC Explicit
08-06 15:25:33.501 26883 28900 D TypeGetter: Recognized type RSS 2.0
08-06 15:25:33.504 26883 28900 D SyndHandler: Recognized ITunes namespace
08-06 15:25:33.504 26883 28900 D SyndHandler: Recognized Atom namespace
08-06 15:25:33.504 26883 28900 D SyndHandler: Recognized Content namespace
08-06 15:25:33.515 26883 28900 D OnlineFeedViewActivity: Deleted feed source file. Result: true
08-06 15:25:33.515 26883 26883 D OnlineFeedViewActivity: Removing HTML from shownotes
08-06 15:25:33.523   380   380 W SurfaceFlinger: couldn't log to binary event log: overflow.
08-06 15:25:33.540 26883 26895 I art     : Explicit concurrent mark sweep GC freed 1346(227KB) AllocSpace objects, 3(108KB) LOS objects, 35% free, 28MB/44MB, paused 1.575ms total 42ms
08-06 15:25:33.551 26883 26895 I art     : Starting a blocking GC Explicit
08-06 15:25:33.585 26883 26895 I art     : Explicit concurrent mark sweep GC freed 928(65KB) AllocSpace objects, 1(20KB) LOS objects, 35% free, 28MB/44MB, paused 1.266ms total 33.140ms
08-06 15:25:33.665 26883 26883 D PlaybackController: Releasing PlaybackController
08-06 15:25:33.897 26883 26896 I art     : Starting a blocking GC Explicit
08-06 15:25:33.943 26883 26896 I art     : Explicit concurrent mark sweep GC freed 2112(116KB) AllocSpace objects, 2(132KB) LOS objects, 35% free, 28MB/44MB, paused 1.439ms total 45.322ms
08-06 15:25:33.958 26883 26896 I art     : Starting a blocking GC Explicit
08-06 15:25:33.998 26883 26896 I art     : Explicit concurrent mark sweep GC freed 39(1296B) AllocSpace objects, 0(0B) LOS objects, 35% free, 28MB/44MB, paused 1.373ms total 39.352ms
08-06 15:25:34.010 26883 26896 I art     : Starting a blocking GC Explicit
08-06 15:25:34.048 26883 26896 I art     : Explicit concurrent mark sweep GC freed 3(96B) AllocSpace objects, 0(0B) LOS objects, 35% free, 28MB/44MB, paused 1.457ms total 37.418ms
08-06 15:25:34.060 26883 26896 I art     : Starting a blocking GC Explicit
08-06 15:25:34.098 26883 26896 I art     : Explicit concurrent mark sweep GC freed 3(96B) AllocSpace objects, 0(0B) LOS objects, 35% free, 28MB/44MB, paused 1.427ms total 37.623ms
08-06 15:25:34.110 26883 26896 I art     : Starting a blocking GC Explicit
08-06 15:25:34.148 26883 26896 I art     : Explicit concurrent mark sweep GC freed 3(96B) AllocSpace objects, 0(0B) LOS objects, 35% free, 28MB/44MB, paused 1.444ms total 37.687ms
08-06 15:25:34.478 26883 26912 I art     : Starting a blocking GC Explicit
08-06 15:25:34.524 26883 26912 I art     : Explicit concurrent mark sweep GC freed 1372(80KB) AllocSpace objects, 1(20KB) LOS objects, 35% free, 28MB/44MB, paused 1.485ms total 45.729ms
08-06 15:25:34.540 26883 26912 I art     : Starting a blocking GC Explicit
08-06 15:25:34.580 26883 26912 I art     : Explicit concurrent mark sweep GC freed 23(752B) AllocSpace objects, 0(0B) LOS objects, 35% free, 28MB/44MB, paused 1.358ms total 40.060ms
08-06 15:25:34.593 26883 26912 I art     : Starting a blocking GC Explicit
08-06 15:25:34.633 26883 26912 I art     : Explicit concurrent mark sweep GC freed 3(96B) AllocSpace objects, 0(0B) LOS objects, 35% free, 28MB/44MB, paused 1.330ms total 40.534ms
08-06 15:25:34.646 26883 26912 I art     : Starting a blocking GC Explicit
08-06 15:25:34.688 26883 26912 I art     : Explicit concurrent mark sweep GC freed 3(96B) AllocSpace objects, 0(0B) LOS objects, 35% free, 28MB/44MB, paused 1.439ms total 41.497ms
08-06 15:25:34.704 26883 26912 I art     : Starting a blocking GC Explicit
08-06 15:25:34.745 26883 26912 I art     : Explicit concurrent mark sweep GC freed 32(880B) AllocSpace objects, 0(0B) LOS objects, 35% free, 28MB/44MB, paused 1.351ms total 40.426ms
08-06 15:25:35.089 26883 28644 I art     : Starting a blocking GC Explicit
08-06 15:25:35.142 26883 28644 I art     : Explicit concurrent mark sweep GC freed 1373(80KB) AllocSpace objects, 1(20KB) LOS objects, 35% free, 28MB/44MB, paused 1.301ms total 52.686ms
08-06 15:25:35.158 26883 28644 I art     : Starting a blocking GC Explicit
08-06 15:25:35.195 26883 28644 I art     : Explicit concurrent mark sweep GC freed 31(1008B) AllocSpace objects, 0(0B) LOS objects, 35% free, 28MB/44MB, paused 1.276ms total 36.490ms
08-06 15:25:35.207 26883 28644 I art     : Starting a blocking GC Explicit
08-06 15:25:35.244 26883 28644 I art     : Explicit concurrent mark sweep GC freed 8(256B) AllocSpace objects, 0(0B) LOS objects, 35% free, 28MB/44MB, paused 1.271ms total 36.827ms
08-06 15:25:35.257 26883 28644 I art     : Starting a blocking GC Explicit
08-06 15:25:35.295 26883 28644 I art     : Explicit concurrent mark sweep GC freed 8(256B) AllocSpace objects, 0(0B) LOS objects, 35% free, 28MB/44MB, paused 1.281ms total 37.924ms
08-06 15:25:35.307 26883 28644 I art     : Starting a blocking GC Explicit
08-06 15:25:35.344 26883 28644 I art     : Explicit concurrent mark sweep GC freed 9(288B) AllocSpace objects, 0(0B) LOS objects, 35% free, 28MB/44MB, paused 1.509ms total 37.127ms
08-06 15:25:35.698 26883 26896 I art     : Starting a blocking GC Explicit
08-06 15:25:35.745 26883 26896 I art     : Explicit concurrent mark sweep GC freed 1406(81KB) AllocSpace objects, 1(20KB) LOS objects, 35% free, 28MB/44MB, paused 1.440ms total 46.055ms
08-06 15:25:35.759 26883 26896 I art     : Starting a blocking GC Explicit
08-06 15:25:35.798 26883 26896 I art     : Explicit concurrent mark sweep GC freed 23(752B) AllocSpace objects, 0(0B) LOS objects, 35% free, 28MB/44MB, paused 1.485ms total 39.060ms
08-06 15:25:35.810 26883 26896 I art     : Starting a blocking GC Explicit
08-06 15:25:35.851 26883 26896 I art     : Explicit concurrent mark sweep GC freed 3(96B) AllocSpace objects, 0(0B) LOS objects, 35% free, 28MB/44MB, paused 1.425ms total 40.053ms
08-06 15:25:35.864 26883 26896 I art     : Starting a blocking GC Explicit
08-06 15:25:35.905 26883 26896 I art     : Explicit concurrent mark sweep GC freed 3(96B) AllocSpace objects, 0(0B) LOS objects, 35% free, 28MB/44MB, paused 1.422ms total 41.114ms
08-06 15:25:35.918 26883 26896 I art     : Starting a blocking GC Explicit
08-06 15:25:35.957 26883 26896 I art     : Explicit concurrent mark sweep GC freed 3(96B) AllocSpace objects, 0(0B) LOS objects, 35% free, 28MB/44MB, paused 1.423ms total 39.007ms
08-06 15:25:36.299 26883 28019 I art     : Starting a blocking GC Explicit
08-06 15:25:36.342 26883 28019 I art     : Explicit concurrent mark sweep GC freed 1372(80KB) AllocSpace objects, 1(20KB) LOS objects, 35% free, 28MB/44MB, paused 1.325ms total 42.930ms
08-06 15:25:36.355 26883 28019 I art     : Starting a blocking GC Explicit
08-06 15:25:36.396 26883 28019 I art     : Explicit concurrent mark sweep GC freed 23(752B) AllocSpace objects, 0(0B) LOS objects, 35% free, 28MB/44MB, paused 1.419ms total 41.292ms
08-06 15:25:36.411 26883 28019 I art     : Starting a blocking GC Explicit
08-06 15:25:36.452 26883 28019 I art     : Explicit concurrent mark sweep GC freed 3(96B) AllocSpace objects, 0(0B) LOS objects, 35% free, 28MB/44MB, paused 1.432ms total 39.837ms
08-06 15:25:36.464 26883 28019 I art     : Starting a blocking GC Explicit
08-06 15:25:36.506 26883 28019 I art     : Explicit concurrent mark sweep GC freed 3(96B) AllocSpace objects, 0(0B) LOS objects, 35% free, 28MB/44MB, paused 1.406ms total 41.508ms
08-06 15:25:36.519 26883 28019 I art     : Starting a blocking GC Explicit
08-06 15:25:36.558 26883 28019 I art     : Explicit concurrent mark sweep GC freed 3(96B) AllocSpace objects, 0(0B) LOS objects, 35% free, 28MB/44MB, paused 1.424ms total 39.213ms
08-06 15:25:36.922 26883 26912 I art     : Starting a blocking GC Explicit
08-06 15:25:36.966 26883 26912 I art     : Explicit concurrent mark sweep GC freed 1401(81KB) AllocSpace objects, 1(20KB) LOS objects, 35% free, 28MB/44MB, paused 1.318ms total 43.412ms
08-06 15:25:36.978 26883 26912 I art     : Starting a blocking GC Explicit
08-06 15:25:37.018 26883 26912 I art     : Explicit concurrent mark sweep GC freed 23(752B) AllocSpace objects, 0(0B) LOS objects, 35% free, 28MB/44MB, paused 1.475ms total 39.963ms
08-06 15:25:37.034 26883 26912 I art     : Starting a blocking GC Explicit
08-06 15:25:37.073 26883 26912 I art     : Explicit concurrent mark sweep GC freed 3(96B) AllocSpace objects, 0(0B) LOS objects, 35% free, 28MB/44MB, paused 1.293ms total 38.356ms
08-06 15:25:37.085 26883 26912 I art     : Starting a blocking GC Explicit
08-06 15:25:37.119 26883 26912 I art     : Explicit concurrent mark sweep GC freed 3(96B) AllocSpace objects, 0(0B) LOS objects, 35% free, 28MB/44MB, paused 1.372ms total 34.642ms
08-06 15:25:37.131 26883 26912 I art     : Starting a blocking GC Explicit
08-06 15:25:37.167 26883 26912 I art     : Explicit concurrent mark sweep GC freed 3(96B) AllocSpace objects, 0(0B) LOS objects, 35% free, 28MB/44MB, paused 1.346ms total 35.035ms
08-06 15:25:37.503 26883 26895 I art     : Starting a blocking GC Explicit
08-06 15:25:37.548 26883 26895 I art     : Explicit concurrent mark sweep GC freed 1373(82KB) AllocSpace objects, 1(20KB) LOS objects, 35% free, 28MB/44MB, paused 1.448ms total 44.925ms
08-06 15:25:37.563 26883 26895 I art     : Starting a blocking GC Explicit
08-06 15:25:37.602 26883 26895 I art     : Explicit concurrent mark sweep GC freed 23(752B) AllocSpace objects, 0(0B) LOS objects, 35% free, 28MB/44MB, paused 1.417ms total 38.238ms
08-06 15:25:37.614 26883 26895 I art     : Starting a blocking GC Explicit
08-06 15:25:37.624 28961 28961 D AndroidRuntime: >>>>>> START com.android.internal.os.RuntimeInit uid 2000 <<<<<<
08-06 15:25:37.630 28961 28961 D AndroidRuntime: CheckJNI is OFF
08-06 15:25:37.652 26883 26895 I art     : Explicit concurrent mark sweep GC freed 3(96B) AllocSpace objects, 0(0B) LOS objects, 35% free, 28MB/44MB, paused 1.359ms total 37.515ms
08-06 15:25:37.663 26883 26895 I art     : Starting a blocking GC Explicit
08-06 15:25:37.679 28961 28961 D ICU     : No timezone override file found: /data/misc/zoneinfo/current/icu/icu_tzdata.dat
08-06 15:25:37.701 26883 26895 I art     : Explicit concurrent mark sweep GC freed 3(96B) AllocSpace objects, 0(0B) LOS objects, 35% free, 28MB/44MB, paused 1.483ms total 37.223ms
08-06 15:25:37.714 26883 26895 I art     : Starting a blocking GC Explicit
08-06 15:25:37.725 28961 28961 I Radio-JNI: register_android_hardware_Radio DONE
08-06 15:25:37.751 26883 26895 I art     : Explicit concurrent mark sweep GC freed 32(880B) AllocSpace objects, 0(0B) LOS objects, 35% free, 28MB/44MB, paused 1.337ms total 37.147ms
08-06 15:25:37.755 28961 28961 D AndroidRuntime: Calling main entry com.android.commands.input.Input
08-06 15:25:37.757 28961 28961 I Input   : injectKeyEvent: KeyEvent { action=ACTION_DOWN, keyCode=KEYCODE_BACK, scanCode=0, metaState=0, flags=0x0, repeatCount=0, eventTime=890754170, downTime=890754170, deviceId=-1, source=0x101 }
08-06 15:25:37.765 28961 28961 I Input   : injectKeyEvent: KeyEvent { action=ACTION_UP, keyCode=KEYCODE_BACK, scanCode=0, metaState=0, flags=0x0, repeatCount=0, eventTime=890754170, downTime=890754170, deviceId=-1, source=0x101 }
08-06 15:25:37.771 28961 28961 D AndroidRuntime: Shutting down VM
08-06 15:25:37.775 26883 26883 V PlaybackController: initServiceNotRunning()
08-06 15:25:37.775 26883 26883 D ExternalPlayerFragment: Loading media info
08-06 15:25:37.781 26883 26883 D UserPreferences: Using default data folder
08-06 15:25:37.782 26883 26903 D DBReader: getNavDrawerData() called with: 
08-06 15:25:37.793 26883 26903 D DBReader: getDownloadedItems() called
08-06 15:25:37.795 26883 26903 D DBReader: getFavoriteIDList() called
08-06 15:25:37.795 26883 26903 D DBReader: getQueueIDList() called
08-06 15:25:37.796 26883 26903 D DBReader: Extracting Feedlist
08-06 15:25:37.809 13866 13866 I GoogleInputMethodServic: GoogleInputMethodService.onFinishInput():3138 
08-06 15:25:37.809 13866 13866 I GoogleInputMethodServic: GoogleInputMethodService.onStartInput():1808 
08-06 15:25:37.824 26883 26883 D MainActivity: getLastNavFragment() -> AddFeedFragment
08-06 15:25:38.055 26883 28019 I art     : Starting a blocking GC Explicit
08-06 15:25:38.094   380   380 W SurfaceFlinger: couldn't log to binary event log: overflow.
08-06 15:25:38.096 26883 28019 I art     : Explicit concurrent mark sweep GC freed 2484(153KB) AllocSpace objects, 1(20KB) LOS objects, 35% free, 28MB/44MB, paused 1.367ms total 40.813ms
08-06 15:25:38.112 26883 28019 I art     : Starting a blocking GC Explicit
08-06 15:25:38.147 26883 28019 I art     : Explicit concurrent mark sweep GC freed 1045(48KB) AllocSpace objects, 0(0B) LOS objects, 35% free, 28MB/44MB, paused 1.280ms total 34.390ms
08-06 15:25:38.158 26883 28019 I art     : Starting a blocking GC Explicit
08-06 15:25:38.192 26883 28019 I art     : Explicit concurrent mark sweep GC freed 2438(152KB) AllocSpace objects, 1(28KB) LOS objects, 36% free, 28MB/44MB, paused 1.304ms total 34.267ms
08-06 15:25:38.203 26883 28019 I art     : Starting a blocking GC Explicit
08-06 15:25:38.235 26883 28019 I art     : Explicit concurrent mark sweep GC freed 3(96B) AllocSpace objects, 0(0B) LOS objects, 36% free, 28MB/44MB, paused 1.294ms total 31.813ms
08-06 15:25:38.246 26883 28019 I art     : Starting a blocking GC Explicit
08-06 15:25:38.278 26883 28019 I art     : Explicit concurrent mark sweep GC freed 3(96B) AllocSpace objects, 0(0B) LOS objects, 36% free, 28MB/44MB, paused 1.307ms total 31.620ms
08-06 15:25:38.581 26883 26896 I art     : Starting a blocking GC Explicit
08-06 15:25:38.617 26883 26896 I art     : Explicit concurrent mark sweep GC freed 1372(80KB) AllocSpace objects, 1(20KB) LOS objects, 36% free, 28MB/44MB, paused 1.314ms total 35.172ms
08-06 15:25:38.629 26883 26896 I art     : Starting a blocking GC Explicit
08-06 15:25:38.664 26883 26896 I art     : Explicit concurrent mark sweep GC freed 25(832B) AllocSpace objects, 0(0B) LOS objects, 36% free, 28MB/44MB, paused 1.356ms total 34.703ms
08-06 15:25:38.675 26883 26896 I art     : Starting a blocking GC Explicit
08-06 15:25:38.711 26883 26896 I art     : Explicit concurrent mark sweep GC freed 3(96B) AllocSpace objects, 0(0B) LOS objects, 36% free, 28MB/44MB, paused 1.354ms total 35.093ms
08-06 15:25:38.723 26883 26896 I art     : Starting a blocking GC Explicit
08-06 15:25:38.759 26883 26896 I art     : Explicit concurrent mark sweep GC freed 32(880B) AllocSpace objects, 0(0B) LOS objects, 36% free, 28MB/44MB, paused 1.451ms total 35.577ms
08-06 15:25:38.771 26883 26896 I art     : Starting a blocking GC Explicit
08-06 15:25:38.807 26883 26896 I art     : Explicit concurrent mark sweep GC freed 3(96B) AllocSpace objects, 0(0B) LOS objects, 36% free, 28MB/44MB, paused 1.262ms total 35.966ms
08-06 15:25:39.129 26883 26895 I art     : Starting a blocking GC Explicit
08-06 15:25:39.166 26883 26895 I art     : Explicit concurrent mark sweep GC freed 1374(82KB) AllocSpace objects, 1(20KB) LOS objects, 36% free, 28MB/44MB, paused 1.389ms total 37.424ms
08-06 15:25:39.179 26883 26895 I art     : Starting a blocking GC Explicit
08-06 15:25:39.213 26883 26895 I art     : Explicit concurrent mark sweep GC freed 23(752B) AllocSpace objects, 0(0B) LOS objects, 36% free, 28MB/44MB, paused 1.347ms total 34.072ms
08-06 15:25:39.225 26883 26895 I art     : Starting a blocking GC Explicit
08-06 15:25:39.259 26883 26895 I art     : Explicit concurrent mark sweep GC freed 3(96B) AllocSpace objects, 0(0B) LOS objects, 36% free, 28MB/44MB, paused 1.296ms total 34.085ms
08-06 15:25:39.271 26883 26895 I art     : Starting a blocking GC Explicit
08-06 15:25:39.306 26883 26895 I art     : Explicit concurrent mark sweep GC freed 3(96B) AllocSpace objects, 0(0B) LOS objects, 36% free, 28MB/44MB, paused 1.332ms total 34.606ms
08-06 15:25:39.317 26883 26895 I art     : Starting a blocking GC Explicit
08-06 15:25:39.352 26883 26895 I art     : Explicit concurrent mark sweep GC freed 3(96B) AllocSpace objects, 0(0B) LOS objects, 36% free, 28MB/44MB, paused 1.355ms total 34.605ms
08-06 15:25:39.557 29010 29010 D AndroidRuntime: >>>>>> START com.android.internal.os.RuntimeInit uid 2000 <<<<<<
08-06 15:25:39.563 29010 29010 D AndroidRuntime: CheckJNI is OFF
08-06 15:25:39.603 29010 29010 D ICU     : No timezone override file found: /data/misc/zoneinfo/current/icu/icu_tzdata.dat
08-06 15:25:39.644 29010 29010 I Radio-JNI: register_android_hardware_Radio DONE
08-06 15:25:39.673 29010 29010 D AndroidRuntime: Calling main entry com.android.commands.input.Input
08-06 15:25:39.675 29010 29010 I Input   : injectKeyEvent: KeyEvent { action=ACTION_DOWN, keyCode=KEYCODE_BACK, scanCode=0, metaState=0, flags=0x0, repeatCount=0, eventTime=890756088, downTime=890756088, deviceId=-1, source=0x101 }
08-06 15:25:39.682 29010 29010 I Input   : injectKeyEvent: KeyEvent { action=ACTION_UP, keyCode=KEYCODE_BACK, scanCode=0, metaState=0, flags=0x0, repeatCount=0, eventTime=890756088, downTime=890756088, deviceId=-1, source=0x101 }
08-06 15:25:39.688 26883 26895 I art     : Starting a blocking GC Explicit
08-06 15:25:39.699 13866 13866 I GoogleInputMethodServic: GoogleInputMethodService.onFinishInput():3138 
08-06 15:25:39.699 13866 13866 I GoogleInputMethodServic: GoogleInputMethodService.onStartInput():1808 
08-06 15:25:39.705 29010 29010 D AndroidRuntime: Shutting down VM
08-06 15:25:39.728 26883 26895 I art     : Explicit concurrent mark sweep GC freed 2540(127KB) AllocSpace objects, 1(20KB) LOS objects, 35% free, 28MB/44MB, paused 1.818ms total 39.084ms
08-06 15:25:39.739 26883 26895 I art     : Starting a blocking GC Explicit
08-06 15:25:39.774 26883 26895 I art     : Explicit concurrent mark sweep GC freed 225(14KB) AllocSpace objects, 0(0B) LOS objects, 36% free, 28MB/44MB, paused 1.345ms total 34.422ms
08-06 15:25:39.786 26883 26895 I art     : Starting a blocking GC Explicit
08-06 15:25:39.822 26883 26895 I art     : Explicit concurrent mark sweep GC freed 2507(166KB) AllocSpace objects, 9(1540KB) LOS objects, 37% free, 26MB/42MB, paused 1.378ms total 35.536ms
08-06 15:25:39.834 26883 26895 I art     : Starting a blocking GC Explicit
08-06 15:25:39.869 26883 26895 I art     : Explicit concurrent mark sweep GC freed 3(96B) AllocSpace objects, 0(0B) LOS objects, 37% free, 26MB/42MB, paused 1.384ms total 35.517ms
08-06 15:25:39.882 26883 26895 I art     : Starting a blocking GC Explicit
08-06 15:25:39.917 26883 26895 I art     : Explicit concurrent mark sweep GC freed 3(96B) AllocSpace objects, 0(0B) LOS objects, 37% free, 26MB/42MB, paused 1.422ms total 34.964ms
08-06 15:25:40.218 26883 28644 I art     : Starting a blocking GC Explicit
08-06 15:25:40.262 26883 28644 I art     : Explicit concurrent mark sweep GC freed 1373(80KB) AllocSpace objects, 1(20KB) LOS objects, 37% free, 26MB/42MB, paused 1.637ms total 42.923ms
08-06 15:25:40.276 26883 28644 I art     : Starting a blocking GC Explicit
08-06 15:25:40.312 26883 28644 I art     : Explicit concurrent mark sweep GC freed 23(752B) AllocSpace objects, 0(0B) LOS objects, 37% free, 26MB/42MB, paused 1.357ms total 35.279ms
08-06 15:25:40.324 26883 28644 I art     : Starting a blocking GC Explicit
08-06 15:25:40.360 26883 28644 I art     : Explicit concurrent mark sweep GC freed 3(96B) AllocSpace objects, 0(0B) LOS objects, 37% free, 26MB/42MB, paused 1.369ms total 35.676ms
08-06 15:25:40.372 26883 28644 I art     : Starting a blocking GC Explicit
08-06 15:25:40.408 26883 28644 I art     : Explicit concurrent mark sweep GC freed 3(96B) AllocSpace objects, 0(0B) LOS objects, 37% free, 26MB/42MB, paused 1.454ms total 35.835ms
08-06 15:25:40.420 26883 28644 I art     : Starting a blocking GC Explicit
08-06 15:25:40.456 26883 28644 I art     : Explicit concurrent mark sweep GC freed 3(96B) AllocSpace objects, 0(0B) LOS objects, 37% free, 26MB/42MB, paused 1.344ms total 35.587ms
08-06 15:25:40.780 26883 28019 I art     : Starting a blocking GC Explicit
08-06 15:25:40.828 26883 28019 I art     : Explicit concurrent mark sweep GC freed 1401(82KB) AllocSpace objects, 1(20KB) LOS objects, 37% free, 26MB/42MB, paused 1.441ms total 46.564ms
08-06 15:25:40.843 26883 28019 I art     : Starting a blocking GC Explicit
08-06 15:25:40.879 26883 28019 I art     : Explicit concurrent mark sweep GC freed 23(752B) AllocSpace objects, 0(0B) LOS objects, 37% free, 26MB/42MB, paused 1.407ms total 35.788ms
08-06 15:25:40.891 26883 28019 I art     : Starting a blocking GC Explicit
08-06 15:25:40.927 26883 28019 I art     : Explicit concurrent mark sweep GC freed 3(96B) AllocSpace objects, 0(0B) LOS objects, 37% free, 26MB/42MB, paused 1.323ms total 35.818ms
08-06 15:25:40.939 26883 28019 I art     : Starting a blocking GC Explicit
08-06 15:25:40.974 26883 28019 I art     : Explicit concurrent mark sweep GC freed 3(96B) AllocSpace objects, 0(0B) LOS objects, 37% free, 26MB/42MB, paused 1.344ms total 34.467ms
08-06 15:25:40.985 26883 28019 I art     : Starting a blocking GC Explicit
08-06 15:25:41.019 26883 28019 I art     : Explicit concurrent mark sweep GC freed 3(96B) AllocSpace objects, 0(0B) LOS objects, 37% free, 26MB/42MB, paused 1.379ms total 33.409ms
08-06 15:25:41.321 26883 26912 I art     : Starting a blocking GC Explicit
08-06 15:25:41.359 26883 26912 I art     : Explicit concurrent mark sweep GC freed 1378(81KB) AllocSpace objects, 1(20KB) LOS objects, 37% free, 26MB/42MB, paused 1.375ms total 38.358ms
08-06 15:25:41.373 26883 26912 I art     : Starting a blocking GC Explicit
08-06 15:25:41.408 26883 26912 I art     : Explicit concurrent mark sweep GC freed 29(944B) AllocSpace objects, 0(0B) LOS objects, 37% free, 26MB/42MB, paused 1.386ms total 34.755ms
08-06 15:25:41.420 26883 26912 I art     : Starting a blocking GC Explicit
08-06 15:25:41.453 26883 26912 I art     : Explicit concurrent mark sweep GC freed 9(288B) AllocSpace objects, 0(0B) LOS objects, 37% free, 26MB/42MB, paused 1.316ms total 33.456ms
08-06 15:25:41.466 26883 26912 I art     : Starting a blocking GC Explicit
08-06 15:25:41.477 29058 29058 D AndroidRuntime: >>>>>> START com.android.internal.os.RuntimeInit uid 2000 <<<<<<
08-06 15:25:41.482 29058 29058 D AndroidRuntime: CheckJNI is OFF
08-06 15:25:41.501 26883 26912 I art     : Explicit concurrent mark sweep GC freed 9(288B) AllocSpace objects, 0(0B) LOS objects, 37% free, 26MB/42MB, paused 1.387ms total 35.083ms
08-06 15:25:41.513 26883 26912 I art     : Starting a blocking GC Explicit
08-06 15:25:41.529 29058 29058 D ICU     : No timezone override file found: /data/misc/zoneinfo/current/icu/icu_tzdata.dat
08-06 15:25:41.547 26883 26912 I art     : Explicit concurrent mark sweep GC freed 7(224B) AllocSpace objects, 0(0B) LOS objects, 37% free, 26MB/42MB, paused 1.356ms total 33.883ms
08-06 15:25:41.579 29058 29058 I Radio-JNI: register_android_hardware_Radio DONE
08-06 15:25:41.606 29058 29058 D AndroidRuntime: Calling main entry com.android.commands.input.Input
08-06 15:25:41.609 29058 29058 I Input   : injectMotionEvent: MotionEvent { action=ACTION_DOWN, actionButton=0, id[0]=0, x[0]=103.0, y[0]=192.0, toolType[0]=TOOL_TYPE_UNKNOWN, buttonState=0, metaState=0, flags=0x0, edgeFlags=0x0, pointerCount=1, historySize=0, eventTime=890758021, downTime=890758021, deviceId=0, source=0x1002 }
08-06 15:25:41.615 29058 29058 I Input   : injectMotionEvent: MotionEvent { action=ACTION_UP, actionButton=0, id[0]=0, x[0]=103.0, y[0]=192.0, toolType[0]=TOOL_TYPE_UNKNOWN, buttonState=0, metaState=0, flags=0x0, edgeFlags=0x0, pointerCount=1, historySize=0, eventTime=890758021, downTime=890758021, deviceId=0, source=0x1002 }
08-06 15:25:41.618 29058 29058 D AndroidRuntime: Shutting down VM
08-06 15:25:41.634   512  2967 D audio_hw_primary: out_set_parameters: enter: usecase(1: low-latency-playback) kvpairs: routing=2
08-06 15:25:41.647   512  2967 D audio_hw_primary: select_devices: out_snd_device(2: speaker) in_snd_device(0: none)
08-06 15:25:41.648   512  2967 D msm8974_platform: platform_send_audio_calibration: sending audio calibration for snd_device(2) acdb_id(15)
08-06 15:25:41.648   512  2967 I soundtrigger: audio_extn_sound_trigger_update_device_status: device 0x2 of type 0 for Event 1
08-06 15:25:41.658   512  2967 D audio_hw_primary: enable_snd_device: snd_device(2: speaker)
08-06 15:25:41.661   512  2967 D audio_hw_primary: enable_audio_route: apply and update mixer path: low-latency-playback speaker
08-06 15:25:41.677 13866 13866 I GoogleInputMethodServic: GoogleInputMethodService.onFinishInput():3138 
08-06 15:25:41.679 13866 13866 I GoogleInputMethodServic: GoogleInputMethodService.onStartInput():1808 
08-06 15:25:41.838 26883 26895 I art     : Starting a blocking GC Explicit
08-06 15:25:41.872 26883 26895 I art     : Explicit concurrent mark sweep GC freed 2006(111KB) AllocSpace objects, 1(20KB) LOS objects, 37% free, 26MB/42MB, paused 1.243ms total 34.199ms
08-06 15:25:41.884 26883 26895 I art     : Starting a blocking GC Explicit
08-06 15:25:41.918 26883 26895 I art     : Explicit concurrent mark sweep GC freed 102(5KB) AllocSpace objects, 0(0B) LOS objects, 37% free, 26MB/42MB, paused 1.378ms total 33.894ms
08-06 15:25:41.930 26883 26895 I art     : Starting a blocking GC Explicit
08-06 15:25:41.962 26883 26895 I art     : Explicit concurrent mark sweep GC freed 3(96B) AllocSpace objects, 0(0B) LOS objects, 37% free, 26MB/42MB, paused 1.318ms total 32.155ms
08-06 15:25:41.974 26883 26895 I art     : Starting a blocking GC Explicit
08-06 15:25:42.008 26883 26895 I art     : Explicit concurrent mark sweep GC freed 3(96B) AllocSpace objects, 0(0B) LOS objects, 37% free, 26MB/42MB, paused 1.374ms total 33.602ms
08-06 15:25:42.020 26883 26895 I art     : Starting a blocking GC Explicit
08-06 15:25:42.054 26883 26895 I art     : Explicit concurrent mark sweep GC freed 11(384B) AllocSpace objects, 0(0B) LOS objects, 37% free, 26MB/42MB, paused 1.238ms total 33.524ms
08-06 15:25:42.210   512  2967 D audio_hw_primary: disable_audio_route: reset and update mixer path: low-latency-playback speaker
08-06 15:25:42.210   512  2967 D audio_hw_primary: disable_snd_device: snd_device(2: speaker)
08-06 15:25:42.220   512  2967 I soundtrigger: audio_extn_sound_trigger_update_device_status: device 0x2 of type 0 for Event 0
08-06 15:25:42.365 26883 26896 I art     : Starting a blocking GC Explicit
08-06 15:25:42.406 26883 26896 I art     : Explicit concurrent mark sweep GC freed 1372(80KB) AllocSpace objects, 1(20KB) LOS objects, 37% free, 26MB/42MB, paused 1.437ms total 40.884ms
08-06 15:25:42.420 26883 26896 I art     : Starting a blocking GC Explicit
08-06 15:25:42.456 26883 26896 I art     : Explicit concurrent mark sweep GC freed 27(880B) AllocSpace objects, 0(0B) LOS objects, 37% free, 26MB/42MB, paused 1.366ms total 35.739ms
08-06 15:25:42.475 26883 26896 I art     : Starting a blocking GC Explicit
08-06 15:25:42.510 26883 26896 I art     : Explicit concurrent mark sweep GC freed 3(96B) AllocSpace objects, 0(0B) LOS objects, 37% free, 26MB/42MB, paused 1.386ms total 34.905ms
08-06 15:25:42.522 26883 26896 I art     : Starting a blocking GC Explicit
08-06 15:25:42.557 26883 26896 I art     : Explicit concurrent mark sweep GC freed 3(96B) AllocSpace objects, 0(0B) LOS objects, 37% free, 26MB/42MB, paused 1.444ms total 35.558ms
08-06 15:25:42.569 26883 26896 I art     : Starting a blocking GC Explicit
08-06 15:25:42.605 26883 26896 I art     : Explicit concurrent mark sweep GC freed 3(96B) AllocSpace objects, 0(0B) LOS objects, 37% free, 26MB/42MB, paused 1.353ms total 35.154ms
08-06 15:25:42.933 26883 28644 I art     : Starting a blocking GC Explicit
08-06 15:25:42.974 26883 28644 I art     : Explicit concurrent mark sweep GC freed 1400(81KB) AllocSpace objects, 1(20KB) LOS objects, 37% free, 26MB/42MB, paused 1.429ms total 40.685ms
08-06 15:25:42.987 26883 28644 I art     : Starting a blocking GC Explicit
08-06 15:25:43.022 26883 28644 I art     : Explicit concurrent mark sweep GC freed 23(752B) AllocSpace objects, 0(0B) LOS objects, 37% free, 26MB/42MB, paused 1.360ms total 34.653ms
08-06 15:25:43.034 26883 28644 I art     : Starting a blocking GC Explicit
08-06 15:25:43.069 26883 28644 I art     : Explicit concurrent mark sweep GC freed 3(96B) AllocSpace objects, 0(0B) LOS objects, 37% free, 26MB/42MB, paused 1.385ms total 34.558ms
08-06 15:25:43.080 26883 28644 I art     : Starting a blocking GC Explicit
08-06 15:25:43.114 26883 28644 I art     : Explicit concurrent mark sweep GC freed 3(96B) AllocSpace objects, 0(0B) LOS objects, 37% free, 26MB/42MB, paused 1.314ms total 33.673ms
08-06 15:25:43.114 26883 26894 I art     : WaitForGcToComplete blocked for 18.267ms for cause HeapTrim
08-06 15:25:43.126 26883 28644 I art     : Starting a blocking GC Explicit
08-06 15:25:43.161 26883 28644 I art     : Explicit concurrent mark sweep GC freed 3(96B) AllocSpace objects, 0(0B) LOS objects, 37% free, 26MB/42MB, paused 1.365ms total 34.170ms
08-06 15:25:43.252   918  3261 D WifiStateMachine: starting scan for "H369AA63323"WPA_PSK with 2412,5180
08-06 15:25:43.402 29111 29111 D AndroidRuntime: >>>>>> START com.android.internal.os.RuntimeInit uid 2000 <<<<<<
08-06 15:25:43.409 29111 29111 D AndroidRuntime: CheckJNI is OFF
08-06 15:25:43.451 29111 29111 D ICU     : No timezone override file found: /data/misc/zoneinfo/current/icu/icu_tzdata.dat
08-06 15:25:43.484 26883 28644 I art     : Starting a blocking GC Explicit
08-06 15:25:43.493 29111 29111 I Radio-JNI: register_android_hardware_Radio DONE
08-06 15:25:43.519 26883 28644 I art     : Explicit concurrent mark sweep GC freed 1399(81KB) AllocSpace objects, 1(20KB) LOS objects, 37% free, 26MB/42MB, paused 1.511ms total 35.346ms
08-06 15:25:43.523 29111 29111 D AndroidRuntime: Calling main entry com.android.commands.input.Input
08-06 15:25:43.526 29111 29111 I Input   : injectMotionEvent: MotionEvent { action=ACTION_DOWN, actionButton=0, id[0]=0, x[0]=625.0, y[0]=1248.0, toolType[0]=TOOL_TYPE_UNKNOWN, buttonState=0, metaState=0, flags=0x0, edgeFlags=0x0, pointerCount=1, historySize=0, eventTime=890759938, downTime=890759938, deviceId=0, source=0x1002 }
08-06 15:25:43.531 29111 29111 I Input   : injectMotionEvent: MotionEvent { action=ACTION_UP, actionButton=0, id[0]=0, x[0]=625.0, y[0]=1248.0, toolType[0]=TOOL_TYPE_UNKNOWN, buttonState=0, metaState=0, flags=0x0, edgeFlags=0x0, pointerCount=1, historySize=0, eventTime=890759938, downTime=890759938, deviceId=0, source=0x1002 }
08-06 15:25:43.532 26883 28644 I art     : Starting a blocking GC Explicit
08-06 15:25:43.534 29111 29111 D AndroidRuntime: Shutting down VM
08-06 15:25:43.566 26883 28644 I art     : Explicit concurrent mark sweep GC freed 60(2016B) AllocSpace objects, 0(0B) LOS objects, 37% free, 26MB/42MB, paused 1.317ms total 34.591ms
08-06 15:25:43.578 26883 28644 I art     : Starting a blocking GC Explicit
08-06 15:25:43.598 26883 26883 D MainActivity: loadFragment(index: 7, args: null)
08-06 15:25:43.600 26883 26883 D MainActivity: saveLastNavFragment(tag: 2)
08-06 15:25:43.600 26883 26883 D MainActivity: getLastNavFragment() -> 2
08-06 15:25:43.601   512  2967 D audio_hw_primary: out_set_parameters: enter: usecase(1: low-latency-playback) kvpairs: routing=2
08-06 15:25:43.612 26883 28644 I art     : Explicit concurrent mark sweep GC freed 238(22KB) AllocSpace objects, 1(20KB) LOS objects, 37% free, 26MB/42MB, paused 1.923ms total 34.249ms
08-06 15:25:43.614   512  2967 D audio_hw_primary: select_devices: out_snd_device(2: speaker) in_snd_device(0: none)
08-06 15:25:43.614   512  2967 D msm8974_platform: platform_send_audio_calibration: sending audio calibration for snd_device(2) acdb_id(15)
08-06 15:25:43.614   512  2967 I soundtrigger: audio_extn_sound_trigger_update_device_status: device 0x2 of type 0 for Event 1
08-06 15:25:43.624 26883 28644 I art     : Starting a blocking GC Explicit
08-06 15:25:43.625   512  2967 D audio_hw_primary: enable_snd_device: snd_device(2: speaker)
08-06 15:25:43.629   512  2967 D audio_hw_primary: enable_audio_route: apply and update mixer path: low-latency-playback speaker
08-06 15:25:43.631 26883 26883 D ItemlistFragment: onEventMainThread() called with: event = [DownloadEvent{update=DownloaderUpdate{downloaders=[], feedIds=[], mediaIds=[]}}]
08-06 15:25:43.632 26883 27435 D DBReader: getFeed() called with: feedId = [2]
08-06 15:25:43.636 26883 27435 D DBReader: getFeedItemList() called with: feed = [baseline.de.danoeh.antennapod.core.feed.Feed@2]
08-06 15:25:43.658 26883 28644 I art     : Explicit concurrent mark sweep GC freed 2292(109KB) AllocSpace objects, 0(0B) LOS objects, 37% free, 27MB/43MB, paused 1.871ms total 34.219ms
08-06 15:25:43.670 26883 28644 I art     : Starting a blocking GC Explicit
08-06 15:25:43.706 26883 28644 I art     : Explicit concurrent mark sweep GC freed 1177(28KB) AllocSpace objects, 0(0B) LOS objects, 36% free, 27MB/43MB, paused 1.769ms total 36.446ms
08-06 15:25:43.741 26883 27435 W PodDBAdapter: Length of id array is larger than 800. Creating multiple cursors
08-06 15:25:43.835 26883 27435 D DBReader: getFavoriteIDList() called
08-06 15:25:43.837 26883 27435 D DBReader: getQueueIDList() called
08-06 15:25:43.838 26883 27435 D DBReader: Extracting Feedlist
08-06 15:25:43.882 26883 26883 D FeedMenuHandler: Preparing options menu
08-06 15:25:43.949 26883 27806 D ApOkHttpUrlLoader: buildLoadData() called with: model = [http://static.libsyn.com/p/assets/7/1/f/3/71f3014e14ef2722/JREiTunesImage2.jpg], width = [1440], height = [462]
08-06 15:25:44.014 26883 26896 I art     : Starting a blocking GC Explicit
08-06 15:25:44.058 26883 26904 V RenderScript: 0x7f7b038000 Launching thread(s), CPUs 8
08-06 15:25:44.061 26883 26896 I art     : Explicit concurrent mark sweep GC freed 16022(763KB) AllocSpace objects, 3(52KB) LOS objects, 29% free, 37MB/53MB, paused 1.519ms total 46.411ms
08-06 15:25:44.074 26883 26896 I art     : Starting a blocking GC Explicit
08-06 15:25:44.118 26883 26896 I art     : Explicit concurrent mark sweep GC freed 1007(59KB) AllocSpace objects, 0(0B) LOS objects, 30% free, 37MB/53MB, paused 1.599ms total 43.933ms
08-06 15:25:44.130 13866 13866 I GoogleInputMethodServic: GoogleInputMethodService.onFinishInput():3138 
08-06 15:25:44.131 13866 13866 I GoogleInputMethodServic: GoogleInputMethodService.onStartInput():1808 
08-06 15:25:44.131 26883 26896 I art     : Starting a blocking GC Explicit
08-06 15:25:44.171   512  2967 D audio_hw_primary: disable_audio_route: reset and update mixer path: low-latency-playback speaker
08-06 15:25:44.172 26883 26896 I art     : Explicit concurrent mark sweep GC freed 213(8KB) AllocSpace objects, 0(0B) LOS objects, 30% free, 37MB/53MB, paused 1.368ms total 40.556ms
08-06 15:25:44.172   512  2967 D audio_hw_primary: disable_snd_device: snd_device(2: speaker)
08-06 15:25:44.180   512  2967 I soundtrigger: audio_extn_sound_trigger_update_device_status: device 0x2 of type 0 for Event 0
08-06 15:25:44.185 26883 26896 I art     : Starting a blocking GC Explicit
08-06 15:25:44.226 26883 26896 I art     : Explicit concurrent mark sweep GC freed 163(27KB) AllocSpace objects, 4(128KB) LOS objects, 29% free, 37MB/53MB, paused 1.236ms total 40.274ms
08-06 15:25:44.239 26883 26896 I art     : Starting a blocking GC Explicit
08-06 15:25:44.280 26883 26896 I art     : Explicit concurrent mark sweep GC freed 33(1200B) AllocSpace objects, 1(88KB) LOS objects, 30% free, 37MB/53MB, paused 1.382ms total 40.676ms
08-06 15:25:44.607 26883 26895 I art     : Starting a blocking GC Explicit
08-06 15:25:44.672 26883 26895 I art     : Explicit concurrent mark sweep GC freed 1380(80KB) AllocSpace objects, 1(20KB) LOS objects, 30% free, 37MB/53MB, paused 1.408ms total 64.251ms
08-06 15:25:44.689 26883 26895 I art     : Starting a blocking GC Explicit
08-06 15:25:44.735 26883 26895 I art     : Explicit concurrent mark sweep GC freed 88(2768B) AllocSpace objects, 0(0B) LOS objects, 30% free, 37MB/53MB, paused 1.362ms total 46.547ms
08-06 15:25:44.750 26883 26895 I art     : Starting a blocking GC Explicit
08-06 15:25:44.796 26883 26895 I art     : Explicit concurrent mark sweep GC freed 3(96B) AllocSpace objects, 0(0B) LOS objects, 30% free, 37MB/53MB, paused 1.371ms total 45.753ms
08-06 15:25:44.810 26883 26895 I art     : Starting a blocking GC Explicit
08-06 15:25:44.857 26883 26895 I art     : Explicit concurrent mark sweep GC freed 3(96B) AllocSpace objects, 0(0B) LOS objects, 30% free, 37MB/53MB, paused 1.356ms total 46.087ms
08-06 15:25:44.874 26883 26895 I art     : Starting a blocking GC Explicit
08-06 15:25:44.920 26883 26895 I art     : Explicit concurrent mark sweep GC freed 3(96B) AllocSpace objects, 0(0B) LOS objects, 30% free, 37MB/53MB, paused 1.369ms total 45.974ms
08-06 15:25:45.255 26883 26912 I art     : Starting a blocking GC Explicit
08-06 15:25:45.321 26883 26912 I art     : Explicit concurrent mark sweep GC freed 1372(80KB) AllocSpace objects, 1(20KB) LOS objects, 30% free, 37MB/53MB, paused 1.494ms total 66.031ms
08-06 15:25:45.338 26883 26912 I art     : Starting a blocking GC Explicit
08-06 15:25:45.388 26883 26912 I art     : Explicit concurrent mark sweep GC freed 23(752B) AllocSpace objects, 0(0B) LOS objects, 30% free, 37MB/53MB, paused 1.461ms total 49.782ms
08-06 15:25:45.403 26883 26912 I art     : Starting a blocking GC Explicit
08-06 15:25:45.455 26883 26912 I art     : Explicit concurrent mark sweep GC freed 3(96B) AllocSpace objects, 0(0B) LOS objects, 30% free, 37MB/53MB, paused 1.392ms total 51.622ms
08-06 15:25:45.470 26883 26912 I art     : Starting a blocking GC Explicit
08-06 15:25:45.520 26883 26912 I art     : Explicit concurrent mark sweep GC freed 9(288B) AllocSpace objects, 0(0B) LOS objects, 30% free, 37MB/53MB, paused 1.446ms total 49.668ms
08-06 15:25:45.534 26883 26912 I art     : Starting a blocking GC Explicit
08-06 15:25:45.577 26883 26912 I art     : Explicit concurrent mark sweep GC freed 10(320B) AllocSpace objects, 0(0B) LOS objects, 30% free, 37MB/53MB, paused 1.237ms total 42.631ms
08-06 15:25:45.912 26883 26895 I art     : Starting a blocking GC Explicit
08-06 15:25:45.964 26883 26895 I art     : Explicit concurrent mark sweep GC freed 1418(81KB) AllocSpace objects, 1(20KB) LOS objects, 30% free, 37MB/53MB, paused 1.443ms total 52.241ms
08-06 15:25:45.981 26883 26895 I art     : Starting a blocking GC Explicit
08-06 15:25:46.028 26883 26895 I art     : Explicit concurrent mark sweep GC freed 23(752B) AllocSpace objects, 0(0B) LOS objects, 30% free, 37MB/53MB, paused 1.438ms total 47.055ms
08-06 15:25:46.043 26883 26895 I art     : Starting a blocking GC Explicit
08-06 15:25:46.094 26883 26895 I art     : Explicit concurrent mark sweep GC freed 3(96B) AllocSpace objects, 0(0B) LOS objects, 30% free, 37MB/53MB, paused 1.426ms total 51.230ms
08-06 15:25:46.109 26883 26895 I art     : Starting a blocking GC Explicit
08-06 15:25:46.160 26883 26895 I art     : Explicit concurrent mark sweep GC freed 3(96B) AllocSpace objects, 0(0B) LOS objects, 30% free, 37MB/53MB, paused 1.508ms total 50.996ms
08-06 15:25:46.178 26883 26895 I art     : Starting a blocking GC Explicit
08-06 15:25:46.230 26883 26895 I art     : Explicit concurrent mark sweep GC freed 3(96B) AllocSpace objects, 0(0B) LOS objects, 30% free, 37MB/53MB, paused 1.293ms total 51.959ms
08-06 15:25:46.607 26883 28644 I art     : Starting a blocking GC Explicit
08-06 15:25:46.663 26883 28644 I art     : Explicit concurrent mark sweep GC freed 2074(102KB) AllocSpace objects, 1(20KB) LOS objects, 30% free, 37MB/53MB, paused 1.427ms total 56.504ms
08-06 15:25:46.681 26883 28644 I art     : Starting a blocking GC Explicit
08-06 15:25:46.731 26883 28644 I art     : Explicit concurrent mark sweep GC freed 52(1536B) AllocSpace objects, 0(0B) LOS objects, 30% free, 37MB/53MB, paused 1.367ms total 49.545ms
08-06 15:25:46.746 26883 28644 I art     : Starting a blocking GC Explicit
08-06 15:25:46.795 26883 28644 I art     : Explicit concurrent mark sweep GC freed 3(96B) AllocSpace objects, 0(0B) LOS objects, 30% free, 37MB/53MB, paused 1.385ms total 49.656ms
08-06 15:25:46.810 26883 28644 I art     : Starting a blocking GC Explicit
08-06 15:25:46.861 26883 28644 I art     : Explicit concurrent mark sweep GC freed 3(96B) AllocSpace objects, 0(0B) LOS objects, 30% free, 37MB/53MB, paused 1.356ms total 50.453ms
08-06 15:25:46.876 26883 28644 I art     : Starting a blocking GC Explicit
08-06 15:25:46.928 26883 28644 I art     : Explicit concurrent mark sweep GC freed 3(96B) AllocSpace objects, 0(0B) LOS objects, 30% free, 37MB/53MB, paused 1.460ms total 51.519ms
08-06 15:25:47.278 26883 26896 I art     : Starting a blocking GC Explicit
08-06 15:25:47.341 26883 26896 I art     : Explicit concurrent mark sweep GC freed 2260(112KB) AllocSpace objects, 1(20KB) LOS objects, 30% free, 37MB/53MB, paused 1.503ms total 62.629ms
08-06 15:25:47.360 26883 26896 I art     : Starting a blocking GC Explicit
08-06 15:25:47.413 26883 26896 I art     : Explicit concurrent mark sweep GC freed 23(752B) AllocSpace objects, 0(0B) LOS objects, 30% free, 37MB/53MB, paused 1.420ms total 52.940ms
08-06 15:25:47.428 26883 26896 I art     : Starting a blocking GC Explicit
08-06 15:25:47.480 26883 26896 I art     : Explicit concurrent mark sweep GC freed 3(96B) AllocSpace objects, 0(0B) LOS objects, 30% free, 37MB/53MB, paused 1.521ms total 52.291ms
08-06 15:25:47.499 26883 26896 I art     : Starting a blocking GC Explicit
08-06 15:25:47.546 26883 26896 I art     : Explicit concurrent mark sweep GC freed 3(96B) AllocSpace objects, 0(0B) LOS objects, 30% free, 37MB/53MB, paused 1.409ms total 47.566ms
08-06 15:25:47.562 26883 26896 I art     : Starting a blocking GC Explicit
08-06 15:25:47.613 26883 26896 I art     : Explicit concurrent mark sweep GC freed 3(96B) AllocSpace objects, 0(0B) LOS objects, 30% free, 37MB/53MB, paused 1.417ms total 50.541ms
08-06 15:25:47.957 26883 26912 I art     : Starting a blocking GC Explicit
08-06 15:25:48.010 26883 26912 I art     : Explicit concurrent mark sweep GC freed 1403(82KB) AllocSpace objects, 1(20KB) LOS objects, 30% free, 37MB/53MB, paused 1.381ms total 52.348ms
08-06 15:25:48.024 26883 26912 I art     : Starting a blocking GC Explicit
08-06 15:25:48.064 21665 21665 I Atfwd_Sendcmd: AtCmdFwd service not ready - Exhausted retry attempts - :6
08-06 15:25:48.065 21665 21665 I Atfwd_Daemon: result : -1 	 ,Init step :2 	 ,qmiErrorCode: 0
08-06 15:25:48.066 26883 26912 I art     : Explicit concurrent mark sweep GC freed 23(752B) AllocSpace objects, 0(0B) LOS objects, 30% free, 37MB/53MB, paused 1.286ms total 41.121ms
08-06 15:25:48.080 26883 26912 I art     : Starting a blocking GC Explicit
08-06 15:25:48.127 26883 26912 I art     : Explicit concurrent mark sweep GC freed 3(96B) AllocSpace objects, 0(0B) LOS objects, 30% free, 37MB/53MB, paused 1.356ms total 47.071ms
08-06 15:25:48.141 26883 26912 I art     : Starting a blocking GC Explicit
08-06 15:25:48.190 26883 26912 I art     : Explicit concurrent mark sweep GC freed 3(96B) AllocSpace objects, 0(0B) LOS objects, 30% free, 37MB/53MB, paused 1.411ms total 48.926ms
08-06 15:25:48.190 26883 26894 I art     : WaitForGcToComplete blocked for 29.192ms for cause HeapTrim
08-06 15:25:48.204 26883 26912 I art     : Starting a blocking GC Explicit
08-06 15:25:48.252 26883 26912 I art     : Explicit concurrent mark sweep GC freed 3(96B) AllocSpace objects, 0(0B) LOS objects, 30% free, 37MB/53MB, paused 1.351ms total 47.165ms
08-06 15:25:48.345 29207 29207 D AndroidRuntime: >>>>>> START com.android.internal.os.RuntimeInit uid 2000 <<<<<<
08-06 15:25:48.352 29207 29207 D AndroidRuntime: CheckJNI is OFF
08-06 15:25:48.398 29207 29207 D ICU     : No timezone override file found: /data/misc/zoneinfo/current/icu/icu_tzdata.dat
08-06 15:25:48.442 29207 29207 I Radio-JNI: register_android_hardware_Radio DONE
08-06 15:25:48.471 29207 29207 D AndroidRuntime: Calling main entry com.android.commands.input.Input
08-06 15:25:48.474 29207 29207 I Input   : injectMotionEvent: MotionEvent { action=ACTION_DOWN, actionButton=0, id[0]=0, x[0]=1363.0, y[0]=517.0, toolType[0]=TOOL_TYPE_UNKNOWN, buttonState=0, metaState=0, flags=0x0, edgeFlags=0x0, pointerCount=1, historySize=0, eventTime=890764886, downTime=890764886, deviceId=0, source=0x1002 }
08-06 15:25:48.479 29207 29207 I Input   : injectMotionEvent: MotionEvent { action=ACTION_UP, actionButton=0, id[0]=0, x[0]=1363.0, y[0]=517.0, toolType[0]=TOOL_TYPE_UNKNOWN, buttonState=0, metaState=0, flags=0x0, edgeFlags=0x0, pointerCount=1, historySize=0, eventTime=890764886, downTime=890764886, deviceId=0, source=0x1002 }
08-06 15:25:48.480 29207 29207 D AndroidRuntime: Shutting down VM
08-06 15:25:48.491   918  6112 I ActivityManager: START u0 {cmp=baseline.de.danoeh.antennapod.debug/baseline.de.danoeh.antennapod.activity.FeedSettingsActivity (has extras)} from uid 10711 on display 0
08-06 15:25:48.492   512  2967 D audio_hw_primary: out_set_parameters: enter: usecase(1: low-latency-playback) kvpairs: routing=2
08-06 15:25:48.505   512  2967 D audio_hw_primary: select_devices: out_snd_device(2: speaker) in_snd_device(0: none)
08-06 15:25:48.505   512  2967 D msm8974_platform: platform_send_audio_calibration: sending audio calibration for snd_device(2) acdb_id(15)
08-06 15:25:48.505   512  2967 I soundtrigger: audio_extn_sound_trigger_update_device_status: device 0x2 of type 0 for Event 1
08-06 15:25:48.518   512  2967 D audio_hw_primary: enable_snd_device: snd_device(2: speaker)
08-06 15:25:48.520   512  2967 D audio_hw_primary: enable_audio_route: apply and update mixer path: low-latency-playback speaker
08-06 15:25:48.596 26883 26912 I art     : Starting a blocking GC Explicit
08-06 15:25:48.651 26883 26912 I art     : Explicit concurrent mark sweep GC freed 36779(1586KB) AllocSpace objects, 1(20KB) LOS objects, 29% free, 37MB/53MB, paused 1.951ms total 54.754ms
08-06 15:25:48.666 26883 26912 I art     : Starting a blocking GC Explicit
08-06 15:25:48.713 26883 26912 I art     : Explicit concurrent mark sweep GC freed 13197(585KB) AllocSpace objects, 0(0B) LOS objects, 29% free, 38MB/54MB, paused 1.686ms total 47.279ms
08-06 15:25:48.727 26883 26912 I art     : Starting a blocking GC Explicit
08-06 15:25:48.742 26883 27436 D DBReader: getFeed() called with: feedId = [2]
08-06 15:25:48.743 26883 27436 D DBReader: getFeedItemList() called with: feed = [baseline.de.danoeh.antennapod.core.feed.Feed@2]
08-06 15:25:48.776 26883 26912 I art     : Explicit concurrent mark sweep GC freed 2834(163KB) AllocSpace objects, 0(0B) LOS objects, 28% free, 39MB/55MB, paused 2.575ms total 48.261ms
08-06 15:25:48.790 26883 26912 I art     : Starting a blocking GC Explicit
08-06 15:25:48.840 26883 26912 I art     : Explicit concurrent mark sweep GC freed 1863(56KB) AllocSpace objects, 0(0B) LOS objects, 28% free, 41MB/57MB, paused 2.287ms total 50.266ms
08-06 15:25:48.854 26883 27436 W PodDBAdapter: Length of id array is larger than 800. Creating multiple cursors
08-06 15:25:48.859 26883 26912 I art     : Starting a blocking GC Explicit
08-06 15:25:48.877   918   936 I ActivityManager: Displayed baseline.de.danoeh.antennapod.debug/baseline.de.danoeh.antennapod.activity.FeedSettingsActivity: +374ms
08-06 15:25:48.885 13866 13866 I GoogleInputMethodServic: GoogleInputMethodService.onFinishInput():3138 
08-06 15:25:48.886 13866 13866 I GoogleInputMethodServic: GoogleInputMethodService.onStartInput():1808 
08-06 15:25:48.918 26883 26912 I art     : Explicit concurrent mark sweep GC freed 2225(201KB) AllocSpace objects, 1(16KB) LOS objects, 27% free, 41MB/57MB, paused 1.986ms total 58.863ms
08-06 15:25:48.931 26883 26904 D OpenGLRenderer: endAllStagingAnimators on 0x7f7ee3f400 (RippleDrawable) with handle 0x7f79dfe4e0
08-06 15:25:48.960 26883 27806 D ApOkHttpUrlLoader: buildLoadData() called with: model = [http://static.libsyn.com/p/assets/7/1/f/3/71f3014e14ef2722/JREiTunesImage2.jpg], width = [1440], height = [462]
08-06 15:25:48.965 13866 13866 I GoogleInputMethodServic: GoogleInputMethodService.onStartInput():1808 
08-06 15:25:48.965 13866 13866 W SessionManager: SessionManager.beginSession():53 Try to begin an already begun session [INPUT_SESSION], end it first
08-06 15:25:48.974 13866 13866 I ShortcutsDataManager: ShortcutsDataManager.onContentChanged():89 onContentChanged()
08-06 15:25:48.977 26883 26883 D FeedSettingsActivity: No filter set
08-06 15:25:48.985   918  3961 W IntentResolver: resolveIntent: multiple matches, only some with CATEGORY_DEFAULT
08-06 15:25:49.060   512  2967 D audio_hw_primary: disable_audio_route: reset and update mixer path: low-latency-playback speaker
08-06 15:25:49.064   512  2967 D audio_hw_primary: disable_snd_device: snd_device(2: speaker)
08-06 15:25:49.072   512  2967 I soundtrigger: audio_extn_sound_trigger_update_device_status: device 0x2 of type 0 for Event 0
08-06 15:25:49.123   380   380 W SurfaceFlinger: couldn't log to binary event log: overflow.
08-06 15:25:49.253 26883 26895 I art     : Starting a blocking GC Explicit
08-06 15:25:49.278 26883 26883 D PlaybackController: Releasing PlaybackController
08-06 15:25:49.313 26883 26895 I art     : Explicit concurrent mark sweep GC freed 9847(342KB) AllocSpace objects, 2(36KB) LOS objects, 27% free, 41MB/57MB, paused 1.581ms total 59.995ms
08-06 15:25:49.330 26883 26895 I art     : Starting a blocking GC Explicit
08-06 15:25:49.383 26883 26895 I art     : Explicit concurrent mark sweep GC freed 622(42KB) AllocSpace objects, 0(0B) LOS objects, 27% free, 41MB/57MB, paused 1.447ms total 53.212ms
08-06 15:25:49.400 26883 26895 I art     : Starting a blocking GC Explicit
08-06 15:25:49.455 26883 26895 I art     : Explicit concurrent mark sweep GC freed 55(1984B) AllocSpace objects, 0(0B) LOS objects, 27% free, 41MB/57MB, paused 1.387ms total 55.537ms
08-06 15:25:49.472 26883 26895 I art     : Starting a blocking GC Explicit
08-06 15:25:49.528 26883 26895 I art     : Explicit concurrent mark sweep GC freed 58(2512B) AllocSpace objects, 0(0B) LOS objects, 27% free, 41MB/57MB, paused 1.520ms total 55.783ms
08-06 15:25:49.544 26883 26895 I art     : Starting a blocking GC Explicit
08-06 15:25:49.603 26883 26895 I art     : Explicit concurrent mark sweep GC freed 9(288B) AllocSpace objects, 0(0B) LOS objects, 27% free, 41MB/57MB, paused 1.462ms total 58.168ms
08-06 15:25:49.938 26883 28644 I art     : Starting a blocking GC Explicit
08-06 15:25:50.000 26883 28644 I art     : Explicit concurrent mark sweep GC freed 1401(81KB) AllocSpace objects, 1(20KB) LOS objects, 27% free, 41MB/57MB, paused 1.579ms total 61.232ms
08-06 15:25:50.017 26883 28644 I art     : Starting a blocking GC Explicit
08-06 15:25:50.081 26883 28644 I art     : Explicit concurrent mark sweep GC freed 84(3056B) AllocSpace objects, 0(0B) LOS objects, 27% free, 41MB/57MB, paused 1.513ms total 63.896ms
08-06 15:25:50.099 26883 28644 I art     : Starting a blocking GC Explicit
08-06 15:25:50.167 26883 28644 I art     : Explicit concurrent mark sweep GC freed 3(96B) AllocSpace objects, 0(0B) LOS objects, 27% free, 41MB/57MB, paused 1.619ms total 68.180ms
08-06 15:25:50.187 26883 28644 I art     : Starting a blocking GC Explicit
08-06 15:25:50.255 26883 28644 I art     : Explicit concurrent mark sweep GC freed 3(96B) AllocSpace objects, 0(0B) LOS objects, 27% free, 41MB/57MB, paused 1.418ms total 67.591ms
08-06 15:25:50.272 26883 28644 I art     : Starting a blocking GC Explicit
08-06 15:25:50.341 26883 28644 I art     : Explicit concurrent mark sweep GC freed 3(96B) AllocSpace objects, 0(0B) LOS objects, 27% free, 41MB/57MB, paused 1.511ms total 68.671ms
08-06 15:25:50.709 26883 26895 I art     : Starting a blocking GC Explicit
08-06 15:25:50.774 26883 26895 I art     : Explicit concurrent mark sweep GC freed 1460(83KB) AllocSpace objects, 1(20KB) LOS objects, 27% free, 41MB/57MB, paused 1.533ms total 64.661ms
08-06 15:25:50.792 26883 26895 I art     : Starting a blocking GC Explicit
08-06 15:25:50.861 26883 26895 I art     : Explicit concurrent mark sweep GC freed 23(752B) AllocSpace objects, 0(0B) LOS objects, 27% free, 41MB/57MB, paused 1.440ms total 69.408ms
08-06 15:25:50.881 26883 26895 I art     : Starting a blocking GC Explicit
08-06 15:25:50.949 26883 26895 I art     : Explicit concurrent mark sweep GC freed 3(96B) AllocSpace objects, 0(0B) LOS objects, 27% free, 41MB/57MB, paused 1.599ms total 67.795ms
08-06 15:25:50.967 26883 26895 I art     : Starting a blocking GC Explicit
08-06 15:25:51.031 26883 26895 I art     : Explicit concurrent mark sweep GC freed 3(96B) AllocSpace objects, 0(0B) LOS objects, 27% free, 41MB/57MB, paused 1.555ms total 64.655ms
08-06 15:25:51.049 26883 26895 I art     : Starting a blocking GC Explicit
08-06 15:25:51.119 26883 26895 I art     : Explicit concurrent mark sweep GC freed 3(96B) AllocSpace objects, 0(0B) LOS objects, 27% free, 41MB/57MB, paused 1.680ms total 69.152ms
08-06 15:25:51.471 26883 28019 I art     : Starting a blocking GC Explicit
08-06 15:25:51.539 26883 28019 I art     : Explicit concurrent mark sweep GC freed 1373(82KB) AllocSpace objects, 1(20KB) LOS objects, 27% free, 41MB/57MB, paused 1.557ms total 67.389ms
08-06 15:25:51.556 26883 28019 I art     : Starting a blocking GC Explicit
08-06 15:25:51.619 26883 28019 I art     : Explicit concurrent mark sweep GC freed 23(752B) AllocSpace objects, 0(0B) LOS objects, 27% free, 41MB/57MB, paused 1.511ms total 62.899ms
08-06 15:25:51.636 26883 28019 I art     : Starting a blocking GC Explicit
08-06 15:25:51.704 26883 28019 I art     : Explicit concurrent mark sweep GC freed 3(96B) AllocSpace objects, 0(0B) LOS objects, 27% free, 41MB/57MB, paused 1.535ms total 67.216ms
08-06 15:25:51.721 26883 28019 I art     : Starting a blocking GC Explicit
08-06 15:25:51.791 26883 28019 I art     : Explicit concurrent mark sweep GC freed 32(880B) AllocSpace objects, 0(0B) LOS objects, 27% free, 41MB/57MB, paused 1.660ms total 69.424ms
08-06 15:25:51.812 26883 28019 I art     : Starting a blocking GC Explicit
08-06 15:25:51.884 26883 28019 I art     : Explicit concurrent mark sweep GC freed 3(96B) AllocSpace objects, 0(0B) LOS objects, 27% free, 41MB/57MB, paused 1.571ms total 71.527ms
08-06 15:25:52.254 26883 26912 I art     : Starting a blocking GC Explicit
08-06 15:25:52.326 26883 26912 I art     : Explicit concurrent mark sweep GC freed 1373(81KB) AllocSpace objects, 1(20KB) LOS objects, 27% free, 41MB/57MB, paused 1.549ms total 72.522ms
08-06 15:25:52.344 26883 26912 I art     : Starting a blocking GC Explicit
08-06 15:25:52.411 26883 26912 I art     : Explicit concurrent mark sweep GC freed 23(752B) AllocSpace objects, 0(0B) LOS objects, 27% free, 41MB/57MB, paused 1.428ms total 66.825ms
08-06 15:25:52.428 26883 26912 I art     : Starting a blocking GC Explicit
08-06 15:25:52.500 26883 26912 I art     : Explicit concurrent mark sweep GC freed 3(96B) AllocSpace objects, 0(0B) LOS objects, 27% free, 41MB/57MB, paused 1.589ms total 71.759ms
08-06 15:25:52.520 26883 26912 I art     : Starting a blocking GC Explicit
08-06 15:25:52.583 26883 26912 I art     : Explicit concurrent mark sweep GC freed 3(96B) AllocSpace objects, 0(0B) LOS objects, 27% free, 41MB/57MB, paused 1.477ms total 62.879ms
08-06 15:25:52.600 26883 26912 I art     : Starting a blocking GC Explicit
08-06 15:25:52.667 26883 26912 I art     : Explicit concurrent mark sweep GC freed 3(96B) AllocSpace objects, 0(0B) LOS objects, 27% free, 41MB/57MB, paused 1.615ms total 66.587ms
08-06 15:25:52.980 26883 26896 I art     : Starting a blocking GC Explicit
08-06 15:25:53.046 26883 26896 I art     : Explicit concurrent mark sweep GC freed 2104(107KB) AllocSpace objects, 1(20KB) LOS objects, 27% free, 41MB/57MB, paused 1.598ms total 65.729ms
08-06 15:25:53.063 26883 26896 I art     : Starting a blocking GC Explicit
08-06 15:25:53.126 26883 26896 I art     : Explicit concurrent mark sweep GC freed 23(752B) AllocSpace objects, 0(0B) LOS objects, 27% free, 41MB/57MB, paused 1.492ms total 62.158ms
08-06 15:25:53.143 26883 26896 I art     : Starting a blocking GC Explicit
08-06 15:25:53.207 26883 26896 I art     : Explicit concurrent mark sweep GC freed 3(96B) AllocSpace objects, 0(0B) LOS objects, 27% free, 41MB/57MB, paused 1.580ms total 63.914ms
08-06 15:25:53.224 26883 26896 I art     : Starting a blocking GC Explicit
08-06 15:25:53.283 26883 26896 I art     : Explicit concurrent mark sweep GC freed 3(96B) AllocSpace objects, 0(0B) LOS objects, 27% free, 41MB/57MB, paused 1.579ms total 59.609ms
08-06 15:25:53.284 26883 26894 I art     : WaitForGcToComplete blocked for 31.323ms for cause HeapTrim
08-06 15:25:53.294 29295 29295 D AndroidRuntime: >>>>>> START com.android.internal.os.RuntimeInit uid 2000 <<<<<<
08-06 15:25:53.300 29295 29295 D AndroidRuntime: CheckJNI is OFF
08-06 15:25:53.301 26883 26896 I art     : Starting a blocking GC Explicit
08-06 15:25:53.344 29295 29295 D ICU     : No timezone override file found: /data/misc/zoneinfo/current/icu/icu_tzdata.dat
08-06 15:25:53.361 26883 26896 I art     : Explicit concurrent mark sweep GC freed 3(96B) AllocSpace objects, 0(0B) LOS objects, 27% free, 41MB/57MB, paused 1.572ms total 59.666ms
08-06 15:25:53.391 29295 29295 I Radio-JNI: register_android_hardware_Radio DONE
08-06 15:25:53.420 29295 29295 D AndroidRuntime: Calling main entry com.android.commands.input.Input
08-06 15:25:53.422 29295 29295 I Input   : injectKeyEvent: KeyEvent { action=ACTION_DOWN, keyCode=KEYCODE_BACK, scanCode=0, metaState=0, flags=0x0, repeatCount=0, eventTime=890769835, downTime=890769835, deviceId=-1, source=0x101 }
08-06 15:25:53.432 29295 29295 I Input   : injectKeyEvent: KeyEvent { action=ACTION_UP, keyCode=KEYCODE_BACK, scanCode=0, metaState=0, flags=0x0, repeatCount=0, eventTime=890769835, downTime=890769835, deviceId=-1, source=0x101 }
08-06 15:25:53.440 29295 29295 D AndroidRuntime: Shutting down VM
08-06 15:25:53.446 26883 26883 V PlaybackController: initServiceNotRunning()
08-06 15:25:53.446 26883 26883 D ExternalPlayerFragment: Loading media info
08-06 15:25:53.448 26883 26883 D ItemlistFragment: onEventMainThread() called with: event = [DownloadEvent{update=DownloaderUpdate{downloaders=[], feedIds=[], mediaIds=[]}}]
08-06 15:25:53.450 26883 27806 D ApOkHttpUrlLoader: buildLoadData() called with: model = [http://static.libsyn.com/p/assets/7/1/f/3/71f3014e14ef2722/JREiTunesImage2.jpg], width = [1440], height = [462]
08-06 15:25:53.452 26883 26883 D UserPreferences: Using default data folder
08-06 15:25:53.454 26883 27436 D DBReader: getNavDrawerData() called with: 
08-06 15:25:53.454 26883 26903 D DBReader: getFeed() called with: feedId = [2]
08-06 15:25:53.456 26883 26903 D DBReader: getFeedItemList() called with: feed = [baseline.de.danoeh.antennapod.core.feed.Feed@2]
08-06 15:25:53.472 26883 26883 D FeedMenuHandler: Preparing options menu
08-06 15:25:53.484 26883 27436 D DBReader: getDownloadedItems() called
08-06 15:25:53.486 26883 27436 D DBReader: getFavoriteIDList() called
08-06 15:25:53.486 26883 27436 D DBReader: getQueueIDList() called
08-06 15:25:53.487 26883 27436 D DBReader: Extracting Feedlist
08-06 15:25:53.524 26883 26883 D MainActivity: getLastNavFragment() -> 2
08-06 15:25:53.525 13866 13866 I GoogleInputMethodServic: GoogleInputMethodService.onFinishInput():3138 
08-06 15:25:53.526 13866 13866 I GoogleInputMethodServic: GoogleInputMethodService.onStartInput():1808 
08-06 15:25:53.527 13866 13866 I ShortcutsDataManager: AbstractContentDataManager.startImportContentTask():208 startImportContentTask()
08-06 15:25:53.528 13866 13938 I ShortcutsDataManager: AbstractContentDataManager$ImportContentTask.doInBackground():222 doInBackground()
08-06 15:25:53.528 13866 13938 I PersonalDictionaryDataH: PersonalDictionaryDataHandler.beginProcess():111 LanguageTags = [en-US]
08-06 15:25:53.541 13866 13938 I ShortcutsDataManager: AbstractContentDataManager.importRecords():312 importRecords() : Success : Count = 0
08-06 15:25:53.549 13866 13938 I ShortcutsDataManager: AbstractContentDataManager.importContentData():262 importContentData() : Ending import process
08-06 15:25:53.555 26883 26903 W PodDBAdapter: Length of id array is larger than 800. Creating multiple cursors
08-06 15:25:53.585 13866 13938 I PersonalLanguageModelUp: PersonalLanguageModelUpdater$UpdateOperation.performInternal():160 run() : Added 0 words and 0 shortcuts
08-06 15:25:53.585 13866 13938 I DynamicLanguageModelOpe: DynamicLanguageModelOperation.perform():37 perform() : 4 : coc : Completed
08-06 15:25:53.586 13866 13950 I Delight5Decoder: Delight5DecoderWrapper.loadLanguageModel():578 loadLanguageModel() : 4, version [n/a]
08-06 15:25:53.586 13866 13866 I ShortcutsDataManager: AbstractContentDataManager$ImportContentTask.onPostExecute():233 onPostExecute() : Result = [2,0]
08-06 15:25:53.586 13866 13866 I ShortcutsDataManager: ShortcutsDataManager.onImportFinished():99 onImportFinished() : Result = 2 : Count = 0
08-06 15:25:53.587 13866 13950 I Delight5Decoder: Delight5DecoderWrapper.loadLanguageModel():616 Loaded dynamic LM 4.en
08-06 15:25:53.646 26883 26903 D DBReader: getFavoriteIDList() called
08-06 15:25:53.647 26883 26903 D DBReader: getQueueIDList() called
08-06 15:25:53.649 26883 26903 D DBReader: Extracting Feedlist
08-06 15:25:53.653 26883 27806 D ApOkHttpUrlLoader: buildLoadData() called with: model = [http://static.libsyn.com/p/assets/7/1/f/3/71f3014e14ef2722/JREiTunesImage2.jpg], width = [1440], height = [462]
08-06 15:25:53.669 26883 26883 D FeedMenuHandler: Preparing options menu
08-06 15:25:53.674 26883 28019 I art     : Starting a blocking GC Explicit
08-06 15:25:53.740 26883 28019 I art     : Explicit concurrent mark sweep GC freed 42642(2MB) AllocSpace objects, 3(52KB) LOS objects, 25% free, 47MB/63MB, paused 1.895ms total 65.429ms
08-06 15:25:53.759 26883 28019 I art     : Starting a blocking GC Explicit
08-06 15:25:53.817 26883 28019 I art     : Explicit concurrent mark sweep GC freed 2018(131KB) AllocSpace objects, 0(0B) LOS objects, 25% free, 47MB/63MB, paused 1.666ms total 57.472ms
08-06 15:25:53.839 26883 28019 I art     : Starting a blocking GC Explicit
08-06 15:25:53.861   380   380 W SurfaceFlinger: couldn't log to binary event log: overflow.
08-06 15:25:53.894 26883 28019 I art     : Explicit concurrent mark sweep GC freed 1058(53KB) AllocSpace objects, 0(0B) LOS objects, 25% free, 47MB/63MB, paused 1.492ms total 54.727ms
08-06 15:25:53.909 26883 28019 I art     : Starting a blocking GC Explicit
08-06 15:25:53.962 26883 28019 I art     : Explicit concurrent mark sweep GC freed 439(38KB) AllocSpace objects, 1(24KB) LOS objects, 25% free, 46MB/62MB, paused 1.523ms total 52.997ms
08-06 15:25:53.978 26883 28019 I art     : Starting a blocking GC Explicit
08-06 15:25:54.030 26883 28019 I art     : Explicit concurrent mark sweep GC freed 34319(2MB) AllocSpace objects, 43(2MB) LOS objects, 27% free, 42MB/58MB, paused 1.484ms total 51.654ms
08-06 15:25:54.368 26883 26895 I art     : Starting a blocking GC Explicit
08-06 15:25:54.432 26883 26895 I art     : Explicit concurrent mark sweep GC freed 1417(83KB) AllocSpace objects, 1(20KB) LOS objects, 27% free, 42MB/58MB, paused 1.574ms total 62.924ms
08-06 15:25:54.448 26883 26895 I art     : Starting a blocking GC Explicit
08-06 15:25:54.496 26883 26895 I art     : Explicit concurrent mark sweep GC freed 23(752B) AllocSpace objects, 0(0B) LOS objects, 27% free, 42MB/58MB, paused 1.473ms total 47.523ms
08-06 15:25:54.510 26883 26895 I art     : Starting a blocking GC Explicit
08-06 15:25:54.559 26883 26895 I art     : Explicit concurrent mark sweep GC freed 3(96B) AllocSpace objects, 0(0B) LOS objects, 27% free, 42MB/58MB, paused 1.557ms total 48.574ms
08-06 15:25:54.574 26883 26895 I art     : Starting a blocking GC Explicit
08-06 15:25:54.622 26883 26895 I art     : Explicit concurrent mark sweep GC freed 3(96B) AllocSpace objects, 0(0B) LOS objects, 27% free, 42MB/58MB, paused 1.467ms total 47.698ms
08-06 15:25:54.637 26883 26895 I art     : Starting a blocking GC Explicit
08-06 15:25:54.681 26883 26895 I art     : Explicit concurrent mark sweep GC freed 3(96B) AllocSpace objects, 0(0B) LOS objects, 27% free, 42MB/58MB, paused 1.340ms total 43.970ms
08-06 15:25:54.997 26883 26912 I art     : Starting a blocking GC Explicit
08-06 15:25:55.056 26883 26912 I art     : Explicit concurrent mark sweep GC freed 1403(82KB) AllocSpace objects, 1(20KB) LOS objects, 27% free, 42MB/58MB, paused 1.597ms total 58.239ms
08-06 15:25:55.071 26883 26912 I art     : Starting a blocking GC Explicit
08-06 15:25:55.118 26883 26912 I art     : Explicit concurrent mark sweep GC freed 26(848B) AllocSpace objects, 0(0B) LOS objects, 27% free, 42MB/58MB, paused 1.776ms total 46.246ms
08-06 15:25:55.134 26883 26912 I art     : Starting a blocking GC Explicit
08-06 15:25:55.183 26883 26912 I art     : Explicit concurrent mark sweep GC freed 10(320B) AllocSpace objects, 0(0B) LOS objects, 27% free, 42MB/58MB, paused 1.663ms total 48.183ms
08-06 15:25:55.197 26883 26912 I art     : Starting a blocking GC Explicit
08-06 15:25:55.243 26883 26912 I art     : Explicit concurrent mark sweep GC freed 11(352B) AllocSpace objects, 0(0B) LOS objects, 27% free, 42MB/58MB, paused 1.715ms total 45.383ms
08-06 15:25:55.243 29338 29338 D AndroidRuntime: >>>>>> START com.android.internal.os.RuntimeInit uid 2000 <<<<<<
08-06 15:25:55.249 29338 29338 D AndroidRuntime: CheckJNI is OFF
08-06 15:25:55.257 26883 26912 I art     : Starting a blocking GC Explicit
08-06 15:25:55.292 29338 29338 D ICU     : No timezone override file found: /data/misc/zoneinfo/current/icu/icu_tzdata.dat
08-06 15:25:55.303 26883 26912 I art     : Explicit concurrent mark sweep GC freed 10(320B) AllocSpace objects, 0(0B) LOS objects, 27% free, 42MB/58MB, paused 1.618ms total 46.269ms
08-06 15:25:55.338 29338 29338 I Radio-JNI: register_android_hardware_Radio DONE
08-06 15:25:55.366 29338 29338 D AndroidRuntime: Calling main entry com.android.commands.input.Input
08-06 15:25:55.368 29338 29338 I Input   : injectMotionEvent: MotionEvent { action=ACTION_DOWN, actionButton=0, id[0]=0, x[0]=1372.0, y[0]=384.0, toolType[0]=TOOL_TYPE_UNKNOWN, buttonState=0, metaState=0, flags=0x0, edgeFlags=0x0, pointerCount=1, historySize=0, eventTime=890771780, downTime=890771780, deviceId=0, source=0x1002 }
08-06 15:25:55.374 29338 29338 I Input   : injectMotionEvent: MotionEvent { action=ACTION_UP, actionButton=0, id[0]=0, x[0]=1372.0, y[0]=384.0, toolType[0]=TOOL_TYPE_UNKNOWN, buttonState=0, metaState=0, flags=0x0, edgeFlags=0x0, pointerCount=1, historySize=0, eventTime=890771780, downTime=890771780, deviceId=0, source=0x1002 }
08-06 15:25:55.376 29338 29338 D AndroidRuntime: Shutting down VM
08-06 15:25:55.384   918  4413 I ActivityManager: START u0 {cmp=baseline.de.danoeh.antennapod.debug/baseline.de.danoeh.antennapod.activity.FeedInfoActivity (has extras)} from uid 10711 on display 0
08-06 15:25:55.384   512  2967 D audio_hw_primary: out_set_parameters: enter: usecase(1: low-latency-playback) kvpairs: routing=2
08-06 15:25:55.397   512  2967 D audio_hw_primary: select_devices: out_snd_device(2: speaker) in_snd_device(0: none)
08-06 15:25:55.397   512  2967 D msm8974_platform: platform_send_audio_calibration: sending audio calibration for snd_device(2) acdb_id(15)
08-06 15:25:55.397   512  2967 I soundtrigger: audio_extn_sound_trigger_update_device_status: device 0x2 of type 0 for Event 1
08-06 15:25:55.407   512  2967 D audio_hw_primary: enable_snd_device: snd_device(2: speaker)
08-06 15:25:55.410   512  2967 D audio_hw_primary: enable_audio_route: apply and update mixer path: low-latency-playback speaker
08-06 15:25:55.425 26883 27435 D DBReader: getFeed() called with: feedId = [2]
08-06 15:25:55.426 26883 27435 D DBReader: getFeedItemList() called with: feed = [baseline.de.danoeh.antennapod.core.feed.Feed@2]
08-06 15:25:55.436 26883 26883 D androidx.gridlayout.widget.GridLayout: horizontal constraints: x2-x0>=1328, x2-x1<=0, x1-x0<=242 are inconsistent; permanently removing: x2-x1<=0. 
08-06 15:25:55.437 26883 26883 D androidx.gridlayout.widget.GridLayout: vertical constraints: y3-y2>=80, y3-y2<=66, y2-y1<=94, y1-y0<=94 are inconsistent; permanently removing: y3-y2<=66. 
08-06 15:25:55.523 26883 27435 W PodDBAdapter: Length of id array is larger than 800. Creating multiple cursors
08-06 15:25:55.524   918   936 I ActivityManager: Displayed baseline.de.danoeh.antennapod.debug/baseline.de.danoeh.antennapod.activity.FeedInfoActivity: +132ms
08-06 15:25:55.527 13866 13866 I GoogleInputMethodServic: GoogleInputMethodService.onFinishInput():3138 
08-06 15:25:55.528 13866 13866 I GoogleInputMethodServic: GoogleInputMethodService.onStartInput():1808 
08-06 15:25:55.559 26883 26904 D OpenGLRenderer: endAllStagingAnimators on 0x7f7ee3f000 (RippleDrawable) with handle 0x7f79dfe140
08-06 15:25:55.611 26883 26883 D FeedInfoActivity: Language is en
08-06 15:25:55.611 26883 26883 D FeedInfoActivity: Author is Joe Rogan
08-06 15:25:55.611 26883 26883 D FeedInfoActivity: URL is http://joeroganexp.joerogan.libsynpro.com/rss
08-06 15:25:55.617 26883 27806 D ApOkHttpUrlLoader: buildLoadData() called with: model = [http://static.libsyn.com/p/assets/7/1/f/3/71f3014e14ef2722/JREiTunesImage2.jpg], width = [1440], height = [462]
08-06 15:25:55.621 26883 26912 I art     : Starting a blocking GC Explicit
08-06 15:25:55.630   918  5952 W IntentResolver: resolveIntent: multiple matches, only some with CATEGORY_DEFAULT
08-06 15:25:55.642 26883 26883 D androidx.gridlayout.widget.GridLayout: horizontal constraints: x2-x0>=1328, x2-x1<=232, x1-x0<=242 are inconsistent; permanently removing: x2-x1<=232. 
08-06 15:25:55.643 26883 26883 D androidx.gridlayout.widget.GridLayout: vertical constraints: y3-y2>=80, y3-y2<=66, y2-y1<=94, y1-y0<=94 are inconsistent; permanently removing: y3-y2<=66. 
08-06 15:25:55.681 26883 26912 I art     : Explicit concurrent mark sweep GC freed 15475(670KB) AllocSpace objects, 3(52KB) LOS objects, 25% free, 47MB/63MB, paused 1.547ms total 58.863ms
08-06 15:25:55.700 26883 26912 I art     : Starting a blocking GC Explicit
08-06 15:25:55.757 26883 26912 I art     : Explicit concurrent mark sweep GC freed 568(34KB) AllocSpace objects, 0(0B) LOS objects, 25% free, 47MB/63MB, paused 1.327ms total 57.053ms
08-06 15:25:55.764   380   380 W SurfaceFlinger: couldn't log to binary event log: overflow.
08-06 15:25:55.774 26883 26912 I art     : Starting a blocking GC Explicit
08-06 15:25:55.825 26883 26912 I art     : Explicit concurrent mark sweep GC freed 12(352B) AllocSpace objects, 0(0B) LOS objects, 25% free, 47MB/63MB, paused 1.380ms total 51.428ms
08-06 15:25:55.841 26883 26912 I art     : Starting a blocking GC Explicit
08-06 15:25:55.895 26883 26912 I art     : Explicit concurrent mark sweep GC freed 13(480B) AllocSpace objects, 0(0B) LOS objects, 25% free, 47MB/63MB, paused 1.413ms total 53.828ms
08-06 15:25:55.897 26883 26883 D PlaybackController: Releasing PlaybackController
08-06 15:25:55.912 26883 26912 I art     : Starting a blocking GC Explicit
08-06 15:25:55.949   512  2967 D audio_hw_primary: disable_audio_route: reset and update mixer path: low-latency-playback speaker
08-06 15:25:55.950   512  2967 D audio_hw_primary: disable_snd_device: snd_device(2: speaker)
08-06 15:25:55.957   512  2967 I soundtrigger: audio_extn_sound_trigger_update_device_status: device 0x2 of type 0 for Event 0
08-06 15:25:55.965 26883 26912 I art     : Explicit concurrent mark sweep GC freed 338(16KB) AllocSpace objects, 0(0B) LOS objects, 25% free, 47MB/63MB, paused 1.455ms total 52.986ms
08-06 15:25:56.308 26883 26895 I art     : Starting a blocking GC Explicit
08-06 15:25:56.387 26883 26895 I art     : Explicit concurrent mark sweep GC freed 1441(85KB) AllocSpace objects, 1(20KB) LOS objects, 25% free, 47MB/63MB, paused 1.546ms total 78.056ms
08-06 15:25:56.404 26883 26895 I art     : Starting a blocking GC Explicit
08-06 15:25:56.463 26883 26895 I art     : Explicit concurrent mark sweep GC freed 23(752B) AllocSpace objects, 0(0B) LOS objects, 25% free, 47MB/63MB, paused 1.471ms total 58.377ms
08-06 15:25:56.480 26883 26895 I art     : Starting a blocking GC Explicit
08-06 15:25:56.539 26883 26895 I art     : Explicit concurrent mark sweep GC freed 3(96B) AllocSpace objects, 0(0B) LOS objects, 25% free, 47MB/63MB, paused 1.515ms total 58.855ms
08-06 15:25:56.555 26883 26895 I art     : Starting a blocking GC Explicit
08-06 15:25:56.613 26883 26895 I art     : Explicit concurrent mark sweep GC freed 3(96B) AllocSpace objects, 0(0B) LOS objects, 25% free, 47MB/63MB, paused 1.474ms total 57.812ms
08-06 15:25:56.630 26883 26895 I art     : Starting a blocking GC Explicit
08-06 15:25:56.690 26883 26895 I art     : Explicit concurrent mark sweep GC freed 3(96B) AllocSpace objects, 0(0B) LOS objects, 25% free, 47MB/63MB, paused 1.868ms total 60.055ms
08-06 15:25:57.031 26883 28644 I art     : Starting a blocking GC Explicit
08-06 15:25:57.098 26883 28644 I art     : Explicit concurrent mark sweep GC freed 1405(81KB) AllocSpace objects, 1(20KB) LOS objects, 25% free, 47MB/63MB, paused 1.635ms total 66.915ms
08-06 15:25:57.116 26883 28644 I art     : Starting a blocking GC Explicit
08-06 15:25:57.175 26883 28644 I art     : Explicit concurrent mark sweep GC freed 34(1104B) AllocSpace objects, 0(0B) LOS objects, 25% free, 47MB/63MB, paused 1.472ms total 58.333ms
08-06 15:25:57.192 26883 28644 I art     : Starting a blocking GC Explicit
08-06 15:25:57.246 26883 28644 I art     : Explicit concurrent mark sweep GC freed 10(320B) AllocSpace objects, 0(0B) LOS objects, 25% free, 47MB/63MB, paused 1.509ms total 53.675ms
08-06 15:25:57.263 26883 28644 I art     : Starting a blocking GC Explicit
08-06 15:25:57.321 26883 28644 I art     : Explicit concurrent mark sweep GC freed 10(320B) AllocSpace objects, 0(0B) LOS objects, 25% free, 47MB/63MB, paused 1.347ms total 58.225ms
08-06 15:25:57.338 26883 28644 I art     : Starting a blocking GC Explicit
08-06 15:25:57.399 26883 28644 I art     : Explicit concurrent mark sweep GC freed 3(96B) AllocSpace objects, 0(0B) LOS objects, 25% free, 47MB/63MB, paused 1.509ms total 60.569ms
08-06 15:25:57.786 26883 26895 I art     : Starting a blocking GC Explicit
08-06 15:25:57.852 26883 26895 I art     : Explicit concurrent mark sweep GC freed 1401(81KB) AllocSpace objects, 1(20KB) LOS objects, 25% free, 47MB/63MB, paused 1.553ms total 65.235ms
08-06 15:25:57.869 26883 26895 I art     : Starting a blocking GC Explicit
08-06 15:25:57.935 26883 26895 I art     : Explicit concurrent mark sweep GC freed 23(752B) AllocSpace objects, 0(0B) LOS objects, 25% free, 47MB/63MB, paused 1.595ms total 66.049ms
08-06 15:25:57.956 26883 26895 I art     : Starting a blocking GC Explicit
08-06 15:25:58.021 26883 26895 I art     : Explicit concurrent mark sweep GC freed 3(96B) AllocSpace objects, 0(0B) LOS objects, 25% free, 47MB/63MB, paused 1.541ms total 65.109ms
08-06 15:25:58.038 26883 26895 I art     : Starting a blocking GC Explicit
08-06 15:25:58.104 26883 26895 I art     : Explicit concurrent mark sweep GC freed 3(96B) AllocSpace objects, 0(0B) LOS objects, 25% free, 47MB/63MB, paused 1.647ms total 65.918ms
08-06 15:25:58.124 26883 26895 I art     : Starting a blocking GC Explicit
08-06 15:25:58.194 26883 26895 I art     : Explicit concurrent mark sweep GC freed 3(96B) AllocSpace objects, 0(0B) LOS objects, 25% free, 47MB/63MB, paused 1.536ms total 68.869ms
08-06 15:25:58.571 26883 26912 I art     : Starting a blocking GC Explicit
08-06 15:25:58.629 26883 26912 I art     : Explicit concurrent mark sweep GC freed 1373(82KB) AllocSpace objects, 1(20KB) LOS objects, 25% free, 47MB/63MB, paused 1.467ms total 57.305ms
08-06 15:25:58.645 26883 26912 I art     : Starting a blocking GC Explicit
08-06 15:25:58.707 26883 26912 I art     : Explicit concurrent mark sweep GC freed 23(752B) AllocSpace objects, 0(0B) LOS objects, 25% free, 47MB/63MB, paused 1.550ms total 61.541ms
08-06 15:25:58.724 26883 26912 I art     : Starting a blocking GC Explicit
08-06 15:25:58.793 26883 26912 I art     : Explicit concurrent mark sweep GC freed 32(880B) AllocSpace objects, 0(0B) LOS objects, 25% free, 47MB/63MB, paused 1.623ms total 68.496ms
08-06 15:25:58.813 26883 26912 I art     : Starting a blocking GC Explicit
08-06 15:25:58.876 26883 26912 I art     : Explicit concurrent mark sweep GC freed 3(96B) AllocSpace objects, 0(0B) LOS objects, 25% free, 47MB/63MB, paused 1.425ms total 62.648ms
08-06 15:25:58.892 26883 26912 I art     : Starting a blocking GC Explicit
08-06 15:25:58.942 26883 26912 I art     : Explicit concurrent mark sweep GC freed 3(96B) AllocSpace objects, 0(0B) LOS objects, 25% free, 47MB/63MB, paused 1.301ms total 49.778ms
08-06 15:25:59.267 26883 28644 I art     : Starting a blocking GC Explicit
08-06 15:25:59.340 26883 28644 I art     : Explicit concurrent mark sweep GC freed 1373(81KB) AllocSpace objects, 1(20KB) LOS objects, 25% free, 47MB/63MB, paused 1.556ms total 72.967ms
08-06 15:25:59.357 26883 28644 I art     : Starting a blocking GC Explicit
08-06 15:25:59.421 26883 28644 I art     : Explicit concurrent mark sweep GC freed 31(1072B) AllocSpace objects, 0(0B) LOS objects, 25% free, 47MB/63MB, paused 1.480ms total 63.322ms
08-06 15:25:59.438 26883 28644 I art     : Starting a blocking GC Explicit
08-06 15:25:59.502 26883 28644 I art     : Explicit concurrent mark sweep GC freed 3(96B) AllocSpace objects, 0(0B) LOS objects, 25% free, 47MB/63MB, paused 1.526ms total 64.045ms
08-06 15:25:59.519 26883 28644 I art     : Starting a blocking GC Explicit
08-06 15:25:59.582 26883 28644 I art     : Explicit concurrent mark sweep GC freed 3(96B) AllocSpace objects, 0(0B) LOS objects, 25% free, 47MB/63MB, paused 1.549ms total 62.667ms
08-06 15:25:59.599 26883 28644 I art     : Starting a blocking GC Explicit
08-06 15:25:59.661 26883 28644 I art     : Explicit concurrent mark sweep GC freed 3(96B) AllocSpace objects, 0(0B) LOS objects, 25% free, 47MB/63MB, paused 1.421ms total 61.468ms
08-06 15:26:00.022 26883 26895 I art     : Starting a blocking GC Explicit
08-06 15:26:00.077 26883 26895 I art     : Explicit concurrent mark sweep GC freed 2104(107KB) AllocSpace objects, 1(20KB) LOS objects, 25% free, 47MB/63MB, paused 1.450ms total 54.225ms
08-06 15:26:00.093 26883 26895 I art     : Starting a blocking GC Explicit
08-06 15:26:00.146 26883 26895 I art     : Explicit concurrent mark sweep GC freed 23(752B) AllocSpace objects, 0(0B) LOS objects, 25% free, 47MB/63MB, paused 1.477ms total 53.479ms
08-06 15:26:00.163 26883 26895 I art     : Starting a blocking GC Explicit
08-06 15:26:00.195 29422 29422 D AndroidRuntime: >>>>>> START com.android.internal.os.RuntimeInit uid 2000 <<<<<<
08-06 15:26:00.201 29422 29422 D AndroidRuntime: CheckJNI is OFF
08-06 15:26:00.221 26883 26895 I art     : Explicit concurrent mark sweep GC freed 3(96B) AllocSpace objects, 0(0B) LOS objects, 25% free, 47MB/63MB, paused 1.504ms total 58.568ms
08-06 15:26:00.237 26883 26895 I art     : Starting a blocking GC Explicit
08-06 15:26:00.251 29422 29422 D ICU     : No timezone override file found: /data/misc/zoneinfo/current/icu/icu_tzdata.dat
08-06 15:26:00.297 26883 26895 I art     : Explicit concurrent mark sweep GC freed 3(96B) AllocSpace objects, 0(0B) LOS objects, 25% free, 47MB/63MB, paused 1.634ms total 58.912ms
08-06 15:26:00.299 29422 29422 I Radio-JNI: register_android_hardware_Radio DONE
08-06 15:26:00.313 26883 26895 I art     : Starting a blocking GC Explicit
08-06 15:26:00.330 29422 29422 D AndroidRuntime: Calling main entry com.android.commands.input.Input
08-06 15:26:00.332 29422 29422 I Input   : injectKeyEvent: KeyEvent { action=ACTION_DOWN, keyCode=KEYCODE_BACK, scanCode=0, metaState=0, flags=0x0, repeatCount=0, eventTime=890776745, downTime=890776745, deviceId=-1, source=0x101 }
08-06 15:26:00.338 29422 29422 I Input   : injectKeyEvent: KeyEvent { action=ACTION_UP, keyCode=KEYCODE_BACK, scanCode=0, metaState=0, flags=0x0, repeatCount=0, eventTime=890776745, downTime=890776745, deviceId=-1, source=0x101 }
08-06 15:26:00.343 29422 29422 D AndroidRuntime: Shutting down VM
08-06 15:26:00.347 26883 26883 V PlaybackController: initServiceNotRunning()
08-06 15:26:00.348 26883 26883 D ExternalPlayerFragment: Loading media info
08-06 15:26:00.350 26883 26883 D ItemlistFragment: onEventMainThread() called with: event = [DownloadEvent{update=DownloaderUpdate{downloaders=[], feedIds=[], mediaIds=[]}}]
08-06 15:26:00.351 26883 27806 D ApOkHttpUrlLoader: buildLoadData() called with: model = [http://static.libsyn.com/p/assets/7/1/f/3/71f3014e14ef2722/JREiTunesImage2.jpg], width = [1440], height = [462]
08-06 15:26:00.354 26883 26883 D UserPreferences: Using default data folder
08-06 15:26:00.354 26883 27435 D DBReader: getNavDrawerData() called with: 
08-06 15:26:00.355 26883 27436 D DBReader: getFeed() called with: feedId = [2]
08-06 15:26:00.356 26883 27436 D DBReader: getFeedItemList() called with: feed = [baseline.de.danoeh.antennapod.core.feed.Feed@2]
08-06 15:26:00.369 26883 26895 I art     : Explicit concurrent mark sweep GC freed 1488(73KB) AllocSpace objects, 0(0B) LOS objects, 24% free, 49MB/65MB, paused 1.956ms total 55.738ms
08-06 15:26:00.375 26883 26883 D FeedMenuHandler: Preparing options menu
08-06 15:26:00.389 26883 27435 D DBReader: getDownloadedItems() called
08-06 15:26:00.392 26883 27435 D DBReader: getFavoriteIDList() called
08-06 15:26:00.392 26883 27435 D DBReader: getQueueIDList() called
08-06 15:26:00.393 26883 27435 D DBReader: Extracting Feedlist
08-06 15:26:00.422 26883 26883 D MainActivity: getLastNavFragment() -> 2
08-06 15:26:00.424 13866 13866 I GoogleInputMethodServic: GoogleInputMethodService.onFinishInput():3138 
08-06 15:26:00.424 13866 13866 I GoogleInputMethodServic: GoogleInputMethodService.onStartInput():1808 
08-06 15:26:00.467 26883 27436 W PodDBAdapter: Length of id array is larger than 800. Creating multiple cursors
08-06 15:26:00.557 26883 27436 D DBReader: getFavoriteIDList() called
08-06 15:26:00.559 26883 27436 D DBReader: getQueueIDList() called
08-06 15:26:00.561 26883 27436 D DBReader: Extracting Feedlist
08-06 15:26:00.564 26883 27806 D ApOkHttpUrlLoader: buildLoadData() called with: model = [http://static.libsyn.com/p/assets/7/1/f/3/71f3014e14ef2722/JREiTunesImage2.jpg], width = [1440], height = [462]
08-06 15:26:00.582 26883 26883 D FeedMenuHandler: Preparing options menu
08-06 15:26:00.695 26883 28019 I art     : Starting a blocking GC Explicit
08-06 15:26:00.736   380   380 W SurfaceFlinger: couldn't log to binary event log: overflow.
08-06 15:26:00.763 26883 28019 I art     : Explicit concurrent mark sweep GC freed 41693(2MB) AllocSpace objects, 3(52KB) LOS objects, 23% free, 52MB/68MB, paused 1.756ms total 67.995ms
08-06 15:26:00.779 26883 28019 I art     : Starting a blocking GC Explicit
08-06 15:26:00.832 26883 28019 I art     : Explicit concurrent mark sweep GC freed 2475(158KB) AllocSpace objects, 0(0B) LOS objects, 23% free, 52MB/68MB, paused 1.445ms total 52.066ms
08-06 15:26:00.847 26883 28019 I art     : Starting a blocking GC Explicit
08-06 15:26:00.897 26883 28019 I art     : Explicit concurrent mark sweep GC freed 29245(2MB) AllocSpace objects, 3(84KB) LOS objects, 24% free, 50MB/66MB, paused 1.458ms total 49.550ms
08-06 15:26:00.912 26883 28019 I art     : Starting a blocking GC Explicit
08-06 15:26:00.961 26883 28019 I art     : Explicit concurrent mark sweep GC freed 3(96B) AllocSpace objects, 0(0B) LOS objects, 24% free, 50MB/66MB, paused 1.487ms total 48.792ms
08-06 15:26:00.975 26883 28019 I art     : Starting a blocking GC Explicit
08-06 15:26:01.024 26883 28019 I art     : Explicit concurrent mark sweep GC freed 3(96B) AllocSpace objects, 0(0B) LOS objects, 24% free, 50MB/66MB, paused 1.511ms total 48.878ms
08-06 15:26:01.358 26883 26896 I art     : Starting a blocking GC Explicit
08-06 15:26:01.424 26883 26896 I art     : Explicit concurrent mark sweep GC freed 1373(81KB) AllocSpace objects, 1(20KB) LOS objects, 24% free, 50MB/66MB, paused 1.525ms total 65.502ms
08-06 15:26:01.441 26883 26896 I art     : Starting a blocking GC Explicit
08-06 15:26:01.490 26883 26896 I art     : Explicit concurrent mark sweep GC freed 25(832B) AllocSpace objects, 0(0B) LOS objects, 24% free, 50MB/66MB, paused 1.528ms total 48.726ms
08-06 15:26:01.504 26883 26896 I art     : Starting a blocking GC Explicit
08-06 15:26:01.554 26883 26896 I art     : Explicit concurrent mark sweep GC freed 3(96B) AllocSpace objects, 0(0B) LOS objects, 24% free, 50MB/66MB, paused 1.473ms total 49.063ms
08-06 15:26:01.569 26883 26896 I art     : Starting a blocking GC Explicit
08-06 15:26:01.614 26883 26896 I art     : Explicit concurrent mark sweep GC freed 3(96B) AllocSpace objects, 0(0B) LOS objects, 24% free, 50MB/66MB, paused 1.443ms total 45.293ms
08-06 15:26:01.629 26883 26896 I art     : Starting a blocking GC Explicit
08-06 15:26:01.674 26883 26896 I art     : Explicit concurrent mark sweep GC freed 3(96B) AllocSpace objects, 0(0B) LOS objects, 24% free, 50MB/66MB, paused 1.434ms total 45.004ms
08-06 15:26:01.993 26883 26912 I art     : Starting a blocking GC Explicit
08-06 15:26:02.050 26883 26912 I art     : Explicit concurrent mark sweep GC freed 1408(82KB) AllocSpace objects, 1(20KB) LOS objects, 24% free, 50MB/66MB, paused 1.500ms total 56.732ms
08-06 15:26:02.064 26883 26912 I art     : Starting a blocking GC Explicit
08-06 15:26:02.110 26883 26912 I art     : Explicit concurrent mark sweep GC freed 31(1008B) AllocSpace objects, 0(0B) LOS objects, 24% free, 50MB/66MB, paused 1.971ms total 45.597ms
08-06 15:26:02.116 29465 29465 D AndroidRuntime: >>>>>> START com.android.internal.os.RuntimeInit uid 2000 <<<<<<
08-06 15:26:02.121 29465 29465 D AndroidRuntime: CheckJNI is OFF
08-06 15:26:02.124 26883 26912 I art     : Starting a blocking GC Explicit
08-06 15:26:02.163 29465 29465 D ICU     : No timezone override file found: /data/misc/zoneinfo/current/icu/icu_tzdata.dat
08-06 15:26:02.167 26883 26912 I art     : Explicit concurrent mark sweep GC freed 9(288B) AllocSpace objects, 0(0B) LOS objects, 24% free, 50MB/66MB, paused 1.605ms total 42.661ms
08-06 15:26:02.181 26883 26912 I art     : Starting a blocking GC Explicit
08-06 15:26:02.207 29465 29465 I Radio-JNI: register_android_hardware_Radio DONE
08-06 15:26:02.224 26883 26912 I art     : Explicit concurrent mark sweep GC freed 11(352B) AllocSpace objects, 0(0B) LOS objects, 24% free, 50MB/66MB, paused 1.431ms total 43.215ms
08-06 15:26:02.235 29465 29465 D AndroidRuntime: Calling main entry com.android.commands.input.Input
08-06 15:26:02.238 29465 29465 I Input   : injectMotionEvent: MotionEvent { action=ACTION_DOWN, actionButton=0, id[0]=0, x[0]=733.0, y[0]=896.0, toolType[0]=TOOL_TYPE_UNKNOWN, buttonState=0, metaState=0, flags=0x0, edgeFlags=0x0, pointerCount=1, historySize=0, eventTime=890778650, downTime=890778650, deviceId=0, source=0x1002 }
08-06 15:26:02.238 26883 26912 I art     : Starting a blocking GC Explicit
08-06 15:26:02.244 29465 29465 I Input   : injectMotionEvent: MotionEvent { action=ACTION_UP, actionButton=0, id[0]=0, x[0]=733.0, y[0]=896.0, toolType[0]=TOOL_TYPE_UNKNOWN, buttonState=0, metaState=0, flags=0x0, edgeFlags=0x0, pointerCount=1, historySize=0, eventTime=890778650, downTime=890778650, deviceId=0, source=0x1002 }
08-06 15:26:02.247 29465 29465 D AndroidRuntime: Shutting down VM
08-06 15:26:02.281 26883 26912 I art     : Explicit concurrent mark sweep GC freed 26(832B) AllocSpace objects, 0(0B) LOS objects, 24% free, 50MB/66MB, paused 1.365ms total 42.464ms
08-06 15:26:02.312   512  2967 D audio_hw_primary: out_set_parameters: enter: usecase(1: low-latency-playback) kvpairs: routing=2
08-06 15:26:02.325   512  2967 D audio_hw_primary: select_devices: out_snd_device(2: speaker) in_snd_device(0: none)
08-06 15:26:02.326   512  2967 D msm8974_platform: platform_send_audio_calibration: sending audio calibration for snd_device(2) acdb_id(15)
08-06 15:26:02.326   512  2967 I soundtrigger: audio_extn_sound_trigger_update_device_status: device 0x2 of type 0 for Event 1
08-06 15:26:02.338 26883 26883 I WebViewFactory: Loading com.google.android.webview version 84.0.4147.89 (code 414708953)
08-06 15:26:02.338   512  2967 D audio_hw_primary: enable_snd_device: snd_device(2: speaker)
08-06 15:26:02.341   512  2967 D audio_hw_primary: enable_audio_route: apply and update mixer path: low-latency-playback speaker
08-06 15:26:02.428 26883 26883 I cr_LibraryLoader: Loaded native library version number "84.0.4147.89"
08-06 15:26:02.429 26883 26883 I cr_CachingUmaRecorder: Flushed 5 samples from 5 histograms.
08-06 15:26:02.473 26883 26883 E chromium: [ERROR:filesystem_posix.cc(62)] mkdir /data/user/0/baseline.de.danoeh.antennapod.debug/cache/WebView/Crashpad: No such file or directory (2)
08-06 15:26:02.588   918  6110 D ConnectivityService: listenForNetwork for Listen from uid/pid:10711/26883 for NetworkRequest [ id=4060, legacyType=-1, [ Capabilities: INTERNET&NOT_RESTRICTED&TRUSTED] ]
08-06 15:26:02.632 26883 26903 D DBReader: getFeedItem() called with: itemId = [2]
08-06 15:26:02.633 26883 26903 D DBReader: Loading feeditem with id 2
08-06 15:26:02.634 26883 26883 D ItemFragment: onEventMainThread() called with: event = [DownloadEvent{update=DownloaderUpdate{downloaders=[], feedIds=[], mediaIds=[]}}]
08-06 15:26:02.635 26883 28644 I art     : Starting a blocking GC Explicit
08-06 15:26:02.639 13866 13866 I GoogleInputMethodServic: GoogleInputMethodService.onFinishInput():3138 
08-06 15:26:02.639 13866 13866 I GoogleInputMethodServic: GoogleInputMethodService.onStartInput():1808 
08-06 15:26:02.643 26883 26903 D DBReader: getFavoriteIDList() called
08-06 15:26:02.645 26883 26903 D DBReader: getQueueIDList() called
08-06 15:26:02.645 26883 26903 D DBReader: Extracting Feedlist
08-06 15:26:02.653 26883 26883 E libEGL  : validate_display:255 error 3008 (EGL_BAD_DISPLAY)
08-06 15:26:02.663 26883 26903 D DBReader: loadExtraInformationOfFeedItem() called with: item = [FeedItem[autoDownload=1,chapters=<null>,contentEncoded=<null>,description=<null>,feed=baseline.de.danoeh.antennapod.core.feed.Feed@455b644,feedId=2,flattrStatus=baseline.de.danoeh.antennapod.core.util.flattr.FlattrStatus@29f832d,hasChapters=false,imageUrl=http://static.libsyn.com/p/assets/2/7/8/6/278615fe73b1f0ca/JRE1514.jpg,itemIdentifier=a0870b6b-c887-4883-930c-a06d5e1a8f7e,link=http://traffic.libsyn.com/joeroganexp/p1514.mp3,media=baseline.de.danoeh.antennapod.core.feed.FeedMedia@9b0c062,paymentLink=<null>,pubDate=Fri Jul 24 21:00:00 GMT+02:00 2020,state=-1,tags=[],title=#1514 - Joe De Sena,id=2]]
08-06 15:26:02.694 26883 28644 I art     : Explicit concurrent mark sweep GC freed 12285(1004KB) AllocSpace objects, 4(128KB) LOS objects, 23% free, 51MB/67MB, paused 2.123ms total 58.713ms
08-06 15:26:02.723 26883 28644 I art     : Starting a blocking GC Explicit
08-06 15:26:02.736 26883 27806 D ApOkHttpUrlLoader: buildLoadData() called with: model = [http://static.libsyn.com/p/assets/2/7/8/6/278615fe73b1f0ca/JRE1514.jpg], width = [175], height = [175]
08-06 15:26:02.739 26883 27632 D DBReader: getImageAuthentication() called with: imageUrl = [http://static.libsyn.com/p/assets/2/7/8/6/278615fe73b1f0ca/JRE1514.jpg]
08-06 15:26:02.744 26883 27632 D ApOkHttpUrlLoader: no credentials for 'http://static.libsyn.com/p/assets/2/7/8/6/278615fe73b1f0ca/JRE1514.jpg'
08-06 15:26:02.753   918   935 D BluetoothManagerService: Added callback: android.bluetooth.IBluetoothManagerCallback$Stub$Proxy@2586b91:true
08-06 15:26:02.799 26883 28644 I art     : Explicit concurrent mark sweep GC freed 1701(122KB) AllocSpace objects, 3(84KB) LOS objects, 23% free, 51MB/67MB, paused 2.883ms total 74.884ms
08-06 15:26:02.815 26883 28644 I art     : Starting a blocking GC Explicit
08-06 15:26:02.829 26883 27632 D MYTAG   : interceptor 2a
08-06 15:26:02.829 26883 27632 I NAPPA_EXPERIMENTATION: MetricNetworkRequestExecutionTime: REQUEST_DURATION_SYSTEM='85',REQUEST_DURATION_OKHTTP='83',REQUEST_SYNCHRONOUS='TRUE',RESPONSE_CODE='200',RESPONSE_METHOD='GET',RESPONSE_LENGTH_OKHTTP='364960',RESPONSE_LENGTH_HEADER='364960',REQUEST_PROTOCOL='http/1.1',REQUEST_URL='http://static.libsyn.com/p/assets/2/7/8/6/278615fe73b1f0ca/JRE1514.jpg',
08-06 15:26:02.864 26883 28644 I art     : Explicit concurrent mark sweep GC freed 1287(86KB) AllocSpace objects, 1(28KB) LOS objects, 23% free, 51MB/67MB, paused 2.599ms total 49.304ms
08-06 15:26:02.879   512  2967 D audio_hw_primary: disable_audio_route: reset and update mixer path: low-latency-playback speaker
08-06 15:26:02.880   512  2967 D audio_hw_primary: disable_snd_device: snd_device(2: speaker)
08-06 15:26:02.882 26883 28644 I art     : Starting a blocking GC Explicit
08-06 15:26:02.887   512  2967 I soundtrigger: audio_extn_sound_trigger_update_device_status: device 0x2 of type 0 for Event 0
08-06 15:26:02.928 26883 28644 I art     : Explicit concurrent mark sweep GC freed 156(14KB) AllocSpace objects, 0(0B) LOS objects, 23% free, 51MB/67MB, paused 1.794ms total 45.575ms
08-06 15:26:02.941 26883 28644 I art     : Starting a blocking GC Explicit
08-06 15:26:02.986 26883 28644 I art     : Explicit concurrent mark sweep GC freed 56(10KB) AllocSpace objects, 0(0B) LOS objects, 23% free, 51MB/67MB, paused 1.721ms total 44.338ms
08-06 15:26:03.253   918  3261 D WifiStateMachine: starting scan for "H369AA63323"WPA_PSK with 2412,5180
08-06 15:26:03.360 26883 26896 I art     : Starting a blocking GC Explicit
08-06 15:26:03.418 26883 26896 I art     : Explicit concurrent mark sweep GC freed 1607(101KB) AllocSpace objects, 1(20KB) LOS objects, 23% free, 51MB/67MB, paused 1.626ms total 57.739ms
08-06 15:26:03.433 26883 26896 I art     : Starting a blocking GC Explicit
08-06 15:26:03.485 26883 26896 I art     : Explicit concurrent mark sweep GC freed 41(1312B) AllocSpace objects, 0(0B) LOS objects, 23% free, 51MB/67MB, paused 1.605ms total 51.787ms
08-06 15:26:03.500 26883 26896 I art     : Starting a blocking GC Explicit
08-06 15:26:03.550 26883 26896 I art     : Explicit concurrent mark sweep GC freed 11(352B) AllocSpace objects, 0(0B) LOS objects, 23% free, 51MB/67MB, paused 1.686ms total 50.420ms
08-06 15:26:03.566 26883 26896 I art     : Starting a blocking GC Explicit
08-06 15:26:03.619 26883 26896 I art     : Explicit concurrent mark sweep GC freed 11(352B) AllocSpace objects, 0(0B) LOS objects, 23% free, 51MB/67MB, paused 1.711ms total 52.863ms
08-06 15:26:03.635 26883 26896 I art     : Waiting for a blocking GC Explicit
08-06 15:26:03.636 26883 26896 I art     : Starting a blocking GC Explicit
08-06 15:26:03.688 26883 26896 I art     : Explicit concurrent mark sweep GC freed 11(352B) AllocSpace objects, 0(0B) LOS objects, 23% free, 51MB/67MB, paused 2.006ms total 51.312ms
08-06 15:26:04.065 26883 26896 I art     : Starting a blocking GC Explicit
08-06 15:26:04.122 26883 26896 I art     : Explicit concurrent mark sweep GC freed 1465(83KB) AllocSpace objects, 1(20KB) LOS objects, 23% free, 51MB/67MB, paused 1.691ms total 55.543ms
08-06 15:26:04.138 26883 26896 I art     : Starting a blocking GC Explicit
08-06 15:26:04.194 26883 26896 I art     : Explicit concurrent mark sweep GC freed 32(1040B) AllocSpace objects, 0(0B) LOS objects, 23% free, 51MB/67MB, paused 1.509ms total 55.387ms
08-06 15:26:04.210 26883 26896 I art     : Starting a blocking GC Explicit
08-06 15:26:04.263 26883 26896 I art     : Explicit concurrent mark sweep GC freed 15(480B) AllocSpace objects, 0(0B) LOS objects, 23% free, 51MB/67MB, paused 1.476ms total 53ms
08-06 15:26:04.280 26883 26896 I art     : Starting a blocking GC Explicit
08-06 15:26:04.333 26883 26896 I art     : Explicit concurrent mark sweep GC freed 18(576B) AllocSpace objects, 0(0B) LOS objects, 23% free, 51MB/67MB, paused 1.560ms total 52.988ms
08-06 15:26:04.349 26883 26896 I art     : Starting a blocking GC Explicit
08-06 15:26:04.403 26883 26896 I art     : Explicit concurrent mark sweep GC freed 19(608B) AllocSpace objects, 0(0B) LOS objects, 23% free, 51MB/67MB, paused 1.651ms total 52.792ms
08-06 15:26:04.648   518   646 I ThermalEngine: ACTION: GPU - Setting GPU[0] to 390000000
08-06 15:26:04.852 26883 28644 I art     : Starting a blocking GC Explicit
08-06 15:26:04.925 26883 28644 I art     : Explicit concurrent mark sweep GC freed 1437(82KB) AllocSpace objects, 1(20KB) LOS objects, 23% free, 51MB/67MB, paused 2.362ms total 72.164ms
08-06 15:26:04.954 26883 28644 I art     : Starting a blocking GC Explicit
08-06 15:26:05.027 26883 28644 I art     : Explicit concurrent mark sweep GC freed 23(752B) AllocSpace objects, 0(0B) LOS objects, 23% free, 51MB/67MB, paused 2.614ms total 72.843ms
08-06 15:26:05.054 26883 28644 I art     : Starting a blocking GC Explicit
08-06 15:26:05.122 26883 28644 I art     : Explicit concurrent mark sweep GC freed 3(96B) AllocSpace objects, 0(0B) LOS objects, 23% free, 51MB/67MB, paused 2.377ms total 67.750ms
08-06 15:26:05.145 26883 28644 I art     : Starting a blocking GC Explicit
08-06 15:26:05.222 26883 28644 I art     : Explicit concurrent mark sweep GC freed 3(96B) AllocSpace objects, 0(0B) LOS objects, 23% free, 51MB/67MB, paused 3.465ms total 75.686ms
08-06 15:26:05.248 26883 28644 I art     : Starting a blocking GC Explicit
08-06 15:26:05.325 26883 28644 I art     : Explicit concurrent mark sweep GC freed 3(96B) AllocSpace objects, 0(0B) LOS objects, 23% free, 51MB/67MB, paused 2.645ms total 76.953ms
08-06 15:26:05.769 26883 26896 I art     : Starting a blocking GC Explicit
08-06 15:26:05.853 26883 26896 I art     : Explicit concurrent mark sweep GC freed 1411(82KB) AllocSpace objects, 1(20KB) LOS objects, 23% free, 51MB/67MB, paused 2.827ms total 82.950ms
08-06 15:26:05.881 26883 26896 I art     : Starting a blocking GC Explicit
08-06 15:26:05.954 26883 26896 I art     : Explicit concurrent mark sweep GC freed 23(752B) AllocSpace objects, 0(0B) LOS objects, 23% free, 51MB/67MB, paused 2.759ms total 72.395ms
08-06 15:26:05.979 26883 26896 I art     : Starting a blocking GC Explicit
08-06 15:26:06.048 26883 26896 I art     : Explicit concurrent mark sweep GC freed 3(96B) AllocSpace objects, 0(0B) LOS objects, 23% free, 51MB/67MB, paused 2.520ms total 68.251ms
08-06 15:26:06.072 26883 26896 I art     : Starting a blocking GC Explicit
08-06 15:26:06.140 26883 26896 I art     : Explicit concurrent mark sweep GC freed 3(96B) AllocSpace objects, 0(0B) LOS objects, 23% free, 51MB/67MB, paused 2.792ms total 67.585ms
08-06 15:26:06.163 26883 26896 I art     : Starting a blocking GC Explicit
08-06 15:26:06.238 26883 26896 I art     : Explicit concurrent mark sweep GC freed 3(96B) AllocSpace objects, 0(0B) LOS objects, 23% free, 51MB/67MB, paused 2.928ms total 74.661ms
08-06 15:26:06.650   518   646 I ThermalEngine: ACTION: GPU - Setting GPU[0] to 450000000
08-06 15:26:06.672 26883 26895 I art     : Starting a blocking GC Explicit
08-06 15:26:06.726 26883 26895 I art     : Explicit concurrent mark sweep GC freed 1449(84KB) AllocSpace objects, 1(20KB) LOS objects, 23% free, 51MB/67MB, paused 1.608ms total 53.541ms
08-06 15:26:06.741 26883 26895 I art     : Starting a blocking GC Explicit
08-06 15:26:06.792 26883 26895 I art     : Explicit concurrent mark sweep GC freed 24(784B) AllocSpace objects, 0(0B) LOS objects, 23% free, 51MB/67MB, paused 1.508ms total 49.995ms
08-06 15:26:06.807 26883 26895 I art     : Starting a blocking GC Explicit
08-06 15:26:06.862 26883 26895 I art     : Explicit concurrent mark sweep GC freed 3(96B) AllocSpace objects, 0(0B) LOS objects, 23% free, 51MB/67MB, paused 1.678ms total 54.903ms
08-06 15:26:06.878 26883 26895 I art     : Starting a blocking GC Explicit
08-06 15:26:06.933 26883 26895 I art     : Explicit concurrent mark sweep GC freed 3(96B) AllocSpace objects, 0(0B) LOS objects, 23% free, 51MB/67MB, paused 1.602ms total 54.793ms
08-06 15:26:06.948 26883 26895 I art     : Starting a blocking GC Explicit
08-06 15:26:07.003 26883 26895 I art     : Explicit concurrent mark sweep GC freed 81(6KB) AllocSpace objects, 0(0B) LOS objects, 23% free, 51MB/67MB, paused 1.530ms total 54.695ms
08-06 15:26:07.071 29608 29608 D AndroidRuntime: >>>>>> START com.android.internal.os.RuntimeInit uid 2000 <<<<<<
08-06 15:26:07.078 29608 29608 D AndroidRuntime: CheckJNI is OFF
08-06 15:26:07.128 29608 29608 D ICU     : No timezone override file found: /data/misc/zoneinfo/current/icu/icu_tzdata.dat
08-06 15:26:07.173 29608 29608 I Radio-JNI: register_android_hardware_Radio DONE
08-06 15:26:07.202 29608 29608 D AndroidRuntime: Calling main entry com.android.commands.input.Input
08-06 15:26:07.204 29608 29608 I Input   : injectKeyEvent: KeyEvent { action=ACTION_DOWN, keyCode=KEYCODE_BACK, scanCode=0, metaState=0, flags=0x0, repeatCount=0, eventTime=890783617, downTime=890783617, deviceId=-1, source=0x101 }
08-06 15:26:07.218 29608 29608 I Input   : injectKeyEvent: KeyEvent { action=ACTION_UP, keyCode=KEYCODE_BACK, scanCode=0, metaState=0, flags=0x0, repeatCount=0, eventTime=890783617, downTime=890783617, deviceId=-1, source=0x101 }
08-06 15:26:07.239 26883 26883 D ItemlistFragment: onEventMainThread() called with: event = [DownloadEvent{update=DownloaderUpdate{downloaders=[], feedIds=[], mediaIds=[]}}]
08-06 15:26:07.241 26883 27435 D DBReader: getFeed() called with: feedId = [2]
08-06 15:26:07.242 29608 29608 D AndroidRuntime: Shutting down VM
08-06 15:26:07.242 26883 27435 D DBReader: getFeedItemList() called with: feed = [baseline.de.danoeh.antennapod.core.feed.Feed@2]
08-06 15:26:07.243   918  3263 D ConnectivityService: releasing NetworkRequest NetworkRequest [ id=4060, legacyType=-1, [ Capabilities: INTERNET&NOT_RESTRICTED&TRUSTED] ]
08-06 15:26:07.273 26883 26883 D FeedMenuHandler: Preparing options menu
08-06 15:26:07.330 26883 27806 D ApOkHttpUrlLoader: buildLoadData() called with: model = [http://static.libsyn.com/p/assets/7/1/f/3/71f3014e14ef2722/JREiTunesImage2.jpg], width = [1440], height = [462]
08-06 15:26:07.354 26883 27435 W PodDBAdapter: Length of id array is larger than 800. Creating multiple cursors
08-06 15:26:07.361 13866 13866 I GoogleInputMethodServic: GoogleInputMethodService.onFinishInput():3138 
08-06 15:26:07.362 13866 13866 I GoogleInputMethodServic: GoogleInputMethodService.onStartInput():1808 
08-06 15:26:07.372 26883 28644 I art     : Starting a blocking GC Explicit
08-06 15:26:07.431 26883 28644 I art     : Explicit concurrent mark sweep GC freed 8525(511KB) AllocSpace objects, 3(64KB) LOS objects, 22% free, 56MB/72MB, paused 1.832ms total 58.996ms
08-06 15:26:07.447 26883 27435 D DBReader: getFavoriteIDList() called
08-06 15:26:07.448 26883 27435 D DBReader: getQueueIDList() called
08-06 15:26:07.450 26883 28644 I art     : Starting a blocking GC Explicit
08-06 15:26:07.450 26883 27435 D DBReader: Extracting Feedlist
08-06 15:26:07.454 26883 27806 D ApOkHttpUrlLoader: buildLoadData() called with: model = [http://static.libsyn.com/p/assets/7/1/f/3/71f3014e14ef2722/JREiTunesImage2.jpg], width = [1440], height = [462]
08-06 15:26:07.473 26883 26883 D FeedMenuHandler: Preparing options menu
08-06 15:26:07.510 26883 28644 I art     : Explicit concurrent mark sweep GC freed 39485(2MB) AllocSpace objects, 6(3MB) LOS objects, 22% free, 54MB/70MB, paused 1.966ms total 59.710ms
08-06 15:26:07.524 26883 28644 I art     : Starting a blocking GC Explicit
08-06 15:26:07.570 26883 28644 I art     : Explicit concurrent mark sweep GC freed 817(51KB) AllocSpace objects, 0(0B) LOS objects, 22% free, 53MB/69MB, paused 1.432ms total 45.525ms
08-06 15:26:07.584 26883 28644 I art     : Starting a blocking GC Explicit
08-06 15:26:07.633 26883 28644 I art     : Explicit concurrent mark sweep GC freed 642(42KB) AllocSpace objects, 0(0B) LOS objects, 22% free, 53MB/69MB, paused 1.435ms total 49.241ms
08-06 15:26:07.648 26883 28644 I art     : Starting a blocking GC Explicit
08-06 15:26:07.699 26883 28644 I art     : Explicit concurrent mark sweep GC freed 3(96B) AllocSpace objects, 0(0B) LOS objects, 22% free, 53MB/69MB, paused 1.409ms total 50.846ms
08-06 15:26:08.055 26883 26895 I art     : Starting a blocking GC Explicit
08-06 15:26:08.120 26883 26895 I art     : Explicit concurrent mark sweep GC freed 1454(83KB) AllocSpace objects, 1(20KB) LOS objects, 22% free, 53MB/69MB, paused 1.628ms total 64.871ms
08-06 15:26:08.139 26883 26895 I art     : Starting a blocking GC Explicit
08-06 15:26:08.193 26883 26895 I art     : Explicit concurrent mark sweep GC freed 25(848B) AllocSpace objects, 0(0B) LOS objects, 22% free, 53MB/69MB, paused 1.699ms total 53.530ms
08-06 15:26:08.208 26883 26895 I art     : Starting a blocking GC Explicit
08-06 15:26:08.258 26883 26895 I art     : Explicit concurrent mark sweep GC freed 3(96B) AllocSpace objects, 0(0B) LOS objects, 22% free, 53MB/69MB, paused 1.494ms total 49.490ms
08-06 15:26:08.273 26883 26895 I art     : Starting a blocking GC Explicit
08-06 15:26:08.327 26883 26895 I art     : Explicit concurrent mark sweep GC freed 3(96B) AllocSpace objects, 0(0B) LOS objects, 22% free, 53MB/69MB, paused 1.451ms total 53.144ms
08-06 15:26:08.342 26883 26895 I art     : Starting a blocking GC Explicit
08-06 15:26:08.394 26883 26895 I art     : Explicit concurrent mark sweep GC freed 3(96B) AllocSpace objects, 0(0B) LOS objects, 22% free, 53MB/69MB, paused 1.461ms total 51.806ms
08-06 15:26:08.734 26883 28019 I art     : Starting a blocking GC Explicit
08-06 15:26:08.792 26883 28019 I art     : Explicit concurrent mark sweep GC freed 1411(83KB) AllocSpace objects, 1(20KB) LOS objects, 22% free, 53MB/69MB, paused 1.429ms total 57.273ms
08-06 15:26:08.807 26883 28019 I art     : Starting a blocking GC Explicit
08-06 15:26:08.858 26883 28019 I art     : Explicit concurrent mark sweep GC freed 24(784B) AllocSpace objects, 0(0B) LOS objects, 22% free, 53MB/69MB, paused 1.910ms total 51.010ms
08-06 15:26:08.874 26883 28019 I art     : Starting a blocking GC Explicit
08-06 15:26:08.927 26883 28019 I art     : Explicit concurrent mark sweep GC freed 11(352B) AllocSpace objects, 0(0B) LOS objects, 22% free, 53MB/69MB, paused 1.457ms total 52.406ms
08-06 15:26:08.942 26883 28019 I art     : Starting a blocking GC Explicit
08-06 15:26:08.992 26883 28019 I art     : Explicit concurrent mark sweep GC freed 11(352B) AllocSpace objects, 0(0B) LOS objects, 22% free, 53MB/69MB, paused 1.438ms total 49.878ms
08-06 15:26:09.007 26883 28019 I art     : Starting a blocking GC Explicit
08-06 15:26:09.058 26883 28019 I art     : Explicit concurrent mark sweep GC freed 11(352B) AllocSpace objects, 0(0B) LOS objects, 22% free, 53MB/69MB, paused 1.679ms total 50.662ms
08-06 15:26:09.068 29648 29648 D AndroidRuntime: >>>>>> START com.android.internal.os.RuntimeInit uid 2000 <<<<<<
08-06 15:26:09.074 29648 29648 D AndroidRuntime: CheckJNI is OFF
08-06 15:26:09.115 29648 29648 D ICU     : No timezone override file found: /data/misc/zoneinfo/current/icu/icu_tzdata.dat
08-06 15:26:09.157 29648 29648 I Radio-JNI: register_android_hardware_Radio DONE
08-06 15:26:09.186 29648 29648 D AndroidRuntime: Calling main entry com.android.commands.input.Input
08-06 15:26:09.189 29648 29648 I Input   : injectMotionEvent: MotionEvent { action=ACTION_DOWN, actionButton=0, id[0]=0, x[0]=103.0, y[0]=192.0, toolType[0]=TOOL_TYPE_UNKNOWN, buttonState=0, metaState=0, flags=0x0, edgeFlags=0x0, pointerCount=1, historySize=0, eventTime=890785601, downTime=890785601, deviceId=0, source=0x1002 }
08-06 15:26:09.195 29648 29648 I Input   : injectMotionEvent: MotionEvent { action=ACTION_UP, actionButton=0, id[0]=0, x[0]=103.0, y[0]=192.0, toolType[0]=TOOL_TYPE_UNKNOWN, buttonState=0, metaState=0, flags=0x0, edgeFlags=0x0, pointerCount=1, historySize=0, eventTime=890785601, downTime=890785601, deviceId=0, source=0x1002 }
08-06 15:26:09.199 29648 29648 D AndroidRuntime: Shutting down VM
08-06 15:26:09.215   512  2967 D audio_hw_primary: out_set_parameters: enter: usecase(1: low-latency-playback) kvpairs: routing=2
08-06 15:26:09.228   512  2967 D audio_hw_primary: select_devices: out_snd_device(2: speaker) in_snd_device(0: none)
08-06 15:26:09.228   512  2967 D msm8974_platform: platform_send_audio_calibration: sending audio calibration for snd_device(2) acdb_id(15)
08-06 15:26:09.228   512  2967 I soundtrigger: audio_extn_sound_trigger_update_device_status: device 0x2 of type 0 for Event 1
08-06 15:26:09.239   512  2967 D audio_hw_primary: enable_snd_device: snd_device(2: speaker)
08-06 15:26:09.241   512  2967 D audio_hw_primary: enable_audio_route: apply and update mixer path: low-latency-playback speaker
08-06 15:26:09.397 26883 26895 I art     : Starting a blocking GC Explicit
08-06 15:26:09.448 26883 26895 I art     : Explicit concurrent mark sweep GC freed 1809(103KB) AllocSpace objects, 1(20KB) LOS objects, 22% free, 53MB/69MB, paused 1.720ms total 51.060ms
08-06 15:26:09.463 26883 26895 I art     : Starting a blocking GC Explicit
08-06 15:26:09.508 26883 26895 I art     : Explicit concurrent mark sweep GC freed 37(1360B) AllocSpace objects, 0(0B) LOS objects, 22% free, 53MB/69MB, paused 1.782ms total 44.719ms
08-06 15:26:09.523 26883 26895 I art     : Starting a blocking GC Explicit
08-06 15:26:09.572 26883 26895 I art     : Explicit concurrent mark sweep GC freed 3(96B) AllocSpace objects, 0(0B) LOS objects, 22% free, 53MB/69MB, paused 1.301ms total 48.463ms
08-06 15:26:09.587 26883 26895 I art     : Starting a blocking GC Explicit
08-06 15:26:09.634 26883 26895 I art     : Explicit concurrent mark sweep GC freed 11(384B) AllocSpace objects, 0(0B) LOS objects, 22% free, 53MB/69MB, paused 1.278ms total 46.422ms
08-06 15:26:09.648 26883 26895 I art     : Starting a blocking GC Explicit
08-06 15:26:09.697 26883 26895 I art     : Explicit concurrent mark sweep GC freed 4(128B) AllocSpace objects, 0(0B) LOS objects, 22% free, 53MB/69MB, paused 1.368ms total 48.830ms
08-06 15:26:09.788   512  2967 D audio_hw_primary: disable_audio_route: reset and update mixer path: low-latency-playback speaker
08-06 15:26:09.790   512  2967 D audio_hw_primary: disable_snd_device: snd_device(2: speaker)
08-06 15:26:09.798   512  2967 I soundtrigger: audio_extn_sound_trigger_update_device_status: device 0x2 of type 0 for Event 0
08-06 15:26:10.044 26883 28644 I art     : Starting a blocking GC Explicit
08-06 15:26:10.113 26883 28644 I art     : Explicit concurrent mark sweep GC freed 2115(107KB) AllocSpace objects, 1(20KB) LOS objects, 22% free, 53MB/69MB, paused 1.559ms total 69.519ms
08-06 15:26:10.130 26883 28644 I art     : Starting a blocking GC Explicit
08-06 15:26:10.183 26883 28644 I art     : Explicit concurrent mark sweep GC freed 25(816B) AllocSpace objects, 0(0B) LOS objects, 22% free, 53MB/69MB, paused 1.466ms total 52.391ms
08-06 15:26:10.198 26883 28644 I art     : Starting a blocking GC Explicit
08-06 15:26:10.251 26883 28644 I art     : Explicit concurrent mark sweep GC freed 3(96B) AllocSpace objects, 0(0B) LOS objects, 22% free, 53MB/69MB, paused 1.390ms total 52.246ms
08-06 15:26:10.265 26883 28644 I art     : Starting a blocking GC Explicit
08-06 15:26:10.319 26883 28644 I art     : Explicit concurrent mark sweep GC freed 3(96B) AllocSpace objects, 0(0B) LOS objects, 22% free, 53MB/69MB, paused 1.578ms total 53.209ms
08-06 15:26:10.334 26883 28644 I art     : Starting a blocking GC Explicit
08-06 15:26:10.387 26883 28644 I art     : Explicit concurrent mark sweep GC freed 3(96B) AllocSpace objects, 0(0B) LOS objects, 22% free, 53MB/69MB, paused 1.440ms total 52.498ms
08-06 15:26:10.742 26883 26895 I art     : Starting a blocking GC Explicit
08-06 15:26:10.804 26883 26895 I art     : Explicit concurrent mark sweep GC freed 2299(114KB) AllocSpace objects, 1(20KB) LOS objects, 22% free, 53MB/69MB, paused 1.561ms total 61.737ms
08-06 15:26:10.821 26883 26895 I art     : Starting a blocking GC Explicit
08-06 15:26:10.874 26883 26895 I art     : Explicit concurrent mark sweep GC freed 25(816B) AllocSpace objects, 0(0B) LOS objects, 22% free, 53MB/69MB, paused 1.626ms total 52.253ms
08-06 15:26:10.889 26883 26895 I art     : Starting a blocking GC Explicit
08-06 15:26:10.939 26883 26895 I art     : Explicit concurrent mark sweep GC freed 11(352B) AllocSpace objects, 0(0B) LOS objects, 22% free, 53MB/69MB, paused 1.761ms total 49.750ms
08-06 15:26:10.954 26883 26895 I art     : Starting a blocking GC Explicit
08-06 15:26:10.990 29691 29691 D AndroidRuntime: >>>>>> START com.android.internal.os.RuntimeInit uid 2000 <<<<<<
08-06 15:26:10.995 29691 29691 D AndroidRuntime: CheckJNI is OFF
08-06 15:26:11.001 26883 26895 I art     : Explicit concurrent mark sweep GC freed 11(352B) AllocSpace objects, 0(0B) LOS objects, 22% free, 53MB/69MB, paused 1.414ms total 47.246ms
08-06 15:26:11.015 26883 26895 I art     : Starting a blocking GC Explicit
08-06 15:26:11.037 29691 29691 D ICU     : No timezone override file found: /data/misc/zoneinfo/current/icu/icu_tzdata.dat
08-06 15:26:11.062 26883 26895 I art     : Explicit concurrent mark sweep GC freed 10(320B) AllocSpace objects, 0(0B) LOS objects, 22% free, 53MB/69MB, paused 1.568ms total 46.502ms
08-06 15:26:11.081 29691 29691 I Radio-JNI: register_android_hardware_Radio DONE
08-06 15:26:11.109 29691 29691 D AndroidRuntime: Calling main entry com.android.commands.input.Input
08-06 15:26:11.111 29691 29691 I Input   : injectMotionEvent: MotionEvent { action=ACTION_DOWN, actionButton=0, id[0]=0, x[0]=409.0, y[0]=1034.0, toolType[0]=TOOL_TYPE_UNKNOWN, buttonState=0, metaState=0, flags=0x0, edgeFlags=0x0, pointerCount=1, historySize=0, eventTime=890787524, downTime=890787524, deviceId=0, source=0x1002 }
08-06 15:26:11.116 29691 29691 I Input   : injectMotionEvent: MotionEvent { action=ACTION_UP, actionButton=0, id[0]=0, x[0]=409.0, y[0]=1034.0, toolType[0]=TOOL_TYPE_UNKNOWN, buttonState=0, metaState=0, flags=0x0, edgeFlags=0x0, pointerCount=1, historySize=0, eventTime=890787524, downTime=890787524, deviceId=0, source=0x1002 }
08-06 15:26:11.119 29691 29691 D AndroidRuntime: Shutting down VM
08-06 15:26:11.184 26883 26883 D MainActivity: loadFragment(index: 5, args: null)
08-06 15:26:11.185 26883 26883 D MainActivity: loadFragment(tag: AddFeedFragment, args: null)
08-06 15:26:11.185 26883 26883 D MainActivity: saveLastNavFragment(tag: AddFeedFragment)
08-06 15:26:11.186 26883 26883 D MainActivity: getLastNavFragment() -> AddFeedFragment
08-06 15:26:11.186   512  2967 D audio_hw_primary: out_set_parameters: enter: usecase(1: low-latency-playback) kvpairs: routing=2
08-06 15:26:11.199   512  2967 D audio_hw_primary: select_devices: out_snd_device(2: speaker) in_snd_device(0: none)
08-06 15:26:11.199   512  2967 D msm8974_platform: platform_send_audio_calibration: sending audio calibration for snd_device(2) acdb_id(15)
08-06 15:26:11.199   512  2967 I soundtrigger: audio_extn_sound_trigger_update_device_status: device 0x2 of type 0 for Event 1
08-06 15:26:11.210   512  2967 D audio_hw_primary: enable_snd_device: snd_device(2: speaker)
08-06 15:26:11.212   512  2967 D audio_hw_primary: enable_audio_route: apply and update mixer path: low-latency-playback speaker
08-06 15:26:11.236 13866 13866 I GoogleInputMethodServic: GoogleInputMethodService.onFinishInput():3138 
08-06 15:26:11.237 13866 13866 I GoogleInputMethodServic: GoogleInputMethodService.onStartInput():1808 
08-06 15:26:11.397 26883 26896 I art     : Starting a blocking GC Explicit
08-06 15:26:11.451 26883 26896 I art     : Explicit concurrent mark sweep GC freed 3809(200KB) AllocSpace objects, 2(40KB) LOS objects, 22% free, 53MB/69MB, paused 1.514ms total 53.597ms
08-06 15:26:11.468 26883 26896 I art     : Starting a blocking GC Explicit
08-06 15:26:11.510 26883 26896 I art     : Explicit concurrent mark sweep GC freed 31431(2MB) AllocSpace objects, 9(3MB) LOS objects, 24% free, 48MB/64MB, paused 1.303ms total 42.521ms
08-06 15:26:11.523 26883 26896 I art     : Starting a blocking GC Explicit
08-06 15:26:11.561 26883 26896 I art     : Explicit concurrent mark sweep GC freed 3(96B) AllocSpace objects, 0(0B) LOS objects, 24% free, 48MB/64MB, paused 1.350ms total 38ms
08-06 15:26:11.574 26883 26896 I art     : Starting a blocking GC Explicit
08-06 15:26:11.610 26883 26896 I art     : Explicit concurrent mark sweep GC freed 52(1696B) AllocSpace objects, 0(0B) LOS objects, 24% free, 48MB/64MB, paused 1.576ms total 35.850ms
08-06 15:26:11.622 26883 26896 I art     : Starting a blocking GC Explicit
08-06 15:26:11.623 13866 13866 I GoogleInputMethodServic: GoogleInputMethodService.onFinishInput():3138 
08-06 15:26:11.624 13866 13866 I GoogleInputMethodServic: GoogleInputMethodService.onStartInput():1808 
08-06 15:26:11.657 26883 26896 I art     : Explicit concurrent mark sweep GC freed 216(8KB) AllocSpace objects, 0(0B) LOS objects, 24% free, 48MB/64MB, paused 1.295ms total 34.975ms
08-06 15:26:11.749   512  2967 D audio_hw_primary: disable_audio_route: reset and update mixer path: low-latency-playback speaker
08-06 15:26:11.750   512  2967 D audio_hw_primary: disable_snd_device: snd_device(2: speaker)
08-06 15:26:11.758   512  2967 I soundtrigger: audio_extn_sound_trigger_update_device_status: device 0x2 of type 0 for Event 0
08-06 15:26:12.013 26883 28019 I art     : Starting a blocking GC Explicit
08-06 15:26:12.055 26883 28019 I art     : Explicit concurrent mark sweep GC freed 1494(89KB) AllocSpace objects, 1(20KB) LOS objects, 24% free, 48MB/64MB, paused 1.365ms total 41.241ms
08-06 15:26:12.068 26883 28019 I art     : Starting a blocking GC Explicit
08-06 15:26:12.108 26883 28019 I art     : Explicit concurrent mark sweep GC freed 27(896B) AllocSpace objects, 0(0B) LOS objects, 24% free, 48MB/64MB, paused 1.479ms total 40.362ms
08-06 15:26:12.121 26883 28019 I art     : Starting a blocking GC Explicit
08-06 15:26:12.161 26883 28019 I art     : Explicit concurrent mark sweep GC freed 3(96B) AllocSpace objects, 0(0B) LOS objects, 24% free, 48MB/64MB, paused 1.474ms total 40.148ms
08-06 15:26:12.174 26883 28019 I art     : Starting a blocking GC Explicit
08-06 15:26:12.214 26883 28019 I art     : Explicit concurrent mark sweep GC freed 3(96B) AllocSpace objects, 0(0B) LOS objects, 24% free, 48MB/64MB, paused 1.434ms total 39.966ms
08-06 15:26:12.227 26883 28019 I art     : Starting a blocking GC Explicit
08-06 15:26:12.269 26883 28019 I art     : Explicit concurrent mark sweep GC freed 3(96B) AllocSpace objects, 0(0B) LOS objects, 24% free, 48MB/64MB, paused 1.650ms total 41.140ms
08-06 15:26:12.604 26883 28644 I art     : Starting a blocking GC Explicit
08-06 15:26:12.649 26883 28644 I art     : Explicit concurrent mark sweep GC freed 1380(81KB) AllocSpace objects, 1(20KB) LOS objects, 24% free, 48MB/64MB, paused 1.589ms total 44.336ms
08-06 15:26:12.662 26883 28644 I art     : Starting a blocking GC Explicit
08-06 15:26:12.700 26883 28644 I art     : Explicit concurrent mark sweep GC freed 23(752B) AllocSpace objects, 0(0B) LOS objects, 24% free, 48MB/64MB, paused 1.451ms total 38.403ms
08-06 15:26:12.712 26883 28644 I art     : Starting a blocking GC Explicit
08-06 15:26:12.753 26883 28644 I art     : Explicit concurrent mark sweep GC freed 32(880B) AllocSpace objects, 0(0B) LOS objects, 24% free, 48MB/64MB, paused 1.458ms total 40.036ms
08-06 15:26:12.765 26883 28644 I art     : Starting a blocking GC Explicit
08-06 15:26:12.805 26883 28644 I art     : Explicit concurrent mark sweep GC freed 22(1104B) AllocSpace objects, 0(0B) LOS objects, 24% free, 48MB/64MB, paused 1.439ms total 39.587ms
08-06 15:26:12.818 26883 28644 I art     : Starting a blocking GC Explicit
08-06 15:26:12.859 26883 28644 I art     : Explicit concurrent mark sweep GC freed 10(352B) AllocSpace objects, 0(0B) LOS objects, 24% free, 48MB/64MB, paused 1.503ms total 40.942ms
08-06 15:26:12.917 29735 29735 D AndroidRuntime: >>>>>> START com.android.internal.os.RuntimeInit uid 2000 <<<<<<
08-06 15:26:12.923 29735 29735 D AndroidRuntime: CheckJNI is OFF
08-06 15:26:12.965 29735 29735 D ICU     : No timezone override file found: /data/misc/zoneinfo/current/icu/icu_tzdata.dat
08-06 15:26:13.009 29735 29735 I Radio-JNI: register_android_hardware_Radio DONE
08-06 15:26:13.040 29735 29735 D AndroidRuntime: Calling main entry com.android.commands.input.Input
08-06 15:26:13.042 29735 29735 I Input   : injectMotionEvent: MotionEvent { action=ACTION_DOWN, actionButton=0, id[0]=0, x[0]=603.0, y[0]=1061.0, toolType[0]=TOOL_TYPE_UNKNOWN, buttonState=0, metaState=0, flags=0x0, edgeFlags=0x0, pointerCount=1, historySize=0, eventTime=890789454, downTime=890789454, deviceId=0, source=0x1002 }
08-06 15:26:13.048 29735 29735 I Input   : injectMotionEvent: MotionEvent { action=ACTION_UP, actionButton=0, id[0]=0, x[0]=603.0, y[0]=1061.0, toolType[0]=TOOL_TYPE_UNKNOWN, buttonState=0, metaState=0, flags=0x0, edgeFlags=0x0, pointerCount=1, historySize=0, eventTime=890789454, downTime=890789454, deviceId=0, source=0x1002 }
08-06 15:26:13.052 29735 29735 D AndroidRuntime: Shutting down VM
08-06 15:26:13.071   512  2967 D audio_hw_primary: out_set_parameters: enter: usecase(1: low-latency-playback) kvpairs: routing=2
08-06 15:26:13.071 21665 21667 E QC-QMI  : qmi_client [21665] 627: failed to locate client data
08-06 15:26:13.073 21665 21665 I Atfwd_Daemon: Stop the daemon....
08-06 15:26:13.074   519   519 E QC-QMI  : qmuxd: RX on fd=18 returned error=0 errno[2:No such file or directory]
08-06 15:26:13.074   519   519 E QC-QMI  : QMUX qmux_client_id=627 not found in qmux client list, unable to remove
08-06 15:26:13.079 29768 29768 W ATFWD-daemon: type=1400 audit(0.0:740244): avc: denied { read write } for name="diag" dev="tmpfs" ino=1296 scontext=u:r:atfwd:s0 tcontext=u:object_r:diag_device:s0 tclass=chr_file permissive=0
08-06 15:26:13.084   512  2967 D audio_hw_primary: select_devices: out_snd_device(2: speaker) in_snd_device(0: none)
08-06 15:26:13.084   512  2967 D msm8974_platform: platform_send_audio_calibration: sending audio calibration for snd_device(2) acdb_id(15)
08-06 15:26:13.084   512  2967 I soundtrigger: audio_extn_sound_trigger_update_device_status: device 0x2 of type 0 for Event 1
08-06 15:26:13.094   512  2967 D audio_hw_primary: enable_snd_device: snd_device(2: speaker)
08-06 15:26:13.095 29768 29768 I libmdmdetect: ESOC framework not supported
08-06 15:26:13.095 29768 29768 I libmdmdetect: Found internal modem: modem
08-06 15:26:13.096 29768 29768 E Diag_Lib:  Diag_LSM_Init: Failed to open handle to diag driver, error = 13
08-06 15:26:13.096   512  2967 D audio_hw_primary: enable_audio_route: apply and update mixer path: low-latency-playback speaker
08-06 15:26:13.104 29768 29768 I Atfwd_Daemon: result : 255 	 ,Init step :0 	 ,qmiErrorCode: 0
08-06 15:26:13.104 29768 29768 I Atfwd_Daemon: result : 0 	 ,Init step :1 	 ,qmiErrorCode: 0
08-06 15:26:13.105 29768 29768 I ServiceManager: Waiting for service AtCmdFwd...
08-06 15:26:13.148 13866 13866 I GoogleInputMethodServic: GoogleInputMethodService.onFinishInput():3138 
08-06 15:26:13.149 13866 13866 I GoogleInputMethodServic: GoogleInputMethodService.onStartInput():1808 
08-06 15:26:13.221 26883 26896 I art     : Starting a blocking GC Explicit
08-06 15:26:13.263 26883 26896 I art     : Explicit concurrent mark sweep GC freed 4827(339KB) AllocSpace objects, 1(20KB) LOS objects, 24% free, 49MB/65MB, paused 1.582ms total 41.922ms
08-06 15:26:13.276 26883 26896 I art     : Starting a blocking GC Explicit
08-06 15:26:13.317 26883 26896 I art     : Explicit concurrent mark sweep GC freed 1797(91KB) AllocSpace objects, 1(220KB) LOS objects, 24% free, 49MB/65MB, paused 1.617ms total 41.008ms
08-06 15:26:13.329 26883 26896 I art     : Starting a blocking GC Explicit
08-06 15:26:13.368 26883 26896 I art     : Explicit concurrent mark sweep GC freed 35(1328B) AllocSpace objects, 0(0B) LOS objects, 24% free, 49MB/65MB, paused 2.070ms total 39.181ms
08-06 15:26:13.381 26883 26896 I art     : Starting a blocking GC Explicit
08-06 15:26:13.421 26883 26896 I art     : Explicit concurrent mark sweep GC freed 33(1248B) AllocSpace objects, 0(0B) LOS objects, 24% free, 49MB/65MB, paused 1.900ms total 40.450ms
08-06 15:26:13.434 26883 26896 I art     : Starting a blocking GC Explicit
08-06 15:26:13.474 26883 26896 I art     : Explicit concurrent mark sweep GC freed 37(1424B) AllocSpace objects, 0(0B) LOS objects, 24% free, 49MB/65MB, paused 1.563ms total 39.721ms
08-06 15:26:13.630   512  2967 D audio_hw_primary: disable_audio_route: reset and update mixer path: low-latency-playback speaker
08-06 15:26:13.632   512  2967 D audio_hw_primary: disable_snd_device: snd_device(2: speaker)
08-06 15:26:13.643   512  2967 I soundtrigger: audio_extn_sound_trigger_update_device_status: device 0x2 of type 0 for Event 0
08-06 15:26:13.665   518   646 I ThermalEngine: ACTION: GPU - Setting GPU[0] to 390000000
08-06 15:26:13.852 26883 26895 I art     : Starting a blocking GC Explicit
08-06 15:26:13.906 26883 26895 I art     : Explicit concurrent mark sweep GC freed 1579(88KB) AllocSpace objects, 1(20KB) LOS objects, 24% free, 49MB/65MB, paused 2.984ms total 53.548ms
08-06 15:26:13.925 26883 26895 I art     : Starting a blocking GC Explicit
08-06 15:26:13.978 26883 26895 I art     : Explicit concurrent mark sweep GC freed 3421(132KB) AllocSpace objects, 0(0B) LOS objects, 24% free, 49MB/65MB, paused 2.626ms total 52.863ms
08-06 15:26:13.996 26883 26895 I art     : Starting a blocking GC Explicit
08-06 15:26:14.003 26883 29775 I NAPPA_EXPERIMENTATION: MetricNetworkRequestExecutionTime: REQUEST_DURATION_SYSTEM='869',REQUEST_DURATION_OKHTTP='35',REQUEST_SYNCHRONOUS='TRUE',RESPONSE_CODE='200',RESPONSE_METHOD='GET',RESPONSE_LENGTH_OKHTTP='37507',RESPONSE_LENGTH_HEADER='37507',REQUEST_PROTOCOL='http/1.1',REQUEST_URL='https://gpodder.net/toplist/50.json',
08-06 15:26:14.031 26883 29776 I NAPPA_EXPERIMENTATION: MetricNetworkRequestExecutionTime: REQUEST_DURATION_SYSTEM='893',REQUEST_DURATION_OKHTTP='58',REQUEST_SYNCHRONOUS='TRUE',RESPONSE_CODE='200',RESPONSE_METHOD='GET',RESPONSE_LENGTH_OKHTTP='2923',RESPONSE_LENGTH_HEADER='2923',REQUEST_PROTOCOL='http/1.1',REQUEST_URL='https://gpodder.net/api/2/tags/50.json',
08-06 15:26:14.046 26883 26895 I art     : Explicit concurrent mark sweep GC freed 3633(288KB) AllocSpace objects, 3(192KB) LOS objects, 24% free, 49MB/65MB, paused 2.788ms total 50.004ms
08-06 15:26:14.056 26883 27806 D ApOkHttpUrlLoader: buildLoadData() called with: model = [http://sixgun.org/files/linuxoutlaws.jpg], width = [224], height = [224]
08-06 15:26:14.058 26883 27632 D DBReader: getImageAuthentication() called with: imageUrl = [http://sixgun.org/files/linuxoutlaws.jpg]
08-06 15:26:14.062 26883 27632 D ApOkHttpUrlLoader: no credentials for 'http://sixgun.org/files/linuxoutlaws.jpg'
08-06 15:26:14.064 26883 26895 I art     : Starting a blocking GC Explicit
08-06 15:26:14.073 26883 27806 D ApOkHttpUrlLoader: buildLoadData() called with: model = [https://files.thisamericanlife.org/sites/all/themes/thislife/img/tal-name-1400x1400.png], width = [224], height = [224]
08-06 15:26:14.075 26883 27628 D DBReader: getImageAuthentication() called with: imageUrl = [https://files.thisamericanlife.org/sites/all/themes/thislife/img/tal-name-1400x1400.png]
08-06 15:26:14.079 26883 27628 D ApOkHttpUrlLoader: no credentials for 'https://files.thisamericanlife.org/sites/all/themes/thislife/img/tal-name-1400x1400.png'
08-06 15:26:14.081 26883 27806 D ApOkHttpUrlLoader: buildLoadData() called with: model = [https://elroy.twit.tv/sites/default/files/styles/twit_album_art_2048x2048/public/images/shows/floss_weekly/album_art/audio/floss_albumart_mask.jpg?itok=IUjxKpwt], width = [224], height = [224]
08-06 15:26:14.085 26883 27637 D DBReader: getImageAuthentication() called with: imageUrl = [https://elroy.twit.tv/sites/default/files/styles/twit_album_art_2048x2048/public/images/shows/floss_weekly/album_art/audio/floss_albumart_mask.jpg?itok=IUjxKpwt]
08-06 15:26:14.090 26883 27637 D ApOkHttpUrlLoader: no credentials for 'https://elroy.twit.tv/sites/default/files/styles/twit_album_art_2048x2048/public/images/shows/floss_weekly/album_art/audio/floss_albumart_mask.jpg?itok=IUjxKpwt'
08-06 15:26:14.091 26883 27806 D ApOkHttpUrlLoader: buildLoadData() called with: model = [http://ichef.bbci.co.uk/images/ic/3000x3000/p07kfvzb.jpg], width = [224], height = [224]
08-06 15:26:14.094 26883 27634 D DBReader: getImageAuthentication() called with: imageUrl = [http://ichef.bbci.co.uk/images/ic/3000x3000/p07kfvzb.jpg]
08-06 15:26:14.097 26883 27632 D DBWriter: updateFeedDownloadURL(original: http://sixgun.org/files/linuxoutlaws.jpg, updated: https://fab.industries/sixgun/files/linuxoutlaws.jpg)
08-06 15:26:14.100 26883 27634 D ApOkHttpUrlLoader: no credentials for 'http://ichef.bbci.co.uk/images/ic/3000x3000/p07kfvzb.jpg'
08-06 15:26:14.101 26883 27806 D ApOkHttpUrlLoader: buildLoadData() called with: model = [https://pl.tedcdn.com/rss_feed_images/ted_talks_main_podcast/video.png], width = [224], height = [224]
08-06 15:26:14.105 29768 29768 I ServiceManager: Waiting for service AtCmdFwd...
08-06 15:26:14.109 26883 27638 D DBReader: getImageAuthentication() called with: imageUrl = [https://pl.tedcdn.com/rss_feed_images/ted_talks_main_podcast/video.png]
08-06 15:26:14.111 26883 27806 D ApOkHttpUrlLoader: buildLoadData() called with: model = [https://elroy.twit.tv/sites/default/files/styles/twit_album_art_2048x2048/public/images/shows/this_week_in_tech/album_art/audio/twit1400audio.jpg?itok=J0vhatZb], width = [224], height = [224]
08-06 15:26:14.116 26883 27638 D ApOkHttpUrlLoader: no credentials for 'https://pl.tedcdn.com/rss_feed_images/ted_talks_main_podcast/video.png'
08-06 15:26:14.118 26883 26895 I art     : Explicit concurrent mark sweep GC freed 2719(185KB) AllocSpace objects, 0(0B) LOS objects, 24% free, 49MB/65MB, paused 3.340ms total 53.421ms
08-06 15:26:14.122 26883 27639 D DBReader: getImageAuthentication() called with: imageUrl = [https://elroy.twit.tv/sites/default/files/styles/twit_album_art_2048x2048/public/images/shows/this_week_in_tech/album_art/audio/twit1400audio.jpg?itok=J0vhatZb]
08-06 15:26:14.122 26883 27806 D ApOkHttpUrlLoader: buildLoadData() called with: model = [http://ichef.bbci.co.uk/images/ic/3000x3000/p03gtk3j.jpg], width = [224], height = [224]
08-06 15:26:14.125 26883 27630 D DBReader: getImageAuthentication() called with: imageUrl = [http://ichef.bbci.co.uk/images/ic/3000x3000/p03gtk3j.jpg]
08-06 15:26:14.130 26883 27639 D ApOkHttpUrlLoader: no credentials for 'https://elroy.twit.tv/sites/default/files/styles/twit_album_art_2048x2048/public/images/shows/this_week_in_tech/album_art/audio/twit1400audio.jpg?itok=J0vhatZb'
08-06 15:26:14.136 26883 26895 I art     : Starting a blocking GC Explicit
08-06 15:26:14.143 26883 27630 D ApOkHttpUrlLoader: no credentials for 'http://ichef.bbci.co.uk/images/ic/3000x3000/p03gtk3j.jpg'
08-06 15:26:14.164 26883 27634 D MYTAG   : interceptor 2a
08-06 15:26:14.164 26883 27634 I NAPPA_EXPERIMENTATION: MetricNetworkRequestExecutionTime: REQUEST_DURATION_SYSTEM='63',REQUEST_DURATION_OKHTTP='54',REQUEST_SYNCHRONOUS='TRUE',RESPONSE_CODE='200',RESPONSE_METHOD='GET',RESPONSE_LENGTH_OKHTTP='589826',RESPONSE_LENGTH_HEADER='589826',REQUEST_PROTOCOL='http/1.1',REQUEST_URL='http://ichef.bbci.co.uk/images/ic/3000x3000/p07kfvzb.jpg',
08-06 15:26:14.191 26883 26895 I art     : Explicit concurrent mark sweep GC freed 1837(147KB) AllocSpace objects, 0(0B) LOS objects, 24% free, 49MB/65MB, paused 3.274ms total 54.566ms
08-06 15:26:14.223 26883 27630 D MYTAG   : interceptor 2a
08-06 15:26:14.223 26883 27630 I NAPPA_EXPERIMENTATION: MetricNetworkRequestExecutionTime: REQUEST_DURATION_SYSTEM='80',REQUEST_DURATION_OKHTTP='76',REQUEST_SYNCHRONOUS='TRUE',RESPONSE_CODE='200',RESPONSE_METHOD='GET',RESPONSE_LENGTH_OKHTTP='814284',RESPONSE_LENGTH_HEADER='814284',REQUEST_PROTOCOL='http/1.1',REQUEST_URL='http://ichef.bbci.co.uk/images/ic/3000x3000/p03gtk3j.jpg',
08-06 15:26:14.391 26883 27628 D MYTAG   : interceptor 2a
08-06 15:26:14.391 26883 27628 I NAPPA_EXPERIMENTATION: MetricNetworkRequestExecutionTime: REQUEST_DURATION_SYSTEM='312',REQUEST_DURATION_OKHTTP='52',REQUEST_SYNCHRONOUS='TRUE',RESPONSE_CODE='200',RESPONSE_METHOD='GET',RESPONSE_LENGTH_OKHTTP='52553',RESPONSE_LENGTH_HEADER='52553',REQUEST_PROTOCOL='http/1.1',REQUEST_URL='https://files.thisamericanlife.org/sites/all/themes/thislife/img/tal-name-1400x1400.png',
08-06 15:26:14.421 26883 27637 D MYTAG   : interceptor 2a
08-06 15:26:14.422 26883 27637 I NAPPA_EXPERIMENTATION: MetricNetworkRequestExecutionTime: REQUEST_DURATION_SYSTEM='331',REQUEST_DURATION_OKHTTP='146',REQUEST_SYNCHRONOUS='TRUE',RESPONSE_CODE='200',RESPONSE_METHOD='GET',RESPONSE_LENGTH_OKHTTP='297964',RESPONSE_LENGTH_HEADER='297964',REQUEST_PROTOCOL='h2',REQUEST_URL='https://elroy.twit.tv/sites/default/files/styles/twit_album_art_2048x2048/public/images/shows/floss_weekly/album_art/audio/floss_albumart_mask.jpg?itok=IUjxKpwt',
08-06 15:26:14.468 26883 27632 D MYTAG   : interceptor 2a
08-06 15:26:14.469 26883 27632 I NAPPA_EXPERIMENTATION: MetricNetworkRequestExecutionTime: REQUEST_DURATION_SYSTEM='406',REQUEST_DURATION_OKHTTP='159',REQUEST_SYNCHRONOUS='TRUE',RESPONSE_CODE='404',RESPONSE_METHOD='GET',RESPONSE_LENGTH_OKHTTP='-1',RESPONSE_LENGTH_HEADER='1503',REQUEST_PROTOCOL='h2',REQUEST_URL='https://fab.industries/sixgun/files/linuxoutlaws.jpg',
08-06 15:26:14.499 26883 26883 W Glide   : Load failed for http://sixgun.org/files/linuxoutlaws.jpg with size [224x224]
08-06 15:26:14.499 26883 26883 W Glide   : class com.bumptech.glide.load.engine.GlideException: Failed to load resource
08-06 15:26:14.499 26883 26883 W Glide   : There was 1 cause:
08-06 15:26:14.499 26883 26883 W Glide   : com.bumptech.glide.load.HttpException()
08-06 15:26:14.499 26883 26883 W Glide   :  call GlideException#logRootCauses(String) for more detail
08-06 15:26:14.499 26883 26883 W Glide   :   Cause (1 of 1): class com.bumptech.glide.load.engine.GlideException: Fetching data failed, class java.io.InputStream, REMOTE
08-06 15:26:14.499 26883 26883 W Glide   : There was 1 cause:
08-06 15:26:14.499 26883 26883 W Glide   : com.bumptech.glide.load.HttpException()
08-06 15:26:14.499 26883 26883 W Glide   :  call GlideException#logRootCauses(String) for more detail
08-06 15:26:14.499 26883 26883 W Glide   :     Cause (1 of 1): class com.bumptech.glide.load.HttpException: 
08-06 15:26:14.499 26883 26883 I Glide   : Root cause (1 of 1)
08-06 15:26:14.499 26883 26883 I Glide   : com.bumptech.glide.load.HttpException: 
08-06 15:26:14.499 26883 26883 I Glide   : 	at com.bumptech.glide.integration.okhttp3.OkHttpStreamFetcher.onResponse(OkHttpStreamFetcher.java:73)
08-06 15:26:14.499 26883 26883 I Glide   : 	at okhttp3.RealCall$AsyncCall.execute(RealCall.java:174)
08-06 15:26:14.499 26883 26883 I Glide   : 	at okhttp3.internal.NamedRunnable.run(NamedRunnable.java:32)
08-06 15:26:14.499 26883 26883 I Glide   : 	at java.util.concurrent.ThreadPoolExecutor.runWorker(ThreadPoolExecutor.java:1113)
08-06 15:26:14.499 26883 26883 I Glide   : 	at java.util.concurrent.ThreadPoolExecutor$Worker.run(ThreadPoolExecutor.java:588)
08-06 15:26:14.499 26883 26883 I Glide   : 	at java.lang.Thread.run(Thread.java:818)
08-06 15:26:14.501 26883 26883 W Glide   : Load failed for http://sixgun.org/files/linuxoutlaws.jpg with size [224x224]
08-06 15:26:14.501 26883 26883 W Glide   : class com.bumptech.glide.load.engine.GlideException: Failed to load resource
08-06 15:26:14.501 26883 26883 W Glide   : There was 1 cause:
08-06 15:26:14.501 26883 26883 W Glide   : com.bumptech.glide.load.HttpException()
08-06 15:26:14.501 26883 26883 W Glide   :  call GlideException#logRootCauses(String) for more detail
08-06 15:26:14.501 26883 26883 W Glide   :   Cause (1 of 1): class com.bumptech.glide.load.engine.GlideException: Fetching data failed, class java.io.InputStream, REMOTE
08-06 15:26:14.501 26883 26883 W Glide   : There was 1 cause:
08-06 15:26:14.501 26883 26883 W Glide   : com.bumptech.glide.load.HttpException()
08-06 15:26:14.501 26883 26883 W Glide   :  call GlideException#logRootCauses(String) for more detail
08-06 15:26:14.501 26883 26883 W Glide   :     Cause (1 of 1): class com.bumptech.glide.load.HttpException: 
08-06 15:26:14.501 26883 26883 I Glide   : Root cause (1 of 1)
08-06 15:26:14.501 26883 26883 I Glide   : com.bumptech.glide.load.HttpException: 
08-06 15:26:14.501 26883 26883 I Glide   : 	at com.bumptech.glide.integration.okhttp3.OkHttpStreamFetcher.onResponse(OkHttpStreamFetcher.java:73)
08-06 15:26:14.501 26883 26883 I Glide   : 	at okhttp3.RealCall$AsyncCall.execute(RealCall.java:174)
08-06 15:26:14.501 26883 26883 I Glide   : 	at okhttp3.internal.NamedRunnable.run(NamedRunnable.java:32)
08-06 15:26:14.501 26883 26883 I Glide   : 	at java.util.concurrent.ThreadPoolExecutor.runWorker(ThreadPoolExecutor.java:1113)
08-06 15:26:14.501 26883 26883 I Glide   : 	at java.util.concurrent.ThreadPoolExecutor$Worker.run(ThreadPoolExecutor.java:588)
08-06 15:26:14.501 26883 26883 I Glide   : 	at java.lang.Thread.run(Thread.java:818)
08-06 15:26:14.512 26883 27639 D MYTAG   : interceptor 2a
08-06 15:26:14.512 26883 27639 I NAPPA_EXPERIMENTATION: MetricNetworkRequestExecutionTime: REQUEST_DURATION_SYSTEM='382',REQUEST_DURATION_OKHTTP='182',REQUEST_SYNCHRONOUS='TRUE',RESPONSE_CODE='200',RESPONSE_METHOD='GET',RESPONSE_LENGTH_OKHTTP='465707',RESPONSE_LENGTH_HEADER='465707',REQUEST_PROTOCOL='h2',REQUEST_URL='https://elroy.twit.tv/sites/default/files/styles/twit_album_art_2048x2048/public/images/shows/this_week_in_tech/album_art/audio/twit1400audio.jpg?itok=J0vhatZb',
08-06 15:26:14.519 26883 27806 D ApOkHttpUrlLoader: buildLoadData() called with: model = [http://sixgun.org/files/linuxoutlaws.jpg], width = [224], height = [224]
08-06 15:26:14.525 26883 27639 D DBReader: getImageAuthentication() called with: imageUrl = [http://sixgun.org/files/linuxoutlaws.jpg]
08-06 15:26:14.530 26883 27638 D MYTAG   : interceptor 2a
08-06 15:26:14.530 26883 27638 I NAPPA_EXPERIMENTATION: MetricNetworkRequestExecutionTime: REQUEST_DURATION_SYSTEM='414',REQUEST_DURATION_OKHTTP='190',REQUEST_SYNCHRONOUS='TRUE',RESPONSE_CODE='200',RESPONSE_METHOD='GET',RESPONSE_LENGTH_OKHTTP='89986',RESPONSE_LENGTH_HEADER='89986',REQUEST_PROTOCOL='h2',REQUEST_URL='https://pl.tedcdn.com/rss_feed_images/ted_talks_main_podcast/video.png',
08-06 15:26:14.530 26883 27639 D ApOkHttpUrlLoader: no credentials for 'http://sixgun.org/files/linuxoutlaws.jpg'
08-06 15:26:14.582 26883 27639 D DBWriter: updateFeedDownloadURL(original: http://sixgun.org/files/linuxoutlaws.jpg, updated: https://fab.industries/sixgun/files/linuxoutlaws.jpg)
08-06 15:26:14.610 26883 26895 I art     : Starting a blocking GC Explicit
08-06 15:26:14.666 26883 26895 I art     : Explicit concurrent mark sweep GC freed 15051(899KB) AllocSpace objects, 1(20KB) LOS objects, 23% free, 50MB/66MB, paused 2.593ms total 55.415ms
08-06 15:26:14.684 26883 26895 I art     : Starting a blocking GC Explicit
08-06 15:26:14.728 26883 27639 D MYTAG   : interceptor 2a
08-06 15:26:14.729 26883 27639 I NAPPA_EXPERIMENTATION: MetricNetworkRequestExecutionTime: REQUEST_DURATION_SYSTEM='198',REQUEST_DURATION_OKHTTP='141',REQUEST_SYNCHRONOUS='TRUE',RESPONSE_CODE='404',RESPONSE_METHOD='GET',RESPONSE_LENGTH_OKHTTP='-1',RESPONSE_LENGTH_HEADER='1503',REQUEST_PROTOCOL='h2',REQUEST_URL='https://fab.industries/sixgun/files/linuxoutlaws.jpg',
08-06 15:26:14.730 26883 26883 W Glide   : Load failed for http://sixgun.org/files/linuxoutlaws.jpg with size [224x224]
08-06 15:26:14.730 26883 26883 W Glide   : class com.bumptech.glide.load.engine.GlideException: Failed to load resource
08-06 15:26:14.730 26883 26883 W Glide   : There was 1 cause:
08-06 15:26:14.730 26883 26883 W Glide   : com.bumptech.glide.load.HttpException()
08-06 15:26:14.730 26883 26883 W Glide   :  call GlideException#logRootCauses(String) for more detail
08-06 15:26:14.730 26883 26883 W Glide   :   Cause (1 of 1): class com.bumptech.glide.load.engine.GlideException: Fetching data failed, class java.io.InputStream, REMOTE
08-06 15:26:14.730 26883 26883 W Glide   : There was 1 cause:
08-06 15:26:14.730 26883 26883 W Glide   : com.bumptech.glide.load.HttpException()
08-06 15:26:14.730 26883 26883 W Glide   :  call GlideException#logRootCauses(String) for more detail
08-06 15:26:14.730 26883 26883 W Glide   :     Cause (1 of 1): class com.bumptech.glide.load.HttpException: 
08-06 15:26:14.731 26883 26883 I Glide   : Root cause (1 of 1)
08-06 15:26:14.731 26883 26883 I Glide   : com.bumptech.glide.load.HttpException: 
08-06 15:26:14.731 26883 26883 I Glide   : 	at com.bumptech.glide.integration.okhttp3.OkHttpStreamFetcher.onResponse(OkHttpStreamFetcher.java:73)
08-06 15:26:14.731 26883 26883 I Glide   : 	at okhttp3.RealCall$AsyncCall.execute(RealCall.java:174)
08-06 15:26:14.731 26883 26883 I Glide   : 	at okhttp3.internal.NamedRunnable.run(NamedRunnable.java:32)
08-06 15:26:14.731 26883 26883 I Glide   : 	at java.util.concurrent.ThreadPoolExecutor.runWorker(ThreadPoolExecutor.java:1113)
08-06 15:26:14.731 26883 26883 I Glide   : 	at java.util.concurrent.ThreadPoolExecutor$Worker.run(ThreadPoolExecutor.java:588)
08-06 15:26:14.731 26883 26883 I Glide   : 	at java.lang.Thread.run(Thread.java:818)
08-06 15:26:14.744 26883 26895 I art     : Explicit concurrent mark sweep GC freed 1340(80KB) AllocSpace objects, 0(0B) LOS objects, 23% free, 50MB/66MB, paused 3.153ms total 59.098ms
08-06 15:26:14.763 26883 26895 I art     : Starting a blocking GC Explicit
08-06 15:26:14.801 26883 27806 D ApOkHttpUrlLoader: buildLoadData() called with: model = [http://sixgun.org/files/linuxoutlaws.jpg], width = [224], height = [224]
08-06 15:26:14.803 26883 27639 D DBReader: getImageAuthentication() called with: imageUrl = [http://sixgun.org/files/linuxoutlaws.jpg]
08-06 15:26:14.807 26883 27639 D ApOkHttpUrlLoader: no credentials for 'http://sixgun.org/files/linuxoutlaws.jpg'
08-06 15:26:14.819 26883 26895 I art     : Explicit concurrent mark sweep GC freed 686(62KB) AllocSpace objects, 0(0B) LOS objects, 23% free, 50MB/66MB, paused 2.872ms total 55.434ms
08-06 15:26:14.839 26883 27639 D DBWriter: updateFeedDownloadURL(original: http://sixgun.org/files/linuxoutlaws.jpg, updated: https://fab.industries/sixgun/files/linuxoutlaws.jpg)
08-06 15:26:14.840 26883 26895 I art     : Starting a blocking GC Explicit
08-06 15:26:14.891 26883 26895 I art     : Explicit concurrent mark sweep GC freed 352(16KB) AllocSpace objects, 0(0B) LOS objects, 23% free, 50MB/66MB, paused 2.444ms total 50.308ms
08-06 15:26:14.911 26883 26895 I art     : Starting a blocking GC Explicit
08-06 15:26:14.967 26883 26895 I art     : Explicit concurrent mark sweep GC freed 16(688B) AllocSpace objects, 0(0B) LOS objects, 23% free, 50MB/66MB, paused 2.417ms total 56.067ms
08-06 15:26:14.979 26883 27639 D MYTAG   : interceptor 2a
08-06 15:26:14.980 26883 27639 I NAPPA_EXPERIMENTATION: MetricNetworkRequestExecutionTime: REQUEST_DURATION_SYSTEM='172',REQUEST_DURATION_OKHTTP='138',REQUEST_SYNCHRONOUS='TRUE',RESPONSE_CODE='404',RESPONSE_METHOD='GET',RESPONSE_LENGTH_OKHTTP='-1',RESPONSE_LENGTH_HEADER='1503',REQUEST_PROTOCOL='h2',REQUEST_URL='https://fab.industries/sixgun/files/linuxoutlaws.jpg',
08-06 15:26:14.981 26883 26883 W Glide   : Load failed for http://sixgun.org/files/linuxoutlaws.jpg with size [224x224]
08-06 15:26:14.981 26883 26883 W Glide   : class com.bumptech.glide.load.engine.GlideException: Failed to load resource
08-06 15:26:14.981 26883 26883 W Glide   : There was 1 cause:
08-06 15:26:14.981 26883 26883 W Glide   : com.bumptech.glide.load.HttpException()
08-06 15:26:14.981 26883 26883 W Glide   :  call GlideException#logRootCauses(String) for more detail
08-06 15:26:14.981 26883 26883 W Glide   :   Cause (1 of 1): class com.bumptech.glide.load.engine.GlideException: Fetching data failed, class java.io.InputStream, REMOTE
08-06 15:26:14.981 26883 26883 W Glide   : There was 1 cause:
08-06 15:26:14.981 26883 26883 W Glide   : com.bumptech.glide.load.HttpException()
08-06 15:26:14.981 26883 26883 W Glide   :  call GlideException#logRootCauses(String) for more detail
08-06 15:26:14.981 26883 26883 W Glide   :     Cause (1 of 1): class com.bumptech.glide.load.HttpException: 
08-06 15:26:14.982 26883 26883 I Glide   : Root cause (1 of 1)
08-06 15:26:14.982 26883 26883 I Glide   : com.bumptech.glide.load.HttpException: 
08-06 15:26:14.982 26883 26883 I Glide   : 	at com.bumptech.glide.integration.okhttp3.OkHttpStreamFetcher.onResponse(OkHttpStreamFetcher.java:73)
08-06 15:26:14.982 26883 26883 I Glide   : 	at okhttp3.RealCall$AsyncCall.execute(RealCall.java:174)
08-06 15:26:14.982 26883 26883 I Glide   : 	at okhttp3.internal.NamedRunnable.run(NamedRunnable.java:32)
08-06 15:26:14.982 26883 26883 I Glide   : 	at java.util.concurrent.ThreadPoolExecutor.runWorker(ThreadPoolExecutor.java:1113)
08-06 15:26:14.982 26883 26883 I Glide   : 	at java.util.concurrent.ThreadPoolExecutor$Worker.run(ThreadPoolExecutor.java:588)
08-06 15:26:14.982 26883 26883 I Glide   : 	at java.lang.Thread.run(Thread.java:818)
08-06 15:26:15.106 29768 29768 I ServiceManager: Waiting for service AtCmdFwd...
08-06 15:26:15.381 26883 26896 I art     : Starting a blocking GC Explicit
08-06 15:26:15.449 26883 26896 I art     : Explicit concurrent mark sweep GC freed 1812(127KB) AllocSpace objects, 1(20KB) LOS objects, 23% free, 50MB/66MB, paused 2.841ms total 67.680ms
08-06 15:26:15.474 26883 26896 I art     : Starting a blocking GC Explicit
08-06 15:26:15.530 26883 26896 I art     : Explicit concurrent mark sweep GC freed 34(1232B) AllocSpace objects, 0(0B) LOS objects, 23% free, 50MB/66MB, paused 2.873ms total 56.351ms
08-06 15:26:15.550 26883 26896 I art     : Starting a blocking GC Explicit
08-06 15:26:15.607 26883 26896 I art     : Explicit concurrent mark sweep GC freed 3(96B) AllocSpace objects, 0(0B) LOS objects, 23% free, 50MB/66MB, paused 2.244ms total 55.977ms
08-06 15:26:15.626 26883 26896 I art     : Starting a blocking GC Explicit
08-06 15:26:15.687 26883 26896 I art     : Explicit concurrent mark sweep GC freed 9(320B) AllocSpace objects, 0(0B) LOS objects, 23% free, 50MB/66MB, paused 2.641ms total 60.719ms
08-06 15:26:15.712 26883 26896 I art     : Starting a blocking GC Explicit
08-06 15:26:15.769 26883 26896 I art     : Explicit concurrent mark sweep GC freed 45(1440B) AllocSpace objects, 0(0B) LOS objects, 23% free, 50MB/66MB, paused 2.520ms total 56.177ms
08-06 15:26:16.106 29768 29768 I ServiceManager: Waiting for service AtCmdFwd...
08-06 15:26:16.175 26883 26896 I art     : Starting a blocking GC Explicit
08-06 15:26:16.238 26883 26896 I art     : Explicit concurrent mark sweep GC freed 1428(82KB) AllocSpace objects, 1(20KB) LOS objects, 23% free, 50MB/66MB, paused 3.233ms total 62.023ms
08-06 15:26:16.259 26883 26896 I art     : Starting a blocking GC Explicit
08-06 15:26:16.320 26883 26896 I art     : Explicit concurrent mark sweep GC freed 40(1344B) AllocSpace objects, 0(0B) LOS objects, 23% free, 50MB/66MB, paused 3.212ms total 60.640ms
08-06 15:26:16.343 26883 26896 I art     : Starting a blocking GC Explicit
08-06 15:26:16.404 26883 26896 I art     : Explicit concurrent mark sweep GC freed 3(96B) AllocSpace objects, 0(0B) LOS objects, 23% free, 50MB/66MB, paused 2.667ms total 60.708ms
08-06 15:26:16.428 26883 26896 I art     : Starting a blocking GC Explicit
08-06 15:26:16.488 26883 26896 I art     : Explicit concurrent mark sweep GC freed 3(96B) AllocSpace objects, 0(0B) LOS objects, 23% free, 50MB/66MB, paused 2.793ms total 60.337ms
08-06 15:26:16.512 26883 26896 I art     : Starting a blocking GC Explicit
08-06 15:26:16.569 26883 26896 I art     : Explicit concurrent mark sweep GC freed 3(96B) AllocSpace objects, 0(0B) LOS objects, 23% free, 50MB/66MB, paused 2.528ms total 56.306ms
08-06 15:26:16.668   518   646 I ThermalEngine: ACTION: GPU - Setting GPU[0] to 450000000
08-06 15:26:16.953 26883 28019 I art     : Starting a blocking GC Explicit
08-06 15:26:17.013 26883 28019 I art     : Explicit concurrent mark sweep GC freed 1410(81KB) AllocSpace objects, 1(20KB) LOS objects, 23% free, 50MB/66MB, paused 1.593ms total 59.098ms
08-06 15:26:17.029 26883 28019 I art     : Starting a blocking GC Explicit
08-06 15:26:17.077 26883 28019 I art     : Explicit concurrent mark sweep GC freed 23(752B) AllocSpace objects, 0(0B) LOS objects, 23% free, 50MB/66MB, paused 1.613ms total 47.364ms
08-06 15:26:17.094 26883 28019 I art     : Starting a blocking GC Explicit
08-06 15:26:17.108 29768 29768 I ServiceManager: Waiting for service AtCmdFwd...
08-06 15:26:17.142 26883 28019 I art     : Explicit concurrent mark sweep GC freed 3(96B) AllocSpace objects, 0(0B) LOS objects, 23% free, 50MB/66MB, paused 1.480ms total 47.821ms
08-06 15:26:17.155 26883 28019 I art     : Starting a blocking GC Explicit
08-06 15:26:17.201 26883 28019 I art     : Explicit concurrent mark sweep GC freed 3(96B) AllocSpace objects, 0(0B) LOS objects, 23% free, 50MB/66MB, paused 1.592ms total 45.520ms
08-06 15:26:17.215 26883 28019 I art     : Starting a blocking GC Explicit
08-06 15:26:17.260 26883 28019 I art     : Explicit concurrent mark sweep GC freed 3(96B) AllocSpace objects, 0(0B) LOS objects, 23% free, 50MB/66MB, paused 1.560ms total 45.199ms
08-06 15:26:17.632 26883 28644 I art     : Starting a blocking GC Explicit
08-06 15:26:17.691 26883 28644 I art     : Explicit concurrent mark sweep GC freed 1381(81KB) AllocSpace objects, 1(20KB) LOS objects, 23% free, 50MB/66MB, paused 1.790ms total 59.162ms
08-06 15:26:17.707 26883 28644 I art     : Starting a blocking GC Explicit
08-06 15:26:17.752 26883 28644 I art     : Explicit concurrent mark sweep GC freed 52(1536B) AllocSpace objects, 0(0B) LOS objects, 23% free, 50MB/66MB, paused 1.701ms total 45.299ms
08-06 15:26:17.766 26883 28644 I art     : Starting a blocking GC Explicit
08-06 15:26:17.806 26883 28644 I art     : Explicit concurrent mark sweep GC freed 22(880B) AllocSpace objects, 0(0B) LOS objects, 23% free, 50MB/66MB, paused 1.563ms total 39.798ms
08-06 15:26:17.820 26883 28644 I art     : Starting a blocking GC Explicit
08-06 15:26:17.866 26883 28644 I art     : Explicit concurrent mark sweep GC freed 25(1360B) AllocSpace objects, 0(0B) LOS objects, 23% free, 50MB/66MB, paused 1.626ms total 45.183ms
08-06 15:26:17.879 26883 28644 I art     : Starting a blocking GC Explicit
08-06 15:26:17.927 26883 28644 I art     : Explicit concurrent mark sweep GC freed 9(320B) AllocSpace objects, 0(0B) LOS objects, 23% free, 50MB/66MB, paused 1.651ms total 47.994ms
08-06 15:26:18.108 29768 29768 W Atfwd_Sendcmd: AtCmdFwd service not published, waiting... retryCnt : 1
08-06 15:26:18.322 26883 28019 I art     : Starting a blocking GC Explicit
08-06 15:26:18.376 26883 28019 I art     : Explicit concurrent mark sweep GC freed 1382(82KB) AllocSpace objects, 1(20KB) LOS objects, 23% free, 50MB/66MB, paused 1.545ms total 53.347ms
08-06 15:26:18.390 26883 28019 I art     : Starting a blocking GC Explicit
08-06 15:26:18.438 26883 28019 I art     : Explicit concurrent mark sweep GC freed 23(752B) AllocSpace objects, 0(0B) LOS objects, 23% free, 50MB/66MB, paused 1.837ms total 48.552ms
08-06 15:26:18.452 26883 28019 I art     : Starting a blocking GC Explicit
08-06 15:26:18.499 26883 28019 I art     : Explicit concurrent mark sweep GC freed 3(96B) AllocSpace objects, 0(0B) LOS objects, 23% free, 50MB/66MB, paused 1.654ms total 46.526ms
08-06 15:26:18.512 26883 28019 I art     : Starting a blocking GC Explicit
08-06 15:26:18.560 26883 28019 I art     : Explicit concurrent mark sweep GC freed 3(96B) AllocSpace objects, 0(0B) LOS objects, 23% free, 50MB/66MB, paused 1.674ms total 47.383ms
08-06 15:26:18.574 26883 28019 I art     : Starting a blocking GC Explicit
08-06 15:26:18.620 26883 28019 I art     : Explicit concurrent mark sweep GC freed 3(96B) AllocSpace objects, 0(0B) LOS objects, 23% free, 50MB/66MB, paused 1.595ms total 46.321ms
08-06 15:26:18.993 26883 26895 I art     : Starting a blocking GC Explicit
08-06 15:26:19.053 26883 26895 I art     : Explicit concurrent mark sweep GC freed 1414(83KB) AllocSpace objects, 1(20KB) LOS objects, 23% free, 50MB/66MB, paused 1.608ms total 59.215ms
08-06 15:26:19.069 26883 26895 I art     : Starting a blocking GC Explicit
08-06 15:26:19.115 26883 26895 I art     : Explicit concurrent mark sweep GC freed 23(752B) AllocSpace objects, 0(0B) LOS objects, 23% free, 50MB/66MB, paused 1.503ms total 46.256ms
08-06 15:26:19.129 26883 26895 I art     : Starting a blocking GC Explicit
08-06 15:26:19.176 26883 26895 I art     : Explicit concurrent mark sweep GC freed 3(96B) AllocSpace objects, 0(0B) LOS objects, 23% free, 50MB/66MB, paused 1.603ms total 46.989ms
08-06 15:26:19.190 26883 26895 I art     : Starting a blocking GC Explicit
08-06 15:26:19.237 26883 26895 I art     : Explicit concurrent mark sweep GC freed 3(96B) AllocSpace objects, 0(0B) LOS objects, 23% free, 50MB/66MB, paused 1.522ms total 46.510ms
08-06 15:26:19.250 26883 26895 I art     : Starting a blocking GC Explicit
08-06 15:26:19.298 26883 26895 I art     : Explicit concurrent mark sweep GC freed 3(96B) AllocSpace objects, 0(0B) LOS objects, 23% free, 50MB/66MB, paused 1.635ms total 47.141ms
08-06 15:26:19.648 26883 26912 I art     : Starting a blocking GC Explicit
08-06 15:26:19.703 26883 26912 I art     : Explicit concurrent mark sweep GC freed 1384(81KB) AllocSpace objects, 1(20KB) LOS objects, 23% free, 50MB/66MB, paused 1.642ms total 54.599ms
08-06 15:26:19.719 26883 26912 I art     : Starting a blocking GC Explicit
08-06 15:26:19.764 26883 26912 I art     : Explicit concurrent mark sweep GC freed 52(1536B) AllocSpace objects, 0(0B) LOS objects, 23% free, 50MB/66MB, paused 1.633ms total 45.023ms
08-06 15:26:19.778 26883 26912 I art     : Starting a blocking GC Explicit
08-06 15:26:19.823 26883 26912 I art     : Explicit concurrent mark sweep GC freed 3(96B) AllocSpace objects, 0(0B) LOS objects, 23% free, 50MB/66MB, paused 1.569ms total 45.213ms
08-06 15:26:19.836 26883 26912 I art     : Starting a blocking GC Explicit
08-06 15:26:19.863 29867 29867 D AndroidRuntime: >>>>>> START com.android.internal.os.RuntimeInit uid 2000 <<<<<<
08-06 15:26:19.869 29867 29867 D AndroidRuntime: CheckJNI is OFF
08-06 15:26:19.881 26883 26912 I art     : Explicit concurrent mark sweep GC freed 3(96B) AllocSpace objects, 0(0B) LOS objects, 23% free, 50MB/66MB, paused 1.676ms total 44.137ms
08-06 15:26:19.894 26883 26912 I art     : Starting a blocking GC Explicit
08-06 15:26:19.916 29867 29867 D ICU     : No timezone override file found: /data/misc/zoneinfo/current/icu/icu_tzdata.dat
08-06 15:26:19.938 26883 26912 I art     : Explicit concurrent mark sweep GC freed 3(96B) AllocSpace objects, 0(0B) LOS objects, 23% free, 50MB/66MB, paused 1.746ms total 43.261ms
08-06 15:26:19.962 29867 29867 I Radio-JNI: register_android_hardware_Radio DONE
08-06 15:26:19.991 29867 29867 D AndroidRuntime: Calling main entry com.android.commands.input.Input
08-06 15:26:19.994 29867 29867 I Input   : injectMotionEvent: MotionEvent { action=ACTION_DOWN, actionButton=0, id[0]=0, x[0]=526.0, y[0]=597.0, toolType[0]=TOOL_TYPE_UNKNOWN, buttonState=0, metaState=0, flags=0x0, edgeFlags=0x0, pointerCount=1, historySize=0, eventTime=890796406, downTime=890796406, deviceId=0, source=0x1002 }
08-06 15:26:19.999 29867 29867 I Input   : injectMotionEvent: MotionEvent { action=ACTION_UP, actionButton=0, id[0]=0, x[0]=526.0, y[0]=597.0, toolType[0]=TOOL_TYPE_UNKNOWN, buttonState=0, metaState=0, flags=0x0, edgeFlags=0x0, pointerCount=1, historySize=0, eventTime=890796406, downTime=890796406, deviceId=0, source=0x1002 }
08-06 15:26:20.001 29867 29867 D AndroidRuntime: Shutting down VM
08-06 15:26:20.066 26883 26883 D PodcastListFragment: Selected podcast: GpodnetPodcast [url=http://feeds.feedburner.com/linuxoutlaws, title=Linux Outlaws, description=Two pragmatic geeks talk about the latest news concerning Linux, free and open
08-06 15:26:20.066 26883 26883 D PodcastListFragment: technology or anything else they deem noteworthy which may include such absurd
08-06 15:26:20.066 26883 26883 D PodcastListFragment: things as hockey or bands you never heard of. This means there's many a joke
08-06 15:26:20.066 26883 26883 D PodcastListFragment: and derailed conversation along the way, so don't come here expecting only
08-06 15:26:20.066 26883 26883 D PodcastListFragment: Linux or software freedom talk  just sit back and relax, partner., subscribers=3321, logoUrl=http://sixgun.org/files/linuxoutlaws.jpg, website=http://sixgun.org, mygpoLink=http://gpodder.net/podcast/linux-outlaws-mp3]
08-06 15:26:20.067   512  2967 D audio_hw_primary: out_set_parameters: enter: usecase(1: low-latency-playback) kvpairs: routing=2
08-06 15:26:20.068   918  3714 I ActivityManager: START u0 {cmp=baseline.de.danoeh.antennapod.debug/baseline.de.danoeh.antennapod.activity.OnlineFeedViewActivity (has extras)} from uid 10711 on display 0
08-06 15:26:20.081   512  2967 D audio_hw_primary: select_devices: out_snd_device(2: speaker) in_snd_device(0: none)
08-06 15:26:20.081   512  2967 D msm8974_platform: platform_send_audio_calibration: sending audio calibration for snd_device(2) acdb_id(15)
08-06 15:26:20.081   512  2967 I soundtrigger: audio_extn_sound_trigger_update_device_status: device 0x2 of type 0 for Event 1
08-06 15:26:20.093   512  2967 D audio_hw_primary: enable_snd_device: snd_device(2: speaker)
08-06 15:26:20.095   512  2967 D audio_hw_primary: enable_audio_route: apply and update mixer path: low-latency-playback speaker
08-06 15:26:20.101 26883 26883 D UserPreferences: Using default data folder
08-06 15:26:20.102 26883 26883 D OnlineFeedViewActivity: Activity was started with url http://feeds.feedburner.com/linuxoutlaws
08-06 15:26:20.104 26883 26883 D OnlineFeedViewActivity: Starting feed download
08-06 15:26:20.107 26883 27436 D DBReader: Extracting Feedlist
08-06 15:26:20.109   918  4400 D WifiService: acquireWifiLockLocked: WifiLock{Downloader type=1 binder=android.os.BinderProxy@810a63d}
08-06 15:26:20.110 26883 27436 D AntennapodHttpClient: Creating new instance of HTTP client
08-06 15:26:20.170 13866 13866 I GoogleInputMethodServic: GoogleInputMethodService.onFinishInput():3138 
08-06 15:26:20.171 13866 13866 I GoogleInputMethodServic: GoogleInputMethodService.onStartInput():1808 
08-06 15:26:20.189   918   936 I ActivityManager: Displayed baseline.de.danoeh.antennapod.debug/baseline.de.danoeh.antennapod.activity.OnlineFeedViewActivity: +109ms
08-06 15:26:20.229 26883 26904 D OpenGLRenderer: endAllStagingAnimators on 0x7f7ef31400 (GridView) with handle 0x7f76960b40
08-06 15:26:20.232 26883 27436 D MYTAG   : interceptor 3a http://feeds.feedburner.com/linuxoutlaws
08-06 15:26:20.233 26883 27436 I NAPPA_EXPERIMENTATION: MetricNetworkRequestExecutionTime: REQUEST_DURATION_SYSTEM='121',REQUEST_DURATION_OKHTTP='42',REQUEST_SYNCHRONOUS='TRUE',RESPONSE_CODE='200',RESPONSE_METHOD='GET',RESPONSE_LENGTH_OKHTTP='-1',RESPONSE_LENGTH_HEADER='-2',REQUEST_PROTOCOL='http/1.1',REQUEST_URL='http://feeds.feedburner.com/linuxoutlaws',
08-06 15:26:20.233 26883 27436 D HttpDownloader: Response code is 200
08-06 15:26:20.233 26883 27436 D UserPreferences: Using default data folder
08-06 15:26:20.235 26883 27436 D HttpDownloader: Getting size of download
08-06 15:26:20.235 26883 27436 D HttpDownloader: Size is -1
08-06 15:26:20.235 26883 27436 D UserPreferences: Using default data folder
08-06 15:26:20.235 26883 27436 D HttpDownloader: Free space is 20249616384
08-06 15:26:20.235 26883 27436 D HttpDownloader: Starting download
08-06 15:26:20.259 26883 27436 D HttpDownloader: Download was successful
08-06 15:26:20.260   918  5481 D WifiService: releaseWifiLockLocked: WifiLock{Downloader type=1 binder=android.os.BinderProxy@810a63d}
08-06 15:26:20.260 26883 26883 D OnlineFeedViewActivity: Parsing feed
08-06 15:26:20.264 26883 29901 D TypeGetter: Recognized type RSS 2.0
08-06 15:26:20.266 26883 29901 D SyndHandler: Recognized Content namespace
08-06 15:26:20.266 26883 29901 D SyndHandler: Recognized DublinCore namespace
08-06 15:26:20.267 26883 29901 D SyndHandler: Recognized Atom namespace
08-06 15:26:20.268 26883 29901 D SyndHandler: Recognized ITunes namespace
08-06 15:26:20.268 26883 29901 D SyndHandler: Recognized media namespace
08-06 15:26:20.287 26883 26912 I art     : Starting a blocking GC Explicit
08-06 15:26:20.308 26883 29901 D OnlineFeedViewActivity: Deleted feed source file. Result: true
08-06 15:26:20.308 26883 26883 D OnlineFeedViewActivity: Removing HTML from shownotes
08-06 15:26:20.335 26883 27806 D ApOkHttpUrlLoader: buildLoadData() called with: model = [http://sixgun.org/files/linuxoutlaws.jpg], width = [350], height = [350]
08-06 15:26:20.335 26883 26912 I art     : Explicit concurrent mark sweep GC freed 7353(878KB) AllocSpace objects, 16(848KB) LOS objects, 23% free, 51MB/67MB, paused 2.152ms total 47.610ms
08-06 15:26:20.337 26883 27639 D DBReader: getImageAuthentication() called with: imageUrl = [http://sixgun.org/files/linuxoutlaws.jpg]
08-06 15:26:20.343 26883 27639 D ApOkHttpUrlLoader: no credentials for 'http://sixgun.org/files/linuxoutlaws.jpg'
08-06 15:26:20.350 26883 26912 I art     : Starting a blocking GC Explicit
08-06 15:26:20.377 26883 27639 D DBWriter: updateFeedDownloadURL(original: http://sixgun.org/files/linuxoutlaws.jpg, updated: https://fab.industries/sixgun/files/linuxoutlaws.jpg)
08-06 15:26:20.408 26883 26912 I art     : Explicit concurrent mark sweep GC freed 7370(385KB) AllocSpace objects, 0(0B) LOS objects, 23% free, 51MB/67MB, paused 1.781ms total 57.345ms
08-06 15:26:20.422 26883 26912 I art     : Starting a blocking GC Explicit
08-06 15:26:20.440   380   380 W SurfaceFlinger: couldn't log to binary event log: overflow.
08-06 15:26:20.467 26883 26912 I art     : Explicit concurrent mark sweep GC freed 2062(109KB) AllocSpace objects, 0(0B) LOS objects, 23% free, 51MB/67MB, paused 1.532ms total 45.048ms
08-06 15:26:20.480 26883 26912 I art     : Starting a blocking GC Explicit
08-06 15:26:20.520 26883 27639 D MYTAG   : interceptor 2a
08-06 15:26:20.521 26883 27639 I NAPPA_EXPERIMENTATION: MetricNetworkRequestExecutionTime: REQUEST_DURATION_SYSTEM='177',REQUEST_DURATION_OKHTTP='138',REQUEST_SYNCHRONOUS='TRUE',RESPONSE_CODE='404',RESPONSE_METHOD='GET',RESPONSE_LENGTH_OKHTTP='-1',RESPONSE_LENGTH_HEADER='1503',REQUEST_PROTOCOL='h2',REQUEST_URL='https://fab.industries/sixgun/files/linuxoutlaws.jpg',
08-06 15:26:20.521 26883 26912 I art     : Explicit concurrent mark sweep GC freed 58(2992B) AllocSpace objects, 0(0B) LOS objects, 23% free, 51MB/67MB, paused 2.219ms total 40.332ms
08-06 15:26:20.522 26883 26883 W Glide   : Load failed for http://sixgun.org/files/linuxoutlaws.jpg with size [350x350]
08-06 15:26:20.522 26883 26883 W Glide   : class com.bumptech.glide.load.engine.GlideException: Failed to load resource
08-06 15:26:20.522 26883 26883 W Glide   : There was 1 cause:
08-06 15:26:20.522 26883 26883 W Glide   : com.bumptech.glide.load.HttpException()
08-06 15:26:20.522 26883 26883 W Glide   :  call GlideException#logRootCauses(String) for more detail
08-06 15:26:20.522 26883 26883 W Glide   :   Cause (1 of 1): class com.bumptech.glide.load.engine.GlideException: Fetching data failed, class java.io.InputStream, REMOTE
08-06 15:26:20.522 26883 26883 W Glide   : There was 1 cause:
08-06 15:26:20.522 26883 26883 W Glide   : com.bumptech.glide.load.HttpException()
08-06 15:26:20.522 26883 26883 W Glide   :  call GlideException#logRootCauses(String) for more detail
08-06 15:26:20.522 26883 26883 W Glide   :     Cause (1 of 1): class com.bumptech.glide.load.HttpException: 
08-06 15:26:20.523 26883 26883 I Glide   : Root cause (1 of 1)
08-06 15:26:20.523 26883 26883 I Glide   : com.bumptech.glide.load.HttpException: 
08-06 15:26:20.523 26883 26883 I Glide   : 	at com.bumptech.glide.integration.okhttp3.OkHttpStreamFetcher.onResponse(OkHttpStreamFetcher.java:73)
08-06 15:26:20.523 26883 26883 I Glide   : 	at okhttp3.RealCall$AsyncCall.execute(RealCall.java:174)
08-06 15:26:20.523 26883 26883 I Glide   : 	at okhttp3.internal.NamedRunnable.run(NamedRunnable.java:32)
08-06 15:26:20.523 26883 26883 I Glide   : 	at java.util.concurrent.ThreadPoolExecutor.runWorker(ThreadPoolExecutor.java:1113)
08-06 15:26:20.523 26883 26883 I Glide   : 	at java.util.concurrent.ThreadPoolExecutor$Worker.run(ThreadPoolExecutor.java:588)
08-06 15:26:20.523 26883 26883 I Glide   : 	at java.lang.Thread.run(Thread.java:818)
08-06 15:26:20.534 26883 26912 I art     : Starting a blocking GC Explicit
08-06 15:26:20.576 26883 26912 I art     : Explicit concurrent mark sweep GC freed 401(45KB) AllocSpace objects, 0(0B) LOS objects, 23% free, 51MB/67MB, paused 1.805ms total 42.078ms
08-06 15:26:20.582 26883 26883 D PlaybackController: Releasing PlaybackController
08-06 15:26:20.638   512  2967 D audio_hw_primary: disable_audio_route: reset and update mixer path: low-latency-playback speaker
08-06 15:26:20.639   512  2967 D audio_hw_primary: disable_snd_device: snd_device(2: speaker)
08-06 15:26:20.647   512  2967 I soundtrigger: audio_extn_sound_trigger_update_device_status: device 0x2 of type 0 for Event 0
08-06 15:26:20.939 26883 28019 I art     : Starting a blocking GC Explicit
08-06 15:26:20.998 26883 28019 I art     : Explicit concurrent mark sweep GC freed 1704(97KB) AllocSpace objects, 2(132KB) LOS objects, 23% free, 51MB/67MB, paused 1.803ms total 58.058ms
08-06 15:26:21.015 26883 28019 I art     : Starting a blocking GC Explicit
08-06 15:26:21.064 26883 28019 I art     : Explicit concurrent mark sweep GC freed 47(1552B) AllocSpace objects, 0(0B) LOS objects, 23% free, 51MB/67MB, paused 1.611ms total 48.688ms
08-06 15:26:21.078 26883 28019 I art     : Starting a blocking GC Explicit
08-06 15:26:21.123 26883 28019 I art     : Explicit concurrent mark sweep GC freed 3(96B) AllocSpace objects, 0(0B) LOS objects, 23% free, 51MB/67MB, paused 1.600ms total 45.103ms
08-06 15:26:21.136 26883 28019 I art     : Starting a blocking GC Explicit
08-06 15:26:21.184 26883 28019 I art     : Explicit concurrent mark sweep GC freed 3(96B) AllocSpace objects, 0(0B) LOS objects, 23% free, 51MB/67MB, paused 1.724ms total 46.699ms
08-06 15:26:21.200 26883 28019 I art     : Starting a blocking GC Explicit
08-06 15:26:21.247 26883 28019 I art     : Explicit concurrent mark sweep GC freed 3(96B) AllocSpace objects, 0(0B) LOS objects, 23% free, 51MB/67MB, paused 1.696ms total 47.142ms
08-06 15:26:21.621 26883 26896 I art     : Starting a blocking GC Explicit
08-06 15:26:21.684 26883 26896 I art     : Explicit concurrent mark sweep GC freed 1381(81KB) AllocSpace objects, 1(20KB) LOS objects, 23% free, 51MB/67MB, paused 1.614ms total 62.574ms
08-06 15:26:21.698 26883 26896 I art     : Starting a blocking GC Explicit
08-06 15:26:21.747 26883 26896 I art     : Explicit concurrent mark sweep GC freed 52(1536B) AllocSpace objects, 0(0B) LOS objects, 23% free, 51MB/67MB, paused 1.743ms total 49.183ms
08-06 15:26:21.761 26883 26896 I art     : Starting a blocking GC Explicit
08-06 15:26:21.811 26883 26896 I art     : Explicit concurrent mark sweep GC freed 3(96B) AllocSpace objects, 0(0B) LOS objects, 23% free, 51MB/67MB, paused 1.706ms total 49.314ms
08-06 15:26:21.825 26883 26896 I art     : Starting a blocking GC Explicit
08-06 15:26:21.874 26883 26896 I art     : Explicit concurrent mark sweep GC freed 3(96B) AllocSpace objects, 0(0B) LOS objects, 23% free, 51MB/67MB, paused 1.672ms total 49.162ms
08-06 15:26:21.888 26883 26896 I art     : Starting a blocking GC Explicit
08-06 15:26:21.936 26883 26896 I art     : Explicit concurrent mark sweep GC freed 4(128B) AllocSpace objects, 0(0B) LOS objects, 23% free, 51MB/67MB, paused 1.708ms total 47.258ms
08-06 15:26:22.330 26883 28644 I art     : Starting a blocking GC Explicit
08-06 15:26:22.386 26883 28644 I art     : Explicit concurrent mark sweep GC freed 1410(82KB) AllocSpace objects, 1(20KB) LOS objects, 23% free, 51MB/67MB, paused 1.742ms total 55.280ms
08-06 15:26:22.401 26883 28644 I art     : Starting a blocking GC Explicit
08-06 15:26:22.452 26883 28644 I art     : Explicit concurrent mark sweep GC freed 23(752B) AllocSpace objects, 0(0B) LOS objects, 23% free, 51MB/67MB, paused 1.595ms total 50.153ms
08-06 15:26:22.465 26883 28644 I art     : Starting a blocking GC Explicit
08-06 15:26:22.516 26883 28644 I art     : Explicit concurrent mark sweep GC freed 3(96B) AllocSpace objects, 0(0B) LOS objects, 23% free, 51MB/67MB, paused 1.553ms total 50.068ms
08-06 15:26:22.529 26883 28644 I art     : Starting a blocking GC Explicit
08-06 15:26:22.579 26883 28644 I art     : Explicit concurrent mark sweep GC freed 3(96B) AllocSpace objects, 0(0B) LOS objects, 23% free, 51MB/67MB, paused 1.679ms total 49.476ms
08-06 15:26:22.593 26883 28644 I art     : Starting a blocking GC Explicit
08-06 15:26:22.644 26883 28644 I art     : Explicit concurrent mark sweep GC freed 3(96B) AllocSpace objects, 0(0B) LOS objects, 23% free, 51MB/67MB, paused 1.659ms total 50.661ms
08-06 15:26:22.999 26883 28019 I art     : Starting a blocking GC Explicit
08-06 15:26:23.044 26883 28019 I art     : Explicit concurrent mark sweep GC freed 1410(81KB) AllocSpace objects, 1(20KB) LOS objects, 23% free, 51MB/67MB, paused 1.595ms total 44.288ms
08-06 15:26:23.057 26883 28019 I art     : Starting a blocking GC Explicit
08-06 15:26:23.105 26883 28019 I art     : Explicit concurrent mark sweep GC freed 23(752B) AllocSpace objects, 0(0B) LOS objects, 23% free, 51MB/67MB, paused 1.649ms total 47.534ms
08-06 15:26:23.109 29768 29768 I ServiceManager: Waiting for service AtCmdFwd...
08-06 15:26:23.119 26883 28019 I art     : Starting a blocking GC Explicit
08-06 15:26:23.167 26883 28019 I art     : Explicit concurrent mark sweep GC freed 17(544B) AllocSpace objects, 0(0B) LOS objects, 23% free, 51MB/67MB, paused 1.544ms total 47.907ms
08-06 15:26:23.181 26883 28019 I art     : Starting a blocking GC Explicit
08-06 15:26:23.229 26883 28019 I art     : Explicit concurrent mark sweep GC freed 3(96B) AllocSpace objects, 0(0B) LOS objects, 23% free, 51MB/67MB, paused 1.693ms total 47.299ms
08-06 15:26:23.242 26883 28019 I art     : Starting a blocking GC Explicit
08-06 15:26:23.291 26883 28019 I art     : Explicit concurrent mark sweep GC freed 3(96B) AllocSpace objects, 0(0B) LOS objects, 23% free, 51MB/67MB, paused 1.697ms total 48.539ms
08-06 15:26:23.682 26883 26895 I art     : Starting a blocking GC Explicit
08-06 15:26:23.742 26883 26895 I art     : Explicit concurrent mark sweep GC freed 1410(81KB) AllocSpace objects, 1(20KB) LOS objects, 23% free, 51MB/67MB, paused 1.787ms total 59.596ms
08-06 15:26:23.758 26883 26895 I art     : Starting a blocking GC Explicit
08-06 15:26:23.812 26883 26895 I art     : Explicit concurrent mark sweep GC freed 23(752B) AllocSpace objects, 0(0B) LOS objects, 23% free, 51MB/67MB, paused 1.607ms total 53.461ms
08-06 15:26:23.826 26883 26895 I art     : Starting a blocking GC Explicit
08-06 15:26:23.874 26883 26895 I art     : Explicit concurrent mark sweep GC freed 3(96B) AllocSpace objects, 0(0B) LOS objects, 23% free, 51MB/67MB, paused 1.539ms total 48.059ms
08-06 15:26:23.888 26883 26895 I art     : Starting a blocking GC Explicit
08-06 15:26:23.938 26883 26895 I art     : Explicit concurrent mark sweep GC freed 3(96B) AllocSpace objects, 0(0B) LOS objects, 23% free, 51MB/67MB, paused 1.684ms total 49.235ms
08-06 15:26:23.952 26883 26895 I art     : Starting a blocking GC Explicit
08-06 15:26:24.001 26883 26895 I art     : Explicit concurrent mark sweep GC freed 3(96B) AllocSpace objects, 0(0B) LOS objects, 23% free, 51MB/67MB, paused 1.668ms total 49.051ms
08-06 15:26:24.109 29768 29768 I ServiceManager: Waiting for service AtCmdFwd...
08-06 15:26:24.396 26883 28644 I art     : Starting a blocking GC Explicit
08-06 15:26:24.449 26883 28644 I art     : Explicit concurrent mark sweep GC freed 1383(84KB) AllocSpace objects, 1(20KB) LOS objects, 23% free, 50MB/66MB, paused 1.815ms total 52.835ms
08-06 15:26:24.462 26883 28644 I art     : Starting a blocking GC Explicit
08-06 15:26:24.506 26883 28644 I art     : Explicit concurrent mark sweep GC freed 23(752B) AllocSpace objects, 0(0B) LOS objects, 23% free, 50MB/66MB, paused 1.606ms total 43.230ms
08-06 15:26:24.519 26883 28644 I art     : Starting a blocking GC Explicit
08-06 15:26:24.566 26883 28644 I art     : Explicit concurrent mark sweep GC freed 3(96B) AllocSpace objects, 0(0B) LOS objects, 23% free, 50MB/66MB, paused 1.690ms total 46.370ms
08-06 15:26:24.579 26883 28644 I art     : Starting a blocking GC Explicit
08-06 15:26:24.627 26883 28644 I art     : Explicit concurrent mark sweep GC freed 3(96B) AllocSpace objects, 0(0B) LOS objects, 23% free, 50MB/66MB, paused 1.647ms total 47.737ms
08-06 15:26:24.641 26883 28644 I art     : Starting a blocking GC Explicit
08-06 15:26:24.688 26883 28644 I art     : Explicit concurrent mark sweep GC freed 3(96B) AllocSpace objects, 0(0B) LOS objects, 23% free, 50MB/66MB, paused 1.766ms total 47.118ms
08-06 15:26:24.798 29961 29961 D AndroidRuntime: >>>>>> START com.android.internal.os.RuntimeInit uid 2000 <<<<<<
08-06 15:26:24.804 29961 29961 D AndroidRuntime: CheckJNI is OFF
08-06 15:26:24.850 29961 29961 D ICU     : No timezone override file found: /data/misc/zoneinfo/current/icu/icu_tzdata.dat
08-06 15:26:24.895 29961 29961 I Radio-JNI: register_android_hardware_Radio DONE
08-06 15:26:24.923 29961 29961 D AndroidRuntime: Calling main entry com.android.commands.input.Input
08-06 15:26:24.925 29961 29961 I Input   : injectKeyEvent: KeyEvent { action=ACTION_DOWN, keyCode=KEYCODE_BACK, scanCode=0, metaState=0, flags=0x0, repeatCount=0, eventTime=890801338, downTime=890801338, deviceId=-1, source=0x101 }
08-06 15:26:24.930 29961 29961 I Input   : injectKeyEvent: KeyEvent { action=ACTION_UP, keyCode=KEYCODE_BACK, scanCode=0, metaState=0, flags=0x0, repeatCount=0, eventTime=890801338, downTime=890801338, deviceId=-1, source=0x101 }
08-06 15:26:24.935 29961 29961 D AndroidRuntime: Shutting down VM
08-06 15:26:24.940 26883 26883 V PlaybackController: initServiceNotRunning()
08-06 15:26:24.940 26883 26883 D ExternalPlayerFragment: Loading media info
08-06 15:26:24.941 26883 27806 D ApOkHttpUrlLoader: buildLoadData() called with: model = [http://sixgun.org/files/linuxoutlaws.jpg], width = [224], height = [224]
08-06 15:26:24.943 26883 27639 D DBReader: getImageAuthentication() called with: imageUrl = [http://sixgun.org/files/linuxoutlaws.jpg]
08-06 15:26:24.946 26883 26883 D UserPreferences: Using default data folder
08-06 15:26:24.947 26883 27436 D DBReader: getNavDrawerData() called with: 
08-06 15:26:24.948 26883 27639 D ApOkHttpUrlLoader: no credentials for 'http://sixgun.org/files/linuxoutlaws.jpg'
08-06 15:26:24.963 26883 27436 D DBReader: getDownloadedItems() called
08-06 15:26:24.965 26883 27436 D DBReader: getFavoriteIDList() called
08-06 15:26:24.966 26883 27436 D DBReader: getQueueIDList() called
08-06 15:26:24.966 26883 27436 D DBReader: Extracting Feedlist
08-06 15:26:25.006 26883 26883 D MainActivity: getLastNavFragment() -> AddFeedFragment
08-06 15:26:25.007 13866 13866 I GoogleInputMethodServic: GoogleInputMethodService.onFinishInput():3138 
08-06 15:26:25.007 13866 13866 I GoogleInputMethodServic: GoogleInputMethodService.onStartInput():1808 
08-06 15:26:25.029 26883 27639 D DBWriter: updateFeedDownloadURL(original: http://sixgun.org/files/linuxoutlaws.jpg, updated: https://fab.industries/sixgun/files/linuxoutlaws.jpg)
08-06 15:26:25.066 26883 26896 I art     : Starting a blocking GC Explicit
08-06 15:26:25.110 29768 29768 I ServiceManager: Waiting for service AtCmdFwd...
08-06 15:26:25.111 26883 26896 I art     : Explicit concurrent mark sweep GC freed 3111(185KB) AllocSpace objects, 1(20KB) LOS objects, 23% free, 51MB/67MB, paused 1.653ms total 45.272ms
08-06 15:26:25.127 26883 26896 I art     : Starting a blocking GC Explicit
08-06 15:26:25.172 26883 27639 D MYTAG   : interceptor 2a
08-06 15:26:25.173 26883 27639 I NAPPA_EXPERIMENTATION: MetricNetworkRequestExecutionTime: REQUEST_DURATION_SYSTEM='224',REQUEST_DURATION_OKHTTP='140',REQUEST_SYNCHRONOUS='TRUE',RESPONSE_CODE='404',RESPONSE_METHOD='GET',RESPONSE_LENGTH_OKHTTP='-1',RESPONSE_LENGTH_HEADER='1503',REQUEST_PROTOCOL='h2',REQUEST_URL='https://fab.industries/sixgun/files/linuxoutlaws.jpg',
08-06 15:26:25.174 26883 26883 W Glide   : Load failed for http://sixgun.org/files/linuxoutlaws.jpg with size [224x224]
08-06 15:26:25.174 26883 26883 W Glide   : class com.bumptech.glide.load.engine.GlideException: Failed to load resource
08-06 15:26:25.174 26883 26883 W Glide   : There was 1 cause:
08-06 15:26:25.174 26883 26883 W Glide   : com.bumptech.glide.load.HttpException()
08-06 15:26:25.174 26883 26883 W Glide   :  call GlideException#logRootCauses(String) for more detail
08-06 15:26:25.174 26883 26883 W Glide   :   Cause (1 of 1): class com.bumptech.glide.load.engine.GlideException: Fetching data failed, class java.io.InputStream, REMOTE
08-06 15:26:25.174 26883 26883 W Glide   : There was 1 cause:
08-06 15:26:25.174 26883 26883 W Glide   : com.bumptech.glide.load.HttpException()
08-06 15:26:25.174 26883 26883 W Glide   :  call GlideException#logRootCauses(String) for more detail
08-06 15:26:25.174 26883 26883 W Glide   :     Cause (1 of 1): class com.bumptech.glide.load.HttpException: 
08-06 15:26:25.174 26883 26883 I Glide   : Root cause (1 of 1)
08-06 15:26:25.174 26883 26883 I Glide   : com.bumptech.glide.load.HttpException: 
08-06 15:26:25.174 26883 26883 I Glide   : 	at com.bumptech.glide.integration.okhttp3.OkHttpStreamFetcher.onResponse(OkHttpStreamFetcher.java:73)
08-06 15:26:25.174 26883 26883 I Glide   : 	at okhttp3.RealCall$AsyncCall.execute(RealCall.java:174)
08-06 15:26:25.174 26883 26883 I Glide   : 	at okhttp3.internal.NamedRunnable.run(NamedRunnable.java:32)
08-06 15:26:25.174 26883 26883 I Glide   : 	at java.util.concurrent.ThreadPoolExecutor.runWorker(ThreadPoolExecutor.java:1113)
08-06 15:26:25.174 26883 26883 I Glide   : 	at java.util.concurrent.ThreadPoolExecutor$Worker.run(ThreadPoolExecutor.java:588)
08-06 15:26:25.174 26883 26883 I Glide   : 	at java.lang.Thread.run(Thread.java:818)
08-06 15:26:25.175 26883 26883 W Glide   : Load failed for http://sixgun.org/files/linuxoutlaws.jpg with size [224x224]
08-06 15:26:25.175 26883 26883 W Glide   : class com.bumptech.glide.load.engine.GlideException: Failed to load resource
08-06 15:26:25.175 26883 26883 W Glide   : There was 1 cause:
08-06 15:26:25.175 26883 26883 W Glide   : com.bumptech.glide.load.HttpException()
08-06 15:26:25.175 26883 26883 W Glide   :  call GlideException#logRootCauses(String) for more detail
08-06 15:26:25.175 26883 26883 W Glide   :   Cause (1 of 1): class com.bumptech.glide.load.engine.GlideException: Fetching data failed, class java.io.InputStream, REMOTE
08-06 15:26:25.175 26883 26883 W Glide   : There was 1 cause:
08-06 15:26:25.175 26883 26883 W Glide   : com.bumptech.glide.load.HttpException()
08-06 15:26:25.175 26883 26883 W Glide   :  call GlideException#logRootCauses(String) for more detail
08-06 15:26:25.175 26883 26883 W Glide   :     Cause (1 of 1): class com.bumptech.glide.load.HttpException: 
08-06 15:26:25.176 26883 26883 I Glide   : Root cause (1 of 1)
08-06 15:26:25.176 26883 26883 I Glide   : com.bumptech.glide.load.HttpException: 
08-06 15:26:25.176 26883 26883 I Glide   : 	at com.bumptech.glide.integration.okhttp3.OkHttpStreamFetcher.onResponse(OkHttpStreamFetcher.java:73)
08-06 15:26:25.176 26883 26883 I Glide   : 	at okhttp3.RealCall$AsyncCall.execute(RealCall.java:174)
08-06 15:26:25.176 26883 26883 I Glide   : 	at okhttp3.internal.NamedRunnable.run(NamedRunnable.java:32)
08-06 15:26:25.176 26883 26883 I Glide   : 	at java.util.concurrent.ThreadPoolExecutor.runWorker(ThreadPoolExecutor.java:1113)
08-06 15:26:25.176 26883 26883 I Glide   : 	at java.util.concurrent.ThreadPoolExecutor$Worker.run(ThreadPoolExecutor.java:588)
08-06 15:26:25.176 26883 26883 I Glide   : 	at java.lang.Thread.run(Thread.java:818)
08-06 15:26:25.180 26883 26896 I art     : Explicit concurrent mark sweep GC freed 840(87KB) AllocSpace objects, 0(0B) LOS objects, 23% free, 51MB/67MB, paused 1.835ms total 52.643ms
08-06 15:26:25.197 26883 26896 I art     : Starting a blocking GC Explicit
08-06 15:26:25.250 26883 26896 I art     : Explicit concurrent mark sweep GC freed 239(14KB) AllocSpace objects, 0(0B) LOS objects, 23% free, 51MB/67MB, paused 1.923ms total 52.633ms
08-06 15:26:25.266 26883 26896 I art     : Starting a blocking GC Explicit
08-06 15:26:25.278   380   380 W SurfaceFlinger: couldn't log to binary event log: overflow.
08-06 15:26:25.312 26883 26896 I art     : Explicit concurrent mark sweep GC freed 538(22KB) AllocSpace objects, 0(0B) LOS objects, 23% free, 51MB/67MB, paused 1.525ms total 45.544ms
08-06 15:26:25.324 26883 26896 I art     : Starting a blocking GC Explicit
08-06 15:26:25.365 26883 26896 I art     : Explicit concurrent mark sweep GC freed 62(2624B) AllocSpace objects, 0(0B) LOS objects, 23% free, 51MB/67MB, paused 1.534ms total 41.006ms
08-06 15:26:25.741 26883 28644 I art     : Starting a blocking GC Explicit
08-06 15:26:25.799 26883 28644 I art     : Explicit concurrent mark sweep GC freed 4262(319KB) AllocSpace objects, 2(48KB) LOS objects, 23% free, 50MB/66MB, paused 1.739ms total 57.292ms
08-06 15:26:25.814 26883 28644 I art     : Starting a blocking GC Explicit
08-06 15:26:25.859 26883 28644 I art     : Explicit concurrent mark sweep GC freed 25(832B) AllocSpace objects, 0(0B) LOS objects, 23% free, 50MB/66MB, paused 1.646ms total 45.175ms
08-06 15:26:25.873 26883 28644 I art     : Starting a blocking GC Explicit
08-06 15:26:25.917 26883 28644 I art     : Explicit concurrent mark sweep GC freed 3(96B) AllocSpace objects, 0(0B) LOS objects, 23% free, 50MB/66MB, paused 1.592ms total 44.482ms
08-06 15:26:25.930 26883 28644 I art     : Starting a blocking GC Explicit
08-06 15:26:25.975 26883 28644 I art     : Explicit concurrent mark sweep GC freed 3(96B) AllocSpace objects, 0(0B) LOS objects, 23% free, 50MB/66MB, paused 1.599ms total 44.318ms
08-06 15:26:25.988 26883 28644 I art     : Starting a blocking GC Explicit
08-06 15:26:26.032 26883 28644 I art     : Explicit concurrent mark sweep GC freed 3(96B) AllocSpace objects, 0(0B) LOS objects, 23% free, 50MB/66MB, paused 1.538ms total 43.548ms
08-06 15:26:26.110 29768 29768 I ServiceManager: Waiting for service AtCmdFwd...
08-06 15:26:26.381 26883 26912 I art     : Starting a blocking GC Explicit
08-06 15:26:26.429 26883 26912 I art     : Explicit concurrent mark sweep GC freed 1383(81KB) AllocSpace objects, 1(20KB) LOS objects, 23% free, 50MB/66MB, paused 1.614ms total 48.038ms
08-06 15:26:26.442 26883 26912 I art     : Starting a blocking GC Explicit
08-06 15:26:26.483 26883 26912 I art     : Explicit concurrent mark sweep GC freed 23(752B) AllocSpace objects, 0(0B) LOS objects, 23% free, 50MB/66MB, paused 1.494ms total 40.756ms
08-06 15:26:26.496 26883 26912 I art     : Starting a blocking GC Explicit
08-06 15:26:26.541 26883 26912 I art     : Explicit concurrent mark sweep GC freed 3(96B) AllocSpace objects, 0(0B) LOS objects, 23% free, 50MB/66MB, paused 1.690ms total 44.475ms
08-06 15:26:26.554 26883 26912 I art     : Starting a blocking GC Explicit
08-06 15:26:26.602 26883 26912 I art     : Explicit concurrent mark sweep GC freed 11(352B) AllocSpace objects, 0(0B) LOS objects, 23% free, 50MB/66MB, paused 1.815ms total 47.670ms
08-06 15:26:26.615 26883 26912 I art     : Starting a blocking GC Explicit
08-06 15:26:26.655 26883 26912 I art     : Explicit concurrent mark sweep GC freed 19(608B) AllocSpace objects, 0(0B) LOS objects, 23% free, 50MB/66MB, paused 1.520ms total 39.296ms
08-06 15:26:26.731 29999 29999 D AndroidRuntime: >>>>>> START com.android.internal.os.RuntimeInit uid 2000 <<<<<<
08-06 15:26:26.737 29999 29999 D AndroidRuntime: CheckJNI is OFF
08-06 15:26:26.779 29999 29999 D ICU     : No timezone override file found: /data/misc/zoneinfo/current/icu/icu_tzdata.dat
08-06 15:26:26.821 29999 29999 I Radio-JNI: register_android_hardware_Radio DONE
08-06 15:26:26.849 29999 29999 D AndroidRuntime: Calling main entry com.android.commands.input.Input
08-06 15:26:26.852 29999 29999 I Input   : injectMotionEvent: MotionEvent { action=ACTION_DOWN, actionButton=0, id[0]=0, x[0]=526.0, y[0]=597.0, toolType[0]=TOOL_TYPE_UNKNOWN, buttonState=0, metaState=0, flags=0x0, edgeFlags=0x0, pointerCount=1, historySize=0, eventTime=890803264, downTime=890803264, deviceId=0, source=0x1002 }
08-06 15:26:26.859 29999 29999 I Input   : injectMotionEvent: MotionEvent { action=ACTION_UP, actionButton=0, id[0]=0, x[0]=526.0, y[0]=597.0, toolType[0]=TOOL_TYPE_UNKNOWN, buttonState=0, metaState=0, flags=0x0, edgeFlags=0x0, pointerCount=1, historySize=0, eventTime=890803264, downTime=890803264, deviceId=0, source=0x1002 }
08-06 15:26:26.861 29999 29999 D AndroidRuntime: Shutting down VM
08-06 15:26:26.926 26883 26883 D PodcastListFragment: Selected podcast: GpodnetPodcast [url=http://feeds.feedburner.com/linuxoutlaws, title=Linux Outlaws, description=Two pragmatic geeks talk about the latest news concerning Linux, free and open
08-06 15:26:26.926 26883 26883 D PodcastListFragment: technology or anything else they deem noteworthy which may include such absurd
08-06 15:26:26.926 26883 26883 D PodcastListFragment: things as hockey or bands you never heard of. This means there's many a joke
08-06 15:26:26.926 26883 26883 D PodcastListFragment: and derailed conversation along the way, so don't come here expecting only
08-06 15:26:26.926 26883 26883 D PodcastListFragment: Linux or software freedom talk  just sit back and relax, partner., subscribers=3321, logoUrl=http://sixgun.org/files/linuxoutlaws.jpg, website=http://sixgun.org, mygpoLink=http://gpodder.net/podcast/linux-outlaws-mp3]
08-06 15:26:26.927   918  3359 I ActivityManager: START u0 {cmp=baseline.de.danoeh.antennapod.debug/baseline.de.danoeh.antennapod.activity.OnlineFeedViewActivity (has extras)} from uid 10711 on display 0
08-06 15:26:26.928   512  2967 D audio_hw_primary: out_set_parameters: enter: usecase(1: low-latency-playback) kvpairs: routing=2
08-06 15:26:26.941   512  2967 D audio_hw_primary: select_devices: out_snd_device(2: speaker) in_snd_device(0: none)
08-06 15:26:26.941   512  2967 D msm8974_platform: platform_send_audio_calibration: sending audio calibration for snd_device(2) acdb_id(15)
08-06 15:26:26.941   512  2967 I soundtrigger: audio_extn_sound_trigger_update_device_status: device 0x2 of type 0 for Event 1
08-06 15:26:26.952   512  2967 D audio_hw_primary: enable_snd_device: snd_device(2: speaker)
08-06 15:26:26.954   512  2967 D audio_hw_primary: enable_audio_route: apply and update mixer path: low-latency-playback speaker
08-06 15:26:26.964 26883 26883 D UserPreferences: Using default data folder
08-06 15:26:26.965 26883 26883 D OnlineFeedViewActivity: Activity was started with url http://feeds.feedburner.com/linuxoutlaws
08-06 15:26:26.969 26883 26883 D OnlineFeedViewActivity: Starting feed download
08-06 15:26:26.971 26883 26903 D DBReader: Extracting Feedlist
08-06 15:26:26.974   918  3714 D WifiService: acquireWifiLockLocked: WifiLock{Downloader type=1 binder=android.os.BinderProxy@8f2913a}
08-06 15:26:26.975 26883 26903 D AntennapodHttpClient: Creating new instance of HTTP client
08-06 15:26:27.020 26883 26912 I art     : Starting a blocking GC Explicit
08-06 15:26:27.037 13866 13866 I GoogleInputMethodServic: GoogleInputMethodService.onFinishInput():3138 
08-06 15:26:27.037 13866 13866 I GoogleInputMethodServic: GoogleInputMethodService.onStartInput():1808 
08-06 15:26:27.062 26883 26912 I art     : Explicit concurrent mark sweep GC freed 2891(186KB) AllocSpace objects, 1(20KB) LOS objects, 23% free, 51MB/67MB, paused 1.887ms total 41.861ms
08-06 15:26:27.066   918   936 I ActivityManager: Displayed baseline.de.danoeh.antennapod.debug/baseline.de.danoeh.antennapod.activity.OnlineFeedViewActivity: +129ms
08-06 15:26:27.075 26883 26912 I art     : Starting a blocking GC Explicit
08-06 15:26:27.084 26883 26903 D MYTAG   : interceptor 3a http://feeds.feedburner.com/linuxoutlaws
08-06 15:26:27.084 26883 26903 I NAPPA_EXPERIMENTATION: MetricNetworkRequestExecutionTime: REQUEST_DURATION_SYSTEM='108',REQUEST_DURATION_OKHTTP='35',REQUEST_SYNCHRONOUS='TRUE',RESPONSE_CODE='200',RESPONSE_METHOD='GET',RESPONSE_LENGTH_OKHTTP='-1',RESPONSE_LENGTH_HEADER='-2',REQUEST_PROTOCOL='http/1.1',REQUEST_URL='http://feeds.feedburner.com/linuxoutlaws',
08-06 15:26:27.084 26883 26903 D HttpDownloader: Response code is 200
08-06 15:26:27.084 26883 26903 D UserPreferences: Using default data folder
08-06 15:26:27.087 26883 26903 D HttpDownloader: Getting size of download
08-06 15:26:27.087 26883 26903 D HttpDownloader: Size is -1
08-06 15:26:27.087 26883 26903 D UserPreferences: Using default data folder
08-06 15:26:27.088 26883 26903 D HttpDownloader: Free space is 20249616384
08-06 15:26:27.088 26883 26903 D HttpDownloader: Starting download
08-06 15:26:27.095 26883 26904 D OpenGLRenderer: endAllStagingAnimators on 0x7f7ef31400 (GridView) with handle 0x7f7b9770a0
08-06 15:26:27.098 26883 26903 D HttpDownloader: Download was successful
08-06 15:26:27.100   918   929 D WifiService: releaseWifiLockLocked: WifiLock{Downloader type=1 binder=android.os.BinderProxy@8f2913a}
08-06 15:26:27.101 26883 26883 D OnlineFeedViewActivity: Parsing feed
08-06 15:26:27.107 26883 30031 D TypeGetter: Recognized type RSS 2.0
08-06 15:26:27.110 26883 30031 D SyndHandler: Recognized Content namespace
08-06 15:26:27.110 26883 30031 D SyndHandler: Recognized DublinCore namespace
08-06 15:26:27.110 26883 30031 D SyndHandler: Recognized Atom namespace
08-06 15:26:27.110 26883 30031 D SyndHandler: Recognized ITunes namespace
08-06 15:26:27.110 26883 30031 D SyndHandler: Recognized media namespace
08-06 15:26:27.111 29768 29768 I ServiceManager: Waiting for service AtCmdFwd...
08-06 15:26:27.121 26883 26912 I art     : Explicit concurrent mark sweep GC freed 1061(195KB) AllocSpace objects, 3(60KB) LOS objects, 23% free, 51MB/67MB, paused 1.720ms total 46.376ms
08-06 15:26:27.134 26883 26912 I art     : Starting a blocking GC Explicit
08-06 15:26:27.157 26883 30031 D OnlineFeedViewActivity: Deleted feed source file. Result: true
08-06 15:26:27.157 26883 26883 D OnlineFeedViewActivity: Removing HTML from shownotes
08-06 15:26:27.177 26883 26912 I art     : Explicit concurrent mark sweep GC freed 3845(485KB) AllocSpace objects, 11(748KB) LOS objects, 23% free, 51MB/67MB, paused 2.037ms total 42.907ms
08-06 15:26:27.181 26883 27806 D ApOkHttpUrlLoader: buildLoadData() called with: model = [http://sixgun.org/files/linuxoutlaws.jpg], width = [350], height = [350]
08-06 15:26:27.184 26883 27639 D DBReader: getImageAuthentication() called with: imageUrl = [http://sixgun.org/files/linuxoutlaws.jpg]
08-06 15:26:27.188 26883 27639 D ApOkHttpUrlLoader: no credentials for 'http://sixgun.org/files/linuxoutlaws.jpg'
08-06 15:26:27.192 26883 26912 I art     : Starting a blocking GC Explicit
08-06 15:26:27.220 26883 27639 D DBWriter: updateFeedDownloadURL(original: http://sixgun.org/files/linuxoutlaws.jpg, updated: https://fab.industries/sixgun/files/linuxoutlaws.jpg)
08-06 15:26:27.236 26883 26912 I art     : Explicit concurrent mark sweep GC freed 1761(112KB) AllocSpace objects, 0(0B) LOS objects, 23% free, 51MB/67MB, paused 1.681ms total 44.150ms
08-06 15:26:27.249 26883 26912 I art     : Starting a blocking GC Explicit
08-06 15:26:27.297 26883 26912 I art     : Explicit concurrent mark sweep GC freed 580(28KB) AllocSpace objects, 0(0B) LOS objects, 23% free, 51MB/67MB, paused 1.670ms total 47.409ms
08-06 15:26:27.298   380   380 W SurfaceFlinger: couldn't log to binary event log: overflow.
08-06 15:26:27.359 26883 27639 D MYTAG   : interceptor 2a
08-06 15:26:27.359 26883 27639 I NAPPA_EXPERIMENTATION: MetricNetworkRequestExecutionTime: REQUEST_DURATION_SYSTEM='171',REQUEST_DURATION_OKHTTP='136',REQUEST_SYNCHRONOUS='TRUE',RESPONSE_CODE='404',RESPONSE_METHOD='GET',RESPONSE_LENGTH_OKHTTP='-1',RESPONSE_LENGTH_HEADER='1503',REQUEST_PROTOCOL='h2',REQUEST_URL='https://fab.industries/sixgun/files/linuxoutlaws.jpg',
08-06 15:26:27.360 26883 26883 W Glide   : Load failed for http://sixgun.org/files/linuxoutlaws.jpg with size [350x350]
08-06 15:26:27.360 26883 26883 W Glide   : class com.bumptech.glide.load.engine.GlideException: Failed to load resource
08-06 15:26:27.360 26883 26883 W Glide   : There was 1 cause:
08-06 15:26:27.360 26883 26883 W Glide   : com.bumptech.glide.load.HttpException()
08-06 15:26:27.360 26883 26883 W Glide   :  call GlideException#logRootCauses(String) for more detail
08-06 15:26:27.360 26883 26883 W Glide   :   Cause (1 of 1): class com.bumptech.glide.load.engine.GlideException: Fetching data failed, class java.io.InputStream, REMOTE
08-06 15:26:27.360 26883 26883 W Glide   : There was 1 cause:
08-06 15:26:27.360 26883 26883 W Glide   : com.bumptech.glide.load.HttpException()
08-06 15:26:27.360 26883 26883 W Glide   :  call GlideException#logRootCauses(String) for more detail
08-06 15:26:27.360 26883 26883 W Glide   :     Cause (1 of 1): class com.bumptech.glide.load.HttpException: 
08-06 15:26:27.361 26883 26883 I Glide   : Root cause (1 of 1)
08-06 15:26:27.361 26883 26883 I Glide   : com.bumptech.glide.load.HttpException: 
08-06 15:26:27.361 26883 26883 I Glide   : 	at com.bumptech.glide.integration.okhttp3.OkHttpStreamFetcher.onResponse(OkHttpStreamFetcher.java:73)
08-06 15:26:27.361 26883 26883 I Glide   : 	at okhttp3.RealCall$AsyncCall.execute(RealCall.java:174)
08-06 15:26:27.361 26883 26883 I Glide   : 	at okhttp3.internal.NamedRunnable.run(NamedRunnable.java:32)
08-06 15:26:27.361 26883 26883 I Glide   : 	at java.util.concurrent.ThreadPoolExecutor.runWorker(ThreadPoolExecutor.java:1113)
08-06 15:26:27.361 26883 26883 I Glide   : 	at java.util.concurrent.ThreadPoolExecutor$Worker.run(ThreadPoolExecutor.java:588)
08-06 15:26:27.361 26883 26883 I Glide   : 	at java.lang.Thread.run(Thread.java:818)
08-06 15:26:27.440 26883 26883 D PlaybackController: Releasing PlaybackController
08-06 15:26:27.500   512  2967 D audio_hw_primary: disable_audio_route: reset and update mixer path: low-latency-playback speaker
08-06 15:26:27.501   512  2967 D audio_hw_primary: disable_snd_device: snd_device(2: speaker)
08-06 15:26:27.509   512  2967 I soundtrigger: audio_extn_sound_trigger_update_device_status: device 0x2 of type 0 for Event 0
08-06 15:26:27.658 26883 26896 I art     : Starting a blocking GC Explicit
08-06 15:26:27.715 26883 26896 I art     : Explicit concurrent mark sweep GC freed 2198(149KB) AllocSpace objects, 2(132KB) LOS objects, 23% free, 51MB/67MB, paused 1.641ms total 57.130ms
08-06 15:26:27.732 26883 26896 I art     : Starting a blocking GC Explicit
08-06 15:26:27.780 26883 26896 I art     : Explicit concurrent mark sweep GC freed 79(2560B) AllocSpace objects, 0(0B) LOS objects, 23% free, 51MB/67MB, paused 1.686ms total 47.533ms
08-06 15:26:27.794 26883 26896 I art     : Starting a blocking GC Explicit
08-06 15:26:27.841 26883 26896 I art     : Explicit concurrent mark sweep GC freed 3(96B) AllocSpace objects, 0(0B) LOS objects, 23% free, 51MB/67MB, paused 1.772ms total 46.853ms
08-06 15:26:27.857 26883 26896 I art     : Starting a blocking GC Explicit
08-06 15:26:27.903 26883 26896 I art     : Explicit concurrent mark sweep GC freed 3(96B) AllocSpace objects, 0(0B) LOS objects, 23% free, 51MB/67MB, paused 1.643ms total 45.559ms
08-06 15:26:27.917 26883 26896 I art     : Starting a blocking GC Explicit
08-06 15:26:27.963 26883 26896 I art     : Explicit concurrent mark sweep GC freed 3(96B) AllocSpace objects, 0(0B) LOS objects, 23% free, 51MB/67MB, paused 1.616ms total 45.630ms
08-06 15:26:28.111 29768 29768 W Atfwd_Sendcmd: AtCmdFwd service not published, waiting... retryCnt : 2
08-06 15:26:28.333 26883 28644 I art     : Starting a blocking GC Explicit
08-06 15:26:28.392 26883 28644 I art     : Explicit concurrent mark sweep GC freed 1384(81KB) AllocSpace objects, 1(20KB) LOS objects, 23% free, 51MB/67MB, paused 2.074ms total 58.781ms
08-06 15:26:28.407 26883 28644 I art     : Starting a blocking GC Explicit
08-06 15:26:28.454 26883 28644 I art     : Explicit concurrent mark sweep GC freed 23(752B) AllocSpace objects, 0(0B) LOS objects, 23% free, 51MB/67MB, paused 1.611ms total 46.224ms
08-06 15:26:28.467 26883 28644 I art     : Starting a blocking GC Explicit
08-06 15:26:28.514 26883 28644 I art     : Explicit concurrent mark sweep GC freed 3(96B) AllocSpace objects, 0(0B) LOS objects, 23% free, 51MB/67MB, paused 1.613ms total 46.862ms
08-06 15:26:28.528 26883 28644 I art     : Starting a blocking GC Explicit
08-06 15:26:28.577 26883 28644 I art     : Explicit concurrent mark sweep GC freed 3(96B) AllocSpace objects, 0(0B) LOS objects, 23% free, 51MB/67MB, paused 1.684ms total 49.215ms
08-06 15:26:28.591 26883 28644 I art     : Starting a blocking GC Explicit
08-06 15:26:28.643 26883 28644 I art     : Explicit concurrent mark sweep GC freed 3(96B) AllocSpace objects, 0(0B) LOS objects, 23% free, 51MB/67MB, paused 1.779ms total 51.225ms
08-06 15:26:29.049 26883 26896 I art     : Starting a blocking GC Explicit
08-06 15:26:29.097 26883 26896 I art     : Explicit concurrent mark sweep GC freed 1438(82KB) AllocSpace objects, 1(20KB) LOS objects, 23% free, 51MB/67MB, paused 1.855ms total 47.085ms
08-06 15:26:29.110 26883 26896 I art     : Starting a blocking GC Explicit
08-06 15:26:29.161 26883 26896 I art     : Explicit concurrent mark sweep GC freed 23(752B) AllocSpace objects, 0(0B) LOS objects, 23% free, 51MB/67MB, paused 1.705ms total 50.153ms
08-06 15:26:29.175 26883 26896 I art     : Starting a blocking GC Explicit
08-06 15:26:29.224 26883 26896 I art     : Explicit concurrent mark sweep GC freed 3(96B) AllocSpace objects, 0(0B) LOS objects, 23% free, 51MB/67MB, paused 1.702ms total 49.173ms
08-06 15:26:29.238 26883 26896 I art     : Starting a blocking GC Explicit
08-06 15:26:29.289 26883 26896 I art     : Explicit concurrent mark sweep GC freed 3(96B) AllocSpace objects, 0(0B) LOS objects, 23% free, 51MB/67MB, paused 1.800ms total 50.129ms
08-06 15:26:29.302 26883 26896 I art     : Starting a blocking GC Explicit
08-06 15:26:29.349 26883 26896 I art     : Explicit concurrent mark sweep GC freed 3(96B) AllocSpace objects, 0(0B) LOS objects, 23% free, 51MB/67MB, paused 1.856ms total 46.213ms
08-06 15:26:29.744 26883 28019 I art     : Starting a blocking GC Explicit
08-06 15:26:29.805 26883 28019 I art     : Explicit concurrent mark sweep GC freed 1410(81KB) AllocSpace objects, 1(20KB) LOS objects, 23% free, 51MB/67MB, paused 1.737ms total 61.190ms
08-06 15:26:29.821 26883 28019 I art     : Starting a blocking GC Explicit
08-06 15:26:29.870 26883 28019 I art     : Explicit concurrent mark sweep GC freed 23(752B) AllocSpace objects, 0(0B) LOS objects, 23% free, 51MB/67MB, paused 1.751ms total 49.532ms
08-06 15:26:29.884 26883 28019 I art     : Starting a blocking GC Explicit
08-06 15:26:29.935 26883 28019 I art     : Explicit concurrent mark sweep GC freed 3(96B) AllocSpace objects, 0(0B) LOS objects, 23% free, 51MB/67MB, paused 1.578ms total 50.177ms
08-06 15:26:29.948 26883 28019 I art     : Starting a blocking GC Explicit
08-06 15:26:29.999 26883 28019 I art     : Explicit concurrent mark sweep GC freed 3(96B) AllocSpace objects, 0(0B) LOS objects, 23% free, 51MB/67MB, paused 1.940ms total 50.305ms
08-06 15:26:30.013 26883 28019 I art     : Starting a blocking GC Explicit
08-06 15:26:30.064 26883 28019 I art     : Explicit concurrent mark sweep GC freed 3(96B) AllocSpace objects, 0(0B) LOS objects, 23% free, 51MB/67MB, paused 1.686ms total 50.907ms
08-06 15:26:30.477 26883 26895 I art     : Starting a blocking GC Explicit
08-06 15:26:30.543 26883 26895 I art     : Explicit concurrent mark sweep GC freed 1381(81KB) AllocSpace objects, 1(20KB) LOS objects, 23% free, 51MB/67MB, paused 1.785ms total 65.478ms
08-06 15:26:30.560 26883 26895 I art     : Starting a blocking GC Explicit
08-06 15:26:30.609 26883 26895 I art     : Explicit concurrent mark sweep GC freed 23(752B) AllocSpace objects, 0(0B) LOS objects, 23% free, 51MB/67MB, paused 1.830ms total 48.657ms
08-06 15:26:30.623 26883 26895 I art     : Starting a blocking GC Explicit
08-06 15:26:30.674 26883 26895 I art     : Explicit concurrent mark sweep GC freed 3(96B) AllocSpace objects, 0(0B) LOS objects, 23% free, 51MB/67MB, paused 1.678ms total 50.606ms
08-06 15:26:30.688 26883 26895 I art     : Starting a blocking GC Explicit
08-06 15:26:30.735 26883 26895 I art     : Explicit concurrent mark sweep GC freed 32(880B) AllocSpace objects, 0(0B) LOS objects, 23% free, 51MB/67MB, paused 1.656ms total 47.010ms
08-06 15:26:30.749 26883 26895 I art     : Starting a blocking GC Explicit
08-06 15:26:30.800 26883 26895 I art     : Explicit concurrent mark sweep GC freed 3(96B) AllocSpace objects, 0(0B) LOS objects, 23% free, 51MB/67MB, paused 1.745ms total 50.393ms
08-06 15:26:31.180 26883 28644 I art     : Starting a blocking GC Explicit
08-06 15:26:31.225 26883 28644 I art     : Explicit concurrent mark sweep GC freed 1383(84KB) AllocSpace objects, 1(20KB) LOS objects, 23% free, 51MB/67MB, paused 1.642ms total 45.042ms
08-06 15:26:31.238 26883 28644 I art     : Starting a blocking GC Explicit
08-06 15:26:31.285 26883 28644 I art     : Explicit concurrent mark sweep GC freed 23(752B) AllocSpace objects, 0(0B) LOS objects, 23% free, 51MB/67MB, paused 1.656ms total 46.058ms
08-06 15:26:31.298 26883 28644 I art     : Starting a blocking GC Explicit
08-06 15:26:31.346 26883 28644 I art     : Explicit concurrent mark sweep GC freed 3(96B) AllocSpace objects, 0(0B) LOS objects, 23% free, 51MB/67MB, paused 1.709ms total 47.550ms
08-06 15:26:31.360 26883 28644 I art     : Starting a blocking GC Explicit
08-06 15:26:31.408 26883 28644 I art     : Explicit concurrent mark sweep GC freed 3(96B) AllocSpace objects, 0(0B) LOS objects, 23% free, 51MB/67MB, paused 1.788ms total 47.780ms
08-06 15:26:31.421 26883 28644 I art     : Starting a blocking GC Explicit
08-06 15:26:31.467 26883 28644 I art     : Explicit concurrent mark sweep GC freed 3(96B) AllocSpace objects, 0(0B) LOS objects, 23% free, 51MB/67MB, paused 1.748ms total 46.025ms
08-06 15:26:31.671 30093 30093 D AndroidRuntime: >>>>>> START com.android.internal.os.RuntimeInit uid 2000 <<<<<<
08-06 15:26:31.677 30093 30093 D AndroidRuntime: CheckJNI is OFF
08-06 15:26:31.717 30093 30093 D ICU     : No timezone override file found: /data/misc/zoneinfo/current/icu/icu_tzdata.dat
08-06 15:26:31.758 30093 30093 I Radio-JNI: register_android_hardware_Radio DONE
08-06 15:26:31.788 30093 30093 D AndroidRuntime: Calling main entry com.android.commands.input.Input
08-06 15:26:31.790 30093 30093 I Input   : injectKeyEvent: KeyEvent { action=ACTION_DOWN, keyCode=KEYCODE_BACK, scanCode=0, metaState=0, flags=0x0, repeatCount=0, eventTime=890808202, downTime=890808202, deviceId=-1, source=0x101 }
08-06 15:26:31.798 30093 30093 I Input   : injectKeyEvent: KeyEvent { action=ACTION_UP, keyCode=KEYCODE_BACK, scanCode=0, metaState=0, flags=0x0, repeatCount=0, eventTime=890808202, downTime=890808202, deviceId=-1, source=0x101 }
08-06 15:26:31.804 30093 30093 D AndroidRuntime: Shutting down VM
08-06 15:26:31.812 26883 26883 V PlaybackController: initServiceNotRunning()
08-06 15:26:31.812 26883 26883 D ExternalPlayerFragment: Loading media info
08-06 15:26:31.813 26883 27806 D ApOkHttpUrlLoader: buildLoadData() called with: model = [http://sixgun.org/files/linuxoutlaws.jpg], width = [224], height = [224]
08-06 15:26:31.814 26883 27639 D DBReader: getImageAuthentication() called with: imageUrl = [http://sixgun.org/files/linuxoutlaws.jpg]
08-06 15:26:31.818 26883 27639 D ApOkHttpUrlLoader: no credentials for 'http://sixgun.org/files/linuxoutlaws.jpg'
08-06 15:26:31.818 26883 26883 D UserPreferences: Using default data folder
08-06 15:26:31.821 26883 26903 D DBReader: getNavDrawerData() called with: 
08-06 15:26:31.835 26883 26903 D DBReader: getDownloadedItems() called
08-06 15:26:31.836 26883 26903 D DBReader: getFavoriteIDList() called
08-06 15:26:31.837 26883 26903 D DBReader: getQueueIDList() called
08-06 15:26:31.838 26883 26903 D DBReader: Extracting Feedlist
08-06 15:26:31.850 26883 26896 I art     : Starting a blocking GC Explicit
08-06 15:26:31.854 13866 13866 I GoogleInputMethodServic: GoogleInputMethodService.onFinishInput():3138 
08-06 15:26:31.854 13866 13866 I GoogleInputMethodServic: GoogleInputMethodService.onStartInput():1808 
08-06 15:26:31.871 26883 26883 D MainActivity: getLastNavFragment() -> AddFeedFragment
08-06 15:26:31.892 26883 27639 D DBWriter: updateFeedDownloadURL(original: http://sixgun.org/files/linuxoutlaws.jpg, updated: https://fab.industries/sixgun/files/linuxoutlaws.jpg)
08-06 15:26:31.897 26883 26896 I art     : Explicit concurrent mark sweep GC freed 2788(168KB) AllocSpace objects, 1(20KB) LOS objects, 23% free, 51MB/67MB, paused 2.050ms total 47.108ms
08-06 15:26:31.910 26883 26896 I art     : Starting a blocking GC Explicit
08-06 15:26:31.949 26883 26896 I art     : Explicit concurrent mark sweep GC freed 706(35KB) AllocSpace objects, 0(0B) LOS objects, 23% free, 51MB/67MB, paused 1.662ms total 39.075ms
08-06 15:26:31.961 26883 26896 I art     : Starting a blocking GC Explicit
08-06 15:26:32.002 26883 26896 I art     : Explicit concurrent mark sweep GC freed 129(8KB) AllocSpace objects, 0(0B) LOS objects, 23% free, 51MB/67MB, paused 1.468ms total 40.957ms
08-06 15:26:32.016 26883 26896 I art     : Starting a blocking GC Explicit
08-06 15:26:32.031 26883 27639 D MYTAG   : interceptor 2a
08-06 15:26:32.031 26883 27639 I NAPPA_EXPERIMENTATION: MetricNetworkRequestExecutionTime: REQUEST_DURATION_SYSTEM='212',REQUEST_DURATION_OKHTTP='133',REQUEST_SYNCHRONOUS='TRUE',RESPONSE_CODE='404',RESPONSE_METHOD='GET',RESPONSE_LENGTH_OKHTTP='-1',RESPONSE_LENGTH_HEADER='1503',REQUEST_PROTOCOL='h2',REQUEST_URL='https://fab.industries/sixgun/files/linuxoutlaws.jpg',
08-06 15:26:32.032 26883 26883 W Glide   : Load failed for http://sixgun.org/files/linuxoutlaws.jpg with size [224x224]
08-06 15:26:32.032 26883 26883 W Glide   : class com.bumptech.glide.load.engine.GlideException: Failed to load resource
08-06 15:26:32.032 26883 26883 W Glide   : There was 1 cause:
08-06 15:26:32.032 26883 26883 W Glide   : com.bumptech.glide.load.HttpException()
08-06 15:26:32.032 26883 26883 W Glide   :  call GlideException#logRootCauses(String) for more detail
08-06 15:26:32.032 26883 26883 W Glide   :   Cause (1 of 1): class com.bumptech.glide.load.engine.GlideException: Fetching data failed, class java.io.InputStream, REMOTE
08-06 15:26:32.032 26883 26883 W Glide   : There was 1 cause:
08-06 15:26:32.032 26883 26883 W Glide   : com.bumptech.glide.load.HttpException()
08-06 15:26:32.032 26883 26883 W Glide   :  call GlideException#logRootCauses(String) for more detail
08-06 15:26:32.032 26883 26883 W Glide   :     Cause (1 of 1): class com.bumptech.glide.load.HttpException: 
08-06 15:26:32.032 26883 26883 I Glide   : Root cause (1 of 1)
08-06 15:26:32.032 26883 26883 I Glide   : com.bumptech.glide.load.HttpException: 
08-06 15:26:32.032 26883 26883 I Glide   : 	at com.bumptech.glide.integration.okhttp3.OkHttpStreamFetcher.onResponse(OkHttpStreamFetcher.java:73)
08-06 15:26:32.032 26883 26883 I Glide   : 	at okhttp3.RealCall$AsyncCall.execute(RealCall.java:174)
08-06 15:26:32.032 26883 26883 I Glide   : 	at okhttp3.internal.NamedRunnable.run(NamedRunnable.java:32)
08-06 15:26:32.032 26883 26883 I Glide   : 	at java.util.concurrent.ThreadPoolExecutor.runWorker(ThreadPoolExecutor.java:1113)
08-06 15:26:32.032 26883 26883 I Glide   : 	at java.util.concurrent.ThreadPoolExecutor$Worker.run(ThreadPoolExecutor.java:588)
08-06 15:26:32.032 26883 26883 I Glide   : 	at java.lang.Thread.run(Thread.java:818)
08-06 15:26:32.033 26883 26883 W Glide   : Load failed for http://sixgun.org/files/linuxoutlaws.jpg with size [224x224]
08-06 15:26:32.033 26883 26883 W Glide   : class com.bumptech.glide.load.engine.GlideException: Failed to load resource
08-06 15:26:32.033 26883 26883 W Glide   : There was 1 cause:
08-06 15:26:32.033 26883 26883 W Glide   : com.bumptech.glide.load.HttpException()
08-06 15:26:32.033 26883 26883 W Glide   :  call GlideException#logRootCauses(String) for more detail
08-06 15:26:32.033 26883 26883 W Glide   :   Cause (1 of 1): class com.bumptech.glide.load.engine.GlideException: Fetching data failed, class java.io.InputStream, REMOTE
08-06 15:26:32.033 26883 26883 W Glide   : There was 1 cause:
08-06 15:26:32.033 26883 26883 W Glide   : com.bumptech.glide.load.HttpException()
08-06 15:26:32.033 26883 26883 W Glide   :  call GlideException#logRootCauses(String) for more detail
08-06 15:26:32.033 26883 26883 W Glide   :     Cause (1 of 1): class com.bumptech.glide.load.HttpException: 
08-06 15:26:32.033 26883 26883 I Glide   : Root cause (1 of 1)
08-06 15:26:32.033 26883 26883 I Glide   : com.bumptech.glide.load.HttpException: 
08-06 15:26:32.033 26883 26883 I Glide   : 	at com.bumptech.glide.integration.okhttp3.OkHttpStreamFetcher.onResponse(OkHttpStreamFetcher.java:73)
08-06 15:26:32.033 26883 26883 I Glide   : 	at okhttp3.RealCall$AsyncCall.execute(RealCall.java:174)
08-06 15:26:32.033 26883 26883 I Glide   : 	at okhttp3.internal.NamedRunnable.run(NamedRunnable.java:32)
08-06 15:26:32.033 26883 26883 I Glide   : 	at java.util.concurrent.ThreadPoolExecutor.runWorker(ThreadPoolExecutor.java:1113)
08-06 15:26:32.033 26883 26883 I Glide   : 	at java.util.concurrent.ThreadPoolExecutor$Worker.run(ThreadPoolExecutor.java:588)
08-06 15:26:32.033 26883 26883 I Glide   : 	at java.lang.Thread.run(Thread.java:818)
08-06 15:26:32.059 26883 26896 I art     : Explicit concurrent mark sweep GC freed 418(69KB) AllocSpace objects, 0(0B) LOS objects, 23% free, 51MB/67MB, paused 1.801ms total 42.678ms
08-06 15:26:32.071 26883 26896 I art     : Starting a blocking GC Explicit
08-06 15:26:32.113 26883 26896 I art     : Explicit concurrent mark sweep GC freed 177(7KB) AllocSpace objects, 0(0B) LOS objects, 23% free, 51MB/67MB, paused 1.474ms total 41.820ms
08-06 15:26:32.152   380   380 W SurfaceFlinger: couldn't log to binary event log: overflow.
08-06 15:26:32.465 26883 26895 I art     : Starting a blocking GC Explicit
08-06 15:26:32.515 26883 26895 I art     : Explicit concurrent mark sweep GC freed 1995(108KB) AllocSpace objects, 1(20KB) LOS objects, 23% free, 51MB/67MB, paused 1.587ms total 49.352ms
08-06 15:26:32.528 26883 26895 I art     : Starting a blocking GC Explicit
08-06 15:26:32.574 26883 26895 I art     : Explicit concurrent mark sweep GC freed 2883(236KB) AllocSpace objects, 1(28KB) LOS objects, 23% free, 50MB/66MB, paused 1.502ms total 45.256ms
08-06 15:26:32.587 26883 26895 I art     : Starting a blocking GC Explicit
08-06 15:26:32.632 26883 26895 I art     : Explicit concurrent mark sweep GC freed 3(96B) AllocSpace objects, 0(0B) LOS objects, 23% free, 50MB/66MB, paused 1.586ms total 44.408ms
08-06 15:26:32.645 26883 26895 I art     : Starting a blocking GC Explicit
08-06 15:26:32.688 26883 26895 I art     : Explicit concurrent mark sweep GC freed 3(96B) AllocSpace objects, 0(0B) LOS objects, 23% free, 50MB/66MB, paused 1.608ms total 42.898ms
08-06 15:26:32.700 26883 26895 I art     : Starting a blocking GC Explicit
08-06 15:26:32.742 26883 26895 I art     : Explicit concurrent mark sweep GC freed 32(880B) AllocSpace objects, 0(0B) LOS objects, 23% free, 50MB/66MB, paused 1.541ms total 41.210ms
08-06 15:26:33.105 26883 26912 I art     : Starting a blocking GC Explicit
08-06 15:26:33.150 26883 26912 I art     : Explicit concurrent mark sweep GC freed 1383(81KB) AllocSpace objects, 1(20KB) LOS objects, 23% free, 50MB/66MB, paused 1.592ms total 44.292ms
08-06 15:26:33.163 26883 26912 I art     : Starting a blocking GC Explicit
08-06 15:26:33.204 26883 26912 I art     : Explicit concurrent mark sweep GC freed 23(752B) AllocSpace objects, 0(0B) LOS objects, 23% free, 50MB/66MB, paused 1.583ms total 41.358ms
08-06 15:26:33.217 26883 26912 I art     : Starting a blocking GC Explicit
08-06 15:26:33.260 26883 26912 I art     : Explicit concurrent mark sweep GC freed 3(96B) AllocSpace objects, 0(0B) LOS objects, 23% free, 50MB/66MB, paused 1.586ms total 42.715ms
08-06 15:26:33.272 26883 26912 I art     : Starting a blocking GC Explicit
08-06 15:26:33.315 26883 26912 I art     : Explicit concurrent mark sweep GC freed 3(96B) AllocSpace objects, 0(0B) LOS objects, 23% free, 50MB/66MB, paused 1.609ms total 42.321ms
08-06 15:26:33.328 26883 26912 I art     : Starting a blocking GC Explicit
08-06 15:26:33.370 26883 26912 I art     : Explicit concurrent mark sweep GC freed 3(96B) AllocSpace objects, 0(0B) LOS objects, 23% free, 50MB/66MB, paused 1.592ms total 41.925ms
08-06 15:26:33.587 30137 30137 D AndroidRuntime: >>>>>> START com.android.internal.os.RuntimeInit uid 2000 <<<<<<
08-06 15:26:33.593 30137 30137 D AndroidRuntime: CheckJNI is OFF
08-06 15:26:33.633 30137 30137 D ICU     : No timezone override file found: /data/misc/zoneinfo/current/icu/icu_tzdata.dat
08-06 15:26:33.675 30137 30137 I Radio-JNI: register_android_hardware_Radio DONE
08-06 15:26:33.705 30137 30137 D AndroidRuntime: Calling main entry com.android.commands.input.Input
08-06 15:26:33.707 30137 30137 I Input   : injectKeyEvent: KeyEvent { action=ACTION_DOWN, keyCode=KEYCODE_BACK, scanCode=0, metaState=0, flags=0x0, repeatCount=0, eventTime=890810119, downTime=890810119, deviceId=-1, source=0x101 }
08-06 15:26:33.712 30137 30137 I Input   : injectKeyEvent: KeyEvent { action=ACTION_UP, keyCode=KEYCODE_BACK, scanCode=0, metaState=0, flags=0x0, repeatCount=0, eventTime=890810119, downTime=890810119, deviceId=-1, source=0x101 }
08-06 15:26:33.733 30137 30137 D AndroidRuntime: Shutting down VM
08-06 15:26:33.751 26883 26912 I art     : Starting a blocking GC Explicit
08-06 15:26:33.796 26883 26912 I art     : Explicit concurrent mark sweep GC freed 3607(172KB) AllocSpace objects, 1(20KB) LOS objects, 23% free, 50MB/66MB, paused 1.444ms total 44.153ms
08-06 15:26:33.809 26883 26912 I art     : Starting a blocking GC Explicit
08-06 15:26:33.852 26883 26912 I art     : Explicit concurrent mark sweep GC freed 5360(395KB) AllocSpace objects, 9(1620KB) LOS objects, 24% free, 48MB/64MB, paused 1.596ms total 42.870ms
08-06 15:26:33.865 26883 26912 I art     : Starting a blocking GC Explicit
08-06 15:26:33.906 26883 26912 I art     : Explicit concurrent mark sweep GC freed 23(896B) AllocSpace objects, 0(0B) LOS objects, 24% free, 48MB/64MB, paused 1.580ms total 41.586ms
08-06 15:26:33.919 26883 26912 I art     : Starting a blocking GC Explicit
08-06 15:26:33.961 26883 26912 I art     : Explicit concurrent mark sweep GC freed 3(96B) AllocSpace objects, 0(0B) LOS objects, 24% free, 48MB/64MB, paused 1.670ms total 41.898ms
08-06 15:26:33.974 26883 26912 I art     : Starting a blocking GC Explicit
08-06 15:26:34.017 26883 26912 I art     : Explicit concurrent mark sweep GC freed 3(96B) AllocSpace objects, 0(0B) LOS objects, 24% free, 48MB/64MB, paused 1.567ms total 42.192ms
08-06 15:26:34.378 26883 26896 I art     : Starting a blocking GC Explicit
08-06 15:26:34.430 26883 26896 I art     : Explicit concurrent mark sweep GC freed 1382(82KB) AllocSpace objects, 1(20KB) LOS objects, 24% free, 48MB/64MB, paused 1.757ms total 52.280ms
08-06 15:26:34.443 26883 26896 I art     : Starting a blocking GC Explicit
08-06 15:26:34.486 26883 26896 I art     : Explicit concurrent mark sweep GC freed 23(752B) AllocSpace objects, 0(0B) LOS objects, 24% free, 48MB/64MB, paused 1.589ms total 42.369ms
08-06 15:26:34.499 26883 26896 I art     : Starting a blocking GC Explicit
08-06 15:26:34.541 26883 26896 I art     : Explicit concurrent mark sweep GC freed 3(96B) AllocSpace objects, 0(0B) LOS objects, 24% free, 48MB/64MB, paused 1.582ms total 41.878ms
08-06 15:26:34.554 26883 26896 I art     : Starting a blocking GC Explicit
08-06 15:26:34.597 26883 26896 I art     : Explicit concurrent mark sweep GC freed 3(96B) AllocSpace objects, 0(0B) LOS objects, 24% free, 48MB/64MB, paused 1.606ms total 42.307ms
08-06 15:26:34.610 26883 26896 I art     : Starting a blocking GC Explicit
08-06 15:26:34.652 26883 26896 I art     : Explicit concurrent mark sweep GC freed 3(96B) AllocSpace objects, 0(0B) LOS objects, 24% free, 48MB/64MB, paused 1.606ms total 41.814ms
08-06 15:26:35.031 26883 26895 I art     : Starting a blocking GC Explicit
08-06 15:26:35.073 26883 26895 I art     : Explicit concurrent mark sweep GC freed 1410(82KB) AllocSpace objects, 1(20KB) LOS objects, 24% free, 48MB/64MB, paused 1.522ms total 41.764ms
08-06 15:26:35.086 26883 26895 I art     : Starting a blocking GC Explicit
08-06 15:26:35.126 26883 26895 I art     : Explicit concurrent mark sweep GC freed 23(752B) AllocSpace objects, 0(0B) LOS objects, 24% free, 48MB/64MB, paused 1.555ms total 39.851ms
08-06 15:26:35.139 26883 26895 I art     : Starting a blocking GC Explicit
08-06 15:26:35.179 26883 26895 I art     : Explicit concurrent mark sweep GC freed 3(96B) AllocSpace objects, 0(0B) LOS objects, 24% free, 48MB/64MB, paused 1.616ms total 39.887ms
08-06 15:26:35.191 26883 26895 I art     : Starting a blocking GC Explicit
08-06 15:26:35.232 26883 26895 I art     : Explicit concurrent mark sweep GC freed 3(96B) AllocSpace objects, 0(0B) LOS objects, 24% free, 48MB/64MB, paused 1.620ms total 39.952ms
08-06 15:26:35.244 26883 26895 I art     : Starting a blocking GC Explicit
08-06 15:26:35.285 26883 26895 I art     : Explicit concurrent mark sweep GC freed 3(96B) AllocSpace objects, 0(0B) LOS objects, 24% free, 48MB/64MB, paused 1.593ms total 40.078ms
08-06 15:26:35.520 30180 30180 D AndroidRuntime: >>>>>> START com.android.internal.os.RuntimeInit uid 2000 <<<<<<
08-06 15:26:35.526 30180 30180 D AndroidRuntime: CheckJNI is OFF
08-06 15:26:35.568 30180 30180 D ICU     : No timezone override file found: /data/misc/zoneinfo/current/icu/icu_tzdata.dat
08-06 15:26:35.612 30180 30180 I Radio-JNI: register_android_hardware_Radio DONE
08-06 15:26:35.641 30180 30180 D AndroidRuntime: Calling main entry com.android.commands.input.Input
08-06 15:26:35.644 30180 30180 I Input   : injectMotionEvent: MotionEvent { action=ACTION_DOWN, actionButton=0, id[0]=0, x[0]=603.0, y[0]=1061.0, toolType[0]=TOOL_TYPE_UNKNOWN, buttonState=0, metaState=0, flags=0x0, edgeFlags=0x0, pointerCount=1, historySize=0, eventTime=890812056, downTime=890812056, deviceId=0, source=0x1002 }
08-06 15:26:35.648 26883 26912 I art     : Starting a blocking GC Explicit
08-06 15:26:35.649 30180 30180 I Input   : injectMotionEvent: MotionEvent { action=ACTION_UP, actionButton=0, id[0]=0, x[0]=603.0, y[0]=1061.0, toolType[0]=TOOL_TYPE_UNKNOWN, buttonState=0, metaState=0, flags=0x0, edgeFlags=0x0, pointerCount=1, historySize=0, eventTime=890812056, downTime=890812056, deviceId=0, source=0x1002 }
08-06 15:26:35.652 30180 30180 D AndroidRuntime: Shutting down VM
08-06 15:26:35.663   512  2967 D audio_hw_primary: out_set_parameters: enter: usecase(1: low-latency-playback) kvpairs: routing=2
08-06 15:26:35.677   512  2967 D audio_hw_primary: select_devices: out_snd_device(2: speaker) in_snd_device(0: none)
08-06 15:26:35.677   512  2967 D msm8974_platform: platform_send_audio_calibration: sending audio calibration for snd_device(2) acdb_id(15)
08-06 15:26:35.677   512  2967 I soundtrigger: audio_extn_sound_trigger_update_device_status: device 0x2 of type 0 for Event 1
08-06 15:26:35.688   512  2967 D audio_hw_primary: enable_snd_device: snd_device(2: speaker)
08-06 15:26:35.690   512  2967 D audio_hw_primary: enable_audio_route: apply and update mixer path: low-latency-playback speaker
08-06 15:26:35.693 26883 26912 I art     : Explicit concurrent mark sweep GC freed 2924(149KB) AllocSpace objects, 1(20KB) LOS objects, 24% free, 49MB/65MB, paused 2.286ms total 45.234ms
08-06 15:26:35.706 26883 26912 I art     : Starting a blocking GC Explicit
08-06 15:26:35.747 26883 26912 I art     : Explicit concurrent mark sweep GC freed 1676(64KB) AllocSpace objects, 0(0B) LOS objects, 24% free, 49MB/65MB, paused 1.719ms total 41.257ms
08-06 15:26:35.759 26883 26912 I art     : Starting a blocking GC Explicit
08-06 15:26:35.798 26883 26912 I art     : Explicit concurrent mark sweep GC freed 1625(82KB) AllocSpace objects, 1(220KB) LOS objects, 24% free, 49MB/65MB, paused 1.774ms total 38.494ms
08-06 15:26:35.799 26883 29238 I NAPPA_EXPERIMENTATION: MetricNetworkRequestExecutionTime: REQUEST_DURATION_SYSTEM='113',REQUEST_DURATION_OKHTTP='112',REQUEST_SYNCHRONOUS='TRUE',RESPONSE_CODE='200',RESPONSE_METHOD='GET',RESPONSE_LENGTH_OKHTTP='2923',RESPONSE_LENGTH_HEADER='2923',REQUEST_PROTOCOL='http/1.1',REQUEST_URL='https://gpodder.net/api/2/tags/50.json',
08-06 15:26:35.803 26883 30203 I NAPPA_EXPERIMENTATION: MetricNetworkRequestExecutionTime: REQUEST_DURATION_SYSTEM='120',REQUEST_DURATION_OKHTTP='119',REQUEST_SYNCHRONOUS='TRUE',RESPONSE_CODE='200',RESPONSE_METHOD='GET',RESPONSE_LENGTH_OKHTTP='37507',RESPONSE_LENGTH_HEADER='37507',REQUEST_PROTOCOL='http/1.1',REQUEST_URL='https://gpodder.net/toplist/50.json',
08-06 15:26:35.810 26883 26912 I art     : Starting a blocking GC Explicit
08-06 15:26:35.850 26883 26912 I art     : Explicit concurrent mark sweep GC freed 4318(323KB) AllocSpace objects, 2(152KB) LOS objects, 24% free, 49MB/65MB, paused 2.106ms total 40.478ms
08-06 15:26:35.862 26883 27806 D ApOkHttpUrlLoader: buildLoadData() called with: model = [http://sixgun.org/files/linuxoutlaws.jpg], width = [224], height = [224]
08-06 15:26:35.862 26883 26912 I art     : Starting a blocking GC Explicit
08-06 15:26:35.865 26883 27639 D DBReader: getImageAuthentication() called with: imageUrl = [http://sixgun.org/files/linuxoutlaws.jpg]
08-06 15:26:35.871 26883 27639 D ApOkHttpUrlLoader: no credentials for 'http://sixgun.org/files/linuxoutlaws.jpg'
08-06 15:26:35.878 26883 27806 D ApOkHttpUrlLoader: buildLoadData() called with: model = [https://files.thisamericanlife.org/sites/all/themes/thislife/img/tal-name-1400x1400.png], width = [224], height = [224]
08-06 15:26:35.884 26883 27806 D ApOkHttpUrlLoader: buildLoadData() called with: model = [https://elroy.twit.tv/sites/default/files/styles/twit_album_art_2048x2048/public/images/shows/floss_weekly/album_art/audio/floss_albumart_mask.jpg?itok=IUjxKpwt], width = [224], height = [224]
08-06 15:26:35.890 26883 27806 D ApOkHttpUrlLoader: buildLoadData() called with: model = [http://ichef.bbci.co.uk/images/ic/3000x3000/p07kfvzb.jpg], width = [224], height = [224]
08-06 15:26:35.895 26883 27806 D ApOkHttpUrlLoader: buildLoadData() called with: model = [https://pl.tedcdn.com/rss_feed_images/ted_talks_main_podcast/video.png], width = [224], height = [224]
08-06 15:26:35.901 26883 27639 D DBWriter: updateFeedDownloadURL(original: http://sixgun.org/files/linuxoutlaws.jpg, updated: https://fab.industries/sixgun/files/linuxoutlaws.jpg)
08-06 15:26:35.905 26883 27806 D ApOkHttpUrlLoader: buildLoadData() called with: model = [https://elroy.twit.tv/sites/default/files/styles/twit_album_art_2048x2048/public/images/shows/this_week_in_tech/album_art/audio/twit1400audio.jpg?itok=J0vhatZb], width = [224], height = [224]
08-06 15:26:35.906 26883 26912 I art     : Explicit concurrent mark sweep GC freed 1252(74KB) AllocSpace objects, 1(40KB) LOS objects, 24% free, 50MB/66MB, paused 2.180ms total 43.370ms
08-06 15:26:35.913 26883 27806 D ApOkHttpUrlLoader: buildLoadData() called with: model = [http://ichef.bbci.co.uk/images/ic/3000x3000/p03gtk3j.jpg], width = [224], height = [224]
08-06 15:26:36.044 26883 27639 D MYTAG   : interceptor 2a
08-06 15:26:36.045 26883 27639 I NAPPA_EXPERIMENTATION: MetricNetworkRequestExecutionTime: REQUEST_DURATION_SYSTEM='173',REQUEST_DURATION_OKHTTP='138',REQUEST_SYNCHRONOUS='TRUE',RESPONSE_CODE='404',RESPONSE_METHOD='GET',RESPONSE_LENGTH_OKHTTP='-1',RESPONSE_LENGTH_HEADER='1503',REQUEST_PROTOCOL='h2',REQUEST_URL='https://fab.industries/sixgun/files/linuxoutlaws.jpg',
08-06 15:26:36.046 26883 26883 W Glide   : Load failed for http://sixgun.org/files/linuxoutlaws.jpg with size [224x224]
08-06 15:26:36.046 26883 26883 W Glide   : class com.bumptech.glide.load.engine.GlideException: Failed to load resource
08-06 15:26:36.046 26883 26883 W Glide   : There was 1 cause:
08-06 15:26:36.046 26883 26883 W Glide   : com.bumptech.glide.load.HttpException()
08-06 15:26:36.046 26883 26883 W Glide   :  call GlideException#logRootCauses(String) for more detail
08-06 15:26:36.046 26883 26883 W Glide   :   Cause (1 of 1): class com.bumptech.glide.load.engine.GlideException: Fetching data failed, class java.io.InputStream, REMOTE
08-06 15:26:36.046 26883 26883 W Glide   : There was 1 cause:
08-06 15:26:36.046 26883 26883 W Glide   : com.bumptech.glide.load.HttpException()
08-06 15:26:36.046 26883 26883 W Glide   :  call GlideException#logRootCauses(String) for more detail
08-06 15:26:36.046 26883 26883 W Glide   :     Cause (1 of 1): class com.bumptech.glide.load.HttpException: 
08-06 15:26:36.046 26883 26883 I Glide   : Root cause (1 of 1)
08-06 15:26:36.046 26883 26883 I Glide   : com.bumptech.glide.load.HttpException: 
08-06 15:26:36.046 26883 26883 I Glide   : 	at com.bumptech.glide.integration.okhttp3.OkHttpStreamFetcher.onResponse(OkHttpStreamFetcher.java:73)
08-06 15:26:36.046 26883 26883 I Glide   : 	at okhttp3.RealCall$AsyncCall.execute(RealCall.java:174)
08-06 15:26:36.046 26883 26883 I Glide   : 	at okhttp3.internal.NamedRunnable.run(NamedRunnable.java:32)
08-06 15:26:36.046 26883 26883 I Glide   : 	at java.util.concurrent.ThreadPoolExecutor.runWorker(ThreadPoolExecutor.java:1113)
08-06 15:26:36.046 26883 26883 I Glide   : 	at java.util.concurrent.ThreadPoolExecutor$Worker.run(ThreadPoolExecutor.java:588)
08-06 15:26:36.046 26883 26883 I Glide   : 	at java.lang.Thread.run(Thread.java:818)
08-06 15:26:36.047 26883 26883 W Glide   : Load failed for http://sixgun.org/files/linuxoutlaws.jpg with size [224x224]
08-06 15:26:36.047 26883 26883 W Glide   : class com.bumptech.glide.load.engine.GlideException: Failed to load resource
08-06 15:26:36.047 26883 26883 W Glide   : There was 1 cause:
08-06 15:26:36.047 26883 26883 W Glide   : com.bumptech.glide.load.HttpException()
08-06 15:26:36.047 26883 26883 W Glide   :  call GlideException#logRootCauses(String) for more detail
08-06 15:26:36.047 26883 26883 W Glide   :   Cause (1 of 1): class com.bumptech.glide.load.engine.GlideException: Fetching data failed, class java.io.InputStream, REMOTE
08-06 15:26:36.047 26883 26883 W Glide   : There was 1 cause:
08-06 15:26:36.047 26883 26883 W Glide   : com.bumptech.glide.load.HttpException()
08-06 15:26:36.047 26883 26883 W Glide   :  call GlideException#logRootCauses(String) for more detail
08-06 15:26:36.047 26883 26883 W Glide   :     Cause (1 of 1): class com.bumptech.glide.load.HttpException: 
08-06 15:26:36.047 26883 26883 I Glide   : Root cause (1 of 1)
08-06 15:26:36.047 26883 26883 I Glide   : com.bumptech.glide.load.HttpException: 
08-06 15:26:36.047 26883 26883 I Glide   : 	at com.bumptech.glide.integration.okhttp3.OkHttpStreamFetcher.onResponse(OkHttpStreamFetcher.java:73)
08-06 15:26:36.047 26883 26883 I Glide   : 	at okhttp3.RealCall$AsyncCall.execute(RealCall.java:174)
08-06 15:26:36.047 26883 26883 I Glide   : 	at okhttp3.internal.NamedRunnable.run(NamedRunnable.java:32)
08-06 15:26:36.047 26883 26883 I Glide   : 	at java.util.concurrent.ThreadPoolExecutor.runWorker(ThreadPoolExecutor.java:1113)
08-06 15:26:36.047 26883 26883 I Glide   : 	at java.util.concurrent.ThreadPoolExecutor$Worker.run(ThreadPoolExecutor.java:588)
08-06 15:26:36.047 26883 26883 I Glide   : 	at java.lang.Thread.run(Thread.java:818)
08-06 15:26:36.219   512  2967 D audio_hw_primary: disable_audio_route: reset and update mixer path: low-latency-playback speaker
08-06 15:26:36.221   512  2967 D audio_hw_primary: disable_snd_device: snd_device(2: speaker)
08-06 15:26:36.230   512  2967 I soundtrigger: audio_extn_sound_trigger_update_device_status: device 0x2 of type 0 for Event 0
08-06 15:26:36.244 26883 28644 I art     : Starting a blocking GC Explicit
08-06 15:26:36.291 26883 28644 I art     : Explicit concurrent mark sweep GC freed 2915(194KB) AllocSpace objects, 1(20KB) LOS objects, 23% free, 50MB/66MB, paused 1.501ms total 46.593ms
08-06 15:26:36.305 26883 28644 I art     : Starting a blocking GC Explicit
08-06 15:26:36.350 26883 28644 I art     : Explicit concurrent mark sweep GC freed 86(3KB) AllocSpace objects, 0(0B) LOS objects, 23% free, 50MB/66MB, paused 1.873ms total 44.624ms
08-06 15:26:36.363 26883 28644 I art     : Starting a blocking GC Explicit
08-06 15:26:36.408 26883 28644 I art     : Explicit concurrent mark sweep GC freed 3(96B) AllocSpace objects, 0(0B) LOS objects, 23% free, 50MB/66MB, paused 1.556ms total 44.498ms
08-06 15:26:36.422 26883 28644 I art     : Starting a blocking GC Explicit
08-06 15:26:36.467 26883 28644 I art     : Explicit concurrent mark sweep GC freed 3(96B) AllocSpace objects, 0(0B) LOS objects, 23% free, 50MB/66MB, paused 1.789ms total 44.556ms
08-06 15:26:36.480 26883 28644 I art     : Starting a blocking GC Explicit
08-06 15:26:36.521 26883 28644 I art     : Explicit concurrent mark sweep GC freed 3(96B) AllocSpace objects, 0(0B) LOS objects, 23% free, 50MB/66MB, paused 1.518ms total 40.717ms
08-06 15:26:36.895 26883 26896 I art     : Starting a blocking GC Explicit
08-06 15:26:36.954 26883 26896 I art     : Explicit concurrent mark sweep GC freed 1427(82KB) AllocSpace objects, 1(20KB) LOS objects, 23% free, 50MB/66MB, paused 1.719ms total 59.245ms
08-06 15:26:36.971 26883 26896 I art     : Starting a blocking GC Explicit
08-06 15:26:37.016 26883 26896 I art     : Explicit concurrent mark sweep GC freed 23(752B) AllocSpace objects, 0(0B) LOS objects, 23% free, 50MB/66MB, paused 1.568ms total 44.632ms
08-06 15:26:37.029 26883 26896 I art     : Starting a blocking GC Explicit
08-06 15:26:37.074 26883 26896 I art     : Explicit concurrent mark sweep GC freed 3(96B) AllocSpace objects, 0(0B) LOS objects, 23% free, 50MB/66MB, paused 1.604ms total 44.628ms
08-06 15:26:37.087 26883 26896 I art     : Starting a blocking GC Explicit
08-06 15:26:37.132 26883 26896 I art     : Explicit concurrent mark sweep GC freed 3(96B) AllocSpace objects, 0(0B) LOS objects, 23% free, 50MB/66MB, paused 1.578ms total 44.576ms
08-06 15:26:37.145 26883 26896 I art     : Starting a blocking GC Explicit
08-06 15:26:37.190 26883 26896 I art     : Explicit concurrent mark sweep GC freed 3(96B) AllocSpace objects, 0(0B) LOS objects, 23% free, 50MB/66MB, paused 1.655ms total 44.613ms
08-06 15:26:37.583 26883 26895 I art     : Starting a blocking GC Explicit
08-06 15:26:37.631 26883 26895 I art     : Explicit concurrent mark sweep GC freed 1420(82KB) AllocSpace objects, 1(20KB) LOS objects, 23% free, 50MB/66MB, paused 1.532ms total 47.816ms
08-06 15:26:37.645 26883 26895 I art     : Starting a blocking GC Explicit
08-06 15:26:37.690 26883 26895 I art     : Explicit concurrent mark sweep GC freed 51(1680B) AllocSpace objects, 0(0B) LOS objects, 23% free, 50MB/66MB, paused 1.743ms total 44.365ms
08-06 15:26:37.703 26883 26895 I art     : Starting a blocking GC Explicit
08-06 15:26:37.747 26883 26895 I art     : Explicit concurrent mark sweep GC freed 36(1008B) AllocSpace objects, 0(0B) LOS objects, 23% free, 50MB/66MB, paused 1.599ms total 43.977ms
08-06 15:26:37.761 26883 26895 I art     : Starting a blocking GC Explicit
08-06 15:26:37.807 26883 26895 I art     : Explicit concurrent mark sweep GC freed 3(96B) AllocSpace objects, 0(0B) LOS objects, 23% free, 50MB/66MB, paused 1.641ms total 45.402ms
08-06 15:26:37.820 26883 26895 I art     : Starting a blocking GC Explicit
08-06 15:26:37.871 26883 26895 I art     : Explicit concurrent mark sweep GC freed 3(96B) AllocSpace objects, 0(0B) LOS objects, 23% free, 50MB/66MB, paused 1.647ms total 50.986ms
08-06 15:26:38.111 29768 29768 I ServiceManager: Waiting for service AtCmdFwd...
08-06 15:26:38.275 26883 26912 I art     : Starting a blocking GC Explicit
08-06 15:26:38.338 26883 26912 I art     : Explicit concurrent mark sweep GC freed 1381(81KB) AllocSpace objects, 1(20KB) LOS objects, 23% free, 50MB/66MB, paused 1.752ms total 62.038ms
08-06 15:26:38.355 26883 26912 I art     : Starting a blocking GC Explicit
08-06 15:26:38.404 26883 26912 I art     : Explicit concurrent mark sweep GC freed 23(752B) AllocSpace objects, 0(0B) LOS objects, 23% free, 50MB/66MB, paused 1.755ms total 49.190ms
08-06 15:26:38.421 26883 26912 I art     : Starting a blocking GC Explicit
08-06 15:26:38.470 26883 26912 I art     : Explicit concurrent mark sweep GC freed 3(96B) AllocSpace objects, 0(0B) LOS objects, 23% free, 50MB/66MB, paused 1.685ms total 48.854ms
08-06 15:26:38.484 26883 26912 I art     : Starting a blocking GC Explicit
08-06 15:26:38.533 26883 26912 I art     : Explicit concurrent mark sweep GC freed 3(96B) AllocSpace objects, 0(0B) LOS objects, 23% free, 50MB/66MB, paused 1.723ms total 49.622ms
08-06 15:26:38.551 26883 26912 I art     : Starting a blocking GC Explicit
08-06 15:26:38.598 26883 26912 I art     : Explicit concurrent mark sweep GC freed 3(96B) AllocSpace objects, 0(0B) LOS objects, 23% free, 50MB/66MB, paused 1.721ms total 46.878ms
08-06 15:26:38.995 26883 28644 I art     : Starting a blocking GC Explicit
08-06 15:26:39.057 26883 28644 I art     : Explicit concurrent mark sweep GC freed 1410(81KB) AllocSpace objects, 1(20KB) LOS objects, 23% free, 50MB/66MB, paused 1.775ms total 61.885ms
08-06 15:26:39.074 26883 28644 I art     : Starting a blocking GC Explicit
08-06 15:26:39.112 29768 29768 I ServiceManager: Waiting for service AtCmdFwd...
08-06 15:26:39.123 26883 28644 I art     : Explicit concurrent mark sweep GC freed 23(752B) AllocSpace objects, 0(0B) LOS objects, 23% free, 50MB/66MB, paused 1.768ms total 48.562ms
08-06 15:26:39.140 26883 28644 I art     : Starting a blocking GC Explicit
08-06 15:26:39.189 26883 28644 I art     : Explicit concurrent mark sweep GC freed 3(96B) AllocSpace objects, 0(0B) LOS objects, 23% free, 50MB/66MB, paused 1.893ms total 48.707ms
08-06 15:26:39.206 26883 28644 I art     : Starting a blocking GC Explicit
08-06 15:26:39.255 26883 28644 I art     : Explicit concurrent mark sweep GC freed 3(96B) AllocSpace objects, 0(0B) LOS objects, 23% free, 50MB/66MB, paused 1.729ms total 48.888ms
08-06 15:26:39.269 26883 28644 I art     : Starting a blocking GC Explicit
08-06 15:26:39.316 26883 28644 I art     : Explicit concurrent mark sweep GC freed 3(96B) AllocSpace objects, 0(0B) LOS objects, 23% free, 50MB/66MB, paused 1.662ms total 47.213ms
08-06 15:26:39.716 26883 26896 I art     : Starting a blocking GC Explicit
08-06 15:26:39.777 26883 26896 I art     : Explicit concurrent mark sweep GC freed 1411(82KB) AllocSpace objects, 1(20KB) LOS objects, 23% free, 50MB/66MB, paused 1.740ms total 59.755ms
08-06 15:26:39.793 26883 26896 I art     : Starting a blocking GC Explicit
08-06 15:26:39.843 26883 26896 I art     : Explicit concurrent mark sweep GC freed 23(752B) AllocSpace objects, 0(0B) LOS objects, 23% free, 50MB/66MB, paused 1.933ms total 49.547ms
08-06 15:26:39.860 26883 26896 I art     : Starting a blocking GC Explicit
08-06 15:26:39.908 26883 26896 I art     : Explicit concurrent mark sweep GC freed 3(96B) AllocSpace objects, 0(0B) LOS objects, 23% free, 50MB/66MB, paused 1.782ms total 46.830ms
08-06 15:26:39.925 26883 26896 I art     : Starting a blocking GC Explicit
08-06 15:26:39.975 26883 26896 I art     : Explicit concurrent mark sweep GC freed 3(96B) AllocSpace objects, 0(0B) LOS objects, 23% free, 50MB/66MB, paused 1.730ms total 49.775ms
08-06 15:26:39.988 26883 26896 I art     : Starting a blocking GC Explicit
08-06 15:26:40.038 26883 26896 I art     : Explicit concurrent mark sweep GC freed 3(96B) AllocSpace objects, 0(0B) LOS objects, 23% free, 50MB/66MB, paused 1.747ms total 48.931ms
08-06 15:26:40.113 29768 29768 I ServiceManager: Waiting for service AtCmdFwd...
08-06 15:26:40.444 26883 28019 I art     : Starting a blocking GC Explicit
08-06 15:26:40.508 26883 28019 I art     : Explicit concurrent mark sweep GC freed 1384(81KB) AllocSpace objects, 1(20KB) LOS objects, 23% free, 50MB/66MB, paused 1.792ms total 63.034ms
08-06 15:26:40.524 26883 28019 I art     : Starting a blocking GC Explicit
08-06 15:26:40.570 26883 28019 I art     : Explicit concurrent mark sweep GC freed 23(752B) AllocSpace objects, 0(0B) LOS objects, 23% free, 50MB/66MB, paused 1.526ms total 46.471ms
08-06 15:26:40.584 26883 28019 I art     : Starting a blocking GC Explicit
08-06 15:26:40.632 26883 28019 I art     : Explicit concurrent mark sweep GC freed 3(96B) AllocSpace objects, 0(0B) LOS objects, 23% free, 50MB/66MB, paused 1.662ms total 47.677ms
08-06 15:26:40.646 26883 28019 I art     : Starting a blocking GC Explicit
08-06 15:26:40.694 26883 28019 I art     : Explicit concurrent mark sweep GC freed 3(96B) AllocSpace objects, 0(0B) LOS objects, 23% free, 50MB/66MB, paused 1.661ms total 47.685ms
08-06 15:26:40.707 26883 28019 I art     : Starting a blocking GC Explicit
08-06 15:26:40.757 26883 28019 I art     : Explicit concurrent mark sweep GC freed 32(880B) AllocSpace objects, 0(0B) LOS objects, 23% free, 50MB/66MB, paused 1.761ms total 49.821ms
08-06 15:26:41.114 29768 29768 I ServiceManager: Waiting for service AtCmdFwd...
08-06 15:26:41.160 26883 26895 I art     : Starting a blocking GC Explicit
08-06 15:26:41.219 26883 26895 I art     : Explicit concurrent mark sweep GC freed 1381(81KB) AllocSpace objects, 1(20KB) LOS objects, 23% free, 50MB/66MB, paused 1.831ms total 58.292ms
08-06 15:26:41.236 26883 26895 I art     : Starting a blocking GC Explicit
08-06 15:26:41.286 26883 26895 I art     : Explicit concurrent mark sweep GC freed 23(752B) AllocSpace objects, 0(0B) LOS objects, 23% free, 50MB/66MB, paused 1.577ms total 50.183ms
08-06 15:26:41.300 26883 26895 I art     : Starting a blocking GC Explicit
08-06 15:26:41.349 26883 26895 I art     : Explicit concurrent mark sweep GC freed 3(96B) AllocSpace objects, 0(0B) LOS objects, 23% free, 50MB/66MB, paused 1.791ms total 48.544ms
08-06 15:26:41.362 26883 26895 I art     : Starting a blocking GC Explicit
08-06 15:26:41.410 26883 26895 I art     : Explicit concurrent mark sweep GC freed 3(96B) AllocSpace objects, 0(0B) LOS objects, 23% free, 50MB/66MB, paused 1.569ms total 47.381ms
08-06 15:26:41.424 26883 26895 I art     : Starting a blocking GC Explicit
08-06 15:26:41.473 26883 26895 I art     : Explicit concurrent mark sweep GC freed 3(96B) AllocSpace objects, 0(0B) LOS objects, 23% free, 50MB/66MB, paused 1.646ms total 48.857ms
08-06 15:26:41.876 26883 26912 I art     : Starting a blocking GC Explicit
08-06 15:26:41.931 26883 26912 I art     : Explicit concurrent mark sweep GC freed 1410(81KB) AllocSpace objects, 1(20KB) LOS objects, 23% free, 50MB/66MB, paused 1.578ms total 53.999ms
08-06 15:26:41.944 26883 26912 I art     : Starting a blocking GC Explicit
08-06 15:26:41.986 26883 26912 I art     : Explicit concurrent mark sweep GC freed 23(752B) AllocSpace objects, 0(0B) LOS objects, 23% free, 50MB/66MB, paused 1.525ms total 41.499ms
08-06 15:26:41.999 26883 26912 I art     : Starting a blocking GC Explicit
08-06 15:26:42.040 26883 26912 I art     : Explicit concurrent mark sweep GC freed 3(96B) AllocSpace objects, 0(0B) LOS objects, 23% free, 50MB/66MB, paused 1.574ms total 41.455ms
08-06 15:26:42.053 26883 26912 I art     : Starting a blocking GC Explicit
08-06 15:26:42.097 26883 26912 I art     : Explicit concurrent mark sweep GC freed 3(96B) AllocSpace objects, 0(0B) LOS objects, 23% free, 50MB/66MB, paused 1.635ms total 43.077ms
08-06 15:26:42.110 26883 26912 I art     : Starting a blocking GC Explicit
08-06 15:26:42.115 29768 29768 I ServiceManager: Waiting for service AtCmdFwd...
08-06 15:26:42.157 26883 26912 I art     : Explicit concurrent mark sweep GC freed 3(96B) AllocSpace objects, 0(0B) LOS objects, 23% free, 50MB/66MB, paused 1.651ms total 46.327ms
08-06 15:26:42.454 30297 30297 D AndroidRuntime: >>>>>> START com.android.internal.os.RuntimeInit uid 2000 <<<<<<
08-06 15:26:42.460 30297 30297 D AndroidRuntime: CheckJNI is OFF
08-06 15:26:42.506 30297 30297 D ICU     : No timezone override file found: /data/misc/zoneinfo/current/icu/icu_tzdata.dat
08-06 15:26:42.530 26883 28644 I art     : Starting a blocking GC Explicit
08-06 15:26:42.553 30297 30297 I Radio-JNI: register_android_hardware_Radio DONE
08-06 15:26:42.577 26883 28644 I art     : Explicit concurrent mark sweep GC freed 1381(81KB) AllocSpace objects, 1(20KB) LOS objects, 23% free, 50MB/66MB, paused 1.595ms total 46.230ms
08-06 15:26:42.584 30297 30297 D AndroidRuntime: Calling main entry com.android.commands.input.Input
08-06 15:26:42.586 30297 30297 I Input   : injectMotionEvent: MotionEvent { action=ACTION_DOWN, actionButton=0, id[0]=0, x[0]=526.0, y[0]=597.0, toolType[0]=TOOL_TYPE_UNKNOWN, buttonState=0, metaState=0, flags=0x0, edgeFlags=0x0, pointerCount=1, historySize=0, eventTime=890818999, downTime=890818999, deviceId=0, source=0x1002 }
08-06 15:26:42.590 26883 28644 I art     : Starting a blocking GC Explicit
08-06 15:26:42.594 30297 30297 I Input   : injectMotionEvent: MotionEvent { action=ACTION_UP, actionButton=0, id[0]=0, x[0]=526.0, y[0]=597.0, toolType[0]=TOOL_TYPE_UNKNOWN, buttonState=0, metaState=0, flags=0x0, edgeFlags=0x0, pointerCount=1, historySize=0, eventTime=890818999, downTime=890818999, deviceId=0, source=0x1002 }
08-06 15:26:42.596 30297 30297 D AndroidRuntime: Shutting down VM
08-06 15:26:42.633 26883 28644 I art     : Explicit concurrent mark sweep GC freed 43(1392B) AllocSpace objects, 0(0B) LOS objects, 23% free, 50MB/66MB, paused 1.657ms total 42.862ms
08-06 15:26:42.647 26883 28644 I art     : Starting a blocking GC Explicit
08-06 15:26:42.660 26883 26883 D PodcastListFragment: Selected podcast: GpodnetPodcast [url=http://feeds.feedburner.com/linuxoutlaws, title=Linux Outlaws, description=Two pragmatic geeks talk about the latest news concerning Linux, free and open
08-06 15:26:42.660 26883 26883 D PodcastListFragment: technology or anything else they deem noteworthy which may include such absurd
08-06 15:26:42.660 26883 26883 D PodcastListFragment: things as hockey or bands you never heard of. This means there's many a joke
08-06 15:26:42.660 26883 26883 D PodcastListFragment: and derailed conversation along the way, so don't come here expecting only
08-06 15:26:42.660 26883 26883 D PodcastListFragment: Linux or software freedom talk  just sit back and relax, partner., subscribers=3321, logoUrl=http://sixgun.org/files/linuxoutlaws.jpg, website=http://sixgun.org, mygpoLink=http://gpodder.net/podcast/linux-outlaws-mp3]
08-06 15:26:42.661   918  4400 I ActivityManager: START u0 {cmp=baseline.de.danoeh.antennapod.debug/baseline.de.danoeh.antennapod.activity.OnlineFeedViewActivity (has extras)} from uid 10711 on display 0
08-06 15:26:42.662   512  2967 D audio_hw_primary: out_set_parameters: enter: usecase(1: low-latency-playback) kvpairs: routing=2
08-06 15:26:42.676   512  2967 D audio_hw_primary: select_devices: out_snd_device(2: speaker) in_snd_device(0: none)
08-06 15:26:42.676   512  2967 D msm8974_platform: platform_send_audio_calibration: sending audio calibration for snd_device(2) acdb_id(15)
08-06 15:26:42.676   512  2967 I soundtrigger: audio_extn_sound_trigger_update_device_status: device 0x2 of type 0 for Event 1
08-06 15:26:42.689   512  2967 D audio_hw_primary: enable_snd_device: snd_device(2: speaker)
08-06 15:26:42.691 26883 28644 I art     : Explicit concurrent mark sweep GC freed 501(36KB) AllocSpace objects, 0(0B) LOS objects, 23% free, 50MB/66MB, paused 2.281ms total 43.392ms
08-06 15:26:42.692   512  2967 D audio_hw_primary: enable_audio_route: apply and update mixer path: low-latency-playback speaker
08-06 15:26:42.697 26883 26883 D UserPreferences: Using default data folder
08-06 15:26:42.698 26883 26883 D OnlineFeedViewActivity: Activity was started with url http://feeds.feedburner.com/linuxoutlaws
08-06 15:26:42.703 26883 26883 D OnlineFeedViewActivity: Starting feed download
08-06 15:26:42.707 26883 28644 I art     : Starting a blocking GC Explicit
08-06 15:26:42.710 26883 27435 D DBReader: Extracting Feedlist
08-06 15:26:42.712   918  3670 D WifiService: acquireWifiLockLocked: WifiLock{Downloader type=1 binder=android.os.BinderProxy@cdf1989}
08-06 15:26:42.713 26883 27435 D AntennapodHttpClient: Creating new instance of HTTP client
08-06 15:26:42.745 26883 28644 I art     : Explicit concurrent mark sweep GC freed 830(66KB) AllocSpace objects, 0(0B) LOS objects, 23% free, 50MB/66MB, paused 1.554ms total 38.096ms
08-06 15:26:42.758 26883 28644 I art     : Starting a blocking GC Explicit
08-06 15:26:42.759 13866 13866 I GoogleInputMethodServic: GoogleInputMethodService.onFinishInput():3138 
08-06 15:26:42.759 13866 13866 I GoogleInputMethodServic: GoogleInputMethodService.onStartInput():1808 
08-06 15:26:42.779   918   936 I ActivityManager: Displayed baseline.de.danoeh.antennapod.debug/baseline.de.danoeh.antennapod.activity.OnlineFeedViewActivity: +108ms
08-06 15:26:42.800 26883 28644 I art     : Explicit concurrent mark sweep GC freed 406(17KB) AllocSpace objects, 0(0B) LOS objects, 23% free, 50MB/66MB, paused 1.827ms total 42.066ms
08-06 15:26:42.818 26883 26904 D OpenGLRenderer: endAllStagingAnimators on 0x7f7c450000 (GridView) with handle 0x7f7c47f300
08-06 15:26:42.856 26883 27435 D MYTAG   : interceptor 3a http://feeds.feedburner.com/linuxoutlaws
08-06 15:26:42.856 26883 27435 I NAPPA_EXPERIMENTATION: MetricNetworkRequestExecutionTime: REQUEST_DURATION_SYSTEM='142',REQUEST_DURATION_OKHTTP='34',REQUEST_SYNCHRONOUS='TRUE',RESPONSE_CODE='200',RESPONSE_METHOD='GET',RESPONSE_LENGTH_OKHTTP='-1',RESPONSE_LENGTH_HEADER='-2',REQUEST_PROTOCOL='http/1.1',REQUEST_URL='http://feeds.feedburner.com/linuxoutlaws',
08-06 15:26:42.856 26883 27435 D HttpDownloader: Response code is 200
08-06 15:26:42.856 26883 27435 D UserPreferences: Using default data folder
08-06 15:26:42.858 26883 27435 D HttpDownloader: Getting size of download
08-06 15:26:42.858 26883 27435 D HttpDownloader: Size is -1
08-06 15:26:42.858 26883 27435 D UserPreferences: Using default data folder
08-06 15:26:42.859 26883 27435 D HttpDownloader: Free space is 20249591808
08-06 15:26:42.859 26883 27435 D HttpDownloader: Starting download
08-06 15:26:42.861 26883 27435 D HttpDownloader: Download was successful
08-06 15:26:42.862   918  3961 D WifiService: releaseWifiLockLocked: WifiLock{Downloader type=1 binder=android.os.BinderProxy@cdf1989}
08-06 15:26:42.863 26883 26883 D OnlineFeedViewActivity: Parsing feed
08-06 15:26:42.865 26883 30321 D TypeGetter: Recognized type RSS 2.0
08-06 15:26:42.867 26883 30321 D SyndHandler: Recognized Content namespace
08-06 15:26:42.867 26883 30321 D SyndHandler: Recognized DublinCore namespace
08-06 15:26:42.868 26883 30321 D SyndHandler: Recognized Atom namespace
08-06 15:26:42.868 26883 30321 D SyndHandler: Recognized ITunes namespace
08-06 15:26:42.868 26883 30321 D SyndHandler: Recognized media namespace
08-06 15:26:42.904 26883 30321 D OnlineFeedViewActivity: Deleted feed source file. Result: true
08-06 15:26:42.904 26883 26883 D OnlineFeedViewActivity: Removing HTML from shownotes
08-06 15:26:42.927 26883 27806 D ApOkHttpUrlLoader: buildLoadData() called with: model = [http://sixgun.org/files/linuxoutlaws.jpg], width = [350], height = [350]
08-06 15:26:42.929 26883 27639 D DBReader: getImageAuthentication() called with: imageUrl = [http://sixgun.org/files/linuxoutlaws.jpg]
08-06 15:26:42.935 26883 27639 D ApOkHttpUrlLoader: no credentials for 'http://sixgun.org/files/linuxoutlaws.jpg'
08-06 15:26:42.968 26883 27639 D DBWriter: updateFeedDownloadURL(original: http://sixgun.org/files/linuxoutlaws.jpg, updated: https://fab.industries/sixgun/files/linuxoutlaws.jpg)
08-06 15:26:43.030   380   380 W SurfaceFlinger: couldn't log to binary event log: overflow.
08-06 15:26:43.113 26883 27639 D MYTAG   : interceptor 2a
08-06 15:26:43.113 26883 27639 I NAPPA_EXPERIMENTATION: MetricNetworkRequestExecutionTime: REQUEST_DURATION_SYSTEM='178',REQUEST_DURATION_OKHTTP='142',REQUEST_SYNCHRONOUS='TRUE',RESPONSE_CODE='404',RESPONSE_METHOD='GET',RESPONSE_LENGTH_OKHTTP='-1',RESPONSE_LENGTH_HEADER='1503',REQUEST_PROTOCOL='h2',REQUEST_URL='https://fab.industries/sixgun/files/linuxoutlaws.jpg',
08-06 15:26:43.115 26883 26883 W Glide   : Load failed for http://sixgun.org/files/linuxoutlaws.jpg with size [350x350]
08-06 15:26:43.115 26883 26883 W Glide   : class com.bumptech.glide.load.engine.GlideException: Failed to load resource
08-06 15:26:43.115 26883 26883 W Glide   : There was 1 cause:
08-06 15:26:43.115 26883 26883 W Glide   : com.bumptech.glide.load.HttpException()
08-06 15:26:43.115 26883 26883 W Glide   :  call GlideException#logRootCauses(String) for more detail
08-06 15:26:43.115 26883 26883 W Glide   :   Cause (1 of 1): class com.bumptech.glide.load.engine.GlideException: Fetching data failed, class java.io.InputStream, REMOTE
08-06 15:26:43.115 26883 26883 W Glide   : There was 1 cause:
08-06 15:26:43.115 26883 26883 W Glide   : com.bumptech.glide.load.HttpException()
08-06 15:26:43.115 26883 26883 W Glide   :  call GlideException#logRootCauses(String) for more detail
08-06 15:26:43.115 26883 26883 W Glide   :     Cause (1 of 1): class com.bumptech.glide.load.HttpException: 
08-06 15:26:43.115 26883 26883 I Glide   : Root cause (1 of 1)
08-06 15:26:43.115 26883 26883 I Glide   : com.bumptech.glide.load.HttpException: 
08-06 15:26:43.115 26883 26883 I Glide   : 	at com.bumptech.glide.integration.okhttp3.OkHttpStreamFetcher.onResponse(OkHttpStreamFetcher.java:73)
08-06 15:26:43.115 26883 26883 I Glide   : 	at okhttp3.RealCall$AsyncCall.execute(RealCall.java:174)
08-06 15:26:43.115 26883 26883 I Glide   : 	at okhttp3.internal.NamedRunnable.run(NamedRunnable.java:32)
08-06 15:26:43.115 26883 26883 I Glide   : 	at java.util.concurrent.ThreadPoolExecutor.runWorker(ThreadPoolExecutor.java:1113)
08-06 15:26:43.115 26883 26883 I Glide   : 	at java.util.concurrent.ThreadPoolExecutor$Worker.run(ThreadPoolExecutor.java:588)
08-06 15:26:43.115 26883 26883 I Glide   : 	at java.lang.Thread.run(Thread.java:818)
08-06 15:26:43.116 29768 29768 W Atfwd_Sendcmd: AtCmdFwd service not published, waiting... retryCnt : 3
08-06 15:26:43.131 26883 26895 I art     : Starting a blocking GC Explicit
08-06 15:26:43.174 26883 26883 D PlaybackController: Releasing PlaybackController
08-06 15:26:43.183 26883 26895 I art     : Explicit concurrent mark sweep GC freed 7834(906KB) AllocSpace objects, 15(828KB) LOS objects, 23% free, 51MB/67MB, paused 2.360ms total 51.276ms
08-06 15:26:43.199 26883 26895 I art     : Starting a blocking GC Explicit
08-06 15:26:43.228   512  2967 D audio_hw_primary: disable_audio_route: reset and update mixer path: low-latency-playback speaker
08-06 15:26:43.229   512  2967 D audio_hw_primary: disable_snd_device: snd_device(2: speaker)
08-06 15:26:43.237   512  2967 I soundtrigger: audio_extn_sound_trigger_update_device_status: device 0x2 of type 0 for Event 0
08-06 15:26:43.242 26883 26895 I art     : Explicit concurrent mark sweep GC freed 1241(55KB) AllocSpace objects, 1(112KB) LOS objects, 23% free, 50MB/66MB, paused 1.616ms total 42.618ms
08-06 15:26:43.255 26883 26895 I art     : Starting a blocking GC Explicit
08-06 15:26:43.259   918  3261 D WifiStateMachine: starting scan for "H369AA63323"WPA_PSK with 2412,5180
08-06 15:26:43.298 26883 26895 I art     : Explicit concurrent mark sweep GC freed 19(640B) AllocSpace objects, 0(0B) LOS objects, 23% free, 50MB/66MB, paused 1.682ms total 43.219ms
08-06 15:26:43.312 26883 26895 I art     : Starting a blocking GC Explicit
08-06 15:26:43.357 26883 26895 I art     : Explicit concurrent mark sweep GC freed 3(96B) AllocSpace objects, 0(0B) LOS objects, 23% free, 50MB/66MB, paused 1.585ms total 44.688ms
08-06 15:26:43.370 26883 26895 I art     : Starting a blocking GC Explicit
08-06 15:26:43.416 26883 26895 I art     : Explicit concurrent mark sweep GC freed 3(96B) AllocSpace objects, 0(0B) LOS objects, 23% free, 50MB/66MB, paused 1.820ms total 45.299ms
08-06 15:26:43.788 26883 28644 I art     : Starting a blocking GC Explicit
08-06 15:26:43.849 26883 28644 I art     : Explicit concurrent mark sweep GC freed 1410(81KB) AllocSpace objects, 1(20KB) LOS objects, 23% free, 51MB/67MB, paused 1.760ms total 60.120ms
08-06 15:26:43.865 26883 28644 I art     : Starting a blocking GC Explicit
08-06 15:26:43.912 26883 28644 I art     : Explicit concurrent mark sweep GC freed 23(768B) AllocSpace objects, 0(0B) LOS objects, 23% free, 50MB/66MB, paused 1.568ms total 46.047ms
08-06 15:26:43.925 26883 28644 I art     : Starting a blocking GC Explicit
08-06 15:26:43.971 26883 28644 I art     : Explicit concurrent mark sweep GC freed 3(96B) AllocSpace objects, 0(0B) LOS objects, 23% free, 50MB/66MB, paused 1.612ms total 45.751ms
08-06 15:26:43.985 26883 28644 I art     : Starting a blocking GC Explicit
08-06 15:26:44.031 26883 28644 I art     : Explicit concurrent mark sweep GC freed 3(96B) AllocSpace objects, 0(0B) LOS objects, 23% free, 50MB/66MB, paused 1.608ms total 46.266ms
08-06 15:26:44.045 26883 28644 I art     : Starting a blocking GC Explicit
08-06 15:26:44.091 26883 28644 I art     : Explicit concurrent mark sweep GC freed 3(96B) AllocSpace objects, 0(0B) LOS objects, 23% free, 50MB/66MB, paused 1.622ms total 45.854ms
08-06 15:26:44.493 26883 26912 I art     : Starting a blocking GC Explicit
08-06 15:26:44.551 26883 26912 I art     : Explicit concurrent mark sweep GC freed 1386(81KB) AllocSpace objects, 1(20KB) LOS objects, 23% free, 51MB/67MB, paused 1.516ms total 57.786ms
08-06 15:26:44.566 26883 26912 I art     : Starting a blocking GC Explicit
08-06 15:26:44.605 26883 26912 I art     : Explicit concurrent mark sweep GC freed 29(944B) AllocSpace objects, 0(0B) LOS objects, 23% free, 50MB/66MB, paused 1.421ms total 39.702ms
08-06 15:26:44.620 26883 26912 I art     : Starting a blocking GC Explicit
08-06 15:26:44.664 26883 26912 I art     : Explicit concurrent mark sweep GC freed 9(288B) AllocSpace objects, 0(0B) LOS objects, 23% free, 50MB/66MB, paused 1.573ms total 43.816ms
08-06 15:26:44.677 26883 26912 I art     : Starting a blocking GC Explicit
08-06 15:26:44.723 26883 26912 I art     : Explicit concurrent mark sweep GC freed 11(352B) AllocSpace objects, 0(0B) LOS objects, 23% free, 51MB/67MB, paused 1.536ms total 45.308ms
08-06 15:26:44.737 26883 26912 I art     : Starting a blocking GC Explicit
08-06 15:26:44.782 26883 26912 I art     : Explicit concurrent mark sweep GC freed 37(1040B) AllocSpace objects, 0(0B) LOS objects, 23% free, 50MB/66MB, paused 1.513ms total 44.600ms
08-06 15:26:45.186 26883 28019 I art     : Starting a blocking GC Explicit
08-06 15:26:45.250 26883 28019 I art     : Explicit concurrent mark sweep GC freed 1381(81KB) AllocSpace objects, 1(20KB) LOS objects, 23% free, 51MB/67MB, paused 2.084ms total 63.487ms
08-06 15:26:45.266 26883 28019 I art     : Starting a blocking GC Explicit
08-06 15:26:45.315 26883 28019 I art     : Explicit concurrent mark sweep GC freed 23(752B) AllocSpace objects, 0(0B) LOS objects, 23% free, 50MB/66MB, paused 1.724ms total 48.791ms
08-06 15:26:45.329 26883 28019 I art     : Starting a blocking GC Explicit
08-06 15:26:45.380 26883 28019 I art     : Explicit concurrent mark sweep GC freed 3(96B) AllocSpace objects, 0(0B) LOS objects, 23% free, 50MB/66MB, paused 1.713ms total 50.862ms
08-06 15:26:45.394 26883 28019 I art     : Starting a blocking GC Explicit
08-06 15:26:45.442 26883 28019 I art     : Explicit concurrent mark sweep GC freed 3(96B) AllocSpace objects, 0(0B) LOS objects, 23% free, 50MB/66MB, paused 1.628ms total 47.581ms
08-06 15:26:45.456 26883 28019 I art     : Starting a blocking GC Explicit
08-06 15:26:45.507 26883 28019 I art     : Explicit concurrent mark sweep GC freed 3(96B) AllocSpace objects, 0(0B) LOS objects, 23% free, 50MB/66MB, paused 1.721ms total 50.750ms
08-06 15:26:45.900 26883 26895 I art     : Starting a blocking GC Explicit
08-06 15:26:45.952 26883 26895 I art     : Explicit concurrent mark sweep GC freed 1410(81KB) AllocSpace objects, 1(20KB) LOS objects, 23% free, 51MB/67MB, paused 1.691ms total 51.067ms
08-06 15:26:45.966 26883 26895 I art     : Starting a blocking GC Explicit
08-06 15:26:46.018 26883 26895 I art     : Explicit concurrent mark sweep GC freed 23(752B) AllocSpace objects, 0(0B) LOS objects, 23% free, 50MB/66MB, paused 1.866ms total 52.200ms
08-06 15:26:46.037 26883 26895 I art     : Starting a blocking GC Explicit
08-06 15:26:46.085 26883 26895 I art     : Explicit concurrent mark sweep GC freed 3(96B) AllocSpace objects, 0(0B) LOS objects, 23% free, 50MB/66MB, paused 1.666ms total 47.883ms
08-06 15:26:46.099 26883 26895 I art     : Starting a blocking GC Explicit
08-06 15:26:46.149 26883 26895 I art     : Explicit concurrent mark sweep GC freed 3(96B) AllocSpace objects, 0(0B) LOS objects, 23% free, 50MB/66MB, paused 1.770ms total 50.317ms
08-06 15:26:46.163 26883 26895 I art     : Starting a blocking GC Explicit
08-06 15:26:46.212 26883 26895 I art     : Explicit concurrent mark sweep GC freed 3(96B) AllocSpace objects, 0(0B) LOS objects, 23% free, 50MB/66MB, paused 1.664ms total 48.803ms
08-06 15:26:46.612 26883 26896 I art     : Starting a blocking GC Explicit
08-06 15:26:46.675 26883 26896 I art     : Explicit concurrent mark sweep GC freed 1382(83KB) AllocSpace objects, 1(20KB) LOS objects, 23% free, 50MB/66MB, paused 1.753ms total 62.580ms
08-06 15:26:46.692 26883 26896 I art     : Starting a blocking GC Explicit
08-06 15:26:46.741 26883 26896 I art     : Explicit concurrent mark sweep GC freed 52(1536B) AllocSpace objects, 0(0B) LOS objects, 23% free, 50MB/66MB, paused 1.739ms total 49.465ms
08-06 15:26:46.755 26883 26896 I art     : Starting a blocking GC Explicit
08-06 15:26:46.804 26883 26896 I art     : Explicit concurrent mark sweep GC freed 3(96B) AllocSpace objects, 0(0B) LOS objects, 23% free, 50MB/66MB, paused 1.686ms total 48.685ms
08-06 15:26:46.818 26883 26896 I art     : Starting a blocking GC Explicit
08-06 15:26:46.866 26883 26896 I art     : Explicit concurrent mark sweep GC freed 3(96B) AllocSpace objects, 0(0B) LOS objects, 23% free, 50MB/66MB, paused 1.588ms total 47.648ms
08-06 15:26:46.880 26883 26896 I art     : Starting a blocking GC Explicit
08-06 15:26:46.924 26883 26896 I art     : Explicit concurrent mark sweep GC freed 3(96B) AllocSpace objects, 0(0B) LOS objects, 23% free, 50MB/66MB, paused 1.663ms total 43.523ms
08-06 15:26:47.302 26883 28644 I art     : Starting a blocking GC Explicit
08-06 15:26:47.356 26883 28644 I art     : Explicit concurrent mark sweep GC freed 1382(82KB) AllocSpace objects, 1(20KB) LOS objects, 23% free, 50MB/66MB, paused 1.731ms total 53.581ms
08-06 15:26:47.370 26883 28644 I art     : Starting a blocking GC Explicit
08-06 15:26:47.399 30382 30382 D AndroidRuntime: >>>>>> START com.android.internal.os.RuntimeInit uid 2000 <<<<<<
08-06 15:26:47.405 30382 30382 D AndroidRuntime: CheckJNI is OFF
08-06 15:26:47.416 26883 28644 I art     : Explicit concurrent mark sweep GC freed 23(752B) AllocSpace objects, 0(0B) LOS objects, 23% free, 50MB/66MB, paused 1.643ms total 45.735ms
08-06 15:26:47.429 26883 28644 I art     : Starting a blocking GC Explicit
08-06 15:26:47.452 30382 30382 D ICU     : No timezone override file found: /data/misc/zoneinfo/current/icu/icu_tzdata.dat
08-06 15:26:47.476 26883 28644 I art     : Explicit concurrent mark sweep GC freed 3(96B) AllocSpace objects, 0(0B) LOS objects, 23% free, 50MB/66MB, paused 1.776ms total 46.188ms
08-06 15:26:47.489 26883 28644 I art     : Starting a blocking GC Explicit
08-06 15:26:47.500 30382 30382 I Radio-JNI: register_android_hardware_Radio DONE
08-06 15:26:47.529 30382 30382 D AndroidRuntime: Calling main entry com.android.commands.input.Input
08-06 15:26:47.531 30382 30382 I Input   : injectKeyEvent: KeyEvent { action=ACTION_DOWN, keyCode=KEYCODE_BACK, scanCode=0, metaState=0, flags=0x0, repeatCount=0, eventTime=890823944, downTime=890823944, deviceId=-1, source=0x101 }
08-06 15:26:47.534 26883 28644 I art     : Explicit concurrent mark sweep GC freed 3(96B) AllocSpace objects, 0(0B) LOS objects, 23% free, 50MB/66MB, paused 1.721ms total 45.418ms
08-06 15:26:47.539 30382 30382 I Input   : injectKeyEvent: KeyEvent { action=ACTION_UP, keyCode=KEYCODE_BACK, scanCode=0, metaState=0, flags=0x0, repeatCount=0, eventTime=890823944, downTime=890823944, deviceId=-1, source=0x101 }
08-06 15:26:47.547 30382 30382 D AndroidRuntime: Shutting down VM
08-06 15:26:47.547 26883 28644 I art     : Starting a blocking GC Explicit
08-06 15:26:47.552 26883 26883 V PlaybackController: initServiceNotRunning()
08-06 15:26:47.553 26883 26883 D ExternalPlayerFragment: Loading media info
08-06 15:26:47.553 26883 27806 D ApOkHttpUrlLoader: buildLoadData() called with: model = [http://sixgun.org/files/linuxoutlaws.jpg], width = [224], height = [224]
08-06 15:26:47.555 26883 27639 D DBReader: getImageAuthentication() called with: imageUrl = [http://sixgun.org/files/linuxoutlaws.jpg]
08-06 15:26:47.558 26883 27639 D ApOkHttpUrlLoader: no credentials for 'http://sixgun.org/files/linuxoutlaws.jpg'
08-06 15:26:47.559 26883 26883 D UserPreferences: Using default data folder
08-06 15:26:47.559 26883 27435 D DBReader: getNavDrawerData() called with: 
08-06 15:26:47.572 26883 27435 D DBReader: getDownloadedItems() called
08-06 15:26:47.573 26883 27435 D DBReader: getFavoriteIDList() called
08-06 15:26:47.574 26883 27435 D DBReader: getQueueIDList() called
08-06 15:26:47.575 26883 27435 D DBReader: Extracting Feedlist
08-06 15:26:47.589 26883 28644 I art     : Explicit concurrent mark sweep GC freed 902(65KB) AllocSpace objects, 0(0B) LOS objects, 23% free, 51MB/67MB, paused 1.683ms total 41.451ms
08-06 15:26:47.594 13866 13866 I GoogleInputMethodServic: GoogleInputMethodService.onFinishInput():3138 
08-06 15:26:47.594 26883 26883 D MainActivity: getLastNavFragment() -> AddFeedFragment
08-06 15:26:47.595 13866 13866 I GoogleInputMethodServic: GoogleInputMethodService.onStartInput():1808 
08-06 15:26:47.662 26883 27639 D DBWriter: updateFeedDownloadURL(original: http://sixgun.org/files/linuxoutlaws.jpg, updated: https://fab.industries/sixgun/files/linuxoutlaws.jpg)
08-06 15:26:47.803 26883 27639 D MYTAG   : interceptor 2a
08-06 15:26:47.803 26883 27639 I NAPPA_EXPERIMENTATION: MetricNetworkRequestExecutionTime: REQUEST_DURATION_SYSTEM='244',REQUEST_DURATION_OKHTTP='138',REQUEST_SYNCHRONOUS='TRUE',RESPONSE_CODE='404',RESPONSE_METHOD='GET',RESPONSE_LENGTH_OKHTTP='-1',RESPONSE_LENGTH_HEADER='1503',REQUEST_PROTOCOL='h2',REQUEST_URL='https://fab.industries/sixgun/files/linuxoutlaws.jpg',
08-06 15:26:47.807 26883 26883 W Glide   : Load failed for http://sixgun.org/files/linuxoutlaws.jpg with size [224x224]
08-06 15:26:47.807 26883 26883 W Glide   : class com.bumptech.glide.load.engine.GlideException: Failed to load resource
08-06 15:26:47.807 26883 26883 W Glide   : There was 1 cause:
08-06 15:26:47.807 26883 26883 W Glide   : com.bumptech.glide.load.HttpException()
08-06 15:26:47.807 26883 26883 W Glide   :  call GlideException#logRootCauses(String) for more detail
08-06 15:26:47.807 26883 26883 W Glide   :   Cause (1 of 1): class com.bumptech.glide.load.engine.GlideException: Fetching data failed, class java.io.InputStream, REMOTE
08-06 15:26:47.807 26883 26883 W Glide   : There was 1 cause:
08-06 15:26:47.807 26883 26883 W Glide   : com.bumptech.glide.load.HttpException()
08-06 15:26:47.807 26883 26883 W Glide   :  call GlideException#logRootCauses(String) for more detail
08-06 15:26:47.807 26883 26883 W Glide   :     Cause (1 of 1): class com.bumptech.glide.load.HttpException: 
08-06 15:26:47.808 26883 26883 I Glide   : Root cause (1 of 1)
08-06 15:26:47.808 26883 26883 I Glide   : com.bumptech.glide.load.HttpException: 
08-06 15:26:47.808 26883 26883 I Glide   : 	at com.bumptech.glide.integration.okhttp3.OkHttpStreamFetcher.onResponse(OkHttpStreamFetcher.java:73)
08-06 15:26:47.808 26883 26883 I Glide   : 	at okhttp3.RealCall$AsyncCall.execute(RealCall.java:174)
08-06 15:26:47.808 26883 26883 I Glide   : 	at okhttp3.internal.NamedRunnable.run(NamedRunnable.java:32)
08-06 15:26:47.808 26883 26883 I Glide   : 	at java.util.concurrent.ThreadPoolExecutor.runWorker(ThreadPoolExecutor.java:1113)
08-06 15:26:47.808 26883 26883 I Glide   : 	at java.util.concurrent.ThreadPoolExecutor$Worker.run(ThreadPoolExecutor.java:588)
08-06 15:26:47.808 26883 26883 I Glide   : 	at java.lang.Thread.run(Thread.java:818)
08-06 15:26:47.808 26883 26883 W Glide   : Load failed for http://sixgun.org/files/linuxoutlaws.jpg with size [224x224]
08-06 15:26:47.808 26883 26883 W Glide   : class com.bumptech.glide.load.engine.GlideException: Failed to load resource
08-06 15:26:47.808 26883 26883 W Glide   : There was 1 cause:
08-06 15:26:47.808 26883 26883 W Glide   : com.bumptech.glide.load.HttpException()
08-06 15:26:47.808 26883 26883 W Glide   :  call GlideException#logRootCauses(String) for more detail
08-06 15:26:47.808 26883 26883 W Glide   :   Cause (1 of 1): class com.bumptech.glide.load.engine.GlideException: Fetching data failed, class java.io.InputStream, REMOTE
08-06 15:26:47.808 26883 26883 W Glide   : There was 1 cause:
08-06 15:26:47.808 26883 26883 W Glide   : com.bumptech.glide.load.HttpException()
08-06 15:26:47.808 26883 26883 W Glide   :  call GlideException#logRootCauses(String) for more detail
08-06 15:26:47.808 26883 26883 W Glide   :     Cause (1 of 1): class com.bumptech.glide.load.HttpException: 
08-06 15:26:47.808 26883 26883 I Glide   : Root cause (1 of 1)
08-06 15:26:47.808 26883 26883 I Glide   : com.bumptech.glide.load.HttpException: 
08-06 15:26:47.808 26883 26883 I Glide   : 	at com.bumptech.glide.integration.okhttp3.OkHttpStreamFetcher.onResponse(OkHttpStreamFetcher.java:73)
08-06 15:26:47.808 26883 26883 I Glide   : 	at okhttp3.RealCall$AsyncCall.execute(RealCall.java:174)
08-06 15:26:47.808 26883 26883 I Glide   : 	at okhttp3.internal.NamedRunnable.run(NamedRunnable.java:32)
08-06 15:26:47.808 26883 26883 I Glide   : 	at java.util.concurrent.ThreadPoolExecutor.runWorker(ThreadPoolExecutor.java:1113)
08-06 15:26:47.808 26883 26883 I Glide   : 	at java.util.concurrent.ThreadPoolExecutor$Worker.run(ThreadPoolExecutor.java:588)
08-06 15:26:47.808 26883 26883 I Glide   : 	at java.lang.Thread.run(Thread.java:818)
08-06 15:26:47.901   380   380 W SurfaceFlinger: couldn't log to binary event log: overflow.
08-06 15:26:47.933 26883 26896 I art     : Starting a blocking GC Explicit
08-06 15:26:47.974 26883 26896 I art     : Explicit concurrent mark sweep GC freed 3707(239KB) AllocSpace objects, 1(20KB) LOS objects, 23% free, 51MB/67MB, paused 1.474ms total 40.060ms
08-06 15:26:47.986 26883 26896 I art     : Starting a blocking GC Explicit
08-06 15:26:48.025 26883 26896 I art     : Explicit concurrent mark sweep GC freed 3056(247KB) AllocSpace objects, 1(28KB) LOS objects, 23% free, 50MB/66MB, paused 1.537ms total 39.340ms
08-06 15:26:48.038 26883 26896 I art     : Starting a blocking GC Explicit
08-06 15:26:48.081 26883 26896 I art     : Explicit concurrent mark sweep GC freed 3(96B) AllocSpace objects, 0(0B) LOS objects, 23% free, 50MB/66MB, paused 1.595ms total 42.839ms
08-06 15:26:48.094 26883 26896 I art     : Starting a blocking GC Explicit
08-06 15:26:48.140 26883 26896 I art     : Explicit concurrent mark sweep GC freed 3(96B) AllocSpace objects, 0(0B) LOS objects, 23% free, 50MB/66MB, paused 1.813ms total 45.486ms
08-06 15:26:48.154 26883 26896 I art     : Starting a blocking GC Explicit
08-06 15:26:48.199 26883 26896 I art     : Explicit concurrent mark sweep GC freed 3(96B) AllocSpace objects, 0(0B) LOS objects, 23% free, 50MB/66MB, paused 1.663ms total 44.945ms
08-06 15:26:48.580 26883 28019 I art     : Starting a blocking GC Explicit
08-06 15:26:48.637 26883 28019 I art     : Explicit concurrent mark sweep GC freed 1383(81KB) AllocSpace objects, 1(20KB) LOS objects, 23% free, 50MB/66MB, paused 1.773ms total 55.844ms
08-06 15:26:48.655 26883 28019 I art     : Starting a blocking GC Explicit
08-06 15:26:48.700 26883 28019 I art     : Explicit concurrent mark sweep GC freed 23(752B) AllocSpace objects, 0(0B) LOS objects, 23% free, 50MB/66MB, paused 1.677ms total 44.971ms
08-06 15:26:48.713 26883 28019 I art     : Starting a blocking GC Explicit
08-06 15:26:48.758 26883 28019 I art     : Explicit concurrent mark sweep GC freed 32(880B) AllocSpace objects, 0(0B) LOS objects, 23% free, 50MB/66MB, paused 1.764ms total 44.860ms
08-06 15:26:48.772 26883 28019 I art     : Starting a blocking GC Explicit
08-06 15:26:48.815 26883 28019 I art     : Explicit concurrent mark sweep GC freed 3(96B) AllocSpace objects, 0(0B) LOS objects, 23% free, 50MB/66MB, paused 1.708ms total 42.944ms
08-06 15:26:48.828 26883 28019 I art     : Starting a blocking GC Explicit
08-06 15:26:48.869 26883 28019 I art     : Explicit concurrent mark sweep GC freed 3(96B) AllocSpace objects, 0(0B) LOS objects, 23% free, 50MB/66MB, paused 1.685ms total 40.855ms
08-06 15:26:49.223 26883 28644 I art     : Starting a blocking GC Explicit
08-06 15:26:49.267 26883 28644 I art     : Explicit concurrent mark sweep GC freed 1401(81KB) AllocSpace objects, 1(20KB) LOS objects, 23% free, 50MB/66MB, paused 1.622ms total 43.058ms
08-06 15:26:49.279 26883 28644 I art     : Starting a blocking GC Explicit
08-06 15:26:49.321 26883 28644 I art     : Explicit concurrent mark sweep GC freed 35(1136B) AllocSpace objects, 0(0B) LOS objects, 23% free, 50MB/66MB, paused 1.692ms total 41.506ms
08-06 15:26:49.334 26883 28644 I art     : Starting a blocking GC Explicit
08-06 15:26:49.346 30430 30430 D AndroidRuntime: >>>>>> START com.android.internal.os.RuntimeInit uid 2000 <<<<<<
08-06 15:26:49.352 30430 30430 D AndroidRuntime: CheckJNI is OFF
08-06 15:26:49.376 26883 28644 I art     : Explicit concurrent mark sweep GC freed 19(608B) AllocSpace objects, 0(0B) LOS objects, 23% free, 50MB/66MB, paused 1.581ms total 41.769ms
08-06 15:26:49.389 26883 28644 I art     : Starting a blocking GC Explicit
08-06 15:26:49.397 30430 30430 D ICU     : No timezone override file found: /data/misc/zoneinfo/current/icu/icu_tzdata.dat
08-06 15:26:49.429 26883 28644 I art     : Explicit concurrent mark sweep GC freed 13(416B) AllocSpace objects, 0(0B) LOS objects, 23% free, 50MB/66MB, paused 1.582ms total 39.885ms
08-06 15:26:49.441 30430 30430 I Radio-JNI: register_android_hardware_Radio DONE
08-06 15:26:49.442 26883 28644 I art     : Starting a blocking GC Explicit
08-06 15:26:49.470 30430 30430 D AndroidRuntime: Calling main entry com.android.commands.input.Input
08-06 15:26:49.472 30430 30430 I Input   : injectKeyEvent: KeyEvent { action=ACTION_DOWN, keyCode=KEYCODE_BACK, scanCode=0, metaState=0, flags=0x0, repeatCount=0, eventTime=890825885, downTime=890825885, deviceId=-1, source=0x101 }
08-06 15:26:49.480 30430 30430 I Input   : injectKeyEvent: KeyEvent { action=ACTION_UP, keyCode=KEYCODE_BACK, scanCode=0, metaState=0, flags=0x0, repeatCount=0, eventTime=890825885, downTime=890825885, deviceId=-1, source=0x101 }
08-06 15:26:49.482 26883 28644 I art     : Explicit concurrent mark sweep GC freed 10(640B) AllocSpace objects, 0(0B) LOS objects, 23% free, 50MB/66MB, paused 1.470ms total 39.782ms
08-06 15:26:49.504 30430 30430 D AndroidRuntime: Shutting down VM
08-06 15:26:49.823 26883 26896 I art     : Starting a blocking GC Explicit
08-06 15:26:49.882 26883 26896 I art     : Explicit concurrent mark sweep GC freed 3583(172KB) AllocSpace objects, 1(20KB) LOS objects, 23% free, 50MB/66MB, paused 1.763ms total 58.850ms
08-06 15:26:49.898 26883 26896 I art     : Starting a blocking GC Explicit
08-06 15:26:49.942 26883 26896 I art     : Explicit concurrent mark sweep GC freed 5335(394KB) AllocSpace objects, 9(1620KB) LOS objects, 24% free, 48MB/64MB, paused 1.711ms total 43.601ms
08-06 15:26:49.955 26883 26896 I art     : Starting a blocking GC Explicit
08-06 15:26:49.997 26883 26896 I art     : Explicit concurrent mark sweep GC freed 3(96B) AllocSpace objects, 0(0B) LOS objects, 24% free, 48MB/64MB, paused 1.789ms total 42.435ms
08-06 15:26:50.010 26883 26896 I art     : Starting a blocking GC Explicit
08-06 15:26:50.053 26883 26896 I art     : Explicit concurrent mark sweep GC freed 3(96B) AllocSpace objects, 0(0B) LOS objects, 24% free, 48MB/64MB, paused 1.657ms total 42.468ms
08-06 15:26:50.066 26883 26896 I art     : Starting a blocking GC Explicit
08-06 15:26:50.109 26883 26896 I art     : Explicit concurrent mark sweep GC freed 3(96B) AllocSpace objects, 0(0B) LOS objects, 24% free, 48MB/64MB, paused 1.716ms total 42.684ms
08-06 15:26:50.475 26883 28019 I art     : Starting a blocking GC Explicit
08-06 15:26:50.528 26883 28019 I art     : Explicit concurrent mark sweep GC freed 1382(82KB) AllocSpace objects, 1(20KB) LOS objects, 24% free, 48MB/64MB, paused 1.782ms total 52.880ms
08-06 15:26:50.544 26883 28019 I art     : Starting a blocking GC Explicit
08-06 15:26:50.592 26883 28019 I art     : Explicit concurrent mark sweep GC freed 23(752B) AllocSpace objects, 0(0B) LOS objects, 24% free, 48MB/64MB, paused 1.624ms total 47.104ms
08-06 15:26:50.604 26883 28019 I art     : Starting a blocking GC Explicit
08-06 15:26:50.646 26883 28019 I art     : Explicit concurrent mark sweep GC freed 3(96B) AllocSpace objects, 0(0B) LOS objects, 24% free, 48MB/64MB, paused 1.667ms total 41.155ms
08-06 15:26:50.659 26883 28019 I art     : Starting a blocking GC Explicit
08-06 15:26:50.701 26883 28019 I art     : Explicit concurrent mark sweep GC freed 3(96B) AllocSpace objects, 0(0B) LOS objects, 24% free, 48MB/64MB, paused 1.651ms total 42.550ms
08-06 15:26:50.714 26883 28019 I art     : Starting a blocking GC Explicit
08-06 15:26:50.756 26883 28019 I art     : Explicit concurrent mark sweep GC freed 32(880B) AllocSpace objects, 0(0B) LOS objects, 24% free, 48MB/64MB, paused 1.604ms total 41.286ms
08-06 15:26:51.106 26883 28644 I art     : Starting a blocking GC Explicit
08-06 15:26:51.155 26883 28644 I art     : Explicit concurrent mark sweep GC freed 1385(83KB) AllocSpace objects, 1(20KB) LOS objects, 24% free, 48MB/64MB, paused 1.839ms total 49.151ms
08-06 15:26:51.168 26883 28644 I art     : Starting a blocking GC Explicit
08-06 15:26:51.209 26883 28644 I art     : Explicit concurrent mark sweep GC freed 31(1008B) AllocSpace objects, 0(0B) LOS objects, 24% free, 48MB/64MB, paused 1.520ms total 40.840ms
08-06 15:26:51.222 26883 28644 I art     : Starting a blocking GC Explicit
08-06 15:26:51.261 26883 28644 I art     : Explicit concurrent mark sweep GC freed 9(288B) AllocSpace objects, 0(0B) LOS objects, 24% free, 48MB/64MB, paused 1.507ms total 38.998ms
08-06 15:26:51.273 26883 28644 I art     : Starting a blocking GC Explicit
08-06 15:26:51.311 26883 28644 I art     : Explicit concurrent mark sweep GC freed 9(288B) AllocSpace objects, 0(0B) LOS objects, 24% free, 48MB/64MB, paused 1.587ms total 37.781ms
08-06 15:26:51.323 26883 28644 I art     : Starting a blocking GC Explicit
08-06 15:26:51.340 30478 30478 D AndroidRuntime: >>>>>> START com.android.internal.os.RuntimeInit uid 2000 <<<<<<
08-06 15:26:51.345 30478 30478 D AndroidRuntime: CheckJNI is OFF
08-06 15:26:51.363 26883 28644 I art     : Explicit concurrent mark sweep GC freed 8(256B) AllocSpace objects, 0(0B) LOS objects, 24% free, 48MB/64MB, paused 1.645ms total 39.311ms
08-06 15:26:51.392 30478 30478 D ICU     : No timezone override file found: /data/misc/zoneinfo/current/icu/icu_tzdata.dat
08-06 15:26:51.436 30478 30478 I Radio-JNI: register_android_hardware_Radio DONE
08-06 15:26:51.465 30478 30478 D AndroidRuntime: Calling main entry com.android.commands.am.Am
08-06 15:26:51.473   779   779 I Trepn   : Trepn 6.2s: Received intent: com.quicinc.trepn.stop_profiling
08-06 15:26:51.507   779   779 I Trepn   : Trepn 6.2s: Trepn has Stopped Profiling.
08-06 15:26:51.629 30478 30478 D AndroidRuntime: Shutting down VM
08-06 15:26:51.633   918   929 W AppOps  : Finishing op nesting under-run: uid 10078 pkg com.quicinc.trepn code 24 time=0 duration=0 nesting=0
08-06 15:26:51.726 26883 26895 I art     : Starting a blocking GC Explicit
08-06 15:26:51.772 26883 26895 I art     : Explicit concurrent mark sweep GC freed 1409(81KB) AllocSpace objects, 1(20KB) LOS objects, 24% free, 48MB/64MB, paused 1.695ms total 45.957ms
08-06 15:26:51.789 26883 26895 I art     : Starting a blocking GC Explicit
08-06 15:26:51.835 26883 26895 I art     : Explicit concurrent mark sweep GC freed 23(752B) AllocSpace objects, 0(0B) LOS objects, 24% free, 48MB/64MB, paused 1.677ms total 46.324ms
08-06 15:26:51.853 26883 26895 I art     : Starting a blocking GC Explicit
08-06 15:26:51.896 26883 26895 I art     : Explicit concurrent mark sweep GC freed 3(96B) AllocSpace objects, 0(0B) LOS objects, 24% free, 48MB/64MB, paused 1.587ms total 42.247ms
08-06 15:26:51.908 26883 26895 I art     : Starting a blocking GC Explicit
08-06 15:26:51.949 26883 26895 I art     : Explicit concurrent mark sweep GC freed 3(96B) AllocSpace objects, 0(0B) LOS objects, 24% free, 48MB/64MB, paused 1.552ms total 40.732ms
08-06 15:26:51.962 26883 26895 I art     : Starting a blocking GC Explicit
08-06 15:26:52.002 26883 26895 I art     : Explicit concurrent mark sweep GC freed 3(96B) AllocSpace objects, 0(0B) LOS objects, 24% free, 48MB/64MB, paused 1.463ms total 39.405ms
