--------- beginning of main
08-06 17:47:07.121   918  3696 I AccountManagerService: getTypesVisibleToCaller: isPermitted? true
08-06 17:47:07.124 12162 12162 I Finsky  : [1] uah.a(18): PackageMonitorReceiverImpl - Received: android.intent.action.PACKAGE_REMOVED, [CFjXe5fo2ooiLur0Ju3smv2h5qnGgIsGl5_C_SkJu8g]
08-06 17:47:07.125 12162 12162 I Finsky  : [1] ubi.d(9): Invalidating cached PackageState for baseline.de.danoeh.antennapod.debug
08-06 17:47:07.129 24365 13636 I Fitness : FitCleanupIntentOperation received Intent android.intent.action.PACKAGE_REMOVED [CONTEXT service_id=17 ]
08-06 17:47:07.132 12162 12162 I Finsky  : [1] lzi.c(2): Frosting ID looked up on UI thread. Caller should move to a background thread.
08-06 17:47:07.143 12162 12162 I Finsky  : [1] nqb.c(3): Installer: package baseline.de.danoeh.antennapod.debug was removed. replacing: true
08-06 17:47:07.144 12162 12162 I Finsky  : [1] nra.a(188): Installer: Notifying status update. package=baseline.de.danoeh.antennapod.debug, status=UNINSTALLED
08-06 17:47:07.154 12162 13581 I Finsky  : [6981] ejf.a(-1): Cancelled 0 ongoing asset module downloads for package baseline.de.danoeh.antennapod.debug due to a concurrent app update.
08-06 17:47:07.161 12162 12162 I Finsky  : [1] lzi.c(2): Frosting ID looked up on UI thread. Caller should move to a background thread.
08-06 17:47:07.173 12162 12162 I Finsky  : [1] nra.a(220): Installer: found apps to install. isMultiUserMode=false, apps=[]
08-06 17:47:07.175 12162 12269 I Finsky  : [6285] odj.b(52): IQ: Notifying installation update. package=baseline.de.danoeh.antennapod.debug, status=UNINSTALLED
08-06 17:47:07.183 12162 13577 I Finsky  : [6979] lyv.run(-1): Wrote row to frosting DB: 3436
08-06 17:47:07.187  3784  3784 D CarrierServiceBindHelper: Receive action: android.intent.action.PACKAGE_ADDED
08-06 17:47:07.188  3784  3784 D CarrierServiceBindHelper: Receive action: android.intent.action.PACKAGE_REPLACED
08-06 17:47:07.189  3784  3784 D CarrierServiceBindHelper: mHandler: 3
08-06 17:47:07.189  3784  3784 D CarrierServiceBindHelper: mHandler: 3
08-06 17:47:07.189  3784  3784 D CarrierServiceBindHelper: mHandler: 3
08-06 17:47:07.189  3784  3784 D CarrierConfigLoader: mHandler: 9 phoneId: 0
08-06 17:47:07.212 24577 13642 I Auth    : [SupervisedAccountIntentOperation] onHandleIntent(): android.intent.action.PACKAGE_ADDED
08-06 17:47:07.217 24577 13643 I ChromeSync: [Sync,SyncIntentOperation] Handling the intent: Intent { act=android.intent.action.PACKAGE_ADDED dat=package:baseline.de.danoeh.antennapod.debug flg=0x4000010 cmp=com.google.android.gms/.chimera.GmsIntentOperationService (has extras) }.
--------- beginning of system
08-06 17:47:07.221   918  5952 W ActivityManager: Unable to start service Intent { act=com.google.android.gms.auth.key.retrieval.service.START pkg=com.google.android.gms } U=0: not found
08-06 17:47:07.222 12162 12269 I Finsky  : [6285] odj.b(40): IQ: No matching installs to run for jobs: []
08-06 17:47:07.224   918  6110 W ActivityManager: Unbind failed: could not find connection for android.os.BinderProxy@ac7a83b
08-06 17:47:07.224 24577 24621 E GmsClient: unable to connect to service: com.google.android.gms.auth.key.retrieval.service.START on com.google.android.gms
08-06 17:47:07.227 12162 12162 I Finsky  : [1] uah.a(18): PackageMonitorReceiverImpl - Received: android.intent.action.PACKAGE_ADDED, [CFjXe5fo2ooiLur0Ju3smv2h5qnGgIsGl5_C_SkJu8g]
08-06 17:47:07.227 12162 12162 I Finsky  : [1] ubi.d(9): Invalidating cached PackageState for baseline.de.danoeh.antennapod.debug
08-06 17:47:07.234 12162 13577 I Finsky  : [6979] lyv.run(-1): Wrote row to frosting DB: 3437
08-06 17:47:07.246 12162 13577 I Finsky  : [6979] lyv.run(-1): Wrote row to frosting DB: 3438
08-06 17:47:07.247 12162 12162 I Finsky  : [1] lzi.c(2): Frosting ID looked up on UI thread. Caller should move to a background thread.
08-06 17:47:07.284   918  5481 I AccountManagerService: getTypesVisibleToCaller: isPermitted? true
08-06 17:47:07.285 24577 13643 I ChromeSync: [Persistence,AffiliationManager] One of affiliation or grouping data for android://bz0hZa4nAJEtd0n5sRlXG7KAqctUMWVefv7Ki4mh1p6slZ9YO-n9gS9j8m9YCrsIyI2wIxrDHraumF9Y6pBLTA==@baseline.de.danoeh.antennapod.debug/ was not found. Marking affiliation data as stale...
08-06 17:47:07.297 12162 12162 I Finsky  : [1] agsx.a(4): Do not start WearSupportService due to Wear service optimization
08-06 17:47:07.299 12162 13579 I Finsky  : [6980] gzn.a(-1): [ContentSync] finished, scheduled=false
08-06 17:47:07.310 12162 12162 I Finsky  : [1] lzi.c(2): Frosting ID looked up on UI thread. Caller should move to a background thread.
08-06 17:47:07.312 12162 13581 I Finsky  : [6981] ejc.a(-1): Asset module broadcast after update successful for package baseline.de.danoeh.antennapod.debug. 0 sessions broadcast.
08-06 17:47:07.313 24577 13336 I Icing   : IndexChimeraService.getServiceInterface callingPackage=com.google.android.gms componentName=AppsCorpus serviceId=36
08-06 17:47:07.319   918   928 I AccountManagerService: getTypesVisibleToCaller: isPermitted? true
08-06 17:47:07.334 24577  8148 W Icing   : No valid account for uploading user actions
08-06 17:47:07.359 12162 13577 I Finsky  : [6979] lyv.run(-1): Wrote row to frosting DB: 3439
08-06 17:47:07.365   918  5481 I AccountManagerService: getTypesVisibleToCaller: isPermitted? true
08-06 17:47:07.365 24577  8148 I Icing   : Usage reports ok 0, Failed Usage reports 0, indexed 0, rejected 0
08-06 17:47:07.370  9385  9385 I ServiceManager: Waiting for service AtCmdFwd...
08-06 17:47:07.371 24577 13336 I Icing   : IndexChimeraService.getServiceInterface callingPackage=com.google.android.gms componentName=null serviceId=30
08-06 17:47:07.394 24577  8148 I Icing   : Indexing com.google.android.gms-internal.3p:MobileApplication from com.google.android.gms using seqno 763
08-06 17:47:07.397 24577  8148 I Icing   : Indexing com.google.android.gms-internal.3p:MobileApplication from com.google.android.gms using seqno 763
08-06 17:47:07.419 12162 12162 I Finsky  : [1] xmu.a(8): SCH: Jobs in database: 1-1337 3-225 3-226 12-1 24-77777777 26-1414141414 
08-06 17:47:07.421 12162 12162 I Finsky  : [1] xio.a(57): SCH: ConstraintMapping: 24-77777777,  -> L: 0ms, D: 12183506ms, C: false, I: true, N: 0
08-06 17:47:07.421 12162 12162 I Finsky  : [1] xio.a(57): SCH: ConstraintMapping: 1-1337, 12-1,  -> L: 14728ms, D: 58725491ms, C: false, I: false, N: 1
08-06 17:47:07.422 12162 12162 I Finsky  : [1] xio.a(57): SCH: ConstraintMapping: 3-225,  -> L: 0ms, D: 55309435ms, C: false, I: true, N: 2
08-06 17:47:07.422 12162 12162 I Finsky  : [1] xio.a(57): SCH: ConstraintMapping: 3-226,  -> L: 0ms, D: 55309478ms, C: true, I: true, N: 2
08-06 17:47:07.423 12162 12162 I Finsky  : [1] xio.a(57): SCH: ConstraintMapping: 26-1414141414,  -> L: 20306879ms, D: 21206879ms, C: false, I: false, N: 0
08-06 17:47:07.429 12162 13579 I Finsky  : [6980] gzn.a(-1): [ContentSync] finished, scheduled=true
08-06 17:47:07.432 24577  8148 W Icing   : No valid account for uploading user actions
08-06 17:47:07.439 12162 12162 I Finsky  : [1] xle.a(34): Cancelling existing jobscheduler jobs: 9006 9008 9007 9005 9010 9004 9003 9000 9009 9002 
08-06 17:47:07.439 12162 12162 I Finsky  : [1] xle.a(10): Throttling wakeup for job 9001 (expected to run in 0 ms) due to recent wakeup
08-06 17:47:07.440 12162 12162 I Finsky  : [1] xle.a(27): Scheduling job Id: 9001, L: 30000, D: 12183506, C: false, I: true, N: 0
08-06 17:47:07.441 12162 12162 I Finsky  : [1] xle.a(10): Throttling wakeup for job 9011 (expected to run in 14728 ms) due to recent wakeup
08-06 17:47:07.442 12162 12162 I Finsky  : [1] xle.a(27): Scheduling job Id: 9011, L: 30000, D: 58725491, C: false, I: false, N: 1
08-06 17:47:07.443 12162 12162 I Finsky  : [1] xle.a(10): Throttling wakeup for job 9012 (expected to run in 0 ms) due to recent wakeup
08-06 17:47:07.443 12162 12162 I Finsky  : [1] xle.a(27): Scheduling job Id: 9012, L: 30000, D: 55309435, C: false, I: true, N: 2
08-06 17:47:07.443 24577  8148 I Icing   : Usage reports ok 0, Failed Usage reports 0, indexed 0, rejected 0
08-06 17:47:07.445 12162 12162 I Finsky  : [1] xle.a(10): Throttling wakeup for job 9013 (expected to run in 0 ms) due to recent wakeup
08-06 17:47:07.445 12162 12162 I Finsky  : [1] xle.a(27): Scheduling job Id: 9013, L: 30000, D: 55309478, C: true, I: true, N: 2
08-06 17:47:07.447 12162 12162 I Finsky  : [1] xle.a(27): Scheduling job Id: 9014, L: 20306879, D: 21206879, C: false, I: false, N: 0
08-06 17:47:07.448 12162 12162 I Finsky  : [1] xle.a(10): Throttling wakeup for job 9015 (expected to run in 0 ms) due to recent wakeup
08-06 17:47:07.448 12162 12162 I Finsky  : [1] xle.a(27): Scheduling job Id: 9015, L: 30000, D: 12183506, C: false, I: true, N: 0
08-06 17:47:07.449 12162 12162 I Finsky  : [1] xle.a(10): Throttling wakeup for job 9016 (expected to run in 14728 ms) due to recent wakeup
08-06 17:47:07.449 12162 12162 I Finsky  : [1] xle.a(27): Scheduling job Id: 9016, L: 30000, D: 58725491, C: false, I: false, N: 1
08-06 17:47:07.450 12162 12162 I Finsky  : [1] xle.a(10): Throttling wakeup for job 9017 (expected to run in 0 ms) due to recent wakeup
08-06 17:47:07.451 12162 12162 I Finsky  : [1] xle.a(27): Scheduling job Id: 9017, L: 30000, D: 55309435, C: false, I: true, N: 2
08-06 17:47:07.452 12162 12162 I Finsky  : [1] xle.a(10): Throttling wakeup for job 9018 (expected to run in 0 ms) due to recent wakeup
08-06 17:47:07.452 12162 12162 I Finsky  : [1] xle.a(27): Scheduling job Id: 9018, L: 30000, D: 55309478, C: true, I: true, N: 2
08-06 17:47:07.453 12162 12162 I Finsky  : [1] xle.a(27): Scheduling job Id: 9019, L: 20306879, D: 21206879, C: false, I: false, N: 0
08-06 17:47:07.836 13656 13656 D AndroidRuntime: >>>>>> START com.android.internal.os.RuntimeInit uid 2000 <<<<<<
08-06 17:47:07.843 13656 13656 D AndroidRuntime: CheckJNI is OFF
08-06 17:47:07.885 13656 13656 D ICU     : No timezone override file found: /data/misc/zoneinfo/current/icu/icu_tzdata.dat
08-06 17:47:07.927 13656 13656 I Radio-JNI: register_android_hardware_Radio DONE
08-06 17:47:07.952 13656 13656 D AndroidRuntime: Calling main entry com.android.commands.monkey.Monkey
08-06 17:47:07.976   918   931 W BroadcastQueue: Skipping deliver [background] BroadcastRecord{6066ce u-1 android.net.conn.CONNECTIVITY_CHANGE} to ReceiverList{9b2b9ef 13656 (unknown name)/2000/u-1 remote:a6a3d0}: process crashing
08-06 17:47:07.991   918  3961 I ActivityManager: START u0 {act=android.intent.action.MAIN cat=[android.intent.category.LAUNCHER] flg=0x10200000 cmp=baseline.de.danoeh.antennapod.debug/baseline.de.danoeh.antennapod.activity.SplashActivity} from uid 2000 on display 0
08-06 17:47:08.036   918  5132 I ActivityManager: Start proc 13665:baseline.de.danoeh.antennapod.debug/u0a711 for activity baseline.de.danoeh.antennapod.debug/baseline.de.danoeh.antennapod.activity.SplashActivity
08-06 17:47:08.038 13665 13665 I art     : Late-enabling -Xcheck:jni
08-06 17:47:08.043 13656 13656 I art     : System.exit called, status: 0
08-06 17:47:08.043 13656 13656 I AndroidRuntime: VM exiting with result code 0.
08-06 17:47:08.109 26121 10711 I PBSessionCacheImpl: Deleted sessionId[114882969641334449] from persistence.
08-06 17:47:08.112 26121 26151 W SearchServiceCore: Abort, client detached.
08-06 17:47:08.113 26121 26151 I MicroDetectionState: Should stop hotword detection immediately - true
08-06 17:47:08.118 13665 13665 W System  : ClassLoader referenced unknown path: /data/app/baseline.de.danoeh.antennapod.debug-2/lib/arm64
08-06 17:47:08.138 13665 13665 D UserPreferences: Creating new instance of UserPreferences
08-06 17:47:08.142 13665 13665 D UserPreferences: Using default data folder
08-06 17:47:08.145 13665 13665 D UserPreferences: Import directory already exists
08-06 17:47:08.154 13665 13665 D UpdateManager: old: -1, current: 1070296
08-06 17:47:08.167 13665 13665 D SleepTimerPreferences: Creating new instance of SleepTimerPreferences
08-06 17:47:08.194 13665 13665 D SPAUtil : Sending SP_APPS_QUERY_FEEDS intent
08-06 17:47:08.231 13665 13665 W art     : Before Android 4.1, method android.graphics.PorterDuffColorFilter androidx.vectordrawable.graphics.drawable.VectorDrawableCompat.updateTintFilter(android.graphics.PorterDuffColorFilter, android.content.res.ColorStateList, android.graphics.PorterDuff$Mode) would have incorrectly overridden the package-private method in android.graphics.drawable.Drawable
08-06 17:47:08.267 13665 13665 I art     : Rejecting re-init on previously-failed class java.lang.Class<androidx.core.view.ViewCompat$2>
08-06 17:47:08.268 13665 13665 I art     : Rejecting re-init on previously-failed class java.lang.Class<androidx.core.view.ViewCompat$2>
08-06 17:47:08.301 13665 13686 D OpenGLRenderer: Use EGL_SWAP_BEHAVIOR_PRESERVED: true
08-06 17:47:08.347 13665 13686 I Adreno  : QUALCOMM build                   : fcf4852, I1af360237c
08-06 17:47:08.347 13665 13686 I Adreno  : Build Date                       : 09/23/15
08-06 17:47:08.347 13665 13686 I Adreno  : OpenGL ES Shader Compiler Version: XE031.05.13.02
08-06 17:47:08.347 13665 13686 I Adreno  : Local Branch                     : mybranch14465806
08-06 17:47:08.347 13665 13686 I Adreno  : Remote Branch                    : quic/LA.BF64.1.2.9_v2
08-06 17:47:08.347 13665 13686 I Adreno  : Remote Branch                    : NONE
08-06 17:47:08.347 13665 13686 I Adreno  : Reconstruct Branch               : NOTHING
08-06 17:47:08.353 13665 13686 I OpenGLRenderer: Initialized EGL, version 1.4
08-06 17:47:08.368 24577  8148 I Icing   : Indexing com.google.android.gms-apps from com.google.android.gms
08-06 17:47:08.371  9385  9385 I ServiceManager: Waiting for service AtCmdFwd...
08-06 17:47:08.392 13866 13866 I GoogleInputMethodServic: GoogleInputMethodService.onFinishInput():3138 
08-06 17:47:08.393 13866 13866 I GoogleInputMethodServic: GoogleInputMethodService.onStartInput():1808 
08-06 17:47:08.394   918  3696 I ActivityManager: START u0 {cmp=baseline.de.danoeh.antennapod.debug/baseline.de.danoeh.antennapod.activity.MainActivity} from uid 10711 on display 0
08-06 17:47:08.465 24577  8148 I Icing   : Indexing done com.google.android.gms-apps
08-06 17:47:08.532 13665 13665 D UserPreferences: Using default data folder
08-06 17:47:08.576 13665 13665 D MainActivity: getLastNavFragment() -> QueueFragment
08-06 17:47:08.577 13665 13665 D MainActivity: loadFragment(tag: QueueFragment, args: null)
08-06 17:47:08.580 13665 13665 D MainActivity: saveLastNavFragment(tag: QueueFragment)
08-06 17:47:08.581 13665 13665 D MainActivity: getLastNavFragment() -> QueueFragment
08-06 17:47:08.582 13665 13665 D UserPreferences: timeOfDay: []
08-06 17:47:08.584 13665 13665 D AutoUpdateManager: Restarting update alarm.
08-06 17:47:08.586 13665 13665 D AutoUpdateManager: Changed alarm to new interval 12 h
08-06 17:47:08.613 13665 13665 D UserPreferences: timeOfDay: []
08-06 17:47:08.613 13665 13665 D AutoUpdateManager: Restarting update alarm.
08-06 17:47:08.614 13665 13665 D AutoUpdateManager: Changed alarm to new interval 12 h
08-06 17:47:08.655 13665 13665 D ExternalPlayerFragment: Loading media info
08-06 17:47:08.657 13665 13665 D QueueFragment: loadItems()
08-06 17:47:08.661 13665 13685 D DBReader: getQueue() called
08-06 17:47:08.661 13665 13685 D DBReader: getQueue()
08-06 17:47:08.663 13665 13685 D DBReader: getFavoriteIDList() called
08-06 17:47:08.664 13665 13685 D DBReader: getQueueIDList() called
08-06 17:47:08.664 13665 13685 D DBReader: Extracting Feedlist
08-06 17:47:08.667 13665 13665 V PlaybackController: initServiceNotRunning()
08-06 17:47:08.667 13665 13665 D ExternalPlayerFragment: Loading media info
08-06 17:47:08.671 13665 13665 D UserPreferences: Using default data folder
08-06 17:47:08.673 13665 13665 D AutoUpdateManager: last refresh: 443535 hours 47 minutes ago
08-06 17:47:08.674 13665 13685 D DBReader: getNavDrawerData() called with: 
08-06 17:47:08.679 13665 13685 D DBReader: getDownloadedItems() called
08-06 17:47:08.680 13665 13685 D DBReader: getFavoriteIDList() called
08-06 17:47:08.680 13665 13685 D DBReader: getQueueIDList() called
08-06 17:47:08.682 13665 13685 D DBReader: Extracting Feedlist
08-06 17:47:08.688   380   380 W SurfaceFlinger: couldn't log to binary event log: overflow.
08-06 17:47:08.820 13665 13665 D MainActivity: getLastNavFragment() -> QueueFragment
08-06 17:47:08.820 13665 13665 D MainActivity: handleNavIntent()
08-06 17:47:08.944   918   936 I ActivityManager: Displayed baseline.de.danoeh.antennapod.debug/baseline.de.danoeh.antennapod.activity.MainActivity: +444ms (total +942ms)
08-06 17:47:08.945 13866 13866 I GoogleInputMethodServic: GoogleInputMethodService.onFinishInput():3138 
08-06 17:47:08.959 13866 13866 I GoogleInputMethodServic: GoogleInputMethodService.onStartInput():1808 
08-06 17:47:08.974 29532 29532 W PathParser: Points are too far apart 4.030360828967057
08-06 17:47:08.975 29532 29532 W PathParser: Points are too far apart 4.030360538880159
08-06 17:47:08.988 29532 29532 W PathParser: Points are too far apart 4.030360828967057
08-06 17:47:08.988 29532 29532 W PathParser: Points are too far apart 4.030360538880159
08-06 17:47:09.005 29532 29532 W PathParser: Points are too far apart 4.030360828967057
08-06 17:47:09.005 29532 29532 W PathParser: Points are too far apart 4.030360538880159
08-06 17:47:09.022 29532 29532 W PathParser: Points are too far apart 4.030360828967057
08-06 17:47:09.022 29532 29532 W PathParser: Points are too far apart 4.030360538880159
08-06 17:47:09.038 29532 29532 W PathParser: Points are too far apart 4.030360828967057
08-06 17:47:09.039 29532 29532 W PathParser: Points are too far apart 4.030360538880159
08-06 17:47:09.055 29532 29532 W PathParser: Points are too far apart 4.030360828967057
08-06 17:47:09.055 29532 29532 W PathParser: Points are too far apart 4.030360538880159
08-06 17:47:09.072 29532 29532 W PathParser: Points are too far apart 4.030360828967057
08-06 17:47:09.072 29532 29532 W PathParser: Points are too far apart 4.030360538880159
08-06 17:47:09.088 29532 29532 W PathParser: Points are too far apart 4.030360828967057
08-06 17:47:09.088 29532 29532 W PathParser: Points are too far apart 4.030360538880159
08-06 17:47:09.372  9385  9385 I ServiceManager: Waiting for service AtCmdFwd...
08-06 17:47:09.699 13665 13713 D DBReader: Extracting Feedlist
08-06 17:47:09.704 13665 13713 D FlattrUtils: Retrieving access token
08-06 17:47:09.704 13665 13713 D FlattrUtils: No access token found
08-06 17:47:09.711 13665 13713 I art     : Rejecting re-init on previously-failed class java.lang.Class<androidx.core.app.JobIntentService$JobServiceEngineImpl>
08-06 17:47:09.711 13665 13713 I art     : Rejecting re-init on previously-failed class java.lang.Class<androidx.core.app.JobIntentService$JobServiceEngineImpl>
08-06 17:47:09.712 13710 13710 D AndroidRuntime: >>>>>> START com.android.internal.os.RuntimeInit uid 2000 <<<<<<
08-06 17:47:09.715 13665 13713 I art     : Rejecting re-init on previously-failed class java.lang.Class<androidx.core.app.SafeJobIntentService$SafeJobServiceEngineImpl>
08-06 17:47:09.715 13665 13713 I art     : Rejecting re-init on previously-failed class java.lang.Class<androidx.core.app.SafeJobIntentService$SafeJobServiceEngineImpl>
08-06 17:47:09.717 13710 13710 D AndroidRuntime: CheckJNI is OFF
08-06 17:47:09.750 13710 13710 D ICU     : No timezone override file found: /data/misc/zoneinfo/current/icu/icu_tzdata.dat
08-06 17:47:09.787 13710 13710 I Radio-JNI: register_android_hardware_Radio DONE
08-06 17:47:09.808 13710 13710 D AndroidRuntime: Calling main entry com.android.commands.am.Am
08-06 17:47:09.821 26540 26540 I Trepn   : Trepn 6.2s: Received intent: com.quicinc.trepn.start_profiling
08-06 17:47:09.938 26540 26540 W FileUtils: Failed to chmod(/storage/emulated/0/trepn/Trepn_2020.08.06_174709.db): android.system.ErrnoException: chmod failed: EPERM (Operation not permitted)
08-06 17:47:10.080 26540 26540 I Trepn   : Trepn 6.2s: Trepn has Started Profiling.
08-06 17:47:10.083 13710 13710 D AndroidRuntime: Shutting down VM
08-06 17:47:10.136 13866 13866 I GoogleInputMethodServic: GoogleInputMethodService.onFinishInput():3138 
08-06 17:47:10.148 13866 13866 I GoogleInputMethodServic: GoogleInputMethodService.onStartInput():1808 
08-06 17:47:10.373  9385  9385 I ServiceManager: Waiting for service AtCmdFwd...
08-06 17:47:10.565 13665 13677 I art     : Starting a blocking GC Explicit
08-06 17:47:10.588 13665 13677 I art     : Explicit concurrent mark sweep GC freed 11061(1564KB) AllocSpace objects, 7(140KB) LOS objects, 40% free, 23MB/38MB, paused 211us total 22.649ms
08-06 17:47:10.597 13665 13677 I art     : Starting a blocking GC Explicit
08-06 17:47:10.614 13665 13677 I art     : Explicit concurrent mark sweep GC freed 3349(193KB) AllocSpace objects, 2(588KB) LOS objects, 40% free, 22MB/37MB, paused 200us total 16.191ms
08-06 17:47:10.621 13665 13677 I art     : Starting a blocking GC Explicit
08-06 17:47:10.638 13665 13677 I art     : Explicit concurrent mark sweep GC freed 9(352B) AllocSpace objects, 0(0B) LOS objects, 40% free, 22MB/37MB, paused 214us total 16.301ms
08-06 17:47:10.646 13665 13677 I art     : Starting a blocking GC Explicit
08-06 17:47:10.663 13665 13677 I art     : Explicit concurrent mark sweep GC freed 3(96B) AllocSpace objects, 0(0B) LOS objects, 40% free, 22MB/37MB, paused 207us total 16.030ms
08-06 17:47:10.671 13665 13677 I art     : Starting a blocking GC Explicit
08-06 17:47:10.687 13665 13677 I art     : Explicit concurrent mark sweep GC freed 3(96B) AllocSpace objects, 0(0B) LOS objects, 40% free, 22MB/37MB, paused 289us total 16.014ms
08-06 17:47:10.974 13665 13678 I art     : Starting a blocking GC Explicit
08-06 17:47:10.993 13665 13678 I art     : Explicit concurrent mark sweep GC freed 1374(82KB) AllocSpace objects, 1(20KB) LOS objects, 40% free, 22MB/37MB, paused 232us total 18.504ms
08-06 17:47:11.005 13665 13678 I art     : Starting a blocking GC Explicit
08-06 17:47:11.020 13665 13678 I art     : Explicit concurrent mark sweep GC freed 23(752B) AllocSpace objects, 0(0B) LOS objects, 40% free, 22MB/37MB, paused 201us total 14.729ms
08-06 17:47:11.028 13665 13678 I art     : Starting a blocking GC Explicit
08-06 17:47:11.043 13665 13678 I art     : Explicit concurrent mark sweep GC freed 3(96B) AllocSpace objects, 0(0B) LOS objects, 40% free, 22MB/37MB, paused 219us total 14.726ms
08-06 17:47:11.050 13665 13678 I art     : Starting a blocking GC Explicit
08-06 17:47:11.064 13665 13678 I art     : Explicit concurrent mark sweep GC freed 3(96B) AllocSpace objects, 0(0B) LOS objects, 40% free, 22MB/37MB, paused 187us total 14.312ms
08-06 17:47:11.072 13665 13678 I art     : Starting a blocking GC Explicit
08-06 17:47:11.087 13665 13678 I art     : Explicit concurrent mark sweep GC freed 3(96B) AllocSpace objects, 0(0B) LOS objects, 40% free, 22MB/37MB, paused 252us total 14.817ms
08-06 17:47:11.368 13665 13677 I art     : Starting a blocking GC Explicit
08-06 17:47:11.373  9385  9385 W Atfwd_Sendcmd: AtCmdFwd service not published, waiting... retryCnt : 5
08-06 17:47:11.389 13665 13677 I art     : Explicit concurrent mark sweep GC freed 1390(80KB) AllocSpace objects, 1(20KB) LOS objects, 40% free, 22MB/37MB, paused 213us total 20.464ms
08-06 17:47:11.400 13665 13677 I art     : Starting a blocking GC Explicit
08-06 17:47:11.416 13665 13677 I art     : Explicit concurrent mark sweep GC freed 23(752B) AllocSpace objects, 0(0B) LOS objects, 40% free, 22MB/37MB, paused 200us total 15.970ms
08-06 17:47:11.424 13665 13677 I art     : Starting a blocking GC Explicit
08-06 17:47:11.441 13665 13677 I art     : Explicit concurrent mark sweep GC freed 3(96B) AllocSpace objects, 0(0B) LOS objects, 40% free, 22MB/37MB, paused 196us total 16.341ms
08-06 17:47:11.449 13665 13677 I art     : Starting a blocking GC Explicit
08-06 17:47:11.465 13665 13677 I art     : Explicit concurrent mark sweep GC freed 3(96B) AllocSpace objects, 0(0B) LOS objects, 40% free, 22MB/37MB, paused 196us total 16.013ms
08-06 17:47:11.473 13665 13677 I art     : Starting a blocking GC Explicit
08-06 17:47:11.489 13665 13677 I art     : Explicit concurrent mark sweep GC freed 3(96B) AllocSpace objects, 0(0B) LOS objects, 40% free, 22MB/37MB, paused 203us total 16.123ms
08-06 17:47:11.750 13665 13678 I art     : Starting a blocking GC Explicit
08-06 17:47:11.768 13665 13678 I art     : Explicit concurrent mark sweep GC freed 1370(80KB) AllocSpace objects, 1(20KB) LOS objects, 40% free, 22MB/37MB, paused 213us total 17.397ms
08-06 17:47:11.776 13665 13678 I art     : Starting a blocking GC Explicit
08-06 17:47:11.792 13665 13678 I art     : Explicit concurrent mark sweep GC freed 26(848B) AllocSpace objects, 0(0B) LOS objects, 40% free, 22MB/37MB, paused 234us total 15.807ms
08-06 17:47:11.802 13665 13678 I art     : Starting a blocking GC Explicit
08-06 17:47:11.817 13665 13678 I art     : Explicit concurrent mark sweep GC freed 6(192B) AllocSpace objects, 0(0B) LOS objects, 40% free, 22MB/37MB, paused 219us total 15.288ms
08-06 17:47:11.825 13665 13678 I art     : Starting a blocking GC Explicit
08-06 17:47:11.841 13665 13678 I art     : Explicit concurrent mark sweep GC freed 6(192B) AllocSpace objects, 0(0B) LOS objects, 40% free, 22MB/37MB, paused 209us total 15.639ms
08-06 17:47:11.849 13665 13678 I art     : Starting a blocking GC Explicit
08-06 17:47:11.864 13665 13678 I art     : Explicit concurrent mark sweep GC freed 5(160B) AllocSpace objects, 0(0B) LOS objects, 40% free, 22MB/37MB, paused 219us total 15.097ms
08-06 17:47:12.160 13665 13678 I art     : Starting a blocking GC Explicit
08-06 17:47:12.181 13665 13678 I art     : Explicit concurrent mark sweep GC freed 1374(80KB) AllocSpace objects, 1(20KB) LOS objects, 40% free, 22MB/37MB, paused 235us total 20.737ms
08-06 17:47:12.192 13665 13678 I art     : Starting a blocking GC Explicit
08-06 17:47:12.211 13665 13678 I art     : Explicit concurrent mark sweep GC freed 23(752B) AllocSpace objects, 0(0B) LOS objects, 40% free, 22MB/37MB, paused 222us total 19.162ms
08-06 17:47:12.223 13665 13678 I art     : Starting a blocking GC Explicit
08-06 17:47:12.240 13665 13678 I art     : Explicit concurrent mark sweep GC freed 3(96B) AllocSpace objects, 0(0B) LOS objects, 40% free, 22MB/37MB, paused 213us total 16.655ms
08-06 17:47:12.248 13665 13678 I art     : Starting a blocking GC Explicit
08-06 17:47:12.264 13665 13678 I art     : Explicit concurrent mark sweep GC freed 3(96B) AllocSpace objects, 0(0B) LOS objects, 40% free, 22MB/37MB, paused 203us total 15.827ms
08-06 17:47:12.272 13665 13678 I art     : Starting a blocking GC Explicit
08-06 17:47:12.288 13665 13678 I art     : Explicit concurrent mark sweep GC freed 30(832B) AllocSpace objects, 0(0B) LOS objects, 40% free, 22MB/37MB, paused 215us total 16.323ms
08-06 17:47:12.614 13665 13677 I art     : Starting a blocking GC Explicit
08-06 17:47:12.636 13665 13677 I art     : Explicit concurrent mark sweep GC freed 1363(81KB) AllocSpace objects, 1(20KB) LOS objects, 40% free, 22MB/37MB, paused 274us total 21.208ms
08-06 17:47:12.646 13665 13677 I art     : Starting a blocking GC Explicit
08-06 17:47:12.668 13665 13677 I art     : Explicit concurrent mark sweep GC freed 23(752B) AllocSpace objects, 0(0B) LOS objects, 40% free, 22MB/37MB, paused 270us total 21.727ms
08-06 17:47:12.678 13665 13677 I art     : Starting a blocking GC Explicit
08-06 17:47:12.700 13665 13677 I art     : Explicit concurrent mark sweep GC freed 3(96B) AllocSpace objects, 0(0B) LOS objects, 40% free, 22MB/37MB, paused 276us total 21.761ms
08-06 17:47:12.711 13665 13677 I art     : Starting a blocking GC Explicit
08-06 17:47:12.732 13665 13677 I art     : Explicit concurrent mark sweep GC freed 3(96B) AllocSpace objects, 0(0B) LOS objects, 40% free, 22MB/37MB, paused 273us total 21.346ms
08-06 17:47:12.743 13665 13677 I art     : Starting a blocking GC Explicit
08-06 17:47:12.765 13665 13677 I art     : Explicit concurrent mark sweep GC freed 3(96B) AllocSpace objects, 0(0B) LOS objects, 40% free, 22MB/37MB, paused 278us total 21.788ms
08-06 17:47:12.862 24365  3719 I NetworkScheduler.Stats: Task com.google.android.gms/com.google.android.gms.icing.service.IcingGcmTaskService started execution. cause:4 exec_start_elapsed_seconds: 1882636 [CONTEXT service_id=218 ]
08-06 17:47:12.870 24365  8032 I NetworkScheduler.Stats: Task com.google.android.gms/com.google.android.gms.icing.service.IcingGcmTaskService finished executing. cause:4 result: 1 elapsed_millis: 37 uptime_millis: 37 exec_start_elapsed_seconds: 1882636 [CONTEXT service_id=218 ]
08-06 17:47:12.916 24365  3719 I NetworkScheduler.Stats: Task com.google.android.gms/com.google.android.gms.checkin.EventLogService started execution. cause:5 exec_start_elapsed_seconds: 1882636 [CONTEXT service_id=218 ]
08-06 17:47:12.918 24577  3706 I Checkin : [EventLogChimeraService] Opted in for usage reporting: false
08-06 17:47:12.918 24577  3706 I Checkin : [EventLogChimeraService] Aggregate from 1596726984797 (log), 1596726984797 (data)
08-06 17:47:13.034 13665 13775 I art     : Starting a blocking GC Explicit
08-06 17:47:13.054 13665 13775 I art     : Explicit concurrent mark sweep GC freed 1364(82KB) AllocSpace objects, 1(20KB) LOS objects, 40% free, 22MB/37MB, paused 258us total 19.629ms
08-06 17:47:13.064 13665 13775 I art     : Starting a blocking GC Explicit
08-06 17:47:13.082 13665 13775 I art     : Explicit concurrent mark sweep GC freed 23(752B) AllocSpace objects, 0(0B) LOS objects, 40% free, 22MB/37MB, paused 250us total 18.216ms
08-06 17:47:13.091 13665 13775 I art     : Starting a blocking GC Explicit
08-06 17:47:13.110 13665 13775 I art     : Explicit concurrent mark sweep GC freed 3(96B) AllocSpace objects, 0(0B) LOS objects, 40% free, 22MB/37MB, paused 244us total 18.232ms
08-06 17:47:13.119 13665 13775 I art     : Starting a blocking GC Explicit
08-06 17:47:13.137 13665 13775 I art     : Explicit concurrent mark sweep GC freed 3(96B) AllocSpace objects, 0(0B) LOS objects, 40% free, 22MB/37MB, paused 256us total 17.658ms
08-06 17:47:13.146 13665 13775 I art     : Starting a blocking GC Explicit
08-06 17:47:13.164 13665 13775 I art     : Explicit concurrent mark sweep GC freed 3(96B) AllocSpace objects, 0(0B) LOS objects, 40% free, 22MB/37MB, paused 243us total 17.721ms
08-06 17:47:13.413   518   646 I ThermalEngine: ACTION: GPU - Setting GPU[0] to 450000000
08-06 17:47:13.431 13665 13678 I art     : Starting a blocking GC Explicit
08-06 17:47:13.450 13665 13678 I art     : Explicit concurrent mark sweep GC freed 1390(82KB) AllocSpace objects, 1(20KB) LOS objects, 40% free, 22MB/37MB, paused 251us total 18.369ms
08-06 17:47:13.459 13665 13678 I art     : Starting a blocking GC Explicit
08-06 17:47:13.477 13665 13678 I art     : Explicit concurrent mark sweep GC freed 23(752B) AllocSpace objects, 0(0B) LOS objects, 40% free, 22MB/37MB, paused 258us total 18.058ms
08-06 17:47:13.487 13665 13678 I art     : Starting a blocking GC Explicit
08-06 17:47:13.505 13665 13678 I art     : Explicit concurrent mark sweep GC freed 3(96B) AllocSpace objects, 0(0B) LOS objects, 40% free, 22MB/37MB, paused 249us total 17.732ms
08-06 17:47:13.514 13665 13678 I art     : Starting a blocking GC Explicit
08-06 17:47:13.532 13665 13678 I art     : Explicit concurrent mark sweep GC freed 3(96B) AllocSpace objects, 0(0B) LOS objects, 40% free, 22MB/37MB, paused 242us total 18.162ms
08-06 17:47:13.542 13665 13678 I art     : Starting a blocking GC Explicit
08-06 17:47:13.560 13665 13678 I art     : Explicit concurrent mark sweep GC freed 3(96B) AllocSpace objects, 0(0B) LOS objects, 40% free, 22MB/37MB, paused 257us total 17.910ms
08-06 17:47:13.825 13665 13677 I art     : Starting a blocking GC Explicit
08-06 17:47:13.844 13665 13677 I art     : Explicit concurrent mark sweep GC freed 1362(80KB) AllocSpace objects, 1(20KB) LOS objects, 40% free, 22MB/37MB, paused 240us total 18.241ms
08-06 17:47:13.853 13665 13677 I art     : Starting a blocking GC Explicit
08-06 17:47:13.871 13665 13677 I art     : Explicit concurrent mark sweep GC freed 23(752B) AllocSpace objects, 0(0B) LOS objects, 40% free, 22MB/37MB, paused 244us total 17.885ms
08-06 17:47:13.881 13665 13677 I art     : Starting a blocking GC Explicit
08-06 17:47:13.898 13665 13677 I art     : Explicit concurrent mark sweep GC freed 3(96B) AllocSpace objects, 0(0B) LOS objects, 40% free, 22MB/37MB, paused 242us total 17.446ms
08-06 17:47:13.907 13665 13677 I art     : Starting a blocking GC Explicit
08-06 17:47:13.925 13665 13677 I art     : Explicit concurrent mark sweep GC freed 3(96B) AllocSpace objects, 0(0B) LOS objects, 40% free, 22MB/37MB, paused 237us total 17.384ms
08-06 17:47:13.934 13665 13677 I art     : Starting a blocking GC Explicit
08-06 17:47:13.952 13665 13677 I art     : Explicit concurrent mark sweep GC freed 3(96B) AllocSpace objects, 0(0B) LOS objects, 40% free, 22MB/37MB, paused 241us total 17.451ms
08-06 17:47:14.216 13665 13775 I art     : Starting a blocking GC Explicit
08-06 17:47:14.235 13665 13775 I art     : Explicit concurrent mark sweep GC freed 1362(80KB) AllocSpace objects, 1(20KB) LOS objects, 40% free, 22MB/37MB, paused 247us total 17.924ms
08-06 17:47:14.244 13665 13775 I art     : Starting a blocking GC Explicit
08-06 17:47:14.263 13665 13775 I art     : Explicit concurrent mark sweep GC freed 23(752B) AllocSpace objects, 0(0B) LOS objects, 40% free, 22MB/37MB, paused 246us total 17.877ms
08-06 17:47:14.272 13665 13775 I art     : Starting a blocking GC Explicit
08-06 17:47:14.290 13665 13775 I art     : Explicit concurrent mark sweep GC freed 30(832B) AllocSpace objects, 0(0B) LOS objects, 40% free, 22MB/37MB, paused 245us total 17.994ms
08-06 17:47:14.299 13665 13775 I art     : Starting a blocking GC Explicit
08-06 17:47:14.317 13665 13775 I art     : Explicit concurrent mark sweep GC freed 3(96B) AllocSpace objects, 0(0B) LOS objects, 40% free, 22MB/37MB, paused 243us total 17.582ms
08-06 17:47:14.326 13665 13775 I art     : Starting a blocking GC Explicit
08-06 17:47:14.344 13665 13775 I art     : Explicit concurrent mark sweep GC freed 3(96B) AllocSpace objects, 0(0B) LOS objects, 40% free, 22MB/37MB, paused 240us total 17.576ms
08-06 17:47:14.607 13665 13678 I art     : Starting a blocking GC Explicit
08-06 17:47:14.629 13665 13678 I art     : Explicit concurrent mark sweep GC freed 1361(79KB) AllocSpace objects, 1(20KB) LOS objects, 40% free, 22MB/37MB, paused 248us total 21.530ms
08-06 17:47:14.638 13665 13678 I art     : Starting a blocking GC Explicit
08-06 17:47:14.656 13665 13678 I art     : Explicit concurrent mark sweep GC freed 23(752B) AllocSpace objects, 0(0B) LOS objects, 40% free, 22MB/37MB, paused 257us total 17.733ms
08-06 17:47:14.665 13665 13678 I art     : Starting a blocking GC Explicit
08-06 17:47:14.683 13665 13678 I art     : Explicit concurrent mark sweep GC freed 3(96B) AllocSpace objects, 0(0B) LOS objects, 40% free, 22MB/37MB, paused 252us total 17.761ms
08-06 17:47:14.693 13665 13678 I art     : Starting a blocking GC Explicit
08-06 17:47:14.711 13665 13678 I art     : Explicit concurrent mark sweep GC freed 3(96B) AllocSpace objects, 0(0B) LOS objects, 40% free, 22MB/37MB, paused 249us total 18.152ms
08-06 17:47:14.721 13665 13678 I art     : Starting a blocking GC Explicit
08-06 17:47:14.739 13665 13678 I art     : Explicit concurrent mark sweep GC freed 3(96B) AllocSpace objects, 0(0B) LOS objects, 40% free, 22MB/37MB, paused 257us total 17.896ms
08-06 17:47:14.837   918  4413 I AccountManagerService: getTypesVisibleToCaller: isPermitted? true
08-06 17:47:14.852 24577  3706 I Checkin : [ServiceDumpSys] dumping service [account]
08-06 17:47:14.966 24365  8032 I NetworkScheduler.Stats: Task com.google.android.gms/com.google.android.gms.checkin.EventLogService finished executing. cause:5 result: 1 elapsed_millis: 2069 uptime_millis: 2068 exec_start_elapsed_seconds: 1882636 [CONTEXT service_id=218 ]
08-06 17:47:14.974   918  3670 I AccountManagerService: getTypesVisibleToCaller: isPermitted? true
08-06 17:47:15.002 13665 13677 I art     : Starting a blocking GC Explicit
08-06 17:47:15.022 13665 13677 I art     : Explicit concurrent mark sweep GC freed 1362(80KB) AllocSpace objects, 1(20KB) LOS objects, 40% free, 22MB/37MB, paused 276us total 19.688ms
08-06 17:47:15.032 13665 13677 I art     : Starting a blocking GC Explicit
08-06 17:47:15.051 13665 13677 I art     : Explicit concurrent mark sweep GC freed 23(752B) AllocSpace objects, 0(0B) LOS objects, 40% free, 22MB/37MB, paused 257us total 18.884ms
08-06 17:47:15.060 13665 13677 I art     : Starting a blocking GC Explicit
08-06 17:47:15.080 13665 13677 I art     : Explicit concurrent mark sweep GC freed 3(96B) AllocSpace objects, 0(0B) LOS objects, 40% free, 22MB/37MB, paused 270us total 19.206ms
08-06 17:47:15.090 13665 13677 I art     : Starting a blocking GC Explicit
08-06 17:47:15.110 13665 13677 I art     : Explicit concurrent mark sweep GC freed 3(96B) AllocSpace objects, 0(0B) LOS objects, 40% free, 22MB/37MB, paused 261us total 19.676ms
08-06 17:47:15.119 13665 13677 I art     : Starting a blocking GC Explicit
08-06 17:47:15.139 13665 13677 I art     : Explicit concurrent mark sweep GC freed 3(96B) AllocSpace objects, 0(0B) LOS objects, 40% free, 22MB/37MB, paused 269us total 19.362ms
08-06 17:47:15.436 13665 13775 I art     : Starting a blocking GC Explicit
08-06 17:47:15.460 13665 13775 I art     : Explicit concurrent mark sweep GC freed 1388(80KB) AllocSpace objects, 1(20KB) LOS objects, 40% free, 22MB/37MB, paused 286us total 23.796ms
08-06 17:47:15.473 13665 13775 I art     : Starting a blocking GC Explicit
08-06 17:47:15.496 13665 13775 I art     : Explicit concurrent mark sweep GC freed 23(752B) AllocSpace objects, 0(0B) LOS objects, 40% free, 22MB/37MB, paused 284us total 22.635ms
08-06 17:47:15.507 13665 13775 I art     : Starting a blocking GC Explicit
08-06 17:47:15.527 13665 13775 I art     : Explicit concurrent mark sweep GC freed 3(96B) AllocSpace objects, 0(0B) LOS objects, 40% free, 22MB/37MB, paused 318us total 20.440ms
08-06 17:47:15.538 13665 13775 I art     : Starting a blocking GC Explicit
08-06 17:47:15.558 13665 13775 I art     : Explicit concurrent mark sweep GC freed 3(96B) AllocSpace objects, 0(0B) LOS objects, 40% free, 22MB/37MB, paused 267us total 20.293ms
08-06 17:47:15.568 13665 13775 I art     : Starting a blocking GC Explicit
08-06 17:47:15.575 13879 13879 D AndroidRuntime: >>>>>> START com.android.internal.os.RuntimeInit uid 2000 <<<<<<
08-06 17:47:15.580 13879 13879 D AndroidRuntime: CheckJNI is OFF
08-06 17:47:15.589 13665 13775 I art     : Explicit concurrent mark sweep GC freed 3(96B) AllocSpace objects, 0(0B) LOS objects, 40% free, 22MB/37MB, paused 286us total 20.272ms
08-06 17:47:15.626 13879 13879 D ICU     : No timezone override file found: /data/misc/zoneinfo/current/icu/icu_tzdata.dat
08-06 17:47:15.673 13879 13879 I Radio-JNI: register_android_hardware_Radio DONE
08-06 17:47:15.702 13879 13879 D AndroidRuntime: Calling main entry com.android.commands.input.Input
08-06 17:47:15.704 13879 13879 I Input   : injectMotionEvent: MotionEvent { action=ACTION_DOWN, actionButton=0, id[0]=0, x[0]=1233.0, y[0]=1274.0, toolType[0]=TOOL_TYPE_UNKNOWN, buttonState=0, metaState=0, flags=0x0, edgeFlags=0x0, pointerCount=1, historySize=0, eventTime=899252117, downTime=899252117, deviceId=0, source=0x1002 }
08-06 17:47:15.710 13879 13879 I Input   : injectMotionEvent: MotionEvent { action=ACTION_UP, actionButton=0, id[0]=0, x[0]=1233.0, y[0]=1274.0, toolType[0]=TOOL_TYPE_UNKNOWN, buttonState=0, metaState=0, flags=0x0, edgeFlags=0x0, pointerCount=1, historySize=0, eventTime=899252117, downTime=899252117, deviceId=0, source=0x1002 }
08-06 17:47:15.712 13879 13879 D AndroidRuntime: Shutting down VM
08-06 17:47:15.865 13665 13775 I art     : Starting a blocking GC Explicit
08-06 17:47:15.887 13665 13775 I art     : Explicit concurrent mark sweep GC freed 1365(80KB) AllocSpace objects, 1(20KB) LOS objects, 40% free, 22MB/37MB, paused 427us total 22.150ms
08-06 17:47:15.898 13665 13775 I art     : Starting a blocking GC Explicit
08-06 17:47:15.919 13665 13775 I art     : Explicit concurrent mark sweep GC freed 23(752B) AllocSpace objects, 0(0B) LOS objects, 40% free, 22MB/37MB, paused 302us total 20.370ms
08-06 17:47:15.929 13665 13775 I art     : Starting a blocking GC Explicit
08-06 17:47:15.949 13665 13775 I art     : Explicit concurrent mark sweep GC freed 3(96B) AllocSpace objects, 0(0B) LOS objects, 40% free, 22MB/37MB, paused 302us total 20.121ms
08-06 17:47:15.959 13665 13775 I art     : Starting a blocking GC Explicit
08-06 17:47:15.980 13665 13775 I art     : Explicit concurrent mark sweep GC freed 3(96B) AllocSpace objects, 0(0B) LOS objects, 40% free, 22MB/37MB, paused 296us total 19.958ms
08-06 17:47:15.990 13665 13775 I art     : Starting a blocking GC Explicit
08-06 17:47:16.011 13665 13775 I art     : Explicit concurrent mark sweep GC freed 3(96B) AllocSpace objects, 0(0B) LOS objects, 40% free, 22MB/37MB, paused 400us total 20.524ms
08-06 17:47:16.151 13866 13866 I GoogleInputMethodServic: GoogleInputMethodService.onFinishInput():3138 
08-06 17:47:16.152 13866 13866 I GoogleInputMethodServic: GoogleInputMethodService.onStartInput():1808 
08-06 17:47:16.278 13665 13677 I art     : Starting a blocking GC Explicit
08-06 17:47:16.300 13665 13677 I art     : Explicit concurrent mark sweep GC freed 1485(84KB) AllocSpace objects, 1(20KB) LOS objects, 40% free, 22MB/37MB, paused 268us total 21.577ms
08-06 17:47:16.310 13665 13677 I art     : Starting a blocking GC Explicit
08-06 17:47:16.331 13665 13677 I art     : Explicit concurrent mark sweep GC freed 31(1200B) AllocSpace objects, 0(0B) LOS objects, 40% free, 22MB/37MB, paused 283us total 20.554ms
08-06 17:47:16.341 13665 13677 I art     : Starting a blocking GC Explicit
08-06 17:47:16.362 13665 13677 I art     : Explicit concurrent mark sweep GC freed 3(96B) AllocSpace objects, 0(0B) LOS objects, 40% free, 22MB/37MB, paused 255us total 20.816ms
08-06 17:47:16.372 13665 13677 I art     : Starting a blocking GC Explicit
08-06 17:47:16.394 13665 13677 I art     : Explicit concurrent mark sweep GC freed 3(96B) AllocSpace objects, 0(0B) LOS objects, 40% free, 22MB/37MB, paused 262us total 20.826ms
08-06 17:47:16.404 13665 13677 I art     : Starting a blocking GC Explicit
08-06 17:47:16.425 13665 13677 I art     : Explicit concurrent mark sweep GC freed 3(96B) AllocSpace objects, 0(0B) LOS objects, 40% free, 22MB/37MB, paused 264us total 20.703ms
08-06 17:47:16.720 13665 13775 I art     : Starting a blocking GC Explicit
08-06 17:47:16.745 13665 13775 I art     : Explicit concurrent mark sweep GC freed 1362(80KB) AllocSpace objects, 1(20KB) LOS objects, 40% free, 22MB/37MB, paused 285us total 24.208ms
08-06 17:47:16.757 13665 13775 I art     : Starting a blocking GC Explicit
08-06 17:47:16.780 13665 13775 I art     : Explicit concurrent mark sweep GC freed 23(752B) AllocSpace objects, 0(0B) LOS objects, 40% free, 22MB/37MB, paused 258us total 22.092ms
08-06 17:47:16.790 13665 13775 I art     : Starting a blocking GC Explicit
08-06 17:47:16.811 13665 13775 I art     : Explicit concurrent mark sweep GC freed 3(96B) AllocSpace objects, 0(0B) LOS objects, 40% free, 22MB/37MB, paused 256us total 20.874ms
08-06 17:47:16.821 13665 13775 I art     : Starting a blocking GC Explicit
08-06 17:47:16.842 13665 13775 I art     : Explicit concurrent mark sweep GC freed 3(96B) AllocSpace objects, 0(0B) LOS objects, 40% free, 22MB/37MB, paused 260us total 20.135ms
08-06 17:47:16.852 13665 13775 I art     : Starting a blocking GC Explicit
08-06 17:47:16.872 13665 13775 I art     : Explicit concurrent mark sweep GC freed 3(96B) AllocSpace objects, 0(0B) LOS objects, 40% free, 22MB/37MB, paused 258us total 20.277ms
08-06 17:47:17.151 13665 13678 I art     : Starting a blocking GC Explicit
08-06 17:47:17.174 13665 13678 I art     : Explicit concurrent mark sweep GC freed 1361(80KB) AllocSpace objects, 1(20KB) LOS objects, 40% free, 22MB/37MB, paused 310us total 21.799ms
08-06 17:47:17.188 13665 13678 I art     : Starting a blocking GC Explicit
08-06 17:47:17.208 13665 13678 I art     : Explicit concurrent mark sweep GC freed 23(752B) AllocSpace objects, 0(0B) LOS objects, 40% free, 22MB/37MB, paused 282us total 19.657ms
08-06 17:47:17.218 13665 13678 I art     : Starting a blocking GC Explicit
08-06 17:47:17.237 13665 13678 I art     : Explicit concurrent mark sweep GC freed 3(96B) AllocSpace objects, 0(0B) LOS objects, 40% free, 22MB/37MB, paused 283us total 19.065ms
08-06 17:47:17.247 13665 13678 I art     : Starting a blocking GC Explicit
08-06 17:47:17.267 13665 13678 I art     : Explicit concurrent mark sweep GC freed 3(96B) AllocSpace objects, 0(0B) LOS objects, 40% free, 22MB/37MB, paused 296us total 19.919ms
08-06 17:47:17.277 13665 13678 I art     : Starting a blocking GC Explicit
08-06 17:47:17.297 13665 13678 I art     : Explicit concurrent mark sweep GC freed 30(832B) AllocSpace objects, 0(0B) LOS objects, 40% free, 22MB/37MB, paused 294us total 19.845ms
08-06 17:47:17.484 13942 13942 D AndroidRuntime: >>>>>> START com.android.internal.os.RuntimeInit uid 2000 <<<<<<
08-06 17:47:17.491 13942 13942 D AndroidRuntime: CheckJNI is OFF
08-06 17:47:17.534 13942 13942 D ICU     : No timezone override file found: /data/misc/zoneinfo/current/icu/icu_tzdata.dat
08-06 17:47:17.573 13665 13677 I art     : Starting a blocking GC Explicit
08-06 17:47:17.577 13942 13942 I Radio-JNI: register_android_hardware_Radio DONE
08-06 17:47:17.594 13665 13677 I art     : Explicit concurrent mark sweep GC freed 1361(80KB) AllocSpace objects, 1(20KB) LOS objects, 40% free, 22MB/37MB, paused 274us total 20.779ms
08-06 17:47:17.605 13665 13677 I art     : Starting a blocking GC Explicit
08-06 17:47:17.607 13942 13942 D AndroidRuntime: Calling main entry com.android.commands.input.Input
08-06 17:47:17.610 13942 13942 I Input   : injectMotionEvent: MotionEvent { action=ACTION_DOWN, actionButton=0, id[0]=0, x[0]=103.0, y[0]=192.0, toolType[0]=TOOL_TYPE_UNKNOWN, buttonState=0, metaState=0, flags=0x0, edgeFlags=0x0, pointerCount=1, historySize=0, eventTime=899254022, downTime=899254022, deviceId=0, source=0x1002 }
08-06 17:47:17.615 13942 13942 I Input   : injectMotionEvent: MotionEvent { action=ACTION_UP, actionButton=0, id[0]=0, x[0]=103.0, y[0]=192.0, toolType[0]=TOOL_TYPE_UNKNOWN, buttonState=0, metaState=0, flags=0x0, edgeFlags=0x0, pointerCount=1, historySize=0, eventTime=899254022, downTime=899254022, deviceId=0, source=0x1002 }
08-06 17:47:17.617 13942 13942 D AndroidRuntime: Shutting down VM
08-06 17:47:17.624 13665 13677 I art     : Explicit concurrent mark sweep GC freed 42(1344B) AllocSpace objects, 0(0B) LOS objects, 40% free, 22MB/37MB, paused 287us total 19.657ms
08-06 17:47:17.632   512  2967 D audio_hw_primary: out_set_parameters: enter: usecase(1: low-latency-playback) kvpairs: routing=2
08-06 17:47:17.635 13665 13677 I art     : Starting a blocking GC Explicit
08-06 17:47:17.646   512  2967 D audio_hw_primary: select_devices: out_snd_device(2: speaker) in_snd_device(0: none)
08-06 17:47:17.646   512  2967 D msm8974_platform: platform_send_audio_calibration: sending audio calibration for snd_device(2) acdb_id(15)
08-06 17:47:17.646   512  2967 I soundtrigger: audio_extn_sound_trigger_update_device_status: device 0x2 of type 0 for Event 1
08-06 17:47:17.656   512  2967 D audio_hw_primary: enable_snd_device: snd_device(2: speaker)
08-06 17:47:17.657 13665 13677 I art     : Explicit concurrent mark sweep GC freed 45(1424B) AllocSpace objects, 0(0B) LOS objects, 40% free, 22MB/37MB, paused 324us total 21.779ms
08-06 17:47:17.659   512  2967 D audio_hw_primary: enable_audio_route: apply and update mixer path: low-latency-playback speaker
08-06 17:47:17.666 13665 13677 I art     : Starting a blocking GC Explicit
08-06 17:47:17.671 13866 13866 I GoogleInputMethodServic: GoogleInputMethodService.onFinishInput():3138 
08-06 17:47:17.672 13866 13866 I GoogleInputMethodServic: GoogleInputMethodService.onStartInput():1808 
08-06 17:47:17.687 13665 13677 I art     : Explicit concurrent mark sweep GC freed 69(2864B) AllocSpace objects, 0(0B) LOS objects, 40% free, 22MB/37MB, paused 247us total 19.922ms
08-06 17:47:17.696 13665 13677 I art     : Starting a blocking GC Explicit
08-06 17:47:17.716 13665 13677 I art     : Explicit concurrent mark sweep GC freed 393(20KB) AllocSpace objects, 0(0B) LOS objects, 40% free, 22MB/37MB, paused 256us total 19.137ms
08-06 17:47:17.985 13665 13678 I art     : Starting a blocking GC Explicit
08-06 17:47:18.007 13665 13678 I art     : Explicit concurrent mark sweep GC freed 1365(80KB) AllocSpace objects, 1(20KB) LOS objects, 40% free, 22MB/37MB, paused 296us total 21.537ms
08-06 17:47:18.017 13665 13678 I art     : Starting a blocking GC Explicit
08-06 17:47:18.036 13665 13678 I art     : Explicit concurrent mark sweep GC freed 31(1008B) AllocSpace objects, 0(0B) LOS objects, 40% free, 22MB/37MB, paused 261us total 19.220ms
08-06 17:47:18.046 13665 13678 I art     : Starting a blocking GC Explicit
08-06 17:47:18.064 13665 13678 I art     : Explicit concurrent mark sweep GC freed 6(224B) AllocSpace objects, 0(0B) LOS objects, 40% free, 22MB/37MB, paused 251us total 18.474ms
08-06 17:47:18.076 13665 13678 I art     : Starting a blocking GC Explicit
08-06 17:47:18.094 13665 13678 I art     : Explicit concurrent mark sweep GC freed 5(160B) AllocSpace objects, 0(0B) LOS objects, 40% free, 22MB/37MB, paused 250us total 18.567ms
08-06 17:47:18.104 13665 13678 I art     : Starting a blocking GC Explicit
08-06 17:47:18.117 26121 26151 I WorkerManager: dispose()
08-06 17:47:18.118 26121 26151 W ThreadPoolDumper: Queue length for executor EventBus is now 11. Perhaps some tasks are too long, or the pool is too small.
08-06 17:47:18.124 13665 13678 I art     : Explicit concurrent mark sweep GC freed 3(96B) AllocSpace objects, 0(0B) LOS objects, 40% free, 22MB/37MB, paused 564us total 19.698ms
08-06 17:47:18.198   512  2967 D audio_hw_primary: disable_audio_route: reset and update mixer path: low-latency-playback speaker
08-06 17:47:18.199   512  2967 D audio_hw_primary: disable_snd_device: snd_device(2: speaker)
08-06 17:47:18.207   512  2967 I soundtrigger: audio_extn_sound_trigger_update_device_status: device 0x2 of type 0 for Event 0
08-06 17:47:18.375 13982 13982 D AndroidRuntime: >>>>>> START com.android.internal.os.RuntimeInit uid 2000 <<<<<<
08-06 17:47:18.381 13982 13982 D AndroidRuntime: CheckJNI is OFF
08-06 17:47:18.395 13665 13677 I art     : Starting a blocking GC Explicit
08-06 17:47:18.416 13665 13677 I art     : Explicit concurrent mark sweep GC freed 1389(80KB) AllocSpace objects, 1(20KB) LOS objects, 40% free, 22MB/37MB, paused 272us total 20.350ms
08-06 17:47:18.426 13665 13677 I art     : Starting a blocking GC Explicit
08-06 17:47:18.427 13982 13982 D ICU     : No timezone override file found: /data/misc/zoneinfo/current/icu/icu_tzdata.dat
08-06 17:47:18.446 13665 13677 I art     : Explicit concurrent mark sweep GC freed 25(816B) AllocSpace objects, 0(0B) LOS objects, 40% free, 22MB/37MB, paused 274us total 19.773ms
08-06 17:47:18.456 13665 13677 I art     : Starting a blocking GC Explicit
08-06 17:47:18.470 13982 13982 I Radio-JNI: register_android_hardware_Radio DONE
08-06 17:47:18.476 13665 13677 I art     : Explicit concurrent mark sweep GC freed 3(96B) AllocSpace objects, 0(0B) LOS objects, 40% free, 22MB/37MB, paused 266us total 19.692ms
08-06 17:47:18.476 13665 13676 I art     : WaitForGcToComplete blocked for 20.007ms for cause HeapTrim
08-06 17:47:18.485 13665 13677 I art     : Starting a blocking GC Explicit
08-06 17:47:18.500 13982 13982 D AndroidRuntime: Calling main entry com.android.commands.input.Input
08-06 17:47:18.503 13982 13982 I Input   : injectMotionEvent: MotionEvent { action=ACTION_DOWN, actionButton=0, id[0]=0, x[0]=324.0, y[0]=2298.0, toolType[0]=TOOL_TYPE_UNKNOWN, buttonState=0, metaState=0, flags=0x0, edgeFlags=0x0, pointerCount=1, historySize=0, eventTime=899254916, downTime=899254916, deviceId=0, source=0x1002 }
08-06 17:47:18.505 13665 13677 I art     : Explicit concurrent mark sweep GC freed 3(96B) AllocSpace objects, 0(0B) LOS objects, 40% free, 22MB/37MB, paused 260us total 19.401ms
08-06 17:47:18.507 13982 13982 I Input   : injectMotionEvent: MotionEvent { action=ACTION_UP, actionButton=0, id[0]=0, x[0]=324.0, y[0]=2298.0, toolType[0]=TOOL_TYPE_UNKNOWN, buttonState=0, metaState=0, flags=0x0, edgeFlags=0x0, pointerCount=1, historySize=0, eventTime=899254916, downTime=899254916, deviceId=0, source=0x1002 }
08-06 17:47:18.509 13982 13982 D AndroidRuntime: Shutting down VM
08-06 17:47:18.515 13665 13677 I art     : Starting a blocking GC Explicit
08-06 17:47:18.517   512  2967 D audio_hw_primary: out_set_parameters: enter: usecase(1: low-latency-playback) kvpairs: routing=2
08-06 17:47:18.518   918  4400 I ActivityManager: START u0 {cmp=baseline.de.danoeh.antennapod.debug/baseline.de.danoeh.antennapod.activity.PreferenceActivity} from uid 10711 on display 0
08-06 17:47:18.531   512  2967 D audio_hw_primary: select_devices: out_snd_device(2: speaker) in_snd_device(0: none)
08-06 17:47:18.531   512  2967 D msm8974_platform: platform_send_audio_calibration: sending audio calibration for snd_device(2) acdb_id(15)
08-06 17:47:18.531   512  2967 I soundtrigger: audio_extn_sound_trigger_update_device_status: device 0x2 of type 0 for Event 1
08-06 17:47:18.536 13665 13677 I art     : Explicit concurrent mark sweep GC freed 49(23KB) AllocSpace objects, 1(20KB) LOS objects, 40% free, 22MB/37MB, paused 367us total 20.230ms
08-06 17:47:18.541   512  2967 D audio_hw_primary: enable_snd_device: snd_device(2: speaker)
08-06 17:47:18.543   512  2967 D audio_hw_primary: enable_audio_route: apply and update mixer path: low-latency-playback speaker
08-06 17:47:18.586   512  2967 D AudioFlinger: mixer(0xf4740000) throttle end: throttle time(12)
08-06 17:47:18.806 13665 13678 I art     : Starting a blocking GC Explicit
08-06 17:47:18.833 13665 13678 I art     : Explicit concurrent mark sweep GC freed 4293(417KB) AllocSpace objects, 1(20KB) LOS objects, 40% free, 23MB/39MB, paused 294us total 27.113ms
08-06 17:47:18.843 13665 13678 I art     : Starting a blocking GC Explicit
08-06 17:47:18.861 13866 13866 I GoogleInputMethodServic: GoogleInputMethodService.onFinishInput():3138 
08-06 17:47:18.861   918   936 I ActivityManager: Displayed baseline.de.danoeh.antennapod.debug/baseline.de.danoeh.antennapod.activity.PreferenceActivity: +317ms
08-06 17:47:18.862 13866 13866 I GoogleInputMethodServic: GoogleInputMethodService.onStartInput():1808 
08-06 17:47:18.870 13665 13678 I art     : Explicit concurrent mark sweep GC freed 670(28KB) AllocSpace objects, 0(0B) LOS objects, 40% free, 23MB/39MB, paused 595us total 26.017ms
08-06 17:47:18.882 13665 13678 I art     : Starting a blocking GC Explicit
08-06 17:47:18.905 13665 13686 D OpenGLRenderer: endAllStagingAnimators on 0x7f7f1f9000 (RippleDrawable) with handle 0x7f7e28c120
08-06 17:47:18.909 13665 13678 I art     : Explicit concurrent mark sweep GC freed 35(1440B) AllocSpace objects, 0(0B) LOS objects, 40% free, 23MB/38MB, paused 453us total 26.457ms
08-06 17:47:18.922 13665 13678 I art     : Starting a blocking GC Explicit
08-06 17:47:18.942 13665 13678 I art     : Explicit concurrent mark sweep GC freed 15(976B) AllocSpace objects, 0(0B) LOS objects, 40% free, 23MB/38MB, paused 266us total 20.134ms
08-06 17:47:18.953 13665 13678 I art     : Starting a blocking GC Explicit
08-06 17:47:18.974 13665 13678 I art     : Explicit concurrent mark sweep GC freed 9(288B) AllocSpace objects, 0(0B) LOS objects, 40% free, 23MB/38MB, paused 250us total 20.531ms
08-06 17:47:19.079   512  2967 D audio_hw_primary: disable_audio_route: reset and update mixer path: low-latency-playback speaker
08-06 17:47:19.081   512  2967 D audio_hw_primary: disable_snd_device: snd_device(2: speaker)
08-06 17:47:19.089   512  2967 I soundtrigger: audio_extn_sound_trigger_update_device_status: device 0x2 of type 0 for Event 0
08-06 17:47:19.113   380   380 W SurfaceFlinger: couldn't log to binary event log: overflow.
08-06 17:47:19.219 13665 13665 D PlaybackController: Releasing PlaybackController
08-06 17:47:19.245 13665 13678 I art     : Starting a blocking GC Explicit
08-06 17:47:19.266 13665 13678 I art     : Explicit concurrent mark sweep GC freed 1624(97KB) AllocSpace objects, 1(20KB) LOS objects, 40% free, 23MB/39MB, paused 249us total 21.387ms
08-06 17:47:19.276 13665 13678 I art     : Starting a blocking GC Explicit
08-06 17:47:19.298 13665 13678 I art     : Explicit concurrent mark sweep GC freed 90(2800B) AllocSpace objects, 0(0B) LOS objects, 40% free, 23MB/39MB, paused 264us total 21.710ms
08-06 17:47:19.308 13665 13678 I art     : Starting a blocking GC Explicit
08-06 17:47:19.331 13665 13678 I art     : Explicit concurrent mark sweep GC freed 3(96B) AllocSpace objects, 0(0B) LOS objects, 40% free, 23MB/39MB, paused 266us total 22.466ms
08-06 17:47:19.341 13665 13678 I art     : Starting a blocking GC Explicit
08-06 17:47:19.364 13665 13678 I art     : Explicit concurrent mark sweep GC freed 3(96B) AllocSpace objects, 0(0B) LOS objects, 40% free, 23MB/39MB, paused 261us total 22.485ms
08-06 17:47:19.374 13665 13678 I art     : Starting a blocking GC Explicit
08-06 17:47:19.398 13665 13678 I art     : Explicit concurrent mark sweep GC freed 3(96B) AllocSpace objects, 0(0B) LOS objects, 40% free, 23MB/39MB, paused 257us total 23.096ms
08-06 17:47:19.698 13665 13775 I art     : Starting a blocking GC Explicit
08-06 17:47:19.729 13665 13775 I art     : Explicit concurrent mark sweep GC freed 1364(80KB) AllocSpace objects, 1(20KB) LOS objects, 40% free, 23MB/39MB, paused 301us total 30.946ms
08-06 17:47:19.747 13665 13775 I art     : Starting a blocking GC Explicit
08-06 17:47:19.771 13665 13775 I art     : Explicit concurrent mark sweep GC freed 23(752B) AllocSpace objects, 0(0B) LOS objects, 40% free, 23MB/39MB, paused 267us total 23.092ms
08-06 17:47:19.782 13665 13775 I art     : Starting a blocking GC Explicit
08-06 17:47:19.804 13665 13775 I art     : Explicit concurrent mark sweep GC freed 3(96B) AllocSpace objects, 0(0B) LOS objects, 40% free, 23MB/39MB, paused 257us total 21.483ms
08-06 17:47:19.814 13665 13775 I art     : Starting a blocking GC Explicit
08-06 17:47:19.837 13665 13775 I art     : Explicit concurrent mark sweep GC freed 3(96B) AllocSpace objects, 0(0B) LOS objects, 40% free, 23MB/39MB, paused 259us total 22.256ms
08-06 17:47:19.847 13665 13775 I art     : Starting a blocking GC Explicit
08-06 17:47:19.869 13665 13775 I art     : Explicit concurrent mark sweep GC freed 3(96B) AllocSpace objects, 0(0B) LOS objects, 40% free, 23MB/39MB, paused 260us total 22.346ms
08-06 17:47:20.132 13665 13677 I art     : Starting a blocking GC Explicit
08-06 17:47:20.160 13665 13677 I art     : Explicit concurrent mark sweep GC freed 1364(80KB) AllocSpace objects, 1(20KB) LOS objects, 40% free, 23MB/39MB, paused 285us total 28.082ms
08-06 17:47:20.173 13665 13677 I art     : Starting a blocking GC Explicit
08-06 17:47:20.197 13665 13677 I art     : Explicit concurrent mark sweep GC freed 23(752B) AllocSpace objects, 0(0B) LOS objects, 40% free, 23MB/39MB, paused 257us total 23.784ms
08-06 17:47:20.207 13665 13677 I art     : Starting a blocking GC Explicit
08-06 17:47:20.231 13665 13677 I art     : Explicit concurrent mark sweep GC freed 6(192B) AllocSpace objects, 0(0B) LOS objects, 40% free, 23MB/39MB, paused 412us total 23.350ms
08-06 17:47:20.242 13665 13677 I art     : Starting a blocking GC Explicit
08-06 17:47:20.267 13665 13677 I art     : Explicit concurrent mark sweep GC freed 8(256B) AllocSpace objects, 0(0B) LOS objects, 40% free, 23MB/39MB, paused 293us total 25.157ms
08-06 17:47:20.278 13665 13677 I art     : Starting a blocking GC Explicit
08-06 17:47:20.299 14044 14044 D AndroidRuntime: >>>>>> START com.android.internal.os.RuntimeInit uid 2000 <<<<<<
08-06 17:47:20.303 13665 13677 I art     : Explicit concurrent mark sweep GC freed 71(2848B) AllocSpace objects, 0(0B) LOS objects, 40% free, 23MB/39MB, paused 538us total 24.655ms
08-06 17:47:20.304 14044 14044 D AndroidRuntime: CheckJNI is OFF
08-06 17:47:20.344 14044 14044 D ICU     : No timezone override file found: /data/misc/zoneinfo/current/icu/icu_tzdata.dat
08-06 17:47:20.385 14044 14044 I Radio-JNI: register_android_hardware_Radio DONE
08-06 17:47:20.414 14044 14044 D AndroidRuntime: Calling main entry com.android.commands.input.Input
08-06 17:47:20.415 14044 14044 I Input   : injectMotionEvent: MotionEvent { action=ACTION_DOWN, actionButton=0, id[0]=0, x[0]=400.0, y[0]=997.0, toolType[0]=TOOL_TYPE_UNKNOWN, buttonState=0, metaState=0, flags=0x0, edgeFlags=0x0, pointerCount=1, historySize=0, eventTime=899256828, downTime=899256828, deviceId=0, source=0x1002 }
08-06 17:47:20.426 14044 14044 I Input   : injectMotionEvent: MotionEvent { action=ACTION_UP, actionButton=0, id[0]=0, x[0]=400.0, y[0]=997.0, toolType[0]=TOOL_TYPE_UNKNOWN, buttonState=0, metaState=0, flags=0x0, edgeFlags=0x0, pointerCount=1, historySize=0, eventTime=899256828, downTime=899256828, deviceId=0, source=0x1002 }
08-06 17:47:20.428 14044 14044 D AndroidRuntime: Shutting down VM
08-06 17:47:20.440   512  2967 D audio_hw_primary: out_set_parameters: enter: usecase(1: low-latency-playback) kvpairs: routing=2
08-06 17:47:20.453   512  2967 D audio_hw_primary: select_devices: out_snd_device(2: speaker) in_snd_device(0: none)
08-06 17:47:20.454   512  2967 D msm8974_platform: platform_send_audio_calibration: sending audio calibration for snd_device(2) acdb_id(15)
08-06 17:47:20.454   512  2967 I soundtrigger: audio_extn_sound_trigger_update_device_status: device 0x2 of type 0 for Event 1
08-06 17:47:20.464   512  2967 D audio_hw_primary: enable_snd_device: snd_device(2: speaker)
08-06 17:47:20.466   512  2967 D audio_hw_primary: enable_audio_route: apply and update mixer path: low-latency-playback speaker
08-06 17:47:20.574 13665 13678 I art     : Starting a blocking GC Explicit
08-06 17:47:20.585 13866 13866 I GoogleInputMethodServic: GoogleInputMethodService.onFinishInput():3138 
08-06 17:47:20.587 13866 13866 I GoogleInputMethodServic: GoogleInputMethodService.onStartInput():1808 
08-06 17:47:20.602 13665 13678 I art     : Explicit concurrent mark sweep GC freed 3307(198KB) AllocSpace objects, 2(40KB) LOS objects, 40% free, 23MB/39MB, paused 271us total 27.981ms
08-06 17:47:20.612 13665 13678 I art     : Starting a blocking GC Explicit
08-06 17:47:20.636 13665 13678 I art     : Explicit concurrent mark sweep GC freed 178(8KB) AllocSpace objects, 0(0B) LOS objects, 40% free, 23MB/39MB, paused 250us total 23.425ms
08-06 17:47:20.647 13665 13678 I art     : Starting a blocking GC Explicit
08-06 17:47:20.671 13665 13678 I art     : Explicit concurrent mark sweep GC freed 3(96B) AllocSpace objects, 0(0B) LOS objects, 40% free, 23MB/39MB, paused 272us total 23.948ms
08-06 17:47:20.681 13665 13678 I art     : Starting a blocking GC Explicit
08-06 17:47:20.706 13665 13678 I art     : Explicit concurrent mark sweep GC freed 3(96B) AllocSpace objects, 0(0B) LOS objects, 40% free, 23MB/39MB, paused 276us total 24.009ms
08-06 17:47:20.716 13665 13678 I art     : Starting a blocking GC Explicit
08-06 17:47:20.741 13665 13678 I art     : Explicit concurrent mark sweep GC freed 3(96B) AllocSpace objects, 0(0B) LOS objects, 40% free, 23MB/39MB, paused 270us total 24.324ms
08-06 17:47:20.999   512  2967 D audio_hw_primary: disable_audio_route: reset and update mixer path: low-latency-playback speaker
08-06 17:47:21.001   512  2967 D audio_hw_primary: disable_snd_device: snd_device(2: speaker)
08-06 17:47:21.009   512  2967 I soundtrigger: audio_extn_sound_trigger_update_device_status: device 0x2 of type 0 for Event 0
08-06 17:47:21.021 13665 13677 I art     : Starting a blocking GC Explicit
08-06 17:47:21.049 13665 13677 I art     : Explicit concurrent mark sweep GC freed 1365(80KB) AllocSpace objects, 1(20KB) LOS objects, 40% free, 23MB/39MB, paused 263us total 27.533ms
08-06 17:47:21.060 13665 13677 I art     : Starting a blocking GC Explicit
08-06 17:47:21.086 13665 13677 I art     : Explicit concurrent mark sweep GC freed 23(752B) AllocSpace objects, 0(0B) LOS objects, 40% free, 23MB/39MB, paused 250us total 25.491ms
08-06 17:47:21.097 13665 13677 I art     : Starting a blocking GC Explicit
08-06 17:47:21.122 13665 13677 I art     : Explicit concurrent mark sweep GC freed 3(96B) AllocSpace objects, 0(0B) LOS objects, 40% free, 23MB/39MB, paused 257us total 25.097ms
08-06 17:47:21.133 13665 13677 I art     : Starting a blocking GC Explicit
08-06 17:47:21.158 13665 13677 I art     : Explicit concurrent mark sweep GC freed 3(96B) AllocSpace objects, 0(0B) LOS objects, 40% free, 23MB/39MB, paused 256us total 25.267ms
08-06 17:47:21.169 13665 13677 I art     : Starting a blocking GC Explicit
08-06 17:47:21.194 13665 13677 I art     : Explicit concurrent mark sweep GC freed 3(96B) AllocSpace objects, 0(0B) LOS objects, 40% free, 23MB/39MB, paused 259us total 23.941ms
08-06 17:47:21.225 14077 14077 D AndroidRuntime: >>>>>> START com.android.internal.os.RuntimeInit uid 2000 <<<<<<
08-06 17:47:21.231 14077 14077 D AndroidRuntime: CheckJNI is OFF
08-06 17:47:21.276 14077 14077 D ICU     : No timezone override file found: /data/misc/zoneinfo/current/icu/icu_tzdata.dat
08-06 17:47:21.323 14077 14077 I Radio-JNI: register_android_hardware_Radio DONE
08-06 17:47:21.353 14077 14077 D AndroidRuntime: Calling main entry com.android.commands.input.Input
08-06 17:47:21.355 14077 14077 I Input   : injectMotionEvent: MotionEvent { action=ACTION_DOWN, actionButton=0, id[0]=0, x[0]=697.0, y[0]=656.0, toolType[0]=TOOL_TYPE_UNKNOWN, buttonState=0, metaState=0, flags=0x0, edgeFlags=0x0, pointerCount=1, historySize=0, eventTime=899257768, downTime=899257768, deviceId=0, source=0x1002 }
08-06 17:47:21.359 14077 14077 I Input   : injectMotionEvent: MotionEvent { action=ACTION_UP, actionButton=0, id[0]=0, x[0]=697.0, y[0]=656.0, toolType[0]=TOOL_TYPE_UNKNOWN, buttonState=0, metaState=0, flags=0x0, edgeFlags=0x0, pointerCount=1, historySize=0, eventTime=899257768, downTime=899257768, deviceId=0, source=0x1002 }
08-06 17:47:21.361 14077 14077 D AndroidRuntime: Shutting down VM
08-06 17:47:21.370   512  2967 D audio_hw_primary: out_set_parameters: enter: usecase(1: low-latency-playback) kvpairs: routing=2
08-06 17:47:21.383   512  2967 D audio_hw_primary: select_devices: out_snd_device(2: speaker) in_snd_device(0: none)
08-06 17:47:21.383   512  2967 D msm8974_platform: platform_send_audio_calibration: sending audio calibration for snd_device(2) acdb_id(15)
08-06 17:47:21.383   512  2967 I soundtrigger: audio_extn_sound_trigger_update_device_status: device 0x2 of type 0 for Event 1
08-06 17:47:21.393   512  2967 D audio_hw_primary: enable_snd_device: snd_device(2: speaker)
08-06 17:47:21.395   512  2967 D audio_hw_primary: enable_audio_route: apply and update mixer path: low-latency-playback speaker
08-06 17:47:21.432 13866 13866 I GoogleInputMethodServic: GoogleInputMethodService.onFinishInput():3138 
08-06 17:47:21.433 13866 13866 I GoogleInputMethodServic: GoogleInputMethodService.onStartInput():1808 
08-06 17:47:21.437   512  2967 D AudioFlinger: mixer(0xf4740000) throttle end: throttle time(12)
08-06 17:47:21.472 13665 13678 I art     : Starting a blocking GC Explicit
08-06 17:47:21.499 13665 13678 I art     : Explicit concurrent mark sweep GC freed 2440(195KB) AllocSpace objects, 1(20KB) LOS objects, 40% free, 23MB/39MB, paused 281us total 27.022ms
08-06 17:47:21.511 13665 13678 I art     : Starting a blocking GC Explicit
08-06 17:47:21.539 13665 13678 I art     : Explicit concurrent mark sweep GC freed 163(7KB) AllocSpace objects, 0(0B) LOS objects, 40% free, 23MB/39MB, paused 258us total 27.630ms
08-06 17:47:21.550 13665 13678 I art     : Starting a blocking GC Explicit
08-06 17:47:21.578 13665 13678 I art     : Explicit concurrent mark sweep GC freed 3(96B) AllocSpace objects, 0(0B) LOS objects, 40% free, 23MB/39MB, paused 365us total 27.158ms
08-06 17:47:21.591 13665 13678 I art     : Starting a blocking GC Explicit
08-06 17:47:21.618 13665 13678 I art     : Explicit concurrent mark sweep GC freed 3(96B) AllocSpace objects, 0(0B) LOS objects, 40% free, 23MB/39MB, paused 276us total 26.230ms
08-06 17:47:21.628 13665 13678 I art     : Starting a blocking GC Explicit
08-06 17:47:21.653 13665 13678 I art     : Explicit concurrent mark sweep GC freed 5(160B) AllocSpace objects, 0(0B) LOS objects, 40% free, 23MB/39MB, paused 256us total 24.740ms
08-06 17:47:21.666 29532 29532 W PathParser: Points are too far apart 4.030360828967057
08-06 17:47:21.666 29532 29532 W PathParser: Points are too far apart 4.030360538880159
08-06 17:47:21.682 29532 29532 W PathParser: Points are too far apart 4.030360828967057
08-06 17:47:21.682 29532 29532 W PathParser: Points are too far apart 4.030360538880159
08-06 17:47:21.699 29532 29532 W PathParser: Points are too far apart 4.030360828967057
08-06 17:47:21.699 29532 29532 W PathParser: Points are too far apart 4.030360538880159
08-06 17:47:21.715 29532 29532 W PathParser: Points are too far apart 4.030360828967057
08-06 17:47:21.716 29532 29532 W PathParser: Points are too far apart 4.030360538880159
08-06 17:47:21.732 29532 29532 W PathParser: Points are too far apart 4.030360828967057
08-06 17:47:21.732 29532 29532 W PathParser: Points are too far apart 4.030360538880159
08-06 17:47:21.749 29532 29532 W PathParser: Points are too far apart 4.030360828967057
08-06 17:47:21.749 29532 29532 W PathParser: Points are too far apart 4.030360538880159
08-06 17:47:21.765 29532 29532 W PathParser: Points are too far apart 4.030360828967057
08-06 17:47:21.766 29532 29532 W PathParser: Points are too far apart 4.030360538880159
08-06 17:47:21.929   512  2967 D audio_hw_primary: disable_audio_route: reset and update mixer path: low-latency-playback speaker
08-06 17:47:21.931   512  2967 D audio_hw_primary: disable_snd_device: snd_device(2: speaker)
08-06 17:47:21.938 13665 14111 I art     : Starting a blocking GC Explicit
08-06 17:47:21.941   512  2967 I soundtrigger: audio_extn_sound_trigger_update_device_status: device 0x2 of type 0 for Event 0
08-06 17:47:21.972 13665 14111 I art     : Explicit concurrent mark sweep GC freed 1368(80KB) AllocSpace objects, 1(20KB) LOS objects, 40% free, 23MB/39MB, paused 302us total 33.639ms
08-06 17:47:21.986 13665 14111 I art     : Starting a blocking GC Explicit
08-06 17:47:22.014 13665 14111 I art     : Explicit concurrent mark sweep GC freed 29(944B) AllocSpace objects, 0(0B) LOS objects, 40% free, 23MB/39MB, paused 347us total 28.005ms
08-06 17:47:22.027 13665 14111 I art     : Starting a blocking GC Explicit
08-06 17:47:22.055 13665 14111 I art     : Explicit concurrent mark sweep GC freed 3(96B) AllocSpace objects, 0(0B) LOS objects, 40% free, 23MB/39MB, paused 264us total 28.334ms
08-06 17:47:22.067 13665 14111 I art     : Starting a blocking GC Explicit
08-06 17:47:22.096 13665 14111 I art     : Explicit concurrent mark sweep GC freed 4(128B) AllocSpace objects, 0(0B) LOS objects, 40% free, 23MB/39MB, paused 311us total 28.610ms
08-06 17:47:22.109 13665 14111 I art     : Starting a blocking GC Explicit
08-06 17:47:22.139 13665 14111 I art     : Explicit concurrent mark sweep GC freed 103(4KB) AllocSpace objects, 0(0B) LOS objects, 40% free, 23MB/39MB, paused 517us total 29.494ms
08-06 17:47:22.152 14109 14109 D AndroidRuntime: >>>>>> START com.android.internal.os.RuntimeInit uid 2000 <<<<<<
08-06 17:47:22.159 14109 14109 D AndroidRuntime: CheckJNI is OFF
08-06 17:47:22.199 14109 14109 D ICU     : No timezone override file found: /data/misc/zoneinfo/current/icu/icu_tzdata.dat
08-06 17:47:22.243 14109 14109 I Radio-JNI: register_android_hardware_Radio DONE
08-06 17:47:22.273 14109 14109 D AndroidRuntime: Calling main entry com.android.commands.input.Input
08-06 17:47:22.276 14109 14109 I Input   : injectMotionEvent: MotionEvent { action=ACTION_DOWN, actionButton=0, id[0]=0, x[0]=256.0, y[0]=1589.0, toolType[0]=TOOL_TYPE_UNKNOWN, buttonState=0, metaState=0, flags=0x0, edgeFlags=0x0, pointerCount=1, historySize=0, eventTime=899258688, downTime=899258688, deviceId=0, source=0x1002 }
08-06 17:47:22.284 14109 14109 I Input   : injectMotionEvent: MotionEvent { action=ACTION_UP, actionButton=0, id[0]=0, x[0]=256.0, y[0]=1589.0, toolType[0]=TOOL_TYPE_UNKNOWN, buttonState=0, metaState=0, flags=0x0, edgeFlags=0x0, pointerCount=1, historySize=0, eventTime=899258688, downTime=899258688, deviceId=0, source=0x1002 }
08-06 17:47:22.290 14109 14109 D AndroidRuntime: Shutting down VM
08-06 17:47:22.308 13665 13665 D UserPreferences: timeOfDay: []
08-06 17:47:22.308 13665 13665 D AutoUpdateManager: Restarting update alarm.
08-06 17:47:22.309 13665 13665 D AutoUpdateManager: Automatic update was deactivated
08-06 17:47:22.311   512  2967 D audio_hw_primary: out_set_parameters: enter: usecase(1: low-latency-playback) kvpairs: routing=2
08-06 17:47:22.324   512  2967 D audio_hw_primary: select_devices: out_snd_device(2: speaker) in_snd_device(0: none)
08-06 17:47:22.324   512  2967 D msm8974_platform: platform_send_audio_calibration: sending audio calibration for snd_device(2) acdb_id(15)
08-06 17:47:22.324   512  2967 I soundtrigger: audio_extn_sound_trigger_update_device_status: device 0x2 of type 0 for Event 1
08-06 17:47:22.341   512  2967 D audio_hw_primary: enable_snd_device: snd_device(2: speaker)
08-06 17:47:22.343 13866 13866 I GoogleInputMethodServic: GoogleInputMethodService.onFinishInput():3138 
08-06 17:47:22.343   512  2967 D audio_hw_primary: enable_audio_route: apply and update mixer path: low-latency-playback speaker
08-06 17:47:22.344 13866 13866 I GoogleInputMethodServic: GoogleInputMethodService.onStartInput():1808 
08-06 17:47:22.349 29532 29532 W PathParser: Points are too far apart 4.030360828967057
08-06 17:47:22.349 29532 29532 W PathParser: Points are too far apart 4.030360538880159
08-06 17:47:22.366 29532 29532 W PathParser: Points are too far apart 4.030360828967057
08-06 17:47:22.367 29532 29532 W PathParser: Points are too far apart 4.030360538880159
08-06 17:47:22.383 29532 29532 W PathParser: Points are too far apart 4.030360828967057
08-06 17:47:22.383 29532 29532 W PathParser: Points are too far apart 4.030360538880159
08-06 17:47:22.388   512  2967 D AudioFlinger: mixer(0xf4740000) throttle end: throttle time(12)
08-06 17:47:22.400 29532 29532 W PathParser: Points are too far apart 4.030360828967057
08-06 17:47:22.400 29532 29532 W PathParser: Points are too far apart 4.030360538880159
08-06 17:47:22.416 29532 29532 W PathParser: Points are too far apart 4.030360828967057
08-06 17:47:22.416 29532 29532 W PathParser: Points are too far apart 4.030360538880159
08-06 17:47:22.424 13665 13678 I art     : Starting a blocking GC Explicit
08-06 17:47:22.433   518   646 I ThermalEngine: ACTION: GPU - Setting GPU[0] to 390000000
08-06 17:47:22.435 29532 29532 W PathParser: Points are too far apart 4.030360828967057
08-06 17:47:22.435 29532 29532 W PathParser: Points are too far apart 4.030360538880159
08-06 17:47:22.454 29532 29532 W PathParser: Points are too far apart 4.030360828967057
08-06 17:47:22.455 29532 29532 W PathParser: Points are too far apart 4.030360538880159
08-06 17:47:22.464 13665 13678 I art     : Explicit concurrent mark sweep GC freed 2128(120KB) AllocSpace objects, 2(40KB) LOS objects, 40% free, 23MB/39MB, paused 375us total 40.416ms
08-06 17:47:22.468 29532 29532 W PathParser: Points are too far apart 4.030360828967057
08-06 17:47:22.468 29532 29532 W PathParser: Points are too far apart 4.030360538880159
08-06 17:47:22.479 13665 13678 I art     : Starting a blocking GC Explicit
08-06 17:47:22.509 13665 13678 I art     : Explicit concurrent mark sweep GC freed 52(1920B) AllocSpace objects, 0(0B) LOS objects, 40% free, 23MB/39MB, paused 427us total 29.280ms
08-06 17:47:22.515   380   380 W SurfaceFlinger: couldn't log to binary event log: overflow.
08-06 17:47:22.525 13665 13678 I art     : Starting a blocking GC Explicit
08-06 17:47:22.555 13665 13678 I art     : Explicit concurrent mark sweep GC freed 3(96B) AllocSpace objects, 0(0B) LOS objects, 40% free, 23MB/39MB, paused 366us total 30.048ms
08-06 17:47:22.569 13665 13678 I art     : Starting a blocking GC Explicit
08-06 17:47:22.598 13665 13678 I art     : Explicit concurrent mark sweep GC freed 3(96B) AllocSpace objects, 0(0B) LOS objects, 40% free, 23MB/39MB, paused 357us total 29.282ms
08-06 17:47:22.613 13665 13678 I art     : Starting a blocking GC Explicit
08-06 17:47:22.644 13665 13678 I art     : Explicit concurrent mark sweep GC freed 3(96B) AllocSpace objects, 0(0B) LOS objects, 40% free, 23MB/39MB, paused 467us total 30.502ms
08-06 17:47:22.879   512  2967 D audio_hw_primary: disable_audio_route: reset and update mixer path: low-latency-playback speaker
08-06 17:47:22.880   512  2967 D audio_hw_primary: disable_snd_device: snd_device(2: speaker)
08-06 17:47:22.888   512  2967 I soundtrigger: audio_extn_sound_trigger_update_device_status: device 0x2 of type 0 for Event 0
08-06 17:47:22.942 13665 14111 I art     : Starting a blocking GC Explicit
08-06 17:47:22.980 13665 14111 I art     : Explicit concurrent mark sweep GC freed 1365(80KB) AllocSpace objects, 1(20KB) LOS objects, 40% free, 23MB/39MB, paused 488us total 37.379ms
08-06 17:47:22.996 13665 14111 I art     : Starting a blocking GC Explicit
08-06 17:47:23.028 13665 14111 I art     : Explicit concurrent mark sweep GC freed 125(6KB) AllocSpace objects, 0(0B) LOS objects, 40% free, 23MB/39MB, paused 437us total 32.436ms
08-06 17:47:23.044 13665 14111 I art     : Starting a blocking GC Explicit
08-06 17:47:23.076 13665 14111 I art     : Explicit concurrent mark sweep GC freed 869(55KB) AllocSpace objects, 1(48KB) LOS objects, 40% free, 23MB/39MB, paused 374us total 31.278ms
08-06 17:47:23.091 13665 14111 I art     : Starting a blocking GC Explicit
08-06 17:47:23.122 13665 14111 I art     : Explicit concurrent mark sweep GC freed 3(96B) AllocSpace objects, 0(0B) LOS objects, 40% free, 23MB/39MB, paused 372us total 30.835ms
08-06 17:47:23.137 13665 14111 I art     : Starting a blocking GC Explicit
08-06 17:47:23.168 13665 14111 I art     : Explicit concurrent mark sweep GC freed 3(96B) AllocSpace objects, 0(0B) LOS objects, 40% free, 23MB/39MB, paused 379us total 30.784ms
08-06 17:47:23.187 14141 14141 D AndroidRuntime: >>>>>> START com.android.internal.os.RuntimeInit uid 2000 <<<<<<
08-06 17:47:23.194 14141 14141 D AndroidRuntime: CheckJNI is OFF
08-06 17:47:23.250 14141 14141 D ICU     : No timezone override file found: /data/misc/zoneinfo/current/icu/icu_tzdata.dat
08-06 17:47:23.295 14141 14141 I Radio-JNI: register_android_hardware_Radio DONE
08-06 17:47:23.335 14141 14141 D AndroidRuntime: Calling main entry com.android.commands.input.Input
08-06 17:47:23.337 14141 14141 I Input   : injectKeyEvent: KeyEvent { action=ACTION_DOWN, keyCode=KEYCODE_BACK, scanCode=0, metaState=0, flags=0x0, repeatCount=0, eventTime=899259750, downTime=899259750, deviceId=-1, source=0x101 }
08-06 17:47:23.348 14141 14141 I Input   : injectKeyEvent: KeyEvent { action=ACTION_UP, keyCode=KEYCODE_BACK, scanCode=0, metaState=0, flags=0x0, repeatCount=0, eventTime=899259750, downTime=899259750, deviceId=-1, source=0x101 }
08-06 17:47:23.365 14141 14141 D AndroidRuntime: Shutting down VM
08-06 17:47:23.472 13866 13866 I GoogleInputMethodServic: GoogleInputMethodService.onFinishInput():3138 
08-06 17:47:23.473 13866 13866 I GoogleInputMethodServic: GoogleInputMethodService.onStartInput():1808 
08-06 17:47:23.476 13665 13677 I art     : Starting a blocking GC Explicit
08-06 17:47:23.518 13665 13677 I art     : Explicit concurrent mark sweep GC freed 2668(139KB) AllocSpace objects, 1(20KB) LOS objects, 39% free, 24MB/40MB, paused 545us total 42.186ms
08-06 17:47:23.523 13665 13676 I art     : WaitForGcToComplete blocked for 17.846ms for cause HeapTrim
08-06 17:47:23.533 13665 13677 I art     : Starting a blocking GC Explicit
08-06 17:47:23.562 13665 13677 I art     : Explicit concurrent mark sweep GC freed 8455(533KB) AllocSpace objects, 0(0B) LOS objects, 40% free, 23MB/39MB, paused 309us total 28.441ms
08-06 17:47:23.578 13665 13677 I art     : Starting a blocking GC Explicit
08-06 17:47:23.608 13665 13677 I art     : Explicit concurrent mark sweep GC freed 3(96B) AllocSpace objects, 0(0B) LOS objects, 40% free, 23MB/39MB, paused 423us total 30.046ms
08-06 17:47:23.624 13665 13677 I art     : Starting a blocking GC Explicit
08-06 17:47:23.655 13665 13677 I art     : Explicit concurrent mark sweep GC freed 3(96B) AllocSpace objects, 0(0B) LOS objects, 40% free, 23MB/39MB, paused 309us total 29.924ms
08-06 17:47:23.670 13665 13677 I art     : Starting a blocking GC Explicit
08-06 17:47:23.705 13665 13677 I art     : Explicit concurrent mark sweep GC freed 3(96B) AllocSpace objects, 0(0B) LOS objects, 40% free, 23MB/39MB, paused 308us total 34.113ms
08-06 17:47:24.019 13665 14111 I art     : Starting a blocking GC Explicit
08-06 17:47:24.058 13665 14111 I art     : Explicit concurrent mark sweep GC freed 1365(80KB) AllocSpace objects, 1(20KB) LOS objects, 40% free, 23MB/39MB, paused 545us total 38.386ms
08-06 17:47:24.076 13665 14111 I art     : Starting a blocking GC Explicit
08-06 17:47:24.107 13665 14111 I art     : Explicit concurrent mark sweep GC freed 23(752B) AllocSpace objects, 0(0B) LOS objects, 40% free, 23MB/39MB, paused 475us total 30.254ms
08-06 17:47:24.123 13665 14111 I art     : Starting a blocking GC Explicit
08-06 17:47:24.154 13665 14111 I art     : Explicit concurrent mark sweep GC freed 3(96B) AllocSpace objects, 0(0B) LOS objects, 40% free, 23MB/39MB, paused 375us total 30.890ms
08-06 17:47:24.170 13665 14111 I art     : Starting a blocking GC Explicit
08-06 17:47:24.200 13665 14111 I art     : Explicit concurrent mark sweep GC freed 3(96B) AllocSpace objects, 0(0B) LOS objects, 40% free, 23MB/39MB, paused 329us total 29.950ms
08-06 17:47:24.216 13665 14111 I art     : Starting a blocking GC Explicit
08-06 17:47:24.247 13665 14111 I art     : Explicit concurrent mark sweep GC freed 3(96B) AllocSpace objects, 0(0B) LOS objects, 40% free, 23MB/39MB, paused 335us total 30.523ms
08-06 17:47:24.361   918  1209 D NetworkMonitor/NetworkAgentInfo [WIFI () - 159]: Checking http://connectivitycheck.gstatic.com/generate_204 on "H369AA63323", 192.168.2.12=192.168.2.12
08-06 17:47:24.506   918  1209 D NetworkMonitor/NetworkAgentInfo [WIFI () - 159]: Probably not a portal: exception java.io.IOException: unexpected end of stream on Connection{connectivitycheck.gstatic.com:80, proxy=HTTP@/192.168.2.12:8080 hostAddress=192.168.2.12 cipherSuite=none protocol=http/1.1} (recycle count=0)
08-06 17:47:24.507   918  3263 D ConnectivityService: NetworkAgentInfo [WIFI () - 159] validation failed
08-06 17:47:24.508   918  3261 E WifiConfigStore:  rewrite network history for "H369AA63323"WPA_PSK
08-06 17:47:24.551 13665 13775 I art     : Starting a blocking GC Explicit
08-06 17:47:24.589 13665 13775 I art     : Explicit concurrent mark sweep GC freed 1392(80KB) AllocSpace objects, 1(20KB) LOS objects, 40% free, 23MB/39MB, paused 568us total 36.772ms
08-06 17:47:24.604 13665 13775 I art     : Starting a blocking GC Explicit
08-06 17:47:24.633 13665 13775 I art     : Explicit concurrent mark sweep GC freed 23(752B) AllocSpace objects, 0(0B) LOS objects, 40% free, 23MB/39MB, paused 382us total 28.881ms
08-06 17:47:24.648 13665 13775 I art     : Starting a blocking GC Explicit
08-06 17:47:24.669   918  3261 D WifiStateMachine: starting scan for "H369AA63323"WPA_PSK with 2412,5180
08-06 17:47:24.676 13665 13775 I art     : Explicit concurrent mark sweep GC freed 3(96B) AllocSpace objects, 0(0B) LOS objects, 40% free, 23MB/39MB, paused 344us total 28.479ms
08-06 17:47:24.692 13665 13775 I art     : Starting a blocking GC Explicit
08-06 17:47:24.720 13665 13775 I art     : Explicit concurrent mark sweep GC freed 3(96B) AllocSpace objects, 0(0B) LOS objects, 40% free, 23MB/39MB, paused 325us total 28.311ms
08-06 17:47:24.735 13665 13775 I art     : Starting a blocking GC Explicit
08-06 17:47:24.764 13665 13775 I art     : Explicit concurrent mark sweep GC freed 3(96B) AllocSpace objects, 0(0B) LOS objects, 40% free, 23MB/39MB, paused 373us total 28.726ms
08-06 17:47:25.075 13665 13775 I art     : Starting a blocking GC Explicit
08-06 17:47:25.106 13665 13775 I art     : Explicit concurrent mark sweep GC freed 1624(89KB) AllocSpace objects, 1(20KB) LOS objects, 40% free, 23MB/39MB, paused 649us total 30.098ms
08-06 17:47:25.121 13665 13775 I art     : Starting a blocking GC Explicit
08-06 17:47:25.152 13665 13775 I art     : Explicit concurrent mark sweep GC freed 161(5KB) AllocSpace objects, 0(0B) LOS objects, 40% free, 23MB/39MB, paused 567us total 30.100ms
08-06 17:47:25.165 13665 13775 I art     : Starting a blocking GC Explicit
08-06 17:47:25.192 13665 13775 I art     : Explicit concurrent mark sweep GC freed 143(4KB) AllocSpace objects, 0(0B) LOS objects, 40% free, 23MB/39MB, paused 562us total 26.599ms
08-06 17:47:25.206 13665 13775 I art     : Starting a blocking GC Explicit
08-06 17:47:25.234 13665 13775 I art     : Explicit concurrent mark sweep GC freed 102(3KB) AllocSpace objects, 0(0B) LOS objects, 40% free, 23MB/39MB, paused 473us total 27.472ms
08-06 17:47:25.247 13665 13775 I art     : Starting a blocking GC Explicit
08-06 17:47:25.269 14195 14195 D AndroidRuntime: >>>>>> START com.android.internal.os.RuntimeInit uid 2000 <<<<<<
08-06 17:47:25.274 13665 13775 I art     : Explicit concurrent mark sweep GC freed 94(3008B) AllocSpace objects, 0(0B) LOS objects, 40% free, 23MB/39MB, paused 604us total 26.458ms
08-06 17:47:25.275 14195 14195 D AndroidRuntime: CheckJNI is OFF
08-06 17:47:25.329 14195 14195 D ICU     : No timezone override file found: /data/misc/zoneinfo/current/icu/icu_tzdata.dat
08-06 17:47:25.372 14195 14195 I Radio-JNI: register_android_hardware_Radio DONE
08-06 17:47:25.404 14195 14195 D AndroidRuntime: Calling main entry com.android.commands.input.Input
08-06 17:47:25.407 14195 14195 I Input   : injectKeyEvent: KeyEvent { action=ACTION_DOWN, keyCode=KEYCODE_BACK, scanCode=0, metaState=0, flags=0x0, repeatCount=0, eventTime=899261820, downTime=899261820, deviceId=-1, source=0x101 }
08-06 17:47:25.428 14195 14195 I Input   : injectKeyEvent: KeyEvent { action=ACTION_UP, keyCode=KEYCODE_BACK, scanCode=0, metaState=0, flags=0x0, repeatCount=0, eventTime=899261820, downTime=899261820, deviceId=-1, source=0x101 }
08-06 17:47:25.437 14195 14195 D AndroidRuntime: Shutting down VM
08-06 17:47:25.437   518   646 I ThermalEngine: ACTION: GPU - Setting GPU[0] to 450000000
08-06 17:47:25.443 13665 13665 D QueueFragment: loadItems()
08-06 17:47:25.444 13665 13691 D DBReader: getQueue() called
08-06 17:47:25.444 13665 13691 D DBReader: getQueue()
08-06 17:47:25.444 13665 13665 V PlaybackController: initServiceNotRunning()
08-06 17:47:25.444 13665 13665 D ExternalPlayerFragment: Loading media info
08-06 17:47:25.445 13665 13691 D DBReader: getFavoriteIDList() called
08-06 17:47:25.446 13665 13691 D DBReader: getQueueIDList() called
08-06 17:47:25.446 13665 13665 D UserPreferences: Using default data folder
08-06 17:47:25.447 13665 13691 D DBReader: Extracting Feedlist
08-06 17:47:25.447 13665 13685 D DBReader: getNavDrawerData() called with: 
08-06 17:47:25.451 13665 13685 D DBReader: getDownloadedItems() called
08-06 17:47:25.451 13665 13685 D DBReader: getFavoriteIDList() called
08-06 17:47:25.452 13665 13685 D DBReader: getQueueIDList() called
08-06 17:47:25.452 13665 13685 D DBReader: Extracting Feedlist
08-06 17:47:25.489 13665 13665 D MainActivity: getLastNavFragment() -> QueueFragment
08-06 17:47:25.528 13866 13866 I GoogleInputMethodServic: GoogleInputMethodService.onFinishInput():3138 
08-06 17:47:25.529 13866 13866 I GoogleInputMethodServic: GoogleInputMethodService.onStartInput():1808 
08-06 17:47:25.559 13665 13677 I art     : Starting a blocking GC Explicit
08-06 17:47:25.583 13665 13677 I art     : Explicit concurrent mark sweep GC freed 3147(188KB) AllocSpace objects, 1(20KB) LOS objects, 40% free, 23MB/39MB, paused 291us total 23.992ms
08-06 17:47:25.594 13665 13677 I art     : Starting a blocking GC Explicit
08-06 17:47:25.616 13665 13677 I art     : Explicit concurrent mark sweep GC freed 1478(93KB) AllocSpace objects, 0(0B) LOS objects, 40% free, 23MB/39MB, paused 274us total 21.965ms
08-06 17:47:25.626 13665 13677 I art     : Starting a blocking GC Explicit
08-06 17:47:25.651 13665 13677 I art     : Explicit concurrent mark sweep GC freed 3(96B) AllocSpace objects, 0(0B) LOS objects, 40% free, 23MB/39MB, paused 287us total 24.544ms
08-06 17:47:25.664 13665 13677 I art     : Starting a blocking GC Explicit
08-06 17:47:25.693 13665 13677 I art     : Explicit concurrent mark sweep GC freed 3(96B) AllocSpace objects, 0(0B) LOS objects, 40% free, 23MB/39MB, paused 291us total 28.522ms
08-06 17:47:25.705 13665 13677 I art     : Starting a blocking GC Explicit
08-06 17:47:25.733 13665 13677 I art     : Explicit concurrent mark sweep GC freed 3(96B) AllocSpace objects, 0(0B) LOS objects, 40% free, 23MB/39MB, paused 304us total 27.175ms
08-06 17:47:25.818   380   380 W SurfaceFlinger: couldn't log to binary event log: overflow.
08-06 17:47:26.011 13665 13678 I art     : Starting a blocking GC Explicit
08-06 17:47:26.037 13665 13678 I art     : Explicit concurrent mark sweep GC freed 1907(105KB) AllocSpace objects, 1(20KB) LOS objects, 40% free, 23MB/39MB, paused 309us total 26.529ms
08-06 17:47:26.048 13665 13678 I art     : Starting a blocking GC Explicit
08-06 17:47:26.070 13665 13678 I art     : Explicit concurrent mark sweep GC freed 6245(390KB) AllocSpace objects, 11(308KB) LOS objects, 40% free, 22MB/38MB, paused 378us total 21.493ms
08-06 17:47:26.080 13665 13678 I art     : Starting a blocking GC Explicit
08-06 17:47:26.101 13665 13678 I art     : Explicit concurrent mark sweep GC freed 5(160B) AllocSpace objects, 0(0B) LOS objects, 40% free, 22MB/38MB, paused 292us total 20.697ms
08-06 17:47:26.112 13665 13678 I art     : Starting a blocking GC Explicit
08-06 17:47:26.133 13665 13678 I art     : Explicit concurrent mark sweep GC freed 3(96B) AllocSpace objects, 0(0B) LOS objects, 40% free, 22MB/38MB, paused 302us total 21.368ms
08-06 17:47:26.144 13665 13678 I art     : Starting a blocking GC Explicit
08-06 17:47:26.166 13665 13678 I art     : Explicit concurrent mark sweep GC freed 3(96B) AllocSpace objects, 0(0B) LOS objects, 40% free, 22MB/38MB, paused 296us total 21.637ms
08-06 17:47:26.471 13665 13775 I art     : Starting a blocking GC Explicit
08-06 17:47:26.497 13665 13775 I art     : Explicit concurrent mark sweep GC freed 1396(83KB) AllocSpace objects, 1(20KB) LOS objects, 40% free, 22MB/38MB, paused 306us total 25.601ms
08-06 17:47:26.510 13665 13775 I art     : Starting a blocking GC Explicit
08-06 17:47:26.533 13665 13775 I art     : Explicit concurrent mark sweep GC freed 23(752B) AllocSpace objects, 0(0B) LOS objects, 40% free, 22MB/38MB, paused 280us total 23.010ms
08-06 17:47:26.543 13665 13775 I art     : Starting a blocking GC Explicit
08-06 17:47:26.565 13665 13775 I art     : Explicit concurrent mark sweep GC freed 3(96B) AllocSpace objects, 0(0B) LOS objects, 40% free, 22MB/38MB, paused 276us total 21.330ms
08-06 17:47:26.575 13665 13775 I art     : Starting a blocking GC Explicit
08-06 17:47:26.597 13665 13775 I art     : Explicit concurrent mark sweep GC freed 3(96B) AllocSpace objects, 0(0B) LOS objects, 40% free, 22MB/38MB, paused 442us total 21.586ms
08-06 17:47:26.607 13665 13775 I art     : Starting a blocking GC Explicit
08-06 17:47:26.629 13665 13775 I art     : Explicit concurrent mark sweep GC freed 3(96B) AllocSpace objects, 0(0B) LOS objects, 40% free, 22MB/38MB, paused 287us total 21.251ms
08-06 17:47:26.897 13665 13677 I art     : Starting a blocking GC Explicit
08-06 17:47:26.922 13665 13677 I art     : Explicit concurrent mark sweep GC freed 1364(80KB) AllocSpace objects, 1(20KB) LOS objects, 40% free, 22MB/38MB, paused 310us total 24.024ms
08-06 17:47:26.936 13665 13677 I art     : Starting a blocking GC Explicit
08-06 17:47:26.957 13665 13677 I art     : Explicit concurrent mark sweep GC freed 23(752B) AllocSpace objects, 0(0B) LOS objects, 40% free, 22MB/38MB, paused 346us total 20.785ms
08-06 17:47:26.967 13665 13677 I art     : Starting a blocking GC Explicit
08-06 17:47:26.988 13665 13677 I art     : Explicit concurrent mark sweep GC freed 3(96B) AllocSpace objects, 0(0B) LOS objects, 40% free, 22MB/38MB, paused 307us total 20.524ms
08-06 17:47:26.998 13665 13677 I art     : Starting a blocking GC Explicit
08-06 17:47:27.020 13665 13677 I art     : Explicit concurrent mark sweep GC freed 3(96B) AllocSpace objects, 0(0B) LOS objects, 40% free, 22MB/38MB, paused 310us total 21.854ms
08-06 17:47:27.030 13665 13677 I art     : Starting a blocking GC Explicit
08-06 17:47:27.053 13665 13677 I art     : Explicit concurrent mark sweep GC freed 3(96B) AllocSpace objects, 0(0B) LOS objects, 40% free, 22MB/38MB, paused 297us total 23.113ms
08-06 17:47:27.223 14250 14250 D AndroidRuntime: >>>>>> START com.android.internal.os.RuntimeInit uid 2000 <<<<<<
08-06 17:47:27.229 14250 14250 D AndroidRuntime: CheckJNI is OFF
08-06 17:47:27.270 14250 14250 D ICU     : No timezone override file found: /data/misc/zoneinfo/current/icu/icu_tzdata.dat
08-06 17:47:27.312 14250 14250 I Radio-JNI: register_android_hardware_Radio DONE
08-06 17:47:27.341 14250 14250 D AndroidRuntime: Calling main entry com.android.commands.input.Input
08-06 17:47:27.343 14250 14250 I Input   : injectMotionEvent: MotionEvent { action=ACTION_DOWN, actionButton=0, id[0]=0, x[0]=103.0, y[0]=192.0, toolType[0]=TOOL_TYPE_UNKNOWN, buttonState=0, metaState=0, flags=0x0, edgeFlags=0x0, pointerCount=1, historySize=0, eventTime=899263755, downTime=899263755, deviceId=0, source=0x1002 }
08-06 17:47:27.348 14250 14250 I Input   : injectMotionEvent: MotionEvent { action=ACTION_UP, actionButton=0, id[0]=0, x[0]=103.0, y[0]=192.0, toolType[0]=TOOL_TYPE_UNKNOWN, buttonState=0, metaState=0, flags=0x0, edgeFlags=0x0, pointerCount=1, historySize=0, eventTime=899263755, downTime=899263755, deviceId=0, source=0x1002 }
08-06 17:47:27.350 14250 14250 D AndroidRuntime: Shutting down VM
08-06 17:47:27.356   512  2967 D audio_hw_primary: out_set_parameters: enter: usecase(1: low-latency-playback) kvpairs: routing=2
08-06 17:47:27.369   512  2967 D audio_hw_primary: select_devices: out_snd_device(2: speaker) in_snd_device(0: none)
08-06 17:47:27.369   512  2967 D msm8974_platform: platform_send_audio_calibration: sending audio calibration for snd_device(2) acdb_id(15)
08-06 17:47:27.369   512  2967 I soundtrigger: audio_extn_sound_trigger_update_device_status: device 0x2 of type 0 for Event 1
08-06 17:47:27.372 13665 13678 I art     : Starting a blocking GC Explicit
08-06 17:47:27.394   512  2967 D audio_hw_primary: enable_snd_device: snd_device(2: speaker)
08-06 17:47:27.396 13665 13678 I art     : Explicit concurrent mark sweep GC freed 1509(85KB) AllocSpace objects, 1(20KB) LOS objects, 40% free, 22MB/38MB, paused 566us total 23.008ms
08-06 17:47:27.396   512  2967 D audio_hw_primary: enable_audio_route: apply and update mixer path: low-latency-playback speaker
08-06 17:47:27.406 13866 13866 I GoogleInputMethodServic: GoogleInputMethodService.onFinishInput():3138 
08-06 17:47:27.406 13866 13866 I GoogleInputMethodServic: GoogleInputMethodService.onStartInput():1808 
08-06 17:47:27.407 13665 13678 I art     : Starting a blocking GC Explicit
08-06 17:47:27.427 13665 13678 I art     : Explicit concurrent mark sweep GC freed 41(1776B) AllocSpace objects, 0(0B) LOS objects, 40% free, 22MB/38MB, paused 413us total 20.597ms
08-06 17:47:27.439 13665 13678 I art     : Starting a blocking GC Explicit
08-06 17:47:27.457 13665 13678 I art     : Explicit concurrent mark sweep GC freed 419(22KB) AllocSpace objects, 0(0B) LOS objects, 40% free, 22MB/38MB, paused 297us total 18.236ms
08-06 17:47:27.466 13665 13678 I art     : Starting a blocking GC Explicit
08-06 17:47:27.485 13665 13678 I art     : Explicit concurrent mark sweep GC freed 7(384B) AllocSpace objects, 0(0B) LOS objects, 40% free, 22MB/38MB, paused 272us total 18.072ms
08-06 17:47:27.494 13665 13678 I art     : Starting a blocking GC Explicit
08-06 17:47:27.512 13665 13678 I art     : Explicit concurrent mark sweep GC freed 3(96B) AllocSpace objects, 0(0B) LOS objects, 40% free, 22MB/38MB, paused 265us total 18.131ms
08-06 17:47:27.790 13665 14111 I art     : Starting a blocking GC Explicit
08-06 17:47:27.816 13665 14111 I art     : Explicit concurrent mark sweep GC freed 1366(81KB) AllocSpace objects, 1(20KB) LOS objects, 40% free, 22MB/38MB, paused 304us total 25.144ms
08-06 17:47:27.827 13665 14111 I art     : Starting a blocking GC Explicit
08-06 17:47:27.852 13665 14111 I art     : Explicit concurrent mark sweep GC freed 33(1072B) AllocSpace objects, 0(0B) LOS objects, 40% free, 22MB/38MB, paused 304us total 24.733ms
08-06 17:47:27.862 13665 14111 I art     : Starting a blocking GC Explicit
08-06 17:47:27.883 13665 14111 I art     : Explicit concurrent mark sweep GC freed 3(96B) AllocSpace objects, 0(0B) LOS objects, 40% free, 22MB/38MB, paused 294us total 20.219ms
08-06 17:47:27.893 13665 14111 I art     : Starting a blocking GC Explicit
08-06 17:47:27.914 13665 14111 I art     : Explicit concurrent mark sweep GC freed 3(96B) AllocSpace objects, 0(0B) LOS objects, 40% free, 22MB/38MB, paused 292us total 20.571ms
08-06 17:47:27.924 13665 14111 I art     : Starting a blocking GC Explicit
08-06 17:47:27.928   512  2967 D audio_hw_primary: disable_audio_route: reset and update mixer path: low-latency-playback speaker
08-06 17:47:27.929   512  2967 D audio_hw_primary: disable_snd_device: snd_device(2: speaker)
08-06 17:47:27.937   512  2967 I soundtrigger: audio_extn_sound_trigger_update_device_status: device 0x2 of type 0 for Event 0
08-06 17:47:27.945 13665 14111 I art     : Explicit concurrent mark sweep GC freed 3(96B) AllocSpace objects, 0(0B) LOS objects, 40% free, 22MB/38MB, paused 300us total 20.310ms
08-06 17:47:28.236 13665 13678 I art     : Starting a blocking GC Explicit
08-06 17:47:28.263 13665 13678 I art     : Explicit concurrent mark sweep GC freed 1364(81KB) AllocSpace objects, 1(20KB) LOS objects, 40% free, 22MB/38MB, paused 344us total 27.144ms
08-06 17:47:28.278 13665 13678 I art     : Starting a blocking GC Explicit
08-06 17:47:28.300 13665 13678 I art     : Explicit concurrent mark sweep GC freed 54(1600B) AllocSpace objects, 0(0B) LOS objects, 40% free, 22MB/38MB, paused 281us total 21.554ms
08-06 17:47:28.310 13665 13678 I art     : Starting a blocking GC Explicit
08-06 17:47:28.332 13665 13678 I art     : Explicit concurrent mark sweep GC freed 3(96B) AllocSpace objects, 0(0B) LOS objects, 40% free, 22MB/38MB, paused 321us total 21.247ms
08-06 17:47:28.342 13665 13678 I art     : Starting a blocking GC Explicit
08-06 17:47:28.364 13665 13678 I art     : Explicit concurrent mark sweep GC freed 3(96B) AllocSpace objects, 0(0B) LOS objects, 40% free, 22MB/38MB, paused 297us total 21.360ms
08-06 17:47:28.374 13665 13678 I art     : Starting a blocking GC Explicit
08-06 17:47:28.396 13665 13678 I art     : Explicit concurrent mark sweep GC freed 3(96B) AllocSpace objects, 0(0B) LOS objects, 40% free, 22MB/38MB, paused 296us total 22.155ms
08-06 17:47:28.676 13665 14111 I art     : Starting a blocking GC Explicit
08-06 17:47:28.698 13665 14111 I art     : Explicit concurrent mark sweep GC freed 1363(82KB) AllocSpace objects, 1(20KB) LOS objects, 40% free, 22MB/38MB, paused 299us total 21.837ms
08-06 17:47:28.708 13665 14111 I art     : Starting a blocking GC Explicit
08-06 17:47:28.730 13665 14111 I art     : Explicit concurrent mark sweep GC freed 23(752B) AllocSpace objects, 0(0B) LOS objects, 40% free, 22MB/38MB, paused 306us total 20.820ms
08-06 17:47:28.740 13665 14111 I art     : Starting a blocking GC Explicit
08-06 17:47:28.761 13665 14111 I art     : Explicit concurrent mark sweep GC freed 3(96B) AllocSpace objects, 0(0B) LOS objects, 40% free, 22MB/38MB, paused 300us total 20.386ms
08-06 17:47:28.771 13665 14111 I art     : Starting a blocking GC Explicit
08-06 17:47:28.792 13665 14111 I art     : Explicit concurrent mark sweep GC freed 3(96B) AllocSpace objects, 0(0B) LOS objects, 40% free, 22MB/38MB, paused 294us total 20.903ms
08-06 17:47:28.802 13665 14111 I art     : Starting a blocking GC Explicit
08-06 17:47:28.823 13665 14111 I art     : Explicit concurrent mark sweep GC freed 3(96B) AllocSpace objects, 0(0B) LOS objects, 40% free, 22MB/38MB, paused 287us total 20.549ms
08-06 17:47:29.108 13665 13677 I art     : Starting a blocking GC Explicit
08-06 17:47:29.131 13665 13677 I art     : Explicit concurrent mark sweep GC freed 1378(80KB) AllocSpace objects, 1(20KB) LOS objects, 40% free, 22MB/38MB, paused 295us total 23.017ms
08-06 17:47:29.142 13665 13677 I art     : Starting a blocking GC Explicit
08-06 17:47:29.145 14309 14309 D AndroidRuntime: >>>>>> START com.android.internal.os.RuntimeInit uid 2000 <<<<<<
08-06 17:47:29.151 14309 14309 D AndroidRuntime: CheckJNI is OFF
08-06 17:47:29.163 13665 13677 I art     : Explicit concurrent mark sweep GC freed 27(880B) AllocSpace objects, 0(0B) LOS objects, 40% free, 22MB/38MB, paused 265us total 20.555ms
08-06 17:47:29.172 13665 13677 I art     : Starting a blocking GC Explicit
08-06 17:47:29.193 14309 14309 D ICU     : No timezone override file found: /data/misc/zoneinfo/current/icu/icu_tzdata.dat
08-06 17:47:29.194 13665 13677 I art     : Explicit concurrent mark sweep GC freed 8(256B) AllocSpace objects, 0(0B) LOS objects, 40% free, 22MB/38MB, paused 319us total 21.647ms
08-06 17:47:29.205 13665 13677 I art     : Starting a blocking GC Explicit
08-06 17:47:29.226 13665 13677 I art     : Explicit concurrent mark sweep GC freed 6(192B) AllocSpace objects, 0(0B) LOS objects, 40% free, 22MB/38MB, paused 272us total 20.860ms
08-06 17:47:29.237 13665 13677 I art     : Starting a blocking GC Explicit
08-06 17:47:29.239 14309 14309 I Radio-JNI: register_android_hardware_Radio DONE
08-06 17:47:29.258 13665 13677 I art     : Explicit concurrent mark sweep GC freed 4(128B) AllocSpace objects, 0(0B) LOS objects, 40% free, 22MB/38MB, paused 384us total 20.539ms
08-06 17:47:29.268 14309 14309 D AndroidRuntime: Calling main entry com.android.commands.input.Input
08-06 17:47:29.270 14309 14309 I Input   : injectMotionEvent: MotionEvent { action=ACTION_DOWN, actionButton=0, id[0]=0, x[0]=409.0, y[0]=1034.0, toolType[0]=TOOL_TYPE_UNKNOWN, buttonState=0, metaState=0, flags=0x0, edgeFlags=0x0, pointerCount=1, historySize=0, eventTime=899265682, downTime=899265682, deviceId=0, source=0x1002 }
08-06 17:47:29.277 14309 14309 I Input   : injectMotionEvent: MotionEvent { action=ACTION_UP, actionButton=0, id[0]=0, x[0]=409.0, y[0]=1034.0, toolType[0]=TOOL_TYPE_UNKNOWN, buttonState=0, metaState=0, flags=0x0, edgeFlags=0x0, pointerCount=1, historySize=0, eventTime=899265682, downTime=899265682, deviceId=0, source=0x1002 }
08-06 17:47:29.279 14309 14309 D AndroidRuntime: Shutting down VM
08-06 17:47:29.344 13665 13665 D MainActivity: loadFragment(index: 5, args: null)
08-06 17:47:29.344 13665 13665 D MainActivity: loadFragment(tag: AddFeedFragment, args: null)
08-06 17:47:29.345 13665 13665 D MainActivity: saveLastNavFragment(tag: AddFeedFragment)
08-06 17:47:29.345 13665 13665 D MainActivity: getLastNavFragment() -> AddFeedFragment
08-06 17:47:29.347   512  2967 D audio_hw_primary: out_set_parameters: enter: usecase(1: low-latency-playback) kvpairs: routing=2
08-06 17:47:29.361   512  2967 D audio_hw_primary: select_devices: out_snd_device(2: speaker) in_snd_device(0: none)
08-06 17:47:29.361   512  2967 D msm8974_platform: platform_send_audio_calibration: sending audio calibration for snd_device(2) acdb_id(15)
08-06 17:47:29.361   512  2967 I soundtrigger: audio_extn_sound_trigger_update_device_status: device 0x2 of type 0 for Event 1
08-06 17:47:29.371   512  2967 D audio_hw_primary: enable_snd_device: snd_device(2: speaker)
08-06 17:47:29.375   512  2967 D audio_hw_primary: enable_audio_route: apply and update mixer path: low-latency-playback speaker
08-06 17:47:29.538 13665 13677 I art     : Starting a blocking GC Explicit
08-06 17:47:29.563 13665 13677 I art     : Explicit concurrent mark sweep GC freed 3506(209KB) AllocSpace objects, 2(40KB) LOS objects, 40% free, 23MB/38MB, paused 280us total 24.148ms
08-06 17:47:29.573 13665 13677 I art     : Starting a blocking GC Explicit
08-06 17:47:29.595 13665 13677 I art     : Explicit concurrent mark sweep GC freed 1370(83KB) AllocSpace objects, 2(56KB) LOS objects, 40% free, 22MB/38MB, paused 261us total 21.557ms
08-06 17:47:29.606 13665 13677 I art     : Starting a blocking GC Explicit
08-06 17:47:29.627 13665 13677 I art     : Explicit concurrent mark sweep GC freed 3(96B) AllocSpace objects, 0(0B) LOS objects, 40% free, 22MB/38MB, paused 437us total 20.584ms
08-06 17:47:29.637 13665 13677 I art     : Starting a blocking GC Explicit
08-06 17:47:29.657 13665 13677 I art     : Explicit concurrent mark sweep GC freed 3(96B) AllocSpace objects, 0(0B) LOS objects, 40% free, 22MB/38MB, paused 287us total 20.039ms
08-06 17:47:29.667 13665 13677 I art     : Starting a blocking GC Explicit
08-06 17:47:29.687 13665 13677 I art     : Explicit concurrent mark sweep GC freed 3(96B) AllocSpace objects, 0(0B) LOS objects, 40% free, 22MB/38MB, paused 345us total 19.577ms
08-06 17:47:29.782 13866 13866 I GoogleInputMethodServic: GoogleInputMethodService.onFinishInput():3138 
08-06 17:47:29.783 13866 13866 I GoogleInputMethodServic: GoogleInputMethodService.onStartInput():1808 
08-06 17:47:29.909   512  2967 D audio_hw_primary: disable_audio_route: reset and update mixer path: low-latency-playback speaker
08-06 17:47:29.911   512  2967 D audio_hw_primary: disable_snd_device: snd_device(2: speaker)
08-06 17:47:29.919   512  2967 I soundtrigger: audio_extn_sound_trigger_update_device_status: device 0x2 of type 0 for Event 0
08-06 17:47:29.987 13665 13677 I art     : Starting a blocking GC Explicit
08-06 17:47:30.010 13665 13677 I art     : Explicit concurrent mark sweep GC freed 1500(85KB) AllocSpace objects, 1(20KB) LOS objects, 40% free, 22MB/38MB, paused 276us total 22.471ms
08-06 17:47:30.021 13665 13677 I art     : Starting a blocking GC Explicit
08-06 17:47:30.041 13665 13677 I art     : Explicit concurrent mark sweep GC freed 117(6KB) AllocSpace objects, 0(0B) LOS objects, 40% free, 22MB/38MB, paused 266us total 20.010ms
08-06 17:47:30.051 13665 13677 I art     : Starting a blocking GC Explicit
08-06 17:47:30.072 13665 13677 I art     : Explicit concurrent mark sweep GC freed 3(96B) AllocSpace objects, 0(0B) LOS objects, 40% free, 22MB/38MB, paused 260us total 20.313ms
08-06 17:47:30.082 13665 13677 I art     : Starting a blocking GC Explicit
08-06 17:47:30.103 13665 13677 I art     : Explicit concurrent mark sweep GC freed 3(96B) AllocSpace objects, 0(0B) LOS objects, 40% free, 22MB/38MB, paused 319us total 21.001ms
08-06 17:47:30.114 13665 13677 I art     : Starting a blocking GC Explicit
08-06 17:47:30.135 13665 13677 I art     : Explicit concurrent mark sweep GC freed 3(96B) AllocSpace objects, 0(0B) LOS objects, 40% free, 22MB/38MB, paused 275us total 20.608ms
08-06 17:47:30.428 13665 13678 I art     : Starting a blocking GC Explicit
08-06 17:47:30.450   518   646 I ThermalEngine: ACTION: GPU - Setting GPU[0] to 390000000
08-06 17:47:30.469 13665 13678 I art     : Explicit concurrent mark sweep GC freed 1392(80KB) AllocSpace objects, 1(20KB) LOS objects, 40% free, 22MB/38MB, paused 658us total 40.099ms
08-06 17:47:30.486 13665 13678 I art     : Starting a blocking GC Explicit
08-06 17:47:30.514 13665 13678 I art     : Explicit concurrent mark sweep GC freed 25(816B) AllocSpace objects, 0(0B) LOS objects, 40% free, 22MB/38MB, paused 477us total 27.623ms
08-06 17:47:30.528 13665 13678 I art     : Starting a blocking GC Explicit
08-06 17:47:30.557 13665 13678 I art     : Explicit concurrent mark sweep GC freed 3(96B) AllocSpace objects, 0(0B) LOS objects, 40% free, 22MB/38MB, paused 376us total 27.952ms
08-06 17:47:30.571 13665 13678 I art     : Starting a blocking GC Explicit
08-06 17:47:30.596 13665 13678 I art     : Explicit concurrent mark sweep GC freed 3(96B) AllocSpace objects, 0(0B) LOS objects, 40% free, 22MB/38MB, paused 348us total 25.119ms
08-06 17:47:30.610 13665 13678 I art     : Starting a blocking GC Explicit
08-06 17:47:30.637 13665 13678 I art     : Explicit concurrent mark sweep GC freed 3(96B) AllocSpace objects, 0(0B) LOS objects, 40% free, 22MB/38MB, paused 390us total 26.271ms
08-06 17:47:30.944 13665 14111 I art     : Starting a blocking GC Explicit
08-06 17:47:30.973 13665 14111 I art     : Explicit concurrent mark sweep GC freed 1362(80KB) AllocSpace objects, 1(20KB) LOS objects, 40% free, 22MB/38MB, paused 372us total 27.912ms
08-06 17:47:30.988 13665 14111 I art     : Starting a blocking GC Explicit
08-06 17:47:31.015 13665 14111 I art     : Explicit concurrent mark sweep GC freed 24(784B) AllocSpace objects, 0(0B) LOS objects, 40% free, 22MB/38MB, paused 534us total 27.177ms
08-06 17:47:31.038 13665 14111 I art     : Starting a blocking GC Explicit
08-06 17:47:31.070 13665 14111 I art     : Explicit concurrent mark sweep GC freed 10(320B) AllocSpace objects, 0(0B) LOS objects, 40% free, 22MB/38MB, paused 452us total 31.085ms
08-06 17:47:31.087 13665 14111 I art     : Starting a blocking GC Explicit
08-06 17:47:31.116 13665 14111 I art     : Explicit concurrent mark sweep GC freed 8(256B) AllocSpace objects, 0(0B) LOS objects, 40% free, 22MB/38MB, paused 458us total 29.012ms
08-06 17:47:31.132 13665 14111 I art     : Starting a blocking GC Explicit
08-06 17:47:31.160 13665 14111 I art     : Explicit concurrent mark sweep GC freed 9(288B) AllocSpace objects, 0(0B) LOS objects, 40% free, 22MB/38MB, paused 632us total 27.488ms
08-06 17:47:31.193 14368 14368 D AndroidRuntime: >>>>>> START com.android.internal.os.RuntimeInit uid 2000 <<<<<<
08-06 17:47:31.199 14368 14368 D AndroidRuntime: CheckJNI is OFF
08-06 17:47:31.255 14368 14368 D ICU     : No timezone override file found: /data/misc/zoneinfo/current/icu/icu_tzdata.dat
08-06 17:47:31.308 14368 14368 I Radio-JNI: register_android_hardware_Radio DONE
08-06 17:47:31.341 14368 14368 D AndroidRuntime: Calling main entry com.android.commands.input.Input
08-06 17:47:31.343 14368 14368 I Input   : injectMotionEvent: MotionEvent { action=ACTION_DOWN, actionButton=0, id[0]=0, x[0]=567.0, y[0]=714.0, toolType[0]=TOOL_TYPE_UNKNOWN, buttonState=0, metaState=0, flags=0x0, edgeFlags=0x0, pointerCount=1, historySize=0, eventTime=899267756, downTime=899267756, deviceId=0, source=0x1002 }
08-06 17:47:31.350 14368 14368 I Input   : injectMotionEvent: MotionEvent { action=ACTION_UP, actionButton=0, id[0]=0, x[0]=567.0, y[0]=714.0, toolType[0]=TOOL_TYPE_UNKNOWN, buttonState=0, metaState=0, flags=0x0, edgeFlags=0x0, pointerCount=1, historySize=0, eventTime=899267756, downTime=899267756, deviceId=0, source=0x1002 }
08-06 17:47:31.353 14368 14368 D AndroidRuntime: Shutting down VM
08-06 17:47:31.363   512  2967 D audio_hw_primary: out_set_parameters: enter: usecase(1: low-latency-playback) kvpairs: routing=2
08-06 17:47:31.377   512  2967 D audio_hw_primary: select_devices: out_snd_device(2: speaker) in_snd_device(0: none)
08-06 17:47:31.378   512  2967 D msm8974_platform: platform_send_audio_calibration: sending audio calibration for snd_device(2) acdb_id(15)
08-06 17:47:31.378   512  2967 I soundtrigger: audio_extn_sound_trigger_update_device_status: device 0x2 of type 0 for Event 1
08-06 17:47:31.386 13665 14222 D AntennapodHttpClient: Creating new instance of HTTP client
08-06 17:47:31.391   512  2967 D audio_hw_primary: enable_snd_device: snd_device(2: speaker)
08-06 17:47:31.394   512  2967 D audio_hw_primary: enable_audio_route: apply and update mixer path: low-latency-playback speaker
08-06 17:47:31.397 13866 13866 I GoogleInputMethodServic: GoogleInputMethodService.onFinishInput():3138 
08-06 17:47:31.398 13866 13866 I GoogleInputMethodServic: GoogleInputMethodService.onStartInput():1808 
08-06 17:47:31.464 13665 13677 I art     : Starting a blocking GC Explicit
08-06 17:47:31.497 13665 13677 I art     : Explicit concurrent mark sweep GC freed 4753(305KB) AllocSpace objects, 1(20KB) LOS objects, 40% free, 23MB/39MB, paused 715us total 33.114ms
08-06 17:47:31.513 13665 13677 I art     : Starting a blocking GC Explicit
08-06 17:47:31.520   918  3188 I hubconnection: sensorhub said: 'set_bias 3: -6.2400, 0.0000, 0.0000'
08-06 17:47:31.542 13665 13677 I art     : Explicit concurrent mark sweep GC freed 1667(84KB) AllocSpace objects, 1(220KB) LOS objects, 40% free, 23MB/38MB, paused 863us total 29.079ms
08-06 17:47:31.556 13665 13677 I art     : Starting a blocking GC Explicit
08-06 17:47:31.588 13665 13677 I art     : Explicit concurrent mark sweep GC freed 3542(215KB) AllocSpace objects, 2(120KB) LOS objects, 40% free, 23MB/39MB, paused 1.081ms total 31.228ms
08-06 17:47:31.602 13665 13677 I art     : Starting a blocking GC Explicit
08-06 17:47:31.631 13665 13677 I art     : Explicit concurrent mark sweep GC freed 4460(260KB) AllocSpace objects, 1(80KB) LOS objects, 40% free, 23MB/39MB, paused 723us total 28.978ms
08-06 17:47:31.645 13665 13677 I art     : Starting a blocking GC Explicit
08-06 17:47:31.673 13665 13677 I art     : Explicit concurrent mark sweep GC freed 63(6KB) AllocSpace objects, 0(0B) LOS objects, 40% free, 23MB/39MB, paused 609us total 27.665ms
08-06 17:47:31.762 13665 14222 I NAPPA_EXPERIMENTATION: MetricNetworkRequestExecutionTime: REQUEST_DURATION_SYSTEM='344',REQUEST_DURATION_OKHTTP='150',REQUEST_SYNCHRONOUS='TRUE',RESPONSE_CODE='400',RESPONSE_METHOD='GET',RESPONSE_LENGTH_OKHTTP='0',RESPONSE_LENGTH_HEADER='0',REQUEST_PROTOCOL='h2',REQUEST_URL='https://itunes.apple.com/en/rss/toppodcasts/limit=25/explicit=true/json',
08-06 17:47:31.904 13665 14222 I NAPPA_EXPERIMENTATION: MetricNetworkRequestExecutionTime: REQUEST_DURATION_SYSTEM='140',REQUEST_DURATION_OKHTTP='136',REQUEST_SYNCHRONOUS='TRUE',RESPONSE_CODE='200',RESPONSE_METHOD='GET',RESPONSE_LENGTH_OKHTTP='-1',RESPONSE_LENGTH_HEADER='10075',REQUEST_PROTOCOL='h2',REQUEST_URL='https://itunes.apple.com/us/rss/toppodcasts/limit=25/explicit=true/json',
08-06 17:47:31.939   512  2967 D audio_hw_primary: disable_audio_route: reset and update mixer path: low-latency-playback speaker
08-06 17:47:31.940   512  2967 D audio_hw_primary: disable_snd_device: snd_device(2: speaker)
08-06 17:47:31.948   512  2967 I soundtrigger: audio_extn_sound_trigger_update_device_status: device 0x2 of type 0 for Event 0
08-06 17:47:31.971 13665 13678 I art     : Starting a blocking GC Explicit
08-06 17:47:32.002 13665 13665 D AntennapodHttpClient: Creating new instance of HTTP client
08-06 17:47:32.008 13665 13678 I art     : Explicit concurrent mark sweep GC freed 10716(592KB) AllocSpace objects, 5(372KB) LOS objects, 40% free, 23MB/39MB, paused 1.989ms total 37.062ms
08-06 17:47:32.023 13665 13678 I art     : Starting a blocking GC Explicit
08-06 17:47:32.028 13665 14416 D ApOkHttpUrlLoader: buildLoadData() called with: model = [https://is4-ssl.mzstatic.com/image/thumb/Podcasts114/v4/3f/16/74/3f167426-bf50-ce3a-d709-e4301620fc5b/mza_5832671293059882550.jpeg/170x170bb.png], width = [224], height = [224]
08-06 17:47:32.034 13665 14417 D DBReader: getImageAuthentication() called with: imageUrl = [https://is4-ssl.mzstatic.com/image/thumb/Podcasts114/v4/3f/16/74/3f167426-bf50-ce3a-d709-e4301620fc5b/mza_5832671293059882550.jpeg/170x170bb.png]
08-06 17:47:32.034 13665 14418 D ApOkHttpUrlLoader: buildLoadData() called with: model = [https://is4-ssl.mzstatic.com/image/thumb/Podcasts113/v4/e5/8a/10/e58a108f-f5d0-f622-c94a-13f66edd570c/mza_3025981348644196724.jpg/170x170bb.png], width = [224], height = [224]
08-06 17:47:32.036 13665 14417 D ApOkHttpUrlLoader: no credentials for 'https://is4-ssl.mzstatic.com/image/thumb/Podcasts114/v4/3f/16/74/3f167426-bf50-ce3a-d709-e4301620fc5b/mza_5832671293059882550.jpeg/170x170bb.png'
08-06 17:47:32.038 13665 14419 D DBReader: getImageAuthentication() called with: imageUrl = [https://is4-ssl.mzstatic.com/image/thumb/Podcasts113/v4/e5/8a/10/e58a108f-f5d0-f622-c94a-13f66edd570c/mza_3025981348644196724.jpg/170x170bb.png]
08-06 17:47:32.040 13665 14419 D ApOkHttpUrlLoader: no credentials for 'https://is4-ssl.mzstatic.com/image/thumb/Podcasts113/v4/e5/8a/10/e58a108f-f5d0-f622-c94a-13f66edd570c/mza_3025981348644196724.jpg/170x170bb.png'
08-06 17:47:32.041 13665 14420 D ApOkHttpUrlLoader: buildLoadData() called with: model = [https://is2-ssl.mzstatic.com/image/thumb/Podcasts113/v4/a9/39/cc/a939ccc5-6d60-0c11-0a4c-16d71cdef89b/mza_8787577209688278658.jpg/170x170bb.png], width = [224], height = [224]
08-06 17:47:32.044 13665 14421 D DBReader: getImageAuthentication() called with: imageUrl = [https://is2-ssl.mzstatic.com/image/thumb/Podcasts113/v4/a9/39/cc/a939ccc5-6d60-0c11-0a4c-16d71cdef89b/mza_8787577209688278658.jpg/170x170bb.png]
08-06 17:47:32.048 13665 14421 D ApOkHttpUrlLoader: no credentials for 'https://is2-ssl.mzstatic.com/image/thumb/Podcasts113/v4/a9/39/cc/a939ccc5-6d60-0c11-0a4c-16d71cdef89b/mza_8787577209688278658.jpg/170x170bb.png'
08-06 17:47:32.050 13665 14422 D ApOkHttpUrlLoader: buildLoadData() called with: model = [https://is5-ssl.mzstatic.com/image/thumb/Podcasts114/v4/93/cf/99/93cf9960-fff3-205e-6655-72c03ddeccb2/mza_10545582232493904175.jpeg/170x170bb.png], width = [224], height = [224]
08-06 17:47:32.052 13665 14423 D DBReader: getImageAuthentication() called with: imageUrl = [https://is5-ssl.mzstatic.com/image/thumb/Podcasts114/v4/93/cf/99/93cf9960-fff3-205e-6655-72c03ddeccb2/mza_10545582232493904175.jpeg/170x170bb.png]
08-06 17:47:32.053 13665 14416 D ApOkHttpUrlLoader: buildLoadData() called with: model = [https://is4-ssl.mzstatic.com/image/thumb/Podcasts124/v4/49/a4/91/49a491b7-3daf-c5dc-d7c6-6c4f1486955c/mza_5930014091766152297.png/170x170bb.png], width = [224], height = [224]
08-06 17:47:32.054 13665 14423 D ApOkHttpUrlLoader: no credentials for 'https://is5-ssl.mzstatic.com/image/thumb/Podcasts114/v4/93/cf/99/93cf9960-fff3-205e-6655-72c03ddeccb2/mza_10545582232493904175.jpeg/170x170bb.png'
08-06 17:47:32.055 13665 14424 D DBReader: getImageAuthentication() called with: imageUrl = [https://is4-ssl.mzstatic.com/image/thumb/Podcasts124/v4/49/a4/91/49a491b7-3daf-c5dc-d7c6-6c4f1486955c/mza_5930014091766152297.png/170x170bb.png]
08-06 17:47:32.057 13665 14424 D ApOkHttpUrlLoader: no credentials for 'https://is4-ssl.mzstatic.com/image/thumb/Podcasts124/v4/49/a4/91/49a491b7-3daf-c5dc-d7c6-6c4f1486955c/mza_5930014091766152297.png/170x170bb.png'
08-06 17:47:32.063 13665 13678 I art     : Explicit concurrent mark sweep GC freed 2754(239KB) AllocSpace objects, 0(0B) LOS objects, 39% free, 24MB/40MB, paused 1.914ms total 39.787ms
08-06 17:47:32.065 13665 14418 D ApOkHttpUrlLoader: buildLoadData() called with: model = [https://is5-ssl.mzstatic.com/image/thumb/Podcasts113/v4/fd/54/6e/fd546ea0-7ab2-e3f0-6049-884d82917af9/mza_4855349695799758348.jpeg/170x170bb.png], width = [224], height = [224]
08-06 17:47:32.067 13665 14425 D DBReader: getImageAuthentication() called with: imageUrl = [https://is5-ssl.mzstatic.com/image/thumb/Podcasts113/v4/fd/54/6e/fd546ea0-7ab2-e3f0-6049-884d82917af9/mza_4855349695799758348.jpeg/170x170bb.png]
08-06 17:47:32.069 13665 14425 D ApOkHttpUrlLoader: no credentials for 'https://is5-ssl.mzstatic.com/image/thumb/Podcasts113/v4/fd/54/6e/fd546ea0-7ab2-e3f0-6049-884d82917af9/mza_4855349695799758348.jpeg/170x170bb.png'
08-06 17:47:32.071 13665 14420 D ApOkHttpUrlLoader: buildLoadData() called with: model = [https://is2-ssl.mzstatic.com/image/thumb/Podcasts114/v4/b3/4c/cf/b34ccfc2-cea4-1ca1-0fad-7793af301cc5/mza_2466085192629456364.jpg/170x170bb.png], width = [224], height = [224]
08-06 17:47:32.074 13665 14426 D DBReader: getImageAuthentication() called with: imageUrl = [https://is2-ssl.mzstatic.com/image/thumb/Podcasts114/v4/b3/4c/cf/b34ccfc2-cea4-1ca1-0fad-7793af301cc5/mza_2466085192629456364.jpg/170x170bb.png]
08-06 17:47:32.077 13665 14426 D ApOkHttpUrlLoader: no credentials for 'https://is2-ssl.mzstatic.com/image/thumb/Podcasts114/v4/b3/4c/cf/b34ccfc2-cea4-1ca1-0fad-7793af301cc5/mza_2466085192629456364.jpg/170x170bb.png'
08-06 17:47:32.077 13665 13678 I art     : Starting a blocking GC Explicit
08-06 17:47:32.122 13665 13678 I art     : Explicit concurrent mark sweep GC freed 1329(93KB) AllocSpace objects, 0(0B) LOS objects, 39% free, 24MB/40MB, paused 1.249ms total 44.230ms
08-06 17:47:32.137 13665 13678 I art     : Starting a blocking GC Explicit
08-06 17:47:32.171 13665 13678 I art     : Explicit concurrent mark sweep GC freed 99(5KB) AllocSpace objects, 0(0B) LOS objects, 39% free, 24MB/40MB, paused 1.213ms total 33.781ms
08-06 17:47:32.186 13665 13678 I art     : Starting a blocking GC Explicit
08-06 17:47:32.223 13665 13678 I art     : Explicit concurrent mark sweep GC freed 3157(166KB) AllocSpace objects, 2(120KB) LOS objects, 39% free, 24MB/40MB, paused 1.901ms total 36.799ms
08-06 17:47:32.435 13665 14423 D MYTAG   : interceptor 2a
08-06 17:47:32.436 13665 14423 I NAPPA_EXPERIMENTATION: MetricNetworkRequestExecutionTime: REQUEST_DURATION_SYSTEM='381',REQUEST_DURATION_OKHTTP='172',REQUEST_SYNCHRONOUS='TRUE',RESPONSE_CODE='200',RESPONSE_METHOD='GET',RESPONSE_LENGTH_OKHTTP='22351',RESPONSE_LENGTH_HEADER='22351',REQUEST_PROTOCOL='h2',REQUEST_URL='https://is5-ssl.mzstatic.com/image/thumb/Podcasts114/v4/93/cf/99/93cf9960-fff3-205e-6655-72c03ddeccb2/mza_10545582232493904175.jpeg/170x170bb.png',
08-06 17:47:32.514 13665 14421 D MYTAG   : interceptor 2a
08-06 17:47:32.515 13665 14421 I NAPPA_EXPERIMENTATION: MetricNetworkRequestExecutionTime: REQUEST_DURATION_SYSTEM='466',REQUEST_DURATION_OKHTTP='249',REQUEST_SYNCHRONOUS='TRUE',RESPONSE_CODE='200',RESPONSE_METHOD='GET',RESPONSE_LENGTH_OKHTTP='48239',RESPONSE_LENGTH_HEADER='48239',REQUEST_PROTOCOL='h2',REQUEST_URL='https://is2-ssl.mzstatic.com/image/thumb/Podcasts113/v4/a9/39/cc/a939ccc5-6d60-0c11-0a4c-16d71cdef89b/mza_8787577209688278658.jpg/170x170bb.png',
08-06 17:47:32.521 13665 14424 D MYTAG   : interceptor 2a
08-06 17:47:32.521 13665 14424 I NAPPA_EXPERIMENTATION: MetricNetworkRequestExecutionTime: REQUEST_DURATION_SYSTEM='464',REQUEST_DURATION_OKHTTP='251',REQUEST_SYNCHRONOUS='TRUE',RESPONSE_CODE='200',RESPONSE_METHOD='GET',RESPONSE_LENGTH_OKHTTP='12000',RESPONSE_LENGTH_HEADER='12000',REQUEST_PROTOCOL='h2',REQUEST_URL='https://is4-ssl.mzstatic.com/image/thumb/Podcasts124/v4/49/a4/91/49a491b7-3daf-c5dc-d7c6-6c4f1486955c/mza_5930014091766152297.png/170x170bb.png',
08-06 17:47:32.522 13665 14111 I art     : Starting a blocking GC Explicit
08-06 17:47:32.528 13665 14425 D MYTAG   : interceptor 2a
08-06 17:47:32.528 13665 14425 I NAPPA_EXPERIMENTATION: MetricNetworkRequestExecutionTime: REQUEST_DURATION_SYSTEM='459',REQUEST_DURATION_OKHTTP='254',REQUEST_SYNCHRONOUS='TRUE',RESPONSE_CODE='200',RESPONSE_METHOD='GET',RESPONSE_LENGTH_OKHTTP='54835',RESPONSE_LENGTH_HEADER='54835',REQUEST_PROTOCOL='h2',REQUEST_URL='https://is5-ssl.mzstatic.com/image/thumb/Podcasts113/v4/fd/54/6e/fd546ea0-7ab2-e3f0-6049-884d82917af9/mza_4855349695799758348.jpeg/170x170bb.png',
08-06 17:47:32.547 13665 14419 D MYTAG   : interceptor 2a
08-06 17:47:32.548 13665 14419 I NAPPA_EXPERIMENTATION: MetricNetworkRequestExecutionTime: REQUEST_DURATION_SYSTEM='507',REQUEST_DURATION_OKHTTP='269',REQUEST_SYNCHRONOUS='TRUE',RESPONSE_CODE='200',RESPONSE_METHOD='GET',RESPONSE_LENGTH_OKHTTP='45995',RESPONSE_LENGTH_HEADER='45995',REQUEST_PROTOCOL='h2',REQUEST_URL='https://is4-ssl.mzstatic.com/image/thumb/Podcasts113/v4/e5/8a/10/e58a108f-f5d0-f622-c94a-13f66edd570c/mza_3025981348644196724.jpg/170x170bb.png',
08-06 17:47:32.563 13665 14417 D MYTAG   : interceptor 2a
08-06 17:47:32.563 13665 14417 I NAPPA_EXPERIMENTATION: MetricNetworkRequestExecutionTime: REQUEST_DURATION_SYSTEM='526',REQUEST_DURATION_OKHTTP='292',REQUEST_SYNCHRONOUS='TRUE',RESPONSE_CODE='200',RESPONSE_METHOD='GET',RESPONSE_LENGTH_OKHTTP='26177',RESPONSE_LENGTH_HEADER='26177',REQUEST_PROTOCOL='h2',REQUEST_URL='https://is4-ssl.mzstatic.com/image/thumb/Podcasts114/v4/3f/16/74/3f167426-bf50-ce3a-d709-e4301620fc5b/mza_5832671293059882550.jpeg/170x170bb.png',
08-06 17:47:32.563 13665 14426 D MYTAG   : interceptor 2a
08-06 17:47:32.563 13665 14426 I NAPPA_EXPERIMENTATION: MetricNetworkRequestExecutionTime: REQUEST_DURATION_SYSTEM='486',REQUEST_DURATION_OKHTTP='289',REQUEST_SYNCHRONOUS='TRUE',RESPONSE_CODE='200',RESPONSE_METHOD='GET',RESPONSE_LENGTH_OKHTTP='42299',RESPONSE_LENGTH_HEADER='42299',REQUEST_PROTOCOL='h2',REQUEST_URL='https://is2-ssl.mzstatic.com/image/thumb/Podcasts114/v4/b3/4c/cf/b34ccfc2-cea4-1ca1-0fad-7793af301cc5/mza_2466085192629456364.jpg/170x170bb.png',
08-06 17:47:32.571 13665 14111 I art     : Explicit concurrent mark sweep GC freed 28799(1468KB) AllocSpace objects, 2(100KB) LOS objects, 37% free, 26MB/42MB, paused 1.665ms total 48.749ms
08-06 17:47:32.586 13665 14111 I art     : Starting a blocking GC Explicit
08-06 17:47:32.620 13665 14111 I art     : Explicit concurrent mark sweep GC freed 2169(158KB) AllocSpace objects, 0(0B) LOS objects, 37% free, 26MB/42MB, paused 1.314ms total 33.811ms
08-06 17:47:32.634 13665 14111 I art     : Starting a blocking GC Explicit
08-06 17:47:32.667 13665 14111 I art     : Explicit concurrent mark sweep GC freed 11(672B) AllocSpace objects, 0(0B) LOS objects, 38% free, 26MB/42MB, paused 989us total 32.478ms
08-06 17:47:32.682 13665 14111 I art     : Starting a blocking GC Explicit
08-06 17:47:32.717 13665 14111 I art     : Explicit concurrent mark sweep GC freed 3(96B) AllocSpace objects, 0(0B) LOS objects, 38% free, 26MB/42MB, paused 923us total 34.561ms
08-06 17:47:32.733 13665 14111 I art     : Starting a blocking GC Explicit
08-06 17:47:32.768 13665 14111 I art     : Explicit concurrent mark sweep GC freed 3(96B) AllocSpace objects, 0(0B) LOS objects, 38% free, 26MB/42MB, paused 1.102ms total 34.772ms
08-06 17:47:33.090 13665 13775 I art     : Starting a blocking GC Explicit
08-06 17:47:33.136 13665 13775 I art     : Explicit concurrent mark sweep GC freed 1363(80KB) AllocSpace objects, 1(20KB) LOS objects, 38% free, 26MB/42MB, paused 1.126ms total 45.671ms
08-06 17:47:33.160 13665 13775 I art     : Starting a blocking GC Explicit
08-06 17:47:33.200 13665 13775 I art     : Explicit concurrent mark sweep GC freed 23(752B) AllocSpace objects, 0(0B) LOS objects, 38% free, 26MB/42MB, paused 999us total 39.411ms
08-06 17:47:33.216 13665 13775 I art     : Starting a blocking GC Explicit
08-06 17:47:33.252 13665 13775 I art     : Explicit concurrent mark sweep GC freed 3(96B) AllocSpace objects, 0(0B) LOS objects, 38% free, 26MB/42MB, paused 1.192ms total 35.786ms
08-06 17:47:33.268 13665 13775 I art     : Starting a blocking GC Explicit
08-06 17:47:33.305 13665 13775 I art     : Explicit concurrent mark sweep GC freed 32(880B) AllocSpace objects, 0(0B) LOS objects, 38% free, 26MB/42MB, paused 962us total 36.255ms
08-06 17:47:33.322 13665 13775 I art     : Starting a blocking GC Explicit
08-06 17:47:33.358 13665 13775 I art     : Explicit concurrent mark sweep GC freed 3(96B) AllocSpace objects, 0(0B) LOS objects, 38% free, 26MB/42MB, paused 1.406ms total 35.648ms
08-06 17:47:33.686 13665 13678 I art     : Starting a blocking GC Explicit
08-06 17:47:33.726 13665 13678 I art     : Explicit concurrent mark sweep GC freed 1382(80KB) AllocSpace objects, 1(20KB) LOS objects, 38% free, 26MB/42MB, paused 1.161ms total 39.437ms
08-06 17:47:33.726 13665 13676 I art     : WaitForGcToComplete blocked for 27.449ms for cause HeapTrim
08-06 17:47:33.744 13665 13678 I art     : Starting a blocking GC Explicit
08-06 17:47:33.781 13665 13678 I art     : Explicit concurrent mark sweep GC freed 31(1008B) AllocSpace objects, 0(0B) LOS objects, 38% free, 26MB/42MB, paused 1.212ms total 36.373ms
08-06 17:47:33.797 13665 13678 I art     : Starting a blocking GC Explicit
08-06 17:47:33.834 13665 13678 I art     : Explicit concurrent mark sweep GC freed 6(192B) AllocSpace objects, 0(0B) LOS objects, 38% free, 26MB/42MB, paused 1.107ms total 36.632ms
08-06 17:47:33.850 13665 13678 I art     : Starting a blocking GC Explicit
08-06 17:47:33.883 13665 13678 I art     : Explicit concurrent mark sweep GC freed 3(96B) AllocSpace objects, 0(0B) LOS objects, 38% free, 26MB/42MB, paused 886us total 33.023ms
08-06 17:47:33.899 13665 13678 I art     : Starting a blocking GC Explicit
08-06 17:47:33.934 13665 13678 I art     : Explicit concurrent mark sweep GC freed 3(96B) AllocSpace objects, 0(0B) LOS objects, 38% free, 26MB/42MB, paused 911us total 35.102ms
08-06 17:47:34.252 13665 14111 I art     : Starting a blocking GC Explicit
08-06 17:47:34.304 13665 14111 I art     : Explicit concurrent mark sweep GC freed 1392(80KB) AllocSpace objects, 1(20KB) LOS objects, 37% free, 26MB/42MB, paused 1.774ms total 51.517ms
08-06 17:47:34.326 13665 14111 I art     : Starting a blocking GC Explicit
08-06 17:47:34.369 13665 14111 I art     : Explicit concurrent mark sweep GC freed 23(752B) AllocSpace objects, 0(0B) LOS objects, 38% free, 26MB/42MB, paused 1.551ms total 42.001ms
08-06 17:47:34.389 13665 14111 I art     : Starting a blocking GC Explicit
08-06 17:47:34.427 13665 14111 I art     : Explicit concurrent mark sweep GC freed 3(96B) AllocSpace objects, 0(0B) LOS objects, 38% free, 26MB/42MB, paused 1.250ms total 37.558ms
08-06 17:47:34.443 13665 14111 I art     : Starting a blocking GC Explicit
08-06 17:47:34.455   518   646 I ThermalEngine: ACTION: GPU - Setting GPU[0] to 450000000
08-06 17:47:34.474 13665 14111 I art     : Explicit concurrent mark sweep GC freed 3(96B) AllocSpace objects, 0(0B) LOS objects, 38% free, 26MB/42MB, paused 663us total 31.352ms
08-06 17:47:34.486 13665 14111 I art     : Starting a blocking GC Explicit
08-06 17:47:34.514 13665 14111 I art     : Explicit concurrent mark sweep GC freed 3(96B) AllocSpace objects, 0(0B) LOS objects, 38% free, 26MB/42MB, paused 688us total 28.061ms
08-06 17:47:34.854 13665 13677 I art     : Starting a blocking GC Explicit
08-06 17:47:34.892 13665 13677 I art     : Explicit concurrent mark sweep GC freed 1363(80KB) AllocSpace objects, 1(20KB) LOS objects, 38% free, 26MB/42MB, paused 790us total 37.217ms
08-06 17:47:34.909 13665 13677 I art     : Starting a blocking GC Explicit
08-06 17:47:34.943 13665 13677 I art     : Explicit concurrent mark sweep GC freed 23(752B) AllocSpace objects, 0(0B) LOS objects, 38% free, 26MB/42MB, paused 751us total 33.844ms
08-06 17:47:34.955 13665 13677 I art     : Starting a blocking GC Explicit
08-06 17:47:34.985 13665 13677 I art     : Explicit concurrent mark sweep GC freed 3(96B) AllocSpace objects, 0(0B) LOS objects, 38% free, 26MB/42MB, paused 707us total 29.384ms
08-06 17:47:34.997 13665 13677 I art     : Starting a blocking GC Explicit
08-06 17:47:35.027 13665 13677 I art     : Explicit concurrent mark sweep GC freed 3(96B) AllocSpace objects, 0(0B) LOS objects, 38% free, 26MB/42MB, paused 759us total 30.021ms
08-06 17:47:35.038 13665 13677 I art     : Starting a blocking GC Explicit
08-06 17:47:35.068 13665 13677 I art     : Explicit concurrent mark sweep GC freed 3(96B) AllocSpace objects, 0(0B) LOS objects, 38% free, 26MB/42MB, paused 736us total 29.761ms
08-06 17:47:35.395 13665 13775 I art     : Starting a blocking GC Explicit
08-06 17:47:35.430 13665 13775 I art     : Explicit concurrent mark sweep GC freed 1392(80KB) AllocSpace objects, 1(20KB) LOS objects, 38% free, 26MB/42MB, paused 774us total 34.005ms
08-06 17:47:35.443 13665 13775 I art     : Starting a blocking GC Explicit
08-06 17:47:35.473 13665 13775 I art     : Explicit concurrent mark sweep GC freed 23(752B) AllocSpace objects, 0(0B) LOS objects, 38% free, 26MB/42MB, paused 683us total 29.137ms
08-06 17:47:35.484 13665 13775 I art     : Starting a blocking GC Explicit
08-06 17:47:35.515 13665 13775 I art     : Explicit concurrent mark sweep GC freed 3(96B) AllocSpace objects, 0(0B) LOS objects, 38% free, 26MB/42MB, paused 714us total 30.470ms
08-06 17:47:35.526 13665 13775 I art     : Starting a blocking GC Explicit
08-06 17:47:35.556 13665 13775 I art     : Explicit concurrent mark sweep GC freed 3(96B) AllocSpace objects, 0(0B) LOS objects, 38% free, 26MB/42MB, paused 705us total 29.709ms
08-06 17:47:35.568 13665 13775 I art     : Starting a blocking GC Explicit
08-06 17:47:35.598 13665 13775 I art     : Explicit concurrent mark sweep GC freed 3(96B) AllocSpace objects, 0(0B) LOS objects, 38% free, 26MB/42MB, paused 748us total 30.126ms
08-06 17:47:35.923 13665 13678 I art     : Starting a blocking GC Explicit
08-06 17:47:35.957 13665 13678 I art     : Explicit concurrent mark sweep GC freed 1363(80KB) AllocSpace objects, 1(20KB) LOS objects, 38% free, 26MB/42MB, paused 735us total 33.596ms
08-06 17:47:35.971 13665 13678 I art     : Starting a blocking GC Explicit
08-06 17:47:36.002 13665 13678 I art     : Explicit concurrent mark sweep GC freed 23(752B) AllocSpace objects, 0(0B) LOS objects, 38% free, 26MB/42MB, paused 729us total 30.192ms
08-06 17:47:36.013 13665 13678 I art     : Starting a blocking GC Explicit
08-06 17:47:36.043 13665 13678 I art     : Explicit concurrent mark sweep GC freed 3(96B) AllocSpace objects, 0(0B) LOS objects, 38% free, 26MB/42MB, paused 761us total 29.779ms
08-06 17:47:36.055 13665 13678 I art     : Starting a blocking GC Explicit
08-06 17:47:36.085 13665 13678 I art     : Explicit concurrent mark sweep GC freed 3(96B) AllocSpace objects, 0(0B) LOS objects, 38% free, 26MB/42MB, paused 714us total 29.475ms
08-06 17:47:36.096 13665 13678 I art     : Starting a blocking GC Explicit
08-06 17:47:36.127 13665 13678 I art     : Explicit concurrent mark sweep GC freed 3(96B) AllocSpace objects, 0(0B) LOS objects, 38% free, 26MB/42MB, paused 736us total 30.442ms
08-06 17:47:36.373  9385  9385 I Atfwd_Sendcmd: AtCmdFwd service not ready - Exhausted retry attempts - :6
08-06 17:47:36.374  9385  9385 I Atfwd_Daemon: result : -1 	 ,Init step :2 	 ,qmiErrorCode: 0
08-06 17:47:36.456 13665 14111 I art     : Starting a blocking GC Explicit
08-06 17:47:36.494 13665 14111 I art     : Explicit concurrent mark sweep GC freed 1392(80KB) AllocSpace objects, 1(20KB) LOS objects, 38% free, 26MB/42MB, paused 720us total 37.985ms
08-06 17:47:36.508 13665 14111 I art     : Starting a blocking GC Explicit
08-06 17:47:36.538 13665 14111 I art     : Explicit concurrent mark sweep GC freed 23(752B) AllocSpace objects, 0(0B) LOS objects, 38% free, 26MB/42MB, paused 733us total 30.103ms
08-06 17:47:36.550 13665 14111 I art     : Starting a blocking GC Explicit
08-06 17:47:36.579 13665 14111 I art     : Explicit concurrent mark sweep GC freed 3(96B) AllocSpace objects, 0(0B) LOS objects, 38% free, 26MB/42MB, paused 725us total 29.148ms
08-06 17:47:36.591 13665 14111 I art     : Starting a blocking GC Explicit
08-06 17:47:36.622 13665 14111 I art     : Explicit concurrent mark sweep GC freed 3(96B) AllocSpace objects, 0(0B) LOS objects, 38% free, 26MB/42MB, paused 721us total 30.585ms
08-06 17:47:36.633 13665 14111 I art     : Starting a blocking GC Explicit
08-06 17:47:36.663 13665 14111 I art     : Explicit concurrent mark sweep GC freed 3(96B) AllocSpace objects, 0(0B) LOS objects, 38% free, 26MB/42MB, paused 707us total 29.373ms
08-06 17:47:36.997 13665 13677 I art     : Starting a blocking GC Explicit
08-06 17:47:37.035 13665 13677 I art     : Explicit concurrent mark sweep GC freed 1363(80KB) AllocSpace objects, 1(20KB) LOS objects, 38% free, 26MB/42MB, paused 757us total 37.920ms
08-06 17:47:37.049 13665 13677 I art     : Starting a blocking GC Explicit
08-06 17:47:37.082 13665 13677 I art     : Explicit concurrent mark sweep GC freed 23(752B) AllocSpace objects, 0(0B) LOS objects, 38% free, 26MB/42MB, paused 720us total 32.567ms
08-06 17:47:37.093 13665 13677 I art     : Starting a blocking GC Explicit
08-06 17:47:37.123 13665 13677 I art     : Explicit concurrent mark sweep GC freed 3(96B) AllocSpace objects, 0(0B) LOS objects, 38% free, 26MB/42MB, paused 699us total 29.620ms
08-06 17:47:37.135 13665 13677 I art     : Starting a blocking GC Explicit
08-06 17:47:37.165 13665 13677 I art     : Explicit concurrent mark sweep GC freed 3(96B) AllocSpace objects, 0(0B) LOS objects, 38% free, 26MB/42MB, paused 717us total 30.530ms
08-06 17:47:37.177 13665 13677 I art     : Starting a blocking GC Explicit
08-06 17:47:37.207 13665 13677 I art     : Explicit concurrent mark sweep GC freed 3(96B) AllocSpace objects, 0(0B) LOS objects, 38% free, 26MB/42MB, paused 879us total 30.378ms
08-06 17:47:37.538 13665 13775 I art     : Starting a blocking GC Explicit
08-06 17:47:37.571 13665 13775 I art     : Explicit concurrent mark sweep GC freed 1392(80KB) AllocSpace objects, 1(20KB) LOS objects, 38% free, 26MB/42MB, paused 710us total 32.035ms
08-06 17:47:37.584 13665 13775 I art     : Starting a blocking GC Explicit
08-06 17:47:37.611 13665 13775 I art     : Explicit concurrent mark sweep GC freed 23(752B) AllocSpace objects, 0(0B) LOS objects, 38% free, 26MB/42MB, paused 727us total 26.907ms
08-06 17:47:37.622 13665 13775 I art     : Starting a blocking GC Explicit
08-06 17:47:37.648 13665 13775 I art     : Explicit concurrent mark sweep GC freed 3(96B) AllocSpace objects, 0(0B) LOS objects, 38% free, 26MB/42MB, paused 738us total 26.018ms
08-06 17:47:37.659 13665 13775 I art     : Starting a blocking GC Explicit
08-06 17:47:37.685 13665 13775 I art     : Explicit concurrent mark sweep GC freed 3(96B) AllocSpace objects, 0(0B) LOS objects, 38% free, 26MB/42MB, paused 705us total 26.335ms
08-06 17:47:37.696 13665 13775 I art     : Starting a blocking GC Explicit
08-06 17:47:37.723 13665 13775 I art     : Explicit concurrent mark sweep GC freed 3(96B) AllocSpace objects, 0(0B) LOS objects, 38% free, 26MB/42MB, paused 732us total 26.259ms
08-06 17:47:38.041 13665 13678 I art     : Starting a blocking GC Explicit
08-06 17:47:38.076 13665 13678 I art     : Explicit concurrent mark sweep GC freed 1363(80KB) AllocSpace objects, 1(20KB) LOS objects, 38% free, 26MB/42MB, paused 858us total 33.232ms
08-06 17:47:38.090 13665 13678 I art     : Starting a blocking GC Explicit
08-06 17:47:38.118 13665 13678 I art     : Explicit concurrent mark sweep GC freed 23(752B) AllocSpace objects, 0(0B) LOS objects, 38% free, 26MB/42MB, paused 748us total 28.550ms
08-06 17:47:38.129 13665 13678 I art     : Starting a blocking GC Explicit
08-06 17:47:38.147 14540 14540 D AndroidRuntime: >>>>>> START com.android.internal.os.RuntimeInit uid 2000 <<<<<<
08-06 17:47:38.153 14540 14540 D AndroidRuntime: CheckJNI is OFF
08-06 17:47:38.159 13665 13678 I art     : Explicit concurrent mark sweep GC freed 3(96B) AllocSpace objects, 0(0B) LOS objects, 38% free, 26MB/42MB, paused 774us total 28.883ms
08-06 17:47:38.170 13665 13678 I art     : Starting a blocking GC Explicit
08-06 17:47:38.197 13665 13678 I art     : Explicit concurrent mark sweep GC freed 3(96B) AllocSpace objects, 0(0B) LOS objects, 38% free, 26MB/42MB, paused 829us total 26.690ms
08-06 17:47:38.198 14540 14540 D ICU     : No timezone override file found: /data/misc/zoneinfo/current/icu/icu_tzdata.dat
08-06 17:47:38.208 13665 13678 I art     : Starting a blocking GC Explicit
08-06 17:47:38.236 13665 13678 I art     : Explicit concurrent mark sweep GC freed 3(96B) AllocSpace objects, 0(0B) LOS objects, 38% free, 26MB/42MB, paused 720us total 28.195ms
08-06 17:47:38.244 14540 14540 I Radio-JNI: register_android_hardware_Radio DONE
08-06 17:47:38.274 14540 14540 D AndroidRuntime: Calling main entry com.android.commands.input.Input
08-06 17:47:38.277 14540 14540 I Input   : injectMotionEvent: MotionEvent { action=ACTION_DOWN, actionButton=0, id[0]=0, x[0]=616.0, y[0]=469.0, toolType[0]=TOOL_TYPE_UNKNOWN, buttonState=0, metaState=0, flags=0x0, edgeFlags=0x0, pointerCount=1, historySize=0, eventTime=899274689, downTime=899274689, deviceId=0, source=0x1002 }
08-06 17:47:38.283 14540 14540 I Input   : injectMotionEvent: MotionEvent { action=ACTION_UP, actionButton=0, id[0]=0, x[0]=616.0, y[0]=469.0, toolType[0]=TOOL_TYPE_UNKNOWN, buttonState=0, metaState=0, flags=0x0, edgeFlags=0x0, pointerCount=1, historySize=0, eventTime=899274689, downTime=899274689, deviceId=0, source=0x1002 }
08-06 17:47:38.285 14540 14540 D AndroidRuntime: Shutting down VM
08-06 17:47:38.353   512  2967 D audio_hw_primary: out_set_parameters: enter: usecase(1: low-latency-playback) kvpairs: routing=2
08-06 17:47:38.366   512  2967 D audio_hw_primary: select_devices: out_snd_device(2: speaker) in_snd_device(0: none)
08-06 17:47:38.366   512  2967 D msm8974_platform: platform_send_audio_calibration: sending audio calibration for snd_device(2) acdb_id(15)
08-06 17:47:38.367   512  2967 I soundtrigger: audio_extn_sound_trigger_update_device_status: device 0x2 of type 0 for Event 1
08-06 17:47:38.380   512  2967 D audio_hw_primary: enable_snd_device: snd_device(2: speaker)
08-06 17:47:38.383   512  2967 D audio_hw_primary: enable_audio_route: apply and update mixer path: low-latency-playback speaker
08-06 17:47:38.525 13665 13775 I art     : Starting a blocking GC Explicit
08-06 17:47:38.547 13665 13691 I NAPPA_EXPERIMENTATION: MetricNetworkRequestExecutionTime: REQUEST_DURATION_SYSTEM='194',REQUEST_DURATION_OKHTTP='192',REQUEST_SYNCHRONOUS='TRUE',RESPONSE_CODE='200',RESPONSE_METHOD='GET',RESPONSE_LENGTH_OKHTTP='-1',RESPONSE_LENGTH_HEADER='628',REQUEST_PROTOCOL='h2',REQUEST_URL='https://itunes.apple.com/lookup?id=1524080195',
08-06 17:47:38.554 13665 13775 I art     : Explicit concurrent mark sweep GC freed 1895(113KB) AllocSpace objects, 1(20KB) LOS objects, 37% free, 26MB/42MB, paused 899us total 28.800ms
08-06 17:47:38.565 13665 13775 I art     : Starting a blocking GC Explicit
08-06 17:47:38.567   918   929 I ActivityManager: START u0 {cmp=baseline.de.danoeh.antennapod.debug/baseline.de.danoeh.antennapod.activity.OnlineFeedViewActivity (has extras)} from uid 10711 on display 0
08-06 17:47:38.589 13866 13866 I GoogleInputMethodServic: GoogleInputMethodService.onFinishInput():3138 
08-06 17:47:38.591 13866 13866 I GoogleInputMethodServic: GoogleInputMethodService.onStartInput():1808 
08-06 17:47:38.592 13665 13775 I art     : Explicit concurrent mark sweep GC freed 616(36KB) AllocSpace objects, 0(0B) LOS objects, 37% free, 26MB/42MB, paused 883us total 26.777ms
08-06 17:47:38.603 13665 13775 I art     : Starting a blocking GC Explicit
08-06 17:47:38.614 13665 13665 D UserPreferences: Using default data folder
08-06 17:47:38.616 13665 13665 D OnlineFeedViewActivity: Activity was started with url https://rss.art19.com/nice-white-parents
08-06 17:47:38.618 13665 13665 D OnlineFeedViewActivity: Starting feed download
08-06 17:47:38.623 13665 13685 D DBReader: Extracting Feedlist
08-06 17:47:38.629   918  3696 D WifiService: acquireWifiLockLocked: WifiLock{Downloader type=1 binder=android.os.BinderProxy@36a9343}
08-06 17:47:38.631 13665 13685 D AntennapodHttpClient: Creating new instance of HTTP client
08-06 17:47:38.631 13665 13775 I art     : Explicit concurrent mark sweep GC freed 1233(84KB) AllocSpace objects, 0(0B) LOS objects, 37% free, 26MB/42MB, paused 972us total 28.126ms
08-06 17:47:38.642 13665 13775 I art     : Starting a blocking GC Explicit
08-06 17:47:38.667 13665 13775 I art     : Explicit concurrent mark sweep GC freed 579(31KB) AllocSpace objects, 0(0B) LOS objects, 37% free, 26MB/42MB, paused 817us total 25.244ms
08-06 17:47:38.677 13866 13866 I GoogleInputMethodServic: GoogleInputMethodService.onFinishInput():3138 
08-06 17:47:38.678 13866 13866 I GoogleInputMethodServic: GoogleInputMethodService.onStartInput():1808 
08-06 17:47:38.678 13665 13775 I art     : Starting a blocking GC Explicit
08-06 17:47:38.703   918   936 I ActivityManager: Displayed baseline.de.danoeh.antennapod.debug/baseline.de.danoeh.antennapod.activity.OnlineFeedViewActivity: +114ms
08-06 17:47:38.707 13665 13775 I art     : Explicit concurrent mark sweep GC freed 171(7KB) AllocSpace objects, 0(0B) LOS objects, 37% free, 26MB/42MB, paused 810us total 27.953ms
08-06 17:47:38.922 13665 13685 D MYTAG   : interceptor 3a https://rss.art19.com/nice-white-parents
08-06 17:47:38.922 13665 13685 I NAPPA_EXPERIMENTATION: MetricNetworkRequestExecutionTime: REQUEST_DURATION_SYSTEM='290',REQUEST_DURATION_OKHTTP='144',REQUEST_SYNCHRONOUS='TRUE',RESPONSE_CODE='200',RESPONSE_METHOD='GET',RESPONSE_LENGTH_OKHTTP='-1',RESPONSE_LENGTH_HEADER='1803',REQUEST_PROTOCOL='h2',REQUEST_URL='https://rss.art19.com/nice-white-parents',
08-06 17:47:38.922 13665 13685 D HttpDownloader: Response code is 200
08-06 17:47:38.922 13665 13685 D UserPreferences: Using default data folder
08-06 17:47:38.924 13665 13685 D HttpDownloader: Getting size of download
08-06 17:47:38.924 13665 13685 D HttpDownloader: Size is -1
08-06 17:47:38.925 13665 13685 D UserPreferences: Using default data folder
08-06 17:47:38.925 13665 13685 D HttpDownloader: Free space is 20501032960
08-06 17:47:38.925 13665 13685 D HttpDownloader: Starting download
08-06 17:47:38.929   512  2967 D audio_hw_primary: disable_audio_route: reset and update mixer path: low-latency-playback speaker
08-06 17:47:38.930 13665 13685 D HttpDownloader: Download was successful
08-06 17:47:38.931   512  2967 D audio_hw_primary: disable_snd_device: snd_device(2: speaker)
08-06 17:47:38.931   380   380 W SurfaceFlinger: couldn't log to binary event log: overflow.
08-06 17:47:38.933   918  3961 D WifiService: releaseWifiLockLocked: WifiLock{Downloader type=1 binder=android.os.BinderProxy@36a9343}
08-06 17:47:38.933 13665 13665 D OnlineFeedViewActivity: Parsing feed
08-06 17:47:38.941   512  2967 I soundtrigger: audio_extn_sound_trigger_update_device_status: device 0x2 of type 0 for Event 0
08-06 17:47:38.947 13665 14589 D TypeGetter: Recognized type RSS 2.0
08-06 17:47:38.950 13665 14589 D SyndHandler: Recognized ITunes namespace
08-06 17:47:38.951 13665 14589 D SyndHandler: Recognized Atom namespace
08-06 17:47:38.951 13665 14589 D SyndHandler: Recognized Content namespace
08-06 17:47:38.958 13665 14589 D OnlineFeedViewActivity: Deleted feed source file. Result: true
08-06 17:47:38.959 13665 13665 D OnlineFeedViewActivity: Removing HTML from shownotes
08-06 17:47:39.007 13665 13677 I art     : Starting a blocking GC Explicit
08-06 17:47:39.026 13665 13665 W art     : Before Android 4.1, method int androidx.appcompat.widget.DropDownListView.lookForSelectablePosition(int, boolean) would have incorrectly overridden the package-private method in android.widget.ListView
08-06 17:47:39.034 13665 13665 I ListPopupWindow: Could not find method setEpicenterBounds(Rect) on PopupWindow. Oh well.
08-06 17:47:39.041 13665 13677 I art     : Explicit concurrent mark sweep GC freed 12158(788KB) AllocSpace objects, 8(344KB) LOS objects, 36% free, 27MB/43MB, paused 2.862ms total 34.391ms
08-06 17:47:39.047 13665 14590 D ApOkHttpUrlLoader: buildLoadData() called with: model = [https://content.production.cdn.art19.com/images/89/e0/88/44/89e08844-ac28-4fc0-96fa-15a41fec2014/262c12ed699a8d9720dea0bd66449d998e4a08cf18095bed170ccaa76722045fa5dbf7a366918b2db7e3acf29ad22f6b99fd659a9409cb807bf2781d968932f8.jpeg], width = [350], height = [350]
08-06 17:47:39.053 13665 13677 I art     : Starting a blocking GC Explicit
08-06 17:47:39.055 13665 14426 D DBReader: getImageAuthentication() called with: imageUrl = [https://content.production.cdn.art19.com/images/89/e0/88/44/89e08844-ac28-4fc0-96fa-15a41fec2014/262c12ed699a8d9720dea0bd66449d998e4a08cf18095bed170ccaa76722045fa5dbf7a366918b2db7e3acf29ad22f6b99fd659a9409cb807bf2781d968932f8.jpeg]
08-06 17:47:39.056 13665 14426 D ApOkHttpUrlLoader: no credentials for 'https://content.production.cdn.art19.com/images/89/e0/88/44/89e08844-ac28-4fc0-96fa-15a41fec2014/262c12ed699a8d9720dea0bd66449d998e4a08cf18095bed170ccaa76722045fa5dbf7a366918b2db7e3acf29ad22f6b99fd659a9409cb807bf2781d968932f8.jpeg'
08-06 17:47:39.080 13665 13665 D PlaybackController: Releasing PlaybackController
08-06 17:47:39.085 13665 13677 I art     : Explicit concurrent mark sweep GC freed 9686(645KB) AllocSpace objects, 2(88KB) LOS objects, 37% free, 27MB/43MB, paused 1.504ms total 31.643ms
08-06 17:47:39.096 13665 13677 I art     : Starting a blocking GC Explicit
08-06 17:47:39.125 13665 13677 I art     : Explicit concurrent mark sweep GC freed 229(10KB) AllocSpace objects, 1(112KB) LOS objects, 37% free, 27MB/43MB, paused 789us total 29.473ms
08-06 17:47:39.136 13665 13677 I art     : Starting a blocking GC Explicit
08-06 17:47:39.164 13665 13677 I art     : Explicit concurrent mark sweep GC freed 29(976B) AllocSpace objects, 0(0B) LOS objects, 37% free, 27MB/43MB, paused 859us total 28.148ms
08-06 17:47:39.175 13665 13677 I art     : Starting a blocking GC Explicit
08-06 17:47:39.205 13665 13677 I art     : Explicit concurrent mark sweep GC freed 3783(155KB) AllocSpace objects, 0(0B) LOS objects, 37% free, 27MB/43MB, paused 894us total 30.016ms
08-06 17:47:39.336 13665 14426 D MYTAG   : interceptor 2a
08-06 17:47:39.336 13665 14426 I NAPPA_EXPERIMENTATION: MetricNetworkRequestExecutionTime: REQUEST_DURATION_SYSTEM='280',REQUEST_DURATION_OKHTTP='155',REQUEST_SYNCHRONOUS='TRUE',RESPONSE_CODE='200',RESPONSE_METHOD='GET',RESPONSE_LENGTH_OKHTTP='2466122',RESPONSE_LENGTH_HEADER='2466122',REQUEST_PROTOCOL='h2',REQUEST_URL='https://content.production.cdn.art19.com/images/89/e0/88/44/89e08844-ac28-4fc0-96fa-15a41fec2014/262c12ed699a8d9720dea0bd66449d998e4a08cf18095bed170ccaa76722045fa5dbf7a366918b2db7e3acf29ad22f6b99fd659a9409cb807bf2781d968932f8.jpeg',
08-06 17:47:39.496 13665 13678 I art     : Starting a blocking GC Explicit
08-06 17:47:39.528 13665 13678 I art     : Explicit concurrent mark sweep GC freed 1996(115KB) AllocSpace objects, 1(20KB) LOS objects, 37% free, 27MB/43MB, paused 1.027ms total 31.609ms
08-06 17:47:39.540 13665 13678 I art     : Starting a blocking GC Explicit
08-06 17:47:39.569 13665 13678 I art     : Explicit concurrent mark sweep GC freed 138(171KB) AllocSpace objects, 0(0B) LOS objects, 37% free, 27MB/43MB, paused 835us total 28.909ms
08-06 17:47:39.580 13665 13678 I art     : Starting a blocking GC Explicit
08-06 17:47:39.609 13665 13678 I art     : Explicit concurrent mark sweep GC freed 727(67KB) AllocSpace objects, 0(0B) LOS objects, 37% free, 27MB/43MB, paused 938us total 29.554ms
08-06 17:47:39.621 13665 13678 I art     : Starting a blocking GC Explicit
08-06 17:47:39.651 13665 13678 I art     : Explicit concurrent mark sweep GC freed 443(21KB) AllocSpace objects, 0(0B) LOS objects, 36% free, 27MB/43MB, paused 930us total 30.186ms
08-06 17:47:39.663 13665 13678 I art     : Starting a blocking GC Explicit
08-06 17:47:39.694 13665 13678 I art     : Explicit concurrent mark sweep GC freed 16(464B) AllocSpace objects, 0(0B) LOS objects, 36% free, 27MB/43MB, paused 886us total 31.302ms
08-06 17:47:40.001 13665 13775 I art     : Starting a blocking GC Explicit
08-06 17:47:40.043 13665 13775 I art     : Explicit concurrent mark sweep GC freed 1513(97KB) AllocSpace objects, 1(20KB) LOS objects, 36% free, 27MB/43MB, paused 831us total 42.065ms
08-06 17:47:40.058 13665 13775 I art     : Starting a blocking GC Explicit
08-06 17:47:40.092 13665 13775 I art     : Explicit concurrent mark sweep GC freed 29(944B) AllocSpace objects, 0(0B) LOS objects, 36% free, 27MB/43MB, paused 854us total 33.437ms
08-06 17:47:40.104 13665 13775 I art     : Starting a blocking GC Explicit
08-06 17:47:40.139 13665 13775 I art     : Explicit concurrent mark sweep GC freed 3(96B) AllocSpace objects, 0(0B) LOS objects, 36% free, 27MB/43MB, paused 824us total 34.687ms
08-06 17:47:40.151 13665 13775 I art     : Starting a blocking GC Explicit
08-06 17:47:40.185 13665 13775 I art     : Explicit concurrent mark sweep GC freed 3(96B) AllocSpace objects, 0(0B) LOS objects, 36% free, 27MB/43MB, paused 845us total 33.536ms
08-06 17:47:40.197 13665 13775 I art     : Starting a blocking GC Explicit
08-06 17:47:40.233 13665 13775 I art     : Explicit concurrent mark sweep GC freed 3(96B) AllocSpace objects, 0(0B) LOS objects, 36% free, 27MB/43MB, paused 867us total 35.361ms
08-06 17:47:40.569 13665 13677 I art     : Starting a blocking GC Explicit
08-06 17:47:40.608 13665 13677 I art     : Explicit concurrent mark sweep GC freed 1398(80KB) AllocSpace objects, 1(20KB) LOS objects, 36% free, 27MB/43MB, paused 984us total 38.680ms
08-06 17:47:40.623 13665 13677 I art     : Starting a blocking GC Explicit
08-06 17:47:40.657 13665 13677 I art     : Explicit concurrent mark sweep GC freed 26(848B) AllocSpace objects, 0(0B) LOS objects, 36% free, 27MB/43MB, paused 975us total 34.051ms
08-06 17:47:40.670 13665 13677 I art     : Starting a blocking GC Explicit
08-06 17:47:40.702 13665 13677 I art     : Explicit concurrent mark sweep GC freed 9(288B) AllocSpace objects, 0(0B) LOS objects, 36% free, 27MB/43MB, paused 772us total 32.193ms
08-06 17:47:40.715 13665 13677 I art     : Starting a blocking GC Explicit
08-06 17:47:40.747 13665 13677 I art     : Explicit concurrent mark sweep GC freed 8(256B) AllocSpace objects, 0(0B) LOS objects, 36% free, 27MB/43MB, paused 903us total 32.014ms
08-06 17:47:40.758 13665 13677 I art     : Starting a blocking GC Explicit
08-06 17:47:40.790 13665 13677 I art     : Explicit concurrent mark sweep GC freed 8(256B) AllocSpace objects, 0(0B) LOS objects, 36% free, 27MB/43MB, paused 798us total 30.802ms
08-06 17:47:41.121 13665 14111 I art     : Starting a blocking GC Explicit
08-06 17:47:41.162 13665 14111 I art     : Explicit concurrent mark sweep GC freed 1377(80KB) AllocSpace objects, 1(20KB) LOS objects, 36% free, 27MB/43MB, paused 848us total 40.292ms
08-06 17:47:41.177 13665 14111 I art     : Starting a blocking GC Explicit
08-06 17:47:41.212 13665 14111 I art     : Explicit concurrent mark sweep GC freed 23(752B) AllocSpace objects, 0(0B) LOS objects, 36% free, 27MB/43MB, paused 859us total 34.604ms
08-06 17:47:41.224 13665 14111 I art     : Starting a blocking GC Explicit
08-06 17:47:41.258 13665 14111 I art     : Explicit concurrent mark sweep GC freed 3(96B) AllocSpace objects, 0(0B) LOS objects, 36% free, 27MB/43MB, paused 889us total 34.245ms
08-06 17:47:41.271 13665 14111 I art     : Starting a blocking GC Explicit
08-06 17:47:41.305 13665 14111 I art     : Explicit concurrent mark sweep GC freed 32(880B) AllocSpace objects, 0(0B) LOS objects, 36% free, 27MB/43MB, paused 857us total 33.730ms
08-06 17:47:41.317 13665 14111 I art     : Starting a blocking GC Explicit
08-06 17:47:41.352 13665 14111 I art     : Explicit concurrent mark sweep GC freed 3(96B) AllocSpace objects, 0(0B) LOS objects, 36% free, 27MB/43MB, paused 813us total 34.506ms
08-06 17:47:41.684 13665 13677 I art     : Starting a blocking GC Explicit
08-06 17:47:41.724 13665 13677 I art     : Explicit concurrent mark sweep GC freed 1367(82KB) AllocSpace objects, 1(20KB) LOS objects, 36% free, 27MB/43MB, paused 874us total 38.708ms
08-06 17:47:41.738 13665 13677 I art     : Starting a blocking GC Explicit
08-06 17:47:41.770 13665 13677 I art     : Explicit concurrent mark sweep GC freed 23(752B) AllocSpace objects, 0(0B) LOS objects, 36% free, 27MB/43MB, paused 823us total 32.198ms
08-06 17:47:41.782 13665 13677 I art     : Starting a blocking GC Explicit
08-06 17:47:41.817 13665 13677 I art     : Explicit concurrent mark sweep GC freed 3(96B) AllocSpace objects, 0(0B) LOS objects, 36% free, 27MB/43MB, paused 1.039ms total 34.853ms
08-06 17:47:41.830 13665 13677 I art     : Starting a blocking GC Explicit
08-06 17:47:41.864 13665 13677 I art     : Explicit concurrent mark sweep GC freed 3(96B) AllocSpace objects, 0(0B) LOS objects, 36% free, 27MB/43MB, paused 872us total 34.282ms
08-06 17:47:41.877 13665 13677 I art     : Starting a blocking GC Explicit
08-06 17:47:41.911 13665 13677 I art     : Explicit concurrent mark sweep GC freed 3(96B) AllocSpace objects, 0(0B) LOS objects, 36% free, 27MB/43MB, paused 814us total 34.171ms
08-06 17:47:42.219 13665 13678 I art     : Starting a blocking GC Explicit
08-06 17:47:42.262 13665 13678 I art     : Explicit concurrent mark sweep GC freed 1366(80KB) AllocSpace objects, 1(20KB) LOS objects, 36% free, 27MB/43MB, paused 928us total 42.817ms
08-06 17:47:42.279 13665 13678 I art     : Starting a blocking GC Explicit
08-06 17:47:42.315 13665 13678 I art     : Explicit concurrent mark sweep GC freed 52(1536B) AllocSpace objects, 0(0B) LOS objects, 36% free, 27MB/43MB, paused 878us total 35.054ms
08-06 17:47:42.327 13665 13678 I art     : Starting a blocking GC Explicit
08-06 17:47:42.362 13665 13678 I art     : Explicit concurrent mark sweep GC freed 3(96B) AllocSpace objects, 0(0B) LOS objects, 36% free, 27MB/43MB, paused 872us total 34.422ms
08-06 17:47:42.374 13665 13678 I art     : Starting a blocking GC Explicit
08-06 17:47:42.408 13665 13678 I art     : Explicit concurrent mark sweep GC freed 3(96B) AllocSpace objects, 0(0B) LOS objects, 36% free, 27MB/43MB, paused 861us total 33.739ms
08-06 17:47:42.420 13665 13678 I art     : Starting a blocking GC Explicit
08-06 17:47:42.454 13665 13678 I art     : Explicit concurrent mark sweep GC freed 3(96B) AllocSpace objects, 0(0B) LOS objects, 36% free, 27MB/43MB, paused 850us total 33.594ms
08-06 17:47:42.462 12162 12162 I Finsky  : [1] xow.onStartJob(3): SCH: onJobSchedulerWakeup with jobId 9016
08-06 17:47:42.472 12162 12162 I Finsky  : [1] xjw.a(9): Scheduling fallback in 43199994 (absolute: 1925866341)
08-06 17:47:42.477 12162 12162 I Finsky  : [1] xjw.a(9): Scheduling fallback in 64799997 (absolute: 1947466348)
08-06 17:47:42.484 12162 12162 I Finsky  : [1] xow.onStartJob(3): SCH: onJobSchedulerWakeup with jobId 9011
08-06 17:47:42.494 12162 12162 I Finsky  : [1] xjw.a(9): Scheduling fallback in 43199996 (absolute: 1925866365)
08-06 17:47:42.498 12162 12162 I Finsky  : [1] xjw.a(9): Scheduling fallback in 64799997 (absolute: 1947466370)
08-06 17:47:42.502 12162 12162 W Finsky  : [1] xow.onStartJob(9): SCH: onJobSchedulerWakeup while already running
08-06 17:47:42.641 12162 12162 I Finsky  : [1] xkf.handleMessage(8): SCH: DeviceState: DeviceState{currentTime=1596728862637, isCharging=false, isIdle=false, netAny=true, netNotRoaming=true, netUnmetered=true, batteryPercent=100.0}
08-06 17:47:42.649 12162 14664 I Finsky  : [6993] xmu.a(8): SCH: Jobs in database: 1-1337 3-225 3-226 12-1 24-77777777 26-1414141414 
08-06 17:47:42.652 12162 12162 I Finsky  : [1] xkg.a(16): SCH: Running job: 12-1
08-06 17:47:42.653 12162 12162 I Finsky  : [1] ContentSyncJob.a(16): [ContentSync] job started
08-06 17:47:42.654 12162 12162 I Finsky  : [1] xkf.handleMessage(61): SCH: RunningQueue size: 1, PendingQueue size: 0
08-06 17:47:42.654 12162 12162 I Finsky  : [1] xkf.handleMessage(64): SCH: Running queue: 12-1 
08-06 17:47:42.725 12162 14668 I Finsky  : [6995] dzn.a(22): Completed 0 account content syncs with 0 successful.
08-06 17:47:42.726 12162 12162 I Finsky  : [1] ContentSyncJob.a(1): [ContentSync] Installation state replication succeeded.
08-06 17:47:42.727 12162 12162 I Finsky  : [1] xlr.a(13): SCH: jobFinished: 12-1. TimeElapsed: 74ms.
08-06 17:47:42.728 12162 12162 I Finsky  : [1] xkg.a(36): SCH: Job 12-1 finished. Not rescheduling.
08-06 17:47:42.728 12162 12162 I Finsky  : [1] xkf.handleMessage(61): SCH: RunningQueue size: 0, PendingQueue size: 0
08-06 17:47:42.728 12162 12162 I Finsky  : [1] xkf.handleMessage(25): Executor finished
08-06 17:47:42.737 13665 13775 I art     : Starting a blocking GC Explicit
08-06 17:47:42.746 12162 12162 I Finsky  : [1] xmu.a(8): SCH: Jobs in database: 1-1337 3-225 3-226 24-77777777 26-1414141414 
08-06 17:47:42.749 12162 12162 I Finsky  : [1] xio.a(57): SCH: ConstraintMapping: 24-77777777,  -> L: 0ms, D: 12148179ms, C: false, I: true, N: 0
08-06 17:47:42.749 12162 12162 I Finsky  : [1] xio.a(57): SCH: ConstraintMapping: 1-1337,  -> L: 15490164ms, D: 58690164ms, C: false, I: false, N: 1
08-06 17:47:42.750 12162 12162 I Finsky  : [1] xio.a(57): SCH: ConstraintMapping: 3-225,  -> L: 0ms, D: 55274107ms, C: false, I: true, N: 2
08-06 17:47:42.751 12162 12162 I Finsky  : [1] xio.a(57): SCH: ConstraintMapping: 3-226,  -> L: 0ms, D: 55274151ms, C: true, I: true, N: 2
08-06 17:47:42.751 12162 12162 I Finsky  : [1] xio.a(57): SCH: ConstraintMapping: 26-1414141414,  -> L: 20271551ms, D: 21171551ms, C: false, I: false, N: 0
08-06 17:47:42.763 12162 12162 I Finsky  : [1] xle.a(34): Cancelling existing jobscheduler jobs: 9013 9018 9017 9015 9012 9019 9014 9001 
08-06 17:47:42.764 12162 12162 I Finsky  : [1] xle.a(10): Throttling wakeup for job 9000 (expected to run in 0 ms) due to recent wakeup
08-06 17:47:42.764 12162 12162 I Finsky  : [1] xle.a(27): Scheduling job Id: 9000, L: 30000, D: 12148179, C: false, I: true, N: 0
08-06 17:47:42.766 12162 12162 I Finsky  : [1] xle.a(27): Scheduling job Id: 9002, L: 15490164, D: 58690164, C: false, I: false, N: 1
08-06 17:47:42.768 13665 13775 I art     : Explicit concurrent mark sweep GC freed 1366(80KB) AllocSpace objects, 1(20KB) LOS objects, 36% free, 27MB/43MB, paused 884us total 30.623ms
08-06 17:47:42.768 12162 12162 I Finsky  : [1] xle.a(10): Throttling wakeup for job 9003 (expected to run in 0 ms) due to recent wakeup
08-06 17:47:42.769 12162 12162 I Finsky  : [1] xle.a(27): Scheduling job Id: 9003, L: 30000, D: 55274107, C: false, I: true, N: 2
08-06 17:47:42.770 12162 12162 I Finsky  : [1] xle.a(10): Throttling wakeup for job 9004 (expected to run in 0 ms) due to recent wakeup
08-06 17:47:42.770 12162 12162 I Finsky  : [1] xle.a(27): Scheduling job Id: 9004, L: 30000, D: 55274151, C: true, I: true, N: 2
08-06 17:47:42.772 12162 12162 I Finsky  : [1] xle.a(27): Scheduling job Id: 9005, L: 20271551, D: 21171551, C: false, I: false, N: 0
08-06 17:47:42.773 12162 12162 I Finsky  : [1] xle.a(10): Throttling wakeup for job 9006 (expected to run in 0 ms) due to recent wakeup
08-06 17:47:42.774 12162 12162 I Finsky  : [1] xle.a(27): Scheduling job Id: 9006, L: 30000, D: 12148179, C: false, I: true, N: 0
08-06 17:47:42.775 12162 12162 I Finsky  : [1] xle.a(27): Scheduling job Id: 9007, L: 15490164, D: 58690164, C: false, I: false, N: 1
08-06 17:47:42.777 12162 12162 I Finsky  : [1] xle.a(10): Throttling wakeup for job 9008 (expected to run in 0 ms) due to recent wakeup
08-06 17:47:42.777 12162 12162 I Finsky  : [1] xle.a(27): Scheduling job Id: 9008, L: 30000, D: 55274107, C: false, I: true, N: 2
08-06 17:47:42.778 12162 12162 I Finsky  : [1] xle.a(10): Throttling wakeup for job 9009 (expected to run in 0 ms) due to recent wakeup
08-06 17:47:42.779 12162 12162 I Finsky  : [1] xle.a(27): Scheduling job Id: 9009, L: 30000, D: 55274151, C: true, I: true, N: 2
08-06 17:47:42.779 13665 13775 I art     : Starting a blocking GC Explicit
08-06 17:47:42.780 12162 12162 I Finsky  : [1] xle.a(27): Scheduling job Id: 9010, L: 20271551, D: 21171551, C: false, I: false, N: 0
08-06 17:47:42.810 13665 13775 I art     : Explicit concurrent mark sweep GC freed 23(752B) AllocSpace objects, 0(0B) LOS objects, 36% free, 27MB/43MB, paused 849us total 30.298ms
08-06 17:47:42.821 13665 13775 I art     : Starting a blocking GC Explicit
08-06 17:47:42.851 13665 13775 I art     : Explicit concurrent mark sweep GC freed 3(96B) AllocSpace objects, 0(0B) LOS objects, 36% free, 27MB/43MB, paused 797us total 30.362ms
08-06 17:47:42.863 13665 13775 I art     : Starting a blocking GC Explicit
08-06 17:47:42.894 13665 13775 I art     : Explicit concurrent mark sweep GC freed 3(96B) AllocSpace objects, 0(0B) LOS objects, 36% free, 27MB/43MB, paused 836us total 31.307ms
08-06 17:47:42.906 13665 13775 I art     : Starting a blocking GC Explicit
08-06 17:47:42.939 13665 13775 I art     : Explicit concurrent mark sweep GC freed 3(96B) AllocSpace objects, 0(0B) LOS objects, 36% free, 27MB/43MB, paused 873us total 32.622ms
08-06 17:47:43.073 14654 14654 D AndroidRuntime: >>>>>> START com.android.internal.os.RuntimeInit uid 2000 <<<<<<
08-06 17:47:43.082 14654 14654 D AndroidRuntime: CheckJNI is OFF
08-06 17:47:43.124 14654 14654 D ICU     : No timezone override file found: /data/misc/zoneinfo/current/icu/icu_tzdata.dat
08-06 17:47:43.166 14654 14654 I Radio-JNI: register_android_hardware_Radio DONE
08-06 17:47:43.195 14654 14654 D AndroidRuntime: Calling main entry com.android.commands.input.Input
08-06 17:47:43.197 14654 14654 I Input   : injectMotionEvent: MotionEvent { action=ACTION_DOWN, actionButton=0, id[0]=0, x[0]=625.0, y[0]=832.0, toolType[0]=TOOL_TYPE_UNKNOWN, buttonState=0, metaState=0, flags=0x0, edgeFlags=0x0, pointerCount=1, historySize=0, eventTime=899279610, downTime=899279610, deviceId=0, source=0x1002 }
08-06 17:47:43.201 14654 14654 I Input   : injectMotionEvent: MotionEvent { action=ACTION_UP, actionButton=0, id[0]=0, x[0]=625.0, y[0]=832.0, toolType[0]=TOOL_TYPE_UNKNOWN, buttonState=0, metaState=0, flags=0x0, edgeFlags=0x0, pointerCount=1, historySize=0, eventTime=899279610, downTime=899279610, deviceId=0, source=0x1002 }
08-06 17:47:43.204 14654 14654 D AndroidRuntime: Shutting down VM
08-06 17:47:43.219 13665 13665 D UserPreferences: Using default data folder
08-06 17:47:43.220 13665 13665 D DownloadRequester: partiallyDownloadedFileExists: false
08-06 17:47:43.220 13665 13665 D DownloadRequester: /storage/emulated/0/Android/data/baseline.de.danoeh.antennapod.debug/files/cache/feed-Nice White Parents is available as a download destination
08-06 17:47:43.221   512  2967 D audio_hw_primary: out_set_parameters: enter: usecase(1: low-latency-playback) kvpairs: routing=2
08-06 17:47:43.222 13665 13665 D DownloadRequester: Requesting download of url https://rss.art19.com/nice-white-parents
08-06 17:47:43.234   512  2967 D audio_hw_primary: select_devices: out_snd_device(2: speaker) in_snd_device(0: none)
08-06 17:47:43.234   512  2967 D msm8974_platform: platform_send_audio_calibration: sending audio calibration for snd_device(2) acdb_id(15)
08-06 17:47:43.234   512  2967 I soundtrigger: audio_extn_sound_trigger_update_device_status: device 0x2 of type 0 for Event 1
08-06 17:47:43.239 13665 13665 D DownloadService: Service started
08-06 17:47:43.243 13665 13665 D DownloadService: parallel downloads: 4
08-06 17:47:43.246 13665 14690 D downloadCompletionThd: downloadCompletionThread was started
08-06 17:47:43.246   512  2967 D audio_hw_primary: enable_snd_device: snd_device(2: speaker)
08-06 17:47:43.249   512  2967 D audio_hw_primary: enable_audio_route: apply and update mixer path: low-latency-playback speaker
08-06 17:47:43.249 13665 13665 D DownloadService: Notification set up
08-06 17:47:43.255 13665 13775 I art     : Starting a blocking GC Explicit
08-06 17:47:43.270 13665 13665 D DownloadService: Received enqueue request
08-06 17:47:43.273 13665 13665 D OnlineFeedViewActivity: onEventMainThread() called with: event = [DownloadEvent{update=DownloaderUpdate{downloaders=[baseline.de.danoeh.antennapod.core.service.download.HttpDownloader@fb0bf1e], feedIds=[0], mediaIds=[]}}]
08-06 17:47:43.274 13665 13665 D DownloadService: 1 downloads left
08-06 17:47:43.274 13665 13665 D DownloadService: Setting up notification updater
08-06 17:47:43.274   918   928 D WifiService: acquireWifiLockLocked: WifiLock{Downloader type=1 binder=android.os.BinderProxy@576ac20}
08-06 17:47:43.278 13665 14693 D AntennapodHttpClient: Creating new instance of HTTP client
08-06 17:47:43.292 13665 13775 I art     : Explicit concurrent mark sweep GC freed 2408(142KB) AllocSpace objects, 1(20KB) LOS objects, 36% free, 27MB/43MB, paused 1.174ms total 36.605ms
08-06 17:47:43.303 13665 13775 I art     : Starting a blocking GC Explicit
08-06 17:47:43.333 13665 13775 I art     : Explicit concurrent mark sweep GC freed 245(12KB) AllocSpace objects, 0(0B) LOS objects, 36% free, 27MB/43MB, paused 1.076ms total 30.407ms
08-06 17:47:43.344 13665 13775 I art     : Starting a blocking GC Explicit
08-06 17:47:43.374 13665 13775 I art     : Explicit concurrent mark sweep GC freed 56(4KB) AllocSpace objects, 0(0B) LOS objects, 36% free, 27MB/43MB, paused 922us total 30.109ms
08-06 17:47:43.385 13665 13775 I art     : Starting a blocking GC Explicit
08-06 17:47:43.414 13665 13775 I art     : Explicit concurrent mark sweep GC freed 10(384B) AllocSpace objects, 0(0B) LOS objects, 36% free, 27MB/43MB, paused 966us total 28.656ms
08-06 17:47:43.425 13665 13775 I art     : Starting a blocking GC Explicit
08-06 17:47:43.456 13665 13775 I art     : Explicit concurrent mark sweep GC freed 3805(187KB) AllocSpace objects, 3(200KB) LOS objects, 36% free, 28MB/44MB, paused 1.155ms total 31.003ms
08-06 17:47:43.607 13665 14693 D MYTAG   : interceptor 3a https://rss.art19.com/nice-white-parents
08-06 17:47:43.607 13665 14693 I NAPPA_EXPERIMENTATION: MetricNetworkRequestExecutionTime: REQUEST_DURATION_SYSTEM='328',REQUEST_DURATION_OKHTTP='145',REQUEST_SYNCHRONOUS='TRUE',RESPONSE_CODE='200',RESPONSE_METHOD='GET',RESPONSE_LENGTH_OKHTTP='-1',RESPONSE_LENGTH_HEADER='1803',REQUEST_PROTOCOL='h2',REQUEST_URL='https://rss.art19.com/nice-white-parents',
08-06 17:47:43.607 13665 14693 D HttpDownloader: Response code is 200
08-06 17:47:43.607 13665 14693 D UserPreferences: Using default data folder
08-06 17:47:43.609 13665 14693 D HttpDownloader: Getting size of download
08-06 17:47:43.609 13665 14693 D HttpDownloader: Size is -1
08-06 17:47:43.609 13665 14693 D UserPreferences: Using default data folder
08-06 17:47:43.609 13665 14693 D HttpDownloader: Free space is 20498505728
08-06 17:47:43.609 13665 14693 D HttpDownloader: Starting download
08-06 17:47:43.615 13665 14693 D HttpDownloader: Download was successful
08-06 17:47:43.615   918  6029 D WifiService: releaseWifiLockLocked: WifiLock{Downloader type=1 binder=android.os.BinderProxy@576ac20}
08-06 17:47:43.616 13665 14690 D downloadCompletionThd: Received 'Download Complete' - message.
08-06 17:47:43.616 13665 14690 D DownloadService: Handling completed Feed Download
08-06 17:47:43.619 13665 14691 D FeedSyncThread: Waiting for 3000 ms
08-06 17:47:43.619 13665 13665 D DownloadService: Removing downloader: https://rss.art19.com/nice-white-parents
08-06 17:47:43.619 13665 13665 D DownloadService: Result of downloads.remove: true
08-06 17:47:43.619 13665 13665 D OnlineFeedViewActivity: onEventMainThread() called with: event = [DownloadEvent{update=DownloaderUpdate{downloaders=[], feedIds=[], mediaIds=[]}}]
08-06 17:47:43.621 13665 14705 D TypeGetter: Recognized type RSS 2.0
08-06 17:47:43.623 13665 14705 D SyndHandler: Recognized ITunes namespace
08-06 17:47:43.623 13665 14705 D SyndHandler: Recognized Atom namespace
08-06 17:47:43.623 13665 14705 D SyndHandler: Recognized Content namespace
08-06 17:47:43.629 13665 14705 D FeedSyncThread: Nice White Parents parsed
08-06 17:47:43.629 13665 14705 D FeedSyncThread: Deletion of file '/storage/emulated/0/Android/data/baseline.de.danoeh.antennapod.debug/files/cache/feed-Nice White Parents' successful
08-06 17:47:43.630 13665 14705 D DBReader: getFeedDownloadLog() called with: feed = [baseline.de.danoeh.antennapod.core.feed.Feed@0]
08-06 17:47:43.727 13665 13678 I art     : Starting a blocking GC Explicit
08-06 17:47:43.759 13665 13678 I art     : Explicit concurrent mark sweep GC freed 3925(441KB) AllocSpace objects, 4(80KB) LOS objects, 36% free, 27MB/43MB, paused 1.035ms total 31.519ms
08-06 17:47:43.770 13665 13678 I art     : Starting a blocking GC Explicit
08-06 17:47:43.788   512  2967 D audio_hw_primary: disable_audio_route: reset and update mixer path: low-latency-playback speaker
08-06 17:47:43.789   512  2967 D audio_hw_primary: disable_snd_device: snd_device(2: speaker)
08-06 17:47:43.797   512  2967 I soundtrigger: audio_extn_sound_trigger_update_device_status: device 0x2 of type 0 for Event 0
08-06 17:47:43.800 13665 13678 I art     : Explicit concurrent mark sweep GC freed 203(10KB) AllocSpace objects, 0(0B) LOS objects, 36% free, 27MB/43MB, paused 944us total 29.678ms
08-06 17:47:43.811 13665 13678 I art     : Starting a blocking GC Explicit
08-06 17:47:43.842 13665 13678 I art     : Explicit concurrent mark sweep GC freed 5(160B) AllocSpace objects, 0(0B) LOS objects, 36% free, 27MB/43MB, paused 950us total 30.086ms
08-06 17:47:43.853 13665 13678 I art     : Starting a blocking GC Explicit
08-06 17:47:43.885 13665 13678 I art     : Explicit concurrent mark sweep GC freed 8(288B) AllocSpace objects, 0(0B) LOS objects, 36% free, 27MB/43MB, paused 1.026ms total 31.820ms
08-06 17:47:43.896 13665 13678 I art     : Starting a blocking GC Explicit
08-06 17:47:43.928 13665 13678 I art     : Explicit concurrent mark sweep GC freed 5(192B) AllocSpace objects, 0(0B) LOS objects, 36% free, 27MB/43MB, paused 962us total 31.191ms
08-06 17:47:44.233 13665 14111 I art     : Starting a blocking GC Explicit
08-06 17:47:44.279 13665 14111 I art     : Explicit concurrent mark sweep GC freed 1370(80KB) AllocSpace objects, 1(20KB) LOS objects, 36% free, 27MB/43MB, paused 1.050ms total 45.952ms
08-06 17:47:44.294 13665 14111 I art     : Starting a blocking GC Explicit
08-06 17:47:44.329 13665 14111 I art     : Explicit concurrent mark sweep GC freed 54(1600B) AllocSpace objects, 0(0B) LOS objects, 36% free, 27MB/43MB, paused 987us total 34.535ms
08-06 17:47:44.341 13665 14111 I art     : Starting a blocking GC Explicit
08-06 17:47:44.375 13665 14111 I art     : Explicit concurrent mark sweep GC freed 3(96B) AllocSpace objects, 0(0B) LOS objects, 36% free, 27MB/43MB, paused 971us total 33.784ms
08-06 17:47:44.387 13665 14111 I art     : Starting a blocking GC Explicit
08-06 17:47:44.421 13665 14111 I art     : Explicit concurrent mark sweep GC freed 3(96B) AllocSpace objects, 0(0B) LOS objects, 36% free, 27MB/43MB, paused 1.067ms total 33.823ms
08-06 17:47:44.433 13665 14111 I art     : Starting a blocking GC Explicit
08-06 17:47:44.466 13665 14111 I art     : Explicit concurrent mark sweep GC freed 3(96B) AllocSpace objects, 0(0B) LOS objects, 36% free, 27MB/43MB, paused 967us total 32.306ms
08-06 17:47:44.776 13665 13775 I art     : Starting a blocking GC Explicit
08-06 17:47:44.817 13665 13775 I art     : Explicit concurrent mark sweep GC freed 1366(80KB) AllocSpace objects, 1(20KB) LOS objects, 36% free, 27MB/43MB, paused 1.042ms total 40.704ms
08-06 17:47:44.832 13665 13775 I art     : Starting a blocking GC Explicit
08-06 17:47:44.872 13665 13775 I art     : Explicit concurrent mark sweep GC freed 23(752B) AllocSpace objects, 0(0B) LOS objects, 36% free, 27MB/43MB, paused 988us total 39.882ms
08-06 17:47:44.885 13665 13775 I art     : Starting a blocking GC Explicit
08-06 17:47:44.920 13665 13775 I art     : Explicit concurrent mark sweep GC freed 3(96B) AllocSpace objects, 0(0B) LOS objects, 36% free, 27MB/43MB, paused 991us total 34.959ms
08-06 17:47:44.932 13665 13775 I art     : Starting a blocking GC Explicit
08-06 17:47:44.969 13665 13775 I art     : Explicit concurrent mark sweep GC freed 3(96B) AllocSpace objects, 0(0B) LOS objects, 36% free, 27MB/43MB, paused 1.017ms total 36.585ms
08-06 17:47:44.981 13665 13775 I art     : Starting a blocking GC Explicit
08-06 17:47:45.018 13665 13775 I art     : Explicit concurrent mark sweep GC freed 3(96B) AllocSpace objects, 0(0B) LOS objects, 36% free, 27MB/43MB, paused 1.073ms total 36.038ms
08-06 17:47:45.122 13665 13665 D OnlineFeedViewActivity: onEventMainThread() called with: event = [DownloadEvent{update=DownloaderUpdate{downloaders=[], feedIds=[], mediaIds=[]}}]
08-06 17:47:45.353 13665 13678 I art     : Starting a blocking GC Explicit
08-06 17:47:45.395 13665 13678 I art     : Explicit concurrent mark sweep GC freed 1431(83KB) AllocSpace objects, 1(20KB) LOS objects, 36% free, 27MB/43MB, paused 977us total 41.749ms
08-06 17:47:45.410 13665 13678 I art     : Starting a blocking GC Explicit
08-06 17:47:45.448 13665 13678 I art     : Explicit concurrent mark sweep GC freed 23(752B) AllocSpace objects, 0(0B) LOS objects, 36% free, 27MB/43MB, paused 1.068ms total 37.279ms
08-06 17:47:45.463 13665 13678 I art     : Starting a blocking GC Explicit
08-06 17:47:45.502 13665 13678 I art     : Explicit concurrent mark sweep GC freed 3(96B) AllocSpace objects, 0(0B) LOS objects, 36% free, 27MB/43MB, paused 914us total 38.789ms
08-06 17:47:45.514 13665 13678 I art     : Starting a blocking GC Explicit
08-06 17:47:45.550 13665 13678 I art     : Explicit concurrent mark sweep GC freed 3(96B) AllocSpace objects, 0(0B) LOS objects, 36% free, 27MB/43MB, paused 1.003ms total 35.803ms
08-06 17:47:45.562 13665 13678 I art     : Starting a blocking GC Explicit
08-06 17:47:45.599 13665 13678 I art     : Explicit concurrent mark sweep GC freed 3(96B) AllocSpace objects, 0(0B) LOS objects, 36% free, 27MB/43MB, paused 1.021ms total 36.663ms
08-06 17:47:45.930 13665 14111 I art     : Starting a blocking GC Explicit
08-06 17:47:45.977 13665 14111 I art     : Explicit concurrent mark sweep GC freed 1366(80KB) AllocSpace objects, 1(20KB) LOS objects, 36% free, 27MB/43MB, paused 1.122ms total 47.341ms
08-06 17:47:45.992 13665 14111 I art     : Starting a blocking GC Explicit
08-06 17:47:46.028 13665 14111 I art     : Explicit concurrent mark sweep GC freed 23(752B) AllocSpace objects, 0(0B) LOS objects, 36% free, 27MB/43MB, paused 1.046ms total 35.747ms
08-06 17:47:46.040 13665 14111 I art     : Starting a blocking GC Explicit
08-06 17:47:46.077 13665 14111 I art     : Explicit concurrent mark sweep GC freed 3(96B) AllocSpace objects, 0(0B) LOS objects, 36% free, 27MB/43MB, paused 1.096ms total 36.604ms
08-06 17:47:46.090 13665 14111 I art     : Starting a blocking GC Explicit
08-06 17:47:46.126 13665 14111 I art     : Explicit concurrent mark sweep GC freed 3(96B) AllocSpace objects, 0(0B) LOS objects, 36% free, 27MB/43MB, paused 956us total 36.092ms
08-06 17:47:46.138 13665 14111 I art     : Starting a blocking GC Explicit
08-06 17:47:46.175 13665 14111 I art     : Explicit concurrent mark sweep GC freed 3(96B) AllocSpace objects, 0(0B) LOS objects, 36% free, 27MB/43MB, paused 1.020ms total 36.400ms
08-06 17:47:46.514 13665 13775 I art     : Starting a blocking GC Explicit
08-06 17:47:46.557 13665 13775 I art     : Explicit concurrent mark sweep GC freed 1395(80KB) AllocSpace objects, 1(20KB) LOS objects, 36% free, 27MB/43MB, paused 1.048ms total 42.871ms
08-06 17:47:46.573 13665 13775 I art     : Starting a blocking GC Explicit
08-06 17:47:46.614 13665 13775 I art     : Explicit concurrent mark sweep GC freed 23(752B) AllocSpace objects, 0(0B) LOS objects, 36% free, 27MB/43MB, paused 984us total 40.426ms
08-06 17:47:46.619 13665 14691 D FeedSyncThread: Bundling 1 feeds
08-06 17:47:46.621 13665 14760 D DBReader: Extracting Feedlist
08-06 17:47:46.624 13665 13665 D OnlineFeedViewActivity: onEventMainThread() called with: event = [DownloadEvent{update=DownloaderUpdate{downloaders=[], feedIds=[], mediaIds=[]}}]
08-06 17:47:46.625 13665 14760 D DBTasks : Found no existing Feed with title Nice White Parents. Adding as new one.
08-06 17:47:46.626 13665 13775 I art     : Starting a blocking GC Explicit
08-06 17:47:46.632 13665 14761 D PodDBAdapter: Setting feed with flattr status Nice White Parents: 0
08-06 17:47:46.632 13665 14761 D baseline.de.danoeh.antennapod.core.storage.PodDBAdapter@bd323f7: Inserting new Feed into db
08-06 17:47:46.659 13665 13775 I art     : Explicit concurrent mark sweep GC freed 239(21KB) AllocSpace objects, 0(0B) LOS objects, 36% free, 27MB/43MB, paused 1.053ms total 32.947ms
08-06 17:47:46.666 13665 13665 D EventDistributor: Processing event queue. Number of events: 1
08-06 17:47:46.666 13665 13665 D EventDistributor: Notifying observers. Data: 1
08-06 17:47:46.667 13665 14222 D DBReader: Extracting Feedlist
08-06 17:47:46.667 13665 13665 D DownloadService: 0 downloads left
08-06 17:47:46.667 13665 13665 D DownloadService: Number of downloads is 0, attempting shutdown
08-06 17:47:46.670 13665 13665 D DownloadService: Service shutting down
08-06 17:47:46.671 13665 13665 D DownloadService: No report is created
08-06 17:47:46.671 13665 13775 I art     : Starting a blocking GC Explicit
08-06 17:47:46.674 13665 13665 D OnlineFeedViewActivity: onEventMainThread() called with: event = [DownloadEvent{update=DownloaderUpdate{downloaders=[], feedIds=[], mediaIds=[]}}]
08-06 17:47:46.679 13665 13665 D DownloadService: NotificationUpdater cancelled. Result: false
08-06 17:47:46.679 13665 14690 E downloadCompletionThd: DownloadCompletionThread was interrupted
08-06 17:47:46.680 13665 13665 D DBTasks : autodownloadUndownloadedItems
08-06 17:47:46.683 13665 14762 D NetworkUtils: Device is connected to Wi-Fi
08-06 17:47:46.683 13665 14762 D NetworkUtils: Auto-dl filter is disabled
08-06 17:47:46.705 13665 13775 I art     : Explicit concurrent mark sweep GC freed 352(36KB) AllocSpace objects, 1(20KB) LOS objects, 36% free, 27MB/43MB, paused 1.016ms total 32.296ms
08-06 17:47:46.717 13665 13775 I art     : Starting a blocking GC Explicit
08-06 17:47:46.752 13665 13775 I art     : Explicit concurrent mark sweep GC freed 94(4KB) AllocSpace objects, 0(0B) LOS objects, 36% free, 27MB/43MB, paused 990us total 34.931ms
08-06 17:47:47.097 13665 13677 I art     : Starting a blocking GC Explicit
08-06 17:47:47.144 13665 13677 I art     : Explicit concurrent mark sweep GC freed 1367(80KB) AllocSpace objects, 1(20KB) LOS objects, 36% free, 27MB/43MB, paused 1.128ms total 46.802ms
08-06 17:47:47.162 13665 13677 I art     : Starting a blocking GC Explicit
08-06 17:47:47.199 13665 13677 I art     : Explicit concurrent mark sweep GC freed 23(752B) AllocSpace objects, 0(0B) LOS objects, 36% free, 27MB/43MB, paused 1.054ms total 36.908ms
08-06 17:47:47.212 13665 13677 I art     : Starting a blocking GC Explicit
08-06 17:47:47.249 13665 13677 I art     : Explicit concurrent mark sweep GC freed 3(96B) AllocSpace objects, 0(0B) LOS objects, 36% free, 27MB/43MB, paused 1.098ms total 36.355ms
08-06 17:47:47.261 13665 13677 I art     : Starting a blocking GC Explicit
08-06 17:47:47.296 13665 13677 I art     : Explicit concurrent mark sweep GC freed 32(880B) AllocSpace objects, 0(0B) LOS objects, 36% free, 27MB/43MB, paused 979us total 34.685ms
08-06 17:47:47.308 13665 13677 I art     : Starting a blocking GC Explicit
08-06 17:47:47.345 13665 13677 I art     : Explicit concurrent mark sweep GC freed 3(96B) AllocSpace objects, 0(0B) LOS objects, 36% free, 27MB/43MB, paused 1.035ms total 37ms
08-06 17:47:47.650 13665 13678 I art     : Starting a blocking GC Explicit
08-06 17:47:47.690 13665 13678 I art     : Explicit concurrent mark sweep GC freed 1367(82KB) AllocSpace objects, 1(20KB) LOS objects, 36% free, 27MB/43MB, paused 1.128ms total 39.264ms
08-06 17:47:47.703 13665 13678 I art     : Starting a blocking GC Explicit
08-06 17:47:47.736 13665 13678 I art     : Explicit concurrent mark sweep GC freed 23(752B) AllocSpace objects, 0(0B) LOS objects, 36% free, 27MB/43MB, paused 1.059ms total 32.916ms
08-06 17:47:47.749 13665 13678 I art     : Starting a blocking GC Explicit
08-06 17:47:47.783 13665 13678 I art     : Explicit concurrent mark sweep GC freed 3(96B) AllocSpace objects, 0(0B) LOS objects, 36% free, 27MB/43MB, paused 1.045ms total 33.671ms
08-06 17:47:47.795 13665 13678 I art     : Starting a blocking GC Explicit
08-06 17:47:47.829 13665 13678 I art     : Explicit concurrent mark sweep GC freed 3(96B) AllocSpace objects, 0(0B) LOS objects, 36% free, 27MB/43MB, paused 1.021ms total 34.089ms
08-06 17:47:47.830   918  3188 I hubconnection: sensorhub said: 'set_bias 3: -5.7600, 0.0000, 0.0000'
08-06 17:47:47.841 13665 13678 I art     : Starting a blocking GC Explicit
08-06 17:47:47.877 13665 13678 I art     : Explicit concurrent mark sweep GC freed 3(96B) AllocSpace objects, 0(0B) LOS objects, 36% free, 27MB/43MB, paused 1.062ms total 36.115ms
08-06 17:47:48.026 14773 14773 D AndroidRuntime: >>>>>> START com.android.internal.os.RuntimeInit uid 2000 <<<<<<
08-06 17:47:48.035 14773 14773 D AndroidRuntime: CheckJNI is OFF
08-06 17:47:48.077 14773 14773 D ICU     : No timezone override file found: /data/misc/zoneinfo/current/icu/icu_tzdata.dat
08-06 17:47:48.118 14773 14773 I Radio-JNI: register_android_hardware_Radio DONE
08-06 17:47:48.147 14773 14773 D AndroidRuntime: Calling main entry com.android.commands.input.Input
08-06 17:47:48.149 14773 14773 I Input   : injectKeyEvent: KeyEvent { action=ACTION_DOWN, keyCode=KEYCODE_BACK, scanCode=0, metaState=0, flags=0x0, repeatCount=0, eventTime=899284562, downTime=899284562, deviceId=-1, source=0x101 }
08-06 17:47:48.154 14773 14773 I Input   : injectKeyEvent: KeyEvent { action=ACTION_UP, keyCode=KEYCODE_BACK, scanCode=0, metaState=0, flags=0x0, repeatCount=0, eventTime=899284562, downTime=899284562, deviceId=-1, source=0x101 }
08-06 17:47:48.161 14773 14773 D AndroidRuntime: Shutting down VM
08-06 17:47:48.166 13665 13665 V PlaybackController: initServiceNotRunning()
08-06 17:47:48.166 13665 13665 D ExternalPlayerFragment: Loading media info
08-06 17:47:48.170 13665 13665 D UserPreferences: Using default data folder
08-06 17:47:48.171 13665 14222 D DBReader: getNavDrawerData() called with: 
08-06 17:47:48.177 13665 14222 D DBReader: getDownloadedItems() called
08-06 17:47:48.178 13665 14222 D DBReader: getFavoriteIDList() called
08-06 17:47:48.179 13665 14222 D DBReader: getQueueIDList() called
08-06 17:47:48.179 13665 14222 D DBReader: Extracting Feedlist
08-06 17:47:48.196 13665 13677 I art     : Starting a blocking GC Explicit
08-06 17:47:48.204 13665 13665 D MainActivity: getLastNavFragment() -> AddFeedFragment
08-06 17:47:48.206 13866 13866 I GoogleInputMethodServic: GoogleInputMethodService.onFinishInput():3138 
08-06 17:47:48.207 13866 13866 I GoogleInputMethodServic: GoogleInputMethodService.onStartInput():1808 
08-06 17:47:48.225 13665 14590 D ApOkHttpUrlLoader: buildLoadData() called with: model = [https://content.production.cdn.art19.com/images/89/e0/88/44/89e08844-ac28-4fc0-96fa-15a41fec2014/262c12ed699a8d9720dea0bd66449d998e4a08cf18095bed170ccaa76722045fa5dbf7a366918b2db7e3acf29ad22f6b99fd659a9409cb807bf2781d968932f8.jpeg], width = [140], height = [140]
08-06 17:47:48.230 13665 13677 I art     : Explicit concurrent mark sweep GC freed 2254(161KB) AllocSpace objects, 1(20KB) LOS objects, 36% free, 28MB/44MB, paused 1.511ms total 34.055ms
08-06 17:47:48.243 13665 13677 I art     : Starting a blocking GC Explicit
08-06 17:47:48.274 13665 13677 I art     : Explicit concurrent mark sweep GC freed 527(31KB) AllocSpace objects, 0(0B) LOS objects, 36% free, 28MB/44MB, paused 1.462ms total 30.972ms
08-06 17:47:48.284 13665 13677 I art     : Starting a blocking GC Explicit
08-06 17:47:48.313 13665 13677 I art     : Explicit concurrent mark sweep GC freed 197(11KB) AllocSpace objects, 0(0B) LOS objects, 36% free, 28MB/44MB, paused 965us total 28.724ms
08-06 17:47:48.326 13665 13677 I art     : Starting a blocking GC Explicit
08-06 17:47:48.357 13665 13677 I art     : Explicit concurrent mark sweep GC freed 3(96B) AllocSpace objects, 0(0B) LOS objects, 36% free, 28MB/44MB, paused 1.079ms total 30.628ms
08-06 17:47:48.369 13665 13677 I art     : Starting a blocking GC Explicit
08-06 17:47:48.403 13665 13677 I art     : Explicit concurrent mark sweep GC freed 3(96B) AllocSpace objects, 0(0B) LOS objects, 36% free, 28MB/44MB, paused 1.064ms total 33.103ms
08-06 17:47:48.538   380   380 W SurfaceFlinger: couldn't log to binary event log: overflow.
08-06 17:47:48.690 13665 13775 I art     : Starting a blocking GC Explicit
08-06 17:47:48.730 13665 13775 I art     : Explicit concurrent mark sweep GC freed 2218(126KB) AllocSpace objects, 1(20KB) LOS objects, 36% free, 28MB/44MB, paused 1.321ms total 39.458ms
08-06 17:47:48.743 13665 13775 I art     : Starting a blocking GC Explicit
08-06 17:47:48.777 13665 13775 I art     : Explicit concurrent mark sweep GC freed 2499(153KB) AllocSpace objects, 2(248KB) LOS objects, 36% free, 27MB/43MB, paused 1.079ms total 33.931ms
08-06 17:47:48.789 13665 13775 I art     : Starting a blocking GC Explicit
08-06 17:47:48.823 13665 13775 I art     : Explicit concurrent mark sweep GC freed 3(96B) AllocSpace objects, 0(0B) LOS objects, 36% free, 27MB/43MB, paused 1.003ms total 33.230ms
08-06 17:47:48.834 13665 13775 I art     : Starting a blocking GC Explicit
08-06 17:47:48.868 13665 13775 I art     : Explicit concurrent mark sweep GC freed 3(96B) AllocSpace objects, 0(0B) LOS objects, 36% free, 27MB/43MB, paused 1.174ms total 33.120ms
08-06 17:47:48.880 13665 13775 I art     : Starting a blocking GC Explicit
08-06 17:47:48.913 13665 13775 I art     : Explicit concurrent mark sweep GC freed 3(96B) AllocSpace objects, 0(0B) LOS objects, 36% free, 27MB/43MB, paused 985us total 33.009ms
08-06 17:47:49.240 13665 14111 I art     : Starting a blocking GC Explicit
08-06 17:47:49.281 13665 14111 I art     : Explicit concurrent mark sweep GC freed 1372(82KB) AllocSpace objects, 1(20KB) LOS objects, 36% free, 27MB/43MB, paused 1.064ms total 41.059ms
08-06 17:47:49.296 13665 14111 I art     : Starting a blocking GC Explicit
08-06 17:47:49.330 13665 14111 I art     : Explicit concurrent mark sweep GC freed 52(1536B) AllocSpace objects, 0(0B) LOS objects, 36% free, 27MB/43MB, paused 1.024ms total 33.038ms
08-06 17:47:49.341 13665 14111 I art     : Starting a blocking GC Explicit
08-06 17:47:49.375 13665 14111 I art     : Explicit concurrent mark sweep GC freed 3(96B) AllocSpace objects, 0(0B) LOS objects, 36% free, 27MB/43MB, paused 995us total 32.938ms
08-06 17:47:49.386 13665 14111 I art     : Starting a blocking GC Explicit
08-06 17:47:49.418 13665 14111 I art     : Explicit concurrent mark sweep GC freed 3(96B) AllocSpace objects, 0(0B) LOS objects, 36% free, 27MB/43MB, paused 994us total 31.349ms
08-06 17:47:49.430 13665 14111 I art     : Starting a blocking GC Explicit
08-06 17:47:49.461 13665 14111 I art     : Explicit concurrent mark sweep GC freed 3(96B) AllocSpace objects, 0(0B) LOS objects, 36% free, 27MB/43MB, paused 1.028ms total 30.607ms
08-06 17:47:49.761 13665 13678 I art     : Starting a blocking GC Explicit
08-06 17:47:49.801 13665 13678 I art     : Explicit concurrent mark sweep GC freed 1369(80KB) AllocSpace objects, 1(20KB) LOS objects, 36% free, 27MB/43MB, paused 1.021ms total 39.118ms
08-06 17:47:49.817 13665 13678 I art     : Starting a blocking GC Explicit
08-06 17:47:49.852 13665 13678 I art     : Explicit concurrent mark sweep GC freed 28(912B) AllocSpace objects, 0(0B) LOS objects, 36% free, 27MB/43MB, paused 1.052ms total 34.185ms
08-06 17:47:49.865 13665 13678 I art     : Starting a blocking GC Explicit
08-06 17:47:49.896 13665 13678 I art     : Explicit concurrent mark sweep GC freed 9(288B) AllocSpace objects, 0(0B) LOS objects, 36% free, 27MB/43MB, paused 973us total 30.997ms
08-06 17:47:49.908 13665 13678 I art     : Starting a blocking GC Explicit
08-06 17:47:49.939 13665 13678 I art     : Explicit concurrent mark sweep GC freed 7(224B) AllocSpace objects, 0(0B) LOS objects, 36% free, 27MB/43MB, paused 1.066ms total 31.163ms
08-06 17:47:49.941 14826 14826 D AndroidRuntime: >>>>>> START com.android.internal.os.RuntimeInit uid 2000 <<<<<<
08-06 17:47:49.946 14826 14826 D AndroidRuntime: CheckJNI is OFF
08-06 17:47:49.951 13665 13678 I art     : Starting a blocking GC Explicit
08-06 17:47:49.982 13665 13678 I art     : Explicit concurrent mark sweep GC freed 9(288B) AllocSpace objects, 0(0B) LOS objects, 36% free, 27MB/43MB, paused 999us total 30.705ms
08-06 17:47:49.991 14826 14826 D ICU     : No timezone override file found: /data/misc/zoneinfo/current/icu/icu_tzdata.dat
08-06 17:47:50.033 14826 14826 I Radio-JNI: register_android_hardware_Radio DONE
08-06 17:47:50.061 14826 14826 D AndroidRuntime: Calling main entry com.android.commands.input.Input
08-06 17:47:50.063 14826 14826 I Input   : injectMotionEvent: MotionEvent { action=ACTION_DOWN, actionButton=0, id[0]=0, x[0]=639.0, y[0]=762.0, toolType[0]=TOOL_TYPE_UNKNOWN, buttonState=0, metaState=0, flags=0x0, edgeFlags=0x0, pointerCount=1, historySize=0, eventTime=899286476, downTime=899286476, deviceId=0, source=0x1002 }
08-06 17:47:50.070 14826 14826 I Input   : injectMotionEvent: MotionEvent { action=ACTION_UP, actionButton=0, id[0]=0, x[0]=639.0, y[0]=762.0, toolType[0]=TOOL_TYPE_UNKNOWN, buttonState=0, metaState=0, flags=0x0, edgeFlags=0x0, pointerCount=1, historySize=0, eventTime=899286476, downTime=899286476, deviceId=0, source=0x1002 }
08-06 17:47:50.072 14826 14826 D AndroidRuntime: Shutting down VM
08-06 17:47:50.139   512  2967 D audio_hw_primary: out_set_parameters: enter: usecase(1: low-latency-playback) kvpairs: routing=2
08-06 17:47:50.147 13866 13866 I GoogleInputMethodServic: GoogleInputMethodService.onFinishInput():3138 
08-06 17:47:50.147 13866 13866 I GoogleInputMethodServic: GoogleInputMethodService.onStartInput():1808 
08-06 17:47:50.153   512  2967 D audio_hw_primary: select_devices: out_snd_device(2: speaker) in_snd_device(0: none)
08-06 17:47:50.153   512  2967 D msm8974_platform: platform_send_audio_calibration: sending audio calibration for snd_device(2) acdb_id(15)
08-06 17:47:50.153   512  2967 I soundtrigger: audio_extn_sound_trigger_update_device_status: device 0x2 of type 0 for Event 1
08-06 17:47:50.165   512  2967 D audio_hw_primary: enable_snd_device: snd_device(2: speaker)
08-06 17:47:50.168   512  2967 D audio_hw_primary: enable_audio_route: apply and update mixer path: low-latency-playback speaker
08-06 17:47:50.270 13665 13775 I art     : Starting a blocking GC Explicit
08-06 17:47:50.304 13665 13775 I art     : Explicit concurrent mark sweep GC freed 1659(92KB) AllocSpace objects, 1(20KB) LOS objects, 36% free, 27MB/43MB, paused 1.057ms total 32.958ms
08-06 17:47:50.315 13665 13691 I NAPPA_EXPERIMENTATION: MetricNetworkRequestExecutionTime: REQUEST_DURATION_SYSTEM='178',REQUEST_DURATION_OKHTTP='176',REQUEST_SYNCHRONOUS='TRUE',RESPONSE_CODE='200',RESPONSE_METHOD='GET',RESPONSE_LENGTH_OKHTTP='-1',RESPONSE_LENGTH_HEADER='622',REQUEST_PROTOCOL='h2',REQUEST_URL='https://itunes.apple.com/lookup?id=360084272',
08-06 17:47:50.315 13665 13775 I art     : Starting a blocking GC Explicit
08-06 17:47:50.326   918  3670 I ActivityManager: START u0 {cmp=baseline.de.danoeh.antennapod.debug/baseline.de.danoeh.antennapod.activity.OnlineFeedViewActivity (has extras)} from uid 10711 on display 0
08-06 17:47:50.346 13665 13775 I art     : Explicit concurrent mark sweep GC freed 741(52KB) AllocSpace objects, 0(0B) LOS objects, 36% free, 27MB/43MB, paused 1.005ms total 30.377ms
08-06 17:47:50.348 13866 13866 I GoogleInputMethodServic: GoogleInputMethodService.onFinishInput():3138 
08-06 17:47:50.349 13866 13866 I GoogleInputMethodServic: GoogleInputMethodService.onStartInput():1808 
08-06 17:47:50.357 13665 13775 I art     : Starting a blocking GC Explicit
08-06 17:47:50.371 13665 13665 D UserPreferences: Using default data folder
08-06 17:47:50.373 13665 13665 D OnlineFeedViewActivity: Activity was started with url http://joeroganexp.joerogan.libsynpro.com/rss
08-06 17:47:50.376 13665 13665 D OnlineFeedViewActivity: Starting feed download
08-06 17:47:50.379 13665 13685 D DBReader: Extracting Feedlist
08-06 17:47:50.381   918  5481 D WifiService: acquireWifiLockLocked: WifiLock{Downloader type=1 binder=android.os.BinderProxy@d85e713}
08-06 17:47:50.381 13665 13685 D AntennapodHttpClient: Creating new instance of HTTP client
08-06 17:47:50.391 13665 13775 I art     : Explicit concurrent mark sweep GC freed 1019(76KB) AllocSpace objects, 0(0B) LOS objects, 36% free, 27MB/43MB, paused 3.010ms total 34.590ms
08-06 17:47:50.402 13665 13775 I art     : Starting a blocking GC Explicit
08-06 17:47:50.420 13665 13685 D MYTAG   : interceptor 3a http://joeroganexp.joerogan.libsynpro.com/rss
08-06 17:47:50.420 13665 13685 I NAPPA_EXPERIMENTATION: MetricNetworkRequestExecutionTime: REQUEST_DURATION_SYSTEM='38',REQUEST_DURATION_OKHTTP='32',REQUEST_SYNCHRONOUS='TRUE',RESPONSE_CODE='200',RESPONSE_METHOD='GET',RESPONSE_LENGTH_OKHTTP='-1',RESPONSE_LENGTH_HEADER='307892',REQUEST_PROTOCOL='http/1.1',REQUEST_URL='http://joeroganexp.joerogan.libsynpro.com/rss',
08-06 17:47:50.420 13665 13685 D HttpDownloader: Response code is 200
08-06 17:47:50.420 13665 13685 D UserPreferences: Using default data folder
08-06 17:47:50.424 13665 13685 D HttpDownloader: Getting size of download
08-06 17:47:50.424 13665 13685 D HttpDownloader: Size is -1
08-06 17:47:50.424 13665 13685 D UserPreferences: Using default data folder
08-06 17:47:50.426 13665 13685 D HttpDownloader: Free space is 20498456576
08-06 17:47:50.426 13665 13685 D HttpDownloader: Starting download
08-06 17:47:50.434 13665 13775 I art     : Explicit concurrent mark sweep GC freed 524(32KB) AllocSpace objects, 0(0B) LOS objects, 36% free, 27MB/43MB, paused 1.232ms total 31.449ms
08-06 17:47:50.434 13866 13866 I GoogleInputMethodServic: GoogleInputMethodService.onFinishInput():3138 
08-06 17:47:50.435 13866 13866 I GoogleInputMethodServic: GoogleInputMethodService.onStartInput():1808 
08-06 17:47:50.448 13665 13775 I art     : Starting a blocking GC Explicit
08-06 17:47:50.463   918   936 I ActivityManager: Displayed baseline.de.danoeh.antennapod.debug/baseline.de.danoeh.antennapod.activity.OnlineFeedViewActivity: +114ms
08-06 17:47:50.481 13665 13775 I art     : Explicit concurrent mark sweep GC freed 166(7KB) AllocSpace objects, 0(0B) LOS objects, 36% free, 27MB/43MB, paused 1.232ms total 32.571ms
08-06 17:47:50.557 13665 13685 D HttpDownloader: Download was successful
08-06 17:47:50.557   918  4400 D WifiService: releaseWifiLockLocked: WifiLock{Downloader type=1 binder=android.os.BinderProxy@d85e713}
08-06 17:47:50.558 13665 13665 D OnlineFeedViewActivity: Parsing feed
08-06 17:47:50.562 13665 14861 D TypeGetter: Recognized type RSS 2.0
08-06 17:47:50.564 13665 14861 D SyndHandler: Recognized Atom namespace
08-06 17:47:50.564 13665 14861 D SyndHandler: Recognized ITunes namespace
08-06 17:47:50.565 13665 14861 D SyndHandler: Recognized media namespace
08-06 17:47:50.565 13665 14861 D SyndHandler: Recognized Content namespace
08-06 17:47:50.708   380   380 W SurfaceFlinger: couldn't log to binary event log: overflow.
08-06 17:47:50.712   512  2967 D audio_hw_primary: disable_audio_route: reset and update mixer path: low-latency-playback speaker
08-06 17:47:50.713   512  2967 D audio_hw_primary: disable_snd_device: snd_device(2: speaker)
08-06 17:47:50.723   512  2967 I soundtrigger: audio_extn_sound_trigger_update_device_status: device 0x2 of type 0 for Event 0
08-06 17:47:50.798 13665 13677 I art     : Starting a blocking GC Explicit
08-06 17:47:50.837 13665 13677 I art     : Explicit concurrent mark sweep GC freed 14531(921KB) AllocSpace objects, 4(80KB) LOS objects, 35% free, 28MB/44MB, paused 1.328ms total 38.772ms
08-06 17:47:50.846 13665 13665 D PlaybackController: Releasing PlaybackController
08-06 17:47:50.850 13665 13677 I art     : Starting a blocking GC Explicit
08-06 17:47:50.883 13665 13677 I art     : Explicit concurrent mark sweep GC freed 5578(276KB) AllocSpace objects, 0(0B) LOS objects, 36% free, 28MB/44MB, paused 1.331ms total 32.637ms
08-06 17:47:50.895 13665 13677 I art     : Starting a blocking GC Explicit
08-06 17:47:50.928 13665 13677 I art     : Explicit concurrent mark sweep GC freed 3442(175KB) AllocSpace objects, 0(0B) LOS objects, 36% free, 28MB/44MB, paused 1.364ms total 32.757ms
08-06 17:47:50.940 13665 13677 I art     : Starting a blocking GC Explicit
08-06 17:47:50.973 13665 13677 I art     : Explicit concurrent mark sweep GC freed 2697(138KB) AllocSpace objects, 0(0B) LOS objects, 36% free, 28MB/44MB, paused 1.412ms total 33.033ms
08-06 17:47:50.985 13665 13677 I art     : Starting a blocking GC Explicit
08-06 17:47:51.018 13665 13677 I art     : Explicit concurrent mark sweep GC freed 2597(133KB) AllocSpace objects, 0(0B) LOS objects, 35% free, 28MB/44MB, paused 1.344ms total 33.233ms
08-06 17:47:51.325 13665 13677 I art     : Starting a blocking GC Explicit
08-06 17:47:51.367 13665 13677 I art     : Explicit concurrent mark sweep GC freed 19683(1051KB) AllocSpace objects, 1(20KB) LOS objects, 35% free, 29MB/45MB, paused 1.429ms total 41.772ms
08-06 17:47:51.380 13665 13677 I art     : Starting a blocking GC Explicit
08-06 17:47:51.416 13665 13677 I art     : Explicit concurrent mark sweep GC freed 5741(273KB) AllocSpace objects, 0(0B) LOS objects, 35% free, 28MB/44MB, paused 1.364ms total 35.229ms
08-06 17:47:51.427 13665 13677 I art     : Starting a blocking GC Explicit
08-06 17:47:51.462 13665 13677 I art     : Explicit concurrent mark sweep GC freed 4965(239KB) AllocSpace objects, 0(0B) LOS objects, 35% free, 28MB/44MB, paused 1.176ms total 34.399ms
08-06 17:47:51.474 13665 13677 I art     : Starting a blocking GC Explicit
08-06 17:47:51.484   518   646 I ThermalEngine: ACTION: GPU - Setting GPU[0] to 390000000
08-06 17:47:51.521 13665 13677 I art     : Explicit concurrent mark sweep GC freed 2637(135KB) AllocSpace objects, 0(0B) LOS objects, 35% free, 28MB/44MB, paused 1.915ms total 46.820ms
08-06 17:47:51.537 13665 13677 I art     : Starting a blocking GC Explicit
08-06 17:47:51.580 13665 13677 I art     : Explicit concurrent mark sweep GC freed 2740(140KB) AllocSpace objects, 0(0B) LOS objects, 35% free, 28MB/44MB, paused 1.907ms total 42.441ms
08-06 17:47:51.900 13665 13678 I art     : Starting a blocking GC Explicit
08-06 17:47:51.952 13665 13678 I art     : Explicit concurrent mark sweep GC freed 15672(835KB) AllocSpace objects, 1(20KB) LOS objects, 35% free, 29MB/45MB, paused 2.086ms total 51.627ms
08-06 17:47:51.970 13665 13678 I art     : Starting a blocking GC Explicit
08-06 17:47:52.016 13665 13678 I art     : Explicit concurrent mark sweep GC freed 6715(326KB) AllocSpace objects, 0(0B) LOS objects, 35% free, 29MB/45MB, paused 1.960ms total 45.645ms
08-06 17:47:52.034 13665 13678 I art     : Starting a blocking GC Explicit
08-06 17:47:52.079 13665 13678 I art     : Explicit concurrent mark sweep GC freed 2951(153KB) AllocSpace objects, 0(0B) LOS objects, 35% free, 29MB/45MB, paused 1.982ms total 45.135ms
08-06 17:47:52.096 13665 13678 I art     : Starting a blocking GC Explicit
08-06 17:47:52.142 13665 13678 I art     : Explicit concurrent mark sweep GC freed 2856(162KB) AllocSpace objects, 0(0B) LOS objects, 35% free, 29MB/45MB, paused 1.954ms total 45.289ms
08-06 17:47:52.159 13665 13678 I art     : Starting a blocking GC Explicit
08-06 17:47:52.205 13665 13678 I art     : Explicit concurrent mark sweep GC freed 3021(154KB) AllocSpace objects, 0(0B) LOS objects, 35% free, 29MB/45MB, paused 1.914ms total 45.224ms
08-06 17:47:52.532 13665 13775 I art     : Starting a blocking GC Explicit
08-06 17:47:52.586 13665 13775 I art     : Explicit concurrent mark sweep GC freed 15759(839KB) AllocSpace objects, 1(20KB) LOS objects, 34% free, 29MB/45MB, paused 2.739ms total 53.348ms
08-06 17:47:52.605 13665 13775 I art     : Starting a blocking GC Explicit
08-06 17:47:52.652 13665 13775 I art     : Explicit concurrent mark sweep GC freed 6428(315KB) AllocSpace objects, 0(0B) LOS objects, 34% free, 29MB/45MB, paused 1.885ms total 47.304ms
08-06 17:47:52.671 13665 13775 I art     : Starting a blocking GC Explicit
08-06 17:47:52.719 13665 13775 I art     : Explicit concurrent mark sweep GC freed 3738(198KB) AllocSpace objects, 0(0B) LOS objects, 34% free, 29MB/45MB, paused 2ms total 47.191ms
08-06 17:47:52.737 13665 13775 I art     : Starting a blocking GC Explicit
08-06 17:47:52.784 13665 13775 I art     : Explicit concurrent mark sweep GC freed 3147(165KB) AllocSpace objects, 0(0B) LOS objects, 34% free, 29MB/45MB, paused 1.865ms total 46.858ms
08-06 17:47:52.802 13665 13775 I art     : Starting a blocking GC Explicit
08-06 17:47:52.850 13665 13775 I art     : Explicit concurrent mark sweep GC freed 3012(163KB) AllocSpace objects, 0(0B) LOS objects, 34% free, 29MB/45MB, paused 1.848ms total 47.767ms
08-06 17:47:53.176 13665 13678 I art     : Starting a blocking GC Explicit
08-06 17:47:53.234 13665 13678 I art     : Explicit concurrent mark sweep GC freed 15313(861KB) AllocSpace objects, 1(20KB) LOS objects, 34% free, 30MB/46MB, paused 1.910ms total 57.803ms
08-06 17:47:53.253 13665 13678 I art     : Starting a blocking GC Explicit
08-06 17:47:53.301 13665 13678 I art     : Explicit concurrent mark sweep GC freed 7000(328KB) AllocSpace objects, 0(0B) LOS objects, 34% free, 30MB/46MB, paused 1.841ms total 48.064ms
08-06 17:47:53.319 13665 13678 I art     : Starting a blocking GC Explicit
08-06 17:47:53.368 13665 13678 I art     : Explicit concurrent mark sweep GC freed 3204(157KB) AllocSpace objects, 0(0B) LOS objects, 34% free, 30MB/46MB, paused 1.837ms total 47.943ms
08-06 17:47:53.386 13665 13678 I art     : Starting a blocking GC Explicit
08-06 17:47:53.435 13665 13678 I art     : Explicit concurrent mark sweep GC freed 3188(165KB) AllocSpace objects, 0(0B) LOS objects, 34% free, 30MB/46MB, paused 1.994ms total 48.342ms
08-06 17:47:53.453 13665 13678 I art     : Starting a blocking GC Explicit
08-06 17:47:53.502 13665 13678 I art     : Explicit concurrent mark sweep GC freed 3189(173KB) AllocSpace objects, 0(0B) LOS objects, 34% free, 30MB/46MB, paused 1.945ms total 48.797ms
08-06 17:47:53.819 13665 14111 I art     : Starting a blocking GC Explicit
08-06 17:47:53.878 13665 14111 I art     : Explicit concurrent mark sweep GC freed 15349(866KB) AllocSpace objects, 1(20KB) LOS objects, 34% free, 30MB/46MB, paused 2.031ms total 58.395ms
08-06 17:47:53.898 13665 14111 I art     : Starting a blocking GC Explicit
08-06 17:47:53.950 13665 14111 I art     : Explicit concurrent mark sweep GC freed 7056(339KB) AllocSpace objects, 0(0B) LOS objects, 34% free, 30MB/46MB, paused 2.157ms total 50.928ms
08-06 17:47:53.969 13665 14111 I art     : Starting a blocking GC Explicit
08-06 17:47:54.019 13665 14111 I art     : Explicit concurrent mark sweep GC freed 3384(143KB) AllocSpace objects, 0(0B) LOS objects, 34% free, 30MB/46MB, paused 2.090ms total 50.447ms
08-06 17:47:54.039 13665 14111 I art     : Starting a blocking GC Explicit
08-06 17:47:54.091 13665 14111 I art     : Explicit concurrent mark sweep GC freed 3217(136KB) AllocSpace objects, 0(0B) LOS objects, 34% free, 30MB/46MB, paused 2.101ms total 51.045ms
08-06 17:47:54.110 13665 14111 I art     : Starting a blocking GC Explicit
08-06 17:47:54.163 13665 14111 I art     : Explicit concurrent mark sweep GC freed 3200(134KB) AllocSpace objects, 0(0B) LOS objects, 34% free, 30MB/46MB, paused 2.169ms total 52.652ms
08-06 17:47:54.501 13665 14111 I art     : Starting a blocking GC Explicit
08-06 17:47:54.562 13665 14111 I art     : Explicit concurrent mark sweep GC freed 16269(734KB) AllocSpace objects, 1(20KB) LOS objects, 33% free, 31MB/47MB, paused 2.039ms total 60.781ms
08-06 17:47:54.583 13665 14111 I art     : Starting a blocking GC Explicit
08-06 17:47:54.635 13665 14111 I art     : Explicit concurrent mark sweep GC freed 6809(317KB) AllocSpace objects, 0(0B) LOS objects, 33% free, 31MB/47MB, paused 2.038ms total 51.562ms
08-06 17:47:54.654 13665 14111 I art     : Starting a blocking GC Explicit
08-06 17:47:54.706 13665 14111 I art     : Explicit concurrent mark sweep GC freed 3390(154KB) AllocSpace objects, 0(0B) LOS objects, 33% free, 31MB/47MB, paused 2.268ms total 51.953ms
08-06 17:47:54.727 13665 14111 I art     : Starting a blocking GC Explicit
08-06 17:47:54.739 13665 14861 D OnlineFeedViewActivity: Deleted feed source file. Result: true
08-06 17:47:54.746 13665 13665 D OnlineFeedViewActivity: Removing HTML from shownotes
08-06 17:47:54.787 13665 14111 I art     : Explicit concurrent mark sweep GC freed 20841(1668KB) AllocSpace objects, 84(5MB) LOS objects, 33% free, 31MB/47MB, paused 2.032ms total 59.083ms
08-06 17:47:54.808 13665 14111 I art     : Starting a blocking GC Explicit
08-06 17:47:54.871 13665 14111 I art     : Explicit concurrent mark sweep GC freed 46671(3MB) AllocSpace objects, 203(13MB) LOS objects, 32% free, 32MB/48MB, paused 2.030ms total 62.723ms
08-06 17:47:54.983 14926 14926 D AndroidRuntime: >>>>>> START com.android.internal.os.RuntimeInit uid 2000 <<<<<<
08-06 17:47:54.989 14926 14926 D AndroidRuntime: CheckJNI is OFF
08-06 17:47:55.051 14926 14926 D ICU     : No timezone override file found: /data/misc/zoneinfo/current/icu/icu_tzdata.dat
08-06 17:47:55.099 14926 14926 I Radio-JNI: register_android_hardware_Radio DONE
08-06 17:47:55.130 14926 14926 D AndroidRuntime: Calling main entry com.android.commands.input.Input
08-06 17:47:55.133 14926 14926 I Input   : injectMotionEvent: MotionEvent { action=ACTION_DOWN, actionButton=0, id[0]=0, x[0]=693.0, y[0]=821.0, toolType[0]=TOOL_TYPE_UNKNOWN, buttonState=0, metaState=0, flags=0x0, edgeFlags=0x0, pointerCount=1, historySize=0, eventTime=899291545, downTime=899291545, deviceId=0, source=0x1002 }
08-06 17:47:55.214 13665 13677 I art     : Starting a blocking GC Explicit
08-06 17:47:55.285 13665 13677 I art     : Explicit concurrent mark sweep GC freed 65720(5MB) AllocSpace objects, 298(19MB) LOS objects, 31% free, 34MB/50MB, paused 2.052ms total 70.200ms
08-06 17:47:55.310 13665 13677 I art     : Starting a blocking GC Explicit
08-06 17:47:55.360 13665 14590 D ApOkHttpUrlLoader: buildLoadData() called with: model = [http://static.libsyn.com/p/assets/7/1/f/3/71f3014e14ef2722/JREiTunesImage2.jpg], width = [350], height = [350]
08-06 17:47:55.362 13665 14426 D DBReader: getImageAuthentication() called with: imageUrl = [http://static.libsyn.com/p/assets/7/1/f/3/71f3014e14ef2722/JREiTunesImage2.jpg]
08-06 17:47:55.363 13665 13665 I Choreographer: Skipped 36 frames!  The application may be doing too much work on its main thread.
08-06 17:47:55.363 14926 14926 I Input   : injectMotionEvent: MotionEvent { action=ACTION_UP, actionButton=0, id[0]=0, x[0]=693.0, y[0]=821.0, toolType[0]=TOOL_TYPE_UNKNOWN, buttonState=0, metaState=0, flags=0x0, edgeFlags=0x0, pointerCount=1, historySize=0, eventTime=899291545, downTime=899291545, deviceId=0, source=0x1002 }
08-06 17:47:55.367 13665 14426 D ApOkHttpUrlLoader: no credentials for 'http://static.libsyn.com/p/assets/7/1/f/3/71f3014e14ef2722/JREiTunesImage2.jpg'
08-06 17:47:55.376 13665 13677 I art     : Explicit concurrent mark sweep GC freed 45234(5MB) AllocSpace objects, 320(21MB) LOS objects, 33% free, 31MB/47MB, paused 2.730ms total 66.131ms
08-06 17:47:55.399 13665 13677 I art     : Starting a blocking GC Explicit
08-06 17:47:55.431 14926 14926 D AndroidRuntime: Shutting down VM
08-06 17:47:55.435 13665 14426 D MYTAG   : interceptor 2a
08-06 17:47:55.435 13665 14426 I NAPPA_EXPERIMENTATION: MetricNetworkRequestExecutionTime: REQUEST_DURATION_SYSTEM='68',REQUEST_DURATION_OKHTTP='32',REQUEST_SYNCHRONOUS='TRUE',RESPONSE_CODE='200',RESPONSE_METHOD='GET',RESPONSE_LENGTH_OKHTTP='402832',RESPONSE_LENGTH_HEADER='402832',REQUEST_PROTOCOL='http/1.1',REQUEST_URL='http://static.libsyn.com/p/assets/7/1/f/3/71f3014e14ef2722/JREiTunesImage2.jpg',
08-06 17:47:55.457 13665 13677 I art     : Explicit concurrent mark sweep GC freed 1387(80KB) AllocSpace objects, 0(0B) LOS objects, 33% free, 31MB/47MB, paused 1.690ms total 58.242ms
08-06 17:47:55.477 13665 13677 I art     : Starting a blocking GC Explicit
08-06 17:47:55.532 13665 13677 I art     : Explicit concurrent mark sweep GC freed 597(30KB) AllocSpace objects, 1(112KB) LOS objects, 33% free, 31MB/47MB, paused 1.877ms total 55.090ms
08-06 17:47:55.555 13665 13677 I art     : Starting a blocking GC Explicit
08-06 17:47:55.613 13665 13677 I art     : Explicit concurrent mark sweep GC freed 74(13KB) AllocSpace objects, 0(0B) LOS objects, 33% free, 31MB/47MB, paused 1.599ms total 57.736ms
08-06 17:47:55.954 13665 14111 I art     : Starting a blocking GC Explicit
08-06 17:47:56.034 13665 14111 I art     : Explicit concurrent mark sweep GC freed 1442(83KB) AllocSpace objects, 1(20KB) LOS objects, 33% free, 31MB/47MB, paused 1.738ms total 80.015ms
08-06 17:47:56.059 13665 14111 I art     : Starting a blocking GC Explicit
08-06 17:47:56.126 13665 14111 I art     : Explicit concurrent mark sweep GC freed 25(832B) AllocSpace objects, 0(0B) LOS objects, 33% free, 31MB/47MB, paused 1.927ms total 66.759ms
08-06 17:47:56.150 13665 14111 I art     : Starting a blocking GC Explicit
08-06 17:47:56.210 13665 14111 I art     : Explicit concurrent mark sweep GC freed 3(96B) AllocSpace objects, 0(0B) LOS objects, 33% free, 31MB/47MB, paused 1.663ms total 59.603ms
08-06 17:47:56.234 13665 14111 I art     : Starting a blocking GC Explicit
08-06 17:47:56.294 13665 14111 I art     : Explicit concurrent mark sweep GC freed 32(880B) AllocSpace objects, 0(0B) LOS objects, 33% free, 31MB/47MB, paused 1.492ms total 59.769ms
08-06 17:47:56.317 13665 14111 I art     : Starting a blocking GC Explicit
08-06 17:47:56.375  9385  9385 I ServiceManager: Waiting for service AtCmdFwd...
08-06 17:47:56.377 13665 14111 I art     : Explicit concurrent mark sweep GC freed 3(96B) AllocSpace objects, 0(0B) LOS objects, 33% free, 31MB/47MB, paused 1.597ms total 60.027ms
08-06 17:47:56.723 13665 13677 I art     : Starting a blocking GC Explicit
08-06 17:47:56.790 13665 13677 I art     : Explicit concurrent mark sweep GC freed 1370(80KB) AllocSpace objects, 1(20KB) LOS objects, 33% free, 31MB/47MB, paused 2.360ms total 65.696ms
08-06 17:47:56.815 13665 13677 I art     : Starting a blocking GC Explicit
08-06 17:47:56.874 13665 13677 I art     : Explicit concurrent mark sweep GC freed 44(1552B) AllocSpace objects, 0(0B) LOS objects, 33% free, 31MB/47MB, paused 1.475ms total 59.156ms
08-06 17:47:56.897 13665 13677 I art     : Starting a blocking GC Explicit
08-06 17:47:56.959 13665 13677 I art     : Explicit concurrent mark sweep GC freed 3(96B) AllocSpace objects, 0(0B) LOS objects, 33% free, 31MB/47MB, paused 1.587ms total 61.308ms
08-06 17:47:56.990 13665 13677 I art     : Starting a blocking GC Explicit
08-06 17:47:57.064 13665 13677 I art     : Explicit concurrent mark sweep GC freed 14(448B) AllocSpace objects, 0(0B) LOS objects, 33% free, 31MB/47MB, paused 1.587ms total 72.874ms
08-06 17:47:57.090 13665 13677 I art     : Starting a blocking GC Explicit
08-06 17:47:57.151 13665 13677 I art     : Explicit concurrent mark sweep GC freed 14(448B) AllocSpace objects, 0(0B) LOS objects, 33% free, 31MB/47MB, paused 1.941ms total 61.545ms
08-06 17:47:57.375  9385  9385 I ServiceManager: Waiting for service AtCmdFwd...
08-06 17:47:57.501 13665 13678 I art     : Starting a blocking GC Explicit
08-06 17:47:57.575 13665 13678 I art     : Explicit concurrent mark sweep GC freed 1404(81KB) AllocSpace objects, 1(20KB) LOS objects, 33% free, 31MB/47MB, paused 1.666ms total 73.119ms
08-06 17:47:57.602 13665 13678 I art     : Starting a blocking GC Explicit
08-06 17:47:57.662 13665 13678 I art     : Explicit concurrent mark sweep GC freed 23(752B) AllocSpace objects, 0(0B) LOS objects, 33% free, 31MB/47MB, paused 1.523ms total 59.305ms
08-06 17:47:57.685 13665 13678 I art     : Starting a blocking GC Explicit
08-06 17:47:57.744 13665 13678 I art     : Explicit concurrent mark sweep GC freed 3(96B) AllocSpace objects, 0(0B) LOS objects, 33% free, 31MB/47MB, paused 1.487ms total 59.136ms
08-06 17:47:57.768 13665 13678 I art     : Starting a blocking GC Explicit
08-06 17:47:57.829 13665 13678 I art     : Explicit concurrent mark sweep GC freed 3(96B) AllocSpace objects, 0(0B) LOS objects, 33% free, 31MB/47MB, paused 1.953ms total 60.977ms
08-06 17:47:57.856 13665 13678 I art     : Starting a blocking GC Explicit
08-06 17:47:57.914 13665 13678 I art     : Explicit concurrent mark sweep GC freed 3(96B) AllocSpace objects, 0(0B) LOS objects, 33% free, 31MB/47MB, paused 1.466ms total 57.665ms
08-06 17:47:58.265 13665 14111 I art     : Starting a blocking GC Explicit
08-06 17:47:58.347 13665 14111 I art     : Explicit concurrent mark sweep GC freed 1396(81KB) AllocSpace objects, 1(20KB) LOS objects, 33% free, 31MB/47MB, paused 2.128ms total 80.859ms
08-06 17:47:58.373 13665 14111 I art     : Starting a blocking GC Explicit
08-06 17:47:58.376  9385  9385 I ServiceManager: Waiting for service AtCmdFwd...
08-06 17:47:58.439 13665 14111 I art     : Explicit concurrent mark sweep GC freed 23(752B) AllocSpace objects, 0(0B) LOS objects, 33% free, 31MB/47MB, paused 1.947ms total 65.572ms
08-06 17:47:58.464 13665 14111 I art     : Starting a blocking GC Explicit
08-06 17:47:58.524 13665 14111 I art     : Explicit concurrent mark sweep GC freed 3(96B) AllocSpace objects, 0(0B) LOS objects, 33% free, 31MB/47MB, paused 1.629ms total 60.047ms
08-06 17:47:58.548 13665 14111 I art     : Starting a blocking GC Explicit
08-06 17:47:58.608 13665 14111 I art     : Explicit concurrent mark sweep GC freed 3(96B) AllocSpace objects, 0(0B) LOS objects, 33% free, 31MB/47MB, paused 1.707ms total 60.139ms
08-06 17:47:58.631 13665 14111 I art     : Starting a blocking GC Explicit
08-06 17:47:58.692 13665 14111 I art     : Explicit concurrent mark sweep GC freed 3(96B) AllocSpace objects, 0(0B) LOS objects, 33% free, 31MB/47MB, paused 1.509ms total 60.305ms
08-06 17:47:59.057 13665 13677 I art     : Starting a blocking GC Explicit
08-06 17:47:59.143 13665 13677 I art     : Explicit concurrent mark sweep GC freed 1367(80KB) AllocSpace objects, 1(20KB) LOS objects, 33% free, 31MB/47MB, paused 1.909ms total 85.473ms
08-06 17:47:59.169 13665 13677 I art     : Starting a blocking GC Explicit
08-06 17:47:59.235 13665 13677 I art     : Explicit concurrent mark sweep GC freed 23(752B) AllocSpace objects, 0(0B) LOS objects, 33% free, 31MB/47MB, paused 2.032ms total 65.288ms
08-06 17:47:59.259 13665 13677 I art     : Starting a blocking GC Explicit
08-06 17:47:59.320 13665 13677 I art     : Explicit concurrent mark sweep GC freed 32(880B) AllocSpace objects, 0(0B) LOS objects, 33% free, 31MB/47MB, paused 1.546ms total 59.877ms
08-06 17:47:59.343 13665 13677 I art     : Starting a blocking GC Explicit
08-06 17:47:59.376  9385  9385 I ServiceManager: Waiting for service AtCmdFwd...
08-06 17:47:59.408 13665 13677 I art     : Explicit concurrent mark sweep GC freed 3(96B) AllocSpace objects, 0(0B) LOS objects, 33% free, 31MB/47MB, paused 1.639ms total 64.636ms
08-06 17:47:59.437 13665 13677 I art     : Starting a blocking GC Explicit
08-06 17:47:59.503 13665 13677 I art     : Explicit concurrent mark sweep GC freed 3(96B) AllocSpace objects, 0(0B) LOS objects, 33% free, 31MB/47MB, paused 1.450ms total 65.504ms
08-06 17:47:59.854 13665 13775 I art     : Starting a blocking GC Explicit
08-06 17:47:59.913 13665 13775 I art     : Explicit concurrent mark sweep GC freed 1367(80KB) AllocSpace objects, 1(20KB) LOS objects, 33% free, 31MB/47MB, paused 1.957ms total 59.057ms
08-06 17:47:59.935 13665 13775 I art     : Starting a blocking GC Explicit
08-06 17:47:59.992 13665 13775 I art     : Explicit concurrent mark sweep GC freed 23(752B) AllocSpace objects, 0(0B) LOS objects, 33% free, 31MB/47MB, paused 1.605ms total 56.808ms
08-06 17:48:00.015 13665 13775 I art     : Starting a blocking GC Explicit
08-06 17:48:00.071 13665 13775 I art     : Explicit concurrent mark sweep GC freed 3(96B) AllocSpace objects, 0(0B) LOS objects, 33% free, 31MB/47MB, paused 1.593ms total 56.262ms
08-06 17:48:00.092 13665 13775 I art     : Starting a blocking GC Explicit
08-06 17:48:00.141 13665 13775 I art     : Explicit concurrent mark sweep GC freed 3(96B) AllocSpace objects, 0(0B) LOS objects, 33% free, 31MB/47MB, paused 1.536ms total 49.293ms
08-06 17:48:00.161 13665 13775 I art     : Starting a blocking GC Explicit
08-06 17:48:00.215 13665 13775 I art     : Explicit concurrent mark sweep GC freed 3(96B) AllocSpace objects, 0(0B) LOS objects, 33% free, 31MB/47MB, paused 1.523ms total 53.433ms
08-06 17:48:00.318 15011 15011 D AndroidRuntime: >>>>>> START com.android.internal.os.RuntimeInit uid 2000 <<<<<<
08-06 17:48:00.325 15011 15011 D AndroidRuntime: CheckJNI is OFF
08-06 17:48:00.377  9385  9385 I ServiceManager: Waiting for service AtCmdFwd...
08-06 17:48:00.389 15011 15011 D ICU     : No timezone override file found: /data/misc/zoneinfo/current/icu/icu_tzdata.dat
08-06 17:48:00.434 15011 15011 I Radio-JNI: register_android_hardware_Radio DONE
08-06 17:48:00.467 15011 15011 D AndroidRuntime: Calling main entry com.android.commands.input.Input
08-06 17:48:00.470 15011 15011 I Input   : injectKeyEvent: KeyEvent { action=ACTION_DOWN, keyCode=KEYCODE_BACK, scanCode=0, metaState=0, flags=0x0, repeatCount=0, eventTime=899296883, downTime=899296883, deviceId=-1, source=0x101 }
08-06 17:48:00.477 15011 15011 I Input   : injectKeyEvent: KeyEvent { action=ACTION_UP, keyCode=KEYCODE_BACK, scanCode=0, metaState=0, flags=0x0, repeatCount=0, eventTime=899296883, downTime=899296883, deviceId=-1, source=0x101 }
08-06 17:48:00.494 15011 15011 D AndroidRuntime: Shutting down VM
08-06 17:48:00.498   518   646 I ThermalEngine: ACTION: GPU - Setting GPU[0] to 450000000
08-06 17:48:00.505 13665 13665 V PlaybackController: initServiceNotRunning()
08-06 17:48:00.505 13665 13665 D ExternalPlayerFragment: Loading media info
08-06 17:48:00.509 13665 13665 D UserPreferences: Using default data folder
08-06 17:48:00.510 13665 13685 D DBReader: getNavDrawerData() called with: 
08-06 17:48:00.514 13665 13685 D DBReader: getDownloadedItems() called
08-06 17:48:00.515 13665 13685 D DBReader: getFavoriteIDList() called
08-06 17:48:00.516 13665 13685 D DBReader: getQueueIDList() called
08-06 17:48:00.517 13665 13685 D DBReader: Extracting Feedlist
08-06 17:48:00.538 13665 13665 D MainActivity: getLastNavFragment() -> AddFeedFragment
08-06 17:48:00.540 13866 13866 I GoogleInputMethodServic: GoogleInputMethodService.onFinishInput():3138 
08-06 17:48:00.540 13866 13866 I GoogleInputMethodServic: GoogleInputMethodService.onStartInput():1808 
08-06 17:48:00.544 13665 13677 I art     : Starting a blocking GC Explicit
08-06 17:48:00.587 13665 13677 I art     : Explicit concurrent mark sweep GC freed 2327(145KB) AllocSpace objects, 1(20KB) LOS objects, 33% free, 31MB/47MB, paused 1.086ms total 43.309ms
08-06 17:48:00.602 13665 13677 I art     : Starting a blocking GC Explicit
08-06 17:48:00.643 13665 13677 I art     : Explicit concurrent mark sweep GC freed 468(24KB) AllocSpace objects, 0(0B) LOS objects, 33% free, 31MB/47MB, paused 991us total 40.069ms
08-06 17:48:00.657 13665 13677 I art     : Starting a blocking GC Explicit
08-06 17:48:00.701 13665 13677 I art     : Explicit concurrent mark sweep GC freed 3(96B) AllocSpace objects, 0(0B) LOS objects, 33% free, 31MB/47MB, paused 974us total 43.104ms
08-06 17:48:00.720 13665 13677 I art     : Starting a blocking GC Explicit
08-06 17:48:00.774 13665 13677 I art     : Explicit concurrent mark sweep GC freed 3(96B) AllocSpace objects, 0(0B) LOS objects, 33% free, 31MB/47MB, paused 1.131ms total 53.422ms
08-06 17:48:00.792 13665 13677 I art     : Starting a blocking GC Explicit
08-06 17:48:00.843 13665 13677 I art     : Explicit concurrent mark sweep GC freed 3(96B) AllocSpace objects, 0(0B) LOS objects, 33% free, 31MB/47MB, paused 974us total 50.212ms
08-06 17:48:00.849   380   380 W SurfaceFlinger: couldn't log to binary event log: overflow.
08-06 17:48:01.166 13665 13775 I art     : Starting a blocking GC Explicit
08-06 17:48:01.223 13665 13775 I art     : Explicit concurrent mark sweep GC freed 1953(105KB) AllocSpace objects, 1(20KB) LOS objects, 33% free, 31MB/47MB, paused 1.089ms total 56.925ms
08-06 17:48:01.238 13665 13775 I art     : Starting a blocking GC Explicit
08-06 17:48:01.277 13665 13775 I art     : Explicit concurrent mark sweep GC freed 33272(3MB) AllocSpace objects, 1(28KB) LOS objects, 36% free, 28MB/44MB, paused 1.052ms total 39.250ms
08-06 17:48:01.289 13665 13775 I art     : Starting a blocking GC Explicit
08-06 17:48:01.322 13665 13775 I art     : Explicit concurrent mark sweep GC freed 32(880B) AllocSpace objects, 0(0B) LOS objects, 36% free, 28MB/44MB, paused 1.006ms total 32.014ms
08-06 17:48:01.333 13665 13775 I art     : Starting a blocking GC Explicit
08-06 17:48:01.367 13665 13775 I art     : Explicit concurrent mark sweep GC freed 3(96B) AllocSpace objects, 0(0B) LOS objects, 36% free, 28MB/44MB, paused 1.124ms total 33.765ms
08-06 17:48:01.377  9385  9385 W Atfwd_Sendcmd: AtCmdFwd service not published, waiting... retryCnt : 1
08-06 17:48:01.379 13665 13775 I art     : Starting a blocking GC Explicit
08-06 17:48:01.413 13665 13775 I art     : Explicit concurrent mark sweep GC freed 3(96B) AllocSpace objects, 0(0B) LOS objects, 36% free, 28MB/44MB, paused 1.055ms total 33.616ms
08-06 17:48:01.742 13665 14111 I art     : Starting a blocking GC Explicit
08-06 17:48:01.780 13665 14111 I art     : Explicit concurrent mark sweep GC freed 1369(82KB) AllocSpace objects, 1(20KB) LOS objects, 36% free, 28MB/44MB, paused 1.103ms total 37.907ms
08-06 17:48:01.792 13665 14111 I art     : Starting a blocking GC Explicit
08-06 17:48:01.824 13665 14111 I art     : Explicit concurrent mark sweep GC freed 23(752B) AllocSpace objects, 0(0B) LOS objects, 36% free, 28MB/44MB, paused 1.078ms total 32.394ms
08-06 17:48:01.836 13665 14111 I art     : Starting a blocking GC Explicit
08-06 17:48:01.868 13665 14111 I art     : Explicit concurrent mark sweep GC freed 3(96B) AllocSpace objects, 0(0B) LOS objects, 36% free, 28MB/44MB, paused 1.115ms total 32.089ms
08-06 17:48:01.880 13665 14111 I art     : Starting a blocking GC Explicit
08-06 17:48:01.913 13665 14111 I art     : Explicit concurrent mark sweep GC freed 3(96B) AllocSpace objects, 0(0B) LOS objects, 36% free, 28MB/44MB, paused 1.153ms total 32.505ms
08-06 17:48:01.924 13665 14111 I art     : Starting a blocking GC Explicit
08-06 17:48:01.956 13665 14111 I art     : Explicit concurrent mark sweep GC freed 3(96B) AllocSpace objects, 0(0B) LOS objects, 36% free, 28MB/44MB, paused 1.063ms total 31.971ms
08-06 17:48:02.267 13665 14111 I art     : Starting a blocking GC Explicit
08-06 17:48:02.288 15064 15064 D AndroidRuntime: >>>>>> START com.android.internal.os.RuntimeInit uid 2000 <<<<<<
08-06 17:48:02.296 15064 15064 D AndroidRuntime: CheckJNI is OFF
08-06 17:48:02.307 13665 14111 I art     : Explicit concurrent mark sweep GC freed 1418(81KB) AllocSpace objects, 1(20KB) LOS objects, 36% free, 28MB/44MB, paused 1.116ms total 40.384ms
08-06 17:48:02.320 13665 14111 I art     : Starting a blocking GC Explicit
08-06 17:48:02.343 15064 15064 D ICU     : No timezone override file found: /data/misc/zoneinfo/current/icu/icu_tzdata.dat
08-06 17:48:02.352 13665 14111 I art     : Explicit concurrent mark sweep GC freed 27(880B) AllocSpace objects, 0(0B) LOS objects, 36% free, 28MB/44MB, paused 1.158ms total 31.227ms
08-06 17:48:02.364 13665 14111 I art     : Starting a blocking GC Explicit
08-06 17:48:02.386 15064 15064 I Radio-JNI: register_android_hardware_Radio DONE
08-06 17:48:02.395 13665 14111 I art     : Explicit concurrent mark sweep GC freed 5(160B) AllocSpace objects, 0(0B) LOS objects, 36% free, 28MB/44MB, paused 1.105ms total 31.484ms
08-06 17:48:02.406 13665 14111 I art     : Starting a blocking GC Explicit
08-06 17:48:02.415 15064 15064 D AndroidRuntime: Calling main entry com.android.commands.input.Input
08-06 17:48:02.418 15064 15064 I Input   : injectMotionEvent: MotionEvent { action=ACTION_DOWN, actionButton=0, id[0]=0, x[0]=639.0, y[0]=762.0, toolType[0]=TOOL_TYPE_UNKNOWN, buttonState=0, metaState=0, flags=0x0, edgeFlags=0x0, pointerCount=1, historySize=0, eventTime=899298830, downTime=899298830, deviceId=0, source=0x1002 }
08-06 17:48:02.423 15064 15064 I Input   : injectMotionEvent: MotionEvent { action=ACTION_UP, actionButton=0, id[0]=0, x[0]=639.0, y[0]=762.0, toolType[0]=TOOL_TYPE_UNKNOWN, buttonState=0, metaState=0, flags=0x0, edgeFlags=0x0, pointerCount=1, historySize=0, eventTime=899298830, downTime=899298830, deviceId=0, source=0x1002 }
08-06 17:48:02.425 15064 15064 D AndroidRuntime: Shutting down VM
08-06 17:48:02.439 13665 14111 I art     : Explicit concurrent mark sweep GC freed 244(12KB) AllocSpace objects, 0(0B) LOS objects, 36% free, 28MB/44MB, paused 1.298ms total 32.127ms
08-06 17:48:02.450 13665 14111 I art     : Starting a blocking GC Explicit
08-06 17:48:02.483 13665 14111 I art     : Explicit concurrent mark sweep GC freed 9(368B) AllocSpace objects, 0(0B) LOS objects, 36% free, 28MB/44MB, paused 1.050ms total 32.465ms
08-06 17:48:02.492   512  2967 D audio_hw_primary: out_set_parameters: enter: usecase(1: low-latency-playback) kvpairs: routing=2
08-06 17:48:02.505   512  2967 D audio_hw_primary: select_devices: out_snd_device(2: speaker) in_snd_device(0: none)
08-06 17:48:02.505   512  2967 D msm8974_platform: platform_send_audio_calibration: sending audio calibration for snd_device(2) acdb_id(15)
08-06 17:48:02.505   512  2967 I soundtrigger: audio_extn_sound_trigger_update_device_status: device 0x2 of type 0 for Event 1
08-06 17:48:02.507 13866 13866 I GoogleInputMethodServic: GoogleInputMethodService.onFinishInput():3138 
08-06 17:48:02.508 13866 13866 I GoogleInputMethodServic: GoogleInputMethodService.onStartInput():1808 
08-06 17:48:02.515   512  2967 D audio_hw_primary: enable_snd_device: snd_device(2: speaker)
08-06 17:48:02.519   512  2967 D audio_hw_primary: enable_audio_route: apply and update mixer path: low-latency-playback speaker
08-06 17:48:02.713 13665 14222 I NAPPA_EXPERIMENTATION: MetricNetworkRequestExecutionTime: REQUEST_DURATION_SYSTEM='222',REQUEST_DURATION_OKHTTP='220',REQUEST_SYNCHRONOUS='TRUE',RESPONSE_CODE='200',RESPONSE_METHOD='GET',RESPONSE_LENGTH_OKHTTP='-1',RESPONSE_LENGTH_HEADER='622',REQUEST_PROTOCOL='h2',REQUEST_URL='https://itunes.apple.com/lookup?id=360084272',
08-06 17:48:02.736   918  6112 I ActivityManager: START u0 {cmp=baseline.de.danoeh.antennapod.debug/baseline.de.danoeh.antennapod.activity.OnlineFeedViewActivity (has extras)} from uid 10711 on display 0
08-06 17:48:02.759 13866 13866 I GoogleInputMethodServic: GoogleInputMethodService.onFinishInput():3138 
08-06 17:48:02.760 13866 13866 I GoogleInputMethodServic: GoogleInputMethodService.onStartInput():1808 
08-06 17:48:02.772 13665 14111 I art     : Starting a blocking GC Explicit
08-06 17:48:02.789 13665 13665 D UserPreferences: Using default data folder
08-06 17:48:02.789 13665 13665 D OnlineFeedViewActivity: Activity was started with url http://joeroganexp.joerogan.libsynpro.com/rss
08-06 17:48:02.792 13665 13665 D OnlineFeedViewActivity: Starting feed download
08-06 17:48:02.796 13665 13691 D DBReader: Extracting Feedlist
08-06 17:48:02.799   918   928 D WifiService: acquireWifiLockLocked: WifiLock{Downloader type=1 binder=android.os.BinderProxy@b73a5f1}
08-06 17:48:02.800 13665 13691 D AntennapodHttpClient: Creating new instance of HTTP client
08-06 17:48:02.812 13665 14111 I art     : Explicit concurrent mark sweep GC freed 3145(209KB) AllocSpace objects, 1(20KB) LOS objects, 36% free, 28MB/44MB, paused 1.803ms total 39.259ms
08-06 17:48:02.824 13665 14111 I art     : Starting a blocking GC Explicit
08-06 17:48:02.838 13665 13691 D MYTAG   : interceptor 3a http://joeroganexp.joerogan.libsynpro.com/rss
08-06 17:48:02.838 13665 13691 I NAPPA_EXPERIMENTATION: MetricNetworkRequestExecutionTime: REQUEST_DURATION_SYSTEM='35',REQUEST_DURATION_OKHTTP='31',REQUEST_SYNCHRONOUS='TRUE',RESPONSE_CODE='200',RESPONSE_METHOD='GET',RESPONSE_LENGTH_OKHTTP='-1',RESPONSE_LENGTH_HEADER='307892',REQUEST_PROTOCOL='http/1.1',REQUEST_URL='http://joeroganexp.joerogan.libsynpro.com/rss',
08-06 17:48:02.838 13665 13691 D HttpDownloader: Response code is 200
08-06 17:48:02.838 13665 13691 D UserPreferences: Using default data folder
08-06 17:48:02.841 13665 13691 D HttpDownloader: Getting size of download
08-06 17:48:02.841 13665 13691 D HttpDownloader: Size is -1
08-06 17:48:02.841 13665 13691 D UserPreferences: Using default data folder
08-06 17:48:02.841 13665 13691 D HttpDownloader: Free space is 20497989632
08-06 17:48:02.841 13665 13691 D HttpDownloader: Starting download
08-06 17:48:02.854 13665 14111 I art     : Explicit concurrent mark sweep GC freed 600(34KB) AllocSpace objects, 0(0B) LOS objects, 36% free, 28MB/44MB, paused 1.059ms total 30.218ms
08-06 17:48:02.863 13866 13866 I GoogleInputMethodServic: GoogleInputMethodService.onFinishInput():3138 
08-06 17:48:02.863 13866 13866 I GoogleInputMethodServic: GoogleInputMethodService.onStartInput():1808 
08-06 17:48:02.865 13665 14111 I art     : Starting a blocking GC Explicit
08-06 17:48:02.883   918   936 I ActivityManager: Displayed baseline.de.danoeh.antennapod.debug/baseline.de.danoeh.antennapod.activity.OnlineFeedViewActivity: +124ms
08-06 17:48:02.899 13665 14111 I art     : Explicit concurrent mark sweep GC freed 183(7KB) AllocSpace objects, 0(0B) LOS objects, 35% free, 28MB/44MB, paused 1.190ms total 33.658ms
08-06 17:48:02.911 13665 14111 I art     : Starting a blocking GC Explicit
08-06 17:48:02.922 13665 13686 D OpenGLRenderer: endAllStagingAnimators on 0x7f7f456000 (GridView) with handle 0x7f79865900
08-06 17:48:02.943 13665 14111 I art     : Explicit concurrent mark sweep GC freed 40(1920B) AllocSpace objects, 0(0B) LOS objects, 35% free, 28MB/44MB, paused 1.104ms total 31.686ms
08-06 17:48:02.954 13665 14111 I art     : Starting a blocking GC Explicit
08-06 17:48:02.983 13665 14111 I art     : Explicit concurrent mark sweep GC freed 7(224B) AllocSpace objects, 0(0B) LOS objects, 35% free, 28MB/44MB, paused 1.043ms total 28.918ms
08-06 17:48:03.059   512  2967 D audio_hw_primary: disable_audio_route: reset and update mixer path: low-latency-playback speaker
08-06 17:48:03.060   512  2967 D audio_hw_primary: disable_snd_device: snd_device(2: speaker)
08-06 17:48:03.072   512  2967 I soundtrigger: audio_extn_sound_trigger_update_device_status: device 0x2 of type 0 for Event 0
08-06 17:48:03.091 13665 13691 D HttpDownloader: Download was successful
08-06 17:48:03.092   918  6111 D WifiService: releaseWifiLockLocked: WifiLock{Downloader type=1 binder=android.os.BinderProxy@b73a5f1}
08-06 17:48:03.092 13665 13665 D OnlineFeedViewActivity: Parsing feed
08-06 17:48:03.099 13665 15107 D TypeGetter: Recognized type RSS 2.0
08-06 17:48:03.103 13665 15107 D SyndHandler: Recognized Atom namespace
08-06 17:48:03.103 13665 15107 D SyndHandler: Recognized ITunes namespace
08-06 17:48:03.104 13665 15107 D SyndHandler: Recognized media namespace
08-06 17:48:03.104 13665 15107 D SyndHandler: Recognized Content namespace
08-06 17:48:03.118   380   380 W SurfaceFlinger: couldn't log to binary event log: overflow.
08-06 17:48:03.255 13665 13665 D PlaybackController: Releasing PlaybackController
08-06 17:48:03.276 13665 13775 I art     : Starting a blocking GC Explicit
08-06 17:48:03.314 13665 13775 I art     : Explicit concurrent mark sweep GC freed 11460(764KB) AllocSpace objects, 4(80KB) LOS objects, 35% free, 28MB/44MB, paused 1.379ms total 37.419ms
08-06 17:48:03.326 13665 13775 I art     : Starting a blocking GC Explicit
08-06 17:48:03.360 13665 13775 I art     : Explicit concurrent mark sweep GC freed 5127(242KB) AllocSpace objects, 0(0B) LOS objects, 35% free, 28MB/44MB, paused 1.426ms total 33.238ms
08-06 17:48:03.371 13665 13775 I art     : Starting a blocking GC Explicit
08-06 17:48:03.405 13665 13775 I art     : Explicit concurrent mark sweep GC freed 2657(136KB) AllocSpace objects, 0(0B) LOS objects, 35% free, 28MB/44MB, paused 1.556ms total 33.451ms
08-06 17:48:03.416 13665 13775 I art     : Starting a blocking GC Explicit
08-06 17:48:03.449 13665 13775 I art     : Explicit concurrent mark sweep GC freed 2390(126KB) AllocSpace objects, 0(0B) LOS objects, 35% free, 28MB/44MB, paused 1.408ms total 32.650ms
08-06 17:48:03.461 13665 13775 I art     : Starting a blocking GC Explicit
08-06 17:48:03.493 13665 13775 I art     : Explicit concurrent mark sweep GC freed 2548(137KB) AllocSpace objects, 0(0B) LOS objects, 35% free, 28MB/44MB, paused 1.332ms total 32.209ms
08-06 17:48:03.506   518   646 I ThermalEngine: ACTION: GPU - Setting GPU[0] to 390000000
08-06 17:48:03.818 13665 13775 I art     : Starting a blocking GC Explicit
08-06 17:48:03.868 13665 13775 I art     : Explicit concurrent mark sweep GC freed 14913(797KB) AllocSpace objects, 1(20KB) LOS objects, 35% free, 29MB/45MB, paused 1.985ms total 49.837ms
08-06 17:48:03.886 13665 13775 I art     : Starting a blocking GC Explicit
08-06 17:48:03.929 13665 13775 I art     : Explicit concurrent mark sweep GC freed 6419(312KB) AllocSpace objects, 0(0B) LOS objects, 35% free, 29MB/45MB, paused 2.117ms total 43.398ms
08-06 17:48:03.946 13665 13775 I art     : Starting a blocking GC Explicit
08-06 17:48:03.990 13665 13775 I art     : Explicit concurrent mark sweep GC freed 2877(142KB) AllocSpace objects, 0(0B) LOS objects, 35% free, 29MB/45MB, paused 2.711ms total 44.130ms
08-06 17:48:04.007 13665 13775 I art     : Starting a blocking GC Explicit
08-06 17:48:04.050 13665 13775 I art     : Explicit concurrent mark sweep GC freed 2863(150KB) AllocSpace objects, 0(0B) LOS objects, 35% free, 29MB/45MB, paused 1.869ms total 43.390ms
08-06 17:48:04.067 13665 13775 I art     : Starting a blocking GC Explicit
08-06 17:48:04.110 13665 13775 I art     : Explicit concurrent mark sweep GC freed 2906(144KB) AllocSpace objects, 0(0B) LOS objects, 35% free, 29MB/45MB, paused 1.957ms total 42.529ms
08-06 17:48:04.427 13665 13775 I art     : Starting a blocking GC Explicit
08-06 17:48:04.479 13665 13775 I art     : Explicit concurrent mark sweep GC freed 15642(828KB) AllocSpace objects, 1(20KB) LOS objects, 34% free, 29MB/45MB, paused 2.031ms total 51.692ms
08-06 17:48:04.498 13665 13775 I art     : Starting a blocking GC Explicit
08-06 17:48:04.545 13665 13775 I art     : Explicit concurrent mark sweep GC freed 6629(317KB) AllocSpace objects, 0(0B) LOS objects, 35% free, 29MB/45MB, paused 2.027ms total 46.658ms
08-06 17:48:04.562 13665 13775 I art     : Starting a blocking GC Explicit
08-06 17:48:04.608 13665 13775 I art     : Explicit concurrent mark sweep GC freed 3233(162KB) AllocSpace objects, 0(0B) LOS objects, 35% free, 29MB/45MB, paused 2.178ms total 45.492ms
08-06 17:48:04.625 13665 13775 I art     : Starting a blocking GC Explicit
08-06 17:48:04.671 13665 13775 I art     : Explicit concurrent mark sweep GC freed 2958(153KB) AllocSpace objects, 0(0B) LOS objects, 35% free, 29MB/45MB, paused 2.189ms total 45.526ms
08-06 17:48:04.688 13665 13775 I art     : Starting a blocking GC Explicit
08-06 17:48:04.733 13665 13775 I art     : Explicit concurrent mark sweep GC freed 2989(160KB) AllocSpace objects, 0(0B) LOS objects, 34% free, 29MB/45MB, paused 1.928ms total 44.801ms
08-06 17:48:05.061 13665 14111 I art     : Starting a blocking GC Explicit
08-06 17:48:05.117 13665 14111 I art     : Explicit concurrent mark sweep GC freed 15877(862KB) AllocSpace objects, 1(20KB) LOS objects, 34% free, 30MB/46MB, paused 1.803ms total 55.720ms
08-06 17:48:05.135 13665 14111 I art     : Starting a blocking GC Explicit
08-06 17:48:05.183 13665 14111 I art     : Explicit concurrent mark sweep GC freed 6953(336KB) AllocSpace objects, 0(0B) LOS objects, 34% free, 30MB/46MB, paused 2.030ms total 47.373ms
08-06 17:48:05.202 13665 14111 I art     : Starting a blocking GC Explicit
08-06 17:48:05.249 13665 14111 I art     : Explicit concurrent mark sweep GC freed 3073(149KB) AllocSpace objects, 0(0B) LOS objects, 34% free, 30MB/46MB, paused 2.124ms total 46.577ms
08-06 17:48:05.267 13665 14111 I art     : Starting a blocking GC Explicit
08-06 17:48:05.315 13665 14111 I art     : Explicit concurrent mark sweep GC freed 3099(163KB) AllocSpace objects, 0(0B) LOS objects, 34% free, 30MB/46MB, paused 2.016ms total 47.430ms
08-06 17:48:05.332 13665 14111 I art     : Starting a blocking GC Explicit
08-06 17:48:05.380 13665 14111 I art     : Explicit concurrent mark sweep GC freed 3001(156KB) AllocSpace objects, 0(0B) LOS objects, 34% free, 30MB/46MB, paused 1.975ms total 47.630ms
08-06 17:48:05.704 13665 13775 I art     : Starting a blocking GC Explicit
08-06 17:48:05.762 13665 13775 I art     : Explicit concurrent mark sweep GC freed 15569(877KB) AllocSpace objects, 1(20KB) LOS objects, 34% free, 30MB/46MB, paused 2.490ms total 57.662ms
08-06 17:48:05.782 13665 13775 I art     : Starting a blocking GC Explicit
08-06 17:48:05.831 13665 13775 I art     : Explicit concurrent mark sweep GC freed 7070(351KB) AllocSpace objects, 0(0B) LOS objects, 34% free, 30MB/46MB, paused 2.011ms total 49.009ms
08-06 17:48:05.849 13665 13775 I art     : Starting a blocking GC Explicit
08-06 17:48:05.898 13665 13775 I art     : Explicit concurrent mark sweep GC freed 3080(166KB) AllocSpace objects, 0(0B) LOS objects, 34% free, 30MB/46MB, paused 1.857ms total 48.172ms
08-06 17:48:05.916 13665 13775 I art     : Starting a blocking GC Explicit
08-06 17:48:05.969 13665 13775 I art     : Explicit concurrent mark sweep GC freed 3249(170KB) AllocSpace objects, 0(0B) LOS objects, 34% free, 30MB/46MB, paused 2.020ms total 53.081ms
08-06 17:48:05.988 13665 13775 I art     : Starting a blocking GC Explicit
08-06 17:48:06.036 13665 13775 I art     : Explicit concurrent mark sweep GC freed 3250(161KB) AllocSpace objects, 0(0B) LOS objects, 34% free, 30MB/46MB, paused 1.962ms total 48.547ms
08-06 17:48:06.362 13665 13775 I art     : Starting a blocking GC Explicit
08-06 17:48:06.378  9385  9385 I ServiceManager: Waiting for service AtCmdFwd...
08-06 17:48:06.421 13665 13775 I art     : Explicit concurrent mark sweep GC freed 15913(849KB) AllocSpace objects, 1(20KB) LOS objects, 33% free, 31MB/47MB, paused 2.053ms total 58.418ms
08-06 17:48:06.441 13665 13775 I art     : Starting a blocking GC Explicit
08-06 17:48:06.494 13665 13775 I art     : Explicit concurrent mark sweep GC freed 7332(355KB) AllocSpace objects, 0(0B) LOS objects, 34% free, 31MB/47MB, paused 2.270ms total 52ms
08-06 17:48:06.513 13665 13775 I art     : Starting a blocking GC Explicit
08-06 17:48:06.563 13665 13775 I art     : Explicit concurrent mark sweep GC freed 3423(189KB) AllocSpace objects, 0(0B) LOS objects, 33% free, 31MB/47MB, paused 1.886ms total 49.987ms
08-06 17:48:06.582 13665 13775 I art     : Starting a blocking GC Explicit
08-06 17:48:06.633 13665 13775 I art     : Explicit concurrent mark sweep GC freed 3287(220KB) AllocSpace objects, 0(0B) LOS objects, 33% free, 31MB/47MB, paused 1.999ms total 51.147ms
08-06 17:48:06.652 13665 13775 I art     : Starting a blocking GC Explicit
08-06 17:48:06.704 13665 13775 I art     : Explicit concurrent mark sweep GC freed 3136(137KB) AllocSpace objects, 0(0B) LOS objects, 33% free, 31MB/47MB, paused 1.993ms total 51.532ms
08-06 17:48:07.052 13665 13678 I art     : Starting a blocking GC Explicit
08-06 17:48:07.116 13665 13678 I art     : Explicit concurrent mark sweep GC freed 16845(736KB) AllocSpace objects, 1(20KB) LOS objects, 33% free, 31MB/47MB, paused 1.923ms total 62.975ms
08-06 17:48:07.136 13665 13678 I art     : Starting a blocking GC Explicit
08-06 17:48:07.195 13665 13678 I art     : Explicit concurrent mark sweep GC freed 5839(258KB) AllocSpace objects, 0(0B) LOS objects, 33% free, 31MB/47MB, paused 2.103ms total 58.387ms
08-06 17:48:07.216 13665 13678 I art     : Starting a blocking GC Explicit
08-06 17:48:07.272 13665 13678 I art     : Explicit concurrent mark sweep GC freed 5138(233KB) AllocSpace objects, 0(0B) LOS objects, 33% free, 31MB/47MB, paused 1.939ms total 55.867ms
08-06 17:48:07.292 13665 13678 I art     : Starting a blocking GC Explicit
08-06 17:48:07.329 15169 15169 D AndroidRuntime: >>>>>> START com.android.internal.os.RuntimeInit uid 2000 <<<<<<
08-06 17:48:07.334 15169 15169 D AndroidRuntime: CheckJNI is OFF
08-06 17:48:07.349 13665 13678 I art     : Explicit concurrent mark sweep GC freed 3447(163KB) AllocSpace objects, 0(0B) LOS objects, 33% free, 31MB/47MB, paused 2.220ms total 55.819ms
08-06 17:48:07.369 13665 13678 I art     : Starting a blocking GC Explicit
08-06 17:48:07.378  9385  9385 I ServiceManager: Waiting for service AtCmdFwd...
08-06 17:48:07.390 15169 15169 D ICU     : No timezone override file found: /data/misc/zoneinfo/current/icu/icu_tzdata.dat
08-06 17:48:07.425 13665 13678 I art     : Explicit concurrent mark sweep GC freed 3344(155KB) AllocSpace objects, 0(0B) LOS objects, 33% free, 31MB/47MB, paused 3.035ms total 55.389ms
08-06 17:48:07.433 15169 15169 I Radio-JNI: register_android_hardware_Radio DONE
08-06 17:48:07.460 13665 15107 D OnlineFeedViewActivity: Deleted feed source file. Result: true
08-06 17:48:07.465 15169 15169 D AndroidRuntime: Calling main entry com.android.commands.input.Input
08-06 17:48:07.467 15169 15169 I Input   : injectKeyEvent: KeyEvent { action=ACTION_DOWN, keyCode=KEYCODE_BACK, scanCode=0, metaState=0, flags=0x0, repeatCount=0, eventTime=899303880, downTime=899303880, deviceId=-1, source=0x101 }
08-06 17:48:07.473 13665 13665 D OnlineFeedViewActivity: Removing HTML from shownotes
08-06 17:48:07.474 15169 15169 I Input   : injectKeyEvent: KeyEvent { action=ACTION_UP, keyCode=KEYCODE_BACK, scanCode=0, metaState=0, flags=0x0, repeatCount=0, eventTime=899303880, downTime=899303880, deviceId=-1, source=0x101 }
08-06 17:48:07.751 13665 13678 I art     : Waiting for a blocking GC Explicit
08-06 17:48:07.772 13665 13678 I art     : WaitForGcToComplete blocked for 20.709ms for cause Explicit
08-06 17:48:07.772 13665 13678 I art     : Starting a blocking GC Explicit
08-06 17:48:07.839 13665 13678 I art     : Explicit concurrent mark sweep GC freed 42166(3MB) AllocSpace objects, 186(12MB) LOS objects, 32% free, 33MB/49MB, paused 2.289ms total 66.216ms
08-06 17:48:07.861 13665 13678 I art     : Starting a blocking GC Explicit
08-06 17:48:07.926 13665 13678 I art     : Explicit concurrent mark sweep GC freed 53943(4MB) AllocSpace objects, 245(16MB) LOS objects, 32% free, 33MB/49MB, paused 2.122ms total 64.479ms
08-06 17:48:07.949 13665 13678 I art     : Starting a blocking GC Explicit
08-06 17:48:08.019 13665 13678 I art     : Explicit concurrent mark sweep GC freed 58110(5MB) AllocSpace objects, 320(21MB) LOS objects, 30% free, 35MB/51MB, paused 2.211ms total 70.171ms
08-06 17:48:08.042 13665 13678 I art     : Starting a blocking GC Explicit
08-06 17:48:08.069 13665 13665 I Choreographer: Skipped 34 frames!  The application may be doing too much work on its main thread.
08-06 17:48:08.106 13665 13678 I art     : Explicit concurrent mark sweep GC freed 26575(2MB) AllocSpace objects, 173(11MB) LOS objects, 33% free, 31MB/47MB, paused 2.301ms total 63.555ms
08-06 17:48:08.120 15169 15169 D AndroidRuntime: Shutting down VM
08-06 17:48:08.130 13665 13678 I art     : Starting a blocking GC Explicit
08-06 17:48:08.140 13665 13665 V PlaybackController: initServiceNotRunning()
08-06 17:48:08.141 13665 13665 D ExternalPlayerFragment: Loading media info
08-06 17:48:08.146 13665 13665 D UserPreferences: Using default data folder
08-06 17:48:08.147 13665 13691 D DBReader: getNavDrawerData() called with: 
08-06 17:48:08.153 13665 13691 D DBReader: getDownloadedItems() called
08-06 17:48:08.154 13665 13691 D DBReader: getFavoriteIDList() called
08-06 17:48:08.155 13665 13691 D DBReader: getQueueIDList() called
08-06 17:48:08.157 13665 13691 D DBReader: Extracting Feedlist
08-06 17:48:08.179 13866 13866 I GoogleInputMethodServic: GoogleInputMethodService.onFinishInput():3138 
08-06 17:48:08.180 13866 13866 I GoogleInputMethodServic: GoogleInputMethodService.onStartInput():1808 
08-06 17:48:08.188 13665 13678 I art     : Explicit concurrent mark sweep GC freed 1576(97KB) AllocSpace objects, 1(112KB) LOS objects, 33% free, 31MB/47MB, paused 1.734ms total 57.713ms
08-06 17:48:08.193 13665 13665 D MainActivity: getLastNavFragment() -> AddFeedFragment
08-06 17:48:08.379  9385  9385 I ServiceManager: Waiting for service AtCmdFwd...
08-06 17:48:08.489   380   380 W SurfaceFlinger: couldn't log to binary event log: overflow.
08-06 17:48:08.543 13665 13677 I art     : Starting a blocking GC Explicit
08-06 17:48:08.601 13665 13677 I art     : Explicit concurrent mark sweep GC freed 2719(142KB) AllocSpace objects, 1(20KB) LOS objects, 33% free, 31MB/47MB, paused 1.908ms total 57.522ms
08-06 17:48:08.623 13665 13677 I art     : Starting a blocking GC Explicit
08-06 17:48:08.683 13665 13677 I art     : Explicit concurrent mark sweep GC freed 168(10KB) AllocSpace objects, 0(0B) LOS objects, 33% free, 31MB/47MB, paused 1.558ms total 59.076ms
08-06 17:48:08.705 13665 13677 I art     : Starting a blocking GC Explicit
08-06 17:48:08.767 13665 13677 I art     : Explicit concurrent mark sweep GC freed 3(96B) AllocSpace objects, 0(0B) LOS objects, 33% free, 31MB/47MB, paused 1.711ms total 61.070ms
08-06 17:48:08.790 13665 13677 I art     : Starting a blocking GC Explicit
08-06 17:48:08.851 13665 13677 I art     : Explicit concurrent mark sweep GC freed 3(96B) AllocSpace objects, 0(0B) LOS objects, 33% free, 31MB/47MB, paused 1.674ms total 60.414ms
08-06 17:48:08.874 13665 13677 I art     : Starting a blocking GC Explicit
08-06 17:48:08.942 13665 13677 I art     : Explicit concurrent mark sweep GC freed 3(96B) AllocSpace objects, 0(0B) LOS objects, 33% free, 31MB/47MB, paused 2.055ms total 67.225ms
08-06 17:48:09.308 13665 13775 I art     : Starting a blocking GC Explicit
08-06 17:48:09.378 13665 13775 I art     : Explicit concurrent mark sweep GC freed 1398(83KB) AllocSpace objects, 1(20KB) LOS objects, 33% free, 31MB/47MB, paused 1.870ms total 69.205ms
08-06 17:48:09.380  9385  9385 I ServiceManager: Waiting for service AtCmdFwd...
08-06 17:48:09.400 13665 13775 I art     : Starting a blocking GC Explicit
08-06 17:48:09.458 13665 13775 I art     : Explicit concurrent mark sweep GC freed 23(752B) AllocSpace objects, 0(0B) LOS objects, 33% free, 31MB/47MB, paused 1.929ms total 57.057ms
08-06 17:48:09.479 13665 13775 I art     : Starting a blocking GC Explicit
08-06 17:48:09.537 13665 13775 I art     : Explicit concurrent mark sweep GC freed 3(96B) AllocSpace objects, 0(0B) LOS objects, 33% free, 31MB/47MB, paused 1.798ms total 57.464ms
08-06 17:48:09.559 13665 13775 I art     : Starting a blocking GC Explicit
08-06 17:48:09.618 13665 13775 I art     : Explicit concurrent mark sweep GC freed 3(96B) AllocSpace objects, 0(0B) LOS objects, 33% free, 31MB/47MB, paused 1.794ms total 57.938ms
08-06 17:48:09.640 13665 13775 I art     : Starting a blocking GC Explicit
08-06 17:48:09.698 13665 13775 I art     : Explicit concurrent mark sweep GC freed 106(5KB) AllocSpace objects, 0(0B) LOS objects, 33% free, 31MB/47MB, paused 1.785ms total 57.605ms
08-06 17:48:10.028 15222 15222 D AndroidRuntime: >>>>>> START com.android.internal.os.RuntimeInit uid 2000 <<<<<<
08-06 17:48:10.037 15222 15222 D AndroidRuntime: CheckJNI is OFF
08-06 17:48:10.056 13665 13677 I art     : Starting a blocking GC Explicit
08-06 17:48:10.089 15222 15222 D ICU     : No timezone override file found: /data/misc/zoneinfo/current/icu/icu_tzdata.dat
08-06 17:48:10.102 13665 13677 I art     : Explicit concurrent mark sweep GC freed 34522(3MB) AllocSpace objects, 2(48KB) LOS objects, 36% free, 28MB/44MB, paused 1.523ms total 44.832ms
08-06 17:48:10.118 13665 13677 I art     : Starting a blocking GC Explicit
08-06 17:48:10.133 15222 15222 I Radio-JNI: register_android_hardware_Radio DONE
08-06 17:48:10.158 13665 13677 I art     : Explicit concurrent mark sweep GC freed 23(752B) AllocSpace objects, 0(0B) LOS objects, 36% free, 28MB/44MB, paused 1.928ms total 40.084ms
08-06 17:48:10.159 13665 13676 I art     : WaitForGcToComplete blocked for 40.457ms for cause HeapTrim
08-06 17:48:10.166 15222 15222 D AndroidRuntime: Calling main entry com.android.commands.input.Input
08-06 17:48:10.169 15222 15222 I Input   : injectMotionEvent: MotionEvent { action=ACTION_DOWN, actionButton=0, id[0]=0, x[0]=616.0, y[0]=469.0, toolType[0]=TOOL_TYPE_UNKNOWN, buttonState=0, metaState=0, flags=0x0, edgeFlags=0x0, pointerCount=1, historySize=0, eventTime=899306581, downTime=899306581, deviceId=0, source=0x1002 }
08-06 17:48:10.174 15222 15222 I Input   : injectMotionEvent: MotionEvent { action=ACTION_UP, actionButton=0, id[0]=0, x[0]=616.0, y[0]=469.0, toolType[0]=TOOL_TYPE_UNKNOWN, buttonState=0, metaState=0, flags=0x0, edgeFlags=0x0, pointerCount=1, historySize=0, eventTime=899306581, downTime=899306581, deviceId=0, source=0x1002 }
08-06 17:48:10.175 13665 13677 I art     : Starting a blocking GC Explicit
08-06 17:48:10.181 15222 15222 D AndroidRuntime: Shutting down VM
08-06 17:48:10.217 13665 13677 I art     : Explicit concurrent mark sweep GC freed 42(1744B) AllocSpace objects, 0(0B) LOS objects, 36% free, 28MB/44MB, paused 1.415ms total 41.457ms
08-06 17:48:10.232 13665 13677 I art     : Starting a blocking GC Explicit
08-06 17:48:10.249   512  2967 D audio_hw_primary: out_set_parameters: enter: usecase(1: low-latency-playback) kvpairs: routing=2
08-06 17:48:10.262   512  2967 D audio_hw_primary: select_devices: out_snd_device(2: speaker) in_snd_device(0: none)
08-06 17:48:10.262   512  2967 D msm8974_platform: platform_send_audio_calibration: sending audio calibration for snd_device(2) acdb_id(15)
08-06 17:48:10.263   512  2967 I soundtrigger: audio_extn_sound_trigger_update_device_status: device 0x2 of type 0 for Event 1
08-06 17:48:10.271 13866 13866 I GoogleInputMethodServic: GoogleInputMethodService.onFinishInput():3138 
08-06 17:48:10.272 13866 13866 I GoogleInputMethodServic: GoogleInputMethodService.onStartInput():1808 
08-06 17:48:10.278 13665 13677 I art     : Explicit concurrent mark sweep GC freed 203(8KB) AllocSpace objects, 0(0B) LOS objects, 36% free, 28MB/44MB, paused 2.339ms total 45.082ms
08-06 17:48:10.279   512  2967 D audio_hw_primary: enable_snd_device: snd_device(2: speaker)
08-06 17:48:10.283   512  2967 D audio_hw_primary: enable_audio_route: apply and update mixer path: low-latency-playback speaker
08-06 17:48:10.296 13665 13677 I art     : Starting a blocking GC Explicit
08-06 17:48:10.337 13665 13677 I art     : Explicit concurrent mark sweep GC freed 63(2256B) AllocSpace objects, 0(0B) LOS objects, 36% free, 28MB/44MB, paused 1.859ms total 40.629ms
08-06 17:48:10.381  9385  9385 I ServiceManager: Waiting for service AtCmdFwd...
08-06 17:48:10.493 13665 13685 I NAPPA_EXPERIMENTATION: MetricNetworkRequestExecutionTime: REQUEST_DURATION_SYSTEM='248',REQUEST_DURATION_OKHTTP='246',REQUEST_SYNCHRONOUS='TRUE',RESPONSE_CODE='200',RESPONSE_METHOD='GET',RESPONSE_LENGTH_OKHTTP='-1',RESPONSE_LENGTH_HEADER='628',REQUEST_PROTOCOL='h2',REQUEST_URL='https://itunes.apple.com/lookup?id=1524080195',
08-06 17:48:10.512   918  3696 I ActivityManager: START u0 {cmp=baseline.de.danoeh.antennapod.debug/baseline.de.danoeh.antennapod.activity.OnlineFeedViewActivity (has extras)} from uid 10711 on display 0
08-06 17:48:10.536 13866 13866 I GoogleInputMethodServic: GoogleInputMethodService.onFinishInput():3138 
08-06 17:48:10.543 13866 13866 I GoogleInputMethodServic: GoogleInputMethodService.onStartInput():1808 
08-06 17:48:10.569 13665 13665 D UserPreferences: Using default data folder
08-06 17:48:10.570 13665 13665 D OnlineFeedViewActivity: Activity was started with url https://rss.art19.com/nice-white-parents
08-06 17:48:10.573 13665 13665 D OnlineFeedViewActivity: Starting feed download
08-06 17:48:10.577 13665 14222 D DBReader: Extracting Feedlist
08-06 17:48:10.580   918  3696 D WifiService: acquireWifiLockLocked: WifiLock{Downloader type=1 binder=android.os.BinderProxy@bd16a5e}
08-06 17:48:10.580 13665 14222 D AntennapodHttpClient: Creating new instance of HTTP client
08-06 17:48:10.635 13866 13866 I GoogleInputMethodServic: GoogleInputMethodService.onFinishInput():3138 
08-06 17:48:10.636 13866 13866 I GoogleInputMethodServic: GoogleInputMethodService.onStartInput():1808 
08-06 17:48:10.670   918   936 I ActivityManager: Displayed baseline.de.danoeh.antennapod.debug/baseline.de.danoeh.antennapod.activity.OnlineFeedViewActivity: +133ms
08-06 17:48:10.680 13665 14111 I art     : Starting a blocking GC Explicit
08-06 17:48:10.740 13665 14111 I art     : Explicit concurrent mark sweep GC freed 7044(400KB) AllocSpace objects, 4(220KB) LOS objects, 35% free, 28MB/44MB, paused 2.594ms total 58.613ms
08-06 17:48:10.757 13665 14111 I art     : Starting a blocking GC Explicit
08-06 17:48:10.797 13665 14111 I art     : Explicit concurrent mark sweep GC freed 1912(154KB) AllocSpace objects, 0(0B) LOS objects, 35% free, 28MB/44MB, paused 1.716ms total 39.201ms
08-06 17:48:10.812 13665 14111 I art     : Starting a blocking GC Explicit
08-06 17:48:10.818   512  2967 D audio_hw_primary: disable_audio_route: reset and update mixer path: low-latency-playback speaker
08-06 17:48:10.819   512  2967 D audio_hw_primary: disable_snd_device: snd_device(2: speaker)
08-06 17:48:10.828   512  2967 I soundtrigger: audio_extn_sound_trigger_update_device_status: device 0x2 of type 0 for Event 0
08-06 17:48:10.851 13665 14111 I art     : Explicit concurrent mark sweep GC freed 10(400B) AllocSpace objects, 0(0B) LOS objects, 35% free, 28MB/44MB, paused 1.612ms total 38.453ms
08-06 17:48:10.867 13665 14111 I art     : Starting a blocking GC Explicit
08-06 17:48:10.883 13665 14222 D MYTAG   : interceptor 3a https://rss.art19.com/nice-white-parents
08-06 17:48:10.883 13665 14222 I NAPPA_EXPERIMENTATION: MetricNetworkRequestExecutionTime: REQUEST_DURATION_SYSTEM='301',REQUEST_DURATION_OKHTTP='138',REQUEST_SYNCHRONOUS='TRUE',RESPONSE_CODE='200',RESPONSE_METHOD='GET',RESPONSE_LENGTH_OKHTTP='-1',RESPONSE_LENGTH_HEADER='1803',REQUEST_PROTOCOL='h2',REQUEST_URL='https://rss.art19.com/nice-white-parents',
08-06 17:48:10.883 13665 14222 D HttpDownloader: Response code is 200
08-06 17:48:10.883 13665 14222 D UserPreferences: Using default data folder
08-06 17:48:10.885 13665 14222 D HttpDownloader: Getting size of download
08-06 17:48:10.885 13665 14222 D HttpDownloader: Size is -1
08-06 17:48:10.885 13665 14222 D UserPreferences: Using default data folder
08-06 17:48:10.885 13665 14222 D HttpDownloader: Free space is 20497977344
08-06 17:48:10.885 13665 14222 D HttpDownloader: Starting download
08-06 17:48:10.892 13665 14222 D HttpDownloader: Download was successful
08-06 17:48:10.893   918  3696 D WifiService: releaseWifiLockLocked: WifiLock{Downloader type=1 binder=android.os.BinderProxy@bd16a5e}
08-06 17:48:10.894 13665 13665 D OnlineFeedViewActivity: Parsing feed
08-06 17:48:10.897 13665 15258 D TypeGetter: Recognized type RSS 2.0
08-06 17:48:10.898 13665 15258 D SyndHandler: Recognized ITunes namespace
08-06 17:48:10.899 13665 15258 D SyndHandler: Recognized Atom namespace
08-06 17:48:10.899 13665 15258 D SyndHandler: Recognized Content namespace
08-06 17:48:10.907 13665 15258 D OnlineFeedViewActivity: Deleted feed source file. Result: true
08-06 17:48:10.908 13665 13665 D OnlineFeedViewActivity: Removing HTML from shownotes
08-06 17:48:10.909 13665 14111 I art     : Explicit concurrent mark sweep GC freed 674(184KB) AllocSpace objects, 3(60KB) LOS objects, 35% free, 28MB/44MB, paused 1.923ms total 41.502ms
08-06 17:48:10.925 13665 14111 I art     : Starting a blocking GC Explicit
08-06 17:48:10.925   380   380 W SurfaceFlinger: couldn't log to binary event log: overflow.
08-06 17:48:10.965 13665 14111 I art     : Explicit concurrent mark sweep GC freed 1450(100KB) AllocSpace objects, 1(68KB) LOS objects, 35% free, 28MB/44MB, paused 1.466ms total 39.549ms
08-06 17:48:11.046 13665 13665 D PlaybackController: Releasing PlaybackController
08-06 17:48:11.267 13665 13678 I art     : Starting a blocking GC Explicit
08-06 17:48:11.314 13665 13678 I art     : Explicit concurrent mark sweep GC freed 2220(124KB) AllocSpace objects, 2(132KB) LOS objects, 35% free, 28MB/44MB, paused 1.937ms total 46.329ms
08-06 17:48:11.332 13665 13678 I art     : Starting a blocking GC Explicit
08-06 17:48:11.378 13665 13678 I art     : Explicit concurrent mark sweep GC freed 54(2032B) AllocSpace objects, 0(0B) LOS objects, 35% free, 28MB/44MB, paused 1.766ms total 45.282ms
08-06 17:48:11.381  9385  9385 W Atfwd_Sendcmd: AtCmdFwd service not published, waiting... retryCnt : 2
08-06 17:48:11.396 13665 13678 I art     : Starting a blocking GC Explicit
08-06 17:48:11.442 13665 13678 I art     : Explicit concurrent mark sweep GC freed 3(96B) AllocSpace objects, 0(0B) LOS objects, 35% free, 28MB/44MB, paused 1.827ms total 45.837ms
08-06 17:48:11.460 13665 13678 I art     : Starting a blocking GC Explicit
08-06 17:48:11.506 13665 13678 I art     : Explicit concurrent mark sweep GC freed 3(96B) AllocSpace objects, 0(0B) LOS objects, 35% free, 28MB/44MB, paused 1.644ms total 45.316ms
08-06 17:48:11.524 13665 13678 I art     : Starting a blocking GC Explicit
08-06 17:48:11.569 13665 13678 I art     : Explicit concurrent mark sweep GC freed 3(96B) AllocSpace objects, 0(0B) LOS objects, 35% free, 28MB/44MB, paused 1.974ms total 44.828ms
08-06 17:48:11.918 13665 13775 I art     : Starting a blocking GC Explicit
08-06 17:48:11.978 13665 13775 I art     : Explicit concurrent mark sweep GC freed 1408(85KB) AllocSpace objects, 1(20KB) LOS objects, 35% free, 28MB/44MB, paused 1.733ms total 59.124ms
08-06 17:48:11.998 13665 13775 I art     : Starting a blocking GC Explicit
08-06 17:48:12.044 13665 13775 I art     : Explicit concurrent mark sweep GC freed 23(752B) AllocSpace objects, 0(0B) LOS objects, 35% free, 28MB/44MB, paused 1.648ms total 45.312ms
08-06 17:48:12.062 13665 13775 I art     : Starting a blocking GC Explicit
08-06 17:48:12.108 13665 13775 I art     : Explicit concurrent mark sweep GC freed 3(96B) AllocSpace objects, 0(0B) LOS objects, 35% free, 28MB/44MB, paused 2.056ms total 45.771ms
08-06 17:48:12.126 13665 13775 I art     : Starting a blocking GC Explicit
08-06 17:48:12.172 13665 13775 I art     : Explicit concurrent mark sweep GC freed 3(96B) AllocSpace objects, 0(0B) LOS objects, 35% free, 28MB/44MB, paused 1.586ms total 45.166ms
08-06 17:48:12.190 13665 13775 I art     : Starting a blocking GC Explicit
08-06 17:48:12.235 13665 13775 I art     : Explicit concurrent mark sweep GC freed 3(96B) AllocSpace objects, 0(0B) LOS objects, 35% free, 28MB/44MB, paused 1.549ms total 45.116ms
08-06 17:48:12.589 13665 14111 I art     : Starting a blocking GC Explicit
08-06 17:48:12.639 13665 14111 I art     : Explicit concurrent mark sweep GC freed 1526(90KB) AllocSpace objects, 1(20KB) LOS objects, 35% free, 28MB/44MB, paused 1.803ms total 49.416ms
08-06 17:48:12.659 13665 14111 I art     : Starting a blocking GC Explicit
08-06 17:48:12.705 13665 14111 I art     : Explicit concurrent mark sweep GC freed 32(1040B) AllocSpace objects, 0(0B) LOS objects, 35% free, 28MB/44MB, paused 1.570ms total 45.328ms
08-06 17:48:12.723 13665 14111 I art     : Starting a blocking GC Explicit
08-06 17:48:12.769 13665 14111 I art     : Explicit concurrent mark sweep GC freed 10(320B) AllocSpace objects, 0(0B) LOS objects, 35% free, 28MB/44MB, paused 2.415ms total 45.702ms
08-06 17:48:12.787 13665 14111 I art     : Starting a blocking GC Explicit
08-06 17:48:12.830 13665 14111 I art     : Explicit concurrent mark sweep GC freed 4(128B) AllocSpace objects, 0(0B) LOS objects, 35% free, 28MB/44MB, paused 1.380ms total 42.177ms
08-06 17:48:12.848 13665 14111 I art     : Starting a blocking GC Explicit
08-06 17:48:12.891 13665 14111 I art     : Explicit concurrent mark sweep GC freed 3(96B) AllocSpace objects, 0(0B) LOS objects, 35% free, 28MB/44MB, paused 1.455ms total 43.145ms
08-06 17:48:13.246 13665 13775 I art     : Starting a blocking GC Explicit
08-06 17:48:13.305 13665 13775 I art     : Explicit concurrent mark sweep GC freed 1396(81KB) AllocSpace objects, 1(20KB) LOS objects, 35% free, 28MB/44MB, paused 1.676ms total 57.916ms
08-06 17:48:13.325 13665 13775 I art     : Starting a blocking GC Explicit
08-06 17:48:13.371 13665 13775 I art     : Explicit concurrent mark sweep GC freed 23(752B) AllocSpace objects, 0(0B) LOS objects, 35% free, 28MB/44MB, paused 1.885ms total 45.319ms
08-06 17:48:13.393 13665 13775 I art     : Starting a blocking GC Explicit
08-06 17:48:13.440 13665 13775 I art     : Explicit concurrent mark sweep GC freed 3(96B) AllocSpace objects, 0(0B) LOS objects, 35% free, 28MB/44MB, paused 1.454ms total 46.174ms
08-06 17:48:13.458 13665 13775 I art     : Starting a blocking GC Explicit
08-06 17:48:13.503 13665 13775 I art     : Explicit concurrent mark sweep GC freed 3(96B) AllocSpace objects, 0(0B) LOS objects, 35% free, 28MB/44MB, paused 1.830ms total 44.705ms
08-06 17:48:13.521 13665 13775 I art     : Starting a blocking GC Explicit
08-06 17:48:13.566 13665 13775 I art     : Explicit concurrent mark sweep GC freed 3(96B) AllocSpace objects, 0(0B) LOS objects, 35% free, 28MB/44MB, paused 1.394ms total 44.680ms
08-06 17:48:13.936 13665 13678 I art     : Starting a blocking GC Explicit
08-06 17:48:13.991 13665 13678 I art     : Explicit concurrent mark sweep GC freed 1367(80KB) AllocSpace objects, 1(20KB) LOS objects, 35% free, 28MB/44MB, paused 1.668ms total 54.273ms
08-06 17:48:14.012 13665 13678 I art     : Starting a blocking GC Explicit
08-06 17:48:14.066 13665 13678 I art     : Explicit concurrent mark sweep GC freed 23(752B) AllocSpace objects, 0(0B) LOS objects, 35% free, 28MB/44MB, paused 1.548ms total 52.739ms
08-06 17:48:14.088 13665 13678 I art     : Starting a blocking GC Explicit
08-06 17:48:14.133 13665 13678 I art     : Explicit concurrent mark sweep GC freed 3(96B) AllocSpace objects, 0(0B) LOS objects, 35% free, 28MB/44MB, paused 1.405ms total 44.403ms
08-06 17:48:14.151 13665 13678 I art     : Starting a blocking GC Explicit
08-06 17:48:14.199 13665 13678 I art     : Explicit concurrent mark sweep GC freed 3(96B) AllocSpace objects, 0(0B) LOS objects, 35% free, 28MB/44MB, paused 2.263ms total 47.435ms
08-06 17:48:14.221 13665 13678 I art     : Starting a blocking GC Explicit
08-06 17:48:14.267 13665 13678 I art     : Explicit concurrent mark sweep GC freed 3(96B) AllocSpace objects, 0(0B) LOS objects, 35% free, 28MB/44MB, paused 1.382ms total 45.346ms
08-06 17:48:14.630 13665 13677 I art     : Starting a blocking GC Explicit
08-06 17:48:14.686 13665 13677 I art     : Explicit concurrent mark sweep GC freed 1396(81KB) AllocSpace objects, 1(20KB) LOS objects, 35% free, 28MB/44MB, paused 1.390ms total 55.096ms
08-06 17:48:14.704 13665 13677 I art     : Starting a blocking GC Explicit
08-06 17:48:14.749 13665 13677 I art     : Explicit concurrent mark sweep GC freed 23(752B) AllocSpace objects, 0(0B) LOS objects, 35% free, 28MB/44MB, paused 1.649ms total 44.473ms
08-06 17:48:14.767 13665 13677 I art     : Starting a blocking GC Explicit
08-06 17:48:14.812 13665 13677 I art     : Explicit concurrent mark sweep GC freed 3(96B) AllocSpace objects, 0(0B) LOS objects, 35% free, 28MB/44MB, paused 1.482ms total 44.405ms
08-06 17:48:14.830 13665 13677 I art     : Starting a blocking GC Explicit
08-06 17:48:14.874 13665 13677 I art     : Explicit concurrent mark sweep GC freed 3(96B) AllocSpace objects, 0(0B) LOS objects, 35% free, 28MB/44MB, paused 1.653ms total 43.772ms
08-06 17:48:14.891 13665 13677 I art     : Starting a blocking GC Explicit
08-06 17:48:14.933 13665 13677 I art     : Explicit concurrent mark sweep GC freed 3(96B) AllocSpace objects, 0(0B) LOS objects, 35% free, 28MB/44MB, paused 1.567ms total 42.052ms
08-06 17:48:15.252 13665 14111 I art     : Starting a blocking GC Explicit
08-06 17:48:15.295 13665 14111 I art     : Explicit concurrent mark sweep GC freed 1397(83KB) AllocSpace objects, 1(20KB) LOS objects, 35% free, 28MB/44MB, paused 1.670ms total 43.028ms
08-06 17:48:15.313 13665 14111 I art     : Starting a blocking GC Explicit
08-06 17:48:15.355 13665 14111 I art     : Explicit concurrent mark sweep GC freed 23(752B) AllocSpace objects, 0(0B) LOS objects, 35% free, 28MB/44MB, paused 1.398ms total 42.365ms
08-06 17:48:15.373 13665 14111 I art     : Starting a blocking GC Explicit
08-06 17:48:15.418 13665 14111 I art     : Explicit concurrent mark sweep GC freed 3(96B) AllocSpace objects, 0(0B) LOS objects, 35% free, 28MB/44MB, paused 1.552ms total 44.243ms
08-06 17:48:15.436 13665 14111 I art     : Starting a blocking GC Explicit
08-06 17:48:15.481 13665 14111 I art     : Explicit concurrent mark sweep GC freed 3(96B) AllocSpace objects, 0(0B) LOS objects, 35% free, 28MB/44MB, paused 1.519ms total 44.197ms
08-06 17:48:15.499 13665 14111 I art     : Starting a blocking GC Explicit
08-06 17:48:15.526   518   646 I ThermalEngine: ACTION: GPU - Setting GPU[0] to 450000000
08-06 17:48:15.538 13665 14111 I art     : Explicit concurrent mark sweep GC freed 3(96B) AllocSpace objects, 0(0B) LOS objects, 35% free, 28MB/44MB, paused 1.017ms total 39.502ms
08-06 17:48:15.883 13665 13775 I art     : Starting a blocking GC Explicit
08-06 17:48:15.934 13665 13775 I art     : Explicit concurrent mark sweep GC freed 1367(80KB) AllocSpace objects, 1(20KB) LOS objects, 35% free, 28MB/44MB, paused 1.086ms total 50.726ms
08-06 17:48:15.951 13665 13775 I art     : Starting a blocking GC Explicit
08-06 17:48:15.992 13665 13775 I art     : Explicit concurrent mark sweep GC freed 23(752B) AllocSpace objects, 0(0B) LOS objects, 35% free, 28MB/44MB, paused 1.042ms total 40.867ms
08-06 17:48:16.004 13665 13775 I art     : Starting a blocking GC Explicit
08-06 17:48:16.042 13665 13775 I art     : Explicit concurrent mark sweep GC freed 3(96B) AllocSpace objects, 0(0B) LOS objects, 35% free, 28MB/44MB, paused 980us total 37.750ms
08-06 17:48:16.054 13665 13775 I art     : Starting a blocking GC Explicit
08-06 17:48:16.092 13665 13775 I art     : Explicit concurrent mark sweep GC freed 3(96B) AllocSpace objects, 0(0B) LOS objects, 35% free, 28MB/44MB, paused 1.033ms total 37.497ms
08-06 17:48:16.105 13665 13775 I art     : Starting a blocking GC Explicit
08-06 17:48:16.144 13665 13775 I art     : Explicit concurrent mark sweep GC freed 3(96B) AllocSpace objects, 0(0B) LOS objects, 35% free, 28MB/44MB, paused 1.020ms total 38.611ms
08-06 17:48:16.476 13665 13678 I art     : Starting a blocking GC Explicit
08-06 17:48:16.526 13665 13678 I art     : Explicit concurrent mark sweep GC freed 1396(81KB) AllocSpace objects, 1(20KB) LOS objects, 35% free, 28MB/44MB, paused 1.054ms total 48.888ms
08-06 17:48:16.540 13665 13678 I art     : Starting a blocking GC Explicit
08-06 17:48:16.577 13665 13678 I art     : Explicit concurrent mark sweep GC freed 23(752B) AllocSpace objects, 0(0B) LOS objects, 35% free, 28MB/44MB, paused 1.089ms total 36.628ms
08-06 17:48:16.590 13665 13678 I art     : Starting a blocking GC Explicit
08-06 17:48:16.629 13665 13678 I art     : Explicit concurrent mark sweep GC freed 3(96B) AllocSpace objects, 0(0B) LOS objects, 35% free, 28MB/44MB, paused 1.059ms total 38.296ms
08-06 17:48:16.641 13665 13678 I art     : Starting a blocking GC Explicit
08-06 17:48:16.676 13665 13678 I art     : Explicit concurrent mark sweep GC freed 3(96B) AllocSpace objects, 0(0B) LOS objects, 35% free, 28MB/44MB, paused 984us total 35.108ms
08-06 17:48:16.689 13665 13678 I art     : Starting a blocking GC Explicit
08-06 17:48:16.727 13665 13678 I art     : Explicit concurrent mark sweep GC freed 3(96B) AllocSpace objects, 0(0B) LOS objects, 35% free, 28MB/44MB, paused 1.105ms total 38.177ms
08-06 17:48:17.061 13665 13677 I art     : Starting a blocking GC Explicit
08-06 17:48:17.110 13665 13677 I art     : Explicit concurrent mark sweep GC freed 1367(80KB) AllocSpace objects, 1(20KB) LOS objects, 35% free, 28MB/44MB, paused 1.145ms total 48.394ms
08-06 17:48:17.124 13665 13677 I art     : Starting a blocking GC Explicit
08-06 17:48:17.161 13665 13677 I art     : Explicit concurrent mark sweep GC freed 23(752B) AllocSpace objects, 0(0B) LOS objects, 35% free, 28MB/44MB, paused 984us total 35.956ms
08-06 17:48:17.173 13665 13677 I art     : Starting a blocking GC Explicit
08-06 17:48:17.211 13665 13677 I art     : Explicit concurrent mark sweep GC freed 3(96B) AllocSpace objects, 0(0B) LOS objects, 35% free, 28MB/44MB, paused 1.039ms total 38.370ms
08-06 17:48:17.224 13665 13677 I art     : Starting a blocking GC Explicit
08-06 17:48:17.263 13665 13677 I art     : Explicit concurrent mark sweep GC freed 3(96B) AllocSpace objects, 0(0B) LOS objects, 35% free, 28MB/44MB, paused 1.025ms total 38.562ms
08-06 17:48:17.275 13665 13677 I art     : Starting a blocking GC Explicit
08-06 17:48:17.311 13665 13677 I art     : Explicit concurrent mark sweep GC freed 32(880B) AllocSpace objects, 0(0B) LOS objects, 35% free, 28MB/44MB, paused 993us total 35.829ms
08-06 17:48:17.653 13665 14111 I art     : Starting a blocking GC Explicit
08-06 17:48:17.702 13665 14111 I art     : Explicit concurrent mark sweep GC freed 1367(80KB) AllocSpace objects, 1(20KB) LOS objects, 35% free, 28MB/44MB, paused 1.046ms total 47.759ms
08-06 17:48:17.717 13665 14111 I art     : Starting a blocking GC Explicit
08-06 17:48:17.756 13665 14111 I art     : Explicit concurrent mark sweep GC freed 23(752B) AllocSpace objects, 0(0B) LOS objects, 35% free, 28MB/44MB, paused 1.033ms total 38.966ms
08-06 17:48:17.769 13665 14111 I art     : Starting a blocking GC Explicit
08-06 17:48:17.804 13665 14111 I art     : Explicit concurrent mark sweep GC freed 3(96B) AllocSpace objects, 0(0B) LOS objects, 35% free, 28MB/44MB, paused 981us total 34.849ms
08-06 17:48:17.816 13665 14111 I art     : Starting a blocking GC Explicit
08-06 17:48:17.855 13665 14111 I art     : Explicit concurrent mark sweep GC freed 3(96B) AllocSpace objects, 0(0B) LOS objects, 35% free, 28MB/44MB, paused 1.054ms total 38.444ms
08-06 17:48:17.868 13665 14111 I art     : Starting a blocking GC Explicit
08-06 17:48:17.905 13665 14111 I art     : Explicit concurrent mark sweep GC freed 3(96B) AllocSpace objects, 0(0B) LOS objects, 35% free, 28MB/44MB, paused 1.033ms total 37.437ms
08-06 17:48:18.251 13665 13775 I art     : Starting a blocking GC Explicit
08-06 17:48:18.295 13665 13775 I art     : Explicit concurrent mark sweep GC freed 1396(81KB) AllocSpace objects, 1(20KB) LOS objects, 35% free, 28MB/44MB, paused 981us total 44.097ms
08-06 17:48:18.307 13665 13775 I art     : Starting a blocking GC Explicit
08-06 17:48:18.345 13665 13775 I art     : Explicit concurrent mark sweep GC freed 23(752B) AllocSpace objects, 0(0B) LOS objects, 35% free, 28MB/44MB, paused 1.023ms total 37.466ms
08-06 17:48:18.357 13665 13775 I art     : Starting a blocking GC Explicit
08-06 17:48:18.395 13665 13775 I art     : Explicit concurrent mark sweep GC freed 3(96B) AllocSpace objects, 0(0B) LOS objects, 35% free, 28MB/44MB, paused 1.030ms total 36.863ms
08-06 17:48:18.407 13665 13775 I art     : Starting a blocking GC Explicit
08-06 17:48:18.442 13665 13775 I art     : Explicit concurrent mark sweep GC freed 3(96B) AllocSpace objects, 0(0B) LOS objects, 35% free, 28MB/44MB, paused 986us total 34.893ms
08-06 17:48:18.454 13665 13775 I art     : Starting a blocking GC Explicit
08-06 17:48:18.488 13665 13775 I art     : Explicit concurrent mark sweep GC freed 3(96B) AllocSpace objects, 0(0B) LOS objects, 35% free, 28MB/44MB, paused 1.103ms total 32.908ms
08-06 17:48:18.820 13665 13678 I art     : Starting a blocking GC Explicit
08-06 17:48:18.863 13665 13678 I art     : Explicit concurrent mark sweep GC freed 1367(80KB) AllocSpace objects, 1(20KB) LOS objects, 35% free, 28MB/44MB, paused 1.131ms total 42.229ms
08-06 17:48:18.877 13665 13678 I art     : Starting a blocking GC Explicit
08-06 17:48:18.912 13665 13678 I art     : Explicit concurrent mark sweep GC freed 23(752B) AllocSpace objects, 0(0B) LOS objects, 35% free, 28MB/44MB, paused 1.023ms total 34.777ms
08-06 17:48:18.924 13665 13678 I art     : Starting a blocking GC Explicit
08-06 17:48:18.961 13665 13678 I art     : Explicit concurrent mark sweep GC freed 3(96B) AllocSpace objects, 0(0B) LOS objects, 35% free, 28MB/44MB, paused 1.075ms total 35.939ms
08-06 17:48:18.973 13665 13678 I art     : Starting a blocking GC Explicit
08-06 17:48:18.990 15383 15383 D AndroidRuntime: >>>>>> START com.android.internal.os.RuntimeInit uid 2000 <<<<<<
08-06 17:48:18.996 15383 15383 D AndroidRuntime: CheckJNI is OFF
08-06 17:48:19.009 13665 13678 I art     : Explicit concurrent mark sweep GC freed 3(96B) AllocSpace objects, 0(0B) LOS objects, 35% free, 28MB/44MB, paused 1.062ms total 36.182ms
08-06 17:48:19.021 13665 13678 I art     : Starting a blocking GC Explicit
08-06 17:48:19.042 15383 15383 D ICU     : No timezone override file found: /data/misc/zoneinfo/current/icu/icu_tzdata.dat
08-06 17:48:19.056 13665 13678 I art     : Explicit concurrent mark sweep GC freed 3(96B) AllocSpace objects, 0(0B) LOS objects, 35% free, 28MB/44MB, paused 1.083ms total 34.694ms
08-06 17:48:19.088 15383 15383 I Radio-JNI: register_android_hardware_Radio DONE
08-06 17:48:19.118 15383 15383 D AndroidRuntime: Calling main entry com.android.commands.input.Input
08-06 17:48:19.119 15383 15383 I Input   : injectKeyEvent: KeyEvent { action=ACTION_DOWN, keyCode=KEYCODE_BACK, scanCode=0, metaState=0, flags=0x0, repeatCount=0, eventTime=899315532, downTime=899315532, deviceId=-1, source=0x101 }
08-06 17:48:19.126 15383 15383 I Input   : injectKeyEvent: KeyEvent { action=ACTION_UP, keyCode=KEYCODE_BACK, scanCode=0, metaState=0, flags=0x0, repeatCount=0, eventTime=899315532, downTime=899315532, deviceId=-1, source=0x101 }
08-06 17:48:19.132 15383 15383 D AndroidRuntime: Shutting down VM
08-06 17:48:19.138 13665 13665 V PlaybackController: initServiceNotRunning()
08-06 17:48:19.138 13665 13665 D ExternalPlayerFragment: Loading media info
08-06 17:48:19.142 13665 13665 D UserPreferences: Using default data folder
08-06 17:48:19.142 13665 14222 D DBReader: getNavDrawerData() called with: 
08-06 17:48:19.145 13665 14222 D DBReader: getDownloadedItems() called
08-06 17:48:19.146 13665 14222 D DBReader: getFavoriteIDList() called
08-06 17:48:19.147 13665 14222 D DBReader: getQueueIDList() called
08-06 17:48:19.148 13665 14222 D DBReader: Extracting Feedlist
08-06 17:48:19.176 13665 13665 D MainActivity: getLastNavFragment() -> AddFeedFragment
08-06 17:48:19.178 13866 13866 I GoogleInputMethodServic: GoogleInputMethodService.onFinishInput():3138 
08-06 17:48:19.178 13866 13866 I GoogleInputMethodServic: GoogleInputMethodService.onStartInput():1808 
08-06 17:48:19.347 13665 13775 I art     : Starting a blocking GC Explicit
08-06 17:48:19.389 13665 13775 I art     : Explicit concurrent mark sweep GC freed 2349(146KB) AllocSpace objects, 1(20KB) LOS objects, 35% free, 28MB/44MB, paused 1.152ms total 41.678ms
08-06 17:48:19.404 13665 13775 I art     : Starting a blocking GC Explicit
08-06 17:48:19.441 13665 13775 I art     : Explicit concurrent mark sweep GC freed 444(23KB) AllocSpace objects, 0(0B) LOS objects, 35% free, 28MB/44MB, paused 1.037ms total 36.994ms
08-06 17:48:19.454 13665 13775 I art     : Starting a blocking GC Explicit
08-06 17:48:19.482   380   380 W SurfaceFlinger: couldn't log to binary event log: overflow.
08-06 17:48:19.489 13665 13775 I art     : Explicit concurrent mark sweep GC freed 423(18KB) AllocSpace objects, 0(0B) LOS objects, 35% free, 28MB/44MB, paused 1.694ms total 35.101ms
08-06 17:48:19.502 13665 13775 I art     : Starting a blocking GC Explicit
08-06 17:48:19.533 13665 13775 I art     : Explicit concurrent mark sweep GC freed 180(6KB) AllocSpace objects, 0(0B) LOS objects, 35% free, 28MB/44MB, paused 965us total 30.692ms
08-06 17:48:19.544 13665 13775 I art     : Starting a blocking GC Explicit
08-06 17:48:19.575 13665 13775 I art     : Explicit concurrent mark sweep GC freed 2417(150KB) AllocSpace objects, 1(28KB) LOS objects, 36% free, 28MB/44MB, paused 961us total 30.941ms
08-06 17:48:19.883 13665 13677 I art     : Starting a blocking GC Explicit
08-06 17:48:19.927 13665 13677 I art     : Explicit concurrent mark sweep GC freed 1368(80KB) AllocSpace objects, 1(20KB) LOS objects, 36% free, 28MB/44MB, paused 1.054ms total 43.273ms
08-06 17:48:19.941 13665 13677 I art     : Starting a blocking GC Explicit
08-06 17:48:19.975 13665 13677 I art     : Explicit concurrent mark sweep GC freed 23(752B) AllocSpace objects, 0(0B) LOS objects, 36% free, 28MB/44MB, paused 1ms total 34.366ms
08-06 17:48:19.988 13665 13677 I art     : Starting a blocking GC Explicit
08-06 17:48:20.022 13665 13677 I art     : Explicit concurrent mark sweep GC freed 3(96B) AllocSpace objects, 0(0B) LOS objects, 36% free, 28MB/44MB, paused 1ms total 33.831ms
08-06 17:48:20.034 13665 13677 I art     : Starting a blocking GC Explicit
08-06 17:48:20.069 13665 13677 I art     : Explicit concurrent mark sweep GC freed 3(96B) AllocSpace objects, 0(0B) LOS objects, 36% free, 28MB/44MB, paused 1.005ms total 34.631ms
08-06 17:48:20.081 13665 13677 I art     : Starting a blocking GC Explicit
08-06 17:48:20.115 13665 13677 I art     : Explicit concurrent mark sweep GC freed 3(96B) AllocSpace objects, 0(0B) LOS objects, 36% free, 28MB/44MB, paused 1.005ms total 33.873ms
08-06 17:48:20.421 13665 14111 I art     : Starting a blocking GC Explicit
08-06 17:48:20.455 13665 14111 I art     : Explicit concurrent mark sweep GC freed 1398(83KB) AllocSpace objects, 1(20KB) LOS objects, 36% free, 28MB/44MB, paused 1.021ms total 33.889ms
08-06 17:48:20.467 13665 14111 I art     : Starting a blocking GC Explicit
08-06 17:48:20.499 13665 14111 I art     : Explicit concurrent mark sweep GC freed 23(752B) AllocSpace objects, 0(0B) LOS objects, 36% free, 28MB/44MB, paused 1.033ms total 32.157ms
08-06 17:48:20.511 13665 14111 I art     : Starting a blocking GC Explicit
08-06 17:48:20.543 13665 14111 I art     : Explicit concurrent mark sweep GC freed 3(96B) AllocSpace objects, 0(0B) LOS objects, 36% free, 28MB/44MB, paused 1.008ms total 32.234ms
08-06 17:48:20.555 13665 14111 I art     : Starting a blocking GC Explicit
08-06 17:48:20.588 13665 14111 I art     : Explicit concurrent mark sweep GC freed 3(96B) AllocSpace objects, 0(0B) LOS objects, 36% free, 28MB/44MB, paused 1.061ms total 32.674ms
08-06 17:48:20.600 13665 14111 I art     : Starting a blocking GC Explicit
08-06 17:48:20.632 13665 14111 I art     : Explicit concurrent mark sweep GC freed 3(96B) AllocSpace objects, 0(0B) LOS objects, 36% free, 28MB/44MB, paused 997us total 32.077ms
08-06 17:48:20.914 15436 15436 D AndroidRuntime: >>>>>> START com.android.internal.os.RuntimeInit uid 2000 <<<<<<
08-06 17:48:20.919 15436 15436 D AndroidRuntime: CheckJNI is OFF
08-06 17:48:20.942 13665 13677 I art     : Starting a blocking GC Explicit
08-06 17:48:20.963 15436 15436 D ICU     : No timezone override file found: /data/misc/zoneinfo/current/icu/icu_tzdata.dat
08-06 17:48:20.976 13665 13677 I art     : Explicit concurrent mark sweep GC freed 1392(81KB) AllocSpace objects, 1(20KB) LOS objects, 36% free, 28MB/44MB, paused 1.123ms total 32.960ms
08-06 17:48:20.989 13665 13677 I art     : Starting a blocking GC Explicit
08-06 17:48:21.006 15436 15436 I Radio-JNI: register_android_hardware_Radio DONE
08-06 17:48:21.020 13665 13677 I art     : Explicit concurrent mark sweep GC freed 28(912B) AllocSpace objects, 0(0B) LOS objects, 36% free, 28MB/44MB, paused 1.115ms total 31.327ms
08-06 17:48:21.031 13665 13677 I art     : Starting a blocking GC Explicit
08-06 17:48:21.036 15436 15436 D AndroidRuntime: Calling main entry com.android.commands.input.Input
08-06 17:48:21.038 15436 15436 I Input   : injectKeyEvent: KeyEvent { action=ACTION_DOWN, keyCode=KEYCODE_BACK, scanCode=0, metaState=0, flags=0x0, repeatCount=0, eventTime=899317451, downTime=899317451, deviceId=-1, source=0x101 }
08-06 17:48:21.044 15436 15436 I Input   : injectKeyEvent: KeyEvent { action=ACTION_UP, keyCode=KEYCODE_BACK, scanCode=0, metaState=0, flags=0x0, repeatCount=0, eventTime=899317451, downTime=899317451, deviceId=-1, source=0x101 }
08-06 17:48:21.061 13866 13866 I GoogleInputMethodServic: GoogleInputMethodService.onFinishInput():3138 
08-06 17:48:21.061 13866 13866 I GoogleInputMethodServic: GoogleInputMethodService.onStartInput():1808 
08-06 17:48:21.063 13665 13677 I art     : Explicit concurrent mark sweep GC freed 565(23KB) AllocSpace objects, 0(0B) LOS objects, 36% free, 28MB/44MB, paused 1.463ms total 31.082ms
08-06 17:48:21.069 15436 15436 D AndroidRuntime: Shutting down VM
08-06 17:48:21.073 13665 13677 I art     : Starting a blocking GC Explicit
08-06 17:48:21.107 13665 13677 I art     : Explicit concurrent mark sweep GC freed 613(24KB) AllocSpace objects, 0(0B) LOS objects, 36% free, 28MB/44MB, paused 1ms total 33.122ms
08-06 17:48:21.118 13665 13677 I art     : Starting a blocking GC Explicit
08-06 17:48:21.150 13665 13677 I art     : Explicit concurrent mark sweep GC freed 2629(176KB) AllocSpace objects, 9(1540KB) LOS objects, 37% free, 26MB/42MB, paused 1.011ms total 32.296ms
08-06 17:48:21.382  9385  9385 I ServiceManager: Waiting for service AtCmdFwd...
08-06 17:48:21.438 13665 13678 I art     : Starting a blocking GC Explicit
08-06 17:48:21.473 13665 13678 I art     : Explicit concurrent mark sweep GC freed 1442(83KB) AllocSpace objects, 1(20KB) LOS objects, 37% free, 26MB/42MB, paused 999us total 33.920ms
08-06 17:48:21.485 13665 13678 I art     : Starting a blocking GC Explicit
08-06 17:48:21.518 13665 13678 I art     : Explicit concurrent mark sweep GC freed 23(752B) AllocSpace objects, 0(0B) LOS objects, 37% free, 26MB/42MB, paused 1.057ms total 33.046ms
08-06 17:48:21.530 13665 13678 I art     : Starting a blocking GC Explicit
08-06 17:48:21.563 13665 13678 I art     : Explicit concurrent mark sweep GC freed 3(96B) AllocSpace objects, 0(0B) LOS objects, 37% free, 26MB/42MB, paused 986us total 32.745ms
08-06 17:48:21.575 13665 13678 I art     : Starting a blocking GC Explicit
08-06 17:48:21.608 13665 13678 I art     : Explicit concurrent mark sweep GC freed 3(96B) AllocSpace objects, 0(0B) LOS objects, 37% free, 26MB/42MB, paused 1.044ms total 33.313ms
08-06 17:48:21.620 13665 13678 I art     : Starting a blocking GC Explicit
08-06 17:48:21.653 13665 13678 I art     : Explicit concurrent mark sweep GC freed 3(96B) AllocSpace objects, 0(0B) LOS objects, 37% free, 26MB/42MB, paused 1.002ms total 32.862ms
08-06 17:48:21.961 13665 13775 I art     : Starting a blocking GC Explicit
08-06 17:48:22.002 13665 13775 I art     : Explicit concurrent mark sweep GC freed 1367(81KB) AllocSpace objects, 1(20KB) LOS objects, 37% free, 26MB/42MB, paused 1.053ms total 40.196ms
08-06 17:48:22.015 13665 13775 I art     : Starting a blocking GC Explicit
08-06 17:48:22.048 13665 13775 I art     : Explicit concurrent mark sweep GC freed 23(752B) AllocSpace objects, 0(0B) LOS objects, 37% free, 26MB/42MB, paused 1.061ms total 33.155ms
08-06 17:48:22.060 13665 13775 I art     : Starting a blocking GC Explicit
08-06 17:48:22.094 13665 13775 I art     : Explicit concurrent mark sweep GC freed 3(96B) AllocSpace objects, 0(0B) LOS objects, 37% free, 26MB/42MB, paused 1.126ms total 33.232ms
08-06 17:48:22.105 13665 13775 I art     : Starting a blocking GC Explicit
08-06 17:48:22.139 13665 13775 I art     : Explicit concurrent mark sweep GC freed 3(96B) AllocSpace objects, 0(0B) LOS objects, 37% free, 26MB/42MB, paused 1.025ms total 33.208ms
08-06 17:48:22.151 13665 13775 I art     : Starting a blocking GC Explicit
08-06 17:48:22.184 13665 13775 I art     : Explicit concurrent mark sweep GC freed 3(96B) AllocSpace objects, 0(0B) LOS objects, 37% free, 26MB/42MB, paused 1.038ms total 32.909ms
08-06 17:48:22.382  9385  9385 I ServiceManager: Waiting for service AtCmdFwd...
08-06 17:48:22.480 13665 14111 I art     : Starting a blocking GC Explicit
08-06 17:48:22.517 13665 14111 I art     : Explicit concurrent mark sweep GC freed 1397(82KB) AllocSpace objects, 1(20KB) LOS objects, 37% free, 26MB/42MB, paused 1.052ms total 36.561ms
08-06 17:48:22.532 13665 14111 I art     : Starting a blocking GC Explicit
08-06 17:48:22.541   518   646 I ThermalEngine: ACTION: GPU - Setting GPU[0] to 390000000
08-06 17:48:22.579 13665 14111 I art     : Explicit concurrent mark sweep GC freed 23(752B) AllocSpace objects, 0(0B) LOS objects, 37% free, 26MB/42MB, paused 1.799ms total 45.806ms
08-06 17:48:22.596 13665 14111 I art     : Starting a blocking GC Explicit
08-06 17:48:22.638 13665 14111 I art     : Explicit concurrent mark sweep GC freed 3(96B) AllocSpace objects, 0(0B) LOS objects, 37% free, 26MB/42MB, paused 1.723ms total 41.406ms
08-06 17:48:22.655 13665 14111 I art     : Starting a blocking GC Explicit
08-06 17:48:22.698 13665 14111 I art     : Explicit concurrent mark sweep GC freed 4(128B) AllocSpace objects, 0(0B) LOS objects, 37% free, 26MB/42MB, paused 1.980ms total 42.358ms
08-06 17:48:22.721 13665 14111 I art     : Starting a blocking GC Explicit
08-06 17:48:22.765 13665 14111 I art     : Explicit concurrent mark sweep GC freed 11(352B) AllocSpace objects, 0(0B) LOS objects, 37% free, 26MB/42MB, paused 1.704ms total 43.228ms
08-06 17:48:22.967 15479 15479 D AndroidRuntime: >>>>>> START com.android.internal.os.RuntimeInit uid 2000 <<<<<<
08-06 17:48:22.973 15479 15479 D AndroidRuntime: CheckJNI is OFF
08-06 17:48:23.027 15479 15479 D ICU     : No timezone override file found: /data/misc/zoneinfo/current/icu/icu_tzdata.dat
08-06 17:48:23.073 15479 15479 I Radio-JNI: register_android_hardware_Radio DONE
08-06 17:48:23.100 13665 14111 I art     : Starting a blocking GC Explicit
08-06 17:48:23.106 15479 15479 D AndroidRuntime: Calling main entry com.android.commands.input.Input
08-06 17:48:23.109 15479 15479 I Input   : injectMotionEvent: MotionEvent { action=ACTION_DOWN, actionButton=0, id[0]=0, x[0]=567.0, y[0]=714.0, toolType[0]=TOOL_TYPE_UNKNOWN, buttonState=0, metaState=0, flags=0x0, edgeFlags=0x0, pointerCount=1, historySize=0, eventTime=899319521, downTime=899319521, deviceId=0, source=0x1002 }
08-06 17:48:23.115 15479 15479 I Input   : injectMotionEvent: MotionEvent { action=ACTION_UP, actionButton=0, id[0]=0, x[0]=567.0, y[0]=714.0, toolType[0]=TOOL_TYPE_UNKNOWN, buttonState=0, metaState=0, flags=0x0, edgeFlags=0x0, pointerCount=1, historySize=0, eventTime=899319521, downTime=899319521, deviceId=0, source=0x1002 }
08-06 17:48:23.119 15479 15479 D AndroidRuntime: Shutting down VM
08-06 17:48:23.129   512  2967 D audio_hw_primary: out_set_parameters: enter: usecase(1: low-latency-playback) kvpairs: routing=2
08-06 17:48:23.142   512  2967 D audio_hw_primary: select_devices: out_snd_device(2: speaker) in_snd_device(0: none)
08-06 17:48:23.142   512  2967 D msm8974_platform: platform_send_audio_calibration: sending audio calibration for snd_device(2) acdb_id(15)
08-06 17:48:23.142   512  2967 I soundtrigger: audio_extn_sound_trigger_update_device_status: device 0x2 of type 0 for Event 1
08-06 17:48:23.148 13665 14111 I art     : Explicit concurrent mark sweep GC freed 1998(108KB) AllocSpace objects, 1(20KB) LOS objects, 37% free, 26MB/42MB, paused 2.151ms total 47.525ms
08-06 17:48:23.154   512  2967 D audio_hw_primary: enable_snd_device: snd_device(2: speaker)
08-06 17:48:23.156   512  2967 D audio_hw_primary: enable_audio_route: apply and update mixer path: low-latency-playback speaker
08-06 17:48:23.165 13665 14111 I art     : Starting a blocking GC Explicit
08-06 17:48:23.206 13665 14111 I art     : Explicit concurrent mark sweep GC freed 1667(64KB) AllocSpace objects, 0(0B) LOS objects, 37% free, 27MB/43MB, paused 1.794ms total 40.655ms
08-06 17:48:23.222 13665 14111 I art     : Starting a blocking GC Explicit
08-06 17:48:23.267 13665 14111 I art     : Explicit concurrent mark sweep GC freed 1664(84KB) AllocSpace objects, 1(220KB) LOS objects, 37% free, 26MB/42MB, paused 1.931ms total 44.650ms
08-06 17:48:23.285 13665 14111 I art     : Starting a blocking GC Explicit
08-06 17:48:23.331 13665 14111 I art     : Explicit concurrent mark sweep GC freed 97(5KB) AllocSpace objects, 0(0B) LOS objects, 37% free, 26MB/42MB, paused 1.817ms total 45.630ms
08-06 17:48:23.349 13665 14111 I art     : Starting a blocking GC Explicit
08-06 17:48:23.383  9385  9385 I ServiceManager: Waiting for service AtCmdFwd...
08-06 17:48:23.399 13665 14111 I art     : Explicit concurrent mark sweep GC freed 2773(117KB) AllocSpace objects, 0(0B) LOS objects, 37% free, 26MB/42MB, paused 2.107ms total 49.585ms
08-06 17:48:23.557 13665 13691 I NAPPA_EXPERIMENTATION: MetricNetworkRequestExecutionTime: REQUEST_DURATION_SYSTEM='408',REQUEST_DURATION_OKHTTP='155',REQUEST_SYNCHRONOUS='TRUE',RESPONSE_CODE='400',RESPONSE_METHOD='GET',RESPONSE_LENGTH_OKHTTP='0',RESPONSE_LENGTH_HEADER='0',REQUEST_PROTOCOL='h2',REQUEST_URL='https://itunes.apple.com/en/rss/toppodcasts/limit=25/explicit=true/json',
08-06 17:48:23.699   512  2967 D audio_hw_primary: disable_audio_route: reset and update mixer path: low-latency-playback speaker
08-06 17:48:23.700   512  2967 D audio_hw_primary: disable_snd_device: snd_device(2: speaker)
08-06 17:48:23.703 13665 13691 I NAPPA_EXPERIMENTATION: MetricNetworkRequestExecutionTime: REQUEST_DURATION_SYSTEM='143',REQUEST_DURATION_OKHTTP='142',REQUEST_SYNCHRONOUS='TRUE',RESPONSE_CODE='200',RESPONSE_METHOD='GET',RESPONSE_LENGTH_OKHTTP='-1',RESPONSE_LENGTH_HEADER='10075',REQUEST_PROTOCOL='h2',REQUEST_URL='https://itunes.apple.com/us/rss/toppodcasts/limit=25/explicit=true/json',
08-06 17:48:23.710   512  2967 I soundtrigger: audio_extn_sound_trigger_update_device_status: device 0x2 of type 0 for Event 0
08-06 17:48:23.719 13665 13775 I art     : Starting a blocking GC Explicit
08-06 17:48:23.764 13665 14420 D ApOkHttpUrlLoader: buildLoadData() called with: model = [https://is4-ssl.mzstatic.com/image/thumb/Podcasts114/v4/3f/16/74/3f167426-bf50-ce3a-d709-e4301620fc5b/mza_5832671293059882550.jpeg/170x170bb.png], width = [224], height = [224]
08-06 17:48:23.765 13665 13775 I art     : Explicit concurrent mark sweep GC freed 5524(348KB) AllocSpace objects, 4(272KB) LOS objects, 36% free, 27MB/43MB, paused 2.173ms total 45.690ms
08-06 17:48:23.766 13665 14426 D DBReader: getImageAuthentication() called with: imageUrl = [https://is4-ssl.mzstatic.com/image/thumb/Podcasts114/v4/3f/16/74/3f167426-bf50-ce3a-d709-e4301620fc5b/mza_5832671293059882550.jpeg/170x170bb.png]
08-06 17:48:23.767 13665 14426 D ApOkHttpUrlLoader: no credentials for 'https://is4-ssl.mzstatic.com/image/thumb/Podcasts114/v4/3f/16/74/3f167426-bf50-ce3a-d709-e4301620fc5b/mza_5832671293059882550.jpeg/170x170bb.png'
08-06 17:48:23.775 13665 14418 D ApOkHttpUrlLoader: buildLoadData() called with: model = [https://is4-ssl.mzstatic.com/image/thumb/Podcasts113/v4/e5/8a/10/e58a108f-f5d0-f622-c94a-13f66edd570c/mza_3025981348644196724.jpg/170x170bb.png], width = [224], height = [224]
08-06 17:48:23.777 13665 14417 D DBReader: getImageAuthentication() called with: imageUrl = [https://is4-ssl.mzstatic.com/image/thumb/Podcasts113/v4/e5/8a/10/e58a108f-f5d0-f622-c94a-13f66edd570c/mza_3025981348644196724.jpg/170x170bb.png]
08-06 17:48:23.778 13665 14417 D ApOkHttpUrlLoader: no credentials for 'https://is4-ssl.mzstatic.com/image/thumb/Podcasts113/v4/e5/8a/10/e58a108f-f5d0-f622-c94a-13f66edd570c/mza_3025981348644196724.jpg/170x170bb.png'
08-06 17:48:23.781 13665 14422 D ApOkHttpUrlLoader: buildLoadData() called with: model = [https://is2-ssl.mzstatic.com/image/thumb/Podcasts113/v4/a9/39/cc/a939ccc5-6d60-0c11-0a4c-16d71cdef89b/mza_8787577209688278658.jpg/170x170bb.png], width = [224], height = [224]
08-06 17:48:23.782 13665 13775 I art     : Starting a blocking GC Explicit
08-06 17:48:23.783 13665 14419 D DBReader: getImageAuthentication() called with: imageUrl = [https://is2-ssl.mzstatic.com/image/thumb/Podcasts113/v4/a9/39/cc/a939ccc5-6d60-0c11-0a4c-16d71cdef89b/mza_8787577209688278658.jpg/170x170bb.png]
08-06 17:48:23.784 13665 14419 D ApOkHttpUrlLoader: no credentials for 'https://is2-ssl.mzstatic.com/image/thumb/Podcasts113/v4/a9/39/cc/a939ccc5-6d60-0c11-0a4c-16d71cdef89b/mza_8787577209688278658.jpg/170x170bb.png'
08-06 17:48:23.791 13665 14416 D ApOkHttpUrlLoader: buildLoadData() called with: model = [https://is5-ssl.mzstatic.com/image/thumb/Podcasts114/v4/93/cf/99/93cf9960-fff3-205e-6655-72c03ddeccb2/mza_10545582232493904175.jpeg/170x170bb.png], width = [224], height = [224]
08-06 17:48:23.793 13665 14425 D DBReader: getImageAuthentication() called with: imageUrl = [https://is5-ssl.mzstatic.com/image/thumb/Podcasts114/v4/93/cf/99/93cf9960-fff3-205e-6655-72c03ddeccb2/mza_10545582232493904175.jpeg/170x170bb.png]
08-06 17:48:23.794 13665 14425 D ApOkHttpUrlLoader: no credentials for 'https://is5-ssl.mzstatic.com/image/thumb/Podcasts114/v4/93/cf/99/93cf9960-fff3-205e-6655-72c03ddeccb2/mza_10545582232493904175.jpeg/170x170bb.png'
08-06 17:48:23.799 13665 14420 D ApOkHttpUrlLoader: buildLoadData() called with: model = [https://is4-ssl.mzstatic.com/image/thumb/Podcasts124/v4/49/a4/91/49a491b7-3daf-c5dc-d7c6-6c4f1486955c/mza_5930014091766152297.png/170x170bb.png], width = [224], height = [224]
08-06 17:48:23.801 13665 14424 D DBReader: getImageAuthentication() called with: imageUrl = [https://is4-ssl.mzstatic.com/image/thumb/Podcasts124/v4/49/a4/91/49a491b7-3daf-c5dc-d7c6-6c4f1486955c/mza_5930014091766152297.png/170x170bb.png]
08-06 17:48:23.803 13665 14424 D ApOkHttpUrlLoader: no credentials for 'https://is4-ssl.mzstatic.com/image/thumb/Podcasts124/v4/49/a4/91/49a491b7-3daf-c5dc-d7c6-6c4f1486955c/mza_5930014091766152297.png/170x170bb.png'
08-06 17:48:23.805 13665 14418 D ApOkHttpUrlLoader: buildLoadData() called with: model = [https://is5-ssl.mzstatic.com/image/thumb/Podcasts113/v4/fd/54/6e/fd546ea0-7ab2-e3f0-6049-884d82917af9/mza_4855349695799758348.jpeg/170x170bb.png], width = [224], height = [224]
08-06 17:48:23.806 13665 14421 D DBReader: getImageAuthentication() called with: imageUrl = [https://is5-ssl.mzstatic.com/image/thumb/Podcasts113/v4/fd/54/6e/fd546ea0-7ab2-e3f0-6049-884d82917af9/mza_4855349695799758348.jpeg/170x170bb.png]
08-06 17:48:23.807 13665 14421 D ApOkHttpUrlLoader: no credentials for 'https://is5-ssl.mzstatic.com/image/thumb/Podcasts113/v4/fd/54/6e/fd546ea0-7ab2-e3f0-6049-884d82917af9/mza_4855349695799758348.jpeg/170x170bb.png'
08-06 17:48:23.820 13665 14422 D ApOkHttpUrlLoader: buildLoadData() called with: model = [https://is2-ssl.mzstatic.com/image/thumb/Podcasts114/v4/b3/4c/cf/b34ccfc2-cea4-1ca1-0fad-7793af301cc5/mza_2466085192629456364.jpg/170x170bb.png], width = [224], height = [224]
08-06 17:48:23.826 13665 13775 I art     : Explicit concurrent mark sweep GC freed 8176(440KB) AllocSpace objects, 1(100KB) LOS objects, 37% free, 27MB/43MB, paused 2.724ms total 43.637ms
08-06 17:48:23.828 13665 14423 D DBReader: getImageAuthentication() called with: imageUrl = [https://is2-ssl.mzstatic.com/image/thumb/Podcasts114/v4/b3/4c/cf/b34ccfc2-cea4-1ca1-0fad-7793af301cc5/mza_2466085192629456364.jpg/170x170bb.png]
08-06 17:48:23.830 13665 14423 D ApOkHttpUrlLoader: no credentials for 'https://is2-ssl.mzstatic.com/image/thumb/Podcasts114/v4/b3/4c/cf/b34ccfc2-cea4-1ca1-0fad-7793af301cc5/mza_2466085192629456364.jpg/170x170bb.png'
08-06 17:48:23.843 13665 13775 I art     : Starting a blocking GC Explicit
08-06 17:48:23.885 13665 13775 I art     : Explicit concurrent mark sweep GC freed 686(46KB) AllocSpace objects, 0(0B) LOS objects, 37% free, 26MB/42MB, paused 2.034ms total 42.144ms
08-06 17:48:23.903 13665 13775 I art     : Starting a blocking GC Explicit
08-06 17:48:23.952 13665 13775 I art     : Explicit concurrent mark sweep GC freed 19489(827KB) AllocSpace objects, 0(0B) LOS objects, 37% free, 27MB/43MB, paused 2.828ms total 48.728ms
08-06 17:48:23.969 13665 13775 I art     : Starting a blocking GC Explicit
08-06 17:48:24.018 13665 13775 I art     : Explicit concurrent mark sweep GC freed 7500(344KB) AllocSpace objects, 0(0B) LOS objects, 37% free, 27MB/43MB, paused 2.210ms total 48.730ms
08-06 17:48:24.148 13665 14426 D MYTAG   : interceptor 2a
08-06 17:48:24.149 13665 14426 I NAPPA_EXPERIMENTATION: MetricNetworkRequestExecutionTime: REQUEST_DURATION_SYSTEM='381',REQUEST_DURATION_OKHTTP='172',REQUEST_SYNCHRONOUS='TRUE',RESPONSE_CODE='200',RESPONSE_METHOD='GET',RESPONSE_LENGTH_OKHTTP='26177',RESPONSE_LENGTH_HEADER='26177',REQUEST_PROTOCOL='h2',REQUEST_URL='https://is4-ssl.mzstatic.com/image/thumb/Podcasts114/v4/3f/16/74/3f167426-bf50-ce3a-d709-e4301620fc5b/mza_5832671293059882550.jpeg/170x170bb.png',
08-06 17:48:24.236 13665 14419 D MYTAG   : interceptor 2a
08-06 17:48:24.236 13665 14419 I NAPPA_EXPERIMENTATION: MetricNetworkRequestExecutionTime: REQUEST_DURATION_SYSTEM='452',REQUEST_DURATION_OKHTTP='262',REQUEST_SYNCHRONOUS='TRUE',RESPONSE_CODE='200',RESPONSE_METHOD='GET',RESPONSE_LENGTH_OKHTTP='48239',RESPONSE_LENGTH_HEADER='48239',REQUEST_PROTOCOL='h2',REQUEST_URL='https://is2-ssl.mzstatic.com/image/thumb/Podcasts113/v4/a9/39/cc/a939ccc5-6d60-0c11-0a4c-16d71cdef89b/mza_8787577209688278658.jpg/170x170bb.png',
08-06 17:48:24.249 13665 14417 D MYTAG   : interceptor 2a
08-06 17:48:24.250 13665 14417 I NAPPA_EXPERIMENTATION: MetricNetworkRequestExecutionTime: REQUEST_DURATION_SYSTEM='471',REQUEST_DURATION_OKHTTP='258',REQUEST_SYNCHRONOUS='TRUE',RESPONSE_CODE='200',RESPONSE_METHOD='GET',RESPONSE_LENGTH_OKHTTP='45995',RESPONSE_LENGTH_HEADER='45995',REQUEST_PROTOCOL='h2',REQUEST_URL='https://is4-ssl.mzstatic.com/image/thumb/Podcasts113/v4/e5/8a/10/e58a108f-f5d0-f622-c94a-13f66edd570c/mza_3025981348644196724.jpg/170x170bb.png',
08-06 17:48:24.270 13665 14421 D MYTAG   : interceptor 2a
08-06 17:48:24.271 13665 14421 I NAPPA_EXPERIMENTATION: MetricNetworkRequestExecutionTime: REQUEST_DURATION_SYSTEM='463',REQUEST_DURATION_OKHTTP='290',REQUEST_SYNCHRONOUS='TRUE',RESPONSE_CODE='200',RESPONSE_METHOD='GET',RESPONSE_LENGTH_OKHTTP='54835',RESPONSE_LENGTH_HEADER='54835',REQUEST_PROTOCOL='h2',REQUEST_URL='https://is5-ssl.mzstatic.com/image/thumb/Podcasts113/v4/fd/54/6e/fd546ea0-7ab2-e3f0-6049-884d82917af9/mza_4855349695799758348.jpeg/170x170bb.png',
08-06 17:48:24.281 13665 14425 D MYTAG   : interceptor 2a
08-06 17:48:24.281 13665 14425 I NAPPA_EXPERIMENTATION: MetricNetworkRequestExecutionTime: REQUEST_DURATION_SYSTEM='487',REQUEST_DURATION_OKHTTP='304',REQUEST_SYNCHRONOUS='TRUE',RESPONSE_CODE='200',RESPONSE_METHOD='GET',RESPONSE_LENGTH_OKHTTP='22351',RESPONSE_LENGTH_HEADER='22351',REQUEST_PROTOCOL='h2',REQUEST_URL='https://is5-ssl.mzstatic.com/image/thumb/Podcasts114/v4/93/cf/99/93cf9960-fff3-205e-6655-72c03ddeccb2/mza_10545582232493904175.jpeg/170x170bb.png',
08-06 17:48:24.282 13665 14423 D MYTAG   : interceptor 2a
08-06 17:48:24.283 13665 14423 I NAPPA_EXPERIMENTATION: MetricNetworkRequestExecutionTime: REQUEST_DURATION_SYSTEM='452',REQUEST_DURATION_OKHTTP='291',REQUEST_SYNCHRONOUS='TRUE',RESPONSE_CODE='200',RESPONSE_METHOD='GET',RESPONSE_LENGTH_OKHTTP='42299',RESPONSE_LENGTH_HEADER='42299',REQUEST_PROTOCOL='h2',REQUEST_URL='https://is2-ssl.mzstatic.com/image/thumb/Podcasts114/v4/b3/4c/cf/b34ccfc2-cea4-1ca1-0fad-7793af301cc5/mza_2466085192629456364.jpg/170x170bb.png',
08-06 17:48:24.292 13665 14424 D MYTAG   : interceptor 2a
08-06 17:48:24.292 13665 14424 I NAPPA_EXPERIMENTATION: MetricNetworkRequestExecutionTime: REQUEST_DURATION_SYSTEM='489',REQUEST_DURATION_OKHTTP='293',REQUEST_SYNCHRONOUS='TRUE',RESPONSE_CODE='200',RESPONSE_METHOD='GET',RESPONSE_LENGTH_OKHTTP='12000',RESPONSE_LENGTH_HEADER='12000',REQUEST_PROTOCOL='h2',REQUEST_URL='https://is4-ssl.mzstatic.com/image/thumb/Podcasts124/v4/49/a4/91/49a491b7-3daf-c5dc-d7c6-6c4f1486955c/mza_5930014091766152297.png/170x170bb.png',
08-06 17:48:24.339 13665 13677 I art     : Starting a blocking GC Explicit
08-06 17:48:24.381 13665 13677 I art     : Explicit concurrent mark sweep GC freed 5731(462KB) AllocSpace objects, 1(20KB) LOS objects, 36% free, 28MB/44MB, paused 1.613ms total 42.073ms
08-06 17:48:24.384  9385  9385 I ServiceManager: Waiting for service AtCmdFwd...
08-06 17:48:24.398 13665 13677 I art     : Starting a blocking GC Explicit
08-06 17:48:24.441 13665 13677 I art     : Explicit concurrent mark sweep GC freed 596(21KB) AllocSpace objects, 0(0B) LOS objects, 36% free, 28MB/44MB, paused 1.764ms total 43.168ms
08-06 17:48:24.459 13665 13677 I art     : Starting a blocking GC Explicit
08-06 17:48:24.503 13665 13677 I art     : Explicit concurrent mark sweep GC freed 3(96B) AllocSpace objects, 0(0B) LOS objects, 36% free, 28MB/44MB, paused 1.698ms total 43.902ms
08-06 17:48:24.520 13665 13677 I art     : Starting a blocking GC Explicit
08-06 17:48:24.565 13665 13677 I art     : Explicit concurrent mark sweep GC freed 3(96B) AllocSpace objects, 0(0B) LOS objects, 36% free, 28MB/44MB, paused 1.872ms total 43.707ms
08-06 17:48:24.582 13665 13677 I art     : Starting a blocking GC Explicit
08-06 17:48:24.627 13665 13677 I art     : Explicit concurrent mark sweep GC freed 3(96B) AllocSpace objects, 0(0B) LOS objects, 36% free, 28MB/44MB, paused 1.650ms total 44.520ms
08-06 17:48:24.985 13665 14111 I art     : Starting a blocking GC Explicit
08-06 17:48:25.039 13665 14111 I art     : Explicit concurrent mark sweep GC freed 1367(80KB) AllocSpace objects, 1(20KB) LOS objects, 36% free, 28MB/44MB, paused 2.063ms total 53.066ms
08-06 17:48:25.062 13665 14111 I art     : Starting a blocking GC Explicit
08-06 17:48:25.115 13665 14111 I art     : Explicit concurrent mark sweep GC freed 23(752B) AllocSpace objects, 0(0B) LOS objects, 36% free, 28MB/44MB, paused 1.905ms total 52.467ms
08-06 17:48:25.137 13665 14111 I art     : Starting a blocking GC Explicit
08-06 17:48:25.181 13665 14111 I art     : Explicit concurrent mark sweep GC freed 3(96B) AllocSpace objects, 0(0B) LOS objects, 36% free, 28MB/44MB, paused 1.731ms total 43.934ms
08-06 17:48:25.199 13665 14111 I art     : Starting a blocking GC Explicit
08-06 17:48:25.243 13665 14111 I art     : Explicit concurrent mark sweep GC freed 3(96B) AllocSpace objects, 0(0B) LOS objects, 36% free, 28MB/44MB, paused 1.637ms total 43.989ms
08-06 17:48:25.261 13665 14111 I art     : Starting a blocking GC Explicit
08-06 17:48:25.305 13665 14111 I art     : Explicit concurrent mark sweep GC freed 32(880B) AllocSpace objects, 0(0B) LOS objects, 36% free, 28MB/44MB, paused 1.623ms total 43.610ms
08-06 17:48:25.385  9385  9385 I ServiceManager: Waiting for service AtCmdFwd...
08-06 17:48:25.663 13665 14111 I art     : Starting a blocking GC Explicit
08-06 17:48:25.706 13665 14111 I art     : Explicit concurrent mark sweep GC freed 1398(82KB) AllocSpace objects, 1(20KB) LOS objects, 36% free, 28MB/44MB, paused 1.608ms total 43.396ms
08-06 17:48:25.725 13665 14111 I art     : Starting a blocking GC Explicit
08-06 17:48:25.770 13665 14111 I art     : Explicit concurrent mark sweep GC freed 23(752B) AllocSpace objects, 0(0B) LOS objects, 36% free, 28MB/44MB, paused 1.788ms total 43.702ms
08-06 17:48:25.787 13665 14111 I art     : Starting a blocking GC Explicit
08-06 17:48:25.832 13665 14111 I art     : Explicit concurrent mark sweep GC freed 3(96B) AllocSpace objects, 0(0B) LOS objects, 36% free, 28MB/44MB, paused 1.726ms total 44.077ms
08-06 17:48:25.849 13665 14111 I art     : Starting a blocking GC Explicit
08-06 17:48:25.894 13665 14111 I art     : Explicit concurrent mark sweep GC freed 3(96B) AllocSpace objects, 0(0B) LOS objects, 36% free, 28MB/44MB, paused 1.645ms total 43.909ms
08-06 17:48:25.912 13665 14111 I art     : Starting a blocking GC Explicit
08-06 17:48:25.956 13665 14111 I art     : Explicit concurrent mark sweep GC freed 3(96B) AllocSpace objects, 0(0B) LOS objects, 36% free, 28MB/44MB, paused 1.775ms total 43.509ms
08-06 17:48:26.301 13665 13775 I art     : Starting a blocking GC Explicit
08-06 17:48:26.354 13665 13775 I art     : Explicit concurrent mark sweep GC freed 1398(83KB) AllocSpace objects, 1(20KB) LOS objects, 36% free, 28MB/44MB, paused 1.852ms total 52.384ms
08-06 17:48:26.376 13665 13775 I art     : Starting a blocking GC Explicit
08-06 17:48:26.385  9385  9385 W Atfwd_Sendcmd: AtCmdFwd service not published, waiting... retryCnt : 3
08-06 17:48:26.422 13665 13775 I art     : Explicit concurrent mark sweep GC freed 23(752B) AllocSpace objects, 0(0B) LOS objects, 36% free, 28MB/44MB, paused 1.953ms total 45.602ms
08-06 17:48:26.440 13665 13775 I art     : Starting a blocking GC Explicit
08-06 17:48:26.484 13665 13775 I art     : Explicit concurrent mark sweep GC freed 3(96B) AllocSpace objects, 0(0B) LOS objects, 36% free, 28MB/44MB, paused 1.740ms total 43.614ms
08-06 17:48:26.502 13665 13775 I art     : Starting a blocking GC Explicit
08-06 17:48:26.547 13665 13775 I art     : Explicit concurrent mark sweep GC freed 3(96B) AllocSpace objects, 0(0B) LOS objects, 36% free, 28MB/44MB, paused 1.703ms total 43.727ms
08-06 17:48:26.564 13665 13775 I art     : Starting a blocking GC Explicit
08-06 17:48:26.609 13665 13775 I art     : Explicit concurrent mark sweep GC freed 3(96B) AllocSpace objects, 0(0B) LOS objects, 36% free, 28MB/44MB, paused 1.820ms total 43.909ms
08-06 17:48:26.956 13665 13677 I art     : Starting a blocking GC Explicit
08-06 17:48:27.012 13665 13677 I art     : Explicit concurrent mark sweep GC freed 1368(81KB) AllocSpace objects, 1(20KB) LOS objects, 36% free, 28MB/44MB, paused 2.172ms total 55.009ms
08-06 17:48:27.030 13665 13677 I art     : Starting a blocking GC Explicit
08-06 17:48:27.074 13665 13677 I art     : Explicit concurrent mark sweep GC freed 23(752B) AllocSpace objects, 0(0B) LOS objects, 36% free, 28MB/44MB, paused 1.630ms total 43.414ms
08-06 17:48:27.092 13665 13677 I art     : Starting a blocking GC Explicit
08-06 17:48:27.136 13665 13677 I art     : Explicit concurrent mark sweep GC freed 3(96B) AllocSpace objects, 0(0B) LOS objects, 36% free, 28MB/44MB, paused 1.614ms total 44.118ms
08-06 17:48:27.154 13665 13677 I art     : Starting a blocking GC Explicit
08-06 17:48:27.199 13665 13677 I art     : Explicit concurrent mark sweep GC freed 3(96B) AllocSpace objects, 0(0B) LOS objects, 36% free, 28MB/44MB, paused 2.043ms total 44.449ms
08-06 17:48:27.221 13665 13677 I art     : Starting a blocking GC Explicit
08-06 17:48:27.268 13665 13677 I art     : Explicit concurrent mark sweep GC freed 3(96B) AllocSpace objects, 0(0B) LOS objects, 36% free, 28MB/44MB, paused 1.994ms total 46.791ms
08-06 17:48:27.548   518   646 I ThermalEngine: ACTION: GPU - Setting GPU[0] to 450000000
08-06 17:48:27.612 13665 13678 I art     : Starting a blocking GC Explicit
08-06 17:48:27.660 13665 13678 I art     : Explicit concurrent mark sweep GC freed 1398(83KB) AllocSpace objects, 1(20KB) LOS objects, 36% free, 28MB/44MB, paused 1.393ms total 47.359ms
08-06 17:48:27.677 13665 13678 I art     : Starting a blocking GC Explicit
08-06 17:48:27.712 13665 13678 I art     : Explicit concurrent mark sweep GC freed 23(752B) AllocSpace objects, 0(0B) LOS objects, 36% free, 28MB/44MB, paused 1.162ms total 34.662ms
08-06 17:48:27.724 13665 13678 I art     : Starting a blocking GC Explicit
08-06 17:48:27.761 13665 13678 I art     : Explicit concurrent mark sweep GC freed 3(96B) AllocSpace objects, 0(0B) LOS objects, 36% free, 28MB/44MB, paused 1.186ms total 37.196ms
08-06 17:48:27.773 13665 13678 I art     : Starting a blocking GC Explicit
08-06 17:48:27.811 13665 13678 I art     : Explicit concurrent mark sweep GC freed 3(96B) AllocSpace objects, 0(0B) LOS objects, 36% free, 28MB/44MB, paused 1.140ms total 37.198ms
08-06 17:48:27.823 13665 13678 I art     : Starting a blocking GC Explicit
08-06 17:48:27.860 13665 13678 I art     : Explicit concurrent mark sweep GC freed 3(96B) AllocSpace objects, 0(0B) LOS objects, 36% free, 28MB/44MB, paused 1.160ms total 37.230ms
08-06 17:48:28.208 13665 14111 I art     : Starting a blocking GC Explicit
08-06 17:48:28.253 13665 14111 I art     : Explicit concurrent mark sweep GC freed 1368(81KB) AllocSpace objects, 1(20KB) LOS objects, 36% free, 28MB/44MB, paused 1.232ms total 44.811ms
08-06 17:48:28.268 13665 14111 I art     : Starting a blocking GC Explicit
08-06 17:48:28.308 13665 14111 I art     : Explicit concurrent mark sweep GC freed 52(1536B) AllocSpace objects, 0(0B) LOS objects, 36% free, 28MB/44MB, paused 1.255ms total 39.631ms
08-06 17:48:28.320 13665 14111 I art     : Starting a blocking GC Explicit
08-06 17:48:28.357 13665 14111 I art     : Explicit concurrent mark sweep GC freed 3(96B) AllocSpace objects, 0(0B) LOS objects, 36% free, 28MB/44MB, paused 1.199ms total 36.481ms
08-06 17:48:28.369 13665 14111 I art     : Starting a blocking GC Explicit
08-06 17:48:28.407 13665 14111 I art     : Explicit concurrent mark sweep GC freed 3(96B) AllocSpace objects, 0(0B) LOS objects, 36% free, 28MB/44MB, paused 1.136ms total 36.976ms
08-06 17:48:28.419 13665 14111 I art     : Starting a blocking GC Explicit
08-06 17:48:28.456 13665 14111 I art     : Explicit concurrent mark sweep GC freed 3(96B) AllocSpace objects, 0(0B) LOS objects, 36% free, 28MB/44MB, paused 1.139ms total 36.355ms
08-06 17:48:28.777 13665 13775 I art     : Starting a blocking GC Explicit
08-06 17:48:28.822 13665 13775 I art     : Explicit concurrent mark sweep GC freed 1367(80KB) AllocSpace objects, 1(20KB) LOS objects, 36% free, 28MB/44MB, paused 1.207ms total 44.179ms
08-06 17:48:28.835 13665 13775 I art     : Starting a blocking GC Explicit
08-06 17:48:28.873 13665 13775 I art     : Explicit concurrent mark sweep GC freed 23(752B) AllocSpace objects, 0(0B) LOS objects, 36% free, 28MB/44MB, paused 1.106ms total 37.597ms
08-06 17:48:28.885 13665 13775 I art     : Starting a blocking GC Explicit
08-06 17:48:28.923 13665 13775 I art     : Explicit concurrent mark sweep GC freed 3(96B) AllocSpace objects, 0(0B) LOS objects, 36% free, 28MB/44MB, paused 1.190ms total 37.824ms
08-06 17:48:28.936 13665 13775 I art     : Starting a blocking GC Explicit
08-06 17:48:28.973 13665 13775 I art     : Explicit concurrent mark sweep GC freed 3(96B) AllocSpace objects, 0(0B) LOS objects, 36% free, 28MB/44MB, paused 1.190ms total 36.583ms
08-06 17:48:28.985 13665 13775 I art     : Starting a blocking GC Explicit
08-06 17:48:29.022 13665 13775 I art     : Explicit concurrent mark sweep GC freed 3(96B) AllocSpace objects, 0(0B) LOS objects, 36% free, 28MB/44MB, paused 1.188ms total 37.402ms
08-06 17:48:29.353 13665 13677 I art     : Starting a blocking GC Explicit
08-06 17:48:29.397 13665 13677 I art     : Explicit concurrent mark sweep GC freed 1396(81KB) AllocSpace objects, 1(20KB) LOS objects, 36% free, 28MB/44MB, paused 1.178ms total 43.408ms
08-06 17:48:29.409 13665 13677 I art     : Starting a blocking GC Explicit
08-06 17:48:29.443 13665 13677 I art     : Explicit concurrent mark sweep GC freed 23(752B) AllocSpace objects, 0(0B) LOS objects, 36% free, 28MB/44MB, paused 1.202ms total 34.261ms
08-06 17:48:29.455 13665 13677 I art     : Starting a blocking GC Explicit
08-06 17:48:29.490 13665 13677 I art     : Explicit concurrent mark sweep GC freed 3(96B) AllocSpace objects, 0(0B) LOS objects, 36% free, 28MB/44MB, paused 1.222ms total 34.371ms
08-06 17:48:29.502 13665 13677 I art     : Starting a blocking GC Explicit
08-06 17:48:29.537 13665 13677 I art     : Explicit concurrent mark sweep GC freed 3(96B) AllocSpace objects, 0(0B) LOS objects, 36% free, 28MB/44MB, paused 1.186ms total 35.050ms
08-06 17:48:29.549 13665 13677 I art     : Starting a blocking GC Explicit
08-06 17:48:29.584 13665 13677 I art     : Explicit concurrent mark sweep GC freed 3(96B) AllocSpace objects, 0(0B) LOS objects, 36% free, 28MB/44MB, paused 1.145ms total 34.779ms
08-06 17:48:29.887 13665 13678 I art     : Starting a blocking GC Explicit
08-06 17:48:29.925 13665 13678 I art     : Explicit concurrent mark sweep GC freed 1367(80KB) AllocSpace objects, 1(20KB) LOS objects, 36% free, 28MB/44MB, paused 1.282ms total 37.778ms
08-06 17:48:29.927 15626 15626 D AndroidRuntime: >>>>>> START com.android.internal.os.RuntimeInit uid 2000 <<<<<<
08-06 17:48:29.935 15626 15626 D AndroidRuntime: CheckJNI is OFF
08-06 17:48:29.940 13665 13678 I art     : Starting a blocking GC Explicit
08-06 17:48:29.972 13665 13678 I art     : Explicit concurrent mark sweep GC freed 23(752B) AllocSpace objects, 0(0B) LOS objects, 36% free, 28MB/44MB, paused 1.177ms total 32.262ms
08-06 17:48:29.980 15626 15626 D ICU     : No timezone override file found: /data/misc/zoneinfo/current/icu/icu_tzdata.dat
08-06 17:48:29.985 13665 13678 I art     : Starting a blocking GC Explicit
08-06 17:48:30.020 13665 13678 I art     : Explicit concurrent mark sweep GC freed 3(96B) AllocSpace objects, 0(0B) LOS objects, 36% free, 28MB/44MB, paused 1.234ms total 34.808ms
08-06 17:48:30.026 15626 15626 I Radio-JNI: register_android_hardware_Radio DONE
08-06 17:48:30.031 13665 13678 I art     : Starting a blocking GC Explicit
08-06 17:48:30.057 15626 15626 D AndroidRuntime: Calling main entry com.android.commands.input.Input
08-06 17:48:30.059 15626 15626 I Input   : injectMotionEvent: MotionEvent { action=ACTION_DOWN, actionButton=0, id[0]=0, x[0]=616.0, y[0]=469.0, toolType[0]=TOOL_TYPE_UNKNOWN, buttonState=0, metaState=0, flags=0x0, edgeFlags=0x0, pointerCount=1, historySize=0, eventTime=899326471, downTime=899326471, deviceId=0, source=0x1002 }
08-06 17:48:30.065 15626 15626 I Input   : injectMotionEvent: MotionEvent { action=ACTION_UP, actionButton=0, id[0]=0, x[0]=616.0, y[0]=469.0, toolType[0]=TOOL_TYPE_UNKNOWN, buttonState=0, metaState=0, flags=0x0, edgeFlags=0x0, pointerCount=1, historySize=0, eventTime=899326471, downTime=899326471, deviceId=0, source=0x1002 }
08-06 17:48:30.066 13665 13678 I art     : Explicit concurrent mark sweep GC freed 3(96B) AllocSpace objects, 0(0B) LOS objects, 36% free, 28MB/44MB, paused 1.171ms total 34.473ms
08-06 17:48:30.069 15626 15626 D AndroidRuntime: Shutting down VM
08-06 17:48:30.078 13665 13678 I art     : Starting a blocking GC Explicit
08-06 17:48:30.112 13665 13678 I art     : Explicit concurrent mark sweep GC freed 24(768B) AllocSpace objects, 0(0B) LOS objects, 36% free, 28MB/44MB, paused 1.198ms total 33.417ms
08-06 17:48:30.135   512  2967 D audio_hw_primary: out_set_parameters: enter: usecase(1: low-latency-playback) kvpairs: routing=2
08-06 17:48:30.148   512  2967 D audio_hw_primary: select_devices: out_snd_device(2: speaker) in_snd_device(0: none)
08-06 17:48:30.148   512  2967 D msm8974_platform: platform_send_audio_calibration: sending audio calibration for snd_device(2) acdb_id(15)
08-06 17:48:30.149   512  2967 I soundtrigger: audio_extn_sound_trigger_update_device_status: device 0x2 of type 0 for Event 1
08-06 17:48:30.160   512  2967 D audio_hw_primary: enable_snd_device: snd_device(2: speaker)
08-06 17:48:30.162   512  2967 D audio_hw_primary: enable_audio_route: apply and update mixer path: low-latency-playback speaker
08-06 17:48:30.359 13665 13685 I NAPPA_EXPERIMENTATION: MetricNetworkRequestExecutionTime: REQUEST_DURATION_SYSTEM='224',REQUEST_DURATION_OKHTTP='223',REQUEST_SYNCHRONOUS='TRUE',RESPONSE_CODE='200',RESPONSE_METHOD='GET',RESPONSE_LENGTH_OKHTTP='-1',RESPONSE_LENGTH_HEADER='628',REQUEST_PROTOCOL='h2',REQUEST_URL='https://itunes.apple.com/lookup?id=1524080195',
08-06 17:48:30.378   918  6111 I ActivityManager: START u0 {cmp=baseline.de.danoeh.antennapod.debug/baseline.de.danoeh.antennapod.activity.OnlineFeedViewActivity (has extras)} from uid 10711 on display 0
08-06 17:48:30.400 13665 13677 I art     : Starting a blocking GC Explicit
08-06 17:48:30.403 13866 13866 I GoogleInputMethodServic: GoogleInputMethodService.onFinishInput():3138 
08-06 17:48:30.405 13866 13866 I GoogleInputMethodServic: GoogleInputMethodService.onStartInput():1808 
08-06 17:48:30.430 13665 13665 D UserPreferences: Using default data folder
08-06 17:48:30.432 13665 13665 D OnlineFeedViewActivity: Activity was started with url https://rss.art19.com/nice-white-parents
08-06 17:48:30.436 13665 13665 D OnlineFeedViewActivity: Starting feed download
08-06 17:48:30.439 13665 14222 D DBReader: Extracting Feedlist
08-06 17:48:30.440 13665 13677 I art     : Explicit concurrent mark sweep GC freed 2931(174KB) AllocSpace objects, 1(20KB) LOS objects, 36% free, 28MB/44MB, paused 1.577ms total 40.199ms
08-06 17:48:30.441   918  6111 D WifiService: acquireWifiLockLocked: WifiLock{Downloader type=1 binder=android.os.BinderProxy@4717b27}
08-06 17:48:30.442 13665 14222 D AntennapodHttpClient: Creating new instance of HTTP client
08-06 17:48:30.451 13665 13677 I art     : Starting a blocking GC Explicit
08-06 17:48:30.483 13665 13677 I art     : Explicit concurrent mark sweep GC freed 707(58KB) AllocSpace objects, 0(0B) LOS objects, 36% free, 28MB/44MB, paused 1.263ms total 32.107ms
08-06 17:48:30.494 13665 13677 I art     : Starting a blocking GC Explicit
08-06 17:48:30.502 13866 13866 I GoogleInputMethodServic: GoogleInputMethodService.onFinishInput():3138 
08-06 17:48:30.503 13866 13866 I GoogleInputMethodServic: GoogleInputMethodService.onStartInput():1808 
08-06 17:48:30.527 13665 13677 I art     : Explicit concurrent mark sweep GC freed 253(11KB) AllocSpace objects, 0(0B) LOS objects, 35% free, 28MB/44MB, paused 1.269ms total 32.936ms
08-06 17:48:30.528   918   936 I ActivityManager: Displayed baseline.de.danoeh.antennapod.debug/baseline.de.danoeh.antennapod.activity.OnlineFeedViewActivity: +123ms
08-06 17:48:30.540 13665 13677 I art     : Starting a blocking GC Explicit
08-06 17:48:30.579 13665 13677 I art     : Explicit concurrent mark sweep GC freed 3383(171KB) AllocSpace objects, 3(200KB) LOS objects, 35% free, 28MB/44MB, paused 1.768ms total 39.139ms
08-06 17:48:30.591 13665 13677 I art     : Starting a blocking GC Explicit
08-06 17:48:30.623 13665 13677 I art     : Explicit concurrent mark sweep GC freed 1986(155KB) AllocSpace objects, 0(0B) LOS objects, 35% free, 28MB/44MB, paused 1.182ms total 32.026ms
08-06 17:48:30.720   512  2967 D audio_hw_primary: disable_audio_route: reset and update mixer path: low-latency-playback speaker
08-06 17:48:30.723   512  2967 D audio_hw_primary: disable_snd_device: snd_device(2: speaker)
08-06 17:48:30.735 13665 14222 D MYTAG   : interceptor 3a https://rss.art19.com/nice-white-parents
08-06 17:48:30.736 13665 14222 I NAPPA_EXPERIMENTATION: MetricNetworkRequestExecutionTime: REQUEST_DURATION_SYSTEM='292',REQUEST_DURATION_OKHTTP='149',REQUEST_SYNCHRONOUS='TRUE',RESPONSE_CODE='200',RESPONSE_METHOD='GET',RESPONSE_LENGTH_OKHTTP='-1',RESPONSE_LENGTH_HEADER='1803',REQUEST_PROTOCOL='h2',REQUEST_URL='https://rss.art19.com/nice-white-parents',
08-06 17:48:30.736 13665 14222 D HttpDownloader: Response code is 200
08-06 17:48:30.736 13665 14222 D UserPreferences: Using default data folder
08-06 17:48:30.739   512  2967 I soundtrigger: audio_extn_sound_trigger_update_device_status: device 0x2 of type 0 for Event 0
08-06 17:48:30.740 13665 14222 D HttpDownloader: Getting size of download
08-06 17:48:30.740 13665 14222 D HttpDownloader: Size is -1
08-06 17:48:30.740 13665 14222 D UserPreferences: Using default data folder
08-06 17:48:30.740 13665 14222 D HttpDownloader: Free space is 20497969152
08-06 17:48:30.740 13665 14222 D HttpDownloader: Starting download
08-06 17:48:30.745 13665 14222 D HttpDownloader: Download was successful
08-06 17:48:30.746   918  3670 D WifiService: releaseWifiLockLocked: WifiLock{Downloader type=1 binder=android.os.BinderProxy@4717b27}
08-06 17:48:30.747 13665 13665 D OnlineFeedViewActivity: Parsing feed
08-06 17:48:30.753 13665 15664 D TypeGetter: Recognized type RSS 2.0
08-06 17:48:30.757 13665 15664 D SyndHandler: Recognized ITunes namespace
08-06 17:48:30.757 13665 15664 D SyndHandler: Recognized Atom namespace
08-06 17:48:30.757 13665 15664 D SyndHandler: Recognized Content namespace
08-06 17:48:30.768 13665 15664 D OnlineFeedViewActivity: Deleted feed source file. Result: true
08-06 17:48:30.769 13665 13665 D OnlineFeedViewActivity: Removing HTML from shownotes
08-06 17:48:30.773   380   380 W SurfaceFlinger: couldn't log to binary event log: overflow.
08-06 17:48:30.901 13665 13665 D PlaybackController: Releasing PlaybackController
08-06 17:48:30.915 13665 13677 I art     : Starting a blocking GC Explicit
08-06 17:48:30.951 13665 13677 I art     : Explicit concurrent mark sweep GC freed 3744(379KB) AllocSpace objects, 5(148KB) LOS objects, 35% free, 28MB/44MB, paused 1.135ms total 35.370ms
08-06 17:48:30.963 13665 13677 I art     : Starting a blocking GC Explicit
08-06 17:48:30.997 13665 13677 I art     : Explicit concurrent mark sweep GC freed 657(31KB) AllocSpace objects, 1(112KB) LOS objects, 35% free, 28MB/44MB, paused 1.161ms total 33.773ms
08-06 17:48:31.009 13665 13677 I art     : Starting a blocking GC Explicit
08-06 17:48:31.046 13665 13677 I art     : Explicit concurrent mark sweep GC freed 3(96B) AllocSpace objects, 0(0B) LOS objects, 35% free, 28MB/44MB, paused 1.218ms total 36.172ms
08-06 17:48:31.058 13665 13677 I art     : Starting a blocking GC Explicit
08-06 17:48:31.094 13665 13677 I art     : Explicit concurrent mark sweep GC freed 3(96B) AllocSpace objects, 0(0B) LOS objects, 35% free, 28MB/44MB, paused 1.219ms total 35.906ms
08-06 17:48:31.107 13665 13677 I art     : Starting a blocking GC Explicit
08-06 17:48:31.143 13665 13677 I art     : Explicit concurrent mark sweep GC freed 3(96B) AllocSpace objects, 0(0B) LOS objects, 35% free, 28MB/44MB, paused 1.207ms total 35.786ms
08-06 17:48:31.457 13665 14111 I art     : Starting a blocking GC Explicit
08-06 17:48:31.500 13665 14111 I art     : Explicit concurrent mark sweep GC freed 1441(83KB) AllocSpace objects, 1(20KB) LOS objects, 35% free, 28MB/44MB, paused 1.231ms total 42.057ms
08-06 17:48:31.512 13665 14111 I art     : Starting a blocking GC Explicit
08-06 17:48:31.549 13665 14111 I art     : Explicit concurrent mark sweep GC freed 23(752B) AllocSpace objects, 0(0B) LOS objects, 35% free, 28MB/44MB, paused 1.294ms total 36.479ms
08-06 17:48:31.561 13665 14111 I art     : Starting a blocking GC Explicit
08-06 17:48:31.597 13665 14111 I art     : Explicit concurrent mark sweep GC freed 3(96B) AllocSpace objects, 0(0B) LOS objects, 35% free, 28MB/44MB, paused 1.205ms total 35.478ms
08-06 17:48:31.609 13665 14111 I art     : Starting a blocking GC Explicit
08-06 17:48:31.646 13665 14111 I art     : Explicit concurrent mark sweep GC freed 3(96B) AllocSpace objects, 0(0B) LOS objects, 35% free, 28MB/44MB, paused 1.222ms total 36.693ms
08-06 17:48:31.661 13665 14111 I art     : Starting a blocking GC Explicit
08-06 17:48:31.700 13665 14111 I art     : Explicit concurrent mark sweep GC freed 3(96B) AllocSpace objects, 0(0B) LOS objects, 35% free, 28MB/44MB, paused 1.151ms total 39.099ms
08-06 17:48:32.038 13665 13678 I art     : Starting a blocking GC Explicit
08-06 17:48:32.085 13665 13678 I art     : Explicit concurrent mark sweep GC freed 1367(80KB) AllocSpace objects, 1(20KB) LOS objects, 35% free, 28MB/44MB, paused 1.319ms total 46.831ms
08-06 17:48:32.100 13665 13678 I art     : Starting a blocking GC Explicit
08-06 17:48:32.140 13665 13678 I art     : Explicit concurrent mark sweep GC freed 23(752B) AllocSpace objects, 0(0B) LOS objects, 35% free, 28MB/44MB, paused 1.353ms total 40.460ms
08-06 17:48:32.156 13665 13678 I art     : Starting a blocking GC Explicit
08-06 17:48:32.196 13665 13678 I art     : Explicit concurrent mark sweep GC freed 3(96B) AllocSpace objects, 0(0B) LOS objects, 35% free, 28MB/44MB, paused 1.183ms total 39.796ms
08-06 17:48:32.209 13665 13678 I art     : Starting a blocking GC Explicit
08-06 17:48:32.249 13665 13678 I art     : Explicit concurrent mark sweep GC freed 3(96B) AllocSpace objects, 0(0B) LOS objects, 35% free, 28MB/44MB, paused 1.277ms total 39.947ms
08-06 17:48:32.262 13665 13678 I art     : Starting a blocking GC Explicit
08-06 17:48:32.299 13665 13678 I art     : Explicit concurrent mark sweep GC freed 32(880B) AllocSpace objects, 0(0B) LOS objects, 35% free, 28MB/44MB, paused 1.202ms total 37.436ms
08-06 17:48:32.561   518   646 I ThermalEngine: ACTION: GPU - Setting GPU[0] to 390000000
08-06 17:48:32.661 13665 13678 I art     : Starting a blocking GC Explicit
08-06 17:48:32.710 13665 13678 I art     : Explicit concurrent mark sweep GC freed 1395(81KB) AllocSpace objects, 1(20KB) LOS objects, 35% free, 28MB/44MB, paused 2.085ms total 48.255ms
08-06 17:48:32.727 13665 13678 I art     : Starting a blocking GC Explicit
08-06 17:48:32.774 13665 13678 I art     : Explicit concurrent mark sweep GC freed 23(752B) AllocSpace objects, 0(0B) LOS objects, 35% free, 28MB/44MB, paused 1.768ms total 46.194ms
08-06 17:48:32.792 13665 13678 I art     : Starting a blocking GC Explicit
08-06 17:48:32.840 13665 13678 I art     : Explicit concurrent mark sweep GC freed 3(96B) AllocSpace objects, 0(0B) LOS objects, 35% free, 28MB/44MB, paused 2.253ms total 47.170ms
08-06 17:48:32.862 13665 13678 I art     : Starting a blocking GC Explicit
08-06 17:48:32.911 13665 13678 I art     : Explicit concurrent mark sweep GC freed 3(96B) AllocSpace objects, 0(0B) LOS objects, 35% free, 28MB/44MB, paused 1.929ms total 48.920ms
08-06 17:48:32.929 13665 13678 I art     : Starting a blocking GC Explicit
08-06 17:48:32.981 13665 13678 I art     : Explicit concurrent mark sweep GC freed 3(96B) AllocSpace objects, 0(0B) LOS objects, 35% free, 28MB/44MB, paused 2.064ms total 50.816ms
08-06 17:48:33.338 13665 14111 I art     : Starting a blocking GC Explicit
08-06 17:48:33.384 13665 14111 I art     : Explicit concurrent mark sweep GC freed 1396(81KB) AllocSpace objects, 1(20KB) LOS objects, 35% free, 28MB/44MB, paused 1.897ms total 45.079ms
08-06 17:48:33.402 13665 14111 I art     : Starting a blocking GC Explicit
08-06 17:48:33.449 13665 14111 I art     : Explicit concurrent mark sweep GC freed 23(752B) AllocSpace objects, 0(0B) LOS objects, 35% free, 28MB/44MB, paused 1.950ms total 46.478ms
08-06 17:48:33.467 13665 14111 I art     : Starting a blocking GC Explicit
08-06 17:48:33.514 13665 14111 I art     : Explicit concurrent mark sweep GC freed 3(96B) AllocSpace objects, 0(0B) LOS objects, 35% free, 28MB/44MB, paused 1.733ms total 46.044ms
08-06 17:48:33.532 13665 14111 I art     : Starting a blocking GC Explicit
08-06 17:48:33.582 13665 14111 I art     : Explicit concurrent mark sweep GC freed 3(96B) AllocSpace objects, 0(0B) LOS objects, 35% free, 28MB/44MB, paused 2.490ms total 49.832ms
08-06 17:48:33.605 13665 14111 I art     : Starting a blocking GC Explicit
08-06 17:48:33.653 13665 14111 I art     : Explicit concurrent mark sweep GC freed 3(96B) AllocSpace objects, 0(0B) LOS objects, 35% free, 28MB/44MB, paused 2.177ms total 47.545ms
08-06 17:48:33.776   918  3188 I hubconnection: sensorhub said: 'set_bias 3: -6.1632, 0.0000, 0.0000'
08-06 17:48:34.006 13665 13677 I art     : Starting a blocking GC Explicit
08-06 17:48:34.068 13665 13677 I art     : Explicit concurrent mark sweep GC freed 1367(80KB) AllocSpace objects, 1(20KB) LOS objects, 35% free, 28MB/44MB, paused 1.917ms total 61.633ms
08-06 17:48:34.088 13665 13677 I art     : Starting a blocking GC Explicit
08-06 17:48:34.136 13665 13677 I art     : Explicit concurrent mark sweep GC freed 23(752B) AllocSpace objects, 0(0B) LOS objects, 35% free, 28MB/44MB, paused 1.943ms total 47.811ms
08-06 17:48:34.158 13665 13677 I art     : Starting a blocking GC Explicit
08-06 17:48:34.206 13665 13677 I art     : Explicit concurrent mark sweep GC freed 3(96B) AllocSpace objects, 0(0B) LOS objects, 35% free, 28MB/44MB, paused 2.070ms total 47.367ms
08-06 17:48:34.224 13665 13677 I art     : Starting a blocking GC Explicit
08-06 17:48:34.273 13665 13677 I art     : Explicit concurrent mark sweep GC freed 3(96B) AllocSpace objects, 0(0B) LOS objects, 35% free, 28MB/44MB, paused 2.416ms total 47.969ms
08-06 17:48:34.295 13665 13677 I art     : Starting a blocking GC Explicit
08-06 17:48:34.341 13665 13677 I art     : Explicit concurrent mark sweep GC freed 32(880B) AllocSpace objects, 0(0B) LOS objects, 35% free, 28MB/44MB, paused 1.983ms total 45.530ms
08-06 17:48:34.563   518   646 I ThermalEngine: ACTION: GPU - Setting GPU[0] to 450000000
08-06 17:48:34.658 13665 13775 I art     : Starting a blocking GC Explicit
08-06 17:48:34.699 13665 13775 I art     : Explicit concurrent mark sweep GC freed 1368(82KB) AllocSpace objects, 1(20KB) LOS objects, 35% free, 28MB/44MB, paused 1.294ms total 40.677ms
08-06 17:48:34.711 13665 13775 I art     : Starting a blocking GC Explicit
08-06 17:48:34.746 13665 13775 I art     : Explicit concurrent mark sweep GC freed 23(752B) AllocSpace objects, 0(0B) LOS objects, 35% free, 28MB/44MB, paused 1.180ms total 35.057ms
08-06 17:48:34.758 13665 13775 I art     : Starting a blocking GC Explicit
08-06 17:48:34.796 13665 13775 I art     : Explicit concurrent mark sweep GC freed 3(96B) AllocSpace objects, 0(0B) LOS objects, 35% free, 28MB/44MB, paused 1.240ms total 37.409ms
08-06 17:48:34.808 13665 13775 I art     : Starting a blocking GC Explicit
08-06 17:48:34.847 13665 13775 I art     : Explicit concurrent mark sweep GC freed 3(96B) AllocSpace objects, 0(0B) LOS objects, 35% free, 28MB/44MB, paused 1.296ms total 37.960ms
08-06 17:48:34.859 13665 13775 I art     : Starting a blocking GC Explicit
08-06 17:48:34.896 13665 13775 I art     : Explicit concurrent mark sweep GC freed 3(96B) AllocSpace objects, 0(0B) LOS objects, 35% free, 28MB/44MB, paused 1.390ms total 37.446ms
08-06 17:48:34.904 15724 15724 D AndroidRuntime: >>>>>> START com.android.internal.os.RuntimeInit uid 2000 <<<<<<
08-06 17:48:34.910 15724 15724 D AndroidRuntime: CheckJNI is OFF
08-06 17:48:34.955 15724 15724 D ICU     : No timezone override file found: /data/misc/zoneinfo/current/icu/icu_tzdata.dat
08-06 17:48:35.001 15724 15724 I Radio-JNI: register_android_hardware_Radio DONE
08-06 17:48:35.032 15724 15724 D AndroidRuntime: Calling main entry com.android.commands.input.Input
08-06 17:48:35.036 15724 15724 I Input   : injectKeyEvent: KeyEvent { action=ACTION_DOWN, keyCode=KEYCODE_BACK, scanCode=0, metaState=0, flags=0x0, repeatCount=0, eventTime=899331448, downTime=899331448, deviceId=-1, source=0x101 }
08-06 17:48:35.044 15724 15724 I Input   : injectKeyEvent: KeyEvent { action=ACTION_UP, keyCode=KEYCODE_BACK, scanCode=0, metaState=0, flags=0x0, repeatCount=0, eventTime=899331448, downTime=899331448, deviceId=-1, source=0x101 }
08-06 17:48:35.053 15724 15724 D AndroidRuntime: Shutting down VM
08-06 17:48:35.058 13665 13665 V PlaybackController: initServiceNotRunning()
08-06 17:48:35.059 13665 13665 D ExternalPlayerFragment: Loading media info
08-06 17:48:35.063 13665 13665 D UserPreferences: Using default data folder
08-06 17:48:35.063 13665 14222 D DBReader: getNavDrawerData() called with: 
08-06 17:48:35.067 13665 14222 D DBReader: getDownloadedItems() called
08-06 17:48:35.068 13665 14222 D DBReader: getFavoriteIDList() called
08-06 17:48:35.069 13665 14222 D DBReader: getQueueIDList() called
08-06 17:48:35.069 13665 14222 D DBReader: Extracting Feedlist
08-06 17:48:35.093 13665 13665 D MainActivity: getLastNavFragment() -> AddFeedFragment
08-06 17:48:35.095 13866 13866 I GoogleInputMethodServic: GoogleInputMethodService.onFinishInput():3138 
08-06 17:48:35.095 13866 13866 I GoogleInputMethodServic: GoogleInputMethodService.onStartInput():1808 
08-06 17:48:35.201 13665 13677 I art     : Starting a blocking GC Explicit
08-06 17:48:35.238 13665 13677 I art     : Explicit concurrent mark sweep GC freed 2321(145KB) AllocSpace objects, 1(20KB) LOS objects, 35% free, 28MB/44MB, paused 1.189ms total 36.443ms
08-06 17:48:35.250 13665 13677 I art     : Starting a blocking GC Explicit
08-06 17:48:35.285 13665 13677 I art     : Explicit concurrent mark sweep GC freed 444(23KB) AllocSpace objects, 0(0B) LOS objects, 35% free, 28MB/44MB, paused 1.103ms total 34.945ms
08-06 17:48:35.297 13665 13677 I art     : Starting a blocking GC Explicit
08-06 17:48:35.332 13665 13677 I art     : Explicit concurrent mark sweep GC freed 32(880B) AllocSpace objects, 0(0B) LOS objects, 35% free, 28MB/44MB, paused 1.147ms total 34.375ms
08-06 17:48:35.344 13665 13677 I art     : Starting a blocking GC Explicit
08-06 17:48:35.378 13665 13677 I art     : Explicit concurrent mark sweep GC freed 3(96B) AllocSpace objects, 0(0B) LOS objects, 35% free, 28MB/44MB, paused 1.264ms total 33.642ms
08-06 17:48:35.390 13665 13677 I art     : Starting a blocking GC Explicit
08-06 17:48:35.414   380   380 W SurfaceFlinger: couldn't log to binary event log: overflow.
08-06 17:48:35.424 13665 13677 I art     : Explicit concurrent mark sweep GC freed 483(20KB) AllocSpace objects, 0(0B) LOS objects, 35% free, 28MB/44MB, paused 1.236ms total 33.794ms
08-06 17:48:35.734 13665 13678 I art     : Starting a blocking GC Explicit
08-06 17:48:35.787 13665 13678 I art     : Explicit concurrent mark sweep GC freed 1484(85KB) AllocSpace objects, 1(20KB) LOS objects, 35% free, 28MB/44MB, paused 1.550ms total 52.690ms
08-06 17:48:35.804 13665 13678 I art     : Starting a blocking GC Explicit
08-06 17:48:35.840 13665 13678 I art     : Explicit concurrent mark sweep GC freed 2437(151KB) AllocSpace objects, 1(28KB) LOS objects, 36% free, 28MB/44MB, paused 1.242ms total 36.283ms
08-06 17:48:35.852 13665 13678 I art     : Starting a blocking GC Explicit
08-06 17:48:35.888 13665 13678 I art     : Explicit concurrent mark sweep GC freed 3(96B) AllocSpace objects, 0(0B) LOS objects, 36% free, 28MB/44MB, paused 1.306ms total 35.037ms
08-06 17:48:35.900 13665 13678 I art     : Starting a blocking GC Explicit
08-06 17:48:35.936 13665 13678 I art     : Explicit concurrent mark sweep GC freed 3(96B) AllocSpace objects, 0(0B) LOS objects, 36% free, 28MB/44MB, paused 1.208ms total 35.653ms
08-06 17:48:35.948 13665 13678 I art     : Starting a blocking GC Explicit
08-06 17:48:35.983 13665 13678 I art     : Explicit concurrent mark sweep GC freed 3(96B) AllocSpace objects, 0(0B) LOS objects, 36% free, 28MB/44MB, paused 1.183ms total 35.263ms
08-06 17:48:35.983 13665 13676 I art     : WaitForGcToComplete blocked for 31.990ms for cause HeapTrim
08-06 17:48:36.298 13665 14111 I art     : Starting a blocking GC Explicit
08-06 17:48:36.334 13665 14111 I art     : Explicit concurrent mark sweep GC freed 1398(83KB) AllocSpace objects, 1(20KB) LOS objects, 36% free, 28MB/44MB, paused 1.232ms total 35.386ms
08-06 17:48:36.345 13665 14111 I art     : Starting a blocking GC Explicit
08-06 17:48:36.380 13665 14111 I art     : Explicit concurrent mark sweep GC freed 23(752B) AllocSpace objects, 0(0B) LOS objects, 36% free, 28MB/44MB, paused 1.246ms total 34.141ms
08-06 17:48:36.391 13665 14111 I art     : Starting a blocking GC Explicit
08-06 17:48:36.425 13665 14111 I art     : Explicit concurrent mark sweep GC freed 3(96B) AllocSpace objects, 0(0B) LOS objects, 36% free, 28MB/44MB, paused 1.279ms total 33.467ms
08-06 17:48:36.437 13665 14111 I art     : Starting a blocking GC Explicit
08-06 17:48:36.471 13665 14111 I art     : Explicit concurrent mark sweep GC freed 3(96B) AllocSpace objects, 0(0B) LOS objects, 36% free, 28MB/44MB, paused 1.224ms total 33.681ms
08-06 17:48:36.483 13665 14111 I art     : Starting a blocking GC Explicit
08-06 17:48:36.517 13665 14111 I art     : Explicit concurrent mark sweep GC freed 3(96B) AllocSpace objects, 0(0B) LOS objects, 36% free, 28MB/44MB, paused 1.192ms total 33.992ms
08-06 17:48:36.837 13665 13677 I art     : Starting a blocking GC Explicit
08-06 17:48:36.841 15778 15778 D AndroidRuntime: >>>>>> START com.android.internal.os.RuntimeInit uid 2000 <<<<<<
08-06 17:48:36.847 15778 15778 D AndroidRuntime: CheckJNI is OFF
08-06 17:48:36.876 13665 13677 I art     : Explicit concurrent mark sweep GC freed 1390(81KB) AllocSpace objects, 1(20KB) LOS objects, 36% free, 28MB/44MB, paused 1.387ms total 38.485ms
08-06 17:48:36.888 13665 13677 I art     : Starting a blocking GC Explicit
08-06 17:48:36.896 15778 15778 D ICU     : No timezone override file found: /data/misc/zoneinfo/current/icu/icu_tzdata.dat
08-06 17:48:36.922 13665 13677 I art     : Explicit concurrent mark sweep GC freed 29(944B) AllocSpace objects, 0(0B) LOS objects, 36% free, 28MB/44MB, paused 1.259ms total 33.207ms
08-06 17:48:36.933 13665 13677 I art     : Starting a blocking GC Explicit
08-06 17:48:36.939 15778 15778 I Radio-JNI: register_android_hardware_Radio DONE
08-06 17:48:36.967 13665 13677 I art     : Explicit concurrent mark sweep GC freed 4(128B) AllocSpace objects, 0(0B) LOS objects, 36% free, 28MB/44MB, paused 1.123ms total 33.337ms
08-06 17:48:36.968 15778 15778 D AndroidRuntime: Calling main entry com.android.commands.input.Input
08-06 17:48:36.969 15778 15778 I Input   : injectKeyEvent: KeyEvent { action=ACTION_DOWN, keyCode=KEYCODE_BACK, scanCode=0, metaState=0, flags=0x0, repeatCount=0, eventTime=899333382, downTime=899333382, deviceId=-1, source=0x101 }
08-06 17:48:36.976 15778 15778 I Input   : injectKeyEvent: KeyEvent { action=ACTION_UP, keyCode=KEYCODE_BACK, scanCode=0, metaState=0, flags=0x0, repeatCount=0, eventTime=899333382, downTime=899333382, deviceId=-1, source=0x101 }
08-06 17:48:36.978 13665 13677 I art     : Starting a blocking GC Explicit
08-06 17:48:36.992 13866 13866 I GoogleInputMethodServic: GoogleInputMethodService.onFinishInput():3138 
08-06 17:48:36.992 13866 13866 I GoogleInputMethodServic: GoogleInputMethodService.onStartInput():1808 
08-06 17:48:36.999 15778 15778 D AndroidRuntime: Shutting down VM
08-06 17:48:37.013 13665 13677 I art     : Explicit concurrent mark sweep GC freed 1115(45KB) AllocSpace objects, 0(0B) LOS objects, 35% free, 28MB/44MB, paused 1.382ms total 35.030ms
08-06 17:48:37.026 13665 13677 I art     : Starting a blocking GC Explicit
08-06 17:48:37.058 13665 13677 I art     : Explicit concurrent mark sweep GC freed 874(54KB) AllocSpace objects, 1(28KB) LOS objects, 36% free, 28MB/44MB, paused 1.201ms total 32.409ms
08-06 17:48:37.356 13665 14111 I art     : Starting a blocking GC Explicit
08-06 17:48:37.393 13665 14111 I art     : Explicit concurrent mark sweep GC freed 3236(206KB) AllocSpace objects, 9(1532KB) LOS objects, 37% free, 26MB/42MB, paused 1.230ms total 36.190ms
08-06 17:48:37.405 13665 14111 I art     : Starting a blocking GC Explicit
08-06 17:48:37.439 13665 14111 I art     : Explicit concurrent mark sweep GC freed 23(752B) AllocSpace objects, 0(0B) LOS objects, 37% free, 26MB/42MB, paused 1.234ms total 33.899ms
08-06 17:48:37.451 13665 14111 I art     : Starting a blocking GC Explicit
08-06 17:48:37.485 13665 14111 I art     : Explicit concurrent mark sweep GC freed 3(96B) AllocSpace objects, 0(0B) LOS objects, 37% free, 26MB/42MB, paused 1.324ms total 34.364ms
08-06 17:48:37.497 13665 14111 I art     : Starting a blocking GC Explicit
08-06 17:48:37.532 13665 14111 I art     : Explicit concurrent mark sweep GC freed 3(96B) AllocSpace objects, 0(0B) LOS objects, 37% free, 26MB/42MB, paused 1.225ms total 34.706ms
08-06 17:48:37.544 13665 14111 I art     : Starting a blocking GC Explicit
08-06 17:48:37.579 13665 14111 I art     : Explicit concurrent mark sweep GC freed 3(96B) AllocSpace objects, 0(0B) LOS objects, 37% free, 26MB/42MB, paused 1.230ms total 34.926ms
08-06 17:48:37.898 13665 13775 I art     : Starting a blocking GC Explicit
08-06 17:48:37.947 13665 13775 I art     : Explicit concurrent mark sweep GC freed 1367(81KB) AllocSpace objects, 1(20KB) LOS objects, 37% free, 26MB/42MB, paused 1.451ms total 49.286ms
08-06 17:48:37.963 13665 13775 I art     : Starting a blocking GC Explicit
08-06 17:48:38.000 13665 13775 I art     : Explicit concurrent mark sweep GC freed 23(752B) AllocSpace objects, 0(0B) LOS objects, 37% free, 26MB/42MB, paused 1.221ms total 36.776ms
08-06 17:48:38.012 13665 13775 I art     : Starting a blocking GC Explicit
08-06 17:48:38.047 13665 13775 I art     : Explicit concurrent mark sweep GC freed 3(96B) AllocSpace objects, 0(0B) LOS objects, 37% free, 26MB/42MB, paused 1.369ms total 34.852ms
08-06 17:48:38.059 13665 13775 I art     : Starting a blocking GC Explicit
08-06 17:48:38.094 13665 13775 I art     : Explicit concurrent mark sweep GC freed 3(96B) AllocSpace objects, 0(0B) LOS objects, 37% free, 26MB/42MB, paused 1.221ms total 34.672ms
08-06 17:48:38.106 13665 13775 I art     : Starting a blocking GC Explicit
08-06 17:48:38.141 13665 13775 I art     : Explicit concurrent mark sweep GC freed 3(96B) AllocSpace objects, 0(0B) LOS objects, 37% free, 26MB/42MB, paused 1.216ms total 34.565ms
08-06 17:48:38.438 13665 13678 I art     : Starting a blocking GC Explicit
08-06 17:48:38.479 13665 13678 I art     : Explicit concurrent mark sweep GC freed 1397(82KB) AllocSpace objects, 1(20KB) LOS objects, 37% free, 26MB/42MB, paused 1.465ms total 40.415ms
08-06 17:48:38.494 13665 13678 I art     : Starting a blocking GC Explicit
08-06 17:48:38.528 13665 13678 I art     : Explicit concurrent mark sweep GC freed 23(752B) AllocSpace objects, 0(0B) LOS objects, 37% free, 26MB/42MB, paused 1.278ms total 33.501ms
08-06 17:48:38.540 13665 13678 I art     : Starting a blocking GC Explicit
08-06 17:48:38.574   518   646 I ThermalEngine: ACTION: GPU - Setting GPU[0] to 390000000
08-06 17:48:38.579 13665 13678 I art     : Explicit concurrent mark sweep GC freed 3(96B) AllocSpace objects, 0(0B) LOS objects, 37% free, 26MB/42MB, paused 2.470ms total 39.339ms
08-06 17:48:38.597 13665 13678 I art     : Starting a blocking GC Explicit
08-06 17:48:38.654 13665 13678 I art     : Explicit concurrent mark sweep GC freed 8(256B) AllocSpace objects, 0(0B) LOS objects, 37% free, 26MB/42MB, paused 3.451ms total 56.335ms
08-06 17:48:38.673 13665 13678 I art     : Starting a blocking GC Explicit
08-06 17:48:38.721 13665 13678 I art     : Explicit concurrent mark sweep GC freed 11(352B) AllocSpace objects, 0(0B) LOS objects, 37% free, 26MB/42MB, paused 3.354ms total 47.081ms
08-06 17:48:38.903 15821 15821 D AndroidRuntime: >>>>>> START com.android.internal.os.RuntimeInit uid 2000 <<<<<<
08-06 17:48:38.909 15821 15821 D AndroidRuntime: CheckJNI is OFF
08-06 17:48:38.962 15821 15821 D ICU     : No timezone override file found: /data/misc/zoneinfo/current/icu/icu_tzdata.dat
08-06 17:48:39.008 15821 15821 I Radio-JNI: register_android_hardware_Radio DONE
08-06 17:48:39.042 15821 15821 D AndroidRuntime: Calling main entry com.android.commands.input.Input
08-06 17:48:39.044 15821 15821 I Input   : injectMotionEvent: MotionEvent { action=ACTION_DOWN, actionButton=0, id[0]=0, x[0]=103.0, y[0]=192.0, toolType[0]=TOOL_TYPE_UNKNOWN, buttonState=0, metaState=0, flags=0x0, edgeFlags=0x0, pointerCount=1, historySize=0, eventTime=899335456, downTime=899335456, deviceId=0, source=0x1002 }
08-06 17:48:39.049 15821 15821 I Input   : injectMotionEvent: MotionEvent { action=ACTION_UP, actionButton=0, id[0]=0, x[0]=103.0, y[0]=192.0, toolType[0]=TOOL_TYPE_UNKNOWN, buttonState=0, metaState=0, flags=0x0, edgeFlags=0x0, pointerCount=1, historySize=0, eventTime=899335456, downTime=899335456, deviceId=0, source=0x1002 }
08-06 17:48:39.052 15821 15821 D AndroidRuntime: Shutting down VM
08-06 17:48:39.057 13665 14111 I art     : Starting a blocking GC Explicit
08-06 17:48:39.076   512  2967 D audio_hw_primary: out_set_parameters: enter: usecase(1: low-latency-playback) kvpairs: routing=2
08-06 17:48:39.090   512  2967 D audio_hw_primary: select_devices: out_snd_device(2: speaker) in_snd_device(0: none)
08-06 17:48:39.090   512  2967 D msm8974_platform: platform_send_audio_calibration: sending audio calibration for snd_device(2) acdb_id(15)
08-06 17:48:39.090   512  2967 I soundtrigger: audio_extn_sound_trigger_update_device_status: device 0x2 of type 0 for Event 1
08-06 17:48:39.107   512  2967 D audio_hw_primary: enable_snd_device: snd_device(2: speaker)
08-06 17:48:39.109   512  2967 D audio_hw_primary: enable_audio_route: apply and update mixer path: low-latency-playback speaker
08-06 17:48:39.111 13665 14111 I art     : Explicit concurrent mark sweep GC freed 1421(84KB) AllocSpace objects, 1(20KB) LOS objects, 37% free, 26MB/42MB, paused 2.429ms total 54.177ms
08-06 17:48:39.122 13866 13866 I GoogleInputMethodServic: GoogleInputMethodService.onFinishInput():3138 
08-06 17:48:39.123 13866 13866 I GoogleInputMethodServic: GoogleInputMethodService.onStartInput():1808 
08-06 17:48:39.129 13665 14111 I art     : Starting a blocking GC Explicit
08-06 17:48:39.173 13665 14111 I art     : Explicit concurrent mark sweep GC freed 519(25KB) AllocSpace objects, 0(0B) LOS objects, 37% free, 26MB/42MB, paused 1.792ms total 43.648ms
08-06 17:48:39.188 13665 14111 I art     : Starting a blocking GC Explicit
08-06 17:48:39.231 13665 14111 I art     : Explicit concurrent mark sweep GC freed 74(4KB) AllocSpace objects, 0(0B) LOS objects, 37% free, 26MB/42MB, paused 2.249ms total 42.603ms
08-06 17:48:39.249 13665 14111 I art     : Starting a blocking GC Explicit
08-06 17:48:39.288 13665 14111 I art     : Explicit concurrent mark sweep GC freed 3(96B) AllocSpace objects, 0(0B) LOS objects, 37% free, 26MB/42MB, paused 2.052ms total 38.972ms
08-06 17:48:39.305 13665 14111 I art     : Starting a blocking GC Explicit
08-06 17:48:39.347 13665 14111 I art     : Explicit concurrent mark sweep GC freed 34(944B) AllocSpace objects, 0(0B) LOS objects, 37% free, 26MB/42MB, paused 1.937ms total 41.702ms
08-06 17:48:39.659   512  2967 D audio_hw_primary: disable_audio_route: reset and update mixer path: low-latency-playback speaker
08-06 17:48:39.660   512  2967 D audio_hw_primary: disable_snd_device: snd_device(2: speaker)
08-06 17:48:39.668   512  2967 I soundtrigger: audio_extn_sound_trigger_update_device_status: device 0x2 of type 0 for Event 0
08-06 17:48:39.699 13665 13677 I art     : Starting a blocking GC Explicit
08-06 17:48:39.744 13665 13677 I art     : Explicit concurrent mark sweep GC freed 1384(81KB) AllocSpace objects, 1(20KB) LOS objects, 37% free, 26MB/42MB, paused 1.871ms total 45.138ms
08-06 17:48:39.762 13665 13677 I art     : Starting a blocking GC Explicit
08-06 17:48:39.806 13665 13677 I art     : Explicit concurrent mark sweep GC freed 41(1328B) AllocSpace objects, 0(0B) LOS objects, 37% free, 26MB/42MB, paused 1.740ms total 43.643ms
08-06 17:48:39.824 13665 13677 I art     : Starting a blocking GC Explicit
08-06 17:48:39.868 13665 13677 I art     : Explicit concurrent mark sweep GC freed 3(96B) AllocSpace objects, 0(0B) LOS objects, 37% free, 26MB/42MB, paused 1.952ms total 44.157ms
08-06 17:48:39.889 13665 13677 I art     : Starting a blocking GC Explicit
08-06 17:48:39.937 13665 13677 I art     : Explicit concurrent mark sweep GC freed 3(96B) AllocSpace objects, 0(0B) LOS objects, 37% free, 26MB/42MB, paused 1.707ms total 47.085ms
08-06 17:48:39.955 13665 13677 I art     : Starting a blocking GC Explicit
08-06 17:48:40.000 13665 13677 I art     : Explicit concurrent mark sweep GC freed 3(96B) AllocSpace objects, 0(0B) LOS objects, 37% free, 26MB/42MB, paused 2.123ms total 44.506ms
08-06 17:48:40.346 13665 13775 I art     : Starting a blocking GC Explicit
08-06 17:48:40.390 13665 13775 I art     : Explicit concurrent mark sweep GC freed 1395(81KB) AllocSpace objects, 1(20KB) LOS objects, 37% free, 26MB/42MB, paused 2.022ms total 43.374ms
08-06 17:48:40.407 13665 13775 I art     : Starting a blocking GC Explicit
08-06 17:48:40.450 13665 13775 I art     : Explicit concurrent mark sweep GC freed 23(752B) AllocSpace objects, 0(0B) LOS objects, 37% free, 26MB/42MB, paused 1.940ms total 42.172ms
08-06 17:48:40.467 13665 13775 I art     : Starting a blocking GC Explicit
08-06 17:48:40.511 13665 13775 I art     : Explicit concurrent mark sweep GC freed 3(96B) AllocSpace objects, 0(0B) LOS objects, 37% free, 26MB/42MB, paused 1.860ms total 43.750ms
08-06 17:48:40.528 13665 13775 I art     : Starting a blocking GC Explicit
08-06 17:48:40.571 13665 13775 I art     : Explicit concurrent mark sweep GC freed 3(96B) AllocSpace objects, 0(0B) LOS objects, 37% free, 26MB/42MB, paused 2.060ms total 42.526ms
08-06 17:48:40.588 13665 13775 I art     : Starting a blocking GC Explicit
08-06 17:48:40.632 13665 13775 I art     : Explicit concurrent mark sweep GC freed 3(96B) AllocSpace objects, 0(0B) LOS objects, 37% free, 26MB/42MB, paused 2.009ms total 43.078ms
08-06 17:48:40.942 15875 15875 D AndroidRuntime: >>>>>> START com.android.internal.os.RuntimeInit uid 2000 <<<<<<
08-06 17:48:40.949 15875 15875 D AndroidRuntime: CheckJNI is OFF
08-06 17:48:40.971 13665 13678 I art     : Starting a blocking GC Explicit
08-06 17:48:41.009 15875 15875 D ICU     : No timezone override file found: /data/misc/zoneinfo/current/icu/icu_tzdata.dat
08-06 17:48:41.012 13665 13678 I art     : Explicit concurrent mark sweep GC freed 1395(81KB) AllocSpace objects, 1(20KB) LOS objects, 37% free, 26MB/42MB, paused 1.850ms total 41.027ms
08-06 17:48:41.029 13665 13678 I art     : Starting a blocking GC Explicit
08-06 17:48:41.053 15875 15875 I Radio-JNI: register_android_hardware_Radio DONE
08-06 17:48:41.070 13665 13678 I art     : Explicit concurrent mark sweep GC freed 23(752B) AllocSpace objects, 0(0B) LOS objects, 37% free, 26MB/42MB, paused 1.886ms total 40.802ms
08-06 17:48:41.085 15875 15875 D AndroidRuntime: Calling main entry com.android.commands.input.Input
08-06 17:48:41.087 13665 13678 I art     : Starting a blocking GC Explicit
08-06 17:48:41.088 15875 15875 I Input   : injectMotionEvent: MotionEvent { action=ACTION_DOWN, actionButton=0, id[0]=0, x[0]=625.0, y[0]=1248.0, toolType[0]=TOOL_TYPE_UNKNOWN, buttonState=0, metaState=0, flags=0x0, edgeFlags=0x0, pointerCount=1, historySize=0, eventTime=899337500, downTime=899337500, deviceId=0, source=0x1002 }
08-06 17:48:41.093 15875 15875 I Input   : injectMotionEvent: MotionEvent { action=ACTION_UP, actionButton=0, id[0]=0, x[0]=625.0, y[0]=1248.0, toolType[0]=TOOL_TYPE_UNKNOWN, buttonState=0, metaState=0, flags=0x0, edgeFlags=0x0, pointerCount=1, historySize=0, eventTime=899337500, downTime=899337500, deviceId=0, source=0x1002 }
08-06 17:48:41.096 15875 15875 D AndroidRuntime: Shutting down VM
08-06 17:48:41.130 13665 13678 I art     : Explicit concurrent mark sweep GC freed 39(1328B) AllocSpace objects, 0(0B) LOS objects, 37% free, 26MB/42MB, paused 1.982ms total 43.214ms
08-06 17:48:41.147 13665 13678 I art     : Starting a blocking GC Explicit
08-06 17:48:41.161 13665 13665 D MainActivity: loadFragment(index: 7, args: null)
08-06 17:48:41.163 13665 13665 D MainActivity: saveLastNavFragment(tag: 1)
08-06 17:48:41.163 13665 13665 D MainActivity: getLastNavFragment() -> 1
08-06 17:48:41.163   512  2967 D audio_hw_primary: out_set_parameters: enter: usecase(1: low-latency-playback) kvpairs: routing=2
08-06 17:48:41.177   512  2967 D audio_hw_primary: select_devices: out_snd_device(2: speaker) in_snd_device(0: none)
08-06 17:48:41.177   512  2967 D msm8974_platform: platform_send_audio_calibration: sending audio calibration for snd_device(2) acdb_id(15)
08-06 17:48:41.177   512  2967 I soundtrigger: audio_extn_sound_trigger_update_device_status: device 0x2 of type 0 for Event 1
08-06 17:48:41.188   512  2967 D audio_hw_primary: enable_snd_device: snd_device(2: speaker)
08-06 17:48:41.190   512  2967 D audio_hw_primary: enable_audio_route: apply and update mixer path: low-latency-playback speaker
08-06 17:48:41.191 13665 13678 I art     : Explicit concurrent mark sweep GC freed 526(38KB) AllocSpace objects, 1(20KB) LOS objects, 37% free, 26MB/42MB, paused 2.397ms total 43.603ms
08-06 17:48:41.207 13665 13665 D ItemlistFragment: onEventMainThread() called with: event = [DownloadEvent{update=DownloaderUpdate{downloaders=[], feedIds=[], mediaIds=[]}}]
08-06 17:48:41.208 13665 13691 D DBReader: getFeed() called with: feedId = [1]
08-06 17:48:41.208 13665 13678 I art     : Starting a blocking GC Explicit
08-06 17:48:41.215 13665 13691 D DBReader: getFeedItemList() called with: feed = [baseline.de.danoeh.antennapod.core.feed.Feed@1]
08-06 17:48:41.222 13665 13691 D DBReader: getFavoriteIDList() called
08-06 17:48:41.224 13665 13691 D DBReader: getQueueIDList() called
08-06 17:48:41.225 13665 13691 D DBReader: Extracting Feedlist
08-06 17:48:41.253 13665 13678 I art     : Explicit concurrent mark sweep GC freed 2009(107KB) AllocSpace objects, 0(0B) LOS objects, 37% free, 27MB/43MB, paused 2.189ms total 44.118ms
08-06 17:48:41.285 13665 13665 D FeedMenuHandler: Preparing options menu
08-06 17:48:41.333 13665 14590 D ApOkHttpUrlLoader: buildLoadData() called with: model = [https://content.production.cdn.art19.com/images/89/e0/88/44/89e08844-ac28-4fc0-96fa-15a41fec2014/262c12ed699a8d9720dea0bd66449d998e4a08cf18095bed170ccaa76722045fa5dbf7a366918b2db7e3acf29ad22f6b99fd659a9409cb807bf2781d968932f8.jpeg], width = [1440], height = [462]
08-06 17:48:41.386  9385  9385 I ServiceManager: Waiting for service AtCmdFwd...
08-06 17:48:41.418 13665 13686 V RenderScript: 0x7f7cbbb000 Launching thread(s), CPUs 8
08-06 17:48:41.600 13866 13866 I GoogleInputMethodServic: GoogleInputMethodService.onFinishInput():3138 
08-06 17:48:41.601 13866 13866 I GoogleInputMethodServic: GoogleInputMethodService.onStartInput():1808 
08-06 17:48:41.607 13665 13775 I art     : Starting a blocking GC Explicit
08-06 17:48:41.661 13665 13775 I art     : Explicit concurrent mark sweep GC freed 6744(341KB) AllocSpace objects, 1(20KB) LOS objects, 31% free, 35MB/51MB, paused 2.690ms total 53.590ms
08-06 17:48:41.685 13665 13775 I art     : Starting a blocking GC Explicit
08-06 17:48:41.728   512  2967 D audio_hw_primary: disable_audio_route: reset and update mixer path: low-latency-playback speaker
08-06 17:48:41.730   512  2967 D audio_hw_primary: disable_snd_device: snd_device(2: speaker)
08-06 17:48:41.735 13665 13775 I art     : Explicit concurrent mark sweep GC freed 641(35KB) AllocSpace objects, 0(0B) LOS objects, 31% free, 35MB/51MB, paused 1.955ms total 50.011ms
08-06 17:48:41.741   512  2967 I soundtrigger: audio_extn_sound_trigger_update_device_status: device 0x2 of type 0 for Event 0
08-06 17:48:41.755 13665 13775 I art     : Starting a blocking GC Explicit
08-06 17:48:41.801 13665 13775 I art     : Explicit concurrent mark sweep GC freed 20(688B) AllocSpace objects, 0(0B) LOS objects, 31% free, 35MB/51MB, paused 3.029ms total 45.283ms
08-06 17:48:41.817 13665 13775 I art     : Starting a blocking GC Explicit
08-06 17:48:41.857 13665 13775 I art     : Explicit concurrent mark sweep GC freed 22(736B) AllocSpace objects, 0(0B) LOS objects, 31% free, 35MB/51MB, paused 1.878ms total 39.591ms
08-06 17:48:41.872 13665 13775 I art     : Starting a blocking GC Explicit
08-06 17:48:41.912 13665 13775 I art     : Explicit concurrent mark sweep GC freed 74(13KB) AllocSpace objects, 1(88KB) LOS objects, 31% free, 35MB/51MB, paused 1.793ms total 39.090ms
08-06 17:48:42.257 13665 14111 I art     : Starting a blocking GC Explicit
08-06 17:48:42.313 13665 14111 I art     : Explicit concurrent mark sweep GC freed 1435(91KB) AllocSpace objects, 5(148KB) LOS objects, 31% free, 35MB/51MB, paused 2.099ms total 55.326ms
08-06 17:48:42.335 13665 14111 I art     : Starting a blocking GC Explicit
08-06 17:48:42.381 13665 14111 I art     : Explicit concurrent mark sweep GC freed 27(896B) AllocSpace objects, 0(0B) LOS objects, 31% free, 35MB/51MB, paused 1.977ms total 45.811ms
08-06 17:48:42.386  9385  9385 I ServiceManager: Waiting for service AtCmdFwd...
08-06 17:48:42.399 13665 14111 I art     : Starting a blocking GC Explicit
08-06 17:48:42.446 13665 14111 I art     : Explicit concurrent mark sweep GC freed 3(96B) AllocSpace objects, 0(0B) LOS objects, 31% free, 35MB/51MB, paused 2.463ms total 46.815ms
08-06 17:48:42.468 13665 14111 I art     : Starting a blocking GC Explicit
08-06 17:48:42.514 13665 14111 I art     : Explicit concurrent mark sweep GC freed 3(96B) AllocSpace objects, 0(0B) LOS objects, 31% free, 35MB/51MB, paused 1.734ms total 45.514ms
08-06 17:48:42.532 13665 14111 I art     : Starting a blocking GC Explicit
08-06 17:48:42.577 13665 14111 I art     : Explicit concurrent mark sweep GC freed 3(96B) AllocSpace objects, 0(0B) LOS objects, 31% free, 35MB/51MB, paused 2.005ms total 44.920ms
08-06 17:48:42.952 13665 13775 I art     : Starting a blocking GC Explicit
08-06 17:48:42.999 13665 13775 I art     : Explicit concurrent mark sweep GC freed 1387(80KB) AllocSpace objects, 1(20KB) LOS objects, 31% free, 35MB/51MB, paused 2.601ms total 46.252ms
08-06 17:48:43.017 13665 13775 I art     : Starting a blocking GC Explicit
08-06 17:48:43.063 13665 13775 I art     : Explicit concurrent mark sweep GC freed 31(1008B) AllocSpace objects, 0(0B) LOS objects, 31% free, 35MB/51MB, paused 2.315ms total 45.192ms
08-06 17:48:43.082 13665 13775 I art     : Starting a blocking GC Explicit
08-06 17:48:43.130 13665 13775 I art     : Explicit concurrent mark sweep GC freed 8(256B) AllocSpace objects, 0(0B) LOS objects, 31% free, 35MB/51MB, paused 2.350ms total 47.785ms
08-06 17:48:43.148 13665 13775 I art     : Starting a blocking GC Explicit
08-06 17:48:43.190 13665 13775 I art     : Explicit concurrent mark sweep GC freed 3(96B) AllocSpace objects, 0(0B) LOS objects, 31% free, 35MB/51MB, paused 1.950ms total 42.439ms
08-06 17:48:43.208 13665 13775 I art     : Starting a blocking GC Explicit
08-06 17:48:43.252 13665 13775 I art     : Explicit concurrent mark sweep GC freed 3(96B) AllocSpace objects, 0(0B) LOS objects, 31% free, 35MB/51MB, paused 1.748ms total 44.062ms
08-06 17:48:43.388  9385  9385 I ServiceManager: Waiting for service AtCmdFwd...
08-06 17:48:43.631 13665 13678 I art     : Starting a blocking GC Explicit
08-06 17:48:43.687 13665 13678 I art     : Explicit concurrent mark sweep GC freed 1396(81KB) AllocSpace objects, 1(20KB) LOS objects, 31% free, 35MB/51MB, paused 1.912ms total 54.475ms
08-06 17:48:43.704 13665 13678 I art     : Starting a blocking GC Explicit
08-06 17:48:43.749 13665 13678 I art     : Explicit concurrent mark sweep GC freed 23(752B) AllocSpace objects, 0(0B) LOS objects, 31% free, 35MB/51MB, paused 2.085ms total 44.791ms
08-06 17:48:43.768 13665 13678 I art     : Starting a blocking GC Explicit
08-06 17:48:43.813 13665 13678 I art     : Explicit concurrent mark sweep GC freed 3(96B) AllocSpace objects, 0(0B) LOS objects, 31% free, 35MB/51MB, paused 1.771ms total 44.660ms
08-06 17:48:43.833 13665 13678 I art     : Starting a blocking GC Explicit
08-06 17:48:43.888 13665 13678 I art     : Explicit concurrent mark sweep GC freed 3(96B) AllocSpace objects, 0(0B) LOS objects, 31% free, 35MB/51MB, paused 2.324ms total 54.012ms
08-06 17:48:43.909 13665 13678 I art     : Starting a blocking GC Explicit
08-06 17:48:43.954 13665 13678 I art     : Explicit concurrent mark sweep GC freed 3(96B) AllocSpace objects, 0(0B) LOS objects, 31% free, 35MB/51MB, paused 1.964ms total 44.590ms
08-06 17:48:44.335 13665 14111 I art     : Starting a blocking GC Explicit
08-06 17:48:44.389  9385  9385 I ServiceManager: Waiting for service AtCmdFwd...
08-06 17:48:44.393 13665 14111 I art     : Explicit concurrent mark sweep GC freed 1396(81KB) AllocSpace objects, 1(20KB) LOS objects, 31% free, 35MB/51MB, paused 2.254ms total 57.240ms
08-06 17:48:44.415 13665 14111 I art     : Starting a blocking GC Explicit
08-06 17:48:44.464 13665 14111 I art     : Explicit concurrent mark sweep GC freed 23(752B) AllocSpace objects, 0(0B) LOS objects, 31% free, 35MB/51MB, paused 2.226ms total 48.305ms
08-06 17:48:44.481 13665 14111 I art     : Starting a blocking GC Explicit
08-06 17:48:44.526 13665 14111 I art     : Explicit concurrent mark sweep GC freed 3(96B) AllocSpace objects, 0(0B) LOS objects, 31% free, 35MB/51MB, paused 1.734ms total 43.910ms
08-06 17:48:44.544 13665 14111 I art     : Starting a blocking GC Explicit
08-06 17:48:44.589 13665 14111 I art     : Explicit concurrent mark sweep GC freed 3(96B) AllocSpace objects, 0(0B) LOS objects, 31% free, 35MB/51MB, paused 2.004ms total 44.915ms
08-06 17:48:44.607 13665 14111 I art     : Starting a blocking GC Explicit
08-06 17:48:44.652 13665 14111 I art     : Explicit concurrent mark sweep GC freed 3(96B) AllocSpace objects, 0(0B) LOS objects, 31% free, 35MB/51MB, paused 1.923ms total 45.035ms
08-06 17:48:44.680   918  3261 D WifiStateMachine: starting scan for "H369AA63323"WPA_PSK with 2412,5180
08-06 17:48:45.041 13665 13677 I art     : Starting a blocking GC Explicit
08-06 17:48:45.096 13665 13677 I art     : Explicit concurrent mark sweep GC freed 1369(81KB) AllocSpace objects, 1(20KB) LOS objects, 31% free, 35MB/51MB, paused 1.943ms total 54.198ms
08-06 17:48:45.118 13665 13677 I art     : Starting a blocking GC Explicit
08-06 17:48:45.173 13665 13677 I art     : Explicit concurrent mark sweep GC freed 23(752B) AllocSpace objects, 0(0B) LOS objects, 31% free, 35MB/51MB, paused 2.542ms total 54.351ms
08-06 17:48:45.191 13665 13677 I art     : Starting a blocking GC Explicit
08-06 17:48:45.237 13665 13677 I art     : Explicit concurrent mark sweep GC freed 3(96B) AllocSpace objects, 0(0B) LOS objects, 31% free, 35MB/51MB, paused 1.713ms total 44.858ms
08-06 17:48:45.255 13665 13677 I art     : Starting a blocking GC Explicit
08-06 17:48:45.300 13665 13677 I art     : Explicit concurrent mark sweep GC freed 32(880B) AllocSpace objects, 0(0B) LOS objects, 31% free, 35MB/51MB, paused 1.879ms total 44.700ms
08-06 17:48:45.317 13665 13677 I art     : Starting a blocking GC Explicit
08-06 17:48:45.362 13665 13677 I art     : Explicit concurrent mark sweep GC freed 3(96B) AllocSpace objects, 0(0B) LOS objects, 31% free, 35MB/51MB, paused 1.994ms total 43.985ms
08-06 17:48:45.389  9385  9385 I ServiceManager: Waiting for service AtCmdFwd...
08-06 17:48:45.584   518   646 I ThermalEngine: ACTION: GPU - Setting GPU[0] to 450000000
08-06 17:48:45.689 13665 13775 I art     : Starting a blocking GC Explicit
08-06 17:48:45.730 13665 13775 I art     : Explicit concurrent mark sweep GC freed 1368(82KB) AllocSpace objects, 1(20KB) LOS objects, 31% free, 35MB/51MB, paused 1.463ms total 40.930ms
08-06 17:48:45.746 13665 13775 I art     : Starting a blocking GC Explicit
08-06 17:48:45.782 13665 13775 I art     : Explicit concurrent mark sweep GC freed 23(752B) AllocSpace objects, 0(0B) LOS objects, 31% free, 35MB/51MB, paused 1.270ms total 36.030ms
08-06 17:48:45.795 13665 13775 I art     : Starting a blocking GC Explicit
08-06 17:48:45.831 13665 13775 I art     : Explicit concurrent mark sweep GC freed 3(96B) AllocSpace objects, 0(0B) LOS objects, 31% free, 35MB/51MB, paused 1.281ms total 35.779ms
08-06 17:48:45.843 13665 13775 I art     : Starting a blocking GC Explicit
08-06 17:48:45.879 13665 13775 I art     : Explicit concurrent mark sweep GC freed 3(96B) AllocSpace objects, 0(0B) LOS objects, 31% free, 35MB/51MB, paused 1.292ms total 35.841ms
08-06 17:48:45.891 13665 13775 I art     : Starting a blocking GC Explicit
08-06 17:48:45.926 13665 13775 I art     : Explicit concurrent mark sweep GC freed 3(96B) AllocSpace objects, 0(0B) LOS objects, 31% free, 35MB/51MB, paused 1.357ms total 35.340ms
08-06 17:48:45.932 15971 15971 D AndroidRuntime: >>>>>> START com.android.internal.os.RuntimeInit uid 2000 <<<<<<
08-06 17:48:45.938 15971 15971 D AndroidRuntime: CheckJNI is OFF
08-06 17:48:45.983 15971 15971 D ICU     : No timezone override file found: /data/misc/zoneinfo/current/icu/icu_tzdata.dat
08-06 17:48:46.029 15971 15971 I Radio-JNI: register_android_hardware_Radio DONE
08-06 17:48:46.059 15971 15971 D AndroidRuntime: Calling main entry com.android.commands.input.Input
08-06 17:48:46.061 15971 15971 I Input   : injectMotionEvent: MotionEvent { action=ACTION_DOWN, actionButton=0, id[0]=0, x[0]=1363.0, y[0]=517.0, toolType[0]=TOOL_TYPE_UNKNOWN, buttonState=0, metaState=0, flags=0x0, edgeFlags=0x0, pointerCount=1, historySize=0, eventTime=899342473, downTime=899342473, deviceId=0, source=0x1002 }
08-06 17:48:46.066 15971 15971 I Input   : injectMotionEvent: MotionEvent { action=ACTION_UP, actionButton=0, id[0]=0, x[0]=1363.0, y[0]=517.0, toolType[0]=TOOL_TYPE_UNKNOWN, buttonState=0, metaState=0, flags=0x0, edgeFlags=0x0, pointerCount=1, historySize=0, eventTime=899342473, downTime=899342473, deviceId=0, source=0x1002 }
08-06 17:48:46.068 15971 15971 D AndroidRuntime: Shutting down VM
08-06 17:48:46.077   512  2967 D audio_hw_primary: out_set_parameters: enter: usecase(1: low-latency-playback) kvpairs: routing=2
08-06 17:48:46.077   918  5952 I ActivityManager: START u0 {cmp=baseline.de.danoeh.antennapod.debug/baseline.de.danoeh.antennapod.activity.FeedSettingsActivity (has extras)} from uid 10711 on display 0
08-06 17:48:46.090   512  2967 D audio_hw_primary: select_devices: out_snd_device(2: speaker) in_snd_device(0: none)
08-06 17:48:46.090   512  2967 D msm8974_platform: platform_send_audio_calibration: sending audio calibration for snd_device(2) acdb_id(15)
08-06 17:48:46.091   512  2967 I soundtrigger: audio_extn_sound_trigger_update_device_status: device 0x2 of type 0 for Event 1
08-06 17:48:46.110   512  2967 D audio_hw_primary: enable_snd_device: snd_device(2: speaker)
08-06 17:48:46.112   512  2967 D audio_hw_primary: enable_audio_route: apply and update mixer path: low-latency-playback speaker
08-06 17:48:46.233 13665 14111 I art     : Starting a blocking GC Explicit
08-06 17:48:46.280 13665 14111 I art     : Explicit concurrent mark sweep GC freed 48628(2MB) AllocSpace objects, 1(20KB) LOS objects, 30% free, 36MB/52MB, paused 1.816ms total 46.700ms
08-06 17:48:46.293 13665 14111 I art     : Starting a blocking GC Explicit
08-06 17:48:46.331 13665 14111 I art     : Explicit concurrent mark sweep GC freed 1556(148KB) AllocSpace objects, 0(0B) LOS objects, 29% free, 37MB/53MB, paused 1.617ms total 38.207ms
08-06 17:48:46.342 13665 13685 D DBReader: getFeed() called with: feedId = [1]
08-06 17:48:46.343 13665 13685 D DBReader: getFeedItemList() called with: feed = [baseline.de.danoeh.antennapod.core.feed.Feed@1]
08-06 17:48:46.343 13665 14111 I art     : Starting a blocking GC Explicit
08-06 17:48:46.383 13665 14111 I art     : Explicit concurrent mark sweep GC freed 2595(124KB) AllocSpace objects, 0(0B) LOS objects, 29% free, 37MB/53MB, paused 1.857ms total 39.159ms
08-06 17:48:46.389  9385  9385 W Atfwd_Sendcmd: AtCmdFwd service not published, waiting... retryCnt : 4
08-06 17:48:46.396 13665 14111 I art     : Starting a blocking GC Explicit
08-06 17:48:46.429 13665 14590 D ApOkHttpUrlLoader: buildLoadData() called with: model = [https://content.production.cdn.art19.com/images/89/e0/88/44/89e08844-ac28-4fc0-96fa-15a41fec2014/262c12ed699a8d9720dea0bd66449d998e4a08cf18095bed170ccaa76722045fa5dbf7a366918b2db7e3acf29ad22f6b99fd659a9409cb807bf2781d968932f8.jpeg], width = [1440], height = [462]
08-06 17:48:46.434 13665 14111 I art     : Explicit concurrent mark sweep GC freed 893(46KB) AllocSpace objects, 0(0B) LOS objects, 29% free, 37MB/53MB, paused 2.236ms total 37.065ms
08-06 17:48:46.442 13866 13866 I ShortcutsDataManager: ShortcutsDataManager.onContentChanged():89 onContentChanged()
08-06 17:48:46.445 13665 14111 I art     : Starting a blocking GC Explicit
08-06 17:48:46.447 13665 13665 D FeedSettingsActivity: No filter set
08-06 17:48:46.456   918  3961 W IntentResolver: resolveIntent: multiple matches, only some with CATEGORY_DEFAULT
08-06 17:48:46.463   918  6111 W IntentResolver: resolveIntent: multiple matches, only some with CATEGORY_DEFAULT
08-06 17:48:46.483 13665 14111 I art     : Explicit concurrent mark sweep GC freed 1184(64KB) AllocSpace objects, 0(0B) LOS objects, 29% free, 37MB/53MB, paused 1.645ms total 37.022ms
08-06 17:48:46.537   918   936 I ActivityManager: Displayed baseline.de.danoeh.antennapod.debug/baseline.de.danoeh.antennapod.activity.FeedSettingsActivity: +444ms
08-06 17:48:46.537 13866 13866 I GoogleInputMethodServic: GoogleInputMethodService.onFinishInput():3138 
08-06 17:48:46.538 13866 13866 I GoogleInputMethodServic: GoogleInputMethodService.onStartInput():1808 
08-06 17:48:46.538 13866 13866 I ShortcutsDataManager: AbstractContentDataManager.startImportContentTask():208 startImportContentTask()
08-06 17:48:46.539 13866 13938 I ShortcutsDataManager: AbstractContentDataManager$ImportContentTask.doInBackground():222 doInBackground()
08-06 17:48:46.539 13866 13938 I PersonalDictionaryDataH: PersonalDictionaryDataHandler.beginProcess():111 LanguageTags = [en-US]
08-06 17:48:46.552 13866 13938 I ShortcutsDataManager: AbstractContentDataManager.importRecords():312 importRecords() : Success : Count = 0
08-06 17:48:46.555 13866 13938 I ShortcutsDataManager: AbstractContentDataManager.importContentData():262 importContentData() : Ending import process
08-06 17:48:46.580 13866 13938 I PersonalLanguageModelUp: PersonalLanguageModelUpdater$UpdateOperation.performInternal():160 run() : Added 0 words and 0 shortcuts
08-06 17:48:46.580 13866 13938 I DynamicLanguageModelOpe: DynamicLanguageModelOperation.perform():37 perform() : 4 : coc : Completed
08-06 17:48:46.580 13866 13950 I Delight5Decoder: Delight5DecoderWrapper.loadLanguageModel():578 loadLanguageModel() : 4, version [n/a]
08-06 17:48:46.581 13866 13866 I ShortcutsDataManager: AbstractContentDataManager$ImportContentTask.onPostExecute():233 onPostExecute() : Result = [2,0]
08-06 17:48:46.581 13866 13866 I ShortcutsDataManager: ShortcutsDataManager.onImportFinished():99 onImportFinished() : Result = 2 : Count = 0
08-06 17:48:46.582 13866 13950 I Delight5Decoder: Delight5DecoderWrapper.loadLanguageModel():616 Loaded dynamic LM 4.en
08-06 17:48:46.587 13665 13686 D OpenGLRenderer: endAllStagingAnimators on 0x7f7ee97c00 (RippleDrawable) with handle 0x7f7995a4c0
08-06 17:48:46.650   512  2967 D audio_hw_primary: disable_audio_route: reset and update mixer path: low-latency-playback speaker
08-06 17:48:46.651   512  2967 D audio_hw_primary: disable_snd_device: snd_device(2: speaker)
08-06 17:48:46.662   512  2967 I soundtrigger: audio_extn_sound_trigger_update_device_status: device 0x2 of type 0 for Event 0
08-06 17:48:46.791   380   380 W SurfaceFlinger: couldn't log to binary event log: overflow.
08-06 17:48:46.821 13665 14111 I art     : Starting a blocking GC Explicit
08-06 17:48:46.857 13665 14111 I art     : Explicit concurrent mark sweep GC freed 1928(115KB) AllocSpace objects, 1(20KB) LOS objects, 29% free, 37MB/53MB, paused 1.270ms total 34.846ms
08-06 17:48:46.868 13665 14111 I art     : Starting a blocking GC Explicit
08-06 17:48:46.903 13665 14111 I art     : Explicit concurrent mark sweep GC freed 320(23KB) AllocSpace objects, 0(0B) LOS objects, 29% free, 37MB/53MB, paused 1.234ms total 34.854ms
08-06 17:48:46.912 13665 13665 D PlaybackController: Releasing PlaybackController
08-06 17:48:46.916 13665 14111 I art     : Starting a blocking GC Explicit
08-06 17:48:46.951 13665 14111 I art     : Explicit concurrent mark sweep GC freed 271(14KB) AllocSpace objects, 0(0B) LOS objects, 29% free, 37MB/53MB, paused 1.212ms total 35.587ms
08-06 17:48:46.963 13665 14111 I art     : Starting a blocking GC Explicit
08-06 17:48:47.000 13665 14111 I art     : Explicit concurrent mark sweep GC freed 64(2224B) AllocSpace objects, 0(0B) LOS objects, 29% free, 37MB/53MB, paused 1.337ms total 36.226ms
08-06 17:48:47.012 13665 14111 I art     : Starting a blocking GC Explicit
08-06 17:48:47.049 13665 14111 I art     : Explicit concurrent mark sweep GC freed 51(2240B) AllocSpace objects, 0(0B) LOS objects, 29% free, 37MB/53MB, paused 1.315ms total 36.941ms
08-06 17:48:47.387 13665 13677 I art     : Starting a blocking GC Explicit
08-06 17:48:47.438 13665 13677 I art     : Explicit concurrent mark sweep GC freed 1401(81KB) AllocSpace objects, 1(20KB) LOS objects, 29% free, 37MB/53MB, paused 1.531ms total 50.495ms
08-06 17:48:47.454 13665 13677 I art     : Starting a blocking GC Explicit
08-06 17:48:47.494 13665 13677 I art     : Explicit concurrent mark sweep GC freed 23(752B) AllocSpace objects, 0(0B) LOS objects, 29% free, 37MB/53MB, paused 1.343ms total 39.580ms
08-06 17:48:47.507 13665 13677 I art     : Starting a blocking GC Explicit
08-06 17:48:47.546 13665 13677 I art     : Explicit concurrent mark sweep GC freed 3(96B) AllocSpace objects, 0(0B) LOS objects, 29% free, 37MB/53MB, paused 1.302ms total 39.028ms
08-06 17:48:47.559 13665 13677 I art     : Starting a blocking GC Explicit
08-06 17:48:47.592   518   646 I ThermalEngine: ACTION: GPU - Setting GPU[0] to 390000000
08-06 17:48:47.609 13665 13677 I art     : Explicit concurrent mark sweep GC freed 3(96B) AllocSpace objects, 0(0B) LOS objects, 29% free, 37MB/53MB, paused 2.174ms total 49.640ms
08-06 17:48:47.627 13665 13677 I art     : Starting a blocking GC Explicit
08-06 17:48:47.677 13665 13677 I art     : Explicit concurrent mark sweep GC freed 3(96B) AllocSpace objects, 0(0B) LOS objects, 29% free, 37MB/53MB, paused 2.250ms total 49.339ms
08-06 17:48:48.067 13665 13677 I art     : Starting a blocking GC Explicit
08-06 17:48:48.120 13665 13677 I art     : Explicit concurrent mark sweep GC freed 1403(81KB) AllocSpace objects, 1(20KB) LOS objects, 29% free, 37MB/53MB, paused 2.975ms total 52.909ms
08-06 17:48:48.138 13665 13677 I art     : Starting a blocking GC Explicit
08-06 17:48:48.191 13665 13677 I art     : Explicit concurrent mark sweep GC freed 39(1264B) AllocSpace objects, 0(0B) LOS objects, 29% free, 37MB/53MB, paused 2.150ms total 52.634ms
08-06 17:48:48.210 13665 13677 I art     : Starting a blocking GC Explicit
08-06 17:48:48.261 13665 13677 I art     : Explicit concurrent mark sweep GC freed 10(320B) AllocSpace objects, 0(0B) LOS objects, 29% free, 37MB/53MB, paused 2.051ms total 50.823ms
08-06 17:48:48.280 13665 13677 I art     : Starting a blocking GC Explicit
08-06 17:48:48.329 13665 13677 I art     : Explicit concurrent mark sweep GC freed 32(880B) AllocSpace objects, 0(0B) LOS objects, 29% free, 37MB/53MB, paused 2.359ms total 48.650ms
08-06 17:48:48.348 13665 13677 I art     : Starting a blocking GC Explicit
08-06 17:48:48.394 13665 13677 I art     : Explicit concurrent mark sweep GC freed 3(96B) AllocSpace objects, 0(0B) LOS objects, 29% free, 37MB/53MB, paused 1.951ms total 46.142ms
08-06 17:48:48.750 13665 14111 I art     : Starting a blocking GC Explicit
08-06 17:48:48.761  7541 16053 W Gcs.WfaEliRefreshTask: [29613] afk.b: NULL eligibility response.
08-06 17:48:48.761 24365  3719 I NetworkScheduler.Stats: Task com.google.android.apps.gcs/ started execution. cause:4 exec_start_elapsed_seconds: 1882732 [CONTEXT service_id=218 ]
08-06 17:48:48.781 24365  3719 I NetworkScheduler.Stats: Task com.google.android.apps.gcs/ finished executing. cause:4 result: 3 elapsed_millis: 25 uptime_millis: 25 exec_start_elapsed_seconds: 1882732 [CONTEXT service_id=218 ]
08-06 17:48:48.801 13665 14111 I art     : Explicit concurrent mark sweep GC freed 1367(80KB) AllocSpace objects, 1(20KB) LOS objects, 29% free, 37MB/53MB, paused 1.962ms total 50.504ms
08-06 17:48:48.819 13665 14111 I art     : Starting a blocking GC Explicit
08-06 17:48:48.869 13665 14111 I art     : Explicit concurrent mark sweep GC freed 23(752B) AllocSpace objects, 0(0B) LOS objects, 29% free, 37MB/53MB, paused 2.154ms total 49.574ms
08-06 17:48:48.888 13665 14111 I art     : Starting a blocking GC Explicit
08-06 17:48:48.938 13665 14111 I art     : Explicit concurrent mark sweep GC freed 3(96B) AllocSpace objects, 0(0B) LOS objects, 29% free, 37MB/53MB, paused 2.034ms total 49.607ms
08-06 17:48:48.957 13665 14111 I art     : Starting a blocking GC Explicit
08-06 17:48:49.007 13665 14111 I art     : Explicit concurrent mark sweep GC freed 3(96B) AllocSpace objects, 0(0B) LOS objects, 29% free, 37MB/53MB, paused 1.883ms total 49.628ms
08-06 17:48:49.026 13665 14111 I art     : Starting a blocking GC Explicit
08-06 17:48:49.076 13665 14111 I art     : Explicit concurrent mark sweep GC freed 3(96B) AllocSpace objects, 0(0B) LOS objects, 29% free, 37MB/53MB, paused 1.911ms total 49.576ms
08-06 17:48:49.493 13665 13677 I art     : Starting a blocking GC Explicit
08-06 17:48:49.554 13665 13677 I art     : Explicit concurrent mark sweep GC freed 1396(81KB) AllocSpace objects, 1(20KB) LOS objects, 29% free, 37MB/53MB, paused 2.526ms total 60.397ms
08-06 17:48:49.575 13665 13677 I art     : Starting a blocking GC Explicit
08-06 17:48:49.629 13665 13677 I art     : Explicit concurrent mark sweep GC freed 23(752B) AllocSpace objects, 0(0B) LOS objects, 29% free, 37MB/53MB, paused 2.217ms total 53.953ms
08-06 17:48:49.648 13665 13677 I art     : Starting a blocking GC Explicit
08-06 17:48:49.698 13665 13677 I art     : Explicit concurrent mark sweep GC freed 3(96B) AllocSpace objects, 0(0B) LOS objects, 29% free, 37MB/53MB, paused 2.025ms total 49.752ms
08-06 17:48:49.717 13665 13677 I art     : Starting a blocking GC Explicit
08-06 17:48:49.768 13665 13677 I art     : Explicit concurrent mark sweep GC freed 3(96B) AllocSpace objects, 0(0B) LOS objects, 29% free, 37MB/53MB, paused 2.076ms total 50.153ms
08-06 17:48:49.787 13665 13677 I art     : Starting a blocking GC Explicit
08-06 17:48:49.838 13665 13677 I art     : Explicit concurrent mark sweep GC freed 3(96B) AllocSpace objects, 0(0B) LOS objects, 29% free, 37MB/53MB, paused 2.234ms total 50.667ms
08-06 17:48:50.079   918  3188 I hubconnection: sensorhub said: 'set_bias 3: -5.7600, 0.0000, 0.0000'
08-06 17:48:50.211 13665 14111 I art     : Starting a blocking GC Explicit
08-06 17:48:50.271 13665 14111 I art     : Explicit concurrent mark sweep GC freed 1369(83KB) AllocSpace objects, 1(20KB) LOS objects, 29% free, 37MB/53MB, paused 2.322ms total 59.708ms
08-06 17:48:50.294 13665 14111 I art     : Starting a blocking GC Explicit
08-06 17:48:50.347 13665 14111 I art     : Explicit concurrent mark sweep GC freed 52(1536B) AllocSpace objects, 0(0B) LOS objects, 29% free, 37MB/53MB, paused 1.982ms total 52.226ms
08-06 17:48:50.366 13665 14111 I art     : Starting a blocking GC Explicit
08-06 17:48:50.413 13665 14111 I art     : Explicit concurrent mark sweep GC freed 3(96B) AllocSpace objects, 0(0B) LOS objects, 29% free, 37MB/53MB, paused 1.956ms total 46.799ms
08-06 17:48:50.432 13665 14111 I art     : Starting a blocking GC Explicit
08-06 17:48:50.480 13665 14111 I art     : Explicit concurrent mark sweep GC freed 3(96B) AllocSpace objects, 0(0B) LOS objects, 29% free, 37MB/53MB, paused 2.151ms total 48.217ms
08-06 17:48:50.499 13665 14111 I art     : Starting a blocking GC Explicit
08-06 17:48:50.547 13665 14111 I art     : Explicit concurrent mark sweep GC freed 3(96B) AllocSpace objects, 0(0B) LOS objects, 29% free, 37MB/53MB, paused 1.978ms total 48.322ms
08-06 17:48:50.902 13665 13677 I art     : Starting a blocking GC Explicit
08-06 17:48:50.958 13665 13677 I art     : Explicit concurrent mark sweep GC freed 1368(80KB) AllocSpace objects, 1(20KB) LOS objects, 29% free, 37MB/53MB, paused 2.181ms total 55.709ms
08-06 17:48:50.970 16075 16075 D AndroidRuntime: >>>>>> START com.android.internal.os.RuntimeInit uid 2000 <<<<<<
08-06 17:48:50.977 16075 16075 D AndroidRuntime: CheckJNI is OFF
08-06 17:48:50.978 13665 13677 I art     : Starting a blocking GC Explicit
08-06 17:48:51.024 13665 13677 I art     : Explicit concurrent mark sweep GC freed 23(752B) AllocSpace objects, 0(0B) LOS objects, 29% free, 37MB/53MB, paused 2.042ms total 45.670ms
08-06 17:48:51.027 16075 16075 D ICU     : No timezone override file found: /data/misc/zoneinfo/current/icu/icu_tzdata.dat
08-06 17:48:51.042 13665 13677 I art     : Starting a blocking GC Explicit
08-06 17:48:51.073 16075 16075 I Radio-JNI: register_android_hardware_Radio DONE
08-06 17:48:51.093 13665 13677 I art     : Explicit concurrent mark sweep GC freed 3(96B) AllocSpace objects, 0(0B) LOS objects, 29% free, 37MB/53MB, paused 2.274ms total 50.382ms
08-06 17:48:51.106 16075 16075 D AndroidRuntime: Calling main entry com.android.commands.input.Input
08-06 17:48:51.108 16075 16075 I Input   : injectKeyEvent: KeyEvent { action=ACTION_DOWN, keyCode=KEYCODE_BACK, scanCode=0, metaState=0, flags=0x0, repeatCount=0, eventTime=899347521, downTime=899347521, deviceId=-1, source=0x101 }
08-06 17:48:51.111 13665 13677 I art     : Starting a blocking GC Explicit
08-06 17:48:51.122 16075 16075 I Input   : injectKeyEvent: KeyEvent { action=ACTION_UP, keyCode=KEYCODE_BACK, scanCode=0, metaState=0, flags=0x0, repeatCount=0, eventTime=899347521, downTime=899347521, deviceId=-1, source=0x101 }
08-06 17:48:51.128 16075 16075 D AndroidRuntime: Shutting down VM
08-06 17:48:51.135 13665 13665 V PlaybackController: initServiceNotRunning()
08-06 17:48:51.136 13665 13665 D ExternalPlayerFragment: Loading media info
08-06 17:48:51.140 13665 13665 D ItemlistFragment: onEventMainThread() called with: event = [DownloadEvent{update=DownloaderUpdate{downloaders=[], feedIds=[], mediaIds=[]}}]
08-06 17:48:51.141 13665 14590 D ApOkHttpUrlLoader: buildLoadData() called with: model = [https://content.production.cdn.art19.com/images/89/e0/88/44/89e08844-ac28-4fc0-96fa-15a41fec2014/262c12ed699a8d9720dea0bd66449d998e4a08cf18095bed170ccaa76722045fa5dbf7a366918b2db7e3acf29ad22f6b99fd659a9409cb807bf2781d968932f8.jpeg], width = [1440], height = [462]
08-06 17:48:51.147 13665 13665 D UserPreferences: Using default data folder
08-06 17:48:51.149 13665 13685 D DBReader: getNavDrawerData() called with: 
08-06 17:48:51.154 13665 13685 D DBReader: getDownloadedItems() called
08-06 17:48:51.157 13665 14222 D DBReader: getFeed() called with: feedId = [1]
08-06 17:48:51.158 13665 13685 D DBReader: getFavoriteIDList() called
08-06 17:48:51.164 13665 14222 D DBReader: getFeedItemList() called with: feed = [baseline.de.danoeh.antennapod.core.feed.Feed@1]
08-06 17:48:51.165 13665 13685 D DBReader: getQueueIDList() called
08-06 17:48:51.167 13665 13685 D DBReader: Extracting Feedlist
08-06 17:48:51.168 13665 13677 I art     : Explicit concurrent mark sweep GC freed 753(55KB) AllocSpace objects, 0(0B) LOS objects, 28% free, 40MB/56MB, paused 2.875ms total 56.616ms
08-06 17:48:51.168 13665 13665 D FeedMenuHandler: Preparing options menu
08-06 17:48:51.169 13665 14222 D DBReader: getFavoriteIDList() called
08-06 17:48:51.170 13665 14222 D DBReader: getQueueIDList() called
08-06 17:48:51.171 13665 14222 D DBReader: Extracting Feedlist
08-06 17:48:51.184 13665 13677 I art     : Starting a blocking GC Explicit
08-06 17:48:51.211 13665 13665 D MainActivity: getLastNavFragment() -> 1
08-06 17:48:51.212 13665 14590 D ApOkHttpUrlLoader: buildLoadData() called with: model = [https://content.production.cdn.art19.com/images/89/e0/88/44/89e08844-ac28-4fc0-96fa-15a41fec2014/262c12ed699a8d9720dea0bd66449d998e4a08cf18095bed170ccaa76722045fa5dbf7a366918b2db7e3acf29ad22f6b99fd659a9409cb807bf2781d968932f8.jpeg], width = [1440], height = [462]
08-06 17:48:51.216 13866 13866 I GoogleInputMethodServic: GoogleInputMethodService.onFinishInput():3138 
08-06 17:48:51.216 13866 13866 I GoogleInputMethodServic: GoogleInputMethodService.onStartInput():1808 
08-06 17:48:51.233 13665 13665 D FeedMenuHandler: Preparing options menu
08-06 17:48:51.234 13665 13677 I art     : Explicit concurrent mark sweep GC freed 1257(84KB) AllocSpace objects, 0(0B) LOS objects, 27% free, 43MB/59MB, paused 2.467ms total 49.360ms
08-06 17:48:51.564   380   380 W SurfaceFlinger: couldn't log to binary event log: overflow.
08-06 17:48:51.596   518   646 I ThermalEngine: ACTION: GPU - Setting GPU[0] to 450000000
08-06 17:48:51.607 13665 14111 I art     : Starting a blocking GC Explicit
08-06 17:48:51.644 13665 14111 I art     : Explicit concurrent mark sweep GC freed 4181(229KB) AllocSpace objects, 1(20KB) LOS objects, 27% free, 43MB/59MB, paused 1.278ms total 36.746ms
08-06 17:48:51.656 13665 14111 I art     : Starting a blocking GC Explicit
08-06 17:48:51.692 13665 14111 I art     : Explicit concurrent mark sweep GC freed 8714(450KB) AllocSpace objects, 43(2MB) LOS objects, 28% free, 40MB/56MB, paused 1.331ms total 35.343ms
08-06 17:48:51.704 13665 14111 I art     : Starting a blocking GC Explicit
08-06 17:48:51.740 13665 14111 I art     : Explicit concurrent mark sweep GC freed 3(96B) AllocSpace objects, 0(0B) LOS objects, 28% free, 40MB/56MB, paused 1.358ms total 35.597ms
08-06 17:48:51.752 13665 14111 I art     : Starting a blocking GC Explicit
08-06 17:48:51.788 13665 14111 I art     : Explicit concurrent mark sweep GC freed 3(96B) AllocSpace objects, 0(0B) LOS objects, 28% free, 40MB/56MB, paused 1.427ms total 36.207ms
08-06 17:48:51.800 13665 14111 I art     : Starting a blocking GC Explicit
08-06 17:48:51.837 13665 14111 I art     : Explicit concurrent mark sweep GC freed 3(96B) AllocSpace objects, 0(0B) LOS objects, 28% free, 40MB/56MB, paused 1.341ms total 35.993ms
08-06 17:48:52.167 13665 13775 I art     : Starting a blocking GC Explicit
08-06 17:48:52.205 13665 13775 I art     : Explicit concurrent mark sweep GC freed 1370(83KB) AllocSpace objects, 1(20KB) LOS objects, 28% free, 40MB/56MB, paused 1.408ms total 37.583ms
08-06 17:48:52.219 13665 13775 I art     : Starting a blocking GC Explicit
08-06 17:48:52.258 13665 13775 I art     : Explicit concurrent mark sweep GC freed 23(752B) AllocSpace objects, 0(0B) LOS objects, 28% free, 40MB/56MB, paused 1.419ms total 38.298ms
08-06 17:48:52.270 13665 13775 I art     : Starting a blocking GC Explicit
08-06 17:48:52.306 13665 13775 I art     : Explicit concurrent mark sweep GC freed 32(880B) AllocSpace objects, 0(0B) LOS objects, 28% free, 40MB/56MB, paused 1.329ms total 35.861ms
08-06 17:48:52.318 13665 13775 I art     : Starting a blocking GC Explicit
08-06 17:48:52.354 13665 13775 I art     : Explicit concurrent mark sweep GC freed 3(96B) AllocSpace objects, 0(0B) LOS objects, 28% free, 40MB/56MB, paused 1.337ms total 35.411ms
08-06 17:48:52.367 13665 13775 I art     : Starting a blocking GC Explicit
08-06 17:48:52.401 13665 13775 I art     : Explicit concurrent mark sweep GC freed 3(96B) AllocSpace objects, 0(0B) LOS objects, 28% free, 40MB/56MB, paused 1.348ms total 33.527ms
08-06 17:48:52.721 13665 13677 I art     : Starting a blocking GC Explicit
08-06 17:48:52.765 13665 13677 I art     : Explicit concurrent mark sweep GC freed 1368(80KB) AllocSpace objects, 1(20KB) LOS objects, 28% free, 40MB/56MB, paused 1.414ms total 43.201ms
08-06 17:48:52.777 13665 13677 I art     : Starting a blocking GC Explicit
08-06 17:48:52.813 13665 13677 I art     : Explicit concurrent mark sweep GC freed 24(784B) AllocSpace objects, 0(0B) LOS objects, 28% free, 40MB/56MB, paused 1.335ms total 35.735ms
08-06 17:48:52.826 13665 13677 I art     : Starting a blocking GC Explicit
08-06 17:48:52.863 13665 13677 I art     : Explicit concurrent mark sweep GC freed 9(288B) AllocSpace objects, 0(0B) LOS objects, 28% free, 40MB/56MB, paused 1.391ms total 36.280ms
08-06 17:48:52.875 13665 13677 I art     : Starting a blocking GC Explicit
08-06 17:48:52.911 13665 13677 I art     : Explicit concurrent mark sweep GC freed 9(288B) AllocSpace objects, 0(0B) LOS objects, 28% free, 40MB/56MB, paused 1.490ms total 35.400ms
08-06 17:48:52.915 16119 16119 D AndroidRuntime: >>>>>> START com.android.internal.os.RuntimeInit uid 2000 <<<<<<
08-06 17:48:52.921 16119 16119 D AndroidRuntime: CheckJNI is OFF
08-06 17:48:52.922 13665 13677 I art     : Starting a blocking GC Explicit
08-06 17:48:52.957 13665 13677 I art     : Explicit concurrent mark sweep GC freed 9(288B) AllocSpace objects, 0(0B) LOS objects, 28% free, 40MB/56MB, paused 1.354ms total 33.808ms
08-06 17:48:52.965 16119 16119 D ICU     : No timezone override file found: /data/misc/zoneinfo/current/icu/icu_tzdata.dat
08-06 17:48:53.007 16119 16119 I Radio-JNI: register_android_hardware_Radio DONE
08-06 17:48:53.036 16119 16119 D AndroidRuntime: Calling main entry com.android.commands.input.Input
08-06 17:48:53.038 16119 16119 I Input   : injectMotionEvent: MotionEvent { action=ACTION_DOWN, actionButton=0, id[0]=0, x[0]=1372.0, y[0]=384.0, toolType[0]=TOOL_TYPE_UNKNOWN, buttonState=0, metaState=0, flags=0x0, edgeFlags=0x0, pointerCount=1, historySize=0, eventTime=899349450, downTime=899349450, deviceId=0, source=0x1002 }
08-06 17:48:53.046 16119 16119 I Input   : injectMotionEvent: MotionEvent { action=ACTION_UP, actionButton=0, id[0]=0, x[0]=1372.0, y[0]=384.0, toolType[0]=TOOL_TYPE_UNKNOWN, buttonState=0, metaState=0, flags=0x0, edgeFlags=0x0, pointerCount=1, historySize=0, eventTime=899349450, downTime=899349450, deviceId=0, source=0x1002 }
08-06 17:48:53.049 16119 16119 D AndroidRuntime: Shutting down VM
08-06 17:48:53.052   512  2967 D audio_hw_primary: out_set_parameters: enter: usecase(1: low-latency-playback) kvpairs: routing=2
08-06 17:48:53.053   918  3714 I ActivityManager: START u0 {cmp=baseline.de.danoeh.antennapod.debug/baseline.de.danoeh.antennapod.activity.FeedInfoActivity (has extras)} from uid 10711 on display 0
08-06 17:48:53.066   512  2967 D audio_hw_primary: select_devices: out_snd_device(2: speaker) in_snd_device(0: none)
08-06 17:48:53.066   512  2967 D msm8974_platform: platform_send_audio_calibration: sending audio calibration for snd_device(2) acdb_id(15)
08-06 17:48:53.066   512  2967 I soundtrigger: audio_extn_sound_trigger_update_device_status: device 0x2 of type 0 for Event 1
08-06 17:48:53.077   512  2967 D audio_hw_primary: enable_snd_device: snd_device(2: speaker)
08-06 17:48:53.079   512  2967 D audio_hw_primary: enable_audio_route: apply and update mixer path: low-latency-playback speaker
08-06 17:48:53.100 13665 13691 D DBReader: getFeed() called with: feedId = [1]
08-06 17:48:53.101 13665 13691 D DBReader: getFeedItemList() called with: feed = [baseline.de.danoeh.antennapod.core.feed.Feed@1]
08-06 17:48:53.112 13665 13665 D androidx.gridlayout.widget.GridLayout: horizontal constraints: x2-x0>=1328, x2-x1<=0, x1-x0<=242 are inconsistent; permanently removing: x2-x1<=0. 
08-06 17:48:53.112 13665 13665 D androidx.gridlayout.widget.GridLayout: vertical constraints: y3-y2>=80, y3-y2<=66, y2-y1<=94, y1-y0<=94 are inconsistent; permanently removing: y3-y2<=66. 
08-06 17:48:53.157 13665 13665 D FeedInfoActivity: Language is en
08-06 17:48:53.157 13665 13665 D FeedInfoActivity: Author is The New York Times
08-06 17:48:53.157 13665 13665 D FeedInfoActivity: URL is https://rss.art19.com/nice-white-parents
08-06 17:48:53.162 13665 14590 D ApOkHttpUrlLoader: buildLoadData() called with: model = [https://content.production.cdn.art19.com/images/89/e0/88/44/89e08844-ac28-4fc0-96fa-15a41fec2014/262c12ed699a8d9720dea0bd66449d998e4a08cf18095bed170ccaa76722045fa5dbf7a366918b2db7e3acf29ad22f6b99fd659a9409cb807bf2781d968932f8.jpeg], width = [1440], height = [462]
08-06 17:48:53.173   918  5132 W IntentResolver: resolveIntent: multiple matches, only some with CATEGORY_DEFAULT
08-06 17:48:53.180   918  3696 W IntentResolver: resolveIntent: multiple matches, only some with CATEGORY_DEFAULT
08-06 17:48:53.183 13665 13665 D androidx.gridlayout.widget.GridLayout: horizontal constraints: x2-x0>=1328, x2-x1<=448, x1-x0<=242 are inconsistent; permanently removing: x2-x1<=448. 
08-06 17:48:53.183 13665 13665 D androidx.gridlayout.widget.GridLayout: vertical constraints: y3-y2>=80, y3-y2<=66, y2-y1<=94, y1-y0<=94 are inconsistent; permanently removing: y3-y2<=66. 
08-06 17:48:53.205   918   936 I ActivityManager: Displayed baseline.de.danoeh.antennapod.debug/baseline.de.danoeh.antennapod.activity.FeedInfoActivity: +140ms
08-06 17:48:53.206 13866 13866 I GoogleInputMethodServic: GoogleInputMethodService.onFinishInput():3138 
08-06 17:48:53.206 13866 13866 I GoogleInputMethodServic: GoogleInputMethodService.onStartInput():1808 
08-06 17:48:53.236 13665 13686 D OpenGLRenderer: endAllStagingAnimators on 0x7f7ee97800 (RippleDrawable) with handle 0x7f79474dc0
08-06 17:48:53.261 13665 13677 I art     : Starting a blocking GC Explicit
08-06 17:48:53.299 13665 13677 I art     : Explicit concurrent mark sweep GC freed 4151(270KB) AllocSpace objects, 1(20KB) LOS objects, 26% free, 43MB/59MB, paused 1.335ms total 36.978ms
08-06 17:48:53.311 13665 13677 I art     : Starting a blocking GC Explicit
08-06 17:48:53.345 13665 13677 I art     : Explicit concurrent mark sweep GC freed 475(22KB) AllocSpace objects, 0(0B) LOS objects, 26% free, 43MB/59MB, paused 1.353ms total 34.265ms
08-06 17:48:53.360 13665 13677 I art     : Starting a blocking GC Explicit
08-06 17:48:53.400 13665 13677 I art     : Explicit concurrent mark sweep GC freed 3(96B) AllocSpace objects, 0(0B) LOS objects, 26% free, 43MB/59MB, paused 1.351ms total 40.164ms
08-06 17:48:53.413 13665 13677 I art     : Starting a blocking GC Explicit
08-06 17:48:53.457 13665 13677 I art     : Explicit concurrent mark sweep GC freed 3(96B) AllocSpace objects, 0(0B) LOS objects, 26% free, 43MB/59MB, paused 1.392ms total 43.433ms
08-06 17:48:53.465   380   380 W SurfaceFlinger: couldn't log to binary event log: overflow.
08-06 17:48:53.473 13665 13677 I art     : Starting a blocking GC Explicit
08-06 17:48:53.507 13665 13677 I art     : Explicit concurrent mark sweep GC freed 3(96B) AllocSpace objects, 0(0B) LOS objects, 26% free, 43MB/59MB, paused 1.196ms total 33.731ms
08-06 17:48:53.568 13665 13665 D PlaybackController: Releasing PlaybackController
08-06 17:48:53.605   518   646 I ThermalEngine: ACTION: GPU - Setting GPU[0] to 390000000
08-06 17:48:53.619   512  2967 D audio_hw_primary: disable_audio_route: reset and update mixer path: low-latency-playback speaker
08-06 17:48:53.620   512  2967 D audio_hw_primary: disable_snd_device: snd_device(2: speaker)
08-06 17:48:53.628   512  2967 I soundtrigger: audio_extn_sound_trigger_update_device_status: device 0x2 of type 0 for Event 0
08-06 17:48:53.842 13665 14111 I art     : Starting a blocking GC Explicit
08-06 17:48:53.903 13665 14111 I art     : Explicit concurrent mark sweep GC freed 1645(96KB) AllocSpace objects, 1(20KB) LOS objects, 26% free, 43MB/59MB, paused 2.371ms total 60.130ms
08-06 17:48:53.925 13665 14111 I art     : Starting a blocking GC Explicit
08-06 17:48:53.976 13665 14111 I art     : Explicit concurrent mark sweep GC freed 55(1808B) AllocSpace objects, 0(0B) LOS objects, 26% free, 43MB/59MB, paused 1.915ms total 50.417ms
08-06 17:48:53.994 13665 14111 I art     : Starting a blocking GC Explicit
08-06 17:48:54.043 13665 14111 I art     : Explicit concurrent mark sweep GC freed 3(96B) AllocSpace objects, 0(0B) LOS objects, 26% free, 43MB/59MB, paused 2.411ms total 48.843ms
08-06 17:48:54.065 13665 14111 I art     : Starting a blocking GC Explicit
08-06 17:48:54.113 13665 14111 I art     : Explicit concurrent mark sweep GC freed 3(96B) AllocSpace objects, 0(0B) LOS objects, 26% free, 43MB/59MB, paused 1.939ms total 47.812ms
08-06 17:48:54.132 13665 14111 I art     : Starting a blocking GC Explicit
08-06 17:48:54.180 13665 14111 I art     : Explicit concurrent mark sweep GC freed 3(96B) AllocSpace objects, 0(0B) LOS objects, 26% free, 43MB/59MB, paused 2.033ms total 47.571ms
08-06 17:48:54.531 13665 13678 I art     : Starting a blocking GC Explicit
08-06 17:48:54.594 13665 13678 I art     : Explicit concurrent mark sweep GC freed 1396(81KB) AllocSpace objects, 1(20KB) LOS objects, 26% free, 43MB/59MB, paused 2.296ms total 61.629ms
08-06 17:48:54.613 13665 13678 I art     : Starting a blocking GC Explicit
08-06 17:48:54.661 13665 13678 I art     : Explicit concurrent mark sweep GC freed 23(752B) AllocSpace objects, 0(0B) LOS objects, 26% free, 43MB/59MB, paused 2.020ms total 48.066ms
08-06 17:48:54.680 13665 13678 I art     : Starting a blocking GC Explicit
08-06 17:48:54.729 13665 13678 I art     : Explicit concurrent mark sweep GC freed 4(128B) AllocSpace objects, 0(0B) LOS objects, 26% free, 43MB/59MB, paused 2.388ms total 48.862ms
08-06 17:48:54.755 13665 13678 I art     : Starting a blocking GC Explicit
08-06 17:48:54.808 13665 13678 I art     : Explicit concurrent mark sweep GC freed 15(496B) AllocSpace objects, 0(0B) LOS objects, 26% free, 43MB/59MB, paused 2.422ms total 53.084ms
08-06 17:48:54.827 13665 13678 I art     : Starting a blocking GC Explicit
08-06 17:48:54.880 13665 13678 I art     : Explicit concurrent mark sweep GC freed 11(352B) AllocSpace objects, 0(0B) LOS objects, 26% free, 43MB/59MB, paused 2.038ms total 52.312ms
08-06 17:48:55.240 13665 13678 I art     : Starting a blocking GC Explicit
08-06 17:48:55.293 13665 13678 I art     : Explicit concurrent mark sweep GC freed 1406(81KB) AllocSpace objects, 1(20KB) LOS objects, 26% free, 43MB/59MB, paused 1.997ms total 52.999ms
08-06 17:48:55.312 13665 13678 I art     : Starting a blocking GC Explicit
08-06 17:48:55.360 13665 13678 I art     : Explicit concurrent mark sweep GC freed 24(784B) AllocSpace objects, 0(0B) LOS objects, 26% free, 43MB/59MB, paused 2.281ms total 47.491ms
08-06 17:48:55.378 13665 13678 I art     : Starting a blocking GC Explicit
08-06 17:48:55.426 13665 13678 I art     : Explicit concurrent mark sweep GC freed 3(96B) AllocSpace objects, 0(0B) LOS objects, 26% free, 43MB/59MB, paused 1.885ms total 47.360ms
08-06 17:48:55.444 13665 13678 I art     : Starting a blocking GC Explicit
08-06 17:48:55.492 13665 13678 I art     : Explicit concurrent mark sweep GC freed 3(96B) AllocSpace objects, 0(0B) LOS objects, 26% free, 43MB/59MB, paused 2.007ms total 47.109ms
08-06 17:48:55.510 13665 13678 I art     : Starting a blocking GC Explicit
08-06 17:48:55.561 13665 13678 I art     : Explicit concurrent mark sweep GC freed 3(96B) AllocSpace objects, 0(0B) LOS objects, 26% free, 43MB/59MB, paused 2.576ms total 50.789ms
08-06 17:48:55.961 13665 13677 I art     : Starting a blocking GC Explicit
08-06 17:48:56.020 13665 13677 I art     : Explicit concurrent mark sweep GC freed 1367(80KB) AllocSpace objects, 1(20KB) LOS objects, 26% free, 43MB/59MB, paused 2.393ms total 57.818ms
08-06 17:48:56.041 13665 13677 I art     : Starting a blocking GC Explicit
08-06 17:48:56.088 13665 13677 I art     : Explicit concurrent mark sweep GC freed 23(752B) AllocSpace objects, 0(0B) LOS objects, 26% free, 43MB/59MB, paused 2.133ms total 47.004ms
08-06 17:48:56.107 13665 13677 I art     : Starting a blocking GC Explicit
08-06 17:48:56.154 13665 13677 I art     : Explicit concurrent mark sweep GC freed 3(96B) AllocSpace objects, 0(0B) LOS objects, 26% free, 43MB/59MB, paused 2.011ms total 47.326ms
08-06 17:48:56.172 13665 13677 I art     : Starting a blocking GC Explicit
08-06 17:48:56.221 13665 13677 I art     : Explicit concurrent mark sweep GC freed 3(96B) AllocSpace objects, 0(0B) LOS objects, 26% free, 43MB/59MB, paused 1.970ms total 47.603ms
08-06 17:48:56.239 13665 13677 I art     : Starting a blocking GC Explicit
08-06 17:48:56.289 13665 13677 I art     : Explicit concurrent mark sweep GC freed 3(96B) AllocSpace objects, 0(0B) LOS objects, 26% free, 43MB/59MB, paused 2.395ms total 49.790ms
08-06 17:48:56.669 13665 13775 I art     : Starting a blocking GC Explicit
08-06 17:48:56.712 13665 13775 I art     : Explicit concurrent mark sweep GC freed 1396(81KB) AllocSpace objects, 1(20KB) LOS objects, 26% free, 43MB/59MB, paused 1.970ms total 42.748ms
08-06 17:48:56.729 13665 13775 I art     : Starting a blocking GC Explicit
08-06 17:48:56.771 13665 13775 I art     : Explicit concurrent mark sweep GC freed 23(752B) AllocSpace objects, 0(0B) LOS objects, 26% free, 43MB/59MB, paused 1.927ms total 42.186ms
08-06 17:48:56.787 13665 13775 I art     : Starting a blocking GC Explicit
08-06 17:48:56.829 13665 13775 I art     : Explicit concurrent mark sweep GC freed 3(96B) AllocSpace objects, 0(0B) LOS objects, 26% free, 43MB/59MB, paused 2.032ms total 41.385ms
08-06 17:48:56.845 13665 13775 I art     : Starting a blocking GC Explicit
08-06 17:48:56.889 13665 13775 I art     : Explicit concurrent mark sweep GC freed 3(96B) AllocSpace objects, 0(0B) LOS objects, 26% free, 43MB/59MB, paused 2.408ms total 43.093ms
08-06 17:48:56.906 13665 13775 I art     : Starting a blocking GC Explicit
08-06 17:48:56.953 13665 13775 I art     : Explicit concurrent mark sweep GC freed 3(96B) AllocSpace objects, 0(0B) LOS objects, 26% free, 43MB/59MB, paused 2.009ms total 46.112ms
08-06 17:48:57.314 13665 13678 I art     : Starting a blocking GC Explicit
08-06 17:48:57.361 13665 13678 I art     : Explicit concurrent mark sweep GC freed 1402(84KB) AllocSpace objects, 1(20KB) LOS objects, 26% free, 43MB/59MB, paused 2.098ms total 46.736ms
08-06 17:48:57.379 13665 13678 I art     : Starting a blocking GC Explicit
08-06 17:48:57.424 13665 13678 I art     : Explicit concurrent mark sweep GC freed 23(752B) AllocSpace objects, 0(0B) LOS objects, 26% free, 43MB/59MB, paused 2.009ms total 45.302ms
08-06 17:48:57.442 13665 13678 I art     : Starting a blocking GC Explicit
08-06 17:48:57.488 13665 13678 I art     : Explicit concurrent mark sweep GC freed 3(96B) AllocSpace objects, 0(0B) LOS objects, 26% free, 43MB/59MB, paused 2.247ms total 45.394ms
08-06 17:48:57.506 13665 13678 I art     : Starting a blocking GC Explicit
08-06 17:48:57.553 13665 13678 I art     : Explicit concurrent mark sweep GC freed 3(96B) AllocSpace objects, 0(0B) LOS objects, 26% free, 43MB/59MB, paused 2.362ms total 46.701ms
08-06 17:48:57.571 13665 13678 I art     : Starting a blocking GC Explicit
08-06 17:48:57.610   518   646 I ThermalEngine: ACTION: GPU - Setting GPU[0] to 450000000
08-06 17:48:57.617 13665 13678 I art     : Explicit concurrent mark sweep GC freed 3(96B) AllocSpace objects, 0(0B) LOS objects, 26% free, 43MB/59MB, paused 1.918ms total 45.657ms
08-06 17:48:57.860 16215 16215 D AndroidRuntime: >>>>>> START com.android.internal.os.RuntimeInit uid 2000 <<<<<<
08-06 17:48:57.866 16215 16215 D AndroidRuntime: CheckJNI is OFF
08-06 17:48:57.909 16215 16215 D ICU     : No timezone override file found: /data/misc/zoneinfo/current/icu/icu_tzdata.dat
08-06 17:48:57.935 13665 13677 I art     : Starting a blocking GC Explicit
08-06 17:48:57.952 16215 16215 I Radio-JNI: register_android_hardware_Radio DONE
08-06 17:48:57.972 13665 13677 I art     : Explicit concurrent mark sweep GC freed 1368(80KB) AllocSpace objects, 1(20KB) LOS objects, 26% free, 43MB/59MB, paused 1.304ms total 37.256ms
08-06 17:48:57.982 16215 16215 D AndroidRuntime: Calling main entry com.android.commands.input.Input
08-06 17:48:57.984 16215 16215 I Input   : injectKeyEvent: KeyEvent { action=ACTION_DOWN, keyCode=KEYCODE_BACK, scanCode=0, metaState=0, flags=0x0, repeatCount=0, eventTime=899354397, downTime=899354397, deviceId=-1, source=0x101 }
08-06 17:48:57.985 13665 13677 I art     : Starting a blocking GC Explicit
08-06 17:48:57.991 16215 16215 I Input   : injectKeyEvent: KeyEvent { action=ACTION_UP, keyCode=KEYCODE_BACK, scanCode=0, metaState=0, flags=0x0, repeatCount=0, eventTime=899354397, downTime=899354397, deviceId=-1, source=0x101 }
08-06 17:48:57.997 16215 16215 D AndroidRuntime: Shutting down VM
08-06 17:48:58.002 13665 13665 V PlaybackController: initServiceNotRunning()
08-06 17:48:58.002 13665 13665 D ExternalPlayerFragment: Loading media info
08-06 17:48:58.006 13665 13665 D ItemlistFragment: onEventMainThread() called with: event = [DownloadEvent{update=DownloaderUpdate{downloaders=[], feedIds=[], mediaIds=[]}}]
08-06 17:48:58.007 13665 14590 D ApOkHttpUrlLoader: buildLoadData() called with: model = [https://content.production.cdn.art19.com/images/89/e0/88/44/89e08844-ac28-4fc0-96fa-15a41fec2014/262c12ed699a8d9720dea0bd66449d998e4a08cf18095bed170ccaa76722045fa5dbf7a366918b2db7e3acf29ad22f6b99fd659a9409cb807bf2781d968932f8.jpeg], width = [1440], height = [462]
08-06 17:48:58.009 13665 13665 D UserPreferences: Using default data folder
08-06 17:48:58.010 13665 13691 D DBReader: getNavDrawerData() called with: 
08-06 17:48:58.010 13665 13685 D DBReader: getFeed() called with: feedId = [1]
08-06 17:48:58.012 13665 13685 D DBReader: getFeedItemList() called with: feed = [baseline.de.danoeh.antennapod.core.feed.Feed@1]
08-06 17:48:58.016 13665 13685 D DBReader: getFavoriteIDList() called
08-06 17:48:58.018 13665 13685 D DBReader: getQueueIDList() called
08-06 17:48:58.018 13665 13691 D DBReader: getDownloadedItems() called
08-06 17:48:58.019 13665 13685 D DBReader: Extracting Feedlist
08-06 17:48:58.019 13665 13691 D DBReader: getFavoriteIDList() called
08-06 17:48:58.022 13665 13691 D DBReader: getQueueIDList() called
08-06 17:48:58.024 13665 13677 I art     : Explicit concurrent mark sweep GC freed 782(70KB) AllocSpace objects, 0(0B) LOS objects, 25% free, 46MB/62MB, paused 1.960ms total 38.992ms
08-06 17:48:58.025 13665 13691 D DBReader: Extracting Feedlist
08-06 17:48:58.034 13665 13665 D FeedMenuHandler: Preparing options menu
08-06 17:48:58.036 13665 13677 I art     : Starting a blocking GC Explicit
08-06 17:48:58.070 13665 13677 I art     : Explicit concurrent mark sweep GC freed 831(50KB) AllocSpace objects, 0(0B) LOS objects, 25% free, 46MB/62MB, paused 2.291ms total 33.912ms
08-06 17:48:58.074 13665 14590 D ApOkHttpUrlLoader: buildLoadData() called with: model = [https://content.production.cdn.art19.com/images/89/e0/88/44/89e08844-ac28-4fc0-96fa-15a41fec2014/262c12ed699a8d9720dea0bd66449d998e4a08cf18095bed170ccaa76722045fa5dbf7a366918b2db7e3acf29ad22f6b99fd659a9409cb807bf2781d968932f8.jpeg], width = [1440], height = [462]
08-06 17:48:58.075 13665 13665 D MainActivity: getLastNavFragment() -> 1
08-06 17:48:58.079 13866 13866 I GoogleInputMethodServic: GoogleInputMethodService.onFinishInput():3138 
08-06 17:48:58.080 13866 13866 I GoogleInputMethodServic: GoogleInputMethodService.onStartInput():1808 
08-06 17:48:58.082 13665 13677 I art     : Starting a blocking GC Explicit
08-06 17:48:58.090 13665 13665 D FeedMenuHandler: Preparing options menu
08-06 17:48:58.118 13665 13677 I art     : Explicit concurrent mark sweep GC freed 1721(90KB) AllocSpace objects, 0(0B) LOS objects, 25% free, 46MB/62MB, paused 1.483ms total 35.490ms
08-06 17:48:58.129 13665 13677 I art     : Starting a blocking GC Explicit
08-06 17:48:58.164 13665 13677 I art     : Explicit concurrent mark sweep GC freed 919(56KB) AllocSpace objects, 0(0B) LOS objects, 25% free, 46MB/62MB, paused 1.311ms total 34.824ms
08-06 17:48:58.402   380   380 W SurfaceFlinger: couldn't log to binary event log: overflow.
08-06 17:48:58.469 13665 13677 I art     : Starting a blocking GC Explicit
08-06 17:48:58.506 13665 13677 I art     : Explicit concurrent mark sweep GC freed 2745(156KB) AllocSpace objects, 1(20KB) LOS objects, 25% free, 45MB/61MB, paused 1.325ms total 37.487ms
08-06 17:48:58.518 13665 13677 I art     : Starting a blocking GC Explicit
08-06 17:48:58.555 13665 13677 I art     : Explicit concurrent mark sweep GC freed 2285(143KB) AllocSpace objects, 3(84KB) LOS objects, 25% free, 45MB/61MB, paused 1.302ms total 36.201ms
08-06 17:48:58.567 13665 13677 I art     : Starting a blocking GC Explicit
08-06 17:48:58.603 13665 13677 I art     : Explicit concurrent mark sweep GC freed 3(96B) AllocSpace objects, 0(0B) LOS objects, 25% free, 45MB/61MB, paused 1.343ms total 36.190ms
08-06 17:48:58.616 13665 13677 I art     : Starting a blocking GC Explicit
08-06 17:48:58.652 13665 13677 I art     : Explicit concurrent mark sweep GC freed 3(96B) AllocSpace objects, 0(0B) LOS objects, 25% free, 45MB/61MB, paused 1.334ms total 36.173ms
08-06 17:48:58.664 13665 13677 I art     : Starting a blocking GC Explicit
08-06 17:48:58.701 13665 13677 I art     : Explicit concurrent mark sweep GC freed 3(96B) AllocSpace objects, 0(0B) LOS objects, 25% free, 45MB/61MB, paused 1.393ms total 36.292ms
08-06 17:48:59.035 13665 14111 I art     : Starting a blocking GC Explicit
08-06 17:48:59.084 13665 14111 I art     : Explicit concurrent mark sweep GC freed 1368(80KB) AllocSpace objects, 1(20KB) LOS objects, 25% free, 45MB/61MB, paused 1.429ms total 49.185ms
08-06 17:48:59.099 13665 14111 I art     : Starting a blocking GC Explicit
08-06 17:48:59.137 13665 14111 I art     : Explicit concurrent mark sweep GC freed 23(752B) AllocSpace objects, 0(0B) LOS objects, 25% free, 45MB/61MB, paused 1.583ms total 37.348ms
08-06 17:48:59.149 13665 14111 I art     : Starting a blocking GC Explicit
08-06 17:48:59.186 13665 14111 I art     : Explicit concurrent mark sweep GC freed 3(96B) AllocSpace objects, 0(0B) LOS objects, 25% free, 45MB/61MB, paused 1.330ms total 36.197ms
08-06 17:48:59.198 13665 14111 I art     : Starting a blocking GC Explicit
08-06 17:48:59.235 13665 14111 I art     : Explicit concurrent mark sweep GC freed 3(96B) AllocSpace objects, 0(0B) LOS objects, 25% free, 45MB/61MB, paused 1.281ms total 36.089ms
08-06 17:48:59.247 13665 14111 I art     : Starting a blocking GC Explicit
08-06 17:48:59.282 13665 14111 I art     : Explicit concurrent mark sweep GC freed 3(96B) AllocSpace objects, 0(0B) LOS objects, 25% free, 45MB/61MB, paused 1.355ms total 34.697ms
08-06 17:48:59.596 13665 13775 I art     : Starting a blocking GC Explicit
08-06 17:48:59.642 13665 13775 I art     : Explicit concurrent mark sweep GC freed 1397(82KB) AllocSpace objects, 1(20KB) LOS objects, 25% free, 45MB/61MB, paused 1.487ms total 44.796ms
08-06 17:48:59.660 13665 13775 I art     : Starting a blocking GC Explicit
08-06 17:48:59.699 13665 13775 I art     : Explicit concurrent mark sweep GC freed 28(912B) AllocSpace objects, 0(0B) LOS objects, 25% free, 45MB/61MB, paused 1.584ms total 39.157ms
08-06 17:48:59.711 13665 13775 I art     : Starting a blocking GC Explicit
08-06 17:48:59.745 13665 13775 I art     : Explicit concurrent mark sweep GC freed 9(288B) AllocSpace objects, 0(0B) LOS objects, 25% free, 45MB/61MB, paused 1.304ms total 33.672ms
08-06 17:48:59.757 13665 13775 I art     : Starting a blocking GC Explicit
08-06 17:48:59.789 16259 16259 D AndroidRuntime: >>>>>> START com.android.internal.os.RuntimeInit uid 2000 <<<<<<
08-06 17:48:59.793 13665 13775 I art     : Explicit concurrent mark sweep GC freed 9(288B) AllocSpace objects, 0(0B) LOS objects, 25% free, 45MB/61MB, paused 1.392ms total 34.870ms
08-06 17:48:59.795 16259 16259 D AndroidRuntime: CheckJNI is OFF
08-06 17:48:59.805 13665 13775 I art     : Starting a blocking GC Explicit
08-06 17:48:59.839 16259 16259 D ICU     : No timezone override file found: /data/misc/zoneinfo/current/icu/icu_tzdata.dat
08-06 17:48:59.840 13665 13775 I art     : Explicit concurrent mark sweep GC freed 8(256B) AllocSpace objects, 0(0B) LOS objects, 25% free, 45MB/61MB, paused 1.397ms total 35.012ms
08-06 17:48:59.888 16259 16259 I Radio-JNI: register_android_hardware_Radio DONE
08-06 17:48:59.917 16259 16259 D AndroidRuntime: Calling main entry com.android.commands.input.Input
08-06 17:48:59.920 16259 16259 I Input   : injectMotionEvent: MotionEvent { action=ACTION_DOWN, actionButton=0, id[0]=0, x[0]=733.0, y[0]=896.0, toolType[0]=TOOL_TYPE_UNKNOWN, buttonState=0, metaState=0, flags=0x0, edgeFlags=0x0, pointerCount=1, historySize=0, eventTime=899356332, downTime=899356332, deviceId=0, source=0x1002 }
08-06 17:48:59.927 16259 16259 I Input   : injectMotionEvent: MotionEvent { action=ACTION_UP, actionButton=0, id[0]=0, x[0]=733.0, y[0]=896.0, toolType[0]=TOOL_TYPE_UNKNOWN, buttonState=0, metaState=0, flags=0x0, edgeFlags=0x0, pointerCount=1, historySize=0, eventTime=899356332, downTime=899356332, deviceId=0, source=0x1002 }
08-06 17:48:59.929 16259 16259 D AndroidRuntime: Shutting down VM
08-06 17:48:59.995   512  2967 D audio_hw_primary: out_set_parameters: enter: usecase(1: low-latency-playback) kvpairs: routing=2
08-06 17:49:00.008   512  2967 D audio_hw_primary: select_devices: out_snd_device(2: speaker) in_snd_device(0: none)
08-06 17:49:00.008   512  2967 D msm8974_platform: platform_send_audio_calibration: sending audio calibration for snd_device(2) acdb_id(15)
08-06 17:49:00.009   512  2967 I soundtrigger: audio_extn_sound_trigger_update_device_status: device 0x2 of type 0 for Event 1
08-06 17:49:00.022   512  2967 D audio_hw_primary: enable_snd_device: snd_device(2: speaker)
08-06 17:49:00.024 13665 13665 I WebViewFactory: Loading com.google.android.webview version 84.0.4147.89 (code 414708953)
08-06 17:49:00.025   512  2967 D audio_hw_primary: enable_audio_route: apply and update mixer path: low-latency-playback speaker
08-06 17:49:00.133 13665 13665 I cr_LibraryLoader: Loaded native library version number "84.0.4147.89"
08-06 17:49:00.134 13665 13665 I cr_CachingUmaRecorder: Flushed 5 samples from 5 histograms.
08-06 17:49:00.165 13665 13775 I art     : Starting a blocking GC Explicit
08-06 17:49:00.176 13665 13665 E chromium: [ERROR:filesystem_posix.cc(62)] mkdir /data/user/0/baseline.de.danoeh.antennapod.debug/cache/WebView/Crashpad: No such file or directory (2)
08-06 17:49:00.215 13665 13775 I art     : Explicit concurrent mark sweep GC freed 7693(662KB) AllocSpace objects, 3(60KB) LOS objects, 25% free, 46MB/62MB, paused 1.923ms total 49.647ms
08-06 17:49:00.238 13665 13775 I art     : Starting a blocking GC Explicit
08-06 17:49:00.284 13665 13775 I art     : Explicit concurrent mark sweep GC freed 631(60KB) AllocSpace objects, 0(0B) LOS objects, 25% free, 46MB/62MB, paused 2.041ms total 46.341ms
08-06 17:49:00.298 13665 13775 I art     : Starting a blocking GC Explicit
08-06 17:49:00.302   918  6111 D ConnectivityService: listenForNetwork for Listen from uid/pid:10711/13665 for NetworkRequest [ id=4128, legacyType=-1, [ Capabilities: INTERNET&NOT_RESTRICTED&TRUSTED] ]
08-06 17:49:00.337 13665 13775 I art     : Explicit concurrent mark sweep GC freed 657(72KB) AllocSpace objects, 0(0B) LOS objects, 25% free, 46MB/62MB, paused 2.279ms total 38.696ms
08-06 17:49:00.350 13665 13775 I art     : Starting a blocking GC Explicit
08-06 17:49:00.357 13665 14222 D DBReader: getFeedItem() called with: itemId = [1]
08-06 17:49:00.357 13665 14222 D DBReader: Loading feeditem with id 1
08-06 17:49:00.358 13665 13665 D ItemFragment: onEventMainThread() called with: event = [DownloadEvent{update=DownloaderUpdate{downloaders=[], feedIds=[], mediaIds=[]}}]
08-06 17:49:00.360 13665 14222 D DBReader: getFavoriteIDList() called
08-06 17:49:00.361 13665 14222 D DBReader: getQueueIDList() called
08-06 17:49:00.361 13665 14222 D DBReader: Extracting Feedlist
08-06 17:49:00.364 13866 13866 I GoogleInputMethodServic: GoogleInputMethodService.onFinishInput():3138 
08-06 17:49:00.364 13866 13866 I GoogleInputMethodServic: GoogleInputMethodService.onStartInput():1808 
08-06 17:49:00.373 13665 14222 D DBReader: loadExtraInformationOfFeedItem() called with: item = [FeedItem[autoDownload=1,chapters=<null>,contentEncoded=<null>,description=<null>,feed=baseline.de.danoeh.antennapod.core.feed.Feed@3f00524,feedId=1,flattrStatus=baseline.de.danoeh.antennapod.core.util.flattr.FlattrStatus@c9b588d,hasChapters=false,imageUrl=https://content.production.cdn.art19.com/images/89/e0/88/44/89e08844-ac28-4fc0-96fa-15a41fec2014/262c12ed699a8d9720dea0bd66449d998e4a08cf18095bed170ccaa76722045fa5dbf7a366918b2db7e3acf29ad22f6b99fd659a9409cb807bf2781d968932f8.jpeg,itemIdentifier=gid://art19-episode-locator/V0/-lL0dgLwa3oPs_h85GGX6bAhGDF1XQN4F4yF2mBZS_0,link=<null>,media=baseline.de.danoeh.antennapod.core.feed.FeedMedia@d2dda42,paymentLink=<null>,pubDate=Fri Jul 17 21:27:39 GMT+02:00 2020,state=-1,tags=[],title=Introducing: Nice White Parents,id=1]]
08-06 17:49:00.378 13665 13665 E libEGL  : validate_display:255 error 3008 (EGL_BAD_DISPLAY)
08-06 17:49:00.397 13665 13775 I art     : Explicit concurrent mark sweep GC freed 1899(171KB) AllocSpace objects, 1(68KB) LOS objects, 25% free, 47MB/63MB, paused 1.937ms total 46.974ms
08-06 17:49:00.408 13665 13775 I art     : Starting a blocking GC Explicit
08-06 17:49:00.455   918   935 D BluetoothManagerService: Added callback: android.bluetooth.IBluetoothManagerCallback$Stub$Proxy@5935260:true
08-06 17:49:00.467 13665 13775 I art     : Explicit concurrent mark sweep GC freed 743(64KB) AllocSpace objects, 3(84KB) LOS objects, 25% free, 47MB/63MB, paused 9.751ms total 58.530ms
08-06 17:49:00.471 13665 14590 D ApOkHttpUrlLoader: buildLoadData() called with: model = [https://content.production.cdn.art19.com/images/89/e0/88/44/89e08844-ac28-4fc0-96fa-15a41fec2014/262c12ed699a8d9720dea0bd66449d998e4a08cf18095bed170ccaa76722045fa5dbf7a366918b2db7e3acf29ad22f6b99fd659a9409cb807bf2781d968932f8.jpeg], width = [175], height = [175]
08-06 17:49:00.559   512  2967 D audio_hw_primary: disable_audio_route: reset and update mixer path: low-latency-playback speaker
08-06 17:49:00.560   512  2967 D audio_hw_primary: disable_snd_device: snd_device(2: speaker)
08-06 17:49:00.567   512  2967 I soundtrigger: audio_extn_sound_trigger_update_device_status: device 0x2 of type 0 for Event 0
08-06 17:49:00.621   518   646 I ThermalEngine: ACTION: GPU - Setting GPU[0] to 390000000
08-06 17:49:00.880 13665 14111 I art     : Starting a blocking GC Explicit
08-06 17:49:00.941 13665 14111 I art     : Explicit concurrent mark sweep GC freed 3264(228KB) AllocSpace objects, 2(48KB) LOS objects, 25% free, 47MB/63MB, paused 2.706ms total 61.267ms
08-06 17:49:00.964 13665 14111 I art     : Starting a blocking GC Explicit
08-06 17:49:01.019 13665 14111 I art     : Explicit concurrent mark sweep GC freed 169(7KB) AllocSpace objects, 0(0B) LOS objects, 25% free, 47MB/63MB, paused 2.574ms total 54.141ms
08-06 17:49:01.038 13665 14111 I art     : Starting a blocking GC Explicit
08-06 17:49:01.093 13665 14111 I art     : Explicit concurrent mark sweep GC freed 12(384B) AllocSpace objects, 0(0B) LOS objects, 25% free, 47MB/63MB, paused 2.511ms total 54.218ms
08-06 17:49:01.113 13665 14111 I art     : Starting a blocking GC Explicit
08-06 17:49:01.168 13665 14111 I art     : Explicit concurrent mark sweep GC freed 12(384B) AllocSpace objects, 0(0B) LOS objects, 25% free, 47MB/63MB, paused 2.958ms total 54.699ms
08-06 17:49:01.188 13665 14111 I art     : Starting a blocking GC Explicit
08-06 17:49:01.242 13665 14111 I art     : Explicit concurrent mark sweep GC freed 12(384B) AllocSpace objects, 0(0B) LOS objects, 25% free, 47MB/63MB, paused 2.822ms total 53.738ms
08-06 17:49:01.672 13665 13775 I art     : Starting a blocking GC Explicit
08-06 17:49:01.733 13665 13775 I art     : Explicit concurrent mark sweep GC freed 1465(83KB) AllocSpace objects, 1(20KB) LOS objects, 25% free, 47MB/63MB, paused 2.995ms total 60.633ms
08-06 17:49:01.756 13665 13775 I art     : Starting a blocking GC Explicit
08-06 17:49:01.812 13665 13775 I art     : Explicit concurrent mark sweep GC freed 32(1040B) AllocSpace objects, 0(0B) LOS objects, 25% free, 47MB/63MB, paused 2.249ms total 55.436ms
08-06 17:49:01.832 13665 13775 I art     : Starting a blocking GC Explicit
08-06 17:49:01.887 13665 13775 I art     : Explicit concurrent mark sweep GC freed 11(352B) AllocSpace objects, 0(0B) LOS objects, 25% free, 47MB/63MB, paused 2.664ms total 55.035ms
08-06 17:49:01.907 13665 13775 I art     : Starting a blocking GC Explicit
08-06 17:49:01.962 13665 13775 I art     : Explicit concurrent mark sweep GC freed 13(416B) AllocSpace objects, 0(0B) LOS objects, 25% free, 47MB/63MB, paused 2.324ms total 54.114ms
08-06 17:49:01.983 13665 13775 I art     : Starting a blocking GC Explicit
08-06 17:49:02.037 13665 13775 I art     : Explicit concurrent mark sweep GC freed 17(544B) AllocSpace objects, 0(0B) LOS objects, 25% free, 47MB/63MB, paused 2.226ms total 53.665ms
08-06 17:49:02.453 13665 13677 I art     : Starting a blocking GC Explicit
08-06 17:49:02.517 13665 13677 I art     : Explicit concurrent mark sweep GC freed 1456(83KB) AllocSpace objects, 1(20KB) LOS objects, 25% free, 47MB/63MB, paused 2.439ms total 63.892ms
08-06 17:49:02.540 13665 13677 I art     : Starting a blocking GC Explicit
08-06 17:49:02.595 13665 13677 I art     : Explicit concurrent mark sweep GC freed 23(752B) AllocSpace objects, 0(0B) LOS objects, 25% free, 47MB/63MB, paused 2.476ms total 54.096ms
08-06 17:49:02.614 13665 13677 I art     : Starting a blocking GC Explicit
08-06 17:49:02.668 13665 13677 I art     : Explicit concurrent mark sweep GC freed 3(96B) AllocSpace objects, 0(0B) LOS objects, 25% free, 47MB/63MB, paused 2.380ms total 53.184ms
08-06 17:49:02.687 13665 13677 I art     : Starting a blocking GC Explicit
08-06 17:49:02.741 13665 13677 I art     : Explicit concurrent mark sweep GC freed 3(96B) AllocSpace objects, 0(0B) LOS objects, 25% free, 47MB/63MB, paused 2.566ms total 53.890ms
08-06 17:49:02.764 13665 13677 I art     : Starting a blocking GC Explicit
08-06 17:49:02.827 13665 13677 I art     : Explicit concurrent mark sweep GC freed 3(96B) AllocSpace objects, 0(0B) LOS objects, 25% free, 47MB/63MB, paused 2.384ms total 62.730ms
08-06 17:49:03.259 13665 13775 I art     : Starting a blocking GC Explicit
08-06 17:49:03.319 13665 13775 I art     : Explicit concurrent mark sweep GC freed 1406(81KB) AllocSpace objects, 1(20KB) LOS objects, 25% free, 47MB/63MB, paused 2.708ms total 59.380ms
08-06 17:49:03.340 13665 13775 I art     : Starting a blocking GC Explicit
08-06 17:49:03.394 13665 13775 I art     : Explicit concurrent mark sweep GC freed 23(752B) AllocSpace objects, 0(0B) LOS objects, 25% free, 47MB/63MB, paused 2.156ms total 52.862ms
08-06 17:49:03.413 13665 13775 I art     : Starting a blocking GC Explicit
08-06 17:49:03.469 13665 13775 I art     : Explicit concurrent mark sweep GC freed 3(96B) AllocSpace objects, 0(0B) LOS objects, 25% free, 47MB/63MB, paused 2.717ms total 55.245ms
08-06 17:49:03.492 13665 13775 I art     : Starting a blocking GC Explicit
08-06 17:49:03.545 13665 13775 I art     : Explicit concurrent mark sweep GC freed 3(96B) AllocSpace objects, 0(0B) LOS objects, 25% free, 47MB/63MB, paused 2.187ms total 53.113ms
08-06 17:49:03.565 13665 13775 I art     : Starting a blocking GC Explicit
08-06 17:49:03.618 13665 13775 I art     : Explicit concurrent mark sweep GC freed 27(2208B) AllocSpace objects, 0(0B) LOS objects, 25% free, 47MB/63MB, paused 2.753ms total 53.506ms
08-06 17:49:04.052 13665 14111 I art     : Starting a blocking GC Explicit
08-06 17:49:04.123 13665 14111 I art     : Explicit concurrent mark sweep GC freed 1392(82KB) AllocSpace objects, 1(20KB) LOS objects, 25% free, 47MB/63MB, paused 2.762ms total 70.269ms
08-06 17:49:04.146 13665 14111 I art     : Starting a blocking GC Explicit
08-06 17:49:04.199 13665 14111 I art     : Explicit concurrent mark sweep GC freed 23(752B) AllocSpace objects, 0(0B) LOS objects, 25% free, 47MB/63MB, paused 2.594ms total 52.396ms
08-06 17:49:04.219 13665 14111 I art     : Starting a blocking GC Explicit
08-06 17:49:04.268 13665 14111 I art     : Explicit concurrent mark sweep GC freed 105(7KB) AllocSpace objects, 0(0B) LOS objects, 25% free, 47MB/63MB, paused 2.052ms total 48.916ms
08-06 17:49:04.287 13665 14111 I art     : Starting a blocking GC Explicit
08-06 17:49:04.338 13665 14111 I art     : Explicit concurrent mark sweep GC freed 47(1696B) AllocSpace objects, 0(0B) LOS objects, 25% free, 47MB/63MB, paused 2.055ms total 50.833ms
08-06 17:49:04.356 13665 14111 I art     : Starting a blocking GC Explicit
08-06 17:49:04.406 13665 14111 I art     : Explicit concurrent mark sweep GC freed 3(96B) AllocSpace objects, 0(0B) LOS objects, 25% free, 47MB/63MB, paused 2.038ms total 49.382ms
08-06 17:49:04.683   918  3261 D WifiStateMachine: starting scan for "H369AA63323"WPA_PSK with 2412,5180
08-06 17:49:04.789 13665 13678 I art     : Starting a blocking GC Explicit
08-06 17:49:04.812 16377 16377 D AndroidRuntime: >>>>>> START com.android.internal.os.RuntimeInit uid 2000 <<<<<<
08-06 17:49:04.819 16377 16377 D AndroidRuntime: CheckJNI is OFF
08-06 17:49:04.841 13665 13678 I art     : Explicit concurrent mark sweep GC freed 1378(83KB) AllocSpace objects, 1(20KB) LOS objects, 25% free, 47MB/63MB, paused 2.128ms total 51.357ms
08-06 17:49:04.859 13665 13678 I art     : Starting a blocking GC Explicit
08-06 17:49:04.874 16377 16377 D ICU     : No timezone override file found: /data/misc/zoneinfo/current/icu/icu_tzdata.dat
08-06 17:49:04.911 13665 13678 I art     : Explicit concurrent mark sweep GC freed 23(752B) AllocSpace objects, 0(0B) LOS objects, 25% free, 47MB/63MB, paused 2.176ms total 51.432ms
08-06 17:49:04.919 16377 16377 I Radio-JNI: register_android_hardware_Radio DONE
08-06 17:49:04.930 13665 13678 I art     : Starting a blocking GC Explicit
08-06 17:49:04.952 16377 16377 D AndroidRuntime: Calling main entry com.android.commands.input.Input
08-06 17:49:04.955 16377 16377 I Input   : injectKeyEvent: KeyEvent { action=ACTION_DOWN, keyCode=KEYCODE_BACK, scanCode=0, metaState=0, flags=0x0, repeatCount=0, eventTime=899361368, downTime=899361368, deviceId=-1, source=0x101 }
08-06 17:49:04.968 16377 16377 I Input   : injectKeyEvent: KeyEvent { action=ACTION_UP, keyCode=KEYCODE_BACK, scanCode=0, metaState=0, flags=0x0, repeatCount=0, eventTime=899361368, downTime=899361368, deviceId=-1, source=0x101 }
08-06 17:49:04.981 13665 13678 I art     : Explicit concurrent mark sweep GC freed 38(1488B) AllocSpace objects, 0(0B) LOS objects, 25% free, 47MB/63MB, paused 2.540ms total 51.011ms
08-06 17:49:04.999 13665 13678 I art     : Starting a blocking GC Explicit
08-06 17:49:05.009 13665 13665 D ItemlistFragment: onEventMainThread() called with: event = [DownloadEvent{update=DownloaderUpdate{downloaders=[], feedIds=[], mediaIds=[]}}]
08-06 17:49:05.011 13665 13685 D DBReader: getFeed() called with: feedId = [1]
08-06 17:49:05.012 16377 16377 D AndroidRuntime: Shutting down VM
08-06 17:49:05.016   918  3263 D ConnectivityService: releasing NetworkRequest NetworkRequest [ id=4128, legacyType=-1, [ Capabilities: INTERNET&NOT_RESTRICTED&TRUSTED] ]
08-06 17:49:05.020 13665 13685 D DBReader: getFeedItemList() called with: feed = [baseline.de.danoeh.antennapod.core.feed.Feed@1]
08-06 17:49:05.038 13665 13685 D DBReader: getFavoriteIDList() called
08-06 17:49:05.039 13665 13685 D DBReader: getQueueIDList() called
08-06 17:49:05.041 13665 13685 D DBReader: Extracting Feedlist
08-06 17:49:05.054 13665 13678 I art     : Explicit concurrent mark sweep GC freed 1304(77KB) AllocSpace objects, 0(0B) LOS objects, 25% free, 47MB/63MB, paused 2.288ms total 54.290ms
08-06 17:49:05.063 13665 13665 D FeedMenuHandler: Preparing options menu
08-06 17:49:05.070 13665 13678 I art     : Starting a blocking GC Explicit
08-06 17:49:05.098 13665 14590 D ApOkHttpUrlLoader: buildLoadData() called with: model = [https://content.production.cdn.art19.com/images/89/e0/88/44/89e08844-ac28-4fc0-96fa-15a41fec2014/262c12ed699a8d9720dea0bd66449d998e4a08cf18095bed170ccaa76722045fa5dbf7a366918b2db7e3acf29ad22f6b99fd659a9409cb807bf2781d968932f8.jpeg], width = [1440], height = [462]
08-06 17:49:05.122 13665 13678 I art     : Explicit concurrent mark sweep GC freed 3246(175KB) AllocSpace objects, 3(2MB) LOS objects, 25% free, 47MB/63MB, paused 2.471ms total 51.350ms
08-06 17:49:05.122 13665 14590 D ApOkHttpUrlLoader: buildLoadData() called with: model = [https://content.production.cdn.art19.com/images/89/e0/88/44/89e08844-ac28-4fc0-96fa-15a41fec2014/262c12ed699a8d9720dea0bd66449d998e4a08cf18095bed170ccaa76722045fa5dbf7a366918b2db7e3acf29ad22f6b99fd659a9409cb807bf2781d968932f8.jpeg], width = [1440], height = [462]
08-06 17:49:05.137 13866 13866 I GoogleInputMethodServic: GoogleInputMethodService.onFinishInput():3138 
08-06 17:49:05.137 13866 13866 I GoogleInputMethodServic: GoogleInputMethodService.onStartInput():1808 
08-06 17:49:05.140 13665 13665 D FeedMenuHandler: Preparing options menu
08-06 17:49:05.523 13665 13678 I art     : Starting a blocking GC Explicit
08-06 17:49:05.589 13665 13678 I art     : Explicit concurrent mark sweep GC freed 4262(235KB) AllocSpace objects, 4(284KB) LOS objects, 24% free, 49MB/65MB, paused 2.190ms total 65.142ms
08-06 17:49:05.613 13665 13678 I art     : Starting a blocking GC Explicit
08-06 17:49:05.666 13665 13678 I art     : Explicit concurrent mark sweep GC freed 927(58KB) AllocSpace objects, 0(0B) LOS objects, 24% free, 49MB/65MB, paused 1.892ms total 52.991ms
08-06 17:49:05.690 13665 13678 I art     : Starting a blocking GC Explicit
08-06 17:49:05.751 13665 13678 I art     : Explicit concurrent mark sweep GC freed 3(96B) AllocSpace objects, 0(0B) LOS objects, 24% free, 49MB/65MB, paused 2.097ms total 60.750ms
08-06 17:49:05.770 13665 13678 I art     : Starting a blocking GC Explicit
08-06 17:49:05.825 13665 13678 I art     : Explicit concurrent mark sweep GC freed 3(96B) AllocSpace objects, 0(0B) LOS objects, 24% free, 49MB/65MB, paused 2.133ms total 54.948ms
08-06 17:49:05.848 13665 13678 I art     : Starting a blocking GC Explicit
08-06 17:49:05.903 13665 13678 I art     : Explicit concurrent mark sweep GC freed 3(96B) AllocSpace objects, 0(0B) LOS objects, 24% free, 49MB/65MB, paused 2.181ms total 54.684ms
08-06 17:49:06.304 13665 14111 I art     : Starting a blocking GC Explicit
08-06 17:49:06.355 13665 14111 I art     : Explicit concurrent mark sweep GC freed 1406(81KB) AllocSpace objects, 1(20KB) LOS objects, 24% free, 49MB/65MB, paused 1.908ms total 50.735ms
08-06 17:49:06.374 13665 14111 I art     : Starting a blocking GC Explicit
08-06 17:49:06.390  9385  9385 I ServiceManager: Waiting for service AtCmdFwd...
08-06 17:49:06.424 13665 14111 I art     : Explicit concurrent mark sweep GC freed 23(752B) AllocSpace objects, 0(0B) LOS objects, 24% free, 49MB/65MB, paused 2.059ms total 50.173ms
08-06 17:49:06.443 13665 14111 I art     : Starting a blocking GC Explicit
08-06 17:49:06.494 13665 14111 I art     : Explicit concurrent mark sweep GC freed 3(96B) AllocSpace objects, 0(0B) LOS objects, 24% free, 49MB/65MB, paused 1.978ms total 50.190ms
08-06 17:49:06.513 13665 14111 I art     : Starting a blocking GC Explicit
08-06 17:49:06.562 13665 14111 I art     : Explicit concurrent mark sweep GC freed 3(96B) AllocSpace objects, 0(0B) LOS objects, 24% free, 49MB/65MB, paused 2.124ms total 48.892ms
08-06 17:49:06.581 13665 14111 I art     : Starting a blocking GC Explicit
08-06 17:49:06.639 13665 14111 I art     : Explicit concurrent mark sweep GC freed 6(192B) AllocSpace objects, 0(0B) LOS objects, 24% free, 49MB/65MB, paused 4.183ms total 58.235ms
08-06 17:49:06.932 16423 16423 D AndroidRuntime: >>>>>> START com.android.internal.os.RuntimeInit uid 2000 <<<<<<
08-06 17:49:06.938 16423 16423 D AndroidRuntime: CheckJNI is OFF
08-06 17:49:06.991 16423 16423 D ICU     : No timezone override file found: /data/misc/zoneinfo/current/icu/icu_tzdata.dat
08-06 17:49:07.037 13665 14111 I art     : Starting a blocking GC Explicit
08-06 17:49:07.039 16423 16423 I Radio-JNI: register_android_hardware_Radio DONE
08-06 17:49:07.071 16423 16423 D AndroidRuntime: Calling main entry com.android.commands.input.Input
08-06 17:49:07.074 16423 16423 I Input   : injectMotionEvent: MotionEvent { action=ACTION_DOWN, actionButton=0, id[0]=0, x[0]=103.0, y[0]=192.0, toolType[0]=TOOL_TYPE_UNKNOWN, buttonState=0, metaState=0, flags=0x0, edgeFlags=0x0, pointerCount=1, historySize=0, eventTime=899363486, downTime=899363486, deviceId=0, source=0x1002 }
08-06 17:49:07.079 16423 16423 I Input   : injectMotionEvent: MotionEvent { action=ACTION_UP, actionButton=0, id[0]=0, x[0]=103.0, y[0]=192.0, toolType[0]=TOOL_TYPE_UNKNOWN, buttonState=0, metaState=0, flags=0x0, edgeFlags=0x0, pointerCount=1, historySize=0, eventTime=899363486, downTime=899363486, deviceId=0, source=0x1002 }
08-06 17:49:07.082 16423 16423 D AndroidRuntime: Shutting down VM
08-06 17:49:07.088 13665 14111 I art     : Explicit concurrent mark sweep GC freed 1422(82KB) AllocSpace objects, 1(20KB) LOS objects, 24% free, 49MB/65MB, paused 2.249ms total 50.977ms
08-06 17:49:07.099   512  2967 D audio_hw_primary: out_set_parameters: enter: usecase(1: low-latency-playback) kvpairs: routing=2
08-06 17:49:07.109 13665 14111 I art     : Starting a blocking GC Explicit
08-06 17:49:07.114   512  2967 D audio_hw_primary: select_devices: out_snd_device(2: speaker) in_snd_device(0: none)
08-06 17:49:07.114   512  2967 D msm8974_platform: platform_send_audio_calibration: sending audio calibration for snd_device(2) acdb_id(15)
08-06 17:49:07.114   512  2967 I soundtrigger: audio_extn_sound_trigger_update_device_status: device 0x2 of type 0 for Event 1
08-06 17:49:07.127   512  2967 D audio_hw_primary: enable_snd_device: snd_device(2: speaker)
08-06 17:49:07.131   512  2967 D audio_hw_primary: enable_audio_route: apply and update mixer path: low-latency-playback speaker
08-06 17:49:07.158 13665 14111 I art     : Explicit concurrent mark sweep GC freed 51(1968B) AllocSpace objects, 0(0B) LOS objects, 24% free, 49MB/65MB, paused 2.001ms total 49.557ms
08-06 17:49:07.176 13665 14111 I art     : Starting a blocking GC Explicit
08-06 17:49:07.228 13665 14111 I art     : Explicit concurrent mark sweep GC freed 385(19KB) AllocSpace objects, 0(0B) LOS objects, 24% free, 49MB/65MB, paused 2.105ms total 51.939ms
08-06 17:49:07.247 13665 14111 I art     : Starting a blocking GC Explicit
08-06 17:49:07.300 13665 14111 I art     : Explicit concurrent mark sweep GC freed 36(1168B) AllocSpace objects, 0(0B) LOS objects, 24% free, 49MB/65MB, paused 2.213ms total 52.620ms
08-06 17:49:07.320 13665 14111 I art     : Starting a blocking GC Explicit
08-06 17:49:07.370 13665 14111 I art     : Explicit concurrent mark sweep GC freed 3(96B) AllocSpace objects, 0(0B) LOS objects, 24% free, 49MB/65MB, paused 2.203ms total 49.998ms
08-06 17:49:07.390  9385  9385 I ServiceManager: Waiting for service AtCmdFwd...
08-06 17:49:07.679   512  2967 D audio_hw_primary: disable_audio_route: reset and update mixer path: low-latency-playback speaker
08-06 17:49:07.680   512  2967 D audio_hw_primary: disable_snd_device: snd_device(2: speaker)
08-06 17:49:07.688   512  2967 I soundtrigger: audio_extn_sound_trigger_update_device_status: device 0x2 of type 0 for Event 0
08-06 17:49:07.768 13665 13775 I art     : Starting a blocking GC Explicit
08-06 17:49:07.823 13665 13775 I art     : Explicit concurrent mark sweep GC freed 1383(84KB) AllocSpace objects, 1(20KB) LOS objects, 24% free, 49MB/65MB, paused 2.142ms total 54.644ms
08-06 17:49:07.842 13665 13775 I art     : Starting a blocking GC Explicit
08-06 17:49:07.893 13665 13775 I art     : Explicit concurrent mark sweep GC freed 33(1072B) AllocSpace objects, 0(0B) LOS objects, 24% free, 49MB/65MB, paused 1.944ms total 50.689ms
08-06 17:49:07.916 13665 13775 I art     : Starting a blocking GC Explicit
08-06 17:49:07.971 13665 13775 I art     : Explicit concurrent mark sweep GC freed 3(96B) AllocSpace objects, 0(0B) LOS objects, 24% free, 49MB/65MB, paused 1.971ms total 54.922ms
08-06 17:49:07.990 13665 13775 I art     : Starting a blocking GC Explicit
08-06 17:49:08.046 13665 13775 I art     : Explicit concurrent mark sweep GC freed 3(96B) AllocSpace objects, 0(0B) LOS objects, 24% free, 49MB/65MB, paused 2.168ms total 54.940ms
08-06 17:49:08.069 13665 13775 I art     : Starting a blocking GC Explicit
08-06 17:49:08.125 13665 13775 I art     : Explicit concurrent mark sweep GC freed 3(96B) AllocSpace objects, 0(0B) LOS objects, 24% free, 49MB/65MB, paused 2.549ms total 55.546ms
08-06 17:49:08.391  9385  9385 I ServiceManager: Waiting for service AtCmdFwd...
08-06 17:49:08.517 13665 14111 I art     : Starting a blocking GC Explicit
08-06 17:49:08.571 13665 14111 I art     : Explicit concurrent mark sweep GC freed 1409(81KB) AllocSpace objects, 1(20KB) LOS objects, 24% free, 49MB/65MB, paused 2.092ms total 53.503ms
08-06 17:49:08.589 13665 14111 I art     : Starting a blocking GC Explicit
08-06 17:49:08.639 13665 14111 I art     : Explicit concurrent mark sweep GC freed 23(752B) AllocSpace objects, 0(0B) LOS objects, 24% free, 49MB/65MB, paused 2.266ms total 49.767ms
08-06 17:49:08.658 13665 14111 I art     : Starting a blocking GC Explicit
08-06 17:49:08.708 13665 14111 I art     : Explicit concurrent mark sweep GC freed 3(96B) AllocSpace objects, 0(0B) LOS objects, 24% free, 49MB/65MB, paused 2.221ms total 49.978ms
08-06 17:49:08.726 13665 14111 I art     : Starting a blocking GC Explicit
08-06 17:49:08.780 13665 14111 I art     : Explicit concurrent mark sweep GC freed 7(224B) AllocSpace objects, 0(0B) LOS objects, 24% free, 49MB/65MB, paused 2.586ms total 53.321ms
08-06 17:49:08.799 13665 14111 I art     : Starting a blocking GC Explicit
08-06 17:49:08.850 13665 14111 I art     : Explicit concurrent mark sweep GC freed 13(416B) AllocSpace objects, 0(0B) LOS objects, 24% free, 49MB/65MB, paused 2.209ms total 51.018ms
08-06 17:49:08.995 16460 16460 D AndroidRuntime: >>>>>> START com.android.internal.os.RuntimeInit uid 2000 <<<<<<
08-06 17:49:09.001 16460 16460 D AndroidRuntime: CheckJNI is OFF
08-06 17:49:09.058 16460 16460 D ICU     : No timezone override file found: /data/misc/zoneinfo/current/icu/icu_tzdata.dat
08-06 17:49:09.104 16460 16460 I Radio-JNI: register_android_hardware_Radio DONE
08-06 17:49:09.137 16460 16460 D AndroidRuntime: Calling main entry com.android.commands.input.Input
08-06 17:49:09.139 16460 16460 I Input   : injectMotionEvent: MotionEvent { action=ACTION_DOWN, actionButton=0, id[0]=0, x[0]=409.0, y[0]=1034.0, toolType[0]=TOOL_TYPE_UNKNOWN, buttonState=0, metaState=0, flags=0x0, edgeFlags=0x0, pointerCount=1, historySize=0, eventTime=899365551, downTime=899365551, deviceId=0, source=0x1002 }
08-06 17:49:09.144 16460 16460 I Input   : injectMotionEvent: MotionEvent { action=ACTION_UP, actionButton=0, id[0]=0, x[0]=409.0, y[0]=1034.0, toolType[0]=TOOL_TYPE_UNKNOWN, buttonState=0, metaState=0, flags=0x0, edgeFlags=0x0, pointerCount=1, historySize=0, eventTime=899365551, downTime=899365551, deviceId=0, source=0x1002 }
08-06 17:49:09.148 16460 16460 D AndroidRuntime: Shutting down VM
08-06 17:49:09.210 13665 13665 D MainActivity: loadFragment(index: 5, args: null)
08-06 17:49:09.211 13665 13665 D MainActivity: loadFragment(tag: AddFeedFragment, args: null)
08-06 17:49:09.212 13665 13665 D MainActivity: saveLastNavFragment(tag: AddFeedFragment)
08-06 17:49:09.212 13665 13665 D MainActivity: getLastNavFragment() -> AddFeedFragment
08-06 17:49:09.214   512  2967 D audio_hw_primary: out_set_parameters: enter: usecase(1: low-latency-playback) kvpairs: routing=2
08-06 17:49:09.228   512  2967 D audio_hw_primary: select_devices: out_snd_device(2: speaker) in_snd_device(0: none)
08-06 17:49:09.228   512  2967 D msm8974_platform: platform_send_audio_calibration: sending audio calibration for snd_device(2) acdb_id(15)
08-06 17:49:09.229   512  2967 I soundtrigger: audio_extn_sound_trigger_update_device_status: device 0x2 of type 0 for Event 1
08-06 17:49:09.234 13665 13677 I art     : Starting a blocking GC Explicit
08-06 17:49:09.253   512  2967 D audio_hw_primary: enable_snd_device: snd_device(2: speaker)
08-06 17:49:09.256   512  2967 D audio_hw_primary: enable_audio_route: apply and update mixer path: low-latency-playback speaker
08-06 17:49:09.271 13866 13866 I GoogleInputMethodServic: GoogleInputMethodService.onFinishInput():3138 
08-06 17:49:09.272 13866 13866 I GoogleInputMethodServic: GoogleInputMethodService.onStartInput():1808 
08-06 17:49:09.291 13665 13677 I art     : Explicit concurrent mark sweep GC freed 3374(182KB) AllocSpace objects, 2(40KB) LOS objects, 24% free, 49MB/65MB, paused 3.530ms total 56.082ms
08-06 17:49:09.307 13665 13677 I art     : Starting a blocking GC Explicit
08-06 17:49:09.356 13665 13677 I art     : Explicit concurrent mark sweep GC freed 469(22KB) AllocSpace objects, 0(0B) LOS objects, 24% free, 49MB/65MB, paused 1.847ms total 48.714ms
08-06 17:49:09.374 13665 13677 I art     : Starting a blocking GC Explicit
08-06 17:49:09.391  9385  9385 I ServiceManager: Waiting for service AtCmdFwd...
08-06 17:49:09.422 13665 13677 I art     : Explicit concurrent mark sweep GC freed 2433(149KB) AllocSpace objects, 9(3MB) LOS objects, 25% free, 46MB/62MB, paused 2.648ms total 47.100ms
08-06 17:49:09.441 13665 13677 I art     : Starting a blocking GC Explicit
08-06 17:49:09.490 13665 13677 I art     : Explicit concurrent mark sweep GC freed 7(224B) AllocSpace objects, 0(0B) LOS objects, 25% free, 46MB/62MB, paused 2.140ms total 49.366ms
08-06 17:49:09.510 13665 13677 I art     : Starting a blocking GC Explicit
08-06 17:49:09.561 13665 13677 I art     : Explicit concurrent mark sweep GC freed 3(96B) AllocSpace objects, 0(0B) LOS objects, 25% free, 46MB/62MB, paused 2.398ms total 50.896ms
08-06 17:49:09.659 13866 13866 I GoogleInputMethodServic: GoogleInputMethodService.onFinishInput():3138 
08-06 17:49:09.660 13866 13866 I GoogleInputMethodServic: GoogleInputMethodService.onStartInput():1808 
08-06 17:49:09.810   512  2967 D audio_hw_primary: disable_audio_route: reset and update mixer path: low-latency-playback speaker
08-06 17:49:09.812   512  2967 D audio_hw_primary: disable_snd_device: snd_device(2: speaker)
08-06 17:49:09.820   512  2967 I soundtrigger: audio_extn_sound_trigger_update_device_status: device 0x2 of type 0 for Event 0
08-06 17:49:09.952 13665 13677 I art     : Starting a blocking GC Explicit
08-06 17:49:10.006 13665 13677 I art     : Explicit concurrent mark sweep GC freed 1564(90KB) AllocSpace objects, 1(20KB) LOS objects, 25% free, 46MB/62MB, paused 2.135ms total 53.098ms
08-06 17:49:10.027 13665 13677 I art     : Starting a blocking GC Explicit
08-06 17:49:10.077 13665 13677 I art     : Explicit concurrent mark sweep GC freed 108(5KB) AllocSpace objects, 0(0B) LOS objects, 25% free, 46MB/62MB, paused 2.037ms total 49.244ms
08-06 17:49:10.095 13665 13677 I art     : Starting a blocking GC Explicit
08-06 17:49:10.146 13665 13677 I art     : Explicit concurrent mark sweep GC freed 5(160B) AllocSpace objects, 0(0B) LOS objects, 25% free, 46MB/62MB, paused 2.166ms total 50.095ms
08-06 17:49:10.166 13665 13677 I art     : Starting a blocking GC Explicit
08-06 17:49:10.214 13665 13677 I art     : Explicit concurrent mark sweep GC freed 3(96B) AllocSpace objects, 0(0B) LOS objects, 25% free, 46MB/62MB, paused 1.900ms total 48.177ms
08-06 17:49:10.233 13665 13677 I art     : Starting a blocking GC Explicit
08-06 17:49:10.284 13665 13677 I art     : Explicit concurrent mark sweep GC freed 3(96B) AllocSpace objects, 0(0B) LOS objects, 25% free, 46MB/62MB, paused 2.006ms total 50.860ms
08-06 17:49:10.392  9385  9385 I ServiceManager: Waiting for service AtCmdFwd...
08-06 17:49:10.649 13665 14111 I art     : Starting a blocking GC Explicit
08-06 17:49:10.706 13665 14111 I art     : Explicit concurrent mark sweep GC freed 1423(82KB) AllocSpace objects, 1(20KB) LOS objects, 25% free, 46MB/62MB, paused 2.114ms total 56.060ms
08-06 17:49:10.724 13665 14111 I art     : Starting a blocking GC Explicit
08-06 17:49:10.773 13665 14111 I art     : Explicit concurrent mark sweep GC freed 29(976B) AllocSpace objects, 0(0B) LOS objects, 25% free, 46MB/62MB, paused 2.130ms total 48.929ms
08-06 17:49:10.791 13665 14111 I art     : Starting a blocking GC Explicit
08-06 17:49:10.842 13665 14111 I art     : Explicit concurrent mark sweep GC freed 3(96B) AllocSpace objects, 0(0B) LOS objects, 25% free, 46MB/62MB, paused 1.938ms total 50.116ms
08-06 17:49:10.860 13665 14111 I art     : Starting a blocking GC Explicit
08-06 17:49:10.913 13665 14111 I art     : Explicit concurrent mark sweep GC freed 6(192B) AllocSpace objects, 0(0B) LOS objects, 25% free, 46MB/62MB, paused 2.078ms total 52.379ms
08-06 17:49:10.934 13665 14111 I art     : Starting a blocking GC Explicit
08-06 17:49:10.985 13665 14111 I art     : Explicit concurrent mark sweep GC freed 13(416B) AllocSpace objects, 0(0B) LOS objects, 25% free, 46MB/62MB, paused 2.203ms total 50.780ms
08-06 17:49:11.052 16501 16501 D AndroidRuntime: >>>>>> START com.android.internal.os.RuntimeInit uid 2000 <<<<<<
08-06 17:49:11.060 16501 16501 D AndroidRuntime: CheckJNI is OFF
08-06 17:49:11.126 16501 16501 D ICU     : No timezone override file found: /data/misc/zoneinfo/current/icu/icu_tzdata.dat
08-06 17:49:11.186 16501 16501 I Radio-JNI: register_android_hardware_Radio DONE
08-06 17:49:11.221 16501 16501 D AndroidRuntime: Calling main entry com.android.commands.input.Input
08-06 17:49:11.223 16501 16501 I Input   : injectMotionEvent: MotionEvent { action=ACTION_DOWN, actionButton=0, id[0]=0, x[0]=603.0, y[0]=1061.0, toolType[0]=TOOL_TYPE_UNKNOWN, buttonState=0, metaState=0, flags=0x0, edgeFlags=0x0, pointerCount=1, historySize=0, eventTime=899367636, downTime=899367636, deviceId=0, source=0x1002 }
08-06 17:49:11.227 16501 16501 I Input   : injectMotionEvent: MotionEvent { action=ACTION_UP, actionButton=0, id[0]=0, x[0]=603.0, y[0]=1061.0, toolType[0]=TOOL_TYPE_UNKNOWN, buttonState=0, metaState=0, flags=0x0, edgeFlags=0x0, pointerCount=1, historySize=0, eventTime=899367636, downTime=899367636, deviceId=0, source=0x1002 }
08-06 17:49:11.230 16501 16501 D AndroidRuntime: Shutting down VM
08-06 17:49:11.237   512  2967 D audio_hw_primary: out_set_parameters: enter: usecase(1: low-latency-playback) kvpairs: routing=2
08-06 17:49:11.250   512  2967 D audio_hw_primary: select_devices: out_snd_device(2: speaker) in_snd_device(0: none)
08-06 17:49:11.250   512  2967 D msm8974_platform: platform_send_audio_calibration: sending audio calibration for snd_device(2) acdb_id(15)
08-06 17:49:11.251   512  2967 I soundtrigger: audio_extn_sound_trigger_update_device_status: device 0x2 of type 0 for Event 1
08-06 17:49:11.260   512  2967 D audio_hw_primary: enable_snd_device: snd_device(2: speaker)
08-06 17:49:11.262   512  2967 D audio_hw_primary: enable_audio_route: apply and update mixer path: low-latency-playback speaker
08-06 17:49:11.324 13866 13866 I GoogleInputMethodServic: GoogleInputMethodService.onFinishInput():3138 
08-06 17:49:11.325 13866 13866 I GoogleInputMethodServic: GoogleInputMethodService.onStartInput():1808 
08-06 17:49:11.366 13665 14111 I art     : Starting a blocking GC Explicit
08-06 17:49:11.392  9385  9385 W Atfwd_Sendcmd: AtCmdFwd service not published, waiting... retryCnt : 5
08-06 17:49:11.428 13665 14111 I art     : Explicit concurrent mark sweep GC freed 4907(342KB) AllocSpace objects, 1(20KB) LOS objects, 25% free, 47MB/63MB, paused 2.355ms total 61.503ms
08-06 17:49:11.445 13665 14111 I art     : Starting a blocking GC Explicit
08-06 17:49:11.494 13665 14111 I art     : Explicit concurrent mark sweep GC freed 1804(92KB) AllocSpace objects, 1(220KB) LOS objects, 25% free, 46MB/62MB, paused 2.310ms total 48.868ms
08-06 17:49:11.512 13665 14111 I art     : Starting a blocking GC Explicit
08-06 17:49:11.562 13665 14111 I art     : Explicit concurrent mark sweep GC freed 43(1632B) AllocSpace objects, 0(0B) LOS objects, 25% free, 46MB/62MB, paused 2.201ms total 49.412ms
08-06 17:49:11.580 13665 14111 I art     : Starting a blocking GC Explicit
08-06 17:49:11.630 13665 14111 I art     : Explicit concurrent mark sweep GC freed 42(1584B) AllocSpace objects, 0(0B) LOS objects, 25% free, 46MB/62MB, paused 2.318ms total 49.848ms
08-06 17:49:11.648 13665 14111 I art     : Starting a blocking GC Explicit
08-06 17:49:11.696 13665 14111 I art     : Explicit concurrent mark sweep GC freed 40(1536B) AllocSpace objects, 0(0B) LOS objects, 25% free, 46MB/62MB, paused 2.010ms total 47.549ms
08-06 17:49:11.799   512  2967 D audio_hw_primary: disable_audio_route: reset and update mixer path: low-latency-playback speaker
08-06 17:49:11.800   512  2967 D audio_hw_primary: disable_snd_device: snd_device(2: speaker)
08-06 17:49:11.808   512  2967 I soundtrigger: audio_extn_sound_trigger_update_device_status: device 0x2 of type 0 for Event 0
08-06 17:49:12.075 13665 13677 I art     : Starting a blocking GC Explicit
08-06 17:49:12.132 13665 13677 I art     : Explicit concurrent mark sweep GC freed 4808(215KB) AllocSpace objects, 1(20KB) LOS objects, 25% free, 46MB/62MB, paused 2.394ms total 57.228ms
08-06 17:49:12.150 13665 13677 I art     : Starting a blocking GC Explicit
08-06 17:49:12.159 13665 16536 I NAPPA_EXPERIMENTATION: MetricNetworkRequestExecutionTime: REQUEST_DURATION_SYSTEM='849',REQUEST_DURATION_OKHTTP='41',REQUEST_SYNCHRONOUS='TRUE',RESPONSE_CODE='200',RESPONSE_METHOD='GET',RESPONSE_LENGTH_OKHTTP='2923',RESPONSE_LENGTH_HEADER='2923',REQUEST_PROTOCOL='http/1.1',REQUEST_URL='https://gpodder.net/api/2/tags/50.json',
08-06 17:49:12.178 13665 16535 I NAPPA_EXPERIMENTATION: MetricNetworkRequestExecutionTime: REQUEST_DURATION_SYSTEM='874',REQUEST_DURATION_OKHTTP='52',REQUEST_SYNCHRONOUS='TRUE',RESPONSE_CODE='200',RESPONSE_METHOD='GET',RESPONSE_LENGTH_OKHTTP='37507',RESPONSE_LENGTH_HEADER='37507',REQUEST_PROTOCOL='http/1.1',REQUEST_URL='https://gpodder.net/toplist/50.json',
08-06 17:49:12.205 13665 13677 I art     : Explicit concurrent mark sweep GC freed 2951(279KB) AllocSpace objects, 2(116KB) LOS objects, 25% free, 46MB/62MB, paused 3.512ms total 54.366ms
08-06 17:49:12.223 13665 13677 I art     : Starting a blocking GC Explicit
08-06 17:49:12.247 13665 14590 D ApOkHttpUrlLoader: buildLoadData() called with: model = [http://sixgun.org/files/linuxoutlaws.jpg], width = [224], height = [224]
08-06 17:49:12.249 13665 14424 D DBReader: getImageAuthentication() called with: imageUrl = [http://sixgun.org/files/linuxoutlaws.jpg]
08-06 17:49:12.251 13665 14424 D ApOkHttpUrlLoader: no credentials for 'http://sixgun.org/files/linuxoutlaws.jpg'
08-06 17:49:12.260 13665 14590 D ApOkHttpUrlLoader: buildLoadData() called with: model = [https://files.thisamericanlife.org/sites/all/themes/thislife/img/tal-name-1400x1400.png], width = [224], height = [224]
08-06 17:49:12.262 13665 14423 D DBReader: getImageAuthentication() called with: imageUrl = [https://files.thisamericanlife.org/sites/all/themes/thislife/img/tal-name-1400x1400.png]
08-06 17:49:12.263 13665 14423 D ApOkHttpUrlLoader: no credentials for 'https://files.thisamericanlife.org/sites/all/themes/thislife/img/tal-name-1400x1400.png'
08-06 17:49:12.273 13665 14590 D ApOkHttpUrlLoader: buildLoadData() called with: model = [https://elroy.twit.tv/sites/default/files/styles/twit_album_art_2048x2048/public/images/shows/floss_weekly/album_art/audio/floss_albumart_mask.jpg?itok=IUjxKpwt], width = [224], height = [224]
08-06 17:49:12.274 13665 13677 I art     : Explicit concurrent mark sweep GC freed 2617(124KB) AllocSpace objects, 1(76KB) LOS objects, 25% free, 46MB/62MB, paused 2.668ms total 50.868ms
08-06 17:49:12.276 13665 14425 D DBReader: getImageAuthentication() called with: imageUrl = [https://elroy.twit.tv/sites/default/files/styles/twit_album_art_2048x2048/public/images/shows/floss_weekly/album_art/audio/floss_albumart_mask.jpg?itok=IUjxKpwt]
08-06 17:49:12.278 13665 14425 D ApOkHttpUrlLoader: no credentials for 'https://elroy.twit.tv/sites/default/files/styles/twit_album_art_2048x2048/public/images/shows/floss_weekly/album_art/audio/floss_albumart_mask.jpg?itok=IUjxKpwt'
08-06 17:49:12.282 13665 14590 D ApOkHttpUrlLoader: buildLoadData() called with: model = [http://ichef.bbci.co.uk/images/ic/3000x3000/p07kfvzb.jpg], width = [224], height = [224]
08-06 17:49:12.284 13665 14421 D DBReader: getImageAuthentication() called with: imageUrl = [http://ichef.bbci.co.uk/images/ic/3000x3000/p07kfvzb.jpg]
08-06 17:49:12.286 13665 14421 D ApOkHttpUrlLoader: no credentials for 'http://ichef.bbci.co.uk/images/ic/3000x3000/p07kfvzb.jpg'
08-06 17:49:12.290 13665 13677 I art     : Starting a blocking GC Explicit
08-06 17:49:12.293 13665 14590 D ApOkHttpUrlLoader: buildLoadData() called with: model = [https://pl.tedcdn.com/rss_feed_images/ted_talks_main_podcast/video.png], width = [224], height = [224]
08-06 17:49:12.295 13665 14417 D DBReader: getImageAuthentication() called with: imageUrl = [https://pl.tedcdn.com/rss_feed_images/ted_talks_main_podcast/video.png]
08-06 17:49:12.297 13665 14417 D ApOkHttpUrlLoader: no credentials for 'https://pl.tedcdn.com/rss_feed_images/ted_talks_main_podcast/video.png'
08-06 17:49:12.299 13665 14424 D DBWriter: updateFeedDownloadURL(original: http://sixgun.org/files/linuxoutlaws.jpg, updated: https://fab.industries/sixgun/files/linuxoutlaws.jpg)
08-06 17:49:12.303 13665 14590 D ApOkHttpUrlLoader: buildLoadData() called with: model = [https://elroy.twit.tv/sites/default/files/styles/twit_album_art_2048x2048/public/images/shows/this_week_in_tech/album_art/audio/twit1400audio.jpg?itok=J0vhatZb], width = [224], height = [224]
08-06 17:49:12.307 13665 14419 D DBReader: getImageAuthentication() called with: imageUrl = [https://elroy.twit.tv/sites/default/files/styles/twit_album_art_2048x2048/public/images/shows/this_week_in_tech/album_art/audio/twit1400audio.jpg?itok=J0vhatZb]
08-06 17:49:12.309 13665 14419 D ApOkHttpUrlLoader: no credentials for 'https://elroy.twit.tv/sites/default/files/styles/twit_album_art_2048x2048/public/images/shows/this_week_in_tech/album_art/audio/twit1400audio.jpg?itok=J0vhatZb'
08-06 17:49:12.311 13665 14590 D ApOkHttpUrlLoader: buildLoadData() called with: model = [http://ichef.bbci.co.uk/images/ic/3000x3000/p03gtk3j.jpg], width = [224], height = [224]
08-06 17:49:12.313 13665 14426 D DBReader: getImageAuthentication() called with: imageUrl = [http://ichef.bbci.co.uk/images/ic/3000x3000/p03gtk3j.jpg]
08-06 17:49:12.315 13665 14426 D ApOkHttpUrlLoader: no credentials for 'http://ichef.bbci.co.uk/images/ic/3000x3000/p03gtk3j.jpg'
08-06 17:49:12.345 13665 14421 D MYTAG   : interceptor 2a
08-06 17:49:12.346 13665 14421 I NAPPA_EXPERIMENTATION: MetricNetworkRequestExecutionTime: REQUEST_DURATION_SYSTEM='59',REQUEST_DURATION_OKHTTP='55',REQUEST_SYNCHRONOUS='TRUE',RESPONSE_CODE='200',RESPONSE_METHOD='GET',RESPONSE_LENGTH_OKHTTP='589826',RESPONSE_LENGTH_HEADER='589826',REQUEST_PROTOCOL='http/1.1',REQUEST_URL='http://ichef.bbci.co.uk/images/ic/3000x3000/p07kfvzb.jpg',
08-06 17:49:12.357 13665 13677 I art     : Explicit concurrent mark sweep GC freed 2566(184KB) AllocSpace objects, 0(0B) LOS objects, 25% free, 47MB/63MB, paused 2.512ms total 66.607ms
08-06 17:49:12.375 13665 13677 I art     : Starting a blocking GC Explicit
08-06 17:49:12.390 13665 14426 D MYTAG   : interceptor 2a
08-06 17:49:12.391 13665 14426 I NAPPA_EXPERIMENTATION: MetricNetworkRequestExecutionTime: REQUEST_DURATION_SYSTEM='75',REQUEST_DURATION_OKHTTP='71',REQUEST_SYNCHRONOUS='TRUE',RESPONSE_CODE='200',RESPONSE_METHOD='GET',RESPONSE_LENGTH_OKHTTP='814284',RESPONSE_LENGTH_HEADER='814284',REQUEST_PROTOCOL='http/1.1',REQUEST_URL='http://ichef.bbci.co.uk/images/ic/3000x3000/p03gtk3j.jpg',
08-06 17:49:12.427 13665 13677 I art     : Explicit concurrent mark sweep GC freed 804(74KB) AllocSpace objects, 0(0B) LOS objects, 25% free, 47MB/63MB, paused 2.665ms total 51.941ms
08-06 17:49:12.581 13665 14423 D MYTAG   : interceptor 2a
08-06 17:49:12.581 13665 14423 I NAPPA_EXPERIMENTATION: MetricNetworkRequestExecutionTime: REQUEST_DURATION_SYSTEM='318',REQUEST_DURATION_OKHTTP='52',REQUEST_SYNCHRONOUS='TRUE',RESPONSE_CODE='200',RESPONSE_METHOD='GET',RESPONSE_LENGTH_OKHTTP='52553',RESPONSE_LENGTH_HEADER='52553',REQUEST_PROTOCOL='http/1.1',REQUEST_URL='https://files.thisamericanlife.org/sites/all/themes/thislife/img/tal-name-1400x1400.png',
08-06 17:49:12.670 13665 14425 D MYTAG   : interceptor 2a
08-06 17:49:12.672 13665 14425 I NAPPA_EXPERIMENTATION: MetricNetworkRequestExecutionTime: REQUEST_DURATION_SYSTEM='392',REQUEST_DURATION_OKHTTP='166',REQUEST_SYNCHRONOUS='TRUE',RESPONSE_CODE='200',RESPONSE_METHOD='GET',RESPONSE_LENGTH_OKHTTP='297964',RESPONSE_LENGTH_HEADER='297964',REQUEST_PROTOCOL='h2',REQUEST_URL='https://elroy.twit.tv/sites/default/files/styles/twit_album_art_2048x2048/public/images/shows/floss_weekly/album_art/audio/floss_albumart_mask.jpg?itok=IUjxKpwt',
08-06 17:49:12.731 13665 14417 D MYTAG   : interceptor 2a
08-06 17:49:12.731 13665 14417 I NAPPA_EXPERIMENTATION: MetricNetworkRequestExecutionTime: REQUEST_DURATION_SYSTEM='434',REQUEST_DURATION_OKHTTP='169',REQUEST_SYNCHRONOUS='TRUE',RESPONSE_CODE='200',RESPONSE_METHOD='GET',RESPONSE_LENGTH_OKHTTP='89986',RESPONSE_LENGTH_HEADER='89986',REQUEST_PROTOCOL='h2',REQUEST_URL='https://pl.tedcdn.com/rss_feed_images/ted_talks_main_podcast/video.png',
08-06 17:49:12.755 13665 14424 D MYTAG   : interceptor 2a
08-06 17:49:12.755 13665 14424 I NAPPA_EXPERIMENTATION: MetricNetworkRequestExecutionTime: REQUEST_DURATION_SYSTEM='504',REQUEST_DURATION_OKHTTP='198',REQUEST_SYNCHRONOUS='TRUE',RESPONSE_CODE='404',RESPONSE_METHOD='GET',RESPONSE_LENGTH_OKHTTP='-1',RESPONSE_LENGTH_HEADER='1503',REQUEST_PROTOCOL='h2',REQUEST_URL='https://fab.industries/sixgun/files/linuxoutlaws.jpg',
08-06 17:49:12.757 13665 13665 W Glide   : Load failed for http://sixgun.org/files/linuxoutlaws.jpg with size [224x224]
08-06 17:49:12.757 13665 13665 W Glide   : class com.bumptech.glide.load.engine.GlideException: Failed to load resource
08-06 17:49:12.757 13665 13665 W Glide   : There was 1 cause:
08-06 17:49:12.757 13665 13665 W Glide   : com.bumptech.glide.load.HttpException()
08-06 17:49:12.757 13665 13665 W Glide   :  call GlideException#logRootCauses(String) for more detail
08-06 17:49:12.757 13665 13665 W Glide   :   Cause (1 of 1): class com.bumptech.glide.load.engine.GlideException: Fetching data failed, class java.io.InputStream, REMOTE
08-06 17:49:12.757 13665 13665 W Glide   : There was 1 cause:
08-06 17:49:12.757 13665 13665 W Glide   : com.bumptech.glide.load.HttpException()
08-06 17:49:12.757 13665 13665 W Glide   :  call GlideException#logRootCauses(String) for more detail
08-06 17:49:12.757 13665 13665 W Glide   :     Cause (1 of 1): class com.bumptech.glide.load.HttpException: 
08-06 17:49:12.759 13665 13665 I Glide   : Root cause (1 of 1)
08-06 17:49:12.759 13665 13665 I Glide   : com.bumptech.glide.load.HttpException: 
08-06 17:49:12.759 13665 13665 I Glide   : 	at com.bumptech.glide.integration.okhttp3.OkHttpStreamFetcher.onResponse(OkHttpStreamFetcher.java:73)
08-06 17:49:12.759 13665 13665 I Glide   : 	at okhttp3.RealCall$AsyncCall.execute(RealCall.java:174)
08-06 17:49:12.759 13665 13665 I Glide   : 	at okhttp3.internal.NamedRunnable.run(NamedRunnable.java:32)
08-06 17:49:12.759 13665 13665 I Glide   : 	at java.util.concurrent.ThreadPoolExecutor.runWorker(ThreadPoolExecutor.java:1113)
08-06 17:49:12.759 13665 13665 I Glide   : 	at java.util.concurrent.ThreadPoolExecutor$Worker.run(ThreadPoolExecutor.java:588)
08-06 17:49:12.759 13665 13665 I Glide   : 	at java.lang.Thread.run(Thread.java:818)
08-06 17:49:12.760 13665 13665 W Glide   : Load failed for http://sixgun.org/files/linuxoutlaws.jpg with size [224x224]
08-06 17:49:12.760 13665 13665 W Glide   : class com.bumptech.glide.load.engine.GlideException: Failed to load resource
08-06 17:49:12.760 13665 13665 W Glide   : There was 1 cause:
08-06 17:49:12.760 13665 13665 W Glide   : com.bumptech.glide.load.HttpException()
08-06 17:49:12.760 13665 13665 W Glide   :  call GlideException#logRootCauses(String) for more detail
08-06 17:49:12.760 13665 13665 W Glide   :   Cause (1 of 1): class com.bumptech.glide.load.engine.GlideException: Fetching data failed, class java.io.InputStream, REMOTE
08-06 17:49:12.760 13665 13665 W Glide   : There was 1 cause:
08-06 17:49:12.760 13665 13665 W Glide   : com.bumptech.glide.load.HttpException()
08-06 17:49:12.760 13665 13665 W Glide   :  call GlideException#logRootCauses(String) for more detail
08-06 17:49:12.760 13665 13665 W Glide   :     Cause (1 of 1): class com.bumptech.glide.load.HttpException: 
08-06 17:49:12.760 13665 13665 I Glide   : Root cause (1 of 1)
08-06 17:49:12.760 13665 13665 I Glide   : com.bumptech.glide.load.HttpException: 
08-06 17:49:12.760 13665 13665 I Glide   : 	at com.bumptech.glide.integration.okhttp3.OkHttpStreamFetcher.onResponse(OkHttpStreamFetcher.java:73)
08-06 17:49:12.760 13665 13665 I Glide   : 	at okhttp3.RealCall$AsyncCall.execute(RealCall.java:174)
08-06 17:49:12.760 13665 13665 I Glide   : 	at okhttp3.internal.NamedRunnable.run(NamedRunnable.java:32)
08-06 17:49:12.760 13665 13665 I Glide   : 	at java.util.concurrent.ThreadPoolExecutor.runWorker(ThreadPoolExecutor.java:1113)
08-06 17:49:12.760 13665 13665 I Glide   : 	at java.util.concurrent.ThreadPoolExecutor$Worker.run(ThreadPoolExecutor.java:588)
08-06 17:49:12.760 13665 13665 I Glide   : 	at java.lang.Thread.run(Thread.java:818)
08-06 17:49:12.766 13665 14419 D MYTAG   : interceptor 2a
08-06 17:49:12.766 13665 14419 I NAPPA_EXPERIMENTATION: MetricNetworkRequestExecutionTime: REQUEST_DURATION_SYSTEM='457',REQUEST_DURATION_OKHTTP='245',REQUEST_SYNCHRONOUS='TRUE',RESPONSE_CODE='200',RESPONSE_METHOD='GET',RESPONSE_LENGTH_OKHTTP='465707',RESPONSE_LENGTH_HEADER='465707',REQUEST_PROTOCOL='h2',REQUEST_URL='https://elroy.twit.tv/sites/default/files/styles/twit_album_art_2048x2048/public/images/shows/this_week_in_tech/album_art/audio/twit1400audio.jpg?itok=J0vhatZb',
08-06 17:49:12.852 13665 14590 D ApOkHttpUrlLoader: buildLoadData() called with: model = [http://sixgun.org/files/linuxoutlaws.jpg], width = [224], height = [224]
08-06 17:49:12.864 13665 14419 D DBReader: getImageAuthentication() called with: imageUrl = [http://sixgun.org/files/linuxoutlaws.jpg]
08-06 17:49:12.865 13665 14419 D ApOkHttpUrlLoader: no credentials for 'http://sixgun.org/files/linuxoutlaws.jpg'
08-06 17:49:12.867 13665 13678 I art     : Starting a blocking GC Explicit
08-06 17:49:12.899 13665 14419 D DBWriter: updateFeedDownloadURL(original: http://sixgun.org/files/linuxoutlaws.jpg, updated: https://fab.industries/sixgun/files/linuxoutlaws.jpg)
08-06 17:49:12.924 13665 13678 I art     : Explicit concurrent mark sweep GC freed 14620(968KB) AllocSpace objects, 1(20KB) LOS objects, 24% free, 48MB/64MB, paused 2.279ms total 56.377ms
08-06 17:49:12.942 13665 13678 I art     : Starting a blocking GC Explicit
08-06 17:49:12.990 13665 13678 I art     : Explicit concurrent mark sweep GC freed 1035(45KB) AllocSpace objects, 0(0B) LOS objects, 24% free, 48MB/64MB, paused 2.254ms total 48.089ms
08-06 17:49:13.007 13665 13678 I art     : Starting a blocking GC Explicit
08-06 17:49:13.034 13665 14419 D MYTAG   : interceptor 2a
08-06 17:49:13.034 13665 14419 I NAPPA_EXPERIMENTATION: MetricNetworkRequestExecutionTime: REQUEST_DURATION_SYSTEM='169',REQUEST_DURATION_OKHTTP='128',REQUEST_SYNCHRONOUS='TRUE',RESPONSE_CODE='404',RESPONSE_METHOD='GET',RESPONSE_LENGTH_OKHTTP='-1',RESPONSE_LENGTH_HEADER='1503',REQUEST_PROTOCOL='h2',REQUEST_URL='https://fab.industries/sixgun/files/linuxoutlaws.jpg',
08-06 17:49:13.049 13665 13665 W Glide   : Load failed for http://sixgun.org/files/linuxoutlaws.jpg with size [224x224]
08-06 17:49:13.049 13665 13665 W Glide   : class com.bumptech.glide.load.engine.GlideException: Failed to load resource
08-06 17:49:13.049 13665 13665 W Glide   : There was 1 cause:
08-06 17:49:13.049 13665 13665 W Glide   : com.bumptech.glide.load.HttpException()
08-06 17:49:13.049 13665 13665 W Glide   :  call GlideException#logRootCauses(String) for more detail
08-06 17:49:13.049 13665 13665 W Glide   :   Cause (1 of 1): class com.bumptech.glide.load.engine.GlideException: Fetching data failed, class java.io.InputStream, REMOTE
08-06 17:49:13.049 13665 13665 W Glide   : There was 1 cause:
08-06 17:49:13.049 13665 13665 W Glide   : com.bumptech.glide.load.HttpException()
08-06 17:49:13.049 13665 13665 W Glide   :  call GlideException#logRootCauses(String) for more detail
08-06 17:49:13.049 13665 13665 W Glide   :     Cause (1 of 1): class com.bumptech.glide.load.HttpException: 
08-06 17:49:13.050 13665 13665 I Glide   : Root cause (1 of 1)
08-06 17:49:13.050 13665 13665 I Glide   : com.bumptech.glide.load.HttpException: 
08-06 17:49:13.050 13665 13665 I Glide   : 	at com.bumptech.glide.integration.okhttp3.OkHttpStreamFetcher.onResponse(OkHttpStreamFetcher.java:73)
08-06 17:49:13.050 13665 13665 I Glide   : 	at okhttp3.RealCall$AsyncCall.execute(RealCall.java:174)
08-06 17:49:13.050 13665 13665 I Glide   : 	at okhttp3.internal.NamedRunnable.run(NamedRunnable.java:32)
08-06 17:49:13.050 13665 13665 I Glide   : 	at java.util.concurrent.ThreadPoolExecutor.runWorker(ThreadPoolExecutor.java:1113)
08-06 17:49:13.050 13665 13665 I Glide   : 	at java.util.concurrent.ThreadPoolExecutor$Worker.run(ThreadPoolExecutor.java:588)
08-06 17:49:13.050 13665 13665 I Glide   : 	at java.lang.Thread.run(Thread.java:818)
08-06 17:49:13.055 13665 13678 I art     : Explicit concurrent mark sweep GC freed 344(43KB) AllocSpace objects, 0(0B) LOS objects, 24% free, 48MB/64MB, paused 2.291ms total 47.399ms
08-06 17:49:13.072 13665 13678 I art     : Starting a blocking GC Explicit
08-06 17:49:13.100 13665 14590 D ApOkHttpUrlLoader: buildLoadData() called with: model = [http://sixgun.org/files/linuxoutlaws.jpg], width = [224], height = [224]
08-06 17:49:13.101 13665 14419 D DBReader: getImageAuthentication() called with: imageUrl = [http://sixgun.org/files/linuxoutlaws.jpg]
08-06 17:49:13.102 13665 14419 D ApOkHttpUrlLoader: no credentials for 'http://sixgun.org/files/linuxoutlaws.jpg'
08-06 17:49:13.121 13665 13678 I art     : Explicit concurrent mark sweep GC freed 559(42KB) AllocSpace objects, 0(0B) LOS objects, 24% free, 48MB/64MB, paused 2.249ms total 48.201ms
08-06 17:49:13.134 13665 14419 D DBWriter: updateFeedDownloadURL(original: http://sixgun.org/files/linuxoutlaws.jpg, updated: https://fab.industries/sixgun/files/linuxoutlaws.jpg)
08-06 17:49:13.139 13665 13678 I art     : Starting a blocking GC Explicit
08-06 17:49:13.192 13665 13678 I art     : Explicit concurrent mark sweep GC freed 345(24KB) AllocSpace objects, 0(0B) LOS objects, 24% free, 48MB/64MB, paused 2.319ms total 51.873ms
08-06 17:49:13.271 13665 14419 D MYTAG   : interceptor 2a
08-06 17:49:13.272 13665 14419 I NAPPA_EXPERIMENTATION: MetricNetworkRequestExecutionTime: REQUEST_DURATION_SYSTEM='169',REQUEST_DURATION_OKHTTP='134',REQUEST_SYNCHRONOUS='TRUE',RESPONSE_CODE='404',RESPONSE_METHOD='GET',RESPONSE_LENGTH_OKHTTP='-1',RESPONSE_LENGTH_HEADER='1503',REQUEST_PROTOCOL='h2',REQUEST_URL='https://fab.industries/sixgun/files/linuxoutlaws.jpg',
08-06 17:49:13.274 13665 13665 W Glide   : Load failed for http://sixgun.org/files/linuxoutlaws.jpg with size [224x224]
08-06 17:49:13.274 13665 13665 W Glide   : class com.bumptech.glide.load.engine.GlideException: Failed to load resource
08-06 17:49:13.274 13665 13665 W Glide   : There was 1 cause:
08-06 17:49:13.274 13665 13665 W Glide   : com.bumptech.glide.load.HttpException()
08-06 17:49:13.274 13665 13665 W Glide   :  call GlideException#logRootCauses(String) for more detail
08-06 17:49:13.274 13665 13665 W Glide   :   Cause (1 of 1): class com.bumptech.glide.load.engine.GlideException: Fetching data failed, class java.io.InputStream, REMOTE
08-06 17:49:13.274 13665 13665 W Glide   : There was 1 cause:
08-06 17:49:13.274 13665 13665 W Glide   : com.bumptech.glide.load.HttpException()
08-06 17:49:13.274 13665 13665 W Glide   :  call GlideException#logRootCauses(String) for more detail
08-06 17:49:13.274 13665 13665 W Glide   :     Cause (1 of 1): class com.bumptech.glide.load.HttpException: 
08-06 17:49:13.274 13665 13665 I Glide   : Root cause (1 of 1)
08-06 17:49:13.274 13665 13665 I Glide   : com.bumptech.glide.load.HttpException: 
08-06 17:49:13.274 13665 13665 I Glide   : 	at com.bumptech.glide.integration.okhttp3.OkHttpStreamFetcher.onResponse(OkHttpStreamFetcher.java:73)
08-06 17:49:13.274 13665 13665 I Glide   : 	at okhttp3.RealCall$AsyncCall.execute(RealCall.java:174)
08-06 17:49:13.274 13665 13665 I Glide   : 	at okhttp3.internal.NamedRunnable.run(NamedRunnable.java:32)
08-06 17:49:13.274 13665 13665 I Glide   : 	at java.util.concurrent.ThreadPoolExecutor.runWorker(ThreadPoolExecutor.java:1113)
08-06 17:49:13.274 13665 13665 I Glide   : 	at java.util.concurrent.ThreadPoolExecutor$Worker.run(ThreadPoolExecutor.java:588)
08-06 17:49:13.274 13665 13665 I Glide   : 	at java.lang.Thread.run(Thread.java:818)
08-06 17:49:13.604 13665 14111 I art     : Starting a blocking GC Explicit
08-06 17:49:13.667 13665 14111 I art     : Explicit concurrent mark sweep GC freed 1872(129KB) AllocSpace objects, 1(20KB) LOS objects, 24% free, 48MB/64MB, paused 2.099ms total 62.592ms
08-06 17:49:13.687 13665 14111 I art     : Starting a blocking GC Explicit
08-06 17:49:13.746 13665 14111 I art     : Explicit concurrent mark sweep GC freed 51(1824B) AllocSpace objects, 0(0B) LOS objects, 24% free, 48MB/64MB, paused 3.167ms total 58.827ms
08-06 17:49:13.770 13665 14111 I art     : Starting a blocking GC Explicit
08-06 17:49:13.827 13665 14111 I art     : Explicit concurrent mark sweep GC freed 3(96B) AllocSpace objects, 0(0B) LOS objects, 24% free, 48MB/64MB, paused 2.606ms total 57.022ms
08-06 17:49:13.851 13665 14111 I art     : Starting a blocking GC Explicit
08-06 17:49:13.920 13665 14111 I art     : Explicit concurrent mark sweep GC freed 19(608B) AllocSpace objects, 0(0B) LOS objects, 24% free, 48MB/64MB, paused 3.464ms total 68.270ms
08-06 17:49:13.940 13665 14111 I art     : Starting a blocking GC Explicit
08-06 17:49:13.995 13665 14111 I art     : Explicit concurrent mark sweep GC freed 22(704B) AllocSpace objects, 0(0B) LOS objects, 24% free, 48MB/64MB, paused 2.257ms total 54.624ms
08-06 17:49:14.412 13665 14111 I art     : Starting a blocking GC Explicit
08-06 17:49:14.472 13665 14111 I art     : Explicit concurrent mark sweep GC freed 1442(82KB) AllocSpace objects, 1(20KB) LOS objects, 24% free, 48MB/64MB, paused 2.202ms total 60.232ms
08-06 17:49:14.492 13665 14111 I art     : Starting a blocking GC Explicit
08-06 17:49:14.547 13665 14111 I art     : Explicit concurrent mark sweep GC freed 23(752B) AllocSpace objects, 0(0B) LOS objects, 24% free, 48MB/64MB, paused 2.395ms total 54.742ms
08-06 17:49:14.567 13665 14111 I art     : Starting a blocking GC Explicit
08-06 17:49:14.622 13665 14111 I art     : Explicit concurrent mark sweep GC freed 3(96B) AllocSpace objects, 0(0B) LOS objects, 24% free, 48MB/64MB, paused 2.199ms total 54.528ms
08-06 17:49:14.641 13665 14111 I art     : Starting a blocking GC Explicit
08-06 17:49:14.697 13665 14111 I art     : Explicit concurrent mark sweep GC freed 3(96B) AllocSpace objects, 0(0B) LOS objects, 24% free, 48MB/64MB, paused 2.224ms total 54.771ms
08-06 17:49:14.716 13665 14111 I art     : Starting a blocking GC Explicit
08-06 17:49:14.771 13665 14111 I art     : Explicit concurrent mark sweep GC freed 3(96B) AllocSpace objects, 0(0B) LOS objects, 24% free, 48MB/64MB, paused 2.423ms total 54.771ms
08-06 17:49:15.193 13665 13678 I art     : Starting a blocking GC Explicit
08-06 17:49:15.261 13665 13678 I art     : Explicit concurrent mark sweep GC freed 1376(80KB) AllocSpace objects, 1(20KB) LOS objects, 24% free, 48MB/64MB, paused 3.235ms total 67.071ms
08-06 17:49:15.285 13665 13678 I art     : Starting a blocking GC Explicit
08-06 17:49:15.344 13665 13678 I art     : Explicit concurrent mark sweep GC freed 52(1536B) AllocSpace objects, 0(0B) LOS objects, 24% free, 48MB/64MB, paused 2.559ms total 58.024ms
08-06 17:49:15.367 13665 13678 I art     : Starting a blocking GC Explicit
08-06 17:49:15.425 13665 13678 I art     : Explicit concurrent mark sweep GC freed 3(96B) AllocSpace objects, 0(0B) LOS objects, 24% free, 48MB/64MB, paused 2.856ms total 56.774ms
08-06 17:49:15.449 13665 13678 I art     : Starting a blocking GC Explicit
08-06 17:49:15.504 13665 13678 I art     : Explicit concurrent mark sweep GC freed 13(352B) AllocSpace objects, 0(0B) LOS objects, 24% free, 48MB/64MB, paused 2.106ms total 55.010ms
08-06 17:49:15.523 13665 13678 I art     : Starting a blocking GC Explicit
08-06 17:49:15.578 13665 13678 I art     : Explicit concurrent mark sweep GC freed 34(1888B) AllocSpace objects, 0(0B) LOS objects, 24% free, 48MB/64MB, paused 2.327ms total 54.368ms
08-06 17:49:15.973 13665 13677 I art     : Starting a blocking GC Explicit
08-06 17:49:16.041 13665 13677 I art     : Explicit concurrent mark sweep GC freed 1382(81KB) AllocSpace objects, 1(20KB) LOS objects, 24% free, 48MB/64MB, paused 2.836ms total 66.035ms
08-06 17:49:16.065 13665 13677 I art     : Starting a blocking GC Explicit
08-06 17:49:16.124 13665 13677 I art     : Explicit concurrent mark sweep GC freed 118(4KB) AllocSpace objects, 0(0B) LOS objects, 24% free, 48MB/64MB, paused 2.648ms total 58.629ms
08-06 17:49:16.148 13665 13677 I art     : Starting a blocking GC Explicit
08-06 17:49:16.204 13665 13677 I art     : Explicit concurrent mark sweep GC freed 3(96B) AllocSpace objects, 0(0B) LOS objects, 24% free, 48MB/64MB, paused 2.510ms total 55.647ms
08-06 17:49:16.228 13665 13677 I art     : Starting a blocking GC Explicit
08-06 17:49:16.286 13665 13677 I art     : Explicit concurrent mark sweep GC freed 3(96B) AllocSpace objects, 0(0B) LOS objects, 24% free, 48MB/64MB, paused 2.166ms total 57.523ms
08-06 17:49:16.306 13665 13677 I art     : Starting a blocking GC Explicit
08-06 17:49:16.364 13665 13677 I art     : Explicit concurrent mark sweep GC freed 32(880B) AllocSpace objects, 0(0B) LOS objects, 24% free, 48MB/64MB, paused 2.554ms total 58.270ms
08-06 17:49:16.777 13665 14111 I art     : Starting a blocking GC Explicit
08-06 17:49:16.842 13665 14111 I art     : Explicit concurrent mark sweep GC freed 1377(81KB) AllocSpace objects, 1(20KB) LOS objects, 24% free, 48MB/64MB, paused 2.383ms total 65.420ms
08-06 17:49:16.866 13665 14111 I art     : Starting a blocking GC Explicit
08-06 17:49:16.922 13665 14111 I art     : Explicit concurrent mark sweep GC freed 23(752B) AllocSpace objects, 0(0B) LOS objects, 24% free, 48MB/64MB, paused 2.199ms total 55.211ms
08-06 17:49:16.941 13665 14111 I art     : Starting a blocking GC Explicit
08-06 17:49:16.996 13665 14111 I art     : Explicit concurrent mark sweep GC freed 3(96B) AllocSpace objects, 0(0B) LOS objects, 24% free, 48MB/64MB, paused 2.152ms total 54.787ms
08-06 17:49:17.016 13665 14111 I art     : Starting a blocking GC Explicit
08-06 17:49:17.071 13665 14111 I art     : Explicit concurrent mark sweep GC freed 3(96B) AllocSpace objects, 0(0B) LOS objects, 24% free, 48MB/64MB, paused 2.286ms total 54.538ms
08-06 17:49:17.091 13665 14111 I art     : Starting a blocking GC Explicit
08-06 17:49:17.146 13665 14111 I art     : Explicit concurrent mark sweep GC freed 3(96B) AllocSpace objects, 0(0B) LOS objects, 24% free, 48MB/64MB, paused 2.083ms total 54.921ms
08-06 17:49:17.565 13665 13678 I art     : Starting a blocking GC Explicit
08-06 17:49:17.619 13665 13678 I art     : Explicit concurrent mark sweep GC freed 1409(83KB) AllocSpace objects, 1(20KB) LOS objects, 24% free, 48MB/64MB, paused 2.440ms total 53.142ms
08-06 17:49:17.638 13665 13678 I art     : Starting a blocking GC Explicit
08-06 17:49:17.692 13665 13678 I art     : Explicit concurrent mark sweep GC freed 23(752B) AllocSpace objects, 0(0B) LOS objects, 24% free, 48MB/64MB, paused 2.220ms total 53.422ms
08-06 17:49:17.711 13665 13678 I art     : Starting a blocking GC Explicit
08-06 17:49:17.764 13665 13678 I art     : Explicit concurrent mark sweep GC freed 3(96B) AllocSpace objects, 0(0B) LOS objects, 24% free, 48MB/64MB, paused 2.201ms total 52.664ms
08-06 17:49:17.783 13665 13678 I art     : Starting a blocking GC Explicit
08-06 17:49:17.837 13665 13678 I art     : Explicit concurrent mark sweep GC freed 3(96B) AllocSpace objects, 0(0B) LOS objects, 24% free, 48MB/64MB, paused 2.321ms total 53.158ms
08-06 17:49:17.856 13665 13678 I art     : Starting a blocking GC Explicit
08-06 17:49:17.911 13665 13678 I art     : Explicit concurrent mark sweep GC freed 3(96B) AllocSpace objects, 0(0B) LOS objects, 24% free, 48MB/64MB, paused 2.162ms total 54.182ms
08-06 17:49:18.123 16629 16629 D AndroidRuntime: >>>>>> START com.android.internal.os.RuntimeInit uid 2000 <<<<<<
08-06 17:49:18.130 16629 16629 D AndroidRuntime: CheckJNI is OFF
08-06 17:49:18.181 16629 16629 D ICU     : No timezone override file found: /data/misc/zoneinfo/current/icu/icu_tzdata.dat
08-06 17:49:18.227 16629 16629 I Radio-JNI: register_android_hardware_Radio DONE
08-06 17:49:18.262 16629 16629 D AndroidRuntime: Calling main entry com.android.commands.input.Input
08-06 17:49:18.265 16629 16629 I Input   : injectMotionEvent: MotionEvent { action=ACTION_DOWN, actionButton=0, id[0]=0, x[0]=526.0, y[0]=597.0, toolType[0]=TOOL_TYPE_UNKNOWN, buttonState=0, metaState=0, flags=0x0, edgeFlags=0x0, pointerCount=1, historySize=0, eventTime=899374678, downTime=899374678, deviceId=0, source=0x1002 }
08-06 17:49:18.270 16629 16629 I Input   : injectMotionEvent: MotionEvent { action=ACTION_UP, actionButton=0, id[0]=0, x[0]=526.0, y[0]=597.0, toolType[0]=TOOL_TYPE_UNKNOWN, buttonState=0, metaState=0, flags=0x0, edgeFlags=0x0, pointerCount=1, historySize=0, eventTime=899374678, downTime=899374678, deviceId=0, source=0x1002 }
08-06 17:49:18.272 16629 16629 D AndroidRuntime: Shutting down VM
08-06 17:49:18.301 13665 13775 I art     : Starting a blocking GC Explicit
08-06 17:49:18.340   512  2967 D audio_hw_primary: out_set_parameters: enter: usecase(1: low-latency-playback) kvpairs: routing=2
08-06 17:49:18.342 13665 13665 D PodcastListFragment: Selected podcast: GpodnetPodcast [url=http://feeds.feedburner.com/linuxoutlaws, title=Linux Outlaws, description=Two pragmatic geeks talk about the latest news concerning Linux, free and open
08-06 17:49:18.342 13665 13665 D PodcastListFragment: technology or anything else they deem noteworthy which may include such absurd
08-06 17:49:18.342 13665 13665 D PodcastListFragment: things as hockey or bands you never heard of. This means there's many a joke
08-06 17:49:18.342 13665 13665 D PodcastListFragment: and derailed conversation along the way, so don't come here expecting only
08-06 17:49:18.342 13665 13665 D PodcastListFragment: Linux or software freedom talk  just sit back and relax, partner., subscribers=3321, logoUrl=http://sixgun.org/files/linuxoutlaws.jpg, website=http://sixgun.org, mygpoLink=http://gpodder.net/podcast/linux-outlaws-mp3]
08-06 17:49:18.343   918  6029 I ActivityManager: START u0 {cmp=baseline.de.danoeh.antennapod.debug/baseline.de.danoeh.antennapod.activity.OnlineFeedViewActivity (has extras)} from uid 10711 on display 0
08-06 17:49:18.354   512  2967 D audio_hw_primary: select_devices: out_snd_device(2: speaker) in_snd_device(0: none)
08-06 17:49:18.354   512  2967 D msm8974_platform: platform_send_audio_calibration: sending audio calibration for snd_device(2) acdb_id(15)
08-06 17:49:18.354   512  2967 I soundtrigger: audio_extn_sound_trigger_update_device_status: device 0x2 of type 0 for Event 1
08-06 17:49:18.361 13665 13775 I art     : Explicit concurrent mark sweep GC freed 1506(96KB) AllocSpace objects, 1(20KB) LOS objects, 24% free, 48MB/64MB, paused 3.298ms total 59.411ms
08-06 17:49:18.368   512  2967 D audio_hw_primary: enable_snd_device: snd_device(2: speaker)
08-06 17:49:18.371   512  2967 D audio_hw_primary: enable_audio_route: apply and update mixer path: low-latency-playback speaker
08-06 17:49:18.386 13665 13775 I art     : Starting a blocking GC Explicit
08-06 17:49:18.405 13665 13665 D UserPreferences: Using default data folder
08-06 17:49:18.411 13665 13665 D OnlineFeedViewActivity: Activity was started with url http://feeds.feedburner.com/linuxoutlaws
08-06 17:49:18.414 13665 13665 D OnlineFeedViewActivity: Starting feed download
08-06 17:49:18.418 13665 13691 D DBReader: Extracting Feedlist
08-06 17:49:18.422   918   928 D WifiService: acquireWifiLockLocked: WifiLock{Downloader type=1 binder=android.os.BinderProxy@54ad8bc}
08-06 17:49:18.423 13665 13691 D AntennapodHttpClient: Creating new instance of HTTP client
08-06 17:49:18.438 13665 13775 I art     : Explicit concurrent mark sweep GC freed 1188(99KB) AllocSpace objects, 1(20KB) LOS objects, 24% free, 48MB/64MB, paused 2.594ms total 51.725ms
08-06 17:49:18.456 13665 13775 I art     : Starting a blocking GC Explicit
08-06 17:49:18.483 13665 13691 D MYTAG   : interceptor 3a http://feeds.feedburner.com/linuxoutlaws
08-06 17:49:18.484 13665 13691 I NAPPA_EXPERIMENTATION: MetricNetworkRequestExecutionTime: REQUEST_DURATION_SYSTEM='60',REQUEST_DURATION_OKHTTP='35',REQUEST_SYNCHRONOUS='TRUE',RESPONSE_CODE='200',RESPONSE_METHOD='GET',RESPONSE_LENGTH_OKHTTP='-1',RESPONSE_LENGTH_HEADER='-2',REQUEST_PROTOCOL='http/1.1',REQUEST_URL='http://feeds.feedburner.com/linuxoutlaws',
08-06 17:49:18.484 13665 13691 D HttpDownloader: Response code is 200
08-06 17:49:18.484 13665 13691 D UserPreferences: Using default data folder
08-06 17:49:18.491 13866 13866 I GoogleInputMethodServic: GoogleInputMethodService.onFinishInput():3138 
08-06 17:49:18.492 13665 13691 D HttpDownloader: Getting size of download
08-06 17:49:18.492 13866 13866 I GoogleInputMethodServic: GoogleInputMethodService.onStartInput():1808 
08-06 17:49:18.492 13665 13691 D HttpDownloader: Size is -1
08-06 17:49:18.492 13665 13691 D UserPreferences: Using default data folder
08-06 17:49:18.492 13665 13691 D HttpDownloader: Free space is 20495163392
08-06 17:49:18.492 13665 13691 D HttpDownloader: Starting download
08-06 17:49:18.509 13665 13775 I art     : Explicit concurrent mark sweep GC freed 594(34KB) AllocSpace objects, 0(0B) LOS objects, 24% free, 48MB/64MB, paused 2.468ms total 52.938ms
08-06 17:49:18.516 13665 13691 D HttpDownloader: Download was successful
08-06 17:49:18.520   918  4400 D WifiService: releaseWifiLockLocked: WifiLock{Downloader type=1 binder=android.os.BinderProxy@54ad8bc}
08-06 17:49:18.524   918   936 I ActivityManager: Displayed baseline.de.danoeh.antennapod.debug/baseline.de.danoeh.antennapod.activity.OnlineFeedViewActivity: +161ms
08-06 17:49:18.530 13665 13665 D OnlineFeedViewActivity: Parsing feed
08-06 17:49:18.530 13665 13775 I art     : Starting a blocking GC Explicit
08-06 17:49:18.541 13665 16654 D TypeGetter: Recognized type RSS 2.0
08-06 17:49:18.546 13665 16654 D SyndHandler: Recognized Content namespace
08-06 17:49:18.546 13665 16654 D SyndHandler: Recognized DublinCore namespace
08-06 17:49:18.546 13665 16654 D SyndHandler: Recognized Atom namespace
08-06 17:49:18.547 13665 16654 D SyndHandler: Recognized ITunes namespace
08-06 17:49:18.547 13665 16654 D SyndHandler: Recognized media namespace
08-06 17:49:18.548 13665 13686 D OpenGLRenderer: endAllStagingAnimators on 0x7f7c9ff800 (GridView) with handle 0x7f75ac2d00
08-06 17:49:18.589 13665 13775 I art     : Explicit concurrent mark sweep GC freed 1375(323KB) AllocSpace objects, 3(60KB) LOS objects, 24% free, 48MB/64MB, paused 2.601ms total 57.845ms
08-06 17:49:18.606 13665 13775 I art     : Starting a blocking GC Explicit
08-06 17:49:18.615 13665 16654 D OnlineFeedViewActivity: Deleted feed source file. Result: true
08-06 17:49:18.615 13665 13665 D OnlineFeedViewActivity: Removing HTML from shownotes
08-06 17:49:18.646   518   646 I ThermalEngine: ACTION: GPU - Setting GPU[0] to 450000000
08-06 17:49:18.646 13665 14590 D ApOkHttpUrlLoader: buildLoadData() called with: model = [http://sixgun.org/files/linuxoutlaws.jpg], width = [350], height = [350]
08-06 17:49:18.648 13665 14419 D DBReader: getImageAuthentication() called with: imageUrl = [http://sixgun.org/files/linuxoutlaws.jpg]
08-06 17:49:18.650 13665 14419 D ApOkHttpUrlLoader: no credentials for 'http://sixgun.org/files/linuxoutlaws.jpg'
08-06 17:49:18.661 13665 13775 I art     : Explicit concurrent mark sweep GC freed 3695(366KB) AllocSpace objects, 11(748KB) LOS objects, 24% free, 48MB/64MB, paused 2.174ms total 53.534ms
08-06 17:49:18.771   380   380 W SurfaceFlinger: couldn't log to binary event log: overflow.
08-06 17:49:18.856 13665 14419 D DBWriter: updateFeedDownloadURL(original: http://sixgun.org/files/linuxoutlaws.jpg, updated: https://fab.industries/sixgun/files/linuxoutlaws.jpg)
08-06 17:49:18.909   512  2967 D audio_hw_primary: disable_audio_route: reset and update mixer path: low-latency-playback speaker
08-06 17:49:18.910   512  2967 D audio_hw_primary: disable_snd_device: snd_device(2: speaker)
08-06 17:49:18.914 13665 13665 D PlaybackController: Releasing PlaybackController
08-06 17:49:18.919   512  2967 I soundtrigger: audio_extn_sound_trigger_update_device_status: device 0x2 of type 0 for Event 0
08-06 17:49:18.997 13665 13775 I art     : Starting a blocking GC Explicit
08-06 17:49:19.001 13665 14419 D MYTAG   : interceptor 2a
08-06 17:49:19.002 13665 14419 I NAPPA_EXPERIMENTATION: MetricNetworkRequestExecutionTime: REQUEST_DURATION_SYSTEM='351',REQUEST_DURATION_OKHTTP='142',REQUEST_SYNCHRONOUS='TRUE',RESPONSE_CODE='404',RESPONSE_METHOD='GET',RESPONSE_LENGTH_OKHTTP='-1',RESPONSE_LENGTH_HEADER='1503',REQUEST_PROTOCOL='h2',REQUEST_URL='https://fab.industries/sixgun/files/linuxoutlaws.jpg',
08-06 17:49:19.003 13665 13665 W Glide   : Load failed for http://sixgun.org/files/linuxoutlaws.jpg with size [350x350]
08-06 17:49:19.003 13665 13665 W Glide   : class com.bumptech.glide.load.engine.GlideException: Failed to load resource
08-06 17:49:19.003 13665 13665 W Glide   : There was 1 cause:
08-06 17:49:19.003 13665 13665 W Glide   : com.bumptech.glide.load.HttpException()
08-06 17:49:19.003 13665 13665 W Glide   :  call GlideException#logRootCauses(String) for more detail
08-06 17:49:19.003 13665 13665 W Glide   :   Cause (1 of 1): class com.bumptech.glide.load.engine.GlideException: Fetching data failed, class java.io.InputStream, REMOTE
08-06 17:49:19.003 13665 13665 W Glide   : There was 1 cause:
08-06 17:49:19.003 13665 13665 W Glide   : com.bumptech.glide.load.HttpException()
08-06 17:49:19.003 13665 13665 W Glide   :  call GlideException#logRootCauses(String) for more detail
08-06 17:49:19.003 13665 13665 W Glide   :     Cause (1 of 1): class com.bumptech.glide.load.HttpException: 
08-06 17:49:19.003 13665 13665 I Glide   : Root cause (1 of 1)
08-06 17:49:19.003 13665 13665 I Glide   : com.bumptech.glide.load.HttpException: 
08-06 17:49:19.003 13665 13665 I Glide   : 	at com.bumptech.glide.integration.okhttp3.OkHttpStreamFetcher.onResponse(OkHttpStreamFetcher.java:73)
08-06 17:49:19.003 13665 13665 I Glide   : 	at okhttp3.RealCall$AsyncCall.execute(RealCall.java:174)
08-06 17:49:19.003 13665 13665 I Glide   : 	at okhttp3.internal.NamedRunnable.run(NamedRunnable.java:32)
08-06 17:49:19.003 13665 13665 I Glide   : 	at java.util.concurrent.ThreadPoolExecutor.runWorker(ThreadPoolExecutor.java:1113)
08-06 17:49:19.003 13665 13665 I Glide   : 	at java.util.concurrent.ThreadPoolExecutor$Worker.run(ThreadPoolExecutor.java:588)
08-06 17:49:19.003 13665 13665 I Glide   : 	at java.lang.Thread.run(Thread.java:818)
08-06 17:49:19.045 13665 13775 I art     : Explicit concurrent mark sweep GC freed 10259(584KB) AllocSpace objects, 2(132KB) LOS objects, 24% free, 48MB/64MB, paused 1.535ms total 47.556ms
08-06 17:49:19.058 13665 13775 I art     : Starting a blocking GC Explicit
08-06 17:49:19.103 13665 13775 I art     : Explicit concurrent mark sweep GC freed 391(17KB) AllocSpace objects, 0(0B) LOS objects, 24% free, 48MB/64MB, paused 1.412ms total 44.399ms
08-06 17:49:19.116 13665 13775 I art     : Starting a blocking GC Explicit
08-06 17:49:19.162 13665 13775 I art     : Explicit concurrent mark sweep GC freed 6(192B) AllocSpace objects, 0(0B) LOS objects, 24% free, 48MB/64MB, paused 1.483ms total 45.095ms
08-06 17:49:19.175 13665 13775 I art     : Starting a blocking GC Explicit
08-06 17:49:19.220 13665 13775 I art     : Explicit concurrent mark sweep GC freed 3(96B) AllocSpace objects, 0(0B) LOS objects, 24% free, 48MB/64MB, paused 1.413ms total 44.397ms
08-06 17:49:19.233 13665 13775 I art     : Starting a blocking GC Explicit
08-06 17:49:19.278 13665 13775 I art     : Explicit concurrent mark sweep GC freed 3(96B) AllocSpace objects, 0(0B) LOS objects, 24% free, 48MB/64MB, paused 1.569ms total 45.262ms
08-06 17:49:19.635 13665 14111 I art     : Starting a blocking GC Explicit
08-06 17:49:19.654   518   646 I ThermalEngine: ACTION: GPU - Setting GPU[0] to 390000000
08-06 17:49:19.712 13665 14111 I art     : Explicit concurrent mark sweep GC freed 1405(81KB) AllocSpace objects, 1(20KB) LOS objects, 24% free, 48MB/64MB, paused 2.279ms total 76.496ms
08-06 17:49:19.732 13665 14111 I art     : Starting a blocking GC Explicit
08-06 17:49:19.791 13665 14111 I art     : Explicit concurrent mark sweep GC freed 23(768B) AllocSpace objects, 0(0B) LOS objects, 24% free, 48MB/64MB, paused 3.001ms total 58.323ms
08-06 17:49:19.816 13665 14111 I art     : Starting a blocking GC Explicit
08-06 17:49:19.875 13665 14111 I art     : Explicit concurrent mark sweep GC freed 3(96B) AllocSpace objects, 0(0B) LOS objects, 24% free, 48MB/64MB, paused 2.508ms total 58.804ms
08-06 17:49:19.899 13665 14111 I art     : Starting a blocking GC Explicit
08-06 17:49:19.958 13665 14111 I art     : Explicit concurrent mark sweep GC freed 3(96B) AllocSpace objects, 0(0B) LOS objects, 24% free, 48MB/64MB, paused 2.116ms total 57.770ms
08-06 17:49:19.978 13665 14111 I art     : Starting a blocking GC Explicit
08-06 17:49:20.035 13665 14111 I art     : Explicit concurrent mark sweep GC freed 3(96B) AllocSpace objects, 0(0B) LOS objects, 24% free, 48MB/64MB, paused 2.071ms total 56.868ms
08-06 17:49:20.466 13665 13678 I art     : Starting a blocking GC Explicit
08-06 17:49:20.525 13665 13678 I art     : Explicit concurrent mark sweep GC freed 1435(82KB) AllocSpace objects, 1(20KB) LOS objects, 24% free, 48MB/64MB, paused 2.156ms total 58.664ms
08-06 17:49:20.543 13665 13678 I art     : Starting a blocking GC Explicit
08-06 17:49:20.589 13665 13678 I art     : Explicit concurrent mark sweep GC freed 23(752B) AllocSpace objects, 0(0B) LOS objects, 24% free, 48MB/64MB, paused 2.089ms total 46.193ms
08-06 17:49:20.606 13665 13678 I art     : Starting a blocking GC Explicit
08-06 17:49:20.654 13665 13678 I art     : Explicit concurrent mark sweep GC freed 3(96B) AllocSpace objects, 0(0B) LOS objects, 24% free, 48MB/64MB, paused 2.096ms total 47.248ms
08-06 17:49:20.673 13665 13678 I art     : Starting a blocking GC Explicit
08-06 17:49:20.725 13665 13678 I art     : Explicit concurrent mark sweep GC freed 3(96B) AllocSpace objects, 0(0B) LOS objects, 24% free, 48MB/64MB, paused 2.293ms total 51.059ms
08-06 17:49:20.743 13665 13678 I art     : Starting a blocking GC Explicit
08-06 17:49:20.802 13665 13678 I art     : Explicit concurrent mark sweep GC freed 3(96B) AllocSpace objects, 0(0B) LOS objects, 24% free, 48MB/64MB, paused 2.747ms total 58.516ms
08-06 17:49:21.209 13665 13775 I art     : Starting a blocking GC Explicit
08-06 17:49:21.279 13665 13775 I art     : Explicit concurrent mark sweep GC freed 1390(81KB) AllocSpace objects, 1(20KB) LOS objects, 24% free, 48MB/64MB, paused 2.408ms total 68.803ms
08-06 17:49:21.304 13665 13775 I art     : Starting a blocking GC Explicit
08-06 17:49:21.364 13665 13775 I art     : Explicit concurrent mark sweep GC freed 52(1536B) AllocSpace objects, 0(0B) LOS objects, 24% free, 48MB/64MB, paused 2.143ms total 59.757ms
08-06 17:49:21.384 13665 13775 I art     : Starting a blocking GC Explicit
08-06 17:49:21.442 13665 13775 I art     : Explicit concurrent mark sweep GC freed 3(96B) AllocSpace objects, 0(0B) LOS objects, 24% free, 48MB/64MB, paused 2.238ms total 57.536ms
08-06 17:49:21.462 13665 13775 I art     : Starting a blocking GC Explicit
08-06 17:49:21.521 13665 13775 I art     : Explicit concurrent mark sweep GC freed 3(96B) AllocSpace objects, 0(0B) LOS objects, 24% free, 48MB/64MB, paused 3.209ms total 58.689ms
08-06 17:49:21.545 13665 13775 I art     : Starting a blocking GC Explicit
08-06 17:49:21.605 13665 13775 I art     : Explicit concurrent mark sweep GC freed 3(96B) AllocSpace objects, 0(0B) LOS objects, 24% free, 48MB/64MB, paused 2.580ms total 59.411ms
08-06 17:49:22.063 13665 13677 I art     : Starting a blocking GC Explicit
08-06 17:49:22.133 13665 13677 I art     : Explicit concurrent mark sweep GC freed 1376(80KB) AllocSpace objects, 1(20KB) LOS objects, 24% free, 48MB/64MB, paused 2.860ms total 69.704ms
08-06 17:49:22.157 13665 13677 I art     : Starting a blocking GC Explicit
08-06 17:49:22.216 13665 13677 I art     : Explicit concurrent mark sweep GC freed 23(752B) AllocSpace objects, 0(0B) LOS objects, 24% free, 48MB/64MB, paused 2.411ms total 58.892ms
08-06 17:49:22.240 13665 13677 I art     : Starting a blocking GC Explicit
08-06 17:49:22.298 13665 13677 I art     : Explicit concurrent mark sweep GC freed 32(880B) AllocSpace objects, 0(0B) LOS objects, 24% free, 48MB/64MB, paused 2.106ms total 56.825ms
08-06 17:49:22.317 13665 13677 I art     : Starting a blocking GC Explicit
08-06 17:49:22.375 13665 13677 I art     : Explicit concurrent mark sweep GC freed 3(96B) AllocSpace objects, 0(0B) LOS objects, 24% free, 48MB/64MB, paused 2.114ms total 56.633ms
08-06 17:49:22.395 13665 13677 I art     : Starting a blocking GC Explicit
08-06 17:49:22.459 13665 13677 I art     : Explicit concurrent mark sweep GC freed 3(96B) AllocSpace objects, 0(0B) LOS objects, 24% free, 48MB/64MB, paused 3.266ms total 63.994ms
08-06 17:49:22.657   518   646 I ThermalEngine: ACTION: GPU - Setting GPU[0] to 450000000
08-06 17:49:22.813 13665 14111 I art     : Starting a blocking GC Explicit
08-06 17:49:22.867 13665 14111 I art     : Explicit concurrent mark sweep GC freed 1378(83KB) AllocSpace objects, 1(20KB) LOS objects, 24% free, 48MB/64MB, paused 1.657ms total 53.831ms
08-06 17:49:22.882 13665 14111 I art     : Starting a blocking GC Explicit
08-06 17:49:22.929 13665 14111 I art     : Explicit concurrent mark sweep GC freed 23(752B) AllocSpace objects, 0(0B) LOS objects, 24% free, 48MB/64MB, paused 1.570ms total 46.382ms
08-06 17:49:22.942 13665 14111 I art     : Starting a blocking GC Explicit
08-06 17:49:22.989 13665 14111 I art     : Explicit concurrent mark sweep GC freed 3(96B) AllocSpace objects, 0(0B) LOS objects, 24% free, 48MB/64MB, paused 1.608ms total 45.951ms
08-06 17:49:23.002 13665 14111 I art     : Starting a blocking GC Explicit
08-06 17:49:23.048 13665 14111 I art     : Explicit concurrent mark sweep GC freed 3(96B) AllocSpace objects, 0(0B) LOS objects, 24% free, 48MB/64MB, paused 1.640ms total 46.120ms
08-06 17:49:23.061 13665 14111 I art     : Starting a blocking GC Explicit
08-06 17:49:23.096 16707 16707 D AndroidRuntime: >>>>>> START com.android.internal.os.RuntimeInit uid 2000 <<<<<<
08-06 17:49:23.102 16707 16707 D AndroidRuntime: CheckJNI is OFF
08-06 17:49:23.106 13665 14111 I art     : Explicit concurrent mark sweep GC freed 3(96B) AllocSpace objects, 0(0B) LOS objects, 24% free, 48MB/64MB, paused 1.725ms total 44.514ms
08-06 17:49:23.148 16707 16707 D ICU     : No timezone override file found: /data/misc/zoneinfo/current/icu/icu_tzdata.dat
08-06 17:49:23.194 16707 16707 I Radio-JNI: register_android_hardware_Radio DONE
08-06 17:49:23.224 16707 16707 D AndroidRuntime: Calling main entry com.android.commands.input.Input
08-06 17:49:23.225 16707 16707 I Input   : injectKeyEvent: KeyEvent { action=ACTION_DOWN, keyCode=KEYCODE_BACK, scanCode=0, metaState=0, flags=0x0, repeatCount=0, eventTime=899379638, downTime=899379638, deviceId=-1, source=0x101 }
08-06 17:49:23.232 16707 16707 I Input   : injectKeyEvent: KeyEvent { action=ACTION_UP, keyCode=KEYCODE_BACK, scanCode=0, metaState=0, flags=0x0, repeatCount=0, eventTime=899379638, downTime=899379638, deviceId=-1, source=0x101 }
08-06 17:49:23.238 16707 16707 D AndroidRuntime: Shutting down VM
08-06 17:49:23.243 13665 13665 V PlaybackController: initServiceNotRunning()
08-06 17:49:23.243 13665 13665 D ExternalPlayerFragment: Loading media info
08-06 17:49:23.244 13665 14590 D ApOkHttpUrlLoader: buildLoadData() called with: model = [http://sixgun.org/files/linuxoutlaws.jpg], width = [224], height = [224]
08-06 17:49:23.246 13665 14419 D DBReader: getImageAuthentication() called with: imageUrl = [http://sixgun.org/files/linuxoutlaws.jpg]
08-06 17:49:23.248 13665 14419 D ApOkHttpUrlLoader: no credentials for 'http://sixgun.org/files/linuxoutlaws.jpg'
08-06 17:49:23.252 13665 13665 D UserPreferences: Using default data folder
08-06 17:49:23.252 13665 13691 D DBReader: getNavDrawerData() called with: 
08-06 17:49:23.257 13665 13691 D DBReader: getDownloadedItems() called
08-06 17:49:23.257 13665 13691 D DBReader: getFavoriteIDList() called
08-06 17:49:23.258 13665 13691 D DBReader: getQueueIDList() called
08-06 17:49:23.259 13665 13691 D DBReader: Extracting Feedlist
08-06 17:49:23.287 13665 13665 D MainActivity: getLastNavFragment() -> AddFeedFragment
08-06 17:49:23.289 13866 13866 I GoogleInputMethodServic: GoogleInputMethodService.onFinishInput():3138 
08-06 17:49:23.290 13866 13866 I GoogleInputMethodServic: GoogleInputMethodService.onStartInput():1808 
08-06 17:49:23.395 13665 14419 D DBWriter: updateFeedDownloadURL(original: http://sixgun.org/files/linuxoutlaws.jpg, updated: https://fab.industries/sixgun/files/linuxoutlaws.jpg)
08-06 17:49:23.440 13665 13678 I art     : Starting a blocking GC Explicit
08-06 17:49:23.496 13665 13678 I art     : Explicit concurrent mark sweep GC freed 2968(178KB) AllocSpace objects, 1(20KB) LOS objects, 24% free, 48MB/64MB, paused 1.392ms total 54.656ms
08-06 17:49:23.512 13665 13678 I art     : Starting a blocking GC Explicit
08-06 17:49:23.531 13665 14419 D MYTAG   : interceptor 2a
08-06 17:49:23.532 13665 14419 I NAPPA_EXPERIMENTATION: MetricNetworkRequestExecutionTime: REQUEST_DURATION_SYSTEM='283',REQUEST_DURATION_OKHTTP='133',REQUEST_SYNCHRONOUS='TRUE',RESPONSE_CODE='404',RESPONSE_METHOD='GET',RESPONSE_LENGTH_OKHTTP='-1',RESPONSE_LENGTH_HEADER='1503',REQUEST_PROTOCOL='h2',REQUEST_URL='https://fab.industries/sixgun/files/linuxoutlaws.jpg',
08-06 17:49:23.534 13665 13665 W Glide   : Load failed for http://sixgun.org/files/linuxoutlaws.jpg with size [224x224]
08-06 17:49:23.534 13665 13665 W Glide   : class com.bumptech.glide.load.engine.GlideException: Failed to load resource
08-06 17:49:23.534 13665 13665 W Glide   : There was 1 cause:
08-06 17:49:23.534 13665 13665 W Glide   : com.bumptech.glide.load.HttpException()
08-06 17:49:23.534 13665 13665 W Glide   :  call GlideException#logRootCauses(String) for more detail
08-06 17:49:23.534 13665 13665 W Glide   :   Cause (1 of 1): class com.bumptech.glide.load.engine.GlideException: Fetching data failed, class java.io.InputStream, REMOTE
08-06 17:49:23.534 13665 13665 W Glide   : There was 1 cause:
08-06 17:49:23.534 13665 13665 W Glide   : com.bumptech.glide.load.HttpException()
08-06 17:49:23.534 13665 13665 W Glide   :  call GlideException#logRootCauses(String) for more detail
08-06 17:49:23.534 13665 13665 W Glide   :     Cause (1 of 1): class com.bumptech.glide.load.HttpException: 
08-06 17:49:23.534 13665 13665 I Glide   : Root cause (1 of 1)
08-06 17:49:23.534 13665 13665 I Glide   : com.bumptech.glide.load.HttpException: 
08-06 17:49:23.534 13665 13665 I Glide   : 	at com.bumptech.glide.integration.okhttp3.OkHttpStreamFetcher.onResponse(OkHttpStreamFetcher.java:73)
08-06 17:49:23.534 13665 13665 I Glide   : 	at okhttp3.RealCall$AsyncCall.execute(RealCall.java:174)
08-06 17:49:23.534 13665 13665 I Glide   : 	at okhttp3.internal.NamedRunnable.run(NamedRunnable.java:32)
08-06 17:49:23.534 13665 13665 I Glide   : 	at java.util.concurrent.ThreadPoolExecutor.runWorker(ThreadPoolExecutor.java:1113)
08-06 17:49:23.534 13665 13665 I Glide   : 	at java.util.concurrent.ThreadPoolExecutor$Worker.run(ThreadPoolExecutor.java:588)
08-06 17:49:23.534 13665 13665 I Glide   : 	at java.lang.Thread.run(Thread.java:818)
08-06 17:49:23.535 13665 13665 W Glide   : Load failed for http://sixgun.org/files/linuxoutlaws.jpg with size [224x224]
08-06 17:49:23.535 13665 13665 W Glide   : class com.bumptech.glide.load.engine.GlideException: Failed to load resource
08-06 17:49:23.535 13665 13665 W Glide   : There was 1 cause:
08-06 17:49:23.535 13665 13665 W Glide   : com.bumptech.glide.load.HttpException()
08-06 17:49:23.535 13665 13665 W Glide   :  call GlideException#logRootCauses(String) for more detail
08-06 17:49:23.535 13665 13665 W Glide   :   Cause (1 of 1): class com.bumptech.glide.load.engine.GlideException: Fetching data failed, class java.io.InputStream, REMOTE
08-06 17:49:23.535 13665 13665 W Glide   : There was 1 cause:
08-06 17:49:23.535 13665 13665 W Glide   : com.bumptech.glide.load.HttpException()
08-06 17:49:23.535 13665 13665 W Glide   :  call GlideException#logRootCauses(String) for more detail
08-06 17:49:23.535 13665 13665 W Glide   :     Cause (1 of 1): class com.bumptech.glide.load.HttpException: 
08-06 17:49:23.535 13665 13665 I Glide   : Root cause (1 of 1)
08-06 17:49:23.535 13665 13665 I Glide   : com.bumptech.glide.load.HttpException: 
08-06 17:49:23.535 13665 13665 I Glide   : 	at com.bumptech.glide.integration.okhttp3.OkHttpStreamFetcher.onResponse(OkHttpStreamFetcher.java:73)
08-06 17:49:23.535 13665 13665 I Glide   : 	at okhttp3.RealCall$AsyncCall.execute(RealCall.java:174)
08-06 17:49:23.535 13665 13665 I Glide   : 	at okhttp3.internal.NamedRunnable.run(NamedRunnable.java:32)
08-06 17:49:23.535 13665 13665 I Glide   : 	at java.util.concurrent.ThreadPoolExecutor.runWorker(ThreadPoolExecutor.java:1113)
08-06 17:49:23.535 13665 13665 I Glide   : 	at java.util.concurrent.ThreadPoolExecutor$Worker.run(ThreadPoolExecutor.java:588)
08-06 17:49:23.535 13665 13665 I Glide   : 	at java.lang.Thread.run(Thread.java:818)
08-06 17:49:23.568 13665 13678 I art     : Explicit concurrent mark sweep GC freed 872(93KB) AllocSpace objects, 0(0B) LOS objects, 24% free, 48MB/64MB, paused 2.133ms total 55.466ms
08-06 17:49:23.581 13665 13678 I art     : Starting a blocking GC Explicit
08-06 17:49:23.591   380   380 W SurfaceFlinger: couldn't log to binary event log: overflow.
08-06 17:49:23.624 13665 13678 I art     : Explicit concurrent mark sweep GC freed 708(29KB) AllocSpace objects, 0(0B) LOS objects, 24% free, 48MB/64MB, paused 1.405ms total 42.820ms
08-06 17:49:23.637 13665 13678 I art     : Starting a blocking GC Explicit
08-06 17:49:23.678 13665 13678 I art     : Explicit concurrent mark sweep GC freed 66(2512B) AllocSpace objects, 0(0B) LOS objects, 24% free, 48MB/64MB, paused 1.648ms total 41.323ms
08-06 17:49:23.691 13665 13678 I art     : Starting a blocking GC Explicit
08-06 17:49:23.733 13665 13678 I art     : Explicit concurrent mark sweep GC freed 2830(234KB) AllocSpace objects, 1(28KB) LOS objects, 24% free, 48MB/64MB, paused 1.444ms total 42.102ms
08-06 17:49:24.097 13665 14111 I art     : Starting a blocking GC Explicit
08-06 17:49:24.153 13665 14111 I art     : Explicit concurrent mark sweep GC freed 1377(82KB) AllocSpace objects, 1(20KB) LOS objects, 24% free, 48MB/64MB, paused 1.565ms total 55.706ms
08-06 17:49:24.171 13665 14111 I art     : Starting a blocking GC Explicit
08-06 17:49:24.220 13665 14111 I art     : Explicit concurrent mark sweep GC freed 23(752B) AllocSpace objects, 0(0B) LOS objects, 24% free, 48MB/64MB, paused 1.526ms total 48.425ms
08-06 17:49:24.234 13665 14111 I art     : Starting a blocking GC Explicit
08-06 17:49:24.276 13665 14111 I art     : Explicit concurrent mark sweep GC freed 3(96B) AllocSpace objects, 0(0B) LOS objects, 24% free, 48MB/64MB, paused 1.466ms total 41.747ms
08-06 17:49:24.289 13665 14111 I art     : Starting a blocking GC Explicit
08-06 17:49:24.333 13665 14111 I art     : Explicit concurrent mark sweep GC freed 32(880B) AllocSpace objects, 0(0B) LOS objects, 24% free, 48MB/64MB, paused 1.490ms total 43.590ms
08-06 17:49:24.346 13665 14111 I art     : Starting a blocking GC Explicit
08-06 17:49:24.390 13665 14111 I art     : Explicit concurrent mark sweep GC freed 3(96B) AllocSpace objects, 0(0B) LOS objects, 24% free, 48MB/64MB, paused 1.479ms total 42.918ms
08-06 17:49:24.669   518   646 I ThermalEngine: ACTION: GPU - Setting GPU[0] to 390000000
08-06 17:49:24.758 13665 13677 I art     : Starting a blocking GC Explicit
08-06 17:49:24.811 13665 13677 I art     : Explicit concurrent mark sweep GC freed 1378(81KB) AllocSpace objects, 1(20KB) LOS objects, 24% free, 48MB/64MB, paused 2.354ms total 53.129ms
08-06 17:49:24.830 13665 13677 I art     : Starting a blocking GC Explicit
08-06 17:49:24.884 13665 13677 I art     : Explicit concurrent mark sweep GC freed 26(848B) AllocSpace objects, 0(0B) LOS objects, 24% free, 48MB/64MB, paused 2.504ms total 53.441ms
08-06 17:49:24.907 13665 13677 I art     : Starting a blocking GC Explicit
08-06 17:49:24.964 13665 13677 I art     : Explicit concurrent mark sweep GC freed 22(704B) AllocSpace objects, 0(0B) LOS objects, 24% free, 48MB/64MB, paused 2.459ms total 57.012ms
08-06 17:49:24.983 13665 13677 I art     : Starting a blocking GC Explicit
08-06 17:49:25.037 13665 13677 I art     : Explicit concurrent mark sweep GC freed 20(640B) AllocSpace objects, 0(0B) LOS objects, 24% free, 48MB/64MB, paused 2.428ms total 52.830ms
08-06 17:49:25.056 13665 13677 I art     : Starting a blocking GC Explicit
08-06 17:49:25.109 13665 13677 I art     : Explicit concurrent mark sweep GC freed 19(608B) AllocSpace objects, 0(0B) LOS objects, 24% free, 48MB/64MB, paused 2.220ms total 52.350ms
08-06 17:49:25.139 16750 16750 D AndroidRuntime: >>>>>> START com.android.internal.os.RuntimeInit uid 2000 <<<<<<
08-06 17:49:25.145 16750 16750 D AndroidRuntime: CheckJNI is OFF
08-06 17:49:25.193 16750 16750 D ICU     : No timezone override file found: /data/misc/zoneinfo/current/icu/icu_tzdata.dat
08-06 17:49:25.239 16750 16750 I Radio-JNI: register_android_hardware_Radio DONE
08-06 17:49:25.276 16750 16750 D AndroidRuntime: Calling main entry com.android.commands.input.Input
08-06 17:49:25.278 16750 16750 I Input   : injectMotionEvent: MotionEvent { action=ACTION_DOWN, actionButton=0, id[0]=0, x[0]=526.0, y[0]=597.0, toolType[0]=TOOL_TYPE_UNKNOWN, buttonState=0, metaState=0, flags=0x0, edgeFlags=0x0, pointerCount=1, historySize=0, eventTime=899381691, downTime=899381691, deviceId=0, source=0x1002 }
08-06 17:49:25.284 16750 16750 I Input   : injectMotionEvent: MotionEvent { action=ACTION_UP, actionButton=0, id[0]=0, x[0]=526.0, y[0]=597.0, toolType[0]=TOOL_TYPE_UNKNOWN, buttonState=0, metaState=0, flags=0x0, edgeFlags=0x0, pointerCount=1, historySize=0, eventTime=899381691, downTime=899381691, deviceId=0, source=0x1002 }
08-06 17:49:25.287 16750 16750 D AndroidRuntime: Shutting down VM
08-06 17:49:25.351 13665 13665 D PodcastListFragment: Selected podcast: GpodnetPodcast [url=http://feeds.feedburner.com/linuxoutlaws, title=Linux Outlaws, description=Two pragmatic geeks talk about the latest news concerning Linux, free and open
08-06 17:49:25.351 13665 13665 D PodcastListFragment: technology or anything else they deem noteworthy which may include such absurd
08-06 17:49:25.351 13665 13665 D PodcastListFragment: things as hockey or bands you never heard of. This means there's many a joke
08-06 17:49:25.351 13665 13665 D PodcastListFragment: and derailed conversation along the way, so don't come here expecting only
08-06 17:49:25.351 13665 13665 D PodcastListFragment: Linux or software freedom talk  just sit back and relax, partner., subscribers=3321, logoUrl=http://sixgun.org/files/linuxoutlaws.jpg, website=http://sixgun.org, mygpoLink=http://gpodder.net/podcast/linux-outlaws-mp3]
08-06 17:49:25.352   918  3696 I ActivityManager: START u0 {cmp=baseline.de.danoeh.antennapod.debug/baseline.de.danoeh.antennapod.activity.OnlineFeedViewActivity (has extras)} from uid 10711 on display 0
08-06 17:49:25.355   512  2967 D audio_hw_primary: out_set_parameters: enter: usecase(1: low-latency-playback) kvpairs: routing=2
08-06 17:49:25.369   512  2967 D audio_hw_primary: select_devices: out_snd_device(2: speaker) in_snd_device(0: none)
08-06 17:49:25.369   512  2967 D msm8974_platform: platform_send_audio_calibration: sending audio calibration for snd_device(2) acdb_id(15)
08-06 17:49:25.369   512  2967 I soundtrigger: audio_extn_sound_trigger_update_device_status: device 0x2 of type 0 for Event 1
08-06 17:49:25.382   512  2967 D audio_hw_primary: enable_snd_device: snd_device(2: speaker)
08-06 17:49:25.386   512  2967 D audio_hw_primary: enable_audio_route: apply and update mixer path: low-latency-playback speaker
08-06 17:49:25.401 13665 13665 D UserPreferences: Using default data folder
08-06 17:49:25.401 13665 13665 D OnlineFeedViewActivity: Activity was started with url http://feeds.feedburner.com/linuxoutlaws
08-06 17:49:25.408 13665 13665 D OnlineFeedViewActivity: Starting feed download
08-06 17:49:25.411 13665 14222 D DBReader: Extracting Feedlist
08-06 17:49:25.414   918   929 D WifiService: acquireWifiLockLocked: WifiLock{Downloader type=1 binder=android.os.BinderProxy@f906984}
08-06 17:49:25.415 13665 14222 D AntennapodHttpClient: Creating new instance of HTTP client
08-06 17:49:25.473 13866 13866 I GoogleInputMethodServic: GoogleInputMethodService.onFinishInput():3138 
08-06 17:49:25.474 13866 13866 I GoogleInputMethodServic: GoogleInputMethodService.onStartInput():1808 
08-06 17:49:25.501   918   936 I ActivityManager: Displayed baseline.de.danoeh.antennapod.debug/baseline.de.danoeh.antennapod.activity.OnlineFeedViewActivity: +135ms
08-06 17:49:25.512 13665 13678 I art     : Starting a blocking GC Explicit
08-06 17:49:25.533 13665 13686 D OpenGLRenderer: endAllStagingAnimators on 0x7f7c9ff800 (GridView) with handle 0x7f7158de40
08-06 17:49:25.550 13665 14222 D MYTAG   : interceptor 3a http://feeds.feedburner.com/linuxoutlaws
08-06 17:49:25.551 13665 14222 I NAPPA_EXPERIMENTATION: MetricNetworkRequestExecutionTime: REQUEST_DURATION_SYSTEM='135',REQUEST_DURATION_OKHTTP='33',REQUEST_SYNCHRONOUS='TRUE',RESPONSE_CODE='200',RESPONSE_METHOD='GET',RESPONSE_LENGTH_OKHTTP='-1',RESPONSE_LENGTH_HEADER='-2',REQUEST_PROTOCOL='http/1.1',REQUEST_URL='http://feeds.feedburner.com/linuxoutlaws',
08-06 17:49:25.551 13665 14222 D HttpDownloader: Response code is 200
08-06 17:49:25.551 13665 14222 D UserPreferences: Using default data folder
08-06 17:49:25.554 13665 14222 D HttpDownloader: Getting size of download
08-06 17:49:25.554 13665 14222 D HttpDownloader: Size is -1
08-06 17:49:25.554 13665 14222 D UserPreferences: Using default data folder
08-06 17:49:25.554 13665 14222 D HttpDownloader: Free space is 20495159296
08-06 17:49:25.554 13665 14222 D HttpDownloader: Starting download
08-06 17:49:25.564 13665 14222 D HttpDownloader: Download was successful
08-06 17:49:25.565   918  4400 D WifiService: releaseWifiLockLocked: WifiLock{Downloader type=1 binder=android.os.BinderProxy@f906984}
08-06 17:49:25.567 13665 13665 D OnlineFeedViewActivity: Parsing feed
08-06 17:49:25.574 13665 13678 I art     : Explicit concurrent mark sweep GC freed 3066(240KB) AllocSpace objects, 1(20KB) LOS objects, 24% free, 48MB/64MB, paused 2.420ms total 61.527ms
08-06 17:49:25.575 13665 16784 D TypeGetter: Recognized type RSS 2.0
08-06 17:49:25.582 13665 16784 D SyndHandler: Recognized Content namespace
08-06 17:49:25.582 13665 16784 D SyndHandler: Recognized DublinCore namespace
08-06 17:49:25.582 13665 16784 D SyndHandler: Recognized Atom namespace
08-06 17:49:25.583 13665 16784 D SyndHandler: Recognized ITunes namespace
08-06 17:49:25.583 13665 16784 D SyndHandler: Recognized media namespace
08-06 17:49:25.592 13665 13678 I art     : Starting a blocking GC Explicit
08-06 17:49:25.634 13665 16784 D OnlineFeedViewActivity: Deleted feed source file. Result: true
08-06 17:49:25.634 13665 13665 D OnlineFeedViewActivity: Removing HTML from shownotes
08-06 17:49:25.647 13665 13678 I art     : Explicit concurrent mark sweep GC freed 4376(623KB) AllocSpace objects, 14(808KB) LOS objects, 24% free, 48MB/64MB, paused 3.070ms total 54.280ms
08-06 17:49:25.664 13665 14590 D ApOkHttpUrlLoader: buildLoadData() called with: model = [http://sixgun.org/files/linuxoutlaws.jpg], width = [350], height = [350]
08-06 17:49:25.665 13665 13678 I art     : Starting a blocking GC Explicit
08-06 17:49:25.666 13665 14419 D DBReader: getImageAuthentication() called with: imageUrl = [http://sixgun.org/files/linuxoutlaws.jpg]
08-06 17:49:25.675 13665 14419 D ApOkHttpUrlLoader: no credentials for 'http://sixgun.org/files/linuxoutlaws.jpg'
08-06 17:49:25.728 13665 13678 I art     : Explicit concurrent mark sweep GC freed 1725(110KB) AllocSpace objects, 0(0B) LOS objects, 24% free, 48MB/64MB, paused 2.973ms total 62.794ms
08-06 17:49:25.748 13665 14419 D DBWriter: updateFeedDownloadURL(original: http://sixgun.org/files/linuxoutlaws.jpg, updated: https://fab.industries/sixgun/files/linuxoutlaws.jpg)
08-06 17:49:25.750 13665 13678 I art     : Starting a blocking GC Explicit
08-06 17:49:25.760   380   380 W SurfaceFlinger: couldn't log to binary event log: overflow.
08-06 17:49:25.807 13665 13678 I art     : Explicit concurrent mark sweep GC freed 881(43KB) AllocSpace objects, 0(0B) LOS objects, 24% free, 48MB/64MB, paused 2.549ms total 57.244ms
08-06 17:49:25.824 13665 13678 I art     : Starting a blocking GC Explicit
08-06 17:49:25.877 13665 13678 I art     : Explicit concurrent mark sweep GC freed 18(832B) AllocSpace objects, 0(0B) LOS objects, 24% free, 48MB/64MB, paused 2.559ms total 52.222ms
08-06 17:49:25.888 13665 14419 D MYTAG   : interceptor 2a
08-06 17:49:25.888 13665 14419 I NAPPA_EXPERIMENTATION: MetricNetworkRequestExecutionTime: REQUEST_DURATION_SYSTEM='213',REQUEST_DURATION_OKHTTP='135',REQUEST_SYNCHRONOUS='TRUE',RESPONSE_CODE='404',RESPONSE_METHOD='GET',RESPONSE_LENGTH_OKHTTP='-1',RESPONSE_LENGTH_HEADER='1503',REQUEST_PROTOCOL='h2',REQUEST_URL='https://fab.industries/sixgun/files/linuxoutlaws.jpg',
08-06 17:49:25.901 13665 13665 D PlaybackController: Releasing PlaybackController
08-06 17:49:25.906 13665 13665 W Glide   : Load failed for http://sixgun.org/files/linuxoutlaws.jpg with size [350x350]
08-06 17:49:25.906 13665 13665 W Glide   : class com.bumptech.glide.load.engine.GlideException: Failed to load resource
08-06 17:49:25.906 13665 13665 W Glide   : There was 1 cause:
08-06 17:49:25.906 13665 13665 W Glide   : com.bumptech.glide.load.HttpException()
08-06 17:49:25.906 13665 13665 W Glide   :  call GlideException#logRootCauses(String) for more detail
08-06 17:49:25.906 13665 13665 W Glide   :   Cause (1 of 1): class com.bumptech.glide.load.engine.GlideException: Fetching data failed, class java.io.InputStream, REMOTE
08-06 17:49:25.906 13665 13665 W Glide   : There was 1 cause:
08-06 17:49:25.906 13665 13665 W Glide   : com.bumptech.glide.load.HttpException()
08-06 17:49:25.906 13665 13665 W Glide   :  call GlideException#logRootCauses(String) for more detail
08-06 17:49:25.906 13665 13665 W Glide   :     Cause (1 of 1): class com.bumptech.glide.load.HttpException: 
08-06 17:49:25.906 13665 13665 I Glide   : Root cause (1 of 1)
08-06 17:49:25.906 13665 13665 I Glide   : com.bumptech.glide.load.HttpException: 
08-06 17:49:25.906 13665 13665 I Glide   : 	at com.bumptech.glide.integration.okhttp3.OkHttpStreamFetcher.onResponse(OkHttpStreamFetcher.java:73)
08-06 17:49:25.906 13665 13665 I Glide   : 	at okhttp3.RealCall$AsyncCall.execute(RealCall.java:174)
08-06 17:49:25.906 13665 13665 I Glide   : 	at okhttp3.internal.NamedRunnable.run(NamedRunnable.java:32)
08-06 17:49:25.906 13665 13665 I Glide   : 	at java.util.concurrent.ThreadPoolExecutor.runWorker(ThreadPoolExecutor.java:1113)
08-06 17:49:25.906 13665 13665 I Glide   : 	at java.util.concurrent.ThreadPoolExecutor$Worker.run(ThreadPoolExecutor.java:588)
08-06 17:49:25.906 13665 13665 I Glide   : 	at java.lang.Thread.run(Thread.java:818)
08-06 17:49:25.928   512  2967 D audio_hw_primary: disable_audio_route: reset and update mixer path: low-latency-playback speaker
08-06 17:49:25.929   512  2967 D audio_hw_primary: disable_snd_device: snd_device(2: speaker)
08-06 17:49:25.936   512  2967 I soundtrigger: audio_extn_sound_trigger_update_device_status: device 0x2 of type 0 for Event 0
08-06 17:49:26.274 13665 13677 I art     : Starting a blocking GC Explicit
08-06 17:49:26.344 13665 13677 I art     : Explicit concurrent mark sweep GC freed 2189(147KB) AllocSpace objects, 2(132KB) LOS objects, 24% free, 48MB/64MB, paused 2.618ms total 69.483ms
08-06 17:49:26.367 13665 13677 I art     : Starting a blocking GC Explicit
08-06 17:49:26.424 13665 13677 I art     : Explicit concurrent mark sweep GC freed 50(1776B) AllocSpace objects, 0(0B) LOS objects, 24% free, 48MB/64MB, paused 2.192ms total 56.762ms
08-06 17:49:26.443 13665 13677 I art     : Starting a blocking GC Explicit
08-06 17:49:26.501 13665 13677 I art     : Explicit concurrent mark sweep GC freed 3(96B) AllocSpace objects, 0(0B) LOS objects, 24% free, 48MB/64MB, paused 2.373ms total 57.243ms
08-06 17:49:26.521 13665 13677 I art     : Starting a blocking GC Explicit
08-06 17:49:26.579 13665 13677 I art     : Explicit concurrent mark sweep GC freed 3(96B) AllocSpace objects, 0(0B) LOS objects, 24% free, 48MB/64MB, paused 2.732ms total 57.754ms
08-06 17:49:26.600 13665 13677 I art     : Starting a blocking GC Explicit
08-06 17:49:26.657 13665 13677 I art     : Explicit concurrent mark sweep GC freed 3(96B) AllocSpace objects, 0(0B) LOS objects, 24% free, 48MB/64MB, paused 2.155ms total 56.959ms
08-06 17:49:27.060 13665 13678 I art     : Starting a blocking GC Explicit
08-06 17:49:27.121 13665 13678 I art     : Explicit concurrent mark sweep GC freed 1379(81KB) AllocSpace objects, 1(20KB) LOS objects, 24% free, 48MB/64MB, paused 3.131ms total 60.238ms
08-06 17:49:27.143 13665 13678 I art     : Starting a blocking GC Explicit
08-06 17:49:27.201 13665 13678 I art     : Explicit concurrent mark sweep GC freed 23(752B) AllocSpace objects, 0(0B) LOS objects, 24% free, 48MB/64MB, paused 2.392ms total 57.611ms
08-06 17:49:27.221 13665 13678 I art     : Starting a blocking GC Explicit
08-06 17:49:27.283 13665 13678 I art     : Explicit concurrent mark sweep GC freed 5(160B) AllocSpace objects, 0(0B) LOS objects, 24% free, 48MB/64MB, paused 4.142ms total 61.712ms
08-06 17:49:27.308 13665 13678 I art     : Starting a blocking GC Explicit
08-06 17:49:27.365 13665 13678 I art     : Explicit concurrent mark sweep GC freed 41(1168B) AllocSpace objects, 0(0B) LOS objects, 24% free, 48MB/64MB, paused 2.558ms total 56.813ms
08-06 17:49:27.385 13665 13678 I art     : Starting a blocking GC Explicit
08-06 17:49:27.444 13665 13678 I art     : Explicit concurrent mark sweep GC freed 13(416B) AllocSpace objects, 0(0B) LOS objects, 24% free, 48MB/64MB, paused 2.282ms total 58.084ms
08-06 17:49:27.852 13665 13677 I art     : Starting a blocking GC Explicit
08-06 17:49:27.913 13665 13677 I art     : Explicit concurrent mark sweep GC freed 1385(81KB) AllocSpace objects, 1(20KB) LOS objects, 24% free, 48MB/64MB, paused 2.344ms total 60.740ms
08-06 17:49:27.936 13665 13677 I art     : Starting a blocking GC Explicit
08-06 17:49:28.004 13665 13677 I art     : Explicit concurrent mark sweep GC freed 23(752B) AllocSpace objects, 0(0B) LOS objects, 24% free, 48MB/64MB, paused 2.505ms total 67.350ms
08-06 17:49:28.027 13665 13677 I art     : Starting a blocking GC Explicit
08-06 17:49:28.089 13665 13677 I art     : Explicit concurrent mark sweep GC freed 3(96B) AllocSpace objects, 0(0B) LOS objects, 24% free, 48MB/64MB, paused 3.261ms total 61.578ms
08-06 17:49:28.113 13665 13677 I art     : Starting a blocking GC Explicit
08-06 17:49:28.173 13665 13677 I art     : Explicit concurrent mark sweep GC freed 3(96B) AllocSpace objects, 0(0B) LOS objects, 24% free, 48MB/64MB, paused 2.522ms total 60.015ms
08-06 17:49:28.198 13665 13677 I art     : Starting a blocking GC Explicit
08-06 17:49:28.258 13665 13677 I art     : Explicit concurrent mark sweep GC freed 3(96B) AllocSpace objects, 0(0B) LOS objects, 24% free, 48MB/64MB, paused 2.441ms total 59.379ms
08-06 17:49:28.680 13665 13775 I art     : Starting a blocking GC Explicit
08-06 17:49:28.749 13665 13775 I art     : Explicit concurrent mark sweep GC freed 1405(81KB) AllocSpace objects, 1(20KB) LOS objects, 24% free, 48MB/64MB, paused 2.679ms total 68.361ms
08-06 17:49:28.771 13665 13775 I art     : Starting a blocking GC Explicit
08-06 17:49:28.828 13665 13775 I art     : Explicit concurrent mark sweep GC freed 23(752B) AllocSpace objects, 0(0B) LOS objects, 24% free, 48MB/64MB, paused 2.328ms total 56.893ms
08-06 17:49:28.848 13665 13775 I art     : Starting a blocking GC Explicit
08-06 17:49:28.908 13665 13775 I art     : Explicit concurrent mark sweep GC freed 3(96B) AllocSpace objects, 0(0B) LOS objects, 24% free, 48MB/64MB, paused 2.466ms total 59.031ms
08-06 17:49:28.932 13665 13775 I art     : Starting a blocking GC Explicit
08-06 17:49:28.991 13665 13775 I art     : Explicit concurrent mark sweep GC freed 3(96B) AllocSpace objects, 0(0B) LOS objects, 24% free, 48MB/64MB, paused 2.686ms total 58.897ms
08-06 17:49:29.015 13665 13775 I art     : Starting a blocking GC Explicit
08-06 17:49:29.075 13665 13775 I art     : Explicit concurrent mark sweep GC freed 3(96B) AllocSpace objects, 0(0B) LOS objects, 24% free, 48MB/64MB, paused 2.457ms total 59.345ms
08-06 17:49:29.488 13665 13678 I art     : Starting a blocking GC Explicit
08-06 17:49:29.557 13665 13678 I art     : Explicit concurrent mark sweep GC freed 1405(81KB) AllocSpace objects, 1(20KB) LOS objects, 24% free, 48MB/64MB, paused 2.429ms total 68.295ms
08-06 17:49:29.576 13665 13678 I art     : Starting a blocking GC Explicit
08-06 17:49:29.630 13665 13678 I art     : Explicit concurrent mark sweep GC freed 23(752B) AllocSpace objects, 0(0B) LOS objects, 24% free, 48MB/64MB, paused 2.263ms total 54.207ms
08-06 17:49:29.649 13665 13678 I art     : Starting a blocking GC Explicit
08-06 17:49:29.704 13665 13678 I art     : Explicit concurrent mark sweep GC freed 3(96B) AllocSpace objects, 0(0B) LOS objects, 24% free, 48MB/64MB, paused 2.286ms total 55.147ms
08-06 17:49:29.723 13665 13678 I art     : Starting a blocking GC Explicit
08-06 17:49:29.780 13665 13678 I art     : Explicit concurrent mark sweep GC freed 3(96B) AllocSpace objects, 0(0B) LOS objects, 24% free, 48MB/64MB, paused 2.527ms total 55.709ms
08-06 17:49:29.799 13665 13678 I art     : Starting a blocking GC Explicit
08-06 17:49:29.855 13665 13678 I art     : Explicit concurrent mark sweep GC freed 3(96B) AllocSpace objects, 0(0B) LOS objects, 24% free, 48MB/64MB, paused 2.290ms total 55.303ms
08-06 17:49:30.093   918  3188 I hubconnection: sensorhub said: 'set_bias 3: -6.1248, 0.0000, 0.0000'
08-06 17:49:30.180 16837 16837 D AndroidRuntime: >>>>>> START com.android.internal.os.RuntimeInit uid 2000 <<<<<<
08-06 17:49:30.186 16837 16837 D AndroidRuntime: CheckJNI is OFF
08-06 17:49:30.237 16837 16837 D ICU     : No timezone override file found: /data/misc/zoneinfo/current/icu/icu_tzdata.dat
08-06 17:49:30.251 13665 14111 I art     : Starting a blocking GC Explicit
08-06 17:49:30.283 16837 16837 I Radio-JNI: register_android_hardware_Radio DONE
08-06 17:49:30.307 13665 14111 I art     : Explicit concurrent mark sweep GC freed 1431(85KB) AllocSpace objects, 1(20KB) LOS objects, 24% free, 48MB/64MB, paused 2.204ms total 55.558ms
08-06 17:49:30.315 16837 16837 D AndroidRuntime: Calling main entry com.android.commands.input.Input
08-06 17:49:30.317 16837 16837 I Input   : injectKeyEvent: KeyEvent { action=ACTION_DOWN, keyCode=KEYCODE_BACK, scanCode=0, metaState=0, flags=0x0, repeatCount=0, eventTime=899386730, downTime=899386730, deviceId=-1, source=0x101 }
08-06 17:49:30.327 13665 14111 I art     : Starting a blocking GC Explicit
08-06 17:49:30.328 16837 16837 I Input   : injectKeyEvent: KeyEvent { action=ACTION_UP, keyCode=KEYCODE_BACK, scanCode=0, metaState=0, flags=0x0, repeatCount=0, eventTime=899386730, downTime=899386730, deviceId=-1, source=0x101 }
08-06 17:49:30.343 16837 16837 D AndroidRuntime: Shutting down VM
08-06 17:49:30.356 13665 13665 V PlaybackController: initServiceNotRunning()
08-06 17:49:30.357 13665 13665 D ExternalPlayerFragment: Loading media info
08-06 17:49:30.357 13665 14590 D ApOkHttpUrlLoader: buildLoadData() called with: model = [http://sixgun.org/files/linuxoutlaws.jpg], width = [224], height = [224]
08-06 17:49:30.359 13665 14419 D DBReader: getImageAuthentication() called with: imageUrl = [http://sixgun.org/files/linuxoutlaws.jpg]
08-06 17:49:30.360 13665 14419 D ApOkHttpUrlLoader: no credentials for 'http://sixgun.org/files/linuxoutlaws.jpg'
08-06 17:49:30.363 13665 13665 D UserPreferences: Using default data folder
08-06 17:49:30.365 13665 14222 D DBReader: getNavDrawerData() called with: 
08-06 17:49:30.371 13665 14222 D DBReader: getDownloadedItems() called
08-06 17:49:30.373 13665 14222 D DBReader: getFavoriteIDList() called
08-06 17:49:30.374 13665 14222 D DBReader: getQueueIDList() called
08-06 17:49:30.375 13665 14222 D DBReader: Extracting Feedlist
08-06 17:49:30.389 13665 14111 I art     : Explicit concurrent mark sweep GC freed 845(62KB) AllocSpace objects, 0(0B) LOS objects, 24% free, 48MB/64MB, paused 2.680ms total 61.980ms
08-06 17:49:30.403 13866 13866 I GoogleInputMethodServic: GoogleInputMethodService.onFinishInput():3138 
08-06 17:49:30.403 13665 13665 D MainActivity: getLastNavFragment() -> AddFeedFragment
08-06 17:49:30.403 13866 13866 I GoogleInputMethodServic: GoogleInputMethodService.onStartInput():1808 
08-06 17:49:30.409 13665 14111 I art     : Starting a blocking GC Explicit
08-06 17:49:30.461 13665 14419 D DBWriter: updateFeedDownloadURL(original: http://sixgun.org/files/linuxoutlaws.jpg, updated: https://fab.industries/sixgun/files/linuxoutlaws.jpg)
08-06 17:49:30.462 13665 14111 I art     : Explicit concurrent mark sweep GC freed 800(37KB) AllocSpace objects, 0(0B) LOS objects, 24% free, 48MB/64MB, paused 2.342ms total 52.526ms
08-06 17:49:30.479 13665 14111 I art     : Starting a blocking GC Explicit
08-06 17:49:30.531 13665 14111 I art     : Explicit concurrent mark sweep GC freed 398(23KB) AllocSpace objects, 0(0B) LOS objects, 24% free, 48MB/64MB, paused 2.234ms total 51.965ms
08-06 17:49:30.552 13665 14111 I art     : Starting a blocking GC Explicit
08-06 17:49:30.607 13665 14419 D MYTAG   : interceptor 2a
08-06 17:49:30.607 13665 14419 I NAPPA_EXPERIMENTATION: MetricNetworkRequestExecutionTime: REQUEST_DURATION_SYSTEM='247',REQUEST_DURATION_OKHTTP='141',REQUEST_SYNCHRONOUS='TRUE',RESPONSE_CODE='404',RESPONSE_METHOD='GET',RESPONSE_LENGTH_OKHTTP='-1',RESPONSE_LENGTH_HEADER='1503',REQUEST_PROTOCOL='h2',REQUEST_URL='https://fab.industries/sixgun/files/linuxoutlaws.jpg',
08-06 17:49:30.609 13665 13665 W Glide   : Load failed for http://sixgun.org/files/linuxoutlaws.jpg with size [224x224]
08-06 17:49:30.609 13665 13665 W Glide   : class com.bumptech.glide.load.engine.GlideException: Failed to load resource
08-06 17:49:30.609 13665 13665 W Glide   : There was 1 cause:
08-06 17:49:30.609 13665 13665 W Glide   : com.bumptech.glide.load.HttpException()
08-06 17:49:30.609 13665 13665 W Glide   :  call GlideException#logRootCauses(String) for more detail
08-06 17:49:30.609 13665 13665 W Glide   :   Cause (1 of 1): class com.bumptech.glide.load.engine.GlideException: Fetching data failed, class java.io.InputStream, REMOTE
08-06 17:49:30.609 13665 13665 W Glide   : There was 1 cause:
08-06 17:49:30.609 13665 13665 W Glide   : com.bumptech.glide.load.HttpException()
08-06 17:49:30.609 13665 13665 W Glide   :  call GlideException#logRootCauses(String) for more detail
08-06 17:49:30.609 13665 13665 W Glide   :     Cause (1 of 1): class com.bumptech.glide.load.HttpException: 
08-06 17:49:30.610 13665 13665 I Glide   : Root cause (1 of 1)
08-06 17:49:30.610 13665 13665 I Glide   : com.bumptech.glide.load.HttpException: 
08-06 17:49:30.610 13665 13665 I Glide   : 	at com.bumptech.glide.integration.okhttp3.OkHttpStreamFetcher.onResponse(OkHttpStreamFetcher.java:73)
08-06 17:49:30.610 13665 13665 I Glide   : 	at okhttp3.RealCall$AsyncCall.execute(RealCall.java:174)
08-06 17:49:30.610 13665 13665 I Glide   : 	at okhttp3.internal.NamedRunnable.run(NamedRunnable.java:32)
08-06 17:49:30.610 13665 13665 I Glide   : 	at java.util.concurrent.ThreadPoolExecutor.runWorker(ThreadPoolExecutor.java:1113)
08-06 17:49:30.610 13665 13665 I Glide   : 	at java.util.concurrent.ThreadPoolExecutor$Worker.run(ThreadPoolExecutor.java:588)
08-06 17:49:30.610 13665 13665 I Glide   : 	at java.lang.Thread.run(Thread.java:818)
08-06 17:49:30.610 13665 13665 W Glide   : Load failed for http://sixgun.org/files/linuxoutlaws.jpg with size [224x224]
08-06 17:49:30.610 13665 13665 W Glide   : class com.bumptech.glide.load.engine.GlideException: Failed to load resource
08-06 17:49:30.610 13665 13665 W Glide   : There was 1 cause:
08-06 17:49:30.610 13665 13665 W Glide   : com.bumptech.glide.load.HttpException()
08-06 17:49:30.610 13665 13665 W Glide   :  call GlideException#logRootCauses(String) for more detail
08-06 17:49:30.610 13665 13665 W Glide   :   Cause (1 of 1): class com.bumptech.glide.load.engine.GlideException: Fetching data failed, class java.io.InputStream, REMOTE
08-06 17:49:30.610 13665 13665 W Glide   : There was 1 cause:
08-06 17:49:30.610 13665 13665 W Glide   : com.bumptech.glide.load.HttpException()
08-06 17:49:30.610 13665 13665 W Glide   :  call GlideException#logRootCauses(String) for more detail
08-06 17:49:30.610 13665 13665 W Glide   :     Cause (1 of 1): class com.bumptech.glide.load.HttpException: 
08-06 17:49:30.610 13665 13665 I Glide   : Root cause (1 of 1)
08-06 17:49:30.610 13665 13665 I Glide   : com.bumptech.glide.load.HttpException: 
08-06 17:49:30.610 13665 13665 I Glide   : 	at com.bumptech.glide.integration.okhttp3.OkHttpStreamFetcher.onResponse(OkHttpStreamFetcher.java:73)
08-06 17:49:30.610 13665 13665 I Glide   : 	at okhttp3.RealCall$AsyncCall.execute(RealCall.java:174)
08-06 17:49:30.610 13665 13665 I Glide   : 	at okhttp3.internal.NamedRunnable.run(NamedRunnable.java:32)
08-06 17:49:30.610 13665 13665 I Glide   : 	at java.util.concurrent.ThreadPoolExecutor.runWorker(ThreadPoolExecutor.java:1113)
08-06 17:49:30.610 13665 13665 I Glide   : 	at java.util.concurrent.ThreadPoolExecutor$Worker.run(ThreadPoolExecutor.java:588)
08-06 17:49:30.610 13665 13665 I Glide   : 	at java.lang.Thread.run(Thread.java:818)
08-06 17:49:30.622 13665 14111 I art     : Explicit concurrent mark sweep GC freed 415(68KB) AllocSpace objects, 0(0B) LOS objects, 24% free, 48MB/64MB, paused 3.672ms total 69.427ms
08-06 17:49:30.676   518   646 I ThermalEngine: ACTION: GPU - Setting GPU[0] to 450000000
08-06 17:49:30.714   380   380 W SurfaceFlinger: couldn't log to binary event log: overflow.
08-06 17:49:30.980 13665 14111 I art     : Starting a blocking GC Explicit
08-06 17:49:31.037 13665 14111 I art     : Explicit concurrent mark sweep GC freed 2151(114KB) AllocSpace objects, 1(20KB) LOS objects, 24% free, 48MB/64MB, paused 1.577ms total 56.215ms
08-06 17:49:31.055 13665 14111 I art     : Starting a blocking GC Explicit
08-06 17:49:31.098 13665 14111 I art     : Explicit concurrent mark sweep GC freed 2860(235KB) AllocSpace objects, 1(28KB) LOS objects, 24% free, 48MB/64MB, paused 1.438ms total 42.236ms
08-06 17:49:31.111 13665 14111 I art     : Starting a blocking GC Explicit
08-06 17:49:31.154 13665 14111 I art     : Explicit concurrent mark sweep GC freed 3(96B) AllocSpace objects, 0(0B) LOS objects, 24% free, 48MB/64MB, paused 1.478ms total 43.290ms
08-06 17:49:31.167 13665 14111 I art     : Starting a blocking GC Explicit
08-06 17:49:31.211 13665 14111 I art     : Explicit concurrent mark sweep GC freed 3(96B) AllocSpace objects, 0(0B) LOS objects, 24% free, 48MB/64MB, paused 1.480ms total 43.105ms
08-06 17:49:31.224 13665 14111 I art     : Starting a blocking GC Explicit
08-06 17:49:31.268 13665 14111 I art     : Explicit concurrent mark sweep GC freed 3(96B) AllocSpace objects, 0(0B) LOS objects, 24% free, 48MB/64MB, paused 1.572ms total 43.870ms
08-06 17:49:31.623 13665 13677 I art     : Starting a blocking GC Explicit
08-06 17:49:31.666 13665 13677 I art     : Explicit concurrent mark sweep GC freed 1407(82KB) AllocSpace objects, 1(20KB) LOS objects, 24% free, 48MB/64MB, paused 1.485ms total 42.990ms
08-06 17:49:31.679 13665 13677 I art     : Starting a blocking GC Explicit
08-06 17:49:31.720 13665 13677 I art     : Explicit concurrent mark sweep GC freed 23(752B) AllocSpace objects, 0(0B) LOS objects, 24% free, 48MB/64MB, paused 1.545ms total 40.439ms
08-06 17:49:31.733 13665 13677 I art     : Starting a blocking GC Explicit
08-06 17:49:31.774 13665 13677 I art     : Explicit concurrent mark sweep GC freed 3(96B) AllocSpace objects, 0(0B) LOS objects, 24% free, 48MB/64MB, paused 1.545ms total 40.546ms
08-06 17:49:31.786 13665 13677 I art     : Starting a blocking GC Explicit
08-06 17:49:31.828 13665 13677 I art     : Explicit concurrent mark sweep GC freed 3(96B) AllocSpace objects, 0(0B) LOS objects, 24% free, 48MB/64MB, paused 1.535ms total 41.328ms
08-06 17:49:31.841 13665 13677 I art     : Starting a blocking GC Explicit
08-06 17:49:31.883 13665 13677 I art     : Explicit concurrent mark sweep GC freed 3(96B) AllocSpace objects, 0(0B) LOS objects, 24% free, 48MB/64MB, paused 1.467ms total 41.935ms
08-06 17:49:32.125 16882 16882 D AndroidRuntime: >>>>>> START com.android.internal.os.RuntimeInit uid 2000 <<<<<<
08-06 17:49:32.131 16882 16882 D AndroidRuntime: CheckJNI is OFF
08-06 17:49:32.170 16882 16882 D ICU     : No timezone override file found: /data/misc/zoneinfo/current/icu/icu_tzdata.dat
08-06 17:49:32.212 16882 16882 I Radio-JNI: register_android_hardware_Radio DONE
08-06 17:49:32.241 16882 16882 D AndroidRuntime: Calling main entry com.android.commands.input.Input
08-06 17:49:32.243 16882 16882 I Input   : injectKeyEvent: KeyEvent { action=ACTION_DOWN, keyCode=KEYCODE_BACK, scanCode=0, metaState=0, flags=0x0, repeatCount=0, eventTime=899388656, downTime=899388656, deviceId=-1, source=0x101 }
08-06 17:49:32.249 16882 16882 I Input   : injectKeyEvent: KeyEvent { action=ACTION_UP, keyCode=KEYCODE_BACK, scanCode=0, metaState=0, flags=0x0, repeatCount=0, eventTime=899388656, downTime=899388656, deviceId=-1, source=0x101 }
08-06 17:49:32.267 13665 13678 I art     : Starting a blocking GC Explicit
08-06 17:49:32.277 16882 16882 D AndroidRuntime: Shutting down VM
08-06 17:49:32.312 13665 13678 I art     : Explicit concurrent mark sweep GC freed 3583(171KB) AllocSpace objects, 1(20KB) LOS objects, 24% free, 48MB/64MB, paused 1.610ms total 44.344ms
08-06 17:49:32.324 13665 13678 I art     : Starting a blocking GC Explicit
08-06 17:49:32.365 13665 13678 I art     : Explicit concurrent mark sweep GC freed 937(59KB) AllocSpace objects, 1(28KB) LOS objects, 24% free, 48MB/64MB, paused 1.492ms total 40.324ms
08-06 17:49:32.377 13665 13678 I art     : Starting a blocking GC Explicit
08-06 17:49:32.418 13665 13678 I art     : Explicit concurrent mark sweep GC freed 4469(337KB) AllocSpace objects, 8(1592KB) LOS objects, 25% free, 46MB/62MB, paused 1.410ms total 40.737ms
08-06 17:49:32.431 13665 13678 I art     : Starting a blocking GC Explicit
08-06 17:49:32.472 13665 13678 I art     : Explicit concurrent mark sweep GC freed 3(96B) AllocSpace objects, 0(0B) LOS objects, 25% free, 46MB/62MB, paused 1.529ms total 41.044ms
08-06 17:49:32.485 13665 13678 I art     : Starting a blocking GC Explicit
08-06 17:49:32.527 13665 13678 I art     : Explicit concurrent mark sweep GC freed 3(96B) AllocSpace objects, 0(0B) LOS objects, 25% free, 46MB/62MB, paused 1.516ms total 41.318ms
08-06 17:49:32.680   518   646 I ThermalEngine: ACTION: GPU - Setting GPU[0] to 390000000
08-06 17:49:32.940 13665 14111 I art     : Starting a blocking GC Explicit
08-06 17:49:33.005 13665 14111 I art     : Explicit concurrent mark sweep GC freed 1378(81KB) AllocSpace objects, 1(20KB) LOS objects, 25% free, 46MB/62MB, paused 2.430ms total 63.163ms
08-06 17:49:33.028 13665 14111 I art     : Starting a blocking GC Explicit
08-06 17:49:33.081 13665 14111 I art     : Explicit concurrent mark sweep GC freed 23(752B) AllocSpace objects, 0(0B) LOS objects, 25% free, 46MB/62MB, paused 2.346ms total 52.224ms
08-06 17:49:33.100 13665 14111 I art     : Starting a blocking GC Explicit
08-06 17:49:33.151 13665 14111 I art     : Explicit concurrent mark sweep GC freed 3(96B) AllocSpace objects, 0(0B) LOS objects, 25% free, 46MB/62MB, paused 2.508ms total 50.265ms
08-06 17:49:33.175 13665 14111 I art     : Starting a blocking GC Explicit
08-06 17:49:33.225 13665 14111 I art     : Explicit concurrent mark sweep GC freed 3(96B) AllocSpace objects, 0(0B) LOS objects, 25% free, 46MB/62MB, paused 2.109ms total 50.334ms
08-06 17:49:33.245 13665 14111 I art     : Starting a blocking GC Explicit
08-06 17:49:33.298 13665 14111 I art     : Explicit concurrent mark sweep GC freed 32(880B) AllocSpace objects, 0(0B) LOS objects, 25% free, 46MB/62MB, paused 2.247ms total 52.409ms
08-06 17:49:33.694 13665 13775 I art     : Starting a blocking GC Explicit
08-06 17:49:33.753 13665 13775 I art     : Explicit concurrent mark sweep GC freed 1376(81KB) AllocSpace objects, 1(20KB) LOS objects, 25% free, 46MB/62MB, paused 2.839ms total 58.685ms
08-06 17:49:33.771 13665 13775 I art     : Starting a blocking GC Explicit
08-06 17:49:33.821 13665 13775 I art     : Explicit concurrent mark sweep GC freed 23(752B) AllocSpace objects, 0(0B) LOS objects, 25% free, 46MB/62MB, paused 2.204ms total 49.659ms
08-06 17:49:33.840 13665 13775 I art     : Starting a blocking GC Explicit
08-06 17:49:33.890 13665 13775 I art     : Explicit concurrent mark sweep GC freed 4(128B) AllocSpace objects, 0(0B) LOS objects, 25% free, 46MB/62MB, paused 2.454ms total 49.955ms
08-06 17:49:33.914 13665 13775 I art     : Starting a blocking GC Explicit
08-06 17:49:33.977 13665 13775 I art     : Explicit concurrent mark sweep GC freed 13(416B) AllocSpace objects, 0(0B) LOS objects, 25% free, 46MB/62MB, paused 2.912ms total 62.307ms
08-06 17:49:33.997 13665 13775 I art     : Starting a blocking GC Explicit
08-06 17:49:34.049 13665 13775 I art     : Explicit concurrent mark sweep GC freed 11(352B) AllocSpace objects, 0(0B) LOS objects, 25% free, 46MB/62MB, paused 2.272ms total 51.606ms
08-06 17:49:34.174 16922 16922 D AndroidRuntime: >>>>>> START com.android.internal.os.RuntimeInit uid 2000 <<<<<<
08-06 17:49:34.180 16922 16922 D AndroidRuntime: CheckJNI is OFF
08-06 17:49:34.238 16922 16922 D ICU     : No timezone override file found: /data/misc/zoneinfo/current/icu/icu_tzdata.dat
08-06 17:49:34.284 16922 16922 I Radio-JNI: register_android_hardware_Radio DONE
08-06 17:49:34.317 16922 16922 D AndroidRuntime: Calling main entry com.android.commands.input.Input
08-06 17:49:34.320 16922 16922 I Input   : injectMotionEvent: MotionEvent { action=ACTION_DOWN, actionButton=0, id[0]=0, x[0]=603.0, y[0]=1061.0, toolType[0]=TOOL_TYPE_UNKNOWN, buttonState=0, metaState=0, flags=0x0, edgeFlags=0x0, pointerCount=1, historySize=0, eventTime=899390732, downTime=899390732, deviceId=0, source=0x1002 }
08-06 17:49:34.325 16922 16922 I Input   : injectMotionEvent: MotionEvent { action=ACTION_UP, actionButton=0, id[0]=0, x[0]=603.0, y[0]=1061.0, toolType[0]=TOOL_TYPE_UNKNOWN, buttonState=0, metaState=0, flags=0x0, edgeFlags=0x0, pointerCount=1, historySize=0, eventTime=899390732, downTime=899390732, deviceId=0, source=0x1002 }
08-06 17:49:34.328 16922 16922 D AndroidRuntime: Shutting down VM
08-06 17:49:34.340   512  2967 D audio_hw_primary: out_set_parameters: enter: usecase(1: low-latency-playback) kvpairs: routing=2
08-06 17:49:34.354   512  2967 D audio_hw_primary: select_devices: out_snd_device(2: speaker) in_snd_device(0: none)
08-06 17:49:34.354   512  2967 D msm8974_platform: platform_send_audio_calibration: sending audio calibration for snd_device(2) acdb_id(15)
08-06 17:49:34.354   512  2967 I soundtrigger: audio_extn_sound_trigger_update_device_status: device 0x2 of type 0 for Event 1
08-06 17:49:34.364   512  2967 D audio_hw_primary: enable_snd_device: snd_device(2: speaker)
08-06 17:49:34.367   512  2967 D audio_hw_primary: enable_audio_route: apply and update mixer path: low-latency-playback speaker
08-06 17:49:34.436 13665 14111 I art     : Starting a blocking GC Explicit
08-06 17:49:34.472 13665 16949 I NAPPA_EXPERIMENTATION: MetricNetworkRequestExecutionTime: REQUEST_DURATION_SYSTEM='100',REQUEST_DURATION_OKHTTP='99',REQUEST_SYNCHRONOUS='TRUE',RESPONSE_CODE='200',RESPONSE_METHOD='GET',RESPONSE_LENGTH_OKHTTP='37507',RESPONSE_LENGTH_HEADER='37507',REQUEST_PROTOCOL='http/1.1',REQUEST_URL='https://gpodder.net/toplist/50.json',
08-06 17:49:34.486 13665 16005 I NAPPA_EXPERIMENTATION: MetricNetworkRequestExecutionTime: REQUEST_DURATION_SYSTEM='108',REQUEST_DURATION_OKHTTP='107',REQUEST_SYNCHRONOUS='TRUE',RESPONSE_CODE='200',RESPONSE_METHOD='GET',RESPONSE_LENGTH_OKHTTP='2923',RESPONSE_LENGTH_HEADER='2923',REQUEST_PROTOCOL='http/1.1',REQUEST_URL='https://gpodder.net/api/2/tags/50.json',
08-06 17:49:34.497 13665 14111 I art     : Explicit concurrent mark sweep GC freed 4727(231KB) AllocSpace objects, 1(20KB) LOS objects, 25% free, 47MB/63MB, paused 3.609ms total 61.343ms
08-06 17:49:34.516 13665 14111 I art     : Starting a blocking GC Explicit
08-06 17:49:34.568 13665 14111 I art     : Explicit concurrent mark sweep GC freed 5869(403KB) AllocSpace objects, 4(412KB) LOS objects, 25% free, 46MB/62MB, paused 2.726ms total 51.609ms
08-06 17:49:34.585 13665 14590 D ApOkHttpUrlLoader: buildLoadData() called with: model = [http://sixgun.org/files/linuxoutlaws.jpg], width = [224], height = [224]
08-06 17:49:34.586 13665 14111 I art     : Starting a blocking GC Explicit
08-06 17:49:34.588 13665 14419 D DBReader: getImageAuthentication() called with: imageUrl = [http://sixgun.org/files/linuxoutlaws.jpg]
08-06 17:49:34.589 13665 14419 D ApOkHttpUrlLoader: no credentials for 'http://sixgun.org/files/linuxoutlaws.jpg'
08-06 17:49:34.597 13665 14590 D ApOkHttpUrlLoader: buildLoadData() called with: model = [https://files.thisamericanlife.org/sites/all/themes/thislife/img/tal-name-1400x1400.png], width = [224], height = [224]
08-06 17:49:34.605 13665 14590 D ApOkHttpUrlLoader: buildLoadData() called with: model = [https://elroy.twit.tv/sites/default/files/styles/twit_album_art_2048x2048/public/images/shows/floss_weekly/album_art/audio/floss_albumart_mask.jpg?itok=IUjxKpwt], width = [224], height = [224]
08-06 17:49:34.612 13665 14590 D ApOkHttpUrlLoader: buildLoadData() called with: model = [http://ichef.bbci.co.uk/images/ic/3000x3000/p07kfvzb.jpg], width = [224], height = [224]
08-06 17:49:34.619 13665 14590 D ApOkHttpUrlLoader: buildLoadData() called with: model = [https://pl.tedcdn.com/rss_feed_images/ted_talks_main_podcast/video.png], width = [224], height = [224]
08-06 17:49:34.622 13665 14419 D DBWriter: updateFeedDownloadURL(original: http://sixgun.org/files/linuxoutlaws.jpg, updated: https://fab.industries/sixgun/files/linuxoutlaws.jpg)
08-06 17:49:34.626 13665 14590 D ApOkHttpUrlLoader: buildLoadData() called with: model = [https://elroy.twit.tv/sites/default/files/styles/twit_album_art_2048x2048/public/images/shows/this_week_in_tech/album_art/audio/twit1400audio.jpg?itok=J0vhatZb], width = [224], height = [224]
08-06 17:49:34.637 13665 14111 I art     : Explicit concurrent mark sweep GC freed 1342(68KB) AllocSpace objects, 0(0B) LOS objects, 25% free, 47MB/63MB, paused 3.089ms total 50.202ms
08-06 17:49:34.638 13665 14590 D ApOkHttpUrlLoader: buildLoadData() called with: model = [http://ichef.bbci.co.uk/images/ic/3000x3000/p03gtk3j.jpg], width = [224], height = [224]
08-06 17:49:34.654 13665 14111 I art     : Starting a blocking GC Explicit
08-06 17:49:34.703 13665 14111 I art     : Explicit concurrent mark sweep GC freed 632(22KB) AllocSpace objects, 0(0B) LOS objects, 24% free, 48MB/64MB, paused 2.111ms total 48.758ms
08-06 17:49:34.720 13665 14111 I art     : Starting a blocking GC Explicit
08-06 17:49:34.756 13665 14419 D MYTAG   : interceptor 2a
08-06 17:49:34.756 13665 14419 I NAPPA_EXPERIMENTATION: MetricNetworkRequestExecutionTime: REQUEST_DURATION_SYSTEM='166',REQUEST_DURATION_OKHTTP='130',REQUEST_SYNCHRONOUS='TRUE',RESPONSE_CODE='404',RESPONSE_METHOD='GET',RESPONSE_LENGTH_OKHTTP='-1',RESPONSE_LENGTH_HEADER='1503',REQUEST_PROTOCOL='h2',REQUEST_URL='https://fab.industries/sixgun/files/linuxoutlaws.jpg',
08-06 17:49:34.758 13665 13665 W Glide   : Load failed for http://sixgun.org/files/linuxoutlaws.jpg with size [224x224]
08-06 17:49:34.758 13665 13665 W Glide   : class com.bumptech.glide.load.engine.GlideException: Failed to load resource
08-06 17:49:34.758 13665 13665 W Glide   : There was 1 cause:
08-06 17:49:34.758 13665 13665 W Glide   : com.bumptech.glide.load.HttpException()
08-06 17:49:34.758 13665 13665 W Glide   :  call GlideException#logRootCauses(String) for more detail
08-06 17:49:34.758 13665 13665 W Glide   :   Cause (1 of 1): class com.bumptech.glide.load.engine.GlideException: Fetching data failed, class java.io.InputStream, REMOTE
08-06 17:49:34.758 13665 13665 W Glide   : There was 1 cause:
08-06 17:49:34.758 13665 13665 W Glide   : com.bumptech.glide.load.HttpException()
08-06 17:49:34.758 13665 13665 W Glide   :  call GlideException#logRootCauses(String) for more detail
08-06 17:49:34.758 13665 13665 W Glide   :     Cause (1 of 1): class com.bumptech.glide.load.HttpException: 
08-06 17:49:34.758 13665 13665 I Glide   : Root cause (1 of 1)
08-06 17:49:34.758 13665 13665 I Glide   : com.bumptech.glide.load.HttpException: 
08-06 17:49:34.758 13665 13665 I Glide   : 	at com.bumptech.glide.integration.okhttp3.OkHttpStreamFetcher.onResponse(OkHttpStreamFetcher.java:73)
08-06 17:49:34.758 13665 13665 I Glide   : 	at okhttp3.RealCall$AsyncCall.execute(RealCall.java:174)
08-06 17:49:34.758 13665 13665 I Glide   : 	at okhttp3.internal.NamedRunnable.run(NamedRunnable.java:32)
08-06 17:49:34.758 13665 13665 I Glide   : 	at java.util.concurrent.ThreadPoolExecutor.runWorker(ThreadPoolExecutor.java:1113)
08-06 17:49:34.758 13665 13665 I Glide   : 	at java.util.concurrent.ThreadPoolExecutor$Worker.run(ThreadPoolExecutor.java:588)
08-06 17:49:34.758 13665 13665 I Glide   : 	at java.lang.Thread.run(Thread.java:818)
08-06 17:49:34.760 13665 13665 W Glide   : Load failed for http://sixgun.org/files/linuxoutlaws.jpg with size [224x224]
08-06 17:49:34.760 13665 13665 W Glide   : class com.bumptech.glide.load.engine.GlideException: Failed to load resource
08-06 17:49:34.760 13665 13665 W Glide   : There was 1 cause:
08-06 17:49:34.760 13665 13665 W Glide   : com.bumptech.glide.load.HttpException()
08-06 17:49:34.760 13665 13665 W Glide   :  call GlideException#logRootCauses(String) for more detail
08-06 17:49:34.760 13665 13665 W Glide   :   Cause (1 of 1): class com.bumptech.glide.load.engine.GlideException: Fetching data failed, class java.io.InputStream, REMOTE
08-06 17:49:34.760 13665 13665 W Glide   : There was 1 cause:
08-06 17:49:34.760 13665 13665 W Glide   : com.bumptech.glide.load.HttpException()
08-06 17:49:34.760 13665 13665 W Glide   :  call GlideException#logRootCauses(String) for more detail
08-06 17:49:34.760 13665 13665 W Glide   :     Cause (1 of 1): class com.bumptech.glide.load.HttpException: 
08-06 17:49:34.760 13665 13665 I Glide   : Root cause (1 of 1)
08-06 17:49:34.760 13665 13665 I Glide   : com.bumptech.glide.load.HttpException: 
08-06 17:49:34.760 13665 13665 I Glide   : 	at com.bumptech.glide.integration.okhttp3.OkHttpStreamFetcher.onResponse(OkHttpStreamFetcher.java:73)
08-06 17:49:34.760 13665 13665 I Glide   : 	at okhttp3.RealCall$AsyncCall.execute(RealCall.java:174)
08-06 17:49:34.760 13665 13665 I Glide   : 	at okhttp3.internal.NamedRunnable.run(NamedRunnable.java:32)
08-06 17:49:34.760 13665 13665 I Glide   : 	at java.util.concurrent.ThreadPoolExecutor.runWorker(ThreadPoolExecutor.java:1113)
08-06 17:49:34.760 13665 13665 I Glide   : 	at java.util.concurrent.ThreadPoolExecutor$Worker.run(ThreadPoolExecutor.java:588)
08-06 17:49:34.760 13665 13665 I Glide   : 	at java.lang.Thread.run(Thread.java:818)
08-06 17:49:34.775 13665 14111 I art     : Explicit concurrent mark sweep GC freed 433(69KB) AllocSpace objects, 0(0B) LOS objects, 24% free, 48MB/64MB, paused 2.776ms total 54.908ms
08-06 17:49:34.899   512  2967 D audio_hw_primary: disable_audio_route: reset and update mixer path: low-latency-playback speaker
08-06 17:49:34.901   512  2967 D audio_hw_primary: disable_snd_device: snd_device(2: speaker)
08-06 17:49:34.910   512  2967 I soundtrigger: audio_extn_sound_trigger_update_device_status: device 0x2 of type 0 for Event 0
08-06 17:49:35.174 13665 13677 I art     : Starting a blocking GC Explicit
08-06 17:49:35.227 13665 13677 I art     : Explicit concurrent mark sweep GC freed 1554(88KB) AllocSpace objects, 1(20KB) LOS objects, 24% free, 48MB/64MB, paused 2.118ms total 51.785ms
08-06 17:49:35.245 13665 13677 I art     : Starting a blocking GC Explicit
08-06 17:49:35.298 13665 13677 I art     : Explicit concurrent mark sweep GC freed 72(2224B) AllocSpace objects, 0(0B) LOS objects, 24% free, 48MB/64MB, paused 2.446ms total 52.710ms
08-06 17:49:35.317 13665 13677 I art     : Starting a blocking GC Explicit
08-06 17:49:35.373 13665 13677 I art     : Explicit concurrent mark sweep GC freed 3(96B) AllocSpace objects, 0(0B) LOS objects, 24% free, 48MB/64MB, paused 2.411ms total 55.341ms
08-06 17:49:35.393 13665 13677 I art     : Starting a blocking GC Explicit
08-06 17:49:35.451 13665 13677 I art     : Explicit concurrent mark sweep GC freed 3(96B) AllocSpace objects, 0(0B) LOS objects, 24% free, 48MB/64MB, paused 3.010ms total 57.888ms
08-06 17:49:35.474 13665 13677 I art     : Starting a blocking GC Explicit
08-06 17:49:35.530 13665 13677 I art     : Explicit concurrent mark sweep GC freed 3(96B) AllocSpace objects, 0(0B) LOS objects, 24% free, 48MB/64MB, paused 2.177ms total 55.170ms
08-06 17:49:35.930 13665 13775 I art     : Starting a blocking GC Explicit
08-06 17:49:35.997 13665 13775 I art     : Explicit concurrent mark sweep GC freed 1376(80KB) AllocSpace objects, 1(20KB) LOS objects, 24% free, 48MB/64MB, paused 2.423ms total 66.053ms
08-06 17:49:36.018 13665 13775 I art     : Starting a blocking GC Explicit
08-06 17:49:36.021   918  3188 I hubconnection: sensorhub said: 'set_bias 3: -5.7600, 0.0000, 0.0000'
08-06 17:49:36.074 13665 13775 I art     : Explicit concurrent mark sweep GC freed 23(768B) AllocSpace objects, 0(0B) LOS objects, 24% free, 48MB/64MB, paused 2.462ms total 55.441ms
08-06 17:49:36.094 13665 13775 I art     : Starting a blocking GC Explicit
08-06 17:49:36.150 13665 13775 I art     : Explicit concurrent mark sweep GC freed 3(96B) AllocSpace objects, 0(0B) LOS objects, 24% free, 48MB/64MB, paused 2.598ms total 55.457ms
08-06 17:49:36.174 13665 13775 I art     : Starting a blocking GC Explicit
08-06 17:49:36.237 13665 13775 I art     : Explicit concurrent mark sweep GC freed 14(448B) AllocSpace objects, 0(0B) LOS objects, 24% free, 48MB/64MB, paused 2.146ms total 62.301ms
08-06 17:49:36.257 13665 13775 I art     : Starting a blocking GC Explicit
08-06 17:49:36.312 13665 13775 I art     : Explicit concurrent mark sweep GC freed 52(1520B) AllocSpace objects, 0(0B) LOS objects, 24% free, 48MB/64MB, paused 2.740ms total 55.409ms
08-06 17:49:36.393  9385  9385 I Atfwd_Sendcmd: AtCmdFwd service not ready - Exhausted retry attempts - :6
08-06 17:49:36.393  9385  9385 I Atfwd_Daemon: result : -1 	 ,Init step :2 	 ,qmiErrorCode: 0
08-06 17:49:36.728 13665 13678 I art     : Starting a blocking GC Explicit
08-06 17:49:36.795 13665 13678 I art     : Explicit concurrent mark sweep GC freed 1414(82KB) AllocSpace objects, 1(20KB) LOS objects, 24% free, 48MB/64MB, paused 2.519ms total 66.097ms
08-06 17:49:36.818 13665 13678 I art     : Starting a blocking GC Explicit
08-06 17:49:36.875 13665 13678 I art     : Explicit concurrent mark sweep GC freed 23(752B) AllocSpace objects, 0(0B) LOS objects, 24% free, 48MB/64MB, paused 2.644ms total 56.276ms
08-06 17:49:36.899 13665 13678 I art     : Starting a blocking GC Explicit
08-06 17:49:36.955 13665 13678 I art     : Explicit concurrent mark sweep GC freed 3(96B) AllocSpace objects, 0(0B) LOS objects, 24% free, 48MB/64MB, paused 2.263ms total 55.711ms
08-06 17:49:36.975 13665 13678 I art     : Starting a blocking GC Explicit
08-06 17:49:37.030 13665 13678 I art     : Explicit concurrent mark sweep GC freed 3(96B) AllocSpace objects, 0(0B) LOS objects, 24% free, 48MB/64MB, paused 2.249ms total 54.880ms
08-06 17:49:37.049 13665 13678 I art     : Starting a blocking GC Explicit
08-06 17:49:37.106 13665 13678 I art     : Explicit concurrent mark sweep GC freed 3(96B) AllocSpace objects, 0(0B) LOS objects, 24% free, 48MB/64MB, paused 2.445ms total 56.216ms
08-06 17:49:37.552 13665 13775 I art     : Starting a blocking GC Explicit
08-06 17:49:37.620 13665 13775 I art     : Explicit concurrent mark sweep GC freed 1405(81KB) AllocSpace objects, 1(20KB) LOS objects, 24% free, 48MB/64MB, paused 2.872ms total 66.729ms
08-06 17:49:37.643 13665 13775 I art     : Starting a blocking GC Explicit
08-06 17:49:37.698 13665 13775 I art     : Explicit concurrent mark sweep GC freed 23(752B) AllocSpace objects, 0(0B) LOS objects, 24% free, 48MB/64MB, paused 2.122ms total 54.371ms
08-06 17:49:37.717 13665 13775 I art     : Starting a blocking GC Explicit
08-06 17:49:37.773 13665 13775 I art     : Explicit concurrent mark sweep GC freed 3(96B) AllocSpace objects, 0(0B) LOS objects, 24% free, 48MB/64MB, paused 2.188ms total 54.989ms
08-06 17:49:37.792 13665 13775 I art     : Starting a blocking GC Explicit
08-06 17:49:37.848 13665 13775 I art     : Explicit concurrent mark sweep GC freed 3(96B) AllocSpace objects, 0(0B) LOS objects, 24% free, 48MB/64MB, paused 2.109ms total 55.038ms
08-06 17:49:37.868 13665 13775 I art     : Starting a blocking GC Explicit
08-06 17:49:37.924 13665 13775 I art     : Explicit concurrent mark sweep GC freed 3(96B) AllocSpace objects, 0(0B) LOS objects, 24% free, 48MB/64MB, paused 2.589ms total 56.063ms
08-06 17:49:38.347 13665 13677 I art     : Starting a blocking GC Explicit
08-06 17:49:38.414 13665 13677 I art     : Explicit concurrent mark sweep GC freed 1405(81KB) AllocSpace objects, 1(20KB) LOS objects, 24% free, 48MB/64MB, paused 2.441ms total 66.637ms
08-06 17:49:38.438 13665 13677 I art     : Starting a blocking GC Explicit
08-06 17:49:38.498 13665 13677 I art     : Explicit concurrent mark sweep GC freed 23(752B) AllocSpace objects, 0(0B) LOS objects, 24% free, 48MB/64MB, paused 2.354ms total 59.403ms
08-06 17:49:38.518 13665 13677 I art     : Starting a blocking GC Explicit
08-06 17:49:38.574 13665 13677 I art     : Explicit concurrent mark sweep GC freed 3(96B) AllocSpace objects, 0(0B) LOS objects, 24% free, 48MB/64MB, paused 2.582ms total 56.227ms
08-06 17:49:38.598 13665 13677 I art     : Starting a blocking GC Explicit
08-06 17:49:38.655 13665 13677 I art     : Explicit concurrent mark sweep GC freed 3(96B) AllocSpace objects, 0(0B) LOS objects, 24% free, 48MB/64MB, paused 2.137ms total 56.159ms
08-06 17:49:38.679 13665 13677 I art     : Starting a blocking GC Explicit
08-06 17:49:38.689   518   646 I ThermalEngine: ACTION: GPU - Setting GPU[0] to 450000000
08-06 17:49:38.727 13665 13677 I art     : Explicit concurrent mark sweep GC freed 3(96B) AllocSpace objects, 0(0B) LOS objects, 24% free, 48MB/64MB, paused 1.601ms total 47.934ms
08-06 17:49:39.113 13665 14111 I art     : Starting a blocking GC Explicit
08-06 17:49:39.170 13665 14111 I art     : Explicit concurrent mark sweep GC freed 1377(81KB) AllocSpace objects, 1(20KB) LOS objects, 24% free, 48MB/64MB, paused 1.678ms total 56.301ms
08-06 17:49:39.184 13665 14111 I art     : Starting a blocking GC Explicit
08-06 17:49:39.231 13665 14111 I art     : Explicit concurrent mark sweep GC freed 23(752B) AllocSpace objects, 0(0B) LOS objects, 24% free, 48MB/64MB, paused 1.547ms total 47.079ms
08-06 17:49:39.245 13665 14111 I art     : Starting a blocking GC Explicit
08-06 17:49:39.290 13665 14111 I art     : Explicit concurrent mark sweep GC freed 31(848B) AllocSpace objects, 0(0B) LOS objects, 24% free, 48MB/64MB, paused 1.476ms total 45.115ms
08-06 17:49:39.304 13665 14111 I art     : Starting a blocking GC Explicit
08-06 17:49:39.352 13665 14111 I art     : Explicit concurrent mark sweep GC freed 4(128B) AllocSpace objects, 0(0B) LOS objects, 24% free, 48MB/64MB, paused 1.615ms total 48.209ms
08-06 17:49:39.368 13665 14111 I art     : Starting a blocking GC Explicit
08-06 17:49:39.413 13665 14111 I art     : Explicit concurrent mark sweep GC freed 3(96B) AllocSpace objects, 0(0B) LOS objects, 24% free, 48MB/64MB, paused 1.521ms total 43.970ms
08-06 17:49:39.792 13665 13678 I art     : Starting a blocking GC Explicit
08-06 17:49:39.858 13665 13678 I art     : Explicit concurrent mark sweep GC freed 1379(81KB) AllocSpace objects, 1(20KB) LOS objects, 24% free, 48MB/64MB, paused 1.752ms total 64.801ms
08-06 17:49:39.877 13665 13678 I art     : Starting a blocking GC Explicit
08-06 17:49:39.923 13665 13678 I art     : Explicit concurrent mark sweep GC freed 23(752B) AllocSpace objects, 0(0B) LOS objects, 24% free, 48MB/64MB, paused 1.535ms total 45.534ms
08-06 17:49:39.936 13665 13678 I art     : Starting a blocking GC Explicit
08-06 17:49:39.983 13665 13678 I art     : Explicit concurrent mark sweep GC freed 3(96B) AllocSpace objects, 0(0B) LOS objects, 24% free, 48MB/64MB, paused 1.545ms total 46.881ms
08-06 17:49:39.996 13665 13678 I art     : Starting a blocking GC Explicit
08-06 17:49:40.041 13665 13678 I art     : Explicit concurrent mark sweep GC freed 3(96B) AllocSpace objects, 0(0B) LOS objects, 24% free, 48MB/64MB, paused 1.522ms total 44.267ms
08-06 17:49:40.054 13665 13678 I art     : Starting a blocking GC Explicit
08-06 17:49:40.101 13665 13678 I art     : Explicit concurrent mark sweep GC freed 3(96B) AllocSpace objects, 0(0B) LOS objects, 24% free, 48MB/64MB, paused 1.544ms total 46.743ms
08-06 17:49:40.492 13665 13775 I art     : Starting a blocking GC Explicit
08-06 17:49:40.541 13665 13775 I art     : Explicit concurrent mark sweep GC freed 1405(81KB) AllocSpace objects, 1(20KB) LOS objects, 24% free, 48MB/64MB, paused 1.569ms total 48.117ms
08-06 17:49:40.554 13665 13775 I art     : Starting a blocking GC Explicit
08-06 17:49:40.599 13665 13775 I art     : Explicit concurrent mark sweep GC freed 23(752B) AllocSpace objects, 0(0B) LOS objects, 24% free, 48MB/64MB, paused 1.369ms total 44.225ms
08-06 17:49:40.612 13665 13775 I art     : Starting a blocking GC Explicit
08-06 17:49:40.652 13665 13775 I art     : Explicit concurrent mark sweep GC freed 3(96B) AllocSpace objects, 0(0B) LOS objects, 24% free, 48MB/64MB, paused 1.492ms total 39.462ms
08-06 17:49:40.664 13665 13775 I art     : Starting a blocking GC Explicit
08-06 17:49:40.705 13665 13775 I art     : Explicit concurrent mark sweep GC freed 3(96B) AllocSpace objects, 0(0B) LOS objects, 24% free, 48MB/64MB, paused 1.449ms total 40.201ms
08-06 17:49:40.717 13665 13775 I art     : Starting a blocking GC Explicit
08-06 17:49:40.759 13665 13775 I art     : Explicit concurrent mark sweep GC freed 3(96B) AllocSpace objects, 0(0B) LOS objects, 24% free, 48MB/64MB, paused 1.554ms total 42.138ms
08-06 17:49:41.141 17033 17033 D AndroidRuntime: >>>>>> START com.android.internal.os.RuntimeInit uid 2000 <<<<<<
08-06 17:49:41.147 17033 17033 D AndroidRuntime: CheckJNI is OFF
08-06 17:49:41.150 13665 13677 I art     : Starting a blocking GC Explicit
08-06 17:49:41.197 17033 17033 D ICU     : No timezone override file found: /data/misc/zoneinfo/current/icu/icu_tzdata.dat
08-06 17:49:41.198 13665 13677 I art     : Explicit concurrent mark sweep GC freed 1376(80KB) AllocSpace objects, 1(20KB) LOS objects, 24% free, 48MB/64MB, paused 1.636ms total 47.956ms
08-06 17:49:41.211 13665 13677 I art     : Starting a blocking GC Explicit
08-06 17:49:41.244 17033 17033 I Radio-JNI: register_android_hardware_Radio DONE
08-06 17:49:41.254 13665 13677 I art     : Explicit concurrent mark sweep GC freed 23(752B) AllocSpace objects, 0(0B) LOS objects, 24% free, 48MB/64MB, paused 1.665ms total 41.892ms
08-06 17:49:41.267 13665 13677 I art     : Starting a blocking GC Explicit
08-06 17:49:41.274 17033 17033 D AndroidRuntime: Calling main entry com.android.commands.input.Input
08-06 17:49:41.277 17033 17033 I Input   : injectMotionEvent: MotionEvent { action=ACTION_DOWN, actionButton=0, id[0]=0, x[0]=526.0, y[0]=597.0, toolType[0]=TOOL_TYPE_UNKNOWN, buttonState=0, metaState=0, flags=0x0, edgeFlags=0x0, pointerCount=1, historySize=0, eventTime=899397689, downTime=899397689, deviceId=0, source=0x1002 }
08-06 17:49:41.283 17033 17033 I Input   : injectMotionEvent: MotionEvent { action=ACTION_UP, actionButton=0, id[0]=0, x[0]=526.0, y[0]=597.0, toolType[0]=TOOL_TYPE_UNKNOWN, buttonState=0, metaState=0, flags=0x0, edgeFlags=0x0, pointerCount=1, historySize=0, eventTime=899397689, downTime=899397689, deviceId=0, source=0x1002 }
08-06 17:49:41.285 17033 17033 D AndroidRuntime: Shutting down VM
08-06 17:49:41.309 13665 13677 I art     : Explicit concurrent mark sweep GC freed 50(1456B) AllocSpace objects, 0(0B) LOS objects, 24% free, 48MB/64MB, paused 1.465ms total 41.854ms
08-06 17:49:41.322 13665 13677 I art     : Starting a blocking GC Explicit
08-06 17:49:41.350 13665 13665 D PodcastListFragment: Selected podcast: GpodnetPodcast [url=http://feeds.feedburner.com/linuxoutlaws, title=Linux Outlaws, description=Two pragmatic geeks talk about the latest news concerning Linux, free and open
08-06 17:49:41.350 13665 13665 D PodcastListFragment: technology or anything else they deem noteworthy which may include such absurd
08-06 17:49:41.350 13665 13665 D PodcastListFragment: things as hockey or bands you never heard of. This means there's many a joke
08-06 17:49:41.350 13665 13665 D PodcastListFragment: and derailed conversation along the way, so don't come here expecting only
08-06 17:49:41.350 13665 13665 D PodcastListFragment: Linux or software freedom talk  just sit back and relax, partner., subscribers=3321, logoUrl=http://sixgun.org/files/linuxoutlaws.jpg, website=http://sixgun.org, mygpoLink=http://gpodder.net/podcast/linux-outlaws-mp3]
08-06 17:49:41.351   918  6112 I ActivityManager: START u0 {cmp=baseline.de.danoeh.antennapod.debug/baseline.de.danoeh.antennapod.activity.OnlineFeedViewActivity (has extras)} from uid 10711 on display 0
08-06 17:49:41.352   512  2967 D audio_hw_primary: out_set_parameters: enter: usecase(1: low-latency-playback) kvpairs: routing=2
08-06 17:49:41.365   512  2967 D audio_hw_primary: select_devices: out_snd_device(2: speaker) in_snd_device(0: none)
08-06 17:49:41.365 13665 13677 I art     : Explicit concurrent mark sweep GC freed 357(27KB) AllocSpace objects, 0(0B) LOS objects, 24% free, 48MB/64MB, paused 1.914ms total 43.078ms
08-06 17:49:41.365   512  2967 D msm8974_platform: platform_send_audio_calibration: sending audio calibration for snd_device(2) acdb_id(15)
08-06 17:49:41.366   512  2967 I soundtrigger: audio_extn_sound_trigger_update_device_status: device 0x2 of type 0 for Event 1
08-06 17:49:41.377   512  2967 D audio_hw_primary: enable_snd_device: snd_device(2: speaker)
08-06 17:49:41.379   512  2967 D audio_hw_primary: enable_audio_route: apply and update mixer path: low-latency-playback speaker
08-06 17:49:41.380 13665 13677 I art     : Starting a blocking GC Explicit
08-06 17:49:41.386 13665 13665 D UserPreferences: Using default data folder
08-06 17:49:41.387 13665 13665 D OnlineFeedViewActivity: Activity was started with url http://feeds.feedburner.com/linuxoutlaws
08-06 17:49:41.390 13665 13665 D OnlineFeedViewActivity: Starting feed download
08-06 17:49:41.392 13665 13685 D DBReader: Extracting Feedlist
08-06 17:49:41.394   918   928 D WifiService: acquireWifiLockLocked: WifiLock{Downloader type=1 binder=android.os.BinderProxy@d6c4195}
08-06 17:49:41.395 13665 13685 D AntennapodHttpClient: Creating new instance of HTTP client
08-06 17:49:41.420 13665 13677 I art     : Explicit concurrent mark sweep GC freed 904(73KB) AllocSpace objects, 0(0B) LOS objects, 24% free, 48MB/64MB, paused 1.557ms total 39.159ms
08-06 17:49:41.454 13866 13866 I GoogleInputMethodServic: GoogleInputMethodService.onFinishInput():3138 
08-06 17:49:41.454 13866 13866 I GoogleInputMethodServic: GoogleInputMethodService.onStartInput():1808 
08-06 17:49:41.475   918   936 I ActivityManager: Displayed baseline.de.danoeh.antennapod.debug/baseline.de.danoeh.antennapod.activity.OnlineFeedViewActivity: +113ms
08-06 17:49:41.513 13665 13686 D OpenGLRenderer: endAllStagingAnimators on 0x7f75bf7400 (GridView) with handle 0x7f7158dc20
08-06 17:49:41.524 13665 13685 D MYTAG   : interceptor 3a http://feeds.feedburner.com/linuxoutlaws
08-06 17:49:41.525 13665 13685 I NAPPA_EXPERIMENTATION: MetricNetworkRequestExecutionTime: REQUEST_DURATION_SYSTEM='129',REQUEST_DURATION_OKHTTP='38',REQUEST_SYNCHRONOUS='TRUE',RESPONSE_CODE='200',RESPONSE_METHOD='GET',RESPONSE_LENGTH_OKHTTP='-1',RESPONSE_LENGTH_HEADER='-2',REQUEST_PROTOCOL='http/1.1',REQUEST_URL='http://feeds.feedburner.com/linuxoutlaws',
08-06 17:49:41.525 13665 13685 D HttpDownloader: Response code is 200
08-06 17:49:41.525 13665 13685 D UserPreferences: Using default data folder
08-06 17:49:41.527 13665 13685 D HttpDownloader: Getting size of download
08-06 17:49:41.527 13665 13685 D HttpDownloader: Size is -1
08-06 17:49:41.527 13665 13685 D UserPreferences: Using default data folder
08-06 17:49:41.527 13665 13685 D HttpDownloader: Free space is 20495147008
08-06 17:49:41.527 13665 13685 D HttpDownloader: Starting download
08-06 17:49:41.547 13665 13685 D HttpDownloader: Download was successful
08-06 17:49:41.548   918  3670 D WifiService: releaseWifiLockLocked: WifiLock{Downloader type=1 binder=android.os.BinderProxy@d6c4195}
08-06 17:49:41.549 13665 13665 D OnlineFeedViewActivity: Parsing feed
08-06 17:49:41.551 13665 17060 D TypeGetter: Recognized type RSS 2.0
08-06 17:49:41.555 13665 17060 D SyndHandler: Recognized Content namespace
08-06 17:49:41.555 13665 17060 D SyndHandler: Recognized DublinCore namespace
08-06 17:49:41.555 13665 17060 D SyndHandler: Recognized Atom namespace
08-06 17:49:41.555 13665 17060 D SyndHandler: Recognized ITunes namespace
08-06 17:49:41.555 13665 17060 D SyndHandler: Recognized media namespace
08-06 17:49:41.596 13665 17060 D OnlineFeedViewActivity: Deleted feed source file. Result: true
08-06 17:49:41.596 13665 13665 D OnlineFeedViewActivity: Removing HTML from shownotes
08-06 17:49:41.616 13665 14590 D ApOkHttpUrlLoader: buildLoadData() called with: model = [http://sixgun.org/files/linuxoutlaws.jpg], width = [350], height = [350]
08-06 17:49:41.617 13665 14419 D DBReader: getImageAuthentication() called with: imageUrl = [http://sixgun.org/files/linuxoutlaws.jpg]
08-06 17:49:41.619 13665 14419 D ApOkHttpUrlLoader: no credentials for 'http://sixgun.org/files/linuxoutlaws.jpg'
08-06 17:49:41.653 13665 14419 D DBWriter: updateFeedDownloadURL(original: http://sixgun.org/files/linuxoutlaws.jpg, updated: https://fab.industries/sixgun/files/linuxoutlaws.jpg)
08-06 17:49:41.725   380   380 W SurfaceFlinger: couldn't log to binary event log: overflow.
08-06 17:49:41.756 13665 13678 I art     : Starting a blocking GC Explicit
08-06 17:49:41.789 13665 14419 D MYTAG   : interceptor 2a
08-06 17:49:41.789 13665 14419 I NAPPA_EXPERIMENTATION: MetricNetworkRequestExecutionTime: REQUEST_DURATION_SYSTEM='170',REQUEST_DURATION_OKHTTP='133',REQUEST_SYNCHRONOUS='TRUE',RESPONSE_CODE='404',RESPONSE_METHOD='GET',RESPONSE_LENGTH_OKHTTP='-1',RESPONSE_LENGTH_HEADER='1503',REQUEST_PROTOCOL='h2',REQUEST_URL='https://fab.industries/sixgun/files/linuxoutlaws.jpg',
08-06 17:49:41.790 13665 13665 W Glide   : Load failed for http://sixgun.org/files/linuxoutlaws.jpg with size [350x350]
08-06 17:49:41.790 13665 13665 W Glide   : class com.bumptech.glide.load.engine.GlideException: Failed to load resource
08-06 17:49:41.790 13665 13665 W Glide   : There was 1 cause:
08-06 17:49:41.790 13665 13665 W Glide   : com.bumptech.glide.load.HttpException()
08-06 17:49:41.790 13665 13665 W Glide   :  call GlideException#logRootCauses(String) for more detail
08-06 17:49:41.790 13665 13665 W Glide   :   Cause (1 of 1): class com.bumptech.glide.load.engine.GlideException: Fetching data failed, class java.io.InputStream, REMOTE
08-06 17:49:41.790 13665 13665 W Glide   : There was 1 cause:
08-06 17:49:41.790 13665 13665 W Glide   : com.bumptech.glide.load.HttpException()
08-06 17:49:41.790 13665 13665 W Glide   :  call GlideException#logRootCauses(String) for more detail
08-06 17:49:41.790 13665 13665 W Glide   :     Cause (1 of 1): class com.bumptech.glide.load.HttpException: 
08-06 17:49:41.791 13665 13665 I Glide   : Root cause (1 of 1)
08-06 17:49:41.791 13665 13665 I Glide   : com.bumptech.glide.load.HttpException: 
08-06 17:49:41.791 13665 13665 I Glide   : 	at com.bumptech.glide.integration.okhttp3.OkHttpStreamFetcher.onResponse(OkHttpStreamFetcher.java:73)
08-06 17:49:41.791 13665 13665 I Glide   : 	at okhttp3.RealCall$AsyncCall.execute(RealCall.java:174)
08-06 17:49:41.791 13665 13665 I Glide   : 	at okhttp3.internal.NamedRunnable.run(NamedRunnable.java:32)
08-06 17:49:41.791 13665 13665 I Glide   : 	at java.util.concurrent.ThreadPoolExecutor.runWorker(ThreadPoolExecutor.java:1113)
08-06 17:49:41.791 13665 13665 I Glide   : 	at java.util.concurrent.ThreadPoolExecutor$Worker.run(ThreadPoolExecutor.java:588)
08-06 17:49:41.791 13665 13665 I Glide   : 	at java.lang.Thread.run(Thread.java:818)
08-06 17:49:41.799 13665 13678 I art     : Explicit concurrent mark sweep GC freed 7788(903KB) AllocSpace objects, 15(828KB) LOS objects, 24% free, 48MB/64MB, paused 1.499ms total 42.723ms
08-06 17:49:41.812 13665 13678 I art     : Starting a blocking GC Explicit
08-06 17:49:41.847 13665 13665 D PlaybackController: Releasing PlaybackController
08-06 17:49:41.851 13665 13678 I art     : Explicit concurrent mark sweep GC freed 1594(74KB) AllocSpace objects, 0(0B) LOS objects, 24% free, 48MB/64MB, paused 1.700ms total 39.075ms
08-06 17:49:41.865 13665 13678 I art     : Starting a blocking GC Explicit
08-06 17:49:41.906 13665 13678 I art     : Explicit concurrent mark sweep GC freed 125(4KB) AllocSpace objects, 1(112KB) LOS objects, 24% free, 48MB/64MB, paused 1.478ms total 41.094ms
08-06 17:49:41.919   512  2967 D audio_hw_primary: disable_audio_route: reset and update mixer path: low-latency-playback speaker
08-06 17:49:41.920   512  2967 D audio_hw_primary: disable_snd_device: snd_device(2: speaker)
08-06 17:49:41.920 13665 13678 I art     : Starting a blocking GC Explicit
08-06 17:49:41.927   512  2967 I soundtrigger: audio_extn_sound_trigger_update_device_status: device 0x2 of type 0 for Event 0
08-06 17:49:41.963 13665 13678 I art     : Explicit concurrent mark sweep GC freed 19(640B) AllocSpace objects, 0(0B) LOS objects, 24% free, 48MB/64MB, paused 1.492ms total 43.259ms
08-06 17:49:41.977 13665 13678 I art     : Starting a blocking GC Explicit
08-06 17:49:42.021 13665 13678 I art     : Explicit concurrent mark sweep GC freed 3(96B) AllocSpace objects, 0(0B) LOS objects, 24% free, 48MB/64MB, paused 1.510ms total 43.778ms
08-06 17:49:42.379 13665 13677 I art     : Starting a blocking GC Explicit
08-06 17:49:42.435 13665 13677 I art     : Explicit concurrent mark sweep GC freed 1405(81KB) AllocSpace objects, 1(20KB) LOS objects, 24% free, 48MB/64MB, paused 1.572ms total 55.441ms
08-06 17:49:42.452 13665 13677 I art     : Starting a blocking GC Explicit
08-06 17:49:42.498 13665 13677 I art     : Explicit concurrent mark sweep GC freed 23(752B) AllocSpace objects, 0(0B) LOS objects, 24% free, 48MB/64MB, paused 1.630ms total 46.166ms
08-06 17:49:42.511 13665 13677 I art     : Starting a blocking GC Explicit
08-06 17:49:42.557 13665 13677 I art     : Explicit concurrent mark sweep GC freed 3(96B) AllocSpace objects, 0(0B) LOS objects, 24% free, 48MB/64MB, paused 1.482ms total 44.893ms
08-06 17:49:42.570 13665 13677 I art     : Starting a blocking GC Explicit
08-06 17:49:42.615 13665 13677 I art     : Explicit concurrent mark sweep GC freed 3(96B) AllocSpace objects, 0(0B) LOS objects, 24% free, 48MB/64MB, paused 1.515ms total 44.489ms
08-06 17:49:42.628 13665 13677 I art     : Starting a blocking GC Explicit
08-06 17:49:42.674 13665 13677 I art     : Explicit concurrent mark sweep GC freed 3(96B) AllocSpace objects, 0(0B) LOS objects, 24% free, 48MB/64MB, paused 1.504ms total 45.124ms
08-06 17:49:42.699   518   646 I ThermalEngine: ACTION: GPU - Setting GPU[0] to 390000000
08-06 17:49:43.067 13665 14111 I art     : Starting a blocking GC Explicit
08-06 17:49:43.136 13665 14111 I art     : Explicit concurrent mark sweep GC freed 1376(80KB) AllocSpace objects, 1(20KB) LOS objects, 24% free, 48MB/64MB, paused 2.497ms total 68.405ms
08-06 17:49:43.161 13665 14111 I art     : Starting a blocking GC Explicit
08-06 17:49:43.221 13665 14111 I art     : Explicit concurrent mark sweep GC freed 24(784B) AllocSpace objects, 0(0B) LOS objects, 24% free, 48MB/64MB, paused 3.020ms total 59.476ms
08-06 17:49:43.244 13665 14111 I art     : Starting a blocking GC Explicit
08-06 17:49:43.303 13665 14111 I art     : Explicit concurrent mark sweep GC freed 42(1200B) AllocSpace objects, 0(0B) LOS objects, 24% free, 48MB/64MB, paused 2.978ms total 58.467ms
08-06 17:49:43.323 13665 14111 I art     : Starting a blocking GC Explicit
08-06 17:49:43.387 13665 14111 I art     : Explicit concurrent mark sweep GC freed 13(416B) AllocSpace objects, 0(0B) LOS objects, 24% free, 48MB/64MB, paused 3.568ms total 63.269ms
08-06 17:49:43.408 13665 14111 I art     : Starting a blocking GC Explicit
08-06 17:49:43.468 13665 14111 I art     : Explicit concurrent mark sweep GC freed 11(352B) AllocSpace objects, 0(0B) LOS objects, 24% free, 48MB/64MB, paused 2.856ms total 59.592ms
08-06 17:49:43.893 13665 13678 I art     : Starting a blocking GC Explicit
08-06 17:49:43.963 13665 13678 I art     : Explicit concurrent mark sweep GC freed 1377(80KB) AllocSpace objects, 1(20KB) LOS objects, 24% free, 48MB/64MB, paused 2.693ms total 68.898ms
08-06 17:49:43.986 13665 13678 I art     : Starting a blocking GC Explicit
08-06 17:49:44.043 13665 13678 I art     : Explicit concurrent mark sweep GC freed 23(752B) AllocSpace objects, 0(0B) LOS objects, 24% free, 48MB/64MB, paused 2.207ms total 56.026ms
08-06 17:49:44.063 13665 13678 I art     : Starting a blocking GC Explicit
08-06 17:49:44.121 13665 13678 I art     : Explicit concurrent mark sweep GC freed 3(96B) AllocSpace objects, 0(0B) LOS objects, 24% free, 48MB/64MB, paused 2.317ms total 57.414ms
08-06 17:49:44.141 13665 13678 I art     : Starting a blocking GC Explicit
08-06 17:49:44.206 13665 13678 I art     : Explicit concurrent mark sweep GC freed 3(96B) AllocSpace objects, 0(0B) LOS objects, 24% free, 48MB/64MB, paused 3.332ms total 65.483ms
08-06 17:49:44.207 13665 13676 I art     : WaitForGcToComplete blocked for 36.161ms for cause HeapTrim
08-06 17:49:44.228 13665 13678 I art     : Starting a blocking GC Explicit
08-06 17:49:44.285 13665 13678 I art     : Explicit concurrent mark sweep GC freed 3(96B) AllocSpace objects, 0(0B) LOS objects, 24% free, 48MB/64MB, paused 2.172ms total 56.919ms
08-06 17:49:44.687   918  3261 D WifiStateMachine: starting scan for "H369AA63323"WPA_PSK with 2412,5180
08-06 17:49:44.718 13665 13677 I art     : Starting a blocking GC Explicit
08-06 17:49:44.788 13665 13677 I art     : Explicit concurrent mark sweep GC freed 1405(81KB) AllocSpace objects, 1(20KB) LOS objects, 24% free, 48MB/64MB, paused 2.957ms total 69.734ms
08-06 17:49:44.812 13665 13677 I art     : Starting a blocking GC Explicit
08-06 17:49:44.872 13665 13677 I art     : Explicit concurrent mark sweep GC freed 23(752B) AllocSpace objects, 0(0B) LOS objects, 24% free, 48MB/64MB, paused 2.696ms total 59.877ms
08-06 17:49:44.897 13665 13677 I art     : Starting a blocking GC Explicit
08-06 17:49:44.954 13665 13677 I art     : Explicit concurrent mark sweep GC freed 3(96B) AllocSpace objects, 0(0B) LOS objects, 24% free, 48MB/64MB, paused 2.179ms total 56.851ms
08-06 17:49:44.974 13665 13677 I art     : Starting a blocking GC Explicit
08-06 17:49:45.031 13665 13677 I art     : Explicit concurrent mark sweep GC freed 3(96B) AllocSpace objects, 0(0B) LOS objects, 24% free, 48MB/64MB, paused 2.282ms total 56.994ms
08-06 17:49:45.051 13665 13677 I art     : Starting a blocking GC Explicit
08-06 17:49:45.119 13665 13677 I art     : Explicit concurrent mark sweep GC freed 3(96B) AllocSpace objects, 0(0B) LOS objects, 24% free, 48MB/64MB, paused 3.452ms total 65.684ms
08-06 17:49:45.536 13665 13775 I art     : Starting a blocking GC Explicit
08-06 17:49:45.597 13665 13775 I art     : Explicit concurrent mark sweep GC freed 1407(83KB) AllocSpace objects, 1(20KB) LOS objects, 24% free, 48MB/64MB, paused 2.252ms total 60.547ms
08-06 17:49:45.616 13665 13775 I art     : Starting a blocking GC Explicit
08-06 17:49:45.670 13665 13775 I art     : Explicit concurrent mark sweep GC freed 23(752B) AllocSpace objects, 0(0B) LOS objects, 24% free, 48MB/64MB, paused 2.321ms total 53.348ms
08-06 17:49:45.689 13665 13775 I art     : Starting a blocking GC Explicit
08-06 17:49:45.745 13665 13775 I art     : Explicit concurrent mark sweep GC freed 3(96B) AllocSpace objects, 0(0B) LOS objects, 24% free, 48MB/64MB, paused 2.201ms total 55.473ms
08-06 17:49:45.764 13665 13775 I art     : Starting a blocking GC Explicit
08-06 17:49:45.820 13665 13775 I art     : Explicit concurrent mark sweep GC freed 3(96B) AllocSpace objects, 0(0B) LOS objects, 24% free, 48MB/64MB, paused 2.454ms total 55.618ms
08-06 17:49:45.840 13665 13775 I art     : Starting a blocking GC Explicit
08-06 17:49:45.895 13665 13775 I art     : Explicit concurrent mark sweep GC freed 3(96B) AllocSpace objects, 0(0B) LOS objects, 24% free, 48MB/64MB, paused 2.291ms total 54.538ms
08-06 17:49:46.179 17120 17120 D AndroidRuntime: >>>>>> START com.android.internal.os.RuntimeInit uid 2000 <<<<<<
08-06 17:49:46.185 17120 17120 D AndroidRuntime: CheckJNI is OFF
08-06 17:49:46.239 17120 17120 D ICU     : No timezone override file found: /data/misc/zoneinfo/current/icu/icu_tzdata.dat
08-06 17:49:46.284 13665 14111 I art     : Starting a blocking GC Explicit
08-06 17:49:46.285 17120 17120 I Radio-JNI: register_android_hardware_Radio DONE
08-06 17:49:46.318 17120 17120 D AndroidRuntime: Calling main entry com.android.commands.input.Input
08-06 17:49:46.320 17120 17120 I Input   : injectKeyEvent: KeyEvent { action=ACTION_DOWN, keyCode=KEYCODE_BACK, scanCode=0, metaState=0, flags=0x0, repeatCount=0, eventTime=899402733, downTime=899402733, deviceId=-1, source=0x101 }
08-06 17:49:46.328 17120 17120 I Input   : injectKeyEvent: KeyEvent { action=ACTION_UP, keyCode=KEYCODE_BACK, scanCode=0, metaState=0, flags=0x0, repeatCount=0, eventTime=899402733, downTime=899402733, deviceId=-1, source=0x101 }
08-06 17:49:46.342 13665 14111 I art     : Explicit concurrent mark sweep GC freed 1413(83KB) AllocSpace objects, 1(20KB) LOS objects, 24% free, 48MB/64MB, paused 2.594ms total 56.910ms
08-06 17:49:46.342 17120 17120 D AndroidRuntime: Shutting down VM
08-06 17:49:46.351 13665 13665 V PlaybackController: initServiceNotRunning()
08-06 17:49:46.351 13665 13665 D ExternalPlayerFragment: Loading media info
08-06 17:49:46.352 13665 14590 D ApOkHttpUrlLoader: buildLoadData() called with: model = [http://sixgun.org/files/linuxoutlaws.jpg], width = [224], height = [224]
08-06 17:49:46.354 13665 14419 D DBReader: getImageAuthentication() called with: imageUrl = [http://sixgun.org/files/linuxoutlaws.jpg]
08-06 17:49:46.355 13665 14419 D ApOkHttpUrlLoader: no credentials for 'http://sixgun.org/files/linuxoutlaws.jpg'
08-06 17:49:46.359 13665 13665 D UserPreferences: Using default data folder
08-06 17:49:46.359 13665 13685 D DBReader: getNavDrawerData() called with: 
08-06 17:49:46.367 13665 14111 I art     : Starting a blocking GC Explicit
08-06 17:49:46.368 13665 13685 D DBReader: getDownloadedItems() called
08-06 17:49:46.372 13665 13685 D DBReader: getFavoriteIDList() called
08-06 17:49:46.374 13665 13685 D DBReader: getQueueIDList() called
08-06 17:49:46.377 13665 13685 D DBReader: Extracting Feedlist
08-06 17:49:46.404 13866 13866 I GoogleInputMethodServic: GoogleInputMethodService.onFinishInput():3138 
08-06 17:49:46.405 13866 13866 I GoogleInputMethodServic: GoogleInputMethodService.onStartInput():1808 
08-06 17:49:46.418 13665 14111 I art     : Explicit concurrent mark sweep GC freed 916(64KB) AllocSpace objects, 0(0B) LOS objects, 24% free, 48MB/64MB, paused 2.349ms total 50.500ms
08-06 17:49:46.424 13665 13665 D MainActivity: getLastNavFragment() -> AddFeedFragment
08-06 17:49:46.434 13665 14419 D DBWriter: updateFeedDownloadURL(original: http://sixgun.org/files/linuxoutlaws.jpg, updated: https://fab.industries/sixgun/files/linuxoutlaws.jpg)
08-06 17:49:46.437 13665 14111 I art     : Starting a blocking GC Explicit
08-06 17:49:46.488 13665 14111 I art     : Explicit concurrent mark sweep GC freed 967(48KB) AllocSpace objects, 0(0B) LOS objects, 24% free, 48MB/64MB, paused 2.001ms total 50.008ms
08-06 17:49:46.505 13665 14111 I art     : Starting a blocking GC Explicit
08-06 17:49:46.556 13665 14111 I art     : Explicit concurrent mark sweep GC freed 159(10KB) AllocSpace objects, 0(0B) LOS objects, 24% free, 48MB/64MB, paused 2.183ms total 50.972ms
08-06 17:49:46.575 13665 14419 D MYTAG   : interceptor 2a
08-06 17:49:46.575 13665 14419 I NAPPA_EXPERIMENTATION: MetricNetworkRequestExecutionTime: REQUEST_DURATION_SYSTEM='219',REQUEST_DURATION_OKHTTP='136',REQUEST_SYNCHRONOUS='TRUE',RESPONSE_CODE='404',RESPONSE_METHOD='GET',RESPONSE_LENGTH_OKHTTP='-1',RESPONSE_LENGTH_HEADER='1503',REQUEST_PROTOCOL='h2',REQUEST_URL='https://fab.industries/sixgun/files/linuxoutlaws.jpg',
08-06 17:49:46.576 13665 13665 W Glide   : Load failed for http://sixgun.org/files/linuxoutlaws.jpg with size [224x224]
08-06 17:49:46.576 13665 13665 W Glide   : class com.bumptech.glide.load.engine.GlideException: Failed to load resource
08-06 17:49:46.576 13665 13665 W Glide   : There was 1 cause:
08-06 17:49:46.576 13665 13665 W Glide   : com.bumptech.glide.load.HttpException()
08-06 17:49:46.576 13665 13665 W Glide   :  call GlideException#logRootCauses(String) for more detail
08-06 17:49:46.576 13665 13665 W Glide   :   Cause (1 of 1): class com.bumptech.glide.load.engine.GlideException: Fetching data failed, class java.io.InputStream, REMOTE
08-06 17:49:46.576 13665 13665 W Glide   : There was 1 cause:
08-06 17:49:46.576 13665 13665 W Glide   : com.bumptech.glide.load.HttpException()
08-06 17:49:46.576 13665 13665 W Glide   :  call GlideException#logRootCauses(String) for more detail
08-06 17:49:46.576 13665 13665 W Glide   :     Cause (1 of 1): class com.bumptech.glide.load.HttpException: 
08-06 17:49:46.577 13665 13665 I Glide   : Root cause (1 of 1)
08-06 17:49:46.577 13665 13665 I Glide   : com.bumptech.glide.load.HttpException: 
08-06 17:49:46.577 13665 13665 I Glide   : 	at com.bumptech.glide.integration.okhttp3.OkHttpStreamFetcher.onResponse(OkHttpStreamFetcher.java:73)
08-06 17:49:46.577 13665 13665 I Glide   : 	at okhttp3.RealCall$AsyncCall.execute(RealCall.java:174)
08-06 17:49:46.577 13665 13665 I Glide   : 	at okhttp3.internal.NamedRunnable.run(NamedRunnable.java:32)
08-06 17:49:46.577 13665 13665 I Glide   : 	at java.util.concurrent.ThreadPoolExecutor.runWorker(ThreadPoolExecutor.java:1113)
08-06 17:49:46.577 13665 13665 I Glide   : 	at java.util.concurrent.ThreadPoolExecutor$Worker.run(ThreadPoolExecutor.java:588)
08-06 17:49:46.577 13665 13665 I Glide   : 	at java.lang.Thread.run(Thread.java:818)
08-06 17:49:46.577 13665 14111 I art     : Starting a blocking GC Explicit
08-06 17:49:46.577 13665 13665 W Glide   : Load failed for http://sixgun.org/files/linuxoutlaws.jpg with size [224x224]
08-06 17:49:46.577 13665 13665 W Glide   : class com.bumptech.glide.load.engine.GlideException: Failed to load resource
08-06 17:49:46.577 13665 13665 W Glide   : There was 1 cause:
08-06 17:49:46.577 13665 13665 W Glide   : com.bumptech.glide.load.HttpException()
08-06 17:49:46.577 13665 13665 W Glide   :  call GlideException#logRootCauses(String) for more detail
08-06 17:49:46.577 13665 13665 W Glide   :   Cause (1 of 1): class com.bumptech.glide.load.engine.GlideException: Fetching data failed, class java.io.InputStream, REMOTE
08-06 17:49:46.577 13665 13665 W Glide   : There was 1 cause:
08-06 17:49:46.577 13665 13665 W Glide   : com.bumptech.glide.load.HttpException()
08-06 17:49:46.577 13665 13665 W Glide   :  call GlideException#logRootCauses(String) for more detail
08-06 17:49:46.577 13665 13665 W Glide   :     Cause (1 of 1): class com.bumptech.glide.load.HttpException: 
08-06 17:49:46.583 13665 13665 I Glide   : Root cause (1 of 1)
08-06 17:49:46.583 13665 13665 I Glide   : com.bumptech.glide.load.HttpException: 
08-06 17:49:46.583 13665 13665 I Glide   : 	at com.bumptech.glide.integration.okhttp3.OkHttpStreamFetcher.onResponse(OkHttpStreamFetcher.java:73)
08-06 17:49:46.583 13665 13665 I Glide   : 	at okhttp3.RealCall$AsyncCall.execute(RealCall.java:174)
08-06 17:49:46.583 13665 13665 I Glide   : 	at okhttp3.internal.NamedRunnable.run(NamedRunnable.java:32)
08-06 17:49:46.583 13665 13665 I Glide   : 	at java.util.concurrent.ThreadPoolExecutor.runWorker(ThreadPoolExecutor.java:1113)
08-06 17:49:46.583 13665 13665 I Glide   : 	at java.util.concurrent.ThreadPoolExecutor$Worker.run(ThreadPoolExecutor.java:588)
08-06 17:49:46.583 13665 13665 I Glide   : 	at java.lang.Thread.run(Thread.java:818)
08-06 17:49:46.647 13665 14111 I art     : Explicit concurrent mark sweep GC freed 531(69KB) AllocSpace objects, 0(0B) LOS objects, 24% free, 48MB/64MB, paused 2.383ms total 69.298ms
08-06 17:49:46.697   380   380 W SurfaceFlinger: couldn't log to binary event log: overflow.
08-06 17:49:46.705   518   646 I ThermalEngine: ACTION: GPU - Setting GPU[0] to 450000000
08-06 17:49:47.009 13665 14111 I art     : Starting a blocking GC Explicit
08-06 17:49:47.067 13665 14111 I art     : Explicit concurrent mark sweep GC freed 2029(114KB) AllocSpace objects, 1(20KB) LOS objects, 24% free, 48MB/64MB, paused 1.632ms total 57.952ms
08-06 17:49:47.084 13665 14111 I art     : Starting a blocking GC Explicit
08-06 17:49:47.128 13665 14111 I art     : Explicit concurrent mark sweep GC freed 2861(235KB) AllocSpace objects, 1(28KB) LOS objects, 24% free, 48MB/64MB, paused 1.802ms total 44.369ms
08-06 17:49:47.141 13665 14111 I art     : Starting a blocking GC Explicit
08-06 17:49:47.185 13665 14111 I art     : Explicit concurrent mark sweep GC freed 3(96B) AllocSpace objects, 0(0B) LOS objects, 24% free, 48MB/64MB, paused 1.473ms total 43.510ms
08-06 17:49:47.198 13665 14111 I art     : Starting a blocking GC Explicit
08-06 17:49:47.242 13665 14111 I art     : Explicit concurrent mark sweep GC freed 3(96B) AllocSpace objects, 0(0B) LOS objects, 24% free, 48MB/64MB, paused 1.407ms total 43.449ms
08-06 17:49:47.255 13665 14111 I art     : Starting a blocking GC Explicit
08-06 17:49:47.299 13665 14111 I art     : Explicit concurrent mark sweep GC freed 32(880B) AllocSpace objects, 0(0B) LOS objects, 24% free, 48MB/64MB, paused 1.535ms total 44.002ms
08-06 17:49:47.663 13665 13678 I art     : Starting a blocking GC Explicit
08-06 17:49:47.711 13665 13678 I art     : Explicit concurrent mark sweep GC freed 1378(81KB) AllocSpace objects, 1(20KB) LOS objects, 24% free, 48MB/64MB, paused 1.574ms total 47.795ms
08-06 17:49:47.725 13665 13678 I art     : Starting a blocking GC Explicit
08-06 17:49:47.765 13665 13678 I art     : Explicit concurrent mark sweep GC freed 23(752B) AllocSpace objects, 0(0B) LOS objects, 24% free, 48MB/64MB, paused 1.515ms total 40.155ms
08-06 17:49:47.778 13665 13678 I art     : Starting a blocking GC Explicit
08-06 17:49:47.820 13665 13678 I art     : Explicit concurrent mark sweep GC freed 3(96B) AllocSpace objects, 0(0B) LOS objects, 24% free, 48MB/64MB, paused 1.509ms total 41.644ms
08-06 17:49:47.833 13665 13678 I art     : Starting a blocking GC Explicit
08-06 17:49:47.875 13665 13678 I art     : Explicit concurrent mark sweep GC freed 3(96B) AllocSpace objects, 0(0B) LOS objects, 24% free, 48MB/64MB, paused 1.442ms total 41.854ms
08-06 17:49:47.888 13665 13678 I art     : Starting a blocking GC Explicit
08-06 17:49:47.929 13665 13678 I art     : Explicit concurrent mark sweep GC freed 3(96B) AllocSpace objects, 0(0B) LOS objects, 24% free, 48MB/64MB, paused 1.450ms total 41.124ms
08-06 17:49:48.122 17167 17167 D AndroidRuntime: >>>>>> START com.android.internal.os.RuntimeInit uid 2000 <<<<<<
08-06 17:49:48.128 17167 17167 D AndroidRuntime: CheckJNI is OFF
08-06 17:49:48.170 17167 17167 D ICU     : No timezone override file found: /data/misc/zoneinfo/current/icu/icu_tzdata.dat
08-06 17:49:48.210 17167 17167 I Radio-JNI: register_android_hardware_Radio DONE
08-06 17:49:48.238 17167 17167 D AndroidRuntime: Calling main entry com.android.commands.input.Input
08-06 17:49:48.240 17167 17167 I Input   : injectKeyEvent: KeyEvent { action=ACTION_DOWN, keyCode=KEYCODE_BACK, scanCode=0, metaState=0, flags=0x0, repeatCount=0, eventTime=899404653, downTime=899404653, deviceId=-1, source=0x101 }
08-06 17:49:48.244 17167 17167 I Input   : injectKeyEvent: KeyEvent { action=ACTION_UP, keyCode=KEYCODE_BACK, scanCode=0, metaState=0, flags=0x0, repeatCount=0, eventTime=899404653, downTime=899404653, deviceId=-1, source=0x101 }
08-06 17:49:48.269 17167 17167 D AndroidRuntime: Shutting down VM
08-06 17:49:48.292 13665 14111 I art     : Starting a blocking GC Explicit
08-06 17:49:48.336 13665 14111 I art     : Explicit concurrent mark sweep GC freed 3599(171KB) AllocSpace objects, 1(20KB) LOS objects, 24% free, 48MB/64MB, paused 1.548ms total 43.259ms
08-06 17:49:48.349 13665 14111 I art     : Starting a blocking GC Explicit
08-06 17:49:48.391 13665 14111 I art     : Explicit concurrent mark sweep GC freed 5376(395KB) AllocSpace objects, 9(1620KB) LOS objects, 25% free, 46MB/62MB, paused 1.572ms total 41.751ms
08-06 17:49:48.404 13665 14111 I art     : Starting a blocking GC Explicit
08-06 17:49:48.446 13665 14111 I art     : Explicit concurrent mark sweep GC freed 7(256B) AllocSpace objects, 0(0B) LOS objects, 25% free, 46MB/62MB, paused 1.490ms total 41.556ms
08-06 17:49:48.458 13665 14111 I art     : Starting a blocking GC Explicit
08-06 17:49:48.500 13665 14111 I art     : Explicit concurrent mark sweep GC freed 3(96B) AllocSpace objects, 0(0B) LOS objects, 25% free, 46MB/62MB, paused 1.562ms total 40.954ms
08-06 17:49:48.513 13665 14111 I art     : Starting a blocking GC Explicit
08-06 17:49:48.554 13665 14111 I art     : Explicit concurrent mark sweep GC freed 3(96B) AllocSpace objects, 0(0B) LOS objects, 25% free, 46MB/62MB, paused 1.439ms total 41.255ms
08-06 17:49:48.716   518   646 I ThermalEngine: ACTION: GPU - Setting GPU[0] to 390000000
08-06 17:49:48.984 13665 13775 I art     : Starting a blocking GC Explicit
08-06 17:49:49.048 13665 13775 I art     : Explicit concurrent mark sweep GC freed 1377(81KB) AllocSpace objects, 1(20KB) LOS objects, 25% free, 46MB/62MB, paused 2.467ms total 63.608ms
08-06 17:49:49.071 13665 13775 I art     : Starting a blocking GC Explicit
08-06 17:49:49.124 13665 13775 I art     : Explicit concurrent mark sweep GC freed 23(752B) AllocSpace objects, 0(0B) LOS objects, 25% free, 46MB/62MB, paused 2.179ms total 52.497ms
08-06 17:49:49.143 13665 13775 I art     : Starting a blocking GC Explicit
08-06 17:49:49.197 13665 13775 I art     : Explicit concurrent mark sweep GC freed 3(96B) AllocSpace objects, 0(0B) LOS objects, 25% free, 46MB/62MB, paused 2.702ms total 53.506ms
08-06 17:49:49.216 13665 13775 I art     : Starting a blocking GC Explicit
08-06 17:49:49.269 13665 13775 I art     : Explicit concurrent mark sweep GC freed 3(96B) AllocSpace objects, 0(0B) LOS objects, 25% free, 46MB/62MB, paused 2.400ms total 52.735ms
08-06 17:49:49.289 13665 13775 I art     : Starting a blocking GC Explicit
08-06 17:49:49.343 13665 13775 I art     : Explicit concurrent mark sweep GC freed 32(880B) AllocSpace objects, 0(0B) LOS objects, 25% free, 46MB/62MB, paused 2.687ms total 54.027ms
08-06 17:49:49.344 13665 13676 I art     : WaitForGcToComplete blocked for 54.647ms for cause HeapTrim
08-06 17:49:49.737 13665 13678 I art     : Starting a blocking GC Explicit
08-06 17:49:49.790 13665 13678 I art     : Explicit concurrent mark sweep GC freed 1376(81KB) AllocSpace objects, 1(20KB) LOS objects, 25% free, 46MB/62MB, paused 2.649ms total 52.637ms
08-06 17:49:49.809 13665 13678 I art     : Starting a blocking GC Explicit
08-06 17:49:49.861 13665 13678 I art     : Explicit concurrent mark sweep GC freed 23(752B) AllocSpace objects, 0(0B) LOS objects, 25% free, 46MB/62MB, paused 2.657ms total 51.129ms
08-06 17:49:49.880 13665 13678 I art     : Starting a blocking GC Explicit
08-06 17:49:49.941 13665 13678 I art     : Explicit concurrent mark sweep GC freed 10(320B) AllocSpace objects, 0(0B) LOS objects, 25% free, 46MB/62MB, paused 2.925ms total 60.715ms
08-06 17:49:49.960 13665 13678 I art     : Starting a blocking GC Explicit
08-06 17:49:50.013 13665 13678 I art     : Explicit concurrent mark sweep GC freed 11(352B) AllocSpace objects, 0(0B) LOS objects, 25% free, 46MB/62MB, paused 2.196ms total 52.665ms
08-06 17:49:50.032 13665 13678 I art     : Starting a blocking GC Explicit
08-06 17:49:50.085 13665 13678 I art     : Explicit concurrent mark sweep GC freed 12(384B) AllocSpace objects, 0(0B) LOS objects, 25% free, 46MB/62MB, paused 2.539ms total 52.967ms
08-06 17:49:50.222 17210 17210 D AndroidRuntime: >>>>>> START com.android.internal.os.RuntimeInit uid 2000 <<<<<<
08-06 17:49:50.228 17210 17210 D AndroidRuntime: CheckJNI is OFF
08-06 17:49:50.285 17210 17210 D ICU     : No timezone override file found: /data/misc/zoneinfo/current/icu/icu_tzdata.dat
08-06 17:49:50.332 17210 17210 I Radio-JNI: register_android_hardware_Radio DONE
08-06 17:49:50.364 17210 17210 D AndroidRuntime: Calling main entry com.android.commands.am.Am
08-06 17:49:50.378 26540 26540 I Trepn   : Trepn 6.2s: Received intent: com.quicinc.trepn.stop_profiling
08-06 17:49:50.410 26540 26540 I Trepn   : Trepn 6.2s: Trepn has Stopped Profiling.
08-06 17:49:50.472 13665 14111 I art     : Starting a blocking GC Explicit
08-06 17:49:50.524 13665 14111 I art     : Explicit concurrent mark sweep GC freed 1412(83KB) AllocSpace objects, 1(20KB) LOS objects, 25% free, 46MB/62MB, paused 2.516ms total 51.868ms
08-06 17:49:50.536 17210 17210 D AndroidRuntime: Shutting down VM
08-06 17:49:50.541   918  3714 W AppOps  : Finishing op nesting under-run: uid 10078 pkg com.quicinc.trepn code 24 time=0 duration=0 nesting=0
08-06 17:49:50.546 13665 14111 I art     : Starting a blocking GC Explicit
08-06 17:49:50.592 13665 14111 I art     : Explicit concurrent mark sweep GC freed 23(752B) AllocSpace objects, 0(0B) LOS objects, 25% free, 46MB/62MB, paused 2.055ms total 45.110ms
08-06 17:49:50.609 13665 14111 I art     : Starting a blocking GC Explicit
08-06 17:49:50.656 13665 14111 I art     : Explicit concurrent mark sweep GC freed 3(96B) AllocSpace objects, 0(0B) LOS objects, 25% free, 46MB/62MB, paused 2.107ms total 47.243ms
08-06 17:49:50.675 13665 14111 I art     : Starting a blocking GC Explicit
08-06 17:49:50.727 13665 14111 I art     : Explicit concurrent mark sweep GC freed 3(96B) AllocSpace objects, 0(0B) LOS objects, 25% free, 46MB/62MB, paused 2.112ms total 51.208ms
08-06 17:49:50.746 13665 14111 I art     : Starting a blocking GC Explicit
08-06 17:49:50.797 13665 14111 I art     : Explicit concurrent mark sweep GC freed 3(96B) AllocSpace objects, 0(0B) LOS objects, 25% free, 46MB/62MB, paused 2.124ms total 51.179ms
08-06 17:49:52.718   518   646 I ThermalEngine: ACTION: GPU - Setting GPU[0] to 450000000
