--------- beginning of main
08-05 13:45:15.548  3784  3784 D CarrierServiceBindHelper: Receive action: android.intent.action.PACKAGE_REMOVED
08-05 13:45:15.563   918  3961 I AccountManagerService: getTypesVisibleToCaller: isPermitted? true
08-05 13:45:15.583 21092 21092 I Finsky  : [1] uah.a(18): PackageMonitorReceiverImpl - Received: android.intent.action.PACKAGE_REMOVED, [ocpw8ddNLhG67i_cxGNvtEQwqY1k5QNC_my-vN553D4]
08-05 13:45:15.583 24365 11072 I Fitness : FitCleanupIntentOperation received Intent android.intent.action.PACKAGE_REMOVED [CONTEXT service_id=17 ]
08-05 13:45:15.583  3784  3784 D CarrierServiceBindHelper: Receive action: android.intent.action.PACKAGE_ADDED
08-05 13:45:15.584  3784  3784 D CarrierServiceBindHelper: Receive action: android.intent.action.PACKAGE_REPLACED
08-05 13:45:15.584  3784  3784 D CarrierServiceBindHelper: mHandler: 3
08-05 13:45:15.584  3784  3784 D CarrierServiceBindHelper: mHandler: 3
08-05 13:45:15.584  3784  3784 D CarrierServiceBindHelper: mHandler: 3
08-05 13:45:15.584  3784  3784 D CarrierConfigLoader: mHandler: 9 phoneId: 0
08-05 13:45:15.584 21092 21092 I Finsky  : [1] ubi.d(9): Invalidating cached PackageState for baseline.org.quantumbadger.redreader
08-05 13:45:15.604 21092 21092 I Finsky  : [1] lzi.c(2): Frosting ID looked up on UI thread. Caller should move to a background thread.
08-05 13:45:15.628 21092 21092 I Finsky  : [1] nqb.c(3): Installer: package baseline.org.quantumbadger.redreader was removed. replacing: true
08-05 13:45:15.629 21092 21092 I Finsky  : [1] nra.a(188): Installer: Notifying status update. package=baseline.org.quantumbadger.redreader, status=UNINSTALLED
08-05 13:45:15.631   918  6111 I AccountManagerService: getTypesVisibleToCaller: isPermitted? true
08-05 13:45:15.670 21092 21092 I Finsky  : [1] lzi.c(2): Frosting ID looked up on UI thread. Caller should move to a background thread.
08-05 13:45:15.687 21092 21092 I Finsky  : [1] nra.a(220): Installer: found apps to install. isMultiUserMode=false, apps=[]
08-05 13:45:15.695 21092 11089 I Finsky  : [6137] ejf.a(-1): Cancelled 0 ongoing asset module downloads for package baseline.org.quantumbadger.redreader due to a concurrent app update.
08-05 13:45:15.728 21092 21254 I Finsky  : [6084] odj.b(52): IQ: Notifying installation update. package=baseline.org.quantumbadger.redreader, status=UNINSTALLED
08-05 13:45:15.750 21092 21092 I Finsky  : [1] uah.a(18): PackageMonitorReceiverImpl - Received: android.intent.action.PACKAGE_ADDED, [ocpw8ddNLhG67i_cxGNvtEQwqY1k5QNC_my-vN553D4]
08-05 13:45:15.751 21092 21092 I Finsky  : [1] ubi.d(9): Invalidating cached PackageState for baseline.org.quantumbadger.redreader
08-05 13:45:15.754 21092 21092 I Finsky  : [1] lzi.c(2): Frosting ID looked up on UI thread. Caller should move to a background thread.
08-05 13:45:15.759 21092 21092 I Finsky  : [1] agsx.a(4): Do not start WearSupportService due to Wear service optimization
08-05 13:45:15.761 21092 11089 I Finsky  : [6137] ejc.a(-1): Asset module broadcast after update successful for package baseline.org.quantumbadger.redreader. 0 sessions broadcast.
08-05 13:45:15.761 21092 11083 I Finsky  : [6135] lyv.run(-1): Wrote row to frosting DB: 2762
08-05 13:45:15.765 21092 21092 I Finsky  : [1] lzi.c(2): Frosting ID looked up on UI thread. Caller should move to a background thread.
08-05 13:45:15.802   918  6029 I AccountManagerService: getTypesVisibleToCaller: isPermitted? true
08-05 13:45:15.820 24577 11087 I Auth    : [SupervisedAccountIntentOperation] onHandleIntent(): android.intent.action.PACKAGE_ADDED
08-05 13:45:15.828 24577 11081 I ChromeSync: [Sync,SyncIntentOperation] Handling the intent: Intent { act=android.intent.action.PACKAGE_ADDED dat=package:baseline.org.quantumbadger.redreader flg=0x4000010 cmp=com.google.android.gms/.chimera.GmsIntentOperationService (has extras) }.
--------- beginning of system
08-05 13:45:15.832   918  6110 W ActivityManager: Unable to start service Intent { act=com.google.android.gms.auth.key.retrieval.service.START pkg=com.google.android.gms } U=0: not found
08-05 13:45:15.832   918  6112 W ActivityManager: Unbind failed: could not find connection for android.os.BinderProxy@f985fca
08-05 13:45:15.833 24577 24621 E GmsClient: unable to connect to service: com.google.android.gms.auth.key.retrieval.service.START on com.google.android.gms
08-05 13:45:15.856 21092 11088 I Finsky  : [6136] gzn.a(-1): [ContentSync] finished, scheduled=false
08-05 13:45:15.857 21092 11083 I Finsky  : [6135] lyv.run(-1): Wrote row to frosting DB: 2763
08-05 13:45:15.864 21092 21254 I Finsky  : [6084] odj.b(40): IQ: No matching installs to run for jobs: []
08-05 13:45:15.869   918  5132 I AccountManagerService: getTypesVisibleToCaller: isPermitted? true
08-05 13:45:15.870 24577 11081 I ChromeSync: [Persistence,AffiliationManager] One of affiliation or grouping data for android://bz0hZa4nAJEtd0n5sRlXG7KAqctUMWVefv7Ki4mh1p6slZ9YO-n9gS9j8m9YCrsIyI2wIxrDHraumF9Y6pBLTA==@baseline.org.quantumbadger.redreader/ was not found. Marking affiliation data as stale...
08-05 13:45:15.877 21092 11083 I Finsky  : [6135] lyv.run(-1): Wrote row to frosting DB: 2764
08-05 13:45:15.878 16955 16955 D AlarmUpdateReceiver: Received intent
08-05 13:45:15.878 16955 16955 D AlarmUpdateReceiver: Resetting update alarm after app upgrade
08-05 13:45:15.879 16955 16955 D UserPreferences: timeOfDay: []
08-05 13:45:15.879 16955 16955 D AutoUpdateManager: Restarting update alarm.
08-05 13:45:15.879 16955 16955 D AutoUpdateManager: Automatic update was deactivated
08-05 13:45:15.908 21092 11083 I Finsky  : [6135] lyv.run(-1): Wrote row to frosting DB: 2765
08-05 13:45:15.919   918   929 I AccountManagerService: getTypesVisibleToCaller: isPermitted? true
08-05 13:45:15.931 24577 13336 I Icing   : IndexChimeraService.getServiceInterface callingPackage=com.google.android.gms componentName=AppsCorpus serviceId=36
08-05 13:45:15.984 21092 21092 I Finsky  : [1] xmu.a(8): SCH: Jobs in database: 1-1337 3-215 3-216 12-1 24-77777777 26-1414141414 
08-05 13:45:15.986 21092 21092 I Finsky  : [1] xio.a(57): SCH: ConstraintMapping: 24-77777777,  -> L: 0ms, D: 26684534ms, C: false, I: true, N: 0
08-05 13:45:15.986 21092 21092 I Finsky  : [1] xio.a(57): SCH: ConstraintMapping: 1-1337, 12-1,  -> L: 14681ms, D: 73236926ms, C: false, I: false, N: 1
08-05 13:45:15.987 21092 21092 I Finsky  : [1] xio.a(57): SCH: ConstraintMapping: 3-215,  -> L: 0ms, D: 85111466ms, C: false, I: true, N: 2
08-05 13:45:15.987 21092 21092 I Finsky  : [1] xio.a(57): SCH: ConstraintMapping: 3-216,  -> L: 0ms, D: 85111497ms, C: true, I: true, N: 2
08-05 13:45:15.988 21092 21092 I Finsky  : [1] xio.a(57): SCH: ConstraintMapping: 26-1414141414,  -> L: 34684393ms, D: 35584393ms, C: false, I: false, N: 0
08-05 13:45:15.989 21092 11088 I Finsky  : [6136] gzn.a(-1): [ContentSync] finished, scheduled=true
08-05 13:45:16.006 21092 21092 I Finsky  : [1] xle.a(34): Cancelling existing jobscheduler jobs: 9002 9009 9010 9013 9011 9007 9003 9001 9004 9005 
08-05 13:45:16.006 21092 21092 I Finsky  : [1] xle.a(27): Scheduling job Id: 9000, L: 0, D: 26684534, C: false, I: true, N: 0
08-05 13:45:16.008 21092 21092 I Finsky  : [1] xle.a(27): Scheduling job Id: 9006, L: 14681, D: 73236926, C: false, I: false, N: 1
08-05 13:45:16.010 21092 21092 I Finsky  : [1] xle.a(27): Scheduling job Id: 9008, L: 0, D: 85111466, C: false, I: true, N: 2
08-05 13:45:16.011 21092 21092 I Finsky  : [1] xle.a(27): Scheduling job Id: 9012, L: 0, D: 85111497, C: true, I: true, N: 2
08-05 13:45:16.018 21092 21092 I Finsky  : [1] xle.a(27): Scheduling job Id: 9014, L: 34684393, D: 35584393, C: false, I: false, N: 0
08-05 13:45:16.020 21092 21092 I Finsky  : [1] xle.a(27): Scheduling job Id: 9015, L: 0, D: 26684534, C: false, I: true, N: 0
08-05 13:45:16.023 21092 21092 I Finsky  : [1] xle.a(27): Scheduling job Id: 9016, L: 14681, D: 73236926, C: false, I: false, N: 1
08-05 13:45:16.025 21092 21092 I Finsky  : [1] xle.a(27): Scheduling job Id: 9017, L: 0, D: 85111466, C: false, I: true, N: 2
08-05 13:45:16.026 21092 21092 I Finsky  : [1] xle.a(27): Scheduling job Id: 9018, L: 0, D: 85111497, C: true, I: true, N: 2
08-05 13:45:16.028 21092 21092 I Finsky  : [1] xle.a(27): Scheduling job Id: 9019, L: 34684393, D: 35584393, C: false, I: false, N: 0
08-05 13:45:16.058 24577 16044 W Icing   : No valid account for uploading user actions
08-05 13:45:16.085 24577 13294 I Icing   : IndexChimeraService.getServiceInterface callingPackage=com.google.android.gms componentName=null serviceId=30
08-05 13:45:16.110 24577 16044 I Icing   : Usage reports ok 1, Failed Usage reports 0, indexed 0, rejected 0
08-05 13:45:16.114 24577 16044 W Icing   : No valid account for uploading user actions
08-05 13:45:16.123 11101 11101 D AndroidRuntime: >>>>>> START com.android.internal.os.RuntimeInit uid 2000 <<<<<<
08-05 13:45:16.126 11101 11101 D AndroidRuntime: CheckJNI is OFF
08-05 13:45:16.152 24577 16044 I Icing   : Usage reports ok 0, Failed Usage reports 0, indexed 0, rejected 0
08-05 13:45:16.152 11101 11101 D ICU     : No timezone override file found: /data/misc/zoneinfo/current/icu/icu_tzdata.dat
08-05 13:45:16.153 24577 16044 I Icing   : Indexing com.google.android.gms-internal.3p:MobileApplication from com.google.android.gms using seqno 763
08-05 13:45:16.156 24577 16044 I Icing   : Indexing com.google.android.gms-internal.3p:MobileApplication from com.google.android.gms using seqno 763
08-05 13:45:16.176 24577 13294 I Icing   : IndexChimeraService.getServiceInterface callingPackage=com.google.android.gms componentName=null serviceId=36
08-05 13:45:16.176 11101 11101 I Radio-JNI: register_android_hardware_Radio DONE
08-05 13:45:16.182 24577 13715 W Icing   : No valid account for uploading user actions
08-05 13:45:16.191 24577 13715 I Icing   : Usage reports ok 0, Failed Usage reports 0, indexed 0, rejected 0
08-05 13:45:16.191 11101 11101 D AndroidRuntime: Calling main entry com.android.commands.monkey.Monkey
08-05 13:45:16.202 24365 24372 I art     : Background partial concurrent mark sweep GC freed 76039(4MB) AllocSpace objects, 0(0B) LOS objects, 27% free, 41MB/57MB, paused 813us total 125.461ms
08-05 13:45:16.207   918   931 W BroadcastQueue: Skipping deliver [background] BroadcastRecord{20c3493 u-1 android.net.conn.CONNECTIVITY_CHANGE} to ReceiverList{3e95cd0 11101 (unknown name)/2000/u-1 remote:527b8cd}: process crashing
08-05 13:45:16.217   918  3670 I ActivityManager: START u0 {act=android.intent.action.MAIN cat=[android.intent.category.LAUNCHER] flg=0x10200000 cmp=baseline.org.quantumbadger.redreader/.activities.MainActivity} from uid 2000 on display 0
08-05 13:45:16.234   918  3696 I ActivityManager: Start proc 11115:baseline.org.quantumbadger.redreader/u0a689 for activity baseline.org.quantumbadger.redreader/.activities.MainActivity
08-05 13:45:16.237 11115 11115 I art     : Late-enabling -Xcheck:jni
08-05 13:45:16.253 11101 11101 I art     : System.exit called, status: 0
08-05 13:45:16.253 11101 11101 I AndroidRuntime: VM exiting with result code 0.
08-05 13:45:16.281 11115 11115 W System  : ClassLoader referenced unknown path: /data/app/baseline.org.quantumbadger.redreader-2/lib/arm64
08-05 13:45:16.291 11115 11115 I RedReader: Application created.
08-05 13:45:16.301 11115 11132 I RedditChangeDataIO: Running initial read...
08-05 13:45:16.302 11115 11115 I RedReader: Checking for new messages.
08-05 13:45:16.305 11115 11132 I RedditChangeDataIO: Data file at '/data/user/0/baseline.org.quantumbadger.redreader/files/rr_change_data.dat'
08-05 13:45:16.305 11115 11132 I RedditChangeDataIO: Data file does not exist. Aborting read.
08-05 13:45:16.305 11115 11132 I RedditChangeDataManager: Pruning for all users...
08-05 13:45:16.305 11115 11132 I RedditChangeDataManager: Pruning complete.
08-05 13:45:16.323 16458 16830 I PBSessionCacheImpl: Deleted sessionId[72384646105454640] from persistence.
08-05 13:45:16.327 16458 16488 W SearchServiceCore: Abort, client detached.
08-05 13:45:16.328 16458 16488 I MicroDetectionState: Should stop hotword detection immediately - true
08-05 13:45:16.351 11115 11115 W art     : Before Android 4.1, method android.graphics.PorterDuffColorFilter androidx.vectordrawable.graphics.drawable.VectorDrawableCompat.updateTintFilter(android.graphics.PorterDuffColorFilter, android.content.res.ColorStateList, android.graphics.PorterDuff$Mode) would have incorrectly overridden the package-private method in android.graphics.drawable.Drawable
08-05 13:45:16.369 11115 11115 I art     : Rejecting re-init on previously-failed class java.lang.Class<androidx.core.view.ViewCompat$2>
08-05 13:45:16.370 11115 11115 I art     : Rejecting re-init on previously-failed class java.lang.Class<androidx.core.view.ViewCompat$2>
08-05 13:45:16.378 11115 11115 I AppCompatViewInflater: app:theme is now deprecated. Please move to using android:theme instead.
08-05 13:45:16.402 11115 11131 I CacheManager: Pruning 108 files
08-05 13:45:16.641 11115 11115 I RawObjectDB query string: CREATE TABLE objects(RawObjectDB_id TEXT PRIMARY KEY ON CONFLICT REPLACE,RawObjectDB_timestamp INTEGER,serialised TEXT)
08-05 13:45:16.698 11115 11115 I RawObjectDB query string: CREATE TABLE objects(RawObjectDB_id TEXT PRIMARY KEY ON CONFLICT REPLACE,RawObjectDB_timestamp INTEGER,serialised TEXT)
08-05 13:45:16.783 11115 11134 D OpenGLRenderer: Use EGL_SWAP_BEHAVIOR_PRESERVED: true
08-05 13:45:16.869 11115 11134 I Adreno  : QUALCOMM build                   : fcf4852, I1af360237c
08-05 13:45:16.869 11115 11134 I Adreno  : Build Date                       : 09/23/15
08-05 13:45:16.869 11115 11134 I Adreno  : OpenGL ES Shader Compiler Version: XE031.05.13.02
08-05 13:45:16.869 11115 11134 I Adreno  : Local Branch                     : mybranch14465806
08-05 13:45:16.869 11115 11134 I Adreno  : Remote Branch                    : quic/LA.BF64.1.2.9_v2
08-05 13:45:16.869 11115 11134 I Adreno  : Remote Branch                    : NONE
08-05 13:45:16.869 11115 11134 I Adreno  : Reconstruct Branch               : NOTHING
08-05 13:45:16.881 11115 11134 I OpenGLRenderer: Initialized EGL, version 1.4
08-05 13:45:17.117 24577 13715 I Icing   : Indexing com.google.android.gms-apps from com.google.android.gms
08-05 13:45:17.188   918   936 I ActivityManager: Displayed baseline.org.quantumbadger.redreader/.activities.MainActivity: +965ms
08-05 13:45:17.217 24577 13715 I Icing   : Indexing done com.google.android.gms-apps
08-05 13:45:17.874 11153 11153 D AndroidRuntime: >>>>>> START com.android.internal.os.RuntimeInit uid 2000 <<<<<<
08-05 13:45:17.882 11153 11153 D AndroidRuntime: CheckJNI is OFF
08-05 13:45:17.915 11153 11153 D ICU     : No timezone override file found: /data/misc/zoneinfo/current/icu/icu_tzdata.dat
08-05 13:45:17.948 11153 11153 I Radio-JNI: register_android_hardware_Radio DONE
08-05 13:45:17.966 11153 11153 D AndroidRuntime: Calling main entry com.android.commands.am.Am
08-05 13:45:17.977 16924 16924 I Trepn   : Trepn 6.2s: Received intent: com.quicinc.trepn.start_profiling
08-05 13:45:18.064 16924 16924 W FileUtils: Failed to chmod(/storage/emulated/0/trepn/Trepn_2020.08.05_134517.db): android.system.ErrnoException: chmod failed: EPERM (Operation not permitted)
08-05 13:45:18.147 16924 16924 I Trepn   : Trepn 6.2s: Trepn has Started Profiling.
08-05 13:45:18.148 11153 11153 D AndroidRuntime: Shutting down VM
08-05 13:45:18.638 11115 11127 I art     : Starting a blocking GC Explicit
08-05 13:45:18.669 11115 11127 I art     : Explicit concurrent mark sweep GC freed 19932(1811KB) AllocSpace objects, 8(216KB) LOS objects, 40% free, 20MB/34MB, paused 279us total 31.110ms
08-05 13:45:18.679 11115 11127 I art     : Starting a blocking GC Explicit
08-05 13:45:18.691 11115 11127 I art     : Explicit concurrent mark sweep GC freed 1529(73KB) AllocSpace objects, 0(0B) LOS objects, 40% free, 20MB/34MB, paused 139us total 12.179ms
08-05 13:45:18.701 11115 11127 I art     : Starting a blocking GC Explicit
08-05 13:45:18.714 11115 11127 I art     : Explicit concurrent mark sweep GC freed 6(208B) AllocSpace objects, 0(0B) LOS objects, 40% free, 20MB/34MB, paused 142us total 12.599ms
08-05 13:45:18.723 11115 11127 I art     : Starting a blocking GC Explicit
08-05 13:45:18.735 11115 11127 I art     : Explicit concurrent mark sweep GC freed 3(96B) AllocSpace objects, 0(0B) LOS objects, 40% free, 20MB/34MB, paused 111us total 11.403ms
08-05 13:45:18.742 11115 11127 I art     : Starting a blocking GC Explicit
08-05 13:45:18.752 11115 11127 I art     : Explicit concurrent mark sweep GC freed 3(96B) AllocSpace objects, 0(0B) LOS objects, 40% free, 20MB/34MB, paused 111us total 9.639ms
08-05 13:45:19.038 11115 11126 I art     : Starting a blocking GC Explicit
08-05 13:45:19.058 11115 11126 I art     : Explicit concurrent mark sweep GC freed 1336(78KB) AllocSpace objects, 1(20KB) LOS objects, 40% free, 20MB/34MB, paused 178us total 19.281ms
08-05 13:45:19.071 11115 11126 I art     : Starting a blocking GC Explicit
08-05 13:45:19.085 11115 11126 I art     : Explicit concurrent mark sweep GC freed 20(704B) AllocSpace objects, 0(0B) LOS objects, 40% free, 20MB/34MB, paused 113us total 13.349ms
08-05 13:45:19.093 11115 11126 I art     : Starting a blocking GC Explicit
08-05 13:45:19.104 11115 11126 I art     : Explicit concurrent mark sweep GC freed 3(96B) AllocSpace objects, 0(0B) LOS objects, 40% free, 20MB/34MB, paused 114us total 10.891ms
08-05 13:45:19.112 11115 11126 I art     : Starting a blocking GC Explicit
08-05 13:45:19.123 11115 11126 I art     : Explicit concurrent mark sweep GC freed 3(96B) AllocSpace objects, 0(0B) LOS objects, 40% free, 20MB/34MB, paused 111us total 10.718ms
08-05 13:45:19.131 11115 11126 I art     : Starting a blocking GC Explicit
08-05 13:45:19.142 11115 11126 I art     : Explicit concurrent mark sweep GC freed 3(96B) AllocSpace objects, 0(0B) LOS objects, 40% free, 20MB/34MB, paused 104us total 10.229ms
08-05 13:45:19.439 11115 11138 I art     : Starting a blocking GC Explicit
08-05 13:45:19.456 11115 11138 I art     : Explicit concurrent mark sweep GC freed 1333(78KB) AllocSpace objects, 1(20KB) LOS objects, 40% free, 20MB/34MB, paused 159us total 15.898ms
08-05 13:45:19.469 11115 11138 I art     : Starting a blocking GC Explicit
08-05 13:45:19.483 11115 11138 I art     : Explicit concurrent mark sweep GC freed 20(704B) AllocSpace objects, 0(0B) LOS objects, 40% free, 20MB/34MB, paused 129us total 13.888ms
08-05 13:45:19.493 11115 11138 I art     : Starting a blocking GC Explicit
08-05 13:45:19.504 11115 11138 I art     : Explicit concurrent mark sweep GC freed 3(96B) AllocSpace objects, 0(0B) LOS objects, 40% free, 20MB/34MB, paused 115us total 10.665ms
08-05 13:45:19.512 11115 11138 I art     : Starting a blocking GC Explicit
08-05 13:45:19.523 11115 11138 I art     : Explicit concurrent mark sweep GC freed 3(96B) AllocSpace objects, 0(0B) LOS objects, 40% free, 20MB/34MB, paused 111us total 10.533ms
08-05 13:45:19.531 11115 11138 I art     : Starting a blocking GC Explicit
08-05 13:45:19.542 11115 11138 I art     : Explicit concurrent mark sweep GC freed 3(96B) AllocSpace objects, 0(0B) LOS objects, 40% free, 20MB/34MB, paused 114us total 10.659ms
08-05 13:45:19.847 11115 11127 I art     : Starting a blocking GC Explicit
08-05 13:45:19.862 11115 11127 I art     : Explicit concurrent mark sweep GC freed 1333(78KB) AllocSpace objects, 1(20KB) LOS objects, 40% free, 20MB/34MB, paused 168us total 13.995ms
08-05 13:45:19.873 11115 11127 I art     : Starting a blocking GC Explicit
08-05 13:45:19.885 11115 11127 I art     : Explicit concurrent mark sweep GC freed 20(704B) AllocSpace objects, 0(0B) LOS objects, 40% free, 20MB/34MB, paused 132us total 11.137ms
08-05 13:45:19.893 11115 11127 I art     : Starting a blocking GC Explicit
08-05 13:45:19.903 11115 11127 I art     : Explicit concurrent mark sweep GC freed 3(96B) AllocSpace objects, 0(0B) LOS objects, 40% free, 20MB/34MB, paused 120us total 10.421ms
08-05 13:45:19.911 11115 11127 I art     : Starting a blocking GC Explicit
08-05 13:45:19.921 11115 11127 I art     : Explicit concurrent mark sweep GC freed 3(96B) AllocSpace objects, 0(0B) LOS objects, 40% free, 20MB/34MB, paused 118us total 10.292ms
08-05 13:45:19.929 11115 11127 I art     : Starting a blocking GC Explicit
08-05 13:45:19.940 11115 11127 I art     : Explicit concurrent mark sweep GC freed 3(96B) AllocSpace objects, 0(0B) LOS objects, 40% free, 20MB/34MB, paused 121us total 10.340ms
08-05 13:45:20.217 11115 11126 I art     : Starting a blocking GC Explicit
08-05 13:45:20.230 11115 11126 I art     : Explicit concurrent mark sweep GC freed 1333(78KB) AllocSpace objects, 1(20KB) LOS objects, 40% free, 20MB/34MB, paused 116us total 12.744ms
08-05 13:45:20.239 11115 11126 I art     : Starting a blocking GC Explicit
08-05 13:45:20.250 11115 11126 I art     : Explicit concurrent mark sweep GC freed 20(704B) AllocSpace objects, 0(0B) LOS objects, 40% free, 20MB/34MB, paused 119us total 11.413ms
08-05 13:45:20.259 11115 11126 I art     : Starting a blocking GC Explicit
08-05 13:45:20.270 11115 11126 I art     : Explicit concurrent mark sweep GC freed 3(96B) AllocSpace objects, 0(0B) LOS objects, 40% free, 20MB/34MB, paused 127us total 10.911ms
08-05 13:45:20.279 11115 11126 I art     : Starting a blocking GC Explicit
08-05 13:45:20.289 11115 11126 I art     : Explicit concurrent mark sweep GC freed 3(96B) AllocSpace objects, 0(0B) LOS objects, 40% free, 20MB/34MB, paused 113us total 10.212ms
08-05 13:45:20.297 11115 11126 I art     : Starting a blocking GC Explicit
08-05 13:45:20.307 11115 11126 I art     : Explicit concurrent mark sweep GC freed 3(96B) AllocSpace objects, 0(0B) LOS objects, 40% free, 20MB/34MB, paused 114us total 10.498ms
08-05 13:45:20.636 11115 11138 I art     : Starting a blocking GC Explicit
08-05 13:45:20.652 11115 11138 I art     : Explicit concurrent mark sweep GC freed 1334(78KB) AllocSpace objects, 1(20KB) LOS objects, 40% free, 20MB/34MB, paused 146us total 16.364ms
08-05 13:45:20.661 11115 11138 I art     : Starting a blocking GC Explicit
08-05 13:45:20.673 11115 11138 I art     : Explicit concurrent mark sweep GC freed 20(704B) AllocSpace objects, 0(0B) LOS objects, 40% free, 20MB/34MB, paused 123us total 11.330ms
08-05 13:45:20.681 11115 11138 I art     : Starting a blocking GC Explicit
08-05 13:45:20.692 11115 11138 I art     : Explicit concurrent mark sweep GC freed 3(96B) AllocSpace objects, 0(0B) LOS objects, 40% free, 20MB/34MB, paused 111us total 10.361ms
08-05 13:45:20.700 11115 11138 I art     : Starting a blocking GC Explicit
08-05 13:45:20.710 11115 11138 I art     : Explicit concurrent mark sweep GC freed 3(96B) AllocSpace objects, 0(0B) LOS objects, 40% free, 20MB/34MB, paused 113us total 10.392ms
08-05 13:45:20.718 11115 11138 I art     : Starting a blocking GC Explicit
08-05 13:45:20.729 11115 11138 I art     : Explicit concurrent mark sweep GC freed 3(96B) AllocSpace objects, 0(0B) LOS objects, 40% free, 20MB/34MB, paused 116us total 10.487ms
08-05 13:45:21.035 11115 11127 I art     : Starting a blocking GC Explicit
08-05 13:45:21.052 11115 11127 I art     : Explicit concurrent mark sweep GC freed 1334(78KB) AllocSpace objects, 1(20KB) LOS objects, 40% free, 20MB/34MB, paused 164us total 17.079ms
08-05 13:45:21.065 11115 11127 I art     : Starting a blocking GC Explicit
08-05 13:45:21.079 11115 11127 I art     : Explicit concurrent mark sweep GC freed 20(704B) AllocSpace objects, 0(0B) LOS objects, 40% free, 20MB/34MB, paused 149us total 13.932ms
08-05 13:45:21.090 11115 11127 I art     : Starting a blocking GC Explicit
08-05 13:45:21.101 11115 11127 I art     : Explicit concurrent mark sweep GC freed 3(96B) AllocSpace objects, 0(0B) LOS objects, 40% free, 20MB/34MB, paused 115us total 10.617ms
08-05 13:45:21.109 11115 11127 I art     : Starting a blocking GC Explicit
08-05 13:45:21.120 11115 11127 I art     : Explicit concurrent mark sweep GC freed 3(96B) AllocSpace objects, 0(0B) LOS objects, 40% free, 20MB/34MB, paused 130us total 10.847ms
08-05 13:45:21.128 11115 11127 I art     : Starting a blocking GC Explicit
08-05 13:45:21.139 11115 11127 I art     : Explicit concurrent mark sweep GC freed 3(96B) AllocSpace objects, 0(0B) LOS objects, 40% free, 20MB/34MB, paused 125us total 10.480ms
08-05 13:45:21.440 11115 11126 I art     : Starting a blocking GC Explicit
08-05 13:45:21.459 11115 11126 I art     : Explicit concurrent mark sweep GC freed 1333(78KB) AllocSpace objects, 1(20KB) LOS objects, 40% free, 20MB/34MB, paused 159us total 19.005ms
08-05 13:45:21.473 11115 11126 I art     : Starting a blocking GC Explicit
08-05 13:45:21.487 11115 11126 I art     : Explicit concurrent mark sweep GC freed 20(704B) AllocSpace objects, 0(0B) LOS objects, 40% free, 20MB/34MB, paused 152us total 13.595ms
08-05 13:45:21.497 11115 11126 I art     : Starting a blocking GC Explicit
08-05 13:45:21.508 11115 11126 I art     : Explicit concurrent mark sweep GC freed 3(96B) AllocSpace objects, 0(0B) LOS objects, 40% free, 20MB/34MB, paused 116us total 10.586ms
08-05 13:45:21.516 11115 11126 I art     : Starting a blocking GC Explicit
08-05 13:45:21.527 11115 11126 I art     : Explicit concurrent mark sweep GC freed 3(96B) AllocSpace objects, 0(0B) LOS objects, 40% free, 20MB/34MB, paused 141us total 10.550ms
08-05 13:45:21.535 11115 11126 I art     : Starting a blocking GC Explicit
08-05 13:45:21.546 11115 11126 I art     : Explicit concurrent mark sweep GC freed 3(96B) AllocSpace objects, 0(0B) LOS objects, 40% free, 20MB/34MB, paused 116us total 10.583ms
08-05 13:45:21.853 11115 11138 I art     : Starting a blocking GC Explicit
08-05 13:45:21.870 11115 11138 I art     : Explicit concurrent mark sweep GC freed 1333(78KB) AllocSpace objects, 1(20KB) LOS objects, 40% free, 20MB/34MB, paused 163us total 16.273ms
08-05 13:45:21.882 11115 11138 I art     : Starting a blocking GC Explicit
08-05 13:45:21.896 11115 11138 I art     : Explicit concurrent mark sweep GC freed 20(704B) AllocSpace objects, 0(0B) LOS objects, 40% free, 20MB/34MB, paused 126us total 13.613ms
08-05 13:45:21.907 11115 11138 I art     : Starting a blocking GC Explicit
08-05 13:45:21.919 11115 11138 I art     : Explicit concurrent mark sweep GC freed 3(96B) AllocSpace objects, 0(0B) LOS objects, 40% free, 20MB/34MB, paused 114us total 11.073ms
08-05 13:45:21.927 11115 11138 I art     : Starting a blocking GC Explicit
08-05 13:45:21.937 11115 11138 I art     : Explicit concurrent mark sweep GC freed 3(96B) AllocSpace objects, 0(0B) LOS objects, 40% free, 20MB/34MB, paused 109us total 10.330ms
08-05 13:45:21.945 11115 11138 I art     : Starting a blocking GC Explicit
08-05 13:45:21.956 11115 11138 I art     : Explicit concurrent mark sweep GC freed 3(96B) AllocSpace objects, 0(0B) LOS objects, 40% free, 20MB/34MB, paused 106us total 10.387ms
08-05 13:45:22.254 11115 11127 I art     : Starting a blocking GC Explicit
08-05 13:45:22.267 11115 11127 I art     : Explicit concurrent mark sweep GC freed 1333(78KB) AllocSpace objects, 1(20KB) LOS objects, 40% free, 20MB/34MB, paused 143us total 12.466ms
08-05 13:45:22.276 11115 11127 I art     : Starting a blocking GC Explicit
08-05 13:45:22.285 11115 11127 I art     : Explicit concurrent mark sweep GC freed 20(704B) AllocSpace objects, 0(0B) LOS objects, 40% free, 20MB/34MB, paused 117us total 9.723ms
08-05 13:45:22.293 11115 11127 I art     : Starting a blocking GC Explicit
08-05 13:45:22.302 11115 11127 I art     : Explicit concurrent mark sweep GC freed 3(96B) AllocSpace objects, 0(0B) LOS objects, 40% free, 20MB/34MB, paused 104us total 9.092ms
08-05 13:45:22.310 11115 11127 I art     : Starting a blocking GC Explicit
08-05 13:45:22.319 11115 11127 I art     : Explicit concurrent mark sweep GC freed 3(96B) AllocSpace objects, 0(0B) LOS objects, 40% free, 20MB/34MB, paused 107us total 8.898ms
08-05 13:45:22.326 11115 11127 I art     : Starting a blocking GC Explicit
08-05 13:45:22.335 11115 11127 I art     : Explicit concurrent mark sweep GC freed 3(96B) AllocSpace objects, 0(0B) LOS objects, 40% free, 20MB/34MB, paused 104us total 8.737ms
08-05 13:45:22.605 11115 11126 I art     : Starting a blocking GC Explicit
08-05 13:45:22.625 11115 11126 I art     : Explicit concurrent mark sweep GC freed 1333(78KB) AllocSpace objects, 1(20KB) LOS objects, 40% free, 20MB/34MB, paused 170us total 19.649ms
08-05 13:45:22.638 11115 11126 I art     : Starting a blocking GC Explicit
08-05 13:45:22.649 11115 11126 I art     : Explicit concurrent mark sweep GC freed 20(704B) AllocSpace objects, 0(0B) LOS objects, 40% free, 20MB/34MB, paused 114us total 11.170ms
08-05 13:45:22.657 11115 11126 I art     : Starting a blocking GC Explicit
08-05 13:45:22.667 11115 11126 I art     : Explicit concurrent mark sweep GC freed 3(96B) AllocSpace objects, 0(0B) LOS objects, 40% free, 20MB/34MB, paused 116us total 10.167ms
08-05 13:45:22.675 11115 11126 I art     : Starting a blocking GC Explicit
08-05 13:45:22.686 11115 11126 I art     : Explicit concurrent mark sweep GC freed 3(96B) AllocSpace objects, 0(0B) LOS objects, 40% free, 20MB/34MB, paused 106us total 10.421ms
08-05 13:45:22.694 11115 11126 I art     : Starting a blocking GC Explicit
08-05 13:45:22.704 11115 11126 I art     : Explicit concurrent mark sweep GC freed 3(96B) AllocSpace objects, 0(0B) LOS objects, 40% free, 20MB/34MB, paused 109us total 10.334ms
08-05 13:45:22.998 11115 11138 I art     : Starting a blocking GC Explicit
08-05 13:45:23.011 11115 11138 I art     : Explicit concurrent mark sweep GC freed 1335(78KB) AllocSpace objects, 1(20KB) LOS objects, 40% free, 20MB/34MB, paused 160us total 12.681ms
08-05 13:45:23.021 11115 11138 I art     : Starting a blocking GC Explicit
08-05 13:45:23.031 11115 11138 I art     : Explicit concurrent mark sweep GC freed 20(704B) AllocSpace objects, 0(0B) LOS objects, 40% free, 20MB/34MB, paused 120us total 10.072ms
08-05 13:45:23.039 11115 11138 I art     : Starting a blocking GC Explicit
08-05 13:45:23.048 11115 11138 I art     : Explicit concurrent mark sweep GC freed 3(96B) AllocSpace objects, 0(0B) LOS objects, 40% free, 20MB/34MB, paused 109us total 9.100ms
08-05 13:45:23.055 11115 11138 I art     : Starting a blocking GC Explicit
08-05 13:45:23.065 11115 11138 I art     : Explicit concurrent mark sweep GC freed 3(96B) AllocSpace objects, 0(0B) LOS objects, 40% free, 20MB/34MB, paused 104us total 9.396ms
08-05 13:45:23.072 11115 11138 I art     : Starting a blocking GC Explicit
08-05 13:45:23.082 11115 11138 I art     : Explicit concurrent mark sweep GC freed 3(96B) AllocSpace objects, 0(0B) LOS objects, 40% free, 20MB/34MB, paused 103us total 9.150ms
08-05 13:45:23.315 11115 11127 I art     : Starting a blocking GC Explicit
08-05 13:45:23.326 11115 11127 I art     : Explicit concurrent mark sweep GC freed 1335(78KB) AllocSpace objects, 1(20KB) LOS objects, 40% free, 20MB/34MB, paused 128us total 10.748ms
08-05 13:45:23.334 11115 11127 I art     : Starting a blocking GC Explicit
08-05 13:45:23.345 11115 11127 I art     : Explicit concurrent mark sweep GC freed 20(704B) AllocSpace objects, 0(0B) LOS objects, 40% free, 20MB/34MB, paused 122us total 10.702ms
08-05 13:45:23.353 11115 11127 I art     : Starting a blocking GC Explicit
08-05 13:45:23.363 11115 11127 I art     : Explicit concurrent mark sweep GC freed 3(96B) AllocSpace objects, 0(0B) LOS objects, 40% free, 20MB/34MB, paused 117us total 10.047ms
08-05 13:45:23.371 11115 11127 I art     : Starting a blocking GC Explicit
08-05 13:45:23.381 11115 11127 I art     : Explicit concurrent mark sweep GC freed 3(96B) AllocSpace objects, 0(0B) LOS objects, 40% free, 20MB/34MB, paused 125us total 10.058ms
08-05 13:45:23.389 11115 11127 I art     : Starting a blocking GC Explicit
08-05 13:45:23.399 11115 11127 I art     : Explicit concurrent mark sweep GC freed 3(96B) AllocSpace objects, 0(0B) LOS objects, 40% free, 20MB/34MB, paused 115us total 10.023ms
08-05 13:45:23.513 11312 11312 D AndroidRuntime: >>>>>> START com.android.internal.os.RuntimeInit uid 2000 <<<<<<
08-05 13:45:23.519 11312 11312 D AndroidRuntime: CheckJNI is OFF
08-05 13:45:23.550 11312 11312 D ICU     : No timezone override file found: /data/misc/zoneinfo/current/icu/icu_tzdata.dat
08-05 13:45:23.578 11312 11312 I Radio-JNI: register_android_hardware_Radio DONE
08-05 13:45:23.594 11312 11312 D AndroidRuntime: Calling main entry com.android.commands.input.Input
08-05 13:45:23.595 11312 11312 I Input   : injectMotionEvent: MotionEvent { action=ACTION_DOWN, actionButton=0, id[0]=0, x[0]=720.0, y[0]=1440.0, toolType[0]=TOOL_TYPE_UNKNOWN, buttonState=0, metaState=0, flags=0x0, edgeFlags=0x0, pointerCount=1, historySize=0, eventTime=798340008, downTime=798340008, deviceId=0, source=0x1002 }
08-05 13:45:23.601 11312 11312 I Input   : injectMotionEvent: MotionEvent { action=ACTION_UP, actionButton=0, id[0]=0, x[0]=720.0, y[0]=1440.0, toolType[0]=TOOL_TYPE_UNKNOWN, buttonState=0, metaState=0, flags=0x0, edgeFlags=0x0, pointerCount=1, historySize=0, eventTime=798340008, downTime=798340008, deviceId=0, source=0x1002 }
08-05 13:45:23.605 11312 11312 D AndroidRuntime: Shutting down VM
08-05 13:45:23.608   512  2967 D audio_hw_primary: out_set_parameters: enter: usecase(1: low-latency-playback) kvpairs: routing=2
08-05 13:45:23.619 13866 13866 I GoogleInputMethodServic: GoogleInputMethodService.onFinishInput():3138 
08-05 13:45:23.620 13866 13866 I GoogleInputMethodServic: GoogleInputMethodService.onStartInput():1808 
08-05 13:45:23.621   512  2967 D audio_hw_primary: select_devices: out_snd_device(2: speaker) in_snd_device(0: none)
08-05 13:45:23.622   512  2967 D msm8974_platform: platform_send_audio_calibration: sending audio calibration for snd_device(2) acdb_id(15)
08-05 13:45:23.622   512  2967 I soundtrigger: audio_extn_sound_trigger_update_device_status: device 0x2 of type 0 for Event 1
08-05 13:45:23.632   512  2967 D audio_hw_primary: enable_snd_device: snd_device(2: speaker)
08-05 13:45:23.634   512  2967 D audio_hw_primary: enable_audio_route: apply and update mixer path: low-latency-playback speaker
08-05 13:45:23.658 11115 11127 I art     : Starting a blocking GC Explicit
08-05 13:45:23.670 11115 11127 I art     : Explicit concurrent mark sweep GC freed 1450(82KB) AllocSpace objects, 1(20KB) LOS objects, 40% free, 20MB/34MB, paused 126us total 11.491ms
08-05 13:45:23.678 11115 11127 I art     : Starting a blocking GC Explicit
08-05 13:45:23.689 11115 11127 I art     : Explicit concurrent mark sweep GC freed 991(69KB) AllocSpace objects, 1(76KB) LOS objects, 40% free, 20MB/34MB, paused 112us total 10.475ms
08-05 13:45:23.697 11115 11127 I art     : Starting a blocking GC Explicit
08-05 13:45:23.707 11115 11127 I art     : Explicit concurrent mark sweep GC freed 3(96B) AllocSpace objects, 0(0B) LOS objects, 40% free, 20MB/34MB, paused 115us total 10.215ms
08-05 13:45:23.715 11115 11127 I art     : Starting a blocking GC Explicit
08-05 13:45:23.726 11115 11127 I art     : Explicit concurrent mark sweep GC freed 3(96B) AllocSpace objects, 0(0B) LOS objects, 40% free, 20MB/34MB, paused 113us total 11.290ms
08-05 13:45:23.735 11115 11127 I art     : Starting a blocking GC Explicit
08-05 13:45:23.746 11115 11127 I art     : Explicit concurrent mark sweep GC freed 3(96B) AllocSpace objects, 0(0B) LOS objects, 40% free, 20MB/34MB, paused 163us total 10.359ms
08-05 13:45:23.817   380   380 W SurfaceFlinger: couldn't log to binary event log: overflow.
08-05 13:45:23.953 11115 11126 I art     : Starting a blocking GC Explicit
08-05 13:45:23.963 11115 11126 I art     : Explicit concurrent mark sweep GC freed 1335(78KB) AllocSpace objects, 1(20KB) LOS objects, 40% free, 20MB/34MB, paused 117us total 10.372ms
08-05 13:45:23.971 11115 11126 I art     : Starting a blocking GC Explicit
08-05 13:45:23.982 11115 11126 I art     : Explicit concurrent mark sweep GC freed 20(704B) AllocSpace objects, 0(0B) LOS objects, 40% free, 20MB/34MB, paused 116us total 10.441ms
08-05 13:45:23.990 11115 11126 I art     : Starting a blocking GC Explicit
08-05 13:45:24.001 11115 11126 I art     : Explicit concurrent mark sweep GC freed 3(96B) AllocSpace objects, 0(0B) LOS objects, 40% free, 20MB/34MB, paused 120us total 10.575ms
08-05 13:45:24.009 11115 11126 I art     : Starting a blocking GC Explicit
08-05 13:45:24.020 11115 11126 I art     : Explicit concurrent mark sweep GC freed 3(96B) AllocSpace objects, 0(0B) LOS objects, 40% free, 20MB/34MB, paused 115us total 10.513ms
08-05 13:45:24.028 11115 11126 I art     : Starting a blocking GC Explicit
08-05 13:45:24.039 11115 11126 I art     : Explicit concurrent mark sweep GC freed 3(96B) AllocSpace objects, 0(0B) LOS objects, 40% free, 20MB/34MB, paused 117us total 10.388ms
08-05 13:45:24.169 11345 11345 D AndroidRuntime: >>>>>> START com.android.internal.os.RuntimeInit uid 2000 <<<<<<
08-05 13:45:24.174 11345 11345 D AndroidRuntime: CheckJNI is OFF
08-05 13:45:24.179   512  2967 D audio_hw_primary: disable_audio_route: reset and update mixer path: low-latency-playback speaker
08-05 13:45:24.180   512  2967 D audio_hw_primary: disable_snd_device: snd_device(2: speaker)
08-05 13:45:24.188   512  2967 I soundtrigger: audio_extn_sound_trigger_update_device_status: device 0x2 of type 0 for Event 0
08-05 13:45:24.200 11345 11345 D ICU     : No timezone override file found: /data/misc/zoneinfo/current/icu/icu_tzdata.dat
08-05 13:45:24.224 11345 11345 I Radio-JNI: register_android_hardware_Radio DONE
08-05 13:45:24.240 11345 11345 D AndroidRuntime: Calling main entry com.android.commands.input.Input
08-05 13:45:24.241 11345 11345 I Input   : injectMotionEvent: MotionEvent { action=ACTION_DOWN, actionButton=0, id[0]=0, x[0]=1345.0, y[0]=165.0, toolType[0]=TOOL_TYPE_UNKNOWN, buttonState=0, metaState=0, flags=0x0, edgeFlags=0x0, pointerCount=1, historySize=0, eventTime=798340654, downTime=798340654, deviceId=0, source=0x1002 }
08-05 13:45:24.247 11345 11345 I Input   : injectMotionEvent: MotionEvent { action=ACTION_UP, actionButton=0, id[0]=0, x[0]=1345.0, y[0]=165.0, toolType[0]=TOOL_TYPE_UNKNOWN, buttonState=0, metaState=0, flags=0x0, edgeFlags=0x0, pointerCount=1, historySize=0, eventTime=798340654, downTime=798340654, deviceId=0, source=0x1002 }
08-05 13:45:24.248 11345 11345 D AndroidRuntime: Shutting down VM
08-05 13:45:24.253   512  2967 D audio_hw_primary: out_set_parameters: enter: usecase(1: low-latency-playback) kvpairs: routing=2
08-05 13:45:24.257 11115 11115 W art     : Before Android 4.1, method int androidx.appcompat.widget.DropDownListView.lookForSelectablePosition(int, boolean) would have incorrectly overridden the package-private method in android.widget.ListView
08-05 13:45:24.262 11115 11115 W art     : Before Android 4.1, method int androidx.appcompat.widget.MenuPopupWindow$MenuDropDownListView.lookForSelectablePosition(int, boolean) would have incorrectly overridden the package-private method in android.widget.ListView
08-05 13:45:24.263 11115 11115 I ListPopupWindow: Could not find method setEpicenterBounds(Rect) on PopupWindow. Oh well.
08-05 13:45:24.266   512  2967 D audio_hw_primary: select_devices: out_snd_device(2: speaker) in_snd_device(0: none)
08-05 13:45:24.266   512  2967 D msm8974_platform: platform_send_audio_calibration: sending audio calibration for snd_device(2) acdb_id(15)
08-05 13:45:24.267   512  2967 I soundtrigger: audio_extn_sound_trigger_update_device_status: device 0x2 of type 0 for Event 1
08-05 13:45:24.277   512  2967 D audio_hw_primary: enable_snd_device: snd_device(2: speaker)
08-05 13:45:24.279   512  2967 D audio_hw_primary: enable_audio_route: apply and update mixer path: low-latency-playback speaker
08-05 13:45:24.281 11115 11127 I art     : Starting a blocking GC Explicit
08-05 13:45:24.291 11115 11127 I art     : Explicit concurrent mark sweep GC freed 1860(205KB) AllocSpace objects, 1(20KB) LOS objects, 40% free, 20MB/34MB, paused 129us total 10.300ms
08-05 13:45:24.299 11115 11127 I art     : Starting a blocking GC Explicit
08-05 13:45:24.309 11115 11127 I art     : Explicit concurrent mark sweep GC freed 214(11KB) AllocSpace objects, 0(0B) LOS objects, 40% free, 20MB/34MB, paused 146us total 9.731ms
08-05 13:45:24.317 11115 11127 I art     : Starting a blocking GC Explicit
08-05 13:45:24.320   512  2967 D AudioFlinger: mixer(0xf4740000) throttle end: throttle time(12)
08-05 13:45:24.328 11115 11127 I art     : Explicit concurrent mark sweep GC freed 265(15KB) AllocSpace objects, 0(0B) LOS objects, 40% free, 20MB/34MB, paused 135us total 10.792ms
08-05 13:45:24.336 11115 11127 I art     : Starting a blocking GC Explicit
08-05 13:45:24.347 11115 11127 I art     : Explicit concurrent mark sweep GC freed 51(3KB) AllocSpace objects, 0(0B) LOS objects, 40% free, 20MB/34MB, paused 146us total 11.158ms
08-05 13:45:24.357 11115 11127 I art     : Starting a blocking GC Explicit
08-05 13:45:24.367 11115 11127 I art     : Explicit concurrent mark sweep GC freed 173(6KB) AllocSpace objects, 0(0B) LOS objects, 40% free, 20MB/34MB, paused 148us total 9.903ms
08-05 13:45:24.600 11115 11127 I art     : Starting a blocking GC Explicit
08-05 13:45:24.612 11115 11127 I art     : Explicit concurrent mark sweep GC freed 2253(134KB) AllocSpace objects, 1(20KB) LOS objects, 40% free, 20MB/34MB, paused 134us total 11.902ms
08-05 13:45:24.620 11115 11127 I art     : Starting a blocking GC Explicit
08-05 13:45:24.630 11115 11127 I art     : Explicit concurrent mark sweep GC freed 28(1200B) AllocSpace objects, 0(0B) LOS objects, 40% free, 20MB/34MB, paused 113us total 10.282ms
08-05 13:45:24.638 11115 11127 I art     : Starting a blocking GC Explicit
08-05 13:45:24.649 11115 11127 I art     : Explicit concurrent mark sweep GC freed 3(96B) AllocSpace objects, 0(0B) LOS objects, 40% free, 20MB/34MB, paused 143us total 10.595ms
08-05 13:45:24.656 11115 11127 I art     : Starting a blocking GC Explicit
08-05 13:45:24.666 11115 11127 I art     : Explicit concurrent mark sweep GC freed 9(288B) AllocSpace objects, 0(0B) LOS objects, 40% free, 20MB/34MB, paused 162us total 9.849ms
08-05 13:45:24.674 11115 11127 I art     : Starting a blocking GC Explicit
08-05 13:45:24.684 11115 11127 I art     : Explicit concurrent mark sweep GC freed 3(96B) AllocSpace objects, 0(0B) LOS objects, 40% free, 20MB/34MB, paused 110us total 10.169ms
08-05 13:45:24.776 11378 11378 D AndroidRuntime: >>>>>> START com.android.internal.os.RuntimeInit uid 2000 <<<<<<
08-05 13:45:24.780 11378 11378 D AndroidRuntime: CheckJNI is OFF
08-05 13:45:24.803 11378 11378 D ICU     : No timezone override file found: /data/misc/zoneinfo/current/icu/icu_tzdata.dat
08-05 13:45:24.809   512  2967 D audio_hw_primary: disable_audio_route: reset and update mixer path: low-latency-playback speaker
08-05 13:45:24.810   512  2967 D audio_hw_primary: disable_snd_device: snd_device(2: speaker)
08-05 13:45:24.818   512  2967 I soundtrigger: audio_extn_sound_trigger_update_device_status: device 0x2 of type 0 for Event 0
08-05 13:45:24.826 11378 11378 I Radio-JNI: register_android_hardware_Radio DONE
08-05 13:45:24.840 11378 11378 D AndroidRuntime: Calling main entry com.android.commands.input.Input
08-05 13:45:24.842 11378 11378 I Input   : injectMotionEvent: MotionEvent { action=ACTION_DOWN, actionButton=0, id[0]=0, x[0]=940.0, y[0]=501.0, toolType[0]=TOOL_TYPE_UNKNOWN, buttonState=0, metaState=0, flags=0x0, edgeFlags=0x0, pointerCount=1, historySize=0, eventTime=798341255, downTime=798341255, deviceId=0, source=0x1002 }
08-05 13:45:24.846 11378 11378 I Input   : injectMotionEvent: MotionEvent { action=ACTION_UP, actionButton=0, id[0]=0, x[0]=940.0, y[0]=501.0, toolType[0]=TOOL_TYPE_UNKNOWN, buttonState=0, metaState=0, flags=0x0, edgeFlags=0x0, pointerCount=1, historySize=0, eventTime=798341255, downTime=798341255, deviceId=0, source=0x1002 }
08-05 13:45:24.848 11378 11378 D AndroidRuntime: Shutting down VM
08-05 13:45:24.914   918  6111 I ActivityManager: START u0 {cmp=baseline.org.quantumbadger.redreader/.settings.SettingsActivity} from uid 10689 on display 0
08-05 13:45:24.916   512  2967 D audio_hw_primary: out_set_parameters: enter: usecase(1: low-latency-playback) kvpairs: routing=2
08-05 13:45:24.929   512  2967 D audio_hw_primary: select_devices: out_snd_device(2: speaker) in_snd_device(0: none)
08-05 13:45:24.929   512  2967 D msm8974_platform: platform_send_audio_calibration: sending audio calibration for snd_device(2) acdb_id(15)
08-05 13:45:24.929   512  2967 I soundtrigger: audio_extn_sound_trigger_update_device_status: device 0x2 of type 0 for Event 1
08-05 13:45:24.931 13866 13866 I GoogleInputMethodServic: GoogleInputMethodService.onFinishInput():3138 
08-05 13:45:24.931 11115 11138 I art     : Starting a blocking GC Explicit
08-05 13:45:24.932 13866 13866 I GoogleInputMethodServic: GoogleInputMethodService.onStartInput():1808 
08-05 13:45:24.940   512  2967 D audio_hw_primary: enable_snd_device: snd_device(2: speaker)
08-05 13:45:24.943   512  2967 D audio_hw_primary: enable_audio_route: apply and update mixer path: low-latency-playback speaker
08-05 13:45:24.948 11115 11138 I art     : Explicit concurrent mark sweep GC freed 1747(113KB) AllocSpace objects, 1(20KB) LOS objects, 40% free, 20MB/34MB, paused 291us total 16.455ms
08-05 13:45:24.960 11115 11138 I art     : Starting a blocking GC Explicit
08-05 13:45:24.973 11115 11138 I art     : Explicit concurrent mark sweep GC freed 364(69KB) AllocSpace objects, 0(0B) LOS objects, 40% free, 21MB/35MB, paused 335us total 12.897ms
08-05 13:45:24.982 11115 11138 I art     : Starting a blocking GC Explicit
08-05 13:45:24.986   512  2967 D AudioFlinger: mixer(0xf4740000) throttle end: throttle time(12)
08-05 13:45:24.994 11115 11138 I art     : Explicit concurrent mark sweep GC freed 486(68KB) AllocSpace objects, 0(0B) LOS objects, 40% free, 21MB/35MB, paused 196us total 11.826ms
08-05 13:45:25.002 11115 11138 I art     : Starting a blocking GC Explicit
08-05 13:45:25.012 11115 11138 I art     : Explicit concurrent mark sweep GC freed 129(5KB) AllocSpace objects, 0(0B) LOS objects, 40% free, 21MB/35MB, paused 119us total 10.615ms
08-05 13:45:25.020 11115 11138 I art     : Starting a blocking GC Explicit
08-05 13:45:25.032 11115 11138 I art     : Explicit concurrent mark sweep GC freed 129(5KB) AllocSpace objects, 0(0B) LOS objects, 40% free, 21MB/35MB, paused 389us total 11.538ms
08-05 13:45:25.065   918   936 I ActivityManager: Displayed baseline.org.quantumbadger.redreader/.settings.SettingsActivity: +129ms
08-05 13:45:25.065 13866 13866 I GoogleInputMethodServic: GoogleInputMethodService.onFinishInput():3138 
08-05 13:45:25.066 13866 13866 I GoogleInputMethodServic: GoogleInputMethodService.onStartInput():1808 
08-05 13:45:25.089 11115 11134 D OpenGLRenderer: endAllStagingAnimators on 0x7f8019c800 (MenuPopupWindow$MenuDropDownListView) with handle 0x7f802264a0
08-05 13:45:25.274 11115 11127 I art     : Starting a blocking GC Explicit
08-05 13:45:25.290 11115 11127 I art     : Explicit concurrent mark sweep GC freed 1894(104KB) AllocSpace objects, 1(20KB) LOS objects, 40% free, 21MB/35MB, paused 159us total 15.990ms
08-05 13:45:25.300 11115 11127 I art     : Starting a blocking GC Explicit
08-05 13:45:25.316 11115 11127 I art     : Explicit concurrent mark sweep GC freed 104(4KB) AllocSpace objects, 0(0B) LOS objects, 40% free, 21MB/35MB, paused 152us total 15.009ms
08-05 13:45:25.320   380   380 W SurfaceFlinger: couldn't log to binary event log: overflow.
08-05 13:45:25.326 11115 11127 I art     : Starting a blocking GC Explicit
08-05 13:45:25.339 11115 11127 I art     : Explicit concurrent mark sweep GC freed 3(96B) AllocSpace objects, 0(0B) LOS objects, 40% free, 21MB/35MB, paused 130us total 12.739ms
08-05 13:45:25.347 11115 11127 I art     : Starting a blocking GC Explicit
08-05 13:45:25.359 11115 11127 I art     : Explicit concurrent mark sweep GC freed 3(96B) AllocSpace objects, 0(0B) LOS objects, 40% free, 21MB/35MB, paused 120us total 11.709ms
08-05 13:45:25.367 11115 11127 I art     : Starting a blocking GC Explicit
08-05 13:45:25.377 11115 11127 I art     : Explicit concurrent mark sweep GC freed 3(96B) AllocSpace objects, 0(0B) LOS objects, 40% free, 21MB/35MB, paused 114us total 10.370ms
08-05 13:45:25.400 11410 11410 D AndroidRuntime: >>>>>> START com.android.internal.os.RuntimeInit uid 2000 <<<<<<
08-05 13:45:25.404 11410 11410 D AndroidRuntime: CheckJNI is OFF
08-05 13:45:25.426 11410 11410 D ICU     : No timezone override file found: /data/misc/zoneinfo/current/icu/icu_tzdata.dat
08-05 13:45:25.449 11410 11410 I Radio-JNI: register_android_hardware_Radio DONE
08-05 13:45:25.466 11410 11410 D AndroidRuntime: Calling main entry com.android.commands.input.Input
08-05 13:45:25.467 11410 11410 I Input   : injectMotionEvent: MotionEvent { action=ACTION_DOWN, actionButton=0, id[0]=0, x[0]=216.0, y[0]=853.0, toolType[0]=TOOL_TYPE_UNKNOWN, buttonState=0, metaState=0, flags=0x0, edgeFlags=0x0, pointerCount=1, historySize=0, eventTime=798341880, downTime=798341880, deviceId=0, source=0x1002 }
08-05 13:45:25.471 11410 11410 I Input   : injectMotionEvent: MotionEvent { action=ACTION_UP, actionButton=0, id[0]=0, x[0]=216.0, y[0]=853.0, toolType[0]=TOOL_TYPE_UNKNOWN, buttonState=0, metaState=0, flags=0x0, edgeFlags=0x0, pointerCount=1, historySize=0, eventTime=798341880, downTime=798341880, deviceId=0, source=0x1002 }
08-05 13:45:25.473 11410 11410 D AndroidRuntime: Shutting down VM
08-05 13:45:25.479   512  2967 D audio_hw_primary: disable_audio_route: reset and update mixer path: low-latency-playback speaker
08-05 13:45:25.480   512  2967 D audio_hw_primary: disable_snd_device: snd_device(2: speaker)
08-05 13:45:25.488   512  2967 I soundtrigger: audio_extn_sound_trigger_update_device_status: device 0x2 of type 0 for Event 0
08-05 13:45:25.540   918  5132 I ActivityManager: START u0 {act=android.intent.action.MAIN cmp=baseline.org.quantumbadger.redreader/.settings.SettingsActivity (has extras)} from uid 10689 on display 0
08-05 13:45:25.541   512  2967 D audio_hw_primary: out_set_parameters: enter: usecase(1: low-latency-playback) kvpairs: routing=2
08-05 13:45:25.555   512  2967 D audio_hw_primary: select_devices: out_snd_device(2: speaker) in_snd_device(0: none)
08-05 13:45:25.555   512  2967 D msm8974_platform: platform_send_audio_calibration: sending audio calibration for snd_device(2) acdb_id(15)
08-05 13:45:25.555   512  2967 I soundtrigger: audio_extn_sound_trigger_update_device_status: device 0x2 of type 0 for Event 1
08-05 13:45:25.566   512  2967 D audio_hw_primary: enable_snd_device: snd_device(2: speaker)
08-05 13:45:25.568   512  2967 D audio_hw_primary: enable_audio_route: apply and update mixer path: low-latency-playback speaker
08-05 13:45:25.613   512  2967 D AudioFlinger: mixer(0xf4740000) throttle end: throttle time(12)
08-05 13:45:25.623 11115 11126 I art     : Starting a blocking GC Explicit
08-05 13:45:25.638 11115 11126 I art     : Explicit concurrent mark sweep GC freed 2698(218KB) AllocSpace objects, 2(40KB) LOS objects, 40% free, 21MB/35MB, paused 124us total 14.441ms
08-05 13:45:25.646 11115 11126 I art     : Starting a blocking GC Explicit
08-05 13:45:25.660 11115 11126 I art     : Explicit concurrent mark sweep GC freed 1592(93KB) AllocSpace objects, 0(0B) LOS objects, 40% free, 21MB/36MB, paused 444us total 13.788ms
08-05 13:45:25.668 11115 11126 I art     : Starting a blocking GC Explicit
08-05 13:45:25.683 11115 11126 I art     : Explicit concurrent mark sweep GC freed 15440(635KB) AllocSpace objects, 0(0B) LOS objects, 40% free, 21MB/36MB, paused 411us total 14.692ms
08-05 13:45:25.692 11115 11126 I art     : Starting a blocking GC Explicit
08-05 13:45:25.707 11115 11126 I art     : Explicit concurrent mark sweep GC freed 13507(562KB) AllocSpace objects, 0(0B) LOS objects, 40% free, 21MB/36MB, paused 632us total 14.857ms
08-05 13:45:25.715 11115 11126 I art     : Starting a blocking GC Explicit
08-05 13:45:25.730 11115 11126 I art     : Explicit concurrent mark sweep GC freed 12886(543KB) AllocSpace objects, 0(0B) LOS objects, 40% free, 21MB/36MB, paused 339us total 14.761ms
08-05 13:45:25.851 13866 13866 I GoogleInputMethodServic: GoogleInputMethodService.onFinishInput():3138 
08-05 13:45:25.851   918   936 I ActivityManager: Displayed baseline.org.quantumbadger.redreader/.settings.SettingsActivity: +297ms
08-05 13:45:25.852 13866 13866 I GoogleInputMethodServic: GoogleInputMethodService.onStartInput():1808 
08-05 13:45:25.872 11115 11134 D OpenGLRenderer: endAllStagingAnimators on 0x7f806ad800 (ListView) with handle 0x7f8043e700
08-05 13:45:25.966 11115 11138 I art     : Starting a blocking GC Explicit
08-05 13:45:25.983 11115 11138 I art     : Explicit concurrent mark sweep GC freed 44925(1838KB) AllocSpace objects, 1(20KB) LOS objects, 40% free, 22MB/37MB, paused 128us total 16.875ms
08-05 13:45:25.994 11115 11138 I art     : Starting a blocking GC Explicit
08-05 13:45:26.004 11443 11443 D AndroidRuntime: >>>>>> START com.android.internal.os.RuntimeInit uid 2000 <<<<<<
08-05 13:45:26.008 11443 11443 D AndroidRuntime: CheckJNI is OFF
08-05 13:45:26.010 11115 11138 I art     : Explicit concurrent mark sweep GC freed 1902(153KB) AllocSpace objects, 0(0B) LOS objects, 40% free, 22MB/36MB, paused 130us total 15.313ms
08-05 13:45:26.018 11115 11138 I art     : Starting a blocking GC Explicit
08-05 13:45:26.031 11115 11138 I art     : Explicit concurrent mark sweep GC freed 231(12KB) AllocSpace objects, 0(0B) LOS objects, 40% free, 22MB/36MB, paused 127us total 13.505ms
08-05 13:45:26.034 11443 11443 D ICU     : No timezone override file found: /data/misc/zoneinfo/current/icu/icu_tzdata.dat
08-05 13:45:26.040 11115 11138 I art     : Starting a blocking GC Explicit
08-05 13:45:26.054 11115 11138 I art     : Explicit concurrent mark sweep GC freed 5(240B) AllocSpace objects, 0(0B) LOS objects, 40% free, 22MB/36MB, paused 153us total 14.065ms
08-05 13:45:26.060 11443 11443 I Radio-JNI: register_android_hardware_Radio DONE
08-05 13:45:26.063 11115 11138 I art     : Starting a blocking GC Explicit
08-05 13:45:26.076 11443 11443 D AndroidRuntime: Calling main entry com.android.commands.input.Input
08-05 13:45:26.077 11115 11138 I art     : Explicit concurrent mark sweep GC freed 3(96B) AllocSpace objects, 0(0B) LOS objects, 40% free, 22MB/36MB, paused 140us total 13.757ms
08-05 13:45:26.077 11443 11443 I Input   : injectMotionEvent: MotionEvent { action=ACTION_DOWN, actionButton=0, id[0]=0, x[0]=1318.0, y[0]=1194.0, toolType[0]=TOOL_TYPE_UNKNOWN, buttonState=0, metaState=0, flags=0x0, edgeFlags=0x0, pointerCount=1, historySize=0, eventTime=798342490, downTime=798342490, deviceId=0, source=0x1002 }
08-05 13:45:26.082 11443 11443 I Input   : injectMotionEvent: MotionEvent { action=ACTION_UP, actionButton=0, id[0]=0, x[0]=1318.0, y[0]=1194.0, toolType[0]=TOOL_TYPE_UNKNOWN, buttonState=0, metaState=0, flags=0x0, edgeFlags=0x0, pointerCount=1, historySize=0, eventTime=798342490, downTime=798342490, deviceId=0, source=0x1002 }
08-05 13:45:26.084 11443 11443 D AndroidRuntime: Shutting down VM
08-05 13:45:26.087   380   380 W SurfaceFlinger: couldn't log to binary event log: overflow.
08-05 13:45:26.100   512  2967 D audio_hw_primary: disable_audio_route: reset and update mixer path: low-latency-playback speaker
08-05 13:45:26.101   512  2967 D audio_hw_primary: disable_snd_device: snd_device(2: speaker)
08-05 13:45:26.109   512  2967 I soundtrigger: audio_extn_sound_trigger_update_device_status: device 0x2 of type 0 for Event 0
08-05 13:45:26.150   512  2967 D audio_hw_primary: out_set_parameters: enter: usecase(1: low-latency-playback) kvpairs: routing=2
08-05 13:45:26.163   512  2967 D audio_hw_primary: select_devices: out_snd_device(2: speaker) in_snd_device(0: none)
08-05 13:45:26.163   512  2967 D msm8974_platform: platform_send_audio_calibration: sending audio calibration for snd_device(2) acdb_id(15)
08-05 13:45:26.164   512  2967 I soundtrigger: audio_extn_sound_trigger_update_device_status: device 0x2 of type 0 for Event 1
08-05 13:45:26.173   512  2967 D audio_hw_primary: enable_snd_device: snd_device(2: speaker)
08-05 13:45:26.175   512  2967 D audio_hw_primary: enable_audio_route: apply and update mixer path: low-latency-playback speaker
08-05 13:45:26.219   512  2967 D AudioFlinger: mixer(0xf4740000) throttle end: throttle time(12)
08-05 13:45:26.326 11115 11127 I art     : Starting a blocking GC Explicit
08-05 13:45:26.333 16458 16488 I WorkerManager: dispose()
08-05 13:45:26.334 16458 16488 W ThreadPoolDumper: Queue length for executor EventBus is now 11. Perhaps some tasks are too long, or the pool is too small.
08-05 13:45:26.347 11115 11127 I art     : Explicit concurrent mark sweep GC freed 2102(127KB) AllocSpace objects, 2(40KB) LOS objects, 40% free, 22MB/36MB, paused 145us total 20.421ms
08-05 13:45:26.356 11115 11127 I art     : Starting a blocking GC Explicit
08-05 13:45:26.370 11115 11127 I art     : Explicit concurrent mark sweep GC freed 91(3KB) AllocSpace objects, 0(0B) LOS objects, 40% free, 22MB/36MB, paused 121us total 13.689ms
08-05 13:45:26.378 11115 11127 I art     : Starting a blocking GC Explicit
08-05 13:45:26.392 11115 11127 I art     : Explicit concurrent mark sweep GC freed 16(608B) AllocSpace objects, 0(0B) LOS objects, 40% free, 22MB/36MB, paused 135us total 13.231ms
08-05 13:45:26.400 11115 11127 I art     : Starting a blocking GC Explicit
08-05 13:45:26.413 11115 11127 I art     : Explicit concurrent mark sweep GC freed 14(496B) AllocSpace objects, 0(0B) LOS objects, 40% free, 22MB/36MB, paused 129us total 13.123ms
08-05 13:45:26.422 11115 11127 I art     : Starting a blocking GC Explicit
08-05 13:45:26.435 11115 11127 I art     : Explicit concurrent mark sweep GC freed 11(400B) AllocSpace objects, 0(0B) LOS objects, 40% free, 22MB/36MB, paused 125us total 13.222ms
08-05 13:45:26.616 11476 11476 D AndroidRuntime: >>>>>> START com.android.internal.os.RuntimeInit uid 2000 <<<<<<
08-05 13:45:26.620 11476 11476 D AndroidRuntime: CheckJNI is OFF
08-05 13:45:26.642 11476 11476 D ICU     : No timezone override file found: /data/misc/zoneinfo/current/icu/icu_tzdata.dat
08-05 13:45:26.665 11476 11476 I Radio-JNI: register_android_hardware_Radio DONE
08-05 13:45:26.680 11476 11476 D AndroidRuntime: Calling main entry com.android.commands.input.Input
08-05 13:45:26.682 11476 11476 I Input   : injectMotionEvent: MotionEvent { action=ACTION_DOWN, actionButton=0, id[0]=0, x[0]=1309.0, y[0]=1701.0, toolType[0]=TOOL_TYPE_UNKNOWN, buttonState=0, metaState=0, flags=0x0, edgeFlags=0x0, pointerCount=1, historySize=0, eventTime=798343095, downTime=798343095, deviceId=0, source=0x1002 }
08-05 13:45:26.685 11476 11476 I Input   : injectMotionEvent: MotionEvent { action=ACTION_UP, actionButton=0, id[0]=0, x[0]=1309.0, y[0]=1701.0, toolType[0]=TOOL_TYPE_UNKNOWN, buttonState=0, metaState=0, flags=0x0, edgeFlags=0x0, pointerCount=1, historySize=0, eventTime=798343095, downTime=798343095, deviceId=0, source=0x1002 }
08-05 13:45:26.687 11115 11127 I art     : Starting a blocking GC Explicit
08-05 13:45:26.688 11476 11476 D AndroidRuntime: Shutting down VM
08-05 13:45:26.702 11115 11127 I art     : Explicit concurrent mark sweep GC freed 1512(85KB) AllocSpace objects, 1(20KB) LOS objects, 40% free, 22MB/36MB, paused 143us total 15.570ms
08-05 13:45:26.709   512  2967 D audio_hw_primary: disable_audio_route: reset and update mixer path: low-latency-playback speaker
08-05 13:45:26.710   512  2967 D audio_hw_primary: disable_snd_device: snd_device(2: speaker)
08-05 13:45:26.711 11115 11127 I art     : Starting a blocking GC Explicit
08-05 13:45:26.717   512  2967 I soundtrigger: audio_extn_sound_trigger_update_device_status: device 0x2 of type 0 for Event 0
08-05 13:45:26.725 11115 11127 I art     : Explicit concurrent mark sweep GC freed 79(2736B) AllocSpace objects, 0(0B) LOS objects, 40% free, 22MB/36MB, paused 119us total 13.581ms
08-05 13:45:26.733 11115 11127 I art     : Starting a blocking GC Explicit
08-05 13:45:26.747 11115 11127 I art     : Explicit concurrent mark sweep GC freed 9(288B) AllocSpace objects, 0(0B) LOS objects, 40% free, 22MB/36MB, paused 168us total 13.237ms
08-05 13:45:26.754   512  2967 D audio_hw_primary: out_set_parameters: enter: usecase(1: low-latency-playback) kvpairs: routing=2
08-05 13:45:26.755 11115 11127 I art     : Starting a blocking GC Explicit
08-05 13:45:26.766   512  2967 D audio_hw_primary: select_devices: out_snd_device(2: speaker) in_snd_device(0: none)
08-05 13:45:26.767   512  2967 D msm8974_platform: platform_send_audio_calibration: sending audio calibration for snd_device(2) acdb_id(15)
08-05 13:45:26.767   512  2967 I soundtrigger: audio_extn_sound_trigger_update_device_status: device 0x2 of type 0 for Event 1
08-05 13:45:26.771 11115 11127 I art     : Explicit concurrent mark sweep GC freed 591(42KB) AllocSpace objects, 1(20KB) LOS objects, 40% free, 22MB/37MB, paused 195us total 14.988ms
08-05 13:45:26.777   512  2967 D audio_hw_primary: enable_snd_device: snd_device(2: speaker)
08-05 13:45:26.779   512  2967 D audio_hw_primary: enable_audio_route: apply and update mixer path: low-latency-playback speaker
08-05 13:45:26.779 11115 11127 I art     : Starting a blocking GC Explicit
08-05 13:45:26.793 11115 11127 I art     : Explicit concurrent mark sweep GC freed 50(2016B) AllocSpace objects, 0(0B) LOS objects, 40% free, 22MB/37MB, paused 119us total 13.379ms
08-05 13:45:26.821   512  2967 D AudioFlinger: mixer(0xf4740000) throttle end: throttle time(12)
08-05 13:45:26.976   918  3261 D WifiStateMachine: starting scan for "H369AA63323"WPA_PSK with 2412,5180
08-05 13:45:27.030 11115 11126 I art     : Starting a blocking GC Explicit
08-05 13:45:27.045 11115 11126 I art     : Explicit concurrent mark sweep GC freed 1497(84KB) AllocSpace objects, 1(20KB) LOS objects, 40% free, 22MB/37MB, paused 120us total 14.426ms
08-05 13:45:27.053 11115 11126 I art     : Starting a blocking GC Explicit
08-05 13:45:27.067 11115 11126 I art     : Explicit concurrent mark sweep GC freed 59(2000B) AllocSpace objects, 0(0B) LOS objects, 40% free, 22MB/37MB, paused 132us total 14.030ms
08-05 13:45:27.076 11115 11126 I art     : Starting a blocking GC Explicit
08-05 13:45:27.090 11115 11126 I art     : Explicit concurrent mark sweep GC freed 20(736B) AllocSpace objects, 0(0B) LOS objects, 40% free, 22MB/37MB, paused 129us total 13.695ms
08-05 13:45:27.098 11115 11126 I art     : Starting a blocking GC Explicit
08-05 13:45:27.112 11115 11126 I art     : Explicit concurrent mark sweep GC freed 13(464B) AllocSpace objects, 0(0B) LOS objects, 40% free, 22MB/37MB, paused 114us total 13.284ms
08-05 13:45:27.121 11115 11126 I art     : Starting a blocking GC Explicit
08-05 13:45:27.135 11115 11126 I art     : Explicit concurrent mark sweep GC freed 12(432B) AllocSpace objects, 0(0B) LOS objects, 40% free, 22MB/37MB, paused 120us total 14.216ms
08-05 13:45:27.238 11499 11499 D AndroidRuntime: >>>>>> START com.android.internal.os.RuntimeInit uid 2000 <<<<<<
08-05 13:45:27.243 11499 11499 D AndroidRuntime: CheckJNI is OFF
08-05 13:45:27.270 11499 11499 D ICU     : No timezone override file found: /data/misc/zoneinfo/current/icu/icu_tzdata.dat
08-05 13:45:27.295 11499 11499 I Radio-JNI: register_android_hardware_Radio DONE
08-05 13:45:27.310   512  2967 D audio_hw_primary: disable_audio_route: reset and update mixer path: low-latency-playback speaker
08-05 13:45:27.311   512  2967 D audio_hw_primary: disable_snd_device: snd_device(2: speaker)
08-05 13:45:27.311 11499 11499 D AndroidRuntime: Calling main entry com.android.commands.input.Input
08-05 13:45:27.313 11499 11499 I Input   : injectMotionEvent: MotionEvent { action=ACTION_DOWN, actionButton=0, id[0]=0, x[0]=477.0, y[0]=805.0, toolType[0]=TOOL_TYPE_UNKNOWN, buttonState=0, metaState=0, flags=0x0, edgeFlags=0x0, pointerCount=1, historySize=0, eventTime=798343726, downTime=798343726, deviceId=0, source=0x1002 }
08-05 13:45:27.317 11499 11499 I Input   : injectMotionEvent: MotionEvent { action=ACTION_UP, actionButton=0, id[0]=0, x[0]=477.0, y[0]=805.0, toolType[0]=TOOL_TYPE_UNKNOWN, buttonState=0, metaState=0, flags=0x0, edgeFlags=0x0, pointerCount=1, historySize=0, eventTime=798343726, downTime=798343726, deviceId=0, source=0x1002 }
08-05 13:45:27.318   512  2967 I soundtrigger: audio_extn_sound_trigger_update_device_status: device 0x2 of type 0 for Event 0
08-05 13:45:27.319 11499 11499 D AndroidRuntime: Shutting down VM
08-05 13:45:27.376 11115 11138 I art     : Starting a blocking GC Explicit
08-05 13:45:27.397 11115 11138 I art     : Explicit concurrent mark sweep GC freed 1503(84KB) AllocSpace objects, 1(20KB) LOS objects, 40% free, 22MB/37MB, paused 279us total 20.741ms
08-05 13:45:27.397   512  2967 D audio_hw_primary: out_set_parameters: enter: usecase(1: low-latency-playback) kvpairs: routing=2
08-05 13:45:27.408 11115 11138 I art     : Starting a blocking GC Explicit
08-05 13:45:27.410   512  2967 D audio_hw_primary: select_devices: out_snd_device(2: speaker) in_snd_device(0: none)
08-05 13:45:27.410   512  2967 D msm8974_platform: platform_send_audio_calibration: sending audio calibration for snd_device(2) acdb_id(15)
08-05 13:45:27.410   512  2967 I soundtrigger: audio_extn_sound_trigger_update_device_status: device 0x2 of type 0 for Event 1
08-05 13:45:27.420   512  2967 D audio_hw_primary: enable_snd_device: snd_device(2: speaker)
08-05 13:45:27.423   512  2967 D audio_hw_primary: enable_audio_route: apply and update mixer path: low-latency-playback speaker
08-05 13:45:27.425 11115 11138 I art     : Explicit concurrent mark sweep GC freed 566(74KB) AllocSpace objects, 0(0B) LOS objects, 40% free, 22MB/37MB, paused 416us total 16.963ms
08-05 13:45:27.434 11115 11138 I art     : Starting a blocking GC Explicit
08-05 13:45:27.447 11115 11138 I art     : Explicit concurrent mark sweep GC freed 351(39KB) AllocSpace objects, 0(0B) LOS objects, 40% free, 22MB/37MB, paused 131us total 13.343ms
08-05 13:45:27.456 11115 11138 I art     : Starting a blocking GC Explicit
08-05 13:45:27.464   512  2967 D AudioFlinger: mixer(0xf4740000) throttle end: throttle time(12)
08-05 13:45:27.470 11115 11138 I art     : Explicit concurrent mark sweep GC freed 61(2880B) AllocSpace objects, 0(0B) LOS objects, 40% free, 22MB/37MB, paused 262us total 13.858ms
08-05 13:45:27.479 11115 11138 I art     : Starting a blocking GC Explicit
08-05 13:45:27.494 11115 11138 I art     : Explicit concurrent mark sweep GC freed 299(12KB) AllocSpace objects, 0(0B) LOS objects, 40% free, 22MB/37MB, paused 131us total 14.803ms
08-05 13:45:27.732 11115 11412 I art     : Starting a blocking GC Explicit
08-05 13:45:27.749 11115 11412 I art     : Explicit concurrent mark sweep GC freed 1652(90KB) AllocSpace objects, 1(20KB) LOS objects, 40% free, 22MB/37MB, paused 122us total 16.760ms
08-05 13:45:27.759 11115 11412 I art     : Starting a blocking GC Explicit
08-05 13:45:27.776 11115 11412 I art     : Explicit concurrent mark sweep GC freed 40(1424B) AllocSpace objects, 0(0B) LOS objects, 40% free, 22MB/37MB, paused 120us total 16.574ms
08-05 13:45:27.785 11115 11412 I art     : Starting a blocking GC Explicit
08-05 13:45:27.801 11115 11412 I art     : Explicit concurrent mark sweep GC freed 3(96B) AllocSpace objects, 0(0B) LOS objects, 40% free, 22MB/37MB, paused 144us total 15.650ms
08-05 13:45:27.811 11115 11412 I art     : Starting a blocking GC Explicit
08-05 13:45:27.827 11115 11412 I art     : Explicit concurrent mark sweep GC freed 5(192B) AllocSpace objects, 0(0B) LOS objects, 40% free, 22MB/37MB, paused 124us total 16.432ms
08-05 13:45:27.837 11115 11412 I art     : Starting a blocking GC Explicit
08-05 13:45:27.853 11115 11412 I art     : Explicit concurrent mark sweep GC freed 5(160B) AllocSpace objects, 0(0B) LOS objects, 40% free, 22MB/37MB, paused 145us total 15.914ms
08-05 13:45:27.864 11532 11532 D AndroidRuntime: >>>>>> START com.android.internal.os.RuntimeInit uid 2000 <<<<<<
08-05 13:45:27.868 11532 11532 D AndroidRuntime: CheckJNI is OFF
08-05 13:45:27.893 11532 11532 D ICU     : No timezone override file found: /data/misc/zoneinfo/current/icu/icu_tzdata.dat
08-05 13:45:27.919 11532 11532 I Radio-JNI: register_android_hardware_Radio DONE
08-05 13:45:27.939 11532 11532 D AndroidRuntime: Calling main entry com.android.commands.input.Input
08-05 13:45:27.942 11532 11532 I Input   : injectMotionEvent: MotionEvent { action=ACTION_DOWN, actionButton=0, id[0]=0, x[0]=463.0, y[0]=464.0, toolType[0]=TOOL_TYPE_UNKNOWN, buttonState=0, metaState=0, flags=0x0, edgeFlags=0x0, pointerCount=1, historySize=0, eventTime=798344354, downTime=798344354, deviceId=0, source=0x1002 }
08-05 13:45:27.949 11532 11532 I Input   : injectMotionEvent: MotionEvent { action=ACTION_UP, actionButton=0, id[0]=0, x[0]=463.0, y[0]=464.0, toolType[0]=TOOL_TYPE_UNKNOWN, buttonState=0, metaState=0, flags=0x0, edgeFlags=0x0, pointerCount=1, historySize=0, eventTime=798344354, downTime=798344354, deviceId=0, source=0x1002 }
08-05 13:45:27.950   512  2967 D audio_hw_primary: disable_audio_route: reset and update mixer path: low-latency-playback speaker
08-05 13:45:27.952   512  2967 D audio_hw_primary: disable_snd_device: snd_device(2: speaker)
08-05 13:45:27.953 11532 11532 D AndroidRuntime: Shutting down VM
08-05 13:45:27.966   512  2967 I soundtrigger: audio_extn_sound_trigger_update_device_status: device 0x2 of type 0 for Event 0
08-05 13:45:28.019   512  2967 D audio_hw_primary: out_set_parameters: enter: usecase(1: low-latency-playback) kvpairs: routing=2
08-05 13:45:28.032   512  2967 D audio_hw_primary: select_devices: out_snd_device(2: speaker) in_snd_device(0: none)
08-05 13:45:28.032   512  2967 D msm8974_platform: platform_send_audio_calibration: sending audio calibration for snd_device(2) acdb_id(15)
08-05 13:45:28.032   512  2967 I soundtrigger: audio_extn_sound_trigger_update_device_status: device 0x2 of type 0 for Event 1
08-05 13:45:28.045   918  3696 W InputMethodManagerService: Window already focused, ignoring focus gain of: com.android.internal.view.IInputMethodClient$Stub$Proxy@a493aaf attribute=null, token = android.os.BinderProxy@902fcdb
08-05 13:45:28.046   512  2967 D audio_hw_primary: enable_snd_device: snd_device(2: speaker)
08-05 13:45:28.049   512  2967 D audio_hw_primary: enable_audio_route: apply and update mixer path: low-latency-playback speaker
08-05 13:45:28.092   512  2967 D AudioFlinger: mixer(0xf4740000) throttle end: throttle time(12)
08-05 13:45:28.109 11115 11127 I art     : Starting a blocking GC Explicit
08-05 13:45:28.127 11115 11127 I art     : Explicit concurrent mark sweep GC freed 1673(105KB) AllocSpace objects, 2(40KB) LOS objects, 40% free, 22MB/37MB, paused 192us total 18.048ms
08-05 13:45:28.137 11115 11127 I art     : Starting a blocking GC Explicit
08-05 13:45:28.153 11115 11127 I art     : Explicit concurrent mark sweep GC freed 117(6KB) AllocSpace objects, 0(0B) LOS objects, 40% free, 22MB/37MB, paused 144us total 16.101ms
08-05 13:45:28.162 11115 11127 I art     : Starting a blocking GC Explicit
08-05 13:45:28.179 11115 11127 I art     : Explicit concurrent mark sweep GC freed 3(96B) AllocSpace objects, 0(0B) LOS objects, 40% free, 22MB/37MB, paused 137us total 17.241ms
08-05 13:45:28.190 11115 11127 I art     : Starting a blocking GC Explicit
08-05 13:45:28.206 11115 11127 I art     : Explicit concurrent mark sweep GC freed 3(96B) AllocSpace objects, 0(0B) LOS objects, 40% free, 22MB/37MB, paused 126us total 15.979ms
08-05 13:45:28.216 11115 11127 I art     : Starting a blocking GC Explicit
08-05 13:45:28.232 11115 11127 I art     : Explicit concurrent mark sweep GC freed 4(192B) AllocSpace objects, 0(0B) LOS objects, 40% free, 22MB/37MB, paused 194us total 16.407ms
08-05 13:45:28.239   380   380 W SurfaceFlinger: couldn't log to binary event log: overflow.
08-05 13:45:28.477 11115 11126 I art     : Starting a blocking GC Explicit
08-05 13:45:28.494 11115 11126 I art     : Explicit concurrent mark sweep GC freed 1339(78KB) AllocSpace objects, 1(20KB) LOS objects, 40% free, 22MB/37MB, paused 137us total 16.689ms
08-05 13:45:28.496 11563 11563 D AndroidRuntime: >>>>>> START com.android.internal.os.RuntimeInit uid 2000 <<<<<<
08-05 13:45:28.500 11563 11563 D AndroidRuntime: CheckJNI is OFF
08-05 13:45:28.503 11115 11126 I art     : Starting a blocking GC Explicit
08-05 13:45:28.519 11115 11126 I art     : Explicit concurrent mark sweep GC freed 20(704B) AllocSpace objects, 0(0B) LOS objects, 40% free, 22MB/37MB, paused 133us total 15.714ms
08-05 13:45:28.527 11115 11126 I art     : Starting a blocking GC Explicit
08-05 13:45:28.530 11563 11563 D ICU     : No timezone override file found: /data/misc/zoneinfo/current/icu/icu_tzdata.dat
08-05 13:45:28.543 11115 11126 I art     : Explicit concurrent mark sweep GC freed 3(96B) AllocSpace objects, 0(0B) LOS objects, 40% free, 22MB/37MB, paused 166us total 15.173ms
08-05 13:45:28.551 11115 11126 I art     : Starting a blocking GC Explicit
08-05 13:45:28.555 11563 11563 I Radio-JNI: register_android_hardware_Radio DONE
08-05 13:45:28.567 11115 11126 I art     : Explicit concurrent mark sweep GC freed 3(96B) AllocSpace objects, 0(0B) LOS objects, 40% free, 22MB/37MB, paused 124us total 15.403ms
08-05 13:45:28.572 11563 11563 D AndroidRuntime: Calling main entry com.android.commands.input.Input
08-05 13:45:28.573 11563 11563 I Input   : injectKeyEvent: KeyEvent { action=ACTION_DOWN, keyCode=KEYCODE_BACK, scanCode=0, metaState=0, flags=0x0, repeatCount=0, eventTime=798344987, downTime=798344987, deviceId=-1, source=0x101 }
08-05 13:45:28.575 11115 11126 I art     : Starting a blocking GC Explicit
08-05 13:45:28.577 11563 11563 I Input   : injectKeyEvent: KeyEvent { action=ACTION_UP, keyCode=KEYCODE_BACK, scanCode=0, metaState=0, flags=0x0, repeatCount=0, eventTime=798344987, downTime=798344987, deviceId=-1, source=0x101 }
08-05 13:45:28.582 11563 11563 D AndroidRuntime: Shutting down VM
08-05 13:45:28.589   512  2967 D audio_hw_primary: disable_audio_route: reset and update mixer path: low-latency-playback speaker
08-05 13:45:28.590 11115 11126 I art     : Explicit concurrent mark sweep GC freed 43(3KB) AllocSpace objects, 0(0B) LOS objects, 40% free, 22MB/37MB, paused 216us total 14.600ms
08-05 13:45:28.591   512  2967 D audio_hw_primary: disable_snd_device: snd_device(2: speaker)
08-05 13:45:28.604   512  2967 I soundtrigger: audio_extn_sound_trigger_update_device_status: device 0x2 of type 0 for Event 0
08-05 13:45:28.618 13866 13866 I GoogleInputMethodServic: GoogleInputMethodService.onFinishInput():3138 
08-05 13:45:28.618 13866 13866 I GoogleInputMethodServic: GoogleInputMethodService.onStartInput():1808 
08-05 13:45:28.847 11115 11138 I art     : Starting a blocking GC Explicit
08-05 13:45:28.865 11115 11138 I art     : Explicit concurrent mark sweep GC freed 1402(80KB) AllocSpace objects, 1(20KB) LOS objects, 40% free, 22MB/37MB, paused 151us total 17.570ms
08-05 13:45:28.874 11115 11138 I art     : Starting a blocking GC Explicit
08-05 13:45:28.889 11115 11138 I art     : Explicit concurrent mark sweep GC freed 34(1200B) AllocSpace objects, 0(0B) LOS objects, 40% free, 22MB/37MB, paused 123us total 15.620ms
08-05 13:45:28.898 11115 11138 I art     : Starting a blocking GC Explicit
08-05 13:45:28.907   380   380 W SurfaceFlinger: couldn't log to binary event log: overflow.
08-05 13:45:28.915 11115 11138 I art     : Explicit concurrent mark sweep GC freed 29(1072B) AllocSpace objects, 0(0B) LOS objects, 40% free, 22MB/37MB, paused 132us total 16.027ms
08-05 13:45:28.925 11115 11138 I art     : Starting a blocking GC Explicit
08-05 13:45:28.940 11115 11138 I art     : Explicit concurrent mark sweep GC freed 25(976B) AllocSpace objects, 0(0B) LOS objects, 40% free, 22MB/37MB, paused 139us total 14.815ms
08-05 13:45:28.949 11115 11138 I art     : Starting a blocking GC Explicit
08-05 13:45:28.962 11115 11138 I art     : Explicit concurrent mark sweep GC freed 10287(464KB) AllocSpace objects, 6(312KB) LOS objects, 40% free, 21MB/36MB, paused 123us total 13.228ms
08-05 13:45:29.144 11595 11595 D AndroidRuntime: >>>>>> START com.android.internal.os.RuntimeInit uid 2000 <<<<<<
08-05 13:45:29.149 11595 11595 D AndroidRuntime: CheckJNI is OFF
08-05 13:45:29.175 11595 11595 D ICU     : No timezone override file found: /data/misc/zoneinfo/current/icu/icu_tzdata.dat
08-05 13:45:29.200 11595 11595 I Radio-JNI: register_android_hardware_Radio DONE
08-05 13:45:29.216 11595 11595 D AndroidRuntime: Calling main entry com.android.commands.input.Input
08-05 13:45:29.217 11595 11595 I Input   : injectKeyEvent: KeyEvent { action=ACTION_DOWN, keyCode=KEYCODE_BACK, scanCode=0, metaState=0, flags=0x0, repeatCount=0, eventTime=798345630, downTime=798345630, deviceId=-1, source=0x101 }
08-05 13:45:29.218 11115 11127 I art     : Starting a blocking GC Explicit
08-05 13:45:29.221 11595 11595 I Input   : injectKeyEvent: KeyEvent { action=ACTION_UP, keyCode=KEYCODE_BACK, scanCode=0, metaState=0, flags=0x0, repeatCount=0, eventTime=798345630, downTime=798345630, deviceId=-1, source=0x101 }
08-05 13:45:29.226 11595 11595 D AndroidRuntime: Shutting down VM
08-05 13:45:29.232 11115 11127 I art     : Explicit concurrent mark sweep GC freed 1442(83KB) AllocSpace objects, 1(20KB) LOS objects, 40% free, 21MB/36MB, paused 223us total 13.967ms
08-05 13:45:29.241 11115 11127 I art     : Starting a blocking GC Explicit
08-05 13:45:29.254 11115 11127 I art     : Explicit concurrent mark sweep GC freed 3614(236KB) AllocSpace objects, 1(28KB) LOS objects, 40% free, 21MB/35MB, paused 180us total 12.537ms
08-05 13:45:29.262 11115 11127 I art     : Starting a blocking GC Explicit
08-05 13:45:29.265 13866 13866 I GoogleInputMethodServic: GoogleInputMethodService.onFinishInput():3138 
08-05 13:45:29.265 13866 13866 I GoogleInputMethodServic: GoogleInputMethodService.onStartInput():1808 
08-05 13:45:29.273 11115 11127 I art     : Explicit concurrent mark sweep GC freed 36(1344B) AllocSpace objects, 0(0B) LOS objects, 40% free, 21MB/35MB, paused 126us total 11.010ms
08-05 13:45:29.282 11115 11127 I art     : Starting a blocking GC Explicit
08-05 13:45:29.293 11115 11127 I art     : Explicit concurrent mark sweep GC freed 24(784B) AllocSpace objects, 0(0B) LOS objects, 40% free, 21MB/35MB, paused 120us total 10.623ms
08-05 13:45:29.301 11115 11127 I art     : Starting a blocking GC Explicit
08-05 13:45:29.312 11115 11127 I art     : Explicit concurrent mark sweep GC freed 4(128B) AllocSpace objects, 0(0B) LOS objects, 40% free, 21MB/35MB, paused 243us total 11.213ms
08-05 13:45:29.562 11115 11127 I art     : Starting a blocking GC Explicit
08-05 13:45:29.576 11115 11127 I art     : Explicit concurrent mark sweep GC freed 1373(79KB) AllocSpace objects, 1(20KB) LOS objects, 40% free, 21MB/35MB, paused 159us total 13.541ms
08-05 13:45:29.585 11115 11127 I art     : Starting a blocking GC Explicit
08-05 13:45:29.597 11115 11127 I art     : Explicit concurrent mark sweep GC freed 143(10KB) AllocSpace objects, 0(0B) LOS objects, 40% free, 21MB/35MB, paused 624us total 12.650ms
08-05 13:45:29.605 11115 11127 I art     : Starting a blocking GC Explicit
08-05 13:45:29.616 11115 11127 I art     : Explicit concurrent mark sweep GC freed 3(96B) AllocSpace objects, 0(0B) LOS objects, 40% free, 21MB/35MB, paused 131us total 10.992ms
08-05 13:45:29.624 11115 11127 I art     : Starting a blocking GC Explicit
08-05 13:45:29.635 11115 11127 I art     : Explicit concurrent mark sweep GC freed 3(96B) AllocSpace objects, 0(0B) LOS objects, 40% free, 21MB/35MB, paused 130us total 11.010ms
08-05 13:45:29.643 11115 11127 I art     : Starting a blocking GC Explicit
08-05 13:45:29.654 11115 11127 I art     : Explicit concurrent mark sweep GC freed 3(96B) AllocSpace objects, 0(0B) LOS objects, 40% free, 21MB/35MB, paused 147us total 11.458ms
08-05 13:45:29.790 11620 11620 D AndroidRuntime: >>>>>> START com.android.internal.os.RuntimeInit uid 2000 <<<<<<
08-05 13:45:29.796 11620 11620 D AndroidRuntime: CheckJNI is OFF
08-05 13:45:29.824 11620 11620 D ICU     : No timezone override file found: /data/misc/zoneinfo/current/icu/icu_tzdata.dat
08-05 13:45:29.849 11620 11620 I Radio-JNI: register_android_hardware_Radio DONE
08-05 13:45:29.865 11620 11620 D AndroidRuntime: Calling main entry com.android.commands.input.Input
08-05 13:45:29.866 11620 11620 I Input   : injectMotionEvent: MotionEvent { action=ACTION_DOWN, actionButton=0, id[0]=0, x[0]=600.0, y[0]=1536.0, toolType[0]=TOOL_TYPE_UNKNOWN, buttonState=0, metaState=0, flags=0x0, edgeFlags=0x0, pointerCount=1, historySize=0, eventTime=798346279, downTime=798346279, deviceId=0, source=0x1002 }
08-05 13:45:29.870 11620 11620 I Input   : injectMotionEvent: MotionEvent { action=ACTION_UP, actionButton=0, id[0]=0, x[0]=600.0, y[0]=1536.0, toolType[0]=TOOL_TYPE_UNKNOWN, buttonState=0, metaState=0, flags=0x0, edgeFlags=0x0, pointerCount=1, historySize=0, eventTime=798346279, downTime=798346279, deviceId=0, source=0x1002 }
08-05 13:45:29.872 11620 11620 D AndroidRuntime: Shutting down VM
08-05 13:45:29.877   512  2967 D audio_hw_primary: out_set_parameters: enter: usecase(1: low-latency-playback) kvpairs: routing=2
08-05 13:45:29.883   918   928 I ActivityManager: START u0 {dat=https://oauth.reddit.com/... cmp=baseline.org.quantumbadger.redreader/.activities.PostListingActivity} from uid 10689 on display 0
08-05 13:45:29.889   512  2967 D audio_hw_primary: select_devices: out_snd_device(2: speaker) in_snd_device(0: none)
08-05 13:45:29.890   512  2967 D msm8974_platform: platform_send_audio_calibration: sending audio calibration for snd_device(2) acdb_id(15)
08-05 13:45:29.890   512  2967 I soundtrigger: audio_extn_sound_trigger_update_device_status: device 0x2 of type 0 for Event 1
08-05 13:45:29.900 11115 11127 I art     : Starting a blocking GC Explicit
08-05 13:45:29.900   512  2967 D audio_hw_primary: enable_snd_device: snd_device(2: speaker)
08-05 13:45:29.902   512  2967 D audio_hw_primary: enable_audio_route: apply and update mixer path: low-latency-playback speaker
08-05 13:45:29.907 11115 11115 I AppCompatViewInflater: app:theme is now deprecated. Please move to using android:theme instead.
08-05 13:45:29.913 11115 11127 I art     : Explicit concurrent mark sweep GC freed 1840(129KB) AllocSpace objects, 1(20KB) LOS objects, 40% free, 21MB/35MB, paused 236us total 13.213ms
08-05 13:45:29.921 11115 11127 I art     : Starting a blocking GC Explicit
08-05 13:45:29.936 11115 11127 I art     : Explicit concurrent mark sweep GC freed 3707(237KB) AllocSpace objects, 0(0B) LOS objects, 40% free, 21MB/35MB, paused 278us total 14.640ms
08-05 13:45:29.945 11115 11127 I art     : Starting a blocking GC Explicit
08-05 13:45:29.948 11115 11650 I RawObjectDB query string: CREATE TABLE objects(RawObjectDB_id TEXT PRIMARY KEY ON CONFLICT REPLACE,RawObjectDB_timestamp INTEGER,accounts_active INTEGER,created INTEGER,created_utc INTEGER,description TEXT,description_html TEXT,display_name TEXT,header_img TEXT,header_title TEXT,id TEXT,name TEXT,over18 INTEGER,public_description TEXT,subscribers INTEGER,title TEXT,url TEXT)
08-05 13:45:29.955   918  3188 I hubconnection: sensorhub said: 'set_bias 3: -6.2400, 0.0000, 0.0000'
08-05 13:45:29.957 11115 11127 I art     : Explicit concurrent mark sweep GC freed 222(15KB) AllocSpace objects, 0(0B) LOS objects, 40% free, 21MB/35MB, paused 179us total 11.872ms
08-05 13:45:29.966 11115 11127 I art     : Starting a blocking GC Explicit
08-05 13:45:29.979 11115 11127 I art     : Explicit concurrent mark sweep GC freed 569(60KB) AllocSpace objects, 0(0B) LOS objects, 40% free, 21MB/36MB, paused 583us total 13.032ms
08-05 13:45:29.987 11115 11651 D OK      : calling: https://www.reddit.com/api/v1/access_token
08-05 13:45:29.988 11115 11127 I art     : Starting a blocking GC Explicit
08-05 13:45:30.002 11115 11127 I art     : Explicit concurrent mark sweep GC freed 1228(68KB) AllocSpace objects, 0(0B) LOS objects, 40% free, 21MB/36MB, paused 195us total 13.697ms
08-05 13:45:30.007   918   936 I ActivityManager: Displayed baseline.org.quantumbadger.redreader/.activities.PostListingActivity: +117ms
08-05 13:45:30.008 13866 13866 I GoogleInputMethodServic: GoogleInputMethodService.onFinishInput():3138 
08-05 13:45:30.009 13866 13866 I GoogleInputMethodServic: GoogleInputMethodService.onStartInput():1808 
08-05 13:45:30.259   380   380 W SurfaceFlinger: couldn't log to binary event log: overflow.
08-05 13:45:30.267 11115 11412 I art     : Starting a blocking GC Explicit
08-05 13:45:30.284 11115 11412 I art     : Explicit concurrent mark sweep GC freed 7369(403KB) AllocSpace objects, 4(220KB) LOS objects, 40% free, 22MB/36MB, paused 196us total 15.927ms
08-05 13:45:30.292 11115 11412 I art     : Starting a blocking GC Explicit
08-05 13:45:30.305 11115 11412 I art     : Explicit concurrent mark sweep GC freed 4626(361KB) AllocSpace objects, 1(28KB) LOS objects, 40% free, 21MB/36MB, paused 341us total 12.580ms
08-05 13:45:30.313 11115 11412 I art     : Starting a blocking GC Explicit
08-05 13:45:30.328 11115 11412 I art     : Explicit concurrent mark sweep GC freed 9236(683KB) AllocSpace objects, 0(0B) LOS objects, 40% free, 22MB/37MB, paused 383us total 15.307ms
08-05 13:45:30.338 11115 11412 I art     : Starting a blocking GC Explicit
08-05 13:45:30.353 11115 11412 I art     : Explicit concurrent mark sweep GC freed 2878(215KB) AllocSpace objects, 10(992KB) LOS objects, 40% free, 22MB/38MB, paused 400us total 15.104ms
08-05 13:45:30.361 11115 11412 I art     : Starting a blocking GC Explicit
08-05 13:45:30.378 11115 11412 I art     : Explicit concurrent mark sweep GC freed 5200(338KB) AllocSpace objects, 0(0B) LOS objects, 40% free, 23MB/38MB, paused 1.175ms total 16.973ms
08-05 13:45:30.438   512  2967 D audio_hw_primary: disable_audio_route: reset and update mixer path: low-latency-playback speaker
08-05 13:45:30.439   512  2967 D audio_hw_primary: disable_snd_device: snd_device(2: speaker)
08-05 13:45:30.446   512  2967 I soundtrigger: audio_extn_sound_trigger_update_device_status: device 0x2 of type 0 for Event 0
08-05 13:45:30.450 11115 11651 D OK      : request got status: 200
08-05 13:45:30.457 11115 11651 D OK      : calling: https://oauth.reddit.com/r/askscience/about.json
08-05 13:45:30.636 11115 11127 I art     : Starting a blocking GC Explicit
08-05 13:45:30.648   518   646 I ThermalEngine: ACTION: GPU - Setting GPU[0] to 510000000
08-05 13:45:30.663 11115 11127 I art     : Explicit concurrent mark sweep GC freed 20070(1206KB) AllocSpace objects, 5(520KB) LOS objects, 40% free, 23MB/39MB, paused 276us total 26.929ms
08-05 13:45:30.675 11115 11127 I art     : Starting a blocking GC Explicit
08-05 13:45:30.693 11115 11115 I RegularCachePruner: Pruning cache...
08-05 13:45:30.694 11115 11679 I RedditChangeDataManager: Pruning for all users...
08-05 13:45:30.694 11115 11679 I RedditChangeDataManager: Pruning complete.
08-05 13:45:30.697 11115 11679 I CacheManager: Pruning 0 files
08-05 13:45:30.699 11115 11127 I art     : Explicit concurrent mark sweep GC freed 219(10KB) AllocSpace objects, 0(0B) LOS objects, 40% free, 23MB/39MB, paused 311us total 23.608ms
08-05 13:45:30.709 11115 11115 I RedReader: Checking for new messages.
08-05 13:45:30.711 11115 11127 I art     : Starting a blocking GC Explicit
08-05 13:45:30.726 11680 11680 I art     : Late-enabling -Xcheck:jni
08-05 13:45:30.727   918   918 I ActivityManager: Start proc 11680:baseline.com.newsblur/u0a676 for service baseline.com.newsblur/.service.NBSyncService
08-05 13:45:30.733 11115 11127 I art     : Explicit concurrent mark sweep GC freed 52(4KB) AllocSpace objects, 0(0B) LOS objects, 40% free, 23MB/39MB, paused 269us total 22.262ms
08-05 13:45:30.735 21092 21092 I Finsky  : [1] xow.onStartJob(3): SCH: onJobSchedulerWakeup with jobId 9006
08-05 13:45:30.745 21092 21092 I Finsky  : [1] xjw.a(9): Scheduling fallback in 43199991 (absolute: 1824934610)
08-05 13:45:30.745 11115 11127 I art     : Starting a blocking GC Explicit
08-05 13:45:30.748 11115 11651 I NAPPA_EXPERIMENTATION: MetricNetworkRequestExecutionTime: REQUEST_DURATION_SYSTEM='290',REQUEST_DURATION_OKHTTP='154',REQUEST_SYNCHRONOUS='TRUE',RESPONSE_CODE='200',RESPONSE_METHOD='GET',RESPONSE_LENGTH_OKHTTP='-1',RESPONSE_LENGTH_HEADER='4700',REQUEST_PROTOCOL='h2',REQUEST_URL='https://oauth.reddit.com/r/askscience/about.json',
08-05 13:45:30.748 11115 11651 D OK      : request got status: 200
08-05 13:45:30.749 21092 21092 I Finsky  : [1] xjw.a(9): Scheduling fallback in 64799997 (absolute: 1846534620)
08-05 13:45:30.752 21092 21092 I Finsky  : [1] xow.onStartJob(3): SCH: onJobSchedulerWakeup with jobId 9016
08-05 13:45:30.767 21092 21092 I Finsky  : [1] xjw.a(9): Scheduling fallback in 43199986 (absolute: 1824934628)
08-05 13:45:30.769 11115 11127 I art     : Explicit concurrent mark sweep GC freed 699(130KB) AllocSpace objects, 2(88KB) LOS objects, 39% free, 24MB/40MB, paused 377us total 24.273ms
08-05 13:45:30.770 21092 21092 I Finsky  : [1] xjw.a(9): Scheduling fallback in 64799998 (absolute: 1846534643)
08-05 13:45:30.773 21092 21092 W Finsky  : [1] xow.onStartJob(9): SCH: onJobSchedulerWakeup while already running
08-05 13:45:30.781 11115 11127 I art     : Starting a blocking GC Explicit
08-05 13:45:30.786 11680 11680 W System  : ClassLoader referenced unknown path: /data/app/baseline.com.newsblur-1/lib/arm64
08-05 13:45:30.807 11115 11127 I art     : Explicit concurrent mark sweep GC freed 757(72KB) AllocSpace objects, 0(0B) LOS objects, 39% free, 24MB/40MB, paused 559us total 25.974ms
08-05 13:45:30.813 21092 21092 I Finsky  : [1] xkf.handleMessage(8): SCH: DeviceState: DeviceState{currentTime=1596627930806, isCharging=false, isIdle=false, netAny=true, netNotRoaming=true, netUnmetered=true, batteryPercent=100.0}
08-05 13:45:30.819 21092 11088 I Finsky  : [6136] xmu.a(8): SCH: Jobs in database: 1-1337 3-215 3-216 12-1 24-77777777 26-1414141414 
08-05 13:45:30.831 21092 21092 I Finsky  : [1] xkg.a(16): SCH: Running job: 12-1
08-05 13:45:30.832 21092 21092 I Finsky  : [1] ContentSyncJob.a(16): [ContentSync] job started
08-05 13:45:30.833 21092 21092 I Finsky  : [1] xkf.handleMessage(61): SCH: RunningQueue size: 1, PendingQueue size: 0
08-05 13:45:30.833 21092 21092 I Finsky  : [1] xkf.handleMessage(64): SCH: Running queue: 12-1 
08-05 13:45:30.907 21092 11105 I Finsky  : [6142] dzn.a(22): Completed 0 account content syncs with 0 successful.
08-05 13:45:30.908 21092 21092 I Finsky  : [1] ContentSyncJob.a(1): [ContentSync] Installation state replication succeeded.
08-05 13:45:30.908 21092 21092 I Finsky  : [1] xlr.a(13): SCH: jobFinished: 12-1. TimeElapsed: 76ms.
08-05 13:45:30.909 21092 21092 I Finsky  : [1] xkg.a(36): SCH: Job 12-1 finished. Not rescheduling.
08-05 13:45:30.910 21092 21092 I Finsky  : [1] xkf.handleMessage(61): SCH: RunningQueue size: 0, PendingQueue size: 0
08-05 13:45:30.913 21092 21092 I Finsky  : [1] xkf.handleMessage(25): Executor finished
08-05 13:45:30.933 21092 21092 I Finsky  : [1] xmu.a(8): SCH: Jobs in database: 1-1337 3-215 3-216 24-77777777 26-1414141414 
08-05 13:45:30.935 21092 21092 I Finsky  : [1] xio.a(57): SCH: ConstraintMapping: 24-77777777,  -> L: 0ms, D: 26669585ms, C: false, I: true, N: 0
08-05 13:45:30.936 21092 21092 I Finsky  : [1] xio.a(57): SCH: ConstraintMapping: 1-1337,  -> L: 30021976ms, D: 73221976ms, C: false, I: false, N: 1
08-05 13:45:30.936 21092 21092 I Finsky  : [1] xio.a(57): SCH: ConstraintMapping: 3-215,  -> L: 0ms, D: 85096516ms, C: false, I: true, N: 2
08-05 13:45:30.937 21092 21092 I Finsky  : [1] xio.a(57): SCH: ConstraintMapping: 3-216,  -> L: 0ms, D: 85096547ms, C: true, I: true, N: 2
08-05 13:45:30.937 21092 21092 I Finsky  : [1] xio.a(57): SCH: ConstraintMapping: 26-1414141414,  -> L: 34669444ms, D: 35569444ms, C: false, I: false, N: 0
08-05 13:45:30.951 21092 21092 I Finsky  : [1] xle.a(34): Cancelling existing jobscheduler jobs: 9018 9000 9008 9014 9015 9017 9012 9019 
08-05 13:45:30.952 21092 21092 I Finsky  : [1] xle.a(10): Throttling wakeup for job 9001 (expected to run in 0 ms) due to recent wakeup
08-05 13:45:30.952 21092 21092 I Finsky  : [1] xle.a(27): Scheduling job Id: 9001, L: 30000, D: 26669585, C: false, I: true, N: 0
08-05 13:45:30.954 21092 21092 I Finsky  : [1] xle.a(27): Scheduling job Id: 9002, L: 30021976, D: 73221976, C: false, I: false, N: 1
08-05 13:45:30.955 21092 21092 I Finsky  : [1] xle.a(10): Throttling wakeup for job 9003 (expected to run in 0 ms) due to recent wakeup
08-05 13:45:30.956 21092 21092 I Finsky  : [1] xle.a(27): Scheduling job Id: 9003, L: 30000, D: 85096516, C: false, I: true, N: 2
08-05 13:45:30.957 21092 21092 I Finsky  : [1] xle.a(10): Throttling wakeup for job 9004 (expected to run in 0 ms) due to recent wakeup
08-05 13:45:30.957 21092 21092 I Finsky  : [1] xle.a(27): Scheduling job Id: 9004, L: 30000, D: 85096547, C: true, I: true, N: 2
08-05 13:45:30.959 21092 21092 I Finsky  : [1] xle.a(27): Scheduling job Id: 9005, L: 34669444, D: 35569444, C: false, I: false, N: 0
08-05 13:45:30.961 21092 21092 I Finsky  : [1] xle.a(10): Throttling wakeup for job 9007 (expected to run in 0 ms) due to recent wakeup
08-05 13:45:30.961 21092 21092 I Finsky  : [1] xle.a(27): Scheduling job Id: 9007, L: 30000, D: 26669585, C: false, I: true, N: 0
08-05 13:45:30.964 21092 21092 I Finsky  : [1] xle.a(27): Scheduling job Id: 9009, L: 30021976, D: 73221976, C: false, I: false, N: 1
08-05 13:45:30.965 21092 21092 I Finsky  : [1] xle.a(10): Throttling wakeup for job 9010 (expected to run in 0 ms) due to recent wakeup
08-05 13:45:30.966 21092 21092 I Finsky  : [1] xle.a(27): Scheduling job Id: 9010, L: 30000, D: 85096516, C: false, I: true, N: 2
08-05 13:45:30.967 21092 21092 I Finsky  : [1] xle.a(10): Throttling wakeup for job 9011 (expected to run in 0 ms) due to recent wakeup
08-05 13:45:30.968 21092 21092 I Finsky  : [1] xle.a(27): Scheduling job Id: 9011, L: 30000, D: 85096547, C: true, I: true, N: 2
08-05 13:45:30.969 21092 21092 I Finsky  : [1] xle.a(27): Scheduling job Id: 9013, L: 34669444, D: 35569444, C: false, I: false, N: 0
08-05 13:45:31.072 11115 11597 I art     : Starting a blocking GC Explicit
08-05 13:45:31.100 11115 11597 I art     : Explicit concurrent mark sweep GC freed 2097(142KB) AllocSpace objects, 2(88KB) LOS objects, 39% free, 24MB/40MB, paused 230us total 27.792ms
08-05 13:45:31.114 11115 11597 I art     : Starting a blocking GC Explicit
08-05 13:45:31.121   918  3359 I ActivityManager: Killing 1818:nappatfpr.com.newsblur/u0a682 (adj 15): empty #17
08-05 13:45:31.140 11115 11597 I art     : Explicit concurrent mark sweep GC freed 38(1552B) AllocSpace objects, 0(0B) LOS objects, 39% free, 24MB/40MB, paused 218us total 25.879ms
08-05 13:45:31.152 11115 11597 I art     : Starting a blocking GC Explicit
08-05 13:45:31.176 11115 11597 I art     : Explicit concurrent mark sweep GC freed 3(96B) AllocSpace objects, 0(0B) LOS objects, 39% free, 24MB/40MB, paused 251us total 23.697ms
08-05 13:45:31.185 11115 11709 D OK      : calling: https://oauth.reddit.com/r/askscience/hot/.json
08-05 13:45:31.188 11115 11597 I art     : Starting a blocking GC Explicit
08-05 13:45:31.212 11115 11597 I art     : Explicit concurrent mark sweep GC freed 97(3KB) AllocSpace objects, 0(0B) LOS objects, 39% free, 24MB/40MB, paused 244us total 24.083ms
08-05 13:45:31.224 11115 11597 I art     : Starting a blocking GC Explicit
08-05 13:45:31.251 11115 11597 I art     : Explicit concurrent mark sweep GC freed 31(1280B) AllocSpace objects, 0(0B) LOS objects, 39% free, 24MB/40MB, paused 261us total 26.586ms
08-05 13:45:31.349 11115 11709 I NAPPA_EXPERIMENTATION: MetricNetworkRequestExecutionTime: REQUEST_DURATION_SYSTEM='164',REQUEST_DURATION_OKHTTP='161',REQUEST_SYNCHRONOUS='TRUE',RESPONSE_CODE='200',RESPONSE_METHOD='GET',RESPONSE_LENGTH_OKHTTP='-1',RESPONSE_LENGTH_HEADER='21282',REQUEST_PROTOCOL='h2',REQUEST_URL='https://oauth.reddit.com/r/askscience/hot/.json',
08-05 13:45:31.349 11115 11709 D OK      : request got status: 200
08-05 13:45:31.361 11115 11693 I PostListingFragment: Precaching images: OFF
08-05 13:45:31.361 11115 11693 I PostListingFragment: Precaching comments: OFF
08-05 13:45:31.512 11115 11138 I art     : Starting a blocking GC Explicit
08-05 13:45:31.544 11115 11138 I art     : Explicit concurrent mark sweep GC freed 11330(662KB) AllocSpace objects, 3(156KB) LOS objects, 39% free, 24MB/40MB, paused 310us total 32.203ms
08-05 13:45:31.557 11115 11138 I art     : Starting a blocking GC Explicit
08-05 13:45:31.589 11115 11138 I art     : Explicit concurrent mark sweep GC freed 3308(127KB) AllocSpace objects, 0(0B) LOS objects, 39% free, 24MB/40MB, paused 398us total 31.843ms
08-05 13:45:31.603 11115 11138 I art     : Starting a blocking GC Explicit
08-05 13:45:31.634 11115 11138 I art     : Explicit concurrent mark sweep GC freed 3396(124KB) AllocSpace objects, 0(0B) LOS objects, 39% free, 24MB/40MB, paused 403us total 30.528ms
08-05 13:45:31.646 11115 11138 I art     : Starting a blocking GC Explicit
08-05 13:45:31.679 11115 11138 I art     : Explicit concurrent mark sweep GC freed 2980(109KB) AllocSpace objects, 0(0B) LOS objects, 39% free, 24MB/40MB, paused 1.144ms total 32.131ms
08-05 13:45:31.691 11115 11138 I art     : Starting a blocking GC Explicit
08-05 13:45:31.723 11115 11138 I art     : Explicit concurrent mark sweep GC freed 3042(112KB) AllocSpace objects, 0(0B) LOS objects, 39% free, 24MB/40MB, paused 442us total 30.965ms
08-05 13:45:31.991 11115 11412 I art     : Starting a blocking GC Explicit
08-05 13:45:32.023 11115 11412 I art     : Explicit concurrent mark sweep GC freed 15952(779KB) AllocSpace objects, 1(20KB) LOS objects, 39% free, 24MB/40MB, paused 267us total 31.205ms
08-05 13:45:32.036 11115 11412 I art     : Starting a blocking GC Explicit
08-05 13:45:32.066 11115 11412 I art     : Explicit concurrent mark sweep GC freed 394(18KB) AllocSpace objects, 0(0B) LOS objects, 39% free, 24MB/40MB, paused 293us total 29.964ms
08-05 13:45:32.079 11115 11412 I art     : Starting a blocking GC Explicit
08-05 13:45:32.108 11115 11412 I art     : Explicit concurrent mark sweep GC freed 3(96B) AllocSpace objects, 0(0B) LOS objects, 39% free, 24MB/40MB, paused 273us total 28.385ms
08-05 13:45:32.121 11115 11412 I art     : Starting a blocking GC Explicit
08-05 13:45:32.151 11115 11412 I art     : Explicit concurrent mark sweep GC freed 3(96B) AllocSpace objects, 0(0B) LOS objects, 39% free, 24MB/40MB, paused 252us total 30.160ms
08-05 13:45:32.163 11115 11412 I art     : Starting a blocking GC Explicit
08-05 13:45:32.190 11115 11412 I art     : Explicit concurrent mark sweep GC freed 17(768B) AllocSpace objects, 0(0B) LOS objects, 39% free, 24MB/40MB, paused 262us total 27.041ms
08-05 13:45:32.263  9322  9322 I ServiceManager: Waiting for service AtCmdFwd...
08-05 13:45:32.515 11115 11138 I art     : Starting a blocking GC Explicit
08-05 13:45:32.555 11115 11138 I art     : Explicit concurrent mark sweep GC freed 1617(92KB) AllocSpace objects, 1(20KB) LOS objects, 39% free, 24MB/40MB, paused 370us total 39.157ms
08-05 13:45:32.571 11115 11138 I art     : Starting a blocking GC Explicit
08-05 13:45:32.602 11115 11138 I art     : Explicit concurrent mark sweep GC freed 83(4KB) AllocSpace objects, 0(0B) LOS objects, 39% free, 24MB/40MB, paused 232us total 30.628ms
08-05 13:45:32.615 11115 11138 I art     : Starting a blocking GC Explicit
08-05 13:45:32.645 11115 11138 I art     : Explicit concurrent mark sweep GC freed 3(96B) AllocSpace objects, 0(0B) LOS objects, 39% free, 24MB/40MB, paused 255us total 29.983ms
08-05 13:45:32.658 11115 11138 I art     : Starting a blocking GC Explicit
08-05 13:45:32.689 11115 11138 I art     : Explicit concurrent mark sweep GC freed 3(96B) AllocSpace objects, 0(0B) LOS objects, 39% free, 24MB/40MB, paused 254us total 30.585ms
08-05 13:45:32.703 11115 11138 I art     : Starting a blocking GC Explicit
08-05 13:45:32.732 11115 11138 I art     : Explicit concurrent mark sweep GC freed 3(96B) AllocSpace objects, 0(0B) LOS objects, 39% free, 24MB/40MB, paused 245us total 29.231ms
08-05 13:45:33.050 11115 11126 I art     : Starting a blocking GC Explicit
08-05 13:45:33.089 11115 11126 I art     : Explicit concurrent mark sweep GC freed 1343(78KB) AllocSpace objects, 1(20KB) LOS objects, 39% free, 24MB/40MB, paused 294us total 38.889ms
08-05 13:45:33.105 11115 11126 I art     : Starting a blocking GC Explicit
08-05 13:45:33.135 11115 11126 I art     : Explicit concurrent mark sweep GC freed 20(704B) AllocSpace objects, 0(0B) LOS objects, 39% free, 24MB/40MB, paused 247us total 29.948ms
08-05 13:45:33.149 11115 11126 I art     : Starting a blocking GC Explicit
08-05 13:45:33.179 11115 11126 I art     : Explicit concurrent mark sweep GC freed 3(96B) AllocSpace objects, 0(0B) LOS objects, 39% free, 24MB/40MB, paused 262us total 30.585ms
08-05 13:45:33.193 11115 11126 I art     : Starting a blocking GC Explicit
08-05 13:45:33.223 11115 11126 I art     : Explicit concurrent mark sweep GC freed 3(96B) AllocSpace objects, 0(0B) LOS objects, 39% free, 24MB/40MB, paused 243us total 29.671ms
08-05 13:45:33.236 11115 11126 I art     : Starting a blocking GC Explicit
08-05 13:45:33.264  9322  9322 I ServiceManager: Waiting for service AtCmdFwd...
08-05 13:45:33.267 11115 11126 I art     : Explicit concurrent mark sweep GC freed 3(96B) AllocSpace objects, 0(0B) LOS objects, 39% free, 24MB/40MB, paused 255us total 30.661ms
08-05 13:45:33.590 11115 11597 I art     : Starting a blocking GC Explicit
08-05 13:45:33.629 11115 11597 I art     : Explicit concurrent mark sweep GC freed 1343(78KB) AllocSpace objects, 1(20KB) LOS objects, 39% free, 24MB/40MB, paused 301us total 38.501ms
08-05 13:45:33.644 11115 11597 I art     : Starting a blocking GC Explicit
08-05 13:45:33.674 11115 11597 I art     : Explicit concurrent mark sweep GC freed 20(704B) AllocSpace objects, 0(0B) LOS objects, 39% free, 24MB/40MB, paused 256us total 29.935ms
08-05 13:45:33.687 11115 11597 I art     : Starting a blocking GC Explicit
08-05 13:45:33.718 11115 11597 I art     : Explicit concurrent mark sweep GC freed 3(96B) AllocSpace objects, 0(0B) LOS objects, 39% free, 24MB/40MB, paused 247us total 30.751ms
08-05 13:45:33.732 11115 11597 I art     : Starting a blocking GC Explicit
08-05 13:45:33.762 11115 11597 I art     : Explicit concurrent mark sweep GC freed 3(96B) AllocSpace objects, 0(0B) LOS objects, 39% free, 24MB/40MB, paused 241us total 30.305ms
08-05 13:45:33.775 11115 11597 I art     : Starting a blocking GC Explicit
08-05 13:45:33.806 11115 11597 I art     : Explicit concurrent mark sweep GC freed 3(96B) AllocSpace objects, 0(0B) LOS objects, 39% free, 24MB/40MB, paused 250us total 30.671ms
08-05 13:45:34.132 11115 11412 I art     : Starting a blocking GC Explicit
08-05 13:45:34.175 11115 11412 I art     : Explicit concurrent mark sweep GC freed 1343(78KB) AllocSpace objects, 1(20KB) LOS objects, 39% free, 24MB/40MB, paused 318us total 42.845ms
08-05 13:45:34.193 11115 11412 I art     : Starting a blocking GC Explicit
08-05 13:45:34.227 11115 11412 I art     : Explicit concurrent mark sweep GC freed 20(704B) AllocSpace objects, 0(0B) LOS objects, 39% free, 24MB/40MB, paused 277us total 33.408ms
08-05 13:45:34.241 11115 11412 I art     : Starting a blocking GC Explicit
08-05 13:45:34.265  9322  9322 I ServiceManager: Waiting for service AtCmdFwd...
08-05 13:45:34.271 11115 11412 I art     : Explicit concurrent mark sweep GC freed 3(96B) AllocSpace objects, 0(0B) LOS objects, 39% free, 24MB/40MB, paused 250us total 30.337ms
08-05 13:45:34.284 11115 11412 I art     : Starting a blocking GC Explicit
08-05 13:45:34.315 11115 11412 I art     : Explicit concurrent mark sweep GC freed 3(96B) AllocSpace objects, 0(0B) LOS objects, 39% free, 24MB/40MB, paused 260us total 30.188ms
08-05 13:45:34.328 11115 11412 I art     : Starting a blocking GC Explicit
08-05 13:45:34.358 11115 11412 I art     : Explicit concurrent mark sweep GC freed 3(96B) AllocSpace objects, 0(0B) LOS objects, 39% free, 24MB/40MB, paused 262us total 30.084ms
08-05 13:45:34.655   518   646 I ThermalEngine: ACTION: GPU - Setting GPU[0] to 600000000
08-05 13:45:34.685 11115 11127 I art     : Starting a blocking GC Explicit
08-05 13:45:34.723 11115 11127 I art     : Explicit concurrent mark sweep GC freed 1347(78KB) AllocSpace objects, 1(20KB) LOS objects, 39% free, 24MB/40MB, paused 230us total 37.260ms
08-05 13:45:34.736 11115 11127 I art     : Starting a blocking GC Explicit
08-05 13:45:34.762 11115 11127 I art     : Explicit concurrent mark sweep GC freed 20(704B) AllocSpace objects, 0(0B) LOS objects, 39% free, 24MB/40MB, paused 203us total 25.662ms
08-05 13:45:34.772 11115 11127 I art     : Starting a blocking GC Explicit
08-05 13:45:34.797 11115 11127 I art     : Explicit concurrent mark sweep GC freed 3(96B) AllocSpace objects, 0(0B) LOS objects, 39% free, 24MB/40MB, paused 206us total 24.929ms
08-05 13:45:34.808 11115 11127 I art     : Starting a blocking GC Explicit
08-05 13:45:34.832 11115 11127 I art     : Explicit concurrent mark sweep GC freed 3(96B) AllocSpace objects, 0(0B) LOS objects, 39% free, 24MB/40MB, paused 173us total 23.717ms
08-05 13:45:34.841 11115 11127 I art     : Starting a blocking GC Explicit
08-05 13:45:34.866 11115 11127 I art     : Explicit concurrent mark sweep GC freed 3(96B) AllocSpace objects, 0(0B) LOS objects, 39% free, 24MB/40MB, paused 198us total 24.562ms
08-05 13:45:35.169 11115 11138 I art     : Starting a blocking GC Explicit
08-05 13:45:35.195 11115 11138 I art     : Explicit concurrent mark sweep GC freed 1344(78KB) AllocSpace objects, 1(20KB) LOS objects, 39% free, 24MB/40MB, paused 193us total 25.913ms
08-05 13:45:35.206 11115 11138 I art     : Starting a blocking GC Explicit
08-05 13:45:35.229 11115 11138 I art     : Explicit concurrent mark sweep GC freed 20(704B) AllocSpace objects, 0(0B) LOS objects, 39% free, 24MB/40MB, paused 178us total 22.765ms
08-05 13:45:35.238 11115 11138 I art     : Starting a blocking GC Explicit
08-05 13:45:35.262 11115 11138 I art     : Explicit concurrent mark sweep GC freed 3(96B) AllocSpace objects, 0(0B) LOS objects, 39% free, 24MB/40MB, paused 178us total 23.166ms
08-05 13:45:35.266  9322  9322 I ServiceManager: Waiting for service AtCmdFwd...
08-05 13:45:35.271 11115 11138 I art     : Starting a blocking GC Explicit
08-05 13:45:35.295 11115 11138 I art     : Explicit concurrent mark sweep GC freed 3(96B) AllocSpace objects, 0(0B) LOS objects, 39% free, 24MB/40MB, paused 190us total 23.358ms
08-05 13:45:35.305 11115 11138 I art     : Starting a blocking GC Explicit
08-05 13:45:35.328 11115 11138 I art     : Explicit concurrent mark sweep GC freed 3(96B) AllocSpace objects, 0(0B) LOS objects, 39% free, 24MB/40MB, paused 181us total 22.827ms
08-05 13:45:35.437 11788 11788 D AndroidRuntime: >>>>>> START com.android.internal.os.RuntimeInit uid 2000 <<<<<<
08-05 13:45:35.443 11788 11788 D AndroidRuntime: CheckJNI is OFF
08-05 13:45:35.474 11788 11788 D ICU     : No timezone override file found: /data/misc/zoneinfo/current/icu/icu_tzdata.dat
08-05 13:45:35.500 11788 11788 I Radio-JNI: register_android_hardware_Radio DONE
08-05 13:45:35.516 11788 11788 D AndroidRuntime: Calling main entry com.android.commands.input.Input
08-05 13:45:35.518 11788 11788 I Input   : injectMotionEvent: MotionEvent { action=ACTION_DOWN, actionButton=0, id[0]=0, x[0]=600.0, y[0]=700.0, toolType[0]=TOOL_TYPE_UNKNOWN, buttonState=0, metaState=0, flags=0x0, edgeFlags=0x0, pointerCount=1, historySize=0, eventTime=798351931, downTime=798351931, deviceId=0, source=0x1002 }
08-05 13:45:35.525 11788 11788 I Input   : injectMotionEvent: MotionEvent { action=ACTION_UP, actionButton=0, id[0]=0, x[0]=600.0, y[0]=700.0, toolType[0]=TOOL_TYPE_UNKNOWN, buttonState=0, metaState=0, flags=0x0, edgeFlags=0x0, pointerCount=1, historySize=0, eventTime=798351931, downTime=798351931, deviceId=0, source=0x1002 }
08-05 13:45:35.526 11115 11115 I RRChoreographer: Using modern Choreographer
08-05 13:45:35.527 11788 11788 D AndroidRuntime: Shutting down VM
08-05 13:45:35.537   512  2967 D audio_hw_primary: out_set_parameters: enter: usecase(1: low-latency-playback) kvpairs: routing=2
08-05 13:45:35.539   918  6112 I ActivityManager: START u0 {dat=https://oauth.reddit.com/... cmp=baseline.org.quantumbadger.redreader/.activities.CommentListingActivity} from uid 10689 on display 0
08-05 13:45:35.550   512  2967 D audio_hw_primary: select_devices: out_snd_device(2: speaker) in_snd_device(0: none)
08-05 13:45:35.550   512  2967 D msm8974_platform: platform_send_audio_calibration: sending audio calibration for snd_device(2) acdb_id(15)
08-05 13:45:35.550   512  2967 I soundtrigger: audio_extn_sound_trigger_update_device_status: device 0x2 of type 0 for Event 1
08-05 13:45:35.559 11115 11115 I AppCompatViewInflater: app:theme is now deprecated. Please move to using android:theme instead.
08-05 13:45:35.560   512  2967 D audio_hw_primary: enable_snd_device: snd_device(2: speaker)
08-05 13:45:35.562   512  2967 D audio_hw_primary: enable_audio_route: apply and update mixer path: low-latency-playback speaker
08-05 13:45:35.576 11115 11818 D OK      : calling: https://oauth.reddit.com/comments/gvc7k9/.json?sort=confidence
08-05 13:45:35.598 11115 11126 I art     : Starting a blocking GC Explicit
08-05 13:45:35.621 11115 11126 I art     : Explicit concurrent mark sweep GC freed 3550(246KB) AllocSpace objects, 1(20KB) LOS objects, 39% free, 24MB/40MB, paused 207us total 22.502ms
08-05 13:45:35.631 11115 11126 I art     : Starting a blocking GC Explicit
08-05 13:45:35.653 13866 13866 I GoogleInputMethodServic: GoogleInputMethodService.onFinishInput():3138 
08-05 13:45:35.654   918   936 I ActivityManager: Displayed baseline.org.quantumbadger.redreader/.activities.CommentListingActivity: +108ms
08-05 13:45:35.654 13866 13866 I GoogleInputMethodServic: GoogleInputMethodService.onStartInput():1808 
08-05 13:45:35.657 11115 11126 I art     : Explicit concurrent mark sweep GC freed 962(37KB) AllocSpace objects, 0(0B) LOS objects, 39% free, 24MB/40MB, paused 338us total 25.801ms
08-05 13:45:35.667 11115 11126 I art     : Starting a blocking GC Explicit
08-05 13:45:35.694 11115 11126 I art     : Explicit concurrent mark sweep GC freed 145(8KB) AllocSpace objects, 0(0B) LOS objects, 39% free, 24MB/40MB, paused 223us total 27.231ms
08-05 13:45:35.704 11115 11126 I art     : Starting a blocking GC Explicit
08-05 13:45:35.726 11115 11126 I art     : Explicit concurrent mark sweep GC freed 5(160B) AllocSpace objects, 0(0B) LOS objects, 39% free, 24MB/40MB, paused 213us total 22.119ms
08-05 13:45:35.738 11115 11126 I art     : Starting a blocking GC Explicit
08-05 13:45:35.753 11115 11818 I NAPPA_EXPERIMENTATION: MetricNetworkRequestExecutionTime: REQUEST_DURATION_SYSTEM='177',REQUEST_DURATION_OKHTTP='173',REQUEST_SYNCHRONOUS='TRUE',RESPONSE_CODE='200',RESPONSE_METHOD='GET',RESPONSE_LENGTH_OKHTTP='-1',RESPONSE_LENGTH_HEADER='90132',REQUEST_PROTOCOL='h2',REQUEST_URL='https://oauth.reddit.com/comments/gvc7k9/.json?sort=confidence',
08-05 13:45:35.753 11115 11818 D OK      : request got status: 200
08-05 13:45:35.759 11115 11693 I CommentListingActivity: COMMENTS session changed to 6491a47e-6a8c-499d-b274-f4d9ff84e596
08-05 13:45:35.762 11115 11126 I art     : Explicit concurrent mark sweep GC freed 485(63KB) AllocSpace objects, 0(0B) LOS objects, 38% free, 25MB/41MB, paused 355us total 24.339ms
08-05 13:45:35.898   380   380 W SurfaceFlinger: couldn't log to binary event log: overflow.
08-05 13:45:35.983 11115 11138 I art     : Starting a blocking GC Explicit
08-05 13:45:36.025 11115 11138 I art     : Explicit concurrent mark sweep GC freed 39991(2MB) AllocSpace objects, 4(72KB) LOS objects, 35% free, 28MB/44MB, paused 623us total 41.850ms
08-05 13:45:36.038 11115 11138 I art     : Starting a blocking GC Explicit
08-05 13:45:36.072 11115 11138 I art     : Explicit concurrent mark sweep GC freed 3451(254KB) AllocSpace objects, 1(68KB) LOS objects, 35% free, 28MB/44MB, paused 276us total 33.854ms
08-05 13:45:36.084 11115 11138 I art     : Starting a blocking GC Explicit
08-05 13:45:36.100   512  2967 D audio_hw_primary: disable_audio_route: reset and update mixer path: low-latency-playback speaker
08-05 13:45:36.102   512  2967 D audio_hw_primary: disable_snd_device: snd_device(2: speaker)
08-05 13:45:36.109   512  2967 I soundtrigger: audio_extn_sound_trigger_update_device_status: device 0x2 of type 0 for Event 0
08-05 13:45:36.116 11115 11138 I art     : Explicit concurrent mark sweep GC freed 19368(914KB) AllocSpace objects, 1(68KB) LOS objects, 36% free, 27MB/43MB, paused 193us total 31.354ms
08-05 13:45:36.126 11115 11138 I art     : Starting a blocking GC Explicit
08-05 13:45:36.156 11115 11138 I art     : Explicit concurrent mark sweep GC freed 20(848B) AllocSpace objects, 0(0B) LOS objects, 36% free, 27MB/43MB, paused 168us total 29.174ms
08-05 13:45:36.167 11115 11138 I art     : Starting a blocking GC Explicit
08-05 13:45:36.195 11115 11138 I art     : Explicit concurrent mark sweep GC freed 3(96B) AllocSpace objects, 0(0B) LOS objects, 36% free, 27MB/43MB, paused 171us total 27.642ms
08-05 13:45:36.266  9322  9322 I ServiceManager: Waiting for service AtCmdFwd...
08-05 13:45:36.472 11115 11138 I art     : Starting a blocking GC Explicit
08-05 13:45:36.515 11115 11138 I art     : Explicit concurrent mark sweep GC freed 1343(78KB) AllocSpace objects, 1(20KB) LOS objects, 36% free, 27MB/43MB, paused 203us total 42.398ms
08-05 13:45:36.529 11115 11138 I art     : Starting a blocking GC Explicit
08-05 13:45:36.559 11115 11138 I art     : Explicit concurrent mark sweep GC freed 20(704B) AllocSpace objects, 0(0B) LOS objects, 36% free, 27MB/43MB, paused 183us total 30.186ms
08-05 13:45:36.570 11115 11138 I art     : Starting a blocking GC Explicit
08-05 13:45:36.601 11115 11138 I art     : Explicit concurrent mark sweep GC freed 3(96B) AllocSpace objects, 0(0B) LOS objects, 36% free, 27MB/43MB, paused 179us total 30.523ms
08-05 13:45:36.611 11115 11138 I art     : Starting a blocking GC Explicit
08-05 13:45:36.645 11115 11138 I art     : Explicit concurrent mark sweep GC freed 3(96B) AllocSpace objects, 0(0B) LOS objects, 36% free, 27MB/43MB, paused 194us total 33.784ms
08-05 13:45:36.657 11115 11138 I art     : Starting a blocking GC Explicit
08-05 13:45:36.692 11115 11138 I art     : Explicit concurrent mark sweep GC freed 49(1920B) AllocSpace objects, 0(0B) LOS objects, 36% free, 27MB/43MB, paused 197us total 34.697ms
08-05 13:45:36.983 11115 11412 I art     : Starting a blocking GC Explicit
08-05 13:45:37.038 11115 11412 I art     : Explicit concurrent mark sweep GC freed 1343(78KB) AllocSpace objects, 1(20KB) LOS objects, 36% free, 27MB/43MB, paused 268us total 55.115ms
08-05 13:45:37.053 11115 11412 I art     : Starting a blocking GC Explicit
08-05 13:45:37.090 11115 11412 I art     : Explicit concurrent mark sweep GC freed 20(704B) AllocSpace objects, 0(0B) LOS objects, 36% free, 27MB/43MB, paused 211us total 36.902ms
08-05 13:45:37.102 11115 11412 I art     : Starting a blocking GC Explicit
08-05 13:45:37.139 11115 11412 I art     : Explicit concurrent mark sweep GC freed 3(96B) AllocSpace objects, 0(0B) LOS objects, 36% free, 27MB/43MB, paused 213us total 36.975ms
08-05 13:45:37.151 11115 11412 I art     : Starting a blocking GC Explicit
08-05 13:45:37.187 11115 11412 I art     : Explicit concurrent mark sweep GC freed 3(96B) AllocSpace objects, 0(0B) LOS objects, 36% free, 27MB/43MB, paused 217us total 36.149ms
08-05 13:45:37.199 11115 11412 I art     : Starting a blocking GC Explicit
08-05 13:45:37.236 11115 11412 I art     : Explicit concurrent mark sweep GC freed 3(96B) AllocSpace objects, 0(0B) LOS objects, 36% free, 27MB/43MB, paused 205us total 36.204ms
08-05 13:45:37.267  9322  9322 W Atfwd_Sendcmd: AtCmdFwd service not published, waiting... retryCnt : 5
08-05 13:45:37.541 11115 11597 I art     : Starting a blocking GC Explicit
08-05 13:45:37.590 11115 11597 I art     : Explicit concurrent mark sweep GC freed 1343(78KB) AllocSpace objects, 1(20KB) LOS objects, 36% free, 27MB/43MB, paused 216us total 48.729ms
08-05 13:45:37.608 11115 11597 I art     : Starting a blocking GC Explicit
08-05 13:45:37.648 11115 11597 I art     : Explicit concurrent mark sweep GC freed 20(704B) AllocSpace objects, 0(0B) LOS objects, 36% free, 27MB/43MB, paused 199us total 39.968ms
08-05 13:45:37.660 11115 11597 I art     : Starting a blocking GC Explicit
08-05 13:45:37.695 11115 11597 I art     : Explicit concurrent mark sweep GC freed 3(96B) AllocSpace objects, 0(0B) LOS objects, 36% free, 27MB/43MB, paused 195us total 34.806ms
08-05 13:45:37.707 11115 11597 I art     : Starting a blocking GC Explicit
08-05 13:45:37.743 11115 11597 I art     : Explicit concurrent mark sweep GC freed 3(96B) AllocSpace objects, 0(0B) LOS objects, 36% free, 27MB/43MB, paused 207us total 35.916ms
08-05 13:45:37.755 11115 11597 I art     : Starting a blocking GC Explicit
08-05 13:45:37.791 11115 11597 I art     : Explicit concurrent mark sweep GC freed 3(96B) AllocSpace objects, 0(0B) LOS objects, 36% free, 27MB/43MB, paused 201us total 36.063ms
08-05 13:45:38.104 11115 11126 I art     : Starting a blocking GC Explicit
08-05 13:45:38.155 11115 11126 I art     : Explicit concurrent mark sweep GC freed 1343(78KB) AllocSpace objects, 1(20KB) LOS objects, 36% free, 27MB/43MB, paused 227us total 50.793ms
08-05 13:45:38.171 11115 11126 I art     : Starting a blocking GC Explicit
08-05 13:45:38.208 11115 11126 I art     : Explicit concurrent mark sweep GC freed 20(704B) AllocSpace objects, 0(0B) LOS objects, 36% free, 27MB/43MB, paused 207us total 37.304ms
08-05 13:45:38.221 11115 11126 I art     : Starting a blocking GC Explicit
08-05 13:45:38.258 11115 11126 I art     : Explicit concurrent mark sweep GC freed 3(96B) AllocSpace objects, 0(0B) LOS objects, 36% free, 27MB/43MB, paused 199us total 37.318ms
08-05 13:45:38.270 11115 11126 I art     : Starting a blocking GC Explicit
08-05 13:45:38.306 11115 11126 I art     : Explicit concurrent mark sweep GC freed 3(96B) AllocSpace objects, 0(0B) LOS objects, 36% free, 27MB/43MB, paused 199us total 35.984ms
08-05 13:45:38.318 11115 11126 I art     : Starting a blocking GC Explicit
08-05 13:45:38.354 11115 11126 I art     : Explicit concurrent mark sweep GC freed 3(96B) AllocSpace objects, 0(0B) LOS objects, 36% free, 27MB/43MB, paused 194us total 35.983ms
08-05 13:45:38.652 11115 11127 I art     : Starting a blocking GC Explicit
08-05 13:45:38.701 11115 11127 I art     : Explicit concurrent mark sweep GC freed 1344(79KB) AllocSpace objects, 1(20KB) LOS objects, 36% free, 27MB/43MB, paused 237us total 48.724ms
08-05 13:45:38.719 11115 11127 I art     : Starting a blocking GC Explicit
08-05 13:45:38.755 11115 11127 I art     : Explicit concurrent mark sweep GC freed 20(704B) AllocSpace objects, 0(0B) LOS objects, 36% free, 27MB/43MB, paused 202us total 35.757ms
08-05 13:45:38.767 11115 11127 I art     : Starting a blocking GC Explicit
08-05 13:45:38.802 11115 11127 I art     : Explicit concurrent mark sweep GC freed 3(96B) AllocSpace objects, 0(0B) LOS objects, 36% free, 27MB/43MB, paused 206us total 34.970ms
08-05 13:45:38.813 11115 11127 I art     : Starting a blocking GC Explicit
08-05 13:45:38.850 11115 11127 I art     : Explicit concurrent mark sweep GC freed 3(96B) AllocSpace objects, 0(0B) LOS objects, 36% free, 27MB/43MB, paused 202us total 36.231ms
08-05 13:45:38.862 11115 11127 I art     : Starting a blocking GC Explicit
08-05 13:45:38.898 11115 11127 I art     : Explicit concurrent mark sweep GC freed 3(96B) AllocSpace objects, 0(0B) LOS objects, 36% free, 27MB/43MB, paused 210us total 36.120ms
08-05 13:45:39.190 11115 11138 I art     : Starting a blocking GC Explicit
08-05 13:45:39.229 11115 11138 I art     : Explicit concurrent mark sweep GC freed 1347(79KB) AllocSpace objects, 1(20KB) LOS objects, 36% free, 27MB/43MB, paused 197us total 38.177ms
08-05 13:45:39.241 11115 11138 I art     : Starting a blocking GC Explicit
08-05 13:45:39.278 11115 11138 I art     : Explicit concurrent mark sweep GC freed 20(704B) AllocSpace objects, 0(0B) LOS objects, 36% free, 27MB/43MB, paused 200us total 37.332ms
08-05 13:45:39.290 11115 11138 I art     : Starting a blocking GC Explicit
08-05 13:45:39.328 11115 11138 I art     : Explicit concurrent mark sweep GC freed 3(96B) AllocSpace objects, 0(0B) LOS objects, 36% free, 27MB/43MB, paused 196us total 37.073ms
08-05 13:45:39.340 11115 11138 I art     : Starting a blocking GC Explicit
08-05 13:45:39.376 11115 11138 I art     : Explicit concurrent mark sweep GC freed 3(96B) AllocSpace objects, 0(0B) LOS objects, 36% free, 27MB/43MB, paused 191us total 36.332ms
08-05 13:45:39.388 11115 11138 I art     : Starting a blocking GC Explicit
08-05 13:45:39.425 11115 11138 I art     : Explicit concurrent mark sweep GC freed 3(96B) AllocSpace objects, 0(0B) LOS objects, 36% free, 27MB/43MB, paused 220us total 36.378ms
08-05 13:45:39.742 11115 11412 I art     : Starting a blocking GC Explicit
08-05 13:45:39.789 11115 11412 I art     : Explicit concurrent mark sweep GC freed 1344(78KB) AllocSpace objects, 1(20KB) LOS objects, 36% free, 27MB/43MB, paused 215us total 46.560ms
08-05 13:45:39.801 11115 11412 I art     : Starting a blocking GC Explicit
08-05 13:45:39.834 11115 11412 I art     : Explicit concurrent mark sweep GC freed 20(704B) AllocSpace objects, 0(0B) LOS objects, 36% free, 27MB/43MB, paused 196us total 33.139ms
08-05 13:45:39.845 11115 11412 I art     : Starting a blocking GC Explicit
08-05 13:45:39.879 11115 11412 I art     : Explicit concurrent mark sweep GC freed 3(96B) AllocSpace objects, 0(0B) LOS objects, 36% free, 27MB/43MB, paused 264us total 33.351ms
08-05 13:45:39.890 11115 11412 I art     : Starting a blocking GC Explicit
08-05 13:45:39.921 11115 11412 I art     : Explicit concurrent mark sweep GC freed 3(96B) AllocSpace objects, 0(0B) LOS objects, 36% free, 27MB/43MB, paused 201us total 30.645ms
08-05 13:45:39.932 11115 11412 I art     : Starting a blocking GC Explicit
08-05 13:45:39.965 11115 11412 I art     : Explicit concurrent mark sweep GC freed 3(96B) AllocSpace objects, 0(0B) LOS objects, 36% free, 27MB/43MB, paused 200us total 33.393ms
08-05 13:45:40.077 11902 11902 D AndroidRuntime: >>>>>> START com.android.internal.os.RuntimeInit uid 2000 <<<<<<
08-05 13:45:40.082 11902 11902 D AndroidRuntime: CheckJNI is OFF
08-05 13:45:40.114 11902 11902 D ICU     : No timezone override file found: /data/misc/zoneinfo/current/icu/icu_tzdata.dat
08-05 13:45:40.139 11902 11902 I Radio-JNI: register_android_hardware_Radio DONE
08-05 13:45:40.155 11902 11902 D AndroidRuntime: Calling main entry com.android.commands.input.Input
08-05 13:45:40.157 11902 11902 I Input   : injectKeyEvent: KeyEvent { action=ACTION_DOWN, keyCode=KEYCODE_BACK, scanCode=0, metaState=0, flags=0x0, repeatCount=0, eventTime=798356570, downTime=798356570, deviceId=-1, source=0x101 }
08-05 13:45:40.163 11902 11902 I Input   : injectKeyEvent: KeyEvent { action=ACTION_UP, keyCode=KEYCODE_BACK, scanCode=0, metaState=0, flags=0x0, repeatCount=0, eventTime=798356570, downTime=798356570, deviceId=-1, source=0x101 }
08-05 13:45:40.170 11902 11902 D AndroidRuntime: Shutting down VM
08-05 13:45:40.213 13866 13866 I GoogleInputMethodServic: GoogleInputMethodService.onFinishInput():3138 
08-05 13:45:40.214 13866 13866 I GoogleInputMethodServic: GoogleInputMethodService.onStartInput():1808 
08-05 13:45:40.221 11115 11597 I art     : Starting a blocking GC Explicit
08-05 13:45:40.256 11115 11597 I art     : Explicit concurrent mark sweep GC freed 1587(87KB) AllocSpace objects, 1(20KB) LOS objects, 36% free, 27MB/43MB, paused 262us total 34.731ms
08-05 13:45:40.270 11115 11597 I art     : Starting a blocking GC Explicit
08-05 13:45:40.299 11115 11597 I art     : Explicit concurrent mark sweep GC freed 26(944B) AllocSpace objects, 0(0B) LOS objects, 36% free, 27MB/43MB, paused 189us total 29.606ms
08-05 13:45:40.310 11115 11597 I art     : Starting a blocking GC Explicit
08-05 13:45:40.344 11115 11597 I art     : Explicit concurrent mark sweep GC freed 3(96B) AllocSpace objects, 0(0B) LOS objects, 36% free, 27MB/43MB, paused 198us total 33.387ms
08-05 13:45:40.355 11115 11597 I art     : Starting a blocking GC Explicit
08-05 13:45:40.397 11115 11597 I art     : Explicit concurrent mark sweep GC freed 3(96B) AllocSpace objects, 0(0B) LOS objects, 36% free, 27MB/43MB, paused 238us total 41.215ms
08-05 13:45:40.410 11115 11597 I art     : Starting a blocking GC Explicit
08-05 13:45:40.451 11115 11597 I art     : Explicit concurrent mark sweep GC freed 3(96B) AllocSpace objects, 0(0B) LOS objects, 36% free, 27MB/43MB, paused 204us total 41.446ms
08-05 13:45:40.520   380   380 W SurfaceFlinger: couldn't log to binary event log: overflow.
08-05 13:45:40.547 11115 11816 I RedditChangeDataIO: Writing tmp data file at '/data/user/0/baseline.org.quantumbadger.redreader/files/rr_change_data_tmp.dat'
08-05 13:45:40.547 11115 11816 I RedditChangeDataManager: Taking snapshot...
08-05 13:45:40.547 11115 11816 I RedditChangeDataManager: Writing to stream...
08-05 13:45:40.548 11115 11816 I RedditChangeDataManager: Wrote 1 entries for user ''
08-05 13:45:40.548 11115 11816 I RedditChangeDataManager: All entries written to stream.
08-05 13:45:40.548 11115 11816 I RedditChangeDataIO: Write successful. Atomically replacing data file...
08-05 13:45:40.548 11115 11816 I RedditChangeDataIO: Write complete.
08-05 13:45:40.548 11115 11816 I RedditChangeDataIO: 38 bytes written in 1 ms
08-05 13:45:40.682 11115 11597 I art     : Starting a blocking GC Explicit
08-05 13:45:40.721 11115 11597 I art     : Explicit concurrent mark sweep GC freed 1481(86KB) AllocSpace objects, 2(88KB) LOS objects, 36% free, 27MB/43MB, paused 204us total 39.292ms
08-05 13:45:40.734 11115 11597 I art     : Starting a blocking GC Explicit
08-05 13:45:40.763 11115 11597 I art     : Explicit concurrent mark sweep GC freed 46781(2MB) AllocSpace objects, 5(140KB) LOS objects, 39% free, 24MB/40MB, paused 187us total 29.457ms
08-05 13:45:40.774 11115 11597 I art     : Starting a blocking GC Explicit
08-05 13:45:40.799 11115 11597 I art     : Explicit concurrent mark sweep GC freed 3(96B) AllocSpace objects, 0(0B) LOS objects, 39% free, 24MB/40MB, paused 185us total 24.426ms
08-05 13:45:40.809 11115 11597 I art     : Starting a blocking GC Explicit
08-05 13:45:40.832 11115 11597 I art     : Explicit concurrent mark sweep GC freed 3(96B) AllocSpace objects, 0(0B) LOS objects, 39% free, 24MB/40MB, paused 184us total 23.482ms
08-05 13:45:40.842 11115 11597 I art     : Starting a blocking GC Explicit
08-05 13:45:40.866 11115 11597 I art     : Explicit concurrent mark sweep GC freed 3(96B) AllocSpace objects, 0(0B) LOS objects, 39% free, 24MB/40MB, paused 190us total 24.103ms
08-05 13:45:41.148 11115 11126 I art     : Starting a blocking GC Explicit
08-05 13:45:41.177 11115 11126 I art     : Explicit concurrent mark sweep GC freed 1618(122KB) AllocSpace objects, 1(20KB) LOS objects, 39% free, 24MB/40MB, paused 275us total 28.870ms
08-05 13:45:41.188 11115 11126 I art     : Starting a blocking GC Explicit
08-05 13:45:41.213 11115 11126 I art     : Explicit concurrent mark sweep GC freed 85(2880B) AllocSpace objects, 0(0B) LOS objects, 39% free, 24MB/40MB, paused 171us total 25.363ms
08-05 13:45:41.224 11115 11126 I art     : Starting a blocking GC Explicit
08-05 13:45:41.249 11115 11126 I art     : Explicit concurrent mark sweep GC freed 3(96B) AllocSpace objects, 0(0B) LOS objects, 39% free, 24MB/40MB, paused 171us total 24.887ms
08-05 13:45:41.259 11115 11126 I art     : Starting a blocking GC Explicit
08-05 13:45:41.283 11115 11126 I art     : Explicit concurrent mark sweep GC freed 3(96B) AllocSpace objects, 0(0B) LOS objects, 39% free, 24MB/40MB, paused 169us total 24.081ms
08-05 13:45:41.293 11115 11126 I art     : Starting a blocking GC Explicit
08-05 13:45:41.318 11115 11126 I art     : Explicit concurrent mark sweep GC freed 3(96B) AllocSpace objects, 0(0B) LOS objects, 39% free, 24MB/40MB, paused 192us total 24.176ms
08-05 13:45:41.568 11115 11127 I art     : Starting a blocking GC Explicit
08-05 13:45:41.594 11115 11127 I art     : Explicit concurrent mark sweep GC freed 1343(78KB) AllocSpace objects, 1(20KB) LOS objects, 39% free, 24MB/40MB, paused 180us total 25.486ms
08-05 13:45:41.604 11115 11127 I art     : Starting a blocking GC Explicit
08-05 13:45:41.628 11115 11127 I art     : Explicit concurrent mark sweep GC freed 20(704B) AllocSpace objects, 0(0B) LOS objects, 39% free, 24MB/40MB, paused 175us total 23.429ms
08-05 13:45:41.638 11115 11127 I art     : Starting a blocking GC Explicit
08-05 13:45:41.661 11115 11127 I art     : Explicit concurrent mark sweep GC freed 3(96B) AllocSpace objects, 0(0B) LOS objects, 39% free, 24MB/40MB, paused 168us total 23.758ms
08-05 13:45:41.671 11115 11127 I art     : Starting a blocking GC Explicit
08-05 13:45:41.695 11115 11127 I art     : Explicit concurrent mark sweep GC freed 3(96B) AllocSpace objects, 0(0B) LOS objects, 39% free, 24MB/40MB, paused 180us total 23.302ms
08-05 13:45:41.704 11115 11127 I art     : Starting a blocking GC Explicit
08-05 13:45:41.728 11115 11127 I art     : Explicit concurrent mark sweep GC freed 3(96B) AllocSpace objects, 0(0B) LOS objects, 39% free, 24MB/40MB, paused 178us total 23.296ms
08-05 13:45:41.754 11946 11946 D AndroidRuntime: >>>>>> START com.android.internal.os.RuntimeInit uid 2000 <<<<<<
08-05 13:45:41.758 11946 11946 D AndroidRuntime: CheckJNI is OFF
08-05 13:45:41.783 11946 11946 D ICU     : No timezone override file found: /data/misc/zoneinfo/current/icu/icu_tzdata.dat
08-05 13:45:41.809 11946 11946 I Radio-JNI: register_android_hardware_Radio DONE
08-05 13:45:41.826 11946 11946 D AndroidRuntime: Calling main entry com.android.commands.input.Input
08-05 13:45:41.827 11946 11946 I Input   : injectMotionEvent: MotionEvent { action=ACTION_DOWN, actionButton=0, id[0]=0, x[0]=600.0, y[0]=950.0, toolType[0]=TOOL_TYPE_UNKNOWN, buttonState=0, metaState=0, flags=0x0, edgeFlags=0x0, pointerCount=1, historySize=0, eventTime=798358240, downTime=798358240, deviceId=0, source=0x1002 }
08-05 13:45:41.833 11946 11946 I Input   : injectMotionEvent: MotionEvent { action=ACTION_UP, actionButton=0, id[0]=0, x[0]=600.0, y[0]=950.0, toolType[0]=TOOL_TYPE_UNKNOWN, buttonState=0, metaState=0, flags=0x0, edgeFlags=0x0, pointerCount=1, historySize=0, eventTime=798358240, downTime=798358240, deviceId=0, source=0x1002 }
08-05 13:45:41.834 11946 11946 D AndroidRuntime: Shutting down VM
08-05 13:45:41.843   512  2967 D audio_hw_primary: out_set_parameters: enter: usecase(1: low-latency-playback) kvpairs: routing=2
08-05 13:45:41.845   918  6112 I ActivityManager: START u0 {dat=https://oauth.reddit.com/... cmp=baseline.org.quantumbadger.redreader/.activities.CommentListingActivity} from uid 10689 on display 0
08-05 13:45:41.856   512  2967 D audio_hw_primary: select_devices: out_snd_device(2: speaker) in_snd_device(0: none)
08-05 13:45:41.856   512  2967 D msm8974_platform: platform_send_audio_calibration: sending audio calibration for snd_device(2) acdb_id(15)
08-05 13:45:41.856   512  2967 I soundtrigger: audio_extn_sound_trigger_update_device_status: device 0x2 of type 0 for Event 1
08-05 13:45:41.869   512  2967 D audio_hw_primary: enable_snd_device: snd_device(2: speaker)
08-05 13:45:41.871   512  2967 D audio_hw_primary: enable_audio_route: apply and update mixer path: low-latency-playback speaker
08-05 13:45:41.872 11115 11115 I AppCompatViewInflater: app:theme is now deprecated. Please move to using android:theme instead.
08-05 13:45:41.886 11115 11978 D OK      : calling: https://oauth.reddit.com/comments/hwnhe2/.json?sort=confidence
08-05 13:45:41.943 13866 13866 I GoogleInputMethodServic: GoogleInputMethodService.onFinishInput():3138 
08-05 13:45:41.943   918   936 I ActivityManager: Displayed baseline.org.quantumbadger.redreader/.activities.CommentListingActivity: +88ms
08-05 13:45:41.944 13866 13866 I GoogleInputMethodServic: GoogleInputMethodService.onStartInput():1808 
08-05 13:45:41.951 11115 11126 I art     : Starting a blocking GC Explicit
08-05 13:45:41.981 11115 11126 I art     : Explicit concurrent mark sweep GC freed 4138(219KB) AllocSpace objects, 1(20KB) LOS objects, 38% free, 25MB/41MB, paused 227us total 29.206ms
08-05 13:45:41.991 11115 11126 I art     : Starting a blocking GC Explicit
08-05 13:45:42.013 11115 11126 I art     : Explicit concurrent mark sweep GC freed 450(23KB) AllocSpace objects, 0(0B) LOS objects, 38% free, 25MB/41MB, paused 193us total 22.100ms
08-05 13:45:42.023 11115 11126 I art     : Starting a blocking GC Explicit
08-05 13:45:42.046 11115 11126 I art     : Explicit concurrent mark sweep GC freed 1347(55KB) AllocSpace objects, 0(0B) LOS objects, 38% free, 25MB/41MB, paused 437us total 22.939ms
08-05 13:45:42.056 11115 11126 I art     : Starting a blocking GC Explicit
08-05 13:45:42.078 11115 11126 I art     : Explicit concurrent mark sweep GC freed 659(23KB) AllocSpace objects, 0(0B) LOS objects, 38% free, 25MB/41MB, paused 202us total 22.257ms
08-05 13:45:42.088 11115 11126 I art     : Starting a blocking GC Explicit
08-05 13:45:42.110 11115 11126 I art     : Explicit concurrent mark sweep GC freed 53(2288B) AllocSpace objects, 0(0B) LOS objects, 38% free, 25MB/41MB, paused 204us total 22.379ms
08-05 13:45:42.189   380   380 W SurfaceFlinger: couldn't log to binary event log: overflow.
08-05 13:45:42.216 11115 11978 I NAPPA_EXPERIMENTATION: MetricNetworkRequestExecutionTime: REQUEST_DURATION_SYSTEM='330',REQUEST_DURATION_OKHTTP='156',REQUEST_SYNCHRONOUS='TRUE',RESPONSE_CODE='200',RESPONSE_METHOD='GET',RESPONSE_LENGTH_OKHTTP='-1',RESPONSE_LENGTH_HEADER='3930',REQUEST_PROTOCOL='h2',REQUEST_URL='https://oauth.reddit.com/comments/hwnhe2/.json?sort=confidence',
08-05 13:45:42.216 11115 11978 D OK      : request got status: 200
08-05 13:45:42.230 11115 11693 I CommentListingActivity: COMMENTS session changed to 80b30ec1-b224-46ee-a453-6cf79e1ea54b
08-05 13:45:42.326 11115 11597 I art     : Starting a blocking GC Explicit
08-05 13:45:42.351 11115 11597 I art     : Explicit concurrent mark sweep GC freed 5971(474KB) AllocSpace objects, 5(188KB) LOS objects, 38% free, 25MB/41MB, paused 209us total 24.167ms
08-05 13:45:42.361 11115 11597 I art     : Starting a blocking GC Explicit
08-05 13:45:42.384 11115 11597 I art     : Explicit concurrent mark sweep GC freed 115(4KB) AllocSpace objects, 0(0B) LOS objects, 38% free, 25MB/41MB, paused 202us total 23.274ms
08-05 13:45:42.395 11115 11597 I art     : Starting a blocking GC Explicit
08-05 13:45:42.408   512  2967 D audio_hw_primary: disable_audio_route: reset and update mixer path: low-latency-playback speaker
08-05 13:45:42.409   512  2967 D audio_hw_primary: disable_snd_device: snd_device(2: speaker)
08-05 13:45:42.417   512  2967 I soundtrigger: audio_extn_sound_trigger_update_device_status: device 0x2 of type 0 for Event 0
08-05 13:45:42.420 11115 11597 I art     : Explicit concurrent mark sweep GC freed 3(96B) AllocSpace objects, 0(0B) LOS objects, 38% free, 25MB/41MB, paused 225us total 24.064ms
08-05 13:45:42.429 11115 11597 I art     : Starting a blocking GC Explicit
08-05 13:45:42.452 11115 11597 I art     : Explicit concurrent mark sweep GC freed 3(96B) AllocSpace objects, 0(0B) LOS objects, 38% free, 25MB/41MB, paused 181us total 22.799ms
08-05 13:45:42.461 11115 11597 I art     : Starting a blocking GC Explicit
08-05 13:45:42.484 11115 11597 I art     : Explicit concurrent mark sweep GC freed 3(96B) AllocSpace objects, 0(0B) LOS objects, 38% free, 25MB/41MB, paused 199us total 22.902ms
08-05 13:45:42.754 11115 11126 I art     : Starting a blocking GC Explicit
08-05 13:45:42.787 11115 11126 I art     : Explicit concurrent mark sweep GC freed 1343(79KB) AllocSpace objects, 1(20KB) LOS objects, 38% free, 25MB/41MB, paused 239us total 32.187ms
08-05 13:45:42.798 11115 11126 I art     : Starting a blocking GC Explicit
08-05 13:45:42.824 11115 11126 I art     : Explicit concurrent mark sweep GC freed 20(704B) AllocSpace objects, 0(0B) LOS objects, 38% free, 25MB/41MB, paused 229us total 26.130ms
08-05 13:45:42.835 11115 11126 I art     : Starting a blocking GC Explicit
08-05 13:45:42.858 11115 11126 I art     : Explicit concurrent mark sweep GC freed 3(96B) AllocSpace objects, 0(0B) LOS objects, 38% free, 25MB/41MB, paused 175us total 22.803ms
08-05 13:45:42.867 11115 11126 I art     : Starting a blocking GC Explicit
08-05 13:45:42.890 11115 11126 I art     : Explicit concurrent mark sweep GC freed 49(1920B) AllocSpace objects, 0(0B) LOS objects, 38% free, 25MB/41MB, paused 165us total 22.108ms
08-05 13:45:42.899 11115 11126 I art     : Starting a blocking GC Explicit
08-05 13:45:42.921 11115 11126 I art     : Explicit concurrent mark sweep GC freed 3(96B) AllocSpace objects, 0(0B) LOS objects, 38% free, 25MB/41MB, paused 180us total 22.011ms
08-05 13:45:43.201 11115 11412 I art     : Starting a blocking GC Explicit
08-05 13:45:43.234 11115 11412 I art     : Explicit concurrent mark sweep GC freed 1343(79KB) AllocSpace objects, 1(20KB) LOS objects, 38% free, 25MB/41MB, paused 235us total 33.584ms
08-05 13:45:43.249 11115 11412 I art     : Starting a blocking GC Explicit
08-05 13:45:43.276 11115 11412 I art     : Explicit concurrent mark sweep GC freed 20(704B) AllocSpace objects, 0(0B) LOS objects, 38% free, 25MB/41MB, paused 198us total 26.897ms
08-05 13:45:43.287 11115 11412 I art     : Starting a blocking GC Explicit
08-05 13:45:43.313 11115 11412 I art     : Explicit concurrent mark sweep GC freed 3(96B) AllocSpace objects, 0(0B) LOS objects, 38% free, 25MB/41MB, paused 197us total 26.266ms
08-05 13:45:43.324 11115 11412 I art     : Starting a blocking GC Explicit
08-05 13:45:43.350 11115 11412 I art     : Explicit concurrent mark sweep GC freed 3(96B) AllocSpace objects, 0(0B) LOS objects, 38% free, 25MB/41MB, paused 201us total 25.774ms
08-05 13:45:43.360 11115 11412 I art     : Starting a blocking GC Explicit
08-05 13:45:43.386 11115 11412 I art     : Explicit concurrent mark sweep GC freed 3(96B) AllocSpace objects, 0(0B) LOS objects, 38% free, 25MB/41MB, paused 194us total 25.781ms
08-05 13:45:43.666 11115 11597 I art     : Starting a blocking GC Explicit
08-05 13:45:43.672   518   646 I ThermalEngine: ACTION: GPU - Setting GPU[0] to 510000000
08-05 13:45:43.700 11115 11597 I art     : Explicit concurrent mark sweep GC freed 1343(79KB) AllocSpace objects, 1(20KB) LOS objects, 38% free, 25MB/41MB, paused 263us total 34.140ms
08-05 13:45:43.714 11115 11597 I art     : Starting a blocking GC Explicit
08-05 13:45:43.747 11115 11597 I art     : Explicit concurrent mark sweep GC freed 20(704B) AllocSpace objects, 0(0B) LOS objects, 38% free, 25MB/41MB, paused 345us total 32.775ms
08-05 13:45:43.761 11115 11597 I art     : Starting a blocking GC Explicit
08-05 13:45:43.794 11115 11597 I art     : Explicit concurrent mark sweep GC freed 3(96B) AllocSpace objects, 0(0B) LOS objects, 38% free, 25MB/41MB, paused 280us total 32.674ms
08-05 13:45:43.807 11115 11597 I art     : Starting a blocking GC Explicit
08-05 13:45:43.840 11115 11597 I art     : Explicit concurrent mark sweep GC freed 3(96B) AllocSpace objects, 0(0B) LOS objects, 38% free, 25MB/41MB, paused 300us total 32.638ms
08-05 13:45:43.854 11115 11597 I art     : Starting a blocking GC Explicit
08-05 13:45:43.887 11115 11597 I art     : Explicit concurrent mark sweep GC freed 3(96B) AllocSpace objects, 0(0B) LOS objects, 38% free, 25MB/41MB, paused 398us total 33.140ms
08-05 13:45:44.196 11115 11127 I art     : Starting a blocking GC Explicit
08-05 13:45:44.237 11115 11127 I art     : Explicit concurrent mark sweep GC freed 1343(79KB) AllocSpace objects, 1(20KB) LOS objects, 38% free, 25MB/41MB, paused 286us total 40.573ms
08-05 13:45:44.238 11115 11125 I art     : WaitForGcToComplete blocked for 9.117ms for cause HeapTrim
08-05 13:45:44.255 11115 11127 I art     : Starting a blocking GC Explicit
08-05 13:45:44.288 11115 11127 I art     : Explicit concurrent mark sweep GC freed 20(704B) AllocSpace objects, 0(0B) LOS objects, 38% free, 25MB/41MB, paused 273us total 32.940ms
08-05 13:45:44.301 11115 11127 I art     : Starting a blocking GC Explicit
08-05 13:45:44.334 11115 11127 I art     : Explicit concurrent mark sweep GC freed 3(96B) AllocSpace objects, 0(0B) LOS objects, 38% free, 25MB/41MB, paused 266us total 32.550ms
08-05 13:45:44.348 11115 11127 I art     : Starting a blocking GC Explicit
08-05 13:45:44.381 11115 11127 I art     : Explicit concurrent mark sweep GC freed 3(96B) AllocSpace objects, 0(0B) LOS objects, 38% free, 25MB/41MB, paused 256us total 32.778ms
08-05 13:45:44.395 11115 11127 I art     : Starting a blocking GC Explicit
08-05 13:45:44.428 11115 11127 I art     : Explicit concurrent mark sweep GC freed 3(96B) AllocSpace objects, 0(0B) LOS objects, 38% free, 25MB/41MB, paused 284us total 32.944ms
08-05 13:45:44.764 11115 11138 I art     : Starting a blocking GC Explicit
08-05 13:45:44.805 11115 11138 I art     : Explicit concurrent mark sweep GC freed 1344(79KB) AllocSpace objects, 1(20KB) LOS objects, 38% free, 25MB/41MB, paused 288us total 41.334ms
08-05 13:45:44.821 11115 11138 I art     : Starting a blocking GC Explicit
08-05 13:45:44.854 11115 11138 I art     : Explicit concurrent mark sweep GC freed 20(704B) AllocSpace objects, 0(0B) LOS objects, 38% free, 25MB/41MB, paused 247us total 32.748ms
08-05 13:45:44.867 11115 11138 I art     : Starting a blocking GC Explicit
08-05 13:45:44.900 11115 11138 I art     : Explicit concurrent mark sweep GC freed 3(96B) AllocSpace objects, 0(0B) LOS objects, 38% free, 25MB/41MB, paused 266us total 32.378ms
08-05 13:45:44.913 11115 11138 I art     : Starting a blocking GC Explicit
08-05 13:45:44.946 11115 11138 I art     : Explicit concurrent mark sweep GC freed 3(96B) AllocSpace objects, 0(0B) LOS objects, 38% free, 25MB/41MB, paused 257us total 32.629ms
08-05 13:45:44.960 11115 11138 I art     : Starting a blocking GC Explicit
08-05 13:45:44.993 11115 11138 I art     : Explicit concurrent mark sweep GC freed 3(96B) AllocSpace objects, 0(0B) LOS objects, 38% free, 25MB/41MB, paused 263us total 32.615ms
08-05 13:45:45.314 11115 11126 I art     : Starting a blocking GC Explicit
08-05 13:45:45.354 11115 11126 I art     : Explicit concurrent mark sweep GC freed 1347(79KB) AllocSpace objects, 1(20KB) LOS objects, 38% free, 25MB/41MB, paused 284us total 40.411ms
08-05 13:45:45.371 11115 11126 I art     : Starting a blocking GC Explicit
08-05 13:45:45.404 11115 11126 I art     : Explicit concurrent mark sweep GC freed 20(704B) AllocSpace objects, 0(0B) LOS objects, 38% free, 25MB/41MB, paused 268us total 32.505ms
08-05 13:45:45.418 11115 11126 I art     : Starting a blocking GC Explicit
08-05 13:45:45.451 11115 11126 I art     : Explicit concurrent mark sweep GC freed 3(96B) AllocSpace objects, 0(0B) LOS objects, 38% free, 25MB/41MB, paused 260us total 32.642ms
08-05 13:45:45.464 11115 11126 I art     : Starting a blocking GC Explicit
08-05 13:45:45.497 11115 11126 I art     : Explicit concurrent mark sweep GC freed 3(96B) AllocSpace objects, 0(0B) LOS objects, 38% free, 25MB/41MB, paused 293us total 32.674ms
08-05 13:45:45.511 11115 11126 I art     : Starting a blocking GC Explicit
08-05 13:45:45.543 11115 11126 I art     : Explicit concurrent mark sweep GC freed 3(96B) AllocSpace objects, 0(0B) LOS objects, 38% free, 25MB/41MB, paused 253us total 31.925ms
08-05 13:45:45.675   518   646 I ThermalEngine: ACTION: GPU - Setting GPU[0] to 600000000
08-05 13:45:45.851 11115 11412 I art     : Starting a blocking GC Explicit
08-05 13:45:45.888 11115 11412 I art     : Explicit concurrent mark sweep GC freed 1344(79KB) AllocSpace objects, 1(20KB) LOS objects, 38% free, 25MB/41MB, paused 272us total 36.194ms
08-05 13:45:45.904 11115 11412 I art     : Starting a blocking GC Explicit
08-05 13:45:45.934 11115 11412 I art     : Explicit concurrent mark sweep GC freed 20(704B) AllocSpace objects, 0(0B) LOS objects, 38% free, 25MB/41MB, paused 200us total 29.422ms
08-05 13:45:45.944 11115 11412 I art     : Starting a blocking GC Explicit
08-05 13:45:45.970 11115 11412 I art     : Explicit concurrent mark sweep GC freed 3(96B) AllocSpace objects, 0(0B) LOS objects, 38% free, 25MB/41MB, paused 194us total 25.945ms
08-05 13:45:45.981 11115 11412 I art     : Starting a blocking GC Explicit
08-05 13:45:46.007 11115 11412 I art     : Explicit concurrent mark sweep GC freed 3(96B) AllocSpace objects, 0(0B) LOS objects, 38% free, 25MB/41MB, paused 213us total 26.200ms
08-05 13:45:46.018 11115 11412 I art     : Starting a blocking GC Explicit
08-05 13:45:46.044 11115 11412 I art     : Explicit concurrent mark sweep GC freed 3(96B) AllocSpace objects, 0(0B) LOS objects, 38% free, 25MB/41MB, paused 191us total 25.433ms
08-05 13:45:46.297 11115 11597 I art     : Starting a blocking GC Explicit
08-05 13:45:46.324 11115 11597 I art     : Explicit concurrent mark sweep GC freed 1343(79KB) AllocSpace objects, 1(20KB) LOS objects, 38% free, 25MB/41MB, paused 202us total 26.853ms
08-05 13:45:46.335 11115 11597 I art     : Starting a blocking GC Explicit
08-05 13:45:46.361 11115 11597 I art     : Explicit concurrent mark sweep GC freed 20(704B) AllocSpace objects, 0(0B) LOS objects, 38% free, 25MB/41MB, paused 192us total 25.715ms
08-05 13:45:46.370 11115 11597 I art     : Starting a blocking GC Explicit
08-05 13:45:46.394 11115 11597 I art     : Explicit concurrent mark sweep GC freed 3(96B) AllocSpace objects, 0(0B) LOS objects, 38% free, 25MB/41MB, paused 186us total 23.965ms
08-05 13:45:46.405 11115 11597 I art     : Starting a blocking GC Explicit
08-05 13:45:46.431 11115 11597 I art     : Explicit concurrent mark sweep GC freed 3(96B) AllocSpace objects, 0(0B) LOS objects, 38% free, 25MB/41MB, paused 195us total 25.129ms
08-05 13:45:46.441 11115 11597 I art     : Starting a blocking GC Explicit
08-05 13:45:46.453 12066 12066 D AndroidRuntime: >>>>>> START com.android.internal.os.RuntimeInit uid 2000 <<<<<<
08-05 13:45:46.457 12066 12066 D AndroidRuntime: CheckJNI is OFF
08-05 13:45:46.464 11115 11597 I art     : Explicit concurrent mark sweep GC freed 3(96B) AllocSpace objects, 0(0B) LOS objects, 38% free, 25MB/41MB, paused 186us total 22.985ms
08-05 13:45:46.483 12066 12066 D ICU     : No timezone override file found: /data/misc/zoneinfo/current/icu/icu_tzdata.dat
08-05 13:45:46.508 12066 12066 I Radio-JNI: register_android_hardware_Radio DONE
08-05 13:45:46.524 12066 12066 D AndroidRuntime: Calling main entry com.android.commands.input.Input
08-05 13:45:46.526 12066 12066 I Input   : injectKeyEvent: KeyEvent { action=ACTION_DOWN, keyCode=KEYCODE_BACK, scanCode=0, metaState=0, flags=0x0, repeatCount=0, eventTime=798362939, downTime=798362939, deviceId=-1, source=0x101 }
08-05 13:45:46.532 12066 12066 I Input   : injectKeyEvent: KeyEvent { action=ACTION_UP, keyCode=KEYCODE_BACK, scanCode=0, metaState=0, flags=0x0, repeatCount=0, eventTime=798362939, downTime=798362939, deviceId=-1, source=0x101 }
08-05 13:45:46.537 12066 12066 D AndroidRuntime: Shutting down VM
08-05 13:45:46.580 13866 13866 I GoogleInputMethodServic: GoogleInputMethodService.onFinishInput():3138 
08-05 13:45:46.581 13866 13866 I GoogleInputMethodServic: GoogleInputMethodService.onStartInput():1808 
08-05 13:45:46.680 11115 11597 I art     : Starting a blocking GC Explicit
08-05 13:45:46.705 11115 11597 I art     : Explicit concurrent mark sweep GC freed 1587(87KB) AllocSpace objects, 1(20KB) LOS objects, 38% free, 25MB/41MB, paused 178us total 24.981ms
08-05 13:45:46.717 11115 11597 I art     : Starting a blocking GC Explicit
08-05 13:45:46.744 11115 11597 I art     : Explicit concurrent mark sweep GC freed 24(864B) AllocSpace objects, 0(0B) LOS objects, 38% free, 25MB/41MB, paused 195us total 27.178ms
08-05 13:45:46.758 11115 11597 I art     : Starting a blocking GC Explicit
08-05 13:45:46.781 11115 11597 I art     : Explicit concurrent mark sweep GC freed 3(96B) AllocSpace objects, 0(0B) LOS objects, 38% free, 25MB/41MB, paused 177us total 22.362ms
08-05 13:45:46.791 11115 11597 I art     : Starting a blocking GC Explicit
08-05 13:45:46.813 11115 11597 I art     : Explicit concurrent mark sweep GC freed 3(96B) AllocSpace objects, 0(0B) LOS objects, 38% free, 25MB/41MB, paused 179us total 22.164ms
08-05 13:45:46.823 11115 11597 I art     : Starting a blocking GC Explicit
08-05 13:45:46.845 11115 11597 I art     : Explicit concurrent mark sweep GC freed 3(96B) AllocSpace objects, 0(0B) LOS objects, 38% free, 25MB/41MB, paused 165us total 21.996ms
08-05 13:45:46.857 11115 11973 I RedditChangeDataIO: Writing tmp data file at '/data/user/0/baseline.org.quantumbadger.redreader/files/rr_change_data_tmp.dat'
08-05 13:45:46.857 11115 11973 I RedditChangeDataManager: Taking snapshot...
08-05 13:45:46.857 11115 11973 I RedditChangeDataManager: Writing to stream...
08-05 13:45:46.857 11115 11973 I RedditChangeDataManager: Wrote 2 entries for user ''
08-05 13:45:46.857 11115 11973 I RedditChangeDataManager: All entries written to stream.
08-05 13:45:46.857 11115 11973 I RedditChangeDataIO: Write successful. Atomically replacing data file...
08-05 13:45:46.858 11115 11973 I RedditChangeDataIO: Write complete.
08-05 13:45:46.858 11115 11973 I RedditChangeDataIO: 62 bytes written in 1 ms
08-05 13:45:46.910   380   380 W SurfaceFlinger: couldn't log to binary event log: overflow.
08-05 13:45:46.978   918  3261 D WifiStateMachine: starting scan for "H369AA63323"WPA_PSK with 2412,5180
08-05 13:45:47.096 11115 11597 I art     : Starting a blocking GC Explicit
08-05 13:45:47.122 11115 11597 I art     : Explicit concurrent mark sweep GC freed 1471(86KB) AllocSpace objects, 2(88KB) LOS objects, 38% free, 25MB/41MB, paused 208us total 26.114ms
08-05 13:45:47.132 11115 11597 I art     : Starting a blocking GC Explicit
08-05 13:45:47.154 11115 11597 I art     : Explicit concurrent mark sweep GC freed 3857(310KB) AllocSpace objects, 5(140KB) LOS objects, 39% free, 24MB/40MB, paused 181us total 22.300ms
08-05 13:45:47.163 11115 11597 I art     : Starting a blocking GC Explicit
08-05 13:45:47.187 11115 11597 I art     : Explicit concurrent mark sweep GC freed 3(96B) AllocSpace objects, 0(0B) LOS objects, 39% free, 24MB/40MB, paused 185us total 22.907ms
08-05 13:45:47.196 11115 11597 I art     : Starting a blocking GC Explicit
08-05 13:45:47.220 11115 11597 I art     : Explicit concurrent mark sweep GC freed 3(96B) AllocSpace objects, 0(0B) LOS objects, 39% free, 24MB/40MB, paused 181us total 23.714ms
08-05 13:45:47.230 11115 11597 I art     : Starting a blocking GC Explicit
08-05 13:45:47.253 11115 11597 I art     : Explicit concurrent mark sweep GC freed 238(36KB) AllocSpace objects, 0(0B) LOS objects, 39% free, 24MB/40MB, paused 165us total 23.449ms
08-05 13:45:47.540 11115 11412 I art     : Starting a blocking GC Explicit
08-05 13:45:47.575 11115 11412 I art     : Explicit concurrent mark sweep GC freed 1408(81KB) AllocSpace objects, 1(20KB) LOS objects, 39% free, 24MB/40MB, paused 211us total 34.532ms
08-05 13:45:47.588 11115 11412 I art     : Starting a blocking GC Explicit
08-05 13:45:47.613 11115 11412 I art     : Explicit concurrent mark sweep GC freed 20(704B) AllocSpace objects, 0(0B) LOS objects, 39% free, 24MB/40MB, paused 188us total 25.329ms
08-05 13:45:47.624 11115 11412 I art     : Starting a blocking GC Explicit
08-05 13:45:47.649 11115 11412 I art     : Explicit concurrent mark sweep GC freed 3(96B) AllocSpace objects, 0(0B) LOS objects, 39% free, 24MB/40MB, paused 179us total 25.402ms
08-05 13:45:47.659 11115 11412 I art     : Starting a blocking GC Explicit
08-05 13:45:47.684 11115 11412 I art     : Explicit concurrent mark sweep GC freed 3(96B) AllocSpace objects, 0(0B) LOS objects, 39% free, 24MB/40MB, paused 162us total 24.421ms
08-05 13:45:47.694 11115 11412 I art     : Starting a blocking GC Explicit
08-05 13:45:47.719 11115 11412 I art     : Explicit concurrent mark sweep GC freed 3(96B) AllocSpace objects, 0(0B) LOS objects, 39% free, 24MB/40MB, paused 174us total 24.764ms
08-05 13:45:47.970 11115 11127 I art     : Starting a blocking GC Explicit
08-05 13:45:47.997 11115 11127 I art     : Explicit concurrent mark sweep GC freed 1343(79KB) AllocSpace objects, 1(20KB) LOS objects, 39% free, 24MB/40MB, paused 186us total 26.137ms
08-05 13:45:48.007 11115 11127 I art     : Starting a blocking GC Explicit
08-05 13:45:48.032 11115 11127 I art     : Explicit concurrent mark sweep GC freed 20(704B) AllocSpace objects, 0(0B) LOS objects, 39% free, 24MB/40MB, paused 179us total 24.333ms
08-05 13:45:48.042 11115 11127 I art     : Starting a blocking GC Explicit
08-05 13:45:48.064 11115 11127 I art     : Explicit concurrent mark sweep GC freed 3(96B) AllocSpace objects, 0(0B) LOS objects, 39% free, 24MB/40MB, paused 169us total 22.561ms
08-05 13:45:48.075 11115 11127 I art     : Starting a blocking GC Explicit
08-05 13:45:48.083 12119 12119 D AndroidRuntime: >>>>>> START com.android.internal.os.RuntimeInit uid 2000 <<<<<<
08-05 13:45:48.087 12119 12119 D AndroidRuntime: CheckJNI is OFF
08-05 13:45:48.098 11115 11127 I art     : Explicit concurrent mark sweep GC freed 3(96B) AllocSpace objects, 0(0B) LOS objects, 39% free, 24MB/40MB, paused 179us total 23.193ms
08-05 13:45:48.107 11115 11127 I art     : Starting a blocking GC Explicit
08-05 13:45:48.116 12119 12119 D ICU     : No timezone override file found: /data/misc/zoneinfo/current/icu/icu_tzdata.dat
08-05 13:45:48.130 11115 11127 I art     : Explicit concurrent mark sweep GC freed 3(96B) AllocSpace objects, 0(0B) LOS objects, 39% free, 24MB/40MB, paused 179us total 22.929ms
08-05 13:45:48.141 12119 12119 I Radio-JNI: register_android_hardware_Radio DONE
08-05 13:45:48.157 12119 12119 D AndroidRuntime: Calling main entry com.android.commands.input.Input
08-05 13:45:48.158 12119 12119 I Input   : injectMotionEvent: MotionEvent { action=ACTION_DOWN, actionButton=0, id[0]=0, x[0]=600.0, y[0]=1200.0, toolType[0]=TOOL_TYPE_UNKNOWN, buttonState=0, metaState=0, flags=0x0, edgeFlags=0x0, pointerCount=1, historySize=0, eventTime=798364571, downTime=798364571, deviceId=0, source=0x1002 }
08-05 13:45:48.164 12119 12119 I Input   : injectMotionEvent: MotionEvent { action=ACTION_UP, actionButton=0, id[0]=0, x[0]=600.0, y[0]=1200.0, toolType[0]=TOOL_TYPE_UNKNOWN, buttonState=0, metaState=0, flags=0x0, edgeFlags=0x0, pointerCount=1, historySize=0, eventTime=798364571, downTime=798364571, deviceId=0, source=0x1002 }
08-05 13:45:48.165 12119 12119 D AndroidRuntime: Shutting down VM
08-05 13:45:48.181   512  2967 D audio_hw_primary: out_set_parameters: enter: usecase(1: low-latency-playback) kvpairs: routing=2
08-05 13:45:48.182   918  3670 I ActivityManager: START u0 {dat=https://oauth.reddit.com/... cmp=baseline.org.quantumbadger.redreader/.activities.CommentListingActivity} from uid 10689 on display 0
08-05 13:45:48.194   512  2967 D audio_hw_primary: select_devices: out_snd_device(2: speaker) in_snd_device(0: none)
08-05 13:45:48.195   512  2967 D msm8974_platform: platform_send_audio_calibration: sending audio calibration for snd_device(2) acdb_id(15)
08-05 13:45:48.195   512  2967 I soundtrigger: audio_extn_sound_trigger_update_device_status: device 0x2 of type 0 for Event 1
08-05 13:45:48.199 11115 11115 I AppCompatViewInflater: app:theme is now deprecated. Please move to using android:theme instead.
08-05 13:45:48.205   512  2967 D audio_hw_primary: enable_snd_device: snd_device(2: speaker)
08-05 13:45:48.207   512  2967 D audio_hw_primary: enable_audio_route: apply and update mixer path: low-latency-playback speaker
08-05 13:45:48.213 11115 12144 D OK      : calling: https://oauth.reddit.com/comments/hza888/.json?sort=confidence
08-05 13:45:48.273 13866 13866 I GoogleInputMethodServic: GoogleInputMethodService.onFinishInput():3138 
08-05 13:45:48.273   918   936 I ActivityManager: Displayed baseline.org.quantumbadger.redreader/.activities.CommentListingActivity: +84ms
08-05 13:45:48.274 13866 13866 I GoogleInputMethodServic: GoogleInputMethodService.onStartInput():1808 
08-05 13:45:48.349 11115 11127 I art     : Starting a blocking GC Explicit
08-05 13:45:48.373 11115 11127 I art     : Explicit concurrent mark sweep GC freed 4136(220KB) AllocSpace objects, 1(20KB) LOS objects, 38% free, 25MB/41MB, paused 192us total 22.961ms
08-05 13:45:48.383 11115 11127 I art     : Starting a blocking GC Explicit
08-05 13:45:48.406 11115 11127 I art     : Explicit concurrent mark sweep GC freed 2233(92KB) AllocSpace objects, 0(0B) LOS objects, 39% free, 25MB/41MB, paused 226us total 22.773ms
08-05 13:45:48.417 11115 11127 I art     : Starting a blocking GC Explicit
08-05 13:45:48.439 11115 11127 I art     : Explicit concurrent mark sweep GC freed 204(7KB) AllocSpace objects, 0(0B) LOS objects, 39% free, 25MB/41MB, paused 201us total 22.223ms
08-05 13:45:48.449 11115 11127 I art     : Starting a blocking GC Explicit
08-05 13:45:48.471 11115 11127 I art     : Explicit concurrent mark sweep GC freed 28(1328B) AllocSpace objects, 0(0B) LOS objects, 39% free, 25MB/41MB, paused 205us total 22.011ms
08-05 13:45:48.481 11115 11127 I art     : Starting a blocking GC Explicit
08-05 13:45:48.504 11115 11127 I art     : Explicit concurrent mark sweep GC freed 7(256B) AllocSpace objects, 0(0B) LOS objects, 39% free, 25MB/41MB, paused 221us total 22.727ms
08-05 13:45:48.530   380   380 W SurfaceFlinger: couldn't log to binary event log: overflow.
08-05 13:45:48.567 11115 12144 I NAPPA_EXPERIMENTATION: MetricNetworkRequestExecutionTime: REQUEST_DURATION_SYSTEM='354',REQUEST_DURATION_OKHTTP='157',REQUEST_SYNCHRONOUS='TRUE',RESPONSE_CODE='200',RESPONSE_METHOD='GET',RESPONSE_LENGTH_OKHTTP='-1',RESPONSE_LENGTH_HEADER='21928',REQUEST_PROTOCOL='h2',REQUEST_URL='https://oauth.reddit.com/comments/hza888/.json?sort=confidence',
08-05 13:45:48.567 11115 12144 D OK      : request got status: 200
08-05 13:45:48.579 11115 11693 I CommentListingActivity: COMMENTS session changed to ddeef170-c680-48bd-99f1-cc15a0783924
08-05 13:45:48.748   512  2967 D audio_hw_primary: disable_audio_route: reset and update mixer path: low-latency-playback speaker
08-05 13:45:48.749   512  2967 D audio_hw_primary: disable_snd_device: snd_device(2: speaker)
08-05 13:45:48.756   512  2967 I soundtrigger: audio_extn_sound_trigger_update_device_status: device 0x2 of type 0 for Event 0
08-05 13:45:48.767 11115 11138 I art     : Starting a blocking GC Explicit
08-05 13:45:48.798 11115 11138 I art     : Explicit concurrent mark sweep GC freed 19404(1152KB) AllocSpace objects, 3(156KB) LOS objects, 37% free, 26MB/42MB, paused 220us total 31.164ms
08-05 13:45:48.809 11115 11138 I art     : Starting a blocking GC Explicit
08-05 13:45:48.838 11115 11138 I art     : Explicit concurrent mark sweep GC freed 150(7KB) AllocSpace objects, 0(0B) LOS objects, 37% free, 26MB/42MB, paused 165us total 28.127ms
08-05 13:45:48.849 11115 11138 I art     : Starting a blocking GC Explicit
08-05 13:45:48.875 11115 11138 I art     : Explicit concurrent mark sweep GC freed 5(192B) AllocSpace objects, 0(0B) LOS objects, 37% free, 26MB/42MB, paused 180us total 26.347ms
08-05 13:45:48.885 11115 11138 I art     : Starting a blocking GC Explicit
08-05 13:45:48.911 11115 11138 I art     : Explicit concurrent mark sweep GC freed 3(96B) AllocSpace objects, 0(0B) LOS objects, 37% free, 26MB/42MB, paused 181us total 25.673ms
08-05 13:45:48.921 11115 11138 I art     : Starting a blocking GC Explicit
08-05 13:45:48.948 11115 11138 I art     : Explicit concurrent mark sweep GC freed 3(96B) AllocSpace objects, 0(0B) LOS objects, 37% free, 26MB/42MB, paused 161us total 27.019ms
08-05 13:45:49.233 11115 11127 I art     : Starting a blocking GC Explicit
08-05 13:45:49.267 11115 11127 I art     : Explicit concurrent mark sweep GC freed 1343(80KB) AllocSpace objects, 1(20KB) LOS objects, 37% free, 26MB/42MB, paused 188us total 33.546ms
08-05 13:45:49.278 11115 11127 I art     : Starting a blocking GC Explicit
08-05 13:45:49.307 11115 11127 I art     : Explicit concurrent mark sweep GC freed 66(2528B) AllocSpace objects, 0(0B) LOS objects, 37% free, 26MB/42MB, paused 185us total 29.440ms
08-05 13:45:49.308 11115 11125 I art     : WaitForGcToComplete blocked for 19.542ms for cause HeapTrim
08-05 13:45:49.318 11115 11127 I art     : Starting a blocking GC Explicit
08-05 13:45:49.348 11115 11127 I art     : Explicit concurrent mark sweep GC freed 3(96B) AllocSpace objects, 0(0B) LOS objects, 37% free, 26MB/42MB, paused 188us total 30.323ms
08-05 13:45:49.359 11115 11127 I art     : Starting a blocking GC Explicit
08-05 13:45:49.390 11115 11127 I art     : Explicit concurrent mark sweep GC freed 3(96B) AllocSpace objects, 0(0B) LOS objects, 37% free, 26MB/42MB, paused 210us total 31.023ms
08-05 13:45:49.402 11115 11127 I art     : Starting a blocking GC Explicit
08-05 13:45:49.434 11115 11127 I art     : Explicit concurrent mark sweep GC freed 3(96B) AllocSpace objects, 0(0B) LOS objects, 37% free, 26MB/42MB, paused 197us total 31.277ms
08-05 13:45:49.684   518   646 I ThermalEngine: ACTION: GPU - Setting GPU[0] to 510000000
08-05 13:45:49.729 11115 11138 I art     : Starting a blocking GC Explicit
08-05 13:45:49.773 11115 11138 I art     : Explicit concurrent mark sweep GC freed 1343(80KB) AllocSpace objects, 1(20KB) LOS objects, 37% free, 26MB/42MB, paused 290us total 43.915ms
08-05 13:45:49.791 11115 11138 I art     : Starting a blocking GC Explicit
08-05 13:45:49.830 11115 11138 I art     : Explicit concurrent mark sweep GC freed 20(704B) AllocSpace objects, 0(0B) LOS objects, 37% free, 26MB/42MB, paused 264us total 38.567ms
08-05 13:45:49.844 11115 11138 I art     : Starting a blocking GC Explicit
08-05 13:45:49.881 11115 11138 I art     : Explicit concurrent mark sweep GC freed 3(96B) AllocSpace objects, 0(0B) LOS objects, 37% free, 26MB/42MB, paused 256us total 37.205ms
08-05 13:45:49.895 11115 11138 I art     : Starting a blocking GC Explicit
08-05 13:45:49.934 11115 11138 I art     : Explicit concurrent mark sweep GC freed 3(96B) AllocSpace objects, 0(0B) LOS objects, 37% free, 26MB/42MB, paused 264us total 38.015ms
08-05 13:45:49.948 11115 11138 I art     : Starting a blocking GC Explicit
08-05 13:45:49.986 11115 11138 I art     : Explicit concurrent mark sweep GC freed 3(96B) AllocSpace objects, 0(0B) LOS objects, 37% free, 26MB/42MB, paused 263us total 37.853ms
08-05 13:45:50.307 11115 11412 I art     : Starting a blocking GC Explicit
08-05 13:45:50.364 11115 11412 I art     : Explicit concurrent mark sweep GC freed 1343(80KB) AllocSpace objects, 1(20KB) LOS objects, 37% free, 26MB/42MB, paused 289us total 56.340ms
08-05 13:45:50.382 11115 11412 I art     : Starting a blocking GC Explicit
08-05 13:45:50.419 11115 11412 I art     : Explicit concurrent mark sweep GC freed 20(704B) AllocSpace objects, 0(0B) LOS objects, 37% free, 26MB/42MB, paused 246us total 36.493ms
08-05 13:45:50.434 11115 11412 I art     : Starting a blocking GC Explicit
08-05 13:45:50.470 11115 11412 I art     : Explicit concurrent mark sweep GC freed 3(96B) AllocSpace objects, 0(0B) LOS objects, 37% free, 26MB/42MB, paused 268us total 35.520ms
08-05 13:45:50.484 11115 11412 I art     : Starting a blocking GC Explicit
08-05 13:45:50.519 11115 11412 I art     : Explicit concurrent mark sweep GC freed 3(96B) AllocSpace objects, 0(0B) LOS objects, 37% free, 26MB/42MB, paused 263us total 35.078ms
08-05 13:45:50.533 11115 11412 I art     : Starting a blocking GC Explicit
08-05 13:45:50.570 11115 11412 I art     : Explicit concurrent mark sweep GC freed 3(96B) AllocSpace objects, 0(0B) LOS objects, 37% free, 26MB/42MB, paused 263us total 37.178ms
08-05 13:45:50.829 12198 12198 D AndroidRuntime: >>>>>> START com.android.internal.os.RuntimeInit uid 2000 <<<<<<
08-05 13:45:50.834 12198 12198 D AndroidRuntime: CheckJNI is OFF
08-05 13:45:50.869 12198 12198 D ICU     : No timezone override file found: /data/misc/zoneinfo/current/icu/icu_tzdata.dat
08-05 13:45:50.882 11115 11597 I art     : Starting a blocking GC Explicit
08-05 13:45:50.904 12198 12198 I Radio-JNI: register_android_hardware_Radio DONE
08-05 13:45:50.920 11115 11597 I art     : Explicit concurrent mark sweep GC freed 1343(80KB) AllocSpace objects, 1(20KB) LOS objects, 37% free, 26MB/42MB, paused 257us total 37.786ms
08-05 13:45:50.926 12198 12198 D AndroidRuntime: Calling main entry com.android.commands.input.Input
08-05 13:45:50.928 12198 12198 I Input   : injectKeyEvent: KeyEvent { action=ACTION_DOWN, keyCode=KEYCODE_BACK, scanCode=0, metaState=0, flags=0x0, repeatCount=0, eventTime=798367341, downTime=798367341, deviceId=-1, source=0x101 }
08-05 13:45:50.932 12198 12198 I Input   : injectKeyEvent: KeyEvent { action=ACTION_UP, keyCode=KEYCODE_BACK, scanCode=0, metaState=0, flags=0x0, repeatCount=0, eventTime=798367341, downTime=798367341, deviceId=-1, source=0x101 }
08-05 13:45:50.934 11115 11597 I art     : Starting a blocking GC Explicit
08-05 13:45:50.938 12198 12198 D AndroidRuntime: Shutting down VM
08-05 13:45:50.967 11115 11597 I art     : Explicit concurrent mark sweep GC freed 146(5KB) AllocSpace objects, 0(0B) LOS objects, 37% free, 26MB/42MB, paused 246us total 32.700ms
08-05 13:45:50.979 13866 13866 I GoogleInputMethodServic: GoogleInputMethodService.onFinishInput():3138 
08-05 13:45:50.979 13866 13866 I GoogleInputMethodServic: GoogleInputMethodService.onStartInput():1808 
08-05 13:45:50.980 11115 11597 I art     : Starting a blocking GC Explicit
08-05 13:45:51.013 11115 11597 I art     : Explicit concurrent mark sweep GC freed 116(4KB) AllocSpace objects, 0(0B) LOS objects, 37% free, 26MB/42MB, paused 263us total 33.304ms
08-05 13:45:51.028 11115 11597 I art     : Starting a blocking GC Explicit
08-05 13:45:51.060 11115 11597 I art     : Explicit concurrent mark sweep GC freed 22(752B) AllocSpace objects, 0(0B) LOS objects, 37% free, 26MB/42MB, paused 231us total 31.244ms
08-05 13:45:51.073 11115 11597 I art     : Starting a blocking GC Explicit
08-05 13:45:51.105 11115 11597 I art     : Explicit concurrent mark sweep GC freed 3(96B) AllocSpace objects, 0(0B) LOS objects, 37% free, 26MB/42MB, paused 290us total 32.332ms
08-05 13:45:51.299   380   380 W SurfaceFlinger: couldn't log to binary event log: overflow.
08-05 13:45:51.373 11115 11597 I art     : Starting a blocking GC Explicit
08-05 13:45:51.411 11115 11597 I art     : Explicit concurrent mark sweep GC freed 1396(82KB) AllocSpace objects, 1(20KB) LOS objects, 37% free, 26MB/42MB, paused 271us total 37.898ms
08-05 13:45:51.425 11115 11597 I art     : Starting a blocking GC Explicit
08-05 13:45:51.459 11115 11597 I art     : Explicit concurrent mark sweep GC freed 22993(1247KB) AllocSpace objects, 5(164KB) LOS objects, 39% free, 24MB/40MB, paused 299us total 33.559ms
08-05 13:45:51.472 11115 11597 I art     : Starting a blocking GC Explicit
08-05 13:45:51.504 11115 11597 I art     : Explicit concurrent mark sweep GC freed 3(96B) AllocSpace objects, 0(0B) LOS objects, 39% free, 24MB/40MB, paused 252us total 30.825ms
08-05 13:45:51.517 11115 11597 I art     : Starting a blocking GC Explicit
08-05 13:45:51.548 11115 11597 I art     : Explicit concurrent mark sweep GC freed 3(96B) AllocSpace objects, 0(0B) LOS objects, 39% free, 24MB/40MB, paused 267us total 31.367ms
08-05 13:45:51.562 11115 11597 I art     : Starting a blocking GC Explicit
08-05 13:45:51.593 11115 11597 I art     : Explicit concurrent mark sweep GC freed 3(96B) AllocSpace objects, 0(0B) LOS objects, 39% free, 24MB/40MB, paused 261us total 30.883ms
08-05 13:45:51.881 11115 11126 I art     : Starting a blocking GC Explicit
08-05 13:45:51.916 11115 11126 I art     : Explicit concurrent mark sweep GC freed 1347(80KB) AllocSpace objects, 1(20KB) LOS objects, 39% free, 24MB/40MB, paused 290us total 34.488ms
08-05 13:45:51.933 11115 11126 I art     : Starting a blocking GC Explicit
08-05 13:45:51.963 11115 11126 I art     : Explicit concurrent mark sweep GC freed 20(704B) AllocSpace objects, 0(0B) LOS objects, 39% free, 24MB/40MB, paused 263us total 30.211ms
08-05 13:45:51.976 11115 11126 I art     : Starting a blocking GC Explicit
08-05 13:45:52.009 11115 11126 I art     : Explicit concurrent mark sweep GC freed 3(96B) AllocSpace objects, 0(0B) LOS objects, 39% free, 24MB/40MB, paused 263us total 31.783ms
08-05 13:45:52.022 11115 11126 I art     : Starting a blocking GC Explicit
08-05 13:45:52.054 11115 11126 I art     : Explicit concurrent mark sweep GC freed 3(96B) AllocSpace objects, 0(0B) LOS objects, 39% free, 24MB/40MB, paused 271us total 31.475ms
08-05 13:45:52.067 11115 11126 I art     : Starting a blocking GC Explicit
08-05 13:45:52.098 11115 11126 I art     : Explicit concurrent mark sweep GC freed 3(96B) AllocSpace objects, 0(0B) LOS objects, 39% free, 24MB/40MB, paused 256us total 31.188ms
08-05 13:45:52.365 11115 11127 I art     : Starting a blocking GC Explicit
08-05 13:45:52.397 11115 11127 I art     : Explicit concurrent mark sweep GC freed 1344(80KB) AllocSpace objects, 1(20KB) LOS objects, 39% free, 24MB/40MB, paused 267us total 31.063ms
08-05 13:45:52.410 11115 11127 I art     : Starting a blocking GC Explicit
08-05 13:45:52.440 11115 11127 I art     : Explicit concurrent mark sweep GC freed 20(704B) AllocSpace objects, 0(0B) LOS objects, 39% free, 24MB/40MB, paused 262us total 30.240ms
08-05 13:45:52.453 11115 11127 I art     : Starting a blocking GC Explicit
08-05 13:45:52.483 11115 11127 I art     : Explicit concurrent mark sweep GC freed 3(96B) AllocSpace objects, 0(0B) LOS objects, 39% free, 24MB/40MB, paused 264us total 29.766ms
08-05 13:45:52.496 11115 11127 I art     : Starting a blocking GC Explicit
08-05 13:45:52.525 11115 11127 I art     : Explicit concurrent mark sweep GC freed 3(96B) AllocSpace objects, 0(0B) LOS objects, 39% free, 24MB/40MB, paused 263us total 29.124ms
08-05 13:45:52.538 11115 11127 I art     : Starting a blocking GC Explicit
08-05 13:45:52.568 11115 11127 I art     : Explicit concurrent mark sweep GC freed 3(96B) AllocSpace objects, 0(0B) LOS objects, 39% free, 24MB/40MB, paused 259us total 29.493ms
08-05 13:45:52.599 12242 12242 D AndroidRuntime: >>>>>> START com.android.internal.os.RuntimeInit uid 2000 <<<<<<
08-05 13:45:52.604 12242 12242 D AndroidRuntime: CheckJNI is OFF
08-05 13:45:52.639 12242 12242 D ICU     : No timezone override file found: /data/misc/zoneinfo/current/icu/icu_tzdata.dat
08-05 13:45:52.672 12242 12242 I Radio-JNI: register_android_hardware_Radio DONE
08-05 13:45:52.693 12242 12242 D AndroidRuntime: Calling main entry com.android.commands.input.Input
08-05 13:45:52.695 12242 12242 I Input   : injectMotionEvent: MotionEvent { action=ACTION_DOWN, actionButton=0, id[0]=0, x[0]=600.0, y[0]=950.0, toolType[0]=TOOL_TYPE_UNKNOWN, buttonState=0, metaState=0, flags=0x0, edgeFlags=0x0, pointerCount=1, historySize=0, eventTime=798369108, downTime=798369108, deviceId=0, source=0x1002 }
08-05 13:45:52.702 12242 12242 I Input   : injectMotionEvent: MotionEvent { action=ACTION_UP, actionButton=0, id[0]=0, x[0]=600.0, y[0]=950.0, toolType[0]=TOOL_TYPE_UNKNOWN, buttonState=0, metaState=0, flags=0x0, edgeFlags=0x0, pointerCount=1, historySize=0, eventTime=798369108, downTime=798369108, deviceId=0, source=0x1002 }
08-05 13:45:52.706 12242 12242 D AndroidRuntime: Shutting down VM
08-05 13:45:52.720   512  2967 D audio_hw_primary: out_set_parameters: enter: usecase(1: low-latency-playback) kvpairs: routing=2
08-05 13:45:52.722   918  3714 I ActivityManager: START u0 {dat=https://oauth.reddit.com/... cmp=baseline.org.quantumbadger.redreader/.activities.CommentListingActivity} from uid 10689 on display 0
08-05 13:45:52.733   512  2967 D audio_hw_primary: select_devices: out_snd_device(2: speaker) in_snd_device(0: none)
08-05 13:45:52.733   512  2967 D msm8974_platform: platform_send_audio_calibration: sending audio calibration for snd_device(2) acdb_id(15)
08-05 13:45:52.733   512  2967 I soundtrigger: audio_extn_sound_trigger_update_device_status: device 0x2 of type 0 for Event 1
08-05 13:45:52.743 11115 11115 I AppCompatViewInflater: app:theme is now deprecated. Please move to using android:theme instead.
08-05 13:45:52.744   512  2967 D audio_hw_primary: enable_snd_device: snd_device(2: speaker)
08-05 13:45:52.746   512  2967 D audio_hw_primary: enable_audio_route: apply and update mixer path: low-latency-playback speaker
08-05 13:45:52.760 11115 11693 I CommentListingActivity: COMMENTS session changed to 80b30ec1-b224-46ee-a453-6cf79e1ea54b
08-05 13:45:52.818 11115 11126 I art     : Starting a blocking GC Explicit
08-05 13:45:52.828   918   936 I ActivityManager: Displayed baseline.org.quantumbadger.redreader/.activities.CommentListingActivity: +97ms
08-05 13:45:52.844 13866 13866 I GoogleInputMethodServic: GoogleInputMethodService.onFinishInput():3138 
08-05 13:45:52.844 13866 13866 I GoogleInputMethodServic: GoogleInputMethodService.onStartInput():1808 
08-05 13:45:52.850 11115 11126 I art     : Explicit concurrent mark sweep GC freed 7399(543KB) AllocSpace objects, 3(52KB) LOS objects, 38% free, 25MB/41MB, paused 616us total 31.868ms
08-05 13:45:52.864 11115 11126 I art     : Starting a blocking GC Explicit
08-05 13:45:52.896 11115 11126 I art     : Explicit concurrent mark sweep GC freed 999(44KB) AllocSpace objects, 0(0B) LOS objects, 38% free, 25MB/41MB, paused 315us total 32.588ms
08-05 13:45:52.909 11115 11126 I art     : Starting a blocking GC Explicit
08-05 13:45:52.937 11115 11126 I art     : Explicit concurrent mark sweep GC freed 18(816B) AllocSpace objects, 0(0B) LOS objects, 38% free, 25MB/41MB, paused 256us total 27.804ms
08-05 13:45:52.950 11115 11126 I art     : Starting a blocking GC Explicit
08-05 13:45:52.980 11115 11126 I art     : Explicit concurrent mark sweep GC freed 6(224B) AllocSpace objects, 0(0B) LOS objects, 38% free, 25MB/41MB, paused 247us total 29.556ms
08-05 13:45:52.992 11115 11126 I art     : Starting a blocking GC Explicit
08-05 13:45:53.030 11115 11126 I art     : Explicit concurrent mark sweep GC freed 3(96B) AllocSpace objects, 0(0B) LOS objects, 38% free, 25MB/41MB, paused 259us total 37.404ms
08-05 13:45:53.084   380   380 W SurfaceFlinger: couldn't log to binary event log: overflow.
08-05 13:45:53.190 11115 12143 I RedditChangeDataIO: Writing tmp data file at '/data/user/0/baseline.org.quantumbadger.redreader/files/rr_change_data_tmp.dat'
08-05 13:45:53.191 11115 12143 I RedditChangeDataManager: Taking snapshot...
08-05 13:45:53.191 11115 12143 I RedditChangeDataManager: Writing to stream...
08-05 13:45:53.191 11115 12143 I RedditChangeDataManager: Wrote 3 entries for user ''
08-05 13:45:53.191 11115 12143 I RedditChangeDataManager: All entries written to stream.
08-05 13:45:53.191 11115 12143 I RedditChangeDataIO: Write successful. Atomically replacing data file...
08-05 13:45:53.192 11115 12143 I RedditChangeDataIO: Write complete.
08-05 13:45:53.192 11115 12143 I RedditChangeDataIO: 86 bytes written in 2 ms
08-05 13:45:53.278   512  2967 D audio_hw_primary: disable_audio_route: reset and update mixer path: low-latency-playback speaker
08-05 13:45:53.279   512  2967 D audio_hw_primary: disable_snd_device: snd_device(2: speaker)
08-05 13:45:53.288   512  2967 I soundtrigger: audio_extn_sound_trigger_update_device_status: device 0x2 of type 0 for Event 0
08-05 13:45:53.305 11115 11138 I art     : Starting a blocking GC Explicit
08-05 13:45:53.338 11115 11138 I art     : Explicit concurrent mark sweep GC freed 1504(87KB) AllocSpace objects, 2(88KB) LOS objects, 38% free, 25MB/41MB, paused 392us total 32.429ms
08-05 13:45:53.352 11115 11138 I art     : Starting a blocking GC Explicit
08-05 13:45:53.383 11115 11138 I art     : Explicit concurrent mark sweep GC freed 23(800B) AllocSpace objects, 0(0B) LOS objects, 38% free, 25MB/41MB, paused 261us total 31.336ms
08-05 13:45:53.396 11115 11138 I art     : Starting a blocking GC Explicit
08-05 13:45:53.426 11115 11138 I art     : Explicit concurrent mark sweep GC freed 49(1920B) AllocSpace objects, 0(0B) LOS objects, 38% free, 25MB/41MB, paused 256us total 29.827ms
08-05 13:45:53.440 11115 11138 I art     : Starting a blocking GC Explicit
08-05 13:45:53.472 11115 11138 I art     : Explicit concurrent mark sweep GC freed 3(96B) AllocSpace objects, 0(0B) LOS objects, 38% free, 25MB/41MB, paused 257us total 31.872ms
08-05 13:45:53.486 11115 11138 I art     : Starting a blocking GC Explicit
08-05 13:45:53.518 11115 11138 I art     : Explicit concurrent mark sweep GC freed 3(96B) AllocSpace objects, 0(0B) LOS objects, 38% free, 25MB/41MB, paused 257us total 31.929ms
08-05 13:45:53.802 11115 11412 I art     : Starting a blocking GC Explicit
08-05 13:45:53.844 11115 11412 I art     : Explicit concurrent mark sweep GC freed 1578(116KB) AllocSpace objects, 1(20KB) LOS objects, 38% free, 25MB/41MB, paused 249us total 41.712ms
08-05 13:45:53.862 11115 11412 I art     : Starting a blocking GC Explicit
08-05 13:45:53.894 11115 11412 I art     : Explicit concurrent mark sweep GC freed 85(2880B) AllocSpace objects, 0(0B) LOS objects, 38% free, 25MB/41MB, paused 227us total 31.960ms
08-05 13:45:53.908 11115 11412 I art     : Starting a blocking GC Explicit
08-05 13:45:53.940 11115 11412 I art     : Explicit concurrent mark sweep GC freed 3(96B) AllocSpace objects, 0(0B) LOS objects, 38% free, 25MB/41MB, paused 228us total 32.357ms
08-05 13:45:53.954 11115 11412 I art     : Starting a blocking GC Explicit
08-05 13:45:53.987 11115 11412 I art     : Explicit concurrent mark sweep GC freed 3(96B) AllocSpace objects, 0(0B) LOS objects, 38% free, 25MB/41MB, paused 237us total 32.528ms
08-05 13:45:54.000 11115 11412 I art     : Starting a blocking GC Explicit
08-05 13:45:54.033 11115 11412 I art     : Explicit concurrent mark sweep GC freed 3(96B) AllocSpace objects, 0(0B) LOS objects, 38% free, 25MB/41MB, paused 232us total 32.625ms
08-05 13:45:54.328 11115 11126 I art     : Starting a blocking GC Explicit
08-05 13:45:54.363 11115 11126 I art     : Explicit concurrent mark sweep GC freed 1343(80KB) AllocSpace objects, 1(20KB) LOS objects, 38% free, 25MB/41MB, paused 232us total 33.795ms
08-05 13:45:54.363 11115 11125 I art     : WaitForGcToComplete blocked for 14.885ms for cause HeapTrim
08-05 13:45:54.376 11115 11126 I art     : Starting a blocking GC Explicit
08-05 13:45:54.408 11115 11126 I art     : Explicit concurrent mark sweep GC freed 20(704B) AllocSpace objects, 0(0B) LOS objects, 38% free, 25MB/41MB, paused 238us total 31.585ms
08-05 13:45:54.421 11115 11126 I art     : Starting a blocking GC Explicit
08-05 13:45:54.454 11115 11126 I art     : Explicit concurrent mark sweep GC freed 3(96B) AllocSpace objects, 0(0B) LOS objects, 38% free, 25MB/41MB, paused 246us total 32.209ms
08-05 13:45:54.467 11115 11126 I art     : Starting a blocking GC Explicit
08-05 13:45:54.500 11115 11126 I art     : Explicit concurrent mark sweep GC freed 3(96B) AllocSpace objects, 0(0B) LOS objects, 38% free, 25MB/41MB, paused 229us total 32.062ms
08-05 13:45:54.513 11115 11126 I art     : Starting a blocking GC Explicit
08-05 13:45:54.546 11115 11126 I art     : Explicit concurrent mark sweep GC freed 3(96B) AllocSpace objects, 0(0B) LOS objects, 38% free, 25MB/41MB, paused 240us total 32.046ms
08-05 13:45:54.868 11115 11127 I art     : Starting a blocking GC Explicit
08-05 13:45:54.909 11115 11127 I art     : Explicit concurrent mark sweep GC freed 1343(80KB) AllocSpace objects, 1(20KB) LOS objects, 38% free, 25MB/41MB, paused 262us total 40.809ms
08-05 13:45:54.926 11115 11127 I art     : Starting a blocking GC Explicit
08-05 13:45:54.958 11115 11127 I art     : Explicit concurrent mark sweep GC freed 20(704B) AllocSpace objects, 0(0B) LOS objects, 38% free, 25MB/41MB, paused 240us total 31.819ms
08-05 13:45:54.971 11115 11127 I art     : Starting a blocking GC Explicit
08-05 13:45:55.003 11115 11127 I art     : Explicit concurrent mark sweep GC freed 3(96B) AllocSpace objects, 0(0B) LOS objects, 38% free, 25MB/41MB, paused 234us total 32.042ms
08-05 13:45:55.017 11115 11127 I art     : Starting a blocking GC Explicit
08-05 13:45:55.050 11115 11127 I art     : Explicit concurrent mark sweep GC freed 3(96B) AllocSpace objects, 0(0B) LOS objects, 38% free, 25MB/41MB, paused 226us total 32.814ms
08-05 13:45:55.064 11115 11127 I art     : Starting a blocking GC Explicit
08-05 13:45:55.097 11115 11127 I art     : Explicit concurrent mark sweep GC freed 3(96B) AllocSpace objects, 0(0B) LOS objects, 38% free, 25MB/41MB, paused 229us total 32.727ms
08-05 13:45:55.423 11115 11597 I art     : Starting a blocking GC Explicit
08-05 13:45:55.468 11115 11597 I art     : Explicit concurrent mark sweep GC freed 1343(80KB) AllocSpace objects, 1(20KB) LOS objects, 38% free, 25MB/41MB, paused 351us total 44.339ms
08-05 13:45:55.484 11115 11597 I art     : Starting a blocking GC Explicit
08-05 13:45:55.517 11115 11597 I art     : Explicit concurrent mark sweep GC freed 20(704B) AllocSpace objects, 0(0B) LOS objects, 38% free, 25MB/41MB, paused 256us total 32.868ms
08-05 13:45:55.531 11115 11597 I art     : Starting a blocking GC Explicit
08-05 13:45:55.563 11115 11597 I art     : Explicit concurrent mark sweep GC freed 3(96B) AllocSpace objects, 0(0B) LOS objects, 38% free, 25MB/41MB, paused 234us total 32.501ms
08-05 13:45:55.577 11115 11597 I art     : Starting a blocking GC Explicit
08-05 13:45:55.610 11115 11597 I art     : Explicit concurrent mark sweep GC freed 3(96B) AllocSpace objects, 0(0B) LOS objects, 38% free, 25MB/41MB, paused 229us total 32.246ms
08-05 13:45:55.623 11115 11597 I art     : Starting a blocking GC Explicit
08-05 13:45:55.656 11115 11597 I art     : Explicit concurrent mark sweep GC freed 3(96B) AllocSpace objects, 0(0B) LOS objects, 38% free, 25MB/41MB, paused 229us total 32.688ms
08-05 13:45:55.693   518   646 I ThermalEngine: ACTION: GPU - Setting GPU[0] to 600000000
08-05 13:45:56.025 11115 11138 I art     : Starting a blocking GC Explicit
08-05 13:45:56.068 11115 11138 I art     : Explicit concurrent mark sweep GC freed 1343(80KB) AllocSpace objects, 1(20KB) LOS objects, 38% free, 25MB/41MB, paused 222us total 42.908ms
08-05 13:45:56.083 11115 11138 I art     : Starting a blocking GC Explicit
08-05 13:45:56.110 11115 11138 I art     : Explicit concurrent mark sweep GC freed 20(704B) AllocSpace objects, 0(0B) LOS objects, 38% free, 25MB/41MB, paused 185us total 27.026ms
08-05 13:45:56.121 11115 11138 I art     : Starting a blocking GC Explicit
08-05 13:45:56.148 11115 11138 I art     : Explicit concurrent mark sweep GC freed 3(96B) AllocSpace objects, 0(0B) LOS objects, 38% free, 25MB/41MB, paused 168us total 26.687ms
08-05 13:45:56.159 11115 11138 I art     : Starting a blocking GC Explicit
08-05 13:45:56.185 11115 11138 I art     : Explicit concurrent mark sweep GC freed 3(96B) AllocSpace objects, 0(0B) LOS objects, 38% free, 25MB/41MB, paused 173us total 25.950ms
08-05 13:45:56.195 11115 11138 I art     : Starting a blocking GC Explicit
08-05 13:45:56.221 11115 11138 I art     : Explicit concurrent mark sweep GC freed 3(96B) AllocSpace objects, 0(0B) LOS objects, 38% free, 25MB/41MB, paused 172us total 25.495ms
08-05 13:45:56.543 11115 11412 I art     : Starting a blocking GC Explicit
08-05 13:45:56.580 11115 11412 I art     : Explicit concurrent mark sweep GC freed 1345(80KB) AllocSpace objects, 1(20KB) LOS objects, 38% free, 25MB/41MB, paused 202us total 37.033ms
08-05 13:45:56.596 11115 11412 I art     : Starting a blocking GC Explicit
08-05 13:45:56.626 11115 11412 I art     : Explicit concurrent mark sweep GC freed 20(704B) AllocSpace objects, 0(0B) LOS objects, 38% free, 25MB/41MB, paused 182us total 29.797ms
08-05 13:45:56.637 11115 11412 I art     : Starting a blocking GC Explicit
08-05 13:45:56.664 11115 11412 I art     : Explicit concurrent mark sweep GC freed 3(96B) AllocSpace objects, 0(0B) LOS objects, 38% free, 25MB/41MB, paused 170us total 26.665ms
08-05 13:45:56.674 11115 11412 I art     : Starting a blocking GC Explicit
08-05 13:45:56.700 11115 11412 I art     : Explicit concurrent mark sweep GC freed 3(96B) AllocSpace objects, 0(0B) LOS objects, 38% free, 25MB/41MB, paused 175us total 26.048ms
08-05 13:45:56.711 11115 11412 I art     : Starting a blocking GC Explicit
08-05 13:45:56.737 11115 11412 I art     : Explicit concurrent mark sweep GC freed 3(96B) AllocSpace objects, 0(0B) LOS objects, 38% free, 25MB/41MB, paused 195us total 25.460ms
08-05 13:45:57.029 11115 11126 I art     : Starting a blocking GC Explicit
08-05 13:45:57.056 11115 11126 I art     : Explicit concurrent mark sweep GC freed 1343(80KB) AllocSpace objects, 1(20KB) LOS objects, 38% free, 25MB/41MB, paused 220us total 26.831ms
08-05 13:45:57.066 11115 11126 I art     : Starting a blocking GC Explicit
08-05 13:45:57.092 11115 11126 I art     : Explicit concurrent mark sweep GC freed 20(704B) AllocSpace objects, 0(0B) LOS objects, 38% free, 25MB/41MB, paused 176us total 25.500ms
08-05 13:45:57.102 11115 11126 I art     : Starting a blocking GC Explicit
08-05 13:45:57.127 11115 11126 I art     : Explicit concurrent mark sweep GC freed 3(96B) AllocSpace objects, 0(0B) LOS objects, 38% free, 25MB/41MB, paused 172us total 24.117ms
08-05 13:45:57.136 11115 11126 I art     : Starting a blocking GC Explicit
08-05 13:45:57.161 11115 11126 I art     : Explicit concurrent mark sweep GC freed 3(96B) AllocSpace objects, 0(0B) LOS objects, 38% free, 25MB/41MB, paused 165us total 24.186ms
08-05 13:45:57.170 11115 11126 I art     : Starting a blocking GC Explicit
08-05 13:45:57.195 11115 11126 I art     : Explicit concurrent mark sweep GC freed 3(96B) AllocSpace objects, 0(0B) LOS objects, 38% free, 25MB/41MB, paused 169us total 24.481ms
08-05 13:45:57.281 12353 12353 D AndroidRuntime: >>>>>> START com.android.internal.os.RuntimeInit uid 2000 <<<<<<
08-05 13:45:57.286 12353 12353 D AndroidRuntime: CheckJNI is OFF
08-05 13:45:57.318 12353 12353 D ICU     : No timezone override file found: /data/misc/zoneinfo/current/icu/icu_tzdata.dat
08-05 13:45:57.345 12353 12353 I Radio-JNI: register_android_hardware_Radio DONE
08-05 13:45:57.361 12353 12353 D AndroidRuntime: Calling main entry com.android.commands.input.Input
08-05 13:45:57.363 12353 12353 I Input   : injectKeyEvent: KeyEvent { action=ACTION_DOWN, keyCode=KEYCODE_BACK, scanCode=0, metaState=0, flags=0x0, repeatCount=0, eventTime=798373776, downTime=798373776, deviceId=-1, source=0x101 }
08-05 13:45:57.368 12353 12353 I Input   : injectKeyEvent: KeyEvent { action=ACTION_UP, keyCode=KEYCODE_BACK, scanCode=0, metaState=0, flags=0x0, repeatCount=0, eventTime=798373776, downTime=798373776, deviceId=-1, source=0x101 }
08-05 13:45:57.374 12353 12353 D AndroidRuntime: Shutting down VM
08-05 13:45:57.417 13866 13866 I GoogleInputMethodServic: GoogleInputMethodService.onFinishInput():3138 
08-05 13:45:57.417 13866 13866 I GoogleInputMethodServic: GoogleInputMethodService.onStartInput():1808 
08-05 13:45:57.447 11115 11138 I art     : Starting a blocking GC Explicit
08-05 13:45:57.473 11115 11138 I art     : Explicit concurrent mark sweep GC freed 1586(88KB) AllocSpace objects, 1(20KB) LOS objects, 38% free, 25MB/41MB, paused 201us total 25.049ms
08-05 13:45:57.483 11115 11138 I art     : Starting a blocking GC Explicit
08-05 13:45:57.505 11115 11138 I art     : Explicit concurrent mark sweep GC freed 26(944B) AllocSpace objects, 0(0B) LOS objects, 38% free, 25MB/41MB, paused 174us total 22.061ms
08-05 13:45:57.515 11115 11138 I art     : Starting a blocking GC Explicit
08-05 13:45:57.541 11115 11138 I art     : Explicit concurrent mark sweep GC freed 3(96B) AllocSpace objects, 0(0B) LOS objects, 38% free, 25MB/41MB, paused 158us total 25.211ms
08-05 13:45:57.554 11115 11138 I art     : Starting a blocking GC Explicit
08-05 13:45:57.584 11115 11138 I art     : Explicit concurrent mark sweep GC freed 3(96B) AllocSpace objects, 0(0B) LOS objects, 38% free, 25MB/41MB, paused 192us total 29.699ms
08-05 13:45:57.596 11115 11138 I art     : Starting a blocking GC Explicit
08-05 13:45:57.630 11115 11138 I art     : Explicit concurrent mark sweep GC freed 3(96B) AllocSpace objects, 0(0B) LOS objects, 38% free, 25MB/41MB, paused 221us total 33.259ms
08-05 13:45:57.723   380   380 W SurfaceFlinger: couldn't log to binary event log: overflow.
08-05 13:45:57.849 11115 11412 I art     : Starting a blocking GC Explicit
08-05 13:45:57.874 11115 11412 I art     : Explicit concurrent mark sweep GC freed 1395(82KB) AllocSpace objects, 1(20KB) LOS objects, 38% free, 25MB/41MB, paused 171us total 24.666ms
08-05 13:45:57.884 11115 11412 I art     : Starting a blocking GC Explicit
08-05 13:45:57.907 11115 11412 I art     : Explicit concurrent mark sweep GC freed 3864(311KB) AllocSpace objects, 5(140KB) LOS objects, 39% free, 24MB/40MB, paused 169us total 23.221ms
08-05 13:45:57.916 11115 11412 I art     : Starting a blocking GC Explicit
08-05 13:45:57.941 11115 11412 I art     : Explicit concurrent mark sweep GC freed 15(544B) AllocSpace objects, 0(0B) LOS objects, 39% free, 24MB/40MB, paused 170us total 24.396ms
08-05 13:45:57.951 11115 11412 I art     : Starting a blocking GC Explicit
08-05 13:45:57.976 11115 11412 I art     : Explicit concurrent mark sweep GC freed 3(96B) AllocSpace objects, 0(0B) LOS objects, 39% free, 24MB/40MB, paused 164us total 24.610ms
08-05 13:45:57.986 11115 11412 I art     : Starting a blocking GC Explicit
08-05 13:45:58.011 11115 11412 I art     : Explicit concurrent mark sweep GC freed 3(96B) AllocSpace objects, 0(0B) LOS objects, 39% free, 24MB/40MB, paused 158us total 24.708ms
08-05 13:45:58.279 11115 11138 I art     : Starting a blocking GC Explicit
08-05 13:45:58.311 11115 11138 I art     : Explicit concurrent mark sweep GC freed 1343(80KB) AllocSpace objects, 1(20KB) LOS objects, 39% free, 24MB/40MB, paused 180us total 32.481ms
08-05 13:45:58.322 11115 11138 I art     : Starting a blocking GC Explicit
08-05 13:45:58.348 11115 11138 I art     : Explicit concurrent mark sweep GC freed 20(704B) AllocSpace objects, 0(0B) LOS objects, 39% free, 24MB/40MB, paused 170us total 25.642ms
08-05 13:45:58.358 11115 11138 I art     : Starting a blocking GC Explicit
08-05 13:45:58.384 11115 11138 I art     : Explicit concurrent mark sweep GC freed 3(96B) AllocSpace objects, 0(0B) LOS objects, 39% free, 24MB/40MB, paused 164us total 25.260ms
08-05 13:45:58.395 11115 11138 I art     : Starting a blocking GC Explicit
08-05 13:45:58.419 11115 11138 I art     : Explicit concurrent mark sweep GC freed 3(96B) AllocSpace objects, 0(0B) LOS objects, 39% free, 24MB/40MB, paused 173us total 24.212ms
08-05 13:45:58.429 11115 11138 I art     : Starting a blocking GC Explicit
08-05 13:45:58.453 11115 11138 I art     : Explicit concurrent mark sweep GC freed 3(96B) AllocSpace objects, 0(0B) LOS objects, 39% free, 24MB/40MB, paused 171us total 24.009ms
08-05 13:45:58.708 11115 11126 I art     : Starting a blocking GC Explicit
08-05 13:45:58.733 11115 11126 I art     : Explicit concurrent mark sweep GC freed 1343(80KB) AllocSpace objects, 1(20KB) LOS objects, 39% free, 24MB/40MB, paused 178us total 24.910ms
08-05 13:45:58.743 11115 11126 I art     : Starting a blocking GC Explicit
08-05 13:45:58.768 11115 11126 I art     : Explicit concurrent mark sweep GC freed 20(704B) AllocSpace objects, 0(0B) LOS objects, 39% free, 24MB/40MB, paused 173us total 24.711ms
08-05 13:45:58.778 11115 11126 I art     : Starting a blocking GC Explicit
08-05 13:45:58.802 11115 11126 I art     : Explicit concurrent mark sweep GC freed 3(96B) AllocSpace objects, 0(0B) LOS objects, 39% free, 24MB/40MB, paused 165us total 23.482ms
08-05 13:45:58.812 11115 11126 I art     : Starting a blocking GC Explicit
08-05 13:45:58.836 11115 11126 I art     : Explicit concurrent mark sweep GC freed 3(96B) AllocSpace objects, 0(0B) LOS objects, 39% free, 24MB/40MB, paused 174us total 23.987ms
08-05 13:45:58.846 11115 11126 I art     : Starting a blocking GC Explicit
08-05 13:45:58.869 11115 11126 I art     : Explicit concurrent mark sweep GC freed 3(96B) AllocSpace objects, 0(0B) LOS objects, 39% free, 24MB/40MB, paused 172us total 23.048ms
08-05 13:45:58.943 12404 12404 D AndroidRuntime: >>>>>> START com.android.internal.os.RuntimeInit uid 2000 <<<<<<
08-05 13:45:58.947 12404 12404 D AndroidRuntime: CheckJNI is OFF
08-05 13:45:58.979 12404 12404 D ICU     : No timezone override file found: /data/misc/zoneinfo/current/icu/icu_tzdata.dat
08-05 13:45:59.009 12404 12404 I Radio-JNI: register_android_hardware_Radio DONE
08-05 13:45:59.025 12404 12404 D AndroidRuntime: Calling main entry com.android.commands.input.Input
08-05 13:45:59.027 12404 12404 I Input   : injectMotionEvent: MotionEvent { action=ACTION_DOWN, actionButton=0, id[0]=0, x[0]=600.0, y[0]=700.0, toolType[0]=TOOL_TYPE_UNKNOWN, buttonState=0, metaState=0, flags=0x0, edgeFlags=0x0, pointerCount=1, historySize=0, eventTime=798375440, downTime=798375440, deviceId=0, source=0x1002 }
08-05 13:45:59.032 12404 12404 I Input   : injectMotionEvent: MotionEvent { action=ACTION_UP, actionButton=0, id[0]=0, x[0]=600.0, y[0]=700.0, toolType[0]=TOOL_TYPE_UNKNOWN, buttonState=0, metaState=0, flags=0x0, edgeFlags=0x0, pointerCount=1, historySize=0, eventTime=798375440, downTime=798375440, deviceId=0, source=0x1002 }
08-05 13:45:59.033 12404 12404 D AndroidRuntime: Shutting down VM
08-05 13:45:59.045   512  2967 D audio_hw_primary: out_set_parameters: enter: usecase(1: low-latency-playback) kvpairs: routing=2
08-05 13:45:59.046   918  4413 I ActivityManager: START u0 {dat=https://oauth.reddit.com/... cmp=baseline.org.quantumbadger.redreader/.activities.CommentListingActivity} from uid 10689 on display 0
08-05 13:45:59.058   512  2967 D audio_hw_primary: select_devices: out_snd_device(2: speaker) in_snd_device(0: none)
08-05 13:45:59.058   512  2967 D msm8974_platform: platform_send_audio_calibration: sending audio calibration for snd_device(2) acdb_id(15)
08-05 13:45:59.058   512  2967 I soundtrigger: audio_extn_sound_trigger_update_device_status: device 0x2 of type 0 for Event 1
08-05 13:45:59.065 11115 11115 I AppCompatViewInflater: app:theme is now deprecated. Please move to using android:theme instead.
08-05 13:45:59.070   512  2967 D audio_hw_primary: enable_snd_device: snd_device(2: speaker)
08-05 13:45:59.072   512  2967 D audio_hw_primary: enable_audio_route: apply and update mixer path: low-latency-playback speaker
08-05 13:45:59.078 11115 11693 I CommentListingActivity: COMMENTS session changed to 6491a47e-6a8c-499d-b274-f4d9ff84e596
08-05 13:45:59.108 11115 11412 I art     : Starting a blocking GC Explicit
08-05 13:45:59.130 13866 13866 I GoogleInputMethodServic: GoogleInputMethodService.onFinishInput():3138 
08-05 13:45:59.130 13866 13866 I GoogleInputMethodServic: GoogleInputMethodService.onStartInput():1808 
08-05 13:45:59.131   918   936 I ActivityManager: Displayed baseline.org.quantumbadger.redreader/.activities.CommentListingActivity: +76ms
08-05 13:45:59.139 11115 11412 I art     : Explicit concurrent mark sweep GC freed 16449(1159KB) AllocSpace objects, 2(40KB) LOS objects, 37% free, 26MB/42MB, paused 734us total 31.481ms
08-05 13:45:59.151 11115 11412 I art     : Starting a blocking GC Explicit
08-05 13:45:59.192 11115 11412 I art     : Explicit concurrent mark sweep GC freed 13773(875KB) AllocSpace objects, 1(16KB) LOS objects, 36% free, 28MB/44MB, paused 659us total 41.149ms
08-05 13:45:59.205 11115 11412 I art     : Starting a blocking GC Explicit
08-05 13:45:59.242 11115 11412 I art     : Explicit concurrent mark sweep GC freed 13182(940KB) AllocSpace objects, 1(16KB) LOS objects, 35% free, 28MB/44MB, paused 261us total 37.024ms
08-05 13:45:59.256 11115 11412 I art     : Starting a blocking GC Explicit
08-05 13:45:59.291 11115 11412 I art     : Explicit concurrent mark sweep GC freed 22272(1047KB) AllocSpace objects, 0(0B) LOS objects, 36% free, 27MB/43MB, paused 186us total 34.485ms
08-05 13:45:59.303 11115 11412 I art     : Starting a blocking GC Explicit
08-05 13:45:59.338 11115 11412 I art     : Explicit concurrent mark sweep GC freed 16(2736B) AllocSpace objects, 0(0B) LOS objects, 36% free, 27MB/43MB, paused 189us total 34.591ms
08-05 13:45:59.375   380   380 W SurfaceFlinger: couldn't log to binary event log: overflow.
08-05 13:45:59.610   512  2967 D audio_hw_primary: disable_audio_route: reset and update mixer path: low-latency-playback speaker
08-05 13:45:59.611   512  2967 D audio_hw_primary: disable_snd_device: snd_device(2: speaker)
08-05 13:45:59.619   512  2967 I soundtrigger: audio_extn_sound_trigger_update_device_status: device 0x2 of type 0 for Event 0
08-05 13:45:59.620 11115 11127 I art     : Starting a blocking GC Explicit
08-05 13:45:59.660 11115 11127 I art     : Explicit concurrent mark sweep GC freed 1436(83KB) AllocSpace objects, 1(20KB) LOS objects, 36% free, 27MB/43MB, paused 269us total 39.138ms
08-05 13:45:59.671 11115 11127 I art     : Starting a blocking GC Explicit
08-05 13:45:59.705 11115 11127 I art     : Explicit concurrent mark sweep GC freed 24(832B) AllocSpace objects, 0(0B) LOS objects, 36% free, 27MB/43MB, paused 172us total 33.849ms
08-05 13:45:59.718 11115 11127 I art     : Starting a blocking GC Explicit
08-05 13:45:59.754 11115 11127 I art     : Explicit concurrent mark sweep GC freed 3(96B) AllocSpace objects, 0(0B) LOS objects, 36% free, 27MB/43MB, paused 162us total 35.467ms
08-05 13:45:59.764 11115 11127 I art     : Starting a blocking GC Explicit
08-05 13:45:59.795 11115 11127 I art     : Explicit concurrent mark sweep GC freed 3(96B) AllocSpace objects, 0(0B) LOS objects, 36% free, 27MB/43MB, paused 143us total 30.862ms
08-05 13:45:59.808 11115 11127 I art     : Starting a blocking GC Explicit
08-05 13:45:59.842 11115 11127 I art     : Explicit concurrent mark sweep GC freed 3(96B) AllocSpace objects, 0(0B) LOS objects, 36% free, 27MB/43MB, paused 159us total 34.282ms
08-05 13:46:00.131 11115 11126 I art     : Starting a blocking GC Explicit
08-05 13:46:00.171 11115 11126 I art     : Explicit concurrent mark sweep GC freed 1343(80KB) AllocSpace objects, 1(20KB) LOS objects, 36% free, 27MB/43MB, paused 192us total 40.113ms
08-05 13:46:00.183 11115 11126 I art     : Starting a blocking GC Explicit
08-05 13:46:00.219 11115 11126 I art     : Explicit concurrent mark sweep GC freed 66(2528B) AllocSpace objects, 0(0B) LOS objects, 36% free, 27MB/43MB, paused 178us total 36.140ms
08-05 13:46:00.231 11115 11126 I art     : Starting a blocking GC Explicit
08-05 13:46:00.267 11115 11126 I art     : Explicit concurrent mark sweep GC freed 3(96B) AllocSpace objects, 0(0B) LOS objects, 36% free, 27MB/43MB, paused 183us total 35.738ms
08-05 13:46:00.278 11115 11126 I art     : Starting a blocking GC Explicit
08-05 13:46:00.315 11115 11126 I art     : Explicit concurrent mark sweep GC freed 3(96B) AllocSpace objects, 0(0B) LOS objects, 36% free, 27MB/43MB, paused 174us total 36.354ms
08-05 13:46:00.327 11115 11126 I art     : Starting a blocking GC Explicit
08-05 13:46:00.363 11115 11126 I art     : Explicit concurrent mark sweep GC freed 3(96B) AllocSpace objects, 0(0B) LOS objects, 36% free, 27MB/43MB, paused 175us total 36.199ms
08-05 13:46:00.654 11115 11412 I art     : Starting a blocking GC Explicit
08-05 13:46:00.705   518   646 I ThermalEngine: ACTION: GPU - Setting GPU[0] to 510000000
08-05 13:46:00.706 11115 11412 I art     : Explicit concurrent mark sweep GC freed 1343(80KB) AllocSpace objects, 1(20KB) LOS objects, 36% free, 27MB/43MB, paused 201us total 52.080ms
08-05 13:46:00.729 11115 11412 I art     : Starting a blocking GC Explicit
08-05 13:46:00.772 11115 11412 I art     : Explicit concurrent mark sweep GC freed 20(704B) AllocSpace objects, 0(0B) LOS objects, 36% free, 27MB/43MB, paused 238us total 42.660ms
08-05 13:46:00.787 11115 11412 I art     : Starting a blocking GC Explicit
08-05 13:46:00.832 11115 11412 I art     : Explicit concurrent mark sweep GC freed 3(96B) AllocSpace objects, 0(0B) LOS objects, 36% free, 27MB/43MB, paused 245us total 44.770ms
08-05 13:46:00.848 11115 11412 I art     : Starting a blocking GC Explicit
08-05 13:46:00.891 11115 11412 I art     : Explicit concurrent mark sweep GC freed 3(96B) AllocSpace objects, 0(0B) LOS objects, 36% free, 27MB/43MB, paused 229us total 43.324ms
08-05 13:46:00.906 11115 11412 I art     : Starting a blocking GC Explicit
08-05 13:46:00.951 11115 11412 I art     : Explicit concurrent mark sweep GC freed 3(96B) AllocSpace objects, 0(0B) LOS objects, 36% free, 27MB/43MB, paused 249us total 44.601ms
08-05 13:46:01.009 24365 29314 I NetworkScheduler.Stats: Task com.google.android.gms/com.google.android.gms.icing.service.IcingGcmTaskService started execution. cause:4 exec_start_elapsed_seconds: 1781764 [CONTEXT service_id=218 ]
08-05 13:46:01.022 24365 23174 I NetworkScheduler.Stats: Task com.google.android.gms/com.google.android.gms.icing.service.IcingGcmTaskService finished executing. cause:4 result: 1 elapsed_millis: 35 uptime_millis: 35 exec_start_elapsed_seconds: 1781764 [CONTEXT service_id=218 ]
08-05 13:46:01.244 11115 11597 I art     : Starting a blocking GC Explicit
08-05 13:46:01.291 11115 11597 I art     : Explicit concurrent mark sweep GC freed 1343(80KB) AllocSpace objects, 1(20KB) LOS objects, 36% free, 27MB/43MB, paused 253us total 47.435ms
08-05 13:46:01.307 11115 11597 I art     : Starting a blocking GC Explicit
08-05 13:46:01.352 11115 11597 I art     : Explicit concurrent mark sweep GC freed 20(704B) AllocSpace objects, 0(0B) LOS objects, 36% free, 27MB/43MB, paused 238us total 44.849ms
08-05 13:46:01.367 11115 11597 I art     : Starting a blocking GC Explicit
08-05 13:46:01.412 11115 11597 I art     : Explicit concurrent mark sweep GC freed 3(96B) AllocSpace objects, 0(0B) LOS objects, 36% free, 27MB/43MB, paused 239us total 44.623ms
08-05 13:46:01.427 11115 11597 I art     : Starting a blocking GC Explicit
08-05 13:46:01.471 11115 11597 I art     : Explicit concurrent mark sweep GC freed 3(96B) AllocSpace objects, 0(0B) LOS objects, 36% free, 27MB/43MB, paused 238us total 43.712ms
08-05 13:46:01.487 11115 11597 I art     : Starting a blocking GC Explicit
08-05 13:46:01.532 11115 11597 I art     : Explicit concurrent mark sweep GC freed 3(96B) AllocSpace objects, 0(0B) LOS objects, 36% free, 27MB/43MB, paused 238us total 44.948ms
08-05 13:46:01.853 11115 11138 I art     : Starting a blocking GC Explicit
08-05 13:46:01.910 11115 11138 I art     : Explicit concurrent mark sweep GC freed 1343(80KB) AllocSpace objects, 1(20KB) LOS objects, 36% free, 27MB/43MB, paused 269us total 56.015ms
08-05 13:46:01.927 11115 11138 I art     : Starting a blocking GC Explicit
08-05 13:46:01.972 11115 11138 I art     : Explicit concurrent mark sweep GC freed 20(704B) AllocSpace objects, 0(0B) LOS objects, 36% free, 27MB/43MB, paused 254us total 45.162ms
08-05 13:46:01.988 11115 11138 I art     : Starting a blocking GC Explicit
08-05 13:46:02.032 11115 11138 I art     : Explicit concurrent mark sweep GC freed 3(96B) AllocSpace objects, 0(0B) LOS objects, 36% free, 27MB/43MB, paused 243us total 44.013ms
08-05 13:46:02.047 11115 11138 I art     : Starting a blocking GC Explicit
08-05 13:46:02.092 11115 11138 I art     : Explicit concurrent mark sweep GC freed 3(96B) AllocSpace objects, 0(0B) LOS objects, 36% free, 27MB/43MB, paused 244us total 45.012ms
08-05 13:46:02.108 11115 11138 I art     : Starting a blocking GC Explicit
08-05 13:46:02.153 11115 11138 I art     : Explicit concurrent mark sweep GC freed 3(96B) AllocSpace objects, 0(0B) LOS objects, 36% free, 27MB/43MB, paused 241us total 44.578ms
08-05 13:46:02.267  9322  9322 I Atfwd_Sendcmd: AtCmdFwd service not ready - Exhausted retry attempts - :6
08-05 13:46:02.268  9322  9322 I Atfwd_Daemon: result : -1 	 ,Init step :2 	 ,qmiErrorCode: 0
08-05 13:46:02.479 11115 11127 I art     : Starting a blocking GC Explicit
08-05 13:46:02.540 11115 11127 I art     : Explicit concurrent mark sweep GC freed 1343(80KB) AllocSpace objects, 1(20KB) LOS objects, 36% free, 27MB/43MB, paused 267us total 60.035ms
08-05 13:46:02.557 11115 11127 I art     : Starting a blocking GC Explicit
08-05 13:46:02.601 11115 11127 I art     : Explicit concurrent mark sweep GC freed 20(704B) AllocSpace objects, 0(0B) LOS objects, 36% free, 27MB/43MB, paused 245us total 44.163ms
08-05 13:46:02.617 11115 11127 I art     : Starting a blocking GC Explicit
08-05 13:46:02.662 11115 11127 I art     : Explicit concurrent mark sweep GC freed 3(96B) AllocSpace objects, 0(0B) LOS objects, 36% free, 27MB/43MB, paused 236us total 44.576ms
08-05 13:46:02.677 11115 11127 I art     : Starting a blocking GC Explicit
08-05 13:46:02.722 11115 11127 I art     : Explicit concurrent mark sweep GC freed 3(96B) AllocSpace objects, 0(0B) LOS objects, 36% free, 27MB/43MB, paused 235us total 44.400ms
08-05 13:46:02.737 11115 11127 I art     : Starting a blocking GC Explicit
08-05 13:46:02.781 11115 11127 I art     : Explicit concurrent mark sweep GC freed 3(96B) AllocSpace objects, 0(0B) LOS objects, 36% free, 27MB/43MB, paused 235us total 43.603ms
08-05 13:46:03.113 11115 11126 I art     : Starting a blocking GC Explicit
08-05 13:46:03.175 11115 11126 I art     : Explicit concurrent mark sweep GC freed 1345(80KB) AllocSpace objects, 1(20KB) LOS objects, 36% free, 27MB/43MB, paused 255us total 62.141ms
08-05 13:46:03.194 11115 11126 I art     : Starting a blocking GC Explicit
08-05 13:46:03.238 11115 11126 I art     : Explicit concurrent mark sweep GC freed 20(704B) AllocSpace objects, 0(0B) LOS objects, 36% free, 27MB/43MB, paused 244us total 43.906ms
08-05 13:46:03.254 11115 11126 I art     : Starting a blocking GC Explicit
08-05 13:46:03.296 11115 11126 I art     : Explicit concurrent mark sweep GC freed 3(96B) AllocSpace objects, 0(0B) LOS objects, 36% free, 27MB/43MB, paused 222us total 42.245ms
08-05 13:46:03.311 11115 11126 I art     : Starting a blocking GC Explicit
08-05 13:46:03.352 11115 11126 I art     : Explicit concurrent mark sweep GC freed 3(96B) AllocSpace objects, 0(0B) LOS objects, 36% free, 27MB/43MB, paused 231us total 41.081ms
08-05 13:46:03.367 11115 11126 I art     : Starting a blocking GC Explicit
08-05 13:46:03.409 11115 11126 I art     : Explicit concurrent mark sweep GC freed 3(96B) AllocSpace objects, 0(0B) LOS objects, 36% free, 27MB/43MB, paused 243us total 41.112ms
08-05 13:46:03.706 11115 11412 I art     : Starting a blocking GC Explicit
08-05 13:46:03.709   518   646 I ThermalEngine: ACTION: GPU - Setting GPU[0] to 600000000
08-05 13:46:03.711 12508 12508 D AndroidRuntime: >>>>>> START com.android.internal.os.RuntimeInit uid 2000 <<<<<<
08-05 13:46:03.716 12508 12508 D AndroidRuntime: CheckJNI is OFF
08-05 13:46:03.751 11115 11412 I art     : Explicit concurrent mark sweep GC freed 1343(80KB) AllocSpace objects, 1(20KB) LOS objects, 36% free, 27MB/43MB, paused 217us total 43.966ms
08-05 13:46:03.753 12508 12508 D ICU     : No timezone override file found: /data/misc/zoneinfo/current/icu/icu_tzdata.dat
08-05 13:46:03.763 11115 11412 I art     : Starting a blocking GC Explicit
08-05 13:46:03.781 12508 12508 I Radio-JNI: register_android_hardware_Radio DONE
08-05 13:46:03.797 12508 12508 D AndroidRuntime: Calling main entry com.android.commands.input.Input
08-05 13:46:03.797 11115 11412 I art     : Explicit concurrent mark sweep GC freed 20(704B) AllocSpace objects, 0(0B) LOS objects, 36% free, 27MB/43MB, paused 176us total 33.601ms
08-05 13:46:03.798 12508 12508 I Input   : injectKeyEvent: KeyEvent { action=ACTION_DOWN, keyCode=KEYCODE_BACK, scanCode=0, metaState=0, flags=0x0, repeatCount=0, eventTime=798380211, downTime=798380211, deviceId=-1, source=0x101 }
08-05 13:46:03.803 12508 12508 I Input   : injectKeyEvent: KeyEvent { action=ACTION_UP, keyCode=KEYCODE_BACK, scanCode=0, metaState=0, flags=0x0, repeatCount=0, eventTime=798380211, downTime=798380211, deviceId=-1, source=0x101 }
08-05 13:46:03.806 12508 12508 D AndroidRuntime: Shutting down VM
08-05 13:46:03.808 11115 11412 I art     : Starting a blocking GC Explicit
08-05 13:46:03.840 11115 11412 I art     : Explicit concurrent mark sweep GC freed 131(4KB) AllocSpace objects, 0(0B) LOS objects, 36% free, 27MB/43MB, paused 247us total 31.463ms
08-05 13:46:03.841 13866 13866 I GoogleInputMethodServic: GoogleInputMethodService.onFinishInput():3138 
08-05 13:46:03.841 13866 13866 I GoogleInputMethodServic: GoogleInputMethodService.onStartInput():1808 
08-05 13:46:03.851 11115 11412 I art     : Starting a blocking GC Explicit
08-05 13:46:03.886 11115 11412 I art     : Explicit concurrent mark sweep GC freed 118(4KB) AllocSpace objects, 0(0B) LOS objects, 36% free, 27MB/43MB, paused 263us total 34.629ms
08-05 13:46:03.898 11115 11412 I art     : Starting a blocking GC Explicit
08-05 13:46:03.929 11115 11412 I art     : Explicit concurrent mark sweep GC freed 11(400B) AllocSpace objects, 0(0B) LOS objects, 36% free, 27MB/43MB, paused 152us total 30.855ms
08-05 13:46:04.056 11115 12433 I RedditChangeDataIO: Writing tmp data file at '/data/user/0/baseline.org.quantumbadger.redreader/files/rr_change_data_tmp.dat'
08-05 13:46:04.057 11115 12433 I RedditChangeDataManager: Taking snapshot...
08-05 13:46:04.057 11115 12433 I RedditChangeDataManager: Writing to stream...
08-05 13:46:04.057 11115 12433 I RedditChangeDataManager: Wrote 3 entries for user ''
08-05 13:46:04.057 11115 12433 I RedditChangeDataManager: All entries written to stream.
08-05 13:46:04.057 11115 12433 I RedditChangeDataIO: Write successful. Atomically replacing data file...
08-05 13:46:04.057 11115 12433 I RedditChangeDataIO: Write complete.
08-05 13:46:04.058 11115 12433 I RedditChangeDataIO: 86 bytes written in 3 ms
08-05 13:46:04.159 11115 11412 I art     : Starting a blocking GC Explicit
08-05 13:46:04.164   380   380 W SurfaceFlinger: couldn't log to binary event log: overflow.
08-05 13:46:04.198 11115 11412 I art     : Explicit concurrent mark sweep GC freed 1472(87KB) AllocSpace objects, 2(88KB) LOS objects, 36% free, 27MB/43MB, paused 202us total 38.290ms
08-05 13:46:04.210 11115 11412 I art     : Starting a blocking GC Explicit
08-05 13:46:04.243 11115 11412 I art     : Explicit concurrent mark sweep GC freed 28(1040B) AllocSpace objects, 0(0B) LOS objects, 36% free, 27MB/43MB, paused 190us total 32.333ms
08-05 13:46:04.254 11115 11412 I art     : Starting a blocking GC Explicit
08-05 13:46:04.283 11115 11412 I art     : Explicit concurrent mark sweep GC freed 46758(2MB) AllocSpace objects, 5(140KB) LOS objects, 39% free, 24MB/40MB, paused 176us total 28.288ms
08-05 13:46:04.293 11115 11412 I art     : Starting a blocking GC Explicit
08-05 13:46:04.318 11115 11412 I art     : Explicit concurrent mark sweep GC freed 3(96B) AllocSpace objects, 0(0B) LOS objects, 39% free, 24MB/40MB, paused 181us total 24.753ms
08-05 13:46:04.329 11115 11412 I art     : Starting a blocking GC Explicit
08-05 13:46:04.354 11115 11412 I art     : Explicit concurrent mark sweep GC freed 3(96B) AllocSpace objects, 0(0B) LOS objects, 39% free, 24MB/40MB, paused 175us total 24.815ms
08-05 13:46:04.648 11115 11138 I art     : Starting a blocking GC Explicit
08-05 13:46:04.687 11115 11138 I art     : Explicit concurrent mark sweep GC freed 1343(80KB) AllocSpace objects, 1(20KB) LOS objects, 39% free, 24MB/40MB, paused 219us total 38.781ms
08-05 13:46:04.687 11115 11125 I art     : WaitForGcToComplete blocked for 27.283ms for cause HeapTrim
08-05 13:46:04.701 11115 11138 I art     : Starting a blocking GC Explicit
08-05 13:46:04.727 11115 11138 I art     : Explicit concurrent mark sweep GC freed 20(704B) AllocSpace objects, 0(0B) LOS objects, 39% free, 24MB/40MB, paused 188us total 25.570ms
08-05 13:46:04.738 11115 11138 I art     : Starting a blocking GC Explicit
08-05 13:46:04.763 11115 11138 I art     : Explicit concurrent mark sweep GC freed 3(96B) AllocSpace objects, 0(0B) LOS objects, 39% free, 24MB/40MB, paused 171us total 25.109ms
08-05 13:46:04.773 11115 11138 I art     : Starting a blocking GC Explicit
08-05 13:46:04.798 11115 11138 I art     : Explicit concurrent mark sweep GC freed 3(96B) AllocSpace objects, 0(0B) LOS objects, 39% free, 24MB/40MB, paused 175us total 24.666ms
08-05 13:46:04.808 11115 11138 I art     : Starting a blocking GC Explicit
08-05 13:46:04.833 11115 11138 I art     : Explicit concurrent mark sweep GC freed 3(96B) AllocSpace objects, 0(0B) LOS objects, 39% free, 24MB/40MB, paused 177us total 24.315ms
08-05 13:46:05.108 11115 11597 I art     : Starting a blocking GC Explicit
08-05 13:46:05.134 11115 11597 I art     : Explicit concurrent mark sweep GC freed 1343(80KB) AllocSpace objects, 1(20KB) LOS objects, 39% free, 24MB/40MB, paused 175us total 25.529ms
08-05 13:46:05.144 11115 11597 I art     : Starting a blocking GC Explicit
08-05 13:46:05.168 11115 11597 I art     : Explicit concurrent mark sweep GC freed 20(704B) AllocSpace objects, 0(0B) LOS objects, 39% free, 24MB/40MB, paused 189us total 23.575ms
08-05 13:46:05.178 11115 11597 I art     : Starting a blocking GC Explicit
08-05 13:46:05.201 11115 11597 I art     : Explicit concurrent mark sweep GC freed 3(96B) AllocSpace objects, 0(0B) LOS objects, 39% free, 24MB/40MB, paused 186us total 23.303ms
08-05 13:46:05.211 11115 11597 I art     : Starting a blocking GC Explicit
08-05 13:46:05.235 11115 11597 I art     : Explicit concurrent mark sweep GC freed 3(96B) AllocSpace objects, 0(0B) LOS objects, 39% free, 24MB/40MB, paused 173us total 23.539ms
08-05 13:46:05.245 11115 11597 I art     : Starting a blocking GC Explicit
08-05 13:46:05.268 11115 11597 I art     : Explicit concurrent mark sweep GC freed 3(96B) AllocSpace objects, 0(0B) LOS objects, 39% free, 24MB/40MB, paused 184us total 23.032ms
08-05 13:46:05.373 12557 12557 D AndroidRuntime: >>>>>> START com.android.internal.os.RuntimeInit uid 2000 <<<<<<
08-05 13:46:05.379 12557 12557 D AndroidRuntime: CheckJNI is OFF
08-05 13:46:05.409 12557 12557 D ICU     : No timezone override file found: /data/misc/zoneinfo/current/icu/icu_tzdata.dat
08-05 13:46:05.435 12557 12557 I Radio-JNI: register_android_hardware_Radio DONE
08-05 13:46:05.451 12557 12557 D AndroidRuntime: Calling main entry com.android.commands.input.Input
08-05 13:46:05.453 12557 12557 I Input   : injectKeyEvent: KeyEvent { action=ACTION_DOWN, keyCode=KEYCODE_BACK, scanCode=0, metaState=0, flags=0x0, repeatCount=0, eventTime=798381866, downTime=798381866, deviceId=-1, source=0x101 }
08-05 13:46:05.458 12557 12557 I Input   : injectKeyEvent: KeyEvent { action=ACTION_UP, keyCode=KEYCODE_BACK, scanCode=0, metaState=0, flags=0x0, repeatCount=0, eventTime=798381866, downTime=798381866, deviceId=-1, source=0x101 }
08-05 13:46:05.463 12557 12557 D AndroidRuntime: Shutting down VM
08-05 13:46:05.502 13866 13866 I GoogleInputMethodServic: GoogleInputMethodService.onFinishInput():3138 
08-05 13:46:05.503 13866 13866 I GoogleInputMethodServic: GoogleInputMethodService.onStartInput():1808 
08-05 13:46:05.514 11115 11127 I art     : Starting a blocking GC Explicit
08-05 13:46:05.541 11115 11127 I art     : Explicit concurrent mark sweep GC freed 1504(85KB) AllocSpace objects, 1(20KB) LOS objects, 39% free, 24MB/40MB, paused 172us total 26.488ms
08-05 13:46:05.553 11115 11127 I art     : Starting a blocking GC Explicit
08-05 13:46:05.575 11115 11127 I art     : Explicit concurrent mark sweep GC freed 42(1456B) AllocSpace objects, 0(0B) LOS objects, 39% free, 24MB/40MB, paused 176us total 20.731ms
08-05 13:46:05.585 11115 11127 I art     : Starting a blocking GC Explicit
08-05 13:46:05.607 11115 11127 I art     : Explicit concurrent mark sweep GC freed 3(96B) AllocSpace objects, 0(0B) LOS objects, 39% free, 24MB/40MB, paused 204us total 21.575ms
08-05 13:46:05.616 11115 11127 I art     : Starting a blocking GC Explicit
08-05 13:46:05.638 11115 11127 I art     : Explicit concurrent mark sweep GC freed 3(96B) AllocSpace objects, 0(0B) LOS objects, 39% free, 24MB/40MB, paused 160us total 21.776ms
08-05 13:46:05.648 11115 11127 I art     : Starting a blocking GC Explicit
08-05 13:46:05.673 11115 11127 I art     : Explicit concurrent mark sweep GC freed 3(96B) AllocSpace objects, 0(0B) LOS objects, 39% free, 24MB/40MB, paused 196us total 23.967ms
08-05 13:46:05.924 11115 11127 I art     : Starting a blocking GC Explicit
08-05 13:46:05.952 11115 11127 I art     : Explicit concurrent mark sweep GC freed 1404(82KB) AllocSpace objects, 1(20KB) LOS objects, 39% free, 24MB/40MB, paused 207us total 27.856ms
08-05 13:46:05.963 11115 11127 I art     : Starting a blocking GC Explicit
08-05 13:46:05.990 11115 11127 I art     : Explicit concurrent mark sweep GC freed 150(7KB) AllocSpace objects, 0(0B) LOS objects, 39% free, 24MB/40MB, paused 204us total 27.191ms
08-05 13:46:06.001 11115 11127 I art     : Starting a blocking GC Explicit
08-05 13:46:06.026 11115 11127 I art     : Explicit concurrent mark sweep GC freed 3(96B) AllocSpace objects, 0(0B) LOS objects, 39% free, 24MB/40MB, paused 189us total 25.129ms
08-05 13:46:06.037 11115 11127 I art     : Starting a blocking GC Explicit
08-05 13:46:06.062 11115 11127 I art     : Explicit concurrent mark sweep GC freed 3(96B) AllocSpace objects, 0(0B) LOS objects, 39% free, 24MB/40MB, paused 182us total 24.815ms
08-05 13:46:06.072 11115 11127 I art     : Starting a blocking GC Explicit
08-05 13:46:06.097 11115 11127 I art     : Explicit concurrent mark sweep GC freed 3(96B) AllocSpace objects, 0(0B) LOS objects, 39% free, 24MB/40MB, paused 192us total 24.682ms
08-05 13:46:06.378 11115 11412 I art     : Starting a blocking GC Explicit
08-05 13:46:06.413 11115 11412 I art     : Explicit concurrent mark sweep GC freed 1343(80KB) AllocSpace objects, 1(20KB) LOS objects, 39% free, 24MB/40MB, paused 306us total 34.948ms
08-05 13:46:06.424 11115 11412 I art     : Starting a blocking GC Explicit
08-05 13:46:06.450 11115 11412 I art     : Explicit concurrent mark sweep GC freed 20(704B) AllocSpace objects, 0(0B) LOS objects, 39% free, 24MB/40MB, paused 224us total 25.366ms
08-05 13:46:06.460 11115 11412 I art     : Starting a blocking GC Explicit
08-05 13:46:06.484 11115 11412 I art     : Explicit concurrent mark sweep GC freed 3(96B) AllocSpace objects, 0(0B) LOS objects, 39% free, 24MB/40MB, paused 184us total 24.114ms
08-05 13:46:06.494 11115 11412 I art     : Starting a blocking GC Explicit
08-05 13:46:06.519 11115 11412 I art     : Explicit concurrent mark sweep GC freed 3(96B) AllocSpace objects, 0(0B) LOS objects, 39% free, 24MB/40MB, paused 186us total 24.521ms
08-05 13:46:06.529 11115 11412 I art     : Starting a blocking GC Explicit
08-05 13:46:06.553 11115 11412 I art     : Explicit concurrent mark sweep GC freed 3(96B) AllocSpace objects, 0(0B) LOS objects, 39% free, 24MB/40MB, paused 193us total 24.264ms
08-05 13:46:06.800 11115 11126 I art     : Starting a blocking GC Explicit
08-05 13:46:06.826 11115 11126 I art     : Explicit concurrent mark sweep GC freed 1343(80KB) AllocSpace objects, 1(20KB) LOS objects, 39% free, 24MB/40MB, paused 199us total 25.636ms
08-05 13:46:06.836 11115 11126 I art     : Starting a blocking GC Explicit
08-05 13:46:06.861 11115 11126 I art     : Explicit concurrent mark sweep GC freed 20(704B) AllocSpace objects, 0(0B) LOS objects, 39% free, 24MB/40MB, paused 200us total 24.009ms
08-05 13:46:06.870 11115 11126 I art     : Starting a blocking GC Explicit
08-05 13:46:06.894 11115 11126 I art     : Explicit concurrent mark sweep GC freed 3(96B) AllocSpace objects, 0(0B) LOS objects, 39% free, 24MB/40MB, paused 185us total 23.426ms
08-05 13:46:06.904 11115 11126 I art     : Starting a blocking GC Explicit
08-05 13:46:06.927 11115 11126 I art     : Explicit concurrent mark sweep GC freed 3(96B) AllocSpace objects, 0(0B) LOS objects, 39% free, 24MB/40MB, paused 236us total 23.005ms
08-05 13:46:06.937 11115 11126 I art     : Starting a blocking GC Explicit
08-05 13:46:06.962 11115 11126 I art     : Explicit concurrent mark sweep GC freed 3(96B) AllocSpace objects, 0(0B) LOS objects, 39% free, 24MB/40MB, paused 267us total 24.327ms
08-05 13:46:06.980   918  3261 D WifiStateMachine: starting scan for "H369AA63323"WPA_PSK with 2412,5180
08-05 13:46:07.033 12606 12606 D AndroidRuntime: >>>>>> START com.android.internal.os.RuntimeInit uid 2000 <<<<<<
08-05 13:46:07.037 12606 12606 D AndroidRuntime: CheckJNI is OFF
08-05 13:46:07.063 12606 12606 D ICU     : No timezone override file found: /data/misc/zoneinfo/current/icu/icu_tzdata.dat
08-05 13:46:07.090 12606 12606 I Radio-JNI: register_android_hardware_Radio DONE
08-05 13:46:07.106 12606 12606 D AndroidRuntime: Calling main entry com.android.commands.input.Input
08-05 13:46:07.107 12606 12606 I Input   : injectMotionEvent: MotionEvent { action=ACTION_DOWN, actionButton=0, id[0]=0, x[0]=600.0, y[0]=1536.0, toolType[0]=TOOL_TYPE_UNKNOWN, buttonState=0, metaState=0, flags=0x0, edgeFlags=0x0, pointerCount=1, historySize=0, eventTime=798383520, downTime=798383520, deviceId=0, source=0x1002 }
08-05 13:46:07.112 12606 12606 I Input   : injectMotionEvent: MotionEvent { action=ACTION_UP, actionButton=0, id[0]=0, x[0]=600.0, y[0]=1536.0, toolType[0]=TOOL_TYPE_UNKNOWN, buttonState=0, metaState=0, flags=0x0, edgeFlags=0x0, pointerCount=1, historySize=0, eventTime=798383520, downTime=798383520, deviceId=0, source=0x1002 }
08-05 13:46:07.113 12606 12606 D AndroidRuntime: Shutting down VM
08-05 13:46:07.118   918  4413 I ActivityManager: START u0 {dat=https://oauth.reddit.com/... cmp=baseline.org.quantumbadger.redreader/.activities.PostListingActivity} from uid 10689 on display 0
08-05 13:46:07.119   512  2967 D audio_hw_primary: out_set_parameters: enter: usecase(1: low-latency-playback) kvpairs: routing=2
08-05 13:46:07.132   512  2967 D audio_hw_primary: select_devices: out_snd_device(2: speaker) in_snd_device(0: none)
08-05 13:46:07.132   512  2967 D msm8974_platform: platform_send_audio_calibration: sending audio calibration for snd_device(2) acdb_id(15)
08-05 13:46:07.132   512  2967 I soundtrigger: audio_extn_sound_trigger_update_device_status: device 0x2 of type 0 for Event 1
08-05 13:46:07.137 11115 11115 I AppCompatViewInflater: app:theme is now deprecated. Please move to using android:theme instead.
08-05 13:46:07.144   512  2967 D audio_hw_primary: enable_snd_device: snd_device(2: speaker)
08-05 13:46:07.146   512  2967 D audio_hw_primary: enable_audio_route: apply and update mixer path: low-latency-playback speaker
08-05 13:46:07.155 11115 12638 D OK      : calling: https://oauth.reddit.com/r/askscience/about.json
08-05 13:46:07.201 11115 11412 I art     : Starting a blocking GC Explicit
08-05 13:46:07.203   918   936 I ActivityManager: Displayed baseline.org.quantumbadger.redreader/.activities.PostListingActivity: +75ms
08-05 13:46:07.203 13866 13866 I GoogleInputMethodServic: GoogleInputMethodService.onFinishInput():3138 
08-05 13:46:07.203 13866 13866 I GoogleInputMethodServic: GoogleInputMethodService.onStartInput():1808 
08-05 13:46:07.229 11115 11412 I art     : Explicit concurrent mark sweep GC freed 2899(180KB) AllocSpace objects, 1(20KB) LOS objects, 38% free, 25MB/41MB, paused 432us total 28.041ms
08-05 13:46:07.240 11115 11412 I art     : Starting a blocking GC Explicit
08-05 13:46:07.262 11115 11412 I art     : Explicit concurrent mark sweep GC freed 500(26KB) AllocSpace objects, 0(0B) LOS objects, 39% free, 25MB/41MB, paused 221us total 21.942ms
08-05 13:46:07.272 11115 11412 I art     : Starting a blocking GC Explicit
08-05 13:46:07.296 11115 11412 I art     : Explicit concurrent mark sweep GC freed 65(4KB) AllocSpace objects, 0(0B) LOS objects, 39% free, 25MB/41MB, paused 220us total 23.681ms
08-05 13:46:07.307 11115 11412 I art     : Starting a blocking GC Explicit
08-05 13:46:07.333 11115 11412 I art     : Explicit concurrent mark sweep GC freed 3(96B) AllocSpace objects, 0(0B) LOS objects, 39% free, 25MB/41MB, paused 208us total 25.217ms
08-05 13:46:07.344 11115 11412 I art     : Starting a blocking GC Explicit
08-05 13:46:07.370 11115 11412 I art     : Explicit concurrent mark sweep GC freed 1919(75KB) AllocSpace objects, 0(0B) LOS objects, 38% free, 25MB/41MB, paused 269us total 26.202ms
08-05 13:46:07.452   380   380 W SurfaceFlinger: couldn't log to binary event log: overflow.
08-05 13:46:07.519 11115 12638 I NAPPA_EXPERIMENTATION: MetricNetworkRequestExecutionTime: REQUEST_DURATION_SYSTEM='363',REQUEST_DURATION_OKHTTP='150',REQUEST_SYNCHRONOUS='TRUE',RESPONSE_CODE='200',RESPONSE_METHOD='GET',RESPONSE_LENGTH_OKHTTP='-1',RESPONSE_LENGTH_HEADER='4700',REQUEST_PROTOCOL='h2',REQUEST_URL='https://oauth.reddit.com/r/askscience/about.json',
08-05 13:46:07.519 11115 12638 D OK      : request got status: 200
08-05 13:46:07.585 11115 11412 I art     : Starting a blocking GC Explicit
08-05 13:46:07.617 11115 11412 I art     : Explicit concurrent mark sweep GC freed 3181(278KB) AllocSpace objects, 4(176KB) LOS objects, 38% free, 25MB/41MB, paused 287us total 31.896ms
08-05 13:46:07.630 11115 11412 I art     : Starting a blocking GC Explicit
08-05 13:46:07.655 11115 11412 I art     : Explicit concurrent mark sweep GC freed 201(10KB) AllocSpace objects, 0(0B) LOS objects, 38% free, 25MB/41MB, paused 276us total 24.884ms
08-05 13:46:07.665 11115 11412 I art     : Starting a blocking GC Explicit
08-05 13:46:07.687 11115 11412 I art     : Explicit concurrent mark sweep GC freed 3(96B) AllocSpace objects, 0(0B) LOS objects, 38% free, 25MB/41MB, paused 205us total 21.927ms
08-05 13:46:07.688   512  2967 D audio_hw_primary: disable_audio_route: reset and update mixer path: low-latency-playback speaker
08-05 13:46:07.689   512  2967 D audio_hw_primary: disable_snd_device: snd_device(2: speaker)
08-05 13:46:07.697 11115 11412 I art     : Starting a blocking GC Explicit
08-05 13:46:07.697   512  2967 I soundtrigger: audio_extn_sound_trigger_update_device_status: device 0x2 of type 0 for Event 0
08-05 13:46:07.718   518   646 I ThermalEngine: ACTION: GPU - Setting GPU[0] to 510000000
08-05 13:46:07.720 11115 11412 I art     : Explicit concurrent mark sweep GC freed 3(96B) AllocSpace objects, 0(0B) LOS objects, 38% free, 25MB/41MB, paused 201us total 23.330ms
08-05 13:46:07.733 11115 11412 I art     : Starting a blocking GC Explicit
08-05 13:46:07.761 11115 11412 I art     : Explicit concurrent mark sweep GC freed 3(96B) AllocSpace objects, 0(0B) LOS objects, 38% free, 25MB/41MB, paused 281us total 28.301ms
08-05 13:46:08.049 11115 11127 I art     : Starting a blocking GC Explicit
08-05 13:46:08.082 11115 11127 I art     : Explicit concurrent mark sweep GC freed 1402(82KB) AllocSpace objects, 1(20KB) LOS objects, 38% free, 25MB/41MB, paused 293us total 33.236ms
08-05 13:46:08.095 11115 11127 I art     : Starting a blocking GC Explicit
08-05 13:46:08.125 11115 11127 I art     : Explicit concurrent mark sweep GC freed 20(704B) AllocSpace objects, 0(0B) LOS objects, 38% free, 25MB/41MB, paused 288us total 29.676ms
08-05 13:46:08.138 11115 11127 I art     : Starting a blocking GC Explicit
08-05 13:46:08.169 11115 11127 I art     : Explicit concurrent mark sweep GC freed 3(96B) AllocSpace objects, 0(0B) LOS objects, 38% free, 25MB/41MB, paused 415us total 30.679ms
08-05 13:46:08.183 11115 11127 I art     : Starting a blocking GC Explicit
08-05 13:46:08.213 11115 11127 I art     : Explicit concurrent mark sweep GC freed 3(96B) AllocSpace objects, 0(0B) LOS objects, 38% free, 25MB/41MB, paused 284us total 30.176ms
08-05 13:46:08.227 11115 11127 I art     : Starting a blocking GC Explicit
08-05 13:46:08.256 11115 11127 I art     : Explicit concurrent mark sweep GC freed 3(96B) AllocSpace objects, 0(0B) LOS objects, 38% free, 25MB/41MB, paused 257us total 29.532ms
08-05 13:46:08.356 11115 12664 D OK      : calling: https://oauth.reddit.com/r/askscience/hot/.json
08-05 13:46:08.536 11115 11127 I art     : Starting a blocking GC Explicit
08-05 13:46:08.569 11115 11127 I art     : Explicit concurrent mark sweep GC freed 1435(83KB) AllocSpace objects, 1(20KB) LOS objects, 38% free, 25MB/41MB, paused 336us total 33.122ms
08-05 13:46:08.583 11115 11127 I art     : Starting a blocking GC Explicit
08-05 13:46:08.614 11115 11127 I art     : Explicit concurrent mark sweep GC freed 26(960B) AllocSpace objects, 0(0B) LOS objects, 38% free, 25MB/41MB, paused 345us total 31.112ms
08-05 13:46:08.621 11115 12664 I NAPPA_EXPERIMENTATION: MetricNetworkRequestExecutionTime: REQUEST_DURATION_SYSTEM='265',REQUEST_DURATION_OKHTTP='260',REQUEST_SYNCHRONOUS='TRUE',RESPONSE_CODE='200',RESPONSE_METHOD='GET',RESPONSE_LENGTH_OKHTTP='-1',RESPONSE_LENGTH_HEADER='21282',REQUEST_PROTOCOL='h2',REQUEST_URL='https://oauth.reddit.com/r/askscience/hot/.json',
08-05 13:46:08.621 11115 12664 D OK      : request got status: 200
08-05 13:46:08.628 11115 11127 I art     : Starting a blocking GC Explicit
08-05 13:46:08.643 11115 11693 I PostListingFragment: Precaching images: OFF
08-05 13:46:08.643 11115 11693 I PostListingFragment: Precaching comments: OFF
08-05 13:46:08.659 11115 11127 I art     : Explicit concurrent mark sweep GC freed 756(124KB) AllocSpace objects, 0(0B) LOS objects, 38% free, 25MB/41MB, paused 553us total 31.504ms
08-05 13:46:08.672 11115 11127 I art     : Starting a blocking GC Explicit
08-05 13:46:08.705 11115 11127 I art     : Explicit concurrent mark sweep GC freed 2722(140KB) AllocSpace objects, 0(0B) LOS objects, 38% free, 25MB/41MB, paused 583us total 32.991ms
08-05 13:46:08.718 11115 11127 I art     : Starting a blocking GC Explicit
08-05 13:46:08.753 11115 11127 I art     : Explicit concurrent mark sweep GC freed 3664(188KB) AllocSpace objects, 1(68KB) LOS objects, 38% free, 25MB/41MB, paused 351us total 34.194ms
08-05 13:46:09.045 11115 11412 I art     : Starting a blocking GC Explicit
08-05 13:46:09.087 11115 11412 I art     : Explicit concurrent mark sweep GC freed 26853(1158KB) AllocSpace objects, 2(88KB) LOS objects, 38% free, 25MB/41MB, paused 295us total 40.886ms
08-05 13:46:09.101 11115 11412 I art     : Starting a blocking GC Explicit
08-05 13:46:09.131 11115 11412 I art     : Explicit concurrent mark sweep GC freed 1582(68KB) AllocSpace objects, 0(0B) LOS objects, 38% free, 25MB/41MB, paused 270us total 29.783ms
08-05 13:46:09.144 11115 11412 I art     : Starting a blocking GC Explicit
08-05 13:46:09.175 11115 11412 I art     : Explicit concurrent mark sweep GC freed 91(4KB) AllocSpace objects, 0(0B) LOS objects, 38% free, 25MB/41MB, paused 282us total 30.974ms
08-05 13:46:09.189 11115 11412 I art     : Starting a blocking GC Explicit
08-05 13:46:09.220 11115 11412 I art     : Explicit concurrent mark sweep GC freed 28(1120B) AllocSpace objects, 0(0B) LOS objects, 38% free, 25MB/41MB, paused 261us total 30.669ms
08-05 13:46:09.234 11115 11412 I art     : Starting a blocking GC Explicit
08-05 13:46:09.264 11115 11412 I art     : Explicit concurrent mark sweep GC freed 3(96B) AllocSpace objects, 0(0B) LOS objects, 38% free, 25MB/41MB, paused 257us total 29.744ms
08-05 13:46:09.581 11115 11412 I art     : Starting a blocking GC Explicit
08-05 13:46:09.623 11115 11412 I art     : Explicit concurrent mark sweep GC freed 1515(87KB) AllocSpace objects, 1(20KB) LOS objects, 38% free, 25MB/41MB, paused 318us total 42.198ms
08-05 13:46:09.640 11115 11412 I art     : Starting a blocking GC Explicit
08-05 13:46:09.674 11115 11412 I art     : Explicit concurrent mark sweep GC freed 20(704B) AllocSpace objects, 0(0B) LOS objects, 38% free, 25MB/41MB, paused 265us total 34.171ms
08-05 13:46:09.688 11115 11412 I art     : Starting a blocking GC Explicit
08-05 13:46:09.722 11115 11412 I art     : Explicit concurrent mark sweep GC freed 3(96B) AllocSpace objects, 0(0B) LOS objects, 38% free, 25MB/41MB, paused 280us total 33.783ms
08-05 13:46:09.736 11115 11412 I art     : Starting a blocking GC Explicit
08-05 13:46:09.770 11115 11412 I art     : Explicit concurrent mark sweep GC freed 3(96B) AllocSpace objects, 0(0B) LOS objects, 38% free, 25MB/41MB, paused 282us total 33.971ms
08-05 13:46:09.770 11115 11125 I art     : WaitForGcToComplete blocked for 34.176ms for cause HeapTrim
08-05 13:46:09.784 11115 11412 I art     : Starting a blocking GC Explicit
08-05 13:46:09.818 11115 11412 I art     : Explicit concurrent mark sweep GC freed 3(96B) AllocSpace objects, 0(0B) LOS objects, 38% free, 25MB/41MB, paused 277us total 34.030ms
08-05 13:46:10.131 11115 11138 I art     : Starting a blocking GC Explicit
08-05 13:46:10.175 11115 11138 I art     : Explicit concurrent mark sweep GC freed 1344(80KB) AllocSpace objects, 1(20KB) LOS objects, 38% free, 25MB/41MB, paused 309us total 43.445ms
08-05 13:46:10.191 11115 11138 I art     : Starting a blocking GC Explicit
08-05 13:46:10.226 11115 11138 I art     : Explicit concurrent mark sweep GC freed 20(704B) AllocSpace objects, 0(0B) LOS objects, 38% free, 25MB/41MB, paused 276us total 34.195ms
08-05 13:46:10.239 11115 11138 I art     : Starting a blocking GC Explicit
08-05 13:46:10.274 11115 11138 I art     : Explicit concurrent mark sweep GC freed 3(96B) AllocSpace objects, 0(0B) LOS objects, 38% free, 25MB/41MB, paused 263us total 34.127ms
08-05 13:46:10.288 11115 11138 I art     : Starting a blocking GC Explicit
08-05 13:46:10.322 11115 11138 I art     : Explicit concurrent mark sweep GC freed 3(96B) AllocSpace objects, 0(0B) LOS objects, 38% free, 25MB/41MB, paused 276us total 33.939ms
08-05 13:46:10.336 11115 11138 I art     : Starting a blocking GC Explicit
08-05 13:46:10.370 11115 11138 I art     : Explicit concurrent mark sweep GC freed 3(96B) AllocSpace objects, 0(0B) LOS objects, 38% free, 25MB/41MB, paused 283us total 34.132ms
08-05 13:46:10.712 11115 11127 I art     : Starting a blocking GC Explicit
08-05 13:46:10.757 11115 11127 I art     : Explicit concurrent mark sweep GC freed 1344(80KB) AllocSpace objects, 1(20KB) LOS objects, 38% free, 25MB/41MB, paused 313us total 44.323ms
08-05 13:46:10.773 11115 11127 I art     : Starting a blocking GC Explicit
08-05 13:46:10.807 11115 11127 I art     : Explicit concurrent mark sweep GC freed 20(704B) AllocSpace objects, 0(0B) LOS objects, 38% free, 25MB/41MB, paused 358us total 33.670ms
08-05 13:46:10.821 11115 11127 I art     : Starting a blocking GC Explicit
08-05 13:46:10.855 11115 11127 I art     : Explicit concurrent mark sweep GC freed 3(96B) AllocSpace objects, 0(0B) LOS objects, 38% free, 25MB/41MB, paused 284us total 33.965ms
08-05 13:46:10.869 11115 11127 I art     : Starting a blocking GC Explicit
08-05 13:46:10.903 11115 11127 I art     : Explicit concurrent mark sweep GC freed 3(96B) AllocSpace objects, 0(0B) LOS objects, 38% free, 25MB/41MB, paused 273us total 33.568ms
08-05 13:46:10.917 11115 11127 I art     : Starting a blocking GC Explicit
08-05 13:46:10.951 11115 11127 I art     : Explicit concurrent mark sweep GC freed 3(96B) AllocSpace objects, 0(0B) LOS objects, 38% free, 25MB/41MB, paused 279us total 34.144ms
08-05 13:46:11.272 11115 11126 I art     : Starting a blocking GC Explicit
08-05 13:46:11.315 11115 11126 I art     : Explicit concurrent mark sweep GC freed 1343(80KB) AllocSpace objects, 1(20KB) LOS objects, 38% free, 25MB/41MB, paused 311us total 42.571ms
08-05 13:46:11.332 11115 11126 I art     : Starting a blocking GC Explicit
08-05 13:46:11.372 11115 11126 I art     : Explicit concurrent mark sweep GC freed 20(704B) AllocSpace objects, 0(0B) LOS objects, 38% free, 25MB/41MB, paused 282us total 39.362ms
08-05 13:46:11.386 11115 11126 I art     : Starting a blocking GC Explicit
08-05 13:46:11.417 11115 11126 I art     : Explicit concurrent mark sweep GC freed 3(96B) AllocSpace objects, 0(0B) LOS objects, 38% free, 25MB/41MB, paused 276us total 31.535ms
08-05 13:46:11.431 11115 11126 I art     : Starting a blocking GC Explicit
08-05 13:46:11.464 11115 11126 I art     : Explicit concurrent mark sweep GC freed 3(96B) AllocSpace objects, 0(0B) LOS objects, 38% free, 25MB/41MB, paused 281us total 32.800ms
08-05 13:46:11.477 11115 11126 I art     : Starting a blocking GC Explicit
08-05 13:46:11.511 11115 11126 I art     : Explicit concurrent mark sweep GC freed 3(96B) AllocSpace objects, 0(0B) LOS objects, 38% free, 25MB/41MB, paused 286us total 33.905ms
08-05 13:46:11.757  5179  5194 D QcrilMsgTunnelSocket: readRilMessage: Buffer = [B@671e81d HexData = [010000000404000011000000514f454d484f4f4bef0308000100000003]
08-05 13:46:11.757  5179  5194 D QcrilMsgTunnelSocket: Rcvd UNSOL response with 28 bytes data for SUB0
08-05 13:46:11.757  5179  5194 D QcrilMsgTunnelSocket: Response ID 525295 is not served in this process.
08-05 13:46:11.757  5179  5194 D QcrilMsgTunnelSocket: To broadcast an Intent via the notifier to external apps
08-05 13:46:11.758  5179  5179 D QcrilMsgTunnelIfaceManager: handleMessage what = 0
08-05 13:46:11.758  5179  5179 D QcrilMsgTunnelIfaceManager: Broadcasting intent ACTION_UNSOL_RESPONSE_OEM_HOOK_RAW
08-05 13:46:11.759  5164  5164 D QC_RIL_OEM_HOOK: Received Broadcast Intent ACTION_UNSOL_RESPONSE_OEM_HOOK_RAW
08-05 13:46:11.759  5164  5164 D QC_RIL_OEM_HOOK: Oem ID in QCRILHOOK UNSOL RESP is QOEMHOOK
08-05 13:46:11.834 11115 11597 I art     : Starting a blocking GC Explicit
08-05 13:46:11.872 11115 11597 I art     : Explicit concurrent mark sweep GC freed 1347(80KB) AllocSpace objects, 1(20KB) LOS objects, 38% free, 25MB/41MB, paused 290us total 37.781ms
08-05 13:46:11.889 11115 11597 I art     : Starting a blocking GC Explicit
08-05 13:46:11.923 11115 11597 I art     : Explicit concurrent mark sweep GC freed 20(704B) AllocSpace objects, 0(0B) LOS objects, 38% free, 25MB/41MB, paused 291us total 33.804ms
08-05 13:46:11.937 11115 11597 I art     : Starting a blocking GC Explicit
08-05 13:46:11.970 11115 11597 I art     : Explicit concurrent mark sweep GC freed 3(96B) AllocSpace objects, 0(0B) LOS objects, 38% free, 25MB/41MB, paused 283us total 32.969ms
08-05 13:46:11.984 11115 11597 I art     : Starting a blocking GC Explicit
08-05 13:46:12.018 11115 11597 I art     : Explicit concurrent mark sweep GC freed 3(96B) AllocSpace objects, 0(0B) LOS objects, 38% free, 25MB/41MB, paused 277us total 33.375ms
08-05 13:46:12.031 11115 11597 I art     : Starting a blocking GC Explicit
08-05 13:46:12.066 11115 11597 I art     : Explicit concurrent mark sweep GC freed 3(96B) AllocSpace objects, 0(0B) LOS objects, 38% free, 25MB/41MB, paused 278us total 33.895ms
08-05 13:46:12.268  9322  9322 I ServiceManager: Waiting for service AtCmdFwd...
08-05 13:46:12.380 11115 11412 I art     : Starting a blocking GC Explicit
08-05 13:46:12.414 11115 11412 I art     : Explicit concurrent mark sweep GC freed 1344(80KB) AllocSpace objects, 1(20KB) LOS objects, 38% free, 25MB/41MB, paused 289us total 33.929ms
08-05 13:46:12.428 11115 11412 I art     : Starting a blocking GC Explicit
08-05 13:46:12.460 11115 11412 I art     : Explicit concurrent mark sweep GC freed 20(704B) AllocSpace objects, 0(0B) LOS objects, 38% free, 25MB/41MB, paused 272us total 32.405ms
08-05 13:46:12.474 11115 11412 I art     : Starting a blocking GC Explicit
08-05 13:46:12.505 11115 11412 I art     : Explicit concurrent mark sweep GC freed 3(96B) AllocSpace objects, 0(0B) LOS objects, 38% free, 25MB/41MB, paused 263us total 31.504ms
08-05 13:46:12.519 11115 11412 I art     : Starting a blocking GC Explicit
08-05 13:46:12.550 11115 11412 I art     : Explicit concurrent mark sweep GC freed 3(96B) AllocSpace objects, 0(0B) LOS objects, 38% free, 25MB/41MB, paused 269us total 31.410ms
08-05 13:46:12.563 11115 11412 I art     : Starting a blocking GC Explicit
08-05 13:46:12.596 11115 11412 I art     : Explicit concurrent mark sweep GC freed 3(96B) AllocSpace objects, 0(0B) LOS objects, 38% free, 25MB/41MB, paused 277us total 32.010ms
08-05 13:46:12.727   518   646 I ThermalEngine: ACTION: GPU - Setting GPU[0] to 600000000
08-05 13:46:12.769 12753 12753 D AndroidRuntime: >>>>>> START com.android.internal.os.RuntimeInit uid 2000 <<<<<<
08-05 13:46:12.774 12753 12753 D AndroidRuntime: CheckJNI is OFF
08-05 13:46:12.800 12753 12753 D ICU     : No timezone override file found: /data/misc/zoneinfo/current/icu/icu_tzdata.dat
08-05 13:46:12.825 12753 12753 I Radio-JNI: register_android_hardware_Radio DONE
08-05 13:46:12.841 12753 12753 D AndroidRuntime: Calling main entry com.android.commands.input.Input
08-05 13:46:12.843 12753 12753 I Input   : injectMotionEvent: MotionEvent { action=ACTION_DOWN, actionButton=0, id[0]=0, x[0]=600.0, y[0]=700.0, toolType[0]=TOOL_TYPE_UNKNOWN, buttonState=0, metaState=0, flags=0x0, edgeFlags=0x0, pointerCount=1, historySize=0, eventTime=798389256, downTime=798389256, deviceId=0, source=0x1002 }
08-05 13:46:12.848 12753 12753 I Input   : injectMotionEvent: MotionEvent { action=ACTION_UP, actionButton=0, id[0]=0, x[0]=600.0, y[0]=700.0, toolType[0]=TOOL_TYPE_UNKNOWN, buttonState=0, metaState=0, flags=0x0, edgeFlags=0x0, pointerCount=1, historySize=0, eventTime=798389256, downTime=798389256, deviceId=0, source=0x1002 }
08-05 13:46:12.851 12753 12753 D AndroidRuntime: Shutting down VM
08-05 13:46:12.862   512  2967 D audio_hw_primary: out_set_parameters: enter: usecase(1: low-latency-playback) kvpairs: routing=2
08-05 13:46:12.863   918  4413 I ActivityManager: START u0 {dat=https://oauth.reddit.com/... cmp=baseline.org.quantumbadger.redreader/.activities.CommentListingActivity} from uid 10689 on display 0
08-05 13:46:12.875   512  2967 D audio_hw_primary: select_devices: out_snd_device(2: speaker) in_snd_device(0: none)
08-05 13:46:12.875   512  2967 D msm8974_platform: platform_send_audio_calibration: sending audio calibration for snd_device(2) acdb_id(15)
08-05 13:46:12.875   512  2967 I soundtrigger: audio_extn_sound_trigger_update_device_status: device 0x2 of type 0 for Event 1
08-05 13:46:12.885 11115 11115 I AppCompatViewInflater: app:theme is now deprecated. Please move to using android:theme instead.
08-05 13:46:12.886   512  2967 D audio_hw_primary: enable_snd_device: snd_device(2: speaker)
08-05 13:46:12.888 11115 11412 I art     : Starting a blocking GC Explicit
08-05 13:46:12.888   512  2967 D audio_hw_primary: enable_audio_route: apply and update mixer path: low-latency-playback speaker
08-05 13:46:12.900 11115 11693 I CommentListingActivity: COMMENTS session changed to 6491a47e-6a8c-499d-b274-f4d9ff84e596
08-05 13:46:12.916 11115 11412 I art     : Explicit concurrent mark sweep GC freed 3876(319KB) AllocSpace objects, 1(20KB) LOS objects, 38% free, 26MB/42MB, paused 535us total 28.256ms
08-05 13:46:12.927 11115 11412 I art     : Starting a blocking GC Explicit
08-05 13:46:12.961 11115 11412 I art     : Explicit concurrent mark sweep GC freed 12220(826KB) AllocSpace objects, 2(36KB) LOS objects, 37% free, 27MB/43MB, paused 856us total 33.896ms
08-05 13:46:12.966   918   936 I ActivityManager: Displayed baseline.org.quantumbadger.redreader/.activities.CommentListingActivity: +94ms
08-05 13:46:12.972 11115 11412 I art     : Starting a blocking GC Explicit
08-05 13:46:12.983 13866 13866 I GoogleInputMethodServic: GoogleInputMethodService.onFinishInput():3138 
08-05 13:46:12.983 13866 13866 I GoogleInputMethodServic: GoogleInputMethodService.onStartInput():1808 
08-05 13:46:13.015 11115 11412 I art     : Explicit concurrent mark sweep GC freed 14147(910KB) AllocSpace objects, 0(0B) LOS objects, 35% free, 28MB/44MB, paused 1.539ms total 42.939ms
08-05 13:46:13.028 11115 11412 I art     : Starting a blocking GC Explicit
08-05 13:46:13.068 11115 11412 I art     : Explicit concurrent mark sweep GC freed 14134(983KB) AllocSpace objects, 1(16KB) LOS objects, 35% free, 29MB/45MB, paused 325us total 39.648ms
08-05 13:46:13.080 11115 11412 I art     : Starting a blocking GC Explicit
08-05 13:46:13.116 11115 11412 I art     : Explicit concurrent mark sweep GC freed 21270(983KB) AllocSpace objects, 0(0B) LOS objects, 36% free, 28MB/44MB, paused 194us total 36.321ms
08-05 13:46:13.209   380   380 W SurfaceFlinger: couldn't log to binary event log: overflow.
08-05 13:46:13.269  9322  9322 I ServiceManager: Waiting for service AtCmdFwd...
08-05 13:46:13.328 11115 11412 I art     : Starting a blocking GC Explicit
08-05 13:46:13.369 11115 11412 I art     : Explicit concurrent mark sweep GC freed 1434(83KB) AllocSpace objects, 1(20KB) LOS objects, 36% free, 28MB/44MB, paused 236us total 40.909ms
08-05 13:46:13.381 11115 11412 I art     : Starting a blocking GC Explicit
08-05 13:46:13.415 11115 11412 I art     : Explicit concurrent mark sweep GC freed 30(1024B) AllocSpace objects, 0(0B) LOS objects, 36% free, 28MB/44MB, paused 176us total 33.688ms
08-05 13:46:13.420   512  2967 D audio_hw_primary: disable_audio_route: reset and update mixer path: low-latency-playback speaker
08-05 13:46:13.421   512  2967 D audio_hw_primary: disable_snd_device: snd_device(2: speaker)
08-05 13:46:13.427 11115 11412 I art     : Starting a blocking GC Explicit
08-05 13:46:13.430   512  2967 I soundtrigger: audio_extn_sound_trigger_update_device_status: device 0x2 of type 0 for Event 0
08-05 13:46:13.459 11115 11412 I art     : Explicit concurrent mark sweep GC freed 3(96B) AllocSpace objects, 0(0B) LOS objects, 36% free, 28MB/44MB, paused 175us total 32.400ms
08-05 13:46:13.470 11115 11412 I art     : Starting a blocking GC Explicit
08-05 13:46:13.503 11115 11412 I art     : Explicit concurrent mark sweep GC freed 3(96B) AllocSpace objects, 0(0B) LOS objects, 36% free, 28MB/44MB, paused 187us total 32.118ms
08-05 13:46:13.514 11115 11412 I art     : Starting a blocking GC Explicit
08-05 13:46:13.546 11115 11412 I art     : Explicit concurrent mark sweep GC freed 3(96B) AllocSpace objects, 0(0B) LOS objects, 36% free, 28MB/44MB, paused 175us total 32.099ms
08-05 13:46:13.681 11115 12675 I RedditChangeDataIO: Writing tmp data file at '/data/user/0/baseline.org.quantumbadger.redreader/files/rr_change_data_tmp.dat'
08-05 13:46:13.681 11115 12675 I RedditChangeDataManager: Taking snapshot...
08-05 13:46:13.682 11115 12675 I RedditChangeDataManager: Writing to stream...
08-05 13:46:13.682 11115 12675 I RedditChangeDataManager: Wrote 3 entries for user ''
08-05 13:46:13.682 11115 12675 I RedditChangeDataManager: All entries written to stream.
08-05 13:46:13.682 11115 12675 I RedditChangeDataIO: Write successful. Atomically replacing data file...
08-05 13:46:13.682 11115 12675 I RedditChangeDataIO: Write complete.
08-05 13:46:13.682 11115 12675 I RedditChangeDataIO: 86 bytes written in 1 ms
08-05 13:46:13.830 11115 11138 I art     : Starting a blocking GC Explicit
08-05 13:46:13.874 11115 11138 I art     : Explicit concurrent mark sweep GC freed 1676(125KB) AllocSpace objects, 2(88KB) LOS objects, 36% free, 28MB/44MB, paused 192us total 43.136ms
08-05 13:46:13.888 11115 11138 I art     : Starting a blocking GC Explicit
08-05 13:46:13.925 11115 11138 I art     : Explicit concurrent mark sweep GC freed 88(2976B) AllocSpace objects, 0(0B) LOS objects, 36% free, 28MB/44MB, paused 171us total 37.294ms
08-05 13:46:13.937 11115 11138 I art     : Starting a blocking GC Explicit
08-05 13:46:13.974 11115 11138 I art     : Explicit concurrent mark sweep GC freed 49(1920B) AllocSpace objects, 0(0B) LOS objects, 36% free, 28MB/44MB, paused 186us total 37.044ms
08-05 13:46:13.986 11115 11138 I art     : Starting a blocking GC Explicit
08-05 13:46:14.025 11115 11138 I art     : Explicit concurrent mark sweep GC freed 3(96B) AllocSpace objects, 0(0B) LOS objects, 36% free, 28MB/44MB, paused 170us total 38.854ms
08-05 13:46:14.037 11115 11138 I art     : Starting a blocking GC Explicit
08-05 13:46:14.076 11115 11138 I art     : Explicit concurrent mark sweep GC freed 3(96B) AllocSpace objects, 0(0B) LOS objects, 36% free, 28MB/44MB, paused 188us total 38.274ms
08-05 13:46:14.269  9322  9322 I ServiceManager: Waiting for service AtCmdFwd...
08-05 13:46:14.369 11115 11126 I art     : Starting a blocking GC Explicit
08-05 13:46:14.429 11115 11126 I art     : Explicit concurrent mark sweep GC freed 1343(80KB) AllocSpace objects, 1(20KB) LOS objects, 36% free, 28MB/44MB, paused 236us total 59.536ms
08-05 13:46:14.445 11115 11126 I art     : Starting a blocking GC Explicit
08-05 13:46:14.484 11115 11126 I art     : Explicit concurrent mark sweep GC freed 20(704B) AllocSpace objects, 0(0B) LOS objects, 36% free, 28MB/44MB, paused 196us total 39.634ms
08-05 13:46:14.497 11115 11126 I art     : Starting a blocking GC Explicit
08-05 13:46:14.537 11115 11126 I art     : Explicit concurrent mark sweep GC freed 3(96B) AllocSpace objects, 0(0B) LOS objects, 36% free, 28MB/44MB, paused 191us total 39.392ms
08-05 13:46:14.549 11115 11126 I art     : Starting a blocking GC Explicit
08-05 13:46:14.588 11115 11126 I art     : Explicit concurrent mark sweep GC freed 3(96B) AllocSpace objects, 0(0B) LOS objects, 36% free, 28MB/44MB, paused 176us total 38.845ms
08-05 13:46:14.600 11115 11126 I art     : Starting a blocking GC Explicit
08-05 13:46:14.639 11115 11126 I art     : Explicit concurrent mark sweep GC freed 3(96B) AllocSpace objects, 0(0B) LOS objects, 36% free, 28MB/44MB, paused 186us total 38.432ms
08-05 13:46:14.731   518   646 I ThermalEngine: ACTION: GPU - Setting GPU[0] to 510000000
08-05 13:46:14.930 11115 11597 I art     : Starting a blocking GC Explicit
08-05 13:46:14.987 11115 11597 I art     : Explicit concurrent mark sweep GC freed 1343(80KB) AllocSpace objects, 1(20KB) LOS objects, 36% free, 28MB/44MB, paused 330us total 56.615ms
08-05 13:46:15.009 11115 11597 I art     : Starting a blocking GC Explicit
08-05 13:46:15.054 11115 11597 I art     : Explicit concurrent mark sweep GC freed 20(704B) AllocSpace objects, 0(0B) LOS objects, 36% free, 28MB/44MB, paused 252us total 44.887ms
08-05 13:46:15.070 11115 11597 I art     : Starting a blocking GC Explicit
08-05 13:46:15.115 11115 11597 I art     : Explicit concurrent mark sweep GC freed 3(96B) AllocSpace objects, 0(0B) LOS objects, 36% free, 28MB/44MB, paused 270us total 45.590ms
08-05 13:46:15.131 11115 11597 I art     : Starting a blocking GC Explicit
08-05 13:46:15.180 11115 11597 I art     : Explicit concurrent mark sweep GC freed 3(96B) AllocSpace objects, 0(0B) LOS objects, 36% free, 28MB/44MB, paused 262us total 48.098ms
08-05 13:46:15.196 11115 11597 I art     : Starting a blocking GC Explicit
08-05 13:46:15.244 11115 11597 I art     : Explicit concurrent mark sweep GC freed 3(96B) AllocSpace objects, 0(0B) LOS objects, 36% free, 28MB/44MB, paused 255us total 48.500ms
08-05 13:46:15.270  9322  9322 I ServiceManager: Waiting for service AtCmdFwd...
08-05 13:46:15.570 11115 11412 I art     : Starting a blocking GC Explicit
08-05 13:46:15.636 11115 11412 I art     : Explicit concurrent mark sweep GC freed 1343(80KB) AllocSpace objects, 1(20KB) LOS objects, 36% free, 28MB/44MB, paused 279us total 65.569ms
08-05 13:46:15.655 11115 11412 I art     : Starting a blocking GC Explicit
08-05 13:46:15.703 11115 11412 I art     : Explicit concurrent mark sweep GC freed 20(704B) AllocSpace objects, 0(0B) LOS objects, 36% free, 28MB/44MB, paused 237us total 47.852ms
08-05 13:46:15.718 11115 11412 I art     : Starting a blocking GC Explicit
08-05 13:46:15.765 11115 11412 I art     : Explicit concurrent mark sweep GC freed 3(96B) AllocSpace objects, 0(0B) LOS objects, 36% free, 28MB/44MB, paused 244us total 46.016ms
08-05 13:46:15.780 11115 11412 I art     : Starting a blocking GC Explicit
08-05 13:46:15.828 11115 11412 I art     : Explicit concurrent mark sweep GC freed 3(96B) AllocSpace objects, 0(0B) LOS objects, 36% free, 28MB/44MB, paused 266us total 47.110ms
08-05 13:46:15.843 11115 11412 I art     : Starting a blocking GC Explicit
08-05 13:46:15.891 11115 11412 I art     : Explicit concurrent mark sweep GC freed 3(96B) AllocSpace objects, 0(0B) LOS objects, 36% free, 28MB/44MB, paused 252us total 47.736ms
08-05 13:46:16.227 11115 11127 I art     : Starting a blocking GC Explicit
08-05 13:46:16.270  9322  9322 I ServiceManager: Waiting for service AtCmdFwd...
08-05 13:46:16.286 11115 11127 I art     : Explicit concurrent mark sweep GC freed 1343(80KB) AllocSpace objects, 1(20KB) LOS objects, 36% free, 28MB/44MB, paused 275us total 59.203ms
08-05 13:46:16.306 11115 11127 I art     : Starting a blocking GC Explicit
08-05 13:46:16.353 11115 11127 I art     : Explicit concurrent mark sweep GC freed 20(704B) AllocSpace objects, 0(0B) LOS objects, 36% free, 28MB/44MB, paused 248us total 45.986ms
08-05 13:46:16.368 11115 11127 I art     : Starting a blocking GC Explicit
08-05 13:46:16.416 11115 11127 I art     : Explicit concurrent mark sweep GC freed 3(96B) AllocSpace objects, 0(0B) LOS objects, 36% free, 28MB/44MB, paused 257us total 47.858ms
08-05 13:46:16.432 11115 11127 I art     : Starting a blocking GC Explicit
08-05 13:46:16.480 11115 11127 I art     : Explicit concurrent mark sweep GC freed 3(96B) AllocSpace objects, 0(0B) LOS objects, 36% free, 28MB/44MB, paused 246us total 47.913ms
08-05 13:46:16.496 11115 11127 I art     : Starting a blocking GC Explicit
08-05 13:46:16.542 11115 11127 I art     : Explicit concurrent mark sweep GC freed 3(96B) AllocSpace objects, 0(0B) LOS objects, 36% free, 28MB/44MB, paused 249us total 46.309ms
08-05 13:46:16.863 11115 11138 I art     : Starting a blocking GC Explicit
08-05 13:46:16.929 11115 11138 I art     : Explicit concurrent mark sweep GC freed 1345(80KB) AllocSpace objects, 1(20KB) LOS objects, 36% free, 28MB/44MB, paused 287us total 65.456ms
08-05 13:46:16.947 11115 11138 I art     : Starting a blocking GC Explicit
08-05 13:46:16.993 11115 11138 I art     : Explicit concurrent mark sweep GC freed 20(704B) AllocSpace objects, 0(0B) LOS objects, 36% free, 28MB/44MB, paused 245us total 45.931ms
08-05 13:46:17.008 11115 11138 I art     : Starting a blocking GC Explicit
08-05 13:46:17.055 11115 11138 I art     : Explicit concurrent mark sweep GC freed 3(96B) AllocSpace objects, 0(0B) LOS objects, 36% free, 28MB/44MB, paused 268us total 46.641ms
08-05 13:46:17.071 11115 11138 I art     : Starting a blocking GC Explicit
08-05 13:46:17.115 11115 11138 I art     : Explicit concurrent mark sweep GC freed 3(96B) AllocSpace objects, 0(0B) LOS objects, 36% free, 28MB/44MB, paused 234us total 44.375ms
08-05 13:46:17.131 11115 11138 I art     : Starting a blocking GC Explicit
08-05 13:46:17.175 11115 11138 I art     : Explicit concurrent mark sweep GC freed 3(96B) AllocSpace objects, 0(0B) LOS objects, 36% free, 28MB/44MB, paused 259us total 43.985ms
08-05 13:46:17.271  9322  9322 W Atfwd_Sendcmd: AtCmdFwd service not published, waiting... retryCnt : 1
08-05 13:46:17.487 11115 11126 I art     : Starting a blocking GC Explicit
08-05 13:46:17.526 12852 12852 D AndroidRuntime: >>>>>> START com.android.internal.os.RuntimeInit uid 2000 <<<<<<
08-05 13:46:17.531 12852 12852 D AndroidRuntime: CheckJNI is OFF
08-05 13:46:17.541 11115 11126 I art     : Explicit concurrent mark sweep GC freed 1343(80KB) AllocSpace objects, 1(20KB) LOS objects, 36% free, 28MB/44MB, paused 256us total 53.430ms
08-05 13:46:17.557 11115 11126 I art     : Starting a blocking GC Explicit
08-05 13:46:17.568 12852 12852 D ICU     : No timezone override file found: /data/misc/zoneinfo/current/icu/icu_tzdata.dat
08-05 13:46:17.600 11115 11126 I art     : Explicit concurrent mark sweep GC freed 20(704B) AllocSpace objects, 0(0B) LOS objects, 36% free, 28MB/44MB, paused 276us total 43.064ms
08-05 13:46:17.602 12852 12852 I Radio-JNI: register_android_hardware_Radio DONE
08-05 13:46:17.615 11115 11126 I art     : Starting a blocking GC Explicit
08-05 13:46:17.625 12852 12852 D AndroidRuntime: Calling main entry com.android.commands.input.Input
08-05 13:46:17.626 12852 12852 I Input   : injectKeyEvent: KeyEvent { action=ACTION_DOWN, keyCode=KEYCODE_BACK, scanCode=0, metaState=0, flags=0x0, repeatCount=0, eventTime=798394039, downTime=798394039, deviceId=-1, source=0x101 }
08-05 13:46:17.632 12852 12852 I Input   : injectKeyEvent: KeyEvent { action=ACTION_UP, keyCode=KEYCODE_BACK, scanCode=0, metaState=0, flags=0x0, repeatCount=0, eventTime=798394039, downTime=798394039, deviceId=-1, source=0x101 }
08-05 13:46:17.639 12852 12852 D AndroidRuntime: Shutting down VM
08-05 13:46:17.657 11115 11126 I art     : Explicit concurrent mark sweep GC freed 120(4KB) AllocSpace objects, 0(0B) LOS objects, 36% free, 28MB/44MB, paused 293us total 42.221ms
08-05 13:46:17.671 11115 11126 I art     : Starting a blocking GC Explicit
08-05 13:46:17.678 13866 13866 I GoogleInputMethodServic: GoogleInputMethodService.onFinishInput():3138 
08-05 13:46:17.678 13866 13866 I GoogleInputMethodServic: GoogleInputMethodService.onStartInput():1808 
08-05 13:46:17.711 11115 11126 I art     : Explicit concurrent mark sweep GC freed 108(4KB) AllocSpace objects, 0(0B) LOS objects, 36% free, 28MB/44MB, paused 261us total 39.706ms
08-05 13:46:17.727 11115 11126 I art     : Starting a blocking GC Explicit
08-05 13:46:17.737   518   646 I ThermalEngine: ACTION: GPU - Setting GPU[0] to 600000000
08-05 13:46:17.764 11115 11126 I art     : Explicit concurrent mark sweep GC freed 28(944B) AllocSpace objects, 0(0B) LOS objects, 36% free, 28MB/44MB, paused 211us total 37.103ms
08-05 13:46:17.997   380   380 W SurfaceFlinger: couldn't log to binary event log: overflow.
08-05 13:46:18.007 11115 11126 I art     : Starting a blocking GC Explicit
08-05 13:46:18.047 11115 11126 I art     : Explicit concurrent mark sweep GC freed 1404(82KB) AllocSpace objects, 1(20KB) LOS objects, 36% free, 28MB/44MB, paused 219us total 39.259ms
08-05 13:46:18.058 11115 11126 I art     : Starting a blocking GC Explicit
08-05 13:46:18.087 11115 11126 I art     : Explicit concurrent mark sweep GC freed 46779(2MB) AllocSpace objects, 5(140KB) LOS objects, 38% free, 25MB/41MB, paused 185us total 28.173ms
08-05 13:46:18.098 11115 11126 I art     : Starting a blocking GC Explicit
08-05 13:46:18.125 11115 11126 I art     : Explicit concurrent mark sweep GC freed 3(96B) AllocSpace objects, 0(0B) LOS objects, 38% free, 25MB/41MB, paused 200us total 26.513ms
08-05 13:46:18.135 11115 11126 I art     : Starting a blocking GC Explicit
08-05 13:46:18.162 11115 11126 I art     : Explicit concurrent mark sweep GC freed 3(96B) AllocSpace objects, 0(0B) LOS objects, 38% free, 25MB/41MB, paused 193us total 26.398ms
08-05 13:46:18.172 11115 11126 I art     : Starting a blocking GC Explicit
08-05 13:46:18.199 11115 11126 I art     : Explicit concurrent mark sweep GC freed 3(96B) AllocSpace objects, 0(0B) LOS objects, 38% free, 25MB/41MB, paused 184us total 26.802ms
08-05 13:46:18.471 11115 11127 I art     : Starting a blocking GC Explicit
08-05 13:46:18.507 11115 11127 I art     : Explicit concurrent mark sweep GC freed 1343(80KB) AllocSpace objects, 1(20KB) LOS objects, 38% free, 25MB/41MB, paused 226us total 35.913ms
08-05 13:46:18.521 11115 11127 I art     : Starting a blocking GC Explicit
08-05 13:46:18.550 11115 11127 I art     : Explicit concurrent mark sweep GC freed 20(704B) AllocSpace objects, 0(0B) LOS objects, 38% free, 25MB/41MB, paused 234us total 28.021ms
08-05 13:46:18.561 11115 11127 I art     : Starting a blocking GC Explicit
08-05 13:46:18.588 11115 11127 I art     : Explicit concurrent mark sweep GC freed 3(96B) AllocSpace objects, 0(0B) LOS objects, 38% free, 25MB/41MB, paused 184us total 27.537ms
08-05 13:46:18.599 11115 11127 I art     : Starting a blocking GC Explicit
08-05 13:46:18.626 11115 11127 I art     : Explicit concurrent mark sweep GC freed 3(96B) AllocSpace objects, 0(0B) LOS objects, 38% free, 25MB/41MB, paused 182us total 27.026ms
08-05 13:46:18.637 11115 11127 I art     : Starting a blocking GC Explicit
08-05 13:46:18.663 11115 11127 I art     : Explicit concurrent mark sweep GC freed 3(96B) AllocSpace objects, 0(0B) LOS objects, 38% free, 25MB/41MB, paused 211us total 26.434ms
08-05 13:46:18.937 11115 11597 I art     : Starting a blocking GC Explicit
08-05 13:46:18.966 11115 11597 I art     : Explicit concurrent mark sweep GC freed 1343(80KB) AllocSpace objects, 1(20KB) LOS objects, 38% free, 25MB/41MB, paused 190us total 28.087ms
08-05 13:46:18.976 11115 11597 I art     : Starting a blocking GC Explicit
08-05 13:46:19.000 11115 11597 I art     : Explicit concurrent mark sweep GC freed 20(704B) AllocSpace objects, 0(0B) LOS objects, 38% free, 25MB/41MB, paused 201us total 23.551ms
08-05 13:46:19.010 11115 11597 I art     : Starting a blocking GC Explicit
08-05 13:46:19.034 11115 11597 I art     : Explicit concurrent mark sweep GC freed 3(96B) AllocSpace objects, 0(0B) LOS objects, 38% free, 25MB/41MB, paused 182us total 24.208ms
08-05 13:46:19.044 11115 11597 I art     : Starting a blocking GC Explicit
08-05 13:46:19.069 11115 11597 I art     : Explicit concurrent mark sweep GC freed 3(96B) AllocSpace objects, 0(0B) LOS objects, 38% free, 25MB/41MB, paused 195us total 25.052ms
08-05 13:46:19.079 11115 11597 I art     : Starting a blocking GC Explicit
08-05 13:46:19.104 11115 11597 I art     : Explicit concurrent mark sweep GC freed 3(96B) AllocSpace objects, 0(0B) LOS objects, 38% free, 25MB/41MB, paused 245us total 25.081ms
08-05 13:46:19.202 12901 12901 D AndroidRuntime: >>>>>> START com.android.internal.os.RuntimeInit uid 2000 <<<<<<
08-05 13:46:19.208 12901 12901 D AndroidRuntime: CheckJNI is OFF
08-05 13:46:19.240 12901 12901 D ICU     : No timezone override file found: /data/misc/zoneinfo/current/icu/icu_tzdata.dat
08-05 13:46:19.267 12901 12901 I Radio-JNI: register_android_hardware_Radio DONE
08-05 13:46:19.282 12901 12901 D AndroidRuntime: Calling main entry com.android.commands.input.Input
08-05 13:46:19.284 12901 12901 I Input   : injectKeyEvent: KeyEvent { action=ACTION_DOWN, keyCode=KEYCODE_BACK, scanCode=0, metaState=0, flags=0x0, repeatCount=0, eventTime=798395697, downTime=798395697, deviceId=-1, source=0x101 }
08-05 13:46:19.289 12901 12901 I Input   : injectKeyEvent: KeyEvent { action=ACTION_UP, keyCode=KEYCODE_BACK, scanCode=0, metaState=0, flags=0x0, repeatCount=0, eventTime=798395697, downTime=798395697, deviceId=-1, source=0x101 }
08-05 13:46:19.294 12901 12901 D AndroidRuntime: Shutting down VM
08-05 13:46:19.339 13866 13866 I GoogleInputMethodServic: GoogleInputMethodService.onFinishInput():3138 
08-05 13:46:19.340 13866 13866 I GoogleInputMethodServic: GoogleInputMethodService.onStartInput():1808 
08-05 13:46:19.344 11115 11412 I art     : Starting a blocking GC Explicit
08-05 13:46:19.372 11115 11412 I art     : Explicit concurrent mark sweep GC freed 1504(85KB) AllocSpace objects, 1(20KB) LOS objects, 38% free, 25MB/41MB, paused 182us total 27.793ms
08-05 13:46:19.383 11115 11412 I art     : Starting a blocking GC Explicit
08-05 13:46:19.409 11115 11412 I art     : Explicit concurrent mark sweep GC freed 40(1392B) AllocSpace objects, 0(0B) LOS objects, 38% free, 25MB/41MB, paused 178us total 25.440ms
08-05 13:46:19.419 11115 11412 I art     : Starting a blocking GC Explicit
08-05 13:46:19.442 11115 11412 I art     : Explicit concurrent mark sweep GC freed 3(96B) AllocSpace objects, 0(0B) LOS objects, 38% free, 25MB/41MB, paused 175us total 22.624ms
08-05 13:46:19.452 11115 11412 I art     : Starting a blocking GC Explicit
08-05 13:46:19.477 11115 11412 I art     : Explicit concurrent mark sweep GC freed 3(96B) AllocSpace objects, 0(0B) LOS objects, 38% free, 25MB/41MB, paused 182us total 25.134ms
08-05 13:46:19.488 11115 11412 I art     : Starting a blocking GC Explicit
08-05 13:46:19.522 11115 11412 I art     : Explicit concurrent mark sweep GC freed 3(96B) AllocSpace objects, 0(0B) LOS objects, 38% free, 25MB/41MB, paused 217us total 33.992ms
08-05 13:46:19.764 11115 11412 I art     : Starting a blocking GC Explicit
08-05 13:46:19.794 11115 11412 I art     : Explicit concurrent mark sweep GC freed 1398(82KB) AllocSpace objects, 1(20KB) LOS objects, 38% free, 25MB/41MB, paused 208us total 30.074ms
08-05 13:46:19.806 11115 11412 I art     : Starting a blocking GC Explicit
08-05 13:46:19.835 11115 11412 I art     : Explicit concurrent mark sweep GC freed 150(7KB) AllocSpace objects, 0(0B) LOS objects, 38% free, 25MB/41MB, paused 197us total 29.146ms
08-05 13:46:19.846 11115 11412 I art     : Starting a blocking GC Explicit
08-05 13:46:19.873 11115 11412 I art     : Explicit concurrent mark sweep GC freed 3(96B) AllocSpace objects, 0(0B) LOS objects, 38% free, 25MB/41MB, paused 202us total 27.509ms
08-05 13:46:19.884 11115 11412 I art     : Starting a blocking GC Explicit
08-05 13:46:19.912 11115 11412 I art     : Explicit concurrent mark sweep GC freed 3(96B) AllocSpace objects, 0(0B) LOS objects, 38% free, 25MB/41MB, paused 190us total 26.961ms
08-05 13:46:19.922 11115 11412 I art     : Starting a blocking GC Explicit
08-05 13:46:19.949 11115 11412 I art     : Explicit concurrent mark sweep GC freed 3(96B) AllocSpace objects, 0(0B) LOS objects, 38% free, 25MB/41MB, paused 168us total 27.052ms
08-05 13:46:20.221 11115 11138 I art     : Starting a blocking GC Explicit
08-05 13:46:20.260 11115 11138 I art     : Explicit concurrent mark sweep GC freed 1343(80KB) AllocSpace objects, 1(20KB) LOS objects, 38% free, 25MB/41MB, paused 241us total 38.468ms
08-05 13:46:20.278 11115 11138 I art     : Starting a blocking GC Explicit
08-05 13:46:20.304 11115 11138 I art     : Explicit concurrent mark sweep GC freed 20(704B) AllocSpace objects, 0(0B) LOS objects, 38% free, 25MB/41MB, paused 195us total 26.515ms
08-05 13:46:20.315 11115 11138 I art     : Starting a blocking GC Explicit
08-05 13:46:20.342 11115 11138 I art     : Explicit concurrent mark sweep GC freed 3(96B) AllocSpace objects, 0(0B) LOS objects, 38% free, 25MB/41MB, paused 208us total 27.146ms
08-05 13:46:20.353 11115 11138 I art     : Starting a blocking GC Explicit
08-05 13:46:20.381 11115 11138 I art     : Explicit concurrent mark sweep GC freed 3(96B) AllocSpace objects, 0(0B) LOS objects, 38% free, 25MB/41MB, paused 206us total 27.766ms
08-05 13:46:20.391 11115 11138 I art     : Starting a blocking GC Explicit
08-05 13:46:20.419 11115 11138 I art     : Explicit concurrent mark sweep GC freed 3(96B) AllocSpace objects, 0(0B) LOS objects, 38% free, 25MB/41MB, paused 192us total 27.464ms
08-05 13:46:20.657 11115 11126 I art     : Starting a blocking GC Explicit
08-05 13:46:20.685 11115 11126 I art     : Explicit concurrent mark sweep GC freed 1343(80KB) AllocSpace objects, 1(20KB) LOS objects, 38% free, 25MB/41MB, paused 215us total 27.956ms
08-05 13:46:20.696 11115 11126 I art     : Starting a blocking GC Explicit
08-05 13:46:20.721 11115 11126 I art     : Explicit concurrent mark sweep GC freed 20(704B) AllocSpace objects, 0(0B) LOS objects, 38% free, 25MB/41MB, paused 190us total 25.692ms
08-05 13:46:20.731 11115 11126 I art     : Starting a blocking GC Explicit
08-05 13:46:20.744   518   646 I ThermalEngine: ACTION: GPU - Setting GPU[0] to 510000000
08-05 13:46:20.761 11115 11126 I art     : Explicit concurrent mark sweep GC freed 3(96B) AllocSpace objects, 0(0B) LOS objects, 38% free, 25MB/41MB, paused 276us total 29.755ms
08-05 13:46:20.775 11115 11126 I art     : Starting a blocking GC Explicit
08-05 13:46:20.807 11115 11126 I art     : Explicit concurrent mark sweep GC freed 3(96B) AllocSpace objects, 0(0B) LOS objects, 38% free, 25MB/41MB, paused 287us total 32.421ms
08-05 13:46:20.820 11115 11126 I art     : Starting a blocking GC Explicit
08-05 13:46:20.852 11115 11126 I art     : Explicit concurrent mark sweep GC freed 3(96B) AllocSpace objects, 0(0B) LOS objects, 38% free, 25MB/41MB, paused 263us total 31.737ms
08-05 13:46:20.911 12951 12951 D AndroidRuntime: >>>>>> START com.android.internal.os.RuntimeInit uid 2000 <<<<<<
08-05 13:46:20.916 12951 12951 D AndroidRuntime: CheckJNI is OFF
08-05 13:46:20.950 12951 12951 D ICU     : No timezone override file found: /data/misc/zoneinfo/current/icu/icu_tzdata.dat
08-05 13:46:20.988 12951 12951 I Radio-JNI: register_android_hardware_Radio DONE
08-05 13:46:21.010 12951 12951 D AndroidRuntime: Calling main entry com.android.commands.input.Input
08-05 13:46:21.012 12951 12951 I Input   : injectMotionEvent: MotionEvent { action=ACTION_DOWN, actionButton=0, id[0]=0, x[0]=600.0, y[0]=1000.0, toolType[0]=TOOL_TYPE_UNKNOWN, buttonState=0, metaState=0, flags=0x0, edgeFlags=0x0, pointerCount=1, historySize=0, eventTime=798397425, downTime=798397425, deviceId=0, source=0x1002 }
08-05 13:46:21.018 12951 12951 I Input   : injectMotionEvent: MotionEvent { action=ACTION_UP, actionButton=0, id[0]=0, x[0]=600.0, y[0]=1000.0, toolType[0]=TOOL_TYPE_UNKNOWN, buttonState=0, metaState=0, flags=0x0, edgeFlags=0x0, pointerCount=1, historySize=0, eventTime=798397425, downTime=798397425, deviceId=0, source=0x1002 }
08-05 13:46:21.020 12951 12951 D AndroidRuntime: Shutting down VM
08-05 13:46:21.037   512  2967 D audio_hw_primary: out_set_parameters: enter: usecase(1: low-latency-playback) kvpairs: routing=2
08-05 13:46:21.038   918  6111 I ActivityManager: START u0 {dat=https://oauth.reddit.com/... cmp=baseline.org.quantumbadger.redreader/.activities.PostListingActivity} from uid 10689 on display 0
08-05 13:46:21.050   512  2967 D audio_hw_primary: select_devices: out_snd_device(2: speaker) in_snd_device(0: none)
08-05 13:46:21.050   512  2967 D msm8974_platform: platform_send_audio_calibration: sending audio calibration for snd_device(2) acdb_id(15)
08-05 13:46:21.051   512  2967 I soundtrigger: audio_extn_sound_trigger_update_device_status: device 0x2 of type 0 for Event 1
08-05 13:46:21.062 11115 11115 I AppCompatViewInflater: app:theme is now deprecated. Please move to using android:theme instead.
08-05 13:46:21.062   512  2967 D audio_hw_primary: enable_snd_device: snd_device(2: speaker)
08-05 13:46:21.065   512  2967 D audio_hw_primary: enable_audio_route: apply and update mixer path: low-latency-playback speaker
08-05 13:46:21.087 11115 12985 D OK      : calling: https://oauth.reddit.com/r/announcements/about.json
08-05 13:46:21.124 11115 11412 I art     : Starting a blocking GC Explicit
08-05 13:46:21.141   918   936 I ActivityManager: Displayed baseline.org.quantumbadger.redreader/.activities.PostListingActivity: +92ms
08-05 13:46:21.141 13866 13866 I GoogleInputMethodServic: GoogleInputMethodService.onFinishInput():3138 
08-05 13:46:21.142 13866 13866 I GoogleInputMethodServic: GoogleInputMethodService.onStartInput():1808 
08-05 13:46:21.159 11115 11412 I art     : Explicit concurrent mark sweep GC freed 2897(180KB) AllocSpace objects, 1(20KB) LOS objects, 38% free, 25MB/41MB, paused 579us total 34.377ms
08-05 13:46:21.174 11115 11412 I art     : Starting a blocking GC Explicit
08-05 13:46:21.206 11115 11412 I art     : Explicit concurrent mark sweep GC freed 562(31KB) AllocSpace objects, 0(0B) LOS objects, 38% free, 25MB/41MB, paused 264us total 31.164ms
08-05 13:46:21.218 11115 11412 I art     : Starting a blocking GC Explicit
08-05 13:46:21.248 11115 11412 I art     : Explicit concurrent mark sweep GC freed 11(496B) AllocSpace objects, 0(0B) LOS objects, 38% free, 25MB/41MB, paused 537us total 29.614ms
08-05 13:46:21.262 11115 11412 I art     : Starting a blocking GC Explicit
08-05 13:46:21.295 11115 11412 I art     : Explicit concurrent mark sweep GC freed 1918(74KB) AllocSpace objects, 0(0B) LOS objects, 38% free, 25MB/41MB, paused 320us total 32.972ms
08-05 13:46:21.311 11115 11412 I art     : Starting a blocking GC Explicit
08-05 13:46:21.349 11115 11412 I art     : Explicit concurrent mark sweep GC freed 100(4KB) AllocSpace objects, 0(0B) LOS objects, 38% free, 25MB/41MB, paused 331us total 37.626ms
08-05 13:46:21.401   380   380 W SurfaceFlinger: couldn't log to binary event log: overflow.
08-05 13:46:21.443 11115 12985 I NAPPA_EXPERIMENTATION: MetricNetworkRequestExecutionTime: REQUEST_DURATION_SYSTEM='356',REQUEST_DURATION_OKHTTP='151',REQUEST_SYNCHRONOUS='TRUE',RESPONSE_CODE='200',RESPONSE_METHOD='GET',RESPONSE_LENGTH_OKHTTP='-1',RESPONSE_LENGTH_HEADER='1564',REQUEST_PROTOCOL='h2',REQUEST_URL='https://oauth.reddit.com/r/announcements/about.json',
08-05 13:46:21.444 11115 12985 D OK      : request got status: 200
08-05 13:46:21.599   512  2967 D audio_hw_primary: disable_audio_route: reset and update mixer path: low-latency-playback speaker
08-05 13:46:21.600   512  2967 D audio_hw_primary: disable_snd_device: snd_device(2: speaker)
08-05 13:46:21.607   512  2967 I soundtrigger: audio_extn_sound_trigger_update_device_status: device 0x2 of type 0 for Event 0
08-05 13:46:21.620 11115 11127 I art     : Starting a blocking GC Explicit
08-05 13:46:21.654 11115 11127 I art     : Explicit concurrent mark sweep GC freed 3053(241KB) AllocSpace objects, 3(156KB) LOS objects, 38% free, 25MB/41MB, paused 280us total 34.257ms
08-05 13:46:21.669 11115 11127 I art     : Starting a blocking GC Explicit
08-05 13:46:21.701 11115 11127 I art     : Explicit concurrent mark sweep GC freed 201(10KB) AllocSpace objects, 0(0B) LOS objects, 38% free, 25MB/41MB, paused 279us total 31.811ms
08-05 13:46:21.713 11115 11127 I art     : Starting a blocking GC Explicit
08-05 13:46:21.747 11115 11127 I art     : Explicit concurrent mark sweep GC freed 9(304B) AllocSpace objects, 0(0B) LOS objects, 38% free, 25MB/41MB, paused 341us total 33.215ms
08-05 13:46:21.760 11115 11127 I art     : Starting a blocking GC Explicit
08-05 13:46:21.792 11115 11127 I art     : Explicit concurrent mark sweep GC freed 32(1360B) AllocSpace objects, 0(0B) LOS objects, 38% free, 25MB/41MB, paused 303us total 31.471ms
08-05 13:46:21.809 11115 11127 I art     : Starting a blocking GC Explicit
08-05 13:46:21.839 11115 11127 I art     : Explicit concurrent mark sweep GC freed 3(96B) AllocSpace objects, 0(0B) LOS objects, 38% free, 25MB/41MB, paused 275us total 29.962ms
08-05 13:46:22.123 11115 11138 I art     : Starting a blocking GC Explicit
08-05 13:46:22.159 11115 11138 I art     : Explicit concurrent mark sweep GC freed 1367(83KB) AllocSpace objects, 1(20KB) LOS objects, 38% free, 25MB/41MB, paused 304us total 35.486ms
08-05 13:46:22.173 11115 11138 I art     : Starting a blocking GC Explicit
08-05 13:46:22.207 11115 11138 I art     : Explicit concurrent mark sweep GC freed 20(704B) AllocSpace objects, 0(0B) LOS objects, 38% free, 25MB/41MB, paused 267us total 33.186ms
08-05 13:46:22.221 11115 11138 I art     : Starting a blocking GC Explicit
08-05 13:46:22.254 11115 11138 I art     : Explicit concurrent mark sweep GC freed 3(96B) AllocSpace objects, 0(0B) LOS objects, 38% free, 25MB/41MB, paused 410us total 33.093ms
08-05 13:46:22.267 11115 11138 I art     : Starting a blocking GC Explicit
08-05 13:46:22.271  9322  9322 I ServiceManager: Waiting for service AtCmdFwd...
08-05 13:46:22.287 11115 13009 D OK      : calling: https://oauth.reddit.com/r/announcements/hot/.json
08-05 13:46:22.301 11115 11138 I art     : Explicit concurrent mark sweep GC freed 94(3KB) AllocSpace objects, 0(0B) LOS objects, 38% free, 25MB/41MB, paused 344us total 33.193ms
08-05 13:46:22.314 11115 11138 I art     : Starting a blocking GC Explicit
08-05 13:46:22.348 11115 11138 I art     : Explicit concurrent mark sweep GC freed 10(384B) AllocSpace objects, 0(0B) LOS objects, 38% free, 25MB/41MB, paused 339us total 34.065ms
08-05 13:46:22.551 11115 13009 I NAPPA_EXPERIMENTATION: MetricNetworkRequestExecutionTime: REQUEST_DURATION_SYSTEM='264',REQUEST_DURATION_OKHTTP='261',REQUEST_SYNCHRONOUS='TRUE',RESPONSE_CODE='200',RESPONSE_METHOD='GET',RESPONSE_LENGTH_OKHTTP='-1',RESPONSE_LENGTH_HEADER='142016',REQUEST_PROTOCOL='h2',REQUEST_URL='https://oauth.reddit.com/r/announcements/hot/.json',
08-05 13:46:22.552 11115 13009 D OK      : request got status: 200
08-05 13:46:22.574 11115 11693 I PostListingFragment: Precaching images: OFF
08-05 13:46:22.574 11115 11693 I PostListingFragment: Precaching comments: OFF
08-05 13:46:22.621 11115 11127 I art     : Starting a blocking GC Explicit
08-05 13:46:22.660 11115 11127 I art     : Explicit concurrent mark sweep GC freed 3761(277KB) AllocSpace objects, 5(92KB) LOS objects, 37% free, 26MB/42MB, paused 526us total 39.631ms
08-05 13:46:22.674 11115 11127 I art     : Starting a blocking GC Explicit
08-05 13:46:22.711 11115 11127 I art     : Explicit concurrent mark sweep GC freed 1166(65KB) AllocSpace objects, 0(0B) LOS objects, 37% free, 27MB/43MB, paused 508us total 37.333ms
08-05 13:46:22.724 11115 11127 I art     : Starting a blocking GC Explicit
08-05 13:46:22.735 11115 13021 D OK      : calling: https://b.thumbs.redditmedia.com/RROcLjDSUc0QV1UeQ1txXdyl1C_7233mmsMgtYXxQzo.jpg
08-05 13:46:22.764 11115 11127 I art     : Explicit concurrent mark sweep GC freed 2488(103KB) AllocSpace objects, 0(0B) LOS objects, 36% free, 27MB/43MB, paused 616us total 39.221ms
08-05 13:46:22.768 11115 13022 D OK      : calling: https://a.thumbs.redditmedia.com/N-frnMqRYp_XiaGds7kPbHf82a876RNKSQ1iw0LzHR0.jpg
08-05 13:46:22.778 11115 11127 I art     : Starting a blocking GC Explicit
08-05 13:46:22.792 11115 13023 D OK      : calling: https://b.thumbs.redditmedia.com/KH2o_q4MXufUdRChsfwLtl6gnEnT8MJtZn3Tyj5ZmBU.jpg
08-05 13:46:22.819 11115 11127 I art     : Explicit concurrent mark sweep GC freed 2836(147KB) AllocSpace objects, 0(0B) LOS objects, 36% free, 28MB/44MB, paused 674us total 40.658ms
08-05 13:46:22.833 11115 13024 D OK      : calling: https://b.thumbs.redditmedia.com/MGaOJeZl7UsmdtroJopYU_36HUNvQ9LUV5WFH_FJ2vI.jpg
08-05 13:46:22.833 11115 11127 I art     : Starting a blocking GC Explicit
08-05 13:46:22.876 11115 11127 I art     : Explicit concurrent mark sweep GC freed 5073(236KB) AllocSpace objects, 2(48KB) LOS objects, 35% free, 28MB/44MB, paused 725us total 42.977ms
08-05 13:46:22.883 11115 13025 D OK      : calling: https://a.thumbs.redditmedia.com/-D0hxchgus9EyzvGqvnabK_3Obl93tMfG9G58V1QwW8.jpg
08-05 13:46:22.903 11115 13026 D OK      : calling: https://b.thumbs.redditmedia.com/zCaV9kuSMZxmMvdmErGyUsYNdPrmX8LP9_Ee4QTT16g.jpg
08-05 13:46:22.912 11115 13027 D OK      : calling: https://b.thumbs.redditmedia.com/4EGkxZNzrzt-RCtd035cWyO0BipdbDVuPwi4W2v4TyM.jpg
08-05 13:46:22.947 11115 13028 D OK      : calling: https://a.thumbs.redditmedia.com/aVhMBmGX07uX0KhK0rKdhMvQ4UsOJIHN4KeTaa36EF4.jpg
08-05 13:46:23.046 11115 11115 W RecyclerView: Cannot call this method in a scroll callback. Scroll callbacks mightbe run during a measure & layout pass where you cannot change theRecyclerView data. Any method call that might change the structureof the RecyclerView or the adapter contents should be postponed tothe next frame.
08-05 13:46:23.046 11115 11115 W RecyclerView: java.lang.IllegalStateException:  androidx.recyclerview.widget.RecyclerView{4727547 VFED..... .F....ID 0,0-1440,2140 #7f0900ef app:id/scrollbar_recyclerview_recyclerview}, adapter:baseline.org.quantumbadger.redreader.adapters.GroupedRecyclerViewAdapter@61c174, layout:androidx.recyclerview.widget.LinearLayoutManager@648e69d, context:baseline.org.quantumbadger.redreader.activities.PostListingActivity@3473ea6
08-05 13:46:23.046 11115 11115 W RecyclerView: 	at androidx.recyclerview.widget.RecyclerView.assertNotInLayoutOrScroll(RecyclerView.java:3061)
08-05 13:46:23.046 11115 11115 W RecyclerView: 	at androidx.recyclerview.widget.RecyclerView$RecyclerViewDataObserver.onItemRangeInserted(RecyclerView.java:5555)
08-05 13:46:23.046 11115 11115 W RecyclerView: 	at androidx.recyclerview.widget.RecyclerView$AdapterDataObservable.notifyItemRangeInserted(RecyclerView.java:12278)
08-05 13:46:23.046 11115 11115 W RecyclerView: 	at androidx.recyclerview.widget.RecyclerView$Adapter.notifyItemInserted(RecyclerView.java:7464)
08-05 13:46:23.046 11115 11115 W RecyclerView: 	at baseline.org.quantumbadger.redreader.adapters.GroupedRecyclerViewAdapter.updateHiddenStatus(GroupedRecyclerViewAdapter.java:279)
08-05 13:46:23.046 11115 11115 W RecyclerView: 	at baseline.org.quantumbadger.redreader.adapters.RedditListingManager.setLoadingVisible(RedditListingManager.java:125)
08-05 13:46:23.046 11115 11115 W RecyclerView: 	at baseline.org.quantumbadger.redreader.fragments.PostListingFragment.onLoadMoreItemsCheck(PostListingFragment.java:465)
08-05 13:46:23.046 11115 11115 W RecyclerView: 	at baseline.org.quantumbadger.redreader.fragments.PostListingFragment.access$000(PostListingFragment.java:98)
08-05 13:46:23.046 11115 11115 W RecyclerView: 	at baseline.org.quantumbadger.redreader.fragments.PostListingFragment$2.onScrolled(PostListingFragment.java:215)
08-05 13:46:23.046 11115 11115 W RecyclerView: 	at androidx.recyclerview.widget.RecyclerView.dispatchOnScrolled(RecyclerView.java:5173)
08-05 13:46:23.046 11115 11115 W RecyclerView: 	at androidx.recyclerview.widget.RecyclerView.dispatchLayoutStep3(RecyclerView.java:4231)
08-05 13:46:23.046 11115 11115 W RecyclerView: 	at androidx.recyclerview.widget.RecyclerView.dispatchLayout(RecyclerView.java:3862)
08-05 13:46:23.046 11115 11115 W RecyclerView: 	at androidx.recyclerview.widget.RecyclerView.consumePendingUpdateOperations(RecyclerView.java:1897)
08-05 13:46:23.046 11115 11115 W RecyclerView: 	at androidx.recyclerview.widget.RecyclerView$1.run(RecyclerView.java:414)
08-05 13:46:23.046 11115 11115 W RecyclerView: 	at android.view.Choreographer$CallbackRecord.run(Choreographer.java:858)
08-05 13:46:23.046 11115 11115 W RecyclerView: 	at android.view.Choreographer.doCallbacks(Choreographer.java:670)
08-05 13:46:23.046 11115 11115 W RecyclerView: 	at android.view.Choreographer.doFrame(Choreographer.java:603)
08-05 13:46:23.046 11115 11115 W RecyclerView: 	at android.view.Choreographer$FrameDisplayEventReceiver.run(Choreographer.java:844)
08-05 13:46:23.046 11115 11115 W RecyclerView: 	at android.os.Handler.handleCallback(Handler.java:739)
08-05 13:46:23.046 11115 11115 W RecyclerView: 	at android.os.Handler.dispatchMessage(Handler.java:95)
08-05 13:46:23.046 11115 11115 W RecyclerView: 	at android.os.Looper.loop(Looper.java:148)
08-05 13:46:23.046 11115 11115 W RecyclerView: 	at android.app.ActivityThread.main(ActivityThread.java:5417)
08-05 13:46:23.046 11115 11115 W RecyclerView: 	at java.lang.reflect.Method.invoke(Native Method)
08-05 13:46:23.046 11115 11115 W RecyclerView: 	at com.android.internal.os.ZygoteInit$MethodAndArgsCaller.run(ZygoteInit.java:726)
08-05 13:46:23.046 11115 11115 W RecyclerView: 	at com.android.internal.os.ZygoteInit.main(ZygoteInit.java:616)
08-05 13:46:23.128 11115 11126 I art     : Starting a blocking GC Explicit
08-05 13:46:23.171 11115 11126 I art     : Explicit concurrent mark sweep GC freed 83888(4MB) AllocSpace objects, 12(344KB) LOS objects, 37% free, 26MB/42MB, paused 670us total 42.099ms
08-05 13:46:23.185 11115 11126 I art     : Starting a blocking GC Explicit
08-05 13:46:23.190 11115 13022 I NAPPA_EXPERIMENTATION: MetricNetworkRequestExecutionTime: REQUEST_DURATION_SYSTEM='422',REQUEST_DURATION_OKHTTP='230',REQUEST_SYNCHRONOUS='TRUE',RESPONSE_CODE='200',RESPONSE_METHOD='GET',RESPONSE_LENGTH_OKHTTP='3750',RESPONSE_LENGTH_HEADER='3750',REQUEST_PROTOCOL='h2',REQUEST_URL='https://a.thumbs.redditmedia.com/N-frnMqRYp_XiaGds7kPbHf82a876RNKSQ1iw0LzHR0.jpg',
08-05 13:46:23.190 11115 13022 D OK      : request got status: 200
08-05 13:46:23.197 11115 13023 I NAPPA_EXPERIMENTATION: MetricNetworkRequestExecutionTime: REQUEST_DURATION_SYSTEM='405',REQUEST_DURATION_OKHTTP='238',REQUEST_SYNCHRONOUS='TRUE',RESPONSE_CODE='200',RESPONSE_METHOD='GET',RESPONSE_LENGTH_OKHTTP='2613',RESPONSE_LENGTH_HEADER='2613',REQUEST_PROTOCOL='h2',REQUEST_URL='https://b.thumbs.redditmedia.com/KH2o_q4MXufUdRChsfwLtl6gnEnT8MJtZn3Tyj5ZmBU.jpg',
08-05 13:46:23.197 11115 13023 D OK      : request got status: 200
08-05 13:46:23.218 11115 11126 I art     : Explicit concurrent mark sweep GC freed 2207(119KB) AllocSpace objects, 2(88KB) LOS objects, 37% free, 26MB/42MB, paused 636us total 32.488ms
08-05 13:46:23.223 11115 13021 I NAPPA_EXPERIMENTATION: MetricNetworkRequestExecutionTime: REQUEST_DURATION_SYSTEM='488',REQUEST_DURATION_OKHTTP='259',REQUEST_SYNCHRONOUS='TRUE',RESPONSE_CODE='200',RESPONSE_METHOD='GET',RESPONSE_LENGTH_OKHTTP='2558',RESPONSE_LENGTH_HEADER='2558',REQUEST_PROTOCOL='h2',REQUEST_URL='https://b.thumbs.redditmedia.com/RROcLjDSUc0QV1UeQ1txXdyl1C_7233mmsMgtYXxQzo.jpg',
08-05 13:46:23.223 11115 13021 D OK      : request got status: 200
08-05 13:46:23.235 11115 11126 I art     : Starting a blocking GC Explicit
08-05 13:46:23.259 11115 13024 I NAPPA_EXPERIMENTATION: MetricNetworkRequestExecutionTime: REQUEST_DURATION_SYSTEM='426',REQUEST_DURATION_OKHTTP='289',REQUEST_SYNCHRONOUS='TRUE',RESPONSE_CODE='200',RESPONSE_METHOD='GET',RESPONSE_LENGTH_OKHTTP='4804',RESPONSE_LENGTH_HEADER='4804',REQUEST_PROTOCOL='h2',REQUEST_URL='https://b.thumbs.redditmedia.com/MGaOJeZl7UsmdtroJopYU_36HUNvQ9LUV5WFH_FJ2vI.jpg',
08-05 13:46:23.259 11115 13024 D OK      : request got status: 200
08-05 13:46:23.270 11115 11126 I art     : Explicit concurrent mark sweep GC freed 2491(184KB) AllocSpace objects, 12(736KB) LOS objects, 37% free, 26MB/42MB, paused 631us total 35.198ms
08-05 13:46:23.272  9322  9322 I ServiceManager: Waiting for service AtCmdFwd...
08-05 13:46:23.284 11115 11126 I art     : Starting a blocking GC Explicit
08-05 13:46:23.304 11115 13027 I NAPPA_EXPERIMENTATION: MetricNetworkRequestExecutionTime: REQUEST_DURATION_SYSTEM='392',REQUEST_DURATION_OKHTTP='225',REQUEST_SYNCHRONOUS='TRUE',RESPONSE_CODE='200',RESPONSE_METHOD='GET',RESPONSE_LENGTH_OKHTTP='4987',RESPONSE_LENGTH_HEADER='4987',REQUEST_PROTOCOL='h2',REQUEST_URL='https://b.thumbs.redditmedia.com/4EGkxZNzrzt-RCtd035cWyO0BipdbDVuPwi4W2v4TyM.jpg',
08-05 13:46:23.304 11115 13027 D OK      : request got status: 200
08-05 13:46:23.306 11115 13025 I NAPPA_EXPERIMENTATION: MetricNetworkRequestExecutionTime: REQUEST_DURATION_SYSTEM='422',REQUEST_DURATION_OKHTTP='237',REQUEST_SYNCHRONOUS='TRUE',RESPONSE_CODE='200',RESPONSE_METHOD='GET',RESPONSE_LENGTH_OKHTTP='4818',RESPONSE_LENGTH_HEADER='4818',REQUEST_PROTOCOL='h2',REQUEST_URL='https://a.thumbs.redditmedia.com/-D0hxchgus9EyzvGqvnabK_3Obl93tMfG9G58V1QwW8.jpg',
08-05 13:46:23.306 11115 13025 D OK      : request got status: 200
08-05 13:46:23.316 11115 11126 I art     : Explicit concurrent mark sweep GC freed 953(106KB) AllocSpace objects, 8(596KB) LOS objects, 37% free, 27MB/43MB, paused 455us total 31.792ms
08-05 13:46:23.328 11115 13026 I NAPPA_EXPERIMENTATION: MetricNetworkRequestExecutionTime: REQUEST_DURATION_SYSTEM='425',REQUEST_DURATION_OKHTTP='248',REQUEST_SYNCHRONOUS='TRUE',RESPONSE_CODE='200',RESPONSE_METHOD='GET',RESPONSE_LENGTH_OKHTTP='6132',RESPONSE_LENGTH_HEADER='6132',REQUEST_PROTOCOL='h2',REQUEST_URL='https://b.thumbs.redditmedia.com/zCaV9kuSMZxmMvdmErGyUsYNdPrmX8LP9_Ee4QTT16g.jpg',
08-05 13:46:23.328 11115 13026 D OK      : request got status: 200
08-05 13:46:23.329 11115 11126 I art     : Starting a blocking GC Explicit
08-05 13:46:23.361 11115 11126 I art     : Explicit concurrent mark sweep GC freed 870(98KB) AllocSpace objects, 10(512KB) LOS objects, 36% free, 27MB/43MB, paused 333us total 31.631ms
08-05 13:46:23.462 11115 13028 I NAPPA_EXPERIMENTATION: MetricNetworkRequestExecutionTime: REQUEST_DURATION_SYSTEM='515',REQUEST_DURATION_OKHTTP='189',REQUEST_SYNCHRONOUS='TRUE',RESPONSE_CODE='200',RESPONSE_METHOD='GET',RESPONSE_LENGTH_OKHTTP='6940',RESPONSE_LENGTH_HEADER='6940',REQUEST_PROTOCOL='h2',REQUEST_URL='https://a.thumbs.redditmedia.com/aVhMBmGX07uX0KhK0rKdhMvQ4UsOJIHN4KeTaa36EF4.jpg',
08-05 13:46:23.462 11115 13028 D OK      : request got status: 200
08-05 13:46:23.490 11115 13052 D OK      : calling: https://oauth.reddit.com/r/announcements/hot/.json?after=t3_9jf8nh
08-05 13:46:23.685 11115 11138 I art     : Starting a blocking GC Explicit
08-05 13:46:23.727 11115 11138 I art     : Explicit concurrent mark sweep GC freed 4802(340KB) AllocSpace objects, 12(848KB) LOS objects, 36% free, 27MB/43MB, paused 369us total 41.916ms
08-05 13:46:23.741 11115 11138 I art     : Starting a blocking GC Explicit
08-05 13:46:23.753 11115 13052 I NAPPA_EXPERIMENTATION: MetricNetworkRequestExecutionTime: REQUEST_DURATION_SYSTEM='263',REQUEST_DURATION_OKHTTP='153',REQUEST_SYNCHRONOUS='TRUE',RESPONSE_CODE='200',RESPONSE_METHOD='GET',RESPONSE_LENGTH_OKHTTP='-1',RESPONSE_LENGTH_HEADER='65685',REQUEST_PROTOCOL='h2',REQUEST_URL='https://oauth.reddit.com/r/announcements/hot/.json?after=t3_9jf8nh',
08-05 13:46:23.753 11115 13052 D OK      : request got status: 200
08-05 13:46:23.761 11115 11693 I PostListingFragment: Precaching images: OFF
08-05 13:46:23.761 11115 11693 I PostListingFragment: Precaching comments: OFF
08-05 13:46:23.778 11115 11138 I art     : Explicit concurrent mark sweep GC freed 972(121KB) AllocSpace objects, 0(0B) LOS objects, 36% free, 27MB/43MB, paused 494us total 37.185ms
08-05 13:46:23.793 11115 11138 I art     : Starting a blocking GC Explicit
08-05 13:46:23.797 11115 13063 D OK      : calling: https://a.thumbs.redditmedia.com/8P7BG-empihRDWkNYE_LZ8tekikmQtEiymWkwv7obo0.jpg
08-05 13:46:23.829 11115 13064 D OK      : calling: https://b.thumbs.redditmedia.com/PCxvz6Ma5pyTglQOwhW4LZZOY0qIwyWW5pD83dYmMgc.jpg
08-05 13:46:23.833 11115 11138 I art     : Explicit concurrent mark sweep GC freed 3781(209KB) AllocSpace objects, 0(0B) LOS objects, 35% free, 28MB/44MB, paused 686us total 39.501ms
08-05 13:46:23.846 11115 11138 I art     : Starting a blocking GC Explicit
08-05 13:46:23.886 11115 11138 I art     : Explicit concurrent mark sweep GC freed 4290(187KB) AllocSpace objects, 1(16KB) LOS objects, 35% free, 28MB/44MB, paused 700us total 39.870ms
08-05 13:46:23.900 11115 11138 I art     : Starting a blocking GC Explicit
08-05 13:46:23.940 11115 11138 I art     : Explicit concurrent mark sweep GC freed 5862(244KB) AllocSpace objects, 2(84KB) LOS objects, 35% free, 29MB/45MB, paused 502us total 38.965ms
08-05 13:46:23.952 11115 13063 I NAPPA_EXPERIMENTATION: MetricNetworkRequestExecutionTime: REQUEST_DURATION_SYSTEM='155',REQUEST_DURATION_OKHTTP='154',REQUEST_SYNCHRONOUS='TRUE',RESPONSE_CODE='200',RESPONSE_METHOD='GET',RESPONSE_LENGTH_OKHTTP='3039',RESPONSE_LENGTH_HEADER='3039',REQUEST_PROTOCOL='h2',REQUEST_URL='https://a.thumbs.redditmedia.com/8P7BG-empihRDWkNYE_LZ8tekikmQtEiymWkwv7obo0.jpg',
08-05 13:46:23.952 11115 13063 D OK      : request got status: 200
08-05 13:46:24.100 11115 13064 I NAPPA_EXPERIMENTATION: MetricNetworkRequestExecutionTime: REQUEST_DURATION_SYSTEM='269',REQUEST_DURATION_OKHTTP='173',REQUEST_SYNCHRONOUS='TRUE',RESPONSE_CODE='200',RESPONSE_METHOD='GET',RESPONSE_LENGTH_OKHTTP='9233',RESPONSE_LENGTH_HEADER='9233',REQUEST_PROTOCOL='h2',REQUEST_URL='https://b.thumbs.redditmedia.com/PCxvz6Ma5pyTglQOwhW4LZZOY0qIwyWW5pD83dYmMgc.jpg',
08-05 13:46:24.100 11115 13064 D OK      : request got status: 200
08-05 13:46:24.244 11115 11412 I art     : Starting a blocking GC Explicit
08-05 13:46:24.272  9322  9322 I ServiceManager: Waiting for service AtCmdFwd...
08-05 13:46:24.292 11115 11412 I art     : Explicit concurrent mark sweep GC freed 26182(1395KB) AllocSpace objects, 20(1072KB) LOS objects, 36% free, 28MB/44MB, paused 463us total 48.518ms
08-05 13:46:24.307 11115 11412 I art     : Starting a blocking GC Explicit
08-05 13:46:24.342 11115 11412 I art     : Explicit concurrent mark sweep GC freed 967(39KB) AllocSpace objects, 0(0B) LOS objects, 36% free, 28MB/44MB, paused 283us total 35.448ms
08-05 13:46:24.356 11115 11412 I art     : Starting a blocking GC Explicit
08-05 13:46:24.393 11115 11412 I art     : Explicit concurrent mark sweep GC freed 3(96B) AllocSpace objects, 0(0B) LOS objects, 36% free, 28MB/44MB, paused 282us total 36.599ms
08-05 13:46:24.407 11115 11412 I art     : Starting a blocking GC Explicit
08-05 13:46:24.444 11115 11412 I art     : Explicit concurrent mark sweep GC freed 3(96B) AllocSpace objects, 0(0B) LOS objects, 36% free, 28MB/44MB, paused 292us total 36.520ms
08-05 13:46:24.458 11115 11412 I art     : Starting a blocking GC Explicit
08-05 13:46:24.495 11115 11412 I art     : Explicit concurrent mark sweep GC freed 3(96B) AllocSpace objects, 0(0B) LOS objects, 36% free, 28MB/44MB, paused 287us total 36.748ms
08-05 13:46:24.812 11115 11127 I art     : Starting a blocking GC Explicit
08-05 13:46:24.860 11115 11127 I art     : Explicit concurrent mark sweep GC freed 1345(82KB) AllocSpace objects, 1(20KB) LOS objects, 36% free, 28MB/44MB, paused 319us total 47.032ms
08-05 13:46:24.877 11115 11127 I art     : Starting a blocking GC Explicit
08-05 13:46:24.914 11115 11127 I art     : Explicit concurrent mark sweep GC freed 20(704B) AllocSpace objects, 0(0B) LOS objects, 36% free, 28MB/44MB, paused 289us total 36.484ms
08-05 13:46:24.928 11115 11127 I art     : Starting a blocking GC Explicit
08-05 13:46:24.966 11115 11127 I art     : Explicit concurrent mark sweep GC freed 3(96B) AllocSpace objects, 0(0B) LOS objects, 36% free, 28MB/44MB, paused 297us total 37.338ms
08-05 13:46:24.980 11115 11127 I art     : Starting a blocking GC Explicit
08-05 13:46:25.017 11115 11127 I art     : Explicit concurrent mark sweep GC freed 3(96B) AllocSpace objects, 0(0B) LOS objects, 36% free, 28MB/44MB, paused 279us total 35.913ms
08-05 13:46:25.030 11115 11127 I art     : Starting a blocking GC Explicit
08-05 13:46:25.066 11115 11127 I art     : Explicit concurrent mark sweep GC freed 3(96B) AllocSpace objects, 0(0B) LOS objects, 36% free, 28MB/44MB, paused 297us total 35.842ms
08-05 13:46:25.273  9322  9322 I ServiceManager: Waiting for service AtCmdFwd...
08-05 13:46:25.381 11115 11597 I art     : Starting a blocking GC Explicit
08-05 13:46:25.433 11115 11597 I art     : Explicit concurrent mark sweep GC freed 1344(82KB) AllocSpace objects, 1(20KB) LOS objects, 36% free, 28MB/44MB, paused 347us total 50.849ms
08-05 13:46:25.450 11115 11597 I art     : Starting a blocking GC Explicit
08-05 13:46:25.487 11115 11597 I art     : Explicit concurrent mark sweep GC freed 20(704B) AllocSpace objects, 0(0B) LOS objects, 36% free, 28MB/44MB, paused 315us total 36.934ms
08-05 13:46:25.502 11115 11597 I art     : Starting a blocking GC Explicit
08-05 13:46:25.539 11115 11597 I art     : Explicit concurrent mark sweep GC freed 3(96B) AllocSpace objects, 0(0B) LOS objects, 36% free, 28MB/44MB, paused 289us total 37.102ms
08-05 13:46:25.553 11115 11597 I art     : Starting a blocking GC Explicit
08-05 13:46:25.590 11115 11597 I art     : Explicit concurrent mark sweep GC freed 3(96B) AllocSpace objects, 0(0B) LOS objects, 36% free, 28MB/44MB, paused 289us total 36.813ms
08-05 13:46:25.604 11115 11597 I art     : Starting a blocking GC Explicit
08-05 13:46:25.640 11115 11597 I art     : Explicit concurrent mark sweep GC freed 3(96B) AllocSpace objects, 0(0B) LOS objects, 36% free, 28MB/44MB, paused 285us total 35.754ms
08-05 13:46:25.963 11115 11126 I art     : Starting a blocking GC Explicit
08-05 13:46:26.011 11115 11126 I art     : Explicit concurrent mark sweep GC freed 1349(82KB) AllocSpace objects, 1(20KB) LOS objects, 36% free, 28MB/44MB, paused 350us total 47.836ms
08-05 13:46:26.027 11115 11126 I art     : Starting a blocking GC Explicit
08-05 13:46:26.065 11115 11126 I art     : Explicit concurrent mark sweep GC freed 20(704B) AllocSpace objects, 0(0B) LOS objects, 36% free, 28MB/44MB, paused 291us total 37.756ms
08-05 13:46:26.080 11115 11126 I art     : Starting a blocking GC Explicit
08-05 13:46:26.116 11115 11126 I art     : Explicit concurrent mark sweep GC freed 3(96B) AllocSpace objects, 0(0B) LOS objects, 36% free, 28MB/44MB, paused 280us total 36.345ms
08-05 13:46:26.130 11115 11126 I art     : Starting a blocking GC Explicit
08-05 13:46:26.167 11115 11126 I art     : Explicit concurrent mark sweep GC freed 3(96B) AllocSpace objects, 0(0B) LOS objects, 36% free, 28MB/44MB, paused 322us total 36.867ms
08-05 13:46:26.182 11115 11126 I art     : Starting a blocking GC Explicit
08-05 13:46:26.220 11115 11126 I art     : Explicit concurrent mark sweep GC freed 3(96B) AllocSpace objects, 0(0B) LOS objects, 36% free, 28MB/44MB, paused 272us total 37.882ms
08-05 13:46:26.274  9322  9322 I ServiceManager: Waiting for service AtCmdFwd...
08-05 13:46:26.495 11115 11138 I art     : Starting a blocking GC Explicit
08-05 13:46:26.535 11115 11138 I art     : Explicit concurrent mark sweep GC freed 1343(82KB) AllocSpace objects, 1(20KB) LOS objects, 36% free, 28MB/44MB, paused 310us total 39.551ms
08-05 13:46:26.549 11115 11138 I art     : Starting a blocking GC Explicit
08-05 13:46:26.585 11115 11138 I art     : Explicit concurrent mark sweep GC freed 20(704B) AllocSpace objects, 0(0B) LOS objects, 36% free, 28MB/44MB, paused 297us total 35.259ms
08-05 13:46:26.599 11115 11138 I art     : Starting a blocking GC Explicit
08-05 13:46:26.633 11115 11138 I art     : Explicit concurrent mark sweep GC freed 3(96B) AllocSpace objects, 0(0B) LOS objects, 36% free, 28MB/44MB, paused 290us total 34.322ms
08-05 13:46:26.647 11115 11138 I art     : Starting a blocking GC Explicit
08-05 13:46:26.682 11115 11138 I art     : Explicit concurrent mark sweep GC freed 3(96B) AllocSpace objects, 0(0B) LOS objects, 36% free, 28MB/44MB, paused 304us total 35.428ms
08-05 13:46:26.696 11115 11138 I art     : Starting a blocking GC Explicit
08-05 13:46:26.723 13108 13108 D AndroidRuntime: >>>>>> START com.android.internal.os.RuntimeInit uid 2000 <<<<<<
08-05 13:46:26.728 13108 13108 D AndroidRuntime: CheckJNI is OFF
08-05 13:46:26.733 11115 11138 I art     : Explicit concurrent mark sweep GC freed 3(96B) AllocSpace objects, 0(0B) LOS objects, 36% free, 28MB/44MB, paused 311us total 35.964ms
08-05 13:46:26.763 13108 13108 D ICU     : No timezone override file found: /data/misc/zoneinfo/current/icu/icu_tzdata.dat
08-05 13:46:26.797 13108 13108 I Radio-JNI: register_android_hardware_Radio DONE
08-05 13:46:26.819 13108 13108 D AndroidRuntime: Calling main entry com.android.commands.input.Input
08-05 13:46:26.821 13108 13108 I Input   : injectMotionEvent: MotionEvent { action=ACTION_DOWN, actionButton=0, id[0]=0, x[0]=600.0, y[0]=580.0, toolType[0]=TOOL_TYPE_UNKNOWN, buttonState=0, metaState=0, flags=0x0, edgeFlags=0x0, pointerCount=1, historySize=0, eventTime=798403234, downTime=798403234, deviceId=0, source=0x1002 }
08-05 13:46:26.829 13108 13108 I Input   : injectMotionEvent: MotionEvent { action=ACTION_UP, actionButton=0, id[0]=0, x[0]=600.0, y[0]=580.0, toolType[0]=TOOL_TYPE_UNKNOWN, buttonState=0, metaState=0, flags=0x0, edgeFlags=0x0, pointerCount=1, historySize=0, eventTime=798403234, downTime=798403234, deviceId=0, source=0x1002 }
08-05 13:46:26.830 13108 13108 D AndroidRuntime: Shutting down VM
08-05 13:46:26.845   512  2967 D audio_hw_primary: out_set_parameters: enter: usecase(1: low-latency-playback) kvpairs: routing=2
08-05 13:46:26.853   918  5132 I ActivityManager: START u0 {cmp=baseline.org.quantumbadger.redreader/.activities.WebViewActivity (has extras)} from uid 10689 on display 0
08-05 13:46:26.858   512  2967 D audio_hw_primary: select_devices: out_snd_device(2: speaker) in_snd_device(0: none)
08-05 13:46:26.858   512  2967 D msm8974_platform: platform_send_audio_calibration: sending audio calibration for snd_device(2) acdb_id(15)
08-05 13:46:26.859   512  2967 I soundtrigger: audio_extn_sound_trigger_update_device_status: device 0x2 of type 0 for Event 1
08-05 13:46:26.872   512  2967 D audio_hw_primary: enable_snd_device: snd_device(2: speaker)
08-05 13:46:26.874   512  2967 D audio_hw_primary: enable_audio_route: apply and update mixer path: low-latency-playback speaker
08-05 13:46:26.877 11115 11115 I AppCompatViewInflater: app:theme is now deprecated. Please move to using android:theme instead.
08-05 13:46:26.891 11115 11115 I WebViewFactory: Loading com.google.android.webview version 84.0.4147.89 (code 414708953)
08-05 13:46:26.963 11115 11115 I cr_LibraryLoader: Loaded native library version number "84.0.4147.89"
08-05 13:46:26.964 11115 11115 I cr_CachingUmaRecorder: Flushed 5 samples from 5 histograms.
08-05 13:46:26.993 11115 11115 E chromium: [ERROR:filesystem_posix.cc(62)] mkdir /data/user/0/baseline.org.quantumbadger.redreader/cache/WebView/Crashpad: No such file or directory (2)
08-05 13:46:26.994 11115 11127 I art     : Starting a blocking GC Explicit
08-05 13:46:27.033 11115 11127 I art     : Explicit concurrent mark sweep GC freed 7972(707KB) AllocSpace objects, 3(60KB) LOS objects, 35% free, 29MB/45MB, paused 472us total 39.118ms
08-05 13:46:27.063 11115 11127 I art     : Starting a blocking GC Explicit
08-05 13:46:27.085   918  6110 D ConnectivityService: listenForNetwork for Listen from uid/pid:10689/11115 for NetworkRequest [ id=3299, legacyType=-1, [ Capabilities: INTERNET&NOT_RESTRICTED&TRUSTED] ]
08-05 13:46:27.099 11115 11127 I art     : Explicit concurrent mark sweep GC freed 6629(541KB) AllocSpace objects, 3(76KB) LOS objects, 35% free, 29MB/45MB, paused 793us total 35.293ms
08-05 13:46:27.112 11115 11127 I art     : Starting a blocking GC Explicit
08-05 13:46:27.134 11115 13157 W cr_media: Requires BLUETOOTH permission
08-05 13:46:27.140 11115 13168 E libEGL  : validate_display:255 error 3008 (EGL_BAD_DISPLAY)
08-05 13:46:27.147 11115 11127 I art     : Explicit concurrent mark sweep GC freed 2260(152KB) AllocSpace objects, 0(0B) LOS objects, 35% free, 29MB/45MB, paused 647us total 35.156ms
08-05 13:46:27.177 11115 11127 I art     : Starting a blocking GC Explicit
08-05 13:46:27.211 11115 11127 I art     : Explicit concurrent mark sweep GC freed 718(47KB) AllocSpace objects, 0(0B) LOS objects, 35% free, 29MB/45MB, paused 479us total 33.950ms
08-05 13:46:27.224 11115 11127 I art     : Starting a blocking GC Explicit
08-05 13:46:27.257 11115 11127 I art     : Explicit concurrent mark sweep GC freed 596(26KB) AllocSpace objects, 0(0B) LOS objects, 35% free, 29MB/45MB, paused 497us total 33.107ms
08-05 13:46:27.267   918   936 I ActivityManager: Displayed baseline.org.quantumbadger.redreader/.activities.WebViewActivity: +404ms
08-05 13:46:27.268 13866 13866 I GoogleInputMethodServic: GoogleInputMethodService.onFinishInput():3138 
08-05 13:46:27.269 13866 13866 I GoogleInputMethodServic: GoogleInputMethodService.onStartInput():1808 
08-05 13:46:27.274  9322  9322 W Atfwd_Sendcmd: AtCmdFwd service not published, waiting... retryCnt : 2
08-05 13:46:27.420   512  2967 D audio_hw_primary: disable_audio_route: reset and update mixer path: low-latency-playback speaker
08-05 13:46:27.422   512  2967 D audio_hw_primary: disable_snd_device: snd_device(2: speaker)
08-05 13:46:27.432   512  2967 I soundtrigger: audio_extn_sound_trigger_update_device_status: device 0x2 of type 0 for Event 0
08-05 13:46:27.533   380   380 W SurfaceFlinger: couldn't log to binary event log: overflow.
08-05 13:46:27.565 11115 11138 I art     : Starting a blocking GC Explicit
08-05 13:46:27.600 11115 11138 I art     : Explicit concurrent mark sweep GC freed 4439(250KB) AllocSpace objects, 4(220KB) LOS objects, 35% free, 29MB/45MB, paused 367us total 34.706ms
08-05 13:46:27.613 11115 11138 I art     : Starting a blocking GC Explicit
08-05 13:46:27.649 11115 11138 I art     : Explicit concurrent mark sweep GC freed 1042(121KB) AllocSpace objects, 0(0B) LOS objects, 35% free, 29MB/45MB, paused 578us total 35.485ms
08-05 13:46:27.662 11115 11138 I art     : Starting a blocking GC Explicit
08-05 13:46:27.695 11115 11138 I art     : Explicit concurrent mark sweep GC freed 625(47KB) AllocSpace objects, 0(0B) LOS objects, 35% free, 29MB/45MB, paused 747us total 32.734ms
08-05 13:46:27.712 11115 11138 I art     : Starting a blocking GC Explicit
08-05 13:46:27.748 11115 11138 I art     : Explicit concurrent mark sweep GC freed 455(35KB) AllocSpace objects, 0(0B) LOS objects, 35% free, 29MB/45MB, paused 643us total 35.567ms
08-05 13:46:27.763 11115 11138 I art     : Starting a blocking GC Explicit
08-05 13:46:27.797 11115 11138 I art     : Explicit concurrent mark sweep GC freed 127(6KB) AllocSpace objects, 0(0B) LOS objects, 35% free, 29MB/45MB, paused 436us total 33.239ms
08-05 13:46:28.069 11115 11412 I art     : Starting a blocking GC Explicit
08-05 13:46:28.107 11115 11412 I art     : Explicit concurrent mark sweep GC freed 5275(247KB) AllocSpace objects, 1(20KB) LOS objects, 35% free, 29MB/45MB, paused 493us total 37.208ms
08-05 13:46:28.121 11115 11412 I art     : Starting a blocking GC Explicit
08-05 13:46:28.157 11115 11412 I art     : Explicit concurrent mark sweep GC freed 112(3KB) AllocSpace objects, 0(0B) LOS objects, 35% free, 29MB/45MB, paused 513us total 36.187ms
08-05 13:46:28.171 11115 11412 I art     : Starting a blocking GC Explicit
08-05 13:46:28.205 11115 11412 I art     : Explicit concurrent mark sweep GC freed 3(96B) AllocSpace objects, 0(0B) LOS objects, 35% free, 29MB/45MB, paused 463us total 34.639ms
08-05 13:46:28.219 11115 11412 I art     : Starting a blocking GC Explicit
08-05 13:46:28.253 11115 11412 I art     : Explicit concurrent mark sweep GC freed 3(96B) AllocSpace objects, 0(0B) LOS objects, 35% free, 29MB/45MB, paused 368us total 33.533ms
08-05 13:46:28.266 11115 11412 I art     : Starting a blocking GC Explicit
08-05 13:46:28.299 11115 11412 I art     : Explicit concurrent mark sweep GC freed 3(96B) AllocSpace objects, 0(0B) LOS objects, 35% free, 29MB/45MB, paused 428us total 32.798ms
08-05 13:46:28.504 11115 11115 I Choreographer: Skipped 40 frames!  The application may be doing too much work on its main thread.
08-05 13:46:28.613 11115 11127 I art     : Starting a blocking GC Explicit
08-05 13:46:28.655 11115 11127 I art     : Explicit concurrent mark sweep GC freed 1383(83KB) AllocSpace objects, 1(20KB) LOS objects, 35% free, 29MB/45MB, paused 455us total 41.556ms
08-05 13:46:28.679 11115 11127 I art     : Starting a blocking GC Explicit
08-05 13:46:28.729 11115 11127 I art     : Explicit concurrent mark sweep GC freed 28(960B) AllocSpace objects, 0(0B) LOS objects, 35% free, 29MB/45MB, paused 635us total 49.441ms
08-05 13:46:28.747 11115 11127 I art     : Starting a blocking GC Explicit
08-05 13:46:28.789 11115 11127 I art     : Explicit concurrent mark sweep GC freed 11(336B) AllocSpace objects, 0(0B) LOS objects, 35% free, 29MB/45MB, paused 441us total 41.942ms
08-05 13:46:28.806 11115 11127 I art     : Starting a blocking GC Explicit
08-05 13:46:28.851 11115 11127 I art     : Explicit concurrent mark sweep GC freed 18(560B) AllocSpace objects, 0(0B) LOS objects, 35% free, 29MB/45MB, paused 411us total 44.168ms
08-05 13:46:28.866 11115 11127 I art     : Starting a blocking GC Explicit
08-05 13:46:28.906 11115 11127 I art     : Explicit concurrent mark sweep GC freed 15(480B) AllocSpace objects, 0(0B) LOS objects, 35% free, 29MB/45MB, paused 540us total 39.480ms
08-05 13:46:29.240 11115 11412 I art     : Starting a blocking GC Explicit
08-05 13:46:29.279 11115 11412 I art     : Explicit concurrent mark sweep GC freed 1556(114KB) AllocSpace objects, 1(20KB) LOS objects, 35% free, 29MB/45MB, paused 447us total 38.848ms
08-05 13:46:29.294 11115 11412 I art     : Starting a blocking GC Explicit
08-05 13:46:29.297   918  1209 D NetworkMonitor/NetworkAgentInfo [WIFI () - 159]: Checking http://connectivitycheck.gstatic.com/generate_204 on "H369AA63323", 192.168.2.12=192.168.2.12
08-05 13:46:29.328 11115 11412 I art     : Explicit concurrent mark sweep GC freed 85(2912B) AllocSpace objects, 0(0B) LOS objects, 35% free, 29MB/45MB, paused 418us total 33.510ms
08-05 13:46:29.341 11115 11412 I art     : Starting a blocking GC Explicit
08-05 13:46:29.374 11115 11115 I chromium: [INFO:CONSOLE(1)] "
08-05 13:46:29.374 11115 11115 I chromium:                   ,d"=,.,qOp,
08-05 13:46:29.374 11115 11115 I chromium:                  ,7'  ''$(  )
08-05 13:46:29.374 11115 11115 I chromium:                 ,7'      '?q$7'
08-05 13:46:29.374 11115 11115 I chromium:              ..,$$,.
08-05 13:46:29.374 11115 11115 I chromium:    ,.  .,,--***""***--,,.  .,
08-05 13:46:29.374 11115 11115 I chromium:     ,p''              ''q,   
08-05 13:46:29.374 11115 11115 I chromium: :  ,7'                      '7,  :
08-05 13:46:29.374 11115 11115 I chromium:  ' $      ,db,      ,db,      $ '
08-05 13:46:29.374 11115 11115 I chromium:   '$      $$      $$      $'    Using Reddit at work? Work for Reddit.
08-05 13:46:29.374 11115 11115 I chromium:   '$                          $'        https://www.reddit.com/jobs
08-05 13:46:29.374 11115 11115 I chromium:    '$.     .,        ,.     .$'
08-05 13:46:29.374 11115 11115 I chromium:     'b,     ''     ,d'
08-05 13:46:29.374 11115 11115 I chromium:      '?bn,,          ,,nd?'
08-05 13:46:29.374 11115 11115 I chromium:        ,7$ '''' $7,
08-05 13:46:29.374 11115 11115 I chromium:      , $              $ ,
08-05 13:46:29.374 11115 11115 I chromium:      $  :$              $:  $
08-05 13:46:29.374 11115 11115 I chromium:      $   $              $   $
08-05 13:46:29.374 11115 11115 I chromium:      'b  q:            :p  d'
08-05 13:46:29.374 11115 11115 I chromium:       '?$.          .$?'
08-05 13:46:29.374 11115 11115 I chromium:          'b            d'
08-05 13:46:29.374 11115 11115 I chromium:        ,'?,.      .,?',
08-05 13:46:29.374 11115 11115 I chromium:       ==--==--==--==
08-05 13:46:29.374 11115 11115 I chromium: ", source: https://www.redditstatic.com/desktop2x/Chat~Governance~Reddit.2ea93b134a9b2e5b1d9a.js (1)
08-05 13:46:29.376 11115 11412 I art     : Explicit concurrent mark sweep GC freed 9(2464B) AllocSpace objects, 0(0B) LOS objects, 35% free, 29MB/45MB, paused 1.150ms total 34.791ms
08-05 13:46:29.389 11115 11412 I art     : Starting a blocking GC Explicit
08-05 13:46:29.391   918  1209 D NetworkMonitor/NetworkAgentInfo [WIFI () - 159]: Probably not a portal: exception java.io.IOException: unexpected end of stream on Connection{connectivitycheck.gstatic.com:80, proxy=HTTP@/192.168.2.12:8080 hostAddress=192.168.2.12 cipherSuite=none protocol=http/1.1} (recycle count=0)
08-05 13:46:29.393   918  3263 D ConnectivityService: NetworkAgentInfo [WIFI () - 159] validation failed
08-05 13:46:29.395   918  3261 E WifiConfigStore:  rewrite network history for "H369AA63323"WPA_PSK
08-05 13:46:29.423 11115 11412 I art     : Explicit concurrent mark sweep GC freed 6(544B) AllocSpace objects, 0(0B) LOS objects, 35% free, 29MB/45MB, paused 380us total 33.088ms
08-05 13:46:29.437 11115 11412 I art     : Starting a blocking GC Explicit
08-05 13:46:29.469 11115 11412 I art     : Explicit concurrent mark sweep GC freed 3(96B) AllocSpace objects, 0(0B) LOS objects, 35% free, 29MB/45MB, paused 398us total 32.771ms
08-05 13:46:29.818 11115 11126 I art     : Starting a blocking GC Explicit
08-05 13:46:29.857 11115 11126 I art     : Explicit concurrent mark sweep GC freed 1367(83KB) AllocSpace objects, 1(20KB) LOS objects, 35% free, 29MB/45MB, paused 404us total 38.556ms
08-05 13:46:29.871 11115 11126 I art     : Starting a blocking GC Explicit
08-05 13:46:29.909 11115 11126 I art     : Explicit concurrent mark sweep GC freed 22(768B) AllocSpace objects, 0(0B) LOS objects, 35% free, 29MB/45MB, paused 401us total 37.161ms
08-05 13:46:29.923 11115 11126 I art     : Starting a blocking GC Explicit
08-05 13:46:29.960 11115 11126 I art     : Explicit concurrent mark sweep GC freed 3(96B) AllocSpace objects, 0(0B) LOS objects, 35% free, 29MB/45MB, paused 420us total 36.585ms
08-05 13:46:29.973 11115 11126 I art     : Starting a blocking GC Explicit
08-05 13:46:30.007 11115 11126 I art     : Explicit concurrent mark sweep GC freed 3(96B) AllocSpace objects, 0(0B) LOS objects, 35% free, 29MB/45MB, paused 436us total 33.562ms
08-05 13:46:30.020 11115 11126 I art     : Starting a blocking GC Explicit
08-05 13:46:30.054 11115 11126 I art     : Explicit concurrent mark sweep GC freed 3(96B) AllocSpace objects, 0(0B) LOS objects, 35% free, 29MB/45MB, paused 390us total 33.472ms
08-05 13:46:30.407 11115 11138 I art     : Starting a blocking GC Explicit
08-05 13:46:30.445 11115 11138 I art     : Explicit concurrent mark sweep GC freed 1566(94KB) AllocSpace objects, 1(20KB) LOS objects, 35% free, 29MB/45MB, paused 398us total 37.540ms
08-05 13:46:30.445 11115 11125 I art     : WaitForGcToComplete blocked for 11.766ms for cause HeapTrim
08-05 13:46:30.459 11115 11138 I art     : Starting a blocking GC Explicit
08-05 13:46:30.497 11115 11138 I art     : Explicit concurrent mark sweep GC freed 20(704B) AllocSpace objects, 0(0B) LOS objects, 35% free, 29MB/45MB, paused 523us total 37.778ms
08-05 13:46:30.517 11115 11138 I art     : Starting a blocking GC Explicit
08-05 13:46:30.553 11115 11138 I art     : Explicit concurrent mark sweep GC freed 3(96B) AllocSpace objects, 0(0B) LOS objects, 35% free, 29MB/45MB, paused 429us total 35.906ms
08-05 13:46:30.567 11115 11138 I art     : Starting a blocking GC Explicit
08-05 13:46:30.609 11115 11138 I art     : Explicit concurrent mark sweep GC freed 3(96B) AllocSpace objects, 0(0B) LOS objects, 35% free, 29MB/45MB, paused 412us total 41.627ms
08-05 13:46:30.622 11115 11138 I art     : Starting a blocking GC Explicit
08-05 13:46:30.659 11115 11138 I art     : Explicit concurrent mark sweep GC freed 3(96B) AllocSpace objects, 0(0B) LOS objects, 35% free, 29MB/45MB, paused 390us total 36.858ms
08-05 13:46:30.762   518   646 I ThermalEngine: ACTION: GPU - Setting GPU[0] to 450000000
08-05 13:46:31.055 11115 11138 I art     : Starting a blocking GC Explicit
08-05 13:46:31.103 11115 11138 I art     : Explicit concurrent mark sweep GC freed 1370(85KB) AllocSpace objects, 1(20KB) LOS objects, 35% free, 29MB/45MB, paused 485us total 48.053ms
08-05 13:46:31.121 11115 11138 I art     : Starting a blocking GC Explicit
08-05 13:46:31.164 11115 11138 I art     : Explicit concurrent mark sweep GC freed 66(3KB) AllocSpace objects, 0(0B) LOS objects, 35% free, 29MB/45MB, paused 472us total 42.696ms
08-05 13:46:31.181 11115 11138 I art     : Starting a blocking GC Explicit
08-05 13:46:31.230 11115 11138 I art     : Explicit concurrent mark sweep GC freed 3(96B) AllocSpace objects, 0(0B) LOS objects, 35% free, 29MB/45MB, paused 470us total 48.141ms
08-05 13:46:31.248 11115 11138 I art     : Starting a blocking GC Explicit
08-05 13:46:31.295 11115 11138 I art     : Explicit concurrent mark sweep GC freed 3(96B) AllocSpace objects, 0(0B) LOS objects, 35% free, 29MB/45MB, paused 543us total 46.574ms
08-05 13:46:31.318 11115 11138 I art     : Starting a blocking GC Explicit
08-05 13:46:31.368 11115 11138 I art     : Explicit concurrent mark sweep GC freed 3(96B) AllocSpace objects, 0(0B) LOS objects, 35% free, 29MB/45MB, paused 522us total 49.015ms
08-05 13:46:31.597  5179  5194 D QcrilMsgTunnelSocket: readRilMessage: Buffer = [B@671e81d HexData = [010000000404000011000000514f454d484f4f4bef0308000100000003]
08-05 13:46:31.599  5179  5194 D QcrilMsgTunnelSocket: Rcvd UNSOL response with 28 bytes data for SUB0
08-05 13:46:31.599  5179  5194 D QcrilMsgTunnelSocket: Response ID 525295 is not served in this process.
08-05 13:46:31.599  5179  5194 D QcrilMsgTunnelSocket: To broadcast an Intent via the notifier to external apps
08-05 13:46:31.600  5179  5179 D QcrilMsgTunnelIfaceManager: handleMessage what = 0
08-05 13:46:31.600  5179  5179 D QcrilMsgTunnelIfaceManager: Broadcasting intent ACTION_UNSOL_RESPONSE_OEM_HOOK_RAW
08-05 13:46:31.602  5164  5164 D QC_RIL_OEM_HOOK: Received Broadcast Intent ACTION_UNSOL_RESPONSE_OEM_HOOK_RAW
08-05 13:46:31.602  5164  5164 D QC_RIL_OEM_HOOK: Oem ID in QCRILHOOK UNSOL RESP is QOEMHOOK
08-05 13:46:31.763 11115 11597 I art     : Starting a blocking GC Explicit
08-05 13:46:31.814 11115 11597 I art     : Explicit concurrent mark sweep GC freed 1355(82KB) AllocSpace objects, 1(20KB) LOS objects, 35% free, 29MB/45MB, paused 470us total 51.401ms
08-05 13:46:31.833 11115 11597 I art     : Starting a blocking GC Explicit
08-05 13:46:31.864 11115 13134 I RedditChangeDataIO: Writing tmp data file at '/data/user/0/baseline.org.quantumbadger.redreader/files/rr_change_data_tmp.dat'
08-05 13:46:31.865 11115 13134 I RedditChangeDataManager: Taking snapshot...
08-05 13:46:31.865 11115 13134 I RedditChangeDataManager: Writing to stream...
08-05 13:46:31.865 11115 13134 I RedditChangeDataManager: Wrote 4 entries for user ''
08-05 13:46:31.865 11115 13134 I RedditChangeDataManager: All entries written to stream.
08-05 13:46:31.865 11115 13134 I RedditChangeDataIO: Write successful. Atomically replacing data file...
08-05 13:46:31.865 11115 13134 I RedditChangeDataIO: Write complete.
08-05 13:46:31.865 11115 13134 I RedditChangeDataIO: 110 bytes written in 1 ms
08-05 13:46:31.883 11115 11597 I art     : Explicit concurrent mark sweep GC freed 94(5KB) AllocSpace objects, 1(68KB) LOS objects, 35% free, 29MB/45MB, paused 604us total 49.373ms
08-05 13:46:31.903 11115 11597 I art     : Starting a blocking GC Explicit
08-05 13:46:31.950 11115 11597 I art     : Explicit concurrent mark sweep GC freed 13(624B) AllocSpace objects, 0(0B) LOS objects, 35% free, 29MB/45MB, paused 521us total 47.531ms
08-05 13:46:31.969 11115 11597 I art     : Starting a blocking GC Explicit
08-05 13:46:32.023 11115 11597 I art     : Explicit concurrent mark sweep GC freed 3(96B) AllocSpace objects, 0(0B) LOS objects, 35% free, 29MB/45MB, paused 523us total 53.652ms
08-05 13:46:32.042 11115 11597 I art     : Starting a blocking GC Explicit
08-05 13:46:32.088 11115 11597 I art     : Explicit concurrent mark sweep GC freed 3(96B) AllocSpace objects, 0(0B) LOS objects, 35% free, 29MB/45MB, paused 460us total 46.153ms
08-05 13:46:32.204   918  3188 I hubconnection: sensorhub said: 'set_bias 3: -5.1072, 0.0000, 0.0000'
08-05 13:46:32.467 11115 11138 I art     : Starting a blocking GC Explicit
08-05 13:46:32.522 11115 11138 I art     : Explicit concurrent mark sweep GC freed 1355(82KB) AllocSpace objects, 1(20KB) LOS objects, 35% free, 29MB/45MB, paused 524us total 55.004ms
08-05 13:46:32.541 11115 11138 I art     : Starting a blocking GC Explicit
08-05 13:46:32.587 11115 11138 I art     : Explicit concurrent mark sweep GC freed 22(784B) AllocSpace objects, 0(0B) LOS objects, 35% free, 29MB/45MB, paused 465us total 46.053ms
08-05 13:46:32.609 11115 11138 I art     : Starting a blocking GC Explicit
08-05 13:46:32.658 11115 11138 I art     : Explicit concurrent mark sweep GC freed 3(96B) AllocSpace objects, 0(0B) LOS objects, 35% free, 29MB/45MB, paused 529us total 49.255ms
08-05 13:46:32.677 11115 11138 I art     : Starting a blocking GC Explicit
08-05 13:46:32.730 11115 11138 I art     : Explicit concurrent mark sweep GC freed 3(96B) AllocSpace objects, 0(0B) LOS objects, 35% free, 29MB/45MB, paused 510us total 52.283ms
08-05 13:46:32.748 11115 11138 I art     : Starting a blocking GC Explicit
08-05 13:46:32.796 11115 11138 I art     : Explicit concurrent mark sweep GC freed 3(96B) AllocSpace objects, 0(0B) LOS objects, 35% free, 29MB/45MB, paused 528us total 47.160ms
08-05 13:46:33.193 11115 11126 I art     : Starting a blocking GC Explicit
08-05 13:46:33.250 11115 11126 I art     : Explicit concurrent mark sweep GC freed 1355(82KB) AllocSpace objects, 1(20KB) LOS objects, 35% free, 29MB/45MB, paused 512us total 56.572ms
08-05 13:46:33.269 11115 11126 I art     : Starting a blocking GC Explicit
08-05 13:46:33.322 11115 11126 I art     : Explicit concurrent mark sweep GC freed 20(704B) AllocSpace objects, 0(0B) LOS objects, 35% free, 29MB/45MB, paused 480us total 52.667ms
08-05 13:46:33.341 11115 11126 I art     : Starting a blocking GC Explicit
08-05 13:46:33.387 11115 11126 I art     : Explicit concurrent mark sweep GC freed 3(96B) AllocSpace objects, 0(0B) LOS objects, 35% free, 29MB/45MB, paused 619us total 46.425ms
08-05 13:46:33.409 11115 11126 I art     : Starting a blocking GC Explicit
08-05 13:46:33.458 11115 11126 I art     : Explicit concurrent mark sweep GC freed 3(96B) AllocSpace objects, 0(0B) LOS objects, 35% free, 29MB/45MB, paused 523us total 49.159ms
08-05 13:46:33.478 11115 11126 I art     : Starting a blocking GC Explicit
08-05 13:46:33.528 11115 11126 I art     : Explicit concurrent mark sweep GC freed 3(96B) AllocSpace objects, 0(0B) LOS objects, 35% free, 29MB/45MB, paused 668us total 50.585ms
08-05 13:46:33.767   518   646 I ThermalEngine: ACTION: GPU - Setting GPU[0] to 510000000
08-05 13:46:33.901 11115 11126 I art     : Starting a blocking GC Explicit
08-05 13:46:33.943 11115 11126 I art     : Explicit concurrent mark sweep GC freed 1355(82KB) AllocSpace objects, 1(20KB) LOS objects, 35% free, 29MB/45MB, paused 396us total 41.581ms
08-05 13:46:33.957 11115 11126 I art     : Starting a blocking GC Explicit
08-05 13:46:33.994 11115 11126 I art     : Explicit concurrent mark sweep GC freed 20(704B) AllocSpace objects, 0(0B) LOS objects, 35% free, 29MB/45MB, paused 343us total 36.166ms
08-05 13:46:34.012 11115 11126 I art     : Starting a blocking GC Explicit
08-05 13:46:34.049 11115 11126 I art     : Explicit concurrent mark sweep GC freed 3(96B) AllocSpace objects, 0(0B) LOS objects, 35% free, 29MB/45MB, paused 364us total 37.058ms
08-05 13:46:34.064 11115 11126 I art     : Starting a blocking GC Explicit
08-05 13:46:34.103 11115 11126 I art     : Explicit concurrent mark sweep GC freed 3(96B) AllocSpace objects, 0(0B) LOS objects, 35% free, 29MB/45MB, paused 507us total 38.632ms
08-05 13:46:34.122 11115 11126 I art     : Starting a blocking GC Explicit
08-05 13:46:34.159 11115 11126 I art     : Explicit concurrent mark sweep GC freed 3(96B) AllocSpace objects, 0(0B) LOS objects, 35% free, 29MB/45MB, paused 396us total 37.004ms
08-05 13:46:34.515 11115 11126 I art     : Starting a blocking GC Explicit
08-05 13:46:34.553 11115 11126 I art     : Explicit concurrent mark sweep GC freed 1355(82KB) AllocSpace objects, 1(20KB) LOS objects, 35% free, 29MB/45MB, paused 395us total 38.013ms
08-05 13:46:34.568 11115 11126 I art     : Starting a blocking GC Explicit
08-05 13:46:34.610 11115 11126 I art     : Explicit concurrent mark sweep GC freed 20(704B) AllocSpace objects, 0(0B) LOS objects, 35% free, 29MB/45MB, paused 386us total 41.955ms
08-05 13:46:34.624 11115 11126 I art     : Starting a blocking GC Explicit
08-05 13:46:34.662 11115 11126 I art     : Explicit concurrent mark sweep GC freed 3(96B) AllocSpace objects, 0(0B) LOS objects, 35% free, 29MB/45MB, paused 380us total 36.922ms
08-05 13:46:34.676 11115 11126 I art     : Starting a blocking GC Explicit
08-05 13:46:34.719 11115 11126 I art     : Explicit concurrent mark sweep GC freed 3(96B) AllocSpace objects, 0(0B) LOS objects, 35% free, 29MB/45MB, paused 351us total 42.858ms
08-05 13:46:34.733 11115 11126 I art     : Starting a blocking GC Explicit
08-05 13:46:34.770 11115 11126 I art     : Explicit concurrent mark sweep GC freed 3(96B) AllocSpace objects, 0(0B) LOS objects, 35% free, 29MB/45MB, paused 370us total 36.627ms
08-05 13:46:35.125 11115 11126 I art     : Starting a blocking GC Explicit
08-05 13:46:35.162 11115 11126 I art     : Explicit concurrent mark sweep GC freed 1355(82KB) AllocSpace objects, 1(20KB) LOS objects, 35% free, 29MB/45MB, paused 387us total 37.175ms
08-05 13:46:35.176 11115 11126 I art     : Starting a blocking GC Explicit
08-05 13:46:35.221 11115 11126 I art     : Explicit concurrent mark sweep GC freed 20(704B) AllocSpace objects, 0(0B) LOS objects, 35% free, 29MB/45MB, paused 369us total 44.286ms
08-05 13:46:35.235 11115 11126 I art     : Starting a blocking GC Explicit
08-05 13:46:35.272 11115 11126 I art     : Explicit concurrent mark sweep GC freed 3(96B) AllocSpace objects, 0(0B) LOS objects, 35% free, 29MB/45MB, paused 420us total 36.488ms
08-05 13:46:35.286 11115 11126 I art     : Starting a blocking GC Explicit
08-05 13:46:35.330 11115 11126 I art     : Explicit concurrent mark sweep GC freed 3(96B) AllocSpace objects, 0(0B) LOS objects, 35% free, 29MB/45MB, paused 366us total 43.223ms
08-05 13:46:35.343 11115 11126 I art     : Starting a blocking GC Explicit
08-05 13:46:35.380 11115 11126 I art     : Explicit concurrent mark sweep GC freed 3(96B) AllocSpace objects, 0(0B) LOS objects, 35% free, 29MB/45MB, paused 385us total 36.115ms
08-05 13:46:35.488 13326 13326 D AndroidRuntime: >>>>>> START com.android.internal.os.RuntimeInit uid 2000 <<<<<<
08-05 13:46:35.492 13326 13326 D AndroidRuntime: CheckJNI is OFF
08-05 13:46:35.530 13326 13326 D ICU     : No timezone override file found: /data/misc/zoneinfo/current/icu/icu_tzdata.dat
08-05 13:46:35.562 13326 13326 I Radio-JNI: register_android_hardware_Radio DONE
08-05 13:46:35.583 13326 13326 D AndroidRuntime: Calling main entry com.android.commands.input.Input
08-05 13:46:35.585 13326 13326 I Input   : injectKeyEvent: KeyEvent { action=ACTION_DOWN, keyCode=KEYCODE_BACK, scanCode=0, metaState=0, flags=0x0, repeatCount=0, eventTime=798411998, downTime=798411998, deviceId=-1, source=0x101 }
08-05 13:46:35.601 13326 13326 I Input   : injectKeyEvent: KeyEvent { action=ACTION_UP, keyCode=KEYCODE_BACK, scanCode=0, metaState=0, flags=0x0, repeatCount=0, eventTime=798411998, downTime=798411998, deviceId=-1, source=0x101 }
08-05 13:46:35.615 13326 13326 D AndroidRuntime: Shutting down VM
08-05 13:46:35.670 13866 13866 I GoogleInputMethodServic: GoogleInputMethodService.onFinishInput():3138 
08-05 13:46:35.671 13866 13866 I GoogleInputMethodServic: GoogleInputMethodService.onStartInput():1808 
08-05 13:46:35.718 11115 11597 I art     : Starting a blocking GC Explicit
08-05 13:46:35.754 11115 11597 I art     : Explicit concurrent mark sweep GC freed 1633(93KB) AllocSpace objects, 1(20KB) LOS objects, 35% free, 29MB/45MB, paused 337us total 35.235ms
08-05 13:46:35.767 11115 11597 I art     : Starting a blocking GC Explicit
08-05 13:46:35.800 11115 11597 I art     : Explicit concurrent mark sweep GC freed 24(864B) AllocSpace objects, 0(0B) LOS objects, 35% free, 29MB/45MB, paused 373us total 32.959ms
08-05 13:46:35.817 11115 11597 I art     : Starting a blocking GC Explicit
08-05 13:46:35.858 11115 11597 I art     : Explicit concurrent mark sweep GC freed 3(96B) AllocSpace objects, 0(0B) LOS objects, 35% free, 29MB/45MB, paused 474us total 41.156ms
08-05 13:46:35.874 11115 11597 I art     : Starting a blocking GC Explicit
08-05 13:46:35.918 11115 11597 I art     : Explicit concurrent mark sweep GC freed 3(96B) AllocSpace objects, 0(0B) LOS objects, 35% free, 29MB/45MB, paused 414us total 43.321ms
08-05 13:46:35.935 11115 11597 I art     : Starting a blocking GC Explicit
08-05 13:46:35.972 11115 11597 I art     : Explicit concurrent mark sweep GC freed 3(96B) AllocSpace objects, 0(0B) LOS objects, 35% free, 29MB/45MB, paused 391us total 37.125ms
08-05 13:46:36.002   380   380 W SurfaceFlinger: couldn't log to binary event log: overflow.
08-05 13:46:36.015   918  3263 D ConnectivityService: releasing NetworkRequest NetworkRequest [ id=3299, legacyType=-1, [ Capabilities: INTERNET&NOT_RESTRICTED&TRUSTED] ]
08-05 13:46:36.259 11115 11126 I art     : Starting a blocking GC Explicit
08-05 13:46:36.295 11115 11126 I art     : Explicit concurrent mark sweep GC freed 2271(128KB) AllocSpace objects, 1(20KB) LOS objects, 35% free, 29MB/45MB, paused 375us total 35.802ms
08-05 13:46:36.309 11115 11126 I art     : Starting a blocking GC Explicit
08-05 13:46:36.343 11115 11126 I art     : Explicit concurrent mark sweep GC freed 2114(124KB) AllocSpace objects, 1(28KB) LOS objects, 35% free, 29MB/45MB, paused 362us total 34.082ms
08-05 13:46:36.356 11115 11126 I art     : Starting a blocking GC Explicit
08-05 13:46:36.390 11115 11126 I art     : Explicit concurrent mark sweep GC freed 3(96B) AllocSpace objects, 0(0B) LOS objects, 35% free, 29MB/45MB, paused 362us total 33.628ms
08-05 13:46:36.404 11115 11126 I art     : Starting a blocking GC Explicit
08-05 13:46:36.441 11115 11126 I art     : Explicit concurrent mark sweep GC freed 3(96B) AllocSpace objects, 0(0B) LOS objects, 35% free, 29MB/45MB, paused 381us total 37.296ms
08-05 13:46:36.455 11115 11126 I art     : Starting a blocking GC Explicit
08-05 13:46:36.492 11115 11126 I art     : Explicit concurrent mark sweep GC freed 3(96B) AllocSpace objects, 0(0B) LOS objects, 35% free, 29MB/45MB, paused 406us total 37.078ms
08-05 13:46:36.809 11115 11127 I art     : Starting a blocking GC Explicit
08-05 13:46:36.858 11115 11127 I art     : Explicit concurrent mark sweep GC freed 1354(82KB) AllocSpace objects, 1(20KB) LOS objects, 35% free, 29MB/45MB, paused 374us total 49.207ms
08-05 13:46:36.873 11115 11127 I art     : Starting a blocking GC Explicit
08-05 13:46:36.908 11115 11127 I art     : Explicit concurrent mark sweep GC freed 20(704B) AllocSpace objects, 0(0B) LOS objects, 35% free, 29MB/45MB, paused 390us total 34.374ms
08-05 13:46:36.921 11115 11127 I art     : Starting a blocking GC Explicit
08-05 13:46:36.957 11115 11127 I art     : Explicit concurrent mark sweep GC freed 3(96B) AllocSpace objects, 0(0B) LOS objects, 35% free, 29MB/45MB, paused 453us total 35.984ms
08-05 13:46:36.971 11115 11127 I art     : Starting a blocking GC Explicit
08-05 13:46:37.007 11115 11127 I art     : Explicit concurrent mark sweep GC freed 3(96B) AllocSpace objects, 0(0B) LOS objects, 35% free, 29MB/45MB, paused 434us total 36.091ms
08-05 13:46:37.021 11115 11127 I art     : Starting a blocking GC Explicit
08-05 13:46:37.058 11115 11127 I art     : Explicit concurrent mark sweep GC freed 3(96B) AllocSpace objects, 0(0B) LOS objects, 35% free, 29MB/45MB, paused 415us total 36.331ms
08-05 13:46:37.268 13371 13371 D AndroidRuntime: >>>>>> START com.android.internal.os.RuntimeInit uid 2000 <<<<<<
08-05 13:46:37.273 13371 13371 D AndroidRuntime: CheckJNI is OFF
08-05 13:46:37.274  9322  9322 I ServiceManager: Waiting for service AtCmdFwd...
08-05 13:46:37.307 13371 13371 D ICU     : No timezone override file found: /data/misc/zoneinfo/current/icu/icu_tzdata.dat
08-05 13:46:37.341 13371 13371 I Radio-JNI: register_android_hardware_Radio DONE
08-05 13:46:37.362 11115 11138 I art     : Starting a blocking GC Explicit
08-05 13:46:37.363 13371 13371 D AndroidRuntime: Calling main entry com.android.commands.input.Input
08-05 13:46:37.365 13371 13371 I Input   : injectMotionEvent: MotionEvent { action=ACTION_DOWN, actionButton=0, id[0]=0, x[0]=600.0, y[0]=820.0, toolType[0]=TOOL_TYPE_UNKNOWN, buttonState=0, metaState=0, flags=0x0, edgeFlags=0x0, pointerCount=1, historySize=0, eventTime=798413777, downTime=798413777, deviceId=0, source=0x1002 }
08-05 13:46:37.371 13371 13371 I Input   : injectMotionEvent: MotionEvent { action=ACTION_UP, actionButton=0, id[0]=0, x[0]=600.0, y[0]=820.0, toolType[0]=TOOL_TYPE_UNKNOWN, buttonState=0, metaState=0, flags=0x0, edgeFlags=0x0, pointerCount=1, historySize=0, eventTime=798413777, downTime=798413777, deviceId=0, source=0x1002 }
08-05 13:46:37.376 13371 13371 D AndroidRuntime: Shutting down VM
08-05 13:46:37.391   512  2967 D audio_hw_primary: out_set_parameters: enter: usecase(1: low-latency-playback) kvpairs: routing=2
08-05 13:46:37.395   918  3961 I ActivityManager: START u0 {dat=https://oauth.reddit.com/... cmp=baseline.org.quantumbadger.redreader/.activities.CommentListingActivity} from uid 10689 on display 0
08-05 13:46:37.403 11115 11138 I art     : Explicit concurrent mark sweep GC freed 1576(92KB) AllocSpace objects, 1(20KB) LOS objects, 35% free, 29MB/45MB, paused 420us total 40.330ms
08-05 13:46:37.403   512  2967 D audio_hw_primary: select_devices: out_snd_device(2: speaker) in_snd_device(0: none)
08-05 13:46:37.404   512  2967 D msm8974_platform: platform_send_audio_calibration: sending audio calibration for snd_device(2) acdb_id(15)
08-05 13:46:37.404   512  2967 I soundtrigger: audio_extn_sound_trigger_update_device_status: device 0x2 of type 0 for Event 1
08-05 13:46:37.415   512  2967 D audio_hw_primary: enable_snd_device: snd_device(2: speaker)
08-05 13:46:37.417 11115 11115 I AppCompatViewInflater: app:theme is now deprecated. Please move to using android:theme instead.
08-05 13:46:37.417 11115 11138 I art     : Starting a blocking GC Explicit
08-05 13:46:37.417   512  2967 D audio_hw_primary: enable_audio_route: apply and update mixer path: low-latency-playback speaker
08-05 13:46:37.435 11115 13396 D OK      : calling: https://oauth.reddit.com/comments/hi3oht/.json?sort=confidence
08-05 13:46:37.452 11115 11138 I art     : Explicit concurrent mark sweep GC freed 1914(100KB) AllocSpace objects, 0(0B) LOS objects, 35% free, 29MB/45MB, paused 559us total 34.430ms
08-05 13:46:37.469 11115 11138 I art     : Starting a blocking GC Explicit
08-05 13:46:37.503   918   936 I ActivityManager: Displayed baseline.org.quantumbadger.redreader/.activities.CommentListingActivity: +99ms
08-05 13:46:37.503 13866 13866 I GoogleInputMethodServic: GoogleInputMethodService.onFinishInput():3138 
08-05 13:46:37.504 11115 11138 I art     : Explicit concurrent mark sweep GC freed 958(44KB) AllocSpace objects, 0(0B) LOS objects, 35% free, 29MB/45MB, paused 521us total 34.576ms
08-05 13:46:37.504 13866 13866 I GoogleInputMethodServic: GoogleInputMethodService.onStartInput():1808 
08-05 13:46:37.517 11115 11138 I art     : Starting a blocking GC Explicit
08-05 13:46:37.555 11115 11138 I art     : Explicit concurrent mark sweep GC freed 2023(82KB) AllocSpace objects, 0(0B) LOS objects, 35% free, 29MB/45MB, paused 574us total 37.193ms
08-05 13:46:37.568 11115 11138 I art     : Starting a blocking GC Explicit
08-05 13:46:37.602 11115 11138 I art     : Explicit concurrent mark sweep GC freed 191(7KB) AllocSpace objects, 0(0B) LOS objects, 35% free, 29MB/45MB, paused 594us total 33.297ms
08-05 13:46:37.712 11115 13396 I NAPPA_EXPERIMENTATION: MetricNetworkRequestExecutionTime: REQUEST_DURATION_SYSTEM='277',REQUEST_DURATION_OKHTTP='153',REQUEST_SYNCHRONOUS='TRUE',RESPONSE_CODE='200',RESPONSE_METHOD='GET',RESPONSE_LENGTH_OKHTTP='-1',RESPONSE_LENGTH_HEADER='167875',REQUEST_PROTOCOL='h2',REQUEST_URL='https://oauth.reddit.com/comments/hi3oht/.json?sort=confidence',
08-05 13:46:37.713 11115 13396 D OK      : request got status: 200
08-05 13:46:37.725 11115 11693 I CommentListingActivity: COMMENTS session changed to 0a60c891-f3b7-444b-bad6-4b651996ed8b
08-05 13:46:37.755   380   380 W SurfaceFlinger: couldn't log to binary event log: overflow.
08-05 13:46:37.873 11115 11138 I art     : Starting a blocking GC Explicit
08-05 13:46:37.922 11115 11138 I art     : Explicit concurrent mark sweep GC freed 28449(1873KB) AllocSpace objects, 5(104KB) LOS objects, 33% free, 32MB/48MB, paused 818us total 49.311ms
08-05 13:46:37.941 11115 11138 I art     : Starting a blocking GC Explicit
08-05 13:46:37.949   512  2967 D audio_hw_primary: disable_audio_route: reset and update mixer path: low-latency-playback speaker
08-05 13:46:37.949   512  2967 D audio_hw_primary: disable_snd_device: snd_device(2: speaker)
08-05 13:46:37.958   512  2967 I soundtrigger: audio_extn_sound_trigger_update_device_status: device 0x2 of type 0 for Event 0
08-05 13:46:37.993 11115 11138 I art     : Explicit concurrent mark sweep GC freed 10873(704KB) AllocSpace objects, 0(0B) LOS objects, 32% free, 33MB/49MB, paused 899us total 50.894ms
08-05 13:46:38.008 11115 11138 I art     : Starting a blocking GC Explicit
08-05 13:46:38.065 11115 11138 I art     : Explicit concurrent mark sweep GC freed 9485(599KB) AllocSpace objects, 0(0B) LOS objects, 32% free, 33MB/49MB, paused 846us total 56.756ms
08-05 13:46:38.081 11115 11138 I art     : Starting a blocking GC Explicit
08-05 13:46:38.143 11115 11138 I art     : Explicit concurrent mark sweep GC freed 10220(794KB) AllocSpace objects, 1(16KB) LOS objects, 31% free, 34MB/50MB, paused 962us total 60.875ms
08-05 13:46:38.160 11115 11138 I art     : Starting a blocking GC Explicit
08-05 13:46:38.224 11115 11138 I art     : Explicit concurrent mark sweep GC freed 1078(193KB) AllocSpace objects, 1(68KB) LOS objects, 31% free, 35MB/51MB, paused 556us total 63.696ms
08-05 13:46:38.275  9322  9322 I ServiceManager: Waiting for service AtCmdFwd...
08-05 13:46:38.548 11115 11412 I art     : Starting a blocking GC Explicit
08-05 13:46:38.611 11115 11412 I art     : Explicit concurrent mark sweep GC freed 38122(1806KB) AllocSpace objects, 4(120KB) LOS objects, 32% free, 33MB/49MB, paused 503us total 62.928ms
08-05 13:46:38.629 11115 11412 I art     : Starting a blocking GC Explicit
08-05 13:46:38.681 11115 11412 I art     : Explicit concurrent mark sweep GC freed 31(1232B) AllocSpace objects, 0(0B) LOS objects, 32% free, 33MB/49MB, paused 427us total 51.283ms
08-05 13:46:38.698 11115 11412 I art     : Starting a blocking GC Explicit
08-05 13:46:38.751 11115 11412 I art     : Explicit concurrent mark sweep GC freed 3(96B) AllocSpace objects, 0(0B) LOS objects, 32% free, 33MB/49MB, paused 440us total 52.956ms
08-05 13:46:38.767 11115 11412 I art     : Starting a blocking GC Explicit
08-05 13:46:38.779   518   646 I ThermalEngine: ACTION: GPU - Setting GPU[0] to 450000000
08-05 13:46:38.833 11115 11412 I art     : Explicit concurrent mark sweep GC freed 49(1920B) AllocSpace objects, 0(0B) LOS objects, 32% free, 33MB/49MB, paused 575us total 65.388ms
08-05 13:46:38.855 11115 11412 I art     : Starting a blocking GC Explicit
08-05 13:46:38.926 11115 11412 I art     : Explicit concurrent mark sweep GC freed 3(96B) AllocSpace objects, 0(0B) LOS objects, 32% free, 33MB/49MB, paused 580us total 70.675ms
08-05 13:46:39.275  9322  9322 I ServiceManager: Waiting for service AtCmdFwd...
08-05 13:46:39.306 11115 11127 I art     : Starting a blocking GC Explicit
08-05 13:46:39.398 11115 11127 I art     : Explicit concurrent mark sweep GC freed 1354(82KB) AllocSpace objects, 1(20KB) LOS objects, 32% free, 33MB/49MB, paused 647us total 91.366ms
08-05 13:46:39.422 11115 11127 I art     : Starting a blocking GC Explicit
08-05 13:46:39.501 11115 11127 I art     : Explicit concurrent mark sweep GC freed 20(704B) AllocSpace objects, 0(0B) LOS objects, 32% free, 33MB/49MB, paused 648us total 78.259ms
08-05 13:46:39.526 11115 11127 I art     : Starting a blocking GC Explicit
08-05 13:46:39.602 11115 11127 I art     : Explicit concurrent mark sweep GC freed 3(96B) AllocSpace objects, 0(0B) LOS objects, 32% free, 33MB/49MB, paused 602us total 75.241ms
08-05 13:46:39.625 11115 11127 I art     : Starting a blocking GC Explicit
08-05 13:46:39.700 11115 11127 I art     : Explicit concurrent mark sweep GC freed 3(96B) AllocSpace objects, 0(0B) LOS objects, 32% free, 33MB/49MB, paused 567us total 74.564ms
08-05 13:46:39.722 11115 11127 I art     : Starting a blocking GC Explicit
08-05 13:46:39.800 11115 11127 I art     : Explicit concurrent mark sweep GC freed 3(96B) AllocSpace objects, 0(0B) LOS objects, 32% free, 33MB/49MB, paused 641us total 77.735ms
08-05 13:46:40.175 11115 11138 I art     : Starting a blocking GC Explicit
08-05 13:46:40.254 11115 11138 I art     : Explicit concurrent mark sweep GC freed 1354(82KB) AllocSpace objects, 1(20KB) LOS objects, 32% free, 33MB/49MB, paused 606us total 78.178ms
08-05 13:46:40.276  9322  9322 I ServiceManager: Waiting for service AtCmdFwd...
08-05 13:46:40.279 11115 11138 I art     : Starting a blocking GC Explicit
08-05 13:46:40.356 11115 11138 I art     : Explicit concurrent mark sweep GC freed 20(704B) AllocSpace objects, 0(0B) LOS objects, 32% free, 33MB/49MB, paused 592us total 76.816ms
08-05 13:46:40.383 11115 11138 I art     : Starting a blocking GC Explicit
08-05 13:46:40.458 11115 11138 I art     : Explicit concurrent mark sweep GC freed 3(96B) AllocSpace objects, 0(0B) LOS objects, 32% free, 33MB/49MB, paused 634us total 74.670ms
08-05 13:46:40.481 11115 11138 I art     : Starting a blocking GC Explicit
08-05 13:46:40.561 11115 11138 I art     : Explicit concurrent mark sweep GC freed 3(96B) AllocSpace objects, 0(0B) LOS objects, 32% free, 33MB/49MB, paused 634us total 79.693ms
08-05 13:46:40.586 11115 11138 I art     : Starting a blocking GC Explicit
08-05 13:46:40.664 11115 11138 I art     : Explicit concurrent mark sweep GC freed 3(96B) AllocSpace objects, 0(0B) LOS objects, 32% free, 33MB/49MB, paused 560us total 77.986ms
08-05 13:46:40.781   518   646 I ThermalEngine: ACTION: GPU - Setting GPU[0] to 510000000
08-05 13:46:41.023 11115 11597 I art     : Starting a blocking GC Explicit
08-05 13:46:41.101 11115 11597 I art     : Explicit concurrent mark sweep GC freed 1354(82KB) AllocSpace objects, 1(20KB) LOS objects, 32% free, 33MB/49MB, paused 479us total 77.279ms
08-05 13:46:41.121 11115 11597 I art     : Starting a blocking GC Explicit
08-05 13:46:41.179 11115 11597 I art     : Explicit concurrent mark sweep GC freed 20(704B) AllocSpace objects, 0(0B) LOS objects, 32% free, 33MB/49MB, paused 435us total 57.494ms
08-05 13:46:41.197 11115 11597 I art     : Starting a blocking GC Explicit
08-05 13:46:41.254 11115 11597 I art     : Explicit concurrent mark sweep GC freed 3(96B) AllocSpace objects, 0(0B) LOS objects, 32% free, 33MB/49MB, paused 426us total 56.681ms
08-05 13:46:41.271 11115 11597 I art     : Starting a blocking GC Explicit
08-05 13:46:41.277  9322  9322 I ServiceManager: Waiting for service AtCmdFwd...
08-05 13:46:41.327 11115 11597 I art     : Explicit concurrent mark sweep GC freed 3(96B) AllocSpace objects, 0(0B) LOS objects, 32% free, 33MB/49MB, paused 426us total 55.630ms
08-05 13:46:41.344 11115 11597 I art     : Starting a blocking GC Explicit
08-05 13:46:41.403 11115 11597 I art     : Explicit concurrent mark sweep GC freed 3(96B) AllocSpace objects, 0(0B) LOS objects, 32% free, 33MB/49MB, paused 426us total 58.106ms
08-05 13:46:41.735 11115 11126 I art     : Starting a blocking GC Explicit
08-05 13:46:41.792 11115 11126 I art     : Explicit concurrent mark sweep GC freed 1355(83KB) AllocSpace objects, 1(20KB) LOS objects, 32% free, 33MB/49MB, paused 415us total 57.140ms
08-05 13:46:41.809 11115 11126 I art     : Starting a blocking GC Explicit
08-05 13:46:41.863 11115 11126 I art     : Explicit concurrent mark sweep GC freed 20(704B) AllocSpace objects, 0(0B) LOS objects, 32% free, 33MB/49MB, paused 418us total 54.246ms
08-05 13:46:41.880 11115 11126 I art     : Starting a blocking GC Explicit
08-05 13:46:41.934 11115 11126 I art     : Explicit concurrent mark sweep GC freed 3(96B) AllocSpace objects, 0(0B) LOS objects, 32% free, 33MB/49MB, paused 424us total 53.644ms
08-05 13:46:41.951 11115 11126 I art     : Starting a blocking GC Explicit
08-05 13:46:42.004 11115 11126 I art     : Explicit concurrent mark sweep GC freed 3(96B) AllocSpace objects, 0(0B) LOS objects, 32% free, 33MB/49MB, paused 419us total 53.027ms
08-05 13:46:42.021 11115 11126 I art     : Starting a blocking GC Explicit
08-05 13:46:42.048 13456 13456 D AndroidRuntime: >>>>>> START com.android.internal.os.RuntimeInit uid 2000 <<<<<<
08-05 13:46:42.053 13456 13456 D AndroidRuntime: CheckJNI is OFF
08-05 13:46:42.075 11115 11126 I art     : Explicit concurrent mark sweep GC freed 3(96B) AllocSpace objects, 0(0B) LOS objects, 32% free, 33MB/49MB, paused 434us total 53.941ms
08-05 13:46:42.090 13456 13456 D ICU     : No timezone override file found: /data/misc/zoneinfo/current/icu/icu_tzdata.dat
08-05 13:46:42.123 13456 13456 I Radio-JNI: register_android_hardware_Radio DONE
08-05 13:46:42.144 13456 13456 D AndroidRuntime: Calling main entry com.android.commands.input.Input
08-05 13:46:42.146 13456 13456 I Input   : injectKeyEvent: KeyEvent { action=ACTION_DOWN, keyCode=KEYCODE_BACK, scanCode=0, metaState=0, flags=0x0, repeatCount=0, eventTime=798418559, downTime=798418559, deviceId=-1, source=0x101 }
08-05 13:46:42.152 13456 13456 I Input   : injectKeyEvent: KeyEvent { action=ACTION_UP, keyCode=KEYCODE_BACK, scanCode=0, metaState=0, flags=0x0, repeatCount=0, eventTime=798418559, downTime=798418559, deviceId=-1, source=0x101 }
08-05 13:46:42.158 13456 13456 D AndroidRuntime: Shutting down VM
08-05 13:46:42.203 13866 13866 I GoogleInputMethodServic: GoogleInputMethodService.onFinishInput():3138 
08-05 13:46:42.204 13866 13866 I GoogleInputMethodServic: GoogleInputMethodService.onStartInput():1808 
08-05 13:46:42.277  9322  9322 W Atfwd_Sendcmd: AtCmdFwd service not published, waiting... retryCnt : 3
08-05 13:46:42.362 11115 11412 I art     : Starting a blocking GC Explicit
08-05 13:46:42.409 11115 13395 I RedditChangeDataIO: Writing tmp data file at '/data/user/0/baseline.org.quantumbadger.redreader/files/rr_change_data_tmp.dat'
08-05 13:46:42.410 11115 13395 I RedditChangeDataManager: Taking snapshot...
08-05 13:46:42.410 11115 13395 I RedditChangeDataManager: Writing to stream...
08-05 13:46:42.410 11115 13395 I RedditChangeDataManager: Wrote 5 entries for user ''
08-05 13:46:42.410 11115 13395 I RedditChangeDataManager: All entries written to stream.
08-05 13:46:42.410 11115 13395 I RedditChangeDataIO: Write successful. Atomically replacing data file...
08-05 13:46:42.410 11115 13395 I RedditChangeDataIO: Write complete.
08-05 13:46:42.410 11115 13395 I RedditChangeDataIO: 134 bytes written in 1 ms
08-05 13:46:42.435 11115 11412 I art     : Explicit concurrent mark sweep GC freed 1736(98KB) AllocSpace objects, 2(88KB) LOS objects, 32% free, 33MB/49MB, paused 548us total 72.889ms
08-05 13:46:42.455 11115 11412 I art     : Starting a blocking GC Explicit
08-05 13:46:42.521 11115 11412 I art     : Explicit concurrent mark sweep GC freed 40(1616B) AllocSpace objects, 0(0B) LOS objects, 32% free, 33MB/49MB, paused 390us total 66.025ms
08-05 13:46:42.527   380   380 W SurfaceFlinger: couldn't log to binary event log: overflow.
08-05 13:46:42.540 11115 11412 I art     : Starting a blocking GC Explicit
08-05 13:46:42.590 11115 11412 I art     : Explicit concurrent mark sweep GC freed 65(2384B) AllocSpace objects, 0(0B) LOS objects, 32% free, 33MB/49MB, paused 439us total 49.583ms
08-05 13:46:42.607 11115 11412 I art     : Starting a blocking GC Explicit
08-05 13:46:42.649 11115 11412 I art     : Explicit concurrent mark sweep GC freed 76491(4MB) AllocSpace objects, 5(140KB) LOS objects, 35% free, 29MB/45MB, paused 424us total 42.036ms
08-05 13:46:42.663 11115 11412 I art     : Starting a blocking GC Explicit
08-05 13:46:42.700 11115 11412 I art     : Explicit concurrent mark sweep GC freed 3(96B) AllocSpace objects, 0(0B) LOS objects, 35% free, 29MB/45MB, paused 415us total 37.247ms
08-05 13:46:42.996 11115 11138 I art     : Starting a blocking GC Explicit
08-05 13:46:43.046 11115 11138 I art     : Explicit concurrent mark sweep GC freed 1358(82KB) AllocSpace objects, 1(20KB) LOS objects, 35% free, 29MB/45MB, paused 475us total 49.617ms
08-05 13:46:43.062 11115 11138 I art     : Starting a blocking GC Explicit
08-05 13:46:43.102 11115 11138 I art     : Explicit concurrent mark sweep GC freed 29(1184B) AllocSpace objects, 0(0B) LOS objects, 35% free, 29MB/45MB, paused 437us total 39.482ms
08-05 13:46:43.117 11115 11138 I art     : Starting a blocking GC Explicit
08-05 13:46:43.156 11115 11138 I art     : Explicit concurrent mark sweep GC freed 3(96B) AllocSpace objects, 0(0B) LOS objects, 35% free, 29MB/45MB, paused 420us total 39.049ms
08-05 13:46:43.170 11115 11138 I art     : Starting a blocking GC Explicit
08-05 13:46:43.210 11115 11138 I art     : Explicit concurrent mark sweep GC freed 32(1568B) AllocSpace objects, 0(0B) LOS objects, 35% free, 29MB/45MB, paused 394us total 39.744ms
08-05 13:46:43.225 11115 11138 I art     : Starting a blocking GC Explicit
08-05 13:46:43.263 11115 11138 I art     : Explicit concurrent mark sweep GC freed 15(832B) AllocSpace objects, 0(0B) LOS objects, 35% free, 29MB/45MB, paused 396us total 38.497ms
08-05 13:46:43.552 11115 11127 I art     : Starting a blocking GC Explicit
08-05 13:46:43.591 11115 11127 I art     : Explicit concurrent mark sweep GC freed 1354(82KB) AllocSpace objects, 1(20KB) LOS objects, 35% free, 29MB/45MB, paused 405us total 38.532ms
08-05 13:46:43.606 11115 11127 I art     : Starting a blocking GC Explicit
08-05 13:46:43.641 11115 11127 I art     : Explicit concurrent mark sweep GC freed 20(704B) AllocSpace objects, 0(0B) LOS objects, 35% free, 29MB/45MB, paused 382us total 35.236ms
08-05 13:46:43.656 11115 11127 I art     : Starting a blocking GC Explicit
08-05 13:46:43.692 11115 11127 I art     : Explicit concurrent mark sweep GC freed 3(96B) AllocSpace objects, 0(0B) LOS objects, 35% free, 29MB/45MB, paused 401us total 36.258ms
08-05 13:46:43.706 11115 11127 I art     : Starting a blocking GC Explicit
08-05 13:46:43.742 11115 11127 I art     : Explicit concurrent mark sweep GC freed 3(96B) AllocSpace objects, 0(0B) LOS objects, 35% free, 29MB/45MB, paused 395us total 35.813ms
08-05 13:46:43.756 11115 11127 I art     : Starting a blocking GC Explicit
08-05 13:46:43.792 11115 11127 I art     : Explicit concurrent mark sweep GC freed 3(96B) AllocSpace objects, 0(0B) LOS objects, 35% free, 29MB/45MB, paused 388us total 35.926ms
08-05 13:46:43.832 13497 13497 D AndroidRuntime: >>>>>> START com.android.internal.os.RuntimeInit uid 2000 <<<<<<
08-05 13:46:43.837 13497 13497 D AndroidRuntime: CheckJNI is OFF
08-05 13:46:43.870 13497 13497 D ICU     : No timezone override file found: /data/misc/zoneinfo/current/icu/icu_tzdata.dat
08-05 13:46:43.904 13497 13497 I Radio-JNI: register_android_hardware_Radio DONE
08-05 13:46:43.926 13497 13497 D AndroidRuntime: Calling main entry com.android.commands.input.Input
08-05 13:46:43.927 13497 13497 I Input   : injectMotionEvent: MotionEvent { action=ACTION_DOWN, actionButton=0, id[0]=0, x[0]=600.0, y[0]=580.0, toolType[0]=TOOL_TYPE_UNKNOWN, buttonState=0, metaState=0, flags=0x0, edgeFlags=0x0, pointerCount=1, historySize=0, eventTime=798420340, downTime=798420340, deviceId=0, source=0x1002 }
08-05 13:46:43.934 13497 13497 I Input   : injectMotionEvent: MotionEvent { action=ACTION_UP, actionButton=0, id[0]=0, x[0]=600.0, y[0]=580.0, toolType[0]=TOOL_TYPE_UNKNOWN, buttonState=0, metaState=0, flags=0x0, edgeFlags=0x0, pointerCount=1, historySize=0, eventTime=798420340, downTime=798420340, deviceId=0, source=0x1002 }
08-05 13:46:43.935 13497 13497 D AndroidRuntime: Shutting down VM
08-05 13:46:43.950   918  5132 I ActivityManager: START u0 {cmp=baseline.org.quantumbadger.redreader/.activities.WebViewActivity (has extras)} from uid 10689 on display 0
08-05 13:46:43.954   512  2967 D audio_hw_primary: out_set_parameters: enter: usecase(1: low-latency-playback) kvpairs: routing=2
08-05 13:46:43.967   512  2967 D audio_hw_primary: select_devices: out_snd_device(2: speaker) in_snd_device(0: none)
08-05 13:46:43.967   512  2967 D msm8974_platform: platform_send_audio_calibration: sending audio calibration for snd_device(2) acdb_id(15)
08-05 13:46:43.967   512  2967 I soundtrigger: audio_extn_sound_trigger_update_device_status: device 0x2 of type 0 for Event 1
08-05 13:46:43.979 11115 11115 I AppCompatViewInflater: app:theme is now deprecated. Please move to using android:theme instead.
08-05 13:46:43.979   512  2967 D audio_hw_primary: enable_snd_device: snd_device(2: speaker)
08-05 13:46:43.981   512  2967 D audio_hw_primary: enable_audio_route: apply and update mixer path: low-latency-playback speaker
08-05 13:46:43.998   918   928 D ConnectivityService: listenForNetwork for Listen from uid/pid:10689/11115 for NetworkRequest [ id=3300, legacyType=-1, [ Capabilities: INTERNET&NOT_RESTRICTED&TRUSTED] ]
08-05 13:46:44.058   918  3188 I hubconnection: sensorhub said: 'set_bias 3: -6.2400, 0.0000, 0.0000'
08-05 13:46:44.080 11115 11138 I art     : Starting a blocking GC Explicit
08-05 13:46:44.096   918   936 I ActivityManager: Displayed baseline.org.quantumbadger.redreader/.activities.WebViewActivity: +135ms
08-05 13:46:44.100 13866 13866 I GoogleInputMethodServic: GoogleInputMethodService.onFinishInput():3138 
08-05 13:46:44.101 13866 13866 I GoogleInputMethodServic: GoogleInputMethodService.onStartInput():1808 
08-05 13:46:44.119 11115 11138 I art     : Explicit concurrent mark sweep GC freed 5899(311KB) AllocSpace objects, 1(20KB) LOS objects, 35% free, 29MB/45MB, paused 415us total 37.899ms
08-05 13:46:44.137 11115 11138 I art     : Starting a blocking GC Explicit
08-05 13:46:44.169 11115 11138 I art     : Explicit concurrent mark sweep GC freed 546(29KB) AllocSpace objects, 0(0B) LOS objects, 35% free, 29MB/45MB, paused 347us total 32.527ms
08-05 13:46:44.183 11115 11138 I art     : Starting a blocking GC Explicit
08-05 13:46:44.217 11115 11138 I art     : Explicit concurrent mark sweep GC freed 7(256B) AllocSpace objects, 0(0B) LOS objects, 35% free, 29MB/45MB, paused 441us total 34.131ms
08-05 13:46:44.230 11115 11138 I art     : Starting a blocking GC Explicit
08-05 13:46:44.263 11115 11138 I art     : Explicit concurrent mark sweep GC freed 4(128B) AllocSpace objects, 0(0B) LOS objects, 35% free, 29MB/45MB, paused 416us total 32.682ms
08-05 13:46:44.276 11115 11138 I art     : Starting a blocking GC Explicit
08-05 13:46:44.309 11115 11138 I art     : Explicit concurrent mark sweep GC freed 3(96B) AllocSpace objects, 0(0B) LOS objects, 35% free, 29MB/45MB, paused 369us total 32.285ms
08-05 13:46:44.346   380   380 W SurfaceFlinger: couldn't log to binary event log: overflow.
08-05 13:46:44.529   512  2967 D audio_hw_primary: disable_audio_route: reset and update mixer path: low-latency-playback speaker
08-05 13:46:44.530   512  2967 D audio_hw_primary: disable_snd_device: snd_device(2: speaker)
08-05 13:46:44.538   512  2967 I soundtrigger: audio_extn_sound_trigger_update_device_status: device 0x2 of type 0 for Event 0
08-05 13:46:44.671 11115 11138 I art     : Starting a blocking GC Explicit
08-05 13:46:44.710 11115 11138 I art     : Explicit concurrent mark sweep GC freed 2285(134KB) AllocSpace objects, 1(20KB) LOS objects, 35% free, 29MB/45MB, paused 476us total 38.940ms
08-05 13:46:44.730 11115 11138 I art     : Starting a blocking GC Explicit
08-05 13:46:44.771 11115 11138 I art     : Explicit concurrent mark sweep GC freed 30(992B) AllocSpace objects, 0(0B) LOS objects, 35% free, 29MB/45MB, paused 418us total 40.585ms
08-05 13:46:44.789 11115 11138 I art     : Starting a blocking GC Explicit
08-05 13:46:44.830 11115 11138 I art     : Explicit concurrent mark sweep GC freed 9(288B) AllocSpace objects, 0(0B) LOS objects, 35% free, 29MB/45MB, paused 597us total 40.948ms
08-05 13:46:44.844 11115 11138 I art     : Starting a blocking GC Explicit
08-05 13:46:44.881 11115 11138 I art     : Explicit concurrent mark sweep GC freed 9(288B) AllocSpace objects, 0(0B) LOS objects, 35% free, 29MB/45MB, paused 622us total 37.032ms
08-05 13:46:44.895 11115 11138 I art     : Starting a blocking GC Explicit
08-05 13:46:44.936 11115 11138 I art     : Explicit concurrent mark sweep GC freed 11(352B) AllocSpace objects, 0(0B) LOS objects, 35% free, 29MB/45MB, paused 359us total 40.848ms
08-05 13:46:45.273 11115 11127 I art     : Starting a blocking GC Explicit
08-05 13:46:45.319 11115 11127 I art     : Explicit concurrent mark sweep GC freed 1401(84KB) AllocSpace objects, 1(20KB) LOS objects, 35% free, 29MB/45MB, paused 537us total 46.109ms
08-05 13:46:45.335 11115 11127 I art     : Starting a blocking GC Explicit
08-05 13:46:45.368 11115 11115 I chromium: [INFO:CONSOLE(1)] "
08-05 13:46:45.368 11115 11115 I chromium:                   ,d"=,.,qOp,
08-05 13:46:45.368 11115 11115 I chromium:                  ,7'  ''$(  )
08-05 13:46:45.368 11115 11115 I chromium:                 ,7'      '?q$7'
08-05 13:46:45.368 11115 11115 I chromium:              ..,$$,.
08-05 13:46:45.368 11115 11115 I chromium:    ,.  .,,--***""***--,,.  .,
08-05 13:46:45.368 11115 11115 I chromium:     ,p''              ''q,   
08-05 13:46:45.368 11115 11115 I chromium: :  ,7'                      '7,  :
08-05 13:46:45.368 11115 11115 I chromium:  ' $      ,db,      ,db,      $ '
08-05 13:46:45.368 11115 11115 I chromium:   '$      $$      $$      $'    Using Reddit at work? Work for Reddit.
08-05 13:46:45.368 11115 11115 I chromium:   '$                          $'        https://www.reddit.com/jobs
08-05 13:46:45.368 11115 11115 I chromium:    '$.     .,        ,.     .$'
08-05 13:46:45.368 11115 11115 I chromium:     'b,     ''     ,d'
08-05 13:46:45.368 11115 11115 I chromium:      '?bn,,          ,,nd?'
08-05 13:46:45.368 11115 11115 I chromium:        ,7$ '''' $7,
08-05 13:46:45.368 11115 11115 I chromium:      , $              $ ,
08-05 13:46:45.368 11115 11115 I chromium:      $  :$              $:  $
08-05 13:46:45.368 11115 11115 I chromium:      $   $              $   $
08-05 13:46:45.368 11115 11115 I chromium:      'b  q:            :p  d'
08-05 13:46:45.368 11115 11115 I chromium:       '?$.          .$?'
08-05 13:46:45.368 11115 11115 I chromium:          'b            d'
08-05 13:46:45.368 11115 11115 I chromium:        ,'?,.      .,?',
08-05 13:46:45.368 11115 11115 I chromium:       ==--==--==--==
08-05 13:46:45.368 11115 11115 I chromium: ", source: https://www.redditstatic.com/desktop2x/Chat~Governance~Reddit.2ea93b134a9b2e5b1d9a.js (1)
08-05 13:46:45.379 11115 11127 I art     : Explicit concurrent mark sweep GC freed 29(3KB) AllocSpace objects, 0(0B) LOS objects, 35% free, 29MB/45MB, paused 504us total 43.895ms
08-05 13:46:45.394 11115 11127 I art     : Starting a blocking GC Explicit
08-05 13:46:45.435 11115 11127 I art     : Explicit concurrent mark sweep GC freed 11(352B) AllocSpace objects, 0(0B) LOS objects, 35% free, 29MB/45MB, paused 497us total 40.563ms
08-05 13:46:45.450 11115 11127 I art     : Starting a blocking GC Explicit
08-05 13:46:45.489 11115 11127 I art     : Explicit concurrent mark sweep GC freed 10(320B) AllocSpace objects, 0(0B) LOS objects, 35% free, 29MB/45MB, paused 385us total 38.611ms
08-05 13:46:45.505 11115 11127 I art     : Starting a blocking GC Explicit
08-05 13:46:45.546 11115 11127 I art     : Explicit concurrent mark sweep GC freed 8(256B) AllocSpace objects, 0(0B) LOS objects, 35% free, 29MB/45MB, paused 454us total 40.338ms
08-05 13:46:45.791   518   646 I ThermalEngine: ACTION: GPU - Setting GPU[0] to 450000000
08-05 13:46:45.919 11115 11412 I art     : Starting a blocking GC Explicit
08-05 13:46:45.966 11115 11412 I art     : Explicit concurrent mark sweep GC freed 1439(85KB) AllocSpace objects, 1(20KB) LOS objects, 35% free, 29MB/45MB, paused 573us total 45.811ms
08-05 13:46:45.983 11115 11412 I art     : Starting a blocking GC Explicit
08-05 13:46:46.030 11115 11412 I art     : Explicit concurrent mark sweep GC freed 22(768B) AllocSpace objects, 0(0B) LOS objects, 35% free, 29MB/45MB, paused 581us total 46.647ms
08-05 13:46:46.049 11115 11412 I art     : Starting a blocking GC Explicit
08-05 13:46:46.093 11115 11412 I art     : Explicit concurrent mark sweep GC freed 3(96B) AllocSpace objects, 0(0B) LOS objects, 35% free, 29MB/45MB, paused 552us total 44.107ms
08-05 13:46:46.111 11115 11412 I art     : Starting a blocking GC Explicit
08-05 13:46:46.159 11115 11412 I art     : Explicit concurrent mark sweep GC freed 3(96B) AllocSpace objects, 0(0B) LOS objects, 35% free, 29MB/45MB, paused 976us total 47.020ms
08-05 13:46:46.159 11115 11125 I art     : WaitForGcToComplete blocked for 47.322ms for cause HeapTrim
08-05 13:46:46.177 11115 11412 I art     : Starting a blocking GC Explicit
08-05 13:46:46.222 11115 11412 I art     : Explicit concurrent mark sweep GC freed 3(96B) AllocSpace objects, 0(0B) LOS objects, 35% free, 29MB/45MB, paused 550us total 44.235ms
08-05 13:46:46.614 11115 11138 I art     : Starting a blocking GC Explicit
08-05 13:46:46.657 11115 11138 I art     : Explicit concurrent mark sweep GC freed 1566(94KB) AllocSpace objects, 1(20KB) LOS objects, 35% free, 29MB/45MB, paused 451us total 42.410ms
08-05 13:46:46.674 11115 11138 I art     : Starting a blocking GC Explicit
08-05 13:46:46.718 11115 11138 I art     : Explicit concurrent mark sweep GC freed 20(704B) AllocSpace objects, 0(0B) LOS objects, 35% free, 29MB/45MB, paused 508us total 43.967ms
08-05 13:46:46.736 11115 11138 I art     : Starting a blocking GC Explicit
08-05 13:46:46.781 11115 11138 I art     : Explicit concurrent mark sweep GC freed 7(208B) AllocSpace objects, 0(0B) LOS objects, 35% free, 29MB/45MB, paused 520us total 44.813ms
08-05 13:46:46.798 11115 11138 I art     : Starting a blocking GC Explicit
08-05 13:46:46.844 11115 11138 I art     : Explicit concurrent mark sweep GC freed 12(2528B) AllocSpace objects, 0(0B) LOS objects, 35% free, 29MB/45MB, paused 534us total 45.656ms
08-05 13:46:46.862 11115 11138 I art     : Starting a blocking GC Explicit
08-05 13:46:46.908 11115 11138 I art     : Explicit concurrent mark sweep GC freed 3(96B) AllocSpace objects, 0(0B) LOS objects, 35% free, 29MB/45MB, paused 528us total 45.854ms
08-05 13:46:47.308 11115 11412 I art     : Starting a blocking GC Explicit
08-05 13:46:47.355 11115 11412 I art     : Explicit concurrent mark sweep GC freed 1401(85KB) AllocSpace objects, 1(20KB) LOS objects, 35% free, 29MB/45MB, paused 524us total 47.075ms
08-05 13:46:47.374 11115 11412 I art     : Starting a blocking GC Explicit
08-05 13:46:47.431 11115 11412 I art     : Explicit concurrent mark sweep GC freed 20(704B) AllocSpace objects, 0(0B) LOS objects, 35% free, 29MB/45MB, paused 487us total 56.043ms
08-05 13:46:47.450 11115 11412 I art     : Starting a blocking GC Explicit
08-05 13:46:47.504 11115 11412 I art     : Explicit concurrent mark sweep GC freed 3(96B) AllocSpace objects, 0(0B) LOS objects, 35% free, 29MB/45MB, paused 791us total 53.066ms
08-05 13:46:47.528 11115 11412 I art     : Starting a blocking GC Explicit
08-05 13:46:47.575 11115 11412 I art     : Explicit concurrent mark sweep GC freed 3(96B) AllocSpace objects, 0(0B) LOS objects, 35% free, 29MB/45MB, paused 506us total 47.531ms
08-05 13:46:47.594 11115 11412 I art     : Starting a blocking GC Explicit
08-05 13:46:47.648 11115 11412 I art     : Explicit concurrent mark sweep GC freed 3(96B) AllocSpace objects, 0(0B) LOS objects, 35% free, 29MB/45MB, paused 589us total 53.814ms
08-05 13:46:48.050 11115 11138 I art     : Starting a blocking GC Explicit
08-05 13:46:48.100 11115 11138 I art     : Explicit concurrent mark sweep GC freed 1355(82KB) AllocSpace objects, 1(20KB) LOS objects, 35% free, 29MB/45MB, paused 579us total 49.357ms
08-05 13:46:48.120 11115 11138 I art     : Starting a blocking GC Explicit
08-05 13:46:48.165 11115 11138 I art     : Explicit concurrent mark sweep GC freed 20(704B) AllocSpace objects, 0(0B) LOS objects, 35% free, 29MB/45MB, paused 478us total 45.459ms
08-05 13:46:48.183 11115 11138 I art     : Starting a blocking GC Explicit
08-05 13:46:48.228 11115 11138 I art     : Explicit concurrent mark sweep GC freed 3(96B) AllocSpace objects, 0(0B) LOS objects, 35% free, 29MB/45MB, paused 513us total 44.546ms
08-05 13:46:48.245 11115 11138 I art     : Starting a blocking GC Explicit
08-05 13:46:48.287 11115 11138 I art     : Explicit concurrent mark sweep GC freed 3(96B) AllocSpace objects, 0(0B) LOS objects, 35% free, 29MB/45MB, paused 564us total 42.016ms
08-05 13:46:48.308 11115 11138 I art     : Starting a blocking GC Explicit
08-05 13:46:48.350 11115 11138 I art     : Explicit concurrent mark sweep GC freed 3(96B) AllocSpace objects, 0(0B) LOS objects, 35% free, 29MB/45MB, paused 490us total 42.018ms
08-05 13:46:48.724 13596 13596 D AndroidRuntime: >>>>>> START com.android.internal.os.RuntimeInit uid 2000 <<<<<<
08-05 13:46:48.730 13596 13596 D AndroidRuntime: CheckJNI is OFF
08-05 13:46:48.734 11115 11597 I art     : Starting a blocking GC Explicit
08-05 13:46:48.774 13596 13596 D ICU     : No timezone override file found: /data/misc/zoneinfo/current/icu/icu_tzdata.dat
08-05 13:46:48.782 11115 11597 I art     : Explicit concurrent mark sweep GC freed 1355(82KB) AllocSpace objects, 1(20KB) LOS objects, 35% free, 29MB/45MB, paused 539us total 47.770ms
08-05 13:46:48.800 11115 11597 I art     : Starting a blocking GC Explicit
08-05 13:46:48.822 13596 13596 I Radio-JNI: register_android_hardware_Radio DONE
08-05 13:46:48.846 11115 11597 I art     : Explicit concurrent mark sweep GC freed 20(704B) AllocSpace objects, 0(0B) LOS objects, 35% free, 29MB/45MB, paused 529us total 45.708ms
08-05 13:46:48.851 13596 13596 D AndroidRuntime: Calling main entry com.android.commands.input.Input
08-05 13:46:48.853 13596 13596 I Input   : injectKeyEvent: KeyEvent { action=ACTION_DOWN, keyCode=KEYCODE_BACK, scanCode=0, metaState=0, flags=0x0, repeatCount=0, eventTime=798425266, downTime=798425266, deviceId=-1, source=0x101 }
08-05 13:46:48.860 13596 13596 I Input   : injectKeyEvent: KeyEvent { action=ACTION_UP, keyCode=KEYCODE_BACK, scanCode=0, metaState=0, flags=0x0, repeatCount=0, eventTime=798425266, downTime=798425266, deviceId=-1, source=0x101 }
08-05 13:46:48.865 11115 11597 I art     : Starting a blocking GC Explicit
08-05 13:46:48.867 13596 13596 D AndroidRuntime: Shutting down VM
08-05 13:46:48.907 13866 13866 I GoogleInputMethodServic: GoogleInputMethodService.onFinishInput():3138 
08-05 13:46:48.907 13866 13866 I GoogleInputMethodServic: GoogleInputMethodService.onStartInput():1808 
08-05 13:46:48.908 11115 11597 I art     : Explicit concurrent mark sweep GC freed 146(5KB) AllocSpace objects, 0(0B) LOS objects, 35% free, 29MB/45MB, paused 977us total 43.088ms
08-05 13:46:48.926 11115 11597 I art     : Starting a blocking GC Explicit
08-05 13:46:48.963 11115 13525 I RedditChangeDataIO: Writing tmp data file at '/data/user/0/baseline.org.quantumbadger.redreader/files/rr_change_data_tmp.dat'
08-05 13:46:48.964 11115 13525 I RedditChangeDataManager: Taking snapshot...
08-05 13:46:48.964 11115 13525 I RedditChangeDataManager: Writing to stream...
08-05 13:46:48.964 11115 13525 I RedditChangeDataManager: Wrote 5 entries for user ''
08-05 13:46:48.964 11115 13525 I RedditChangeDataManager: All entries written to stream.
08-05 13:46:48.964 11115 13525 I RedditChangeDataIO: Write successful. Atomically replacing data file...
08-05 13:46:48.965 11115 13525 I RedditChangeDataIO: Write complete.
08-05 13:46:48.965 11115 13525 I RedditChangeDataIO: 134 bytes written in 2 ms
08-05 13:46:48.971 11115 11597 I art     : Explicit concurrent mark sweep GC freed 203(8KB) AllocSpace objects, 1(68KB) LOS objects, 35% free, 29MB/45MB, paused 498us total 43.903ms
08-05 13:46:48.988 11115 11597 I art     : Starting a blocking GC Explicit
08-05 13:46:49.034 11115 11597 I art     : Explicit concurrent mark sweep GC freed 19(864B) AllocSpace objects, 0(0B) LOS objects, 35% free, 29MB/45MB, paused 543us total 45.646ms
08-05 13:46:49.219   380   380 W SurfaceFlinger: couldn't log to binary event log: overflow.
08-05 13:46:49.267   918  3263 D ConnectivityService: releasing NetworkRequest NetworkRequest [ id=3300, legacyType=-1, [ Capabilities: INTERNET&NOT_RESTRICTED&TRUSTED] ]
08-05 13:46:49.404 11115 11138 I art     : Starting a blocking GC Explicit
08-05 13:46:49.450 11115 11138 I art     : Explicit concurrent mark sweep GC freed 2300(127KB) AllocSpace objects, 1(20KB) LOS objects, 35% free, 29MB/45MB, paused 564us total 45.594ms
08-05 13:46:49.469 11115 11138 I art     : Starting a blocking GC Explicit
08-05 13:46:49.515 11115 11138 I art     : Explicit concurrent mark sweep GC freed 2114(124KB) AllocSpace objects, 1(28KB) LOS objects, 35% free, 29MB/45MB, paused 529us total 45.597ms
08-05 13:46:49.534 11115 11138 I art     : Starting a blocking GC Explicit
08-05 13:46:49.581 11115 11138 I art     : Explicit concurrent mark sweep GC freed 3(96B) AllocSpace objects, 0(0B) LOS objects, 35% free, 29MB/45MB, paused 530us total 47.293ms
08-05 13:46:49.600 11115 11138 I art     : Starting a blocking GC Explicit
08-05 13:46:49.648 11115 11138 I art     : Explicit concurrent mark sweep GC freed 3(96B) AllocSpace objects, 0(0B) LOS objects, 35% free, 29MB/45MB, paused 641us total 47.801ms
08-05 13:46:49.670 11115 11138 I art     : Starting a blocking GC Explicit
08-05 13:46:49.716 11115 11138 I art     : Explicit concurrent mark sweep GC freed 3(96B) AllocSpace objects, 0(0B) LOS objects, 35% free, 29MB/45MB, paused 521us total 46.206ms
08-05 13:46:50.071 11115 11412 I art     : Starting a blocking GC Explicit
08-05 13:46:50.131 11115 11412 I art     : Explicit concurrent mark sweep GC freed 1354(82KB) AllocSpace objects, 1(20KB) LOS objects, 35% free, 29MB/45MB, paused 530us total 59.883ms
08-05 13:46:50.150 11115 11412 I art     : Starting a blocking GC Explicit
08-05 13:46:50.195 11115 11412 I art     : Explicit concurrent mark sweep GC freed 20(704B) AllocSpace objects, 0(0B) LOS objects, 35% free, 29MB/45MB, paused 540us total 44.997ms
08-05 13:46:50.213 11115 11412 I art     : Starting a blocking GC Explicit
08-05 13:46:50.258 11115 11412 I art     : Explicit concurrent mark sweep GC freed 3(96B) AllocSpace objects, 0(0B) LOS objects, 35% free, 29MB/45MB, paused 549us total 45.058ms
08-05 13:46:50.277 11115 11412 I art     : Starting a blocking GC Explicit
08-05 13:46:50.320 11115 11412 I art     : Explicit concurrent mark sweep GC freed 3(96B) AllocSpace objects, 0(0B) LOS objects, 35% free, 29MB/45MB, paused 499us total 43.682ms
08-05 13:46:50.338 11115 11412 I art     : Starting a blocking GC Explicit
08-05 13:46:50.384 11115 11412 I art     : Explicit concurrent mark sweep GC freed 3(96B) AllocSpace objects, 0(0B) LOS objects, 35% free, 29MB/45MB, paused 504us total 44.811ms
08-05 13:46:50.642 13639 13639 D AndroidRuntime: >>>>>> START com.android.internal.os.RuntimeInit uid 2000 <<<<<<
08-05 13:46:50.649 13639 13639 D AndroidRuntime: CheckJNI is OFF
08-05 13:46:50.690 13639 13639 D ICU     : No timezone override file found: /data/misc/zoneinfo/current/icu/icu_tzdata.dat
08-05 13:46:50.731 13639 13639 I Radio-JNI: register_android_hardware_Radio DONE
08-05 13:46:50.732 11115 11126 I art     : Starting a blocking GC Explicit
08-05 13:46:50.758 13639 13639 D AndroidRuntime: Calling main entry com.android.commands.input.Input
08-05 13:46:50.760 13639 13639 I Input   : injectKeyEvent: KeyEvent { action=ACTION_DOWN, keyCode=KEYCODE_BACK, scanCode=0, metaState=0, flags=0x0, repeatCount=0, eventTime=798427173, downTime=798427173, deviceId=-1, source=0x101 }
08-05 13:46:50.765 13639 13639 I Input   : injectKeyEvent: KeyEvent { action=ACTION_UP, keyCode=KEYCODE_BACK, scanCode=0, metaState=0, flags=0x0, repeatCount=0, eventTime=798427173, downTime=798427173, deviceId=-1, source=0x101 }
08-05 13:46:50.773 13639 13639 D AndroidRuntime: Shutting down VM
08-05 13:46:50.778 11115 11126 I art     : Explicit concurrent mark sweep GC freed 1365(83KB) AllocSpace objects, 1(20KB) LOS objects, 35% free, 29MB/45MB, paused 591us total 45.862ms
08-05 13:46:50.801 11115 11126 I art     : Starting a blocking GC Explicit
08-05 13:46:50.816 13866 13866 I GoogleInputMethodServic: GoogleInputMethodService.onFinishInput():3138 
08-05 13:46:50.817 13866 13866 I GoogleInputMethodServic: GoogleInputMethodService.onStartInput():1808 
08-05 13:46:50.842 11115 11126 I art     : Explicit concurrent mark sweep GC freed 145(5KB) AllocSpace objects, 0(0B) LOS objects, 35% free, 29MB/45MB, paused 497us total 41.077ms
08-05 13:46:50.862 11115 11126 I art     : Starting a blocking GC Explicit
08-05 13:46:50.902 11115 11126 I art     : Explicit concurrent mark sweep GC freed 51(1696B) AllocSpace objects, 0(0B) LOS objects, 35% free, 29MB/45MB, paused 497us total 40.024ms
08-05 13:46:50.921 11115 11126 I art     : Starting a blocking GC Explicit
08-05 13:46:50.964 11115 11126 I art     : Explicit concurrent mark sweep GC freed 3(96B) AllocSpace objects, 0(0B) LOS objects, 35% free, 29MB/45MB, paused 449us total 42.984ms
08-05 13:46:50.983 11115 11126 I art     : Starting a blocking GC Explicit
08-05 13:46:51.037 11115 11126 I art     : Explicit concurrent mark sweep GC freed 3(96B) AllocSpace objects, 0(0B) LOS objects, 35% free, 29MB/45MB, paused 535us total 54.077ms
08-05 13:46:51.358 11115 11126 I art     : Starting a blocking GC Explicit
08-05 13:46:51.420 11115 11126 I art     : Explicit concurrent mark sweep GC freed 1412(84KB) AllocSpace objects, 1(20KB) LOS objects, 35% free, 29MB/45MB, paused 624us total 61.517ms
08-05 13:46:51.443 11115 11126 I art     : Starting a blocking GC Explicit
08-05 13:46:51.493 11115 11126 I art     : Explicit concurrent mark sweep GC freed 150(7KB) AllocSpace objects, 0(0B) LOS objects, 35% free, 29MB/45MB, paused 531us total 50.171ms
08-05 13:46:51.512 11115 11126 I art     : Starting a blocking GC Explicit
08-05 13:46:51.561 11115 11126 I art     : Explicit concurrent mark sweep GC freed 3(96B) AllocSpace objects, 0(0B) LOS objects, 35% free, 29MB/45MB, paused 593us total 48.705ms
08-05 13:46:51.584 11115 11126 I art     : Starting a blocking GC Explicit
08-05 13:46:51.631 11115 11126 I art     : Explicit concurrent mark sweep GC freed 3(96B) AllocSpace objects, 0(0B) LOS objects, 35% free, 29MB/45MB, paused 531us total 46.914ms
08-05 13:46:51.650 11115 11126 I art     : Starting a blocking GC Explicit
08-05 13:46:51.699 11115 11126 I art     : Explicit concurrent mark sweep GC freed 3(96B) AllocSpace objects, 0(0B) LOS objects, 35% free, 29MB/45MB, paused 564us total 48.211ms
08-05 13:46:52.026 11115 11127 I art     : Starting a blocking GC Explicit
08-05 13:46:52.073 11115 11127 I art     : Explicit concurrent mark sweep GC freed 1354(82KB) AllocSpace objects, 1(20KB) LOS objects, 35% free, 29MB/45MB, paused 494us total 47.023ms
08-05 13:46:52.092 11115 11127 I art     : Starting a blocking GC Explicit
08-05 13:46:52.136 11115 11127 I art     : Explicit concurrent mark sweep GC freed 20(704B) AllocSpace objects, 0(0B) LOS objects, 35% free, 29MB/45MB, paused 576us total 43.587ms
08-05 13:46:52.154 11115 11127 I art     : Starting a blocking GC Explicit
08-05 13:46:52.201 11115 11127 I art     : Explicit concurrent mark sweep GC freed 3(96B) AllocSpace objects, 0(0B) LOS objects, 35% free, 29MB/45MB, paused 545us total 46.306ms
08-05 13:46:52.219 11115 11127 I art     : Starting a blocking GC Explicit
08-05 13:46:52.265 11115 11127 I art     : Explicit concurrent mark sweep GC freed 3(96B) AllocSpace objects, 0(0B) LOS objects, 35% free, 29MB/45MB, paused 515us total 46.112ms
08-05 13:46:52.284 11115 11127 I art     : Starting a blocking GC Explicit
08-05 13:46:52.329 11115 11127 I art     : Explicit concurrent mark sweep GC freed 3(96B) AllocSpace objects, 0(0B) LOS objects, 35% free, 29MB/45MB, paused 554us total 45.518ms
08-05 13:46:52.549 13682 13682 D AndroidRuntime: >>>>>> START com.android.internal.os.RuntimeInit uid 2000 <<<<<<
08-05 13:46:52.554 13682 13682 D AndroidRuntime: CheckJNI is OFF
08-05 13:46:52.595 13682 13682 D ICU     : No timezone override file found: /data/misc/zoneinfo/current/icu/icu_tzdata.dat
08-05 13:46:52.634 13682 13682 I Radio-JNI: register_android_hardware_Radio DONE
08-05 13:46:52.662 13682 13682 D AndroidRuntime: Calling main entry com.android.commands.input.Input
08-05 13:46:52.668 13682 13682 I Input   : injectMotionEvent: MotionEvent { action=ACTION_DOWN, actionButton=0, id[0]=0, x[0]=600.0, y[0]=1000.0, toolType[0]=TOOL_TYPE_UNKNOWN, buttonState=0, metaState=0, flags=0x0, edgeFlags=0x0, pointerCount=1, historySize=0, eventTime=798429080, downTime=798429080, deviceId=0, source=0x1002 }
08-05 13:46:52.673 13682 13682 I Input   : injectMotionEvent: MotionEvent { action=ACTION_UP, actionButton=0, id[0]=0, x[0]=600.0, y[0]=1000.0, toolType[0]=TOOL_TYPE_UNKNOWN, buttonState=0, metaState=0, flags=0x0, edgeFlags=0x0, pointerCount=1, historySize=0, eventTime=798429080, downTime=798429080, deviceId=0, source=0x1002 }
08-05 13:46:52.675 13682 13682 D AndroidRuntime: Shutting down VM
08-05 13:46:52.681 11115 11597 I art     : Starting a blocking GC Explicit
08-05 13:46:52.692   512  2967 D audio_hw_primary: out_set_parameters: enter: usecase(1: low-latency-playback) kvpairs: routing=2
08-05 13:46:52.692   918  4413 I ActivityManager: START u0 {dat=https://oauth.reddit.com/... cmp=baseline.org.quantumbadger.redreader/.activities.PostListingActivity} from uid 10689 on display 0
08-05 13:46:52.705   512  2967 D audio_hw_primary: select_devices: out_snd_device(2: speaker) in_snd_device(0: none)
08-05 13:46:52.705   512  2967 D msm8974_platform: platform_send_audio_calibration: sending audio calibration for snd_device(2) acdb_id(15)
08-05 13:46:52.706   512  2967 I soundtrigger: audio_extn_sound_trigger_update_device_status: device 0x2 of type 0 for Event 1
08-05 13:46:52.717   512  2967 D audio_hw_primary: enable_snd_device: snd_device(2: speaker)
08-05 13:46:52.719   512  2967 D audio_hw_primary: enable_audio_route: apply and update mixer path: low-latency-playback speaker
08-05 13:46:52.720 11115 11115 I AppCompatViewInflater: app:theme is now deprecated. Please move to using android:theme instead.
08-05 13:46:52.740 11115 11597 I art     : Explicit concurrent mark sweep GC freed 1849(114KB) AllocSpace objects, 1(20KB) LOS objects, 35% free, 29MB/45MB, paused 1.105ms total 58.465ms
08-05 13:46:52.750 11115 13706 D OK      : calling: https://oauth.reddit.com/r/announcements/about.json
08-05 13:46:52.761 11115 11597 I art     : Starting a blocking GC Explicit
08-05 13:46:52.802   518   646 I ThermalEngine: ACTION: GPU - Setting GPU[0] to 510000000
08-05 13:46:52.803 11115 11597 I art     : Explicit concurrent mark sweep GC freed 839(62KB) AllocSpace objects, 0(0B) LOS objects, 35% free, 29MB/45MB, paused 837us total 41.912ms
08-05 13:46:52.822 11115 11597 I art     : Starting a blocking GC Explicit
08-05 13:46:52.823   918   936 I ActivityManager: Displayed baseline.org.quantumbadger.redreader/.activities.PostListingActivity: +121ms
08-05 13:46:52.823 13866 13866 I GoogleInputMethodServic: GoogleInputMethodService.onFinishInput():3138 
08-05 13:46:52.825 13866 13866 I GoogleInputMethodServic: GoogleInputMethodService.onStartInput():1808 
08-05 13:46:52.866 11115 11597 I art     : Explicit concurrent mark sweep GC freed 881(65KB) AllocSpace objects, 0(0B) LOS objects, 35% free, 29MB/45MB, paused 464us total 43.945ms
08-05 13:46:52.880 11115 11597 I art     : Starting a blocking GC Explicit
08-05 13:46:52.915 11115 11597 I art     : Explicit concurrent mark sweep GC freed 1987(80KB) AllocSpace objects, 0(0B) LOS objects, 35% free, 29MB/45MB, paused 457us total 34.175ms
08-05 13:46:52.930 11115 11597 I art     : Starting a blocking GC Explicit
08-05 13:46:52.967 11115 11597 I art     : Explicit concurrent mark sweep GC freed 204(7KB) AllocSpace objects, 0(0B) LOS objects, 35% free, 29MB/45MB, paused 435us total 36.175ms
08-05 13:46:53.074   380   380 W SurfaceFlinger: couldn't log to binary event log: overflow.
08-05 13:46:53.083 11115 13706 I NAPPA_EXPERIMENTATION: MetricNetworkRequestExecutionTime: REQUEST_DURATION_SYSTEM='332',REQUEST_DURATION_OKHTTP='159',REQUEST_SYNCHRONOUS='TRUE',RESPONSE_CODE='200',RESPONSE_METHOD='GET',RESPONSE_LENGTH_OKHTTP='-1',RESPONSE_LENGTH_HEADER='1564',REQUEST_PROTOCOL='h2',REQUEST_URL='https://oauth.reddit.com/r/announcements/about.json',
08-05 13:46:53.083 11115 13706 D OK      : request got status: 200
08-05 13:46:53.243 11115 11412 I art     : Starting a blocking GC Explicit
08-05 13:46:53.270   512  2967 D audio_hw_primary: disable_audio_route: reset and update mixer path: low-latency-playback speaker
08-05 13:46:53.271   512  2967 D audio_hw_primary: disable_snd_device: snd_device(2: speaker)
08-05 13:46:53.280   512  2967 I soundtrigger: audio_extn_sound_trigger_update_device_status: device 0x2 of type 0 for Event 0
08-05 13:46:53.286 11115 11412 I art     : Explicit concurrent mark sweep GC freed 2826(235KB) AllocSpace objects, 3(156KB) LOS objects, 35% free, 29MB/45MB, paused 458us total 42.948ms
08-05 13:46:53.301 11115 11412 I art     : Starting a blocking GC Explicit
08-05 13:46:53.337 11115 11412 I art     : Explicit concurrent mark sweep GC freed 201(10KB) AllocSpace objects, 0(0B) LOS objects, 35% free, 29MB/45MB, paused 433us total 35.545ms
08-05 13:46:53.352 11115 11412 I art     : Starting a blocking GC Explicit
08-05 13:46:53.391 11115 11412 I art     : Explicit concurrent mark sweep GC freed 9(304B) AllocSpace objects, 0(0B) LOS objects, 35% free, 29MB/45MB, paused 562us total 39.147ms
08-05 13:46:53.405 11115 11412 I art     : Starting a blocking GC Explicit
08-05 13:46:53.442 11115 11412 I art     : Explicit concurrent mark sweep GC freed 32(1360B) AllocSpace objects, 0(0B) LOS objects, 35% free, 29MB/45MB, paused 413us total 36.531ms
08-05 13:46:53.456 11115 11412 I art     : Starting a blocking GC Explicit
08-05 13:46:53.498 11115 11412 I art     : Explicit concurrent mark sweep GC freed 3(96B) AllocSpace objects, 0(0B) LOS objects, 35% free, 29MB/45MB, paused 464us total 41.377ms
08-05 13:46:53.797 11115 11138 I art     : Starting a blocking GC Explicit
08-05 13:46:53.806   518   646 I ThermalEngine: ACTION: GPU - Setting GPU[0] to 450000000
08-05 13:46:53.845 11115 11138 I art     : Explicit concurrent mark sweep GC freed 1378(83KB) AllocSpace objects, 1(20KB) LOS objects, 35% free, 29MB/45MB, paused 572us total 47.066ms
08-05 13:46:53.863 11115 11138 I art     : Starting a blocking GC Explicit
08-05 13:46:53.910 11115 11138 I art     : Explicit concurrent mark sweep GC freed 20(704B) AllocSpace objects, 0(0B) LOS objects, 35% free, 29MB/45MB, paused 555us total 46.491ms
08-05 13:46:53.929 11115 11138 I art     : Starting a blocking GC Explicit
08-05 13:46:53.950 11115 13731 D OK      : calling: https://oauth.reddit.com/r/announcements/hot/.json
08-05 13:46:53.975 11115 11138 I art     : Explicit concurrent mark sweep GC freed 94(3KB) AllocSpace objects, 0(0B) LOS objects, 35% free, 29MB/45MB, paused 719us total 46.173ms
08-05 13:46:53.993 11115 11138 I art     : Starting a blocking GC Explicit
08-05 13:46:54.040 11115 11138 I art     : Explicit concurrent mark sweep GC freed 10(384B) AllocSpace objects, 0(0B) LOS objects, 35% free, 29MB/45MB, paused 636us total 46.563ms
08-05 13:46:54.059 11115 11138 I art     : Starting a blocking GC Explicit
08-05 13:46:54.105 11115 11138 I art     : Explicit concurrent mark sweep GC freed 3(96B) AllocSpace objects, 0(0B) LOS objects, 35% free, 29MB/45MB, paused 636us total 46.454ms
08-05 13:46:54.202 11115 13731 I NAPPA_EXPERIMENTATION: MetricNetworkRequestExecutionTime: REQUEST_DURATION_SYSTEM='251',REQUEST_DURATION_OKHTTP='248',REQUEST_SYNCHRONOUS='TRUE',RESPONSE_CODE='200',RESPONSE_METHOD='GET',RESPONSE_LENGTH_OKHTTP='-1',RESPONSE_LENGTH_HEADER='142016',REQUEST_PROTOCOL='h2',REQUEST_URL='https://oauth.reddit.com/r/announcements/hot/.json',
08-05 13:46:54.202 11115 13731 D OK      : request got status: 200
08-05 13:46:54.211 11115 11693 I PostListingFragment: Precaching images: OFF
08-05 13:46:54.211 11115 11693 I PostListingFragment: Precaching comments: OFF
08-05 13:46:54.433 11115 11597 I art     : Starting a blocking GC Explicit
08-05 13:46:54.498 11115 11597 I art     : Explicit concurrent mark sweep GC freed 11274(776KB) AllocSpace objects, 19(732KB) LOS objects, 32% free, 33MB/49MB, paused 1.040ms total 65.169ms
08-05 13:46:54.518 11115 11597 I art     : Starting a blocking GC Explicit
08-05 13:46:54.580 11115 11597 I art     : Explicit concurrent mark sweep GC freed 6057(328KB) AllocSpace objects, 7(788KB) LOS objects, 32% free, 33MB/49MB, paused 1.447ms total 61.475ms
08-05 13:46:54.600 11115 11597 I art     : Starting a blocking GC Explicit
08-05 13:46:54.661 11115 11597 I art     : Explicit concurrent mark sweep GC freed 5105(319KB) AllocSpace objects, 9(364KB) LOS objects, 31% free, 34MB/50MB, paused 846us total 60.677ms
08-05 13:46:54.682 11115 11597 I art     : Starting a blocking GC Explicit
08-05 13:46:54.735 11115 11597 I art     : Explicit concurrent mark sweep GC freed 60236(2MB) AllocSpace objects, 10(252KB) LOS objects, 33% free, 31MB/47MB, paused 795us total 52.589ms
08-05 13:46:54.753 11115 11597 I art     : Starting a blocking GC Explicit
08-05 13:46:54.802 11115 11597 I art     : Explicit concurrent mark sweep GC freed 821(37KB) AllocSpace objects, 0(0B) LOS objects, 33% free, 31MB/47MB, paused 985us total 48.914ms
08-05 13:46:54.835 11115 11115 W RecyclerView: Cannot call this method in a scroll callback. Scroll callbacks mightbe run during a measure & layout pass where you cannot change theRecyclerView data. Any method call that might change the structureof the RecyclerView or the adapter contents should be postponed tothe next frame.
08-05 13:46:54.835 11115 11115 W RecyclerView: java.lang.IllegalStateException:  androidx.recyclerview.widget.RecyclerView{640606d VFED..... .F....ID 0,0-1440,2140 #7f0900ef app:id/scrollbar_recyclerview_recyclerview}, adapter:baseline.org.quantumbadger.redreader.adapters.GroupedRecyclerViewAdapter@d3f3533, layout:androidx.recyclerview.widget.LinearLayoutManager@e9160f0, context:baseline.org.quantumbadger.redreader.activities.PostListingActivity@94a74c2
08-05 13:46:54.835 11115 11115 W RecyclerView: 	at androidx.recyclerview.widget.RecyclerView.assertNotInLayoutOrScroll(RecyclerView.java:3061)
08-05 13:46:54.835 11115 11115 W RecyclerView: 	at androidx.recyclerview.widget.RecyclerView$RecyclerViewDataObserver.onItemRangeInserted(RecyclerView.java:5555)
08-05 13:46:54.835 11115 11115 W RecyclerView: 	at androidx.recyclerview.widget.RecyclerView$AdapterDataObservable.notifyItemRangeInserted(RecyclerView.java:12278)
08-05 13:46:54.835 11115 11115 W RecyclerView: 	at androidx.recyclerview.widget.RecyclerView$Adapter.notifyItemInserted(RecyclerView.java:7464)
08-05 13:46:54.835 11115 11115 W RecyclerView: 	at baseline.org.quantumbadger.redreader.adapters.GroupedRecyclerViewAdapter.updateHiddenStatus(GroupedRecyclerViewAdapter.java:279)
08-05 13:46:54.835 11115 11115 W RecyclerView: 	at baseline.org.quantumbadger.redreader.adapters.RedditListingManager.setLoadingVisible(RedditListingManager.java:125)
08-05 13:46:54.835 11115 11115 W RecyclerView: 	at baseline.org.quantumbadger.redreader.fragments.PostListingFragment.onLoadMoreItemsCheck(PostListingFragment.java:465)
08-05 13:46:54.835 11115 11115 W RecyclerView: 	at baseline.org.quantumbadger.redreader.fragments.PostListingFragment.access$000(PostListingFragment.java:98)
08-05 13:46:54.835 11115 11115 W RecyclerView: 	at baseline.org.quantumbadger.redreader.fragments.PostListingFragment$2.onScrolled(PostListingFragment.java:215)
08-05 13:46:54.835 11115 11115 W RecyclerView: 	at androidx.recyclerview.widget.RecyclerView.dispatchOnScrolled(RecyclerView.java:5173)
08-05 13:46:54.835 11115 11115 W RecyclerView: 	at androidx.recyclerview.widget.RecyclerView.dispatchLayoutStep3(RecyclerView.java:4231)
08-05 13:46:54.835 11115 11115 W RecyclerView: 	at androidx.recyclerview.widget.RecyclerView.dispatchLayout(RecyclerView.java:3862)
08-05 13:46:54.835 11115 11115 W RecyclerView: 	at androidx.recyclerview.widget.RecyclerView.consumePendingUpdateOperations(RecyclerView.java:1897)
08-05 13:46:54.835 11115 11115 W RecyclerView: 	at androidx.recyclerview.widget.RecyclerView$1.run(RecyclerView.java:414)
08-05 13:46:54.835 11115 11115 W RecyclerView: 	at android.view.Choreographer$CallbackRecord.run(Choreographer.java:858)
08-05 13:46:54.835 11115 11115 W RecyclerView: 	at android.view.Choreographer.doCallbacks(Choreographer.java:670)
08-05 13:46:54.835 11115 11115 W RecyclerView: 	at android.view.Choreographer.doFrame(Choreographer.java:603)
08-05 13:46:54.835 11115 11115 W RecyclerView: 	at android.view.Choreographer$FrameDisplayEventReceiver.run(Choreographer.java:844)
08-05 13:46:54.835 11115 11115 W RecyclerView: 	at android.os.Handler.handleCallback(Handler.java:739)
08-05 13:46:54.835 11115 11115 W RecyclerView: 	at android.os.Handler.dispatchMessage(Handler.java:95)
08-05 13:46:54.835 11115 11115 W RecyclerView: 	at android.os.Looper.loop(Looper.java:148)
08-05 13:46:54.835 11115 11115 W RecyclerView: 	at android.app.ActivityThread.main(ActivityThread.java:5417)
08-05 13:46:54.835 11115 11115 W RecyclerView: 	at java.lang.reflect.Method.invoke(Native Method)
08-05 13:46:54.835 11115 11115 W RecyclerView: 	at com.android.internal.os.ZygoteInit$MethodAndArgsCaller.run(ZygoteInit.java:726)
08-05 13:46:54.835 11115 11115 W RecyclerView: 	at com.android.internal.os.ZygoteInit.main(ZygoteInit.java:616)
08-05 13:46:55.151 11115 13755 D OK      : calling: https://oauth.reddit.com/r/announcements/hot/.json?after=t3_9jf8nh
08-05 13:46:55.166 11115 11126 I art     : Starting a blocking GC Explicit
08-05 13:46:55.220 11115 11126 I art     : Explicit concurrent mark sweep GC freed 2849(216KB) AllocSpace objects, 1(20KB) LOS objects, 33% free, 31MB/47MB, paused 671us total 53.557ms
08-05 13:46:55.239 11115 11126 I art     : Starting a blocking GC Explicit
08-05 13:46:55.295 11115 11126 I art     : Explicit concurrent mark sweep GC freed 79(3KB) AllocSpace objects, 0(0B) LOS objects, 33% free, 31MB/47MB, paused 668us total 56.012ms
08-05 13:46:55.315 11115 11126 I art     : Starting a blocking GC Explicit
08-05 13:46:55.322 11115 13755 I NAPPA_EXPERIMENTATION: MetricNetworkRequestExecutionTime: REQUEST_DURATION_SYSTEM='171',REQUEST_DURATION_OKHTTP='161',REQUEST_SYNCHRONOUS='TRUE',RESPONSE_CODE='200',RESPONSE_METHOD='GET',RESPONSE_LENGTH_OKHTTP='-1',RESPONSE_LENGTH_HEADER='65685',REQUEST_PROTOCOL='h2',REQUEST_URL='https://oauth.reddit.com/r/announcements/hot/.json?after=t3_9jf8nh',
08-05 13:46:55.322 11115 13755 D OK      : request got status: 200
08-05 13:46:55.335 11115 11693 I PostListingFragment: Precaching images: OFF
08-05 13:46:55.335 11115 11693 I PostListingFragment: Precaching comments: OFF
08-05 13:46:55.369 11115 11126 I art     : Explicit concurrent mark sweep GC freed 1322(186KB) AllocSpace objects, 0(0B) LOS objects, 33% free, 31MB/47MB, paused 975us total 54.048ms
08-05 13:46:55.389 11115 11126 I art     : Starting a blocking GC Explicit
08-05 13:46:55.442 11115 11126 I art     : Explicit concurrent mark sweep GC freed 4049(248KB) AllocSpace objects, 8(596KB) LOS objects, 32% free, 32MB/48MB, paused 928us total 53.157ms
08-05 13:46:55.461 11115 11126 I art     : Starting a blocking GC Explicit
08-05 13:46:55.517 11115 11126 I art     : Explicit concurrent mark sweep GC freed 4273(189KB) AllocSpace objects, 2(84KB) LOS objects, 32% free, 33MB/49MB, paused 730us total 55.779ms
08-05 13:46:55.929 11115 11138 I art     : Starting a blocking GC Explicit
08-05 13:46:56.002 11115 11138 I art     : Explicit concurrent mark sweep GC freed 27493(1314KB) AllocSpace objects, 9(220KB) LOS objects, 33% free, 32MB/48MB, paused 843us total 72.136ms
08-05 13:46:56.024 11115 11138 I art     : Starting a blocking GC Explicit
08-05 13:46:56.079 11115 11138 I art     : Explicit concurrent mark sweep GC freed 1096(45KB) AllocSpace objects, 0(0B) LOS objects, 33% free, 32MB/48MB, paused 664us total 55.183ms
08-05 13:46:56.099 11115 11138 I art     : Starting a blocking GC Explicit
08-05 13:46:56.157 11115 11138 I art     : Explicit concurrent mark sweep GC freed 3(96B) AllocSpace objects, 0(0B) LOS objects, 33% free, 32MB/48MB, paused 590us total 57.360ms
08-05 13:46:56.180 11115 11138 I art     : Starting a blocking GC Explicit
08-05 13:46:56.235 11115 11138 I art     : Explicit concurrent mark sweep GC freed 3(96B) AllocSpace objects, 0(0B) LOS objects, 33% free, 32MB/48MB, paused 616us total 54.427ms
08-05 13:46:56.254 11115 11138 I art     : Starting a blocking GC Explicit
08-05 13:46:56.304 11115 11138 I art     : Explicit concurrent mark sweep GC freed 3(96B) AllocSpace objects, 0(0B) LOS objects, 33% free, 32MB/48MB, paused 600us total 50.104ms
08-05 13:46:56.684 11115 11127 I art     : Starting a blocking GC Explicit
08-05 13:46:56.754 11115 11127 I art     : Explicit concurrent mark sweep GC freed 1355(83KB) AllocSpace objects, 1(20KB) LOS objects, 33% free, 32MB/48MB, paused 664us total 69.509ms
08-05 13:46:56.777 11115 11127 I art     : Starting a blocking GC Explicit
08-05 13:46:56.811   518   646 I ThermalEngine: ACTION: GPU - Setting GPU[0] to 510000000
08-05 13:46:56.834 11115 11127 I art     : Explicit concurrent mark sweep GC freed 20(704B) AllocSpace objects, 0(0B) LOS objects, 33% free, 32MB/48MB, paused 631us total 55.806ms
08-05 13:46:56.852 11115 11127 I art     : Starting a blocking GC Explicit
08-05 13:46:56.895 11115 11127 I art     : Explicit concurrent mark sweep GC freed 3(96B) AllocSpace objects, 0(0B) LOS objects, 33% free, 32MB/48MB, paused 444us total 42.645ms
08-05 13:46:56.910 11115 11127 I art     : Starting a blocking GC Explicit
08-05 13:46:56.952 11115 11127 I art     : Explicit concurrent mark sweep GC freed 8(256B) AllocSpace objects, 0(0B) LOS objects, 33% free, 32MB/48MB, paused 438us total 41.708ms
08-05 13:46:56.967 11115 11127 I art     : Starting a blocking GC Explicit
08-05 13:46:57.008 11115 11127 I art     : Explicit concurrent mark sweep GC freed 16(688B) AllocSpace objects, 0(0B) LOS objects, 33% free, 32MB/48MB, paused 424us total 41.385ms
08-05 13:46:57.278  9322  9322 I ServiceManager: Waiting for service AtCmdFwd...
08-05 13:46:57.372 11115 11412 I art     : Starting a blocking GC Explicit
08-05 13:46:57.421 11115 11412 I art     : Explicit concurrent mark sweep GC freed 1361(83KB) AllocSpace objects, 1(20KB) LOS objects, 33% free, 32MB/48MB, paused 402us total 48.187ms
08-05 13:46:57.435 11115 11412 I art     : Starting a blocking GC Explicit
08-05 13:46:57.474 11115 11412 I art     : Explicit concurrent mark sweep GC freed 20(704B) AllocSpace objects, 0(0B) LOS objects, 33% free, 32MB/48MB, paused 413us total 38.913ms
08-05 13:46:57.488 11115 11412 I art     : Starting a blocking GC Explicit
08-05 13:46:57.530 11115 11412 I art     : Explicit concurrent mark sweep GC freed 3(96B) AllocSpace objects, 0(0B) LOS objects, 33% free, 32MB/48MB, paused 423us total 41.104ms
08-05 13:46:57.545 11115 11412 I art     : Starting a blocking GC Explicit
08-05 13:46:57.588 11115 11412 I art     : Explicit concurrent mark sweep GC freed 3(96B) AllocSpace objects, 0(0B) LOS objects, 33% free, 32MB/48MB, paused 426us total 42.646ms
08-05 13:46:57.603 11115 11412 I art     : Starting a blocking GC Explicit
08-05 13:46:57.645 11115 11412 I art     : Explicit concurrent mark sweep GC freed 3(96B) AllocSpace objects, 0(0B) LOS objects, 33% free, 32MB/48MB, paused 413us total 42.560ms
08-05 13:46:57.991 11115 11597 I art     : Starting a blocking GC Explicit
08-05 13:46:58.032 11115 11597 I art     : Explicit concurrent mark sweep GC freed 1356(83KB) AllocSpace objects, 1(20KB) LOS objects, 33% free, 32MB/48MB, paused 392us total 41.584ms
08-05 13:46:58.046 11115 11597 I art     : Starting a blocking GC Explicit
08-05 13:46:58.083 11115 11597 I art     : Explicit concurrent mark sweep GC freed 20(704B) AllocSpace objects, 0(0B) LOS objects, 33% free, 32MB/48MB, paused 411us total 37.194ms
08-05 13:46:58.098 11115 11597 I art     : Starting a blocking GC Explicit
08-05 13:46:58.137 11115 11597 I art     : Explicit concurrent mark sweep GC freed 3(96B) AllocSpace objects, 0(0B) LOS objects, 33% free, 32MB/48MB, paused 406us total 39ms
08-05 13:46:58.151 11115 11597 I art     : Starting a blocking GC Explicit
08-05 13:46:58.191 11115 11597 I art     : Explicit concurrent mark sweep GC freed 3(96B) AllocSpace objects, 0(0B) LOS objects, 33% free, 32MB/48MB, paused 426us total 39.349ms
08-05 13:46:58.205 11115 11597 I art     : Starting a blocking GC Explicit
08-05 13:46:58.245 11115 11597 I art     : Explicit concurrent mark sweep GC freed 3(96B) AllocSpace objects, 0(0B) LOS objects, 33% free, 32MB/48MB, paused 403us total 39.958ms
08-05 13:46:58.279  9322  9322 I ServiceManager: Waiting for service AtCmdFwd...
08-05 13:46:58.337 13796 13796 D AndroidRuntime: >>>>>> START com.android.internal.os.RuntimeInit uid 2000 <<<<<<
08-05 13:46:58.343 13796 13796 D AndroidRuntime: CheckJNI is OFF
08-05 13:46:58.381 13796 13796 D ICU     : No timezone override file found: /data/misc/zoneinfo/current/icu/icu_tzdata.dat
08-05 13:46:58.414 13796 13796 I Radio-JNI: register_android_hardware_Radio DONE
08-05 13:46:58.437 13796 13796 D AndroidRuntime: Calling main entry com.android.commands.input.Input
08-05 13:46:58.439 13796 13796 I Input   : injectMotionEvent: MotionEvent { action=ACTION_DOWN, actionButton=0, id[0]=0, x[0]=600.0, y[0]=580.0, toolType[0]=TOOL_TYPE_UNKNOWN, buttonState=0, metaState=0, flags=0x0, edgeFlags=0x0, pointerCount=1, historySize=0, eventTime=798434851, downTime=798434851, deviceId=0, source=0x1002 }
08-05 13:46:58.445 13796 13796 I Input   : injectMotionEvent: MotionEvent { action=ACTION_UP, actionButton=0, id[0]=0, x[0]=600.0, y[0]=580.0, toolType[0]=TOOL_TYPE_UNKNOWN, buttonState=0, metaState=0, flags=0x0, edgeFlags=0x0, pointerCount=1, historySize=0, eventTime=798434851, downTime=798434851, deviceId=0, source=0x1002 }
08-05 13:46:58.447 13796 13796 D AndroidRuntime: Shutting down VM
08-05 13:46:58.454   512  2967 D audio_hw_primary: out_set_parameters: enter: usecase(1: low-latency-playback) kvpairs: routing=2
08-05 13:46:58.458   918  5132 I ActivityManager: START u0 {cmp=baseline.org.quantumbadger.redreader/.activities.WebViewActivity (has extras)} from uid 10689 on display 0
08-05 13:46:58.467   512  2967 D audio_hw_primary: select_devices: out_snd_device(2: speaker) in_snd_device(0: none)
08-05 13:46:58.467   512  2967 D msm8974_platform: platform_send_audio_calibration: sending audio calibration for snd_device(2) acdb_id(15)
08-05 13:46:58.467   512  2967 I soundtrigger: audio_extn_sound_trigger_update_device_status: device 0x2 of type 0 for Event 1
08-05 13:46:58.476   512  2967 D audio_hw_primary: enable_snd_device: snd_device(2: speaker)
08-05 13:46:58.478   512  2967 D audio_hw_primary: enable_audio_route: apply and update mixer path: low-latency-playback speaker
08-05 13:46:58.480 11115 11115 I AppCompatViewInflater: app:theme is now deprecated. Please move to using android:theme instead.
08-05 13:46:58.499   918  6111 D ConnectivityService: listenForNetwork for Listen from uid/pid:10689/11115 for NetworkRequest [ id=3301, legacyType=-1, [ Capabilities: INTERNET&NOT_RESTRICTED&TRUSTED] ]
08-05 13:46:58.562 11115 11126 I art     : Starting a blocking GC Explicit
08-05 13:46:58.601 11115 11126 I art     : Explicit concurrent mark sweep GC freed 5817(306KB) AllocSpace objects, 1(20KB) LOS objects, 33% free, 32MB/48MB, paused 485us total 39.288ms
08-05 13:46:58.611 13866 13866 I GoogleInputMethodServic: GoogleInputMethodService.onFinishInput():3138 
08-05 13:46:58.612 13866 13866 I GoogleInputMethodServic: GoogleInputMethodService.onStartInput():1808 
08-05 13:46:58.613   918   936 I ActivityManager: Displayed baseline.org.quantumbadger.redreader/.activities.WebViewActivity: +144ms
08-05 13:46:58.617 11115 11126 I art     : Starting a blocking GC Explicit
08-05 13:46:58.659 11115 11126 I art     : Explicit concurrent mark sweep GC freed 7313(828KB) AllocSpace objects, 17(2MB) LOS objects, 35% free, 29MB/45MB, paused 406us total 41.916ms
08-05 13:46:58.673 11115 11126 I art     : Starting a blocking GC Explicit
08-05 13:46:58.708 11115 11126 I art     : Explicit concurrent mark sweep GC freed 50(3KB) AllocSpace objects, 0(0B) LOS objects, 35% free, 29MB/45MB, paused 397us total 34.057ms
08-05 13:46:58.721 11115 11126 I art     : Starting a blocking GC Explicit
08-05 13:46:58.758 11115 11126 I art     : Explicit concurrent mark sweep GC freed 6(224B) AllocSpace objects, 0(0B) LOS objects, 35% free, 29MB/45MB, paused 447us total 36.946ms
08-05 13:46:58.772 11115 11126 I art     : Starting a blocking GC Explicit
08-05 13:46:58.818 11115 11126 I art     : Explicit concurrent mark sweep GC freed 5(144B) AllocSpace objects, 0(0B) LOS objects, 35% free, 29MB/45MB, paused 1.085ms total 45.462ms
08-05 13:46:58.847   380   380 W SurfaceFlinger: couldn't log to binary event log: overflow.
08-05 13:46:59.018   512  2967 D audio_hw_primary: disable_audio_route: reset and update mixer path: low-latency-playback speaker
08-05 13:46:59.020   512  2967 D audio_hw_primary: disable_snd_device: snd_device(2: speaker)
08-05 13:46:59.028   512  2967 I soundtrigger: audio_extn_sound_trigger_update_device_status: device 0x2 of type 0 for Event 0
08-05 13:46:59.125 11115 11597 I art     : Starting a blocking GC Explicit
08-05 13:46:59.172 11115 11597 I art     : Explicit concurrent mark sweep GC freed 2338(137KB) AllocSpace objects, 1(20KB) LOS objects, 35% free, 29MB/45MB, paused 398us total 46.220ms
08-05 13:46:59.188 11115 11597 I art     : Starting a blocking GC Explicit
08-05 13:46:59.226 11115 11597 I art     : Explicit concurrent mark sweep GC freed 26(896B) AllocSpace objects, 0(0B) LOS objects, 35% free, 29MB/45MB, paused 486us total 37.768ms
08-05 13:46:59.240 11115 11597 I art     : Starting a blocking GC Explicit
08-05 13:46:59.246 11115 13734 I RedditChangeDataIO: Writing tmp data file at '/data/user/0/baseline.org.quantumbadger.redreader/files/rr_change_data_tmp.dat'
08-05 13:46:59.246 11115 13734 I RedditChangeDataManager: Taking snapshot...
08-05 13:46:59.247 11115 13734 I RedditChangeDataManager: Writing to stream...
08-05 13:46:59.247 11115 13734 I RedditChangeDataManager: Wrote 5 entries for user ''
08-05 13:46:59.247 11115 13734 I RedditChangeDataManager: All entries written to stream.
08-05 13:46:59.247 11115 13734 I RedditChangeDataIO: Write successful. Atomically replacing data file...
08-05 13:46:59.247 11115 13734 I RedditChangeDataIO: Write complete.
08-05 13:46:59.248 11115 13734 I RedditChangeDataIO: 134 bytes written in 1 ms
08-05 13:46:59.280  9322  9322 I ServiceManager: Waiting for service AtCmdFwd...
08-05 13:46:59.281 11115 11597 I art     : Explicit concurrent mark sweep GC freed 86(4KB) AllocSpace objects, 1(68KB) LOS objects, 35% free, 29MB/45MB, paused 514us total 40.332ms
08-05 13:46:59.296 11115 11597 I art     : Starting a blocking GC Explicit
08-05 13:46:59.337 11115 11597 I art     : Explicit concurrent mark sweep GC freed 21(880B) AllocSpace objects, 0(0B) LOS objects, 35% free, 29MB/45MB, paused 464us total 40.706ms
08-05 13:46:59.353 11115 11597 I art     : Starting a blocking GC Explicit
08-05 13:46:59.394 11115 11597 I art     : Explicit concurrent mark sweep GC freed 9(288B) AllocSpace objects, 0(0B) LOS objects, 35% free, 29MB/45MB, paused 479us total 40.542ms
08-05 13:46:59.609 11115 11115 I chromium: [INFO:CONSOLE(1)] "
08-05 13:46:59.609 11115 11115 I chromium:                   ,d"=,.,qOp,
08-05 13:46:59.609 11115 11115 I chromium:                  ,7'  ''$(  )
08-05 13:46:59.609 11115 11115 I chromium:                 ,7'      '?q$7'
08-05 13:46:59.609 11115 11115 I chromium:              ..,$$,.
08-05 13:46:59.609 11115 11115 I chromium:    ,.  .,,--***""***--,,.  .,
08-05 13:46:59.609 11115 11115 I chromium:     ,p''              ''q,   
08-05 13:46:59.609 11115 11115 I chromium: :  ,7'                      '7,  :
08-05 13:46:59.609 11115 11115 I chromium:  ' $      ,db,      ,db,      $ '
08-05 13:46:59.609 11115 11115 I chromium:   '$      $$      $$      $'    Using Reddit at work? Work for Reddit.
08-05 13:46:59.609 11115 11115 I chromium:   '$                          $'        https://www.reddit.com/jobs
08-05 13:46:59.609 11115 11115 I chromium:    '$.     .,        ,.     .$'
08-05 13:46:59.609 11115 11115 I chromium:     'b,     ''     ,d'
08-05 13:46:59.609 11115 11115 I chromium:      '?bn,,          ,,nd?'
08-05 13:46:59.609 11115 11115 I chromium:        ,7$ '''' $7,
08-05 13:46:59.609 11115 11115 I chromium:      , $              $ ,
08-05 13:46:59.609 11115 11115 I chromium:      $  :$              $:  $
08-05 13:46:59.609 11115 11115 I chromium:      $   $              $   $
08-05 13:46:59.609 11115 11115 I chromium:      'b  q:            :p  d'
08-05 13:46:59.609 11115 11115 I chromium:       '?$.          .$?'
08-05 13:46:59.609 11115 11115 I chromium:          'b            d'
08-05 13:46:59.609 11115 11115 I chromium:        ,'?,.      .,?',
08-05 13:46:59.609 11115 11115 I chromium:       ==--==--==--==
08-05 13:46:59.609 11115 11115 I chromium: ", source: https://www.redditstatic.com/desktop2x/Chat~Governance~Reddit.2ea93b134a9b2e5b1d9a.js (1)
08-05 13:46:59.728 11115 11138 I art     : Starting a blocking GC Explicit
08-05 13:46:59.772 11115 11138 I art     : Explicit concurrent mark sweep GC freed 1415(86KB) AllocSpace objects, 1(20KB) LOS objects, 35% free, 29MB/45MB, paused 402us total 43.603ms
08-05 13:46:59.788 11115 11138 I art     : Starting a blocking GC Explicit
08-05 13:46:59.829 11115 11138 I art     : Explicit concurrent mark sweep GC freed 27(912B) AllocSpace objects, 0(0B) LOS objects, 35% free, 29MB/45MB, paused 494us total 40.924ms
08-05 13:46:59.844 11115 11138 I art     : Starting a blocking GC Explicit
08-05 13:46:59.884 11115 11138 I art     : Explicit concurrent mark sweep GC freed 11(352B) AllocSpace objects, 0(0B) LOS objects, 35% free, 29MB/45MB, paused 529us total 39.978ms
08-05 13:46:59.899 11115 11138 I art     : Starting a blocking GC Explicit
08-05 13:46:59.939 11115 11138 I art     : Explicit concurrent mark sweep GC freed 11(352B) AllocSpace objects, 0(0B) LOS objects, 35% free, 29MB/45MB, paused 370us total 39.580ms
08-05 13:46:59.954 11115 11138 I art     : Starting a blocking GC Explicit
08-05 13:46:59.994 11115 11138 I art     : Explicit concurrent mark sweep GC freed 9(288B) AllocSpace objects, 0(0B) LOS objects, 35% free, 29MB/45MB, paused 503us total 39.741ms
08-05 13:47:00.280  9322  9322 I ServiceManager: Waiting for service AtCmdFwd...
08-05 13:47:00.293 11115 11115 E chromium: [ERROR:page_load_metrics_update_dispatcher.cc(165)] Invalid first_paint 0.545 s for first_image_paint 0.517 s
08-05 13:47:00.343 11115 11138 I art     : Starting a blocking GC Explicit
08-05 13:47:00.381 11115 11138 I art     : Explicit concurrent mark sweep GC freed 1642(97KB) AllocSpace objects, 1(20KB) LOS objects, 35% free, 29MB/45MB, paused 400us total 37.559ms
08-05 13:47:00.396 11115 11138 I art     : Starting a blocking GC Explicit
08-05 13:47:00.435 11115 11138 I art     : Explicit concurrent mark sweep GC freed 27(928B) AllocSpace objects, 0(0B) LOS objects, 35% free, 29MB/45MB, paused 345us total 38.950ms
08-05 13:47:00.448 11115 11138 I art     : Starting a blocking GC Explicit
08-05 13:47:00.482 11115 11138 I art     : Explicit concurrent mark sweep GC freed 3(96B) AllocSpace objects, 0(0B) LOS objects, 35% free, 29MB/45MB, paused 346us total 33.420ms
08-05 13:47:00.496 11115 11138 I art     : Starting a blocking GC Explicit
08-05 13:47:00.535 11115 11138 I art     : Explicit concurrent mark sweep GC freed 278(43KB) AllocSpace objects, 0(0B) LOS objects, 35% free, 29MB/45MB, paused 338us total 38.361ms
08-05 13:47:00.548 11115 11138 I art     : Starting a blocking GC Explicit
08-05 13:47:00.583 11115 11138 I art     : Explicit concurrent mark sweep GC freed 68(2272B) AllocSpace objects, 0(0B) LOS objects, 35% free, 29MB/45MB, paused 352us total 34.044ms
08-05 13:47:00.822   518   646 I ThermalEngine: ACTION: GPU - Setting GPU[0] to 450000000
08-05 13:47:00.978 11115 11138 I art     : Starting a blocking GC Explicit
08-05 13:47:01.033 11115 11138 I art     : Explicit concurrent mark sweep GC freed 1370(85KB) AllocSpace objects, 1(20KB) LOS objects, 35% free, 29MB/45MB, paused 492us total 54.438ms
08-05 13:47:01.052 11115 11138 I art     : Starting a blocking GC Explicit
08-05 13:47:01.100 11115 11138 I art     : Explicit concurrent mark sweep GC freed 20(704B) AllocSpace objects, 0(0B) LOS objects, 35% free, 29MB/45MB, paused 460us total 48.264ms
08-05 13:47:01.120 11115 11138 I art     : Starting a blocking GC Explicit
08-05 13:47:01.167 11115 11138 I art     : Explicit concurrent mark sweep GC freed 3(96B) AllocSpace objects, 0(0B) LOS objects, 35% free, 29MB/45MB, paused 434us total 46.554ms
08-05 13:47:01.185 11115 11138 I art     : Starting a blocking GC Explicit
08-05 13:47:01.234 11115 11138 I art     : Explicit concurrent mark sweep GC freed 45(2240B) AllocSpace objects, 0(0B) LOS objects, 35% free, 29MB/45MB, paused 434us total 48.702ms
08-05 13:47:01.251 11115 11138 I art     : Starting a blocking GC Explicit
08-05 13:47:01.281  9322  9322 I ServiceManager: Waiting for service AtCmdFwd...
08-05 13:47:01.296 11115 11138 I art     : Explicit concurrent mark sweep GC freed 7(512B) AllocSpace objects, 0(0B) LOS objects, 35% free, 29MB/45MB, paused 530us total 44.450ms
08-05 13:47:01.311 11115 11115 E chromium: [ERROR:page_load_metrics_update_dispatcher.cc(165)] Invalid first_paint 0.545 s for first_image_paint 0.517 s
08-05 13:47:01.693 11115 11126 I art     : Starting a blocking GC Explicit
08-05 13:47:01.752 11115 11126 I art     : Explicit concurrent mark sweep GC freed 1357(82KB) AllocSpace objects, 1(20KB) LOS objects, 35% free, 29MB/45MB, paused 464us total 58.870ms
08-05 13:47:01.772 11115 11126 I art     : Starting a blocking GC Explicit
08-05 13:47:01.824 11115 11126 I art     : Explicit concurrent mark sweep GC freed 20(704B) AllocSpace objects, 0(0B) LOS objects, 35% free, 29MB/45MB, paused 538us total 51.495ms
08-05 13:47:01.824 11115 11125 I art     : WaitForGcToComplete blocked for 51.723ms for cause HeapTrim
08-05 13:47:01.844 11115 11126 I art     : Starting a blocking GC Explicit
08-05 13:47:01.894 11115 11126 I art     : Explicit concurrent mark sweep GC freed 3(96B) AllocSpace objects, 0(0B) LOS objects, 35% free, 29MB/45MB, paused 555us total 49.812ms
08-05 13:47:01.913 11115 11126 I art     : Starting a blocking GC Explicit
08-05 13:47:01.965 11115 11126 I art     : Explicit concurrent mark sweep GC freed 3(96B) AllocSpace objects, 0(0B) LOS objects, 35% free, 29MB/45MB, paused 485us total 51.204ms
08-05 13:47:01.984 11115 11126 I art     : Starting a blocking GC Explicit
08-05 13:47:02.037 11115 11126 I art     : Explicit concurrent mark sweep GC freed 3(96B) AllocSpace objects, 0(0B) LOS objects, 35% free, 29MB/45MB, paused 542us total 52.735ms
08-05 13:47:02.281  9322  9322 W Atfwd_Sendcmd: AtCmdFwd service not published, waiting... retryCnt : 4
08-05 13:47:02.430 11115 11126 I art     : Starting a blocking GC Explicit
08-05 13:47:02.481 11115 11126 I art     : Explicit concurrent mark sweep GC freed 1357(82KB) AllocSpace objects, 1(20KB) LOS objects, 35% free, 29MB/45MB, paused 507us total 50.459ms
08-05 13:47:02.500 11115 11126 I art     : Starting a blocking GC Explicit
08-05 13:47:02.557 11115 11126 I art     : Explicit concurrent mark sweep GC freed 20(704B) AllocSpace objects, 0(0B) LOS objects, 35% free, 29MB/45MB, paused 544us total 56.770ms
08-05 13:47:02.576 11115 11126 I art     : Starting a blocking GC Explicit
08-05 13:47:02.627 11115 11126 I art     : Explicit concurrent mark sweep GC freed 3(96B) AllocSpace objects, 0(0B) LOS objects, 35% free, 29MB/45MB, paused 560us total 50.533ms
08-05 13:47:02.649 11115 11126 I art     : Starting a blocking GC Explicit
08-05 13:47:02.698 11115 11126 I art     : Explicit concurrent mark sweep GC freed 3(96B) AllocSpace objects, 0(0B) LOS objects, 35% free, 29MB/45MB, paused 492us total 47.998ms
08-05 13:47:02.717 11115 11126 I art     : Starting a blocking GC Explicit
08-05 13:47:02.759 11115 11126 I art     : Explicit concurrent mark sweep GC freed 3(96B) AllocSpace objects, 0(0B) LOS objects, 35% free, 29MB/45MB, paused 488us total 41.759ms
08-05 13:47:03.123 11115 11126 I art     : Starting a blocking GC Explicit
08-05 13:47:03.177 11115 11126 I art     : Explicit concurrent mark sweep GC freed 1357(82KB) AllocSpace objects, 1(20KB) LOS objects, 35% free, 29MB/45MB, paused 659us total 53.438ms
08-05 13:47:03.197 11115 11126 I art     : Starting a blocking GC Explicit
08-05 13:47:03.227 13897 13897 D AndroidRuntime: >>>>>> START com.android.internal.os.RuntimeInit uid 2000 <<<<<<
08-05 13:47:03.233 13897 13897 D AndroidRuntime: CheckJNI is OFF
08-05 13:47:03.249 11115 11126 I art     : Explicit concurrent mark sweep GC freed 20(704B) AllocSpace objects, 0(0B) LOS objects, 35% free, 29MB/45MB, paused 505us total 51.661ms
08-05 13:47:03.268 11115 11126 I art     : Starting a blocking GC Explicit
08-05 13:47:03.278 13897 13897 D ICU     : No timezone override file found: /data/misc/zoneinfo/current/icu/icu_tzdata.dat
08-05 13:47:03.315 11115 11126 I art     : Explicit concurrent mark sweep GC freed 3(96B) AllocSpace objects, 0(0B) LOS objects, 35% free, 29MB/45MB, paused 579us total 46.970ms
08-05 13:47:03.326 13897 13897 I Radio-JNI: register_android_hardware_Radio DONE
08-05 13:47:03.338 11115 11126 I art     : Starting a blocking GC Explicit
08-05 13:47:03.356 13897 13897 D AndroidRuntime: Calling main entry com.android.commands.input.Input
08-05 13:47:03.358 13897 13897 I Input   : injectKeyEvent: KeyEvent { action=ACTION_DOWN, keyCode=KEYCODE_BACK, scanCode=0, metaState=0, flags=0x0, repeatCount=0, eventTime=798439771, downTime=798439771, deviceId=-1, source=0x101 }
08-05 13:47:03.365 13897 13897 I Input   : injectKeyEvent: KeyEvent { action=ACTION_UP, keyCode=KEYCODE_BACK, scanCode=0, metaState=0, flags=0x0, repeatCount=0, eventTime=798439771, downTime=798439771, deviceId=-1, source=0x101 }
08-05 13:47:03.372 13897 13897 D AndroidRuntime: Shutting down VM
08-05 13:47:03.409 11115 11126 I art     : Explicit concurrent mark sweep GC freed 22(736B) AllocSpace objects, 0(0B) LOS objects, 35% free, 29MB/45MB, paused 590us total 57.101ms
08-05 13:47:03.431 11115 11126 I art     : Starting a blocking GC Explicit
08-05 13:47:03.434 13866 13866 I GoogleInputMethodServic: GoogleInputMethodService.onFinishInput():3138 
08-05 13:47:03.435 13866 13866 I GoogleInputMethodServic: GoogleInputMethodService.onStartInput():1808 
08-05 13:47:03.471 11115 11126 I art     : Explicit concurrent mark sweep GC freed 244(8KB) AllocSpace objects, 0(0B) LOS objects, 35% free, 29MB/45MB, paused 540us total 39.903ms
08-05 13:47:03.752   380   380 W SurfaceFlinger: couldn't log to binary event log: overflow.
08-05 13:47:03.791   918  3263 D ConnectivityService: releasing NetworkRequest NetworkRequest [ id=3301, legacyType=-1, [ Capabilities: INTERNET&NOT_RESTRICTED&TRUSTED] ]
08-05 13:47:03.821 11115 11412 I art     : Starting a blocking GC Explicit
08-05 13:47:03.863 11115 11412 I art     : Explicit concurrent mark sweep GC freed 2249(124KB) AllocSpace objects, 1(20KB) LOS objects, 35% free, 29MB/45MB, paused 437us total 41.290ms
08-05 13:47:03.880 11115 11412 I art     : Starting a blocking GC Explicit
08-05 13:47:03.919 11115 11412 I art     : Explicit concurrent mark sweep GC freed 2114(124KB) AllocSpace objects, 1(28KB) LOS objects, 35% free, 29MB/45MB, paused 480us total 38.680ms
08-05 13:47:03.936 11115 11412 I art     : Starting a blocking GC Explicit
08-05 13:47:03.978 11115 11412 I art     : Explicit concurrent mark sweep GC freed 3(96B) AllocSpace objects, 0(0B) LOS objects, 35% free, 29MB/45MB, paused 488us total 41.530ms
08-05 13:47:03.996 11115 11412 I art     : Starting a blocking GC Explicit
08-05 13:47:04.043 11115 11412 I art     : Explicit concurrent mark sweep GC freed 3(96B) AllocSpace objects, 0(0B) LOS objects, 35% free, 29MB/45MB, paused 484us total 46.249ms
08-05 13:47:04.061 11115 11412 I art     : Starting a blocking GC Explicit
08-05 13:47:04.109 11115 11412 I art     : Explicit concurrent mark sweep GC freed 3(96B) AllocSpace objects, 0(0B) LOS objects, 35% free, 29MB/45MB, paused 491us total 47.285ms
08-05 13:47:04.465 11115 11126 I art     : Starting a blocking GC Explicit
08-05 13:47:04.525 11115 11126 I art     : Explicit concurrent mark sweep GC freed 1357(82KB) AllocSpace objects, 1(20KB) LOS objects, 35% free, 29MB/45MB, paused 518us total 58.967ms
08-05 13:47:04.547 11115 11126 I art     : Starting a blocking GC Explicit
08-05 13:47:04.597 11115 11126 I art     : Explicit concurrent mark sweep GC freed 20(704B) AllocSpace objects, 0(0B) LOS objects, 35% free, 29MB/45MB, paused 487us total 49.549ms
08-05 13:47:04.615 11115 11126 I art     : Starting a blocking GC Explicit
08-05 13:47:04.661 11115 11126 I art     : Explicit concurrent mark sweep GC freed 3(96B) AllocSpace objects, 0(0B) LOS objects, 35% free, 29MB/45MB, paused 450us total 45.163ms
08-05 13:47:04.679 11115 11126 I art     : Starting a blocking GC Explicit
08-05 13:47:04.725 11115 11126 I art     : Explicit concurrent mark sweep GC freed 3(96B) AllocSpace objects, 0(0B) LOS objects, 35% free, 29MB/45MB, paused 467us total 45.202ms
08-05 13:47:04.743 11115 11126 I art     : Starting a blocking GC Explicit
08-05 13:47:04.787 11115 11126 I art     : Explicit concurrent mark sweep GC freed 3(96B) AllocSpace objects, 0(0B) LOS objects, 35% free, 29MB/45MB, paused 560us total 44.231ms
08-05 13:47:05.164 11115 11597 I art     : Starting a blocking GC Explicit
08-05 13:47:05.202 13946 13946 D AndroidRuntime: >>>>>> START com.android.internal.os.RuntimeInit uid 2000 <<<<<<
08-05 13:47:05.209 13946 13946 D AndroidRuntime: CheckJNI is OFF
08-05 13:47:05.220 11115 11597 I art     : Explicit concurrent mark sweep GC freed 1356(82KB) AllocSpace objects, 1(20KB) LOS objects, 35% free, 29MB/45MB, paused 485us total 56.068ms
08-05 13:47:05.238 11115 11597 I art     : Starting a blocking GC Explicit
08-05 13:47:05.257 13946 13946 D ICU     : No timezone override file found: /data/misc/zoneinfo/current/icu/icu_tzdata.dat
08-05 13:47:05.286 11115 11597 I art     : Explicit concurrent mark sweep GC freed 20(704B) AllocSpace objects, 0(0B) LOS objects, 35% free, 29MB/45MB, paused 471us total 47.700ms
08-05 13:47:05.303 13946 13946 I Radio-JNI: register_android_hardware_Radio DONE
08-05 13:47:05.305 11115 11597 I art     : Starting a blocking GC Explicit
08-05 13:47:05.333 13946 13946 D AndroidRuntime: Calling main entry com.android.commands.input.Input
08-05 13:47:05.335 13946 13946 I Input   : injectKeyEvent: KeyEvent { action=ACTION_DOWN, keyCode=KEYCODE_BACK, scanCode=0, metaState=0, flags=0x0, repeatCount=0, eventTime=798441748, downTime=798441748, deviceId=-1, source=0x101 }
08-05 13:47:05.343 13946 13946 I Input   : injectKeyEvent: KeyEvent { action=ACTION_UP, keyCode=KEYCODE_BACK, scanCode=0, metaState=0, flags=0x0, repeatCount=0, eventTime=798441748, downTime=798441748, deviceId=-1, source=0x101 }
08-05 13:47:05.349 13946 13946 D AndroidRuntime: Shutting down VM
08-05 13:47:05.351 11115 11597 I art     : Explicit concurrent mark sweep GC freed 11(352B) AllocSpace objects, 0(0B) LOS objects, 35% free, 29MB/45MB, paused 539us total 45.893ms
08-05 13:47:05.369 11115 11597 I art     : Starting a blocking GC Explicit
08-05 13:47:05.394 13866 13866 I GoogleInputMethodServic: GoogleInputMethodService.onFinishInput():3138 
08-05 13:47:05.395 13866 13866 I GoogleInputMethodServic: GoogleInputMethodService.onStartInput():1808 
08-05 13:47:05.410 11115 11597 I art     : Explicit concurrent mark sweep GC freed 111(3KB) AllocSpace objects, 0(0B) LOS objects, 35% free, 29MB/45MB, paused 493us total 41.574ms
08-05 13:47:05.429 11115 11597 I art     : Starting a blocking GC Explicit
08-05 13:47:05.470 11115 11597 I art     : Explicit concurrent mark sweep GC freed 53(1744B) AllocSpace objects, 0(0B) LOS objects, 35% free, 29MB/45MB, paused 493us total 41.307ms
08-05 13:47:05.787 11115 11412 I art     : Starting a blocking GC Explicit
08-05 13:47:05.837 11115 11412 I art     : Explicit concurrent mark sweep GC freed 1438(85KB) AllocSpace objects, 1(20KB) LOS objects, 35% free, 29MB/45MB, paused 577us total 49.999ms
08-05 13:47:05.856 11115 11412 I art     : Starting a blocking GC Explicit
08-05 13:47:05.904 11115 11412 I art     : Explicit concurrent mark sweep GC freed 150(7KB) AllocSpace objects, 0(0B) LOS objects, 35% free, 29MB/45MB, paused 523us total 47.984ms
08-05 13:47:05.923 11115 11412 I art     : Starting a blocking GC Explicit
08-05 13:47:05.970 11115 11412 I art     : Explicit concurrent mark sweep GC freed 3(96B) AllocSpace objects, 0(0B) LOS objects, 35% free, 29MB/45MB, paused 459us total 47.038ms
08-05 13:47:05.988 11115 11412 I art     : Starting a blocking GC Explicit
08-05 13:47:06.037 11115 11412 I art     : Explicit concurrent mark sweep GC freed 3(96B) AllocSpace objects, 0(0B) LOS objects, 35% free, 29MB/45MB, paused 514us total 48.118ms
08-05 13:47:06.056 11115 11412 I art     : Starting a blocking GC Explicit
08-05 13:47:06.104 11115 11412 I art     : Explicit concurrent mark sweep GC freed 3(96B) AllocSpace objects, 0(0B) LOS objects, 35% free, 29MB/45MB, paused 524us total 48.388ms
08-05 13:47:06.435 11115 11127 I art     : Starting a blocking GC Explicit
08-05 13:47:06.498 11115 11127 I art     : Explicit concurrent mark sweep GC freed 1356(82KB) AllocSpace objects, 1(20KB) LOS objects, 35% free, 29MB/45MB, paused 586us total 63.075ms
08-05 13:47:06.518 11115 11127 I art     : Starting a blocking GC Explicit
08-05 13:47:06.567 11115 11127 I art     : Explicit concurrent mark sweep GC freed 20(704B) AllocSpace objects, 0(0B) LOS objects, 35% free, 29MB/45MB, paused 552us total 48.396ms
08-05 13:47:06.586 11115 11127 I art     : Starting a blocking GC Explicit
08-05 13:47:06.631 11115 11127 I art     : Explicit concurrent mark sweep GC freed 3(96B) AllocSpace objects, 0(0B) LOS objects, 35% free, 29MB/45MB, paused 513us total 44.368ms
08-05 13:47:06.649 11115 11127 I art     : Starting a blocking GC Explicit
08-05 13:47:06.694 11115 11127 I art     : Explicit concurrent mark sweep GC freed 3(96B) AllocSpace objects, 0(0B) LOS objects, 35% free, 29MB/45MB, paused 522us total 45.041ms
08-05 13:47:06.713 11115 11127 I art     : Starting a blocking GC Explicit
08-05 13:47:06.759 11115 11127 I art     : Explicit concurrent mark sweep GC freed 3(96B) AllocSpace objects, 0(0B) LOS objects, 35% free, 29MB/45MB, paused 518us total 45.726ms
08-05 13:47:07.085 11115 11138 I art     : Starting a blocking GC Explicit
08-05 13:47:07.123 13996 13996 D AndroidRuntime: >>>>>> START com.android.internal.os.RuntimeInit uid 2000 <<<<<<
08-05 13:47:07.128 13996 13996 D AndroidRuntime: CheckJNI is OFF
08-05 13:47:07.146 11115 11138 I art     : Explicit concurrent mark sweep GC freed 1356(82KB) AllocSpace objects, 1(20KB) LOS objects, 35% free, 29MB/45MB, paused 635us total 60.660ms
08-05 13:47:07.168 11115 11138 I art     : Starting a blocking GC Explicit
08-05 13:47:07.169 13996 13996 D ICU     : No timezone override file found: /data/misc/zoneinfo/current/icu/icu_tzdata.dat
08-05 13:47:07.210 13996 13996 I Radio-JNI: register_android_hardware_Radio DONE
08-05 13:47:07.214 11115 11138 I art     : Explicit concurrent mark sweep GC freed 20(704B) AllocSpace objects, 0(0B) LOS objects, 35% free, 29MB/45MB, paused 544us total 45.661ms
08-05 13:47:07.232 11115 11138 I art     : Starting a blocking GC Explicit
08-05 13:47:07.240 13996 13996 D AndroidRuntime: Calling main entry com.android.commands.input.Input
08-05 13:47:07.242 13996 13996 I Input   : injectMotionEvent: MotionEvent { action=ACTION_DOWN, actionButton=0, id[0]=0, x[0]=600.0, y[0]=1733.0, toolType[0]=TOOL_TYPE_UNKNOWN, buttonState=0, metaState=0, flags=0x0, edgeFlags=0x0, pointerCount=1, historySize=0, eventTime=798443654, downTime=798443654, deviceId=0, source=0x1002 }
08-05 13:47:07.247 13996 13996 I Input   : injectMotionEvent: MotionEvent { action=ACTION_UP, actionButton=0, id[0]=0, x[0]=600.0, y[0]=1733.0, toolType[0]=TOOL_TYPE_UNKNOWN, buttonState=0, metaState=0, flags=0x0, edgeFlags=0x0, pointerCount=1, historySize=0, eventTime=798443654, downTime=798443654, deviceId=0, source=0x1002 }
08-05 13:47:07.248 13996 13996 D AndroidRuntime: Shutting down VM
08-05 13:47:07.258   918  5952 I ActivityManager: START u0 {dat=https://oauth.reddit.com/... cmp=baseline.org.quantumbadger.redreader/.activities.PostListingActivity} from uid 10689 on display 0
08-05 13:47:07.260   512  2967 D audio_hw_primary: out_set_parameters: enter: usecase(1: low-latency-playback) kvpairs: routing=2
08-05 13:47:07.273   512  2967 D audio_hw_primary: select_devices: out_snd_device(2: speaker) in_snd_device(0: none)
08-05 13:47:07.273   512  2967 D msm8974_platform: platform_send_audio_calibration: sending audio calibration for snd_device(2) acdb_id(15)
08-05 13:47:07.273   512  2967 I soundtrigger: audio_extn_sound_trigger_update_device_status: device 0x2 of type 0 for Event 1
08-05 13:47:07.280 11115 11138 I art     : Explicit concurrent mark sweep GC freed 117(4KB) AllocSpace objects, 0(0B) LOS objects, 35% free, 29MB/45MB, paused 742us total 47.783ms
08-05 13:47:07.284 11115 11115 I AppCompatViewInflater: app:theme is now deprecated. Please move to using android:theme instead.
08-05 13:47:07.287   512  2967 D audio_hw_primary: enable_snd_device: snd_device(2: speaker)
08-05 13:47:07.289   512  2967 D audio_hw_primary: enable_audio_route: apply and update mixer path: low-latency-playback speaker
08-05 13:47:07.298 11115 11138 I art     : Starting a blocking GC Explicit
08-05 13:47:07.312 11115 14021 D OK      : calling: https://oauth.reddit.com/r/aww/about.json
08-05 13:47:07.341 11115 11138 I art     : Explicit concurrent mark sweep GC freed 831(73KB) AllocSpace objects, 0(0B) LOS objects, 35% free, 29MB/45MB, paused 579us total 43.386ms
08-05 13:47:07.359 11115 11138 I art     : Starting a blocking GC Explicit
08-05 13:47:07.372   918   936 I ActivityManager: Displayed baseline.org.quantumbadger.redreader/.activities.PostListingActivity: +104ms
08-05 13:47:07.373 13866 13866 I GoogleInputMethodServic: GoogleInputMethodService.onFinishInput():3138 
08-05 13:47:07.374 13866 13866 I GoogleInputMethodServic: GoogleInputMethodService.onStartInput():1808 
08-05 13:47:07.403 11115 11138 I art     : Explicit concurrent mark sweep GC freed 1038(45KB) AllocSpace objects, 0(0B) LOS objects, 35% free, 29MB/45MB, paused 618us total 43.907ms
08-05 13:47:07.607   380   380 W SurfaceFlinger: couldn't log to binary event log: overflow.
08-05 13:47:07.610 11115 14021 I NAPPA_EXPERIMENTATION: MetricNetworkRequestExecutionTime: REQUEST_DURATION_SYSTEM='298',REQUEST_DURATION_OKHTTP='149',REQUEST_SYNCHRONOUS='TRUE',RESPONSE_CODE='200',RESPONSE_METHOD='GET',RESPONSE_LENGTH_OKHTTP='-1',RESPONSE_LENGTH_HEADER='3478',REQUEST_PROTOCOL='h2',REQUEST_URL='https://oauth.reddit.com/r/aww/about.json',
08-05 13:47:07.610 11115 14021 D OK      : request got status: 200
08-05 13:47:07.699 11115 11126 I art     : Starting a blocking GC Explicit
08-05 13:47:07.743 11115 11126 I art     : Explicit concurrent mark sweep GC freed 5154(391KB) AllocSpace objects, 3(156KB) LOS objects, 35% free, 29MB/45MB, paused 701us total 44.367ms
08-05 13:47:07.761 11115 11126 I art     : Starting a blocking GC Explicit
08-05 13:47:07.806 11115 11126 I art     : Explicit concurrent mark sweep GC freed 326(15KB) AllocSpace objects, 0(0B) LOS objects, 35% free, 29MB/45MB, paused 576us total 44.087ms
08-05 13:47:07.818   512  2967 D audio_hw_primary: disable_audio_route: reset and update mixer path: low-latency-playback speaker
08-05 13:47:07.819   512  2967 D audio_hw_primary: disable_snd_device: snd_device(2: speaker)
08-05 13:47:07.824 11115 11126 I art     : Starting a blocking GC Explicit
08-05 13:47:07.827   512  2967 I soundtrigger: audio_extn_sound_trigger_update_device_status: device 0x2 of type 0 for Event 0
08-05 13:47:07.831   518   646 I ThermalEngine: ACTION: GPU - Setting GPU[0] to 510000000
08-05 13:47:07.867 11115 11126 I art     : Explicit concurrent mark sweep GC freed 3(96B) AllocSpace objects, 0(0B) LOS objects, 35% free, 29MB/45MB, paused 595us total 43.571ms
08-05 13:47:07.882 11115 11126 I art     : Starting a blocking GC Explicit
08-05 13:47:07.918 11115 11126 I art     : Explicit concurrent mark sweep GC freed 9(304B) AllocSpace objects, 0(0B) LOS objects, 35% free, 29MB/45MB, paused 694us total 36.613ms
08-05 13:47:07.932 11115 11126 I art     : Starting a blocking GC Explicit
08-05 13:47:07.968 11115 11126 I art     : Explicit concurrent mark sweep GC freed 32(1360B) AllocSpace objects, 0(0B) LOS objects, 35% free, 29MB/45MB, paused 419us total 36.310ms
08-05 13:47:08.277 11115 11412 I art     : Starting a blocking GC Explicit
08-05 13:47:08.318 11115 11412 I art     : Explicit concurrent mark sweep GC freed 1380(83KB) AllocSpace objects, 1(20KB) LOS objects, 35% free, 29MB/45MB, paused 455us total 40.539ms
08-05 13:47:08.333 11115 11412 I art     : Starting a blocking GC Explicit
08-05 13:47:08.370 11115 11412 I art     : Explicit concurrent mark sweep GC freed 20(704B) AllocSpace objects, 0(0B) LOS objects, 35% free, 29MB/45MB, paused 425us total 36.724ms
08-05 13:47:08.384 11115 11412 I art     : Starting a blocking GC Explicit
08-05 13:47:08.422 11115 11412 I art     : Explicit concurrent mark sweep GC freed 3(96B) AllocSpace objects, 0(0B) LOS objects, 35% free, 29MB/45MB, paused 445us total 37.688ms
08-05 13:47:08.437 11115 11412 I art     : Starting a blocking GC Explicit
08-05 13:47:08.474 11115 11412 I art     : Explicit concurrent mark sweep GC freed 3(96B) AllocSpace objects, 0(0B) LOS objects, 35% free, 29MB/45MB, paused 411us total 37.664ms
08-05 13:47:08.489 11115 11412 I art     : Starting a blocking GC Explicit
08-05 13:47:08.510 11115 14045 D OK      : calling: https://oauth.reddit.com/r/aww/hot/.json
08-05 13:47:08.527 11115 11412 I art     : Explicit concurrent mark sweep GC freed 94(3KB) AllocSpace objects, 0(0B) LOS objects, 35% free, 29MB/45MB, paused 531us total 37.947ms
08-05 13:47:08.726 11115 14045 I NAPPA_EXPERIMENTATION: MetricNetworkRequestExecutionTime: REQUEST_DURATION_SYSTEM='216',REQUEST_DURATION_OKHTTP='211',REQUEST_SYNCHRONOUS='TRUE',RESPONSE_CODE='200',RESPONSE_METHOD='GET',RESPONSE_LENGTH_OKHTTP='-1',RESPONSE_LENGTH_HEADER='33430',REQUEST_PROTOCOL='h2',REQUEST_URL='https://oauth.reddit.com/r/aww/hot/.json',
08-05 13:47:08.726 11115 14045 D OK      : request got status: 200
08-05 13:47:08.742 11115 11693 I PostListingFragment: Precaching images: OFF
08-05 13:47:08.742 11115 11693 I PostListingFragment: Precaching comments: OFF
08-05 13:47:08.753 11115 14056 D OK      : calling: https://b.thumbs.redditmedia.com/CKInrczASoQbNvSBStGz11Tok0uCyQoxmZ02sOE37sQ.jpg
08-05 13:47:08.763 11115 14057 D OK      : calling: https://a.thumbs.redditmedia.com/sKVnLbatvJCZOE2ooe6CgiEftOB3ukgPMdcydbk9CZ4.jpg
08-05 13:47:08.765 11115 11693 I getImgurImageInfo: Image NSO7Npm: trying API v3 with auth
08-05 13:47:08.767 11115 14058 D OK      : calling: https://api.gfycat.com/v1/gfycats/deadlygravecavy
08-05 13:47:08.771 11115 14059 D OK      : calling: https://a.thumbs.redditmedia.com/dFt2-stQJkfZ8O7r7ywG9GQsF08fZXxEJfQtAmiJ-F8.jpg
08-05 13:47:08.775 11115 14060 D OK      : calling: https://api.imgur.com/3/image/NSO7Npm
08-05 13:47:08.780 11115 14061 D OK      : calling: https://b.thumbs.redditmedia.com/1cAaKl6LkrikiRbLsBzzOvufKqRKuPi3wgjUkX8axkI.jpg
08-05 13:47:08.783 11115 14062 D OK      : calling: https://v.redd.it/fkewv2f65kd51/DASHPlaylist.mpd
08-05 13:47:08.786 11115 14063 D OK      : calling: https://b.thumbs.redditmedia.com/NUqJWcobH7ToYhCM0w6nnAFZ46ymm9vPD25BC3s7Wco.jpg
08-05 13:47:08.789 11115 14064 D OK      : calling: https://b.thumbs.redditmedia.com/bUY4al781EZ3q7hUlnLebemHCXE3e63_SSxl2uo4Q4A.jpg
08-05 13:47:08.797 11115 14065 D OK      : calling: https://b.thumbs.redditmedia.com/tTmEfIrujbsvZXbhNSQS6Pc7o7ShCaGqZHbYf7nWdfg.jpg
08-05 13:47:08.805 11115 14066 D OK      : calling: https://b.thumbs.redditmedia.com/_H8tFMmL5-3GrxYkCtMSHiyNfjbX8pxctOw_vrzyw7o.jpg
08-05 13:47:08.805 11115 14067 D OK      : calling: https://api.gfycat.com/v1/gfycats/altruisticthankfulankolewatusi
08-05 13:47:08.810 11115 14069 D OK      : calling: https://b.thumbs.redditmedia.com/N6fiqTp8nJD2l7sUz4nij7j1yHYMTKaflUIrn8E2bAU.jpg
08-05 13:47:08.813 11115 14068 D OK      : calling: https://b.thumbs.redditmedia.com/JTSWFy2_tijPk6cA5noKDydEAMkMJcDmKQTSX178zwc.jpg
08-05 13:47:08.816 11115 14070 D OK      : calling: https://v.redd.it/ak6rer1hskd51/DASHPlaylist.mpd
08-05 13:47:08.822 11115 14071 D OK      : calling: https://b.thumbs.redditmedia.com/HkEQtny0bE4H3dMCd_woPsLAXBoPwp_DZ4ioFNIQLKk.jpg
08-05 13:47:08.828 11115 14072 D OK      : calling: https://b.thumbs.redditmedia.com/lVNra-iScxkYcYtSstJ-7J7pRAUDRXIwwJhsen1ZK9g.jpg
08-05 13:47:08.835   518   646 I ThermalEngine: ACTION: GPU - Setting GPU[0] to 450000000
08-05 13:47:08.836 11115 14073 D OK      : calling: https://b.thumbs.redditmedia.com/lQKqDneXS8E7ZBD9cUQy4OqOt8PuTneSvVFtnU0pwCE.jpg
08-05 13:47:08.840 11115 14074 D OK      : calling: https://b.thumbs.redditmedia.com/X3yyAViE0gxiHR-kf9Z5xmLa8dKsm8iWJyKdWNVtOhU.jpg
08-05 13:47:08.842 11115 14075 D OK      : calling: https://b.thumbs.redditmedia.com/Bx9FZp8_w10DfFUf_mqVPMfu4Y0h2lo41Dh4tl2eNeQ.jpg
08-05 13:47:08.849 11115 14076 D OK      : calling: https://a.thumbs.redditmedia.com/KpcC72KH04Be3BqxmFbv_Gz7LCy-24GU-70or3KCdJ4.jpg
08-05 13:47:08.851 11115 14077 D OK      : calling: https://a.thumbs.redditmedia.com/cEOtajy3CAQrjwSA3hhSqnPx8bfkRzglo7Lz1SBTmE0.jpg
08-05 13:47:08.852 11115 14078 D OK      : calling: https://b.thumbs.redditmedia.com/RrJbRRjFZWmckrONtkPTloJh52FfqD_XkLMuYuuQvAg.jpg
08-05 13:47:08.859 11115 14079 D OK      : calling: https://b.thumbs.redditmedia.com/chqK3f9u3D7UmfrGP85f4sOQFihMk6q7fFSeMyWs_7E.jpg
08-05 13:47:08.862 11115 14080 D OK      : calling: https://b.thumbs.redditmedia.com/B18Vu5Jw71XCkFOFHimnUC42ya8apHsmcCW-HFmtb6w.jpg
08-05 13:47:08.864 11115 14082 D OK      : calling: https://b.thumbs.redditmedia.com/iZuzjufMpYUYtQRLjRwce4RDb6JYsId95_iezR2Uc0w.jpg
08-05 13:47:08.867 11115 14083 D OK      : calling: https://api.gfycat.com/v1/gfycats/foolhardysparklinglarva
08-05 13:47:08.870 11115 14084 D OK      : calling: https://v.redd.it/h49fg58ygjd51/DASHPlaylist.mpd
08-05 13:47:08.874 11115 14085 D OK      : calling: https://v.redd.it/1ewzkieg0jd51/DASHPlaylist.mpd
08-05 13:47:08.883 11115 14086 D OK      : calling: https://b.thumbs.redditmedia.com/XNb1kfskabGDLMqv661Q22hBtCb8w5oyePDcFaZi9aY.jpg
08-05 13:47:08.883 11115 14087 D OK      : calling: https://b.thumbs.redditmedia.com/lMqJbh1Z40ffemA0TnSfVnovznn4hvJNue60AsJ-ETs.jpg
08-05 13:47:08.886 11115 14088 D OK      : calling: https://b.thumbs.redditmedia.com/x5l4cICw0WNNvslt5FqVjwj89XrGjrXnNbaSyQRAyCo.jpg
08-05 13:47:08.889 11115 14089 D OK      : calling: https://b.thumbs.redditmedia.com/189nmwjW7eGWBD0J-cxzsUac1V1ZWGzMFC66inY4u4Y.jpg
08-05 13:47:08.892 11115 14090 D OK      : calling: https://v.redd.it/ppmhu2r9thd51/DASHPlaylist.mpd
08-05 13:47:08.904 11115 14091 D OK      : calling: https://b.thumbs.redditmedia.com/d_-UsfmKASoIHi4vZyyjvvwFtm1S7-DEi9AQPOnGIgY.jpg
08-05 13:47:08.916 11115 14092 D OK      : calling: https://v.redd.it/s9qqadf3mid51/DASHPlaylist.mpd
08-05 13:47:08.918 11115 14093 D OK      : calling: https://v.redd.it/b8vazlcb7ld51/DASHPlaylist.mpd
08-05 13:47:08.918 11115 11597 I art     : Starting a blocking GC Explicit
08-05 13:47:08.929 11115 14095 D OK      : calling: https://v.redd.it/ar5k8892pid51/DASHPlaylist.mpd
08-05 13:47:08.936 11115 14094 D OK      : calling: https://v.redd.it/ty24o02m1hd51/DASHPlaylist.mpd
08-05 13:47:08.983 11115 11597 I art     : Explicit concurrent mark sweep GC freed 48416(2MB) AllocSpace objects, 3(156KB) LOS objects, 34% free, 30MB/46MB, paused 3.240ms total 64.996ms
08-05 13:47:09.001 11115 11597 I art     : Starting a blocking GC Explicit
08-05 13:47:09.027 11115 11115 W RecyclerView: Cannot call this method in a scroll callback. Scroll callbacks mightbe run during a measure & layout pass where you cannot change theRecyclerView data. Any method call that might change the structureof the RecyclerView or the adapter contents should be postponed tothe next frame.
08-05 13:47:09.027 11115 11115 W RecyclerView: java.lang.IllegalStateException:  androidx.recyclerview.widget.RecyclerView{1d560f7 VFED..... .F....ID 0,0-1440,2140 #7f0900ef app:id/scrollbar_recyclerview_recyclerview}, adapter:baseline.org.quantumbadger.redreader.adapters.GroupedRecyclerViewAdapter@16fbb64, layout:androidx.recyclerview.widget.LinearLayoutManager@b0371cd, context:baseline.org.quantumbadger.redreader.activities.PostListingActivity@e2a4c20
08-05 13:47:09.027 11115 11115 W RecyclerView: 	at androidx.recyclerview.widget.RecyclerView.assertNotInLayoutOrScroll(RecyclerView.java:3061)
08-05 13:47:09.027 11115 11115 W RecyclerView: 	at androidx.recyclerview.widget.RecyclerView$RecyclerViewDataObserver.onItemRangeInserted(RecyclerView.java:5555)
08-05 13:47:09.027 11115 11115 W RecyclerView: 	at androidx.recyclerview.widget.RecyclerView$AdapterDataObservable.notifyItemRangeInserted(RecyclerView.java:12278)
08-05 13:47:09.027 11115 11115 W RecyclerView: 	at androidx.recyclerview.widget.RecyclerView$Adapter.notifyItemInserted(RecyclerView.java:7464)
08-05 13:47:09.027 11115 11115 W RecyclerView: 	at baseline.org.quantumbadger.redreader.adapters.GroupedRecyclerViewAdapter.updateHiddenStatus(GroupedRecyclerViewAdapter.java:279)
08-05 13:47:09.027 11115 11115 W RecyclerView: 	at baseline.org.quantumbadger.redreader.adapters.RedditListingManager.setLoadingVisible(RedditListingManager.java:125)
08-05 13:47:09.027 11115 11115 W RecyclerView: 	at baseline.org.quantumbadger.redreader.fragments.PostListingFragment.onLoadMoreItemsCheck(PostListingFragment.java:465)
08-05 13:47:09.027 11115 11115 W RecyclerView: 	at baseline.org.quantumbadger.redreader.fragments.PostListingFragment.access$000(PostListingFragment.java:98)
08-05 13:47:09.027 11115 11115 W RecyclerView: 	at baseline.org.quantumbadger.redreader.fragments.PostListingFragment$2.onScrolled(PostListingFragment.java:215)
08-05 13:47:09.027 11115 11115 W RecyclerView: 	at androidx.recyclerview.widget.RecyclerView.dispatchOnScrolled(RecyclerView.java:5173)
08-05 13:47:09.027 11115 11115 W RecyclerView: 	at androidx.recyclerview.widget.RecyclerView.dispatchLayoutStep3(RecyclerView.java:4231)
08-05 13:47:09.027 11115 11115 W RecyclerView: 	at androidx.recyclerview.widget.RecyclerView.dispatchLayout(RecyclerView.java:3862)
08-05 13:47:09.027 11115 11115 W RecyclerView: 	at androidx.recyclerview.widget.RecyclerView.consumePendingUpdateOperations(RecyclerView.java:1897)
08-05 13:47:09.027 11115 11115 W RecyclerView: 	at androidx.recyclerview.widget.RecyclerView$1.run(RecyclerView.java:414)
08-05 13:47:09.027 11115 11115 W RecyclerView: 	at android.view.Choreographer$CallbackRecord.run(Choreographer.java:858)
08-05 13:47:09.027 11115 11115 W RecyclerView: 	at android.view.Choreographer.doCallbacks(Choreographer.java:670)
08-05 13:47:09.027 11115 11115 W RecyclerView: 	at android.view.Choreographer.doFrame(Choreographer.java:603)
08-05 13:47:09.027 11115 11115 W RecyclerView: 	at android.view.Choreographer$FrameDisplayEventReceiver.run(Choreographer.java:844)
08-05 13:47:09.027 11115 11115 W RecyclerView: 	at android.os.Handler.handleCallback(Handler.java:739)
08-05 13:47:09.027 11115 11115 W RecyclerView: 	at android.os.Handler.dispatchMessage(Handler.java:95)
08-05 13:47:09.027 11115 11115 W RecyclerView: 	at android.os.Looper.loop(Looper.java:148)
08-05 13:47:09.027 11115 11115 W RecyclerView: 	at android.app.ActivityThread.main(ActivityThread.java:5417)
08-05 13:47:09.027 11115 11115 W RecyclerView: 	at java.lang.reflect.Method.invoke(Native Method)
08-05 13:47:09.027 11115 11115 W RecyclerView: 	at com.android.internal.os.ZygoteInit$MethodAndArgsCaller.run(ZygoteInit.java:726)
08-05 13:47:09.027 11115 11115 W RecyclerView: 	at com.android.internal.os.ZygoteInit.main(ZygoteInit.java:616)
08-05 13:47:09.057 11115 11597 I art     : Explicit concurrent mark sweep GC freed 4077(255KB) AllocSpace objects, 0(0B) LOS objects, 34% free, 30MB/46MB, paused 2.774ms total 55.506ms
08-05 13:47:09.077 11115 11597 I art     : Starting a blocking GC Explicit
08-05 13:47:09.134 11115 11597 I art     : Explicit concurrent mark sweep GC freed 2319(160KB) AllocSpace objects, 0(0B) LOS objects, 34% free, 30MB/46MB, paused 3.002ms total 56.731ms
08-05 13:47:09.153 11115 11597 I art     : Starting a blocking GC Explicit
08-05 13:47:09.208 11115 11597 I art     : Explicit concurrent mark sweep GC freed 870(129KB) AllocSpace objects, 0(0B) LOS objects, 34% free, 30MB/46MB, paused 2.713ms total 54.820ms
08-05 13:47:09.229 11115 11597 I art     : Starting a blocking GC Explicit
08-05 13:47:09.288 11115 11597 I art     : Explicit concurrent mark sweep GC freed 17008(715KB) AllocSpace objects, 0(0B) LOS objects, 34% free, 30MB/46MB, paused 3.398ms total 58.845ms
08-05 13:47:09.582 11115 14056 I NAPPA_EXPERIMENTATION: MetricNetworkRequestExecutionTime: REQUEST_DURATION_SYSTEM='829',REQUEST_DURATION_OKHTTP='460',REQUEST_SYNCHRONOUS='TRUE',RESPONSE_CODE='200',RESPONSE_METHOD='GET',RESPONSE_LENGTH_OKHTTP='3891',RESPONSE_LENGTH_HEADER='3891',REQUEST_PROTOCOL='h2',REQUEST_URL='https://b.thumbs.redditmedia.com/CKInrczASoQbNvSBStGz11Tok0uCyQoxmZ02sOE37sQ.jpg',
08-05 13:47:09.583 11115 14056 D OK      : request got status: 200
08-05 13:47:09.641 11115 11412 I art     : Starting a blocking GC Explicit
08-05 13:47:09.686 11115 14062 I NAPPA_EXPERIMENTATION: MetricNetworkRequestExecutionTime: REQUEST_DURATION_SYSTEM='903',REQUEST_DURATION_OKHTTP='449',REQUEST_SYNCHRONOUS='TRUE',RESPONSE_CODE='200',RESPONSE_METHOD='GET',RESPONSE_LENGTH_OKHTTP='2700',RESPONSE_LENGTH_HEADER='2700',REQUEST_PROTOCOL='h2',REQUEST_URL='https://v.redd.it/fkewv2f65kd51/DASHPlaylist.mpd',
08-05 13:47:09.686 11115 14062 D OK      : request got status: 200
08-05 13:47:09.705 11115 11412 I art     : Explicit concurrent mark sweep GC freed 41696(2MB) AllocSpace objects, 5(208KB) LOS objects, 34% free, 30MB/46MB, paused 2.780ms total 63.752ms
08-05 13:47:09.711 11115 14137 D OK      : calling: https://oauth.reddit.com/r/aww/hot/.json?after=t3_hz5odc
08-05 13:47:09.724 11115 11412 I art     : Starting a blocking GC Explicit
08-05 13:47:09.732 11115 14064 I NAPPA_EXPERIMENTATION: MetricNetworkRequestExecutionTime: REQUEST_DURATION_SYSTEM='943',REQUEST_DURATION_OKHTTP='483',REQUEST_SYNCHRONOUS='TRUE',RESPONSE_CODE='200',RESPONSE_METHOD='GET',RESPONSE_LENGTH_OKHTTP='6131',RESPONSE_LENGTH_HEADER='6131',REQUEST_PROTOCOL='h2',REQUEST_URL='https://b.thumbs.redditmedia.com/bUY4al781EZ3q7hUlnLebemHCXE3e63_SSxl2uo4Q4A.jpg',
08-05 13:47:09.732 11115 14064 D OK      : request got status: 200
08-05 13:47:09.768 11115 14062 I RedditVideosAPI: For 'https://v.redd.it/fkewv2f65kd51/DASHPlaylist.mpd', got video stream 'https://v.redd.it/fkewv2f65kd51/DASH_480' and audio stream 'https://v.redd.it/fkewv2f65kd51/audio'
08-05 13:47:09.778 11115 11412 I art     : Explicit concurrent mark sweep GC freed 6851(383KB) AllocSpace objects, 3(204KB) LOS objects, 34% free, 30MB/46MB, paused 2.757ms total 54.018ms
08-05 13:47:09.795 11115 14057 I NAPPA_EXPERIMENTATION: MetricNetworkRequestExecutionTime: REQUEST_DURATION_SYSTEM='1031',REQUEST_DURATION_OKHTTP='540',REQUEST_SYNCHRONOUS='TRUE',RESPONSE_CODE='200',RESPONSE_METHOD='GET',RESPONSE_LENGTH_OKHTTP='4487',RESPONSE_LENGTH_HEADER='4487',REQUEST_PROTOCOL='h2',REQUEST_URL='https://a.thumbs.redditmedia.com/sKVnLbatvJCZOE2ooe6CgiEftOB3ukgPMdcydbk9CZ4.jpg',
08-05 13:47:09.795 11115 14057 D OK      : request got status: 200
08-05 13:47:09.798 11115 11412 I art     : Starting a blocking GC Explicit
08-05 13:47:09.832 11115 14063 I NAPPA_EXPERIMENTATION: MetricNetworkRequestExecutionTime: REQUEST_DURATION_SYSTEM='1046',REQUEST_DURATION_OKHTTP='562',REQUEST_SYNCHRONOUS='TRUE',RESPONSE_CODE='200',RESPONSE_METHOD='GET',RESPONSE_LENGTH_OKHTTP='6242',RESPONSE_LENGTH_HEADER='6242',REQUEST_PROTOCOL='h2',REQUEST_URL='https://b.thumbs.redditmedia.com/NUqJWcobH7ToYhCM0w6nnAFZ46ymm9vPD25BC3s7Wco.jpg',
08-05 13:47:09.832 11115 14063 D OK      : request got status: 200
08-05 13:47:09.853 11115 11412 I art     : Explicit concurrent mark sweep GC freed 14158(647KB) AllocSpace objects, 3(204KB) LOS objects, 34% free, 30MB/46MB, paused 2.482ms total 55.207ms
08-05 13:47:09.855 11115 14061 I NAPPA_EXPERIMENTATION: MetricNetworkRequestExecutionTime: REQUEST_DURATION_SYSTEM='1075',REQUEST_DURATION_OKHTTP='576',REQUEST_SYNCHRONOUS='TRUE',RESPONSE_CODE='200',RESPONSE_METHOD='GET',RESPONSE_LENGTH_OKHTTP='5113',RESPONSE_LENGTH_HEADER='5113',REQUEST_PROTOCOL='h2',REQUEST_URL='https://b.thumbs.redditmedia.com/1cAaKl6LkrikiRbLsBzzOvufKqRKuPi3wgjUkX8axkI.jpg',
08-05 13:47:09.856 11115 14061 D OK      : request got status: 200
08-05 13:47:09.870 11115 14059 I NAPPA_EXPERIMENTATION: MetricNetworkRequestExecutionTime: REQUEST_DURATION_SYSTEM='1099',REQUEST_DURATION_OKHTTP='611',REQUEST_SYNCHRONOUS='TRUE',RESPONSE_CODE='200',RESPONSE_METHOD='GET',RESPONSE_LENGTH_OKHTTP='6530',RESPONSE_LENGTH_HEADER='6530',REQUEST_PROTOCOL='h2',REQUEST_URL='https://a.thumbs.redditmedia.com/dFt2-stQJkfZ8O7r7ywG9GQsF08fZXxEJfQtAmiJ-F8.jpg',
08-05 13:47:09.870 11115 14059 D OK      : request got status: 200
08-05 13:47:09.872 11115 11412 I art     : Starting a blocking GC Explicit
08-05 13:47:09.911 11115 14066 I NAPPA_EXPERIMENTATION: MetricNetworkRequestExecutionTime: REQUEST_DURATION_SYSTEM='1106',REQUEST_DURATION_OKHTTP='623',REQUEST_SYNCHRONOUS='TRUE',RESPONSE_CODE='200',RESPONSE_METHOD='GET',RESPONSE_LENGTH_OKHTTP='6434',RESPONSE_LENGTH_HEADER='6434',REQUEST_PROTOCOL='h2',REQUEST_URL='https://b.thumbs.redditmedia.com/_H8tFMmL5-3GrxYkCtMSHiyNfjbX8pxctOw_vrzyw7o.jpg',
08-05 13:47:09.911 11115 14066 D OK      : request got status: 200
08-05 13:47:09.922 11115 11412 I art     : Explicit concurrent mark sweep GC freed 1948(296KB) AllocSpace objects, 12(800KB) LOS objects, 34% free, 30MB/46MB, paused 2.133ms total 50.165ms
08-05 13:47:09.932 11115 14065 I NAPPA_EXPERIMENTATION: MetricNetworkRequestExecutionTime: REQUEST_DURATION_SYSTEM='1135',REQUEST_DURATION_OKHTTP='639',REQUEST_SYNCHRONOUS='TRUE',RESPONSE_CODE='200',RESPONSE_METHOD='GET',RESPONSE_LENGTH_OKHTTP='5439',RESPONSE_LENGTH_HEADER='5439',REQUEST_PROTOCOL='h2',REQUEST_URL='https://b.thumbs.redditmedia.com/tTmEfIrujbsvZXbhNSQS6Pc7o7ShCaGqZHbYf7nWdfg.jpg',
08-05 13:47:09.932 11115 14065 D OK      : request got status: 200
08-05 13:47:09.935 11115 14072 I NAPPA_EXPERIMENTATION: MetricNetworkRequestExecutionTime: REQUEST_DURATION_SYSTEM='1107',REQUEST_DURATION_OKHTTP='633',REQUEST_SYNCHRONOUS='TRUE',RESPONSE_CODE='200',RESPONSE_METHOD='GET',RESPONSE_LENGTH_OKHTTP='4018',RESPONSE_LENGTH_HEADER='4018',REQUEST_PROTOCOL='h2',REQUEST_URL='https://b.thumbs.redditmedia.com/lVNra-iScxkYcYtSstJ-7J7pRAUDRXIwwJhsen1ZK9g.jpg',
08-05 13:47:09.935 11115 14072 D OK      : request got status: 200
08-05 13:47:09.940 11115 11412 I art     : Starting a blocking GC Explicit
08-05 13:47:09.947 11115 14070 I NAPPA_EXPERIMENTATION: MetricNetworkRequestExecutionTime: REQUEST_DURATION_SYSTEM='1131',REQUEST_DURATION_OKHTTP='575',REQUEST_SYNCHRONOUS='TRUE',RESPONSE_CODE='200',RESPONSE_METHOD='GET',RESPONSE_LENGTH_OKHTTP='1713',RESPONSE_LENGTH_HEADER='1713',REQUEST_PROTOCOL='h2',REQUEST_URL='https://v.redd.it/ak6rer1hskd51/DASHPlaylist.mpd',
08-05 13:47:09.947 11115 14070 D OK      : request got status: 200
08-05 13:47:09.986 11115 14060 I NAPPA_EXPERIMENTATION: MetricNetworkRequestExecutionTime: REQUEST_DURATION_SYSTEM='1211',REQUEST_DURATION_OKHTTP='712',REQUEST_SYNCHRONOUS='TRUE',RESPONSE_CODE='200',RESPONSE_METHOD='GET',RESPONSE_LENGTH_OKHTTP='-1',RESPONSE_LENGTH_HEADER='379',REQUEST_PROTOCOL='h2',REQUEST_URL='https://api.imgur.com/3/image/NSO7Npm',
08-05 13:47:09.986 11115 14060 D OK      : request got status: 200
08-05 13:47:09.987 11115 14075 I NAPPA_EXPERIMENTATION: MetricNetworkRequestExecutionTime: REQUEST_DURATION_SYSTEM='1145',REQUEST_DURATION_OKHTTP='621',REQUEST_SYNCHRONOUS='TRUE',RESPONSE_CODE='200',RESPONSE_METHOD='GET',RESPONSE_LENGTH_OKHTTP='5207',RESPONSE_LENGTH_HEADER='5207',REQUEST_PROTOCOL='h2',REQUEST_URL='https://b.thumbs.redditmedia.com/Bx9FZp8_w10DfFUf_mqVPMfu4Y0h2lo41Dh4tl2eNeQ.jpg',
08-05 13:47:09.987 11115 14075 D OK      : request got status: 200
08-05 13:47:09.991 11115 11412 I art     : Explicit concurrent mark sweep GC freed 1788(184KB) AllocSpace objects, 11(484KB) LOS objects, 33% free, 32MB/48MB, paused 2.195ms total 51.005ms
08-05 13:47:10.015 11115 14070 I RedditVideosAPI: For 'https://v.redd.it/ak6rer1hskd51/DASHPlaylist.mpd', got video stream 'https://v.redd.it/ak6rer1hskd51/DASH_360' and audio stream 'null'
08-05 13:47:10.038 11115 14068 I NAPPA_EXPERIMENTATION: MetricNetworkRequestExecutionTime: REQUEST_DURATION_SYSTEM='1225',REQUEST_DURATION_OKHTTP='661',REQUEST_SYNCHRONOUS='TRUE',RESPONSE_CODE='200',RESPONSE_METHOD='GET',RESPONSE_LENGTH_OKHTTP='6634',RESPONSE_LENGTH_HEADER='6634',REQUEST_PROTOCOL='h2',REQUEST_URL='https://b.thumbs.redditmedia.com/JTSWFy2_tijPk6cA5noKDydEAMkMJcDmKQTSX178zwc.jpg',
08-05 13:47:10.038 11115 14068 D OK      : request got status: 200
08-05 13:47:10.039 11115 14077 I NAPPA_EXPERIMENTATION: MetricNetworkRequestExecutionTime: REQUEST_DURATION_SYSTEM='1187',REQUEST_DURATION_OKHTTP='657',REQUEST_SYNCHRONOUS='TRUE',RESPONSE_CODE='200',RESPONSE_METHOD='GET',RESPONSE_LENGTH_OKHTTP='5648',RESPONSE_LENGTH_HEADER='5648',REQUEST_PROTOCOL='h2',REQUEST_URL='https://a.thumbs.redditmedia.com/cEOtajy3CAQrjwSA3hhSqnPx8bfkRzglo7Lz1SBTmE0.jpg',
08-05 13:47:10.039 11115 14077 D OK      : request got status: 200
08-05 13:47:10.075 11115 14069 I NAPPA_EXPERIMENTATION: MetricNetworkRequestExecutionTime: REQUEST_DURATION_SYSTEM='1264',REQUEST_DURATION_OKHTTP='696',REQUEST_SYNCHRONOUS='TRUE',RESPONSE_CODE='200',RESPONSE_METHOD='GET',RESPONSE_LENGTH_OKHTTP='7265',RESPONSE_LENGTH_HEADER='7265',REQUEST_PROTOCOL='h2',REQUEST_URL='https://b.thumbs.redditmedia.com/N6fiqTp8nJD2l7sUz4nij7j1yHYMTKaflUIrn8E2bAU.jpg',
08-05 13:47:10.075 11115 14069 D OK      : request got status: 200
08-05 13:47:10.140 11115 14084 I NAPPA_EXPERIMENTATION: MetricNetworkRequestExecutionTime: REQUEST_DURATION_SYSTEM='1270',REQUEST_DURATION_OKHTTP='668',REQUEST_SYNCHRONOUS='TRUE',RESPONSE_CODE='200',RESPONSE_METHOD='GET',RESPONSE_LENGTH_OKHTTP='2429',RESPONSE_LENGTH_HEADER='2429',REQUEST_PROTOCOL='h2',REQUEST_URL='https://v.redd.it/h49fg58ygjd51/DASHPlaylist.mpd',
08-05 13:47:10.140 11115 14084 D OK      : request got status: 200
08-05 13:47:10.146 11115 14058 I NAPPA_EXPERIMENTATION: MetricNetworkRequestExecutionTime: REQUEST_DURATION_SYSTEM='1378',REQUEST_DURATION_OKHTTP='750',REQUEST_SYNCHRONOUS='TRUE',RESPONSE_CODE='200',RESPONSE_METHOD='GET',RESPONSE_LENGTH_OKHTTP='-1',RESPONSE_LENGTH_HEADER='812',REQUEST_PROTOCOL='http/1.1',REQUEST_URL='https://api.gfycat.com/v1/gfycats/deadlygravecavy',
08-05 13:47:10.146 11115 14058 D OK      : request got status: 200
08-05 13:47:10.175 11115 14084 I RedditVideosAPI: For 'https://v.redd.it/h49fg58ygjd51/DASHPlaylist.mpd', got video stream 'https://v.redd.it/h49fg58ygjd51/DASH_480' and audio stream 'null'
08-05 13:47:10.218 11115 14073 I NAPPA_EXPERIMENTATION: MetricNetworkRequestExecutionTime: REQUEST_DURATION_SYSTEM='1382',REQUEST_DURATION_OKHTTP='832',REQUEST_SYNCHRONOUS='TRUE',RESPONSE_CODE='200',RESPONSE_METHOD='GET',RESPONSE_LENGTH_OKHTTP='6093',RESPONSE_LENGTH_HEADER='6093',REQUEST_PROTOCOL='h2',REQUEST_URL='https://b.thumbs.redditmedia.com/lQKqDneXS8E7ZBD9cUQy4OqOt8PuTneSvVFtnU0pwCE.jpg',
08-05 13:47:10.218 11115 14073 D OK      : request got status: 200
08-05 13:47:10.236 11115 14085 I NAPPA_EXPERIMENTATION: MetricNetworkRequestExecutionTime: REQUEST_DURATION_SYSTEM='1362',REQUEST_DURATION_OKHTTP='621',REQUEST_SYNCHRONOUS='TRUE',RESPONSE_CODE='200',RESPONSE_METHOD='GET',RESPONSE_LENGTH_OKHTTP='3058',RESPONSE_LENGTH_HEADER='3058',REQUEST_PROTOCOL='h2',REQUEST_URL='https://v.redd.it/1ewzkieg0jd51/DASHPlaylist.mpd',
08-05 13:47:10.236 11115 14085 D OK      : request got status: 200
08-05 13:47:10.257 11115 14071 I NAPPA_EXPERIMENTATION: MetricNetworkRequestExecutionTime: REQUEST_DURATION_SYSTEM='1435',REQUEST_DURATION_OKHTTP='857',REQUEST_SYNCHRONOUS='TRUE',RESPONSE_CODE='200',RESPONSE_METHOD='GET',RESPONSE_LENGTH_OKHTTP='8699',RESPONSE_LENGTH_HEADER='8699',REQUEST_PROTOCOL='h2',REQUEST_URL='https://b.thumbs.redditmedia.com/HkEQtny0bE4H3dMCd_woPsLAXBoPwp_DZ4ioFNIQLKk.jpg',
08-05 13:47:10.257 11115 14071 D OK      : request got status: 200
08-05 13:47:10.263 11115 14085 I RedditVideosAPI: For 'https://v.redd.it/1ewzkieg0jd51/DASHPlaylist.mpd', got video stream 'https://v.redd.it/1ewzkieg0jd51/DASH_480' and audio stream 'https://v.redd.it/1ewzkieg0jd51/audio'
08-05 13:47:10.278 11115 14074 I NAPPA_EXPERIMENTATION: MetricNetworkRequestExecutionTime: REQUEST_DURATION_SYSTEM='1438',REQUEST_DURATION_OKHTTP='833',REQUEST_SYNCHRONOUS='TRUE',RESPONSE_CODE='200',RESPONSE_METHOD='GET',RESPONSE_LENGTH_OKHTTP='7078',RESPONSE_LENGTH_HEADER='7078',REQUEST_PROTOCOL='h2',REQUEST_URL='https://b.thumbs.redditmedia.com/X3yyAViE0gxiHR-kf9Z5xmLa8dKsm8iWJyKdWNVtOhU.jpg',
08-05 13:47:10.278 11115 14083 I NAPPA_EXPERIMENTATION: MetricNetworkRequestExecutionTime: REQUEST_DURATION_SYSTEM='1411',REQUEST_DURATION_OKHTTP='583',REQUEST_SYNCHRONOUS='TRUE',RESPONSE_CODE='200',RESPONSE_METHOD='GET',RESPONSE_LENGTH_OKHTTP='-1',RESPONSE_LENGTH_HEADER='1021',REQUEST_PROTOCOL='http/1.1',REQUEST_URL='https://api.gfycat.com/v1/gfycats/foolhardysparklinglarva',
08-05 13:47:10.278 11115 14074 D OK      : request got status: 200
08-05 13:47:10.278 11115 14083 D OK      : request got status: 200
08-05 13:47:10.291 11115 14067 I NAPPA_EXPERIMENTATION: MetricNetworkRequestExecutionTime: REQUEST_DURATION_SYSTEM='1486',REQUEST_DURATION_OKHTTP='690',REQUEST_SYNCHRONOUS='TRUE',RESPONSE_CODE='200',RESPONSE_METHOD='GET',RESPONSE_LENGTH_OKHTTP='-1',RESPONSE_LENGTH_HEADER='955',REQUEST_PROTOCOL='http/1.1',REQUEST_URL='https://api.gfycat.com/v1/gfycats/altruisticthankfulankolewatusi',
08-05 13:47:10.291 11115 14067 D OK      : request got status: 200
08-05 13:47:10.300 11115 14137 I NAPPA_EXPERIMENTATION: MetricNetworkRequestExecutionTime: REQUEST_DURATION_SYSTEM='589',REQUEST_DURATION_OKHTTP='586',REQUEST_SYNCHRONOUS='TRUE',RESPONSE_CODE='200',RESPONSE_METHOD='GET',RESPONSE_LENGTH_OKHTTP='-1',RESPONSE_LENGTH_HEADER='30610',REQUEST_PROTOCOL='h2',REQUEST_URL='https://oauth.reddit.com/r/aww/hot/.json?after=t3_hz5odc',
08-05 13:47:10.301 11115 14137 D OK      : request got status: 200
08-05 13:47:10.307 11115 11693 I PostListingFragment: Precaching images: OFF
08-05 13:47:10.308 11115 11693 I PostListingFragment: Precaching comments: OFF
08-05 13:47:10.312 11115 14095 I NAPPA_EXPERIMENTATION: MetricNetworkRequestExecutionTime: REQUEST_DURATION_SYSTEM='1383',REQUEST_DURATION_OKHTTP='564',REQUEST_SYNCHRONOUS='TRUE',RESPONSE_CODE='200',RESPONSE_METHOD='GET',RESPONSE_LENGTH_OKHTTP='2342',RESPONSE_LENGTH_HEADER='2342',REQUEST_PROTOCOL='h2',REQUEST_URL='https://v.redd.it/ar5k8892pid51/DASHPlaylist.mpd',
08-05 13:47:10.312 11115 14095 D OK      : request got status: 200
08-05 13:47:10.315 11115 14076 I NAPPA_EXPERIMENTATION: MetricNetworkRequestExecutionTime: REQUEST_DURATION_SYSTEM='1465',REQUEST_DURATION_OKHTTP='639',REQUEST_SYNCHRONOUS='TRUE',RESPONSE_CODE='200',RESPONSE_METHOD='GET',RESPONSE_LENGTH_OKHTTP='4798',RESPONSE_LENGTH_HEADER='4798',REQUEST_PROTOCOL='h2',REQUEST_URL='https://a.thumbs.redditmedia.com/KpcC72KH04Be3BqxmFbv_Gz7LCy-24GU-70or3KCdJ4.jpg',
08-05 13:47:10.315 11115 14076 D OK      : request got status: 200
08-05 13:47:10.319 11115 11127 I art     : Starting a blocking GC Explicit
08-05 13:47:10.333 11115 14079 I NAPPA_EXPERIMENTATION: MetricNetworkRequestExecutionTime: REQUEST_DURATION_SYSTEM='1473',REQUEST_DURATION_OKHTTP='838',REQUEST_SYNCHRONOUS='TRUE',RESPONSE_CODE='200',RESPONSE_METHOD='GET',RESPONSE_LENGTH_OKHTTP='6163',RESPONSE_LENGTH_HEADER='6163',REQUEST_PROTOCOL='h2',REQUEST_URL='https://b.thumbs.redditmedia.com/chqK3f9u3D7UmfrGP85f4sOQFihMk6q7fFSeMyWs_7E.jpg',
08-05 13:47:10.333 11115 14082 I NAPPA_EXPERIMENTATION: MetricNetworkRequestExecutionTime: REQUEST_DURATION_SYSTEM='1469',REQUEST_DURATION_OKHTTP='717',REQUEST_SYNCHRONOUS='TRUE',RESPONSE_CODE='200',RESPONSE_METHOD='GET',RESPONSE_LENGTH_OKHTTP='2861',RESPONSE_LENGTH_HEADER='2861',REQUEST_PROTOCOL='h2',REQUEST_URL='https://b.thumbs.redditmedia.com/iZuzjufMpYUYtQRLjRwce4RDb6JYsId95_iezR2Uc0w.jpg',
08-05 13:47:10.333 11115 14082 D OK      : request got status: 200
08-05 13:47:10.333 11115 14079 D OK      : request got status: 200
08-05 13:47:10.340 11115 14087 I NAPPA_EXPERIMENTATION: MetricNetworkRequestExecutionTime: REQUEST_DURATION_SYSTEM='1456',REQUEST_DURATION_OKHTTP='675',REQUEST_SYNCHRONOUS='TRUE',RESPONSE_CODE='200',RESPONSE_METHOD='GET',RESPONSE_LENGTH_OKHTTP='4249',RESPONSE_LENGTH_HEADER='4249',REQUEST_PROTOCOL='h2',REQUEST_URL='https://b.thumbs.redditmedia.com/lMqJbh1Z40ffemA0TnSfVnovznn4hvJNue60AsJ-ETs.jpg',
08-05 13:47:10.340 11115 14087 D OK      : request got status: 200
08-05 13:47:10.341 11115 14158 D OK      : calling: https://b.thumbs.redditmedia.com/WehZGjN94ALGdO0M7RjPJ2EwcyyWVZ_NUn1Fuf7IYWY.jpg
08-05 13:47:10.347 11115 14159 D OK      : calling: https://b.thumbs.redditmedia.com/Xdo4lcQOwuUNK1yxSlXZ0OI8u23ORAr16_AzfAZ1nvU.jpg
08-05 13:47:10.355 11115 14090 I NAPPA_EXPERIMENTATION: MetricNetworkRequestExecutionTime: REQUEST_DURATION_SYSTEM='1461',REQUEST_DURATION_OKHTTP='535',REQUEST_SYNCHRONOUS='TRUE',RESPONSE_CODE='200',RESPONSE_METHOD='GET',RESPONSE_LENGTH_OKHTTP='2787',RESPONSE_LENGTH_HEADER='2787',REQUEST_PROTOCOL='h2',REQUEST_URL='https://v.redd.it/ppmhu2r9thd51/DASHPlaylist.mpd',
08-05 13:47:10.355 11115 14090 D OK      : request got status: 200
08-05 13:47:10.363 11115 14080 I NAPPA_EXPERIMENTATION: MetricNetworkRequestExecutionTime: REQUEST_DURATION_SYSTEM='1501',REQUEST_DURATION_OKHTTP='860',REQUEST_SYNCHRONOUS='TRUE',RESPONSE_CODE='200',RESPONSE_METHOD='GET',RESPONSE_LENGTH_OKHTTP='8835',RESPONSE_LENGTH_HEADER='8835',REQUEST_PROTOCOL='h2',REQUEST_URL='https://b.thumbs.redditmedia.com/B18Vu5Jw71XCkFOFHimnUC42ya8apHsmcCW-HFmtb6w.jpg',
08-05 13:47:10.363 11115 14080 D OK      : request got status: 200
08-05 13:47:10.372 11115 14092 I NAPPA_EXPERIMENTATION: MetricNetworkRequestExecutionTime: REQUEST_DURATION_SYSTEM='1455',REQUEST_DURATION_OKHTTP='547',REQUEST_SYNCHRONOUS='TRUE',RESPONSE_CODE='200',RESPONSE_METHOD='GET',RESPONSE_LENGTH_OKHTTP='2698',RESPONSE_LENGTH_HEADER='2698',REQUEST_PROTOCOL='h2',REQUEST_URL='https://v.redd.it/s9qqadf3mid51/DASHPlaylist.mpd',
08-05 13:47:10.373 11115 14092 D OK      : request got status: 200
08-05 13:47:10.384 11115 14093 I NAPPA_EXPERIMENTATION: MetricNetworkRequestExecutionTime: REQUEST_DURATION_SYSTEM='1466',REQUEST_DURATION_OKHTTP='553',REQUEST_SYNCHRONOUS='TRUE',RESPONSE_CODE='200',RESPONSE_METHOD='GET',RESPONSE_LENGTH_OKHTTP='3060',RESPONSE_LENGTH_HEADER='3060',REQUEST_PROTOCOL='h2',REQUEST_URL='https://v.redd.it/b8vazlcb7ld51/DASHPlaylist.mpd',
08-05 13:47:10.384 11115 14093 D OK      : request got status: 200
08-05 13:47:10.388 11115 11127 I art     : Explicit concurrent mark sweep GC freed 18959(1546KB) AllocSpace objects, 73(4MB) LOS objects, 31% free, 35MB/51MB, paused 1.976ms total 68.369ms
08-05 13:47:10.396 11115 11693 I getImgurImageInfo: Image nLQR2hT: trying API v3 with auth
08-05 13:47:10.406 11115 11127 I art     : Starting a blocking GC Explicit
08-05 13:47:10.406 11115 14094 I NAPPA_EXPERIMENTATION: MetricNetworkRequestExecutionTime: REQUEST_DURATION_SYSTEM='1470',REQUEST_DURATION_OKHTTP='562',REQUEST_SYNCHRONOUS='TRUE',RESPONSE_CODE='200',RESPONSE_METHOD='GET',RESPONSE_LENGTH_OKHTTP='2071',RESPONSE_LENGTH_HEADER='2071',REQUEST_PROTOCOL='h2',REQUEST_URL='https://v.redd.it/ty24o02m1hd51/DASHPlaylist.mpd',
08-05 13:47:10.407 11115 14094 D OK      : request got status: 200
08-05 13:47:10.410 11115 14078 I NAPPA_EXPERIMENTATION: MetricNetworkRequestExecutionTime: REQUEST_DURATION_SYSTEM='1558',REQUEST_DURATION_OKHTTP='725',REQUEST_SYNCHRONOUS='TRUE',RESPONSE_CODE='200',RESPONSE_METHOD='GET',RESPONSE_LENGTH_OKHTTP='5229',RESPONSE_LENGTH_HEADER='5229',REQUEST_PROTOCOL='h2',REQUEST_URL='https://b.thumbs.redditmedia.com/RrJbRRjFZWmckrONtkPTloJh52FfqD_XkLMuYuuQvAg.jpg',
08-05 13:47:10.410 11115 14078 D OK      : request got status: 200
08-05 13:47:10.412 11115 14089 I NAPPA_EXPERIMENTATION: MetricNetworkRequestExecutionTime: REQUEST_DURATION_SYSTEM='1523',REQUEST_DURATION_OKHTTP='648',REQUEST_SYNCHRONOUS='TRUE',RESPONSE_CODE='200',RESPONSE_METHOD='GET',RESPONSE_LENGTH_OKHTTP='6778',RESPONSE_LENGTH_HEADER='6778',REQUEST_PROTOCOL='h2',REQUEST_URL='https://b.thumbs.redditmedia.com/189nmwjW7eGWBD0J-cxzsUac1V1ZWGzMFC66inY4u4Y.jpg',
08-05 13:47:10.412 11115 14089 D OK      : request got status: 200
08-05 13:47:10.417 11115 14088 I NAPPA_EXPERIMENTATION: MetricNetworkRequestExecutionTime: REQUEST_DURATION_SYSTEM='1531',REQUEST_DURATION_OKHTTP='626',REQUEST_SYNCHRONOUS='TRUE',RESPONSE_CODE='200',RESPONSE_METHOD='GET',RESPONSE_LENGTH_OKHTTP='6843',RESPONSE_LENGTH_HEADER='6843',REQUEST_PROTOCOL='h2',REQUEST_URL='https://b.thumbs.redditmedia.com/x5l4cICw0WNNvslt5FqVjwj89XrGjrXnNbaSyQRAyCo.jpg',
08-05 13:47:10.417 11115 14088 D OK      : request got status: 200
08-05 13:47:10.422 11115 14160 D OK      : calling: https://b.thumbs.redditmedia.com/2KMYZ5hTlKXSvNO4hDUPyMba8Yz6skyu1SjUhLq1d9s.jpg
08-05 13:47:10.425 11115 14095 I RedditVideosAPI: For 'https://v.redd.it/ar5k8892pid51/DASHPlaylist.mpd', got video stream 'https://v.redd.it/ar5k8892pid51/DASH_360' and audio stream 'https://v.redd.it/ar5k8892pid51/audio'
08-05 13:47:10.426 11115 14091 I NAPPA_EXPERIMENTATION: MetricNetworkRequestExecutionTime: REQUEST_DURATION_SYSTEM='1522',REQUEST_DURATION_OKHTTP='588',REQUEST_SYNCHRONOUS='TRUE',RESPONSE_CODE='200',RESPONSE_METHOD='GET',RESPONSE_LENGTH_OKHTTP='6221',RESPONSE_LENGTH_HEADER='6221',REQUEST_PROTOCOL='h2',REQUEST_URL='https://b.thumbs.redditmedia.com/d_-UsfmKASoIHi4vZyyjvvwFtm1S7-DEi9AQPOnGIgY.jpg',
08-05 13:47:10.427 11115 14091 D OK      : request got status: 200
08-05 13:47:10.462 11115 14086 I NAPPA_EXPERIMENTATION: MetricNetworkRequestExecutionTime: REQUEST_DURATION_SYSTEM='1579',REQUEST_DURATION_OKHTTP='609',REQUEST_SYNCHRONOUS='TRUE',RESPONSE_CODE='200',RESPONSE_METHOD='GET',RESPONSE_LENGTH_OKHTTP='4067',RESPONSE_LENGTH_HEADER='4067',REQUEST_PROTOCOL='h2',REQUEST_URL='https://b.thumbs.redditmedia.com/XNb1kfskabGDLMqv661Q22hBtCb8w5oyePDcFaZi9aY.jpg',
08-05 13:47:10.462 11115 14086 D OK      : request got status: 200
08-05 13:47:10.465 11115 11127 I art     : Explicit concurrent mark sweep GC freed 11832(624KB) AllocSpace objects, 19(1556KB) LOS objects, 30% free, 36MB/52MB, paused 1.325ms total 58.302ms
08-05 13:47:10.484 11115 11127 I art     : Starting a blocking GC Explicit
08-05 13:47:10.523 11115 14161 D OK      : calling: https://a.thumbs.redditmedia.com/EFVm-ZqqhARyEaKgtwU74c7tfzEDJvI0uiHXGglFag4.jpg
08-05 13:47:10.538 11115 11127 I art     : Explicit concurrent mark sweep GC freed 3179(283KB) AllocSpace objects, 16(1368KB) LOS objects, 30% free, 35MB/51MB, paused 1.009ms total 53.593ms
08-05 13:47:10.548 11115 14090 I RedditVideosAPI: For 'https://v.redd.it/ppmhu2r9thd51/DASHPlaylist.mpd', got video stream 'https://v.redd.it/ppmhu2r9thd51/DASH_480' and audio stream 'null'
08-05 13:47:10.554 11115 14092 I RedditVideosAPI: For 'https://v.redd.it/s9qqadf3mid51/DASHPlaylist.mpd', got video stream 'https://v.redd.it/s9qqadf3mid51/DASH_480' and audio stream 'https://v.redd.it/s9qqadf3mid51/audio'
08-05 13:47:10.557 11115 11127 I art     : Starting a blocking GC Explicit
08-05 13:47:10.575 11115 14093 I RedditVideosAPI: For 'https://v.redd.it/b8vazlcb7ld51/DASHPlaylist.mpd', got video stream 'https://v.redd.it/b8vazlcb7ld51/DASH_480' and audio stream 'https://v.redd.it/b8vazlcb7ld51/audio'
08-05 13:47:10.593 11115 14158 I NAPPA_EXPERIMENTATION: MetricNetworkRequestExecutionTime: REQUEST_DURATION_SYSTEM='252',REQUEST_DURATION_OKHTTP='251',REQUEST_SYNCHRONOUS='TRUE',RESPONSE_CODE='200',RESPONSE_METHOD='GET',RESPONSE_LENGTH_OKHTTP='5435',RESPONSE_LENGTH_HEADER='5435',REQUEST_PROTOCOL='h2',REQUEST_URL='https://b.thumbs.redditmedia.com/WehZGjN94ALGdO0M7RjPJ2EwcyyWVZ_NUn1Fuf7IYWY.jpg',
08-05 13:47:10.593 11115 14158 D OK      : request got status: 200
08-05 13:47:10.596 11115 14094 I RedditVideosAPI: For 'https://v.redd.it/ty24o02m1hd51/DASHPlaylist.mpd', got video stream 'https://v.redd.it/ty24o02m1hd51/DASH_480' and audio stream 'null'
08-05 13:47:10.604 11115 14162 D OK      : calling: https://b.thumbs.redditmedia.com/qi4bNDKzoPvaSaSx99K2bAjwaRHh1nuOrcbySp1JHdk.jpg
08-05 13:47:10.613 11115 11127 I art     : Explicit concurrent mark sweep GC freed 1588(327KB) AllocSpace objects, 15(756KB) LOS objects, 30% free, 36MB/52MB, paused 1.030ms total 55.029ms
08-05 13:47:10.626 11115 14159 I NAPPA_EXPERIMENTATION: MetricNetworkRequestExecutionTime: REQUEST_DURATION_SYSTEM='279',REQUEST_DURATION_OKHTTP='277',REQUEST_SYNCHRONOUS='TRUE',RESPONSE_CODE='200',RESPONSE_METHOD='GET',RESPONSE_LENGTH_OKHTTP='5191',RESPONSE_LENGTH_HEADER='5191',REQUEST_PROTOCOL='h2',REQUEST_URL='https://b.thumbs.redditmedia.com/Xdo4lcQOwuUNK1yxSlXZ0OI8u23ORAr16_AzfAZ1nvU.jpg',
08-05 13:47:10.626 11115 14159 D OK      : request got status: 200
08-05 13:47:10.626 11115 14160 I NAPPA_EXPERIMENTATION: MetricNetworkRequestExecutionTime: REQUEST_DURATION_SYSTEM='204',REQUEST_DURATION_OKHTTP='203',REQUEST_SYNCHRONOUS='TRUE',RESPONSE_CODE='200',RESPONSE_METHOD='GET',RESPONSE_LENGTH_OKHTTP='5098',RESPONSE_LENGTH_HEADER='5098',REQUEST_PROTOCOL='h2',REQUEST_URL='https://b.thumbs.redditmedia.com/2KMYZ5hTlKXSvNO4hDUPyMba8Yz6skyu1SjUhLq1d9s.jpg',
08-05 13:47:10.626 11115 14160 D OK      : request got status: 200
08-05 13:47:10.633 11115 11127 I art     : Starting a blocking GC Explicit
08-05 13:47:10.640 11115 14163 D OK      : calling: https://b.thumbs.redditmedia.com/Ja8yiRMklM2lXd8q60LtBI6CqdmJ5YbWHRiBVFmICJA.jpg
08-05 13:47:10.666 11115 14164 D OK      : calling: https://b.thumbs.redditmedia.com/o5lSsJ_tCgCQxcdjMGaYxuveNluXB1PQT4PokXDhpvc.jpg
08-05 13:47:10.682 11115 11127 I art     : Explicit concurrent mark sweep GC freed 20839(1109KB) AllocSpace objects, 20(1060KB) LOS objects, 30% free, 36MB/52MB, paused 871us total 49.021ms
08-05 13:47:10.688 11115 14165 D OK      : calling: https://b.thumbs.redditmedia.com/SiCWTmKkQcbiAa7naxAHnw0adTeRkq1dB8QSqzGU7-Q.jpg
08-05 13:47:10.690 11115 14166 D OK      : calling: https://b.thumbs.redditmedia.com/C9qrVibnNxmzfLDKvEHp2v2Bo-Kqme7PoKC52s2o52M.jpg
08-05 13:47:10.693 11115 14167 D OK      : calling: https://a.thumbs.redditmedia.com/Tfsm0ol-ltlxNSBAkZ_4G4302d0hYeOSODkvXidBBR8.jpg
08-05 13:47:10.696 11115 14168 D OK      : calling: https://a.thumbs.redditmedia.com/Kzag-wH9wKRRg2MnPwgoFgXT_2jN_nkJ1lY1aNRQyT4.jpg
08-05 13:47:10.699 11115 14169 D OK      : calling: https://a.thumbs.redditmedia.com/P4gSGpXpi2wDXthNZ-LiwEs5Jvplm6dQ7W7Isqa7un4.jpg
08-05 13:47:10.701 11115 14170 D OK      : calling: https://b.thumbs.redditmedia.com/XkIhgqugP-9Zcb5I9A8o0r-zQJDh_6kastc0oWiiHkI.jpg
08-05 13:47:10.703 11115 14171 D OK      : calling: https://b.thumbs.redditmedia.com/3QPAtixkID9ojpqCAgfspJpruqoq45fM1G-Fx1K2F2A.jpg
08-05 13:47:10.705 11115 14172 D OK      : calling: https://b.thumbs.redditmedia.com/orK4W8Xc99pTzIT6q1waTsppldq24p1qMsHtkNnmu9w.jpg
08-05 13:47:10.708 11115 14173 D OK      : calling: https://b.thumbs.redditmedia.com/B1vXKY_-gTPbs625-RJ1MLIXxzCqfmnCB_0xnGjCECQ.jpg
08-05 13:47:10.710 11115 14174 D OK      : calling: https://a.thumbs.redditmedia.com/ffAKmOqnTuDMNR9MRfCdRtkq_CzN3MVhZxS64ZPYRh4.jpg
08-05 13:47:10.712 11115 14175 D OK      : calling: https://b.thumbs.redditmedia.com/OF1KI_LdSDMMWCy-WgJyRhIcM5fr7kDyu_OnpfRXHfI.jpg
08-05 13:47:10.714 11115 14176 D OK      : calling: https://b.thumbs.redditmedia.com/vuAhA4gGAmYfrTFA4woxZcKgmiDzJ3nAsql2pxcYGFs.jpg
08-05 13:47:10.716 11115 14177 D OK      : calling: https://b.thumbs.redditmedia.com/PtV7mFsO2n0j4YJweZjEqyVJ45hap4hXix9dwj6D0Wg.jpg
08-05 13:47:10.718 11115 14178 D OK      : calling: https://b.thumbs.redditmedia.com/wxTBcOhAgsmbc-TRaGNHpYJYnEOBr2LNsaZ6pCM91Lc.jpg
08-05 13:47:10.720 11115 14179 D OK      : calling: https://b.thumbs.redditmedia.com/Wo7bFIVNZYYuNioRYwZFYxrl6QMk0lT-3W01wrXgHmE.jpg
08-05 13:47:10.722 11115 14180 D OK      : calling: https://b.thumbs.redditmedia.com/NoqMycYTzsyhI0Lq351riEI1mO9p8PvY1QwcZ9Irb9g.jpg
08-05 13:47:10.724 11115 14181 D OK      : calling: https://b.thumbs.redditmedia.com/KrRufqpifph7KM2Le5RdqEYQb24zbB4fizBJpFaH1Pc.jpg
08-05 13:47:10.726 11115 14183 D OK      : calling: https://b.thumbs.redditmedia.com/u2qz17QE3X5G7kkJrgK3HPCdxNQxNkhaWqfIhCuRMvE.jpg
08-05 13:47:10.728 11115 14184 D OK      : calling: https://v.redd.it/syww111dtjd51/DASHPlaylist.mpd
08-05 13:47:10.730 11115 14185 D OK      : calling: https://v.redd.it/pbqrrfb3tkd51/DASHPlaylist.mpd
08-05 13:47:10.732 11115 14186 D OK      : calling: https://v.redd.it/rrygsb8i4ld51/DASHPlaylist.mpd
08-05 13:47:10.734 11115 14187 D OK      : calling: https://v.redd.it/5x6zzipz8ld51/DASHPlaylist.mpd
08-05 13:47:10.735 11115 14188 D OK      : calling: https://v.redd.it/75en73fm5id51/DASHPlaylist.mpd
08-05 13:47:10.737 11115 14189 D OK      : calling: https://api.imgur.com/3/image/nLQR2hT
08-05 13:47:10.739 11115 14190 D OK      : calling: https://v.redd.it/ggz4fyth6hd51/DASHPlaylist.mpd
08-05 13:47:10.741 11115 14191 D OK      : calling: https://v.redd.it/psrknoobrgd51/DASHPlaylist.mpd
08-05 13:47:10.743 11115 14192 D OK      : calling: https://v.redd.it/jk6cwef4wld51/DASHPlaylist.mpd
08-05 13:47:10.745 11115 14193 D OK      : calling: https://v.redd.it/t81s8zfz9ld51/DASHPlaylist.mpd
08-05 13:47:10.746 11115 14194 D OK      : calling: https://v.redd.it/xd6c4yyutgd51/DASHPlaylist.mpd
08-05 13:47:10.748 11115 14195 D OK      : calling: https://v.redd.it/ue0jdgk9zhd51/DASHPlaylist.mpd
08-05 13:47:10.871 11115 14163 I NAPPA_EXPERIMENTATION: MetricNetworkRequestExecutionTime: REQUEST_DURATION_SYSTEM='230',REQUEST_DURATION_OKHTTP='228',REQUEST_SYNCHRONOUS='TRUE',RESPONSE_CODE='200',RESPONSE_METHOD='GET',RESPONSE_LENGTH_OKHTTP='5414',RESPONSE_LENGTH_HEADER='5414',REQUEST_PROTOCOL='h2',REQUEST_URL='https://b.thumbs.redditmedia.com/Ja8yiRMklM2lXd8q60LtBI6CqdmJ5YbWHRiBVFmICJA.jpg',
08-05 13:47:10.871 11115 14163 D OK      : request got status: 200
08-05 13:47:10.938 11115 14162 I NAPPA_EXPERIMENTATION: MetricNetworkRequestExecutionTime: REQUEST_DURATION_SYSTEM='334',REQUEST_DURATION_OKHTTP='333',REQUEST_SYNCHRONOUS='TRUE',RESPONSE_CODE='200',RESPONSE_METHOD='GET',RESPONSE_LENGTH_OKHTTP='4475',RESPONSE_LENGTH_HEADER='4475',REQUEST_PROTOCOL='h2',REQUEST_URL='https://b.thumbs.redditmedia.com/qi4bNDKzoPvaSaSx99K2bAjwaRHh1nuOrcbySp1JHdk.jpg',
08-05 13:47:10.939 11115 14162 D OK      : request got status: 200
08-05 13:47:10.994 11115 14165 I NAPPA_EXPERIMENTATION: MetricNetworkRequestExecutionTime: REQUEST_DURATION_SYSTEM='306',REQUEST_DURATION_OKHTTP='305',REQUEST_SYNCHRONOUS='TRUE',RESPONSE_CODE='200',RESPONSE_METHOD='GET',RESPONSE_LENGTH_OKHTTP='5968',RESPONSE_LENGTH_HEADER='5968',REQUEST_PROTOCOL='h2',REQUEST_URL='https://b.thumbs.redditmedia.com/SiCWTmKkQcbiAa7naxAHnw0adTeRkq1dB8QSqzGU7-Q.jpg',
08-05 13:47:10.995 11115 14165 D OK      : request got status: 200
08-05 13:47:11.028 11115 11138 I art     : Starting a blocking GC Explicit
08-05 13:47:11.028 11115 14164 I NAPPA_EXPERIMENTATION: MetricNetworkRequestExecutionTime: REQUEST_DURATION_SYSTEM='362',REQUEST_DURATION_OKHTTP='361',REQUEST_SYNCHRONOUS='TRUE',RESPONSE_CODE='200',RESPONSE_METHOD='GET',RESPONSE_LENGTH_OKHTTP='4921',RESPONSE_LENGTH_HEADER='4921',REQUEST_PROTOCOL='h2',REQUEST_URL='https://b.thumbs.redditmedia.com/o5lSsJ_tCgCQxcdjMGaYxuveNluXB1PQT4PokXDhpvc.jpg',
08-05 13:47:11.028 11115 14164 D OK      : request got status: 200
08-05 13:47:11.041 11115 14166 I NAPPA_EXPERIMENTATION: MetricNetworkRequestExecutionTime: REQUEST_DURATION_SYSTEM='351',REQUEST_DURATION_OKHTTP='350',REQUEST_SYNCHRONOUS='TRUE',RESPONSE_CODE='200',RESPONSE_METHOD='GET',RESPONSE_LENGTH_OKHTTP='5378',RESPONSE_LENGTH_HEADER='5378',REQUEST_PROTOCOL='h2',REQUEST_URL='https://b.thumbs.redditmedia.com/C9qrVibnNxmzfLDKvEHp2v2Bo-Kqme7PoKC52s2o52M.jpg',
08-05 13:47:11.042 11115 14166 D OK      : request got status: 200
08-05 13:47:11.092 11115 11138 I art     : Explicit concurrent mark sweep GC freed 10435(748KB) AllocSpace objects, 41(3MB) LOS objects, 30% free, 37MB/53MB, paused 2.209ms total 63.398ms
08-05 13:47:11.105 11115 14171 I NAPPA_EXPERIMENTATION: MetricNetworkRequestExecutionTime: REQUEST_DURATION_SYSTEM='402',REQUEST_DURATION_OKHTTP='401',REQUEST_SYNCHRONOUS='TRUE',RESPONSE_CODE='200',RESPONSE_METHOD='GET',RESPONSE_LENGTH_OKHTTP='3183',RESPONSE_LENGTH_HEADER='3183',REQUEST_PROTOCOL='h2',REQUEST_URL='https://b.thumbs.redditmedia.com/3QPAtixkID9ojpqCAgfspJpruqoq45fM1G-Fx1K2F2A.jpg',
08-05 13:47:11.105 11115 14171 D OK      : request got status: 200
08-05 13:47:11.111 11115 11138 I art     : Starting a blocking GC Explicit
08-05 13:47:11.124 11115 14170 I NAPPA_EXPERIMENTATION: MetricNetworkRequestExecutionTime: REQUEST_DURATION_SYSTEM='422',REQUEST_DURATION_OKHTTP='421',REQUEST_SYNCHRONOUS='TRUE',RESPONSE_CODE='200',RESPONSE_METHOD='GET',RESPONSE_LENGTH_OKHTTP='4080',RESPONSE_LENGTH_HEADER='4080',REQUEST_PROTOCOL='h2',REQUEST_URL='https://b.thumbs.redditmedia.com/XkIhgqugP-9Zcb5I9A8o0r-zQJDh_6kastc0oWiiHkI.jpg',
08-05 13:47:11.124 11115 14170 D OK      : request got status: 200
08-05 13:47:11.139 11115 14184 I NAPPA_EXPERIMENTATION: MetricNetworkRequestExecutionTime: REQUEST_DURATION_SYSTEM='411',REQUEST_DURATION_OKHTTP='410',REQUEST_SYNCHRONOUS='TRUE',RESPONSE_CODE='200',RESPONSE_METHOD='GET',RESPONSE_LENGTH_OKHTTP='2696',RESPONSE_LENGTH_HEADER='2696',REQUEST_PROTOCOL='h2',REQUEST_URL='https://v.redd.it/syww111dtjd51/DASHPlaylist.mpd',
08-05 13:47:11.139 11115 14184 D OK      : request got status: 200
08-05 13:47:11.162 11115 14172 I NAPPA_EXPERIMENTATION: MetricNetworkRequestExecutionTime: REQUEST_DURATION_SYSTEM='457',REQUEST_DURATION_OKHTTP='456',REQUEST_SYNCHRONOUS='TRUE',RESPONSE_CODE='200',RESPONSE_METHOD='GET',RESPONSE_LENGTH_OKHTTP='6654',RESPONSE_LENGTH_HEADER='6654',REQUEST_PROTOCOL='h2',REQUEST_URL='https://b.thumbs.redditmedia.com/orK4W8Xc99pTzIT6q1waTsppldq24p1qMsHtkNnmu9w.jpg',
08-05 13:47:11.162 11115 14172 D OK      : request got status: 200
08-05 13:47:11.166 11115 11138 I art     : Explicit concurrent mark sweep GC freed 2071(147KB) AllocSpace objects, 8(636KB) LOS objects, 30% free, 37MB/53MB, paused 1.909ms total 54.559ms
08-05 13:47:11.179 11115 14185 I NAPPA_EXPERIMENTATION: MetricNetworkRequestExecutionTime: REQUEST_DURATION_SYSTEM='448',REQUEST_DURATION_OKHTTP='447',REQUEST_SYNCHRONOUS='TRUE',RESPONSE_CODE='200',RESPONSE_METHOD='GET',RESPONSE_LENGTH_OKHTTP='2071',RESPONSE_LENGTH_HEADER='2071',REQUEST_PROTOCOL='h2',REQUEST_URL='https://v.redd.it/pbqrrfb3tkd51/DASHPlaylist.mpd',
08-05 13:47:11.179 11115 14185 D OK      : request got status: 200
08-05 13:47:11.183 11115 14184 I RedditVideosAPI: For 'https://v.redd.it/syww111dtjd51/DASHPlaylist.mpd', got video stream 'https://v.redd.it/syww111dtjd51/DASH_480' and audio stream 'https://v.redd.it/syww111dtjd51/audio'
08-05 13:47:11.185 11115 11138 I art     : Starting a blocking GC Explicit
08-05 13:47:11.189 11115 14173 I NAPPA_EXPERIMENTATION: MetricNetworkRequestExecutionTime: REQUEST_DURATION_SYSTEM='480',REQUEST_DURATION_OKHTTP='480',REQUEST_SYNCHRONOUS='TRUE',RESPONSE_CODE='200',RESPONSE_METHOD='GET',RESPONSE_LENGTH_OKHTTP='3864',RESPONSE_LENGTH_HEADER='3864',REQUEST_PROTOCOL='h2',REQUEST_URL='https://b.thumbs.redditmedia.com/B1vXKY_-gTPbs625-RJ1MLIXxzCqfmnCB_0xnGjCECQ.jpg',
08-05 13:47:11.189 11115 14173 D OK      : request got status: 200
08-05 13:47:11.208 11115 14186 I NAPPA_EXPERIMENTATION: MetricNetworkRequestExecutionTime: REQUEST_DURATION_SYSTEM='476',REQUEST_DURATION_OKHTTP='475',REQUEST_SYNCHRONOUS='TRUE',RESPONSE_CODE='200',RESPONSE_METHOD='GET',RESPONSE_LENGTH_OKHTTP='3060',RESPONSE_LENGTH_HEADER='3060',REQUEST_PROTOCOL='h2',REQUEST_URL='https://v.redd.it/rrygsb8i4ld51/DASHPlaylist.mpd',
08-05 13:47:11.209 11115 14186 D OK      : request got status: 200
08-05 13:47:11.217 11115 14187 I NAPPA_EXPERIMENTATION: MetricNetworkRequestExecutionTime: REQUEST_DURATION_SYSTEM='483',REQUEST_DURATION_OKHTTP='483',REQUEST_SYNCHRONOUS='TRUE',RESPONSE_CODE='200',RESPONSE_METHOD='GET',RESPONSE_LENGTH_OKHTTP='2789',RESPONSE_LENGTH_HEADER='2789',REQUEST_PROTOCOL='h2',REQUEST_URL='https://v.redd.it/5x6zzipz8ld51/DASHPlaylist.mpd',
08-05 13:47:11.217 11115 14187 D OK      : request got status: 200
08-05 13:47:11.232 11115 14175 I NAPPA_EXPERIMENTATION: MetricNetworkRequestExecutionTime: REQUEST_DURATION_SYSTEM='520',REQUEST_DURATION_OKHTTP='519',REQUEST_SYNCHRONOUS='TRUE',RESPONSE_CODE='200',RESPONSE_METHOD='GET',RESPONSE_LENGTH_OKHTTP='5125',RESPONSE_LENGTH_HEADER='5125',REQUEST_PROTOCOL='h2',REQUEST_URL='https://b.thumbs.redditmedia.com/OF1KI_LdSDMMWCy-WgJyRhIcM5fr7kDyu_OnpfRXHfI.jpg',
08-05 13:47:11.232 11115 14175 D OK      : request got status: 200
08-05 13:47:11.233 11115 14185 I RedditVideosAPI: For 'https://v.redd.it/pbqrrfb3tkd51/DASHPlaylist.mpd', got video stream 'https://v.redd.it/pbqrrfb3tkd51/DASH_480' and audio stream 'null'
08-05 13:47:11.236 11115 11138 I art     : Explicit concurrent mark sweep GC freed 1675(258KB) AllocSpace objects, 20(1284KB) LOS objects, 29% free, 37MB/53MB, paused 1.741ms total 50.784ms
08-05 13:47:11.255 11115 11138 I art     : Starting a blocking GC Explicit
08-05 13:47:11.266 11115 14176 I NAPPA_EXPERIMENTATION: MetricNetworkRequestExecutionTime: REQUEST_DURATION_SYSTEM='552',REQUEST_DURATION_OKHTTP='551',REQUEST_SYNCHRONOUS='TRUE',RESPONSE_CODE='200',RESPONSE_METHOD='GET',RESPONSE_LENGTH_OKHTTP='6723',RESPONSE_LENGTH_HEADER='6723',REQUEST_PROTOCOL='h2',REQUEST_URL='https://b.thumbs.redditmedia.com/vuAhA4gGAmYfrTFA4woxZcKgmiDzJ3nAsql2pxcYGFs.jpg',
08-05 13:47:11.266 11115 14176 D OK      : request got status: 200
08-05 13:47:11.270 11115 14186 I RedditVideosAPI: For 'https://v.redd.it/rrygsb8i4ld51/DASHPlaylist.mpd', got video stream 'https://v.redd.it/rrygsb8i4ld51/DASH_480' and audio stream 'https://v.redd.it/rrygsb8i4ld51/audio'
08-05 13:47:11.278 11115 14187 I RedditVideosAPI: For 'https://v.redd.it/5x6zzipz8ld51/DASHPlaylist.mpd', got video stream 'https://v.redd.it/5x6zzipz8ld51/DASH_480' and audio stream 'null'
08-05 13:47:11.291 11115 14188 I NAPPA_EXPERIMENTATION: MetricNetworkRequestExecutionTime: REQUEST_DURATION_SYSTEM='556',REQUEST_DURATION_OKHTTP='555',REQUEST_SYNCHRONOUS='TRUE',RESPONSE_CODE='200',RESPONSE_METHOD='GET',RESPONSE_LENGTH_OKHTTP='2700',RESPONSE_LENGTH_HEADER='2700',REQUEST_PROTOCOL='h2',REQUEST_URL='https://v.redd.it/75en73fm5id51/DASHPlaylist.mpd',
08-05 13:47:11.291 11115 14188 D OK      : request got status: 200
08-05 13:47:11.307 11115 11138 I art     : Explicit concurrent mark sweep GC freed 1209(227KB) AllocSpace objects, 15(1028KB) LOS objects, 29% free, 37MB/53MB, paused 1.535ms total 51.310ms
08-05 13:47:11.326 11115 11138 I art     : Starting a blocking GC Explicit
08-05 13:47:11.329 11115 14177 I NAPPA_EXPERIMENTATION: MetricNetworkRequestExecutionTime: REQUEST_DURATION_SYSTEM='613',REQUEST_DURATION_OKHTTP='613',REQUEST_SYNCHRONOUS='TRUE',RESPONSE_CODE='200',RESPONSE_METHOD='GET',RESPONSE_LENGTH_OKHTTP='5329',RESPONSE_LENGTH_HEADER='5329',REQUEST_PROTOCOL='h2',REQUEST_URL='https://b.thumbs.redditmedia.com/PtV7mFsO2n0j4YJweZjEqyVJ45hap4hXix9dwj6D0Wg.jpg',
08-05 13:47:11.329 11115 14177 D OK      : request got status: 200
08-05 13:47:11.331 11115 14188 I RedditVideosAPI: For 'https://v.redd.it/75en73fm5id51/DASHPlaylist.mpd', got video stream 'https://v.redd.it/75en73fm5id51/DASH_480' and audio stream 'https://v.redd.it/75en73fm5id51/audio'
08-05 13:47:11.337 11115 14190 I NAPPA_EXPERIMENTATION: MetricNetworkRequestExecutionTime: REQUEST_DURATION_SYSTEM='598',REQUEST_DURATION_OKHTTP='596',REQUEST_SYNCHRONOUS='TRUE',RESPONSE_CODE='200',RESPONSE_METHOD='GET',RESPONSE_LENGTH_OKHTTP='1713',RESPONSE_LENGTH_HEADER='1713',REQUEST_PROTOCOL='h2',REQUEST_URL='https://v.redd.it/ggz4fyth6hd51/DASHPlaylist.mpd',
08-05 13:47:11.337 11115 14190 D OK      : request got status: 200
08-05 13:47:11.375 11115 14190 I RedditVideosAPI: For 'https://v.redd.it/ggz4fyth6hd51/DASHPlaylist.mpd', got video stream 'https://v.redd.it/ggz4fyth6hd51/DASH_360' and audio stream 'null'
08-05 13:47:11.379 11115 11138 I art     : Explicit concurrent mark sweep GC freed 1168(192KB) AllocSpace objects, 12(636KB) LOS objects, 29% free, 38MB/54MB, paused 1.670ms total 53.137ms
08-05 13:47:11.382 11115 14178 I NAPPA_EXPERIMENTATION: MetricNetworkRequestExecutionTime: REQUEST_DURATION_SYSTEM='663',REQUEST_DURATION_OKHTTP='663',REQUEST_SYNCHRONOUS='TRUE',RESPONSE_CODE='200',RESPONSE_METHOD='GET',RESPONSE_LENGTH_OKHTTP='6316',RESPONSE_LENGTH_HEADER='6316',REQUEST_PROTOCOL='h2',REQUEST_URL='https://b.thumbs.redditmedia.com/wxTBcOhAgsmbc-TRaGNHpYJYnEOBr2LNsaZ6pCM91Lc.jpg',
08-05 13:47:11.382 11115 14178 D OK      : request got status: 200
08-05 13:47:11.388 11115 14191 I NAPPA_EXPERIMENTATION: MetricNetworkRequestExecutionTime: REQUEST_DURATION_SYSTEM='647',REQUEST_DURATION_OKHTTP='647',REQUEST_SYNCHRONOUS='TRUE',RESPONSE_CODE='200',RESPONSE_METHOD='GET',RESPONSE_LENGTH_OKHTTP='2427',RESPONSE_LENGTH_HEADER='2427',REQUEST_PROTOCOL='h2',REQUEST_URL='https://v.redd.it/psrknoobrgd51/DASHPlaylist.mpd',
08-05 13:47:11.388 11115 14191 D OK      : request got status: 200
08-05 13:47:11.408 11115 14192 I NAPPA_EXPERIMENTATION: MetricNetworkRequestExecutionTime: REQUEST_DURATION_SYSTEM='665',REQUEST_DURATION_OKHTTP='663',REQUEST_SYNCHRONOUS='TRUE',RESPONSE_CODE='200',RESPONSE_METHOD='GET',RESPONSE_LENGTH_OKHTTP='2071',RESPONSE_LENGTH_HEADER='2071',REQUEST_PROTOCOL='h2',REQUEST_URL='https://v.redd.it/jk6cwef4wld51/DASHPlaylist.mpd',
08-05 13:47:11.408 11115 14192 D OK      : request got status: 200
08-05 13:47:11.410 11115 14179 I NAPPA_EXPERIMENTATION: MetricNetworkRequestExecutionTime: REQUEST_DURATION_SYSTEM='690',REQUEST_DURATION_OKHTTP='689',REQUEST_SYNCHRONOUS='TRUE',RESPONSE_CODE='200',RESPONSE_METHOD='GET',RESPONSE_LENGTH_OKHTTP='7815',RESPONSE_LENGTH_HEADER='7815',REQUEST_PROTOCOL='h2',REQUEST_URL='https://b.thumbs.redditmedia.com/Wo7bFIVNZYYuNioRYwZFYxrl6QMk0lT-3W01wrXgHmE.jpg',
08-05 13:47:11.410 11115 14179 D OK      : request got status: 200
08-05 13:47:11.418 11115 14193 I NAPPA_EXPERIMENTATION: MetricNetworkRequestExecutionTime: REQUEST_DURATION_SYSTEM='673',REQUEST_DURATION_OKHTTP='672',REQUEST_SYNCHRONOUS='TRUE',RESPONSE_CODE='200',RESPONSE_METHOD='GET',RESPONSE_LENGTH_OKHTTP='3058',RESPONSE_LENGTH_HEADER='3058',REQUEST_PROTOCOL='h2',REQUEST_URL='https://v.redd.it/t81s8zfz9ld51/DASHPlaylist.mpd',
08-05 13:47:11.418 11115 14193 D OK      : request got status: 200
08-05 13:47:11.419 11115 14183 I NAPPA_EXPERIMENTATION: MetricNetworkRequestExecutionTime: REQUEST_DURATION_SYSTEM='692',REQUEST_DURATION_OKHTTP='691',REQUEST_SYNCHRONOUS='TRUE',RESPONSE_CODE='200',RESPONSE_METHOD='GET',RESPONSE_LENGTH_OKHTTP='5579',RESPONSE_LENGTH_HEADER='5579',REQUEST_PROTOCOL='h2',REQUEST_URL='https://b.thumbs.redditmedia.com/u2qz17QE3X5G7kkJrgK3HPCdxNQxNkhaWqfIhCuRMvE.jpg',
08-05 13:47:11.419 11115 14183 D OK      : request got status: 200
08-05 13:47:11.429 11115 14180 I NAPPA_EXPERIMENTATION: MetricNetworkRequestExecutionTime: REQUEST_DURATION_SYSTEM='706',REQUEST_DURATION_OKHTTP='705',REQUEST_SYNCHRONOUS='TRUE',RESPONSE_CODE='200',RESPONSE_METHOD='GET',RESPONSE_LENGTH_OKHTTP='5648',RESPONSE_LENGTH_HEADER='5648',REQUEST_PROTOCOL='h2',REQUEST_URL='https://b.thumbs.redditmedia.com/NoqMycYTzsyhI0Lq351riEI1mO9p8PvY1QwcZ9Irb9g.jpg',
08-05 13:47:11.429 11115 14180 D OK      : request got status: 200
08-05 13:47:11.433 11115 14194 I NAPPA_EXPERIMENTATION: MetricNetworkRequestExecutionTime: REQUEST_DURATION_SYSTEM='686',REQUEST_DURATION_OKHTTP='686',REQUEST_SYNCHRONOUS='TRUE',RESPONSE_CODE='200',RESPONSE_METHOD='GET',RESPONSE_LENGTH_OKHTTP='2071',RESPONSE_LENGTH_HEADER='2071',REQUEST_PROTOCOL='h2',REQUEST_URL='https://v.redd.it/xd6c4yyutgd51/DASHPlaylist.mpd',
08-05 13:47:11.434 11115 14194 D OK      : request got status: 200
08-05 13:47:11.439 11115 14181 I NAPPA_EXPERIMENTATION: MetricNetworkRequestExecutionTime: REQUEST_DURATION_SYSTEM='715',REQUEST_DURATION_OKHTTP='714',REQUEST_SYNCHRONOUS='TRUE',RESPONSE_CODE='200',RESPONSE_METHOD='GET',RESPONSE_LENGTH_OKHTTP='5198',RESPONSE_LENGTH_HEADER='5198',REQUEST_PROTOCOL='h2',REQUEST_URL='https://b.thumbs.redditmedia.com/KrRufqpifph7KM2Le5RdqEYQb24zbB4fizBJpFaH1Pc.jpg',
08-05 13:47:11.439 11115 14181 D OK      : request got status: 200
08-05 13:47:11.449 11115 14195 I NAPPA_EXPERIMENTATION: MetricNetworkRequestExecutionTime: REQUEST_DURATION_SYSTEM='700',REQUEST_DURATION_OKHTTP='700',REQUEST_SYNCHRONOUS='TRUE',RESPONSE_CODE='200',RESPONSE_METHOD='GET',RESPONSE_LENGTH_OKHTTP='2344',RESPONSE_LENGTH_HEADER='2344',REQUEST_PROTOCOL='h2',REQUEST_URL='https://v.redd.it/ue0jdgk9zhd51/DASHPlaylist.mpd',
08-05 13:47:11.449 11115 14195 D OK      : request got status: 200
08-05 13:47:11.463 11115 14191 I RedditVideosAPI: For 'https://v.redd.it/psrknoobrgd51/DASHPlaylist.mpd', got video stream 'https://v.redd.it/psrknoobrgd51/DASH_480' and audio stream 'null'
08-05 13:47:11.479 11115 14192 I RedditVideosAPI: For 'https://v.redd.it/jk6cwef4wld51/DASHPlaylist.mpd', got video stream 'https://v.redd.it/jk6cwef4wld51/DASH_480' and audio stream 'null'
08-05 13:47:11.492 11115 14193 I RedditVideosAPI: For 'https://v.redd.it/t81s8zfz9ld51/DASHPlaylist.mpd', got video stream 'https://v.redd.it/t81s8zfz9ld51/DASH_480' and audio stream 'https://v.redd.it/t81s8zfz9ld51/audio'
08-05 13:47:11.509 11115 14161 I NAPPA_EXPERIMENTATION: MetricNetworkRequestExecutionTime: REQUEST_DURATION_SYSTEM='986',REQUEST_DURATION_OKHTTP='567',REQUEST_SYNCHRONOUS='TRUE',RESPONSE_CODE='200',RESPONSE_METHOD='GET',RESPONSE_LENGTH_OKHTTP='5307',RESPONSE_LENGTH_HEADER='5307',REQUEST_PROTOCOL='h2',REQUEST_URL='https://a.thumbs.redditmedia.com/EFVm-ZqqhARyEaKgtwU74c7tfzEDJvI0uiHXGglFag4.jpg',
08-05 13:47:11.509 11115 14161 D OK      : request got status: 200
08-05 13:47:11.544 11115 14194 I RedditVideosAPI: For 'https://v.redd.it/xd6c4yyutgd51/DASHPlaylist.mpd', got video stream 'https://v.redd.it/xd6c4yyutgd51/DASH_480' and audio stream 'null'
08-05 13:47:11.559 11115 14195 I RedditVideosAPI: For 'https://v.redd.it/ue0jdgk9zhd51/DASHPlaylist.mpd', got video stream 'https://v.redd.it/ue0jdgk9zhd51/DASH_360' and audio stream 'https://v.redd.it/ue0jdgk9zhd51/audio'
08-05 13:47:11.668 11115 14167 I NAPPA_EXPERIMENTATION: MetricNetworkRequestExecutionTime: REQUEST_DURATION_SYSTEM='975',REQUEST_DURATION_OKHTTP='229',REQUEST_SYNCHRONOUS='TRUE',RESPONSE_CODE='200',RESPONSE_METHOD='GET',RESPONSE_LENGTH_OKHTTP='7540',RESPONSE_LENGTH_HEADER='7540',REQUEST_PROTOCOL='h2',REQUEST_URL='https://a.thumbs.redditmedia.com/Tfsm0ol-ltlxNSBAkZ_4G4302d0hYeOSODkvXidBBR8.jpg',
08-05 13:47:11.669 11115 14167 D OK      : request got status: 200
08-05 13:47:11.686 11115 14174 I NAPPA_EXPERIMENTATION: MetricNetworkRequestExecutionTime: REQUEST_DURATION_SYSTEM='976',REQUEST_DURATION_OKHTTP='237',REQUEST_SYNCHRONOUS='TRUE',RESPONSE_CODE='200',RESPONSE_METHOD='GET',RESPONSE_LENGTH_OKHTTP='4470',RESPONSE_LENGTH_HEADER='4470',REQUEST_PROTOCOL='h2',REQUEST_URL='https://a.thumbs.redditmedia.com/ffAKmOqnTuDMNR9MRfCdRtkq_CzN3MVhZxS64ZPYRh4.jpg',
08-05 13:47:11.686 11115 14174 D OK      : request got status: 200
08-05 13:47:11.712 11115 11412 I art     : Starting a blocking GC Explicit
08-05 13:47:11.717 11115 14169 I NAPPA_EXPERIMENTATION: MetricNetworkRequestExecutionTime: REQUEST_DURATION_SYSTEM='1017',REQUEST_DURATION_OKHTTP='275',REQUEST_SYNCHRONOUS='TRUE',RESPONSE_CODE='200',RESPONSE_METHOD='GET',RESPONSE_LENGTH_OKHTTP='5641',RESPONSE_LENGTH_HEADER='5641',REQUEST_PROTOCOL='h2',REQUEST_URL='https://a.thumbs.redditmedia.com/P4gSGpXpi2wDXthNZ-LiwEs5Jvplm6dQ7W7Isqa7un4.jpg',
08-05 13:47:11.717 11115 14169 D OK      : request got status: 200
08-05 13:47:11.728 11115 14168 I NAPPA_EXPERIMENTATION: MetricNetworkRequestExecutionTime: REQUEST_DURATION_SYSTEM='1032',REQUEST_DURATION_OKHTTP='240',REQUEST_SYNCHRONOUS='TRUE',RESPONSE_CODE='200',RESPONSE_METHOD='GET',RESPONSE_LENGTH_OKHTTP='3635',RESPONSE_LENGTH_HEADER='3635',REQUEST_PROTOCOL='h2',REQUEST_URL='https://a.thumbs.redditmedia.com/Kzag-wH9wKRRg2MnPwgoFgXT_2jN_nkJ1lY1aNRQyT4.jpg',
08-05 13:47:11.728 11115 14168 D OK      : request got status: 200
08-05 13:47:11.734 11115 14189 I NAPPA_EXPERIMENTATION: MetricNetworkRequestExecutionTime: REQUEST_DURATION_SYSTEM='997',REQUEST_DURATION_OKHTTP='197',REQUEST_SYNCHRONOUS='TRUE',RESPONSE_CODE='200',RESPONSE_METHOD='GET',RESPONSE_LENGTH_OKHTTP='-1',RESPONSE_LENGTH_HEADER='377',REQUEST_PROTOCOL='h2',REQUEST_URL='https://api.imgur.com/3/image/nLQR2hT',
08-05 13:47:11.734 11115 14189 D OK      : request got status: 200
08-05 13:47:11.770 11115 11412 I art     : Explicit concurrent mark sweep GC freed 18029(1453KB) AllocSpace objects, 62(3MB) LOS objects, 28% free, 39MB/55MB, paused 748us total 56.727ms
08-05 13:47:11.789 11115 11412 I art     : Starting a blocking GC Explicit
08-05 13:47:11.839 11115 11412 I art     : Explicit concurrent mark sweep GC freed 1773(171KB) AllocSpace objects, 8(364KB) LOS objects, 28% free, 40MB/56MB, paused 600us total 49.038ms
08-05 13:47:11.858 11115 11412 I art     : Starting a blocking GC Explicit
08-05 13:47:11.909 11115 11412 I art     : Explicit concurrent mark sweep GC freed 710(64KB) AllocSpace objects, 4(468KB) LOS objects, 28% free, 39MB/55MB, paused 525us total 51.384ms
08-05 13:47:11.929 11115 11412 I art     : Starting a blocking GC Explicit
08-05 13:47:11.983 11115 11412 I art     : Explicit concurrent mark sweep GC freed 84(2944B) AllocSpace objects, 0(0B) LOS objects, 28% free, 39MB/55MB, paused 630us total 53.483ms
08-05 13:47:12.008 11115 11412 I art     : Starting a blocking GC Explicit
08-05 13:47:12.057 11115 11412 I art     : Explicit concurrent mark sweep GC freed 3(96B) AllocSpace objects, 0(0B) LOS objects, 28% free, 39MB/55MB, paused 638us total 49.184ms
08-05 13:47:12.438 11115 11597 I art     : Starting a blocking GC Explicit
08-05 13:47:12.504 11115 11597 I art     : Explicit concurrent mark sweep GC freed 1358(83KB) AllocSpace objects, 1(20KB) LOS objects, 28% free, 39MB/55MB, paused 575us total 65.351ms
08-05 13:47:12.524 11115 11597 I art     : Starting a blocking GC Explicit
08-05 13:47:12.572 11115 11597 I art     : Explicit concurrent mark sweep GC freed 20(704B) AllocSpace objects, 0(0B) LOS objects, 28% free, 39MB/55MB, paused 579us total 47.433ms
08-05 13:47:12.591 11115 11597 I art     : Starting a blocking GC Explicit
08-05 13:47:12.641 11115 11597 I art     : Explicit concurrent mark sweep GC freed 3(96B) AllocSpace objects, 0(0B) LOS objects, 28% free, 39MB/55MB, paused 582us total 49.907ms
08-05 13:47:12.661 11115 11597 I art     : Starting a blocking GC Explicit
08-05 13:47:12.714 11115 11597 I art     : Explicit concurrent mark sweep GC freed 3(96B) AllocSpace objects, 0(0B) LOS objects, 28% free, 39MB/55MB, paused 518us total 53.049ms
08-05 13:47:12.734 11115 11597 I art     : Starting a blocking GC Explicit
08-05 13:47:12.788 11115 11597 I art     : Explicit concurrent mark sweep GC freed 3(96B) AllocSpace objects, 0(0B) LOS objects, 28% free, 39MB/55MB, paused 590us total 54.182ms
08-05 13:47:12.842   518   646 I ThermalEngine: ACTION: GPU - Setting GPU[0] to 510000000
08-05 13:47:12.999 14235 14235 D AndroidRuntime: >>>>>> START com.android.internal.os.RuntimeInit uid 2000 <<<<<<
08-05 13:47:13.004 14235 14235 D AndroidRuntime: CheckJNI is OFF
08-05 13:47:13.036 14235 14235 D ICU     : No timezone override file found: /data/misc/zoneinfo/current/icu/icu_tzdata.dat
08-05 13:47:13.069 14235 14235 I Radio-JNI: register_android_hardware_Radio DONE
08-05 13:47:13.091 14235 14235 D AndroidRuntime: Calling main entry com.android.commands.input.Input
08-05 13:47:13.094 14235 14235 I Input   : injectMotionEvent: MotionEvent { action=ACTION_DOWN, actionButton=0, id[0]=0, x[0]=1340.0, y[0]=1100.0, toolType[0]=TOOL_TYPE_UNKNOWN, buttonState=0, metaState=0, flags=0x0, edgeFlags=0x0, pointerCount=1, historySize=0, eventTime=798449506, downTime=798449506, deviceId=0, source=0x1002 }
08-05 13:47:13.098 14235 14235 I Input   : injectMotionEvent: MotionEvent { action=ACTION_UP, actionButton=0, id[0]=0, x[0]=1340.0, y[0]=1100.0, toolType[0]=TOOL_TYPE_UNKNOWN, buttonState=0, metaState=0, flags=0x0, edgeFlags=0x0, pointerCount=1, historySize=0, eventTime=798449506, downTime=798449506, deviceId=0, source=0x1002 }
08-05 13:47:13.100 14235 14235 D AndroidRuntime: Shutting down VM
08-05 13:47:13.105 11115 11126 I art     : Starting a blocking GC Explicit
08-05 13:47:13.118   512  2967 D audio_hw_primary: out_set_parameters: enter: usecase(1: low-latency-playback) kvpairs: routing=2
08-05 13:47:13.119   918  3670 I ActivityManager: START u0 {dat=https://oauth.reddit.com/... cmp=baseline.org.quantumbadger.redreader/.activities.CommentListingActivity} from uid 10689 on display 0
08-05 13:47:13.131   512  2967 D audio_hw_primary: select_devices: out_snd_device(2: speaker) in_snd_device(0: none)
08-05 13:47:13.132   512  2967 D msm8974_platform: platform_send_audio_calibration: sending audio calibration for snd_device(2) acdb_id(15)
08-05 13:47:13.132   512  2967 I soundtrigger: audio_extn_sound_trigger_update_device_status: device 0x2 of type 0 for Event 1
08-05 13:47:13.143   512  2967 D audio_hw_primary: enable_snd_device: snd_device(2: speaker)
08-05 13:47:13.145   512  2967 D audio_hw_primary: enable_audio_route: apply and update mixer path: low-latency-playback speaker
08-05 13:47:13.149 11115 11115 I AppCompatViewInflater: app:theme is now deprecated. Please move to using android:theme instead.
08-05 13:47:13.149 11115 11126 I art     : Explicit concurrent mark sweep GC freed 2295(119KB) AllocSpace objects, 1(20KB) LOS objects, 28% free, 39MB/55MB, paused 660us total 44.363ms
08-05 13:47:13.163 11115 11126 I art     : Starting a blocking GC Explicit
08-05 13:47:13.167 11115 14261 D OK      : calling: https://oauth.reddit.com/comments/hzejrd/.json?sort=confidence
08-05 13:47:13.200 11115 11126 I art     : Explicit concurrent mark sweep GC freed 7897(874KB) AllocSpace objects, 17(2MB) LOS objects, 30% free, 37MB/53MB, paused 481us total 36.606ms
08-05 13:47:13.214 11115 11126 I art     : Starting a blocking GC Explicit
08-05 13:47:13.232   918   936 I ActivityManager: Displayed baseline.org.quantumbadger.redreader/.activities.CommentListingActivity: +105ms
08-05 13:47:13.233 13866 13866 I GoogleInputMethodServic: GoogleInputMethodService.onFinishInput():3138 
08-05 13:47:13.235 13866 13866 I GoogleInputMethodServic: GoogleInputMethodService.onStartInput():1808 
08-05 13:47:13.251 11115 11126 I art     : Explicit concurrent mark sweep GC freed 945(37KB) AllocSpace objects, 0(0B) LOS objects, 30% free, 37MB/53MB, paused 503us total 36.263ms
08-05 13:47:13.268 11115 11126 I art     : Starting a blocking GC Explicit
08-05 13:47:13.304 11115 11126 I art     : Explicit concurrent mark sweep GC freed 2053(83KB) AllocSpace objects, 0(0B) LOS objects, 30% free, 37MB/53MB, paused 475us total 35.071ms
08-05 13:47:13.319 11115 11126 I art     : Starting a blocking GC Explicit
08-05 13:47:13.356 11115 11126 I art     : Explicit concurrent mark sweep GC freed 116(4KB) AllocSpace objects, 0(0B) LOS objects, 30% free, 37MB/53MB, paused 466us total 37.073ms
08-05 13:47:13.437 11115 14261 I NAPPA_EXPERIMENTATION: MetricNetworkRequestExecutionTime: REQUEST_DURATION_SYSTEM='269',REQUEST_DURATION_OKHTTP='149',REQUEST_SYNCHRONOUS='TRUE',RESPONSE_CODE='200',RESPONSE_METHOD='GET',RESPONSE_LENGTH_OKHTTP='-1',RESPONSE_LENGTH_HEADER='45890',REQUEST_PROTOCOL='h2',REQUEST_URL='https://oauth.reddit.com/comments/hzejrd/.json?sort=confidence',
08-05 13:47:13.437 11115 14261 D OK      : request got status: 200
08-05 13:47:13.447 11115 11693 I CommentListingActivity: COMMENTS session changed to f3018ef5-eefd-4f4a-91a7-864f5f4a0a3a
08-05 13:47:13.482   380   380 W SurfaceFlinger: couldn't log to binary event log: overflow.
08-05 13:47:13.634 11115 11138 I art     : Starting a blocking GC Explicit
08-05 13:47:13.689   512  2967 D audio_hw_primary: disable_audio_route: reset and update mixer path: low-latency-playback speaker
08-05 13:47:13.689   512  2967 D audio_hw_primary: disable_snd_device: snd_device(2: speaker)
08-05 13:47:13.692 11115 11138 I art     : Explicit concurrent mark sweep GC freed 29310(1646KB) AllocSpace objects, 1(20KB) LOS objects, 28% free, 39MB/55MB, paused 602us total 56.927ms
08-05 13:47:13.697   512  2967 I soundtrigger: audio_extn_sound_trigger_update_device_status: device 0x2 of type 0 for Event 0
08-05 13:47:13.707 11115 11138 I art     : Starting a blocking GC Explicit
08-05 13:47:13.753 11115 11138 I art     : Explicit concurrent mark sweep GC freed 12457(581KB) AllocSpace objects, 2(136KB) LOS objects, 29% free, 39MB/55MB, paused 942us total 46.114ms
08-05 13:47:13.768 11115 11138 I art     : Starting a blocking GC Explicit
08-05 13:47:13.817 11115 11138 I art     : Explicit concurrent mark sweep GC freed 921(32KB) AllocSpace objects, 0(0B) LOS objects, 29% free, 39MB/55MB, paused 531us total 48.114ms
08-05 13:47:13.834 11115 11138 I art     : Starting a blocking GC Explicit
08-05 13:47:13.875 11115 11138 I art     : Explicit concurrent mark sweep GC freed 29(1712B) AllocSpace objects, 0(0B) LOS objects, 29% free, 39MB/55MB, paused 358us total 40.839ms
08-05 13:47:13.889 11115 11138 I art     : Starting a blocking GC Explicit
08-05 13:47:13.930 11115 11138 I art     : Explicit concurrent mark sweep GC freed 3(96B) AllocSpace objects, 0(0B) LOS objects, 29% free, 39MB/55MB, paused 353us total 40.636ms
08-05 13:47:14.242 11115 11597 I art     : Starting a blocking GC Explicit
08-05 13:47:14.295 11115 11597 I art     : Explicit concurrent mark sweep GC freed 1362(83KB) AllocSpace objects, 1(20KB) LOS objects, 29% free, 39MB/55MB, paused 415us total 52.457ms
08-05 13:47:14.311 11115 11597 I art     : Starting a blocking GC Explicit
08-05 13:47:14.362 11115 11597 I art     : Explicit concurrent mark sweep GC freed 931(44KB) AllocSpace objects, 0(0B) LOS objects, 29% free, 39MB/55MB, paused 360us total 50.460ms
08-05 13:47:14.378 11115 11597 I art     : Starting a blocking GC Explicit
08-05 13:47:14.428 11115 11597 I art     : Explicit concurrent mark sweep GC freed 3(96B) AllocSpace objects, 0(0B) LOS objects, 29% free, 39MB/55MB, paused 396us total 49.573ms
08-05 13:47:14.444 11115 11597 I art     : Starting a blocking GC Explicit
08-05 13:47:14.495 11115 11597 I art     : Explicit concurrent mark sweep GC freed 3(96B) AllocSpace objects, 0(0B) LOS objects, 29% free, 39MB/55MB, paused 410us total 51.136ms
08-05 13:47:14.512 11115 11597 I art     : Starting a blocking GC Explicit
08-05 13:47:14.561 11115 11597 I art     : Explicit concurrent mark sweep GC freed 3(96B) AllocSpace objects, 0(0B) LOS objects, 29% free, 39MB/55MB, paused 404us total 49.525ms
08-05 13:47:14.851   518   646 I ThermalEngine: ACTION: GPU - Setting GPU[0] to 450000000
08-05 13:47:14.900 11115 11127 I art     : Starting a blocking GC Explicit
08-05 13:47:14.982 11115 11127 I art     : Explicit concurrent mark sweep GC freed 1356(82KB) AllocSpace objects, 1(20KB) LOS objects, 29% free, 39MB/55MB, paused 605us total 81.843ms
08-05 13:47:15.006 11115 11127 I art     : Starting a blocking GC Explicit
08-05 13:47:15.075 11115 11127 I art     : Explicit concurrent mark sweep GC freed 20(704B) AllocSpace objects, 0(0B) LOS objects, 29% free, 39MB/55MB, paused 557us total 68.742ms
08-05 13:47:15.097 11115 11127 I art     : Starting a blocking GC Explicit
08-05 13:47:15.164 11115 11127 I art     : Explicit concurrent mark sweep GC freed 3(96B) AllocSpace objects, 0(0B) LOS objects, 29% free, 39MB/55MB, paused 554us total 67.273ms
08-05 13:47:15.186 11115 11127 I art     : Starting a blocking GC Explicit
08-05 13:47:15.194   918  3188 I hubconnection: sensorhub said: 'set_bias 3: -6.0096, 0.0000, 0.0000'
08-05 13:47:15.255 11115 11127 I art     : Explicit concurrent mark sweep GC freed 3(96B) AllocSpace objects, 0(0B) LOS objects, 29% free, 39MB/55MB, paused 505us total 69.537ms
08-05 13:47:15.276 11115 11127 I art     : Starting a blocking GC Explicit
08-05 13:47:15.348 11115 11127 I art     : Explicit concurrent mark sweep GC freed 3(96B) AllocSpace objects, 0(0B) LOS objects, 29% free, 39MB/55MB, paused 590us total 71.020ms
08-05 13:47:15.717 11115 11126 I art     : Starting a blocking GC Explicit
08-05 13:47:15.800 11115 11126 I art     : Explicit concurrent mark sweep GC freed 1354(82KB) AllocSpace objects, 1(20KB) LOS objects, 29% free, 39MB/55MB, paused 672us total 82.183ms
08-05 13:47:15.823 11115 11126 I art     : Starting a blocking GC Explicit
08-05 13:47:15.892 11115 11126 I art     : Explicit concurrent mark sweep GC freed 20(704B) AllocSpace objects, 0(0B) LOS objects, 29% free, 39MB/55MB, paused 565us total 68.758ms
08-05 13:47:15.913 11115 11126 I art     : Starting a blocking GC Explicit
08-05 13:47:15.990 11115 11126 I art     : Explicit concurrent mark sweep GC freed 3(96B) AllocSpace objects, 0(0B) LOS objects, 29% free, 39MB/55MB, paused 585us total 75.794ms
08-05 13:47:16.013 11115 11126 I art     : Starting a blocking GC Explicit
08-05 13:47:16.084 11115 11126 I art     : Explicit concurrent mark sweep GC freed 3(96B) AllocSpace objects, 0(0B) LOS objects, 29% free, 39MB/55MB, paused 555us total 70.661ms
08-05 13:47:16.105 11115 11126 I art     : Starting a blocking GC Explicit
08-05 13:47:16.171 11115 11126 I art     : Explicit concurrent mark sweep GC freed 3(96B) AllocSpace objects, 0(0B) LOS objects, 29% free, 39MB/55MB, paused 552us total 65.409ms
08-05 13:47:16.542 11115 11138 I art     : Starting a blocking GC Explicit
08-05 13:47:16.635 11115 11138 I art     : Explicit concurrent mark sweep GC freed 1354(82KB) AllocSpace objects, 1(20KB) LOS objects, 29% free, 39MB/55MB, paused 705us total 92.975ms
08-05 13:47:16.659 11115 11138 I art     : Starting a blocking GC Explicit
08-05 13:47:16.729 11115 11138 I art     : Explicit concurrent mark sweep GC freed 20(704B) AllocSpace objects, 0(0B) LOS objects, 29% free, 39MB/55MB, paused 564us total 69.454ms
08-05 13:47:16.750 11115 11138 I art     : Starting a blocking GC Explicit
08-05 13:47:16.819 11115 11138 I art     : Explicit concurrent mark sweep GC freed 3(96B) AllocSpace objects, 0(0B) LOS objects, 29% free, 39MB/55MB, paused 553us total 68.704ms
08-05 13:47:16.841 11115 11138 I art     : Starting a blocking GC Explicit
08-05 13:47:16.851   518   646 I ThermalEngine: ACTION: GPU - Setting GPU[0] to 510000000
08-05 13:47:16.904 11115 11138 I art     : Explicit concurrent mark sweep GC freed 3(96B) AllocSpace objects, 0(0B) LOS objects, 29% free, 39MB/55MB, paused 438us total 62.852ms
08-05 13:47:16.920 11115 11138 I art     : Starting a blocking GC Explicit
08-05 13:47:16.972 11115 11138 I art     : Explicit concurrent mark sweep GC freed 3(96B) AllocSpace objects, 0(0B) LOS objects, 29% free, 39MB/55MB, paused 404us total 51.433ms
08-05 13:47:17.322 11115 11412 I art     : Starting a blocking GC Explicit
08-05 13:47:17.393 11115 11412 I art     : Explicit concurrent mark sweep GC freed 1355(83KB) AllocSpace objects, 1(20KB) LOS objects, 29% free, 39MB/55MB, paused 434us total 71.006ms
08-05 13:47:17.412 11115 11412 I art     : Starting a blocking GC Explicit
08-05 13:47:17.465 11115 11412 I art     : Explicit concurrent mark sweep GC freed 20(704B) AllocSpace objects, 0(0B) LOS objects, 29% free, 39MB/55MB, paused 406us total 52.559ms
08-05 13:47:17.481 11115 11412 I art     : Starting a blocking GC Explicit
08-05 13:47:17.532 11115 11412 I art     : Explicit concurrent mark sweep GC freed 3(96B) AllocSpace objects, 0(0B) LOS objects, 29% free, 39MB/55MB, paused 409us total 50.987ms
08-05 13:47:17.533 11115 11125 I art     : WaitForGcToComplete blocked for 27.842ms for cause HeapTrim
08-05 13:47:17.549 11115 11412 I art     : Starting a blocking GC Explicit
08-05 13:47:17.599 11115 11412 I art     : Explicit concurrent mark sweep GC freed 3(96B) AllocSpace objects, 0(0B) LOS objects, 29% free, 39MB/55MB, paused 399us total 49.877ms
08-05 13:47:17.615 11115 11412 I art     : Starting a blocking GC Explicit
08-05 13:47:17.662 11115 11412 I art     : Explicit concurrent mark sweep GC freed 3(96B) AllocSpace objects, 0(0B) LOS objects, 29% free, 39MB/55MB, paused 360us total 46.763ms
08-05 13:47:18.015 11115 11597 I art     : Starting a blocking GC Explicit
08-05 13:47:18.080 11115 11597 I art     : Explicit concurrent mark sweep GC freed 1358(83KB) AllocSpace objects, 1(20KB) LOS objects, 29% free, 39MB/55MB, paused 448us total 65.267ms
08-05 13:47:18.101 11115 11597 I art     : Starting a blocking GC Explicit
08-05 13:47:18.129 11115 14260 I RedditChangeDataIO: Writing tmp data file at '/data/user/0/baseline.org.quantumbadger.redreader/files/rr_change_data_tmp.dat'
08-05 13:47:18.129 11115 14260 I RedditChangeDataManager: Taking snapshot...
08-05 13:47:18.129 11115 14260 I RedditChangeDataManager: Writing to stream...
08-05 13:47:18.129 11115 14260 I RedditChangeDataManager: Wrote 6 entries for user ''
08-05 13:47:18.129 11115 14260 I RedditChangeDataManager: All entries written to stream.
08-05 13:47:18.130 11115 14260 I RedditChangeDataIO: Write successful. Atomically replacing data file...
08-05 13:47:18.130 11115 14260 I RedditChangeDataIO: Write complete.
08-05 13:47:18.130 11115 14260 I RedditChangeDataIO: 158 bytes written in 2 ms
08-05 13:47:18.152 11115 11597 I art     : Explicit concurrent mark sweep GC freed 99(5KB) AllocSpace objects, 1(68KB) LOS objects, 29% free, 39MB/55MB, paused 416us total 51.432ms
08-05 13:47:18.169 11115 11597 I art     : Starting a blocking GC Explicit
08-05 13:47:18.219 11115 11597 I art     : Explicit concurrent mark sweep GC freed 13(624B) AllocSpace objects, 0(0B) LOS objects, 29% free, 39MB/55MB, paused 402us total 50.499ms
08-05 13:47:18.235 11115 11597 I art     : Starting a blocking GC Explicit
08-05 13:47:18.287 11115 11597 I art     : Explicit concurrent mark sweep GC freed 3(96B) AllocSpace objects, 0(0B) LOS objects, 29% free, 39MB/55MB, paused 475us total 51.480ms
08-05 13:47:18.304 11115 11597 I art     : Starting a blocking GC Explicit
08-05 13:47:18.356 11115 11597 I art     : Explicit concurrent mark sweep GC freed 3(96B) AllocSpace objects, 0(0B) LOS objects, 29% free, 39MB/55MB, paused 448us total 52.559ms
08-05 13:47:18.688 11115 11127 I art     : Starting a blocking GC Explicit
08-05 13:47:18.751 11115 11127 I art     : Explicit concurrent mark sweep GC freed 1591(119KB) AllocSpace objects, 1(20KB) LOS objects, 29% free, 39MB/55MB, paused 373us total 63.166ms
08-05 13:47:18.767 11115 11127 I art     : Starting a blocking GC Explicit
08-05 13:47:18.815 11115 11127 I art     : Explicit concurrent mark sweep GC freed 85(2880B) AllocSpace objects, 0(0B) LOS objects, 29% free, 39MB/55MB, paused 350us total 47.643ms
08-05 13:47:18.831 11115 11127 I art     : Starting a blocking GC Explicit
08-05 13:47:18.882 11115 11127 I art     : Explicit concurrent mark sweep GC freed 3(96B) AllocSpace objects, 0(0B) LOS objects, 29% free, 39MB/55MB, paused 360us total 50.256ms
08-05 13:47:18.898 11115 11127 I art     : Starting a blocking GC Explicit
08-05 13:47:18.948 11115 11127 I art     : Explicit concurrent mark sweep GC freed 3(96B) AllocSpace objects, 0(0B) LOS objects, 29% free, 39MB/55MB, paused 383us total 49.598ms
08-05 13:47:18.956  5179  5194 D QcrilMsgTunnelSocket: readRilMessage: Buffer = [B@671e81d HexData = [010000000404000011000000514f454d484f4f4bef0308000100000003]
08-05 13:47:18.957  5179  5194 D QcrilMsgTunnelSocket: Rcvd UNSOL response with 28 bytes data for SUB0
08-05 13:47:18.957  5179  5194 D QcrilMsgTunnelSocket: Response ID 525295 is not served in this process.
08-05 13:47:18.957  5179  5194 D QcrilMsgTunnelSocket: To broadcast an Intent via the notifier to external apps
08-05 13:47:18.957  5179  5179 D QcrilMsgTunnelIfaceManager: handleMessage what = 0
08-05 13:47:18.958  5179  5179 D QcrilMsgTunnelIfaceManager: Broadcasting intent ACTION_UNSOL_RESPONSE_OEM_HOOK_RAW
08-05 13:47:18.960  5164  5164 D QC_RIL_OEM_HOOK: Received Broadcast Intent ACTION_UNSOL_RESPONSE_OEM_HOOK_RAW
08-05 13:47:18.960  5164  5164 D QC_RIL_OEM_HOOK: Oem ID in QCRILHOOK UNSOL RESP is QOEMHOOK
08-05 13:47:18.964 11115 11127 I art     : Starting a blocking GC Explicit
08-05 13:47:19.008 11115 11127 I art     : Explicit concurrent mark sweep GC freed 3(96B) AllocSpace objects, 0(0B) LOS objects, 29% free, 39MB/55MB, paused 351us total 43.925ms
08-05 13:47:19.348 11115 11126 I art     : Starting a blocking GC Explicit
08-05 13:47:19.397 11115 11126 I art     : Explicit concurrent mark sweep GC freed 1354(82KB) AllocSpace objects, 1(20KB) LOS objects, 29% free, 39MB/55MB, paused 410us total 49.202ms
08-05 13:47:19.413 11115 11126 I art     : Starting a blocking GC Explicit
08-05 13:47:19.462 11115 11126 I art     : Explicit concurrent mark sweep GC freed 20(704B) AllocSpace objects, 0(0B) LOS objects, 29% free, 39MB/55MB, paused 365us total 48.777ms
08-05 13:47:19.478 11115 11126 I art     : Starting a blocking GC Explicit
08-05 13:47:19.525 11115 11126 I art     : Explicit concurrent mark sweep GC freed 3(96B) AllocSpace objects, 0(0B) LOS objects, 29% free, 39MB/55MB, paused 366us total 47.419ms
08-05 13:47:19.541 11115 11126 I art     : Starting a blocking GC Explicit
08-05 13:47:19.589 11115 11126 I art     : Explicit concurrent mark sweep GC freed 3(96B) AllocSpace objects, 0(0B) LOS objects, 29% free, 39MB/55MB, paused 365us total 47.707ms
08-05 13:47:19.604 11115 11126 I art     : Starting a blocking GC Explicit
08-05 13:47:19.654 11115 11126 I art     : Explicit concurrent mark sweep GC freed 3(96B) AllocSpace objects, 0(0B) LOS objects, 29% free, 39MB/55MB, paused 368us total 49.025ms
08-05 13:47:19.792 14364 14364 D AndroidRuntime: >>>>>> START com.android.internal.os.RuntimeInit uid 2000 <<<<<<
08-05 13:47:19.798 14364 14364 D AndroidRuntime: CheckJNI is OFF
08-05 13:47:19.834 14364 14364 D ICU     : No timezone override file found: /data/misc/zoneinfo/current/icu/icu_tzdata.dat
08-05 13:47:19.866 14364 14364 I Radio-JNI: register_android_hardware_Radio DONE
08-05 13:47:19.887 14364 14364 D AndroidRuntime: Calling main entry com.android.commands.input.Input
08-05 13:47:19.889 14364 14364 I Input   : injectKeyEvent: KeyEvent { action=ACTION_DOWN, keyCode=KEYCODE_BACK, scanCode=0, metaState=0, flags=0x0, repeatCount=0, eventTime=798456302, downTime=798456302, deviceId=-1, source=0x101 }
08-05 13:47:19.894 14364 14364 I Input   : injectKeyEvent: KeyEvent { action=ACTION_UP, keyCode=KEYCODE_BACK, scanCode=0, metaState=0, flags=0x0, repeatCount=0, eventTime=798456302, downTime=798456302, deviceId=-1, source=0x101 }
08-05 13:47:19.901 14364 14364 D AndroidRuntime: Shutting down VM
08-05 13:47:19.946 13866 13866 I GoogleInputMethodServic: GoogleInputMethodService.onFinishInput():3138 
08-05 13:47:19.946 13866 13866 I GoogleInputMethodServic: GoogleInputMethodService.onStartInput():1808 
08-05 13:47:19.971 11115 11138 I art     : Starting a blocking GC Explicit
08-05 13:47:20.021 11115 11138 I art     : Explicit concurrent mark sweep GC freed 1608(91KB) AllocSpace objects, 1(20KB) LOS objects, 29% free, 39MB/55MB, paused 396us total 50.609ms
08-05 13:47:20.037 11115 11138 I art     : Starting a blocking GC Explicit
08-05 13:47:20.083 11115 11138 I art     : Explicit concurrent mark sweep GC freed 35(1232B) AllocSpace objects, 0(0B) LOS objects, 29% free, 39MB/55MB, paused 340us total 45.344ms
08-05 13:47:20.100 11115 11138 I art     : Starting a blocking GC Explicit
08-05 13:47:20.147 11115 11138 I art     : Explicit concurrent mark sweep GC freed 3(96B) AllocSpace objects, 0(0B) LOS objects, 29% free, 39MB/55MB, paused 395us total 47.041ms
08-05 13:47:20.162 11115 11138 I art     : Starting a blocking GC Explicit
08-05 13:47:20.208 11115 11138 I art     : Explicit concurrent mark sweep GC freed 3(96B) AllocSpace objects, 0(0B) LOS objects, 29% free, 39MB/55MB, paused 362us total 45.980ms
08-05 13:47:20.225 11115 11138 I art     : Starting a blocking GC Explicit
08-05 13:47:20.270 11115 11138 I art     : Explicit concurrent mark sweep GC freed 3(96B) AllocSpace objects, 0(0B) LOS objects, 29% free, 39MB/55MB, paused 364us total 44.812ms
08-05 13:47:20.272   380   380 W SurfaceFlinger: couldn't log to binary event log: overflow.
08-05 13:47:20.565 11115 11412 I art     : Starting a blocking GC Explicit
08-05 13:47:20.631 11115 11412 I art     : Explicit concurrent mark sweep GC freed 1416(84KB) AllocSpace objects, 1(20KB) LOS objects, 29% free, 39MB/55MB, paused 452us total 65.350ms
08-05 13:47:20.650 11115 11412 I art     : Starting a blocking GC Explicit
08-05 13:47:20.694 11115 11412 I art     : Explicit concurrent mark sweep GC freed 41343(2MB) AllocSpace objects, 5(140KB) LOS objects, 30% free, 36MB/52MB, paused 368us total 43.257ms
08-05 13:47:20.709 11115 11412 I art     : Starting a blocking GC Explicit
08-05 13:47:20.747 11115 11412 I art     : Explicit concurrent mark sweep GC freed 3(96B) AllocSpace objects, 0(0B) LOS objects, 30% free, 36MB/52MB, paused 388us total 38.541ms
08-05 13:47:20.762 11115 11412 I art     : Starting a blocking GC Explicit
08-05 13:47:20.800 11115 11412 I art     : Explicit concurrent mark sweep GC freed 3(96B) AllocSpace objects, 0(0B) LOS objects, 30% free, 36MB/52MB, paused 372us total 38.254ms
08-05 13:47:20.815 11115 11412 I art     : Starting a blocking GC Explicit
08-05 13:47:20.854 11115 11412 I art     : Explicit concurrent mark sweep GC freed 3(96B) AllocSpace objects, 0(0B) LOS objects, 30% free, 36MB/52MB, paused 402us total 39.732ms
08-05 13:47:21.166 11115 11597 I art     : Starting a blocking GC Explicit
08-05 13:47:21.206 11115 11597 I art     : Explicit concurrent mark sweep GC freed 1354(82KB) AllocSpace objects, 1(20KB) LOS objects, 30% free, 36MB/52MB, paused 399us total 39.487ms
08-05 13:47:21.220 11115 11597 I art     : Starting a blocking GC Explicit
08-05 13:47:21.258 11115 11597 I art     : Explicit concurrent mark sweep GC freed 20(704B) AllocSpace objects, 0(0B) LOS objects, 30% free, 36MB/52MB, paused 378us total 36.832ms
08-05 13:47:21.271 11115 11597 I art     : Starting a blocking GC Explicit
08-05 13:47:21.308 11115 11597 I art     : Explicit concurrent mark sweep GC freed 3(96B) AllocSpace objects, 0(0B) LOS objects, 30% free, 36MB/52MB, paused 363us total 36.643ms
08-05 13:47:21.322 11115 11597 I art     : Starting a blocking GC Explicit
08-05 13:47:21.359 11115 11597 I art     : Explicit concurrent mark sweep GC freed 3(96B) AllocSpace objects, 0(0B) LOS objects, 30% free, 36MB/52MB, paused 356us total 36.283ms
08-05 13:47:21.373 11115 11597 I art     : Starting a blocking GC Explicit
08-05 13:47:21.409 11115 11597 I art     : Explicit concurrent mark sweep GC freed 3(96B) AllocSpace objects, 0(0B) LOS objects, 30% free, 36MB/52MB, paused 366us total 36.543ms
08-05 13:47:21.572 14408 14408 D AndroidRuntime: >>>>>> START com.android.internal.os.RuntimeInit uid 2000 <<<<<<
08-05 13:47:21.578 14408 14408 D AndroidRuntime: CheckJNI is OFF
08-05 13:47:21.612 14408 14408 D ICU     : No timezone override file found: /data/misc/zoneinfo/current/icu/icu_tzdata.dat
08-05 13:47:21.644 14408 14408 I Radio-JNI: register_android_hardware_Radio DONE
08-05 13:47:21.666 14408 14408 D AndroidRuntime: Calling main entry com.android.commands.input.Input
08-05 13:47:21.667 14408 14408 I Input   : injectMotionEvent: MotionEvent { action=ACTION_DOWN, actionButton=0, id[0]=0, x[0]=600.0, y[0]=938.0, toolType[0]=TOOL_TYPE_UNKNOWN, buttonState=0, metaState=0, flags=0x0, edgeFlags=0x0, pointerCount=1, historySize=0, eventTime=798458080, downTime=798458080, deviceId=0, source=0x1002 }
08-05 13:47:21.671 14408 14408 I Input   : injectMotionEvent: MotionEvent { action=ACTION_UP, actionButton=0, id[0]=0, x[0]=600.0, y[0]=938.0, toolType[0]=TOOL_TYPE_UNKNOWN, buttonState=0, metaState=0, flags=0x0, edgeFlags=0x0, pointerCount=1, historySize=0, eventTime=798458080, downTime=798458080, deviceId=0, source=0x1002 }
08-05 13:47:21.672 14408 14408 D AndroidRuntime: Shutting down VM
08-05 13:47:21.678   512  2967 D audio_hw_primary: out_set_parameters: enter: usecase(1: low-latency-playback) kvpairs: routing=2
08-05 13:47:21.678   918  5481 I ActivityManager: START u0 {dat=https://gfycat.com/... cmp=baseline.org.quantumbadger.redreader/.activities.ImageViewActivity (has extras)} from uid 10689 on display 0
08-05 13:47:21.691   512  2967 D audio_hw_primary: select_devices: out_snd_device(2: speaker) in_snd_device(0: none)
08-05 13:47:21.691   512  2967 D msm8974_platform: platform_send_audio_calibration: sending audio calibration for snd_device(2) acdb_id(15)
08-05 13:47:21.691   512  2967 I soundtrigger: audio_extn_sound_trigger_update_device_status: device 0x2 of type 0 for Event 1
08-05 13:47:21.703 11115 11115 I ImageViewActivity: Loading URL https://gfycat.com/deadlygravecavy
08-05 13:47:21.704   512  2967 D audio_hw_primary: enable_snd_device: snd_device(2: speaker)
08-05 13:47:21.706   512  2967 D audio_hw_primary: enable_audio_route: apply and update mixer path: low-latency-playback speaker
08-05 13:47:21.713 11115 11693 I ImageViewActivity: Got image URL: https://giant.gfycat.com/DeadlyGraveCavy.mp4
08-05 13:47:21.713 11115 11693 I ImageViewActivity: Got image Type: video/mp4
08-05 13:47:21.713 11115 11693 I ImageViewActivity: Got media Type: VIDEO
08-05 13:47:21.713 11115 11693 I ImageViewActivity: Media type VIDEO detected
08-05 13:47:21.713 11115 11693 I ImageViewActivity: Proceeding with download
08-05 13:47:21.717 11115 14433 D OK      : calling: https://giant.gfycat.com/DeadlyGraveCavy.mp4
08-05 13:47:21.735 11115 11597 I art     : Starting a blocking GC Explicit
08-05 13:47:21.763 13866 13866 I GoogleInputMethodServic: GoogleInputMethodService.onFinishInput():3138 
08-05 13:47:21.763 13866 13866 I GoogleInputMethodServic: GoogleInputMethodService.onStartInput():1808 
08-05 13:47:21.769 11115 11597 I art     : Explicit concurrent mark sweep GC freed 3891(271KB) AllocSpace objects, 1(20KB) LOS objects, 30% free, 36MB/52MB, paused 415us total 34.194ms
08-05 13:47:21.785 11115 11597 I art     : Starting a blocking GC Explicit
08-05 13:47:21.788   918   936 I ActivityManager: Displayed baseline.org.quantumbadger.redreader/.activities.ImageViewActivity: +102ms
08-05 13:47:21.825 11115 11597 I art     : Explicit concurrent mark sweep GC freed 281(13KB) AllocSpace objects, 0(0B) LOS objects, 30% free, 36MB/52MB, paused 486us total 40.468ms
08-05 13:47:21.842 11115 11597 I art     : Starting a blocking GC Explicit
08-05 13:47:21.874 11115 11597 I art     : Explicit concurrent mark sweep GC freed 17(1648B) AllocSpace objects, 0(0B) LOS objects, 30% free, 36MB/52MB, paused 417us total 32.542ms
08-05 13:47:21.889 11115 11597 I art     : Starting a blocking GC Explicit
08-05 13:47:21.925 11115 11597 I art     : Explicit concurrent mark sweep GC freed 3(96B) AllocSpace objects, 0(0B) LOS objects, 30% free, 36MB/52MB, paused 407us total 35.805ms
08-05 13:47:21.941 11115 11597 I art     : Starting a blocking GC Explicit
08-05 13:47:21.989 11115 11597 I art     : Explicit concurrent mark sweep GC freed 1647(65KB) AllocSpace objects, 0(0B) LOS objects, 30% free, 36MB/52MB, paused 463us total 47.357ms
08-05 13:47:22.024   380   380 W SurfaceFlinger: couldn't log to binary event log: overflow.
08-05 13:47:22.120 11115 14433 I NAPPA_EXPERIMENTATION: MetricNetworkRequestExecutionTime: REQUEST_DURATION_SYSTEM='403',REQUEST_DURATION_OKHTTP='161',REQUEST_SYNCHRONOUS='TRUE',RESPONSE_CODE='200',RESPONSE_METHOD='GET',RESPONSE_LENGTH_OKHTTP='1942309',RESPONSE_LENGTH_HEADER='1942309',REQUEST_PROTOCOL='h2',REQUEST_URL='https://giant.gfycat.com/DeadlyGraveCavy.mp4',
08-05 13:47:22.120 11115 14433 D OK      : request got status: 200
08-05 13:47:22.248   512  2967 D audio_hw_primary: disable_audio_route: reset and update mixer path: low-latency-playback speaker
08-05 13:47:22.249   512  2967 D audio_hw_primary: disable_snd_device: snd_device(2: speaker)
08-05 13:47:22.260   512  2967 I soundtrigger: audio_extn_sound_trigger_update_device_status: device 0x2 of type 0 for Event 0
08-05 13:47:22.268 11115 11597 I art     : Starting a blocking GC Explicit
08-05 13:47:22.282  9322  9322 I ServiceManager: Waiting for service AtCmdFwd...
08-05 13:47:22.302 11115 11597 I art     : Explicit concurrent mark sweep GC freed 2637(167KB) AllocSpace objects, 1(20KB) LOS objects, 29% free, 38MB/54MB, paused 401us total 34.015ms
08-05 13:47:22.315 11115 11597 I art     : Starting a blocking GC Explicit
08-05 13:47:22.347 11115 11597 I art     : Explicit concurrent mark sweep GC freed 357(20KB) AllocSpace objects, 0(0B) LOS objects, 29% free, 38MB/54MB, paused 431us total 32.130ms
08-05 13:47:22.361 11115 11597 I art     : Starting a blocking GC Explicit
08-05 13:47:22.395 11115 11597 I art     : Explicit concurrent mark sweep GC freed 349(524KB) AllocSpace objects, 0(0B) LOS objects, 29% free, 37MB/53MB, paused 427us total 34.379ms
08-05 13:47:22.409 11115 11597 I art     : Starting a blocking GC Explicit
08-05 13:47:22.443 11115 11597 I art     : Explicit concurrent mark sweep GC freed 314(546KB) AllocSpace objects, 0(0B) LOS objects, 29% free, 37MB/53MB, paused 478us total 33.964ms
08-05 13:47:22.456 11115 11597 I art     : Starting a blocking GC Explicit
08-05 13:47:22.490 11115 11597 I art     : Explicit concurrent mark sweep GC freed 359(333KB) AllocSpace objects, 1(68KB) LOS objects, 30% free, 37MB/53MB, paused 392us total 33.679ms
08-05 13:47:22.495 11115 11115 I ImageViewActivity: Playing video using ExoPlayer
08-05 13:47:22.522 11115 11115 I ExoPlayerImpl: Init 98864b4 [ExoPlayerLib/2.10.8] [angler, Nexus 6P, Huawei, 23]
08-05 13:47:22.611 11115 14447 W VideoCapabilities: Unrecognized profile 2130706433 for video/avc
08-05 13:47:22.631 11115 14447 I VideoCapabilities: Unsupported profile 4 for video/mp4v-es
08-05 13:47:22.641 11115 14453 I OMXClient: Using client-side OMX mux.
08-05 13:47:22.708   512 12838 I OMX-VDEC-1080P: component_init: OMX.qcom.video.decoder.avc : fd=49
08-05 13:47:22.708   512 12838 I OMX-VDEC-1080P: Capabilities: driver_name = msm_vidc_driver, card = msm_vdec_8974, bus_info = , version = 1, capabilities = 4003000
08-05 13:47:22.712   512 12838 I OMX-VDEC-1080P: Enabling default extradata for OMX.qcom.video.decoder.avc
08-05 13:47:22.714   512 12838 I OMX-VDEC-1080P: omx_vdec::component_init() success : fd=49
08-05 13:47:22.716 11115 14452 I MediaCodec: [OMX.qcom.video.decoder.avc] setting surface generation to 11381761
08-05 13:47:22.718   512  3270 E OMX-VDEC-1080P: Extension: OMX.google.android.index.storeANWBufferInMetadata not implemented
08-05 13:47:22.740 11115 14453 D SurfaceUtils: set up nativeWindow 0x7f797d6610 for 360x306, color 0x7fa30c04, rotation 0, usage 0x42002900
08-05 13:47:22.768 11115 14453 D SurfaceUtils: set up nativeWindow 0x7f797d6610 for 368x320, color 0x7fa30c04, rotation 0, usage 0x42002900
08-05 13:47:22.776 11115 11412 I art     : Starting a blocking GC Explicit
08-05 13:47:22.820 11115 11412 I art     : Explicit concurrent mark sweep GC freed 10809(835KB) AllocSpace objects, 7(324KB) LOS objects, 28% free, 40MB/56MB, paused 697us total 43.622ms
08-05 13:47:22.837 11115 11412 I art     : Starting a blocking GC Explicit
08-05 13:47:22.876 11115 11412 I art     : Explicit concurrent mark sweep GC freed 468(20KB) AllocSpace objects, 0(0B) LOS objects, 28% free, 40MB/56MB, paused 365us total 39.164ms
08-05 13:47:22.890 11115 11412 I art     : Starting a blocking GC Explicit
08-05 13:47:22.927 11115 11412 I art     : Explicit concurrent mark sweep GC freed 22(768B) AllocSpace objects, 0(0B) LOS objects, 28% free, 40MB/56MB, paused 407us total 37.433ms
08-05 13:47:22.942 11115 11412 I art     : Starting a blocking GC Explicit
08-05 13:47:22.982 11115 11412 I art     : Explicit concurrent mark sweep GC freed 21(816B) AllocSpace objects, 0(0B) LOS objects, 28% free, 40MB/56MB, paused 428us total 39.390ms
08-05 13:47:22.997 11115 11412 I art     : Starting a blocking GC Explicit
08-05 13:47:23.036 11115 11412 I art     : Explicit concurrent mark sweep GC freed 20(720B) AllocSpace objects, 0(0B) LOS objects, 28% free, 40MB/56MB, paused 438us total 39.515ms
08-05 13:47:23.282  9322  9322 I ServiceManager: Waiting for service AtCmdFwd...
08-05 13:47:23.356 11115 11597 I art     : Starting a blocking GC Explicit
08-05 13:47:23.396 11115 11597 I art     : Explicit concurrent mark sweep GC freed 1475(87KB) AllocSpace objects, 1(20KB) LOS objects, 28% free, 40MB/56MB, paused 382us total 39.827ms
08-05 13:47:23.411 11115 11597 I art     : Starting a blocking GC Explicit
08-05 13:47:23.450 11115 11597 I art     : Explicit concurrent mark sweep GC freed 36(1328B) AllocSpace objects, 0(0B) LOS objects, 28% free, 40MB/56MB, paused 419us total 39.157ms
08-05 13:47:23.465 11115 11597 I art     : Starting a blocking GC Explicit
08-05 13:47:23.505 11115 11597 I art     : Explicit concurrent mark sweep GC freed 20(720B) AllocSpace objects, 0(0B) LOS objects, 28% free, 40MB/56MB, paused 415us total 40.345ms
08-05 13:47:23.520 11115 11597 I art     : Starting a blocking GC Explicit
08-05 13:47:23.559 11115 11597 I art     : Explicit concurrent mark sweep GC freed 23(832B) AllocSpace objects, 0(0B) LOS objects, 28% free, 40MB/56MB, paused 380us total 38.914ms
08-05 13:47:23.574 11115 11597 I art     : Starting a blocking GC Explicit
08-05 13:47:23.614 11115 11597 I art     : Explicit concurrent mark sweep GC freed 23(880B) AllocSpace objects, 0(0B) LOS objects, 28% free, 40MB/56MB, paused 399us total 39.461ms
08-05 13:47:23.954 11115 11126 I art     : Starting a blocking GC Explicit
08-05 13:47:23.998 11115 11126 I art     : Explicit concurrent mark sweep GC freed 1473(87KB) AllocSpace objects, 1(20KB) LOS objects, 28% free, 40MB/56MB, paused 461us total 43.116ms
08-05 13:47:24.013 11115 11126 I art     : Starting a blocking GC Explicit
08-05 13:47:24.053 11115 11126 I art     : Explicit concurrent mark sweep GC freed 42(1536B) AllocSpace objects, 0(0B) LOS objects, 28% free, 40MB/56MB, paused 427us total 39.410ms
08-05 13:47:24.068 11115 11126 I art     : Starting a blocking GC Explicit
08-05 13:47:24.107 11115 11126 I art     : Explicit concurrent mark sweep GC freed 21(784B) AllocSpace objects, 0(0B) LOS objects, 28% free, 40MB/56MB, paused 655us total 39.439ms
08-05 13:47:24.122 11115 11126 I art     : Starting a blocking GC Explicit
08-05 13:47:24.161 11115 11126 I art     : Explicit concurrent mark sweep GC freed 22(768B) AllocSpace objects, 0(0B) LOS objects, 28% free, 40MB/56MB, paused 385us total 39.301ms
08-05 13:47:24.176 11115 11126 I art     : Starting a blocking GC Explicit
08-05 13:47:24.216 11115 11126 I art     : Explicit concurrent mark sweep GC freed 21(816B) AllocSpace objects, 0(0B) LOS objects, 28% free, 40MB/56MB, paused 434us total 39.310ms
08-05 13:47:24.283  9322  9322 I ServiceManager: Waiting for service AtCmdFwd...
08-05 13:47:24.556 11115 11126 I art     : Starting a blocking GC Explicit
08-05 13:47:24.599 11115 11126 I art     : Explicit concurrent mark sweep GC freed 1477(87KB) AllocSpace objects, 1(20KB) LOS objects, 28% free, 40MB/56MB, paused 414us total 43.309ms
08-05 13:47:24.615 11115 11126 I art     : Starting a blocking GC Explicit
08-05 13:47:24.654 11115 11126 I art     : Explicit concurrent mark sweep GC freed 48(1744B) AllocSpace objects, 0(0B) LOS objects, 28% free, 40MB/56MB, paused 426us total 39.527ms
08-05 13:47:24.669 11115 11126 I art     : Starting a blocking GC Explicit
08-05 13:47:24.709 11115 11126 I art     : Explicit concurrent mark sweep GC freed 15(576B) AllocSpace objects, 0(0B) LOS objects, 28% free, 40MB/56MB, paused 425us total 39.706ms
08-05 13:47:24.724 11115 11126 I art     : Starting a blocking GC Explicit
08-05 13:47:24.764 11115 11126 I art     : Explicit concurrent mark sweep GC freed 24(864B) AllocSpace objects, 0(0B) LOS objects, 28% free, 40MB/56MB, paused 392us total 40.038ms
08-05 13:47:24.779 11115 11126 I art     : Starting a blocking GC Explicit
08-05 13:47:24.818 11115 11126 I art     : Explicit concurrent mark sweep GC freed 23(832B) AllocSpace objects, 0(0B) LOS objects, 28% free, 40MB/56MB, paused 413us total 39.104ms
08-05 13:47:25.161 11115 11597 I art     : Starting a blocking GC Explicit
08-05 13:47:25.204 11115 11597 I art     : Explicit concurrent mark sweep GC freed 1478(87KB) AllocSpace objects, 1(20KB) LOS objects, 28% free, 40MB/56MB, paused 451us total 42.536ms
08-05 13:47:25.219 11115 11597 I art     : Starting a blocking GC Explicit
08-05 13:47:25.259 11115 11597 I art     : Explicit concurrent mark sweep GC freed 34(1232B) AllocSpace objects, 0(0B) LOS objects, 28% free, 40MB/56MB, paused 413us total 39.523ms
08-05 13:47:25.274 11115 11597 I art     : Starting a blocking GC Explicit
08-05 13:47:25.283  9322  9322 I ServiceManager: Waiting for service AtCmdFwd...
08-05 13:47:25.315 11115 11597 I art     : Explicit concurrent mark sweep GC freed 27(1024B) AllocSpace objects, 0(0B) LOS objects, 28% free, 40MB/56MB, paused 389us total 40.536ms
08-05 13:47:25.330 11115 11597 I art     : Starting a blocking GC Explicit
08-05 13:47:25.369 11115 11597 I art     : Explicit concurrent mark sweep GC freed 20(720B) AllocSpace objects, 0(0B) LOS objects, 28% free, 40MB/56MB, paused 424us total 39.200ms
08-05 13:47:25.384 11115 11597 I art     : Starting a blocking GC Explicit
08-05 13:47:25.423 11115 11597 I art     : Explicit concurrent mark sweep GC freed 25(928B) AllocSpace objects, 0(0B) LOS objects, 28% free, 40MB/56MB, paused 426us total 39.139ms
08-05 13:47:25.748 11115 11597 I art     : Starting a blocking GC Explicit
08-05 13:47:25.794 11115 11597 I art     : Explicit concurrent mark sweep GC freed 1474(87KB) AllocSpace objects, 1(20KB) LOS objects, 28% free, 40MB/56MB, paused 429us total 45.602ms
08-05 13:47:25.810 11115 11597 I art     : Starting a blocking GC Explicit
08-05 13:47:25.849 11115 11597 I art     : Explicit concurrent mark sweep GC freed 40(1440B) AllocSpace objects, 0(0B) LOS objects, 28% free, 40MB/56MB, paused 405us total 38.221ms
08-05 13:47:25.864 11115 11597 I art     : Starting a blocking GC Explicit
08-05 13:47:25.899 11115 11597 I art     : Explicit concurrent mark sweep GC freed 20(720B) AllocSpace objects, 0(0B) LOS objects, 28% free, 40MB/56MB, paused 350us total 34.858ms
08-05 13:47:25.912 11115 11597 I art     : Starting a blocking GC Explicit
08-05 13:47:25.946 11115 11597 I art     : Explicit concurrent mark sweep GC freed 17(672B) AllocSpace objects, 0(0B) LOS objects, 28% free, 40MB/56MB, paused 384us total 33.800ms
08-05 13:47:25.960 11115 11597 I art     : Starting a blocking GC Explicit
08-05 13:47:25.994 11115 11597 I art     : Explicit concurrent mark sweep GC freed 24(864B) AllocSpace objects, 0(0B) LOS objects, 28% free, 40MB/56MB, paused 398us total 34.101ms
08-05 13:47:26.284  9322  9322 I ServiceManager: Waiting for service AtCmdFwd...
08-05 13:47:26.340 11115 11138 I art     : Starting a blocking GC Explicit
08-05 13:47:26.380 11115 11138 I art     : Explicit concurrent mark sweep GC freed 1478(87KB) AllocSpace objects, 1(20KB) LOS objects, 28% free, 40MB/56MB, paused 473us total 40.029ms
08-05 13:47:26.395 11115 11138 I art     : Starting a blocking GC Explicit
08-05 13:47:26.434 11115 11138 I art     : Explicit concurrent mark sweep GC freed 41(1472B) AllocSpace objects, 0(0B) LOS objects, 28% free, 40MB/56MB, paused 387us total 39.143ms
08-05 13:47:26.448 11115 11138 I art     : Starting a blocking GC Explicit
08-05 13:47:26.488 11115 11138 I art     : Explicit concurrent mark sweep GC freed 21(784B) AllocSpace objects, 0(0B) LOS objects, 28% free, 40MB/56MB, paused 431us total 39.288ms
08-05 13:47:26.502 11115 11138 I art     : Starting a blocking GC Explicit
08-05 13:47:26.541 11115 11138 I art     : Explicit concurrent mark sweep GC freed 23(832B) AllocSpace objects, 0(0B) LOS objects, 28% free, 40MB/56MB, paused 433us total 38.552ms
08-05 13:47:26.556 11115 11138 I art     : Starting a blocking GC Explicit
08-05 13:47:26.596 11115 11138 I art     : Explicit concurrent mark sweep GC freed 12(448B) AllocSpace objects, 0(0B) LOS objects, 28% free, 40MB/56MB, paused 414us total 39.570ms
08-05 13:47:26.689 11115 14432 I RedditChangeDataIO: Writing tmp data file at '/data/user/0/baseline.org.quantumbadger.redreader/files/rr_change_data_tmp.dat'
08-05 13:47:26.689 11115 14432 I RedditChangeDataManager: Taking snapshot...
08-05 13:47:26.689 11115 14432 I RedditChangeDataManager: Writing to stream...
08-05 13:47:26.689 11115 14432 I RedditChangeDataManager: Wrote 6 entries for user ''
08-05 13:47:26.690 11115 14432 I RedditChangeDataManager: All entries written to stream.
08-05 13:47:26.690 11115 14432 I RedditChangeDataIO: Write successful. Atomically replacing data file...
08-05 13:47:26.690 11115 14432 I RedditChangeDataIO: Write complete.
08-05 13:47:26.690 11115 14432 I RedditChangeDataIO: 158 bytes written in 1 ms
08-05 13:47:26.936 11115 11126 I art     : Starting a blocking GC Explicit
08-05 13:47:26.980 11115 11126 I art     : Explicit concurrent mark sweep GC freed 1571(92KB) AllocSpace objects, 2(88KB) LOS objects, 28% free, 40MB/56MB, paused 431us total 42.932ms
08-05 13:47:26.994 11115 11126 I art     : Starting a blocking GC Explicit
08-05 13:47:27.031 11115 11126 I art     : Explicit concurrent mark sweep GC freed 44(1568B) AllocSpace objects, 0(0B) LOS objects, 28% free, 40MB/56MB, paused 376us total 35.915ms
08-05 13:47:27.046 11115 11126 I art     : Starting a blocking GC Explicit
08-05 13:47:27.084 11115 11126 I art     : Explicit concurrent mark sweep GC freed 19(720B) AllocSpace objects, 0(0B) LOS objects, 28% free, 40MB/56MB, paused 447us total 38.203ms
08-05 13:47:27.098 11115 11126 I art     : Starting a blocking GC Explicit
08-05 13:47:27.136 11115 11126 I art     : Explicit concurrent mark sweep GC freed 20(720B) AllocSpace objects, 0(0B) LOS objects, 28% free, 40MB/56MB, paused 549us total 37.620ms
08-05 13:47:27.151 11115 11126 I art     : Starting a blocking GC Explicit
08-05 13:47:27.191 11115 11126 I art     : Explicit concurrent mark sweep GC freed 21(784B) AllocSpace objects, 0(0B) LOS objects, 28% free, 40MB/56MB, paused 422us total 39.322ms
08-05 13:47:27.284  9322  9322 W Atfwd_Sendcmd: AtCmdFwd service not published, waiting... retryCnt : 5
08-05 13:47:27.527 11115 11126 I art     : Starting a blocking GC Explicit
08-05 13:47:27.570 11115 11126 I art     : Explicit concurrent mark sweep GC freed 1666(119KB) AllocSpace objects, 1(20KB) LOS objects, 28% free, 40MB/56MB, paused 389us total 43.107ms
08-05 13:47:27.585 11115 11126 I art     : Starting a blocking GC Explicit
08-05 13:47:27.625 11115 11126 I art     : Explicit concurrent mark sweep GC freed 101(3KB) AllocSpace objects, 0(0B) LOS objects, 28% free, 40MB/56MB, paused 380us total 38.854ms
08-05 13:47:27.639 11115 11126 I art     : Starting a blocking GC Explicit
08-05 13:47:27.680 11115 11126 I art     : Explicit concurrent mark sweep GC freed 27(992B) AllocSpace objects, 0(0B) LOS objects, 28% free, 40MB/56MB, paused 431us total 40.080ms
08-05 13:47:27.695 11115 11126 I art     : Starting a blocking GC Explicit
08-05 13:47:27.734 11115 11126 I art     : Explicit concurrent mark sweep GC freed 12(448B) AllocSpace objects, 0(0B) LOS objects, 28% free, 40MB/56MB, paused 361us total 38.845ms
08-05 13:47:27.748 11115 11126 I art     : Starting a blocking GC Explicit
08-05 13:47:27.787 11115 11126 I art     : Explicit concurrent mark sweep GC freed 25(928B) AllocSpace objects, 0(0B) LOS objects, 28% free, 40MB/56MB, paused 467us total 38.470ms
08-05 13:47:28.093 11115 11412 I art     : Starting a blocking GC Explicit
08-05 13:47:28.135 11115 11412 I art     : Explicit concurrent mark sweep GC freed 1470(87KB) AllocSpace objects, 1(20KB) LOS objects, 28% free, 40MB/56MB, paused 377us total 41.767ms
08-05 13:47:28.150 11115 11412 I art     : Starting a blocking GC Explicit
08-05 13:47:28.189 11115 11412 I art     : Explicit concurrent mark sweep GC freed 42(1536B) AllocSpace objects, 0(0B) LOS objects, 28% free, 40MB/56MB, paused 387us total 38.848ms
08-05 13:47:28.203 11115 11412 I art     : Starting a blocking GC Explicit
08-05 13:47:28.241 11115 11412 I art     : Explicit concurrent mark sweep GC freed 14(512B) AllocSpace objects, 0(0B) LOS objects, 28% free, 40MB/56MB, paused 451us total 37.905ms
08-05 13:47:28.255 11115 11412 I art     : Starting a blocking GC Explicit
08-05 13:47:28.294 11115 11412 I art     : Explicit concurrent mark sweep GC freed 19(720B) AllocSpace objects, 0(0B) LOS objects, 28% free, 40MB/56MB, paused 393us total 38.491ms
08-05 13:47:28.309 11115 11412 I art     : Starting a blocking GC Explicit
08-05 13:47:28.348 11115 11412 I art     : Explicit concurrent mark sweep GC freed 22(832B) AllocSpace objects, 0(0B) LOS objects, 28% free, 40MB/56MB, paused 464us total 38.940ms
08-05 13:47:28.356 14550 14550 D AndroidRuntime: >>>>>> START com.android.internal.os.RuntimeInit uid 2000 <<<<<<
08-05 13:47:28.361 14550 14550 D AndroidRuntime: CheckJNI is OFF
08-05 13:47:28.392 14550 14550 D ICU     : No timezone override file found: /data/misc/zoneinfo/current/icu/icu_tzdata.dat
08-05 13:47:28.423 14550 14550 I Radio-JNI: register_android_hardware_Radio DONE
08-05 13:47:28.445 14550 14550 D AndroidRuntime: Calling main entry com.android.commands.input.Input
08-05 13:47:28.446 14550 14550 I Input   : injectKeyEvent: KeyEvent { action=ACTION_DOWN, keyCode=KEYCODE_BACK, scanCode=0, metaState=0, flags=0x0, repeatCount=0, eventTime=798464859, downTime=798464859, deviceId=-1, source=0x101 }
08-05 13:47:28.453 14550 14550 I Input   : injectKeyEvent: KeyEvent { action=ACTION_UP, keyCode=KEYCODE_BACK, scanCode=0, metaState=0, flags=0x0, repeatCount=0, eventTime=798464859, downTime=798464859, deviceId=-1, source=0x101 }
08-05 13:47:28.458 14550 14550 D AndroidRuntime: Shutting down VM
08-05 13:47:28.510 13866 13866 I GoogleInputMethodServic: GoogleInputMethodService.onFinishInput():3138 
08-05 13:47:28.511 13866 13866 I GoogleInputMethodServic: GoogleInputMethodService.onStartInput():1808 
08-05 13:47:28.562 11115 14452 I MediaCodec: [OMX.qcom.video.decoder.avc] setting surface generation to 11381762
08-05 13:47:28.563 11115 14453 D SurfaceUtils: set up nativeWindow 0x7f797d7410 for 368x320, color 0x7fa30c04, rotation 0, usage 0x42002900
08-05 13:47:28.627 11115 11412 I art     : Starting a blocking GC Explicit
08-05 13:47:28.662 11115 11412 I art     : Explicit concurrent mark sweep GC freed 1719(97KB) AllocSpace objects, 1(20KB) LOS objects, 28% free, 40MB/56MB, paused 367us total 34.569ms
08-05 13:47:28.676 11115 11412 I art     : Starting a blocking GC Explicit
08-05 13:47:28.711 11115 11412 I art     : Explicit concurrent mark sweep GC freed 42(1552B) AllocSpace objects, 0(0B) LOS objects, 28% free, 40MB/56MB, paused 373us total 35.126ms
08-05 13:47:28.725 11115 11412 I art     : Starting a blocking GC Explicit
08-05 13:47:28.760 11115 11412 I art     : Explicit concurrent mark sweep GC freed 16(560B) AllocSpace objects, 0(0B) LOS objects, 28% free, 40MB/56MB, paused 354us total 34.600ms
08-05 13:47:28.774 11115 11412 I art     : Starting a blocking GC Explicit
08-05 13:47:28.809 11115 11115 I ExoPlayerImpl: Release 98864b4 [ExoPlayerLib/2.10.8] [angler, Nexus 6P, Huawei, 23] [goog.exo.core, goog.exo.ui]
08-05 13:47:28.812 11115 11412 I art     : Explicit concurrent mark sweep GC freed 55(2224B) AllocSpace objects, 0(0B) LOS objects, 28% free, 40MB/56MB, paused 998us total 37.470ms
08-05 13:47:28.815   380   380 W SurfaceFlinger: couldn't log to binary event log: overflow.
08-05 13:47:28.828   512 12932 I OMX-VDEC-1080P: omx_vdec::component_deinit() complete
08-05 13:47:28.829 11115 11412 I art     : Starting a blocking GC Explicit
08-05 13:47:28.830   512 12932 I OMX-VDEC-1080P: Exit OMX vdec Destructor: fd=49
08-05 13:47:28.868 11115 11412 I art     : Explicit concurrent mark sweep GC freed 389(99KB) AllocSpace objects, 35(2MB) LOS objects, 29% free, 37MB/53MB, paused 432us total 38.388ms
08-05 13:47:29.160 11115 11138 I art     : Starting a blocking GC Explicit
08-05 13:47:29.201 11115 11138 I art     : Explicit concurrent mark sweep GC freed 1509(90KB) AllocSpace objects, 1(20KB) LOS objects, 29% free, 37MB/53MB, paused 384us total 41.258ms
08-05 13:47:29.216 11115 11138 I art     : Starting a blocking GC Explicit
08-05 13:47:29.256 11115 11138 I art     : Explicit concurrent mark sweep GC freed 2770(154KB) AllocSpace objects, 4(200KB) LOS objects, 29% free, 37MB/53MB, paused 408us total 39.504ms
08-05 13:47:29.270 11115 11138 I art     : Starting a blocking GC Explicit
08-05 13:47:29.309 11115 11138 I art     : Explicit concurrent mark sweep GC freed 3(96B) AllocSpace objects, 0(0B) LOS objects, 29% free, 37MB/53MB, paused 386us total 39.007ms
08-05 13:47:29.324 11115 11138 I art     : Starting a blocking GC Explicit
08-05 13:47:29.365 11115 11138 I art     : Explicit concurrent mark sweep GC freed 3(96B) AllocSpace objects, 0(0B) LOS objects, 29% free, 37MB/53MB, paused 403us total 40.954ms
08-05 13:47:29.380 11115 11138 I art     : Starting a blocking GC Explicit
08-05 13:47:29.422 11115 11138 I art     : Explicit concurrent mark sweep GC freed 3(96B) AllocSpace objects, 0(0B) LOS objects, 29% free, 37MB/53MB, paused 378us total 41.318ms
08-05 13:47:29.739 11115 11597 I art     : Starting a blocking GC Explicit
08-05 13:47:29.780 11115 11597 I art     : Explicit concurrent mark sweep GC freed 1354(82KB) AllocSpace objects, 1(20KB) LOS objects, 29% free, 37MB/53MB, paused 393us total 40.790ms
08-05 13:47:29.794 11115 11597 I art     : Starting a blocking GC Explicit
08-05 13:47:29.832 11115 11597 I art     : Explicit concurrent mark sweep GC freed 20(704B) AllocSpace objects, 0(0B) LOS objects, 29% free, 37MB/53MB, paused 375us total 37.764ms
08-05 13:47:29.847 11115 11597 I art     : Starting a blocking GC Explicit
08-05 13:47:29.885 11115 11597 I art     : Explicit concurrent mark sweep GC freed 3(96B) AllocSpace objects, 0(0B) LOS objects, 29% free, 37MB/53MB, paused 364us total 37.844ms
08-05 13:47:29.899 11115 11597 I art     : Starting a blocking GC Explicit
08-05 13:47:29.938 11115 11597 I art     : Explicit concurrent mark sweep GC freed 3(96B) AllocSpace objects, 0(0B) LOS objects, 29% free, 37MB/53MB, paused 379us total 38.933ms
08-05 13:47:29.953 11115 11597 I art     : Starting a blocking GC Explicit
08-05 13:47:29.993 11115 11597 I art     : Explicit concurrent mark sweep GC freed 3(96B) AllocSpace objects, 0(0B) LOS objects, 29% free, 37MB/53MB, paused 370us total 39.681ms
08-05 13:47:30.130 14605 14605 D AndroidRuntime: >>>>>> START com.android.internal.os.RuntimeInit uid 2000 <<<<<<
08-05 13:47:30.137 14605 14605 D AndroidRuntime: CheckJNI is OFF
08-05 13:47:30.170 14605 14605 D ICU     : No timezone override file found: /data/misc/zoneinfo/current/icu/icu_tzdata.dat
08-05 13:47:30.202 14605 14605 I Radio-JNI: register_android_hardware_Radio DONE
08-05 13:47:30.224 14605 14605 D AndroidRuntime: Calling main entry com.android.commands.input.Input
08-05 13:47:30.225 14605 14605 I Input   : injectMotionEvent: MotionEvent { action=ACTION_DOWN, actionButton=0, id[0]=0, x[0]=1340.0, y[0]=1100.0, toolType[0]=TOOL_TYPE_UNKNOWN, buttonState=0, metaState=0, flags=0x0, edgeFlags=0x0, pointerCount=1, historySize=0, eventTime=798466638, downTime=798466638, deviceId=0, source=0x1002 }
08-05 13:47:30.230 14605 14605 I Input   : injectMotionEvent: MotionEvent { action=ACTION_UP, actionButton=0, id[0]=0, x[0]=1340.0, y[0]=1100.0, toolType[0]=TOOL_TYPE_UNKNOWN, buttonState=0, metaState=0, flags=0x0, edgeFlags=0x0, pointerCount=1, historySize=0, eventTime=798466638, downTime=798466638, deviceId=0, source=0x1002 }
08-05 13:47:30.232 14605 14605 D AndroidRuntime: Shutting down VM
08-05 13:47:30.241   512  2967 D audio_hw_primary: out_set_parameters: enter: usecase(1: low-latency-playback) kvpairs: routing=2
08-05 13:47:30.242   918  3359 I ActivityManager: START u0 {dat=https://oauth.reddit.com/... cmp=baseline.org.quantumbadger.redreader/.activities.CommentListingActivity} from uid 10689 on display 0
08-05 13:47:30.254   512  2967 D audio_hw_primary: select_devices: out_snd_device(2: speaker) in_snd_device(0: none)
08-05 13:47:30.254   512  2967 D msm8974_platform: platform_send_audio_calibration: sending audio calibration for snd_device(2) acdb_id(15)
08-05 13:47:30.254   512  2967 I soundtrigger: audio_extn_sound_trigger_update_device_status: device 0x2 of type 0 for Event 1
08-05 13:47:30.264 11115 11115 I AppCompatViewInflater: app:theme is now deprecated. Please move to using android:theme instead.
08-05 13:47:30.267   512  2967 D audio_hw_primary: enable_snd_device: snd_device(2: speaker)
08-05 13:47:30.269   512  2967 D audio_hw_primary: enable_audio_route: apply and update mixer path: low-latency-playback speaker
08-05 13:47:30.280 11115 11693 I CommentListingActivity: COMMENTS session changed to f3018ef5-eefd-4f4a-91a7-864f5f4a0a3a
08-05 13:47:30.325 11115 11138 I art     : Starting a blocking GC Explicit
08-05 13:47:30.375 11115 11138 I art     : Explicit concurrent mark sweep GC freed 17758(948KB) AllocSpace objects, 1(20KB) LOS objects, 28% free, 39MB/55MB, paused 1.109ms total 49.626ms
08-05 13:47:30.390 11115 11138 I art     : Starting a blocking GC Explicit
08-05 13:47:30.400   918   936 I ActivityManager: Displayed baseline.org.quantumbadger.redreader/.activities.CommentListingActivity: +148ms
08-05 13:47:30.401 13866 13866 I GoogleInputMethodServic: GoogleInputMethodService.onFinishInput():3138 
08-05 13:47:30.403 13866 13866 I GoogleInputMethodServic: GoogleInputMethodService.onStartInput():1808 
08-05 13:47:30.443 11115 11138 I art     : Explicit concurrent mark sweep GC freed 13999(803KB) AllocSpace objects, 0(0B) LOS objects, 28% free, 39MB/55MB, paused 473us total 52.622ms
08-05 13:47:30.459 11115 11138 I art     : Starting a blocking GC Explicit
08-05 13:47:30.507 11115 11138 I art     : Explicit concurrent mark sweep GC freed 12800(568KB) AllocSpace objects, 0(0B) LOS objects, 28% free, 39MB/55MB, paused 432us total 48.092ms
08-05 13:47:30.522 11115 11138 I art     : Starting a blocking GC Explicit
08-05 13:47:30.576 11115 11138 I art     : Explicit concurrent mark sweep GC freed 64(3KB) AllocSpace objects, 0(0B) LOS objects, 28% free, 39MB/55MB, paused 350us total 53.074ms
08-05 13:47:30.594 11115 11138 I art     : Starting a blocking GC Explicit
08-05 13:47:30.651   380   380 W SurfaceFlinger: couldn't log to binary event log: overflow.
08-05 13:47:30.657 11115 11138 I art     : Explicit concurrent mark sweep GC freed 5(192B) AllocSpace objects, 0(0B) LOS objects, 28% free, 39MB/55MB, paused 449us total 62.414ms
08-05 13:47:30.820   512  2967 D audio_hw_primary: disable_audio_route: reset and update mixer path: low-latency-playback speaker
08-05 13:47:30.821   512  2967 D audio_hw_primary: disable_snd_device: snd_device(2: speaker)
08-05 13:47:30.830   512  2967 I soundtrigger: audio_extn_sound_trigger_update_device_status: device 0x2 of type 0 for Event 0
08-05 13:47:30.969 11115 11138 I art     : Starting a blocking GC Explicit
08-05 13:47:31.023 11115 11138 I art     : Explicit concurrent mark sweep GC freed 1504(87KB) AllocSpace objects, 1(20KB) LOS objects, 28% free, 39MB/55MB, paused 348us total 54.229ms
08-05 13:47:31.040 11115 11138 I art     : Starting a blocking GC Explicit
08-05 13:47:31.087 11115 11138 I art     : Explicit concurrent mark sweep GC freed 24(832B) AllocSpace objects, 0(0B) LOS objects, 28% free, 39MB/55MB, paused 419us total 46.720ms
08-05 13:47:31.102 11115 11138 I art     : Starting a blocking GC Explicit
08-05 13:47:31.152 11115 11138 I art     : Explicit concurrent mark sweep GC freed 3(96B) AllocSpace objects, 0(0B) LOS objects, 28% free, 39MB/55MB, paused 430us total 49.770ms
08-05 13:47:31.170 11115 11138 I art     : Starting a blocking GC Explicit
08-05 13:47:31.214 11115 11138 I art     : Explicit concurrent mark sweep GC freed 3(96B) AllocSpace objects, 0(0B) LOS objects, 28% free, 39MB/55MB, paused 365us total 43.767ms
08-05 13:47:31.230 11115 11138 I art     : Starting a blocking GC Explicit
08-05 13:47:31.280 11115 11138 I art     : Explicit concurrent mark sweep GC freed 3(96B) AllocSpace objects, 0(0B) LOS objects, 28% free, 39MB/55MB, paused 391us total 49.096ms
08-05 13:47:31.587 11115 11138 I art     : Starting a blocking GC Explicit
08-05 13:47:31.640 11115 11138 I art     : Explicit concurrent mark sweep GC freed 1354(82KB) AllocSpace objects, 1(20KB) LOS objects, 28% free, 39MB/55MB, paused 386us total 53.342ms
08-05 13:47:31.656 11115 11138 I art     : Starting a blocking GC Explicit
08-05 13:47:31.710 11115 11138 I art     : Explicit concurrent mark sweep GC freed 66(2528B) AllocSpace objects, 0(0B) LOS objects, 28% free, 39MB/55MB, paused 449us total 53.120ms
08-05 13:47:31.726 11115 11138 I art     : Starting a blocking GC Explicit
08-05 13:47:31.779 11115 11138 I art     : Explicit concurrent mark sweep GC freed 3(96B) AllocSpace objects, 0(0B) LOS objects, 28% free, 39MB/55MB, paused 389us total 52.512ms
08-05 13:47:31.795 11115 11138 I art     : Starting a blocking GC Explicit
08-05 13:47:31.847 11115 11138 I art     : Explicit concurrent mark sweep GC freed 3(96B) AllocSpace objects, 0(0B) LOS objects, 28% free, 39MB/55MB, paused 382us total 51.196ms
08-05 13:47:31.863 11115 11138 I art     : Starting a blocking GC Explicit
08-05 13:47:31.877   518   646 I ThermalEngine: ACTION: GPU - Setting GPU[0] to 450000000
08-05 13:47:31.929 11115 11138 I art     : Explicit concurrent mark sweep GC freed 3(96B) AllocSpace objects, 0(0B) LOS objects, 28% free, 39MB/55MB, paused 524us total 66.210ms
08-05 13:47:32.297 11115 11412 I art     : Starting a blocking GC Explicit
08-05 13:47:32.379 11115 11412 I art     : Explicit concurrent mark sweep GC freed 1354(82KB) AllocSpace objects, 1(20KB) LOS objects, 28% free, 39MB/55MB, paused 585us total 81.774ms
08-05 13:47:32.404 11115 11412 I art     : Starting a blocking GC Explicit
08-05 13:47:32.476 11115 11412 I art     : Explicit concurrent mark sweep GC freed 20(704B) AllocSpace objects, 0(0B) LOS objects, 28% free, 39MB/55MB, paused 524us total 71.803ms
08-05 13:47:32.498 11115 11412 I art     : Starting a blocking GC Explicit
08-05 13:47:32.570 11115 11412 I art     : Explicit concurrent mark sweep GC freed 3(96B) AllocSpace objects, 0(0B) LOS objects, 28% free, 39MB/55MB, paused 535us total 71.551ms
08-05 13:47:32.591 11115 11412 I art     : Starting a blocking GC Explicit
08-05 13:47:32.663 11115 11412 I art     : Explicit concurrent mark sweep GC freed 3(96B) AllocSpace objects, 0(0B) LOS objects, 28% free, 39MB/55MB, paused 531us total 71.551ms
08-05 13:47:32.685 11115 11412 I art     : Starting a blocking GC Explicit
08-05 13:47:32.756 11115 11412 I art     : Explicit concurrent mark sweep GC freed 3(96B) AllocSpace objects, 0(0B) LOS objects, 28% free, 39MB/55MB, paused 527us total 71.360ms
08-05 13:47:32.884   518   646 I ThermalEngine: ACTION: GPU - Setting GPU[0] to 510000000
08-05 13:47:33.117 11115 11126 I art     : Starting a blocking GC Explicit
08-05 13:47:33.187 11115 11126 I art     : Explicit concurrent mark sweep GC freed 1354(82KB) AllocSpace objects, 1(20KB) LOS objects, 28% free, 39MB/55MB, paused 442us total 69.970ms
08-05 13:47:33.189 11115 11125 I art     : WaitForGcToComplete blocked for 52.090ms for cause HeapTrim
08-05 13:47:33.208 11115 11126 I art     : Starting a blocking GC Explicit
08-05 13:47:33.260 11115 11126 I art     : Explicit concurrent mark sweep GC freed 20(704B) AllocSpace objects, 0(0B) LOS objects, 28% free, 39MB/55MB, paused 396us total 51.731ms
08-05 13:47:33.277 11115 11126 I art     : Starting a blocking GC Explicit
08-05 13:47:33.329 11115 11126 I art     : Explicit concurrent mark sweep GC freed 3(96B) AllocSpace objects, 0(0B) LOS objects, 28% free, 39MB/55MB, paused 385us total 51.794ms
08-05 13:47:33.346 11115 11126 I art     : Starting a blocking GC Explicit
08-05 13:47:33.398 11115 11126 I art     : Explicit concurrent mark sweep GC freed 3(96B) AllocSpace objects, 0(0B) LOS objects, 28% free, 39MB/55MB, paused 407us total 51.847ms
08-05 13:47:33.414 11115 11126 I art     : Starting a blocking GC Explicit
08-05 13:47:33.467 11115 11126 I art     : Explicit concurrent mark sweep GC freed 3(96B) AllocSpace objects, 0(0B) LOS objects, 28% free, 39MB/55MB, paused 465us total 52.589ms
08-05 13:47:33.820 11115 11127 I art     : Starting a blocking GC Explicit
08-05 13:47:33.890 11115 11127 I art     : Explicit concurrent mark sweep GC freed 1354(82KB) AllocSpace objects, 1(20KB) LOS objects, 28% free, 39MB/55MB, paused 450us total 70.184ms
08-05 13:47:33.912 11115 11127 I art     : Starting a blocking GC Explicit
08-05 13:47:33.964 11115 11127 I art     : Explicit concurrent mark sweep GC freed 20(704B) AllocSpace objects, 0(0B) LOS objects, 28% free, 39MB/55MB, paused 401us total 51.519ms
08-05 13:47:33.980 11115 11127 I art     : Starting a blocking GC Explicit
08-05 13:47:34.032 11115 11127 I art     : Explicit concurrent mark sweep GC freed 3(96B) AllocSpace objects, 0(0B) LOS objects, 28% free, 39MB/55MB, paused 396us total 51.353ms
08-05 13:47:34.049 11115 11127 I art     : Starting a blocking GC Explicit
08-05 13:47:34.099 11115 11127 I art     : Explicit concurrent mark sweep GC freed 3(96B) AllocSpace objects, 0(0B) LOS objects, 28% free, 39MB/55MB, paused 389us total 49.810ms
08-05 13:47:34.115 11115 11127 I art     : Starting a blocking GC Explicit
08-05 13:47:34.168 11115 11127 I art     : Explicit concurrent mark sweep GC freed 3(96B) AllocSpace objects, 0(0B) LOS objects, 28% free, 39MB/55MB, paused 428us total 52.698ms
08-05 13:47:34.461   918  3188 I hubconnection: sensorhub said: 'set_bias 3: -6.2400, 0.0000, 0.0000'
08-05 13:47:34.530 11115 11597 I art     : Starting a blocking GC Explicit
08-05 13:47:34.584 11115 11597 I art     : Explicit concurrent mark sweep GC freed 1354(82KB) AllocSpace objects, 1(20KB) LOS objects, 28% free, 39MB/55MB, paused 396us total 52.994ms
08-05 13:47:34.600 11115 11597 I art     : Starting a blocking GC Explicit
08-05 13:47:34.651 11115 11597 I art     : Explicit concurrent mark sweep GC freed 20(704B) AllocSpace objects, 0(0B) LOS objects, 28% free, 39MB/55MB, paused 383us total 50.909ms
08-05 13:47:34.666 11115 11597 I art     : Starting a blocking GC Explicit
08-05 13:47:34.717 11115 11597 I art     : Explicit concurrent mark sweep GC freed 3(96B) AllocSpace objects, 0(0B) LOS objects, 28% free, 39MB/55MB, paused 383us total 50.049ms
08-05 13:47:34.733 11115 11597 I art     : Starting a blocking GC Explicit
08-05 13:47:34.783 11115 11597 I art     : Explicit concurrent mark sweep GC freed 3(96B) AllocSpace objects, 0(0B) LOS objects, 28% free, 39MB/55MB, paused 391us total 49.682ms
08-05 13:47:34.799 11115 11597 I art     : Starting a blocking GC Explicit
08-05 13:47:34.849 11115 11597 I art     : Explicit concurrent mark sweep GC freed 3(96B) AllocSpace objects, 0(0B) LOS objects, 28% free, 39MB/55MB, paused 389us total 49.388ms
08-05 13:47:34.905 14691 14691 D AndroidRuntime: >>>>>> START com.android.internal.os.RuntimeInit uid 2000 <<<<<<
08-05 13:47:34.910 14691 14691 D AndroidRuntime: CheckJNI is OFF
08-05 13:47:34.944 14691 14691 D ICU     : No timezone override file found: /data/misc/zoneinfo/current/icu/icu_tzdata.dat
08-05 13:47:34.980 14691 14691 I Radio-JNI: register_android_hardware_Radio DONE
08-05 13:47:35.005 14691 14691 D AndroidRuntime: Calling main entry com.android.commands.input.Input
08-05 13:47:35.007 14691 14691 I Input   : injectKeyEvent: KeyEvent { action=ACTION_DOWN, keyCode=KEYCODE_BACK, scanCode=0, metaState=0, flags=0x0, repeatCount=0, eventTime=798471420, downTime=798471420, deviceId=-1, source=0x101 }
08-05 13:47:35.017 14691 14691 I Input   : injectKeyEvent: KeyEvent { action=ACTION_UP, keyCode=KEYCODE_BACK, scanCode=0, metaState=0, flags=0x0, repeatCount=0, eventTime=798471420, downTime=798471420, deviceId=-1, source=0x101 }
08-05 13:47:35.026 14691 14691 D AndroidRuntime: Shutting down VM
08-05 13:47:35.070 13866 13866 I GoogleInputMethodServic: GoogleInputMethodService.onFinishInput():3138 
08-05 13:47:35.070 13866 13866 I GoogleInputMethodServic: GoogleInputMethodService.onStartInput():1808 
08-05 13:47:35.147 11115 11597 I art     : Starting a blocking GC Explicit
08-05 13:47:35.207 11115 11597 I art     : Explicit concurrent mark sweep GC freed 1625(92KB) AllocSpace objects, 1(20KB) LOS objects, 28% free, 39MB/55MB, paused 358us total 59.489ms
08-05 13:47:35.229 11115 11597 I art     : Starting a blocking GC Explicit
08-05 13:47:35.254 11115 14629 I RedditChangeDataIO: Writing tmp data file at '/data/user/0/baseline.org.quantumbadger.redreader/files/rr_change_data_tmp.dat'
08-05 13:47:35.254 11115 14629 I RedditChangeDataManager: Taking snapshot...
08-05 13:47:35.254 11115 14629 I RedditChangeDataManager: Writing to stream...
08-05 13:47:35.254 11115 14629 I RedditChangeDataManager: Wrote 6 entries for user ''
08-05 13:47:35.255 11115 14629 I RedditChangeDataManager: All entries written to stream.
08-05 13:47:35.255 11115 14629 I RedditChangeDataIO: Write successful. Atomically replacing data file...
08-05 13:47:35.255 11115 14629 I RedditChangeDataIO: Write complete.
08-05 13:47:35.255 11115 14629 I RedditChangeDataIO: 158 bytes written in 1 ms
08-05 13:47:35.289 11115 11597 I art     : Explicit concurrent mark sweep GC freed 103(5KB) AllocSpace objects, 1(68KB) LOS objects, 28% free, 39MB/55MB, paused 375us total 59.260ms
08-05 13:47:35.308 11115 11597 I art     : Starting a blocking GC Explicit
08-05 13:47:35.367 11115 11597 I art     : Explicit concurrent mark sweep GC freed 13(624B) AllocSpace objects, 0(0B) LOS objects, 28% free, 39MB/55MB, paused 331us total 59.026ms
08-05 13:47:35.373   380   380 W SurfaceFlinger: couldn't log to binary event log: overflow.
08-05 13:47:35.386 11115 11597 I art     : Starting a blocking GC Explicit
08-05 13:47:35.430 11115 11597 I art     : Explicit concurrent mark sweep GC freed 55(2064B) AllocSpace objects, 0(0B) LOS objects, 28% free, 39MB/55MB, paused 358us total 44.597ms
08-05 13:47:35.446 11115 11597 I art     : Starting a blocking GC Explicit
08-05 13:47:35.485 11115 11597 I art     : Explicit concurrent mark sweep GC freed 41379(2MB) AllocSpace objects, 5(140KB) LOS objects, 29% free, 37MB/53MB, paused 352us total 38.916ms
08-05 13:47:35.774 24365 29314 I NetworkScheduler.Stats: Task com.google.android.apps.gcs/ started execution. cause:4 exec_start_elapsed_seconds: 1781859 [CONTEXT service_id=218 ]
08-05 13:47:35.775  6687 14725 W Gcs.WfaEliRefreshTask: [26532] afk.b: NULL eligibility response.
08-05 13:47:35.778 24365 29314 I NetworkScheduler.Stats: Task com.google.android.apps.gcs/ finished executing. cause:4 result: 3 elapsed_millis: 7 uptime_millis: 8 exec_start_elapsed_seconds: 1781859 [CONTEXT service_id=218 ]
08-05 13:47:35.796 11115 11138 I art     : Starting a blocking GC Explicit
08-05 13:47:35.838 11115 11138 I art     : Explicit concurrent mark sweep GC freed 1354(82KB) AllocSpace objects, 1(20KB) LOS objects, 29% free, 37MB/53MB, paused 521us total 41.581ms
08-05 13:47:35.852 11115 11138 I art     : Starting a blocking GC Explicit
08-05 13:47:35.894 11115 11138 I art     : Explicit concurrent mark sweep GC freed 20(704B) AllocSpace objects, 0(0B) LOS objects, 29% free, 37MB/53MB, paused 390us total 41.169ms
08-05 13:47:35.909 11115 11138 I art     : Starting a blocking GC Explicit
08-05 13:47:35.949 11115 11138 I art     : Explicit concurrent mark sweep GC freed 3(96B) AllocSpace objects, 0(0B) LOS objects, 29% free, 37MB/53MB, paused 386us total 39.517ms
08-05 13:47:35.964 11115 11138 I art     : Starting a blocking GC Explicit
08-05 13:47:36.006 11115 11138 I art     : Explicit concurrent mark sweep GC freed 3(96B) AllocSpace objects, 0(0B) LOS objects, 29% free, 37MB/53MB, paused 418us total 41.377ms
08-05 13:47:36.021 11115 11138 I art     : Starting a blocking GC Explicit
08-05 13:47:36.062 11115 11138 I art     : Explicit concurrent mark sweep GC freed 3(96B) AllocSpace objects, 0(0B) LOS objects, 29% free, 37MB/53MB, paused 393us total 40.118ms
08-05 13:47:36.365 11115 11126 I art     : Starting a blocking GC Explicit
08-05 13:47:36.406 11115 11126 I art     : Explicit concurrent mark sweep GC freed 1354(82KB) AllocSpace objects, 1(20KB) LOS objects, 29% free, 37MB/53MB, paused 391us total 40.377ms
08-05 13:47:36.421 11115 11126 I art     : Starting a blocking GC Explicit
08-05 13:47:36.459 11115 11126 I art     : Explicit concurrent mark sweep GC freed 20(704B) AllocSpace objects, 0(0B) LOS objects, 29% free, 37MB/53MB, paused 375us total 38.591ms
08-05 13:47:36.474 11115 11126 I art     : Starting a blocking GC Explicit
08-05 13:47:36.512 11115 11126 I art     : Explicit concurrent mark sweep GC freed 3(96B) AllocSpace objects, 0(0B) LOS objects, 29% free, 37MB/53MB, paused 377us total 38.009ms
08-05 13:47:36.526 11115 11126 I art     : Starting a blocking GC Explicit
08-05 13:47:36.564 11115 11126 I art     : Explicit concurrent mark sweep GC freed 3(96B) AllocSpace objects, 0(0B) LOS objects, 29% free, 37MB/53MB, paused 384us total 38.178ms
08-05 13:47:36.579 11115 11126 I art     : Starting a blocking GC Explicit
08-05 13:47:36.617 11115 11126 I art     : Explicit concurrent mark sweep GC freed 3(96B) AllocSpace objects, 0(0B) LOS objects, 29% free, 37MB/53MB, paused 394us total 38.209ms
08-05 13:47:36.696 14732 14732 D AndroidRuntime: >>>>>> START com.android.internal.os.RuntimeInit uid 2000 <<<<<<
08-05 13:47:36.702 14732 14732 D AndroidRuntime: CheckJNI is OFF
08-05 13:47:36.740 14732 14732 D ICU     : No timezone override file found: /data/misc/zoneinfo/current/icu/icu_tzdata.dat
08-05 13:47:36.777 14732 14732 I Radio-JNI: register_android_hardware_Radio DONE
08-05 13:47:36.799 14732 14732 D AndroidRuntime: Calling main entry com.android.commands.input.Input
08-05 13:47:36.801 14732 14732 I Input   : injectKeyEvent: KeyEvent { action=ACTION_DOWN, keyCode=KEYCODE_BACK, scanCode=0, metaState=0, flags=0x0, repeatCount=0, eventTime=798473214, downTime=798473214, deviceId=-1, source=0x101 }
08-05 13:47:36.805 14732 14732 I Input   : injectKeyEvent: KeyEvent { action=ACTION_UP, keyCode=KEYCODE_BACK, scanCode=0, metaState=0, flags=0x0, repeatCount=0, eventTime=798473214, downTime=798473214, deviceId=-1, source=0x101 }
08-05 13:47:36.811 14732 14732 D AndroidRuntime: Shutting down VM
08-05 13:47:36.853 13866 13866 I GoogleInputMethodServic: GoogleInputMethodService.onFinishInput():3138 
08-05 13:47:36.854 13866 13866 I GoogleInputMethodServic: GoogleInputMethodService.onStartInput():1808 
08-05 13:47:36.918 11115 11126 I art     : Starting a blocking GC Explicit
08-05 13:47:36.953 11115 11126 I art     : Explicit concurrent mark sweep GC freed 1534(88KB) AllocSpace objects, 1(20KB) LOS objects, 29% free, 37MB/53MB, paused 351us total 35.158ms
08-05 13:47:36.967 11115 11126 I art     : Starting a blocking GC Explicit
08-05 13:47:37.005 11115 11126 I art     : Explicit concurrent mark sweep GC freed 24(864B) AllocSpace objects, 0(0B) LOS objects, 29% free, 37MB/53MB, paused 361us total 37.949ms
08-05 13:47:37.020 11115 11126 I art     : Starting a blocking GC Explicit
08-05 13:47:37.057 11115 11126 I art     : Explicit concurrent mark sweep GC freed 3(96B) AllocSpace objects, 0(0B) LOS objects, 29% free, 37MB/53MB, paused 375us total 37.004ms
08-05 13:47:37.072 11115 11126 I art     : Starting a blocking GC Explicit
08-05 13:47:37.110 11115 11126 I art     : Explicit concurrent mark sweep GC freed 3(96B) AllocSpace objects, 0(0B) LOS objects, 29% free, 37MB/53MB, paused 315us total 37.083ms
08-05 13:47:37.125 11115 11126 I art     : Starting a blocking GC Explicit
08-05 13:47:37.163 11115 11126 I art     : Explicit concurrent mark sweep GC freed 41(1360B) AllocSpace objects, 0(0B) LOS objects, 29% free, 37MB/53MB, paused 336us total 37.446ms
08-05 13:47:37.469 11115 11138 I art     : Starting a blocking GC Explicit
08-05 13:47:37.518 11115 11138 I art     : Explicit concurrent mark sweep GC freed 1374(83KB) AllocSpace objects, 1(20KB) LOS objects, 29% free, 37MB/53MB, paused 485us total 48.847ms
08-05 13:47:37.536 11115 11138 I art     : Starting a blocking GC Explicit
08-05 13:47:37.578 11115 11138 I art     : Explicit concurrent mark sweep GC freed 150(7KB) AllocSpace objects, 0(0B) LOS objects, 29% free, 37MB/53MB, paused 443us total 42.063ms
08-05 13:47:37.593 11115 11138 I art     : Starting a blocking GC Explicit
08-05 13:47:37.633 11115 11138 I art     : Explicit concurrent mark sweep GC freed 3(96B) AllocSpace objects, 0(0B) LOS objects, 29% free, 37MB/53MB, paused 405us total 39.948ms
08-05 13:47:37.648 11115 11138 I art     : Starting a blocking GC Explicit
08-05 13:47:37.689 11115 11138 I art     : Explicit concurrent mark sweep GC freed 3(96B) AllocSpace objects, 0(0B) LOS objects, 29% free, 37MB/53MB, paused 452us total 41.401ms
08-05 13:47:37.704 11115 11138 I art     : Starting a blocking GC Explicit
08-05 13:47:37.745 11115 11138 I art     : Explicit concurrent mark sweep GC freed 3(96B) AllocSpace objects, 0(0B) LOS objects, 29% free, 37MB/53MB, paused 420us total 40.544ms
08-05 13:47:38.073 11115 11597 I art     : Starting a blocking GC Explicit
08-05 13:47:38.115 11115 11597 I art     : Explicit concurrent mark sweep GC freed 1354(82KB) AllocSpace objects, 1(20KB) LOS objects, 29% free, 37MB/53MB, paused 417us total 42.428ms
08-05 13:47:38.130 11115 11597 I art     : Starting a blocking GC Explicit
08-05 13:47:38.170 11115 11597 I art     : Explicit concurrent mark sweep GC freed 20(704B) AllocSpace objects, 0(0B) LOS objects, 29% free, 37MB/53MB, paused 398us total 39.852ms
08-05 13:47:38.184 11115 11597 I art     : Starting a blocking GC Explicit
08-05 13:47:38.223 11115 11597 I art     : Explicit concurrent mark sweep GC freed 3(96B) AllocSpace objects, 0(0B) LOS objects, 29% free, 37MB/53MB, paused 398us total 38.706ms
08-05 13:47:38.237 11115 11597 I art     : Starting a blocking GC Explicit
08-05 13:47:38.276 11115 11597 I art     : Explicit concurrent mark sweep GC freed 3(96B) AllocSpace objects, 0(0B) LOS objects, 29% free, 37MB/53MB, paused 404us total 38.675ms
08-05 13:47:38.276 11115 11125 I art     : WaitForGcToComplete blocked for 16.103ms for cause HeapTrim
08-05 13:47:38.291 11115 11597 I art     : Starting a blocking GC Explicit
08-05 13:47:38.329 11115 11597 I art     : Explicit concurrent mark sweep GC freed 3(96B) AllocSpace objects, 0(0B) LOS objects, 29% free, 37MB/53MB, paused 414us total 38.567ms
08-05 13:47:38.468 14780 14780 D AndroidRuntime: >>>>>> START com.android.internal.os.RuntimeInit uid 2000 <<<<<<
08-05 13:47:38.474 14780 14780 D AndroidRuntime: CheckJNI is OFF
08-05 13:47:38.509 14780 14780 D ICU     : No timezone override file found: /data/misc/zoneinfo/current/icu/icu_tzdata.dat
08-05 13:47:38.541 14780 14780 I Radio-JNI: register_android_hardware_Radio DONE
08-05 13:47:38.562 14780 14780 D AndroidRuntime: Calling main entry com.android.commands.input.Input
08-05 13:47:38.563 14780 14780 I Input   : injectMotionEvent: MotionEvent { action=ACTION_DOWN, actionButton=0, id[0]=0, x[0]=600.0, y[0]=1733.0, toolType[0]=TOOL_TYPE_UNKNOWN, buttonState=0, metaState=0, flags=0x0, edgeFlags=0x0, pointerCount=1, historySize=0, eventTime=798474976, downTime=798474976, deviceId=0, source=0x1002 }
08-05 13:47:38.569 14780 14780 I Input   : injectMotionEvent: MotionEvent { action=ACTION_UP, actionButton=0, id[0]=0, x[0]=600.0, y[0]=1733.0, toolType[0]=TOOL_TYPE_UNKNOWN, buttonState=0, metaState=0, flags=0x0, edgeFlags=0x0, pointerCount=1, historySize=0, eventTime=798474976, downTime=798474976, deviceId=0, source=0x1002 }
08-05 13:47:38.571 14780 14780 D AndroidRuntime: Shutting down VM
08-05 13:47:38.580   512  2967 D audio_hw_primary: out_set_parameters: enter: usecase(1: low-latency-playback) kvpairs: routing=2
08-05 13:47:38.581   918  3670 I ActivityManager: START u0 {dat=https://oauth.reddit.com/... cmp=baseline.org.quantumbadger.redreader/.activities.PostListingActivity} from uid 10689 on display 0
08-05 13:47:38.592   512  2967 D audio_hw_primary: select_devices: out_snd_device(2: speaker) in_snd_device(0: none)
08-05 13:47:38.592   512  2967 D msm8974_platform: platform_send_audio_calibration: sending audio calibration for snd_device(2) acdb_id(15)
08-05 13:47:38.593   512  2967 I soundtrigger: audio_extn_sound_trigger_update_device_status: device 0x2 of type 0 for Event 1
08-05 13:47:38.604 11115 11115 I AppCompatViewInflater: app:theme is now deprecated. Please move to using android:theme instead.
08-05 13:47:38.605   512  2967 D audio_hw_primary: enable_snd_device: snd_device(2: speaker)
08-05 13:47:38.607   512  2967 D audio_hw_primary: enable_audio_route: apply and update mixer path: low-latency-playback speaker
08-05 13:47:38.626 11115 14804 D OK      : calling: https://oauth.reddit.com/r/aww/about.json
08-05 13:47:38.640 11115 11597 I art     : Starting a blocking GC Explicit
08-05 13:47:38.677 11115 11597 I art     : Explicit concurrent mark sweep GC freed 2846(179KB) AllocSpace objects, 1(20KB) LOS objects, 29% free, 37MB/53MB, paused 843us total 36.975ms
08-05 13:47:38.690   918   936 I ActivityManager: Displayed baseline.org.quantumbadger.redreader/.activities.PostListingActivity: +98ms
08-05 13:47:38.690 13866 13866 I GoogleInputMethodServic: GoogleInputMethodService.onFinishInput():3138 
08-05 13:47:38.692 13866 13866 I GoogleInputMethodServic: GoogleInputMethodService.onStartInput():1808 
08-05 13:47:38.692 11115 11597 I art     : Starting a blocking GC Explicit
08-05 13:47:38.728 11115 11597 I art     : Explicit concurrent mark sweep GC freed 599(32KB) AllocSpace objects, 0(0B) LOS objects, 29% free, 37MB/53MB, paused 482us total 35.861ms
08-05 13:47:38.741 11115 11597 I art     : Starting a blocking GC Explicit
08-05 13:47:38.777 11115 11597 I art     : Explicit concurrent mark sweep GC freed 34(1456B) AllocSpace objects, 0(0B) LOS objects, 29% free, 37MB/53MB, paused 378us total 35.059ms
08-05 13:47:38.791 11115 11597 I art     : Starting a blocking GC Explicit
08-05 13:47:38.831 11115 11597 I art     : Explicit concurrent mark sweep GC freed 1845(72KB) AllocSpace objects, 0(0B) LOS objects, 29% free, 37MB/53MB, paused 479us total 39.630ms
08-05 13:47:38.846 11115 11597 I art     : Starting a blocking GC Explicit
08-05 13:47:38.886 11115 11597 I art     : Explicit concurrent mark sweep GC freed 183(6KB) AllocSpace objects, 0(0B) LOS objects, 29% free, 37MB/53MB, paused 462us total 39.528ms
08-05 13:47:38.944   380   380 W SurfaceFlinger: couldn't log to binary event log: overflow.
08-05 13:47:38.968 11115 14804 I NAPPA_EXPERIMENTATION: MetricNetworkRequestExecutionTime: REQUEST_DURATION_SYSTEM='342',REQUEST_DURATION_OKHTTP='156',REQUEST_SYNCHRONOUS='TRUE',RESPONSE_CODE='200',RESPONSE_METHOD='GET',RESPONSE_LENGTH_OKHTTP='-1',RESPONSE_LENGTH_HEADER='3478',REQUEST_PROTOCOL='h2',REQUEST_URL='https://oauth.reddit.com/r/aww/about.json',
08-05 13:47:38.968 11115 14804 D OK      : request got status: 200
08-05 13:47:39.150   512  2967 D audio_hw_primary: disable_audio_route: reset and update mixer path: low-latency-playback speaker
08-05 13:47:39.151   512  2967 D audio_hw_primary: disable_snd_device: snd_device(2: speaker)
08-05 13:47:39.158   512  2967 I soundtrigger: audio_extn_sound_trigger_update_device_status: device 0x2 of type 0 for Event 0
08-05 13:47:39.170 11115 11597 I art     : Starting a blocking GC Explicit
08-05 13:47:39.206 11115 11597 I art     : Explicit concurrent mark sweep GC freed 2830(277KB) AllocSpace objects, 3(156KB) LOS objects, 29% free, 37MB/53MB, paused 378us total 36.235ms
08-05 13:47:39.220 11115 11597 I art     : Starting a blocking GC Explicit
08-05 13:47:39.256 11115 11597 I art     : Explicit concurrent mark sweep GC freed 201(10KB) AllocSpace objects, 0(0B) LOS objects, 29% free, 37MB/53MB, paused 424us total 36.366ms
08-05 13:47:39.270 11115 11597 I art     : Starting a blocking GC Explicit
08-05 13:47:39.308 11115 11597 I art     : Explicit concurrent mark sweep GC freed 16(640B) AllocSpace objects, 0(0B) LOS objects, 29% free, 37MB/53MB, paused 464us total 37.408ms
08-05 13:47:39.323 11115 11597 I art     : Starting a blocking GC Explicit
08-05 13:47:39.364 11115 11597 I art     : Explicit concurrent mark sweep GC freed 25(1024B) AllocSpace objects, 0(0B) LOS objects, 29% free, 37MB/53MB, paused 387us total 41.065ms
08-05 13:47:39.379 11115 11597 I art     : Starting a blocking GC Explicit
08-05 13:47:39.419 11115 11597 I art     : Explicit concurrent mark sweep GC freed 3(96B) AllocSpace objects, 0(0B) LOS objects, 29% free, 37MB/53MB, paused 434us total 39.065ms
08-05 13:47:39.437  5179  5194 D QcrilMsgTunnelSocket: readRilMessage: Buffer = [B@671e81d HexData = [010000000404000011000000514f454d484f4f4bef0308000100000003]
08-05 13:47:39.437  5179  5194 D QcrilMsgTunnelSocket: Rcvd UNSOL response with 28 bytes data for SUB0
08-05 13:47:39.437  5179  5194 D QcrilMsgTunnelSocket: Response ID 525295 is not served in this process.
08-05 13:47:39.437  5179  5194 D QcrilMsgTunnelSocket: To broadcast an Intent via the notifier to external apps
08-05 13:47:39.437  5179  5179 D QcrilMsgTunnelIfaceManager: handleMessage what = 0
08-05 13:47:39.437  5179  5179 D QcrilMsgTunnelIfaceManager: Broadcasting intent ACTION_UNSOL_RESPONSE_OEM_HOOK_RAW
08-05 13:47:39.439  5164  5164 D QC_RIL_OEM_HOOK: Received Broadcast Intent ACTION_UNSOL_RESPONSE_OEM_HOOK_RAW
08-05 13:47:39.439  5164  5164 D QC_RIL_OEM_HOOK: Oem ID in QCRILHOOK UNSOL RESP is QOEMHOOK
08-05 13:47:39.742 11115 11597 I art     : Starting a blocking GC Explicit
08-05 13:47:39.785 11115 11597 I art     : Explicit concurrent mark sweep GC freed 1378(83KB) AllocSpace objects, 1(20KB) LOS objects, 29% free, 37MB/53MB, paused 511us total 42.757ms
08-05 13:47:39.801 11115 11597 I art     : Starting a blocking GC Explicit
08-05 13:47:39.826 11115 14835 D OK      : calling: https://oauth.reddit.com/r/aww/hot/.json
08-05 13:47:39.842 11115 11597 I art     : Explicit concurrent mark sweep GC freed 111(4KB) AllocSpace objects, 0(0B) LOS objects, 29% free, 37MB/53MB, paused 494us total 40.884ms
08-05 13:47:39.856 11115 11597 I art     : Starting a blocking GC Explicit
08-05 13:47:39.897 11115 11597 I art     : Explicit concurrent mark sweep GC freed 10(384B) AllocSpace objects, 0(0B) LOS objects, 29% free, 37MB/53MB, paused 533us total 40.121ms
08-05 13:47:39.911 11115 11597 I art     : Starting a blocking GC Explicit
08-05 13:47:39.949 11115 11597 I art     : Explicit concurrent mark sweep GC freed 3(96B) AllocSpace objects, 0(0B) LOS objects, 29% free, 37MB/53MB, paused 461us total 37.555ms
08-05 13:47:39.963 11115 11597 I art     : Starting a blocking GC Explicit
08-05 13:47:40.003 11115 11597 I art     : Explicit concurrent mark sweep GC freed 3(96B) AllocSpace objects, 0(0B) LOS objects, 29% free, 37MB/53MB, paused 493us total 40.239ms
08-05 13:47:40.069 11115 14835 I NAPPA_EXPERIMENTATION: MetricNetworkRequestExecutionTime: REQUEST_DURATION_SYSTEM='242',REQUEST_DURATION_OKHTTP='239',REQUEST_SYNCHRONOUS='TRUE',RESPONSE_CODE='200',RESPONSE_METHOD='GET',RESPONSE_LENGTH_OKHTTP='-1',RESPONSE_LENGTH_HEADER='33430',REQUEST_PROTOCOL='h2',REQUEST_URL='https://oauth.reddit.com/r/aww/hot/.json',
08-05 13:47:40.069 11115 14835 D OK      : request got status: 200
08-05 13:47:40.084 11115 11693 I PostListingFragment: Precaching images: OFF
08-05 13:47:40.084 11115 11693 I PostListingFragment: Precaching comments: OFF
08-05 13:47:40.106 11115 11693 I getImgurImageInfo: Image NSO7Npm: trying API v3 with auth
08-05 13:47:40.239 11115 13743 I RedditVideosAPI: For 'https://v.redd.it/fkewv2f65kd51/DASHPlaylist.mpd', got video stream 'https://v.redd.it/fkewv2f65kd51/DASH_480' and audio stream 'https://v.redd.it/fkewv2f65kd51/audio'
08-05 13:47:40.244 11115 13743 I RedditVideosAPI: For 'https://v.redd.it/ak6rer1hskd51/DASHPlaylist.mpd', got video stream 'https://v.redd.it/ak6rer1hskd51/DASH_360' and audio stream 'null'
08-05 13:47:40.247 11115 13743 I RedditVideosAPI: For 'https://v.redd.it/h49fg58ygjd51/DASHPlaylist.mpd', got video stream 'https://v.redd.it/h49fg58ygjd51/DASH_480' and audio stream 'null'
08-05 13:47:40.247 11115 14837 I RedditVideosAPI: For 'https://v.redd.it/1ewzkieg0jd51/DASHPlaylist.mpd', got video stream 'https://v.redd.it/1ewzkieg0jd51/DASH_480' and audio stream 'https://v.redd.it/1ewzkieg0jd51/audio'
08-05 13:47:40.249 11115 13743 I RedditVideosAPI: For 'https://v.redd.it/ppmhu2r9thd51/DASHPlaylist.mpd', got video stream 'https://v.redd.it/ppmhu2r9thd51/DASH_480' and audio stream 'null'
08-05 13:47:40.249 11115 14837 I RedditVideosAPI: For 'https://v.redd.it/s9qqadf3mid51/DASHPlaylist.mpd', got video stream 'https://v.redd.it/s9qqadf3mid51/DASH_480' and audio stream 'https://v.redd.it/s9qqadf3mid51/audio'
08-05 13:47:40.251 11115 13743 I RedditVideosAPI: For 'https://v.redd.it/b8vazlcb7ld51/DASHPlaylist.mpd', got video stream 'https://v.redd.it/b8vazlcb7ld51/DASH_480' and audio stream 'https://v.redd.it/b8vazlcb7ld51/audio'
08-05 13:47:40.251 11115 14837 I RedditVideosAPI: For 'https://v.redd.it/ty24o02m1hd51/DASHPlaylist.mpd', got video stream 'https://v.redd.it/ty24o02m1hd51/DASH_480' and audio stream 'null'
08-05 13:47:40.252 11115 13743 I RedditVideosAPI: For 'https://v.redd.it/ar5k8892pid51/DASHPlaylist.mpd', got video stream 'https://v.redd.it/ar5k8892pid51/DASH_360' and audio stream 'https://v.redd.it/ar5k8892pid51/audio'
08-05 13:47:40.285 11115 11126 I art     : Starting a blocking GC Explicit
08-05 13:47:40.286 11115 11115 W RecyclerView: Cannot call this method in a scroll callback. Scroll callbacks mightbe run during a measure & layout pass where you cannot change theRecyclerView data. Any method call that might change the structureof the RecyclerView or the adapter contents should be postponed tothe next frame.
08-05 13:47:40.286 11115 11115 W RecyclerView: java.lang.IllegalStateException:  androidx.recyclerview.widget.RecyclerView{ce7df0b VFED..... .F....ID 0,0-1440,2140 #7f0900ef app:id/scrollbar_recyclerview_recyclerview}, adapter:baseline.org.quantumbadger.redreader.adapters.GroupedRecyclerViewAdapter@23181e8, layout:androidx.recyclerview.widget.LinearLayoutManager@6193001, context:baseline.org.quantumbadger.redreader.activities.PostListingActivity@175a5e4
08-05 13:47:40.286 11115 11115 W RecyclerView: 	at androidx.recyclerview.widget.RecyclerView.assertNotInLayoutOrScroll(RecyclerView.java:3061)
08-05 13:47:40.286 11115 11115 W RecyclerView: 	at androidx.recyclerview.widget.RecyclerView$RecyclerViewDataObserver.onItemRangeInserted(RecyclerView.java:5555)
08-05 13:47:40.286 11115 11115 W RecyclerView: 	at androidx.recyclerview.widget.RecyclerView$AdapterDataObservable.notifyItemRangeInserted(RecyclerView.java:12278)
08-05 13:47:40.286 11115 11115 W RecyclerView: 	at androidx.recyclerview.widget.RecyclerView$Adapter.notifyItemInserted(RecyclerView.java:7464)
08-05 13:47:40.286 11115 11115 W RecyclerView: 	at baseline.org.quantumbadger.redreader.adapters.GroupedRecyclerViewAdapter.updateHiddenStatus(GroupedRecyclerViewAdapter.java:279)
08-05 13:47:40.286 11115 11115 W RecyclerView: 	at baseline.org.quantumbadger.redreader.adapters.RedditListingManager.setLoadingVisible(RedditListingManager.java:125)
08-05 13:47:40.286 11115 11115 W RecyclerView: 	at baseline.org.quantumbadger.redreader.fragments.PostListingFragment.onLoadMoreItemsCheck(PostListingFragment.java:465)
08-05 13:47:40.286 11115 11115 W RecyclerView: 	at baseline.org.quantumbadger.redreader.fragments.PostListingFragment.access$000(PostListingFragment.java:98)
08-05 13:47:40.286 11115 11115 W RecyclerView: 	at baseline.org.quantumbadger.redreader.fragments.PostListingFragment$2.onScrolled(PostListingFragment.java:215)
08-05 13:47:40.286 11115 11115 W RecyclerView: 	at androidx.recyclerview.widget.RecyclerView.dispatchOnScrolled(RecyclerView.java:5173)
08-05 13:47:40.286 11115 11115 W RecyclerView: 	at androidx.recyclerview.widget.RecyclerView.dispatchLayoutStep3(RecyclerView.java:4231)
08-05 13:47:40.286 11115 11115 W RecyclerView: 	at androidx.recyclerview.widget.RecyclerView.dispatchLayout(RecyclerView.java:3862)
08-05 13:47:40.286 11115 11115 W RecyclerView: 	at androidx.recyclerview.widget.RecyclerView.consumePendingUpdateOperations(RecyclerView.java:1897)
08-05 13:47:40.286 11115 11115 W RecyclerView: 	at androidx.recyclerview.widget.RecyclerView$1.run(RecyclerView.java:414)
08-05 13:47:40.286 11115 11115 W RecyclerView: 	at android.view.Choreographer$CallbackRecord.run(Choreographer.java:858)
08-05 13:47:40.286 11115 11115 W RecyclerView: 	at android.view.Choreographer.doCallbacks(Choreographer.java:670)
08-05 13:47:40.286 11115 11115 W RecyclerView: 	at android.view.Choreographer.doFrame(Choreographer.java:603)
08-05 13:47:40.286 11115 11115 W RecyclerView: 	at android.view.Choreographer$FrameDisplayEventReceiver.run(Choreographer.java:844)
08-05 13:47:40.286 11115 11115 W RecyclerView: 	at android.os.Handler.handleCallback(Handler.java:739)
08-05 13:47:40.286 11115 11115 W RecyclerView: 	at android.os.Handler.dispatchMessage(Handler.java:95)
08-05 13:47:40.286 11115 11115 W RecyclerView: 	at android.os.Looper.loop(Looper.java:148)
08-05 13:47:40.286 11115 11115 W RecyclerView: 	at android.app.ActivityThread.main(ActivityThread.java:5417)
08-05 13:47:40.286 11115 11115 W RecyclerView: 	at java.lang.reflect.Method.invoke(Native Method)
08-05 13:47:40.286 11115 11115 W RecyclerView: 	at com.android.internal.os.ZygoteInit$MethodAndArgsCaller.run(ZygoteInit.java:726)
08-05 13:47:40.286 11115 11115 W RecyclerView: 	at com.android.internal.os.ZygoteInit.main(ZygoteInit.java:616)
08-05 13:47:40.335 11115 11126 I art     : Explicit concurrent mark sweep GC freed 49757(3MB) AllocSpace objects, 97(5MB) LOS objects, 26% free, 43MB/59MB, paused 581us total 49.749ms
08-05 13:47:40.352 11115 11126 I art     : Starting a blocking GC Explicit
08-05 13:47:40.390 11115 11126 I art     : Explicit concurrent mark sweep GC freed 2597(109KB) AllocSpace objects, 0(0B) LOS objects, 27% free, 43MB/59MB, paused 422us total 38.434ms
08-05 13:47:40.405 11115 11126 I art     : Starting a blocking GC Explicit
08-05 13:47:40.443 11115 11126 I art     : Explicit concurrent mark sweep GC freed 44(1536B) AllocSpace objects, 0(0B) LOS objects, 27% free, 43MB/59MB, paused 445us total 38.178ms
08-05 13:47:40.458 11115 11126 I art     : Starting a blocking GC Explicit
08-05 13:47:40.499 11115 11126 I art     : Explicit concurrent mark sweep GC freed 104(5KB) AllocSpace objects, 0(0B) LOS objects, 27% free, 43MB/59MB, paused 450us total 40.560ms
08-05 13:47:40.514 11115 11126 I art     : Starting a blocking GC Explicit
08-05 13:47:40.553 11115 11126 I art     : Explicit concurrent mark sweep GC freed 62(3KB) AllocSpace objects, 0(0B) LOS objects, 27% free, 43MB/59MB, paused 375us total 38.744ms
08-05 13:47:40.879 11115 11126 I art     : Starting a blocking GC Explicit
08-05 13:47:40.942 11115 11126 I art     : Explicit concurrent mark sweep GC freed 1595(94KB) AllocSpace objects, 1(20KB) LOS objects, 27% free, 43MB/59MB, paused 535us total 62.087ms
08-05 13:47:40.961 11115 11126 I art     : Starting a blocking GC Explicit
08-05 13:47:41.006 11115 11126 I art     : Explicit concurrent mark sweep GC freed 20(704B) AllocSpace objects, 0(0B) LOS objects, 27% free, 43MB/59MB, paused 454us total 44.858ms
08-05 13:47:41.022 11115 11126 I art     : Starting a blocking GC Explicit
08-05 13:47:41.028 11115 14860 D OK      : calling: https://oauth.reddit.com/r/aww/hot/.json?after=t3_hz5odc
08-05 13:47:41.066 11115 11126 I art     : Explicit concurrent mark sweep GC freed 101(4KB) AllocSpace objects, 0(0B) LOS objects, 27% free, 43MB/59MB, paused 442us total 44.568ms
08-05 13:47:41.082 11115 11126 I art     : Starting a blocking GC Explicit
08-05 13:47:41.125 11115 11126 I art     : Explicit concurrent mark sweep GC freed 9(352B) AllocSpace objects, 0(0B) LOS objects, 27% free, 43MB/59MB, paused 509us total 42.717ms
08-05 13:47:41.140 11115 11126 I art     : Starting a blocking GC Explicit
08-05 13:47:41.184 11115 11126 I art     : Explicit concurrent mark sweep GC freed 3(96B) AllocSpace objects, 0(0B) LOS objects, 27% free, 43MB/59MB, paused 499us total 43.632ms
08-05 13:47:41.297 11115 14860 I NAPPA_EXPERIMENTATION: MetricNetworkRequestExecutionTime: REQUEST_DURATION_SYSTEM='269',REQUEST_DURATION_OKHTTP='260',REQUEST_SYNCHRONOUS='TRUE',RESPONSE_CODE='200',RESPONSE_METHOD='GET',RESPONSE_LENGTH_OKHTTP='-1',RESPONSE_LENGTH_HEADER='30610',REQUEST_PROTOCOL='h2',REQUEST_URL='https://oauth.reddit.com/r/aww/hot/.json?after=t3_hz5odc',
08-05 13:47:41.298 11115 14860 D OK      : request got status: 200
08-05 13:47:41.328 11115 14838 I PostListingFragment: Precaching images: OFF
08-05 13:47:41.328 11115 14838 I PostListingFragment: Precaching comments: OFF
08-05 13:47:41.368 11115 13743 I RedditVideosAPI: For 'https://v.redd.it/syww111dtjd51/DASHPlaylist.mpd', got video stream 'https://v.redd.it/syww111dtjd51/DASH_480' and audio stream 'https://v.redd.it/syww111dtjd51/audio'
08-05 13:47:41.423 11115 14838 I getImgurImageInfo: Image nLQR2hT: trying API v3 with auth
08-05 13:47:41.519 11115 11412 I art     : Starting a blocking GC Explicit
08-05 13:47:41.576 11115 11412 I art     : Explicit concurrent mark sweep GC freed 22972(1562KB) AllocSpace objects, 64(4MB) LOS objects, 25% free, 47MB/63MB, paused 558us total 56.374ms
08-05 13:47:41.592 11115 11412 I art     : Starting a blocking GC Explicit
08-05 13:47:41.601 11115 13743 I RedditVideosAPI: For 'https://v.redd.it/ue0jdgk9zhd51/DASHPlaylist.mpd', got video stream 'https://v.redd.it/ue0jdgk9zhd51/DASH_360' and audio stream 'https://v.redd.it/ue0jdgk9zhd51/audio'
08-05 13:47:41.610 11115 13743 I RedditVideosAPI: For 'https://v.redd.it/pbqrrfb3tkd51/DASHPlaylist.mpd', got video stream 'https://v.redd.it/pbqrrfb3tkd51/DASH_480' and audio stream 'null'
08-05 13:47:41.611 11115 13743 I RedditVideosAPI: For 'https://v.redd.it/rrygsb8i4ld51/DASHPlaylist.mpd', got video stream 'https://v.redd.it/rrygsb8i4ld51/DASH_480' and audio stream 'https://v.redd.it/rrygsb8i4ld51/audio'
08-05 13:47:41.611 11115 13743 I RedditVideosAPI: For 'https://v.redd.it/5x6zzipz8ld51/DASHPlaylist.mpd', got video stream 'https://v.redd.it/5x6zzipz8ld51/DASH_480' and audio stream 'null'
08-05 13:47:41.612 11115 13743 I RedditVideosAPI: For 'https://v.redd.it/75en73fm5id51/DASHPlaylist.mpd', got video stream 'https://v.redd.it/75en73fm5id51/DASH_480' and audio stream 'https://v.redd.it/75en73fm5id51/audio'
08-05 13:47:41.615 11115 14863 I RedditVideosAPI: For 'https://v.redd.it/ggz4fyth6hd51/DASHPlaylist.mpd', got video stream 'https://v.redd.it/ggz4fyth6hd51/DASH_360' and audio stream 'null'
08-05 13:47:41.615 11115 13743 I RedditVideosAPI: For 'https://v.redd.it/psrknoobrgd51/DASHPlaylist.mpd', got video stream 'https://v.redd.it/psrknoobrgd51/DASH_480' and audio stream 'null'
08-05 13:47:41.615 11115 13743 I RedditVideosAPI: For 'https://v.redd.it/t81s8zfz9ld51/DASHPlaylist.mpd', got video stream 'https://v.redd.it/t81s8zfz9ld51/DASH_480' and audio stream 'https://v.redd.it/t81s8zfz9ld51/audio'
08-05 13:47:41.615 11115 14863 I RedditVideosAPI: For 'https://v.redd.it/jk6cwef4wld51/DASHPlaylist.mpd', got video stream 'https://v.redd.it/jk6cwef4wld51/DASH_480' and audio stream 'null'
08-05 13:47:41.616 11115 13743 I RedditVideosAPI: For 'https://v.redd.it/xd6c4yyutgd51/DASHPlaylist.mpd', got video stream 'https://v.redd.it/xd6c4yyutgd51/DASH_480' and audio stream 'null'
08-05 13:47:41.634 11115 11412 I art     : Explicit concurrent mark sweep GC freed 22867(1683KB) AllocSpace objects, 33(1668KB) LOS objects, 24% free, 48MB/64MB, paused 472us total 41.309ms
08-05 13:47:41.648 11115 11412 I art     : Starting a blocking GC Explicit
08-05 13:47:41.688 11115 11412 I art     : Explicit concurrent mark sweep GC freed 306(23KB) AllocSpace objects, 1(20KB) LOS objects, 24% free, 48MB/64MB, paused 468us total 40.405ms
08-05 13:47:41.703 11115 11412 I art     : Starting a blocking GC Explicit
08-05 13:47:41.746 11115 11412 I art     : Explicit concurrent mark sweep GC freed 7(208B) AllocSpace objects, 0(0B) LOS objects, 24% free, 48MB/64MB, paused 465us total 42.681ms
08-05 13:47:41.761 11115 11412 I art     : Starting a blocking GC Explicit
08-05 13:47:41.806 11115 11412 I art     : Explicit concurrent mark sweep GC freed 3(96B) AllocSpace objects, 0(0B) LOS objects, 24% free, 48MB/64MB, paused 425us total 44.141ms
08-05 13:47:42.181 11115 11127 I art     : Starting a blocking GC Explicit
08-05 13:47:42.233 11115 11127 I art     : Explicit concurrent mark sweep GC freed 1356(83KB) AllocSpace objects, 1(20KB) LOS objects, 24% free, 48MB/64MB, paused 473us total 52.112ms
08-05 13:47:42.249 11115 11127 I art     : Starting a blocking GC Explicit
08-05 13:47:42.293 11115 11127 I art     : Explicit concurrent mark sweep GC freed 20(704B) AllocSpace objects, 0(0B) LOS objects, 24% free, 48MB/64MB, paused 448us total 44.192ms
08-05 13:47:42.308 11115 11127 I art     : Starting a blocking GC Explicit
08-05 13:47:42.353 11115 11127 I art     : Explicit concurrent mark sweep GC freed 3(96B) AllocSpace objects, 0(0B) LOS objects, 24% free, 48MB/64MB, paused 436us total 44.336ms
08-05 13:47:42.368 11115 11127 I art     : Starting a blocking GC Explicit
08-05 13:47:42.414 11115 11127 I art     : Explicit concurrent mark sweep GC freed 3(96B) AllocSpace objects, 0(0B) LOS objects, 24% free, 48MB/64MB, paused 467us total 45ms
08-05 13:47:42.429 11115 11127 I art     : Starting a blocking GC Explicit
08-05 13:47:42.475 11115 11127 I art     : Explicit concurrent mark sweep GC freed 3(96B) AllocSpace objects, 0(0B) LOS objects, 24% free, 48MB/64MB, paused 456us total 45.039ms
08-05 13:47:42.821 11115 11597 I art     : Starting a blocking GC Explicit
08-05 13:47:42.882 11115 11597 I art     : Explicit concurrent mark sweep GC freed 1357(83KB) AllocSpace objects, 1(20KB) LOS objects, 24% free, 48MB/64MB, paused 528us total 59.775ms
08-05 13:47:42.899 11115 11597 I art     : Starting a blocking GC Explicit
08-05 13:47:42.943 11115 11597 I art     : Explicit concurrent mark sweep GC freed 20(704B) AllocSpace objects, 0(0B) LOS objects, 24% free, 48MB/64MB, paused 448us total 44.188ms
08-05 13:47:42.959 11115 11597 I art     : Starting a blocking GC Explicit
08-05 13:47:43.002 11115 11597 I art     : Explicit concurrent mark sweep GC freed 3(96B) AllocSpace objects, 0(0B) LOS objects, 24% free, 48MB/64MB, paused 459us total 43.375ms
08-05 13:47:43.018 11115 11597 I art     : Starting a blocking GC Explicit
08-05 13:47:43.062 11115 11597 I art     : Explicit concurrent mark sweep GC freed 3(96B) AllocSpace objects, 0(0B) LOS objects, 24% free, 48MB/64MB, paused 518us total 44.159ms
08-05 13:47:43.077 11115 11597 I art     : Starting a blocking GC Explicit
08-05 13:47:43.122 11115 11597 I art     : Explicit concurrent mark sweep GC freed 3(96B) AllocSpace objects, 0(0B) LOS objects, 24% free, 48MB/64MB, paused 467us total 44.532ms
08-05 13:47:43.474 11115 11138 I art     : Starting a blocking GC Explicit
08-05 13:47:43.530 11115 11138 I art     : Explicit concurrent mark sweep GC freed 1358(83KB) AllocSpace objects, 1(20KB) LOS objects, 24% free, 48MB/64MB, paused 542us total 56.059ms
08-05 13:47:43.547 11115 11138 I art     : Starting a blocking GC Explicit
08-05 13:47:43.590 11115 11138 I art     : Explicit concurrent mark sweep GC freed 20(704B) AllocSpace objects, 0(0B) LOS objects, 24% free, 48MB/64MB, paused 450us total 42.973ms
08-05 13:47:43.605 11115 11138 I art     : Starting a blocking GC Explicit
08-05 13:47:43.649 11115 11138 I art     : Explicit concurrent mark sweep GC freed 3(96B) AllocSpace objects, 0(0B) LOS objects, 24% free, 48MB/64MB, paused 463us total 43.845ms
08-05 13:47:43.664 11115 11138 I art     : Starting a blocking GC Explicit
08-05 13:47:43.708 11115 11138 I art     : Explicit concurrent mark sweep GC freed 3(96B) AllocSpace objects, 0(0B) LOS objects, 24% free, 48MB/64MB, paused 429us total 44.051ms
08-05 13:47:43.724 11115 11138 I art     : Starting a blocking GC Explicit
08-05 13:47:43.769 11115 11138 I art     : Explicit concurrent mark sweep GC freed 3(96B) AllocSpace objects, 0(0B) LOS objects, 24% free, 48MB/64MB, paused 434us total 44.695ms
08-05 13:47:44.083 11115 11126 I art     : Starting a blocking GC Explicit
08-05 13:47:44.134 11115 11126 I art     : Explicit concurrent mark sweep GC freed 1357(83KB) AllocSpace objects, 1(20KB) LOS objects, 24% free, 48MB/64MB, paused 468us total 51.094ms
08-05 13:47:44.150 11115 11126 I art     : Starting a blocking GC Explicit
08-05 13:47:44.191 11115 11126 I art     : Explicit concurrent mark sweep GC freed 20(704B) AllocSpace objects, 0(0B) LOS objects, 24% free, 48MB/64MB, paused 462us total 40.644ms
08-05 13:47:44.206 11115 11126 I art     : Starting a blocking GC Explicit
08-05 13:47:44.249 11115 11126 I art     : Explicit concurrent mark sweep GC freed 3(96B) AllocSpace objects, 0(0B) LOS objects, 24% free, 48MB/64MB, paused 453us total 42.676ms
08-05 13:47:44.263 11115 11126 I art     : Starting a blocking GC Explicit
08-05 13:47:44.274 14904 14904 D AndroidRuntime: >>>>>> START com.android.internal.os.RuntimeInit uid 2000 <<<<<<
08-05 13:47:44.279 14904 14904 D AndroidRuntime: CheckJNI is OFF
08-05 13:47:44.305 11115 11126 I art     : Explicit concurrent mark sweep GC freed 3(96B) AllocSpace objects, 0(0B) LOS objects, 24% free, 48MB/64MB, paused 468us total 41.393ms
08-05 13:47:44.315 14904 14904 D ICU     : No timezone override file found: /data/misc/zoneinfo/current/icu/icu_tzdata.dat
08-05 13:47:44.320 11115 11126 I art     : Starting a blocking GC Explicit
08-05 13:47:44.349 14904 14904 I Radio-JNI: register_android_hardware_Radio DONE
08-05 13:47:44.362 11115 11126 I art     : Explicit concurrent mark sweep GC freed 3(96B) AllocSpace objects, 0(0B) LOS objects, 24% free, 48MB/64MB, paused 460us total 41.778ms
08-05 13:47:44.372 14904 14904 D AndroidRuntime: Calling main entry com.android.commands.input.Input
08-05 13:47:44.374 14904 14904 I Input   : injectMotionEvent: MotionEvent { action=ACTION_DOWN, actionButton=0, id[0]=0, x[0]=1340.0, y[0]=1100.0, toolType[0]=TOOL_TYPE_UNKNOWN, buttonState=0, metaState=0, flags=0x0, edgeFlags=0x0, pointerCount=1, historySize=0, eventTime=798480787, downTime=798480787, deviceId=0, source=0x1002 }
08-05 13:47:44.381 14904 14904 I Input   : injectMotionEvent: MotionEvent { action=ACTION_UP, actionButton=0, id[0]=0, x[0]=1340.0, y[0]=1100.0, toolType[0]=TOOL_TYPE_UNKNOWN, buttonState=0, metaState=0, flags=0x0, edgeFlags=0x0, pointerCount=1, historySize=0, eventTime=798480787, downTime=798480787, deviceId=0, source=0x1002 }
08-05 13:47:44.383 14904 14904 D AndroidRuntime: Shutting down VM
08-05 13:47:44.388   512  2967 D audio_hw_primary: out_set_parameters: enter: usecase(1: low-latency-playback) kvpairs: routing=2
08-05 13:47:44.388   918  6111 I ActivityManager: START u0 {dat=https://oauth.reddit.com/... cmp=baseline.org.quantumbadger.redreader/.activities.CommentListingActivity} from uid 10689 on display 0
08-05 13:47:44.401   512  2967 D audio_hw_primary: select_devices: out_snd_device(2: speaker) in_snd_device(0: none)
08-05 13:47:44.401   512  2967 D msm8974_platform: platform_send_audio_calibration: sending audio calibration for snd_device(2) acdb_id(15)
08-05 13:47:44.401   512  2967 I soundtrigger: audio_extn_sound_trigger_update_device_status: device 0x2 of type 0 for Event 1
08-05 13:47:44.410 11115 11115 I AppCompatViewInflater: app:theme is now deprecated. Please move to using android:theme instead.
08-05 13:47:44.411   512  2967 D audio_hw_primary: enable_snd_device: snd_device(2: speaker)
08-05 13:47:44.413   512  2967 D audio_hw_primary: enable_audio_route: apply and update mixer path: low-latency-playback speaker
08-05 13:47:44.424 11115 14838 I CommentListingActivity: COMMENTS session changed to f3018ef5-eefd-4f4a-91a7-864f5f4a0a3a
08-05 13:47:44.497   918   936 I ActivityManager: Displayed baseline.org.quantumbadger.redreader/.activities.CommentListingActivity: +100ms
08-05 13:47:44.498 13866 13866 I GoogleInputMethodServic: GoogleInputMethodService.onFinishInput():3138 
08-05 13:47:44.499 13866 13866 I GoogleInputMethodServic: GoogleInputMethodService.onStartInput():1808 
08-05 13:47:44.638 11115 11597 I art     : Starting a blocking GC Explicit
08-05 13:47:44.705 11115 11597 I art     : Explicit concurrent mark sweep GC freed 44055(2MB) AllocSpace objects, 1(20KB) LOS objects, 24% free, 50MB/66MB, paused 411us total 67.092ms
08-05 13:47:44.727 11115 11597 I art     : Starting a blocking GC Explicit
08-05 13:47:44.734   380   380 W SurfaceFlinger: couldn't log to binary event log: overflow.
08-05 13:47:44.775 11115 11597 I art     : Explicit concurrent mark sweep GC freed 7944(563KB) AllocSpace objects, 53(10MB) LOS objects, 28% free, 39MB/55MB, paused 343us total 47.539ms
08-05 13:47:44.790 11115 11597 I art     : Starting a blocking GC Explicit
08-05 13:47:44.834 11115 11597 I art     : Explicit concurrent mark sweep GC freed 3(96B) AllocSpace objects, 0(0B) LOS objects, 28% free, 39MB/55MB, paused 385us total 43.578ms
08-05 13:47:44.849 11115 11597 I art     : Starting a blocking GC Explicit
08-05 13:47:44.894 11115 11597 I art     : Explicit concurrent mark sweep GC freed 142(4KB) AllocSpace objects, 0(0B) LOS objects, 28% free, 39MB/55MB, paused 404us total 45.216ms
08-05 13:47:44.910 11115 11597 I art     : Starting a blocking GC Explicit
08-05 13:47:44.948   512  2967 D audio_hw_primary: disable_audio_route: reset and update mixer path: low-latency-playback speaker
08-05 13:47:44.950   512  2967 D audio_hw_primary: disable_snd_device: snd_device(2: speaker)
08-05 13:47:44.957 11115 11597 I art     : Explicit concurrent mark sweep GC freed 15(480B) AllocSpace objects, 0(0B) LOS objects, 28% free, 39MB/55MB, paused 421us total 46.388ms
08-05 13:47:44.958   512  2967 I soundtrigger: audio_extn_sound_trigger_update_device_status: device 0x2 of type 0 for Event 0
08-05 13:47:45.104 11115 14836 I RedditChangeDataIO: Writing tmp data file at '/data/user/0/baseline.org.quantumbadger.redreader/files/rr_change_data_tmp.dat'
08-05 13:47:45.105 11115 14836 I RedditChangeDataManager: Taking snapshot...
08-05 13:47:45.105 11115 14836 I RedditChangeDataManager: Writing to stream...
08-05 13:47:45.105 11115 14836 I RedditChangeDataManager: Wrote 6 entries for user ''
08-05 13:47:45.105 11115 14836 I RedditChangeDataManager: All entries written to stream.
08-05 13:47:45.105 11115 14836 I RedditChangeDataIO: Write successful. Atomically replacing data file...
08-05 13:47:45.106 11115 14836 I RedditChangeDataIO: Write complete.
08-05 13:47:45.106 11115 14836 I RedditChangeDataIO: 158 bytes written in 2 ms
08-05 13:47:45.268 11115 11127 I art     : Starting a blocking GC Explicit
08-05 13:47:45.324 11115 11127 I art     : Explicit concurrent mark sweep GC freed 1443(88KB) AllocSpace objects, 2(88KB) LOS objects, 28% free, 39MB/55MB, paused 359us total 55.986ms
08-05 13:47:45.341 11115 11127 I art     : Starting a blocking GC Explicit
08-05 13:47:45.388 11115 11127 I art     : Explicit concurrent mark sweep GC freed 23(800B) AllocSpace objects, 0(0B) LOS objects, 28% free, 39MB/55MB, paused 343us total 46.803ms
08-05 13:47:45.404 11115 11127 I art     : Starting a blocking GC Explicit
08-05 13:47:45.448 11115 11127 I art     : Explicit concurrent mark sweep GC freed 3(96B) AllocSpace objects, 0(0B) LOS objects, 28% free, 39MB/55MB, paused 391us total 44.709ms
08-05 13:47:45.464 11115 11127 I art     : Starting a blocking GC Explicit
08-05 13:47:45.516 11115 11127 I art     : Explicit concurrent mark sweep GC freed 49(1920B) AllocSpace objects, 0(0B) LOS objects, 28% free, 39MB/55MB, paused 442us total 51.473ms
08-05 13:47:45.533 11115 11127 I art     : Starting a blocking GC Explicit
08-05 13:47:45.582 11115 11127 I art     : Explicit concurrent mark sweep GC freed 3(96B) AllocSpace objects, 0(0B) LOS objects, 28% free, 39MB/55MB, paused 407us total 48.932ms
08-05 13:47:45.901 11115 11138 I art     : Starting a blocking GC Explicit
08-05 13:47:45.969 11115 11138 I art     : Explicit concurrent mark sweep GC freed 1354(82KB) AllocSpace objects, 1(20KB) LOS objects, 28% free, 39MB/55MB, paused 561us total 67.405ms
08-05 13:47:45.991 11115 11138 I art     : Starting a blocking GC Explicit
08-05 13:47:46.043 11115 11138 I art     : Explicit concurrent mark sweep GC freed 20(704B) AllocSpace objects, 0(0B) LOS objects, 28% free, 39MB/55MB, paused 418us total 52.031ms
08-05 13:47:46.060 11115 11138 I art     : Starting a blocking GC Explicit
08-05 13:47:46.113 11115 11138 I art     : Explicit concurrent mark sweep GC freed 3(96B) AllocSpace objects, 0(0B) LOS objects, 28% free, 39MB/55MB, paused 415us total 52.412ms
08-05 13:47:46.130 11115 11138 I art     : Starting a blocking GC Explicit
08-05 13:47:46.181 11115 11138 I art     : Explicit concurrent mark sweep GC freed 3(96B) AllocSpace objects, 0(0B) LOS objects, 28% free, 39MB/55MB, paused 425us total 50.669ms
08-05 13:47:46.198 11115 11138 I art     : Starting a blocking GC Explicit
08-05 13:47:46.249 11115 11138 I art     : Explicit concurrent mark sweep GC freed 3(96B) AllocSpace objects, 0(0B) LOS objects, 28% free, 39MB/55MB, paused 410us total 50.744ms
08-05 13:47:46.323   918  3188 I hubconnection: sensorhub said: 'set_bias 3: -5.7600, 0.0000, 0.0000'
08-05 13:47:46.599 11115 11597 I art     : Starting a blocking GC Explicit
08-05 13:47:46.672 11115 11597 I art     : Explicit concurrent mark sweep GC freed 1625(125KB) AllocSpace objects, 1(20KB) LOS objects, 28% free, 39MB/55MB, paused 407us total 72.554ms
08-05 13:47:46.694 11115 11597 I art     : Starting a blocking GC Explicit
08-05 13:47:46.747 11115 11597 I art     : Explicit concurrent mark sweep GC freed 85(2880B) AllocSpace objects, 0(0B) LOS objects, 28% free, 39MB/55MB, paused 397us total 52.181ms
08-05 13:47:46.763 11115 11597 I art     : Starting a blocking GC Explicit
08-05 13:47:46.817 11115 11597 I art     : Explicit concurrent mark sweep GC freed 3(96B) AllocSpace objects, 0(0B) LOS objects, 28% free, 39MB/55MB, paused 470us total 53.480ms
08-05 13:47:46.834 11115 11597 I art     : Starting a blocking GC Explicit
08-05 13:47:46.884 11115 11597 I art     : Explicit concurrent mark sweep GC freed 3(96B) AllocSpace objects, 0(0B) LOS objects, 28% free, 39MB/55MB, paused 373us total 49.716ms
08-05 13:47:46.900 11115 11597 I art     : Starting a blocking GC Explicit
08-05 13:47:46.952 11115 11597 I art     : Explicit concurrent mark sweep GC freed 3(96B) AllocSpace objects, 0(0B) LOS objects, 28% free, 39MB/55MB, paused 375us total 51.748ms
08-05 13:47:46.994   918  3261 D WifiStateMachine: starting scan for "H369AA63323"WPA_PSK with 2412,5180
08-05 13:47:47.289 11115 11126 I art     : Starting a blocking GC Explicit
08-05 13:47:47.356 11115 11126 I art     : Explicit concurrent mark sweep GC freed 1354(82KB) AllocSpace objects, 1(20KB) LOS objects, 28% free, 39MB/55MB, paused 427us total 66.815ms
08-05 13:47:47.377 11115 11126 I art     : Starting a blocking GC Explicit
08-05 13:47:47.429 11115 11126 I art     : Explicit concurrent mark sweep GC freed 20(704B) AllocSpace objects, 0(0B) LOS objects, 28% free, 39MB/55MB, paused 452us total 51.932ms
08-05 13:47:47.446 11115 11126 I art     : Starting a blocking GC Explicit
08-05 13:47:47.497 11115 11126 I art     : Explicit concurrent mark sweep GC freed 3(96B) AllocSpace objects, 0(0B) LOS objects, 28% free, 39MB/55MB, paused 371us total 51.376ms
08-05 13:47:47.514 11115 11126 I art     : Starting a blocking GC Explicit
08-05 13:47:47.564 11115 11126 I art     : Explicit concurrent mark sweep GC freed 3(96B) AllocSpace objects, 0(0B) LOS objects, 28% free, 39MB/55MB, paused 357us total 49.634ms
08-05 13:47:47.581 11115 11126 I art     : Starting a blocking GC Explicit
08-05 13:47:47.634 11115 11126 I art     : Explicit concurrent mark sweep GC freed 3(96B) AllocSpace objects, 0(0B) LOS objects, 28% free, 39MB/55MB, paused 394us total 53.509ms
08-05 13:47:47.980 11115 11412 I art     : Starting a blocking GC Explicit
08-05 13:47:48.048 11115 11412 I art     : Explicit concurrent mark sweep GC freed 1354(82KB) AllocSpace objects, 1(20KB) LOS objects, 28% free, 39MB/55MB, paused 443us total 67.462ms
08-05 13:47:48.069 11115 11412 I art     : Starting a blocking GC Explicit
08-05 13:47:48.122 11115 11412 I art     : Explicit concurrent mark sweep GC freed 20(704B) AllocSpace objects, 0(0B) LOS objects, 28% free, 39MB/55MB, paused 411us total 52.597ms
08-05 13:47:48.139 11115 11412 I art     : Starting a blocking GC Explicit
08-05 13:47:48.191 11115 11412 I art     : Explicit concurrent mark sweep GC freed 3(96B) AllocSpace objects, 0(0B) LOS objects, 28% free, 39MB/55MB, paused 387us total 51.687ms
08-05 13:47:48.208 11115 11412 I art     : Starting a blocking GC Explicit
08-05 13:47:48.259 11115 11412 I art     : Explicit concurrent mark sweep GC freed 3(96B) AllocSpace objects, 0(0B) LOS objects, 28% free, 39MB/55MB, paused 354us total 50.573ms
08-05 13:47:48.275 11115 11412 I art     : Starting a blocking GC Explicit
08-05 13:47:48.329 11115 11412 I art     : Explicit concurrent mark sweep GC freed 3(96B) AllocSpace objects, 0(0B) LOS objects, 28% free, 39MB/55MB, paused 387us total 53.724ms
08-05 13:47:48.671 11115 11127 I art     : Starting a blocking GC Explicit
08-05 13:47:48.724 11115 11127 I art     : Explicit concurrent mark sweep GC freed 1354(82KB) AllocSpace objects, 1(20KB) LOS objects, 28% free, 39MB/55MB, paused 408us total 52.596ms
08-05 13:47:48.740 11115 11127 I art     : Starting a blocking GC Explicit
08-05 13:47:48.791 11115 11127 I art     : Explicit concurrent mark sweep GC freed 20(704B) AllocSpace objects, 0(0B) LOS objects, 28% free, 39MB/55MB, paused 391us total 49.944ms
08-05 13:47:48.807 11115 11127 I art     : Starting a blocking GC Explicit
08-05 13:47:48.857 11115 11127 I art     : Explicit concurrent mark sweep GC freed 3(96B) AllocSpace objects, 0(0B) LOS objects, 28% free, 39MB/55MB, paused 444us total 49.990ms
08-05 13:47:48.873 11115 11127 I art     : Starting a blocking GC Explicit
08-05 13:47:48.923 11115 11127 I art     : Explicit concurrent mark sweep GC freed 3(96B) AllocSpace objects, 0(0B) LOS objects, 28% free, 39MB/55MB, paused 393us total 50.161ms
08-05 13:47:48.940 11115 11127 I art     : Starting a blocking GC Explicit
08-05 13:47:48.991 11115 11127 I art     : Explicit concurrent mark sweep GC freed 3(96B) AllocSpace objects, 0(0B) LOS objects, 28% free, 39MB/55MB, paused 384us total 50.325ms
08-05 13:47:49.050 15001 15001 D AndroidRuntime: >>>>>> START com.android.internal.os.RuntimeInit uid 2000 <<<<<<
08-05 13:47:49.055 15001 15001 D AndroidRuntime: CheckJNI is OFF
08-05 13:47:49.090 15001 15001 D ICU     : No timezone override file found: /data/misc/zoneinfo/current/icu/icu_tzdata.dat
08-05 13:47:49.123 15001 15001 I Radio-JNI: register_android_hardware_Radio DONE
08-05 13:47:49.144 15001 15001 D AndroidRuntime: Calling main entry com.android.commands.input.Input
08-05 13:47:49.146 15001 15001 I Input   : injectKeyEvent: KeyEvent { action=ACTION_DOWN, keyCode=KEYCODE_BACK, scanCode=0, metaState=0, flags=0x0, repeatCount=0, eventTime=798485559, downTime=798485559, deviceId=-1, source=0x101 }
08-05 13:47:49.156 15001 15001 I Input   : injectKeyEvent: KeyEvent { action=ACTION_UP, keyCode=KEYCODE_BACK, scanCode=0, metaState=0, flags=0x0, repeatCount=0, eventTime=798485559, downTime=798485559, deviceId=-1, source=0x101 }
08-05 13:47:49.163 15001 15001 D AndroidRuntime: Shutting down VM
08-05 13:47:49.199 13866 13866 I GoogleInputMethodServic: GoogleInputMethodService.onFinishInput():3138 
08-05 13:47:49.200 13866 13866 I GoogleInputMethodServic: GoogleInputMethodService.onStartInput():1808 
08-05 13:47:49.286 11115 11127 I art     : Starting a blocking GC Explicit
08-05 13:47:49.340 11115 11127 I art     : Explicit concurrent mark sweep GC freed 1623(92KB) AllocSpace objects, 1(20KB) LOS objects, 28% free, 39MB/55MB, paused 341us total 53.452ms
08-05 13:47:49.359 11115 11127 I art     : Starting a blocking GC Explicit
08-05 13:47:49.422 11115 11127 I art     : Explicit concurrent mark sweep GC freed 24(864B) AllocSpace objects, 0(0B) LOS objects, 28% free, 39MB/55MB, paused 380us total 62.543ms
08-05 13:47:49.444 11115 11127 I art     : Starting a blocking GC Explicit
08-05 13:47:49.497 11115 11127 I art     : Explicit concurrent mark sweep GC freed 3(96B) AllocSpace objects, 0(0B) LOS objects, 28% free, 39MB/55MB, paused 372us total 53.075ms
08-05 13:47:49.507   380   380 W SurfaceFlinger: couldn't log to binary event log: overflow.
08-05 13:47:49.514 11115 11127 I art     : Starting a blocking GC Explicit
08-05 13:47:49.560 11115 11127 I art     : Explicit concurrent mark sweep GC freed 65(2384B) AllocSpace objects, 0(0B) LOS objects, 28% free, 39MB/55MB, paused 332us total 45.704ms
08-05 13:47:49.576 11115 11127 I art     : Starting a blocking GC Explicit
08-05 13:47:49.618 11115 11127 I art     : Explicit concurrent mark sweep GC freed 41392(2MB) AllocSpace objects, 5(140KB) LOS objects, 29% free, 37MB/53MB, paused 376us total 41.814ms
08-05 13:47:49.946 11115 11597 I art     : Starting a blocking GC Explicit
08-05 13:47:49.997 11115 11597 I art     : Explicit concurrent mark sweep GC freed 1354(82KB) AllocSpace objects, 1(20KB) LOS objects, 29% free, 37MB/53MB, paused 398us total 50.939ms
08-05 13:47:50.012 11115 11597 I art     : Starting a blocking GC Explicit
08-05 13:47:50.053 11115 11597 I art     : Explicit concurrent mark sweep GC freed 20(704B) AllocSpace objects, 0(0B) LOS objects, 29% free, 37MB/53MB, paused 376us total 39.930ms
08-05 13:47:50.067 11115 11597 I art     : Starting a blocking GC Explicit
08-05 13:47:50.108 11115 11597 I art     : Explicit concurrent mark sweep GC freed 3(96B) AllocSpace objects, 0(0B) LOS objects, 29% free, 37MB/53MB, paused 452us total 40.443ms
08-05 13:47:50.123 11115 11597 I art     : Starting a blocking GC Explicit
08-05 13:47:50.163 11115 11597 I art     : Explicit concurrent mark sweep GC freed 3(96B) AllocSpace objects, 0(0B) LOS objects, 29% free, 37MB/53MB, paused 380us total 39.723ms
08-05 13:47:50.178 11115 11597 I art     : Starting a blocking GC Explicit
08-05 13:47:50.219 11115 11597 I art     : Explicit concurrent mark sweep GC freed 3(96B) AllocSpace objects, 0(0B) LOS objects, 29% free, 37MB/53MB, paused 411us total 41.048ms
08-05 13:47:50.513 11115 11126 I art     : Starting a blocking GC Explicit
08-05 13:47:50.554 11115 11126 I art     : Explicit concurrent mark sweep GC freed 1354(82KB) AllocSpace objects, 1(20KB) LOS objects, 29% free, 37MB/53MB, paused 444us total 40.961ms
08-05 13:47:50.569 11115 11126 I art     : Starting a blocking GC Explicit
08-05 13:47:50.608 11115 11126 I art     : Explicit concurrent mark sweep GC freed 20(704B) AllocSpace objects, 0(0B) LOS objects, 29% free, 37MB/53MB, paused 391us total 38.758ms
08-05 13:47:50.623 11115 11126 I art     : Starting a blocking GC Explicit
08-05 13:47:50.661 11115 11126 I art     : Explicit concurrent mark sweep GC freed 3(96B) AllocSpace objects, 0(0B) LOS objects, 29% free, 37MB/53MB, paused 370us total 37.757ms
08-05 13:47:50.675 11115 11126 I art     : Starting a blocking GC Explicit
08-05 13:47:50.714 11115 11126 I art     : Explicit concurrent mark sweep GC freed 3(96B) AllocSpace objects, 0(0B) LOS objects, 29% free, 37MB/53MB, paused 378us total 38.506ms
08-05 13:47:50.728 11115 11126 I art     : Starting a blocking GC Explicit
08-05 13:47:50.767 11115 11126 I art     : Explicit concurrent mark sweep GC freed 3(96B) AllocSpace objects, 0(0B) LOS objects, 29% free, 37MB/53MB, paused 371us total 38.242ms
08-05 13:47:50.831 15037 15037 D AndroidRuntime: >>>>>> START com.android.internal.os.RuntimeInit uid 2000 <<<<<<
08-05 13:47:50.837 15037 15037 D AndroidRuntime: CheckJNI is OFF
08-05 13:47:50.871 15037 15037 D ICU     : No timezone override file found: /data/misc/zoneinfo/current/icu/icu_tzdata.dat
08-05 13:47:50.908 15037 15037 I Radio-JNI: register_android_hardware_Radio DONE
08-05 13:47:50.930 15037 15037 D AndroidRuntime: Calling main entry com.android.commands.input.Input
08-05 13:47:50.932 15037 15037 I Input   : injectKeyEvent: KeyEvent { action=ACTION_DOWN, keyCode=KEYCODE_BACK, scanCode=0, metaState=0, flags=0x0, repeatCount=0, eventTime=798487345, downTime=798487345, deviceId=-1, source=0x101 }
08-05 13:47:50.937 15037 15037 I Input   : injectKeyEvent: KeyEvent { action=ACTION_UP, keyCode=KEYCODE_BACK, scanCode=0, metaState=0, flags=0x0, repeatCount=0, eventTime=798487345, downTime=798487345, deviceId=-1, source=0x101 }
08-05 13:47:50.942 15037 15037 D AndroidRuntime: Shutting down VM
08-05 13:47:50.988 13866 13866 I GoogleInputMethodServic: GoogleInputMethodService.onFinishInput():3138 
08-05 13:47:50.989 13866 13866 I GoogleInputMethodServic: GoogleInputMethodService.onStartInput():1808 
08-05 13:47:51.074 11115 11138 I art     : Starting a blocking GC Explicit
08-05 13:47:51.116 11115 11138 I art     : Explicit concurrent mark sweep GC freed 1533(88KB) AllocSpace objects, 1(20KB) LOS objects, 29% free, 37MB/53MB, paused 384us total 42.400ms
08-05 13:47:51.133 11115 11138 I art     : Starting a blocking GC Explicit
08-05 13:47:51.183 11115 11138 I art     : Explicit concurrent mark sweep GC freed 24(864B) AllocSpace objects, 0(0B) LOS objects, 29% free, 37MB/53MB, paused 468us total 49.473ms
08-05 13:47:51.200 11115 11138 I art     : Starting a blocking GC Explicit
08-05 13:47:51.250 11115 11138 I art     : Explicit concurrent mark sweep GC freed 3(96B) AllocSpace objects, 0(0B) LOS objects, 29% free, 37MB/53MB, paused 584us total 49.392ms
08-05 13:47:51.267 11115 11138 I art     : Starting a blocking GC Explicit
08-05 13:47:51.307 11115 11138 I art     : Explicit concurrent mark sweep GC freed 38(1264B) AllocSpace objects, 0(0B) LOS objects, 29% free, 37MB/53MB, paused 377us total 39.297ms
08-05 13:47:51.321 11115 11138 I art     : Starting a blocking GC Explicit
08-05 13:47:51.359 11115 11138 I art     : Explicit concurrent mark sweep GC freed 23(992B) AllocSpace objects, 0(0B) LOS objects, 29% free, 37MB/53MB, paused 423us total 37.796ms
08-05 13:47:51.659 11115 11412 I art     : Starting a blocking GC Explicit
08-05 13:47:51.712 11115 11412 I art     : Explicit concurrent mark sweep GC freed 1484(89KB) AllocSpace objects, 1(20KB) LOS objects, 29% free, 37MB/53MB, paused 424us total 53.069ms
08-05 13:47:51.727 11115 11412 I art     : Starting a blocking GC Explicit
08-05 13:47:51.769 11115 11412 I art     : Explicit concurrent mark sweep GC freed 20(704B) AllocSpace objects, 0(0B) LOS objects, 29% free, 37MB/53MB, paused 423us total 41.588ms
08-05 13:47:51.784 11115 11412 I art     : Starting a blocking GC Explicit
08-05 13:47:51.826 11115 11412 I art     : Explicit concurrent mark sweep GC freed 3(96B) AllocSpace objects, 0(0B) LOS objects, 29% free, 37MB/53MB, paused 423us total 41.404ms
08-05 13:47:51.841 11115 11412 I art     : Starting a blocking GC Explicit
08-05 13:47:51.883 11115 11412 I art     : Explicit concurrent mark sweep GC freed 3(96B) AllocSpace objects, 0(0B) LOS objects, 29% free, 37MB/53MB, paused 414us total 41.472ms
08-05 13:47:51.898 11115 11412 I art     : Starting a blocking GC Explicit
08-05 13:47:51.940 11115 11412 I art     : Explicit concurrent mark sweep GC freed 3(96B) AllocSpace objects, 0(0B) LOS objects, 29% free, 37MB/53MB, paused 415us total 41.566ms
08-05 13:47:52.256 11115 11126 I art     : Starting a blocking GC Explicit
08-05 13:47:52.285  9322  9322 I Atfwd_Sendcmd: AtCmdFwd service not ready - Exhausted retry attempts - :6
08-05 13:47:52.285  9322  9322 I Atfwd_Daemon: result : -1 	 ,Init step :2 	 ,qmiErrorCode: 0
08-05 13:47:52.297 11115 11126 I art     : Explicit concurrent mark sweep GC freed 1354(82KB) AllocSpace objects, 1(20KB) LOS objects, 29% free, 37MB/53MB, paused 419us total 41.448ms
08-05 13:47:52.312 11115 11126 I art     : Starting a blocking GC Explicit
08-05 13:47:52.351 11115 11126 I art     : Explicit concurrent mark sweep GC freed 20(704B) AllocSpace objects, 0(0B) LOS objects, 29% free, 37MB/53MB, paused 400us total 38.890ms
08-05 13:47:52.366 11115 11126 I art     : Starting a blocking GC Explicit
08-05 13:47:52.405 11115 11126 I art     : Explicit concurrent mark sweep GC freed 3(96B) AllocSpace objects, 0(0B) LOS objects, 29% free, 37MB/53MB, paused 435us total 38.718ms
08-05 13:47:52.419 11115 11126 I art     : Starting a blocking GC Explicit
08-05 13:47:52.458 11115 11126 I art     : Explicit concurrent mark sweep GC freed 3(96B) AllocSpace objects, 0(0B) LOS objects, 29% free, 37MB/53MB, paused 394us total 37.947ms
08-05 13:47:52.471 11115 11126 I art     : Starting a blocking GC Explicit
08-05 13:47:52.508 11115 11126 I art     : Explicit concurrent mark sweep GC freed 3(96B) AllocSpace objects, 0(0B) LOS objects, 29% free, 37MB/53MB, paused 419us total 36.802ms
08-05 13:47:52.639 15103 15103 D AndroidRuntime: >>>>>> START com.android.internal.os.RuntimeInit uid 2000 <<<<<<
08-05 13:47:52.645 15103 15103 D AndroidRuntime: CheckJNI is OFF
08-05 13:47:52.681 15103 15103 D ICU     : No timezone override file found: /data/misc/zoneinfo/current/icu/icu_tzdata.dat
08-05 13:47:52.714 15103 15103 I Radio-JNI: register_android_hardware_Radio DONE
08-05 13:47:52.735 15103 15103 D AndroidRuntime: Calling main entry com.android.commands.am.Am
08-05 13:47:52.745 16924 16924 I Trepn   : Trepn 6.2s: Received intent: com.quicinc.trepn.stop_profiling
08-05 13:47:52.770 16924 16924 I Trepn   : Trepn 6.2s: Trepn has Stopped Profiling.
08-05 13:47:52.832 11115 11597 I art     : Starting a blocking GC Explicit
08-05 13:47:52.872 11115 11597 I art     : Explicit concurrent mark sweep GC freed 1354(82KB) AllocSpace objects, 1(20KB) LOS objects, 29% free, 37MB/53MB, paused 431us total 39.524ms
08-05 13:47:52.882 15103 15103 D AndroidRuntime: Shutting down VM
08-05 13:47:52.885   918  3961 W AppOps  : Finishing op nesting under-run: uid 10078 pkg com.quicinc.trepn code 24 time=0 duration=0 nesting=0
08-05 13:47:52.888 11115 11597 I art     : Starting a blocking GC Explicit
08-05 13:47:52.922 11115 11597 I art     : Explicit concurrent mark sweep GC freed 20(704B) AllocSpace objects, 0(0B) LOS objects, 29% free, 37MB/53MB, paused 360us total 34.261ms
08-05 13:47:52.936 11115 11597 I art     : Starting a blocking GC Explicit
08-05 13:47:52.971 11115 11597 I art     : Explicit concurrent mark sweep GC freed 3(96B) AllocSpace objects, 0(0B) LOS objects, 29% free, 37MB/53MB, paused 372us total 35.367ms
08-05 13:47:52.985 11115 11597 I art     : Starting a blocking GC Explicit
08-05 13:47:53.025 11115 11597 I art     : Explicit concurrent mark sweep GC freed 3(96B) AllocSpace objects, 0(0B) LOS objects, 29% free, 37MB/53MB, paused 387us total 40.231ms
08-05 13:47:53.040 11115 11597 I art     : Starting a blocking GC Explicit
08-05 13:47:53.082 11115 11597 I art     : Explicit concurrent mark sweep GC freed 3(96B) AllocSpace objects, 0(0B) LOS objects, 29% free, 37MB/53MB, paused 408us total 41.375ms
08-05 13:47:53.387 11115 11127 I art     : Starting a blocking GC Explicit
08-05 13:47:53.428 11115 11127 I art     : Explicit concurrent mark sweep GC freed 1354(82KB) AllocSpace objects, 1(20KB) LOS objects, 29% free, 37MB/53MB, paused 445us total 40.732ms
08-05 13:47:53.443 11115 11127 I art     : Starting a blocking GC Explicit
08-05 13:47:53.482 11115 11127 I art     : Explicit concurrent mark sweep GC freed 20(704B) AllocSpace objects, 0(0B) LOS objects, 29% free, 37MB/53MB, paused 379us total 37.986ms
08-05 13:47:53.496 11115 11127 I art     : Starting a blocking GC Explicit
08-05 13:47:53.534 11115 11127 I art     : Explicit concurrent mark sweep GC freed 3(96B) AllocSpace objects, 0(0B) LOS objects, 29% free, 37MB/53MB, paused 367us total 37.952ms
08-05 13:47:53.549 11115 11127 I art     : Starting a blocking GC Explicit
08-05 13:47:53.587 11115 11127 I art     : Explicit concurrent mark sweep GC freed 3(96B) AllocSpace objects, 0(0B) LOS objects, 29% free, 37MB/53MB, paused 443us total 37.690ms
08-05 13:47:53.601 11115 11127 I art     : Starting a blocking GC Explicit
08-05 13:47:53.639 11115 11127 I art     : Explicit concurrent mark sweep GC freed 3(96B) AllocSpace objects, 0(0B) LOS objects, 29% free, 37MB/53MB, paused 371us total 38.080ms
