--------- beginning of main
08-05 20:54:48.911  3784  3784 D CarrierServiceBindHelper: Receive action: android.intent.action.PACKAGE_REMOVED
08-05 20:54:48.930   918  4413 I AccountManagerService: getTypesVisibleToCaller: isPermitted? true
08-05 20:54:48.968 24365 32503 I Fitness : FitCleanupIntentOperation received Intent android.intent.action.PACKAGE_REMOVED [CONTEXT service_id=17 ]
08-05 20:54:48.968 15866 15866 I Finsky  : [1] uah.a(18): PackageMonitorReceiverImpl - Received: android.intent.action.PACKAGE_REMOVED, [ocpw8ddNLhG67i_cxGNvtEQwqY1k5QNC_my-vN553D4]
08-05 20:54:48.968 15866 15866 I Finsky  : [1] ubi.d(9): Invalidating cached PackageState for baseline.org.quantumbadger.redreader
08-05 20:54:48.970  3784  3784 D CarrierServiceBindHelper: Receive action: android.intent.action.PACKAGE_ADDED
08-05 20:54:48.971  3784  3784 D CarrierServiceBindHelper: Receive action: android.intent.action.PACKAGE_REPLACED
08-05 20:54:48.971  3784  3784 D CarrierServiceBindHelper: mHandler: 3
08-05 20:54:48.971  3784  3784 D CarrierServiceBindHelper: mHandler: 3
08-05 20:54:48.971  3784  3784 D CarrierServiceBindHelper: mHandler: 3
08-05 20:54:48.971  3784  3784 D CarrierConfigLoader: mHandler: 9 phoneId: 0
08-05 20:54:48.974 15866 15866 I Finsky  : [1] lzi.c(2): Frosting ID looked up on UI thread. Caller should move to a background thread.
08-05 20:54:48.987 15866 15866 I Finsky  : [1] nqb.c(3): Installer: package baseline.org.quantumbadger.redreader was removed. replacing: true
08-05 20:54:48.988 15866 15866 I Finsky  : [1] nra.a(188): Installer: Notifying status update. package=baseline.org.quantumbadger.redreader, status=UNINSTALLED
08-05 20:54:48.995   918   927 I art     : Background partial concurrent mark sweep GC freed 27975(1934KB) AllocSpace objects, 0(0B) LOS objects, 18% free, 68MB/84MB, paused 1.654ms total 170.152ms
08-05 20:54:49.033   918  6111 I AccountManagerService: getTypesVisibleToCaller: isPermitted? true
08-05 20:54:49.034 15866 15866 I Finsky  : [1] lzi.c(2): Frosting ID looked up on UI thread. Caller should move to a background thread.
08-05 20:54:49.069 15866 15866 I Finsky  : [1] nra.a(220): Installer: found apps to install. isMultiUserMode=false, apps=[]
08-05 20:54:49.070 24577 24587 W art     : Suspending all threads took: 11.453ms
08-05 20:54:49.071 15866 32515 I Finsky  : [6259] ejf.a(-1): Cancelled 0 ongoing asset module downloads for package baseline.org.quantumbadger.redreader due to a concurrent app update.
08-05 20:54:49.085 15866 16054 I Finsky  : [6134] odj.b(52): IQ: Notifying installation update. package=baseline.org.quantumbadger.redreader, status=UNINSTALLED
08-05 20:54:49.103 32448 32448 I ServiceManager: Waiting for service AtCmdFwd...
08-05 20:54:49.139 24577 32513 I Auth    : [SupervisedAccountIntentOperation] onHandleIntent(): android.intent.action.PACKAGE_ADDED
08-05 20:54:49.140 24577 32514 I ChromeSync: [Sync,SyncIntentOperation] Handling the intent: Intent { act=android.intent.action.PACKAGE_ADDED dat=package:baseline.org.quantumbadger.redreader flg=0x4000010 cmp=com.google.android.gms/.chimera.GmsIntentOperationService (has extras) }.
08-05 20:54:49.177 15866 15866 I Finsky  : [1] uah.a(18): PackageMonitorReceiverImpl - Received: android.intent.action.PACKAGE_ADDED, [ocpw8ddNLhG67i_cxGNvtEQwqY1k5QNC_my-vN553D4]
08-05 20:54:49.177 15866 15866 I Finsky  : [1] ubi.d(9): Invalidating cached PackageState for baseline.org.quantumbadger.redreader
08-05 20:54:49.218 15866 15866 I Finsky  : [1] lzi.c(2): Frosting ID looked up on UI thread. Caller should move to a background thread.
--------- beginning of system
08-05 20:54:49.234   918  5952 W ActivityManager: Unable to start service Intent { act=com.google.android.gms.auth.key.retrieval.service.START pkg=com.google.android.gms } U=0: not found
08-05 20:54:49.270 15866 15866 I Finsky  : [1] agsx.a(4): Do not start WearSupportService due to Wear service optimization
08-05 20:54:49.273   918  4400 I AccountManagerService: getTypesVisibleToCaller: isPermitted? true
08-05 20:54:49.280 15866 32515 I Finsky  : [6259] ejc.a(-1): Asset module broadcast after update successful for package baseline.org.quantumbadger.redreader. 0 sessions broadcast.
08-05 20:54:49.281 24577 32514 I ChromeSync: [Persistence,AffiliationManager] One of affiliation or grouping data for android://bz0hZa4nAJEtd0n5sRlXG7KAqctUMWVefv7Ki4mh1p6slZ9YO-n9gS9j8m9YCrsIyI2wIxrDHraumF9Y6pBLTA==@baseline.org.quantumbadger.redreader/ was not found. Marking affiliation data as stale...
08-05 20:54:49.289 15866 15866 I Finsky  : [1] lzi.c(2): Frosting ID looked up on UI thread. Caller should move to a background thread.
08-05 20:54:49.291 15866 32507 I Finsky  : [6257] lyv.run(-1): Wrote row to frosting DB: 2962
08-05 20:54:49.319   918  3696 W ActivityManager: Unbind failed: could not find connection for android.os.BinderProxy@9ef4d64
08-05 20:54:49.360 15866 32510 I Finsky  : [6258] gzn.a(-1): [ContentSync] finished, scheduled=false
08-05 20:54:49.368 24577 24621 E GmsClient: unable to connect to service: com.google.android.gms.auth.key.retrieval.service.START on com.google.android.gms
08-05 20:54:49.407   918  4400 I AccountManagerService: getTypesVisibleToCaller: isPermitted? true
08-05 20:54:49.438 15866 32507 I Finsky  : [6257] lyv.run(-1): Wrote row to frosting DB: 2963
08-05 20:54:49.442 15866 16054 I Finsky  : [6134] odj.b(40): IQ: No matching installs to run for jobs: []
08-05 20:54:49.474 15866 15866 I Finsky  : [1] xmu.a(8): SCH: Jobs in database: 1-1337 3-219 3-220 12-1 24-77777777 26-1414141414 
08-05 20:54:49.476 15866 15866 I Finsky  : [1] xio.a(57): SCH: ConstraintMapping: 24-77777777,  -> L: 0ms, D: 911044ms, C: false, I: true, N: 0
08-05 20:54:49.476 15866 15866 I Finsky  : [1] xio.a(57): SCH: ConstraintMapping: 1-1337, 12-1,  -> L: 14575ms, D: 47463441ms, C: false, I: false, N: 1
08-05 20:54:49.477 15866 32510 I Finsky  : [6258] gzn.a(-1): [ContentSync] finished, scheduled=true
08-05 20:54:49.478 15866 15866 I Finsky  : [1] xio.a(57): SCH: ConstraintMapping: 3-219,  -> L: 0ms, D: 79474048ms, C: false, I: true, N: 2
08-05 20:54:49.478 15866 15866 I Finsky  : [1] xio.a(57): SCH: ConstraintMapping: 3-220,  -> L: 0ms, D: 79474090ms, C: true, I: true, N: 2
08-05 20:54:49.479 15866 15866 I Finsky  : [1] xio.a(57): SCH: ConstraintMapping: 26-1414141414,  -> L: 8910903ms, D: 9810903ms, C: false, I: false, N: 0
08-05 20:54:49.489 32525 32525 D AndroidRuntime: >>>>>> START com.android.internal.os.RuntimeInit uid 2000 <<<<<<
08-05 20:54:49.492 32525 32525 D AndroidRuntime: CheckJNI is OFF
08-05 20:54:49.493 15866 32507 I Finsky  : [6257] lyv.run(-1): Wrote row to frosting DB: 2964
08-05 20:54:49.499 15866 15866 I Finsky  : [1] xle.a(34): Cancelling existing jobscheduler jobs: 9010 9007 9004 9003 9001 9009 9005 9008 9006 9015 
08-05 20:54:49.500 15866 15866 I Finsky  : [1] xle.a(27): Scheduling job Id: 9000, L: 0, D: 911044, C: false, I: true, N: 0
08-05 20:54:49.502 15866 15866 I Finsky  : [1] xle.a(27): Scheduling job Id: 9002, L: 14575, D: 47463441, C: false, I: false, N: 1
08-05 20:54:49.513 15866 15866 I Finsky  : [1] xle.a(27): Scheduling job Id: 9011, L: 0, D: 79474048, C: false, I: true, N: 2
08-05 20:54:49.515 32525 32525 D ICU     : No timezone override file found: /data/misc/zoneinfo/current/icu/icu_tzdata.dat
08-05 20:54:49.516 15866 15866 I Finsky  : [1] xle.a(27): Scheduling job Id: 9012, L: 0, D: 79474090, C: true, I: true, N: 2
08-05 20:54:49.517 15866 15866 I Finsky  : [1] xle.a(27): Scheduling job Id: 9013, L: 8910903, D: 9810903, C: false, I: false, N: 0
08-05 20:54:49.519 15866 15866 I Finsky  : [1] xle.a(27): Scheduling job Id: 9014, L: 0, D: 911044, C: false, I: true, N: 0
08-05 20:54:49.520 15866 15866 I Finsky  : [1] xle.a(27): Scheduling job Id: 9016, L: 14575, D: 47463441, C: false, I: false, N: 1
08-05 20:54:49.521 15866 15866 I Finsky  : [1] xle.a(27): Scheduling job Id: 9017, L: 0, D: 79474048, C: false, I: true, N: 2
08-05 20:54:49.523 15866 15866 I Finsky  : [1] xle.a(27): Scheduling job Id: 9018, L: 0, D: 79474090, C: true, I: true, N: 2
08-05 20:54:49.525 15866 15866 I Finsky  : [1] xle.a(27): Scheduling job Id: 9019, L: 8910903, D: 9810903, C: false, I: false, N: 0
08-05 20:54:49.542 32525 32525 I Radio-JNI: register_android_hardware_Radio DONE
08-05 20:54:49.557 32525 32525 D AndroidRuntime: Calling main entry com.android.commands.monkey.Monkey
08-05 20:54:49.572   918   931 W BroadcastQueue: Skipping deliver [background] BroadcastRecord{b7494df u-1 android.net.conn.CONNECTIVITY_CHANGE} to ReceiverList{979852c 32525 (unknown name)/2000/u-1 remote:ebd9539}: process crashing
08-05 20:54:49.582   918  5132 I ActivityManager: START u0 {act=android.intent.action.MAIN cat=[android.intent.category.LAUNCHER] flg=0x10200000 cmp=baseline.org.quantumbadger.redreader/.activities.MainActivity} from uid 2000 on display 0
08-05 20:54:49.588 15866 32507 I Finsky  : [6257] lyv.run(-1): Wrote row to frosting DB: 2965
08-05 20:54:49.596 24577 13316 I Icing   : IndexChimeraService.getServiceInterface callingPackage=com.google.android.gms componentName=AppsCorpus serviceId=36
08-05 20:54:49.604   918   929 I ActivityManager: Start proc 32542:baseline.org.quantumbadger.redreader/u0a689 for activity baseline.org.quantumbadger.redreader/.activities.MainActivity
08-05 20:54:49.605 32542 32542 I art     : Late-enabling -Xcheck:jni
08-05 20:54:49.608   918  3961 I AccountManagerService: getTypesVisibleToCaller: isPermitted? true
08-05 20:54:49.624 32525 32525 I art     : System.exit called, status: 0
08-05 20:54:49.624 32525 32525 I AndroidRuntime: VM exiting with result code 0.
08-05 20:54:49.639 24577 31546 W Icing   : No valid account for uploading user actions
08-05 20:54:49.659 32542 32542 W System  : ClassLoader referenced unknown path: /data/app/baseline.org.quantumbadger.redreader-2/lib/arm64
08-05 20:54:49.669 32542 32542 I RedReader: Application created.
08-05 20:54:49.671 24577 13316 I Icing   : IndexChimeraService.getServiceInterface callingPackage=com.google.android.gms componentName=null serviceId=30
08-05 20:54:49.676 32542 32559 I RedditChangeDataIO: Running initial read...
08-05 20:54:49.679 32542 32559 I RedditChangeDataIO: Data file at '/data/user/0/baseline.org.quantumbadger.redreader/files/rr_change_data.dat'
08-05 20:54:49.679 32542 32559 I RedditChangeDataIO: Data file does not exist. Aborting read.
08-05 20:54:49.679 32542 32559 I RedditChangeDataManager: Pruning for all users...
08-05 20:54:49.680 32542 32559 I RedditChangeDataManager: Pruning complete.
08-05 20:54:49.690 16458 19558 I PBSessionCacheImpl: Deleted sessionId[72384646105454640] from persistence.
08-05 20:54:49.693 16458 16488 W SearchServiceCore: Abort, client detached.
08-05 20:54:49.693 16458 16488 I MicroDetectionState: Should stop hotword detection immediately - true
08-05 20:54:49.695 32542 32542 I RedReader: Checking for new messages.
08-05 20:54:49.710 24577 31546 I Icing   : Usage reports ok 2, Failed Usage reports 0, indexed 0, rejected 0
08-05 20:54:49.714 24577 31546 W Icing   : No valid account for uploading user actions
08-05 20:54:49.731 24577 31546 I Icing   : Usage reports ok 0, Failed Usage reports 0, indexed 0, rejected 0
08-05 20:54:49.731 24577 31546 I Icing   : Indexing com.google.android.gms-internal.3p:MobileApplication from com.google.android.gms using seqno 763
08-05 20:54:49.735 24577 31546 I Icing   : Indexing com.google.android.gms-internal.3p:MobileApplication from com.google.android.gms using seqno 763
08-05 20:54:49.771 24577 13316 I Icing   : IndexChimeraService.getServiceInterface callingPackage=com.google.android.gms componentName=null serviceId=36
08-05 20:54:49.776 24577 31546 W Icing   : No valid account for uploading user actions
08-05 20:54:49.778 32542 32542 W art     : Before Android 4.1, method android.graphics.PorterDuffColorFilter androidx.vectordrawable.graphics.drawable.VectorDrawableCompat.updateTintFilter(android.graphics.PorterDuffColorFilter, android.content.res.ColorStateList, android.graphics.PorterDuff$Mode) would have incorrectly overridden the package-private method in android.graphics.drawable.Drawable
08-05 20:54:49.789 24577 31546 I Icing   : Usage reports ok 0, Failed Usage reports 0, indexed 0, rejected 0
08-05 20:54:49.794 32542 32542 I art     : Rejecting re-init on previously-failed class java.lang.Class<androidx.core.view.ViewCompat$2>
08-05 20:54:49.794 32542 32542 I art     : Rejecting re-init on previously-failed class java.lang.Class<androidx.core.view.ViewCompat$2>
08-05 20:54:49.802 32542 32542 I AppCompatViewInflater: app:theme is now deprecated. Please move to using android:theme instead.
08-05 20:54:49.802 32542 32558 I CacheManager: Pruning 108 files
08-05 20:54:50.046 32542 32542 I RawObjectDB query string: CREATE TABLE objects(RawObjectDB_id TEXT PRIMARY KEY ON CONFLICT REPLACE,RawObjectDB_timestamp INTEGER,serialised TEXT)
08-05 20:54:50.067   918  1210 D NetlinkSocketObserver: NeighborEvent{elapsedMs=1807493942, 192.168.2.254, [7C3953A63323], RTM_NEWNEIGH, NUD_STALE}
08-05 20:54:50.103 32448 32448 I ServiceManager: Waiting for service AtCmdFwd...
08-05 20:54:50.104 32542 32542 I RawObjectDB query string: CREATE TABLE objects(RawObjectDB_id TEXT PRIMARY KEY ON CONFLICT REPLACE,RawObjectDB_timestamp INTEGER,serialised TEXT)
08-05 20:54:50.183 32542 32561 D OpenGLRenderer: Use EGL_SWAP_BEHAVIOR_PRESERVED: true
08-05 20:54:50.248 32542 32561 I Adreno  : QUALCOMM build                   : fcf4852, I1af360237c
08-05 20:54:50.248 32542 32561 I Adreno  : Build Date                       : 09/23/15
08-05 20:54:50.248 32542 32561 I Adreno  : OpenGL ES Shader Compiler Version: XE031.05.13.02
08-05 20:54:50.248 32542 32561 I Adreno  : Local Branch                     : mybranch14465806
08-05 20:54:50.248 32542 32561 I Adreno  : Remote Branch                    : quic/LA.BF64.1.2.9_v2
08-05 20:54:50.248 32542 32561 I Adreno  : Remote Branch                    : NONE
08-05 20:54:50.248 32542 32561 I Adreno  : Reconstruct Branch               : NOTHING
08-05 20:54:50.257 32542 32561 I OpenGLRenderer: Initialized EGL, version 1.4
08-05 20:54:50.585   918   936 I ActivityManager: Displayed baseline.org.quantumbadger.redreader/.activities.MainActivity: +996ms
08-05 20:54:50.715 24577 31546 I Icing   : Indexing com.google.android.gms-apps from com.google.android.gms
08-05 20:54:50.808 24577 31546 I Icing   : Indexing done com.google.android.gms-apps
08-05 20:54:51.105 32448 32448 I ServiceManager: Waiting for service AtCmdFwd...
08-05 20:54:51.152   918  3261 D WifiStateMachine: starting scan for "H369AA63323"WPA_PSK with 2412,5180
08-05 20:54:51.184 32578 32578 D AndroidRuntime: >>>>>> START com.android.internal.os.RuntimeInit uid 2000 <<<<<<
08-05 20:54:51.189 32578 32578 D AndroidRuntime: CheckJNI is OFF
08-05 20:54:51.215 32578 32578 D ICU     : No timezone override file found: /data/misc/zoneinfo/current/icu/icu_tzdata.dat
08-05 20:54:51.243 32578 32578 I Radio-JNI: register_android_hardware_Radio DONE
08-05 20:54:51.259 32578 32578 D AndroidRuntime: Calling main entry com.android.commands.am.Am
08-05 20:54:51.267 19822 19822 I Trepn   : Trepn 6.2s: Received intent: com.quicinc.trepn.start_profiling
08-05 20:54:51.354 19822 19822 W FileUtils: Failed to chmod(/storage/emulated/0/trepn/Trepn_2020.08.05_205451.db): android.system.ErrnoException: chmod failed: EPERM (Operation not permitted)
08-05 20:54:51.430 19822 19822 I Trepn   : Trepn 6.2s: Trepn has Started Profiling.
08-05 20:54:51.430 32578 32578 D AndroidRuntime: Shutting down VM
08-05 20:54:51.900 32542 32555 I art     : Starting a blocking GC Explicit
08-05 20:54:51.919 32542 32555 I art     : Explicit concurrent mark sweep GC freed 1663(91KB) AllocSpace objects, 0(0B) LOS objects, 40% free, 20MB/34MB, paused 158us total 19.097ms
08-05 20:54:51.930 32542 32555 I art     : Starting a blocking GC Explicit
08-05 20:54:51.945 32542 32555 I art     : Explicit concurrent mark sweep GC freed 14(448B) AllocSpace objects, 0(0B) LOS objects, 40% free, 20MB/34MB, paused 157us total 13.955ms
08-05 20:54:51.954 32542 32555 I art     : Starting a blocking GC Explicit
08-05 20:54:51.967 32542 32555 I art     : Explicit concurrent mark sweep GC freed 6(192B) AllocSpace objects, 0(0B) LOS objects, 40% free, 20MB/34MB, paused 146us total 12.438ms
08-05 20:54:51.976 32542 32555 I art     : Starting a blocking GC Explicit
08-05 20:54:51.989 32542 32555 I art     : Explicit concurrent mark sweep GC freed 6(192B) AllocSpace objects, 0(0B) LOS objects, 40% free, 20MB/34MB, paused 107us total 12.270ms
08-05 20:54:51.997 32542 32555 I art     : Starting a blocking GC Explicit
08-05 20:54:52.009 32542 32555 I art     : Explicit concurrent mark sweep GC freed 5(160B) AllocSpace objects, 0(0B) LOS objects, 40% free, 20MB/34MB, paused 115us total 11.575ms
08-05 20:54:52.105 32448 32448 W Atfwd_Sendcmd: AtCmdFwd service not published, waiting... retryCnt : 4
08-05 20:54:52.286 32542 32563 I art     : Starting a blocking GC Explicit
08-05 20:54:52.305 32542 32563 I art     : Explicit concurrent mark sweep GC freed 1345(78KB) AllocSpace objects, 1(20KB) LOS objects, 40% free, 20MB/34MB, paused 158us total 18.060ms
08-05 20:54:52.317 32542 32563 I art     : Starting a blocking GC Explicit
08-05 20:54:52.329 32542 32563 I art     : Explicit concurrent mark sweep GC freed 20(704B) AllocSpace objects, 0(0B) LOS objects, 40% free, 20MB/34MB, paused 119us total 11.508ms
08-05 20:54:52.337 32542 32563 I art     : Starting a blocking GC Explicit
08-05 20:54:52.347 32542 32563 I art     : Explicit concurrent mark sweep GC freed 3(96B) AllocSpace objects, 0(0B) LOS objects, 40% free, 20MB/34MB, paused 115us total 10.547ms
08-05 20:54:52.355 32542 32563 I art     : Starting a blocking GC Explicit
08-05 20:54:52.366 32542 32563 I art     : Explicit concurrent mark sweep GC freed 3(96B) AllocSpace objects, 0(0B) LOS objects, 40% free, 20MB/34MB, paused 114us total 10.637ms
08-05 20:54:52.374 32542 32563 I art     : Starting a blocking GC Explicit
08-05 20:54:52.385 32542 32563 I art     : Explicit concurrent mark sweep GC freed 3(96B) AllocSpace objects, 0(0B) LOS objects, 40% free, 20MB/34MB, paused 117us total 10.702ms
08-05 20:54:52.689 32542 32555 I art     : Starting a blocking GC Explicit
08-05 20:54:52.702 32542 32555 I art     : Explicit concurrent mark sweep GC freed 1335(78KB) AllocSpace objects, 1(20KB) LOS objects, 40% free, 20MB/34MB, paused 140us total 12.982ms
08-05 20:54:52.711 32542 32555 I art     : Starting a blocking GC Explicit
08-05 20:54:52.722 32542 32555 I art     : Explicit concurrent mark sweep GC freed 20(704B) AllocSpace objects, 0(0B) LOS objects, 40% free, 20MB/34MB, paused 130us total 11.118ms
08-05 20:54:52.731 32542 32555 I art     : Starting a blocking GC Explicit
08-05 20:54:52.742 32542 32555 I art     : Explicit concurrent mark sweep GC freed 3(96B) AllocSpace objects, 0(0B) LOS objects, 40% free, 20MB/34MB, paused 116us total 10.930ms
08-05 20:54:52.750 32542 32555 I art     : Starting a blocking GC Explicit
08-05 20:54:52.761 32542 32555 I art     : Explicit concurrent mark sweep GC freed 3(96B) AllocSpace objects, 0(0B) LOS objects, 40% free, 20MB/34MB, paused 124us total 10.482ms
08-05 20:54:52.769 32542 32555 I art     : Starting a blocking GC Explicit
08-05 20:54:52.780 32542 32555 I art     : Explicit concurrent mark sweep GC freed 3(96B) AllocSpace objects, 0(0B) LOS objects, 40% free, 20MB/34MB, paused 110us total 10.473ms
08-05 20:54:53.095 32542 32553 I art     : Starting a blocking GC Explicit
08-05 20:54:53.111 32542 32553 I art     : Explicit concurrent mark sweep GC freed 1335(78KB) AllocSpace objects, 1(20KB) LOS objects, 40% free, 20MB/34MB, paused 161us total 16.001ms
08-05 20:54:53.123 32542 32553 I art     : Starting a blocking GC Explicit
08-05 20:54:53.138 32542 32553 I art     : Explicit concurrent mark sweep GC freed 20(704B) AllocSpace objects, 0(0B) LOS objects, 40% free, 20MB/34MB, paused 147us total 14.182ms
08-05 20:54:53.149 32542 32553 I art     : Starting a blocking GC Explicit
08-05 20:54:53.160 32542 32553 I art     : Explicit concurrent mark sweep GC freed 3(96B) AllocSpace objects, 0(0B) LOS objects, 40% free, 20MB/34MB, paused 125us total 10.562ms
08-05 20:54:53.168 32542 32553 I art     : Starting a blocking GC Explicit
08-05 20:54:53.179 32542 32553 I art     : Explicit concurrent mark sweep GC freed 3(96B) AllocSpace objects, 0(0B) LOS objects, 40% free, 20MB/34MB, paused 119us total 10.668ms
08-05 20:54:53.187 32542 32553 I art     : Starting a blocking GC Explicit
08-05 20:54:53.198 32542 32553 I art     : Explicit concurrent mark sweep GC freed 3(96B) AllocSpace objects, 0(0B) LOS objects, 40% free, 20MB/34MB, paused 125us total 10.576ms
08-05 20:54:53.503 32542 32563 I art     : Starting a blocking GC Explicit
08-05 20:54:53.518 32542 32563 I art     : Explicit concurrent mark sweep GC freed 1335(78KB) AllocSpace objects, 1(20KB) LOS objects, 40% free, 20MB/34MB, paused 141us total 13.925ms
08-05 20:54:53.527 32542 32563 I art     : Starting a blocking GC Explicit
08-05 20:54:53.539 32542 32563 I art     : Explicit concurrent mark sweep GC freed 20(704B) AllocSpace objects, 0(0B) LOS objects, 40% free, 20MB/34MB, paused 125us total 11.504ms
08-05 20:54:53.548 32542 32563 I art     : Starting a blocking GC Explicit
08-05 20:54:53.558 32542 32563 I art     : Explicit concurrent mark sweep GC freed 3(96B) AllocSpace objects, 0(0B) LOS objects, 40% free, 20MB/34MB, paused 112us total 10.678ms
08-05 20:54:53.567 32542 32563 I art     : Starting a blocking GC Explicit
08-05 20:54:53.577 32542 32563 I art     : Explicit concurrent mark sweep GC freed 3(96B) AllocSpace objects, 0(0B) LOS objects, 40% free, 20MB/34MB, paused 108us total 10.320ms
08-05 20:54:53.585 32542 32563 I art     : Starting a blocking GC Explicit
08-05 20:54:53.596 32542 32563 I art     : Explicit concurrent mark sweep GC freed 3(96B) AllocSpace objects, 0(0B) LOS objects, 40% free, 20MB/34MB, paused 117us total 10.727ms
08-05 20:54:53.903 32542 32555 I art     : Starting a blocking GC Explicit
08-05 20:54:53.923 32542 32555 I art     : Explicit concurrent mark sweep GC freed 1336(78KB) AllocSpace objects, 1(20KB) LOS objects, 40% free, 20MB/34MB, paused 222us total 19.456ms
08-05 20:54:53.935 32542 32555 I art     : Starting a blocking GC Explicit
08-05 20:54:53.946 32542 32555 I art     : Explicit concurrent mark sweep GC freed 20(704B) AllocSpace objects, 0(0B) LOS objects, 40% free, 20MB/34MB, paused 121us total 11.472ms
08-05 20:54:53.955 32542 32555 I art     : Starting a blocking GC Explicit
08-05 20:54:53.966 32542 32555 I art     : Explicit concurrent mark sweep GC freed 3(96B) AllocSpace objects, 0(0B) LOS objects, 40% free, 20MB/34MB, paused 118us total 10.359ms
08-05 20:54:53.973 32542 32555 I art     : Starting a blocking GC Explicit
08-05 20:54:53.984 32542 32555 I art     : Explicit concurrent mark sweep GC freed 3(96B) AllocSpace objects, 0(0B) LOS objects, 40% free, 20MB/34MB, paused 118us total 10.280ms
08-05 20:54:53.992 32542 32555 I art     : Starting a blocking GC Explicit
08-05 20:54:54.002 32542 32555 I art     : Explicit concurrent mark sweep GC freed 3(96B) AllocSpace objects, 0(0B) LOS objects, 40% free, 20MB/34MB, paused 121us total 10.590ms
08-05 20:54:54.308 32542 32553 I art     : Starting a blocking GC Explicit
08-05 20:54:54.324 32542 32553 I art     : Explicit concurrent mark sweep GC freed 1336(78KB) AllocSpace objects, 1(20KB) LOS objects, 40% free, 20MB/34MB, paused 156us total 15.919ms
08-05 20:54:54.337 32542 32553 I art     : Starting a blocking GC Explicit
08-05 20:54:54.351 32542 32553 I art     : Explicit concurrent mark sweep GC freed 20(704B) AllocSpace objects, 0(0B) LOS objects, 40% free, 20MB/34MB, paused 134us total 13.792ms
08-05 20:54:54.363 32542 32553 I art     : Starting a blocking GC Explicit
08-05 20:54:54.375 32542 32553 I art     : Explicit concurrent mark sweep GC freed 3(96B) AllocSpace objects, 0(0B) LOS objects, 40% free, 20MB/34MB, paused 123us total 11.920ms
08-05 20:54:54.383 32542 32553 I art     : Starting a blocking GC Explicit
08-05 20:54:54.394 32542 32553 I art     : Explicit concurrent mark sweep GC freed 3(96B) AllocSpace objects, 0(0B) LOS objects, 40% free, 20MB/34MB, paused 119us total 10.469ms
08-05 20:54:54.402 32542 32553 I art     : Starting a blocking GC Explicit
08-05 20:54:54.413 32542 32553 I art     : Explicit concurrent mark sweep GC freed 3(96B) AllocSpace objects, 0(0B) LOS objects, 40% free, 20MB/34MB, paused 144us total 10.885ms
08-05 20:54:54.728 32542 32563 I art     : Starting a blocking GC Explicit
08-05 20:54:54.746 32542 32563 I art     : Explicit concurrent mark sweep GC freed 1335(78KB) AllocSpace objects, 1(20KB) LOS objects, 40% free, 20MB/34MB, paused 159us total 17.916ms
08-05 20:54:54.760 32542 32563 I art     : Starting a blocking GC Explicit
08-05 20:54:54.774 32542 32563 I art     : Explicit concurrent mark sweep GC freed 20(704B) AllocSpace objects, 0(0B) LOS objects, 40% free, 20MB/34MB, paused 127us total 13.877ms
08-05 20:54:54.782 32542 32563 I art     : Starting a blocking GC Explicit
08-05 20:54:54.793 32542 32563 I art     : Explicit concurrent mark sweep GC freed 3(96B) AllocSpace objects, 0(0B) LOS objects, 40% free, 20MB/34MB, paused 112us total 10.839ms
08-05 20:54:54.801 32542 32563 I art     : Starting a blocking GC Explicit
08-05 20:54:54.812 32542 32563 I art     : Explicit concurrent mark sweep GC freed 3(96B) AllocSpace objects, 0(0B) LOS objects, 40% free, 20MB/34MB, paused 112us total 10.810ms
08-05 20:54:54.821 32542 32563 I art     : Starting a blocking GC Explicit
08-05 20:54:54.831 32542 32563 I art     : Explicit concurrent mark sweep GC freed 3(96B) AllocSpace objects, 0(0B) LOS objects, 40% free, 20MB/34MB, paused 115us total 10.115ms
08-05 20:54:55.133 32542 32555 I art     : Starting a blocking GC Explicit
08-05 20:54:55.149 32542 32555 I art     : Explicit concurrent mark sweep GC freed 1335(78KB) AllocSpace objects, 1(20KB) LOS objects, 40% free, 20MB/34MB, paused 152us total 15.846ms
08-05 20:54:55.160 32542 32555 I art     : Starting a blocking GC Explicit
08-05 20:54:55.171 32542 32555 I art     : Explicit concurrent mark sweep GC freed 20(704B) AllocSpace objects, 0(0B) LOS objects, 40% free, 20MB/34MB, paused 121us total 11.343ms
08-05 20:54:55.180 32542 32555 I art     : Starting a blocking GC Explicit
08-05 20:54:55.191 32542 32555 I art     : Explicit concurrent mark sweep GC freed 3(96B) AllocSpace objects, 0(0B) LOS objects, 40% free, 20MB/34MB, paused 128us total 10.858ms
08-05 20:54:55.199 32542 32555 I art     : Starting a blocking GC Explicit
08-05 20:54:55.210 32542 32555 I art     : Explicit concurrent mark sweep GC freed 3(96B) AllocSpace objects, 0(0B) LOS objects, 40% free, 20MB/34MB, paused 116us total 10.596ms
08-05 20:54:55.217 32542 32555 I art     : Starting a blocking GC Explicit
08-05 20:54:55.228 32542 32555 I art     : Explicit concurrent mark sweep GC freed 3(96B) AllocSpace objects, 0(0B) LOS objects, 40% free, 20MB/34MB, paused 116us total 10.544ms
08-05 20:54:55.544 32542 32553 I art     : Starting a blocking GC Explicit
08-05 20:54:55.563 32542 32553 I art     : Explicit concurrent mark sweep GC freed 1335(78KB) AllocSpace objects, 1(20KB) LOS objects, 40% free, 20MB/34MB, paused 187us total 18.964ms
08-05 20:54:55.576 32542 32553 I art     : Starting a blocking GC Explicit
08-05 20:54:55.587 32542 32553 I art     : Explicit concurrent mark sweep GC freed 20(704B) AllocSpace objects, 0(0B) LOS objects, 40% free, 20MB/34MB, paused 234us total 11.275ms
08-05 20:54:55.587 32542 32552 I art     : WaitForGcToComplete blocked for 11.530ms for cause HeapTrim
08-05 20:54:55.596 32542 32553 I art     : Starting a blocking GC Explicit
08-05 20:54:55.606 32542 32553 I art     : Explicit concurrent mark sweep GC freed 3(96B) AllocSpace objects, 0(0B) LOS objects, 40% free, 20MB/34MB, paused 120us total 10.473ms
08-05 20:54:55.614 32542 32553 I art     : Starting a blocking GC Explicit
08-05 20:54:55.624 32542 32553 I art     : Explicit concurrent mark sweep GC freed 3(96B) AllocSpace objects, 0(0B) LOS objects, 40% free, 20MB/34MB, paused 113us total 9.965ms
08-05 20:54:55.632 32542 32553 I art     : Starting a blocking GC Explicit
08-05 20:54:55.643 32542 32553 I art     : Explicit concurrent mark sweep GC freed 3(96B) AllocSpace objects, 0(0B) LOS objects, 40% free, 20MB/34MB, paused 107us total 10.429ms
08-05 20:54:55.897 32542 32563 I art     : Starting a blocking GC Explicit
08-05 20:54:55.909 32542 32563 I art     : Explicit concurrent mark sweep GC freed 1335(78KB) AllocSpace objects, 1(20KB) LOS objects, 40% free, 20MB/34MB, paused 139us total 12.058ms
08-05 20:54:55.918 32542 32563 I art     : Starting a blocking GC Explicit
08-05 20:54:55.930 32542 32563 I art     : Explicit concurrent mark sweep GC freed 20(704B) AllocSpace objects, 0(0B) LOS objects, 40% free, 20MB/34MB, paused 118us total 11.405ms
08-05 20:54:55.938 32542 32563 I art     : Starting a blocking GC Explicit
08-05 20:54:55.949 32542 32563 I art     : Explicit concurrent mark sweep GC freed 3(96B) AllocSpace objects, 0(0B) LOS objects, 40% free, 20MB/34MB, paused 113us total 10.427ms
08-05 20:54:55.957 32542 32563 I art     : Starting a blocking GC Explicit
08-05 20:54:55.967 32542 32563 I art     : Explicit concurrent mark sweep GC freed 3(96B) AllocSpace objects, 0(0B) LOS objects, 40% free, 20MB/34MB, paused 110us total 10.350ms
08-05 20:54:55.975 32542 32563 I art     : Starting a blocking GC Explicit
08-05 20:54:55.985 32542 32563 I art     : Explicit concurrent mark sweep GC freed 3(96B) AllocSpace objects, 0(0B) LOS objects, 40% free, 20MB/34MB, paused 111us total 10.361ms
08-05 20:54:56.288 32542 32555 I art     : Starting a blocking GC Explicit
08-05 20:54:56.302 32542 32555 I art     : Explicit concurrent mark sweep GC freed 1335(78KB) AllocSpace objects, 1(20KB) LOS objects, 40% free, 20MB/34MB, paused 142us total 13.037ms
08-05 20:54:56.311 32542 32555 I art     : Starting a blocking GC Explicit
08-05 20:54:56.322 32542 32555 I art     : Explicit concurrent mark sweep GC freed 20(704B) AllocSpace objects, 0(0B) LOS objects, 40% free, 20MB/34MB, paused 144us total 10.446ms
08-05 20:54:56.330 32542 32555 I art     : Starting a blocking GC Explicit
08-05 20:54:56.340 32542 32555 I art     : Explicit concurrent mark sweep GC freed 3(96B) AllocSpace objects, 0(0B) LOS objects, 40% free, 20MB/34MB, paused 122us total 9.799ms
08-05 20:54:56.347 32542 32555 I art     : Starting a blocking GC Explicit
08-05 20:54:56.357 32542 32555 I art     : Explicit concurrent mark sweep GC freed 3(96B) AllocSpace objects, 0(0B) LOS objects, 40% free, 20MB/34MB, paused 141us total 9.767ms
08-05 20:54:56.365 32542 32555 I art     : Starting a blocking GC Explicit
08-05 20:54:56.375 32542 32555 I art     : Explicit concurrent mark sweep GC freed 3(96B) AllocSpace objects, 0(0B) LOS objects, 40% free, 20MB/34MB, paused 116us total 10.076ms
08-05 20:54:56.607 32542 32553 I art     : Starting a blocking GC Explicit
08-05 20:54:56.617 32542 32553 I art     : Explicit concurrent mark sweep GC freed 1335(78KB) AllocSpace objects, 1(20KB) LOS objects, 40% free, 20MB/34MB, paused 135us total 10.731ms
08-05 20:54:56.625 32542 32553 I art     : Starting a blocking GC Explicit
08-05 20:54:56.636 32542 32553 I art     : Explicit concurrent mark sweep GC freed 20(704B) AllocSpace objects, 0(0B) LOS objects, 40% free, 20MB/34MB, paused 117us total 10.394ms
08-05 20:54:56.644 32542 32553 I art     : Starting a blocking GC Explicit
08-05 20:54:56.654 32542 32553 I art     : Explicit concurrent mark sweep GC freed 3(96B) AllocSpace objects, 0(0B) LOS objects, 40% free, 20MB/34MB, paused 113us total 10.430ms
08-05 20:54:56.662 32542 32553 I art     : Starting a blocking GC Explicit
08-05 20:54:56.673 32542 32553 I art     : Explicit concurrent mark sweep GC freed 3(96B) AllocSpace objects, 0(0B) LOS objects, 40% free, 20MB/34MB, paused 119us total 10.516ms
08-05 20:54:56.681 32542 32553 I art     : Starting a blocking GC Explicit
08-05 20:54:56.691 32542 32553 I art     : Explicit concurrent mark sweep GC freed 3(96B) AllocSpace objects, 0(0B) LOS objects, 40% free, 20MB/34MB, paused 117us total 10.134ms
08-05 20:54:56.822 32735 32735 D AndroidRuntime: >>>>>> START com.android.internal.os.RuntimeInit uid 2000 <<<<<<
08-05 20:54:56.828 32735 32735 D AndroidRuntime: CheckJNI is OFF
08-05 20:54:56.855 32735 32735 D ICU     : No timezone override file found: /data/misc/zoneinfo/current/icu/icu_tzdata.dat
08-05 20:54:56.880 32735 32735 I Radio-JNI: register_android_hardware_Radio DONE
08-05 20:54:56.896 32735 32735 D AndroidRuntime: Calling main entry com.android.commands.input.Input
08-05 20:54:56.897 32735 32735 I Input   : injectMotionEvent: MotionEvent { action=ACTION_DOWN, actionButton=0, id[0]=0, x[0]=720.0, y[0]=1440.0, toolType[0]=TOOL_TYPE_UNKNOWN, buttonState=0, metaState=0, flags=0x0, edgeFlags=0x0, pointerCount=1, historySize=0, eventTime=824113310, downTime=824113310, deviceId=0, source=0x1002 }
08-05 20:54:56.902 32735 32735 I Input   : injectMotionEvent: MotionEvent { action=ACTION_UP, actionButton=0, id[0]=0, x[0]=720.0, y[0]=1440.0, toolType[0]=TOOL_TYPE_UNKNOWN, buttonState=0, metaState=0, flags=0x0, edgeFlags=0x0, pointerCount=1, historySize=0, eventTime=824113310, downTime=824113310, deviceId=0, source=0x1002 }
08-05 20:54:56.904 32735 32735 D AndroidRuntime: Shutting down VM
08-05 20:54:56.910   512  2967 D audio_hw_primary: out_set_parameters: enter: usecase(1: low-latency-playback) kvpairs: routing=2
08-05 20:54:56.917 13866 13866 I GoogleInputMethodServic: GoogleInputMethodService.onFinishInput():3138 
08-05 20:54:56.918 13866 13866 I GoogleInputMethodServic: GoogleInputMethodService.onStartInput():1808 
08-05 20:54:56.923   512  2967 D audio_hw_primary: select_devices: out_snd_device(2: speaker) in_snd_device(0: none)
08-05 20:54:56.923   512  2967 D msm8974_platform: platform_send_audio_calibration: sending audio calibration for snd_device(2) acdb_id(15)
08-05 20:54:56.924   512  2967 I soundtrigger: audio_extn_sound_trigger_update_device_status: device 0x2 of type 0 for Event 1
08-05 20:54:56.936   512  2967 D audio_hw_primary: enable_snd_device: snd_device(2: speaker)
08-05 20:54:56.939   512  2967 D audio_hw_primary: enable_audio_route: apply and update mixer path: low-latency-playback speaker
08-05 20:54:56.959 32542 32555 I art     : Starting a blocking GC Explicit
08-05 20:54:56.969 32542 32555 I art     : Explicit concurrent mark sweep GC freed 1450(82KB) AllocSpace objects, 1(20KB) LOS objects, 40% free, 20MB/34MB, paused 102us total 10.080ms
08-05 20:54:56.977 32542 32555 I art     : Starting a blocking GC Explicit
08-05 20:54:56.981   918  3188 I hubconnection: sensorhub said: 'set_bias 3: -6.2400, 0.0000, 0.0000'
08-05 20:54:56.987 32542 32555 I art     : Explicit concurrent mark sweep GC freed 991(69KB) AllocSpace objects, 1(76KB) LOS objects, 40% free, 20MB/34MB, paused 121us total 10.053ms
08-05 20:54:56.996 32542 32555 I art     : Starting a blocking GC Explicit
08-05 20:54:57.006 32542 32555 I art     : Explicit concurrent mark sweep GC freed 3(96B) AllocSpace objects, 0(0B) LOS objects, 40% free, 20MB/34MB, paused 125us total 9.952ms
08-05 20:54:57.014 32542 32555 I art     : Starting a blocking GC Explicit
08-05 20:54:57.025 32542 32555 I art     : Explicit concurrent mark sweep GC freed 3(96B) AllocSpace objects, 0(0B) LOS objects, 40% free, 20MB/34MB, paused 127us total 9.886ms
08-05 20:54:57.033 32542 32555 I art     : Starting a blocking GC Explicit
08-05 20:54:57.046 32542 32555 I art     : Explicit concurrent mark sweep GC freed 3(96B) AllocSpace objects, 0(0B) LOS objects, 40% free, 20MB/34MB, paused 129us total 12.275ms
08-05 20:54:57.102   380   380 W SurfaceFlinger: couldn't log to binary event log: overflow.
08-05 20:54:57.254 32542 32563 I art     : Starting a blocking GC Explicit
08-05 20:54:57.266 32542 32563 I art     : Explicit concurrent mark sweep GC freed 1335(78KB) AllocSpace objects, 1(20KB) LOS objects, 40% free, 20MB/34MB, paused 124us total 10.994ms
08-05 20:54:57.274 32542 32563 I art     : Starting a blocking GC Explicit
08-05 20:54:57.285 32542 32563 I art     : Explicit concurrent mark sweep GC freed 20(704B) AllocSpace objects, 0(0B) LOS objects, 40% free, 20MB/34MB, paused 116us total 10.684ms
08-05 20:54:57.293 32542 32563 I art     : Starting a blocking GC Explicit
08-05 20:54:57.304 32542 32563 I art     : Explicit concurrent mark sweep GC freed 3(96B) AllocSpace objects, 0(0B) LOS objects, 40% free, 20MB/34MB, paused 122us total 10.717ms
08-05 20:54:57.312 32542 32563 I art     : Starting a blocking GC Explicit
08-05 20:54:57.323 32542 32563 I art     : Explicit concurrent mark sweep GC freed 3(96B) AllocSpace objects, 0(0B) LOS objects, 40% free, 20MB/34MB, paused 117us total 10.305ms
08-05 20:54:57.331 32542 32563 I art     : Starting a blocking GC Explicit
08-05 20:54:57.341 32542 32563 I art     : Explicit concurrent mark sweep GC freed 3(96B) AllocSpace objects, 0(0B) LOS objects, 40% free, 20MB/34MB, paused 119us total 10.345ms
08-05 20:54:57.463   322   322 D AndroidRuntime: >>>>>> START com.android.internal.os.RuntimeInit uid 2000 <<<<<<
08-05 20:54:57.469   322   322 D AndroidRuntime: CheckJNI is OFF
08-05 20:54:57.479   512  2967 D audio_hw_primary: disable_audio_route: reset and update mixer path: low-latency-playback speaker
08-05 20:54:57.480   512  2967 D audio_hw_primary: disable_snd_device: snd_device(2: speaker)
08-05 20:54:57.488   512  2967 I soundtrigger: audio_extn_sound_trigger_update_device_status: device 0x2 of type 0 for Event 0
08-05 20:54:57.494   322   322 D ICU     : No timezone override file found: /data/misc/zoneinfo/current/icu/icu_tzdata.dat
08-05 20:54:57.519   322   322 I Radio-JNI: register_android_hardware_Radio DONE
08-05 20:54:57.535   322   322 D AndroidRuntime: Calling main entry com.android.commands.input.Input
08-05 20:54:57.537   322   322 I Input   : injectMotionEvent: MotionEvent { action=ACTION_DOWN, actionButton=0, id[0]=0, x[0]=1345.0, y[0]=165.0, toolType[0]=TOOL_TYPE_UNKNOWN, buttonState=0, metaState=0, flags=0x0, edgeFlags=0x0, pointerCount=1, historySize=0, eventTime=824113949, downTime=824113949, deviceId=0, source=0x1002 }
08-05 20:54:57.541   322   322 I Input   : injectMotionEvent: MotionEvent { action=ACTION_UP, actionButton=0, id[0]=0, x[0]=1345.0, y[0]=165.0, toolType[0]=TOOL_TYPE_UNKNOWN, buttonState=0, metaState=0, flags=0x0, edgeFlags=0x0, pointerCount=1, historySize=0, eventTime=824113949, downTime=824113949, deviceId=0, source=0x1002 }
08-05 20:54:57.543   322   322 D AndroidRuntime: Shutting down VM
08-05 20:54:57.555   512  2967 D audio_hw_primary: out_set_parameters: enter: usecase(1: low-latency-playback) kvpairs: routing=2
08-05 20:54:57.556 32542 32542 W art     : Before Android 4.1, method int androidx.appcompat.widget.DropDownListView.lookForSelectablePosition(int, boolean) would have incorrectly overridden the package-private method in android.widget.ListView
08-05 20:54:57.560 32542 32542 W art     : Before Android 4.1, method int androidx.appcompat.widget.MenuPopupWindow$MenuDropDownListView.lookForSelectablePosition(int, boolean) would have incorrectly overridden the package-private method in android.widget.ListView
08-05 20:54:57.561 32542 32542 I ListPopupWindow: Could not find method setEpicenterBounds(Rect) on PopupWindow. Oh well.
08-05 20:54:57.568   512  2967 D audio_hw_primary: select_devices: out_snd_device(2: speaker) in_snd_device(0: none)
08-05 20:54:57.568   512  2967 D msm8974_platform: platform_send_audio_calibration: sending audio calibration for snd_device(2) acdb_id(15)
08-05 20:54:57.568   512  2967 I soundtrigger: audio_extn_sound_trigger_update_device_status: device 0x2 of type 0 for Event 1
08-05 20:54:57.579   512  2967 D audio_hw_primary: enable_snd_device: snd_device(2: speaker)
08-05 20:54:57.580 32542 32563 I art     : Starting a blocking GC Explicit
08-05 20:54:57.581   512  2967 D audio_hw_primary: enable_audio_route: apply and update mixer path: low-latency-playback speaker
08-05 20:54:57.591 32542 32563 I art     : Explicit concurrent mark sweep GC freed 1867(205KB) AllocSpace objects, 1(20KB) LOS objects, 40% free, 20MB/34MB, paused 153us total 10.867ms
08-05 20:54:57.599 32542 32563 I art     : Starting a blocking GC Explicit
08-05 20:54:57.610 32542 32563 I art     : Explicit concurrent mark sweep GC freed 437(22KB) AllocSpace objects, 0(0B) LOS objects, 40% free, 20MB/34MB, paused 150us total 10.798ms
08-05 20:54:57.618 32542 32563 I art     : Starting a blocking GC Explicit
08-05 20:54:57.630   512  2967 D AudioFlinger: mixer(0xf4740000) throttle end: throttle time(12)
08-05 20:54:57.630 32542 32563 I art     : Explicit concurrent mark sweep GC freed 81(7KB) AllocSpace objects, 0(0B) LOS objects, 40% free, 20MB/34MB, paused 217us total 11.942ms
08-05 20:54:57.639 32542 32563 I art     : Starting a blocking GC Explicit
08-05 20:54:57.650 32542 32563 I art     : Explicit concurrent mark sweep GC freed 193(8KB) AllocSpace objects, 0(0B) LOS objects, 40% free, 20MB/34MB, paused 143us total 10.755ms
08-05 20:54:57.658 32542 32563 I art     : Starting a blocking GC Explicit
08-05 20:54:57.669 32542 32563 I art     : Explicit concurrent mark sweep GC freed 562(39KB) AllocSpace objects, 0(0B) LOS objects, 40% free, 20MB/34MB, paused 167us total 10.824ms
08-05 20:54:57.897 32542 32563 I art     : Starting a blocking GC Explicit
08-05 20:54:57.908 32542 32563 I art     : Explicit concurrent mark sweep GC freed 1664(92KB) AllocSpace objects, 1(20KB) LOS objects, 40% free, 20MB/34MB, paused 120us total 10.331ms
08-05 20:54:57.917 32542 32563 I art     : Starting a blocking GC Explicit
08-05 20:54:57.927 32542 32563 I art     : Explicit concurrent mark sweep GC freed 24(912B) AllocSpace objects, 0(0B) LOS objects, 40% free, 20MB/34MB, paused 133us total 10.132ms
08-05 20:54:57.934 32542 32563 I art     : Starting a blocking GC Explicit
08-05 20:54:57.945 32542 32563 I art     : Explicit concurrent mark sweep GC freed 9(288B) AllocSpace objects, 0(0B) LOS objects, 40% free, 20MB/34MB, paused 117us total 9.892ms
08-05 20:54:57.952 32542 32563 I art     : Starting a blocking GC Explicit
08-05 20:54:57.962 32542 32563 I art     : Explicit concurrent mark sweep GC freed 3(96B) AllocSpace objects, 0(0B) LOS objects, 40% free, 20MB/34MB, paused 117us total 9.966ms
08-05 20:54:57.970 32542 32563 I art     : Starting a blocking GC Explicit
08-05 20:54:57.980 32542 32563 I art     : Explicit concurrent mark sweep GC freed 3(96B) AllocSpace objects, 0(0B) LOS objects, 40% free, 20MB/34MB, paused 118us total 9.952ms
08-05 20:54:58.089   410   410 D AndroidRuntime: >>>>>> START com.android.internal.os.RuntimeInit uid 2000 <<<<<<
08-05 20:54:58.093   410   410 D AndroidRuntime: CheckJNI is OFF
08-05 20:54:58.117   410   410 D ICU     : No timezone override file found: /data/misc/zoneinfo/current/icu/icu_tzdata.dat
08-05 20:54:58.119   512  2967 D audio_hw_primary: disable_audio_route: reset and update mixer path: low-latency-playback speaker
08-05 20:54:58.120   512  2967 D audio_hw_primary: disable_snd_device: snd_device(2: speaker)
08-05 20:54:58.129   512  2967 I soundtrigger: audio_extn_sound_trigger_update_device_status: device 0x2 of type 0 for Event 0
08-05 20:54:58.141   410   410 I Radio-JNI: register_android_hardware_Radio DONE
08-05 20:54:58.157   410   410 D AndroidRuntime: Calling main entry com.android.commands.input.Input
08-05 20:54:58.158   410   410 I Input   : injectMotionEvent: MotionEvent { action=ACTION_DOWN, actionButton=0, id[0]=0, x[0]=940.0, y[0]=501.0, toolType[0]=TOOL_TYPE_UNKNOWN, buttonState=0, metaState=0, flags=0x0, edgeFlags=0x0, pointerCount=1, historySize=0, eventTime=824114571, downTime=824114571, deviceId=0, source=0x1002 }
08-05 20:54:58.164   410   410 I Input   : injectMotionEvent: MotionEvent { action=ACTION_UP, actionButton=0, id[0]=0, x[0]=940.0, y[0]=501.0, toolType[0]=TOOL_TYPE_UNKNOWN, buttonState=0, metaState=0, flags=0x0, edgeFlags=0x0, pointerCount=1, historySize=0, eventTime=824114571, downTime=824114571, deviceId=0, source=0x1002 }
08-05 20:54:58.166   410   410 D AndroidRuntime: Shutting down VM
08-05 20:54:58.232 32542 32555 I art     : Starting a blocking GC Explicit
08-05 20:54:58.232   512  2967 D audio_hw_primary: out_set_parameters: enter: usecase(1: low-latency-playback) kvpairs: routing=2
08-05 20:54:58.234   918  6110 I ActivityManager: START u0 {cmp=baseline.org.quantumbadger.redreader/.settings.SettingsActivity} from uid 10689 on display 0
08-05 20:54:58.243 32542 32555 I art     : Explicit concurrent mark sweep GC freed 1375(86KB) AllocSpace objects, 1(20KB) LOS objects, 40% free, 20MB/34MB, paused 322us total 10.822ms
08-05 20:54:58.246   512  2967 D audio_hw_primary: select_devices: out_snd_device(2: speaker) in_snd_device(0: none)
08-05 20:54:58.246   512  2967 D msm8974_platform: platform_send_audio_calibration: sending audio calibration for snd_device(2) acdb_id(15)
08-05 20:54:58.246   512  2967 I soundtrigger: audio_extn_sound_trigger_update_device_status: device 0x2 of type 0 for Event 1
08-05 20:54:58.248 13866 13866 I GoogleInputMethodServic: GoogleInputMethodService.onFinishInput():3138 
08-05 20:54:58.249 13866 13866 I GoogleInputMethodServic: GoogleInputMethodService.onStartInput():1808 
08-05 20:54:58.253 32542 32555 I art     : Starting a blocking GC Explicit
08-05 20:54:58.257   512  2967 D audio_hw_primary: enable_snd_device: snd_device(2: speaker)
08-05 20:54:58.259   512  2967 D audio_hw_primary: enable_audio_route: apply and update mixer path: low-latency-playback speaker
08-05 20:54:58.266 32542 32555 I art     : Explicit concurrent mark sweep GC freed 408(32KB) AllocSpace objects, 0(0B) LOS objects, 40% free, 20MB/34MB, paused 367us total 12.419ms
08-05 20:54:58.275 32542 32555 I art     : Starting a blocking GC Explicit
08-05 20:54:58.286 32542 32555 I art     : Explicit concurrent mark sweep GC freed 500(95KB) AllocSpace objects, 0(0B) LOS objects, 40% free, 21MB/35MB, paused 421us total 11.537ms
08-05 20:54:58.294 32542 32555 I art     : Starting a blocking GC Explicit
08-05 20:54:58.301   512  2967 D AudioFlinger: mixer(0xf4740000) throttle end: throttle time(12)
08-05 20:54:58.307 32542 32555 I art     : Explicit concurrent mark sweep GC freed 392(39KB) AllocSpace objects, 0(0B) LOS objects, 40% free, 21MB/35MB, paused 207us total 12.052ms
08-05 20:54:58.314 32542 32555 I art     : Starting a blocking GC Explicit
08-05 20:54:58.325 32542 32555 I art     : Explicit concurrent mark sweep GC freed 66(3KB) AllocSpace objects, 0(0B) LOS objects, 40% free, 21MB/35MB, paused 139us total 10.884ms
08-05 20:54:58.381   918   936 I ActivityManager: Displayed baseline.org.quantumbadger.redreader/.settings.SettingsActivity: +128ms
08-05 20:54:58.382 13866 13866 I GoogleInputMethodServic: GoogleInputMethodService.onFinishInput():3138 
08-05 20:54:58.382 13866 13866 I GoogleInputMethodServic: GoogleInputMethodService.onStartInput():1808 
08-05 20:54:58.429 32542 32561 D OpenGLRenderer: endAllStagingAnimators on 0x7f94bab000 (MenuPopupWindow$MenuDropDownListView) with handle 0x7f99de9dc0
08-05 20:54:58.562 32542 32563 I art     : Starting a blocking GC Explicit
08-05 20:54:58.577 32542 32563 I art     : Explicit concurrent mark sweep GC freed 2008(109KB) AllocSpace objects, 1(20KB) LOS objects, 40% free, 21MB/35MB, paused 275us total 15.170ms
08-05 20:54:58.586 32542 32563 I art     : Starting a blocking GC Explicit
08-05 20:54:58.600 32542 32563 I art     : Explicit concurrent mark sweep GC freed 106(4KB) AllocSpace objects, 0(0B) LOS objects, 40% free, 21MB/35MB, paused 134us total 13.576ms
08-05 20:54:58.609 32542 32563 I art     : Starting a blocking GC Explicit
08-05 20:54:58.624 32542 32563 I art     : Explicit concurrent mark sweep GC freed 3(96B) AllocSpace objects, 0(0B) LOS objects, 40% free, 21MB/35MB, paused 237us total 13.991ms
08-05 20:54:58.634 32542 32563 I art     : Starting a blocking GC Explicit
08-05 20:54:58.638   380   380 W SurfaceFlinger: couldn't log to binary event log: overflow.
08-05 20:54:58.650 32542 32563 I art     : Explicit concurrent mark sweep GC freed 3(96B) AllocSpace objects, 0(0B) LOS objects, 40% free, 21MB/35MB, paused 148us total 15.494ms
08-05 20:54:58.658 32542 32563 I art     : Starting a blocking GC Explicit
08-05 20:54:58.669 32542 32563 I art     : Explicit concurrent mark sweep GC freed 3(96B) AllocSpace objects, 0(0B) LOS objects, 40% free, 21MB/35MB, paused 117us total 10.771ms
08-05 20:54:58.725   461   461 D AndroidRuntime: >>>>>> START com.android.internal.os.RuntimeInit uid 2000 <<<<<<
08-05 20:54:58.728   461   461 D AndroidRuntime: CheckJNI is OFF
08-05 20:54:58.752   461   461 D ICU     : No timezone override file found: /data/misc/zoneinfo/current/icu/icu_tzdata.dat
08-05 20:54:58.780   461   461 I Radio-JNI: register_android_hardware_Radio DONE
08-05 20:54:58.789   512  2967 D audio_hw_primary: disable_audio_route: reset and update mixer path: low-latency-playback speaker
08-05 20:54:58.790   512  2967 D audio_hw_primary: disable_snd_device: snd_device(2: speaker)
08-05 20:54:58.796   461   461 D AndroidRuntime: Calling main entry com.android.commands.input.Input
08-05 20:54:58.798   461   461 I Input   : injectMotionEvent: MotionEvent { action=ACTION_DOWN, actionButton=0, id[0]=0, x[0]=216.0, y[0]=853.0, toolType[0]=TOOL_TYPE_UNKNOWN, buttonState=0, metaState=0, flags=0x0, edgeFlags=0x0, pointerCount=1, historySize=0, eventTime=824115211, downTime=824115211, deviceId=0, source=0x1002 }
08-05 20:54:58.798   512  2967 I soundtrigger: audio_extn_sound_trigger_update_device_status: device 0x2 of type 0 for Event 0
08-05 20:54:58.803   461   461 I Input   : injectMotionEvent: MotionEvent { action=ACTION_UP, actionButton=0, id[0]=0, x[0]=216.0, y[0]=853.0, toolType[0]=TOOL_TYPE_UNKNOWN, buttonState=0, metaState=0, flags=0x0, edgeFlags=0x0, pointerCount=1, historySize=0, eventTime=824115211, downTime=824115211, deviceId=0, source=0x1002 }
08-05 20:54:58.806   461   461 D AndroidRuntime: Shutting down VM
08-05 20:54:58.874   512  2967 D audio_hw_primary: out_set_parameters: enter: usecase(1: low-latency-playback) kvpairs: routing=2
08-05 20:54:58.874   918  5952 I ActivityManager: START u0 {act=android.intent.action.MAIN cmp=baseline.org.quantumbadger.redreader/.settings.SettingsActivity (has extras)} from uid 10689 on display 0
08-05 20:54:58.887   512  2967 D audio_hw_primary: select_devices: out_snd_device(2: speaker) in_snd_device(0: none)
08-05 20:54:58.887   512  2967 D msm8974_platform: platform_send_audio_calibration: sending audio calibration for snd_device(2) acdb_id(15)
08-05 20:54:58.888   512  2967 I soundtrigger: audio_extn_sound_trigger_update_device_status: device 0x2 of type 0 for Event 1
08-05 20:54:58.898   512  2967 D audio_hw_primary: enable_snd_device: snd_device(2: speaker)
08-05 20:54:58.900   512  2967 D audio_hw_primary: enable_audio_route: apply and update mixer path: low-latency-playback speaker
08-05 20:54:58.901 32542 32563 I art     : Starting a blocking GC Explicit
08-05 20:54:58.916 32542 32563 I art     : Explicit concurrent mark sweep GC freed 2342(196KB) AllocSpace objects, 2(40KB) LOS objects, 40% free, 21MB/35MB, paused 526us total 15.509ms
08-05 20:54:58.924 32542 32563 I art     : Starting a blocking GC Explicit
08-05 20:54:58.938 32542 32563 I art     : Explicit concurrent mark sweep GC freed 564(31KB) AllocSpace objects, 0(0B) LOS objects, 40% free, 21MB/35MB, paused 132us total 13.227ms
08-05 20:54:58.943   512  2967 D AudioFlinger: mixer(0xf4740000) throttle end: throttle time(12)
08-05 20:54:58.946 32542 32563 I art     : Starting a blocking GC Explicit
08-05 20:54:58.958 32542 32563 I art     : Explicit concurrent mark sweep GC freed 57(2640B) AllocSpace objects, 0(0B) LOS objects, 40% free, 21MB/35MB, paused 126us total 11.661ms
08-05 20:54:58.966 32542 32563 I art     : Starting a blocking GC Explicit
08-05 20:54:58.980 32542 32563 I art     : Explicit concurrent mark sweep GC freed 2995(151KB) AllocSpace objects, 0(0B) LOS objects, 40% free, 21MB/36MB, paused 534us total 14.001ms
08-05 20:54:58.989 32542 32563 I art     : Starting a blocking GC Explicit
08-05 20:54:59.004 32542 32563 I art     : Explicit concurrent mark sweep GC freed 14170(581KB) AllocSpace objects, 0(0B) LOS objects, 40% free, 21MB/36MB, paused 447us total 14.943ms
08-05 20:54:59.168   918   936 I ActivityManager: Displayed baseline.org.quantumbadger.redreader/.settings.SettingsActivity: +284ms
08-05 20:54:59.168 13866 13866 I GoogleInputMethodServic: GoogleInputMethodService.onFinishInput():3138 
08-05 20:54:59.168 13866 13866 I GoogleInputMethodServic: GoogleInputMethodService.onStartInput():1808 
08-05 20:54:59.180   518   646 I ThermalEngine: ACTION: GPU - Setting GPU[0] to 510000000
08-05 20:54:59.190 32542 32561 D OpenGLRenderer: endAllStagingAnimators on 0x7f804fec00 (ListView) with handle 0x7f949a2020
08-05 20:54:59.252 32542 32555 I art     : Starting a blocking GC Explicit
08-05 20:54:59.275 32542 32555 I art     : Explicit concurrent mark sweep GC freed 65595(2MB) AllocSpace objects, 1(20KB) LOS objects, 40% free, 22MB/37MB, paused 187us total 22.917ms
08-05 20:54:59.287 32542 32555 I art     : Starting a blocking GC Explicit
08-05 20:54:59.305 32542 32555 I art     : Explicit concurrent mark sweep GC freed 2364(207KB) AllocSpace objects, 0(0B) LOS objects, 40% free, 22MB/36MB, paused 176us total 18.001ms
08-05 20:54:59.317 32542 32555 I art     : Starting a blocking GC Explicit
08-05 20:54:59.337 32542 32555 I art     : Explicit concurrent mark sweep GC freed 59(2448B) AllocSpace objects, 0(0B) LOS objects, 40% free, 22MB/36MB, paused 277us total 19.326ms
08-05 20:54:59.350 32542 32555 I art     : Starting a blocking GC Explicit
08-05 20:54:59.370 32542 32555 I art     : Explicit concurrent mark sweep GC freed 5(240B) AllocSpace objects, 0(0B) LOS objects, 40% free, 22MB/36MB, paused 183us total 20.415ms
08-05 20:54:59.384 32542 32555 I art     : Starting a blocking GC Explicit
08-05 20:54:59.403   535   535 D AndroidRuntime: >>>>>> START com.android.internal.os.RuntimeInit uid 2000 <<<<<<
08-05 20:54:59.405 32542 32555 I art     : Explicit concurrent mark sweep GC freed 3(96B) AllocSpace objects, 0(0B) LOS objects, 40% free, 22MB/36MB, paused 217us total 21.277ms
08-05 20:54:59.410   535   535 D AndroidRuntime: CheckJNI is OFF
08-05 20:54:59.423   380   380 W SurfaceFlinger: couldn't log to binary event log: overflow.
08-05 20:54:59.429   512  2967 D audio_hw_primary: disable_audio_route: reset and update mixer path: low-latency-playback speaker
08-05 20:54:59.430   512  2967 D audio_hw_primary: disable_snd_device: snd_device(2: speaker)
08-05 20:54:59.440   512  2967 I soundtrigger: audio_extn_sound_trigger_update_device_status: device 0x2 of type 0 for Event 0
08-05 20:54:59.444   535   535 D ICU     : No timezone override file found: /data/misc/zoneinfo/current/icu/icu_tzdata.dat
08-05 20:54:59.475   535   535 I Radio-JNI: register_android_hardware_Radio DONE
08-05 20:54:59.495   535   535 D AndroidRuntime: Calling main entry com.android.commands.input.Input
08-05 20:54:59.496   535   535 I Input   : injectMotionEvent: MotionEvent { action=ACTION_DOWN, actionButton=0, id[0]=0, x[0]=1318.0, y[0]=1194.0, toolType[0]=TOOL_TYPE_UNKNOWN, buttonState=0, metaState=0, flags=0x0, edgeFlags=0x0, pointerCount=1, historySize=0, eventTime=824115909, downTime=824115909, deviceId=0, source=0x1002 }
08-05 20:54:59.500   535   535 I Input   : injectMotionEvent: MotionEvent { action=ACTION_UP, actionButton=0, id[0]=0, x[0]=1318.0, y[0]=1194.0, toolType[0]=TOOL_TYPE_UNKNOWN, buttonState=0, metaState=0, flags=0x0, edgeFlags=0x0, pointerCount=1, historySize=0, eventTime=824115909, downTime=824115909, deviceId=0, source=0x1002 }
08-05 20:54:59.502   535   535 D AndroidRuntime: Shutting down VM
08-05 20:54:59.570   512  2967 D audio_hw_primary: out_set_parameters: enter: usecase(1: low-latency-playback) kvpairs: routing=2
08-05 20:54:59.583   512  2967 D audio_hw_primary: select_devices: out_snd_device(2: speaker) in_snd_device(0: none)
08-05 20:54:59.583   512  2967 D msm8974_platform: platform_send_audio_calibration: sending audio calibration for snd_device(2) acdb_id(15)
08-05 20:54:59.583   512  2967 I soundtrigger: audio_extn_sound_trigger_update_device_status: device 0x2 of type 0 for Event 1
08-05 20:54:59.595   512  2967 D audio_hw_primary: enable_snd_device: snd_device(2: speaker)
08-05 20:54:59.597   512  2967 D audio_hw_primary: enable_audio_route: apply and update mixer path: low-latency-playback speaker
08-05 20:54:59.641   512  2967 D AudioFlinger: mixer(0xf4740000) throttle end: throttle time(12)
08-05 20:54:59.652 32542 32555 I art     : Starting a blocking GC Explicit
08-05 20:54:59.669 32542 32555 I art     : Explicit concurrent mark sweep GC freed 2025(123KB) AllocSpace objects, 2(40KB) LOS objects, 40% free, 22MB/36MB, paused 160us total 17.317ms
08-05 20:54:59.680 32542 32555 I art     : Starting a blocking GC Explicit
08-05 20:54:59.697 32542 32555 I art     : Explicit concurrent mark sweep GC freed 62(2416B) AllocSpace objects, 0(0B) LOS objects, 40% free, 22MB/36MB, paused 149us total 16.655ms
08-05 20:54:59.709 32542 32555 I art     : Starting a blocking GC Explicit
08-05 20:54:59.726 32542 32555 I art     : Explicit concurrent mark sweep GC freed 27(1088B) AllocSpace objects, 0(0B) LOS objects, 40% free, 22MB/36MB, paused 175us total 17.053ms
08-05 20:54:59.737 32542 32555 I art     : Starting a blocking GC Explicit
08-05 20:54:59.754 32542 32555 I art     : Explicit concurrent mark sweep GC freed 22(880B) AllocSpace objects, 0(0B) LOS objects, 40% free, 22MB/36MB, paused 172us total 16.829ms
08-05 20:54:59.765 32542 32555 I art     : Starting a blocking GC Explicit
08-05 20:54:59.782 32542 32555 I art     : Explicit concurrent mark sweep GC freed 64(2880B) AllocSpace objects, 0(0B) LOS objects, 40% free, 22MB/36MB, paused 171us total 16.903ms
08-05 20:55:00.027 32542   460 I art     : Starting a blocking GC Explicit
08-05 20:55:00.044 32542   460 I art     : Explicit concurrent mark sweep GC freed 1438(82KB) AllocSpace objects, 1(20KB) LOS objects, 40% free, 22MB/36MB, paused 159us total 17.268ms
08-05 20:55:00.055 32542   460 I art     : Starting a blocking GC Explicit
08-05 20:55:00.073 32542   460 I art     : Explicit concurrent mark sweep GC freed 65(2192B) AllocSpace objects, 0(0B) LOS objects, 40% free, 22MB/36MB, paused 228us total 17.623ms
08-05 20:55:00.084 32542   460 I art     : Starting a blocking GC Explicit
08-05 20:55:00.100 32542   460 I art     : Explicit concurrent mark sweep GC freed 17(640B) AllocSpace objects, 0(0B) LOS objects, 40% free, 22MB/36MB, paused 164us total 16.437ms
08-05 20:55:00.111 32542   460 I art     : Starting a blocking GC Explicit
08-05 20:55:00.127   579   579 D AndroidRuntime: >>>>>> START com.android.internal.os.RuntimeInit uid 2000 <<<<<<
08-05 20:55:00.128   512  2967 D audio_hw_primary: disable_audio_route: reset and update mixer path: low-latency-playback speaker
08-05 20:55:00.129 32542   460 I art     : Explicit concurrent mark sweep GC freed 44(1968B) AllocSpace objects, 0(0B) LOS objects, 40% free, 22MB/36MB, paused 167us total 17.488ms
08-05 20:55:00.130   512  2967 D audio_hw_primary: disable_snd_device: snd_device(2: speaker)
08-05 20:55:00.132   579   579 D AndroidRuntime: CheckJNI is OFF
08-05 20:55:00.138   512  2967 I soundtrigger: audio_extn_sound_trigger_update_device_status: device 0x2 of type 0 for Event 0
08-05 20:55:00.140 32542   460 I art     : Starting a blocking GC Explicit
08-05 20:55:00.157 32542   460 I art     : Explicit concurrent mark sweep GC freed 7(224B) AllocSpace objects, 0(0B) LOS objects, 40% free, 22MB/36MB, paused 166us total 17.085ms
08-05 20:55:00.165   579   579 D ICU     : No timezone override file found: /data/misc/zoneinfo/current/icu/icu_tzdata.dat
08-05 20:55:00.195   579   579 I Radio-JNI: register_android_hardware_Radio DONE
08-05 20:55:00.216   579   579 D AndroidRuntime: Calling main entry com.android.commands.input.Input
08-05 20:55:00.219   579   579 I Input   : injectMotionEvent: MotionEvent { action=ACTION_DOWN, actionButton=0, id[0]=0, x[0]=1309.0, y[0]=1701.0, toolType[0]=TOOL_TYPE_UNKNOWN, buttonState=0, metaState=0, flags=0x0, edgeFlags=0x0, pointerCount=1, historySize=0, eventTime=824116631, downTime=824116631, deviceId=0, source=0x1002 }
08-05 20:55:00.223   579   579 I Input   : injectMotionEvent: MotionEvent { action=ACTION_UP, actionButton=0, id[0]=0, x[0]=1309.0, y[0]=1701.0, toolType[0]=TOOL_TYPE_UNKNOWN, buttonState=0, metaState=0, flags=0x0, edgeFlags=0x0, pointerCount=1, historySize=0, eventTime=824116631, downTime=824116631, deviceId=0, source=0x1002 }
08-05 20:55:00.226   579   579 D AndroidRuntime: Shutting down VM
08-05 20:55:00.294   512  2967 D audio_hw_primary: out_set_parameters: enter: usecase(1: low-latency-playback) kvpairs: routing=2
08-05 20:55:00.307   512  2967 D audio_hw_primary: select_devices: out_snd_device(2: speaker) in_snd_device(0: none)
08-05 20:55:00.308   512  2967 D msm8974_platform: platform_send_audio_calibration: sending audio calibration for snd_device(2) acdb_id(15)
08-05 20:55:00.308   512  2967 I soundtrigger: audio_extn_sound_trigger_update_device_status: device 0x2 of type 0 for Event 1
08-05 20:55:00.318   512  2967 D audio_hw_primary: enable_snd_device: snd_device(2: speaker)
08-05 20:55:00.320   512  2967 D audio_hw_primary: enable_audio_route: apply and update mixer path: low-latency-playback speaker
08-05 20:55:00.363   512  2967 D AudioFlinger: mixer(0xf4740000) throttle end: throttle time(12)
08-05 20:55:00.398 32542 32555 I art     : Starting a blocking GC Explicit
08-05 20:55:00.419 32542 32555 I art     : Explicit concurrent mark sweep GC freed 2032(124KB) AllocSpace objects, 2(40KB) LOS objects, 40% free, 22MB/37MB, paused 202us total 19.919ms
08-05 20:55:00.430 32542 32555 I art     : Starting a blocking GC Explicit
08-05 20:55:00.450 32542 32555 I art     : Explicit concurrent mark sweep GC freed 82(3056B) AllocSpace objects, 0(0B) LOS objects, 40% free, 22MB/37MB, paused 198us total 19.945ms
08-05 20:55:00.462 32542 32555 I art     : Starting a blocking GC Explicit
08-05 20:55:00.481 32542 32555 I art     : Explicit concurrent mark sweep GC freed 35(1472B) AllocSpace objects, 0(0B) LOS objects, 40% free, 22MB/37MB, paused 156us total 18.330ms
08-05 20:55:00.492 32542 32555 I art     : Starting a blocking GC Explicit
08-05 20:55:00.509 32542 32555 I art     : Explicit concurrent mark sweep GC freed 56(2464B) AllocSpace objects, 0(0B) LOS objects, 40% free, 22MB/37MB, paused 161us total 16.834ms
08-05 20:55:00.520 32542 32555 I art     : Starting a blocking GC Explicit
08-05 20:55:00.537 32542 32555 I art     : Explicit concurrent mark sweep GC freed 24(976B) AllocSpace objects, 0(0B) LOS objects, 40% free, 22MB/37MB, paused 181us total 17.059ms
08-05 20:55:00.786 32542   460 I art     : Starting a blocking GC Explicit
08-05 20:55:00.805 32542   460 I art     : Explicit concurrent mark sweep GC freed 1481(83KB) AllocSpace objects, 1(20KB) LOS objects, 40% free, 22MB/37MB, paused 180us total 18.494ms
08-05 20:55:00.817 32542   460 I art     : Starting a blocking GC Explicit
08-05 20:55:00.837 32542   460 I art     : Explicit concurrent mark sweep GC freed 78(2656B) AllocSpace objects, 0(0B) LOS objects, 40% free, 22MB/37MB, paused 176us total 19.148ms
08-05 20:55:00.848   512  2967 D audio_hw_primary: disable_audio_route: reset and update mixer path: low-latency-playback speaker
08-05 20:55:00.849 32542   460 I art     : Starting a blocking GC Explicit
08-05 20:55:00.850   512  2967 D audio_hw_primary: disable_snd_device: snd_device(2: speaker)
08-05 20:55:00.858   512  2967 I soundtrigger: audio_extn_sound_trigger_update_device_status: device 0x2 of type 0 for Event 0
08-05 20:55:00.867 32542   460 I art     : Explicit concurrent mark sweep GC freed 44(1968B) AllocSpace objects, 0(0B) LOS objects, 40% free, 22MB/37MB, paused 244us total 18.451ms
08-05 20:55:00.870   682   682 D AndroidRuntime: >>>>>> START com.android.internal.os.RuntimeInit uid 2000 <<<<<<
08-05 20:55:00.875   682   682 D AndroidRuntime: CheckJNI is OFF
08-05 20:55:00.879 32542   460 I art     : Starting a blocking GC Explicit
08-05 20:55:00.896 32542   460 I art     : Explicit concurrent mark sweep GC freed 7(224B) AllocSpace objects, 0(0B) LOS objects, 40% free, 22MB/37MB, paused 159us total 17.144ms
08-05 20:55:00.907 32542   460 I art     : Starting a blocking GC Explicit
08-05 20:55:00.909   682   682 D ICU     : No timezone override file found: /data/misc/zoneinfo/current/icu/icu_tzdata.dat
08-05 20:55:00.924 32542   460 I art     : Explicit concurrent mark sweep GC freed 3(96B) AllocSpace objects, 0(0B) LOS objects, 40% free, 22MB/37MB, paused 178us total 17.040ms
08-05 20:55:00.941   682   682 I Radio-JNI: register_android_hardware_Radio DONE
08-05 20:55:00.962   682   682 D AndroidRuntime: Calling main entry com.android.commands.input.Input
08-05 20:55:00.963   682   682 I Input   : injectMotionEvent: MotionEvent { action=ACTION_DOWN, actionButton=0, id[0]=0, x[0]=477.0, y[0]=805.0, toolType[0]=TOOL_TYPE_UNKNOWN, buttonState=0, metaState=0, flags=0x0, edgeFlags=0x0, pointerCount=1, historySize=0, eventTime=824117376, downTime=824117376, deviceId=0, source=0x1002 }
08-05 20:55:00.967   682   682 I Input   : injectMotionEvent: MotionEvent { action=ACTION_UP, actionButton=0, id[0]=0, x[0]=477.0, y[0]=805.0, toolType[0]=TOOL_TYPE_UNKNOWN, buttonState=0, metaState=0, flags=0x0, edgeFlags=0x0, pointerCount=1, historySize=0, eventTime=824117376, downTime=824117376, deviceId=0, source=0x1002 }
08-05 20:55:00.969   682   682 D AndroidRuntime: Shutting down VM
08-05 20:55:01.035   512  2967 D audio_hw_primary: out_set_parameters: enter: usecase(1: low-latency-playback) kvpairs: routing=2
08-05 20:55:01.048   512  2967 D audio_hw_primary: select_devices: out_snd_device(2: speaker) in_snd_device(0: none)
08-05 20:55:01.048   512  2967 D msm8974_platform: platform_send_audio_calibration: sending audio calibration for snd_device(2) acdb_id(15)
08-05 20:55:01.049   512  2967 I soundtrigger: audio_extn_sound_trigger_update_device_status: device 0x2 of type 0 for Event 1
08-05 20:55:01.062   512  2967 D audio_hw_primary: enable_snd_device: snd_device(2: speaker)
08-05 20:55:01.064   512  2967 D audio_hw_primary: enable_audio_route: apply and update mixer path: low-latency-playback speaker
08-05 20:55:01.106   512  2967 D AudioFlinger: mixer(0xf4740000) throttle end: throttle time(12)
08-05 20:55:01.168 32542 32555 I art     : Starting a blocking GC Explicit
08-05 20:55:01.185   518   646 I ThermalEngine: ACTION: GPU - Setting GPU[0] to 450000000
08-05 20:55:01.193 32542 32555 I art     : Explicit concurrent mark sweep GC freed 2640(204KB) AllocSpace objects, 1(20KB) LOS objects, 40% free, 22MB/37MB, paused 224us total 24.686ms
08-05 20:55:01.209 32542 32555 I art     : Starting a blocking GC Explicit
08-05 20:55:01.234 32542 32555 I art     : Explicit concurrent mark sweep GC freed 278(15KB) AllocSpace objects, 0(0B) LOS objects, 40% free, 22MB/37MB, paused 236us total 24.394ms
08-05 20:55:01.249 32542 32555 I art     : Starting a blocking GC Explicit
08-05 20:55:01.273 32542 32555 I art     : Explicit concurrent mark sweep GC freed 3(96B) AllocSpace objects, 0(0B) LOS objects, 40% free, 22MB/37MB, paused 208us total 23.696ms
08-05 20:55:01.288 32542 32555 I art     : Starting a blocking GC Explicit
08-05 20:55:01.312 32542 32555 I art     : Explicit concurrent mark sweep GC freed 3(96B) AllocSpace objects, 0(0B) LOS objects, 40% free, 22MB/37MB, paused 216us total 23.529ms
08-05 20:55:01.329 32542 32555 I art     : Starting a blocking GC Explicit
08-05 20:55:01.356 32542 32555 I art     : Explicit concurrent mark sweep GC freed 3(96B) AllocSpace objects, 0(0B) LOS objects, 40% free, 22MB/37MB, paused 250us total 27.008ms
08-05 20:55:01.598   512  2967 D audio_hw_primary: disable_audio_route: reset and update mixer path: low-latency-playback speaker
08-05 20:55:01.601   512  2967 D audio_hw_primary: disable_snd_device: snd_device(2: speaker)
08-05 20:55:01.610   512  2967 I soundtrigger: audio_extn_sound_trigger_update_device_status: device 0x2 of type 0 for Event 0
08-05 20:55:01.663 32542 32553 I art     : Starting a blocking GC Explicit
08-05 20:55:01.691 32542 32553 I art     : Explicit concurrent mark sweep GC freed 1343(78KB) AllocSpace objects, 1(20KB) LOS objects, 40% free, 22MB/37MB, paused 234us total 27.277ms
08-05 20:55:01.708 32542 32553 I art     : Starting a blocking GC Explicit
08-05 20:55:01.734 32542 32553 I art     : Explicit concurrent mark sweep GC freed 24(832B) AllocSpace objects, 0(0B) LOS objects, 40% free, 22MB/37MB, paused 215us total 26.105ms
08-05 20:55:01.746   718   718 D AndroidRuntime: >>>>>> START com.android.internal.os.RuntimeInit uid 2000 <<<<<<
08-05 20:55:01.751 32542 32553 I art     : Starting a blocking GC Explicit
08-05 20:55:01.752   718   718 D AndroidRuntime: CheckJNI is OFF
08-05 20:55:01.779 32542 32553 I art     : Explicit concurrent mark sweep GC freed 3(96B) AllocSpace objects, 0(0B) LOS objects, 40% free, 22MB/37MB, paused 230us total 27.134ms
08-05 20:55:01.794 32542 32553 I art     : Starting a blocking GC Explicit
08-05 20:55:01.802   718   718 D ICU     : No timezone override file found: /data/misc/zoneinfo/current/icu/icu_tzdata.dat
08-05 20:55:01.822 32542 32553 I art     : Explicit concurrent mark sweep GC freed 3(96B) AllocSpace objects, 0(0B) LOS objects, 40% free, 22MB/37MB, paused 273us total 27.049ms
08-05 20:55:01.839 32542 32553 I art     : Starting a blocking GC Explicit
08-05 20:55:01.850   718   718 I Radio-JNI: register_android_hardware_Radio DONE
08-05 20:55:01.866 32542 32553 I art     : Explicit concurrent mark sweep GC freed 3(96B) AllocSpace objects, 0(0B) LOS objects, 40% free, 22MB/37MB, paused 215us total 26.918ms
08-05 20:55:01.882   718   718 D AndroidRuntime: Calling main entry com.android.commands.input.Input
08-05 20:55:01.884   718   718 I Input   : injectMotionEvent: MotionEvent { action=ACTION_DOWN, actionButton=0, id[0]=0, x[0]=463.0, y[0]=464.0, toolType[0]=TOOL_TYPE_UNKNOWN, buttonState=0, metaState=0, flags=0x0, edgeFlags=0x0, pointerCount=1, historySize=0, eventTime=824118296, downTime=824118296, deviceId=0, source=0x1002 }
08-05 20:55:01.888   718   718 I Input   : injectMotionEvent: MotionEvent { action=ACTION_UP, actionButton=0, id[0]=0, x[0]=463.0, y[0]=464.0, toolType[0]=TOOL_TYPE_UNKNOWN, buttonState=0, metaState=0, flags=0x0, edgeFlags=0x0, pointerCount=1, historySize=0, eventTime=824118296, downTime=824118296, deviceId=0, source=0x1002 }
08-05 20:55:01.890   718   718 D AndroidRuntime: Shutting down VM
08-05 20:55:01.918 13866 13882 I PeriodicStatsRunner: PeriodicStatsRunner.call():175 call()
08-05 20:55:01.918 13866 13882 I PeriodicStatsRunner: PeriodicStatsRunner.call():179 No submit PeriodicStats since input started.
08-05 20:55:01.957   512  2967 D audio_hw_primary: out_set_parameters: enter: usecase(1: low-latency-playback) kvpairs: routing=2
08-05 20:55:01.971   512  2967 D audio_hw_primary: select_devices: out_snd_device(2: speaker) in_snd_device(0: none)
08-05 20:55:01.971   512  2967 D msm8974_platform: platform_send_audio_calibration: sending audio calibration for snd_device(2) acdb_id(15)
08-05 20:55:01.972   512  2967 I soundtrigger: audio_extn_sound_trigger_update_device_status: device 0x2 of type 0 for Event 1
08-05 20:55:01.974   918  3961 W InputMethodManagerService: Window already focused, ignoring focus gain of: com.android.internal.view.IInputMethodClient$Stub$Proxy@ae3e5c6 attribute=null, token = android.os.BinderProxy@14642a2
08-05 20:55:01.981   512  2967 D audio_hw_primary: enable_snd_device: snd_device(2: speaker)
08-05 20:55:01.983   512  2967 D audio_hw_primary: enable_audio_route: apply and update mixer path: low-latency-playback speaker
08-05 20:55:02.025   512  2967 D AudioFlinger: mixer(0xf4740000) throttle end: throttle time(12)
08-05 20:55:02.141 32542 32553 I art     : Starting a blocking GC Explicit
08-05 20:55:02.158   380   380 W SurfaceFlinger: couldn't log to binary event log: overflow.
08-05 20:55:02.168 32542 32553 I art     : Explicit concurrent mark sweep GC freed 1676(105KB) AllocSpace objects, 2(40KB) LOS objects, 40% free, 22MB/37MB, paused 276us total 26.928ms
08-05 20:55:02.184 32542 32553 I art     : Starting a blocking GC Explicit
08-05 20:55:02.205 32542 32553 I art     : Explicit concurrent mark sweep GC freed 115(6KB) AllocSpace objects, 0(0B) LOS objects, 40% free, 22MB/37MB, paused 228us total 21.210ms
08-05 20:55:02.220 32542 32553 I art     : Starting a blocking GC Explicit
08-05 20:55:02.243 32542 32553 I art     : Explicit concurrent mark sweep GC freed 3(96B) AllocSpace objects, 0(0B) LOS objects, 40% free, 22MB/37MB, paused 215us total 22.960ms
08-05 20:55:02.258 32542 32553 I art     : Starting a blocking GC Explicit
08-05 20:55:02.282 32542 32553 I art     : Explicit concurrent mark sweep GC freed 3(96B) AllocSpace objects, 0(0B) LOS objects, 40% free, 22MB/37MB, paused 234us total 24.247ms
08-05 20:55:02.297 32542 32553 I art     : Starting a blocking GC Explicit
08-05 20:55:02.322 32542 32553 I art     : Explicit concurrent mark sweep GC freed 3(96B) AllocSpace objects, 0(0B) LOS objects, 40% free, 22MB/37MB, paused 230us total 24.628ms
08-05 20:55:02.529   512  2967 D audio_hw_primary: disable_audio_route: reset and update mixer path: low-latency-playback speaker
08-05 20:55:02.530   512  2967 D audio_hw_primary: disable_snd_device: snd_device(2: speaker)
08-05 20:55:02.538   512  2967 I soundtrigger: audio_extn_sound_trigger_update_device_status: device 0x2 of type 0 for Event 0
08-05 20:55:02.611 32542 32563 I art     : Starting a blocking GC Explicit
08-05 20:55:02.638 32542 32563 I art     : Explicit concurrent mark sweep GC freed 1337(78KB) AllocSpace objects, 1(20KB) LOS objects, 40% free, 22MB/37MB, paused 258us total 26.845ms
08-05 20:55:02.657 32542 32563 I art     : Starting a blocking GC Explicit
08-05 20:55:02.672   761   761 D AndroidRuntime: >>>>>> START com.android.internal.os.RuntimeInit uid 2000 <<<<<<
08-05 20:55:02.678   761   761 D AndroidRuntime: CheckJNI is OFF
08-05 20:55:02.682 32542 32563 I art     : Explicit concurrent mark sweep GC freed 122(6KB) AllocSpace objects, 0(0B) LOS objects, 40% free, 22MB/37MB, paused 237us total 25.389ms
08-05 20:55:02.698 32542 32563 I art     : Starting a blocking GC Explicit
08-05 20:55:02.721 32542 32563 I art     : Explicit concurrent mark sweep GC freed 1754(118KB) AllocSpace objects, 0(0B) LOS objects, 40% free, 22MB/37MB, paused 223us total 22.951ms
08-05 20:55:02.722   761   761 D ICU     : No timezone override file found: /data/misc/zoneinfo/current/icu/icu_tzdata.dat
08-05 20:55:02.736 32542 32563 I art     : Starting a blocking GC Explicit
08-05 20:55:02.759 32542 32563 I art     : Explicit concurrent mark sweep GC freed 3(96B) AllocSpace objects, 0(0B) LOS objects, 40% free, 22MB/37MB, paused 235us total 22.881ms
08-05 20:55:02.765   761   761 I Radio-JNI: register_android_hardware_Radio DONE
08-05 20:55:02.774 32542 32563 I art     : Starting a blocking GC Explicit
08-05 20:55:02.795   761   761 D AndroidRuntime: Calling main entry com.android.commands.input.Input
08-05 20:55:02.797   761   761 I Input   : injectKeyEvent: KeyEvent { action=ACTION_DOWN, keyCode=KEYCODE_BACK, scanCode=0, metaState=0, flags=0x0, repeatCount=0, eventTime=824119210, downTime=824119210, deviceId=-1, source=0x101 }
08-05 20:55:02.797 32542 32563 I art     : Explicit concurrent mark sweep GC freed 3(96B) AllocSpace objects, 0(0B) LOS objects, 40% free, 22MB/37MB, paused 245us total 23.527ms
08-05 20:55:02.801   761   761 I Input   : injectKeyEvent: KeyEvent { action=ACTION_UP, keyCode=KEYCODE_BACK, scanCode=0, metaState=0, flags=0x0, repeatCount=0, eventTime=824119210, downTime=824119210, deviceId=-1, source=0x101 }
08-05 20:55:02.807   761   761 D AndroidRuntime: Shutting down VM
08-05 20:55:02.849 13866 13866 I GoogleInputMethodServic: GoogleInputMethodService.onFinishInput():3138 
08-05 20:55:02.849 13866 13866 I GoogleInputMethodServic: GoogleInputMethodService.onStartInput():1808 
08-05 20:55:03.070 32542 32553 I art     : Starting a blocking GC Explicit
08-05 20:55:03.093 32542 32553 I art     : Explicit concurrent mark sweep GC freed 1442(84KB) AllocSpace objects, 1(20KB) LOS objects, 40% free, 22MB/37MB, paused 200us total 22.847ms
08-05 20:55:03.109 32542 32553 I art     : Starting a blocking GC Explicit
08-05 20:55:03.132 32542 32553 I art     : Explicit concurrent mark sweep GC freed 34(1200B) AllocSpace objects, 0(0B) LOS objects, 40% free, 22MB/37MB, paused 217us total 22.735ms
08-05 20:55:03.147 32542 32553 I art     : Starting a blocking GC Explicit
08-05 20:55:03.159   380   380 W SurfaceFlinger: couldn't log to binary event log: overflow.
08-05 20:55:03.170 32542 32553 I art     : Explicit concurrent mark sweep GC freed 37(1456B) AllocSpace objects, 0(0B) LOS objects, 40% free, 22MB/37MB, paused 211us total 22.794ms
08-05 20:55:03.184 32542 32553 I art     : Starting a blocking GC Explicit
08-05 20:55:03.207 32542 32553 I art     : Explicit concurrent mark sweep GC freed 46(2896B) AllocSpace objects, 0(0B) LOS objects, 40% free, 22MB/37MB, paused 228us total 22.489ms
08-05 20:55:03.222 32542 32553 I art     : Starting a blocking GC Explicit
08-05 20:55:03.242 32542 32553 I art     : Explicit concurrent mark sweep GC freed 11964(573KB) AllocSpace objects, 7(340KB) LOS objects, 40% free, 21MB/35MB, paused 217us total 19.964ms
08-05 20:55:03.248 13866 13882 I PeriodicStatsRunner: PeriodicStatsRunner.call():175 call()
08-05 20:55:03.248 13866 13882 I PeriodicStatsRunner: PeriodicStatsRunner.call():179 No submit PeriodicStats since input started.
08-05 20:55:03.383 13866 13882 I PeriodicStatsRunner: PeriodicStatsRunner.call():175 call()
08-05 20:55:03.383 13866 13882 I PeriodicStatsRunner: PeriodicStatsRunner.call():179 No submit PeriodicStats since input started.
08-05 20:55:03.515 32542   460 I art     : Starting a blocking GC Explicit
08-05 20:55:03.534 32542   460 I art     : Explicit concurrent mark sweep GC freed 1337(78KB) AllocSpace objects, 1(20KB) LOS objects, 40% free, 21MB/35MB, paused 233us total 19.482ms
08-05 20:55:03.549 32542   460 I art     : Starting a blocking GC Explicit
08-05 20:55:03.567   794   794 D AndroidRuntime: >>>>>> START com.android.internal.os.RuntimeInit uid 2000 <<<<<<
08-05 20:55:03.568 32542   460 I art     : Explicit concurrent mark sweep GC freed 20(704B) AllocSpace objects, 0(0B) LOS objects, 40% free, 21MB/35MB, paused 266us total 19.014ms
08-05 20:55:03.573   794   794 D AndroidRuntime: CheckJNI is OFF
08-05 20:55:03.582 32542   460 I art     : Starting a blocking GC Explicit
08-05 20:55:03.601 32542   460 I art     : Explicit concurrent mark sweep GC freed 3(96B) AllocSpace objects, 0(0B) LOS objects, 40% free, 21MB/35MB, paused 231us total 18.430ms
08-05 20:55:03.614 32542   460 I art     : Starting a blocking GC Explicit
08-05 20:55:03.618   794   794 D ICU     : No timezone override file found: /data/misc/zoneinfo/current/icu/icu_tzdata.dat
08-05 20:55:03.633 32542   460 I art     : Explicit concurrent mark sweep GC freed 3(96B) AllocSpace objects, 0(0B) LOS objects, 40% free, 21MB/35MB, paused 223us total 18.679ms
08-05 20:55:03.647 32542   460 I art     : Starting a blocking GC Explicit
08-05 20:55:03.662   794   794 I Radio-JNI: register_android_hardware_Radio DONE
08-05 20:55:03.666 32542   460 I art     : Explicit concurrent mark sweep GC freed 3(96B) AllocSpace objects, 0(0B) LOS objects, 40% free, 21MB/35MB, paused 236us total 18.836ms
08-05 20:55:03.692   794   794 D AndroidRuntime: Calling main entry com.android.commands.input.Input
08-05 20:55:03.694   794   794 I Input   : injectKeyEvent: KeyEvent { action=ACTION_DOWN, keyCode=KEYCODE_BACK, scanCode=0, metaState=0, flags=0x0, repeatCount=0, eventTime=824120107, downTime=824120107, deviceId=-1, source=0x101 }
08-05 20:55:03.698   794   794 I Input   : injectKeyEvent: KeyEvent { action=ACTION_UP, keyCode=KEYCODE_BACK, scanCode=0, metaState=0, flags=0x0, repeatCount=0, eventTime=824120107, downTime=824120107, deviceId=-1, source=0x101 }
08-05 20:55:03.704   794   794 D AndroidRuntime: Shutting down VM
08-05 20:55:03.740 13866 13866 I GoogleInputMethodServic: GoogleInputMethodService.onFinishInput():3138 
08-05 20:55:03.740 13866 13866 I GoogleInputMethodServic: GoogleInputMethodService.onStartInput():1808 
08-05 20:55:03.938 32542   460 I art     : Starting a blocking GC Explicit
08-05 20:55:03.961 32542   460 I art     : Explicit concurrent mark sweep GC freed 1513(85KB) AllocSpace objects, 1(20KB) LOS objects, 40% free, 21MB/35MB, paused 222us total 22.715ms
08-05 20:55:03.979 32542   460 I art     : Starting a blocking GC Explicit
08-05 20:55:03.999 32542   460 I art     : Explicit concurrent mark sweep GC freed 24(864B) AllocSpace objects, 0(0B) LOS objects, 40% free, 21MB/35MB, paused 257us total 19.501ms
08-05 20:55:04.014 32542   460 I art     : Starting a blocking GC Explicit
08-05 20:55:04.033 32542   460 I art     : Explicit concurrent mark sweep GC freed 12(384B) AllocSpace objects, 0(0B) LOS objects, 40% free, 21MB/35MB, paused 225us total 18.173ms
08-05 20:55:04.046 32542   460 I art     : Starting a blocking GC Explicit
08-05 20:55:04.064 32542   460 I art     : Explicit concurrent mark sweep GC freed 19(912B) AllocSpace objects, 0(0B) LOS objects, 40% free, 21MB/35MB, paused 216us total 17.044ms
08-05 20:55:04.077 32542   460 I art     : Starting a blocking GC Explicit
08-05 20:55:04.078 32542 32542 I RedReader: Checking for new messages.
08-05 20:55:04.080 32542 32542 I RegularCachePruner: Pruning cache...
08-05 20:55:04.082 32542   828 I RedditChangeDataManager: Pruning for all users...
08-05 20:55:04.082 32542   828 I RedditChangeDataManager: Pruning complete.
08-05 20:55:04.086 32542   828 I CacheManager: Pruning 0 files
08-05 20:55:04.096 32542   460 I art     : Explicit concurrent mark sweep GC freed 269(20KB) AllocSpace objects, 0(0B) LOS objects, 40% free, 21MB/35MB, paused 222us total 18.618ms
08-05 20:55:04.168 13866 13882 I PeriodicStatsRunner: PeriodicStatsRunner.call():175 call()
08-05 20:55:04.169 13866 13882 I PeriodicStatsRunner: PeriodicStatsRunner.call():179 No submit PeriodicStats since input started.
08-05 20:55:04.380 32542 32563 I art     : Starting a blocking GC Explicit
08-05 20:55:04.402 32542 32563 I art     : Explicit concurrent mark sweep GC freed 1358(79KB) AllocSpace objects, 1(20KB) LOS objects, 40% free, 21MB/35MB, paused 242us total 20.806ms
08-05 20:55:04.419 32542 32563 I art     : Starting a blocking GC Explicit
08-05 20:55:04.439 32542 32563 I art     : Explicit concurrent mark sweep GC freed 124(6KB) AllocSpace objects, 0(0B) LOS objects, 40% free, 21MB/35MB, paused 236us total 19.455ms
08-05 20:55:04.452 32542 32563 I art     : Starting a blocking GC Explicit
08-05 20:55:04.471 32542 32563 I art     : Explicit concurrent mark sweep GC freed 2805(187KB) AllocSpace objects, 1(28KB) LOS objects, 40% free, 21MB/35MB, paused 212us total 17.924ms
08-05 20:55:04.484 32542 32563 I art     : Starting a blocking GC Explicit
08-05 20:55:04.493   826   826 D AndroidRuntime: >>>>>> START com.android.internal.os.RuntimeInit uid 2000 <<<<<<
08-05 20:55:04.499   826   826 D AndroidRuntime: CheckJNI is OFF
08-05 20:55:04.502 32542 32563 I art     : Explicit concurrent mark sweep GC freed 3(96B) AllocSpace objects, 0(0B) LOS objects, 40% free, 21MB/35MB, paused 233us total 17.686ms
08-05 20:55:04.517 32542 32563 I art     : Starting a blocking GC Explicit
08-05 20:55:04.534 32542 32563 I art     : Explicit concurrent mark sweep GC freed 3(96B) AllocSpace objects, 0(0B) LOS objects, 40% free, 21MB/35MB, paused 214us total 16.686ms
08-05 20:55:04.545   826   826 D ICU     : No timezone override file found: /data/misc/zoneinfo/current/icu/icu_tzdata.dat
08-05 20:55:04.587   826   826 I Radio-JNI: register_android_hardware_Radio DONE
08-05 20:55:04.616   826   826 D AndroidRuntime: Calling main entry com.android.commands.input.Input
08-05 20:55:04.618   826   826 I Input   : injectMotionEvent: MotionEvent { action=ACTION_DOWN, actionButton=0, id[0]=0, x[0]=600.0, y[0]=1536.0, toolType[0]=TOOL_TYPE_UNKNOWN, buttonState=0, metaState=0, flags=0x0, edgeFlags=0x0, pointerCount=1, historySize=0, eventTime=824121030, downTime=824121030, deviceId=0, source=0x1002 }
08-05 20:55:04.624   826   826 I Input   : injectMotionEvent: MotionEvent { action=ACTION_UP, actionButton=0, id[0]=0, x[0]=600.0, y[0]=1536.0, toolType[0]=TOOL_TYPE_UNKNOWN, buttonState=0, metaState=0, flags=0x0, edgeFlags=0x0, pointerCount=1, historySize=0, eventTime=824121030, downTime=824121030, deviceId=0, source=0x1002 }
08-05 20:55:04.627   826   826 D AndroidRuntime: Shutting down VM
08-05 20:55:04.633   512  2967 D audio_hw_primary: out_set_parameters: enter: usecase(1: low-latency-playback) kvpairs: routing=2
08-05 20:55:04.637   918  6111 I ActivityManager: START u0 {dat=https://oauth.reddit.com/... cmp=baseline.org.quantumbadger.redreader/.activities.PostListingActivity} from uid 10689 on display 0
08-05 20:55:04.646   512  2967 D audio_hw_primary: select_devices: out_snd_device(2: speaker) in_snd_device(0: none)
08-05 20:55:04.646   512  2967 D msm8974_platform: platform_send_audio_calibration: sending audio calibration for snd_device(2) acdb_id(15)
08-05 20:55:04.646   512  2967 I soundtrigger: audio_extn_sound_trigger_update_device_status: device 0x2 of type 0 for Event 1
08-05 20:55:04.658   512  2967 D audio_hw_primary: enable_snd_device: snd_device(2: speaker)
08-05 20:55:04.660 32542 32542 I AppCompatViewInflater: app:theme is now deprecated. Please move to using android:theme instead.
08-05 20:55:04.661   512  2967 D audio_hw_primary: enable_audio_route: apply and update mixer path: low-latency-playback speaker
08-05 20:55:04.711 32542   850 I RawObjectDB query string: CREATE TABLE objects(RawObjectDB_id TEXT PRIMARY KEY ON CONFLICT REPLACE,RawObjectDB_timestamp INTEGER,accounts_active INTEGER,created INTEGER,created_utc INTEGER,description TEXT,description_html TEXT,display_name TEXT,header_img TEXT,header_title TEXT,id TEXT,name TEXT,over18 INTEGER,public_description TEXT,subscribers INTEGER,title TEXT,url TEXT)
08-05 20:55:04.753 32542   859 D OK      : calling: https://www.reddit.com/api/v1/access_token
08-05 20:55:04.777   918   936 I ActivityManager: Displayed baseline.org.quantumbadger.redreader/.activities.PostListingActivity: +129ms
08-05 20:55:04.777 13866 13866 I GoogleInputMethodServic: GoogleInputMethodService.onFinishInput():3138 
08-05 20:55:04.777 13866 13866 I GoogleInputMethodServic: GoogleInputMethodService.onStartInput():1808 
08-05 20:55:04.805 32542   460 I art     : Starting a blocking GC Explicit
08-05 20:55:04.829 32542   460 I art     : Explicit concurrent mark sweep GC freed 7427(512KB) AllocSpace objects, 1(20KB) LOS objects, 40% free, 21MB/36MB, paused 293us total 23.295ms
08-05 20:55:04.843 32542   460 I art     : Starting a blocking GC Explicit
08-05 20:55:04.862 32542   460 I art     : Explicit concurrent mark sweep GC freed 537(28KB) AllocSpace objects, 0(0B) LOS objects, 40% free, 21MB/35MB, paused 304us total 18.306ms
08-05 20:55:04.875 32542   460 I art     : Starting a blocking GC Explicit
08-05 20:55:04.894 32542   460 I art     : Explicit concurrent mark sweep GC freed 3(96B) AllocSpace objects, 0(0B) LOS objects, 40% free, 21MB/35MB, paused 264us total 18.390ms
08-05 20:55:04.908 32542   460 I art     : Starting a blocking GC Explicit
08-05 20:55:04.931 32542   460 I art     : Explicit concurrent mark sweep GC freed 1510(122KB) AllocSpace objects, 2(120KB) LOS objects, 40% free, 21MB/36MB, paused 546us total 21.910ms
08-05 20:55:04.947 32542   460 I art     : Starting a blocking GC Explicit
08-05 20:55:04.975 32542   460 I art     : Explicit concurrent mark sweep GC freed 4861(270KB) AllocSpace objects, 1(80KB) LOS objects, 40% free, 21MB/36MB, paused 1.268ms total 27.862ms
08-05 20:55:05.028   380   380 W SurfaceFlinger: couldn't log to binary event log: overflow.
08-05 20:55:05.188 32542   859 D OK      : request got status: 200
08-05 20:55:05.200 32542   859 D OK      : calling: https://oauth.reddit.com/r/askscience/about.json
08-05 20:55:05.209   512  2967 D audio_hw_primary: disable_audio_route: reset and update mixer path: low-latency-playback speaker
08-05 20:55:05.209   512  2967 D audio_hw_primary: disable_snd_device: snd_device(2: speaker)
08-05 20:55:05.217   512  2967 I soundtrigger: audio_extn_sound_trigger_update_device_status: device 0x2 of type 0 for Event 0
08-05 20:55:05.252 32542 32563 I art     : Starting a blocking GC Explicit
08-05 20:55:05.291 32542 32563 I art     : Explicit concurrent mark sweep GC freed 36289(2MB) AllocSpace objects, 15(1512KB) LOS objects, 40% free, 23MB/39MB, paused 381us total 38.529ms
08-05 20:55:05.308 32542 32563 I art     : Starting a blocking GC Explicit
08-05 20:55:05.339 32542 32563 I art     : Explicit concurrent mark sweep GC freed 74(2624B) AllocSpace objects, 0(0B) LOS objects, 40% free, 23MB/39MB, paused 372us total 30.978ms
08-05 20:55:05.355 32542 32563 I art     : Starting a blocking GC Explicit
08-05 20:55:05.387 32542 32563 I art     : Explicit concurrent mark sweep GC freed 3(96B) AllocSpace objects, 0(0B) LOS objects, 40% free, 23MB/39MB, paused 378us total 31.845ms
08-05 20:55:05.403 32542 32563 I art     : Starting a blocking GC Explicit
08-05 20:55:05.435 32542 32563 I art     : Explicit concurrent mark sweep GC freed 68(4KB) AllocSpace objects, 0(0B) LOS objects, 40% free, 23MB/39MB, paused 373us total 31.824ms
08-05 20:55:05.452 32542 32563 I art     : Starting a blocking GC Explicit
08-05 20:55:05.483 32542 32563 I art     : Explicit concurrent mark sweep GC freed 12(1408B) AllocSpace objects, 0(0B) LOS objects, 40% free, 23MB/39MB, paused 366us total 31.687ms
08-05 20:55:05.670 32542   859 I NAPPA_EXPERIMENTATION: MetricNetworkRequestExecutionTime: REQUEST_DURATION_SYSTEM='469',REQUEST_DURATION_OKHTTP='154',REQUEST_SYNCHRONOUS='TRUE',RESPONSE_CODE='200',RESPONSE_METHOD='GET',RESPONSE_LENGTH_OKHTTP='-1',RESPONSE_LENGTH_HEADER='4700',REQUEST_PROTOCOL='h2',REQUEST_URL='https://oauth.reddit.com/r/askscience/about.json',
08-05 20:55:05.670 32542   859 D OK      : request got status: 200
08-05 20:55:05.767 32542 32553 I art     : Starting a blocking GC Explicit
08-05 20:55:05.804 32542 32553 I art     : Explicit concurrent mark sweep GC freed 5262(410KB) AllocSpace objects, 4(176KB) LOS objects, 39% free, 24MB/40MB, paused 336us total 37.163ms
08-05 20:55:05.822 32542 32553 I art     : Starting a blocking GC Explicit
08-05 20:55:05.855 32542 32553 I art     : Explicit concurrent mark sweep GC freed 309(14KB) AllocSpace objects, 0(0B) LOS objects, 39% free, 24MB/40MB, paused 317us total 33.220ms
08-05 20:55:05.856 32542 32552 I art     : WaitForGcToComplete blocked for 33.532ms for cause HeapTrim
08-05 20:55:05.872 32542 32553 I art     : Starting a blocking GC Explicit
08-05 20:55:05.906 32542 32553 I art     : Explicit concurrent mark sweep GC freed 3(96B) AllocSpace objects, 0(0B) LOS objects, 39% free, 24MB/40MB, paused 319us total 33.429ms
08-05 20:55:05.922 32542 32553 I art     : Starting a blocking GC Explicit
08-05 20:55:05.951 32542   912 D OK      : calling: https://oauth.reddit.com/r/askscience/hot/.json
08-05 20:55:05.956 32542 32553 I art     : Explicit concurrent mark sweep GC freed 94(3KB) AllocSpace objects, 0(0B) LOS objects, 39% free, 24MB/40MB, paused 374us total 33.360ms
08-05 20:55:05.973 32542 32553 I art     : Starting a blocking GC Explicit
08-05 20:55:06.007 32542 32553 I art     : Explicit concurrent mark sweep GC freed 10(384B) AllocSpace objects, 0(0B) LOS objects, 39% free, 24MB/40MB, paused 516us total 34.007ms
08-05 20:55:06.165 32542   912 I NAPPA_EXPERIMENTATION: MetricNetworkRequestExecutionTime: REQUEST_DURATION_SYSTEM='214',REQUEST_DURATION_OKHTTP='208',REQUEST_SYNCHRONOUS='TRUE',RESPONSE_CODE='200',RESPONSE_METHOD='GET',RESPONSE_LENGTH_OKHTTP='-1',RESPONSE_LENGTH_HEADER='21282',REQUEST_PROTOCOL='h2',REQUEST_URL='https://oauth.reddit.com/r/askscience/hot/.json',
08-05 20:55:06.166 32542   912 D OK      : request got status: 200
08-05 20:55:06.188 32542   896 I PostListingFragment: Precaching images: OFF
08-05 20:55:06.189 32542   896 I PostListingFragment: Precaching comments: OFF
08-05 20:55:06.292 32542 32553 I art     : Starting a blocking GC Explicit
08-05 20:55:06.334 32542 32553 I art     : Explicit concurrent mark sweep GC freed 8077(537KB) AllocSpace objects, 3(156KB) LOS objects, 39% free, 24MB/40MB, paused 474us total 41.515ms
08-05 20:55:06.351 32542 32553 I art     : Starting a blocking GC Explicit
08-05 20:55:06.391 32542 32553 I art     : Explicit concurrent mark sweep GC freed 3009(119KB) AllocSpace objects, 0(0B) LOS objects, 39% free, 24MB/40MB, paused 469us total 38.851ms
08-05 20:55:06.408 32542 32553 I art     : Starting a blocking GC Explicit
08-05 20:55:06.449 32542 32553 I art     : Explicit concurrent mark sweep GC freed 2939(110KB) AllocSpace objects, 0(0B) LOS objects, 39% free, 24MB/40MB, paused 480us total 40.842ms
08-05 20:55:06.466 32542 32553 I art     : Starting a blocking GC Explicit
08-05 20:55:06.507 32542 32553 I art     : Explicit concurrent mark sweep GC freed 3352(123KB) AllocSpace objects, 0(0B) LOS objects, 39% free, 24MB/40MB, paused 660us total 40.479ms
08-05 20:55:06.524 32542 32553 I art     : Starting a blocking GC Explicit
08-05 20:55:06.565 32542 32553 I art     : Explicit concurrent mark sweep GC freed 2903(107KB) AllocSpace objects, 0(0B) LOS objects, 39% free, 24MB/40MB, paused 691us total 40.666ms
08-05 20:55:06.855 32542 32553 I art     : Starting a blocking GC Explicit
08-05 20:55:06.902 32542 32553 I art     : Explicit concurrent mark sweep GC freed 19336(901KB) AllocSpace objects, 1(20KB) LOS objects, 39% free, 24MB/40MB, paused 321us total 46.573ms
08-05 20:55:06.920 32542 32553 I art     : Starting a blocking GC Explicit
08-05 20:55:06.955 32542 32553 I art     : Explicit concurrent mark sweep GC freed 779(34KB) AllocSpace objects, 0(0B) LOS objects, 39% free, 24MB/40MB, paused 326us total 34.172ms
08-05 20:55:06.971 32542 32553 I art     : Starting a blocking GC Explicit
08-05 20:55:07.009 32542 32553 I art     : Explicit concurrent mark sweep GC freed 68(2608B) AllocSpace objects, 0(0B) LOS objects, 39% free, 24MB/40MB, paused 365us total 37.886ms
08-05 20:55:07.027 32542 32553 I art     : Starting a blocking GC Explicit
08-05 20:55:07.061 32542 32553 I art     : Explicit concurrent mark sweep GC freed 3(96B) AllocSpace objects, 0(0B) LOS objects, 39% free, 24MB/40MB, paused 344us total 34.044ms
08-05 20:55:07.080 32542 32553 I art     : Starting a blocking GC Explicit
08-05 20:55:07.117 32542 32553 I art     : Explicit concurrent mark sweep GC freed 17(768B) AllocSpace objects, 0(0B) LOS objects, 39% free, 24MB/40MB, paused 419us total 36.700ms
08-05 20:55:07.467 32542 32563 I art     : Starting a blocking GC Explicit
08-05 20:55:07.517 32542 32563 I art     : Explicit concurrent mark sweep GC freed 1613(92KB) AllocSpace objects, 1(20KB) LOS objects, 39% free, 24MB/40MB, paused 378us total 50.109ms
08-05 20:55:07.541 32542 32563 I art     : Starting a blocking GC Explicit
08-05 20:55:07.586 32542 32563 I art     : Explicit concurrent mark sweep GC freed 83(4KB) AllocSpace objects, 0(0B) LOS objects, 39% free, 24MB/40MB, paused 333us total 44.654ms
08-05 20:55:07.603 32542 32563 I art     : Starting a blocking GC Explicit
08-05 20:55:07.644 32542 32563 I art     : Explicit concurrent mark sweep GC freed 3(96B) AllocSpace objects, 0(0B) LOS objects, 39% free, 24MB/40MB, paused 314us total 40.869ms
08-05 20:55:07.662 32542 32563 I art     : Starting a blocking GC Explicit
08-05 20:55:07.702 32542 32563 I art     : Explicit concurrent mark sweep GC freed 3(96B) AllocSpace objects, 0(0B) LOS objects, 39% free, 24MB/40MB, paused 348us total 40.112ms
08-05 20:55:07.720 32542 32563 I art     : Starting a blocking GC Explicit
08-05 20:55:07.763 32542 32563 I art     : Explicit concurrent mark sweep GC freed 3(96B) AllocSpace objects, 0(0B) LOS objects, 39% free, 24MB/40MB, paused 336us total 42.154ms
08-05 20:55:07.850 13866 13882 I PeriodicStatsRunner: PeriodicStatsRunner.call():175 call()
08-05 20:55:07.850 13866 13882 I PeriodicStatsRunner: PeriodicStatsRunner.call():179 No submit PeriodicStats since input started.
08-05 20:55:08.102 32542 32555 I art     : Starting a blocking GC Explicit
08-05 20:55:08.149 32542 32555 I art     : Explicit concurrent mark sweep GC freed 1346(78KB) AllocSpace objects, 1(20KB) LOS objects, 39% free, 24MB/40MB, paused 386us total 46.608ms
08-05 20:55:08.170 32542 32555 I art     : Starting a blocking GC Explicit
08-05 20:55:08.213 32542 32555 I art     : Explicit concurrent mark sweep GC freed 20(704B) AllocSpace objects, 0(0B) LOS objects, 39% free, 24MB/40MB, paused 344us total 42.685ms
08-05 20:55:08.231 32542 32555 I art     : Starting a blocking GC Explicit
08-05 20:55:08.272 32542 32555 I art     : Explicit concurrent mark sweep GC freed 3(96B) AllocSpace objects, 0(0B) LOS objects, 39% free, 24MB/40MB, paused 337us total 40.834ms
08-05 20:55:08.290 32542 32555 I art     : Starting a blocking GC Explicit
08-05 20:55:08.331 32542 32555 I art     : Explicit concurrent mark sweep GC freed 3(96B) AllocSpace objects, 0(0B) LOS objects, 39% free, 24MB/40MB, paused 344us total 41.342ms
08-05 20:55:08.349 32542 32555 I art     : Starting a blocking GC Explicit
08-05 20:55:08.391 32542 32555 I art     : Explicit concurrent mark sweep GC freed 3(96B) AllocSpace objects, 0(0B) LOS objects, 39% free, 24MB/40MB, paused 340us total 41.532ms
08-05 20:55:08.735 32542 32553 I art     : Starting a blocking GC Explicit
08-05 20:55:08.741 13866 13882 I PeriodicStatsRunner: PeriodicStatsRunner.call():175 call()
08-05 20:55:08.741 13866 13882 I PeriodicStatsRunner: PeriodicStatsRunner.call():179 No submit PeriodicStats since input started.
08-05 20:55:08.786 32542 32553 I art     : Explicit concurrent mark sweep GC freed 1343(78KB) AllocSpace objects, 1(20KB) LOS objects, 39% free, 24MB/40MB, paused 463us total 50.268ms
08-05 20:55:08.806 32542 32553 I art     : Starting a blocking GC Explicit
08-05 20:55:08.843 32542 32553 I art     : Explicit concurrent mark sweep GC freed 20(704B) AllocSpace objects, 0(0B) LOS objects, 39% free, 24MB/40MB, paused 347us total 36.538ms
08-05 20:55:08.861 32542 32553 I art     : Starting a blocking GC Explicit
08-05 20:55:08.901 32542 32553 I art     : Explicit concurrent mark sweep GC freed 3(96B) AllocSpace objects, 0(0B) LOS objects, 39% free, 24MB/40MB, paused 342us total 39.571ms
08-05 20:55:08.918 32542 32553 I art     : Starting a blocking GC Explicit
08-05 20:55:08.958 32542 32553 I art     : Explicit concurrent mark sweep GC freed 3(96B) AllocSpace objects, 0(0B) LOS objects, 39% free, 24MB/40MB, paused 342us total 40.220ms
08-05 20:55:08.976 32542 32553 I art     : Starting a blocking GC Explicit
08-05 20:55:09.018 32542 32553 I art     : Explicit concurrent mark sweep GC freed 3(96B) AllocSpace objects, 0(0B) LOS objects, 39% free, 24MB/40MB, paused 535us total 41.482ms
08-05 20:55:09.108 15866 15866 I Finsky  : [1] xow.onStartJob(3): SCH: onJobSchedulerWakeup with jobId 9002
08-05 20:55:09.118 15866 15866 I Finsky  : [1] xjw.a(9): Scheduling fallback in 43199996 (absolute: 1850712989)
08-05 20:55:09.121 15866 15866 I Finsky  : [1] xjw.a(9): Scheduling fallback in 64799997 (absolute: 1872312993)
08-05 20:55:09.126 15866 15866 I Finsky  : [1] xow.onStartJob(3): SCH: onJobSchedulerWakeup with jobId 9016
08-05 20:55:09.132 15866 15866 I Finsky  : [1] xjw.a(9): Scheduling fallback in 43199998 (absolute: 1850713005)
08-05 20:55:09.135 15866 15866 I Finsky  : [1] xjw.a(9): Scheduling fallback in 64799998 (absolute: 1872313007)
08-05 20:55:09.139 15866 15866 W Finsky  : [1] xow.onStartJob(9): SCH: onJobSchedulerWakeup while already running
08-05 20:55:09.234 15866 15866 I Finsky  : [1] xkf.handleMessage(8): SCH: DeviceState: DeviceState{currentTime=1596653709229, isCharging=false, isIdle=false, netAny=true, netNotRoaming=true, netUnmetered=true, batteryPercent=100.0}
08-05 20:55:09.240 15866 32510 I Finsky  : [6258] xmu.a(8): SCH: Jobs in database: 1-1337 3-219 3-220 12-1 24-77777777 26-1414141414 
08-05 20:55:09.245 15866 15866 I Finsky  : [1] xkg.a(16): SCH: Running job: 12-1
08-05 20:55:09.246 15866 15866 I Finsky  : [1] ContentSyncJob.a(16): [ContentSync] job started
08-05 20:55:09.248 15866 15866 I Finsky  : [1] xkf.handleMessage(61): SCH: RunningQueue size: 1, PendingQueue size: 0
08-05 20:55:09.248 15866 15866 I Finsky  : [1] xkf.handleMessage(64): SCH: Running queue: 12-1 
08-05 20:55:09.316 32542   460 I art     : Starting a blocking GC Explicit
08-05 20:55:09.321 15866 32532 I Finsky  : [6263] dzn.a(22): Completed 0 account content syncs with 0 successful.
08-05 20:55:09.322 15866 15866 I Finsky  : [1] ContentSyncJob.a(1): [ContentSync] Installation state replication succeeded.
08-05 20:55:09.322 15866 15866 I Finsky  : [1] xlr.a(13): SCH: jobFinished: 12-1. TimeElapsed: 77ms.
08-05 20:55:09.323 15866 15866 I Finsky  : [1] xkg.a(36): SCH: Job 12-1 finished. Not rescheduling.
08-05 20:55:09.323 15866 15866 I Finsky  : [1] xkf.handleMessage(61): SCH: RunningQueue size: 0, PendingQueue size: 0
08-05 20:55:09.323 15866 15866 I Finsky  : [1] xkf.handleMessage(25): Executor finished
08-05 20:55:09.340 15866 15866 I Finsky  : [1] xmu.a(8): SCH: Jobs in database: 1-1337 3-219 3-220 24-77777777 26-1414141414 
08-05 20:55:09.342 15866 15866 I Finsky  : [1] xio.a(57): SCH: ConstraintMapping: 24-77777777,  -> L: 0ms, D: 891178ms, C: false, I: true, N: 0
08-05 20:55:09.343 15866 15866 I Finsky  : [1] xio.a(57): SCH: ConstraintMapping: 1-1337,  -> L: 4243574ms, D: 47443574ms, C: false, I: false, N: 1
08-05 20:55:09.343 15866 15866 I Finsky  : [1] xio.a(57): SCH: ConstraintMapping: 3-219,  -> L: 0ms, D: 79454181ms, C: false, I: true, N: 2
08-05 20:55:09.344 15866 15866 I Finsky  : [1] xio.a(57): SCH: ConstraintMapping: 3-220,  -> L: 0ms, D: 79454223ms, C: true, I: true, N: 2
08-05 20:55:09.344 15866 15866 I Finsky  : [1] xio.a(57): SCH: ConstraintMapping: 26-1414141414,  -> L: 8891037ms, D: 9791037ms, C: false, I: false, N: 0
08-05 20:55:09.352 32542   460 I art     : Explicit concurrent mark sweep GC freed 1343(78KB) AllocSpace objects, 1(20KB) LOS objects, 39% free, 24MB/40MB, paused 316us total 35.926ms
08-05 20:55:09.355 15866 15866 I Finsky  : [1] xle.a(34): Cancelling existing jobscheduler jobs: 9014 9018 9012 9013 9011 9017 9019 9000 
08-05 20:55:09.355 15866 15866 I Finsky  : [1] xle.a(10): Throttling wakeup for job 9001 (expected to run in 0 ms) due to recent wakeup
08-05 20:55:09.355 15866 15866 I Finsky  : [1] xle.a(27): Scheduling job Id: 9001, L: 30000, D: 891178, C: false, I: true, N: 0
08-05 20:55:09.358 15866 15866 I Finsky  : [1] xle.a(27): Scheduling job Id: 9003, L: 4243574, D: 47443574, C: false, I: false, N: 1
08-05 20:55:09.359 15866 15866 I Finsky  : [1] xle.a(10): Throttling wakeup for job 9004 (expected to run in 0 ms) due to recent wakeup
08-05 20:55:09.359 15866 15866 I Finsky  : [1] xle.a(27): Scheduling job Id: 9004, L: 30000, D: 79454181, C: false, I: true, N: 2
08-05 20:55:09.361 15866 15866 I Finsky  : [1] xle.a(10): Throttling wakeup for job 9005 (expected to run in 0 ms) due to recent wakeup
08-05 20:55:09.361 15866 15866 I Finsky  : [1] xle.a(27): Scheduling job Id: 9005, L: 30000, D: 79454223, C: true, I: true, N: 2
08-05 20:55:09.363 15866 15866 I Finsky  : [1] xle.a(27): Scheduling job Id: 9006, L: 8891037, D: 9791037, C: false, I: false, N: 0
08-05 20:55:09.365 15866 15866 I Finsky  : [1] xle.a(10): Throttling wakeup for job 9007 (expected to run in 0 ms) due to recent wakeup
08-05 20:55:09.365 15866 15866 I Finsky  : [1] xle.a(27): Scheduling job Id: 9007, L: 30000, D: 891178, C: false, I: true, N: 0
08-05 20:55:09.367 15866 15866 I Finsky  : [1] xle.a(27): Scheduling job Id: 9008, L: 4243574, D: 47443574, C: false, I: false, N: 1
08-05 20:55:09.368 15866 15866 I Finsky  : [1] xle.a(10): Throttling wakeup for job 9009 (expected to run in 0 ms) due to recent wakeup
08-05 20:55:09.369 15866 15866 I Finsky  : [1] xle.a(27): Scheduling job Id: 9009, L: 30000, D: 79454181, C: false, I: true, N: 2
08-05 20:55:09.369 32542   460 I art     : Starting a blocking GC Explicit
08-05 20:55:09.372 15866 15866 I Finsky  : [1] xle.a(10): Throttling wakeup for job 9010 (expected to run in 0 ms) due to recent wakeup
08-05 20:55:09.372 15866 15866 I Finsky  : [1] xle.a(27): Scheduling job Id: 9010, L: 30000, D: 79454223, C: true, I: true, N: 2
08-05 20:55:09.374 15866 15866 I Finsky  : [1] xle.a(27): Scheduling job Id: 9015, L: 8891037, D: 9791037, C: false, I: false, N: 0
08-05 20:55:09.404 32542   460 I art     : Explicit concurrent mark sweep GC freed 20(704B) AllocSpace objects, 0(0B) LOS objects, 39% free, 24MB/40MB, paused 327us total 34.690ms
08-05 20:55:09.421 32542   460 I art     : Starting a blocking GC Explicit
08-05 20:55:09.458 32542   460 I art     : Explicit concurrent mark sweep GC freed 3(96B) AllocSpace objects, 0(0B) LOS objects, 39% free, 24MB/40MB, paused 337us total 36.796ms
08-05 20:55:09.475 32542   460 I art     : Starting a blocking GC Explicit
08-05 20:55:09.514 32542   460 I art     : Explicit concurrent mark sweep GC freed 3(96B) AllocSpace objects, 0(0B) LOS objects, 39% free, 24MB/40MB, paused 333us total 38.525ms
08-05 20:55:09.532 32542   460 I art     : Starting a blocking GC Explicit
08-05 20:55:09.574 32542   460 I art     : Explicit concurrent mark sweep GC freed 3(96B) AllocSpace objects, 0(0B) LOS objects, 39% free, 24MB/40MB, paused 343us total 41.835ms
08-05 20:55:09.786 13866 13882 I PeriodicStatsRunner: PeriodicStatsRunner.call():175 call()
08-05 20:55:09.786 13866 13882 I PeriodicStatsRunner: PeriodicStatsRunner.call():179 No submit PeriodicStats since input started.
08-05 20:55:09.878 32542 32563 I art     : Starting a blocking GC Explicit
08-05 20:55:09.911 32542 32563 I art     : Explicit concurrent mark sweep GC freed 1347(78KB) AllocSpace objects, 1(20KB) LOS objects, 39% free, 24MB/40MB, paused 309us total 32.948ms
08-05 20:55:09.927 32542 32563 I art     : Starting a blocking GC Explicit
08-05 20:55:09.962 32542 32563 I art     : Explicit concurrent mark sweep GC freed 20(704B) AllocSpace objects, 0(0B) LOS objects, 39% free, 24MB/40MB, paused 323us total 34.609ms
08-05 20:55:09.978 32542 32563 I art     : Starting a blocking GC Explicit
08-05 20:55:10.014 32542 32563 I art     : Explicit concurrent mark sweep GC freed 3(96B) AllocSpace objects, 0(0B) LOS objects, 39% free, 24MB/40MB, paused 374us total 35.749ms
08-05 20:55:10.031 32542 32563 I art     : Starting a blocking GC Explicit
08-05 20:55:10.071 32542 32563 I art     : Explicit concurrent mark sweep GC freed 3(96B) AllocSpace objects, 0(0B) LOS objects, 39% free, 24MB/40MB, paused 340us total 39.597ms
08-05 20:55:10.088 32542 32563 I art     : Starting a blocking GC Explicit
08-05 20:55:10.126 32542 32563 I art     : Explicit concurrent mark sweep GC freed 3(96B) AllocSpace objects, 0(0B) LOS objects, 39% free, 24MB/40MB, paused 377us total 37.722ms
08-05 20:55:10.199   518   646 I ThermalEngine: ACTION: GPU - Setting GPU[0] to 510000000
08-05 20:55:10.363  1008  1008 D AndroidRuntime: >>>>>> START com.android.internal.os.RuntimeInit uid 2000 <<<<<<
08-05 20:55:10.368  1008  1008 D AndroidRuntime: CheckJNI is OFF
08-05 20:55:10.399  1008  1008 D ICU     : No timezone override file found: /data/misc/zoneinfo/current/icu/icu_tzdata.dat
08-05 20:55:10.432  1008  1008 I Radio-JNI: register_android_hardware_Radio DONE
08-05 20:55:10.436 32542 32555 I art     : Starting a blocking GC Explicit
08-05 20:55:10.455  1008  1008 D AndroidRuntime: Calling main entry com.android.commands.input.Input
08-05 20:55:10.457  1008  1008 I Input   : injectMotionEvent: MotionEvent { action=ACTION_DOWN, actionButton=0, id[0]=0, x[0]=600.0, y[0]=700.0, toolType[0]=TOOL_TYPE_UNKNOWN, buttonState=0, metaState=0, flags=0x0, edgeFlags=0x0, pointerCount=1, historySize=0, eventTime=824126869, downTime=824126869, deviceId=0, source=0x1002 }
08-05 20:55:10.463  1008  1008 I Input   : injectMotionEvent: MotionEvent { action=ACTION_UP, actionButton=0, id[0]=0, x[0]=600.0, y[0]=700.0, toolType[0]=TOOL_TYPE_UNKNOWN, buttonState=0, metaState=0, flags=0x0, edgeFlags=0x0, pointerCount=1, historySize=0, eventTime=824126869, downTime=824126869, deviceId=0, source=0x1002 }
08-05 20:55:10.465 32542 32542 I RRChoreographer: Using modern Choreographer
08-05 20:55:10.467  1008  1008 D AndroidRuntime: Shutting down VM
08-05 20:55:10.468 32542 32555 I art     : Explicit concurrent mark sweep GC freed 1351(79KB) AllocSpace objects, 1(20KB) LOS objects, 39% free, 24MB/40MB, paused 415us total 31.462ms
08-05 20:55:10.474   512  2967 D audio_hw_primary: out_set_parameters: enter: usecase(1: low-latency-playback) kvpairs: routing=2
08-05 20:55:10.478   918  4400 I ActivityManager: START u0 {dat=https://oauth.reddit.com/... cmp=baseline.org.quantumbadger.redreader/.activities.CommentListingActivity} from uid 10689 on display 0
08-05 20:55:10.482 32542 32555 I art     : Starting a blocking GC Explicit
08-05 20:55:10.487   512  2967 D audio_hw_primary: select_devices: out_snd_device(2: speaker) in_snd_device(0: none)
08-05 20:55:10.487   512  2967 D msm8974_platform: platform_send_audio_calibration: sending audio calibration for snd_device(2) acdb_id(15)
08-05 20:55:10.487   512  2967 I soundtrigger: audio_extn_sound_trigger_update_device_status: device 0x2 of type 0 for Event 1
08-05 20:55:10.498 32542 32542 I AppCompatViewInflater: app:theme is now deprecated. Please move to using android:theme instead.
08-05 20:55:10.499   512  2967 D audio_hw_primary: enable_snd_device: snd_device(2: speaker)
08-05 20:55:10.501   512  2967 D audio_hw_primary: enable_audio_route: apply and update mixer path: low-latency-playback speaker
08-05 20:55:10.510 32542 32555 I art     : Explicit concurrent mark sweep GC freed 1416(83KB) AllocSpace objects, 0(0B) LOS objects, 39% free, 24MB/40MB, paused 549us total 28.117ms
08-05 20:55:10.519 32542  1033 D OK      : calling: https://oauth.reddit.com/comments/gvc7k9/.json?sort=confidence
08-05 20:55:10.523 32542 32555 I art     : Starting a blocking GC Explicit
08-05 20:55:10.550 32542 32555 I art     : Explicit concurrent mark sweep GC freed 934(90KB) AllocSpace objects, 0(0B) LOS objects, 39% free, 24MB/40MB, paused 309us total 26.725ms
08-05 20:55:10.562 32542 32555 I art     : Starting a blocking GC Explicit
08-05 20:55:10.592 32542 32555 I art     : Explicit concurrent mark sweep GC freed 753(28KB) AllocSpace objects, 0(0B) LOS objects, 39% free, 24MB/40MB, paused 317us total 29.999ms
08-05 20:55:10.595 13866 13866 I GoogleInputMethodServic: GoogleInputMethodService.onFinishInput():3138 
08-05 20:55:10.595   918   936 I ActivityManager: Displayed baseline.org.quantumbadger.redreader/.activities.CommentListingActivity: +110ms
08-05 20:55:10.597 13866 13866 I GoogleInputMethodServic: GoogleInputMethodService.onStartInput():1808 
08-05 20:55:10.607 32542 32555 I art     : Starting a blocking GC Explicit
08-05 20:55:10.638 32542 32555 I art     : Explicit concurrent mark sweep GC freed 178(9KB) AllocSpace objects, 0(0B) LOS objects, 39% free, 24MB/40MB, paused 255us total 30.379ms
08-05 20:55:10.793 32542  1033 I NAPPA_EXPERIMENTATION: MetricNetworkRequestExecutionTime: REQUEST_DURATION_SYSTEM='273',REQUEST_DURATION_OKHTTP='264',REQUEST_SYNCHRONOUS='TRUE',RESPONSE_CODE='200',RESPONSE_METHOD='GET',RESPONSE_LENGTH_OKHTTP='-1',RESPONSE_LENGTH_HEADER='90132',REQUEST_PROTOCOL='h2',REQUEST_URL='https://oauth.reddit.com/comments/gvc7k9/.json?sort=confidence',
08-05 20:55:10.793 32542  1033 D OK      : request got status: 200
08-05 20:55:10.802 32542   896 I CommentListingActivity: COMMENTS session changed to 032e30ec-bdb0-4919-8634-eec08aeb2b28
08-05 20:55:10.857   380   380 W SurfaceFlinger: couldn't log to binary event log: overflow.
08-05 20:55:10.899 32542 32563 I art     : Starting a blocking GC Explicit
08-05 20:55:10.937 32542 32563 I art     : Explicit concurrent mark sweep GC freed 18142(1338KB) AllocSpace objects, 3(56KB) LOS objects, 37% free, 27MB/43MB, paused 497us total 38.217ms
08-05 20:55:10.938 32542 32552 I art     : WaitForGcToComplete blocked for 31.619ms for cause HeapTrim
08-05 20:55:10.951 32542 32563 I art     : Starting a blocking GC Explicit
08-05 20:55:10.990 32542 32563 I art     : Explicit concurrent mark sweep GC freed 9494(669KB) AllocSpace objects, 0(0B) LOS objects, 36% free, 27MB/43MB, paused 692us total 39.565ms
08-05 20:55:11.004 32542 32563 I art     : Starting a blocking GC Explicit
08-05 20:55:11.039   512  2967 D audio_hw_primary: disable_audio_route: reset and update mixer path: low-latency-playback speaker
08-05 20:55:11.039   512  2967 D audio_hw_primary: disable_snd_device: snd_device(2: speaker)
08-05 20:55:11.047   512  2967 I soundtrigger: audio_extn_sound_trigger_update_device_status: device 0x2 of type 0 for Event 0
08-05 20:55:11.049 32542 32563 I art     : Explicit concurrent mark sweep GC freed 11086(701KB) AllocSpace objects, 1(16KB) LOS objects, 35% free, 28MB/44MB, paused 603us total 45.292ms
08-05 20:55:11.064 32542 32563 I art     : Starting a blocking GC Explicit
08-05 20:55:11.108 32542 32563 I art     : Explicit concurrent mark sweep GC freed 5231(388KB) AllocSpace objects, 1(68KB) LOS objects, 35% free, 28MB/44MB, paused 309us total 44.122ms
08-05 20:55:11.123 32542 32563 I art     : Starting a blocking GC Explicit
08-05 20:55:11.155   918  3261 D WifiStateMachine: starting scan for "H369AA63323"WPA_PSK with 2412,5180
08-05 20:55:11.165 32542 32563 I art     : Explicit concurrent mark sweep GC freed 19352(911KB) AllocSpace objects, 1(68KB) LOS objects, 36% free, 27MB/43MB, paused 245us total 42.418ms
08-05 20:55:11.465 32542   460 I art     : Starting a blocking GC Explicit
08-05 20:55:11.513 32542   460 I art     : Explicit concurrent mark sweep GC freed 1354(79KB) AllocSpace objects, 1(20KB) LOS objects, 36% free, 27MB/43MB, paused 262us total 48.371ms
08-05 20:55:11.529 32542   460 I art     : Starting a blocking GC Explicit
08-05 20:55:11.572 32542   460 I art     : Explicit concurrent mark sweep GC freed 20(704B) AllocSpace objects, 0(0B) LOS objects, 36% free, 27MB/43MB, paused 229us total 42.879ms
08-05 20:55:11.589 32542   460 I art     : Starting a blocking GC Explicit
08-05 20:55:11.634 32542   460 I art     : Explicit concurrent mark sweep GC freed 3(96B) AllocSpace objects, 0(0B) LOS objects, 36% free, 27MB/43MB, paused 261us total 45.721ms
08-05 20:55:11.651 32542   460 I art     : Starting a blocking GC Explicit
08-05 20:55:11.697 32542   460 I art     : Explicit concurrent mark sweep GC freed 3(96B) AllocSpace objects, 0(0B) LOS objects, 36% free, 27MB/43MB, paused 335us total 46.389ms
08-05 20:55:11.713 32542   460 I art     : Starting a blocking GC Explicit
08-05 20:55:11.757 32542   460 I art     : Explicit concurrent mark sweep GC freed 49(1920B) AllocSpace objects, 0(0B) LOS objects, 36% free, 27MB/43MB, paused 377us total 43.961ms
08-05 20:55:12.044 32542 32553 I art     : Starting a blocking GC Explicit
08-05 20:55:12.101 32542 32553 I art     : Explicit concurrent mark sweep GC freed 1343(78KB) AllocSpace objects, 1(20KB) LOS objects, 36% free, 27MB/43MB, paused 294us total 56.915ms
08-05 20:55:12.106 32448 32448 I ServiceManager: Waiting for service AtCmdFwd...
08-05 20:55:12.120 32542 32553 I art     : Starting a blocking GC Explicit
08-05 20:55:12.166 32542 32553 I art     : Explicit concurrent mark sweep GC freed 20(704B) AllocSpace objects, 0(0B) LOS objects, 36% free, 27MB/43MB, paused 263us total 45.552ms
08-05 20:55:12.182 32542 32553 I art     : Starting a blocking GC Explicit
08-05 20:55:12.203   518   646 I ThermalEngine: ACTION: GPU - Setting GPU[0] to 450000000
08-05 20:55:12.234 32542 32553 I art     : Explicit concurrent mark sweep GC freed 3(96B) AllocSpace objects, 0(0B) LOS objects, 36% free, 27MB/43MB, paused 360us total 52.479ms
08-05 20:55:12.255 32542 32553 I art     : Starting a blocking GC Explicit
08-05 20:55:12.310 32542 32553 I art     : Explicit concurrent mark sweep GC freed 3(96B) AllocSpace objects, 0(0B) LOS objects, 36% free, 27MB/43MB, paused 327us total 55.349ms
08-05 20:55:12.330 32542 32553 I art     : Starting a blocking GC Explicit
08-05 20:55:12.391 32542 32553 I art     : Explicit concurrent mark sweep GC freed 3(96B) AllocSpace objects, 0(0B) LOS objects, 36% free, 27MB/43MB, paused 341us total 60.467ms
08-05 20:55:12.718 32542 32563 I art     : Starting a blocking GC Explicit
08-05 20:55:12.790 32542 32563 I art     : Explicit concurrent mark sweep GC freed 1343(78KB) AllocSpace objects, 1(20KB) LOS objects, 36% free, 27MB/43MB, paused 360us total 71.768ms
08-05 20:55:12.812 32542 32563 I art     : Starting a blocking GC Explicit
08-05 20:55:12.867 32542 32563 I art     : Explicit concurrent mark sweep GC freed 20(704B) AllocSpace objects, 0(0B) LOS objects, 36% free, 27MB/43MB, paused 505us total 54.970ms
08-05 20:55:12.887 32542 32563 I art     : Starting a blocking GC Explicit
08-05 20:55:12.950 32542 32563 I art     : Explicit concurrent mark sweep GC freed 3(96B) AllocSpace objects, 0(0B) LOS objects, 36% free, 27MB/43MB, paused 363us total 63.096ms
08-05 20:55:12.973 32542 32563 I art     : Starting a blocking GC Explicit
08-05 20:55:13.038 32542 32563 I art     : Explicit concurrent mark sweep GC freed 3(96B) AllocSpace objects, 0(0B) LOS objects, 36% free, 27MB/43MB, paused 388us total 65.091ms
08-05 20:55:13.060 32542 32563 I art     : Starting a blocking GC Explicit
08-05 20:55:13.107 32448 32448 I ServiceManager: Waiting for service AtCmdFwd...
08-05 20:55:13.121 32542 32563 I art     : Explicit concurrent mark sweep GC freed 3(96B) AllocSpace objects, 0(0B) LOS objects, 36% free, 27MB/43MB, paused 350us total 60.817ms
08-05 20:55:13.472 32542 32555 I art     : Starting a blocking GC Explicit
08-05 20:55:13.530 32542 32555 I art     : Explicit concurrent mark sweep GC freed 1343(78KB) AllocSpace objects, 1(20KB) LOS objects, 36% free, 27MB/43MB, paused 362us total 57.443ms
08-05 20:55:13.552 32542 32555 I art     : Starting a blocking GC Explicit
08-05 20:55:13.614 32542 32555 I art     : Explicit concurrent mark sweep GC freed 20(704B) AllocSpace objects, 0(0B) LOS objects, 36% free, 27MB/43MB, paused 375us total 61.351ms
08-05 20:55:13.637 32542 32555 I art     : Starting a blocking GC Explicit
08-05 20:55:13.697 32542 32555 I art     : Explicit concurrent mark sweep GC freed 3(96B) AllocSpace objects, 0(0B) LOS objects, 36% free, 27MB/43MB, paused 354us total 59.584ms
08-05 20:55:13.717 32542 32555 I art     : Starting a blocking GC Explicit
08-05 20:55:13.781 32542 32555 I art     : Explicit concurrent mark sweep GC freed 3(96B) AllocSpace objects, 0(0B) LOS objects, 36% free, 27MB/43MB, paused 353us total 63.262ms
08-05 20:55:13.802 32542 32555 I art     : Starting a blocking GC Explicit
08-05 20:55:13.863 32542 32555 I art     : Explicit concurrent mark sweep GC freed 3(96B) AllocSpace objects, 0(0B) LOS objects, 36% free, 27MB/43MB, paused 354us total 61.374ms
08-05 20:55:14.107 32448 32448 I ServiceManager: Waiting for service AtCmdFwd...
08-05 20:55:14.198 32542   460 I art     : Starting a blocking GC Explicit
08-05 20:55:14.210   518   646 I ThermalEngine: ACTION: GPU - Setting GPU[0] to 510000000
08-05 20:55:14.264 32542   460 I art     : Explicit concurrent mark sweep GC freed 1344(79KB) AllocSpace objects, 1(20KB) LOS objects, 36% free, 27MB/43MB, paused 313us total 65.595ms
08-05 20:55:14.286 32542   460 I art     : Starting a blocking GC Explicit
08-05 20:55:14.328 32542   460 I art     : Explicit concurrent mark sweep GC freed 20(704B) AllocSpace objects, 0(0B) LOS objects, 36% free, 27MB/43MB, paused 254us total 42.511ms
08-05 20:55:14.344 32542   460 I art     : Starting a blocking GC Explicit
08-05 20:55:14.387 32542   460 I art     : Explicit concurrent mark sweep GC freed 3(96B) AllocSpace objects, 0(0B) LOS objects, 36% free, 27MB/43MB, paused 348us total 42.983ms
08-05 20:55:14.402 32542   460 I art     : Starting a blocking GC Explicit
08-05 20:55:14.446 32542   460 I art     : Explicit concurrent mark sweep GC freed 3(96B) AllocSpace objects, 0(0B) LOS objects, 36% free, 27MB/43MB, paused 265us total 44.327ms
08-05 20:55:14.462 32542   460 I art     : Starting a blocking GC Explicit
08-05 20:55:14.506 32542   460 I art     : Explicit concurrent mark sweep GC freed 3(96B) AllocSpace objects, 0(0B) LOS objects, 36% free, 27MB/43MB, paused 252us total 44.531ms
08-05 20:55:14.802 32542 32553 I art     : Starting a blocking GC Explicit
08-05 20:55:14.847 32542 32553 I art     : Explicit concurrent mark sweep GC freed 1347(79KB) AllocSpace objects, 1(20KB) LOS objects, 36% free, 27MB/43MB, paused 273us total 44.353ms
08-05 20:55:14.862 32542 32553 I art     : Starting a blocking GC Explicit
08-05 20:55:14.905 32542 32553 I art     : Explicit concurrent mark sweep GC freed 20(704B) AllocSpace objects, 0(0B) LOS objects, 36% free, 27MB/43MB, paused 260us total 43.465ms
08-05 20:55:14.920 32542 32553 I art     : Starting a blocking GC Explicit
08-05 20:55:14.963 32542 32553 I art     : Explicit concurrent mark sweep GC freed 3(96B) AllocSpace objects, 0(0B) LOS objects, 36% free, 27MB/43MB, paused 283us total 42.331ms
08-05 20:55:14.978 32542 32553 I art     : Starting a blocking GC Explicit
08-05 20:55:15.020 32542 32553 I art     : Explicit concurrent mark sweep GC freed 3(96B) AllocSpace objects, 0(0B) LOS objects, 36% free, 27MB/43MB, paused 248us total 42.089ms
08-05 20:55:15.035 32542 32553 I art     : Starting a blocking GC Explicit
08-05 20:55:15.077 32542 32553 I art     : Explicit concurrent mark sweep GC freed 3(96B) AllocSpace objects, 0(0B) LOS objects, 36% free, 27MB/43MB, paused 269us total 42.248ms
08-05 20:55:15.108 32448 32448 I ServiceManager: Waiting for service AtCmdFwd...
08-05 20:55:15.141  1106  1106 D AndroidRuntime: >>>>>> START com.android.internal.os.RuntimeInit uid 2000 <<<<<<
08-05 20:55:15.147  1106  1106 D AndroidRuntime: CheckJNI is OFF
08-05 20:55:15.186  1106  1106 D ICU     : No timezone override file found: /data/misc/zoneinfo/current/icu/icu_tzdata.dat
08-05 20:55:15.224  1106  1106 I Radio-JNI: register_android_hardware_Radio DONE
08-05 20:55:15.246  1106  1106 D AndroidRuntime: Calling main entry com.android.commands.input.Input
08-05 20:55:15.248  1106  1106 I Input   : injectKeyEvent: KeyEvent { action=ACTION_DOWN, keyCode=KEYCODE_BACK, scanCode=0, metaState=0, flags=0x0, repeatCount=0, eventTime=824131660, downTime=824131660, deviceId=-1, source=0x101 }
08-05 20:55:15.256  1106  1106 I Input   : injectKeyEvent: KeyEvent { action=ACTION_UP, keyCode=KEYCODE_BACK, scanCode=0, metaState=0, flags=0x0, repeatCount=0, eventTime=824131660, downTime=824131660, deviceId=-1, source=0x101 }
08-05 20:55:15.266  1106  1106 D AndroidRuntime: Shutting down VM
08-05 20:55:15.302 13866 13866 I GoogleInputMethodServic: GoogleInputMethodService.onFinishInput():3138 
08-05 20:55:15.303 13866 13866 I GoogleInputMethodServic: GoogleInputMethodService.onStartInput():1808 
08-05 20:55:15.354 32542 32555 I art     : Starting a blocking GC Explicit
08-05 20:55:15.392 32542 32555 I art     : Explicit concurrent mark sweep GC freed 1589(87KB) AllocSpace objects, 1(20KB) LOS objects, 36% free, 27MB/43MB, paused 227us total 38.541ms
08-05 20:55:15.406 32542 32555 I art     : Starting a blocking GC Explicit
08-05 20:55:15.451 32542 32555 I art     : Explicit concurrent mark sweep GC freed 24(864B) AllocSpace objects, 0(0B) LOS objects, 36% free, 27MB/43MB, paused 251us total 44.776ms
08-05 20:55:15.468 32542 32555 I art     : Starting a blocking GC Explicit
08-05 20:55:15.487 32542  1032 I RedditChangeDataIO: Writing tmp data file at '/data/user/0/baseline.org.quantumbadger.redreader/files/rr_change_data_tmp.dat'
08-05 20:55:15.487 32542  1032 I RedditChangeDataManager: Taking snapshot...
08-05 20:55:15.488 32542  1032 I RedditChangeDataManager: Writing to stream...
08-05 20:55:15.488 32542  1032 I RedditChangeDataManager: Wrote 1 entries for user ''
08-05 20:55:15.488 32542  1032 I RedditChangeDataManager: All entries written to stream.
08-05 20:55:15.488 32542  1032 I RedditChangeDataIO: Write successful. Atomically replacing data file...
08-05 20:55:15.488 32542  1032 I RedditChangeDataIO: Write complete.
08-05 20:55:15.488 32542  1032 I RedditChangeDataIO: 38 bytes written in 2 ms
08-05 20:55:15.523 32542 32555 I art     : Explicit concurrent mark sweep GC freed 71(4KB) AllocSpace objects, 1(68KB) LOS objects, 36% free, 27MB/43MB, paused 239us total 55.333ms
08-05 20:55:15.544 32542 32555 I art     : Starting a blocking GC Explicit
08-05 20:55:15.596 32542 32555 I art     : Explicit concurrent mark sweep GC freed 14(960B) AllocSpace objects, 0(0B) LOS objects, 36% free, 27MB/43MB, paused 231us total 51.434ms
08-05 20:55:15.596 13866 13882 I PeriodicStatsRunner: PeriodicStatsRunner.call():175 call()
08-05 20:55:15.596 13866 13882 I PeriodicStatsRunner: PeriodicStatsRunner.call():179 No submit PeriodicStats since input started.
08-05 20:55:15.606   380   380 W SurfaceFlinger: couldn't log to binary event log: overflow.
08-05 20:55:15.611 32542 32555 I art     : Starting a blocking GC Explicit
08-05 20:55:15.652 32542 32555 I art     : Explicit concurrent mark sweep GC freed 62(2144B) AllocSpace objects, 0(0B) LOS objects, 36% free, 27MB/43MB, paused 259us total 39.842ms
08-05 20:55:15.943 32542 32563 I art     : Starting a blocking GC Explicit
08-05 20:55:16.001 32542 32563 I art     : Explicit concurrent mark sweep GC freed 1455(84KB) AllocSpace objects, 1(20KB) LOS objects, 36% free, 27MB/43MB, paused 306us total 56.785ms
08-05 20:55:16.001 32542 32552 I art     : WaitForGcToComplete blocked for 10.327ms for cause HeapTrim
08-05 20:55:16.021 32542 32563 I art     : Starting a blocking GC Explicit
08-05 20:55:16.056 32542 32563 I art     : Explicit concurrent mark sweep GC freed 46669(2MB) AllocSpace objects, 5(140KB) LOS objects, 39% free, 24MB/40MB, paused 250us total 34.636ms
08-05 20:55:16.069 32542 32563 I art     : Starting a blocking GC Explicit
08-05 20:55:16.100 32542 32563 I art     : Explicit concurrent mark sweep GC freed 32(1568B) AllocSpace objects, 0(0B) LOS objects, 39% free, 24MB/40MB, paused 223us total 30.588ms
08-05 20:55:16.109 32448 32448 I ServiceManager: Waiting for service AtCmdFwd...
08-05 20:55:16.114 32542 32563 I art     : Starting a blocking GC Explicit
08-05 20:55:16.144 32542 32563 I art     : Explicit concurrent mark sweep GC freed 249(42KB) AllocSpace objects, 0(0B) LOS objects, 39% free, 24MB/40MB, paused 209us total 29.863ms
08-05 20:55:16.157 32542 32563 I art     : Starting a blocking GC Explicit
08-05 20:55:16.188 32542 32563 I art     : Explicit concurrent mark sweep GC freed 68(2272B) AllocSpace objects, 0(0B) LOS objects, 39% free, 24MB/40MB, paused 232us total 31.250ms
08-05 20:55:16.482 32542 32553 I art     : Starting a blocking GC Explicit
08-05 20:55:16.525 32542 32553 I art     : Explicit concurrent mark sweep GC freed 1343(78KB) AllocSpace objects, 1(20KB) LOS objects, 39% free, 24MB/40MB, paused 287us total 42.245ms
08-05 20:55:16.541 32542 32553 I art     : Starting a blocking GC Explicit
08-05 20:55:16.570 32542 32553 I art     : Explicit concurrent mark sweep GC freed 20(704B) AllocSpace objects, 0(0B) LOS objects, 39% free, 24MB/40MB, paused 229us total 28.190ms
08-05 20:55:16.583 32542 32553 I art     : Starting a blocking GC Explicit
08-05 20:55:16.611 32542 32553 I art     : Explicit concurrent mark sweep GC freed 3(96B) AllocSpace objects, 0(0B) LOS objects, 39% free, 24MB/40MB, paused 229us total 28.133ms
08-05 20:55:16.624 32542 32553 I art     : Starting a blocking GC Explicit
08-05 20:55:16.654 32542 32553 I art     : Explicit concurrent mark sweep GC freed 3(96B) AllocSpace objects, 0(0B) LOS objects, 39% free, 24MB/40MB, paused 228us total 29.645ms
08-05 20:55:16.667 32542 32553 I art     : Starting a blocking GC Explicit
08-05 20:55:16.696 32542 32553 I art     : Explicit concurrent mark sweep GC freed 3(96B) AllocSpace objects, 0(0B) LOS objects, 39% free, 24MB/40MB, paused 221us total 29.546ms
08-05 20:55:16.914  1157  1157 D AndroidRuntime: >>>>>> START com.android.internal.os.RuntimeInit uid 2000 <<<<<<
08-05 20:55:16.919  1157  1157 D AndroidRuntime: CheckJNI is OFF
08-05 20:55:16.952  1157  1157 D ICU     : No timezone override file found: /data/misc/zoneinfo/current/icu/icu_tzdata.dat
08-05 20:55:16.974 32542   460 I art     : Starting a blocking GC Explicit
08-05 20:55:16.986  1157  1157 I Radio-JNI: register_android_hardware_Radio DONE
08-05 20:55:17.004 32542   460 I art     : Explicit concurrent mark sweep GC freed 1343(78KB) AllocSpace objects, 1(20KB) LOS objects, 39% free, 24MB/40MB, paused 234us total 30.634ms
08-05 20:55:17.009  1157  1157 D AndroidRuntime: Calling main entry com.android.commands.input.Input
08-05 20:55:17.011  1157  1157 I Input   : injectMotionEvent: MotionEvent { action=ACTION_DOWN, actionButton=0, id[0]=0, x[0]=600.0, y[0]=950.0, toolType[0]=TOOL_TYPE_UNKNOWN, buttonState=0, metaState=0, flags=0x0, edgeFlags=0x0, pointerCount=1, historySize=0, eventTime=824133423, downTime=824133423, deviceId=0, source=0x1002 }
08-05 20:55:17.015  1157  1157 I Input   : injectMotionEvent: MotionEvent { action=ACTION_UP, actionButton=0, id[0]=0, x[0]=600.0, y[0]=950.0, toolType[0]=TOOL_TYPE_UNKNOWN, buttonState=0, metaState=0, flags=0x0, edgeFlags=0x0, pointerCount=1, historySize=0, eventTime=824133423, downTime=824133423, deviceId=0, source=0x1002 }
08-05 20:55:17.017  1157  1157 D AndroidRuntime: Shutting down VM
08-05 20:55:17.018 32542   460 I art     : Starting a blocking GC Explicit
08-05 20:55:17.031   512  2967 D audio_hw_primary: out_set_parameters: enter: usecase(1: low-latency-playback) kvpairs: routing=2
08-05 20:55:17.032   918  6111 I ActivityManager: START u0 {dat=https://oauth.reddit.com/... cmp=baseline.org.quantumbadger.redreader/.activities.CommentListingActivity} from uid 10689 on display 0
08-05 20:55:17.044   512  2967 D audio_hw_primary: select_devices: out_snd_device(2: speaker) in_snd_device(0: none)
08-05 20:55:17.045   512  2967 D msm8974_platform: platform_send_audio_calibration: sending audio calibration for snd_device(2) acdb_id(15)
08-05 20:55:17.045   512  2967 I soundtrigger: audio_extn_sound_trigger_update_device_status: device 0x2 of type 0 for Event 1
08-05 20:55:17.046 32542   460 I art     : Explicit concurrent mark sweep GC freed 756(28KB) AllocSpace objects, 0(0B) LOS objects, 39% free, 24MB/40MB, paused 434us total 27.569ms
08-05 20:55:17.056   512  2967 D audio_hw_primary: enable_snd_device: snd_device(2: speaker)
08-05 20:55:17.057 32542 32542 I AppCompatViewInflater: app:theme is now deprecated. Please move to using android:theme instead.
08-05 20:55:17.058   512  2967 D audio_hw_primary: enable_audio_route: apply and update mixer path: low-latency-playback speaker
08-05 20:55:17.061 32542   460 I art     : Starting a blocking GC Explicit
08-05 20:55:17.073 32542  1183 D OK      : calling: https://oauth.reddit.com/comments/hwnhe2/.json?sort=confidence
08-05 20:55:17.088 32542   460 I art     : Explicit concurrent mark sweep GC freed 1375(87KB) AllocSpace objects, 0(0B) LOS objects, 39% free, 24MB/40MB, paused 361us total 27.155ms
08-05 20:55:17.101 32542   460 I art     : Starting a blocking GC Explicit
08-05 20:55:17.109 32448 32448 W Atfwd_Sendcmd: AtCmdFwd service not published, waiting... retryCnt : 5
08-05 20:55:17.128 32542   460 I art     : Explicit concurrent mark sweep GC freed 835(32KB) AllocSpace objects, 0(0B) LOS objects, 38% free, 25MB/41MB, paused 393us total 27.128ms
08-05 20:55:17.136   918   936 I ActivityManager: Displayed baseline.org.quantumbadger.redreader/.activities.CommentListingActivity: +97ms
08-05 20:55:17.136 13866 13866 I GoogleInputMethodServic: GoogleInputMethodService.onFinishInput():3138 
08-05 20:55:17.137 13866 13866 I GoogleInputMethodServic: GoogleInputMethodService.onStartInput():1808 
08-05 20:55:17.142 32542   460 I art     : Starting a blocking GC Explicit
08-05 20:55:17.173 32542   460 I art     : Explicit concurrent mark sweep GC freed 190(9KB) AllocSpace objects, 0(0B) LOS objects, 38% free, 25MB/41MB, paused 262us total 31.192ms
08-05 20:55:17.388   380   380 W SurfaceFlinger: couldn't log to binary event log: overflow.
08-05 20:55:17.429 32542 32563 I art     : Starting a blocking GC Explicit
08-05 20:55:17.431 32542  1183 I NAPPA_EXPERIMENTATION: MetricNetworkRequestExecutionTime: REQUEST_DURATION_SYSTEM='358',REQUEST_DURATION_OKHTTP='145',REQUEST_SYNCHRONOUS='TRUE',RESPONSE_CODE='200',RESPONSE_METHOD='GET',RESPONSE_LENGTH_OKHTTP='-1',RESPONSE_LENGTH_HEADER='3930',REQUEST_PROTOCOL='h2',REQUEST_URL='https://oauth.reddit.com/comments/hwnhe2/.json?sort=confidence',
08-05 20:55:17.431 32542  1183 D OK      : request got status: 200
08-05 20:55:17.441 32542   896 I CommentListingActivity: COMMENTS session changed to bd6593f4-4293-491b-8e4f-9cc6b1956388
08-05 20:55:17.458 32542 32563 I art     : Explicit concurrent mark sweep GC freed 5253(407KB) AllocSpace objects, 2(88KB) LOS objects, 38% free, 25MB/41MB, paused 358us total 28.701ms
08-05 20:55:17.471 32542 32563 I art     : Starting a blocking GC Explicit
08-05 20:55:17.502 32542 32563 I art     : Explicit concurrent mark sweep GC freed 2505(139KB) AllocSpace objects, 3(100KB) LOS objects, 38% free, 25MB/41MB, paused 460us total 30.724ms
08-05 20:55:17.515 32542 32563 I art     : Starting a blocking GC Explicit
08-05 20:55:17.544 32542 32563 I art     : Explicit concurrent mark sweep GC freed 456(18KB) AllocSpace objects, 0(0B) LOS objects, 38% free, 25MB/41MB, paused 258us total 28.651ms
08-05 20:55:17.556 32542 32563 I art     : Starting a blocking GC Explicit
08-05 20:55:17.584 32542 32563 I art     : Explicit concurrent mark sweep GC freed 17(688B) AllocSpace objects, 0(0B) LOS objects, 38% free, 25MB/41MB, paused 228us total 27.842ms
08-05 20:55:17.598 32542 32563 I art     : Starting a blocking GC Explicit
08-05 20:55:17.598   512  2967 D audio_hw_primary: disable_audio_route: reset and update mixer path: low-latency-playback speaker
08-05 20:55:17.599   512  2967 D audio_hw_primary: disable_snd_device: snd_device(2: speaker)
08-05 20:55:17.607   512  2967 I soundtrigger: audio_extn_sound_trigger_update_device_status: device 0x2 of type 0 for Event 0
08-05 20:55:17.627 32542 32563 I art     : Explicit concurrent mark sweep GC freed 3(96B) AllocSpace objects, 0(0B) LOS objects, 38% free, 25MB/41MB, paused 220us total 28.701ms
08-05 20:55:17.920 32542 32563 I art     : Starting a blocking GC Explicit
08-05 20:55:17.955 32542 32563 I art     : Explicit concurrent mark sweep GC freed 1343(79KB) AllocSpace objects, 1(20KB) LOS objects, 38% free, 25MB/41MB, paused 273us total 34.801ms
08-05 20:55:17.970 32542 32563 I art     : Starting a blocking GC Explicit
08-05 20:55:18.002 32542 32563 I art     : Explicit concurrent mark sweep GC freed 20(704B) AllocSpace objects, 0(0B) LOS objects, 38% free, 25MB/41MB, paused 249us total 31.587ms
08-05 20:55:18.016 32542 32563 I art     : Starting a blocking GC Explicit
08-05 20:55:18.046 32542 32563 I art     : Explicit concurrent mark sweep GC freed 3(96B) AllocSpace objects, 0(0B) LOS objects, 38% free, 25MB/41MB, paused 239us total 30.407ms
08-05 20:55:18.060 32542 32563 I art     : Starting a blocking GC Explicit
08-05 20:55:18.091 32542 32563 I art     : Explicit concurrent mark sweep GC freed 3(96B) AllocSpace objects, 0(0B) LOS objects, 38% free, 25MB/41MB, paused 254us total 30.938ms
08-05 20:55:18.105 32542 32563 I art     : Starting a blocking GC Explicit
08-05 20:55:18.136 32542 32563 I art     : Explicit concurrent mark sweep GC freed 49(1920B) AllocSpace objects, 0(0B) LOS objects, 38% free, 25MB/41MB, paused 255us total 31.127ms
08-05 20:55:18.217   518   646 I ThermalEngine: ACTION: GPU - Setting GPU[0] to 450000000
08-05 20:55:18.418 32542 32555 I art     : Starting a blocking GC Explicit
08-05 20:55:18.468 32542 32555 I art     : Explicit concurrent mark sweep GC freed 1343(79KB) AllocSpace objects, 1(20KB) LOS objects, 38% free, 25MB/41MB, paused 358us total 49.834ms
08-05 20:55:18.488 32542 32555 I art     : Starting a blocking GC Explicit
08-05 20:55:18.528 32542 32555 I art     : Explicit concurrent mark sweep GC freed 20(704B) AllocSpace objects, 0(0B) LOS objects, 38% free, 25MB/41MB, paused 341us total 39.552ms
08-05 20:55:18.546 32542 32555 I art     : Starting a blocking GC Explicit
08-05 20:55:18.590 32542 32555 I art     : Explicit concurrent mark sweep GC freed 3(96B) AllocSpace objects, 0(0B) LOS objects, 38% free, 25MB/41MB, paused 340us total 44.068ms
08-05 20:55:18.608 32542 32555 I art     : Starting a blocking GC Explicit
08-05 20:55:18.650 32542 32555 I art     : Explicit concurrent mark sweep GC freed 3(96B) AllocSpace objects, 0(0B) LOS objects, 38% free, 25MB/41MB, paused 345us total 41.769ms
08-05 20:55:18.668 32542 32555 I art     : Starting a blocking GC Explicit
08-05 20:55:18.712 32542 32555 I art     : Explicit concurrent mark sweep GC freed 3(96B) AllocSpace objects, 0(0B) LOS objects, 38% free, 25MB/41MB, paused 337us total 43.471ms
08-05 20:55:19.064 32542   460 I art     : Starting a blocking GC Explicit
08-05 20:55:19.118 32542   460 I art     : Explicit concurrent mark sweep GC freed 1343(79KB) AllocSpace objects, 1(20KB) LOS objects, 38% free, 25MB/41MB, paused 354us total 53.318ms
08-05 20:55:19.137 32542   460 I art     : Starting a blocking GC Explicit
08-05 20:55:19.182 32542   460 I art     : Explicit concurrent mark sweep GC freed 20(704B) AllocSpace objects, 0(0B) LOS objects, 38% free, 25MB/41MB, paused 349us total 44.736ms
08-05 20:55:19.200 32542   460 I art     : Starting a blocking GC Explicit
08-05 20:55:19.245 32542   460 I art     : Explicit concurrent mark sweep GC freed 3(96B) AllocSpace objects, 0(0B) LOS objects, 38% free, 25MB/41MB, paused 338us total 43.951ms
08-05 20:55:19.262 32542   460 I art     : Starting a blocking GC Explicit
08-05 20:55:19.307 32542   460 I art     : Explicit concurrent mark sweep GC freed 3(96B) AllocSpace objects, 0(0B) LOS objects, 38% free, 25MB/41MB, paused 358us total 44.056ms
08-05 20:55:19.325 32542   460 I art     : Starting a blocking GC Explicit
08-05 20:55:19.369 32542   460 I art     : Explicit concurrent mark sweep GC freed 3(96B) AllocSpace objects, 0(0B) LOS objects, 38% free, 25MB/41MB, paused 340us total 43.448ms
08-05 20:55:19.724 32542 32553 I art     : Starting a blocking GC Explicit
08-05 20:55:19.778 32542 32553 I art     : Explicit concurrent mark sweep GC freed 1343(79KB) AllocSpace objects, 1(20KB) LOS objects, 38% free, 25MB/41MB, paused 396us total 53.741ms
08-05 20:55:19.800 32542 32553 I art     : Starting a blocking GC Explicit
08-05 20:55:19.843 32542 32553 I art     : Explicit concurrent mark sweep GC freed 20(704B) AllocSpace objects, 0(0B) LOS objects, 38% free, 25MB/41MB, paused 340us total 42.451ms
08-05 20:55:19.861 32542 32553 I art     : Starting a blocking GC Explicit
08-05 20:55:19.903 32542 32553 I art     : Explicit concurrent mark sweep GC freed 3(96B) AllocSpace objects, 0(0B) LOS objects, 38% free, 25MB/41MB, paused 353us total 41.455ms
08-05 20:55:19.921 32542 32553 I art     : Starting a blocking GC Explicit
08-05 20:55:19.965 32542 32553 I art     : Explicit concurrent mark sweep GC freed 3(96B) AllocSpace objects, 0(0B) LOS objects, 38% free, 25MB/41MB, paused 346us total 44.134ms
08-05 20:55:19.986 32542 32553 I art     : Starting a blocking GC Explicit
08-05 20:55:20.031 32542 32553 I art     : Explicit concurrent mark sweep GC freed 3(96B) AllocSpace objects, 0(0B) LOS objects, 38% free, 25MB/41MB, paused 326us total 44.694ms
08-05 20:55:20.303 13866 13882 I PeriodicStatsRunner: PeriodicStatsRunner.call():175 call()
08-05 20:55:20.304 13866 13882 I PeriodicStatsRunner: PeriodicStatsRunner.call():179 No submit PeriodicStats since input started.
08-05 20:55:20.376 32542 32563 I art     : Starting a blocking GC Explicit
08-05 20:55:20.427 32542 32563 I art     : Explicit concurrent mark sweep GC freed 1344(79KB) AllocSpace objects, 1(20KB) LOS objects, 38% free, 25MB/41MB, paused 394us total 50.793ms
08-05 20:55:20.448 32542 32563 I art     : Starting a blocking GC Explicit
08-05 20:55:20.494 32542 32563 I art     : Explicit concurrent mark sweep GC freed 20(704B) AllocSpace objects, 0(0B) LOS objects, 38% free, 25MB/41MB, paused 317us total 45.860ms
08-05 20:55:20.512 32542 32563 I art     : Starting a blocking GC Explicit
08-05 20:55:20.556 32542 32563 I art     : Explicit concurrent mark sweep GC freed 3(96B) AllocSpace objects, 0(0B) LOS objects, 38% free, 25MB/41MB, paused 350us total 43.228ms
08-05 20:55:20.574 32542 32563 I art     : Starting a blocking GC Explicit
08-05 20:55:20.618 32542 32563 I art     : Explicit concurrent mark sweep GC freed 3(96B) AllocSpace objects, 0(0B) LOS objects, 38% free, 25MB/41MB, paused 352us total 44.527ms
08-05 20:55:20.636 32542 32563 I art     : Starting a blocking GC Explicit
08-05 20:55:20.680 32542 32563 I art     : Explicit concurrent mark sweep GC freed 3(96B) AllocSpace objects, 0(0B) LOS objects, 38% free, 25MB/41MB, paused 347us total 42.963ms
08-05 20:55:21.006 32542 32555 I art     : Starting a blocking GC Explicit
08-05 20:55:21.056 32542 32555 I art     : Explicit concurrent mark sweep GC freed 1347(79KB) AllocSpace objects, 1(20KB) LOS objects, 38% free, 25MB/41MB, paused 365us total 48.860ms
08-05 20:55:21.077 32542 32555 I art     : Starting a blocking GC Explicit
08-05 20:55:21.122 32542 32555 I art     : Explicit concurrent mark sweep GC freed 20(704B) AllocSpace objects, 0(0B) LOS objects, 38% free, 25MB/41MB, paused 338us total 44.132ms
08-05 20:55:21.140 32542 32555 I art     : Starting a blocking GC Explicit
08-05 20:55:21.183 32542 32555 I art     : Explicit concurrent mark sweep GC freed 3(96B) AllocSpace objects, 0(0B) LOS objects, 38% free, 25MB/41MB, paused 343us total 43.616ms
08-05 20:55:21.201 32542 32555 I art     : Starting a blocking GC Explicit
08-05 20:55:21.222   518   646 I ThermalEngine: ACTION: GPU - Setting GPU[0] to 510000000
08-05 20:55:21.242 32542 32555 I art     : Explicit concurrent mark sweep GC freed 3(96B) AllocSpace objects, 0(0B) LOS objects, 38% free, 25MB/41MB, paused 314us total 40.305ms
08-05 20:55:21.259 32542 32555 I art     : Starting a blocking GC Explicit
08-05 20:55:21.287 32542 32555 I art     : Explicit concurrent mark sweep GC freed 3(96B) AllocSpace objects, 0(0B) LOS objects, 38% free, 25MB/41MB, paused 240us total 27.816ms
08-05 20:55:21.594 32542   460 I art     : Starting a blocking GC Explicit
08-05 20:55:21.631 32542   460 I art     : Explicit concurrent mark sweep GC freed 1344(79KB) AllocSpace objects, 1(20KB) LOS objects, 38% free, 25MB/41MB, paused 277us total 36.301ms
08-05 20:55:21.645 32542   460 I art     : Starting a blocking GC Explicit
08-05 20:55:21.672  1270  1270 D AndroidRuntime: >>>>>> START com.android.internal.os.RuntimeInit uid 2000 <<<<<<
08-05 20:55:21.676 32542   460 I art     : Explicit concurrent mark sweep GC freed 20(704B) AllocSpace objects, 0(0B) LOS objects, 38% free, 25MB/41MB, paused 259us total 30.850ms
08-05 20:55:21.677  1270  1270 D AndroidRuntime: CheckJNI is OFF
08-05 20:55:21.689 32542   460 I art     : Starting a blocking GC Explicit
08-05 20:55:21.711  1270  1270 D ICU     : No timezone override file found: /data/misc/zoneinfo/current/icu/icu_tzdata.dat
08-05 20:55:21.720 32542   460 I art     : Explicit concurrent mark sweep GC freed 3(96B) AllocSpace objects, 0(0B) LOS objects, 38% free, 25MB/41MB, paused 295us total 30.587ms
08-05 20:55:21.733 32542   460 I art     : Starting a blocking GC Explicit
08-05 20:55:21.746  1270  1270 I Radio-JNI: register_android_hardware_Radio DONE
08-05 20:55:21.762 32542   460 I art     : Explicit concurrent mark sweep GC freed 3(96B) AllocSpace objects, 0(0B) LOS objects, 38% free, 25MB/41MB, paused 250us total 28.507ms
08-05 20:55:21.767  1270  1270 D AndroidRuntime: Calling main entry com.android.commands.input.Input
08-05 20:55:21.769  1270  1270 I Input   : injectKeyEvent: KeyEvent { action=ACTION_DOWN, keyCode=KEYCODE_BACK, scanCode=0, metaState=0, flags=0x0, repeatCount=0, eventTime=824138182, downTime=824138182, deviceId=-1, source=0x101 }
08-05 20:55:21.775 32542   460 I art     : Starting a blocking GC Explicit
08-05 20:55:21.775  1270  1270 I Input   : injectKeyEvent: KeyEvent { action=ACTION_UP, keyCode=KEYCODE_BACK, scanCode=0, metaState=0, flags=0x0, repeatCount=0, eventTime=824138182, downTime=824138182, deviceId=-1, source=0x101 }
08-05 20:55:21.782  1270  1270 D AndroidRuntime: Shutting down VM
08-05 20:55:21.804 32542   460 I art     : Explicit concurrent mark sweep GC freed 126(4KB) AllocSpace objects, 0(0B) LOS objects, 38% free, 25MB/41MB, paused 310us total 29.582ms
08-05 20:55:21.822 13866 13866 I GoogleInputMethodServic: GoogleInputMethodService.onFinishInput():3138 
08-05 20:55:21.822 13866 13866 I GoogleInputMethodServic: GoogleInputMethodService.onStartInput():1808 
08-05 20:55:22.040 32542  1182 I RedditChangeDataIO: Writing tmp data file at '/data/user/0/baseline.org.quantumbadger.redreader/files/rr_change_data_tmp.dat'
08-05 20:55:22.041 32542  1182 I RedditChangeDataManager: Taking snapshot...
08-05 20:55:22.041 32542  1182 I RedditChangeDataManager: Writing to stream...
08-05 20:55:22.041 32542  1182 I RedditChangeDataManager: Wrote 2 entries for user ''
08-05 20:55:22.041 32542  1182 I RedditChangeDataManager: All entries written to stream.
08-05 20:55:22.041 32542  1182 I RedditChangeDataIO: Write successful. Atomically replacing data file...
08-05 20:55:22.042 32542  1182 I RedditChangeDataIO: Write complete.
08-05 20:55:22.042 32542  1182 I RedditChangeDataIO: 62 bytes written in 2 ms
08-05 20:55:22.073 32542 32555 I art     : Starting a blocking GC Explicit
08-05 20:55:22.114 32542 32555 I art     : Explicit concurrent mark sweep GC freed 1540(88KB) AllocSpace objects, 2(88KB) LOS objects, 38% free, 25MB/41MB, paused 232us total 40.018ms
08-05 20:55:22.129 32542 32555 I art     : Starting a blocking GC Explicit
08-05 20:55:22.129   380   380 W SurfaceFlinger: couldn't log to binary event log: overflow.
08-05 20:55:22.137 13866 13882 I PeriodicStatsRunner: PeriodicStatsRunner.call():175 call()
08-05 20:55:22.137 13866 13882 I PeriodicStatsRunner: PeriodicStatsRunner.call():179 No submit PeriodicStats since input started.
08-05 20:55:22.158 32542 32555 I art     : Explicit concurrent mark sweep GC freed 78(2896B) AllocSpace objects, 0(0B) LOS objects, 38% free, 25MB/41MB, paused 249us total 29.036ms
08-05 20:55:22.170 32542 32555 I art     : Starting a blocking GC Explicit
08-05 20:55:22.199 32542 32555 I art     : Explicit concurrent mark sweep GC freed 3838(310KB) AllocSpace objects, 5(140KB) LOS objects, 39% free, 24MB/40MB, paused 244us total 28.352ms
08-05 20:55:22.212 32542 32555 I art     : Starting a blocking GC Explicit
08-05 20:55:22.241 32542 32555 I art     : Explicit concurrent mark sweep GC freed 3(96B) AllocSpace objects, 0(0B) LOS objects, 39% free, 24MB/40MB, paused 247us total 29.507ms
08-05 20:55:22.255 32542 32555 I art     : Starting a blocking GC Explicit
08-05 20:55:22.286 32542 32555 I art     : Explicit concurrent mark sweep GC freed 3(96B) AllocSpace objects, 0(0B) LOS objects, 39% free, 24MB/40MB, paused 253us total 30.545ms
08-05 20:55:22.560 32542 32553 I art     : Starting a blocking GC Explicit
08-05 20:55:22.596 32542 32553 I art     : Explicit concurrent mark sweep GC freed 1578(115KB) AllocSpace objects, 1(20KB) LOS objects, 39% free, 24MB/40MB, paused 255us total 36.344ms
08-05 20:55:22.613 32542 32553 I art     : Starting a blocking GC Explicit
08-05 20:55:22.645 32542 32553 I art     : Explicit concurrent mark sweep GC freed 85(2880B) AllocSpace objects, 0(0B) LOS objects, 39% free, 24MB/40MB, paused 228us total 31.660ms
08-05 20:55:22.659 32542 32553 I art     : Starting a blocking GC Explicit
08-05 20:55:22.690 32542 32553 I art     : Explicit concurrent mark sweep GC freed 3(96B) AllocSpace objects, 0(0B) LOS objects, 39% free, 24MB/40MB, paused 230us total 31.322ms
08-05 20:55:22.704 32542 32553 I art     : Starting a blocking GC Explicit
08-05 20:55:22.735 32542 32553 I art     : Explicit concurrent mark sweep GC freed 3(96B) AllocSpace objects, 0(0B) LOS objects, 39% free, 24MB/40MB, paused 228us total 31.139ms
08-05 20:55:22.749 32542 32553 I art     : Starting a blocking GC Explicit
08-05 20:55:22.780 32542 32553 I art     : Explicit concurrent mark sweep GC freed 3(96B) AllocSpace objects, 0(0B) LOS objects, 39% free, 24MB/40MB, paused 234us total 30.727ms
08-05 20:55:23.061 32542   460 I art     : Starting a blocking GC Explicit
08-05 20:55:23.092 32542   460 I art     : Explicit concurrent mark sweep GC freed 1343(79KB) AllocSpace objects, 1(20KB) LOS objects, 39% free, 24MB/40MB, paused 224us total 30.859ms
08-05 20:55:23.105 32542   460 I art     : Starting a blocking GC Explicit
08-05 20:55:23.135 32542   460 I art     : Explicit concurrent mark sweep GC freed 20(704B) AllocSpace objects, 0(0B) LOS objects, 39% free, 24MB/40MB, paused 228us total 29.945ms
08-05 20:55:23.149 32542   460 I art     : Starting a blocking GC Explicit
08-05 20:55:23.178 32542   460 I art     : Explicit concurrent mark sweep GC freed 3(96B) AllocSpace objects, 0(0B) LOS objects, 39% free, 24MB/40MB, paused 237us total 29.491ms
08-05 20:55:23.191 32542   460 I art     : Starting a blocking GC Explicit
08-05 20:55:23.221 32542   460 I art     : Explicit concurrent mark sweep GC freed 3(96B) AllocSpace objects, 0(0B) LOS objects, 39% free, 24MB/40MB, paused 260us total 29.043ms
08-05 20:55:23.234 32542   460 I art     : Starting a blocking GC Explicit
08-05 20:55:23.263 32542   460 I art     : Explicit concurrent mark sweep GC freed 3(96B) AllocSpace objects, 0(0B) LOS objects, 39% free, 24MB/40MB, paused 290us total 29.093ms
08-05 20:55:23.303   918   918 I ActivityManager: Start proc 1326:com.google.android.talk/u0a53 for service com.google.android.talk/androidx.work.impl.background.systemjob.SystemJobService
08-05 20:55:23.348 24365 17236 I NetworkScheduler.Stats: Task com.google.android.gms/com.google.android.gms.icing.service.IcingGcmTaskService started execution. cause:4 exec_start_elapsed_seconds: 1807527 [CONTEXT service_id=218 ]
08-05 20:55:23.362 24365  4416 I NetworkScheduler.Stats: Task com.google.android.gms/com.google.android.gms.icing.service.IcingGcmTaskService finished executing. cause:4 result: 1 elapsed_millis: 36 uptime_millis: 36 exec_start_elapsed_seconds: 1807527 [CONTEXT service_id=218 ]
08-05 20:55:23.415 24365 17236 I NetworkScheduler.Stats: Task com.google.android.gms/com.google.android.gms.clearcut.uploader.QosUploaderService started execution. cause:5 exec_start_elapsed_seconds: 1807527 [CONTEXT service_id=218 ]
08-05 20:55:23.433  1324  1324 D AndroidRuntime: >>>>>> START com.android.internal.os.RuntimeInit uid 2000 <<<<<<
08-05 20:55:23.437  1324  1324 D AndroidRuntime: CheckJNI is OFF
08-05 20:55:23.467  1324  1324 D ICU     : No timezone override file found: /data/misc/zoneinfo/current/icu/icu_tzdata.dat
08-05 20:55:23.497  1324  1324 I Radio-JNI: register_android_hardware_Radio DONE
08-05 20:55:23.514 32542 32563 I art     : Starting a blocking GC Explicit
08-05 20:55:23.518  1324  1324 D AndroidRuntime: Calling main entry com.android.commands.input.Input
08-05 20:55:23.519  1324  1324 I Input   : injectMotionEvent: MotionEvent { action=ACTION_DOWN, actionButton=0, id[0]=0, x[0]=600.0, y[0]=1200.0, toolType[0]=TOOL_TYPE_UNKNOWN, buttonState=0, metaState=0, flags=0x0, edgeFlags=0x0, pointerCount=1, historySize=0, eventTime=824139932, downTime=824139932, deviceId=0, source=0x1002 }
08-05 20:55:23.524  1324  1324 I Input   : injectMotionEvent: MotionEvent { action=ACTION_UP, actionButton=0, id[0]=0, x[0]=600.0, y[0]=1200.0, toolType[0]=TOOL_TYPE_UNKNOWN, buttonState=0, metaState=0, flags=0x0, edgeFlags=0x0, pointerCount=1, historySize=0, eventTime=824139932, downTime=824139932, deviceId=0, source=0x1002 }
08-05 20:55:23.525  1324  1324 D AndroidRuntime: Shutting down VM
08-05 20:55:23.537   512  2967 D audio_hw_primary: out_set_parameters: enter: usecase(1: low-latency-playback) kvpairs: routing=2
08-05 20:55:23.539   918  4400 I ActivityManager: START u0 {dat=https://oauth.reddit.com/... cmp=baseline.org.quantumbadger.redreader/.activities.CommentListingActivity} from uid 10689 on display 0
08-05 20:55:23.542 32542 32563 I art     : Explicit concurrent mark sweep GC freed 1544(88KB) AllocSpace objects, 1(20KB) LOS objects, 39% free, 24MB/40MB, paused 317us total 27.700ms
08-05 20:55:23.550   512  2967 D audio_hw_primary: select_devices: out_snd_device(2: speaker) in_snd_device(0: none)
08-05 20:55:23.550   512  2967 D msm8974_platform: platform_send_audio_calibration: sending audio calibration for snd_device(2) acdb_id(15)
08-05 20:55:23.551   512  2967 I soundtrigger: audio_extn_sound_trigger_update_device_status: device 0x2 of type 0 for Event 1
08-05 20:55:23.555 32542 32563 I art     : Starting a blocking GC Explicit
08-05 20:55:23.566   512  2967 D audio_hw_primary: enable_snd_device: snd_device(2: speaker)
08-05 20:55:23.566 32542 32542 I AppCompatViewInflater: app:theme is now deprecated. Please move to using android:theme instead.
08-05 20:55:23.568   512  2967 D audio_hw_primary: enable_audio_route: apply and update mixer path: low-latency-playback speaker
08-05 20:55:23.582 32542  1363 D OK      : calling: https://oauth.reddit.com/comments/hza888/.json?sort=confidence
08-05 20:55:23.588 32542 32563 I art     : Explicit concurrent mark sweep GC freed 1781(87KB) AllocSpace objects, 0(0B) LOS objects, 39% free, 24MB/40MB, paused 572us total 32.302ms
08-05 20:55:23.601 32542 32563 I art     : Starting a blocking GC Explicit
08-05 20:55:23.629 32542 32563 I art     : Explicit concurrent mark sweep GC freed 948(49KB) AllocSpace objects, 0(0B) LOS objects, 39% free, 25MB/41MB, paused 520us total 28.370ms
08-05 20:55:23.642 32542 32563 I art     : Starting a blocking GC Explicit
08-05 20:55:23.643   918   936 I ActivityManager: Displayed baseline.org.quantumbadger.redreader/.activities.CommentListingActivity: +95ms
08-05 20:55:23.643 13866 13866 I GoogleInputMethodServic: GoogleInputMethodService.onFinishInput():3138 
08-05 20:55:23.644 13866 13866 I GoogleInputMethodServic: GoogleInputMethodService.onStartInput():1808 
08-05 20:55:23.672 32542 32563 I art     : Explicit concurrent mark sweep GC freed 282(15KB) AllocSpace objects, 0(0B) LOS objects, 39% free, 25MB/41MB, paused 385us total 30.041ms
08-05 20:55:23.687 32542 32563 I art     : Starting a blocking GC Explicit
08-05 20:55:23.714 32542 32563 I art     : Explicit concurrent mark sweep GC freed 32(1488B) AllocSpace objects, 0(0B) LOS objects, 39% free, 25MB/41MB, paused 318us total 27.159ms
08-05 20:55:23.762   918   928 I AccountManagerService: getTypesVisibleToCaller: isPermitted? true
08-05 20:55:23.772   918  6029 I AccountManagerService: getTypesVisibleToCaller: isPermitted? true
08-05 20:55:23.776   918  3961 I AccountManagerService: getTypesVisibleToCaller: isPermitted? true
08-05 20:55:23.781   918  6029 I AccountManagerService: getTypesVisibleToCaller: isPermitted? true
08-05 20:55:23.787   918  3961 I AccountManagerService: getTypesVisibleToCaller: isPermitted? true
08-05 20:55:23.797   918  5481 I AccountManagerService: getTypesVisibleToCaller: isPermitted? true
08-05 20:55:23.802   918  3670 I AccountManagerService: getTypesVisibleToCaller: isPermitted? true
08-05 20:55:23.814   918  5132 I AccountManagerService: getTypesVisibleToCaller: isPermitted? true
08-05 20:55:23.822   918  6110 I AccountManagerService: getTypesVisibleToCaller: isPermitted? true
08-05 20:55:23.830   918  5952 I AccountManagerService: getTypesVisibleToCaller: isPermitted? true
08-05 20:55:23.837   918  6112 I AccountManagerService: getTypesVisibleToCaller: isPermitted? true
08-05 20:55:23.843   918   928 I AccountManagerService: getTypesVisibleToCaller: isPermitted? true
08-05 20:55:23.853   918  6029 I AccountManagerService: getTypesVisibleToCaller: isPermitted? true
08-05 20:55:23.858   918  3961 I AccountManagerService: getTypesVisibleToCaller: isPermitted? true
08-05 20:55:23.865   918  5481 I AccountManagerService: getTypesVisibleToCaller: isPermitted? true
08-05 20:55:23.872   918  3670 I AccountManagerService: getTypesVisibleToCaller: isPermitted? true
08-05 20:55:23.879   918  4400 I AccountManagerService: getTypesVisibleToCaller: isPermitted? true
08-05 20:55:23.886   918  6110 I AccountManagerService: getTypesVisibleToCaller: isPermitted? true
08-05 20:55:23.895   918  3359 I AccountManagerService: getTypesVisibleToCaller: isPermitted? true
08-05 20:55:23.899   380   380 W SurfaceFlinger: couldn't log to binary event log: overflow.
08-05 20:55:23.901   918  5952 I AccountManagerService: getTypesVisibleToCaller: isPermitted? true
08-05 20:55:23.910   918  3359 I AccountManagerService: getTypesVisibleToCaller: isPermitted? true
08-05 20:55:23.917   918  4400 I AccountManagerService: getTypesVisibleToCaller: isPermitted? true
08-05 20:55:23.922   918  3359 I AccountManagerService: getTypesVisibleToCaller: isPermitted? true
08-05 20:55:23.928   918  5952 I AccountManagerService: getTypesVisibleToCaller: isPermitted? true
08-05 20:55:23.929 32542  1363 I NAPPA_EXPERIMENTATION: MetricNetworkRequestExecutionTime: REQUEST_DURATION_SYSTEM='347',REQUEST_DURATION_OKHTTP='156',REQUEST_SYNCHRONOUS='TRUE',RESPONSE_CODE='200',RESPONSE_METHOD='GET',RESPONSE_LENGTH_OKHTTP='-1',RESPONSE_LENGTH_HEADER='21928',REQUEST_PROTOCOL='h2',REQUEST_URL='https://oauth.reddit.com/comments/hza888/.json?sort=confidence',
08-05 20:55:23.929 32542  1363 D OK      : request got status: 200
08-05 20:55:23.933   918  6111 I AccountManagerService: getTypesVisibleToCaller: isPermitted? true
08-05 20:55:23.937   918  4413 I AccountManagerService: getTypesVisibleToCaller: isPermitted? true
08-05 20:55:23.943   918  6112 I AccountManagerService: getTypesVisibleToCaller: isPermitted? true
08-05 20:55:23.949   918  5952 I AccountManagerService: getTypesVisibleToCaller: isPermitted? true
08-05 20:55:23.954   918  6111 I AccountManagerService: getTypesVisibleToCaller: isPermitted? true
08-05 20:55:23.958   918  4413 I AccountManagerService: getTypesVisibleToCaller: isPermitted? true
08-05 20:55:23.958 32542 32553 I art     : Starting a blocking GC Explicit
08-05 20:55:23.959  1326  1386 E gve     : Babel_SMS: canonicalizeMccMnc: invalid mccmnc 
08-05 20:55:23.963  1326  1386 E gve     : Babel_SMS: canonicalizeMccMnc: invalid mccmnc nullnull
08-05 20:55:23.964 32542   896 I CommentListingActivity: COMMENTS session changed to 0a8bf2d8-88c1-400f-97d0-a4a2aaee7c46
08-05 20:55:23.966   918  6112 I AccountManagerService: getTypesVisibleToCaller: isPermitted? true
08-05 20:55:23.976   918  4413 I AccountManagerService: getTypesVisibleToCaller: isPermitted? true
08-05 20:55:23.982   918  3696 I AccountManagerService: getTypesVisibleToCaller: isPermitted? true
08-05 20:55:23.988   918  3714 I AccountManagerService: getTypesVisibleToCaller: isPermitted? true
08-05 20:55:23.989 32542 32553 I art     : Explicit concurrent mark sweep GC freed 5748(307KB) AllocSpace objects, 1(20KB) LOS objects, 38% free, 25MB/41MB, paused 641us total 30.452ms
08-05 20:55:24.003 32542 32553 I art     : Starting a blocking GC Explicit
08-05 20:55:24.013   918  3670 I AccountManagerService: getTypesVisibleToCaller: isPermitted? true
08-05 20:55:24.036 32542 32553 I art     : Explicit concurrent mark sweep GC freed 2160(137KB) AllocSpace objects, 0(0B) LOS objects, 38% free, 25MB/41MB, paused 889us total 33.434ms
08-05 20:55:24.047 24365 12324 W Conscrypt: Could not set socket write timeout: java.net.SocketException: Socket closed
08-05 20:55:24.047 24365 12324 E art     : invalid stream - problem with parameter iterator in /data/app/com.google.android.gms-2/base.apk:classes3.dex for method void com.google.android.gms.org.conscrypt.ConscryptFileDescriptorSocket.setSoWriteTimeout(int)
08-05 20:55:24.048 24365 12324 W Conscrypt: 	at com.google.android.gms.org.conscrypt.Platform.setSocketWriteTimeout(:com.google.android.gms@202614019@20.26.14 (040400-320008519):2)
08-05 20:55:24.048 24365 12324 W Conscrypt: 	at com.google.android.gms.org.conscrypt.ConscryptFileDescriptorSocket.setSoWriteTimeout(:com.google.android.gms@202614019@20.26.14 (040400-320008519))
08-05 20:55:24.049 32542 32553 I art     : Starting a blocking GC Explicit
08-05 20:55:24.083 32542 32553 I art     : Explicit concurrent mark sweep GC freed 8155(495KB) AllocSpace objects, 1(68KB) LOS objects, 37% free, 26MB/42MB, paused 367us total 34.248ms
08-05 20:55:24.087 24365 12324 W Conscrypt: Could not set socket write timeout: java.net.SocketException: Socket closed
08-05 20:55:24.087 24365 12324 E art     : invalid stream - problem with parameter iterator in /data/app/com.google.android.gms-2/base.apk:classes3.dex for method void com.google.android.gms.org.conscrypt.ConscryptFileDescriptorSocket.setSoWriteTimeout(int)
08-05 20:55:24.088 24365 12324 W Conscrypt: 	at com.google.android.gms.org.conscrypt.Platform.setSocketWriteTimeout(:com.google.android.gms@202614019@20.26.14 (040400-320008519):2)
08-05 20:55:24.088 24365 12324 W Conscrypt: 	at com.google.android.gms.org.conscrypt.ConscryptFileDescriptorSocket.setSoWriteTimeout(:com.google.android.gms@202614019@20.26.14 (040400-320008519))
08-05 20:55:24.097 32542 32553 I art     : Starting a blocking GC Explicit
08-05 20:55:24.118   512  2967 D audio_hw_primary: disable_audio_route: reset and update mixer path: low-latency-playback speaker
08-05 20:55:24.119   512  2967 D audio_hw_primary: disable_snd_device: snd_device(2: speaker)
08-05 20:55:24.125   918  4413 I AccountManagerService: getTypesVisibleToCaller: isPermitted? true
08-05 20:55:24.130 32542 32553 I art     : Explicit concurrent mark sweep GC freed 1508(110KB) AllocSpace objects, 0(0B) LOS objects, 37% free, 26MB/42MB, paused 493us total 32.696ms
08-05 20:55:24.131   512  2967 I soundtrigger: audio_extn_sound_trigger_update_device_status: device 0x2 of type 0 for Event 0
08-05 20:55:24.144 32542 32553 I art     : Starting a blocking GC Explicit
08-05 20:55:24.158 24365 12324 E CCTUploader: Clearcut transport failed to make network request. Use 143 milliseconds.
08-05 20:55:24.158 24365 12324 E CCTUploader: java.io.IOException: unexpected end of stream on Connection{play.googleapis.com:443, proxy=HTTP@192.168.2.12:8080 hostAddress=192.168.2.12 cipherSuite=TLS_AES_256_GCM_SHA384 protocol=http/1.1} (recycle count=0)
08-05 20:55:24.158 24365 12324 E CCTUploader: 	at com.android.okhttp.internal.http.HttpConnection.readResponse(HttpConnection.java:210)
08-05 20:55:24.158 24365 12324 E CCTUploader: 	at com.android.okhttp.internal.http.HttpTransport.readResponseHeaders(HttpTransport.java:80)
08-05 20:55:24.158 24365 12324 E CCTUploader: 	at com.android.okhttp.internal.http.HttpEngine.readNetworkResponse(HttpEngine.java:904)
08-05 20:55:24.158 24365 12324 E CCTUploader: 	at com.android.okhttp.internal.http.HttpEngine.readResponse(HttpEngine.java:788)
08-05 20:55:24.158 24365 12324 E CCTUploader: 	at com.android.okhttp.internal.huc.HttpURLConnectionImpl.execute(HttpURLConnectionImpl.java:439)
08-05 20:55:24.158 24365 12324 E CCTUploader: 	at com.android.okhttp.internal.huc.HttpURLConnectionImpl.getResponse(HttpURLConnectionImpl.java:384)
08-05 20:55:24.158 24365 12324 E CCTUploader: 	at com.android.okhttp.internal.huc.HttpURLConnectionImpl.getResponseCode(HttpURLConnectionImpl.java:497)
08-05 20:55:24.158 24365 12324 E CCTUploader: 	at com.android.okhttp.internal.huc.DelegatingHttpsURLConnection.getResponseCode(DelegatingHttpsURLConnection.java:105)
08-05 20:55:24.158 24365 12324 E CCTUploader: 	at com.android.okhttp.internal.huc.HttpsURLConnectionImpl.getResponseCode(HttpsURLConnectionImpl.java)
08-05 20:55:24.158 24365 12324 E CCTUploader: 	at aboy.a(:com.google.android.gms@202614019@20.26.14 (040400-320008519):29)
08-05 20:55:24.158 24365 12324 E CCTUploader: 	at aboy.execute(:com.google.android.gms@202614019@20.26.14 (040400-320008519):8)
08-05 20:55:24.158 24365 12324 E CCTUploader: 	at aboy.execute(:com.google.android.gms@202614019@20.26.14 (040400-320008519):7)
08-05 20:55:24.158 24365 12324 E CCTUploader: 	at rbc.a(:com.google.android.gms@202614019@20.26.14 (040400-320008519):7)
08-05 20:55:24.158 24365 12324 E CCTUploader: 	at rbc.a(:com.google.android.gms@202614019@20.26.14 (040400-320008519):30)
08-05 20:55:24.158 24365 12324 E CCTUploader: 	at com.google.android.gms.clearcut.uploader.QosUploaderChimeraService.a(:com.google.android.gms@202614019@20.26.14 (040400-320008519):110)
08-05 20:55:24.158 24365 12324 E CCTUploader: 	at com.google.android.gms.clearcut.uploader.QosUploaderChimeraService.a(:com.google.android.gms@202614019@20.26.14 (040400-320008519):2)
08-05 20:55:24.158 24365 12324 E CCTUploader: 	at aegr.call(Unknown Source)
08-05 20:55:24.158 24365 12324 E CCTUploader: 	at java.util.concurrent.FutureTask.run(FutureTask.java:237)
08-05 20:55:24.158 24365 12324 E CCTUploader: 	at skp.b(:com.google.android.gms@202614019@20.26.14 (040400-320008519):12)
08-05 20:55:24.158 24365 12324 E CCTUploader: 	at skp.run(:com.google.android.gms@202614019@20.26.14 (040400-320008519):7)
08-05 20:55:24.158 24365 12324 E CCTUploader: 	at java.util.concurrent.ThreadPoolExecutor.runWorker(ThreadPoolExecutor.java:1113)
08-05 20:55:24.158 24365 12324 E CCTUploader: 	at java.util.concurrent.ThreadPoolExecutor$Worker.run(ThreadPoolExecutor.java:588)
08-05 20:55:24.158 24365 12324 E CCTUploader: 	at sql.run(:com.google.android.gms@202614019@20.26.14 (040400-320008519):0)
08-05 20:55:24.158 24365 12324 E CCTUploader: 	at java.lang.Thread.run(Thread.java:818)
08-05 20:55:24.158 24365 12324 E CCTUploader: Caused by: java.io.EOFException: \n not found: size=0 content=...
08-05 20:55:24.158 24365 12324 E CCTUploader: 	at com.android.okhttp.okio.RealBufferedSource.readUtf8LineStrict(RealBufferedSource.java:200)
08-05 20:55:24.158 24365 12324 E CCTUploader: 	at com.android.okhttp.internal.http.HttpConnection.readResponse(HttpConnection.java:191)
08-05 20:55:24.158 24365 12324 E CCTUploader: 	... 23 more
08-05 20:55:24.176 32542 32553 I art     : Explicit concurrent mark sweep GC freed 3989(178KB) AllocSpace objects, 1(68KB) LOS objects, 37% free, 26MB/42MB, paused 302us total 31.848ms
08-05 20:55:24.212  1326  1414 E gve     : Babel_ConcService: No valid Tag name
08-05 20:55:24.247   918   927 I art     : Background partial concurrent mark sweep GC freed 91983(10MB) AllocSpace objects, 222(4MB) LOS objects, 18% free, 69MB/85MB, paused 1.490ms total 173.586ms
08-05 20:55:24.439 32542 32563 I art     : Starting a blocking GC Explicit
08-05 20:55:24.473 32542 32563 I art     : Explicit concurrent mark sweep GC freed 1387(90KB) AllocSpace objects, 1(20KB) LOS objects, 37% free, 26MB/42MB, paused 254us total 33.698ms
08-05 20:55:24.486 32542 32563 I art     : Starting a blocking GC Explicit
08-05 20:55:24.518 32542 32563 I art     : Explicit concurrent mark sweep GC freed 35(1264B) AllocSpace objects, 0(0B) LOS objects, 37% free, 26MB/42MB, paused 230us total 31.529ms
08-05 20:55:24.531 32542 32563 I art     : Starting a blocking GC Explicit
08-05 20:55:24.563 32542 32563 I art     : Explicit concurrent mark sweep GC freed 3(96B) AllocSpace objects, 0(0B) LOS objects, 37% free, 26MB/42MB, paused 229us total 31.459ms
08-05 20:55:24.576 32542 32563 I art     : Starting a blocking GC Explicit
08-05 20:55:24.607 32542 32563 I art     : Explicit concurrent mark sweep GC freed 3(96B) AllocSpace objects, 0(0B) LOS objects, 37% free, 26MB/42MB, paused 301us total 31.048ms
08-05 20:55:24.611 24365 17236 I NetworkScheduler.Stats: Task com.google.android.gms/com.google.android.gms.clearcut.uploader.QosUploaderService finished executing. cause:5 result: 2 elapsed_millis: 1223 uptime_millis: 1223 exec_start_elapsed_seconds: 1807527 [CONTEXT service_id=218 ]
08-05 20:55:24.620 32542 32563 I art     : Starting a blocking GC Explicit
08-05 20:55:24.650 32542 32563 I art     : Explicit concurrent mark sweep GC freed 3(96B) AllocSpace objects, 0(0B) LOS objects, 37% free, 26MB/42MB, paused 212us total 30.228ms
08-05 20:55:24.735 24365 24372 I art     : Background sticky concurrent mark sweep GC freed 185637(14MB) AllocSpace objects, 7(260KB) LOS objects, 25% free, 42MB/57MB, paused 7.013ms total 58.636ms
08-05 20:55:24.925 32542 32555 I art     : Starting a blocking GC Explicit
08-05 20:55:24.968 32542 32555 I art     : Explicit concurrent mark sweep GC freed 1389(82KB) AllocSpace objects, 1(20KB) LOS objects, 37% free, 26MB/42MB, paused 263us total 43.411ms
08-05 20:55:24.983 32542 32555 I art     : Starting a blocking GC Explicit
08-05 20:55:25.022 32542 32555 I art     : Explicit concurrent mark sweep GC freed 20(704B) AllocSpace objects, 0(0B) LOS objects, 37% free, 26MB/42MB, paused 250us total 39.230ms
08-05 20:55:25.037 32542 32555 I art     : Starting a blocking GC Explicit
08-05 20:55:25.076 32542 32555 I art     : Explicit concurrent mark sweep GC freed 3(96B) AllocSpace objects, 0(0B) LOS objects, 37% free, 26MB/42MB, paused 268us total 39.408ms
08-05 20:55:25.091 32542 32555 I art     : Starting a blocking GC Explicit
08-05 20:55:25.130 32542 32555 I art     : Explicit concurrent mark sweep GC freed 3(96B) AllocSpace objects, 0(0B) LOS objects, 37% free, 26MB/42MB, paused 240us total 38.617ms
08-05 20:55:25.144 32542 32555 I art     : Starting a blocking GC Explicit
08-05 20:55:25.183 32542 32555 I art     : Explicit concurrent mark sweep GC freed 3(96B) AllocSpace objects, 0(0B) LOS objects, 37% free, 26MB/42MB, paused 251us total 38.998ms
08-05 20:55:25.231   518   646 I ThermalEngine: ACTION: GPU - Setting GPU[0] to 450000000
08-05 20:55:25.504 32542 32553 I art     : Starting a blocking GC Explicit
08-05 20:55:25.566 32542 32553 I art     : Explicit concurrent mark sweep GC freed 1343(80KB) AllocSpace objects, 1(20KB) LOS objects, 37% free, 26MB/42MB, paused 376us total 61.190ms
08-05 20:55:25.586 32542 32553 I art     : Starting a blocking GC Explicit
08-05 20:55:25.638 32542 32553 I art     : Explicit concurrent mark sweep GC freed 20(704B) AllocSpace objects, 0(0B) LOS objects, 37% free, 26MB/42MB, paused 350us total 52.301ms
08-05 20:55:25.658 32542 32553 I art     : Starting a blocking GC Explicit
08-05 20:55:25.712 32542 32553 I art     : Explicit concurrent mark sweep GC freed 3(96B) AllocSpace objects, 0(0B) LOS objects, 37% free, 26MB/42MB, paused 376us total 54.013ms
08-05 20:55:25.734 32542 32553 I art     : Starting a blocking GC Explicit
08-05 20:55:25.784 32542 32553 I art     : Explicit concurrent mark sweep GC freed 3(96B) AllocSpace objects, 0(0B) LOS objects, 37% free, 26MB/42MB, paused 338us total 49.333ms
08-05 20:55:25.804 32542 32553 I art     : Starting a blocking GC Explicit
08-05 20:55:25.846 32542 32553 I art     : Explicit concurrent mark sweep GC freed 3(96B) AllocSpace objects, 0(0B) LOS objects, 37% free, 26MB/42MB, paused 348us total 41.799ms
08-05 20:55:26.157 32542   460 I art     : Starting a blocking GC Explicit
08-05 20:55:26.209 32542   460 I art     : Explicit concurrent mark sweep GC freed 1343(80KB) AllocSpace objects, 1(20KB) LOS objects, 37% free, 26MB/42MB, paused 418us total 51.160ms
08-05 20:55:26.229 32542   460 I art     : Starting a blocking GC Explicit
08-05 20:55:26.279 32542   460 I art     : Explicit concurrent mark sweep GC freed 20(704B) AllocSpace objects, 0(0B) LOS objects, 37% free, 26MB/42MB, paused 370us total 49.278ms
08-05 20:55:26.297 32542   460 I art     : Starting a blocking GC Explicit
08-05 20:55:26.321  1448  1448 D AndroidRuntime: >>>>>> START com.android.internal.os.RuntimeInit uid 2000 <<<<<<
08-05 20:55:26.327  1448  1448 D AndroidRuntime: CheckJNI is OFF
08-05 20:55:26.347 32542   460 I art     : Explicit concurrent mark sweep GC freed 3(96B) AllocSpace objects, 0(0B) LOS objects, 37% free, 26MB/42MB, paused 367us total 48.961ms
08-05 20:55:26.365 32542   460 I art     : Starting a blocking GC Explicit
08-05 20:55:26.374  1448  1448 D ICU     : No timezone override file found: /data/misc/zoneinfo/current/icu/icu_tzdata.dat
08-05 20:55:26.412 32542   460 I art     : Explicit concurrent mark sweep GC freed 3(96B) AllocSpace objects, 0(0B) LOS objects, 37% free, 26MB/42MB, paused 355us total 47.230ms
08-05 20:55:26.422  1448  1448 I Radio-JNI: register_android_hardware_Radio DONE
08-05 20:55:26.431 32542   460 I art     : Starting a blocking GC Explicit
08-05 20:55:26.452  1448  1448 D AndroidRuntime: Calling main entry com.android.commands.input.Input
08-05 20:55:26.454  1448  1448 I Input   : injectKeyEvent: KeyEvent { action=ACTION_DOWN, keyCode=KEYCODE_BACK, scanCode=0, metaState=0, flags=0x0, repeatCount=0, eventTime=824142867, downTime=824142867, deviceId=-1, source=0x101 }
08-05 20:55:26.461  1448  1448 I Input   : injectKeyEvent: KeyEvent { action=ACTION_UP, keyCode=KEYCODE_BACK, scanCode=0, metaState=0, flags=0x0, repeatCount=0, eventTime=824142867, downTime=824142867, deviceId=-1, source=0x101 }
08-05 20:55:26.467  1448  1448 D AndroidRuntime: Shutting down VM
08-05 20:55:26.477 32542   460 I art     : Explicit concurrent mark sweep GC freed 107(3KB) AllocSpace objects, 0(0B) LOS objects, 37% free, 26MB/42MB, paused 448us total 46.320ms
08-05 20:55:26.511 13866 13866 I GoogleInputMethodServic: GoogleInputMethodService.onFinishInput():3138 
08-05 20:55:26.511 13866 13866 I GoogleInputMethodServic: GoogleInputMethodService.onStartInput():1808 
08-05 20:55:26.778 32542 32563 I art     : Starting a blocking GC Explicit
08-05 20:55:26.818   380   380 W SurfaceFlinger: couldn't log to binary event log: overflow.
08-05 20:55:26.822 13866 13882 I PeriodicStatsRunner: PeriodicStatsRunner.call():175 call()
08-05 20:55:26.824 13866 13882 I PeriodicStatsRunner: PeriodicStatsRunner.call():179 No submit PeriodicStats since input started.
08-05 20:55:26.831 32542 32563 I art     : Explicit concurrent mark sweep GC freed 1526(86KB) AllocSpace objects, 1(20KB) LOS objects, 37% free, 26MB/42MB, paused 419us total 52.019ms
08-05 20:55:26.850 32542 32563 I art     : Starting a blocking GC Explicit
08-05 20:55:26.895 32542 32563 I art     : Explicit concurrent mark sweep GC freed 44(1760B) AllocSpace objects, 0(0B) LOS objects, 37% free, 26MB/42MB, paused 350us total 44.686ms
08-05 20:55:26.913 32542 32563 I art     : Starting a blocking GC Explicit
08-05 20:55:26.953 32542 32563 I art     : Explicit concurrent mark sweep GC freed 22976(1247KB) AllocSpace objects, 5(164KB) LOS objects, 39% free, 24MB/40MB, paused 330us total 39.926ms
08-05 20:55:26.970 32542 32563 I art     : Starting a blocking GC Explicit
08-05 20:55:27.008 32542 32563 I art     : Explicit concurrent mark sweep GC freed 3(96B) AllocSpace objects, 0(0B) LOS objects, 39% free, 24MB/40MB, paused 340us total 37.231ms
08-05 20:55:27.025 32542 32563 I art     : Starting a blocking GC Explicit
08-05 20:55:27.063 32542 32563 I art     : Explicit concurrent mark sweep GC freed 3(96B) AllocSpace objects, 0(0B) LOS objects, 39% free, 24MB/40MB, paused 327us total 37.855ms
08-05 20:55:27.363 32542 32553 I art     : Starting a blocking GC Explicit
08-05 20:55:27.412 32542 32553 I art     : Explicit concurrent mark sweep GC freed 1347(80KB) AllocSpace objects, 1(20KB) LOS objects, 39% free, 24MB/40MB, paused 365us total 48.963ms
08-05 20:55:27.432 32542 32553 I art     : Starting a blocking GC Explicit
08-05 20:55:27.471 32542 32553 I art     : Explicit concurrent mark sweep GC freed 20(704B) AllocSpace objects, 0(0B) LOS objects, 39% free, 24MB/40MB, paused 339us total 38.365ms
08-05 20:55:27.488 32542 32553 I art     : Starting a blocking GC Explicit
08-05 20:55:27.525 32542 32553 I art     : Explicit concurrent mark sweep GC freed 3(96B) AllocSpace objects, 0(0B) LOS objects, 39% free, 24MB/40MB, paused 346us total 36.796ms
08-05 20:55:27.542 32542 32553 I art     : Starting a blocking GC Explicit
08-05 20:55:27.580 32542 32553 I art     : Explicit concurrent mark sweep GC freed 3(96B) AllocSpace objects, 0(0B) LOS objects, 39% free, 24MB/40MB, paused 339us total 37.763ms
08-05 20:55:27.597 32542 32553 I art     : Starting a blocking GC Explicit
08-05 20:55:27.636 32542 32553 I art     : Explicit concurrent mark sweep GC freed 3(96B) AllocSpace objects, 0(0B) LOS objects, 39% free, 24MB/40MB, paused 348us total 38.296ms
08-05 20:55:27.915 32542   460 I art     : Starting a blocking GC Explicit
08-05 20:55:27.959 32542   460 I art     : Explicit concurrent mark sweep GC freed 1344(80KB) AllocSpace objects, 1(20KB) LOS objects, 39% free, 24MB/40MB, paused 433us total 43.645ms
08-05 20:55:27.977 32542   460 I art     : Starting a blocking GC Explicit
08-05 20:55:28.015 32542   460 I art     : Explicit concurrent mark sweep GC freed 20(704B) AllocSpace objects, 0(0B) LOS objects, 39% free, 24MB/40MB, paused 357us total 38.178ms
08-05 20:55:28.033 32542   460 I art     : Starting a blocking GC Explicit
08-05 20:55:28.072 32542   460 I art     : Explicit concurrent mark sweep GC freed 3(96B) AllocSpace objects, 0(0B) LOS objects, 39% free, 24MB/40MB, paused 354us total 39.034ms
08-05 20:55:28.090 32542   460 I art     : Starting a blocking GC Explicit
08-05 20:55:28.130 32542   460 I art     : Explicit concurrent mark sweep GC freed 3(96B) AllocSpace objects, 0(0B) LOS objects, 39% free, 24MB/40MB, paused 347us total 39.627ms
08-05 20:55:28.147 32542   460 I art     : Starting a blocking GC Explicit
08-05 20:55:28.187 32542   460 I art     : Explicit concurrent mark sweep GC freed 3(96B) AllocSpace objects, 0(0B) LOS objects, 39% free, 24MB/40MB, paused 343us total 39.184ms
08-05 20:55:28.278  1495  1495 D AndroidRuntime: >>>>>> START com.android.internal.os.RuntimeInit uid 2000 <<<<<<
08-05 20:55:28.285  1495  1495 D AndroidRuntime: CheckJNI is OFF
08-05 20:55:28.336  1495  1495 D ICU     : No timezone override file found: /data/misc/zoneinfo/current/icu/icu_tzdata.dat
08-05 20:55:28.378  1495  1495 I Radio-JNI: register_android_hardware_Radio DONE
08-05 20:55:28.406  1495  1495 D AndroidRuntime: Calling main entry com.android.commands.input.Input
08-05 20:55:28.408  1495  1495 I Input   : injectMotionEvent: MotionEvent { action=ACTION_DOWN, actionButton=0, id[0]=0, x[0]=600.0, y[0]=950.0, toolType[0]=TOOL_TYPE_UNKNOWN, buttonState=0, metaState=0, flags=0x0, edgeFlags=0x0, pointerCount=1, historySize=0, eventTime=824144820, downTime=824144820, deviceId=0, source=0x1002 }
08-05 20:55:28.412  1495  1495 I Input   : injectMotionEvent: MotionEvent { action=ACTION_UP, actionButton=0, id[0]=0, x[0]=600.0, y[0]=950.0, toolType[0]=TOOL_TYPE_UNKNOWN, buttonState=0, metaState=0, flags=0x0, edgeFlags=0x0, pointerCount=1, historySize=0, eventTime=824144820, downTime=824144820, deviceId=0, source=0x1002 }
08-05 20:55:28.414  1495  1495 D AndroidRuntime: Shutting down VM
08-05 20:55:28.424   512  2967 D audio_hw_primary: out_set_parameters: enter: usecase(1: low-latency-playback) kvpairs: routing=2
08-05 20:55:28.430   918  3670 I ActivityManager: START u0 {dat=https://oauth.reddit.com/... cmp=baseline.org.quantumbadger.redreader/.activities.CommentListingActivity} from uid 10689 on display 0
08-05 20:55:28.437   512  2967 D audio_hw_primary: select_devices: out_snd_device(2: speaker) in_snd_device(0: none)
08-05 20:55:28.438   512  2967 D msm8974_platform: platform_send_audio_calibration: sending audio calibration for snd_device(2) acdb_id(15)
08-05 20:55:28.438   512  2967 I soundtrigger: audio_extn_sound_trigger_update_device_status: device 0x2 of type 0 for Event 1
08-05 20:55:28.449   512  2967 D audio_hw_primary: enable_snd_device: snd_device(2: speaker)
08-05 20:55:28.452   512  2967 D audio_hw_primary: enable_audio_route: apply and update mixer path: low-latency-playback speaker
08-05 20:55:28.456 32542 32542 I AppCompatViewInflater: app:theme is now deprecated. Please move to using android:theme instead.
08-05 20:55:28.477 32542   896 I CommentListingActivity: COMMENTS session changed to bd6593f4-4293-491b-8e4f-9cc6b1956388
08-05 20:55:28.484 32542  1481 I art     : Starting a blocking GC Explicit
08-05 20:55:28.520 32542  1481 I art     : Explicit concurrent mark sweep GC freed 6094(471KB) AllocSpace objects, 3(52KB) LOS objects, 38% free, 25MB/41MB, paused 715us total 35.776ms
08-05 20:55:28.533   918   936 I ActivityManager: Displayed baseline.org.quantumbadger.redreader/.activities.CommentListingActivity: +95ms
08-05 20:55:28.533 13866 13866 I GoogleInputMethodServic: GoogleInputMethodService.onFinishInput():3138 
08-05 20:55:28.534 13866 13866 I GoogleInputMethodServic: GoogleInputMethodService.onStartInput():1808 
08-05 20:55:28.536 32542  1481 I art     : Starting a blocking GC Explicit
08-05 20:55:28.549 32542  1362 I RedditChangeDataIO: Writing tmp data file at '/data/user/0/baseline.org.quantumbadger.redreader/files/rr_change_data_tmp.dat'
08-05 20:55:28.550 32542  1362 I RedditChangeDataManager: Taking snapshot...
08-05 20:55:28.550 32542  1362 I RedditChangeDataManager: Writing to stream...
08-05 20:55:28.550 32542  1362 I RedditChangeDataManager: Wrote 3 entries for user ''
08-05 20:55:28.550 32542  1362 I RedditChangeDataManager: All entries written to stream.
08-05 20:55:28.550 32542  1362 I RedditChangeDataIO: Write successful. Atomically replacing data file...
08-05 20:55:28.550 32542  1362 I RedditChangeDataIO: Write complete.
08-05 20:55:28.550 32542  1362 I RedditChangeDataIO: 86 bytes written in 1 ms
08-05 20:55:28.574 32542  1481 I art     : Explicit concurrent mark sweep GC freed 2229(115KB) AllocSpace objects, 1(68KB) LOS objects, 38% free, 25MB/41MB, paused 675us total 36.992ms
08-05 20:55:28.592 32542  1481 I art     : Starting a blocking GC Explicit
08-05 20:55:28.635 32542  1481 I art     : Explicit concurrent mark sweep GC freed 159(5KB) AllocSpace objects, 0(0B) LOS objects, 38% free, 25MB/41MB, paused 352us total 42.396ms
08-05 20:55:28.644 13866 13882 I PeriodicStatsRunner: PeriodicStatsRunner.call():175 call()
08-05 20:55:28.644 13866 13882 I PeriodicStatsRunner: PeriodicStatsRunner.call():179 No submit PeriodicStats since input started.
08-05 20:55:28.653 32542  1481 I art     : Starting a blocking GC Explicit
08-05 20:55:28.689 32542  1481 I art     : Explicit concurrent mark sweep GC freed 18(768B) AllocSpace objects, 0(0B) LOS objects, 38% free, 25MB/41MB, paused 302us total 36.149ms
08-05 20:55:28.706 32542  1481 I art     : Starting a blocking GC Explicit
08-05 20:55:28.745 32542  1481 I art     : Explicit concurrent mark sweep GC freed 3(96B) AllocSpace objects, 0(0B) LOS objects, 38% free, 25MB/41MB, paused 297us total 39.253ms
08-05 20:55:28.788   380   380 W SurfaceFlinger: couldn't log to binary event log: overflow.
08-05 20:55:28.998   512  2967 D audio_hw_primary: disable_audio_route: reset and update mixer path: low-latency-playback speaker
08-05 20:55:28.999   512  2967 D audio_hw_primary: disable_snd_device: snd_device(2: speaker)
08-05 20:55:29.006   512  2967 I soundtrigger: audio_extn_sound_trigger_update_device_status: device 0x2 of type 0 for Event 0
08-05 20:55:29.035 32542   460 I art     : Starting a blocking GC Explicit
08-05 20:55:29.071 32542   460 I art     : Explicit concurrent mark sweep GC freed 1454(84KB) AllocSpace objects, 1(20KB) LOS objects, 38% free, 25MB/41MB, paused 278us total 36.087ms
08-05 20:55:29.087 32542   460 I art     : Starting a blocking GC Explicit
08-05 20:55:29.122 32542   460 I art     : Explicit concurrent mark sweep GC freed 226(35KB) AllocSpace objects, 0(0B) LOS objects, 38% free, 25MB/41MB, paused 276us total 34.840ms
08-05 20:55:29.140 32542   460 I art     : Starting a blocking GC Explicit
08-05 20:55:29.178 32542   460 I art     : Explicit concurrent mark sweep GC freed 114(4KB) AllocSpace objects, 0(0B) LOS objects, 38% free, 25MB/41MB, paused 301us total 37.799ms
08-05 20:55:29.195 32542   460 I art     : Starting a blocking GC Explicit
08-05 20:55:29.234 32542   460 I art     : Explicit concurrent mark sweep GC freed 3(96B) AllocSpace objects, 0(0B) LOS objects, 38% free, 25MB/41MB, paused 312us total 38.748ms
08-05 20:55:29.251 32542   460 I art     : Starting a blocking GC Explicit
08-05 20:55:29.292 32542   460 I art     : Explicit concurrent mark sweep GC freed 3(96B) AllocSpace objects, 0(0B) LOS objects, 38% free, 25MB/41MB, paused 311us total 40.055ms
08-05 20:55:29.583 32542 32553 I art     : Starting a blocking GC Explicit
08-05 20:55:29.632 32542 32553 I art     : Explicit concurrent mark sweep GC freed 1343(80KB) AllocSpace objects, 1(20KB) LOS objects, 38% free, 25MB/41MB, paused 351us total 48.265ms
08-05 20:55:29.653 32542 32553 I art     : Starting a blocking GC Explicit
08-05 20:55:29.696 32542 32553 I art     : Explicit concurrent mark sweep GC freed 20(704B) AllocSpace objects, 0(0B) LOS objects, 38% free, 25MB/41MB, paused 313us total 42.914ms
08-05 20:55:29.714 32542 32553 I art     : Starting a blocking GC Explicit
08-05 20:55:29.754 32542 32553 I art     : Explicit concurrent mark sweep GC freed 3(96B) AllocSpace objects, 0(0B) LOS objects, 38% free, 25MB/41MB, paused 299us total 39.077ms
08-05 20:55:29.771 32542 32553 I art     : Starting a blocking GC Explicit
08-05 20:55:29.811 32542 32553 I art     : Explicit concurrent mark sweep GC freed 3(96B) AllocSpace objects, 0(0B) LOS objects, 38% free, 25MB/41MB, paused 317us total 39.713ms
08-05 20:55:29.829 32542 32553 I art     : Starting a blocking GC Explicit
08-05 20:55:29.869 32542 32553 I art     : Explicit concurrent mark sweep GC freed 3(96B) AllocSpace objects, 0(0B) LOS objects, 38% free, 25MB/41MB, paused 322us total 39.665ms
08-05 20:55:30.162 32542  1481 I art     : Starting a blocking GC Explicit
08-05 20:55:30.219 32542  1481 I art     : Explicit concurrent mark sweep GC freed 1343(80KB) AllocSpace objects, 1(20KB) LOS objects, 38% free, 25MB/41MB, paused 322us total 56.921ms
08-05 20:55:30.239 32542  1481 I art     : Starting a blocking GC Explicit
08-05 20:55:30.283 32542  1481 I art     : Explicit concurrent mark sweep GC freed 20(704B) AllocSpace objects, 0(0B) LOS objects, 38% free, 25MB/41MB, paused 285us total 44.222ms
08-05 20:55:30.301 32542  1481 I art     : Starting a blocking GC Explicit
08-05 20:55:30.345 32542  1481 I art     : Explicit concurrent mark sweep GC freed 3(96B) AllocSpace objects, 0(0B) LOS objects, 38% free, 25MB/41MB, paused 303us total 43.743ms
08-05 20:55:30.364 32542  1481 I art     : Starting a blocking GC Explicit
08-05 20:55:30.408 32542  1481 I art     : Explicit concurrent mark sweep GC freed 3(96B) AllocSpace objects, 0(0B) LOS objects, 38% free, 25MB/41MB, paused 345us total 44.076ms
08-05 20:55:30.429 32542  1481 I art     : Starting a blocking GC Explicit
08-05 20:55:30.475 32542  1481 I art     : Explicit concurrent mark sweep GC freed 3(96B) AllocSpace objects, 0(0B) LOS objects, 38% free, 25MB/41MB, paused 303us total 45.798ms
08-05 20:55:30.812 32542 32563 I art     : Starting a blocking GC Explicit
08-05 20:55:30.862 32542 32563 I art     : Explicit concurrent mark sweep GC freed 1343(80KB) AllocSpace objects, 1(20KB) LOS objects, 38% free, 25MB/41MB, paused 325us total 50.045ms
08-05 20:55:30.883 32542 32563 I art     : Starting a blocking GC Explicit
08-05 20:55:30.928 32542 32563 I art     : Explicit concurrent mark sweep GC freed 20(704B) AllocSpace objects, 0(0B) LOS objects, 38% free, 25MB/41MB, paused 300us total 44.888ms
08-05 20:55:30.947 32542 32563 I art     : Starting a blocking GC Explicit
08-05 20:55:30.991 32542 32563 I art     : Explicit concurrent mark sweep GC freed 3(96B) AllocSpace objects, 0(0B) LOS objects, 38% free, 25MB/41MB, paused 333us total 44.392ms
08-05 20:55:31.013 32542 32563 I art     : Starting a blocking GC Explicit
08-05 20:55:31.058 32542 32563 I art     : Explicit concurrent mark sweep GC freed 3(96B) AllocSpace objects, 0(0B) LOS objects, 38% free, 25MB/41MB, paused 312us total 44.887ms
08-05 20:55:31.076 32542 32563 I art     : Starting a blocking GC Explicit
08-05 20:55:31.120 32542 32563 I art     : Explicit concurrent mark sweep GC freed 3(96B) AllocSpace objects, 0(0B) LOS objects, 38% free, 25MB/41MB, paused 313us total 44.261ms
08-05 20:55:31.142   918  3359 I ActivityManager: Killing 5668:baseline.com.newsblur/u0a676 (adj 15): empty #17
08-05 20:55:31.157   918  3261 D WifiStateMachine: starting scan for "H369AA63323"WPA_PSK with 2412,5180
08-05 20:55:31.498 32542 32555 I art     : Starting a blocking GC Explicit
08-05 20:55:31.511 13866 13882 I PeriodicStatsRunner: PeriodicStatsRunner.call():175 call()
08-05 20:55:31.512 13866 13882 I PeriodicStatsRunner: PeriodicStatsRunner.call():179 No submit PeriodicStats since input started.
08-05 20:55:31.548 32542 32555 I art     : Explicit concurrent mark sweep GC freed 1343(80KB) AllocSpace objects, 1(20KB) LOS objects, 38% free, 25MB/41MB, paused 527us total 49.982ms
08-05 20:55:31.570 32542 32555 I art     : Starting a blocking GC Explicit
08-05 20:55:31.617 32542 32555 I art     : Explicit concurrent mark sweep GC freed 20(704B) AllocSpace objects, 0(0B) LOS objects, 38% free, 25MB/41MB, paused 418us total 46.608ms
08-05 20:55:31.635 32542 32555 I art     : Starting a blocking GC Explicit
08-05 20:55:31.679 32542 32555 I art     : Explicit concurrent mark sweep GC freed 3(96B) AllocSpace objects, 0(0B) LOS objects, 38% free, 25MB/41MB, paused 324us total 43.448ms
08-05 20:55:31.700 32542 32555 I art     : Starting a blocking GC Explicit
08-05 20:55:31.745 32542 32555 I art     : Explicit concurrent mark sweep GC freed 3(96B) AllocSpace objects, 0(0B) LOS objects, 38% free, 25MB/41MB, paused 331us total 44.035ms
08-05 20:55:31.763 32542 32555 I art     : Starting a blocking GC Explicit
08-05 20:55:31.806 32542 32555 I art     : Explicit concurrent mark sweep GC freed 3(96B) AllocSpace objects, 0(0B) LOS objects, 38% free, 25MB/41MB, paused 306us total 42.553ms
08-05 20:55:32.147 32542   460 I art     : Starting a blocking GC Explicit
08-05 20:55:32.201 32542   460 I art     : Explicit concurrent mark sweep GC freed 1343(80KB) AllocSpace objects, 1(20KB) LOS objects, 38% free, 25MB/41MB, paused 332us total 53.884ms
08-05 20:55:32.222 32542   460 I art     : Starting a blocking GC Explicit
08-05 20:55:32.262 32542   460 I art     : Explicit concurrent mark sweep GC freed 20(704B) AllocSpace objects, 0(0B) LOS objects, 38% free, 25MB/41MB, paused 305us total 39.199ms
08-05 20:55:32.279 32542   460 I art     : Starting a blocking GC Explicit
08-05 20:55:32.321 32542   460 I art     : Explicit concurrent mark sweep GC freed 3(96B) AllocSpace objects, 0(0B) LOS objects, 38% free, 25MB/41MB, paused 330us total 41.682ms
08-05 20:55:32.340 32542   460 I art     : Starting a blocking GC Explicit
08-05 20:55:32.384 32542   460 I art     : Explicit concurrent mark sweep GC freed 3(96B) AllocSpace objects, 0(0B) LOS objects, 38% free, 25MB/41MB, paused 320us total 44.229ms
08-05 20:55:32.402 32542   460 I art     : Starting a blocking GC Explicit
08-05 20:55:32.444 32542   460 I art     : Explicit concurrent mark sweep GC freed 3(96B) AllocSpace objects, 0(0B) LOS objects, 38% free, 25MB/41MB, paused 307us total 41.170ms
08-05 20:55:32.759 32542 32553 I art     : Starting a blocking GC Explicit
08-05 20:55:32.798 32542 32553 I art     : Explicit concurrent mark sweep GC freed 1345(80KB) AllocSpace objects, 1(20KB) LOS objects, 38% free, 25MB/41MB, paused 332us total 38.760ms
08-05 20:55:32.815 32542 32553 I art     : Starting a blocking GC Explicit
08-05 20:55:32.852 32542 32553 I art     : Explicit concurrent mark sweep GC freed 20(704B) AllocSpace objects, 0(0B) LOS objects, 38% free, 25MB/41MB, paused 315us total 36.672ms
08-05 20:55:32.870 32542 32553 I art     : Starting a blocking GC Explicit
08-05 20:55:32.911 32542 32553 I art     : Explicit concurrent mark sweep GC freed 3(96B) AllocSpace objects, 0(0B) LOS objects, 38% free, 25MB/41MB, paused 313us total 40.607ms
08-05 20:55:32.929 32542 32553 I art     : Starting a blocking GC Explicit
08-05 20:55:32.970 32542 32553 I art     : Explicit concurrent mark sweep GC freed 3(96B) AllocSpace objects, 0(0B) LOS objects, 38% free, 25MB/41MB, paused 309us total 41.037ms
08-05 20:55:32.987 32542 32553 I art     : Starting a blocking GC Explicit
08-05 20:55:33.029 32542 32553 I art     : Explicit concurrent mark sweep GC freed 3(96B) AllocSpace objects, 0(0B) LOS objects, 38% free, 25MB/41MB, paused 298us total 40.982ms
08-05 20:55:33.209  1598  1598 D AndroidRuntime: >>>>>> START com.android.internal.os.RuntimeInit uid 2000 <<<<<<
08-05 20:55:33.215  1598  1598 D AndroidRuntime: CheckJNI is OFF
08-05 20:55:33.244   518   646 I ThermalEngine: ACTION: GPU - Setting GPU[0] to 510000000
08-05 20:55:33.257  1598  1598 D ICU     : No timezone override file found: /data/misc/zoneinfo/current/icu/icu_tzdata.dat
08-05 20:55:33.297  1598  1598 I Radio-JNI: register_android_hardware_Radio DONE
08-05 20:55:33.319  1598  1598 D AndroidRuntime: Calling main entry com.android.commands.input.Input
08-05 20:55:33.320  1598  1598 I Input   : injectKeyEvent: KeyEvent { action=ACTION_DOWN, keyCode=KEYCODE_BACK, scanCode=0, metaState=0, flags=0x0, repeatCount=0, eventTime=824149733, downTime=824149733, deviceId=-1, source=0x101 }
08-05 20:55:33.326  1598  1598 I Input   : injectKeyEvent: KeyEvent { action=ACTION_UP, keyCode=KEYCODE_BACK, scanCode=0, metaState=0, flags=0x0, repeatCount=0, eventTime=824149733, downTime=824149733, deviceId=-1, source=0x101 }
08-05 20:55:33.331  1598  1598 D AndroidRuntime: Shutting down VM
08-05 20:55:33.356 32542  1481 I art     : Starting a blocking GC Explicit
08-05 20:55:33.365 13866 13866 I GoogleInputMethodServic: GoogleInputMethodService.onFinishInput():3138 
08-05 20:55:33.366 13866 13866 I GoogleInputMethodServic: GoogleInputMethodService.onStartInput():1808 
08-05 20:55:33.389 32542  1481 I art     : Explicit concurrent mark sweep GC freed 1559(88KB) AllocSpace objects, 1(20KB) LOS objects, 38% free, 25MB/41MB, paused 309us total 32.917ms
08-05 20:55:33.402 32542  1481 I art     : Starting a blocking GC Explicit
08-05 20:55:33.434 32542  1481 I art     : Explicit concurrent mark sweep GC freed 51(1712B) AllocSpace objects, 0(0B) LOS objects, 38% free, 25MB/41MB, paused 207us total 31.975ms
08-05 20:55:33.447 32542  1481 I art     : Starting a blocking GC Explicit
08-05 20:55:33.474 32542  1481 I art     : Explicit concurrent mark sweep GC freed 7(240B) AllocSpace objects, 0(0B) LOS objects, 38% free, 25MB/41MB, paused 211us total 26.679ms
08-05 20:55:33.487 32542  1481 I art     : Starting a blocking GC Explicit
08-05 20:55:33.516 32542  1481 I art     : Explicit concurrent mark sweep GC freed 3(96B) AllocSpace objects, 0(0B) LOS objects, 38% free, 25MB/41MB, paused 216us total 29.221ms
08-05 20:55:33.529 32542  1481 I art     : Starting a blocking GC Explicit
08-05 20:55:33.534 13866 13882 I PeriodicStatsRunner: PeriodicStatsRunner.call():175 call()
08-05 20:55:33.534 13866 13882 I PeriodicStatsRunner: PeriodicStatsRunner.call():179 No submit PeriodicStats since input started.
08-05 20:55:33.565 32542  1481 I art     : Explicit concurrent mark sweep GC freed 3(96B) AllocSpace objects, 0(0B) LOS objects, 38% free, 25MB/41MB, paused 239us total 35.476ms
08-05 20:55:33.692   380   380 W SurfaceFlinger: couldn't log to binary event log: overflow.
08-05 20:55:33.836 32542   460 I art     : Starting a blocking GC Explicit
08-05 20:55:33.874 32542   460 I art     : Explicit concurrent mark sweep GC freed 1395(82KB) AllocSpace objects, 1(20KB) LOS objects, 38% free, 25MB/41MB, paused 284us total 38.276ms
08-05 20:55:33.891 32542   460 I art     : Starting a blocking GC Explicit
08-05 20:55:33.923 32542   460 I art     : Explicit concurrent mark sweep GC freed 3855(310KB) AllocSpace objects, 5(140KB) LOS objects, 39% free, 24MB/40MB, paused 248us total 31.415ms
08-05 20:55:33.937 32542   460 I art     : Starting a blocking GC Explicit
08-05 20:55:33.968 32542   460 I art     : Explicit concurrent mark sweep GC freed 3(96B) AllocSpace objects, 0(0B) LOS objects, 39% free, 24MB/40MB, paused 241us total 31.551ms
08-05 20:55:33.982 32542   460 I art     : Starting a blocking GC Explicit
08-05 20:55:34.013 32542   460 I art     : Explicit concurrent mark sweep GC freed 3(96B) AllocSpace objects, 0(0B) LOS objects, 39% free, 24MB/40MB, paused 251us total 30.696ms
08-05 20:55:34.027 32542   460 I art     : Starting a blocking GC Explicit
08-05 20:55:34.058 32542   460 I art     : Explicit concurrent mark sweep GC freed 3(96B) AllocSpace objects, 0(0B) LOS objects, 39% free, 24MB/40MB, paused 238us total 31.456ms
08-05 20:55:34.295   918  3247 I InputReader: Reconfiguring input devices.  changes=0x00000010
08-05 20:55:34.306   918   918 W ResourceType: ResTable_typeSpec entry count inconsistent: given 83, previously 87
08-05 20:55:34.306   918   918 W ResourceType: ResTable_typeSpec entry count inconsistent: given 542, previously 2227
08-05 20:55:34.306   918   918 W ResourceType: ResTable_typeSpec entry count inconsistent: given 669, previously 1961
08-05 20:55:34.308   918   918 W ResourceType: ResTable_typeSpec entry count inconsistent: given 1967, previously 1961
08-05 20:55:34.309   918   918 W ResourceType: ResTable_typeSpec entry count inconsistent: given 386, previously 2092
08-05 20:55:34.309   918   918 W ResourceType: For resource 0x7f0805b8, entry index(1464) is beyond type entryCount(669)
08-05 20:55:34.310   918   918 W ResourceType: For resource 0x7f0805b8, entry index(1464) is beyond type entryCount(669)
08-05 20:55:34.311   918   918 W ResourceType: For resource 0x7f0805b8, entry index(1464) is beyond type entryCount(669)
08-05 20:55:34.315 15866 15866 I Finsky  : [1] uah.a(18): PackageMonitorReceiverImpl - Received: android.intent.action.PACKAGE_CHANGED, [6xenAgpwpEkTltaPdf95MQ21dEOZMDrVh3pUVXZo6GU]
08-05 20:55:34.315 15866 15866 I Finsky  : [1] ubi.d(9): Invalidating cached PackageState for com.google.android.talk
08-05 20:55:34.315 24365  1657 I Fitness : OnPackageChangedOperation got intent: Intent { act=android.intent.action.PACKAGE_CHANGED dat=package:com.google.android.talk flg=0x4000010 cmp=com.google.android.gms/.chimera.PersistentIntentOperationService (has extras) } [CONTEXT service_id=17 ]
08-05 20:55:34.324 15866 15866 I Finsky  : [1] lzi.c(2): Frosting ID looked up on UI thread. Caller should move to a background thread.
08-05 20:55:34.331 24365  1656 I Fitness : FitCleanupIntentOperation received Intent android.intent.action.PACKAGE_CHANGED [CONTEXT service_id=17 ]
08-05 20:55:34.361 32542 32553 I art     : Starting a blocking GC Explicit
08-05 20:55:34.382 15866 15866 I Finsky  : [1] lzi.c(2): Frosting ID looked up on UI thread. Caller should move to a background thread.
08-05 20:55:34.386 32542 32553 I art     : Explicit concurrent mark sweep GC freed 1343(80KB) AllocSpace objects, 1(20KB) LOS objects, 39% free, 24MB/40MB, paused 202us total 25.322ms
08-05 20:55:34.399 32542 32553 I art     : Starting a blocking GC Explicit
08-05 20:55:34.400 15866  1660 I Finsky  : [6267] lyv.run(-1): Wrote row to frosting DB: 2966
08-05 20:55:34.424 32542 32553 I art     : Explicit concurrent mark sweep GC freed 20(704B) AllocSpace objects, 0(0B) LOS objects, 39% free, 24MB/40MB, paused 246us total 25.460ms
08-05 20:55:34.437 32542 32553 I art     : Starting a blocking GC Explicit
08-05 20:55:34.463 32542 32553 I art     : Explicit concurrent mark sweep GC freed 3(96B) AllocSpace objects, 0(0B) LOS objects, 39% free, 24MB/40MB, paused 216us total 26.111ms
08-05 20:55:34.467 15866  1660 I Finsky  : [6267] lyv.run(-1): Wrote row to frosting DB: 2967
08-05 20:55:34.475 32542 32553 I art     : Starting a blocking GC Explicit
08-05 20:55:34.501 32542 32553 I art     : Explicit concurrent mark sweep GC freed 3(96B) AllocSpace objects, 0(0B) LOS objects, 39% free, 24MB/40MB, paused 208us total 25.461ms
08-05 20:55:34.513 32542 32553 I art     : Starting a blocking GC Explicit
08-05 20:55:34.539 32542 32553 I art     : Explicit concurrent mark sweep GC freed 3(96B) AllocSpace objects, 0(0B) LOS objects, 39% free, 24MB/40MB, paused 202us total 26.030ms
08-05 20:55:34.577 24577 13316 I Icing   : IndexChimeraService.getServiceInterface callingPackage=com.google.android.gms componentName=AppsCorpus serviceId=36
08-05 20:55:34.600 24577 11777 W Icing   : No valid account for uploading user actions
08-05 20:55:34.618 24577 13316 I Icing   : IndexChimeraService.getServiceInterface callingPackage=com.google.android.gms componentName=null serviceId=30
08-05 20:55:34.651 24577 11777 I Icing   : Usage reports ok 1, Failed Usage reports 0, indexed 0, rejected 0
08-05 20:55:34.655 24577 11777 W Icing   : No valid account for uploading user actions
08-05 20:55:34.656 24577 13316 I Icing   : IndexChimeraService.getServiceInterface callingPackage=com.google.android.gms componentName=null serviceId=36
08-05 20:55:34.666 24577 11777 I Icing   : Usage reports ok 0, Failed Usage reports 0, indexed 0, rejected 0
08-05 20:55:34.667 24577 11777 I Icing   : Indexing com.google.android.gms-internal.3p:MobileApplication from com.google.android.gms using seqno 763
08-05 20:55:34.689 24577 11777 W Icing   : No valid account for uploading user actions
08-05 20:55:34.697 24577 11777 I Icing   : Usage reports ok 0, Failed Usage reports 0, indexed 0, rejected 0
08-05 20:55:34.797 32542 32563 I art     : Starting a blocking GC Explicit
08-05 20:55:34.827 32542 32563 I art     : Explicit concurrent mark sweep GC freed 1343(80KB) AllocSpace objects, 1(20KB) LOS objects, 39% free, 24MB/40MB, paused 243us total 29.702ms
08-05 20:55:34.840 32542 32563 I art     : Starting a blocking GC Explicit
08-05 20:55:34.870 32542 32563 I art     : Explicit concurrent mark sweep GC freed 20(704B) AllocSpace objects, 0(0B) LOS objects, 39% free, 24MB/40MB, paused 226us total 29.829ms
08-05 20:55:34.883 32542 32563 I art     : Starting a blocking GC Explicit
08-05 20:55:34.913 32542 32563 I art     : Explicit concurrent mark sweep GC freed 3(96B) AllocSpace objects, 0(0B) LOS objects, 39% free, 24MB/40MB, paused 226us total 29.713ms
08-05 20:55:34.926 32542 32563 I art     : Starting a blocking GC Explicit
08-05 20:55:34.956 32542 32563 I art     : Explicit concurrent mark sweep GC freed 3(96B) AllocSpace objects, 0(0B) LOS objects, 39% free, 24MB/40MB, paused 218us total 29.878ms
08-05 20:55:34.960  1665  1665 D AndroidRuntime: >>>>>> START com.android.internal.os.RuntimeInit uid 2000 <<<<<<
08-05 20:55:34.965  1665  1665 D AndroidRuntime: CheckJNI is OFF
08-05 20:55:34.969 32542 32563 I art     : Starting a blocking GC Explicit
08-05 20:55:34.999 32542 32563 I art     : Explicit concurrent mark sweep GC freed 3(96B) AllocSpace objects, 0(0B) LOS objects, 39% free, 24MB/40MB, paused 243us total 28.979ms
08-05 20:55:34.999  1665  1665 D ICU     : No timezone override file found: /data/misc/zoneinfo/current/icu/icu_tzdata.dat
08-05 20:55:35.037  1665  1665 I Radio-JNI: register_android_hardware_Radio DONE
08-05 20:55:35.058  1665  1665 D AndroidRuntime: Calling main entry com.android.commands.input.Input
08-05 20:55:35.060  1665  1665 I Input   : injectMotionEvent: MotionEvent { action=ACTION_DOWN, actionButton=0, id[0]=0, x[0]=600.0, y[0]=700.0, toolType[0]=TOOL_TYPE_UNKNOWN, buttonState=0, metaState=0, flags=0x0, edgeFlags=0x0, pointerCount=1, historySize=0, eventTime=824151473, downTime=824151473, deviceId=0, source=0x1002 }
08-05 20:55:35.066  1665  1665 I Input   : injectMotionEvent: MotionEvent { action=ACTION_UP, actionButton=0, id[0]=0, x[0]=600.0, y[0]=700.0, toolType[0]=TOOL_TYPE_UNKNOWN, buttonState=0, metaState=0, flags=0x0, edgeFlags=0x0, pointerCount=1, historySize=0, eventTime=824151473, downTime=824151473, deviceId=0, source=0x1002 }
08-05 20:55:35.067  1665  1665 D AndroidRuntime: Shutting down VM
08-05 20:55:35.081   512  2967 D audio_hw_primary: out_set_parameters: enter: usecase(1: low-latency-playback) kvpairs: routing=2
08-05 20:55:35.083   918  6029 I ActivityManager: START u0 {dat=https://oauth.reddit.com/... cmp=baseline.org.quantumbadger.redreader/.activities.CommentListingActivity} from uid 10689 on display 0
08-05 20:55:35.096   512  2967 D audio_hw_primary: select_devices: out_snd_device(2: speaker) in_snd_device(0: none)
08-05 20:55:35.096   512  2967 D msm8974_platform: platform_send_audio_calibration: sending audio calibration for snd_device(2) acdb_id(15)
08-05 20:55:35.096   512  2967 I soundtrigger: audio_extn_sound_trigger_update_device_status: device 0x2 of type 0 for Event 1
08-05 20:55:35.105 32542 32542 I AppCompatViewInflater: app:theme is now deprecated. Please move to using android:theme instead.
08-05 20:55:35.107   512  2967 D audio_hw_primary: enable_snd_device: snd_device(2: speaker)
08-05 20:55:35.109   512  2967 D audio_hw_primary: enable_audio_route: apply and update mixer path: low-latency-playback speaker
08-05 20:55:35.121 32542   896 I CommentListingActivity: COMMENTS session changed to 032e30ec-bdb0-4919-8634-eec08aeb2b28
08-05 20:55:35.189 13866 13866 I GoogleInputMethodServic: GoogleInputMethodService.onFinishInput():3138 
08-05 20:55:35.189 13866 13866 I GoogleInputMethodServic: GoogleInputMethodService.onStartInput():1808 
08-05 20:55:35.190   918   936 I ActivityManager: Displayed baseline.org.quantumbadger.redreader/.activities.CommentListingActivity: +98ms
08-05 20:55:35.258 32542   460 I art     : Starting a blocking GC Explicit
08-05 20:55:35.309 32542   460 I art     : Explicit concurrent mark sweep GC freed 36995(2MB) AllocSpace objects, 4(72KB) LOS objects, 35% free, 28MB/44MB, paused 369us total 51.043ms
08-05 20:55:35.324 32542   460 I art     : Starting a blocking GC Explicit
08-05 20:55:35.369 32542   460 I art     : Explicit concurrent mark sweep GC freed 9492(633KB) AllocSpace objects, 0(0B) LOS objects, 35% free, 28MB/44MB, paused 280us total 44.025ms
08-05 20:55:35.383 32542   460 I art     : Starting a blocking GC Explicit
08-05 20:55:35.421 32542   460 I art     : Explicit concurrent mark sweep GC freed 19184(862KB) AllocSpace objects, 0(0B) LOS objects, 36% free, 27MB/43MB, paused 223us total 37.897ms
08-05 20:55:35.436 32542   460 I art     : Starting a blocking GC Explicit
08-05 20:55:35.444   380   380 W SurfaceFlinger: couldn't log to binary event log: overflow.
08-05 20:55:35.472 32542   460 I art     : Explicit concurrent mark sweep GC freed 9(448B) AllocSpace objects, 0(0B) LOS objects, 36% free, 27MB/43MB, paused 218us total 35.735ms
08-05 20:55:35.486 32542   460 I art     : Starting a blocking GC Explicit
08-05 20:55:35.521 32542   460 I art     : Explicit concurrent mark sweep GC freed 3(96B) AllocSpace objects, 0(0B) LOS objects, 36% free, 27MB/43MB, paused 212us total 35.215ms
08-05 20:55:35.640   512  2967 D audio_hw_primary: disable_audio_route: reset and update mixer path: low-latency-playback speaker
08-05 20:55:35.641   512  2967 D audio_hw_primary: disable_snd_device: snd_device(2: speaker)
08-05 20:55:35.649   512  2967 I soundtrigger: audio_extn_sound_trigger_update_device_status: device 0x2 of type 0 for Event 0
08-05 20:55:35.654 24577 31546 I Icing   : Indexing com.google.android.gms-apps from com.google.android.gms
08-05 20:55:35.702 24577 31546 I Icing   : Indexing done com.google.android.gms-apps
08-05 20:55:35.806 32542   460 I art     : Starting a blocking GC Explicit
08-05 20:55:35.845 32542   460 I art     : Explicit concurrent mark sweep GC freed 1436(83KB) AllocSpace objects, 1(20KB) LOS objects, 36% free, 27MB/43MB, paused 215us total 38.267ms
08-05 20:55:35.859 32542   460 I art     : Starting a blocking GC Explicit
08-05 20:55:35.896 32542   460 I art     : Explicit concurrent mark sweep GC freed 24(832B) AllocSpace objects, 0(0B) LOS objects, 36% free, 27MB/43MB, paused 217us total 37.495ms
08-05 20:55:35.911 32542   460 I art     : Starting a blocking GC Explicit
08-05 20:55:35.949 32542   460 I art     : Explicit concurrent mark sweep GC freed 3(96B) AllocSpace objects, 0(0B) LOS objects, 36% free, 27MB/43MB, paused 217us total 37.912ms
08-05 20:55:35.963 32542   460 I art     : Starting a blocking GC Explicit
08-05 20:55:36.003 32542   460 I art     : Explicit concurrent mark sweep GC freed 3(96B) AllocSpace objects, 0(0B) LOS objects, 36% free, 27MB/43MB, paused 224us total 39.526ms
08-05 20:55:36.019 32542   460 I art     : Starting a blocking GC Explicit
08-05 20:55:36.062 32542   460 I art     : Explicit concurrent mark sweep GC freed 3(96B) AllocSpace objects, 0(0B) LOS objects, 36% free, 27MB/43MB, paused 247us total 43.556ms
08-05 20:55:36.254   518   646 I ThermalEngine: ACTION: GPU - Setting GPU[0] to 450000000
08-05 20:55:36.361 32542 32563 I art     : Starting a blocking GC Explicit
08-05 20:55:36.426 32542 32563 I art     : Explicit concurrent mark sweep GC freed 1343(80KB) AllocSpace objects, 1(20KB) LOS objects, 36% free, 27MB/43MB, paused 325us total 64.939ms
08-05 20:55:36.451 32542 32563 I art     : Starting a blocking GC Explicit
08-05 20:55:36.503 32542 32563 I art     : Explicit concurrent mark sweep GC freed 66(2528B) AllocSpace objects, 0(0B) LOS objects, 36% free, 27MB/43MB, paused 316us total 52.215ms
08-05 20:55:36.523 32542 32563 I art     : Starting a blocking GC Explicit
08-05 20:55:36.582 32542 32563 I art     : Explicit concurrent mark sweep GC freed 3(96B) AllocSpace objects, 0(0B) LOS objects, 36% free, 27MB/43MB, paused 334us total 58.452ms
08-05 20:55:36.583 32542 32552 I art     : WaitForGcToComplete blocked for 34.202ms for cause HeapTrim
08-05 20:55:36.606 32542 32563 I art     : Starting a blocking GC Explicit
08-05 20:55:36.661 32542 32563 I art     : Explicit concurrent mark sweep GC freed 3(96B) AllocSpace objects, 0(0B) LOS objects, 36% free, 27MB/43MB, paused 309us total 54.894ms
08-05 20:55:36.681 32542 32563 I art     : Starting a blocking GC Explicit
08-05 20:55:36.735 32542 32563 I art     : Explicit concurrent mark sweep GC freed 3(96B) AllocSpace objects, 0(0B) LOS objects, 36% free, 27MB/43MB, paused 335us total 53.362ms
08-05 20:55:37.069 32542  1481 I art     : Starting a blocking GC Explicit
08-05 20:55:37.136 32542  1481 I art     : Explicit concurrent mark sweep GC freed 1343(80KB) AllocSpace objects, 1(20KB) LOS objects, 36% free, 27MB/43MB, paused 333us total 66.120ms
08-05 20:55:37.161 32542  1481 I art     : Starting a blocking GC Explicit
08-05 20:55:37.221 32542  1481 I art     : Explicit concurrent mark sweep GC freed 20(704B) AllocSpace objects, 0(0B) LOS objects, 36% free, 27MB/43MB, paused 309us total 60.175ms
08-05 20:55:37.244 32542  1481 I art     : Starting a blocking GC Explicit
08-05 20:55:37.303 32542  1481 I art     : Explicit concurrent mark sweep GC freed 3(96B) AllocSpace objects, 0(0B) LOS objects, 36% free, 27MB/43MB, paused 328us total 58.715ms
08-05 20:55:37.324 32542  1481 I art     : Starting a blocking GC Explicit
08-05 20:55:37.387 32542  1481 I art     : Explicit concurrent mark sweep GC freed 3(96B) AllocSpace objects, 0(0B) LOS objects, 36% free, 27MB/43MB, paused 354us total 62.897ms
08-05 20:55:37.410 32542  1481 I art     : Starting a blocking GC Explicit
08-05 20:55:37.471 32542  1481 I art     : Explicit concurrent mark sweep GC freed 3(96B) AllocSpace objects, 0(0B) LOS objects, 36% free, 27MB/43MB, paused 321us total 60.069ms
08-05 20:55:37.828 32542   460 I art     : Starting a blocking GC Explicit
08-05 20:55:37.890 32542   460 I art     : Explicit concurrent mark sweep GC freed 1343(80KB) AllocSpace objects, 1(20KB) LOS objects, 36% free, 27MB/43MB, paused 324us total 61.355ms
08-05 20:55:37.910 32542   460 I art     : Starting a blocking GC Explicit
08-05 20:55:37.968 32542   460 I art     : Explicit concurrent mark sweep GC freed 20(704B) AllocSpace objects, 0(0B) LOS objects, 36% free, 27MB/43MB, paused 378us total 57.844ms
08-05 20:55:37.992 32542   460 I art     : Starting a blocking GC Explicit
08-05 20:55:38.057 32542   460 I art     : Explicit concurrent mark sweep GC freed 3(96B) AllocSpace objects, 0(0B) LOS objects, 36% free, 27MB/43MB, paused 360us total 64.313ms
08-05 20:55:38.080 32542   460 I art     : Starting a blocking GC Explicit
08-05 20:55:38.140 32542   460 I art     : Explicit concurrent mark sweep GC freed 3(96B) AllocSpace objects, 0(0B) LOS objects, 36% free, 27MB/43MB, paused 324us total 59.481ms
08-05 20:55:38.160 32542   460 I art     : Starting a blocking GC Explicit
08-05 20:55:38.224 32542   460 I art     : Explicit concurrent mark sweep GC freed 3(96B) AllocSpace objects, 0(0B) LOS objects, 36% free, 27MB/43MB, paused 369us total 63.897ms
08-05 20:55:38.368 13866 13882 I PeriodicStatsRunner: PeriodicStatsRunner.call():175 call()
08-05 20:55:38.369 13866 13882 I PeriodicStatsRunner: PeriodicStatsRunner.call():179 No submit PeriodicStats since input started.
08-05 20:55:38.582 32542 32553 I art     : Starting a blocking GC Explicit
08-05 20:55:38.654 32542 32553 I art     : Explicit concurrent mark sweep GC freed 1343(80KB) AllocSpace objects, 1(20KB) LOS objects, 36% free, 27MB/43MB, paused 364us total 71.342ms
08-05 20:55:38.676 32542 32553 I art     : Starting a blocking GC Explicit
08-05 20:55:38.742 32542 32553 I art     : Explicit concurrent mark sweep GC freed 20(704B) AllocSpace objects, 0(0B) LOS objects, 36% free, 27MB/43MB, paused 344us total 65.053ms
08-05 20:55:38.764 32542 32553 I art     : Starting a blocking GC Explicit
08-05 20:55:38.825 32542 32553 I art     : Explicit concurrent mark sweep GC freed 3(96B) AllocSpace objects, 0(0B) LOS objects, 36% free, 27MB/43MB, paused 335us total 60.440ms
08-05 20:55:38.846 32542 32553 I art     : Starting a blocking GC Explicit
08-05 20:55:38.905 32542 32553 I art     : Explicit concurrent mark sweep GC freed 3(96B) AllocSpace objects, 0(0B) LOS objects, 36% free, 27MB/43MB, paused 325us total 59.142ms
08-05 20:55:38.926 32542 32553 I art     : Starting a blocking GC Explicit
08-05 20:55:38.977 32542 32553 I art     : Explicit concurrent mark sweep GC freed 3(96B) AllocSpace objects, 0(0B) LOS objects, 36% free, 27MB/43MB, paused 380us total 51.163ms
08-05 20:55:39.309 32542 32555 I art     : Starting a blocking GC Explicit
08-05 20:55:39.362 32542 32555 I art     : Explicit concurrent mark sweep GC freed 1343(80KB) AllocSpace objects, 1(20KB) LOS objects, 36% free, 27MB/43MB, paused 319us total 53.293ms
08-05 20:55:39.382 32542 32555 I art     : Starting a blocking GC Explicit
08-05 20:55:39.432 32542 32555 I art     : Explicit concurrent mark sweep GC freed 20(704B) AllocSpace objects, 0(0B) LOS objects, 36% free, 27MB/43MB, paused 319us total 49.845ms
08-05 20:55:39.451 32542 32555 I art     : Starting a blocking GC Explicit
08-05 20:55:39.509 32542 32555 I art     : Explicit concurrent mark sweep GC freed 3(96B) AllocSpace objects, 0(0B) LOS objects, 36% free, 27MB/43MB, paused 336us total 57.861ms
08-05 20:55:39.530 32542 32555 I art     : Starting a blocking GC Explicit
08-05 20:55:39.586 32542 32555 I art     : Explicit concurrent mark sweep GC freed 3(96B) AllocSpace objects, 0(0B) LOS objects, 36% free, 27MB/43MB, paused 336us total 56.189ms
08-05 20:55:39.606 32542 32555 I art     : Starting a blocking GC Explicit
08-05 20:55:39.660 32542 32555 I art     : Explicit concurrent mark sweep GC freed 3(96B) AllocSpace objects, 0(0B) LOS objects, 36% free, 27MB/43MB, paused 322us total 53.863ms
08-05 20:55:39.851  1762  1762 D AndroidRuntime: >>>>>> START com.android.internal.os.RuntimeInit uid 2000 <<<<<<
08-05 20:55:39.858  1762  1762 D AndroidRuntime: CheckJNI is OFF
08-05 20:55:39.898  1762  1762 D ICU     : No timezone override file found: /data/misc/zoneinfo/current/icu/icu_tzdata.dat
08-05 20:55:39.940  1762  1762 I Radio-JNI: register_android_hardware_Radio DONE
08-05 20:55:39.969  1762  1762 D AndroidRuntime: Calling main entry com.android.commands.input.Input
08-05 20:55:39.971  1762  1762 I Input   : injectKeyEvent: KeyEvent { action=ACTION_DOWN, keyCode=KEYCODE_BACK, scanCode=0, metaState=0, flags=0x0, repeatCount=0, eventTime=824156384, downTime=824156384, deviceId=-1, source=0x101 }
08-05 20:55:39.976  1762  1762 I Input   : injectKeyEvent: KeyEvent { action=ACTION_UP, keyCode=KEYCODE_BACK, scanCode=0, metaState=0, flags=0x0, repeatCount=0, eventTime=824156384, downTime=824156384, deviceId=-1, source=0x101 }
08-05 20:55:39.981 32542  1481 I art     : Starting a blocking GC Explicit
08-05 20:55:39.981  1762  1762 D AndroidRuntime: Shutting down VM
08-05 20:55:40.022 13866 13866 I GoogleInputMethodServic: GoogleInputMethodService.onFinishInput():3138 
08-05 20:55:40.023 13866 13866 I GoogleInputMethodServic: GoogleInputMethodService.onStartInput():1808 
08-05 20:55:40.033 32542  1481 I art     : Explicit concurrent mark sweep GC freed 1477(85KB) AllocSpace objects, 1(20KB) LOS objects, 36% free, 27MB/43MB, paused 424us total 51.595ms
08-05 20:55:40.054 32542  1481 I art     : Starting a blocking GC Explicit
08-05 20:55:40.092 32542  1689 I RedditChangeDataIO: Writing tmp data file at '/data/user/0/baseline.org.quantumbadger.redreader/files/rr_change_data_tmp.dat'
08-05 20:55:40.093 32542  1689 I RedditChangeDataManager: Taking snapshot...
08-05 20:55:40.093 32542  1689 I RedditChangeDataManager: Writing to stream...
08-05 20:55:40.093 32542  1689 I RedditChangeDataManager: Wrote 3 entries for user ''
08-05 20:55:40.093 32542  1689 I RedditChangeDataManager: All entries written to stream.
08-05 20:55:40.093 32542  1689 I RedditChangeDataIO: Write successful. Atomically replacing data file...
08-05 20:55:40.094 32542  1689 I RedditChangeDataIO: Write complete.
08-05 20:55:40.094 32542  1689 I RedditChangeDataIO: 86 bytes written in 2 ms
08-05 20:55:40.102 32542  1481 I art     : Explicit concurrent mark sweep GC freed 206(9KB) AllocSpace objects, 1(68KB) LOS objects, 36% free, 27MB/43MB, paused 307us total 47.475ms
08-05 20:55:40.121 32542  1481 I art     : Starting a blocking GC Explicit
08-05 20:55:40.169 32542  1481 I art     : Explicit concurrent mark sweep GC freed 15(672B) AllocSpace objects, 0(0B) LOS objects, 36% free, 27MB/43MB, paused 280us total 47.996ms
08-05 20:55:40.189 32542  1481 I art     : Starting a blocking GC Explicit
08-05 20:55:40.190 13866 13882 I PeriodicStatsRunner: PeriodicStatsRunner.call():175 call()
08-05 20:55:40.190 13866 13882 I PeriodicStatsRunner: PeriodicStatsRunner.call():179 No submit PeriodicStats since input started.
08-05 20:55:40.251 32542  1481 I art     : Explicit concurrent mark sweep GC freed 3(96B) AllocSpace objects, 0(0B) LOS objects, 36% free, 27MB/43MB, paused 322us total 62.088ms
08-05 20:55:40.275 32542  1481 I art     : Starting a blocking GC Explicit
08-05 20:55:40.328 32542  1481 I art     : Explicit concurrent mark sweep GC freed 3(96B) AllocSpace objects, 0(0B) LOS objects, 36% free, 27MB/43MB, paused 294us total 52.022ms
08-05 20:55:40.349   380   380 W SurfaceFlinger: couldn't log to binary event log: overflow.
08-05 20:55:40.612 32542 32555 I art     : Starting a blocking GC Explicit
08-05 20:55:40.677 32542 32555 I art     : Explicit concurrent mark sweep GC freed 1395(82KB) AllocSpace objects, 1(20KB) LOS objects, 36% free, 27MB/43MB, paused 412us total 64.953ms
08-05 20:55:40.701 32542 32555 I art     : Starting a blocking GC Explicit
08-05 20:55:40.745 32542 32555 I art     : Explicit concurrent mark sweep GC freed 46779(2MB) AllocSpace objects, 5(140KB) LOS objects, 39% free, 24MB/40MB, paused 321us total 43.460ms
08-05 20:55:40.763 32542 32555 I art     : Starting a blocking GC Explicit
08-05 20:55:40.797 32542 32555 I art     : Explicit concurrent mark sweep GC freed 3(96B) AllocSpace objects, 0(0B) LOS objects, 39% free, 24MB/40MB, paused 369us total 34.268ms
08-05 20:55:40.815 32542 32555 I art     : Starting a blocking GC Explicit
08-05 20:55:40.853 32542 32555 I art     : Explicit concurrent mark sweep GC freed 3(96B) AllocSpace objects, 0(0B) LOS objects, 39% free, 24MB/40MB, paused 331us total 38.157ms
08-05 20:55:40.871 32542 32555 I art     : Starting a blocking GC Explicit
08-05 20:55:40.909 32542 32555 I art     : Explicit concurrent mark sweep GC freed 3(96B) AllocSpace objects, 0(0B) LOS objects, 39% free, 24MB/40MB, paused 313us total 38.094ms
08-05 20:55:41.211 32542   460 I art     : Starting a blocking GC Explicit
08-05 20:55:41.251 32542   460 I art     : Explicit concurrent mark sweep GC freed 1343(80KB) AllocSpace objects, 1(20KB) LOS objects, 39% free, 24MB/40MB, paused 298us total 39.642ms
08-05 20:55:41.269 32542   460 I art     : Starting a blocking GC Explicit
08-05 20:55:41.305 32542   460 I art     : Explicit concurrent mark sweep GC freed 20(704B) AllocSpace objects, 0(0B) LOS objects, 39% free, 24MB/40MB, paused 311us total 35.960ms
08-05 20:55:41.322 32542   460 I art     : Starting a blocking GC Explicit
08-05 20:55:41.358 32542   460 I art     : Explicit concurrent mark sweep GC freed 3(96B) AllocSpace objects, 0(0B) LOS objects, 39% free, 24MB/40MB, paused 315us total 35.993ms
08-05 20:55:41.375 32542   460 I art     : Starting a blocking GC Explicit
08-05 20:55:41.412 32542   460 I art     : Explicit concurrent mark sweep GC freed 3(96B) AllocSpace objects, 0(0B) LOS objects, 39% free, 24MB/40MB, paused 313us total 36.329ms
08-05 20:55:41.429 32542   460 I art     : Starting a blocking GC Explicit
08-05 20:55:41.465 32542   460 I art     : Explicit concurrent mark sweep GC freed 3(96B) AllocSpace objects, 0(0B) LOS objects, 39% free, 24MB/40MB, paused 333us total 35.853ms
08-05 20:55:41.747  1810  1810 D AndroidRuntime: >>>>>> START com.android.internal.os.RuntimeInit uid 2000 <<<<<<
08-05 20:55:41.753  1810  1810 D AndroidRuntime: CheckJNI is OFF
08-05 20:55:41.755 32542 32553 I art     : Starting a blocking GC Explicit
08-05 20:55:41.795 32542 32553 I art     : Explicit concurrent mark sweep GC freed 1343(80KB) AllocSpace objects, 1(20KB) LOS objects, 39% free, 24MB/40MB, paused 336us total 39.657ms
08-05 20:55:41.799  1810  1810 D ICU     : No timezone override file found: /data/misc/zoneinfo/current/icu/icu_tzdata.dat
08-05 20:55:41.812 32542 32553 I art     : Starting a blocking GC Explicit
08-05 20:55:41.847  1810  1810 I Radio-JNI: register_android_hardware_Radio DONE
08-05 20:55:41.851 32542 32553 I art     : Explicit concurrent mark sweep GC freed 20(704B) AllocSpace objects, 0(0B) LOS objects, 39% free, 24MB/40MB, paused 334us total 38.054ms
08-05 20:55:41.868 32542 32553 I art     : Starting a blocking GC Explicit
08-05 20:55:41.878  1810  1810 D AndroidRuntime: Calling main entry com.android.commands.input.Input
08-05 20:55:41.880  1810  1810 I Input   : injectKeyEvent: KeyEvent { action=ACTION_DOWN, keyCode=KEYCODE_BACK, scanCode=0, metaState=0, flags=0x0, repeatCount=0, eventTime=824158293, downTime=824158293, deviceId=-1, source=0x101 }
08-05 20:55:41.886  1810  1810 I Input   : injectKeyEvent: KeyEvent { action=ACTION_UP, keyCode=KEYCODE_BACK, scanCode=0, metaState=0, flags=0x0, repeatCount=0, eventTime=824158293, downTime=824158293, deviceId=-1, source=0x101 }
08-05 20:55:41.892  1810  1810 D AndroidRuntime: Shutting down VM
08-05 20:55:41.904 32542 32553 I art     : Explicit concurrent mark sweep GC freed 106(3KB) AllocSpace objects, 0(0B) LOS objects, 39% free, 24MB/40MB, paused 339us total 36.096ms
08-05 20:55:41.921 32542 32553 I art     : Starting a blocking GC Explicit
08-05 20:55:41.927 13866 13866 I GoogleInputMethodServic: GoogleInputMethodService.onFinishInput():3138 
08-05 20:55:41.927 13866 13866 I GoogleInputMethodServic: GoogleInputMethodService.onStartInput():1808 
08-05 20:55:41.955 32542 32553 I art     : Explicit concurrent mark sweep GC freed 46(1712B) AllocSpace objects, 0(0B) LOS objects, 39% free, 24MB/40MB, paused 306us total 34.377ms
08-05 20:55:41.972 32542 32553 I art     : Starting a blocking GC Explicit
08-05 20:55:42.006 32542 32553 I art     : Explicit concurrent mark sweep GC freed 40(1328B) AllocSpace objects, 0(0B) LOS objects, 39% free, 24MB/40MB, paused 303us total 33.234ms
08-05 20:55:42.072   918   930 I UsageStatsService: User[0] Flushing usage stats to disk
08-05 20:55:42.109 32448 32448 I Atfwd_Sendcmd: AtCmdFwd service not ready - Exhausted retry attempts - :6
08-05 20:55:42.109 32448 32448 I Atfwd_Daemon: result : -1 	 ,Init step :2 	 ,qmiErrorCode: 0
08-05 20:55:42.261   518   646 I ThermalEngine: ACTION: GPU - Setting GPU[0] to 510000000
08-05 20:55:42.290 32542 32563 I art     : Starting a blocking GC Explicit
08-05 20:55:42.324 32542 32563 I art     : Explicit concurrent mark sweep GC freed 1404(82KB) AllocSpace objects, 1(20KB) LOS objects, 39% free, 24MB/40MB, paused 248us total 34.150ms
08-05 20:55:42.338 32542 32563 I art     : Starting a blocking GC Explicit
08-05 20:55:42.370 32542 32563 I art     : Explicit concurrent mark sweep GC freed 150(7KB) AllocSpace objects, 0(0B) LOS objects, 39% free, 24MB/40MB, paused 250us total 32.043ms
08-05 20:55:42.384 32542 32563 I art     : Starting a blocking GC Explicit
08-05 20:55:42.416 32542 32563 I art     : Explicit concurrent mark sweep GC freed 3(96B) AllocSpace objects, 0(0B) LOS objects, 39% free, 24MB/40MB, paused 237us total 31.469ms
08-05 20:55:42.429 32542 32563 I art     : Starting a blocking GC Explicit
08-05 20:55:42.461 32542 32563 I art     : Explicit concurrent mark sweep GC freed 3(96B) AllocSpace objects, 0(0B) LOS objects, 39% free, 24MB/40MB, paused 268us total 31.898ms
08-05 20:55:42.476 32542 32563 I art     : Starting a blocking GC Explicit
08-05 20:55:42.507 32542 32563 I art     : Explicit concurrent mark sweep GC freed 3(96B) AllocSpace objects, 0(0B) LOS objects, 39% free, 24MB/40MB, paused 271us total 31.372ms
08-05 20:55:42.807 32542 32555 I art     : Starting a blocking GC Explicit
08-05 20:55:42.847 32542 32555 I art     : Explicit concurrent mark sweep GC freed 1343(80KB) AllocSpace objects, 1(20KB) LOS objects, 39% free, 24MB/40MB, paused 300us total 39.569ms
08-05 20:55:42.866 32542 32555 I art     : Starting a blocking GC Explicit
08-05 20:55:42.897 32542 32555 I art     : Explicit concurrent mark sweep GC freed 20(704B) AllocSpace objects, 0(0B) LOS objects, 39% free, 24MB/40MB, paused 282us total 31.261ms
08-05 20:55:42.910 32542 32555 I art     : Starting a blocking GC Explicit
08-05 20:55:42.942 32542 32555 I art     : Explicit concurrent mark sweep GC freed 3(96B) AllocSpace objects, 0(0B) LOS objects, 39% free, 24MB/40MB, paused 260us total 30.998ms
08-05 20:55:42.955 32542 32555 I art     : Starting a blocking GC Explicit
08-05 20:55:42.987 32542 32555 I art     : Explicit concurrent mark sweep GC freed 3(96B) AllocSpace objects, 0(0B) LOS objects, 39% free, 24MB/40MB, paused 325us total 31.818ms
08-05 20:55:43.001 32542 32555 I art     : Starting a blocking GC Explicit
08-05 20:55:43.032 32542 32555 I art     : Explicit concurrent mark sweep GC freed 3(96B) AllocSpace objects, 0(0B) LOS objects, 39% free, 24MB/40MB, paused 254us total 31.097ms
08-05 20:55:43.266   518   646 I ThermalEngine: ACTION: GPU - Setting GPU[0] to 450000000
08-05 20:55:43.301 32542  1481 I art     : Starting a blocking GC Explicit
08-05 20:55:43.340 32542  1481 I art     : Explicit concurrent mark sweep GC freed 1343(80KB) AllocSpace objects, 1(20KB) LOS objects, 39% free, 24MB/40MB, paused 347us total 39.054ms
08-05 20:55:43.362 32542  1481 I art     : Starting a blocking GC Explicit
08-05 20:55:43.398 32542  1481 I art     : Explicit concurrent mark sweep GC freed 20(704B) AllocSpace objects, 0(0B) LOS objects, 39% free, 24MB/40MB, paused 323us total 35.398ms
08-05 20:55:43.415 32542  1481 I art     : Starting a blocking GC Explicit
08-05 20:55:43.451 32542  1481 I art     : Explicit concurrent mark sweep GC freed 3(96B) AllocSpace objects, 0(0B) LOS objects, 39% free, 24MB/40MB, paused 323us total 36.225ms
08-05 20:55:43.468 32542  1481 I art     : Starting a blocking GC Explicit
08-05 20:55:43.507 32542  1481 I art     : Explicit concurrent mark sweep GC freed 3(96B) AllocSpace objects, 0(0B) LOS objects, 39% free, 24MB/40MB, paused 329us total 37.957ms
08-05 20:55:43.524 32542  1481 I art     : Starting a blocking GC Explicit
08-05 20:55:43.562 32542  1481 I art     : Explicit concurrent mark sweep GC freed 3(96B) AllocSpace objects, 0(0B) LOS objects, 39% free, 24MB/40MB, paused 315us total 37.696ms
08-05 20:55:43.681  1853  1853 D AndroidRuntime: >>>>>> START com.android.internal.os.RuntimeInit uid 2000 <<<<<<
08-05 20:55:43.688  1853  1853 D AndroidRuntime: CheckJNI is OFF
08-05 20:55:43.735  1853  1853 D ICU     : No timezone override file found: /data/misc/zoneinfo/current/icu/icu_tzdata.dat
08-05 20:55:43.779  1853  1853 I Radio-JNI: register_android_hardware_Radio DONE
08-05 20:55:43.808  1853  1853 D AndroidRuntime: Calling main entry com.android.commands.input.Input
08-05 20:55:43.810  1853  1853 I Input   : injectMotionEvent: MotionEvent { action=ACTION_DOWN, actionButton=0, id[0]=0, x[0]=600.0, y[0]=1536.0, toolType[0]=TOOL_TYPE_UNKNOWN, buttonState=0, metaState=0, flags=0x0, edgeFlags=0x0, pointerCount=1, historySize=0, eventTime=824160222, downTime=824160222, deviceId=0, source=0x1002 }
08-05 20:55:43.814  1853  1853 I Input   : injectMotionEvent: MotionEvent { action=ACTION_UP, actionButton=0, id[0]=0, x[0]=600.0, y[0]=1536.0, toolType[0]=TOOL_TYPE_UNKNOWN, buttonState=0, metaState=0, flags=0x0, edgeFlags=0x0, pointerCount=1, historySize=0, eventTime=824160222, downTime=824160222, deviceId=0, source=0x1002 }
08-05 20:55:43.815  1853  1853 D AndroidRuntime: Shutting down VM
08-05 20:55:43.822   512  2967 D audio_hw_primary: out_set_parameters: enter: usecase(1: low-latency-playback) kvpairs: routing=2
08-05 20:55:43.822   918  3670 I ActivityManager: START u0 {dat=https://oauth.reddit.com/... cmp=baseline.org.quantumbadger.redreader/.activities.PostListingActivity} from uid 10689 on display 0
08-05 20:55:43.835   512  2967 D audio_hw_primary: select_devices: out_snd_device(2: speaker) in_snd_device(0: none)
08-05 20:55:43.835   512  2967 D msm8974_platform: platform_send_audio_calibration: sending audio calibration for snd_device(2) acdb_id(15)
08-05 20:55:43.835   512  2967 I soundtrigger: audio_extn_sound_trigger_update_device_status: device 0x2 of type 0 for Event 1
08-05 20:55:43.844 32542 32542 I AppCompatViewInflater: app:theme is now deprecated. Please move to using android:theme instead.
08-05 20:55:43.845   512  2967 D audio_hw_primary: enable_snd_device: snd_device(2: speaker)
08-05 20:55:43.847   512  2967 D audio_hw_primary: enable_audio_route: apply and update mixer path: low-latency-playback speaker
08-05 20:55:43.867 32542  1888 D OK      : calling: https://oauth.reddit.com/r/askscience/about.json
08-05 20:55:43.883 32542  1481 I art     : Starting a blocking GC Explicit
08-05 20:55:43.920 32542  1481 I art     : Explicit concurrent mark sweep GC freed 2859(179KB) AllocSpace objects, 1(20KB) LOS objects, 38% free, 25MB/41MB, paused 754us total 36.361ms
08-05 20:55:43.933   918   936 I ActivityManager: Displayed baseline.org.quantumbadger.redreader/.activities.PostListingActivity: +102ms
08-05 20:55:43.933 13866 13866 I GoogleInputMethodServic: GoogleInputMethodService.onFinishInput():3138 
08-05 20:55:43.934 13866 13866 I GoogleInputMethodServic: GoogleInputMethodService.onStartInput():1808 
08-05 20:55:43.937 32542  1481 I art     : Starting a blocking GC Explicit
08-05 20:55:43.978 32542  1481 I art     : Explicit concurrent mark sweep GC freed 569(31KB) AllocSpace objects, 0(0B) LOS objects, 39% free, 25MB/41MB, paused 349us total 39.915ms
08-05 20:55:43.994 32542  1481 I art     : Starting a blocking GC Explicit
08-05 20:55:44.030 32542  1481 I art     : Explicit concurrent mark sweep GC freed 1906(74KB) AllocSpace objects, 0(0B) LOS objects, 38% free, 25MB/41MB, paused 427us total 36.008ms
08-05 20:55:44.048 32542  1481 I art     : Starting a blocking GC Explicit
08-05 20:55:44.089 32542  1481 I art     : Explicit concurrent mark sweep GC freed 127(4KB) AllocSpace objects, 0(0B) LOS objects, 38% free, 25MB/41MB, paused 409us total 40.859ms
08-05 20:55:44.107 32542  1481 I art     : Starting a blocking GC Explicit
08-05 20:55:44.150 32542  1481 I art     : Explicit concurrent mark sweep GC freed 11(416B) AllocSpace objects, 0(0B) LOS objects, 39% free, 25MB/41MB, paused 401us total 42.936ms
08-05 20:55:44.164 32542  1888 I NAPPA_EXPERIMENTATION: MetricNetworkRequestExecutionTime: REQUEST_DURATION_SYSTEM='297',REQUEST_DURATION_OKHTTP='151',REQUEST_SYNCHRONOUS='TRUE',RESPONSE_CODE='200',RESPONSE_METHOD='GET',RESPONSE_LENGTH_OKHTTP='-1',RESPONSE_LENGTH_HEADER='4700',REQUEST_PROTOCOL='h2',REQUEST_URL='https://oauth.reddit.com/r/askscience/about.json',
08-05 20:55:44.164 32542  1888 D OK      : request got status: 200
08-05 20:55:44.187   380   380 W SurfaceFlinger: couldn't log to binary event log: overflow.
08-05 20:55:44.390   512  2967 D audio_hw_primary: disable_audio_route: reset and update mixer path: low-latency-playback speaker
08-05 20:55:44.391   512  2967 D audio_hw_primary: disable_snd_device: snd_device(2: speaker)
08-05 20:55:44.399   512  2967 I soundtrigger: audio_extn_sound_trigger_update_device_status: device 0x2 of type 0 for Event 0
08-05 20:55:44.446 32542 32555 I art     : Starting a blocking GC Explicit
08-05 20:55:44.487 32542 32555 I art     : Explicit concurrent mark sweep GC freed 3088(274KB) AllocSpace objects, 4(176KB) LOS objects, 38% free, 25MB/41MB, paused 383us total 41.359ms
08-05 20:55:44.507 32542 32555 I art     : Starting a blocking GC Explicit
08-05 20:55:44.546 32542 32555 I art     : Explicit concurrent mark sweep GC freed 230(12KB) AllocSpace objects, 0(0B) LOS objects, 38% free, 25MB/41MB, paused 481us total 38.779ms
08-05 20:55:44.564 32542 32555 I art     : Starting a blocking GC Explicit
08-05 20:55:44.602 32542 32555 I art     : Explicit concurrent mark sweep GC freed 3(96B) AllocSpace objects, 0(0B) LOS objects, 38% free, 25MB/41MB, paused 365us total 37.318ms
08-05 20:55:44.619 32542 32555 I art     : Starting a blocking GC Explicit
08-05 20:55:44.658 32542 32555 I art     : Explicit concurrent mark sweep GC freed 27(1120B) AllocSpace objects, 0(0B) LOS objects, 38% free, 25MB/41MB, paused 368us total 38.707ms
08-05 20:55:44.675 32542 32555 I art     : Starting a blocking GC Explicit
08-05 20:55:44.713 32542 32555 I art     : Explicit concurrent mark sweep GC freed 3(96B) AllocSpace objects, 0(0B) LOS objects, 38% free, 25MB/41MB, paused 368us total 37.788ms
08-05 20:55:45.016 32542 32563 I art     : Starting a blocking GC Explicit
08-05 20:55:45.023 13866 13882 I PeriodicStatsRunner: PeriodicStatsRunner.call():175 call()
08-05 20:55:45.024 13866 13882 I PeriodicStatsRunner: PeriodicStatsRunner.call():179 No submit PeriodicStats since input started.
08-05 20:55:45.057 32542 32563 I art     : Explicit concurrent mark sweep GC freed 1343(80KB) AllocSpace objects, 1(20KB) LOS objects, 38% free, 25MB/41MB, paused 458us total 40.358ms
08-05 20:55:45.068 32542  1915 D OK      : calling: https://oauth.reddit.com/r/askscience/hot/.json
08-05 20:55:45.075 32542 32563 I art     : Starting a blocking GC Explicit
08-05 20:55:45.113 32542 32563 I art     : Explicit concurrent mark sweep GC freed 112(4KB) AllocSpace objects, 0(0B) LOS objects, 38% free, 25MB/41MB, paused 423us total 37.500ms
08-05 20:55:45.130 32542 32563 I art     : Starting a blocking GC Explicit
08-05 20:55:45.168 32542 32563 I art     : Explicit concurrent mark sweep GC freed 9(352B) AllocSpace objects, 0(0B) LOS objects, 38% free, 25MB/41MB, paused 423us total 37.904ms
08-05 20:55:45.186 32542 32563 I art     : Starting a blocking GC Explicit
08-05 20:55:45.225 32542 32563 I art     : Explicit concurrent mark sweep GC freed 3(96B) AllocSpace objects, 0(0B) LOS objects, 38% free, 25MB/41MB, paused 382us total 38.915ms
08-05 20:55:45.242 32542 32563 I art     : Starting a blocking GC Explicit
08-05 20:55:45.280 32542 32563 I art     : Explicit concurrent mark sweep GC freed 3(96B) AllocSpace objects, 0(0B) LOS objects, 38% free, 25MB/41MB, paused 411us total 37.733ms
08-05 20:55:45.286 32542  1915 I NAPPA_EXPERIMENTATION: MetricNetworkRequestExecutionTime: REQUEST_DURATION_SYSTEM='218',REQUEST_DURATION_OKHTTP='215',REQUEST_SYNCHRONOUS='TRUE',RESPONSE_CODE='200',RESPONSE_METHOD='GET',RESPONSE_LENGTH_OKHTTP='-1',RESPONSE_LENGTH_HEADER='21282',REQUEST_PROTOCOL='h2',REQUEST_URL='https://oauth.reddit.com/r/askscience/hot/.json',
08-05 20:55:45.286 32542  1915 D OK      : request got status: 200
08-05 20:55:45.314 32542   896 I PostListingFragment: Precaching images: OFF
08-05 20:55:45.314 32542   896 I PostListingFragment: Precaching comments: OFF
08-05 20:55:45.555 32542  1481 I art     : Starting a blocking GC Explicit
08-05 20:55:45.603 32542  1481 I art     : Explicit concurrent mark sweep GC freed 16109(822KB) AllocSpace objects, 3(156KB) LOS objects, 38% free, 25MB/41MB, paused 518us total 47.821ms
08-05 20:55:45.622 32542  1481 I art     : Starting a blocking GC Explicit
08-05 20:55:45.667 32542  1481 I art     : Explicit concurrent mark sweep GC freed 4766(180KB) AllocSpace objects, 0(0B) LOS objects, 38% free, 25MB/41MB, paused 508us total 45.148ms
08-05 20:55:45.685 32542  1481 I art     : Starting a blocking GC Explicit
08-05 20:55:45.729 32542  1481 I art     : Explicit concurrent mark sweep GC freed 1794(70KB) AllocSpace objects, 0(0B) LOS objects, 38% free, 25MB/41MB, paused 571us total 43.596ms
08-05 20:55:45.746 32542  1481 I art     : Starting a blocking GC Explicit
08-05 20:55:45.787 32542  1481 I art     : Explicit concurrent mark sweep GC freed 11921(561KB) AllocSpace objects, 0(0B) LOS objects, 38% free, 25MB/41MB, paused 605us total 39.975ms
08-05 20:55:45.803 32542  1481 I art     : Starting a blocking GC Explicit
08-05 20:55:45.844 32542  1481 I art     : Explicit concurrent mark sweep GC freed 898(42KB) AllocSpace objects, 0(0B) LOS objects, 38% free, 25MB/41MB, paused 507us total 39.874ms
08-05 20:55:46.162 32542 32553 I art     : Starting a blocking GC Explicit
08-05 20:55:46.203 32542 32553 I art     : Explicit concurrent mark sweep GC freed 1736(95KB) AllocSpace objects, 1(20KB) LOS objects, 38% free, 25MB/41MB, paused 380us total 41.468ms
08-05 20:55:46.221 32542 32553 I art     : Starting a blocking GC Explicit
08-05 20:55:46.264 32542 32553 I art     : Explicit concurrent mark sweep GC freed 20(704B) AllocSpace objects, 0(0B) LOS objects, 38% free, 25MB/41MB, paused 386us total 42.234ms
08-05 20:55:46.282 32542 32553 I art     : Starting a blocking GC Explicit
08-05 20:55:46.329 32542 32553 I art     : Explicit concurrent mark sweep GC freed 3(96B) AllocSpace objects, 0(0B) LOS objects, 38% free, 25MB/41MB, paused 396us total 46.031ms
08-05 20:55:46.350 32542 32553 I art     : Starting a blocking GC Explicit
08-05 20:55:46.394 32542 32553 I art     : Explicit concurrent mark sweep GC freed 3(96B) AllocSpace objects, 0(0B) LOS objects, 38% free, 25MB/41MB, paused 386us total 43.514ms
08-05 20:55:46.412 32542 32553 I art     : Starting a blocking GC Explicit
08-05 20:55:46.458 32542 32553 I art     : Explicit concurrent mark sweep GC freed 3(96B) AllocSpace objects, 0(0B) LOS objects, 38% free, 25MB/41MB, paused 418us total 45.323ms
08-05 20:55:46.793 32542 32555 I art     : Starting a blocking GC Explicit
08-05 20:55:46.849 32542 32555 I art     : Explicit concurrent mark sweep GC freed 1347(80KB) AllocSpace objects, 1(20KB) LOS objects, 38% free, 25MB/41MB, paused 444us total 56.146ms
08-05 20:55:46.850 32542 32552 I art     : WaitForGcToComplete blocked for 54.264ms for cause HeapTrim
08-05 20:55:46.870 32542 32555 I art     : Starting a blocking GC Explicit
08-05 20:55:46.916 32542 32555 I art     : Explicit concurrent mark sweep GC freed 20(704B) AllocSpace objects, 0(0B) LOS objects, 38% free, 25MB/41MB, paused 384us total 46.081ms
08-05 20:55:46.928 13866 13882 I PeriodicStatsRunner: PeriodicStatsRunner.call():175 call()
08-05 20:55:46.928 13866 13882 I PeriodicStatsRunner: PeriodicStatsRunner.call():179 No submit PeriodicStats since input started.
08-05 20:55:46.934 32542 32555 I art     : Starting a blocking GC Explicit
08-05 20:55:46.980 32542 32555 I art     : Explicit concurrent mark sweep GC freed 3(96B) AllocSpace objects, 0(0B) LOS objects, 38% free, 25MB/41MB, paused 381us total 45.073ms
08-05 20:55:46.998 32542 32555 I art     : Starting a blocking GC Explicit
08-05 20:55:47.045 32542 32555 I art     : Explicit concurrent mark sweep GC freed 3(96B) AllocSpace objects, 0(0B) LOS objects, 38% free, 25MB/41MB, paused 417us total 46.433ms
08-05 20:55:47.066 32542 32555 I art     : Starting a blocking GC Explicit
08-05 20:55:47.110 32448 32448 I ServiceManager: Waiting for service AtCmdFwd...
08-05 20:55:47.111 32542 32555 I art     : Explicit concurrent mark sweep GC freed 3(96B) AllocSpace objects, 0(0B) LOS objects, 38% free, 25MB/41MB, paused 365us total 45.381ms
08-05 20:55:47.460 32542 32563 I art     : Starting a blocking GC Explicit
08-05 20:55:47.518 32542 32563 I art     : Explicit concurrent mark sweep GC freed 1344(80KB) AllocSpace objects, 1(20KB) LOS objects, 38% free, 25MB/41MB, paused 408us total 56.721ms
08-05 20:55:47.539 32542 32563 I art     : Starting a blocking GC Explicit
08-05 20:55:47.587 32542 32563 I art     : Explicit concurrent mark sweep GC freed 20(704B) AllocSpace objects, 0(0B) LOS objects, 38% free, 25MB/41MB, paused 399us total 47.929ms
08-05 20:55:47.608 32542 32563 I art     : Starting a blocking GC Explicit
08-05 20:55:47.653 32542 32563 I art     : Explicit concurrent mark sweep GC freed 3(96B) AllocSpace objects, 0(0B) LOS objects, 38% free, 25MB/41MB, paused 383us total 44.102ms
08-05 20:55:47.671 32542 32563 I art     : Starting a blocking GC Explicit
08-05 20:55:47.719 32542 32563 I art     : Explicit concurrent mark sweep GC freed 3(96B) AllocSpace objects, 0(0B) LOS objects, 38% free, 25MB/41MB, paused 392us total 48.115ms
08-05 20:55:47.740 32542 32563 I art     : Starting a blocking GC Explicit
08-05 20:55:47.784 32542 32563 I art     : Explicit concurrent mark sweep GC freed 3(96B) AllocSpace objects, 0(0B) LOS objects, 38% free, 25MB/41MB, paused 373us total 43.276ms
08-05 20:55:48.107 32542  1481 I art     : Starting a blocking GC Explicit
08-05 20:55:48.111 32448 32448 I ServiceManager: Waiting for service AtCmdFwd...
08-05 20:55:48.151 32542  1481 I art     : Explicit concurrent mark sweep GC freed 1344(80KB) AllocSpace objects, 1(20KB) LOS objects, 38% free, 25MB/41MB, paused 363us total 43.084ms
08-05 20:55:48.168 32542  1481 I art     : Starting a blocking GC Explicit
08-05 20:55:48.216 32542  1481 I art     : Explicit concurrent mark sweep GC freed 20(704B) AllocSpace objects, 0(0B) LOS objects, 38% free, 25MB/41MB, paused 391us total 47.402ms
08-05 20:55:48.237 32542  1481 I art     : Starting a blocking GC Explicit
08-05 20:55:48.280 32542  1481 I art     : Explicit concurrent mark sweep GC freed 3(96B) AllocSpace objects, 0(0B) LOS objects, 38% free, 25MB/41MB, paused 377us total 42.906ms
08-05 20:55:48.299 32542  1481 I art     : Starting a blocking GC Explicit
08-05 20:55:48.345 32542  1481 I art     : Explicit concurrent mark sweep GC freed 3(96B) AllocSpace objects, 0(0B) LOS objects, 38% free, 25MB/41MB, paused 330us total 45.719ms
08-05 20:55:48.363 32542  1481 I art     : Starting a blocking GC Explicit
08-05 20:55:48.408 32542  1481 I art     : Explicit concurrent mark sweep GC freed 3(96B) AllocSpace objects, 0(0B) LOS objects, 38% free, 25MB/41MB, paused 391us total 44.755ms
08-05 20:55:48.748 32542   460 I art     : Starting a blocking GC Explicit
08-05 20:55:48.801 32542   460 I art     : Explicit concurrent mark sweep GC freed 1343(80KB) AllocSpace objects, 1(20KB) LOS objects, 38% free, 25MB/41MB, paused 414us total 52.571ms
08-05 20:55:48.822 32542   460 I art     : Starting a blocking GC Explicit
08-05 20:55:48.870 32542   460 I art     : Explicit concurrent mark sweep GC freed 20(704B) AllocSpace objects, 0(0B) LOS objects, 38% free, 25MB/41MB, paused 396us total 47.524ms
08-05 20:55:48.888 32542   460 I art     : Starting a blocking GC Explicit
08-05 20:55:48.934 32542   460 I art     : Explicit concurrent mark sweep GC freed 3(96B) AllocSpace objects, 0(0B) LOS objects, 38% free, 25MB/41MB, paused 394us total 45.607ms
08-05 20:55:48.934 13866 13882 I PeriodicStatsRunner: PeriodicStatsRunner.call():175 call()
08-05 20:55:48.935 13866 13882 I PeriodicStatsRunner: PeriodicStatsRunner.call():179 No submit PeriodicStats since input started.
08-05 20:55:48.952 32542   460 I art     : Starting a blocking GC Explicit
08-05 20:55:48.999 32542   460 I art     : Explicit concurrent mark sweep GC freed 3(96B) AllocSpace objects, 0(0B) LOS objects, 38% free, 25MB/41MB, paused 385us total 46.871ms
08-05 20:55:49.017 32542   460 I art     : Starting a blocking GC Explicit
08-05 20:55:49.061 32542   460 I art     : Explicit concurrent mark sweep GC freed 3(96B) AllocSpace objects, 0(0B) LOS objects, 38% free, 25MB/41MB, paused 366us total 43.468ms
08-05 20:55:49.111 32448 32448 I ServiceManager: Waiting for service AtCmdFwd...
08-05 20:55:49.275   518   646 I ThermalEngine: ACTION: GPU - Setting GPU[0] to 510000000
08-05 20:55:49.367 32542 32553 I art     : Starting a blocking GC Explicit
08-05 20:55:49.402 32542 32553 I art     : Explicit concurrent mark sweep GC freed 1347(80KB) AllocSpace objects, 1(20KB) LOS objects, 38% free, 25MB/41MB, paused 320us total 34.326ms
08-05 20:55:49.416 32542 32553 I art     : Starting a blocking GC Explicit
08-05 20:55:49.448 32542 32553 I art     : Explicit concurrent mark sweep GC freed 20(704B) AllocSpace objects, 0(0B) LOS objects, 38% free, 25MB/41MB, paused 276us total 31.907ms
08-05 20:55:49.462 32542 32553 I art     : Starting a blocking GC Explicit
08-05 20:55:49.494 32542 32553 I art     : Explicit concurrent mark sweep GC freed 3(96B) AllocSpace objects, 0(0B) LOS objects, 38% free, 25MB/41MB, paused 290us total 32.561ms
08-05 20:55:49.509 32542 32553 I art     : Starting a blocking GC Explicit
08-05 20:55:49.541 32542 32553 I art     : Explicit concurrent mark sweep GC freed 3(96B) AllocSpace objects, 0(0B) LOS objects, 38% free, 25MB/41MB, paused 322us total 31.908ms
08-05 20:55:49.549  1977  1977 D AndroidRuntime: >>>>>> START com.android.internal.os.RuntimeInit uid 2000 <<<<<<
08-05 20:55:49.554  1977  1977 D AndroidRuntime: CheckJNI is OFF
08-05 20:55:49.554 32542 32553 I art     : Starting a blocking GC Explicit
08-05 20:55:49.586 32542 32553 I art     : Explicit concurrent mark sweep GC freed 3(96B) AllocSpace objects, 0(0B) LOS objects, 38% free, 25MB/41MB, paused 305us total 31.878ms
08-05 20:55:49.588  1977  1977 D ICU     : No timezone override file found: /data/misc/zoneinfo/current/icu/icu_tzdata.dat
08-05 20:55:49.623  1977  1977 I Radio-JNI: register_android_hardware_Radio DONE
08-05 20:55:49.645  1977  1977 D AndroidRuntime: Calling main entry com.android.commands.input.Input
08-05 20:55:49.647  1977  1977 I Input   : injectMotionEvent: MotionEvent { action=ACTION_DOWN, actionButton=0, id[0]=0, x[0]=600.0, y[0]=700.0, toolType[0]=TOOL_TYPE_UNKNOWN, buttonState=0, metaState=0, flags=0x0, edgeFlags=0x0, pointerCount=1, historySize=0, eventTime=824166060, downTime=824166060, deviceId=0, source=0x1002 }
08-05 20:55:49.657  1977  1977 I Input   : injectMotionEvent: MotionEvent { action=ACTION_UP, actionButton=0, id[0]=0, x[0]=600.0, y[0]=700.0, toolType[0]=TOOL_TYPE_UNKNOWN, buttonState=0, metaState=0, flags=0x0, edgeFlags=0x0, pointerCount=1, historySize=0, eventTime=824166060, downTime=824166060, deviceId=0, source=0x1002 }
08-05 20:55:49.658  1977  1977 D AndroidRuntime: Shutting down VM
08-05 20:55:49.664   512  2967 D audio_hw_primary: out_set_parameters: enter: usecase(1: low-latency-playback) kvpairs: routing=2
08-05 20:55:49.666   918  5481 I ActivityManager: START u0 {dat=https://oauth.reddit.com/... cmp=baseline.org.quantumbadger.redreader/.activities.CommentListingActivity} from uid 10689 on display 0
08-05 20:55:49.678   512  2967 D audio_hw_primary: select_devices: out_snd_device(2: speaker) in_snd_device(0: none)
08-05 20:55:49.678   512  2967 D msm8974_platform: platform_send_audio_calibration: sending audio calibration for snd_device(2) acdb_id(15)
08-05 20:55:49.679   512  2967 I soundtrigger: audio_extn_sound_trigger_update_device_status: device 0x2 of type 0 for Event 1
08-05 20:55:49.689 32542 32542 I AppCompatViewInflater: app:theme is now deprecated. Please move to using android:theme instead.
08-05 20:55:49.689   512  2967 D audio_hw_primary: enable_snd_device: snd_device(2: speaker)
08-05 20:55:49.691   512  2967 D audio_hw_primary: enable_audio_route: apply and update mixer path: low-latency-playback speaker
08-05 20:55:49.704 32542   896 I CommentListingActivity: COMMENTS session changed to 032e30ec-bdb0-4919-8634-eec08aeb2b28
08-05 20:55:49.773   918   936 I ActivityManager: Displayed baseline.org.quantumbadger.redreader/.activities.CommentListingActivity: +98ms
08-05 20:55:49.775 13866 13866 I GoogleInputMethodServic: GoogleInputMethodService.onFinishInput():3138 
08-05 20:55:49.775 13866 13866 I GoogleInputMethodServic: GoogleInputMethodService.onStartInput():1808 
08-05 20:55:49.847 32542 32555 I art     : Starting a blocking GC Explicit
08-05 20:55:49.903 32542 32555 I art     : Explicit concurrent mark sweep GC freed 42002(2MB) AllocSpace objects, 4(72KB) LOS objects, 35% free, 29MB/45MB, paused 410us total 56.329ms
08-05 20:55:49.919 32542 32555 I art     : Starting a blocking GC Explicit
08-05 20:55:49.965 32542 32555 I art     : Explicit concurrent mark sweep GC freed 23627(1173KB) AllocSpace objects, 0(0B) LOS objects, 36% free, 28MB/44MB, paused 286us total 46.269ms
08-05 20:55:49.981 32542 32555 I art     : Starting a blocking GC Explicit
08-05 20:55:50.010   380   380 W SurfaceFlinger: couldn't log to binary event log: overflow.
08-05 20:55:50.030 32542 32555 I art     : Explicit concurrent mark sweep GC freed 19(2832B) AllocSpace objects, 0(0B) LOS objects, 36% free, 28MB/44MB, paused 267us total 47.890ms
08-05 20:55:50.045 32542 32555 I art     : Starting a blocking GC Explicit
08-05 20:55:50.088 32542 32555 I art     : Explicit concurrent mark sweep GC freed 3(96B) AllocSpace objects, 0(0B) LOS objects, 36% free, 28MB/44MB, paused 264us total 43.460ms
08-05 20:55:50.104 32542 32555 I art     : Starting a blocking GC Explicit
08-05 20:55:50.111 32448 32448 I ServiceManager: Waiting for service AtCmdFwd...
08-05 20:55:50.149 32542 32555 I art     : Explicit concurrent mark sweep GC freed 11(416B) AllocSpace objects, 0(0B) LOS objects, 36% free, 28MB/44MB, paused 306us total 44.716ms
08-05 20:55:50.229   512  2967 D audio_hw_primary: disable_audio_route: reset and update mixer path: low-latency-playback speaker
08-05 20:55:50.230   512  2967 D audio_hw_primary: disable_snd_device: snd_device(2: speaker)
08-05 20:55:50.238   512  2967 I soundtrigger: audio_extn_sound_trigger_update_device_status: device 0x2 of type 0 for Event 0
08-05 20:55:50.350 32542  1916 I RedditChangeDataIO: Writing tmp data file at '/data/user/0/baseline.org.quantumbadger.redreader/files/rr_change_data_tmp.dat'
08-05 20:55:50.351 32542  1916 I RedditChangeDataManager: Taking snapshot...
08-05 20:55:50.351 32542  1916 I RedditChangeDataManager: Writing to stream...
08-05 20:55:50.351 32542  1916 I RedditChangeDataManager: Wrote 3 entries for user ''
08-05 20:55:50.351 32542  1916 I RedditChangeDataManager: All entries written to stream.
08-05 20:55:50.352 32542  1916 I RedditChangeDataIO: Write successful. Atomically replacing data file...
08-05 20:55:50.352 32542  1916 I RedditChangeDataIO: Write complete.
08-05 20:55:50.352 32542  1916 I RedditChangeDataIO: 86 bytes written in 2 ms
08-05 20:55:50.444 32542 32555 I art     : Starting a blocking GC Explicit
08-05 20:55:50.494 32542 32555 I art     : Explicit concurrent mark sweep GC freed 1760(127KB) AllocSpace objects, 2(88KB) LOS objects, 36% free, 28MB/44MB, paused 289us total 50.030ms
08-05 20:55:50.511 32542 32555 I art     : Starting a blocking GC Explicit
08-05 20:55:50.552 32542 32555 I art     : Explicit concurrent mark sweep GC freed 88(2976B) AllocSpace objects, 0(0B) LOS objects, 36% free, 28MB/44MB, paused 232us total 40.897ms
08-05 20:55:50.569 32542 32555 I art     : Starting a blocking GC Explicit
08-05 20:55:50.610 32542 32555 I art     : Explicit concurrent mark sweep GC freed 3(96B) AllocSpace objects, 0(0B) LOS objects, 36% free, 28MB/44MB, paused 218us total 40.962ms
08-05 20:55:50.625 32542 32555 I art     : Starting a blocking GC Explicit
08-05 20:55:50.665 32542 32555 I art     : Explicit concurrent mark sweep GC freed 3(96B) AllocSpace objects, 0(0B) LOS objects, 36% free, 28MB/44MB, paused 220us total 39.527ms
08-05 20:55:50.680 32542 32555 I art     : Starting a blocking GC Explicit
08-05 20:55:50.720 32542 32555 I art     : Explicit concurrent mark sweep GC freed 3(96B) AllocSpace objects, 0(0B) LOS objects, 36% free, 28MB/44MB, paused 242us total 40.138ms
08-05 20:55:50.797   918  1210 D NetlinkSocketObserver: NeighborEvent{elapsedMs=1807554671, 192.168.2.254, [7C3953A63323], RTM_NEWNEIGH, NUD_PROBE}
08-05 20:55:51.012 32542 32563 I art     : Starting a blocking GC Explicit
08-05 20:55:51.077 32542 32563 I art     : Explicit concurrent mark sweep GC freed 1389(82KB) AllocSpace objects, 1(20KB) LOS objects, 36% free, 28MB/44MB, paused 329us total 64.632ms
08-05 20:55:51.093 32542 32563 I art     : Starting a blocking GC Explicit
08-05 20:55:51.112 32448 32448 I ServiceManager: Waiting for service AtCmdFwd...
08-05 20:55:51.140 32542 32563 I art     : Explicit concurrent mark sweep GC freed 20(704B) AllocSpace objects, 0(0B) LOS objects, 36% free, 28MB/44MB, paused 248us total 46.324ms
08-05 20:55:51.156 32542 32563 I art     : Starting a blocking GC Explicit
08-05 20:55:51.159   918  3261 D WifiStateMachine: starting scan for "H369AA63323"WPA_PSK with 2412,5180
08-05 20:55:51.200 32542 32563 I art     : Explicit concurrent mark sweep GC freed 3(96B) AllocSpace objects, 0(0B) LOS objects, 36% free, 28MB/44MB, paused 234us total 43.620ms
08-05 20:55:51.215 32542 32563 I art     : Starting a blocking GC Explicit
08-05 20:55:51.259 32542 32563 I art     : Explicit concurrent mark sweep GC freed 3(96B) AllocSpace objects, 0(0B) LOS objects, 36% free, 28MB/44MB, paused 280us total 43.557ms
08-05 20:55:51.274 32542 32563 I art     : Starting a blocking GC Explicit
08-05 20:55:51.284   518   646 I ThermalEngine: ACTION: GPU - Setting GPU[0] to 450000000
08-05 20:55:51.335 32542 32563 I art     : Explicit concurrent mark sweep GC freed 3(96B) AllocSpace objects, 0(0B) LOS objects, 36% free, 28MB/44MB, paused 337us total 60.194ms
08-05 20:55:51.676 32542  1481 I art     : Starting a blocking GC Explicit
08-05 20:55:51.752 32542  1481 I art     : Explicit concurrent mark sweep GC freed 1343(80KB) AllocSpace objects, 1(20KB) LOS objects, 36% free, 28MB/44MB, paused 382us total 75.481ms
08-05 20:55:51.778 32542  1481 I art     : Starting a blocking GC Explicit
08-05 20:55:51.842 32542  1481 I art     : Explicit concurrent mark sweep GC freed 20(704B) AllocSpace objects, 0(0B) LOS objects, 36% free, 28MB/44MB, paused 343us total 63.876ms
08-05 20:55:51.863 32542  1481 I art     : Starting a blocking GC Explicit
08-05 20:55:51.926 32542  1481 I art     : Explicit concurrent mark sweep GC freed 3(96B) AllocSpace objects, 0(0B) LOS objects, 36% free, 28MB/44MB, paused 323us total 62.693ms
08-05 20:55:51.926 32542 32552 I art     : WaitForGcToComplete blocked for 9.860ms for cause HeapTrim
08-05 20:55:51.947 32542  1481 I art     : Starting a blocking GC Explicit
08-05 20:55:52.013 32542  1481 I art     : Explicit concurrent mark sweep GC freed 3(96B) AllocSpace objects, 0(0B) LOS objects, 36% free, 28MB/44MB, paused 370us total 66.101ms
08-05 20:55:52.037 32542  1481 I art     : Starting a blocking GC Explicit
08-05 20:55:52.101 32542  1481 I art     : Explicit concurrent mark sweep GC freed 3(96B) AllocSpace objects, 0(0B) LOS objects, 36% free, 28MB/44MB, paused 415us total 64.238ms
08-05 20:55:52.112 32448 32448 W Atfwd_Sendcmd: AtCmdFwd service not published, waiting... retryCnt : 1
08-05 20:55:52.427 32542 32553 I art     : Starting a blocking GC Explicit
08-05 20:55:52.504 32542 32553 I art     : Explicit concurrent mark sweep GC freed 1343(80KB) AllocSpace objects, 1(20KB) LOS objects, 36% free, 28MB/44MB, paused 358us total 77.168ms
08-05 20:55:52.529 32542 32553 I art     : Starting a blocking GC Explicit
08-05 20:55:52.594 32542 32553 I art     : Explicit concurrent mark sweep GC freed 20(704B) AllocSpace objects, 0(0B) LOS objects, 36% free, 28MB/44MB, paused 374us total 64.528ms
08-05 20:55:52.618 32542 32553 I art     : Starting a blocking GC Explicit
08-05 20:55:52.680 32542 32553 I art     : Explicit concurrent mark sweep GC freed 3(96B) AllocSpace objects, 0(0B) LOS objects, 36% free, 28MB/44MB, paused 359us total 61.687ms
08-05 20:55:52.701 32542 32553 I art     : Starting a blocking GC Explicit
08-05 20:55:52.769 32542 32553 I art     : Explicit concurrent mark sweep GC freed 3(96B) AllocSpace objects, 0(0B) LOS objects, 36% free, 28MB/44MB, paused 480us total 67.459ms
08-05 20:55:52.791 32542 32553 I art     : Starting a blocking GC Explicit
08-05 20:55:52.857 32542 32553 I art     : Explicit concurrent mark sweep GC freed 3(96B) AllocSpace objects, 0(0B) LOS objects, 36% free, 28MB/44MB, paused 338us total 65.227ms
08-05 20:55:53.189 32542   460 I art     : Starting a blocking GC Explicit
08-05 20:55:53.269 32542   460 I art     : Explicit concurrent mark sweep GC freed 1343(80KB) AllocSpace objects, 1(20KB) LOS objects, 36% free, 28MB/44MB, paused 473us total 78.628ms
08-05 20:55:53.293 32542   460 I art     : Starting a blocking GC Explicit
08-05 20:55:53.358 32542   460 I art     : Explicit concurrent mark sweep GC freed 20(704B) AllocSpace objects, 0(0B) LOS objects, 36% free, 28MB/44MB, paused 376us total 64.882ms
08-05 20:55:53.379 32542   460 I art     : Starting a blocking GC Explicit
08-05 20:55:53.442 32542   460 I art     : Explicit concurrent mark sweep GC freed 3(96B) AllocSpace objects, 0(0B) LOS objects, 36% free, 28MB/44MB, paused 360us total 62.921ms
08-05 20:55:53.463 32542   460 I art     : Starting a blocking GC Explicit
08-05 20:55:53.530 32542   460 I art     : Explicit concurrent mark sweep GC freed 3(96B) AllocSpace objects, 0(0B) LOS objects, 36% free, 28MB/44MB, paused 351us total 67.073ms
08-05 20:55:53.553 32542   460 I art     : Starting a blocking GC Explicit
08-05 20:55:53.619 32542   460 I art     : Explicit concurrent mark sweep GC freed 3(96B) AllocSpace objects, 0(0B) LOS objects, 36% free, 28MB/44MB, paused 351us total 64.952ms
08-05 20:55:53.932   918  6111 I Telecom : PhoneAccountRegistrar: SimCallManager queried, returning: null
08-05 20:55:53.952   918  6112 I Telecom : PhoneAccountRegistrar: SimCallManager queried, returning: null
08-05 20:55:53.960 32542 32555 I art     : Starting a blocking GC Explicit
08-05 20:55:54.014 32542 32555 I art     : Explicit concurrent mark sweep GC freed 1343(80KB) AllocSpace objects, 1(20KB) LOS objects, 36% free, 28MB/44MB, paused 329us total 54.428ms
08-05 20:55:54.035 32542 32555 I art     : Starting a blocking GC Explicit
08-05 20:55:54.091 32542 32555 I art     : Explicit concurrent mark sweep GC freed 20(704B) AllocSpace objects, 0(0B) LOS objects, 36% free, 28MB/44MB, paused 356us total 55.733ms
08-05 20:55:54.111 32542 32555 I art     : Starting a blocking GC Explicit
08-05 20:55:54.170 32542 32555 I art     : Explicit concurrent mark sweep GC freed 3(96B) AllocSpace objects, 0(0B) LOS objects, 36% free, 28MB/44MB, paused 360us total 58.257ms
08-05 20:55:54.190 32542 32555 I art     : Starting a blocking GC Explicit
08-05 20:55:54.249 32542 32555 I art     : Explicit concurrent mark sweep GC freed 3(96B) AllocSpace objects, 0(0B) LOS objects, 36% free, 28MB/44MB, paused 335us total 58.453ms
08-05 20:55:54.271 32542 32555 I art     : Starting a blocking GC Explicit
08-05 20:55:54.332 32542 32555 I art     : Explicit concurrent mark sweep GC freed 3(96B) AllocSpace objects, 0(0B) LOS objects, 36% free, 28MB/44MB, paused 355us total 60.634ms
08-05 20:55:54.472  2072  2072 D AndroidRuntime: >>>>>> START com.android.internal.os.RuntimeInit uid 2000 <<<<<<
08-05 20:55:54.480  2072  2072 D AndroidRuntime: CheckJNI is OFF
08-05 20:55:54.524  2072  2072 D ICU     : No timezone override file found: /data/misc/zoneinfo/current/icu/icu_tzdata.dat
08-05 20:55:54.566  2072  2072 I Radio-JNI: register_android_hardware_Radio DONE
08-05 20:55:54.595  2072  2072 D AndroidRuntime: Calling main entry com.android.commands.input.Input
08-05 20:55:54.597  2072  2072 I Input   : injectKeyEvent: KeyEvent { action=ACTION_DOWN, keyCode=KEYCODE_BACK, scanCode=0, metaState=0, flags=0x0, repeatCount=0, eventTime=824171010, downTime=824171010, deviceId=-1, source=0x101 }
08-05 20:55:54.616  2072  2072 I Input   : injectKeyEvent: KeyEvent { action=ACTION_UP, keyCode=KEYCODE_BACK, scanCode=0, metaState=0, flags=0x0, repeatCount=0, eventTime=824171010, downTime=824171010, deviceId=-1, source=0x101 }
08-05 20:55:54.623  2072  2072 D AndroidRuntime: Shutting down VM
08-05 20:55:54.652 32542 32555 I art     : Starting a blocking GC Explicit
08-05 20:55:54.660 13866 13866 I GoogleInputMethodServic: GoogleInputMethodService.onFinishInput():3138 
08-05 20:55:54.661 13866 13866 I GoogleInputMethodServic: GoogleInputMethodService.onStartInput():1808 
08-05 20:55:54.705 32542 32555 I art     : Explicit concurrent mark sweep GC freed 1562(88KB) AllocSpace objects, 1(20KB) LOS objects, 36% free, 28MB/44MB, paused 374us total 53.027ms
08-05 20:55:54.724 32542 32555 I art     : Starting a blocking GC Explicit
08-05 20:55:54.771 32542 32555 I art     : Explicit concurrent mark sweep GC freed 50(1712B) AllocSpace objects, 0(0B) LOS objects, 36% free, 28MB/44MB, paused 305us total 46.509ms
08-05 20:55:54.776 13866 13882 I PeriodicStatsRunner: PeriodicStatsRunner.call():175 call()
08-05 20:55:54.776 13866 13882 I PeriodicStatsRunner: PeriodicStatsRunner.call():179 No submit PeriodicStats since input started.
08-05 20:55:54.790 32542 32555 I art     : Starting a blocking GC Explicit
08-05 20:55:54.838 32542 32555 I art     : Explicit concurrent mark sweep GC freed 3(96B) AllocSpace objects, 0(0B) LOS objects, 36% free, 28MB/44MB, paused 703us total 48.428ms
08-05 20:55:54.858 32542 32555 I art     : Starting a blocking GC Explicit
08-05 20:55:54.910 32542 32555 I art     : Explicit concurrent mark sweep GC freed 3(96B) AllocSpace objects, 0(0B) LOS objects, 36% free, 28MB/44MB, paused 319us total 51.902ms
08-05 20:55:54.930 32542 32555 I art     : Starting a blocking GC Explicit
08-05 20:55:54.982   380   380 W SurfaceFlinger: couldn't log to binary event log: overflow.
08-05 20:55:54.990 32542 32555 I art     : Explicit concurrent mark sweep GC freed 41(1200B) AllocSpace objects, 0(0B) LOS objects, 36% free, 28MB/44MB, paused 339us total 59.101ms
08-05 20:55:55.287   518   646 I ThermalEngine: ACTION: GPU - Setting GPU[0] to 510000000
08-05 20:55:55.306 32542  1481 I art     : Starting a blocking GC Explicit
08-05 20:55:55.374 32542  1481 I art     : Explicit concurrent mark sweep GC freed 1366(81KB) AllocSpace objects, 1(20KB) LOS objects, 36% free, 28MB/44MB, paused 298us total 66.915ms
08-05 20:55:55.397 32542  1481 I art     : Starting a blocking GC Explicit
08-05 20:55:55.439 32542  1481 I art     : Explicit concurrent mark sweep GC freed 46783(2MB) AllocSpace objects, 5(140KB) LOS objects, 38% free, 25MB/41MB, paused 237us total 41.754ms
08-05 20:55:55.454 32542  1481 I art     : Starting a blocking GC Explicit
08-05 20:55:55.486 32542  1481 I art     : Explicit concurrent mark sweep GC freed 3(96B) AllocSpace objects, 0(0B) LOS objects, 38% free, 25MB/41MB, paused 241us total 32.196ms
08-05 20:55:55.500 32542  1481 I art     : Starting a blocking GC Explicit
08-05 20:55:55.534 32542  1481 I art     : Explicit concurrent mark sweep GC freed 3(96B) AllocSpace objects, 0(0B) LOS objects, 38% free, 25MB/41MB, paused 246us total 33.755ms
08-05 20:55:55.547 32542  1481 I art     : Starting a blocking GC Explicit
08-05 20:55:55.582 32542  1481 I art     : Explicit concurrent mark sweep GC freed 3(96B) AllocSpace objects, 0(0B) LOS objects, 38% free, 25MB/41MB, paused 297us total 34.180ms
08-05 20:55:55.646   918   918 I ActivityManager: Start proc 2109:com.google.android.apps.docs/u0a43 for service com.google.android.apps.docs/com.google.android.libraries.internal.growth.growthkit.internal.jobs.impl.GrowthKitJobService
08-05 20:55:55.662   918   918 I ActivityManager: Start proc 2121:com.google.android.keep/u0a82 for service com.google.android.keep/com.google.android.libraries.internal.growth.growthkit.internal.jobs.impl.GrowthKitJobService
08-05 20:55:55.677   918   918 I ActivityManager: Start proc 2133:com.google.android.play.games/u0a64 for service com.google.android.play.games/com.google.android.libraries.internal.growth.growthkit.internal.jobs.impl.GrowthKitJobService
08-05 20:55:55.838 32542   460 I art     : Starting a blocking GC Explicit
08-05 20:55:55.871 32542   460 I art     : Explicit concurrent mark sweep GC freed 1343(80KB) AllocSpace objects, 1(20KB) LOS objects, 38% free, 25MB/41MB, paused 251us total 32.712ms
08-05 20:55:55.884 32542   460 I art     : Starting a blocking GC Explicit
08-05 20:55:55.912 32542   460 I art     : Explicit concurrent mark sweep GC freed 20(704B) AllocSpace objects, 0(0B) LOS objects, 38% free, 25MB/41MB, paused 251us total 26.909ms
08-05 20:55:55.924 32542   460 I art     : Starting a blocking GC Explicit
08-05 20:55:55.952 32542   460 I art     : Explicit concurrent mark sweep GC freed 3(96B) AllocSpace objects, 0(0B) LOS objects, 38% free, 25MB/41MB, paused 230us total 27.737ms
08-05 20:55:55.964 32542   460 I art     : Starting a blocking GC Explicit
08-05 20:55:55.992 32542   460 I art     : Explicit concurrent mark sweep GC freed 3(96B) AllocSpace objects, 0(0B) LOS objects, 38% free, 25MB/41MB, paused 219us total 27.556ms
08-05 20:55:56.004 32542   460 I art     : Starting a blocking GC Explicit
08-05 20:55:56.030 32542   460 I art     : Explicit concurrent mark sweep GC freed 3(96B) AllocSpace objects, 0(0B) LOS objects, 38% free, 25MB/41MB, paused 218us total 26.054ms
08-05 20:55:56.116   918  6029 I AccountManagerService: getTypesVisibleToCaller: isPermitted? true
08-05 20:55:56.138   918   929 I AccountManagerService: getTypesVisibleToCaller: isPermitted? false
08-05 20:55:56.151   918  3961 I AccountManagerService: getTypesVisibleToCaller: isPermitted? true
08-05 20:55:56.158   918   928 I AccountManagerService: getTypesVisibleToCaller: isPermitted? true
08-05 20:55:56.166  2121  2121 I art     : Rejecting re-init on previously-failed class java.lang.Class<abb>
08-05 20:55:56.166  2121  2121 I art     : Rejecting re-init on previously-failed class java.lang.Class<abb>
08-05 20:55:56.167  2121  2121 I art     : Rejecting re-init on previously-failed class java.lang.Class<abb>
08-05 20:55:56.167  2121  2121 I art     : Rejecting re-init on previously-failed class java.lang.Class<abb>
08-05 20:55:56.167  2121  2121 I art     : Rejecting re-init on previously-failed class java.lang.Class<abb>
08-05 20:55:56.239  2121  2183 W DynamiteModule: Local module descriptor class for providerinstaller not found.
08-05 20:55:56.245 24365 25218 W ProviderHelper: Unknown dynamite feature providerinstaller
08-05 20:55:56.256  2133  2133 I GAv4-SVC: Google Analytics 202.5.90 is starting up.
08-05 20:55:56.259  2121  2183 W ProviderInstaller: Failed to load providerinstaller module: No acceptable module found. Local version is 0 and remote version is 0.
08-05 20:55:56.268  2121  2183 E linker  : readlink('/proc/self/fd/23') failed: Permission denied [fd=23]
08-05 20:55:56.269  2121  2183 E linker  : warning: unable to get realpath for the library "/system/framework/oat/arm64/com.android.location.provider.odex". Will use given name.
08-05 20:55:56.275  2155  2155 D AndroidRuntime: >>>>>> START com.android.internal.os.RuntimeInit uid 2000 <<<<<<
08-05 20:55:56.279  2155  2155 D AndroidRuntime: CheckJNI is OFF
08-05 20:55:56.279 32542 32563 I art     : Starting a blocking GC Explicit
08-05 20:55:56.288  2121  2183 E linker  : readlink('/proc/self/fd/23') failed: Permission denied [fd=23]
08-05 20:55:56.288  2121  2183 E linker  : warning: unable to get realpath for the library "/system/framework/oat/arm64/com.android.media.remotedisplay.odex". Will use given name.
08-05 20:55:56.294  2121  2183 E linker  : readlink('/proc/self/fd/23') failed: Permission denied [fd=23]
08-05 20:55:56.294  2121  2183 E linker  : warning: unable to get realpath for the library "/data/app/com.google.android.gms-2/oat/arm64/base.odex". Will use given name.
08-05 20:55:56.307 32542 32563 I art     : Explicit concurrent mark sweep GC freed 1343(80KB) AllocSpace objects, 1(20KB) LOS objects, 38% free, 25MB/41MB, paused 250us total 27.475ms
08-05 20:55:56.313  2155  2155 D ICU     : No timezone override file found: /data/misc/zoneinfo/current/icu/icu_tzdata.dat
08-05 20:55:56.319 32542 32563 I art     : Starting a blocking GC Explicit
08-05 20:55:56.330   918  6029 I AccountManagerService: getTypesVisibleToCaller: isPermitted? true
08-05 20:55:56.332   918  4400 I AccountManagerService: getTypesVisibleToCaller: isPermitted? true
08-05 20:55:56.344  2155  2155 I Radio-JNI: register_android_hardware_Radio DONE
08-05 20:55:56.347 32542 32563 I art     : Explicit concurrent mark sweep GC freed 20(704B) AllocSpace objects, 0(0B) LOS objects, 38% free, 25MB/41MB, paused 241us total 27.228ms
08-05 20:55:56.350   918  3961 I AccountManagerService: getTypesVisibleToCaller: isPermitted? false
08-05 20:55:56.359 32542 32563 I art     : Starting a blocking GC Explicit
08-05 20:55:56.366  2155  2155 D AndroidRuntime: Calling main entry com.android.commands.input.Input
08-05 20:55:56.368  2155  2155 I Input   : injectKeyEvent: KeyEvent { action=ACTION_DOWN, keyCode=KEYCODE_BACK, scanCode=0, metaState=0, flags=0x0, repeatCount=0, eventTime=824172781, downTime=824172781, deviceId=-1, source=0x101 }
08-05 20:55:56.371   918  3961 I AccountManagerService: getTypesVisibleToCaller: isPermitted? true
08-05 20:55:56.373  2121  2183 E linker  : readlink('/proc/self/fd/24') failed: Permission denied [fd=24]
08-05 20:55:56.373  2121  2183 E linker  : warning: unable to get realpath for the library "/data/app/com.google.android.gms-2/lib/arm64/libconscrypt_gmscore_jni.so". Will use given name.
08-05 20:55:56.374  2155  2155 I Input   : injectKeyEvent: KeyEvent { action=ACTION_UP, keyCode=KEYCODE_BACK, scanCode=0, metaState=0, flags=0x0, repeatCount=0, eventTime=824172781, downTime=824172781, deviceId=-1, source=0x101 }
08-05 20:55:56.380  2155  2155 D AndroidRuntime: Shutting down VM
08-05 20:55:56.384  2109  2202 I GAv4    : Google Analytics 202.8.12 is starting up. To enable debug logging on a device run:
08-05 20:55:56.384  2109  2202 I GAv4    :   adb shell setprop log.tag.GAv4 DEBUG
08-05 20:55:56.384  2109  2202 I GAv4    :   adb logcat -s GAv4
08-05 20:55:56.387 32542 32563 I art     : Explicit concurrent mark sweep GC freed 20(640B) AllocSpace objects, 0(0B) LOS objects, 38% free, 25MB/41MB, paused 347us total 27.866ms
08-05 20:55:56.400 32542 32563 I art     : Starting a blocking GC Explicit
08-05 20:55:56.401  2121  2183 V NativeCrypto: Registering com/google/android/gms/org/conscrypt/NativeCrypto's 286 native methods...
08-05 20:55:56.432 32542 32563 I art     : Explicit concurrent mark sweep GC freed 98(3KB) AllocSpace objects, 0(0B) LOS objects, 38% free, 25MB/41MB, paused 346us total 32.174ms
08-05 20:55:56.438 13866 13866 I GoogleInputMethodServic: GoogleInputMethodService.onFinishInput():3138 
08-05 20:55:56.438  2133  2227 W DynamiteModule: Local module descriptor class for com.google.android.gms.measurement.dynamite not found.
08-05 20:55:56.438 13866 13866 I GoogleInputMethodServic: GoogleInputMethodService.onStartInput():1808 
08-05 20:55:56.441  2109  2231 W GAv4    : CampaignTrackingReceiver is not registered, not exported or is disabled. Installation campaign tracking is not possible. See http://goo.gl/8Rd3yj for instructions.
08-05 20:55:56.444  2133  2227 E linker  : readlink('/proc/self/fd/22') failed: Permission denied [fd=22]
08-05 20:55:56.444  2133  2227 E linker  : warning: unable to get realpath for the library "/data/data/com.google.android.gms/app_chimera/m/00000039/oat/arm64/DynamiteLoader.odex". Will use given name.
08-05 20:55:56.445 32542 32563 I art     : Starting a blocking GC Explicit
08-05 20:55:56.447  2109  2222 W FieldDefinition: [RxCachedThreadScheduler-8] Ignoring isIndexed constraint as field also has uniqueness constraint (on just this field, and therefore SQLite will have to create an index on that. For field: brc$a@7842c28
08-05 20:55:56.473 32542 32563 I art     : Explicit concurrent mark sweep GC freed 44(1584B) AllocSpace objects, 0(0B) LOS objects, 38% free, 25MB/41MB, paused 251us total 28.150ms
08-05 20:55:56.492  2133  2227 I DynamiteLoaderV2: [71] Measurementdynamite
08-05 20:55:56.500  2133  2227 E linker  : readlink('/proc/self/fd/21') failed: Permission denied [fd=21]
08-05 20:55:56.500  2133  2227 E linker  : warning: unable to get realpath for the library "/data/data/com.google.android.gms/app_chimera/m/0000003e/oat/arm64/MeasurementDynamite.odex". Will use given name.
08-05 20:55:56.509  2133  2227 W System  : ClassLoader referenced unknown path: /data/data/com.google.android.gms/app_chimera/m/0000003e/n/arm64-v8a
08-05 20:55:56.523  2133  2227 W DynamiteModule: Local module descriptor class for com.google.android.gms.measurement.dynamite not found.
08-05 20:55:56.647  2121  2130 W art     : Suspending all threads took: 18.697ms
08-05 20:55:56.702  2121  2183 I art     : Rejecting re-init on previously-failed class java.lang.Class<com.google.android.gms.org.conscrypt.Java7ExtendedSSLSession>
08-05 20:55:56.703  2121  2183 I art     : Rejecting re-init on previously-failed class java.lang.Class<com.google.android.gms.org.conscrypt.Java7ExtendedSSLSession>
08-05 20:55:56.709  2121  2183 I art     : Rejecting re-init on previously-failed class java.lang.Class<com.google.android.gms.org.conscrypt.Java8ExtendedSSLSession>
08-05 20:55:56.709  2121  2183 I art     : Rejecting re-init on previously-failed class java.lang.Class<com.google.android.gms.org.conscrypt.Java8ExtendedSSLSession>
08-05 20:55:56.753 32542 32555 I art     : Starting a blocking GC Explicit
08-05 20:55:56.765  2121  2130 W art     : Suspending all threads took: 7.267ms
08-05 20:55:56.786 32542 32555 I art     : Explicit concurrent mark sweep GC freed 1371(81KB) AllocSpace objects, 1(20KB) LOS objects, 38% free, 25MB/41MB, paused 294us total 32.739ms
08-05 20:55:56.799 32542 32555 I art     : Starting a blocking GC Explicit
08-05 20:55:56.810  2121  2183 I ProviderInstaller: Installed default security provider GmsCore_OpenSSL
08-05 20:55:56.828 32542 32555 I art     : Explicit concurrent mark sweep GC freed 74(2736B) AllocSpace objects, 0(0B) LOS objects, 38% free, 25MB/41MB, paused 227us total 28.505ms
08-05 20:55:56.840 32542 32555 I art     : Starting a blocking GC Explicit
08-05 20:55:56.843   918  3670 I AccountManagerService: getTypesVisibleToCaller: isPermitted? true
08-05 20:55:56.867 32542 32555 I art     : Explicit concurrent mark sweep GC freed 112(5KB) AllocSpace objects, 0(0B) LOS objects, 38% free, 25MB/41MB, paused 255us total 26.872ms
08-05 20:55:56.879 32542 32555 I art     : Starting a blocking GC Explicit
08-05 20:55:56.894  2133  2268 W DynamiteModule: Local module descriptor class for providerinstaller not found.
08-05 20:55:56.907 32542 32555 I art     : Explicit concurrent mark sweep GC freed 25(928B) AllocSpace objects, 0(0B) LOS objects, 38% free, 25MB/41MB, paused 241us total 26.932ms
08-05 20:55:56.917 24365  4796 W ProviderHelper: Unknown dynamite feature providerinstaller
08-05 20:55:56.920 32542 32555 I art     : Starting a blocking GC Explicit
08-05 20:55:56.929   918   928 I AccountManagerService: getTypesVisibleToCaller: isPermitted? true
08-05 20:55:56.947 32542 32555 I art     : Explicit concurrent mark sweep GC freed 3(96B) AllocSpace objects, 0(0B) LOS objects, 38% free, 25MB/41MB, paused 287us total 27.149ms
08-05 20:55:56.950  2133  2268 W ProviderInstaller: Failed to load providerinstaller module: No acceptable module found. Local version is 0 and remote version is 0.
08-05 20:55:56.968  2133  2268 E linker  : readlink('/proc/self/fd/23') failed: Permission denied [fd=23]
08-05 20:55:56.968  2133  2268 E linker  : warning: unable to get realpath for the library "/system/framework/oat/arm64/com.android.location.provider.odex". Will use given name.
08-05 20:55:56.969  2133  2268 E linker  : readlink('/proc/self/fd/23') failed: Permission denied [fd=23]
08-05 20:55:56.969  2133  2268 E linker  : warning: unable to get realpath for the library "/system/framework/oat/arm64/com.android.media.remotedisplay.odex". Will use given name.
08-05 20:55:56.974  2133  2268 E linker  : readlink('/proc/self/fd/23') failed: Permission denied [fd=23]
08-05 20:55:56.974  2133  2268 E linker  : warning: unable to get realpath for the library "/data/app/com.google.android.gms-2/oat/arm64/base.odex". Will use given name.
08-05 20:55:57.113  2109  2241 W DynamiteModule: Local module descriptor class for providerinstaller not found.
08-05 20:55:57.113 32448 32448 I ServiceManager: Waiting for service AtCmdFwd...
08-05 20:55:57.137  2109  2241 W ProviderInstaller: Failed to load providerinstaller module: No acceptable module found. Local version is 0 and remote version is 0.
08-05 20:55:57.171   918  6112 I AccountManagerService: getTypesVisibleToCaller: isPermitted? true
08-05 20:55:57.197 32542   460 I art     : Starting a blocking GC Explicit
08-05 20:55:57.211  2109  2241 E linker  : readlink('/proc/self/fd/22') failed: Permission denied [fd=22]
08-05 20:55:57.211  2109  2241 E linker  : warning: unable to get realpath for the library "/system/framework/oat/arm64/com.android.location.provider.odex". Will use given name.
08-05 20:55:57.212  2109  2241 E linker  : readlink('/proc/self/fd/22') failed: Permission denied [fd=22]
08-05 20:55:57.212  2109  2241 E linker  : warning: unable to get realpath for the library "/system/framework/oat/arm64/com.android.media.remotedisplay.odex". Will use given name.
08-05 20:55:57.226 32542   460 I art     : Explicit concurrent mark sweep GC freed 1343(80KB) AllocSpace objects, 1(20KB) LOS objects, 38% free, 25MB/41MB, paused 306us total 28.455ms
08-05 20:55:57.236   918   927 I art     : Background partial concurrent mark sweep GC freed 94683(9MB) AllocSpace objects, 185(3MB) LOS objects, 18% free, 68MB/84MB, paused 1.417ms total 173.884ms
08-05 20:55:57.240 32542   460 I art     : Starting a blocking GC Explicit
08-05 20:55:57.246   918  6029 I AccountManagerService: getTypesVisibleToCaller: isPermitted? true
08-05 20:55:57.267 32542   460 I art     : Explicit concurrent mark sweep GC freed 20(704B) AllocSpace objects, 0(0B) LOS objects, 38% free, 25MB/41MB, paused 236us total 26.879ms
08-05 20:55:57.268  2109  2241 E linker  : readlink('/proc/self/fd/29') failed: Permission denied [fd=29]
08-05 20:55:57.268  2109  2241 E linker  : warning: unable to get realpath for the library "/data/app/com.google.android.gms-2/oat/arm64/base.odex". Will use given name.
08-05 20:55:57.279 32542   460 I art     : Starting a blocking GC Explicit
08-05 20:55:57.292   518   646 I ThermalEngine: ACTION: GPU - Setting GPU[0] to 450000000
08-05 20:55:57.314 32542   460 I art     : Explicit concurrent mark sweep GC freed 6(208B) AllocSpace objects, 0(0B) LOS objects, 38% free, 25MB/41MB, paused 312us total 34.933ms
08-05 20:55:57.330 32542   460 I art     : Starting a blocking GC Explicit
08-05 20:55:57.366 32542   460 I art     : Explicit concurrent mark sweep GC freed 18(656B) AllocSpace objects, 0(0B) LOS objects, 38% free, 25MB/41MB, paused 301us total 34.958ms
08-05 20:55:57.381   918  6111 I AccountManagerService: getTypesVisibleToCaller: isPermitted? true
08-05 20:55:57.382 32542   460 I art     : Starting a blocking GC Explicit
08-05 20:55:57.417 32542   460 I art     : Explicit concurrent mark sweep GC freed 3(96B) AllocSpace objects, 0(0B) LOS objects, 38% free, 25MB/41MB, paused 348us total 34.891ms
08-05 20:55:57.532  2109  2241 E linker  : readlink('/proc/self/fd/29') failed: Permission denied [fd=29]
08-05 20:55:57.532  2109  2241 E linker  : warning: unable to get realpath for the library "/data/app/com.google.android.gms-2/lib/arm64/libconscrypt_gmscore_jni.so". Will use given name.
08-05 20:55:57.574   918  3670 I AccountManagerService: getTypesVisibleToCaller: isPermitted? true
08-05 20:55:57.587  2109  2212 W art     : Verification of int hwn.a(hwy) took 122.852ms
08-05 20:55:57.628  2109  2241 V NativeCrypto: Registering com/google/android/gms/org/conscrypt/NativeCrypto's 286 native methods...
08-05 20:55:57.688 32542 32563 I art     : Starting a blocking GC Explicit
08-05 20:55:57.724 32542 32563 I art     : Explicit concurrent mark sweep GC freed 1343(80KB) AllocSpace objects, 1(20KB) LOS objects, 38% free, 25MB/41MB, paused 311us total 35.558ms
08-05 20:55:57.740 32542 32563 I art     : Starting a blocking GC Explicit
08-05 20:55:57.776 32542 32563 I art     : Explicit concurrent mark sweep GC freed 20(704B) AllocSpace objects, 0(0B) LOS objects, 38% free, 25MB/41MB, paused 303us total 35.305ms
08-05 20:55:57.792 32542 32563 I art     : Starting a blocking GC Explicit
08-05 20:55:57.827 32542 32563 I art     : Explicit concurrent mark sweep GC freed 3(96B) AllocSpace objects, 0(0B) LOS objects, 38% free, 25MB/41MB, paused 296us total 34.341ms
08-05 20:55:57.843 32542 32563 I art     : Starting a blocking GC Explicit
08-05 20:55:57.856  2109  2241 I art     : Rejecting re-init on previously-failed class java.lang.Class<com.google.android.gms.org.conscrypt.Java7ExtendedSSLSession>
08-05 20:55:57.867  2109  2241 I art     : Rejecting re-init on previously-failed class java.lang.Class<com.google.android.gms.org.conscrypt.Java7ExtendedSSLSession>
08-05 20:55:57.867  2109  2241 I art     : Rejecting re-init on previously-failed class java.lang.Class<com.google.android.gms.org.conscrypt.Java8ExtendedSSLSession>
08-05 20:55:57.868  2109  2241 I art     : Rejecting re-init on previously-failed class java.lang.Class<com.google.android.gms.org.conscrypt.Java8ExtendedSSLSession>
08-05 20:55:57.877 32542 32563 I art     : Explicit concurrent mark sweep GC freed 3(96B) AllocSpace objects, 0(0B) LOS objects, 38% free, 25MB/41MB, paused 305us total 34.358ms
08-05 20:55:57.894 32542 32563 I art     : Starting a blocking GC Explicit
08-05 20:55:57.906  2109  2241 I ProviderInstaller: Installed default security provider GmsCore_OpenSSL
08-05 20:55:57.914   918  6029 I AccountManagerService: getTypesVisibleToCaller: isPermitted? true
08-05 20:55:57.929 32542 32563 I art     : Explicit concurrent mark sweep GC freed 3(96B) AllocSpace objects, 0(0B) LOS objects, 38% free, 25MB/41MB, paused 297us total 35.087ms
08-05 20:55:57.984   918  3670 I AccountManagerService: getTypesVisibleToCaller: isPermitted? true
08-05 20:55:58.015  2133  2252 I FA      : App measurement initialized, version: 29027
08-05 20:55:58.015  2133  2252 I FA      : To enable debug logging run: adb shell setprop log.tag.FA VERBOSE
08-05 20:55:58.029  2133  2268 E linker  : readlink('/proc/self/fd/23') failed: Permission denied [fd=23]
08-05 20:55:58.029  2133  2268 E linker  : warning: unable to get realpath for the library "/data/app/com.google.android.gms-2/lib/arm64/libconscrypt_gmscore_jni.so". Will use given name.
08-05 20:55:58.037  2133  2252 I FA      : To enable faster debug mode event logging run:
08-05 20:55:58.037  2133  2252 I FA      :   adb shell setprop debug.firebase.analytics.app com.google.android.play.games
08-05 20:55:58.101  2133  2268 V NativeCrypto: Registering com/google/android/gms/org/conscrypt/NativeCrypto's 286 native methods...
08-05 20:55:58.113 32448 32448 I ServiceManager: Waiting for service AtCmdFwd...
08-05 20:55:58.127  2310  2310 D AndroidRuntime: >>>>>> START com.android.internal.os.RuntimeInit uid 2000 <<<<<<
08-05 20:55:58.133  2310  2310 D AndroidRuntime: CheckJNI is OFF
08-05 20:55:58.171  2310  2310 D ICU     : No timezone override file found: /data/misc/zoneinfo/current/icu/icu_tzdata.dat
08-05 20:55:58.198 32542 32555 I art     : Starting a blocking GC Explicit
08-05 20:55:58.209  2310  2310 I Radio-JNI: register_android_hardware_Radio DONE
08-05 20:55:58.235 32542 32555 I art     : Explicit concurrent mark sweep GC freed 1343(80KB) AllocSpace objects, 1(20KB) LOS objects, 38% free, 25MB/41MB, paused 324us total 36.862ms
08-05 20:55:58.238  2310  2310 D AndroidRuntime: Calling main entry com.android.commands.input.Input
08-05 20:55:58.240  2310  2310 I Input   : injectMotionEvent: MotionEvent { action=ACTION_DOWN, actionButton=0, id[0]=0, x[0]=600.0, y[0]=1000.0, toolType[0]=TOOL_TYPE_UNKNOWN, buttonState=0, metaState=0, flags=0x0, edgeFlags=0x0, pointerCount=1, historySize=0, eventTime=824174653, downTime=824174653, deviceId=0, source=0x1002 }
08-05 20:55:58.245  2310  2310 I Input   : injectMotionEvent: MotionEvent { action=ACTION_UP, actionButton=0, id[0]=0, x[0]=600.0, y[0]=1000.0, toolType[0]=TOOL_TYPE_UNKNOWN, buttonState=0, metaState=0, flags=0x0, edgeFlags=0x0, pointerCount=1, historySize=0, eventTime=824174653, downTime=824174653, deviceId=0, source=0x1002 }
08-05 20:55:58.247  2310  2310 D AndroidRuntime: Shutting down VM
08-05 20:55:58.252 32542 32555 I art     : Starting a blocking GC Explicit
08-05 20:55:58.254   512  2967 D audio_hw_primary: out_set_parameters: enter: usecase(1: low-latency-playback) kvpairs: routing=2
08-05 20:55:58.256   918  3359 I ActivityManager: START u0 {dat=https://oauth.reddit.com/... cmp=baseline.org.quantumbadger.redreader/.activities.PostListingActivity} from uid 10689 on display 0
08-05 20:55:58.267   512  2967 D audio_hw_primary: select_devices: out_snd_device(2: speaker) in_snd_device(0: none)
08-05 20:55:58.267   512  2967 D msm8974_platform: platform_send_audio_calibration: sending audio calibration for snd_device(2) acdb_id(15)
08-05 20:55:58.267   512  2967 I soundtrigger: audio_extn_sound_trigger_update_device_status: device 0x2 of type 0 for Event 1
08-05 20:55:58.275 32542 32542 I AppCompatViewInflater: app:theme is now deprecated. Please move to using android:theme instead.
08-05 20:55:58.278   512  2967 D audio_hw_primary: enable_snd_device: snd_device(2: speaker)
08-05 20:55:58.280   512  2967 D audio_hw_primary: enable_audio_route: apply and update mixer path: low-latency-playback speaker
08-05 20:55:58.292 32542 32555 I art     : Explicit concurrent mark sweep GC freed 544(43KB) AllocSpace objects, 0(0B) LOS objects, 38% free, 25MB/41MB, paused 630us total 38.558ms
08-05 20:55:58.300 32542  2345 D OK      : calling: https://oauth.reddit.com/r/announcements/about.json
08-05 20:55:58.310 32542 32555 I art     : Starting a blocking GC Explicit
08-05 20:55:58.345 32542 32555 I art     : Explicit concurrent mark sweep GC freed 746(52KB) AllocSpace objects, 0(0B) LOS objects, 38% free, 25MB/41MB, paused 595us total 35.438ms
08-05 20:55:58.364 32542 32555 I art     : Starting a blocking GC Explicit
08-05 20:55:58.367   918   936 I ActivityManager: Displayed baseline.org.quantumbadger.redreader/.activities.PostListingActivity: +103ms
08-05 20:55:58.367 13866 13866 I GoogleInputMethodServic: GoogleInputMethodService.onFinishInput():3138 
08-05 20:55:58.367 13866 13866 I GoogleInputMethodServic: GoogleInputMethodService.onStartInput():1808 
08-05 20:55:58.408 32542 32555 I art     : Explicit concurrent mark sweep GC freed 1807(74KB) AllocSpace objects, 0(0B) LOS objects, 38% free, 25MB/41MB, paused 5.111ms total 44.206ms
08-05 20:55:58.427 32542 32555 I art     : Starting a blocking GC Explicit
08-05 20:55:58.434   918  5952 I AccountManagerService: getTypesVisibleToCaller: isPermitted? true
08-05 20:55:58.444  2133  2268 I art     : Rejecting re-init on previously-failed class java.lang.Class<com.google.android.gms.org.conscrypt.Java7ExtendedSSLSession>
08-05 20:55:58.444  2133  2268 I art     : Rejecting re-init on previously-failed class java.lang.Class<com.google.android.gms.org.conscrypt.Java7ExtendedSSLSession>
08-05 20:55:58.464 32542 32555 I art     : Explicit concurrent mark sweep GC freed 1022(39KB) AllocSpace objects, 0(0B) LOS objects, 38% free, 25MB/41MB, paused 407us total 36.706ms
08-05 20:55:58.479  2133  2268 I art     : Rejecting re-init on previously-failed class java.lang.Class<com.google.android.gms.org.conscrypt.Java8ExtendedSSLSession>
08-05 20:55:58.480  2133  2268 I art     : Rejecting re-init on previously-failed class java.lang.Class<com.google.android.gms.org.conscrypt.Java8ExtendedSSLSession>
08-05 20:55:58.522  2133  2268 I ProviderInstaller: Installed default security provider GmsCore_OpenSSL
08-05 20:55:58.532   918  6112 I AccountManagerService: getTypesVisibleToCaller: isPermitted? true
08-05 20:55:58.571 32542  2345 I NAPPA_EXPERIMENTATION: MetricNetworkRequestExecutionTime: REQUEST_DURATION_SYSTEM='270',REQUEST_DURATION_OKHTTP='149',REQUEST_SYNCHRONOUS='TRUE',RESPONSE_CODE='200',RESPONSE_METHOD='GET',RESPONSE_LENGTH_OKHTTP='-1',RESPONSE_LENGTH_HEADER='1564',REQUEST_PROTOCOL='h2',REQUEST_URL='https://oauth.reddit.com/r/announcements/about.json',
08-05 20:55:58.572 32542  2345 D OK      : request got status: 200
08-05 20:55:58.619   380   380 W SurfaceFlinger: couldn't log to binary event log: overflow.
08-05 20:55:58.622   918  5952 I AccountManagerService: getTypesVisibleToCaller: isPermitted? true
08-05 20:55:58.641  2133  2268 I DynamiteLoaderV2: [71] Cronetdynamite
08-05 20:55:58.643  2133  2268 E linker  : readlink('/proc/self/fd/31') failed: Permission denied [fd=31]
08-05 20:55:58.643  2133  2268 E linker  : warning: unable to get realpath for the library "/data/data/com.google.android.gms/app_chimera/m/00000038/oat/arm64/CronetDynamite.odex". Will use given name.
08-05 20:55:58.690  2133  2268 E linker  : readlink('/proc/self/fd/34') failed: Permission denied [fd=34]
08-05 20:55:58.690  2133  2268 E linker  : warning: unable to get realpath for the library "/data/data/com.google.android.gms/app_chimera/m/00000038/n/arm64-v8a/libcronet.83.0.4103.106.so". Will use given name.
08-05 20:55:58.704   918  6110 D ConnectivityService: listenForNetwork for Listen from uid/pid:10064/2133 for NetworkRequest [ id=3550, legacyType=-1, [ Capabilities: INTERNET&NOT_RESTRICTED&TRUSTED] ]
08-05 20:55:58.716  2133  2268 I cr_CronetLibraryLoader: Cronet version: 83.0.4103.106, arch: aarch64
08-05 20:55:58.728 32542 32555 I art     : Starting a blocking GC Explicit
08-05 20:55:58.769 32542 32555 I art     : Explicit concurrent mark sweep GC freed 3068(242KB) AllocSpace objects, 3(156KB) LOS objects, 38% free, 25MB/41MB, paused 374us total 40.911ms
08-05 20:55:58.787 32542 32555 I art     : Starting a blocking GC Explicit
08-05 20:55:58.820   512  2967 D audio_hw_primary: disable_audio_route: reset and update mixer path: low-latency-playback speaker
08-05 20:55:58.821   512  2967 D audio_hw_primary: disable_snd_device: snd_device(2: speaker)
08-05 20:55:58.825 32542 32555 I art     : Explicit concurrent mark sweep GC freed 206(11KB) AllocSpace objects, 0(0B) LOS objects, 38% free, 25MB/41MB, paused 340us total 37.726ms
08-05 20:55:58.828   512  2967 I soundtrigger: audio_extn_sound_trigger_update_device_status: device 0x2 of type 0 for Event 0
08-05 20:55:58.842 32542 32555 I art     : Starting a blocking GC Explicit
08-05 20:55:58.878 32542 32555 I art     : Explicit concurrent mark sweep GC freed 9(304B) AllocSpace objects, 0(0B) LOS objects, 38% free, 25MB/41MB, paused 348us total 36.255ms
08-05 20:55:58.896 32542 32555 I art     : Starting a blocking GC Explicit
08-05 20:55:58.934 32542 32555 I art     : Explicit concurrent mark sweep GC freed 32(1360B) AllocSpace objects, 0(0B) LOS objects, 38% free, 25MB/41MB, paused 367us total 38.292ms
08-05 20:55:58.951 32542 32555 I art     : Starting a blocking GC Explicit
08-05 20:55:58.991 32542 32555 I art     : Explicit concurrent mark sweep GC freed 3(96B) AllocSpace objects, 0(0B) LOS objects, 38% free, 25MB/41MB, paused 385us total 39.677ms
08-05 20:55:59.095   918  5952 I AccountManagerService: getTypesVisibleToCaller: isPermitted? true
08-05 20:55:59.114 32448 32448 I ServiceManager: Waiting for service AtCmdFwd...
08-05 20:55:59.251   918  3188 I hubconnection: sensorhub said: 'set_bias 3: -5.7600, 0.0000, 0.0000'
08-05 20:55:59.268 32542   460 I art     : Starting a blocking GC Explicit
08-05 20:55:59.312 32542   460 I art     : Explicit concurrent mark sweep GC freed 1367(83KB) AllocSpace objects, 1(20KB) LOS objects, 38% free, 25MB/41MB, paused 401us total 43.169ms
08-05 20:55:59.330 32542   460 I art     : Starting a blocking GC Explicit
08-05 20:55:59.349   918  4400 I AccountManagerService: getTypesVisibleToCaller: isPermitted? true
08-05 20:55:59.359   918  3670 I AccountManagerService: getTypesVisibleToCaller: isPermitted? true
08-05 20:55:59.368 32542   460 I art     : Explicit concurrent mark sweep GC freed 20(704B) AllocSpace objects, 0(0B) LOS objects, 38% free, 25MB/41MB, paused 392us total 37.886ms
08-05 20:55:59.385   918  5132 I AccountManagerService: getTypesVisibleToCaller: isPermitted? true
08-05 20:55:59.385 32542   460 I art     : Starting a blocking GC Explicit
08-05 20:55:59.423 32542   460 I art     : Explicit concurrent mark sweep GC freed 3(96B) AllocSpace objects, 0(0B) LOS objects, 38% free, 25MB/41MB, paused 350us total 37.583ms
08-05 20:55:59.426  2109  2201 W DynamiteModule: Local module descriptor class for providerinstaller not found.
08-05 20:55:59.428 24365 24988 W ProviderHelper: Unknown dynamite feature providerinstaller
08-05 20:55:59.431  2109  2201 W ProviderInstaller: Failed to load providerinstaller module: No acceptable module found. Local version is 0 and remote version is 0.
08-05 20:55:59.440 32542   460 I art     : Starting a blocking GC Explicit
08-05 20:55:59.480 32542   460 I art     : Explicit concurrent mark sweep GC freed 3(96B) AllocSpace objects, 0(0B) LOS objects, 38% free, 25MB/41MB, paused 376us total 39.632ms
08-05 20:55:59.497 32542   460 I art     : Starting a blocking GC Explicit
08-05 20:55:59.500 32542  2386 D OK      : calling: https://oauth.reddit.com/r/announcements/hot/.json
08-05 20:55:59.539 32542   460 I art     : Explicit concurrent mark sweep GC freed 95(3KB) AllocSpace objects, 0(0B) LOS objects, 38% free, 25MB/41MB, paused 618us total 41.129ms
08-05 20:55:59.661 13866 13882 I PeriodicStatsRunner: PeriodicStatsRunner.call():175 call()
08-05 20:55:59.661 13866 13882 I PeriodicStatsRunner: PeriodicStatsRunner.call():179 No submit PeriodicStats since input started.
08-05 20:55:59.721 32542  2386 I NAPPA_EXPERIMENTATION: MetricNetworkRequestExecutionTime: REQUEST_DURATION_SYSTEM='220',REQUEST_DURATION_OKHTTP='217',REQUEST_SYNCHRONOUS='TRUE',RESPONSE_CODE='200',RESPONSE_METHOD='GET',RESPONSE_LENGTH_OKHTTP='-1',RESPONSE_LENGTH_HEADER='142016',REQUEST_PROTOCOL='h2',REQUEST_URL='https://oauth.reddit.com/r/announcements/hot/.json',
08-05 20:55:59.721 32542  2386 D OK      : request got status: 200
08-05 20:55:59.735 32542   896 I PostListingFragment: Precaching images: OFF
08-05 20:55:59.736 32542   896 I PostListingFragment: Precaching comments: OFF
08-05 20:55:59.832 32542 32555 I art     : Starting a blocking GC Explicit
08-05 20:55:59.884 32542 32555 I art     : Explicit concurrent mark sweep GC freed 5371(359KB) AllocSpace objects, 5(92KB) LOS objects, 36% free, 27MB/43MB, paused 772us total 51.697ms
08-05 20:55:59.899 32542  2397 D OK      : calling: https://b.thumbs.redditmedia.com/RROcLjDSUc0QV1UeQ1txXdyl1C_7233mmsMgtYXxQzo.jpg
08-05 20:55:59.903 32542 32555 I art     : Starting a blocking GC Explicit
08-05 20:55:59.938 32542  2398 D OK      : calling: https://a.thumbs.redditmedia.com/N-frnMqRYp_XiaGds7kPbHf82a876RNKSQ1iw0LzHR0.jpg
08-05 20:55:59.952 32542  2399 D OK      : calling: https://b.thumbs.redditmedia.com/KH2o_q4MXufUdRChsfwLtl6gnEnT8MJtZn3Tyj5ZmBU.jpg
08-05 20:55:59.954 32542 32555 I art     : Explicit concurrent mark sweep GC freed 3649(165KB) AllocSpace objects, 0(0B) LOS objects, 36% free, 27MB/43MB, paused 961us total 50.573ms
08-05 20:55:59.973 32542 32555 I art     : Starting a blocking GC Explicit
08-05 20:56:00.008 32542  2400 D OK      : calling: https://b.thumbs.redditmedia.com/MGaOJeZl7UsmdtroJopYU_36HUNvQ9LUV5WFH_FJ2vI.jpg
08-05 20:56:00.026 32542 32555 I art     : Explicit concurrent mark sweep GC freed 3781(193KB) AllocSpace objects, 1(24KB) LOS objects, 35% free, 28MB/44MB, paused 936us total 53.298ms
08-05 20:56:00.045 32542 32555 I art     : Starting a blocking GC Explicit
08-05 20:56:00.076 32542  2401 D OK      : calling: https://a.thumbs.redditmedia.com/-D0hxchgus9EyzvGqvnabK_3Obl93tMfG9G58V1QwW8.jpg
08-05 20:56:00.102 32542 32555 I art     : Explicit concurrent mark sweep GC freed 4890(270KB) AllocSpace objects, 1(24KB) LOS objects, 35% free, 29MB/45MB, paused 1.283ms total 56.994ms
08-05 20:56:00.103 32542  2402 D OK      : calling: https://b.thumbs.redditmedia.com/zCaV9kuSMZxmMvdmErGyUsYNdPrmX8LP9_Ee4QTT16g.jpg
08-05 20:56:00.114 32448 32448 I ServiceManager: Waiting for service AtCmdFwd...
08-05 20:56:00.120 32542  2403 D OK      : calling: https://b.thumbs.redditmedia.com/4EGkxZNzrzt-RCtd035cWyO0BipdbDVuPwi4W2v4TyM.jpg
08-05 20:56:00.123 32542 32555 I art     : Starting a blocking GC Explicit
08-05 20:56:00.166 32542  2412 D OK      : calling: https://a.thumbs.redditmedia.com/aVhMBmGX07uX0KhK0rKdhMvQ4UsOJIHN4KeTaa36EF4.jpg
08-05 20:56:00.181 32542 32555 I art     : Explicit concurrent mark sweep GC freed 12672(551KB) AllocSpace objects, 2(104KB) LOS objects, 35% free, 29MB/45MB, paused 996us total 57.507ms
08-05 20:56:00.307 32542 32542 W RecyclerView: Cannot call this method in a scroll callback. Scroll callbacks mightbe run during a measure & layout pass where you cannot change theRecyclerView data. Any method call that might change the structureof the RecyclerView or the adapter contents should be postponed tothe next frame.
08-05 20:56:00.307 32542 32542 W RecyclerView: java.lang.IllegalStateException:  androidx.recyclerview.widget.RecyclerView{4fab349 VFED..... .F....ID 0,0-1440,2140 #7f0900ef app:id/scrollbar_recyclerview_recyclerview}, adapter:baseline.org.quantumbadger.redreader.adapters.GroupedRecyclerViewAdapter@4d4c44e, layout:androidx.recyclerview.widget.LinearLayoutManager@4bb896f, context:baseline.org.quantumbadger.redreader.activities.PostListingActivity@ec4c270
08-05 20:56:00.307 32542 32542 W RecyclerView: 	at androidx.recyclerview.widget.RecyclerView.assertNotInLayoutOrScroll(RecyclerView.java:3061)
08-05 20:56:00.307 32542 32542 W RecyclerView: 	at androidx.recyclerview.widget.RecyclerView$RecyclerViewDataObserver.onItemRangeInserted(RecyclerView.java:5555)
08-05 20:56:00.307 32542 32542 W RecyclerView: 	at androidx.recyclerview.widget.RecyclerView$AdapterDataObservable.notifyItemRangeInserted(RecyclerView.java:12278)
08-05 20:56:00.307 32542 32542 W RecyclerView: 	at androidx.recyclerview.widget.RecyclerView$Adapter.notifyItemInserted(RecyclerView.java:7464)
08-05 20:56:00.307 32542 32542 W RecyclerView: 	at baseline.org.quantumbadger.redreader.adapters.GroupedRecyclerViewAdapter.updateHiddenStatus(GroupedRecyclerViewAdapter.java:279)
08-05 20:56:00.307 32542 32542 W RecyclerView: 	at baseline.org.quantumbadger.redreader.adapters.RedditListingManager.setLoadingVisible(RedditListingManager.java:125)
08-05 20:56:00.307 32542 32542 W RecyclerView: 	at baseline.org.quantumbadger.redreader.fragments.PostListingFragment.onLoadMoreItemsCheck(PostListingFragment.java:465)
08-05 20:56:00.307 32542 32542 W RecyclerView: 	at baseline.org.quantumbadger.redreader.fragments.PostListingFragment.access$000(PostListingFragment.java:98)
08-05 20:56:00.307 32542 32542 W RecyclerView: 	at baseline.org.quantumbadger.redreader.fragments.PostListingFragment$2.onScrolled(PostListingFragment.java:215)
08-05 20:56:00.307 32542 32542 W RecyclerView: 	at androidx.recyclerview.widget.RecyclerView.dispatchOnScrolled(RecyclerView.java:5173)
08-05 20:56:00.307 32542 32542 W RecyclerView: 	at androidx.recyclerview.widget.RecyclerView.dispatchLayoutStep3(RecyclerView.java:4231)
08-05 20:56:00.307 32542 32542 W RecyclerView: 	at androidx.recyclerview.widget.RecyclerView.dispatchLayout(RecyclerView.java:3862)
08-05 20:56:00.307 32542 32542 W RecyclerView: 	at androidx.recyclerview.widget.RecyclerView.consumePendingUpdateOperations(RecyclerView.java:1897)
08-05 20:56:00.307 32542 32542 W RecyclerView: 	at androidx.recyclerview.widget.RecyclerView$1.run(RecyclerView.java:414)
08-05 20:56:00.307 32542 32542 W RecyclerView: 	at android.view.Choreographer$CallbackRecord.run(Choreographer.java:858)
08-05 20:56:00.307 32542 32542 W RecyclerView: 	at android.view.Choreographer.doCallbacks(Choreographer.java:670)
08-05 20:56:00.307 32542 32542 W RecyclerView: 	at android.view.Choreographer.doFrame(Choreographer.java:603)
08-05 20:56:00.307 32542 32542 W RecyclerView: 	at android.view.Choreographer$FrameDisplayEventReceiver.run(Choreographer.java:844)
08-05 20:56:00.307 32542 32542 W RecyclerView: 	at android.os.Handler.handleCallback(Handler.java:739)
08-05 20:56:00.307 32542 32542 W RecyclerView: 	at android.os.Handler.dispatchMessage(Handler.java:95)
08-05 20:56:00.307 32542 32542 W RecyclerView: 	at android.os.Looper.loop(Looper.java:148)
08-05 20:56:00.307 32542 32542 W RecyclerView: 	at android.app.ActivityThread.main(ActivityThread.java:5417)
08-05 20:56:00.307 32542 32542 W RecyclerView: 	at java.lang.reflect.Method.invoke(Native Method)
08-05 20:56:00.307 32542 32542 W RecyclerView: 	at com.android.internal.os.ZygoteInit$MethodAndArgsCaller.run(ZygoteInit.java:726)
08-05 20:56:00.307 32542 32542 W RecyclerView: 	at com.android.internal.os.ZygoteInit.main(ZygoteInit.java:616)
08-05 20:56:00.345 32542  2397 I NAPPA_EXPERIMENTATION: MetricNetworkRequestExecutionTime: REQUEST_DURATION_SYSTEM='445',REQUEST_DURATION_OKHTTP='204',REQUEST_SYNCHRONOUS='TRUE',RESPONSE_CODE='200',RESPONSE_METHOD='GET',RESPONSE_LENGTH_OKHTTP='2558',RESPONSE_LENGTH_HEADER='2558',REQUEST_PROTOCOL='h2',REQUEST_URL='https://b.thumbs.redditmedia.com/RROcLjDSUc0QV1UeQ1txXdyl1C_7233mmsMgtYXxQzo.jpg',
08-05 20:56:00.345 32542  2397 D OK      : request got status: 200
08-05 20:56:00.464 32542 32563 I art     : Starting a blocking GC Explicit
08-05 20:56:00.519 32542 32563 I art     : Explicit concurrent mark sweep GC freed 70026(3MB) AllocSpace objects, 11(308KB) LOS objects, 37% free, 26MB/42MB, paused 918us total 54.972ms
08-05 20:56:00.520 32542  2400 I NAPPA_EXPERIMENTATION: MetricNetworkRequestExecutionTime: REQUEST_DURATION_SYSTEM='512',REQUEST_DURATION_OKHTTP='375',REQUEST_SYNCHRONOUS='TRUE',RESPONSE_CODE='200',RESPONSE_METHOD='GET',RESPONSE_LENGTH_OKHTTP='4804',RESPONSE_LENGTH_HEADER='4804',REQUEST_PROTOCOL='h2',REQUEST_URL='https://b.thumbs.redditmedia.com/MGaOJeZl7UsmdtroJopYU_36HUNvQ9LUV5WFH_FJ2vI.jpg',
08-05 20:56:00.520 32542  2400 D OK      : request got status: 200
08-05 20:56:00.536 32542 32563 I art     : Starting a blocking GC Explicit
08-05 20:56:00.562 32542  2398 I NAPPA_EXPERIMENTATION: MetricNetworkRequestExecutionTime: REQUEST_DURATION_SYSTEM='624',REQUEST_DURATION_OKHTTP='411',REQUEST_SYNCHRONOUS='TRUE',RESPONSE_CODE='200',RESPONSE_METHOD='GET',RESPONSE_LENGTH_OKHTTP='3750',RESPONSE_LENGTH_HEADER='3750',REQUEST_PROTOCOL='h2',REQUEST_URL='https://a.thumbs.redditmedia.com/N-frnMqRYp_XiaGds7kPbHf82a876RNKSQ1iw0LzHR0.jpg',
08-05 20:56:00.562 32542  2398 D OK      : request got status: 200
08-05 20:56:00.577 32542  2399 I NAPPA_EXPERIMENTATION: MetricNetworkRequestExecutionTime: REQUEST_DURATION_SYSTEM='625',REQUEST_DURATION_OKHTTP='419',REQUEST_SYNCHRONOUS='TRUE',RESPONSE_CODE='200',RESPONSE_METHOD='GET',RESPONSE_LENGTH_OKHTTP='2613',RESPONSE_LENGTH_HEADER='2613',REQUEST_PROTOCOL='h2',REQUEST_URL='https://b.thumbs.redditmedia.com/KH2o_q4MXufUdRChsfwLtl6gnEnT8MJtZn3Tyj5ZmBU.jpg',
08-05 20:56:00.577 32542  2399 D OK      : request got status: 200
08-05 20:56:00.580 32542 32563 I art     : Explicit concurrent mark sweep GC freed 1473(135KB) AllocSpace objects, 10(588KB) LOS objects, 37% free, 26MB/42MB, paused 890us total 43.191ms
08-05 20:56:00.593 32542  2412 I NAPPA_EXPERIMENTATION: MetricNetworkRequestExecutionTime: REQUEST_DURATION_SYSTEM='426',REQUEST_DURATION_OKHTTP='426',REQUEST_SYNCHRONOUS='TRUE',RESPONSE_CODE='200',RESPONSE_METHOD='GET',RESPONSE_LENGTH_OKHTTP='6940',RESPONSE_LENGTH_HEADER='6940',REQUEST_PROTOCOL='h2',REQUEST_URL='https://a.thumbs.redditmedia.com/aVhMBmGX07uX0KhK0rKdhMvQ4UsOJIHN4KeTaa36EF4.jpg',
08-05 20:56:00.594 32542  2412 D OK      : request got status: 200
08-05 20:56:00.597 32542 32563 I art     : Starting a blocking GC Explicit
08-05 20:56:00.600 32542  2402 I NAPPA_EXPERIMENTATION: MetricNetworkRequestExecutionTime: REQUEST_DURATION_SYSTEM='497',REQUEST_DURATION_OKHTTP='352',REQUEST_SYNCHRONOUS='TRUE',RESPONSE_CODE='200',RESPONSE_METHOD='GET',RESPONSE_LENGTH_OKHTTP='6132',RESPONSE_LENGTH_HEADER='6132',REQUEST_PROTOCOL='h2',REQUEST_URL='https://b.thumbs.redditmedia.com/zCaV9kuSMZxmMvdmErGyUsYNdPrmX8LP9_Ee4QTT16g.jpg',
08-05 20:56:00.601 32542  2402 D OK      : request got status: 200
08-05 20:56:00.629 32542  2401 I NAPPA_EXPERIMENTATION: MetricNetworkRequestExecutionTime: REQUEST_DURATION_SYSTEM='553',REQUEST_DURATION_OKHTTP='390',REQUEST_SYNCHRONOUS='TRUE',RESPONSE_CODE='200',RESPONSE_METHOD='GET',RESPONSE_LENGTH_OKHTTP='4818',RESPONSE_LENGTH_HEADER='4818',REQUEST_PROTOCOL='h2',REQUEST_URL='https://a.thumbs.redditmedia.com/-D0hxchgus9EyzvGqvnabK_3Obl93tMfG9G58V1QwW8.jpg',
08-05 20:56:00.630 32542  2401 D OK      : request got status: 200
08-05 20:56:00.631 32542  2403 I NAPPA_EXPERIMENTATION: MetricNetworkRequestExecutionTime: REQUEST_DURATION_SYSTEM='511',REQUEST_DURATION_OKHTTP='376',REQUEST_SYNCHRONOUS='TRUE',RESPONSE_CODE='200',RESPONSE_METHOD='GET',RESPONSE_LENGTH_OKHTTP='4987',RESPONSE_LENGTH_HEADER='4987',REQUEST_PROTOCOL='h2',REQUEST_URL='https://b.thumbs.redditmedia.com/4EGkxZNzrzt-RCtd035cWyO0BipdbDVuPwi4W2v4TyM.jpg',
08-05 20:56:00.631 32542  2403 D OK      : request got status: 200
08-05 20:56:00.638 32542 32563 I art     : Explicit concurrent mark sweep GC freed 1255(115KB) AllocSpace objects, 9(664KB) LOS objects, 36% free, 27MB/43MB, paused 841us total 40.542ms
08-05 20:56:00.655 32542 32563 I art     : Starting a blocking GC Explicit
08-05 20:56:00.694 32542 32563 I art     : Explicit concurrent mark sweep GC freed 1058(207KB) AllocSpace objects, 17(772KB) LOS objects, 36% free, 28MB/44MB, paused 398us total 39.235ms
08-05 20:56:00.701 32542  2427 D OK      : calling: https://oauth.reddit.com/r/announcements/hot/.json?after=t3_9jf8nh
08-05 20:56:00.712 32542 32563 I art     : Starting a blocking GC Explicit
08-05 20:56:00.749 32542 32563 I art     : Explicit concurrent mark sweep GC freed 930(64KB) AllocSpace objects, 6(668KB) LOS objects, 36% free, 27MB/43MB, paused 368us total 36.996ms
08-05 20:56:00.958 32542  2427 I NAPPA_EXPERIMENTATION: MetricNetworkRequestExecutionTime: REQUEST_DURATION_SYSTEM='257',REQUEST_DURATION_OKHTTP='150',REQUEST_SYNCHRONOUS='TRUE',RESPONSE_CODE='200',RESPONSE_METHOD='GET',RESPONSE_LENGTH_OKHTTP='-1',RESPONSE_LENGTH_HEADER='65685',REQUEST_PROTOCOL='h2',REQUEST_URL='https://oauth.reddit.com/r/announcements/hot/.json?after=t3_9jf8nh',
08-05 20:56:00.959 32542  2427 D OK      : request got status: 200
08-05 20:56:00.975 32542   896 I PostListingFragment: Precaching images: OFF
08-05 20:56:00.975 32542   896 I PostListingFragment: Precaching comments: OFF
08-05 20:56:01.009 32542  2445 D OK      : calling: https://a.thumbs.redditmedia.com/8P7BG-empihRDWkNYE_LZ8tekikmQtEiymWkwv7obo0.jpg
08-05 20:56:01.035 32542   460 I art     : Starting a blocking GC Explicit
08-05 20:56:01.053 32542  2446 D OK      : calling: https://b.thumbs.redditmedia.com/PCxvz6Ma5pyTglQOwhW4LZZOY0qIwyWW5pD83dYmMgc.jpg
08-05 20:56:01.088 32542   460 I art     : Explicit concurrent mark sweep GC freed 9753(583KB) AllocSpace objects, 3(52KB) LOS objects, 35% free, 29MB/45MB, paused 910us total 53.329ms
08-05 20:56:01.107 32542   460 I art     : Starting a blocking GC Explicit
08-05 20:56:01.114 32448 32448 I ServiceManager: Waiting for service AtCmdFwd...
08-05 20:56:01.159 32542   460 I art     : Explicit concurrent mark sweep GC freed 6179(283KB) AllocSpace objects, 2(92KB) LOS objects, 35% free, 28MB/44MB, paused 879us total 51.860ms
08-05 20:56:01.171 32542  2445 I NAPPA_EXPERIMENTATION: MetricNetworkRequestExecutionTime: REQUEST_DURATION_SYSTEM='162',REQUEST_DURATION_OKHTTP='161',REQUEST_SYNCHRONOUS='TRUE',RESPONSE_CODE='200',RESPONSE_METHOD='GET',RESPONSE_LENGTH_OKHTTP='3039',RESPONSE_LENGTH_HEADER='3039',REQUEST_PROTOCOL='h2',REQUEST_URL='https://a.thumbs.redditmedia.com/8P7BG-empihRDWkNYE_LZ8tekikmQtEiymWkwv7obo0.jpg',
08-05 20:56:01.171 32542  2445 D OK      : request got status: 200
08-05 20:56:01.178 32542   460 I art     : Starting a blocking GC Explicit
08-05 20:56:01.229 32542   460 I art     : Explicit concurrent mark sweep GC freed 3743(216KB) AllocSpace objects, 6(596KB) LOS objects, 35% free, 29MB/45MB, paused 675us total 50.933ms
08-05 20:56:01.248 32542   460 I art     : Starting a blocking GC Explicit
08-05 20:56:01.304   518   646 I ThermalEngine: ACTION: GPU - Setting GPU[0] to 390000000
08-05 20:56:01.313 32542   460 I art     : Explicit concurrent mark sweep GC freed 3855(142KB) AllocSpace objects, 1(68KB) LOS objects, 35% free, 29MB/45MB, paused 8.466ms total 64.226ms
08-05 20:56:01.318 32542  2446 I NAPPA_EXPERIMENTATION: MetricNetworkRequestExecutionTime: REQUEST_DURATION_SYSTEM='265',REQUEST_DURATION_OKHTTP='174',REQUEST_SYNCHRONOUS='TRUE',RESPONSE_CODE='200',RESPONSE_METHOD='GET',RESPONSE_LENGTH_OKHTTP='9233',RESPONSE_LENGTH_HEADER='9233',REQUEST_PROTOCOL='h2',REQUEST_URL='https://b.thumbs.redditmedia.com/PCxvz6Ma5pyTglQOwhW4LZZOY0qIwyWW5pD83dYmMgc.jpg',
08-05 20:56:01.319 32542  2446 D OK      : request got status: 200
08-05 20:56:01.342 32542   460 I art     : Starting a blocking GC Explicit
08-05 20:56:01.406 32542   460 I art     : Explicit concurrent mark sweep GC freed 3353(184KB) AllocSpace objects, 4(188KB) LOS objects, 35% free, 29MB/45MB, paused 638us total 63.040ms
08-05 20:56:01.438 13866 13882 I PeriodicStatsRunner: PeriodicStatsRunner.call():175 call()
08-05 20:56:01.439 13866 13882 I PeriodicStatsRunner: PeriodicStatsRunner.call():179 No submit PeriodicStats since input started.
08-05 20:56:01.741 32542 32555 I art     : Starting a blocking GC Explicit
08-05 20:56:01.814 32542 32555 I art     : Explicit concurrent mark sweep GC freed 18369(941KB) AllocSpace objects, 8(196KB) LOS objects, 36% free, 28MB/44MB, paused 924us total 73.183ms
08-05 20:56:01.840 32542 32555 I art     : Starting a blocking GC Explicit
08-05 20:56:01.897 32542 32555 I art     : Explicit concurrent mark sweep GC freed 23(800B) AllocSpace objects, 0(0B) LOS objects, 36% free, 28MB/44MB, paused 531us total 56.422ms
08-05 20:56:01.922 32542 32555 I art     : Starting a blocking GC Explicit
08-05 20:56:01.983 32542 32555 I art     : Explicit concurrent mark sweep GC freed 3(96B) AllocSpace objects, 0(0B) LOS objects, 36% free, 28MB/44MB, paused 646us total 59.858ms
08-05 20:56:02.013 32542 32555 I art     : Starting a blocking GC Explicit
08-05 20:56:02.074 32542 32555 I art     : Explicit concurrent mark sweep GC freed 3(96B) AllocSpace objects, 0(0B) LOS objects, 36% free, 28MB/44MB, paused 870us total 60.655ms
08-05 20:56:02.101 32542 32555 I art     : Starting a blocking GC Explicit
08-05 20:56:02.115 32448 32448 W Atfwd_Sendcmd: AtCmdFwd service not published, waiting... retryCnt : 2
08-05 20:56:02.159 32542 32555 I art     : Explicit concurrent mark sweep GC freed 3(96B) AllocSpace objects, 0(0B) LOS objects, 36% free, 28MB/44MB, paused 577us total 56.828ms
08-05 20:56:02.498 32542 32553 I art     : Starting a blocking GC Explicit
08-05 20:56:02.571 32542 32553 I art     : Explicit concurrent mark sweep GC freed 1344(82KB) AllocSpace objects, 1(20KB) LOS objects, 36% free, 28MB/44MB, paused 786us total 72.055ms
08-05 20:56:02.601 32542 32553 I art     : Starting a blocking GC Explicit
08-05 20:56:02.660 32542 32553 I art     : Explicit concurrent mark sweep GC freed 20(704B) AllocSpace objects, 0(0B) LOS objects, 36% free, 28MB/44MB, paused 824us total 58.547ms
08-05 20:56:02.690 32542 32553 I art     : Starting a blocking GC Explicit
08-05 20:56:02.750 32542 32553 I art     : Explicit concurrent mark sweep GC freed 3(96B) AllocSpace objects, 0(0B) LOS objects, 36% free, 28MB/44MB, paused 770us total 59.424ms
08-05 20:56:02.780 32542 32553 I art     : Starting a blocking GC Explicit
08-05 20:56:02.837 32542 32553 I art     : Explicit concurrent mark sweep GC freed 3(96B) AllocSpace objects, 0(0B) LOS objects, 36% free, 28MB/44MB, paused 523us total 56.736ms
08-05 20:56:02.862 32542 32553 I art     : Starting a blocking GC Explicit
08-05 20:56:02.919 32542 32553 I art     : Explicit concurrent mark sweep GC freed 3(96B) AllocSpace objects, 0(0B) LOS objects, 36% free, 28MB/44MB, paused 712us total 56.068ms
08-05 20:56:03.251 32542  1481 I art     : Starting a blocking GC Explicit
08-05 20:56:03.307   518   646 I ThermalEngine: ACTION: GPU - Setting GPU[0] to 450000000
08-05 20:56:03.325 32542  1481 I art     : Explicit concurrent mark sweep GC freed 1344(82KB) AllocSpace objects, 1(20KB) LOS objects, 36% free, 28MB/44MB, paused 354us total 72.972ms
08-05 20:56:03.343 32542  1481 I art     : Starting a blocking GC Explicit
08-05 20:56:03.368 13866 13882 I PeriodicStatsRunner: PeriodicStatsRunner.call():175 call()
08-05 20:56:03.368 13866 13882 I PeriodicStatsRunner: PeriodicStatsRunner.call():179 No submit PeriodicStats since input started.
08-05 20:56:03.389 32542  1481 I art     : Explicit concurrent mark sweep GC freed 20(704B) AllocSpace objects, 0(0B) LOS objects, 36% free, 28MB/44MB, paused 383us total 45.251ms
08-05 20:56:03.408 32542  1481 I art     : Starting a blocking GC Explicit
08-05 20:56:03.457 32542  1481 I art     : Explicit concurrent mark sweep GC freed 3(96B) AllocSpace objects, 0(0B) LOS objects, 36% free, 28MB/44MB, paused 551us total 49.677ms
08-05 20:56:03.476 32542  1481 I art     : Starting a blocking GC Explicit
08-05 20:56:03.489  2133  2252 W ConnectionTracker: Exception thrown while unbinding
08-05 20:56:03.489  2133  2252 W ConnectionTracker: java.lang.IllegalArgumentException: Service not registered: lu@1dbaae3
08-05 20:56:03.489  2133  2252 W ConnectionTracker: 	at android.app.LoadedApk.forgetServiceDispatcher(LoadedApk.java:1044)
08-05 20:56:03.489  2133  2252 W ConnectionTracker: 	at android.app.ContextImpl.unbindService(ContextImpl.java:1337)
08-05 20:56:03.489  2133  2252 W ConnectionTracker: 	at android.content.ContextWrapper.unbindService(ContextWrapper.java:616)
08-05 20:56:03.489  2133  2252 W ConnectionTracker: 	at cg.b(:com.google.android.gms.dynamite_measurementdynamite@202614048@20.26.14 (040400-0):1)
08-05 20:56:03.489  2133  2252 W ConnectionTracker: 	at cg.a(:com.google.android.gms.dynamite_measurementdynamite@202614048@20.26.14 (040400-0):6)
08-05 20:56:03.489  2133  2252 W ConnectionTracker: 	at lv.A(:com.google.android.gms.dynamite_measurementdynamite@202614048@20.26.14 (040400-0):10)
08-05 20:56:03.489  2133  2252 W ConnectionTracker: 	at lg.a(:com.google.android.gms.dynamite_measurementdynamite@202614048@20.26.14 (040400-0):3)
08-05 20:56:03.489  2133  2252 W ConnectionTracker: 	at dz.run(:com.google.android.gms.dynamite_measurementdynamite@202614048@20.26.14 (040400-0):3)
08-05 20:56:03.489  2133  2252 W ConnectionTracker: 	at java.util.concurrent.Executors$RunnableAdapter.call(Executors.java:423)
08-05 20:56:03.489  2133  2252 W ConnectionTracker: 	at java.util.concurrent.FutureTask.run(FutureTask.java:237)
08-05 20:56:03.489  2133  2252 W ConnectionTracker: 	at jb.run(:com.google.android.gms.dynamite_measurementdynamite@202614048@20.26.14 (040400-0):6)
08-05 20:56:03.522 32542  1481 I art     : Explicit concurrent mark sweep GC freed 3(96B) AllocSpace objects, 0(0B) LOS objects, 36% free, 28MB/44MB, paused 361us total 45.514ms
08-05 20:56:03.540 32542  1481 I art     : Starting a blocking GC Explicit
08-05 20:56:03.584 32542  1481 I art     : Explicit concurrent mark sweep GC freed 3(96B) AllocSpace objects, 0(0B) LOS objects, 36% free, 28MB/44MB, paused 370us total 43.208ms
08-05 20:56:03.918 32542 32563 I art     : Starting a blocking GC Explicit
08-05 20:56:03.973 32542 32563 I art     : Explicit concurrent mark sweep GC freed 1349(82KB) AllocSpace objects, 1(20KB) LOS objects, 36% free, 28MB/44MB, paused 436us total 54.322ms
08-05 20:56:03.994 32542 32563 I art     : Starting a blocking GC Explicit
08-05 20:56:04.042 32542 32563 I art     : Explicit concurrent mark sweep GC freed 20(704B) AllocSpace objects, 0(0B) LOS objects, 36% free, 28MB/44MB, paused 409us total 47.931ms
08-05 20:56:04.059  2480  2480 D AndroidRuntime: >>>>>> START com.android.internal.os.RuntimeInit uid 2000 <<<<<<
08-05 20:56:04.062 32542 32563 I art     : Starting a blocking GC Explicit
08-05 20:56:04.065  2480  2480 D AndroidRuntime: CheckJNI is OFF
08-05 20:56:04.107 32542 32563 I art     : Explicit concurrent mark sweep GC freed 3(96B) AllocSpace objects, 0(0B) LOS objects, 36% free, 28MB/44MB, paused 457us total 45.168ms
08-05 20:56:04.110  2480  2480 D ICU     : No timezone override file found: /data/misc/zoneinfo/current/icu/icu_tzdata.dat
08-05 20:56:04.125 32542 32563 I art     : Starting a blocking GC Explicit
08-05 20:56:04.153  2480  2480 I Radio-JNI: register_android_hardware_Radio DONE
08-05 20:56:04.172 32542 32563 I art     : Explicit concurrent mark sweep GC freed 3(96B) AllocSpace objects, 0(0B) LOS objects, 36% free, 28MB/44MB, paused 360us total 46.450ms
08-05 20:56:04.184  2480  2480 D AndroidRuntime: Calling main entry com.android.commands.input.Input
08-05 20:56:04.187  2480  2480 I Input   : injectMotionEvent: MotionEvent { action=ACTION_DOWN, actionButton=0, id[0]=0, x[0]=600.0, y[0]=580.0, toolType[0]=TOOL_TYPE_UNKNOWN, buttonState=0, metaState=0, flags=0x0, edgeFlags=0x0, pointerCount=1, historySize=0, eventTime=824180599, downTime=824180599, deviceId=0, source=0x1002 }
08-05 20:56:04.190 32542 32563 I art     : Starting a blocking GC Explicit
08-05 20:56:04.194  2480  2480 I Input   : injectMotionEvent: MotionEvent { action=ACTION_UP, actionButton=0, id[0]=0, x[0]=600.0, y[0]=580.0, toolType[0]=TOOL_TYPE_UNKNOWN, buttonState=0, metaState=0, flags=0x0, edgeFlags=0x0, pointerCount=1, historySize=0, eventTime=824180599, downTime=824180599, deviceId=0, source=0x1002 }
08-05 20:56:04.195  2480  2480 D AndroidRuntime: Shutting down VM
08-05 20:56:04.214   512  2967 D audio_hw_primary: out_set_parameters: enter: usecase(1: low-latency-playback) kvpairs: routing=2
08-05 20:56:04.217   918   928 I ActivityManager: START u0 {cmp=baseline.org.quantumbadger.redreader/.activities.WebViewActivity (has extras)} from uid 10689 on display 0
08-05 20:56:04.227   512  2967 D audio_hw_primary: select_devices: out_snd_device(2: speaker) in_snd_device(0: none)
08-05 20:56:04.227   512  2967 D msm8974_platform: platform_send_audio_calibration: sending audio calibration for snd_device(2) acdb_id(15)
08-05 20:56:04.227   512  2967 I soundtrigger: audio_extn_sound_trigger_update_device_status: device 0x2 of type 0 for Event 1
08-05 20:56:04.236 32542 32563 I art     : Explicit concurrent mark sweep GC freed 175(10KB) AllocSpace objects, 0(0B) LOS objects, 36% free, 28MB/44MB, paused 543us total 46.135ms
08-05 20:56:04.241   512  2967 D audio_hw_primary: enable_snd_device: snd_device(2: speaker)
08-05 20:56:04.243   512  2967 D audio_hw_primary: enable_audio_route: apply and update mixer path: low-latency-playback speaker
08-05 20:56:04.246 32542 32542 I AppCompatViewInflater: app:theme is now deprecated. Please move to using android:theme instead.
08-05 20:56:04.264 32542 32542 I WebViewFactory: Loading com.google.android.webview version 84.0.4147.89 (code 414708953)
08-05 20:56:04.347 32542 32542 I cr_LibraryLoader: Loaded native library version number "84.0.4147.89"
08-05 20:56:04.348 32542 32542 I cr_CachingUmaRecorder: Flushed 5 samples from 5 histograms.
08-05 20:56:04.389 32542 32542 E chromium: [ERROR:filesystem_posix.cc(62)] mkdir /data/user/0/baseline.org.quantumbadger.redreader/cache/WebView/Crashpad: No such file or directory (2)
08-05 20:56:04.510   918  6111 D ConnectivityService: listenForNetwork for Listen from uid/pid:10689/32542 for NetworkRequest [ id=3551, legacyType=-1, [ Capabilities: INTERNET&NOT_RESTRICTED&TRUSTED] ]
08-05 20:56:04.558 32542  1481 I art     : Starting a blocking GC Explicit
08-05 20:56:04.572 32542  2532 W cr_media: Requires BLUETOOTH permission
08-05 20:56:04.591 32542  2548 E libEGL  : validate_display:255 error 3008 (EGL_BAD_DISPLAY)
08-05 20:56:04.636 24365 12324 I NetworkScheduler.Stats: Task com.google.android.gms/com.google.android.gms.icing.service.IcingGcmTaskService started execution. cause:4 exec_start_elapsed_seconds: 1807568 [CONTEXT service_id=218 ]
08-05 20:56:04.637 32542  1481 I art     : Explicit concurrent mark sweep GC freed 16686(1392KB) AllocSpace objects, 6(136KB) LOS objects, 35% free, 29MB/45MB, paused 870us total 79.074ms
08-05 20:56:04.661 32542  1481 I art     : Starting a blocking GC Explicit
08-05 20:56:04.663 24365  4416 I NetworkScheduler.Stats: Task com.google.android.gms/com.google.android.gms.icing.service.IcingGcmTaskService finished executing. cause:4 result: 1 elapsed_millis: 46 uptime_millis: 46 exec_start_elapsed_seconds: 1807568 [CONTEXT service_id=218 ]
08-05 20:56:04.706 32542  1481 I art     : Explicit concurrent mark sweep GC freed 864(51KB) AllocSpace objects, 0(0B) LOS objects, 35% free, 29MB/45MB, paused 1.108ms total 44.477ms
08-05 20:56:04.730 32542  1481 I art     : Starting a blocking GC Explicit
08-05 20:56:04.755 13866 13866 I GoogleInputMethodServic: GoogleInputMethodService.onFinishInput():3138 
08-05 20:56:04.755 13866 13866 I GoogleInputMethodServic: GoogleInputMethodService.onStartInput():1808 
08-05 20:56:04.755   918   936 I ActivityManager: Displayed baseline.org.quantumbadger.redreader/.activities.WebViewActivity: +527ms
08-05 20:56:04.770 32542  1481 I art     : Explicit concurrent mark sweep GC freed 606(30KB) AllocSpace objects, 0(0B) LOS objects, 35% free, 29MB/45MB, paused 583us total 39.906ms
08-05 20:56:04.788 32542  1481 I art     : Starting a blocking GC Explicit
08-05 20:56:04.789   512  2967 D audio_hw_primary: disable_audio_route: reset and update mixer path: low-latency-playback speaker
08-05 20:56:04.789   512  2967 D audio_hw_primary: disable_snd_device: snd_device(2: speaker)
08-05 20:56:04.799   512  2967 I soundtrigger: audio_extn_sound_trigger_update_device_status: device 0x2 of type 0 for Event 0
08-05 20:56:04.832 32542  1481 I art     : Explicit concurrent mark sweep GC freed 2959(156KB) AllocSpace objects, 2(120KB) LOS objects, 35% free, 29MB/45MB, paused 527us total 44.131ms
08-05 20:56:04.850 32542  1481 I art     : Starting a blocking GC Explicit
08-05 20:56:04.891 32542  1481 I art     : Explicit concurrent mark sweep GC freed 950(118KB) AllocSpace objects, 1(80KB) LOS objects, 35% free, 29MB/45MB, paused 429us total 40.583ms
08-05 20:56:04.993   380   380 W SurfaceFlinger: couldn't log to binary event log: overflow.
08-05 20:56:05.225 32542  1481 I art     : Starting a blocking GC Explicit
08-05 20:56:05.276 32542  1481 I art     : Explicit concurrent mark sweep GC freed 2569(165KB) AllocSpace objects, 1(20KB) LOS objects, 35% free, 29MB/45MB, paused 563us total 50.475ms
08-05 20:56:05.294 32542  1481 I art     : Starting a blocking GC Explicit
08-05 20:56:05.334 32542  1481 I art     : Explicit concurrent mark sweep GC freed 1980(87KB) AllocSpace objects, 0(0B) LOS objects, 35% free, 29MB/45MB, paused 599us total 40.040ms
08-05 20:56:05.352 32542  1481 I art     : Starting a blocking GC Explicit
08-05 20:56:05.393 32542  1481 I art     : Explicit concurrent mark sweep GC freed 49(1600B) AllocSpace objects, 0(0B) LOS objects, 35% free, 29MB/45MB, paused 582us total 41.291ms
08-05 20:56:05.411 32542  1481 I art     : Starting a blocking GC Explicit
08-05 20:56:05.454 32542  1481 I art     : Explicit concurrent mark sweep GC freed 1970(81KB) AllocSpace objects, 0(0B) LOS objects, 35% free, 29MB/45MB, paused 620us total 42.614ms
08-05 20:56:05.475 32542  1481 I art     : Starting a blocking GC Explicit
08-05 20:56:05.518 32542  1481 I art     : Explicit concurrent mark sweep GC freed 49(1600B) AllocSpace objects, 0(0B) LOS objects, 35% free, 29MB/45MB, paused 598us total 42.400ms
08-05 20:56:05.846 32542 32563 I art     : Starting a blocking GC Explicit
08-05 20:56:05.887 32542 32563 I art     : Explicit concurrent mark sweep GC freed 1356(82KB) AllocSpace objects, 1(20KB) LOS objects, 35% free, 29MB/45MB, paused 518us total 40.060ms
08-05 20:56:05.906 32542 32563 I art     : Starting a blocking GC Explicit
08-05 20:56:05.946 32542 32563 I art     : Explicit concurrent mark sweep GC freed 20(704B) AllocSpace objects, 0(0B) LOS objects, 35% free, 29MB/45MB, paused 580us total 39.776ms
08-05 20:56:05.964 32542 32563 I art     : Starting a blocking GC Explicit
08-05 20:56:06.004 32542 32563 I art     : Explicit concurrent mark sweep GC freed 3(96B) AllocSpace objects, 0(0B) LOS objects, 35% free, 29MB/45MB, paused 564us total 40.266ms
08-05 20:56:06.021 32542 32563 I art     : Starting a blocking GC Explicit
08-05 20:56:06.063 32542 32563 I art     : Explicit concurrent mark sweep GC freed 3(96B) AllocSpace objects, 0(0B) LOS objects, 35% free, 29MB/45MB, paused 501us total 40.985ms
08-05 20:56:06.082 32542 32563 I art     : Starting a blocking GC Explicit
08-05 20:56:06.131 32542 32563 I art     : Explicit concurrent mark sweep GC freed 3(96B) AllocSpace objects, 0(0B) LOS objects, 35% free, 29MB/45MB, paused 796us total 49.589ms
08-05 20:56:06.177 32542 32542 I Choreographer: Skipped 54 frames!  The application may be doing too much work on its main thread.
08-05 20:56:06.505 32542 32555 I art     : Starting a blocking GC Explicit
08-05 20:56:06.556 32542 32555 I art     : Explicit concurrent mark sweep GC freed 1590(116KB) AllocSpace objects, 1(20KB) LOS objects, 35% free, 29MB/45MB, paused 501us total 50.520ms
08-05 20:56:06.574 32542 32555 I art     : Starting a blocking GC Explicit
08-05 20:56:06.616 32542 32555 I art     : Explicit concurrent mark sweep GC freed 85(2912B) AllocSpace objects, 0(0B) LOS objects, 35% free, 29MB/45MB, paused 489us total 42.452ms
08-05 20:56:06.634 32542 32555 I art     : Starting a blocking GC Explicit
08-05 20:56:06.680 32542 32555 I art     : Explicit concurrent mark sweep GC freed 3(96B) AllocSpace objects, 0(0B) LOS objects, 35% free, 29MB/45MB, paused 547us total 45.544ms
08-05 20:56:06.699 32542 32555 I art     : Starting a blocking GC Explicit
08-05 20:56:06.744 32542 32555 I art     : Explicit concurrent mark sweep GC freed 3(96B) AllocSpace objects, 0(0B) LOS objects, 35% free, 29MB/45MB, paused 540us total 45.111ms
08-05 20:56:06.763 32542 32555 I art     : Starting a blocking GC Explicit
08-05 20:56:06.811 32542 32555 I art     : Explicit concurrent mark sweep GC freed 3(96B) AllocSpace objects, 0(0B) LOS objects, 35% free, 29MB/45MB, paused 507us total 47.700ms
08-05 20:56:07.041 32542 32542 I chromium: [INFO:CONSOLE(1)] "
08-05 20:56:07.041 32542 32542 I chromium:                   ,d"=,.,qOp,
08-05 20:56:07.041 32542 32542 I chromium:                  ,7'  ''$(  )
08-05 20:56:07.041 32542 32542 I chromium:                 ,7'      '?q$7'
08-05 20:56:07.041 32542 32542 I chromium:              ..,$$,.
08-05 20:56:07.041 32542 32542 I chromium:    ,.  .,,--***""***--,,.  .,
08-05 20:56:07.041 32542 32542 I chromium:     ,p''              ''q,   
08-05 20:56:07.041 32542 32542 I chromium: :  ,7'                      '7,  :
08-05 20:56:07.041 32542 32542 I chromium:  ' $      ,db,      ,db,      $ '
08-05 20:56:07.041 32542 32542 I chromium:   '$      $$      $$      $'    Using Reddit at work? Work for Reddit.
08-05 20:56:07.041 32542 32542 I chromium:   '$                          $'        https://www.reddit.com/jobs
08-05 20:56:07.041 32542 32542 I chromium:    '$.     .,        ,.     .$'
08-05 20:56:07.041 32542 32542 I chromium:     'b,     ''     ,d'
08-05 20:56:07.041 32542 32542 I chromium:      '?bn,,          ,,nd?'
08-05 20:56:07.041 32542 32542 I chromium:        ,7$ '''' $7,
08-05 20:56:07.041 32542 32542 I chromium:      , $              $ ,
08-05 20:56:07.041 32542 32542 I chromium:      $  :$              $:  $
08-05 20:56:07.041 32542 32542 I chromium:      $   $              $   $
08-05 20:56:07.041 32542 32542 I chromium:      'b  q:            :p  d'
08-05 20:56:07.041 32542 32542 I chromium:       '?$.          .$?'
08-05 20:56:07.041 32542 32542 I chromium:          'b            d'
08-05 20:56:07.041 32542 32542 I chromium:        ,'?,.      .,?',
08-05 20:56:07.041 32542 32542 I chromium:       ==--==--==--==
08-05 20:56:07.041 32542 32542 I chromium: ", source: https://www.redditstatic.com/desktop2x/Chat~Governance~Reddit.2ea93b134a9b2e5b1d9a.js (1)
08-05 20:56:07.194 32542   460 I art     : Starting a blocking GC Explicit
08-05 20:56:07.244 32542   460 I art     : Explicit concurrent mark sweep GC freed 1364(85KB) AllocSpace objects, 1(20KB) LOS objects, 35% free, 29MB/45MB, paused 549us total 49.731ms
08-05 20:56:07.262 32542   460 I art     : Starting a blocking GC Explicit
08-05 20:56:07.309 32542   460 I art     : Explicit concurrent mark sweep GC freed 20(704B) AllocSpace objects, 0(0B) LOS objects, 35% free, 29MB/45MB, paused 517us total 46.910ms
08-05 20:56:07.319   518   646 I ThermalEngine: ACTION: GPU - Setting GPU[0] to 390000000
08-05 20:56:07.357 32542   460 I art     : Starting a blocking GC Explicit
08-05 20:56:07.419 32542   460 I art     : Explicit concurrent mark sweep GC freed 3(96B) AllocSpace objects, 0(0B) LOS objects, 35% free, 29MB/45MB, paused 944us total 61.736ms
08-05 20:56:07.443 32542   460 I art     : Starting a blocking GC Explicit
08-05 20:56:07.498 32542   460 I art     : Explicit concurrent mark sweep GC freed 3(96B) AllocSpace objects, 0(0B) LOS objects, 35% free, 29MB/45MB, paused 1.008ms total 54.437ms
08-05 20:56:07.522 32542   460 I art     : Starting a blocking GC Explicit
08-05 20:56:07.580 32542   460 I art     : Explicit concurrent mark sweep GC freed 3(96B) AllocSpace objects, 0(0B) LOS objects, 35% free, 29MB/45MB, paused 869us total 56.712ms
08-05 20:56:07.580 32542 32552 I art     : WaitForGcToComplete blocked for 9.140ms for cause HeapTrim
08-05 20:56:07.964 32542  1481 I art     : Starting a blocking GC Explicit
08-05 20:56:08.020 32542  1481 I art     : Explicit concurrent mark sweep GC freed 1367(83KB) AllocSpace objects, 1(20KB) LOS objects, 35% free, 29MB/45MB, paused 849us total 56.011ms
08-05 20:56:08.044 32542  1481 I art     : Starting a blocking GC Explicit
08-05 20:56:08.098 32542  1481 I art     : Explicit concurrent mark sweep GC freed 22(768B) AllocSpace objects, 0(0B) LOS objects, 35% free, 29MB/45MB, paused 986us total 53.142ms
08-05 20:56:08.122 32542  1481 I art     : Starting a blocking GC Explicit
08-05 20:56:08.176 32542  1481 I art     : Explicit concurrent mark sweep GC freed 3(96B) AllocSpace objects, 0(0B) LOS objects, 35% free, 29MB/45MB, paused 871us total 53.860ms
08-05 20:56:08.200 32542  1481 I art     : Starting a blocking GC Explicit
08-05 20:56:08.255 32542  1481 I art     : Explicit concurrent mark sweep GC freed 3(96B) AllocSpace objects, 0(0B) LOS objects, 35% free, 29MB/45MB, paused 701us total 53.983ms
08-05 20:56:08.279 32542  1481 I art     : Starting a blocking GC Explicit
08-05 20:56:08.337 32542  1481 I art     : Explicit concurrent mark sweep GC freed 3(96B) AllocSpace objects, 0(0B) LOS objects, 35% free, 29MB/45MB, paused 919us total 57.386ms
08-05 20:56:08.757 32542   460 I art     : Starting a blocking GC Explicit
08-05 20:56:08.825 32542   460 I art     : Explicit concurrent mark sweep GC freed 1581(97KB) AllocSpace objects, 1(20KB) LOS objects, 35% free, 29MB/45MB, paused 840us total 67.236ms
08-05 20:56:08.849 32542   460 I art     : Starting a blocking GC Explicit
08-05 20:56:08.912 32542   460 I art     : Explicit concurrent mark sweep GC freed 20(704B) AllocSpace objects, 0(0B) LOS objects, 35% free, 29MB/45MB, paused 822us total 62.114ms
08-05 20:56:08.936 32542   460 I art     : Starting a blocking GC Explicit
08-05 20:56:08.993 32542   460 I art     : Explicit concurrent mark sweep GC freed 3(96B) AllocSpace objects, 0(0B) LOS objects, 35% free, 29MB/45MB, paused 1.231ms total 57.236ms
08-05 20:56:09.023 32542   460 I art     : Starting a blocking GC Explicit
08-05 20:56:09.082 32542   460 I art     : Explicit concurrent mark sweep GC freed 3(96B) AllocSpace objects, 0(0B) LOS objects, 35% free, 29MB/45MB, paused 842us total 58.681ms
08-05 20:56:09.118 32542   460 I art     : Starting a blocking GC Explicit
08-05 20:56:09.177 32542   460 I art     : Explicit concurrent mark sweep GC freed 3(96B) AllocSpace objects, 0(0B) LOS objects, 35% free, 29MB/45MB, paused 832us total 58.737ms
08-05 20:56:09.231 32542  2509 I RedditChangeDataIO: Writing tmp data file at '/data/user/0/baseline.org.quantumbadger.redreader/files/rr_change_data_tmp.dat'
08-05 20:56:09.231 32542  2509 I RedditChangeDataManager: Taking snapshot...
08-05 20:56:09.232 32542  2509 I RedditChangeDataManager: Writing to stream...
08-05 20:56:09.232 32542  2509 I RedditChangeDataManager: Wrote 4 entries for user ''
08-05 20:56:09.232 32542  2509 I RedditChangeDataManager: All entries written to stream.
08-05 20:56:09.232 32542  2509 I RedditChangeDataIO: Write successful. Atomically replacing data file...
08-05 20:56:09.232 32542  2509 I RedditChangeDataIO: Write complete.
08-05 20:56:09.233 32542  2509 I RedditChangeDataIO: 110 bytes written in 2 ms
08-05 20:56:09.582 32542   460 I art     : Starting a blocking GC Explicit
08-05 20:56:09.649 32542   460 I art     : Explicit concurrent mark sweep GC freed 1482(90KB) AllocSpace objects, 2(88KB) LOS objects, 35% free, 29MB/45MB, paused 800us total 67.310ms
08-05 20:56:09.674 32542   460 I art     : Starting a blocking GC Explicit
08-05 20:56:09.742 32542   460 I art     : Explicit concurrent mark sweep GC freed 23(800B) AllocSpace objects, 0(0B) LOS objects, 35% free, 29MB/45MB, paused 656us total 67.273ms
08-05 20:56:09.755 13866 13882 I PeriodicStatsRunner: PeriodicStatsRunner.call():175 call()
08-05 20:56:09.755 13866 13882 I PeriodicStatsRunner: PeriodicStatsRunner.call():179 No submit PeriodicStats since input started.
08-05 20:56:09.767 32542   460 I art     : Starting a blocking GC Explicit
08-05 20:56:09.831 32542   460 I art     : Explicit concurrent mark sweep GC freed 3(96B) AllocSpace objects, 0(0B) LOS objects, 35% free, 29MB/45MB, paused 840us total 63.644ms
08-05 20:56:09.856 32542   460 I art     : Starting a blocking GC Explicit
08-05 20:56:09.925 32542   460 I art     : Explicit concurrent mark sweep GC freed 5(176B) AllocSpace objects, 0(0B) LOS objects, 35% free, 29MB/45MB, paused 589us total 68.106ms
08-05 20:56:09.950 32542   460 I art     : Starting a blocking GC Explicit
08-05 20:56:10.019 32542   460 I art     : Explicit concurrent mark sweep GC freed 3(96B) AllocSpace objects, 0(0B) LOS objects, 35% free, 29MB/45MB, paused 771us total 68.652ms
08-05 20:56:10.431 32542   460 I art     : Starting a blocking GC Explicit
08-05 20:56:10.493 32542   460 I art     : Explicit concurrent mark sweep GC freed 1355(82KB) AllocSpace objects, 1(20KB) LOS objects, 35% free, 29MB/45MB, paused 1.149ms total 60.622ms
08-05 20:56:10.507   918  1210 D NetlinkSocketObserver: NeighborEvent{elapsedMs=1807574382, 192.168.2.254, [7C3953A63323], RTM_NEWNEIGH, NUD_STALE}
08-05 20:56:10.528 32542   460 I art     : Starting a blocking GC Explicit
08-05 20:56:10.594 32542   460 I art     : Explicit concurrent mark sweep GC freed 20(704B) AllocSpace objects, 0(0B) LOS objects, 35% free, 29MB/45MB, paused 1.020ms total 64.990ms
08-05 20:56:10.630 32542   460 I art     : Starting a blocking GC Explicit
08-05 20:56:10.687 32542   460 I art     : Explicit concurrent mark sweep GC freed 3(96B) AllocSpace objects, 0(0B) LOS objects, 35% free, 29MB/45MB, paused 899us total 57.127ms
08-05 20:56:10.724 32542   460 I art     : Starting a blocking GC Explicit
08-05 20:56:10.782 32542   460 I art     : Explicit concurrent mark sweep GC freed 3(96B) AllocSpace objects, 0(0B) LOS objects, 35% free, 29MB/45MB, paused 670us total 57.958ms
08-05 20:56:10.813 32542   460 I art     : Starting a blocking GC Explicit
08-05 20:56:10.871 32542   460 I art     : Explicit concurrent mark sweep GC freed 3(96B) AllocSpace objects, 0(0B) LOS objects, 35% free, 29MB/45MB, paused 910us total 58.245ms
08-05 20:56:11.283 32542  1481 I art     : Starting a blocking GC Explicit
08-05 20:56:11.323   518   646 I ThermalEngine: ACTION: GPU - Setting GPU[0] to 450000000
08-05 20:56:11.345 32542  1481 I art     : Explicit concurrent mark sweep GC freed 1355(82KB) AllocSpace objects, 1(20KB) LOS objects, 35% free, 29MB/45MB, paused 510us total 61.403ms
08-05 20:56:11.364 32542  1481 I art     : Starting a blocking GC Explicit
08-05 20:56:11.420 32542  1481 I art     : Explicit concurrent mark sweep GC freed 20(704B) AllocSpace objects, 0(0B) LOS objects, 35% free, 29MB/45MB, paused 474us total 55.702ms
08-05 20:56:11.439 32542  1481 I art     : Starting a blocking GC Explicit
08-05 20:56:11.488 32542  1481 I art     : Explicit concurrent mark sweep GC freed 3(96B) AllocSpace objects, 0(0B) LOS objects, 35% free, 29MB/45MB, paused 488us total 48.366ms
08-05 20:56:11.510 32542  1481 I art     : Starting a blocking GC Explicit
08-05 20:56:11.561 32542  1481 I art     : Explicit concurrent mark sweep GC freed 3(96B) AllocSpace objects, 0(0B) LOS objects, 35% free, 29MB/45MB, paused 531us total 50.681ms
08-05 20:56:11.580 32542  1481 I art     : Starting a blocking GC Explicit
08-05 20:56:11.632 32542  1481 I art     : Explicit concurrent mark sweep GC freed 3(96B) AllocSpace objects, 0(0B) LOS objects, 35% free, 29MB/45MB, paused 527us total 52.381ms
08-05 20:56:12.014 32542  1481 I art     : Starting a blocking GC Explicit
08-05 20:56:12.062 32542  1481 I art     : Explicit concurrent mark sweep GC freed 1355(82KB) AllocSpace objects, 1(20KB) LOS objects, 35% free, 29MB/45MB, paused 470us total 46.731ms
08-05 20:56:12.080 32542  1481 I art     : Starting a blocking GC Explicit
08-05 20:56:12.115 32448 32448 I ServiceManager: Waiting for service AtCmdFwd...
08-05 20:56:12.134 32542  1481 I art     : Explicit concurrent mark sweep GC freed 20(704B) AllocSpace objects, 0(0B) LOS objects, 35% free, 29MB/45MB, paused 502us total 53.558ms
08-05 20:56:12.153 32542  1481 I art     : Starting a blocking GC Explicit
08-05 20:56:12.202 32542  1481 I art     : Explicit concurrent mark sweep GC freed 3(96B) AllocSpace objects, 0(0B) LOS objects, 35% free, 29MB/45MB, paused 547us total 48.377ms
08-05 20:56:12.226 32542  1481 I art     : Starting a blocking GC Explicit
08-05 20:56:12.274 32542  1481 I art     : Explicit concurrent mark sweep GC freed 3(96B) AllocSpace objects, 0(0B) LOS objects, 35% free, 29MB/45MB, paused 481us total 48.353ms
08-05 20:56:12.294 32542  1481 I art     : Starting a blocking GC Explicit
08-05 20:56:12.340 32542  1481 I art     : Explicit concurrent mark sweep GC freed 3(96B) AllocSpace objects, 0(0B) LOS objects, 35% free, 29MB/45MB, paused 484us total 46.130ms
08-05 20:56:12.755 32542  1481 I art     : Starting a blocking GC Explicit
08-05 20:56:12.822 32542  1481 I art     : Explicit concurrent mark sweep GC freed 1355(82KB) AllocSpace objects, 1(20KB) LOS objects, 35% free, 29MB/45MB, paused 987us total 65.789ms
08-05 20:56:12.846 32542  1481 I art     : Starting a blocking GC Explicit
08-05 20:56:12.890 32542  1481 I art     : Explicit concurrent mark sweep GC freed 20(704B) AllocSpace objects, 0(0B) LOS objects, 35% free, 29MB/45MB, paused 475us total 44.074ms
08-05 20:56:12.913 32542  1481 I art     : Starting a blocking GC Explicit
08-05 20:56:12.954 32542  1481 I art     : Explicit concurrent mark sweep GC freed 3(96B) AllocSpace objects, 0(0B) LOS objects, 35% free, 29MB/45MB, paused 469us total 40.923ms
08-05 20:56:12.971 32542  1481 I art     : Starting a blocking GC Explicit
08-05 20:56:13.005  2670  2670 D AndroidRuntime: >>>>>> START com.android.internal.os.RuntimeInit uid 2000 <<<<<<
08-05 20:56:13.010  2670  2670 D AndroidRuntime: CheckJNI is OFF
08-05 20:56:13.017 32542  1481 I art     : Explicit concurrent mark sweep GC freed 3(96B) AllocSpace objects, 0(0B) LOS objects, 35% free, 29MB/45MB, paused 563us total 45.662ms
08-05 20:56:13.035 32542  1481 I art     : Starting a blocking GC Explicit
08-05 20:56:13.051  2670  2670 D ICU     : No timezone override file found: /data/misc/zoneinfo/current/icu/icu_tzdata.dat
08-05 20:56:13.077 32542  1481 I art     : Explicit concurrent mark sweep GC freed 3(96B) AllocSpace objects, 0(0B) LOS objects, 35% free, 29MB/45MB, paused 498us total 41.707ms
08-05 20:56:13.077 32542 32552 I art     : WaitForGcToComplete blocked for 42.037ms for cause HeapTrim
08-05 20:56:13.092  2670  2670 I Radio-JNI: register_android_hardware_Radio DONE
08-05 20:56:13.116 32448 32448 I ServiceManager: Waiting for service AtCmdFwd...
08-05 20:56:13.122  2670  2670 D AndroidRuntime: Calling main entry com.android.commands.input.Input
08-05 20:56:13.124  2670  2670 I Input   : injectKeyEvent: KeyEvent { action=ACTION_DOWN, keyCode=KEYCODE_BACK, scanCode=0, metaState=0, flags=0x0, repeatCount=0, eventTime=824189538, downTime=824189538, deviceId=-1, source=0x101 }
08-05 20:56:13.131  2670  2670 I Input   : injectKeyEvent: KeyEvent { action=ACTION_UP, keyCode=KEYCODE_BACK, scanCode=0, metaState=0, flags=0x0, repeatCount=0, eventTime=824189538, downTime=824189538, deviceId=-1, source=0x101 }
08-05 20:56:13.138  2670  2670 D AndroidRuntime: Shutting down VM
08-05 20:56:13.203 13866 13866 I GoogleInputMethodServic: GoogleInputMethodService.onFinishInput():3138 
08-05 20:56:13.204 13866 13866 I GoogleInputMethodServic: GoogleInputMethodService.onStartInput():1808 
08-05 20:56:13.407 32542  1481 I art     : Starting a blocking GC Explicit
08-05 20:56:13.466 32542  1481 I art     : Explicit concurrent mark sweep GC freed 1636(94KB) AllocSpace objects, 1(20KB) LOS objects, 35% free, 29MB/45MB, paused 502us total 58.252ms
08-05 20:56:13.488 32542  1481 I art     : Starting a blocking GC Explicit
08-05 20:56:13.543 32542  1481 I art     : Explicit concurrent mark sweep GC freed 24(864B) AllocSpace objects, 0(0B) LOS objects, 35% free, 29MB/45MB, paused 497us total 54.444ms
08-05 20:56:13.552   380   380 W SurfaceFlinger: couldn't log to binary event log: overflow.
08-05 20:56:13.563 32542  1481 I art     : Starting a blocking GC Explicit
08-05 20:56:13.588   918  3263 D ConnectivityService: releasing NetworkRequest NetworkRequest [ id=3551, legacyType=-1, [ Capabilities: INTERNET&NOT_RESTRICTED&TRUSTED] ]
08-05 20:56:13.610 32542  1481 I art     : Explicit concurrent mark sweep GC freed 872(41KB) AllocSpace objects, 0(0B) LOS objects, 35% free, 29MB/45MB, paused 670us total 46.539ms
08-05 20:56:13.627 32542  1481 I art     : Starting a blocking GC Explicit
08-05 20:56:13.674 32542  1481 I art     : Explicit concurrent mark sweep GC freed 170(10KB) AllocSpace objects, 0(0B) LOS objects, 35% free, 29MB/45MB, paused 530us total 46.586ms
08-05 20:56:13.705 32542  1481 I art     : Starting a blocking GC Explicit
08-05 20:56:13.746 32542  1481 I art     : Explicit concurrent mark sweep GC freed 1977(117KB) AllocSpace objects, 1(28KB) LOS objects, 35% free, 29MB/45MB, paused 456us total 41.527ms
08-05 20:56:14.094 32542   460 I art     : Starting a blocking GC Explicit
08-05 20:56:14.116 32448 32448 I ServiceManager: Waiting for service AtCmdFwd...
08-05 20:56:14.161 32542   460 I art     : Explicit concurrent mark sweep GC freed 1355(82KB) AllocSpace objects, 1(20KB) LOS objects, 35% free, 29MB/45MB, paused 543us total 65.761ms
08-05 20:56:14.182 32542   460 I art     : Starting a blocking GC Explicit
08-05 20:56:14.229 32542   460 I art     : Explicit concurrent mark sweep GC freed 20(704B) AllocSpace objects, 0(0B) LOS objects, 35% free, 29MB/45MB, paused 492us total 46.414ms
08-05 20:56:14.248 32542   460 I art     : Starting a blocking GC Explicit
08-05 20:56:14.294 32542   460 I art     : Explicit concurrent mark sweep GC freed 3(96B) AllocSpace objects, 0(0B) LOS objects, 35% free, 29MB/45MB, paused 498us total 46.635ms
08-05 20:56:14.313 32542   460 I art     : Starting a blocking GC Explicit
08-05 20:56:14.360 32542   460 I art     : Explicit concurrent mark sweep GC freed 3(96B) AllocSpace objects, 0(0B) LOS objects, 35% free, 29MB/45MB, paused 494us total 46.921ms
08-05 20:56:14.379 32542   460 I art     : Starting a blocking GC Explicit
08-05 20:56:14.425 32542   460 I art     : Explicit concurrent mark sweep GC freed 3(96B) AllocSpace objects, 0(0B) LOS objects, 35% free, 29MB/45MB, paused 477us total 45.278ms
08-05 20:56:14.765 32542 32553 I art     : Starting a blocking GC Explicit
08-05 20:56:14.821 32542 32553 I art     : Explicit concurrent mark sweep GC freed 1373(83KB) AllocSpace objects, 1(20KB) LOS objects, 35% free, 29MB/45MB, paused 545us total 55.369ms
08-05 20:56:14.840 32542 32553 I art     : Starting a blocking GC Explicit
08-05 20:56:14.888 32542 32553 I art     : Explicit concurrent mark sweep GC freed 26(928B) AllocSpace objects, 0(0B) LOS objects, 35% free, 29MB/45MB, paused 542us total 48.706ms
08-05 20:56:14.907 32542 32553 I art     : Starting a blocking GC Explicit
08-05 20:56:14.920  2714  2714 D AndroidRuntime: >>>>>> START com.android.internal.os.RuntimeInit uid 2000 <<<<<<
08-05 20:56:14.925  2714  2714 D AndroidRuntime: CheckJNI is OFF
08-05 20:56:14.954 32542 32553 I art     : Explicit concurrent mark sweep GC freed 3(96B) AllocSpace objects, 0(0B) LOS objects, 35% free, 29MB/45MB, paused 529us total 46.738ms
08-05 20:56:14.972 32542 32553 I art     : Starting a blocking GC Explicit
08-05 20:56:14.973  2714  2714 D ICU     : No timezone override file found: /data/misc/zoneinfo/current/icu/icu_tzdata.dat
08-05 20:56:15.019  2714  2714 I Radio-JNI: register_android_hardware_Radio DONE
08-05 20:56:15.021 32542 32553 I art     : Explicit concurrent mark sweep GC freed 3(96B) AllocSpace objects, 0(0B) LOS objects, 35% free, 29MB/45MB, paused 522us total 48.201ms
08-05 20:56:15.039 32542 32553 I art     : Starting a blocking GC Explicit
08-05 20:56:15.050  2714  2714 D AndroidRuntime: Calling main entry com.android.commands.input.Input
08-05 20:56:15.052  2714  2714 I Input   : injectMotionEvent: MotionEvent { action=ACTION_DOWN, actionButton=0, id[0]=0, x[0]=600.0, y[0]=820.0, toolType[0]=TOOL_TYPE_UNKNOWN, buttonState=0, metaState=0, flags=0x0, edgeFlags=0x0, pointerCount=1, historySize=0, eventTime=824191465, downTime=824191465, deviceId=0, source=0x1002 }
08-05 20:56:15.058  2714  2714 I Input   : injectMotionEvent: MotionEvent { action=ACTION_UP, actionButton=0, id[0]=0, x[0]=600.0, y[0]=820.0, toolType[0]=TOOL_TYPE_UNKNOWN, buttonState=0, metaState=0, flags=0x0, edgeFlags=0x0, pointerCount=1, historySize=0, eventTime=824191465, downTime=824191465, deviceId=0, source=0x1002 }
08-05 20:56:15.060  2714  2714 D AndroidRuntime: Shutting down VM
08-05 20:56:15.078   512  2967 D audio_hw_primary: out_set_parameters: enter: usecase(1: low-latency-playback) kvpairs: routing=2
08-05 20:56:15.081   918  6110 I ActivityManager: START u0 {dat=https://oauth.reddit.com/... cmp=baseline.org.quantumbadger.redreader/.activities.CommentListingActivity} from uid 10689 on display 0
08-05 20:56:15.084 32542 32553 I art     : Explicit concurrent mark sweep GC freed 198(8KB) AllocSpace objects, 0(0B) LOS objects, 35% free, 29MB/45MB, paused 609us total 44.328ms
08-05 20:56:15.092   512  2967 D audio_hw_primary: select_devices: out_snd_device(2: speaker) in_snd_device(0: none)
08-05 20:56:15.092   512  2967 D msm8974_platform: platform_send_audio_calibration: sending audio calibration for snd_device(2) acdb_id(15)
08-05 20:56:15.092   512  2967 I soundtrigger: audio_extn_sound_trigger_update_device_status: device 0x2 of type 0 for Event 1
08-05 20:56:15.102   512  2967 D audio_hw_primary: enable_snd_device: snd_device(2: speaker)
08-05 20:56:15.104   512  2967 D audio_hw_primary: enable_audio_route: apply and update mixer path: low-latency-playback speaker
08-05 20:56:15.106 32542 32542 I AppCompatViewInflater: app:theme is now deprecated. Please move to using android:theme instead.
08-05 20:56:15.117 32448 32448 I ServiceManager: Waiting for service AtCmdFwd...
08-05 20:56:15.125 32542  2739 D OK      : calling: https://oauth.reddit.com/comments/hi3oht/.json?sort=confidence
08-05 20:56:15.215   918   936 I ActivityManager: Displayed baseline.org.quantumbadger.redreader/.activities.CommentListingActivity: +125ms
08-05 20:56:15.215 13866 13866 I GoogleInputMethodServic: GoogleInputMethodService.onFinishInput():3138 
08-05 20:56:15.217 13866 13866 I GoogleInputMethodServic: GoogleInputMethodService.onStartInput():1808 
08-05 20:56:15.398 32542   460 I art     : Starting a blocking GC Explicit
08-05 20:56:15.473   380   380 W SurfaceFlinger: couldn't log to binary event log: overflow.
08-05 20:56:15.473 32542   460 I art     : Explicit concurrent mark sweep GC freed 5982(294KB) AllocSpace objects, 1(20KB) LOS objects, 35% free, 29MB/45MB, paused 981us total 75.136ms
08-05 20:56:15.493 32542   460 I art     : Starting a blocking GC Explicit
08-05 20:56:15.502 32542  2739 I NAPPA_EXPERIMENTATION: MetricNetworkRequestExecutionTime: REQUEST_DURATION_SYSTEM='377',REQUEST_DURATION_OKHTTP='149',REQUEST_SYNCHRONOUS='TRUE',RESPONSE_CODE='200',RESPONSE_METHOD='GET',RESPONSE_LENGTH_OKHTTP='-1',RESPONSE_LENGTH_HEADER='167875',REQUEST_PROTOCOL='h2',REQUEST_URL='https://oauth.reddit.com/comments/hi3oht/.json?sort=confidence',
08-05 20:56:15.503 32542  2739 D OK      : request got status: 200
08-05 20:56:15.512 32542   896 I CommentListingActivity: COMMENTS session changed to 84bc8d7c-6762-48b8-8877-e9b7cb6fb428
08-05 20:56:15.538 32542   460 I art     : Explicit concurrent mark sweep GC freed 1198(137KB) AllocSpace objects, 1(16KB) LOS objects, 34% free, 29MB/45MB, paused 964us total 44.707ms
08-05 20:56:15.555 32542   460 I art     : Starting a blocking GC Explicit
08-05 20:56:15.601 32542   460 I art     : Explicit concurrent mark sweep GC freed 4724(362KB) AllocSpace objects, 1(24KB) LOS objects, 34% free, 30MB/46MB, paused 1.284ms total 46.477ms
08-05 20:56:15.619 32542   460 I art     : Starting a blocking GC Explicit
08-05 20:56:15.642   512  2967 D audio_hw_primary: disable_audio_route: reset and update mixer path: low-latency-playback speaker
08-05 20:56:15.642   512  2967 D audio_hw_primary: disable_snd_device: snd_device(2: speaker)
08-05 20:56:15.650   512  2967 I soundtrigger: audio_extn_sound_trigger_update_device_status: device 0x2 of type 0 for Event 0
08-05 20:56:15.672 32542   460 I art     : Explicit concurrent mark sweep GC freed 9704(598KB) AllocSpace objects, 1(24KB) LOS objects, 33% free, 31MB/47MB, paused 1.306ms total 52.842ms
08-05 20:56:15.691 32542   460 I art     : Starting a blocking GC Explicit
08-05 20:56:15.750 32542   460 I art     : Explicit concurrent mark sweep GC freed 13514(842KB) AllocSpace objects, 1(20KB) LOS objects, 33% free, 32MB/48MB, paused 1.459ms total 59.326ms
08-05 20:56:16.071 32542  1481 I art     : Starting a blocking GC Explicit
08-05 20:56:16.117 32448 32448 I ServiceManager: Waiting for service AtCmdFwd...
08-05 20:56:16.148 32542  1481 I art     : Explicit concurrent mark sweep GC freed 68151(3MB) AllocSpace objects, 6(204KB) LOS objects, 32% free, 33MB/49MB, paused 567us total 76.053ms
08-05 20:56:16.169 32542  1481 I art     : Starting a blocking GC Explicit
08-05 20:56:16.232 32542  1481 I art     : Explicit concurrent mark sweep GC freed 37(1456B) AllocSpace objects, 0(0B) LOS objects, 32% free, 33MB/49MB, paused 515us total 62.556ms
08-05 20:56:16.254 32542  1481 I art     : Starting a blocking GC Explicit
08-05 20:56:16.320 32542  1481 I art     : Explicit concurrent mark sweep GC freed 3(96B) AllocSpace objects, 0(0B) LOS objects, 32% free, 33MB/49MB, paused 544us total 66.168ms
08-05 20:56:16.343 32542  1481 I art     : Starting a blocking GC Explicit
08-05 20:56:16.409 32542  1481 I art     : Explicit concurrent mark sweep GC freed 3(96B) AllocSpace objects, 0(0B) LOS objects, 32% free, 33MB/49MB, paused 490us total 66.027ms
08-05 20:56:16.432 32542  1481 I art     : Starting a blocking GC Explicit
08-05 20:56:16.497 32542  1481 I art     : Explicit concurrent mark sweep GC freed 3(96B) AllocSpace objects, 0(0B) LOS objects, 32% free, 33MB/49MB, paused 582us total 65.316ms
08-05 20:56:16.824 32542   460 I art     : Starting a blocking GC Explicit
08-05 20:56:16.913 32542   460 I art     : Explicit concurrent mark sweep GC freed 1354(82KB) AllocSpace objects, 1(20KB) LOS objects, 32% free, 33MB/49MB, paused 609us total 88.251ms
08-05 20:56:16.939 32542   460 I art     : Starting a blocking GC Explicit
08-05 20:56:17.015 32542   460 I art     : Explicit concurrent mark sweep GC freed 66(2528B) AllocSpace objects, 0(0B) LOS objects, 32% free, 33MB/49MB, paused 543us total 76.226ms
08-05 20:56:17.032  2121  2275 W GrowthKit: Failed to fetch promotions.
08-05 20:56:17.032  2121  2275 W GrowthKit: ljk: DEADLINE_EXCEEDED: deadline exceeded after 19.972090365s. [buffered_nanos=695822969, remote_addr=/192.168.2.12:8080]
08-05 20:56:17.032  2121  2275 W GrowthKit: 	at lji.d(PG:31)
08-05 20:56:17.032  2121  2275 W GrowthKit: 	at llb.a(PG:28)
08-05 20:56:17.032  2121  2275 W GrowthKit: 	at lkt.a(PG:3)
08-05 20:56:17.032  2121  2275 W GrowthKit: 	at llo.run(PG:2)
08-05 20:56:17.032  2121  2275 W GrowthKit: 	at lrk.run(PG:10)
08-05 20:56:17.032  2121  2275 W GrowthKit: 	at java.util.concurrent.ThreadPoolExecutor.runWorker(ThreadPoolExecutor.java:1113)
08-05 20:56:17.032  2121  2275 W GrowthKit: 	at java.util.concurrent.ThreadPoolExecutor$Worker.run(ThreadPoolExecutor.java:588)
08-05 20:56:17.032  2121  2275 W GrowthKit: 	at java.lang.Thread.run(Thread.java:818)
08-05 20:56:17.035  2121  2275 E GrowthKit: job GrowthKitJobScheduler.PeriodicSyncJob failed
08-05 20:56:17.039 32542   460 I art     : Starting a blocking GC Explicit
08-05 20:56:17.104 32542   460 I art     : Explicit concurrent mark sweep GC freed 3(96B) AllocSpace objects, 0(0B) LOS objects, 32% free, 33MB/49MB, paused 507us total 65.209ms
08-05 20:56:17.117 32448 32448 W Atfwd_Sendcmd: AtCmdFwd service not published, waiting... retryCnt : 3
08-05 20:56:17.126 32542   460 I art     : Starting a blocking GC Explicit
08-05 20:56:17.195 32542   460 I art     : Explicit concurrent mark sweep GC freed 3(96B) AllocSpace objects, 0(0B) LOS objects, 32% free, 33MB/49MB, paused 533us total 68.372ms
08-05 20:56:17.218 32542   460 I art     : Starting a blocking GC Explicit
08-05 20:56:17.293 32542   460 I art     : Explicit concurrent mark sweep GC freed 3(96B) AllocSpace objects, 0(0B) LOS objects, 32% free, 33MB/49MB, paused 585us total 74.553ms
08-05 20:56:17.336   518   646 I ThermalEngine: ACTION: GPU - Setting GPU[0] to 390000000
08-05 20:56:17.684 32542 32553 I art     : Starting a blocking GC Explicit
08-05 20:56:17.792 32542 32553 I art     : Explicit concurrent mark sweep GC freed 1354(82KB) AllocSpace objects, 1(20KB) LOS objects, 32% free, 33MB/49MB, paused 960us total 107.425ms
08-05 20:56:17.828 32542 32553 I art     : Starting a blocking GC Explicit
08-05 20:56:17.915 32542 32553 I art     : Explicit concurrent mark sweep GC freed 20(704B) AllocSpace objects, 0(0B) LOS objects, 32% free, 33MB/49MB, paused 858us total 86.965ms
08-05 20:56:17.953 32542 32553 I art     : Starting a blocking GC Explicit
08-05 20:56:18.042 32542 32553 I art     : Explicit concurrent mark sweep GC freed 3(96B) AllocSpace objects, 0(0B) LOS objects, 32% free, 33MB/49MB, paused 1.435ms total 88.369ms
08-05 20:56:18.076 32542 32553 I art     : Starting a blocking GC Explicit
08-05 20:56:18.098  2109  2325 W GrowthKit: Failed to fetch promotions.
08-05 20:56:18.098  2109  2325 W GrowthKit: teh: DEADLINE_EXCEEDED: deadline exceeded after 19.972514219s. [buffered_nanos=375217708, remote_addr=/192.168.2.12:8080]
08-05 20:56:18.098  2109  2325 W GrowthKit: 	at tla.a(PG:9)
08-05 20:56:18.098  2109  2325 W GrowthKit: 	at tfo.a(PG:2)
08-05 20:56:18.098  2109  2325 W GrowthKit: 	at tgc.run(PG:4)
08-05 20:56:18.098  2109  2325 W GrowthKit: 	at tjb.run(PG:2)
08-05 20:56:18.098  2109  2325 W GrowthKit: 	at java.util.concurrent.ThreadPoolExecutor.runWorker(ThreadPoolExecutor.java:1113)
08-05 20:56:18.098  2109  2325 W GrowthKit: 	at java.util.concurrent.ThreadPoolExecutor$Worker.run(ThreadPoolExecutor.java:588)
08-05 20:56:18.098  2109  2325 W GrowthKit: 	at java.lang.Thread.run(Thread.java:818)
08-05 20:56:18.099  2109  2325 E GrowthKit: job GrowthKitJobScheduler.PeriodicSyncJob failed
08-05 20:56:18.110   918   928 I ActivityManager: Killing 23709:nappagreedy.com.newsblur/u0a679 (adj 15): empty #17
08-05 20:56:18.157 32542 32553 I art     : Explicit concurrent mark sweep GC freed 3(96B) AllocSpace objects, 0(0B) LOS objects, 32% free, 33MB/49MB, paused 953us total 80.292ms
08-05 20:56:18.192 32542 32553 I art     : Starting a blocking GC Explicit
08-05 20:56:18.204 13866 13882 I PeriodicStatsRunner: PeriodicStatsRunner.call():175 call()
08-05 20:56:18.204 13866 13882 I PeriodicStatsRunner: PeriodicStatsRunner.call():179 No submit PeriodicStats since input started.
08-05 20:56:18.275 32542 32553 I art     : Explicit concurrent mark sweep GC freed 3(96B) AllocSpace objects, 0(0B) LOS objects, 32% free, 33MB/49MB, paused 728us total 83.402ms
08-05 20:56:18.335   518   646 I ThermalEngine: ACTION: GPU - Setting GPU[0] to 450000000
08-05 20:56:18.658 32542 32563 I art     : Starting a blocking GC Explicit
08-05 20:56:18.752 32542 32563 I art     : Explicit concurrent mark sweep GC freed 1354(82KB) AllocSpace objects, 1(20KB) LOS objects, 32% free, 33MB/49MB, paused 629us total 94.087ms
08-05 20:56:18.779 32542 32563 I art     : Starting a blocking GC Explicit
08-05 20:56:18.814  2133  2262 W GrowthKit: Failed to fetch promotions.
08-05 20:56:18.814  2133  2262 W GrowthKit: rjp: DEADLINE_EXCEEDED: deadline exceeded after 19.940396667s. [remote_addr=null]
08-05 20:56:18.814  2133  2262 W GrowthKit: 	at rjn.a(PG:31)
08-05 20:56:18.814  2133  2262 W GrowthKit: 	at rwd.a(PG:6)
08-05 20:56:18.814  2133  2262 W GrowthKit: 	at rlw.a(PG:23)
08-05 20:56:18.814  2133  2262 W GrowthKit: 	at rln.a(PG:3)
08-05 20:56:18.814  2133  2262 W GrowthKit: 	at rmk.run(PG:2)
08-05 20:56:18.814  2133  2262 W GrowthKit: 	at rsm.run(PG:10)
08-05 20:56:18.814  2133  2262 W GrowthKit: 	at java.util.concurrent.ThreadPoolExecutor.runWorker(ThreadPoolExecutor.java:1113)
08-05 20:56:18.814  2133  2262 W GrowthKit: 	at java.util.concurrent.ThreadPoolExecutor$Worker.run(ThreadPoolExecutor.java:588)
08-05 20:56:18.814  2133  2262 W GrowthKit: 	at foi.run(Unknown Source)
08-05 20:56:18.814  2133  2262 W GrowthKit: 	at java.lang.Thread.run(Thread.java:818)
08-05 20:56:18.822  2133  2262 E GrowthKit: job GrowthKitJobScheduler.PeriodicSyncJob failed
08-05 20:56:18.837   918  3359 I ActivityManager: Killing 13136:com.google.android.apps.gcs/u0a11 (adj 15): empty #17
08-05 20:56:18.852 32542 32563 I art     : Explicit concurrent mark sweep GC freed 20(704B) AllocSpace objects, 0(0B) LOS objects, 32% free, 33MB/49MB, paused 512us total 72.500ms
08-05 20:56:18.874 32542 32563 I art     : Starting a blocking GC Explicit
08-05 20:56:18.942 32542 32563 I art     : Explicit concurrent mark sweep GC freed 3(96B) AllocSpace objects, 0(0B) LOS objects, 32% free, 33MB/49MB, paused 569us total 67.799ms
08-05 20:56:18.965 32542 32563 I art     : Starting a blocking GC Explicit
08-05 20:56:19.043 32542 32563 I art     : Explicit concurrent mark sweep GC freed 3(96B) AllocSpace objects, 0(0B) LOS objects, 32% free, 33MB/49MB, paused 528us total 77.660ms
08-05 20:56:19.066 32542 32563 I art     : Starting a blocking GC Explicit
08-05 20:56:19.140 32542 32563 I art     : Explicit concurrent mark sweep GC freed 3(96B) AllocSpace objects, 0(0B) LOS objects, 32% free, 33MB/49MB, paused 558us total 73.528ms
08-05 20:56:19.471 32542 32555 I art     : Starting a blocking GC Explicit
08-05 20:56:19.552 32542 32555 I art     : Explicit concurrent mark sweep GC freed 1354(82KB) AllocSpace objects, 1(20KB) LOS objects, 32% free, 33MB/49MB, paused 603us total 81.409ms
08-05 20:56:19.577 32542 32555 I art     : Starting a blocking GC Explicit
08-05 20:56:19.651 32542 32555 I art     : Explicit concurrent mark sweep GC freed 20(704B) AllocSpace objects, 0(0B) LOS objects, 32% free, 33MB/49MB, paused 579us total 73.741ms
08-05 20:56:19.673 32542 32555 I art     : Starting a blocking GC Explicit
08-05 20:56:19.747 32542 32555 I art     : Explicit concurrent mark sweep GC freed 3(96B) AllocSpace objects, 0(0B) LOS objects, 32% free, 33MB/49MB, paused 613us total 73.772ms
08-05 20:56:19.771 32542 32555 I art     : Starting a blocking GC Explicit
08-05 20:56:19.788   918  5481 I ActivityManager: Killing 19323:nappatfpr.com.newsblur/u0a682 (adj 15): empty #17
08-05 20:56:19.811  2133  2317 I cr_CronetUrlRequestContext: destroyNativeStreamLocked org.chromium.net.impl.CronetBidirectionalStream@d5270c
08-05 20:56:19.835 32542 32555 I art     : Explicit concurrent mark sweep GC freed 22(880B) AllocSpace objects, 0(0B) LOS objects, 32% free, 33MB/49MB, paused 556us total 63.696ms
08-05 20:56:19.856  2796  2796 D AndroidRuntime: >>>>>> START com.android.internal.os.RuntimeInit uid 2000 <<<<<<
08-05 20:56:19.856 32542 32555 I art     : Starting a blocking GC Explicit
08-05 20:56:19.862  2796  2796 D AndroidRuntime: CheckJNI is OFF
08-05 20:56:19.905  2796  2796 D ICU     : No timezone override file found: /data/misc/zoneinfo/current/icu/icu_tzdata.dat
08-05 20:56:19.924 32542 32555 I art     : Explicit concurrent mark sweep GC freed 28(1456B) AllocSpace objects, 0(0B) LOS objects, 32% free, 33MB/49MB, paused 536us total 67.356ms
08-05 20:56:19.954  2796  2796 I Radio-JNI: register_android_hardware_Radio DONE
08-05 20:56:19.983  2796  2796 D AndroidRuntime: Calling main entry com.android.commands.input.Input
08-05 20:56:19.985  2796  2796 I Input   : injectKeyEvent: KeyEvent { action=ACTION_DOWN, keyCode=KEYCODE_BACK, scanCode=0, metaState=0, flags=0x0, repeatCount=0, eventTime=824196398, downTime=824196398, deviceId=-1, source=0x101 }
08-05 20:56:19.991  2796  2796 I Input   : injectKeyEvent: KeyEvent { action=ACTION_UP, keyCode=KEYCODE_BACK, scanCode=0, metaState=0, flags=0x0, repeatCount=0, eventTime=824196398, downTime=824196398, deviceId=-1, source=0x101 }
08-05 20:56:19.997  2796  2796 D AndroidRuntime: Shutting down VM
08-05 20:56:20.041 13866 13866 I GoogleInputMethodServic: GoogleInputMethodService.onFinishInput():3138 
08-05 20:56:20.043 13866 13866 I GoogleInputMethodServic: GoogleInputMethodService.onStartInput():1808 
08-05 20:56:20.091 32542  2738 I RedditChangeDataIO: Writing tmp data file at '/data/user/0/baseline.org.quantumbadger.redreader/files/rr_change_data_tmp.dat'
08-05 20:56:20.091 32542  2738 I RedditChangeDataManager: Taking snapshot...
08-05 20:56:20.092 32542  2738 I RedditChangeDataManager: Writing to stream...
08-05 20:56:20.092 32542  2738 I RedditChangeDataManager: Wrote 5 entries for user ''
08-05 20:56:20.092 32542  2738 I RedditChangeDataManager: All entries written to stream.
08-05 20:56:20.092 32542  2738 I RedditChangeDataIO: Write successful. Atomically replacing data file...
08-05 20:56:20.092 32542  2738 I RedditChangeDataIO: Write complete.
08-05 20:56:20.092 32542  2738 I RedditChangeDataIO: 134 bytes written in 1 ms
08-05 20:56:20.216 13866 13882 I PeriodicStatsRunner: PeriodicStatsRunner.call():175 call()
08-05 20:56:20.217 13866 13882 I PeriodicStatsRunner: PeriodicStatsRunner.call():179 No submit PeriodicStats since input started.
08-05 20:56:20.248 32542  1481 I art     : Starting a blocking GC Explicit
08-05 20:56:20.324 32542  1481 I art     : Explicit concurrent mark sweep GC freed 1712(97KB) AllocSpace objects, 2(88KB) LOS objects, 32% free, 33MB/49MB, paused 532us total 75.759ms
08-05 20:56:20.343   380   380 W SurfaceFlinger: couldn't log to binary event log: overflow.
08-05 20:56:20.346 32542  1481 I art     : Starting a blocking GC Explicit
08-05 20:56:20.411 32542  1481 I art     : Explicit concurrent mark sweep GC freed 85(2960B) AllocSpace objects, 0(0B) LOS objects, 32% free, 33MB/49MB, paused 589us total 64.229ms
08-05 20:56:20.433 32542  1481 I art     : Starting a blocking GC Explicit
08-05 20:56:20.502 32542  1481 I art     : Explicit concurrent mark sweep GC freed 118(6KB) AllocSpace objects, 0(0B) LOS objects, 32% free, 33MB/49MB, paused 545us total 68.796ms
08-05 20:56:20.525 32542  1481 I art     : Starting a blocking GC Explicit
08-05 20:56:20.579 32542  1481 I art     : Explicit concurrent mark sweep GC freed 76380(4MB) AllocSpace objects, 5(140KB) LOS objects, 35% free, 29MB/45MB, paused 536us total 54.381ms
08-05 20:56:20.598 32542  1481 I art     : Starting a blocking GC Explicit
08-05 20:56:20.645 32542  1481 I art     : Explicit concurrent mark sweep GC freed 3(96B) AllocSpace objects, 0(0B) LOS objects, 35% free, 29MB/45MB, paused 541us total 45.834ms
08-05 20:56:20.988 32542 32563 I art     : Starting a blocking GC Explicit
08-05 20:56:21.051 32542 32563 I art     : Explicit concurrent mark sweep GC freed 1387(84KB) AllocSpace objects, 1(20KB) LOS objects, 35% free, 29MB/45MB, paused 490us total 62.038ms
08-05 20:56:21.069 32542 32563 I art     : Starting a blocking GC Explicit
08-05 20:56:21.114 32542 32563 I art     : Explicit concurrent mark sweep GC freed 228(35KB) AllocSpace objects, 0(0B) LOS objects, 35% free, 29MB/45MB, paused 468us total 44.800ms
08-05 20:56:21.132 32542 32563 I art     : Starting a blocking GC Explicit
08-05 20:56:21.178 32542 32563 I art     : Explicit concurrent mark sweep GC freed 68(2272B) AllocSpace objects, 0(0B) LOS objects, 35% free, 29MB/45MB, paused 505us total 45.625ms
08-05 20:56:21.197 32542 32563 I art     : Starting a blocking GC Explicit
08-05 20:56:21.243 32542 32563 I art     : Explicit concurrent mark sweep GC freed 3(96B) AllocSpace objects, 0(0B) LOS objects, 35% free, 29MB/45MB, paused 482us total 46.164ms
08-05 20:56:21.262 32542 32563 I art     : Starting a blocking GC Explicit
08-05 20:56:21.306 32542 32563 I art     : Explicit concurrent mark sweep GC freed 3(96B) AllocSpace objects, 0(0B) LOS objects, 35% free, 29MB/45MB, paused 506us total 44.170ms
08-05 20:56:21.631 32542 32555 I art     : Starting a blocking GC Explicit
08-05 20:56:21.679 32542 32555 I art     : Explicit concurrent mark sweep GC freed 1355(82KB) AllocSpace objects, 1(20KB) LOS objects, 35% free, 29MB/45MB, paused 511us total 47.620ms
08-05 20:56:21.698 32542 32555 I art     : Starting a blocking GC Explicit
08-05 20:56:21.744 32542 32555 I art     : Explicit concurrent mark sweep GC freed 20(704B) AllocSpace objects, 0(0B) LOS objects, 35% free, 29MB/45MB, paused 515us total 46.255ms
08-05 20:56:21.763 32542 32555 I art     : Starting a blocking GC Explicit
08-05 20:56:21.778  2839  2839 D AndroidRuntime: >>>>>> START com.android.internal.os.RuntimeInit uid 2000 <<<<<<
08-05 20:56:21.784  2839  2839 D AndroidRuntime: CheckJNI is OFF
08-05 20:56:21.811 32542 32555 I art     : Explicit concurrent mark sweep GC freed 3(96B) AllocSpace objects, 0(0B) LOS objects, 35% free, 29MB/45MB, paused 500us total 47.514ms
08-05 20:56:21.830 32542 32555 I art     : Starting a blocking GC Explicit
08-05 20:56:21.831  2839  2839 D ICU     : No timezone override file found: /data/misc/zoneinfo/current/icu/icu_tzdata.dat
08-05 20:56:21.872 32542 32555 I art     : Explicit concurrent mark sweep GC freed 5(160B) AllocSpace objects, 0(0B) LOS objects, 35% free, 29MB/45MB, paused 514us total 42.207ms
08-05 20:56:21.872  2839  2839 I Radio-JNI: register_android_hardware_Radio DONE
08-05 20:56:21.890 32542 32555 I art     : Starting a blocking GC Explicit
08-05 20:56:21.902  2839  2839 D AndroidRuntime: Calling main entry com.android.commands.input.Input
08-05 20:56:21.904  2839  2839 I Input   : injectMotionEvent: MotionEvent { action=ACTION_DOWN, actionButton=0, id[0]=0, x[0]=600.0, y[0]=580.0, toolType[0]=TOOL_TYPE_UNKNOWN, buttonState=0, metaState=0, flags=0x0, edgeFlags=0x0, pointerCount=1, historySize=0, eventTime=824198316, downTime=824198316, deviceId=0, source=0x1002 }
08-05 20:56:21.908  2839  2839 I Input   : injectMotionEvent: MotionEvent { action=ACTION_UP, actionButton=0, id[0]=0, x[0]=600.0, y[0]=580.0, toolType[0]=TOOL_TYPE_UNKNOWN, buttonState=0, metaState=0, flags=0x0, edgeFlags=0x0, pointerCount=1, historySize=0, eventTime=824198316, downTime=824198316, deviceId=0, source=0x1002 }
08-05 20:56:21.909  2839  2839 D AndroidRuntime: Shutting down VM
08-05 20:56:21.919   918  5481 I ActivityManager: START u0 {cmp=baseline.org.quantumbadger.redreader/.activities.WebViewActivity (has extras)} from uid 10689 on display 0
08-05 20:56:21.920   512  2967 D audio_hw_primary: out_set_parameters: enter: usecase(1: low-latency-playback) kvpairs: routing=2
08-05 20:56:21.932 32542 32555 I art     : Explicit concurrent mark sweep GC freed 157(5KB) AllocSpace objects, 0(0B) LOS objects, 35% free, 29MB/45MB, paused 540us total 41.784ms
08-05 20:56:21.933   512  2967 D audio_hw_primary: select_devices: out_snd_device(2: speaker) in_snd_device(0: none)
08-05 20:56:21.933   512  2967 D msm8974_platform: platform_send_audio_calibration: sending audio calibration for snd_device(2) acdb_id(15)
08-05 20:56:21.934   512  2967 I soundtrigger: audio_extn_sound_trigger_update_device_status: device 0x2 of type 0 for Event 1
08-05 20:56:21.944   512  2967 D audio_hw_primary: enable_snd_device: snd_device(2: speaker)
08-05 20:56:21.947   512  2967 D audio_hw_primary: enable_audio_route: apply and update mixer path: low-latency-playback speaker
08-05 20:56:21.951 32542 32542 I AppCompatViewInflater: app:theme is now deprecated. Please move to using android:theme instead.
08-05 20:56:21.973   918  3714 D ConnectivityService: listenForNetwork for Listen from uid/pid:10689/32542 for NetworkRequest [ id=3552, legacyType=-1, [ Capabilities: INTERNET&NOT_RESTRICTED&TRUSTED] ]
08-05 20:56:22.088   918   936 I ActivityManager: Displayed baseline.org.quantumbadger.redreader/.activities.WebViewActivity: +161ms
08-05 20:56:22.089 13866 13866 I GoogleInputMethodServic: GoogleInputMethodService.onFinishInput():3138 
08-05 20:56:22.090 13866 13866 I GoogleInputMethodServic: GoogleInputMethodService.onStartInput():1808 
08-05 20:56:22.254 32542 32563 I art     : Starting a blocking GC Explicit
08-05 20:56:22.312 32542 32563 I art     : Explicit concurrent mark sweep GC freed 5815(309KB) AllocSpace objects, 1(20KB) LOS objects, 35% free, 29MB/45MB, paused 739us total 56.905ms
08-05 20:56:22.334 32542 32563 I art     : Starting a blocking GC Explicit
08-05 20:56:22.346   380   380 W SurfaceFlinger: couldn't log to binary event log: overflow.
08-05 20:56:22.382 32542 32563 I art     : Explicit concurrent mark sweep GC freed 487(27KB) AllocSpace objects, 0(0B) LOS objects, 35% free, 29MB/45MB, paused 628us total 47.415ms
08-05 20:56:22.399 32542 32563 I art     : Starting a blocking GC Explicit
08-05 20:56:22.439 32542 32563 I art     : Explicit concurrent mark sweep GC freed 288(17KB) AllocSpace objects, 0(0B) LOS objects, 35% free, 29MB/45MB, paused 520us total 40.140ms
08-05 20:56:22.461 32542 32563 I art     : Starting a blocking GC Explicit
08-05 20:56:22.482   512  2967 D audio_hw_primary: disable_audio_route: reset and update mixer path: low-latency-playback speaker
08-05 20:56:22.483   512  2967 D audio_hw_primary: disable_snd_device: snd_device(2: speaker)
08-05 20:56:22.492   512  2967 I soundtrigger: audio_extn_sound_trigger_update_device_status: device 0x2 of type 0 for Event 0
08-05 20:56:22.503 32542 32563 I art     : Explicit concurrent mark sweep GC freed 546(29KB) AllocSpace objects, 0(0B) LOS objects, 35% free, 29MB/45MB, paused 612us total 41.895ms
08-05 20:56:22.522 32542 32563 I art     : Starting a blocking GC Explicit
08-05 20:56:22.570 32542 32563 I art     : Explicit concurrent mark sweep GC freed 99(5KB) AllocSpace objects, 0(0B) LOS objects, 35% free, 29MB/45MB, paused 592us total 47.053ms
08-05 20:56:22.960 32542  1481 I art     : Starting a blocking GC Explicit
08-05 20:56:23.008 32542  1481 I art     : Explicit concurrent mark sweep GC freed 1389(83KB) AllocSpace objects, 1(20KB) LOS objects, 35% free, 29MB/45MB, paused 690us total 47.165ms
08-05 20:56:23.027 32542  1481 I art     : Starting a blocking GC Explicit
08-05 20:56:23.075 32542  1481 I art     : Explicit concurrent mark sweep GC freed 28(960B) AllocSpace objects, 0(0B) LOS objects, 35% free, 29MB/45MB, paused 590us total 47.808ms
08-05 20:56:23.095 32542  1481 I art     : Starting a blocking GC Explicit
08-05 20:56:23.142 32542  1481 I art     : Explicit concurrent mark sweep GC freed 11(352B) AllocSpace objects, 0(0B) LOS objects, 35% free, 29MB/45MB, paused 537us total 47.059ms
08-05 20:56:23.164 32542  1481 I art     : Starting a blocking GC Explicit
08-05 20:56:23.212 32542  1481 I art     : Explicit concurrent mark sweep GC freed 12(384B) AllocSpace objects, 0(0B) LOS objects, 35% free, 29MB/45MB, paused 562us total 48.254ms
08-05 20:56:23.231 32542  1481 I art     : Starting a blocking GC Explicit
08-05 20:56:23.282 32542  1481 I art     : Explicit concurrent mark sweep GC freed 11(352B) AllocSpace objects, 0(0B) LOS objects, 35% free, 29MB/45MB, paused 869us total 50.567ms
08-05 20:56:23.661 32542 32563 I art     : Starting a blocking GC Explicit
08-05 20:56:23.714 32542 32563 I art     : Explicit concurrent mark sweep GC freed 1416(84KB) AllocSpace objects, 1(20KB) LOS objects, 35% free, 29MB/45MB, paused 629us total 53.215ms
08-05 20:56:23.715 32542 32542 I chromium: [INFO:CONSOLE(1)] "
08-05 20:56:23.715 32542 32542 I chromium:                   ,d"=,.,qOp,
08-05 20:56:23.715 32542 32542 I chromium:                  ,7'  ''$(  )
08-05 20:56:23.715 32542 32542 I chromium:                 ,7'      '?q$7'
08-05 20:56:23.715 32542 32542 I chromium:              ..,$$,.
08-05 20:56:23.715 32542 32542 I chromium:    ,.  .,,--***""***--,,.  .,
08-05 20:56:23.715 32542 32542 I chromium:     ,p''              ''q,   
08-05 20:56:23.715 32542 32542 I chromium: :  ,7'                      '7,  :
08-05 20:56:23.715 32542 32542 I chromium:  ' $      ,db,      ,db,      $ '
08-05 20:56:23.715 32542 32542 I chromium:   '$      $$      $$      $'    Using Reddit at work? Work for Reddit.
08-05 20:56:23.715 32542 32542 I chromium:   '$                          $'        https://www.reddit.com/jobs
08-05 20:56:23.715 32542 32542 I chromium:    '$.     .,        ,.     .$'
08-05 20:56:23.715 32542 32542 I chromium:     'b,     ''     ,d'
08-05 20:56:23.715 32542 32542 I chromium:      '?bn,,          ,,nd?'
08-05 20:56:23.715 32542 32542 I chromium:        ,7$ '''' $7,
08-05 20:56:23.715 32542 32542 I chromium:      , $              $ ,
08-05 20:56:23.715 32542 32542 I chromium:      $  :$              $:  $
08-05 20:56:23.715 32542 32542 I chromium:      $   $              $   $
08-05 20:56:23.715 32542 32542 I chromium:      'b  q:            :p  d'
08-05 20:56:23.715 32542 32542 I chromium:       '?$.          .$?'
08-05 20:56:23.715 32542 32542 I chromium:          'b            d'
08-05 20:56:23.715 32542 32542 I chromium:        ,'?,.      .,?',
08-05 20:56:23.715 32542 32542 I chromium:       ==--==--==--==
08-05 20:56:23.715 32542 32542 I chromium: ", source: https://www.redditstatic.com/desktop2x/Chat~Governance~Reddit.2ea93b134a9b2e5b1d9a.js (1)
08-05 20:56:23.736 32542 32563 I art     : Starting a blocking GC Explicit
08-05 20:56:23.788 32542 32563 I art     : Explicit concurrent mark sweep GC freed 44(3KB) AllocSpace objects, 0(0B) LOS objects, 35% free, 29MB/45MB, paused 525us total 51.063ms
08-05 20:56:23.788 32542 32552 I art     : WaitForGcToComplete blocked for 35.284ms for cause HeapTrim
08-05 20:56:23.809 32542 32563 I art     : Starting a blocking GC Explicit
08-05 20:56:23.861 32542 32563 I art     : Explicit concurrent mark sweep GC freed 18(576B) AllocSpace objects, 0(0B) LOS objects, 35% free, 29MB/45MB, paused 564us total 51.410ms
08-05 20:56:23.884 32542 32563 I art     : Starting a blocking GC Explicit
08-05 20:56:23.933 32542 32563 I art     : Explicit concurrent mark sweep GC freed 10(320B) AllocSpace objects, 0(0B) LOS objects, 35% free, 29MB/45MB, paused 543us total 47.937ms
08-05 20:56:23.950 32542 32563 I art     : Starting a blocking GC Explicit
08-05 20:56:23.995 32542 32563 I art     : Explicit concurrent mark sweep GC freed 3(96B) AllocSpace objects, 0(0B) LOS objects, 35% free, 29MB/45MB, paused 541us total 44.149ms
08-05 20:56:24.350   518   646 I ThermalEngine: ACTION: GPU - Setting GPU[0] to 390000000
08-05 20:56:24.412 32542 32555 I art     : Starting a blocking GC Explicit
08-05 20:56:24.472 32542 32555 I art     : Explicit concurrent mark sweep GC freed 1364(83KB) AllocSpace objects, 1(20KB) LOS objects, 35% free, 29MB/45MB, paused 897us total 59.808ms
08-05 20:56:24.497 32542 32555 I art     : Starting a blocking GC Explicit
08-05 20:56:24.553 32542 32555 I art     : Explicit concurrent mark sweep GC freed 22(768B) AllocSpace objects, 0(0B) LOS objects, 35% free, 29MB/45MB, paused 919us total 56.373ms
08-05 20:56:24.579 32542 32555 I art     : Starting a blocking GC Explicit
08-05 20:56:24.635 32542 32555 I art     : Explicit concurrent mark sweep GC freed 3(96B) AllocSpace objects, 0(0B) LOS objects, 35% free, 29MB/45MB, paused 966us total 56.062ms
08-05 20:56:24.660 32542 32555 I art     : Starting a blocking GC Explicit
08-05 20:56:24.717 32542 32555 I art     : Explicit concurrent mark sweep GC freed 3(96B) AllocSpace objects, 0(0B) LOS objects, 35% free, 29MB/45MB, paused 894us total 56.562ms
08-05 20:56:24.741 32542 32555 I art     : Starting a blocking GC Explicit
08-05 20:56:24.798 32542 32555 I art     : Explicit concurrent mark sweep GC freed 3(96B) AllocSpace objects, 0(0B) LOS objects, 35% free, 29MB/45MB, paused 1.092ms total 56.922ms
08-05 20:56:25.043 13866 13882 I PeriodicStatsRunner: PeriodicStatsRunner.call():175 call()
08-05 20:56:25.044 13866 13882 I PeriodicStatsRunner: PeriodicStatsRunner.call():179 No submit PeriodicStats since input started.
08-05 20:56:25.197 32542 32555 I art     : Starting a blocking GC Explicit
08-05 20:56:25.291 32542 32555 I art     : Explicit concurrent mark sweep GC freed 1570(95KB) AllocSpace objects, 1(20KB) LOS objects, 35% free, 29MB/45MB, paused 832us total 92.842ms
08-05 20:56:25.314 32542 32555 I art     : Starting a blocking GC Explicit
08-05 20:56:25.375 32542 32555 I art     : Explicit concurrent mark sweep GC freed 29(3KB) AllocSpace objects, 0(0B) LOS objects, 35% free, 29MB/45MB, paused 776us total 60.067ms
08-05 20:56:25.397 32542 32555 I art     : Starting a blocking GC Explicit
08-05 20:56:25.453 32542 32555 I art     : Explicit concurrent mark sweep GC freed 3(96B) AllocSpace objects, 0(0B) LOS objects, 35% free, 29MB/45MB, paused 1.045ms total 55.257ms
08-05 20:56:25.478 32542 32555 I art     : Starting a blocking GC Explicit
08-05 20:56:25.536 32542 32555 I art     : Explicit concurrent mark sweep GC freed 3(96B) AllocSpace objects, 0(0B) LOS objects, 35% free, 29MB/45MB, paused 1.042ms total 57.684ms
08-05 20:56:25.570 32542 32555 I art     : Starting a blocking GC Explicit
08-05 20:56:25.629 32542 32555 I art     : Explicit concurrent mark sweep GC freed 3(96B) AllocSpace objects, 0(0B) LOS objects, 35% free, 29MB/45MB, paused 830us total 58.676ms
08-05 20:56:26.056 32542   460 I art     : Starting a blocking GC Explicit
08-05 20:56:26.114 32542   460 I art     : Explicit concurrent mark sweep GC freed 1401(85KB) AllocSpace objects, 1(20KB) LOS objects, 35% free, 29MB/45MB, paused 720us total 57.342ms
08-05 20:56:26.140 32542   460 I art     : Starting a blocking GC Explicit
08-05 20:56:26.203 32542   460 I art     : Explicit concurrent mark sweep GC freed 20(704B) AllocSpace objects, 0(0B) LOS objects, 35% free, 29MB/45MB, paused 900us total 62.873ms
08-05 20:56:26.227 32542   460 I art     : Starting a blocking GC Explicit
08-05 20:56:26.291 32542   460 I art     : Explicit concurrent mark sweep GC freed 3(96B) AllocSpace objects, 0(0B) LOS objects, 35% free, 29MB/45MB, paused 742us total 62.828ms
08-05 20:56:26.315 32542   460 I art     : Starting a blocking GC Explicit
08-05 20:56:26.379 32542   460 I art     : Explicit concurrent mark sweep GC freed 3(96B) AllocSpace objects, 0(0B) LOS objects, 35% free, 29MB/45MB, paused 815us total 63.369ms
08-05 20:56:26.403 32542   460 I art     : Starting a blocking GC Explicit
08-05 20:56:26.469 32542   460 I art     : Explicit concurrent mark sweep GC freed 3(96B) AllocSpace objects, 0(0B) LOS objects, 35% free, 29MB/45MB, paused 859us total 65.245ms
08-05 20:56:26.857  2928  2928 D AndroidRuntime: >>>>>> START com.android.internal.os.RuntimeInit uid 2000 <<<<<<
08-05 20:56:26.865  2928  2928 D AndroidRuntime: CheckJNI is OFF
08-05 20:56:26.877 32542   460 I art     : Starting a blocking GC Explicit
08-05 20:56:26.920  2928  2928 D ICU     : No timezone override file found: /data/misc/zoneinfo/current/icu/icu_tzdata.dat
08-05 20:56:26.929 32542  2864 I RedditChangeDataIO: Writing tmp data file at '/data/user/0/baseline.org.quantumbadger.redreader/files/rr_change_data_tmp.dat'
08-05 20:56:26.930 32542  2864 I RedditChangeDataManager: Taking snapshot...
08-05 20:56:26.930 32542  2864 I RedditChangeDataManager: Writing to stream...
08-05 20:56:26.930 32542  2864 I RedditChangeDataManager: Wrote 5 entries for user ''
08-05 20:56:26.930 32542  2864 I RedditChangeDataManager: All entries written to stream.
08-05 20:56:26.932 32542  2864 I RedditChangeDataIO: Write successful. Atomically replacing data file...
08-05 20:56:26.932 32542  2864 I RedditChangeDataIO: Write complete.
08-05 20:56:26.932 32542  2864 I RedditChangeDataIO: 134 bytes written in 3 ms
08-05 20:56:26.933 32542   460 I art     : Explicit concurrent mark sweep GC freed 1406(85KB) AllocSpace objects, 1(20KB) LOS objects, 35% free, 29MB/45MB, paused 922us total 56.339ms
08-05 20:56:26.961 32542   460 I art     : Starting a blocking GC Explicit
08-05 20:56:26.975  2928  2928 I Radio-JNI: register_android_hardware_Radio DONE
08-05 20:56:27.007  2928  2928 D AndroidRuntime: Calling main entry com.android.commands.input.Input
08-05 20:56:27.009  2928  2928 I Input   : injectKeyEvent: KeyEvent { action=ACTION_DOWN, keyCode=KEYCODE_BACK, scanCode=0, metaState=0, flags=0x0, repeatCount=0, eventTime=824203422, downTime=824203422, deviceId=-1, source=0x101 }
08-05 20:56:27.016 32542   460 I art     : Explicit concurrent mark sweep GC freed 53(2848B) AllocSpace objects, 1(68KB) LOS objects, 35% free, 29MB/45MB, paused 1.010ms total 54.404ms
08-05 20:56:27.017  2928  2928 I Input   : injectKeyEvent: KeyEvent { action=ACTION_UP, keyCode=KEYCODE_BACK, scanCode=0, metaState=0, flags=0x0, repeatCount=0, eventTime=824203422, downTime=824203422, deviceId=-1, source=0x101 }
08-05 20:56:27.026  2928  2928 D AndroidRuntime: Shutting down VM
08-05 20:56:27.050 32542   460 I art     : Starting a blocking GC Explicit
08-05 20:56:27.069 13866 13866 I GoogleInputMethodServic: GoogleInputMethodService.onFinishInput():3138 
08-05 20:56:27.070 13866 13866 I GoogleInputMethodServic: GoogleInputMethodService.onStartInput():1808 
08-05 20:56:27.090 13866 13882 I PeriodicStatsRunner: PeriodicStatsRunner.call():175 call()
08-05 20:56:27.090 13866 13882 I PeriodicStatsRunner: PeriodicStatsRunner.call():179 No submit PeriodicStats since input started.
08-05 20:56:27.104 32542   460 I art     : Explicit concurrent mark sweep GC freed 187(6KB) AllocSpace objects, 0(0B) LOS objects, 35% free, 29MB/45MB, paused 875us total 53.482ms
08-05 20:56:27.127 32542   460 I art     : Starting a blocking GC Explicit
08-05 20:56:27.180 32542   460 I art     : Explicit concurrent mark sweep GC freed 94(3KB) AllocSpace objects, 0(0B) LOS objects, 35% free, 29MB/45MB, paused 963us total 52.854ms
08-05 20:56:27.209 32542   460 I art     : Starting a blocking GC Explicit
08-05 20:56:27.283 32542   460 I art     : Explicit concurrent mark sweep GC freed 3(96B) AllocSpace objects, 0(0B) LOS objects, 35% free, 29MB/45MB, paused 909us total 73.219ms
08-05 20:56:27.385   380   380 W SurfaceFlinger: couldn't log to binary event log: overflow.
08-05 20:56:27.428   918  3263 D ConnectivityService: releasing NetworkRequest NetworkRequest [ id=3552, legacyType=-1, [ Capabilities: INTERNET&NOT_RESTRICTED&TRUSTED] ]
08-05 20:56:27.717 32542 32563 I art     : Starting a blocking GC Explicit
08-05 20:56:27.793 32542 32563 I art     : Explicit concurrent mark sweep GC freed 2237(123KB) AllocSpace objects, 1(20KB) LOS objects, 35% free, 29MB/45MB, paused 948us total 75.254ms
08-05 20:56:27.822 32542 32563 I art     : Starting a blocking GC Explicit
08-05 20:56:27.882 32542 32563 I art     : Explicit concurrent mark sweep GC freed 2114(124KB) AllocSpace objects, 1(28KB) LOS objects, 35% free, 29MB/45MB, paused 685us total 59.973ms
08-05 20:56:27.909 32542 32563 I art     : Starting a blocking GC Explicit
08-05 20:56:27.968 32542 32563 I art     : Explicit concurrent mark sweep GC freed 3(96B) AllocSpace objects, 0(0B) LOS objects, 35% free, 29MB/45MB, paused 755us total 59.418ms
08-05 20:56:27.994 32542 32563 I art     : Starting a blocking GC Explicit
08-05 20:56:28.058 32542 32563 I art     : Explicit concurrent mark sweep GC freed 3(96B) AllocSpace objects, 0(0B) LOS objects, 35% free, 29MB/45MB, paused 1.328ms total 62.992ms
08-05 20:56:28.088 32542 32563 I art     : Starting a blocking GC Explicit
08-05 20:56:28.147 32542 32563 I art     : Explicit concurrent mark sweep GC freed 3(96B) AllocSpace objects, 0(0B) LOS objects, 35% free, 29MB/45MB, paused 683us total 58.786ms
08-05 20:56:28.511 32542 32555 I art     : Starting a blocking GC Explicit
08-05 20:56:28.572 32542 32555 I art     : Explicit concurrent mark sweep GC freed 1354(82KB) AllocSpace objects, 1(20KB) LOS objects, 35% free, 29MB/45MB, paused 763us total 61.065ms
08-05 20:56:28.597 32542 32555 I art     : Starting a blocking GC Explicit
08-05 20:56:28.655 32542 32555 I art     : Explicit concurrent mark sweep GC freed 20(704B) AllocSpace objects, 0(0B) LOS objects, 35% free, 29MB/45MB, paused 760us total 57.083ms
08-05 20:56:28.680 32542 32555 I art     : Starting a blocking GC Explicit
08-05 20:56:28.738 32542 32555 I art     : Explicit concurrent mark sweep GC freed 3(96B) AllocSpace objects, 0(0B) LOS objects, 35% free, 29MB/45MB, paused 789us total 57.595ms
08-05 20:56:28.763 32542 32555 I art     : Starting a blocking GC Explicit
08-05 20:56:28.821 32542 32555 I art     : Explicit concurrent mark sweep GC freed 3(96B) AllocSpace objects, 0(0B) LOS objects, 35% free, 29MB/45MB, paused 783us total 57.370ms
08-05 20:56:28.846 32542 32555 I art     : Starting a blocking GC Explicit
08-05 20:56:28.902 32542 32555 I art     : Explicit concurrent mark sweep GC freed 3(96B) AllocSpace objects, 0(0B) LOS objects, 35% free, 29MB/45MB, paused 759us total 55.732ms
08-05 20:56:28.902 32542 32552 I art     : WaitForGcToComplete blocked for 41.477ms for cause HeapTrim
08-05 20:56:28.916  2961  2961 D AndroidRuntime: >>>>>> START com.android.internal.os.RuntimeInit uid 2000 <<<<<<
08-05 20:56:28.923  2961  2961 D AndroidRuntime: CheckJNI is OFF
08-05 20:56:28.975  2961  2961 D ICU     : No timezone override file found: /data/misc/zoneinfo/current/icu/icu_tzdata.dat
08-05 20:56:29.021  2961  2961 I Radio-JNI: register_android_hardware_Radio DONE
08-05 20:56:29.055  2961  2961 D AndroidRuntime: Calling main entry com.android.commands.input.Input
08-05 20:56:29.064  2961  2961 I Input   : injectKeyEvent: KeyEvent { action=ACTION_DOWN, keyCode=KEYCODE_BACK, scanCode=0, metaState=0, flags=0x0, repeatCount=0, eventTime=824205477, downTime=824205477, deviceId=-1, source=0x101 }
08-05 20:56:29.073  2961  2961 I Input   : injectKeyEvent: KeyEvent { action=ACTION_UP, keyCode=KEYCODE_BACK, scanCode=0, metaState=0, flags=0x0, repeatCount=0, eventTime=824205477, downTime=824205477, deviceId=-1, source=0x101 }
08-05 20:56:29.080  2961  2961 D AndroidRuntime: Shutting down VM
08-05 20:56:29.127 13866 13866 I GoogleInputMethodServic: GoogleInputMethodService.onFinishInput():3138 
08-05 20:56:29.128 13866 13866 I GoogleInputMethodServic: GoogleInputMethodService.onStartInput():1808 
08-05 20:56:29.285 32542   460 I art     : Starting a blocking GC Explicit
08-05 20:56:29.361 32542   460 I art     : Explicit concurrent mark sweep GC freed 1534(88KB) AllocSpace objects, 1(20KB) LOS objects, 35% free, 29MB/45MB, paused 944us total 70.495ms
08-05 20:56:29.393 32542   460 I art     : Starting a blocking GC Explicit
08-05 20:56:29.463 32542   460 I art     : Explicit concurrent mark sweep GC freed 57(1808B) AllocSpace objects, 0(0B) LOS objects, 35% free, 29MB/45MB, paused 1.044ms total 69.600ms
08-05 20:56:29.489 32542   460 I art     : Starting a blocking GC Explicit
08-05 20:56:29.543 32542   460 I art     : Explicit concurrent mark sweep GC freed 28(1312B) AllocSpace objects, 0(0B) LOS objects, 35% free, 29MB/45MB, paused 786us total 54.177ms
08-05 20:56:29.568 32542   460 I art     : Starting a blocking GC Explicit
08-05 20:56:29.630 32542   460 I art     : Explicit concurrent mark sweep GC freed 133(6KB) AllocSpace objects, 0(0B) LOS objects, 35% free, 29MB/45MB, paused 882us total 61.835ms
08-05 20:56:29.656 32542   460 I art     : Starting a blocking GC Explicit
08-05 20:56:29.719 32542   460 I art     : Explicit concurrent mark sweep GC freed 3(96B) AllocSpace objects, 0(0B) LOS objects, 35% free, 29MB/45MB, paused 1.094ms total 62.100ms
08-05 20:56:30.104 32542 32563 I art     : Starting a blocking GC Explicit
08-05 20:56:30.177 32542 32563 I art     : Explicit concurrent mark sweep GC freed 1354(82KB) AllocSpace objects, 1(20KB) LOS objects, 35% free, 29MB/45MB, paused 869us total 72.378ms
08-05 20:56:30.207 32542 32563 I art     : Starting a blocking GC Explicit
08-05 20:56:30.273 32542 32563 I art     : Explicit concurrent mark sweep GC freed 20(704B) AllocSpace objects, 0(0B) LOS objects, 35% free, 29MB/45MB, paused 1.260ms total 65.463ms
08-05 20:56:30.300 32542 32563 I art     : Starting a blocking GC Explicit
08-05 20:56:30.358   518   646 I ThermalEngine: ACTION: GPU - Setting GPU[0] to 450000000
08-05 20:56:30.359 32542 32563 I art     : Explicit concurrent mark sweep GC freed 3(96B) AllocSpace objects, 0(0B) LOS objects, 35% free, 29MB/45MB, paused 989us total 59.369ms
08-05 20:56:30.381 32542 32563 I art     : Starting a blocking GC Explicit
08-05 20:56:30.425 32542 32563 I art     : Explicit concurrent mark sweep GC freed 3(96B) AllocSpace objects, 0(0B) LOS objects, 35% free, 29MB/45MB, paused 519us total 44.416ms
08-05 20:56:30.444 32542 32563 I art     : Starting a blocking GC Explicit
08-05 20:56:30.490 32542 32563 I art     : Explicit concurrent mark sweep GC freed 3(96B) AllocSpace objects, 0(0B) LOS objects, 35% free, 29MB/45MB, paused 540us total 45.785ms
08-05 20:56:30.824 32542 32555 I art     : Starting a blocking GC Explicit
08-05 20:56:30.862  3017  3017 D AndroidRuntime: >>>>>> START com.android.internal.os.RuntimeInit uid 2000 <<<<<<
08-05 20:56:30.868  3017  3017 D AndroidRuntime: CheckJNI is OFF
08-05 20:56:30.877 32542 32555 I art     : Explicit concurrent mark sweep GC freed 1354(82KB) AllocSpace objects, 1(20KB) LOS objects, 35% free, 29MB/45MB, paused 602us total 52.627ms
08-05 20:56:30.896 32542 32555 I art     : Starting a blocking GC Explicit
08-05 20:56:30.915  3017  3017 D ICU     : No timezone override file found: /data/misc/zoneinfo/current/icu/icu_tzdata.dat
08-05 20:56:30.944 32542 32555 I art     : Explicit concurrent mark sweep GC freed 20(704B) AllocSpace objects, 0(0B) LOS objects, 35% free, 29MB/45MB, paused 564us total 47.481ms
08-05 20:56:30.962 32542 32555 I art     : Starting a blocking GC Explicit
08-05 20:56:30.964  3017  3017 I Radio-JNI: register_android_hardware_Radio DONE
08-05 20:56:30.993  3017  3017 D AndroidRuntime: Calling main entry com.android.commands.input.Input
08-05 20:56:30.995  3017  3017 I Input   : injectMotionEvent: MotionEvent { action=ACTION_DOWN, actionButton=0, id[0]=0, x[0]=600.0, y[0]=1000.0, toolType[0]=TOOL_TYPE_UNKNOWN, buttonState=0, metaState=0, flags=0x0, edgeFlags=0x0, pointerCount=1, historySize=0, eventTime=824207407, downTime=824207407, deviceId=0, source=0x1002 }
08-05 20:56:31.000  3017  3017 I Input   : injectMotionEvent: MotionEvent { action=ACTION_UP, actionButton=0, id[0]=0, x[0]=600.0, y[0]=1000.0, toolType[0]=TOOL_TYPE_UNKNOWN, buttonState=0, metaState=0, flags=0x0, edgeFlags=0x0, pointerCount=1, historySize=0, eventTime=824207407, downTime=824207407, deviceId=0, source=0x1002 }
08-05 20:56:31.002  3017  3017 D AndroidRuntime: Shutting down VM
08-05 20:56:31.008   512  2967 D audio_hw_primary: out_set_parameters: enter: usecase(1: low-latency-playback) kvpairs: routing=2
08-05 20:56:31.011 32542 32555 I art     : Explicit concurrent mark sweep GC freed 36(1312B) AllocSpace objects, 0(0B) LOS objects, 35% free, 29MB/45MB, paused 3.614ms total 48.763ms
08-05 20:56:31.011   918  5132 I ActivityManager: START u0 {dat=https://oauth.reddit.com/... cmp=baseline.org.quantumbadger.redreader/.activities.PostListingActivity} from uid 10689 on display 0
08-05 20:56:31.021   512  2967 D audio_hw_primary: select_devices: out_snd_device(2: speaker) in_snd_device(0: none)
08-05 20:56:31.021   512  2967 D msm8974_platform: platform_send_audio_calibration: sending audio calibration for snd_device(2) acdb_id(15)
08-05 20:56:31.021   512  2967 I soundtrigger: audio_extn_sound_trigger_update_device_status: device 0x2 of type 0 for Event 1
08-05 20:56:31.031 32542 32555 I art     : Starting a blocking GC Explicit
08-05 20:56:31.033   512  2967 D audio_hw_primary: enable_snd_device: snd_device(2: speaker)
08-05 20:56:31.034 32542 32542 I AppCompatViewInflater: app:theme is now deprecated. Please move to using android:theme instead.
08-05 20:56:31.035   512  2967 D audio_hw_primary: enable_audio_route: apply and update mixer path: low-latency-playback speaker
08-05 20:56:31.057 32542  3042 D OK      : calling: https://oauth.reddit.com/r/announcements/about.json
08-05 20:56:31.076 32542 32555 I art     : Explicit concurrent mark sweep GC freed 890(76KB) AllocSpace objects, 0(0B) LOS objects, 35% free, 29MB/45MB, paused 655us total 44.446ms
08-05 20:56:31.093 32542 32555 I art     : Starting a blocking GC Explicit
08-05 20:56:31.123   918   936 I ActivityManager: Displayed baseline.org.quantumbadger.redreader/.activities.PostListingActivity: +102ms
08-05 20:56:31.123 13866 13866 I GoogleInputMethodServic: GoogleInputMethodService.onFinishInput():3138 
08-05 20:56:31.124 13866 13866 I GoogleInputMethodServic: GoogleInputMethodService.onStartInput():1808 
08-05 20:56:31.136 32542 32555 I art     : Explicit concurrent mark sweep GC freed 994(41KB) AllocSpace objects, 0(0B) LOS objects, 35% free, 29MB/45MB, paused 706us total 42.805ms
08-05 20:56:31.163   918  3261 D WifiStateMachine: starting scan for "H369AA63323"WPA_PSK with 2412,5180
08-05 20:56:31.373   380   380 W SurfaceFlinger: couldn't log to binary event log: overflow.
08-05 20:56:31.389 32542  3042 I NAPPA_EXPERIMENTATION: MetricNetworkRequestExecutionTime: REQUEST_DURATION_SYSTEM='331',REQUEST_DURATION_OKHTTP='154',REQUEST_SYNCHRONOUS='TRUE',RESPONSE_CODE='200',RESPONSE_METHOD='GET',RESPONSE_LENGTH_OKHTTP='-1',RESPONSE_LENGTH_HEADER='1564',REQUEST_PROTOCOL='h2',REQUEST_URL='https://oauth.reddit.com/r/announcements/about.json',
08-05 20:56:31.389 32542  3042 D OK      : request got status: 200
08-05 20:56:31.466 32542 32563 I art     : Starting a blocking GC Explicit
08-05 20:56:31.514 32542 32563 I art     : Explicit concurrent mark sweep GC freed 4924(322KB) AllocSpace objects, 3(156KB) LOS objects, 35% free, 29MB/45MB, paused 1.880ms total 46.961ms
08-05 20:56:31.532 32542 32563 I art     : Starting a blocking GC Explicit
08-05 20:56:31.577 32542 32563 I art     : Explicit concurrent mark sweep GC freed 293(14KB) AllocSpace objects, 0(0B) LOS objects, 35% free, 29MB/45MB, paused 607us total 45.033ms
08-05 20:56:31.579   512  2967 D audio_hw_primary: disable_audio_route: reset and update mixer path: low-latency-playback speaker
08-05 20:56:31.581   512  2967 D audio_hw_primary: disable_snd_device: snd_device(2: speaker)
08-05 20:56:31.588   512  2967 I soundtrigger: audio_extn_sound_trigger_update_device_status: device 0x2 of type 0 for Event 0
08-05 20:56:31.595 32542 32563 I art     : Starting a blocking GC Explicit
08-05 20:56:31.639 32542 32563 I art     : Explicit concurrent mark sweep GC freed 3(96B) AllocSpace objects, 0(0B) LOS objects, 35% free, 29MB/45MB, paused 559us total 43.461ms
08-05 20:56:31.657 32542 32563 I art     : Starting a blocking GC Explicit
08-05 20:56:31.701 32542 32563 I art     : Explicit concurrent mark sweep GC freed 3(96B) AllocSpace objects, 0(0B) LOS objects, 35% free, 29MB/45MB, paused 548us total 44.228ms
08-05 20:56:31.720 32542 32563 I art     : Starting a blocking GC Explicit
08-05 20:56:31.768 32542 32563 I art     : Explicit concurrent mark sweep GC freed 38(1568B) AllocSpace objects, 0(0B) LOS objects, 35% free, 29MB/45MB, paused 697us total 47.365ms
08-05 20:56:32.070 13866 13882 I PeriodicStatsRunner: PeriodicStatsRunner.call():175 call()
08-05 20:56:32.070 13866 13882 I PeriodicStatsRunner: PeriodicStatsRunner.call():179 No submit PeriodicStats since input started.
08-05 20:56:32.101 32542 32563 I art     : Starting a blocking GC Explicit
08-05 20:56:32.118 32448 32448 I ServiceManager: Waiting for service AtCmdFwd...
08-05 20:56:32.151 32542 32563 I art     : Explicit concurrent mark sweep GC freed 1378(83KB) AllocSpace objects, 1(20KB) LOS objects, 35% free, 29MB/45MB, paused 598us total 49.205ms
08-05 20:56:32.170 32542 32563 I art     : Starting a blocking GC Explicit
08-05 20:56:32.217 32542 32563 I art     : Explicit concurrent mark sweep GC freed 20(704B) AllocSpace objects, 0(0B) LOS objects, 35% free, 29MB/45MB, paused 681us total 46.774ms
08-05 20:56:32.236 32542 32563 I art     : Starting a blocking GC Explicit
08-05 20:56:32.260 32542  3067 D OK      : calling: https://oauth.reddit.com/r/announcements/hot/.json
08-05 20:56:32.284 32542 32563 I art     : Explicit concurrent mark sweep GC freed 94(3KB) AllocSpace objects, 0(0B) LOS objects, 35% free, 29MB/45MB, paused 643us total 48.022ms
08-05 20:56:32.302 32542 32563 I art     : Starting a blocking GC Explicit
08-05 20:56:32.349 32542 32563 I art     : Explicit concurrent mark sweep GC freed 10(384B) AllocSpace objects, 0(0B) LOS objects, 35% free, 29MB/45MB, paused 635us total 46.361ms
08-05 20:56:32.368 32542 32563 I art     : Starting a blocking GC Explicit
08-05 20:56:32.413 32542 32563 I art     : Explicit concurrent mark sweep GC freed 3(96B) AllocSpace objects, 0(0B) LOS objects, 35% free, 29MB/45MB, paused 633us total 45.238ms
08-05 20:56:32.488 32542  3067 I NAPPA_EXPERIMENTATION: MetricNetworkRequestExecutionTime: REQUEST_DURATION_SYSTEM='228',REQUEST_DURATION_OKHTTP='224',REQUEST_SYNCHRONOUS='TRUE',RESPONSE_CODE='200',RESPONSE_METHOD='GET',RESPONSE_LENGTH_OKHTTP='-1',RESPONSE_LENGTH_HEADER='142016',REQUEST_PROTOCOL='h2',REQUEST_URL='https://oauth.reddit.com/r/announcements/hot/.json',
08-05 20:56:32.488 32542  3067 D OK      : request got status: 200
08-05 20:56:32.502 32542   896 I PostListingFragment: Precaching images: OFF
08-05 20:56:32.503 32542   896 I PostListingFragment: Precaching comments: OFF
08-05 20:56:32.736 32542  1481 I art     : Starting a blocking GC Explicit
08-05 20:56:32.798 32542  1481 I art     : Explicit concurrent mark sweep GC freed 9642(656KB) AllocSpace objects, 15(644KB) LOS objects, 32% free, 32MB/48MB, paused 771us total 62.050ms
08-05 20:56:32.817 32542  1481 I art     : Starting a blocking GC Explicit
08-05 20:56:32.880 32542  1481 I art     : Explicit concurrent mark sweep GC freed 5212(279KB) AllocSpace objects, 6(372KB) LOS objects, 32% free, 33MB/49MB, paused 1.036ms total 61.930ms
08-05 20:56:32.900 32542  1481 I art     : Starting a blocking GC Explicit
08-05 20:56:32.960 32542  1481 I art     : Explicit concurrent mark sweep GC freed 5687(350KB) AllocSpace objects, 11(744KB) LOS objects, 31% free, 34MB/50MB, paused 861us total 60.210ms
08-05 20:56:32.981 32542  1481 I art     : Starting a blocking GC Explicit
08-05 20:56:33.042 32542  1481 I art     : Explicit concurrent mark sweep GC freed 3439(197KB) AllocSpace objects, 5(224KB) LOS objects, 31% free, 34MB/50MB, paused 583us total 61.150ms
08-05 20:56:33.063 32542  1481 I art     : Starting a blocking GC Explicit
08-05 20:56:33.118 32542  1481 I art     : Explicit concurrent mark sweep GC freed 59351(2MB) AllocSpace objects, 8(152KB) LOS objects, 33% free, 31MB/47MB, paused 1.092ms total 54.482ms
08-05 20:56:33.118 32448 32448 I ServiceManager: Waiting for service AtCmdFwd...
08-05 20:56:33.135 32542 32542 W RecyclerView: Cannot call this method in a scroll callback. Scroll callbacks mightbe run during a measure & layout pass where you cannot change theRecyclerView data. Any method call that might change the structureof the RecyclerView or the adapter contents should be postponed tothe next frame.
08-05 20:56:33.135 32542 32542 W RecyclerView: java.lang.IllegalStateException:  androidx.recyclerview.widget.RecyclerView{c2a2aea VFED..... .F....ID 0,0-1440,2140 #7f0900ef app:id/scrollbar_recyclerview_recyclerview}, adapter:baseline.org.quantumbadger.redreader.adapters.GroupedRecyclerViewAdapter@203c1db, layout:androidx.recyclerview.widget.LinearLayoutManager@b0c7478, context:baseline.org.quantumbadger.redreader.activities.PostListingActivity@308ab7b
08-05 20:56:33.135 32542 32542 W RecyclerView: 	at androidx.recyclerview.widget.RecyclerView.assertNotInLayoutOrScroll(RecyclerView.java:3061)
08-05 20:56:33.135 32542 32542 W RecyclerView: 	at androidx.recyclerview.widget.RecyclerView$RecyclerViewDataObserver.onItemRangeInserted(RecyclerView.java:5555)
08-05 20:56:33.135 32542 32542 W RecyclerView: 	at androidx.recyclerview.widget.RecyclerView$AdapterDataObservable.notifyItemRangeInserted(RecyclerView.java:12278)
08-05 20:56:33.135 32542 32542 W RecyclerView: 	at androidx.recyclerview.widget.RecyclerView$Adapter.notifyItemInserted(RecyclerView.java:7464)
08-05 20:56:33.135 32542 32542 W RecyclerView: 	at baseline.org.quantumbadger.redreader.adapters.GroupedRecyclerViewAdapter.updateHiddenStatus(GroupedRecyclerViewAdapter.java:279)
08-05 20:56:33.135 32542 32542 W RecyclerView: 	at baseline.org.quantumbadger.redreader.adapters.RedditListingManager.setLoadingVisible(RedditListingManager.java:125)
08-05 20:56:33.135 32542 32542 W RecyclerView: 	at baseline.org.quantumbadger.redreader.fragments.PostListingFragment.onLoadMoreItemsCheck(PostListingFragment.java:465)
08-05 20:56:33.135 32542 32542 W RecyclerView: 	at baseline.org.quantumbadger.redreader.fragments.PostListingFragment.access$000(PostListingFragment.java:98)
08-05 20:56:33.135 32542 32542 W RecyclerView: 	at baseline.org.quantumbadger.redreader.fragments.PostListingFragment$2.onScrolled(PostListingFragment.java:215)
08-05 20:56:33.135 32542 32542 W RecyclerView: 	at androidx.recyclerview.widget.RecyclerView.dispatchOnScrolled(RecyclerView.java:5173)
08-05 20:56:33.135 32542 32542 W RecyclerView: 	at androidx.recyclerview.widget.RecyclerView.dispatchLayoutStep3(RecyclerView.java:4231)
08-05 20:56:33.135 32542 32542 W RecyclerView: 	at androidx.recyclerview.widget.RecyclerView.dispatchLayout(RecyclerView.java:3862)
08-05 20:56:33.135 32542 32542 W RecyclerView: 	at androidx.recyclerview.widget.RecyclerView.consumePendingUpdateOperations(RecyclerView.java:1897)
08-05 20:56:33.135 32542 32542 W RecyclerView: 	at androidx.recyclerview.widget.RecyclerView$1.run(RecyclerView.java:414)
08-05 20:56:33.135 32542 32542 W RecyclerView: 	at android.view.Choreographer$CallbackRecord.run(Choreographer.java:858)
08-05 20:56:33.135 32542 32542 W RecyclerView: 	at android.view.Choreographer.doCallbacks(Choreographer.java:670)
08-05 20:56:33.135 32542 32542 W RecyclerView: 	at android.view.Choreographer.doFrame(Choreographer.java:603)
08-05 20:56:33.135 32542 32542 W RecyclerView: 	at android.view.Choreographer$FrameDisplayEventReceiver.run(Choreographer.java:844)
08-05 20:56:33.135 32542 32542 W RecyclerView: 	at android.os.Handler.handleCallback(Handler.java:739)
08-05 20:56:33.135 32542 32542 W RecyclerView: 	at android.os.Handler.dispatchMessage(Handler.java:95)
08-05 20:56:33.135 32542 32542 W RecyclerView: 	at android.os.Looper.loop(Looper.java:148)
08-05 20:56:33.135 32542 32542 W RecyclerView: 	at android.app.ActivityThread.main(ActivityThread.java:5417)
08-05 20:56:33.135 32542 32542 W RecyclerView: 	at java.lang.reflect.Method.invoke(Native Method)
08-05 20:56:33.135 32542 32542 W RecyclerView: 	at com.android.internal.os.ZygoteInit$MethodAndArgsCaller.run(ZygoteInit.java:726)
08-05 20:56:33.135 32542 32542 W RecyclerView: 	at com.android.internal.os.ZygoteInit.main(ZygoteInit.java:616)
08-05 20:56:33.460 32542  3090 D OK      : calling: https://oauth.reddit.com/r/announcements/hot/.json?after=t3_9jf8nh
08-05 20:56:33.495 32542   460 I art     : Starting a blocking GC Explicit
08-05 20:56:33.553 32542   460 I art     : Explicit concurrent mark sweep GC freed 2751(212KB) AllocSpace objects, 1(20KB) LOS objects, 33% free, 31MB/47MB, paused 678us total 58.488ms
08-05 20:56:33.575 32542   460 I art     : Starting a blocking GC Explicit
08-05 20:56:33.629 32542   460 I art     : Explicit concurrent mark sweep GC freed 69(2976B) AllocSpace objects, 0(0B) LOS objects, 33% free, 31MB/47MB, paused 671us total 53.818ms
08-05 20:56:33.649 32542   460 I art     : Starting a blocking GC Explicit
08-05 20:56:33.706 32542   460 I art     : Explicit concurrent mark sweep GC freed 3(96B) AllocSpace objects, 0(0B) LOS objects, 33% free, 31MB/47MB, paused 728us total 56.559ms
08-05 20:56:33.725 32542  3090 I NAPPA_EXPERIMENTATION: MetricNetworkRequestExecutionTime: REQUEST_DURATION_SYSTEM='265',REQUEST_DURATION_OKHTTP='257',REQUEST_SYNCHRONOUS='TRUE',RESPONSE_CODE='200',RESPONSE_METHOD='GET',RESPONSE_LENGTH_OKHTTP='-1',RESPONSE_LENGTH_HEADER='65685',REQUEST_PROTOCOL='h2',REQUEST_URL='https://oauth.reddit.com/r/announcements/hot/.json?after=t3_9jf8nh',
08-05 20:56:33.726 32542  3090 D OK      : request got status: 200
08-05 20:56:33.729 32542   460 I art     : Starting a blocking GC Explicit
08-05 20:56:33.741 32542   896 I PostListingFragment: Precaching images: OFF
08-05 20:56:33.741 32542   896 I PostListingFragment: Precaching comments: OFF
08-05 20:56:33.784 32542   460 I art     : Explicit concurrent mark sweep GC freed 2300(238KB) AllocSpace objects, 0(0B) LOS objects, 33% free, 31MB/47MB, paused 1.147ms total 54.285ms
08-05 20:56:33.803 32542   460 I art     : Starting a blocking GC Explicit
08-05 20:56:33.856 32542   460 I art     : Explicit concurrent mark sweep GC freed 3561(218KB) AllocSpace objects, 9(612KB) LOS objects, 32% free, 32MB/48MB, paused 956us total 52.200ms
08-05 20:56:34.119 32448 32448 I ServiceManager: Waiting for service AtCmdFwd...
08-05 20:56:34.128 13866 13882 I PeriodicStatsRunner: PeriodicStatsRunner.call():175 call()
08-05 20:56:34.128 13866 13882 I PeriodicStatsRunner: PeriodicStatsRunner.call():179 No submit PeriodicStats since input started.
08-05 20:56:34.205 32542  1481 I art     : Starting a blocking GC Explicit
08-05 20:56:34.274 32542  1481 I art     : Explicit concurrent mark sweep GC freed 31287(1482KB) AllocSpace objects, 10(288KB) LOS objects, 33% free, 32MB/48MB, paused 850us total 68.672ms
08-05 20:56:34.295 32542  1481 I art     : Starting a blocking GC Explicit
08-05 20:56:34.351 32542  1481 I art     : Explicit concurrent mark sweep GC freed 1431(59KB) AllocSpace objects, 0(0B) LOS objects, 33% free, 32MB/48MB, paused 604us total 55.797ms
08-05 20:56:34.371 32542  1481 I art     : Starting a blocking GC Explicit
08-05 20:56:34.428 32542  1481 I art     : Explicit concurrent mark sweep GC freed 16(688B) AllocSpace objects, 0(0B) LOS objects, 33% free, 32MB/48MB, paused 524us total 56.807ms
08-05 20:56:34.429 32542 32552 I art     : WaitForGcToComplete blocked for 57.283ms for cause HeapTrim
08-05 20:56:34.452 32542  1481 I art     : Starting a blocking GC Explicit
08-05 20:56:34.507 32542  1481 I art     : Explicit concurrent mark sweep GC freed 9(352B) AllocSpace objects, 0(0B) LOS objects, 33% free, 32MB/48MB, paused 684us total 54.922ms
08-05 20:56:34.527 32542  1481 I art     : Starting a blocking GC Explicit
08-05 20:56:34.583 32542  1481 I art     : Explicit concurrent mark sweep GC freed 3(96B) AllocSpace objects, 0(0B) LOS objects, 33% free, 32MB/48MB, paused 625us total 55.721ms
08-05 20:56:34.958 32542 32555 I art     : Starting a blocking GC Explicit
08-05 20:56:35.027 32542 32555 I art     : Explicit concurrent mark sweep GC freed 1355(82KB) AllocSpace objects, 1(20KB) LOS objects, 33% free, 32MB/48MB, paused 635us total 69.135ms
08-05 20:56:35.050 32542 32555 I art     : Starting a blocking GC Explicit
08-05 20:56:35.106 32542 32555 I art     : Explicit concurrent mark sweep GC freed 20(704B) AllocSpace objects, 0(0B) LOS objects, 33% free, 32MB/48MB, paused 579us total 55.511ms
08-05 20:56:35.119 32448 32448 I ServiceManager: Waiting for service AtCmdFwd...
08-05 20:56:35.125 32542 32555 I art     : Starting a blocking GC Explicit
08-05 20:56:35.183 32542 32555 I art     : Explicit concurrent mark sweep GC freed 3(96B) AllocSpace objects, 0(0B) LOS objects, 33% free, 32MB/48MB, paused 605us total 57.773ms
08-05 20:56:35.206 32542 32555 I art     : Starting a blocking GC Explicit
08-05 20:56:35.263 32542 32555 I art     : Explicit concurrent mark sweep GC freed 3(96B) AllocSpace objects, 0(0B) LOS objects, 33% free, 32MB/48MB, paused 555us total 56.618ms
08-05 20:56:35.283 32542 32555 I art     : Starting a blocking GC Explicit
08-05 20:56:35.337 32542 32555 I art     : Explicit concurrent mark sweep GC freed 3(96B) AllocSpace objects, 0(0B) LOS objects, 33% free, 32MB/48MB, paused 571us total 53.753ms
08-05 20:56:35.726 32542 32563 I art     : Starting a blocking GC Explicit
08-05 20:56:35.792 32542 32563 I art     : Explicit concurrent mark sweep GC freed 1355(83KB) AllocSpace objects, 1(20KB) LOS objects, 33% free, 32MB/48MB, paused 586us total 66.257ms
08-05 20:56:35.816 32542 32563 I art     : Starting a blocking GC Explicit
08-05 20:56:35.873 32542 32563 I art     : Explicit concurrent mark sweep GC freed 20(704B) AllocSpace objects, 0(0B) LOS objects, 33% free, 32MB/48MB, paused 630us total 56.852ms
08-05 20:56:35.897 32542 32563 I art     : Starting a blocking GC Explicit
08-05 20:56:35.949 32542 32563 I art     : Explicit concurrent mark sweep GC freed 3(96B) AllocSpace objects, 0(0B) LOS objects, 33% free, 32MB/48MB, paused 558us total 51.840ms
08-05 20:56:35.968 32542 32563 I art     : Starting a blocking GC Explicit
08-05 20:56:36.021 32542 32563 I art     : Explicit concurrent mark sweep GC freed 3(96B) AllocSpace objects, 0(0B) LOS objects, 33% free, 32MB/48MB, paused 557us total 52.516ms
08-05 20:56:36.040 32542 32563 I art     : Starting a blocking GC Explicit
08-05 20:56:36.100 32542 32563 I art     : Explicit concurrent mark sweep GC freed 3(96B) AllocSpace objects, 0(0B) LOS objects, 33% free, 32MB/48MB, paused 583us total 59.787ms
08-05 20:56:36.120 32448 32448 I ServiceManager: Waiting for service AtCmdFwd...
08-05 20:56:36.124 13866 13882 I PeriodicStatsRunner: PeriodicStatsRunner.call():175 call()
08-05 20:56:36.124 13866 13882 I PeriodicStatsRunner: PeriodicStatsRunner.call():179 No submit PeriodicStats since input started.
08-05 20:56:36.441 32542 32553 I art     : Starting a blocking GC Explicit
08-05 20:56:36.506 32542 32553 I art     : Explicit concurrent mark sweep GC freed 1356(83KB) AllocSpace objects, 1(20KB) LOS objects, 33% free, 32MB/48MB, paused 593us total 64.930ms
08-05 20:56:36.526 32542 32553 I art     : Starting a blocking GC Explicit
08-05 20:56:36.577 32542 32553 I art     : Explicit concurrent mark sweep GC freed 20(704B) AllocSpace objects, 0(0B) LOS objects, 33% free, 32MB/48MB, paused 610us total 51.186ms
08-05 20:56:36.597 32542 32553 I art     : Starting a blocking GC Explicit
08-05 20:56:36.650 32542 32553 I art     : Explicit concurrent mark sweep GC freed 3(96B) AllocSpace objects, 0(0B) LOS objects, 33% free, 32MB/48MB, paused 560us total 52.680ms
08-05 20:56:36.669 32542 32553 I art     : Starting a blocking GC Explicit
08-05 20:56:36.723 32542 32553 I art     : Explicit concurrent mark sweep GC freed 3(96B) AllocSpace objects, 0(0B) LOS objects, 33% free, 32MB/48MB, paused 579us total 54.123ms
08-05 20:56:36.743 32542 32553 I art     : Starting a blocking GC Explicit
08-05 20:56:36.795 32542 32553 I art     : Explicit concurrent mark sweep GC freed 3(96B) AllocSpace objects, 0(0B) LOS objects, 33% free, 32MB/48MB, paused 593us total 52.476ms
08-05 20:56:36.826  3121  3121 D AndroidRuntime: >>>>>> START com.android.internal.os.RuntimeInit uid 2000 <<<<<<
08-05 20:56:36.832  3121  3121 D AndroidRuntime: CheckJNI is OFF
08-05 20:56:36.875  3121  3121 D ICU     : No timezone override file found: /data/misc/zoneinfo/current/icu/icu_tzdata.dat
08-05 20:56:36.920  3121  3121 I Radio-JNI: register_android_hardware_Radio DONE
08-05 20:56:36.950  3121  3121 D AndroidRuntime: Calling main entry com.android.commands.input.Input
08-05 20:56:36.953  3121  3121 I Input   : injectMotionEvent: MotionEvent { action=ACTION_DOWN, actionButton=0, id[0]=0, x[0]=600.0, y[0]=580.0, toolType[0]=TOOL_TYPE_UNKNOWN, buttonState=0, metaState=0, flags=0x0, edgeFlags=0x0, pointerCount=1, historySize=0, eventTime=824213365, downTime=824213365, deviceId=0, source=0x1002 }
08-05 20:56:36.958  3121  3121 I Input   : injectMotionEvent: MotionEvent { action=ACTION_UP, actionButton=0, id[0]=0, x[0]=600.0, y[0]=580.0, toolType[0]=TOOL_TYPE_UNKNOWN, buttonState=0, metaState=0, flags=0x0, edgeFlags=0x0, pointerCount=1, historySize=0, eventTime=824213365, downTime=824213365, deviceId=0, source=0x1002 }
08-05 20:56:36.961  3121  3121 D AndroidRuntime: Shutting down VM
08-05 20:56:36.970   512  2967 D audio_hw_primary: out_set_parameters: enter: usecase(1: low-latency-playback) kvpairs: routing=2
08-05 20:56:36.970   918  3714 I ActivityManager: START u0 {cmp=baseline.org.quantumbadger.redreader/.activities.WebViewActivity (has extras)} from uid 10689 on display 0
08-05 20:56:36.983   512  2967 D audio_hw_primary: select_devices: out_snd_device(2: speaker) in_snd_device(0: none)
08-05 20:56:36.983   512  2967 D msm8974_platform: platform_send_audio_calibration: sending audio calibration for snd_device(2) acdb_id(15)
08-05 20:56:36.983   512  2967 I soundtrigger: audio_extn_sound_trigger_update_device_status: device 0x2 of type 0 for Event 1
08-05 20:56:36.993   512  2967 D audio_hw_primary: enable_snd_device: snd_device(2: speaker)
08-05 20:56:36.995   512  2967 D audio_hw_primary: enable_audio_route: apply and update mixer path: low-latency-playback speaker
08-05 20:56:36.997 32542 32542 I AppCompatViewInflater: app:theme is now deprecated. Please move to using android:theme instead.
08-05 20:56:37.028   918  5481 D ConnectivityService: listenForNetwork for Listen from uid/pid:10689/32542 for NetworkRequest [ id=3553, legacyType=-1, [ Capabilities: INTERNET&NOT_RESTRICTED&TRUSTED] ]
08-05 20:56:37.121 32448 32448 W Atfwd_Sendcmd: AtCmdFwd service not published, waiting... retryCnt : 4
08-05 20:56:37.146   918   936 I ActivityManager: Displayed baseline.org.quantumbadger.redreader/.activities.WebViewActivity: +166ms
08-05 20:56:37.148 32542   460 I art     : Starting a blocking GC Explicit
08-05 20:56:37.150 13866 13866 I GoogleInputMethodServic: GoogleInputMethodService.onFinishInput():3138 
08-05 20:56:37.151 13866 13866 I GoogleInputMethodServic: GoogleInputMethodService.onStartInput():1808 
08-05 20:56:37.202 32542   460 I art     : Explicit concurrent mark sweep GC freed 5895(311KB) AllocSpace objects, 1(20KB) LOS objects, 33% free, 32MB/48MB, paused 550us total 54.142ms
08-05 20:56:37.220 32542   460 I art     : Starting a blocking GC Explicit
08-05 20:56:37.267 32542   460 I art     : Explicit concurrent mark sweep GC freed 7281(828KB) AllocSpace objects, 17(2MB) LOS objects, 35% free, 29MB/45MB, paused 592us total 47.001ms
08-05 20:56:37.286 32542   460 I art     : Starting a blocking GC Explicit
08-05 20:56:37.341 32542   460 I art     : Explicit concurrent mark sweep GC freed 14(576B) AllocSpace objects, 0(0B) LOS objects, 35% free, 29MB/45MB, paused 595us total 55.173ms
08-05 20:56:37.361 32542   460 I art     : Starting a blocking GC Explicit
08-05 20:56:37.384   380   380 W SurfaceFlinger: couldn't log to binary event log: overflow.
08-05 20:56:37.405 32542   460 I art     : Explicit concurrent mark sweep GC freed 167(9KB) AllocSpace objects, 0(0B) LOS objects, 35% free, 29MB/45MB, paused 531us total 43.567ms
08-05 20:56:37.423 32542   460 I art     : Starting a blocking GC Explicit
08-05 20:56:37.465 32542   460 I art     : Explicit concurrent mark sweep GC freed 588(34KB) AllocSpace objects, 0(0B) LOS objects, 35% free, 29MB/45MB, paused 557us total 42.051ms
08-05 20:56:37.536 32542  3068 I RedditChangeDataIO: Writing tmp data file at '/data/user/0/baseline.org.quantumbadger.redreader/files/rr_change_data_tmp.dat'
08-05 20:56:37.537 32542  3068 I RedditChangeDataManager: Taking snapshot...
08-05 20:56:37.537 32542  3068 I RedditChangeDataManager: Writing to stream...
08-05 20:56:37.537 32542  3068 I RedditChangeDataManager: Wrote 5 entries for user ''
08-05 20:56:37.537 32542  3068 I RedditChangeDataManager: All entries written to stream.
08-05 20:56:37.537 32542  3068 I RedditChangeDataIO: Write successful. Atomically replacing data file...
08-05 20:56:37.537 32542  3068 I RedditChangeDataIO: Write complete.
08-05 20:56:37.538 32542  3068 I RedditChangeDataIO: 134 bytes written in 2 ms
08-05 20:56:37.539   512  2967 D audio_hw_primary: disable_audio_route: reset and update mixer path: low-latency-playback speaker
08-05 20:56:37.540   512  2967 D audio_hw_primary: disable_snd_device: snd_device(2: speaker)
08-05 20:56:37.548   512  2967 I soundtrigger: audio_extn_sound_trigger_update_device_status: device 0x2 of type 0 for Event 0
08-05 20:56:37.830 32542 32555 I art     : Starting a blocking GC Explicit
08-05 20:56:37.883 32542 32555 I art     : Explicit concurrent mark sweep GC freed 1635(95KB) AllocSpace objects, 2(88KB) LOS objects, 35% free, 29MB/45MB, paused 860us total 52.435ms
08-05 20:56:37.902 32542 32555 I art     : Starting a blocking GC Explicit
08-05 20:56:37.953 32542 32555 I art     : Explicit concurrent mark sweep GC freed 33(1120B) AllocSpace objects, 0(0B) LOS objects, 35% free, 29MB/45MB, paused 527us total 50.455ms
08-05 20:56:37.973 32542 32555 I art     : Starting a blocking GC Explicit
08-05 20:56:38.022 32542 32555 I art     : Explicit concurrent mark sweep GC freed 11(352B) AllocSpace objects, 0(0B) LOS objects, 35% free, 29MB/45MB, paused 480us total 48.465ms
08-05 20:56:38.042 32542 32555 I art     : Starting a blocking GC Explicit
08-05 20:56:38.093 32542 32555 I art     : Explicit concurrent mark sweep GC freed 11(352B) AllocSpace objects, 0(0B) LOS objects, 35% free, 29MB/45MB, paused 598us total 50.279ms
08-05 20:56:38.115 32542 32555 I art     : Starting a blocking GC Explicit
08-05 20:56:38.172 32542 32555 I art     : Explicit concurrent mark sweep GC freed 13(416B) AllocSpace objects, 0(0B) LOS objects, 35% free, 29MB/45MB, paused 486us total 56.638ms
08-05 20:56:38.422 32542 32542 I chromium: [INFO:CONSOLE(1)] "
08-05 20:56:38.422 32542 32542 I chromium:                   ,d"=,.,qOp,
08-05 20:56:38.422 32542 32542 I chromium:                  ,7'  ''$(  )
08-05 20:56:38.422 32542 32542 I chromium:                 ,7'      '?q$7'
08-05 20:56:38.422 32542 32542 I chromium:              ..,$$,.
08-05 20:56:38.422 32542 32542 I chromium:    ,.  .,,--***""***--,,.  .,
08-05 20:56:38.422 32542 32542 I chromium:     ,p''              ''q,   
08-05 20:56:38.422 32542 32542 I chromium: :  ,7'                      '7,  :
08-05 20:56:38.422 32542 32542 I chromium:  ' $      ,db,      ,db,      $ '
08-05 20:56:38.422 32542 32542 I chromium:   '$      $$      $$      $'    Using Reddit at work? Work for Reddit.
08-05 20:56:38.422 32542 32542 I chromium:   '$                          $'        https://www.reddit.com/jobs
08-05 20:56:38.422 32542 32542 I chromium:    '$.     .,        ,.     .$'
08-05 20:56:38.422 32542 32542 I chromium:     'b,     ''     ,d'
08-05 20:56:38.422 32542 32542 I chromium:      '?bn,,          ,,nd?'
08-05 20:56:38.422 32542 32542 I chromium:        ,7$ '''' $7,
08-05 20:56:38.422 32542 32542 I chromium:      , $              $ ,
08-05 20:56:38.422 32542 32542 I chromium:      $  :$              $:  $
08-05 20:56:38.422 32542 32542 I chromium:      $   $              $   $
08-05 20:56:38.422 32542 32542 I chromium:      'b  q:            :p  d'
08-05 20:56:38.422 32542 32542 I chromium:       '?$.          .$?'
08-05 20:56:38.422 32542 32542 I chromium:          'b            d'
08-05 20:56:38.422 32542 32542 I chromium:        ,'?,.      .,?',
08-05 20:56:38.422 32542 32542 I chromium:       ==--==--==--==
08-05 20:56:38.422 32542 32542 I chromium: ", source: https://www.redditstatic.com/desktop2x/Chat~Governance~Reddit.2ea93b134a9b2e5b1d9a.js (1)
08-05 20:56:38.560 32542  1481 I art     : Starting a blocking GC Explicit
08-05 20:56:38.615 32542  1481 I art     : Explicit concurrent mark sweep GC freed 1416(87KB) AllocSpace objects, 1(20KB) LOS objects, 35% free, 29MB/45MB, paused 577us total 54.286ms
08-05 20:56:38.639 32542  1481 I art     : Starting a blocking GC Explicit
08-05 20:56:38.690 32542  1481 I art     : Explicit concurrent mark sweep GC freed 39(1392B) AllocSpace objects, 0(0B) LOS objects, 35% free, 29MB/45MB, paused 472us total 51.305ms
08-05 20:56:38.711 32542  1481 I art     : Starting a blocking GC Explicit
08-05 20:56:38.763 32542  1481 I art     : Explicit concurrent mark sweep GC freed 21(672B) AllocSpace objects, 0(0B) LOS objects, 35% free, 29MB/45MB, paused 598us total 52.338ms
08-05 20:56:38.786 32542  1481 I art     : Starting a blocking GC Explicit
08-05 20:56:38.842 32542  1481 I art     : Explicit concurrent mark sweep GC freed 23(736B) AllocSpace objects, 0(0B) LOS objects, 35% free, 29MB/45MB, paused 620us total 56.498ms
08-05 20:56:38.863 32542  1481 I art     : Starting a blocking GC Explicit
08-05 20:56:38.921 32542  1481 I art     : Explicit concurrent mark sweep GC freed 50(2144B) AllocSpace objects, 0(0B) LOS objects, 35% free, 29MB/45MB, paused 669us total 57.837ms
08-05 20:56:39.305 32542 32555 I art     : Starting a blocking GC Explicit
08-05 20:56:39.353 32542 32555 I art     : Explicit concurrent mark sweep GC freed 1824(137KB) AllocSpace objects, 1(20KB) LOS objects, 35% free, 29MB/45MB, paused 493us total 47.962ms
08-05 20:56:39.371 32542 32555 I art     : Starting a blocking GC Explicit
08-05 20:56:39.378   518   646 I ThermalEngine: ACTION: GPU - Setting GPU[0] to 390000000
08-05 20:56:39.435 32542 32555 I art     : Explicit concurrent mark sweep GC freed 85(2880B) AllocSpace objects, 0(0B) LOS objects, 35% free, 29MB/45MB, paused 637us total 63.232ms
08-05 20:56:39.458 32542 32555 I art     : Starting a blocking GC Explicit
08-05 20:56:39.512 32542 32555 I art     : Explicit concurrent mark sweep GC freed 3(96B) AllocSpace objects, 0(0B) LOS objects, 35% free, 29MB/45MB, paused 932us total 54.288ms
08-05 20:56:39.537 32542 32555 I art     : Starting a blocking GC Explicit
08-05 20:56:39.592 32542 32555 I art     : Explicit concurrent mark sweep GC freed 3(96B) AllocSpace objects, 0(0B) LOS objects, 35% free, 29MB/45MB, paused 702us total 54.756ms
08-05 20:56:39.621 32542 32555 I art     : Starting a blocking GC Explicit
08-05 20:56:39.680 32542 32555 I art     : Explicit concurrent mark sweep GC freed 7(208B) AllocSpace objects, 0(0B) LOS objects, 35% free, 29MB/45MB, paused 724us total 58.136ms
08-05 20:56:40.099 32542 32555 I art     : Starting a blocking GC Explicit
08-05 20:56:40.173 32542 32555 I art     : Explicit concurrent mark sweep GC freed 1406(87KB) AllocSpace objects, 1(20KB) LOS objects, 35% free, 29MB/45MB, paused 825us total 72.617ms
08-05 20:56:40.196 32542 32555 I art     : Starting a blocking GC Explicit
08-05 20:56:40.256 32542 32555 I art     : Explicit concurrent mark sweep GC freed 26(896B) AllocSpace objects, 0(0B) LOS objects, 35% free, 29MB/45MB, paused 619us total 59.169ms
08-05 20:56:40.281 32542 32555 I art     : Starting a blocking GC Explicit
08-05 20:56:40.347 32542 32555 I art     : Explicit concurrent mark sweep GC freed 3(96B) AllocSpace objects, 0(0B) LOS objects, 35% free, 29MB/45MB, paused 651us total 66.347ms
08-05 20:56:40.373 32542 32555 I art     : Starting a blocking GC Explicit
08-05 20:56:40.442 32542 32555 I art     : Explicit concurrent mark sweep GC freed 3(96B) AllocSpace objects, 0(0B) LOS objects, 35% free, 29MB/45MB, paused 614us total 68.873ms
08-05 20:56:40.468 32542 32555 I art     : Starting a blocking GC Explicit
08-05 20:56:40.535 32542 32555 I art     : Explicit concurrent mark sweep GC freed 3(96B) AllocSpace objects, 0(0B) LOS objects, 35% free, 29MB/45MB, paused 637us total 66.462ms
08-05 20:56:40.975 32542 32555 I art     : Starting a blocking GC Explicit
08-05 20:56:41.045 32542 32555 I art     : Explicit concurrent mark sweep GC freed 1357(82KB) AllocSpace objects, 1(20KB) LOS objects, 35% free, 29MB/45MB, paused 590us total 69.305ms
08-05 20:56:41.070 32542 32555 I art     : Starting a blocking GC Explicit
08-05 20:56:41.139 32542 32555 I art     : Explicit concurrent mark sweep GC freed 20(704B) AllocSpace objects, 0(0B) LOS objects, 35% free, 29MB/45MB, paused 686us total 68.050ms
08-05 20:56:41.164 32542 32555 I art     : Starting a blocking GC Explicit
08-05 20:56:41.229 32542 32555 I art     : Explicit concurrent mark sweep GC freed 3(96B) AllocSpace objects, 0(0B) LOS objects, 35% free, 29MB/45MB, paused 1.235ms total 64.748ms
08-05 20:56:41.253 32542 32555 I art     : Starting a blocking GC Explicit
08-05 20:56:41.313 32542 32555 I art     : Explicit concurrent mark sweep GC freed 3(96B) AllocSpace objects, 0(0B) LOS objects, 35% free, 29MB/45MB, paused 1.402ms total 58.863ms
08-05 20:56:41.344 32542 32555 I art     : Starting a blocking GC Explicit
08-05 20:56:41.440 32542 32555 I art     : Explicit concurrent mark sweep GC freed 3(96B) AllocSpace objects, 0(0B) LOS objects, 35% free, 29MB/45MB, paused 848us total 95.909ms
08-05 20:56:41.863 32542 32555 I art     : Starting a blocking GC Explicit
08-05 20:56:41.933 32542 32555 I art     : Explicit concurrent mark sweep GC freed 1357(82KB) AllocSpace objects, 1(20KB) LOS objects, 35% free, 29MB/45MB, paused 1.706ms total 69.381ms
08-05 20:56:41.952  3209  3209 D AndroidRuntime: >>>>>> START com.android.internal.os.RuntimeInit uid 2000 <<<<<<
08-05 20:56:41.958  3209  3209 D AndroidRuntime: CheckJNI is OFF
08-05 20:56:41.960 32542 32555 I art     : Starting a blocking GC Explicit
08-05 20:56:42.018  3209  3209 D ICU     : No timezone override file found: /data/misc/zoneinfo/current/icu/icu_tzdata.dat
08-05 20:56:42.022 32542 32555 I art     : Explicit concurrent mark sweep GC freed 20(704B) AllocSpace objects, 0(0B) LOS objects, 35% free, 29MB/45MB, paused 1.426ms total 61.780ms
08-05 20:56:42.049 32542 32555 I art     : Starting a blocking GC Explicit
08-05 20:56:42.066  3209  3209 I Radio-JNI: register_android_hardware_Radio DONE
08-05 20:56:42.099  3209  3209 D AndroidRuntime: Calling main entry com.android.commands.input.Input
08-05 20:56:42.101  3209  3209 I Input   : injectKeyEvent: KeyEvent { action=ACTION_DOWN, keyCode=KEYCODE_BACK, scanCode=0, metaState=0, flags=0x0, repeatCount=0, eventTime=824218514, downTime=824218514, deviceId=-1, source=0x101 }
08-05 20:56:42.106 32542 32555 I art     : Explicit concurrent mark sweep GC freed 3(96B) AllocSpace objects, 0(0B) LOS objects, 35% free, 29MB/45MB, paused 931us total 56.617ms
08-05 20:56:42.111  3209  3209 I Input   : injectKeyEvent: KeyEvent { action=ACTION_UP, keyCode=KEYCODE_BACK, scanCode=0, metaState=0, flags=0x0, repeatCount=0, eventTime=824218514, downTime=824218514, deviceId=-1, source=0x101 }
08-05 20:56:42.127  3209  3209 D AndroidRuntime: Shutting down VM
08-05 20:56:42.152 13866 13882 I PeriodicStatsRunner: PeriodicStatsRunner.call():175 call()
08-05 20:56:42.152 13866 13882 I PeriodicStatsRunner: PeriodicStatsRunner.call():179 No submit PeriodicStats since input started.
08-05 20:56:42.171 32542 32555 I art     : Starting a blocking GC Explicit
08-05 20:56:42.211 13866 13866 I GoogleInputMethodServic: GoogleInputMethodService.onFinishInput():3138 
08-05 20:56:42.211 13866 13866 I GoogleInputMethodServic: GoogleInputMethodService.onStartInput():1808 
08-05 20:56:42.262 32542 32555 I art     : Explicit concurrent mark sweep GC freed 241(8KB) AllocSpace objects, 0(0B) LOS objects, 35% free, 29MB/45MB, paused 759us total 90.489ms
08-05 20:56:42.286 32542 32555 I art     : Starting a blocking GC Explicit
08-05 20:56:42.338 32542 32555 I art     : Explicit concurrent mark sweep GC freed 35(1136B) AllocSpace objects, 0(0B) LOS objects, 35% free, 29MB/45MB, paused 728us total 52.407ms
08-05 20:56:42.537   380   380 W SurfaceFlinger: couldn't log to binary event log: overflow.
08-05 20:56:42.567   918  3263 D ConnectivityService: releasing NetworkRequest NetworkRequest [ id=3553, legacyType=-1, [ Capabilities: INTERNET&NOT_RESTRICTED&TRUSTED] ]
08-05 20:56:42.798 32542  1481 I art     : Starting a blocking GC Explicit
08-05 20:56:42.864 32542  1481 I art     : Explicit concurrent mark sweep GC freed 2236(123KB) AllocSpace objects, 1(20KB) LOS objects, 35% free, 29MB/45MB, paused 872us total 65.467ms
08-05 20:56:42.893 32542  1481 I art     : Starting a blocking GC Explicit
08-05 20:56:42.954 32542  1481 I art     : Explicit concurrent mark sweep GC freed 2114(124KB) AllocSpace objects, 1(28KB) LOS objects, 35% free, 29MB/45MB, paused 647us total 60.064ms
08-05 20:56:42.980 32542  1481 I art     : Starting a blocking GC Explicit
08-05 20:56:43.041 32542  1481 I art     : Explicit concurrent mark sweep GC freed 3(96B) AllocSpace objects, 0(0B) LOS objects, 35% free, 29MB/45MB, paused 691us total 59.966ms
08-05 20:56:43.067 32542  1481 I art     : Starting a blocking GC Explicit
08-05 20:56:43.128 32542  1481 I art     : Explicit concurrent mark sweep GC freed 3(96B) AllocSpace objects, 0(0B) LOS objects, 35% free, 29MB/45MB, paused 843us total 60.230ms
08-05 20:56:43.154 32542  1481 I art     : Starting a blocking GC Explicit
08-05 20:56:43.214 32542  1481 I art     : Explicit concurrent mark sweep GC freed 3(96B) AllocSpace objects, 0(0B) LOS objects, 35% free, 29MB/45MB, paused 667us total 59.626ms
08-05 20:56:43.591 32542   460 I art     : Starting a blocking GC Explicit
08-05 20:56:43.650 32542   460 I art     : Explicit concurrent mark sweep GC freed 1356(82KB) AllocSpace objects, 1(20KB) LOS objects, 35% free, 29MB/45MB, paused 794us total 58.570ms
08-05 20:56:43.675 32542   460 I art     : Starting a blocking GC Explicit
08-05 20:56:43.732 32542   460 I art     : Explicit concurrent mark sweep GC freed 20(704B) AllocSpace objects, 0(0B) LOS objects, 35% free, 29MB/45MB, paused 756us total 56.437ms
08-05 20:56:43.757 32542   460 I art     : Starting a blocking GC Explicit
08-05 20:56:43.815 32542   460 I art     : Explicit concurrent mark sweep GC freed 3(96B) AllocSpace objects, 0(0B) LOS objects, 35% free, 29MB/45MB, paused 652us total 57.911ms
08-05 20:56:43.840 32542   460 I art     : Starting a blocking GC Explicit
08-05 20:56:43.898 32542   460 I art     : Explicit concurrent mark sweep GC freed 3(96B) AllocSpace objects, 0(0B) LOS objects, 35% free, 29MB/45MB, paused 867us total 57.600ms
08-05 20:56:43.923 32542   460 I art     : Starting a blocking GC Explicit
08-05 20:56:43.981 32542   460 I art     : Explicit concurrent mark sweep GC freed 3(96B) AllocSpace objects, 0(0B) LOS objects, 35% free, 29MB/45MB, paused 742us total 57.076ms
08-05 20:56:44.022  3273  3273 D AndroidRuntime: >>>>>> START com.android.internal.os.RuntimeInit uid 2000 <<<<<<
08-05 20:56:44.029  3273  3273 D AndroidRuntime: CheckJNI is OFF
08-05 20:56:44.080  3273  3273 D ICU     : No timezone override file found: /data/misc/zoneinfo/current/icu/icu_tzdata.dat
08-05 20:56:44.132  3273  3273 I Radio-JNI: register_android_hardware_Radio DONE
08-05 20:56:44.166  3273  3273 D AndroidRuntime: Calling main entry com.android.commands.input.Input
08-05 20:56:44.168  3273  3273 I Input   : injectKeyEvent: KeyEvent { action=ACTION_DOWN, keyCode=KEYCODE_BACK, scanCode=0, metaState=0, flags=0x0, repeatCount=0, eventTime=824220581, downTime=824220581, deviceId=-1, source=0x101 }
08-05 20:56:44.175  3273  3273 I Input   : injectKeyEvent: KeyEvent { action=ACTION_UP, keyCode=KEYCODE_BACK, scanCode=0, metaState=0, flags=0x0, repeatCount=0, eventTime=824220581, downTime=824220581, deviceId=-1, source=0x101 }
08-05 20:56:44.181  3273  3273 D AndroidRuntime: Shutting down VM
08-05 20:56:44.230 13866 13866 I GoogleInputMethodServic: GoogleInputMethodService.onFinishInput():3138 
08-05 20:56:44.230 13866 13866 I GoogleInputMethodServic: GoogleInputMethodService.onStartInput():1808 
08-05 20:56:44.339 32542   460 I art     : Starting a blocking GC Explicit
08-05 20:56:44.411 32542   460 I art     : Explicit concurrent mark sweep GC freed 1535(88KB) AllocSpace objects, 1(20KB) LOS objects, 35% free, 29MB/45MB, paused 1.038ms total 70.872ms
08-05 20:56:44.443 32542   460 I art     : Starting a blocking GC Explicit
08-05 20:56:44.516 32542   460 I art     : Explicit concurrent mark sweep GC freed 24(864B) AllocSpace objects, 0(0B) LOS objects, 35% free, 29MB/45MB, paused 1.463ms total 71.959ms
08-05 20:56:44.542 32542   460 I art     : Starting a blocking GC Explicit
08-05 20:56:44.599 32542   460 I art     : Explicit concurrent mark sweep GC freed 64(2192B) AllocSpace objects, 0(0B) LOS objects, 35% free, 29MB/45MB, paused 1.241ms total 56.700ms
08-05 20:56:44.599 32542 32552 I art     : WaitForGcToComplete blocked for 7.014ms for cause HeapTrim
08-05 20:56:44.624 32542   460 I art     : Starting a blocking GC Explicit
08-05 20:56:44.684 32542   460 I art     : Explicit concurrent mark sweep GC freed 117(6KB) AllocSpace objects, 0(0B) LOS objects, 35% free, 29MB/45MB, paused 705us total 59.462ms
08-05 20:56:44.709 32542   460 I art     : Starting a blocking GC Explicit
08-05 20:56:44.770 32542   460 I art     : Explicit concurrent mark sweep GC freed 23(864B) AllocSpace objects, 0(0B) LOS objects, 35% free, 29MB/45MB, paused 767us total 60.429ms
08-05 20:56:45.145 32542 32563 I art     : Starting a blocking GC Explicit
08-05 20:56:45.223 32542 32563 I art     : Explicit concurrent mark sweep GC freed 1356(82KB) AllocSpace objects, 1(20KB) LOS objects, 35% free, 29MB/45MB, paused 957us total 77.592ms
08-05 20:56:45.254 32542 32563 I art     : Starting a blocking GC Explicit
08-05 20:56:45.316 32542 32563 I art     : Explicit concurrent mark sweep GC freed 20(704B) AllocSpace objects, 0(0B) LOS objects, 35% free, 29MB/45MB, paused 703us total 61.679ms
08-05 20:56:45.342 32542 32563 I art     : Starting a blocking GC Explicit
08-05 20:56:45.404 32542 32563 I art     : Explicit concurrent mark sweep GC freed 3(96B) AllocSpace objects, 0(0B) LOS objects, 35% free, 29MB/45MB, paused 1.005ms total 60.992ms
08-05 20:56:45.429 32542 32563 I art     : Starting a blocking GC Explicit
08-05 20:56:45.514 32542 32563 I art     : Explicit concurrent mark sweep GC freed 3(96B) AllocSpace objects, 0(0B) LOS objects, 35% free, 29MB/45MB, paused 809us total 84.969ms
08-05 20:56:45.540 32542 32563 I art     : Starting a blocking GC Explicit
08-05 20:56:45.607 32542 32563 I art     : Explicit concurrent mark sweep GC freed 3(96B) AllocSpace objects, 0(0B) LOS objects, 35% free, 29MB/45MB, paused 822us total 66.571ms
08-05 20:56:45.964 32542 32555 I art     : Starting a blocking GC Explicit
08-05 20:56:46.028 32542 32555 I art     : Explicit concurrent mark sweep GC freed 1356(82KB) AllocSpace objects, 1(20KB) LOS objects, 35% free, 29MB/45MB, paused 766us total 63.244ms
08-05 20:56:46.053 32542 32555 I art     : Starting a blocking GC Explicit
08-05 20:56:46.104  3322  3322 D AndroidRuntime: >>>>>> START com.android.internal.os.RuntimeInit uid 2000 <<<<<<
08-05 20:56:46.110  3322  3322 D AndroidRuntime: CheckJNI is OFF
08-05 20:56:46.113 32542 32555 I art     : Explicit concurrent mark sweep GC freed 20(704B) AllocSpace objects, 0(0B) LOS objects, 35% free, 29MB/45MB, paused 944us total 59.973ms
08-05 20:56:46.138 32542 32555 I art     : Starting a blocking GC Explicit
08-05 20:56:46.163  3322  3322 D ICU     : No timezone override file found: /data/misc/zoneinfo/current/icu/icu_tzdata.dat
08-05 20:56:46.195 32542 32555 I art     : Explicit concurrent mark sweep GC freed 3(96B) AllocSpace objects, 0(0B) LOS objects, 35% free, 29MB/45MB, paused 779us total 55.776ms
08-05 20:56:46.207  3322  3322 I Radio-JNI: register_android_hardware_Radio DONE
08-05 20:56:46.219 32542 32555 I art     : Starting a blocking GC Explicit
08-05 20:56:46.239  3322  3322 D AndroidRuntime: Calling main entry com.android.commands.input.Input
08-05 20:56:46.241  3322  3322 I Input   : injectMotionEvent: MotionEvent { action=ACTION_DOWN, actionButton=0, id[0]=0, x[0]=600.0, y[0]=1733.0, toolType[0]=TOOL_TYPE_UNKNOWN, buttonState=0, metaState=0, flags=0x0, edgeFlags=0x0, pointerCount=1, historySize=0, eventTime=824222653, downTime=824222653, deviceId=0, source=0x1002 }
08-05 20:56:46.247  3322  3322 I Input   : injectMotionEvent: MotionEvent { action=ACTION_UP, actionButton=0, id[0]=0, x[0]=600.0, y[0]=1733.0, toolType[0]=TOOL_TYPE_UNKNOWN, buttonState=0, metaState=0, flags=0x0, edgeFlags=0x0, pointerCount=1, historySize=0, eventTime=824222653, downTime=824222653, deviceId=0, source=0x1002 }
08-05 20:56:46.249  3322  3322 D AndroidRuntime: Shutting down VM
08-05 20:56:46.260   918  3696 I ActivityManager: START u0 {dat=https://oauth.reddit.com/... cmp=baseline.org.quantumbadger.redreader/.activities.PostListingActivity} from uid 10689 on display 0
08-05 20:56:46.264   512  2967 D audio_hw_primary: out_set_parameters: enter: usecase(1: low-latency-playback) kvpairs: routing=2
08-05 20:56:46.278   512  2967 D audio_hw_primary: select_devices: out_snd_device(2: speaker) in_snd_device(0: none)
08-05 20:56:46.278   512  2967 D msm8974_platform: platform_send_audio_calibration: sending audio calibration for snd_device(2) acdb_id(15)
08-05 20:56:46.278   512  2967 I soundtrigger: audio_extn_sound_trigger_update_device_status: device 0x2 of type 0 for Event 1
08-05 20:56:46.282 32542 32555 I art     : Explicit concurrent mark sweep GC freed 75(2416B) AllocSpace objects, 0(0B) LOS objects, 35% free, 29MB/45MB, paused 1.932ms total 62.868ms
08-05 20:56:46.290   512  2967 D audio_hw_primary: enable_snd_device: snd_device(2: speaker)
08-05 20:56:46.293   512  2967 D audio_hw_primary: enable_audio_route: apply and update mixer path: low-latency-playback speaker
08-05 20:56:46.294 32542 32542 I AppCompatViewInflater: app:theme is now deprecated. Please move to using android:theme instead.
08-05 20:56:46.307 32542 32555 I art     : Starting a blocking GC Explicit
08-05 20:56:46.326 32542  3351 D OK      : calling: https://oauth.reddit.com/r/aww/about.json
08-05 20:56:46.367 32542 32555 I art     : Explicit concurrent mark sweep GC freed 901(76KB) AllocSpace objects, 0(0B) LOS objects, 35% free, 29MB/45MB, paused 1.051ms total 59.467ms
08-05 20:56:46.388   518   646 I ThermalEngine: ACTION: GPU - Setting GPU[0] to 450000000
08-05 20:56:46.400   918   936 I ActivityManager: Displayed baseline.org.quantumbadger.redreader/.activities.PostListingActivity: +127ms
08-05 20:56:46.401 13866 13866 I GoogleInputMethodServic: GoogleInputMethodService.onFinishInput():3138 
08-05 20:56:46.402 13866 13866 I GoogleInputMethodServic: GoogleInputMethodService.onStartInput():1808 
08-05 20:56:46.636 32542  3351 I NAPPA_EXPERIMENTATION: MetricNetworkRequestExecutionTime: REQUEST_DURATION_SYSTEM='309',REQUEST_DURATION_OKHTTP='153',REQUEST_SYNCHRONOUS='TRUE',RESPONSE_CODE='200',RESPONSE_METHOD='GET',RESPONSE_LENGTH_OKHTTP='-1',RESPONSE_LENGTH_HEADER='3478',REQUEST_PROTOCOL='h2',REQUEST_URL='https://oauth.reddit.com/r/aww/about.json',
08-05 20:56:46.636 32542  3351 D OK      : request got status: 200
08-05 20:56:46.659   380   380 W SurfaceFlinger: couldn't log to binary event log: overflow.
08-05 20:56:46.708 32542  1481 I art     : Starting a blocking GC Explicit
08-05 20:56:46.714   918  3188 I hubconnection: sensorhub said: 'set_bias 3: -6.2400, 0.0000, 0.0000'
08-05 20:56:46.754 32542  1481 I art     : Explicit concurrent mark sweep GC freed 5667(393KB) AllocSpace objects, 3(156KB) LOS objects, 35% free, 29MB/45MB, paused 506us total 46.085ms
08-05 20:56:46.773 32542  1481 I art     : Starting a blocking GC Explicit
08-05 20:56:46.824 32542  1481 I art     : Explicit concurrent mark sweep GC freed 508(25KB) AllocSpace objects, 0(0B) LOS objects, 35% free, 29MB/45MB, paused 577us total 51.173ms
08-05 20:56:46.830   512  2967 D audio_hw_primary: disable_audio_route: reset and update mixer path: low-latency-playback speaker
08-05 20:56:46.832   512  2967 D audio_hw_primary: disable_snd_device: snd_device(2: speaker)
08-05 20:56:46.840   512  2967 I soundtrigger: audio_extn_sound_trigger_update_device_status: device 0x2 of type 0 for Event 0
08-05 20:56:46.847 32542  1481 I art     : Starting a blocking GC Explicit
08-05 20:56:46.895 32542  1481 I art     : Explicit concurrent mark sweep GC freed 9(336B) AllocSpace objects, 0(0B) LOS objects, 35% free, 29MB/45MB, paused 786us total 47.986ms
08-05 20:56:46.914 32542  1481 I art     : Starting a blocking GC Explicit
08-05 20:56:46.960 32542  1481 I art     : Explicit concurrent mark sweep GC freed 13(528B) AllocSpace objects, 0(0B) LOS objects, 35% free, 29MB/45MB, paused 513us total 45.920ms
08-05 20:56:46.981 32542  1481 I art     : Starting a blocking GC Explicit
08-05 20:56:47.032 32542  1481 I art     : Explicit concurrent mark sweep GC freed 28(1136B) AllocSpace objects, 0(0B) LOS objects, 35% free, 29MB/45MB, paused 553us total 50.343ms
08-05 20:56:47.212 13866 13882 I PeriodicStatsRunner: PeriodicStatsRunner.call():175 call()
08-05 20:56:47.212 13866 13882 I PeriodicStatsRunner: PeriodicStatsRunner.call():179 No submit PeriodicStats since input started.
08-05 20:56:47.374 32542 32553 I art     : Starting a blocking GC Explicit
08-05 20:56:47.424 32542 32553 I art     : Explicit concurrent mark sweep GC freed 1380(83KB) AllocSpace objects, 1(20KB) LOS objects, 35% free, 29MB/45MB, paused 564us total 49.869ms
08-05 20:56:47.443 32542 32553 I art     : Starting a blocking GC Explicit
08-05 20:56:47.489 32542 32553 I art     : Explicit concurrent mark sweep GC freed 20(704B) AllocSpace objects, 0(0B) LOS objects, 35% free, 29MB/45MB, paused 548us total 45.628ms
08-05 20:56:47.508 32542 32553 I art     : Starting a blocking GC Explicit
08-05 20:56:47.528 32542  3380 D OK      : calling: https://oauth.reddit.com/r/aww/hot/.json
08-05 20:56:47.554 32542 32553 I art     : Explicit concurrent mark sweep GC freed 94(3KB) AllocSpace objects, 0(0B) LOS objects, 35% free, 29MB/45MB, paused 588us total 46.316ms
08-05 20:56:47.572 32542 32553 I art     : Starting a blocking GC Explicit
08-05 20:56:47.618 32542 32553 I art     : Explicit concurrent mark sweep GC freed 18(592B) AllocSpace objects, 0(0B) LOS objects, 35% free, 29MB/45MB, paused 604us total 45.510ms
08-05 20:56:47.637 32542 32553 I art     : Starting a blocking GC Explicit
08-05 20:56:47.684 32542 32553 I art     : Explicit concurrent mark sweep GC freed 16(928B) AllocSpace objects, 0(0B) LOS objects, 35% free, 29MB/45MB, paused 586us total 46.834ms
08-05 20:56:47.748 32542  3380 I NAPPA_EXPERIMENTATION: MetricNetworkRequestExecutionTime: REQUEST_DURATION_SYSTEM='220',REQUEST_DURATION_OKHTTP='217',REQUEST_SYNCHRONOUS='TRUE',RESPONSE_CODE='200',RESPONSE_METHOD='GET',RESPONSE_LENGTH_OKHTTP='-1',RESPONSE_LENGTH_HEADER='33430',REQUEST_PROTOCOL='h2',REQUEST_URL='https://oauth.reddit.com/r/aww/hot/.json',
08-05 20:56:47.748 32542  3380 D OK      : request got status: 200
08-05 20:56:47.755 32542   896 I PostListingFragment: Precaching images: OFF
08-05 20:56:47.755 32542   896 I PostListingFragment: Precaching comments: OFF
08-05 20:56:47.766 32542  3381 D OK      : calling: https://b.thumbs.redditmedia.com/CKInrczASoQbNvSBStGz11Tok0uCyQoxmZ02sOE37sQ.jpg
08-05 20:56:47.779 32542   896 I getImgurImageInfo: Image NSO7Npm: trying API v3 with auth
08-05 20:56:47.779 32542  3382 D OK      : calling: https://a.thumbs.redditmedia.com/sKVnLbatvJCZOE2ooe6CgiEftOB3ukgPMdcydbk9CZ4.jpg
08-05 20:56:47.783 32542  3383 D OK      : calling: https://a.thumbs.redditmedia.com/dFt2-stQJkfZ8O7r7ywG9GQsF08fZXxEJfQtAmiJ-F8.jpg
08-05 20:56:47.784 32542  3384 D OK      : calling: https://api.gfycat.com/v1/gfycats/deadlygravecavy
08-05 20:56:47.787 32542  3385 D OK      : calling: https://b.thumbs.redditmedia.com/1cAaKl6LkrikiRbLsBzzOvufKqRKuPi3wgjUkX8axkI.jpg
08-05 20:56:47.791 32542  3386 D OK      : calling: https://api.imgur.com/3/image/NSO7Npm
08-05 20:56:47.793 32542  3387 D OK      : calling: https://b.thumbs.redditmedia.com/NUqJWcobH7ToYhCM0w6nnAFZ46ymm9vPD25BC3s7Wco.jpg
08-05 20:56:47.798 32542  3388 D OK      : calling: https://v.redd.it/fkewv2f65kd51/DASHPlaylist.mpd
08-05 20:56:47.799 32542  3389 D OK      : calling: https://b.thumbs.redditmedia.com/bUY4al781EZ3q7hUlnLebemHCXE3e63_SSxl2uo4Q4A.jpg
08-05 20:56:47.801 32542  3390 D OK      : calling: https://b.thumbs.redditmedia.com/tTmEfIrujbsvZXbhNSQS6Pc7o7ShCaGqZHbYf7nWdfg.jpg
08-05 20:56:47.803 32542  3391 D OK      : calling: https://b.thumbs.redditmedia.com/_H8tFMmL5-3GrxYkCtMSHiyNfjbX8pxctOw_vrzyw7o.jpg
08-05 20:56:47.804 32542  3392 D OK      : calling: https://api.gfycat.com/v1/gfycats/altruisticthankfulankolewatusi
08-05 20:56:47.807 32542  3393 D OK      : calling: https://b.thumbs.redditmedia.com/JTSWFy2_tijPk6cA5noKDydEAMkMJcDmKQTSX178zwc.jpg
08-05 20:56:47.817 32542  3394 D OK      : calling: https://b.thumbs.redditmedia.com/N6fiqTp8nJD2l7sUz4nij7j1yHYMTKaflUIrn8E2bAU.jpg
08-05 20:56:47.819 32542  3397 D OK      : calling: https://b.thumbs.redditmedia.com/HkEQtny0bE4H3dMCd_woPsLAXBoPwp_DZ4ioFNIQLKk.jpg
08-05 20:56:47.821 32542  3398 D OK      : calling: https://b.thumbs.redditmedia.com/lVNra-iScxkYcYtSstJ-7J7pRAUDRXIwwJhsen1ZK9g.jpg
08-05 20:56:47.828 32542  3399 D OK      : calling: https://b.thumbs.redditmedia.com/lQKqDneXS8E7ZBD9cUQy4OqOt8PuTneSvVFtnU0pwCE.jpg
08-05 20:56:47.829 32542  3400 D OK      : calling: https://v.redd.it/ak6rer1hskd51/DASHPlaylist.mpd
08-05 20:56:47.832 32542  3402 D OK      : calling: https://api.gfycat.com/v1/gfycats/foolhardysparklinglarva
08-05 20:56:47.832 32542  3401 D OK      : calling: https://b.thumbs.redditmedia.com/X3yyAViE0gxiHR-kf9Z5xmLa8dKsm8iWJyKdWNVtOhU.jpg
08-05 20:56:47.836 32542  3403 D OK      : calling: https://b.thumbs.redditmedia.com/Bx9FZp8_w10DfFUf_mqVPMfu4Y0h2lo41Dh4tl2eNeQ.jpg
08-05 20:56:47.840 32542  3404 D OK      : calling: https://v.redd.it/h49fg58ygjd51/DASHPlaylist.mpd
08-05 20:56:47.847 32542  3405 D OK      : calling: https://a.thumbs.redditmedia.com/KpcC72KH04Be3BqxmFbv_Gz7LCy-24GU-70or3KCdJ4.jpg
08-05 20:56:47.848 32542  3408 D OK      : calling: https://a.thumbs.redditmedia.com/cEOtajy3CAQrjwSA3hhSqnPx8bfkRzglo7Lz1SBTmE0.jpg
08-05 20:56:47.850 32542  3409 D OK      : calling: https://v.redd.it/1ewzkieg0jd51/DASHPlaylist.mpd
08-05 20:56:47.864 32542  3412 D OK      : calling: https://b.thumbs.redditmedia.com/RrJbRRjFZWmckrONtkPTloJh52FfqD_XkLMuYuuQvAg.jpg
08-05 20:56:47.867 32542  3413 D OK      : calling: https://v.redd.it/ppmhu2r9thd51/DASHPlaylist.mpd
08-05 20:56:47.871 32542  3414 D OK      : calling: https://b.thumbs.redditmedia.com/chqK3f9u3D7UmfrGP85f4sOQFihMk6q7fFSeMyWs_7E.jpg
08-05 20:56:47.873 32542  3415 D OK      : calling: https://b.thumbs.redditmedia.com/B18Vu5Jw71XCkFOFHimnUC42ya8apHsmcCW-HFmtb6w.jpg
08-05 20:56:47.879 32542  3416 D OK      : calling: https://b.thumbs.redditmedia.com/iZuzjufMpYUYtQRLjRwce4RDb6JYsId95_iezR2Uc0w.jpg
08-05 20:56:47.881 32542  3419 D OK      : calling: https://v.redd.it/s9qqadf3mid51/DASHPlaylist.mpd
08-05 20:56:47.882 32542  3420 D OK      : calling: https://v.redd.it/b8vazlcb7ld51/DASHPlaylist.mpd
08-05 20:56:47.899 32542  3423 D OK      : calling: https://b.thumbs.redditmedia.com/XNb1kfskabGDLMqv661Q22hBtCb8w5oyePDcFaZi9aY.jpg
08-05 20:56:47.908 32542  3424 D OK      : calling: https://b.thumbs.redditmedia.com/lMqJbh1Z40ffemA0TnSfVnovznn4hvJNue60AsJ-ETs.jpg
08-05 20:56:47.919 32542  3425 D OK      : calling: https://b.thumbs.redditmedia.com/x5l4cICw0WNNvslt5FqVjwj89XrGjrXnNbaSyQRAyCo.jpg
08-05 20:56:47.928 32542  3426 D OK      : calling: https://b.thumbs.redditmedia.com/189nmwjW7eGWBD0J-cxzsUac1V1ZWGzMFC66inY4u4Y.jpg
08-05 20:56:47.937 32542  3427 D OK      : calling: https://b.thumbs.redditmedia.com/d_-UsfmKASoIHi4vZyyjvvwFtm1S7-DEi9AQPOnGIgY.jpg
08-05 20:56:47.937 32542  3428 D OK      : calling: https://v.redd.it/ty24o02m1hd51/DASHPlaylist.mpd
08-05 20:56:47.939 32542  3429 D OK      : calling: https://v.redd.it/ar5k8892pid51/DASHPlaylist.mpd
08-05 20:56:48.008 32542  1481 I art     : Starting a blocking GC Explicit
08-05 20:56:48.016 32542 32542 W RecyclerView: Cannot call this method in a scroll callback. Scroll callbacks mightbe run during a measure & layout pass where you cannot change theRecyclerView data. Any method call that might change the structureof the RecyclerView or the adapter contents should be postponed tothe next frame.
08-05 20:56:48.016 32542 32542 W RecyclerView: java.lang.IllegalStateException:  androidx.recyclerview.widget.RecyclerView{984d71f VFED..... .F....ID 0,0-1440,2140 #7f0900ef app:id/scrollbar_recyclerview_recyclerview}, adapter:baseline.org.quantumbadger.redreader.adapters.GroupedRecyclerViewAdapter@8153a6c, layout:androidx.recyclerview.widget.LinearLayoutManager@45ef835, context:baseline.org.quantumbadger.redreader.activities.PostListingActivity@dfb91a8
08-05 20:56:48.016 32542 32542 W RecyclerView: 	at androidx.recyclerview.widget.RecyclerView.assertNotInLayoutOrScroll(RecyclerView.java:3061)
08-05 20:56:48.016 32542 32542 W RecyclerView: 	at androidx.recyclerview.widget.RecyclerView$RecyclerViewDataObserver.onItemRangeInserted(RecyclerView.java:5555)
08-05 20:56:48.016 32542 32542 W RecyclerView: 	at androidx.recyclerview.widget.RecyclerView$AdapterDataObservable.notifyItemRangeInserted(RecyclerView.java:12278)
08-05 20:56:48.016 32542 32542 W RecyclerView: 	at androidx.recyclerview.widget.RecyclerView$Adapter.notifyItemInserted(RecyclerView.java:7464)
08-05 20:56:48.016 32542 32542 W RecyclerView: 	at baseline.org.quantumbadger.redreader.adapters.GroupedRecyclerViewAdapter.updateHiddenStatus(GroupedRecyclerViewAdapter.java:279)
08-05 20:56:48.016 32542 32542 W RecyclerView: 	at baseline.org.quantumbadger.redreader.adapters.RedditListingManager.setLoadingVisible(RedditListingManager.java:125)
08-05 20:56:48.016 32542 32542 W RecyclerView: 	at baseline.org.quantumbadger.redreader.fragments.PostListingFragment.onLoadMoreItemsCheck(PostListingFragment.java:465)
08-05 20:56:48.016 32542 32542 W RecyclerView: 	at baseline.org.quantumbadger.redreader.fragments.PostListingFragment.access$000(PostListingFragment.java:98)
08-05 20:56:48.016 32542 32542 W RecyclerView: 	at baseline.org.quantumbadger.redreader.fragments.PostListingFragment$2.onScrolled(PostListingFragment.java:215)
08-05 20:56:48.016 32542 32542 W RecyclerView: 	at androidx.recyclerview.widget.RecyclerView.dispatchOnScrolled(RecyclerView.java:5173)
08-05 20:56:48.016 32542 32542 W RecyclerView: 	at androidx.recyclerview.widget.RecyclerView.dispatchLayoutStep3(RecyclerView.java:4231)
08-05 20:56:48.016 32542 32542 W RecyclerView: 	at androidx.recyclerview.widget.RecyclerView.dispatchLayout(RecyclerView.java:3862)
08-05 20:56:48.016 32542 32542 W RecyclerView: 	at androidx.recyclerview.widget.RecyclerView.consumePendingUpdateOperations(RecyclerView.java:1897)
08-05 20:56:48.016 32542 32542 W RecyclerView: 	at androidx.recyclerview.widget.RecyclerView$1.run(RecyclerView.java:414)
08-05 20:56:48.016 32542 32542 W RecyclerView: 	at android.view.Choreographer$CallbackRecord.run(Choreographer.java:858)
08-05 20:56:48.016 32542 32542 W RecyclerView: 	at android.view.Choreographer.doCallbacks(Choreographer.java:670)
08-05 20:56:48.016 32542 32542 W RecyclerView: 	at android.view.Choreographer.doFrame(Choreographer.java:603)
08-05 20:56:48.016 32542 32542 W RecyclerView: 	at android.view.Choreographer$FrameDisplayEventReceiver.run(Choreographer.java:844)
08-05 20:56:48.016 32542 32542 W RecyclerView: 	at android.os.Handler.handleCallback(Handler.java:739)
08-05 20:56:48.016 32542 32542 W RecyclerView: 	at android.os.Handler.dispatchMessage(Handler.java:95)
08-05 20:56:48.016 32542 32542 W RecyclerView: 	at android.os.Looper.loop(Looper.java:148)
08-05 20:56:48.016 32542 32542 W RecyclerView: 	at android.app.ActivityThread.main(ActivityThread.java:5417)
08-05 20:56:48.016 32542 32542 W RecyclerView: 	at java.lang.reflect.Method.invoke(Native Method)
08-05 20:56:48.016 32542 32542 W RecyclerView: 	at com.android.internal.os.ZygoteInit$MethodAndArgsCaller.run(ZygoteInit.java:726)
08-05 20:56:48.016 32542 32542 W RecyclerView: 	at com.android.internal.os.ZygoteInit.main(ZygoteInit.java:616)
08-05 20:56:48.082 32542  1481 I art     : Explicit concurrent mark sweep GC freed 49466(2MB) AllocSpace objects, 3(156KB) LOS objects, 34% free, 30MB/46MB, paused 3.466ms total 73.076ms
08-05 20:56:48.102 32542  1481 I art     : Starting a blocking GC Explicit
08-05 20:56:48.160 32542  1481 I art     : Explicit concurrent mark sweep GC freed 2724(124KB) AllocSpace objects, 0(0B) LOS objects, 34% free, 30MB/46MB, paused 3.054ms total 57.276ms
08-05 20:56:48.178 32542  1481 I art     : Starting a blocking GC Explicit
08-05 20:56:48.239 32542  1481 I art     : Explicit concurrent mark sweep GC freed 10416(422KB) AllocSpace objects, 0(0B) LOS objects, 34% free, 30MB/46MB, paused 3.504ms total 60.109ms
08-05 20:56:48.259 32542  1481 I art     : Starting a blocking GC Explicit
08-05 20:56:48.313 32542  1481 I art     : Explicit concurrent mark sweep GC freed 2138(159KB) AllocSpace objects, 0(0B) LOS objects, 34% free, 30MB/46MB, paused 2.756ms total 54.200ms
08-05 20:56:48.331 32542  1481 I art     : Starting a blocking GC Explicit
08-05 20:56:48.389 32542  1481 I art     : Explicit concurrent mark sweep GC freed 796(38KB) AllocSpace objects, 0(0B) LOS objects, 34% free, 30MB/46MB, paused 3.142ms total 57.671ms
08-05 20:56:48.561 32542  3381 I NAPPA_EXPERIMENTATION: MetricNetworkRequestExecutionTime: REQUEST_DURATION_SYSTEM='794',REQUEST_DURATION_OKHTTP='364',REQUEST_SYNCHRONOUS='TRUE',RESPONSE_CODE='200',RESPONSE_METHOD='GET',RESPONSE_LENGTH_OKHTTP='3891',RESPONSE_LENGTH_HEADER='3891',REQUEST_PROTOCOL='h2',REQUEST_URL='https://b.thumbs.redditmedia.com/CKInrczASoQbNvSBStGz11Tok0uCyQoxmZ02sOE37sQ.jpg',
08-05 20:56:48.562 32542  3381 D OK      : request got status: 200
08-05 20:56:48.575 32542  3382 I NAPPA_EXPERIMENTATION: MetricNetworkRequestExecutionTime: REQUEST_DURATION_SYSTEM='795',REQUEST_DURATION_OKHTTP='356',REQUEST_SYNCHRONOUS='TRUE',RESPONSE_CODE='200',RESPONSE_METHOD='GET',RESPONSE_LENGTH_OKHTTP='4487',RESPONSE_LENGTH_HEADER='4487',REQUEST_PROTOCOL='h2',REQUEST_URL='https://a.thumbs.redditmedia.com/sKVnLbatvJCZOE2ooe6CgiEftOB3ukgPMdcydbk9CZ4.jpg',
08-05 20:56:48.575 32542  3382 D OK      : request got status: 200
08-05 20:56:48.674 32542  3385 I NAPPA_EXPERIMENTATION: MetricNetworkRequestExecutionTime: REQUEST_DURATION_SYSTEM='886',REQUEST_DURATION_OKHTTP='443',REQUEST_SYNCHRONOUS='TRUE',RESPONSE_CODE='200',RESPONSE_METHOD='GET',RESPONSE_LENGTH_OKHTTP='5113',RESPONSE_LENGTH_HEADER='5113',REQUEST_PROTOCOL='h2',REQUEST_URL='https://b.thumbs.redditmedia.com/1cAaKl6LkrikiRbLsBzzOvufKqRKuPi3wgjUkX8axkI.jpg',
08-05 20:56:48.674 32542  3385 D OK      : request got status: 200
08-05 20:56:48.674 32542  3383 I NAPPA_EXPERIMENTATION: MetricNetworkRequestExecutionTime: REQUEST_DURATION_SYSTEM='891',REQUEST_DURATION_OKHTTP='443',REQUEST_SYNCHRONOUS='TRUE',RESPONSE_CODE='200',RESPONSE_METHOD='GET',RESPONSE_LENGTH_OKHTTP='6530',RESPONSE_LENGTH_HEADER='6530',REQUEST_PROTOCOL='h2',REQUEST_URL='https://a.thumbs.redditmedia.com/dFt2-stQJkfZ8O7r7ywG9GQsF08fZXxEJfQtAmiJ-F8.jpg',
08-05 20:56:48.675 32542  3383 D OK      : request got status: 200
08-05 20:56:48.727 32542  3463 D OK      : calling: https://oauth.reddit.com/r/aww/hot/.json?after=t3_hz5odc
08-05 20:56:48.738 32542 32553 I art     : Starting a blocking GC Explicit
08-05 20:56:48.752 32542  3389 I NAPPA_EXPERIMENTATION: MetricNetworkRequestExecutionTime: REQUEST_DURATION_SYSTEM='953',REQUEST_DURATION_OKHTTP='505',REQUEST_SYNCHRONOUS='TRUE',RESPONSE_CODE='200',RESPONSE_METHOD='GET',RESPONSE_LENGTH_OKHTTP='6131',RESPONSE_LENGTH_HEADER='6131',REQUEST_PROTOCOL='h2',REQUEST_URL='https://b.thumbs.redditmedia.com/bUY4al781EZ3q7hUlnLebemHCXE3e63_SSxl2uo4Q4A.jpg',
08-05 20:56:48.752 32542  3389 D OK      : request got status: 200
08-05 20:56:48.760 32542  3388 I NAPPA_EXPERIMENTATION: MetricNetworkRequestExecutionTime: REQUEST_DURATION_SYSTEM='962',REQUEST_DURATION_OKHTTP='508',REQUEST_SYNCHRONOUS='TRUE',RESPONSE_CODE='200',RESPONSE_METHOD='GET',RESPONSE_LENGTH_OKHTTP='2700',RESPONSE_LENGTH_HEADER='2700',REQUEST_PROTOCOL='h2',REQUEST_URL='https://v.redd.it/fkewv2f65kd51/DASHPlaylist.mpd',
08-05 20:56:48.760 32542  3388 D OK      : request got status: 200
08-05 20:56:48.802 32542 32553 I art     : Explicit concurrent mark sweep GC freed 33129(1943KB) AllocSpace objects, 21(1196KB) LOS objects, 33% free, 31MB/47MB, paused 2.446ms total 63.440ms
08-05 20:56:48.822 32542 32553 I art     : Starting a blocking GC Explicit
08-05 20:56:48.847 32542  3388 I RedditVideosAPI: For 'https://v.redd.it/fkewv2f65kd51/DASHPlaylist.mpd', got video stream 'https://v.redd.it/fkewv2f65kd51/DASH_480' and audio stream 'https://v.redd.it/fkewv2f65kd51/audio'
08-05 20:56:48.876 32542 32553 I art     : Explicit concurrent mark sweep GC freed 5621(311KB) AllocSpace objects, 7(392KB) LOS objects, 33% free, 31MB/47MB, paused 2.472ms total 53.808ms
08-05 20:56:48.886 32542  3394 I NAPPA_EXPERIMENTATION: MetricNetworkRequestExecutionTime: REQUEST_DURATION_SYSTEM='1069',REQUEST_DURATION_OKHTTP='406',REQUEST_SYNCHRONOUS='TRUE',RESPONSE_CODE='200',RESPONSE_METHOD='GET',RESPONSE_LENGTH_OKHTTP='7265',RESPONSE_LENGTH_HEADER='7265',REQUEST_PROTOCOL='h2',REQUEST_URL='https://b.thumbs.redditmedia.com/N6fiqTp8nJD2l7sUz4nij7j1yHYMTKaflUIrn8E2bAU.jpg',
08-05 20:56:48.886 32542  3394 D OK      : request got status: 200
08-05 20:56:48.895 32542 32553 I art     : Starting a blocking GC Explicit
08-05 20:56:48.952 32542 32553 I art     : Explicit concurrent mark sweep GC freed 6256(282KB) AllocSpace objects, 2(136KB) LOS objects, 33% free, 31MB/47MB, paused 2.378ms total 56.299ms
08-05 20:56:48.972 32542 32553 I art     : Starting a blocking GC Explicit
08-05 20:56:48.992 32542  3390 I NAPPA_EXPERIMENTATION: MetricNetworkRequestExecutionTime: REQUEST_DURATION_SYSTEM='1190',REQUEST_DURATION_OKHTTP='492',REQUEST_SYNCHRONOUS='TRUE',RESPONSE_CODE='200',RESPONSE_METHOD='GET',RESPONSE_LENGTH_OKHTTP='5439',RESPONSE_LENGTH_HEADER='5439',REQUEST_PROTOCOL='h2',REQUEST_URL='https://b.thumbs.redditmedia.com/tTmEfIrujbsvZXbhNSQS6Pc7o7ShCaGqZHbYf7nWdfg.jpg',
08-05 20:56:48.992 32542  3390 D OK      : request got status: 200
08-05 20:56:49.028 32542  3392 I NAPPA_EXPERIMENTATION: MetricNetworkRequestExecutionTime: REQUEST_DURATION_SYSTEM='1224',REQUEST_DURATION_OKHTTP='414',REQUEST_SYNCHRONOUS='TRUE',RESPONSE_CODE='200',RESPONSE_METHOD='GET',RESPONSE_LENGTH_OKHTTP='-1',RESPONSE_LENGTH_HEADER='955',REQUEST_PROTOCOL='http/1.1',REQUEST_URL='https://api.gfycat.com/v1/gfycats/altruisticthankfulankolewatusi',
08-05 20:56:49.028 32542  3392 D OK      : request got status: 200
08-05 20:56:49.029 32542 32553 I art     : Explicit concurrent mark sweep GC freed 6924(407KB) AllocSpace objects, 5(388KB) LOS objects, 33% free, 31MB/47MB, paused 2.496ms total 57.029ms
08-05 20:56:49.045 32542  3393 I NAPPA_EXPERIMENTATION: MetricNetworkRequestExecutionTime: REQUEST_DURATION_SYSTEM='1238',REQUEST_DURATION_OKHTTP='534',REQUEST_SYNCHRONOUS='TRUE',RESPONSE_CODE='200',RESPONSE_METHOD='GET',RESPONSE_LENGTH_OKHTTP='6634',RESPONSE_LENGTH_HEADER='6634',REQUEST_PROTOCOL='h2',REQUEST_URL='https://b.thumbs.redditmedia.com/JTSWFy2_tijPk6cA5noKDydEAMkMJcDmKQTSX178zwc.jpg',
08-05 20:56:49.045 32542  3393 D OK      : request got status: 200
08-05 20:56:49.049 32542 32553 I art     : Starting a blocking GC Explicit
08-05 20:56:49.106 32542 32553 I art     : Explicit concurrent mark sweep GC freed 8883(484KB) AllocSpace objects, 6(324KB) LOS objects, 33% free, 31MB/47MB, paused 2.282ms total 57.073ms
08-05 20:56:49.110 32542  3386 I NAPPA_EXPERIMENTATION: MetricNetworkRequestExecutionTime: REQUEST_DURATION_SYSTEM='1319',REQUEST_DURATION_OKHTTP='608',REQUEST_SYNCHRONOUS='TRUE',RESPONSE_CODE='200',RESPONSE_METHOD='GET',RESPONSE_LENGTH_OKHTTP='-1',RESPONSE_LENGTH_HEADER='379',REQUEST_PROTOCOL='h2',REQUEST_URL='https://api.imgur.com/3/image/NSO7Npm',
08-05 20:56:49.110 32542  3386 D OK      : request got status: 200
08-05 20:56:49.117 32542  3404 I NAPPA_EXPERIMENTATION: MetricNetworkRequestExecutionTime: REQUEST_DURATION_SYSTEM='1277',REQUEST_DURATION_OKHTTP='500',REQUEST_SYNCHRONOUS='TRUE',RESPONSE_CODE='200',RESPONSE_METHOD='GET',RESPONSE_LENGTH_OKHTTP='2429',RESPONSE_LENGTH_HEADER='2429',REQUEST_PROTOCOL='h2',REQUEST_URL='https://v.redd.it/h49fg58ygjd51/DASHPlaylist.mpd',
08-05 20:56:49.117 32542  3404 D OK      : request got status: 200
08-05 20:56:49.155 32542  3399 I NAPPA_EXPERIMENTATION: MetricNetworkRequestExecutionTime: REQUEST_DURATION_SYSTEM='1327',REQUEST_DURATION_OKHTTP='615',REQUEST_SYNCHRONOUS='TRUE',RESPONSE_CODE='200',RESPONSE_METHOD='GET',RESPONSE_LENGTH_OKHTTP='6093',RESPONSE_LENGTH_HEADER='6093',REQUEST_PROTOCOL='h2',REQUEST_URL='https://b.thumbs.redditmedia.com/lQKqDneXS8E7ZBD9cUQy4OqOt8PuTneSvVFtnU0pwCE.jpg',
08-05 20:56:49.155 32542  3399 D OK      : request got status: 200
08-05 20:56:49.198 32542  3404 I RedditVideosAPI: For 'https://v.redd.it/h49fg58ygjd51/DASHPlaylist.mpd', got video stream 'https://v.redd.it/h49fg58ygjd51/DASH_480' and audio stream 'null'
08-05 20:56:49.205 32542  3400 I NAPPA_EXPERIMENTATION: MetricNetworkRequestExecutionTime: REQUEST_DURATION_SYSTEM='1376',REQUEST_DURATION_OKHTTP='560',REQUEST_SYNCHRONOUS='TRUE',RESPONSE_CODE='200',RESPONSE_METHOD='GET',RESPONSE_LENGTH_OKHTTP='1713',RESPONSE_LENGTH_HEADER='1713',REQUEST_PROTOCOL='h2',REQUEST_URL='https://v.redd.it/ak6rer1hskd51/DASHPlaylist.mpd',
08-05 20:56:49.205 32542  3400 D OK      : request got status: 200
08-05 20:56:49.230 13866 13882 I PeriodicStatsRunner: PeriodicStatsRunner.call():175 call()
08-05 20:56:49.231 13866 13882 I PeriodicStatsRunner: PeriodicStatsRunner.call():179 No submit PeriodicStats since input started.
08-05 20:56:49.234 32542  3391 I NAPPA_EXPERIMENTATION: MetricNetworkRequestExecutionTime: REQUEST_DURATION_SYSTEM='1431',REQUEST_DURATION_OKHTTP='655',REQUEST_SYNCHRONOUS='TRUE',RESPONSE_CODE='200',RESPONSE_METHOD='GET',RESPONSE_LENGTH_OKHTTP='6434',RESPONSE_LENGTH_HEADER='6434',REQUEST_PROTOCOL='h2',REQUEST_URL='https://b.thumbs.redditmedia.com/_H8tFMmL5-3GrxYkCtMSHiyNfjbX8pxctOw_vrzyw7o.jpg',
08-05 20:56:49.234 32542  3391 D OK      : request got status: 200
08-05 20:56:49.245 32542  3384 I NAPPA_EXPERIMENTATION: MetricNetworkRequestExecutionTime: REQUEST_DURATION_SYSTEM='1461',REQUEST_DURATION_OKHTTP='576',REQUEST_SYNCHRONOUS='TRUE',RESPONSE_CODE='200',RESPONSE_METHOD='GET',RESPONSE_LENGTH_OKHTTP='-1',RESPONSE_LENGTH_HEADER='812',REQUEST_PROTOCOL='http/1.1',REQUEST_URL='https://api.gfycat.com/v1/gfycats/deadlygravecavy',
08-05 20:56:49.246 32542  3384 D OK      : request got status: 200
08-05 20:56:49.277 32542  3400 I RedditVideosAPI: For 'https://v.redd.it/ak6rer1hskd51/DASHPlaylist.mpd', got video stream 'https://v.redd.it/ak6rer1hskd51/DASH_360' and audio stream 'null'
08-05 20:56:49.324 32542  3398 I NAPPA_EXPERIMENTATION: MetricNetworkRequestExecutionTime: REQUEST_DURATION_SYSTEM='1503',REQUEST_DURATION_OKHTTP='686',REQUEST_SYNCHRONOUS='TRUE',RESPONSE_CODE='200',RESPONSE_METHOD='GET',RESPONSE_LENGTH_OKHTTP='4018',RESPONSE_LENGTH_HEADER='4018',REQUEST_PROTOCOL='h2',REQUEST_URL='https://b.thumbs.redditmedia.com/lVNra-iScxkYcYtSstJ-7J7pRAUDRXIwwJhsen1ZK9g.jpg',
08-05 20:56:49.325 32542  3398 D OK      : request got status: 200
08-05 20:56:49.328 32542  3402 I NAPPA_EXPERIMENTATION: MetricNetworkRequestExecutionTime: REQUEST_DURATION_SYSTEM='1496',REQUEST_DURATION_OKHTTP='517',REQUEST_SYNCHRONOUS='TRUE',RESPONSE_CODE='200',RESPONSE_METHOD='GET',RESPONSE_LENGTH_OKHTTP='-1',RESPONSE_LENGTH_HEADER='1021',REQUEST_PROTOCOL='http/1.1',REQUEST_URL='https://api.gfycat.com/v1/gfycats/foolhardysparklinglarva',
08-05 20:56:49.328 32542  3402 D OK      : request got status: 200
08-05 20:56:49.357 32542  3405 I NAPPA_EXPERIMENTATION: MetricNetworkRequestExecutionTime: REQUEST_DURATION_SYSTEM='1510',REQUEST_DURATION_OKHTTP='512',REQUEST_SYNCHRONOUS='TRUE',RESPONSE_CODE='200',RESPONSE_METHOD='GET',RESPONSE_LENGTH_OKHTTP='4798',RESPONSE_LENGTH_HEADER='4798',REQUEST_PROTOCOL='h2',REQUEST_URL='https://a.thumbs.redditmedia.com/KpcC72KH04Be3BqxmFbv_Gz7LCy-24GU-70or3KCdJ4.jpg',
08-05 20:56:49.357 32542  3405 D OK      : request got status: 200
08-05 20:56:49.365 32542  3397 I NAPPA_EXPERIMENTATION: MetricNetworkRequestExecutionTime: REQUEST_DURATION_SYSTEM='1546',REQUEST_DURATION_OKHTTP='699',REQUEST_SYNCHRONOUS='TRUE',RESPONSE_CODE='200',RESPONSE_METHOD='GET',RESPONSE_LENGTH_OKHTTP='8699',RESPONSE_LENGTH_HEADER='8699',REQUEST_PROTOCOL='h2',REQUEST_URL='https://b.thumbs.redditmedia.com/HkEQtny0bE4H3dMCd_woPsLAXBoPwp_DZ4ioFNIQLKk.jpg',
08-05 20:56:49.365 32542  3397 D OK      : request got status: 200
08-05 20:56:49.400   518   646 I ThermalEngine: ACTION: GPU - Setting GPU[0] to 390000000
08-05 20:56:49.404 32542  3403 I NAPPA_EXPERIMENTATION: MetricNetworkRequestExecutionTime: REQUEST_DURATION_SYSTEM='1568',REQUEST_DURATION_OKHTTP='734',REQUEST_SYNCHRONOUS='TRUE',RESPONSE_CODE='200',RESPONSE_METHOD='GET',RESPONSE_LENGTH_OKHTTP='5207',RESPONSE_LENGTH_HEADER='5207',REQUEST_PROTOCOL='h2',REQUEST_URL='https://b.thumbs.redditmedia.com/Bx9FZp8_w10DfFUf_mqVPMfu4Y0h2lo41Dh4tl2eNeQ.jpg',
08-05 20:56:49.404 32542  3403 D OK      : request got status: 200
08-05 20:56:49.408 32542  3387 I NAPPA_EXPERIMENTATION: MetricNetworkRequestExecutionTime: REQUEST_DURATION_SYSTEM='1614',REQUEST_DURATION_OKHTTP='731',REQUEST_SYNCHRONOUS='TRUE',RESPONSE_CODE='200',RESPONSE_METHOD='GET',RESPONSE_LENGTH_OKHTTP='6242',RESPONSE_LENGTH_HEADER='6242',REQUEST_PROTOCOL='h2',REQUEST_URL='https://b.thumbs.redditmedia.com/NUqJWcobH7ToYhCM0w6nnAFZ46ymm9vPD25BC3s7Wco.jpg',
08-05 20:56:49.409 32542  3387 D OK      : request got status: 200
08-05 20:56:49.467 32542  3408 I NAPPA_EXPERIMENTATION: MetricNetworkRequestExecutionTime: REQUEST_DURATION_SYSTEM='1618',REQUEST_DURATION_OKHTTP='515',REQUEST_SYNCHRONOUS='TRUE',RESPONSE_CODE='200',RESPONSE_METHOD='GET',RESPONSE_LENGTH_OKHTTP='5648',RESPONSE_LENGTH_HEADER='5648',REQUEST_PROTOCOL='h2',REQUEST_URL='https://a.thumbs.redditmedia.com/cEOtajy3CAQrjwSA3hhSqnPx8bfkRzglo7Lz1SBTmE0.jpg',
08-05 20:56:49.467 32542  3408 D OK      : request got status: 200
08-05 20:56:49.478 32542  1481 I art     : Starting a blocking GC Explicit
08-05 20:56:49.482 32542  3401 I NAPPA_EXPERIMENTATION: MetricNetworkRequestExecutionTime: REQUEST_DURATION_SYSTEM='1650',REQUEST_DURATION_OKHTTP='734',REQUEST_SYNCHRONOUS='TRUE',RESPONSE_CODE='200',RESPONSE_METHOD='GET',RESPONSE_LENGTH_OKHTTP='7078',RESPONSE_LENGTH_HEADER='7078',REQUEST_PROTOCOL='h2',REQUEST_URL='https://b.thumbs.redditmedia.com/X3yyAViE0gxiHR-kf9Z5xmLa8dKsm8iWJyKdWNVtOhU.jpg',
08-05 20:56:49.482 32542  3401 D OK      : request got status: 200
08-05 20:56:49.491 32542  3409 I NAPPA_EXPERIMENTATION: MetricNetworkRequestExecutionTime: REQUEST_DURATION_SYSTEM='1641',REQUEST_DURATION_OKHTTP='491',REQUEST_SYNCHRONOUS='TRUE',RESPONSE_CODE='200',RESPONSE_METHOD='GET',RESPONSE_LENGTH_OKHTTP='3058',RESPONSE_LENGTH_HEADER='3058',REQUEST_PROTOCOL='h2',REQUEST_URL='https://v.redd.it/1ewzkieg0jd51/DASHPlaylist.mpd',
08-05 20:56:49.491 32542  3409 D OK      : request got status: 200
08-05 20:56:49.534 32542  3415 I NAPPA_EXPERIMENTATION: MetricNetworkRequestExecutionTime: REQUEST_DURATION_SYSTEM='1660',REQUEST_DURATION_OKHTTP='628',REQUEST_SYNCHRONOUS='TRUE',RESPONSE_CODE='200',RESPONSE_METHOD='GET',RESPONSE_LENGTH_OKHTTP='8835',RESPONSE_LENGTH_HEADER='8835',REQUEST_PROTOCOL='h2',REQUEST_URL='https://b.thumbs.redditmedia.com/B18Vu5Jw71XCkFOFHimnUC42ya8apHsmcCW-HFmtb6w.jpg',
08-05 20:56:49.534 32542  3415 D OK      : request got status: 200
08-05 20:56:49.549 32542  3412 I NAPPA_EXPERIMENTATION: MetricNetworkRequestExecutionTime: REQUEST_DURATION_SYSTEM='1684',REQUEST_DURATION_OKHTTP='632',REQUEST_SYNCHRONOUS='TRUE',RESPONSE_CODE='200',RESPONSE_METHOD='GET',RESPONSE_LENGTH_OKHTTP='5229',RESPONSE_LENGTH_HEADER='5229',REQUEST_PROTOCOL='h2',REQUEST_URL='https://b.thumbs.redditmedia.com/RrJbRRjFZWmckrONtkPTloJh52FfqD_XkLMuYuuQvAg.jpg',
08-05 20:56:49.549 32542  3412 D OK      : request got status: 200
08-05 20:56:49.555 32542  3409 I RedditVideosAPI: For 'https://v.redd.it/1ewzkieg0jd51/DASHPlaylist.mpd', got video stream 'https://v.redd.it/1ewzkieg0jd51/DASH_480' and audio stream 'https://v.redd.it/1ewzkieg0jd51/audio'
08-05 20:56:49.561 32542  1481 I art     : Explicit concurrent mark sweep GC freed 22151(1801KB) AllocSpace objects, 68(4MB) LOS objects, 32% free, 33MB/49MB, paused 2.578ms total 82.757ms
08-05 20:56:49.577 32542  3419 I NAPPA_EXPERIMENTATION: MetricNetworkRequestExecutionTime: REQUEST_DURATION_SYSTEM='1696',REQUEST_DURATION_OKHTTP='535',REQUEST_SYNCHRONOUS='TRUE',RESPONSE_CODE='200',RESPONSE_METHOD='GET',RESPONSE_LENGTH_OKHTTP='2698',RESPONSE_LENGTH_HEADER='2698',REQUEST_PROTOCOL='h2',REQUEST_URL='https://v.redd.it/s9qqadf3mid51/DASHPlaylist.mpd',
08-05 20:56:49.577 32542  3419 D OK      : request got status: 200
08-05 20:56:49.587 32542  1481 I art     : Starting a blocking GC Explicit
08-05 20:56:49.595 32542  3413 I NAPPA_EXPERIMENTATION: MetricNetworkRequestExecutionTime: REQUEST_DURATION_SYSTEM='1727',REQUEST_DURATION_OKHTTP='525',REQUEST_SYNCHRONOUS='TRUE',RESPONSE_CODE='200',RESPONSE_METHOD='GET',RESPONSE_LENGTH_OKHTTP='2787',RESPONSE_LENGTH_HEADER='2787',REQUEST_PROTOCOL='h2',REQUEST_URL='https://v.redd.it/ppmhu2r9thd51/DASHPlaylist.mpd',
08-05 20:56:49.595 32542  3413 D OK      : request got status: 200
08-05 20:56:49.596 32542  3414 I NAPPA_EXPERIMENTATION: MetricNetworkRequestExecutionTime: REQUEST_DURATION_SYSTEM='1725',REQUEST_DURATION_OKHTTP='627',REQUEST_SYNCHRONOUS='TRUE',RESPONSE_CODE='200',RESPONSE_METHOD='GET',RESPONSE_LENGTH_OKHTTP='6163',RESPONSE_LENGTH_HEADER='6163',REQUEST_PROTOCOL='h2',REQUEST_URL='https://b.thumbs.redditmedia.com/chqK3f9u3D7UmfrGP85f4sOQFihMk6q7fFSeMyWs_7E.jpg',
08-05 20:56:49.596 32542  3414 D OK      : request got status: 200
08-05 20:56:49.608 32542  3424 I NAPPA_EXPERIMENTATION: MetricNetworkRequestExecutionTime: REQUEST_DURATION_SYSTEM='1698',REQUEST_DURATION_OKHTTP='621',REQUEST_SYNCHRONOUS='TRUE',RESPONSE_CODE='200',RESPONSE_METHOD='GET',RESPONSE_LENGTH_OKHTTP='4249',RESPONSE_LENGTH_HEADER='4249',REQUEST_PROTOCOL='h2',REQUEST_URL='https://b.thumbs.redditmedia.com/lMqJbh1Z40ffemA0TnSfVnovznn4hvJNue60AsJ-ETs.jpg',
08-05 20:56:49.608 32542  3424 D OK      : request got status: 200
08-05 20:56:49.610 32542  3416 I NAPPA_EXPERIMENTATION: MetricNetworkRequestExecutionTime: REQUEST_DURATION_SYSTEM='1731',REQUEST_DURATION_OKHTTP='533',REQUEST_SYNCHRONOUS='TRUE',RESPONSE_CODE='200',RESPONSE_METHOD='GET',RESPONSE_LENGTH_OKHTTP='2861',RESPONSE_LENGTH_HEADER='2861',REQUEST_PROTOCOL='h2',REQUEST_URL='https://b.thumbs.redditmedia.com/iZuzjufMpYUYtQRLjRwce4RDb6JYsId95_iezR2Uc0w.jpg',
08-05 20:56:49.610 32542  3416 D OK      : request got status: 200
08-05 20:56:49.625 32542  3419 I RedditVideosAPI: For 'https://v.redd.it/s9qqadf3mid51/DASHPlaylist.mpd', got video stream 'https://v.redd.it/s9qqadf3mid51/DASH_480' and audio stream 'https://v.redd.it/s9qqadf3mid51/audio'
08-05 20:56:49.629 32542  3420 I NAPPA_EXPERIMENTATION: MetricNetworkRequestExecutionTime: REQUEST_DURATION_SYSTEM='1747',REQUEST_DURATION_OKHTTP='488',REQUEST_SYNCHRONOUS='TRUE',RESPONSE_CODE='200',RESPONSE_METHOD='GET',RESPONSE_LENGTH_OKHTTP='3060',RESPONSE_LENGTH_HEADER='3060',REQUEST_PROTOCOL='h2',REQUEST_URL='https://v.redd.it/b8vazlcb7ld51/DASHPlaylist.mpd',
08-05 20:56:49.629 32542  3420 D OK      : request got status: 200
08-05 20:56:49.647 32542  3413 I RedditVideosAPI: For 'https://v.redd.it/ppmhu2r9thd51/DASHPlaylist.mpd', got video stream 'https://v.redd.it/ppmhu2r9thd51/DASH_480' and audio stream 'null'
08-05 20:56:49.651 32542  3425 I NAPPA_EXPERIMENTATION: MetricNetworkRequestExecutionTime: REQUEST_DURATION_SYSTEM='1732',REQUEST_DURATION_OKHTTP='551',REQUEST_SYNCHRONOUS='TRUE',RESPONSE_CODE='200',RESPONSE_METHOD='GET',RESPONSE_LENGTH_OKHTTP='6843',RESPONSE_LENGTH_HEADER='6843',REQUEST_PROTOCOL='h2',REQUEST_URL='https://b.thumbs.redditmedia.com/x5l4cICw0WNNvslt5FqVjwj89XrGjrXnNbaSyQRAyCo.jpg',
08-05 20:56:49.651 32542  3425 D OK      : request got status: 200
08-05 20:56:49.653 32542  1481 I art     : Explicit concurrent mark sweep GC freed 5037(427KB) AllocSpace objects, 16(908KB) LOS objects, 31% free, 34MB/50MB, paused 1.859ms total 66.042ms
08-05 20:56:49.654 32542  3429 I NAPPA_EXPERIMENTATION: MetricNetworkRequestExecutionTime: REQUEST_DURATION_SYSTEM='1715',REQUEST_DURATION_OKHTTP='483',REQUEST_SYNCHRONOUS='TRUE',RESPONSE_CODE='200',RESPONSE_METHOD='GET',RESPONSE_LENGTH_OKHTTP='2342',RESPONSE_LENGTH_HEADER='2342',REQUEST_PROTOCOL='h2',REQUEST_URL='https://v.redd.it/ar5k8892pid51/DASHPlaylist.mpd',
08-05 20:56:49.654 32542  3429 D OK      : request got status: 200
08-05 20:56:49.657 32542  3423 I NAPPA_EXPERIMENTATION: MetricNetworkRequestExecutionTime: REQUEST_DURATION_SYSTEM='1757',REQUEST_DURATION_OKHTTP='520',REQUEST_SYNCHRONOUS='TRUE',RESPONSE_CODE='200',RESPONSE_METHOD='GET',RESPONSE_LENGTH_OKHTTP='4067',RESPONSE_LENGTH_HEADER='4067',REQUEST_PROTOCOL='h2',REQUEST_URL='https://b.thumbs.redditmedia.com/XNb1kfskabGDLMqv661Q22hBtCb8w5oyePDcFaZi9aY.jpg',
08-05 20:56:49.657 32542  3426 I NAPPA_EXPERIMENTATION: MetricNetworkRequestExecutionTime: REQUEST_DURATION_SYSTEM='1729',REQUEST_DURATION_OKHTTP='475',REQUEST_SYNCHRONOUS='TRUE',RESPONSE_CODE='200',RESPONSE_METHOD='GET',RESPONSE_LENGTH_OKHTTP='6778',RESPONSE_LENGTH_HEADER='6778',REQUEST_PROTOCOL='h2',REQUEST_URL='https://b.thumbs.redditmedia.com/189nmwjW7eGWBD0J-cxzsUac1V1ZWGzMFC66inY4u4Y.jpg',
08-05 20:56:49.657 32542  3426 D OK      : request got status: 200
08-05 20:56:49.657 32542  3423 D OK      : request got status: 200
08-05 20:56:49.662 32542  3428 I NAPPA_EXPERIMENTATION: MetricNetworkRequestExecutionTime: REQUEST_DURATION_SYSTEM='1724',REQUEST_DURATION_OKHTTP='444',REQUEST_SYNCHRONOUS='TRUE',RESPONSE_CODE='200',RESPONSE_METHOD='GET',RESPONSE_LENGTH_OKHTTP='2071',RESPONSE_LENGTH_HEADER='2071',REQUEST_PROTOCOL='h2',REQUEST_URL='https://v.redd.it/ty24o02m1hd51/DASHPlaylist.mpd',
08-05 20:56:49.662 32542  3428 D OK      : request got status: 200
08-05 20:56:49.678 32542  1481 I art     : Starting a blocking GC Explicit
08-05 20:56:49.688 32542  3427 I NAPPA_EXPERIMENTATION: MetricNetworkRequestExecutionTime: REQUEST_DURATION_SYSTEM='1751',REQUEST_DURATION_OKHTTP='472',REQUEST_SYNCHRONOUS='TRUE',RESPONSE_CODE='200',RESPONSE_METHOD='GET',RESPONSE_LENGTH_OKHTTP='6221',RESPONSE_LENGTH_HEADER='6221',REQUEST_PROTOCOL='h2',REQUEST_URL='https://b.thumbs.redditmedia.com/d_-UsfmKASoIHi4vZyyjvvwFtm1S7-DEi9AQPOnGIgY.jpg',
08-05 20:56:49.689 32542  3427 D OK      : request got status: 200
08-05 20:56:49.729 32542  3420 I RedditVideosAPI: For 'https://v.redd.it/b8vazlcb7ld51/DASHPlaylist.mpd', got video stream 'https://v.redd.it/b8vazlcb7ld51/DASH_480' and audio stream 'https://v.redd.it/b8vazlcb7ld51/audio'
08-05 20:56:49.748 32542  1481 I art     : Explicit concurrent mark sweep GC freed 2271(243KB) AllocSpace objects, 21(1644KB) LOS objects, 31% free, 34MB/50MB, paused 1.361ms total 69.522ms
08-05 20:56:49.748 32542 32552 I art     : WaitForGcToComplete blocked for 64.394ms for cause HeapTrim
08-05 20:56:49.773 32542  1481 I art     : Starting a blocking GC Explicit
08-05 20:56:49.790 32542  3429 I RedditVideosAPI: For 'https://v.redd.it/ar5k8892pid51/DASHPlaylist.mpd', got video stream 'https://v.redd.it/ar5k8892pid51/DASH_360' and audio stream 'https://v.redd.it/ar5k8892pid51/audio'
08-05 20:56:49.797 32542  3428 I RedditVideosAPI: For 'https://v.redd.it/ty24o02m1hd51/DASHPlaylist.mpd', got video stream 'https://v.redd.it/ty24o02m1hd51/DASH_480' and audio stream 'null'
08-05 20:56:49.828 32542  3463 I NAPPA_EXPERIMENTATION: MetricNetworkRequestExecutionTime: REQUEST_DURATION_SYSTEM='1101',REQUEST_DURATION_OKHTTP='194',REQUEST_SYNCHRONOUS='TRUE',RESPONSE_CODE='200',RESPONSE_METHOD='GET',RESPONSE_LENGTH_OKHTTP='-1',RESPONSE_LENGTH_HEADER='30610',REQUEST_PROTOCOL='h2',REQUEST_URL='https://oauth.reddit.com/r/aww/hot/.json?after=t3_hz5odc',
08-05 20:56:49.828 32542  3463 D OK      : request got status: 200
08-05 20:56:49.840 32542  1481 I art     : Explicit concurrent mark sweep GC freed 1794(334KB) AllocSpace objects, 19(860KB) LOS objects, 30% free, 35MB/51MB, paused 1.841ms total 66.303ms
08-05 20:56:49.845 32542   896 I PostListingFragment: Precaching images: OFF
08-05 20:56:49.845 32542   896 I PostListingFragment: Precaching comments: OFF
08-05 20:56:49.855 32542  3494 D OK      : calling: https://b.thumbs.redditmedia.com/WehZGjN94ALGdO0M7RjPJ2EwcyyWVZ_NUn1Fuf7IYWY.jpg
08-05 20:56:49.867 32542  3495 D OK      : calling: https://b.thumbs.redditmedia.com/Xdo4lcQOwuUNK1yxSlXZ0OI8u23ORAr16_AzfAZ1nvU.jpg
08-05 20:56:49.869 32542  3496 D OK      : calling: https://v.redd.it/syww111dtjd51/DASHPlaylist.mpd
08-05 20:56:49.870 32542  1481 I art     : Starting a blocking GC Explicit
08-05 20:56:49.898 32542  3498 D OK      : calling: https://a.thumbs.redditmedia.com/EFVm-ZqqhARyEaKgtwU74c7tfzEDJvI0uiHXGglFag4.jpg
08-05 20:56:49.900 32542  3497 D OK      : calling: https://b.thumbs.redditmedia.com/2KMYZ5hTlKXSvNO4hDUPyMba8Yz6skyu1SjUhLq1d9s.jpg
08-05 20:56:49.919 32542  3499 D OK      : calling: https://b.thumbs.redditmedia.com/qi4bNDKzoPvaSaSx99K2bAjwaRHh1nuOrcbySp1JHdk.jpg
08-05 20:56:49.922 32542  3500 D OK      : calling: https://b.thumbs.redditmedia.com/Ja8yiRMklM2lXd8q60LtBI6CqdmJ5YbWHRiBVFmICJA.jpg
08-05 20:56:49.924 32542  3501 D OK      : calling: https://b.thumbs.redditmedia.com/o5lSsJ_tCgCQxcdjMGaYxuveNluXB1PQT4PokXDhpvc.jpg
08-05 20:56:49.929 32542  3503 D OK      : calling: https://b.thumbs.redditmedia.com/C9qrVibnNxmzfLDKvEHp2v2Bo-Kqme7PoKC52s2o52M.jpg
08-05 20:56:49.932 32542  3504 D OK      : calling: https://a.thumbs.redditmedia.com/Tfsm0ol-ltlxNSBAkZ_4G4302d0hYeOSODkvXidBBR8.jpg
08-05 20:56:49.933 32542  3502 D OK      : calling: https://b.thumbs.redditmedia.com/SiCWTmKkQcbiAa7naxAHnw0adTeRkq1dB8QSqzGU7-Q.jpg
08-05 20:56:49.937 32542  3505 D OK      : calling: https://a.thumbs.redditmedia.com/Kzag-wH9wKRRg2MnPwgoFgXT_2jN_nkJ1lY1aNRQyT4.jpg
08-05 20:56:49.940 32542  3506 D OK      : calling: https://a.thumbs.redditmedia.com/P4gSGpXpi2wDXthNZ-LiwEs5Jvplm6dQ7W7Isqa7un4.jpg
08-05 20:56:49.948 32542  3507 D OK      : calling: https://b.thumbs.redditmedia.com/XkIhgqugP-9Zcb5I9A8o0r-zQJDh_6kastc0oWiiHkI.jpg
08-05 20:56:49.953 32542   896 I getImgurImageInfo: Image nLQR2hT: trying API v3 with auth
08-05 20:56:49.953 32542  1481 I art     : Explicit concurrent mark sweep GC freed 13277(616KB) AllocSpace objects, 9(872KB) LOS objects, 30% free, 36MB/52MB, paused 2.841ms total 82.749ms
08-05 20:56:49.959 32542  3510 D OK      : calling: https://b.thumbs.redditmedia.com/orK4W8Xc99pTzIT6q1waTsppldq24p1qMsHtkNnmu9w.jpg
08-05 20:56:49.962 32542  3508 D OK      : calling: https://b.thumbs.redditmedia.com/3QPAtixkID9ojpqCAgfspJpruqoq45fM1G-Fx1K2F2A.jpg
08-05 20:56:49.967 32542  3509 D OK      : calling: https://v.redd.it/pbqrrfb3tkd51/DASHPlaylist.mpd
08-05 20:56:49.968 32542  3511 D OK      : calling: https://v.redd.it/rrygsb8i4ld51/DASHPlaylist.mpd
08-05 20:56:49.972 32542  3512 D OK      : calling: https://v.redd.it/5x6zzipz8ld51/DASHPlaylist.mpd
08-05 20:56:49.975 32542  3513 D OK      : calling: https://b.thumbs.redditmedia.com/B1vXKY_-gTPbs625-RJ1MLIXxzCqfmnCB_0xnGjCECQ.jpg
08-05 20:56:49.980 32542  3514 D OK      : calling: https://v.redd.it/75en73fm5id51/DASHPlaylist.mpd
08-05 20:56:49.994 32542  3515 D OK      : calling: https://a.thumbs.redditmedia.com/ffAKmOqnTuDMNR9MRfCdRtkq_CzN3MVhZxS64ZPYRh4.jpg
08-05 20:56:49.998 32542  3516 D OK      : calling: https://b.thumbs.redditmedia.com/OF1KI_LdSDMMWCy-WgJyRhIcM5fr7kDyu_OnpfRXHfI.jpg
08-05 20:56:50.003 32542  3517 D OK      : calling: https://b.thumbs.redditmedia.com/vuAhA4gGAmYfrTFA4woxZcKgmiDzJ3nAsql2pxcYGFs.jpg
08-05 20:56:50.003 32542  3518 D OK      : calling: https://b.thumbs.redditmedia.com/PtV7mFsO2n0j4YJweZjEqyVJ45hap4hXix9dwj6D0Wg.jpg
08-05 20:56:50.015 32542  3519 D OK      : calling: https://b.thumbs.redditmedia.com/wxTBcOhAgsmbc-TRaGNHpYJYnEOBr2LNsaZ6pCM91Lc.jpg
08-05 20:56:50.026 32542  3520 D OK      : calling: https://b.thumbs.redditmedia.com/Wo7bFIVNZYYuNioRYwZFYxrl6QMk0lT-3W01wrXgHmE.jpg
08-05 20:56:50.029 32542  3521 D OK      : calling: https://b.thumbs.redditmedia.com/NoqMycYTzsyhI0Lq351riEI1mO9p8PvY1QwcZ9Irb9g.jpg
08-05 20:56:50.031 32542  3522 D OK      : calling: https://b.thumbs.redditmedia.com/KrRufqpifph7KM2Le5RdqEYQb24zbB4fizBJpFaH1Pc.jpg
08-05 20:56:50.034 32542  3523 D OK      : calling: https://b.thumbs.redditmedia.com/u2qz17QE3X5G7kkJrgK3HPCdxNQxNkhaWqfIhCuRMvE.jpg
08-05 20:56:50.036 32542  3524 D OK      : calling: https://api.imgur.com/3/image/nLQR2hT
08-05 20:56:50.038 32542  3525 D OK      : calling: https://v.redd.it/ggz4fyth6hd51/DASHPlaylist.mpd
08-05 20:56:50.041 32542  3526 D OK      : calling: https://v.redd.it/psrknoobrgd51/DASHPlaylist.mpd
08-05 20:56:50.043 32542  3527 D OK      : calling: https://v.redd.it/jk6cwef4wld51/DASHPlaylist.mpd
08-05 20:56:50.046 32542  3528 D OK      : calling: https://v.redd.it/t81s8zfz9ld51/DASHPlaylist.mpd
08-05 20:56:50.048 32542  3529 D OK      : calling: https://v.redd.it/xd6c4yyutgd51/DASHPlaylist.mpd
08-05 20:56:50.051 32542  3530 D OK      : calling: https://v.redd.it/ue0jdgk9zhd51/DASHPlaylist.mpd
08-05 20:56:50.061 32542  3494 I NAPPA_EXPERIMENTATION: MetricNetworkRequestExecutionTime: REQUEST_DURATION_SYSTEM='206',REQUEST_DURATION_OKHTTP='204',REQUEST_SYNCHRONOUS='TRUE',RESPONSE_CODE='200',RESPONSE_METHOD='GET',RESPONSE_LENGTH_OKHTTP='5435',RESPONSE_LENGTH_HEADER='5435',REQUEST_PROTOCOL='h2',REQUEST_URL='https://b.thumbs.redditmedia.com/WehZGjN94ALGdO0M7RjPJ2EwcyyWVZ_NUn1Fuf7IYWY.jpg',
08-05 20:56:50.061 32542  3494 D OK      : request got status: 200
08-05 20:56:50.082 32542  3495 I NAPPA_EXPERIMENTATION: MetricNetworkRequestExecutionTime: REQUEST_DURATION_SYSTEM='214',REQUEST_DURATION_OKHTTP='214',REQUEST_SYNCHRONOUS='TRUE',RESPONSE_CODE='200',RESPONSE_METHOD='GET',RESPONSE_LENGTH_OKHTTP='5191',RESPONSE_LENGTH_HEADER='5191',REQUEST_PROTOCOL='h2',REQUEST_URL='https://b.thumbs.redditmedia.com/Xdo4lcQOwuUNK1yxSlXZ0OI8u23ORAr16_AzfAZ1nvU.jpg',
08-05 20:56:50.082 32542  3495 D OK      : request got status: 200
08-05 20:56:50.211 32542  3497 I NAPPA_EXPERIMENTATION: MetricNetworkRequestExecutionTime: REQUEST_DURATION_SYSTEM='311',REQUEST_DURATION_OKHTTP='310',REQUEST_SYNCHRONOUS='TRUE',RESPONSE_CODE='200',RESPONSE_METHOD='GET',RESPONSE_LENGTH_OKHTTP='5098',RESPONSE_LENGTH_HEADER='5098',REQUEST_PROTOCOL='h2',REQUEST_URL='https://b.thumbs.redditmedia.com/2KMYZ5hTlKXSvNO4hDUPyMba8Yz6skyu1SjUhLq1d9s.jpg',
08-05 20:56:50.211 32542  3497 D OK      : request got status: 200
08-05 20:56:50.254 32542  3503 I NAPPA_EXPERIMENTATION: MetricNetworkRequestExecutionTime: REQUEST_DURATION_SYSTEM='324',REQUEST_DURATION_OKHTTP='323',REQUEST_SYNCHRONOUS='TRUE',RESPONSE_CODE='200',RESPONSE_METHOD='GET',RESPONSE_LENGTH_OKHTTP='5378',RESPONSE_LENGTH_HEADER='5378',REQUEST_PROTOCOL='h2',REQUEST_URL='https://b.thumbs.redditmedia.com/C9qrVibnNxmzfLDKvEHp2v2Bo-Kqme7PoKC52s2o52M.jpg',
08-05 20:56:50.254 32542  3503 D OK      : request got status: 200
08-05 20:56:50.256 32542  3499 I NAPPA_EXPERIMENTATION: MetricNetworkRequestExecutionTime: REQUEST_DURATION_SYSTEM='337',REQUEST_DURATION_OKHTTP='336',REQUEST_SYNCHRONOUS='TRUE',RESPONSE_CODE='200',RESPONSE_METHOD='GET',RESPONSE_LENGTH_OKHTTP='4475',RESPONSE_LENGTH_HEADER='4475',REQUEST_PROTOCOL='h2',REQUEST_URL='https://b.thumbs.redditmedia.com/qi4bNDKzoPvaSaSx99K2bAjwaRHh1nuOrcbySp1JHdk.jpg',
08-05 20:56:50.256 32542  3499 D OK      : request got status: 200
08-05 20:56:50.274 32542  3502 I NAPPA_EXPERIMENTATION: MetricNetworkRequestExecutionTime: REQUEST_DURATION_SYSTEM='341',REQUEST_DURATION_OKHTTP='339',REQUEST_SYNCHRONOUS='TRUE',RESPONSE_CODE='200',RESPONSE_METHOD='GET',RESPONSE_LENGTH_OKHTTP='5968',RESPONSE_LENGTH_HEADER='5968',REQUEST_PROTOCOL='h2',REQUEST_URL='https://b.thumbs.redditmedia.com/SiCWTmKkQcbiAa7naxAHnw0adTeRkq1dB8QSqzGU7-Q.jpg',
08-05 20:56:50.274 32542  3502 D OK      : request got status: 200
08-05 20:56:50.311 32542  3500 I NAPPA_EXPERIMENTATION: MetricNetworkRequestExecutionTime: REQUEST_DURATION_SYSTEM='388',REQUEST_DURATION_OKHTTP='385',REQUEST_SYNCHRONOUS='TRUE',RESPONSE_CODE='200',RESPONSE_METHOD='GET',RESPONSE_LENGTH_OKHTTP='5414',RESPONSE_LENGTH_HEADER='5414',REQUEST_PROTOCOL='h2',REQUEST_URL='https://b.thumbs.redditmedia.com/Ja8yiRMklM2lXd8q60LtBI6CqdmJ5YbWHRiBVFmICJA.jpg',
08-05 20:56:50.311 32542  3500 D OK      : request got status: 200
08-05 20:56:50.334 32542 32555 I art     : Starting a blocking GC Explicit
08-05 20:56:50.335 32542  3501 I NAPPA_EXPERIMENTATION: MetricNetworkRequestExecutionTime: REQUEST_DURATION_SYSTEM='410',REQUEST_DURATION_OKHTTP='409',REQUEST_SYNCHRONOUS='TRUE',RESPONSE_CODE='200',RESPONSE_METHOD='GET',RESPONSE_LENGTH_OKHTTP='4921',RESPONSE_LENGTH_HEADER='4921',REQUEST_PROTOCOL='h2',REQUEST_URL='https://b.thumbs.redditmedia.com/o5lSsJ_tCgCQxcdjMGaYxuveNluXB1PQT4PokXDhpvc.jpg',
08-05 20:56:50.335 32542  3501 D OK      : request got status: 200
08-05 20:56:50.338 32542  3507 I NAPPA_EXPERIMENTATION: MetricNetworkRequestExecutionTime: REQUEST_DURATION_SYSTEM='390',REQUEST_DURATION_OKHTTP='389',REQUEST_SYNCHRONOUS='TRUE',RESPONSE_CODE='200',RESPONSE_METHOD='GET',RESPONSE_LENGTH_OKHTTP='4080',RESPONSE_LENGTH_HEADER='4080',REQUEST_PROTOCOL='h2',REQUEST_URL='https://b.thumbs.redditmedia.com/XkIhgqugP-9Zcb5I9A8o0r-zQJDh_6kastc0oWiiHkI.jpg',
08-05 20:56:50.338 32542  3507 D OK      : request got status: 200
08-05 20:56:50.380 32542  3510 I NAPPA_EXPERIMENTATION: MetricNetworkRequestExecutionTime: REQUEST_DURATION_SYSTEM='421',REQUEST_DURATION_OKHTTP='420',REQUEST_SYNCHRONOUS='TRUE',RESPONSE_CODE='200',RESPONSE_METHOD='GET',RESPONSE_LENGTH_OKHTTP='6654',RESPONSE_LENGTH_HEADER='6654',REQUEST_PROTOCOL='h2',REQUEST_URL='https://b.thumbs.redditmedia.com/orK4W8Xc99pTzIT6q1waTsppldq24p1qMsHtkNnmu9w.jpg',
08-05 20:56:50.380 32542  3510 D OK      : request got status: 200
08-05 20:56:50.416 32542 32555 I art     : Explicit concurrent mark sweep GC freed 37445(1927KB) AllocSpace objects, 26(1868KB) LOS objects, 30% free, 36MB/52MB, paused 3.449ms total 81.694ms
08-05 20:56:50.423 32542  3508 I NAPPA_EXPERIMENTATION: MetricNetworkRequestExecutionTime: REQUEST_DURATION_SYSTEM='461',REQUEST_DURATION_OKHTTP='460',REQUEST_SYNCHRONOUS='TRUE',RESPONSE_CODE='200',RESPONSE_METHOD='GET',RESPONSE_LENGTH_OKHTTP='3183',RESPONSE_LENGTH_HEADER='3183',REQUEST_PROTOCOL='h2',REQUEST_URL='https://b.thumbs.redditmedia.com/3QPAtixkID9ojpqCAgfspJpruqoq45fM1G-Fx1K2F2A.jpg',
08-05 20:56:50.424 32542  3508 D OK      : request got status: 200
08-05 20:56:50.442 32542 32555 I art     : Starting a blocking GC Explicit
08-05 20:56:50.483 32542  3513 I NAPPA_EXPERIMENTATION: MetricNetworkRequestExecutionTime: REQUEST_DURATION_SYSTEM='507',REQUEST_DURATION_OKHTTP='506',REQUEST_SYNCHRONOUS='TRUE',RESPONSE_CODE='200',RESPONSE_METHOD='GET',RESPONSE_LENGTH_OKHTTP='3864',RESPONSE_LENGTH_HEADER='3864',REQUEST_PROTOCOL='h2',REQUEST_URL='https://b.thumbs.redditmedia.com/B1vXKY_-gTPbs625-RJ1MLIXxzCqfmnCB_0xnGjCECQ.jpg',
08-05 20:56:50.483 32542  3513 D OK      : request got status: 200
08-05 20:56:50.487 32542  3516 I NAPPA_EXPERIMENTATION: MetricNetworkRequestExecutionTime: REQUEST_DURATION_SYSTEM='488',REQUEST_DURATION_OKHTTP='487',REQUEST_SYNCHRONOUS='TRUE',RESPONSE_CODE='200',RESPONSE_METHOD='GET',RESPONSE_LENGTH_OKHTTP='5125',RESPONSE_LENGTH_HEADER='5125',REQUEST_PROTOCOL='h2',REQUEST_URL='https://b.thumbs.redditmedia.com/OF1KI_LdSDMMWCy-WgJyRhIcM5fr7kDyu_OnpfRXHfI.jpg',
08-05 20:56:50.487 32542  3516 D OK      : request got status: 200
08-05 20:56:50.500 32542  3518 I NAPPA_EXPERIMENTATION: MetricNetworkRequestExecutionTime: REQUEST_DURATION_SYSTEM='497',REQUEST_DURATION_OKHTTP='496',REQUEST_SYNCHRONOUS='TRUE',RESPONSE_CODE='200',RESPONSE_METHOD='GET',RESPONSE_LENGTH_OKHTTP='5329',RESPONSE_LENGTH_HEADER='5329',REQUEST_PROTOCOL='h2',REQUEST_URL='https://b.thumbs.redditmedia.com/PtV7mFsO2n0j4YJweZjEqyVJ45hap4hXix9dwj6D0Wg.jpg',
08-05 20:56:50.500 32542  3518 D OK      : request got status: 200
08-05 20:56:50.515 32542 32555 I art     : Explicit concurrent mark sweep GC freed 2426(252KB) AllocSpace objects, 10(676KB) LOS objects, 29% free, 37MB/53MB, paused 3.154ms total 72.726ms
08-05 20:56:50.541 32542 32555 I art     : Starting a blocking GC Explicit
08-05 20:56:50.548 32542  3517 I NAPPA_EXPERIMENTATION: MetricNetworkRequestExecutionTime: REQUEST_DURATION_SYSTEM='545',REQUEST_DURATION_OKHTTP='544',REQUEST_SYNCHRONOUS='TRUE',RESPONSE_CODE='200',RESPONSE_METHOD='GET',RESPONSE_LENGTH_OKHTTP='6723',RESPONSE_LENGTH_HEADER='6723',REQUEST_PROTOCOL='h2',REQUEST_URL='https://b.thumbs.redditmedia.com/vuAhA4gGAmYfrTFA4woxZcKgmiDzJ3nAsql2pxcYGFs.jpg',
08-05 20:56:50.548 32542  3517 D OK      : request got status: 200
08-05 20:56:50.611 32542 32555 I art     : Explicit concurrent mark sweep GC freed 2812(239KB) AllocSpace objects, 16(1392KB) LOS objects, 29% free, 37MB/53MB, paused 2.852ms total 70.143ms
08-05 20:56:50.638 32542 32555 I art     : Starting a blocking GC Explicit
08-05 20:56:50.647   918  1210 D NetlinkSocketObserver: NeighborEvent{elapsedMs=1807614522, 192.168.2.254, [7C3953A63323], RTM_NEWNEIGH, NUD_PROBE}
08-05 20:56:50.714 32542 32555 I art     : Explicit concurrent mark sweep GC freed 357(15KB) AllocSpace objects, 3(216KB) LOS objects, 29% free, 37MB/53MB, paused 2.731ms total 75.550ms
08-05 20:56:50.741 32542 32555 I art     : Starting a blocking GC Explicit
08-05 20:56:50.805 32542  3496 I NAPPA_EXPERIMENTATION: MetricNetworkRequestExecutionTime: REQUEST_DURATION_SYSTEM='934',REQUEST_DURATION_OKHTTP='538',REQUEST_SYNCHRONOUS='TRUE',RESPONSE_CODE='200',RESPONSE_METHOD='GET',RESPONSE_LENGTH_OKHTTP='2696',RESPONSE_LENGTH_HEADER='2696',REQUEST_PROTOCOL='h2',REQUEST_URL='https://v.redd.it/syww111dtjd51/DASHPlaylist.mpd',
08-05 20:56:50.805 32542  3496 D OK      : request got status: 200
08-05 20:56:50.826 32542 32555 I art     : Explicit concurrent mark sweep GC freed 1214(58KB) AllocSpace objects, 0(0B) LOS objects, 29% free, 37MB/53MB, paused 3.618ms total 84.452ms
08-05 20:56:50.891 32542  3496 I RedditVideosAPI: For 'https://v.redd.it/syww111dtjd51/DASHPlaylist.mpd', got video stream 'https://v.redd.it/syww111dtjd51/DASH_480' and audio stream 'https://v.redd.it/syww111dtjd51/audio'
08-05 20:56:51.040 32542  3504 I NAPPA_EXPERIMENTATION: MetricNetworkRequestExecutionTime: REQUEST_DURATION_SYSTEM='1108',REQUEST_DURATION_OKHTTP='479',REQUEST_SYNCHRONOUS='TRUE',RESPONSE_CODE='200',RESPONSE_METHOD='GET',RESPONSE_LENGTH_OKHTTP='7540',RESPONSE_LENGTH_HEADER='7540',REQUEST_PROTOCOL='h2',REQUEST_URL='https://a.thumbs.redditmedia.com/Tfsm0ol-ltlxNSBAkZ_4G4302d0hYeOSODkvXidBBR8.jpg',
08-05 20:56:51.041 32542  3504 D OK      : request got status: 200
08-05 20:56:51.107 32542  3520 I NAPPA_EXPERIMENTATION: MetricNetworkRequestExecutionTime: REQUEST_DURATION_SYSTEM='1080',REQUEST_DURATION_OKHTTP='1079',REQUEST_SYNCHRONOUS='TRUE',RESPONSE_CODE='200',RESPONSE_METHOD='GET',RESPONSE_LENGTH_OKHTTP='7815',RESPONSE_LENGTH_HEADER='7815',REQUEST_PROTOCOL='h2',REQUEST_URL='https://b.thumbs.redditmedia.com/Wo7bFIVNZYYuNioRYwZFYxrl6QMk0lT-3W01wrXgHmE.jpg',
08-05 20:56:51.107 32542  3520 D OK      : request got status: 200
08-05 20:56:51.132 32542  3506 I NAPPA_EXPERIMENTATION: MetricNetworkRequestExecutionTime: REQUEST_DURATION_SYSTEM='1192',REQUEST_DURATION_OKHTTP='292',REQUEST_SYNCHRONOUS='TRUE',RESPONSE_CODE='200',RESPONSE_METHOD='GET',RESPONSE_LENGTH_OKHTTP='5641',RESPONSE_LENGTH_HEADER='5641',REQUEST_PROTOCOL='h2',REQUEST_URL='https://a.thumbs.redditmedia.com/P4gSGpXpi2wDXthNZ-LiwEs5Jvplm6dQ7W7Isqa7un4.jpg',
08-05 20:56:51.132 32542  3506 D OK      : request got status: 200
08-05 20:56:51.158 32542  3523 I NAPPA_EXPERIMENTATION: MetricNetworkRequestExecutionTime: REQUEST_DURATION_SYSTEM='1124',REQUEST_DURATION_OKHTTP='1123',REQUEST_SYNCHRONOUS='TRUE',RESPONSE_CODE='200',RESPONSE_METHOD='GET',RESPONSE_LENGTH_OKHTTP='5579',RESPONSE_LENGTH_HEADER='5579',REQUEST_PROTOCOL='h2',REQUEST_URL='https://b.thumbs.redditmedia.com/u2qz17QE3X5G7kkJrgK3HPCdxNQxNkhaWqfIhCuRMvE.jpg',
08-05 20:56:51.158 32542  3523 D OK      : request got status: 200
08-05 20:56:51.175 32542  3498 I NAPPA_EXPERIMENTATION: MetricNetworkRequestExecutionTime: REQUEST_DURATION_SYSTEM='1277',REQUEST_DURATION_OKHTTP='310',REQUEST_SYNCHRONOUS='TRUE',RESPONSE_CODE='200',RESPONSE_METHOD='GET',RESPONSE_LENGTH_OKHTTP='5307',RESPONSE_LENGTH_HEADER='5307',REQUEST_PROTOCOL='h2',REQUEST_URL='https://a.thumbs.redditmedia.com/EFVm-ZqqhARyEaKgtwU74c7tfzEDJvI0uiHXGglFag4.jpg',
08-05 20:56:51.176 32542  3498 D OK      : request got status: 200
08-05 20:56:51.202 32542  3521 I NAPPA_EXPERIMENTATION: MetricNetworkRequestExecutionTime: REQUEST_DURATION_SYSTEM='1173',REQUEST_DURATION_OKHTTP='1172',REQUEST_SYNCHRONOUS='TRUE',RESPONSE_CODE='200',RESPONSE_METHOD='GET',RESPONSE_LENGTH_OKHTTP='5648',RESPONSE_LENGTH_HEADER='5648',REQUEST_PROTOCOL='h2',REQUEST_URL='https://b.thumbs.redditmedia.com/NoqMycYTzsyhI0Lq351riEI1mO9p8PvY1QwcZ9Irb9g.jpg',
08-05 20:56:51.202 32542  3521 D OK      : request got status: 200
08-05 20:56:51.215 32542 32553 I art     : Starting a blocking GC Explicit
08-05 20:56:51.220 32542  3514 I NAPPA_EXPERIMENTATION: MetricNetworkRequestExecutionTime: REQUEST_DURATION_SYSTEM='1239',REQUEST_DURATION_OKHTTP='321',REQUEST_SYNCHRONOUS='TRUE',RESPONSE_CODE='200',RESPONSE_METHOD='GET',RESPONSE_LENGTH_OKHTTP='2700',RESPONSE_LENGTH_HEADER='2700',REQUEST_PROTOCOL='h2',REQUEST_URL='https://v.redd.it/75en73fm5id51/DASHPlaylist.mpd',
08-05 20:56:51.220 32542  3514 D OK      : request got status: 200
08-05 20:56:51.223 32542  3505 I NAPPA_EXPERIMENTATION: MetricNetworkRequestExecutionTime: REQUEST_DURATION_SYSTEM='1286',REQUEST_DURATION_OKHTTP='328',REQUEST_SYNCHRONOUS='TRUE',RESPONSE_CODE='200',RESPONSE_METHOD='GET',RESPONSE_LENGTH_OKHTTP='3635',RESPONSE_LENGTH_HEADER='3635',REQUEST_PROTOCOL='h2',REQUEST_URL='https://a.thumbs.redditmedia.com/Kzag-wH9wKRRg2MnPwgoFgXT_2jN_nkJ1lY1aNRQyT4.jpg',
08-05 20:56:51.223 32542  3505 D OK      : request got status: 200
08-05 20:56:51.228 32542  3519 I NAPPA_EXPERIMENTATION: MetricNetworkRequestExecutionTime: REQUEST_DURATION_SYSTEM='1212',REQUEST_DURATION_OKHTTP='1211',REQUEST_SYNCHRONOUS='TRUE',RESPONSE_CODE='200',RESPONSE_METHOD='GET',RESPONSE_LENGTH_OKHTTP='6316',RESPONSE_LENGTH_HEADER='6316',REQUEST_PROTOCOL='h2',REQUEST_URL='https://b.thumbs.redditmedia.com/wxTBcOhAgsmbc-TRaGNHpYJYnEOBr2LNsaZ6pCM91Lc.jpg',
08-05 20:56:51.228 32542  3519 D OK      : request got status: 200
08-05 20:56:51.270 32542  3522 I NAPPA_EXPERIMENTATION: MetricNetworkRequestExecutionTime: REQUEST_DURATION_SYSTEM='1239',REQUEST_DURATION_OKHTTP='1238',REQUEST_SYNCHRONOUS='TRUE',RESPONSE_CODE='200',RESPONSE_METHOD='GET',RESPONSE_LENGTH_OKHTTP='5198',RESPONSE_LENGTH_HEADER='5198',REQUEST_PROTOCOL='h2',REQUEST_URL='https://b.thumbs.redditmedia.com/KrRufqpifph7KM2Le5RdqEYQb24zbB4fizBJpFaH1Pc.jpg',
08-05 20:56:51.271 32542  3522 D OK      : request got status: 200
08-05 20:56:51.277 32542  3524 I NAPPA_EXPERIMENTATION: MetricNetworkRequestExecutionTime: REQUEST_DURATION_SYSTEM='1241',REQUEST_DURATION_OKHTTP='370',REQUEST_SYNCHRONOUS='TRUE',RESPONSE_CODE='200',RESPONSE_METHOD='GET',RESPONSE_LENGTH_OKHTTP='-1',RESPONSE_LENGTH_HEADER='377',REQUEST_PROTOCOL='h2',REQUEST_URL='https://api.imgur.com/3/image/nLQR2hT',
08-05 20:56:51.277 32542  3524 D OK      : request got status: 200
08-05 20:56:51.282 32542  3515 I NAPPA_EXPERIMENTATION: MetricNetworkRequestExecutionTime: REQUEST_DURATION_SYSTEM='1288',REQUEST_DURATION_OKHTTP='363',REQUEST_SYNCHRONOUS='TRUE',RESPONSE_CODE='200',RESPONSE_METHOD='GET',RESPONSE_LENGTH_OKHTTP='4470',RESPONSE_LENGTH_HEADER='4470',REQUEST_PROTOCOL='h2',REQUEST_URL='https://a.thumbs.redditmedia.com/ffAKmOqnTuDMNR9MRfCdRtkq_CzN3MVhZxS64ZPYRh4.jpg',
08-05 20:56:51.282 32542  3515 D OK      : request got status: 200
08-05 20:56:51.288 32542 32553 I art     : Explicit concurrent mark sweep GC freed 33894(2026KB) AllocSpace objects, 42(2MB) LOS objects, 29% free, 39MB/55MB, paused 2.240ms total 72.264ms
08-05 20:56:51.289 32542  3509 I NAPPA_EXPERIMENTATION: MetricNetworkRequestExecutionTime: REQUEST_DURATION_SYSTEM='1321',REQUEST_DURATION_OKHTTP='373',REQUEST_SYNCHRONOUS='TRUE',RESPONSE_CODE='200',RESPONSE_METHOD='GET',RESPONSE_LENGTH_OKHTTP='2071',RESPONSE_LENGTH_HEADER='2071',REQUEST_PROTOCOL='h2',REQUEST_URL='https://v.redd.it/pbqrrfb3tkd51/DASHPlaylist.mpd',
08-05 20:56:51.289 32542  3509 D OK      : request got status: 200
08-05 20:56:51.313 32542 32553 I art     : Starting a blocking GC Explicit
08-05 20:56:51.321 32542  3511 I NAPPA_EXPERIMENTATION: MetricNetworkRequestExecutionTime: REQUEST_DURATION_SYSTEM='1352',REQUEST_DURATION_OKHTTP='398',REQUEST_SYNCHRONOUS='TRUE',RESPONSE_CODE='200',RESPONSE_METHOD='GET',RESPONSE_LENGTH_OKHTTP='3060',RESPONSE_LENGTH_HEADER='3060',REQUEST_PROTOCOL='h2',REQUEST_URL='https://v.redd.it/rrygsb8i4ld51/DASHPlaylist.mpd',
08-05 20:56:51.321 32542  3511 D OK      : request got status: 200
08-05 20:56:51.353 32542  3512 I NAPPA_EXPERIMENTATION: MetricNetworkRequestExecutionTime: REQUEST_DURATION_SYSTEM='1381',REQUEST_DURATION_OKHTTP='419',REQUEST_SYNCHRONOUS='TRUE',RESPONSE_CODE='200',RESPONSE_METHOD='GET',RESPONSE_LENGTH_OKHTTP='2789',RESPONSE_LENGTH_HEADER='2789',REQUEST_PROTOCOL='h2',REQUEST_URL='https://v.redd.it/5x6zzipz8ld51/DASHPlaylist.mpd',
08-05 20:56:51.353 32542  3512 D OK      : request got status: 200
08-05 20:56:51.365 32542  3527 I NAPPA_EXPERIMENTATION: MetricNetworkRequestExecutionTime: REQUEST_DURATION_SYSTEM='1321',REQUEST_DURATION_OKHTTP='439',REQUEST_SYNCHRONOUS='TRUE',RESPONSE_CODE='200',RESPONSE_METHOD='GET',RESPONSE_LENGTH_OKHTTP='2071',RESPONSE_LENGTH_HEADER='2071',REQUEST_PROTOCOL='h2',REQUEST_URL='https://v.redd.it/jk6cwef4wld51/DASHPlaylist.mpd',
08-05 20:56:51.365 32542  3527 D OK      : request got status: 200
08-05 20:56:51.386 32542  3526 I NAPPA_EXPERIMENTATION: MetricNetworkRequestExecutionTime: REQUEST_DURATION_SYSTEM='1345',REQUEST_DURATION_OKHTTP='446',REQUEST_SYNCHRONOUS='TRUE',RESPONSE_CODE='200',RESPONSE_METHOD='GET',RESPONSE_LENGTH_OKHTTP='2427',RESPONSE_LENGTH_HEADER='2427',REQUEST_PROTOCOL='h2',REQUEST_URL='https://v.redd.it/psrknoobrgd51/DASHPlaylist.mpd',
08-05 20:56:51.386 32542  3526 D OK      : request got status: 200
08-05 20:56:51.387 32542 32553 I art     : Explicit concurrent mark sweep GC freed 3936(309KB) AllocSpace objects, 21(1264KB) LOS objects, 28% free, 40MB/56MB, paused 1.677ms total 73.391ms
08-05 20:56:51.399   518   646 I ThermalEngine: ACTION: GPU - Setting GPU[0] to 450000000
08-05 20:56:51.400 32542  3528 I NAPPA_EXPERIMENTATION: MetricNetworkRequestExecutionTime: REQUEST_DURATION_SYSTEM='1354',REQUEST_DURATION_OKHTTP='451',REQUEST_SYNCHRONOUS='TRUE',RESPONSE_CODE='200',RESPONSE_METHOD='GET',RESPONSE_LENGTH_OKHTTP='3058',RESPONSE_LENGTH_HEADER='3058',REQUEST_PROTOCOL='h2',REQUEST_URL='https://v.redd.it/t81s8zfz9ld51/DASHPlaylist.mpd',
08-05 20:56:51.400 32542  3528 D OK      : request got status: 200
08-05 20:56:51.402 13866 13882 I PeriodicStatsRunner: PeriodicStatsRunner.call():175 call()
08-05 20:56:51.402 13866 13882 I PeriodicStatsRunner: PeriodicStatsRunner.call():179 No submit PeriodicStats since input started.
08-05 20:56:51.411 32542 32553 I art     : Starting a blocking GC Explicit
08-05 20:56:51.415 32542  3529 I NAPPA_EXPERIMENTATION: MetricNetworkRequestExecutionTime: REQUEST_DURATION_SYSTEM='1367',REQUEST_DURATION_OKHTTP='468',REQUEST_SYNCHRONOUS='TRUE',RESPONSE_CODE='200',RESPONSE_METHOD='GET',RESPONSE_LENGTH_OKHTTP='2071',RESPONSE_LENGTH_HEADER='2071',REQUEST_PROTOCOL='h2',REQUEST_URL='https://v.redd.it/xd6c4yyutgd51/DASHPlaylist.mpd',
08-05 20:56:51.415 32542  3529 D OK      : request got status: 200
08-05 20:56:51.417 32542  3525 I NAPPA_EXPERIMENTATION: MetricNetworkRequestExecutionTime: REQUEST_DURATION_SYSTEM='1378',REQUEST_DURATION_OKHTTP='463',REQUEST_SYNCHRONOUS='TRUE',RESPONSE_CODE='200',RESPONSE_METHOD='GET',RESPONSE_LENGTH_OKHTTP='1713',RESPONSE_LENGTH_HEADER='1713',REQUEST_PROTOCOL='h2',REQUEST_URL='https://v.redd.it/ggz4fyth6hd51/DASHPlaylist.mpd',
08-05 20:56:51.417 32542  3525 D OK      : request got status: 200
08-05 20:56:51.421 32542  3530 I NAPPA_EXPERIMENTATION: MetricNetworkRequestExecutionTime: REQUEST_DURATION_SYSTEM='1370',REQUEST_DURATION_OKHTTP='264',REQUEST_SYNCHRONOUS='TRUE',RESPONSE_CODE='200',RESPONSE_METHOD='GET',RESPONSE_LENGTH_OKHTTP='2344',RESPONSE_LENGTH_HEADER='2344',REQUEST_PROTOCOL='h2',REQUEST_URL='https://v.redd.it/ue0jdgk9zhd51/DASHPlaylist.mpd',
08-05 20:56:51.421 32542  3530 D OK      : request got status: 200
08-05 20:56:51.428 32542  3514 I RedditVideosAPI: For 'https://v.redd.it/75en73fm5id51/DASHPlaylist.mpd', got video stream 'https://v.redd.it/75en73fm5id51/DASH_480' and audio stream 'https://v.redd.it/75en73fm5id51/audio'
08-05 20:56:51.460 32542 32553 I art     : Explicit concurrent mark sweep GC freed 1730(245KB) AllocSpace objects, 18(1020KB) LOS objects, 28% free, 40MB/56MB, paused 871us total 48.004ms
08-05 20:56:51.479 32542 32553 I art     : Starting a blocking GC Explicit
08-05 20:56:51.504 32542  3509 I RedditVideosAPI: For 'https://v.redd.it/pbqrrfb3tkd51/DASHPlaylist.mpd', got video stream 'https://v.redd.it/pbqrrfb3tkd51/DASH_480' and audio stream 'null'
08-05 20:56:51.528 32542 32553 I art     : Explicit concurrent mark sweep GC freed 1227(191KB) AllocSpace objects, 17(868KB) LOS objects, 28% free, 40MB/56MB, paused 683us total 48.139ms
08-05 20:56:51.546 32542 32553 I art     : Starting a blocking GC Explicit
08-05 20:56:51.562 32542  3511 I RedditVideosAPI: For 'https://v.redd.it/rrygsb8i4ld51/DASHPlaylist.mpd', got video stream 'https://v.redd.it/rrygsb8i4ld51/DASH_480' and audio stream 'https://v.redd.it/rrygsb8i4ld51/audio'
08-05 20:56:51.568 32542  3512 I RedditVideosAPI: For 'https://v.redd.it/5x6zzipz8ld51/DASHPlaylist.mpd', got video stream 'https://v.redd.it/5x6zzipz8ld51/DASH_480' and audio stream 'null'
08-05 20:56:51.575 32542  3527 I RedditVideosAPI: For 'https://v.redd.it/jk6cwef4wld51/DASHPlaylist.mpd', got video stream 'https://v.redd.it/jk6cwef4wld51/DASH_480' and audio stream 'null'
08-05 20:56:51.582 32542  3526 I RedditVideosAPI: For 'https://v.redd.it/psrknoobrgd51/DASHPlaylist.mpd', got video stream 'https://v.redd.it/psrknoobrgd51/DASH_480' and audio stream 'null'
08-05 20:56:51.588 32542  3529 I RedditVideosAPI: For 'https://v.redd.it/xd6c4yyutgd51/DASHPlaylist.mpd', got video stream 'https://v.redd.it/xd6c4yyutgd51/DASH_480' and audio stream 'null'
08-05 20:56:51.594 32542 32553 I art     : Explicit concurrent mark sweep GC freed 1461(323KB) AllocSpace objects, 8(544KB) LOS objects, 28% free, 40MB/56MB, paused 650us total 47.965ms
08-05 20:56:51.595 32542  3528 I RedditVideosAPI: For 'https://v.redd.it/t81s8zfz9ld51/DASHPlaylist.mpd', got video stream 'https://v.redd.it/t81s8zfz9ld51/DASH_480' and audio stream 'https://v.redd.it/t81s8zfz9ld51/audio'
08-05 20:56:51.601 32542  3525 I RedditVideosAPI: For 'https://v.redd.it/ggz4fyth6hd51/DASHPlaylist.mpd', got video stream 'https://v.redd.it/ggz4fyth6hd51/DASH_360' and audio stream 'null'
08-05 20:56:51.608 32542  3530 I RedditVideosAPI: For 'https://v.redd.it/ue0jdgk9zhd51/DASHPlaylist.mpd', got video stream 'https://v.redd.it/ue0jdgk9zhd51/DASH_360' and audio stream 'https://v.redd.it/ue0jdgk9zhd51/audio'
08-05 20:56:51.953 32542 32563 I art     : Starting a blocking GC Explicit
08-05 20:56:52.018 32542 32563 I art     : Explicit concurrent mark sweep GC freed 3255(312KB) AllocSpace objects, 13(836KB) LOS objects, 28% free, 39MB/55MB, paused 602us total 63.760ms
08-05 20:56:52.033  3571  3571 D AndroidRuntime: >>>>>> START com.android.internal.os.RuntimeInit uid 2000 <<<<<<
08-05 20:56:52.038 32542 32563 I art     : Starting a blocking GC Explicit
08-05 20:56:52.039  3571  3571 D AndroidRuntime: CheckJNI is OFF
08-05 20:56:52.083  3571  3571 D ICU     : No timezone override file found: /data/misc/zoneinfo/current/icu/icu_tzdata.dat
08-05 20:56:52.087 32542 32563 I art     : Explicit concurrent mark sweep GC freed 134(4KB) AllocSpace objects, 0(0B) LOS objects, 28% free, 39MB/55MB, paused 667us total 49.406ms
08-05 20:56:52.107 32542 32563 I art     : Starting a blocking GC Explicit
08-05 20:56:52.127  3571  3571 I Radio-JNI: register_android_hardware_Radio DONE
08-05 20:56:52.155  3571  3571 D AndroidRuntime: Calling main entry com.android.commands.input.Input
08-05 20:56:52.157 32542 32563 I art     : Explicit concurrent mark sweep GC freed 3(96B) AllocSpace objects, 0(0B) LOS objects, 28% free, 39MB/55MB, paused 537us total 49.198ms
08-05 20:56:52.159  3571  3571 I Input   : injectMotionEvent: MotionEvent { action=ACTION_DOWN, actionButton=0, id[0]=0, x[0]=1340.0, y[0]=1100.0, toolType[0]=TOOL_TYPE_UNKNOWN, buttonState=0, metaState=0, flags=0x0, edgeFlags=0x0, pointerCount=1, historySize=0, eventTime=824228571, downTime=824228571, deviceId=0, source=0x1002 }
08-05 20:56:52.166  3571  3571 I Input   : injectMotionEvent: MotionEvent { action=ACTION_UP, actionButton=0, id[0]=0, x[0]=1340.0, y[0]=1100.0, toolType[0]=TOOL_TYPE_UNKNOWN, buttonState=0, metaState=0, flags=0x0, edgeFlags=0x0, pointerCount=1, historySize=0, eventTime=824228571, downTime=824228571, deviceId=0, source=0x1002 }
08-05 20:56:52.170  3571  3571 D AndroidRuntime: Shutting down VM
08-05 20:56:52.176 32542 32563 I art     : Starting a blocking GC Explicit
08-05 20:56:52.187   512  2967 D audio_hw_primary: out_set_parameters: enter: usecase(1: low-latency-playback) kvpairs: routing=2
08-05 20:56:52.188   918  4413 I ActivityManager: START u0 {dat=https://oauth.reddit.com/... cmp=baseline.org.quantumbadger.redreader/.activities.CommentListingActivity} from uid 10689 on display 0
08-05 20:56:52.200   512  2967 D audio_hw_primary: select_devices: out_snd_device(2: speaker) in_snd_device(0: none)
08-05 20:56:52.200   512  2967 D msm8974_platform: platform_send_audio_calibration: sending audio calibration for snd_device(2) acdb_id(15)
08-05 20:56:52.200   512  2967 I soundtrigger: audio_extn_sound_trigger_update_device_status: device 0x2 of type 0 for Event 1
08-05 20:56:52.210   512  2967 D audio_hw_primary: enable_snd_device: snd_device(2: speaker)
08-05 20:56:52.212   512  2967 D audio_hw_primary: enable_audio_route: apply and update mixer path: low-latency-playback speaker
08-05 20:56:52.213 32542 32542 I AppCompatViewInflater: app:theme is now deprecated. Please move to using android:theme instead.
08-05 20:56:52.225 32542 32563 I art     : Explicit concurrent mark sweep GC freed 1099(47KB) AllocSpace objects, 0(0B) LOS objects, 28% free, 39MB/55MB, paused 873us total 48.677ms
08-05 20:56:52.240 32542  3597 D OK      : calling: https://oauth.reddit.com/comments/hzejrd/.json?sort=confidence
08-05 20:56:52.244 32542 32563 I art     : Starting a blocking GC Explicit
08-05 20:56:52.288 32542 32563 I art     : Explicit concurrent mark sweep GC freed 7764(864KB) AllocSpace objects, 17(2MB) LOS objects, 30% free, 37MB/53MB, paused 550us total 43.878ms
08-05 20:56:52.323 13866 13866 I GoogleInputMethodServic: GoogleInputMethodService.onFinishInput():3138 
08-05 20:56:52.323   918   936 I ActivityManager: Displayed baseline.org.quantumbadger.redreader/.activities.CommentListingActivity: +127ms
08-05 20:56:52.323 13866 13866 I GoogleInputMethodServic: GoogleInputMethodService.onStartInput():1808 
08-05 20:56:52.557 32542  3597 I NAPPA_EXPERIMENTATION: MetricNetworkRequestExecutionTime: REQUEST_DURATION_SYSTEM='317',REQUEST_DURATION_OKHTTP='155',REQUEST_SYNCHRONOUS='TRUE',RESPONSE_CODE='200',RESPONSE_METHOD='GET',RESPONSE_LENGTH_OKHTTP='-1',RESPONSE_LENGTH_HEADER='45890',REQUEST_PROTOCOL='h2',REQUEST_URL='https://oauth.reddit.com/comments/hzejrd/.json?sort=confidence',
08-05 20:56:52.557 32542  3597 D OK      : request got status: 200
08-05 20:56:52.565   380   380 W SurfaceFlinger: couldn't log to binary event log: overflow.
08-05 20:56:52.577 32542   896 I CommentListingActivity: COMMENTS session changed to 49246fa6-6643-4fb2-8218-99db83d97ab0
08-05 20:56:52.592 32542 32555 I art     : Starting a blocking GC Explicit
08-05 20:56:52.640 32542 32555 I art     : Explicit concurrent mark sweep GC freed 7354(402KB) AllocSpace objects, 1(20KB) LOS objects, 29% free, 37MB/53MB, paused 860us total 48.296ms
08-05 20:56:52.658 32542 32555 I art     : Starting a blocking GC Explicit
08-05 20:56:52.709 32542 32555 I art     : Explicit concurrent mark sweep GC freed 6481(330KB) AllocSpace objects, 0(0B) LOS objects, 29% free, 38MB/54MB, paused 847us total 50.727ms
08-05 20:56:52.727 32542 32555 I art     : Starting a blocking GC Explicit
08-05 20:56:52.752   512  2967 D audio_hw_primary: disable_audio_route: reset and update mixer path: low-latency-playback speaker
08-05 20:56:52.753   512  2967 D audio_hw_primary: disable_snd_device: snd_device(2: speaker)
08-05 20:56:52.762   512  2967 I soundtrigger: audio_extn_sound_trigger_update_device_status: device 0x2 of type 0 for Event 0
08-05 20:56:52.786 32542 32555 I art     : Explicit concurrent mark sweep GC freed 11859(651KB) AllocSpace objects, 0(0B) LOS objects, 28% free, 39MB/55MB, paused 1.030ms total 58.473ms
08-05 20:56:52.805 32542 32555 I art     : Starting a blocking GC Explicit
08-05 20:56:52.866 32542 32555 I art     : Explicit concurrent mark sweep GC freed 7740(451KB) AllocSpace objects, 1(68KB) LOS objects, 28% free, 39MB/55MB, paused 806us total 60.903ms
08-05 20:56:52.886 32542 32555 I art     : Starting a blocking GC Explicit
08-05 20:56:52.946 32542 32555 I art     : Explicit concurrent mark sweep GC freed 12326(549KB) AllocSpace objects, 1(68KB) LOS objects, 29% free, 39MB/55MB, paused 624us total 59.521ms
08-05 20:56:53.287 32542  3612 I art     : Starting a blocking GC Explicit
08-05 20:56:53.353 32542  3612 I art     : Explicit concurrent mark sweep GC freed 2247(126KB) AllocSpace objects, 1(20KB) LOS objects, 29% free, 39MB/55MB, paused 1.802ms total 65.757ms
08-05 20:56:53.374 32542  3612 I art     : Starting a blocking GC Explicit
08-05 20:56:53.405   518   646 I ThermalEngine: ACTION: GPU - Setting GPU[0] to 390000000
08-05 20:56:53.450 32542  3612 I art     : Explicit concurrent mark sweep GC freed 20(704B) AllocSpace objects, 0(0B) LOS objects, 29% free, 39MB/55MB, paused 886us total 75.935ms
08-05 20:56:53.479 32542  3612 I art     : Starting a blocking GC Explicit
08-05 20:56:53.561 32542  3612 I art     : Explicit concurrent mark sweep GC freed 49(1920B) AllocSpace objects, 0(0B) LOS objects, 29% free, 39MB/55MB, paused 907us total 81.464ms
08-05 20:56:53.593 32542  3612 I art     : Starting a blocking GC Explicit
08-05 20:56:53.673 32542  3612 I art     : Explicit concurrent mark sweep GC freed 3(96B) AllocSpace objects, 0(0B) LOS objects, 29% free, 39MB/55MB, paused 952us total 78.883ms
08-05 20:56:53.708 32542  3612 I art     : Starting a blocking GC Explicit
08-05 20:56:53.785 32542  3612 I art     : Explicit concurrent mark sweep GC freed 3(96B) AllocSpace objects, 0(0B) LOS objects, 29% free, 39MB/55MB, paused 724us total 76.993ms
08-05 20:56:54.193 32542  3613 I art     : Starting a blocking GC Explicit
08-05 20:56:54.296 32542  3613 I art     : Explicit concurrent mark sweep GC freed 1358(82KB) AllocSpace objects, 1(20KB) LOS objects, 29% free, 39MB/55MB, paused 820us total 101.787ms
08-05 20:56:54.329 32542  3613 I art     : Starting a blocking GC Explicit
08-05 20:56:54.415 32542  3613 I art     : Explicit concurrent mark sweep GC freed 20(704B) AllocSpace objects, 0(0B) LOS objects, 29% free, 39MB/55MB, paused 884us total 85.681ms
08-05 20:56:54.449 32542  3613 I art     : Starting a blocking GC Explicit
08-05 20:56:54.525 32542  3613 I art     : Explicit concurrent mark sweep GC freed 3(96B) AllocSpace objects, 0(0B) LOS objects, 29% free, 39MB/55MB, paused 812us total 75.738ms
08-05 20:56:54.554 32542  3613 I art     : Starting a blocking GC Explicit
08-05 20:56:54.635 32542  3613 I art     : Explicit concurrent mark sweep GC freed 3(96B) AllocSpace objects, 0(0B) LOS objects, 29% free, 39MB/55MB, paused 879us total 80.251ms
08-05 20:56:54.667 32542  3613 I art     : Starting a blocking GC Explicit
08-05 20:56:54.744 32542  3613 I art     : Explicit concurrent mark sweep GC freed 3(96B) AllocSpace objects, 0(0B) LOS objects, 29% free, 39MB/55MB, paused 729us total 76.675ms
08-05 20:56:55.156 32542 32555 I art     : Starting a blocking GC Explicit
08-05 20:56:55.253 32542 32555 I art     : Explicit concurrent mark sweep GC freed 1356(82KB) AllocSpace objects, 1(20KB) LOS objects, 29% free, 39MB/55MB, paused 1.224ms total 96.290ms
08-05 20:56:55.283 32542 32555 I art     : Starting a blocking GC Explicit
08-05 20:56:55.364 32542 32555 I art     : Explicit concurrent mark sweep GC freed 20(704B) AllocSpace objects, 0(0B) LOS objects, 29% free, 39MB/55MB, paused 1.246ms total 80.793ms
08-05 20:56:55.393 32542 32555 I art     : Starting a blocking GC Explicit
08-05 20:56:55.472 32542 32555 I art     : Explicit concurrent mark sweep GC freed 3(96B) AllocSpace objects, 0(0B) LOS objects, 29% free, 39MB/55MB, paused 980us total 78.329ms
08-05 20:56:55.505 32542 32555 I art     : Starting a blocking GC Explicit
08-05 20:56:55.593 32542 32555 I art     : Explicit concurrent mark sweep GC freed 3(96B) AllocSpace objects, 0(0B) LOS objects, 29% free, 39MB/55MB, paused 1.240ms total 87.428ms
08-05 20:56:55.625 32542 32555 I art     : Starting a blocking GC Explicit
08-05 20:56:55.702 32542 32555 I art     : Explicit concurrent mark sweep GC freed 3(96B) AllocSpace objects, 0(0B) LOS objects, 29% free, 39MB/55MB, paused 810us total 76.054ms
08-05 20:56:56.096 32542 32563 I art     : Starting a blocking GC Explicit
08-05 20:56:56.191 32542 32563 I art     : Explicit concurrent mark sweep GC freed 1354(82KB) AllocSpace objects, 1(20KB) LOS objects, 29% free, 39MB/55MB, paused 1.344ms total 93.905ms
08-05 20:56:56.224 32542 32563 I art     : Starting a blocking GC Explicit
08-05 20:56:56.312 32542 32563 I art     : Explicit concurrent mark sweep GC freed 20(704B) AllocSpace objects, 0(0B) LOS objects, 29% free, 39MB/55MB, paused 937us total 86.945ms
08-05 20:56:56.347 32542 32563 I art     : Starting a blocking GC Explicit
08-05 20:56:56.412   518   646 I ThermalEngine: ACTION: GPU - Setting GPU[0] to 450000000
08-05 20:56:56.427 32542 32563 I art     : Explicit concurrent mark sweep GC freed 3(96B) AllocSpace objects, 0(0B) LOS objects, 29% free, 39MB/55MB, paused 568us total 80.677ms
08-05 20:56:56.449 32542 32563 I art     : Starting a blocking GC Explicit
08-05 20:56:56.505 32542 32563 I art     : Explicit concurrent mark sweep GC freed 3(96B) AllocSpace objects, 0(0B) LOS objects, 29% free, 39MB/55MB, paused 533us total 56.447ms
08-05 20:56:56.526 32542 32563 I art     : Starting a blocking GC Explicit
08-05 20:56:56.587 32542 32563 I art     : Explicit concurrent mark sweep GC freed 3(96B) AllocSpace objects, 0(0B) LOS objects, 29% free, 39MB/55MB, paused 475us total 61.035ms
08-05 20:56:56.954 32542  1481 I art     : Starting a blocking GC Explicit
08-05 20:56:57.039 32542  1481 I art     : Explicit concurrent mark sweep GC freed 1355(83KB) AllocSpace objects, 1(20KB) LOS objects, 29% free, 39MB/55MB, paused 697us total 84.612ms
08-05 20:56:57.063 32542  1481 I art     : Starting a blocking GC Explicit
08-05 20:56:57.121 32448 32448 I ServiceManager: Waiting for service AtCmdFwd...
08-05 20:56:57.135 32542  1481 I art     : Explicit concurrent mark sweep GC freed 20(704B) AllocSpace objects, 0(0B) LOS objects, 29% free, 39MB/55MB, paused 617us total 71.697ms
08-05 20:56:57.158 32542  1481 I art     : Starting a blocking GC Explicit
08-05 20:56:57.198 32542  3596 I RedditChangeDataIO: Writing tmp data file at '/data/user/0/baseline.org.quantumbadger.redreader/files/rr_change_data_tmp.dat'
08-05 20:56:57.199 32542  3596 I RedditChangeDataManager: Taking snapshot...
08-05 20:56:57.199 32542  3596 I RedditChangeDataManager: Writing to stream...
08-05 20:56:57.200 32542  3596 I RedditChangeDataManager: Wrote 6 entries for user ''
08-05 20:56:57.200 32542  3596 I RedditChangeDataManager: All entries written to stream.
08-05 20:56:57.200 32542  3596 I RedditChangeDataIO: Write successful. Atomically replacing data file...
08-05 20:56:57.201 32542  3596 I RedditChangeDataIO: Write complete.
08-05 20:56:57.201 32542  3596 I RedditChangeDataIO: 158 bytes written in 3 ms
08-05 20:56:57.229 32542  1481 I art     : Explicit concurrent mark sweep GC freed 82(4KB) AllocSpace objects, 1(68KB) LOS objects, 29% free, 39MB/55MB, paused 569us total 70.853ms
08-05 20:56:57.250 32542  1481 I art     : Starting a blocking GC Explicit
08-05 20:56:57.319 32542  1481 I art     : Explicit concurrent mark sweep GC freed 13(624B) AllocSpace objects, 0(0B) LOS objects, 29% free, 39MB/55MB, paused 556us total 68.806ms
08-05 20:56:57.323 13866 13882 I PeriodicStatsRunner: PeriodicStatsRunner.call():175 call()
08-05 20:56:57.324 13866 13882 I PeriodicStatsRunner: PeriodicStatsRunner.call():179 No submit PeriodicStats since input started.
08-05 20:56:57.340 32542  1481 I art     : Starting a blocking GC Explicit
08-05 20:56:57.403 32542  1481 I art     : Explicit concurrent mark sweep GC freed 3(96B) AllocSpace objects, 0(0B) LOS objects, 29% free, 39MB/55MB, paused 537us total 63.061ms
08-05 20:56:57.768 32542 32553 I art     : Starting a blocking GC Explicit
08-05 20:56:57.846 32542 32553 I art     : Explicit concurrent mark sweep GC freed 1387(84KB) AllocSpace objects, 1(20KB) LOS objects, 29% free, 39MB/55MB, paused 542us total 77.478ms
08-05 20:56:57.869 32542 32553 I art     : Starting a blocking GC Explicit
08-05 20:56:57.940 32542 32553 I art     : Explicit concurrent mark sweep GC freed 226(35KB) AllocSpace objects, 0(0B) LOS objects, 29% free, 39MB/55MB, paused 507us total 70.490ms
08-05 20:56:57.961 32542 32553 I art     : Starting a blocking GC Explicit
08-05 20:56:58.027 32542 32553 I art     : Explicit concurrent mark sweep GC freed 68(2272B) AllocSpace objects, 0(0B) LOS objects, 29% free, 39MB/55MB, paused 557us total 65.848ms
08-05 20:56:58.048 32542 32553 I art     : Starting a blocking GC Explicit
08-05 20:56:58.122 32542 32553 I art     : Explicit concurrent mark sweep GC freed 3(96B) AllocSpace objects, 0(0B) LOS objects, 29% free, 39MB/55MB, paused 504us total 73.477ms
08-05 20:56:58.123 32448 32448 I ServiceManager: Waiting for service AtCmdFwd...
08-05 20:56:58.146 32542 32553 I art     : Starting a blocking GC Explicit
08-05 20:56:58.216 32542 32553 I art     : Explicit concurrent mark sweep GC freed 3(96B) AllocSpace objects, 0(0B) LOS objects, 29% free, 39MB/55MB, paused 506us total 69.897ms
08-05 20:56:58.577 32542   460 I art     : Starting a blocking GC Explicit
08-05 20:56:58.651 32542   460 I art     : Explicit concurrent mark sweep GC freed 1356(82KB) AllocSpace objects, 1(20KB) LOS objects, 29% free, 39MB/55MB, paused 522us total 73.397ms
08-05 20:56:58.672 32542   460 I art     : Starting a blocking GC Explicit
08-05 20:56:58.738 32542   460 I art     : Explicit concurrent mark sweep GC freed 20(704B) AllocSpace objects, 0(0B) LOS objects, 29% free, 39MB/55MB, paused 518us total 65.813ms
08-05 20:56:58.759 32542   460 I art     : Starting a blocking GC Explicit
08-05 20:56:58.825 32542   460 I art     : Explicit concurrent mark sweep GC freed 3(96B) AllocSpace objects, 0(0B) LOS objects, 29% free, 39MB/55MB, paused 519us total 66.312ms
08-05 20:56:58.847 32542   460 I art     : Starting a blocking GC Explicit
08-05 20:56:58.912 32542   460 I art     : Explicit concurrent mark sweep GC freed 3(96B) AllocSpace objects, 0(0B) LOS objects, 29% free, 39MB/55MB, paused 506us total 65.494ms
08-05 20:56:58.933 32542   460 I art     : Starting a blocking GC Explicit
08-05 20:56:58.991  3684  3684 D AndroidRuntime: >>>>>> START com.android.internal.os.RuntimeInit uid 2000 <<<<<<
08-05 20:56:58.997  3684  3684 D AndroidRuntime: CheckJNI is OFF
08-05 20:56:58.998 32542   460 I art     : Explicit concurrent mark sweep GC freed 3(96B) AllocSpace objects, 0(0B) LOS objects, 29% free, 39MB/55MB, paused 607us total 64.582ms
08-05 20:56:59.043  3684  3684 D ICU     : No timezone override file found: /data/misc/zoneinfo/current/icu/icu_tzdata.dat
08-05 20:56:59.089  3684  3684 I Radio-JNI: register_android_hardware_Radio DONE
08-05 20:56:59.119  3684  3684 D AndroidRuntime: Calling main entry com.android.commands.input.Input
08-05 20:56:59.121  3684  3684 I Input   : injectKeyEvent: KeyEvent { action=ACTION_DOWN, keyCode=KEYCODE_BACK, scanCode=0, metaState=0, flags=0x0, repeatCount=0, eventTime=824235534, downTime=824235534, deviceId=-1, source=0x101 }
08-05 20:56:59.124 32448 32448 I ServiceManager: Waiting for service AtCmdFwd...
08-05 20:56:59.128  3684  3684 I Input   : injectKeyEvent: KeyEvent { action=ACTION_UP, keyCode=KEYCODE_BACK, scanCode=0, metaState=0, flags=0x0, repeatCount=0, eventTime=824235534, downTime=824235534, deviceId=-1, source=0x101 }
08-05 20:56:59.135  3684  3684 D AndroidRuntime: Shutting down VM
08-05 20:56:59.184 13866 13866 I GoogleInputMethodServic: GoogleInputMethodService.onFinishInput():3138 
08-05 20:56:59.185 13866 13866 I GoogleInputMethodServic: GoogleInputMethodService.onStartInput():1808 
08-05 20:56:59.311 32542 32563 I art     : Starting a blocking GC Explicit
08-05 20:56:59.375 32542 32563 I art     : Explicit concurrent mark sweep GC freed 1619(91KB) AllocSpace objects, 1(20KB) LOS objects, 29% free, 39MB/55MB, paused 421us total 63.733ms
08-05 20:56:59.396 32542 32563 I art     : Starting a blocking GC Explicit
08-05 20:56:59.457 32542 32563 I art     : Explicit concurrent mark sweep GC freed 24(864B) AllocSpace objects, 0(0B) LOS objects, 29% free, 39MB/55MB, paused 438us total 60.898ms
08-05 20:56:59.481 32542 32563 I art     : Starting a blocking GC Explicit
08-05 20:56:59.490   380   380 W SurfaceFlinger: couldn't log to binary event log: overflow.
08-05 20:56:59.534 32542 32563 I art     : Explicit concurrent mark sweep GC freed 62(2288B) AllocSpace objects, 0(0B) LOS objects, 29% free, 39MB/55MB, paused 468us total 52.587ms
08-05 20:56:59.554 32542 32563 I art     : Starting a blocking GC Explicit
08-05 20:56:59.614 32542 32563 I art     : Explicit concurrent mark sweep GC freed 10(400B) AllocSpace objects, 0(0B) LOS objects, 29% free, 39MB/55MB, paused 494us total 59.881ms
08-05 20:56:59.634 32542 32563 I art     : Starting a blocking GC Explicit
08-05 20:56:59.685 32542 32563 I art     : Explicit concurrent mark sweep GC freed 41382(2MB) AllocSpace objects, 5(140KB) LOS objects, 30% free, 36MB/52MB, paused 498us total 50.645ms
08-05 20:57:00.022 32542   460 I art     : Starting a blocking GC Explicit
08-05 20:57:00.064 32542   460 I art     : Explicit concurrent mark sweep GC freed 1354(82KB) AllocSpace objects, 1(20KB) LOS objects, 30% free, 36MB/52MB, paused 443us total 41.828ms
08-05 20:57:00.082 32542   460 I art     : Starting a blocking GC Explicit
08-05 20:57:00.124 32448 32448 I ServiceManager: Waiting for service AtCmdFwd...
08-05 20:57:00.125 32542   460 I art     : Explicit concurrent mark sweep GC freed 95(3KB) AllocSpace objects, 0(0B) LOS objects, 30% free, 36MB/52MB, paused 455us total 42.175ms
08-05 20:57:00.143 32542   460 I art     : Starting a blocking GC Explicit
08-05 20:57:00.189 32542   460 I art     : Explicit concurrent mark sweep GC freed 3(96B) AllocSpace objects, 0(0B) LOS objects, 30% free, 36MB/52MB, paused 471us total 45.599ms
08-05 20:57:00.207 32542   460 I art     : Starting a blocking GC Explicit
08-05 20:57:00.255 32542   460 I art     : Explicit concurrent mark sweep GC freed 3(96B) AllocSpace objects, 0(0B) LOS objects, 30% free, 36MB/52MB, paused 463us total 47.159ms
08-05 20:57:00.274 32542   460 I art     : Starting a blocking GC Explicit
08-05 20:57:00.321 32542   460 I art     : Explicit concurrent mark sweep GC freed 3(96B) AllocSpace objects, 0(0B) LOS objects, 30% free, 36MB/52MB, paused 468us total 47.286ms
08-05 20:57:00.652 32542 32555 I art     : Starting a blocking GC Explicit
08-05 20:57:00.708 32542 32555 I art     : Explicit concurrent mark sweep GC freed 1354(82KB) AllocSpace objects, 1(20KB) LOS objects, 30% free, 36MB/52MB, paused 536us total 55.651ms
08-05 20:57:00.727 32542 32555 I art     : Starting a blocking GC Explicit
08-05 20:57:00.774 32542 32555 I art     : Explicit concurrent mark sweep GC freed 20(704B) AllocSpace objects, 0(0B) LOS objects, 30% free, 36MB/52MB, paused 491us total 46.561ms
08-05 20:57:00.793 32542 32555 I art     : Starting a blocking GC Explicit
08-05 20:57:00.842 32542 32555 I art     : Explicit concurrent mark sweep GC freed 3(96B) AllocSpace objects, 0(0B) LOS objects, 30% free, 36MB/52MB, paused 502us total 48.708ms
08-05 20:57:00.861 32542 32555 I art     : Starting a blocking GC Explicit
08-05 20:57:00.908 32542 32555 I art     : Explicit concurrent mark sweep GC freed 3(96B) AllocSpace objects, 0(0B) LOS objects, 30% free, 36MB/52MB, paused 518us total 47.219ms
08-05 20:57:00.927 32542 32555 I art     : Starting a blocking GC Explicit
08-05 20:57:00.938  3727  3727 D AndroidRuntime: >>>>>> START com.android.internal.os.RuntimeInit uid 2000 <<<<<<
08-05 20:57:00.944  3727  3727 D AndroidRuntime: CheckJNI is OFF
08-05 20:57:00.976 32542 32555 I art     : Explicit concurrent mark sweep GC freed 3(96B) AllocSpace objects, 0(0B) LOS objects, 30% free, 36MB/52MB, paused 497us total 48.167ms
08-05 20:57:00.991  3727  3727 D ICU     : No timezone override file found: /data/misc/zoneinfo/current/icu/icu_tzdata.dat
08-05 20:57:01.036  3727  3727 I Radio-JNI: register_android_hardware_Radio DONE
08-05 20:57:01.066  3727  3727 D AndroidRuntime: Calling main entry com.android.commands.input.Input
08-05 20:57:01.068  3727  3727 I Input   : injectMotionEvent: MotionEvent { action=ACTION_DOWN, actionButton=0, id[0]=0, x[0]=600.0, y[0]=938.0, toolType[0]=TOOL_TYPE_UNKNOWN, buttonState=0, metaState=0, flags=0x0, edgeFlags=0x0, pointerCount=1, historySize=0, eventTime=824237481, downTime=824237481, deviceId=0, source=0x1002 }
08-05 20:57:01.076  3727  3727 I Input   : injectMotionEvent: MotionEvent { action=ACTION_UP, actionButton=0, id[0]=0, x[0]=600.0, y[0]=938.0, toolType[0]=TOOL_TYPE_UNKNOWN, buttonState=0, metaState=0, flags=0x0, edgeFlags=0x0, pointerCount=1, historySize=0, eventTime=824237481, downTime=824237481, deviceId=0, source=0x1002 }
08-05 20:57:01.082  3727  3727 D AndroidRuntime: Shutting down VM
08-05 20:57:01.096   512  2967 D audio_hw_primary: out_set_parameters: enter: usecase(1: low-latency-playback) kvpairs: routing=2
08-05 20:57:01.098   918   928 I ActivityManager: START u0 {dat=https://gfycat.com/... cmp=baseline.org.quantumbadger.redreader/.activities.ImageViewActivity (has extras)} from uid 10689 on display 0
08-05 20:57:01.111   512  2967 D audio_hw_primary: select_devices: out_snd_device(2: speaker) in_snd_device(0: none)
08-05 20:57:01.111   512  2967 D msm8974_platform: platform_send_audio_calibration: sending audio calibration for snd_device(2) acdb_id(15)
08-05 20:57:01.112   512  2967 I soundtrigger: audio_extn_sound_trigger_update_device_status: device 0x2 of type 0 for Event 1
08-05 20:57:01.123   512  2967 D audio_hw_primary: enable_snd_device: snd_device(2: speaker)
08-05 20:57:01.125 32448 32448 I ServiceManager: Waiting for service AtCmdFwd...
08-05 20:57:01.126 32542 32542 I ImageViewActivity: Loading URL https://gfycat.com/deadlygravecavy
08-05 20:57:01.126   512  2967 D audio_hw_primary: enable_audio_route: apply and update mixer path: low-latency-playback speaker
08-05 20:57:01.134 32542   896 I ImageViewActivity: Got image URL: https://giant.gfycat.com/DeadlyGraveCavy.mp4
08-05 20:57:01.134 32542   896 I ImageViewActivity: Got image Type: video/mp4
08-05 20:57:01.134 32542   896 I ImageViewActivity: Got media Type: VIDEO
08-05 20:57:01.134 32542   896 I ImageViewActivity: Media type VIDEO detected
08-05 20:57:01.134 32542   896 I ImageViewActivity: Proceeding with download
08-05 20:57:01.138 32542  3758 D OK      : calling: https://giant.gfycat.com/DeadlyGraveCavy.mp4
08-05 20:57:01.180 13866 13866 I GoogleInputMethodServic: GoogleInputMethodService.onFinishInput():3138 
08-05 20:57:01.180 13866 13866 I GoogleInputMethodServic: GoogleInputMethodService.onStartInput():1808 
08-05 20:57:01.209   918   936 I ActivityManager: Displayed baseline.org.quantumbadger.redreader/.activities.ImageViewActivity: +96ms
08-05 20:57:01.292 32542  1481 I art     : Starting a blocking GC Explicit
08-05 20:57:01.334 32542  1481 I art     : Explicit concurrent mark sweep GC freed 3700(266KB) AllocSpace objects, 1(20KB) LOS objects, 30% free, 36MB/52MB, paused 483us total 41.313ms
08-05 20:57:01.351 32542  1481 I art     : Starting a blocking GC Explicit
08-05 20:57:01.393 32542  1481 I art     : Explicit concurrent mark sweep GC freed 1952(77KB) AllocSpace objects, 0(0B) LOS objects, 30% free, 36MB/52MB, paused 505us total 41.346ms
08-05 20:57:01.410 32542  1481 I art     : Starting a blocking GC Explicit
08-05 20:57:01.452 32542  1481 I art     : Explicit concurrent mark sweep GC freed 76(2928B) AllocSpace objects, 0(0B) LOS objects, 30% free, 36MB/52MB, paused 502us total 41.354ms
08-05 20:57:01.459   380   380 W SurfaceFlinger: couldn't log to binary event log: overflow.
08-05 20:57:01.470 32542  1481 I art     : Starting a blocking GC Explicit
08-05 20:57:01.509 32542  3758 I NAPPA_EXPERIMENTATION: MetricNetworkRequestExecutionTime: REQUEST_DURATION_SYSTEM='371',REQUEST_DURATION_OKHTTP='154',REQUEST_SYNCHRONOUS='TRUE',RESPONSE_CODE='200',RESPONSE_METHOD='GET',RESPONSE_LENGTH_OKHTTP='1942309',RESPONSE_LENGTH_HEADER='1942309',REQUEST_PROTOCOL='h2',REQUEST_URL='https://giant.gfycat.com/DeadlyGraveCavy.mp4',
08-05 20:57:01.509 32542  3758 D OK      : request got status: 200
08-05 20:57:01.511 32542  1481 I art     : Explicit concurrent mark sweep GC freed 203(16KB) AllocSpace objects, 0(0B) LOS objects, 30% free, 37MB/53MB, paused 514us total 40.213ms
08-05 20:57:01.528 32542  1481 I art     : Starting a blocking GC Explicit
08-05 20:57:01.570 32542  1481 I art     : Explicit concurrent mark sweep GC freed 96(5KB) AllocSpace objects, 0(0B) LOS objects, 30% free, 37MB/53MB, paused 615us total 41.086ms
08-05 20:57:01.669   512  2967 D audio_hw_primary: disable_audio_route: reset and update mixer path: low-latency-playback speaker
08-05 20:57:01.669   512  2967 D audio_hw_primary: disable_snd_device: snd_device(2: speaker)
08-05 20:57:01.679   512  2967 I soundtrigger: audio_extn_sound_trigger_update_device_status: device 0x2 of type 0 for Event 0
08-05 20:57:01.903 32542 32553 I art     : Starting a blocking GC Explicit
08-05 20:57:01.914 32542 32542 I ImageViewActivity: Playing video using ExoPlayer
08-05 20:57:01.956 32542 32542 I ExoPlayerImpl: Init 39e449a [ExoPlayerLib/2.10.8] [angler, Nexus 6P, Huawei, 23]
08-05 20:57:01.959 32542 32553 I art     : Explicit concurrent mark sweep GC freed 4044(1292KB) AllocSpace objects, 2(88KB) LOS objects, 29% free, 37MB/53MB, paused 3.356ms total 55.179ms
08-05 20:57:01.979 32542 32553 I art     : Starting a blocking GC Explicit
08-05 20:57:02.030 32542 32553 I art     : Explicit concurrent mark sweep GC freed 2794(312KB) AllocSpace objects, 1(68KB) LOS objects, 29% free, 37MB/53MB, paused 1.702ms total 51.152ms
08-05 20:57:02.051 32542 32553 I art     : Starting a blocking GC Explicit
08-05 20:57:02.076 32542  3800 W VideoCapabilities: Unrecognized profile 2130706433 for video/avc
08-05 20:57:02.099 32542 32553 I art     : Explicit concurrent mark sweep GC freed 3778(244KB) AllocSpace objects, 4(168KB) LOS objects, 29% free, 38MB/54MB, paused 965us total 47.703ms
08-05 20:57:02.111 32542  3800 I VideoCapabilities: Unsupported profile 4 for video/mp4v-es
08-05 20:57:02.117 32542 32553 I art     : Starting a blocking GC Explicit
08-05 20:57:02.125 32448 32448 W Atfwd_Sendcmd: AtCmdFwd service not published, waiting... retryCnt : 5
08-05 20:57:02.137 32542  3803 I OMXClient: Using client-side OMX mux.
08-05 20:57:02.166 32542 32553 I art     : Explicit concurrent mark sweep GC freed 2364(102KB) AllocSpace objects, 0(0B) LOS objects, 29% free, 39MB/55MB, paused 718us total 48.144ms
08-05 20:57:02.185 32542 32553 I art     : Starting a blocking GC Explicit
08-05 20:57:02.207   512  3269 I OMX-VDEC-1080P: component_init: OMX.qcom.video.decoder.avc : fd=49
08-05 20:57:02.207   512  3269 I OMX-VDEC-1080P: Capabilities: driver_name = msm_vidc_driver, card = msm_vdec_8974, bus_info = , version = 1, capabilities = 4003000
08-05 20:57:02.212   512  3269 I OMX-VDEC-1080P: Enabling default extradata for OMX.qcom.video.decoder.avc
08-05 20:57:02.216   512  3269 I OMX-VDEC-1080P: omx_vdec::component_init() success : fd=49
08-05 20:57:02.219 32542  3802 I MediaCodec: [OMX.qcom.video.decoder.avc] setting surface generation to 33323009
08-05 20:57:02.221   512 12837 E OMX-VDEC-1080P: Extension: OMX.google.android.index.storeANWBufferInMetadata not implemented
08-05 20:57:02.232 32542 32553 I art     : Explicit concurrent mark sweep GC freed 92(3KB) AllocSpace objects, 0(0B) LOS objects, 28% free, 39MB/55MB, paused 1.109ms total 46.826ms
08-05 20:57:02.249 32542  3803 D SurfaceUtils: set up nativeWindow 0x7f804ab210 for 360x306, color 0x7fa30c04, rotation 0, usage 0x42002900
08-05 20:57:02.278 32542  3803 D SurfaceUtils: set up nativeWindow 0x7f804ab210 for 368x320, color 0x7fa30c04, rotation 0, usage 0x42002900
08-05 20:57:02.573 32542  3612 I art     : Starting a blocking GC Explicit
08-05 20:57:02.626 32542  3612 I art     : Explicit concurrent mark sweep GC freed 1757(143KB) AllocSpace objects, 2(88KB) LOS objects, 28% free, 40MB/56MB, paused 562us total 52.461ms
08-05 20:57:02.646 32542  3612 I art     : Starting a blocking GC Explicit
08-05 20:57:02.695 32542  3612 I art     : Explicit concurrent mark sweep GC freed 50(1808B) AllocSpace objects, 0(0B) LOS objects, 28% free, 40MB/56MB, paused 531us total 48.839ms
08-05 20:57:02.715 32542  3612 I art     : Starting a blocking GC Explicit
08-05 20:57:02.766 32542  3612 I art     : Explicit concurrent mark sweep GC freed 25(928B) AllocSpace objects, 0(0B) LOS objects, 28% free, 40MB/56MB, paused 565us total 50.935ms
08-05 20:57:02.785 32542  3612 I art     : Starting a blocking GC Explicit
08-05 20:57:02.838 32542  3612 I art     : Explicit concurrent mark sweep GC freed 25(928B) AllocSpace objects, 0(0B) LOS objects, 28% free, 40MB/56MB, paused 534us total 52.597ms
08-05 20:57:02.858 32542  3612 I art     : Starting a blocking GC Explicit
08-05 20:57:02.910 32542  3612 I art     : Explicit concurrent mark sweep GC freed 25(928B) AllocSpace objects, 0(0B) LOS objects, 28% free, 40MB/56MB, paused 522us total 51.543ms
08-05 20:57:03.269 32542   460 I art     : Starting a blocking GC Explicit
08-05 20:57:03.325 32542   460 I art     : Explicit concurrent mark sweep GC freed 1497(87KB) AllocSpace objects, 1(20KB) LOS objects, 28% free, 40MB/56MB, paused 526us total 55.161ms
08-05 20:57:03.344 32542   460 I art     : Starting a blocking GC Explicit
08-05 20:57:03.393 32542   460 I art     : Explicit concurrent mark sweep GC freed 38(1424B) AllocSpace objects, 0(0B) LOS objects, 28% free, 40MB/56MB, paused 591us total 49.094ms
08-05 20:57:03.413 32542   460 I art     : Starting a blocking GC Explicit
08-05 20:57:03.464 32542   460 I art     : Explicit concurrent mark sweep GC freed 27(976B) AllocSpace objects, 0(0B) LOS objects, 28% free, 40MB/56MB, paused 566us total 51.406ms
08-05 20:57:03.484 32542   460 I art     : Starting a blocking GC Explicit
08-05 20:57:03.536 32542   460 I art     : Explicit concurrent mark sweep GC freed 31(1136B) AllocSpace objects, 0(0B) LOS objects, 28% free, 40MB/56MB, paused 536us total 52.297ms
08-05 20:57:03.556 32542   460 I art     : Starting a blocking GC Explicit
08-05 20:57:03.608 32542   460 I art     : Explicit concurrent mark sweep GC freed 27(1024B) AllocSpace objects, 0(0B) LOS objects, 28% free, 40MB/56MB, paused 546us total 51.176ms
08-05 20:57:03.970 32542 32553 I art     : Starting a blocking GC Explicit
08-05 20:57:04.023 32542 32553 I art     : Explicit concurrent mark sweep GC freed 1486(87KB) AllocSpace objects, 1(20KB) LOS objects, 28% free, 40MB/56MB, paused 539us total 52.542ms
08-05 20:57:04.042 32542 32553 I art     : Starting a blocking GC Explicit
08-05 20:57:04.094 32542 32553 I art     : Explicit concurrent mark sweep GC freed 47(1744B) AllocSpace objects, 0(0B) LOS objects, 28% free, 40MB/56MB, paused 547us total 52.200ms
08-05 20:57:04.114 32542 32553 I art     : Starting a blocking GC Explicit
08-05 20:57:04.167 32542 32553 I art     : Explicit concurrent mark sweep GC freed 23(832B) AllocSpace objects, 0(0B) LOS objects, 28% free, 40MB/56MB, paused 513us total 52.024ms
08-05 20:57:04.186 32542 32553 I art     : Starting a blocking GC Explicit
08-05 20:57:04.187 13866 13882 I PeriodicStatsRunner: PeriodicStatsRunner.call():175 call()
08-05 20:57:04.189 13866 13882 I PeriodicStatsRunner: PeriodicStatsRunner.call():179 No submit PeriodicStats since input started.
08-05 20:57:04.239 32542 32553 I art     : Explicit concurrent mark sweep GC freed 27(1024B) AllocSpace objects, 0(0B) LOS objects, 28% free, 40MB/56MB, paused 596us total 52.494ms
08-05 20:57:04.259 32542 32553 I art     : Starting a blocking GC Explicit
08-05 20:57:04.311 32542 32553 I art     : Explicit concurrent mark sweep GC freed 25(928B) AllocSpace objects, 0(0B) LOS objects, 28% free, 40MB/56MB, paused 516us total 51.885ms
08-05 20:57:04.672 32542 32563 I art     : Starting a blocking GC Explicit
08-05 20:57:04.725 32542 32563 I art     : Explicit concurrent mark sweep GC freed 1495(88KB) AllocSpace objects, 1(20KB) LOS objects, 28% free, 40MB/56MB, paused 574us total 53.290ms
08-05 20:57:04.744 32542 32563 I art     : Starting a blocking GC Explicit
08-05 20:57:04.796 32542 32563 I art     : Explicit concurrent mark sweep GC freed 42(1536B) AllocSpace objects, 0(0B) LOS objects, 28% free, 40MB/56MB, paused 506us total 51.092ms
08-05 20:57:04.815 32542 32563 I art     : Starting a blocking GC Explicit
08-05 20:57:04.865 32542 32563 I art     : Explicit concurrent mark sweep GC freed 25(928B) AllocSpace objects, 0(0B) LOS objects, 28% free, 40MB/56MB, paused 515us total 50.126ms
08-05 20:57:04.884 32542 32563 I art     : Starting a blocking GC Explicit
08-05 20:57:04.937 32542 32563 I art     : Explicit concurrent mark sweep GC freed 29(1072B) AllocSpace objects, 0(0B) LOS objects, 28% free, 40MB/56MB, paused 633us total 52.548ms
08-05 20:57:04.957 32542 32563 I art     : Starting a blocking GC Explicit
08-05 20:57:05.008 32542 32563 I art     : Explicit concurrent mark sweep GC freed 32(1184B) AllocSpace objects, 0(0B) LOS objects, 28% free, 40MB/56MB, paused 589us total 50.687ms
08-05 20:57:05.383 32542 32553 I art     : Starting a blocking GC Explicit
08-05 20:57:05.437 32542 32553 I art     : Explicit concurrent mark sweep GC freed 1494(88KB) AllocSpace objects, 1(20KB) LOS objects, 28% free, 40MB/56MB, paused 585us total 53.534ms
08-05 20:57:05.456 32542 32553 I art     : Starting a blocking GC Explicit
08-05 20:57:05.508 32542 32553 I art     : Explicit concurrent mark sweep GC freed 40(1520B) AllocSpace objects, 0(0B) LOS objects, 28% free, 40MB/56MB, paused 741us total 50.906ms
08-05 20:57:05.527 32542 32553 I art     : Starting a blocking GC Explicit
08-05 20:57:05.580 32542 32553 I art     : Explicit concurrent mark sweep GC freed 25(928B) AllocSpace objects, 0(0B) LOS objects, 28% free, 40MB/56MB, paused 561us total 52.391ms
08-05 20:57:05.599 32542 32553 I art     : Starting a blocking GC Explicit
08-05 20:57:05.653 32542 32553 I art     : Explicit concurrent mark sweep GC freed 31(1136B) AllocSpace objects, 0(0B) LOS objects, 28% free, 40MB/56MB, paused 519us total 53.317ms
08-05 20:57:05.673 32542 32553 I art     : Starting a blocking GC Explicit
08-05 20:57:05.725 32542 32553 I art     : Explicit concurrent mark sweep GC freed 26(992B) AllocSpace objects, 0(0B) LOS objects, 28% free, 40MB/56MB, paused 526us total 52.068ms
08-05 20:57:06.097 32542   460 I art     : Starting a blocking GC Explicit
08-05 20:57:06.115 32542  3756 I RedditChangeDataIO: Writing tmp data file at '/data/user/0/baseline.org.quantumbadger.redreader/files/rr_change_data_tmp.dat'
08-05 20:57:06.116 32542  3756 I RedditChangeDataManager: Taking snapshot...
08-05 20:57:06.116 32542  3756 I RedditChangeDataManager: Writing to stream...
08-05 20:57:06.116 32542  3756 I RedditChangeDataManager: Wrote 6 entries for user ''
08-05 20:57:06.116 32542  3756 I RedditChangeDataManager: All entries written to stream.
08-05 20:57:06.117 32542  3756 I RedditChangeDataIO: Write successful. Atomically replacing data file...
08-05 20:57:06.117 32542  3756 I RedditChangeDataIO: Write complete.
08-05 20:57:06.117 32542  3756 I RedditChangeDataIO: 158 bytes written in 2 ms
08-05 20:57:06.152 32542   460 I art     : Explicit concurrent mark sweep GC freed 1573(92KB) AllocSpace objects, 2(88KB) LOS objects, 28% free, 40MB/56MB, paused 527us total 55.189ms
08-05 20:57:06.171 32542   460 I art     : Starting a blocking GC Explicit
08-05 20:57:06.181 13866 13882 I PeriodicStatsRunner: PeriodicStatsRunner.call():175 call()
08-05 20:57:06.181 13866 13882 I PeriodicStatsRunner: PeriodicStatsRunner.call():179 No submit PeriodicStats since input started.
08-05 20:57:06.223 32542   460 I art     : Explicit concurrent mark sweep GC freed 58(2272B) AllocSpace objects, 0(0B) LOS objects, 28% free, 40MB/56MB, paused 556us total 51.709ms
08-05 20:57:06.243 32542   460 I art     : Starting a blocking GC Explicit
08-05 20:57:06.294 32542   460 I art     : Explicit concurrent mark sweep GC freed 26(992B) AllocSpace objects, 0(0B) LOS objects, 28% free, 40MB/56MB, paused 548us total 51.424ms
08-05 20:57:06.313 32542   460 I art     : Starting a blocking GC Explicit
08-05 20:57:06.364 32542   460 I art     : Explicit concurrent mark sweep GC freed 25(928B) AllocSpace objects, 0(0B) LOS objects, 28% free, 40MB/56MB, paused 513us total 50.400ms
08-05 20:57:06.384 32542   460 I art     : Starting a blocking GC Explicit
08-05 20:57:06.436 32542   460 I art     : Explicit concurrent mark sweep GC freed 29(1072B) AllocSpace objects, 0(0B) LOS objects, 28% free, 40MB/56MB, paused 545us total 51.457ms
08-05 20:57:06.804 32542 32553 I art     : Starting a blocking GC Explicit
08-05 20:57:06.858 32542 32553 I art     : Explicit concurrent mark sweep GC freed 1495(87KB) AllocSpace objects, 1(20KB) LOS objects, 28% free, 40MB/56MB, paused 561us total 53.456ms
08-05 20:57:06.877 32542 32553 I art     : Starting a blocking GC Explicit
08-05 20:57:06.928 32542 32553 I art     : Explicit concurrent mark sweep GC freed 71(3008B) AllocSpace objects, 0(0B) LOS objects, 28% free, 40MB/56MB, paused 524us total 50.755ms
08-05 20:57:06.948 32542 32553 I art     : Starting a blocking GC Explicit
08-05 20:57:06.998 32542 32553 I art     : Explicit concurrent mark sweep GC freed 184(31KB) AllocSpace objects, 0(0B) LOS objects, 28% free, 40MB/56MB, paused 495us total 50.080ms
08-05 20:57:07.017 32542 32553 I art     : Starting a blocking GC Explicit
08-05 20:57:07.067 32542 32553 I art     : Explicit concurrent mark sweep GC freed 94(3KB) AllocSpace objects, 0(0B) LOS objects, 28% free, 40MB/56MB, paused 639us total 49.606ms
08-05 20:57:07.086 32542 32553 I art     : Starting a blocking GC Explicit
08-05 20:57:07.135 32542 32553 I art     : Explicit concurrent mark sweep GC freed 21(784B) AllocSpace objects, 0(0B) LOS objects, 28% free, 40MB/56MB, paused 503us total 48.062ms
08-05 20:57:07.474 32542  1481 I art     : Starting a blocking GC Explicit
08-05 20:57:07.527 32542  1481 I art     : Explicit concurrent mark sweep GC freed 1486(87KB) AllocSpace objects, 1(20KB) LOS objects, 28% free, 40MB/56MB, paused 538us total 52.853ms
08-05 20:57:07.546 32542  1481 I art     : Starting a blocking GC Explicit
08-05 20:57:07.596 32542  1481 I art     : Explicit concurrent mark sweep GC freed 41(1472B) AllocSpace objects, 0(0B) LOS objects, 28% free, 40MB/56MB, paused 498us total 49.362ms
08-05 20:57:07.615 32542  1481 I art     : Starting a blocking GC Explicit
08-05 20:57:07.665 32542  1481 I art     : Explicit concurrent mark sweep GC freed 24(896B) AllocSpace objects, 0(0B) LOS objects, 28% free, 40MB/56MB, paused 519us total 50.272ms
08-05 20:57:07.685 32542  1481 I art     : Starting a blocking GC Explicit
08-05 20:57:07.735 32542  1481 I art     : Explicit concurrent mark sweep GC freed 27(1024B) AllocSpace objects, 0(0B) LOS objects, 28% free, 40MB/56MB, paused 503us total 50.017ms
08-05 20:57:07.754 32542  1481 I art     : Starting a blocking GC Explicit
08-05 20:57:07.805 32542  1481 I art     : Explicit concurrent mark sweep GC freed 29(1072B) AllocSpace objects, 0(0B) LOS objects, 28% free, 40MB/56MB, paused 559us total 50.127ms
08-05 20:57:07.874  3897  3897 D AndroidRuntime: >>>>>> START com.android.internal.os.RuntimeInit uid 2000 <<<<<<
08-05 20:57:07.880  3897  3897 D AndroidRuntime: CheckJNI is OFF
08-05 20:57:07.923  3897  3897 D ICU     : No timezone override file found: /data/misc/zoneinfo/current/icu/icu_tzdata.dat
08-05 20:57:07.967  3897  3897 I Radio-JNI: register_android_hardware_Radio DONE
08-05 20:57:07.995  3897  3897 D AndroidRuntime: Calling main entry com.android.commands.input.Input
08-05 20:57:07.997  3897  3897 I Input   : injectKeyEvent: KeyEvent { action=ACTION_DOWN, keyCode=KEYCODE_BACK, scanCode=0, metaState=0, flags=0x0, repeatCount=0, eventTime=824244409, downTime=824244409, deviceId=-1, source=0x101 }
08-05 20:57:08.007  3897  3897 I Input   : injectKeyEvent: KeyEvent { action=ACTION_UP, keyCode=KEYCODE_BACK, scanCode=0, metaState=0, flags=0x0, repeatCount=0, eventTime=824244409, downTime=824244409, deviceId=-1, source=0x101 }
08-05 20:57:08.013  3897  3897 D AndroidRuntime: Shutting down VM
08-05 20:57:08.063 13866 13866 I GoogleInputMethodServic: GoogleInputMethodService.onFinishInput():3138 
08-05 20:57:08.064 13866 13866 I GoogleInputMethodServic: GoogleInputMethodService.onStartInput():1808 
08-05 20:57:08.117 32542  3802 I MediaCodec: [OMX.qcom.video.decoder.avc] setting surface generation to 33323010
08-05 20:57:08.118 32542  3803 D SurfaceUtils: set up nativeWindow 0x7f80e15e10 for 368x320, color 0x7fa30c04, rotation 0, usage 0x42002900
08-05 20:57:08.151 32542  3613 I art     : Starting a blocking GC Explicit
08-05 20:57:08.202 32542  3613 I art     : Explicit concurrent mark sweep GC freed 1749(98KB) AllocSpace objects, 1(20KB) LOS objects, 28% free, 40MB/56MB, paused 534us total 50.615ms
08-05 20:57:08.222 32542  3613 I art     : Starting a blocking GC Explicit
08-05 20:57:08.281 32542  3613 I art     : Explicit concurrent mark sweep GC freed 51(1872B) AllocSpace objects, 0(0B) LOS objects, 28% free, 40MB/56MB, paused 613us total 59.280ms
08-05 20:57:08.305 32542  3613 I art     : Starting a blocking GC Explicit
08-05 20:57:08.359 32542 32542 I ExoPlayerImpl: Release 39e449a [ExoPlayerLib/2.10.8] [angler, Nexus 6P, Huawei, 23] [goog.exo.core, goog.exo.ui]
08-05 20:57:08.365 32542  3613 I art     : Explicit concurrent mark sweep GC freed 63(2624B) AllocSpace objects, 0(0B) LOS objects, 28% free, 40MB/56MB, paused 1.144ms total 59.712ms
08-05 20:57:08.366   380   380 W SurfaceFlinger: couldn't log to binary event log: overflow.
08-05 20:57:08.376   512 12931 I OMX-VDEC-1080P: omx_vdec::component_deinit() complete
08-05 20:57:08.378   512 12931 I OMX-VDEC-1080P: Exit OMX vdec Destructor: fd=49
08-05 20:57:08.386 32542  3613 I art     : Starting a blocking GC Explicit
08-05 20:57:08.431 32542  3613 I art     : Explicit concurrent mark sweep GC freed 393(100KB) AllocSpace objects, 35(2MB) LOS objects, 29% free, 37MB/53MB, paused 468us total 44.758ms
08-05 20:57:08.449 32542  3613 I art     : Starting a blocking GC Explicit
08-05 20:57:08.496 32542  3613 I art     : Explicit concurrent mark sweep GC freed 2874(160KB) AllocSpace objects, 4(200KB) LOS objects, 29% free, 37MB/53MB, paused 464us total 46.335ms
08-05 20:57:08.834 32542 32553 I art     : Starting a blocking GC Explicit
08-05 20:57:08.900 32542 32553 I art     : Explicit concurrent mark sweep GC freed 1373(83KB) AllocSpace objects, 1(20KB) LOS objects, 29% free, 37MB/53MB, paused 636us total 65.713ms
08-05 20:57:08.920 32542 32553 I art     : Starting a blocking GC Explicit
08-05 20:57:08.971 32542 32553 I art     : Explicit concurrent mark sweep GC freed 24(864B) AllocSpace objects, 0(0B) LOS objects, 29% free, 37MB/53MB, paused 505us total 50.200ms
08-05 20:57:08.990 32542 32553 I art     : Starting a blocking GC Explicit
08-05 20:57:09.040 32542 32553 I art     : Explicit concurrent mark sweep GC freed 3(96B) AllocSpace objects, 0(0B) LOS objects, 29% free, 37MB/53MB, paused 493us total 49.485ms
08-05 20:57:09.059 32542 32553 I art     : Starting a blocking GC Explicit
08-05 20:57:09.109 32542 32553 I art     : Explicit concurrent mark sweep GC freed 3(96B) AllocSpace objects, 0(0B) LOS objects, 29% free, 37MB/53MB, paused 490us total 50.225ms
08-05 20:57:09.130 32542 32553 I art     : Starting a blocking GC Explicit
08-05 20:57:09.178 32542 32553 I art     : Explicit concurrent mark sweep GC freed 3(96B) AllocSpace objects, 0(0B) LOS objects, 29% free, 37MB/53MB, paused 498us total 48.633ms
08-05 20:57:09.515 32542   460 I art     : Starting a blocking GC Explicit
08-05 20:57:09.577 32542   460 I art     : Explicit concurrent mark sweep GC freed 1354(82KB) AllocSpace objects, 1(20KB) LOS objects, 29% free, 37MB/53MB, paused 515us total 61.470ms
08-05 20:57:09.600 32542   460 I art     : Starting a blocking GC Explicit
08-05 20:57:09.651 32542   460 I art     : Explicit concurrent mark sweep GC freed 20(704B) AllocSpace objects, 0(0B) LOS objects, 29% free, 37MB/53MB, paused 512us total 51.108ms
08-05 20:57:09.670 32542   460 I art     : Starting a blocking GC Explicit
08-05 20:57:09.722 32542   460 I art     : Explicit concurrent mark sweep GC freed 3(96B) AllocSpace objects, 0(0B) LOS objects, 29% free, 37MB/53MB, paused 493us total 51.645ms
08-05 20:57:09.741 32542   460 I art     : Starting a blocking GC Explicit
08-05 20:57:09.792 32542   460 I art     : Explicit concurrent mark sweep GC freed 3(96B) AllocSpace objects, 0(0B) LOS objects, 29% free, 37MB/53MB, paused 527us total 50.908ms
08-05 20:57:09.812 32542   460 I art     : Starting a blocking GC Explicit
08-05 20:57:09.829  3955  3955 D AndroidRuntime: >>>>>> START com.android.internal.os.RuntimeInit uid 2000 <<<<<<
08-05 20:57:09.835  3955  3955 D AndroidRuntime: CheckJNI is OFF
08-05 20:57:09.862 32542   460 I art     : Explicit concurrent mark sweep GC freed 3(96B) AllocSpace objects, 0(0B) LOS objects, 29% free, 37MB/53MB, paused 509us total 49.766ms
08-05 20:57:09.882  3955  3955 D ICU     : No timezone override file found: /data/misc/zoneinfo/current/icu/icu_tzdata.dat
08-05 20:57:09.928  3955  3955 I Radio-JNI: register_android_hardware_Radio DONE
08-05 20:57:09.957  3955  3955 D AndroidRuntime: Calling main entry com.android.commands.input.Input
08-05 20:57:09.959  3955  3955 I Input   : injectMotionEvent: MotionEvent { action=ACTION_DOWN, actionButton=0, id[0]=0, x[0]=1340.0, y[0]=1100.0, toolType[0]=TOOL_TYPE_UNKNOWN, buttonState=0, metaState=0, flags=0x0, edgeFlags=0x0, pointerCount=1, historySize=0, eventTime=824246371, downTime=824246371, deviceId=0, source=0x1002 }
08-05 20:57:09.965  3955  3955 I Input   : injectMotionEvent: MotionEvent { action=ACTION_UP, actionButton=0, id[0]=0, x[0]=1340.0, y[0]=1100.0, toolType[0]=TOOL_TYPE_UNKNOWN, buttonState=0, metaState=0, flags=0x0, edgeFlags=0x0, pointerCount=1, historySize=0, eventTime=824246371, downTime=824246371, deviceId=0, source=0x1002 }
08-05 20:57:09.968  3955  3955 D AndroidRuntime: Shutting down VM
08-05 20:57:09.976   512  2967 D audio_hw_primary: out_set_parameters: enter: usecase(1: low-latency-playback) kvpairs: routing=2
08-05 20:57:09.980   918  3696 I ActivityManager: START u0 {dat=https://oauth.reddit.com/... cmp=baseline.org.quantumbadger.redreader/.activities.CommentListingActivity} from uid 10689 on display 0
08-05 20:57:09.989   512  2967 D audio_hw_primary: select_devices: out_snd_device(2: speaker) in_snd_device(0: none)
08-05 20:57:09.990   512  2967 D msm8974_platform: platform_send_audio_calibration: sending audio calibration for snd_device(2) acdb_id(15)
08-05 20:57:09.990   512  2967 I soundtrigger: audio_extn_sound_trigger_update_device_status: device 0x2 of type 0 for Event 1
08-05 20:57:10.001   512  2967 D audio_hw_primary: enable_snd_device: snd_device(2: speaker)
08-05 20:57:10.003   512  2967 D audio_hw_primary: enable_audio_route: apply and update mixer path: low-latency-playback speaker
08-05 20:57:10.005 32542 32542 I AppCompatViewInflater: app:theme is now deprecated. Please move to using android:theme instead.
08-05 20:57:10.024 32542   896 I CommentListingActivity: COMMENTS session changed to 49246fa6-6643-4fb2-8218-99db83d97ab0
08-05 20:57:10.108   918   936 I ActivityManager: Displayed baseline.org.quantumbadger.redreader/.activities.CommentListingActivity: +118ms
08-05 20:57:10.113 13866 13866 I GoogleInputMethodServic: GoogleInputMethodService.onFinishInput():3138 
08-05 20:57:10.114 13866 13866 I GoogleInputMethodServic: GoogleInputMethodService.onStartInput():1808 
08-05 20:57:10.197 32542   460 I art     : Starting a blocking GC Explicit
08-05 20:57:10.262 32542   460 I art     : Explicit concurrent mark sweep GC freed 32728(1782KB) AllocSpace objects, 1(20KB) LOS objects, 28% free, 40MB/56MB, paused 909us total 65.101ms
08-05 20:57:10.284 32542   460 I art     : Starting a blocking GC Explicit
08-05 20:57:10.349 32542   460 I art     : Explicit concurrent mark sweep GC freed 11854(539KB) AllocSpace objects, 0(0B) LOS objects, 28% free, 39MB/55MB, paused 481us total 64.366ms
08-05 20:57:10.370   380   380 W SurfaceFlinger: couldn't log to binary event log: overflow.
08-05 20:57:10.372 32542   460 I art     : Starting a blocking GC Explicit
08-05 20:57:10.432 32542   460 I art     : Explicit concurrent mark sweep GC freed 43(2432B) AllocSpace objects, 0(0B) LOS objects, 28% free, 39MB/55MB, paused 484us total 59.539ms
08-05 20:57:10.452 32542   460 I art     : Starting a blocking GC Explicit
08-05 20:57:10.512 32542   460 I art     : Explicit concurrent mark sweep GC freed 55(1840B) AllocSpace objects, 0(0B) LOS objects, 28% free, 39MB/55MB, paused 792us total 59.846ms
08-05 20:57:10.513 32542 32552 I art     : WaitForGcToComplete blocked for 60.232ms for cause HeapTrim
08-05 20:57:10.533 32542   460 I art     : Starting a blocking GC Explicit
08-05 20:57:10.539   512  2967 D audio_hw_primary: disable_audio_route: reset and update mixer path: low-latency-playback speaker
08-05 20:57:10.540   512  2967 D audio_hw_primary: disable_snd_device: snd_device(2: speaker)
08-05 20:57:10.548   512  2967 I soundtrigger: audio_extn_sound_trigger_update_device_status: device 0x2 of type 0 for Event 0
08-05 20:57:10.591 32542   460 I art     : Explicit concurrent mark sweep GC freed 103(3KB) AllocSpace objects, 0(0B) LOS objects, 28% free, 39MB/55MB, paused 435us total 57.949ms
08-05 20:57:10.930 32542  1481 I art     : Starting a blocking GC Explicit
08-05 20:57:10.996 32542  1481 I art     : Explicit concurrent mark sweep GC freed 1356(82KB) AllocSpace objects, 1(20KB) LOS objects, 28% free, 39MB/55MB, paused 467us total 65.871ms
08-05 20:57:11.019 32542  1481 I art     : Starting a blocking GC Explicit
08-05 20:57:11.075 32542  1481 I art     : Explicit concurrent mark sweep GC freed 20(704B) AllocSpace objects, 0(0B) LOS objects, 28% free, 39MB/55MB, paused 437us total 55.972ms
08-05 20:57:11.096 32542  1481 I art     : Starting a blocking GC Explicit
08-05 20:57:11.160 32542  1481 I art     : Explicit concurrent mark sweep GC freed 49(1920B) AllocSpace objects, 0(0B) LOS objects, 28% free, 39MB/55MB, paused 501us total 63.016ms
08-05 20:57:11.181 32542  1481 I art     : Starting a blocking GC Explicit
08-05 20:57:11.247 32542  1481 I art     : Explicit concurrent mark sweep GC freed 3(96B) AllocSpace objects, 0(0B) LOS objects, 28% free, 39MB/55MB, paused 509us total 65.631ms
08-05 20:57:11.268 32542  1481 I art     : Starting a blocking GC Explicit
08-05 20:57:11.333 32542  1481 I art     : Explicit concurrent mark sweep GC freed 3(96B) AllocSpace objects, 0(0B) LOS objects, 28% free, 39MB/55MB, paused 498us total 65.201ms
08-05 20:57:11.436   518   646 I ThermalEngine: ACTION: GPU - Setting GPU[0] to 390000000
08-05 20:57:11.707   918  1210 D NetlinkSocketObserver: NeighborEvent{elapsedMs=1807635581, 192.168.2.254, [7C3953A63323], RTM_NEWNEIGH, NUD_STALE}
08-05 20:57:11.714 32542  3612 I art     : Starting a blocking GC Explicit
08-05 20:57:11.806 32542  3612 I art     : Explicit concurrent mark sweep GC freed 1354(82KB) AllocSpace objects, 1(20KB) LOS objects, 28% free, 39MB/55MB, paused 869us total 92.338ms
08-05 20:57:11.837 32542  3612 I art     : Starting a blocking GC Explicit
08-05 20:57:11.923 32542  3612 I art     : Explicit concurrent mark sweep GC freed 20(704B) AllocSpace objects, 0(0B) LOS objects, 28% free, 39MB/55MB, paused 909us total 85.773ms
08-05 20:57:11.953 32542  3612 I art     : Starting a blocking GC Explicit
08-05 20:57:12.037 32542  3612 I art     : Explicit concurrent mark sweep GC freed 3(96B) AllocSpace objects, 0(0B) LOS objects, 28% free, 39MB/55MB, paused 786us total 82.322ms
08-05 20:57:12.068 32542  3612 I art     : Starting a blocking GC Explicit
08-05 20:57:12.151 32542  3612 I art     : Explicit concurrent mark sweep GC freed 3(96B) AllocSpace objects, 0(0B) LOS objects, 28% free, 39MB/55MB, paused 816us total 82.191ms
08-05 20:57:12.185 32542  3612 I art     : Starting a blocking GC Explicit
08-05 20:57:12.275 32542  3612 I art     : Explicit concurrent mark sweep GC freed 3(96B) AllocSpace objects, 0(0B) LOS objects, 28% free, 39MB/55MB, paused 750us total 89.963ms
08-05 20:57:12.685 32542  3613 I art     : Starting a blocking GC Explicit
08-05 20:57:12.794 32542  3613 I art     : Explicit concurrent mark sweep GC freed 1354(82KB) AllocSpace objects, 1(20KB) LOS objects, 28% free, 39MB/55MB, paused 955us total 109.010ms
08-05 20:57:12.829 32542  3613 I art     : Starting a blocking GC Explicit
08-05 20:57:12.910 32542  3613 I art     : Explicit concurrent mark sweep GC freed 20(704B) AllocSpace objects, 0(0B) LOS objects, 28% free, 39MB/55MB, paused 843us total 79.863ms
08-05 20:57:12.945 32542  3613 I art     : Starting a blocking GC Explicit
08-05 20:57:13.025 32542  3613 I art     : Explicit concurrent mark sweep GC freed 3(96B) AllocSpace objects, 0(0B) LOS objects, 28% free, 39MB/55MB, paused 656us total 79.184ms
08-05 20:57:13.062 32542  3613 I art     : Starting a blocking GC Explicit
08-05 20:57:13.066 13866 13882 I PeriodicStatsRunner: PeriodicStatsRunner.call():175 call()
08-05 20:57:13.067 13866 13882 I PeriodicStatsRunner: PeriodicStatsRunner.call():179 No submit PeriodicStats since input started.
08-05 20:57:13.152 32542  3613 I art     : Explicit concurrent mark sweep GC freed 3(96B) AllocSpace objects, 0(0B) LOS objects, 28% free, 39MB/55MB, paused 798us total 89.410ms
08-05 20:57:13.189 32542  3613 I art     : Starting a blocking GC Explicit
08-05 20:57:13.277 32542  3613 I art     : Explicit concurrent mark sweep GC freed 3(96B) AllocSpace objects, 0(0B) LOS objects, 28% free, 39MB/55MB, paused 750us total 86.817ms
08-05 20:57:13.444   518   646 I ThermalEngine: ACTION: GPU - Setting GPU[0] to 450000000
08-05 20:57:13.655 32542   460 I art     : Starting a blocking GC Explicit
08-05 20:57:13.737 32542   460 I art     : Explicit concurrent mark sweep GC freed 1354(82KB) AllocSpace objects, 1(20KB) LOS objects, 28% free, 39MB/55MB, paused 543us total 82.046ms
08-05 20:57:13.761 32542   460 I art     : Starting a blocking GC Explicit
08-05 20:57:13.833 32542   460 I art     : Explicit concurrent mark sweep GC freed 20(704B) AllocSpace objects, 0(0B) LOS objects, 28% free, 39MB/55MB, paused 529us total 71.311ms
08-05 20:57:13.855 32542   460 I art     : Starting a blocking GC Explicit
08-05 20:57:13.924 32542   460 I art     : Explicit concurrent mark sweep GC freed 3(96B) AllocSpace objects, 0(0B) LOS objects, 28% free, 39MB/55MB, paused 528us total 68.727ms
08-05 20:57:13.946 32542   460 I art     : Starting a blocking GC Explicit
08-05 20:57:14.015 32542   460 I art     : Explicit concurrent mark sweep GC freed 3(96B) AllocSpace objects, 0(0B) LOS objects, 28% free, 39MB/55MB, paused 499us total 68.860ms
08-05 20:57:14.037 32542   460 I art     : Starting a blocking GC Explicit
08-05 20:57:14.108 32542   460 I art     : Explicit concurrent mark sweep GC freed 3(96B) AllocSpace objects, 0(0B) LOS objects, 28% free, 39MB/55MB, paused 552us total 71.392ms
08-05 20:57:14.434 32542 32553 I art     : Starting a blocking GC Explicit
08-05 20:57:14.512 32542 32553 I art     : Explicit concurrent mark sweep GC freed 1354(82KB) AllocSpace objects, 1(20KB) LOS objects, 28% free, 39MB/55MB, paused 499us total 77.599ms
08-05 20:57:14.533 32542 32553 I art     : Starting a blocking GC Explicit
08-05 20:57:14.599 32542 32553 I art     : Explicit concurrent mark sweep GC freed 20(704B) AllocSpace objects, 0(0B) LOS objects, 28% free, 39MB/55MB, paused 558us total 65.451ms
08-05 20:57:14.621 32542 32553 I art     : Starting a blocking GC Explicit
08-05 20:57:14.687 32542 32553 I art     : Explicit concurrent mark sweep GC freed 3(96B) AllocSpace objects, 0(0B) LOS objects, 28% free, 39MB/55MB, paused 584us total 66.049ms
08-05 20:57:14.709 32542 32553 I art     : Starting a blocking GC Explicit
08-05 20:57:14.775 32542 32553 I art     : Explicit concurrent mark sweep GC freed 3(96B) AllocSpace objects, 0(0B) LOS objects, 28% free, 39MB/55MB, paused 529us total 66.615ms
08-05 20:57:14.793  4038  4038 D AndroidRuntime: >>>>>> START com.android.internal.os.RuntimeInit uid 2000 <<<<<<
08-05 20:57:14.798 32542 32553 I art     : Starting a blocking GC Explicit
08-05 20:57:14.799  4038  4038 D AndroidRuntime: CheckJNI is OFF
08-05 20:57:14.844  4038  4038 D ICU     : No timezone override file found: /data/misc/zoneinfo/current/icu/icu_tzdata.dat
08-05 20:57:14.864 32542 32553 I art     : Explicit concurrent mark sweep GC freed 3(96B) AllocSpace objects, 0(0B) LOS objects, 28% free, 39MB/55MB, paused 511us total 65.828ms
08-05 20:57:14.893  4038  4038 I Radio-JNI: register_android_hardware_Radio DONE
08-05 20:57:14.921  4038  4038 D AndroidRuntime: Calling main entry com.android.commands.input.Input
08-05 20:57:14.923  4038  4038 I Input   : injectKeyEvent: KeyEvent { action=ACTION_DOWN, keyCode=KEYCODE_BACK, scanCode=0, metaState=0, flags=0x0, repeatCount=0, eventTime=824251336, downTime=824251336, deviceId=-1, source=0x101 }
08-05 20:57:14.929  4038  4038 I Input   : injectKeyEvent: KeyEvent { action=ACTION_UP, keyCode=KEYCODE_BACK, scanCode=0, metaState=0, flags=0x0, repeatCount=0, eventTime=824251336, downTime=824251336, deviceId=-1, source=0x101 }
08-05 20:57:14.935  4038  4038 D AndroidRuntime: Shutting down VM
08-05 20:57:14.983 13866 13866 I GoogleInputMethodServic: GoogleInputMethodService.onFinishInput():3138 
08-05 20:57:14.984 13866 13866 I GoogleInputMethodServic: GoogleInputMethodService.onStartInput():1808 
08-05 20:57:14.992 32542  3987 I RedditChangeDataIO: Writing tmp data file at '/data/user/0/baseline.org.quantumbadger.redreader/files/rr_change_data_tmp.dat'
08-05 20:57:14.992 32542  3987 I RedditChangeDataManager: Taking snapshot...
08-05 20:57:14.992 32542  3987 I RedditChangeDataManager: Writing to stream...
08-05 20:57:14.992 32542  3987 I RedditChangeDataManager: Wrote 6 entries for user ''
08-05 20:57:14.993 32542  3987 I RedditChangeDataManager: All entries written to stream.
08-05 20:57:14.993 32542  3987 I RedditChangeDataIO: Write successful. Atomically replacing data file...
08-05 20:57:14.993 32542  3987 I RedditChangeDataIO: Write complete.
08-05 20:57:14.993 32542  3987 I RedditChangeDataIO: 158 bytes written in 2 ms
08-05 20:57:15.114 13866 13882 I PeriodicStatsRunner: PeriodicStatsRunner.call():175 call()
08-05 20:57:15.114 13866 13882 I PeriodicStatsRunner: PeriodicStatsRunner.call():179 No submit PeriodicStats since input started.
08-05 20:57:15.184 32542  3612 I art     : Starting a blocking GC Explicit
08-05 20:57:15.261 32542  3612 I art     : Explicit concurrent mark sweep GC freed 1709(97KB) AllocSpace objects, 2(88KB) LOS objects, 28% free, 39MB/55MB, paused 498us total 76.463ms
08-05 20:57:15.285 32542  3612 I art     : Starting a blocking GC Explicit
08-05 20:57:15.290   380   380 W SurfaceFlinger: couldn't log to binary event log: overflow.
08-05 20:57:15.348 32542  3612 I art     : Explicit concurrent mark sweep GC freed 78(2896B) AllocSpace objects, 0(0B) LOS objects, 28% free, 39MB/55MB, paused 492us total 62.650ms
08-05 20:57:15.368 32542  3612 I art     : Starting a blocking GC Explicit
08-05 20:57:15.421 32542  3612 I art     : Explicit concurrent mark sweep GC freed 41373(2MB) AllocSpace objects, 5(140KB) LOS objects, 29% free, 37MB/53MB, paused 484us total 52.767ms
08-05 20:57:15.440 32542  3612 I art     : Starting a blocking GC Explicit
08-05 20:57:15.489 32542  3612 I art     : Explicit concurrent mark sweep GC freed 3(96B) AllocSpace objects, 0(0B) LOS objects, 29% free, 37MB/53MB, paused 485us total 48.130ms
08-05 20:57:15.508 32542  3612 I art     : Starting a blocking GC Explicit
08-05 20:57:15.557 32542  3612 I art     : Explicit concurrent mark sweep GC freed 3(96B) AllocSpace objects, 0(0B) LOS objects, 29% free, 37MB/53MB, paused 488us total 48.730ms
08-05 20:57:15.914 32542 32563 I art     : Starting a blocking GC Explicit
08-05 20:57:15.968 32542 32563 I art     : Explicit concurrent mark sweep GC freed 1356(83KB) AllocSpace objects, 1(20KB) LOS objects, 29% free, 37MB/53MB, paused 562us total 53.229ms
08-05 20:57:15.987 32542 32563 I art     : Starting a blocking GC Explicit
08-05 20:57:16.037 32542 32563 I art     : Explicit concurrent mark sweep GC freed 20(704B) AllocSpace objects, 0(0B) LOS objects, 29% free, 37MB/53MB, paused 497us total 49.707ms
08-05 20:57:16.056 32542 32563 I art     : Starting a blocking GC Explicit
08-05 20:57:16.108 32542 32563 I art     : Explicit concurrent mark sweep GC freed 3(96B) AllocSpace objects, 0(0B) LOS objects, 29% free, 37MB/53MB, paused 642us total 51.599ms
08-05 20:57:16.130 32542 32563 I art     : Starting a blocking GC Explicit
08-05 20:57:16.178 32542 32563 I art     : Explicit concurrent mark sweep GC freed 3(96B) AllocSpace objects, 0(0B) LOS objects, 29% free, 37MB/53MB, paused 472us total 47.793ms
08-05 20:57:16.197 32542 32563 I art     : Starting a blocking GC Explicit
08-05 20:57:16.241 32542 32563 I art     : Explicit concurrent mark sweep GC freed 3(96B) AllocSpace objects, 0(0B) LOS objects, 29% free, 37MB/53MB, paused 483us total 43.653ms
08-05 20:57:16.574 32542  1481 I art     : Starting a blocking GC Explicit
08-05 20:57:16.635 32542  1481 I art     : Explicit concurrent mark sweep GC freed 1354(82KB) AllocSpace objects, 1(20KB) LOS objects, 29% free, 37MB/53MB, paused 576us total 60.923ms
08-05 20:57:16.656 32542  1481 I art     : Starting a blocking GC Explicit
08-05 20:57:16.707 32542  1481 I art     : Explicit concurrent mark sweep GC freed 20(704B) AllocSpace objects, 0(0B) LOS objects, 29% free, 37MB/53MB, paused 572us total 51.171ms
08-05 20:57:16.721  4084  4084 D AndroidRuntime: >>>>>> START com.android.internal.os.RuntimeInit uid 2000 <<<<<<
08-05 20:57:16.727  4084  4084 D AndroidRuntime: CheckJNI is OFF
08-05 20:57:16.727 32542  1481 I art     : Starting a blocking GC Explicit
08-05 20:57:16.772  4084  4084 D ICU     : No timezone override file found: /data/misc/zoneinfo/current/icu/icu_tzdata.dat
08-05 20:57:16.777 32542  1481 I art     : Explicit concurrent mark sweep GC freed 3(96B) AllocSpace objects, 0(0B) LOS objects, 29% free, 37MB/53MB, paused 518us total 49.518ms
08-05 20:57:16.796 32542  1481 I art     : Starting a blocking GC Explicit
08-05 20:57:16.816  4084  4084 I Radio-JNI: register_android_hardware_Radio DONE
08-05 20:57:16.846 32542  1481 I art     : Explicit concurrent mark sweep GC freed 3(96B) AllocSpace objects, 0(0B) LOS objects, 29% free, 37MB/53MB, paused 525us total 50.256ms
08-05 20:57:16.847  4084  4084 D AndroidRuntime: Calling main entry com.android.commands.input.Input
08-05 20:57:16.849  4084  4084 I Input   : injectKeyEvent: KeyEvent { action=ACTION_DOWN, keyCode=KEYCODE_BACK, scanCode=0, metaState=0, flags=0x0, repeatCount=0, eventTime=824253262, downTime=824253262, deviceId=-1, source=0x101 }
08-05 20:57:16.856  4084  4084 I Input   : injectKeyEvent: KeyEvent { action=ACTION_UP, keyCode=KEYCODE_BACK, scanCode=0, metaState=0, flags=0x0, repeatCount=0, eventTime=824253262, downTime=824253262, deviceId=-1, source=0x101 }
08-05 20:57:16.862  4084  4084 D AndroidRuntime: Shutting down VM
08-05 20:57:16.865 32542  1481 I art     : Starting a blocking GC Explicit
08-05 20:57:16.904 13866 13866 I GoogleInputMethodServic: GoogleInputMethodService.onFinishInput():3138 
08-05 20:57:16.905 13866 13866 I GoogleInputMethodServic: GoogleInputMethodService.onStartInput():1808 
08-05 20:57:16.910 32542  1481 I art     : Explicit concurrent mark sweep GC freed 116(3KB) AllocSpace objects, 0(0B) LOS objects, 29% free, 37MB/53MB, paused 744us total 44.934ms
08-05 20:57:17.246 32542 32553 I art     : Starting a blocking GC Explicit
08-05 20:57:17.297 32542 32553 I art     : Explicit concurrent mark sweep GC freed 1479(87KB) AllocSpace objects, 1(20KB) LOS objects, 29% free, 37MB/53MB, paused 528us total 50.490ms
08-05 20:57:17.316 32542 32553 I art     : Starting a blocking GC Explicit
08-05 20:57:17.366 32542 32553 I art     : Explicit concurrent mark sweep GC freed 154(7KB) AllocSpace objects, 0(0B) LOS objects, 29% free, 37MB/53MB, paused 520us total 49.692ms
08-05 20:57:17.385 32542 32553 I art     : Starting a blocking GC Explicit
08-05 20:57:17.436 32542 32553 I art     : Explicit concurrent mark sweep GC freed 3(96B) AllocSpace objects, 0(0B) LOS objects, 29% free, 37MB/53MB, paused 530us total 50.803ms
08-05 20:57:17.455 32542 32553 I art     : Starting a blocking GC Explicit
08-05 20:57:17.509 32542 32553 I art     : Explicit concurrent mark sweep GC freed 3(96B) AllocSpace objects, 0(0B) LOS objects, 29% free, 37MB/53MB, paused 755us total 53.915ms
08-05 20:57:17.531 32542 32553 I art     : Starting a blocking GC Explicit
08-05 20:57:17.582 32542 32553 I art     : Explicit concurrent mark sweep GC freed 3(96B) AllocSpace objects, 0(0B) LOS objects, 29% free, 37MB/53MB, paused 516us total 50.194ms
08-05 20:57:17.930 32542   460 I art     : Starting a blocking GC Explicit
08-05 20:57:17.998 32542   460 I art     : Explicit concurrent mark sweep GC freed 1354(82KB) AllocSpace objects, 1(20KB) LOS objects, 29% free, 37MB/53MB, paused 588us total 67.483ms
08-05 20:57:18.018 32542   460 I art     : Starting a blocking GC Explicit
08-05 20:57:18.069 32542   460 I art     : Explicit concurrent mark sweep GC freed 20(704B) AllocSpace objects, 0(0B) LOS objects, 29% free, 37MB/53MB, paused 518us total 50.381ms
08-05 20:57:18.088 32542   460 I art     : Starting a blocking GC Explicit
08-05 20:57:18.137 32542   460 I art     : Explicit concurrent mark sweep GC freed 3(96B) AllocSpace objects, 0(0B) LOS objects, 29% free, 37MB/53MB, paused 592us total 49.179ms
08-05 20:57:18.156 32542   460 I art     : Starting a blocking GC Explicit
08-05 20:57:18.204 32542   460 I art     : Explicit concurrent mark sweep GC freed 3(96B) AllocSpace objects, 0(0B) LOS objects, 29% free, 37MB/53MB, paused 522us total 47.964ms
08-05 20:57:18.222 32542   460 I art     : Starting a blocking GC Explicit
08-05 20:57:18.270 32542   460 I art     : Explicit concurrent mark sweep GC freed 3(96B) AllocSpace objects, 0(0B) LOS objects, 29% free, 37MB/53MB, paused 519us total 47.344ms
08-05 20:57:18.599 32542  1481 I art     : Starting a blocking GC Explicit
08-05 20:57:18.647  4128  4128 D AndroidRuntime: >>>>>> START com.android.internal.os.RuntimeInit uid 2000 <<<<<<
08-05 20:57:18.653  4128  4128 D AndroidRuntime: CheckJNI is OFF
08-05 20:57:18.662 32542  1481 I art     : Explicit concurrent mark sweep GC freed 1354(82KB) AllocSpace objects, 1(20KB) LOS objects, 29% free, 37MB/53MB, paused 595us total 61.992ms
08-05 20:57:18.681 32542  1481 I art     : Starting a blocking GC Explicit
08-05 20:57:18.702  4128  4128 D ICU     : No timezone override file found: /data/misc/zoneinfo/current/icu/icu_tzdata.dat
08-05 20:57:18.731 32542  1481 I art     : Explicit concurrent mark sweep GC freed 20(704B) AllocSpace objects, 0(0B) LOS objects, 29% free, 37MB/53MB, paused 592us total 50.220ms
08-05 20:57:18.749  4128  4128 I Radio-JNI: register_android_hardware_Radio DONE
08-05 20:57:18.750 32542  1481 I art     : Starting a blocking GC Explicit
08-05 20:57:18.780  4128  4128 D AndroidRuntime: Calling main entry com.android.commands.input.Input
08-05 20:57:18.782  4128  4128 I Input   : injectMotionEvent: MotionEvent { action=ACTION_DOWN, actionButton=0, id[0]=0, x[0]=600.0, y[0]=1733.0, toolType[0]=TOOL_TYPE_UNKNOWN, buttonState=0, metaState=0, flags=0x0, edgeFlags=0x0, pointerCount=1, historySize=0, eventTime=824255194, downTime=824255194, deviceId=0, source=0x1002 }
08-05 20:57:18.788  4128  4128 I Input   : injectMotionEvent: MotionEvent { action=ACTION_UP, actionButton=0, id[0]=0, x[0]=600.0, y[0]=1733.0, toolType[0]=TOOL_TYPE_UNKNOWN, buttonState=0, metaState=0, flags=0x0, edgeFlags=0x0, pointerCount=1, historySize=0, eventTime=824255194, downTime=824255194, deviceId=0, source=0x1002 }
08-05 20:57:18.790  4128  4128 D AndroidRuntime: Shutting down VM
08-05 20:57:18.796   512  2967 D audio_hw_primary: out_set_parameters: enter: usecase(1: low-latency-playback) kvpairs: routing=2
08-05 20:57:18.797   918  6029 I ActivityManager: START u0 {dat=https://oauth.reddit.com/... cmp=baseline.org.quantumbadger.redreader/.activities.PostListingActivity} from uid 10689 on display 0
08-05 20:57:18.800 32542  1481 I art     : Explicit concurrent mark sweep GC freed 54(1760B) AllocSpace objects, 0(0B) LOS objects, 29% free, 37MB/53MB, paused 573us total 49.336ms
08-05 20:57:18.810   512  2967 D audio_hw_primary: select_devices: out_snd_device(2: speaker) in_snd_device(0: none)
08-05 20:57:18.810   512  2967 D msm8974_platform: platform_send_audio_calibration: sending audio calibration for snd_device(2) acdb_id(15)
08-05 20:57:18.810   512  2967 I soundtrigger: audio_extn_sound_trigger_update_device_status: device 0x2 of type 0 for Event 1
08-05 20:57:18.821 32542  1481 I art     : Starting a blocking GC Explicit
08-05 20:57:18.822   512  2967 D audio_hw_primary: enable_snd_device: snd_device(2: speaker)
08-05 20:57:18.824   512  2967 D audio_hw_primary: enable_audio_route: apply and update mixer path: low-latency-playback speaker
08-05 20:57:18.829 32542 32542 I AppCompatViewInflater: app:theme is now deprecated. Please move to using android:theme instead.
08-05 20:57:18.853 32542  4158 D OK      : calling: https://oauth.reddit.com/r/aww/about.json
08-05 20:57:18.867 32542  1481 I art     : Explicit concurrent mark sweep GC freed 849(55KB) AllocSpace objects, 0(0B) LOS objects, 29% free, 37MB/53MB, paused 644us total 45.735ms
08-05 20:57:18.884 32542  1481 I art     : Starting a blocking GC Explicit
08-05 20:57:18.906   918   936 I ActivityManager: Displayed baseline.org.quantumbadger.redreader/.activities.PostListingActivity: +98ms
08-05 20:57:18.910 13866 13866 I GoogleInputMethodServic: GoogleInputMethodService.onFinishInput():3138 
08-05 20:57:18.913 13866 13866 I GoogleInputMethodServic: GoogleInputMethodService.onStartInput():1808 
08-05 20:57:18.929 32542  1481 I art     : Explicit concurrent mark sweep GC freed 951(58KB) AllocSpace objects, 0(0B) LOS objects, 29% free, 37MB/53MB, paused 616us total 44.005ms
08-05 20:57:19.169   380   380 W SurfaceFlinger: couldn't log to binary event log: overflow.
08-05 20:57:19.219 32542  4158 I NAPPA_EXPERIMENTATION: MetricNetworkRequestExecutionTime: REQUEST_DURATION_SYSTEM='366',REQUEST_DURATION_OKHTTP='146',REQUEST_SYNCHRONOUS='TRUE',RESPONSE_CODE='200',RESPONSE_METHOD='GET',RESPONSE_LENGTH_OKHTTP='-1',RESPONSE_LENGTH_HEADER='3478',REQUEST_PROTOCOL='h2',REQUEST_URL='https://oauth.reddit.com/r/aww/about.json',
08-05 20:57:19.219 32542  4158 D OK      : request got status: 200
08-05 20:57:19.256 32542 32555 I art     : Starting a blocking GC Explicit
08-05 20:57:19.308 32542 32555 I art     : Explicit concurrent mark sweep GC freed 4589(333KB) AllocSpace objects, 2(88KB) LOS objects, 29% free, 37MB/53MB, paused 673us total 51.247ms
08-05 20:57:19.330 32542 32555 I art     : Starting a blocking GC Explicit
08-05 20:57:19.361   512  2967 D audio_hw_primary: disable_audio_route: reset and update mixer path: low-latency-playback speaker
08-05 20:57:19.362   512  2967 D audio_hw_primary: disable_snd_device: snd_device(2: speaker)
08-05 20:57:19.370   512  2967 I soundtrigger: audio_extn_sound_trigger_update_device_status: device 0x2 of type 0 for Event 0
08-05 20:57:19.381 32542 32555 I art     : Explicit concurrent mark sweep GC freed 709(48KB) AllocSpace objects, 1(68KB) LOS objects, 29% free, 37MB/53MB, paused 511us total 50.351ms
08-05 20:57:19.399 32542 32555 I art     : Starting a blocking GC Explicit
08-05 20:57:19.450 32542 32555 I art     : Explicit concurrent mark sweep GC freed 8(272B) AllocSpace objects, 0(0B) LOS objects, 29% free, 37MB/53MB, paused 531us total 49.933ms
08-05 20:57:19.469 32542 32555 I art     : Starting a blocking GC Explicit
08-05 20:57:19.520 32542 32555 I art     : Explicit concurrent mark sweep GC freed 3(96B) AllocSpace objects, 0(0B) LOS objects, 29% free, 37MB/53MB, paused 615us total 50.606ms
08-05 20:57:19.538 32542 32555 I art     : Starting a blocking GC Explicit
08-05 20:57:19.586 32542 32555 I art     : Explicit concurrent mark sweep GC freed 38(1568B) AllocSpace objects, 0(0B) LOS objects, 29% free, 37MB/53MB, paused 544us total 47.651ms
08-05 20:57:19.935 32542 32563 I art     : Starting a blocking GC Explicit
08-05 20:57:19.984 13866 13882 I PeriodicStatsRunner: PeriodicStatsRunner.call():175 call()
08-05 20:57:19.984 13866 13882 I PeriodicStatsRunner: PeriodicStatsRunner.call():179 No submit PeriodicStats since input started.
08-05 20:57:19.987 32542 32563 I art     : Explicit concurrent mark sweep GC freed 1378(83KB) AllocSpace objects, 1(20KB) LOS objects, 29% free, 37MB/53MB, paused 579us total 51.509ms
08-05 20:57:20.006 32542 32563 I art     : Starting a blocking GC Explicit
08-05 20:57:20.053 32542  4182 D OK      : calling: https://oauth.reddit.com/r/aww/hot/.json
08-05 20:57:20.055 32542 32563 I art     : Explicit concurrent mark sweep GC freed 65(2640B) AllocSpace objects, 0(0B) LOS objects, 29% free, 37MB/53MB, paused 652us total 48.943ms
08-05 20:57:20.074 32542 32563 I art     : Starting a blocking GC Explicit
08-05 20:57:20.124 32542 32563 I art     : Explicit concurrent mark sweep GC freed 56(2048B) AllocSpace objects, 0(0B) LOS objects, 29% free, 37MB/53MB, paused 582us total 49.092ms
08-05 20:57:20.142 32542 32563 I art     : Starting a blocking GC Explicit
08-05 20:57:20.191 32542 32563 I art     : Explicit concurrent mark sweep GC freed 3(96B) AllocSpace objects, 0(0B) LOS objects, 29% free, 37MB/53MB, paused 615us total 48.731ms
08-05 20:57:20.210 32542 32563 I art     : Starting a blocking GC Explicit
08-05 20:57:20.260 32542 32563 I art     : Explicit concurrent mark sweep GC freed 3(96B) AllocSpace objects, 0(0B) LOS objects, 29% free, 37MB/53MB, paused 629us total 49.507ms
08-05 20:57:20.312 32542  4182 I NAPPA_EXPERIMENTATION: MetricNetworkRequestExecutionTime: REQUEST_DURATION_SYSTEM='259',REQUEST_DURATION_OKHTTP='254',REQUEST_SYNCHRONOUS='TRUE',RESPONSE_CODE='200',RESPONSE_METHOD='GET',RESPONSE_LENGTH_OKHTTP='-1',RESPONSE_LENGTH_HEADER='33430',REQUEST_PROTOCOL='h2',REQUEST_URL='https://oauth.reddit.com/r/aww/hot/.json',
08-05 20:57:20.312 32542  4182 D OK      : request got status: 200
08-05 20:57:20.346 32542   896 I PostListingFragment: Precaching images: OFF
08-05 20:57:20.346 32542   896 I PostListingFragment: Precaching comments: OFF
08-05 20:57:20.372 32542   896 I getImgurImageInfo: Image NSO7Npm: trying API v3 with auth
08-05 20:57:20.537 32542  3079 I RedditVideosAPI: For 'https://v.redd.it/fkewv2f65kd51/DASHPlaylist.mpd', got video stream 'https://v.redd.it/fkewv2f65kd51/DASH_480' and audio stream 'https://v.redd.it/fkewv2f65kd51/audio'
08-05 20:57:20.539 32542  3079 I RedditVideosAPI: For 'https://v.redd.it/ak6rer1hskd51/DASHPlaylist.mpd', got video stream 'https://v.redd.it/ak6rer1hskd51/DASH_360' and audio stream 'null'
08-05 20:57:20.540 32542  3079 I RedditVideosAPI: For 'https://v.redd.it/h49fg58ygjd51/DASHPlaylist.mpd', got video stream 'https://v.redd.it/h49fg58ygjd51/DASH_480' and audio stream 'null'
08-05 20:57:20.541 32542  3079 I RedditVideosAPI: For 'https://v.redd.it/1ewzkieg0jd51/DASHPlaylist.mpd', got video stream 'https://v.redd.it/1ewzkieg0jd51/DASH_480' and audio stream 'https://v.redd.it/1ewzkieg0jd51/audio'
08-05 20:57:20.542 32542  3079 I RedditVideosAPI: For 'https://v.redd.it/ppmhu2r9thd51/DASHPlaylist.mpd', got video stream 'https://v.redd.it/ppmhu2r9thd51/DASH_480' and audio stream 'null'
08-05 20:57:20.542 32542  4184 I RedditVideosAPI: For 'https://v.redd.it/s9qqadf3mid51/DASHPlaylist.mpd', got video stream 'https://v.redd.it/s9qqadf3mid51/DASH_480' and audio stream 'https://v.redd.it/s9qqadf3mid51/audio'
08-05 20:57:20.543 32542  4184 I RedditVideosAPI: For 'https://v.redd.it/ty24o02m1hd51/DASHPlaylist.mpd', got video stream 'https://v.redd.it/ty24o02m1hd51/DASH_480' and audio stream 'null'
08-05 20:57:20.543 32542  3079 I RedditVideosAPI: For 'https://v.redd.it/b8vazlcb7ld51/DASHPlaylist.mpd', got video stream 'https://v.redd.it/b8vazlcb7ld51/DASH_480' and audio stream 'https://v.redd.it/b8vazlcb7ld51/audio'
08-05 20:57:20.544 32542  3079 I RedditVideosAPI: For 'https://v.redd.it/ar5k8892pid51/DASHPlaylist.mpd', got video stream 'https://v.redd.it/ar5k8892pid51/DASH_360' and audio stream 'https://v.redd.it/ar5k8892pid51/audio'
08-05 20:57:20.588 32542 32563 I art     : Starting a blocking GC Explicit
08-05 20:57:20.595 32542 32542 W RecyclerView: Cannot call this method in a scroll callback. Scroll callbacks mightbe run during a measure & layout pass where you cannot change theRecyclerView data. Any method call that might change the structureof the RecyclerView or the adapter contents should be postponed tothe next frame.
08-05 20:57:20.595 32542 32542 W RecyclerView: java.lang.IllegalStateException:  androidx.recyclerview.widget.RecyclerView{8bc89e9 VFED..... .F....ID 0,0-1440,2140 #7f0900ef app:id/scrollbar_recyclerview_recyclerview}, adapter:baseline.org.quantumbadger.redreader.adapters.GroupedRecyclerViewAdapter@d81e66e, layout:androidx.recyclerview.widget.LinearLayoutManager@b98d10f, context:baseline.org.quantumbadger.redreader.activities.PostListingActivity@4eda34a
08-05 20:57:20.595 32542 32542 W RecyclerView: 	at androidx.recyclerview.widget.RecyclerView.assertNotInLayoutOrScroll(RecyclerView.java:3061)
08-05 20:57:20.595 32542 32542 W RecyclerView: 	at androidx.recyclerview.widget.RecyclerView$RecyclerViewDataObserver.onItemRangeInserted(RecyclerView.java:5555)
08-05 20:57:20.595 32542 32542 W RecyclerView: 	at androidx.recyclerview.widget.RecyclerView$AdapterDataObservable.notifyItemRangeInserted(RecyclerView.java:12278)
08-05 20:57:20.595 32542 32542 W RecyclerView: 	at androidx.recyclerview.widget.RecyclerView$Adapter.notifyItemInserted(RecyclerView.java:7464)
08-05 20:57:20.595 32542 32542 W RecyclerView: 	at baseline.org.quantumbadger.redreader.adapters.GroupedRecyclerViewAdapter.updateHiddenStatus(GroupedRecyclerViewAdapter.java:279)
08-05 20:57:20.595 32542 32542 W RecyclerView: 	at baseline.org.quantumbadger.redreader.adapters.RedditListingManager.setLoadingVisible(RedditListingManager.java:125)
08-05 20:57:20.595 32542 32542 W RecyclerView: 	at baseline.org.quantumbadger.redreader.fragments.PostListingFragment.onLoadMoreItemsCheck(PostListingFragment.java:465)
08-05 20:57:20.595 32542 32542 W RecyclerView: 	at baseline.org.quantumbadger.redreader.fragments.PostListingFragment.access$000(PostListingFragment.java:98)
08-05 20:57:20.595 32542 32542 W RecyclerView: 	at baseline.org.quantumbadger.redreader.fragments.PostListingFragment$2.onScrolled(PostListingFragment.java:215)
08-05 20:57:20.595 32542 32542 W RecyclerView: 	at androidx.recyclerview.widget.RecyclerView.dispatchOnScrolled(RecyclerView.java:5173)
08-05 20:57:20.595 32542 32542 W RecyclerView: 	at androidx.recyclerview.widget.RecyclerView.dispatchLayoutStep3(RecyclerView.java:4231)
08-05 20:57:20.595 32542 32542 W RecyclerView: 	at androidx.recyclerview.widget.RecyclerView.dispatchLayout(RecyclerView.java:3862)
08-05 20:57:20.595 32542 32542 W RecyclerView: 	at androidx.recyclerview.widget.RecyclerView.consumePendingUpdateOperations(RecyclerView.java:1897)
08-05 20:57:20.595 32542 32542 W RecyclerView: 	at androidx.recyclerview.widget.RecyclerView$1.run(RecyclerView.java:414)
08-05 20:57:20.595 32542 32542 W RecyclerView: 	at android.view.Choreographer$CallbackRecord.run(Choreographer.java:858)
08-05 20:57:20.595 32542 32542 W RecyclerView: 	at android.view.Choreographer.doCallbacks(Choreographer.java:670)
08-05 20:57:20.595 32542 32542 W RecyclerView: 	at android.view.Choreographer.doFrame(Choreographer.java:603)
08-05 20:57:20.595 32542 32542 W RecyclerView: 	at android.view.Choreographer$FrameDisplayEventReceiver.run(Choreographer.java:844)
08-05 20:57:20.595 32542 32542 W RecyclerView: 	at android.os.Handler.handleCallback(Handler.java:739)
08-05 20:57:20.595 32542 32542 W RecyclerView: 	at android.os.Handler.dispatchMessage(Handler.java:95)
08-05 20:57:20.595 32542 32542 W RecyclerView: 	at android.os.Looper.loop(Looper.java:148)
08-05 20:57:20.595 32542 32542 W RecyclerView: 	at android.app.ActivityThread.main(ActivityThread.java:5417)
08-05 20:57:20.595 32542 32542 W RecyclerView: 	at java.lang.reflect.Method.invoke(Native Method)
08-05 20:57:20.595 32542 32542 W RecyclerView: 	at com.android.internal.os.ZygoteInit$MethodAndArgsCaller.run(ZygoteInit.java:726)
08-05 20:57:20.595 32542 32542 W RecyclerView: 	at com.android.internal.os.ZygoteInit.main(ZygoteInit.java:616)
08-05 20:57:20.653 32542 32563 I art     : Explicit concurrent mark sweep GC freed 49784(3MB) AllocSpace objects, 97(5MB) LOS objects, 26% free, 43MB/59MB, paused 627us total 64.642ms
08-05 20:57:20.673 32542 32563 I art     : Starting a blocking GC Explicit
08-05 20:57:20.722 32542 32563 I art     : Explicit concurrent mark sweep GC freed 2587(109KB) AllocSpace objects, 0(0B) LOS objects, 27% free, 43MB/59MB, paused 502us total 48.802ms
08-05 20:57:20.740 32542 32563 I art     : Starting a blocking GC Explicit
08-05 20:57:20.789 32542 32563 I art     : Explicit concurrent mark sweep GC freed 158(8KB) AllocSpace objects, 0(0B) LOS objects, 27% free, 43MB/59MB, paused 544us total 47.965ms
08-05 20:57:20.807 32542 32563 I art     : Starting a blocking GC Explicit
08-05 20:57:20.857 32542 32563 I art     : Explicit concurrent mark sweep GC freed 51(2384B) AllocSpace objects, 0(0B) LOS objects, 27% free, 43MB/59MB, paused 502us total 49.544ms
08-05 20:57:20.875 32542 32563 I art     : Starting a blocking GC Explicit
08-05 20:57:20.921 32542 32563 I art     : Explicit concurrent mark sweep GC freed 67(4KB) AllocSpace objects, 0(0B) LOS objects, 27% free, 43MB/59MB, paused 502us total 45.503ms
08-05 20:57:21.255 32542  4206 D OK      : calling: https://oauth.reddit.com/r/aww/hot/.json?after=t3_hz5odc
08-05 20:57:21.307 32542  1481 I art     : Starting a blocking GC Explicit
08-05 20:57:21.377 32542  1481 I art     : Explicit concurrent mark sweep GC freed 1629(94KB) AllocSpace objects, 1(20KB) LOS objects, 27% free, 43MB/59MB, paused 683us total 69.149ms
08-05 20:57:21.397 32542  1481 I art     : Starting a blocking GC Explicit
08-05 20:57:21.443 32542  4206 I NAPPA_EXPERIMENTATION: MetricNetworkRequestExecutionTime: REQUEST_DURATION_SYSTEM='186',REQUEST_DURATION_OKHTTP='177',REQUEST_SYNCHRONOUS='TRUE',RESPONSE_CODE='200',RESPONSE_METHOD='GET',RESPONSE_LENGTH_OKHTTP='-1',RESPONSE_LENGTH_HEADER='30610',REQUEST_PROTOCOL='h2',REQUEST_URL='https://oauth.reddit.com/r/aww/hot/.json?after=t3_hz5odc',
08-05 20:57:21.443 32542  4206 D OK      : request got status: 200
08-05 20:57:21.452 32542  4185 I PostListingFragment: Precaching images: OFF
08-05 20:57:21.452 32542  4185 I PostListingFragment: Precaching comments: OFF
08-05 20:57:21.455 32542  1481 I art     : Explicit concurrent mark sweep GC freed 464(43KB) AllocSpace objects, 0(0B) LOS objects, 26% free, 43MB/59MB, paused 999us total 57.295ms
08-05 20:57:21.475 32542  1481 I art     : Starting a blocking GC Explicit
08-05 20:57:21.480 32542  4184 I RedditVideosAPI: For 'https://v.redd.it/syww111dtjd51/DASHPlaylist.mpd', got video stream 'https://v.redd.it/syww111dtjd51/DASH_480' and audio stream 'https://v.redd.it/syww111dtjd51/audio'
08-05 20:57:21.492 32542  4184 I RedditVideosAPI: For 'https://v.redd.it/pbqrrfb3tkd51/DASHPlaylist.mpd', got video stream 'https://v.redd.it/pbqrrfb3tkd51/DASH_480' and audio stream 'null'
08-05 20:57:21.499 32542  4207 I RedditVideosAPI: For 'https://v.redd.it/rrygsb8i4ld51/DASHPlaylist.mpd', got video stream 'https://v.redd.it/rrygsb8i4ld51/DASH_480' and audio stream 'https://v.redd.it/rrygsb8i4ld51/audio'
08-05 20:57:21.531 32542  1481 I art     : Explicit concurrent mark sweep GC freed 9800(794KB) AllocSpace objects, 30(2028KB) LOS objects, 25% free, 46MB/62MB, paused 1.395ms total 56.230ms
08-05 20:57:21.539 32542  4185 I getImgurImageInfo: Image nLQR2hT: trying API v3 with auth
08-05 20:57:21.550 32542  1481 I art     : Starting a blocking GC Explicit
08-05 20:57:21.606 32542  1481 I art     : Explicit concurrent mark sweep GC freed 12816(779KB) AllocSpace objects, 37(2MB) LOS objects, 24% free, 48MB/64MB, paused 884us total 55.449ms
08-05 20:57:21.623 32542  4207 I RedditVideosAPI: For 'https://v.redd.it/ue0jdgk9zhd51/DASHPlaylist.mpd', got video stream 'https://v.redd.it/ue0jdgk9zhd51/DASH_360' and audio stream 'https://v.redd.it/ue0jdgk9zhd51/audio'
08-05 20:57:21.625 32542  1481 I art     : Starting a blocking GC Explicit
08-05 20:57:21.635 32542  4207 I RedditVideosAPI: For 'https://v.redd.it/5x6zzipz8ld51/DASHPlaylist.mpd', got video stream 'https://v.redd.it/5x6zzipz8ld51/DASH_480' and audio stream 'null'
08-05 20:57:21.636 32542  4207 I RedditVideosAPI: For 'https://v.redd.it/75en73fm5id51/DASHPlaylist.mpd', got video stream 'https://v.redd.it/75en73fm5id51/DASH_480' and audio stream 'https://v.redd.it/75en73fm5id51/audio'
08-05 20:57:21.640 32542  4207 I RedditVideosAPI: For 'https://v.redd.it/ggz4fyth6hd51/DASHPlaylist.mpd', got video stream 'https://v.redd.it/ggz4fyth6hd51/DASH_360' and audio stream 'null'
08-05 20:57:21.641 32542  4184 I RedditVideosAPI: For 'https://v.redd.it/psrknoobrgd51/DASHPlaylist.mpd', got video stream 'https://v.redd.it/psrknoobrgd51/DASH_480' and audio stream 'null'
08-05 20:57:21.641 32542  4207 I RedditVideosAPI: For 'https://v.redd.it/jk6cwef4wld51/DASHPlaylist.mpd', got video stream 'https://v.redd.it/jk6cwef4wld51/DASH_480' and audio stream 'null'
08-05 20:57:21.642 32542  4207 I RedditVideosAPI: For 'https://v.redd.it/xd6c4yyutgd51/DASHPlaylist.mpd', got video stream 'https://v.redd.it/xd6c4yyutgd51/DASH_480' and audio stream 'null'
08-05 20:57:21.642 32542  4184 I RedditVideosAPI: For 'https://v.redd.it/t81s8zfz9ld51/DASHPlaylist.mpd', got video stream 'https://v.redd.it/t81s8zfz9ld51/DASH_480' and audio stream 'https://v.redd.it/t81s8zfz9ld51/audio'
08-05 20:57:21.677 32542  1481 I art     : Explicit concurrent mark sweep GC freed 21526(1550KB) AllocSpace objects, 28(1392KB) LOS objects, 24% free, 48MB/64MB, paused 596us total 51.690ms
08-05 20:57:21.905 13866 13882 I PeriodicStatsRunner: PeriodicStatsRunner.call():175 call()
08-05 20:57:21.906 13866 13882 I PeriodicStatsRunner: PeriodicStatsRunner.call():179 No submit PeriodicStats since input started.
08-05 20:57:22.055 32542   460 I art     : Starting a blocking GC Explicit
08-05 20:57:22.128 32542   460 I art     : Explicit concurrent mark sweep GC freed 1556(102KB) AllocSpace objects, 3(120KB) LOS objects, 24% free, 48MB/64MB, paused 649us total 72.419ms
08-05 20:57:22.151 32542   460 I art     : Starting a blocking GC Explicit
08-05 20:57:22.209 32542   460 I art     : Explicit concurrent mark sweep GC freed 24(816B) AllocSpace objects, 0(0B) LOS objects, 24% free, 48MB/64MB, paused 590us total 57.346ms
08-05 20:57:22.229 32542   460 I art     : Starting a blocking GC Explicit
08-05 20:57:22.292 32542   460 I art     : Explicit concurrent mark sweep GC freed 3(96B) AllocSpace objects, 0(0B) LOS objects, 24% free, 48MB/64MB, paused 652us total 62.920ms
08-05 20:57:22.315 32542   460 I art     : Starting a blocking GC Explicit
08-05 20:57:22.374 32542   460 I art     : Explicit concurrent mark sweep GC freed 3(96B) AllocSpace objects, 0(0B) LOS objects, 24% free, 48MB/64MB, paused 612us total 58.838ms
08-05 20:57:22.394 32542   460 I art     : Starting a blocking GC Explicit
08-05 20:57:22.459 32542   460 I art     : Explicit concurrent mark sweep GC freed 3(96B) AllocSpace objects, 0(0B) LOS objects, 24% free, 48MB/64MB, paused 596us total 64.836ms
08-05 20:57:22.849 32542 32553 I art     : Starting a blocking GC Explicit
08-05 20:57:22.924 32542 32553 I art     : Explicit concurrent mark sweep GC freed 1357(83KB) AllocSpace objects, 1(20KB) LOS objects, 24% free, 48MB/64MB, paused 675us total 74.927ms
08-05 20:57:22.946 32542 32553 I art     : Starting a blocking GC Explicit
08-05 20:57:23.006 32542 32553 I art     : Explicit concurrent mark sweep GC freed 20(704B) AllocSpace objects, 0(0B) LOS objects, 24% free, 48MB/64MB, paused 613us total 59.773ms
08-05 20:57:23.027 32542 32553 I art     : Starting a blocking GC Explicit
08-05 20:57:23.087 32542 32553 I art     : Explicit concurrent mark sweep GC freed 3(96B) AllocSpace objects, 0(0B) LOS objects, 24% free, 48MB/64MB, paused 569us total 60.051ms
08-05 20:57:23.112 32542 32553 I art     : Starting a blocking GC Explicit
08-05 20:57:23.171 32542 32553 I art     : Explicit concurrent mark sweep GC freed 3(96B) AllocSpace objects, 0(0B) LOS objects, 24% free, 48MB/64MB, paused 555us total 58.776ms
08-05 20:57:23.191 32542 32553 I art     : Starting a blocking GC Explicit
08-05 20:57:23.256 32542 32553 I art     : Explicit concurrent mark sweep GC freed 3(96B) AllocSpace objects, 0(0B) LOS objects, 24% free, 48MB/64MB, paused 647us total 64.166ms
08-05 20:57:23.643 32542  3613 I art     : Starting a blocking GC Explicit
08-05 20:57:23.713 32542  3613 I art     : Explicit concurrent mark sweep GC freed 1358(83KB) AllocSpace objects, 1(20KB) LOS objects, 24% free, 48MB/64MB, paused 613us total 69.461ms
08-05 20:57:23.733 32542  3613 I art     : Starting a blocking GC Explicit
08-05 20:57:23.792 32542  3613 I art     : Explicit concurrent mark sweep GC freed 20(704B) AllocSpace objects, 0(0B) LOS objects, 24% free, 48MB/64MB, paused 578us total 59.036ms
08-05 20:57:23.816 32542  3613 I art     : Starting a blocking GC Explicit
08-05 20:57:23.874 32542  3613 I art     : Explicit concurrent mark sweep GC freed 3(96B) AllocSpace objects, 0(0B) LOS objects, 24% free, 48MB/64MB, paused 607us total 57.906ms
08-05 20:57:23.894 32542  3613 I art     : Starting a blocking GC Explicit
08-05 20:57:23.910 13866 13882 I PeriodicStatsRunner: PeriodicStatsRunner.call():175 call()
08-05 20:57:23.911 13866 13882 I PeriodicStatsRunner: PeriodicStatsRunner.call():179 No submit PeriodicStats since input started.
08-05 20:57:23.956 32542  3613 I art     : Explicit concurrent mark sweep GC freed 3(96B) AllocSpace objects, 0(0B) LOS objects, 24% free, 48MB/64MB, paused 630us total 61.210ms
08-05 20:57:23.978 32542  3613 I art     : Starting a blocking GC Explicit
08-05 20:57:24.036 32542  3613 I art     : Explicit concurrent mark sweep GC freed 3(96B) AllocSpace objects, 0(0B) LOS objects, 24% free, 48MB/64MB, paused 540us total 57.563ms
08-05 20:57:24.385 32542  3612 I art     : Starting a blocking GC Explicit
08-05 20:57:24.451 32542  3612 I art     : Explicit concurrent mark sweep GC freed 1357(83KB) AllocSpace objects, 1(20KB) LOS objects, 24% free, 48MB/64MB, paused 616us total 65.210ms
08-05 20:57:24.471 32542  3612 I art     : Starting a blocking GC Explicit
08-05 20:57:24.528 32542  3612 I art     : Explicit concurrent mark sweep GC freed 20(704B) AllocSpace objects, 0(0B) LOS objects, 24% free, 48MB/64MB, paused 735us total 56.417ms
08-05 20:57:24.547 32542  3612 I art     : Starting a blocking GC Explicit
08-05 20:57:24.602  4238  4238 D AndroidRuntime: >>>>>> START com.android.internal.os.RuntimeInit uid 2000 <<<<<<
08-05 20:57:24.602 32542  3612 I art     : Explicit concurrent mark sweep GC freed 3(96B) AllocSpace objects, 0(0B) LOS objects, 24% free, 48MB/64MB, paused 680us total 54.556ms
08-05 20:57:24.608  4238  4238 D AndroidRuntime: CheckJNI is OFF
08-05 20:57:24.622 32542  3612 I art     : Starting a blocking GC Explicit
08-05 20:57:24.653  4238  4238 D ICU     : No timezone override file found: /data/misc/zoneinfo/current/icu/icu_tzdata.dat
08-05 20:57:24.675 32542  3612 I art     : Explicit concurrent mark sweep GC freed 3(96B) AllocSpace objects, 0(0B) LOS objects, 24% free, 48MB/64MB, paused 659us total 52.786ms
08-05 20:57:24.695 32542  3612 I art     : Starting a blocking GC Explicit
08-05 20:57:24.701  4238  4238 I Radio-JNI: register_android_hardware_Radio DONE
08-05 20:57:24.731  4238  4238 D AndroidRuntime: Calling main entry com.android.commands.input.Input
08-05 20:57:24.733  4238  4238 I Input   : injectMotionEvent: MotionEvent { action=ACTION_DOWN, actionButton=0, id[0]=0, x[0]=1340.0, y[0]=1100.0, toolType[0]=TOOL_TYPE_UNKNOWN, buttonState=0, metaState=0, flags=0x0, edgeFlags=0x0, pointerCount=1, historySize=0, eventTime=824261145, downTime=824261145, deviceId=0, source=0x1002 }
08-05 20:57:24.740  4238  4238 I Input   : injectMotionEvent: MotionEvent { action=ACTION_UP, actionButton=0, id[0]=0, x[0]=1340.0, y[0]=1100.0, toolType[0]=TOOL_TYPE_UNKNOWN, buttonState=0, metaState=0, flags=0x0, edgeFlags=0x0, pointerCount=1, historySize=0, eventTime=824261145, downTime=824261145, deviceId=0, source=0x1002 }
08-05 20:57:24.742  4238  4238 D AndroidRuntime: Shutting down VM
08-05 20:57:24.750 32542  3612 I art     : Explicit concurrent mark sweep GC freed 5(160B) AllocSpace objects, 0(0B) LOS objects, 24% free, 48MB/64MB, paused 586us total 54.343ms
08-05 20:57:24.757   512  2967 D audio_hw_primary: out_set_parameters: enter: usecase(1: low-latency-playback) kvpairs: routing=2
08-05 20:57:24.758   918  6112 I ActivityManager: START u0 {dat=https://oauth.reddit.com/... cmp=baseline.org.quantumbadger.redreader/.activities.CommentListingActivity} from uid 10689 on display 0
08-05 20:57:24.770   512  2967 D audio_hw_primary: select_devices: out_snd_device(2: speaker) in_snd_device(0: none)
08-05 20:57:24.770   512  2967 D msm8974_platform: platform_send_audio_calibration: sending audio calibration for snd_device(2) acdb_id(15)
08-05 20:57:24.770   512  2967 I soundtrigger: audio_extn_sound_trigger_update_device_status: device 0x2 of type 0 for Event 1
08-05 20:57:24.781   512  2967 D audio_hw_primary: enable_snd_device: snd_device(2: speaker)
08-05 20:57:24.784   512  2967 D audio_hw_primary: enable_audio_route: apply and update mixer path: low-latency-playback speaker
08-05 20:57:24.788 32542 32542 I AppCompatViewInflater: app:theme is now deprecated. Please move to using android:theme instead.
08-05 20:57:24.806 32542  4185 I CommentListingActivity: COMMENTS session changed to 49246fa6-6643-4fb2-8218-99db83d97ab0
08-05 20:57:24.879   918   936 I ActivityManager: Displayed baseline.org.quantumbadger.redreader/.activities.CommentListingActivity: +112ms
08-05 20:57:24.887 13866 13866 I GoogleInputMethodServic: GoogleInputMethodService.onFinishInput():3138 
08-05 20:57:24.888 13866 13866 I GoogleInputMethodServic: GoogleInputMethodService.onStartInput():1808 
08-05 20:57:25.085 32542 32555 I art     : Starting a blocking GC Explicit
08-05 20:57:25.135   380   380 W SurfaceFlinger: couldn't log to binary event log: overflow.
08-05 20:57:25.168 32542 32555 I art     : Explicit concurrent mark sweep GC freed 44047(2MB) AllocSpace objects, 1(20KB) LOS objects, 24% free, 50MB/66MB, paused 495us total 82.396ms
08-05 20:57:25.188 32542 32555 I art     : Starting a blocking GC Explicit
08-05 20:57:25.248 32542 32555 I art     : Explicit concurrent mark sweep GC freed 7942(563KB) AllocSpace objects, 53(10MB) LOS objects, 28% free, 39MB/55MB, paused 480us total 59.839ms
08-05 20:57:25.269 32542 32555 I art     : Starting a blocking GC Explicit
08-05 20:57:25.329   512  2967 D audio_hw_primary: disable_audio_route: reset and update mixer path: low-latency-playback speaker
08-05 20:57:25.330   512  2967 D audio_hw_primary: disable_snd_device: snd_device(2: speaker)
08-05 20:57:25.333 32542 32555 I art     : Explicit concurrent mark sweep GC freed 149(4KB) AllocSpace objects, 0(0B) LOS objects, 28% free, 39MB/55MB, paused 626us total 63.584ms
08-05 20:57:25.339   512  2967 I soundtrigger: audio_extn_sound_trigger_update_device_status: device 0x2 of type 0 for Event 0
08-05 20:57:25.357 32542 32555 I art     : Starting a blocking GC Explicit
08-05 20:57:25.367 32542  4183 I RedditChangeDataIO: Writing tmp data file at '/data/user/0/baseline.org.quantumbadger.redreader/files/rr_change_data_tmp.dat'
08-05 20:57:25.368 32542  4183 I RedditChangeDataManager: Taking snapshot...
08-05 20:57:25.368 32542  4183 I RedditChangeDataManager: Writing to stream...
08-05 20:57:25.368 32542  4183 I RedditChangeDataManager: Wrote 6 entries for user ''
08-05 20:57:25.368 32542  4183 I RedditChangeDataManager: All entries written to stream.
08-05 20:57:25.369 32542  4183 I RedditChangeDataIO: Write successful. Atomically replacing data file...
08-05 20:57:25.370 32542  4183 I RedditChangeDataIO: Write complete.
08-05 20:57:25.370 32542  4183 I RedditChangeDataIO: 158 bytes written in 3 ms
08-05 20:57:25.414 32542 32555 I art     : Explicit concurrent mark sweep GC freed 87(4KB) AllocSpace objects, 1(68KB) LOS objects, 28% free, 39MB/55MB, paused 489us total 56.460ms
08-05 20:57:25.435 32542 32555 I art     : Starting a blocking GC Explicit
08-05 20:57:25.490 32542 32555 I art     : Explicit concurrent mark sweep GC freed 13(624B) AllocSpace objects, 0(0B) LOS objects, 28% free, 39MB/55MB, paused 452us total 54.611ms
08-05 20:57:25.835 32542  1481 I art     : Starting a blocking GC Explicit
08-05 20:57:25.901 32542  1481 I art     : Explicit concurrent mark sweep GC freed 1357(83KB) AllocSpace objects, 1(20KB) LOS objects, 28% free, 39MB/55MB, paused 571us total 65.566ms
08-05 20:57:25.924 32542  1481 I art     : Starting a blocking GC Explicit
08-05 20:57:25.986 32542  1481 I art     : Explicit concurrent mark sweep GC freed 66(2528B) AllocSpace objects, 0(0B) LOS objects, 28% free, 39MB/55MB, paused 526us total 61.108ms
08-05 20:57:26.007 32542  1481 I art     : Starting a blocking GC Explicit
08-05 20:57:26.070 32542  1481 I art     : Explicit concurrent mark sweep GC freed 3(96B) AllocSpace objects, 0(0B) LOS objects, 28% free, 39MB/55MB, paused 524us total 63.101ms
08-05 20:57:26.091 32542  1481 I art     : Starting a blocking GC Explicit
08-05 20:57:26.157 32542  1481 I art     : Explicit concurrent mark sweep GC freed 3(96B) AllocSpace objects, 0(0B) LOS objects, 28% free, 39MB/55MB, paused 529us total 64.979ms
08-05 20:57:26.178 32542  1481 I art     : Starting a blocking GC Explicit
08-05 20:57:26.244 32542  1481 I art     : Explicit concurrent mark sweep GC freed 3(96B) AllocSpace objects, 0(0B) LOS objects, 28% free, 39MB/55MB, paused 518us total 65.386ms
08-05 20:57:26.596 32542   460 I art     : Starting a blocking GC Explicit
08-05 20:57:26.671 32542   460 I art     : Explicit concurrent mark sweep GC freed 1629(126KB) AllocSpace objects, 1(20KB) LOS objects, 28% free, 39MB/55MB, paused 517us total 74.262ms
08-05 20:57:26.693 32542   460 I art     : Starting a blocking GC Explicit
08-05 20:57:26.768 32542   460 I art     : Explicit concurrent mark sweep GC freed 85(2880B) AllocSpace objects, 0(0B) LOS objects, 28% free, 39MB/55MB, paused 553us total 75.025ms
08-05 20:57:26.792 32542   460 I art     : Starting a blocking GC Explicit
08-05 20:57:26.866 32542   460 I art     : Explicit concurrent mark sweep GC freed 3(96B) AllocSpace objects, 0(0B) LOS objects, 28% free, 39MB/55MB, paused 535us total 73.124ms
08-05 20:57:26.891 32542   460 I art     : Starting a blocking GC Explicit
08-05 20:57:26.961 32542   460 I art     : Explicit concurrent mark sweep GC freed 3(96B) AllocSpace objects, 0(0B) LOS objects, 28% free, 39MB/55MB, paused 511us total 69.774ms
08-05 20:57:26.983 32542   460 I art     : Starting a blocking GC Explicit
08-05 20:57:27.052 32542   460 I art     : Explicit concurrent mark sweep GC freed 3(96B) AllocSpace objects, 0(0B) LOS objects, 28% free, 39MB/55MB, paused 506us total 68.936ms
08-05 20:57:27.126 32448 32448 I Atfwd_Sendcmd: AtCmdFwd service not ready - Exhausted retry attempts - :6
08-05 20:57:27.126 32448 32448 I Atfwd_Daemon: result : -1 	 ,Init step :2 	 ,qmiErrorCode: 0
08-05 20:57:27.440 32542  3612 I art     : Starting a blocking GC Explicit
08-05 20:57:27.532 32542  3612 I art     : Explicit concurrent mark sweep GC freed 1354(82KB) AllocSpace objects, 1(20KB) LOS objects, 28% free, 39MB/55MB, paused 517us total 91.808ms
08-05 20:57:27.556 32542  3612 I art     : Starting a blocking GC Explicit
08-05 20:57:27.629 32542  3612 I art     : Explicit concurrent mark sweep GC freed 20(704B) AllocSpace objects, 0(0B) LOS objects, 28% free, 39MB/55MB, paused 517us total 73.015ms
08-05 20:57:27.651 32542  3612 I art     : Starting a blocking GC Explicit
08-05 20:57:27.723 32542  3612 I art     : Explicit concurrent mark sweep GC freed 3(96B) AllocSpace objects, 0(0B) LOS objects, 28% free, 39MB/55MB, paused 514us total 72.392ms
08-05 20:57:27.745 32542  3612 I art     : Starting a blocking GC Explicit
08-05 20:57:27.815 32542  3612 I art     : Explicit concurrent mark sweep GC freed 3(96B) AllocSpace objects, 0(0B) LOS objects, 28% free, 39MB/55MB, paused 523us total 69.573ms
08-05 20:57:27.837 32542  3612 I art     : Starting a blocking GC Explicit
08-05 20:57:27.915 32542  3612 I art     : Explicit concurrent mark sweep GC freed 3(96B) AllocSpace objects, 0(0B) LOS objects, 28% free, 39MB/55MB, paused 580us total 77.692ms
08-05 20:57:28.293 32542 32553 I art     : Starting a blocking GC Explicit
08-05 20:57:28.378 32542 32553 I art     : Explicit concurrent mark sweep GC freed 1354(82KB) AllocSpace objects, 1(20KB) LOS objects, 28% free, 39MB/55MB, paused 595us total 84.553ms
08-05 20:57:28.403 32542 32553 I art     : Starting a blocking GC Explicit
08-05 20:57:28.475 32542 32553 I art     : Explicit concurrent mark sweep GC freed 20(704B) AllocSpace objects, 0(0B) LOS objects, 28% free, 39MB/55MB, paused 512us total 72.183ms
08-05 20:57:28.497 32542 32553 I art     : Starting a blocking GC Explicit
08-05 20:57:28.567 32542 32553 I art     : Explicit concurrent mark sweep GC freed 3(96B) AllocSpace objects, 0(0B) LOS objects, 28% free, 39MB/55MB, paused 620us total 69.854ms
08-05 20:57:28.590 32542 32553 I art     : Starting a blocking GC Explicit
08-05 20:57:28.665 32542 32553 I art     : Explicit concurrent mark sweep GC freed 3(96B) AllocSpace objects, 0(0B) LOS objects, 28% free, 39MB/55MB, paused 558us total 74.897ms
08-05 20:57:28.688 32542 32553 I art     : Starting a blocking GC Explicit
08-05 20:57:28.761 32542 32553 I art     : Explicit concurrent mark sweep GC freed 3(96B) AllocSpace objects, 0(0B) LOS objects, 28% free, 39MB/55MB, paused 521us total 72.631ms
08-05 20:57:29.136 32542  3613 I art     : Starting a blocking GC Explicit
08-05 20:57:29.208 32542  3613 I art     : Explicit concurrent mark sweep GC freed 1354(82KB) AllocSpace objects, 1(20KB) LOS objects, 28% free, 39MB/55MB, paused 531us total 71.399ms
08-05 20:57:29.230 32542  3613 I art     : Starting a blocking GC Explicit
08-05 20:57:29.293 32542  3613 I art     : Explicit concurrent mark sweep GC freed 20(704B) AllocSpace objects, 0(0B) LOS objects, 28% free, 39MB/55MB, paused 532us total 63.319ms
08-05 20:57:29.315 32542  3613 I art     : Starting a blocking GC Explicit
08-05 20:57:29.383 32542  3613 I art     : Explicit concurrent mark sweep GC freed 3(96B) AllocSpace objects, 0(0B) LOS objects, 28% free, 39MB/55MB, paused 489us total 68.203ms
08-05 20:57:29.405 32542  3613 I art     : Starting a blocking GC Explicit
08-05 20:57:29.473 32542  3613 I art     : Explicit concurrent mark sweep GC freed 3(96B) AllocSpace objects, 0(0B) LOS objects, 28% free, 39MB/55MB, paused 517us total 67.900ms
08-05 20:57:29.494 32542  3613 I art     : Starting a blocking GC Explicit
08-05 20:57:29.542  4319  4319 D AndroidRuntime: >>>>>> START com.android.internal.os.RuntimeInit uid 2000 <<<<<<
08-05 20:57:29.548  4319  4319 D AndroidRuntime: CheckJNI is OFF
08-05 20:57:29.561 32542  3613 I art     : Explicit concurrent mark sweep GC freed 3(96B) AllocSpace objects, 0(0B) LOS objects, 28% free, 39MB/55MB, paused 513us total 66.709ms
08-05 20:57:29.597  4319  4319 D ICU     : No timezone override file found: /data/misc/zoneinfo/current/icu/icu_tzdata.dat
08-05 20:57:29.641  4319  4319 I Radio-JNI: register_android_hardware_Radio DONE
08-05 20:57:29.670  4319  4319 D AndroidRuntime: Calling main entry com.android.commands.input.Input
08-05 20:57:29.672  4319  4319 I Input   : injectKeyEvent: KeyEvent { action=ACTION_DOWN, keyCode=KEYCODE_BACK, scanCode=0, metaState=0, flags=0x0, repeatCount=0, eventTime=824266085, downTime=824266085, deviceId=-1, source=0x101 }
08-05 20:57:29.678  4319  4319 I Input   : injectKeyEvent: KeyEvent { action=ACTION_UP, keyCode=KEYCODE_BACK, scanCode=0, metaState=0, flags=0x0, repeatCount=0, eventTime=824266085, downTime=824266085, deviceId=-1, source=0x101 }
08-05 20:57:29.685  4319  4319 D AndroidRuntime: Shutting down VM
08-05 20:57:29.721   918  3188 I hubconnection: sensorhub said: 'set_bias 3: -5.1360, 0.0000, 0.0000'
08-05 20:57:29.733 13866 13866 I GoogleInputMethodServic: GoogleInputMethodService.onFinishInput():3138 
08-05 20:57:29.734 13866 13866 I GoogleInputMethodServic: GoogleInputMethodService.onStartInput():1808 
08-05 20:57:29.881 32542 32563 I art     : Starting a blocking GC Explicit
08-05 20:57:29.888 13866 13882 I PeriodicStatsRunner: PeriodicStatsRunner.call():175 call()
08-05 20:57:29.888 13866 13882 I PeriodicStatsRunner: PeriodicStatsRunner.call():179 No submit PeriodicStats since input started.
08-05 20:57:29.958 32542 32563 I art     : Explicit concurrent mark sweep GC freed 1621(91KB) AllocSpace objects, 1(20KB) LOS objects, 28% free, 39MB/55MB, paused 477us total 76.257ms
08-05 20:57:29.984 32542 32563 I art     : Starting a blocking GC Explicit
08-05 20:57:30.052 32542 32563 I art     : Explicit concurrent mark sweep GC freed 24(864B) AllocSpace objects, 0(0B) LOS objects, 28% free, 39MB/55MB, paused 476us total 67.883ms
08-05 20:57:30.056   380   380 W SurfaceFlinger: couldn't log to binary event log: overflow.
08-05 20:57:30.075 32542 32563 I art     : Starting a blocking GC Explicit
08-05 20:57:30.136 32542 32563 I art     : Explicit concurrent mark sweep GC freed 65(2384B) AllocSpace objects, 0(0B) LOS objects, 28% free, 39MB/55MB, paused 540us total 60.817ms
08-05 20:57:30.156 32542 32563 I art     : Starting a blocking GC Explicit
08-05 20:57:30.210 32542 32563 I art     : Explicit concurrent mark sweep GC freed 41392(2MB) AllocSpace objects, 5(140KB) LOS objects, 29% free, 37MB/53MB, paused 492us total 53.186ms
08-05 20:57:30.229 32542 32563 I art     : Starting a blocking GC Explicit
08-05 20:57:30.278 32542 32563 I art     : Explicit concurrent mark sweep GC freed 3(96B) AllocSpace objects, 0(0B) LOS objects, 29% free, 37MB/53MB, paused 509us total 48.409ms
08-05 20:57:30.625 32542  3613 I art     : Starting a blocking GC Explicit
08-05 20:57:30.690 32542  3613 I art     : Explicit concurrent mark sweep GC freed 1356(83KB) AllocSpace objects, 1(20KB) LOS objects, 29% free, 37MB/53MB, paused 544us total 64.499ms
08-05 20:57:30.711 32542  3613 I art     : Starting a blocking GC Explicit
08-05 20:57:30.762 32542  3613 I art     : Explicit concurrent mark sweep GC freed 20(704B) AllocSpace objects, 0(0B) LOS objects, 29% free, 37MB/53MB, paused 491us total 50.581ms
08-05 20:57:30.780 32542  3613 I art     : Starting a blocking GC Explicit
08-05 20:57:30.832 32542  3613 I art     : Explicit concurrent mark sweep GC freed 3(96B) AllocSpace objects, 0(0B) LOS objects, 29% free, 37MB/53MB, paused 532us total 51.361ms
08-05 20:57:30.855 32542  3613 I art     : Starting a blocking GC Explicit
08-05 20:57:30.905 32542  3613 I art     : Explicit concurrent mark sweep GC freed 3(96B) AllocSpace objects, 0(0B) LOS objects, 29% free, 37MB/53MB, paused 497us total 50.162ms
08-05 20:57:30.925 32542  3613 I art     : Starting a blocking GC Explicit
08-05 20:57:30.971 32542  3613 I art     : Explicit concurrent mark sweep GC freed 3(96B) AllocSpace objects, 0(0B) LOS objects, 29% free, 37MB/53MB, paused 475us total 45.783ms
08-05 20:57:31.301 32542 32555 I art     : Starting a blocking GC Explicit
08-05 20:57:31.361 32542 32555 I art     : Explicit concurrent mark sweep GC freed 1354(82KB) AllocSpace objects, 1(20KB) LOS objects, 29% free, 37MB/53MB, paused 561us total 60.042ms
08-05 20:57:31.381 32542 32555 I art     : Starting a blocking GC Explicit
08-05 20:57:31.433 32542 32555 I art     : Explicit concurrent mark sweep GC freed 20(704B) AllocSpace objects, 0(0B) LOS objects, 29% free, 37MB/53MB, paused 505us total 51.146ms
08-05 20:57:31.452 32542 32555 I art     : Starting a blocking GC Explicit
08-05 20:57:31.464  4359  4359 D AndroidRuntime: >>>>>> START com.android.internal.os.RuntimeInit uid 2000 <<<<<<
08-05 20:57:31.469  4359  4359 D AndroidRuntime: CheckJNI is OFF
08-05 20:57:31.502 32542 32555 I art     : Explicit concurrent mark sweep GC freed 3(96B) AllocSpace objects, 0(0B) LOS objects, 29% free, 37MB/53MB, paused 512us total 50.371ms
08-05 20:57:31.518  4359  4359 D ICU     : No timezone override file found: /data/misc/zoneinfo/current/icu/icu_tzdata.dat
08-05 20:57:31.521 32542 32555 I art     : Starting a blocking GC Explicit
08-05 20:57:31.563  4359  4359 I Radio-JNI: register_android_hardware_Radio DONE
08-05 20:57:31.572 32542 32555 I art     : Explicit concurrent mark sweep GC freed 3(96B) AllocSpace objects, 0(0B) LOS objects, 29% free, 37MB/53MB, paused 536us total 50.206ms
08-05 20:57:31.591 32542 32555 I art     : Starting a blocking GC Explicit
08-05 20:57:31.594  4359  4359 D AndroidRuntime: Calling main entry com.android.commands.input.Input
08-05 20:57:31.596  4359  4359 I Input   : injectKeyEvent: KeyEvent { action=ACTION_DOWN, keyCode=KEYCODE_BACK, scanCode=0, metaState=0, flags=0x0, repeatCount=0, eventTime=824268008, downTime=824268008, deviceId=-1, source=0x101 }
08-05 20:57:31.602  4359  4359 I Input   : injectKeyEvent: KeyEvent { action=ACTION_UP, keyCode=KEYCODE_BACK, scanCode=0, metaState=0, flags=0x0, repeatCount=0, eventTime=824268008, downTime=824268008, deviceId=-1, source=0x101 }
08-05 20:57:31.607  4359  4359 D AndroidRuntime: Shutting down VM
08-05 20:57:31.637 32542 32555 I art     : Explicit concurrent mark sweep GC freed 110(3KB) AllocSpace objects, 0(0B) LOS objects, 29% free, 37MB/53MB, paused 605us total 46.165ms
08-05 20:57:31.651 13866 13866 I GoogleInputMethodServic: GoogleInputMethodService.onFinishInput():3138 
08-05 20:57:31.652 13866 13866 I GoogleInputMethodServic: GoogleInputMethodService.onStartInput():1808 
08-05 20:57:31.963 32542  1481 I art     : Starting a blocking GC Explicit
08-05 20:57:32.014 32542  1481 I art     : Explicit concurrent mark sweep GC freed 1478(86KB) AllocSpace objects, 1(20KB) LOS objects, 29% free, 37MB/53MB, paused 495us total 51.131ms
08-05 20:57:32.032 32542  1481 I art     : Starting a blocking GC Explicit
08-05 20:57:32.080 32542  1481 I art     : Explicit concurrent mark sweep GC freed 137(6KB) AllocSpace objects, 0(0B) LOS objects, 29% free, 37MB/53MB, paused 497us total 47.821ms
08-05 20:57:32.099 32542  1481 I art     : Starting a blocking GC Explicit
08-05 20:57:32.149 32542  1481 I art     : Explicit concurrent mark sweep GC freed 23(864B) AllocSpace objects, 0(0B) LOS objects, 29% free, 37MB/53MB, paused 506us total 50.228ms
08-05 20:57:32.168 32542  1481 I art     : Starting a blocking GC Explicit
08-05 20:57:32.219 32542  1481 I art     : Explicit concurrent mark sweep GC freed 3(96B) AllocSpace objects, 0(0B) LOS objects, 29% free, 37MB/53MB, paused 517us total 50.285ms
08-05 20:57:32.238 32542  1481 I art     : Starting a blocking GC Explicit
08-05 20:57:32.289 32542  1481 I art     : Explicit concurrent mark sweep GC freed 3(96B) AllocSpace objects, 0(0B) LOS objects, 29% free, 37MB/53MB, paused 554us total 50.289ms
08-05 20:57:32.641 32542  3612 I art     : Starting a blocking GC Explicit
08-05 20:57:32.686   918  3188 I hubconnection: sensorhub said: 'set_bias 3: -5.0880, 0.0000, 0.0000'
08-05 20:57:32.702 32542  3612 I art     : Explicit concurrent mark sweep GC freed 1354(82KB) AllocSpace objects, 1(20KB) LOS objects, 29% free, 37MB/53MB, paused 562us total 61.134ms
08-05 20:57:32.727 32542  3612 I art     : Starting a blocking GC Explicit
08-05 20:57:32.775 32542  3612 I art     : Explicit concurrent mark sweep GC freed 20(704B) AllocSpace objects, 0(0B) LOS objects, 29% free, 37MB/53MB, paused 527us total 48.014ms
08-05 20:57:32.794 32542  3612 I art     : Starting a blocking GC Explicit
08-05 20:57:32.843 32542  3612 I art     : Explicit concurrent mark sweep GC freed 3(96B) AllocSpace objects, 0(0B) LOS objects, 29% free, 37MB/53MB, paused 484us total 48.351ms
08-05 20:57:32.862 32542  3612 I art     : Starting a blocking GC Explicit
08-05 20:57:32.910 32542  3612 I art     : Explicit concurrent mark sweep GC freed 3(96B) AllocSpace objects, 0(0B) LOS objects, 29% free, 37MB/53MB, paused 587us total 47.455ms
08-05 20:57:32.929 32542  3612 I art     : Starting a blocking GC Explicit
08-05 20:57:32.977 32542  3612 I art     : Explicit concurrent mark sweep GC freed 3(96B) AllocSpace objects, 0(0B) LOS objects, 29% free, 37MB/53MB, paused 510us total 47.705ms
08-05 20:57:33.303 32542  3613 I art     : Starting a blocking GC Explicit
08-05 20:57:33.366 32542  3613 I art     : Explicit concurrent mark sweep GC freed 1354(82KB) AllocSpace objects, 1(20KB) LOS objects, 29% free, 37MB/53MB, paused 636us total 62.658ms
08-05 20:57:33.389 32542  3613 I art     : Starting a blocking GC Explicit
08-05 20:57:33.441 32542  3613 I art     : Explicit concurrent mark sweep GC freed 20(704B) AllocSpace objects, 0(0B) LOS objects, 29% free, 37MB/53MB, paused 562us total 51.970ms
08-05 20:57:33.447  4409  4409 D AndroidRuntime: >>>>>> START com.android.internal.os.RuntimeInit uid 2000 <<<<<<
08-05 20:57:33.453  4409  4409 D AndroidRuntime: CheckJNI is OFF
08-05 20:57:33.460 32542  3613 I art     : Starting a blocking GC Explicit
08-05 20:57:33.497  4409  4409 D ICU     : No timezone override file found: /data/misc/zoneinfo/current/icu/icu_tzdata.dat
08-05 20:57:33.510 32542  3613 I art     : Explicit concurrent mark sweep GC freed 3(96B) AllocSpace objects, 0(0B) LOS objects, 29% free, 37MB/53MB, paused 597us total 49.395ms
08-05 20:57:33.529 32542  3613 I art     : Starting a blocking GC Explicit
08-05 20:57:33.546  4409  4409 I Radio-JNI: register_android_hardware_Radio DONE
08-05 20:57:33.573  4409  4409 D AndroidRuntime: Calling main entry com.android.commands.am.Am
08-05 20:57:33.579 32542  3613 I art     : Explicit concurrent mark sweep GC freed 3(96B) AllocSpace objects, 0(0B) LOS objects, 29% free, 37MB/53MB, paused 569us total 49.576ms
08-05 20:57:33.582 19822 19822 I Trepn   : Trepn 6.2s: Received intent: com.quicinc.trepn.stop_profiling
08-05 20:57:33.598 32542  3613 I art     : Starting a blocking GC Explicit
08-05 20:57:33.620 19822 19822 I Trepn   : Trepn 6.2s: Trepn has Stopped Profiling.
08-05 20:57:33.643 32542  3613 I art     : Explicit concurrent mark sweep GC freed 3(96B) AllocSpace objects, 0(0B) LOS objects, 29% free, 37MB/53MB, paused 454us total 45.440ms
08-05 20:57:33.886  4409  4409 D AndroidRuntime: Shutting down VM
08-05 20:57:33.891   918  3961 W AppOps  : Finishing op nesting under-run: uid 10078 pkg com.quicinc.trepn code 24 time=0 duration=0 nesting=0
08-05 20:57:33.989 32542 32563 I art     : Starting a blocking GC Explicit
08-05 20:57:34.043 32542 32563 I art     : Explicit concurrent mark sweep GC freed 1354(82KB) AllocSpace objects, 1(20KB) LOS objects, 29% free, 37MB/53MB, paused 584us total 54.022ms
08-05 20:57:34.065 32542 32563 I art     : Starting a blocking GC Explicit
08-05 20:57:34.122 32542 32563 I art     : Explicit concurrent mark sweep GC freed 20(704B) AllocSpace objects, 0(0B) LOS objects, 29% free, 37MB/53MB, paused 563us total 56.849ms
08-05 20:57:34.143 32542 32563 I art     : Starting a blocking GC Explicit
08-05 20:57:34.193 32542 32563 I art     : Explicit concurrent mark sweep GC freed 3(96B) AllocSpace objects, 0(0B) LOS objects, 29% free, 37MB/53MB, paused 487us total 49.900ms
08-05 20:57:34.212 32542 32563 I art     : Starting a blocking GC Explicit
08-05 20:57:34.259 32542 32563 I art     : Explicit concurrent mark sweep GC freed 3(96B) AllocSpace objects, 0(0B) LOS objects, 29% free, 37MB/53MB, paused 539us total 46.867ms
08-05 20:57:34.278 32542 32563 I art     : Starting a blocking GC Explicit
08-05 20:57:34.325 32542 32563 I art     : Explicit concurrent mark sweep GC freed 3(96B) AllocSpace objects, 0(0B) LOS objects, 29% free, 37MB/53MB, paused 576us total 47.074ms
08-05 20:57:34.734 13866 13882 I PeriodicStatsRunner: PeriodicStatsRunner.call():175 call()
08-05 20:57:34.734 13866 13882 I PeriodicStatsRunner: PeriodicStatsRunner.call():179 No submit PeriodicStats since input started.
08-05 20:57:36.652 13866 13882 I PeriodicStatsRunner: PeriodicStatsRunner.call():175 call()
08-05 20:57:36.652 13866 13882 I PeriodicStatsRunner: PeriodicStatsRunner.call():179 No submit PeriodicStats since input started.
08-05 20:57:37.126 32448 32448 I ServiceManager: Waiting for service AtCmdFwd...
08-05 20:57:38.127 32448 32448 I ServiceManager: Waiting for service AtCmdFwd...
