--------- beginning of main
08-05 16:15:57.889  3784  3784 D CarrierServiceBindHelper: Receive action: android.intent.action.PACKAGE_REMOVED
08-05 16:15:57.946  3784  3784 D CarrierServiceBindHelper: Receive action: android.intent.action.PACKAGE_ADDED
08-05 16:15:57.947  3784  3784 D CarrierServiceBindHelper: Receive action: android.intent.action.PACKAGE_REPLACED
08-05 16:15:57.947  3784  3784 D CarrierServiceBindHelper: mHandler: 3
08-05 16:15:57.947  3784  3784 D CarrierServiceBindHelper: mHandler: 3
08-05 16:15:57.947  3784  3784 D CarrierServiceBindHelper: mHandler: 3
08-05 16:15:57.947  3784  3784 D CarrierConfigLoader: mHandler: 9 phoneId: 0
08-05 16:15:57.950 21092 21092 I Finsky  : [1] uah.a(18): PackageMonitorReceiverImpl - Received: android.intent.action.PACKAGE_REMOVED, [ocpw8ddNLhG67i_cxGNvtEQwqY1k5QNC_my-vN553D4]
08-05 16:15:57.951 21092 21092 I Finsky  : [1] ubi.d(9): Invalidating cached PackageState for baseline.org.quantumbadger.redreader
08-05 16:15:57.957   918  6110 I AccountManagerService: getTypesVisibleToCaller: isPermitted? true
08-05 16:15:57.957 21092 21092 I Finsky  : [1] lzi.c(2): Frosting ID looked up on UI thread. Caller should move to a background thread.
08-05 16:15:57.971 24365 22057 I Fitness : FitCleanupIntentOperation received Intent android.intent.action.PACKAGE_REMOVED [CONTEXT service_id=17 ]
08-05 16:15:57.975 21092 21092 I Finsky  : [1] nqb.c(3): Installer: package baseline.org.quantumbadger.redreader was removed. replacing: true
08-05 16:15:57.976 21092 21092 I Finsky  : [1] nra.a(188): Installer: Notifying status update. package=baseline.org.quantumbadger.redreader, status=UNINSTALLED
08-05 16:15:57.977   918  4400 I AccountManagerService: getTypesVisibleToCaller: isPermitted? true
08-05 16:15:58.058 21092 22067 I Finsky  : [6355] ejf.a(-1): Cancelled 0 ongoing asset module downloads for package baseline.org.quantumbadger.redreader due to a concurrent app update.
08-05 16:15:58.059 21092 21092 I Finsky  : [1] lzi.c(2): Frosting ID looked up on UI thread. Caller should move to a background thread.
08-05 16:15:58.069 21092 21092 I Finsky  : [1] nra.a(220): Installer: found apps to install. isMultiUserMode=false, apps=[]
08-05 16:15:58.111 21092 21254 I Finsky  : [6084] odj.b(52): IQ: Notifying installation update. package=baseline.org.quantumbadger.redreader, status=UNINSTALLED
08-05 16:15:58.125 21092 22053 I Finsky  : [6353] lyv.run(-1): Wrote row to frosting DB: 2846
08-05 16:15:58.143 24577 22062 I Auth    : [SupervisedAccountIntentOperation] onHandleIntent(): android.intent.action.PACKAGE_ADDED
08-05 16:15:58.147 21092 21092 I Finsky  : [1] uah.a(18): PackageMonitorReceiverImpl - Received: android.intent.action.PACKAGE_ADDED, [ocpw8ddNLhG67i_cxGNvtEQwqY1k5QNC_my-vN553D4]
08-05 16:15:58.148 24577 22051 I ChromeSync: [Sync,SyncIntentOperation] Handling the intent: Intent { act=android.intent.action.PACKAGE_ADDED dat=package:baseline.org.quantumbadger.redreader flg=0x4000010 cmp=com.google.android.gms/.chimera.GmsIntentOperationService (has extras) }.
08-05 16:15:58.148 21092 21092 I Finsky  : [1] ubi.d(9): Invalidating cached PackageState for baseline.org.quantumbadger.redreader
--------- beginning of system
08-05 16:15:58.150   918  4413 W ActivityManager: Unable to start service Intent { act=com.google.android.gms.auth.key.retrieval.service.START pkg=com.google.android.gms } U=0: not found
08-05 16:15:58.151 21092 21092 I Finsky  : [1] lzi.c(2): Frosting ID looked up on UI thread. Caller should move to a background thread.
08-05 16:15:58.158   918  6111 W ActivityManager: Unbind failed: could not find connection for android.os.BinderProxy@3146108
08-05 16:15:58.159 24577 24621 E GmsClient: unable to connect to service: com.google.android.gms.auth.key.retrieval.service.START on com.google.android.gms
08-05 16:15:58.167 21092 22066 I Finsky  : [6354] gzn.a(-1): [ContentSync] finished, scheduled=false
08-05 16:15:58.168 21092 22053 I Finsky  : [6353] lyv.run(-1): Wrote row to frosting DB: 2847
08-05 16:15:58.173 21092 21092 I Finsky  : [1] agsx.a(4): Do not start WearSupportService due to Wear service optimization
08-05 16:15:58.193 21092 22067 I Finsky  : [6355] ejc.a(-1): Asset module broadcast after update successful for package baseline.org.quantumbadger.redreader. 0 sessions broadcast.
08-05 16:15:58.212 21092 21092 I Finsky  : [1] lzi.c(2): Frosting ID looked up on UI thread. Caller should move to a background thread.
08-05 16:15:58.214 21092 21254 I Finsky  : [6084] odj.b(40): IQ: No matching installs to run for jobs: []
08-05 16:15:58.228   918  6112 I AccountManagerService: getTypesVisibleToCaller: isPermitted? true
08-05 16:15:58.236 24577 22051 I ChromeSync: [Persistence,AffiliationManager] One of affiliation or grouping data for android://bz0hZa4nAJEtd0n5sRlXG7KAqctUMWVefv7Ki4mh1p6slZ9YO-n9gS9j8m9YCrsIyI2wIxrDHraumF9Y6pBLTA==@baseline.org.quantumbadger.redreader/ was not found. Marking affiliation data as stale...
08-05 16:15:58.332   918  3670 I AccountManagerService: getTypesVisibleToCaller: isPermitted? true
08-05 16:15:58.376 21092 22053 I Finsky  : [6353] lyv.run(-1): Wrote row to frosting DB: 2848
08-05 16:15:58.440 21092 22053 I Finsky  : [6353] lyv.run(-1): Wrote row to frosting DB: 2849
08-05 16:15:58.470 22077 22077 D AndroidRuntime: >>>>>> START com.android.internal.os.RuntimeInit uid 2000 <<<<<<
08-05 16:15:58.474 22077 22077 D AndroidRuntime: CheckJNI is OFF
08-05 16:15:58.498 22077 22077 D ICU     : No timezone override file found: /data/misc/zoneinfo/current/icu/icu_tzdata.dat
08-05 16:15:58.512 24577 13316 I Icing   : IndexChimeraService.getServiceInterface callingPackage=com.google.android.gms componentName=AppsCorpus serviceId=36
08-05 16:15:58.524 22077 22077 I Radio-JNI: register_android_hardware_Radio DONE
08-05 16:15:58.540 22077 22077 D AndroidRuntime: Calling main entry com.android.commands.monkey.Monkey
08-05 16:15:58.542 24577  3880 W Icing   : No valid account for uploading user actions
08-05 16:15:58.543   918  5132 I AccountManagerService: getTypesVisibleToCaller: isPermitted? true
08-05 16:15:58.554   918   931 W BroadcastQueue: Skipping deliver [background] BroadcastRecord{d94226f u-1 android.net.conn.CONNECTIVITY_CHANGE} to ReceiverList{b6aab7c 22077 (unknown name)/2000/u-1 remote:1a16449}: process crashing
08-05 16:15:58.554 21092 21092 I Finsky  : [1] xmu.a(8): SCH: Jobs in database: 1-1337 3-215 3-216 12-1 24-77777777 26-1414141414 
08-05 16:15:58.557 21092 22066 I Finsky  : [6354] gzn.a(-1): [ContentSync] finished, scheduled=true
08-05 16:15:58.558 21092 21092 I Finsky  : [1] xio.a(57): SCH: ConstraintMapping: 24-77777777,  -> L: 0ms, D: 17641963ms, C: false, I: true, N: 0
08-05 16:15:58.558 21092 21092 I Finsky  : [1] xio.a(57): SCH: ConstraintMapping: 1-1337, 12-1,  -> L: 14501ms, D: 64194355ms, C: false, I: false, N: 1
08-05 16:15:58.559 21092 21092 I Finsky  : [1] xio.a(57): SCH: ConstraintMapping: 3-215,  -> L: 0ms, D: 76068895ms, C: false, I: true, N: 2
08-05 16:15:58.559 21092 21092 I Finsky  : [1] xio.a(57): SCH: ConstraintMapping: 3-216,  -> L: 0ms, D: 76068926ms, C: true, I: true, N: 2
08-05 16:15:58.560 21092 21092 I Finsky  : [1] xio.a(57): SCH: ConstraintMapping: 26-1414141414,  -> L: 25641822ms, D: 26541822ms, C: false, I: false, N: 0
08-05 16:15:58.564   918   929 I ActivityManager: START u0 {act=android.intent.action.MAIN cat=[android.intent.category.LAUNCHER] flg=0x10200000 cmp=baseline.org.quantumbadger.redreader/.activities.MainActivity} from uid 2000 on display 0
08-05 16:15:58.574   918   932 I sensors : batch
08-05 16:15:58.588   918  6110 I ActivityManager: Start proc 22094:baseline.org.quantumbadger.redreader/u0a689 for activity baseline.org.quantumbadger.redreader/.activities.MainActivity
08-05 16:15:58.589   918  3188 I hubconnection: sensorhub said: 'batch 31 flags:0, sampling_rate_Hz:15.00, max_report_latency_us:0'
08-05 16:15:58.589 22094 22094 I art     : Late-enabling -Xcheck:jni
08-05 16:15:58.609   918   932 I sensors : flush
08-05 16:15:58.609 22077 22077 I art     : System.exit called, status: 0
08-05 16:15:58.609 22077 22077 I AndroidRuntime: VM exiting with result code 0.
08-05 16:15:58.614   918  3188 I hubconnection: sensorhub said: 'flush 31'
08-05 16:15:58.615   918  3188 I hubconnection: saw sensor 31 flushed
08-05 16:15:58.620 24577 13294 I Icing   : IndexChimeraService.getServiceInterface callingPackage=com.google.android.gms componentName=null serviceId=30
08-05 16:15:58.637 21092 21092 I Finsky  : [1] xle.a(34): Cancelling existing jobscheduler jobs: 9010 9002 9009 9003 9004 9005 9007 9001 9006 9008 
08-05 16:15:58.637 21092 21092 I Finsky  : [1] xle.a(27): Scheduling job Id: 9000, L: 0, D: 17641963, C: false, I: true, N: 0
08-05 16:15:58.638 22094 22094 W System  : ClassLoader referenced unknown path: /data/app/baseline.org.quantumbadger.redreader-1/lib/arm64
08-05 16:15:58.644 21092 21092 I Finsky  : [1] xle.a(27): Scheduling job Id: 9011, L: 14501, D: 64194355, C: false, I: false, N: 1
08-05 16:15:58.646 21092 21092 I Finsky  : [1] xle.a(27): Scheduling job Id: 9012, L: 0, D: 76068895, C: false, I: true, N: 2
08-05 16:15:58.647 21092 21092 I Finsky  : [1] xle.a(27): Scheduling job Id: 9013, L: 0, D: 76068926, C: true, I: true, N: 2
08-05 16:15:58.648 21092 21092 I Finsky  : [1] xle.a(27): Scheduling job Id: 9014, L: 25641822, D: 26541822, C: false, I: false, N: 0
08-05 16:15:58.649 21092 21092 I Finsky  : [1] xle.a(27): Scheduling job Id: 9015, L: 0, D: 17641963, C: false, I: true, N: 0
08-05 16:15:58.650 21092 21092 I Finsky  : [1] xle.a(27): Scheduling job Id: 9016, L: 14501, D: 64194355, C: false, I: false, N: 1
08-05 16:15:58.652 22094 22094 I RedReader: Application created.
08-05 16:15:58.652 21092 21092 I Finsky  : [1] xle.a(27): Scheduling job Id: 9017, L: 0, D: 76068895, C: false, I: true, N: 2
08-05 16:15:58.653 21092 21092 I Finsky  : [1] xle.a(27): Scheduling job Id: 9018, L: 0, D: 76068926, C: true, I: true, N: 2
08-05 16:15:58.655 24577  3880 I Icing   : Usage reports ok 3, Failed Usage reports 0, indexed 0, rejected 0
08-05 16:15:58.655 21092 21092 I Finsky  : [1] xle.a(27): Scheduling job Id: 9019, L: 25641822, D: 26541822, C: false, I: false, N: 0
08-05 16:15:58.658 22094 22115 I RedditChangeDataIO: Running initial read...
08-05 16:15:58.659 24577  3880 W Icing   : No valid account for uploading user actions
08-05 16:15:58.668 22094 22094 I RedReader: Checking for new messages.
08-05 16:15:58.671 16458 15483 I PBSessionCacheImpl: Deleted sessionId[72384646105454640] from persistence.
08-05 16:15:58.675 16458 16488 W SearchServiceCore: Abort, client detached.
08-05 16:15:58.675 16458 16488 I MicroDetectionState: Should stop hotword detection immediately - true
08-05 16:15:58.676 22094 22115 I RedditChangeDataIO: Data file at '/data/user/0/baseline.org.quantumbadger.redreader/files/rr_change_data.dat'
08-05 16:15:58.676 22094 22115 I RedditChangeDataIO: Data file does not exist. Aborting read.
08-05 16:15:58.677 22094 22115 I RedditChangeDataManager: Pruning for all users...
08-05 16:15:58.677 22094 22115 I RedditChangeDataManager: Pruning complete.
08-05 16:15:58.716 24577  3880 I Icing   : Usage reports ok 1, Failed Usage reports 0, indexed 0, rejected 0
08-05 16:15:58.717 24577  3880 I Icing   : Indexing com.google.android.gms-internal.3p:MobileApplication from com.google.android.gms using seqno 763
08-05 16:15:58.720 24577  3880 I Icing   : Indexing com.google.android.gms-internal.3p:MobileApplication from com.google.android.gms using seqno 763
08-05 16:15:58.749 22094 22094 W art     : Before Android 4.1, method android.graphics.PorterDuffColorFilter androidx.vectordrawable.graphics.drawable.VectorDrawableCompat.updateTintFilter(android.graphics.PorterDuffColorFilter, android.content.res.ColorStateList, android.graphics.PorterDuff$Mode) would have incorrectly overridden the package-private method in android.graphics.drawable.Drawable
08-05 16:15:58.753 24577 13316 I Icing   : IndexChimeraService.getServiceInterface callingPackage=com.google.android.gms componentName=null serviceId=36
08-05 16:15:58.756 24577  2344 W Icing   : No valid account for uploading user actions
08-05 16:15:58.767 22094 22094 I art     : Rejecting re-init on previously-failed class java.lang.Class<androidx.core.view.ViewCompat$2>
08-05 16:15:58.767 24577  2344 I Icing   : Usage reports ok 0, Failed Usage reports 0, indexed 0, rejected 0
08-05 16:15:58.767 22094 22094 I art     : Rejecting re-init on previously-failed class java.lang.Class<androidx.core.view.ViewCompat$2>
08-05 16:15:58.776 22094 22094 I AppCompatViewInflater: app:theme is now deprecated. Please move to using android:theme instead.
08-05 16:15:58.791 22094 22114 I CacheManager: Pruning 108 files
08-05 16:15:58.961 22094 22094 I RawObjectDB query string: CREATE TABLE objects(RawObjectDB_id TEXT PRIMARY KEY ON CONFLICT REPLACE,RawObjectDB_timestamp INTEGER,serialised TEXT)
08-05 16:15:59.015 22094 22094 I RawObjectDB query string: CREATE TABLE objects(RawObjectDB_id TEXT PRIMARY KEY ON CONFLICT REPLACE,RawObjectDB_timestamp INTEGER,serialised TEXT)
08-05 16:15:59.084 22094 22117 D OpenGLRenderer: Use EGL_SWAP_BEHAVIOR_PRESERVED: true
08-05 16:15:59.126 22094 22117 I Adreno  : QUALCOMM build                   : fcf4852, I1af360237c
08-05 16:15:59.126 22094 22117 I Adreno  : Build Date                       : 09/23/15
08-05 16:15:59.126 22094 22117 I Adreno  : OpenGL ES Shader Compiler Version: XE031.05.13.02
08-05 16:15:59.126 22094 22117 I Adreno  : Local Branch                     : mybranch14465806
08-05 16:15:59.126 22094 22117 I Adreno  : Remote Branch                    : quic/LA.BF64.1.2.9_v2
08-05 16:15:59.126 22094 22117 I Adreno  : Remote Branch                    : NONE
08-05 16:15:59.126 22094 22117 I Adreno  : Reconstruct Branch               : NOTHING
08-05 16:15:59.129 22094 22117 I OpenGLRenderer: Initialized EGL, version 1.4
08-05 16:15:59.418   918   936 I ActivityManager: Displayed baseline.org.quantumbadger.redreader/.activities.MainActivity: +840ms
08-05 16:15:59.657 24577  2344 I Icing   : Indexing com.google.android.gms-apps from com.google.android.gms
08-05 16:15:59.750 24577  2344 I Icing   : Indexing done com.google.android.gms-apps
08-05 16:15:59.752 24577  2344 I Icing   : Indexing com.google.android.gms-apps from com.google.android.gms
08-05 16:15:59.754 24577  2344 I Icing   : Indexing done com.google.android.gms-apps
08-05 16:16:00.172 22133 22133 D AndroidRuntime: >>>>>> START com.android.internal.os.RuntimeInit uid 2000 <<<<<<
08-05 16:16:00.177 22133 22133 D AndroidRuntime: CheckJNI is OFF
08-05 16:16:00.209 22133 22133 D ICU     : No timezone override file found: /data/misc/zoneinfo/current/icu/icu_tzdata.dat
08-05 16:16:00.241 22133 22133 I Radio-JNI: register_android_hardware_Radio DONE
08-05 16:16:00.259 22133 22133 D AndroidRuntime: Calling main entry com.android.commands.am.Am
08-05 16:16:00.270 16924 16924 I Trepn   : Trepn 6.2s: Received intent: com.quicinc.trepn.start_profiling
08-05 16:16:00.303 12631 12633 E QC-QMI  : qmi_client [12631] 596: failed to locate client data
08-05 16:16:00.305   519   519 E QC-QMI  : qmuxd: RX on fd=18 returned error=0 errno[2:No such file or directory]
08-05 16:16:00.305   519   519 E QC-QMI  : QMUX qmux_client_id=596 not found in qmux client list, unable to remove
08-05 16:16:00.312 12631 12631 I Atfwd_Daemon: Stop the daemon....
08-05 16:16:00.319 22144 22144 W ATFWD-daemon: type=1400 audit(0.0:739571): avc: denied { read write } for name="diag" dev="tmpfs" ino=1296 scontext=u:r:atfwd:s0 tcontext=u:object_r:diag_device:s0 tclass=chr_file permissive=0
08-05 16:16:00.326 22144 22144 I libmdmdetect: ESOC framework not supported
08-05 16:16:00.327 22144 22144 I libmdmdetect: Found internal modem: modem
08-05 16:16:00.327 22144 22144 E Diag_Lib:  Diag_LSM_Init: Failed to open handle to diag driver, error = 13
08-05 16:16:00.330 22144 22144 I Atfwd_Daemon: result : 255 	 ,Init step :0 	 ,qmiErrorCode: 0
08-05 16:16:00.330 22144 22144 I Atfwd_Daemon: result : 0 	 ,Init step :1 	 ,qmiErrorCode: 0
08-05 16:16:00.331 22144 22144 I ServiceManager: Waiting for service AtCmdFwd...
08-05 16:16:00.362 16924 16924 W FileUtils: Failed to chmod(/storage/emulated/0/trepn/Trepn_2020.08.05_161600.db): android.system.ErrnoException: chmod failed: EPERM (Operation not permitted)
08-05 16:16:00.438 16924 16924 I Trepn   : Trepn 6.2s: Trepn has Started Profiling.
08-05 16:16:00.439 22133 22133 D AndroidRuntime: Shutting down VM
08-05 16:16:00.896 22094 22122 I art     : Starting a blocking GC Explicit
08-05 16:16:00.929 22094 22122 I art     : Explicit concurrent mark sweep GC freed 25405(2MB) AllocSpace objects, 8(216KB) LOS objects, 40% free, 20MB/34MB, paused 161us total 32.248ms
08-05 16:16:00.938 22094 22122 I art     : Starting a blocking GC Explicit
08-05 16:16:00.950 22094 22122 I art     : Explicit concurrent mark sweep GC freed 1534(73KB) AllocSpace objects, 0(0B) LOS objects, 40% free, 20MB/34MB, paused 122us total 11.461ms
08-05 16:16:00.960 22094 22122 I art     : Starting a blocking GC Explicit
08-05 16:16:00.972 22094 22122 I art     : Explicit concurrent mark sweep GC freed 3(96B) AllocSpace objects, 0(0B) LOS objects, 40% free, 20MB/34MB, paused 156us total 11.804ms
08-05 16:16:00.982 22094 22122 I art     : Starting a blocking GC Explicit
08-05 16:16:00.994 22094 22122 I art     : Explicit concurrent mark sweep GC freed 3(96B) AllocSpace objects, 0(0B) LOS objects, 40% free, 20MB/34MB, paused 103us total 11.420ms
08-05 16:16:01.002 22094 22122 I art     : Starting a blocking GC Explicit
08-05 16:16:01.013 22094 22122 I art     : Explicit concurrent mark sweep GC freed 3(96B) AllocSpace objects, 0(0B) LOS objects, 40% free, 20MB/34MB, paused 106us total 10.670ms
08-05 16:16:01.287 22094 22105 I art     : Starting a blocking GC Explicit
08-05 16:16:01.306 22094 22105 I art     : Explicit concurrent mark sweep GC freed 1336(78KB) AllocSpace objects, 1(20KB) LOS objects, 40% free, 20MB/34MB, paused 171us total 19.401ms
08-05 16:16:01.319 22094 22105 I art     : Starting a blocking GC Explicit
08-05 16:16:01.330 22094 22105 I art     : Explicit concurrent mark sweep GC freed 20(704B) AllocSpace objects, 0(0B) LOS objects, 40% free, 20MB/34MB, paused 114us total 10.882ms
08-05 16:16:01.331 22144 22144 I ServiceManager: Waiting for service AtCmdFwd...
08-05 16:16:01.339 22094 22105 I art     : Starting a blocking GC Explicit
08-05 16:16:01.349 22094 22105 I art     : Explicit concurrent mark sweep GC freed 3(96B) AllocSpace objects, 0(0B) LOS objects, 40% free, 20MB/34MB, paused 115us total 10.563ms
08-05 16:16:01.357 22094 22105 I art     : Starting a blocking GC Explicit
08-05 16:16:01.368 22094 22105 I art     : Explicit concurrent mark sweep GC freed 3(96B) AllocSpace objects, 0(0B) LOS objects, 40% free, 20MB/34MB, paused 118us total 10.459ms
08-05 16:16:01.376 22094 22105 I art     : Starting a blocking GC Explicit
08-05 16:16:01.387 22094 22105 I art     : Explicit concurrent mark sweep GC freed 3(96B) AllocSpace objects, 0(0B) LOS objects, 40% free, 20MB/34MB, paused 127us total 10.672ms
08-05 16:16:01.640 22094 22106 I art     : Starting a blocking GC Explicit
08-05 16:16:01.653 22094 22106 I art     : Explicit concurrent mark sweep GC freed 1333(78KB) AllocSpace objects, 1(20KB) LOS objects, 40% free, 20MB/34MB, paused 139us total 12.751ms
08-05 16:16:01.662 22094 22106 I art     : Starting a blocking GC Explicit
08-05 16:16:01.673 22094 22106 I art     : Explicit concurrent mark sweep GC freed 20(704B) AllocSpace objects, 0(0B) LOS objects, 40% free, 20MB/34MB, paused 136us total 10.971ms
08-05 16:16:01.682 22094 22106 I art     : Starting a blocking GC Explicit
08-05 16:16:01.693 22094 22106 I art     : Explicit concurrent mark sweep GC freed 3(96B) AllocSpace objects, 0(0B) LOS objects, 40% free, 20MB/34MB, paused 129us total 10.974ms
08-05 16:16:01.701 22094 22106 I art     : Starting a blocking GC Explicit
08-05 16:16:01.712 22094 22106 I art     : Explicit concurrent mark sweep GC freed 3(96B) AllocSpace objects, 0(0B) LOS objects, 40% free, 20MB/34MB, paused 120us total 10.108ms
08-05 16:16:01.719 22094 22106 I art     : Starting a blocking GC Explicit
08-05 16:16:01.730 22094 22106 I art     : Explicit concurrent mark sweep GC freed 3(96B) AllocSpace objects, 0(0B) LOS objects, 40% free, 20MB/34MB, paused 121us total 10.232ms
08-05 16:16:02.045 22094 22122 I art     : Starting a blocking GC Explicit
08-05 16:16:02.062 22094 22122 I art     : Explicit concurrent mark sweep GC freed 1333(78KB) AllocSpace objects, 1(20KB) LOS objects, 40% free, 20MB/34MB, paused 152us total 16.570ms
08-05 16:16:02.077 22094 22122 I art     : Starting a blocking GC Explicit
08-05 16:16:02.092 22094 22122 I art     : Explicit concurrent mark sweep GC freed 20(704B) AllocSpace objects, 0(0B) LOS objects, 40% free, 20MB/34MB, paused 157us total 14.473ms
08-05 16:16:02.104 22094 22122 I art     : Starting a blocking GC Explicit
08-05 16:16:02.114 22094 22122 I art     : Explicit concurrent mark sweep GC freed 3(96B) AllocSpace objects, 0(0B) LOS objects, 40% free, 20MB/34MB, paused 115us total 10.046ms
08-05 16:16:02.122 22094 22122 I art     : Starting a blocking GC Explicit
08-05 16:16:02.132 22094 22122 I art     : Explicit concurrent mark sweep GC freed 3(96B) AllocSpace objects, 0(0B) LOS objects, 40% free, 20MB/34MB, paused 106us total 10.156ms
08-05 16:16:02.140 22094 22122 I art     : Starting a blocking GC Explicit
08-05 16:16:02.150 22094 22122 I art     : Explicit concurrent mark sweep GC freed 3(96B) AllocSpace objects, 0(0B) LOS objects, 40% free, 20MB/34MB, paused 113us total 10.115ms
08-05 16:16:02.332 22144 22144 I ServiceManager: Waiting for service AtCmdFwd...
08-05 16:16:02.438 22094 22105 I art     : Starting a blocking GC Explicit
08-05 16:16:02.454 22094 22105 I art     : Explicit concurrent mark sweep GC freed 1333(78KB) AllocSpace objects, 1(20KB) LOS objects, 40% free, 20MB/34MB, paused 143us total 15.672ms
08-05 16:16:02.463 22094 22105 I art     : Starting a blocking GC Explicit
08-05 16:16:02.474 22094 22105 I art     : Explicit concurrent mark sweep GC freed 20(704B) AllocSpace objects, 0(0B) LOS objects, 40% free, 20MB/34MB, paused 127us total 10.916ms
08-05 16:16:02.483 22094 22105 I art     : Starting a blocking GC Explicit
08-05 16:16:02.493 22094 22105 I art     : Explicit concurrent mark sweep GC freed 3(96B) AllocSpace objects, 0(0B) LOS objects, 40% free, 20MB/34MB, paused 112us total 10.152ms
08-05 16:16:02.501 22094 22105 I art     : Starting a blocking GC Explicit
08-05 16:16:02.512 22094 22105 I art     : Explicit concurrent mark sweep GC freed 3(96B) AllocSpace objects, 0(0B) LOS objects, 40% free, 20MB/34MB, paused 128us total 10.438ms
08-05 16:16:02.520 22094 22105 I art     : Starting a blocking GC Explicit
08-05 16:16:02.531 22094 22105 I art     : Explicit concurrent mark sweep GC freed 3(96B) AllocSpace objects, 0(0B) LOS objects, 40% free, 20MB/34MB, paused 122us total 10.481ms
08-05 16:16:02.834 22094 22106 I art     : Starting a blocking GC Explicit
08-05 16:16:02.851 22094 22106 I art     : Explicit concurrent mark sweep GC freed 1334(78KB) AllocSpace objects, 1(20KB) LOS objects, 40% free, 20MB/34MB, paused 186us total 16.372ms
08-05 16:16:02.864 22094 22106 I art     : Starting a blocking GC Explicit
08-05 16:16:02.878 22094 22106 I art     : Explicit concurrent mark sweep GC freed 20(704B) AllocSpace objects, 0(0B) LOS objects, 40% free, 20MB/34MB, paused 151us total 13.424ms
08-05 16:16:02.887 22094 22106 I art     : Starting a blocking GC Explicit
08-05 16:16:02.898 22094 22106 I art     : Explicit concurrent mark sweep GC freed 3(96B) AllocSpace objects, 0(0B) LOS objects, 40% free, 20MB/34MB, paused 120us total 10.640ms
08-05 16:16:02.906 22094 22106 I art     : Starting a blocking GC Explicit
08-05 16:16:02.917 22094 22106 I art     : Explicit concurrent mark sweep GC freed 3(96B) AllocSpace objects, 0(0B) LOS objects, 40% free, 20MB/34MB, paused 138us total 10.664ms
08-05 16:16:02.925 22094 22106 I art     : Starting a blocking GC Explicit
08-05 16:16:02.935 22094 22106 I art     : Explicit concurrent mark sweep GC freed 3(96B) AllocSpace objects, 0(0B) LOS objects, 40% free, 20MB/34MB, paused 121us total 10.355ms
08-05 16:16:03.227 22094 22122 I art     : Starting a blocking GC Explicit
08-05 16:16:03.242 22094 22122 I art     : Explicit concurrent mark sweep GC freed 1334(78KB) AllocSpace objects, 1(20KB) LOS objects, 40% free, 20MB/34MB, paused 140us total 14.231ms
08-05 16:16:03.254 22094 22122 I art     : Starting a blocking GC Explicit
08-05 16:16:03.266 22094 22122 I art     : Explicit concurrent mark sweep GC freed 20(704B) AllocSpace objects, 0(0B) LOS objects, 40% free, 20MB/34MB, paused 123us total 12.488ms
08-05 16:16:03.274 22094 22122 I art     : Starting a blocking GC Explicit
08-05 16:16:03.285 22094 22122 I art     : Explicit concurrent mark sweep GC freed 3(96B) AllocSpace objects, 0(0B) LOS objects, 40% free, 20MB/34MB, paused 121us total 10.708ms
08-05 16:16:03.293 22094 22122 I art     : Starting a blocking GC Explicit
08-05 16:16:03.305 22094 22122 I art     : Explicit concurrent mark sweep GC freed 3(96B) AllocSpace objects, 0(0B) LOS objects, 40% free, 20MB/34MB, paused 114us total 11.005ms
08-05 16:16:03.313 22094 22122 I art     : Starting a blocking GC Explicit
08-05 16:16:03.323 22094 22122 I art     : Explicit concurrent mark sweep GC freed 3(96B) AllocSpace objects, 0(0B) LOS objects, 40% free, 20MB/34MB, paused 109us total 10.386ms
08-05 16:16:03.332 22144 22144 I ServiceManager: Waiting for service AtCmdFwd...
08-05 16:16:03.623 22094 22105 I art     : Starting a blocking GC Explicit
08-05 16:16:03.639 22094 22105 I art     : Explicit concurrent mark sweep GC freed 1333(78KB) AllocSpace objects, 1(20KB) LOS objects, 40% free, 20MB/34MB, paused 161us total 15.963ms
08-05 16:16:03.651 22094 22105 I art     : Starting a blocking GC Explicit
08-05 16:16:03.663 22094 22105 I art     : Explicit concurrent mark sweep GC freed 20(704B) AllocSpace objects, 0(0B) LOS objects, 40% free, 20MB/34MB, paused 128us total 11.418ms
08-05 16:16:03.671 22094 22105 I art     : Starting a blocking GC Explicit
08-05 16:16:03.682 22094 22105 I art     : Explicit concurrent mark sweep GC freed 3(96B) AllocSpace objects, 0(0B) LOS objects, 40% free, 20MB/34MB, paused 113us total 10.795ms
08-05 16:16:03.691 22094 22105 I art     : Starting a blocking GC Explicit
08-05 16:16:03.701 22094 22105 I art     : Explicit concurrent mark sweep GC freed 3(96B) AllocSpace objects, 0(0B) LOS objects, 40% free, 20MB/34MB, paused 117us total 10.475ms
08-05 16:16:03.709 22094 22105 I art     : Starting a blocking GC Explicit
08-05 16:16:03.720 22094 22105 I art     : Explicit concurrent mark sweep GC freed 3(96B) AllocSpace objects, 0(0B) LOS objects, 40% free, 20MB/34MB, paused 119us total 10.176ms
08-05 16:16:04.030 22094 22106 I art     : Starting a blocking GC Explicit
08-05 16:16:04.043 22094 22106 I art     : Explicit concurrent mark sweep GC freed 1333(78KB) AllocSpace objects, 1(20KB) LOS objects, 40% free, 20MB/34MB, paused 159us total 13.242ms
08-05 16:16:04.053 22094 22106 I art     : Starting a blocking GC Explicit
08-05 16:16:04.067 22094 22106 I art     : Explicit concurrent mark sweep GC freed 20(704B) AllocSpace objects, 0(0B) LOS objects, 40% free, 20MB/34MB, paused 187us total 13.957ms
08-05 16:16:04.078 22094 22106 I art     : Starting a blocking GC Explicit
08-05 16:16:04.090 22094 22106 I art     : Explicit concurrent mark sweep GC freed 3(96B) AllocSpace objects, 0(0B) LOS objects, 40% free, 20MB/34MB, paused 114us total 10.884ms
08-05 16:16:04.098 22094 22106 I art     : Starting a blocking GC Explicit
08-05 16:16:04.109 22094 22106 I art     : Explicit concurrent mark sweep GC freed 3(96B) AllocSpace objects, 0(0B) LOS objects, 40% free, 20MB/34MB, paused 127us total 10.696ms
08-05 16:16:04.117 22094 22106 I art     : Starting a blocking GC Explicit
08-05 16:16:04.128 22094 22106 I art     : Explicit concurrent mark sweep GC freed 3(96B) AllocSpace objects, 0(0B) LOS objects, 40% free, 20MB/34MB, paused 111us total 10.518ms
08-05 16:16:04.333 22144 22144 I ServiceManager: Waiting for service AtCmdFwd...
08-05 16:16:04.417 22094 22122 I art     : Starting a blocking GC Explicit
08-05 16:16:04.433 22094 22122 I art     : Explicit concurrent mark sweep GC freed 1333(78KB) AllocSpace objects, 1(20KB) LOS objects, 40% free, 20MB/34MB, paused 137us total 15.572ms
08-05 16:16:04.444 22094 22122 I art     : Starting a blocking GC Explicit
08-05 16:16:04.455 22094 22122 I art     : Explicit concurrent mark sweep GC freed 20(704B) AllocSpace objects, 0(0B) LOS objects, 40% free, 20MB/34MB, paused 111us total 10.555ms
08-05 16:16:04.463 22094 22122 I art     : Starting a blocking GC Explicit
08-05 16:16:04.473 22094 22122 I art     : Explicit concurrent mark sweep GC freed 3(96B) AllocSpace objects, 0(0B) LOS objects, 40% free, 20MB/34MB, paused 107us total 9.688ms
08-05 16:16:04.481 22094 22122 I art     : Starting a blocking GC Explicit
08-05 16:16:04.491 22094 22122 I art     : Explicit concurrent mark sweep GC freed 3(96B) AllocSpace objects, 0(0B) LOS objects, 40% free, 20MB/34MB, paused 107us total 9.629ms
08-05 16:16:04.498 22094 22122 I art     : Starting a blocking GC Explicit
08-05 16:16:04.507 22094 22122 I art     : Explicit concurrent mark sweep GC freed 3(96B) AllocSpace objects, 0(0B) LOS objects, 40% free, 20MB/34MB, paused 100us total 9.037ms
08-05 16:16:04.767 22094 22105 I art     : Starting a blocking GC Explicit
08-05 16:16:04.787 22094 22105 I art     : Explicit concurrent mark sweep GC freed 1333(78KB) AllocSpace objects, 1(20KB) LOS objects, 40% free, 20MB/34MB, paused 174us total 19.558ms
08-05 16:16:04.800 22094 22105 I art     : Starting a blocking GC Explicit
08-05 16:16:04.814 22094 22105 I art     : Explicit concurrent mark sweep GC freed 20(704B) AllocSpace objects, 0(0B) LOS objects, 40% free, 20MB/34MB, paused 126us total 13.535ms
08-05 16:16:04.824 22094 22105 I art     : Starting a blocking GC Explicit
08-05 16:16:04.835 22094 22105 I art     : Explicit concurrent mark sweep GC freed 3(96B) AllocSpace objects, 0(0B) LOS objects, 40% free, 20MB/34MB, paused 109us total 10.319ms
08-05 16:16:04.843 22094 22105 I art     : Starting a blocking GC Explicit
08-05 16:16:04.854 22094 22105 I art     : Explicit concurrent mark sweep GC freed 3(96B) AllocSpace objects, 0(0B) LOS objects, 40% free, 20MB/34MB, paused 113us total 10.604ms
08-05 16:16:04.862 22094 22105 I art     : Starting a blocking GC Explicit
08-05 16:16:04.872 22094 22105 I art     : Explicit concurrent mark sweep GC freed 3(96B) AllocSpace objects, 0(0B) LOS objects, 40% free, 20MB/34MB, paused 118us total 10.585ms
08-05 16:16:05.174 22094 22106 I art     : Starting a blocking GC Explicit
08-05 16:16:05.187 22094 22106 I art     : Explicit concurrent mark sweep GC freed 1333(78KB) AllocSpace objects, 1(20KB) LOS objects, 40% free, 20MB/34MB, paused 210us total 12.897ms
08-05 16:16:05.197 22094 22106 I art     : Starting a blocking GC Explicit
08-05 16:16:05.207 22094 22106 I art     : Explicit concurrent mark sweep GC freed 20(704B) AllocSpace objects, 0(0B) LOS objects, 40% free, 20MB/34MB, paused 133us total 9.863ms
08-05 16:16:05.214 22094 22106 I art     : Starting a blocking GC Explicit
08-05 16:16:05.224 22094 22106 I art     : Explicit concurrent mark sweep GC freed 3(96B) AllocSpace objects, 0(0B) LOS objects, 40% free, 20MB/34MB, paused 111us total 9.538ms
08-05 16:16:05.231 22094 22106 I art     : Starting a blocking GC Explicit
08-05 16:16:05.242 22094 22106 I art     : Explicit concurrent mark sweep GC freed 3(96B) AllocSpace objects, 0(0B) LOS objects, 40% free, 20MB/34MB, paused 120us total 10.120ms
08-05 16:16:05.250 22094 22106 I art     : Starting a blocking GC Explicit
08-05 16:16:05.259 22094 22106 I art     : Explicit concurrent mark sweep GC freed 3(96B) AllocSpace objects, 0(0B) LOS objects, 40% free, 20MB/34MB, paused 112us total 9.700ms
08-05 16:16:05.333 22144 22144 W Atfwd_Sendcmd: AtCmdFwd service not published, waiting... retryCnt : 1
08-05 16:16:05.497 22094 22122 I art     : Starting a blocking GC Explicit
08-05 16:16:05.508 22094 22122 I art     : Explicit concurrent mark sweep GC freed 1333(78KB) AllocSpace objects, 1(20KB) LOS objects, 40% free, 20MB/34MB, paused 122us total 10.736ms
08-05 16:16:05.516 22094 22122 I art     : Starting a blocking GC Explicit
08-05 16:16:05.527 22094 22122 I art     : Explicit concurrent mark sweep GC freed 20(704B) AllocSpace objects, 0(0B) LOS objects, 40% free, 20MB/34MB, paused 172us total 10.468ms
08-05 16:16:05.534 22094 22122 I art     : Starting a blocking GC Explicit
08-05 16:16:05.545 22094 22122 I art     : Explicit concurrent mark sweep GC freed 3(96B) AllocSpace objects, 0(0B) LOS objects, 40% free, 20MB/34MB, paused 124us total 10.368ms
08-05 16:16:05.553 22094 22122 I art     : Starting a blocking GC Explicit
08-05 16:16:05.564 22094 22122 I art     : Explicit concurrent mark sweep GC freed 3(96B) AllocSpace objects, 0(0B) LOS objects, 40% free, 20MB/34MB, paused 114us total 9.939ms
08-05 16:16:05.571 22094 22122 I art     : Starting a blocking GC Explicit
08-05 16:16:05.581 22094 22122 I art     : Explicit concurrent mark sweep GC freed 3(96B) AllocSpace objects, 0(0B) LOS objects, 40% free, 20MB/34MB, paused 113us total 9.845ms
08-05 16:16:05.758 22311 22311 D AndroidRuntime: >>>>>> START com.android.internal.os.RuntimeInit uid 2000 <<<<<<
08-05 16:16:05.762 22311 22311 D AndroidRuntime: CheckJNI is OFF
08-05 16:16:05.786 22311 22311 D ICU     : No timezone override file found: /data/misc/zoneinfo/current/icu/icu_tzdata.dat
08-05 16:16:05.811 22311 22311 I Radio-JNI: register_android_hardware_Radio DONE
08-05 16:16:05.827 22311 22311 D AndroidRuntime: Calling main entry com.android.commands.input.Input
08-05 16:16:05.828 22311 22311 I Input   : injectMotionEvent: MotionEvent { action=ACTION_DOWN, actionButton=0, id[0]=0, x[0]=720.0, y[0]=1440.0, toolType[0]=TOOL_TYPE_UNKNOWN, buttonState=0, metaState=0, flags=0x0, edgeFlags=0x0, pointerCount=1, historySize=0, eventTime=807382241, downTime=807382241, deviceId=0, source=0x1002 }
08-05 16:16:05.833 22311 22311 I Input   : injectMotionEvent: MotionEvent { action=ACTION_UP, actionButton=0, id[0]=0, x[0]=720.0, y[0]=1440.0, toolType[0]=TOOL_TYPE_UNKNOWN, buttonState=0, metaState=0, flags=0x0, edgeFlags=0x0, pointerCount=1, historySize=0, eventTime=807382241, downTime=807382241, deviceId=0, source=0x1002 }
08-05 16:16:05.834 22311 22311 D AndroidRuntime: Shutting down VM
08-05 16:16:05.846   512  2967 D audio_hw_primary: out_set_parameters: enter: usecase(1: low-latency-playback) kvpairs: routing=2
08-05 16:16:05.852 22094 22105 I art     : Starting a blocking GC Explicit
08-05 16:16:05.858   512  2967 D audio_hw_primary: select_devices: out_snd_device(2: speaker) in_snd_device(0: none)
08-05 16:16:05.859   512  2967 D msm8974_platform: platform_send_audio_calibration: sending audio calibration for snd_device(2) acdb_id(15)
08-05 16:16:05.859   512  2967 I soundtrigger: audio_extn_sound_trigger_update_device_status: device 0x2 of type 0 for Event 1
08-05 16:16:05.861 13866 13866 I GoogleInputMethodServic: GoogleInputMethodService.onFinishInput():3138 
08-05 16:16:05.867 13866 13866 I GoogleInputMethodServic: GoogleInputMethodService.onStartInput():1808 
08-05 16:16:05.868 22094 22105 I art     : Explicit concurrent mark sweep GC freed 1447(82KB) AllocSpace objects, 1(20KB) LOS objects, 40% free, 20MB/34MB, paused 165us total 15.610ms
08-05 16:16:05.872   512  2967 D audio_hw_primary: enable_snd_device: snd_device(2: speaker)
08-05 16:16:05.874   512  2967 D audio_hw_primary: enable_audio_route: apply and update mixer path: low-latency-playback speaker
08-05 16:16:05.876 22094 22105 I art     : Starting a blocking GC Explicit
08-05 16:16:05.886 22094 22105 I art     : Explicit concurrent mark sweep GC freed 128(6KB) AllocSpace objects, 0(0B) LOS objects, 40% free, 20MB/34MB, paused 112us total 9.990ms
08-05 16:16:05.894 22094 22105 I art     : Starting a blocking GC Explicit
08-05 16:16:05.904 22094 22105 I art     : Explicit concurrent mark sweep GC freed 867(63KB) AllocSpace objects, 1(76KB) LOS objects, 40% free, 20MB/34MB, paused 110us total 9.554ms
08-05 16:16:05.911 22094 22105 I art     : Starting a blocking GC Explicit
08-05 16:16:05.921 22094 22105 I art     : Explicit concurrent mark sweep GC freed 3(96B) AllocSpace objects, 0(0B) LOS objects, 40% free, 20MB/34MB, paused 121us total 10.051ms
08-05 16:16:05.929 22094 22105 I art     : Waiting for a blocking GC Explicit
08-05 16:16:05.930 22094 22105 I art     : Starting a blocking GC Explicit
08-05 16:16:05.941 22094 22105 I art     : Explicit concurrent mark sweep GC freed 3(96B) AllocSpace objects, 0(0B) LOS objects, 40% free, 20MB/34MB, paused 115us total 10.480ms
08-05 16:16:06.043   380   380 W SurfaceFlinger: couldn't log to binary event log: overflow.
08-05 16:16:06.159 22094 22338 I art     : Starting a blocking GC Explicit
08-05 16:16:06.169 22094 22338 I art     : Explicit concurrent mark sweep GC freed 1333(78KB) AllocSpace objects, 1(20KB) LOS objects, 40% free, 20MB/34MB, paused 116us total 10.367ms
08-05 16:16:06.176 22094 22338 I art     : Starting a blocking GC Explicit
08-05 16:16:06.186 22094 22338 I art     : Explicit concurrent mark sweep GC freed 20(704B) AllocSpace objects, 0(0B) LOS objects, 40% free, 20MB/34MB, paused 118us total 9.342ms
08-05 16:16:06.193 22094 22338 I art     : Starting a blocking GC Explicit
08-05 16:16:06.203 22094 22338 I art     : Explicit concurrent mark sweep GC freed 3(96B) AllocSpace objects, 0(0B) LOS objects, 40% free, 20MB/34MB, paused 127us total 9.192ms
08-05 16:16:06.210 22094 22338 I art     : Starting a blocking GC Explicit
08-05 16:16:06.219 22094 22338 I art     : Explicit concurrent mark sweep GC freed 3(96B) AllocSpace objects, 0(0B) LOS objects, 40% free, 20MB/34MB, paused 121us total 9.145ms
08-05 16:16:06.227 22094 22338 I art     : Starting a blocking GC Explicit
08-05 16:16:06.236 22094 22338 I art     : Explicit concurrent mark sweep GC freed 3(96B) AllocSpace objects, 0(0B) LOS objects, 40% free, 20MB/34MB, paused 136us total 9.065ms
08-05 16:16:06.377 22343 22343 D AndroidRuntime: >>>>>> START com.android.internal.os.RuntimeInit uid 2000 <<<<<<
08-05 16:16:06.381 22343 22343 D AndroidRuntime: CheckJNI is OFF
08-05 16:16:06.403 22343 22343 D ICU     : No timezone override file found: /data/misc/zoneinfo/current/icu/icu_tzdata.dat
08-05 16:16:06.418   512  2967 D audio_hw_primary: disable_audio_route: reset and update mixer path: low-latency-playback speaker
08-05 16:16:06.420   512  2967 D audio_hw_primary: disable_snd_device: snd_device(2: speaker)
08-05 16:16:06.425 22343 22343 I Radio-JNI: register_android_hardware_Radio DONE
08-05 16:16:06.428   512  2967 I soundtrigger: audio_extn_sound_trigger_update_device_status: device 0x2 of type 0 for Event 0
08-05 16:16:06.440 22343 22343 D AndroidRuntime: Calling main entry com.android.commands.input.Input
08-05 16:16:06.441 22343 22343 I Input   : injectMotionEvent: MotionEvent { action=ACTION_DOWN, actionButton=0, id[0]=0, x[0]=1345.0, y[0]=165.0, toolType[0]=TOOL_TYPE_UNKNOWN, buttonState=0, metaState=0, flags=0x0, edgeFlags=0x0, pointerCount=1, historySize=0, eventTime=807382854, downTime=807382854, deviceId=0, source=0x1002 }
08-05 16:16:06.445 22343 22343 I Input   : injectMotionEvent: MotionEvent { action=ACTION_UP, actionButton=0, id[0]=0, x[0]=1345.0, y[0]=165.0, toolType[0]=TOOL_TYPE_UNKNOWN, buttonState=0, metaState=0, flags=0x0, edgeFlags=0x0, pointerCount=1, historySize=0, eventTime=807382854, downTime=807382854, deviceId=0, source=0x1002 }
08-05 16:16:06.446 22343 22343 D AndroidRuntime: Shutting down VM
08-05 16:16:06.463   512  2967 D audio_hw_primary: out_set_parameters: enter: usecase(1: low-latency-playback) kvpairs: routing=2
08-05 16:16:06.464 22094 22122 I art     : Starting a blocking GC Explicit
08-05 16:16:06.466 22094 22094 W art     : Before Android 4.1, method int androidx.appcompat.widget.DropDownListView.lookForSelectablePosition(int, boolean) would have incorrectly overridden the package-private method in android.widget.ListView
08-05 16:16:06.471 22094 22094 W art     : Before Android 4.1, method int androidx.appcompat.widget.MenuPopupWindow$MenuDropDownListView.lookForSelectablePosition(int, boolean) would have incorrectly overridden the package-private method in android.widget.ListView
08-05 16:16:06.472 22094 22094 I ListPopupWindow: Could not find method setEpicenterBounds(Rect) on PopupWindow. Oh well.
08-05 16:16:06.476   512  2967 D audio_hw_primary: select_devices: out_snd_device(2: speaker) in_snd_device(0: none)
08-05 16:16:06.476   512  2967 D msm8974_platform: platform_send_audio_calibration: sending audio calibration for snd_device(2) acdb_id(15)
08-05 16:16:06.476   512  2967 I soundtrigger: audio_extn_sound_trigger_update_device_status: device 0x2 of type 0 for Event 1
08-05 16:16:06.477 22094 22122 I art     : Explicit concurrent mark sweep GC freed 1476(126KB) AllocSpace objects, 1(20KB) LOS objects, 40% free, 20MB/34MB, paused 504us total 12.145ms
08-05 16:16:06.485 22094 22122 I art     : Starting a blocking GC Explicit
08-05 16:16:06.487   512  2967 D audio_hw_primary: enable_snd_device: snd_device(2: speaker)
08-05 16:16:06.489   512  2967 D audio_hw_primary: enable_audio_route: apply and update mixer path: low-latency-playback speaker
08-05 16:16:06.496 22094 22122 I art     : Explicit concurrent mark sweep GC freed 454(67KB) AllocSpace objects, 0(0B) LOS objects, 40% free, 20MB/34MB, paused 221us total 10.553ms
08-05 16:16:06.504 22094 22122 I art     : Starting a blocking GC Explicit
08-05 16:16:06.513 22094 22122 I art     : Explicit concurrent mark sweep GC freed 140(23KB) AllocSpace objects, 0(0B) LOS objects, 40% free, 20MB/34MB, paused 142us total 9.812ms
08-05 16:16:06.521 22094 22122 I art     : Starting a blocking GC Explicit
08-05 16:16:06.531   512  2967 D AudioFlinger: mixer(0xf4740000) throttle end: throttle time(12)
08-05 16:16:06.532 22094 22122 I art     : Explicit concurrent mark sweep GC freed 238(11KB) AllocSpace objects, 0(0B) LOS objects, 40% free, 20MB/34MB, paused 148us total 10.537ms
08-05 16:16:06.540 22094 22122 I art     : Starting a blocking GC Explicit
08-05 16:16:06.550 22094 22122 I art     : Explicit concurrent mark sweep GC freed 81(7KB) AllocSpace objects, 0(0B) LOS objects, 40% free, 20MB/34MB, paused 130us total 10.587ms
08-05 16:16:06.791 22094 22105 I art     : Starting a blocking GC Explicit
08-05 16:16:06.802 22094 22105 I art     : Explicit concurrent mark sweep GC freed 2159(117KB) AllocSpace objects, 1(20KB) LOS objects, 40% free, 20MB/34MB, paused 121us total 11.027ms
08-05 16:16:06.810 22094 22105 I art     : Starting a blocking GC Explicit
08-05 16:16:06.821 22094 22105 I art     : Explicit concurrent mark sweep GC freed 292(24KB) AllocSpace objects, 0(0B) LOS objects, 40% free, 20MB/34MB, paused 120us total 11.101ms
08-05 16:16:06.829 22094 22105 I art     : Starting a blocking GC Explicit
08-05 16:16:06.840 22094 22105 I art     : Explicit concurrent mark sweep GC freed 9(288B) AllocSpace objects, 0(0B) LOS objects, 40% free, 20MB/34MB, paused 135us total 10.947ms
08-05 16:16:06.848 22094 22105 I art     : Starting a blocking GC Explicit
08-05 16:16:06.858 22094 22105 I art     : Explicit concurrent mark sweep GC freed 3(96B) AllocSpace objects, 0(0B) LOS objects, 40% free, 20MB/34MB, paused 117us total 10.002ms
08-05 16:16:06.866 22094 22105 I art     : Starting a blocking GC Explicit
08-05 16:16:06.876 22094 22105 I art     : Explicit concurrent mark sweep GC freed 3(96B) AllocSpace objects, 0(0B) LOS objects, 40% free, 20MB/34MB, paused 117us total 10.162ms
08-05 16:16:06.997 22374 22374 D AndroidRuntime: >>>>>> START com.android.internal.os.RuntimeInit uid 2000 <<<<<<
08-05 16:16:07.001 22374 22374 D AndroidRuntime: CheckJNI is OFF
08-05 16:16:07.020   512  2967 D audio_hw_primary: disable_audio_route: reset and update mixer path: low-latency-playback speaker
08-05 16:16:07.021   512  2967 D audio_hw_primary: disable_snd_device: snd_device(2: speaker)
08-05 16:16:07.024 22374 22374 D ICU     : No timezone override file found: /data/misc/zoneinfo/current/icu/icu_tzdata.dat
08-05 16:16:07.031   512  2967 I soundtrigger: audio_extn_sound_trigger_update_device_status: device 0x2 of type 0 for Event 0
08-05 16:16:07.048 22374 22374 I Radio-JNI: register_android_hardware_Radio DONE
08-05 16:16:07.063 22374 22374 D AndroidRuntime: Calling main entry com.android.commands.input.Input
08-05 16:16:07.064 22374 22374 I Input   : injectMotionEvent: MotionEvent { action=ACTION_DOWN, actionButton=0, id[0]=0, x[0]=940.0, y[0]=501.0, toolType[0]=TOOL_TYPE_UNKNOWN, buttonState=0, metaState=0, flags=0x0, edgeFlags=0x0, pointerCount=1, historySize=0, eventTime=807383477, downTime=807383477, deviceId=0, source=0x1002 }
08-05 16:16:07.068 22374 22374 I Input   : injectMotionEvent: MotionEvent { action=ACTION_UP, actionButton=0, id[0]=0, x[0]=940.0, y[0]=501.0, toolType[0]=TOOL_TYPE_UNKNOWN, buttonState=0, metaState=0, flags=0x0, edgeFlags=0x0, pointerCount=1, historySize=0, eventTime=807383477, downTime=807383477, deviceId=0, source=0x1002 }
08-05 16:16:07.070 22374 22374 D AndroidRuntime: Shutting down VM
08-05 16:16:07.121 22094 22106 I art     : Starting a blocking GC Explicit
08-05 16:16:07.132 22094 22106 I art     : Explicit concurrent mark sweep GC freed 1353(78KB) AllocSpace objects, 1(20KB) LOS objects, 40% free, 20MB/34MB, paused 118us total 10.608ms
08-05 16:16:07.137   512  2967 D audio_hw_primary: out_set_parameters: enter: usecase(1: low-latency-playback) kvpairs: routing=2
08-05 16:16:07.138   918  3359 I ActivityManager: START u0 {cmp=baseline.org.quantumbadger.redreader/.settings.SettingsActivity} from uid 10689 on display 0
08-05 16:16:07.141 22094 22106 I art     : Starting a blocking GC Explicit
08-05 16:16:07.151   512  2967 D audio_hw_primary: select_devices: out_snd_device(2: speaker) in_snd_device(0: none)
08-05 16:16:07.151   512  2967 D msm8974_platform: platform_send_audio_calibration: sending audio calibration for snd_device(2) acdb_id(15)
08-05 16:16:07.151   512  2967 I soundtrigger: audio_extn_sound_trigger_update_device_status: device 0x2 of type 0 for Event 1
08-05 16:16:07.152 13866 13866 I GoogleInputMethodServic: GoogleInputMethodService.onFinishInput():3138 
08-05 16:16:07.154 22094 22106 I art     : Explicit concurrent mark sweep GC freed 100(16KB) AllocSpace objects, 0(0B) LOS objects, 40% free, 20MB/34MB, paused 596us total 12.264ms
08-05 16:16:07.154 13866 13866 I GoogleInputMethodServic: GoogleInputMethodService.onStartInput():1808 
08-05 16:16:07.163   512  2967 D audio_hw_primary: enable_snd_device: snd_device(2: speaker)
08-05 16:16:07.163 22094 22106 I art     : Starting a blocking GC Explicit
08-05 16:16:07.165   512  2967 D audio_hw_primary: enable_audio_route: apply and update mixer path: low-latency-playback speaker
08-05 16:16:07.175 22094 22106 I art     : Explicit concurrent mark sweep GC freed 603(81KB) AllocSpace objects, 0(0B) LOS objects, 40% free, 21MB/35MB, paused 560us total 11.513ms
08-05 16:16:07.183 22094 22106 I art     : Starting a blocking GC Explicit
08-05 16:16:07.195 22094 22106 I art     : Explicit concurrent mark sweep GC freed 483(71KB) AllocSpace objects, 0(0B) LOS objects, 40% free, 21MB/35MB, paused 361us total 12.216ms
08-05 16:16:07.204 22094 22106 I art     : Starting a blocking GC Explicit
08-05 16:16:07.206   512  2967 D AudioFlinger: mixer(0xf4740000) throttle end: throttle time(12)
08-05 16:16:07.215 22094 22106 I art     : Explicit concurrent mark sweep GC freed 206(10KB) AllocSpace objects, 0(0B) LOS objects, 40% free, 21MB/35MB, paused 173us total 10.968ms
08-05 16:16:07.273   918   936 I ActivityManager: Displayed baseline.org.quantumbadger.redreader/.settings.SettingsActivity: +116ms
08-05 16:16:07.273 13866 13866 I GoogleInputMethodServic: GoogleInputMethodService.onFinishInput():3138 
08-05 16:16:07.274 13866 13866 I GoogleInputMethodServic: GoogleInputMethodService.onStartInput():1808 
08-05 16:16:07.317 22094 22117 D OpenGLRenderer: endAllStagingAnimators on 0x7f80291000 (MenuPopupWindow$MenuDropDownListView) with handle 0x7f80335060
08-05 16:16:07.460 22094 22122 I art     : Starting a blocking GC Explicit
08-05 16:16:07.475 22094 22122 I art     : Explicit concurrent mark sweep GC freed 1935(106KB) AllocSpace objects, 1(20KB) LOS objects, 40% free, 21MB/35MB, paused 149us total 14.669ms
08-05 16:16:07.485 22094 22122 I art     : Starting a blocking GC Explicit
08-05 16:16:07.501 22094 22122 I art     : Explicit concurrent mark sweep GC freed 170(6KB) AllocSpace objects, 0(0B) LOS objects, 40% free, 21MB/35MB, paused 185us total 15.615ms
08-05 16:16:07.510 22094 22122 I art     : Starting a blocking GC Explicit
08-05 16:16:07.526 22094 22122 I art     : Explicit concurrent mark sweep GC freed 7(304B) AllocSpace objects, 0(0B) LOS objects, 40% free, 21MB/35MB, paused 136us total 15.700ms
08-05 16:16:07.529   380   380 W SurfaceFlinger: couldn't log to binary event log: overflow.
08-05 16:16:07.537 22094 22122 I art     : Starting a blocking GC Explicit
08-05 16:16:07.550 22094 22122 I art     : Explicit concurrent mark sweep GC freed 3(96B) AllocSpace objects, 0(0B) LOS objects, 40% free, 21MB/35MB, paused 113us total 12.033ms
08-05 16:16:07.558 22094 22122 I art     : Starting a blocking GC Explicit
08-05 16:16:07.569 22094 22122 I art     : Explicit concurrent mark sweep GC freed 3(96B) AllocSpace objects, 0(0B) LOS objects, 40% free, 21MB/35MB, paused 112us total 10.900ms
08-05 16:16:07.622 22406 22406 D AndroidRuntime: >>>>>> START com.android.internal.os.RuntimeInit uid 2000 <<<<<<
08-05 16:16:07.626 22406 22406 D AndroidRuntime: CheckJNI is OFF
08-05 16:16:07.650 22406 22406 D ICU     : No timezone override file found: /data/misc/zoneinfo/current/icu/icu_tzdata.dat
08-05 16:16:07.675 22406 22406 I Radio-JNI: register_android_hardware_Radio DONE
08-05 16:16:07.690 22406 22406 D AndroidRuntime: Calling main entry com.android.commands.input.Input
08-05 16:16:07.692 22406 22406 I Input   : injectMotionEvent: MotionEvent { action=ACTION_DOWN, actionButton=0, id[0]=0, x[0]=216.0, y[0]=853.0, toolType[0]=TOOL_TYPE_UNKNOWN, buttonState=0, metaState=0, flags=0x0, edgeFlags=0x0, pointerCount=1, historySize=0, eventTime=807384105, downTime=807384105, deviceId=0, source=0x1002 }
08-05 16:16:07.697 22406 22406 I Input   : injectMotionEvent: MotionEvent { action=ACTION_UP, actionButton=0, id[0]=0, x[0]=216.0, y[0]=853.0, toolType[0]=TOOL_TYPE_UNKNOWN, buttonState=0, metaState=0, flags=0x0, edgeFlags=0x0, pointerCount=1, historySize=0, eventTime=807384105, downTime=807384105, deviceId=0, source=0x1002 }
08-05 16:16:07.699   512  2967 D audio_hw_primary: disable_audio_route: reset and update mixer path: low-latency-playback speaker
08-05 16:16:07.699 22406 22406 D AndroidRuntime: Shutting down VM
08-05 16:16:07.701   512  2967 D audio_hw_primary: disable_snd_device: snd_device(2: speaker)
08-05 16:16:07.709   512  2967 I soundtrigger: audio_extn_sound_trigger_update_device_status: device 0x2 of type 0 for Event 0
08-05 16:16:07.764   918   929 I ActivityManager: START u0 {act=android.intent.action.MAIN cmp=baseline.org.quantumbadger.redreader/.settings.SettingsActivity (has extras)} from uid 10689 on display 0
08-05 16:16:07.766   512  2967 D audio_hw_primary: out_set_parameters: enter: usecase(1: low-latency-playback) kvpairs: routing=2
08-05 16:16:07.780   512  2967 D audio_hw_primary: select_devices: out_snd_device(2: speaker) in_snd_device(0: none)
08-05 16:16:07.780   512  2967 D msm8974_platform: platform_send_audio_calibration: sending audio calibration for snd_device(2) acdb_id(15)
08-05 16:16:07.780   512  2967 I soundtrigger: audio_extn_sound_trigger_update_device_status: device 0x2 of type 0 for Event 1
08-05 16:16:07.790   512  2967 D audio_hw_primary: enable_snd_device: snd_device(2: speaker)
08-05 16:16:07.792   512  2967 D audio_hw_primary: enable_audio_route: apply and update mixer path: low-latency-playback speaker
08-05 16:16:07.809 22094 22405 I art     : Starting a blocking GC Explicit
08-05 16:16:07.824 22094 22405 I art     : Explicit concurrent mark sweep GC freed 2451(204KB) AllocSpace objects, 2(40KB) LOS objects, 40% free, 21MB/35MB, paused 436us total 14.393ms
08-05 16:16:07.832 22094 22405 I art     : Starting a blocking GC Explicit
08-05 16:16:07.834   512  2967 D AudioFlinger: mixer(0xf4740000) throttle end: throttle time(12)
08-05 16:16:07.845 22094 22405 I art     : Explicit concurrent mark sweep GC freed 465(23KB) AllocSpace objects, 0(0B) LOS objects, 40% free, 21MB/35MB, paused 127us total 12.723ms
08-05 16:16:07.854 22094 22405 I art     : Starting a blocking GC Explicit
08-05 16:16:07.865 22094 22405 I art     : Explicit concurrent mark sweep GC freed 48(2272B) AllocSpace objects, 0(0B) LOS objects, 40% free, 21MB/35MB, paused 135us total 11.216ms
08-05 16:16:07.874 22094 22405 I art     : Starting a blocking GC Explicit
08-05 16:16:07.888 22094 22405 I art     : Explicit concurrent mark sweep GC freed 2436(129KB) AllocSpace objects, 0(0B) LOS objects, 40% free, 21MB/36MB, paused 484us total 13.900ms
08-05 16:16:07.896 22094 22405 I art     : Starting a blocking GC Explicit
08-05 16:16:07.912 22094 22405 I art     : Explicit concurrent mark sweep GC freed 14451(592KB) AllocSpace objects, 0(0B) LOS objects, 40% free, 21MB/36MB, paused 669us total 15.552ms
08-05 16:16:08.074   918   936 I ActivityManager: Displayed baseline.org.quantumbadger.redreader/.settings.SettingsActivity: +294ms
08-05 16:16:08.075 13866 13866 I GoogleInputMethodServic: GoogleInputMethodService.onFinishInput():3138 
08-05 16:16:08.075 13866 13866 I GoogleInputMethodServic: GoogleInputMethodService.onStartInput():1808 
08-05 16:16:08.098 22094 22117 D OpenGLRenderer: endAllStagingAnimators on 0x7f80639400 (ListView) with handle 0x7f80335020
08-05 16:16:08.159 22094 22106 I art     : Starting a blocking GC Explicit
08-05 16:16:08.177 22094 22106 I art     : Explicit concurrent mark sweep GC freed 65842(2MB) AllocSpace objects, 1(20KB) LOS objects, 40% free, 22MB/37MB, paused 147us total 18.223ms
08-05 16:16:08.187 22094 22106 I art     : Starting a blocking GC Explicit
08-05 16:16:08.203 22094 22106 I art     : Explicit concurrent mark sweep GC freed 2388(212KB) AllocSpace objects, 0(0B) LOS objects, 40% free, 22MB/36MB, paused 132us total 15.786ms
08-05 16:16:08.212 22094 22106 I art     : Starting a blocking GC Explicit
08-05 16:16:08.227 22094 22106 I art     : Explicit concurrent mark sweep GC freed 3(96B) AllocSpace objects, 0(0B) LOS objects, 40% free, 22MB/36MB, paused 146us total 14.878ms
08-05 16:16:08.236 22094 22106 I art     : Starting a blocking GC Explicit
08-05 16:16:08.245 22438 22438 D AndroidRuntime: >>>>>> START com.android.internal.os.RuntimeInit uid 2000 <<<<<<
08-05 16:16:08.249 22438 22438 D AndroidRuntime: CheckJNI is OFF
08-05 16:16:08.252 22094 22106 I art     : Explicit concurrent mark sweep GC freed 59(2448B) AllocSpace objects, 0(0B) LOS objects, 40% free, 22MB/36MB, paused 126us total 15.483ms
08-05 16:16:08.261 22094 22106 I art     : Starting a blocking GC Explicit
08-05 16:16:08.276 22094 22106 I art     : Explicit concurrent mark sweep GC freed 5(240B) AllocSpace objects, 0(0B) LOS objects, 40% free, 22MB/36MB, paused 155us total 14.692ms
08-05 16:16:08.279 22438 22438 D ICU     : No timezone override file found: /data/misc/zoneinfo/current/icu/icu_tzdata.dat
08-05 16:16:08.305 22438 22438 I Radio-JNI: register_android_hardware_Radio DONE
08-05 16:16:08.312   380   380 W SurfaceFlinger: couldn't log to binary event log: overflow.
08-05 16:16:08.321 22438 22438 D AndroidRuntime: Calling main entry com.android.commands.input.Input
08-05 16:16:08.323 22438 22438 I Input   : injectMotionEvent: MotionEvent { action=ACTION_DOWN, actionButton=0, id[0]=0, x[0]=1318.0, y[0]=1194.0, toolType[0]=TOOL_TYPE_UNKNOWN, buttonState=0, metaState=0, flags=0x0, edgeFlags=0x0, pointerCount=1, historySize=0, eventTime=807384735, downTime=807384735, deviceId=0, source=0x1002 }
08-05 16:16:08.329 22438 22438 I Input   : injectMotionEvent: MotionEvent { action=ACTION_UP, actionButton=0, id[0]=0, x[0]=1318.0, y[0]=1194.0, toolType[0]=TOOL_TYPE_UNKNOWN, buttonState=0, metaState=0, flags=0x0, edgeFlags=0x0, pointerCount=1, historySize=0, eventTime=807384735, downTime=807384735, deviceId=0, source=0x1002 }
08-05 16:16:08.332 22438 22438 D AndroidRuntime: Shutting down VM
08-05 16:16:08.338   512  2967 D audio_hw_primary: disable_audio_route: reset and update mixer path: low-latency-playback speaker
08-05 16:16:08.340   512  2967 D audio_hw_primary: disable_snd_device: snd_device(2: speaker)
08-05 16:16:08.349   512  2967 I soundtrigger: audio_extn_sound_trigger_update_device_status: device 0x2 of type 0 for Event 0
08-05 16:16:08.397   918  3261 D WifiStateMachine: starting scan for "H369AA63323"WPA_PSK with 2412,5180
08-05 16:16:08.399   512  2967 D audio_hw_primary: out_set_parameters: enter: usecase(1: low-latency-playback) kvpairs: routing=2
08-05 16:16:08.412   512  2967 D audio_hw_primary: select_devices: out_snd_device(2: speaker) in_snd_device(0: none)
08-05 16:16:08.412   512  2967 D msm8974_platform: platform_send_audio_calibration: sending audio calibration for snd_device(2) acdb_id(15)
08-05 16:16:08.413   512  2967 I soundtrigger: audio_extn_sound_trigger_update_device_status: device 0x2 of type 0 for Event 1
08-05 16:16:08.424   512  2967 D audio_hw_primary: enable_snd_device: snd_device(2: speaker)
08-05 16:16:08.427   512  2967 D audio_hw_primary: enable_audio_route: apply and update mixer path: low-latency-playback speaker
08-05 16:16:08.477   512  2967 D AudioFlinger: mixer(0xf4740000) throttle end: throttle time(12)
08-05 16:16:08.534 22094 22405 I art     : Starting a blocking GC Explicit
08-05 16:16:08.551 22094 22405 I art     : Explicit concurrent mark sweep GC freed 2042(124KB) AllocSpace objects, 2(40KB) LOS objects, 40% free, 22MB/36MB, paused 122us total 17.630ms
08-05 16:16:08.562 22094 22405 I art     : Starting a blocking GC Explicit
08-05 16:16:08.578 22094 22405 I art     : Explicit concurrent mark sweep GC freed 78(3KB) AllocSpace objects, 0(0B) LOS objects, 40% free, 22MB/36MB, paused 140us total 15.780ms
08-05 16:16:08.588 22094 22405 I art     : Starting a blocking GC Explicit
08-05 16:16:08.603 22094 22405 I art     : Explicit concurrent mark sweep GC freed 40(1760B) AllocSpace objects, 0(0B) LOS objects, 40% free, 22MB/36MB, paused 120us total 15.016ms
08-05 16:16:08.611 22094 22405 I art     : Starting a blocking GC Explicit
08-05 16:16:08.625 22094 22405 I art     : Explicit concurrent mark sweep GC freed 39(1712B) AllocSpace objects, 0(0B) LOS objects, 40% free, 22MB/36MB, paused 144us total 13.436ms
08-05 16:16:08.633 22094 22405 I art     : Starting a blocking GC Explicit
08-05 16:16:08.647 22094 22405 I art     : Explicit concurrent mark sweep GC freed 11(400B) AllocSpace objects, 0(0B) LOS objects, 40% free, 22MB/36MB, paused 205us total 13.737ms
08-05 16:16:08.866 22469 22469 D AndroidRuntime: >>>>>> START com.android.internal.os.RuntimeInit uid 2000 <<<<<<
08-05 16:16:08.870 22469 22469 D AndroidRuntime: CheckJNI is OFF
08-05 16:16:08.892 22469 22469 D ICU     : No timezone override file found: /data/misc/zoneinfo/current/icu/icu_tzdata.dat
08-05 16:16:08.896 22094 22122 I art     : Starting a blocking GC Explicit
08-05 16:16:08.916 22469 22469 I Radio-JNI: register_android_hardware_Radio DONE
08-05 16:16:08.916 22094 22122 I art     : Explicit concurrent mark sweep GC freed 1442(82KB) AllocSpace objects, 1(20KB) LOS objects, 40% free, 22MB/36MB, paused 146us total 19.549ms
08-05 16:16:08.924 22094 22122 I art     : Starting a blocking GC Explicit
08-05 16:16:08.932 22469 22469 D AndroidRuntime: Calling main entry com.android.commands.input.Input
08-05 16:16:08.933 22469 22469 I Input   : injectMotionEvent: MotionEvent { action=ACTION_DOWN, actionButton=0, id[0]=0, x[0]=1309.0, y[0]=1701.0, toolType[0]=TOOL_TYPE_UNKNOWN, buttonState=0, metaState=0, flags=0x0, edgeFlags=0x0, pointerCount=1, historySize=0, eventTime=807385346, downTime=807385346, deviceId=0, source=0x1002 }
08-05 16:16:08.937 22469 22469 I Input   : injectMotionEvent: MotionEvent { action=ACTION_UP, actionButton=0, id[0]=0, x[0]=1309.0, y[0]=1701.0, toolType[0]=TOOL_TYPE_UNKNOWN, buttonState=0, metaState=0, flags=0x0, edgeFlags=0x0, pointerCount=1, historySize=0, eventTime=807385346, downTime=807385346, deviceId=0, source=0x1002 }
08-05 16:16:08.938 22094 22122 I art     : Explicit concurrent mark sweep GC freed 67(2256B) AllocSpace objects, 0(0B) LOS objects, 40% free, 22MB/36MB, paused 113us total 13.658ms
08-05 16:16:08.940 22469 22469 D AndroidRuntime: Shutting down VM
08-05 16:16:08.947 22094 22122 I art     : Starting a blocking GC Explicit
08-05 16:16:08.962 22094 22122 I art     : Explicit concurrent mark sweep GC freed 86(3KB) AllocSpace objects, 0(0B) LOS objects, 40% free, 22MB/36MB, paused 198us total 14.844ms
08-05 16:16:08.969   512  2967 D audio_hw_primary: disable_audio_route: reset and update mixer path: low-latency-playback speaker
08-05 16:16:08.970   512  2967 D audio_hw_primary: disable_snd_device: snd_device(2: speaker)
08-05 16:16:08.971 22094 22122 I art     : Starting a blocking GC Explicit
08-05 16:16:08.978   512  2967 I soundtrigger: audio_extn_sound_trigger_update_device_status: device 0x2 of type 0 for Event 0
08-05 16:16:08.984 22094 22122 I art     : Explicit concurrent mark sweep GC freed 26(976B) AllocSpace objects, 0(0B) LOS objects, 40% free, 22MB/36MB, paused 110us total 13.089ms
08-05 16:16:08.992 22094 22122 I art     : Starting a blocking GC Explicit
08-05 16:16:09.006   512  2967 D audio_hw_primary: out_set_parameters: enter: usecase(1: low-latency-playback) kvpairs: routing=2
08-05 16:16:09.006 22094 22122 I art     : Explicit concurrent mark sweep GC freed 21(816B) AllocSpace objects, 0(0B) LOS objects, 40% free, 22MB/36MB, paused 203us total 13.700ms
08-05 16:16:09.019   512  2967 D audio_hw_primary: select_devices: out_snd_device(2: speaker) in_snd_device(0: none)
08-05 16:16:09.019   512  2967 D msm8974_platform: platform_send_audio_calibration: sending audio calibration for snd_device(2) acdb_id(15)
08-05 16:16:09.020   512  2967 I soundtrigger: audio_extn_sound_trigger_update_device_status: device 0x2 of type 0 for Event 1
08-05 16:16:09.033   512  2967 D audio_hw_primary: enable_snd_device: snd_device(2: speaker)
08-05 16:16:09.035   512  2967 D audio_hw_primary: enable_audio_route: apply and update mixer path: low-latency-playback speaker
08-05 16:16:09.078   512  2967 D AudioFlinger: mixer(0xf4740000) throttle end: throttle time(12)
08-05 16:16:09.187   518   646 I ThermalEngine: ACTION: GPU - Setting GPU[0] to 510000000
08-05 16:16:09.259 22094 22122 I art     : Starting a blocking GC Explicit
08-05 16:16:09.276 22094 22122 I art     : Explicit concurrent mark sweep GC freed 2088(127KB) AllocSpace objects, 2(40KB) LOS objects, 40% free, 22MB/37MB, paused 162us total 17.189ms
08-05 16:16:09.288 22094 22122 I art     : Starting a blocking GC Explicit
08-05 16:16:09.306 22094 22122 I art     : Explicit concurrent mark sweep GC freed 80(2976B) AllocSpace objects, 0(0B) LOS objects, 40% free, 22MB/37MB, paused 164us total 18.283ms
08-05 16:16:09.318 22094 22122 I art     : Starting a blocking GC Explicit
08-05 16:16:09.335 22094 22122 I art     : Explicit concurrent mark sweep GC freed 19(704B) AllocSpace objects, 0(0B) LOS objects, 40% free, 22MB/37MB, paused 156us total 16.840ms
08-05 16:16:09.346 22094 22122 I art     : Starting a blocking GC Explicit
08-05 16:16:09.364 22094 22122 I art     : Explicit concurrent mark sweep GC freed 21(736B) AllocSpace objects, 0(0B) LOS objects, 40% free, 22MB/37MB, paused 256us total 17.883ms
08-05 16:16:09.375 22094 22122 I art     : Starting a blocking GC Explicit
08-05 16:16:09.392 22094 22122 I art     : Explicit concurrent mark sweep GC freed 12(464B) AllocSpace objects, 0(0B) LOS objects, 40% free, 22MB/37MB, paused 164us total 16.524ms
08-05 16:16:09.557 22495 22495 D AndroidRuntime: >>>>>> START com.android.internal.os.RuntimeInit uid 2000 <<<<<<
08-05 16:16:09.562 22495 22495 D AndroidRuntime: CheckJNI is OFF
08-05 16:16:09.569   512  2967 D audio_hw_primary: disable_audio_route: reset and update mixer path: low-latency-playback speaker
08-05 16:16:09.570   512  2967 D audio_hw_primary: disable_snd_device: snd_device(2: speaker)
08-05 16:16:09.577   512  2967 I soundtrigger: audio_extn_sound_trigger_update_device_status: device 0x2 of type 0 for Event 0
08-05 16:16:09.596 22495 22495 D ICU     : No timezone override file found: /data/misc/zoneinfo/current/icu/icu_tzdata.dat
08-05 16:16:09.625 22495 22495 I Radio-JNI: register_android_hardware_Radio DONE
08-05 16:16:09.646 22495 22495 D AndroidRuntime: Calling main entry com.android.commands.input.Input
08-05 16:16:09.647 22495 22495 I Input   : injectMotionEvent: MotionEvent { action=ACTION_DOWN, actionButton=0, id[0]=0, x[0]=477.0, y[0]=805.0, toolType[0]=TOOL_TYPE_UNKNOWN, buttonState=0, metaState=0, flags=0x0, edgeFlags=0x0, pointerCount=1, historySize=0, eventTime=807386060, downTime=807386060, deviceId=0, source=0x1002 }
08-05 16:16:09.651 22495 22495 I Input   : injectMotionEvent: MotionEvent { action=ACTION_UP, actionButton=0, id[0]=0, x[0]=477.0, y[0]=805.0, toolType[0]=TOOL_TYPE_UNKNOWN, buttonState=0, metaState=0, flags=0x0, edgeFlags=0x0, pointerCount=1, historySize=0, eventTime=807386060, downTime=807386060, deviceId=0, source=0x1002 }
08-05 16:16:09.653 22495 22495 D AndroidRuntime: Shutting down VM
08-05 16:16:09.657 22094 22405 I art     : Starting a blocking GC Explicit
08-05 16:16:09.676 22094 22405 I art     : Explicit concurrent mark sweep GC freed 1506(84KB) AllocSpace objects, 1(20KB) LOS objects, 40% free, 22MB/37MB, paused 164us total 18.052ms
08-05 16:16:09.687 22094 22405 I art     : Starting a blocking GC Explicit
08-05 16:16:09.704 22094 22405 I art     : Explicit concurrent mark sweep GC freed 63(2080B) AllocSpace objects, 0(0B) LOS objects, 40% free, 22MB/37MB, paused 144us total 16.679ms
08-05 16:16:09.715 22094 22405 I art     : Starting a blocking GC Explicit
08-05 16:16:09.718   512  2967 D audio_hw_primary: out_set_parameters: enter: usecase(1: low-latency-playback) kvpairs: routing=2
08-05 16:16:09.732   512  2967 D audio_hw_primary: select_devices: out_snd_device(2: speaker) in_snd_device(0: none)
08-05 16:16:09.732   512  2967 D msm8974_platform: platform_send_audio_calibration: sending audio calibration for snd_device(2) acdb_id(15)
08-05 16:16:09.732   512  2967 I soundtrigger: audio_extn_sound_trigger_update_device_status: device 0x2 of type 0 for Event 1
08-05 16:16:09.733 22094 22405 I art     : Explicit concurrent mark sweep GC freed 371(32KB) AllocSpace objects, 0(0B) LOS objects, 40% free, 22MB/37MB, paused 446us total 18.587ms
08-05 16:16:09.741   512  2967 D audio_hw_primary: enable_snd_device: snd_device(2: speaker)
08-05 16:16:09.743   512  2967 D audio_hw_primary: enable_audio_route: apply and update mixer path: low-latency-playback speaker
08-05 16:16:09.744 22094 22405 I art     : Starting a blocking GC Explicit
08-05 16:16:09.764 22094 22405 I art     : Explicit concurrent mark sweep GC freed 448(61KB) AllocSpace objects, 0(0B) LOS objects, 40% free, 22MB/37MB, paused 213us total 19.025ms
08-05 16:16:09.775 22094 22405 I art     : Starting a blocking GC Explicit
08-05 16:16:09.784   512  2967 D AudioFlinger: mixer(0xf4740000) throttle end: throttle time(12)
08-05 16:16:09.793 22094 22405 I art     : Explicit concurrent mark sweep GC freed 317(29KB) AllocSpace objects, 0(0B) LOS objects, 40% free, 22MB/37MB, paused 350us total 18.228ms
08-05 16:16:10.044 22094 22122 I art     : Starting a blocking GC Explicit
08-05 16:16:10.068 22094 22122 I art     : Explicit concurrent mark sweep GC freed 1756(95KB) AllocSpace objects, 1(20KB) LOS objects, 40% free, 22MB/37MB, paused 260us total 23.074ms
08-05 16:16:10.080 22094 22122 I art     : Starting a blocking GC Explicit
08-05 16:16:10.103 22094 22122 I art     : Explicit concurrent mark sweep GC freed 46(1680B) AllocSpace objects, 0(0B) LOS objects, 40% free, 22MB/37MB, paused 186us total 22.796ms
08-05 16:16:10.116 22094 22122 I art     : Starting a blocking GC Explicit
08-05 16:16:10.135 22094 22122 I art     : Explicit concurrent mark sweep GC freed 5(192B) AllocSpace objects, 0(0B) LOS objects, 40% free, 22MB/37MB, paused 153us total 19.404ms
08-05 16:16:10.147 22094 22122 I art     : Starting a blocking GC Explicit
08-05 16:16:10.167 22094 22122 I art     : Explicit concurrent mark sweep GC freed 5(160B) AllocSpace objects, 0(0B) LOS objects, 40% free, 22MB/37MB, paused 189us total 20.073ms
08-05 16:16:10.179 22094 22122 I art     : Starting a blocking GC Explicit
08-05 16:16:10.198 22094 22122 I art     : Explicit concurrent mark sweep GC freed 3(96B) AllocSpace objects, 0(0B) LOS objects, 40% free, 22MB/37MB, paused 168us total 18.747ms
08-05 16:16:10.279   512  2967 D audio_hw_primary: disable_audio_route: reset and update mixer path: low-latency-playback speaker
08-05 16:16:10.280   512  2967 D audio_hw_primary: disable_snd_device: snd_device(2: speaker)
08-05 16:16:10.289   512  2967 I soundtrigger: audio_extn_sound_trigger_update_device_status: device 0x2 of type 0 for Event 0
08-05 16:16:10.296 22523 22523 D AndroidRuntime: >>>>>> START com.android.internal.os.RuntimeInit uid 2000 <<<<<<
08-05 16:16:10.302 22523 22523 D AndroidRuntime: CheckJNI is OFF
08-05 16:16:10.334 22144 22144 I ServiceManager: Waiting for service AtCmdFwd...
08-05 16:16:10.337 22523 22523 D ICU     : No timezone override file found: /data/misc/zoneinfo/current/icu/icu_tzdata.dat
08-05 16:16:10.373 22523 22523 I Radio-JNI: register_android_hardware_Radio DONE
08-05 16:16:10.397 22523 22523 D AndroidRuntime: Calling main entry com.android.commands.input.Input
08-05 16:16:10.401 22523 22523 I Input   : injectMotionEvent: MotionEvent { action=ACTION_DOWN, actionButton=0, id[0]=0, x[0]=463.0, y[0]=464.0, toolType[0]=TOOL_TYPE_UNKNOWN, buttonState=0, metaState=0, flags=0x0, edgeFlags=0x0, pointerCount=1, historySize=0, eventTime=807386813, downTime=807386813, deviceId=0, source=0x1002 }
08-05 16:16:10.406 22523 22523 I Input   : injectMotionEvent: MotionEvent { action=ACTION_UP, actionButton=0, id[0]=0, x[0]=463.0, y[0]=464.0, toolType[0]=TOOL_TYPE_UNKNOWN, buttonState=0, metaState=0, flags=0x0, edgeFlags=0x0, pointerCount=1, historySize=0, eventTime=807386813, downTime=807386813, deviceId=0, source=0x1002 }
08-05 16:16:10.409 22523 22523 D AndroidRuntime: Shutting down VM
08-05 16:16:10.477   512  2967 D audio_hw_primary: out_set_parameters: enter: usecase(1: low-latency-playback) kvpairs: routing=2
08-05 16:16:10.477 22094 22122 I art     : Starting a blocking GC Explicit
08-05 16:16:10.490   512  2967 D audio_hw_primary: select_devices: out_snd_device(2: speaker) in_snd_device(0: none)
08-05 16:16:10.490   512  2967 D msm8974_platform: platform_send_audio_calibration: sending audio calibration for snd_device(2) acdb_id(15)
08-05 16:16:10.490   512  2967 I soundtrigger: audio_extn_sound_trigger_update_device_status: device 0x2 of type 0 for Event 1
08-05 16:16:10.502 22094 22122 I art     : Explicit concurrent mark sweep GC freed 1454(83KB) AllocSpace objects, 1(20KB) LOS objects, 40% free, 22MB/37MB, paused 208us total 24.940ms
08-05 16:16:10.504   512  2967 D audio_hw_primary: enable_snd_device: snd_device(2: speaker)
08-05 16:16:10.507   512  2967 D audio_hw_primary: enable_audio_route: apply and update mixer path: low-latency-playback speaker
08-05 16:16:10.515 22094 22122 I art     : Starting a blocking GC Explicit
08-05 16:16:10.523   918  4413 W InputMethodManagerService: Window already focused, ignoring focus gain of: com.android.internal.view.IInputMethodClient$Stub$Proxy@81e1b58 attribute=null, token = android.os.BinderProxy@c26ced4
08-05 16:16:10.535 22094 22122 I art     : Explicit concurrent mark sweep GC freed 293(27KB) AllocSpace objects, 1(20KB) LOS objects, 40% free, 22MB/37MB, paused 183us total 19.609ms
08-05 16:16:10.546 22094 22122 I art     : Starting a blocking GC Explicit
08-05 16:16:10.548   512  2967 D AudioFlinger: mixer(0xf4740000) throttle end: throttle time(12)
08-05 16:16:10.564 22094 22122 I art     : Explicit concurrent mark sweep GC freed 33(1296B) AllocSpace objects, 0(0B) LOS objects, 40% free, 22MB/37MB, paused 164us total 17.384ms
08-05 16:16:10.574 22094 22122 I art     : Starting a blocking GC Explicit
08-05 16:16:10.591 22094 22122 I art     : Explicit concurrent mark sweep GC freed 11(400B) AllocSpace objects, 0(0B) LOS objects, 40% free, 22MB/37MB, paused 153us total 16.905ms
08-05 16:16:10.603 22094 22122 I art     : Starting a blocking GC Explicit
08-05 16:16:10.620 22094 22122 I art     : Explicit concurrent mark sweep GC freed 3(96B) AllocSpace objects, 0(0B) LOS objects, 40% free, 22MB/37MB, paused 164us total 17.242ms
08-05 16:16:10.698   380   380 W SurfaceFlinger: couldn't log to binary event log: overflow.
08-05 16:16:10.849 22094 22338 I art     : Starting a blocking GC Explicit
08-05 16:16:10.868 22094 22338 I art     : Explicit concurrent mark sweep GC freed 1381(80KB) AllocSpace objects, 1(20KB) LOS objects, 40% free, 22MB/37MB, paused 175us total 18.451ms
08-05 16:16:10.879 22094 22338 I art     : Starting a blocking GC Explicit
08-05 16:16:10.898 22094 22338 I art     : Explicit concurrent mark sweep GC freed 20(704B) AllocSpace objects, 0(0B) LOS objects, 40% free, 22MB/37MB, paused 384us total 18.733ms
08-05 16:16:10.909 22094 22338 I art     : Starting a blocking GC Explicit
08-05 16:16:10.928 22094 22338 I art     : Explicit concurrent mark sweep GC freed 3(96B) AllocSpace objects, 0(0B) LOS objects, 40% free, 22MB/37MB, paused 174us total 18.935ms
08-05 16:16:10.939 22094 22338 I art     : Starting a blocking GC Explicit
08-05 16:16:10.958 22094 22338 I art     : Explicit concurrent mark sweep GC freed 3(96B) AllocSpace objects, 0(0B) LOS objects, 40% free, 22MB/37MB, paused 175us total 18.792ms
08-05 16:16:10.959 22094 22104 I art     : WaitForGcToComplete blocked for 17.803ms for cause HeapTrim
08-05 16:16:10.969 22094 22338 I art     : Starting a blocking GC Explicit
08-05 16:16:10.988 22094 22338 I art     : Explicit concurrent mark sweep GC freed 3(96B) AllocSpace objects, 0(0B) LOS objects, 40% free, 22MB/37MB, paused 176us total 18.571ms
08-05 16:16:11.032 22555 22555 D AndroidRuntime: >>>>>> START com.android.internal.os.RuntimeInit uid 2000 <<<<<<
08-05 16:16:11.037 22555 22555 D AndroidRuntime: CheckJNI is OFF
08-05 16:16:11.049   512  2967 D audio_hw_primary: disable_audio_route: reset and update mixer path: low-latency-playback speaker
08-05 16:16:11.050   512  2967 D audio_hw_primary: disable_snd_device: snd_device(2: speaker)
08-05 16:16:11.058   512  2967 I soundtrigger: audio_extn_sound_trigger_update_device_status: device 0x2 of type 0 for Event 0
08-05 16:16:11.070 22555 22555 D ICU     : No timezone override file found: /data/misc/zoneinfo/current/icu/icu_tzdata.dat
08-05 16:16:11.104 22555 22555 I Radio-JNI: register_android_hardware_Radio DONE
08-05 16:16:11.126 22555 22555 D AndroidRuntime: Calling main entry com.android.commands.input.Input
08-05 16:16:11.127 22555 22555 I Input   : injectKeyEvent: KeyEvent { action=ACTION_DOWN, keyCode=KEYCODE_BACK, scanCode=0, metaState=0, flags=0x0, repeatCount=0, eventTime=807387540, downTime=807387540, deviceId=-1, source=0x101 }
08-05 16:16:11.135 22555 22555 I Input   : injectKeyEvent: KeyEvent { action=ACTION_UP, keyCode=KEYCODE_BACK, scanCode=0, metaState=0, flags=0x0, repeatCount=0, eventTime=807387540, downTime=807387540, deviceId=-1, source=0x101 }
08-05 16:16:11.143 22555 22555 D AndroidRuntime: Shutting down VM
08-05 16:16:11.174 13866 13866 I GoogleInputMethodServic: GoogleInputMethodService.onFinishInput():3138 
08-05 16:16:11.175 13866 13866 I GoogleInputMethodServic: GoogleInputMethodService.onStartInput():1808 
08-05 16:16:11.191   518   646 I ThermalEngine: ACTION: GPU - Setting GPU[0] to 450000000
08-05 16:16:11.253 22094 22106 I art     : Starting a blocking GC Explicit
08-05 16:16:11.275 22094 22106 I art     : Explicit concurrent mark sweep GC freed 1450(84KB) AllocSpace objects, 1(20KB) LOS objects, 40% free, 22MB/37MB, paused 213us total 21.827ms
08-05 16:16:11.290 22094 22106 I art     : Starting a blocking GC Explicit
08-05 16:16:11.312 22094 22106 I art     : Explicit concurrent mark sweep GC freed 34(1200B) AllocSpace objects, 0(0B) LOS objects, 40% free, 22MB/37MB, paused 241us total 21.689ms
08-05 16:16:11.326 22094 22106 I art     : Starting a blocking GC Explicit
08-05 16:16:11.334 22144 22144 I ServiceManager: Waiting for service AtCmdFwd...
08-05 16:16:11.348 22094 22106 I art     : Explicit concurrent mark sweep GC freed 105(5KB) AllocSpace objects, 0(0B) LOS objects, 40% free, 22MB/37MB, paused 235us total 21.613ms
08-05 16:16:11.363 22094 22106 I art     : Starting a blocking GC Explicit
08-05 16:16:11.384 22094 22106 I art     : Explicit concurrent mark sweep GC freed 1754(118KB) AllocSpace objects, 0(0B) LOS objects, 40% free, 22MB/37MB, paused 225us total 21.377ms
08-05 16:16:11.399 22094 22106 I art     : Starting a blocking GC Explicit
08-05 16:16:11.420 22094 22106 I art     : Explicit concurrent mark sweep GC freed 3(96B) AllocSpace objects, 0(0B) LOS objects, 40% free, 22MB/37MB, paused 236us total 20.786ms
08-05 16:16:11.465   380   380 W SurfaceFlinger: couldn't log to binary event log: overflow.
08-05 16:16:11.683 22094 22106 I art     : Starting a blocking GC Explicit
08-05 16:16:11.706 22094 22106 I art     : Explicit concurrent mark sweep GC freed 1385(80KB) AllocSpace objects, 1(20KB) LOS objects, 40% free, 22MB/37MB, paused 241us total 22.885ms
08-05 16:16:11.720 22094 22106 I art     : Starting a blocking GC Explicit
08-05 16:16:11.742 22094 22106 I art     : Explicit concurrent mark sweep GC freed 12010(576KB) AllocSpace objects, 7(340KB) LOS objects, 40% free, 21MB/35MB, paused 221us total 21.356ms
08-05 16:16:11.755 22094 22106 I art     : Starting a blocking GC Explicit
08-05 16:16:11.773 22094 22106 I art     : Explicit concurrent mark sweep GC freed 3(96B) AllocSpace objects, 0(0B) LOS objects, 40% free, 21MB/35MB, paused 225us total 17.646ms
08-05 16:16:11.787 22094 22106 I art     : Starting a blocking GC Explicit
08-05 16:16:11.805 22094 22106 I art     : Explicit concurrent mark sweep GC freed 3(96B) AllocSpace objects, 0(0B) LOS objects, 40% free, 21MB/35MB, paused 231us total 18.148ms
08-05 16:16:11.819 22094 22106 I art     : Starting a blocking GC Explicit
08-05 16:16:11.838 22094 22106 I art     : Explicit concurrent mark sweep GC freed 3(96B) AllocSpace objects, 0(0B) LOS objects, 40% free, 21MB/35MB, paused 235us total 18.563ms
08-05 16:16:11.903 22587 22587 D AndroidRuntime: >>>>>> START com.android.internal.os.RuntimeInit uid 2000 <<<<<<
08-05 16:16:11.909 22587 22587 D AndroidRuntime: CheckJNI is OFF
08-05 16:16:11.955 22587 22587 D ICU     : No timezone override file found: /data/misc/zoneinfo/current/icu/icu_tzdata.dat
08-05 16:16:12.003 22587 22587 I Radio-JNI: register_android_hardware_Radio DONE
08-05 16:16:12.031 22587 22587 D AndroidRuntime: Calling main entry com.android.commands.input.Input
08-05 16:16:12.033 22587 22587 I Input   : injectKeyEvent: KeyEvent { action=ACTION_DOWN, keyCode=KEYCODE_BACK, scanCode=0, metaState=0, flags=0x0, repeatCount=0, eventTime=807388446, downTime=807388446, deviceId=-1, source=0x101 }
08-05 16:16:12.038 22587 22587 I Input   : injectKeyEvent: KeyEvent { action=ACTION_UP, keyCode=KEYCODE_BACK, scanCode=0, metaState=0, flags=0x0, repeatCount=0, eventTime=807388446, downTime=807388446, deviceId=-1, source=0x101 }
08-05 16:16:12.045 22587 22587 D AndroidRuntime: Shutting down VM
08-05 16:16:12.086 13866 13866 I GoogleInputMethodServic: GoogleInputMethodService.onFinishInput():3138 
08-05 16:16:12.086 13866 13866 I GoogleInputMethodServic: GoogleInputMethodService.onStartInput():1808 
08-05 16:16:12.120 22094 22122 I art     : Starting a blocking GC Explicit
08-05 16:16:12.139 22094 22122 I art     : Explicit concurrent mark sweep GC freed 1502(85KB) AllocSpace objects, 1(20KB) LOS objects, 40% free, 21MB/35MB, paused 217us total 18.260ms
08-05 16:16:12.152 22094 22122 I art     : Starting a blocking GC Explicit
08-05 16:16:12.170 22094 22122 I art     : Explicit concurrent mark sweep GC freed 35(1216B) AllocSpace objects, 0(0B) LOS objects, 40% free, 21MB/35MB, paused 201us total 17.272ms
08-05 16:16:12.183 22094 22122 I art     : Starting a blocking GC Explicit
08-05 16:16:12.201 22094 22122 I art     : Explicit concurrent mark sweep GC freed 3(96B) AllocSpace objects, 0(0B) LOS objects, 40% free, 21MB/35MB, paused 206us total 17.560ms
08-05 16:16:12.215 22094 22122 I art     : Starting a blocking GC Explicit
08-05 16:16:12.233 22094 22122 I art     : Explicit concurrent mark sweep GC freed 3(96B) AllocSpace objects, 0(0B) LOS objects, 40% free, 21MB/35MB, paused 193us total 17.534ms
08-05 16:16:12.247 22094 22122 I art     : Starting a blocking GC Explicit
08-05 16:16:12.265 22094 22122 I art     : Explicit concurrent mark sweep GC freed 3(96B) AllocSpace objects, 0(0B) LOS objects, 40% free, 21MB/35MB, paused 211us total 17.555ms
08-05 16:16:12.335 22144 22144 I ServiceManager: Waiting for service AtCmdFwd...
08-05 16:16:12.530 22094 22122 I art     : Starting a blocking GC Explicit
08-05 16:16:12.551 22094 22122 I art     : Explicit concurrent mark sweep GC freed 1362(79KB) AllocSpace objects, 1(20KB) LOS objects, 40% free, 21MB/35MB, paused 228us total 20.496ms
08-05 16:16:12.565 22094 22122 I art     : Starting a blocking GC Explicit
08-05 16:16:12.585 22094 22122 I art     : Explicit concurrent mark sweep GC freed 143(10KB) AllocSpace objects, 0(0B) LOS objects, 40% free, 21MB/35MB, paused 229us total 19.317ms
08-05 16:16:12.599 22094 22122 I art     : Starting a blocking GC Explicit
08-05 16:16:12.618 22094 22122 I art     : Explicit concurrent mark sweep GC freed 3(96B) AllocSpace objects, 0(0B) LOS objects, 40% free, 21MB/35MB, paused 223us total 18.808ms
08-05 16:16:12.632 22094 22122 I art     : Starting a blocking GC Explicit
08-05 16:16:12.652 22094 22122 I art     : Explicit concurrent mark sweep GC freed 3(96B) AllocSpace objects, 0(0B) LOS objects, 40% free, 21MB/35MB, paused 220us total 19.731ms
08-05 16:16:12.666 22094 22122 I art     : Starting a blocking GC Explicit
08-05 16:16:12.685 22094 22122 I art     : Explicit concurrent mark sweep GC freed 3(96B) AllocSpace objects, 0(0B) LOS objects, 40% free, 21MB/35MB, paused 226us total 19.125ms
08-05 16:16:12.826 22621 22621 D AndroidRuntime: >>>>>> START com.android.internal.os.RuntimeInit uid 2000 <<<<<<
08-05 16:16:12.834 22621 22621 D AndroidRuntime: CheckJNI is OFF
08-05 16:16:12.876 22621 22621 D ICU     : No timezone override file found: /data/misc/zoneinfo/current/icu/icu_tzdata.dat
08-05 16:16:12.918 22621 22621 I Radio-JNI: register_android_hardware_Radio DONE
08-05 16:16:12.947 22621 22621 D AndroidRuntime: Calling main entry com.android.commands.input.Input
08-05 16:16:12.949 22621 22621 I Input   : injectMotionEvent: MotionEvent { action=ACTION_DOWN, actionButton=0, id[0]=0, x[0]=600.0, y[0]=1536.0, toolType[0]=TOOL_TYPE_UNKNOWN, buttonState=0, metaState=0, flags=0x0, edgeFlags=0x0, pointerCount=1, historySize=0, eventTime=807389361, downTime=807389361, deviceId=0, source=0x1002 }
08-05 16:16:12.954 22621 22621 I Input   : injectMotionEvent: MotionEvent { action=ACTION_UP, actionButton=0, id[0]=0, x[0]=600.0, y[0]=1536.0, toolType[0]=TOOL_TYPE_UNKNOWN, buttonState=0, metaState=0, flags=0x0, edgeFlags=0x0, pointerCount=1, historySize=0, eventTime=807389361, downTime=807389361, deviceId=0, source=0x1002 }
08-05 16:16:12.956 22621 22621 D AndroidRuntime: Shutting down VM
08-05 16:16:12.965 22094 22105 I art     : Starting a blocking GC Explicit
08-05 16:16:12.969   512  2967 D audio_hw_primary: out_set_parameters: enter: usecase(1: low-latency-playback) kvpairs: routing=2
08-05 16:16:12.976   918  3714 I ActivityManager: START u0 {dat=https://oauth.reddit.com/... cmp=baseline.org.quantumbadger.redreader/.activities.PostListingActivity} from uid 10689 on display 0
08-05 16:16:12.983   512  2967 D audio_hw_primary: select_devices: out_snd_device(2: speaker) in_snd_device(0: none)
08-05 16:16:12.983   512  2967 D msm8974_platform: platform_send_audio_calibration: sending audio calibration for snd_device(2) acdb_id(15)
08-05 16:16:12.983   512  2967 I soundtrigger: audio_extn_sound_trigger_update_device_status: device 0x2 of type 0 for Event 1
08-05 16:16:12.989 22094 22105 I art     : Explicit concurrent mark sweep GC freed 1516(91KB) AllocSpace objects, 1(20KB) LOS objects, 40% free, 21MB/35MB, paused 353us total 24.284ms
08-05 16:16:12.995   512  2967 D audio_hw_primary: enable_snd_device: snd_device(2: speaker)
08-05 16:16:12.998   512  2967 D audio_hw_primary: enable_audio_route: apply and update mixer path: low-latency-playback speaker
08-05 16:16:13.002 22094 22094 I AppCompatViewInflater: app:theme is now deprecated. Please move to using android:theme instead.
08-05 16:16:13.003 22094 22105 I art     : Starting a blocking GC Explicit
08-05 16:16:13.022 22094 22105 I art     : Explicit concurrent mark sweep GC freed 3464(250KB) AllocSpace objects, 1(28KB) LOS objects, 40% free, 21MB/35MB, paused 535us total 18.016ms
08-05 16:16:13.037 22094 22105 I art     : Starting a blocking GC Explicit
08-05 16:16:13.053 22094 22653 I RawObjectDB query string: CREATE TABLE objects(RawObjectDB_id TEXT PRIMARY KEY ON CONFLICT REPLACE,RawObjectDB_timestamp INTEGER,accounts_active INTEGER,created INTEGER,created_utc INTEGER,description TEXT,description_html TEXT,display_name TEXT,header_img TEXT,header_title TEXT,id TEXT,name TEXT,over18 INTEGER,public_description TEXT,subscribers INTEGER,title TEXT,url TEXT)
08-05 16:16:13.057 22094 22105 I art     : Explicit concurrent mark sweep GC freed 3679(230KB) AllocSpace objects, 0(0B) LOS objects, 40% free, 21MB/35MB, paused 277us total 18.621ms
08-05 16:16:13.070 22094 22105 I art     : Starting a blocking GC Explicit
08-05 16:16:13.097 22094 22105 I art     : Explicit concurrent mark sweep GC freed 1362(88KB) AllocSpace objects, 0(0B) LOS objects, 40% free, 21MB/35MB, paused 3.320ms total 26.672ms
08-05 16:16:13.103 22094 22654 D OK      : calling: https://www.reddit.com/api/v1/access_token
08-05 16:16:13.107   918   936 I ActivityManager: Displayed baseline.org.quantumbadger.redreader/.activities.PostListingActivity: +117ms
08-05 16:16:13.107 13866 13866 I GoogleInputMethodServic: GoogleInputMethodService.onFinishInput():3138 
08-05 16:16:13.108 13866 13866 I GoogleInputMethodServic: GoogleInputMethodService.onStartInput():1808 
08-05 16:16:13.113 22094 22105 I art     : Starting a blocking GC Explicit
08-05 16:16:13.136 22094 22105 I art     : Explicit concurrent mark sweep GC freed 728(62KB) AllocSpace objects, 0(0B) LOS objects, 40% free, 21MB/36MB, paused 342us total 22.754ms
08-05 16:16:13.146 22094 22094 I RedReader: Checking for new messages.
08-05 16:16:13.148 22094 22094 I RegularCachePruner: Pruning cache...
08-05 16:16:13.151 22094 22656 I RedditChangeDataManager: Pruning for all users...
08-05 16:16:13.151 22094 22656 I RedditChangeDataManager: Pruning complete.
08-05 16:16:13.158 22094 22656 I CacheManager: Pruning 0 files
08-05 16:16:13.161 21092 21092 I Finsky  : [1] xow.onStartJob(3): SCH: onJobSchedulerWakeup with jobId 9011
08-05 16:16:13.168 21092 21092 I Finsky  : [1] xjw.a(9): Scheduling fallback in 43199994 (absolute: 1833977036)
08-05 16:16:13.170 21092 21092 I Finsky  : [1] xjw.a(9): Scheduling fallback in 64799998 (absolute: 1855577043)
08-05 16:16:13.221 21092 21092 I Finsky  : [1] xkf.handleMessage(8): SCH: DeviceState: DeviceState{currentTime=1596636973217, isCharging=false, isIdle=false, netAny=true, netNotRoaming=true, netUnmetered=true, batteryPercent=100.0}
08-05 16:16:13.225 21092 22066 I Finsky  : [6354] xmu.a(8): SCH: Jobs in database: 1-1337 3-215 3-216 12-1 24-77777777 26-1414141414 
08-05 16:16:13.229 21092 21092 I Finsky  : [1] xkg.a(16): SCH: Running job: 12-1
08-05 16:16:13.230 21092 21092 I Finsky  : [1] ContentSyncJob.a(16): [ContentSync] job started
08-05 16:16:13.231 21092 21092 I Finsky  : [1] xkf.handleMessage(61): SCH: RunningQueue size: 1, PendingQueue size: 0
08-05 16:16:13.231 21092 21092 I Finsky  : [1] xkf.handleMessage(64): SCH: Running queue: 12-1 
08-05 16:16:13.335 22144 22144 I ServiceManager: Waiting for service AtCmdFwd...
08-05 16:16:13.367   380   380 W SurfaceFlinger: couldn't log to binary event log: overflow.
08-05 16:16:13.406 21092 22084 I Finsky  : [6360] dzn.a(22): Completed 0 account content syncs with 0 successful.
08-05 16:16:13.407 21092 21092 I Finsky  : [1] ContentSyncJob.a(1): [ContentSync] Installation state replication succeeded.
08-05 16:16:13.407 21092 21092 I Finsky  : [1] xlr.a(13): SCH: jobFinished: 12-1. TimeElapsed: 178ms.
08-05 16:16:13.408 21092 21092 I Finsky  : [1] xkg.a(36): SCH: Job 12-1 finished. Not rescheduling.
08-05 16:16:13.408 21092 21092 I Finsky  : [1] xkf.handleMessage(61): SCH: RunningQueue size: 0, PendingQueue size: 0
08-05 16:16:13.409 21092 21092 I Finsky  : [1] xkf.handleMessage(25): Executor finished
08-05 16:16:13.419 22094 22122 I art     : Starting a blocking GC Explicit
08-05 16:16:13.424 21092 21092 I Finsky  : [1] xmu.a(8): SCH: Jobs in database: 1-1337 3-215 3-216 24-77777777 26-1414141414 
08-05 16:16:13.426 21092 21092 I Finsky  : [1] xio.a(57): SCH: ConstraintMapping: 24-77777777,  -> L: 0ms, D: 17627094ms, C: false, I: true, N: 0
08-05 16:16:13.427 21092 21092 I Finsky  : [1] xio.a(57): SCH: ConstraintMapping: 1-1337,  -> L: 20979485ms, D: 64179485ms, C: false, I: false, N: 1
08-05 16:16:13.428 21092 21092 I Finsky  : [1] xio.a(57): SCH: ConstraintMapping: 3-215,  -> L: 0ms, D: 76054025ms, C: false, I: true, N: 2
08-05 16:16:13.429 21092 21092 I Finsky  : [1] xio.a(57): SCH: ConstraintMapping: 3-216,  -> L: 0ms, D: 76054056ms, C: true, I: true, N: 2
08-05 16:16:13.429 21092 21092 I Finsky  : [1] xio.a(57): SCH: ConstraintMapping: 26-1414141414,  -> L: 25626953ms, D: 26526953ms, C: false, I: false, N: 0
08-05 16:16:13.442 21092 21092 I Finsky  : [1] xle.a(34): Cancelling existing jobscheduler jobs: 9012 9000 9016 9017 9019 9015 9014 9018 9013 
08-05 16:16:13.442 21092 21092 I Finsky  : [1] xle.a(10): Throttling wakeup for job 9001 (expected to run in 0 ms) due to recent wakeup
08-05 16:16:13.443 21092 21092 I Finsky  : [1] xle.a(27): Scheduling job Id: 9001, L: 30000, D: 17627094, C: false, I: true, N: 0
08-05 16:16:13.445 22094 22122 I art     : Explicit concurrent mark sweep GC freed 17234(1134KB) AllocSpace objects, 6(268KB) LOS objects, 40% free, 23MB/38MB, paused 660us total 25.912ms
08-05 16:16:13.446 21092 21092 I Finsky  : [1] xle.a(27): Scheduling job Id: 9002, L: 20979485, D: 64179485, C: false, I: false, N: 1
08-05 16:16:13.448 21092 21092 I Finsky  : [1] xle.a(10): Throttling wakeup for job 9003 (expected to run in 0 ms) due to recent wakeup
08-05 16:16:13.449 21092 21092 I Finsky  : [1] xle.a(27): Scheduling job Id: 9003, L: 30000, D: 76054025, C: false, I: true, N: 2
08-05 16:16:13.451 21092 21092 I Finsky  : [1] xle.a(10): Throttling wakeup for job 9004 (expected to run in 0 ms) due to recent wakeup
08-05 16:16:13.452 21092 21092 I Finsky  : [1] xle.a(27): Scheduling job Id: 9004, L: 30000, D: 76054056, C: true, I: true, N: 2
08-05 16:16:13.453 21092 21092 I Finsky  : [1] xle.a(27): Scheduling job Id: 9005, L: 25626953, D: 26526953, C: false, I: false, N: 0
08-05 16:16:13.454 21092 21092 I Finsky  : [1] xle.a(10): Throttling wakeup for job 9006 (expected to run in 0 ms) due to recent wakeup
08-05 16:16:13.455 21092 21092 I Finsky  : [1] xle.a(27): Scheduling job Id: 9006, L: 30000, D: 17627094, C: false, I: true, N: 0
08-05 16:16:13.456 21092 21092 I Finsky  : [1] xle.a(27): Scheduling job Id: 9007, L: 20979485, D: 64179485, C: false, I: false, N: 1
08-05 16:16:13.457 21092 21092 I Finsky  : [1] xle.a(10): Throttling wakeup for job 9008 (expected to run in 0 ms) due to recent wakeup
08-05 16:16:13.457 21092 21092 I Finsky  : [1] xle.a(27): Scheduling job Id: 9008, L: 30000, D: 76054025, C: false, I: true, N: 2
08-05 16:16:13.458 21092 21092 I Finsky  : [1] xle.a(10): Throttling wakeup for job 9009 (expected to run in 0 ms) due to recent wakeup
08-05 16:16:13.458 21092 21092 I Finsky  : [1] xle.a(27): Scheduling job Id: 9009, L: 30000, D: 76054056, C: true, I: true, N: 2
08-05 16:16:13.459 22094 22122 I art     : Starting a blocking GC Explicit
08-05 16:16:13.460 21092 21092 I Finsky  : [1] xle.a(27): Scheduling job Id: 9010, L: 25626953, D: 26526953, C: false, I: false, N: 0
08-05 16:16:13.487 22094 22122 I art     : Explicit concurrent mark sweep GC freed 8355(623KB) AllocSpace objects, 8(944KB) LOS objects, 40% free, 23MB/38MB, paused 863us total 27.209ms
08-05 16:16:13.501 22094 22122 I art     : Starting a blocking GC Explicit
08-05 16:16:13.531 22094 22122 I art     : Explicit concurrent mark sweep GC freed 8252(502KB) AllocSpace objects, 1(160KB) LOS objects, 40% free, 23MB/39MB, paused 633us total 29.583ms
08-05 16:16:13.547 22094 22122 I art     : Starting a blocking GC Explicit
08-05 16:16:13.548   512  2967 D audio_hw_primary: disable_audio_route: reset and update mixer path: low-latency-playback speaker
08-05 16:16:13.549   512  2967 D audio_hw_primary: disable_snd_device: snd_device(2: speaker)
08-05 16:16:13.557   512  2967 I soundtrigger: audio_extn_sound_trigger_update_device_status: device 0x2 of type 0 for Event 0
08-05 16:16:13.559 22094 22654 D OK      : request got status: 200
08-05 16:16:13.567 22094 22654 D OK      : calling: https://oauth.reddit.com/r/askscience/about.json
08-05 16:16:13.577 22094 22122 I art     : Explicit concurrent mark sweep GC freed 8933(564KB) AllocSpace objects, 1(20KB) LOS objects, 39% free, 24MB/40MB, paused 444us total 30.737ms
08-05 16:16:13.593 22094 22122 I art     : Starting a blocking GC Explicit
08-05 16:16:13.622 22094 22122 I art     : Explicit concurrent mark sweep GC freed 255(24KB) AllocSpace objects, 2(320KB) LOS objects, 40% free, 23MB/39MB, paused 336us total 28.778ms
08-05 16:16:13.900 22094 22405 I art     : Starting a blocking GC Explicit
08-05 16:16:13.908 22094 22654 I NAPPA_EXPERIMENTATION: MetricNetworkRequestExecutionTime: REQUEST_DURATION_SYSTEM='339',REQUEST_DURATION_OKHTTP='150',REQUEST_SYNCHRONOUS='TRUE',RESPONSE_CODE='200',RESPONSE_METHOD='GET',RESPONSE_LENGTH_OKHTTP='-1',RESPONSE_LENGTH_HEADER='4700',REQUEST_PROTOCOL='h2',REQUEST_URL='https://oauth.reddit.com/r/askscience/about.json',
08-05 16:16:13.908 22094 22654 D OK      : request got status: 200
08-05 16:16:13.938 22094 22405 I art     : Explicit concurrent mark sweep GC freed 4136(294KB) AllocSpace objects, 3(108KB) LOS objects, 39% free, 24MB/40MB, paused 1.761ms total 37.274ms
08-05 16:16:13.958 22094 22405 I art     : Starting a blocking GC Explicit
08-05 16:16:13.991 22094 22405 I art     : Explicit concurrent mark sweep GC freed 1289(123KB) AllocSpace objects, 1(68KB) LOS objects, 39% free, 24MB/40MB, paused 358us total 32.852ms
08-05 16:16:14.008 22094 22405 I art     : Starting a blocking GC Explicit
08-05 16:16:14.040 22094 22405 I art     : Explicit concurrent mark sweep GC freed 234(12KB) AllocSpace objects, 0(0B) LOS objects, 39% free, 24MB/40MB, paused 325us total 32.135ms
08-05 16:16:14.056 22094 22405 I art     : Starting a blocking GC Explicit
08-05 16:16:14.090 22094 22405 I art     : Explicit concurrent mark sweep GC freed 3(96B) AllocSpace objects, 0(0B) LOS objects, 39% free, 24MB/40MB, paused 332us total 32.996ms
08-05 16:16:14.106 22094 22405 I art     : Starting a blocking GC Explicit
08-05 16:16:14.139 22094 22405 I art     : Explicit concurrent mark sweep GC freed 3(96B) AllocSpace objects, 0(0B) LOS objects, 39% free, 24MB/40MB, paused 325us total 32.533ms
08-05 16:16:14.299 22094 22688 D OK      : calling: https://oauth.reddit.com/r/askscience/hot/.json
08-05 16:16:14.336 22144 22144 I ServiceManager: Waiting for service AtCmdFwd...
08-05 16:16:14.432 22094 22106 I art     : Starting a blocking GC Explicit
08-05 16:16:14.466 22094 22106 I art     : Explicit concurrent mark sweep GC freed 1494(84KB) AllocSpace objects, 1(20KB) LOS objects, 39% free, 24MB/40MB, paused 382us total 33.795ms
08-05 16:16:14.483 22094 22106 I art     : Starting a blocking GC Explicit
08-05 16:16:14.494 22094 22688 I NAPPA_EXPERIMENTATION: MetricNetworkRequestExecutionTime: REQUEST_DURATION_SYSTEM='194',REQUEST_DURATION_OKHTTP='190',REQUEST_SYNCHRONOUS='TRUE',RESPONSE_CODE='200',RESPONSE_METHOD='GET',RESPONSE_LENGTH_OKHTTP='-1',RESPONSE_LENGTH_HEADER='21282',REQUEST_PROTOCOL='h2',REQUEST_URL='https://oauth.reddit.com/r/askscience/hot/.json',
08-05 16:16:14.494 22094 22688 D OK      : request got status: 200
08-05 16:16:14.515 22094 22684 I PostListingFragment: Precaching images: OFF
08-05 16:16:14.515 22094 22106 I art     : Explicit concurrent mark sweep GC freed 448(60KB) AllocSpace objects, 0(0B) LOS objects, 39% free, 24MB/40MB, paused 764us total 32.228ms
08-05 16:16:14.516 22094 22684 I PostListingFragment: Precaching comments: OFF
08-05 16:16:14.531 22094 22106 I art     : Starting a blocking GC Explicit
08-05 16:16:14.568 22094 22106 I art     : Explicit concurrent mark sweep GC freed 1775(166KB) AllocSpace objects, 0(0B) LOS objects, 39% free, 24MB/40MB, paused 920us total 37.095ms
08-05 16:16:14.585 22094 22106 I art     : Starting a blocking GC Explicit
08-05 16:16:14.623 22094 22106 I art     : Explicit concurrent mark sweep GC freed 2506(138KB) AllocSpace objects, 1(68KB) LOS objects, 39% free, 24MB/40MB, paused 1.252ms total 37.908ms
08-05 16:16:14.641 22094 22106 I art     : Starting a blocking GC Explicit
08-05 16:16:14.679 22094 22106 I art     : Explicit concurrent mark sweep GC freed 2850(133KB) AllocSpace objects, 1(68KB) LOS objects, 39% free, 24MB/40MB, paused 477us total 37.432ms
08-05 16:16:14.997 22094 22338 I art     : Starting a blocking GC Explicit
08-05 16:16:15.037 22094 22338 I art     : Explicit concurrent mark sweep GC freed 28393(1221KB) AllocSpace objects, 1(20KB) LOS objects, 39% free, 24MB/40MB, paused 706us total 40.572ms
08-05 16:16:15.054 22094 22338 I art     : Starting a blocking GC Explicit
08-05 16:16:15.091 22094 22338 I art     : Explicit concurrent mark sweep GC freed 2619(117KB) AllocSpace objects, 0(0B) LOS objects, 39% free, 24MB/40MB, paused 640us total 36.388ms
08-05 16:16:15.107 22094 22338 I art     : Starting a blocking GC Explicit
08-05 16:16:15.146 22094 22338 I art     : Explicit concurrent mark sweep GC freed 438(17KB) AllocSpace objects, 0(0B) LOS objects, 39% free, 24MB/40MB, paused 333us total 38.515ms
08-05 16:16:15.166 22094 22338 I art     : Starting a blocking GC Explicit
08-05 16:16:15.203 22094 22338 I art     : Explicit concurrent mark sweep GC freed 17(1088B) AllocSpace objects, 0(0B) LOS objects, 39% free, 24MB/40MB, paused 525us total 36.602ms
08-05 16:16:15.220 22094 22338 I art     : Starting a blocking GC Explicit
08-05 16:16:15.257 22094 22338 I art     : Explicit concurrent mark sweep GC freed 43(1584B) AllocSpace objects, 0(0B) LOS objects, 39% free, 24MB/40MB, paused 378us total 36.847ms
08-05 16:16:15.337 22144 22144 W Atfwd_Sendcmd: AtCmdFwd service not published, waiting... retryCnt : 2
08-05 16:16:15.577 22094 22105 I art     : Starting a blocking GC Explicit
08-05 16:16:15.629 22094 22105 I art     : Explicit concurrent mark sweep GC freed 1650(93KB) AllocSpace objects, 1(20KB) LOS objects, 39% free, 24MB/40MB, paused 425us total 50.768ms
08-05 16:16:15.648 22094 22105 I art     : Starting a blocking GC Explicit
08-05 16:16:15.688 22094 22105 I art     : Explicit concurrent mark sweep GC freed 83(4KB) AllocSpace objects, 0(0B) LOS objects, 39% free, 24MB/40MB, paused 347us total 39.843ms
08-05 16:16:15.706 22094 22105 I art     : Starting a blocking GC Explicit
08-05 16:16:15.747 22094 22105 I art     : Explicit concurrent mark sweep GC freed 3(96B) AllocSpace objects, 0(0B) LOS objects, 39% free, 24MB/40MB, paused 351us total 40.678ms
08-05 16:16:15.764 22094 22105 I art     : Starting a blocking GC Explicit
08-05 16:16:15.803 22094 22105 I art     : Explicit concurrent mark sweep GC freed 3(96B) AllocSpace objects, 0(0B) LOS objects, 39% free, 24MB/40MB, paused 308us total 39.177ms
08-05 16:16:15.821 22094 22105 I art     : Starting a blocking GC Explicit
08-05 16:16:15.862 22094 22105 I art     : Explicit concurrent mark sweep GC freed 3(96B) AllocSpace objects, 0(0B) LOS objects, 39% free, 24MB/40MB, paused 337us total 41.120ms
08-05 16:16:16.202 22094 22122 I art     : Starting a blocking GC Explicit
08-05 16:16:16.254 22094 22122 I art     : Explicit concurrent mark sweep GC freed 1346(78KB) AllocSpace objects, 1(20KB) LOS objects, 39% free, 24MB/40MB, paused 394us total 51.148ms
08-05 16:16:16.276 22094 22122 I art     : Starting a blocking GC Explicit
08-05 16:16:16.315 22094 22122 I art     : Explicit concurrent mark sweep GC freed 20(704B) AllocSpace objects, 0(0B) LOS objects, 39% free, 24MB/40MB, paused 336us total 38.063ms
08-05 16:16:16.332 22094 22122 I art     : Starting a blocking GC Explicit
08-05 16:16:16.371 22094 22122 I art     : Explicit concurrent mark sweep GC freed 3(96B) AllocSpace objects, 0(0B) LOS objects, 39% free, 24MB/40MB, paused 321us total 38.752ms
08-05 16:16:16.388 22094 22122 I art     : Starting a blocking GC Explicit
08-05 16:16:16.427 22094 22122 I art     : Explicit concurrent mark sweep GC freed 3(96B) AllocSpace objects, 0(0B) LOS objects, 39% free, 24MB/40MB, paused 371us total 38.961ms
08-05 16:16:16.445 22094 22122 I art     : Starting a blocking GC Explicit
08-05 16:16:16.485 22094 22122 I art     : Explicit concurrent mark sweep GC freed 3(96B) AllocSpace objects, 0(0B) LOS objects, 39% free, 24MB/40MB, paused 303us total 40.140ms
08-05 16:16:16.822 22094 22405 I art     : Starting a blocking GC Explicit
08-05 16:16:16.874 22094 22405 I art     : Explicit concurrent mark sweep GC freed 1343(78KB) AllocSpace objects, 1(20KB) LOS objects, 39% free, 24MB/40MB, paused 361us total 51.771ms
08-05 16:16:16.899 22094 22405 I art     : Starting a blocking GC Explicit
08-05 16:16:16.939 22094 22405 I art     : Explicit concurrent mark sweep GC freed 20(704B) AllocSpace objects, 0(0B) LOS objects, 39% free, 24MB/40MB, paused 320us total 38.828ms
08-05 16:16:16.956 22094 22405 I art     : Starting a blocking GC Explicit
08-05 16:16:16.995 22094 22405 I art     : Explicit concurrent mark sweep GC freed 3(96B) AllocSpace objects, 0(0B) LOS objects, 39% free, 24MB/40MB, paused 332us total 39.386ms
08-05 16:16:17.013 22094 22405 I art     : Starting a blocking GC Explicit
08-05 16:16:17.052 22094 22405 I art     : Explicit concurrent mark sweep GC freed 3(96B) AllocSpace objects, 0(0B) LOS objects, 39% free, 24MB/40MB, paused 333us total 38.681ms
08-05 16:16:17.069 22094 22405 I art     : Starting a blocking GC Explicit
08-05 16:16:17.109 22094 22405 I art     : Explicit concurrent mark sweep GC freed 3(96B) AllocSpace objects, 0(0B) LOS objects, 39% free, 24MB/40MB, paused 344us total 39.752ms
08-05 16:16:17.201   518   646 I ThermalEngine: ACTION: GPU - Setting GPU[0] to 510000000
08-05 16:16:17.437 22094 22338 I art     : Starting a blocking GC Explicit
08-05 16:16:17.474 22094 22338 I art     : Explicit concurrent mark sweep GC freed 1343(78KB) AllocSpace objects, 1(20KB) LOS objects, 39% free, 24MB/40MB, paused 275us total 37.427ms
08-05 16:16:17.492 22094 22338 I art     : Starting a blocking GC Explicit
08-05 16:16:17.526 22094 22338 I art     : Explicit concurrent mark sweep GC freed 20(704B) AllocSpace objects, 0(0B) LOS objects, 39% free, 24MB/40MB, paused 255us total 33.581ms
08-05 16:16:17.539 22094 22338 I art     : Starting a blocking GC Explicit
08-05 16:16:17.569 22094 22338 I art     : Explicit concurrent mark sweep GC freed 3(96B) AllocSpace objects, 0(0B) LOS objects, 39% free, 24MB/40MB, paused 253us total 29.794ms
08-05 16:16:17.582 22094 22338 I art     : Starting a blocking GC Explicit
08-05 16:16:17.612 22094 22338 I art     : Explicit concurrent mark sweep GC freed 3(96B) AllocSpace objects, 0(0B) LOS objects, 39% free, 24MB/40MB, paused 260us total 30.146ms
08-05 16:16:17.625 22094 22338 I art     : Starting a blocking GC Explicit
08-05 16:16:17.655 22094 22338 I art     : Explicit concurrent mark sweep GC freed 3(96B) AllocSpace objects, 0(0B) LOS objects, 39% free, 24MB/40MB, paused 244us total 28.903ms
08-05 16:16:17.971 22094 22106 I art     : Starting a blocking GC Explicit
08-05 16:16:18.008 22094 22106 I art     : Explicit concurrent mark sweep GC freed 1347(78KB) AllocSpace objects, 1(20KB) LOS objects, 39% free, 24MB/40MB, paused 281us total 36.529ms
08-05 16:16:18.021 22094 22106 I art     : Starting a blocking GC Explicit
08-05 16:16:18.052 22094 22106 I art     : Explicit concurrent mark sweep GC freed 20(704B) AllocSpace objects, 0(0B) LOS objects, 39% free, 24MB/40MB, paused 253us total 30.266ms
08-05 16:16:18.065 22094 22106 I art     : Starting a blocking GC Explicit
08-05 16:16:18.095 22094 22106 I art     : Explicit concurrent mark sweep GC freed 3(96B) AllocSpace objects, 0(0B) LOS objects, 39% free, 24MB/40MB, paused 239us total 29.749ms
08-05 16:16:18.108 22094 22106 I art     : Starting a blocking GC Explicit
08-05 16:16:18.138 22094 22106 I art     : Explicit concurrent mark sweep GC freed 3(96B) AllocSpace objects, 0(0B) LOS objects, 39% free, 24MB/40MB, paused 264us total 29.508ms
08-05 16:16:18.151 22094 22106 I art     : Starting a blocking GC Explicit
08-05 16:16:18.182 22094 22106 I art     : Explicit concurrent mark sweep GC freed 3(96B) AllocSpace objects, 0(0B) LOS objects, 39% free, 24MB/40MB, paused 253us total 30.361ms
08-05 16:16:18.446 22094 22105 I art     : Starting a blocking GC Explicit
08-05 16:16:18.476 22094 22105 I art     : Explicit concurrent mark sweep GC freed 1344(78KB) AllocSpace objects, 1(20KB) LOS objects, 39% free, 24MB/40MB, paused 250us total 30.031ms
08-05 16:16:18.490 22094 22105 I art     : Starting a blocking GC Explicit
08-05 16:16:18.518 22094 22105 I art     : Explicit concurrent mark sweep GC freed 20(704B) AllocSpace objects, 0(0B) LOS objects, 39% free, 24MB/40MB, paused 242us total 28.046ms
08-05 16:16:18.530 22094 22105 I art     : Starting a blocking GC Explicit
08-05 16:16:18.559 22094 22105 I art     : Explicit concurrent mark sweep GC freed 3(96B) AllocSpace objects, 0(0B) LOS objects, 39% free, 24MB/40MB, paused 239us total 28.583ms
08-05 16:16:18.572 22094 22105 I art     : Starting a blocking GC Explicit
08-05 16:16:18.601 22094 22105 I art     : Explicit concurrent mark sweep GC freed 3(96B) AllocSpace objects, 0(0B) LOS objects, 39% free, 24MB/40MB, paused 246us total 28.562ms
08-05 16:16:18.613 22094 22105 I art     : Starting a blocking GC Explicit
08-05 16:16:18.634 22759 22759 D AndroidRuntime: >>>>>> START com.android.internal.os.RuntimeInit uid 2000 <<<<<<
08-05 16:16:18.640 22759 22759 D AndroidRuntime: CheckJNI is OFF
08-05 16:16:18.643 22094 22105 I art     : Explicit concurrent mark sweep GC freed 3(96B) AllocSpace objects, 0(0B) LOS objects, 39% free, 24MB/40MB, paused 237us total 29.563ms
08-05 16:16:18.673 22759 22759 D ICU     : No timezone override file found: /data/misc/zoneinfo/current/icu/icu_tzdata.dat
08-05 16:16:18.703 22759 22759 I Radio-JNI: register_android_hardware_Radio DONE
08-05 16:16:18.724 22759 22759 D AndroidRuntime: Calling main entry com.android.commands.input.Input
08-05 16:16:18.725 22759 22759 I Input   : injectMotionEvent: MotionEvent { action=ACTION_DOWN, actionButton=0, id[0]=0, x[0]=600.0, y[0]=700.0, toolType[0]=TOOL_TYPE_UNKNOWN, buttonState=0, metaState=0, flags=0x0, edgeFlags=0x0, pointerCount=1, historySize=0, eventTime=807395138, downTime=807395138, deviceId=0, source=0x1002 }
08-05 16:16:18.731 22759 22759 I Input   : injectMotionEvent: MotionEvent { action=ACTION_UP, actionButton=0, id[0]=0, x[0]=600.0, y[0]=700.0, toolType[0]=TOOL_TYPE_UNKNOWN, buttonState=0, metaState=0, flags=0x0, edgeFlags=0x0, pointerCount=1, historySize=0, eventTime=807395138, downTime=807395138, deviceId=0, source=0x1002 }
08-05 16:16:18.733 22094 22094 I RRChoreographer: Using modern Choreographer
08-05 16:16:18.736 22759 22759 D AndroidRuntime: Shutting down VM
08-05 16:16:18.742   512  2967 D audio_hw_primary: out_set_parameters: enter: usecase(1: low-latency-playback) kvpairs: routing=2
08-05 16:16:18.744   918   928 I ActivityManager: START u0 {dat=https://oauth.reddit.com/... cmp=baseline.org.quantumbadger.redreader/.activities.CommentListingActivity} from uid 10689 on display 0
08-05 16:16:18.755   512  2967 D audio_hw_primary: select_devices: out_snd_device(2: speaker) in_snd_device(0: none)
08-05 16:16:18.755   512  2967 D msm8974_platform: platform_send_audio_calibration: sending audio calibration for snd_device(2) acdb_id(15)
08-05 16:16:18.755   512  2967 I soundtrigger: audio_extn_sound_trigger_update_device_status: device 0x2 of type 0 for Event 1
08-05 16:16:18.765 22094 22094 I AppCompatViewInflater: app:theme is now deprecated. Please move to using android:theme instead.
08-05 16:16:18.766   512  2967 D audio_hw_primary: enable_snd_device: snd_device(2: speaker)
08-05 16:16:18.768   512  2967 D audio_hw_primary: enable_audio_route: apply and update mixer path: low-latency-playback speaker
08-05 16:16:18.784 22094 22786 D OK      : calling: https://oauth.reddit.com/comments/gvc7k9/.json?sort=confidence
08-05 16:16:18.853   918   936 I ActivityManager: Displayed baseline.org.quantumbadger.redreader/.activities.CommentListingActivity: +101ms
08-05 16:16:18.853 13866 13866 I GoogleInputMethodServic: GoogleInputMethodService.onFinishInput():3138 
08-05 16:16:18.854 13866 13866 I GoogleInputMethodServic: GoogleInputMethodService.onStartInput():1808 
08-05 16:16:18.889 22094 22338 I art     : Starting a blocking GC Explicit
08-05 16:16:18.916 22094 22338 I art     : Explicit concurrent mark sweep GC freed 4184(269KB) AllocSpace objects, 1(20KB) LOS objects, 39% free, 24MB/40MB, paused 265us total 27.061ms
08-05 16:16:18.928 22094 22338 I art     : Starting a blocking GC Explicit
08-05 16:16:18.955 22094 22338 I art     : Explicit concurrent mark sweep GC freed 440(21KB) AllocSpace objects, 0(0B) LOS objects, 39% free, 24MB/40MB, paused 266us total 26.638ms
08-05 16:16:18.969 22094 22338 I art     : Starting a blocking GC Explicit
08-05 16:16:18.998 22094 22338 I art     : Explicit concurrent mark sweep GC freed 6(224B) AllocSpace objects, 0(0B) LOS objects, 39% free, 24MB/40MB, paused 264us total 28.636ms
08-05 16:16:19.011 22094 22338 I art     : Starting a blocking GC Explicit
08-05 16:16:19.015 22094 22786 I NAPPA_EXPERIMENTATION: MetricNetworkRequestExecutionTime: REQUEST_DURATION_SYSTEM='231',REQUEST_DURATION_OKHTTP='229',REQUEST_SYNCHRONOUS='TRUE',RESPONSE_CODE='200',RESPONSE_METHOD='GET',RESPONSE_LENGTH_OKHTTP='-1',RESPONSE_LENGTH_HEADER='90132',REQUEST_PROTOCOL='h2',REQUEST_URL='https://oauth.reddit.com/comments/gvc7k9/.json?sort=confidence',
08-05 16:16:19.016 22094 22786 D OK      : request got status: 200
08-05 16:16:19.032 22094 22684 I CommentListingActivity: COMMENTS session changed to ee9496a0-66dd-4f12-bd51-1f38ae374f63
08-05 16:16:19.050 22094 22338 I art     : Explicit concurrent mark sweep GC freed 586(117KB) AllocSpace objects, 0(0B) LOS objects, 38% free, 25MB/41MB, paused 379us total 38.512ms
08-05 16:16:19.066 22094 22338 I art     : Starting a blocking GC Explicit
08-05 16:16:19.106   380   380 W SurfaceFlinger: couldn't log to binary event log: overflow.
08-05 16:16:19.108 22094 22338 I art     : Explicit concurrent mark sweep GC freed 5628(364KB) AllocSpace objects, 0(0B) LOS objects, 37% free, 26MB/42MB, paused 961us total 42.032ms
08-05 16:16:19.298   512  2967 D audio_hw_primary: disable_audio_route: reset and update mixer path: low-latency-playback speaker
08-05 16:16:19.300   512  2967 D audio_hw_primary: disable_snd_device: snd_device(2: speaker)
08-05 16:16:19.309   512  2967 I soundtrigger: audio_extn_sound_trigger_update_device_status: device 0x2 of type 0 for Event 0
08-05 16:16:19.382 22094 22106 I art     : Starting a blocking GC Explicit
08-05 16:16:19.436 22094 22106 I art     : Explicit concurrent mark sweep GC freed 57068(3MB) AllocSpace objects, 6(208KB) LOS objects, 36% free, 27MB/43MB, paused 279us total 53.191ms
08-05 16:16:19.452 22094 22106 I art     : Starting a blocking GC Explicit
08-05 16:16:19.494 22094 22106 I art     : Explicit concurrent mark sweep GC freed 46(1984B) AllocSpace objects, 0(0B) LOS objects, 36% free, 27MB/43MB, paused 235us total 41.645ms
08-05 16:16:19.509 22094 22106 I art     : Starting a blocking GC Explicit
08-05 16:16:19.551 22094 22106 I art     : Explicit concurrent mark sweep GC freed 3(96B) AllocSpace objects, 0(0B) LOS objects, 36% free, 27MB/43MB, paused 261us total 42.070ms
08-05 16:16:19.566 22094 22106 I art     : Starting a blocking GC Explicit
08-05 16:16:19.608 22094 22106 I art     : Explicit concurrent mark sweep GC freed 3(96B) AllocSpace objects, 0(0B) LOS objects, 36% free, 27MB/43MB, paused 235us total 42.275ms
08-05 16:16:19.624 22094 22106 I art     : Starting a blocking GC Explicit
08-05 16:16:19.667 22094 22106 I art     : Explicit concurrent mark sweep GC freed 3(96B) AllocSpace objects, 0(0B) LOS objects, 36% free, 27MB/43MB, paused 287us total 42.827ms
08-05 16:16:19.967 22094 22106 I art     : Starting a blocking GC Explicit
08-05 16:16:20.013 22094 22106 I art     : Explicit concurrent mark sweep GC freed 1343(78KB) AllocSpace objects, 1(20KB) LOS objects, 36% free, 27MB/43MB, paused 268us total 46.193ms
08-05 16:16:20.031 22094 22106 I art     : Starting a blocking GC Explicit
08-05 16:16:20.075 22094 22106 I art     : Explicit concurrent mark sweep GC freed 66(2528B) AllocSpace objects, 0(0B) LOS objects, 36% free, 27MB/43MB, paused 271us total 43.861ms
08-05 16:16:20.090 22094 22106 I art     : Starting a blocking GC Explicit
08-05 16:16:20.135 22094 22106 I art     : Explicit concurrent mark sweep GC freed 3(96B) AllocSpace objects, 0(0B) LOS objects, 36% free, 27MB/43MB, paused 270us total 44.266ms
08-05 16:16:20.150 22094 22106 I art     : Starting a blocking GC Explicit
08-05 16:16:20.193 22094 22106 I art     : Explicit concurrent mark sweep GC freed 3(96B) AllocSpace objects, 0(0B) LOS objects, 36% free, 27MB/43MB, paused 272us total 42.847ms
08-05 16:16:20.208 22094 22106 I art     : Starting a blocking GC Explicit
08-05 16:16:20.253 22094 22106 I art     : Explicit concurrent mark sweep GC freed 3(96B) AllocSpace objects, 0(0B) LOS objects, 36% free, 27MB/43MB, paused 264us total 44.052ms
08-05 16:16:20.533 22094 22122 I art     : Starting a blocking GC Explicit
08-05 16:16:20.586 22094 22122 I art     : Explicit concurrent mark sweep GC freed 1343(78KB) AllocSpace objects, 1(20KB) LOS objects, 36% free, 27MB/43MB, paused 297us total 52.110ms
08-05 16:16:20.603 22094 22122 I art     : Starting a blocking GC Explicit
08-05 16:16:20.647 22094 22122 I art     : Explicit concurrent mark sweep GC freed 20(704B) AllocSpace objects, 0(0B) LOS objects, 36% free, 27MB/43MB, paused 294us total 44.039ms
08-05 16:16:20.663 22094 22122 I art     : Starting a blocking GC Explicit
08-05 16:16:20.707 22094 22122 I art     : Explicit concurrent mark sweep GC freed 3(96B) AllocSpace objects, 0(0B) LOS objects, 36% free, 27MB/43MB, paused 275us total 44.573ms
08-05 16:16:20.723 22094 22122 I art     : Starting a blocking GC Explicit
08-05 16:16:20.767 22094 22122 I art     : Explicit concurrent mark sweep GC freed 3(96B) AllocSpace objects, 0(0B) LOS objects, 36% free, 27MB/43MB, paused 266us total 43.824ms
08-05 16:16:20.782 22094 22122 I art     : Starting a blocking GC Explicit
08-05 16:16:20.827 22094 22122 I art     : Explicit concurrent mark sweep GC freed 3(96B) AllocSpace objects, 0(0B) LOS objects, 36% free, 27MB/43MB, paused 339us total 44.681ms
08-05 16:16:21.134 22094 22105 I art     : Starting a blocking GC Explicit
08-05 16:16:21.188 22094 22105 I art     : Explicit concurrent mark sweep GC freed 1343(78KB) AllocSpace objects, 1(20KB) LOS objects, 36% free, 27MB/43MB, paused 285us total 52.844ms
08-05 16:16:21.208 22094 22105 I art     : Starting a blocking GC Explicit
08-05 16:16:21.248 22094 22105 I art     : Explicit concurrent mark sweep GC freed 20(704B) AllocSpace objects, 0(0B) LOS objects, 36% free, 27MB/43MB, paused 260us total 40.382ms
08-05 16:16:21.264 22094 22105 I art     : Starting a blocking GC Explicit
08-05 16:16:21.308 22094 22105 I art     : Explicit concurrent mark sweep GC freed 3(96B) AllocSpace objects, 0(0B) LOS objects, 36% free, 27MB/43MB, paused 269us total 44.390ms
08-05 16:16:21.309 22094 22104 I art     : WaitForGcToComplete blocked for 44.661ms for cause HeapTrim
08-05 16:16:21.324 22094 22105 I art     : Starting a blocking GC Explicit
08-05 16:16:21.368 22094 22105 I art     : Explicit concurrent mark sweep GC freed 3(96B) AllocSpace objects, 0(0B) LOS objects, 36% free, 27MB/43MB, paused 250us total 43.611ms
08-05 16:16:21.383 22094 22105 I art     : Starting a blocking GC Explicit
08-05 16:16:21.428 22094 22105 I art     : Explicit concurrent mark sweep GC freed 3(96B) AllocSpace objects, 0(0B) LOS objects, 36% free, 27MB/43MB, paused 267us total 44.494ms
08-05 16:16:21.744 22094 22405 I art     : Starting a blocking GC Explicit
08-05 16:16:21.799 22094 22405 I art     : Explicit concurrent mark sweep GC freed 1343(78KB) AllocSpace objects, 1(20KB) LOS objects, 36% free, 27MB/43MB, paused 282us total 54.759ms
08-05 16:16:21.818 22094 22405 I art     : Starting a blocking GC Explicit
08-05 16:16:21.862 22094 22405 I art     : Explicit concurrent mark sweep GC freed 20(704B) AllocSpace objects, 0(0B) LOS objects, 36% free, 27MB/43MB, paused 267us total 43.850ms
08-05 16:16:21.878 22094 22405 I art     : Starting a blocking GC Explicit
08-05 16:16:21.923 22094 22405 I art     : Explicit concurrent mark sweep GC freed 3(96B) AllocSpace objects, 0(0B) LOS objects, 36% free, 27MB/43MB, paused 265us total 44.601ms
08-05 16:16:21.938 22094 22405 I art     : Starting a blocking GC Explicit
08-05 16:16:21.982 22094 22405 I art     : Explicit concurrent mark sweep GC freed 3(96B) AllocSpace objects, 0(0B) LOS objects, 36% free, 27MB/43MB, paused 264us total 43.816ms
08-05 16:16:21.998 22094 22405 I art     : Starting a blocking GC Explicit
08-05 16:16:22.043 22094 22405 I art     : Explicit concurrent mark sweep GC freed 3(96B) AllocSpace objects, 0(0B) LOS objects, 36% free, 27MB/43MB, paused 262us total 44.852ms
08-05 16:16:22.362 22094 22338 I art     : Starting a blocking GC Explicit
08-05 16:16:22.425 22094 22338 I art     : Explicit concurrent mark sweep GC freed 1344(79KB) AllocSpace objects, 1(20KB) LOS objects, 36% free, 27MB/43MB, paused 287us total 61.700ms
08-05 16:16:22.442 22094 22338 I art     : Starting a blocking GC Explicit
08-05 16:16:22.487 22094 22338 I art     : Explicit concurrent mark sweep GC freed 20(704B) AllocSpace objects, 0(0B) LOS objects, 36% free, 27MB/43MB, paused 264us total 44.301ms
08-05 16:16:22.502 22094 22338 I art     : Starting a blocking GC Explicit
08-05 16:16:22.547 22094 22338 I art     : Explicit concurrent mark sweep GC freed 3(96B) AllocSpace objects, 0(0B) LOS objects, 36% free, 27MB/43MB, paused 263us total 44.689ms
08-05 16:16:22.562 22094 22338 I art     : Starting a blocking GC Explicit
08-05 16:16:22.606 22094 22338 I art     : Explicit concurrent mark sweep GC freed 3(96B) AllocSpace objects, 0(0B) LOS objects, 36% free, 27MB/43MB, paused 266us total 43.731ms
08-05 16:16:22.621 22094 22338 I art     : Starting a blocking GC Explicit
08-05 16:16:22.666 22094 22338 I art     : Explicit concurrent mark sweep GC freed 3(96B) AllocSpace objects, 0(0B) LOS objects, 36% free, 27MB/43MB, paused 259us total 43.844ms
08-05 16:16:22.977 22094 22106 I art     : Starting a blocking GC Explicit
08-05 16:16:23.024 22094 22106 I art     : Explicit concurrent mark sweep GC freed 1347(79KB) AllocSpace objects, 1(20KB) LOS objects, 36% free, 27MB/43MB, paused 307us total 46.705ms
08-05 16:16:23.040 22094 22106 I art     : Starting a blocking GC Explicit
08-05 16:16:23.081 22094 22106 I art     : Explicit concurrent mark sweep GC freed 20(704B) AllocSpace objects, 0(0B) LOS objects, 36% free, 27MB/43MB, paused 266us total 40.921ms
08-05 16:16:23.096 22094 22106 I art     : Starting a blocking GC Explicit
08-05 16:16:23.138 22094 22106 I art     : Explicit concurrent mark sweep GC freed 3(96B) AllocSpace objects, 0(0B) LOS objects, 36% free, 27MB/43MB, paused 256us total 42.485ms
08-05 16:16:23.153 22094 22106 I art     : Starting a blocking GC Explicit
08-05 16:16:23.194 22094 22106 I art     : Explicit concurrent mark sweep GC freed 3(96B) AllocSpace objects, 0(0B) LOS objects, 36% free, 27MB/43MB, paused 245us total 40.548ms
08-05 16:16:23.209 22094 22106 I art     : Starting a blocking GC Explicit
08-05 16:16:23.250 22094 22106 I art     : Explicit concurrent mark sweep GC freed 3(96B) AllocSpace objects, 0(0B) LOS objects, 36% free, 27MB/43MB, paused 258us total 41.331ms
08-05 16:16:23.396 22867 22867 D AndroidRuntime: >>>>>> START com.android.internal.os.RuntimeInit uid 2000 <<<<<<
08-05 16:16:23.401 22867 22867 D AndroidRuntime: CheckJNI is OFF
08-05 16:16:23.434 22867 22867 D ICU     : No timezone override file found: /data/misc/zoneinfo/current/icu/icu_tzdata.dat
08-05 16:16:23.466 22867 22867 I Radio-JNI: register_android_hardware_Radio DONE
08-05 16:16:23.487 22867 22867 D AndroidRuntime: Calling main entry com.android.commands.input.Input
08-05 16:16:23.488 22867 22867 I Input   : injectKeyEvent: KeyEvent { action=ACTION_DOWN, keyCode=KEYCODE_BACK, scanCode=0, metaState=0, flags=0x0, repeatCount=0, eventTime=807399901, downTime=807399901, deviceId=-1, source=0x101 }
08-05 16:16:23.494 22867 22867 I Input   : injectKeyEvent: KeyEvent { action=ACTION_UP, keyCode=KEYCODE_BACK, scanCode=0, metaState=0, flags=0x0, repeatCount=0, eventTime=807399901, downTime=807399901, deviceId=-1, source=0x101 }
08-05 16:16:23.501 22867 22867 D AndroidRuntime: Shutting down VM
08-05 16:16:23.537 13866 13866 I GoogleInputMethodServic: GoogleInputMethodService.onFinishInput():3138 
08-05 16:16:23.538 13866 13866 I GoogleInputMethodServic: GoogleInputMethodService.onStartInput():1808 
08-05 16:16:23.543 22094 22106 I art     : Starting a blocking GC Explicit
08-05 16:16:23.584 22094 22106 I art     : Explicit concurrent mark sweep GC freed 1578(87KB) AllocSpace objects, 1(20KB) LOS objects, 36% free, 27MB/43MB, paused 291us total 40.777ms
08-05 16:16:23.599 22094 22106 I art     : Starting a blocking GC Explicit
08-05 16:16:23.635 22094 22106 I art     : Explicit concurrent mark sweep GC freed 36(1264B) AllocSpace objects, 0(0B) LOS objects, 36% free, 27MB/43MB, paused 227us total 36.167ms
08-05 16:16:23.651 22094 22106 I art     : Starting a blocking GC Explicit
08-05 16:16:23.695 22094 22106 I art     : Explicit concurrent mark sweep GC freed 3(96B) AllocSpace objects, 0(0B) LOS objects, 36% free, 27MB/43MB, paused 227us total 44.143ms
08-05 16:16:23.715 22094 22106 I art     : Starting a blocking GC Explicit
08-05 16:16:23.753 22094 22783 I RedditChangeDataIO: Writing tmp data file at '/data/user/0/baseline.org.quantumbadger.redreader/files/rr_change_data_tmp.dat'
08-05 16:16:23.754 22094 22783 I RedditChangeDataManager: Taking snapshot...
08-05 16:16:23.755 22094 22783 I RedditChangeDataManager: Writing to stream...
08-05 16:16:23.755 22094 22783 I RedditChangeDataManager: Wrote 1 entries for user ''
08-05 16:16:23.755 22094 22783 I RedditChangeDataManager: All entries written to stream.
08-05 16:16:23.755 22094 22783 I RedditChangeDataIO: Write successful. Atomically replacing data file...
08-05 16:16:23.755 22094 22783 I RedditChangeDataIO: Write complete.
08-05 16:16:23.755 22094 22783 I RedditChangeDataIO: 38 bytes written in 2 ms
08-05 16:16:23.767 22094 22106 I art     : Explicit concurrent mark sweep GC freed 71(4KB) AllocSpace objects, 1(68KB) LOS objects, 36% free, 27MB/43MB, paused 288us total 51.786ms
08-05 16:16:23.783 22094 22106 I art     : Starting a blocking GC Explicit
08-05 16:16:23.828 22094 22106 I art     : Explicit concurrent mark sweep GC freed 14(960B) AllocSpace objects, 0(0B) LOS objects, 36% free, 27MB/43MB, paused 379us total 44.189ms
08-05 16:16:23.844   380   380 W SurfaceFlinger: couldn't log to binary event log: overflow.
08-05 16:16:24.124 22094 22122 I art     : Starting a blocking GC Explicit
08-05 16:16:24.185 22094 22122 I art     : Explicit concurrent mark sweep GC freed 1405(81KB) AllocSpace objects, 1(20KB) LOS objects, 36% free, 27MB/43MB, paused 326us total 60.637ms
08-05 16:16:24.203 22094 22122 I art     : Starting a blocking GC Explicit
08-05 16:16:24.238 22094 22122 I art     : Explicit concurrent mark sweep GC freed 46778(2MB) AllocSpace objects, 5(140KB) LOS objects, 39% free, 24MB/40MB, paused 251us total 34.600ms
08-05 16:16:24.251 22094 22122 I art     : Starting a blocking GC Explicit
08-05 16:16:24.280 22094 22122 I art     : Explicit concurrent mark sweep GC freed 3(96B) AllocSpace objects, 0(0B) LOS objects, 39% free, 24MB/40MB, paused 246us total 29.286ms
08-05 16:16:24.293 22094 22122 I art     : Starting a blocking GC Explicit
08-05 16:16:24.324 22094 22122 I art     : Explicit concurrent mark sweep GC freed 3(96B) AllocSpace objects, 0(0B) LOS objects, 39% free, 24MB/40MB, paused 255us total 30.431ms
08-05 16:16:24.337 22094 22122 I art     : Starting a blocking GC Explicit
08-05 16:16:24.368 22094 22122 I art     : Explicit concurrent mark sweep GC freed 278(43KB) AllocSpace objects, 0(0B) LOS objects, 39% free, 24MB/40MB, paused 228us total 30.254ms
08-05 16:16:24.657 22094 22105 I art     : Starting a blocking GC Explicit
08-05 16:16:24.699 22094 22105 I art     : Explicit concurrent mark sweep GC freed 1408(80KB) AllocSpace objects, 1(20KB) LOS objects, 39% free, 24MB/40MB, paused 270us total 41.553ms
08-05 16:16:24.717 22094 22105 I art     : Starting a blocking GC Explicit
08-05 16:16:24.749 22094 22105 I art     : Explicit concurrent mark sweep GC freed 20(704B) AllocSpace objects, 0(0B) LOS objects, 39% free, 24MB/40MB, paused 265us total 30.977ms
08-05 16:16:24.762 22094 22105 I art     : Starting a blocking GC Explicit
08-05 16:16:24.790 22094 22105 I art     : Explicit concurrent mark sweep GC freed 3(96B) AllocSpace objects, 0(0B) LOS objects, 39% free, 24MB/40MB, paused 221us total 28.142ms
08-05 16:16:24.803 22094 22105 I art     : Starting a blocking GC Explicit
08-05 16:16:24.832 22094 22105 I art     : Explicit concurrent mark sweep GC freed 3(96B) AllocSpace objects, 0(0B) LOS objects, 39% free, 24MB/40MB, paused 222us total 28.943ms
08-05 16:16:24.844 22094 22105 I art     : Starting a blocking GC Explicit
08-05 16:16:24.873 22094 22105 I art     : Explicit concurrent mark sweep GC freed 3(96B) AllocSpace objects, 0(0B) LOS objects, 39% free, 24MB/40MB, paused 223us total 28.610ms
08-05 16:16:25.140 22094 22338 I art     : Starting a blocking GC Explicit
08-05 16:16:25.147 22910 22910 D AndroidRuntime: >>>>>> START com.android.internal.os.RuntimeInit uid 2000 <<<<<<
08-05 16:16:25.152 22910 22910 D AndroidRuntime: CheckJNI is OFF
08-05 16:16:25.171 22094 22338 I art     : Explicit concurrent mark sweep GC freed 1343(78KB) AllocSpace objects, 1(20KB) LOS objects, 39% free, 24MB/40MB, paused 240us total 30.591ms
08-05 16:16:25.184 22094 22338 I art     : Starting a blocking GC Explicit
08-05 16:16:25.192 22910 22910 D ICU     : No timezone override file found: /data/misc/zoneinfo/current/icu/icu_tzdata.dat
08-05 16:16:25.213 22094 22338 I art     : Explicit concurrent mark sweep GC freed 20(704B) AllocSpace objects, 0(0B) LOS objects, 39% free, 24MB/40MB, paused 237us total 29.097ms
08-05 16:16:25.225 22910 22910 I Radio-JNI: register_android_hardware_Radio DONE
08-05 16:16:25.226 22094 22338 I art     : Starting a blocking GC Explicit
08-05 16:16:25.247 22910 22910 D AndroidRuntime: Calling main entry com.android.commands.input.Input
08-05 16:16:25.249 22910 22910 I Input   : injectMotionEvent: MotionEvent { action=ACTION_DOWN, actionButton=0, id[0]=0, x[0]=600.0, y[0]=950.0, toolType[0]=TOOL_TYPE_UNKNOWN, buttonState=0, metaState=0, flags=0x0, edgeFlags=0x0, pointerCount=1, historySize=0, eventTime=807401662, downTime=807401662, deviceId=0, source=0x1002 }
08-05 16:16:25.254 22094 22338 I art     : Explicit concurrent mark sweep GC freed 3(96B) AllocSpace objects, 0(0B) LOS objects, 39% free, 24MB/40MB, paused 212us total 28.205ms
08-05 16:16:25.255 22910 22910 I Input   : injectMotionEvent: MotionEvent { action=ACTION_UP, actionButton=0, id[0]=0, x[0]=600.0, y[0]=950.0, toolType[0]=TOOL_TYPE_UNKNOWN, buttonState=0, metaState=0, flags=0x0, edgeFlags=0x0, pointerCount=1, historySize=0, eventTime=807401662, downTime=807401662, deviceId=0, source=0x1002 }
08-05 16:16:25.257 22910 22910 D AndroidRuntime: Shutting down VM
08-05 16:16:25.267 22094 22338 I art     : Starting a blocking GC Explicit
08-05 16:16:25.267   512  2967 D audio_hw_primary: out_set_parameters: enter: usecase(1: low-latency-playback) kvpairs: routing=2
08-05 16:16:25.277   918  6111 I ActivityManager: START u0 {dat=https://oauth.reddit.com/... cmp=baseline.org.quantumbadger.redreader/.activities.CommentListingActivity} from uid 10689 on display 0
08-05 16:16:25.280   512  2967 D audio_hw_primary: select_devices: out_snd_device(2: speaker) in_snd_device(0: none)
08-05 16:16:25.280   512  2967 D msm8974_platform: platform_send_audio_calibration: sending audio calibration for snd_device(2) acdb_id(15)
08-05 16:16:25.280   512  2967 I soundtrigger: audio_extn_sound_trigger_update_device_status: device 0x2 of type 0 for Event 1
08-05 16:16:25.291   512  2967 D audio_hw_primary: enable_snd_device: snd_device(2: speaker)
08-05 16:16:25.293   512  2967 D audio_hw_primary: enable_audio_route: apply and update mixer path: low-latency-playback speaker
08-05 16:16:25.297 22094 22338 I art     : Explicit concurrent mark sweep GC freed 908(36KB) AllocSpace objects, 0(0B) LOS objects, 39% free, 24MB/40MB, paused 364us total 29.669ms
08-05 16:16:25.299 22094 22094 I AppCompatViewInflater: app:theme is now deprecated. Please move to using android:theme instead.
08-05 16:16:25.309 22094 22338 I art     : Starting a blocking GC Explicit
08-05 16:16:25.316 22094 22935 D OK      : calling: https://oauth.reddit.com/comments/hwnhe2/.json?sort=confidence
08-05 16:16:25.337 22144 22144 I ServiceManager: Waiting for service AtCmdFwd...
08-05 16:16:25.338 22094 22338 I art     : Explicit concurrent mark sweep GC freed 1212(79KB) AllocSpace objects, 0(0B) LOS objects, 39% free, 24MB/40MB, paused 326us total 28.757ms
08-05 16:16:25.388   918   936 I ActivityManager: Displayed baseline.org.quantumbadger.redreader/.activities.CommentListingActivity: +101ms
08-05 16:16:25.389 13866 13866 I GoogleInputMethodServic: GoogleInputMethodService.onFinishInput():3138 
08-05 16:16:25.393 13866 13866 I GoogleInputMethodServic: GoogleInputMethodService.onStartInput():1808 
08-05 16:16:25.583 22094 22122 I art     : Starting a blocking GC Explicit
08-05 16:16:25.626 22094 22122 I art     : Explicit concurrent mark sweep GC freed 4320(197KB) AllocSpace objects, 1(20KB) LOS objects, 38% free, 25MB/41MB, paused 446us total 42.199ms
08-05 16:16:25.629   380   380 W SurfaceFlinger: couldn't log to binary event log: overflow.
08-05 16:16:25.642 22094 22122 I art     : Starting a blocking GC Explicit
08-05 16:16:25.670 22094 22122 I art     : Explicit concurrent mark sweep GC freed 207(10KB) AllocSpace objects, 0(0B) LOS objects, 38% free, 25MB/41MB, paused 259us total 27.274ms
08-05 16:16:25.678 22094 22935 I NAPPA_EXPERIMENTATION: MetricNetworkRequestExecutionTime: REQUEST_DURATION_SYSTEM='362',REQUEST_DURATION_OKHTTP='153',REQUEST_SYNCHRONOUS='TRUE',RESPONSE_CODE='200',RESPONSE_METHOD='GET',RESPONSE_LENGTH_OKHTTP='-1',RESPONSE_LENGTH_HEADER='3930',REQUEST_PROTOCOL='h2',REQUEST_URL='https://oauth.reddit.com/comments/hwnhe2/.json?sort=confidence',
08-05 16:16:25.678 22094 22935 D OK      : request got status: 200
08-05 16:16:25.682 22094 22122 I art     : Starting a blocking GC Explicit
08-05 16:16:25.689 22094 22684 I CommentListingActivity: COMMENTS session changed to c4f303bc-1360-4741-845a-c1377cf61f70
08-05 16:16:25.709 22094 22122 I art     : Explicit concurrent mark sweep GC freed 2488(254KB) AllocSpace objects, 1(68KB) LOS objects, 38% free, 25MB/41MB, paused 369us total 27.076ms
08-05 16:16:25.721 22094 22122 I art     : Starting a blocking GC Explicit
08-05 16:16:25.750 22094 22122 I art     : Explicit concurrent mark sweep GC freed 1787(127KB) AllocSpace objects, 3(100KB) LOS objects, 38% free, 25MB/41MB, paused 479us total 28.843ms
08-05 16:16:25.763 22094 22122 I art     : Starting a blocking GC Explicit
08-05 16:16:25.792 22094 22122 I art     : Explicit concurrent mark sweep GC freed 435(17KB) AllocSpace objects, 0(0B) LOS objects, 38% free, 25MB/41MB, paused 301us total 28.744ms
08-05 16:16:25.839   512  2967 D audio_hw_primary: disable_audio_route: reset and update mixer path: low-latency-playback speaker
08-05 16:16:25.840   512  2967 D audio_hw_primary: disable_snd_device: snd_device(2: speaker)
08-05 16:16:25.848   512  2967 I soundtrigger: audio_extn_sound_trigger_update_device_status: device 0x2 of type 0 for Event 0
08-05 16:16:26.077 22094 22105 I art     : Starting a blocking GC Explicit
08-05 16:16:26.111 22094 22105 I art     : Explicit concurrent mark sweep GC freed 1363(80KB) AllocSpace objects, 1(20KB) LOS objects, 38% free, 25MB/41MB, paused 262us total 33.306ms
08-05 16:16:26.125 22094 22105 I art     : Starting a blocking GC Explicit
08-05 16:16:26.156 22094 22105 I art     : Explicit concurrent mark sweep GC freed 20(704B) AllocSpace objects, 0(0B) LOS objects, 38% free, 25MB/41MB, paused 237us total 30.126ms
08-05 16:16:26.169 22094 22105 I art     : Starting a blocking GC Explicit
08-05 16:16:26.201 22094 22105 I art     : Explicit concurrent mark sweep GC freed 3(96B) AllocSpace objects, 0(0B) LOS objects, 38% free, 25MB/41MB, paused 249us total 31.178ms
08-05 16:16:26.215 22094 22105 I art     : Starting a blocking GC Explicit
08-05 16:16:26.247 22094 22105 I art     : Explicit concurrent mark sweep GC freed 3(96B) AllocSpace objects, 0(0B) LOS objects, 38% free, 25MB/41MB, paused 539us total 31.152ms
08-05 16:16:26.260 22094 22105 I art     : Starting a blocking GC Explicit
08-05 16:16:26.290 22094 22105 I art     : Explicit concurrent mark sweep GC freed 3(96B) AllocSpace objects, 0(0B) LOS objects, 38% free, 25MB/41MB, paused 300us total 29.313ms
08-05 16:16:26.337 22144 22144 I ServiceManager: Waiting for service AtCmdFwd...
08-05 16:16:26.573 22094 22106 I art     : Starting a blocking GC Explicit
08-05 16:16:26.614 22094 22106 I art     : Explicit concurrent mark sweep GC freed 1343(79KB) AllocSpace objects, 1(20KB) LOS objects, 38% free, 25MB/41MB, paused 272us total 40.911ms
08-05 16:16:26.631 22094 22106 I art     : Starting a blocking GC Explicit
08-05 16:16:26.663 22094 22106 I art     : Explicit concurrent mark sweep GC freed 66(2528B) AllocSpace objects, 0(0B) LOS objects, 38% free, 25MB/41MB, paused 264us total 32.524ms
08-05 16:16:26.677 22094 22106 I art     : Starting a blocking GC Explicit
08-05 16:16:26.710 22094 22106 I art     : Explicit concurrent mark sweep GC freed 3(96B) AllocSpace objects, 0(0B) LOS objects, 38% free, 25MB/41MB, paused 256us total 32.618ms
08-05 16:16:26.723 22094 22106 I art     : Starting a blocking GC Explicit
08-05 16:16:26.756 22094 22106 I art     : Explicit concurrent mark sweep GC freed 3(96B) AllocSpace objects, 0(0B) LOS objects, 38% free, 25MB/41MB, paused 253us total 32.212ms
08-05 16:16:26.770 22094 22106 I art     : Starting a blocking GC Explicit
08-05 16:16:26.802 22094 22106 I art     : Explicit concurrent mark sweep GC freed 3(96B) AllocSpace objects, 0(0B) LOS objects, 38% free, 25MB/41MB, paused 249us total 32.099ms
08-05 16:16:27.112 22094 22105 I art     : Starting a blocking GC Explicit
08-05 16:16:27.152 22094 22105 I art     : Explicit concurrent mark sweep GC freed 1343(79KB) AllocSpace objects, 1(20KB) LOS objects, 38% free, 25MB/41MB, paused 283us total 39.867ms
08-05 16:16:27.170 22094 22105 I art     : Starting a blocking GC Explicit
08-05 16:16:27.207 22094 22105 I art     : Explicit concurrent mark sweep GC freed 20(704B) AllocSpace objects, 0(0B) LOS objects, 38% free, 25MB/41MB, paused 248us total 36.687ms
08-05 16:16:27.220 22094 22105 I art     : Starting a blocking GC Explicit
08-05 16:16:27.253 22094 22105 I art     : Explicit concurrent mark sweep GC freed 3(96B) AllocSpace objects, 0(0B) LOS objects, 38% free, 25MB/41MB, paused 253us total 32.733ms
08-05 16:16:27.267 22094 22105 I art     : Starting a blocking GC Explicit
08-05 16:16:27.300 22094 22105 I art     : Explicit concurrent mark sweep GC freed 3(96B) AllocSpace objects, 0(0B) LOS objects, 38% free, 25MB/41MB, paused 263us total 32.929ms
08-05 16:16:27.314 22094 22105 I art     : Starting a blocking GC Explicit
08-05 16:16:27.338 22144 22144 I ServiceManager: Waiting for service AtCmdFwd...
08-05 16:16:27.347 22094 22105 I art     : Explicit concurrent mark sweep GC freed 3(96B) AllocSpace objects, 0(0B) LOS objects, 38% free, 25MB/41MB, paused 271us total 33.009ms
08-05 16:16:27.680 22094 22338 I art     : Starting a blocking GC Explicit
08-05 16:16:27.724 22094 22338 I art     : Explicit concurrent mark sweep GC freed 1343(79KB) AllocSpace objects, 1(20KB) LOS objects, 38% free, 25MB/41MB, paused 281us total 43.459ms
08-05 16:16:27.738 22094 22338 I art     : Starting a blocking GC Explicit
08-05 16:16:27.771 22094 22338 I art     : Explicit concurrent mark sweep GC freed 20(704B) AllocSpace objects, 0(0B) LOS objects, 38% free, 25MB/41MB, paused 266us total 32.251ms
08-05 16:16:27.784 22094 22338 I art     : Starting a blocking GC Explicit
08-05 16:16:27.817 22094 22338 I art     : Explicit concurrent mark sweep GC freed 3(96B) AllocSpace objects, 0(0B) LOS objects, 38% free, 25MB/41MB, paused 263us total 32.986ms
08-05 16:16:27.831 22094 22338 I art     : Starting a blocking GC Explicit
08-05 16:16:27.863 22094 22338 I art     : Explicit concurrent mark sweep GC freed 3(96B) AllocSpace objects, 0(0B) LOS objects, 38% free, 25MB/41MB, paused 257us total 31.628ms
08-05 16:16:27.876 22094 22338 I art     : Starting a blocking GC Explicit
08-05 16:16:27.909 22094 22338 I art     : Explicit concurrent mark sweep GC freed 3(96B) AllocSpace objects, 0(0B) LOS objects, 38% free, 25MB/41MB, paused 254us total 32.217ms
08-05 16:16:28.225 22094 22122 I art     : Starting a blocking GC Explicit
08-05 16:16:28.272 22094 22122 I art     : Explicit concurrent mark sweep GC freed 1344(79KB) AllocSpace objects, 1(20KB) LOS objects, 38% free, 25MB/41MB, paused 283us total 46.733ms
08-05 16:16:28.289 22094 22122 I art     : Starting a blocking GC Explicit
08-05 16:16:28.321 22094 22122 I art     : Explicit concurrent mark sweep GC freed 20(704B) AllocSpace objects, 0(0B) LOS objects, 38% free, 25MB/41MB, paused 245us total 31.804ms
08-05 16:16:28.334 22094 22122 I art     : Starting a blocking GC Explicit
08-05 16:16:28.339 22144 22144 I ServiceManager: Waiting for service AtCmdFwd...
08-05 16:16:28.367 22094 22122 I art     : Explicit concurrent mark sweep GC freed 3(96B) AllocSpace objects, 0(0B) LOS objects, 38% free, 25MB/41MB, paused 299us total 32.492ms
08-05 16:16:28.381 22094 22122 I art     : Starting a blocking GC Explicit
08-05 16:16:28.400   918  3261 D WifiStateMachine: starting scan for "H369AA63323"WPA_PSK with 2412,5180
08-05 16:16:28.413 22094 22122 I art     : Explicit concurrent mark sweep GC freed 3(96B) AllocSpace objects, 0(0B) LOS objects, 38% free, 25MB/41MB, paused 267us total 32.258ms
08-05 16:16:28.427 22094 22122 I art     : Starting a blocking GC Explicit
08-05 16:16:28.460 22094 22122 I art     : Explicit concurrent mark sweep GC freed 3(96B) AllocSpace objects, 0(0B) LOS objects, 38% free, 25MB/41MB, paused 309us total 32.193ms
08-05 16:16:28.779 22094 22405 I art     : Starting a blocking GC Explicit
08-05 16:16:28.827 22094 22405 I art     : Explicit concurrent mark sweep GC freed 1347(79KB) AllocSpace objects, 1(20KB) LOS objects, 38% free, 25MB/41MB, paused 283us total 47.728ms
08-05 16:16:28.845 22094 22405 I art     : Starting a blocking GC Explicit
08-05 16:16:28.877 22094 22405 I art     : Explicit concurrent mark sweep GC freed 20(704B) AllocSpace objects, 0(0B) LOS objects, 38% free, 25MB/41MB, paused 251us total 30.789ms
08-05 16:16:28.890 22094 22405 I art     : Starting a blocking GC Explicit
08-05 16:16:28.923 22094 22405 I art     : Explicit concurrent mark sweep GC freed 3(96B) AllocSpace objects, 0(0B) LOS objects, 38% free, 25MB/41MB, paused 252us total 32.750ms
08-05 16:16:28.936 22094 22405 I art     : Starting a blocking GC Explicit
08-05 16:16:28.969 22094 22405 I art     : Explicit concurrent mark sweep GC freed 3(96B) AllocSpace objects, 0(0B) LOS objects, 38% free, 25MB/41MB, paused 257us total 32.712ms
08-05 16:16:28.983 22094 22405 I art     : Starting a blocking GC Explicit
08-05 16:16:29.015 22094 22405 I art     : Explicit concurrent mark sweep GC freed 3(96B) AllocSpace objects, 0(0B) LOS objects, 38% free, 25MB/41MB, paused 253us total 32.560ms
08-05 16:16:29.336 22094 22106 I art     : Starting a blocking GC Explicit
08-05 16:16:29.340 22144 22144 I ServiceManager: Waiting for service AtCmdFwd...
08-05 16:16:29.382 22094 22106 I art     : Explicit concurrent mark sweep GC freed 1344(79KB) AllocSpace objects, 1(20KB) LOS objects, 38% free, 25MB/41MB, paused 284us total 46.145ms
08-05 16:16:29.398 22094 22106 I art     : Starting a blocking GC Explicit
08-05 16:16:29.431 22094 22106 I art     : Explicit concurrent mark sweep GC freed 20(704B) AllocSpace objects, 0(0B) LOS objects, 38% free, 25MB/41MB, paused 270us total 32.643ms
08-05 16:16:29.445 22094 22106 I art     : Starting a blocking GC Explicit
08-05 16:16:29.477 22094 22106 I art     : Explicit concurrent mark sweep GC freed 3(96B) AllocSpace objects, 0(0B) LOS objects, 38% free, 25MB/41MB, paused 257us total 31.812ms
08-05 16:16:29.490 22094 22106 I art     : Starting a blocking GC Explicit
08-05 16:16:29.522 22094 22106 I art     : Explicit concurrent mark sweep GC freed 3(96B) AllocSpace objects, 0(0B) LOS objects, 38% free, 25MB/41MB, paused 277us total 32.089ms
08-05 16:16:29.536 22094 22106 I art     : Starting a blocking GC Explicit
08-05 16:16:29.566 22094 22106 I art     : Explicit concurrent mark sweep GC freed 3(96B) AllocSpace objects, 0(0B) LOS objects, 38% free, 25MB/41MB, paused 238us total 29.580ms
08-05 16:16:29.868 22094 22105 I art     : Starting a blocking GC Explicit
08-05 16:16:29.901 22094 22105 I art     : Explicit concurrent mark sweep GC freed 1343(79KB) AllocSpace objects, 1(20KB) LOS objects, 38% free, 25MB/41MB, paused 259us total 32.238ms
08-05 16:16:29.914 22094 22105 I art     : Starting a blocking GC Explicit
08-05 16:16:29.942 23031 23031 D AndroidRuntime: >>>>>> START com.android.internal.os.RuntimeInit uid 2000 <<<<<<
08-05 16:16:29.944 22094 22105 I art     : Explicit concurrent mark sweep GC freed 20(704B) AllocSpace objects, 0(0B) LOS objects, 38% free, 25MB/41MB, paused 266us total 29.794ms
08-05 16:16:29.947 23031 23031 D AndroidRuntime: CheckJNI is OFF
08-05 16:16:29.957 22094 22105 I art     : Starting a blocking GC Explicit
08-05 16:16:29.983 23031 23031 D ICU     : No timezone override file found: /data/misc/zoneinfo/current/icu/icu_tzdata.dat
08-05 16:16:29.988 22094 22105 I art     : Explicit concurrent mark sweep GC freed 3(96B) AllocSpace objects, 0(0B) LOS objects, 38% free, 25MB/41MB, paused 254us total 30.472ms
08-05 16:16:30.001 22094 22105 I art     : Starting a blocking GC Explicit
08-05 16:16:30.021 23031 23031 I Radio-JNI: register_android_hardware_Radio DONE
08-05 16:16:30.032 22094 22105 I art     : Explicit concurrent mark sweep GC freed 3(96B) AllocSpace objects, 0(0B) LOS objects, 38% free, 25MB/41MB, paused 251us total 30.238ms
08-05 16:16:30.043 23031 23031 D AndroidRuntime: Calling main entry com.android.commands.input.Input
08-05 16:16:30.044 22094 22105 I art     : Starting a blocking GC Explicit
08-05 16:16:30.045 23031 23031 I Input   : injectKeyEvent: KeyEvent { action=ACTION_DOWN, keyCode=KEYCODE_BACK, scanCode=0, metaState=0, flags=0x0, repeatCount=0, eventTime=807406458, downTime=807406458, deviceId=-1, source=0x101 }
08-05 16:16:30.051 23031 23031 I Input   : injectKeyEvent: KeyEvent { action=ACTION_UP, keyCode=KEYCODE_BACK, scanCode=0, metaState=0, flags=0x0, repeatCount=0, eventTime=807406458, downTime=807406458, deviceId=-1, source=0x101 }
08-05 16:16:30.056 23031 23031 D AndroidRuntime: Shutting down VM
08-05 16:16:30.074 22094 22105 I art     : Explicit concurrent mark sweep GC freed 126(4KB) AllocSpace objects, 0(0B) LOS objects, 38% free, 25MB/41MB, paused 297us total 29.269ms
08-05 16:16:30.095 13866 13866 I GoogleInputMethodServic: GoogleInputMethodService.onFinishInput():3138 
08-05 16:16:30.095 13866 13866 I GoogleInputMethodServic: GoogleInputMethodService.onStartInput():1808 
08-05 16:16:30.288 22094 22934 I RedditChangeDataIO: Writing tmp data file at '/data/user/0/baseline.org.quantumbadger.redreader/files/rr_change_data_tmp.dat'
08-05 16:16:30.289 22094 22934 I RedditChangeDataManager: Taking snapshot...
08-05 16:16:30.290 22094 22934 I RedditChangeDataManager: Writing to stream...
08-05 16:16:30.290 22094 22934 I RedditChangeDataManager: Wrote 2 entries for user ''
08-05 16:16:30.290 22094 22934 I RedditChangeDataManager: All entries written to stream.
08-05 16:16:30.290 22094 22934 I RedditChangeDataIO: Write successful. Atomically replacing data file...
08-05 16:16:30.290 22094 22934 I RedditChangeDataIO: Write complete.
08-05 16:16:30.291 22094 22934 I RedditChangeDataIO: 62 bytes written in 4 ms
08-05 16:16:30.340 22144 22144 W Atfwd_Sendcmd: AtCmdFwd service not published, waiting... retryCnt : 3
08-05 16:16:30.344 22094 22105 I art     : Starting a blocking GC Explicit
08-05 16:16:30.383 22094 22105 I art     : Explicit concurrent mark sweep GC freed 1540(88KB) AllocSpace objects, 2(88KB) LOS objects, 38% free, 25MB/41MB, paused 247us total 39.128ms
08-05 16:16:30.398 22094 22105 I art     : Starting a blocking GC Explicit
08-05 16:16:30.400   380   380 W SurfaceFlinger: couldn't log to binary event log: overflow.
08-05 16:16:30.428 22094 22105 I art     : Explicit concurrent mark sweep GC freed 78(2896B) AllocSpace objects, 0(0B) LOS objects, 38% free, 25MB/41MB, paused 223us total 29.846ms
08-05 16:16:30.440 22094 22105 I art     : Starting a blocking GC Explicit
08-05 16:16:30.468 22094 22105 I art     : Explicit concurrent mark sweep GC freed 113(5KB) AllocSpace objects, 0(0B) LOS objects, 38% free, 25MB/41MB, paused 272us total 27.549ms
08-05 16:16:30.481 22094 22105 I art     : Starting a blocking GC Explicit
08-05 16:16:30.511 22094 22105 I art     : Explicit concurrent mark sweep GC freed 3728(304KB) AllocSpace objects, 5(140KB) LOS objects, 39% free, 24MB/40MB, paused 270us total 29.716ms
08-05 16:16:30.524 22094 22105 I art     : Starting a blocking GC Explicit
08-05 16:16:30.554 22094 22105 I art     : Explicit concurrent mark sweep GC freed 3(96B) AllocSpace objects, 0(0B) LOS objects, 39% free, 24MB/40MB, paused 246us total 29.387ms
08-05 16:16:30.836 22094 22338 I art     : Starting a blocking GC Explicit
08-05 16:16:30.880 22094 22338 I art     : Explicit concurrent mark sweep GC freed 1578(115KB) AllocSpace objects, 1(20KB) LOS objects, 39% free, 24MB/40MB, paused 259us total 43.390ms
08-05 16:16:30.897 22094 22338 I art     : Starting a blocking GC Explicit
08-05 16:16:30.928 22094 22338 I art     : Explicit concurrent mark sweep GC freed 85(2880B) AllocSpace objects, 0(0B) LOS objects, 39% free, 24MB/40MB, paused 226us total 30.554ms
08-05 16:16:30.941 22094 22338 I art     : Starting a blocking GC Explicit
08-05 16:16:30.972 22094 22338 I art     : Explicit concurrent mark sweep GC freed 3(96B) AllocSpace objects, 0(0B) LOS objects, 39% free, 24MB/40MB, paused 229us total 30.573ms
08-05 16:16:30.985 22094 22338 I art     : Starting a blocking GC Explicit
08-05 16:16:31.016 22094 22338 I art     : Explicit concurrent mark sweep GC freed 3(96B) AllocSpace objects, 0(0B) LOS objects, 39% free, 24MB/40MB, paused 232us total 30.753ms
08-05 16:16:31.029 22094 22338 I art     : Starting a blocking GC Explicit
08-05 16:16:31.060 22094 22338 I art     : Explicit concurrent mark sweep GC freed 3(96B) AllocSpace objects, 0(0B) LOS objects, 39% free, 24MB/40MB, paused 237us total 30.713ms
08-05 16:16:31.339 22094 22106 I art     : Starting a blocking GC Explicit
08-05 16:16:31.369 22094 22106 I art     : Explicit concurrent mark sweep GC freed 1343(79KB) AllocSpace objects, 1(20KB) LOS objects, 39% free, 24MB/40MB, paused 225us total 30.664ms
08-05 16:16:31.383 22094 22106 I art     : Starting a blocking GC Explicit
08-05 16:16:31.412 22094 22106 I art     : Explicit concurrent mark sweep GC freed 20(704B) AllocSpace objects, 0(0B) LOS objects, 39% free, 24MB/40MB, paused 215us total 28.486ms
08-05 16:16:31.424 22094 22106 I art     : Starting a blocking GC Explicit
08-05 16:16:31.453 22094 22106 I art     : Explicit concurrent mark sweep GC freed 3(96B) AllocSpace objects, 0(0B) LOS objects, 39% free, 24MB/40MB, paused 228us total 28.501ms
08-05 16:16:31.466 22094 22106 I art     : Starting a blocking GC Explicit
08-05 16:16:31.495 22094 22106 I art     : Explicit concurrent mark sweep GC freed 3(96B) AllocSpace objects, 0(0B) LOS objects, 39% free, 24MB/40MB, paused 236us total 29.116ms
08-05 16:16:31.508 22094 22106 I art     : Starting a blocking GC Explicit
08-05 16:16:31.537 22094 22106 I art     : Explicit concurrent mark sweep GC freed 3(96B) AllocSpace objects, 0(0B) LOS objects, 39% free, 24MB/40MB, paused 284us total 28.737ms
08-05 16:16:31.705 23085 23085 D AndroidRuntime: >>>>>> START com.android.internal.os.RuntimeInit uid 2000 <<<<<<
08-05 16:16:31.710 23085 23085 D AndroidRuntime: CheckJNI is OFF
08-05 16:16:31.742 23085 23085 D ICU     : No timezone override file found: /data/misc/zoneinfo/current/icu/icu_tzdata.dat
08-05 16:16:31.773 23085 23085 I Radio-JNI: register_android_hardware_Radio DONE
08-05 16:16:31.795 23085 23085 D AndroidRuntime: Calling main entry com.android.commands.input.Input
08-05 16:16:31.797 23085 23085 I Input   : injectMotionEvent: MotionEvent { action=ACTION_DOWN, actionButton=0, id[0]=0, x[0]=600.0, y[0]=1200.0, toolType[0]=TOOL_TYPE_UNKNOWN, buttonState=0, metaState=0, flags=0x0, edgeFlags=0x0, pointerCount=1, historySize=0, eventTime=807408210, downTime=807408210, deviceId=0, source=0x1002 }
08-05 16:16:31.802 23085 23085 I Input   : injectMotionEvent: MotionEvent { action=ACTION_UP, actionButton=0, id[0]=0, x[0]=600.0, y[0]=1200.0, toolType[0]=TOOL_TYPE_UNKNOWN, buttonState=0, metaState=0, flags=0x0, edgeFlags=0x0, pointerCount=1, historySize=0, eventTime=807408210, downTime=807408210, deviceId=0, source=0x1002 }
08-05 16:16:31.804 23085 23085 D AndroidRuntime: Shutting down VM
08-05 16:16:31.809 22094 22405 I art     : Starting a blocking GC Explicit
08-05 16:16:31.821   512  2967 D audio_hw_primary: out_set_parameters: enter: usecase(1: low-latency-playback) kvpairs: routing=2
08-05 16:16:31.825   918  3670 I ActivityManager: START u0 {dat=https://oauth.reddit.com/... cmp=baseline.org.quantumbadger.redreader/.activities.CommentListingActivity} from uid 10689 on display 0
08-05 16:16:31.834   512  2967 D audio_hw_primary: select_devices: out_snd_device(2: speaker) in_snd_device(0: none)
08-05 16:16:31.834   512  2967 D msm8974_platform: platform_send_audio_calibration: sending audio calibration for snd_device(2) acdb_id(15)
08-05 16:16:31.834   512  2967 I soundtrigger: audio_extn_sound_trigger_update_device_status: device 0x2 of type 0 for Event 1
08-05 16:16:31.843 22094 22405 I art     : Explicit concurrent mark sweep GC freed 2061(106KB) AllocSpace objects, 1(20KB) LOS objects, 39% free, 24MB/40MB, paused 989us total 33.886ms
08-05 16:16:31.847   512  2967 D audio_hw_primary: enable_snd_device: snd_device(2: speaker)
08-05 16:16:31.849   512  2967 D audio_hw_primary: enable_audio_route: apply and update mixer path: low-latency-playback speaker
08-05 16:16:31.850 22094 22094 I AppCompatViewInflater: app:theme is now deprecated. Please move to using android:theme instead.
08-05 16:16:31.857 22094 22405 I art     : Starting a blocking GC Explicit
08-05 16:16:31.866 22094 23110 D OK      : calling: https://oauth.reddit.com/comments/hza888/.json?sort=confidence
08-05 16:16:31.886 22094 22405 I art     : Explicit concurrent mark sweep GC freed 1398(88KB) AllocSpace objects, 0(0B) LOS objects, 39% free, 24MB/40MB, paused 326us total 28.566ms
08-05 16:16:31.898 22094 22405 I art     : Starting a blocking GC Explicit
08-05 16:16:31.925 22094 22405 I art     : Explicit concurrent mark sweep GC freed 859(33KB) AllocSpace objects, 0(0B) LOS objects, 39% free, 25MB/41MB, paused 520us total 26.988ms
08-05 16:16:31.929   918   936 I ActivityManager: Displayed baseline.org.quantumbadger.redreader/.activities.CommentListingActivity: +96ms
08-05 16:16:31.930 13866 13866 I GoogleInputMethodServic: GoogleInputMethodService.onFinishInput():3138 
08-05 16:16:31.930 13866 13866 I GoogleInputMethodServic: GoogleInputMethodService.onStartInput():1808 
08-05 16:16:31.939 22094 22405 I art     : Starting a blocking GC Explicit
08-05 16:16:31.970 22094 22405 I art     : Explicit concurrent mark sweep GC freed 196(10KB) AllocSpace objects, 0(0B) LOS objects, 39% free, 25MB/41MB, paused 275us total 30.550ms
08-05 16:16:31.983 22094 22405 I art     : Starting a blocking GC Explicit
08-05 16:16:32.009 22094 22405 I art     : Explicit concurrent mark sweep GC freed 74(5KB) AllocSpace objects, 0(0B) LOS objects, 39% free, 25MB/41MB, paused 245us total 26.301ms
08-05 16:16:32.199   380   380 W SurfaceFlinger: couldn't log to binary event log: overflow.
08-05 16:16:32.242 22094 23110 I NAPPA_EXPERIMENTATION: MetricNetworkRequestExecutionTime: REQUEST_DURATION_SYSTEM='376',REQUEST_DURATION_OKHTTP='152',REQUEST_SYNCHRONOUS='TRUE',RESPONSE_CODE='200',RESPONSE_METHOD='GET',RESPONSE_LENGTH_OKHTTP='-1',RESPONSE_LENGTH_HEADER='21928',REQUEST_PROTOCOL='h2',REQUEST_URL='https://oauth.reddit.com/comments/hza888/.json?sort=confidence',
08-05 16:16:32.242 22094 23110 D OK      : request got status: 200
08-05 16:16:32.266 22094 22684 I CommentListingActivity: COMMENTS session changed to 0e3af6b0-ba66-4f8f-a8b4-6a6bfe021ebe
08-05 16:16:32.278 22094 22106 I art     : Starting a blocking GC Explicit
08-05 16:16:32.312 22094 22106 I art     : Explicit concurrent mark sweep GC freed 6275(360KB) AllocSpace objects, 1(20KB) LOS objects, 38% free, 25MB/41MB, paused 766us total 34.501ms
08-05 16:16:32.325 22094 22106 I art     : Starting a blocking GC Explicit
08-05 16:16:32.359 22094 22106 I art     : Explicit concurrent mark sweep GC freed 4412(263KB) AllocSpace objects, 0(0B) LOS objects, 38% free, 26MB/42MB, paused 524us total 33.464ms
08-05 16:16:32.372 22094 22106 I art     : Starting a blocking GC Explicit
08-05 16:16:32.388   512  2967 D audio_hw_primary: disable_audio_route: reset and update mixer path: low-latency-playback speaker
08-05 16:16:32.389   512  2967 D audio_hw_primary: disable_snd_device: snd_device(2: speaker)
08-05 16:16:32.397   512  2967 I soundtrigger: audio_extn_sound_trigger_update_device_status: device 0x2 of type 0 for Event 0
08-05 16:16:32.405 22094 22106 I art     : Explicit concurrent mark sweep GC freed 5437(322KB) AllocSpace objects, 1(68KB) LOS objects, 37% free, 26MB/42MB, paused 330us total 32.678ms
08-05 16:16:32.418 22094 22106 I art     : Starting a blocking GC Explicit
08-05 16:16:32.451 22094 22106 I art     : Explicit concurrent mark sweep GC freed 3301(199KB) AllocSpace objects, 1(68KB) LOS objects, 38% free, 26MB/42MB, paused 510us total 32.826ms
08-05 16:16:32.464 22094 22106 I art     : Starting a blocking GC Explicit
08-05 16:16:32.497 22094 22106 I art     : Explicit concurrent mark sweep GC freed 2155(84KB) AllocSpace objects, 0(0B) LOS objects, 37% free, 26MB/42MB, paused 314us total 33.473ms
08-05 16:16:32.784 22094 22405 I art     : Starting a blocking GC Explicit
08-05 16:16:32.823 22094 22405 I art     : Explicit concurrent mark sweep GC freed 1384(90KB) AllocSpace objects, 1(20KB) LOS objects, 37% free, 26MB/42MB, paused 267us total 38.822ms
08-05 16:16:32.839 22094 22405 I art     : Starting a blocking GC Explicit
08-05 16:16:32.874 22094 22405 I art     : Explicit concurrent mark sweep GC freed 20(704B) AllocSpace objects, 0(0B) LOS objects, 37% free, 26MB/42MB, paused 249us total 34.698ms
08-05 16:16:32.888 22094 22405 I art     : Starting a blocking GC Explicit
08-05 16:16:32.923 22094 22405 I art     : Explicit concurrent mark sweep GC freed 3(96B) AllocSpace objects, 0(0B) LOS objects, 37% free, 26MB/42MB, paused 223us total 35.048ms
08-05 16:16:32.937 22094 22405 I art     : Starting a blocking GC Explicit
08-05 16:16:32.972 22094 22405 I art     : Explicit concurrent mark sweep GC freed 3(96B) AllocSpace objects, 0(0B) LOS objects, 37% free, 26MB/42MB, paused 232us total 34.819ms
08-05 16:16:32.986 22094 22405 I art     : Starting a blocking GC Explicit
08-05 16:16:33.022 22094 22405 I art     : Explicit concurrent mark sweep GC freed 49(1920B) AllocSpace objects, 0(0B) LOS objects, 37% free, 26MB/42MB, paused 240us total 35.191ms
08-05 16:16:33.321 22094 22105 I art     : Starting a blocking GC Explicit
08-05 16:16:33.369 22094 22105 I art     : Explicit concurrent mark sweep GC freed 1343(80KB) AllocSpace objects, 1(20KB) LOS objects, 37% free, 26MB/42MB, paused 296us total 47.491ms
08-05 16:16:33.384 22094 22105 I art     : Starting a blocking GC Explicit
08-05 16:16:33.422 22094 22105 I art     : Explicit concurrent mark sweep GC freed 20(704B) AllocSpace objects, 0(0B) LOS objects, 37% free, 26MB/42MB, paused 259us total 38.022ms
08-05 16:16:33.436 22094 22105 I art     : Starting a blocking GC Explicit
08-05 16:16:33.474 22094 22105 I art     : Explicit concurrent mark sweep GC freed 3(96B) AllocSpace objects, 0(0B) LOS objects, 37% free, 26MB/42MB, paused 252us total 37.198ms
08-05 16:16:33.488 22094 22105 I art     : Starting a blocking GC Explicit
08-05 16:16:33.526 22094 22105 I art     : Explicit concurrent mark sweep GC freed 3(96B) AllocSpace objects, 0(0B) LOS objects, 37% free, 26MB/42MB, paused 255us total 37.656ms
08-05 16:16:33.540 22094 22105 I art     : Starting a blocking GC Explicit
08-05 16:16:33.579 22094 22105 I art     : Explicit concurrent mark sweep GC freed 3(96B) AllocSpace objects, 0(0B) LOS objects, 37% free, 26MB/42MB, paused 244us total 38.438ms
08-05 16:16:33.884 22094 22338 I art     : Starting a blocking GC Explicit
08-05 16:16:33.932 22094 22338 I art     : Explicit concurrent mark sweep GC freed 1343(80KB) AllocSpace objects, 1(20KB) LOS objects, 37% free, 26MB/42MB, paused 280us total 47.182ms
08-05 16:16:33.947 22094 22338 I art     : Starting a blocking GC Explicit
08-05 16:16:33.984 22094 22338 I art     : Explicit concurrent mark sweep GC freed 20(704B) AllocSpace objects, 0(0B) LOS objects, 37% free, 26MB/42MB, paused 270us total 37.314ms
08-05 16:16:33.999 22094 22338 I art     : Starting a blocking GC Explicit
08-05 16:16:34.036 22094 22338 I art     : Explicit concurrent mark sweep GC freed 3(96B) AllocSpace objects, 0(0B) LOS objects, 37% free, 26MB/42MB, paused 263us total 37.747ms
08-05 16:16:34.051 22094 22338 I art     : Starting a blocking GC Explicit
08-05 16:16:34.086 22094 22338 I art     : Explicit concurrent mark sweep GC freed 3(96B) AllocSpace objects, 0(0B) LOS objects, 37% free, 26MB/42MB, paused 235us total 35.623ms
08-05 16:16:34.100 22094 22338 I art     : Starting a blocking GC Explicit
08-05 16:16:34.137 22094 22338 I art     : Explicit concurrent mark sweep GC freed 3(96B) AllocSpace objects, 0(0B) LOS objects, 37% free, 26MB/42MB, paused 251us total 36.310ms
08-05 16:16:34.422 22094 22106 I art     : Starting a blocking GC Explicit
08-05 16:16:34.463 22094 22106 I art     : Explicit concurrent mark sweep GC freed 1343(80KB) AllocSpace objects, 1(20KB) LOS objects, 37% free, 26MB/42MB, paused 266us total 40.459ms
08-05 16:16:34.475 23153 23153 D AndroidRuntime: >>>>>> START com.android.internal.os.RuntimeInit uid 2000 <<<<<<
08-05 16:16:34.477 22094 22106 I art     : Starting a blocking GC Explicit
08-05 16:16:34.480 23153 23153 D AndroidRuntime: CheckJNI is OFF
08-05 16:16:34.513 22094 22106 I art     : Explicit concurrent mark sweep GC freed 20(704B) AllocSpace objects, 0(0B) LOS objects, 37% free, 26MB/42MB, paused 266us total 35.829ms
08-05 16:16:34.514 23153 23153 D ICU     : No timezone override file found: /data/misc/zoneinfo/current/icu/icu_tzdata.dat
08-05 16:16:34.527 22094 22106 I art     : Starting a blocking GC Explicit
08-05 16:16:34.551 23153 23153 I Radio-JNI: register_android_hardware_Radio DONE
08-05 16:16:34.563 22094 22106 I art     : Explicit concurrent mark sweep GC freed 3(96B) AllocSpace objects, 0(0B) LOS objects, 37% free, 26MB/42MB, paused 250us total 35.213ms
08-05 16:16:34.573 23153 23153 D AndroidRuntime: Calling main entry com.android.commands.input.Input
08-05 16:16:34.575 23153 23153 I Input   : injectKeyEvent: KeyEvent { action=ACTION_DOWN, keyCode=KEYCODE_BACK, scanCode=0, metaState=0, flags=0x0, repeatCount=0, eventTime=807410988, downTime=807410988, deviceId=-1, source=0x101 }
08-05 16:16:34.576 22094 22106 I art     : Starting a blocking GC Explicit
08-05 16:16:34.581 23153 23153 I Input   : injectKeyEvent: KeyEvent { action=ACTION_UP, keyCode=KEYCODE_BACK, scanCode=0, metaState=0, flags=0x0, repeatCount=0, eventTime=807410988, downTime=807410988, deviceId=-1, source=0x101 }
08-05 16:16:34.587 23153 23153 D AndroidRuntime: Shutting down VM
08-05 16:16:34.611 22094 22106 I art     : Explicit concurrent mark sweep GC freed 126(4KB) AllocSpace objects, 0(0B) LOS objects, 37% free, 26MB/42MB, paused 271us total 34.235ms
08-05 16:16:34.624 22094 22106 I art     : Starting a blocking GC Explicit
08-05 16:16:34.631 13866 13866 I GoogleInputMethodServic: GoogleInputMethodService.onFinishInput():3138 
08-05 16:16:34.632 13866 13866 I GoogleInputMethodServic: GoogleInputMethodService.onStartInput():1808 
08-05 16:16:34.657 22094 22106 I art     : Explicit concurrent mark sweep GC freed 95(3KB) AllocSpace objects, 0(0B) LOS objects, 37% free, 26MB/42MB, paused 398us total 32.589ms
08-05 16:16:34.931 22094 22105 I art     : Starting a blocking GC Explicit
08-05 16:16:34.954   380   380 W SurfaceFlinger: couldn't log to binary event log: overflow.
08-05 16:16:34.964 22094 22105 I art     : Explicit concurrent mark sweep GC freed 1419(83KB) AllocSpace objects, 1(20KB) LOS objects, 37% free, 26MB/42MB, paused 240us total 33.400ms
08-05 16:16:34.979 22094 22105 I art     : Starting a blocking GC Explicit
08-05 16:16:35.012 22094 22105 I art     : Explicit concurrent mark sweep GC freed 46(1824B) AllocSpace objects, 0(0B) LOS objects, 37% free, 26MB/42MB, paused 260us total 32.394ms
08-05 16:16:35.026 22094 22105 I art     : Starting a blocking GC Explicit
08-05 16:16:35.053 22094 22105 I art     : Explicit concurrent mark sweep GC freed 22985(1247KB) AllocSpace objects, 5(164KB) LOS objects, 39% free, 24MB/40MB, paused 236us total 27.718ms
08-05 16:16:35.065 22094 22105 I art     : Starting a blocking GC Explicit
08-05 16:16:35.091 22094 22105 I art     : Explicit concurrent mark sweep GC freed 3(96B) AllocSpace objects, 0(0B) LOS objects, 39% free, 24MB/40MB, paused 238us total 25.715ms
08-05 16:16:35.103 22094 22105 I art     : Starting a blocking GC Explicit
08-05 16:16:35.130 22094 22105 I art     : Explicit concurrent mark sweep GC freed 3(96B) AllocSpace objects, 0(0B) LOS objects, 39% free, 24MB/40MB, paused 234us total 26.085ms
08-05 16:16:35.380 22094 22338 I art     : Starting a blocking GC Explicit
08-05 16:16:35.408 22094 22338 I art     : Explicit concurrent mark sweep GC freed 1347(80KB) AllocSpace objects, 1(20KB) LOS objects, 39% free, 24MB/40MB, paused 253us total 27.976ms
08-05 16:16:35.420 22094 22338 I art     : Starting a blocking GC Explicit
08-05 16:16:35.450 22094 22338 I art     : Explicit concurrent mark sweep GC freed 20(704B) AllocSpace objects, 0(0B) LOS objects, 39% free, 24MB/40MB, paused 251us total 29.267ms
08-05 16:16:35.462 22094 22338 I art     : Starting a blocking GC Explicit
08-05 16:16:35.492 22094 22338 I art     : Explicit concurrent mark sweep GC freed 3(96B) AllocSpace objects, 0(0B) LOS objects, 39% free, 24MB/40MB, paused 256us total 29.743ms
08-05 16:16:35.505 22094 22338 I art     : Starting a blocking GC Explicit
08-05 16:16:35.536 22094 22338 I art     : Explicit concurrent mark sweep GC freed 3(96B) AllocSpace objects, 0(0B) LOS objects, 39% free, 24MB/40MB, paused 254us total 30.037ms
08-05 16:16:35.549 22094 22338 I art     : Starting a blocking GC Explicit
08-05 16:16:35.579 22094 22338 I art     : Explicit concurrent mark sweep GC freed 3(96B) AllocSpace objects, 0(0B) LOS objects, 39% free, 24MB/40MB, paused 250us total 29.935ms
08-05 16:16:35.873 22094 22122 I art     : Starting a blocking GC Explicit
08-05 16:16:35.905 22094 22122 I art     : Explicit concurrent mark sweep GC freed 1344(80KB) AllocSpace objects, 1(20KB) LOS objects, 39% free, 24MB/40MB, paused 267us total 31.471ms
08-05 16:16:35.918 22094 22122 I art     : Starting a blocking GC Explicit
08-05 16:16:35.949 22094 22122 I art     : Explicit concurrent mark sweep GC freed 20(704B) AllocSpace objects, 0(0B) LOS objects, 39% free, 24MB/40MB, paused 247us total 30.773ms
08-05 16:16:35.962 22094 22122 I art     : Starting a blocking GC Explicit
08-05 16:16:35.991 22094 22122 I art     : Explicit concurrent mark sweep GC freed 3(96B) AllocSpace objects, 0(0B) LOS objects, 39% free, 24MB/40MB, paused 249us total 28.786ms
08-05 16:16:36.003 22094 22122 I art     : Starting a blocking GC Explicit
08-05 16:16:36.033 22094 22122 I art     : Explicit concurrent mark sweep GC freed 3(96B) AllocSpace objects, 0(0B) LOS objects, 39% free, 24MB/40MB, paused 259us total 29.002ms
08-05 16:16:36.045 22094 22122 I art     : Starting a blocking GC Explicit
08-05 16:16:36.074 22094 22122 I art     : Explicit concurrent mark sweep GC freed 3(96B) AllocSpace objects, 0(0B) LOS objects, 39% free, 24MB/40MB, paused 253us total 28.949ms
08-05 16:16:36.252 23207 23207 D AndroidRuntime: >>>>>> START com.android.internal.os.RuntimeInit uid 2000 <<<<<<
08-05 16:16:36.257 23207 23207 D AndroidRuntime: CheckJNI is OFF
08-05 16:16:36.289 23207 23207 D ICU     : No timezone override file found: /data/misc/zoneinfo/current/icu/icu_tzdata.dat
08-05 16:16:36.322 23207 23207 I Radio-JNI: register_android_hardware_Radio DONE
08-05 16:16:36.344 23207 23207 D AndroidRuntime: Calling main entry com.android.commands.input.Input
08-05 16:16:36.346 23207 23207 I Input   : injectMotionEvent: MotionEvent { action=ACTION_DOWN, actionButton=0, id[0]=0, x[0]=600.0, y[0]=950.0, toolType[0]=TOOL_TYPE_UNKNOWN, buttonState=0, metaState=0, flags=0x0, edgeFlags=0x0, pointerCount=1, historySize=0, eventTime=807412759, downTime=807412759, deviceId=0, source=0x1002 }
08-05 16:16:36.350 23207 23207 I Input   : injectMotionEvent: MotionEvent { action=ACTION_UP, actionButton=0, id[0]=0, x[0]=600.0, y[0]=950.0, toolType[0]=TOOL_TYPE_UNKNOWN, buttonState=0, metaState=0, flags=0x0, edgeFlags=0x0, pointerCount=1, historySize=0, eventTime=807412759, downTime=807412759, deviceId=0, source=0x1002 }
08-05 16:16:36.352 23207 23207 D AndroidRuntime: Shutting down VM
08-05 16:16:36.360   512  2967 D audio_hw_primary: out_set_parameters: enter: usecase(1: low-latency-playback) kvpairs: routing=2
08-05 16:16:36.363   918  6111 I ActivityManager: START u0 {dat=https://oauth.reddit.com/... cmp=baseline.org.quantumbadger.redreader/.activities.CommentListingActivity} from uid 10689 on display 0
08-05 16:16:36.374   512  2967 D audio_hw_primary: select_devices: out_snd_device(2: speaker) in_snd_device(0: none)
08-05 16:16:36.374   512  2967 D msm8974_platform: platform_send_audio_calibration: sending audio calibration for snd_device(2) acdb_id(15)
08-05 16:16:36.374   512  2967 I soundtrigger: audio_extn_sound_trigger_update_device_status: device 0x2 of type 0 for Event 1
08-05 16:16:36.377 22094 22338 I art     : Starting a blocking GC Explicit
08-05 16:16:36.389   512  2967 D audio_hw_primary: enable_snd_device: snd_device(2: speaker)
08-05 16:16:36.392 22094 22094 I AppCompatViewInflater: app:theme is now deprecated. Please move to using android:theme instead.
08-05 16:16:36.392   512  2967 D audio_hw_primary: enable_audio_route: apply and update mixer path: low-latency-playback speaker
08-05 16:16:36.413 22094 22684 I CommentListingActivity: COMMENTS session changed to c4f303bc-1360-4741-845a-c1377cf61f70
08-05 16:16:36.413 22094 22338 I art     : Explicit concurrent mark sweep GC freed 3270(188KB) AllocSpace objects, 1(20KB) LOS objects, 38% free, 25MB/41MB, paused 661us total 36.115ms
08-05 16:16:36.426 22094 22338 I art     : Starting a blocking GC Explicit
08-05 16:16:36.455 22094 22338 I art     : Explicit concurrent mark sweep GC freed 3036(305KB) AllocSpace objects, 2(32KB) LOS objects, 38% free, 25MB/41MB, paused 504us total 28.203ms
08-05 16:16:36.469 22094 22338 I art     : Starting a blocking GC Explicit
08-05 16:16:36.472   918   936 I ActivityManager: Displayed baseline.org.quantumbadger.redreader/.activities.CommentListingActivity: +100ms
08-05 16:16:36.476 13866 13866 I GoogleInputMethodServic: GoogleInputMethodService.onFinishInput():3138 
08-05 16:16:36.476 13866 13866 I GoogleInputMethodServic: GoogleInputMethodService.onStartInput():1808 
08-05 16:16:36.498 22094 22338 I art     : Explicit concurrent mark sweep GC freed 1483(67KB) AllocSpace objects, 0(0B) LOS objects, 38% free, 25MB/41MB, paused 712us total 28.905ms
08-05 16:16:36.511 22094 22338 I art     : Starting a blocking GC Explicit
08-05 16:16:36.544 22094 22338 I art     : Explicit concurrent mark sweep GC freed 613(26KB) AllocSpace objects, 0(0B) LOS objects, 38% free, 25MB/41MB, paused 339us total 32.553ms
08-05 16:16:36.559 22094 22338 I art     : Starting a blocking GC Explicit
08-05 16:16:36.588 22094 22338 I art     : Explicit concurrent mark sweep GC freed 23(1184B) AllocSpace objects, 0(0B) LOS objects, 38% free, 25MB/41MB, paused 260us total 28.833ms
08-05 16:16:36.724   380   380 W SurfaceFlinger: couldn't log to binary event log: overflow.
08-05 16:16:36.832 22094 22106 I art     : Starting a blocking GC Explicit
08-05 16:16:36.833 22094 23109 I RedditChangeDataIO: Writing tmp data file at '/data/user/0/baseline.org.quantumbadger.redreader/files/rr_change_data_tmp.dat'
08-05 16:16:36.834 22094 23109 I RedditChangeDataManager: Taking snapshot...
08-05 16:16:36.834 22094 23109 I RedditChangeDataManager: Writing to stream...
08-05 16:16:36.834 22094 23109 I RedditChangeDataManager: Wrote 3 entries for user ''
08-05 16:16:36.834 22094 23109 I RedditChangeDataManager: All entries written to stream.
08-05 16:16:36.834 22094 23109 I RedditChangeDataIO: Write successful. Atomically replacing data file...
08-05 16:16:36.834 22094 23109 I RedditChangeDataIO: Write complete.
08-05 16:16:36.834 22094 23109 I RedditChangeDataIO: 86 bytes written in 1 ms
08-05 16:16:36.864 22094 22106 I art     : Explicit concurrent mark sweep GC freed 1495(87KB) AllocSpace objects, 2(88KB) LOS objects, 38% free, 25MB/41MB, paused 249us total 32.344ms
08-05 16:16:36.864 22094 22104 I art     : WaitForGcToComplete blocked for 21.594ms for cause HeapTrim
08-05 16:16:36.878 22094 22106 I art     : Starting a blocking GC Explicit
08-05 16:16:36.909 22094 22106 I art     : Explicit concurrent mark sweep GC freed 34(1376B) AllocSpace objects, 0(0B) LOS objects, 38% free, 25MB/41MB, paused 223us total 30.160ms
08-05 16:16:36.921 22094 22106 I art     : Starting a blocking GC Explicit
08-05 16:16:36.928   512  2967 D audio_hw_primary: disable_audio_route: reset and update mixer path: low-latency-playback speaker
08-05 16:16:36.929   512  2967 D audio_hw_primary: disable_snd_device: snd_device(2: speaker)
08-05 16:16:36.938   512  2967 I soundtrigger: audio_extn_sound_trigger_update_device_status: device 0x2 of type 0 for Event 0
08-05 16:16:36.949 22094 22106 I art     : Explicit concurrent mark sweep GC freed 3(96B) AllocSpace objects, 0(0B) LOS objects, 38% free, 25MB/41MB, paused 227us total 27.475ms
08-05 16:16:36.962 22094 22106 I art     : Starting a blocking GC Explicit
08-05 16:16:36.990 22094 22106 I art     : Explicit concurrent mark sweep GC freed 3(96B) AllocSpace objects, 0(0B) LOS objects, 38% free, 25MB/41MB, paused 334us total 28.232ms
08-05 16:16:37.002 22094 22106 I art     : Starting a blocking GC Explicit
08-05 16:16:37.031 22094 22106 I art     : Explicit concurrent mark sweep GC freed 3(96B) AllocSpace objects, 0(0B) LOS objects, 38% free, 25MB/41MB, paused 226us total 28.442ms
08-05 16:16:37.319 22094 22122 I art     : Starting a blocking GC Explicit
08-05 16:16:37.360 22094 22122 I art     : Explicit concurrent mark sweep GC freed 1418(83KB) AllocSpace objects, 1(20KB) LOS objects, 38% free, 25MB/41MB, paused 222us total 40.806ms
08-05 16:16:37.374 22094 22122 I art     : Starting a blocking GC Explicit
08-05 16:16:37.406 22094 22122 I art     : Explicit concurrent mark sweep GC freed 226(35KB) AllocSpace objects, 0(0B) LOS objects, 38% free, 25MB/41MB, paused 230us total 31.900ms
08-05 16:16:37.419 22094 22122 I art     : Starting a blocking GC Explicit
08-05 16:16:37.452 22094 22122 I art     : Explicit concurrent mark sweep GC freed 68(2272B) AllocSpace objects, 0(0B) LOS objects, 38% free, 25MB/41MB, paused 230us total 32.255ms
08-05 16:16:37.465 22094 22122 I art     : Starting a blocking GC Explicit
08-05 16:16:37.497 22094 22122 I art     : Explicit concurrent mark sweep GC freed 3(96B) AllocSpace objects, 0(0B) LOS objects, 38% free, 25MB/41MB, paused 297us total 31.487ms
08-05 16:16:37.510 22094 22122 I art     : Starting a blocking GC Explicit
08-05 16:16:37.543 22094 22122 I art     : Explicit concurrent mark sweep GC freed 3(96B) AllocSpace objects, 0(0B) LOS objects, 38% free, 25MB/41MB, paused 227us total 32.532ms
08-05 16:16:37.831 22094 22105 I art     : Starting a blocking GC Explicit
08-05 16:16:37.869 22094 22105 I art     : Explicit concurrent mark sweep GC freed 1343(80KB) AllocSpace objects, 1(20KB) LOS objects, 38% free, 25MB/41MB, paused 240us total 37.419ms
08-05 16:16:37.884 22094 22105 I art     : Starting a blocking GC Explicit
08-05 16:16:37.917 22094 22105 I art     : Explicit concurrent mark sweep GC freed 20(704B) AllocSpace objects, 0(0B) LOS objects, 38% free, 25MB/41MB, paused 263us total 32.560ms
08-05 16:16:37.931 22094 22105 I art     : Starting a blocking GC Explicit
08-05 16:16:37.963 22094 22105 I art     : Explicit concurrent mark sweep GC freed 3(96B) AllocSpace objects, 0(0B) LOS objects, 38% free, 25MB/41MB, paused 217us total 31.991ms
08-05 16:16:37.976 22094 22105 I art     : Starting a blocking GC Explicit
08-05 16:16:38.009 22094 22105 I art     : Explicit concurrent mark sweep GC freed 3(96B) AllocSpace objects, 0(0B) LOS objects, 38% free, 25MB/41MB, paused 232us total 32.619ms
08-05 16:16:38.023 22094 22105 I art     : Starting a blocking GC Explicit
08-05 16:16:38.056 22094 22105 I art     : Explicit concurrent mark sweep GC freed 3(96B) AllocSpace objects, 0(0B) LOS objects, 38% free, 25MB/41MB, paused 223us total 32.733ms
08-05 16:16:38.236   518   646 I ThermalEngine: ACTION: GPU - Setting GPU[0] to 450000000
08-05 16:16:38.373 22094 22338 I art     : Starting a blocking GC Explicit
08-05 16:16:38.421 22094 22338 I art     : Explicit concurrent mark sweep GC freed 1343(80KB) AllocSpace objects, 1(20KB) LOS objects, 38% free, 25MB/41MB, paused 327us total 47.614ms
08-05 16:16:38.441 22094 22338 I art     : Starting a blocking GC Explicit
08-05 16:16:38.483 22094 22338 I art     : Explicit concurrent mark sweep GC freed 20(704B) AllocSpace objects, 0(0B) LOS objects, 38% free, 25MB/41MB, paused 319us total 41.368ms
08-05 16:16:38.501 22094 22338 I art     : Starting a blocking GC Explicit
08-05 16:16:38.544 22094 22338 I art     : Explicit concurrent mark sweep GC freed 3(96B) AllocSpace objects, 0(0B) LOS objects, 38% free, 25MB/41MB, paused 313us total 43.204ms
08-05 16:16:38.562 22094 22338 I art     : Starting a blocking GC Explicit
08-05 16:16:38.603 22094 22338 I art     : Explicit concurrent mark sweep GC freed 3(96B) AllocSpace objects, 0(0B) LOS objects, 38% free, 25MB/41MB, paused 315us total 41.403ms
08-05 16:16:38.621 22094 22338 I art     : Starting a blocking GC Explicit
08-05 16:16:38.664 22094 22338 I art     : Explicit concurrent mark sweep GC freed 3(96B) AllocSpace objects, 0(0B) LOS objects, 38% free, 25MB/41MB, paused 325us total 42.678ms
08-05 16:16:39.018 22094 22106 I art     : Starting a blocking GC Explicit
08-05 16:16:39.065 22094 22106 I art     : Explicit concurrent mark sweep GC freed 1343(80KB) AllocSpace objects, 1(20KB) LOS objects, 38% free, 25MB/41MB, paused 317us total 46.513ms
08-05 16:16:39.084 22094 22106 I art     : Starting a blocking GC Explicit
08-05 16:16:39.128 22094 22106 I art     : Explicit concurrent mark sweep GC freed 20(704B) AllocSpace objects, 0(0B) LOS objects, 38% free, 25MB/41MB, paused 322us total 43.726ms
08-05 16:16:39.146 22094 22106 I art     : Starting a blocking GC Explicit
08-05 16:16:39.189 22094 22106 I art     : Explicit concurrent mark sweep GC freed 3(96B) AllocSpace objects, 0(0B) LOS objects, 38% free, 25MB/41MB, paused 305us total 42.767ms
08-05 16:16:39.206 22094 22106 I art     : Starting a blocking GC Explicit
08-05 16:16:39.241   518   646 I ThermalEngine: ACTION: GPU - Setting GPU[0] to 510000000
08-05 16:16:39.248 22094 22106 I art     : Explicit concurrent mark sweep GC freed 3(96B) AllocSpace objects, 0(0B) LOS objects, 38% free, 25MB/41MB, paused 317us total 41.684ms
08-05 16:16:39.266 22094 22106 I art     : Starting a blocking GC Explicit
08-05 16:16:39.302 22094 22106 I art     : Explicit concurrent mark sweep GC freed 3(96B) AllocSpace objects, 0(0B) LOS objects, 38% free, 25MB/41MB, paused 238us total 35.952ms
08-05 16:16:39.611 22094 22405 I art     : Starting a blocking GC Explicit
08-05 16:16:39.649 22094 22405 I art     : Explicit concurrent mark sweep GC freed 1343(80KB) AllocSpace objects, 1(20KB) LOS objects, 38% free, 25MB/41MB, paused 257us total 37.310ms
08-05 16:16:39.664 22094 22405 I art     : Starting a blocking GC Explicit
08-05 16:16:39.695 22094 22405 I art     : Explicit concurrent mark sweep GC freed 20(704B) AllocSpace objects, 0(0B) LOS objects, 38% free, 25MB/41MB, paused 224us total 31.512ms
08-05 16:16:39.709 22094 22405 I art     : Starting a blocking GC Explicit
08-05 16:16:39.741 22094 22405 I art     : Explicit concurrent mark sweep GC freed 3(96B) AllocSpace objects, 0(0B) LOS objects, 38% free, 25MB/41MB, paused 222us total 32.148ms
08-05 16:16:39.755 22094 22405 I art     : Starting a blocking GC Explicit
08-05 16:16:39.787 22094 22405 I art     : Explicit concurrent mark sweep GC freed 3(96B) AllocSpace objects, 0(0B) LOS objects, 38% free, 25MB/41MB, paused 237us total 32.276ms
08-05 16:16:39.801 22094 22405 I art     : Starting a blocking GC Explicit
08-05 16:16:39.833 22094 22405 I art     : Explicit concurrent mark sweep GC freed 3(96B) AllocSpace objects, 0(0B) LOS objects, 38% free, 25MB/41MB, paused 234us total 31.705ms
08-05 16:16:40.143 22094 22122 I art     : Starting a blocking GC Explicit
08-05 16:16:40.183 22094 22122 I art     : Explicit concurrent mark sweep GC freed 1345(80KB) AllocSpace objects, 1(20KB) LOS objects, 38% free, 25MB/41MB, paused 254us total 40.103ms
08-05 16:16:40.201 22094 22122 I art     : Starting a blocking GC Explicit
08-05 16:16:40.232 22094 22122 I art     : Explicit concurrent mark sweep GC freed 20(704B) AllocSpace objects, 0(0B) LOS objects, 38% free, 25MB/41MB, paused 227us total 30.813ms
08-05 16:16:40.245 22094 22122 I art     : Starting a blocking GC Explicit
08-05 16:16:40.277 22094 22122 I art     : Explicit concurrent mark sweep GC freed 3(96B) AllocSpace objects, 0(0B) LOS objects, 38% free, 25MB/41MB, paused 234us total 32.480ms
08-05 16:16:40.291 22094 22122 I art     : Starting a blocking GC Explicit
08-05 16:16:40.323 22094 22122 I art     : Explicit concurrent mark sweep GC freed 3(96B) AllocSpace objects, 0(0B) LOS objects, 38% free, 25MB/41MB, paused 221us total 32.005ms
08-05 16:16:40.337 22094 22122 I art     : Starting a blocking GC Explicit
08-05 16:16:40.369 22094 22122 I art     : Explicit concurrent mark sweep GC freed 3(96B) AllocSpace objects, 0(0B) LOS objects, 38% free, 25MB/41MB, paused 240us total 31.986ms
08-05 16:16:40.663 22094 22105 I art     : Starting a blocking GC Explicit
08-05 16:16:40.695 22094 22105 I art     : Explicit concurrent mark sweep GC freed 1343(80KB) AllocSpace objects, 1(20KB) LOS objects, 38% free, 25MB/41MB, paused 225us total 32.267ms
08-05 16:16:40.709 22094 22105 I art     : Starting a blocking GC Explicit
08-05 16:16:40.741 22094 22105 I art     : Explicit concurrent mark sweep GC freed 20(704B) AllocSpace objects, 0(0B) LOS objects, 38% free, 25MB/41MB, paused 238us total 31.744ms
08-05 16:16:40.754 22094 22105 I art     : Starting a blocking GC Explicit
08-05 16:16:40.785 22094 22105 I art     : Explicit concurrent mark sweep GC freed 3(96B) AllocSpace objects, 0(0B) LOS objects, 38% free, 25MB/41MB, paused 221us total 30.889ms
08-05 16:16:40.799 22094 22105 I art     : Starting a blocking GC Explicit
08-05 16:16:40.828 22094 22105 I art     : Explicit concurrent mark sweep GC freed 3(96B) AllocSpace objects, 0(0B) LOS objects, 38% free, 25MB/41MB, paused 222us total 29.680ms
08-05 16:16:40.841 22094 22105 I art     : Starting a blocking GC Explicit
08-05 16:16:40.872 22094 22105 I art     : Explicit concurrent mark sweep GC freed 3(96B) AllocSpace objects, 0(0B) LOS objects, 38% free, 25MB/41MB, paused 225us total 30.011ms
08-05 16:16:41.020 23309 23309 D AndroidRuntime: >>>>>> START com.android.internal.os.RuntimeInit uid 2000 <<<<<<
08-05 16:16:41.027 23309 23309 D AndroidRuntime: CheckJNI is OFF
08-05 16:16:41.061 23309 23309 D ICU     : No timezone override file found: /data/misc/zoneinfo/current/icu/icu_tzdata.dat
08-05 16:16:41.092 23309 23309 I Radio-JNI: register_android_hardware_Radio DONE
08-05 16:16:41.113 23309 23309 D AndroidRuntime: Calling main entry com.android.commands.input.Input
08-05 16:16:41.114 23309 23309 I Input   : injectKeyEvent: KeyEvent { action=ACTION_DOWN, keyCode=KEYCODE_BACK, scanCode=0, metaState=0, flags=0x0, repeatCount=0, eventTime=807417527, downTime=807417527, deviceId=-1, source=0x101 }
08-05 16:16:41.121 23309 23309 I Input   : injectKeyEvent: KeyEvent { action=ACTION_UP, keyCode=KEYCODE_BACK, scanCode=0, metaState=0, flags=0x0, repeatCount=0, eventTime=807417527, downTime=807417527, deviceId=-1, source=0x101 }
08-05 16:16:41.127 23309 23309 D AndroidRuntime: Shutting down VM
08-05 16:16:41.164 22094 22338 I art     : Starting a blocking GC Explicit
08-05 16:16:41.170 13866 13866 I GoogleInputMethodServic: GoogleInputMethodService.onFinishInput():3138 
08-05 16:16:41.171 13866 13866 I GoogleInputMethodServic: GoogleInputMethodService.onStartInput():1808 
08-05 16:16:41.195 22094 22338 I art     : Explicit concurrent mark sweep GC freed 1560(88KB) AllocSpace objects, 1(20KB) LOS objects, 38% free, 25MB/41MB, paused 278us total 30.881ms
08-05 16:16:41.210 22094 22338 I art     : Starting a blocking GC Explicit
08-05 16:16:41.239 22094 22338 I art     : Explicit concurrent mark sweep GC freed 52(1760B) AllocSpace objects, 0(0B) LOS objects, 38% free, 25MB/41MB, paused 251us total 28.707ms
08-05 16:16:41.251 22094 22338 I art     : Starting a blocking GC Explicit
08-05 16:16:41.279 22094 22338 I art     : Explicit concurrent mark sweep GC freed 3(96B) AllocSpace objects, 0(0B) LOS objects, 38% free, 25MB/41MB, paused 205us total 27.239ms
08-05 16:16:41.292 22094 22338 I art     : Starting a blocking GC Explicit
08-05 16:16:41.327 22094 22338 I art     : Explicit concurrent mark sweep GC freed 3(96B) AllocSpace objects, 0(0B) LOS objects, 38% free, 25MB/41MB, paused 237us total 34.945ms
08-05 16:16:41.344 22094 22338 I art     : Starting a blocking GC Explicit
08-05 16:16:41.382 22094 22338 I art     : Explicit concurrent mark sweep GC freed 3(96B) AllocSpace objects, 0(0B) LOS objects, 38% free, 25MB/41MB, paused 297us total 37.953ms
08-05 16:16:41.494   380   380 W SurfaceFlinger: couldn't log to binary event log: overflow.
08-05 16:16:41.633 22094 22105 I art     : Starting a blocking GC Explicit
08-05 16:16:41.667 22094 22105 I art     : Explicit concurrent mark sweep GC freed 1395(82KB) AllocSpace objects, 1(20KB) LOS objects, 38% free, 25MB/41MB, paused 250us total 33.795ms
08-05 16:16:41.680 22094 22105 I art     : Starting a blocking GC Explicit
08-05 16:16:41.711 22094 22105 I art     : Explicit concurrent mark sweep GC freed 3855(310KB) AllocSpace objects, 5(140KB) LOS objects, 39% free, 24MB/40MB, paused 231us total 30.662ms
08-05 16:16:41.724 22094 22105 I art     : Starting a blocking GC Explicit
08-05 16:16:41.755 22094 22105 I art     : Explicit concurrent mark sweep GC freed 3(96B) AllocSpace objects, 0(0B) LOS objects, 39% free, 24MB/40MB, paused 230us total 30.962ms
08-05 16:16:41.769 22094 22105 I art     : Starting a blocking GC Explicit
08-05 16:16:41.800 22094 22105 I art     : Explicit concurrent mark sweep GC freed 3(96B) AllocSpace objects, 0(0B) LOS objects, 39% free, 24MB/40MB, paused 228us total 30.735ms
08-05 16:16:41.813 22094 22105 I art     : Starting a blocking GC Explicit
08-05 16:16:41.844 22094 22105 I art     : Explicit concurrent mark sweep GC freed 3(96B) AllocSpace objects, 0(0B) LOS objects, 39% free, 24MB/40MB, paused 228us total 31.134ms
08-05 16:16:42.133 22094 22122 I art     : Starting a blocking GC Explicit
08-05 16:16:42.169 22094 22122 I art     : Explicit concurrent mark sweep GC freed 1343(80KB) AllocSpace objects, 1(20KB) LOS objects, 39% free, 24MB/40MB, paused 257us total 36.460ms
08-05 16:16:42.186 22094 22122 I art     : Starting a blocking GC Explicit
08-05 16:16:42.217 22094 22122 I art     : Explicit concurrent mark sweep GC freed 20(704B) AllocSpace objects, 0(0B) LOS objects, 39% free, 24MB/40MB, paused 253us total 30.646ms
08-05 16:16:42.231 22094 22122 I art     : Starting a blocking GC Explicit
08-05 16:16:42.262 22094 22122 I art     : Explicit concurrent mark sweep GC freed 3(96B) AllocSpace objects, 0(0B) LOS objects, 39% free, 24MB/40MB, paused 229us total 30.811ms
08-05 16:16:42.275 22094 22122 I art     : Starting a blocking GC Explicit
08-05 16:16:42.306 22094 22122 I art     : Explicit concurrent mark sweep GC freed 3(96B) AllocSpace objects, 0(0B) LOS objects, 39% free, 24MB/40MB, paused 230us total 30.737ms
08-05 16:16:42.319 22094 22122 I art     : Starting a blocking GC Explicit
08-05 16:16:42.350 22094 22122 I art     : Explicit concurrent mark sweep GC freed 3(96B) AllocSpace objects, 0(0B) LOS objects, 39% free, 24MB/40MB, paused 230us total 30.787ms
08-05 16:16:42.620 22094 22106 I art     : Starting a blocking GC Explicit
08-05 16:16:42.655 22094 22106 I art     : Explicit concurrent mark sweep GC freed 1343(80KB) AllocSpace objects, 1(20KB) LOS objects, 39% free, 24MB/40MB, paused 221us total 35.280ms
08-05 16:16:42.668 22094 22106 I art     : Starting a blocking GC Explicit
08-05 16:16:42.698 22094 22106 I art     : Explicit concurrent mark sweep GC freed 20(704B) AllocSpace objects, 0(0B) LOS objects, 39% free, 24MB/40MB, paused 230us total 29.651ms
08-05 16:16:42.711 22094 22106 I art     : Starting a blocking GC Explicit
08-05 16:16:42.741 22094 22106 I art     : Explicit concurrent mark sweep GC freed 3(96B) AllocSpace objects, 0(0B) LOS objects, 39% free, 24MB/40MB, paused 236us total 29.584ms
08-05 16:16:42.754 22094 22106 I art     : Starting a blocking GC Explicit
08-05 16:16:42.783 22094 22106 I art     : Explicit concurrent mark sweep GC freed 3(96B) AllocSpace objects, 0(0B) LOS objects, 39% free, 24MB/40MB, paused 248us total 28.782ms
08-05 16:16:42.791 23359 23359 D AndroidRuntime: >>>>>> START com.android.internal.os.RuntimeInit uid 2000 <<<<<<
08-05 16:16:42.796 22094 22106 I art     : Starting a blocking GC Explicit
08-05 16:16:42.796 23359 23359 D AndroidRuntime: CheckJNI is OFF
08-05 16:16:42.824 22094 22106 I art     : Explicit concurrent mark sweep GC freed 3(96B) AllocSpace objects, 0(0B) LOS objects, 39% free, 24MB/40MB, paused 229us total 28.681ms
08-05 16:16:42.832 23359 23359 D ICU     : No timezone override file found: /data/misc/zoneinfo/current/icu/icu_tzdata.dat
08-05 16:16:42.865 23359 23359 I Radio-JNI: register_android_hardware_Radio DONE
08-05 16:16:42.887 23359 23359 D AndroidRuntime: Calling main entry com.android.commands.input.Input
08-05 16:16:42.888 23359 23359 I Input   : injectMotionEvent: MotionEvent { action=ACTION_DOWN, actionButton=0, id[0]=0, x[0]=600.0, y[0]=700.0, toolType[0]=TOOL_TYPE_UNKNOWN, buttonState=0, metaState=0, flags=0x0, edgeFlags=0x0, pointerCount=1, historySize=0, eventTime=807419301, downTime=807419301, deviceId=0, source=0x1002 }
08-05 16:16:42.895 23359 23359 I Input   : injectMotionEvent: MotionEvent { action=ACTION_UP, actionButton=0, id[0]=0, x[0]=600.0, y[0]=700.0, toolType[0]=TOOL_TYPE_UNKNOWN, buttonState=0, metaState=0, flags=0x0, edgeFlags=0x0, pointerCount=1, historySize=0, eventTime=807419301, downTime=807419301, deviceId=0, source=0x1002 }
08-05 16:16:42.899 23359 23359 D AndroidRuntime: Shutting down VM
08-05 16:16:42.914   512  2967 D audio_hw_primary: out_set_parameters: enter: usecase(1: low-latency-playback) kvpairs: routing=2
08-05 16:16:42.916   918   928 I ActivityManager: START u0 {dat=https://oauth.reddit.com/... cmp=baseline.org.quantumbadger.redreader/.activities.CommentListingActivity} from uid 10689 on display 0
08-05 16:16:42.928   512  2967 D audio_hw_primary: select_devices: out_snd_device(2: speaker) in_snd_device(0: none)
08-05 16:16:42.928   512  2967 D msm8974_platform: platform_send_audio_calibration: sending audio calibration for snd_device(2) acdb_id(15)
08-05 16:16:42.928   512  2967 I soundtrigger: audio_extn_sound_trigger_update_device_status: device 0x2 of type 0 for Event 1
08-05 16:16:42.939   512  2967 D audio_hw_primary: enable_snd_device: snd_device(2: speaker)
08-05 16:16:42.942   512  2967 D audio_hw_primary: enable_audio_route: apply and update mixer path: low-latency-playback speaker
08-05 16:16:42.944 22094 22094 I AppCompatViewInflater: app:theme is now deprecated. Please move to using android:theme instead.
08-05 16:16:42.961 22094 22684 I CommentListingActivity: COMMENTS session changed to ee9496a0-66dd-4f12-bd51-1f38ae374f63
08-05 16:16:43.023   918   936 I ActivityManager: Displayed baseline.org.quantumbadger.redreader/.activities.CommentListingActivity: +94ms
08-05 16:16:43.024 13866 13866 I GoogleInputMethodServic: GoogleInputMethodService.onFinishInput():3138 
08-05 16:16:43.024 13866 13866 I GoogleInputMethodServic: GoogleInputMethodService.onStartInput():1808 
08-05 16:16:43.066 22094 22338 I art     : Starting a blocking GC Explicit
08-05 16:16:43.127 22094 22338 I art     : Explicit concurrent mark sweep GC freed 31750(2MB) AllocSpace objects, 3(56KB) LOS objects, 35% free, 28MB/44MB, paused 943us total 60.900ms
08-05 16:16:43.144 22094 22338 I art     : Starting a blocking GC Explicit
08-05 16:16:43.187 22094 22338 I art     : Explicit concurrent mark sweep GC freed 12857(864KB) AllocSpace objects, 1(16KB) LOS objects, 35% free, 28MB/44MB, paused 382us total 42.927ms
08-05 16:16:43.202 22094 22338 I art     : Starting a blocking GC Explicit
08-05 16:16:43.245 22094 22338 I art     : Explicit concurrent mark sweep GC freed 21072(979KB) AllocSpace objects, 0(0B) LOS objects, 36% free, 27MB/43MB, paused 219us total 42.186ms
08-05 16:16:43.261 22094 22338 I art     : Starting a blocking GC Explicit
08-05 16:16:43.263   380   380 W SurfaceFlinger: couldn't log to binary event log: overflow.
08-05 16:16:43.300 22094 22338 I art     : Explicit concurrent mark sweep GC freed 11(544B) AllocSpace objects, 0(0B) LOS objects, 36% free, 27MB/43MB, paused 229us total 39.285ms
08-05 16:16:43.314 22094 22338 I art     : Starting a blocking GC Explicit
08-05 16:16:43.351 22094 22338 I art     : Explicit concurrent mark sweep GC freed 3(96B) AllocSpace objects, 0(0B) LOS objects, 36% free, 27MB/43MB, paused 204us total 36.776ms
08-05 16:16:43.478   512  2967 D audio_hw_primary: disable_audio_route: reset and update mixer path: low-latency-playback speaker
08-05 16:16:43.480   512  2967 D audio_hw_primary: disable_snd_device: snd_device(2: speaker)
08-05 16:16:43.492   512  2967 I soundtrigger: audio_extn_sound_trigger_update_device_status: device 0x2 of type 0 for Event 0
08-05 16:16:43.504 24365 23174 I NetworkScheduler.Stats: Task com.google.android.gms/com.google.android.gms.icing.service.IcingGcmTaskService started execution. cause:4 exec_start_elapsed_seconds: 1790807 [CONTEXT service_id=218 ]
08-05 16:16:43.523 24365  4416 I NetworkScheduler.Stats: Task com.google.android.gms/com.google.android.gms.icing.service.IcingGcmTaskService finished executing. cause:4 result: 1 elapsed_millis: 43 uptime_millis: 43 exec_start_elapsed_seconds: 1790807 [CONTEXT service_id=218 ]
08-05 16:16:43.631 22094 22122 I art     : Starting a blocking GC Explicit
08-05 16:16:43.672 22094 22122 I art     : Explicit concurrent mark sweep GC freed 1436(83KB) AllocSpace objects, 1(20KB) LOS objects, 36% free, 27MB/43MB, paused 217us total 41.386ms
08-05 16:16:43.688 22094 22122 I art     : Starting a blocking GC Explicit
08-05 16:16:43.729 22094 22122 I art     : Explicit concurrent mark sweep GC freed 24(832B) AllocSpace objects, 0(0B) LOS objects, 36% free, 27MB/43MB, paused 232us total 41.050ms
08-05 16:16:43.744 22094 22122 I art     : Starting a blocking GC Explicit
08-05 16:16:43.784 22094 22122 I art     : Explicit concurrent mark sweep GC freed 3(96B) AllocSpace objects, 0(0B) LOS objects, 36% free, 27MB/43MB, paused 206us total 40.355ms
08-05 16:16:43.799 22094 22122 I art     : Starting a blocking GC Explicit
08-05 16:16:43.840 22094 22122 I art     : Explicit concurrent mark sweep GC freed 3(96B) AllocSpace objects, 0(0B) LOS objects, 36% free, 27MB/43MB, paused 242us total 40.498ms
08-05 16:16:43.855 22094 22122 I art     : Starting a blocking GC Explicit
08-05 16:16:43.896 22094 22122 I art     : Explicit concurrent mark sweep GC freed 3(96B) AllocSpace objects, 0(0B) LOS objects, 36% free, 27MB/43MB, paused 228us total 40.511ms
08-05 16:16:44.182 22094 22105 I art     : Starting a blocking GC Explicit
08-05 16:16:44.244 22094 22105 I art     : Explicit concurrent mark sweep GC freed 1343(80KB) AllocSpace objects, 1(20KB) LOS objects, 36% free, 27MB/43MB, paused 263us total 61.464ms
08-05 16:16:44.249   518   646 I ThermalEngine: ACTION: GPU - Setting GPU[0] to 450000000
08-05 16:16:44.269 22094 22105 I art     : Starting a blocking GC Explicit
08-05 16:16:44.323 22094 22105 I art     : Explicit concurrent mark sweep GC freed 66(2528B) AllocSpace objects, 0(0B) LOS objects, 36% free, 27MB/43MB, paused 318us total 53.737ms
08-05 16:16:44.343 22094 22105 I art     : Starting a blocking GC Explicit
08-05 16:16:44.399 22094 22105 I art     : Explicit concurrent mark sweep GC freed 3(96B) AllocSpace objects, 0(0B) LOS objects, 36% free, 27MB/43MB, paused 328us total 55.889ms
08-05 16:16:44.421 22094 22105 I art     : Starting a blocking GC Explicit
08-05 16:16:44.474 22094 22105 I art     : Explicit concurrent mark sweep GC freed 3(96B) AllocSpace objects, 0(0B) LOS objects, 36% free, 27MB/43MB, paused 304us total 52.813ms
08-05 16:16:44.494 22094 22105 I art     : Starting a blocking GC Explicit
08-05 16:16:44.553 22094 22105 I art     : Explicit concurrent mark sweep GC freed 3(96B) AllocSpace objects, 0(0B) LOS objects, 36% free, 27MB/43MB, paused 330us total 58.194ms
08-05 16:16:44.900 22094 22122 I art     : Starting a blocking GC Explicit
08-05 16:16:44.965 22094 22122 I art     : Explicit concurrent mark sweep GC freed 1343(80KB) AllocSpace objects, 1(20KB) LOS objects, 36% free, 27MB/43MB, paused 327us total 64.163ms
08-05 16:16:44.988 22094 22122 I art     : Starting a blocking GC Explicit
08-05 16:16:45.046 22094 22122 I art     : Explicit concurrent mark sweep GC freed 20(704B) AllocSpace objects, 0(0B) LOS objects, 36% free, 27MB/43MB, paused 318us total 58.116ms
08-05 16:16:45.066 22094 22122 I art     : Starting a blocking GC Explicit
08-05 16:16:45.131 22094 22122 I art     : Explicit concurrent mark sweep GC freed 3(96B) AllocSpace objects, 0(0B) LOS objects, 36% free, 27MB/43MB, paused 365us total 64.055ms
08-05 16:16:45.153 22094 22122 I art     : Starting a blocking GC Explicit
08-05 16:16:45.213 22094 22122 I art     : Explicit concurrent mark sweep GC freed 3(96B) AllocSpace objects, 0(0B) LOS objects, 36% free, 27MB/43MB, paused 324us total 59.581ms
08-05 16:16:45.233 22094 22122 I art     : Starting a blocking GC Explicit
08-05 16:16:45.293 22094 22122 I art     : Explicit concurrent mark sweep GC freed 3(96B) AllocSpace objects, 0(0B) LOS objects, 36% free, 27MB/43MB, paused 352us total 59.534ms
08-05 16:16:45.341 22144 22144 I ServiceManager: Waiting for service AtCmdFwd...
08-05 16:16:45.623 22094 22338 I art     : Starting a blocking GC Explicit
08-05 16:16:45.696 22094 22338 I art     : Explicit concurrent mark sweep GC freed 1343(80KB) AllocSpace objects, 1(20KB) LOS objects, 36% free, 27MB/43MB, paused 334us total 72.954ms
08-05 16:16:45.718 22094 22338 I art     : Starting a blocking GC Explicit
08-05 16:16:45.778 22094 22338 I art     : Explicit concurrent mark sweep GC freed 20(704B) AllocSpace objects, 0(0B) LOS objects, 36% free, 27MB/43MB, paused 322us total 59.898ms
08-05 16:16:45.798 22094 22338 I art     : Starting a blocking GC Explicit
08-05 16:16:45.859 22094 22338 I art     : Explicit concurrent mark sweep GC freed 3(96B) AllocSpace objects, 0(0B) LOS objects, 36% free, 27MB/43MB, paused 338us total 60.956ms
08-05 16:16:45.884 22094 22338 I art     : Starting a blocking GC Explicit
08-05 16:16:45.948 22094 22338 I art     : Explicit concurrent mark sweep GC freed 3(96B) AllocSpace objects, 0(0B) LOS objects, 36% free, 27MB/43MB, paused 345us total 64.469ms
08-05 16:16:45.971 22094 22338 I art     : Starting a blocking GC Explicit
08-05 16:16:46.032 22094 22338 I art     : Explicit concurrent mark sweep GC freed 3(96B) AllocSpace objects, 0(0B) LOS objects, 36% free, 27MB/43MB, paused 315us total 60.764ms
08-05 16:16:46.254   518   646 I ThermalEngine: ACTION: GPU - Setting GPU[0] to 510000000
08-05 16:16:46.342 22144 22144 I ServiceManager: Waiting for service AtCmdFwd...
08-05 16:16:46.365 22094 22106 I art     : Starting a blocking GC Explicit
08-05 16:16:46.421 22094 22106 I art     : Explicit concurrent mark sweep GC freed 1343(80KB) AllocSpace objects, 1(20KB) LOS objects, 36% free, 27MB/43MB, paused 261us total 55.352ms
08-05 16:16:46.441 22094 22106 I art     : Starting a blocking GC Explicit
08-05 16:16:46.485 22094 22106 I art     : Explicit concurrent mark sweep GC freed 20(704B) AllocSpace objects, 0(0B) LOS objects, 36% free, 27MB/43MB, paused 226us total 43.950ms
08-05 16:16:46.500 22094 22106 I art     : Starting a blocking GC Explicit
08-05 16:16:46.544 22094 22106 I art     : Explicit concurrent mark sweep GC freed 3(96B) AllocSpace objects, 0(0B) LOS objects, 36% free, 27MB/43MB, paused 230us total 43.471ms
08-05 16:16:46.559 22094 22106 I art     : Starting a blocking GC Explicit
08-05 16:16:46.602 22094 22106 I art     : Explicit concurrent mark sweep GC freed 3(96B) AllocSpace objects, 0(0B) LOS objects, 36% free, 27MB/43MB, paused 223us total 42.239ms
08-05 16:16:46.617 22094 22106 I art     : Starting a blocking GC Explicit
08-05 16:16:46.660 22094 22106 I art     : Explicit concurrent mark sweep GC freed 3(96B) AllocSpace objects, 0(0B) LOS objects, 36% free, 27MB/43MB, paused 226us total 43.382ms
08-05 16:16:46.984 22094 22405 I art     : Starting a blocking GC Explicit
08-05 16:16:47.036 22094 22405 I art     : Explicit concurrent mark sweep GC freed 1343(80KB) AllocSpace objects, 1(20KB) LOS objects, 36% free, 27MB/43MB, paused 251us total 51.028ms
08-05 16:16:47.053 22094 22405 I art     : Starting a blocking GC Explicit
08-05 16:16:47.097 22094 22405 I art     : Explicit concurrent mark sweep GC freed 20(704B) AllocSpace objects, 0(0B) LOS objects, 36% free, 27MB/43MB, paused 332us total 43.591ms
08-05 16:16:47.112 22094 22405 I art     : Starting a blocking GC Explicit
08-05 16:16:47.156 22094 22405 I art     : Explicit concurrent mark sweep GC freed 3(96B) AllocSpace objects, 0(0B) LOS objects, 36% free, 27MB/43MB, paused 219us total 43.279ms
08-05 16:16:47.171 22094 22405 I art     : Starting a blocking GC Explicit
08-05 16:16:47.211 22094 22405 I art     : Explicit concurrent mark sweep GC freed 3(96B) AllocSpace objects, 0(0B) LOS objects, 36% free, 27MB/43MB, paused 231us total 40.098ms
08-05 16:16:47.212 22094 22104 I art     : WaitForGcToComplete blocked for 40.307ms for cause HeapTrim
08-05 16:16:47.226 22094 22405 I art     : Starting a blocking GC Explicit
08-05 16:16:47.227   918  1210 D NetlinkSocketObserver: NeighborEvent{elapsedMs=1790811101, 192.168.2.254, [7C3953A63323], RTM_NEWNEIGH, NUD_PROBE}
08-05 16:16:47.268 22094 22405 I art     : Explicit concurrent mark sweep GC freed 3(96B) AllocSpace objects, 0(0B) LOS objects, 36% free, 27MB/43MB, paused 244us total 41.261ms
08-05 16:16:47.343 22144 22144 I ServiceManager: Waiting for service AtCmdFwd...
08-05 16:16:47.569 22094 22105 I art     : Starting a blocking GC Explicit
08-05 16:16:47.570 23455 23455 D AndroidRuntime: >>>>>> START com.android.internal.os.RuntimeInit uid 2000 <<<<<<
08-05 16:16:47.575 23455 23455 D AndroidRuntime: CheckJNI is OFF
08-05 16:16:47.609 23455 23455 D ICU     : No timezone override file found: /data/misc/zoneinfo/current/icu/icu_tzdata.dat
08-05 16:16:47.611 22094 22105 I art     : Explicit concurrent mark sweep GC freed 1345(80KB) AllocSpace objects, 1(20KB) LOS objects, 36% free, 27MB/43MB, paused 240us total 42.659ms
08-05 16:16:47.626 22094 22105 I art     : Starting a blocking GC Explicit
08-05 16:16:47.643 23455 23455 I Radio-JNI: register_android_hardware_Radio DONE
08-05 16:16:47.665 23455 23455 D AndroidRuntime: Calling main entry com.android.commands.input.Input
08-05 16:16:47.666 23455 23455 I Input   : injectKeyEvent: KeyEvent { action=ACTION_DOWN, keyCode=KEYCODE_BACK, scanCode=0, metaState=0, flags=0x0, repeatCount=0, eventTime=807424079, downTime=807424079, deviceId=-1, source=0x101 }
08-05 16:16:47.667 22094 22105 I art     : Explicit concurrent mark sweep GC freed 20(704B) AllocSpace objects, 0(0B) LOS objects, 36% free, 27MB/43MB, paused 270us total 40.881ms
08-05 16:16:47.673 23455 23455 I Input   : injectKeyEvent: KeyEvent { action=ACTION_UP, keyCode=KEYCODE_BACK, scanCode=0, metaState=0, flags=0x0, repeatCount=0, eventTime=807424079, downTime=807424079, deviceId=-1, source=0x101 }
08-05 16:16:47.680 23455 23455 D AndroidRuntime: Shutting down VM
08-05 16:16:47.682 22094 22105 I art     : Starting a blocking GC Explicit
08-05 16:16:47.721 22094 22105 I art     : Explicit concurrent mark sweep GC freed 131(4KB) AllocSpace objects, 0(0B) LOS objects, 36% free, 27MB/43MB, paused 488us total 39.666ms
08-05 16:16:47.723 13866 13866 I GoogleInputMethodServic: GoogleInputMethodService.onFinishInput():3138 
08-05 16:16:47.724 13866 13866 I GoogleInputMethodServic: GoogleInputMethodService.onStartInput():1808 
08-05 16:16:47.735 22094 22105 I art     : Starting a blocking GC Explicit
08-05 16:16:47.776 22094 22105 I art     : Explicit concurrent mark sweep GC freed 118(4KB) AllocSpace objects, 0(0B) LOS objects, 36% free, 27MB/43MB, paused 495us total 40.498ms
08-05 16:16:47.792 22094 22105 I art     : Starting a blocking GC Explicit
08-05 16:16:47.828 22094 22105 I art     : Explicit concurrent mark sweep GC freed 9(336B) AllocSpace objects, 0(0B) LOS objects, 36% free, 27MB/43MB, paused 355us total 36.007ms
08-05 16:16:47.931 22094 23383 I RedditChangeDataIO: Writing tmp data file at '/data/user/0/baseline.org.quantumbadger.redreader/files/rr_change_data_tmp.dat'
08-05 16:16:47.931 22094 23383 I RedditChangeDataManager: Taking snapshot...
08-05 16:16:47.932 22094 23383 I RedditChangeDataManager: Writing to stream...
08-05 16:16:47.932 22094 23383 I RedditChangeDataManager: Wrote 3 entries for user ''
08-05 16:16:47.932 22094 23383 I RedditChangeDataManager: All entries written to stream.
08-05 16:16:47.932 22094 23383 I RedditChangeDataIO: Write successful. Atomically replacing data file...
08-05 16:16:47.932 22094 23383 I RedditChangeDataIO: Write complete.
08-05 16:16:47.933 22094 23383 I RedditChangeDataIO: 86 bytes written in 1 ms
08-05 16:16:48.034   380   380 W SurfaceFlinger: couldn't log to binary event log: overflow.
08-05 16:16:48.091 22094 22105 I art     : Starting a blocking GC Explicit
08-05 16:16:48.134 22094 22105 I art     : Explicit concurrent mark sweep GC freed 1473(87KB) AllocSpace objects, 2(88KB) LOS objects, 36% free, 27MB/43MB, paused 243us total 42.908ms
08-05 16:16:48.149 22094 22105 I art     : Starting a blocking GC Explicit
08-05 16:16:48.183 22094 22105 I art     : Explicit concurrent mark sweep GC freed 46782(2MB) AllocSpace objects, 5(140KB) LOS objects, 39% free, 24MB/40MB, paused 229us total 34.308ms
08-05 16:16:48.197 22094 22105 I art     : Starting a blocking GC Explicit
08-05 16:16:48.226 22094 22105 I art     : Explicit concurrent mark sweep GC freed 3(96B) AllocSpace objects, 0(0B) LOS objects, 39% free, 24MB/40MB, paused 225us total 29.410ms
08-05 16:16:48.239 22094 22105 I art     : Starting a blocking GC Explicit
08-05 16:16:48.271 22094 22105 I art     : Explicit concurrent mark sweep GC freed 3(96B) AllocSpace objects, 0(0B) LOS objects, 39% free, 24MB/40MB, paused 237us total 30.857ms
08-05 16:16:48.284 22094 22105 I art     : Starting a blocking GC Explicit
08-05 16:16:48.315 22094 22105 I art     : Explicit concurrent mark sweep GC freed 3(96B) AllocSpace objects, 0(0B) LOS objects, 39% free, 24MB/40MB, paused 235us total 30.895ms
08-05 16:16:48.343 22144 22144 I ServiceManager: Waiting for service AtCmdFwd...
08-05 16:16:48.403   918  3261 D WifiStateMachine: starting scan for "H369AA63323"WPA_PSK with 2412,5180
08-05 16:16:48.602 22094 22122 I art     : Starting a blocking GC Explicit
08-05 16:16:48.642 22094 22122 I art     : Explicit concurrent mark sweep GC freed 1343(80KB) AllocSpace objects, 1(20KB) LOS objects, 39% free, 24MB/40MB, paused 268us total 38.912ms
08-05 16:16:48.658 22094 22122 I art     : Starting a blocking GC Explicit
08-05 16:16:48.689 22094 22122 I art     : Explicit concurrent mark sweep GC freed 20(704B) AllocSpace objects, 0(0B) LOS objects, 39% free, 24MB/40MB, paused 217us total 30.379ms
08-05 16:16:48.702 22094 22122 I art     : Starting a blocking GC Explicit
08-05 16:16:48.733 22094 22122 I art     : Explicit concurrent mark sweep GC freed 3(96B) AllocSpace objects, 0(0B) LOS objects, 39% free, 24MB/40MB, paused 269us total 30.917ms
08-05 16:16:48.747 22094 22122 I art     : Starting a blocking GC Explicit
08-05 16:16:48.777 22094 22122 I art     : Explicit concurrent mark sweep GC freed 3(96B) AllocSpace objects, 0(0B) LOS objects, 39% free, 24MB/40MB, paused 232us total 30.590ms
08-05 16:16:48.791 22094 22122 I art     : Starting a blocking GC Explicit
08-05 16:16:48.822 22094 22122 I art     : Explicit concurrent mark sweep GC freed 3(96B) AllocSpace objects, 0(0B) LOS objects, 39% free, 24MB/40MB, paused 238us total 30.608ms
08-05 16:16:49.078 22094 22338 I art     : Starting a blocking GC Explicit
08-05 16:16:49.109 22094 22338 I art     : Explicit concurrent mark sweep GC freed 1343(80KB) AllocSpace objects, 1(20KB) LOS objects, 39% free, 24MB/40MB, paused 232us total 30.006ms
08-05 16:16:49.122 22094 22338 I art     : Starting a blocking GC Explicit
08-05 16:16:49.152 22094 22338 I art     : Explicit concurrent mark sweep GC freed 20(704B) AllocSpace objects, 0(0B) LOS objects, 39% free, 24MB/40MB, paused 231us total 29.715ms
08-05 16:16:49.164 22094 22338 I art     : Starting a blocking GC Explicit
08-05 16:16:49.193 22094 22338 I art     : Explicit concurrent mark sweep GC freed 3(96B) AllocSpace objects, 0(0B) LOS objects, 39% free, 24MB/40MB, paused 225us total 28.767ms
08-05 16:16:49.206 22094 22338 I art     : Starting a blocking GC Explicit
08-05 16:16:49.235 22094 22338 I art     : Explicit concurrent mark sweep GC freed 3(96B) AllocSpace objects, 0(0B) LOS objects, 39% free, 24MB/40MB, paused 259us total 29.466ms
08-05 16:16:49.249 22094 22338 I art     : Starting a blocking GC Explicit
08-05 16:16:49.278 22094 22338 I art     : Explicit concurrent mark sweep GC freed 3(96B) AllocSpace objects, 0(0B) LOS objects, 39% free, 24MB/40MB, paused 224us total 29.473ms
08-05 16:16:49.344 22144 22144 I ServiceManager: Waiting for service AtCmdFwd...
08-05 16:16:49.352 23499 23499 D AndroidRuntime: >>>>>> START com.android.internal.os.RuntimeInit uid 2000 <<<<<<
08-05 16:16:49.358 23499 23499 D AndroidRuntime: CheckJNI is OFF
08-05 16:16:49.394 23499 23499 D ICU     : No timezone override file found: /data/misc/zoneinfo/current/icu/icu_tzdata.dat
08-05 16:16:49.432 23499 23499 I Radio-JNI: register_android_hardware_Radio DONE
08-05 16:16:49.453 23499 23499 D AndroidRuntime: Calling main entry com.android.commands.input.Input
08-05 16:16:49.455 23499 23499 I Input   : injectKeyEvent: KeyEvent { action=ACTION_DOWN, keyCode=KEYCODE_BACK, scanCode=0, metaState=0, flags=0x0, repeatCount=0, eventTime=807425868, downTime=807425868, deviceId=-1, source=0x101 }
08-05 16:16:49.466 23499 23499 I Input   : injectKeyEvent: KeyEvent { action=ACTION_UP, keyCode=KEYCODE_BACK, scanCode=0, metaState=0, flags=0x0, repeatCount=0, eventTime=807425868, downTime=807425868, deviceId=-1, source=0x101 }
08-05 16:16:49.472 23499 23499 D AndroidRuntime: Shutting down VM
08-05 16:16:49.513 13866 13866 I GoogleInputMethodServic: GoogleInputMethodService.onFinishInput():3138 
08-05 16:16:49.514 13866 13866 I GoogleInputMethodServic: GoogleInputMethodService.onStartInput():1808 
08-05 16:16:49.546 22094 22106 I art     : Starting a blocking GC Explicit
08-05 16:16:49.574 22094 22106 I art     : Explicit concurrent mark sweep GC freed 1507(85KB) AllocSpace objects, 1(20KB) LOS objects, 39% free, 24MB/40MB, paused 224us total 28.370ms
08-05 16:16:49.586 22094 22106 I art     : Starting a blocking GC Explicit
08-05 16:16:49.612 22094 22106 I art     : Explicit concurrent mark sweep GC freed 39(1360B) AllocSpace objects, 0(0B) LOS objects, 39% free, 24MB/40MB, paused 199us total 25.578ms
08-05 16:16:49.624 22094 22106 I art     : Starting a blocking GC Explicit
08-05 16:16:49.652 22094 22106 I art     : Explicit concurrent mark sweep GC freed 3(96B) AllocSpace objects, 0(0B) LOS objects, 39% free, 24MB/40MB, paused 195us total 27.165ms
08-05 16:16:49.666 22094 22106 I art     : Starting a blocking GC Explicit
08-05 16:16:49.700 22094 22106 I art     : Explicit concurrent mark sweep GC freed 3(96B) AllocSpace objects, 0(0B) LOS objects, 39% free, 24MB/40MB, paused 227us total 33.902ms
08-05 16:16:49.716 22094 22106 I art     : Starting a blocking GC Explicit
08-05 16:16:49.753 22094 22106 I art     : Explicit concurrent mark sweep GC freed 3(96B) AllocSpace objects, 0(0B) LOS objects, 39% free, 24MB/40MB, paused 205us total 36.564ms
08-05 16:16:50.003 22094 22105 I art     : Starting a blocking GC Explicit
08-05 16:16:50.034 22094 22105 I art     : Explicit concurrent mark sweep GC freed 1404(82KB) AllocSpace objects, 1(20KB) LOS objects, 39% free, 24MB/40MB, paused 250us total 31.217ms
08-05 16:16:50.047 22094 22105 I art     : Starting a blocking GC Explicit
08-05 16:16:50.078 22094 22105 I art     : Explicit concurrent mark sweep GC freed 150(7KB) AllocSpace objects, 0(0B) LOS objects, 39% free, 24MB/40MB, paused 247us total 30.485ms
08-05 16:16:50.091 22094 22105 I art     : Starting a blocking GC Explicit
08-05 16:16:50.122 22094 22105 I art     : Explicit concurrent mark sweep GC freed 3(96B) AllocSpace objects, 0(0B) LOS objects, 39% free, 24MB/40MB, paused 247us total 30.385ms
08-05 16:16:50.135 22094 22105 I art     : Starting a blocking GC Explicit
08-05 16:16:50.166 22094 22105 I art     : Explicit concurrent mark sweep GC freed 3(96B) AllocSpace objects, 0(0B) LOS objects, 39% free, 24MB/40MB, paused 245us total 30.537ms
08-05 16:16:50.179 22094 22105 I art     : Starting a blocking GC Explicit
08-05 16:16:50.210 22094 22105 I art     : Explicit concurrent mark sweep GC freed 3(96B) AllocSpace objects, 0(0B) LOS objects, 39% free, 24MB/40MB, paused 241us total 30.373ms
08-05 16:16:50.344 22144 22144 W Atfwd_Sendcmd: AtCmdFwd service not published, waiting... retryCnt : 4
08-05 16:16:50.490 22094 22338 I art     : Starting a blocking GC Explicit
08-05 16:16:50.521 22094 22338 I art     : Explicit concurrent mark sweep GC freed 1343(80KB) AllocSpace objects, 1(20KB) LOS objects, 39% free, 24MB/40MB, paused 224us total 30.872ms
08-05 16:16:50.534 22094 22338 I art     : Starting a blocking GC Explicit
08-05 16:16:50.565 22094 22338 I art     : Explicit concurrent mark sweep GC freed 20(704B) AllocSpace objects, 0(0B) LOS objects, 39% free, 24MB/40MB, paused 244us total 31.211ms
08-05 16:16:50.579 22094 22338 I art     : Starting a blocking GC Explicit
08-05 16:16:50.610 22094 22338 I art     : Explicit concurrent mark sweep GC freed 3(96B) AllocSpace objects, 0(0B) LOS objects, 39% free, 24MB/40MB, paused 246us total 30.936ms
08-05 16:16:50.623 22094 22338 I art     : Starting a blocking GC Explicit
08-05 16:16:50.655 22094 22338 I art     : Explicit concurrent mark sweep GC freed 3(96B) AllocSpace objects, 0(0B) LOS objects, 39% free, 24MB/40MB, paused 253us total 31.539ms
08-05 16:16:50.668 22094 22338 I art     : Starting a blocking GC Explicit
08-05 16:16:50.700 22094 22338 I art     : Explicit concurrent mark sweep GC freed 3(96B) AllocSpace objects, 0(0B) LOS objects, 39% free, 24MB/40MB, paused 221us total 31.071ms
08-05 16:16:50.980 22094 22405 I art     : Starting a blocking GC Explicit
08-05 16:16:51.019 22094 22405 I art     : Explicit concurrent mark sweep GC freed 1343(80KB) AllocSpace objects, 1(20KB) LOS objects, 39% free, 24MB/40MB, paused 319us total 38.556ms
08-05 16:16:51.034 22094 22405 I art     : Starting a blocking GC Explicit
08-05 16:16:51.064 22094 22405 I art     : Explicit concurrent mark sweep GC freed 20(704B) AllocSpace objects, 0(0B) LOS objects, 39% free, 24MB/40MB, paused 252us total 30.107ms
08-05 16:16:51.077 22094 22405 I art     : Starting a blocking GC Explicit
08-05 16:16:51.106 22094 22405 I art     : Explicit concurrent mark sweep GC freed 3(96B) AllocSpace objects, 0(0B) LOS objects, 39% free, 24MB/40MB, paused 244us total 29.007ms
08-05 16:16:51.119 22094 22405 I art     : Starting a blocking GC Explicit
08-05 16:16:51.144 23553 23553 D AndroidRuntime: >>>>>> START com.android.internal.os.RuntimeInit uid 2000 <<<<<<
08-05 16:16:51.148 22094 22405 I art     : Explicit concurrent mark sweep GC freed 3(96B) AllocSpace objects, 0(0B) LOS objects, 39% free, 24MB/40MB, paused 248us total 29.200ms
08-05 16:16:51.149 23553 23553 D AndroidRuntime: CheckJNI is OFF
08-05 16:16:51.161 22094 22405 I art     : Starting a blocking GC Explicit
08-05 16:16:51.183 23553 23553 D ICU     : No timezone override file found: /data/misc/zoneinfo/current/icu/icu_tzdata.dat
08-05 16:16:51.190 22094 22405 I art     : Explicit concurrent mark sweep GC freed 3(96B) AllocSpace objects, 0(0B) LOS objects, 39% free, 24MB/40MB, paused 235us total 28.202ms
08-05 16:16:51.218 23553 23553 I Radio-JNI: register_android_hardware_Radio DONE
08-05 16:16:51.239 23553 23553 D AndroidRuntime: Calling main entry com.android.commands.input.Input
08-05 16:16:51.241 23553 23553 I Input   : injectMotionEvent: MotionEvent { action=ACTION_DOWN, actionButton=0, id[0]=0, x[0]=600.0, y[0]=1536.0, toolType[0]=TOOL_TYPE_UNKNOWN, buttonState=0, metaState=0, flags=0x0, edgeFlags=0x0, pointerCount=1, historySize=0, eventTime=807427654, downTime=807427654, deviceId=0, source=0x1002 }
08-05 16:16:51.247 23553 23553 I Input   : injectMotionEvent: MotionEvent { action=ACTION_UP, actionButton=0, id[0]=0, x[0]=600.0, y[0]=1536.0, toolType[0]=TOOL_TYPE_UNKNOWN, buttonState=0, metaState=0, flags=0x0, edgeFlags=0x0, pointerCount=1, historySize=0, eventTime=807427654, downTime=807427654, deviceId=0, source=0x1002 }
08-05 16:16:51.249 23553 23553 D AndroidRuntime: Shutting down VM
08-05 16:16:51.255   918  4413 I ActivityManager: START u0 {dat=https://oauth.reddit.com/... cmp=baseline.org.quantumbadger.redreader/.activities.PostListingActivity} from uid 10689 on display 0
08-05 16:16:51.256   512  2967 D audio_hw_primary: out_set_parameters: enter: usecase(1: low-latency-playback) kvpairs: routing=2
08-05 16:16:51.269   512  2967 D audio_hw_primary: select_devices: out_snd_device(2: speaker) in_snd_device(0: none)
08-05 16:16:51.269   512  2967 D msm8974_platform: platform_send_audio_calibration: sending audio calibration for snd_device(2) acdb_id(15)
08-05 16:16:51.269   512  2967 I soundtrigger: audio_extn_sound_trigger_update_device_status: device 0x2 of type 0 for Event 1
08-05 16:16:51.280 22094 22094 I AppCompatViewInflater: app:theme is now deprecated. Please move to using android:theme instead.
08-05 16:16:51.280   512  2967 D audio_hw_primary: enable_snd_device: snd_device(2: speaker)
08-05 16:16:51.282   512  2967 D audio_hw_primary: enable_audio_route: apply and update mixer path: low-latency-playback speaker
08-05 16:16:51.300 22094 23579 D OK      : calling: https://oauth.reddit.com/r/askscience/about.json
08-05 16:16:51.365   918   936 I ActivityManager: Displayed baseline.org.quantumbadger.redreader/.activities.PostListingActivity: +97ms
08-05 16:16:51.365 13866 13866 I GoogleInputMethodServic: GoogleInputMethodService.onFinishInput():3138 
08-05 16:16:51.367 13866 13866 I GoogleInputMethodServic: GoogleInputMethodService.onStartInput():1808 
08-05 16:16:51.427 22094 22105 I art     : Starting a blocking GC Explicit
08-05 16:16:51.458 22094 22105 I art     : Explicit concurrent mark sweep GC freed 4875(260KB) AllocSpace objects, 1(20KB) LOS objects, 38% free, 25MB/41MB, paused 349us total 31.530ms
08-05 16:16:51.472 22094 22105 I art     : Starting a blocking GC Explicit
08-05 16:16:51.503 22094 22105 I art     : Explicit concurrent mark sweep GC freed 592(30KB) AllocSpace objects, 0(0B) LOS objects, 39% free, 25MB/41MB, paused 297us total 30.517ms
08-05 16:16:51.516 22094 22105 I art     : Starting a blocking GC Explicit
08-05 16:16:51.549 22094 22105 I art     : Explicit concurrent mark sweep GC freed 14(512B) AllocSpace objects, 0(0B) LOS objects, 39% free, 25MB/41MB, paused 330us total 32.861ms
08-05 16:16:51.564 22094 22105 I art     : Starting a blocking GC Explicit
08-05 16:16:51.601 22094 22105 I art     : Explicit concurrent mark sweep GC freed 261(18KB) AllocSpace objects, 0(0B) LOS objects, 38% free, 25MB/41MB, paused 369us total 36.911ms
08-05 16:16:51.602 22094 23579 I NAPPA_EXPERIMENTATION: MetricNetworkRequestExecutionTime: REQUEST_DURATION_SYSTEM='301',REQUEST_DURATION_OKHTTP='157',REQUEST_SYNCHRONOUS='TRUE',RESPONSE_CODE='200',RESPONSE_METHOD='GET',RESPONSE_LENGTH_OKHTTP='-1',RESPONSE_LENGTH_HEADER='4700',REQUEST_PROTOCOL='h2',REQUEST_URL='https://oauth.reddit.com/r/askscience/about.json',
08-05 16:16:51.602 22094 23579 D OK      : request got status: 200
08-05 16:16:51.615 22094 22105 I art     : Starting a blocking GC Explicit
08-05 16:16:51.622   380   380 W SurfaceFlinger: couldn't log to binary event log: overflow.
08-05 16:16:51.645 22094 22105 I art     : Explicit concurrent mark sweep GC freed 718(88KB) AllocSpace objects, 2(88KB) LOS objects, 38% free, 25MB/41MB, paused 337us total 29.825ms
08-05 16:16:51.828   512  2967 D audio_hw_primary: disable_audio_route: reset and update mixer path: low-latency-playback speaker
08-05 16:16:51.829   512  2967 D audio_hw_primary: disable_snd_device: snd_device(2: speaker)
08-05 16:16:51.837   512  2967 I soundtrigger: audio_extn_sound_trigger_update_device_status: device 0x2 of type 0 for Event 0
08-05 16:16:51.910 22094 22106 I art     : Starting a blocking GC Explicit
08-05 16:16:51.942 22094 22106 I art     : Explicit concurrent mark sweep GC freed 2165(170KB) AllocSpace objects, 2(88KB) LOS objects, 38% free, 25MB/41MB, paused 270us total 31.991ms
08-05 16:16:51.955 22094 22106 I art     : Starting a blocking GC Explicit
08-05 16:16:51.985 22094 22106 I art     : Explicit concurrent mark sweep GC freed 178(9KB) AllocSpace objects, 0(0B) LOS objects, 38% free, 25MB/41MB, paused 291us total 29.975ms
08-05 16:16:52.001 22094 22106 I art     : Starting a blocking GC Explicit
08-05 16:16:52.032 22094 22106 I art     : Explicit concurrent mark sweep GC freed 3(96B) AllocSpace objects, 0(0B) LOS objects, 38% free, 25MB/41MB, paused 267us total 30.532ms
08-05 16:16:52.044 22094 22106 I art     : Starting a blocking GC Explicit
08-05 16:16:52.074 22094 22106 I art     : Explicit concurrent mark sweep GC freed 5(192B) AllocSpace objects, 0(0B) LOS objects, 38% free, 25MB/41MB, paused 282us total 29.305ms
08-05 16:16:52.087 22094 22106 I art     : Starting a blocking GC Explicit
08-05 16:16:52.118 22094 22106 I art     : Explicit concurrent mark sweep GC freed 25(1024B) AllocSpace objects, 0(0B) LOS objects, 38% free, 25MB/41MB, paused 295us total 30.223ms
08-05 16:16:52.264   518   646 I ThermalEngine: ACTION: GPU - Setting GPU[0] to 450000000
08-05 16:16:52.408 22094 22405 I art     : Starting a blocking GC Explicit
08-05 16:16:52.447 22094 22405 I art     : Explicit concurrent mark sweep GC freed 1343(80KB) AllocSpace objects, 1(20KB) LOS objects, 38% free, 25MB/41MB, paused 343us total 38.730ms
08-05 16:16:52.464 22094 22405 I art     : Starting a blocking GC Explicit
08-05 16:16:52.499 22094 23613 D OK      : calling: https://oauth.reddit.com/r/askscience/hot/.json
08-05 16:16:52.501 22094 22405 I art     : Explicit concurrent mark sweep GC freed 72(2944B) AllocSpace objects, 0(0B) LOS objects, 38% free, 25MB/41MB, paused 559us total 37.627ms
08-05 16:16:52.518 22094 22405 I art     : Starting a blocking GC Explicit
08-05 16:16:52.556 22094 22405 I art     : Explicit concurrent mark sweep GC freed 49(1792B) AllocSpace objects, 0(0B) LOS objects, 38% free, 25MB/41MB, paused 426us total 37.091ms
08-05 16:16:52.572 22094 22405 I art     : Starting a blocking GC Explicit
08-05 16:16:52.609 22094 22405 I art     : Explicit concurrent mark sweep GC freed 3(96B) AllocSpace objects, 0(0B) LOS objects, 38% free, 25MB/41MB, paused 387us total 36.791ms
08-05 16:16:52.626 22094 22405 I art     : Starting a blocking GC Explicit
08-05 16:16:52.664 22094 22405 I art     : Explicit concurrent mark sweep GC freed 3(96B) AllocSpace objects, 0(0B) LOS objects, 38% free, 25MB/41MB, paused 415us total 37.169ms
08-05 16:16:52.703 22094 23613 I NAPPA_EXPERIMENTATION: MetricNetworkRequestExecutionTime: REQUEST_DURATION_SYSTEM='204',REQUEST_DURATION_OKHTTP='201',REQUEST_SYNCHRONOUS='TRUE',RESPONSE_CODE='200',RESPONSE_METHOD='GET',RESPONSE_LENGTH_OKHTTP='-1',RESPONSE_LENGTH_HEADER='21282',REQUEST_PROTOCOL='h2',REQUEST_URL='https://oauth.reddit.com/r/askscience/hot/.json',
08-05 16:16:52.704 22094 23613 D OK      : request got status: 200
08-05 16:16:52.718 22094 22684 I PostListingFragment: Precaching images: OFF
08-05 16:16:52.718 22094 22684 I PostListingFragment: Precaching comments: OFF
08-05 16:16:52.937 22094 22122 I art     : Starting a blocking GC Explicit
08-05 16:16:52.983 22094 22122 I art     : Explicit concurrent mark sweep GC freed 14239(755KB) AllocSpace objects, 3(156KB) LOS objects, 38% free, 25MB/41MB, paused 495us total 46.122ms
08-05 16:16:53.001 22094 22122 I art     : Starting a blocking GC Explicit
08-05 16:16:53.044 22094 22122 I art     : Explicit concurrent mark sweep GC freed 4491(169KB) AllocSpace objects, 0(0B) LOS objects, 38% free, 25MB/41MB, paused 461us total 43.065ms
08-05 16:16:53.062 22094 22122 I art     : Starting a blocking GC Explicit
08-05 16:16:53.106 22094 22122 I art     : Explicit concurrent mark sweep GC freed 3563(130KB) AllocSpace objects, 0(0B) LOS objects, 38% free, 25MB/41MB, paused 552us total 44.207ms
08-05 16:16:53.123 22094 22122 I art     : Starting a blocking GC Explicit
08-05 16:16:53.163 22094 22122 I art     : Explicit concurrent mark sweep GC freed 11699(549KB) AllocSpace objects, 0(0B) LOS objects, 38% free, 25MB/41MB, paused 586us total 39.596ms
08-05 16:16:53.180 22094 22122 I art     : Starting a blocking GC Explicit
08-05 16:16:53.221 22094 22122 I art     : Explicit concurrent mark sweep GC freed 565(29KB) AllocSpace objects, 0(0B) LOS objects, 38% free, 25MB/41MB, paused 473us total 40.444ms
08-05 16:16:53.530 22094 22105 I art     : Starting a blocking GC Explicit
08-05 16:16:53.572 22094 22105 I art     : Explicit concurrent mark sweep GC freed 2451(130KB) AllocSpace objects, 1(20KB) LOS objects, 38% free, 25MB/41MB, paused 355us total 41.570ms
08-05 16:16:53.590 22094 22105 I art     : Starting a blocking GC Explicit
08-05 16:16:53.629 22094 22105 I art     : Explicit concurrent mark sweep GC freed 224(9KB) AllocSpace objects, 0(0B) LOS objects, 38% free, 25MB/41MB, paused 338us total 38.260ms
08-05 16:16:53.647 22094 22105 I art     : Starting a blocking GC Explicit
08-05 16:16:53.691 22094 22105 I art     : Explicit concurrent mark sweep GC freed 3(96B) AllocSpace objects, 0(0B) LOS objects, 38% free, 25MB/41MB, paused 360us total 44.175ms
08-05 16:16:53.709 22094 22105 I art     : Starting a blocking GC Explicit
08-05 16:16:53.754 22094 22105 I art     : Explicit concurrent mark sweep GC freed 3(96B) AllocSpace objects, 0(0B) LOS objects, 38% free, 25MB/41MB, paused 329us total 44.316ms
08-05 16:16:53.771 22094 22105 I art     : Starting a blocking GC Explicit
08-05 16:16:53.818 22094 22105 I art     : Explicit concurrent mark sweep GC freed 3(96B) AllocSpace objects, 0(0B) LOS objects, 38% free, 25MB/41MB, paused 397us total 45.873ms
08-05 16:16:54.143 22094 22405 I art     : Starting a blocking GC Explicit
08-05 16:16:54.199 22094 22405 I art     : Explicit concurrent mark sweep GC freed 1344(80KB) AllocSpace objects, 1(20KB) LOS objects, 38% free, 25MB/41MB, paused 436us total 55.336ms
08-05 16:16:54.219 22094 22405 I art     : Starting a blocking GC Explicit
08-05 16:16:54.266 22094 22405 I art     : Explicit concurrent mark sweep GC freed 20(704B) AllocSpace objects, 0(0B) LOS objects, 38% free, 25MB/41MB, paused 376us total 45.777ms
08-05 16:16:54.286 22094 22405 I art     : Starting a blocking GC Explicit
08-05 16:16:54.332 22094 22405 I art     : Explicit concurrent mark sweep GC freed 3(96B) AllocSpace objects, 0(0B) LOS objects, 38% free, 25MB/41MB, paused 352us total 45.037ms
08-05 16:16:54.350 22094 22405 I art     : Starting a blocking GC Explicit
08-05 16:16:54.394 22094 22405 I art     : Explicit concurrent mark sweep GC freed 3(96B) AllocSpace objects, 0(0B) LOS objects, 38% free, 25MB/41MB, paused 364us total 44.561ms
08-05 16:16:54.412 22094 22405 I art     : Starting a blocking GC Explicit
08-05 16:16:54.457 22094 22405 I art     : Explicit concurrent mark sweep GC freed 3(96B) AllocSpace objects, 0(0B) LOS objects, 38% free, 25MB/41MB, paused 333us total 44.155ms
08-05 16:16:54.827 22094 22338 I art     : Starting a blocking GC Explicit
08-05 16:16:54.885 22094 22338 I art     : Explicit concurrent mark sweep GC freed 1344(80KB) AllocSpace objects, 1(20KB) LOS objects, 38% free, 25MB/41MB, paused 408us total 57.692ms
08-05 16:16:54.906 22094 22338 I art     : Starting a blocking GC Explicit
08-05 16:16:54.952 22094 22338 I art     : Explicit concurrent mark sweep GC freed 20(704B) AllocSpace objects, 0(0B) LOS objects, 38% free, 25MB/41MB, paused 376us total 45.918ms
08-05 16:16:54.970 22094 22338 I art     : Starting a blocking GC Explicit
08-05 16:16:55.014 22094 22338 I art     : Explicit concurrent mark sweep GC freed 3(96B) AllocSpace objects, 0(0B) LOS objects, 38% free, 25MB/41MB, paused 360us total 43.821ms
08-05 16:16:55.032 22094 22338 I art     : Starting a blocking GC Explicit
08-05 16:16:55.077 22094 22338 I art     : Explicit concurrent mark sweep GC freed 3(96B) AllocSpace objects, 0(0B) LOS objects, 38% free, 25MB/41MB, paused 368us total 44.513ms
08-05 16:16:55.095 22094 22338 I art     : Starting a blocking GC Explicit
08-05 16:16:55.140 22094 22338 I art     : Explicit concurrent mark sweep GC freed 3(96B) AllocSpace objects, 0(0B) LOS objects, 38% free, 25MB/41MB, paused 405us total 44.775ms
08-05 16:16:55.446   918  1210 D NetlinkSocketObserver: NeighborEvent{elapsedMs=1790819321, 192.168.2.254, [7C3953A63323], RTM_NEWNEIGH, NUD_STALE}
08-05 16:16:55.483 22094 22122 I art     : Starting a blocking GC Explicit
08-05 16:16:55.536 22094 22122 I art     : Explicit concurrent mark sweep GC freed 1343(80KB) AllocSpace objects, 1(20KB) LOS objects, 38% free, 25MB/41MB, paused 395us total 52.111ms
08-05 16:16:55.556 22094 22122 I art     : Starting a blocking GC Explicit
08-05 16:16:55.601 22094 22122 I art     : Explicit concurrent mark sweep GC freed 20(704B) AllocSpace objects, 0(0B) LOS objects, 38% free, 25MB/41MB, paused 348us total 43.911ms
08-05 16:16:55.618 22094 22122 I art     : Starting a blocking GC Explicit
08-05 16:16:55.664 22094 22122 I art     : Explicit concurrent mark sweep GC freed 3(96B) AllocSpace objects, 0(0B) LOS objects, 38% free, 25MB/41MB, paused 355us total 45.208ms
08-05 16:16:55.682 22094 22122 I art     : Starting a blocking GC Explicit
08-05 16:16:55.726 22094 22122 I art     : Explicit concurrent mark sweep GC freed 3(96B) AllocSpace objects, 0(0B) LOS objects, 38% free, 25MB/41MB, paused 372us total 43.812ms
08-05 16:16:55.744 22094 22122 I art     : Starting a blocking GC Explicit
08-05 16:16:55.788 22094 22122 I art     : Explicit concurrent mark sweep GC freed 3(96B) AllocSpace objects, 0(0B) LOS objects, 38% free, 25MB/41MB, paused 382us total 44.141ms
08-05 16:16:56.123 22094 22106 I art     : Starting a blocking GC Explicit
08-05 16:16:56.179 22094 22106 I art     : Explicit concurrent mark sweep GC freed 1343(80KB) AllocSpace objects, 1(20KB) LOS objects, 38% free, 25MB/41MB, paused 442us total 55.837ms
08-05 16:16:56.199 22094 22106 I art     : Starting a blocking GC Explicit
08-05 16:16:56.244 22094 22106 I art     : Explicit concurrent mark sweep GC freed 20(704B) AllocSpace objects, 0(0B) LOS objects, 38% free, 25MB/41MB, paused 368us total 45.013ms
08-05 16:16:56.262 22094 22106 I art     : Starting a blocking GC Explicit
08-05 16:16:56.274   518   646 I ThermalEngine: ACTION: GPU - Setting GPU[0] to 510000000
08-05 16:16:56.305 22094 22106 I art     : Explicit concurrent mark sweep GC freed 3(96B) AllocSpace objects, 0(0B) LOS objects, 38% free, 25MB/41MB, paused 346us total 42.983ms
08-05 16:16:56.322 22094 22106 I art     : Starting a blocking GC Explicit
08-05 16:16:56.356 22094 22106 I art     : Explicit concurrent mark sweep GC freed 3(96B) AllocSpace objects, 0(0B) LOS objects, 38% free, 25MB/41MB, paused 265us total 34.660ms
08-05 16:16:56.370 22094 22106 I art     : Starting a blocking GC Explicit
08-05 16:16:56.404 22094 22106 I art     : Explicit concurrent mark sweep GC freed 3(96B) AllocSpace objects, 0(0B) LOS objects, 38% free, 25MB/41MB, paused 278us total 33.877ms
08-05 16:16:56.675 22094 22105 I art     : Starting a blocking GC Explicit
08-05 16:16:56.709 22094 22105 I art     : Explicit concurrent mark sweep GC freed 1347(80KB) AllocSpace objects, 1(20KB) LOS objects, 38% free, 25MB/41MB, paused 294us total 33.386ms
08-05 16:16:56.722 22094 22105 I art     : Starting a blocking GC Explicit
08-05 16:16:56.755 22094 22105 I art     : Explicit concurrent mark sweep GC freed 20(704B) AllocSpace objects, 0(0B) LOS objects, 38% free, 25MB/41MB, paused 275us total 33.131ms
08-05 16:16:56.769 22094 22105 I art     : Starting a blocking GC Explicit
08-05 16:16:56.802 22094 22105 I art     : Explicit concurrent mark sweep GC freed 3(96B) AllocSpace objects, 0(0B) LOS objects, 38% free, 25MB/41MB, paused 271us total 32.691ms
08-05 16:16:56.815 22094 22105 I art     : Starting a blocking GC Explicit
08-05 16:16:56.847 22094 22105 I art     : Explicit concurrent mark sweep GC freed 3(96B) AllocSpace objects, 0(0B) LOS objects, 38% free, 25MB/41MB, paused 293us total 31.810ms
08-05 16:16:56.861 22094 22105 I art     : Starting a blocking GC Explicit
08-05 16:16:56.893 22094 22105 I art     : Explicit concurrent mark sweep GC freed 3(96B) AllocSpace objects, 0(0B) LOS objects, 38% free, 25MB/41MB, paused 271us total 32.465ms
08-05 16:16:56.940 23677 23677 D AndroidRuntime: >>>>>> START com.android.internal.os.RuntimeInit uid 2000 <<<<<<
08-05 16:16:56.945 23677 23677 D AndroidRuntime: CheckJNI is OFF
08-05 16:16:56.978 23677 23677 D ICU     : No timezone override file found: /data/misc/zoneinfo/current/icu/icu_tzdata.dat
08-05 16:16:57.011 23677 23677 I Radio-JNI: register_android_hardware_Radio DONE
08-05 16:16:57.033 23677 23677 D AndroidRuntime: Calling main entry com.android.commands.input.Input
08-05 16:16:57.035 23677 23677 I Input   : injectMotionEvent: MotionEvent { action=ACTION_DOWN, actionButton=0, id[0]=0, x[0]=600.0, y[0]=700.0, toolType[0]=TOOL_TYPE_UNKNOWN, buttonState=0, metaState=0, flags=0x0, edgeFlags=0x0, pointerCount=1, historySize=0, eventTime=807433448, downTime=807433448, deviceId=0, source=0x1002 }
08-05 16:16:57.041 23677 23677 I Input   : injectMotionEvent: MotionEvent { action=ACTION_UP, actionButton=0, id[0]=0, x[0]=600.0, y[0]=700.0, toolType[0]=TOOL_TYPE_UNKNOWN, buttonState=0, metaState=0, flags=0x0, edgeFlags=0x0, pointerCount=1, historySize=0, eventTime=807433448, downTime=807433448, deviceId=0, source=0x1002 }
08-05 16:16:57.045 23677 23677 D AndroidRuntime: Shutting down VM
08-05 16:16:57.055   918  3359 I ActivityManager: START u0 {dat=https://oauth.reddit.com/... cmp=baseline.org.quantumbadger.redreader/.activities.CommentListingActivity} from uid 10689 on display 0
08-05 16:16:57.055   512  2967 D audio_hw_primary: out_set_parameters: enter: usecase(1: low-latency-playback) kvpairs: routing=2
08-05 16:16:57.068   512  2967 D audio_hw_primary: select_devices: out_snd_device(2: speaker) in_snd_device(0: none)
08-05 16:16:57.068   512  2967 D msm8974_platform: platform_send_audio_calibration: sending audio calibration for snd_device(2) acdb_id(15)
08-05 16:16:57.068   512  2967 I soundtrigger: audio_extn_sound_trigger_update_device_status: device 0x2 of type 0 for Event 1
08-05 16:16:57.074 22094 22094 I AppCompatViewInflater: app:theme is now deprecated. Please move to using android:theme instead.
08-05 16:16:57.078   512  2967 D audio_hw_primary: enable_snd_device: snd_device(2: speaker)
08-05 16:16:57.081   512  2967 D audio_hw_primary: enable_audio_route: apply and update mixer path: low-latency-playback speaker
08-05 16:16:57.091 22094 22684 I CommentListingActivity: COMMENTS session changed to ee9496a0-66dd-4f12-bd51-1f38ae374f63
08-05 16:16:57.160 22094 22122 I art     : Starting a blocking GC Explicit
08-05 16:16:57.166   918   936 I ActivityManager: Displayed baseline.org.quantumbadger.redreader/.activities.CommentListingActivity: +105ms
08-05 16:16:57.166 13866 13866 I GoogleInputMethodServic: GoogleInputMethodService.onFinishInput():3138 
08-05 16:16:57.167 13866 13866 I GoogleInputMethodServic: GoogleInputMethodService.onStartInput():1808 
08-05 16:16:57.224 22094 22122 I art     : Explicit concurrent mark sweep GC freed 27422(1829KB) AllocSpace objects, 3(56KB) LOS objects, 35% free, 28MB/44MB, paused 1.260ms total 63.010ms
08-05 16:16:57.240 22094 22122 I art     : Starting a blocking GC Explicit
08-05 16:16:57.288 22094 22122 I art     : Explicit concurrent mark sweep GC freed 12259(853KB) AllocSpace objects, 1(16KB) LOS objects, 35% free, 29MB/45MB, paused 447us total 47.301ms
08-05 16:16:57.303 22094 22122 I art     : Starting a blocking GC Explicit
08-05 16:16:57.349 22094 22122 I art     : Explicit concurrent mark sweep GC freed 6769(489KB) AllocSpace objects, 0(0B) LOS objects, 35% free, 29MB/45MB, paused 295us total 45.643ms
08-05 16:16:57.364 22094 22122 I art     : Starting a blocking GC Explicit
08-05 16:16:57.407 22094 22122 I art     : Explicit concurrent mark sweep GC freed 19202(850KB) AllocSpace objects, 0(0B) LOS objects, 36% free, 28MB/44MB, paused 240us total 42.159ms
08-05 16:16:57.421 22094 22122 I art     : Starting a blocking GC Explicit
08-05 16:16:57.427   380   380 W SurfaceFlinger: couldn't log to binary event log: overflow.
08-05 16:16:57.461 22094 22122 I art     : Explicit concurrent mark sweep GC freed 9(448B) AllocSpace objects, 0(0B) LOS objects, 36% free, 28MB/44MB, paused 230us total 39.653ms
08-05 16:16:57.461 22094 22104 I art     : WaitForGcToComplete blocked for 14.376ms for cause HeapTrim
08-05 16:16:57.619   512  2967 D audio_hw_primary: disable_audio_route: reset and update mixer path: low-latency-playback speaker
08-05 16:16:57.620   512  2967 D audio_hw_primary: disable_snd_device: snd_device(2: speaker)
08-05 16:16:57.628   512  2967 I soundtrigger: audio_extn_sound_trigger_update_device_status: device 0x2 of type 0 for Event 0
08-05 16:16:57.749 22094 22106 I art     : Starting a blocking GC Explicit
08-05 16:16:57.760 22094 23614 I RedditChangeDataIO: Writing tmp data file at '/data/user/0/baseline.org.quantumbadger.redreader/files/rr_change_data_tmp.dat'
08-05 16:16:57.760 22094 23614 I RedditChangeDataManager: Taking snapshot...
08-05 16:16:57.760 22094 23614 I RedditChangeDataManager: Writing to stream...
08-05 16:16:57.760 22094 23614 I RedditChangeDataManager: Wrote 3 entries for user ''
08-05 16:16:57.760 22094 23614 I RedditChangeDataManager: All entries written to stream.
08-05 16:16:57.760 22094 23614 I RedditChangeDataIO: Write successful. Atomically replacing data file...
08-05 16:16:57.761 22094 23614 I RedditChangeDataIO: Write complete.
08-05 16:16:57.761 22094 23614 I RedditChangeDataIO: 86 bytes written in 1 ms
08-05 16:16:57.791 22094 22106 I art     : Explicit concurrent mark sweep GC freed 1570(90KB) AllocSpace objects, 2(88KB) LOS objects, 36% free, 28MB/44MB, paused 235us total 41.646ms
08-05 16:16:57.806 22094 22106 I art     : Starting a blocking GC Explicit
08-05 16:16:57.851 22094 22106 I art     : Explicit concurrent mark sweep GC freed 45(2032B) AllocSpace objects, 0(0B) LOS objects, 36% free, 28MB/44MB, paused 237us total 44.490ms
08-05 16:16:57.866 22094 22106 I art     : Starting a blocking GC Explicit
08-05 16:16:57.911 22094 22106 I art     : Explicit concurrent mark sweep GC freed 3(96B) AllocSpace objects, 0(0B) LOS objects, 36% free, 28MB/44MB, paused 341us total 44.449ms
08-05 16:16:57.927 22094 22106 I art     : Starting a blocking GC Explicit
08-05 16:16:57.973 22094 22106 I art     : Explicit concurrent mark sweep GC freed 3(96B) AllocSpace objects, 0(0B) LOS objects, 36% free, 28MB/44MB, paused 244us total 45.457ms
08-05 16:16:57.988 22094 22106 I art     : Starting a blocking GC Explicit
08-05 16:16:58.030 22094 22106 I art     : Explicit concurrent mark sweep GC freed 3(96B) AllocSpace objects, 0(0B) LOS objects, 36% free, 28MB/44MB, paused 261us total 41.220ms
08-05 16:16:58.320 22094 22106 I art     : Starting a blocking GC Explicit
08-05 16:16:58.379 22094 22106 I art     : Explicit concurrent mark sweep GC freed 1343(80KB) AllocSpace objects, 1(20KB) LOS objects, 36% free, 28MB/44MB, paused 291us total 59.394ms
08-05 16:16:58.395 22094 22106 I art     : Starting a blocking GC Explicit
08-05 16:16:58.442 22094 22106 I art     : Explicit concurrent mark sweep GC freed 66(2528B) AllocSpace objects, 0(0B) LOS objects, 36% free, 28MB/44MB, paused 247us total 46.837ms
08-05 16:16:58.457 22094 22106 I art     : Starting a blocking GC Explicit
08-05 16:16:58.505 22094 22106 I art     : Explicit concurrent mark sweep GC freed 3(96B) AllocSpace objects, 0(0B) LOS objects, 36% free, 28MB/44MB, paused 243us total 46.915ms
08-05 16:16:58.520 22094 22106 I art     : Starting a blocking GC Explicit
08-05 16:16:58.568 22094 22106 I art     : Explicit concurrent mark sweep GC freed 3(96B) AllocSpace objects, 0(0B) LOS objects, 36% free, 28MB/44MB, paused 245us total 47.463ms
08-05 16:16:58.584 22094 22106 I art     : Starting a blocking GC Explicit
08-05 16:16:58.629 22094 22106 I art     : Explicit concurrent mark sweep GC freed 3(96B) AllocSpace objects, 0(0B) LOS objects, 36% free, 28MB/44MB, paused 215us total 45.250ms
08-05 16:16:58.955 22094 22338 I art     : Starting a blocking GC Explicit
08-05 16:16:59.014 22094 22338 I art     : Explicit concurrent mark sweep GC freed 1343(80KB) AllocSpace objects, 1(20KB) LOS objects, 36% free, 28MB/44MB, paused 269us total 59.285ms
08-05 16:16:59.035 22094 22338 I art     : Starting a blocking GC Explicit
08-05 16:16:59.087 22094 22338 I art     : Explicit concurrent mark sweep GC freed 20(704B) AllocSpace objects, 0(0B) LOS objects, 36% free, 28MB/44MB, paused 250us total 51.381ms
08-05 16:16:59.102 22094 22338 I art     : Starting a blocking GC Explicit
08-05 16:16:59.150 22094 22338 I art     : Explicit concurrent mark sweep GC freed 3(96B) AllocSpace objects, 0(0B) LOS objects, 36% free, 28MB/44MB, paused 250us total 47.372ms
08-05 16:16:59.165 22094 22338 I art     : Starting a blocking GC Explicit
08-05 16:16:59.213 22094 22338 I art     : Explicit concurrent mark sweep GC freed 3(96B) AllocSpace objects, 0(0B) LOS objects, 36% free, 28MB/44MB, paused 246us total 47.197ms
08-05 16:16:59.229 22094 22338 I art     : Starting a blocking GC Explicit
08-05 16:16:59.276 22094 22338 I art     : Explicit concurrent mark sweep GC freed 3(96B) AllocSpace objects, 0(0B) LOS objects, 36% free, 28MB/44MB, paused 250us total 47.036ms
08-05 16:16:59.278   518   646 I ThermalEngine: ACTION: GPU - Setting GPU[0] to 450000000
08-05 16:16:59.632 22094 22122 I art     : Starting a blocking GC Explicit
08-05 16:16:59.708 22094 22122 I art     : Explicit concurrent mark sweep GC freed 1343(80KB) AllocSpace objects, 1(20KB) LOS objects, 36% free, 28MB/44MB, paused 439us total 75.781ms
08-05 16:16:59.731 22094 22122 I art     : Starting a blocking GC Explicit
08-05 16:16:59.797 22094 22122 I art     : Explicit concurrent mark sweep GC freed 20(704B) AllocSpace objects, 0(0B) LOS objects, 36% free, 28MB/44MB, paused 373us total 65.636ms
08-05 16:16:59.820 22094 22122 I art     : Starting a blocking GC Explicit
08-05 16:16:59.883 22094 22122 I art     : Explicit concurrent mark sweep GC freed 3(96B) AllocSpace objects, 0(0B) LOS objects, 36% free, 28MB/44MB, paused 301us total 63.422ms
08-05 16:16:59.904 22094 22122 I art     : Starting a blocking GC Explicit
08-05 16:16:59.971 22094 22122 I art     : Explicit concurrent mark sweep GC freed 3(96B) AllocSpace objects, 0(0B) LOS objects, 36% free, 28MB/44MB, paused 357us total 66.790ms
08-05 16:16:59.994 22094 22122 I art     : Starting a blocking GC Explicit
08-05 16:17:00.052 22094 22122 I art     : Explicit concurrent mark sweep GC freed 3(96B) AllocSpace objects, 0(0B) LOS objects, 36% free, 28MB/44MB, paused 326us total 57.486ms
08-05 16:17:00.389 22094 22405 I art     : Starting a blocking GC Explicit
08-05 16:17:00.463 22094 22405 I art     : Explicit concurrent mark sweep GC freed 1343(80KB) AllocSpace objects, 1(20KB) LOS objects, 36% free, 28MB/44MB, paused 362us total 73.608ms
08-05 16:17:00.486 22094 22405 I art     : Starting a blocking GC Explicit
08-05 16:17:00.549 22094 22405 I art     : Explicit concurrent mark sweep GC freed 20(704B) AllocSpace objects, 0(0B) LOS objects, 36% free, 28MB/44MB, paused 341us total 62.976ms
08-05 16:17:00.570 22094 22405 I art     : Starting a blocking GC Explicit
08-05 16:17:00.635 22094 22405 I art     : Explicit concurrent mark sweep GC freed 3(96B) AllocSpace objects, 0(0B) LOS objects, 36% free, 28MB/44MB, paused 362us total 64.875ms
08-05 16:17:00.658 22094 22405 I art     : Starting a blocking GC Explicit
08-05 16:17:00.726 22094 22405 I art     : Explicit concurrent mark sweep GC freed 3(96B) AllocSpace objects, 0(0B) LOS objects, 36% free, 28MB/44MB, paused 345us total 67.317ms
08-05 16:17:00.749 22094 22405 I art     : Starting a blocking GC Explicit
08-05 16:17:00.813 22094 22405 I art     : Explicit concurrent mark sweep GC freed 3(96B) AllocSpace objects, 0(0B) LOS objects, 36% free, 28MB/44MB, paused 332us total 63.517ms
08-05 16:17:01.168 22094 22105 I art     : Starting a blocking GC Explicit
08-05 16:17:01.244 22094 22105 I art     : Explicit concurrent mark sweep GC freed 1343(80KB) AllocSpace objects, 1(20KB) LOS objects, 36% free, 28MB/44MB, paused 345us total 75.856ms
08-05 16:17:01.267 22094 22105 I art     : Starting a blocking GC Explicit
08-05 16:17:01.283   518   646 I ThermalEngine: ACTION: GPU - Setting GPU[0] to 510000000
08-05 16:17:01.325 22094 22105 I art     : Explicit concurrent mark sweep GC freed 20(704B) AllocSpace objects, 0(0B) LOS objects, 36% free, 28MB/44MB, paused 255us total 57.109ms
08-05 16:17:01.341 22094 22105 I art     : Starting a blocking GC Explicit
08-05 16:17:01.384 22094 22105 I art     : Explicit concurrent mark sweep GC freed 3(96B) AllocSpace objects, 0(0B) LOS objects, 36% free, 28MB/44MB, paused 253us total 42.760ms
08-05 16:17:01.399 22094 22105 I art     : Starting a blocking GC Explicit
08-05 16:17:01.444 22094 22105 I art     : Explicit concurrent mark sweep GC freed 3(96B) AllocSpace objects, 0(0B) LOS objects, 36% free, 28MB/44MB, paused 247us total 44.594ms
08-05 16:17:01.459 22094 22105 I art     : Starting a blocking GC Explicit
08-05 16:17:01.503 22094 22105 I art     : Explicit concurrent mark sweep GC freed 3(96B) AllocSpace objects, 0(0B) LOS objects, 36% free, 28MB/44MB, paused 238us total 43.903ms
08-05 16:17:01.734 23771 23771 D AndroidRuntime: >>>>>> START com.android.internal.os.RuntimeInit uid 2000 <<<<<<
08-05 16:17:01.739 23771 23771 D AndroidRuntime: CheckJNI is OFF
08-05 16:17:01.772 23771 23771 D ICU     : No timezone override file found: /data/misc/zoneinfo/current/icu/icu_tzdata.dat
08-05 16:17:01.805 23771 23771 I Radio-JNI: register_android_hardware_Radio DONE
08-05 16:17:01.823 22094 22106 I art     : Starting a blocking GC Explicit
08-05 16:17:01.827 23771 23771 D AndroidRuntime: Calling main entry com.android.commands.input.Input
08-05 16:17:01.829 23771 23771 I Input   : injectKeyEvent: KeyEvent { action=ACTION_DOWN, keyCode=KEYCODE_BACK, scanCode=0, metaState=0, flags=0x0, repeatCount=0, eventTime=807438241, downTime=807438241, deviceId=-1, source=0x101 }
08-05 16:17:01.833 23771 23771 I Input   : injectKeyEvent: KeyEvent { action=ACTION_UP, keyCode=KEYCODE_BACK, scanCode=0, metaState=0, flags=0x0, repeatCount=0, eventTime=807438241, downTime=807438241, deviceId=-1, source=0x101 }
08-05 16:17:01.840 23771 23771 D AndroidRuntime: Shutting down VM
08-05 16:17:01.869 22094 22106 I art     : Explicit concurrent mark sweep GC freed 1469(85KB) AllocSpace objects, 1(20KB) LOS objects, 36% free, 28MB/44MB, paused 232us total 45.998ms
08-05 16:17:01.879 13866 13866 I GoogleInputMethodServic: GoogleInputMethodService.onFinishInput():3138 
08-05 16:17:01.879 13866 13866 I GoogleInputMethodServic: GoogleInputMethodService.onStartInput():1808 
08-05 16:17:01.883 22094 22106 I art     : Starting a blocking GC Explicit
08-05 16:17:01.926 22094 22106 I art     : Explicit concurrent mark sweep GC freed 137(4KB) AllocSpace objects, 0(0B) LOS objects, 36% free, 28MB/44MB, paused 337us total 42.615ms
08-05 16:17:01.941 22094 22106 I art     : Starting a blocking GC Explicit
08-05 16:17:01.979 22094 22106 I art     : Explicit concurrent mark sweep GC freed 9(336B) AllocSpace objects, 0(0B) LOS objects, 36% free, 28MB/44MB, paused 228us total 37.851ms
08-05 16:17:01.994 22094 22106 I art     : Starting a blocking GC Explicit
08-05 16:17:02.043 22094 22106 I art     : Explicit concurrent mark sweep GC freed 3(96B) AllocSpace objects, 0(0B) LOS objects, 36% free, 28MB/44MB, paused 223us total 48.101ms
08-05 16:17:02.060 22094 22106 I art     : Starting a blocking GC Explicit
08-05 16:17:02.117 22094 22106 I art     : Explicit concurrent mark sweep GC freed 3(96B) AllocSpace objects, 0(0B) LOS objects, 36% free, 28MB/44MB, paused 217us total 55.909ms
08-05 16:17:02.198   380   380 W SurfaceFlinger: couldn't log to binary event log: overflow.
08-05 16:17:02.378 22094 22106 I art     : Starting a blocking GC Explicit
08-05 16:17:02.431 22094 22106 I art     : Explicit concurrent mark sweep GC freed 1404(82KB) AllocSpace objects, 1(20KB) LOS objects, 36% free, 28MB/44MB, paused 293us total 53.175ms
08-05 16:17:02.451 22094 22106 I art     : Starting a blocking GC Explicit
08-05 16:17:02.489 22094 22106 I art     : Explicit concurrent mark sweep GC freed 46779(2MB) AllocSpace objects, 5(140KB) LOS objects, 38% free, 25MB/41MB, paused 227us total 37.751ms
08-05 16:17:02.503 22094 22106 I art     : Starting a blocking GC Explicit
08-05 16:17:02.537 22094 22106 I art     : Explicit concurrent mark sweep GC freed 3(96B) AllocSpace objects, 0(0B) LOS objects, 38% free, 25MB/41MB, paused 243us total 33.826ms
08-05 16:17:02.550 22094 22106 I art     : Starting a blocking GC Explicit
08-05 16:17:02.583 22094 22106 I art     : Explicit concurrent mark sweep GC freed 3(96B) AllocSpace objects, 0(0B) LOS objects, 38% free, 25MB/41MB, paused 244us total 32.759ms
08-05 16:17:02.597 22094 22106 I art     : Starting a blocking GC Explicit
08-05 16:17:02.630 22094 22106 I art     : Explicit concurrent mark sweep GC freed 3(96B) AllocSpace objects, 0(0B) LOS objects, 38% free, 25MB/41MB, paused 237us total 32.995ms
08-05 16:17:02.910 22094 22405 I art     : Starting a blocking GC Explicit
08-05 16:17:02.950 22094 22405 I art     : Explicit concurrent mark sweep GC freed 1343(80KB) AllocSpace objects, 1(20KB) LOS objects, 38% free, 25MB/41MB, paused 258us total 39.199ms
08-05 16:17:02.966 22094 22405 I art     : Starting a blocking GC Explicit
08-05 16:17:03.000 22094 22405 I art     : Explicit concurrent mark sweep GC freed 20(704B) AllocSpace objects, 0(0B) LOS objects, 38% free, 25MB/41MB, paused 261us total 33.601ms
08-05 16:17:03.014 22094 22405 I art     : Starting a blocking GC Explicit
08-05 16:17:03.048 22094 22405 I art     : Explicit concurrent mark sweep GC freed 3(96B) AllocSpace objects, 0(0B) LOS objects, 38% free, 25MB/41MB, paused 250us total 33.829ms
08-05 16:17:03.061 22094 22405 I art     : Starting a blocking GC Explicit
08-05 16:17:03.094 22094 22405 I art     : Explicit concurrent mark sweep GC freed 3(96B) AllocSpace objects, 0(0B) LOS objects, 38% free, 25MB/41MB, paused 217us total 31.925ms
08-05 16:17:03.107 22094 22405 I art     : Starting a blocking GC Explicit
08-05 16:17:03.137 22094 22405 I art     : Explicit concurrent mark sweep GC freed 3(96B) AllocSpace objects, 0(0B) LOS objects, 38% free, 25MB/41MB, paused 275us total 29.695ms
08-05 16:17:03.409 22094 22122 I art     : Starting a blocking GC Explicit
08-05 16:17:03.448 22094 22122 I art     : Explicit concurrent mark sweep GC freed 1343(80KB) AllocSpace objects, 1(20KB) LOS objects, 38% free, 25MB/41MB, paused 263us total 38.491ms
08-05 16:17:03.461 22094 22122 I art     : Starting a blocking GC Explicit
08-05 16:17:03.494 22094 22122 I art     : Explicit concurrent mark sweep GC freed 20(704B) AllocSpace objects, 0(0B) LOS objects, 38% free, 25MB/41MB, paused 259us total 31.878ms
08-05 16:17:03.501 23815 23815 D AndroidRuntime: >>>>>> START com.android.internal.os.RuntimeInit uid 2000 <<<<<<
08-05 16:17:03.506 23815 23815 D AndroidRuntime: CheckJNI is OFF
08-05 16:17:03.507 22094 22122 I art     : Starting a blocking GC Explicit
08-05 16:17:03.539 22094 22122 I art     : Explicit concurrent mark sweep GC freed 3(96B) AllocSpace objects, 0(0B) LOS objects, 38% free, 25MB/41MB, paused 235us total 31.360ms
08-05 16:17:03.540 23815 23815 D ICU     : No timezone override file found: /data/misc/zoneinfo/current/icu/icu_tzdata.dat
08-05 16:17:03.552 22094 22122 I art     : Starting a blocking GC Explicit
08-05 16:17:03.574 23815 23815 I Radio-JNI: register_android_hardware_Radio DONE
08-05 16:17:03.583 22094 22122 I art     : Explicit concurrent mark sweep GC freed 3(96B) AllocSpace objects, 0(0B) LOS objects, 38% free, 25MB/41MB, paused 245us total 31.554ms
08-05 16:17:03.596 22094 22122 I art     : Starting a blocking GC Explicit
08-05 16:17:03.597 23815 23815 D AndroidRuntime: Calling main entry com.android.commands.input.Input
08-05 16:17:03.598 23815 23815 I Input   : injectKeyEvent: KeyEvent { action=ACTION_DOWN, keyCode=KEYCODE_BACK, scanCode=0, metaState=0, flags=0x0, repeatCount=0, eventTime=807440011, downTime=807440011, deviceId=-1, source=0x101 }
08-05 16:17:03.604 23815 23815 I Input   : injectKeyEvent: KeyEvent { action=ACTION_UP, keyCode=KEYCODE_BACK, scanCode=0, metaState=0, flags=0x0, repeatCount=0, eventTime=807440011, downTime=807440011, deviceId=-1, source=0x101 }
08-05 16:17:03.609 23815 23815 D AndroidRuntime: Shutting down VM
08-05 16:17:03.627 22094 22122 I art     : Explicit concurrent mark sweep GC freed 106(3KB) AllocSpace objects, 0(0B) LOS objects, 38% free, 25MB/41MB, paused 293us total 30.224ms
08-05 16:17:03.644 13866 13866 I GoogleInputMethodServic: GoogleInputMethodService.onFinishInput():3138 
08-05 16:17:03.644 13866 13866 I GoogleInputMethodServic: GoogleInputMethodService.onStartInput():1808 
08-05 16:17:03.904 22094 22122 I art     : Starting a blocking GC Explicit
08-05 16:17:03.942 22094 22122 I art     : Explicit concurrent mark sweep GC freed 1452(84KB) AllocSpace objects, 1(20KB) LOS objects, 38% free, 25MB/41MB, paused 243us total 36.968ms
08-05 16:17:03.956 22094 22122 I art     : Starting a blocking GC Explicit
08-05 16:17:03.986 22094 22122 I art     : Explicit concurrent mark sweep GC freed 44(1760B) AllocSpace objects, 0(0B) LOS objects, 38% free, 25MB/41MB, paused 247us total 29.861ms
08-05 16:17:03.999 22094 22122 I art     : Starting a blocking GC Explicit
08-05 16:17:04.031 22094 22122 I art     : Explicit concurrent mark sweep GC freed 133(6KB) AllocSpace objects, 0(0B) LOS objects, 38% free, 25MB/41MB, paused 268us total 31.810ms
08-05 16:17:04.044 22094 22122 I art     : Starting a blocking GC Explicit
08-05 16:17:04.078 22094 22122 I art     : Explicit concurrent mark sweep GC freed 3(96B) AllocSpace objects, 0(0B) LOS objects, 38% free, 25MB/41MB, paused 279us total 33.354ms
08-05 16:17:04.091 22094 22122 I art     : Starting a blocking GC Explicit
08-05 16:17:04.125 22094 22122 I art     : Explicit concurrent mark sweep GC freed 3(96B) AllocSpace objects, 0(0B) LOS objects, 38% free, 25MB/41MB, paused 259us total 34.181ms
08-05 16:17:04.427 22094 22105 I art     : Starting a blocking GC Explicit
08-05 16:17:04.471 22094 22105 I art     : Explicit concurrent mark sweep GC freed 1343(80KB) AllocSpace objects, 1(20KB) LOS objects, 38% free, 25MB/41MB, paused 324us total 43.505ms
08-05 16:17:04.487 22094 22105 I art     : Starting a blocking GC Explicit
08-05 16:17:04.522 22094 22105 I art     : Explicit concurrent mark sweep GC freed 20(704B) AllocSpace objects, 0(0B) LOS objects, 38% free, 25MB/41MB, paused 259us total 34.744ms
08-05 16:17:04.536 22094 22105 I art     : Starting a blocking GC Explicit
08-05 16:17:04.570 22094 22105 I art     : Explicit concurrent mark sweep GC freed 3(96B) AllocSpace objects, 0(0B) LOS objects, 38% free, 25MB/41MB, paused 253us total 34.362ms
08-05 16:17:04.584 22094 22105 I art     : Starting a blocking GC Explicit
08-05 16:17:04.618 22094 22105 I art     : Explicit concurrent mark sweep GC freed 3(96B) AllocSpace objects, 0(0B) LOS objects, 38% free, 25MB/41MB, paused 235us total 33.958ms
08-05 16:17:04.631 22094 22105 I art     : Starting a blocking GC Explicit
08-05 16:17:04.665 22094 22105 I art     : Explicit concurrent mark sweep GC freed 3(96B) AllocSpace objects, 0(0B) LOS objects, 38% free, 25MB/41MB, paused 261us total 33.746ms
08-05 16:17:04.944 22094 22405 I art     : Starting a blocking GC Explicit
08-05 16:17:04.972   918  3188 I hubconnection: sensorhub said: 'set_bias 3: -6.0096, 0.0000, 0.0000'
08-05 16:17:04.979 22094 22405 I art     : Explicit concurrent mark sweep GC freed 1343(80KB) AllocSpace objects, 1(20KB) LOS objects, 38% free, 25MB/41MB, paused 271us total 34.189ms
08-05 16:17:04.992 22094 22405 I art     : Starting a blocking GC Explicit
08-05 16:17:05.025 22094 22405 I art     : Explicit concurrent mark sweep GC freed 20(704B) AllocSpace objects, 0(0B) LOS objects, 38% free, 25MB/41MB, paused 259us total 32.936ms
08-05 16:17:05.038 22094 22405 I art     : Starting a blocking GC Explicit
08-05 16:17:05.070 22094 22405 I art     : Explicit concurrent mark sweep GC freed 3(96B) AllocSpace objects, 0(0B) LOS objects, 38% free, 25MB/41MB, paused 263us total 31.926ms
08-05 16:17:05.083 22094 22405 I art     : Starting a blocking GC Explicit
08-05 16:17:05.115 22094 22405 I art     : Explicit concurrent mark sweep GC freed 3(96B) AllocSpace objects, 0(0B) LOS objects, 38% free, 25MB/41MB, paused 270us total 31.834ms
08-05 16:17:05.128 22094 22405 I art     : Starting a blocking GC Explicit
08-05 16:17:05.161 22094 22405 I art     : Explicit concurrent mark sweep GC freed 3(96B) AllocSpace objects, 0(0B) LOS objects, 38% free, 25MB/41MB, paused 247us total 31.995ms
08-05 16:17:05.286 23860 23860 D AndroidRuntime: >>>>>> START com.android.internal.os.RuntimeInit uid 2000 <<<<<<
08-05 16:17:05.293 23860 23860 D AndroidRuntime: CheckJNI is OFF
08-05 16:17:05.330 23860 23860 D ICU     : No timezone override file found: /data/misc/zoneinfo/current/icu/icu_tzdata.dat
08-05 16:17:05.362 23860 23860 I Radio-JNI: register_android_hardware_Radio DONE
08-05 16:17:05.383 23860 23860 D AndroidRuntime: Calling main entry com.android.commands.input.Input
08-05 16:17:05.385 23860 23860 I Input   : injectMotionEvent: MotionEvent { action=ACTION_DOWN, actionButton=0, id[0]=0, x[0]=600.0, y[0]=1000.0, toolType[0]=TOOL_TYPE_UNKNOWN, buttonState=0, metaState=0, flags=0x0, edgeFlags=0x0, pointerCount=1, historySize=0, eventTime=807441798, downTime=807441798, deviceId=0, source=0x1002 }
08-05 16:17:05.390 23860 23860 I Input   : injectMotionEvent: MotionEvent { action=ACTION_UP, actionButton=0, id[0]=0, x[0]=600.0, y[0]=1000.0, toolType[0]=TOOL_TYPE_UNKNOWN, buttonState=0, metaState=0, flags=0x0, edgeFlags=0x0, pointerCount=1, historySize=0, eventTime=807441798, downTime=807441798, deviceId=0, source=0x1002 }
08-05 16:17:05.391 23860 23860 D AndroidRuntime: Shutting down VM
08-05 16:17:05.403   918   929 I ActivityManager: START u0 {dat=https://oauth.reddit.com/... cmp=baseline.org.quantumbadger.redreader/.activities.PostListingActivity} from uid 10689 on display 0
08-05 16:17:05.404   512  2967 D audio_hw_primary: out_set_parameters: enter: usecase(1: low-latency-playback) kvpairs: routing=2
08-05 16:17:05.417   512  2967 D audio_hw_primary: select_devices: out_snd_device(2: speaker) in_snd_device(0: none)
08-05 16:17:05.417   512  2967 D msm8974_platform: platform_send_audio_calibration: sending audio calibration for snd_device(2) acdb_id(15)
08-05 16:17:05.417   512  2967 I soundtrigger: audio_extn_sound_trigger_update_device_status: device 0x2 of type 0 for Event 1
08-05 16:17:05.426 22094 22094 I AppCompatViewInflater: app:theme is now deprecated. Please move to using android:theme instead.
08-05 16:17:05.431   512  2967 D audio_hw_primary: enable_snd_device: snd_device(2: speaker)
08-05 16:17:05.433   512  2967 D audio_hw_primary: enable_audio_route: apply and update mixer path: low-latency-playback speaker
08-05 16:17:05.447 22094 23892 D OK      : calling: https://oauth.reddit.com/r/announcements/about.json
08-05 16:17:05.458 22094 22405 I art     : Starting a blocking GC Explicit
08-05 16:17:05.489 22094 22405 I art     : Explicit concurrent mark sweep GC freed 2253(157KB) AllocSpace objects, 1(20KB) LOS objects, 38% free, 25MB/41MB, paused 299us total 30.255ms
08-05 16:17:05.501 22094 22405 I art     : Starting a blocking GC Explicit
08-05 16:17:05.512   918   936 I ActivityManager: Displayed baseline.org.quantumbadger.redreader/.activities.PostListingActivity: +101ms
08-05 16:17:05.513 13866 13866 I GoogleInputMethodServic: GoogleInputMethodService.onFinishInput():3138 
08-05 16:17:05.513 13866 13866 I GoogleInputMethodServic: GoogleInputMethodService.onStartInput():1808 
08-05 16:17:05.534 22094 22405 I art     : Explicit concurrent mark sweep GC freed 998(41KB) AllocSpace objects, 0(0B) LOS objects, 38% free, 25MB/41MB, paused 317us total 32.635ms
08-05 16:17:05.549 22094 22405 I art     : Starting a blocking GC Explicit
08-05 16:17:05.578 22094 22405 I art     : Explicit concurrent mark sweep GC freed 210(12KB) AllocSpace objects, 0(0B) LOS objects, 38% free, 25MB/41MB, paused 276us total 28.615ms
08-05 16:17:05.591 22094 22405 I art     : Starting a blocking GC Explicit
08-05 16:17:05.625 22094 22405 I art     : Explicit concurrent mark sweep GC freed 236(39KB) AllocSpace objects, 0(0B) LOS objects, 38% free, 25MB/41MB, paused 287us total 33.615ms
08-05 16:17:05.637 22094 22405 I art     : Starting a blocking GC Explicit
08-05 16:17:05.674 22094 22405 I art     : Explicit concurrent mark sweep GC freed 1733(68KB) AllocSpace objects, 0(0B) LOS objects, 38% free, 25MB/41MB, paused 446us total 36.705ms
08-05 16:17:05.753   380   380 W SurfaceFlinger: couldn't log to binary event log: overflow.
08-05 16:17:05.833 22094 23892 I NAPPA_EXPERIMENTATION: MetricNetworkRequestExecutionTime: REQUEST_DURATION_SYSTEM='386',REQUEST_DURATION_OKHTTP='145',REQUEST_SYNCHRONOUS='TRUE',RESPONSE_CODE='200',RESPONSE_METHOD='GET',RESPONSE_LENGTH_OKHTTP='-1',RESPONSE_LENGTH_HEADER='1564',REQUEST_PROTOCOL='h2',REQUEST_URL='https://oauth.reddit.com/r/announcements/about.json',
08-05 16:17:05.833 22094 23892 D OK      : request got status: 200
08-05 16:17:05.919 22094 22106 I art     : Starting a blocking GC Explicit
08-05 16:17:05.955 22094 22106 I art     : Explicit concurrent mark sweep GC freed 3387(253KB) AllocSpace objects, 3(156KB) LOS objects, 38% free, 25MB/41MB, paused 290us total 35.901ms
08-05 16:17:05.969 22094 22106 I art     : Starting a blocking GC Explicit
08-05 16:17:05.971   512  2967 D audio_hw_primary: disable_audio_route: reset and update mixer path: low-latency-playback speaker
08-05 16:17:05.974   512  2967 D audio_hw_primary: disable_snd_device: snd_device(2: speaker)
08-05 16:17:05.981   512  2967 I soundtrigger: audio_extn_sound_trigger_update_device_status: device 0x2 of type 0 for Event 0
08-05 16:17:06.003 22094 22106 I art     : Explicit concurrent mark sweep GC freed 214(11KB) AllocSpace objects, 0(0B) LOS objects, 38% free, 25MB/41MB, paused 380us total 33.380ms
08-05 16:17:06.017 22094 22106 I art     : Starting a blocking GC Explicit
08-05 16:17:06.051 22094 22106 I art     : Explicit concurrent mark sweep GC freed 3(96B) AllocSpace objects, 0(0B) LOS objects, 38% free, 25MB/41MB, paused 296us total 33.655ms
08-05 16:17:06.064 22094 22106 I art     : Starting a blocking GC Explicit
08-05 16:17:06.098 22094 22106 I art     : Explicit concurrent mark sweep GC freed 3(96B) AllocSpace objects, 0(0B) LOS objects, 38% free, 25MB/41MB, paused 298us total 33.570ms
08-05 16:17:06.112 22094 22106 I art     : Starting a blocking GC Explicit
08-05 16:17:06.145 22094 22106 I art     : Explicit concurrent mark sweep GC freed 9(304B) AllocSpace objects, 0(0B) LOS objects, 38% free, 25MB/41MB, paused 303us total 33.361ms
08-05 16:17:06.296   518   646 I ThermalEngine: ACTION: GPU - Setting GPU[0] to 450000000
08-05 16:17:06.435 22094 22105 I art     : Starting a blocking GC Explicit
08-05 16:17:06.479 22094 22105 I art     : Explicit concurrent mark sweep GC freed 1396(84KB) AllocSpace objects, 1(20KB) LOS objects, 38% free, 25MB/41MB, paused 356us total 44.066ms
08-05 16:17:06.497 22094 22105 I art     : Starting a blocking GC Explicit
08-05 16:17:06.538 22094 22105 I art     : Explicit concurrent mark sweep GC freed 20(704B) AllocSpace objects, 0(0B) LOS objects, 38% free, 25MB/41MB, paused 418us total 40.638ms
08-05 16:17:06.555 22094 22105 I art     : Starting a blocking GC Explicit
08-05 16:17:06.595 22094 22105 I art     : Explicit concurrent mark sweep GC freed 3(96B) AllocSpace objects, 0(0B) LOS objects, 38% free, 25MB/41MB, paused 354us total 39.998ms
08-05 16:17:06.613 22094 22105 I art     : Starting a blocking GC Explicit
08-05 16:17:06.648 22094 23917 D OK      : calling: https://oauth.reddit.com/r/announcements/hot/.json
08-05 16:17:06.653 22094 22105 I art     : Explicit concurrent mark sweep GC freed 55(2368B) AllocSpace objects, 0(0B) LOS objects, 38% free, 25MB/41MB, paused 407us total 40.260ms
08-05 16:17:06.670 22094 22105 I art     : Starting a blocking GC Explicit
08-05 16:17:06.711 22094 22105 I art     : Explicit concurrent mark sweep GC freed 49(1808B) AllocSpace objects, 0(0B) LOS objects, 38% free, 25MB/41MB, paused 462us total 40.317ms
08-05 16:17:06.830 22094 23917 I NAPPA_EXPERIMENTATION: MetricNetworkRequestExecutionTime: REQUEST_DURATION_SYSTEM='182',REQUEST_DURATION_OKHTTP='178',REQUEST_SYNCHRONOUS='TRUE',RESPONSE_CODE='200',RESPONSE_METHOD='GET',RESPONSE_LENGTH_OKHTTP='-1',RESPONSE_LENGTH_HEADER='142016',REQUEST_PROTOCOL='h2',REQUEST_URL='https://oauth.reddit.com/r/announcements/hot/.json',
08-05 16:17:06.830 22094 23917 D OK      : request got status: 200
08-05 16:17:06.859 22094 22684 I PostListingFragment: Precaching images: OFF
08-05 16:17:06.860 22094 22684 I PostListingFragment: Precaching comments: OFF
08-05 16:17:06.999 22094 22338 I art     : Starting a blocking GC Explicit
08-05 16:17:07.036 22094 23928 D OK      : calling: https://b.thumbs.redditmedia.com/RROcLjDSUc0QV1UeQ1txXdyl1C_7233mmsMgtYXxQzo.jpg
08-05 16:17:07.055 22094 22338 I art     : Explicit concurrent mark sweep GC freed 6981(426KB) AllocSpace objects, 5(92KB) LOS objects, 36% free, 27MB/43MB, paused 848us total 55.664ms
08-05 16:17:07.072 22094 23929 D OK      : calling: https://a.thumbs.redditmedia.com/N-frnMqRYp_XiaGds7kPbHf82a876RNKSQ1iw0LzHR0.jpg
08-05 16:17:07.074 22094 22338 I art     : Starting a blocking GC Explicit
08-05 16:17:07.089 22094 23930 D OK      : calling: https://b.thumbs.redditmedia.com/KH2o_q4MXufUdRChsfwLtl6gnEnT8MJtZn3Tyj5ZmBU.jpg
08-05 16:17:07.129 22094 22338 I art     : Explicit concurrent mark sweep GC freed 4040(201KB) AllocSpace objects, 0(0B) LOS objects, 36% free, 28MB/44MB, paused 1.090ms total 54.110ms
08-05 16:17:07.140 22094 23931 D OK      : calling: https://b.thumbs.redditmedia.com/MGaOJeZl7UsmdtroJopYU_36HUNvQ9LUV5WFH_FJ2vI.jpg
08-05 16:17:07.148 22094 22338 I art     : Starting a blocking GC Explicit
08-05 16:17:07.204 22094 22338 I art     : Explicit concurrent mark sweep GC freed 4719(253KB) AllocSpace objects, 2(48KB) LOS objects, 35% free, 28MB/44MB, paused 1.053ms total 55.784ms
08-05 16:17:07.208 22094 23932 D OK      : calling: https://a.thumbs.redditmedia.com/-D0hxchgus9EyzvGqvnabK_3Obl93tMfG9G58V1QwW8.jpg
08-05 16:17:07.223 22094 22338 I art     : Starting a blocking GC Explicit
08-05 16:17:07.247 22094 23938 D OK      : calling: https://b.thumbs.redditmedia.com/zCaV9kuSMZxmMvdmErGyUsYNdPrmX8LP9_Ee4QTT16g.jpg
08-05 16:17:07.257 22094 23941 D OK      : calling: https://b.thumbs.redditmedia.com/4EGkxZNzrzt-RCtd035cWyO0BipdbDVuPwi4W2v4TyM.jpg
08-05 16:17:07.280 22094 22338 I art     : Explicit concurrent mark sweep GC freed 12755(539KB) AllocSpace objects, 1(68KB) LOS objects, 35% free, 29MB/45MB, paused 1.521ms total 56.318ms
08-05 16:17:07.298 22094 23944 D OK      : calling: https://a.thumbs.redditmedia.com/aVhMBmGX07uX0KhK0rKdhMvQ4UsOJIHN4KeTaa36EF4.jpg
08-05 16:17:07.299 22094 22338 I art     : Starting a blocking GC Explicit
08-05 16:17:07.354 22094 22338 I art     : Explicit concurrent mark sweep GC freed 5743(324KB) AllocSpace objects, 2(104KB) LOS objects, 35% free, 28MB/44MB, paused 838us total 54.883ms
08-05 16:17:07.425 22094 23928 I NAPPA_EXPERIMENTATION: MetricNetworkRequestExecutionTime: REQUEST_DURATION_SYSTEM='389',REQUEST_DURATION_OKHTTP='192',REQUEST_SYNCHRONOUS='TRUE',RESPONSE_CODE='200',RESPONSE_METHOD='GET',RESPONSE_LENGTH_OKHTTP='2558',RESPONSE_LENGTH_HEADER='2558',REQUEST_PROTOCOL='h2',REQUEST_URL='https://b.thumbs.redditmedia.com/RROcLjDSUc0QV1UeQ1txXdyl1C_7233mmsMgtYXxQzo.jpg',
08-05 16:17:07.425 22094 23928 D OK      : request got status: 200
08-05 16:17:07.439 22094 22094 W RecyclerView: Cannot call this method in a scroll callback. Scroll callbacks mightbe run during a measure & layout pass where you cannot change theRecyclerView data. Any method call that might change the structureof the RecyclerView or the adapter contents should be postponed tothe next frame.
08-05 16:17:07.439 22094 22094 W RecyclerView: java.lang.IllegalStateException:  androidx.recyclerview.widget.RecyclerView{4d4c44e VFED..... .F....ID 0,0-1440,2140 #7f0900ef app:id/scrollbar_recyclerview_recyclerview}, adapter:baseline.org.quantumbadger.redreader.adapters.GroupedRecyclerViewAdapter@4bb896f, layout:androidx.recyclerview.widget.LinearLayoutManager@293867c, context:baseline.org.quantumbadger.redreader.activities.PostListingActivity@fa519e9
08-05 16:17:07.439 22094 22094 W RecyclerView: 	at androidx.recyclerview.widget.RecyclerView.assertNotInLayoutOrScroll(RecyclerView.java:3061)
08-05 16:17:07.439 22094 22094 W RecyclerView: 	at androidx.recyclerview.widget.RecyclerView$RecyclerViewDataObserver.onItemRangeInserted(RecyclerView.java:5555)
08-05 16:17:07.439 22094 22094 W RecyclerView: 	at androidx.recyclerview.widget.RecyclerView$AdapterDataObservable.notifyItemRangeInserted(RecyclerView.java:12278)
08-05 16:17:07.439 22094 22094 W RecyclerView: 	at androidx.recyclerview.widget.RecyclerView$Adapter.notifyItemInserted(RecyclerView.java:7464)
08-05 16:17:07.439 22094 22094 W RecyclerView: 	at baseline.org.quantumbadger.redreader.adapters.GroupedRecyclerViewAdapter.updateHiddenStatus(GroupedRecyclerViewAdapter.java:279)
08-05 16:17:07.439 22094 22094 W RecyclerView: 	at baseline.org.quantumbadger.redreader.adapters.RedditListingManager.setLoadingVisible(RedditListingManager.java:125)
08-05 16:17:07.439 22094 22094 W RecyclerView: 	at baseline.org.quantumbadger.redreader.fragments.PostListingFragment.onLoadMoreItemsCheck(PostListingFragment.java:465)
08-05 16:17:07.439 22094 22094 W RecyclerView: 	at baseline.org.quantumbadger.redreader.fragments.PostListingFragment.access$000(PostListingFragment.java:98)
08-05 16:17:07.439 22094 22094 W RecyclerView: 	at baseline.org.quantumbadger.redreader.fragments.PostListingFragment$2.onScrolled(PostListingFragment.java:215)
08-05 16:17:07.439 22094 22094 W RecyclerView: 	at androidx.recyclerview.widget.RecyclerView.dispatchOnScrolled(RecyclerView.java:5173)
08-05 16:17:07.439 22094 22094 W RecyclerView: 	at androidx.recyclerview.widget.RecyclerView.dispatchLayoutStep3(RecyclerView.java:4231)
08-05 16:17:07.439 22094 22094 W RecyclerView: 	at androidx.recyclerview.widget.RecyclerView.dispatchLayout(RecyclerView.java:3862)
08-05 16:17:07.439 22094 22094 W RecyclerView: 	at androidx.recyclerview.widget.RecyclerView.consumePendingUpdateOperations(RecyclerView.java:1897)
08-05 16:17:07.439 22094 22094 W RecyclerView: 	at androidx.recyclerview.widget.RecyclerView$1.run(RecyclerView.java:414)
08-05 16:17:07.439 22094 22094 W RecyclerView: 	at android.view.Choreographer$CallbackRecord.run(Choreographer.java:858)
08-05 16:17:07.439 22094 22094 W RecyclerView: 	at android.view.Choreographer.doCallbacks(Choreographer.java:670)
08-05 16:17:07.439 22094 22094 W RecyclerView: 	at android.view.Choreographer.doFrame(Choreographer.java:603)
08-05 16:17:07.439 22094 22094 W RecyclerView: 	at android.view.Choreographer$FrameDisplayEventReceiver.run(Choreographer.java:844)
08-05 16:17:07.439 22094 22094 W RecyclerView: 	at android.os.Handler.handleCallback(Handler.java:739)
08-05 16:17:07.439 22094 22094 W RecyclerView: 	at android.os.Handler.dispatchMessage(Handler.java:95)
08-05 16:17:07.439 22094 22094 W RecyclerView: 	at android.os.Looper.loop(Looper.java:148)
08-05 16:17:07.439 22094 22094 W RecyclerView: 	at android.app.ActivityThread.main(ActivityThread.java:5417)
08-05 16:17:07.439 22094 22094 W RecyclerView: 	at java.lang.reflect.Method.invoke(Native Method)
08-05 16:17:07.439 22094 22094 W RecyclerView: 	at com.android.internal.os.ZygoteInit$MethodAndArgsCaller.run(ZygoteInit.java:726)
08-05 16:17:07.439 22094 22094 W RecyclerView: 	at com.android.internal.os.ZygoteInit.main(ZygoteInit.java:616)
08-05 16:17:07.453 22094 23930 I NAPPA_EXPERIMENTATION: MetricNetworkRequestExecutionTime: REQUEST_DURATION_SYSTEM='364',REQUEST_DURATION_OKHTTP='219',REQUEST_SYNCHRONOUS='TRUE',RESPONSE_CODE='200',RESPONSE_METHOD='GET',RESPONSE_LENGTH_OKHTTP='2613',RESPONSE_LENGTH_HEADER='2613',REQUEST_PROTOCOL='h2',REQUEST_URL='https://b.thumbs.redditmedia.com/KH2o_q4MXufUdRChsfwLtl6gnEnT8MJtZn3Tyj5ZmBU.jpg',
08-05 16:17:07.454 22094 23930 D OK      : request got status: 200
08-05 16:17:07.492 22094 23938 I NAPPA_EXPERIMENTATION: MetricNetworkRequestExecutionTime: REQUEST_DURATION_SYSTEM='244',REQUEST_DURATION_OKHTTP='243',REQUEST_SYNCHRONOUS='TRUE',RESPONSE_CODE='200',RESPONSE_METHOD='GET',RESPONSE_LENGTH_OKHTTP='6132',RESPONSE_LENGTH_HEADER='6132',REQUEST_PROTOCOL='h2',REQUEST_URL='https://b.thumbs.redditmedia.com/zCaV9kuSMZxmMvdmErGyUsYNdPrmX8LP9_Ee4QTT16g.jpg',
08-05 16:17:07.492 22094 23938 D OK      : request got status: 200
08-05 16:17:07.511 22094 23929 I NAPPA_EXPERIMENTATION: MetricNetworkRequestExecutionTime: REQUEST_DURATION_SYSTEM='438',REQUEST_DURATION_OKHTTP='272',REQUEST_SYNCHRONOUS='TRUE',RESPONSE_CODE='200',RESPONSE_METHOD='GET',RESPONSE_LENGTH_OKHTTP='3750',RESPONSE_LENGTH_HEADER='3750',REQUEST_PROTOCOL='h2',REQUEST_URL='https://a.thumbs.redditmedia.com/N-frnMqRYp_XiaGds7kPbHf82a876RNKSQ1iw0LzHR0.jpg',
08-05 16:17:07.511 22094 23929 D OK      : request got status: 200
08-05 16:17:07.534 22094 23931 I NAPPA_EXPERIMENTATION: MetricNetworkRequestExecutionTime: REQUEST_DURATION_SYSTEM='394',REQUEST_DURATION_OKHTTP='282',REQUEST_SYNCHRONOUS='TRUE',RESPONSE_CODE='200',RESPONSE_METHOD='GET',RESPONSE_LENGTH_OKHTTP='4804',RESPONSE_LENGTH_HEADER='4804',REQUEST_PROTOCOL='h2',REQUEST_URL='https://b.thumbs.redditmedia.com/MGaOJeZl7UsmdtroJopYU_36HUNvQ9LUV5WFH_FJ2vI.jpg',
08-05 16:17:07.534 22094 23931 D OK      : request got status: 200
08-05 16:17:07.539 22094 23944 I NAPPA_EXPERIMENTATION: MetricNetworkRequestExecutionTime: REQUEST_DURATION_SYSTEM='241',REQUEST_DURATION_OKHTTP='240',REQUEST_SYNCHRONOUS='TRUE',RESPONSE_CODE='200',RESPONSE_METHOD='GET',RESPONSE_LENGTH_OKHTTP='6940',RESPONSE_LENGTH_HEADER='6940',REQUEST_PROTOCOL='h2',REQUEST_URL='https://a.thumbs.redditmedia.com/aVhMBmGX07uX0KhK0rKdhMvQ4UsOJIHN4KeTaa36EF4.jpg',
08-05 16:17:07.539 22094 23944 D OK      : request got status: 200
08-05 16:17:07.541 22094 23941 I NAPPA_EXPERIMENTATION: MetricNetworkRequestExecutionTime: REQUEST_DURATION_SYSTEM='283',REQUEST_DURATION_OKHTTP='282',REQUEST_SYNCHRONOUS='TRUE',RESPONSE_CODE='200',RESPONSE_METHOD='GET',RESPONSE_LENGTH_OKHTTP='4987',RESPONSE_LENGTH_HEADER='4987',REQUEST_PROTOCOL='h2',REQUEST_URL='https://b.thumbs.redditmedia.com/4EGkxZNzrzt-RCtd035cWyO0BipdbDVuPwi4W2v4TyM.jpg',
08-05 16:17:07.541 22094 23941 D OK      : request got status: 200
08-05 16:17:07.562 22094 23932 I NAPPA_EXPERIMENTATION: MetricNetworkRequestExecutionTime: REQUEST_DURATION_SYSTEM='354',REQUEST_DURATION_OKHTTP='223',REQUEST_SYNCHRONOUS='TRUE',RESPONSE_CODE='200',RESPONSE_METHOD='GET',RESPONSE_LENGTH_OKHTTP='4818',RESPONSE_LENGTH_HEADER='4818',REQUEST_PROTOCOL='h2',REQUEST_URL='https://a.thumbs.redditmedia.com/-D0hxchgus9EyzvGqvnabK_3Obl93tMfG9G58V1QwW8.jpg',
08-05 16:17:07.562 22094 23932 D OK      : request got status: 200
08-05 16:17:07.666 22094 22105 I art     : Starting a blocking GC Explicit
08-05 16:17:07.713 22094 22105 I art     : Explicit concurrent mark sweep GC freed 65712(3MB) AllocSpace objects, 52(2MB) LOS objects, 36% free, 27MB/43MB, paused 349us total 46.296ms
08-05 16:17:07.731 22094 22105 I art     : Starting a blocking GC Explicit
08-05 16:17:07.771 22094 22105 I art     : Explicit concurrent mark sweep GC freed 736(30KB) AllocSpace objects, 0(0B) LOS objects, 36% free, 27MB/43MB, paused 337us total 39.303ms
08-05 16:17:07.789 22094 22105 I art     : Starting a blocking GC Explicit
08-05 16:17:07.836 22094 22105 I art     : Explicit concurrent mark sweep GC freed 3(96B) AllocSpace objects, 0(0B) LOS objects, 36% free, 27MB/43MB, paused 402us total 46.771ms
08-05 16:17:07.850 22094 23956 D OK      : calling: https://oauth.reddit.com/r/announcements/hot/.json?after=t3_9jf8nh
08-05 16:17:07.856 22094 22105 I art     : Starting a blocking GC Explicit
08-05 16:17:07.905 22094 22105 I art     : Explicit concurrent mark sweep GC freed 86(3KB) AllocSpace objects, 0(0B) LOS objects, 36% free, 27MB/43MB, paused 440us total 48.923ms
08-05 16:17:07.923 22094 22105 I art     : Starting a blocking GC Explicit
08-05 16:17:07.975 22094 22105 I art     : Explicit concurrent mark sweep GC freed 80(5KB) AllocSpace objects, 0(0B) LOS objects, 36% free, 27MB/43MB, paused 500us total 51.461ms
08-05 16:17:07.976 22094 22104 I art     : WaitForGcToComplete blocked for 25.316ms for cause HeapTrim
08-05 16:17:08.186 22094 23956 I NAPPA_EXPERIMENTATION: MetricNetworkRequestExecutionTime: REQUEST_DURATION_SYSTEM='335',REQUEST_DURATION_OKHTTP='157',REQUEST_SYNCHRONOUS='TRUE',RESPONSE_CODE='200',RESPONSE_METHOD='GET',RESPONSE_LENGTH_OKHTTP='-1',RESPONSE_LENGTH_HEADER='65685',REQUEST_PROTOCOL='h2',REQUEST_URL='https://oauth.reddit.com/r/announcements/hot/.json?after=t3_9jf8nh',
08-05 16:17:08.186 22094 23956 D OK      : request got status: 200
08-05 16:17:08.202 22094 22684 I PostListingFragment: Precaching images: OFF
08-05 16:17:08.202 22094 22684 I PostListingFragment: Precaching comments: OFF
08-05 16:17:08.244 22094 23969 D OK      : calling: https://a.thumbs.redditmedia.com/8P7BG-empihRDWkNYE_LZ8tekikmQtEiymWkwv7obo0.jpg
08-05 16:17:08.288 22094 23970 D OK      : calling: https://b.thumbs.redditmedia.com/PCxvz6Ma5pyTglQOwhW4LZZOY0qIwyWW5pD83dYmMgc.jpg
08-05 16:17:08.321 22094 22405 I art     : Starting a blocking GC Explicit
08-05 16:17:08.375 22094 22405 I art     : Explicit concurrent mark sweep GC freed 12095(691KB) AllocSpace objects, 4(120KB) LOS objects, 35% free, 29MB/45MB, paused 666us total 54.278ms
08-05 16:17:08.394 22094 22405 I art     : Starting a blocking GC Explicit
08-05 16:17:08.398 22094 23969 I NAPPA_EXPERIMENTATION: MetricNetworkRequestExecutionTime: REQUEST_DURATION_SYSTEM='154',REQUEST_DURATION_OKHTTP='153',REQUEST_SYNCHRONOUS='TRUE',RESPONSE_CODE='200',RESPONSE_METHOD='GET',RESPONSE_LENGTH_OKHTTP='3039',RESPONSE_LENGTH_HEADER='3039',REQUEST_PROTOCOL='h2',REQUEST_URL='https://a.thumbs.redditmedia.com/8P7BG-empihRDWkNYE_LZ8tekikmQtEiymWkwv7obo0.jpg',
08-05 16:17:08.398 22094 23969 D OK      : request got status: 200
08-05 16:17:08.444 22094 22405 I art     : Explicit concurrent mark sweep GC freed 6555(328KB) AllocSpace objects, 8(688KB) LOS objects, 35% free, 29MB/45MB, paused 648us total 49.552ms
08-05 16:17:08.462 22094 22405 I art     : Starting a blocking GC Explicit
08-05 16:17:08.511 22094 22405 I art     : Explicit concurrent mark sweep GC freed 3949(184KB) AllocSpace objects, 0(0B) LOS objects, 35% free, 29MB/45MB, paused 611us total 48.921ms
08-05 16:17:08.530 22094 22405 I art     : Starting a blocking GC Explicit
08-05 16:17:08.571 22094 23970 I NAPPA_EXPERIMENTATION: MetricNetworkRequestExecutionTime: REQUEST_DURATION_SYSTEM='282',REQUEST_DURATION_OKHTTP='150',REQUEST_SYNCHRONOUS='TRUE',RESPONSE_CODE='200',RESPONSE_METHOD='GET',RESPONSE_LENGTH_OKHTTP='9233',RESPONSE_LENGTH_HEADER='9233',REQUEST_PROTOCOL='h2',REQUEST_URL='https://b.thumbs.redditmedia.com/PCxvz6Ma5pyTglQOwhW4LZZOY0qIwyWW5pD83dYmMgc.jpg',
08-05 16:17:08.571 22094 23970 D OK      : request got status: 200
08-05 16:17:08.585 22094 22405 I art     : Explicit concurrent mark sweep GC freed 3874(150KB) AllocSpace objects, 0(0B) LOS objects, 35% free, 29MB/45MB, paused 564us total 54.472ms
08-05 16:17:08.603 22094 22405 I art     : Starting a blocking GC Explicit
08-05 16:17:08.650 22094 22405 I art     : Explicit concurrent mark sweep GC freed 17189(918KB) AllocSpace objects, 10(296KB) LOS objects, 36% free, 28MB/44MB, paused 391us total 46.936ms
08-05 16:17:08.982 22094 22338 I art     : Starting a blocking GC Explicit
08-05 16:17:09.044 22094 22338 I art     : Explicit concurrent mark sweep GC freed 1559(91KB) AllocSpace objects, 2(88KB) LOS objects, 36% free, 28MB/44MB, paused 460us total 61.685ms
08-05 16:17:09.065 22094 22338 I art     : Starting a blocking GC Explicit
08-05 16:17:09.115 22094 22338 I art     : Explicit concurrent mark sweep GC freed 23(800B) AllocSpace objects, 0(0B) LOS objects, 36% free, 28MB/44MB, paused 439us total 49.481ms
08-05 16:17:09.136 22094 22338 I art     : Starting a blocking GC Explicit
08-05 16:17:09.188 22094 22338 I art     : Explicit concurrent mark sweep GC freed 3(96B) AllocSpace objects, 0(0B) LOS objects, 36% free, 28MB/44MB, paused 542us total 50.995ms
08-05 16:17:09.209 22094 22338 I art     : Starting a blocking GC Explicit
08-05 16:17:09.257 22094 22338 I art     : Explicit concurrent mark sweep GC freed 3(96B) AllocSpace objects, 0(0B) LOS objects, 36% free, 28MB/44MB, paused 478us total 47.903ms
08-05 16:17:09.276 22094 22338 I art     : Starting a blocking GC Explicit
08-05 16:17:09.326 22094 22338 I art     : Explicit concurrent mark sweep GC freed 3(96B) AllocSpace objects, 0(0B) LOS objects, 36% free, 28MB/44MB, paused 356us total 50.033ms
08-05 16:17:09.669 22094 22106 I art     : Starting a blocking GC Explicit
08-05 16:17:09.732 22094 22106 I art     : Explicit concurrent mark sweep GC freed 1344(82KB) AllocSpace objects, 1(20KB) LOS objects, 36% free, 28MB/44MB, paused 436us total 62.859ms
08-05 16:17:09.754 22094 22106 I art     : Starting a blocking GC Explicit
08-05 16:17:09.807 22094 22106 I art     : Explicit concurrent mark sweep GC freed 20(704B) AllocSpace objects, 0(0B) LOS objects, 36% free, 28MB/44MB, paused 456us total 53.272ms
08-05 16:17:09.829 22094 22106 I art     : Starting a blocking GC Explicit
08-05 16:17:09.876 22094 22106 I art     : Explicit concurrent mark sweep GC freed 3(96B) AllocSpace objects, 0(0B) LOS objects, 36% free, 28MB/44MB, paused 415us total 46.658ms
08-05 16:17:09.894 22094 22106 I art     : Starting a blocking GC Explicit
08-05 16:17:09.944 22094 22106 I art     : Explicit concurrent mark sweep GC freed 3(96B) AllocSpace objects, 0(0B) LOS objects, 36% free, 28MB/44MB, paused 409us total 49.656ms
08-05 16:17:09.963 22094 22106 I art     : Starting a blocking GC Explicit
08-05 16:17:10.012 22094 22106 I art     : Explicit concurrent mark sweep GC freed 3(96B) AllocSpace objects, 0(0B) LOS objects, 36% free, 28MB/44MB, paused 415us total 48.800ms
08-05 16:17:10.338 22094 22122 I art     : Starting a blocking GC Explicit
08-05 16:17:10.345 22144 22144 I ServiceManager: Waiting for service AtCmdFwd...
08-05 16:17:10.396 22094 22122 I art     : Explicit concurrent mark sweep GC freed 1344(82KB) AllocSpace objects, 1(20KB) LOS objects, 36% free, 28MB/44MB, paused 432us total 57.731ms
08-05 16:17:10.418 22094 22122 I art     : Starting a blocking GC Explicit
08-05 16:17:10.468 22094 22122 I art     : Explicit concurrent mark sweep GC freed 20(704B) AllocSpace objects, 0(0B) LOS objects, 36% free, 28MB/44MB, paused 442us total 50.077ms
08-05 16:17:10.486 22094 22122 I art     : Starting a blocking GC Explicit
08-05 16:17:10.536 22094 22122 I art     : Explicit concurrent mark sweep GC freed 3(96B) AllocSpace objects, 0(0B) LOS objects, 36% free, 28MB/44MB, paused 361us total 48.914ms
08-05 16:17:10.554 22094 22122 I art     : Starting a blocking GC Explicit
08-05 16:17:10.605 22094 22122 I art     : Explicit concurrent mark sweep GC freed 3(96B) AllocSpace objects, 0(0B) LOS objects, 36% free, 28MB/44MB, paused 421us total 50.728ms
08-05 16:17:10.627 22094 22122 I art     : Starting a blocking GC Explicit
08-05 16:17:10.672 22094 22122 I art     : Explicit concurrent mark sweep GC freed 3(96B) AllocSpace objects, 0(0B) LOS objects, 36% free, 28MB/44MB, paused 367us total 44.511ms
08-05 16:17:11.011 22094 22105 I art     : Starting a blocking GC Explicit
08-05 16:17:11.065 22094 22105 I art     : Explicit concurrent mark sweep GC freed 1349(82KB) AllocSpace objects, 1(20KB) LOS objects, 36% free, 28MB/44MB, paused 432us total 53.819ms
08-05 16:17:11.085 22094 22105 I art     : Starting a blocking GC Explicit
08-05 16:17:11.132 22094 22105 I art     : Explicit concurrent mark sweep GC freed 20(704B) AllocSpace objects, 0(0B) LOS objects, 36% free, 28MB/44MB, paused 413us total 46.732ms
08-05 16:17:11.150 22094 22105 I art     : Starting a blocking GC Explicit
08-05 16:17:11.187 24003 24003 D AndroidRuntime: >>>>>> START com.android.internal.os.RuntimeInit uid 2000 <<<<<<
08-05 16:17:11.193 24003 24003 D AndroidRuntime: CheckJNI is OFF
08-05 16:17:11.197 22094 22105 I art     : Explicit concurrent mark sweep GC freed 3(96B) AllocSpace objects, 0(0B) LOS objects, 36% free, 28MB/44MB, paused 385us total 47.078ms
08-05 16:17:11.216 22094 22105 I art     : Starting a blocking GC Explicit
08-05 16:17:11.240 24003 24003 D ICU     : No timezone override file found: /data/misc/zoneinfo/current/icu/icu_tzdata.dat
08-05 16:17:11.262 22094 22105 I art     : Explicit concurrent mark sweep GC freed 3(96B) AllocSpace objects, 0(0B) LOS objects, 36% free, 28MB/44MB, paused 399us total 45.726ms
08-05 16:17:11.280 22094 22105 I art     : Starting a blocking GC Explicit
08-05 16:17:11.284 24003 24003 I Radio-JNI: register_android_hardware_Radio DONE
08-05 16:17:11.302   518   646 I ThermalEngine: ACTION: GPU - Setting GPU[0] to 510000000
08-05 16:17:11.314 24003 24003 D AndroidRuntime: Calling main entry com.android.commands.input.Input
08-05 16:17:11.316 24003 24003 I Input   : injectMotionEvent: MotionEvent { action=ACTION_DOWN, actionButton=0, id[0]=0, x[0]=600.0, y[0]=580.0, toolType[0]=TOOL_TYPE_UNKNOWN, buttonState=0, metaState=0, flags=0x0, edgeFlags=0x0, pointerCount=1, historySize=0, eventTime=807447729, downTime=807447729, deviceId=0, source=0x1002 }
08-05 16:17:11.324 24003 24003 I Input   : injectMotionEvent: MotionEvent { action=ACTION_UP, actionButton=0, id[0]=0, x[0]=600.0, y[0]=580.0, toolType[0]=TOOL_TYPE_UNKNOWN, buttonState=0, metaState=0, flags=0x0, edgeFlags=0x0, pointerCount=1, historySize=0, eventTime=807447729, downTime=807447729, deviceId=0, source=0x1002 }
08-05 16:17:11.325 22094 22105 I art     : Explicit concurrent mark sweep GC freed 3(96B) AllocSpace objects, 0(0B) LOS objects, 36% free, 28MB/44MB, paused 345us total 45.025ms
08-05 16:17:11.333 24003 24003 D AndroidRuntime: Shutting down VM
08-05 16:17:11.346   512  2967 D audio_hw_primary: out_set_parameters: enter: usecase(1: low-latency-playback) kvpairs: routing=2
08-05 16:17:11.346   918  4413 I ActivityManager: START u0 {cmp=baseline.org.quantumbadger.redreader/.activities.WebViewActivity (has extras)} from uid 10689 on display 0
08-05 16:17:11.347 22144 22144 I ServiceManager: Waiting for service AtCmdFwd...
08-05 16:17:11.359   512  2967 D audio_hw_primary: select_devices: out_snd_device(2: speaker) in_snd_device(0: none)
08-05 16:17:11.359   512  2967 D msm8974_platform: platform_send_audio_calibration: sending audio calibration for snd_device(2) acdb_id(15)
08-05 16:17:11.359   512  2967 I soundtrigger: audio_extn_sound_trigger_update_device_status: device 0x2 of type 0 for Event 1
08-05 16:17:11.368 22094 22094 I AppCompatViewInflater: app:theme is now deprecated. Please move to using android:theme instead.
08-05 16:17:11.369   512  2967 D audio_hw_primary: enable_snd_device: snd_device(2: speaker)
08-05 16:17:11.371   512  2967 D audio_hw_primary: enable_audio_route: apply and update mixer path: low-latency-playback speaker
08-05 16:17:11.382 22094 22094 I WebViewFactory: Loading com.google.android.webview version 84.0.4147.89 (code 414708953)
08-05 16:17:11.445 22094 22094 I cr_LibraryLoader: Loaded native library version number "84.0.4147.89"
08-05 16:17:11.446 22094 22094 I cr_CachingUmaRecorder: Flushed 5 samples from 5 histograms.
08-05 16:17:11.478 22094 22094 E chromium: [ERROR:filesystem_posix.cc(62)] mkdir /data/user/0/baseline.org.quantumbadger.redreader/cache/WebView/Crashpad: No such file or directory (2)
08-05 16:17:11.555   918  4400 D ConnectivityService: listenForNetwork for Listen from uid/pid:10689/22094 for NetworkRequest [ id=3399, legacyType=-1, [ Capabilities: INTERNET&NOT_RESTRICTED&TRUSTED] ]
08-05 16:17:11.594 22094 22106 I art     : Starting a blocking GC Explicit
08-05 16:17:11.599 22094 24048 W cr_media: Requires BLUETOOTH permission
08-05 16:17:11.612 22094 24062 E libEGL  : validate_display:255 error 3008 (EGL_BAD_DISPLAY)
08-05 16:17:11.643 22094 22106 I art     : Explicit concurrent mark sweep GC freed 11264(950KB) AllocSpace objects, 3(60KB) LOS objects, 35% free, 29MB/45MB, paused 1.094ms total 48.477ms
08-05 16:17:11.660 22094 22106 I art     : Starting a blocking GC Explicit
08-05 16:17:11.695 22094 22106 I art     : Explicit concurrent mark sweep GC freed 6348(499KB) AllocSpace objects, 3(76KB) LOS objects, 35% free, 29MB/45MB, paused 422us total 34.747ms
08-05 16:17:11.708 22094 22106 I art     : Starting a blocking GC Explicit
08-05 16:17:11.741 13866 13866 I GoogleInputMethodServic: GoogleInputMethodService.onFinishInput():3138 
08-05 16:17:11.741 22094 22106 I art     : Explicit concurrent mark sweep GC freed 631(30KB) AllocSpace objects, 0(0B) LOS objects, 35% free, 29MB/45MB, paused 356us total 32.933ms
08-05 16:17:11.742   918   936 I ActivityManager: Displayed baseline.org.quantumbadger.redreader/.activities.WebViewActivity: +386ms
08-05 16:17:11.744 13866 13866 I GoogleInputMethodServic: GoogleInputMethodService.onStartInput():1808 
08-05 16:17:11.755 22094 22106 I art     : Starting a blocking GC Explicit
08-05 16:17:11.791 22094 22106 I art     : Explicit concurrent mark sweep GC freed 1059(78KB) AllocSpace objects, 2(120KB) LOS objects, 35% free, 29MB/45MB, paused 626us total 36.041ms
08-05 16:17:11.804 22094 22106 I art     : Starting a blocking GC Explicit
08-05 16:17:11.838 22094 22106 I art     : Explicit concurrent mark sweep GC freed 2232(113KB) AllocSpace objects, 1(80KB) LOS objects, 35% free, 29MB/45MB, paused 418us total 33.949ms
08-05 16:17:11.911   512  2967 D audio_hw_primary: disable_audio_route: reset and update mixer path: low-latency-playback speaker
08-05 16:17:11.913   512  2967 D audio_hw_primary: disable_snd_device: snd_device(2: speaker)
08-05 16:17:11.921   512  2967 I soundtrigger: audio_extn_sound_trigger_update_device_status: device 0x2 of type 0 for Event 0
08-05 16:17:11.997   380   380 W SurfaceFlinger: couldn't log to binary event log: overflow.
08-05 16:17:12.140 22094 22122 I art     : Starting a blocking GC Explicit
08-05 16:17:12.175 22094 22122 I art     : Explicit concurrent mark sweep GC freed 3235(250KB) AllocSpace objects, 1(20KB) LOS objects, 35% free, 29MB/45MB, paused 457us total 34.866ms
08-05 16:17:12.189 22094 22122 I art     : Starting a blocking GC Explicit
08-05 16:17:12.222 22094 22122 I art     : Explicit concurrent mark sweep GC freed 36(5KB) AllocSpace objects, 0(0B) LOS objects, 35% free, 29MB/45MB, paused 471us total 32.495ms
08-05 16:17:12.235 22094 22122 I art     : Starting a blocking GC Explicit
08-05 16:17:12.268 22094 22122 I art     : Explicit concurrent mark sweep GC freed 5841(247KB) AllocSpace objects, 0(0B) LOS objects, 35% free, 29MB/45MB, paused 545us total 33.292ms
08-05 16:17:12.281 22094 22122 I art     : Starting a blocking GC Explicit
08-05 16:17:12.308   518   646 I ThermalEngine: ACTION: GPU - Setting GPU[0] to 450000000
08-05 16:17:12.318 22094 22122 I art     : Explicit concurrent mark sweep GC freed 141(4KB) AllocSpace objects, 0(0B) LOS objects, 35% free, 29MB/45MB, paused 661us total 36.097ms
08-05 16:17:12.335 22094 22122 I art     : Starting a blocking GC Explicit
08-05 16:17:12.348 22144 22144 I ServiceManager: Waiting for service AtCmdFwd...
08-05 16:17:12.376 22094 22122 I art     : Explicit concurrent mark sweep GC freed 3(96B) AllocSpace objects, 0(0B) LOS objects, 35% free, 29MB/45MB, paused 595us total 40.889ms
08-05 16:17:12.691 22094 22106 I art     : Starting a blocking GC Explicit
08-05 16:17:12.743 22094 22106 I art     : Explicit concurrent mark sweep GC freed 3323(164KB) AllocSpace objects, 1(20KB) LOS objects, 35% free, 29MB/45MB, paused 560us total 50.886ms
08-05 16:17:12.766 22094 22106 I art     : Starting a blocking GC Explicit
08-05 16:17:12.806 22094 22106 I art     : Explicit concurrent mark sweep GC freed 66(2208B) AllocSpace objects, 0(0B) LOS objects, 35% free, 29MB/45MB, paused 554us total 40.041ms
08-05 16:17:12.823 22094 22106 I art     : Starting a blocking GC Explicit
08-05 16:17:12.863 22094 22106 I art     : Explicit concurrent mark sweep GC freed 3(96B) AllocSpace objects, 0(0B) LOS objects, 35% free, 29MB/45MB, paused 555us total 39.834ms
08-05 16:17:12.880 22094 22106 I art     : Starting a blocking GC Explicit
08-05 16:17:12.923 22094 22106 I art     : Explicit concurrent mark sweep GC freed 3(96B) AllocSpace objects, 0(0B) LOS objects, 35% free, 29MB/45MB, paused 563us total 41.924ms
08-05 16:17:12.942 22094 22106 I art     : Starting a blocking GC Explicit
08-05 16:17:12.983 22094 22106 I art     : Explicit concurrent mark sweep GC freed 3(96B) AllocSpace objects, 0(0B) LOS objects, 35% free, 29MB/45MB, paused 545us total 40.969ms
08-05 16:17:13.037 22094 22094 I Choreographer: Skipped 50 frames!  The application may be doing too much work on its main thread.
08-05 16:17:13.348 22144 22144 I ServiceManager: Waiting for service AtCmdFwd...
08-05 16:17:13.354 22094 22105 I art     : Starting a blocking GC Explicit
08-05 16:17:13.403 22094 22105 I art     : Explicit concurrent mark sweep GC freed 1422(85KB) AllocSpace objects, 1(20KB) LOS objects, 35% free, 29MB/45MB, paused 544us total 49.284ms
08-05 16:17:13.404 22094 22104 I art     : WaitForGcToComplete blocked for 28.012ms for cause HeapTrim
08-05 16:17:13.426 22094 22105 I art     : Starting a blocking GC Explicit
08-05 16:17:13.481 22094 22105 I art     : Explicit concurrent mark sweep GC freed 36(1216B) AllocSpace objects, 0(0B) LOS objects, 35% free, 29MB/45MB, paused 863us total 54.396ms
08-05 16:17:13.502 22094 22105 I art     : Starting a blocking GC Explicit
08-05 16:17:13.550 22094 22105 I art     : Explicit concurrent mark sweep GC freed 10(320B) AllocSpace objects, 0(0B) LOS objects, 35% free, 29MB/45MB, paused 512us total 47.529ms
08-05 16:17:13.568 22094 22105 I art     : Starting a blocking GC Explicit
08-05 16:17:13.614 22094 22105 I art     : Explicit concurrent mark sweep GC freed 32(1568B) AllocSpace objects, 0(0B) LOS objects, 35% free, 29MB/45MB, paused 518us total 45.421ms
08-05 16:17:13.631 22094 22105 I art     : Starting a blocking GC Explicit
08-05 16:17:13.673 22094 22105 I art     : Explicit concurrent mark sweep GC freed 136(29KB) AllocSpace objects, 0(0B) LOS objects, 35% free, 29MB/45MB, paused 502us total 41.739ms
08-05 16:17:14.038 22094 22106 I art     : Starting a blocking GC Explicit
08-05 16:17:14.065 22094 22094 I chromium: [INFO:CONSOLE(1)] "
08-05 16:17:14.065 22094 22094 I chromium:                   ,d"=,.,qOp,
08-05 16:17:14.065 22094 22094 I chromium:                  ,7'  ''$(  )
08-05 16:17:14.065 22094 22094 I chromium:                 ,7'      '?q$7'
08-05 16:17:14.065 22094 22094 I chromium:              ..,$$,.
08-05 16:17:14.065 22094 22094 I chromium:    ,.  .,,--***""***--,,.  .,
08-05 16:17:14.065 22094 22094 I chromium:     ,p''              ''q,   
08-05 16:17:14.065 22094 22094 I chromium: :  ,7'                      '7,  :
08-05 16:17:14.065 22094 22094 I chromium:  ' $      ,db,      ,db,      $ '
08-05 16:17:14.065 22094 22094 I chromium:   '$      $$      $$      $'    Using Reddit at work? Work for Reddit.
08-05 16:17:14.065 22094 22094 I chromium:   '$                          $'        https://www.reddit.com/jobs
08-05 16:17:14.065 22094 22094 I chromium:    '$.     .,        ,.     .$'
08-05 16:17:14.065 22094 22094 I chromium:     'b,     ''     ,d'
08-05 16:17:14.065 22094 22094 I chromium:      '?bn,,          ,,nd?'
08-05 16:17:14.065 22094 22094 I chromium:        ,7$ '''' $7,
08-05 16:17:14.065 22094 22094 I chromium:      , $              $ ,
08-05 16:17:14.065 22094 22094 I chromium:      $  :$              $:  $
08-05 16:17:14.065 22094 22094 I chromium:      $   $              $   $
08-05 16:17:14.065 22094 22094 I chromium:      'b  q:            :p  d'
08-05 16:17:14.065 22094 22094 I chromium:       '?$.          .$?'
08-05 16:17:14.065 22094 22094 I chromium:          'b            d'
08-05 16:17:14.065 22094 22094 I chromium:        ,'?,.      .,?',
08-05 16:17:14.065 22094 22094 I chromium:       ==--==--==--==
08-05 16:17:14.065 22094 22094 I chromium: ", source: https://www.redditstatic.com/desktop2x/Chat~Governance~Reddit.2ea93b134a9b2e5b1d9a.js (1)
08-05 16:17:14.089 22094 22106 I art     : Explicit concurrent mark sweep GC freed 1426(87KB) AllocSpace objects, 1(20KB) LOS objects, 35% free, 29MB/45MB, paused 649us total 50.353ms
08-05 16:17:14.108 22094 22106 I art     : Starting a blocking GC Explicit
08-05 16:17:14.156 22094 22106 I art     : Explicit concurrent mark sweep GC freed 23(1152B) AllocSpace objects, 0(0B) LOS objects, 35% free, 29MB/45MB, paused 542us total 47.839ms
08-05 16:17:14.174 22094 22106 I art     : Starting a blocking GC Explicit
08-05 16:17:14.218 22094 22106 I art     : Explicit concurrent mark sweep GC freed 3(96B) AllocSpace objects, 0(0B) LOS objects, 35% free, 29MB/45MB, paused 589us total 44.279ms
08-05 16:17:14.236 22094 22106 I art     : Starting a blocking GC Explicit
08-05 16:17:14.281 22094 22106 I art     : Explicit concurrent mark sweep GC freed 3(96B) AllocSpace objects, 0(0B) LOS objects, 35% free, 29MB/45MB, paused 511us total 44.472ms
08-05 16:17:14.299 22094 22106 I art     : Starting a blocking GC Explicit
08-05 16:17:14.344 22094 22106 I art     : Explicit concurrent mark sweep GC freed 3(96B) AllocSpace objects, 0(0B) LOS objects, 35% free, 29MB/45MB, paused 513us total 44.131ms
08-05 16:17:14.349 22144 22144 I ServiceManager: Waiting for service AtCmdFwd...
08-05 16:17:14.712 22094 22405 I art     : Starting a blocking GC Explicit
08-05 16:17:14.762 22094 22405 I art     : Explicit concurrent mark sweep GC freed 1367(83KB) AllocSpace objects, 1(20KB) LOS objects, 35% free, 29MB/45MB, paused 561us total 49.238ms
08-05 16:17:14.781 22094 22405 I art     : Starting a blocking GC Explicit
08-05 16:17:14.827 22094 22405 I art     : Explicit concurrent mark sweep GC freed 22(768B) AllocSpace objects, 0(0B) LOS objects, 35% free, 29MB/45MB, paused 676us total 46.366ms
08-05 16:17:14.846 22094 22405 I art     : Starting a blocking GC Explicit
08-05 16:17:14.891 22094 22405 I art     : Explicit concurrent mark sweep GC freed 3(96B) AllocSpace objects, 0(0B) LOS objects, 35% free, 29MB/45MB, paused 528us total 44.895ms
08-05 16:17:14.909 22094 22405 I art     : Starting a blocking GC Explicit
08-05 16:17:14.955 22094 22405 I art     : Explicit concurrent mark sweep GC freed 3(96B) AllocSpace objects, 0(0B) LOS objects, 35% free, 29MB/45MB, paused 563us total 45.858ms
08-05 16:17:14.974 22094 22405 I art     : Starting a blocking GC Explicit
08-05 16:17:15.021 22094 22405 I art     : Explicit concurrent mark sweep GC freed 3(96B) AllocSpace objects, 0(0B) LOS objects, 35% free, 29MB/45MB, paused 556us total 47.067ms
08-05 16:17:15.349 22144 22144 W Atfwd_Sendcmd: AtCmdFwd service not published, waiting... retryCnt : 5
08-05 16:17:15.397 22094 22105 I art     : Starting a blocking GC Explicit
08-05 16:17:15.453 22094 22105 I art     : Explicit concurrent mark sweep GC freed 1566(94KB) AllocSpace objects, 1(20KB) LOS objects, 35% free, 29MB/45MB, paused 515us total 55.517ms
08-05 16:17:15.471 22094 22105 I art     : Starting a blocking GC Explicit
08-05 16:17:15.522 22094 22105 I art     : Explicit concurrent mark sweep GC freed 20(704B) AllocSpace objects, 0(0B) LOS objects, 35% free, 29MB/45MB, paused 516us total 50.625ms
08-05 16:17:15.541 22094 22105 I art     : Starting a blocking GC Explicit
08-05 16:17:15.584 22094 22105 I art     : Explicit concurrent mark sweep GC freed 7(208B) AllocSpace objects, 0(0B) LOS objects, 35% free, 29MB/45MB, paused 453us total 42.189ms
08-05 16:17:15.605 22094 22105 I art     : Starting a blocking GC Explicit
08-05 16:17:15.650 22094 22105 I art     : Explicit concurrent mark sweep GC freed 14(2784B) AllocSpace objects, 0(0B) LOS objects, 35% free, 29MB/45MB, paused 513us total 44.675ms
08-05 16:17:15.668 22094 22105 I art     : Starting a blocking GC Explicit
08-05 16:17:15.725 22094 22105 I art     : Explicit concurrent mark sweep GC freed 3(96B) AllocSpace objects, 0(0B) LOS objects, 35% free, 29MB/45MB, paused 543us total 56.487ms
08-05 16:17:16.132 22094 22122 I art     : Starting a blocking GC Explicit
08-05 16:17:16.182 22094 22122 I art     : Explicit concurrent mark sweep GC freed 1401(85KB) AllocSpace objects, 1(20KB) LOS objects, 35% free, 29MB/45MB, paused 663us total 50.207ms
08-05 16:17:16.203 22094 22122 I art     : Starting a blocking GC Explicit
08-05 16:17:16.252 22094 22122 I art     : Explicit concurrent mark sweep GC freed 20(704B) AllocSpace objects, 0(0B) LOS objects, 35% free, 29MB/45MB, paused 539us total 49.194ms
08-05 16:17:16.271 22094 22122 I art     : Starting a blocking GC Explicit
08-05 16:17:16.324 22094 22122 I art     : Explicit concurrent mark sweep GC freed 3(96B) AllocSpace objects, 0(0B) LOS objects, 35% free, 29MB/45MB, paused 550us total 53.200ms
08-05 16:17:16.344 22094 22122 I art     : Starting a blocking GC Explicit
08-05 16:17:16.357 22094 24027 I RedditChangeDataIO: Writing tmp data file at '/data/user/0/baseline.org.quantumbadger.redreader/files/rr_change_data_tmp.dat'
08-05 16:17:16.357 22094 24027 I RedditChangeDataManager: Taking snapshot...
08-05 16:17:16.357 22094 24027 I RedditChangeDataManager: Writing to stream...
08-05 16:17:16.357 22094 24027 I RedditChangeDataManager: Wrote 4 entries for user ''
08-05 16:17:16.358 22094 24027 I RedditChangeDataManager: All entries written to stream.
08-05 16:17:16.358 22094 24027 I RedditChangeDataIO: Write successful. Atomically replacing data file...
08-05 16:17:16.358 22094 24027 I RedditChangeDataIO: Write complete.
08-05 16:17:16.358 22094 24027 I RedditChangeDataIO: 110 bytes written in 2 ms
08-05 16:17:16.393 22094 22122 I art     : Explicit concurrent mark sweep GC freed 77(4KB) AllocSpace objects, 1(68KB) LOS objects, 35% free, 29MB/45MB, paused 460us total 48.895ms
08-05 16:17:16.418 22094 22122 I art     : Starting a blocking GC Explicit
08-05 16:17:16.468 22094 22122 I art     : Explicit concurrent mark sweep GC freed 13(624B) AllocSpace objects, 0(0B) LOS objects, 35% free, 29MB/45MB, paused 554us total 49.569ms
08-05 16:17:16.851 22094 22105 I art     : Starting a blocking GC Explicit
08-05 16:17:16.905 22094 22105 I art     : Explicit concurrent mark sweep GC freed 1355(82KB) AllocSpace objects, 1(20KB) LOS objects, 35% free, 29MB/45MB, paused 584us total 53.635ms
08-05 16:17:16.923 22094 22105 I art     : Starting a blocking GC Explicit
08-05 16:17:16.973 22094 22105 I art     : Explicit concurrent mark sweep GC freed 22(784B) AllocSpace objects, 0(0B) LOS objects, 35% free, 29MB/45MB, paused 518us total 49.903ms
08-05 16:17:16.992 22094 22105 I art     : Starting a blocking GC Explicit
08-05 16:17:17.044 22094 22105 I art     : Explicit concurrent mark sweep GC freed 3(96B) AllocSpace objects, 0(0B) LOS objects, 35% free, 29MB/45MB, paused 546us total 51.382ms
08-05 16:17:17.062 22094 22105 I art     : Starting a blocking GC Explicit
08-05 16:17:17.119 22094 22105 I art     : Explicit concurrent mark sweep GC freed 3(96B) AllocSpace objects, 0(0B) LOS objects, 35% free, 29MB/45MB, paused 553us total 56.639ms
08-05 16:17:17.138 22094 22105 I art     : Starting a blocking GC Explicit
08-05 16:17:17.188 22094 22105 I art     : Explicit concurrent mark sweep GC freed 3(96B) AllocSpace objects, 0(0B) LOS objects, 35% free, 29MB/45MB, paused 507us total 49.234ms
08-05 16:17:17.580 22094 22122 I art     : Starting a blocking GC Explicit
08-05 16:17:17.629 22094 22122 I art     : Explicit concurrent mark sweep GC freed 1355(82KB) AllocSpace objects, 1(20KB) LOS objects, 35% free, 29MB/45MB, paused 521us total 49.489ms
08-05 16:17:17.648 22094 22122 I art     : Starting a blocking GC Explicit
08-05 16:17:17.693 22094 22122 I art     : Explicit concurrent mark sweep GC freed 20(704B) AllocSpace objects, 0(0B) LOS objects, 35% free, 29MB/45MB, paused 468us total 45.531ms
08-05 16:17:17.715 22094 22122 I art     : Starting a blocking GC Explicit
08-05 16:17:17.761 22094 22122 I art     : Explicit concurrent mark sweep GC freed 3(96B) AllocSpace objects, 0(0B) LOS objects, 35% free, 29MB/45MB, paused 529us total 46.288ms
08-05 16:17:17.780 22094 22122 I art     : Starting a blocking GC Explicit
08-05 16:17:17.827 22094 22122 I art     : Explicit concurrent mark sweep GC freed 3(96B) AllocSpace objects, 0(0B) LOS objects, 35% free, 29MB/45MB, paused 550us total 47.049ms
08-05 16:17:17.845 22094 22122 I art     : Starting a blocking GC Explicit
08-05 16:17:17.894 22094 22122 I art     : Explicit concurrent mark sweep GC freed 3(96B) AllocSpace objects, 0(0B) LOS objects, 35% free, 29MB/45MB, paused 486us total 48.597ms
08-05 16:17:18.289 22094 22338 I art     : Starting a blocking GC Explicit
08-05 16:17:18.337 22094 22338 I art     : Explicit concurrent mark sweep GC freed 1355(82KB) AllocSpace objects, 1(20KB) LOS objects, 35% free, 29MB/45MB, paused 482us total 48.290ms
08-05 16:17:18.355 22094 22338 I art     : Starting a blocking GC Explicit
08-05 16:17:18.404 22094 22338 I art     : Explicit concurrent mark sweep GC freed 20(704B) AllocSpace objects, 0(0B) LOS objects, 35% free, 29MB/45MB, paused 619us total 48.834ms
08-05 16:17:18.424 22094 22338 I art     : Starting a blocking GC Explicit
08-05 16:17:18.470 22094 22338 I art     : Explicit concurrent mark sweep GC freed 3(96B) AllocSpace objects, 0(0B) LOS objects, 35% free, 29MB/45MB, paused 504us total 45.409ms
08-05 16:17:18.489 22094 22338 I art     : Starting a blocking GC Explicit
08-05 16:17:18.543 22094 22338 I art     : Explicit concurrent mark sweep GC freed 3(96B) AllocSpace objects, 0(0B) LOS objects, 35% free, 29MB/45MB, paused 621us total 53.397ms
08-05 16:17:18.543 22094 22104 I art     : WaitForGcToComplete blocked for 53.776ms for cause HeapTrim
08-05 16:17:18.561 22094 22338 I art     : Starting a blocking GC Explicit
08-05 16:17:18.615 22094 22338 I art     : Explicit concurrent mark sweep GC freed 3(96B) AllocSpace objects, 0(0B) LOS objects, 35% free, 29MB/45MB, paused 531us total 53.395ms
08-05 16:17:19.004 22094 22405 I art     : Starting a blocking GC Explicit
08-05 16:17:19.058 22094 22405 I art     : Explicit concurrent mark sweep GC freed 1355(82KB) AllocSpace objects, 1(20KB) LOS objects, 35% free, 29MB/45MB, paused 536us total 52.792ms
08-05 16:17:19.077 22094 22405 I art     : Starting a blocking GC Explicit
08-05 16:17:19.130 22094 22405 I art     : Explicit concurrent mark sweep GC freed 20(704B) AllocSpace objects, 0(0B) LOS objects, 35% free, 29MB/45MB, paused 540us total 53.222ms
08-05 16:17:19.150 22094 22405 I art     : Starting a blocking GC Explicit
08-05 16:17:19.198 22094 22405 I art     : Explicit concurrent mark sweep GC freed 3(96B) AllocSpace objects, 0(0B) LOS objects, 35% free, 29MB/45MB, paused 624us total 48.302ms
08-05 16:17:19.222 22094 22405 I art     : Starting a blocking GC Explicit
08-05 16:17:19.270 22094 22405 I art     : Explicit concurrent mark sweep GC freed 3(96B) AllocSpace objects, 0(0B) LOS objects, 35% free, 29MB/45MB, paused 492us total 48.480ms
08-05 16:17:19.290 22094 22405 I art     : Starting a blocking GC Explicit
08-05 16:17:19.335 22094 22405 I art     : Explicit concurrent mark sweep GC freed 3(96B) AllocSpace objects, 0(0B) LOS objects, 35% free, 29MB/45MB, paused 478us total 44.505ms
08-05 16:17:19.703 22094 22405 I art     : Starting a blocking GC Explicit
08-05 16:17:19.751 22094 22405 I art     : Explicit concurrent mark sweep GC freed 1355(82KB) AllocSpace objects, 1(20KB) LOS objects, 35% free, 29MB/45MB, paused 538us total 47.510ms
08-05 16:17:19.769 22094 22405 I art     : Starting a blocking GC Explicit
08-05 16:17:19.822 22094 22405 I art     : Explicit concurrent mark sweep GC freed 20(704B) AllocSpace objects, 0(0B) LOS objects, 35% free, 29MB/45MB, paused 498us total 52.763ms
08-05 16:17:19.841 22094 22405 I art     : Starting a blocking GC Explicit
08-05 16:17:19.888 22094 22405 I art     : Explicit concurrent mark sweep GC freed 3(96B) AllocSpace objects, 0(0B) LOS objects, 35% free, 29MB/45MB, paused 642us total 47.076ms
08-05 16:17:19.909 22094 22405 I art     : Starting a blocking GC Explicit
08-05 16:17:19.957 22094 22405 I art     : Explicit concurrent mark sweep GC freed 3(96B) AllocSpace objects, 0(0B) LOS objects, 35% free, 29MB/45MB, paused 513us total 47.780ms
08-05 16:17:19.975 22094 22405 I art     : Starting a blocking GC Explicit
08-05 16:17:20.033 22094 22405 I art     : Explicit concurrent mark sweep GC freed 3(96B) AllocSpace objects, 0(0B) LOS objects, 35% free, 29MB/45MB, paused 665us total 57.485ms
08-05 16:17:20.145 24200 24200 D AndroidRuntime: >>>>>> START com.android.internal.os.RuntimeInit uid 2000 <<<<<<
08-05 16:17:20.151 24200 24200 D AndroidRuntime: CheckJNI is OFF
08-05 16:17:20.192 24200 24200 D ICU     : No timezone override file found: /data/misc/zoneinfo/current/icu/icu_tzdata.dat
08-05 16:17:20.238 24200 24200 I Radio-JNI: register_android_hardware_Radio DONE
08-05 16:17:20.267 24200 24200 D AndroidRuntime: Calling main entry com.android.commands.input.Input
08-05 16:17:20.269 24200 24200 I Input   : injectKeyEvent: KeyEvent { action=ACTION_DOWN, keyCode=KEYCODE_BACK, scanCode=0, metaState=0, flags=0x0, repeatCount=0, eventTime=807456682, downTime=807456682, deviceId=-1, source=0x101 }
08-05 16:17:20.277 24200 24200 I Input   : injectKeyEvent: KeyEvent { action=ACTION_UP, keyCode=KEYCODE_BACK, scanCode=0, metaState=0, flags=0x0, repeatCount=0, eventTime=807456682, downTime=807456682, deviceId=-1, source=0x101 }
08-05 16:17:20.284 24200 24200 D AndroidRuntime: Shutting down VM
08-05 16:17:20.349 13866 13866 I GoogleInputMethodServic: GoogleInputMethodService.onFinishInput():3138 
08-05 16:17:20.349 13866 13866 I GoogleInputMethodServic: GoogleInputMethodService.onStartInput():1808 
08-05 16:17:20.444 22094 22122 I art     : Starting a blocking GC Explicit
08-05 16:17:20.488 22094 22122 I art     : Explicit concurrent mark sweep GC freed 1636(94KB) AllocSpace objects, 1(20KB) LOS objects, 35% free, 29MB/45MB, paused 455us total 42.779ms
08-05 16:17:20.508 22094 22122 I art     : Starting a blocking GC Explicit
08-05 16:17:20.553 22094 22122 I art     : Explicit concurrent mark sweep GC freed 24(864B) AllocSpace objects, 0(0B) LOS objects, 35% free, 29MB/45MB, paused 466us total 45.053ms
08-05 16:17:20.572 22094 22122 I art     : Starting a blocking GC Explicit
08-05 16:17:20.622 22094 22122 I art     : Explicit concurrent mark sweep GC freed 3(96B) AllocSpace objects, 0(0B) LOS objects, 35% free, 29MB/45MB, paused 584us total 49.501ms
08-05 16:17:20.643 22094 22122 I art     : Starting a blocking GC Explicit
08-05 16:17:20.684   380   380 W SurfaceFlinger: couldn't log to binary event log: overflow.
08-05 16:17:20.695 22094 22122 I art     : Explicit concurrent mark sweep GC freed 63(2448B) AllocSpace objects, 0(0B) LOS objects, 35% free, 29MB/45MB, paused 694us total 51.204ms
08-05 16:17:20.716 22094 22122 I art     : Starting a blocking GC Explicit
08-05 16:17:20.719   918  3263 D ConnectivityService: releasing NetworkRequest NetworkRequest [ id=3399, legacyType=-1, [ Capabilities: INTERNET&NOT_RESTRICTED&TRUSTED] ]
08-05 16:17:20.774 22094 22122 I art     : Explicit concurrent mark sweep GC freed 850(42KB) AllocSpace objects, 0(0B) LOS objects, 35% free, 29MB/45MB, paused 513us total 57.766ms
08-05 16:17:21.123 22094 22338 I art     : Starting a blocking GC Explicit
08-05 16:17:21.182 22094 22338 I art     : Explicit concurrent mark sweep GC freed 1504(90KB) AllocSpace objects, 1(20KB) LOS objects, 35% free, 29MB/45MB, paused 591us total 58.914ms
08-05 16:17:21.205 22094 22338 I art     : Starting a blocking GC Explicit
08-05 16:17:21.252 22094 22338 I art     : Explicit concurrent mark sweep GC freed 1969(116KB) AllocSpace objects, 1(28KB) LOS objects, 35% free, 29MB/45MB, paused 521us total 47.471ms
08-05 16:17:21.271 22094 22338 I art     : Starting a blocking GC Explicit
08-05 16:17:21.317 22094 22338 I art     : Explicit concurrent mark sweep GC freed 3(96B) AllocSpace objects, 0(0B) LOS objects, 35% free, 29MB/45MB, paused 601us total 45.876ms
08-05 16:17:21.335 22094 22338 I art     : Starting a blocking GC Explicit
08-05 16:17:21.382 22094 22338 I art     : Explicit concurrent mark sweep GC freed 3(96B) AllocSpace objects, 0(0B) LOS objects, 35% free, 29MB/45MB, paused 523us total 46.655ms
08-05 16:17:21.401 22094 22338 I art     : Starting a blocking GC Explicit
08-05 16:17:21.448 22094 22338 I art     : Explicit concurrent mark sweep GC freed 3(96B) AllocSpace objects, 0(0B) LOS objects, 35% free, 29MB/45MB, paused 552us total 47.263ms
08-05 16:17:21.781 22094 22106 I art     : Starting a blocking GC Explicit
08-05 16:17:21.831 22094 22106 I art     : Explicit concurrent mark sweep GC freed 1373(83KB) AllocSpace objects, 1(20KB) LOS objects, 35% free, 29MB/45MB, paused 525us total 49.084ms
08-05 16:17:21.849 22094 22106 I art     : Starting a blocking GC Explicit
08-05 16:17:21.895 22094 22106 I art     : Explicit concurrent mark sweep GC freed 26(928B) AllocSpace objects, 0(0B) LOS objects, 35% free, 29MB/45MB, paused 555us total 45.514ms
08-05 16:17:21.914 22094 22106 I art     : Starting a blocking GC Explicit
08-05 16:17:21.962 22094 22106 I art     : Explicit concurrent mark sweep GC freed 3(96B) AllocSpace objects, 0(0B) LOS objects, 35% free, 29MB/45MB, paused 544us total 47.926ms
08-05 16:17:21.980 22094 22106 I art     : Starting a blocking GC Explicit
08-05 16:17:22.028 22094 22106 I art     : Explicit concurrent mark sweep GC freed 3(96B) AllocSpace objects, 0(0B) LOS objects, 35% free, 29MB/45MB, paused 535us total 47.447ms
08-05 16:17:22.046 22094 22106 I art     : Starting a blocking GC Explicit
08-05 16:17:22.082 24233 24233 D AndroidRuntime: >>>>>> START com.android.internal.os.RuntimeInit uid 2000 <<<<<<
08-05 16:17:22.088 24233 24233 D AndroidRuntime: CheckJNI is OFF
08-05 16:17:22.095 22094 22106 I art     : Explicit concurrent mark sweep GC freed 3(96B) AllocSpace objects, 0(0B) LOS objects, 35% free, 29MB/45MB, paused 588us total 48.324ms
08-05 16:17:22.135 24233 24233 D ICU     : No timezone override file found: /data/misc/zoneinfo/current/icu/icu_tzdata.dat
08-05 16:17:22.180 24233 24233 I Radio-JNI: register_android_hardware_Radio DONE
08-05 16:17:22.210 24233 24233 D AndroidRuntime: Calling main entry com.android.commands.input.Input
08-05 16:17:22.212 24233 24233 I Input   : injectMotionEvent: MotionEvent { action=ACTION_DOWN, actionButton=0, id[0]=0, x[0]=600.0, y[0]=820.0, toolType[0]=TOOL_TYPE_UNKNOWN, buttonState=0, metaState=0, flags=0x0, edgeFlags=0x0, pointerCount=1, historySize=0, eventTime=807458625, downTime=807458625, deviceId=0, source=0x1002 }
08-05 16:17:22.225 24233 24233 I Input   : injectMotionEvent: MotionEvent { action=ACTION_UP, actionButton=0, id[0]=0, x[0]=600.0, y[0]=820.0, toolType[0]=TOOL_TYPE_UNKNOWN, buttonState=0, metaState=0, flags=0x0, edgeFlags=0x0, pointerCount=1, historySize=0, eventTime=807458625, downTime=807458625, deviceId=0, source=0x1002 }
08-05 16:17:22.228 24233 24233 D AndroidRuntime: Shutting down VM
08-05 16:17:22.245   512  2967 D audio_hw_primary: out_set_parameters: enter: usecase(1: low-latency-playback) kvpairs: routing=2
08-05 16:17:22.248   918  3359 I ActivityManager: START u0 {dat=https://oauth.reddit.com/... cmp=baseline.org.quantumbadger.redreader/.activities.CommentListingActivity} from uid 10689 on display 0
08-05 16:17:22.258   512  2967 D audio_hw_primary: select_devices: out_snd_device(2: speaker) in_snd_device(0: none)
08-05 16:17:22.258   512  2967 D msm8974_platform: platform_send_audio_calibration: sending audio calibration for snd_device(2) acdb_id(15)
08-05 16:17:22.259   512  2967 I soundtrigger: audio_extn_sound_trigger_update_device_status: device 0x2 of type 0 for Event 1
08-05 16:17:22.272   512  2967 D audio_hw_primary: enable_snd_device: snd_device(2: speaker)
08-05 16:17:22.275   512  2967 D audio_hw_primary: enable_audio_route: apply and update mixer path: low-latency-playback speaker
08-05 16:17:22.275 22094 22094 I AppCompatViewInflater: app:theme is now deprecated. Please move to using android:theme instead.
08-05 16:17:22.295 22094 24264 D OK      : calling: https://oauth.reddit.com/comments/hi3oht/.json?sort=confidence
08-05 16:17:22.383   918   936 I ActivityManager: Displayed baseline.org.quantumbadger.redreader/.activities.CommentListingActivity: +124ms
08-05 16:17:22.383 13866 13866 I GoogleInputMethodServic: GoogleInputMethodService.onFinishInput():3138 
08-05 16:17:22.384 13866 13866 I GoogleInputMethodServic: GoogleInputMethodService.onStartInput():1808 
08-05 16:17:22.425 22094 22122 I art     : Starting a blocking GC Explicit
08-05 16:17:22.471 22094 22122 I art     : Explicit concurrent mark sweep GC freed 6097(299KB) AllocSpace objects, 1(20KB) LOS objects, 35% free, 29MB/45MB, paused 846us total 45.737ms
08-05 16:17:22.489 22094 22122 I art     : Starting a blocking GC Explicit
08-05 16:17:22.534 22094 22122 I art     : Explicit concurrent mark sweep GC freed 543(26KB) AllocSpace objects, 0(0B) LOS objects, 35% free, 29MB/45MB, paused 559us total 44.096ms
08-05 16:17:22.555 22094 22122 I art     : Starting a blocking GC Explicit
08-05 16:17:22.606 22094 22122 I art     : Explicit concurrent mark sweep GC freed 7(256B) AllocSpace objects, 0(0B) LOS objects, 35% free, 29MB/45MB, paused 655us total 50.619ms
08-05 16:17:22.613 22094 24264 I NAPPA_EXPERIMENTATION: MetricNetworkRequestExecutionTime: REQUEST_DURATION_SYSTEM='318',REQUEST_DURATION_OKHTTP='149',REQUEST_SYNCHRONOUS='TRUE',RESPONSE_CODE='200',RESPONSE_METHOD='GET',RESPONSE_LENGTH_OKHTTP='-1',RESPONSE_LENGTH_HEADER='167875',REQUEST_PROTOCOL='h2',REQUEST_URL='https://oauth.reddit.com/comments/hi3oht/.json?sort=confidence',
08-05 16:17:22.613 22094 24264 D OK      : request got status: 200
08-05 16:17:22.621   380   380 W SurfaceFlinger: couldn't log to binary event log: overflow.
08-05 16:17:22.625 22094 22122 I art     : Starting a blocking GC Explicit
08-05 16:17:22.629 22094 22684 I CommentListingActivity: COMMENTS session changed to 0f83585e-0a39-4c4c-a3be-6728736e88c5
08-05 16:17:22.672 22094 22122 I art     : Explicit concurrent mark sweep GC freed 797(117KB) AllocSpace objects, 1(16KB) LOS objects, 34% free, 30MB/46MB, paused 773us total 46.450ms
08-05 16:17:22.689 22094 22122 I art     : Starting a blocking GC Explicit
08-05 16:17:22.738 22094 22122 I art     : Explicit concurrent mark sweep GC freed 6407(439KB) AllocSpace objects, 1(24KB) LOS objects, 34% free, 30MB/46MB, paused 1.129ms total 49.037ms
08-05 16:17:22.808   512  2967 D audio_hw_primary: disable_audio_route: reset and update mixer path: low-latency-playback speaker
08-05 16:17:22.809   512  2967 D audio_hw_primary: disable_snd_device: snd_device(2: speaker)
08-05 16:17:22.816   512  2967 I soundtrigger: audio_extn_sound_trigger_update_device_status: device 0x2 of type 0 for Event 0
08-05 16:17:23.055 22094 22106 I art     : Starting a blocking GC Explicit
08-05 16:17:23.148 22094 22106 I art     : Explicit concurrent mark sweep GC freed 52862(3MB) AllocSpace objects, 4(80KB) LOS objects, 31% free, 35MB/51MB, paused 997us total 92.475ms
08-05 16:17:23.174 22094 22106 I art     : Starting a blocking GC Explicit
08-05 16:17:23.240 22094 22106 I art     : Explicit concurrent mark sweep GC freed 36833(1727KB) AllocSpace objects, 4(168KB) LOS objects, 32% free, 33MB/49MB, paused 554us total 65.577ms
08-05 16:17:23.263 22094 22106 I art     : Starting a blocking GC Explicit
08-05 16:17:23.328 22094 22106 I art     : Explicit concurrent mark sweep GC freed 18(752B) AllocSpace objects, 0(0B) LOS objects, 32% free, 33MB/49MB, paused 549us total 64.503ms
08-05 16:17:23.350 22094 22106 I art     : Starting a blocking GC Explicit
08-05 16:17:23.414 22094 22106 I art     : Explicit concurrent mark sweep GC freed 3(96B) AllocSpace objects, 0(0B) LOS objects, 32% free, 33MB/49MB, paused 619us total 63.595ms
08-05 16:17:23.437 22094 22106 I art     : Starting a blocking GC Explicit
08-05 16:17:23.503 22094 22106 I art     : Explicit concurrent mark sweep GC freed 3(96B) AllocSpace objects, 0(0B) LOS objects, 32% free, 33MB/49MB, paused 569us total 66.554ms
08-05 16:17:23.843 22094 22405 I art     : Starting a blocking GC Explicit
08-05 16:17:23.928 22094 22405 I art     : Explicit concurrent mark sweep GC freed 1354(82KB) AllocSpace objects, 1(20KB) LOS objects, 32% free, 33MB/49MB, paused 621us total 84.418ms
08-05 16:17:23.953 22094 22405 I art     : Starting a blocking GC Explicit
08-05 16:17:24.031 22094 22405 I art     : Explicit concurrent mark sweep GC freed 66(2528B) AllocSpace objects, 0(0B) LOS objects, 32% free, 33MB/49MB, paused 564us total 77.074ms
08-05 16:17:24.054 22094 22405 I art     : Starting a blocking GC Explicit
08-05 16:17:24.133 22094 22405 I art     : Explicit concurrent mark sweep GC freed 3(96B) AllocSpace objects, 0(0B) LOS objects, 32% free, 33MB/49MB, paused 596us total 78.798ms
08-05 16:17:24.159 22094 22405 I art     : Starting a blocking GC Explicit
08-05 16:17:24.233 22094 22405 I art     : Explicit concurrent mark sweep GC freed 3(96B) AllocSpace objects, 0(0B) LOS objects, 32% free, 33MB/49MB, paused 569us total 73.832ms
08-05 16:17:24.256 22094 22405 I art     : Starting a blocking GC Explicit
08-05 16:17:24.332 22094 22405 I art     : Explicit concurrent mark sweep GC freed 3(96B) AllocSpace objects, 0(0B) LOS objects, 32% free, 33MB/49MB, paused 589us total 76.092ms
08-05 16:17:24.704 22094 22122 I art     : Starting a blocking GC Explicit
08-05 16:17:24.801 22094 22122 I art     : Explicit concurrent mark sweep GC freed 1354(82KB) AllocSpace objects, 1(20KB) LOS objects, 32% free, 33MB/49MB, paused 579us total 96.415ms
08-05 16:17:24.828 22094 22122 I art     : Starting a blocking GC Explicit
08-05 16:17:24.910 22094 22122 I art     : Explicit concurrent mark sweep GC freed 20(704B) AllocSpace objects, 0(0B) LOS objects, 32% free, 33MB/49MB, paused 608us total 81.756ms
08-05 16:17:24.935 22094 22122 I art     : Starting a blocking GC Explicit
08-05 16:17:25.015 22094 22122 I art     : Explicit concurrent mark sweep GC freed 3(96B) AllocSpace objects, 0(0B) LOS objects, 32% free, 33MB/49MB, paused 629us total 80.168ms
08-05 16:17:25.040 22094 22122 I art     : Starting a blocking GC Explicit
08-05 16:17:25.118 22094 22122 I art     : Explicit concurrent mark sweep GC freed 3(96B) AllocSpace objects, 0(0B) LOS objects, 32% free, 33MB/49MB, paused 643us total 77.512ms
08-05 16:17:25.144 22094 22122 I art     : Starting a blocking GC Explicit
08-05 16:17:25.218 22094 22122 I art     : Explicit concurrent mark sweep GC freed 3(96B) AllocSpace objects, 0(0B) LOS objects, 32% free, 33MB/49MB, paused 686us total 73.008ms
08-05 16:17:25.588 22094 22105 I art     : Starting a blocking GC Explicit
08-05 16:17:25.680 22094 22105 I art     : Explicit concurrent mark sweep GC freed 1354(82KB) AllocSpace objects, 1(20KB) LOS objects, 32% free, 33MB/49MB, paused 680us total 90.917ms
08-05 16:17:25.705 22094 22105 I art     : Starting a blocking GC Explicit
08-05 16:17:25.725   918  3188 I hubconnection: sensorhub said: 'set_bias 3: -6.2400, 0.0000, 0.0000'
08-05 16:17:25.782 22094 22105 I art     : Explicit concurrent mark sweep GC freed 20(704B) AllocSpace objects, 0(0B) LOS objects, 32% free, 33MB/49MB, paused 583us total 76.382ms
08-05 16:17:25.805 22094 22105 I art     : Starting a blocking GC Explicit
08-05 16:17:25.882 22094 22105 I art     : Explicit concurrent mark sweep GC freed 3(96B) AllocSpace objects, 0(0B) LOS objects, 32% free, 33MB/49MB, paused 643us total 76.857ms
08-05 16:17:25.908 22094 22105 I art     : Starting a blocking GC Explicit
08-05 16:17:25.983 22094 22105 I art     : Explicit concurrent mark sweep GC freed 3(96B) AllocSpace objects, 0(0B) LOS objects, 32% free, 33MB/49MB, paused 594us total 74.132ms
08-05 16:17:26.007 22094 22105 I art     : Starting a blocking GC Explicit
08-05 16:17:26.082 22094 22105 I art     : Explicit concurrent mark sweep GC freed 3(96B) AllocSpace objects, 0(0B) LOS objects, 32% free, 33MB/49MB, paused 583us total 75.420ms
08-05 16:17:26.461 22094 22338 I art     : Starting a blocking GC Explicit
08-05 16:17:26.533 22094 22338 I art     : Explicit concurrent mark sweep GC freed 1354(82KB) AllocSpace objects, 1(20KB) LOS objects, 32% free, 33MB/49MB, paused 551us total 71.462ms
08-05 16:17:26.555 22094 22338 I art     : Starting a blocking GC Explicit
08-05 16:17:26.622 22094 22338 I art     : Explicit concurrent mark sweep GC freed 20(704B) AllocSpace objects, 0(0B) LOS objects, 32% free, 33MB/49MB, paused 627us total 66ms
08-05 16:17:26.644 22094 22338 I art     : Starting a blocking GC Explicit
08-05 16:17:26.714 22094 22338 I art     : Explicit concurrent mark sweep GC freed 3(96B) AllocSpace objects, 0(0B) LOS objects, 32% free, 33MB/49MB, paused 600us total 69.703ms
08-05 16:17:26.736 22094 22338 I art     : Starting a blocking GC Explicit
08-05 16:17:26.808 22094 22338 I art     : Explicit concurrent mark sweep GC freed 13(352B) AllocSpace objects, 0(0B) LOS objects, 32% free, 33MB/49MB, paused 603us total 71.430ms
08-05 16:17:26.831 22094 22338 I art     : Starting a blocking GC Explicit
08-05 16:17:26.905 22094 22338 I art     : Explicit concurrent mark sweep GC freed 34(1888B) AllocSpace objects, 0(0B) LOS objects, 32% free, 33MB/49MB, paused 620us total 74.576ms
08-05 16:17:27.041 24322 24322 D AndroidRuntime: >>>>>> START com.android.internal.os.RuntimeInit uid 2000 <<<<<<
08-05 16:17:27.049 24322 24322 D AndroidRuntime: CheckJNI is OFF
08-05 16:17:27.093 24322 24322 D ICU     : No timezone override file found: /data/misc/zoneinfo/current/icu/icu_tzdata.dat
08-05 16:17:27.134 24322 24322 I Radio-JNI: register_android_hardware_Radio DONE
08-05 16:17:27.162 24322 24322 D AndroidRuntime: Calling main entry com.android.commands.input.Input
08-05 16:17:27.164 24322 24322 I Input   : injectKeyEvent: KeyEvent { action=ACTION_DOWN, keyCode=KEYCODE_BACK, scanCode=0, metaState=0, flags=0x0, repeatCount=0, eventTime=807463577, downTime=807463577, deviceId=-1, source=0x101 }
08-05 16:17:27.176 24322 24322 I Input   : injectKeyEvent: KeyEvent { action=ACTION_UP, keyCode=KEYCODE_BACK, scanCode=0, metaState=0, flags=0x0, repeatCount=0, eventTime=807463577, downTime=807463577, deviceId=-1, source=0x101 }
08-05 16:17:27.182 24322 24322 D AndroidRuntime: Shutting down VM
08-05 16:17:27.221 13866 13866 I GoogleInputMethodServic: GoogleInputMethodService.onFinishInput():3138 
08-05 16:17:27.222 13866 13866 I GoogleInputMethodServic: GoogleInputMethodService.onStartInput():1808 
08-05 16:17:27.260 22094 24259 I RedditChangeDataIO: Writing tmp data file at '/data/user/0/baseline.org.quantumbadger.redreader/files/rr_change_data_tmp.dat'
08-05 16:17:27.261 22094 24259 I RedditChangeDataManager: Taking snapshot...
08-05 16:17:27.261 22094 24259 I RedditChangeDataManager: Writing to stream...
08-05 16:17:27.261 22094 24259 I RedditChangeDataManager: Wrote 5 entries for user ''
08-05 16:17:27.261 22094 24259 I RedditChangeDataManager: All entries written to stream.
08-05 16:17:27.261 22094 24259 I RedditChangeDataIO: Write successful. Atomically replacing data file...
08-05 16:17:27.262 22094 24259 I RedditChangeDataIO: Write complete.
08-05 16:17:27.262 22094 24259 I RedditChangeDataIO: 134 bytes written in 2 ms
08-05 16:17:27.267 22094 22338 I art     : Starting a blocking GC Explicit
08-05 16:17:27.328 22094 22338 I art     : Explicit concurrent mark sweep GC freed 1715(97KB) AllocSpace objects, 2(88KB) LOS objects, 32% free, 33MB/49MB, paused 557us total 60.764ms
08-05 16:17:27.351 22094 22338 I art     : Starting a blocking GC Explicit
08-05 16:17:27.409 22094 22338 I art     : Explicit concurrent mark sweep GC freed 27(960B) AllocSpace objects, 0(0B) LOS objects, 32% free, 33MB/49MB, paused 463us total 57.664ms
08-05 16:17:27.430 22094 22338 I art     : Starting a blocking GC Explicit
08-05 16:17:27.489 22094 22338 I art     : Explicit concurrent mark sweep GC freed 3(96B) AllocSpace objects, 0(0B) LOS objects, 32% free, 33MB/49MB, paused 519us total 58.416ms
08-05 16:17:27.509 22094 22338 I art     : Starting a blocking GC Explicit
08-05 16:17:27.525   380   380 W SurfaceFlinger: couldn't log to binary event log: overflow.
08-05 16:17:27.568 22094 22338 I art     : Explicit concurrent mark sweep GC freed 61(2240B) AllocSpace objects, 0(0B) LOS objects, 32% free, 33MB/49MB, paused 566us total 58.344ms
08-05 16:17:27.589 22094 22338 I art     : Starting a blocking GC Explicit
08-05 16:17:27.652 22094 22338 I art     : Explicit concurrent mark sweep GC freed 11(448B) AllocSpace objects, 0(0B) LOS objects, 32% free, 33MB/49MB, paused 546us total 62.575ms
08-05 16:17:27.977 22094 22122 I art     : Starting a blocking GC Explicit
08-05 16:17:28.044 22094 22122 I art     : Explicit concurrent mark sweep GC freed 77842(4MB) AllocSpace objects, 6(160KB) LOS objects, 35% free, 29MB/45MB, paused 596us total 66.882ms
08-05 16:17:28.062 22094 22122 I art     : Starting a blocking GC Explicit
08-05 16:17:28.106 22094 22122 I art     : Explicit concurrent mark sweep GC freed 20(704B) AllocSpace objects, 0(0B) LOS objects, 35% free, 29MB/45MB, paused 559us total 43.304ms
08-05 16:17:28.125 22094 22122 I art     : Starting a blocking GC Explicit
08-05 16:17:28.171 22094 22122 I art     : Explicit concurrent mark sweep GC freed 238(36KB) AllocSpace objects, 0(0B) LOS objects, 35% free, 29MB/45MB, paused 587us total 45.987ms
08-05 16:17:28.190 22094 22122 I art     : Starting a blocking GC Explicit
08-05 16:17:28.235 22094 22122 I art     : Explicit concurrent mark sweep GC freed 68(2272B) AllocSpace objects, 0(0B) LOS objects, 35% free, 29MB/45MB, paused 512us total 45.414ms
08-05 16:17:28.254 22094 22122 I art     : Starting a blocking GC Explicit
08-05 16:17:28.300 22094 22122 I art     : Explicit concurrent mark sweep GC freed 3(96B) AllocSpace objects, 0(0B) LOS objects, 35% free, 29MB/45MB, paused 519us total 46.349ms
08-05 16:17:28.621 22094 22106 I art     : Starting a blocking GC Explicit
08-05 16:17:28.677 22094 22106 I art     : Explicit concurrent mark sweep GC freed 1355(82KB) AllocSpace objects, 1(20KB) LOS objects, 35% free, 29MB/45MB, paused 586us total 55.192ms
08-05 16:17:28.700 22094 22106 I art     : Starting a blocking GC Explicit
08-05 16:17:28.744 22094 22106 I art     : Explicit concurrent mark sweep GC freed 20(704B) AllocSpace objects, 0(0B) LOS objects, 35% free, 29MB/45MB, paused 550us total 44.165ms
08-05 16:17:28.762 22094 22106 I art     : Starting a blocking GC Explicit
08-05 16:17:28.807 22094 22106 I art     : Explicit concurrent mark sweep GC freed 3(96B) AllocSpace objects, 0(0B) LOS objects, 35% free, 29MB/45MB, paused 550us total 44.592ms
08-05 16:17:28.825 22094 22106 I art     : Starting a blocking GC Explicit
08-05 16:17:28.870 22094 22106 I art     : Explicit concurrent mark sweep GC freed 3(96B) AllocSpace objects, 0(0B) LOS objects, 35% free, 29MB/45MB, paused 518us total 45.065ms
08-05 16:17:28.889 22094 22106 I art     : Starting a blocking GC Explicit
08-05 16:17:28.936 22094 22106 I art     : Explicit concurrent mark sweep GC freed 5(160B) AllocSpace objects, 0(0B) LOS objects, 35% free, 29MB/45MB, paused 511us total 47.017ms
08-05 16:17:28.937 22094 22104 I art     : WaitForGcToComplete blocked for 8.454ms for cause HeapTrim
08-05 16:17:28.992 24355 24355 D AndroidRuntime: >>>>>> START com.android.internal.os.RuntimeInit uid 2000 <<<<<<
08-05 16:17:28.999 24355 24355 D AndroidRuntime: CheckJNI is OFF
08-05 16:17:29.044 24355 24355 D ICU     : No timezone override file found: /data/misc/zoneinfo/current/icu/icu_tzdata.dat
08-05 16:17:29.091 24355 24355 I Radio-JNI: register_android_hardware_Radio DONE
08-05 16:17:29.121 24355 24355 D AndroidRuntime: Calling main entry com.android.commands.input.Input
08-05 16:17:29.123 24355 24355 I Input   : injectMotionEvent: MotionEvent { action=ACTION_DOWN, actionButton=0, id[0]=0, x[0]=600.0, y[0]=580.0, toolType[0]=TOOL_TYPE_UNKNOWN, buttonState=0, metaState=0, flags=0x0, edgeFlags=0x0, pointerCount=1, historySize=0, eventTime=807465536, downTime=807465536, deviceId=0, source=0x1002 }
08-05 16:17:29.129 24355 24355 I Input   : injectMotionEvent: MotionEvent { action=ACTION_UP, actionButton=0, id[0]=0, x[0]=600.0, y[0]=580.0, toolType[0]=TOOL_TYPE_UNKNOWN, buttonState=0, metaState=0, flags=0x0, edgeFlags=0x0, pointerCount=1, historySize=0, eventTime=807465536, downTime=807465536, deviceId=0, source=0x1002 }
08-05 16:17:29.131 24355 24355 D AndroidRuntime: Shutting down VM
08-05 16:17:29.149   512  2967 D audio_hw_primary: out_set_parameters: enter: usecase(1: low-latency-playback) kvpairs: routing=2
08-05 16:17:29.149   918  3696 I ActivityManager: START u0 {cmp=baseline.org.quantumbadger.redreader/.activities.WebViewActivity (has extras)} from uid 10689 on display 0
08-05 16:17:29.162   512  2967 D audio_hw_primary: select_devices: out_snd_device(2: speaker) in_snd_device(0: none)
08-05 16:17:29.162   512  2967 D msm8974_platform: platform_send_audio_calibration: sending audio calibration for snd_device(2) acdb_id(15)
08-05 16:17:29.162   512  2967 I soundtrigger: audio_extn_sound_trigger_update_device_status: device 0x2 of type 0 for Event 1
08-05 16:17:29.175   512  2967 D audio_hw_primary: enable_snd_device: snd_device(2: speaker)
08-05 16:17:29.175 22094 22094 I AppCompatViewInflater: app:theme is now deprecated. Please move to using android:theme instead.
08-05 16:17:29.178   512  2967 D audio_hw_primary: enable_audio_route: apply and update mixer path: low-latency-playback speaker
08-05 16:17:29.196   918  3961 D ConnectivityService: listenForNetwork for Listen from uid/pid:10689/22094 for NetworkRequest [ id=3400, legacyType=-1, [ Capabilities: INTERNET&NOT_RESTRICTED&TRUSTED] ]
08-05 16:17:29.283 22094 22405 I art     : Starting a blocking GC Explicit
08-05 16:17:29.318   918   936 I ActivityManager: Displayed baseline.org.quantumbadger.redreader/.activities.WebViewActivity: +160ms
08-05 16:17:29.319 13866 13866 I GoogleInputMethodServic: GoogleInputMethodService.onFinishInput():3138 
08-05 16:17:29.320 13866 13866 I GoogleInputMethodServic: GoogleInputMethodService.onStartInput():1808 
08-05 16:17:29.327 22094 22405 I art     : Explicit concurrent mark sweep GC freed 5889(311KB) AllocSpace objects, 1(20KB) LOS objects, 35% free, 29MB/45MB, paused 568us total 43.963ms
08-05 16:17:29.352 22094 22405 I art     : Starting a blocking GC Explicit
08-05 16:17:29.393 22094 22405 I art     : Explicit concurrent mark sweep GC freed 528(29KB) AllocSpace objects, 0(0B) LOS objects, 35% free, 29MB/45MB, paused 470us total 40.730ms
08-05 16:17:29.411 22094 22405 I art     : Starting a blocking GC Explicit
08-05 16:17:29.455 22094 22405 I art     : Explicit concurrent mark sweep GC freed 36(1424B) AllocSpace objects, 0(0B) LOS objects, 35% free, 29MB/45MB, paused 494us total 43.052ms
08-05 16:17:29.476 22094 22405 I art     : Starting a blocking GC Explicit
08-05 16:17:29.531 22094 22405 I art     : Explicit concurrent mark sweep GC freed 4(128B) AllocSpace objects, 0(0B) LOS objects, 35% free, 29MB/45MB, paused 734us total 54.873ms
08-05 16:17:29.556 22094 22405 I art     : Starting a blocking GC Explicit
08-05 16:17:29.578   380   380 W SurfaceFlinger: couldn't log to binary event log: overflow.
08-05 16:17:29.603 22094 22405 I art     : Explicit concurrent mark sweep GC freed 12(464B) AllocSpace objects, 0(0B) LOS objects, 35% free, 29MB/45MB, paused 505us total 46.686ms
08-05 16:17:29.719   512  2967 D audio_hw_primary: disable_audio_route: reset and update mixer path: low-latency-playback speaker
08-05 16:17:29.720   512  2967 D audio_hw_primary: disable_snd_device: snd_device(2: speaker)
08-05 16:17:29.729   512  2967 I soundtrigger: audio_extn_sound_trigger_update_device_status: device 0x2 of type 0 for Event 0
08-05 16:17:29.992 22094 22122 I art     : Starting a blocking GC Explicit
08-05 16:17:30.042 22094 22122 I art     : Explicit concurrent mark sweep GC freed 2289(134KB) AllocSpace objects, 1(20KB) LOS objects, 35% free, 29MB/45MB, paused 644us total 49.983ms
08-05 16:17:30.065 22094 22122 I art     : Starting a blocking GC Explicit
08-05 16:17:30.116 22094 22122 I art     : Explicit concurrent mark sweep GC freed 31(1056B) AllocSpace objects, 0(0B) LOS objects, 35% free, 29MB/45MB, paused 566us total 50.322ms
08-05 16:17:30.135 22094 22122 I art     : Starting a blocking GC Explicit
08-05 16:17:30.185 22094 22122 I art     : Explicit concurrent mark sweep GC freed 13(400B) AllocSpace objects, 0(0B) LOS objects, 35% free, 29MB/45MB, paused 632us total 49.592ms
08-05 16:17:30.204 22094 22122 I art     : Starting a blocking GC Explicit
08-05 16:17:30.251 22094 22122 I art     : Explicit concurrent mark sweep GC freed 11(336B) AllocSpace objects, 0(0B) LOS objects, 35% free, 29MB/45MB, paused 490us total 46.505ms
08-05 16:17:30.270 22094 22122 I art     : Starting a blocking GC Explicit
08-05 16:17:30.320 22094 22122 I art     : Explicit concurrent mark sweep GC freed 11(352B) AllocSpace objects, 0(0B) LOS objects, 35% free, 29MB/45MB, paused 500us total 49.333ms
08-05 16:17:30.713 22094 22338 I art     : Starting a blocking GC Explicit
08-05 16:17:30.772 22094 22338 I art     : Explicit concurrent mark sweep GC freed 1410(84KB) AllocSpace objects, 1(20KB) LOS objects, 35% free, 29MB/45MB, paused 689us total 58.866ms
08-05 16:17:30.794 22094 22338 I art     : Starting a blocking GC Explicit
08-05 16:17:30.851 22094 22338 I art     : Explicit concurrent mark sweep GC freed 27(928B) AllocSpace objects, 0(0B) LOS objects, 35% free, 29MB/45MB, paused 886us total 56.612ms
08-05 16:17:30.872 22094 22338 I art     : Starting a blocking GC Explicit
08-05 16:17:30.928 22094 22338 I art     : Explicit concurrent mark sweep GC freed 21(672B) AllocSpace objects, 0(0B) LOS objects, 35% free, 29MB/45MB, paused 504us total 55.962ms
08-05 16:17:30.934 22094 22094 I chromium: [INFO:CONSOLE(1)] "
08-05 16:17:30.934 22094 22094 I chromium:                   ,d"=,.,qOp,
08-05 16:17:30.934 22094 22094 I chromium:                  ,7'  ''$(  )
08-05 16:17:30.934 22094 22094 I chromium:                 ,7'      '?q$7'
08-05 16:17:30.934 22094 22094 I chromium:              ..,$$,.
08-05 16:17:30.934 22094 22094 I chromium:    ,.  .,,--***""***--,,.  .,
08-05 16:17:30.934 22094 22094 I chromium:     ,p''              ''q,   
08-05 16:17:30.934 22094 22094 I chromium: :  ,7'                      '7,  :
08-05 16:17:30.934 22094 22094 I chromium:  ' $      ,db,      ,db,      $ '
08-05 16:17:30.934 22094 22094 I chromium:   '$      $$      $$      $'    Using Reddit at work? Work for Reddit.
08-05 16:17:30.934 22094 22094 I chromium:   '$                          $'        https://www.reddit.com/jobs
08-05 16:17:30.934 22094 22094 I chromium:    '$.     .,        ,.     .$'
08-05 16:17:30.934 22094 22094 I chromium:     'b,     ''     ,d'
08-05 16:17:30.934 22094 22094 I chromium:      '?bn,,          ,,nd?'
08-05 16:17:30.934 22094 22094 I chromium:        ,7$ '''' $7,
08-05 16:17:30.934 22094 22094 I chromium:      , $              $ ,
08-05 16:17:30.934 22094 22094 I chromium:      $  :$              $:  $
08-05 16:17:30.934 22094 22094 I chromium:      $   $              $   $
08-05 16:17:30.934 22094 22094 I chromium:      'b  q:            :p  d'
08-05 16:17:30.934 22094 22094 I chromium:       '?$.          .$?'
08-05 16:17:30.934 22094 22094 I chromium:          'b            d'
08-05 16:17:30.934 22094 22094 I chromium:        ,'?,.      .,?',
08-05 16:17:30.934 22094 22094 I chromium:       ==--==--==--==
08-05 16:17:30.934 22094 22094 I chromium: ", source: https://www.redditstatic.com/desktop2x/Chat~Governance~Reddit.2ea93b134a9b2e5b1d9a.js (1)
08-05 16:17:30.951 22094 22338 I art     : Starting a blocking GC Explicit
08-05 16:17:31.004 22094 22338 I art     : Explicit concurrent mark sweep GC freed 26(3008B) AllocSpace objects, 0(0B) LOS objects, 35% free, 29MB/45MB, paused 558us total 52.659ms
08-05 16:17:31.023 22094 22338 I art     : Starting a blocking GC Explicit
08-05 16:17:31.075 22094 22338 I art     : Explicit concurrent mark sweep GC freed 19(608B) AllocSpace objects, 0(0B) LOS objects, 35% free, 29MB/45MB, paused 543us total 52.012ms
08-05 16:17:31.340   518   646 I ThermalEngine: ACTION: GPU - Setting GPU[0] to 390000000
08-05 16:17:31.465 22094 22338 I art     : Starting a blocking GC Explicit
08-05 16:17:31.523 22094 22338 I art     : Explicit concurrent mark sweep GC freed 1375(83KB) AllocSpace objects, 1(20KB) LOS objects, 35% free, 29MB/45MB, paused 848us total 57.389ms
08-05 16:17:31.549 22094 22338 I art     : Starting a blocking GC Explicit
08-05 16:17:31.605 22094 22338 I art     : Explicit concurrent mark sweep GC freed 22(768B) AllocSpace objects, 0(0B) LOS objects, 35% free, 29MB/45MB, paused 788us total 55.360ms
08-05 16:17:31.630 22094 22338 I art     : Starting a blocking GC Explicit
08-05 16:17:31.683 22094 22338 I art     : Explicit concurrent mark sweep GC freed 3(96B) AllocSpace objects, 0(0B) LOS objects, 35% free, 29MB/45MB, paused 829us total 52.795ms
08-05 16:17:31.707 22094 22338 I art     : Starting a blocking GC Explicit
08-05 16:17:31.765 22094 22338 I art     : Explicit concurrent mark sweep GC freed 3(96B) AllocSpace objects, 0(0B) LOS objects, 35% free, 29MB/45MB, paused 1.046ms total 57.408ms
08-05 16:17:31.789 22094 22338 I art     : Starting a blocking GC Explicit
08-05 16:17:31.845 22094 22338 I art     : Explicit concurrent mark sweep GC freed 3(96B) AllocSpace objects, 0(0B) LOS objects, 35% free, 29MB/45MB, paused 883us total 56.465ms
08-05 16:17:32.236 22094 22105 I art     : Starting a blocking GC Explicit
08-05 16:17:32.294 22094 22105 I art     : Explicit concurrent mark sweep GC freed 1355(82KB) AllocSpace objects, 1(20KB) LOS objects, 35% free, 29MB/45MB, paused 938us total 57.162ms
08-05 16:17:32.318 22094 22105 I art     : Starting a blocking GC Explicit
08-05 16:17:32.374 22094 22105 I art     : Explicit concurrent mark sweep GC freed 20(704B) AllocSpace objects, 0(0B) LOS objects, 35% free, 29MB/45MB, paused 905us total 55.544ms
08-05 16:17:32.400 22094 22105 I art     : Starting a blocking GC Explicit
08-05 16:17:32.462 22094 22105 I art     : Explicit concurrent mark sweep GC freed 206(12KB) AllocSpace objects, 0(0B) LOS objects, 35% free, 29MB/45MB, paused 842us total 61.353ms
08-05 16:17:32.485 22094 22105 I art     : Starting a blocking GC Explicit
08-05 16:17:32.592 22094 22105 I art     : Explicit concurrent mark sweep GC freed 24(2880B) AllocSpace objects, 0(0B) LOS objects, 35% free, 29MB/45MB, paused 955us total 107.047ms
08-05 16:17:32.628 22094 22105 I art     : Starting a blocking GC Explicit
08-05 16:17:32.679 22094 22105 I art     : Explicit concurrent mark sweep GC freed 3(96B) AllocSpace objects, 0(0B) LOS objects, 35% free, 29MB/45MB, paused 849us total 51.182ms
08-05 16:17:33.066 22094 22105 I art     : Starting a blocking GC Explicit
08-05 16:17:33.136 22094 22105 I art     : Explicit concurrent mark sweep GC freed 1355(82KB) AllocSpace objects, 1(20KB) LOS objects, 35% free, 29MB/45MB, paused 820us total 69.564ms
08-05 16:17:33.161 22094 22105 I art     : Starting a blocking GC Explicit
08-05 16:17:33.219 22094 22105 I art     : Explicit concurrent mark sweep GC freed 66(3KB) AllocSpace objects, 0(0B) LOS objects, 35% free, 29MB/45MB, paused 1.466ms total 58.144ms
08-05 16:17:33.243 22094 22105 I art     : Starting a blocking GC Explicit
08-05 16:17:33.300 22094 22105 I art     : Explicit concurrent mark sweep GC freed 3(96B) AllocSpace objects, 0(0B) LOS objects, 35% free, 29MB/45MB, paused 998us total 56.503ms
08-05 16:17:33.333 22094 22105 I art     : Starting a blocking GC Explicit
08-05 16:17:33.392 22094 22105 I art     : Explicit concurrent mark sweep GC freed 3(96B) AllocSpace objects, 0(0B) LOS objects, 35% free, 29MB/45MB, paused 898us total 58.239ms
08-05 16:17:33.419 22094 22105 I art     : Starting a blocking GC Explicit
08-05 16:17:33.474 22094 22105 I art     : Explicit concurrent mark sweep GC freed 3(96B) AllocSpace objects, 0(0B) LOS objects, 35% free, 29MB/45MB, paused 745us total 54.881ms
08-05 16:17:33.876 22094 22106 I art     : Starting a blocking GC Explicit
08-05 16:17:33.946 22094 22106 I art     : Explicit concurrent mark sweep GC freed 1355(82KB) AllocSpace objects, 1(20KB) LOS objects, 35% free, 29MB/45MB, paused 875us total 69.937ms
08-05 16:17:33.970 22094 22106 I art     : Starting a blocking GC Explicit
08-05 16:17:34.035 22094 22106 I art     : Explicit concurrent mark sweep GC freed 20(704B) AllocSpace objects, 0(0B) LOS objects, 35% free, 29MB/45MB, paused 895us total 64.012ms
08-05 16:17:34.048 24473 24473 D AndroidRuntime: >>>>>> START com.android.internal.os.RuntimeInit uid 2000 <<<<<<
08-05 16:17:34.054 24473 24473 D AndroidRuntime: CheckJNI is OFF
08-05 16:17:34.059 22094 22106 I art     : Starting a blocking GC Explicit
08-05 16:17:34.113 24473 24473 D ICU     : No timezone override file found: /data/misc/zoneinfo/current/icu/icu_tzdata.dat
08-05 16:17:34.124 22094 22106 I art     : Explicit concurrent mark sweep GC freed 3(96B) AllocSpace objects, 0(0B) LOS objects, 35% free, 29MB/45MB, paused 1.487ms total 63.834ms
08-05 16:17:34.149 22094 22106 I art     : Starting a blocking GC Explicit
08-05 16:17:34.159 22094 24406 I RedditChangeDataIO: Writing tmp data file at '/data/user/0/baseline.org.quantumbadger.redreader/files/rr_change_data_tmp.dat'
08-05 16:17:34.160 22094 24406 I RedditChangeDataManager: Taking snapshot...
08-05 16:17:34.160 22094 24406 I RedditChangeDataManager: Writing to stream...
08-05 16:17:34.160 22094 24406 I RedditChangeDataManager: Wrote 5 entries for user ''
08-05 16:17:34.160 22094 24406 I RedditChangeDataManager: All entries written to stream.
08-05 16:17:34.161 22094 24406 I RedditChangeDataIO: Write successful. Atomically replacing data file...
08-05 16:17:34.161 22094 24406 I RedditChangeDataIO: Write complete.
08-05 16:17:34.161 22094 24406 I RedditChangeDataIO: 134 bytes written in 2 ms
08-05 16:17:34.162 24473 24473 I Radio-JNI: register_android_hardware_Radio DONE
08-05 16:17:34.194 24473 24473 D AndroidRuntime: Calling main entry com.android.commands.input.Input
08-05 16:17:34.197 24473 24473 I Input   : injectKeyEvent: KeyEvent { action=ACTION_DOWN, keyCode=KEYCODE_BACK, scanCode=0, metaState=0, flags=0x0, repeatCount=0, eventTime=807470610, downTime=807470610, deviceId=-1, source=0x101 }
08-05 16:17:34.206 22094 22106 I art     : Explicit concurrent mark sweep GC freed 80(4KB) AllocSpace objects, 1(68KB) LOS objects, 35% free, 29MB/45MB, paused 907us total 57.008ms
08-05 16:17:34.216 24473 24473 I Input   : injectKeyEvent: KeyEvent { action=ACTION_UP, keyCode=KEYCODE_BACK, scanCode=0, metaState=0, flags=0x0, repeatCount=0, eventTime=807470610, downTime=807470610, deviceId=-1, source=0x101 }
08-05 16:17:34.227 24473 24473 D AndroidRuntime: Shutting down VM
08-05 16:17:34.239 22094 22106 I art     : Starting a blocking GC Explicit
08-05 16:17:34.269 13866 13866 I GoogleInputMethodServic: GoogleInputMethodService.onFinishInput():3138 
08-05 16:17:34.270 13866 13866 I GoogleInputMethodServic: GoogleInputMethodService.onStartInput():1808 
08-05 16:17:34.297 22094 22106 I art     : Explicit concurrent mark sweep GC freed 188(6KB) AllocSpace objects, 0(0B) LOS objects, 35% free, 29MB/45MB, paused 1.246ms total 58.016ms
08-05 16:17:34.599   380   380 W SurfaceFlinger: couldn't log to binary event log: overflow.
08-05 16:17:34.650   918  3263 D ConnectivityService: releasing NetworkRequest NetworkRequest [ id=3400, legacyType=-1, [ Capabilities: INTERNET&NOT_RESTRICTED&TRUSTED] ]
08-05 16:17:34.800 22094 22122 I art     : Starting a blocking GC Explicit
08-05 16:17:34.861 22094 22122 I art     : Explicit concurrent mark sweep GC freed 2334(126KB) AllocSpace objects, 1(20KB) LOS objects, 35% free, 29MB/45MB, paused 1.081ms total 60.509ms
08-05 16:17:34.886 22094 22122 I art     : Starting a blocking GC Explicit
08-05 16:17:34.944 22094 22122 I art     : Explicit concurrent mark sweep GC freed 2114(124KB) AllocSpace objects, 1(28KB) LOS objects, 35% free, 29MB/45MB, paused 711us total 58.136ms
08-05 16:17:34.970 22094 22122 I art     : Starting a blocking GC Explicit
08-05 16:17:35.036 22094 22122 I art     : Explicit concurrent mark sweep GC freed 3(96B) AllocSpace objects, 0(0B) LOS objects, 35% free, 29MB/45MB, paused 1.290ms total 65.455ms
08-05 16:17:35.064 22094 22122 I art     : Starting a blocking GC Explicit
08-05 16:17:35.130 22094 22122 I art     : Explicit concurrent mark sweep GC freed 3(96B) AllocSpace objects, 0(0B) LOS objects, 35% free, 29MB/45MB, paused 905us total 65.334ms
08-05 16:17:35.160 22094 22122 I art     : Starting a blocking GC Explicit
08-05 16:17:35.225 22094 22122 I art     : Explicit concurrent mark sweep GC freed 3(96B) AllocSpace objects, 0(0B) LOS objects, 35% free, 29MB/45MB, paused 810us total 64.349ms
08-05 16:17:35.346   518   646 I ThermalEngine: ACTION: GPU - Setting GPU[0] to 450000000
08-05 16:17:35.576 22094 22106 I art     : Starting a blocking GC Explicit
08-05 16:17:35.628 22094 22106 I art     : Explicit concurrent mark sweep GC freed 1355(82KB) AllocSpace objects, 1(20KB) LOS objects, 35% free, 29MB/45MB, paused 566us total 51.894ms
08-05 16:17:35.648 22094 22106 I art     : Starting a blocking GC Explicit
08-05 16:17:35.692 22094 22106 I art     : Explicit concurrent mark sweep GC freed 20(704B) AllocSpace objects, 0(0B) LOS objects, 35% free, 29MB/45MB, paused 512us total 44.096ms
08-05 16:17:35.710 22094 22106 I art     : Starting a blocking GC Explicit
08-05 16:17:35.755 22094 22106 I art     : Explicit concurrent mark sweep GC freed 3(96B) AllocSpace objects, 0(0B) LOS objects, 35% free, 29MB/45MB, paused 506us total 44.366ms
08-05 16:17:35.773 22094 22106 I art     : Starting a blocking GC Explicit
08-05 16:17:35.818 22094 22106 I art     : Explicit concurrent mark sweep GC freed 3(96B) AllocSpace objects, 0(0B) LOS objects, 35% free, 29MB/45MB, paused 535us total 45.425ms
08-05 16:17:35.837 22094 22106 I art     : Starting a blocking GC Explicit
08-05 16:17:35.885 22094 22106 I art     : Explicit concurrent mark sweep GC freed 3(96B) AllocSpace objects, 0(0B) LOS objects, 35% free, 29MB/45MB, paused 518us total 47.926ms
08-05 16:17:36.027 24518 24518 D AndroidRuntime: >>>>>> START com.android.internal.os.RuntimeInit uid 2000 <<<<<<
08-05 16:17:36.034 24518 24518 D AndroidRuntime: CheckJNI is OFF
08-05 16:17:36.079 24518 24518 D ICU     : No timezone override file found: /data/misc/zoneinfo/current/icu/icu_tzdata.dat
08-05 16:17:36.099   918  3188 I hubconnection: sensorhub said: 'set_bias 3: -5.5392, 0.0000, 0.0000'
08-05 16:17:36.120 24518 24518 I Radio-JNI: register_android_hardware_Radio DONE
08-05 16:17:36.148 24518 24518 D AndroidRuntime: Calling main entry com.android.commands.input.Input
08-05 16:17:36.150 24518 24518 I Input   : injectKeyEvent: KeyEvent { action=ACTION_DOWN, keyCode=KEYCODE_BACK, scanCode=0, metaState=0, flags=0x0, repeatCount=0, eventTime=807472563, downTime=807472563, deviceId=-1, source=0x101 }
08-05 16:17:36.154 24518 24518 I Input   : injectKeyEvent: KeyEvent { action=ACTION_UP, keyCode=KEYCODE_BACK, scanCode=0, metaState=0, flags=0x0, repeatCount=0, eventTime=807472563, downTime=807472563, deviceId=-1, source=0x101 }
08-05 16:17:36.161 24518 24518 D AndroidRuntime: Shutting down VM
08-05 16:17:36.211 13866 13866 I GoogleInputMethodServic: GoogleInputMethodService.onFinishInput():3138 
08-05 16:17:36.211 13866 13866 I GoogleInputMethodServic: GoogleInputMethodService.onStartInput():1808 
08-05 16:17:36.250 22094 22122 I art     : Starting a blocking GC Explicit
08-05 16:17:36.294 22094 22122 I art     : Explicit concurrent mark sweep GC freed 1534(88KB) AllocSpace objects, 1(20KB) LOS objects, 35% free, 29MB/45MB, paused 484us total 43.754ms
08-05 16:17:36.312 22094 22122 I art     : Starting a blocking GC Explicit
08-05 16:17:36.354 22094 22122 I art     : Explicit concurrent mark sweep GC freed 24(864B) AllocSpace objects, 0(0B) LOS objects, 35% free, 29MB/45MB, paused 496us total 42.380ms
08-05 16:17:36.373 22094 22122 I art     : Starting a blocking GC Explicit
08-05 16:17:36.430 22094 22122 I art     : Explicit concurrent mark sweep GC freed 3(96B) AllocSpace objects, 0(0B) LOS objects, 35% free, 29MB/45MB, paused 524us total 56.535ms
08-05 16:17:36.451 22094 22122 I art     : Starting a blocking GC Explicit
08-05 16:17:36.500 22094 22122 I art     : Explicit concurrent mark sweep GC freed 3(96B) AllocSpace objects, 0(0B) LOS objects, 35% free, 29MB/45MB, paused 504us total 48.824ms
08-05 16:17:36.518 22094 22122 I art     : Starting a blocking GC Explicit
08-05 16:17:36.562 22094 22122 I art     : Explicit concurrent mark sweep GC freed 61(2256B) AllocSpace objects, 0(0B) LOS objects, 35% free, 29MB/45MB, paused 508us total 43.470ms
08-05 16:17:36.892 22094 22106 I art     : Starting a blocking GC Explicit
08-05 16:17:36.950 22094 22106 I art     : Explicit concurrent mark sweep GC freed 1484(89KB) AllocSpace objects, 1(20KB) LOS objects, 35% free, 29MB/45MB, paused 640us total 57.614ms
08-05 16:17:36.971 22094 22106 I art     : Starting a blocking GC Explicit
08-05 16:17:37.017 22094 22106 I art     : Explicit concurrent mark sweep GC freed 20(704B) AllocSpace objects, 0(0B) LOS objects, 35% free, 29MB/45MB, paused 620us total 46.207ms
08-05 16:17:37.036 22094 22106 I art     : Starting a blocking GC Explicit
08-05 16:17:37.084 22094 22106 I art     : Explicit concurrent mark sweep GC freed 3(96B) AllocSpace objects, 0(0B) LOS objects, 35% free, 29MB/45MB, paused 551us total 47.755ms
08-05 16:17:37.102 22094 22106 I art     : Starting a blocking GC Explicit
08-05 16:17:37.151 22094 22106 I art     : Explicit concurrent mark sweep GC freed 3(96B) AllocSpace objects, 0(0B) LOS objects, 35% free, 29MB/45MB, paused 575us total 47.816ms
08-05 16:17:37.173 22094 22106 I art     : Starting a blocking GC Explicit
08-05 16:17:37.220 22094 22106 I art     : Explicit concurrent mark sweep GC freed 3(96B) AllocSpace objects, 0(0B) LOS objects, 35% free, 29MB/45MB, paused 556us total 46.456ms
08-05 16:17:37.552 22094 22105 I art     : Starting a blocking GC Explicit
08-05 16:17:37.609 22094 22105 I art     : Explicit concurrent mark sweep GC freed 1354(82KB) AllocSpace objects, 1(20KB) LOS objects, 35% free, 29MB/45MB, paused 641us total 55.892ms
08-05 16:17:37.627 22094 22105 I art     : Starting a blocking GC Explicit
08-05 16:17:37.672 22094 22105 I art     : Explicit concurrent mark sweep GC freed 20(704B) AllocSpace objects, 0(0B) LOS objects, 35% free, 29MB/45MB, paused 525us total 45.247ms
08-05 16:17:37.690 22094 22105 I art     : Starting a blocking GC Explicit
08-05 16:17:37.735 22094 22105 I art     : Explicit concurrent mark sweep GC freed 3(96B) AllocSpace objects, 0(0B) LOS objects, 35% free, 29MB/45MB, paused 537us total 44.515ms
08-05 16:17:37.753 22094 22105 I art     : Starting a blocking GC Explicit
08-05 16:17:37.800 22094 22105 I art     : Explicit concurrent mark sweep GC freed 3(96B) AllocSpace objects, 0(0B) LOS objects, 35% free, 29MB/45MB, paused 530us total 46.698ms
08-05 16:17:37.819 22094 22105 I art     : Starting a blocking GC Explicit
08-05 16:17:37.866 22094 22105 I art     : Explicit concurrent mark sweep GC freed 3(96B) AllocSpace objects, 0(0B) LOS objects, 35% free, 29MB/45MB, paused 539us total 46.322ms
08-05 16:17:37.965 24553 24553 D AndroidRuntime: >>>>>> START com.android.internal.os.RuntimeInit uid 2000 <<<<<<
08-05 16:17:37.973 24553 24553 D AndroidRuntime: CheckJNI is OFF
08-05 16:17:38.021 24553 24553 D ICU     : No timezone override file found: /data/misc/zoneinfo/current/icu/icu_tzdata.dat
08-05 16:17:38.070 24553 24553 I Radio-JNI: register_android_hardware_Radio DONE
08-05 16:17:38.098 24553 24553 D AndroidRuntime: Calling main entry com.android.commands.input.Input
08-05 16:17:38.101 24553 24553 I Input   : injectMotionEvent: MotionEvent { action=ACTION_DOWN, actionButton=0, id[0]=0, x[0]=600.0, y[0]=1000.0, toolType[0]=TOOL_TYPE_UNKNOWN, buttonState=0, metaState=0, flags=0x0, edgeFlags=0x0, pointerCount=1, historySize=0, eventTime=807474513, downTime=807474513, deviceId=0, source=0x1002 }
08-05 16:17:38.106 24553 24553 I Input   : injectMotionEvent: MotionEvent { action=ACTION_UP, actionButton=0, id[0]=0, x[0]=600.0, y[0]=1000.0, toolType[0]=TOOL_TYPE_UNKNOWN, buttonState=0, metaState=0, flags=0x0, edgeFlags=0x0, pointerCount=1, historySize=0, eventTime=807474513, downTime=807474513, deviceId=0, source=0x1002 }
08-05 16:17:38.108 24553 24553 D AndroidRuntime: Shutting down VM
08-05 16:17:38.122   512  2967 D audio_hw_primary: out_set_parameters: enter: usecase(1: low-latency-playback) kvpairs: routing=2
08-05 16:17:38.125   918  5481 I ActivityManager: START u0 {dat=https://oauth.reddit.com/... cmp=baseline.org.quantumbadger.redreader/.activities.PostListingActivity} from uid 10689 on display 0
08-05 16:17:38.135   512  2967 D audio_hw_primary: select_devices: out_snd_device(2: speaker) in_snd_device(0: none)
08-05 16:17:38.135   512  2967 D msm8974_platform: platform_send_audio_calibration: sending audio calibration for snd_device(2) acdb_id(15)
08-05 16:17:38.135   512  2967 I soundtrigger: audio_extn_sound_trigger_update_device_status: device 0x2 of type 0 for Event 1
08-05 16:17:38.148   512  2967 D audio_hw_primary: enable_snd_device: snd_device(2: speaker)
08-05 16:17:38.150   512  2967 D audio_hw_primary: enable_audio_route: apply and update mixer path: low-latency-playback speaker
08-05 16:17:38.156 22094 22094 I AppCompatViewInflater: app:theme is now deprecated. Please move to using android:theme instead.
08-05 16:17:38.184 22094 24593 D OK      : calling: https://oauth.reddit.com/r/announcements/about.json
08-05 16:17:38.229 22094 22106 I art     : Starting a blocking GC Explicit
08-05 16:17:38.257   918   936 I ActivityManager: Displayed baseline.org.quantumbadger.redreader/.activities.PostListingActivity: +119ms
08-05 16:17:38.257 13866 13866 I GoogleInputMethodServic: GoogleInputMethodService.onFinishInput():3138 
08-05 16:17:38.258 13866 13866 I GoogleInputMethodServic: GoogleInputMethodService.onStartInput():1808 
08-05 16:17:38.283 22094 22106 I art     : Explicit concurrent mark sweep GC freed 2990(188KB) AllocSpace objects, 1(20KB) LOS objects, 35% free, 29MB/45MB, paused 623us total 53.655ms
08-05 16:17:38.301 22094 22106 I art     : Starting a blocking GC Explicit
08-05 16:17:38.344 22094 22106 I art     : Explicit concurrent mark sweep GC freed 2400(100KB) AllocSpace objects, 0(0B) LOS objects, 35% free, 29MB/45MB, paused 602us total 42.502ms
08-05 16:17:38.361 22094 22106 I art     : Starting a blocking GC Explicit
08-05 16:17:38.403 22094 22106 I art     : Explicit concurrent mark sweep GC freed 130(6KB) AllocSpace objects, 0(0B) LOS objects, 35% free, 29MB/45MB, paused 582us total 41.388ms
08-05 16:17:38.420 22094 22106 I art     : Starting a blocking GC Explicit
08-05 16:17:38.461 22094 22106 I art     : Explicit concurrent mark sweep GC freed 7(256B) AllocSpace objects, 0(0B) LOS objects, 35% free, 29MB/45MB, paused 552us total 40.687ms
08-05 16:17:38.479 22094 22106 I art     : Starting a blocking GC Explicit
08-05 16:17:38.487 22094 24593 I NAPPA_EXPERIMENTATION: MetricNetworkRequestExecutionTime: REQUEST_DURATION_SYSTEM='303',REQUEST_DURATION_OKHTTP='157',REQUEST_SYNCHRONOUS='TRUE',RESPONSE_CODE='200',RESPONSE_METHOD='GET',RESPONSE_LENGTH_OKHTTP='-1',RESPONSE_LENGTH_HEADER='1564',REQUEST_PROTOCOL='h2',REQUEST_URL='https://oauth.reddit.com/r/announcements/about.json',
08-05 16:17:38.487 22094 24593 D OK      : request got status: 200
08-05 16:17:38.504   380   380 W SurfaceFlinger: couldn't log to binary event log: overflow.
08-05 16:17:38.522 22094 22106 I art     : Explicit concurrent mark sweep GC freed 524(64KB) AllocSpace objects, 0(0B) LOS objects, 35% free, 29MB/45MB, paused 660us total 43.406ms
08-05 16:17:38.689   512  2967 D audio_hw_primary: disable_audio_route: reset and update mixer path: low-latency-playback speaker
08-05 16:17:38.690   512  2967 D audio_hw_primary: disable_snd_device: snd_device(2: speaker)
08-05 16:17:38.698   512  2967 I soundtrigger: audio_extn_sound_trigger_update_device_status: device 0x2 of type 0 for Event 0
08-05 16:17:38.844 22094 22122 I art     : Starting a blocking GC Explicit
08-05 16:17:38.898 22094 22122 I art     : Explicit concurrent mark sweep GC freed 2306(170KB) AllocSpace objects, 3(156KB) LOS objects, 35% free, 29MB/45MB, paused 666us total 54.389ms
08-05 16:17:38.917 22094 22122 I art     : Starting a blocking GC Explicit
08-05 16:17:38.963 22094 22122 I art     : Explicit concurrent mark sweep GC freed 181(9KB) AllocSpace objects, 0(0B) LOS objects, 35% free, 29MB/45MB, paused 599us total 45.609ms
08-05 16:17:38.981 22094 22122 I art     : Starting a blocking GC Explicit
08-05 16:17:39.028 22094 22122 I art     : Explicit concurrent mark sweep GC freed 25(1024B) AllocSpace objects, 0(0B) LOS objects, 35% free, 29MB/45MB, paused 652us total 45.864ms
08-05 16:17:39.046 22094 22122 I art     : Starting a blocking GC Explicit
08-05 16:17:39.092 22094 22122 I art     : Explicit concurrent mark sweep GC freed 3(96B) AllocSpace objects, 0(0B) LOS objects, 35% free, 29MB/45MB, paused 553us total 45.227ms
08-05 16:17:39.110 22094 22122 I art     : Starting a blocking GC Explicit
08-05 16:17:39.156 22094 22122 I art     : Explicit concurrent mark sweep GC freed 3(96B) AllocSpace objects, 0(0B) LOS objects, 35% free, 29MB/45MB, paused 582us total 45.734ms
08-05 16:17:39.382 22094 24620 D OK      : calling: https://oauth.reddit.com/r/announcements/hot/.json
08-05 16:17:39.490 22094 22405 I art     : Starting a blocking GC Explicit
08-05 16:17:39.539 22094 22405 I art     : Explicit concurrent mark sweep GC freed 1456(86KB) AllocSpace objects, 1(20KB) LOS objects, 35% free, 29MB/45MB, paused 620us total 48.840ms
08-05 16:17:39.558 22094 22405 I art     : Starting a blocking GC Explicit
08-05 16:17:39.605 22094 22405 I art     : Explicit concurrent mark sweep GC freed 200(15KB) AllocSpace objects, 0(0B) LOS objects, 35% free, 29MB/45MB, paused 619us total 46.751ms
08-05 16:17:39.607 22094 24620 I NAPPA_EXPERIMENTATION: MetricNetworkRequestExecutionTime: REQUEST_DURATION_SYSTEM='223',REQUEST_DURATION_OKHTTP='217',REQUEST_SYNCHRONOUS='TRUE',RESPONSE_CODE='200',RESPONSE_METHOD='GET',RESPONSE_LENGTH_OKHTTP='-1',RESPONSE_LENGTH_HEADER='142016',REQUEST_PROTOCOL='h2',REQUEST_URL='https://oauth.reddit.com/r/announcements/hot/.json',
08-05 16:17:39.607 22094 24620 D OK      : request got status: 200
08-05 16:17:39.616 22094 22684 I PostListingFragment: Precaching images: OFF
08-05 16:17:39.617 22094 22684 I PostListingFragment: Precaching comments: OFF
08-05 16:17:39.623 22094 22405 I art     : Starting a blocking GC Explicit
08-05 16:17:39.669 22094 22405 I art     : Explicit concurrent mark sweep GC freed 1415(143KB) AllocSpace objects, 1(16KB) LOS objects, 34% free, 30MB/46MB, paused 917us total 45.954ms
08-05 16:17:39.687 22094 22405 I art     : Starting a blocking GC Explicit
08-05 16:17:39.738 22094 22405 I art     : Explicit concurrent mark sweep GC freed 1001(58KB) AllocSpace objects, 3(56KB) LOS objects, 34% free, 30MB/46MB, paused 896us total 50.642ms
08-05 16:17:39.756 22094 22405 I art     : Starting a blocking GC Explicit
08-05 16:17:39.811 22094 22405 I art     : Explicit concurrent mark sweep GC freed 1772(76KB) AllocSpace objects, 0(0B) LOS objects, 33% free, 31MB/47MB, paused 946us total 54.361ms
08-05 16:17:40.134 22094 22405 I art     : Starting a blocking GC Explicit
08-05 16:17:40.192 22094 22405 I art     : Explicit concurrent mark sweep GC freed 76886(3MB) AllocSpace objects, 41(2MB) LOS objects, 33% free, 31MB/47MB, paused 968us total 58.584ms
08-05 16:17:40.211 22094 22405 I art     : Starting a blocking GC Explicit
08-05 16:17:40.237 22094 22094 W RecyclerView: Cannot call this method in a scroll callback. Scroll callbacks mightbe run during a measure & layout pass where you cannot change theRecyclerView data. Any method call that might change the structureof the RecyclerView or the adapter contents should be postponed tothe next frame.
08-05 16:17:40.237 22094 22094 W RecyclerView: java.lang.IllegalStateException:  androidx.recyclerview.widget.RecyclerView{d9962d5 VFED..... .F....ID 0,0-1440,2140 #7f0900ef app:id/scrollbar_recyclerview_recyclerview}, adapter:baseline.org.quantumbadger.redreader.adapters.GroupedRecyclerViewAdapter@c2a2aea, layout:androidx.recyclerview.widget.LinearLayoutManager@203c1db, context:baseline.org.quantumbadger.redreader.activities.PostListingActivity@a30370a
08-05 16:17:40.237 22094 22094 W RecyclerView: 	at androidx.recyclerview.widget.RecyclerView.assertNotInLayoutOrScroll(RecyclerView.java:3061)
08-05 16:17:40.237 22094 22094 W RecyclerView: 	at androidx.recyclerview.widget.RecyclerView$RecyclerViewDataObserver.onItemRangeInserted(RecyclerView.java:5555)
08-05 16:17:40.237 22094 22094 W RecyclerView: 	at androidx.recyclerview.widget.RecyclerView$AdapterDataObservable.notifyItemRangeInserted(RecyclerView.java:12278)
08-05 16:17:40.237 22094 22094 W RecyclerView: 	at androidx.recyclerview.widget.RecyclerView$Adapter.notifyItemInserted(RecyclerView.java:7464)
08-05 16:17:40.237 22094 22094 W RecyclerView: 	at baseline.org.quantumbadger.redreader.adapters.GroupedRecyclerViewAdapter.updateHiddenStatus(GroupedRecyclerViewAdapter.java:279)
08-05 16:17:40.237 22094 22094 W RecyclerView: 	at baseline.org.quantumbadger.redreader.adapters.RedditListingManager.setLoadingVisible(RedditListingManager.java:125)
08-05 16:17:40.237 22094 22094 W RecyclerView: 	at baseline.org.quantumbadger.redreader.fragments.PostListingFragment.onLoadMoreItemsCheck(PostListingFragment.java:465)
08-05 16:17:40.237 22094 22094 W RecyclerView: 	at baseline.org.quantumbadger.redreader.fragments.PostListingFragment.access$000(PostListingFragment.java:98)
08-05 16:17:40.237 22094 22094 W RecyclerView: 	at baseline.org.quantumbadger.redreader.fragments.PostListingFragment$2.onScrolled(PostListingFragment.java:215)
08-05 16:17:40.237 22094 22094 W RecyclerView: 	at androidx.recyclerview.widget.RecyclerView.dispatchOnScrolled(RecyclerView.java:5173)
08-05 16:17:40.237 22094 22094 W RecyclerView: 	at androidx.recyclerview.widget.RecyclerView.dispatchLayoutStep3(RecyclerView.java:4231)
08-05 16:17:40.237 22094 22094 W RecyclerView: 	at androidx.recyclerview.widget.RecyclerView.dispatchLayout(RecyclerView.java:3862)
08-05 16:17:40.237 22094 22094 W RecyclerView: 	at androidx.recyclerview.widget.RecyclerView.consumePendingUpdateOperations(RecyclerView.java:1897)
08-05 16:17:40.237 22094 22094 W RecyclerView: 	at androidx.recyclerview.widget.RecyclerView$1.run(RecyclerView.java:414)
08-05 16:17:40.237 22094 22094 W RecyclerView: 	at android.view.Choreographer$CallbackRecord.run(Choreographer.java:858)
08-05 16:17:40.237 22094 22094 W RecyclerView: 	at android.view.Choreographer.doCallbacks(Choreographer.java:670)
08-05 16:17:40.237 22094 22094 W RecyclerView: 	at android.view.Choreographer.doFrame(Choreographer.java:603)
08-05 16:17:40.237 22094 22094 W RecyclerView: 	at android.view.Choreographer$FrameDisplayEventReceiver.run(Choreographer.java:844)
08-05 16:17:40.237 22094 22094 W RecyclerView: 	at android.os.Handler.handleCallback(Handler.java:739)
08-05 16:17:40.237 22094 22094 W RecyclerView: 	at android.os.Handler.dispatchMessage(Handler.java:95)
08-05 16:17:40.237 22094 22094 W RecyclerView: 	at android.os.Looper.loop(Looper.java:148)
08-05 16:17:40.237 22094 22094 W RecyclerView: 	at android.app.ActivityThread.main(ActivityThread.java:5417)
08-05 16:17:40.237 22094 22094 W RecyclerView: 	at java.lang.reflect.Method.invoke(Native Method)
08-05 16:17:40.237 22094 22094 W RecyclerView: 	at com.android.internal.os.ZygoteInit$MethodAndArgsCaller.run(ZygoteInit.java:726)
08-05 16:17:40.237 22094 22094 W RecyclerView: 	at com.android.internal.os.ZygoteInit.main(ZygoteInit.java:616)
08-05 16:17:40.261 22094 22405 I art     : Explicit concurrent mark sweep GC freed 3310(209KB) AllocSpace objects, 0(0B) LOS objects, 33% free, 31MB/47MB, paused 815us total 50.077ms
08-05 16:17:40.282 22094 22405 I art     : Starting a blocking GC Explicit
08-05 16:17:40.336 22094 22405 I art     : Explicit concurrent mark sweep GC freed 87(3KB) AllocSpace objects, 0(0B) LOS objects, 33% free, 31MB/47MB, paused 635us total 53.238ms
08-05 16:17:40.349 22144 22144 I Atfwd_Sendcmd: AtCmdFwd service not ready - Exhausted retry attempts - :6
08-05 16:17:40.349 22144 22144 I Atfwd_Daemon: result : -1 	 ,Init step :2 	 ,qmiErrorCode: 0
08-05 16:17:40.354 22094 22405 I art     : Starting a blocking GC Explicit
08-05 16:17:40.406 22094 22405 I art     : Explicit concurrent mark sweep GC freed 48(1728B) AllocSpace objects, 0(0B) LOS objects, 33% free, 31MB/47MB, paused 567us total 51.225ms
08-05 16:17:40.427 22094 22405 I art     : Starting a blocking GC Explicit
08-05 16:17:40.476 22094 22405 I art     : Explicit concurrent mark sweep GC freed 30(1264B) AllocSpace objects, 0(0B) LOS objects, 33% free, 31MB/47MB, paused 618us total 49.168ms
08-05 16:17:40.583 22094 24634 D OK      : calling: https://oauth.reddit.com/r/announcements/hot/.json?after=t3_9jf8nh
08-05 16:17:40.827 22094 24634 I NAPPA_EXPERIMENTATION: MetricNetworkRequestExecutionTime: REQUEST_DURATION_SYSTEM='244',REQUEST_DURATION_OKHTTP='240',REQUEST_SYNCHRONOUS='TRUE',RESPONSE_CODE='200',RESPONSE_METHOD='GET',RESPONSE_LENGTH_OKHTTP='-1',RESPONSE_LENGTH_HEADER='65685',REQUEST_PROTOCOL='h2',REQUEST_URL='https://oauth.reddit.com/r/announcements/hot/.json?after=t3_9jf8nh',
08-05 16:17:40.827 22094 24634 D OK      : request got status: 200
08-05 16:17:40.845 22094 22684 I PostListingFragment: Precaching images: OFF
08-05 16:17:40.846 22094 22684 I PostListingFragment: Precaching comments: OFF
08-05 16:17:40.852 22094 22106 I art     : Starting a blocking GC Explicit
08-05 16:17:40.915 22094 22106 I art     : Explicit concurrent mark sweep GC freed 4622(394KB) AllocSpace objects, 5(480KB) LOS objects, 33% free, 32MB/48MB, paused 1.037ms total 62.794ms
08-05 16:17:40.934 22094 22106 I art     : Starting a blocking GC Explicit
08-05 16:17:40.989 22094 22106 I art     : Explicit concurrent mark sweep GC freed 4231(213KB) AllocSpace objects, 4(136KB) LOS objects, 32% free, 33MB/49MB, paused 946us total 55.235ms
08-05 16:17:41.008 22094 22106 I art     : Starting a blocking GC Explicit
08-05 16:17:41.064 22094 22106 I art     : Explicit concurrent mark sweep GC freed 3983(169KB) AllocSpace objects, 2(84KB) LOS objects, 32% free, 33MB/49MB, paused 759us total 55.580ms
08-05 16:17:41.083 22094 22106 I art     : Starting a blocking GC Explicit
08-05 16:17:41.142 22094 22106 I art     : Explicit concurrent mark sweep GC freed 3738(180KB) AllocSpace objects, 2(92KB) LOS objects, 32% free, 33MB/49MB, paused 972us total 58.223ms
08-05 16:17:41.162 22094 22106 I art     : Starting a blocking GC Explicit
08-05 16:17:41.225 22094 22106 I art     : Explicit concurrent mark sweep GC freed 4382(160KB) AllocSpace objects, 0(0B) LOS objects, 32% free, 33MB/49MB, paused 930us total 62.825ms
08-05 16:17:41.604 22094 22338 I art     : Starting a blocking GC Explicit
08-05 16:17:41.678 22094 22338 I art     : Explicit concurrent mark sweep GC freed 18860(960KB) AllocSpace objects, 7(128KB) LOS objects, 33% free, 32MB/48MB, paused 637us total 73.803ms
08-05 16:17:41.699 22094 22338 I art     : Starting a blocking GC Explicit
08-05 16:17:41.757 22094 22338 I art     : Explicit concurrent mark sweep GC freed 101(4KB) AllocSpace objects, 0(0B) LOS objects, 33% free, 32MB/48MB, paused 559us total 57.078ms
08-05 16:17:41.776 22094 22338 I art     : Starting a blocking GC Explicit
08-05 16:17:41.835 22094 22338 I art     : Explicit concurrent mark sweep GC freed 3(96B) AllocSpace objects, 0(0B) LOS objects, 33% free, 32MB/48MB, paused 657us total 58.961ms
08-05 16:17:41.858 22094 22338 I art     : Starting a blocking GC Explicit
08-05 16:17:41.912 22094 22338 I art     : Explicit concurrent mark sweep GC freed 3(96B) AllocSpace objects, 0(0B) LOS objects, 33% free, 32MB/48MB, paused 534us total 53.583ms
08-05 16:17:41.931 22094 22338 I art     : Starting a blocking GC Explicit
08-05 16:17:41.991 22094 22338 I art     : Explicit concurrent mark sweep GC freed 3(96B) AllocSpace objects, 0(0B) LOS objects, 33% free, 32MB/48MB, paused 565us total 59.001ms
08-05 16:17:42.372 22094 22105 I art     : Starting a blocking GC Explicit
08-05 16:17:42.434 22094 22105 I art     : Explicit concurrent mark sweep GC freed 1355(82KB) AllocSpace objects, 1(20KB) LOS objects, 33% free, 32MB/48MB, paused 601us total 61.829ms
08-05 16:17:42.454 22094 22105 I art     : Starting a blocking GC Explicit
08-05 16:17:42.510 22094 22105 I art     : Explicit concurrent mark sweep GC freed 20(704B) AllocSpace objects, 0(0B) LOS objects, 33% free, 32MB/48MB, paused 558us total 55.214ms
08-05 16:17:42.529 22094 22105 I art     : Starting a blocking GC Explicit
08-05 16:17:42.584 22094 22105 I art     : Explicit concurrent mark sweep GC freed 3(96B) AllocSpace objects, 0(0B) LOS objects, 33% free, 32MB/48MB, paused 602us total 55.044ms
08-05 16:17:42.604 22094 22105 I art     : Starting a blocking GC Explicit
08-05 16:17:42.661 22094 22105 I art     : Explicit concurrent mark sweep GC freed 3(96B) AllocSpace objects, 0(0B) LOS objects, 33% free, 32MB/48MB, paused 571us total 56.639ms
08-05 16:17:42.683 22094 22105 I art     : Starting a blocking GC Explicit
08-05 16:17:42.742 22094 22105 I art     : Explicit concurrent mark sweep GC freed 3(96B) AllocSpace objects, 0(0B) LOS objects, 33% free, 32MB/48MB, paused 656us total 57.944ms
08-05 16:17:43.110 22094 22122 I art     : Starting a blocking GC Explicit
08-05 16:17:43.180 22094 22122 I art     : Explicit concurrent mark sweep GC freed 1357(83KB) AllocSpace objects, 1(20KB) LOS objects, 33% free, 32MB/48MB, paused 666us total 69.689ms
08-05 16:17:43.201 22094 22122 I art     : Starting a blocking GC Explicit
08-05 16:17:43.259 22094 22122 I art     : Explicit concurrent mark sweep GC freed 20(704B) AllocSpace objects, 0(0B) LOS objects, 33% free, 32MB/48MB, paused 573us total 56.937ms
08-05 16:17:43.278 22094 22122 I art     : Starting a blocking GC Explicit
08-05 16:17:43.337 22094 22122 I art     : Explicit concurrent mark sweep GC freed 3(96B) AllocSpace objects, 0(0B) LOS objects, 33% free, 32MB/48MB, paused 672us total 58.909ms
08-05 16:17:43.361 22094 22122 I art     : Starting a blocking GC Explicit
08-05 16:17:43.410 22094 22122 I art     : Explicit concurrent mark sweep GC freed 3(96B) AllocSpace objects, 0(0B) LOS objects, 33% free, 32MB/48MB, paused 552us total 48.878ms
08-05 16:17:43.429 22094 22122 I art     : Starting a blocking GC Explicit
08-05 16:17:43.477 22094 22122 I art     : Explicit concurrent mark sweep GC freed 3(96B) AllocSpace objects, 0(0B) LOS objects, 33% free, 32MB/48MB, paused 629us total 48.508ms
08-05 16:17:43.814 22094 22405 I art     : Starting a blocking GC Explicit
08-05 16:17:43.882 22094 22405 I art     : Explicit concurrent mark sweep GC freed 1354(82KB) AllocSpace objects, 1(20KB) LOS objects, 33% free, 32MB/48MB, paused 637us total 67.535ms
08-05 16:17:43.904 22094 22405 I art     : Starting a blocking GC Explicit
08-05 16:17:43.920 24676 24676 D AndroidRuntime: >>>>>> START com.android.internal.os.RuntimeInit uid 2000 <<<<<<
08-05 16:17:43.926 24676 24676 D AndroidRuntime: CheckJNI is OFF
08-05 16:17:43.957 22094 22405 I art     : Explicit concurrent mark sweep GC freed 20(704B) AllocSpace objects, 0(0B) LOS objects, 33% free, 32MB/48MB, paused 608us total 53.272ms
08-05 16:17:43.975 24676 24676 D ICU     : No timezone override file found: /data/misc/zoneinfo/current/icu/icu_tzdata.dat
08-05 16:17:43.976 22094 22405 I art     : Starting a blocking GC Explicit
08-05 16:17:44.022 24676 24676 I Radio-JNI: register_android_hardware_Radio DONE
08-05 16:17:44.028 22094 22405 I art     : Explicit concurrent mark sweep GC freed 3(96B) AllocSpace objects, 0(0B) LOS objects, 33% free, 32MB/48MB, paused 632us total 52.111ms
08-05 16:17:44.047 22094 22405 I art     : Starting a blocking GC Explicit
08-05 16:17:44.052 24676 24676 D AndroidRuntime: Calling main entry com.android.commands.input.Input
08-05 16:17:44.054 24676 24676 I Input   : injectMotionEvent: MotionEvent { action=ACTION_DOWN, actionButton=0, id[0]=0, x[0]=600.0, y[0]=580.0, toolType[0]=TOOL_TYPE_UNKNOWN, buttonState=0, metaState=0, flags=0x0, edgeFlags=0x0, pointerCount=1, historySize=0, eventTime=807480466, downTime=807480466, deviceId=0, source=0x1002 }
08-05 16:17:44.061 24676 24676 I Input   : injectMotionEvent: MotionEvent { action=ACTION_UP, actionButton=0, id[0]=0, x[0]=600.0, y[0]=580.0, toolType[0]=TOOL_TYPE_UNKNOWN, buttonState=0, metaState=0, flags=0x0, edgeFlags=0x0, pointerCount=1, historySize=0, eventTime=807480466, downTime=807480466, deviceId=0, source=0x1002 }
08-05 16:17:44.064 24676 24676 D AndroidRuntime: Shutting down VM
08-05 16:17:44.083   918  3696 I ActivityManager: START u0 {cmp=baseline.org.quantumbadger.redreader/.activities.WebViewActivity (has extras)} from uid 10689 on display 0
08-05 16:17:44.084   512  2967 D audio_hw_primary: out_set_parameters: enter: usecase(1: low-latency-playback) kvpairs: routing=2
08-05 16:17:44.097   512  2967 D audio_hw_primary: select_devices: out_snd_device(2: speaker) in_snd_device(0: none)
08-05 16:17:44.097   512  2967 D msm8974_platform: platform_send_audio_calibration: sending audio calibration for snd_device(2) acdb_id(15)
08-05 16:17:44.098   512  2967 I soundtrigger: audio_extn_sound_trigger_update_device_status: device 0x2 of type 0 for Event 1
08-05 16:17:44.098 22094 22405 I art     : Explicit concurrent mark sweep GC freed 152(5KB) AllocSpace objects, 0(0B) LOS objects, 33% free, 32MB/48MB, paused 781us total 50.350ms
08-05 16:17:44.113   512  2967 D audio_hw_primary: enable_snd_device: snd_device(2: speaker)
08-05 16:17:44.113 22094 22094 I AppCompatViewInflater: app:theme is now deprecated. Please move to using android:theme instead.
08-05 16:17:44.115   512  2967 D audio_hw_primary: enable_audio_route: apply and update mixer path: low-latency-playback speaker
08-05 16:17:44.119 22094 22405 I art     : Starting a blocking GC Explicit
08-05 16:17:44.137   918  3961 D ConnectivityService: listenForNetwork for Listen from uid/pid:10689/22094 for NetworkRequest [ id=3401, legacyType=-1, [ Capabilities: INTERNET&NOT_RESTRICTED&TRUSTED] ]
08-05 16:17:44.165 22094 22405 I art     : Explicit concurrent mark sweep GC freed 10222(980KB) AllocSpace objects, 17(2MB) LOS objects, 35% free, 29MB/45MB, paused 821us total 45.431ms
08-05 16:17:44.250   918   936 I ActivityManager: Displayed baseline.org.quantumbadger.redreader/.activities.WebViewActivity: +157ms
08-05 16:17:44.250 13866 13866 I GoogleInputMethodServic: GoogleInputMethodService.onFinishInput():3138 
08-05 16:17:44.251 13866 13866 I GoogleInputMethodServic: GoogleInputMethodService.onStartInput():1808 
08-05 16:17:44.476 22094 22405 I art     : Starting a blocking GC Explicit
08-05 16:17:44.493   380   380 W SurfaceFlinger: couldn't log to binary event log: overflow.
08-05 16:17:44.527 22094 22405 I art     : Explicit concurrent mark sweep GC freed 2727(149KB) AllocSpace objects, 1(20KB) LOS objects, 35% free, 29MB/45MB, paused 518us total 50.751ms
08-05 16:17:44.545 22094 22405 I art     : Starting a blocking GC Explicit
08-05 16:17:44.590 22094 22405 I art     : Explicit concurrent mark sweep GC freed 144(7KB) AllocSpace objects, 0(0B) LOS objects, 35% free, 29MB/45MB, paused 726us total 44.267ms
08-05 16:17:44.609 22094 22405 I art     : Starting a blocking GC Explicit
08-05 16:17:44.649   512  2967 D audio_hw_primary: disable_audio_route: reset and update mixer path: low-latency-playback speaker
08-05 16:17:44.650   512  2967 D audio_hw_primary: disable_snd_device: snd_device(2: speaker)
08-05 16:17:44.653 22094 24622 I RedditChangeDataIO: Writing tmp data file at '/data/user/0/baseline.org.quantumbadger.redreader/files/rr_change_data_tmp.dat'
08-05 16:17:44.653 22094 24622 I RedditChangeDataManager: Taking snapshot...
08-05 16:17:44.653 22094 24622 I RedditChangeDataManager: Writing to stream...
08-05 16:17:44.654 22094 24622 I RedditChangeDataManager: Wrote 5 entries for user ''
08-05 16:17:44.654 22094 24622 I RedditChangeDataManager: All entries written to stream.
08-05 16:17:44.654 22094 24622 I RedditChangeDataIO: Write successful. Atomically replacing data file...
08-05 16:17:44.654 22094 24622 I RedditChangeDataIO: Write complete.
08-05 16:17:44.654 22094 22405 I art     : Explicit concurrent mark sweep GC freed 587(31KB) AllocSpace objects, 0(0B) LOS objects, 35% free, 29MB/45MB, paused 592us total 44.825ms
08-05 16:17:44.656 22094 24622 I RedditChangeDataIO: 134 bytes written in 2 ms
08-05 16:17:44.659   512  2967 I soundtrigger: audio_extn_sound_trigger_update_device_status: device 0x2 of type 0 for Event 0
08-05 16:17:44.676 22094 22405 I art     : Starting a blocking GC Explicit
08-05 16:17:44.721 22094 22405 I art     : Explicit concurrent mark sweep GC freed 367(22KB) AllocSpace objects, 1(68KB) LOS objects, 35% free, 29MB/45MB, paused 528us total 44.724ms
08-05 16:17:44.742 22094 22405 I art     : Starting a blocking GC Explicit
08-05 16:17:44.791 22094 22405 I art     : Explicit concurrent mark sweep GC freed 22(1008B) AllocSpace objects, 0(0B) LOS objects, 35% free, 29MB/45MB, paused 814us total 48.745ms
08-05 16:17:45.172 22094 22338 I art     : Starting a blocking GC Explicit
08-05 16:17:45.225 22094 22338 I art     : Explicit concurrent mark sweep GC freed 1408(85KB) AllocSpace objects, 1(20KB) LOS objects, 35% free, 29MB/45MB, paused 611us total 52.867ms
08-05 16:17:45.225 22094 22104 I art     : WaitForGcToComplete blocked for 31.950ms for cause HeapTrim
08-05 16:17:45.243 22094 22338 I art     : Starting a blocking GC Explicit
08-05 16:17:45.288 22094 22338 I art     : Explicit concurrent mark sweep GC freed 28(960B) AllocSpace objects, 0(0B) LOS objects, 35% free, 29MB/45MB, paused 673us total 44.242ms
08-05 16:17:45.307 22094 22338 I art     : Starting a blocking GC Explicit
08-05 16:17:45.350 22144 22144 I ServiceManager: Waiting for service AtCmdFwd...
08-05 16:17:45.351 22094 22338 I art     : Explicit concurrent mark sweep GC freed 11(352B) AllocSpace objects, 0(0B) LOS objects, 35% free, 29MB/45MB, paused 483us total 44.318ms
08-05 16:17:45.370 22094 22338 I art     : Starting a blocking GC Explicit
08-05 16:17:45.416 22094 22338 I art     : Explicit concurrent mark sweep GC freed 11(352B) AllocSpace objects, 0(0B) LOS objects, 35% free, 29MB/45MB, paused 493us total 45.738ms
08-05 16:17:45.435 22094 22338 I art     : Starting a blocking GC Explicit
08-05 16:17:45.483 22094 22338 I art     : Explicit concurrent mark sweep GC freed 11(352B) AllocSpace objects, 0(0B) LOS objects, 35% free, 29MB/45MB, paused 490us total 47.159ms
08-05 16:17:45.601 22094 22094 I chromium: [INFO:CONSOLE(1)] "
08-05 16:17:45.601 22094 22094 I chromium:                   ,d"=,.,qOp,
08-05 16:17:45.601 22094 22094 I chromium:                  ,7'  ''$(  )
08-05 16:17:45.601 22094 22094 I chromium:                 ,7'      '?q$7'
08-05 16:17:45.601 22094 22094 I chromium:              ..,$$,.
08-05 16:17:45.601 22094 22094 I chromium:    ,.  .,,--***""***--,,.  .,
08-05 16:17:45.601 22094 22094 I chromium:     ,p''              ''q,   
08-05 16:17:45.601 22094 22094 I chromium: :  ,7'                      '7,  :
08-05 16:17:45.601 22094 22094 I chromium:  ' $      ,db,      ,db,      $ '
08-05 16:17:45.601 22094 22094 I chromium:   '$      $$      $$      $'    Using Reddit at work? Work for Reddit.
08-05 16:17:45.601 22094 22094 I chromium:   '$                          $'        https://www.reddit.com/jobs
08-05 16:17:45.601 22094 22094 I chromium:    '$.     .,        ,.     .$'
08-05 16:17:45.601 22094 22094 I chromium:     'b,     ''     ,d'
08-05 16:17:45.601 22094 22094 I chromium:      '?bn,,          ,,nd?'
08-05 16:17:45.601 22094 22094 I chromium:        ,7$ '''' $7,
08-05 16:17:45.601 22094 22094 I chromium:      , $              $ ,
08-05 16:17:45.601 22094 22094 I chromium:      $  :$              $:  $
08-05 16:17:45.601 22094 22094 I chromium:      $   $              $   $
08-05 16:17:45.601 22094 22094 I chromium:      'b  q:            :p  d'
08-05 16:17:45.601 22094 22094 I chromium:       '?$.          .$?'
08-05 16:17:45.601 22094 22094 I chromium:          'b            d'
08-05 16:17:45.601 22094 22094 I chromium:        ,'?,.      .,?',
08-05 16:17:45.601 22094 22094 I chromium:       ==--==--==--==
08-05 16:17:45.601 22094 22094 I chromium: ", source: https://www.redditstatic.com/desktop2x/Chat~Governance~Reddit.2ea93b134a9b2e5b1d9a.js (1)
08-05 16:17:45.876 22094 22105 I art     : Starting a blocking GC Explicit
08-05 16:17:45.931 22094 22105 I art     : Explicit concurrent mark sweep GC freed 1438(87KB) AllocSpace objects, 1(20KB) LOS objects, 35% free, 29MB/45MB, paused 581us total 54.925ms
08-05 16:17:45.956 22094 22105 I art     : Starting a blocking GC Explicit
08-05 16:17:46.003 22094 22105 I art     : Explicit concurrent mark sweep GC freed 42(1408B) AllocSpace objects, 0(0B) LOS objects, 35% free, 29MB/45MB, paused 481us total 46.291ms
08-05 16:17:46.034 22094 22105 I art     : Starting a blocking GC Explicit
08-05 16:17:46.087 22094 22105 I art     : Explicit concurrent mark sweep GC freed 289(43KB) AllocSpace objects, 0(0B) LOS objects, 35% free, 29MB/45MB, paused 490us total 52.009ms
08-05 16:17:46.104 22094 22105 I art     : Starting a blocking GC Explicit
08-05 16:17:46.149 22094 22105 I art     : Explicit concurrent mark sweep GC freed 68(2272B) AllocSpace objects, 0(0B) LOS objects, 35% free, 29MB/45MB, paused 515us total 44.602ms
08-05 16:17:46.167 22094 22105 I art     : Starting a blocking GC Explicit
08-05 16:17:46.215 22094 22105 I art     : Explicit concurrent mark sweep GC freed 3(96B) AllocSpace objects, 0(0B) LOS objects, 35% free, 29MB/45MB, paused 579us total 47.601ms
08-05 16:17:46.351 22144 22144 I ServiceManager: Waiting for service AtCmdFwd...
08-05 16:17:46.370   518   646 I ThermalEngine: ACTION: GPU - Setting GPU[0] to 390000000
08-05 16:17:46.664 22094 22105 I art     : Starting a blocking GC Explicit
08-05 16:17:46.726 22094 22105 I art     : Explicit concurrent mark sweep GC freed 1568(95KB) AllocSpace objects, 1(20KB) LOS objects, 35% free, 29MB/45MB, paused 848us total 61.139ms
08-05 16:17:46.751 22094 22105 I art     : Starting a blocking GC Explicit
08-05 16:17:46.814 22094 22105 I art     : Explicit concurrent mark sweep GC freed 20(704B) AllocSpace objects, 0(0B) LOS objects, 35% free, 29MB/45MB, paused 907us total 62.295ms
08-05 16:17:46.839 22094 22105 I art     : Starting a blocking GC Explicit
08-05 16:17:46.899 22094 22105 I art     : Explicit concurrent mark sweep GC freed 16(2640B) AllocSpace objects, 0(0B) LOS objects, 35% free, 29MB/45MB, paused 739us total 60.126ms
08-05 16:17:46.923 22094 22105 I art     : Starting a blocking GC Explicit
08-05 16:17:46.989 22094 22105 I art     : Explicit concurrent mark sweep GC freed 3(96B) AllocSpace objects, 0(0B) LOS objects, 35% free, 29MB/45MB, paused 879us total 65.267ms
08-05 16:17:47.013 22094 22105 I art     : Starting a blocking GC Explicit
08-05 16:17:47.079 22094 22105 I art     : Explicit concurrent mark sweep GC freed 3(96B) AllocSpace objects, 0(0B) LOS objects, 35% free, 29MB/45MB, paused 815us total 65.666ms
08-05 16:17:47.351 22144 22144 I ServiceManager: Waiting for service AtCmdFwd...
08-05 16:17:47.474 22094 22405 I art     : Starting a blocking GC Explicit
08-05 16:17:47.533 22094 22405 I art     : Explicit concurrent mark sweep GC freed 1403(85KB) AllocSpace objects, 1(20KB) LOS objects, 35% free, 29MB/45MB, paused 879us total 58.416ms
08-05 16:17:47.558 22094 22405 I art     : Starting a blocking GC Explicit
08-05 16:17:47.614 22094 22405 I art     : Explicit concurrent mark sweep GC freed 91(3KB) AllocSpace objects, 0(0B) LOS objects, 35% free, 29MB/45MB, paused 790us total 55.615ms
08-05 16:17:47.638 22094 22405 I art     : Starting a blocking GC Explicit
08-05 16:17:47.703 22094 22405 I art     : Explicit concurrent mark sweep GC freed 3(96B) AllocSpace objects, 0(0B) LOS objects, 35% free, 29MB/45MB, paused 765us total 63.805ms
08-05 16:17:47.727 22094 22405 I art     : Starting a blocking GC Explicit
08-05 16:17:47.792 22094 22405 I art     : Explicit concurrent mark sweep GC freed 3(96B) AllocSpace objects, 0(0B) LOS objects, 35% free, 29MB/45MB, paused 759us total 64.417ms
08-05 16:17:47.817 22094 22405 I art     : Starting a blocking GC Explicit
08-05 16:17:47.883 22094 22405 I art     : Explicit concurrent mark sweep GC freed 3(96B) AllocSpace objects, 0(0B) LOS objects, 35% free, 29MB/45MB, paused 860us total 65.439ms
08-05 16:17:48.288 22094 22405 I art     : Starting a blocking GC Explicit
08-05 16:17:48.346 22094 22405 I art     : Explicit concurrent mark sweep GC freed 1357(82KB) AllocSpace objects, 1(20KB) LOS objects, 35% free, 29MB/45MB, paused 858us total 57.106ms
08-05 16:17:48.352 22144 22144 I ServiceManager: Waiting for service AtCmdFwd...
08-05 16:17:48.372 22094 22405 I art     : Starting a blocking GC Explicit
08-05 16:17:48.427 22094 22405 I art     : Explicit concurrent mark sweep GC freed 20(704B) AllocSpace objects, 0(0B) LOS objects, 35% free, 29MB/45MB, paused 850us total 54.223ms
08-05 16:17:48.451 22094 22405 I art     : Starting a blocking GC Explicit
08-05 16:17:48.514 22094 22405 I art     : Explicit concurrent mark sweep GC freed 3(96B) AllocSpace objects, 0(0B) LOS objects, 35% free, 29MB/45MB, paused 750us total 62.872ms
08-05 16:17:48.538 22094 22405 I art     : Starting a blocking GC Explicit
08-05 16:17:48.633 22094 22405 I art     : Explicit concurrent mark sweep GC freed 3(96B) AllocSpace objects, 0(0B) LOS objects, 35% free, 29MB/45MB, paused 867us total 94.300ms
08-05 16:17:48.667 22094 22405 I art     : Starting a blocking GC Explicit
08-05 16:17:48.725 22094 22405 I art     : Explicit concurrent mark sweep GC freed 3(96B) AllocSpace objects, 0(0B) LOS objects, 35% free, 29MB/45MB, paused 780us total 57.576ms
08-05 16:17:49.086 24772 24772 D AndroidRuntime: >>>>>> START com.android.internal.os.RuntimeInit uid 2000 <<<<<<
08-05 16:17:49.092 24772 24772 D AndroidRuntime: CheckJNI is OFF
08-05 16:17:49.144 24772 24772 D ICU     : No timezone override file found: /data/misc/zoneinfo/current/icu/icu_tzdata.dat
08-05 16:17:49.198 24772 24772 I Radio-JNI: register_android_hardware_Radio DONE
08-05 16:17:49.220 22094 22106 I art     : Starting a blocking GC Explicit
08-05 16:17:49.231 24772 24772 D AndroidRuntime: Calling main entry com.android.commands.input.Input
08-05 16:17:49.237 24772 24772 I Input   : injectKeyEvent: KeyEvent { action=ACTION_DOWN, keyCode=KEYCODE_BACK, scanCode=0, metaState=0, flags=0x0, repeatCount=0, eventTime=807485650, downTime=807485650, deviceId=-1, source=0x101 }
08-05 16:17:49.243 24772 24772 I Input   : injectKeyEvent: KeyEvent { action=ACTION_UP, keyCode=KEYCODE_BACK, scanCode=0, metaState=0, flags=0x0, repeatCount=0, eventTime=807485650, downTime=807485650, deviceId=-1, source=0x101 }
08-05 16:17:49.249 24772 24772 D AndroidRuntime: Shutting down VM
08-05 16:17:49.313 22094 22106 I art     : Explicit concurrent mark sweep GC freed 1487(87KB) AllocSpace objects, 1(20KB) LOS objects, 35% free, 29MB/45MB, paused 795us total 92.394ms
08-05 16:17:49.318 13866 13866 I GoogleInputMethodServic: GoogleInputMethodService.onFinishInput():3138 
08-05 16:17:49.318 13866 13866 I GoogleInputMethodServic: GoogleInputMethodService.onStartInput():1808 
08-05 16:17:49.336 22094 22106 I art     : Starting a blocking GC Explicit
08-05 16:17:49.353 22144 22144 I ServiceManager: Waiting for service AtCmdFwd...
08-05 16:17:49.400 22094 22106 I art     : Explicit concurrent mark sweep GC freed 155(5KB) AllocSpace objects, 0(0B) LOS objects, 35% free, 29MB/45MB, paused 773us total 63.531ms
08-05 16:17:49.423 22094 22106 I art     : Starting a blocking GC Explicit
08-05 16:17:49.474 22094 22106 I art     : Explicit concurrent mark sweep GC freed 8(304B) AllocSpace objects, 0(0B) LOS objects, 35% free, 29MB/45MB, paused 732us total 50.887ms
08-05 16:17:49.501 22094 22106 I art     : Starting a blocking GC Explicit
08-05 16:17:49.558 22094 22106 I art     : Explicit concurrent mark sweep GC freed 3(96B) AllocSpace objects, 0(0B) LOS objects, 35% free, 29MB/45MB, paused 786us total 56.084ms
08-05 16:17:49.582 22094 22106 I art     : Starting a blocking GC Explicit
08-05 16:17:49.641 22094 22106 I art     : Explicit concurrent mark sweep GC freed 3(96B) AllocSpace objects, 0(0B) LOS objects, 35% free, 29MB/45MB, paused 766us total 59.110ms
08-05 16:17:49.660   380   380 W SurfaceFlinger: couldn't log to binary event log: overflow.
08-05 16:17:49.693   918  3263 D ConnectivityService: releasing NetworkRequest NetworkRequest [ id=3401, legacyType=-1, [ Capabilities: INTERNET&NOT_RESTRICTED&TRUSTED] ]
08-05 16:17:50.052 22094 22405 I art     : Starting a blocking GC Explicit
08-05 16:17:50.137 22094 22405 I art     : Explicit concurrent mark sweep GC freed 2239(123KB) AllocSpace objects, 1(20KB) LOS objects, 35% free, 29MB/45MB, paused 1.584ms total 84.456ms
08-05 16:17:50.165 22094 22405 I art     : Starting a blocking GC Explicit
08-05 16:17:50.223 22094 22405 I art     : Explicit concurrent mark sweep GC freed 2114(124KB) AllocSpace objects, 1(28KB) LOS objects, 35% free, 29MB/45MB, paused 830us total 57.685ms
08-05 16:17:50.249 22094 22405 I art     : Starting a blocking GC Explicit
08-05 16:17:50.308 22094 22405 I art     : Explicit concurrent mark sweep GC freed 3(96B) AllocSpace objects, 0(0B) LOS objects, 35% free, 29MB/45MB, paused 1.002ms total 59.456ms
08-05 16:17:50.309 22094 22104 I art     : WaitForGcToComplete blocked for 20.848ms for cause HeapTrim
08-05 16:17:50.334 22094 22405 I art     : Starting a blocking GC Explicit
08-05 16:17:50.353 22144 22144 W Atfwd_Sendcmd: AtCmdFwd service not published, waiting... retryCnt : 1
08-05 16:17:50.391 22094 22405 I art     : Explicit concurrent mark sweep GC freed 3(96B) AllocSpace objects, 0(0B) LOS objects, 35% free, 29MB/45MB, paused 658us total 57.033ms
08-05 16:17:50.416 22094 22405 I art     : Starting a blocking GC Explicit
08-05 16:17:50.479 22094 22405 I art     : Explicit concurrent mark sweep GC freed 3(96B) AllocSpace objects, 0(0B) LOS objects, 35% free, 29MB/45MB, paused 1.292ms total 62.709ms
08-05 16:17:50.852 22094 22338 I art     : Starting a blocking GC Explicit
08-05 16:17:50.911 22094 22338 I art     : Explicit concurrent mark sweep GC freed 1356(82KB) AllocSpace objects, 1(20KB) LOS objects, 35% free, 29MB/45MB, paused 821us total 57.939ms
08-05 16:17:50.936 22094 22338 I art     : Starting a blocking GC Explicit
08-05 16:17:50.994 22094 22338 I art     : Explicit concurrent mark sweep GC freed 20(704B) AllocSpace objects, 0(0B) LOS objects, 35% free, 29MB/45MB, paused 704us total 57.633ms
08-05 16:17:51.019 22094 22338 I art     : Starting a blocking GC Explicit
08-05 16:17:51.077 22094 22338 I art     : Explicit concurrent mark sweep GC freed 3(96B) AllocSpace objects, 0(0B) LOS objects, 35% free, 29MB/45MB, paused 786us total 57.548ms
08-05 16:17:51.101 22094 22338 I art     : Starting a blocking GC Explicit
08-05 16:17:51.159 22094 22338 I art     : Explicit concurrent mark sweep GC freed 3(96B) AllocSpace objects, 0(0B) LOS objects, 35% free, 29MB/45MB, paused 840us total 57.559ms
08-05 16:17:51.171 24806 24806 D AndroidRuntime: >>>>>> START com.android.internal.os.RuntimeInit uid 2000 <<<<<<
08-05 16:17:51.178 24806 24806 D AndroidRuntime: CheckJNI is OFF
08-05 16:17:51.185 22094 22338 I art     : Starting a blocking GC Explicit
08-05 16:17:51.228 24806 24806 D ICU     : No timezone override file found: /data/misc/zoneinfo/current/icu/icu_tzdata.dat
08-05 16:17:51.240 22094 22338 I art     : Explicit concurrent mark sweep GC freed 3(96B) AllocSpace objects, 0(0B) LOS objects, 35% free, 29MB/45MB, paused 872us total 54.569ms
08-05 16:17:51.274 24806 24806 I Radio-JNI: register_android_hardware_Radio DONE
08-05 16:17:51.306 24806 24806 D AndroidRuntime: Calling main entry com.android.commands.input.Input
08-05 16:17:51.308 24806 24806 I Input   : injectKeyEvent: KeyEvent { action=ACTION_DOWN, keyCode=KEYCODE_BACK, scanCode=0, metaState=0, flags=0x0, repeatCount=0, eventTime=807487721, downTime=807487721, deviceId=-1, source=0x101 }
08-05 16:17:51.314 24806 24806 I Input   : injectKeyEvent: KeyEvent { action=ACTION_UP, keyCode=KEYCODE_BACK, scanCode=0, metaState=0, flags=0x0, repeatCount=0, eventTime=807487721, downTime=807487721, deviceId=-1, source=0x101 }
08-05 16:17:51.321 24806 24806 D AndroidRuntime: Shutting down VM
08-05 16:17:51.363 13866 13866 I GoogleInputMethodServic: GoogleInputMethodService.onFinishInput():3138 
08-05 16:17:51.364 13866 13866 I GoogleInputMethodServic: GoogleInputMethodService.onStartInput():1808 
08-05 16:17:51.375   518   646 I ThermalEngine: ACTION: GPU - Setting GPU[0] to 450000000
08-05 16:17:51.562 22094 22405 I art     : Starting a blocking GC Explicit
08-05 16:17:51.614 22094 22405 I art     : Explicit concurrent mark sweep GC freed 1535(88KB) AllocSpace objects, 1(20KB) LOS objects, 35% free, 29MB/45MB, paused 502us total 51.836ms
08-05 16:17:51.636 22094 22405 I art     : Starting a blocking GC Explicit
08-05 16:17:51.685 22094 22405 I art     : Explicit concurrent mark sweep GC freed 48(1520B) AllocSpace objects, 0(0B) LOS objects, 35% free, 29MB/45MB, paused 671us total 49.113ms
08-05 16:17:51.704 22094 22405 I art     : Starting a blocking GC Explicit
08-05 16:17:51.750 22094 22405 I art     : Explicit concurrent mark sweep GC freed 44(1824B) AllocSpace objects, 0(0B) LOS objects, 35% free, 29MB/45MB, paused 542us total 44.743ms
08-05 16:17:51.768 22094 22405 I art     : Starting a blocking GC Explicit
08-05 16:17:51.815 22094 22405 I art     : Explicit concurrent mark sweep GC freed 133(6KB) AllocSpace objects, 0(0B) LOS objects, 35% free, 29MB/45MB, paused 534us total 46.931ms
08-05 16:17:51.834 22094 22405 I art     : Starting a blocking GC Explicit
08-05 16:17:51.881 22094 22405 I art     : Explicit concurrent mark sweep GC freed 3(96B) AllocSpace objects, 0(0B) LOS objects, 35% free, 29MB/45MB, paused 513us total 47.040ms
08-05 16:17:52.215 22094 22106 I art     : Starting a blocking GC Explicit
08-05 16:17:52.274 22094 22106 I art     : Explicit concurrent mark sweep GC freed 1356(82KB) AllocSpace objects, 1(20KB) LOS objects, 35% free, 29MB/45MB, paused 589us total 58.256ms
08-05 16:17:52.296 22094 22106 I art     : Starting a blocking GC Explicit
08-05 16:17:52.342 22094 22106 I art     : Explicit concurrent mark sweep GC freed 20(704B) AllocSpace objects, 0(0B) LOS objects, 35% free, 29MB/45MB, paused 513us total 46.255ms
08-05 16:17:52.361 22094 22106 I art     : Starting a blocking GC Explicit
08-05 16:17:52.409 22094 22106 I art     : Explicit concurrent mark sweep GC freed 3(96B) AllocSpace objects, 0(0B) LOS objects, 35% free, 29MB/45MB, paused 493us total 47.660ms
08-05 16:17:52.427 22094 22106 I art     : Starting a blocking GC Explicit
08-05 16:17:52.474 22094 22106 I art     : Explicit concurrent mark sweep GC freed 3(96B) AllocSpace objects, 0(0B) LOS objects, 35% free, 29MB/45MB, paused 510us total 46.881ms
08-05 16:17:52.493 22094 22106 I art     : Starting a blocking GC Explicit
08-05 16:17:52.541 22094 22106 I art     : Explicit concurrent mark sweep GC freed 3(96B) AllocSpace objects, 0(0B) LOS objects, 35% free, 29MB/45MB, paused 511us total 47.585ms
08-05 16:17:52.877 22094 22105 I art     : Starting a blocking GC Explicit
08-05 16:17:52.936 22094 22105 I art     : Explicit concurrent mark sweep GC freed 1356(82KB) AllocSpace objects, 1(20KB) LOS objects, 35% free, 29MB/45MB, paused 750us total 58.649ms
08-05 16:17:52.955 22094 22105 I art     : Starting a blocking GC Explicit
08-05 16:17:52.998 22094 22105 I art     : Explicit concurrent mark sweep GC freed 20(704B) AllocSpace objects, 0(0B) LOS objects, 35% free, 29MB/45MB, paused 524us total 42.739ms
08-05 16:17:53.015 22094 22105 I art     : Starting a blocking GC Explicit
08-05 16:17:53.061 22094 22105 I art     : Explicit concurrent mark sweep GC freed 3(96B) AllocSpace objects, 0(0B) LOS objects, 35% free, 29MB/45MB, paused 558us total 45.692ms
08-05 16:17:53.080 22094 22105 I art     : Starting a blocking GC Explicit
08-05 16:17:53.128 22094 22105 I art     : Explicit concurrent mark sweep GC freed 3(96B) AllocSpace objects, 0(0B) LOS objects, 35% free, 29MB/45MB, paused 578us total 48.602ms
08-05 16:17:53.138 24851 24851 D AndroidRuntime: >>>>>> START com.android.internal.os.RuntimeInit uid 2000 <<<<<<
08-05 16:17:53.144 24851 24851 D AndroidRuntime: CheckJNI is OFF
08-05 16:17:53.147 22094 22105 I art     : Starting a blocking GC Explicit
08-05 16:17:53.189 24851 24851 D ICU     : No timezone override file found: /data/misc/zoneinfo/current/icu/icu_tzdata.dat
08-05 16:17:53.196 22094 22105 I art     : Explicit concurrent mark sweep GC freed 3(96B) AllocSpace objects, 0(0B) LOS objects, 35% free, 29MB/45MB, paused 512us total 48.604ms
08-05 16:17:53.237 24851 24851 I Radio-JNI: register_android_hardware_Radio DONE
08-05 16:17:53.265 24851 24851 D AndroidRuntime: Calling main entry com.android.commands.input.Input
08-05 16:17:53.267 24851 24851 I Input   : injectMotionEvent: MotionEvent { action=ACTION_DOWN, actionButton=0, id[0]=0, x[0]=600.0, y[0]=1733.0, toolType[0]=TOOL_TYPE_UNKNOWN, buttonState=0, metaState=0, flags=0x0, edgeFlags=0x0, pointerCount=1, historySize=0, eventTime=807489679, downTime=807489679, deviceId=0, source=0x1002 }
08-05 16:17:53.274 24851 24851 I Input   : injectMotionEvent: MotionEvent { action=ACTION_UP, actionButton=0, id[0]=0, x[0]=600.0, y[0]=1733.0, toolType[0]=TOOL_TYPE_UNKNOWN, buttonState=0, metaState=0, flags=0x0, edgeFlags=0x0, pointerCount=1, historySize=0, eventTime=807489679, downTime=807489679, deviceId=0, source=0x1002 }
08-05 16:17:53.276 24851 24851 D AndroidRuntime: Shutting down VM
08-05 16:17:53.288   512  2967 D audio_hw_primary: out_set_parameters: enter: usecase(1: low-latency-playback) kvpairs: routing=2
08-05 16:17:53.288   918  4400 I ActivityManager: START u0 {dat=https://oauth.reddit.com/... cmp=baseline.org.quantumbadger.redreader/.activities.PostListingActivity} from uid 10689 on display 0
08-05 16:17:53.301   512  2967 D audio_hw_primary: select_devices: out_snd_device(2: speaker) in_snd_device(0: none)
08-05 16:17:53.301   512  2967 D msm8974_platform: platform_send_audio_calibration: sending audio calibration for snd_device(2) acdb_id(15)
08-05 16:17:53.301   512  2967 I soundtrigger: audio_extn_sound_trigger_update_device_status: device 0x2 of type 0 for Event 1
08-05 16:17:53.313   512  2967 D audio_hw_primary: enable_snd_device: snd_device(2: speaker)
08-05 16:17:53.313 22094 22094 I AppCompatViewInflater: app:theme is now deprecated. Please move to using android:theme instead.
08-05 16:17:53.316   512  2967 D audio_hw_primary: enable_audio_route: apply and update mixer path: low-latency-playback speaker
08-05 16:17:53.337 22094 24877 D OK      : calling: https://oauth.reddit.com/r/aww/about.json
08-05 16:17:53.399   918   936 I ActivityManager: Displayed baseline.org.quantumbadger.redreader/.activities.PostListingActivity: +102ms
08-05 16:17:53.400 13866 13866 I GoogleInputMethodServic: GoogleInputMethodService.onFinishInput():3138 
08-05 16:17:53.401 13866 13866 I GoogleInputMethodServic: GoogleInputMethodService.onStartInput():1808 
08-05 16:17:53.507 22094 22405 I art     : Starting a blocking GC Explicit
08-05 16:17:53.566 22094 22405 I art     : Explicit concurrent mark sweep GC freed 4980(265KB) AllocSpace objects, 1(20KB) LOS objects, 35% free, 29MB/45MB, paused 613us total 58.269ms
08-05 16:17:53.588 22094 22405 I art     : Starting a blocking GC Explicit
08-05 16:17:53.644 22094 22405 I art     : Explicit concurrent mark sweep GC freed 543(28KB) AllocSpace objects, 0(0B) LOS objects, 35% free, 29MB/45MB, paused 546us total 55.436ms
08-05 16:17:53.649 22094 24877 I NAPPA_EXPERIMENTATION: MetricNetworkRequestExecutionTime: REQUEST_DURATION_SYSTEM='311',REQUEST_DURATION_OKHTTP='152',REQUEST_SYNCHRONOUS='TRUE',RESPONSE_CODE='200',RESPONSE_METHOD='GET',RESPONSE_LENGTH_OKHTTP='-1',RESPONSE_LENGTH_HEADER='3478',REQUEST_PROTOCOL='h2',REQUEST_URL='https://oauth.reddit.com/r/aww/about.json',
08-05 16:17:53.649 22094 24877 D OK      : request got status: 200
08-05 16:17:53.652   380   380 W SurfaceFlinger: couldn't log to binary event log: overflow.
08-05 16:17:53.666 22094 22405 I art     : Starting a blocking GC Explicit
08-05 16:17:53.712 22094 22405 I art     : Explicit concurrent mark sweep GC freed 1228(168KB) AllocSpace objects, 1(68KB) LOS objects, 35% free, 29MB/45MB, paused 518us total 45.546ms
08-05 16:17:53.729 22094 22405 I art     : Starting a blocking GC Explicit
08-05 16:17:53.773 22094 22405 I art     : Explicit concurrent mark sweep GC freed 604(43KB) AllocSpace objects, 1(68KB) LOS objects, 35% free, 29MB/45MB, paused 491us total 43.893ms
08-05 16:17:53.794 22094 22405 I art     : Starting a blocking GC Explicit
08-05 16:17:53.844 22094 22405 I art     : Explicit concurrent mark sweep GC freed 92(3KB) AllocSpace objects, 0(0B) LOS objects, 35% free, 29MB/45MB, paused 546us total 50.640ms
08-05 16:17:53.858   512  2967 D audio_hw_primary: disable_audio_route: reset and update mixer path: low-latency-playback speaker
08-05 16:17:53.859   512  2967 D audio_hw_primary: disable_snd_device: snd_device(2: speaker)
08-05 16:17:53.867   512  2967 I soundtrigger: audio_extn_sound_trigger_update_device_status: device 0x2 of type 0 for Event 0
08-05 16:17:54.190 22094 22106 I art     : Starting a blocking GC Explicit
08-05 16:17:54.239 22094 22106 I art     : Explicit concurrent mark sweep GC freed 1415(85KB) AllocSpace objects, 1(20KB) LOS objects, 35% free, 29MB/45MB, paused 748us total 49.228ms
08-05 16:17:54.258 22094 22106 I art     : Starting a blocking GC Explicit
08-05 16:17:54.304 22094 22106 I art     : Explicit concurrent mark sweep GC freed 20(704B) AllocSpace objects, 0(0B) LOS objects, 35% free, 29MB/45MB, paused 545us total 45.869ms
08-05 16:17:54.322 22094 22106 I art     : Starting a blocking GC Explicit
08-05 16:17:54.368 22094 22106 I art     : Explicit concurrent mark sweep GC freed 3(96B) AllocSpace objects, 0(0B) LOS objects, 35% free, 29MB/45MB, paused 518us total 45.672ms
08-05 16:17:54.386 22094 22106 I art     : Starting a blocking GC Explicit
08-05 16:17:54.433 22094 22106 I art     : Explicit concurrent mark sweep GC freed 3(96B) AllocSpace objects, 0(0B) LOS objects, 35% free, 29MB/45MB, paused 548us total 46.008ms
08-05 16:17:54.451 22094 22106 I art     : Starting a blocking GC Explicit
08-05 16:17:54.498 22094 22106 I art     : Explicit concurrent mark sweep GC freed 3(96B) AllocSpace objects, 0(0B) LOS objects, 35% free, 29MB/45MB, paused 559us total 46.690ms
08-05 16:17:54.538 22094 24899 D OK      : calling: https://oauth.reddit.com/r/aww/hot/.json
08-05 16:17:54.760 22094 24899 I NAPPA_EXPERIMENTATION: MetricNetworkRequestExecutionTime: REQUEST_DURATION_SYSTEM='222',REQUEST_DURATION_OKHTTP='219',REQUEST_SYNCHRONOUS='TRUE',RESPONSE_CODE='200',RESPONSE_METHOD='GET',RESPONSE_LENGTH_OKHTTP='-1',RESPONSE_LENGTH_HEADER='33430',REQUEST_PROTOCOL='h2',REQUEST_URL='https://oauth.reddit.com/r/aww/hot/.json',
08-05 16:17:54.760 22094 24899 D OK      : request got status: 200
08-05 16:17:54.765 22094 22684 I PostListingFragment: Precaching images: OFF
08-05 16:17:54.766 22094 22684 I PostListingFragment: Precaching comments: OFF
08-05 16:17:54.776 22094 24910 D OK      : calling: https://b.thumbs.redditmedia.com/CKInrczASoQbNvSBStGz11Tok0uCyQoxmZ02sOE37sQ.jpg
08-05 16:17:54.789 22094 22684 I getImgurImageInfo: Image NSO7Npm: trying API v3 with auth
08-05 16:17:54.791 22094 24911 D OK      : calling: https://a.thumbs.redditmedia.com/sKVnLbatvJCZOE2ooe6CgiEftOB3ukgPMdcydbk9CZ4.jpg
08-05 16:17:54.794 22094 24912 D OK      : calling: https://a.thumbs.redditmedia.com/dFt2-stQJkfZ8O7r7ywG9GQsF08fZXxEJfQtAmiJ-F8.jpg
08-05 16:17:54.801 22094 24913 D OK      : calling: https://b.thumbs.redditmedia.com/1cAaKl6LkrikiRbLsBzzOvufKqRKuPi3wgjUkX8axkI.jpg
08-05 16:17:54.809 22094 24914 D OK      : calling: https://api.gfycat.com/v1/gfycats/deadlygravecavy
08-05 16:17:54.810 22094 24915 D OK      : calling: https://b.thumbs.redditmedia.com/NUqJWcobH7ToYhCM0w6nnAFZ46ymm9vPD25BC3s7Wco.jpg
08-05 16:17:54.814 22094 24916 D OK      : calling: https://b.thumbs.redditmedia.com/bUY4al781EZ3q7hUlnLebemHCXE3e63_SSxl2uo4Q4A.jpg
08-05 16:17:54.817 22094 24917 D OK      : calling: https://b.thumbs.redditmedia.com/tTmEfIrujbsvZXbhNSQS6Pc7o7ShCaGqZHbYf7nWdfg.jpg
08-05 16:17:54.821 22094 24918 D OK      : calling: https://b.thumbs.redditmedia.com/_H8tFMmL5-3GrxYkCtMSHiyNfjbX8pxctOw_vrzyw7o.jpg
08-05 16:17:54.825 22094 24919 D OK      : calling: https://b.thumbs.redditmedia.com/JTSWFy2_tijPk6cA5noKDydEAMkMJcDmKQTSX178zwc.jpg
08-05 16:17:54.828 22094 24920 D OK      : calling: https://b.thumbs.redditmedia.com/N6fiqTp8nJD2l7sUz4nij7j1yHYMTKaflUIrn8E2bAU.jpg
08-05 16:17:54.834 22094 24921 D OK      : calling: https://b.thumbs.redditmedia.com/HkEQtny0bE4H3dMCd_woPsLAXBoPwp_DZ4ioFNIQLKk.jpg
08-05 16:17:54.840 22094 24922 D OK      : calling: https://api.imgur.com/3/image/NSO7Npm
08-05 16:17:54.844 22094 24923 D OK      : calling: https://b.thumbs.redditmedia.com/lVNra-iScxkYcYtSstJ-7J7pRAUDRXIwwJhsen1ZK9g.jpg
08-05 16:17:54.845 22094 24924 D OK      : calling: https://b.thumbs.redditmedia.com/lQKqDneXS8E7ZBD9cUQy4OqOt8PuTneSvVFtnU0pwCE.jpg
08-05 16:17:54.848 22094 24925 D OK      : calling: https://b.thumbs.redditmedia.com/X3yyAViE0gxiHR-kf9Z5xmLa8dKsm8iWJyKdWNVtOhU.jpg
08-05 16:17:54.851 22094 24926 D OK      : calling: https://v.redd.it/fkewv2f65kd51/DASHPlaylist.mpd
08-05 16:17:54.856 22094 22338 I art     : Starting a blocking GC Explicit
08-05 16:17:54.857 22094 24927 D OK      : calling: https://api.gfycat.com/v1/gfycats/altruisticthankfulankolewatusi
08-05 16:17:54.859 22094 24928 D OK      : calling: https://b.thumbs.redditmedia.com/Bx9FZp8_w10DfFUf_mqVPMfu4Y0h2lo41Dh4tl2eNeQ.jpg
08-05 16:17:54.861 22094 24929 D OK      : calling: https://v.redd.it/ak6rer1hskd51/DASHPlaylist.mpd
08-05 16:17:54.864 22094 24930 D OK      : calling: https://a.thumbs.redditmedia.com/KpcC72KH04Be3BqxmFbv_Gz7LCy-24GU-70or3KCdJ4.jpg
08-05 16:17:54.870 22094 24931 D OK      : calling: https://api.gfycat.com/v1/gfycats/foolhardysparklinglarva
08-05 16:17:54.878 22094 24932 D OK      : calling: https://a.thumbs.redditmedia.com/cEOtajy3CAQrjwSA3hhSqnPx8bfkRzglo7Lz1SBTmE0.jpg
08-05 16:17:54.881 22094 24933 D OK      : calling: https://v.redd.it/h49fg58ygjd51/DASHPlaylist.mpd
08-05 16:17:54.884 22094 24934 D OK      : calling: https://b.thumbs.redditmedia.com/RrJbRRjFZWmckrONtkPTloJh52FfqD_XkLMuYuuQvAg.jpg
08-05 16:17:54.889 22094 24935 D OK      : calling: https://b.thumbs.redditmedia.com/chqK3f9u3D7UmfrGP85f4sOQFihMk6q7fFSeMyWs_7E.jpg
08-05 16:17:54.895 22094 24936 D OK      : calling: https://b.thumbs.redditmedia.com/B18Vu5Jw71XCkFOFHimnUC42ya8apHsmcCW-HFmtb6w.jpg
08-05 16:17:54.896 22094 24937 D OK      : calling: https://b.thumbs.redditmedia.com/iZuzjufMpYUYtQRLjRwce4RDb6JYsId95_iezR2Uc0w.jpg
08-05 16:17:54.898 22094 24938 D OK      : calling: https://v.redd.it/1ewzkieg0jd51/DASHPlaylist.mpd
08-05 16:17:54.905 22094 24940 D OK      : calling: https://v.redd.it/s9qqadf3mid51/DASHPlaylist.mpd
08-05 16:17:54.907 22094 24939 D OK      : calling: https://v.redd.it/ppmhu2r9thd51/DASHPlaylist.mpd
08-05 16:17:54.907 22094 24941 D OK      : calling: https://v.redd.it/b8vazlcb7ld51/DASHPlaylist.mpd
08-05 16:17:54.911 22094 24942 D OK      : calling: https://b.thumbs.redditmedia.com/XNb1kfskabGDLMqv661Q22hBtCb8w5oyePDcFaZi9aY.jpg
08-05 16:17:54.916 22094 24943 D OK      : calling: https://v.redd.it/ty24o02m1hd51/DASHPlaylist.mpd
08-05 16:17:54.923 22094 24944 D OK      : calling: https://b.thumbs.redditmedia.com/lMqJbh1Z40ffemA0TnSfVnovznn4hvJNue60AsJ-ETs.jpg
08-05 16:17:54.927 22094 22338 I art     : Explicit concurrent mark sweep GC freed 24141(1145KB) AllocSpace objects, 1(20KB) LOS objects, 33% free, 31MB/47MB, paused 3.763ms total 70.482ms
08-05 16:17:54.930 22094 24945 D OK      : calling: https://b.thumbs.redditmedia.com/x5l4cICw0WNNvslt5FqVjwj89XrGjrXnNbaSyQRAyCo.jpg
08-05 16:17:54.942 22094 24946 D OK      : calling: https://b.thumbs.redditmedia.com/189nmwjW7eGWBD0J-cxzsUac1V1ZWGzMFC66inY4u4Y.jpg
08-05 16:17:54.946 22094 22338 I art     : Starting a blocking GC Explicit
08-05 16:17:54.952 22094 24947 D OK      : calling: https://b.thumbs.redditmedia.com/d_-UsfmKASoIHi4vZyyjvvwFtm1S7-DEi9AQPOnGIgY.jpg
08-05 16:17:54.957 22094 24948 D OK      : calling: https://v.redd.it/ar5k8892pid51/DASHPlaylist.mpd
08-05 16:17:55.005 22094 22338 I art     : Explicit concurrent mark sweep GC freed 5770(290KB) AllocSpace objects, 1(68KB) LOS objects, 33% free, 31MB/47MB, paused 3.444ms total 59.141ms
08-05 16:17:55.024 22094 22338 I art     : Starting a blocking GC Explicit
08-05 16:17:55.051 22094 22094 W RecyclerView: Cannot call this method in a scroll callback. Scroll callbacks mightbe run during a measure & layout pass where you cannot change theRecyclerView data. Any method call that might change the structureof the RecyclerView or the adapter contents should be postponed tothe next frame.
08-05 16:17:55.051 22094 22094 W RecyclerView: java.lang.IllegalStateException:  androidx.recyclerview.widget.RecyclerView{6c0fabe VFED..... .F....ID 0,0-1440,2140 #7f0900ef app:id/scrollbar_recyclerview_recyclerview}, adapter:baseline.org.quantumbadger.redreader.adapters.GroupedRecyclerViewAdapter@984d71f, layout:androidx.recyclerview.widget.LinearLayoutManager@8153a6c, context:baseline.org.quantumbadger.redreader.activities.PostListingActivity@1d555cb
08-05 16:17:55.051 22094 22094 W RecyclerView: 	at androidx.recyclerview.widget.RecyclerView.assertNotInLayoutOrScroll(RecyclerView.java:3061)
08-05 16:17:55.051 22094 22094 W RecyclerView: 	at androidx.recyclerview.widget.RecyclerView$RecyclerViewDataObserver.onItemRangeInserted(RecyclerView.java:5555)
08-05 16:17:55.051 22094 22094 W RecyclerView: 	at androidx.recyclerview.widget.RecyclerView$AdapterDataObservable.notifyItemRangeInserted(RecyclerView.java:12278)
08-05 16:17:55.051 22094 22094 W RecyclerView: 	at androidx.recyclerview.widget.RecyclerView$Adapter.notifyItemInserted(RecyclerView.java:7464)
08-05 16:17:55.051 22094 22094 W RecyclerView: 	at baseline.org.quantumbadger.redreader.adapters.GroupedRecyclerViewAdapter.updateHiddenStatus(GroupedRecyclerViewAdapter.java:279)
08-05 16:17:55.051 22094 22094 W RecyclerView: 	at baseline.org.quantumbadger.redreader.adapters.RedditListingManager.setLoadingVisible(RedditListingManager.java:125)
08-05 16:17:55.051 22094 22094 W RecyclerView: 	at baseline.org.quantumbadger.redreader.fragments.PostListingFragment.onLoadMoreItemsCheck(PostListingFragment.java:465)
08-05 16:17:55.051 22094 22094 W RecyclerView: 	at baseline.org.quantumbadger.redreader.fragments.PostListingFragment.access$000(PostListingFragment.java:98)
08-05 16:17:55.051 22094 22094 W RecyclerView: 	at baseline.org.quantumbadger.redreader.fragments.PostListingFragment$2.onScrolled(PostListingFragment.java:215)
08-05 16:17:55.051 22094 22094 W RecyclerView: 	at androidx.recyclerview.widget.RecyclerView.dispatchOnScrolled(RecyclerView.java:5173)
08-05 16:17:55.051 22094 22094 W RecyclerView: 	at androidx.recyclerview.widget.RecyclerView.dispatchLayoutStep3(RecyclerView.java:4231)
08-05 16:17:55.051 22094 22094 W RecyclerView: 	at androidx.recyclerview.widget.RecyclerView.dispatchLayout(RecyclerView.java:3862)
08-05 16:17:55.051 22094 22094 W RecyclerView: 	at androidx.recyclerview.widget.RecyclerView.consumePendingUpdateOperations(RecyclerView.java:1897)
08-05 16:17:55.051 22094 22094 W RecyclerView: 	at androidx.recyclerview.widget.RecyclerView$1.run(RecyclerView.java:414)
08-05 16:17:55.051 22094 22094 W RecyclerView: 	at android.view.Choreographer$CallbackRecord.run(Choreographer.java:858)
08-05 16:17:55.051 22094 22094 W RecyclerView: 	at android.view.Choreographer.doCallbacks(Choreographer.java:670)
08-05 16:17:55.051 22094 22094 W RecyclerView: 	at android.view.Choreographer.doFrame(Choreographer.java:603)
08-05 16:17:55.051 22094 22094 W RecyclerView: 	at android.view.Choreographer$FrameDisplayEventReceiver.run(Choreographer.java:844)
08-05 16:17:55.051 22094 22094 W RecyclerView: 	at android.os.Handler.handleCallback(Handler.java:739)
08-05 16:17:55.051 22094 22094 W RecyclerView: 	at android.os.Handler.dispatchMessage(Handler.java:95)
08-05 16:17:55.051 22094 22094 W RecyclerView: 	at android.os.Looper.loop(Looper.java:148)
08-05 16:17:55.051 22094 22094 W RecyclerView: 	at android.app.ActivityThread.main(ActivityThread.java:5417)
08-05 16:17:55.051 22094 22094 W RecyclerView: 	at java.lang.reflect.Method.invoke(Native Method)
08-05 16:17:55.051 22094 22094 W RecyclerView: 	at com.android.internal.os.ZygoteInit$MethodAndArgsCaller.run(ZygoteInit.java:726)
08-05 16:17:55.051 22094 22094 W RecyclerView: 	at com.android.internal.os.ZygoteInit.main(ZygoteInit.java:616)
08-05 16:17:55.083 22094 22338 I art     : Explicit concurrent mark sweep GC freed 22493(1136KB) AllocSpace objects, 1(68KB) LOS objects, 34% free, 30MB/46MB, paused 3.236ms total 58.705ms
08-05 16:17:55.102 22094 22338 I art     : Starting a blocking GC Explicit
08-05 16:17:55.158 22094 22338 I art     : Explicit concurrent mark sweep GC freed 433(85KB) AllocSpace objects, 0(0B) LOS objects, 34% free, 30MB/46MB, paused 2.854ms total 56.127ms
08-05 16:17:55.177 22094 22338 I art     : Starting a blocking GC Explicit
08-05 16:17:55.235 22094 22338 I art     : Explicit concurrent mark sweep GC freed 8425(412KB) AllocSpace objects, 0(0B) LOS objects, 34% free, 30MB/46MB, paused 2.901ms total 57.152ms
08-05 16:17:55.354 22144 22144 I ServiceManager: Waiting for service AtCmdFwd...
08-05 16:17:55.596 22094 22105 I art     : Starting a blocking GC Explicit
08-05 16:17:55.602 22094 24911 I NAPPA_EXPERIMENTATION: MetricNetworkRequestExecutionTime: REQUEST_DURATION_SYSTEM='810',REQUEST_DURATION_OKHTTP='390',REQUEST_SYNCHRONOUS='TRUE',RESPONSE_CODE='200',RESPONSE_METHOD='GET',RESPONSE_LENGTH_OKHTTP='4487',RESPONSE_LENGTH_HEADER='4487',REQUEST_PROTOCOL='h2',REQUEST_URL='https://a.thumbs.redditmedia.com/sKVnLbatvJCZOE2ooe6CgiEftOB3ukgPMdcydbk9CZ4.jpg',
08-05 16:17:55.602 22094 24911 D OK      : request got status: 200
08-05 16:17:55.636 22094 24912 I NAPPA_EXPERIMENTATION: MetricNetworkRequestExecutionTime: REQUEST_DURATION_SYSTEM='840',REQUEST_DURATION_OKHTTP='416',REQUEST_SYNCHRONOUS='TRUE',RESPONSE_CODE='200',RESPONSE_METHOD='GET',RESPONSE_LENGTH_OKHTTP='6530',RESPONSE_LENGTH_HEADER='6530',REQUEST_PROTOCOL='h2',REQUEST_URL='https://a.thumbs.redditmedia.com/dFt2-stQJkfZ8O7r7ywG9GQsF08fZXxEJfQtAmiJ-F8.jpg',
08-05 16:17:55.636 22094 24912 D OK      : request got status: 200
08-05 16:17:55.640 22094 24910 I NAPPA_EXPERIMENTATION: MetricNetworkRequestExecutionTime: REQUEST_DURATION_SYSTEM='861',REQUEST_DURATION_OKHTTP='409',REQUEST_SYNCHRONOUS='TRUE',RESPONSE_CODE='200',RESPONSE_METHOD='GET',RESPONSE_LENGTH_OKHTTP='3891',RESPONSE_LENGTH_HEADER='3891',REQUEST_PROTOCOL='h2',REQUEST_URL='https://b.thumbs.redditmedia.com/CKInrczASoQbNvSBStGz11Tok0uCyQoxmZ02sOE37sQ.jpg',
08-05 16:17:55.640 22094 24910 D OK      : request got status: 200
08-05 16:17:55.661 22094 22105 I art     : Explicit concurrent mark sweep GC freed 47729(2MB) AllocSpace objects, 2(88KB) LOS objects, 34% free, 30MB/46MB, paused 2.745ms total 64.763ms
08-05 16:17:55.680 22094 22105 I art     : Starting a blocking GC Explicit
08-05 16:17:55.713 22094 24913 I NAPPA_EXPERIMENTATION: MetricNetworkRequestExecutionTime: REQUEST_DURATION_SYSTEM='912',REQUEST_DURATION_OKHTTP='467',REQUEST_SYNCHRONOUS='TRUE',RESPONSE_CODE='200',RESPONSE_METHOD='GET',RESPONSE_LENGTH_OKHTTP='5113',RESPONSE_LENGTH_HEADER='5113',REQUEST_PROTOCOL='h2',REQUEST_URL='https://b.thumbs.redditmedia.com/1cAaKl6LkrikiRbLsBzzOvufKqRKuPi3wgjUkX8axkI.jpg',
08-05 16:17:55.713 22094 24913 D OK      : request got status: 200
08-05 16:17:55.735 22094 22105 I art     : Explicit concurrent mark sweep GC freed 12806(764KB) AllocSpace objects, 10(628KB) LOS objects, 33% free, 31MB/47MB, paused 2.496ms total 54.315ms
08-05 16:17:55.738 22094 24994 D OK      : calling: https://oauth.reddit.com/r/aww/hot/.json?after=t3_hz5odc
08-05 16:17:55.753 22094 22105 I art     : Starting a blocking GC Explicit
08-05 16:17:55.805 22094 22105 I art     : Explicit concurrent mark sweep GC freed 10030(455KB) AllocSpace objects, 5(292KB) LOS objects, 34% free, 30MB/46MB, paused 2.470ms total 52.401ms
08-05 16:17:55.824 22094 22105 I art     : Starting a blocking GC Explicit
08-05 16:17:55.869 22094 24917 I NAPPA_EXPERIMENTATION: MetricNetworkRequestExecutionTime: REQUEST_DURATION_SYSTEM='1052',REQUEST_DURATION_OKHTTP='619',REQUEST_SYNCHRONOUS='TRUE',RESPONSE_CODE='200',RESPONSE_METHOD='GET',RESPONSE_LENGTH_OKHTTP='5439',RESPONSE_LENGTH_HEADER='5439',REQUEST_PROTOCOL='h2',REQUEST_URL='https://b.thumbs.redditmedia.com/tTmEfIrujbsvZXbhNSQS6Pc7o7ShCaGqZHbYf7nWdfg.jpg',
08-05 16:17:55.869 22094 24917 D OK      : request got status: 200
08-05 16:17:55.869 22094 24916 I NAPPA_EXPERIMENTATION: MetricNetworkRequestExecutionTime: REQUEST_DURATION_SYSTEM='1054',REQUEST_DURATION_OKHTTP='614',REQUEST_SYNCHRONOUS='TRUE',RESPONSE_CODE='200',RESPONSE_METHOD='GET',RESPONSE_LENGTH_OKHTTP='6131',RESPONSE_LENGTH_HEADER='6131',REQUEST_PROTOCOL='h2',REQUEST_URL='https://b.thumbs.redditmedia.com/bUY4al781EZ3q7hUlnLebemHCXE3e63_SSxl2uo4Q4A.jpg',
08-05 16:17:55.870 22094 24916 D OK      : request got status: 200
08-05 16:17:55.880 22094 22105 I art     : Explicit concurrent mark sweep GC freed 3249(290KB) AllocSpace objects, 4(188KB) LOS objects, 33% free, 31MB/47MB, paused 2.652ms total 56.182ms
08-05 16:17:55.900 22094 22105 I art     : Starting a blocking GC Explicit
08-05 16:17:55.936 22094 24921 I NAPPA_EXPERIMENTATION: MetricNetworkRequestExecutionTime: REQUEST_DURATION_SYSTEM='1102',REQUEST_DURATION_OKHTTP='655',REQUEST_SYNCHRONOUS='TRUE',RESPONSE_CODE='200',RESPONSE_METHOD='GET',RESPONSE_LENGTH_OKHTTP='8699',RESPONSE_LENGTH_HEADER='8699',REQUEST_PROTOCOL='h2',REQUEST_URL='https://b.thumbs.redditmedia.com/HkEQtny0bE4H3dMCd_woPsLAXBoPwp_DZ4ioFNIQLKk.jpg',
08-05 16:17:55.936 22094 24921 D OK      : request got status: 200
08-05 16:17:55.957 22094 22105 I art     : Explicit concurrent mark sweep GC freed 2441(125KB) AllocSpace objects, 1(68KB) LOS objects, 33% free, 31MB/47MB, paused 2.221ms total 56.873ms
08-05 16:17:56.007 22094 24918 I NAPPA_EXPERIMENTATION: MetricNetworkRequestExecutionTime: REQUEST_DURATION_SYSTEM='1185',REQUEST_DURATION_OKHTTP='718',REQUEST_SYNCHRONOUS='TRUE',RESPONSE_CODE='200',RESPONSE_METHOD='GET',RESPONSE_LENGTH_OKHTTP='6434',RESPONSE_LENGTH_HEADER='6434',REQUEST_PROTOCOL='h2',REQUEST_URL='https://b.thumbs.redditmedia.com/_H8tFMmL5-3GrxYkCtMSHiyNfjbX8pxctOw_vrzyw7o.jpg',
08-05 16:17:56.007 22094 24918 D OK      : request got status: 200
08-05 16:17:56.079 22094 24932 I NAPPA_EXPERIMENTATION: MetricNetworkRequestExecutionTime: REQUEST_DURATION_SYSTEM='1200',REQUEST_DURATION_OKHTTP='624',REQUEST_SYNCHRONOUS='TRUE',RESPONSE_CODE='200',RESPONSE_METHOD='GET',RESPONSE_LENGTH_OKHTTP='5648',RESPONSE_LENGTH_HEADER='5648',REQUEST_PROTOCOL='h2',REQUEST_URL='https://a.thumbs.redditmedia.com/cEOtajy3CAQrjwSA3hhSqnPx8bfkRzglo7Lz1SBTmE0.jpg',
08-05 16:17:56.079 22094 24932 D OK      : request got status: 200
08-05 16:17:56.101 22094 24920 I NAPPA_EXPERIMENTATION: MetricNetworkRequestExecutionTime: REQUEST_DURATION_SYSTEM='1272',REQUEST_DURATION_OKHTTP='686',REQUEST_SYNCHRONOUS='TRUE',RESPONSE_CODE='200',RESPONSE_METHOD='GET',RESPONSE_LENGTH_OKHTTP='7265',RESPONSE_LENGTH_HEADER='7265',REQUEST_PROTOCOL='h2',REQUEST_URL='https://b.thumbs.redditmedia.com/N6fiqTp8nJD2l7sUz4nij7j1yHYMTKaflUIrn8E2bAU.jpg',
08-05 16:17:56.101 22094 24920 D OK      : request got status: 200
08-05 16:17:56.104 22094 24919 I NAPPA_EXPERIMENTATION: MetricNetworkRequestExecutionTime: REQUEST_DURATION_SYSTEM='1279',REQUEST_DURATION_OKHTTP='814',REQUEST_SYNCHRONOUS='TRUE',RESPONSE_CODE='200',RESPONSE_METHOD='GET',RESPONSE_LENGTH_OKHTTP='6634',RESPONSE_LENGTH_HEADER='6634',REQUEST_PROTOCOL='h2',REQUEST_URL='https://b.thumbs.redditmedia.com/JTSWFy2_tijPk6cA5noKDydEAMkMJcDmKQTSX178zwc.jpg',
08-05 16:17:56.105 22094 24919 D OK      : request got status: 200
08-05 16:17:56.112 22094 24915 I NAPPA_EXPERIMENTATION: MetricNetworkRequestExecutionTime: REQUEST_DURATION_SYSTEM='1302',REQUEST_DURATION_OKHTTP='794',REQUEST_SYNCHRONOUS='TRUE',RESPONSE_CODE='200',RESPONSE_METHOD='GET',RESPONSE_LENGTH_OKHTTP='6242',RESPONSE_LENGTH_HEADER='6242',REQUEST_PROTOCOL='h2',REQUEST_URL='https://b.thumbs.redditmedia.com/NUqJWcobH7ToYhCM0w6nnAFZ46ymm9vPD25BC3s7Wco.jpg',
08-05 16:17:56.112 22094 24915 D OK      : request got status: 200
08-05 16:17:56.115 22094 24930 I NAPPA_EXPERIMENTATION: MetricNetworkRequestExecutionTime: REQUEST_DURATION_SYSTEM='1251',REQUEST_DURATION_OKHTTP='613',REQUEST_SYNCHRONOUS='TRUE',RESPONSE_CODE='200',RESPONSE_METHOD='GET',RESPONSE_LENGTH_OKHTTP='4798',RESPONSE_LENGTH_HEADER='4798',REQUEST_PROTOCOL='h2',REQUEST_URL='https://a.thumbs.redditmedia.com/KpcC72KH04Be3BqxmFbv_Gz7LCy-24GU-70or3KCdJ4.jpg',
08-05 16:17:56.116 22094 24930 D OK      : request got status: 200
08-05 16:17:56.168 22094 24924 I NAPPA_EXPERIMENTATION: MetricNetworkRequestExecutionTime: REQUEST_DURATION_SYSTEM='1323',REQUEST_DURATION_OKHTTP='657',REQUEST_SYNCHRONOUS='TRUE',RESPONSE_CODE='200',RESPONSE_METHOD='GET',RESPONSE_LENGTH_OKHTTP='6093',RESPONSE_LENGTH_HEADER='6093',REQUEST_PROTOCOL='h2',REQUEST_URL='https://b.thumbs.redditmedia.com/lQKqDneXS8E7ZBD9cUQy4OqOt8PuTneSvVFtnU0pwCE.jpg',
08-05 16:17:56.168 22094 24924 D OK      : request got status: 200
08-05 16:17:56.170 22094 24925 I NAPPA_EXPERIMENTATION: MetricNetworkRequestExecutionTime: REQUEST_DURATION_SYSTEM='1322',REQUEST_DURATION_OKHTTP='691',REQUEST_SYNCHRONOUS='TRUE',RESPONSE_CODE='200',RESPONSE_METHOD='GET',RESPONSE_LENGTH_OKHTTP='7078',RESPONSE_LENGTH_HEADER='7078',REQUEST_PROTOCOL='h2',REQUEST_URL='https://b.thumbs.redditmedia.com/X3yyAViE0gxiHR-kf9Z5xmLa8dKsm8iWJyKdWNVtOhU.jpg',
08-05 16:17:56.170 22094 24922 I NAPPA_EXPERIMENTATION: MetricNetworkRequestExecutionTime: REQUEST_DURATION_SYSTEM='1330',REQUEST_DURATION_OKHTTP='730',REQUEST_SYNCHRONOUS='TRUE',RESPONSE_CODE='200',RESPONSE_METHOD='GET',RESPONSE_LENGTH_OKHTTP='-1',RESPONSE_LENGTH_HEADER='379',REQUEST_PROTOCOL='h2',REQUEST_URL='https://api.imgur.com/3/image/NSO7Npm',
08-05 16:17:56.171 22094 24922 D OK      : request got status: 200
08-05 16:17:56.171 22094 24925 D OK      : request got status: 200
08-05 16:17:56.181 22094 24928 I NAPPA_EXPERIMENTATION: MetricNetworkRequestExecutionTime: REQUEST_DURATION_SYSTEM='1322',REQUEST_DURATION_OKHTTP='651',REQUEST_SYNCHRONOUS='TRUE',RESPONSE_CODE='200',RESPONSE_METHOD='GET',RESPONSE_LENGTH_OKHTTP='5207',RESPONSE_LENGTH_HEADER='5207',REQUEST_PROTOCOL='h2',REQUEST_URL='https://b.thumbs.redditmedia.com/Bx9FZp8_w10DfFUf_mqVPMfu4Y0h2lo41Dh4tl2eNeQ.jpg',
08-05 16:17:56.181 22094 24928 D OK      : request got status: 200
08-05 16:17:56.188 22094 24923 I NAPPA_EXPERIMENTATION: MetricNetworkRequestExecutionTime: REQUEST_DURATION_SYSTEM='1344',REQUEST_DURATION_OKHTTP='696',REQUEST_SYNCHRONOUS='TRUE',RESPONSE_CODE='200',RESPONSE_METHOD='GET',RESPONSE_LENGTH_OKHTTP='4018',RESPONSE_LENGTH_HEADER='4018',REQUEST_PROTOCOL='h2',REQUEST_URL='https://b.thumbs.redditmedia.com/lVNra-iScxkYcYtSstJ-7J7pRAUDRXIwwJhsen1ZK9g.jpg',
08-05 16:17:56.188 22094 24923 D OK      : request got status: 200
08-05 16:17:56.275 22094 24935 I NAPPA_EXPERIMENTATION: MetricNetworkRequestExecutionTime: REQUEST_DURATION_SYSTEM='1386',REQUEST_DURATION_OKHTTP='654',REQUEST_SYNCHRONOUS='TRUE',RESPONSE_CODE='200',RESPONSE_METHOD='GET',RESPONSE_LENGTH_OKHTTP='6163',RESPONSE_LENGTH_HEADER='6163',REQUEST_PROTOCOL='h2',REQUEST_URL='https://b.thumbs.redditmedia.com/chqK3f9u3D7UmfrGP85f4sOQFihMk6q7fFSeMyWs_7E.jpg',
08-05 16:17:56.276 22094 24935 D OK      : request got status: 200
08-05 16:17:56.283 22094 24929 I NAPPA_EXPERIMENTATION: MetricNetworkRequestExecutionTime: REQUEST_DURATION_SYSTEM='1422',REQUEST_DURATION_OKHTTP='768',REQUEST_SYNCHRONOUS='TRUE',RESPONSE_CODE='200',RESPONSE_METHOD='GET',RESPONSE_LENGTH_OKHTTP='1713',RESPONSE_LENGTH_HEADER='1713',REQUEST_PROTOCOL='h2',REQUEST_URL='https://v.redd.it/ak6rer1hskd51/DASHPlaylist.mpd',
08-05 16:17:56.283 22094 24929 D OK      : request got status: 200
08-05 16:17:56.310 22094 24936 I NAPPA_EXPERIMENTATION: MetricNetworkRequestExecutionTime: REQUEST_DURATION_SYSTEM='1415',REQUEST_DURATION_OKHTTP='768',REQUEST_SYNCHRONOUS='TRUE',RESPONSE_CODE='200',RESPONSE_METHOD='GET',RESPONSE_LENGTH_OKHTTP='8835',RESPONSE_LENGTH_HEADER='8835',REQUEST_PROTOCOL='h2',REQUEST_URL='https://b.thumbs.redditmedia.com/B18Vu5Jw71XCkFOFHimnUC42ya8apHsmcCW-HFmtb6w.jpg',
08-05 16:17:56.310 22094 24936 D OK      : request got status: 200
08-05 16:17:56.314 22094 24934 I NAPPA_EXPERIMENTATION: MetricNetworkRequestExecutionTime: REQUEST_DURATION_SYSTEM='1430',REQUEST_DURATION_OKHTTP='687',REQUEST_SYNCHRONOUS='TRUE',RESPONSE_CODE='200',RESPONSE_METHOD='GET',RESPONSE_LENGTH_OKHTTP='5229',RESPONSE_LENGTH_HEADER='5229',REQUEST_PROTOCOL='h2',REQUEST_URL='https://b.thumbs.redditmedia.com/RrJbRRjFZWmckrONtkPTloJh52FfqD_XkLMuYuuQvAg.jpg',
08-05 16:17:56.314 22094 24934 D OK      : request got status: 200
08-05 16:17:56.324 22094 22105 I art     : Starting a blocking GC Explicit
08-05 16:17:56.332 22094 24994 I NAPPA_EXPERIMENTATION: MetricNetworkRequestExecutionTime: REQUEST_DURATION_SYSTEM='594',REQUEST_DURATION_OKHTTP='590',REQUEST_SYNCHRONOUS='TRUE',RESPONSE_CODE='200',RESPONSE_METHOD='GET',RESPONSE_LENGTH_OKHTTP='-1',RESPONSE_LENGTH_HEADER='30610',REQUEST_PROTOCOL='h2',REQUEST_URL='https://oauth.reddit.com/r/aww/hot/.json?after=t3_hz5odc',
08-05 16:17:56.332 22094 24994 D OK      : request got status: 200
08-05 16:17:56.345 22094 24926 I NAPPA_EXPERIMENTATION: MetricNetworkRequestExecutionTime: REQUEST_DURATION_SYSTEM='1494',REQUEST_DURATION_OKHTTP='738',REQUEST_SYNCHRONOUS='TRUE',RESPONSE_CODE='200',RESPONSE_METHOD='GET',RESPONSE_LENGTH_OKHTTP='2700',RESPONSE_LENGTH_HEADER='2700',REQUEST_PROTOCOL='h2',REQUEST_URL='https://v.redd.it/fkewv2f65kd51/DASHPlaylist.mpd',
08-05 16:17:56.345 22094 24926 D OK      : request got status: 200
08-05 16:17:56.351 22094 22684 I PostListingFragment: Precaching images: OFF
08-05 16:17:56.351 22094 22684 I PostListingFragment: Precaching comments: OFF
08-05 16:17:56.354 22144 22144 I ServiceManager: Waiting for service AtCmdFwd...
08-05 16:17:56.356 22094 24933 I NAPPA_EXPERIMENTATION: MetricNetworkRequestExecutionTime: REQUEST_DURATION_SYSTEM='1475',REQUEST_DURATION_OKHTTP='726',REQUEST_SYNCHRONOUS='TRUE',RESPONSE_CODE='200',RESPONSE_METHOD='GET',RESPONSE_LENGTH_OKHTTP='2429',RESPONSE_LENGTH_HEADER='2429',REQUEST_PROTOCOL='h2',REQUEST_URL='https://v.redd.it/h49fg58ygjd51/DASHPlaylist.mpd',
08-05 16:17:56.356 22094 24933 D OK      : request got status: 200
08-05 16:17:56.363 22094 24938 I NAPPA_EXPERIMENTATION: MetricNetworkRequestExecutionTime: REQUEST_DURATION_SYSTEM='1464',REQUEST_DURATION_OKHTTP='719',REQUEST_SYNCHRONOUS='TRUE',RESPONSE_CODE='200',RESPONSE_METHOD='GET',RESPONSE_LENGTH_OKHTTP='3058',RESPONSE_LENGTH_HEADER='3058',REQUEST_PROTOCOL='h2',REQUEST_URL='https://v.redd.it/1ewzkieg0jd51/DASHPlaylist.mpd',
08-05 16:17:56.363 22094 24938 D OK      : request got status: 200
08-05 16:17:56.364 22094 24937 I NAPPA_EXPERIMENTATION: MetricNetworkRequestExecutionTime: REQUEST_DURATION_SYSTEM='1468',REQUEST_DURATION_OKHTTP='694',REQUEST_SYNCHRONOUS='TRUE',RESPONSE_CODE='200',RESPONSE_METHOD='GET',RESPONSE_LENGTH_OKHTTP='2861',RESPONSE_LENGTH_HEADER='2861',REQUEST_PROTOCOL='h2',REQUEST_URL='https://b.thumbs.redditmedia.com/iZuzjufMpYUYtQRLjRwce4RDb6JYsId95_iezR2Uc0w.jpg',
08-05 16:17:56.364 22094 24937 D OK      : request got status: 200
08-05 16:17:56.378 22094 24940 I NAPPA_EXPERIMENTATION: MetricNetworkRequestExecutionTime: REQUEST_DURATION_SYSTEM='1473',REQUEST_DURATION_OKHTTP='730',REQUEST_SYNCHRONOUS='TRUE',RESPONSE_CODE='200',RESPONSE_METHOD='GET',RESPONSE_LENGTH_OKHTTP='2698',RESPONSE_LENGTH_HEADER='2698',REQUEST_PROTOCOL='h2',REQUEST_URL='https://v.redd.it/s9qqadf3mid51/DASHPlaylist.mpd',
08-05 16:17:56.378 22094 24940 D OK      : request got status: 200
08-05 16:17:56.382 22094 22105 I art     : Explicit concurrent mark sweep GC freed 11421(1080KB) AllocSpace objects, 68(4MB) LOS objects, 31% free, 34MB/50MB, paused 2.254ms total 56.839ms
08-05 16:17:56.385 22094 24944 I NAPPA_EXPERIMENTATION: MetricNetworkRequestExecutionTime: REQUEST_DURATION_SYSTEM='1462',REQUEST_DURATION_OKHTTP='697',REQUEST_SYNCHRONOUS='TRUE',RESPONSE_CODE='200',RESPONSE_METHOD='GET',RESPONSE_LENGTH_OKHTTP='4249',RESPONSE_LENGTH_HEADER='4249',REQUEST_PROTOCOL='h2',REQUEST_URL='https://b.thumbs.redditmedia.com/lMqJbh1Z40ffemA0TnSfVnovznn4hvJNue60AsJ-ETs.jpg',
08-05 16:17:56.385 22094 24944 D OK      : request got status: 200
08-05 16:17:56.394 22094 24948 I NAPPA_EXPERIMENTATION: MetricNetworkRequestExecutionTime: REQUEST_DURATION_SYSTEM='1437',REQUEST_DURATION_OKHTTP='685',REQUEST_SYNCHRONOUS='TRUE',RESPONSE_CODE='200',RESPONSE_METHOD='GET',RESPONSE_LENGTH_OKHTTP='2342',RESPONSE_LENGTH_HEADER='2342',REQUEST_PROTOCOL='h2',REQUEST_URL='https://v.redd.it/ar5k8892pid51/DASHPlaylist.mpd',
08-05 16:17:56.395 22094 24948 D OK      : request got status: 200
08-05 16:17:56.395 22094 24927 I NAPPA_EXPERIMENTATION: MetricNetworkRequestExecutionTime: REQUEST_DURATION_SYSTEM='1538',REQUEST_DURATION_OKHTTP='676',REQUEST_SYNCHRONOUS='TRUE',RESPONSE_CODE='200',RESPONSE_METHOD='GET',RESPONSE_LENGTH_OKHTTP='-1',RESPONSE_LENGTH_HEADER='955',REQUEST_PROTOCOL='http/1.1',REQUEST_URL='https://api.gfycat.com/v1/gfycats/altruisticthankfulankolewatusi',
08-05 16:17:56.395 22094 24927 D OK      : request got status: 200
08-05 16:17:56.396 22094 24914 I NAPPA_EXPERIMENTATION: MetricNetworkRequestExecutionTime: REQUEST_DURATION_SYSTEM='1587',REQUEST_DURATION_OKHTTP='763',REQUEST_SYNCHRONOUS='TRUE',RESPONSE_CODE='200',RESPONSE_METHOD='GET',RESPONSE_LENGTH_OKHTTP='-1',RESPONSE_LENGTH_HEADER='812',REQUEST_PROTOCOL='http/1.1',REQUEST_URL='https://api.gfycat.com/v1/gfycats/deadlygravecavy',
08-05 16:17:56.396 22094 24914 D OK      : request got status: 200
08-05 16:17:56.399 22094 24939 I NAPPA_EXPERIMENTATION: MetricNetworkRequestExecutionTime: REQUEST_DURATION_SYSTEM='1492',REQUEST_DURATION_OKHTTP='721',REQUEST_SYNCHRONOUS='TRUE',RESPONSE_CODE='200',RESPONSE_METHOD='GET',RESPONSE_LENGTH_OKHTTP='2787',RESPONSE_LENGTH_HEADER='2787',REQUEST_PROTOCOL='h2',REQUEST_URL='https://v.redd.it/ppmhu2r9thd51/DASHPlaylist.mpd',
08-05 16:17:56.399 22094 24939 D OK      : request got status: 200
08-05 16:17:56.400 22094 22105 I art     : Starting a blocking GC Explicit
08-05 16:17:56.404 22094 24942 I NAPPA_EXPERIMENTATION: MetricNetworkRequestExecutionTime: REQUEST_DURATION_SYSTEM='1493',REQUEST_DURATION_OKHTTP='637',REQUEST_SYNCHRONOUS='TRUE',RESPONSE_CODE='200',RESPONSE_METHOD='GET',RESPONSE_LENGTH_OKHTTP='4067',RESPONSE_LENGTH_HEADER='4067',REQUEST_PROTOCOL='h2',REQUEST_URL='https://b.thumbs.redditmedia.com/XNb1kfskabGDLMqv661Q22hBtCb8w5oyePDcFaZi9aY.jpg',
08-05 16:17:56.404 22094 24942 D OK      : request got status: 200
08-05 16:17:56.412 22094 25011 D OK      : calling: https://b.thumbs.redditmedia.com/WehZGjN94ALGdO0M7RjPJ2EwcyyWVZ_NUn1Fuf7IYWY.jpg
08-05 16:17:56.432 22094 22684 I getImgurImageInfo: Image nLQR2hT: trying API v3 with auth
08-05 16:17:56.440 22094 24943 I NAPPA_EXPERIMENTATION: MetricNetworkRequestExecutionTime: REQUEST_DURATION_SYSTEM='1524',REQUEST_DURATION_OKHTTP='646',REQUEST_SYNCHRONOUS='TRUE',RESPONSE_CODE='200',RESPONSE_METHOD='GET',RESPONSE_LENGTH_OKHTTP='2071',RESPONSE_LENGTH_HEADER='2071',REQUEST_PROTOCOL='h2',REQUEST_URL='https://v.redd.it/ty24o02m1hd51/DASHPlaylist.mpd',
08-05 16:17:56.440 22094 24943 D OK      : request got status: 200
08-05 16:17:56.451 22094 24941 I NAPPA_EXPERIMENTATION: MetricNetworkRequestExecutionTime: REQUEST_DURATION_SYSTEM='1544',REQUEST_DURATION_OKHTTP='553',REQUEST_SYNCHRONOUS='TRUE',RESPONSE_CODE='200',RESPONSE_METHOD='GET',RESPONSE_LENGTH_OKHTTP='3060',RESPONSE_LENGTH_HEADER='3060',REQUEST_PROTOCOL='h2',REQUEST_URL='https://v.redd.it/b8vazlcb7ld51/DASHPlaylist.mpd',
08-05 16:17:56.451 22094 24941 D OK      : request got status: 200
08-05 16:17:56.457 22094 22105 I art     : Explicit concurrent mark sweep GC freed 12187(623KB) AllocSpace objects, 18(1104KB) LOS objects, 30% free, 35MB/51MB, paused 1.757ms total 56.986ms
08-05 16:17:56.465 22094 24929 I RedditVideosAPI: For 'https://v.redd.it/ak6rer1hskd51/DASHPlaylist.mpd', got video stream 'https://v.redd.it/ak6rer1hskd51/DASH_360' and audio stream 'null'
08-05 16:17:56.473 22094 24945 I NAPPA_EXPERIMENTATION: MetricNetworkRequestExecutionTime: REQUEST_DURATION_SYSTEM='1542',REQUEST_DURATION_OKHTTP='681',REQUEST_SYNCHRONOUS='TRUE',RESPONSE_CODE='200',RESPONSE_METHOD='GET',RESPONSE_LENGTH_OKHTTP='6843',RESPONSE_LENGTH_HEADER='6843',REQUEST_PROTOCOL='h2',REQUEST_URL='https://b.thumbs.redditmedia.com/x5l4cICw0WNNvslt5FqVjwj89XrGjrXnNbaSyQRAyCo.jpg',
08-05 16:17:56.473 22094 24945 D OK      : request got status: 200
08-05 16:17:56.477 22094 22105 I art     : Starting a blocking GC Explicit
08-05 16:17:56.479 22094 24931 I NAPPA_EXPERIMENTATION: MetricNetworkRequestExecutionTime: REQUEST_DURATION_SYSTEM='1608',REQUEST_DURATION_OKHTTP='735',REQUEST_SYNCHRONOUS='TRUE',RESPONSE_CODE='200',RESPONSE_METHOD='GET',RESPONSE_LENGTH_OKHTTP='-1',RESPONSE_LENGTH_HEADER='1021',REQUEST_PROTOCOL='http/1.1',REQUEST_URL='https://api.gfycat.com/v1/gfycats/foolhardysparklinglarva',
08-05 16:17:56.479 22094 24931 D OK      : request got status: 200
08-05 16:17:56.518 22094 24946 I NAPPA_EXPERIMENTATION: MetricNetworkRequestExecutionTime: REQUEST_DURATION_SYSTEM='1575',REQUEST_DURATION_OKHTTP='695',REQUEST_SYNCHRONOUS='TRUE',RESPONSE_CODE='200',RESPONSE_METHOD='GET',RESPONSE_LENGTH_OKHTTP='6778',RESPONSE_LENGTH_HEADER='6778',REQUEST_PROTOCOL='h2',REQUEST_URL='https://b.thumbs.redditmedia.com/189nmwjW7eGWBD0J-cxzsUac1V1ZWGzMFC66inY4u4Y.jpg',
08-05 16:17:56.518 22094 24946 D OK      : request got status: 200
08-05 16:17:56.523 22094 24947 I NAPPA_EXPERIMENTATION: MetricNetworkRequestExecutionTime: REQUEST_DURATION_SYSTEM='1570',REQUEST_DURATION_OKHTTP='728',REQUEST_SYNCHRONOUS='TRUE',RESPONSE_CODE='200',RESPONSE_METHOD='GET',RESPONSE_LENGTH_OKHTTP='6221',RESPONSE_LENGTH_HEADER='6221',REQUEST_PROTOCOL='h2',REQUEST_URL='https://b.thumbs.redditmedia.com/d_-UsfmKASoIHi4vZyyjvvwFtm1S7-DEi9AQPOnGIgY.jpg',
08-05 16:17:56.523 22094 24947 D OK      : request got status: 200
08-05 16:17:56.531 22094 24926 I RedditVideosAPI: For 'https://v.redd.it/fkewv2f65kd51/DASHPlaylist.mpd', got video stream 'https://v.redd.it/fkewv2f65kd51/DASH_480' and audio stream 'https://v.redd.it/fkewv2f65kd51/audio'
08-05 16:17:56.532 22094 25014 D OK      : calling: https://b.thumbs.redditmedia.com/Xdo4lcQOwuUNK1yxSlXZ0OI8u23ORAr16_AzfAZ1nvU.jpg
08-05 16:17:56.533 22094 22105 I art     : Explicit concurrent mark sweep GC freed 7838(480KB) AllocSpace objects, 11(836KB) LOS objects, 30% free, 36MB/52MB, paused 1.294ms total 54.933ms
08-05 16:17:56.553 22094 22105 I art     : Starting a blocking GC Explicit
08-05 16:17:56.585 22094 24933 I RedditVideosAPI: For 'https://v.redd.it/h49fg58ygjd51/DASHPlaylist.mpd', got video stream 'https://v.redd.it/h49fg58ygjd51/DASH_480' and audio stream 'null'
08-05 16:17:56.607 22094 25011 I NAPPA_EXPERIMENTATION: MetricNetworkRequestExecutionTime: REQUEST_DURATION_SYSTEM='195',REQUEST_DURATION_OKHTTP='194',REQUEST_SYNCHRONOUS='TRUE',RESPONSE_CODE='200',RESPONSE_METHOD='GET',RESPONSE_LENGTH_OKHTTP='5435',RESPONSE_LENGTH_HEADER='5435',REQUEST_PROTOCOL='h2',REQUEST_URL='https://b.thumbs.redditmedia.com/WehZGjN94ALGdO0M7RjPJ2EwcyyWVZ_NUn1Fuf7IYWY.jpg',
08-05 16:17:56.607 22094 22105 I art     : Explicit concurrent mark sweep GC freed 1670(254KB) AllocSpace objects, 14(984KB) LOS objects, 30% free, 36MB/52MB, paused 956us total 54.590ms
08-05 16:17:56.607 22094 25011 D OK      : request got status: 200
08-05 16:17:56.617 22094 24938 I RedditVideosAPI: For 'https://v.redd.it/1ewzkieg0jd51/DASHPlaylist.mpd', got video stream 'https://v.redd.it/1ewzkieg0jd51/DASH_480' and audio stream 'https://v.redd.it/1ewzkieg0jd51/audio'
08-05 16:17:56.627 22094 22105 I art     : Starting a blocking GC Explicit
08-05 16:17:56.648 22094 24940 I RedditVideosAPI: For 'https://v.redd.it/s9qqadf3mid51/DASHPlaylist.mpd', got video stream 'https://v.redd.it/s9qqadf3mid51/DASH_480' and audio stream 'https://v.redd.it/s9qqadf3mid51/audio'
08-05 16:17:56.654 22094 24948 I RedditVideosAPI: For 'https://v.redd.it/ar5k8892pid51/DASHPlaylist.mpd', got video stream 'https://v.redd.it/ar5k8892pid51/DASH_360' and audio stream 'https://v.redd.it/ar5k8892pid51/audio'
08-05 16:17:56.670 22094 25014 I NAPPA_EXPERIMENTATION: MetricNetworkRequestExecutionTime: REQUEST_DURATION_SYSTEM='138',REQUEST_DURATION_OKHTTP='137',REQUEST_SYNCHRONOUS='TRUE',RESPONSE_CODE='200',RESPONSE_METHOD='GET',RESPONSE_LENGTH_OKHTTP='5191',RESPONSE_LENGTH_HEADER='5191',REQUEST_PROTOCOL='h2',REQUEST_URL='https://b.thumbs.redditmedia.com/Xdo4lcQOwuUNK1yxSlXZ0OI8u23ORAr16_AzfAZ1nvU.jpg',
08-05 16:17:56.670 22094 25014 D OK      : request got status: 200
08-05 16:17:56.683 22094 22105 I art     : Explicit concurrent mark sweep GC freed 1548(251KB) AllocSpace objects, 14(832KB) LOS objects, 30% free, 36MB/52MB, paused 797us total 55.588ms
08-05 16:17:56.693 22094 25015 D OK      : calling: https://b.thumbs.redditmedia.com/2KMYZ5hTlKXSvNO4hDUPyMba8Yz6skyu1SjUhLq1d9s.jpg
08-05 16:17:56.702 22094 24939 I RedditVideosAPI: For 'https://v.redd.it/ppmhu2r9thd51/DASHPlaylist.mpd', got video stream 'https://v.redd.it/ppmhu2r9thd51/DASH_480' and audio stream 'null'
08-05 16:17:56.722 22094 24943 I RedditVideosAPI: For 'https://v.redd.it/ty24o02m1hd51/DASHPlaylist.mpd', got video stream 'https://v.redd.it/ty24o02m1hd51/DASH_480' and audio stream 'null'
08-05 16:17:56.745 22094 24941 I RedditVideosAPI: For 'https://v.redd.it/b8vazlcb7ld51/DASHPlaylist.mpd', got video stream 'https://v.redd.it/b8vazlcb7ld51/DASH_480' and audio stream 'https://v.redd.it/b8vazlcb7ld51/audio'
08-05 16:17:56.782 22094 25016 D OK      : calling: https://a.thumbs.redditmedia.com/EFVm-ZqqhARyEaKgtwU74c7tfzEDJvI0uiHXGglFag4.jpg
08-05 16:17:56.799 22094 25017 D OK      : calling: https://b.thumbs.redditmedia.com/qi4bNDKzoPvaSaSx99K2bAjwaRHh1nuOrcbySp1JHdk.jpg
08-05 16:17:56.802 22094 25018 D OK      : calling: https://b.thumbs.redditmedia.com/Ja8yiRMklM2lXd8q60LtBI6CqdmJ5YbWHRiBVFmICJA.jpg
08-05 16:17:56.805 22094 25019 D OK      : calling: https://b.thumbs.redditmedia.com/o5lSsJ_tCgCQxcdjMGaYxuveNluXB1PQT4PokXDhpvc.jpg
08-05 16:17:56.809 22094 25020 D OK      : calling: https://b.thumbs.redditmedia.com/SiCWTmKkQcbiAa7naxAHnw0adTeRkq1dB8QSqzGU7-Q.jpg
08-05 16:17:56.815 22094 25023 D OK      : calling: https://b.thumbs.redditmedia.com/C9qrVibnNxmzfLDKvEHp2v2Bo-Kqme7PoKC52s2o52M.jpg
08-05 16:17:56.818 22094 25024 D OK      : calling: https://a.thumbs.redditmedia.com/Tfsm0ol-ltlxNSBAkZ_4G4302d0hYeOSODkvXidBBR8.jpg
08-05 16:17:56.820 22094 25025 D OK      : calling: https://a.thumbs.redditmedia.com/Kzag-wH9wKRRg2MnPwgoFgXT_2jN_nkJ1lY1aNRQyT4.jpg
08-05 16:17:56.823 22094 25026 D OK      : calling: https://a.thumbs.redditmedia.com/P4gSGpXpi2wDXthNZ-LiwEs5Jvplm6dQ7W7Isqa7un4.jpg
08-05 16:17:56.826 22094 25027 D OK      : calling: https://b.thumbs.redditmedia.com/XkIhgqugP-9Zcb5I9A8o0r-zQJDh_6kastc0oWiiHkI.jpg
08-05 16:17:56.829 22094 25028 D OK      : calling: https://b.thumbs.redditmedia.com/3QPAtixkID9ojpqCAgfspJpruqoq45fM1G-Fx1K2F2A.jpg
08-05 16:17:56.832 22094 25029 D OK      : calling: https://b.thumbs.redditmedia.com/orK4W8Xc99pTzIT6q1waTsppldq24p1qMsHtkNnmu9w.jpg
08-05 16:17:56.834 22094 25030 D OK      : calling: https://b.thumbs.redditmedia.com/B1vXKY_-gTPbs625-RJ1MLIXxzCqfmnCB_0xnGjCECQ.jpg
08-05 16:17:56.837 22094 25031 D OK      : calling: https://a.thumbs.redditmedia.com/ffAKmOqnTuDMNR9MRfCdRtkq_CzN3MVhZxS64ZPYRh4.jpg
08-05 16:17:56.839 22094 25032 D OK      : calling: https://b.thumbs.redditmedia.com/OF1KI_LdSDMMWCy-WgJyRhIcM5fr7kDyu_OnpfRXHfI.jpg
08-05 16:17:56.842 22094 25034 D OK      : calling: https://b.thumbs.redditmedia.com/vuAhA4gGAmYfrTFA4woxZcKgmiDzJ3nAsql2pxcYGFs.jpg
08-05 16:17:56.844 22094 25036 D OK      : calling: https://b.thumbs.redditmedia.com/PtV7mFsO2n0j4YJweZjEqyVJ45hap4hXix9dwj6D0Wg.jpg
08-05 16:17:56.847 22094 25037 D OK      : calling: https://b.thumbs.redditmedia.com/wxTBcOhAgsmbc-TRaGNHpYJYnEOBr2LNsaZ6pCM91Lc.jpg
08-05 16:17:56.848 22094 25038 D OK      : calling: https://b.thumbs.redditmedia.com/Wo7bFIVNZYYuNioRYwZFYxrl6QMk0lT-3W01wrXgHmE.jpg
08-05 16:17:56.851 22094 25040 D OK      : calling: https://b.thumbs.redditmedia.com/NoqMycYTzsyhI0Lq351riEI1mO9p8PvY1QwcZ9Irb9g.jpg
08-05 16:17:56.856 22094 25044 D OK      : calling: https://b.thumbs.redditmedia.com/u2qz17QE3X5G7kkJrgK3HPCdxNQxNkhaWqfIhCuRMvE.jpg
08-05 16:17:56.856   918  3188 I hubconnection: sensorhub said: 'set_bias 3: -6.2400, 0.0000, 0.0000'
08-05 16:17:56.857 22094 25045 D OK      : calling: https://v.redd.it/syww111dtjd51/DASHPlaylist.mpd
08-05 16:17:56.857 22094 25041 D OK      : calling: https://b.thumbs.redditmedia.com/KrRufqpifph7KM2Le5RdqEYQb24zbB4fizBJpFaH1Pc.jpg
08-05 16:17:56.864 22094 25046 D OK      : calling: https://v.redd.it/pbqrrfb3tkd51/DASHPlaylist.mpd
08-05 16:17:56.864 22094 25047 D OK      : calling: https://v.redd.it/rrygsb8i4ld51/DASHPlaylist.mpd
08-05 16:17:56.866 22094 25048 D OK      : calling: https://v.redd.it/5x6zzipz8ld51/DASHPlaylist.mpd
08-05 16:17:56.867 22094 25049 D OK      : calling: https://v.redd.it/75en73fm5id51/DASHPlaylist.mpd
08-05 16:17:56.871 22094 25050 D OK      : calling: https://api.imgur.com/3/image/nLQR2hT
08-05 16:17:56.873 22094 25051 D OK      : calling: https://v.redd.it/ggz4fyth6hd51/DASHPlaylist.mpd
08-05 16:17:56.876 22094 25053 D OK      : calling: https://v.redd.it/psrknoobrgd51/DASHPlaylist.mpd
08-05 16:17:56.879 22094 25056 D OK      : calling: https://v.redd.it/jk6cwef4wld51/DASHPlaylist.mpd
08-05 16:17:56.881 22094 25057 D OK      : calling: https://v.redd.it/t81s8zfz9ld51/DASHPlaylist.mpd
08-05 16:17:56.884 22094 25058 D OK      : calling: https://v.redd.it/xd6c4yyutgd51/DASHPlaylist.mpd
08-05 16:17:56.890 22094 25015 I NAPPA_EXPERIMENTATION: MetricNetworkRequestExecutionTime: REQUEST_DURATION_SYSTEM='196',REQUEST_DURATION_OKHTTP='195',REQUEST_SYNCHRONOUS='TRUE',RESPONSE_CODE='200',RESPONSE_METHOD='GET',RESPONSE_LENGTH_OKHTTP='5098',RESPONSE_LENGTH_HEADER='5098',REQUEST_PROTOCOL='h2',REQUEST_URL='https://b.thumbs.redditmedia.com/2KMYZ5hTlKXSvNO4hDUPyMba8Yz6skyu1SjUhLq1d9s.jpg',
08-05 16:17:56.890 22094 25015 D OK      : request got status: 200
08-05 16:17:56.896 22094 25061 D OK      : calling: https://v.redd.it/ue0jdgk9zhd51/DASHPlaylist.mpd
08-05 16:17:57.004  5179  5194 D QcrilMsgTunnelSocket: readRilMessage: Buffer = [B@671e81d HexData = [010000000404000011000000514f454d484f4f4bef0308000100000003]
08-05 16:17:57.004  5179  5194 D QcrilMsgTunnelSocket: Rcvd UNSOL response with 28 bytes data for SUB0
08-05 16:17:57.004  5179  5194 D QcrilMsgTunnelSocket: Response ID 525295 is not served in this process.
08-05 16:17:57.004  5179  5194 D QcrilMsgTunnelSocket: To broadcast an Intent via the notifier to external apps
08-05 16:17:57.004  5179  5179 D QcrilMsgTunnelIfaceManager: handleMessage what = 0
08-05 16:17:57.004  5179  5179 D QcrilMsgTunnelIfaceManager: Broadcasting intent ACTION_UNSOL_RESPONSE_OEM_HOOK_RAW
08-05 16:17:57.010  5164  5164 D QC_RIL_OEM_HOOK: Received Broadcast Intent ACTION_UNSOL_RESPONSE_OEM_HOOK_RAW
08-05 16:17:57.011  5164  5164 D QC_RIL_OEM_HOOK: Oem ID in QCRILHOOK UNSOL RESP is QOEMHOOK
08-05 16:17:57.018 22094 22122 I art     : Starting a blocking GC Explicit
08-05 16:17:57.084 22094 22122 I art     : Explicit concurrent mark sweep GC freed 30481(1909KB) AllocSpace objects, 47(2MB) LOS objects, 30% free, 35MB/51MB, paused 2.554ms total 64.148ms
08-05 16:17:57.103 22094 22122 I art     : Starting a blocking GC Explicit
08-05 16:17:57.138 22094 25017 I NAPPA_EXPERIMENTATION: MetricNetworkRequestExecutionTime: REQUEST_DURATION_SYSTEM='338',REQUEST_DURATION_OKHTTP='337',REQUEST_SYNCHRONOUS='TRUE',RESPONSE_CODE='200',RESPONSE_METHOD='GET',RESPONSE_LENGTH_OKHTTP='4475',RESPONSE_LENGTH_HEADER='4475',REQUEST_PROTOCOL='h2',REQUEST_URL='https://b.thumbs.redditmedia.com/qi4bNDKzoPvaSaSx99K2bAjwaRHh1nuOrcbySp1JHdk.jpg',
08-05 16:17:57.138 22094 25017 D OK      : request got status: 200
08-05 16:17:57.152 22094 25018 I NAPPA_EXPERIMENTATION: MetricNetworkRequestExecutionTime: REQUEST_DURATION_SYSTEM='350',REQUEST_DURATION_OKHTTP='348',REQUEST_SYNCHRONOUS='TRUE',RESPONSE_CODE='200',RESPONSE_METHOD='GET',RESPONSE_LENGTH_OKHTTP='5414',RESPONSE_LENGTH_HEADER='5414',REQUEST_PROTOCOL='h2',REQUEST_URL='https://b.thumbs.redditmedia.com/Ja8yiRMklM2lXd8q60LtBI6CqdmJ5YbWHRiBVFmICJA.jpg',
08-05 16:17:57.152 22094 25018 D OK      : request got status: 200
08-05 16:17:57.162 22094 22122 I art     : Explicit concurrent mark sweep GC freed 1958(172KB) AllocSpace objects, 1(68KB) LOS objects, 30% free, 35MB/51MB, paused 2.319ms total 58.698ms
08-05 16:17:57.174 22094 25019 I NAPPA_EXPERIMENTATION: MetricNetworkRequestExecutionTime: REQUEST_DURATION_SYSTEM='369',REQUEST_DURATION_OKHTTP='368',REQUEST_SYNCHRONOUS='TRUE',RESPONSE_CODE='200',RESPONSE_METHOD='GET',RESPONSE_LENGTH_OKHTTP='4921',RESPONSE_LENGTH_HEADER='4921',REQUEST_PROTOCOL='h2',REQUEST_URL='https://b.thumbs.redditmedia.com/o5lSsJ_tCgCQxcdjMGaYxuveNluXB1PQT4PokXDhpvc.jpg',
08-05 16:17:57.175 22094 25019 D OK      : request got status: 200
08-05 16:17:57.182 22094 22122 I art     : Starting a blocking GC Explicit
08-05 16:17:57.235 22094 25020 I NAPPA_EXPERIMENTATION: MetricNetworkRequestExecutionTime: REQUEST_DURATION_SYSTEM='425',REQUEST_DURATION_OKHTTP='424',REQUEST_SYNCHRONOUS='TRUE',RESPONSE_CODE='200',RESPONSE_METHOD='GET',RESPONSE_LENGTH_OKHTTP='5968',RESPONSE_LENGTH_HEADER='5968',REQUEST_PROTOCOL='h2',REQUEST_URL='https://b.thumbs.redditmedia.com/SiCWTmKkQcbiAa7naxAHnw0adTeRkq1dB8QSqzGU7-Q.jpg',
08-05 16:17:57.235 22094 25020 D OK      : request got status: 200
08-05 16:17:57.239 22094 22122 I art     : Explicit concurrent mark sweep GC freed 704(138KB) AllocSpace objects, 9(692KB) LOS objects, 30% free, 36MB/52MB, paused 2.308ms total 57.507ms
08-05 16:17:57.252 22094 25023 I NAPPA_EXPERIMENTATION: MetricNetworkRequestExecutionTime: REQUEST_DURATION_SYSTEM='436',REQUEST_DURATION_OKHTTP='435',REQUEST_SYNCHRONOUS='TRUE',RESPONSE_CODE='200',RESPONSE_METHOD='GET',RESPONSE_LENGTH_OKHTTP='5378',RESPONSE_LENGTH_HEADER='5378',REQUEST_PROTOCOL='h2',REQUEST_URL='https://b.thumbs.redditmedia.com/C9qrVibnNxmzfLDKvEHp2v2Bo-Kqme7PoKC52s2o52M.jpg',
08-05 16:17:57.252 22094 25023 D OK      : request got status: 200
08-05 16:17:57.259 22094 22122 I art     : Starting a blocking GC Explicit
08-05 16:17:57.284 22094 25027 I NAPPA_EXPERIMENTATION: MetricNetworkRequestExecutionTime: REQUEST_DURATION_SYSTEM='458',REQUEST_DURATION_OKHTTP='457',REQUEST_SYNCHRONOUS='TRUE',RESPONSE_CODE='200',RESPONSE_METHOD='GET',RESPONSE_LENGTH_OKHTTP='4080',RESPONSE_LENGTH_HEADER='4080',REQUEST_PROTOCOL='h2',REQUEST_URL='https://b.thumbs.redditmedia.com/XkIhgqugP-9Zcb5I9A8o0r-zQJDh_6kastc0oWiiHkI.jpg',
08-05 16:17:57.284 22094 25027 D OK      : request got status: 200
08-05 16:17:57.317 22094 22122 I art     : Explicit concurrent mark sweep GC freed 930(109KB) AllocSpace objects, 12(956KB) LOS objects, 30% free, 36MB/52MB, paused 2.008ms total 57.301ms
08-05 16:17:57.336 22094 22122 I art     : Starting a blocking GC Explicit
08-05 16:17:57.340 22094 25029 I NAPPA_EXPERIMENTATION: MetricNetworkRequestExecutionTime: REQUEST_DURATION_SYSTEM='507',REQUEST_DURATION_OKHTTP='507',REQUEST_SYNCHRONOUS='TRUE',RESPONSE_CODE='200',RESPONSE_METHOD='GET',RESPONSE_LENGTH_OKHTTP='6654',RESPONSE_LENGTH_HEADER='6654',REQUEST_PROTOCOL='h2',REQUEST_URL='https://b.thumbs.redditmedia.com/orK4W8Xc99pTzIT6q1waTsppldq24p1qMsHtkNnmu9w.jpg',
08-05 16:17:57.340 22094 25029 D OK      : request got status: 200
08-05 16:17:57.355 22144 22144 I ServiceManager: Waiting for service AtCmdFwd...
08-05 16:17:57.374 22094 25032 I NAPPA_EXPERIMENTATION: MetricNetworkRequestExecutionTime: REQUEST_DURATION_SYSTEM='534',REQUEST_DURATION_OKHTTP='533',REQUEST_SYNCHRONOUS='TRUE',RESPONSE_CODE='200',RESPONSE_METHOD='GET',RESPONSE_LENGTH_OKHTTP='5125',RESPONSE_LENGTH_HEADER='5125',REQUEST_PROTOCOL='h2',REQUEST_URL='https://b.thumbs.redditmedia.com/OF1KI_LdSDMMWCy-WgJyRhIcM5fr7kDyu_OnpfRXHfI.jpg',
08-05 16:17:57.374 22094 25032 D OK      : request got status: 200
08-05 16:17:57.386 22094 25028 I NAPPA_EXPERIMENTATION: MetricNetworkRequestExecutionTime: REQUEST_DURATION_SYSTEM='557',REQUEST_DURATION_OKHTTP='556',REQUEST_SYNCHRONOUS='TRUE',RESPONSE_CODE='200',RESPONSE_METHOD='GET',RESPONSE_LENGTH_OKHTTP='3183',RESPONSE_LENGTH_HEADER='3183',REQUEST_PROTOCOL='h2',REQUEST_URL='https://b.thumbs.redditmedia.com/3QPAtixkID9ojpqCAgfspJpruqoq45fM1G-Fx1K2F2A.jpg',
08-05 16:17:57.386 22094 25028 D OK      : request got status: 200
08-05 16:17:57.391 22094 22122 I art     : Explicit concurrent mark sweep GC freed 4478(267KB) AllocSpace objects, 12(1000KB) LOS objects, 29% free, 37MB/53MB, paused 2.028ms total 55.026ms
08-05 16:17:57.416 22094 25034 I NAPPA_EXPERIMENTATION: MetricNetworkRequestExecutionTime: REQUEST_DURATION_SYSTEM='574',REQUEST_DURATION_OKHTTP='573',REQUEST_SYNCHRONOUS='TRUE',RESPONSE_CODE='200',RESPONSE_METHOD='GET',RESPONSE_LENGTH_OKHTTP='6723',RESPONSE_LENGTH_HEADER='6723',REQUEST_PROTOCOL='h2',REQUEST_URL='https://b.thumbs.redditmedia.com/vuAhA4gGAmYfrTFA4woxZcKgmiDzJ3nAsql2pxcYGFs.jpg',
08-05 16:17:57.416 22094 25034 D OK      : request got status: 200
08-05 16:17:57.474 22094 25030 I NAPPA_EXPERIMENTATION: MetricNetworkRequestExecutionTime: REQUEST_DURATION_SYSTEM='640',REQUEST_DURATION_OKHTTP='639',REQUEST_SYNCHRONOUS='TRUE',RESPONSE_CODE='200',RESPONSE_METHOD='GET',RESPONSE_LENGTH_OKHTTP='3864',RESPONSE_LENGTH_HEADER='3864',REQUEST_PROTOCOL='h2',REQUEST_URL='https://b.thumbs.redditmedia.com/B1vXKY_-gTPbs625-RJ1MLIXxzCqfmnCB_0xnGjCECQ.jpg',
08-05 16:17:57.474 22094 25030 D OK      : request got status: 200
08-05 16:17:57.510 22094 25036 I NAPPA_EXPERIMENTATION: MetricNetworkRequestExecutionTime: REQUEST_DURATION_SYSTEM='666',REQUEST_DURATION_OKHTTP='664',REQUEST_SYNCHRONOUS='TRUE',RESPONSE_CODE='200',RESPONSE_METHOD='GET',RESPONSE_LENGTH_OKHTTP='5329',RESPONSE_LENGTH_HEADER='5329',REQUEST_PROTOCOL='h2',REQUEST_URL='https://b.thumbs.redditmedia.com/PtV7mFsO2n0j4YJweZjEqyVJ45hap4hXix9dwj6D0Wg.jpg',
08-05 16:17:57.510 22094 25036 D OK      : request got status: 200
08-05 16:17:57.533 22094 25038 I NAPPA_EXPERIMENTATION: MetricNetworkRequestExecutionTime: REQUEST_DURATION_SYSTEM='684',REQUEST_DURATION_OKHTTP='683',REQUEST_SYNCHRONOUS='TRUE',RESPONSE_CODE='200',RESPONSE_METHOD='GET',RESPONSE_LENGTH_OKHTTP='7815',RESPONSE_LENGTH_HEADER='7815',REQUEST_PROTOCOL='h2',REQUEST_URL='https://b.thumbs.redditmedia.com/Wo7bFIVNZYYuNioRYwZFYxrl6QMk0lT-3W01wrXgHmE.jpg',
08-05 16:17:57.533 22094 25038 D OK      : request got status: 200
08-05 16:17:57.555 22094 25037 I NAPPA_EXPERIMENTATION: MetricNetworkRequestExecutionTime: REQUEST_DURATION_SYSTEM='708',REQUEST_DURATION_OKHTTP='707',REQUEST_SYNCHRONOUS='TRUE',RESPONSE_CODE='200',RESPONSE_METHOD='GET',RESPONSE_LENGTH_OKHTTP='6316',RESPONSE_LENGTH_HEADER='6316',REQUEST_PROTOCOL='h2',REQUEST_URL='https://b.thumbs.redditmedia.com/wxTBcOhAgsmbc-TRaGNHpYJYnEOBr2LNsaZ6pCM91Lc.jpg',
08-05 16:17:57.555 22094 25037 D OK      : request got status: 200
08-05 16:17:57.606 22094 25040 I NAPPA_EXPERIMENTATION: MetricNetworkRequestExecutionTime: REQUEST_DURATION_SYSTEM='755',REQUEST_DURATION_OKHTTP='753',REQUEST_SYNCHRONOUS='TRUE',RESPONSE_CODE='200',RESPONSE_METHOD='GET',RESPONSE_LENGTH_OKHTTP='5648',RESPONSE_LENGTH_HEADER='5648',REQUEST_PROTOCOL='h2',REQUEST_URL='https://b.thumbs.redditmedia.com/NoqMycYTzsyhI0Lq351riEI1mO9p8PvY1QwcZ9Irb9g.jpg',
08-05 16:17:57.607 22094 25040 D OK      : request got status: 200
08-05 16:17:57.640 22094 25041 I NAPPA_EXPERIMENTATION: MetricNetworkRequestExecutionTime: REQUEST_DURATION_SYSTEM='783',REQUEST_DURATION_OKHTTP='782',REQUEST_SYNCHRONOUS='TRUE',RESPONSE_CODE='200',RESPONSE_METHOD='GET',RESPONSE_LENGTH_OKHTTP='5198',RESPONSE_LENGTH_HEADER='5198',REQUEST_PROTOCOL='h2',REQUEST_URL='https://b.thumbs.redditmedia.com/KrRufqpifph7KM2Le5RdqEYQb24zbB4fizBJpFaH1Pc.jpg',
08-05 16:17:57.641 22094 25041 D OK      : request got status: 200
08-05 16:17:57.682 22094 25044 I NAPPA_EXPERIMENTATION: MetricNetworkRequestExecutionTime: REQUEST_DURATION_SYSTEM='826',REQUEST_DURATION_OKHTTP='825',REQUEST_SYNCHRONOUS='TRUE',RESPONSE_CODE='200',RESPONSE_METHOD='GET',RESPONSE_LENGTH_OKHTTP='5579',RESPONSE_LENGTH_HEADER='5579',REQUEST_PROTOCOL='h2',REQUEST_URL='https://b.thumbs.redditmedia.com/u2qz17QE3X5G7kkJrgK3HPCdxNQxNkhaWqfIhCuRMvE.jpg',
08-05 16:17:57.682 22094 25044 D OK      : request got status: 200
08-05 16:17:57.719 22094 25045 I NAPPA_EXPERIMENTATION: MetricNetworkRequestExecutionTime: REQUEST_DURATION_SYSTEM='862',REQUEST_DURATION_OKHTTP='323',REQUEST_SYNCHRONOUS='TRUE',RESPONSE_CODE='200',RESPONSE_METHOD='GET',RESPONSE_LENGTH_OKHTTP='2696',RESPONSE_LENGTH_HEADER='2696',REQUEST_PROTOCOL='h2',REQUEST_URL='https://v.redd.it/syww111dtjd51/DASHPlaylist.mpd',
08-05 16:17:57.719 22094 25045 D OK      : request got status: 200
08-05 16:17:57.734 22094 22338 I art     : Starting a blocking GC Explicit
08-05 16:17:57.793 22094 22338 I art     : Explicit concurrent mark sweep GC freed 27607(1722KB) AllocSpace objects, 46(2MB) LOS objects, 28% free, 39MB/55MB, paused 1.719ms total 57.847ms
08-05 16:17:57.812 22094 22338 I art     : Starting a blocking GC Explicit
08-05 16:17:57.843 22094 25016 I NAPPA_EXPERIMENTATION: MetricNetworkRequestExecutionTime: REQUEST_DURATION_SYSTEM='1061',REQUEST_DURATION_OKHTTP='448',REQUEST_SYNCHRONOUS='TRUE',RESPONSE_CODE='200',RESPONSE_METHOD='GET',RESPONSE_LENGTH_OKHTTP='5307',RESPONSE_LENGTH_HEADER='5307',REQUEST_PROTOCOL='h2',REQUEST_URL='https://a.thumbs.redditmedia.com/EFVm-ZqqhARyEaKgtwU74c7tfzEDJvI0uiHXGglFag4.jpg',
08-05 16:17:57.843 22094 25016 D OK      : request got status: 200
08-05 16:17:57.863 22094 22338 I art     : Explicit concurrent mark sweep GC freed 3949(184KB) AllocSpace objects, 10(784KB) LOS objects, 28% free, 39MB/55MB, paused 1.511ms total 51.421ms
08-05 16:17:57.871 22094 25026 I NAPPA_EXPERIMENTATION: MetricNetworkRequestExecutionTime: REQUEST_DURATION_SYSTEM='1048',REQUEST_DURATION_OKHTTP='442',REQUEST_SYNCHRONOUS='TRUE',RESPONSE_CODE='200',RESPONSE_METHOD='GET',RESPONSE_LENGTH_OKHTTP='5641',RESPONSE_LENGTH_HEADER='5641',REQUEST_PROTOCOL='h2',REQUEST_URL='https://a.thumbs.redditmedia.com/P4gSGpXpi2wDXthNZ-LiwEs5Jvplm6dQ7W7Isqa7un4.jpg',
08-05 16:17:57.872 22094 25026 D OK      : request got status: 200
08-05 16:17:57.877 22094 25049 I NAPPA_EXPERIMENTATION: MetricNetworkRequestExecutionTime: REQUEST_DURATION_SYSTEM='1010',REQUEST_DURATION_OKHTTP='347',REQUEST_SYNCHRONOUS='TRUE',RESPONSE_CODE='200',RESPONSE_METHOD='GET',RESPONSE_LENGTH_OKHTTP='2700',RESPONSE_LENGTH_HEADER='2700',REQUEST_PROTOCOL='h2',REQUEST_URL='https://v.redd.it/75en73fm5id51/DASHPlaylist.mpd',
08-05 16:17:57.877 22094 25049 D OK      : request got status: 200
08-05 16:17:57.883 22094 25045 I RedditVideosAPI: For 'https://v.redd.it/syww111dtjd51/DASHPlaylist.mpd', got video stream 'https://v.redd.it/syww111dtjd51/DASH_480' and audio stream 'https://v.redd.it/syww111dtjd51/audio'
08-05 16:17:57.883 22094 22338 I art     : Starting a blocking GC Explicit
08-05 16:17:57.905 22094 25031 I NAPPA_EXPERIMENTATION: MetricNetworkRequestExecutionTime: REQUEST_DURATION_SYSTEM='1068',REQUEST_DURATION_OKHTTP='437',REQUEST_SYNCHRONOUS='TRUE',RESPONSE_CODE='200',RESPONSE_METHOD='GET',RESPONSE_LENGTH_OKHTTP='4470',RESPONSE_LENGTH_HEADER='4470',REQUEST_PROTOCOL='h2',REQUEST_URL='https://a.thumbs.redditmedia.com/ffAKmOqnTuDMNR9MRfCdRtkq_CzN3MVhZxS64ZPYRh4.jpg',
08-05 16:17:57.905 22094 25031 D OK      : request got status: 200
08-05 16:17:57.924 22094 25024 I NAPPA_EXPERIMENTATION: MetricNetworkRequestExecutionTime: REQUEST_DURATION_SYSTEM='1106',REQUEST_DURATION_OKHTTP='443',REQUEST_SYNCHRONOUS='TRUE',RESPONSE_CODE='200',RESPONSE_METHOD='GET',RESPONSE_LENGTH_OKHTTP='7540',RESPONSE_LENGTH_HEADER='7540',REQUEST_PROTOCOL='h2',REQUEST_URL='https://a.thumbs.redditmedia.com/Tfsm0ol-ltlxNSBAkZ_4G4302d0hYeOSODkvXidBBR8.jpg',
08-05 16:17:57.924 22094 25024 D OK      : request got status: 200
08-05 16:17:57.933 22094 22338 I art     : Explicit concurrent mark sweep GC freed 6795(385KB) AllocSpace objects, 9(528KB) LOS objects, 28% free, 39MB/55MB, paused 1.309ms total 49.647ms
08-05 16:17:57.935 22094 25046 I NAPPA_EXPERIMENTATION: MetricNetworkRequestExecutionTime: REQUEST_DURATION_SYSTEM='1071',REQUEST_DURATION_OKHTTP='341',REQUEST_SYNCHRONOUS='TRUE',RESPONSE_CODE='200',RESPONSE_METHOD='GET',RESPONSE_LENGTH_OKHTTP='2071',RESPONSE_LENGTH_HEADER='2071',REQUEST_PROTOCOL='h2',REQUEST_URL='https://v.redd.it/pbqrrfb3tkd51/DASHPlaylist.mpd',
08-05 16:17:57.935 22094 25046 D OK      : request got status: 200
08-05 16:17:57.939 22094 25049 I RedditVideosAPI: For 'https://v.redd.it/75en73fm5id51/DASHPlaylist.mpd', got video stream 'https://v.redd.it/75en73fm5id51/DASH_480' and audio stream 'https://v.redd.it/75en73fm5id51/audio'
08-05 16:17:57.951 22094 22338 I art     : Starting a blocking GC Explicit
08-05 16:17:57.970 22094 25047 I NAPPA_EXPERIMENTATION: MetricNetworkRequestExecutionTime: REQUEST_DURATION_SYSTEM='1106',REQUEST_DURATION_OKHTTP='340',REQUEST_SYNCHRONOUS='TRUE',RESPONSE_CODE='200',RESPONSE_METHOD='GET',RESPONSE_LENGTH_OKHTTP='3060',RESPONSE_LENGTH_HEADER='3060',REQUEST_PROTOCOL='h2',REQUEST_URL='https://v.redd.it/rrygsb8i4ld51/DASHPlaylist.mpd',
08-05 16:17:57.970 22094 25047 D OK      : request got status: 200
08-05 16:17:57.990 22094 25057 I NAPPA_EXPERIMENTATION: MetricNetworkRequestExecutionTime: REQUEST_DURATION_SYSTEM='1109',REQUEST_DURATION_OKHTTP='331',REQUEST_SYNCHRONOUS='TRUE',RESPONSE_CODE='200',RESPONSE_METHOD='GET',RESPONSE_LENGTH_OKHTTP='3058',RESPONSE_LENGTH_HEADER='3058',REQUEST_PROTOCOL='h2',REQUEST_URL='https://v.redd.it/t81s8zfz9ld51/DASHPlaylist.mpd',
08-05 16:17:57.990 22094 25057 D OK      : request got status: 200
08-05 16:17:57.999 22094 25046 I RedditVideosAPI: For 'https://v.redd.it/pbqrrfb3tkd51/DASHPlaylist.mpd', got video stream 'https://v.redd.it/pbqrrfb3tkd51/DASH_480' and audio stream 'null'
08-05 16:17:58.000 22094 22338 I art     : Explicit concurrent mark sweep GC freed 1789(280KB) AllocSpace objects, 18(972KB) LOS objects, 28% free, 40MB/56MB, paused 1.185ms total 49.325ms
08-05 16:17:58.015 22094 25025 I NAPPA_EXPERIMENTATION: MetricNetworkRequestExecutionTime: REQUEST_DURATION_SYSTEM='1195',REQUEST_DURATION_OKHTTP='481',REQUEST_SYNCHRONOUS='TRUE',RESPONSE_CODE='200',RESPONSE_METHOD='GET',RESPONSE_LENGTH_OKHTTP='3635',RESPONSE_LENGTH_HEADER='3635',REQUEST_PROTOCOL='h2',REQUEST_URL='https://a.thumbs.redditmedia.com/Kzag-wH9wKRRg2MnPwgoFgXT_2jN_nkJ1lY1aNRQyT4.jpg',
08-05 16:17:58.015 22094 25025 D OK      : request got status: 200
08-05 16:17:58.018 22094 22338 I art     : Starting a blocking GC Explicit
08-05 16:17:58.022 22094 25047 I RedditVideosAPI: For 'https://v.redd.it/rrygsb8i4ld51/DASHPlaylist.mpd', got video stream 'https://v.redd.it/rrygsb8i4ld51/DASH_480' and audio stream 'https://v.redd.it/rrygsb8i4ld51/audio'
08-05 16:17:58.028 22094 25057 I RedditVideosAPI: For 'https://v.redd.it/t81s8zfz9ld51/DASHPlaylist.mpd', got video stream 'https://v.redd.it/t81s8zfz9ld51/DASH_480' and audio stream 'https://v.redd.it/t81s8zfz9ld51/audio'
08-05 16:17:58.067 22094 22338 I art     : Explicit concurrent mark sweep GC freed 1155(210KB) AllocSpace objects, 10(596KB) LOS objects, 28% free, 40MB/56MB, paused 962us total 48.483ms
08-05 16:17:58.099 22094 25048 I NAPPA_EXPERIMENTATION: MetricNetworkRequestExecutionTime: REQUEST_DURATION_SYSTEM='1233',REQUEST_DURATION_OKHTTP='439',REQUEST_SYNCHRONOUS='TRUE',RESPONSE_CODE='200',RESPONSE_METHOD='GET',RESPONSE_LENGTH_OKHTTP='2789',RESPONSE_LENGTH_HEADER='2789',REQUEST_PROTOCOL='h2',REQUEST_URL='https://v.redd.it/5x6zzipz8ld51/DASHPlaylist.mpd',
08-05 16:17:58.099 22094 25048 D OK      : request got status: 200
08-05 16:17:58.122 22094 25058 I NAPPA_EXPERIMENTATION: MetricNetworkRequestExecutionTime: REQUEST_DURATION_SYSTEM='1237',REQUEST_DURATION_OKHTTP='417',REQUEST_SYNCHRONOUS='TRUE',RESPONSE_CODE='200',RESPONSE_METHOD='GET',RESPONSE_LENGTH_OKHTTP='2071',RESPONSE_LENGTH_HEADER='2071',REQUEST_PROTOCOL='h2',REQUEST_URL='https://v.redd.it/xd6c4yyutgd51/DASHPlaylist.mpd',
08-05 16:17:58.122 22094 25058 D OK      : request got status: 200
08-05 16:17:58.139 22094 25048 I RedditVideosAPI: For 'https://v.redd.it/5x6zzipz8ld51/DASHPlaylist.mpd', got video stream 'https://v.redd.it/5x6zzipz8ld51/DASH_480' and audio stream 'null'
08-05 16:17:58.155 22094 25053 I NAPPA_EXPERIMENTATION: MetricNetworkRequestExecutionTime: REQUEST_DURATION_SYSTEM='1278',REQUEST_DURATION_OKHTTP='441',REQUEST_SYNCHRONOUS='TRUE',RESPONSE_CODE='200',RESPONSE_METHOD='GET',RESPONSE_LENGTH_OKHTTP='2427',RESPONSE_LENGTH_HEADER='2427',REQUEST_PROTOCOL='h2',REQUEST_URL='https://v.redd.it/psrknoobrgd51/DASHPlaylist.mpd',
08-05 16:17:58.155 22094 25053 D OK      : request got status: 200
08-05 16:17:58.173 22094 25058 I RedditVideosAPI: For 'https://v.redd.it/xd6c4yyutgd51/DASHPlaylist.mpd', got video stream 'https://v.redd.it/xd6c4yyutgd51/DASH_480' and audio stream 'null'
08-05 16:17:58.177 22094 25050 I NAPPA_EXPERIMENTATION: MetricNetworkRequestExecutionTime: REQUEST_DURATION_SYSTEM='1304',REQUEST_DURATION_OKHTTP='374',REQUEST_SYNCHRONOUS='TRUE',RESPONSE_CODE='200',RESPONSE_METHOD='GET',RESPONSE_LENGTH_OKHTTP='-1',RESPONSE_LENGTH_HEADER='377',REQUEST_PROTOCOL='h2',REQUEST_URL='https://api.imgur.com/3/image/nLQR2hT',
08-05 16:17:58.177 22094 25050 D OK      : request got status: 200
08-05 16:17:58.181 22094 25061 I NAPPA_EXPERIMENTATION: MetricNetworkRequestExecutionTime: REQUEST_DURATION_SYSTEM='1285',REQUEST_DURATION_OKHTTP='291',REQUEST_SYNCHRONOUS='TRUE',RESPONSE_CODE='200',RESPONSE_METHOD='GET',RESPONSE_LENGTH_OKHTTP='2344',RESPONSE_LENGTH_HEADER='2344',REQUEST_PROTOCOL='h2',REQUEST_URL='https://v.redd.it/ue0jdgk9zhd51/DASHPlaylist.mpd',
08-05 16:17:58.181 22094 25061 D OK      : request got status: 200
08-05 16:17:58.182 22094 25051 I NAPPA_EXPERIMENTATION: MetricNetworkRequestExecutionTime: REQUEST_DURATION_SYSTEM='1309',REQUEST_DURATION_OKHTTP='300',REQUEST_SYNCHRONOUS='TRUE',RESPONSE_CODE='200',RESPONSE_METHOD='GET',RESPONSE_LENGTH_OKHTTP='1713',RESPONSE_LENGTH_HEADER='1713',REQUEST_PROTOCOL='h2',REQUEST_URL='https://v.redd.it/ggz4fyth6hd51/DASHPlaylist.mpd',
08-05 16:17:58.182 22094 25051 D OK      : request got status: 200
08-05 16:17:58.195 22094 25056 I NAPPA_EXPERIMENTATION: MetricNetworkRequestExecutionTime: REQUEST_DURATION_SYSTEM='1316',REQUEST_DURATION_OKHTTP='275',REQUEST_SYNCHRONOUS='TRUE',RESPONSE_CODE='200',RESPONSE_METHOD='GET',RESPONSE_LENGTH_OKHTTP='2071',RESPONSE_LENGTH_HEADER='2071',REQUEST_PROTOCOL='h2',REQUEST_URL='https://v.redd.it/jk6cwef4wld51/DASHPlaylist.mpd',
08-05 16:17:58.195 22094 25056 D OK      : request got status: 200
08-05 16:17:58.336 22094 25053 I RedditVideosAPI: For 'https://v.redd.it/psrknoobrgd51/DASHPlaylist.mpd', got video stream 'https://v.redd.it/psrknoobrgd51/DASH_480' and audio stream 'null'
08-05 16:17:58.355 22144 22144 I ServiceManager: Waiting for service AtCmdFwd...
08-05 16:17:58.375 22094 25061 I RedditVideosAPI: For 'https://v.redd.it/ue0jdgk9zhd51/DASHPlaylist.mpd', got video stream 'https://v.redd.it/ue0jdgk9zhd51/DASH_360' and audio stream 'https://v.redd.it/ue0jdgk9zhd51/audio'
08-05 16:17:58.381 22094 25051 I RedditVideosAPI: For 'https://v.redd.it/ggz4fyth6hd51/DASHPlaylist.mpd', got video stream 'https://v.redd.it/ggz4fyth6hd51/DASH_360' and audio stream 'null'
08-05 16:17:58.391 22094 25056 I RedditVideosAPI: For 'https://v.redd.it/jk6cwef4wld51/DASHPlaylist.mpd', got video stream 'https://v.redd.it/jk6cwef4wld51/DASH_480' and audio stream 'null'
08-05 16:17:58.399 22094 22106 I art     : Starting a blocking GC Explicit
08-05 16:17:58.454 22094 22106 I art     : Explicit concurrent mark sweep GC freed 5697(693KB) AllocSpace objects, 27(1936KB) LOS objects, 28% free, 39MB/55MB, paused 575us total 54.723ms
08-05 16:17:58.473 22094 22106 I art     : Starting a blocking GC Explicit
08-05 16:17:58.524 22094 22106 I art     : Explicit concurrent mark sweep GC freed 301(10KB) AllocSpace objects, 0(0B) LOS objects, 28% free, 39MB/55MB, paused 562us total 50.828ms
08-05 16:17:58.544 22094 22106 I art     : Starting a blocking GC Explicit
08-05 16:17:58.592 22094 22106 I art     : Explicit concurrent mark sweep GC freed 3(96B) AllocSpace objects, 0(0B) LOS objects, 28% free, 39MB/55MB, paused 543us total 48.415ms
08-05 16:17:58.611 22094 22106 I art     : Starting a blocking GC Explicit
08-05 16:17:58.664 22094 22106 I art     : Explicit concurrent mark sweep GC freed 3(96B) AllocSpace objects, 0(0B) LOS objects, 28% free, 39MB/55MB, paused 611us total 52.105ms
08-05 16:17:58.683 22094 22106 I art     : Starting a blocking GC Explicit
08-05 16:17:58.736 22094 22106 I art     : Explicit concurrent mark sweep GC freed 3(96B) AllocSpace objects, 0(0B) LOS objects, 28% free, 39MB/55MB, paused 590us total 52.547ms
08-05 16:17:59.052 25109 25109 D AndroidRuntime: >>>>>> START com.android.internal.os.RuntimeInit uid 2000 <<<<<<
08-05 16:17:59.059 25109 25109 D AndroidRuntime: CheckJNI is OFF
08-05 16:17:59.085 22094 22405 I art     : Starting a blocking GC Explicit
08-05 16:17:59.105 25109 25109 D ICU     : No timezone override file found: /data/misc/zoneinfo/current/icu/icu_tzdata.dat
08-05 16:17:59.140 22094 22405 I art     : Explicit concurrent mark sweep GC freed 1361(83KB) AllocSpace objects, 1(20KB) LOS objects, 28% free, 39MB/55MB, paused 642us total 54.448ms
08-05 16:17:59.151 25109 25109 I Radio-JNI: register_android_hardware_Radio DONE
08-05 16:17:59.159 22094 22405 I art     : Starting a blocking GC Explicit
08-05 16:17:59.182 25109 25109 D AndroidRuntime: Calling main entry com.android.commands.input.Input
08-05 16:17:59.185 25109 25109 I Input   : injectMotionEvent: MotionEvent { action=ACTION_DOWN, actionButton=0, id[0]=0, x[0]=1340.0, y[0]=1100.0, toolType[0]=TOOL_TYPE_UNKNOWN, buttonState=0, metaState=0, flags=0x0, edgeFlags=0x0, pointerCount=1, historySize=0, eventTime=807495597, downTime=807495597, deviceId=0, source=0x1002 }
08-05 16:17:59.191 25109 25109 I Input   : injectMotionEvent: MotionEvent { action=ACTION_UP, actionButton=0, id[0]=0, x[0]=1340.0, y[0]=1100.0, toolType[0]=TOOL_TYPE_UNKNOWN, buttonState=0, metaState=0, flags=0x0, edgeFlags=0x0, pointerCount=1, historySize=0, eventTime=807495597, downTime=807495597, deviceId=0, source=0x1002 }
08-05 16:17:59.198 25109 25109 D AndroidRuntime: Shutting down VM
08-05 16:17:59.212   512  2967 D audio_hw_primary: out_set_parameters: enter: usecase(1: low-latency-playback) kvpairs: routing=2
08-05 16:17:59.213   918  3359 I ActivityManager: START u0 {dat=https://oauth.reddit.com/... cmp=baseline.org.quantumbadger.redreader/.activities.CommentListingActivity} from uid 10689 on display 0
08-05 16:17:59.217 22094 22405 I art     : Explicit concurrent mark sweep GC freed 182(6KB) AllocSpace objects, 0(0B) LOS objects, 28% free, 39MB/55MB, paused 731us total 57.101ms
08-05 16:17:59.225   512  2967 D audio_hw_primary: select_devices: out_snd_device(2: speaker) in_snd_device(0: none)
08-05 16:17:59.225   512  2967 D msm8974_platform: platform_send_audio_calibration: sending audio calibration for snd_device(2) acdb_id(15)
08-05 16:17:59.225   512  2967 I soundtrigger: audio_extn_sound_trigger_update_device_status: device 0x2 of type 0 for Event 1
08-05 16:17:59.234   512  2967 D audio_hw_primary: enable_snd_device: snd_device(2: speaker)
08-05 16:17:59.234 22094 22405 I art     : Starting a blocking GC Explicit
08-05 16:17:59.236   512  2967 D audio_hw_primary: enable_audio_route: apply and update mixer path: low-latency-playback speaker
08-05 16:17:59.239 22094 22094 I AppCompatViewInflater: app:theme is now deprecated. Please move to using android:theme instead.
08-05 16:17:59.259 22094 25134 D OK      : calling: https://oauth.reddit.com/comments/hzejrd/.json?sort=confidence
08-05 16:17:59.283 22094 22405 I art     : Explicit concurrent mark sweep GC freed 1881(94KB) AllocSpace objects, 0(0B) LOS objects, 28% free, 39MB/55MB, paused 760us total 48.359ms
08-05 16:17:59.303 22094 22405 I art     : Starting a blocking GC Explicit
08-05 16:17:59.346 13866 13866 I GoogleInputMethodServic: GoogleInputMethodService.onFinishInput():3138 
08-05 16:17:59.347   918   936 I ActivityManager: Displayed baseline.org.quantumbadger.redreader/.activities.CommentListingActivity: +125ms
08-05 16:17:59.347 13866 13866 I GoogleInputMethodServic: GoogleInputMethodService.onStartInput():1808 
08-05 16:17:59.349 22094 22405 I art     : Explicit concurrent mark sweep GC freed 7645(844KB) AllocSpace objects, 17(2MB) LOS objects, 30% free, 37MB/53MB, paused 595us total 45.673ms
08-05 16:17:59.356 22144 22144 I ServiceManager: Waiting for service AtCmdFwd...
08-05 16:17:59.367 22094 22405 I art     : Starting a blocking GC Explicit
08-05 16:17:59.413 22094 22405 I art     : Explicit concurrent mark sweep GC freed 875(39KB) AllocSpace objects, 0(0B) LOS objects, 30% free, 37MB/53MB, paused 862us total 43.954ms
08-05 16:17:59.591   380   380 W SurfaceFlinger: couldn't log to binary event log: overflow.
08-05 16:17:59.591 22094 25134 I NAPPA_EXPERIMENTATION: MetricNetworkRequestExecutionTime: REQUEST_DURATION_SYSTEM='332',REQUEST_DURATION_OKHTTP='164',REQUEST_SYNCHRONOUS='TRUE',RESPONSE_CODE='200',RESPONSE_METHOD='GET',RESPONSE_LENGTH_OKHTTP='-1',RESPONSE_LENGTH_HEADER='45890',REQUEST_PROTOCOL='h2',REQUEST_URL='https://oauth.reddit.com/comments/hzejrd/.json?sort=confidence',
08-05 16:17:59.592 22094 25134 D OK      : request got status: 200
08-05 16:17:59.597 22094 25012 I CommentListingActivity: COMMENTS session changed to 0f6ea3f8-c3ea-428a-8609-aa77f4459ee4
08-05 16:17:59.715 22094 22405 I art     : Starting a blocking GC Explicit
08-05 16:17:59.779   512  2967 D audio_hw_primary: disable_audio_route: reset and update mixer path: low-latency-playback speaker
08-05 16:17:59.780 22094 22405 I art     : Explicit concurrent mark sweep GC freed 16875(899KB) AllocSpace objects, 1(20KB) LOS objects, 29% free, 38MB/54MB, paused 1.115ms total 64.856ms
08-05 16:17:59.780   512  2967 D audio_hw_primary: disable_snd_device: snd_device(2: speaker)
08-05 16:17:59.788   512  2967 I soundtrigger: audio_extn_sound_trigger_update_device_status: device 0x2 of type 0 for Event 0
08-05 16:17:59.798 22094 22405 I art     : Starting a blocking GC Explicit
08-05 16:17:59.855 22094 22405 I art     : Explicit concurrent mark sweep GC freed 12722(761KB) AllocSpace objects, 0(0B) LOS objects, 28% free, 39MB/55MB, paused 780us total 56.174ms
08-05 16:17:59.874 22094 22405 I art     : Starting a blocking GC Explicit
08-05 16:17:59.929 22094 22405 I art     : Explicit concurrent mark sweep GC freed 13625(623KB) AllocSpace objects, 2(136KB) LOS objects, 29% free, 39MB/55MB, paused 1.028ms total 55.183ms
08-05 16:17:59.948 22094 22405 I art     : Starting a blocking GC Explicit
08-05 16:18:00.004 22094 22405 I art     : Explicit concurrent mark sweep GC freed 901(31KB) AllocSpace objects, 0(0B) LOS objects, 29% free, 39MB/55MB, paused 555us total 55.642ms
08-05 16:18:00.024 22094 22405 I art     : Starting a blocking GC Explicit
08-05 16:18:00.077 22094 22405 I art     : Explicit concurrent mark sweep GC freed 590(28KB) AllocSpace objects, 0(0B) LOS objects, 29% free, 39MB/55MB, paused 601us total 53.174ms
08-05 16:18:00.356 22144 22144 W Atfwd_Sendcmd: AtCmdFwd service not published, waiting... retryCnt : 2
08-05 16:18:00.393   518   646 I ThermalEngine: ACTION: GPU - Setting GPU[0] to 390000000
08-05 16:18:00.448 22094 22405 I art     : Starting a blocking GC Explicit
08-05 16:18:00.525 22094 22405 I art     : Explicit concurrent mark sweep GC freed 1644(97KB) AllocSpace objects, 1(20KB) LOS objects, 29% free, 39MB/55MB, paused 769us total 76.584ms
08-05 16:18:00.554 22094 22405 I art     : Starting a blocking GC Explicit
08-05 16:18:00.635 22094 22405 I art     : Explicit concurrent mark sweep GC freed 66(2528B) AllocSpace objects, 0(0B) LOS objects, 29% free, 39MB/55MB, paused 962us total 79.806ms
08-05 16:18:00.667 22094 22405 I art     : Starting a blocking GC Explicit
08-05 16:18:00.744 22094 22405 I art     : Explicit concurrent mark sweep GC freed 3(96B) AllocSpace objects, 0(0B) LOS objects, 29% free, 39MB/55MB, paused 733us total 76.304ms
08-05 16:18:00.744 22094 22104 I art     : WaitForGcToComplete blocked for 76.754ms for cause HeapTrim
08-05 16:18:00.778 22094 22405 I art     : Starting a blocking GC Explicit
08-05 16:18:00.862 22094 22405 I art     : Explicit concurrent mark sweep GC freed 3(96B) AllocSpace objects, 0(0B) LOS objects, 29% free, 39MB/55MB, paused 920us total 83.851ms
08-05 16:18:00.894 22094 22405 I art     : Starting a blocking GC Explicit
08-05 16:18:00.971 22094 22405 I art     : Explicit concurrent mark sweep GC freed 3(96B) AllocSpace objects, 0(0B) LOS objects, 29% free, 39MB/55MB, paused 748us total 76.643ms
08-05 16:18:01.339 22094 22338 I art     : Starting a blocking GC Explicit
08-05 16:18:01.427 22094 22338 I art     : Explicit concurrent mark sweep GC freed 1358(82KB) AllocSpace objects, 1(20KB) LOS objects, 29% free, 39MB/55MB, paused 935us total 87.295ms
08-05 16:18:01.459 22094 22338 I art     : Starting a blocking GC Explicit
08-05 16:18:01.536 22094 22338 I art     : Explicit concurrent mark sweep GC freed 20(704B) AllocSpace objects, 0(0B) LOS objects, 29% free, 39MB/55MB, paused 727us total 76.236ms
08-05 16:18:01.570 22094 22338 I art     : Starting a blocking GC Explicit
08-05 16:18:01.655 22094 22338 I art     : Explicit concurrent mark sweep GC freed 3(96B) AllocSpace objects, 0(0B) LOS objects, 29% free, 39MB/55MB, paused 889us total 84.395ms
08-05 16:18:01.687 22094 22338 I art     : Starting a blocking GC Explicit
08-05 16:18:01.764 22094 22338 I art     : Explicit concurrent mark sweep GC freed 3(96B) AllocSpace objects, 0(0B) LOS objects, 29% free, 39MB/55MB, paused 726us total 76.728ms
08-05 16:18:01.798 22094 22338 I art     : Starting a blocking GC Explicit
08-05 16:18:01.880 22094 22338 I art     : Explicit concurrent mark sweep GC freed 3(96B) AllocSpace objects, 0(0B) LOS objects, 29% free, 39MB/55MB, paused 1.037ms total 82.264ms
08-05 16:18:02.273 22094 22106 I art     : Starting a blocking GC Explicit
08-05 16:18:02.367 22094 22106 I art     : Explicit concurrent mark sweep GC freed 1356(82KB) AllocSpace objects, 1(20KB) LOS objects, 29% free, 39MB/55MB, paused 846us total 93.163ms
08-05 16:18:02.394   518   646 I ThermalEngine: ACTION: GPU - Setting GPU[0] to 450000000
08-05 16:18:02.398 22094 22106 I art     : Starting a blocking GC Explicit
08-05 16:18:02.460 22094 22106 I art     : Explicit concurrent mark sweep GC freed 20(704B) AllocSpace objects, 0(0B) LOS objects, 29% free, 39MB/55MB, paused 533us total 61.177ms
08-05 16:18:02.480 22094 22106 I art     : Starting a blocking GC Explicit
08-05 16:18:02.552 22094 22106 I art     : Explicit concurrent mark sweep GC freed 3(96B) AllocSpace objects, 0(0B) LOS objects, 29% free, 39MB/55MB, paused 585us total 71.246ms
08-05 16:18:02.574 22094 22106 I art     : Starting a blocking GC Explicit
08-05 16:18:02.643 22094 22106 I art     : Explicit concurrent mark sweep GC freed 3(96B) AllocSpace objects, 0(0B) LOS objects, 29% free, 39MB/55MB, paused 518us total 68.068ms
08-05 16:18:02.663 22094 22106 I art     : Starting a blocking GC Explicit
08-05 16:18:02.734 22094 22106 I art     : Explicit concurrent mark sweep GC freed 3(96B) AllocSpace objects, 0(0B) LOS objects, 29% free, 39MB/55MB, paused 557us total 70.049ms
08-05 16:18:03.097 22094 22122 I art     : Starting a blocking GC Explicit
08-05 16:18:03.180 22094 22122 I art     : Explicit concurrent mark sweep GC freed 1354(82KB) AllocSpace objects, 1(20KB) LOS objects, 29% free, 39MB/55MB, paused 634us total 82.685ms
08-05 16:18:03.204 22094 22122 I art     : Starting a blocking GC Explicit
08-05 16:18:03.276 22094 22122 I art     : Explicit concurrent mark sweep GC freed 20(704B) AllocSpace objects, 0(0B) LOS objects, 29% free, 39MB/55MB, paused 526us total 71.583ms
08-05 16:18:03.297 22094 22122 I art     : Starting a blocking GC Explicit
08-05 16:18:03.368 22094 22122 I art     : Explicit concurrent mark sweep GC freed 3(96B) AllocSpace objects, 0(0B) LOS objects, 29% free, 39MB/55MB, paused 737us total 70.903ms
08-05 16:18:03.392 22094 22122 I art     : Starting a blocking GC Explicit
08-05 16:18:03.459 22094 22122 I art     : Explicit concurrent mark sweep GC freed 3(96B) AllocSpace objects, 0(0B) LOS objects, 29% free, 39MB/55MB, paused 538us total 67.127ms
08-05 16:18:03.480 22094 22122 I art     : Starting a blocking GC Explicit
08-05 16:18:03.554 22094 22122 I art     : Explicit concurrent mark sweep GC freed 3(96B) AllocSpace objects, 0(0B) LOS objects, 29% free, 39MB/55MB, paused 559us total 73.345ms
08-05 16:18:03.924 22094 22105 I art     : Starting a blocking GC Explicit
08-05 16:18:04.011 22094 22105 I art     : Explicit concurrent mark sweep GC freed 1355(83KB) AllocSpace objects, 1(20KB) LOS objects, 29% free, 39MB/55MB, paused 632us total 86.180ms
08-05 16:18:04.036 22094 22105 I art     : Starting a blocking GC Explicit
08-05 16:18:04.107 22094 22105 I art     : Explicit concurrent mark sweep GC freed 20(704B) AllocSpace objects, 0(0B) LOS objects, 29% free, 39MB/55MB, paused 615us total 70.919ms
08-05 16:18:04.131 22094 22105 I art     : Starting a blocking GC Explicit
08-05 16:18:04.197 22094 22105 I art     : Explicit concurrent mark sweep GC freed 3(96B) AllocSpace objects, 0(0B) LOS objects, 29% free, 39MB/55MB, paused 648us total 66.523ms
08-05 16:18:04.218 22094 22105 I art     : Starting a blocking GC Explicit
08-05 16:18:04.222 22094 25133 I RedditChangeDataIO: Writing tmp data file at '/data/user/0/baseline.org.quantumbadger.redreader/files/rr_change_data_tmp.dat'
08-05 16:18:04.223 22094 25133 I RedditChangeDataManager: Taking snapshot...
08-05 16:18:04.223 22094 25133 I RedditChangeDataManager: Writing to stream...
08-05 16:18:04.223 22094 25133 I RedditChangeDataManager: Wrote 6 entries for user ''
08-05 16:18:04.223 22094 25133 I RedditChangeDataManager: All entries written to stream.
08-05 16:18:04.223 22094 25133 I RedditChangeDataIO: Write successful. Atomically replacing data file...
08-05 16:18:04.224 22094 25133 I RedditChangeDataIO: Write complete.
08-05 16:18:04.224 22094 25133 I RedditChangeDataIO: 158 bytes written in 2 ms
08-05 16:18:04.290 22094 22105 I art     : Explicit concurrent mark sweep GC freed 82(4KB) AllocSpace objects, 1(68KB) LOS objects, 29% free, 39MB/55MB, paused 554us total 71.050ms
08-05 16:18:04.313 22094 22105 I art     : Starting a blocking GC Explicit
08-05 16:18:04.383 22094 22105 I art     : Explicit concurrent mark sweep GC freed 13(624B) AllocSpace objects, 0(0B) LOS objects, 29% free, 39MB/55MB, paused 542us total 69.384ms
08-05 16:18:04.776 22094 22405 I art     : Starting a blocking GC Explicit
08-05 16:18:04.852 22094 22405 I art     : Explicit concurrent mark sweep GC freed 1387(84KB) AllocSpace objects, 1(20KB) LOS objects, 29% free, 39MB/55MB, paused 510us total 75.579ms
08-05 16:18:04.877 22094 22405 I art     : Starting a blocking GC Explicit
08-05 16:18:04.949 22094 22405 I art     : Explicit concurrent mark sweep GC freed 226(35KB) AllocSpace objects, 0(0B) LOS objects, 29% free, 39MB/55MB, paused 498us total 71.052ms
08-05 16:18:04.973 22094 22405 I art     : Starting a blocking GC Explicit
08-05 16:18:05.039 22094 22405 I art     : Explicit concurrent mark sweep GC freed 68(2272B) AllocSpace objects, 0(0B) LOS objects, 29% free, 39MB/55MB, paused 529us total 64.884ms
08-05 16:18:05.060 22094 22405 I art     : Starting a blocking GC Explicit
08-05 16:18:05.130 22094 22405 I art     : Explicit concurrent mark sweep GC freed 3(96B) AllocSpace objects, 0(0B) LOS objects, 29% free, 39MB/55MB, paused 506us total 69.819ms
08-05 16:18:05.151 22094 22405 I art     : Starting a blocking GC Explicit
08-05 16:18:05.214 22094 22405 I art     : Explicit concurrent mark sweep GC freed 3(96B) AllocSpace objects, 0(0B) LOS objects, 29% free, 39MB/55MB, paused 452us total 63.130ms
08-05 16:18:05.572 22094 22338 I art     : Starting a blocking GC Explicit
08-05 16:18:05.640 22094 22338 I art     : Explicit concurrent mark sweep GC freed 1356(82KB) AllocSpace objects, 1(20KB) LOS objects, 29% free, 39MB/55MB, paused 536us total 68.223ms
08-05 16:18:05.661 22094 22338 I art     : Starting a blocking GC Explicit
08-05 16:18:05.726 22094 22338 I art     : Explicit concurrent mark sweep GC freed 20(704B) AllocSpace objects, 0(0B) LOS objects, 29% free, 39MB/55MB, paused 509us total 64.795ms
08-05 16:18:05.746 22094 22338 I art     : Starting a blocking GC Explicit
08-05 16:18:05.810 22094 22338 I art     : Explicit concurrent mark sweep GC freed 3(96B) AllocSpace objects, 0(0B) LOS objects, 29% free, 39MB/55MB, paused 503us total 63.526ms
08-05 16:18:05.831 22094 22338 I art     : Starting a blocking GC Explicit
08-05 16:18:05.894 22094 22338 I art     : Explicit concurrent mark sweep GC freed 3(96B) AllocSpace objects, 0(0B) LOS objects, 29% free, 39MB/55MB, paused 507us total 62.575ms
08-05 16:18:05.894 22094 22104 I art     : WaitForGcToComplete blocked for 31.751ms for cause HeapTrim
08-05 16:18:05.914 22094 22338 I art     : Starting a blocking GC Explicit
08-05 16:18:05.979 22094 22338 I art     : Explicit concurrent mark sweep GC freed 3(96B) AllocSpace objects, 0(0B) LOS objects, 29% free, 39MB/55MB, paused 526us total 64.642ms
08-05 16:18:06.013 25212 25212 D AndroidRuntime: >>>>>> START com.android.internal.os.RuntimeInit uid 2000 <<<<<<
08-05 16:18:06.019 25212 25212 D AndroidRuntime: CheckJNI is OFF
08-05 16:18:06.064 25212 25212 D ICU     : No timezone override file found: /data/misc/zoneinfo/current/icu/icu_tzdata.dat
08-05 16:18:06.113 25212 25212 I Radio-JNI: register_android_hardware_Radio DONE
08-05 16:18:06.144 25212 25212 D AndroidRuntime: Calling main entry com.android.commands.input.Input
08-05 16:18:06.148 25212 25212 I Input   : injectKeyEvent: KeyEvent { action=ACTION_DOWN, keyCode=KEYCODE_BACK, scanCode=0, metaState=0, flags=0x0, repeatCount=0, eventTime=807502560, downTime=807502560, deviceId=-1, source=0x101 }
08-05 16:18:06.157 25212 25212 I Input   : injectKeyEvent: KeyEvent { action=ACTION_UP, keyCode=KEYCODE_BACK, scanCode=0, metaState=0, flags=0x0, repeatCount=0, eventTime=807502560, downTime=807502560, deviceId=-1, source=0x101 }
08-05 16:18:06.165 25212 25212 D AndroidRuntime: Shutting down VM
08-05 16:18:06.207 13866 13866 I GoogleInputMethodServic: GoogleInputMethodService.onFinishInput():3138 
08-05 16:18:06.207 13866 13866 I GoogleInputMethodServic: GoogleInputMethodService.onStartInput():1808 
08-05 16:18:06.321 22094 22338 I art     : Starting a blocking GC Explicit
08-05 16:18:06.397 22094 22338 I art     : Explicit concurrent mark sweep GC freed 1620(91KB) AllocSpace objects, 1(20KB) LOS objects, 29% free, 39MB/55MB, paused 484us total 76.186ms
08-05 16:18:06.422 22094 22338 I art     : Starting a blocking GC Explicit
08-05 16:18:06.494 22094 22338 I art     : Explicit concurrent mark sweep GC freed 24(864B) AllocSpace objects, 0(0B) LOS objects, 29% free, 39MB/55MB, paused 482us total 70.879ms
08-05 16:18:06.517 22094 22338 I art     : Starting a blocking GC Explicit
08-05 16:18:06.531   380   380 W SurfaceFlinger: couldn't log to binary event log: overflow.
08-05 16:18:06.573 22094 22338 I art     : Explicit concurrent mark sweep GC freed 61(2240B) AllocSpace objects, 0(0B) LOS objects, 29% free, 39MB/55MB, paused 470us total 55.925ms
08-05 16:18:06.593 22094 22338 I art     : Starting a blocking GC Explicit
08-05 16:18:06.651 22094 22338 I art     : Explicit concurrent mark sweep GC freed 11(448B) AllocSpace objects, 0(0B) LOS objects, 29% free, 39MB/55MB, paused 505us total 58.569ms
08-05 16:18:06.672 22094 22338 I art     : Starting a blocking GC Explicit
08-05 16:18:06.724 22094 22338 I art     : Explicit concurrent mark sweep GC freed 41322(2MB) AllocSpace objects, 5(140KB) LOS objects, 30% free, 36MB/52MB, paused 476us total 51.678ms
08-05 16:18:07.069 22094 22106 I art     : Starting a blocking GC Explicit
08-05 16:18:07.129 22094 22106 I art     : Explicit concurrent mark sweep GC freed 1354(82KB) AllocSpace objects, 1(20KB) LOS objects, 30% free, 36MB/52MB, paused 558us total 59.225ms
08-05 16:18:07.150 22094 22106 I art     : Starting a blocking GC Explicit
08-05 16:18:07.196 22094 22106 I art     : Explicit concurrent mark sweep GC freed 22(784B) AllocSpace objects, 0(0B) LOS objects, 30% free, 36MB/52MB, paused 494us total 45.941ms
08-05 16:18:07.215 22094 22106 I art     : Starting a blocking GC Explicit
08-05 16:18:07.229   918  3188 I hubconnection: sensorhub said: 'set_bias 3: -6.0960, 0.0000, 0.0000'
08-05 16:18:07.262 22094 22106 I art     : Explicit concurrent mark sweep GC freed 3(96B) AllocSpace objects, 0(0B) LOS objects, 30% free, 36MB/52MB, paused 491us total 46.656ms
08-05 16:18:07.280 22094 22106 I art     : Starting a blocking GC Explicit
08-05 16:18:07.327 22094 22106 I art     : Explicit concurrent mark sweep GC freed 3(96B) AllocSpace objects, 0(0B) LOS objects, 30% free, 36MB/52MB, paused 569us total 46.774ms
08-05 16:18:07.346 22094 22106 I art     : Starting a blocking GC Explicit
08-05 16:18:07.393 22094 22106 I art     : Explicit concurrent mark sweep GC freed 3(96B) AllocSpace objects, 0(0B) LOS objects, 30% free, 36MB/52MB, paused 453us total 47.453ms
08-05 16:18:07.729 22094 22105 I art     : Starting a blocking GC Explicit
08-05 16:18:07.779 22094 22105 I art     : Explicit concurrent mark sweep GC freed 1354(82KB) AllocSpace objects, 1(20KB) LOS objects, 30% free, 36MB/52MB, paused 544us total 49.323ms
08-05 16:18:07.797 22094 22105 I art     : Starting a blocking GC Explicit
08-05 16:18:07.847 22094 22105 I art     : Explicit concurrent mark sweep GC freed 20(704B) AllocSpace objects, 0(0B) LOS objects, 30% free, 36MB/52MB, paused 566us total 49.856ms
08-05 16:18:07.866 22094 22105 I art     : Starting a blocking GC Explicit
08-05 16:18:07.914 22094 22105 I art     : Explicit concurrent mark sweep GC freed 3(96B) AllocSpace objects, 0(0B) LOS objects, 30% free, 36MB/52MB, paused 511us total 47.970ms
08-05 16:18:07.932 22094 22105 I art     : Starting a blocking GC Explicit
08-05 16:18:07.958 25261 25261 D AndroidRuntime: >>>>>> START com.android.internal.os.RuntimeInit uid 2000 <<<<<<
08-05 16:18:07.964 25261 25261 D AndroidRuntime: CheckJNI is OFF
08-05 16:18:07.981 22094 22105 I art     : Explicit concurrent mark sweep GC freed 3(96B) AllocSpace objects, 0(0B) LOS objects, 30% free, 36MB/52MB, paused 505us total 47.827ms
08-05 16:18:07.999 22094 22105 I art     : Starting a blocking GC Explicit
08-05 16:18:08.011 25261 25261 D ICU     : No timezone override file found: /data/misc/zoneinfo/current/icu/icu_tzdata.dat
08-05 16:18:08.046 22094 22105 I art     : Explicit concurrent mark sweep GC freed 3(96B) AllocSpace objects, 0(0B) LOS objects, 30% free, 36MB/52MB, paused 531us total 46.344ms
08-05 16:18:08.057 25261 25261 I Radio-JNI: register_android_hardware_Radio DONE
08-05 16:18:08.086 25261 25261 D AndroidRuntime: Calling main entry com.android.commands.input.Input
08-05 16:18:08.089 25261 25261 I Input   : injectMotionEvent: MotionEvent { action=ACTION_DOWN, actionButton=0, id[0]=0, x[0]=600.0, y[0]=938.0, toolType[0]=TOOL_TYPE_UNKNOWN, buttonState=0, metaState=0, flags=0x0, edgeFlags=0x0, pointerCount=1, historySize=0, eventTime=807504501, downTime=807504501, deviceId=0, source=0x1002 }
08-05 16:18:08.095 25261 25261 I Input   : injectMotionEvent: MotionEvent { action=ACTION_UP, actionButton=0, id[0]=0, x[0]=600.0, y[0]=938.0, toolType[0]=TOOL_TYPE_UNKNOWN, buttonState=0, metaState=0, flags=0x0, edgeFlags=0x0, pointerCount=1, historySize=0, eventTime=807504501, downTime=807504501, deviceId=0, source=0x1002 }
08-05 16:18:08.097 25261 25261 D AndroidRuntime: Shutting down VM
08-05 16:18:08.108   918  3359 I ActivityManager: START u0 {dat=https://gfycat.com/... cmp=baseline.org.quantumbadger.redreader/.activities.ImageViewActivity (has extras)} from uid 10689 on display 0
08-05 16:18:08.108   512  2967 D audio_hw_primary: out_set_parameters: enter: usecase(1: low-latency-playback) kvpairs: routing=2
08-05 16:18:08.121   512  2967 D audio_hw_primary: select_devices: out_snd_device(2: speaker) in_snd_device(0: none)
08-05 16:18:08.121   512  2967 D msm8974_platform: platform_send_audio_calibration: sending audio calibration for snd_device(2) acdb_id(15)
08-05 16:18:08.122   512  2967 I soundtrigger: audio_extn_sound_trigger_update_device_status: device 0x2 of type 0 for Event 1
08-05 16:18:08.133   512  2967 D audio_hw_primary: enable_snd_device: snd_device(2: speaker)
08-05 16:18:08.135 22094 22094 I ImageViewActivity: Loading URL https://gfycat.com/deadlygravecavy
08-05 16:18:08.136   512  2967 D audio_hw_primary: enable_audio_route: apply and update mixer path: low-latency-playback speaker
08-05 16:18:08.145 22094 25012 I ImageViewActivity: Got image URL: https://giant.gfycat.com/DeadlyGraveCavy.mp4
08-05 16:18:08.145 22094 25012 I ImageViewActivity: Got image Type: video/mp4
08-05 16:18:08.145 22094 25012 I ImageViewActivity: Got media Type: VIDEO
08-05 16:18:08.145 22094 25012 I ImageViewActivity: Media type VIDEO detected
08-05 16:18:08.145 22094 25012 I ImageViewActivity: Proceeding with download
08-05 16:18:08.149 22094 25295 D OK      : calling: https://giant.gfycat.com/DeadlyGraveCavy.mp4
08-05 16:18:08.189 13866 13866 I GoogleInputMethodServic: GoogleInputMethodService.onFinishInput():3138 
08-05 16:18:08.190 13866 13866 I GoogleInputMethodServic: GoogleInputMethodService.onStartInput():1808 
08-05 16:18:08.221   918   936 I ActivityManager: Displayed baseline.org.quantumbadger.redreader/.activities.ImageViewActivity: +105ms
08-05 16:18:08.369 22094 22106 I art     : Starting a blocking GC Explicit
08-05 16:18:08.416 22094 22106 I art     : Explicit concurrent mark sweep GC freed 5760(346KB) AllocSpace objects, 1(20KB) LOS objects, 30% free, 36MB/52MB, paused 550us total 47.602ms
08-05 16:18:08.435 22094 22106 I art     : Starting a blocking GC Explicit
08-05 16:18:08.451   380   380 W SurfaceFlinger: couldn't log to binary event log: overflow.
08-05 16:18:08.482 22094 22106 I art     : Explicit concurrent mark sweep GC freed 253(10KB) AllocSpace objects, 0(0B) LOS objects, 30% free, 36MB/52MB, paused 543us total 46.810ms
08-05 16:18:08.500 22094 22106 I art     : Starting a blocking GC Explicit
08-05 16:18:08.504 22094 25295 I NAPPA_EXPERIMENTATION: MetricNetworkRequestExecutionTime: REQUEST_DURATION_SYSTEM='355',REQUEST_DURATION_OKHTTP='158',REQUEST_SYNCHRONOUS='TRUE',RESPONSE_CODE='200',RESPONSE_METHOD='GET',RESPONSE_LENGTH_OKHTTP='1942309',RESPONSE_LENGTH_HEADER='1942309',REQUEST_PROTOCOL='h2',REQUEST_URL='https://giant.gfycat.com/DeadlyGraveCavy.mp4',
08-05 16:18:08.504 22094 25295 D OK      : request got status: 200
08-05 16:18:08.518  5179  5194 D QcrilMsgTunnelSocket: readRilMessage: Buffer = [B@671e81d HexData = [010000000404000011000000514f454d484f4f4bef0308000100000003]
08-05 16:18:08.518  5179  5194 D QcrilMsgTunnelSocket: Rcvd UNSOL response with 28 bytes data for SUB0
08-05 16:18:08.519  5179  5194 D QcrilMsgTunnelSocket: Response ID 525295 is not served in this process.
08-05 16:18:08.519  5179  5194 D QcrilMsgTunnelSocket: To broadcast an Intent via the notifier to external apps
08-05 16:18:08.519  5179  5179 D QcrilMsgTunnelIfaceManager: handleMessage what = 0
08-05 16:18:08.519  5179  5179 D QcrilMsgTunnelIfaceManager: Broadcasting intent ACTION_UNSOL_RESPONSE_OEM_HOOK_RAW
08-05 16:18:08.521  5164  5164 D QC_RIL_OEM_HOOK: Received Broadcast Intent ACTION_UNSOL_RESPONSE_OEM_HOOK_RAW
08-05 16:18:08.521  5164  5164 D QC_RIL_OEM_HOOK: Oem ID in QCRILHOOK UNSOL RESP is QOEMHOOK
08-05 16:18:08.543 22094 22106 I art     : Explicit concurrent mark sweep GC freed 266(20KB) AllocSpace objects, 0(0B) LOS objects, 30% free, 37MB/53MB, paused 531us total 43.006ms
08-05 16:18:08.560 22094 22106 I art     : Starting a blocking GC Explicit
08-05 16:18:08.606 22094 22106 I art     : Explicit concurrent mark sweep GC freed 324(17KB) AllocSpace objects, 0(0B) LOS objects, 30% free, 37MB/53MB, paused 760us total 45.192ms
08-05 16:18:08.624 22094 22106 I art     : Starting a blocking GC Explicit
08-05 16:18:08.666 22094 22106 I art     : Explicit concurrent mark sweep GC freed 421(25KB) AllocSpace objects, 0(0B) LOS objects, 29% free, 37MB/53MB, paused 563us total 41.336ms
08-05 16:18:08.669   512  2967 D audio_hw_primary: disable_audio_route: reset and update mixer path: low-latency-playback speaker
08-05 16:18:08.670   512  2967 D audio_hw_primary: disable_snd_device: snd_device(2: speaker)
08-05 16:18:08.678   512  2967 I soundtrigger: audio_extn_sound_trigger_update_device_status: device 0x2 of type 0 for Event 0
08-05 16:18:08.892 22094 22094 I ImageViewActivity: Playing video using ExoPlayer
08-05 16:18:08.958 22094 22094 I ExoPlayerImpl: Init 39e449a [ExoPlayerLib/2.10.8] [angler, Nexus 6P, Huawei, 23]
08-05 16:18:08.994 22094 22405 I art     : Starting a blocking GC Explicit
08-05 16:18:09.048 22094 22405 I art     : Explicit concurrent mark sweep GC freed 6134(1674KB) AllocSpace objects, 3(156KB) LOS objects, 29% free, 37MB/53MB, paused 722us total 53.344ms
08-05 16:18:09.066 22094 22405 I art     : Starting a blocking GC Explicit
08-05 16:18:09.115 22094 22405 I art     : Explicit concurrent mark sweep GC freed 1201(124KB) AllocSpace objects, 4(168KB) LOS objects, 29% free, 37MB/53MB, paused 766us total 48.459ms
08-05 16:18:09.132 22094 25326 W VideoCapabilities: Unrecognized profile 2130706433 for video/avc
08-05 16:18:09.133 22094 22405 I art     : Starting a blocking GC Explicit
08-05 16:18:09.166 22094 25326 I VideoCapabilities: Unsupported profile 4 for video/mp4v-es
08-05 16:18:09.181 22094 25329 I OMXClient: Using client-side OMX mux.
08-05 16:18:09.185 22094 22405 I art     : Explicit concurrent mark sweep GC freed 4950(205KB) AllocSpace objects, 0(0B) LOS objects, 29% free, 38MB/54MB, paused 760us total 51.299ms
08-05 16:18:09.204 22094 22405 I art     : Starting a blocking GC Explicit
08-05 16:18:09.251 22094 22405 I art     : Explicit concurrent mark sweep GC freed 66(5KB) AllocSpace objects, 0(0B) LOS objects, 28% free, 39MB/55MB, paused 575us total 46.821ms
08-05 16:18:09.270 22094 22405 I art     : Starting a blocking GC Explicit
08-05 16:18:09.316 22094 22405 I art     : Explicit concurrent mark sweep GC freed 5(240B) AllocSpace objects, 0(0B) LOS objects, 28% free, 39MB/55MB, paused 566us total 46.507ms
08-05 16:18:09.338   512 12838 I OMX-VDEC-1080P: component_init: OMX.qcom.video.decoder.avc : fd=49
08-05 16:18:09.338   512 12838 I OMX-VDEC-1080P: Capabilities: driver_name = msm_vidc_driver, card = msm_vdec_8974, bus_info = , version = 1, capabilities = 4003000
08-05 16:18:09.344   512 12838 I OMX-VDEC-1080P: Enabling default extradata for OMX.qcom.video.decoder.avc
08-05 16:18:09.347   512 12838 I OMX-VDEC-1080P: omx_vdec::component_init() success : fd=49
08-05 16:18:09.350 22094 25328 I MediaCodec: [OMX.qcom.video.decoder.avc] setting surface generation to 22624257
08-05 16:18:09.352   512 15071 E OMX-VDEC-1080P: Extension: OMX.google.android.index.storeANWBufferInMetadata not implemented
08-05 16:18:09.381 22094 25329 D SurfaceUtils: set up nativeWindow 0x7f78795610 for 360x306, color 0x7fa30c04, rotation 0, usage 0x42002900
08-05 16:18:09.414 22094 25329 D SurfaceUtils: set up nativeWindow 0x7f78795610 for 368x320, color 0x7fa30c04, rotation 0, usage 0x42002900
08-05 16:18:09.636 22094 22405 I art     : Starting a blocking GC Explicit
08-05 16:18:09.687 22094 22405 I art     : Explicit concurrent mark sweep GC freed 1750(143KB) AllocSpace objects, 2(88KB) LOS objects, 28% free, 40MB/56MB, paused 521us total 50.500ms
08-05 16:18:09.706 22094 22405 I art     : Starting a blocking GC Explicit
08-05 16:18:09.755 22094 22405 I art     : Explicit concurrent mark sweep GC freed 50(1808B) AllocSpace objects, 0(0B) LOS objects, 28% free, 40MB/56MB, paused 516us total 48.691ms
08-05 16:18:09.773 22094 22405 I art     : Starting a blocking GC Explicit
08-05 16:18:09.826 22094 22405 I art     : Explicit concurrent mark sweep GC freed 25(928B) AllocSpace objects, 0(0B) LOS objects, 28% free, 40MB/56MB, paused 545us total 52.244ms
08-05 16:18:09.846 22094 22405 I art     : Starting a blocking GC Explicit
08-05 16:18:09.897 22094 22405 I art     : Explicit concurrent mark sweep GC freed 25(928B) AllocSpace objects, 0(0B) LOS objects, 28% free, 40MB/56MB, paused 606us total 51.171ms
08-05 16:18:09.917 22094 22405 I art     : Starting a blocking GC Explicit
08-05 16:18:09.969 22094 22405 I art     : Explicit concurrent mark sweep GC freed 25(928B) AllocSpace objects, 0(0B) LOS objects, 28% free, 40MB/56MB, paused 564us total 52.408ms
08-05 16:18:10.317 22094 22338 I art     : Starting a blocking GC Explicit
08-05 16:18:10.356 22144 22144 I ServiceManager: Waiting for service AtCmdFwd...
08-05 16:18:10.366 22094 22338 I art     : Explicit concurrent mark sweep GC freed 1492(87KB) AllocSpace objects, 1(20KB) LOS objects, 28% free, 40MB/56MB, paused 575us total 49.472ms
08-05 16:18:10.385 22094 22338 I art     : Starting a blocking GC Explicit
08-05 16:18:10.433 22094 22338 I art     : Explicit concurrent mark sweep GC freed 36(1328B) AllocSpace objects, 0(0B) LOS objects, 28% free, 40MB/56MB, paused 573us total 47.753ms
08-05 16:18:10.452 22094 22338 I art     : Starting a blocking GC Explicit
08-05 16:18:10.503 22094 22338 I art     : Explicit concurrent mark sweep GC freed 25(928B) AllocSpace objects, 0(0B) LOS objects, 28% free, 40MB/56MB, paused 535us total 50.470ms
08-05 16:18:10.522 22094 22338 I art     : Starting a blocking GC Explicit
08-05 16:18:10.573 22094 22338 I art     : Explicit concurrent mark sweep GC freed 31(1136B) AllocSpace objects, 0(0B) LOS objects, 28% free, 40MB/56MB, paused 578us total 51.077ms
08-05 16:18:10.592 22094 22338 I art     : Starting a blocking GC Explicit
08-05 16:18:10.643 22094 22338 I art     : Explicit concurrent mark sweep GC freed 19(720B) AllocSpace objects, 0(0B) LOS objects, 28% free, 40MB/56MB, paused 614us total 50.662ms
08-05 16:18:11.020 22094 22405 I art     : Starting a blocking GC Explicit
08-05 16:18:11.077 22094 22405 I art     : Explicit concurrent mark sweep GC freed 1503(88KB) AllocSpace objects, 1(20KB) LOS objects, 28% free, 40MB/56MB, paused 575us total 55.645ms
08-05 16:18:11.096 22094 22405 I art     : Starting a blocking GC Explicit
08-05 16:18:11.145 22094 22405 I art     : Explicit concurrent mark sweep GC freed 43(1600B) AllocSpace objects, 0(0B) LOS objects, 28% free, 40MB/56MB, paused 561us total 49.005ms
08-05 16:18:11.164 22094 22405 I art     : Starting a blocking GC Explicit
08-05 16:18:11.217 22094 22405 I art     : Explicit concurrent mark sweep GC freed 25(928B) AllocSpace objects, 0(0B) LOS objects, 28% free, 40MB/56MB, paused 523us total 51.806ms
08-05 16:18:11.236 22094 22405 I art     : Starting a blocking GC Explicit
08-05 16:18:11.288 22094 22405 I art     : Explicit concurrent mark sweep GC freed 25(928B) AllocSpace objects, 0(0B) LOS objects, 28% free, 40MB/56MB, paused 599us total 51.532ms
08-05 16:18:11.306 22094 22405 I art     : Starting a blocking GC Explicit
08-05 16:18:11.357 22144 22144 I ServiceManager: Waiting for service AtCmdFwd...
08-05 16:18:11.358 22094 22405 I art     : Explicit concurrent mark sweep GC freed 27(976B) AllocSpace objects, 0(0B) LOS objects, 28% free, 40MB/56MB, paused 618us total 51.213ms
08-05 16:18:11.721 22094 22122 I art     : Starting a blocking GC Explicit
08-05 16:18:11.774 22094 22122 I art     : Explicit concurrent mark sweep GC freed 1496(88KB) AllocSpace objects, 1(20KB) LOS objects, 28% free, 40MB/56MB, paused 519us total 53.240ms
08-05 16:18:11.793 22094 22122 I art     : Starting a blocking GC Explicit
08-05 16:18:11.845 22094 22122 I art     : Explicit concurrent mark sweep GC freed 44(1552B) AllocSpace objects, 0(0B) LOS objects, 28% free, 40MB/56MB, paused 571us total 51.702ms
08-05 16:18:11.864 22094 22122 I art     : Starting a blocking GC Explicit
08-05 16:18:11.916 22094 22122 I art     : Explicit concurrent mark sweep GC freed 25(928B) AllocSpace objects, 0(0B) LOS objects, 28% free, 40MB/56MB, paused 545us total 51.405ms
08-05 16:18:11.935 22094 22122 I art     : Starting a blocking GC Explicit
08-05 16:18:11.985 22094 22122 I art     : Explicit concurrent mark sweep GC freed 24(976B) AllocSpace objects, 0(0B) LOS objects, 28% free, 40MB/56MB, paused 565us total 50.413ms
08-05 16:18:12.004 22094 22122 I art     : Starting a blocking GC Explicit
08-05 16:18:12.054 22094 22122 I art     : Explicit concurrent mark sweep GC freed 31(1136B) AllocSpace objects, 0(0B) LOS objects, 28% free, 40MB/56MB, paused 533us total 48.956ms
08-05 16:18:12.358 22144 22144 I ServiceManager: Waiting for service AtCmdFwd...
08-05 16:18:12.428 22094 22338 I art     : Starting a blocking GC Explicit
08-05 16:18:12.484 22094 22338 I art     : Explicit concurrent mark sweep GC freed 1492(88KB) AllocSpace objects, 1(20KB) LOS objects, 28% free, 40MB/56MB, paused 561us total 55.264ms
08-05 16:18:12.503 22094 22338 I art     : Starting a blocking GC Explicit
08-05 16:18:12.556 22094 22338 I art     : Explicit concurrent mark sweep GC freed 45(1648B) AllocSpace objects, 0(0B) LOS objects, 28% free, 40MB/56MB, paused 555us total 52.828ms
08-05 16:18:12.575 22094 22338 I art     : Starting a blocking GC Explicit
08-05 16:18:12.625 22094 22338 I art     : Explicit concurrent mark sweep GC freed 27(1024B) AllocSpace objects, 0(0B) LOS objects, 28% free, 40MB/56MB, paused 537us total 49.475ms
08-05 16:18:12.645 22094 22338 I art     : Starting a blocking GC Explicit
08-05 16:18:12.697 22094 22338 I art     : Explicit concurrent mark sweep GC freed 21(784B) AllocSpace objects, 0(0B) LOS objects, 28% free, 40MB/56MB, paused 650us total 52.215ms
08-05 16:18:12.718 22094 22338 I art     : Starting a blocking GC Explicit
08-05 16:18:12.768 22094 22338 I art     : Explicit concurrent mark sweep GC freed 29(1072B) AllocSpace objects, 0(0B) LOS objects, 28% free, 40MB/56MB, paused 640us total 49.674ms
08-05 16:18:13.113 22094 22106 I art     : Starting a blocking GC Explicit
08-05 16:18:13.117 22094 25294 I RedditChangeDataIO: Writing tmp data file at '/data/user/0/baseline.org.quantumbadger.redreader/files/rr_change_data_tmp.dat'
08-05 16:18:13.118 22094 25294 I RedditChangeDataManager: Taking snapshot...
08-05 16:18:13.118 22094 25294 I RedditChangeDataManager: Writing to stream...
08-05 16:18:13.118 22094 25294 I RedditChangeDataManager: Wrote 6 entries for user ''
08-05 16:18:13.118 22094 25294 I RedditChangeDataManager: All entries written to stream.
08-05 16:18:13.118 22094 25294 I RedditChangeDataIO: Write successful. Atomically replacing data file...
08-05 16:18:13.118 22094 25294 I RedditChangeDataIO: Write complete.
08-05 16:18:13.119 22094 25294 I RedditChangeDataIO: 158 bytes written in 2 ms
08-05 16:18:13.161 22094 22106 I art     : Explicit concurrent mark sweep GC freed 1569(92KB) AllocSpace objects, 2(88KB) LOS objects, 28% free, 40MB/56MB, paused 570us total 48.223ms
08-05 16:18:13.180 22094 22106 I art     : Starting a blocking GC Explicit
08-05 16:18:13.226 22094 22106 I art     : Explicit concurrent mark sweep GC freed 52(2064B) AllocSpace objects, 0(0B) LOS objects, 28% free, 40MB/56MB, paused 505us total 46.480ms
08-05 16:18:13.245 22094 22106 I art     : Starting a blocking GC Explicit
08-05 16:18:13.297 22094 22106 I art     : Explicit concurrent mark sweep GC freed 23(832B) AllocSpace objects, 0(0B) LOS objects, 28% free, 40MB/56MB, paused 560us total 51.783ms
08-05 16:18:13.315 22094 22106 I art     : Starting a blocking GC Explicit
08-05 16:18:13.359 22144 22144 I ServiceManager: Waiting for service AtCmdFwd...
08-05 16:18:13.365 22094 22106 I art     : Explicit concurrent mark sweep GC freed 31(1136B) AllocSpace objects, 0(0B) LOS objects, 28% free, 40MB/56MB, paused 586us total 49.518ms
08-05 16:18:13.384 22094 22106 I art     : Starting a blocking GC Explicit
08-05 16:18:13.435 22094 22106 I art     : Explicit concurrent mark sweep GC freed 21(816B) AllocSpace objects, 0(0B) LOS objects, 28% free, 40MB/56MB, paused 576us total 50.460ms
08-05 16:18:13.797 22094 22105 I art     : Starting a blocking GC Explicit
08-05 16:18:13.852 22094 22105 I art     : Explicit concurrent mark sweep GC freed 1496(88KB) AllocSpace objects, 1(20KB) LOS objects, 28% free, 40MB/56MB, paused 584us total 54.910ms
08-05 16:18:13.872 22094 22105 I art     : Starting a blocking GC Explicit
08-05 16:18:13.924 22094 22105 I art     : Explicit concurrent mark sweep GC freed 229(33KB) AllocSpace objects, 0(0B) LOS objects, 28% free, 40MB/56MB, paused 507us total 51.832ms
08-05 16:18:13.943 22094 22105 I art     : Starting a blocking GC Explicit
08-05 16:18:13.994 22094 22105 I art     : Explicit concurrent mark sweep GC freed 94(3KB) AllocSpace objects, 0(0B) LOS objects, 28% free, 40MB/56MB, paused 511us total 50.408ms
08-05 16:18:14.013 22094 22105 I art     : Starting a blocking GC Explicit
08-05 16:18:14.064 22094 22105 I art     : Explicit concurrent mark sweep GC freed 25(928B) AllocSpace objects, 0(0B) LOS objects, 28% free, 40MB/56MB, paused 522us total 51.025ms
08-05 16:18:14.084 22094 22105 I art     : Starting a blocking GC Explicit
08-05 16:18:14.133 22094 22105 I art     : Explicit concurrent mark sweep GC freed 25(928B) AllocSpace objects, 0(0B) LOS objects, 28% free, 40MB/56MB, paused 518us total 48.504ms
08-05 16:18:14.359 22144 22144 I ServiceManager: Waiting for service AtCmdFwd...
08-05 16:18:14.495 22094 22338 I art     : Starting a blocking GC Explicit
08-05 16:18:14.545 22094 22338 I art     : Explicit concurrent mark sweep GC freed 1486(87KB) AllocSpace objects, 1(20KB) LOS objects, 28% free, 40MB/56MB, paused 501us total 49.671ms
08-05 16:18:14.564 22094 22338 I art     : Starting a blocking GC Explicit
08-05 16:18:14.613 22094 22338 I art     : Explicit concurrent mark sweep GC freed 42(1536B) AllocSpace objects, 0(0B) LOS objects, 28% free, 40MB/56MB, paused 541us total 49.459ms
08-05 16:18:14.632 22094 22338 I art     : Starting a blocking GC Explicit
08-05 16:18:14.684 22094 22338 I art     : Explicit concurrent mark sweep GC freed 32(1200B) AllocSpace objects, 0(0B) LOS objects, 28% free, 40MB/56MB, paused 543us total 50.273ms
08-05 16:18:14.704 22094 22338 I art     : Starting a blocking GC Explicit
08-05 16:18:14.753 22094 22338 I art     : Explicit concurrent mark sweep GC freed 26(880B) AllocSpace objects, 0(0B) LOS objects, 28% free, 40MB/56MB, paused 527us total 49.096ms
08-05 16:18:14.772 22094 22338 I art     : Starting a blocking GC Explicit
08-05 16:18:14.822 22094 22338 I art     : Explicit concurrent mark sweep GC freed 26(1024B) AllocSpace objects, 0(0B) LOS objects, 28% free, 40MB/56MB, paused 545us total 49.943ms
08-05 16:18:14.903 25411 25411 D AndroidRuntime: >>>>>> START com.android.internal.os.RuntimeInit uid 2000 <<<<<<
08-05 16:18:14.909 25411 25411 D AndroidRuntime: CheckJNI is OFF
08-05 16:18:14.953 25411 25411 D ICU     : No timezone override file found: /data/misc/zoneinfo/current/icu/icu_tzdata.dat
08-05 16:18:14.996 25411 25411 I Radio-JNI: register_android_hardware_Radio DONE
08-05 16:18:15.025 25411 25411 D AndroidRuntime: Calling main entry com.android.commands.input.Input
08-05 16:18:15.027 25411 25411 I Input   : injectKeyEvent: KeyEvent { action=ACTION_DOWN, keyCode=KEYCODE_BACK, scanCode=0, metaState=0, flags=0x0, repeatCount=0, eventTime=807511439, downTime=807511439, deviceId=-1, source=0x101 }
08-05 16:18:15.033 25411 25411 I Input   : injectKeyEvent: KeyEvent { action=ACTION_UP, keyCode=KEYCODE_BACK, scanCode=0, metaState=0, flags=0x0, repeatCount=0, eventTime=807511439, downTime=807511439, deviceId=-1, source=0x101 }
08-05 16:18:15.040 25411 25411 D AndroidRuntime: Shutting down VM
08-05 16:18:15.093 13866 13866 I GoogleInputMethodServic: GoogleInputMethodService.onFinishInput():3138 
08-05 16:18:15.094 13866 13866 I GoogleInputMethodServic: GoogleInputMethodService.onStartInput():1808 
08-05 16:18:15.163 22094 25328 I MediaCodec: [OMX.qcom.video.decoder.avc] setting surface generation to 22624258
08-05 16:18:15.164 22094 25329 D SurfaceUtils: set up nativeWindow 0x7f78796410 for 368x320, color 0x7fa30c04, rotation 0, usage 0x42002900
08-05 16:18:15.179 22094 22106 I art     : Starting a blocking GC Explicit
08-05 16:18:15.224 22094 22106 I art     : Explicit concurrent mark sweep GC freed 1751(98KB) AllocSpace objects, 1(20KB) LOS objects, 28% free, 40MB/56MB, paused 547us total 45.262ms
08-05 16:18:15.242 22094 22106 I art     : Starting a blocking GC Explicit
08-05 16:18:15.299 22094 22106 I art     : Explicit concurrent mark sweep GC freed 40(1488B) AllocSpace objects, 0(0B) LOS objects, 28% free, 40MB/56MB, paused 498us total 55.838ms
08-05 16:18:15.320 22094 22106 I art     : Starting a blocking GC Explicit
08-05 16:18:15.360 22144 22144 W Atfwd_Sendcmd: AtCmdFwd service not published, waiting... retryCnt : 3
08-05 16:18:15.379 22094 22106 I art     : Explicit concurrent mark sweep GC freed 28(1056B) AllocSpace objects, 0(0B) LOS objects, 28% free, 40MB/56MB, paused 545us total 58.436ms
08-05 16:18:15.399 22094 22094 I ExoPlayerImpl: Release 39e449a [ExoPlayerLib/2.10.8] [angler, Nexus 6P, Huawei, 23] [goog.exo.core, goog.exo.ui]
08-05 16:18:15.399 22094 22106 I art     : Starting a blocking GC Explicit
08-05 16:18:15.408   380   380 W SurfaceFlinger: couldn't log to binary event log: overflow.
08-05 16:18:15.419   512 15071 I OMX-VDEC-1080P: omx_vdec::component_deinit() complete
08-05 16:18:15.421   512 15071 I OMX-VDEC-1080P: Exit OMX vdec Destructor: fd=49
08-05 16:18:15.444 22094 22106 I art     : Explicit concurrent mark sweep GC freed 414(100KB) AllocSpace objects, 35(2MB) LOS objects, 29% free, 37MB/53MB, paused 442us total 44.700ms
08-05 16:18:15.462 22094 22106 I art     : Starting a blocking GC Explicit
08-05 16:18:15.506 22094 22106 I art     : Explicit concurrent mark sweep GC freed 42(2288B) AllocSpace objects, 0(0B) LOS objects, 29% free, 37MB/53MB, paused 475us total 43.477ms
08-05 16:18:15.862 22094 22405 I art     : Starting a blocking GC Explicit
08-05 16:18:15.929 22094 22405 I art     : Explicit concurrent mark sweep GC freed 4235(243KB) AllocSpace objects, 5(220KB) LOS objects, 29% free, 37MB/53MB, paused 558us total 66.282ms
08-05 16:18:15.951 22094 22405 I art     : Starting a blocking GC Explicit
08-05 16:18:16.003 22094 22405 I art     : Explicit concurrent mark sweep GC freed 20(704B) AllocSpace objects, 0(0B) LOS objects, 29% free, 37MB/53MB, paused 542us total 51.696ms
08-05 16:18:16.025 22094 22405 I art     : Starting a blocking GC Explicit
08-05 16:18:16.073 22094 22405 I art     : Explicit concurrent mark sweep GC freed 3(96B) AllocSpace objects, 0(0B) LOS objects, 29% free, 37MB/53MB, paused 509us total 48.313ms
08-05 16:18:16.092 22094 22405 I art     : Starting a blocking GC Explicit
08-05 16:18:16.141 22094 22405 I art     : Explicit concurrent mark sweep GC freed 3(96B) AllocSpace objects, 0(0B) LOS objects, 29% free, 37MB/53MB, paused 465us total 48.876ms
08-05 16:18:16.141 22094 22104 I art     : WaitForGcToComplete blocked for 49.220ms for cause HeapTrim
08-05 16:18:16.160 22094 22405 I art     : Starting a blocking GC Explicit
08-05 16:18:16.213 22094 22405 I art     : Explicit concurrent mark sweep GC freed 3(96B) AllocSpace objects, 0(0B) LOS objects, 29% free, 37MB/53MB, paused 548us total 52.669ms
08-05 16:18:16.542 22094 22338 I art     : Starting a blocking GC Explicit
08-05 16:18:16.599 22094 22338 I art     : Explicit concurrent mark sweep GC freed 1354(82KB) AllocSpace objects, 1(20KB) LOS objects, 29% free, 37MB/53MB, paused 547us total 56.333ms
08-05 16:18:16.618 22094 22338 I art     : Starting a blocking GC Explicit
08-05 16:18:16.669 22094 22338 I art     : Explicit concurrent mark sweep GC freed 20(704B) AllocSpace objects, 0(0B) LOS objects, 29% free, 37MB/53MB, paused 500us total 50.658ms
08-05 16:18:16.688 22094 22338 I art     : Starting a blocking GC Explicit
08-05 16:18:16.739 22094 22338 I art     : Explicit concurrent mark sweep GC freed 3(96B) AllocSpace objects, 0(0B) LOS objects, 29% free, 37MB/53MB, paused 514us total 51.126ms
08-05 16:18:16.758 22094 22338 I art     : Starting a blocking GC Explicit
08-05 16:18:16.810 22094 22338 I art     : Explicit concurrent mark sweep GC freed 3(96B) AllocSpace objects, 0(0B) LOS objects, 29% free, 37MB/53MB, paused 531us total 51.416ms
08-05 16:18:16.829 22094 22338 I art     : Starting a blocking GC Explicit
08-05 16:18:16.850 25453 25453 D AndroidRuntime: >>>>>> START com.android.internal.os.RuntimeInit uid 2000 <<<<<<
08-05 16:18:16.856 25453 25453 D AndroidRuntime: CheckJNI is OFF
08-05 16:18:16.878 22094 22338 I art     : Explicit concurrent mark sweep GC freed 3(96B) AllocSpace objects, 0(0B) LOS objects, 29% free, 37MB/53MB, paused 552us total 49.325ms
08-05 16:18:16.906 25453 25453 D ICU     : No timezone override file found: /data/misc/zoneinfo/current/icu/icu_tzdata.dat
08-05 16:18:16.951 25453 25453 I Radio-JNI: register_android_hardware_Radio DONE
08-05 16:18:16.981 25453 25453 D AndroidRuntime: Calling main entry com.android.commands.input.Input
08-05 16:18:16.983 25453 25453 I Input   : injectMotionEvent: MotionEvent { action=ACTION_DOWN, actionButton=0, id[0]=0, x[0]=1340.0, y[0]=1100.0, toolType[0]=TOOL_TYPE_UNKNOWN, buttonState=0, metaState=0, flags=0x0, edgeFlags=0x0, pointerCount=1, historySize=0, eventTime=807513396, downTime=807513396, deviceId=0, source=0x1002 }
08-05 16:18:16.991 25453 25453 I Input   : injectMotionEvent: MotionEvent { action=ACTION_UP, actionButton=0, id[0]=0, x[0]=1340.0, y[0]=1100.0, toolType[0]=TOOL_TYPE_UNKNOWN, buttonState=0, metaState=0, flags=0x0, edgeFlags=0x0, pointerCount=1, historySize=0, eventTime=807513396, downTime=807513396, deviceId=0, source=0x1002 }
08-05 16:18:16.997 25453 25453 D AndroidRuntime: Shutting down VM
08-05 16:18:17.014   512  2967 D audio_hw_primary: out_set_parameters: enter: usecase(1: low-latency-playback) kvpairs: routing=2
08-05 16:18:17.015   918   928 I ActivityManager: START u0 {dat=https://oauth.reddit.com/... cmp=baseline.org.quantumbadger.redreader/.activities.CommentListingActivity} from uid 10689 on display 0
08-05 16:18:17.028   512  2967 D audio_hw_primary: select_devices: out_snd_device(2: speaker) in_snd_device(0: none)
08-05 16:18:17.028   512  2967 D msm8974_platform: platform_send_audio_calibration: sending audio calibration for snd_device(2) acdb_id(15)
08-05 16:18:17.028   512  2967 I soundtrigger: audio_extn_sound_trigger_update_device_status: device 0x2 of type 0 for Event 1
08-05 16:18:17.039   512  2967 D audio_hw_primary: enable_snd_device: snd_device(2: speaker)
08-05 16:18:17.041   512  2967 D audio_hw_primary: enable_audio_route: apply and update mixer path: low-latency-playback speaker
08-05 16:18:17.045 22094 22094 I AppCompatViewInflater: app:theme is now deprecated. Please move to using android:theme instead.
08-05 16:18:17.064 22094 25012 I CommentListingActivity: COMMENTS session changed to 0f6ea3f8-c3ea-428a-8609-aa77f4459ee4
08-05 16:18:17.145   918   936 I ActivityManager: Displayed baseline.org.quantumbadger.redreader/.activities.CommentListingActivity: +120ms
08-05 16:18:17.154 13866 13866 I GoogleInputMethodServic: GoogleInputMethodService.onFinishInput():3138 
08-05 16:18:17.154 13866 13866 I GoogleInputMethodServic: GoogleInputMethodService.onStartInput():1808 
08-05 16:18:17.209 22094 22338 I art     : Starting a blocking GC Explicit
08-05 16:18:17.276 22094 22338 I art     : Explicit concurrent mark sweep GC freed 27025(1508KB) AllocSpace objects, 1(20KB) LOS objects, 28% free, 40MB/56MB, paused 627us total 66.105ms
08-05 16:18:17.297 22094 22338 I art     : Starting a blocking GC Explicit
08-05 16:18:17.360 22094 22338 I art     : Explicit concurrent mark sweep GC freed 17371(804KB) AllocSpace objects, 0(0B) LOS objects, 28% free, 39MB/55MB, paused 1.230ms total 63.236ms
08-05 16:18:17.381 22094 22338 I art     : Starting a blocking GC Explicit
08-05 16:18:17.393   380   380 W SurfaceFlinger: couldn't log to binary event log: overflow.
08-05 16:18:17.436 22094 22338 I art     : Explicit concurrent mark sweep GC freed 212(9KB) AllocSpace objects, 0(0B) LOS objects, 28% free, 39MB/55MB, paused 441us total 54.864ms
08-05 16:18:17.455 22094 22338 I art     : Starting a blocking GC Explicit
08-05 16:18:17.514 22094 22338 I art     : Explicit concurrent mark sweep GC freed 35(1840B) AllocSpace objects, 0(0B) LOS objects, 28% free, 39MB/55MB, paused 809us total 58.480ms
08-05 16:18:17.536 22094 22338 I art     : Starting a blocking GC Explicit
08-05 16:18:17.579   512  2967 D audio_hw_primary: disable_audio_route: reset and update mixer path: low-latency-playback speaker
08-05 16:18:17.580   512  2967 D audio_hw_primary: disable_snd_device: snd_device(2: speaker)
08-05 16:18:17.588   512  2967 I soundtrigger: audio_extn_sound_trigger_update_device_status: device 0x2 of type 0 for Event 0
08-05 16:18:17.598 22094 22338 I art     : Explicit concurrent mark sweep GC freed 137(4KB) AllocSpace objects, 0(0B) LOS objects, 28% free, 39MB/55MB, paused 545us total 61.458ms
08-05 16:18:17.947 22094 22338 I art     : Starting a blocking GC Explicit
08-05 16:18:18.012 22094 22338 I art     : Explicit concurrent mark sweep GC freed 1358(82KB) AllocSpace objects, 1(20KB) LOS objects, 28% free, 39MB/55MB, paused 776us total 64.865ms
08-05 16:18:18.034 22094 22338 I art     : Starting a blocking GC Explicit
08-05 16:18:18.094 22094 22338 I art     : Explicit concurrent mark sweep GC freed 20(704B) AllocSpace objects, 0(0B) LOS objects, 28% free, 39MB/55MB, paused 464us total 59.862ms
08-05 16:18:18.115 22094 22338 I art     : Starting a blocking GC Explicit
08-05 16:18:18.178 22094 22338 I art     : Explicit concurrent mark sweep GC freed 49(1920B) AllocSpace objects, 0(0B) LOS objects, 28% free, 39MB/55MB, paused 593us total 63.098ms
08-05 16:18:18.199 22094 22338 I art     : Starting a blocking GC Explicit
08-05 16:18:18.262 22094 22338 I art     : Explicit concurrent mark sweep GC freed 3(96B) AllocSpace objects, 0(0B) LOS objects, 28% free, 39MB/55MB, paused 505us total 62.666ms
08-05 16:18:18.283 22094 22338 I art     : Starting a blocking GC Explicit
08-05 16:18:18.348 22094 22338 I art     : Explicit concurrent mark sweep GC freed 3(96B) AllocSpace objects, 0(0B) LOS objects, 28% free, 39MB/55MB, paused 533us total 64.608ms
08-05 16:18:18.703 22094 22122 I art     : Starting a blocking GC Explicit
08-05 16:18:18.793 22094 22122 I art     : Explicit concurrent mark sweep GC freed 1354(82KB) AllocSpace objects, 1(20KB) LOS objects, 28% free, 39MB/55MB, paused 602us total 89.675ms
08-05 16:18:18.818 22094 22122 I art     : Starting a blocking GC Explicit
08-05 16:18:18.887 22094 22122 I art     : Explicit concurrent mark sweep GC freed 20(704B) AllocSpace objects, 0(0B) LOS objects, 28% free, 39MB/55MB, paused 538us total 69.015ms
08-05 16:18:18.908 22094 22122 I art     : Starting a blocking GC Explicit
08-05 16:18:18.977 22094 22122 I art     : Explicit concurrent mark sweep GC freed 3(96B) AllocSpace objects, 0(0B) LOS objects, 28% free, 39MB/55MB, paused 525us total 68.624ms
08-05 16:18:18.999 22094 22122 I art     : Starting a blocking GC Explicit
08-05 16:18:19.070 22094 22122 I art     : Explicit concurrent mark sweep GC freed 3(96B) AllocSpace objects, 0(0B) LOS objects, 28% free, 39MB/55MB, paused 453us total 71.063ms
08-05 16:18:19.091 22094 22122 I art     : Starting a blocking GC Explicit
08-05 16:18:19.163 22094 22122 I art     : Explicit concurrent mark sweep GC freed 3(96B) AllocSpace objects, 0(0B) LOS objects, 28% free, 39MB/55MB, paused 543us total 71.571ms
08-05 16:18:19.538 22094 22105 I art     : Starting a blocking GC Explicit
08-05 16:18:19.628 22094 22105 I art     : Explicit concurrent mark sweep GC freed 1354(82KB) AllocSpace objects, 1(20KB) LOS objects, 28% free, 39MB/55MB, paused 748us total 90.188ms
08-05 16:18:19.653 22094 22105 I art     : Starting a blocking GC Explicit
08-05 16:18:19.724 22094 22105 I art     : Explicit concurrent mark sweep GC freed 20(704B) AllocSpace objects, 0(0B) LOS objects, 28% free, 39MB/55MB, paused 547us total 70.343ms
08-05 16:18:19.745 22094 22105 I art     : Starting a blocking GC Explicit
08-05 16:18:19.817 22094 22105 I art     : Explicit concurrent mark sweep GC freed 3(96B) AllocSpace objects, 0(0B) LOS objects, 28% free, 39MB/55MB, paused 509us total 71.288ms
08-05 16:18:19.838 22094 22105 I art     : Starting a blocking GC Explicit
08-05 16:18:19.910 22094 22105 I art     : Explicit concurrent mark sweep GC freed 3(96B) AllocSpace objects, 0(0B) LOS objects, 28% free, 39MB/55MB, paused 542us total 71.547ms
08-05 16:18:19.931 22094 22105 I art     : Starting a blocking GC Explicit
08-05 16:18:20.002 22094 22105 I art     : Explicit concurrent mark sweep GC freed 3(96B) AllocSpace objects, 0(0B) LOS objects, 28% free, 39MB/55MB, paused 537us total 69.966ms
08-05 16:18:20.362 22094 22106 I art     : Starting a blocking GC Explicit
08-05 16:18:20.451 22094 22106 I art     : Explicit concurrent mark sweep GC freed 1354(82KB) AllocSpace objects, 1(20KB) LOS objects, 28% free, 39MB/55MB, paused 578us total 87.991ms
08-05 16:18:20.476 22094 22106 I art     : Starting a blocking GC Explicit
08-05 16:18:20.551 22094 22106 I art     : Explicit concurrent mark sweep GC freed 20(704B) AllocSpace objects, 0(0B) LOS objects, 28% free, 39MB/55MB, paused 538us total 74.844ms
08-05 16:18:20.575 22094 22106 I art     : Starting a blocking GC Explicit
08-05 16:18:20.647 22094 22106 I art     : Explicit concurrent mark sweep GC freed 3(96B) AllocSpace objects, 0(0B) LOS objects, 28% free, 39MB/55MB, paused 529us total 71.742ms
08-05 16:18:20.668 22094 22106 I art     : Starting a blocking GC Explicit
08-05 16:18:20.737 22094 22106 I art     : Explicit concurrent mark sweep GC freed 3(96B) AllocSpace objects, 0(0B) LOS objects, 28% free, 39MB/55MB, paused 598us total 68.562ms
08-05 16:18:20.759 22094 22106 I art     : Starting a blocking GC Explicit
08-05 16:18:20.833 22094 22106 I art     : Explicit concurrent mark sweep GC freed 3(96B) AllocSpace objects, 0(0B) LOS objects, 28% free, 39MB/55MB, paused 528us total 73.914ms
08-05 16:18:21.215 22094 22405 I art     : Starting a blocking GC Explicit
08-05 16:18:21.286 22094 22405 I art     : Explicit concurrent mark sweep GC freed 1354(82KB) AllocSpace objects, 1(20KB) LOS objects, 28% free, 39MB/55MB, paused 521us total 70.431ms
08-05 16:18:21.306 22094 22405 I art     : Starting a blocking GC Explicit
08-05 16:18:21.370 22094 22405 I art     : Explicit concurrent mark sweep GC freed 20(704B) AllocSpace objects, 0(0B) LOS objects, 28% free, 39MB/55MB, paused 524us total 63.073ms
08-05 16:18:21.390 22094 22405 I art     : Starting a blocking GC Explicit
08-05 16:18:21.457 22094 22405 I art     : Explicit concurrent mark sweep GC freed 3(96B) AllocSpace objects, 0(0B) LOS objects, 28% free, 39MB/55MB, paused 631us total 66.773ms
08-05 16:18:21.478 22094 22405 I art     : Starting a blocking GC Explicit
08-05 16:18:21.545 22094 22405 I art     : Explicit concurrent mark sweep GC freed 3(96B) AllocSpace objects, 0(0B) LOS objects, 28% free, 39MB/55MB, paused 546us total 66.263ms
08-05 16:18:21.566 22094 22405 I art     : Starting a blocking GC Explicit
08-05 16:18:21.634 22094 22405 I art     : Explicit concurrent mark sweep GC freed 3(96B) AllocSpace objects, 0(0B) LOS objects, 28% free, 39MB/55MB, paused 554us total 67.462ms
08-05 16:18:21.813 25540 25540 D AndroidRuntime: >>>>>> START com.android.internal.os.RuntimeInit uid 2000 <<<<<<
08-05 16:18:21.819 25540 25540 D AndroidRuntime: CheckJNI is OFF
08-05 16:18:21.860 25540 25540 D ICU     : No timezone override file found: /data/misc/zoneinfo/current/icu/icu_tzdata.dat
08-05 16:18:21.901 25540 25540 I Radio-JNI: register_android_hardware_Radio DONE
08-05 16:18:21.931 25540 25540 D AndroidRuntime: Calling main entry com.android.commands.input.Input
08-05 16:18:21.933 25540 25540 I Input   : injectKeyEvent: KeyEvent { action=ACTION_DOWN, keyCode=KEYCODE_BACK, scanCode=0, metaState=0, flags=0x0, repeatCount=0, eventTime=807518345, downTime=807518345, deviceId=-1, source=0x101 }
08-05 16:18:21.938 25540 25540 I Input   : injectKeyEvent: KeyEvent { action=ACTION_UP, keyCode=KEYCODE_BACK, scanCode=0, metaState=0, flags=0x0, repeatCount=0, eventTime=807518345, downTime=807518345, deviceId=-1, source=0x101 }
08-05 16:18:21.944 25540 25540 D AndroidRuntime: Shutting down VM
08-05 16:18:21.992 13866 13866 I GoogleInputMethodServic: GoogleInputMethodService.onFinishInput():3138 
08-05 16:18:21.993 13866 13866 I GoogleInputMethodServic: GoogleInputMethodService.onStartInput():1808 
08-05 16:18:21.999 22094 22405 I art     : Starting a blocking GC Explicit
08-05 16:18:22.027 22094 25480 I RedditChangeDataIO: Writing tmp data file at '/data/user/0/baseline.org.quantumbadger.redreader/files/rr_change_data_tmp.dat'
08-05 16:18:22.028 22094 25480 I RedditChangeDataManager: Taking snapshot...
08-05 16:18:22.028 22094 25480 I RedditChangeDataManager: Writing to stream...
08-05 16:18:22.028 22094 25480 I RedditChangeDataManager: Wrote 6 entries for user ''
08-05 16:18:22.028 22094 25480 I RedditChangeDataManager: All entries written to stream.
08-05 16:18:22.028 22094 25480 I RedditChangeDataIO: Write successful. Atomically replacing data file...
08-05 16:18:22.029 22094 25480 I RedditChangeDataIO: Write complete.
08-05 16:18:22.029 22094 25480 I RedditChangeDataIO: 158 bytes written in 2 ms
08-05 16:18:22.064 22094 22405 I art     : Explicit concurrent mark sweep GC freed 1691(96KB) AllocSpace objects, 2(88KB) LOS objects, 28% free, 39MB/55MB, paused 526us total 64.539ms
08-05 16:18:22.083 22094 22405 I art     : Starting a blocking GC Explicit
08-05 16:18:22.139 22094 22405 I art     : Explicit concurrent mark sweep GC freed 45(1760B) AllocSpace objects, 0(0B) LOS objects, 28% free, 39MB/55MB, paused 442us total 56.001ms
08-05 16:18:22.160 22094 22405 I art     : Starting a blocking GC Explicit
08-05 16:18:22.234 22094 22405 I art     : Explicit concurrent mark sweep GC freed 3(96B) AllocSpace objects, 0(0B) LOS objects, 28% free, 39MB/55MB, paused 452us total 73.305ms
08-05 16:18:22.258 22094 22405 I art     : Starting a blocking GC Explicit
08-05 16:18:22.298   380   380 W SurfaceFlinger: couldn't log to binary event log: overflow.
08-05 16:18:22.324 22094 22405 I art     : Explicit concurrent mark sweep GC freed 35(1168B) AllocSpace objects, 0(0B) LOS objects, 28% free, 39MB/55MB, paused 465us total 64.802ms
08-05 16:18:22.344 22094 22405 I art     : Starting a blocking GC Explicit
08-05 16:18:22.405 22094 22405 I art     : Explicit concurrent mark sweep GC freed 23(992B) AllocSpace objects, 0(0B) LOS objects, 28% free, 39MB/55MB, paused 573us total 60.800ms
08-05 16:18:22.749 22094 22105 I art     : Starting a blocking GC Explicit
08-05 16:18:22.820 22094 22105 I art     : Explicit concurrent mark sweep GC freed 42732(2MB) AllocSpace objects, 6(160KB) LOS objects, 29% free, 37MB/53MB, paused 555us total 70.614ms
08-05 16:18:22.839 22094 22105 I art     : Starting a blocking GC Explicit
08-05 16:18:22.887 22094 22105 I art     : Explicit concurrent mark sweep GC freed 20(704B) AllocSpace objects, 0(0B) LOS objects, 29% free, 37MB/53MB, paused 555us total 47.830ms
08-05 16:18:22.906 22094 22105 I art     : Starting a blocking GC Explicit
08-05 16:18:22.954 22094 22105 I art     : Explicit concurrent mark sweep GC freed 3(96B) AllocSpace objects, 0(0B) LOS objects, 29% free, 37MB/53MB, paused 481us total 47.694ms
08-05 16:18:22.973 22094 22105 I art     : Starting a blocking GC Explicit
08-05 16:18:23.023 22094 22105 I art     : Explicit concurrent mark sweep GC freed 3(96B) AllocSpace objects, 0(0B) LOS objects, 29% free, 37MB/53MB, paused 496us total 49.718ms
08-05 16:18:23.042 22094 22105 I art     : Starting a blocking GC Explicit
08-05 16:18:23.092 22094 22105 I art     : Explicit concurrent mark sweep GC freed 3(96B) AllocSpace objects, 0(0B) LOS objects, 29% free, 37MB/53MB, paused 479us total 49.641ms
08-05 16:18:23.417 22094 22122 I art     : Starting a blocking GC Explicit
08-05 16:18:23.471 22094 22122 I art     : Explicit concurrent mark sweep GC freed 1354(82KB) AllocSpace objects, 1(20KB) LOS objects, 29% free, 37MB/53MB, paused 510us total 53.845ms
08-05 16:18:23.490 22094 22122 I art     : Starting a blocking GC Explicit
08-05 16:18:23.537 22094 22122 I art     : Explicit concurrent mark sweep GC freed 20(704B) AllocSpace objects, 0(0B) LOS objects, 29% free, 37MB/53MB, paused 501us total 47.009ms
08-05 16:18:23.556 22094 22122 I art     : Starting a blocking GC Explicit
08-05 16:18:23.607 22094 22122 I art     : Explicit concurrent mark sweep GC freed 3(96B) AllocSpace objects, 0(0B) LOS objects, 29% free, 37MB/53MB, paused 553us total 51.410ms
08-05 16:18:23.627 22094 22122 I art     : Starting a blocking GC Explicit
08-05 16:18:23.676 22094 22122 I art     : Explicit concurrent mark sweep GC freed 3(96B) AllocSpace objects, 0(0B) LOS objects, 29% free, 37MB/53MB, paused 510us total 49.240ms
08-05 16:18:23.695 22094 22122 I art     : Starting a blocking GC Explicit
08-05 16:18:23.745 22094 22122 I art     : Explicit concurrent mark sweep GC freed 3(96B) AllocSpace objects, 0(0B) LOS objects, 29% free, 37MB/53MB, paused 523us total 50.368ms
08-05 16:18:23.756 25573 25573 D AndroidRuntime: >>>>>> START com.android.internal.os.RuntimeInit uid 2000 <<<<<<
08-05 16:18:23.763 25573 25573 D AndroidRuntime: CheckJNI is OFF
08-05 16:18:23.806 25573 25573 D ICU     : No timezone override file found: /data/misc/zoneinfo/current/icu/icu_tzdata.dat
08-05 16:18:23.852 25573 25573 I Radio-JNI: register_android_hardware_Radio DONE
08-05 16:18:23.883 25573 25573 D AndroidRuntime: Calling main entry com.android.commands.input.Input
08-05 16:18:23.886 25573 25573 I Input   : injectKeyEvent: KeyEvent { action=ACTION_DOWN, keyCode=KEYCODE_BACK, scanCode=0, metaState=0, flags=0x0, repeatCount=0, eventTime=807520299, downTime=807520299, deviceId=-1, source=0x101 }
08-05 16:18:23.895 25573 25573 I Input   : injectKeyEvent: KeyEvent { action=ACTION_UP, keyCode=KEYCODE_BACK, scanCode=0, metaState=0, flags=0x0, repeatCount=0, eventTime=807520299, downTime=807520299, deviceId=-1, source=0x101 }
08-05 16:18:23.903 25573 25573 D AndroidRuntime: Shutting down VM
08-05 16:18:23.942 13866 13866 I GoogleInputMethodServic: GoogleInputMethodService.onFinishInput():3138 
08-05 16:18:23.944 13866 13866 I GoogleInputMethodServic: GoogleInputMethodService.onStartInput():1808 
08-05 16:18:24.070 22094 22105 I art     : Starting a blocking GC Explicit
08-05 16:18:24.132 22094 22105 I art     : Explicit concurrent mark sweep GC freed 1534(88KB) AllocSpace objects, 1(20KB) LOS objects, 29% free, 37MB/53MB, paused 495us total 61.531ms
08-05 16:18:24.155 22094 22105 I art     : Starting a blocking GC Explicit
08-05 16:18:24.213 22094 22105 I art     : Explicit concurrent mark sweep GC freed 24(864B) AllocSpace objects, 0(0B) LOS objects, 29% free, 37MB/53MB, paused 495us total 58.253ms
08-05 16:18:24.232 22094 22105 I art     : Starting a blocking GC Explicit
08-05 16:18:24.277 22094 22105 I art     : Explicit concurrent mark sweep GC freed 56(1952B) AllocSpace objects, 0(0B) LOS objects, 29% free, 37MB/53MB, paused 545us total 44.557ms
08-05 16:18:24.294 22094 22105 I art     : Starting a blocking GC Explicit
08-05 16:18:24.343 22094 22105 I art     : Explicit concurrent mark sweep GC freed 138(6KB) AllocSpace objects, 0(0B) LOS objects, 29% free, 37MB/53MB, paused 523us total 47.956ms
08-05 16:18:24.361 22094 22105 I art     : Starting a blocking GC Explicit
08-05 16:18:24.411 22094 22105 I art     : Explicit concurrent mark sweep GC freed 3(96B) AllocSpace objects, 0(0B) LOS objects, 29% free, 37MB/53MB, paused 563us total 49.413ms
08-05 16:18:24.764 22094 22122 I art     : Starting a blocking GC Explicit
08-05 16:18:24.830 22094 22122 I art     : Explicit concurrent mark sweep GC freed 1354(82KB) AllocSpace objects, 1(20KB) LOS objects, 29% free, 37MB/53MB, paused 637us total 65.642ms
08-05 16:18:24.849 22094 22122 I art     : Starting a blocking GC Explicit
08-05 16:18:24.899 22094 22122 I art     : Explicit concurrent mark sweep GC freed 20(704B) AllocSpace objects, 0(0B) LOS objects, 29% free, 37MB/53MB, paused 532us total 49.964ms
08-05 16:18:24.918 22094 22122 I art     : Starting a blocking GC Explicit
08-05 16:18:24.967 22094 22122 I art     : Explicit concurrent mark sweep GC freed 3(96B) AllocSpace objects, 0(0B) LOS objects, 29% free, 37MB/53MB, paused 543us total 48.550ms
08-05 16:18:24.986 22094 22122 I art     : Starting a blocking GC Explicit
08-05 16:18:25.035 22094 22122 I art     : Explicit concurrent mark sweep GC freed 3(96B) AllocSpace objects, 0(0B) LOS objects, 29% free, 37MB/53MB, paused 556us total 49.445ms
08-05 16:18:25.054 22094 22122 I art     : Starting a blocking GC Explicit
08-05 16:18:25.107 22094 22122 I art     : Explicit concurrent mark sweep GC freed 3(96B) AllocSpace objects, 0(0B) LOS objects, 29% free, 37MB/53MB, paused 576us total 52.074ms
08-05 16:18:25.440 22094 22338 I art     : Starting a blocking GC Explicit
08-05 16:18:25.501 22094 22338 I art     : Explicit concurrent mark sweep GC freed 1354(82KB) AllocSpace objects, 1(20KB) LOS objects, 29% free, 37MB/53MB, paused 765us total 60.854ms
08-05 16:18:25.521 22094 22338 I art     : Starting a blocking GC Explicit
08-05 16:18:25.575 22094 22338 I art     : Explicit concurrent mark sweep GC freed 20(704B) AllocSpace objects, 0(0B) LOS objects, 29% free, 37MB/53MB, paused 567us total 53.426ms
08-05 16:18:25.594 22094 22338 I art     : Starting a blocking GC Explicit
08-05 16:18:25.646 22094 22338 I art     : Explicit concurrent mark sweep GC freed 3(96B) AllocSpace objects, 0(0B) LOS objects, 29% free, 37MB/53MB, paused 570us total 51.674ms
08-05 16:18:25.665 22094 22338 I art     : Starting a blocking GC Explicit
08-05 16:18:25.692 25616 25616 D AndroidRuntime: >>>>>> START com.android.internal.os.RuntimeInit uid 2000 <<<<<<
08-05 16:18:25.698 25616 25616 D AndroidRuntime: CheckJNI is OFF
08-05 16:18:25.717 22094 22338 I art     : Explicit concurrent mark sweep GC freed 3(96B) AllocSpace objects, 0(0B) LOS objects, 29% free, 37MB/53MB, paused 511us total 51.472ms
08-05 16:18:25.735 22094 22338 I art     : Starting a blocking GC Explicit
08-05 16:18:25.745 25616 25616 D ICU     : No timezone override file found: /data/misc/zoneinfo/current/icu/icu_tzdata.dat
08-05 16:18:25.785 22094 22338 I art     : Explicit concurrent mark sweep GC freed 3(96B) AllocSpace objects, 0(0B) LOS objects, 29% free, 37MB/53MB, paused 602us total 50.124ms
08-05 16:18:25.790 25616 25616 I Radio-JNI: register_android_hardware_Radio DONE
08-05 16:18:25.821 25616 25616 D AndroidRuntime: Calling main entry com.android.commands.input.Input
08-05 16:18:25.824 25616 25616 I Input   : injectMotionEvent: MotionEvent { action=ACTION_DOWN, actionButton=0, id[0]=0, x[0]=600.0, y[0]=1733.0, toolType[0]=TOOL_TYPE_UNKNOWN, buttonState=0, metaState=0, flags=0x0, edgeFlags=0x0, pointerCount=1, historySize=0, eventTime=807522236, downTime=807522236, deviceId=0, source=0x1002 }
08-05 16:18:25.830 25616 25616 I Input   : injectMotionEvent: MotionEvent { action=ACTION_UP, actionButton=0, id[0]=0, x[0]=600.0, y[0]=1733.0, toolType[0]=TOOL_TYPE_UNKNOWN, buttonState=0, metaState=0, flags=0x0, edgeFlags=0x0, pointerCount=1, historySize=0, eventTime=807522236, downTime=807522236, deviceId=0, source=0x1002 }
08-05 16:18:25.831 25616 25616 D AndroidRuntime: Shutting down VM
08-05 16:18:25.835   918  5952 I ActivityManager: START u0 {dat=https://oauth.reddit.com/... cmp=baseline.org.quantumbadger.redreader/.activities.PostListingActivity} from uid 10689 on display 0
08-05 16:18:25.835   512  2967 D audio_hw_primary: out_set_parameters: enter: usecase(1: low-latency-playback) kvpairs: routing=2
08-05 16:18:25.848   512  2967 D audio_hw_primary: select_devices: out_snd_device(2: speaker) in_snd_device(0: none)
08-05 16:18:25.848   512  2967 D msm8974_platform: platform_send_audio_calibration: sending audio calibration for snd_device(2) acdb_id(15)
08-05 16:18:25.848   512  2967 I soundtrigger: audio_extn_sound_trigger_update_device_status: device 0x2 of type 0 for Event 1
08-05 16:18:25.858 22094 22094 I AppCompatViewInflater: app:theme is now deprecated. Please move to using android:theme instead.
08-05 16:18:25.861   512  2967 D audio_hw_primary: enable_snd_device: snd_device(2: speaker)
08-05 16:18:25.863   512  2967 D audio_hw_primary: enable_audio_route: apply and update mixer path: low-latency-playback speaker
08-05 16:18:25.880 22094 25640 D OK      : calling: https://oauth.reddit.com/r/aww/about.json
08-05 16:18:25.946   918   936 I ActivityManager: Displayed baseline.org.quantumbadger.redreader/.activities.PostListingActivity: +102ms
08-05 16:18:25.947 13866 13866 I GoogleInputMethodServic: GoogleInputMethodService.onFinishInput():3138 
08-05 16:18:25.947 13866 13866 I GoogleInputMethodServic: GoogleInputMethodService.onStartInput():1808 
08-05 16:18:26.099 22094 22105 I art     : Starting a blocking GC Explicit
08-05 16:18:26.166 22094 22105 I art     : Explicit concurrent mark sweep GC freed 4958(264KB) AllocSpace objects, 1(20KB) LOS objects, 29% free, 37MB/53MB, paused 582us total 65.874ms
08-05 16:18:26.189 22094 22105 I art     : Starting a blocking GC Explicit
08-05 16:18:26.203   380   380 W SurfaceFlinger: couldn't log to binary event log: overflow.
08-05 16:18:26.218 22094 25640 I NAPPA_EXPERIMENTATION: MetricNetworkRequestExecutionTime: REQUEST_DURATION_SYSTEM='338',REQUEST_DURATION_OKHTTP='157',REQUEST_SYNCHRONOUS='TRUE',RESPONSE_CODE='200',RESPONSE_METHOD='GET',RESPONSE_LENGTH_OKHTTP='-1',RESPONSE_LENGTH_HEADER='3478',REQUEST_PROTOCOL='h2',REQUEST_URL='https://oauth.reddit.com/r/aww/about.json',
08-05 16:18:26.218 22094 25640 D OK      : request got status: 200
08-05 16:18:26.244 22094 22105 I art     : Explicit concurrent mark sweep GC freed 1228(171KB) AllocSpace objects, 1(68KB) LOS objects, 29% free, 37MB/53MB, paused 634us total 54.063ms
08-05 16:18:26.262 22094 22105 I art     : Starting a blocking GC Explicit
08-05 16:18:26.306 22094 22105 I art     : Explicit concurrent mark sweep GC freed 764(51KB) AllocSpace objects, 1(68KB) LOS objects, 29% free, 37MB/53MB, paused 494us total 43.721ms
08-05 16:18:26.306 22094 22104 I art     : WaitForGcToComplete blocked for 20.157ms for cause HeapTrim
08-05 16:18:26.323 22094 22105 I art     : Starting a blocking GC Explicit
08-05 16:18:26.373 22094 22105 I art     : Explicit concurrent mark sweep GC freed 207(10KB) AllocSpace objects, 0(0B) LOS objects, 29% free, 37MB/53MB, paused 627us total 49.201ms
08-05 16:18:26.392 22094 22105 I art     : Starting a blocking GC Explicit
08-05 16:18:26.408   512  2967 D audio_hw_primary: disable_audio_route: reset and update mixer path: low-latency-playback speaker
08-05 16:18:26.409   512  2967 D audio_hw_primary: disable_snd_device: snd_device(2: speaker)
08-05 16:18:26.417   512  2967 I soundtrigger: audio_extn_sound_trigger_update_device_status: device 0x2 of type 0 for Event 0
08-05 16:18:26.437 22094 22105 I art     : Explicit concurrent mark sweep GC freed 7(256B) AllocSpace objects, 0(0B) LOS objects, 29% free, 37MB/53MB, paused 721us total 45.064ms
08-05 16:18:26.776 22094 22405 I art     : Starting a blocking GC Explicit
08-05 16:18:26.828 22094 22405 I art     : Explicit concurrent mark sweep GC freed 1413(85KB) AllocSpace objects, 1(20KB) LOS objects, 29% free, 37MB/53MB, paused 655us total 51.869ms
08-05 16:18:26.848 22094 22405 I art     : Starting a blocking GC Explicit
08-05 16:18:26.896 22094 22405 I art     : Explicit concurrent mark sweep GC freed 20(704B) AllocSpace objects, 0(0B) LOS objects, 29% free, 37MB/53MB, paused 603us total 48.630ms
08-05 16:18:26.915 22094 22405 I art     : Starting a blocking GC Explicit
08-05 16:18:26.963 22094 22405 I art     : Explicit concurrent mark sweep GC freed 3(96B) AllocSpace objects, 0(0B) LOS objects, 29% free, 37MB/53MB, paused 505us total 47.886ms
08-05 16:18:26.982 22094 22405 I art     : Starting a blocking GC Explicit
08-05 16:18:27.031 22094 22405 I art     : Explicit concurrent mark sweep GC freed 3(96B) AllocSpace objects, 0(0B) LOS objects, 29% free, 37MB/53MB, paused 559us total 48.286ms
08-05 16:18:27.049 22094 22405 I art     : Starting a blocking GC Explicit
08-05 16:18:27.081 22094 25666 D OK      : calling: https://oauth.reddit.com/r/aww/hot/.json
08-05 16:18:27.098 22094 22405 I art     : Explicit concurrent mark sweep GC freed 94(3KB) AllocSpace objects, 0(0B) LOS objects, 29% free, 37MB/53MB, paused 658us total 48.550ms
08-05 16:18:27.323 22094 25666 I NAPPA_EXPERIMENTATION: MetricNetworkRequestExecutionTime: REQUEST_DURATION_SYSTEM='242',REQUEST_DURATION_OKHTTP='236',REQUEST_SYNCHRONOUS='TRUE',RESPONSE_CODE='200',RESPONSE_METHOD='GET',RESPONSE_LENGTH_OKHTTP='-1',RESPONSE_LENGTH_HEADER='33430',REQUEST_PROTOCOL='h2',REQUEST_URL='https://oauth.reddit.com/r/aww/hot/.json',
08-05 16:18:27.323 22094 25666 D OK      : request got status: 200
08-05 16:18:27.345 22094 25012 I PostListingFragment: Precaching images: OFF
08-05 16:18:27.346 22094 25012 I PostListingFragment: Precaching comments: OFF
08-05 16:18:27.367 22094 25012 I getImgurImageInfo: Image NSO7Npm: trying API v3 with auth
08-05 16:18:27.385 22094 24623 I RedditVideosAPI: For 'https://v.redd.it/fkewv2f65kd51/DASHPlaylist.mpd', got video stream 'https://v.redd.it/fkewv2f65kd51/DASH_480' and audio stream 'https://v.redd.it/fkewv2f65kd51/audio'
08-05 16:18:27.455 22094 22122 I art     : Starting a blocking GC Explicit
08-05 16:18:27.516 22094 22122 I art     : Explicit concurrent mark sweep GC freed 25091(1750KB) AllocSpace objects, 64(3MB) LOS objects, 26% free, 43MB/59MB, paused 898us total 59.929ms
08-05 16:18:27.534 22094 22122 I art     : Starting a blocking GC Explicit
08-05 16:18:27.537 22094 24623 I RedditVideosAPI: For 'https://v.redd.it/ar5k8892pid51/DASHPlaylist.mpd', got video stream 'https://v.redd.it/ar5k8892pid51/DASH_360' and audio stream 'https://v.redd.it/ar5k8892pid51/audio'
08-05 16:18:27.546 22094 25678 I RedditVideosAPI: For 'https://v.redd.it/ak6rer1hskd51/DASHPlaylist.mpd', got video stream 'https://v.redd.it/ak6rer1hskd51/DASH_360' and audio stream 'null'
08-05 16:18:27.548 22094 24623 I RedditVideosAPI: For 'https://v.redd.it/h49fg58ygjd51/DASHPlaylist.mpd', got video stream 'https://v.redd.it/h49fg58ygjd51/DASH_480' and audio stream 'null'
08-05 16:18:27.550 22094 24623 I RedditVideosAPI: For 'https://v.redd.it/1ewzkieg0jd51/DASHPlaylist.mpd', got video stream 'https://v.redd.it/1ewzkieg0jd51/DASH_480' and audio stream 'https://v.redd.it/1ewzkieg0jd51/audio'
08-05 16:18:27.551 22094 24623 I RedditVideosAPI: For 'https://v.redd.it/s9qqadf3mid51/DASHPlaylist.mpd', got video stream 'https://v.redd.it/s9qqadf3mid51/DASH_480' and audio stream 'https://v.redd.it/s9qqadf3mid51/audio'
08-05 16:18:27.551 22094 25678 I RedditVideosAPI: For 'https://v.redd.it/ppmhu2r9thd51/DASHPlaylist.mpd', got video stream 'https://v.redd.it/ppmhu2r9thd51/DASH_480' and audio stream 'null'
08-05 16:18:27.552 22094 25678 I RedditVideosAPI: For 'https://v.redd.it/ty24o02m1hd51/DASHPlaylist.mpd', got video stream 'https://v.redd.it/ty24o02m1hd51/DASH_480' and audio stream 'null'
08-05 16:18:27.552 22094 24623 I RedditVideosAPI: For 'https://v.redd.it/b8vazlcb7ld51/DASHPlaylist.mpd', got video stream 'https://v.redd.it/b8vazlcb7ld51/DASH_480' and audio stream 'https://v.redd.it/b8vazlcb7ld51/audio'
08-05 16:18:27.585 22094 22122 I art     : Explicit concurrent mark sweep GC freed 26208(1849KB) AllocSpace objects, 32(2036KB) LOS objects, 27% free, 43MB/59MB, paused 927us total 50.488ms
08-05 16:18:27.594 22094 22094 W RecyclerView: Cannot call this method in a scroll callback. Scroll callbacks mightbe run during a measure & layout pass where you cannot change theRecyclerView data. Any method call that might change the structureof the RecyclerView or the adapter contents should be postponed tothe next frame.
08-05 16:18:27.594 22094 22094 W RecyclerView: java.lang.IllegalStateException:  androidx.recyclerview.widget.RecyclerView{8bc89e9 VFED..... .F....ID 0,0-1440,2140 #7f0900ef app:id/scrollbar_recyclerview_recyclerview}, adapter:baseline.org.quantumbadger.redreader.adapters.GroupedRecyclerViewAdapter@d81e66e, layout:androidx.recyclerview.widget.LinearLayoutManager@b98d10f, context:baseline.org.quantumbadger.redreader.activities.PostListingActivity@4eda34a
08-05 16:18:27.594 22094 22094 W RecyclerView: 	at androidx.recyclerview.widget.RecyclerView.assertNotInLayoutOrScroll(RecyclerView.java:3061)
08-05 16:18:27.594 22094 22094 W RecyclerView: 	at androidx.recyclerview.widget.RecyclerView$RecyclerViewDataObserver.onItemRangeInserted(RecyclerView.java:5555)
08-05 16:18:27.594 22094 22094 W RecyclerView: 	at androidx.recyclerview.widget.RecyclerView$AdapterDataObservable.notifyItemRangeInserted(RecyclerView.java:12278)
08-05 16:18:27.594 22094 22094 W RecyclerView: 	at androidx.recyclerview.widget.RecyclerView$Adapter.notifyItemInserted(RecyclerView.java:7464)
08-05 16:18:27.594 22094 22094 W RecyclerView: 	at baseline.org.quantumbadger.redreader.adapters.GroupedRecyclerViewAdapter.updateHiddenStatus(GroupedRecyclerViewAdapter.java:279)
08-05 16:18:27.594 22094 22094 W RecyclerView: 	at baseline.org.quantumbadger.redreader.adapters.RedditListingManager.setLoadingVisible(RedditListingManager.java:125)
08-05 16:18:27.594 22094 22094 W RecyclerView: 	at baseline.org.quantumbadger.redreader.fragments.PostListingFragment.onLoadMoreItemsCheck(PostListingFragment.java:465)
08-05 16:18:27.594 22094 22094 W RecyclerView: 	at baseline.org.quantumbadger.redreader.fragments.PostListingFragment.access$000(PostListingFragment.java:98)
08-05 16:18:27.594 22094 22094 W RecyclerView: 	at baseline.org.quantumbadger.redreader.fragments.PostListingFragment$2.onScrolled(PostListingFragment.java:215)
08-05 16:18:27.594 22094 22094 W RecyclerView: 	at androidx.recyclerview.widget.RecyclerView.dispatchOnScrolled(RecyclerView.java:5173)
08-05 16:18:27.594 22094 22094 W RecyclerView: 	at androidx.recyclerview.widget.RecyclerView.dispatchLayoutStep3(RecyclerView.java:4231)
08-05 16:18:27.594 22094 22094 W RecyclerView: 	at androidx.recyclerview.widget.RecyclerView.dispatchLayout(RecyclerView.java:3862)
08-05 16:18:27.594 22094 22094 W RecyclerView: 	at androidx.recyclerview.widget.RecyclerView.consumePendingUpdateOperations(RecyclerView.java:1897)
08-05 16:18:27.594 22094 22094 W RecyclerView: 	at androidx.recyclerview.widget.RecyclerView$1.run(RecyclerView.java:414)
08-05 16:18:27.594 22094 22094 W RecyclerView: 	at android.view.Choreographer$CallbackRecord.run(Choreographer.java:858)
08-05 16:18:27.594 22094 22094 W RecyclerView: 	at android.view.Choreographer.doCallbacks(Choreographer.java:670)
08-05 16:18:27.594 22094 22094 W RecyclerView: 	at android.view.Choreographer.doFrame(Choreographer.java:603)
08-05 16:18:27.594 22094 22094 W RecyclerView: 	at android.view.Choreographer$FrameDisplayEventReceiver.run(Choreographer.java:844)
08-05 16:18:27.594 22094 22094 W RecyclerView: 	at android.os.Handler.handleCallback(Handler.java:739)
08-05 16:18:27.594 22094 22094 W RecyclerView: 	at android.os.Handler.dispatchMessage(Handler.java:95)
08-05 16:18:27.594 22094 22094 W RecyclerView: 	at android.os.Looper.loop(Looper.java:148)
08-05 16:18:27.594 22094 22094 W RecyclerView: 	at android.app.ActivityThread.main(ActivityThread.java:5417)
08-05 16:18:27.594 22094 22094 W RecyclerView: 	at java.lang.reflect.Method.invoke(Native Method)
08-05 16:18:27.594 22094 22094 W RecyclerView: 	at com.android.internal.os.ZygoteInit$MethodAndArgsCaller.run(ZygoteInit.java:726)
08-05 16:18:27.594 22094 22094 W RecyclerView: 	at com.android.internal.os.ZygoteInit.main(ZygoteInit.java:616)
08-05 16:18:27.603 22094 22122 I art     : Starting a blocking GC Explicit
08-05 16:18:27.650 22094 22122 I art     : Explicit concurrent mark sweep GC freed 983(110KB) AllocSpace objects, 1(80KB) LOS objects, 27% free, 43MB/59MB, paused 619us total 47.169ms
08-05 16:18:27.669 22094 22122 I art     : Starting a blocking GC Explicit
08-05 16:18:27.719 22094 22122 I art     : Explicit concurrent mark sweep GC freed 120(5KB) AllocSpace objects, 0(0B) LOS objects, 27% free, 43MB/59MB, paused 599us total 49.873ms
08-05 16:18:27.738 22094 22122 I art     : Starting a blocking GC Explicit
08-05 16:18:27.789 22094 22122 I art     : Explicit concurrent mark sweep GC freed 153(8KB) AllocSpace objects, 0(0B) LOS objects, 27% free, 43MB/59MB, paused 774us total 50.396ms
08-05 16:18:27.983   918  3188 I hubconnection: sensorhub said: 'set_bias 3: -6.2400, 0.0000, 0.0000'
08-05 16:18:28.140 22094 22106 I art     : Starting a blocking GC Explicit
08-05 16:18:28.218 22094 22106 I art     : Explicit concurrent mark sweep GC freed 1598(93KB) AllocSpace objects, 1(20KB) LOS objects, 27% free, 43MB/59MB, paused 606us total 77.552ms
08-05 16:18:28.244 22094 22106 I art     : Starting a blocking GC Explicit
08-05 16:18:28.282 22094 25690 D OK      : calling: https://oauth.reddit.com/r/aww/hot/.json?after=t3_hz5odc
08-05 16:18:28.303 22094 22106 I art     : Explicit concurrent mark sweep GC freed 165(7KB) AllocSpace objects, 0(0B) LOS objects, 27% free, 43MB/59MB, paused 691us total 59.175ms
08-05 16:18:28.323 22094 22106 I art     : Starting a blocking GC Explicit
08-05 16:18:28.381 22094 22106 I art     : Explicit concurrent mark sweep GC freed 10(384B) AllocSpace objects, 0(0B) LOS objects, 27% free, 43MB/59MB, paused 685us total 57.410ms
08-05 16:18:28.400 22094 22106 I art     : Starting a blocking GC Explicit
08-05 16:18:28.416   918  3261 D WifiStateMachine: starting scan for "H369AA63323"WPA_PSK with 2412,5180
08-05 16:18:28.459 22094 22106 I art     : Explicit concurrent mark sweep GC freed 3(96B) AllocSpace objects, 0(0B) LOS objects, 27% free, 43MB/59MB, paused 716us total 57.984ms
08-05 16:18:28.478 22094 22106 I art     : Starting a blocking GC Explicit
08-05 16:18:28.535 22094 22106 I art     : Explicit concurrent mark sweep GC freed 3(96B) AllocSpace objects, 0(0B) LOS objects, 27% free, 43MB/59MB, paused 680us total 56.633ms
08-05 16:18:28.555 22094 25690 I NAPPA_EXPERIMENTATION: MetricNetworkRequestExecutionTime: REQUEST_DURATION_SYSTEM='272',REQUEST_DURATION_OKHTTP='266',REQUEST_SYNCHRONOUS='TRUE',RESPONSE_CODE='200',RESPONSE_METHOD='GET',RESPONSE_LENGTH_OKHTTP='-1',RESPONSE_LENGTH_HEADER='30610',REQUEST_PROTOCOL='h2',REQUEST_URL='https://oauth.reddit.com/r/aww/hot/.json?after=t3_hz5odc',
08-05 16:18:28.555 22094 25690 D OK      : request got status: 200
08-05 16:18:28.565 22094 25012 I PostListingFragment: Precaching images: OFF
08-05 16:18:28.565 22094 25012 I PostListingFragment: Precaching comments: OFF
08-05 16:18:28.591 22094 25678 I RedditVideosAPI: For 'https://v.redd.it/syww111dtjd51/DASHPlaylist.mpd', got video stream 'https://v.redd.it/syww111dtjd51/DASH_480' and audio stream 'https://v.redd.it/syww111dtjd51/audio'
08-05 16:18:28.657 22094 25012 I getImgurImageInfo: Image nLQR2hT: trying API v3 with auth
08-05 16:18:28.738 22094 25691 I RedditVideosAPI: For 'https://v.redd.it/ue0jdgk9zhd51/DASHPlaylist.mpd', got video stream 'https://v.redd.it/ue0jdgk9zhd51/DASH_360' and audio stream 'https://v.redd.it/ue0jdgk9zhd51/audio'
08-05 16:18:28.748 22094 25678 I RedditVideosAPI: For 'https://v.redd.it/pbqrrfb3tkd51/DASHPlaylist.mpd', got video stream 'https://v.redd.it/pbqrrfb3tkd51/DASH_480' and audio stream 'null'
08-05 16:18:28.749 22094 25678 I RedditVideosAPI: For 'https://v.redd.it/rrygsb8i4ld51/DASHPlaylist.mpd', got video stream 'https://v.redd.it/rrygsb8i4ld51/DASH_480' and audio stream 'https://v.redd.it/rrygsb8i4ld51/audio'
08-05 16:18:28.749 22094 25678 I RedditVideosAPI: For 'https://v.redd.it/5x6zzipz8ld51/DASHPlaylist.mpd', got video stream 'https://v.redd.it/5x6zzipz8ld51/DASH_480' and audio stream 'null'
08-05 16:18:28.750 22094 25678 I RedditVideosAPI: For 'https://v.redd.it/75en73fm5id51/DASHPlaylist.mpd', got video stream 'https://v.redd.it/75en73fm5id51/DASH_480' and audio stream 'https://v.redd.it/75en73fm5id51/audio'
08-05 16:18:28.753 22094 25691 I RedditVideosAPI: For 'https://v.redd.it/ggz4fyth6hd51/DASHPlaylist.mpd', got video stream 'https://v.redd.it/ggz4fyth6hd51/DASH_360' and audio stream 'null'
08-05 16:18:28.754 22094 25678 I RedditVideosAPI: For 'https://v.redd.it/psrknoobrgd51/DASHPlaylist.mpd', got video stream 'https://v.redd.it/psrknoobrgd51/DASH_480' and audio stream 'null'
08-05 16:18:28.754 22094 25691 I RedditVideosAPI: For 'https://v.redd.it/jk6cwef4wld51/DASHPlaylist.mpd', got video stream 'https://v.redd.it/jk6cwef4wld51/DASH_480' and audio stream 'null'
08-05 16:18:28.754 22094 25678 I RedditVideosAPI: For 'https://v.redd.it/t81s8zfz9ld51/DASHPlaylist.mpd', got video stream 'https://v.redd.it/t81s8zfz9ld51/DASH_480' and audio stream 'https://v.redd.it/t81s8zfz9ld51/audio'
08-05 16:18:28.755 22094 25691 I RedditVideosAPI: For 'https://v.redd.it/xd6c4yyutgd51/DASHPlaylist.mpd', got video stream 'https://v.redd.it/xd6c4yyutgd51/DASH_480' and audio stream 'null'
08-05 16:18:28.865 22094 22122 I art     : Starting a blocking GC Explicit
08-05 16:18:28.945 22094 22122 I art     : Explicit concurrent mark sweep GC freed 43694(3MB) AllocSpace objects, 98(5MB) LOS objects, 24% free, 48MB/64MB, paused 686us total 79.073ms
08-05 16:18:28.968 22094 22122 I art     : Starting a blocking GC Explicit
08-05 16:18:29.027 22094 22122 I art     : Explicit concurrent mark sweep GC freed 2444(102KB) AllocSpace objects, 0(0B) LOS objects, 24% free, 48MB/64MB, paused 576us total 58.741ms
08-05 16:18:29.047 22094 22122 I art     : Starting a blocking GC Explicit
08-05 16:18:29.107 22094 22122 I art     : Explicit concurrent mark sweep GC freed 10(336B) AllocSpace objects, 0(0B) LOS objects, 24% free, 48MB/64MB, paused 695us total 60.343ms
08-05 16:18:29.130 22094 22122 I art     : Starting a blocking GC Explicit
08-05 16:18:29.189 22094 22122 I art     : Explicit concurrent mark sweep GC freed 3(96B) AllocSpace objects, 0(0B) LOS objects, 24% free, 48MB/64MB, paused 575us total 58.533ms
08-05 16:18:29.209 22094 22122 I art     : Starting a blocking GC Explicit
08-05 16:18:29.268 22094 22122 I art     : Explicit concurrent mark sweep GC freed 3(96B) AllocSpace objects, 0(0B) LOS objects, 24% free, 48MB/64MB, paused 717us total 58.103ms
08-05 16:18:29.672 22094 22405 I art     : Starting a blocking GC Explicit
08-05 16:18:29.745 22094 22405 I art     : Explicit concurrent mark sweep GC freed 1356(83KB) AllocSpace objects, 1(20KB) LOS objects, 24% free, 48MB/64MB, paused 697us total 72.093ms
08-05 16:18:29.767 22094 22405 I art     : Starting a blocking GC Explicit
08-05 16:18:29.827 22094 22405 I art     : Explicit concurrent mark sweep GC freed 20(704B) AllocSpace objects, 0(0B) LOS objects, 24% free, 48MB/64MB, paused 576us total 59.818ms
08-05 16:18:29.846 22094 22405 I art     : Starting a blocking GC Explicit
08-05 16:18:29.906 22094 22405 I art     : Explicit concurrent mark sweep GC freed 3(96B) AllocSpace objects, 0(0B) LOS objects, 24% free, 48MB/64MB, paused 628us total 59.566ms
08-05 16:18:29.926 22094 22405 I art     : Starting a blocking GC Explicit
08-05 16:18:29.985 22094 22405 I art     : Explicit concurrent mark sweep GC freed 3(96B) AllocSpace objects, 0(0B) LOS objects, 24% free, 48MB/64MB, paused 677us total 59.222ms
08-05 16:18:30.009 22094 22405 I art     : Starting a blocking GC Explicit
08-05 16:18:30.071 22094 22405 I art     : Explicit concurrent mark sweep GC freed 3(96B) AllocSpace objects, 0(0B) LOS objects, 24% free, 48MB/64MB, paused 700us total 61.986ms
08-05 16:18:30.360 22144 22144 I ServiceManager: Waiting for service AtCmdFwd...
08-05 16:18:30.469 22094 22105 I art     : Starting a blocking GC Explicit
08-05 16:18:30.540 22094 22105 I art     : Explicit concurrent mark sweep GC freed 1357(83KB) AllocSpace objects, 1(20KB) LOS objects, 24% free, 48MB/64MB, paused 585us total 69.984ms
08-05 16:18:30.560 22094 22105 I art     : Starting a blocking GC Explicit
08-05 16:18:30.618 22094 22105 I art     : Explicit concurrent mark sweep GC freed 20(704B) AllocSpace objects, 0(0B) LOS objects, 24% free, 48MB/64MB, paused 669us total 58.025ms
08-05 16:18:30.638 22094 22105 I art     : Starting a blocking GC Explicit
08-05 16:18:30.700 22094 22105 I art     : Explicit concurrent mark sweep GC freed 3(96B) AllocSpace objects, 0(0B) LOS objects, 24% free, 48MB/64MB, paused 652us total 61.016ms
08-05 16:18:30.722 22094 22105 I art     : Starting a blocking GC Explicit
08-05 16:18:30.781 22094 22105 I art     : Explicit concurrent mark sweep GC freed 3(96B) AllocSpace objects, 0(0B) LOS objects, 24% free, 48MB/64MB, paused 599us total 58.415ms
08-05 16:18:30.801 22094 22105 I art     : Starting a blocking GC Explicit
08-05 16:18:30.858 22094 22105 I art     : Explicit concurrent mark sweep GC freed 3(96B) AllocSpace objects, 0(0B) LOS objects, 24% free, 48MB/64MB, paused 644us total 57.105ms
08-05 16:18:31.230 22094 22338 I art     : Starting a blocking GC Explicit
08-05 16:18:31.292 22094 22338 I art     : Explicit concurrent mark sweep GC freed 1355(83KB) AllocSpace objects, 1(20KB) LOS objects, 24% free, 48MB/64MB, paused 645us total 60.938ms
08-05 16:18:31.311 22094 22338 I art     : Starting a blocking GC Explicit
08-05 16:18:31.361 22144 22144 I ServiceManager: Waiting for service AtCmdFwd...
08-05 16:18:31.367 22094 22338 I art     : Explicit concurrent mark sweep GC freed 20(704B) AllocSpace objects, 0(0B) LOS objects, 24% free, 48MB/64MB, paused 595us total 55.188ms
08-05 16:18:31.386 22094 22338 I art     : Starting a blocking GC Explicit
08-05 16:18:31.442 22094 22338 I art     : Explicit concurrent mark sweep GC freed 3(96B) AllocSpace objects, 0(0B) LOS objects, 24% free, 48MB/64MB, paused 596us total 55.184ms
08-05 16:18:31.442 22094 22104 I art     : WaitForGcToComplete blocked for 55.511ms for cause HeapTrim
08-05 16:18:31.461 22094 22338 I art     : Starting a blocking GC Explicit
08-05 16:18:31.516 22094 22338 I art     : Explicit concurrent mark sweep GC freed 3(96B) AllocSpace objects, 0(0B) LOS objects, 24% free, 48MB/64MB, paused 620us total 53.807ms
08-05 16:18:31.535 22094 22338 I art     : Starting a blocking GC Explicit
08-05 16:18:31.591 22094 22338 I art     : Explicit concurrent mark sweep GC freed 3(96B) AllocSpace objects, 0(0B) LOS objects, 24% free, 48MB/64MB, paused 624us total 55.940ms
08-05 16:18:31.641 25727 25727 D AndroidRuntime: >>>>>> START com.android.internal.os.RuntimeInit uid 2000 <<<<<<
08-05 16:18:31.647 25727 25727 D AndroidRuntime: CheckJNI is OFF
08-05 16:18:31.693 25727 25727 D ICU     : No timezone override file found: /data/misc/zoneinfo/current/icu/icu_tzdata.dat
08-05 16:18:31.742 25727 25727 I Radio-JNI: register_android_hardware_Radio DONE
08-05 16:18:31.772 25727 25727 D AndroidRuntime: Calling main entry com.android.commands.input.Input
08-05 16:18:31.774 25727 25727 I Input   : injectMotionEvent: MotionEvent { action=ACTION_DOWN, actionButton=0, id[0]=0, x[0]=1340.0, y[0]=1100.0, toolType[0]=TOOL_TYPE_UNKNOWN, buttonState=0, metaState=0, flags=0x0, edgeFlags=0x0, pointerCount=1, historySize=0, eventTime=807528187, downTime=807528187, deviceId=0, source=0x1002 }
08-05 16:18:31.780 25727 25727 I Input   : injectMotionEvent: MotionEvent { action=ACTION_UP, actionButton=0, id[0]=0, x[0]=1340.0, y[0]=1100.0, toolType[0]=TOOL_TYPE_UNKNOWN, buttonState=0, metaState=0, flags=0x0, edgeFlags=0x0, pointerCount=1, historySize=0, eventTime=807528187, downTime=807528187, deviceId=0, source=0x1002 }
08-05 16:18:31.782 25727 25727 D AndroidRuntime: Shutting down VM
08-05 16:18:31.798   512  2967 D audio_hw_primary: out_set_parameters: enter: usecase(1: low-latency-playback) kvpairs: routing=2
08-05 16:18:31.802   918  4413 I ActivityManager: START u0 {dat=https://oauth.reddit.com/... cmp=baseline.org.quantumbadger.redreader/.activities.CommentListingActivity} from uid 10689 on display 0
08-05 16:18:31.812   512  2967 D audio_hw_primary: select_devices: out_snd_device(2: speaker) in_snd_device(0: none)
08-05 16:18:31.812   512  2967 D msm8974_platform: platform_send_audio_calibration: sending audio calibration for snd_device(2) acdb_id(15)
08-05 16:18:31.812   512  2967 I soundtrigger: audio_extn_sound_trigger_update_device_status: device 0x2 of type 0 for Event 1
08-05 16:18:31.822   512  2967 D audio_hw_primary: enable_snd_device: snd_device(2: speaker)
08-05 16:18:31.824   512  2967 D audio_hw_primary: enable_audio_route: apply and update mixer path: low-latency-playback speaker
08-05 16:18:31.826 22094 22094 I AppCompatViewInflater: app:theme is now deprecated. Please move to using android:theme instead.
08-05 16:18:31.845 22094 25012 I CommentListingActivity: COMMENTS session changed to 0f6ea3f8-c3ea-428a-8609-aa77f4459ee4
08-05 16:18:31.950   918   936 I ActivityManager: Displayed baseline.org.quantumbadger.redreader/.activities.CommentListingActivity: +139ms
08-05 16:18:31.950 22094 22122 I art     : Starting a blocking GC Explicit
08-05 16:18:31.952 13866 13866 I GoogleInputMethodServic: GoogleInputMethodService.onFinishInput():3138 
08-05 16:18:31.953 13866 13866 I GoogleInputMethodServic: GoogleInputMethodService.onStartInput():1808 
08-05 16:18:32.036 22094 22122 I art     : Explicit concurrent mark sweep GC freed 27044(1523KB) AllocSpace objects, 1(20KB) LOS objects, 24% free, 50MB/66MB, paused 787us total 85.622ms
08-05 16:18:32.057 22094 22122 I art     : Starting a blocking GC Explicit
08-05 16:18:32.122 22094 22122 I art     : Explicit concurrent mark sweep GC freed 24889(1333KB) AllocSpace objects, 53(10MB) LOS objects, 28% free, 39MB/55MB, paused 636us total 64.564ms
08-05 16:18:32.143 22094 22122 I art     : Starting a blocking GC Explicit
08-05 16:18:32.192   380   380 W SurfaceFlinger: couldn't log to binary event log: overflow.
08-05 16:18:32.209 22094 22122 I art     : Explicit concurrent mark sweep GC freed 84(3KB) AllocSpace objects, 0(0B) LOS objects, 28% free, 39MB/55MB, paused 517us total 65.515ms
08-05 16:18:32.229 22094 22122 I art     : Starting a blocking GC Explicit
08-05 16:18:32.286 22094 22122 I art     : Explicit concurrent mark sweep GC freed 3(96B) AllocSpace objects, 0(0B) LOS objects, 28% free, 39MB/55MB, paused 485us total 56.968ms
08-05 16:18:32.306 22094 22122 I art     : Starting a blocking GC Explicit
08-05 16:18:32.359   512  2967 D audio_hw_primary: disable_audio_route: reset and update mixer path: low-latency-playback speaker
08-05 16:18:32.360   512  2967 D audio_hw_primary: disable_snd_device: snd_device(2: speaker)
08-05 16:18:32.362 22144 22144 I ServiceManager: Waiting for service AtCmdFwd...
08-05 16:18:32.364 22094 25677 I RedditChangeDataIO: Writing tmp data file at '/data/user/0/baseline.org.quantumbadger.redreader/files/rr_change_data_tmp.dat'
08-05 16:18:32.365 22094 25677 I RedditChangeDataManager: Taking snapshot...
08-05 16:18:32.365 22094 25677 I RedditChangeDataManager: Writing to stream...
08-05 16:18:32.365 22094 25677 I RedditChangeDataManager: Wrote 6 entries for user ''
08-05 16:18:32.365 22094 25677 I RedditChangeDataManager: All entries written to stream.
08-05 16:18:32.366 22094 25677 I RedditChangeDataIO: Write successful. Atomically replacing data file...
08-05 16:18:32.367 22094 25677 I RedditChangeDataIO: Write complete.
08-05 16:18:32.369 22094 25677 I RedditChangeDataIO: 158 bytes written in 4 ms
08-05 16:18:32.370 22094 22122 I art     : Explicit concurrent mark sweep GC freed 209(8KB) AllocSpace objects, 0(0B) LOS objects, 28% free, 39MB/55MB, paused 885us total 63.251ms
08-05 16:18:32.371   512  2967 I soundtrigger: audio_extn_sound_trigger_update_device_status: device 0x2 of type 0 for Event 0
08-05 16:18:32.724 22094 22106 I art     : Starting a blocking GC Explicit
08-05 16:18:32.790 22094 22106 I art     : Explicit concurrent mark sweep GC freed 1386(84KB) AllocSpace objects, 2(88KB) LOS objects, 28% free, 39MB/55MB, paused 534us total 65.703ms
08-05 16:18:32.811 22094 22106 I art     : Starting a blocking GC Explicit
08-05 16:18:32.872 22094 22106 I art     : Explicit concurrent mark sweep GC freed 23(800B) AllocSpace objects, 0(0B) LOS objects, 28% free, 39MB/55MB, paused 536us total 60.506ms
08-05 16:18:32.892 22094 22106 I art     : Starting a blocking GC Explicit
08-05 16:18:32.953 22094 22106 I art     : Explicit concurrent mark sweep GC freed 49(1920B) AllocSpace objects, 0(0B) LOS objects, 28% free, 39MB/55MB, paused 570us total 60.365ms
08-05 16:18:32.974 22094 22106 I art     : Starting a blocking GC Explicit
08-05 16:18:33.040 22094 22106 I art     : Explicit concurrent mark sweep GC freed 3(96B) AllocSpace objects, 0(0B) LOS objects, 28% free, 39MB/55MB, paused 579us total 65.692ms
08-05 16:18:33.065 22094 22106 I art     : Starting a blocking GC Explicit
08-05 16:18:33.136 22094 22106 I art     : Explicit concurrent mark sweep GC freed 3(96B) AllocSpace objects, 0(0B) LOS objects, 28% free, 39MB/55MB, paused 582us total 70.163ms
08-05 16:18:33.363 22144 22144 I ServiceManager: Waiting for service AtCmdFwd...
08-05 16:18:33.492 22094 22122 I art     : Starting a blocking GC Explicit
08-05 16:18:33.581 22094 22122 I art     : Explicit concurrent mark sweep GC freed 1357(83KB) AllocSpace objects, 1(20KB) LOS objects, 28% free, 39MB/55MB, paused 626us total 88.070ms
08-05 16:18:33.605 22094 22122 I art     : Starting a blocking GC Explicit
08-05 16:18:33.676 22094 22122 I art     : Explicit concurrent mark sweep GC freed 47(2112B) AllocSpace objects, 0(0B) LOS objects, 28% free, 39MB/55MB, paused 526us total 71.247ms
08-05 16:18:33.698 22094 22122 I art     : Starting a blocking GC Explicit
08-05 16:18:33.768 22094 22122 I art     : Explicit concurrent mark sweep GC freed 251(42KB) AllocSpace objects, 0(0B) LOS objects, 28% free, 39MB/55MB, paused 626us total 69.524ms
08-05 16:18:33.789 22094 22122 I art     : Starting a blocking GC Explicit
08-05 16:18:33.859 22094 22122 I art     : Explicit concurrent mark sweep GC freed 68(2272B) AllocSpace objects, 0(0B) LOS objects, 28% free, 39MB/55MB, paused 496us total 69.679ms
08-05 16:18:33.881 22094 22122 I art     : Starting a blocking GC Explicit
08-05 16:18:33.953 22094 22122 I art     : Explicit concurrent mark sweep GC freed 3(96B) AllocSpace objects, 0(0B) LOS objects, 28% free, 39MB/55MB, paused 525us total 71.617ms
08-05 16:18:34.310 22094 22338 I art     : Starting a blocking GC Explicit
08-05 16:18:34.363 22144 22144 I ServiceManager: Waiting for service AtCmdFwd...
08-05 16:18:34.399 22094 22338 I art     : Explicit concurrent mark sweep GC freed 1354(82KB) AllocSpace objects, 1(20KB) LOS objects, 28% free, 39MB/55MB, paused 627us total 88.309ms
08-05 16:18:34.424 22094 22338 I art     : Starting a blocking GC Explicit
08-05 16:18:34.495 22094 22338 I art     : Explicit concurrent mark sweep GC freed 20(704B) AllocSpace objects, 0(0B) LOS objects, 28% free, 39MB/55MB, paused 582us total 71.248ms
08-05 16:18:34.517 22094 22338 I art     : Starting a blocking GC Explicit
08-05 16:18:34.589 22094 22338 I art     : Explicit concurrent mark sweep GC freed 3(96B) AllocSpace objects, 0(0B) LOS objects, 28% free, 39MB/55MB, paused 529us total 71.689ms
08-05 16:18:34.610 22094 22338 I art     : Starting a blocking GC Explicit
08-05 16:18:34.682 22094 22338 I art     : Explicit concurrent mark sweep GC freed 3(96B) AllocSpace objects, 0(0B) LOS objects, 28% free, 39MB/55MB, paused 524us total 70.950ms
08-05 16:18:34.703 22094 22338 I art     : Starting a blocking GC Explicit
08-05 16:18:34.773 22094 22338 I art     : Explicit concurrent mark sweep GC freed 3(96B) AllocSpace objects, 0(0B) LOS objects, 28% free, 39MB/55MB, paused 529us total 69.561ms
08-05 16:18:35.160 22094 22405 I art     : Starting a blocking GC Explicit
08-05 16:18:35.242 22094 22405 I art     : Explicit concurrent mark sweep GC freed 1354(82KB) AllocSpace objects, 1(20KB) LOS objects, 28% free, 39MB/55MB, paused 586us total 80.998ms
08-05 16:18:35.265 22094 22405 I art     : Starting a blocking GC Explicit
08-05 16:18:35.339 22094 22405 I art     : Explicit concurrent mark sweep GC freed 20(704B) AllocSpace objects, 0(0B) LOS objects, 28% free, 39MB/55MB, paused 542us total 73.930ms
08-05 16:18:35.363 22094 22405 I art     : Starting a blocking GC Explicit
08-05 16:18:35.364 22144 22144 W Atfwd_Sendcmd: AtCmdFwd service not published, waiting... retryCnt : 4
08-05 16:18:35.435 22094 22405 I art     : Explicit concurrent mark sweep GC freed 3(96B) AllocSpace objects, 0(0B) LOS objects, 28% free, 39MB/55MB, paused 525us total 71.433ms
08-05 16:18:35.456 22094 22405 I art     : Starting a blocking GC Explicit
08-05 16:18:35.526 22094 22405 I art     : Explicit concurrent mark sweep GC freed 3(96B) AllocSpace objects, 0(0B) LOS objects, 28% free, 39MB/55MB, paused 518us total 69.155ms
08-05 16:18:35.547 22094 22405 I art     : Starting a blocking GC Explicit
08-05 16:18:35.623 22094 22405 I art     : Explicit concurrent mark sweep GC freed 3(96B) AllocSpace objects, 0(0B) LOS objects, 28% free, 39MB/55MB, paused 563us total 74.994ms
08-05 16:18:36.003 22094 22105 I art     : Starting a blocking GC Explicit
08-05 16:18:36.076 22094 22105 I art     : Explicit concurrent mark sweep GC freed 1354(82KB) AllocSpace objects, 1(20KB) LOS objects, 28% free, 39MB/55MB, paused 511us total 72.722ms
08-05 16:18:36.097 22094 22105 I art     : Starting a blocking GC Explicit
08-05 16:18:36.163 22094 22105 I art     : Explicit concurrent mark sweep GC freed 20(704B) AllocSpace objects, 0(0B) LOS objects, 28% free, 39MB/55MB, paused 534us total 65.804ms
08-05 16:18:36.184 22094 22105 I art     : Starting a blocking GC Explicit
08-05 16:18:36.251 22094 22105 I art     : Explicit concurrent mark sweep GC freed 3(96B) AllocSpace objects, 0(0B) LOS objects, 28% free, 39MB/55MB, paused 585us total 66.882ms
08-05 16:18:36.272 22094 22105 I art     : Starting a blocking GC Explicit
08-05 16:18:36.339 22094 22105 I art     : Explicit concurrent mark sweep GC freed 3(96B) AllocSpace objects, 0(0B) LOS objects, 28% free, 39MB/55MB, paused 526us total 66.668ms
08-05 16:18:36.360 22094 22105 I art     : Starting a blocking GC Explicit
08-05 16:18:36.429 22094 22105 I art     : Explicit concurrent mark sweep GC freed 3(96B) AllocSpace objects, 0(0B) LOS objects, 28% free, 39MB/55MB, paused 548us total 68.440ms
08-05 16:18:36.579 25808 25808 D AndroidRuntime: >>>>>> START com.android.internal.os.RuntimeInit uid 2000 <<<<<<
08-05 16:18:36.587 25808 25808 D AndroidRuntime: CheckJNI is OFF
08-05 16:18:36.629 25808 25808 D ICU     : No timezone override file found: /data/misc/zoneinfo/current/icu/icu_tzdata.dat
08-05 16:18:36.670 25808 25808 I Radio-JNI: register_android_hardware_Radio DONE
08-05 16:18:36.699 25808 25808 D AndroidRuntime: Calling main entry com.android.commands.input.Input
08-05 16:18:36.701 25808 25808 I Input   : injectKeyEvent: KeyEvent { action=ACTION_DOWN, keyCode=KEYCODE_BACK, scanCode=0, metaState=0, flags=0x0, repeatCount=0, eventTime=807533114, downTime=807533114, deviceId=-1, source=0x101 }
08-05 16:18:36.706 25808 25808 I Input   : injectKeyEvent: KeyEvent { action=ACTION_UP, keyCode=KEYCODE_BACK, scanCode=0, metaState=0, flags=0x0, repeatCount=0, eventTime=807533114, downTime=807533114, deviceId=-1, source=0x101 }
08-05 16:18:36.712 25808 25808 D AndroidRuntime: Shutting down VM
08-05 16:18:36.755 13866 13866 I GoogleInputMethodServic: GoogleInputMethodService.onFinishInput():3138 
08-05 16:18:36.755 13866 13866 I GoogleInputMethodServic: GoogleInputMethodService.onStartInput():1808 
08-05 16:18:36.765 22094 22105 I art     : Starting a blocking GC Explicit
08-05 16:18:36.831 22094 22105 I art     : Explicit concurrent mark sweep GC freed 1610(91KB) AllocSpace objects, 1(20KB) LOS objects, 28% free, 39MB/55MB, paused 769us total 65.671ms
08-05 16:18:36.852 22094 22105 I art     : Starting a blocking GC Explicit
08-05 16:18:36.907 22094 22105 I art     : Explicit concurrent mark sweep GC freed 35(1232B) AllocSpace objects, 0(0B) LOS objects, 28% free, 39MB/55MB, paused 485us total 54.882ms
08-05 16:18:36.927 22094 22105 I art     : Starting a blocking GC Explicit
08-05 16:18:36.987 22094 22105 I art     : Explicit concurrent mark sweep GC freed 3(96B) AllocSpace objects, 0(0B) LOS objects, 28% free, 39MB/55MB, paused 473us total 58.946ms
08-05 16:18:37.006 22094 22105 I art     : Starting a blocking GC Explicit
08-05 16:18:37.062   380   380 W SurfaceFlinger: couldn't log to binary event log: overflow.
08-05 16:18:37.070 22094 22105 I art     : Explicit concurrent mark sweep GC freed 30(848B) AllocSpace objects, 0(0B) LOS objects, 28% free, 39MB/55MB, paused 711us total 63.751ms
08-05 16:18:37.092 22094 22105 I art     : Starting a blocking GC Explicit
08-05 16:18:37.151 22094 22105 I art     : Explicit concurrent mark sweep GC freed 38(1632B) AllocSpace objects, 0(0B) LOS objects, 28% free, 39MB/55MB, paused 608us total 58.576ms
08-05 16:18:37.501 22094 22405 I art     : Starting a blocking GC Explicit
08-05 16:18:37.562 22094 22405 I art     : Explicit concurrent mark sweep GC freed 42745(2MB) AllocSpace objects, 6(160KB) LOS objects, 29% free, 37MB/53MB, paused 501us total 60.499ms
08-05 16:18:37.581 22094 22405 I art     : Starting a blocking GC Explicit
08-05 16:18:37.630 22094 22405 I art     : Explicit concurrent mark sweep GC freed 20(704B) AllocSpace objects, 0(0B) LOS objects, 29% free, 37MB/53MB, paused 470us total 49.251ms
08-05 16:18:37.649 22094 22405 I art     : Starting a blocking GC Explicit
08-05 16:18:37.696 22094 22405 I art     : Explicit concurrent mark sweep GC freed 3(96B) AllocSpace objects, 0(0B) LOS objects, 29% free, 37MB/53MB, paused 465us total 46.215ms
08-05 16:18:37.715 22094 22405 I art     : Starting a blocking GC Explicit
08-05 16:18:37.763 22094 22405 I art     : Explicit concurrent mark sweep GC freed 3(96B) AllocSpace objects, 0(0B) LOS objects, 29% free, 37MB/53MB, paused 494us total 47.817ms
08-05 16:18:37.781 22094 22405 I art     : Starting a blocking GC Explicit
08-05 16:18:37.831 22094 22405 I art     : Explicit concurrent mark sweep GC freed 3(96B) AllocSpace objects, 0(0B) LOS objects, 29% free, 37MB/53MB, paused 492us total 48.955ms
08-05 16:18:38.151 22094 22338 I art     : Starting a blocking GC Explicit
08-05 16:18:38.208 22094 22338 I art     : Explicit concurrent mark sweep GC freed 1354(82KB) AllocSpace objects, 1(20KB) LOS objects, 29% free, 37MB/53MB, paused 518us total 56.756ms
08-05 16:18:38.228 22094 22338 I art     : Starting a blocking GC Explicit
08-05 16:18:38.273 22094 22338 I art     : Explicit concurrent mark sweep GC freed 20(704B) AllocSpace objects, 0(0B) LOS objects, 29% free, 37MB/53MB, paused 483us total 45.184ms
08-05 16:18:38.292 22094 22338 I art     : Starting a blocking GC Explicit
08-05 16:18:38.339 22094 22338 I art     : Explicit concurrent mark sweep GC freed 3(96B) AllocSpace objects, 0(0B) LOS objects, 29% free, 37MB/53MB, paused 478us total 47.534ms
08-05 16:18:38.358 22094 22338 I art     : Starting a blocking GC Explicit
08-05 16:18:38.407 22094 22338 I art     : Explicit concurrent mark sweep GC freed 3(96B) AllocSpace objects, 0(0B) LOS objects, 29% free, 37MB/53MB, paused 496us total 48.353ms
08-05 16:18:38.425 22094 22338 I art     : Starting a blocking GC Explicit
08-05 16:18:38.475 22094 22338 I art     : Explicit concurrent mark sweep GC freed 3(96B) AllocSpace objects, 0(0B) LOS objects, 29% free, 37MB/53MB, paused 521us total 49.619ms
08-05 16:18:38.526 25841 25841 D AndroidRuntime: >>>>>> START com.android.internal.os.RuntimeInit uid 2000 <<<<<<
08-05 16:18:38.532 25841 25841 D AndroidRuntime: CheckJNI is OFF
08-05 16:18:38.576 25841 25841 D ICU     : No timezone override file found: /data/misc/zoneinfo/current/icu/icu_tzdata.dat
08-05 16:18:38.626 25841 25841 I Radio-JNI: register_android_hardware_Radio DONE
08-05 16:18:38.657 25841 25841 D AndroidRuntime: Calling main entry com.android.commands.input.Input
08-05 16:18:38.660 25841 25841 I Input   : injectKeyEvent: KeyEvent { action=ACTION_DOWN, keyCode=KEYCODE_BACK, scanCode=0, metaState=0, flags=0x0, repeatCount=0, eventTime=807535073, downTime=807535073, deviceId=-1, source=0x101 }
08-05 16:18:38.669 25841 25841 I Input   : injectKeyEvent: KeyEvent { action=ACTION_UP, keyCode=KEYCODE_BACK, scanCode=0, metaState=0, flags=0x0, repeatCount=0, eventTime=807535073, downTime=807535073, deviceId=-1, source=0x101 }
08-05 16:18:38.675 25841 25841 D AndroidRuntime: Shutting down VM
08-05 16:18:38.709 13866 13866 I GoogleInputMethodServic: GoogleInputMethodService.onFinishInput():3138 
08-05 16:18:38.710 13866 13866 I GoogleInputMethodServic: GoogleInputMethodService.onStartInput():1808 
08-05 16:18:38.812 22094 22405 I art     : Starting a blocking GC Explicit
08-05 16:18:38.868 22094 22405 I art     : Explicit concurrent mark sweep GC freed 1533(88KB) AllocSpace objects, 1(20KB) LOS objects, 29% free, 37MB/53MB, paused 498us total 56.425ms
08-05 16:18:38.888 22094 22405 I art     : Starting a blocking GC Explicit
08-05 16:18:38.939 22094 22405 I art     : Explicit concurrent mark sweep GC freed 24(864B) AllocSpace objects, 0(0B) LOS objects, 29% free, 37MB/53MB, paused 449us total 50.396ms
08-05 16:18:38.959 22094 22405 I art     : Starting a blocking GC Explicit
08-05 16:18:39.008 22094 22405 I art     : Explicit concurrent mark sweep GC freed 3(96B) AllocSpace objects, 0(0B) LOS objects, 29% free, 37MB/53MB, paused 470us total 48.431ms
08-05 16:18:39.029 22094 22405 I art     : Starting a blocking GC Explicit
08-05 16:18:39.074 22094 22405 I art     : Explicit concurrent mark sweep GC freed 57(2128B) AllocSpace objects, 0(0B) LOS objects, 29% free, 37MB/53MB, paused 486us total 45.366ms
08-05 16:18:39.092 22094 22405 I art     : Starting a blocking GC Explicit
08-05 16:18:39.140 22094 22405 I art     : Explicit concurrent mark sweep GC freed 134(6KB) AllocSpace objects, 0(0B) LOS objects, 29% free, 37MB/53MB, paused 547us total 47.579ms
08-05 16:18:39.486 22094 22338 I art     : Starting a blocking GC Explicit
08-05 16:18:39.553 22094 22338 I art     : Explicit concurrent mark sweep GC freed 1354(82KB) AllocSpace objects, 1(20KB) LOS objects, 29% free, 37MB/53MB, paused 593us total 66.479ms
08-05 16:18:39.573 22094 22338 I art     : Starting a blocking GC Explicit
08-05 16:18:39.624 22094 22338 I art     : Explicit concurrent mark sweep GC freed 20(704B) AllocSpace objects, 0(0B) LOS objects, 29% free, 37MB/53MB, paused 546us total 50.891ms
08-05 16:18:39.643 22094 22338 I art     : Starting a blocking GC Explicit
08-05 16:18:39.693 22094 22338 I art     : Explicit concurrent mark sweep GC freed 3(96B) AllocSpace objects, 0(0B) LOS objects, 29% free, 37MB/53MB, paused 629us total 49.949ms
08-05 16:18:39.712 22094 22338 I art     : Starting a blocking GC Explicit
08-05 16:18:39.762 22094 22338 I art     : Explicit concurrent mark sweep GC freed 3(96B) AllocSpace objects, 0(0B) LOS objects, 29% free, 37MB/53MB, paused 544us total 49.964ms
08-05 16:18:39.781 22094 22338 I art     : Starting a blocking GC Explicit
08-05 16:18:39.832 22094 22338 I art     : Explicit concurrent mark sweep GC freed 3(96B) AllocSpace objects, 0(0B) LOS objects, 29% free, 37MB/53MB, paused 607us total 50.838ms
08-05 16:18:40.150 22094 22122 I art     : Starting a blocking GC Explicit
08-05 16:18:40.201 22094 22122 I art     : Explicit concurrent mark sweep GC freed 1354(82KB) AllocSpace objects, 1(20KB) LOS objects, 29% free, 37MB/53MB, paused 539us total 50.325ms
08-05 16:18:40.219 22094 22122 I art     : Starting a blocking GC Explicit
08-05 16:18:40.268 22094 22122 I art     : Explicit concurrent mark sweep GC freed 20(704B) AllocSpace objects, 0(0B) LOS objects, 29% free, 37MB/53MB, paused 580us total 48.451ms
08-05 16:18:40.287 22094 22122 I art     : Starting a blocking GC Explicit
08-05 16:18:40.339 22094 22122 I art     : Explicit concurrent mark sweep GC freed 3(96B) AllocSpace objects, 0(0B) LOS objects, 29% free, 37MB/53MB, paused 580us total 51.351ms
08-05 16:18:40.357 22094 22122 I art     : Starting a blocking GC Explicit
08-05 16:18:40.410 22094 22122 I art     : Explicit concurrent mark sweep GC freed 3(96B) AllocSpace objects, 0(0B) LOS objects, 29% free, 37MB/53MB, paused 571us total 52.022ms
08-05 16:18:40.429 22094 22122 I art     : Starting a blocking GC Explicit
08-05 16:18:40.481 22094 22122 I art     : Explicit concurrent mark sweep GC freed 3(96B) AllocSpace objects, 0(0B) LOS objects, 29% free, 37MB/53MB, paused 537us total 51.501ms
08-05 16:18:40.534 25890 25890 D AndroidRuntime: >>>>>> START com.android.internal.os.RuntimeInit uid 2000 <<<<<<
08-05 16:18:40.540 25890 25890 D AndroidRuntime: CheckJNI is OFF
08-05 16:18:40.585 25890 25890 D ICU     : No timezone override file found: /data/misc/zoneinfo/current/icu/icu_tzdata.dat
08-05 16:18:40.634 25890 25890 I Radio-JNI: register_android_hardware_Radio DONE
08-05 16:18:40.663 25890 25890 D AndroidRuntime: Calling main entry com.android.commands.am.Am
08-05 16:18:40.671 16924 16924 I Trepn   : Trepn 6.2s: Received intent: com.quicinc.trepn.stop_profiling
08-05 16:18:40.717 16924 16924 I Trepn   : Trepn 6.2s: Trepn has Stopped Profiling.
08-05 16:18:40.811 25890 25890 D AndroidRuntime: Shutting down VM
08-05 16:18:40.816   918  3714 W AppOps  : Finishing op nesting under-run: uid 10078 pkg com.quicinc.trepn code 24 time=0 duration=0 nesting=0
08-05 16:18:40.830 22094 22105 I art     : Starting a blocking GC Explicit
08-05 16:18:40.874 22094 22105 I art     : Explicit concurrent mark sweep GC freed 1354(82KB) AllocSpace objects, 1(20KB) LOS objects, 29% free, 37MB/53MB, paused 497us total 44.183ms
08-05 16:18:40.892 22094 22105 I art     : Starting a blocking GC Explicit
08-05 16:18:40.944 22094 22105 I art     : Explicit concurrent mark sweep GC freed 20(704B) AllocSpace objects, 0(0B) LOS objects, 29% free, 37MB/53MB, paused 557us total 51.851ms
08-05 16:18:40.963 22094 22105 I art     : Starting a blocking GC Explicit
08-05 16:18:41.022 22094 22105 I art     : Explicit concurrent mark sweep GC freed 3(96B) AllocSpace objects, 0(0B) LOS objects, 29% free, 37MB/53MB, paused 608us total 58.065ms
08-05 16:18:41.044 22094 22105 I art     : Starting a blocking GC Explicit
08-05 16:18:41.097 22094 22105 I art     : Explicit concurrent mark sweep GC freed 3(96B) AllocSpace objects, 0(0B) LOS objects, 29% free, 37MB/53MB, paused 528us total 52.218ms
08-05 16:18:41.116 22094 22105 I art     : Starting a blocking GC Explicit
08-05 16:18:41.162 22094 22105 I art     : Explicit concurrent mark sweep GC freed 3(96B) AllocSpace objects, 0(0B) LOS objects, 29% free, 37MB/53MB, paused 522us total 45.844ms
