08-05 16:17:34.297 22094 22106 I art     : Explicit concurrent mark sweep GC freed 188(6KB) AllocSpace objects, 0(0B) LOS objects, 35% free, 29MB/45MB, paused 1.246ms total 58.016ms
08-05 16:17:34.599   380   380 W SurfaceFlinger: couldn't log to binary event log: overflow.
08-05 16:17:34.650   918  3263 D ConnectivityService: releasing NetworkRequest NetworkRequest [ id=3400, legacyType=-1, [ Capabilities: INTERNET&NOT_RESTRICTED&TRUSTED] ]
08-05 16:17:34.800 22094 22122 I art     : Starting a blocking GC Explicit
08-05 16:17:34.861 22094 22122 I art     : Explicit concurrent mark sweep GC freed 2334(126KB) AllocSpace objects, 1(20KB) LOS objects, 35% free, 29MB/45MB, paused 1.081ms total 60.509ms
08-05 16:17:34.886 22094 22122 I art     : Starting a blocking GC Explicit
08-05 16:17:34.944 22094 22122 I art     : Explicit concurrent mark sweep GC freed 2114(124KB) AllocSpace objects, 1(28KB) LOS objects, 35% free, 29MB/45MB, paused 711us total 58.136ms
08-05 16:17:34.970 22094 22122 I art     : Starting a blocking GC Explicit
08-05 16:17:35.036 22094 22122 I art     : Explicit concurrent mark sweep GC freed 3(96B) AllocSpace objects, 0(0B) LOS objects, 35% free, 29MB/45MB, paused 1.290ms total 65.455ms
08-05 16:17:35.064 22094 22122 I art     : Starting a blocking GC Explicit
08-05 16:17:35.130 22094 22122 I art     : Explicit concurrent mark sweep GC freed 3(96B) AllocSpace objects, 0(0B) LOS objects, 35% free, 29MB/45MB, paused 905us total 65.334ms
08-05 16:17:35.160 22094 22122 I art     : Starting a blocking GC Explicit
08-05 16:17:35.225 22094 22122 I art     : Explicit concurrent mark sweep GC freed 3(96B) AllocSpace objects, 0(0B) LOS objects, 35% free, 29MB/45MB, paused 810us total 64.349ms
08-05 16:17:35.346   518   646 I ThermalEngine: ACTION: GPU - Setting GPU[0] to 450000000
08-05 16:17:35.576 22094 22106 I art     : Starting a blocking GC Explicit
08-05 16:17:35.628 22094 22106 I art     : Explicit concurrent mark sweep GC freed 1355(82KB) AllocSpace objects, 1(20KB) LOS objects, 35% free, 29MB/45MB, paused 566us total 51.894ms
08-05 16:17:35.648 22094 22106 I art     : Starting a blocking GC Explicit
08-05 16:17:35.692 22094 22106 I art     : Explicit concurrent mark sweep GC freed 20(704B) AllocSpace objects, 0(0B) LOS objects, 35% free, 29MB/45MB, paused 512us total 44.096ms
08-05 16:17:35.710 22094 22106 I art     : Starting a blocking GC Explicit
08-05 16:17:35.755 22094 22106 I art     : Explicit concurrent mark sweep GC freed 3(96B) AllocSpace objects, 0(0B) LOS objects, 35% free, 29MB/45MB, paused 506us total 44.366ms
08-05 16:17:35.773 22094 22106 I art     : Starting a blocking GC Explicit
08-05 16:17:35.818 22094 22106 I art     : Explicit concurrent mark sweep GC freed 3(96B) AllocSpace objects, 0(0B) LOS objects, 35% free, 29MB/45MB, paused 535us total 45.425ms
08-05 16:17:35.837 22094 22106 I art     : Starting a blocking GC Explicit
08-05 16:17:35.885 22094 22106 I art     : Explicit concurrent mark sweep GC freed 3(96B) AllocSpace objects, 0(0B) LOS objects, 35% free, 29MB/45MB, paused 518us total 47.926ms
08-05 16:17:36.027 24518 24518 D AndroidRuntime: >>>>>> START com.android.internal.os.RuntimeInit uid 2000 <<<<<<
08-05 16:17:36.034 24518 24518 D AndroidRuntime: CheckJNI is OFF
08-05 16:17:36.079 24518 24518 D ICU     : No timezone override file found: /data/misc/zoneinfo/current/icu/icu_tzdata.dat
08-05 16:17:36.099   918  3188 I hubconnection: sensorhub said: 'set_bias 3: -5.5392, 0.0000, 0.0000'
08-05 16:17:36.120 24518 24518 I Radio-JNI: register_android_hardware_Radio DONE
08-05 16:17:36.148 24518 24518 D AndroidRuntime: Calling main entry com.android.commands.input.Input
08-05 16:17:36.150 24518 24518 I Input   : injectKeyEvent: KeyEvent { action=ACTION_DOWN, keyCode=KEYCODE_BACK, scanCode=0, metaState=0, flags=0x0, repeatCount=0, eventTime=807472563, downTime=807472563, deviceId=-1, source=0x101 }
08-05 16:17:36.154 24518 24518 I Input   : injectKeyEvent: KeyEvent { action=ACTION_UP, keyCode=KEYCODE_BACK, scanCode=0, metaState=0, flags=0x0, repeatCount=0, eventTime=807472563, downTime=807472563, deviceId=-1, source=0x101 }
08-05 16:17:36.161 24518 24518 D AndroidRuntime: Shutting down VM
08-05 16:17:36.211 13866 13866 I GoogleInputMethodServic: GoogleInputMethodService.onFinishInput():3138 
08-05 16:17:36.211 13866 13866 I GoogleInputMethodServic: GoogleInputMethodService.onStartInput():1808 
08-05 16:17:36.250 22094 22122 I art     : Starting a blocking GC Explicit
08-05 16:17:36.294 22094 22122 I art     : Explicit concurrent mark sweep GC freed 1534(88KB) AllocSpace objects, 1(20KB) LOS objects, 35% free, 29MB/45MB, paused 484us total 43.754ms
08-05 16:17:36.312 22094 22122 I art     : Starting a blocking GC Explicit
08-05 16:17:36.354 22094 22122 I art     : Explicit concurrent mark sweep GC freed 24(864B) AllocSpace objects, 0(0B) LOS objects, 35% free, 29MB/45MB, paused 496us total 42.380ms
08-05 16:17:36.373 22094 22122 I art     : Starting a blocking GC Explicit
08-05 16:17:36.430 22094 22122 I art     : Explicit concurrent mark sweep GC freed 3(96B) AllocSpace objects, 0(0B) LOS objects, 35% free, 29MB/45MB, paused 524us total 56.535ms
08-05 16:17:36.451 22094 22122 I art     : Starting a blocking GC Explicit
08-05 16:17:36.500 22094 22122 I art     : Explicit concurrent mark sweep GC freed 3(96B) AllocSpace objects, 0(0B) LOS objects, 35% free, 29MB/45MB, paused 504us total 48.824ms
08-05 16:17:36.518 22094 22122 I art     : Starting a blocking GC Explicit
08-05 16:17:36.562 22094 22122 I art     : Explicit concurrent mark sweep GC freed 61(2256B) AllocSpace objects, 0(0B) LOS objects, 35% free, 29MB/45MB, paused 508us total 43.470ms
08-05 16:17:36.892 22094 22106 I art     : Starting a blocking GC Explicit
08-05 16:17:36.950 22094 22106 I art     : Explicit concurrent mark sweep GC freed 1484(89KB) AllocSpace objects, 1(20KB) LOS objects, 35% free, 29MB/45MB, paused 640us total 57.614ms
08-05 16:17:36.971 22094 22106 I art     : Starting a blocking GC Explicit
08-05 16:17:37.017 22094 22106 I art     : Explicit concurrent mark sweep GC freed 20(704B) AllocSpace objects, 0(0B) LOS objects, 35% free, 29MB/45MB, paused 620us total 46.207ms
08-05 16:17:37.036 22094 22106 I art     : Starting a blocking GC Explicit
08-05 16:17:37.084 22094 22106 I art     : Explicit concurrent mark sweep GC freed 3(96B) AllocSpace objects, 0(0B) LOS objects, 35% free, 29MB/45MB, paused 551us total 47.755ms
08-05 16:17:37.102 22094 22106 I art     : Starting a blocking GC Explicit
08-05 16:17:37.151 22094 22106 I art     : Explicit concurrent mark sweep GC freed 3(96B) AllocSpace objects, 0(0B) LOS objects, 35% free, 29MB/45MB, paused 575us total 47.816ms
08-05 16:17:37.173 22094 22106 I art     : Starting a blocking GC Explicit
08-05 16:17:37.220 22094 22106 I art     : Explicit concurrent mark sweep GC freed 3(96B) AllocSpace objects, 0(0B) LOS objects, 35% free, 29MB/45MB, paused 556us total 46.456ms
08-05 16:17:37.552 22094 22105 I art     : Starting a blocking GC Explicit
08-05 16:17:37.609 22094 22105 I art     : Explicit concurrent mark sweep GC freed 1354(82KB) AllocSpace objects, 1(20KB) LOS objects, 35% free, 29MB/45MB, paused 641us total 55.892ms
08-05 16:17:37.627 22094 22105 I art     : Starting a blocking GC Explicit
08-05 16:17:37.672 22094 22105 I art     : Explicit concurrent mark sweep GC freed 20(704B) AllocSpace objects, 0(0B) LOS objects, 35% free, 29MB/45MB, paused 525us total 45.247ms
08-05 16:17:37.690 22094 22105 I art     : Starting a blocking GC Explicit
08-05 16:17:37.735 22094 22105 I art     : Explicit concurrent mark sweep GC freed 3(96B) AllocSpace objects, 0(0B) LOS objects, 35% free, 29MB/45MB, paused 537us total 44.515ms
08-05 16:17:37.753 22094 22105 I art     : Starting a blocking GC Explicit
08-05 16:17:37.800 22094 22105 I art     : Explicit concurrent mark sweep GC freed 3(96B) AllocSpace objects, 0(0B) LOS objects, 35% free, 29MB/45MB, paused 530us total 46.698ms
08-05 16:17:37.819 22094 22105 I art     : Starting a blocking GC Explicit
08-05 16:17:37.866 22094 22105 I art     : Explicit concurrent mark sweep GC freed 3(96B) AllocSpace objects, 0(0B) LOS objects, 35% free, 29MB/45MB, paused 539us total 46.322ms
08-05 16:17:37.965 24553 24553 D AndroidRuntime: >>>>>> START com.android.internal.os.RuntimeInit uid 2000 <<<<<<
08-05 16:17:37.973 24553 24553 D AndroidRuntime: CheckJNI is OFF
08-05 16:17:38.021 24553 24553 D ICU     : No timezone override file found: /data/misc/zoneinfo/current/icu/icu_tzdata.dat
08-05 16:17:38.070 24553 24553 I Radio-JNI: register_android_hardware_Radio DONE
08-05 16:17:38.098 24553 24553 D AndroidRuntime: Calling main entry com.android.commands.input.Input
08-05 16:17:38.101 24553 24553 I Input   : injectMotionEvent: MotionEvent { action=ACTION_DOWN, actionButton=0, id[0]=0, x[0]=600.0, y[0]=1000.0, toolType[0]=TOOL_TYPE_UNKNOWN, buttonState=0, metaState=0, flags=0x0, edgeFlags=0x0, pointerCount=1, historySize=0, eventTime=807474513, downTime=807474513, deviceId=0, source=0x1002 }
08-05 16:17:38.106 24553 24553 I Input   : injectMotionEvent: MotionEvent { action=ACTION_UP, actionButton=0, id[0]=0, x[0]=600.0, y[0]=1000.0, toolType[0]=TOOL_TYPE_UNKNOWN, buttonState=0, metaState=0, flags=0x0, edgeFlags=0x0, pointerCount=1, historySize=0, eventTime=807474513, downTime=807474513, deviceId=0, source=0x1002 }
08-05 16:17:38.108 24553 24553 D AndroidRuntime: Shutting down VM
08-05 16:17:38.122   512  2967 D audio_hw_primary: out_set_parameters: enter: usecase(1: low-latency-playback) kvpairs: routing=2
08-05 16:17:38.125   918  5481 I ActivityManager: START u0 {dat=https://oauth.reddit.com/... cmp=baseline.org.quantumbadger.redreader/.activities.PostListingActivity} from uid 10689 on display 0
08-05 16:17:38.135   512  2967 D audio_hw_primary: select_devices: out_snd_device(2: speaker) in_snd_device(0: none)
08-05 16:17:38.135   512  2967 D msm8974_platform: platform_send_audio_calibration: sending audio calibration for snd_device(2) acdb_id(15)
08-05 16:17:38.135   512  2967 I soundtrigger: audio_extn_sound_trigger_update_device_status: device 0x2 of type 0 for Event 1
08-05 16:17:38.148   512  2967 D audio_hw_primary: enable_snd_device: snd_device(2: speaker)
08-05 16:17:38.150   512  2967 D audio_hw_primary: enable_audio_route: apply and update mixer path: low-latency-playback speaker
08-05 16:17:38.156 22094 22094 I AppCompatViewInflater: app:theme is now deprecated. Please move to using android:theme instead.
08-05 16:17:38.184 22094 24593 D OK      : calling: https://oauth.reddit.com/r/announcements/about.json
08-05 16:17:38.229 22094 22106 I art     : Starting a blocking GC Explicit
08-05 16:17:38.257   918   936 I ActivityManager: Displayed baseline.org.quantumbadger.redreader/.activities.PostListingActivity: +119ms
08-05 16:17:38.257 13866 13866 I GoogleInputMethodServic: GoogleInputMethodService.onFinishInput():3138 
08-05 16:17:38.258 13866 13866 I GoogleInputMethodServic: GoogleInputMethodService.onStartInput():1808 
08-05 16:17:38.283 22094 22106 I art     : Explicit concurrent mark sweep GC freed 2990(188KB) AllocSpace objects, 1(20KB) LOS objects, 35% free, 29MB/45MB, paused 623us total 53.655ms
08-05 16:17:38.301 22094 22106 I art     : Starting a blocking GC Explicit
08-05 16:17:38.344 22094 22106 I art     : Explicit concurrent mark sweep GC freed 2400(100KB) AllocSpace objects, 0(0B) LOS objects, 35% free, 29MB/45MB, paused 602us total 42.502ms
08-05 16:17:38.361 22094 22106 I art     : Starting a blocking GC Explicit
08-05 16:17:38.403 22094 22106 I art     : Explicit concurrent mark sweep GC freed 130(6KB) AllocSpace objects, 0(0B) LOS objects, 35% free, 29MB/45MB, paused 582us total 41.388ms
08-05 16:17:38.420 22094 22106 I art     : Starting a blocking GC Explicit
08-05 16:17:38.461 22094 22106 I art     : Explicit concurrent mark sweep GC freed 7(256B) AllocSpace objects, 0(0B) LOS objects, 35% free, 29MB/45MB, paused 552us total 40.687ms
08-05 16:17:38.479 22094 22106 I art     : Starting a blocking GC Explicit
08-05 16:17:38.487 22094 24593 I NAPPA_EXPERIMENTATION: MetricNetworkRequestExecutionTime: REQUEST_DURATION_SYSTEM='303',REQUEST_DURATION_OKHTTP='157',REQUEST_SYNCHRONOUS='TRUE',RESPONSE_CODE='200',RESPONSE_METHOD='GET',RESPONSE_LENGTH_OKHTTP='-1',RESPONSE_LENGTH_HEADER='1564',REQUEST_PROTOCOL='h2',REQUEST_URL='https://oauth.reddit.com/r/announcements/about.json',
08-05 16:17:38.487 22094 24593 D OK      : request got status: 200
08-05 16:17:38.504   380   380 W SurfaceFlinger: couldn't log to binary event log: overflow.
08-05 16:17:38.522 22094 22106 I art     : Explicit concurrent mark sweep GC freed 524(64KB) AllocSpace objects, 0(0B) LOS objects, 35% free, 29MB/45MB, paused 660us total 43.406ms
08-05 16:17:38.689   512  2967 D audio_hw_primary: disable_audio_route: reset and update mixer path: low-latency-playback speaker
08-05 16:17:38.690   512  2967 D audio_hw_primary: disable_snd_device: snd_device(2: speaker)
08-05 16:17:38.698   512  2967 I soundtrigger: audio_extn_sound_trigger_update_device_status: device 0x2 of type 0 for Event 0
08-05 16:17:38.844 22094 22122 I art     : Starting a blocking GC Explicit
08-05 16:17:38.898 22094 22122 I art     : Explicit concurrent mark sweep GC freed 2306(170KB) AllocSpace objects, 3(156KB) LOS objects, 35% free, 29MB/45MB, paused 666us total 54.389ms
08-05 16:17:38.917 22094 22122 I art     : Starting a blocking GC Explicit
08-05 16:17:38.963 22094 22122 I art     : Explicit concurrent mark sweep GC freed 181(9KB) AllocSpace objects, 0(0B) LOS objects, 35% free, 29MB/45MB, paused 599us total 45.609ms
08-05 16:17:38.981 22094 22122 I art     : Starting a blocking GC Explicit
08-05 16:17:39.028 22094 22122 I art     : Explicit concurrent mark sweep GC freed 25(1024B) AllocSpace objects, 0(0B) LOS objects, 35% free, 29MB/45MB, paused 652us total 45.864ms
08-05 16:17:39.046 22094 22122 I art     : Starting a blocking GC Explicit
08-05 16:17:39.092 22094 22122 I art     : Explicit concurrent mark sweep GC freed 3(96B) AllocSpace objects, 0(0B) LOS objects, 35% free, 29MB/45MB, paused 553us total 45.227ms
08-05 16:17:39.110 22094 22122 I art     : Starting a blocking GC Explicit
08-05 16:17:39.156 22094 22122 I art     : Explicit concurrent mark sweep GC freed 3(96B) AllocSpace objects, 0(0B) LOS objects, 35% free, 29MB/45MB, paused 582us total 45.734ms
08-05 16:17:39.382 22094 24620 D OK      : calling: https://oauth.reddit.com/r/announcements/hot/.json
08-05 16:17:39.490 22094 22405 I art     : Starting a blocking GC Explicit
08-05 16:17:39.539 22094 22405 I art     : Explicit concurrent mark sweep GC freed 1456(86KB) AllocSpace objects, 1(20KB) LOS objects, 35% free, 29MB/45MB, paused 620us total 48.840ms
08-05 16:17:39.558 22094 22405 I art     : Starting a blocking GC Explicit
08-05 16:17:39.605 22094 22405 I art     : Explicit concurrent mark sweep GC freed 200(15KB) AllocSpace objects, 0(0B) LOS objects, 35% free, 29MB/45MB, paused 619us total 46.751ms
08-05 16:17:39.607 22094 24620 I NAPPA_EXPERIMENTATION: MetricNetworkRequestExecutionTime: REQUEST_DURATION_SYSTEM='223',REQUEST_DURATION_OKHTTP='217',REQUEST_SYNCHRONOUS='TRUE',RESPONSE_CODE='200',RESPONSE_METHOD='GET',RESPONSE_LENGTH_OKHTTP='-1',RESPONSE_LENGTH_HEADER='142016',REQUEST_PROTOCOL='h2',REQUEST_URL='https://oauth.reddit.com/r/announcements/hot/.json',
08-05 16:17:39.607 22094 24620 D OK      : request got status: 200
08-05 16:17:39.616 22094 22684 I PostListingFragment: Precaching images: OFF
08-05 16:17:39.617 22094 22684 I PostListingFragment: Precaching comments: OFF
08-05 16:17:39.623 22094 22405 I art     : Starting a blocking GC Explicit
08-05 16:17:39.669 22094 22405 I art     : Explicit concurrent mark sweep GC freed 1415(143KB) AllocSpace objects, 1(16KB) LOS objects, 34% free, 30MB/46MB, paused 917us total 45.954ms
08-05 16:17:39.687 22094 22405 I art     : Starting a blocking GC Explicit
08-05 16:17:39.738 22094 22405 I art     : Explicit concurrent mark sweep GC freed 1001(58KB) AllocSpace objects, 3(56KB) LOS objects, 34% free, 30MB/46MB, paused 896us total 50.642ms
08-05 16:17:39.756 22094 22405 I art     : Starting a blocking GC Explicit
08-05 16:17:39.811 22094 22405 I art     : Explicit concurrent mark sweep GC freed 1772(76KB) AllocSpace objects, 0(0B) LOS objects, 33% free, 31MB/47MB, paused 946us total 54.361ms
08-05 16:17:40.134 22094 22405 I art     : Starting a blocking GC Explicit
08-05 16:17:40.192 22094 22405 I art     : Explicit concurrent mark sweep GC freed 76886(3MB) AllocSpace objects, 41(2MB) LOS objects, 33% free, 31MB/47MB, paused 968us total 58.584ms
08-05 16:17:40.211 22094 22405 I art     : Starting a blocking GC Explicit
08-05 16:17:40.237 22094 22094 W RecyclerView: Cannot call this method in a scroll callback. Scroll callbacks mightbe run during a measure & layout pass where you cannot change theRecyclerView data. Any method call that might change the structureof the RecyclerView or the adapter contents should be postponed tothe next frame.
08-05 16:17:40.237 22094 22094 W RecyclerView: java.lang.IllegalStateException:  androidx.recyclerview.widget.RecyclerView{d9962d5 VFED..... .F....ID 0,0-1440,2140 #7f0900ef app:id/scrollbar_recyclerview_recyclerview}, adapter:baseline.org.quantumbadger.redreader.adapters.GroupedRecyclerViewAdapter@c2a2aea, layout:androidx.recyclerview.widget.LinearLayoutManager@203c1db, context:baseline.org.quantumbadger.redreader.activities.PostListingActivity@a30370a
08-05 16:17:40.237 22094 22094 W RecyclerView: 	at androidx.recyclerview.widget.RecyclerView.assertNotInLayoutOrScroll(RecyclerView.java:3061)
08-05 16:17:40.237 22094 22094 W RecyclerView: 	at androidx.recyclerview.widget.RecyclerView$RecyclerViewDataObserver.onItemRangeInserted(RecyclerView.java:5555)
08-05 16:17:40.237 22094 22094 W RecyclerView: 	at androidx.recyclerview.widget.RecyclerView$AdapterDataObservable.notifyItemRangeInserted(RecyclerView.java:12278)
08-05 16:17:40.237 22094 22094 W RecyclerView: 	at androidx.recyclerview.widget.RecyclerView$Adapter.notifyItemInserted(RecyclerView.java:7464)
08-05 16:17:40.237 22094 22094 W RecyclerView: 	at baseline.org.quantumbadger.redreader.adapters.GroupedRecyclerViewAdapter.updateHiddenStatus(GroupedRecyclerViewAdapter.java:279)
08-05 16:17:40.237 22094 22094 W RecyclerView: 	at baseline.org.quantumbadger.redreader.adapters.RedditListingManager.setLoadingVisible(RedditListingManager.java:125)
08-05 16:17:40.237 22094 22094 W RecyclerView: 	at baseline.org.quantumbadger.redreader.fragments.PostListingFragment.onLoadMoreItemsCheck(PostListingFragment.java:465)
08-05 16:17:40.237 22094 22094 W RecyclerView: 	at baseline.org.quantumbadger.redreader.fragments.PostListingFragment.access$000(PostListingFragment.java:98)
08-05 16:17:40.237 22094 22094 W RecyclerView: 	at baseline.org.quantumbadger.redreader.fragments.PostListingFragment$2.onScrolled(PostListingFragment.java:215)
08-05 16:17:40.237 22094 22094 W RecyclerView: 	at androidx.recyclerview.widget.RecyclerView.dispatchOnScrolled(RecyclerView.java:5173)
08-05 16:17:40.237 22094 22094 W RecyclerView: 	at androidx.recyclerview.widget.RecyclerView.dispatchLayoutStep3(RecyclerView.java:4231)
08-05 16:17:40.237 22094 22094 W RecyclerView: 	at androidx.recyclerview.widget.RecyclerView.dispatchLayout(RecyclerView.java:3862)
08-05 16:17:40.237 22094 22094 W RecyclerView: 	at androidx.recyclerview.widget.RecyclerView.consumePendingUpdateOperations(RecyclerView.java:1897)
08-05 16:17:40.237 22094 22094 W RecyclerView: 	at androidx.recyclerview.widget.RecyclerView$1.run(RecyclerView.java:414)
08-05 16:17:40.237 22094 22094 W RecyclerView: 	at android.view.Choreographer$CallbackRecord.run(Choreographer.java:858)
08-05 16:17:40.237 22094 22094 W RecyclerView: 	at android.view.Choreographer.doCallbacks(Choreographer.java:670)
08-05 16:17:40.237 22094 22094 W RecyclerView: 	at android.view.Choreographer.doFrame(Choreographer.java:603)
08-05 16:17:40.237 22094 22094 W RecyclerView: 	at android.view.Choreographer$FrameDisplayEventReceiver.run(Choreographer.java:844)
08-05 16:17:40.237 22094 22094 W RecyclerView: 	at android.os.Handler.handleCallback(Handler.java:739)
08-05 16:17:40.237 22094 22094 W RecyclerView: 	at android.os.Handler.dispatchMessage(Handler.java:95)
08-05 16:17:40.237 22094 22094 W RecyclerView: 	at android.os.Looper.loop(Looper.java:148)
08-05 16:17:40.237 22094 22094 W RecyclerView: 	at android.app.ActivityThread.main(ActivityThread.java:5417)
08-05 16:17:40.237 22094 22094 W RecyclerView: 	at java.lang.reflect.Method.invoke(Native Method)
08-05 16:17:40.237 22094 22094 W RecyclerView: 	at com.android.internal.os.ZygoteInit$MethodAndArgsCaller.run(ZygoteInit.java:726)
08-05 16:17:40.237 22094 22094 W RecyclerView: 	at com.android.internal.os.ZygoteInit.main(ZygoteInit.java:616)
08-05 16:17:40.261 22094 22405 I art     : Explicit concurrent mark sweep GC freed 3310(209KB) AllocSpace objects, 0(0B) LOS objects, 33% free, 31MB/47MB, paused 815us total 50.077ms
08-05 16:17:40.282 22094 22405 I art     : Starting a blocking GC Explicit
08-05 16:17:40.336 22094 22405 I art     : Explicit concurrent mark sweep GC freed 87(3KB) AllocSpace objects, 0(0B) LOS objects, 33% free, 31MB/47MB, paused 635us total 53.238ms
08-05 16:17:40.349 22144 22144 I Atfwd_Sendcmd: AtCmdFwd service not ready - Exhausted retry attempts - :6
08-05 16:17:40.349 22144 22144 I Atfwd_Daemon: result : -1 	 ,Init step :2 	 ,qmiErrorCode: 0
08-05 16:17:40.354 22094 22405 I art     : Starting a blocking GC Explicit
08-05 16:17:40.406 22094 22405 I art     : Explicit concurrent mark sweep GC freed 48(1728B) AllocSpace objects, 0(0B) LOS objects, 33% free, 31MB/47MB, paused 567us total 51.225ms
08-05 16:17:40.427 22094 22405 I art     : Starting a blocking GC Explicit
08-05 16:17:40.476 22094 22405 I art     : Explicit concurrent mark sweep GC freed 30(1264B) AllocSpace objects, 0(0B) LOS objects, 33% free, 31MB/47MB, paused 618us total 49.168ms
08-05 16:17:40.583 22094 24634 D OK      : calling: https://oauth.reddit.com/r/announcements/hot/.json?after=t3_9jf8nh
08-05 16:17:40.827 22094 24634 I NAPPA_EXPERIMENTATION: MetricNetworkRequestExecutionTime: REQUEST_DURATION_SYSTEM='244',REQUEST_DURATION_OKHTTP='240',REQUEST_SYNCHRONOUS='TRUE',RESPONSE_CODE='200',RESPONSE_METHOD='GET',RESPONSE_LENGTH_OKHTTP='-1',RESPONSE_LENGTH_HEADER='65685',REQUEST_PROTOCOL='h2',REQUEST_URL='https://oauth.reddit.com/r/announcements/hot/.json?after=t3_9jf8nh',
08-05 16:17:40.827 22094 24634 D OK      : request got status: 200
08-05 16:17:40.845 22094 22684 I PostListingFragment: Precaching images: OFF
08-05 16:17:40.846 22094 22684 I PostListingFragment: Precaching comments: OFF
08-05 16:17:40.852 22094 22106 I art     : Starting a blocking GC Explicit
08-05 16:17:40.915 22094 22106 I art     : Explicit concurrent mark sweep GC freed 4622(394KB) AllocSpace objects, 5(480KB) LOS objects, 33% free, 32MB/48MB, paused 1.037ms total 62.794ms
08-05 16:17:40.934 22094 22106 I art     : Starting a blocking GC Explicit
08-05 16:17:40.989 22094 22106 I art     : Explicit concurrent mark sweep GC freed 4231(213KB) AllocSpace objects, 4(136KB) LOS objects, 32% free, 33MB/49MB, paused 946us total 55.235ms
08-05 16:17:41.008 22094 22106 I art     : Starting a blocking GC Explicit
08-05 16:17:41.064 22094 22106 I art     : Explicit concurrent mark sweep GC freed 3983(169KB) AllocSpace objects, 2(84KB) LOS objects, 32% free, 33MB/49MB, paused 759us total 55.580ms
08-05 16:17:41.083 22094 22106 I art     : Starting a blocking GC Explicit
08-05 16:17:41.142 22094 22106 I art     : Explicit concurrent mark sweep GC freed 3738(180KB) AllocSpace objects, 2(92KB) LOS objects, 32% free, 33MB/49MB, paused 972us total 58.223ms
08-05 16:17:41.162 22094 22106 I art     : Starting a blocking GC Explicit
08-05 16:17:41.225 22094 22106 I art     : Explicit concurrent mark sweep GC freed 4382(160KB) AllocSpace objects, 0(0B) LOS objects, 32% free, 33MB/49MB, paused 930us total 62.825ms
08-05 16:17:41.604 22094 22338 I art     : Starting a blocking GC Explicit
08-05 16:17:41.678 22094 22338 I art     : Explicit concurrent mark sweep GC freed 18860(960KB) AllocSpace objects, 7(128KB) LOS objects, 33% free, 32MB/48MB, paused 637us total 73.803ms
08-05 16:17:41.699 22094 22338 I art     : Starting a blocking GC Explicit
08-05 16:17:41.757 22094 22338 I art     : Explicit concurrent mark sweep GC freed 101(4KB) AllocSpace objects, 0(0B) LOS objects, 33% free, 32MB/48MB, paused 559us total 57.078ms
08-05 16:17:41.776 22094 22338 I art     : Starting a blocking GC Explicit
08-05 16:17:41.835 22094 22338 I art     : Explicit concurrent mark sweep GC freed 3(96B) AllocSpace objects, 0(0B) LOS objects, 33% free, 32MB/48MB, paused 657us total 58.961ms
08-05 16:17:41.858 22094 22338 I art     : Starting a blocking GC Explicit
08-05 16:17:41.912 22094 22338 I art     : Explicit concurrent mark sweep GC freed 3(96B) AllocSpace objects, 0(0B) LOS objects, 33% free, 32MB/48MB, paused 534us total 53.583ms
08-05 16:17:41.931 22094 22338 I art     : Starting a blocking GC Explicit
08-05 16:17:41.991 22094 22338 I art     : Explicit concurrent mark sweep GC freed 3(96B) AllocSpace objects, 0(0B) LOS objects, 33% free, 32MB/48MB, paused 565us total 59.001ms
08-05 16:17:42.372 22094 22105 I art     : Starting a blocking GC Explicit
08-05 16:17:42.434 22094 22105 I art     : Explicit concurrent mark sweep GC freed 1355(82KB) AllocSpace objects, 1(20KB) LOS objects, 33% free, 32MB/48MB, paused 601us total 61.829ms
08-05 16:17:42.454 22094 22105 I art     : Starting a blocking GC Explicit
08-05 16:17:42.510 22094 22105 I art     : Explicit concurrent mark sweep GC freed 20(704B) AllocSpace objects, 0(0B) LOS objects, 33% free, 32MB/48MB, paused 558us total 55.214ms
08-05 16:17:42.529 22094 22105 I art     : Starting a blocking GC Explicit
08-05 16:17:42.584 22094 22105 I art     : Explicit concurrent mark sweep GC freed 3(96B) AllocSpace objects, 0(0B) LOS objects, 33% free, 32MB/48MB, paused 602us total 55.044ms
08-05 16:17:42.604 22094 22105 I art     : Starting a blocking GC Explicit
08-05 16:17:42.661 22094 22105 I art     : Explicit concurrent mark sweep GC freed 3(96B) AllocSpace objects, 0(0B) LOS objects, 33% free, 32MB/48MB, paused 571us total 56.639ms
08-05 16:17:42.683 22094 22105 I art     : Starting a blocking GC Explicit
08-05 16:17:42.742 22094 22105 I art     : Explicit concurrent mark sweep GC freed 3(96B) AllocSpace objects, 0(0B) LOS objects, 33% free, 32MB/48MB, paused 656us total 57.944ms
08-05 16:17:43.110 22094 22122 I art     : Starting a blocking GC Explicit
08-05 16:17:43.180 22094 22122 I art     : Explicit concurrent mark sweep GC freed 1357(83KB) AllocSpace objects, 1(20KB) LOS objects, 33% free, 32MB/48MB, paused 666us total 69.689ms
08-05 16:17:43.201 22094 22122 I art     : Starting a blocking GC Explicit
08-05 16:17:43.259 22094 22122 I art     : Explicit concurrent mark sweep GC freed 20(704B) AllocSpace objects, 0(0B) LOS objects, 33% free, 32MB/48MB, paused 573us total 56.937ms
08-05 16:17:43.278 22094 22122 I art     : Starting a blocking GC Explicit
08-05 16:17:43.337 22094 22122 I art     : Explicit concurrent mark sweep GC freed 3(96B) AllocSpace objects, 0(0B) LOS objects, 33% free, 32MB/48MB, paused 672us total 58.909ms
08-05 16:17:43.361 22094 22122 I art     : Starting a blocking GC Explicit
08-05 16:17:43.410 22094 22122 I art     : Explicit concurrent mark sweep GC freed 3(96B) AllocSpace objects, 0(0B) LOS objects, 33% free, 32MB/48MB, paused 552us total 48.878ms
08-05 16:17:43.429 22094 22122 I art     : Starting a blocking GC Explicit
08-05 16:17:43.477 22094 22122 I art     : Explicit concurrent mark sweep GC freed 3(96B) AllocSpace objects, 0(0B) LOS objects, 33% free, 32MB/48MB, paused 629us total 48.508ms
08-05 16:17:43.814 22094 22405 I art     : Starting a blocking GC Explicit
08-05 16:17:43.882 22094 22405 I art     : Explicit concurrent mark sweep GC freed 1354(82KB) AllocSpace objects, 1(20KB) LOS objects, 33% free, 32MB/48MB, paused 637us total 67.535ms
08-05 16:17:43.904 22094 22405 I art     : Starting a blocking GC Explicit
08-05 16:17:43.920 24676 24676 D AndroidRuntime: >>>>>> START com.android.internal.os.RuntimeInit uid 2000 <<<<<<
08-05 16:17:43.926 24676 24676 D AndroidRuntime: CheckJNI is OFF
08-05 16:17:43.957 22094 22405 I art     : Explicit concurrent mark sweep GC freed 20(704B) AllocSpace objects, 0(0B) LOS objects, 33% free, 32MB/48MB, paused 608us total 53.272ms
08-05 16:17:43.975 24676 24676 D ICU     : No timezone override file found: /data/misc/zoneinfo/current/icu/icu_tzdata.dat
08-05 16:17:43.976 22094 22405 I art     : Starting a blocking GC Explicit
08-05 16:17:44.022 24676 24676 I Radio-JNI: register_android_hardware_Radio DONE
08-05 16:17:44.028 22094 22405 I art     : Explicit concurrent mark sweep GC freed 3(96B) AllocSpace objects, 0(0B) LOS objects, 33% free, 32MB/48MB, paused 632us total 52.111ms
08-05 16:17:44.047 22094 22405 I art     : Starting a blocking GC Explicit
08-05 16:17:44.052 24676 24676 D AndroidRuntime: Calling main entry com.android.commands.input.Input
08-05 16:17:44.054 24676 24676 I Input   : injectMotionEvent: MotionEvent { action=ACTION_DOWN, actionButton=0, id[0]=0, x[0]=600.0, y[0]=580.0, toolType[0]=TOOL_TYPE_UNKNOWN, buttonState=0, metaState=0, flags=0x0, edgeFlags=0x0, pointerCount=1, historySize=0, eventTime=807480466, downTime=807480466, deviceId=0, source=0x1002 }
08-05 16:17:44.061 24676 24676 I Input   : injectMotionEvent: MotionEvent { action=ACTION_UP, actionButton=0, id[0]=0, x[0]=600.0, y[0]=580.0, toolType[0]=TOOL_TYPE_UNKNOWN, buttonState=0, metaState=0, flags=0x0, edgeFlags=0x0, pointerCount=1, historySize=0, eventTime=807480466, downTime=807480466, deviceId=0, source=0x1002 }
08-05 16:17:44.064 24676 24676 D AndroidRuntime: Shutting down VM
08-05 16:17:44.083   918  3696 I ActivityManager: START u0 {cmp=baseline.org.quantumbadger.redreader/.activities.WebViewActivity (has extras)} from uid 10689 on display 0
08-05 16:17:44.084   512  2967 D audio_hw_primary: out_set_parameters: enter: usecase(1: low-latency-playback) kvpairs: routing=2
08-05 16:17:44.097   512  2967 D audio_hw_primary: select_devices: out_snd_device(2: speaker) in_snd_device(0: none)
08-05 16:17:44.097   512  2967 D msm8974_platform: platform_send_audio_calibration: sending audio calibration for snd_device(2) acdb_id(15)
08-05 16:17:44.098   512  2967 I soundtrigger: audio_extn_sound_trigger_update_device_status: device 0x2 of type 0 for Event 1
08-05 16:17:44.098 22094 22405 I art     : Explicit concurrent mark sweep GC freed 152(5KB) AllocSpace objects, 0(0B) LOS objects, 33% free, 32MB/48MB, paused 781us total 50.350ms
08-05 16:17:44.113   512  2967 D audio_hw_primary: enable_snd_device: snd_device(2: speaker)
08-05 16:17:44.113 22094 22094 I AppCompatViewInflater: app:theme is now deprecated. Please move to using android:theme instead.
08-05 16:17:44.115   512  2967 D audio_hw_primary: enable_audio_route: apply and update mixer path: low-latency-playback speaker
08-05 16:17:44.119 22094 22405 I art     : Starting a blocking GC Explicit
08-05 16:17:44.137   918  3961 D ConnectivityService: listenForNetwork for Listen from uid/pid:10689/22094 for NetworkRequest [ id=3401, legacyType=-1, [ Capabilities: INTERNET&NOT_RESTRICTED&TRUSTED] ]
08-05 16:17:44.165 22094 22405 I art     : Explicit concurrent mark sweep GC freed 10222(980KB) AllocSpace objects, 17(2MB) LOS objects, 35% free, 29MB/45MB, paused 821us total 45.431ms
08-05 16:17:44.250   918   936 I ActivityManager: Displayed baseline.org.quantumbadger.redreader/.activities.WebViewActivity: +157ms
08-05 16:17:44.250 13866 13866 I GoogleInputMethodServic: GoogleInputMethodService.onFinishInput():3138 
08-05 16:17:44.251 13866 13866 I GoogleInputMethodServic: GoogleInputMethodService.onStartInput():1808 
08-05 16:17:44.476 22094 22405 I art     : Starting a blocking GC Explicit
08-05 16:17:44.493   380   380 W SurfaceFlinger: couldn't log to binary event log: overflow.
08-05 16:17:44.527 22094 22405 I art     : Explicit concurrent mark sweep GC freed 2727(149KB) AllocSpace objects, 1(20KB) LOS objects, 35% free, 29MB/45MB, paused 518us total 50.751ms
08-05 16:17:44.545 22094 22405 I art     : Starting a blocking GC Explicit
08-05 16:17:44.590 22094 22405 I art     : Explicit concurrent mark sweep GC freed 144(7KB) AllocSpace objects, 0(0B) LOS objects, 35% free, 29MB/45MB, paused 726us total 44.267ms
08-05 16:17:44.609 22094 22405 I art     : Starting a blocking GC Explicit
08-05 16:17:44.649   512  2967 D audio_hw_primary: disable_audio_route: reset and update mixer path: low-latency-playback speaker
08-05 16:17:44.650   512  2967 D audio_hw_primary: disable_snd_device: snd_device(2: speaker)
08-05 16:17:44.653 22094 24622 I RedditChangeDataIO: Writing tmp data file at '/data/user/0/baseline.org.quantumbadger.redreader/files/rr_change_data_tmp.dat'
08-05 16:17:44.653 22094 24622 I RedditChangeDataManager: Taking snapshot...
08-05 16:17:44.653 22094 24622 I RedditChangeDataManager: Writing to stream...
08-05 16:17:44.654 22094 24622 I RedditChangeDataManager: Wrote 5 entries for user ''
08-05 16:17:44.654 22094 24622 I RedditChangeDataManager: All entries written to stream.
08-05 16:17:44.654 22094 24622 I RedditChangeDataIO: Write successful. Atomically replacing data file...
08-05 16:17:44.654 22094 24622 I RedditChangeDataIO: Write complete.
08-05 16:17:44.654 22094 22405 I art     : Explicit concurrent mark sweep GC freed 587(31KB) AllocSpace objects, 0(0B) LOS objects, 35% free, 29MB/45MB, paused 592us total 44.825ms
08-05 16:17:44.656 22094 24622 I RedditChangeDataIO: 134 bytes written in 2 ms
08-05 16:17:44.659   512  2967 I soundtrigger: audio_extn_sound_trigger_update_device_status: device 0x2 of type 0 for Event 0
08-05 16:17:44.676 22094 22405 I art     : Starting a blocking GC Explicit
08-05 16:17:44.721 22094 22405 I art     : Explicit concurrent mark sweep GC freed 367(22KB) AllocSpace objects, 1(68KB) LOS objects, 35% free, 29MB/45MB, paused 528us total 44.724ms
08-05 16:17:44.742 22094 22405 I art     : Starting a blocking GC Explicit
08-05 16:17:44.791 22094 22405 I art     : Explicit concurrent mark sweep GC freed 22(1008B) AllocSpace objects, 0(0B) LOS objects, 35% free, 29MB/45MB, paused 814us total 48.745ms
08-05 16:17:45.172 22094 22338 I art     : Starting a blocking GC Explicit
08-05 16:17:45.225 22094 22338 I art     : Explicit concurrent mark sweep GC freed 1408(85KB) AllocSpace objects, 1(20KB) LOS objects, 35% free, 29MB/45MB, paused 611us total 52.867ms
08-05 16:17:45.225 22094 22104 I art     : WaitForGcToComplete blocked for 31.950ms for cause HeapTrim
08-05 16:17:45.243 22094 22338 I art     : Starting a blocking GC Explicit
08-05 16:17:45.288 22094 22338 I art     : Explicit concurrent mark sweep GC freed 28(960B) AllocSpace objects, 0(0B) LOS objects, 35% free, 29MB/45MB, paused 673us total 44.242ms
08-05 16:17:45.307 22094 22338 I art     : Starting a blocking GC Explicit
08-05 16:17:45.350 22144 22144 I ServiceManager: Waiting for service AtCmdFwd...
08-05 16:17:45.351 22094 22338 I art     : Explicit concurrent mark sweep GC freed 11(352B) AllocSpace objects, 0(0B) LOS objects, 35% free, 29MB/45MB, paused 483us total 44.318ms
08-05 16:17:45.370 22094 22338 I art     : Starting a blocking GC Explicit
08-05 16:17:45.416 22094 22338 I art     : Explicit concurrent mark sweep GC freed 11(352B) AllocSpace objects, 0(0B) LOS objects, 35% free, 29MB/45MB, paused 493us total 45.738ms
08-05 16:17:45.435 22094 22338 I art     : Starting a blocking GC Explicit
08-05 16:17:45.483 22094 22338 I art     : Explicit concurrent mark sweep GC freed 11(352B) AllocSpace objects, 0(0B) LOS objects, 35% free, 29MB/45MB, paused 490us total 47.159ms
08-05 16:17:45.601 22094 22094 I chromium: [INFO:CONSOLE(1)] "
08-05 16:17:45.601 22094 22094 I chromium:                   ,d"=,.,qOp,
08-05 16:17:45.601 22094 22094 I chromium:                  ,7'  ''$(  )
08-05 16:17:45.601 22094 22094 I chromium:                 ,7'      '?q$7'
08-05 16:17:45.601 22094 22094 I chromium:              ..,$$,.
08-05 16:17:45.601 22094 22094 I chromium:    ,.  .,,--***""***--,,.  .,
08-05 16:17:45.601 22094 22094 I chromium:     ,p''              ''q,   
08-05 16:17:45.601 22094 22094 I chromium: :  ,7'                      '7,  :
08-05 16:17:45.601 22094 22094 I chromium:  ' $      ,db,      ,db,      $ '
08-05 16:17:45.601 22094 22094 I chromium:   '$      $$      $$      $'    Using Reddit at work? Work for Reddit.
08-05 16:17:45.601 22094 22094 I chromium:   '$                          $'        https://www.reddit.com/jobs
08-05 16:17:45.601 22094 22094 I chromium:    '$.     .,        ,.     .$'
08-05 16:17:45.601 22094 22094 I chromium:     'b,     ''     ,d'
08-05 16:17:45.601 22094 22094 I chromium:      '?bn,,          ,,nd?'
08-05 16:17:45.601 22094 22094 I chromium:        ,7$ '''' $7,
08-05 16:17:45.601 22094 22094 I chromium:      , $              $ ,
08-05 16:17:45.601 22094 22094 I chromium:      $  :$              $:  $
08-05 16:17:45.601 22094 22094 I chromium:      $   $              $   $
08-05 16:17:45.601 22094 22094 I chromium:      'b  q:            :p  d'
08-05 16:17:45.601 22094 22094 I chromium:       '?$.          .$?'
08-05 16:17:45.601 22094 22094 I chromium:          'b            d'
08-05 16:17:45.601 22094 22094 I chromium:        ,'?,.      .,?',
08-05 16:17:45.601 22094 22094 I chromium:       ==--==--==--==
08-05 16:17:45.601 22094 22094 I chromium: ", source: https://www.redditstatic.com/desktop2x/Chat~Governance~Reddit.2ea93b134a9b2e5b1d9a.js (1)
08-05 16:17:45.876 22094 22105 I art     : Starting a blocking GC Explicit
08-05 16:17:45.931 22094 22105 I art     : Explicit concurrent mark sweep GC freed 1438(87KB) AllocSpace objects, 1(20KB) LOS objects, 35% free, 29MB/45MB, paused 581us total 54.925ms
08-05 16:17:45.956 22094 22105 I art     : Starting a blocking GC Explicit
08-05 16:17:46.003 22094 22105 I art     : Explicit concurrent mark sweep GC freed 42(1408B) AllocSpace objects, 0(0B) LOS objects, 35% free, 29MB/45MB, paused 481us total 46.291ms
08-05 16:17:46.034 22094 22105 I art     : Starting a blocking GC Explicit
08-05 16:17:46.087 22094 22105 I art     : Explicit concurrent mark sweep GC freed 289(43KB) AllocSpace objects, 0(0B) LOS objects, 35% free, 29MB/45MB, paused 490us total 52.009ms
08-05 16:17:46.104 22094 22105 I art     : Starting a blocking GC Explicit
08-05 16:17:46.149 22094 22105 I art     : Explicit concurrent mark sweep GC freed 68(2272B) AllocSpace objects, 0(0B) LOS objects, 35% free, 29MB/45MB, paused 515us total 44.602ms
08-05 16:17:46.167 22094 22105 I art     : Starting a blocking GC Explicit
08-05 16:17:46.215 22094 22105 I art     : Explicit concurrent mark sweep GC freed 3(96B) AllocSpace objects, 0(0B) LOS objects, 35% free, 29MB/45MB, paused 579us total 47.601ms
08-05 16:17:46.351 22144 22144 I ServiceManager: Waiting for service AtCmdFwd...
08-05 16:17:46.370   518   646 I ThermalEngine: ACTION: GPU - Setting GPU[0] to 390000000
08-05 16:17:46.664 22094 22105 I art     : Starting a blocking GC Explicit
08-05 16:17:46.726 22094 22105 I art     : Explicit concurrent mark sweep GC freed 1568(95KB) AllocSpace objects, 1(20KB) LOS objects, 35% free, 29MB/45MB, paused 848us total 61.139ms
08-05 16:17:46.751 22094 22105 I art     : Starting a blocking GC Explicit
08-05 16:17:46.814 22094 22105 I art     : Explicit concurrent mark sweep GC freed 20(704B) AllocSpace objects, 0(0B) LOS objects, 35% free, 29MB/45MB, paused 907us total 62.295ms
08-05 16:17:46.839 22094 22105 I art     : Starting a blocking GC Explicit
08-05 16:17:46.899 22094 22105 I art     : Explicit concurrent mark sweep GC freed 16(2640B) AllocSpace objects, 0(0B) LOS objects, 35% free, 29MB/45MB, paused 739us total 60.126ms
08-05 16:17:46.923 22094 22105 I art     : Starting a blocking GC Explicit
08-05 16:17:46.989 22094 22105 I art     : Explicit concurrent mark sweep GC freed 3(96B) AllocSpace objects, 0(0B) LOS objects, 35% free, 29MB/45MB, paused 879us total 65.267ms
08-05 16:17:47.013 22094 22105 I art     : Starting a blocking GC Explicit
08-05 16:17:47.079 22094 22105 I art     : Explicit concurrent mark sweep GC freed 3(96B) AllocSpace objects, 0(0B) LOS objects, 35% free, 29MB/45MB, paused 815us total 65.666ms
08-05 16:17:47.351 22144 22144 I ServiceManager: Waiting for service AtCmdFwd...
08-05 16:17:47.474 22094 22405 I art     : Starting a blocking GC Explicit
08-05 16:17:47.533 22094 22405 I art     : Explicit concurrent mark sweep GC freed 1403(85KB) AllocSpace objects, 1(20KB) LOS objects, 35% free, 29MB/45MB, paused 879us total 58.416ms
08-05 16:17:47.558 22094 22405 I art     : Starting a blocking GC Explicit
08-05 16:17:47.614 22094 22405 I art     : Explicit concurrent mark sweep GC freed 91(3KB) AllocSpace objects, 0(0B) LOS objects, 35% free, 29MB/45MB, paused 790us total 55.615ms
08-05 16:17:47.638 22094 22405 I art     : Starting a blocking GC Explicit
08-05 16:17:47.703 22094 22405 I art     : Explicit concurrent mark sweep GC freed 3(96B) AllocSpace objects, 0(0B) LOS objects, 35% free, 29MB/45MB, paused 765us total 63.805ms
08-05 16:17:47.727 22094 22405 I art     : Starting a blocking GC Explicit
08-05 16:17:47.792 22094 22405 I art     : Explicit concurrent mark sweep GC freed 3(96B) AllocSpace objects, 0(0B) LOS objects, 35% free, 29MB/45MB, paused 759us total 64.417ms
08-05 16:17:47.817 22094 22405 I art     : Starting a blocking GC Explicit
08-05 16:17:47.883 22094 22405 I art     : Explicit concurrent mark sweep GC freed 3(96B) AllocSpace objects, 0(0B) LOS objects, 35% free, 29MB/45MB, paused 860us total 65.439ms
08-05 16:17:48.288 22094 22405 I art     : Starting a blocking GC Explicit
08-05 16:17:48.346 22094 22405 I art     : Explicit concurrent mark sweep GC freed 1357(82KB) AllocSpace objects, 1(20KB) LOS objects, 35% free, 29MB/45MB, paused 858us total 57.106ms
08-05 16:17:48.352 22144 22144 I ServiceManager: Waiting for service AtCmdFwd...
08-05 16:17:48.372 22094 22405 I art     : Starting a blocking GC Explicit
08-05 16:17:48.427 22094 22405 I art     : Explicit concurrent mark sweep GC freed 20(704B) AllocSpace objects, 0(0B) LOS objects, 35% free, 29MB/45MB, paused 850us total 54.223ms
08-05 16:17:48.451 22094 22405 I art     : Starting a blocking GC Explicit
08-05 16:17:48.514 22094 22405 I art     : Explicit concurrent mark sweep GC freed 3(96B) AllocSpace objects, 0(0B) LOS objects, 35% free, 29MB/45MB, paused 750us total 62.872ms
08-05 16:17:48.538 22094 22405 I art     : Starting a blocking GC Explicit
08-05 16:17:48.633 22094 22405 I art     : Explicit concurrent mark sweep GC freed 3(96B) AllocSpace objects, 0(0B) LOS objects, 35% free, 29MB/45MB, paused 867us total 94.300ms
08-05 16:17:48.667 22094 22405 I art     : Starting a blocking GC Explicit
08-05 16:17:48.725 22094 22405 I art     : Explicit concurrent mark sweep GC freed 3(96B) AllocSpace objects, 0(0B) LOS objects, 35% free, 29MB/45MB, paused 780us total 57.576ms
08-05 16:17:49.086 24772 24772 D AndroidRuntime: >>>>>> START com.android.internal.os.RuntimeInit uid 2000 <<<<<<
08-05 16:17:49.092 24772 24772 D AndroidRuntime: CheckJNI is OFF
08-05 16:17:49.144 24772 24772 D ICU     : No timezone override file found: /data/misc/zoneinfo/current/icu/icu_tzdata.dat
08-05 16:17:49.198 24772 24772 I Radio-JNI: register_android_hardware_Radio DONE
08-05 16:17:49.220 22094 22106 I art     : Starting a blocking GC Explicit
08-05 16:17:49.231 24772 24772 D AndroidRuntime: Calling main entry com.android.commands.input.Input
08-05 16:17:49.237 24772 24772 I Input   : injectKeyEvent: KeyEvent { action=ACTION_DOWN, keyCode=KEYCODE_BACK, scanCode=0, metaState=0, flags=0x0, repeatCount=0, eventTime=807485650, downTime=807485650, deviceId=-1, source=0x101 }
08-05 16:17:49.243 24772 24772 I Input   : injectKeyEvent: KeyEvent { action=ACTION_UP, keyCode=KEYCODE_BACK, scanCode=0, metaState=0, flags=0x0, repeatCount=0, eventTime=807485650, downTime=807485650, deviceId=-1, source=0x101 }
08-05 16:17:49.249 24772 24772 D AndroidRuntime: Shutting down VM
08-05 16:17:49.313 22094 22106 I art     : Explicit concurrent mark sweep GC freed 1487(87KB) AllocSpace objects, 1(20KB) LOS objects, 35% free, 29MB/45MB, paused 795us total 92.394ms
08-05 16:17:49.318 13866 13866 I GoogleInputMethodServic: GoogleInputMethodService.onFinishInput():3138 
08-05 16:17:49.318 13866 13866 I GoogleInputMethodServic: GoogleInputMethodService.onStartInput():1808 
08-05 16:17:49.336 22094 22106 I art     : Starting a blocking GC Explicit
08-05 16:17:49.353 22144 22144 I ServiceManager: Waiting for service AtCmdFwd...
08-05 16:17:49.400 22094 22106 I art     : Explicit concurrent mark sweep GC freed 155(5KB) AllocSpace objects, 0(0B) LOS objects, 35% free, 29MB/45MB, paused 773us total 63.531ms
08-05 16:17:49.423 22094 22106 I art     : Starting a blocking GC Explicit
08-05 16:17:49.474 22094 22106 I art     : Explicit concurrent mark sweep GC freed 8(304B) AllocSpace objects, 0(0B) LOS objects, 35% free, 29MB/45MB, paused 732us total 50.887ms
08-05 16:17:49.501 22094 22106 I art     : Starting a blocking GC Explicit
08-05 16:17:49.558 22094 22106 I art     : Explicit concurrent mark sweep GC freed 3(96B) AllocSpace objects, 0(0B) LOS objects, 35% free, 29MB/45MB, paused 786us total 56.084ms
08-05 16:17:49.582 22094 22106 I art     : Starting a blocking GC Explicit
08-05 16:17:49.641 22094 22106 I art     : Explicit concurrent mark sweep GC freed 3(96B) AllocSpace objects, 0(0B) LOS objects, 35% free, 29MB/45MB, paused 766us total 59.110ms
08-05 16:17:49.660   380   380 W SurfaceFlinger: couldn't log to binary event log: overflow.
08-05 16:17:49.693   918  3263 D ConnectivityService: releasing NetworkRequest NetworkRequest [ id=3401, legacyType=-1, [ Capabilities: INTERNET&NOT_RESTRICTED&TRUSTED] ]
08-05 16:17:50.052 22094 22405 I art     : Starting a blocking GC Explicit
08-05 16:17:50.137 22094 22405 I art     : Explicit concurrent mark sweep GC freed 2239(123KB) AllocSpace objects, 1(20KB) LOS objects, 35% free, 29MB/45MB, paused 1.584ms total 84.456ms
08-05 16:17:50.165 22094 22405 I art     : Starting a blocking GC Explicit
08-05 16:17:50.223 22094 22405 I art     : Explicit concurrent mark sweep GC freed 2114(124KB) AllocSpace objects, 1(28KB) LOS objects, 35% free, 29MB/45MB, paused 830us total 57.685ms
08-05 16:17:50.249 22094 22405 I art     : Starting a blocking GC Explicit
08-05 16:17:50.308 22094 22405 I art     : Explicit concurrent mark sweep GC freed 3(96B) AllocSpace objects, 0(0B) LOS objects, 35% free, 29MB/45MB, paused 1.002ms total 59.456ms
08-05 16:17:50.309 22094 22104 I art     : WaitForGcToComplete blocked for 20.848ms for cause HeapTrim
08-05 16:17:50.334 22094 22405 I art     : Starting a blocking GC Explicit
08-05 16:17:50.353 22144 22144 W Atfwd_Sendcmd: AtCmdFwd service not published, waiting... retryCnt : 1
08-05 16:17:50.391 22094 22405 I art     : Explicit concurrent mark sweep GC freed 3(96B) AllocSpace objects, 0(0B) LOS objects, 35% free, 29MB/45MB, paused 658us total 57.033ms
08-05 16:17:50.416 22094 22405 I art     : Starting a blocking GC Explicit
08-05 16:17:50.479 22094 22405 I art     : Explicit concurrent mark sweep GC freed 3(96B) AllocSpace objects, 0(0B) LOS objects, 35% free, 29MB/45MB, paused 1.292ms total 62.709ms
08-05 16:17:50.852 22094 22338 I art     : Starting a blocking GC Explicit
08-05 16:17:50.911 22094 22338 I art     : Explicit concurrent mark sweep GC freed 1356(82KB) AllocSpace objects, 1(20KB) LOS objects, 35% free, 29MB/45MB, paused 821us total 57.939ms
08-05 16:17:50.936 22094 22338 I art     : Starting a blocking GC Explicit
08-05 16:17:50.994 22094 22338 I art     : Explicit concurrent mark sweep GC freed 20(704B) AllocSpace objects, 0(0B) LOS objects, 35% free, 29MB/45MB, paused 704us total 57.633ms
08-05 16:17:51.019 22094 22338 I art     : Starting a blocking GC Explicit
08-05 16:17:51.077 22094 22338 I art     : Explicit concurrent mark sweep GC freed 3(96B) AllocSpace objects, 0(0B) LOS objects, 35% free, 29MB/45MB, paused 786us total 57.548ms
08-05 16:17:51.101 22094 22338 I art     : Starting a blocking GC Explicit
08-05 16:17:51.159 22094 22338 I art     : Explicit concurrent mark sweep GC freed 3(96B) AllocSpace objects, 0(0B) LOS objects, 35% free, 29MB/45MB, paused 840us total 57.559ms
08-05 16:17:51.171 24806 24806 D AndroidRuntime: >>>>>> START com.android.internal.os.RuntimeInit uid 2000 <<<<<<
08-05 16:17:51.178 24806 24806 D AndroidRuntime: CheckJNI is OFF
08-05 16:17:51.185 22094 22338 I art     : Starting a blocking GC Explicit
08-05 16:17:51.228 24806 24806 D ICU     : No timezone override file found: /data/misc/zoneinfo/current/icu/icu_tzdata.dat
08-05 16:17:51.240 22094 22338 I art     : Explicit concurrent mark sweep GC freed 3(96B) AllocSpace objects, 0(0B) LOS objects, 35% free, 29MB/45MB, paused 872us total 54.569ms
08-05 16:17:51.274 24806 24806 I Radio-JNI: register_android_hardware_Radio DONE
08-05 16:17:51.306 24806 24806 D AndroidRuntime: Calling main entry com.android.commands.input.Input
08-05 16:17:51.308 24806 24806 I Input   : injectKeyEvent: KeyEvent { action=ACTION_DOWN, keyCode=KEYCODE_BACK, scanCode=0, metaState=0, flags=0x0, repeatCount=0, eventTime=807487721, downTime=807487721, deviceId=-1, source=0x101 }
08-05 16:17:51.314 24806 24806 I Input   : injectKeyEvent: KeyEvent { action=ACTION_UP, keyCode=KEYCODE_BACK, scanCode=0, metaState=0, flags=0x0, repeatCount=0, eventTime=807487721, downTime=807487721, deviceId=-1, source=0x101 }
08-05 16:17:51.321 24806 24806 D AndroidRuntime: Shutting down VM
08-05 16:17:51.363 13866 13866 I GoogleInputMethodServic: GoogleInputMethodService.onFinishInput():3138 
08-05 16:17:51.364 13866 13866 I GoogleInputMethodServic: GoogleInputMethodService.onStartInput():1808 
