--------- beginning of main
08-05 01:20:23.965 24365  6125 W GCM     : Unexpected forwarded intent: Intent { act=android.intent.action.PACKAGE_ADDED dat=package:baseline.org.quantumbadger.redreader flg=0x4000010 cmp=com.google.android.gms/.chimera.PersistentIntentOperationService (has extras) }
08-05 01:20:23.967 23763 23763 I Finsky  : [1] uah.a(18): PackageMonitorReceiverImpl - Received: android.intent.action.PACKAGE_ADDED, [ocpw8ddNLhG67i_cxGNvtEQwqY1k5QNC_my-vN553D4]
08-05 01:20:23.967 23763 23763 I Finsky  : [1] ubi.d(9): Invalidating cached PackageState for baseline.org.quantumbadger.redreader
08-05 01:20:23.970 24365  6125 W GCM     : Unexpected forwarded intent: Intent { act=android.intent.action.PACKAGE_ADDED dat=package:baseline.org.quantumbadger.redreader flg=0x4000010 cmp=com.google.android.gms/.chimera.PersistentIntentOperationService (has extras) }
08-05 01:20:23.973 23763 23763 I Finsky  : [1] lzi.c(2): Frosting ID looked up on UI thread. Caller should move to a background thread.
08-05 01:20:23.981 23763 23763 I Finsky  : [1] agsx.a(4): Do not start WearSupportService due to Wear service optimization
08-05 01:20:23.987 23763 23763 I Finsky  : [1] agsx.a(4): Do not start WearSupportService due to Wear service optimization
08-05 01:20:23.988 23763 23763 I Finsky  : [1] zko.a(1): Clearing split related stale data.
08-05 01:20:23.995 24577  6120 I Auth    : [SupervisedAccountIntentOperation] onHandleIntent(): android.intent.action.PACKAGE_ADDED
08-05 01:20:23.996 24577  6120 I ChromeSync: [Sync,SyncIntentOperation] Handling the intent: Intent { act=android.intent.action.PACKAGE_ADDED dat=package:baseline.org.quantumbadger.redreader flg=0x4000010 cmp=com.google.android.gms/.chimera.GmsIntentOperationService (has extras) }.
08-05 01:20:24.044   918  5481 I AccountManagerService: getTypesVisibleToCaller: isPermitted? true
08-05 01:20:24.051 23763  6133 I Finsky  : [6042] eji.a(-1): Asset module storage cleared for package baseline.org.quantumbadger.redreader.
08-05 01:20:24.071 23763 23763 I Finsky  : [1] lzi.c(2): Frosting ID looked up on UI thread. Caller should move to a background thread.
--------- beginning of system
08-05 01:20:24.103   918  4413 W ActivityManager: Unbind failed: could not find connection for android.os.BinderProxy@7872e6c
08-05 01:20:24.122 24577 24621 E GmsClient: unable to connect to service: com.google.android.gms.auth.key.retrieval.service.START on com.google.android.gms
08-05 01:20:24.142   918  6110 I AccountManagerService: getTypesVisibleToCaller: isPermitted? true
08-05 01:20:24.143 24577  6120 I ChromeSync: [Persistence,AffiliationManager] One of affiliation or grouping data for android://bz0hZa4nAJEtd0n5sRlXG7KAqctUMWVefv7Ki4mh1p6slZ9YO-n9gS9j8m9YCrsIyI2wIxrDHraumF9Y6pBLTA==@baseline.org.quantumbadger.redreader/ was not found. Marking affiliation data as stale...
08-05 01:20:24.204 23763  6130 I Finsky  : [6040] lyv.run(-1): Wrote row to frosting DB: 2570
08-05 01:20:24.213   918  6112 I AccountManagerService: getTypesVisibleToCaller: isPermitted? true
08-05 01:20:24.263 23763  6130 I Finsky  : [6040] lyv.run(-1): Wrote row to frosting DB: 2571
08-05 01:20:24.277 24577 13294 I Icing   : IndexChimeraService.getServiceInterface callingPackage=com.google.android.gms componentName=AppsCorpus serviceId=36
08-05 01:20:24.306 24577 23235 W Icing   : No valid account for uploading user actions
08-05 01:20:24.332 24577 13294 I Icing   : IndexChimeraService.getServiceInterface callingPackage=com.google.android.gms componentName=null serviceId=30
08-05 01:20:24.353 23763 23763 I Finsky  : [1] xmu.a(8): SCH: Jobs in database: 1-1337 3-199 3-200 12-1 24-77777777 26-1414141414 
08-05 01:20:24.355 23763 23763 I Finsky  : [1] xio.a(57): SCH: ConstraintMapping: 24-77777777,  -> L: 0ms, D: 71376165ms, C: false, I: true, N: 0
08-05 01:20:24.355 23763 23763 I Finsky  : [1] xio.a(57): SCH: ConstraintMapping: 1-1337, 12-1,  -> L: 14698ms, D: 31528556ms, C: false, I: false, N: 1
08-05 01:20:24.356 23763 23763 I Finsky  : [1] xio.a(57): SCH: ConstraintMapping: 3-199,  -> L: 0ms, D: 82968899ms, C: false, I: true, N: 2
08-05 01:20:24.356 23763 23763 I Finsky  : [1] xio.a(57): SCH: ConstraintMapping: 3-200,  -> L: 0ms, D: 82969004ms, C: true, I: true, N: 2
08-05 01:20:24.358 23763 23763 I Finsky  : [1] xio.a(57): SCH: ConstraintMapping: 26-1414141414,  -> L: 36166039ms, D: 37066039ms, C: false, I: false, N: 0
08-05 01:20:24.359 23763  6132 I Finsky  : [6041] gzn.a(-1): [ContentSync] finished, scheduled=true
08-05 01:20:24.364 24577 23235 I Icing   : Usage reports ok 1, Failed Usage reports 0, indexed 0, rejected 0
08-05 01:20:24.368 24577 23235 W Icing   : No valid account for uploading user actions
08-05 01:20:24.369 24577 13294 I Icing   : IndexChimeraService.getServiceInterface callingPackage=com.google.android.gms componentName=null serviceId=36
08-05 01:20:24.377 23763 23763 I Finsky  : [1] xle.a(34): Cancelling existing jobscheduler jobs: 9002 9009 9005 9003 9010 9004 9011 9001 9008 9012 
08-05 01:20:24.377 23763 23763 I Finsky  : [1] xle.a(27): Scheduling job Id: 9000, L: 0, D: 71376165, C: false, I: true, N: 0
08-05 01:20:24.377 24577 23235 I Icing   : Usage reports ok 0, Failed Usage reports 0, indexed 0, rejected 0
08-05 01:20:24.378 24577 23235 I Icing   : Indexing com.google.android.gms-internal.3p:MobileApplication from com.google.android.gms using seqno 763
08-05 01:20:24.378 23763 23763 I Finsky  : [1] xle.a(27): Scheduling job Id: 9006, L: 14698, D: 31528556, C: false, I: false, N: 1
08-05 01:20:24.380 23763 23763 I Finsky  : [1] xle.a(27): Scheduling job Id: 9007, L: 0, D: 82968899, C: false, I: true, N: 2
08-05 01:20:24.382 23763 23763 I Finsky  : [1] xle.a(27): Scheduling job Id: 9013, L: 0, D: 82969004, C: true, I: true, N: 2
08-05 01:20:24.383 23763 23763 I Finsky  : [1] xle.a(27): Scheduling job Id: 9014, L: 36166039, D: 37066039, C: false, I: false, N: 0
08-05 01:20:24.385 23763 23763 I Finsky  : [1] xle.a(27): Scheduling job Id: 9015, L: 0, D: 71376165, C: false, I: true, N: 0
08-05 01:20:24.386 23763 23763 I Finsky  : [1] xle.a(27): Scheduling job Id: 9016, L: 14698, D: 31528556, C: false, I: false, N: 1
08-05 01:20:24.388 23763 23763 I Finsky  : [1] xle.a(27): Scheduling job Id: 9017, L: 0, D: 82968899, C: false, I: true, N: 2
08-05 01:20:24.389 23763 23763 I Finsky  : [1] xle.a(27): Scheduling job Id: 9018, L: 0, D: 82969004, C: true, I: true, N: 2
08-05 01:20:24.390 23763 23763 I Finsky  : [1] xle.a(27): Scheduling job Id: 9019, L: 36166039, D: 37066039, C: false, I: false, N: 0
08-05 01:20:24.408 24577 23235 W Icing   : No valid account for uploading user actions
08-05 01:20:24.412  1652  1652 I ServiceManager: Waiting for service AtCmdFwd...
08-05 01:20:24.418 24577 23235 I Icing   : Usage reports ok 0, Failed Usage reports 0, indexed 0, rejected 0
08-05 01:20:24.535  6153  6153 D AndroidRuntime: >>>>>> START com.android.internal.os.RuntimeInit uid 2000 <<<<<<
08-05 01:20:24.541  6153  6153 D AndroidRuntime: CheckJNI is OFF
08-05 01:20:24.579  6153  6153 D ICU     : No timezone override file found: /data/misc/zoneinfo/current/icu/icu_tzdata.dat
08-05 01:20:24.614  6153  6153 I Radio-JNI: register_android_hardware_Radio DONE
08-05 01:20:24.631  6153  6153 D AndroidRuntime: Calling main entry com.android.commands.monkey.Monkey
08-05 01:20:24.647   918   931 W BroadcastQueue: Skipping deliver [background] BroadcastRecord{198ddd0 u-1 android.net.conn.CONNECTIVITY_CHANGE} to ReceiverList{8c01c9 6153 (unknown name)/2000/u-1 remote:39fae82}: process crashing
08-05 01:20:24.657   918  6112 I ActivityManager: START u0 {act=android.intent.action.MAIN cat=[android.intent.category.LAUNCHER] flg=0x10200000 cmp=baseline.org.quantumbadger.redreader/.activities.MainActivity} from uid 2000 on display 0
08-05 01:20:24.701  6162  6162 I art     : Late-enabling -Xcheck:jni
08-05 01:20:24.701   918   928 I ActivityManager: Start proc 6162:baseline.org.quantumbadger.redreader/u0a689 for activity baseline.org.quantumbadger.redreader/.activities.MainActivity
08-05 01:20:24.720  6153  6153 I art     : System.exit called, status: 0
08-05 01:20:24.721  6153  6153 I AndroidRuntime: VM exiting with result code 0.
08-05 01:20:24.765  6162  6162 W System  : ClassLoader referenced unknown path: /data/app/baseline.org.quantumbadger.redreader-1/lib/arm64
08-05 01:20:24.766   719 23718 I PBSessionCacheImpl: Deleted sessionId[3163792008073881] from persistence.
08-05 01:20:24.773   719   760 W SearchServiceCore: Abort, client detached.
08-05 01:20:24.773   719   760 I MicroDetectionState: Should stop hotword detection immediately - true
08-05 01:20:24.780  6162  6162 I RedReader: Application created.
08-05 01:20:24.785  6162  6179 I RedditChangeDataIO: Running initial read...
08-05 01:20:24.787  6162  6162 I RedReader: Checking for new messages.
08-05 01:20:24.791  6162  6179 I RedditChangeDataIO: Data file at '/data/user/0/baseline.org.quantumbadger.redreader/files/rr_change_data.dat'
08-05 01:20:24.792  6162  6179 I RedditChangeDataIO: Data file does not exist. Aborting read.
08-05 01:20:24.793  6162  6179 I RedditChangeDataManager: Pruning for all users...
08-05 01:20:24.794  6162  6179 I RedditChangeDataManager: Pruning complete.
08-05 01:20:24.890  6162  6178 I CacheManager: Pruning 0 files
08-05 01:20:24.905  6162  6162 W art     : Before Android 4.1, method android.graphics.PorterDuffColorFilter androidx.vectordrawable.graphics.drawable.VectorDrawableCompat.updateTintFilter(android.graphics.PorterDuffColorFilter, android.content.res.ColorStateList, android.graphics.PorterDuff$Mode) would have incorrectly overridden the package-private method in android.graphics.drawable.Drawable
08-05 01:20:24.931  6162  6162 I art     : Rejecting re-init on previously-failed class java.lang.Class<androidx.core.view.ViewCompat$2>
08-05 01:20:24.932  6162  6162 I art     : Rejecting re-init on previously-failed class java.lang.Class<androidx.core.view.ViewCompat$2>
08-05 01:20:24.943  6162  6162 I AppCompatViewInflater: app:theme is now deprecated. Please move to using android:theme instead.
08-05 01:20:25.056  6162  6162 I RawObjectDB query string: CREATE TABLE objects(RawObjectDB_id TEXT PRIMARY KEY ON CONFLICT REPLACE,RawObjectDB_timestamp INTEGER,serialised TEXT)
08-05 01:20:25.110  6162  6162 I RawObjectDB query string: CREATE TABLE objects(RawObjectDB_id TEXT PRIMARY KEY ON CONFLICT REPLACE,RawObjectDB_timestamp INTEGER,serialised TEXT)
08-05 01:20:25.197  6162  6181 D OpenGLRenderer: Use EGL_SWAP_BEHAVIOR_PRESERVED: true
08-05 01:20:25.253  6162  6181 I Adreno  : QUALCOMM build                   : fcf4852, I1af360237c
08-05 01:20:25.253  6162  6181 I Adreno  : Build Date                       : 09/23/15
08-05 01:20:25.253  6162  6181 I Adreno  : OpenGL ES Shader Compiler Version: XE031.05.13.02
08-05 01:20:25.253  6162  6181 I Adreno  : Local Branch                     : mybranch14465806
08-05 01:20:25.253  6162  6181 I Adreno  : Remote Branch                    : quic/LA.BF64.1.2.9_v2
08-05 01:20:25.253  6162  6181 I Adreno  : Remote Branch                    : NONE
08-05 01:20:25.253  6162  6181 I Adreno  : Reconstruct Branch               : NOTHING
08-05 01:20:25.260  6162  6181 I OpenGLRenderer: Initialized EGL, version 1.4
08-05 01:20:25.367 24577 22814 I Icing   : Indexing com.google.android.gms-apps from com.google.android.gms
08-05 01:20:25.410 24577 22814 I Icing   : Indexing done com.google.android.gms-apps
08-05 01:20:25.412  1652  1652 I ServiceManager: Waiting for service AtCmdFwd...
08-05 01:20:25.577   918   936 I ActivityManager: Displayed baseline.org.quantumbadger.redreader/.activities.MainActivity: +909ms
08-05 01:20:26.320  6197  6197 D AndroidRuntime: >>>>>> START com.android.internal.os.RuntimeInit uid 2000 <<<<<<
08-05 01:20:26.325  6197  6197 D AndroidRuntime: CheckJNI is OFF
08-05 01:20:26.357  6197  6197 D ICU     : No timezone override file found: /data/misc/zoneinfo/current/icu/icu_tzdata.dat
08-05 01:20:26.395  6197  6197 I Radio-JNI: register_android_hardware_Radio DONE
08-05 01:20:26.413  1652  1652 I ServiceManager: Waiting for service AtCmdFwd...
08-05 01:20:26.414  6197  6197 D AndroidRuntime: Calling main entry com.android.commands.am.Am
08-05 01:20:26.432 24044 24044 I Trepn   : Trepn 6.2s: Received intent: com.quicinc.trepn.start_profiling
08-05 01:20:26.562 24044 24044 W FileUtils: Failed to chmod(/storage/emulated/0/trepn/Trepn_2020.08.05_012026.db): android.system.ErrnoException: chmod failed: EPERM (Operation not permitted)
08-05 01:20:26.717 24044 24044 I Trepn   : Trepn 6.2s: Trepn has Started Profiling.
08-05 01:20:26.720  6197  6197 D AndroidRuntime: Shutting down VM
08-05 01:20:27.182  6162  6186 I art     : Starting a blocking GC Explicit
08-05 01:20:27.214  6162  6186 I art     : Explicit concurrent mark sweep GC freed 32988(2MB) AllocSpace objects, 8(216KB) LOS objects, 40% free, 20MB/34MB, paused 181us total 31.654ms
08-05 01:20:27.223  6162  6186 I art     : Starting a blocking GC Explicit
08-05 01:20:27.233  6162  6186 I art     : Explicit concurrent mark sweep GC freed 1530(73KB) AllocSpace objects, 0(0B) LOS objects, 40% free, 20MB/34MB, paused 120us total 10.469ms
08-05 01:20:27.241  6162  6186 I art     : Starting a blocking GC Explicit
08-05 01:20:27.251  6162  6186 I art     : Explicit concurrent mark sweep GC freed 3(96B) AllocSpace objects, 0(0B) LOS objects, 40% free, 20MB/34MB, paused 120us total 10.104ms
08-05 01:20:27.259  6162  6186 I art     : Starting a blocking GC Explicit
08-05 01:20:27.270  6162  6186 I art     : Explicit concurrent mark sweep GC freed 3(96B) AllocSpace objects, 0(0B) LOS objects, 40% free, 20MB/34MB, paused 118us total 10.283ms
08-05 01:20:27.277  6162  6186 I art     : Starting a blocking GC Explicit
08-05 01:20:27.288  6162  6186 I art     : Explicit concurrent mark sweep GC freed 3(96B) AllocSpace objects, 0(0B) LOS objects, 40% free, 20MB/34MB, paused 115us total 10.301ms
08-05 01:20:27.414  1652  1652 I ServiceManager: Waiting for service AtCmdFwd...
08-05 01:20:27.558  6162  6175 I art     : Starting a blocking GC Explicit
08-05 01:20:27.574  6162  6175 I art     : Explicit concurrent mark sweep GC freed 1343(78KB) AllocSpace objects, 1(20KB) LOS objects, 40% free, 20MB/34MB, paused 144us total 15.622ms
08-05 01:20:27.586  6162  6175 I art     : Starting a blocking GC Explicit
08-05 01:20:27.597  6162  6175 I art     : Explicit concurrent mark sweep GC freed 20(704B) AllocSpace objects, 0(0B) LOS objects, 40% free, 20MB/34MB, paused 117us total 10.827ms
08-05 01:20:27.605  6162  6175 I art     : Starting a blocking GC Explicit
08-05 01:20:27.617  6162  6175 I art     : Explicit concurrent mark sweep GC freed 3(96B) AllocSpace objects, 0(0B) LOS objects, 40% free, 20MB/34MB, paused 120us total 10.932ms
08-05 01:20:27.625  6162  6175 I art     : Starting a blocking GC Explicit
08-05 01:20:27.635  6162  6175 I art     : Explicit concurrent mark sweep GC freed 3(96B) AllocSpace objects, 0(0B) LOS objects, 40% free, 20MB/34MB, paused 116us total 10.350ms
08-05 01:20:27.643  6162  6175 I art     : Starting a blocking GC Explicit
08-05 01:20:27.654  6162  6175 I art     : Explicit concurrent mark sweep GC freed 3(96B) AllocSpace objects, 0(0B) LOS objects, 40% free, 20MB/34MB, paused 119us total 10.476ms
08-05 01:20:27.919  6162  6173 I art     : Starting a blocking GC Explicit
08-05 01:20:27.935  6162  6173 I art     : Explicit concurrent mark sweep GC freed 1335(78KB) AllocSpace objects, 1(20KB) LOS objects, 40% free, 20MB/34MB, paused 157us total 15.835ms
08-05 01:20:27.948  6162  6173 I art     : Starting a blocking GC Explicit
08-05 01:20:27.959  6162  6173 I art     : Explicit concurrent mark sweep GC freed 20(704B) AllocSpace objects, 0(0B) LOS objects, 40% free, 20MB/34MB, paused 125us total 11.166ms
08-05 01:20:27.967  6162  6173 I art     : Starting a blocking GC Explicit
08-05 01:20:27.978  6162  6173 I art     : Explicit concurrent mark sweep GC freed 3(96B) AllocSpace objects, 0(0B) LOS objects, 40% free, 20MB/34MB, paused 114us total 10.632ms
08-05 01:20:27.986  6162  6173 I art     : Starting a blocking GC Explicit
08-05 01:20:27.996  6162  6173 I art     : Explicit concurrent mark sweep GC freed 3(96B) AllocSpace objects, 0(0B) LOS objects, 40% free, 20MB/34MB, paused 106us total 10.382ms
08-05 01:20:28.004  6162  6173 I art     : Starting a blocking GC Explicit
08-05 01:20:28.015  6162  6173 I art     : Explicit concurrent mark sweep GC freed 3(96B) AllocSpace objects, 0(0B) LOS objects, 40% free, 20MB/34MB, paused 118us total 10.521ms
08-05 01:20:28.309  6162  6186 I art     : Starting a blocking GC Explicit
08-05 01:20:28.324  6162  6186 I art     : Explicit concurrent mark sweep GC freed 1332(78KB) AllocSpace objects, 1(20KB) LOS objects, 40% free, 20MB/34MB, paused 143us total 15.500ms
08-05 01:20:28.336  6162  6186 I art     : Starting a blocking GC Explicit
08-05 01:20:28.347  6162  6186 I art     : Explicit concurrent mark sweep GC freed 20(704B) AllocSpace objects, 0(0B) LOS objects, 40% free, 20MB/34MB, paused 117us total 10.525ms
08-05 01:20:28.355  6162  6186 I art     : Starting a blocking GC Explicit
08-05 01:20:28.366  6162  6186 I art     : Explicit concurrent mark sweep GC freed 3(96B) AllocSpace objects, 0(0B) LOS objects, 40% free, 20MB/34MB, paused 119us total 10.604ms
08-05 01:20:28.374  6162  6186 I art     : Starting a blocking GC Explicit
08-05 01:20:28.385  6162  6186 I art     : Explicit concurrent mark sweep GC freed 3(96B) AllocSpace objects, 0(0B) LOS objects, 40% free, 20MB/34MB, paused 109us total 9.981ms
08-05 01:20:28.392  6162  6186 I art     : Starting a blocking GC Explicit
08-05 01:20:28.403  6162  6186 I art     : Explicit concurrent mark sweep GC freed 3(96B) AllocSpace objects, 0(0B) LOS objects, 40% free, 20MB/34MB, paused 119us total 10.086ms
08-05 01:20:28.414  1652  1652 W Atfwd_Sendcmd: AtCmdFwd service not published, waiting... retryCnt : 2
08-05 01:20:28.667  6162  6175 I art     : Starting a blocking GC Explicit
08-05 01:20:28.680  6162  6175 I art     : Explicit concurrent mark sweep GC freed 1333(78KB) AllocSpace objects, 1(20KB) LOS objects, 40% free, 20MB/34MB, paused 148us total 13.020ms
08-05 01:20:28.689  6162  6175 I art     : Starting a blocking GC Explicit
08-05 01:20:28.700  6162  6175 I art     : Explicit concurrent mark sweep GC freed 20(704B) AllocSpace objects, 0(0B) LOS objects, 40% free, 20MB/34MB, paused 122us total 10.824ms
08-05 01:20:28.709  6162  6175 I art     : Starting a blocking GC Explicit
08-05 01:20:28.720  6162  6175 I art     : Explicit concurrent mark sweep GC freed 3(96B) AllocSpace objects, 0(0B) LOS objects, 40% free, 20MB/34MB, paused 119us total 10.667ms
08-05 01:20:28.728  6162  6175 I art     : Starting a blocking GC Explicit
08-05 01:20:28.738  6162  6175 I art     : Explicit concurrent mark sweep GC freed 3(96B) AllocSpace objects, 0(0B) LOS objects, 40% free, 20MB/34MB, paused 118us total 10.492ms
08-05 01:20:28.746  6162  6175 I art     : Starting a blocking GC Explicit
08-05 01:20:28.757  6162  6175 I art     : Explicit concurrent mark sweep GC freed 3(96B) AllocSpace objects, 0(0B) LOS objects, 40% free, 20MB/34MB, paused 115us total 10.383ms
08-05 01:20:29.068  6162  6173 I art     : Starting a blocking GC Explicit
08-05 01:20:29.081  6162  6173 I art     : Explicit concurrent mark sweep GC freed 1333(78KB) AllocSpace objects, 1(20KB) LOS objects, 40% free, 20MB/34MB, paused 143us total 12.936ms
08-05 01:20:29.090  6162  6173 I art     : Starting a blocking GC Explicit
08-05 01:20:29.102  6162  6173 I art     : Explicit concurrent mark sweep GC freed 20(704B) AllocSpace objects, 0(0B) LOS objects, 40% free, 20MB/34MB, paused 117us total 11.115ms
08-05 01:20:29.110  6162  6173 I art     : Starting a blocking GC Explicit
08-05 01:20:29.121  6162  6173 I art     : Explicit concurrent mark sweep GC freed 3(96B) AllocSpace objects, 0(0B) LOS objects, 40% free, 20MB/34MB, paused 109us total 10.370ms
08-05 01:20:29.129  6162  6173 I art     : Starting a blocking GC Explicit
08-05 01:20:29.140  6162  6173 I art     : Explicit concurrent mark sweep GC freed 3(96B) AllocSpace objects, 0(0B) LOS objects, 40% free, 20MB/34MB, paused 116us total 10.531ms
08-05 01:20:29.147  6162  6173 I art     : Starting a blocking GC Explicit
08-05 01:20:29.158  6162  6173 I art     : Explicit concurrent mark sweep GC freed 3(96B) AllocSpace objects, 0(0B) LOS objects, 40% free, 20MB/34MB, paused 110us total 10.034ms
08-05 01:20:29.458  6162  6186 I art     : Starting a blocking GC Explicit
08-05 01:20:29.472  6162  6186 I art     : Explicit concurrent mark sweep GC freed 1333(78KB) AllocSpace objects, 1(20KB) LOS objects, 40% free, 20MB/34MB, paused 142us total 13.871ms
08-05 01:20:29.484  6162  6186 I art     : Starting a blocking GC Explicit
08-05 01:20:29.495  6162  6186 I art     : Explicit concurrent mark sweep GC freed 20(704B) AllocSpace objects, 0(0B) LOS objects, 40% free, 20MB/34MB, paused 124us total 10.935ms
08-05 01:20:29.503  6162  6186 I art     : Starting a blocking GC Explicit
08-05 01:20:29.513  6162  6186 I art     : Explicit concurrent mark sweep GC freed 3(96B) AllocSpace objects, 0(0B) LOS objects, 40% free, 20MB/34MB, paused 114us total 10.028ms
08-05 01:20:29.521  6162  6186 I art     : Starting a blocking GC Explicit
08-05 01:20:29.532  6162  6186 I art     : Explicit concurrent mark sweep GC freed 3(96B) AllocSpace objects, 0(0B) LOS objects, 40% free, 20MB/34MB, paused 118us total 10.724ms
08-05 01:20:29.540  6162  6186 I art     : Starting a blocking GC Explicit
08-05 01:20:29.550  6162  6186 I art     : Explicit concurrent mark sweep GC freed 3(96B) AllocSpace objects, 0(0B) LOS objects, 40% free, 20MB/34MB, paused 115us total 10.230ms
08-05 01:20:29.861  6162  6175 I art     : Starting a blocking GC Explicit
08-05 01:20:29.879  6162  6175 I art     : Explicit concurrent mark sweep GC freed 1332(78KB) AllocSpace objects, 1(20KB) LOS objects, 40% free, 20MB/34MB, paused 179us total 17.984ms
08-05 01:20:29.893  6162  6175 I art     : Starting a blocking GC Explicit
08-05 01:20:29.904  6162  6175 I art     : Explicit concurrent mark sweep GC freed 20(704B) AllocSpace objects, 0(0B) LOS objects, 40% free, 20MB/34MB, paused 122us total 11.144ms
08-05 01:20:29.913  6162  6175 I art     : Starting a blocking GC Explicit
08-05 01:20:29.924  6162  6175 I art     : Explicit concurrent mark sweep GC freed 3(96B) AllocSpace objects, 0(0B) LOS objects, 40% free, 20MB/34MB, paused 120us total 10.970ms
08-05 01:20:29.932  6162  6175 I art     : Starting a blocking GC Explicit
08-05 01:20:29.943  6162  6175 I art     : Explicit concurrent mark sweep GC freed 3(96B) AllocSpace objects, 0(0B) LOS objects, 40% free, 20MB/34MB, paused 119us total 10.575ms
08-05 01:20:29.951  6162  6175 I art     : Starting a blocking GC Explicit
08-05 01:20:29.961  6162  6175 I art     : Explicit concurrent mark sweep GC freed 3(96B) AllocSpace objects, 0(0B) LOS objects, 40% free, 20MB/34MB, paused 113us total 10.398ms
08-05 01:20:30.233  6162  6173 I art     : Starting a blocking GC Explicit
08-05 01:20:30.248  6162  6173 I art     : Explicit concurrent mark sweep GC freed 1333(78KB) AllocSpace objects, 1(20KB) LOS objects, 40% free, 20MB/34MB, paused 137us total 14.771ms
08-05 01:20:30.260  6162  6173 I art     : Starting a blocking GC Explicit
08-05 01:20:30.270  6162  6173 I art     : Explicit concurrent mark sweep GC freed 20(704B) AllocSpace objects, 0(0B) LOS objects, 40% free, 20MB/34MB, paused 120us total 10.556ms
08-05 01:20:30.278  6162  6173 I art     : Starting a blocking GC Explicit
08-05 01:20:30.289  6162  6173 I art     : Explicit concurrent mark sweep GC freed 3(96B) AllocSpace objects, 0(0B) LOS objects, 40% free, 20MB/34MB, paused 118us total 10.221ms
08-05 01:20:30.296  6162  6173 I art     : Starting a blocking GC Explicit
08-05 01:20:30.307  6162  6173 I art     : Explicit concurrent mark sweep GC freed 3(96B) AllocSpace objects, 0(0B) LOS objects, 40% free, 20MB/34MB, paused 110us total 10.303ms
08-05 01:20:30.315  6162  6173 I art     : Starting a blocking GC Explicit
08-05 01:20:30.326  6162  6173 I art     : Explicit concurrent mark sweep GC freed 3(96B) AllocSpace objects, 0(0B) LOS objects, 40% free, 20MB/34MB, paused 118us total 10.622ms
08-05 01:20:30.627  6162  6186 I art     : Starting a blocking GC Explicit
08-05 01:20:30.641  6162  6186 I art     : Explicit concurrent mark sweep GC freed 1333(78KB) AllocSpace objects, 1(20KB) LOS objects, 40% free, 20MB/34MB, paused 142us total 13.984ms
08-05 01:20:30.651  6162  6186 I art     : Starting a blocking GC Explicit
08-05 01:20:30.661  6162  6186 I art     : Explicit concurrent mark sweep GC freed 20(704B) AllocSpace objects, 0(0B) LOS objects, 40% free, 20MB/34MB, paused 109us total 10.235ms
08-05 01:20:30.669  6162  6186 I art     : Starting a blocking GC Explicit
08-05 01:20:30.678  6162  6186 I art     : Explicit concurrent mark sweep GC freed 3(96B) AllocSpace objects, 0(0B) LOS objects, 40% free, 20MB/34MB, paused 99us total 9.272ms
08-05 01:20:30.685  6162  6186 I art     : Starting a blocking GC Explicit
08-05 01:20:30.694  6162  6186 I art     : Explicit concurrent mark sweep GC freed 3(96B) AllocSpace objects, 0(0B) LOS objects, 40% free, 20MB/34MB, paused 101us total 8.612ms
08-05 01:20:30.701  6162  6186 I art     : Starting a blocking GC Explicit
08-05 01:20:30.710  6162  6186 I art     : Explicit concurrent mark sweep GC freed 3(96B) AllocSpace objects, 0(0B) LOS objects, 40% free, 20MB/34MB, paused 97us total 8.482ms
08-05 01:20:30.973  6162  6175 I art     : Starting a blocking GC Explicit
08-05 01:20:30.989  6162  6175 I art     : Explicit concurrent mark sweep GC freed 1333(78KB) AllocSpace objects, 1(20KB) LOS objects, 40% free, 20MB/34MB, paused 158us total 16.348ms
08-05 01:20:31.001  6162  6175 I art     : Starting a blocking GC Explicit
08-05 01:20:31.012  6162  6175 I art     : Explicit concurrent mark sweep GC freed 20(704B) AllocSpace objects, 0(0B) LOS objects, 40% free, 20MB/34MB, paused 113us total 10.872ms
08-05 01:20:31.020  6162  6175 I art     : Starting a blocking GC Explicit
08-05 01:20:31.031  6162  6175 I art     : Explicit concurrent mark sweep GC freed 3(96B) AllocSpace objects, 0(0B) LOS objects, 40% free, 20MB/34MB, paused 111us total 10.629ms
08-05 01:20:31.039  6162  6175 I art     : Starting a blocking GC Explicit
08-05 01:20:31.050  6162  6175 I art     : Explicit concurrent mark sweep GC freed 3(96B) AllocSpace objects, 0(0B) LOS objects, 40% free, 20MB/34MB, paused 114us total 10.279ms
08-05 01:20:31.058  6162  6175 I art     : Starting a blocking GC Explicit
08-05 01:20:31.068  6162  6175 I art     : Explicit concurrent mark sweep GC freed 3(96B) AllocSpace objects, 0(0B) LOS objects, 40% free, 20MB/34MB, paused 120us total 10.554ms
08-05 01:20:31.385  6162  6173 I art     : Starting a blocking GC Explicit
08-05 01:20:31.401  6162  6173 I art     : Explicit concurrent mark sweep GC freed 1333(78KB) AllocSpace objects, 1(20KB) LOS objects, 40% free, 20MB/34MB, paused 166us total 16.014ms
08-05 01:20:31.414  6162  6173 I art     : Starting a blocking GC Explicit
08-05 01:20:31.425  6162  6173 I art     : Explicit concurrent mark sweep GC freed 20(704B) AllocSpace objects, 0(0B) LOS objects, 40% free, 20MB/34MB, paused 121us total 10.556ms
08-05 01:20:31.433  6162  6173 I art     : Starting a blocking GC Explicit
08-05 01:20:31.444  6162  6173 I art     : Explicit concurrent mark sweep GC freed 3(96B) AllocSpace objects, 0(0B) LOS objects, 40% free, 20MB/34MB, paused 117us total 9.932ms
08-05 01:20:31.452  6162  6173 I art     : Starting a blocking GC Explicit
08-05 01:20:31.461  6162  6173 I art     : Explicit concurrent mark sweep GC freed 3(96B) AllocSpace objects, 0(0B) LOS objects, 40% free, 20MB/34MB, paused 110us total 9.651ms
08-05 01:20:31.469  6162  6173 I art     : Starting a blocking GC Explicit
08-05 01:20:31.479  6162  6173 I art     : Explicit concurrent mark sweep GC freed 3(96B) AllocSpace objects, 0(0B) LOS objects, 40% free, 20MB/34MB, paused 112us total 9.904ms
08-05 01:20:31.711  6162  6186 I art     : Starting a blocking GC Explicit
08-05 01:20:31.722  6162  6186 I art     : Explicit concurrent mark sweep GC freed 1333(78KB) AllocSpace objects, 1(20KB) LOS objects, 40% free, 20MB/34MB, paused 125us total 10.998ms
08-05 01:20:31.730  6162  6186 I art     : Starting a blocking GC Explicit
08-05 01:20:31.741  6162  6186 I art     : Explicit concurrent mark sweep GC freed 20(704B) AllocSpace objects, 0(0B) LOS objects, 40% free, 20MB/34MB, paused 117us total 10.422ms
08-05 01:20:31.748  6162  6186 I art     : Starting a blocking GC Explicit
08-05 01:20:31.758  6162  6186 I art     : Explicit concurrent mark sweep GC freed 3(96B) AllocSpace objects, 0(0B) LOS objects, 40% free, 20MB/34MB, paused 122us total 9.856ms
08-05 01:20:31.766  6162  6186 I art     : Starting a blocking GC Explicit
08-05 01:20:31.776  6162  6186 I art     : Explicit concurrent mark sweep GC freed 3(96B) AllocSpace objects, 0(0B) LOS objects, 40% free, 20MB/34MB, paused 120us total 9.656ms
08-05 01:20:31.783  6162  6186 I art     : Starting a blocking GC Explicit
08-05 01:20:31.793  6162  6186 I art     : Explicit concurrent mark sweep GC freed 3(96B) AllocSpace objects, 0(0B) LOS objects, 40% free, 20MB/34MB, paused 115us total 9.817ms
08-05 01:20:32.012  6364  6364 D AndroidRuntime: >>>>>> START com.android.internal.os.RuntimeInit uid 2000 <<<<<<
08-05 01:20:32.016  6364  6364 D AndroidRuntime: CheckJNI is OFF
08-05 01:20:32.041  6364  6364 D ICU     : No timezone override file found: /data/misc/zoneinfo/current/icu/icu_tzdata.dat
08-05 01:20:32.065  6364  6364 I Radio-JNI: register_android_hardware_Radio DONE
08-05 01:20:32.082  6364  6364 D AndroidRuntime: Calling main entry com.android.commands.input.Input
08-05 01:20:32.083  6162  6175 I art     : Starting a blocking GC Explicit
08-05 01:20:32.083  6364  6364 I Input   : injectMotionEvent: MotionEvent { action=ACTION_DOWN, actionButton=0, id[0]=0, x[0]=720.0, y[0]=1440.0, toolType[0]=TOOL_TYPE_UNKNOWN, buttonState=0, metaState=0, flags=0x0, edgeFlags=0x0, pointerCount=1, historySize=0, eventTime=753648496, downTime=753648496, deviceId=0, source=0x1002 }
08-05 01:20:32.089  6364  6364 I Input   : injectMotionEvent: MotionEvent { action=ACTION_UP, actionButton=0, id[0]=0, x[0]=720.0, y[0]=1440.0, toolType[0]=TOOL_TYPE_UNKNOWN, buttonState=0, metaState=0, flags=0x0, edgeFlags=0x0, pointerCount=1, historySize=0, eventTime=753648496, downTime=753648496, deviceId=0, source=0x1002 }
08-05 01:20:32.090  6364  6364 D AndroidRuntime: Shutting down VM
08-05 01:20:32.094  6162  6175 I art     : Explicit concurrent mark sweep GC freed 1336(78KB) AllocSpace objects, 1(20KB) LOS objects, 40% free, 20MB/34MB, paused 129us total 11.142ms
08-05 01:20:32.103  6162  6175 I art     : Starting a blocking GC Explicit
08-05 01:20:32.108   512  2967 D audio_hw_primary: out_set_parameters: enter: usecase(1: low-latency-playback) kvpairs: routing=2
08-05 01:20:32.115  6162  6175 I art     : Explicit concurrent mark sweep GC freed 125(4KB) AllocSpace objects, 0(0B) LOS objects, 40% free, 20MB/34MB, paused 574us total 12.341ms
08-05 01:20:32.119 13866 13866 I GoogleInputMethodServic: GoogleInputMethodService.onFinishInput():3138 
08-05 01:20:32.119 13866 13866 I GoogleInputMethodServic: GoogleInputMethodService.onStartInput():1808 
08-05 01:20:32.120   512  2967 D audio_hw_primary: select_devices: out_snd_device(2: speaker) in_snd_device(0: none)
08-05 01:20:32.121   512  2967 D msm8974_platform: platform_send_audio_calibration: sending audio calibration for snd_device(2) acdb_id(15)
08-05 01:20:32.121   512  2967 I soundtrigger: audio_extn_sound_trigger_update_device_status: device 0x2 of type 0 for Event 1
08-05 01:20:32.127  6162  6175 I art     : Starting a blocking GC Explicit
08-05 01:20:32.132   512  2967 D audio_hw_primary: enable_snd_device: snd_device(2: speaker)
08-05 01:20:32.134   512  2967 D audio_hw_primary: enable_audio_route: apply and update mixer path: low-latency-playback speaker
08-05 01:20:32.137  6162  6175 I art     : Explicit concurrent mark sweep GC freed 119(6KB) AllocSpace objects, 0(0B) LOS objects, 40% free, 20MB/34MB, paused 133us total 9.847ms
08-05 01:20:32.145  6162  6175 I art     : Starting a blocking GC Explicit
08-05 01:20:32.154  6162  6175 I art     : Explicit concurrent mark sweep GC freed 865(63KB) AllocSpace objects, 1(76KB) LOS objects, 40% free, 20MB/34MB, paused 110us total 8.951ms
08-05 01:20:32.162  6162  6175 I art     : Starting a blocking GC Explicit
08-05 01:20:32.171  6162  6175 I art     : Explicit concurrent mark sweep GC freed 3(96B) AllocSpace objects, 0(0B) LOS objects, 40% free, 20MB/34MB, paused 111us total 9.282ms
08-05 01:20:32.315   380   380 W SurfaceFlinger: couldn't log to binary event log: overflow.
08-05 01:20:32.402  6162  6387 I art     : Starting a blocking GC Explicit
08-05 01:20:32.412  6162  6387 I art     : Explicit concurrent mark sweep GC freed 1334(78KB) AllocSpace objects, 1(20KB) LOS objects, 40% free, 20MB/34MB, paused 115us total 9.648ms
08-05 01:20:32.420  6162  6387 I art     : Starting a blocking GC Explicit
08-05 01:20:32.429  6162  6387 I art     : Explicit concurrent mark sweep GC freed 20(704B) AllocSpace objects, 0(0B) LOS objects, 40% free, 20MB/34MB, paused 112us total 9.075ms
08-05 01:20:32.436  6162  6387 I art     : Starting a blocking GC Explicit
08-05 01:20:32.445  6162  6387 I art     : Explicit concurrent mark sweep GC freed 3(96B) AllocSpace objects, 0(0B) LOS objects, 40% free, 20MB/34MB, paused 107us total 9.136ms
08-05 01:20:32.453  6162  6387 I art     : Starting a blocking GC Explicit
08-05 01:20:32.462  6162  6387 I art     : Explicit concurrent mark sweep GC freed 3(96B) AllocSpace objects, 0(0B) LOS objects, 40% free, 20MB/34MB, paused 114us total 9.261ms
08-05 01:20:32.470  6162  6387 I art     : Starting a blocking GC Explicit
08-05 01:20:32.479  6162  6387 I art     : Explicit concurrent mark sweep GC freed 3(96B) AllocSpace objects, 0(0B) LOS objects, 40% free, 20MB/34MB, paused 112us total 9.212ms
08-05 01:20:32.627  6390  6390 D AndroidRuntime: >>>>>> START com.android.internal.os.RuntimeInit uid 2000 <<<<<<
08-05 01:20:32.630  6390  6390 D AndroidRuntime: CheckJNI is OFF
08-05 01:20:32.652  6390  6390 D ICU     : No timezone override file found: /data/misc/zoneinfo/current/icu/icu_tzdata.dat
08-05 01:20:32.675  6390  6390 I Radio-JNI: register_android_hardware_Radio DONE
08-05 01:20:32.678   512  2967 D audio_hw_primary: disable_audio_route: reset and update mixer path: low-latency-playback speaker
08-05 01:20:32.679   512  2967 D audio_hw_primary: disable_snd_device: snd_device(2: speaker)
08-05 01:20:32.687   512  2967 I soundtrigger: audio_extn_sound_trigger_update_device_status: device 0x2 of type 0 for Event 0
08-05 01:20:32.690  6390  6390 D AndroidRuntime: Calling main entry com.android.commands.input.Input
08-05 01:20:32.691  6390  6390 I Input   : injectMotionEvent: MotionEvent { action=ACTION_DOWN, actionButton=0, id[0]=0, x[0]=1345.0, y[0]=165.0, toolType[0]=TOOL_TYPE_UNKNOWN, buttonState=0, metaState=0, flags=0x0, edgeFlags=0x0, pointerCount=1, historySize=0, eventTime=753649104, downTime=753649104, deviceId=0, source=0x1002 }
08-05 01:20:32.695  6390  6390 I Input   : injectMotionEvent: MotionEvent { action=ACTION_UP, actionButton=0, id[0]=0, x[0]=1345.0, y[0]=165.0, toolType[0]=TOOL_TYPE_UNKNOWN, buttonState=0, metaState=0, flags=0x0, edgeFlags=0x0, pointerCount=1, historySize=0, eventTime=753649104, downTime=753649104, deviceId=0, source=0x1002 }
08-05 01:20:32.696  6390  6390 D AndroidRuntime: Shutting down VM
08-05 01:20:32.701   512  2967 D audio_hw_primary: out_set_parameters: enter: usecase(1: low-latency-playback) kvpairs: routing=2
08-05 01:20:32.702  6162  6162 W art     : Before Android 4.1, method int androidx.appcompat.widget.DropDownListView.lookForSelectablePosition(int, boolean) would have incorrectly overridden the package-private method in android.widget.ListView
08-05 01:20:32.706  6162  6162 W art     : Before Android 4.1, method int androidx.appcompat.widget.MenuPopupWindow$MenuDropDownListView.lookForSelectablePosition(int, boolean) would have incorrectly overridden the package-private method in android.widget.ListView
08-05 01:20:32.707  6162  6162 I ListPopupWindow: Could not find method setEpicenterBounds(Rect) on PopupWindow. Oh well.
08-05 01:20:32.714   512  2967 D audio_hw_primary: select_devices: out_snd_device(2: speaker) in_snd_device(0: none)
08-05 01:20:32.714   512  2967 D msm8974_platform: platform_send_audio_calibration: sending audio calibration for snd_device(2) acdb_id(15)
08-05 01:20:32.714   512  2967 I soundtrigger: audio_extn_sound_trigger_update_device_status: device 0x2 of type 0 for Event 1
08-05 01:20:32.720  6162  6175 I art     : Starting a blocking GC Explicit
08-05 01:20:32.726   512  2967 D audio_hw_primary: enable_snd_device: snd_device(2: speaker)
08-05 01:20:32.728   512  2967 D audio_hw_primary: enable_audio_route: apply and update mixer path: low-latency-playback speaker
08-05 01:20:32.730  6162  6175 I art     : Explicit concurrent mark sweep GC freed 1844(196KB) AllocSpace objects, 1(20KB) LOS objects, 40% free, 20MB/34MB, paused 259us total 10.573ms
08-05 01:20:32.738  6162  6175 I art     : Starting a blocking GC Explicit
08-05 01:20:32.748  6162  6175 I art     : Explicit concurrent mark sweep GC freed 232(20KB) AllocSpace objects, 0(0B) LOS objects, 40% free, 20MB/34MB, paused 142us total 10.057ms
08-05 01:20:32.756  6162  6175 I art     : Starting a blocking GC Explicit
08-05 01:20:32.767  6162  6175 I art     : Explicit concurrent mark sweep GC freed 97(3KB) AllocSpace objects, 0(0B) LOS objects, 40% free, 20MB/34MB, paused 265us total 9.952ms
08-05 01:20:32.773   512  2967 D AudioFlinger: mixer(0xf4740000) throttle end: throttle time(12)
08-05 01:20:32.774  6162  6175 I art     : Starting a blocking GC Explicit
08-05 01:20:32.785  6162  6175 I art     : Explicit concurrent mark sweep GC freed 186(13KB) AllocSpace objects, 0(0B) LOS objects, 40% free, 20MB/34MB, paused 115us total 10.262ms
08-05 01:20:32.793  6162  6175 I art     : Starting a blocking GC Explicit
08-05 01:20:32.804  6162  6175 I art     : Explicit concurrent mark sweep GC freed 57(2336B) AllocSpace objects, 0(0B) LOS objects, 40% free, 20MB/34MB, paused 157us total 11.244ms
08-05 01:20:33.038  6162  6175 I art     : Starting a blocking GC Explicit
08-05 01:20:33.049  6162  6175 I art     : Explicit concurrent mark sweep GC freed 2104(126KB) AllocSpace objects, 1(20KB) LOS objects, 40% free, 20MB/34MB, paused 131us total 10.652ms
08-05 01:20:33.058  6162  6175 I art     : Starting a blocking GC Explicit
08-05 01:20:33.069  6162  6175 I art     : Explicit concurrent mark sweep GC freed 323(14KB) AllocSpace objects, 0(0B) LOS objects, 40% free, 20MB/34MB, paused 145us total 10.446ms
08-05 01:20:33.077  6162  6175 I art     : Starting a blocking GC Explicit
08-05 01:20:33.087  6162  6175 I art     : Explicit concurrent mark sweep GC freed 3(96B) AllocSpace objects, 0(0B) LOS objects, 40% free, 20MB/34MB, paused 150us total 9.993ms
08-05 01:20:33.095  6162  6175 I art     : Starting a blocking GC Explicit
08-05 01:20:33.106  6162  6175 I art     : Explicit concurrent mark sweep GC freed 3(96B) AllocSpace objects, 0(0B) LOS objects, 40% free, 20MB/34MB, paused 125us total 10.010ms
08-05 01:20:33.113  6162  6175 I art     : Starting a blocking GC Explicit
08-05 01:20:33.123  6162  6175 I art     : Explicit concurrent mark sweep GC freed 9(288B) AllocSpace objects, 0(0B) LOS objects, 40% free, 20MB/34MB, paused 127us total 9.917ms
08-05 01:20:33.256  6421  6421 D AndroidRuntime: >>>>>> START com.android.internal.os.RuntimeInit uid 2000 <<<<<<
08-05 01:20:33.260  6421  6421 D AndroidRuntime: CheckJNI is OFF
08-05 01:20:33.269   512  2967 D audio_hw_primary: disable_audio_route: reset and update mixer path: low-latency-playback speaker
08-05 01:20:33.270   512  2967 D audio_hw_primary: disable_snd_device: snd_device(2: speaker)
08-05 01:20:33.278   512  2967 I soundtrigger: audio_extn_sound_trigger_update_device_status: device 0x2 of type 0 for Event 0
08-05 01:20:33.283  6421  6421 D ICU     : No timezone override file found: /data/misc/zoneinfo/current/icu/icu_tzdata.dat
08-05 01:20:33.306  6421  6421 I Radio-JNI: register_android_hardware_Radio DONE
08-05 01:20:33.321  6421  6421 D AndroidRuntime: Calling main entry com.android.commands.input.Input
08-05 01:20:33.322  6421  6421 I Input   : injectMotionEvent: MotionEvent { action=ACTION_DOWN, actionButton=0, id[0]=0, x[0]=940.0, y[0]=501.0, toolType[0]=TOOL_TYPE_UNKNOWN, buttonState=0, metaState=0, flags=0x0, edgeFlags=0x0, pointerCount=1, historySize=0, eventTime=753649735, downTime=753649735, deviceId=0, source=0x1002 }
08-05 01:20:33.327  6421  6421 I Input   : injectMotionEvent: MotionEvent { action=ACTION_UP, actionButton=0, id[0]=0, x[0]=940.0, y[0]=501.0, toolType[0]=TOOL_TYPE_UNKNOWN, buttonState=0, metaState=0, flags=0x0, edgeFlags=0x0, pointerCount=1, historySize=0, eventTime=753649735, downTime=753649735, deviceId=0, source=0x1002 }
08-05 01:20:33.329  6421  6421 D AndroidRuntime: Shutting down VM
08-05 01:20:33.362  6162  6175 I art     : Starting a blocking GC Explicit
08-05 01:20:33.373  6162  6175 I art     : Explicit concurrent mark sweep GC freed 1389(80KB) AllocSpace objects, 1(20KB) LOS objects, 40% free, 20MB/34MB, paused 114us total 10.628ms
08-05 01:20:33.382  6162  6175 I art     : Starting a blocking GC Explicit
08-05 01:20:33.394  6162  6175 I art     : Explicit concurrent mark sweep GC freed 29(992B) AllocSpace objects, 0(0B) LOS objects, 40% free, 20MB/34MB, paused 169us total 11.354ms
08-05 01:20:33.395   512  2967 D audio_hw_primary: out_set_parameters: enter: usecase(1: low-latency-playback) kvpairs: routing=2
08-05 01:20:33.397   918  6110 I ActivityManager: START u0 {cmp=baseline.org.quantumbadger.redreader/.settings.SettingsActivity} from uid 10689 on display 0
08-05 01:20:33.402  6162  6175 I art     : Starting a blocking GC Explicit
08-05 01:20:33.409   512  2967 D audio_hw_primary: select_devices: out_snd_device(2: speaker) in_snd_device(0: none)
08-05 01:20:33.409   512  2967 D msm8974_platform: platform_send_audio_calibration: sending audio calibration for snd_device(2) acdb_id(15)
08-05 01:20:33.409   512  2967 I soundtrigger: audio_extn_sound_trigger_update_device_status: device 0x2 of type 0 for Event 1
08-05 01:20:33.413 13866 13866 I GoogleInputMethodServic: GoogleInputMethodService.onFinishInput():3138 
08-05 01:20:33.413  6162  6175 I art     : Explicit concurrent mark sweep GC freed 62(14KB) AllocSpace objects, 0(0B) LOS objects, 40% free, 20MB/34MB, paused 231us total 11.386ms
08-05 01:20:33.413 13866 13866 I GoogleInputMethodServic: GoogleInputMethodService.onStartInput():1808 
08-05 01:20:33.422  6162  6175 I art     : Starting a blocking GC Explicit
08-05 01:20:33.422   512  2967 D audio_hw_primary: enable_snd_device: snd_device(2: speaker)
08-05 01:20:33.425   512  2967 D audio_hw_primary: enable_audio_route: apply and update mixer path: low-latency-playback speaker
08-05 01:20:33.434  6162  6175 I art     : Explicit concurrent mark sweep GC freed 356(26KB) AllocSpace objects, 0(0B) LOS objects, 40% free, 20MB/34MB, paused 208us total 11.537ms
08-05 01:20:33.442  6162  6175 I art     : Starting a blocking GC Explicit
08-05 01:20:33.454  6162  6175 I art     : Explicit concurrent mark sweep GC freed 497(101KB) AllocSpace objects, 0(0B) LOS objects, 40% free, 21MB/35MB, paused 394us total 11.413ms
08-05 01:20:33.467   512  2967 D AudioFlinger: mixer(0xf4740000) throttle end: throttle time(12)
08-05 01:20:33.546   918   936 I ActivityManager: Displayed baseline.org.quantumbadger.redreader/.settings.SettingsActivity: +128ms
08-05 01:20:33.547 13866 13866 I GoogleInputMethodServic: GoogleInputMethodService.onFinishInput():3138 
08-05 01:20:33.547 13866 13866 I GoogleInputMethodServic: GoogleInputMethodService.onStartInput():1808 
08-05 01:20:33.590  6162  6181 D OpenGLRenderer: endAllStagingAnimators on 0x7f99f1b000 (MenuPopupWindow$MenuDropDownListView) with handle 0x7f80528940
08-05 01:20:33.686  6162  6186 I art     : Starting a blocking GC Explicit
08-05 01:20:33.701  6162  6186 I art     : Explicit concurrent mark sweep GC freed 2266(136KB) AllocSpace objects, 1(20KB) LOS objects, 40% free, 21MB/35MB, paused 223us total 14.657ms
08-05 01:20:33.710  6162  6186 I art     : Starting a blocking GC Explicit
08-05 01:20:33.725  6162  6186 I art     : Explicit concurrent mark sweep GC freed 137(5KB) AllocSpace objects, 0(0B) LOS objects, 40% free, 21MB/35MB, paused 193us total 14.454ms
08-05 01:20:33.734  6162  6186 I art     : Starting a blocking GC Explicit
08-05 01:20:33.747  6162  6186 I art     : Explicit concurrent mark sweep GC freed 112(4KB) AllocSpace objects, 0(0B) LOS objects, 40% free, 21MB/35MB, paused 142us total 13.355ms
08-05 01:20:33.757  6162  6186 I art     : Starting a blocking GC Explicit
08-05 01:20:33.772  6162  6186 I art     : Explicit concurrent mark sweep GC freed 24(1024B) AllocSpace objects, 0(0B) LOS objects, 40% free, 21MB/35MB, paused 202us total 14.195ms
08-05 01:20:33.781  6162  6186 I art     : Starting a blocking GC Explicit
08-05 01:20:33.796  6162  6186 I art     : Explicit concurrent mark sweep GC freed 3(96B) AllocSpace objects, 0(0B) LOS objects, 40% free, 21MB/35MB, paused 125us total 14.415ms
08-05 01:20:33.801   380   380 W SurfaceFlinger: couldn't log to binary event log: overflow.
08-05 01:20:33.889  6453  6453 D AndroidRuntime: >>>>>> START com.android.internal.os.RuntimeInit uid 2000 <<<<<<
08-05 01:20:33.893  6453  6453 D AndroidRuntime: CheckJNI is OFF
08-05 01:20:33.917  6453  6453 D ICU     : No timezone override file found: /data/misc/zoneinfo/current/icu/icu_tzdata.dat
08-05 01:20:33.941  6453  6453 I Radio-JNI: register_android_hardware_Radio DONE
08-05 01:20:33.957  6453  6453 D AndroidRuntime: Calling main entry com.android.commands.input.Input
08-05 01:20:33.958   512  2967 D audio_hw_primary: disable_audio_route: reset and update mixer path: low-latency-playback speaker
08-05 01:20:33.959  6453  6453 I Input   : injectMotionEvent: MotionEvent { action=ACTION_DOWN, actionButton=0, id[0]=0, x[0]=216.0, y[0]=853.0, toolType[0]=TOOL_TYPE_UNKNOWN, buttonState=0, metaState=0, flags=0x0, edgeFlags=0x0, pointerCount=1, historySize=0, eventTime=753650372, downTime=753650372, deviceId=0, source=0x1002 }
08-05 01:20:33.959   512  2967 D audio_hw_primary: disable_snd_device: snd_device(2: speaker)
08-05 01:20:33.964  6453  6453 I Input   : injectMotionEvent: MotionEvent { action=ACTION_UP, actionButton=0, id[0]=0, x[0]=216.0, y[0]=853.0, toolType[0]=TOOL_TYPE_UNKNOWN, buttonState=0, metaState=0, flags=0x0, edgeFlags=0x0, pointerCount=1, historySize=0, eventTime=753650372, downTime=753650372, deviceId=0, source=0x1002 }
08-05 01:20:33.965  6453  6453 D AndroidRuntime: Shutting down VM
08-05 01:20:33.969   512  2967 I soundtrigger: audio_extn_sound_trigger_update_device_status: device 0x2 of type 0 for Event 0
08-05 01:20:34.031   918  5132 I ActivityManager: START u0 {act=android.intent.action.MAIN cmp=baseline.org.quantumbadger.redreader/.settings.SettingsActivity (has extras)} from uid 10689 on display 0
08-05 01:20:34.032   512  2967 D audio_hw_primary: out_set_parameters: enter: usecase(1: low-latency-playback) kvpairs: routing=2
08-05 01:20:34.036  6162  6173 I art     : Starting a blocking GC Explicit
08-05 01:20:34.045   512  2967 D audio_hw_primary: select_devices: out_snd_device(2: speaker) in_snd_device(0: none)
08-05 01:20:34.045   512  2967 D msm8974_platform: platform_send_audio_calibration: sending audio calibration for snd_device(2) acdb_id(15)
08-05 01:20:34.045   512  2967 I soundtrigger: audio_extn_sound_trigger_update_device_status: device 0x2 of type 0 for Event 1
08-05 01:20:34.049  6162  6173 I art     : Explicit concurrent mark sweep GC freed 1788(102KB) AllocSpace objects, 1(20KB) LOS objects, 40% free, 21MB/35MB, paused 167us total 13.198ms
08-05 01:20:34.056   512  2967 D audio_hw_primary: enable_snd_device: snd_device(2: speaker)
08-05 01:20:34.058   512  2967 D audio_hw_primary: enable_audio_route: apply and update mixer path: low-latency-playback speaker
08-05 01:20:34.059  6162  6173 I art     : Starting a blocking GC Explicit
08-05 01:20:34.073  6162  6173 I art     : Explicit concurrent mark sweep GC freed 436(54KB) AllocSpace objects, 0(0B) LOS objects, 40% free, 21MB/35MB, paused 1.228ms total 14.399ms
08-05 01:20:34.082  6162  6173 I art     : Starting a blocking GC Explicit
08-05 01:20:34.096  6162  6173 I art     : Explicit concurrent mark sweep GC freed 616(66KB) AllocSpace objects, 1(20KB) LOS objects, 40% free, 21MB/35MB, paused 367us total 13.744ms
08-05 01:20:34.100   512  2967 D AudioFlinger: mixer(0xf4740000) throttle end: throttle time(12)
08-05 01:20:34.104  6162  6173 I art     : Starting a blocking GC Explicit
08-05 01:20:34.117  6162  6173 I art     : Explicit concurrent mark sweep GC freed 109(5KB) AllocSpace objects, 0(0B) LOS objects, 40% free, 21MB/35MB, paused 196us total 12.647ms
08-05 01:20:34.125  6162  6173 I art     : Starting a blocking GC Explicit
08-05 01:20:34.138  6162  6173 I art     : Explicit concurrent mark sweep GC freed 151(29KB) AllocSpace objects, 0(0B) LOS objects, 40% free, 21MB/36MB, paused 540us total 13.324ms
08-05 01:20:34.307 13866 13866 I GoogleInputMethodServic: GoogleInputMethodService.onFinishInput():3138 
08-05 01:20:34.308 13866 13866 I GoogleInputMethodServic: GoogleInputMethodService.onStartInput():1808 
08-05 01:20:34.313   918   936 I ActivityManager: Displayed baseline.org.quantumbadger.redreader/.settings.SettingsActivity: +273ms
08-05 01:20:34.324  6162  6181 D OpenGLRenderer: endAllStagingAnimators on 0x7f805af800 (ListView) with handle 0x7f80528060
08-05 01:20:34.366  6162  6387 I art     : Starting a blocking GC Explicit
08-05 01:20:34.386  6162  6387 I art     : Explicit concurrent mark sweep GC freed 78642(3MB) AllocSpace objects, 1(20KB) LOS objects, 40% free, 22MB/37MB, paused 151us total 19.791ms
08-05 01:20:34.395  6162  6387 I art     : Starting a blocking GC Explicit
08-05 01:20:34.410  6162  6387 I art     : Explicit concurrent mark sweep GC freed 2742(233KB) AllocSpace objects, 0(0B) LOS objects, 40% free, 22MB/36MB, paused 117us total 14.762ms
08-05 01:20:34.419  6162  6387 I art     : Starting a blocking GC Explicit
08-05 01:20:34.434  6162  6387 I art     : Explicit concurrent mark sweep GC freed 3(96B) AllocSpace objects, 0(0B) LOS objects, 40% free, 22MB/36MB, paused 123us total 14.959ms
08-05 01:20:34.444  6162  6387 I art     : Starting a blocking GC Explicit
08-05 01:20:34.459  6162  6387 I art     : Explicit concurrent mark sweep GC freed 3(96B) AllocSpace objects, 0(0B) LOS objects, 40% free, 22MB/36MB, paused 145us total 15.049ms
08-05 01:20:34.468  6162  6387 I art     : Starting a blocking GC Explicit
08-05 01:20:34.484  6162  6387 I art     : Explicit concurrent mark sweep GC freed 45(1872B) AllocSpace objects, 0(0B) LOS objects, 40% free, 22MB/36MB, paused 128us total 15.377ms
08-05 01:20:34.515  6485  6485 D AndroidRuntime: >>>>>> START com.android.internal.os.RuntimeInit uid 2000 <<<<<<
08-05 01:20:34.518  6485  6485 D AndroidRuntime: CheckJNI is OFF
08-05 01:20:34.547  6485  6485 D ICU     : No timezone override file found: /data/misc/zoneinfo/current/icu/icu_tzdata.dat
08-05 01:20:34.568   380   380 W SurfaceFlinger: couldn't log to binary event log: overflow.
08-05 01:20:34.578  6485  6485 I Radio-JNI: register_android_hardware_Radio DONE
08-05 01:20:34.589   512  2967 D audio_hw_primary: disable_audio_route: reset and update mixer path: low-latency-playback speaker
08-05 01:20:34.590   512  2967 D audio_hw_primary: disable_snd_device: snd_device(2: speaker)
08-05 01:20:34.594  6485  6485 D AndroidRuntime: Calling main entry com.android.commands.input.Input
08-05 01:20:34.595  6485  6485 I Input   : injectMotionEvent: MotionEvent { action=ACTION_DOWN, actionButton=0, id[0]=0, x[0]=1318.0, y[0]=1194.0, toolType[0]=TOOL_TYPE_UNKNOWN, buttonState=0, metaState=0, flags=0x0, edgeFlags=0x0, pointerCount=1, historySize=0, eventTime=753651008, downTime=753651008, deviceId=0, source=0x1002 }
08-05 01:20:34.598   512  2967 I soundtrigger: audio_extn_sound_trigger_update_device_status: device 0x2 of type 0 for Event 0
08-05 01:20:34.599  6485  6485 I Input   : injectMotionEvent: MotionEvent { action=ACTION_UP, actionButton=0, id[0]=0, x[0]=1318.0, y[0]=1194.0, toolType[0]=TOOL_TYPE_UNKNOWN, buttonState=0, metaState=0, flags=0x0, edgeFlags=0x0, pointerCount=1, historySize=0, eventTime=753651008, downTime=753651008, deviceId=0, source=0x1002 }
08-05 01:20:34.605  6485  6485 D AndroidRuntime: Shutting down VM
08-05 01:20:34.671   512  2967 D audio_hw_primary: out_set_parameters: enter: usecase(1: low-latency-playback) kvpairs: routing=2
08-05 01:20:34.684   512  2967 D audio_hw_primary: select_devices: out_snd_device(2: speaker) in_snd_device(0: none)
08-05 01:20:34.684   512  2967 D msm8974_platform: platform_send_audio_calibration: sending audio calibration for snd_device(2) acdb_id(15)
08-05 01:20:34.684   512  2967 I soundtrigger: audio_extn_sound_trigger_update_device_status: device 0x2 of type 0 for Event 1
08-05 01:20:34.695   512  2967 D audio_hw_primary: enable_snd_device: snd_device(2: speaker)
08-05 01:20:34.697   512  2967 D audio_hw_primary: enable_audio_route: apply and update mixer path: low-latency-playback speaker
08-05 01:20:34.726  6162  6186 I art     : Starting a blocking GC Explicit
08-05 01:20:34.740  6162  6186 I art     : Explicit concurrent mark sweep GC freed 2035(124KB) AllocSpace objects, 2(40KB) LOS objects, 40% free, 22MB/36MB, paused 120us total 13.757ms
08-05 01:20:34.741   512  2967 D AudioFlinger: mixer(0xf4740000) throttle end: throttle time(12)
08-05 01:20:34.749  6162  6186 I art     : Starting a blocking GC Explicit
08-05 01:20:34.762  6162  6186 I art     : Explicit concurrent mark sweep GC freed 54(2112B) AllocSpace objects, 0(0B) LOS objects, 40% free, 22MB/36MB, paused 117us total 13.035ms
08-05 01:20:34.770  6162  6186 I art     : Starting a blocking GC Explicit
08-05 01:20:34.783  6162  6186 I art     : Explicit concurrent mark sweep GC freed 13(464B) AllocSpace objects, 0(0B) LOS objects, 40% free, 22MB/36MB, paused 126us total 13.089ms
08-05 01:20:34.792  6162  6186 I art     : Starting a blocking GC Explicit
08-05 01:20:34.805  6162  6186 I art     : Explicit concurrent mark sweep GC freed 16(608B) AllocSpace objects, 0(0B) LOS objects, 40% free, 22MB/36MB, paused 116us total 13.067ms
08-05 01:20:34.813  6162  6186 I art     : Starting a blocking GC Explicit
08-05 01:20:34.826  6162  6186 I art     : Explicit concurrent mark sweep GC freed 28(1136B) AllocSpace objects, 0(0B) LOS objects, 40% free, 22MB/36MB, paused 113us total 13.007ms
08-05 01:20:35.059  6162  6173 I art     : Starting a blocking GC Explicit
08-05 01:20:35.073  6162  6173 I art     : Explicit concurrent mark sweep GC freed 1480(84KB) AllocSpace objects, 1(20KB) LOS objects, 40% free, 22MB/36MB, paused 125us total 14.287ms
08-05 01:20:35.082  6162  6173 I art     : Starting a blocking GC Explicit
08-05 01:20:35.096  6162  6173 I art     : Explicit concurrent mark sweep GC freed 63(2128B) AllocSpace objects, 0(0B) LOS objects, 40% free, 22MB/36MB, paused 126us total 13.310ms
08-05 01:20:35.104  6162  6173 I art     : Starting a blocking GC Explicit
08-05 01:20:35.118  6162  6173 I art     : Explicit concurrent mark sweep GC freed 11(400B) AllocSpace objects, 0(0B) LOS objects, 40% free, 22MB/36MB, paused 120us total 13.599ms
08-05 01:20:35.126  6162  6173 I art     : Starting a blocking GC Explicit
08-05 01:20:35.134  6517  6517 D AndroidRuntime: >>>>>> START com.android.internal.os.RuntimeInit uid 2000 <<<<<<
08-05 01:20:35.138  6517  6517 D AndroidRuntime: CheckJNI is OFF
08-05 01:20:35.140  6162  6173 I art     : Explicit concurrent mark sweep GC freed 16(608B) AllocSpace objects, 0(0B) LOS objects, 40% free, 22MB/36MB, paused 121us total 13.787ms
08-05 01:20:35.148  6162  6173 I art     : Starting a blocking GC Explicit
08-05 01:20:35.161  6162  6173 I art     : Explicit concurrent mark sweep GC freed 14(496B) AllocSpace objects, 0(0B) LOS objects, 40% free, 22MB/36MB, paused 119us total 12.746ms
08-05 01:20:35.162  6517  6517 D ICU     : No timezone override file found: /data/misc/zoneinfo/current/icu/icu_tzdata.dat
08-05 01:20:35.185  6517  6517 I Radio-JNI: register_android_hardware_Radio DONE
08-05 01:20:35.200  6517  6517 D AndroidRuntime: Calling main entry com.android.commands.input.Input
08-05 01:20:35.201  6517  6517 I Input   : injectMotionEvent: MotionEvent { action=ACTION_DOWN, actionButton=0, id[0]=0, x[0]=1309.0, y[0]=1701.0, toolType[0]=TOOL_TYPE_UNKNOWN, buttonState=0, metaState=0, flags=0x0, edgeFlags=0x0, pointerCount=1, historySize=0, eventTime=753651614, downTime=753651614, deviceId=0, source=0x1002 }
08-05 01:20:35.206  6517  6517 I Input   : injectMotionEvent: MotionEvent { action=ACTION_UP, actionButton=0, id[0]=0, x[0]=1309.0, y[0]=1701.0, toolType[0]=TOOL_TYPE_UNKNOWN, buttonState=0, metaState=0, flags=0x0, edgeFlags=0x0, pointerCount=1, historySize=0, eventTime=753651614, downTime=753651614, deviceId=0, source=0x1002 }
08-05 01:20:35.208  6517  6517 D AndroidRuntime: Shutting down VM
08-05 01:20:35.229   512  2967 D audio_hw_primary: disable_audio_route: reset and update mixer path: low-latency-playback speaker
08-05 01:20:35.231   512  2967 D audio_hw_primary: disable_snd_device: snd_device(2: speaker)
08-05 01:20:35.240   512  2967 I soundtrigger: audio_extn_sound_trigger_update_device_status: device 0x2 of type 0 for Event 0
08-05 01:20:35.274   512  2967 D audio_hw_primary: out_set_parameters: enter: usecase(1: low-latency-playback) kvpairs: routing=2
08-05 01:20:35.287   512  2967 D audio_hw_primary: select_devices: out_snd_device(2: speaker) in_snd_device(0: none)
08-05 01:20:35.287   512  2967 D msm8974_platform: platform_send_audio_calibration: sending audio calibration for snd_device(2) acdb_id(15)
08-05 01:20:35.287   512  2967 I soundtrigger: audio_extn_sound_trigger_update_device_status: device 0x2 of type 0 for Event 1
08-05 01:20:35.297   512  2967 D audio_hw_primary: enable_snd_device: snd_device(2: speaker)
08-05 01:20:35.299   512  2967 D audio_hw_primary: enable_audio_route: apply and update mixer path: low-latency-playback speaker
08-05 01:20:35.341   512  2967 D AudioFlinger: mixer(0xf4740000) throttle end: throttle time(12)
08-05 01:20:35.423  6162  6175 I art     : Starting a blocking GC Explicit
08-05 01:20:35.440  6162  6175 I art     : Explicit concurrent mark sweep GC freed 2109(127KB) AllocSpace objects, 2(40KB) LOS objects, 40% free, 22MB/37MB, paused 172us total 17.365ms
08-05 01:20:35.450  6162  6175 I art     : Starting a blocking GC Explicit
08-05 01:20:35.464  6162  6175 I art     : Explicit concurrent mark sweep GC freed 100(3KB) AllocSpace objects, 0(0B) LOS objects, 40% free, 22MB/37MB, paused 140us total 14.092ms
08-05 01:20:35.472  6162  6175 I art     : Starting a blocking GC Explicit
08-05 01:20:35.486  6162  6175 I art     : Explicit concurrent mark sweep GC freed 48(2160B) AllocSpace objects, 0(0B) LOS objects, 40% free, 22MB/37MB, paused 240us total 13.741ms
08-05 01:20:35.494  6162  6175 I art     : Starting a blocking GC Explicit
08-05 01:20:35.508  6162  6175 I art     : Explicit concurrent mark sweep GC freed 26(1088B) AllocSpace objects, 0(0B) LOS objects, 40% free, 22MB/37MB, paused 129us total 13.364ms
08-05 01:20:35.516  6162  6175 I art     : Starting a blocking GC Explicit
08-05 01:20:35.530  6162  6175 I art     : Explicit concurrent mark sweep GC freed 14(496B) AllocSpace objects, 0(0B) LOS objects, 40% free, 22MB/37MB, paused 164us total 13.422ms
08-05 01:20:35.731  6549  6549 D AndroidRuntime: >>>>>> START com.android.internal.os.RuntimeInit uid 2000 <<<<<<
08-05 01:20:35.736  6549  6549 D AndroidRuntime: CheckJNI is OFF
08-05 01:20:35.758  6549  6549 D ICU     : No timezone override file found: /data/misc/zoneinfo/current/icu/icu_tzdata.dat
08-05 01:20:35.782  6549  6549 I Radio-JNI: register_android_hardware_Radio DONE
08-05 01:20:35.786  6162  6186 I art     : Starting a blocking GC Explicit
08-05 01:20:35.798  6549  6549 D AndroidRuntime: Calling main entry com.android.commands.input.Input
08-05 01:20:35.799  6549  6549 I Input   : injectMotionEvent: MotionEvent { action=ACTION_DOWN, actionButton=0, id[0]=0, x[0]=477.0, y[0]=805.0, toolType[0]=TOOL_TYPE_UNKNOWN, buttonState=0, metaState=0, flags=0x0, edgeFlags=0x0, pointerCount=1, historySize=0, eventTime=753652212, downTime=753652212, deviceId=0, source=0x1002 }
08-05 01:20:35.801  6162  6186 I art     : Explicit concurrent mark sweep GC freed 1462(83KB) AllocSpace objects, 1(20KB) LOS objects, 40% free, 22MB/37MB, paused 142us total 13.977ms
08-05 01:20:35.806  6549  6549 I Input   : injectMotionEvent: MotionEvent { action=ACTION_UP, actionButton=0, id[0]=0, x[0]=477.0, y[0]=805.0, toolType[0]=TOOL_TYPE_UNKNOWN, buttonState=0, metaState=0, flags=0x0, edgeFlags=0x0, pointerCount=1, historySize=0, eventTime=753652212, downTime=753652212, deviceId=0, source=0x1002 }
08-05 01:20:35.808  6549  6549 D AndroidRuntime: Shutting down VM
08-05 01:20:35.809  6162  6186 I art     : Starting a blocking GC Explicit
08-05 01:20:35.825  6162  6186 I art     : Explicit concurrent mark sweep GC freed 123(4KB) AllocSpace objects, 0(0B) LOS objects, 40% free, 22MB/37MB, paused 130us total 15.163ms
08-05 01:20:35.828   512  2967 D audio_hw_primary: disable_audio_route: reset and update mixer path: low-latency-playback speaker
08-05 01:20:35.829   512  2967 D audio_hw_primary: disable_snd_device: snd_device(2: speaker)
08-05 01:20:35.833  6162  6186 I art     : Starting a blocking GC Explicit
08-05 01:20:35.838   512  2967 I soundtrigger: audio_extn_sound_trigger_update_device_status: device 0x2 of type 0 for Event 0
08-05 01:20:35.847  6162  6186 I art     : Explicit concurrent mark sweep GC freed 36(1472B) AllocSpace objects, 0(0B) LOS objects, 40% free, 22MB/37MB, paused 153us total 13.240ms
08-05 01:20:35.855  6162  6186 I art     : Starting a blocking GC Explicit
08-05 01:20:35.869  6162  6186 I art     : Explicit concurrent mark sweep GC freed 8(256B) AllocSpace objects, 0(0B) LOS objects, 40% free, 22MB/37MB, paused 162us total 13.839ms
08-05 01:20:35.878  6162  6186 I art     : Starting a blocking GC Explicit
08-05 01:20:35.890   512  2967 D audio_hw_primary: out_set_parameters: enter: usecase(1: low-latency-playback) kvpairs: routing=2
08-05 01:20:35.892  6162  6186 I art     : Explicit concurrent mark sweep GC freed 15(8KB) AllocSpace objects, 0(0B) LOS objects, 40% free, 22MB/37MB, paused 360us total 14.403ms
08-05 01:20:35.903   512  2967 D audio_hw_primary: select_devices: out_snd_device(2: speaker) in_snd_device(0: none)
08-05 01:20:35.903   512  2967 D msm8974_platform: platform_send_audio_calibration: sending audio calibration for snd_device(2) acdb_id(15)
08-05 01:20:35.903   512  2967 I soundtrigger: audio_extn_sound_trigger_update_device_status: device 0x2 of type 0 for Event 1
08-05 01:20:35.913   512  2967 D audio_hw_primary: enable_snd_device: snd_device(2: speaker)
08-05 01:20:35.915   512  2967 D audio_hw_primary: enable_audio_route: apply and update mixer path: low-latency-playback speaker
08-05 01:20:35.958   512  2967 D AudioFlinger: mixer(0xf4740000) throttle end: throttle time(12)
08-05 01:20:36.116  6162  6387 I art     : Starting a blocking GC Explicit
08-05 01:20:36.132  6162  6387 I art     : Explicit concurrent mark sweep GC freed 2605(195KB) AllocSpace objects, 1(20KB) LOS objects, 40% free, 22MB/37MB, paused 137us total 15.911ms
08-05 01:20:36.141  6162  6387 I art     : Starting a blocking GC Explicit
08-05 01:20:36.158  6162  6387 I art     : Explicit concurrent mark sweep GC freed 270(15KB) AllocSpace objects, 0(0B) LOS objects, 40% free, 22MB/37MB, paused 124us total 16.346ms
08-05 01:20:36.167  6162  6387 I art     : Starting a blocking GC Explicit
08-05 01:20:36.184  6162  6387 I art     : Explicit concurrent mark sweep GC freed 3(96B) AllocSpace objects, 0(0B) LOS objects, 40% free, 22MB/37MB, paused 137us total 16.426ms
08-05 01:20:36.193  6162  6387 I art     : Starting a blocking GC Explicit
08-05 01:20:36.209  6162  6387 I art     : Explicit concurrent mark sweep GC freed 3(96B) AllocSpace objects, 0(0B) LOS objects, 40% free, 22MB/37MB, paused 136us total 16.027ms
08-05 01:20:36.219  6162  6387 I art     : Starting a blocking GC Explicit
08-05 01:20:36.236  6162  6387 I art     : Explicit concurrent mark sweep GC freed 7(224B) AllocSpace objects, 0(0B) LOS objects, 40% free, 22MB/37MB, paused 126us total 16.521ms
08-05 01:20:36.351  6573  6573 D AndroidRuntime: >>>>>> START com.android.internal.os.RuntimeInit uid 2000 <<<<<<
08-05 01:20:36.355  6573  6573 D AndroidRuntime: CheckJNI is OFF
08-05 01:20:36.381  6573  6573 D ICU     : No timezone override file found: /data/misc/zoneinfo/current/icu/icu_tzdata.dat
08-05 01:20:36.406  6573  6573 I Radio-JNI: register_android_hardware_Radio DONE
08-05 01:20:36.424  6573  6573 D AndroidRuntime: Calling main entry com.android.commands.input.Input
08-05 01:20:36.426  6573  6573 I Input   : injectMotionEvent: MotionEvent { action=ACTION_DOWN, actionButton=0, id[0]=0, x[0]=463.0, y[0]=464.0, toolType[0]=TOOL_TYPE_UNKNOWN, buttonState=0, metaState=0, flags=0x0, edgeFlags=0x0, pointerCount=1, historySize=0, eventTime=753652839, downTime=753652839, deviceId=0, source=0x1002 }
08-05 01:20:36.430  6573  6573 I Input   : injectMotionEvent: MotionEvent { action=ACTION_UP, actionButton=0, id[0]=0, x[0]=463.0, y[0]=464.0, toolType[0]=TOOL_TYPE_UNKNOWN, buttonState=0, metaState=0, flags=0x0, edgeFlags=0x0, pointerCount=1, historySize=0, eventTime=753652839, downTime=753652839, deviceId=0, source=0x1002 }
08-05 01:20:36.432  6573  6573 D AndroidRuntime: Shutting down VM
08-05 01:20:36.449   512  2967 D audio_hw_primary: disable_audio_route: reset and update mixer path: low-latency-playback speaker
08-05 01:20:36.451   512  2967 D audio_hw_primary: disable_snd_device: snd_device(2: speaker)
08-05 01:20:36.460   512  2967 I soundtrigger: audio_extn_sound_trigger_update_device_status: device 0x2 of type 0 for Event 0
08-05 01:20:36.483  6162  6173 I art     : Starting a blocking GC Explicit
08-05 01:20:36.499   512  2967 D audio_hw_primary: out_set_parameters: enter: usecase(1: low-latency-playback) kvpairs: routing=2
08-05 01:20:36.501  6162  6173 I art     : Explicit concurrent mark sweep GC freed 1417(81KB) AllocSpace objects, 1(20KB) LOS objects, 40% free, 22MB/37MB, paused 239us total 16.949ms
08-05 01:20:36.510  6162  6173 I art     : Starting a blocking GC Explicit
08-05 01:20:36.512   512  2967 D audio_hw_primary: select_devices: out_snd_device(2: speaker) in_snd_device(0: none)
08-05 01:20:36.513   512  2967 D msm8974_platform: platform_send_audio_calibration: sending audio calibration for snd_device(2) acdb_id(15)
08-05 01:20:36.513   512  2967 I soundtrigger: audio_extn_sound_trigger_update_device_status: device 0x2 of type 0 for Event 1
08-05 01:20:36.522   918  3670 W InputMethodManagerService: Window already focused, ignoring focus gain of: com.android.internal.view.IInputMethodClient$Stub$Proxy@82a29a attribute=null, token = android.os.BinderProxy@8f78bb6
08-05 01:20:36.527   512  2967 D audio_hw_primary: enable_snd_device: snd_device(2: speaker)
08-05 01:20:36.529   512  2967 D audio_hw_primary: enable_audio_route: apply and update mixer path: low-latency-playback speaker
08-05 01:20:36.530  6162  6173 I art     : Explicit concurrent mark sweep GC freed 80(15KB) AllocSpace objects, 1(20KB) LOS objects, 40% free, 22MB/37MB, paused 132us total 19.552ms
08-05 01:20:36.540  6162  6173 I art     : Starting a blocking GC Explicit
08-05 01:20:36.556  6162  6173 I art     : Explicit concurrent mark sweep GC freed 272(14KB) AllocSpace objects, 0(0B) LOS objects, 40% free, 22MB/37MB, paused 171us total 16.724ms
08-05 01:20:36.566  6162  6173 I art     : Starting a blocking GC Explicit
08-05 01:20:36.571   512  2967 D AudioFlinger: mixer(0xf4740000) throttle end: throttle time(12)
08-05 01:20:36.580  6162  6173 I art     : Explicit concurrent mark sweep GC freed 32(1184B) AllocSpace objects, 0(0B) LOS objects, 40% free, 22MB/37MB, paused 117us total 14.236ms
08-05 01:20:36.589  6162  6173 I art     : Starting a blocking GC Explicit
08-05 01:20:36.604  6162  6173 I art     : Explicit concurrent mark sweep GC freed 3(96B) AllocSpace objects, 0(0B) LOS objects, 40% free, 22MB/37MB, paused 146us total 14.461ms
08-05 01:20:36.721   380   380 W SurfaceFlinger: couldn't log to binary event log: overflow.
08-05 01:20:36.722   518   646 I ThermalEngine: ACTION: GPU - Setting GPU[0] to 510000000
08-05 01:20:36.844  6162  6175 I art     : Starting a blocking GC Explicit
08-05 01:20:36.863  6162  6175 I art     : Explicit concurrent mark sweep GC freed 1382(80KB) AllocSpace objects, 1(20KB) LOS objects, 40% free, 22MB/37MB, paused 168us total 18.017ms
08-05 01:20:36.874  6162  6175 I art     : Starting a blocking GC Explicit
08-05 01:20:36.891  6162  6175 I art     : Explicit concurrent mark sweep GC freed 22(768B) AllocSpace objects, 0(0B) LOS objects, 40% free, 22MB/37MB, paused 179us total 17.511ms
08-05 01:20:36.902  6162  6175 I art     : Starting a blocking GC Explicit
08-05 01:20:36.920  6162  6175 I art     : Explicit concurrent mark sweep GC freed 3(96B) AllocSpace objects, 0(0B) LOS objects, 40% free, 22MB/37MB, paused 170us total 17.338ms
08-05 01:20:36.931  6162  6175 I art     : Starting a blocking GC Explicit
08-05 01:20:36.948  6162  6175 I art     : Explicit concurrent mark sweep GC freed 3(96B) AllocSpace objects, 0(0B) LOS objects, 40% free, 22MB/37MB, paused 171us total 17.467ms
08-05 01:20:36.959  6162  6175 I art     : Starting a blocking GC Explicit
08-05 01:20:36.977  6162  6175 I art     : Explicit concurrent mark sweep GC freed 3(96B) AllocSpace objects, 0(0B) LOS objects, 40% free, 22MB/37MB, paused 179us total 17.642ms
08-05 01:20:37.032  6603  6603 D AndroidRuntime: >>>>>> START com.android.internal.os.RuntimeInit uid 2000 <<<<<<
08-05 01:20:37.037  6603  6603 D AndroidRuntime: CheckJNI is OFF
08-05 01:20:37.058   512  2967 D audio_hw_primary: disable_audio_route: reset and update mixer path: low-latency-playback speaker
08-05 01:20:37.060   512  2967 D audio_hw_primary: disable_snd_device: snd_device(2: speaker)
08-05 01:20:37.067  6603  6603 D ICU     : No timezone override file found: /data/misc/zoneinfo/current/icu/icu_tzdata.dat
08-05 01:20:37.068   512  2967 I soundtrigger: audio_extn_sound_trigger_update_device_status: device 0x2 of type 0 for Event 0
08-05 01:20:37.098  6603  6603 I Radio-JNI: register_android_hardware_Radio DONE
08-05 01:20:37.119  6603  6603 D AndroidRuntime: Calling main entry com.android.commands.input.Input
08-05 01:20:37.120  6603  6603 I Input   : injectKeyEvent: KeyEvent { action=ACTION_DOWN, keyCode=KEYCODE_BACK, scanCode=0, metaState=0, flags=0x0, repeatCount=0, eventTime=753653533, downTime=753653533, deviceId=-1, source=0x101 }
08-05 01:20:37.126  6603  6603 I Input   : injectKeyEvent: KeyEvent { action=ACTION_UP, keyCode=KEYCODE_BACK, scanCode=0, metaState=0, flags=0x0, repeatCount=0, eventTime=753653533, downTime=753653533, deviceId=-1, source=0x101 }
08-05 01:20:37.132  6603  6603 D AndroidRuntime: Shutting down VM
08-05 01:20:37.176 13866 13866 I GoogleInputMethodServic: GoogleInputMethodService.onFinishInput():3138 
08-05 01:20:37.177 13866 13866 I GoogleInputMethodServic: GoogleInputMethodService.onStartInput():1808 
08-05 01:20:37.214  6162  6186 I art     : Starting a blocking GC Explicit
08-05 01:20:37.233  6162  6186 I art     : Explicit concurrent mark sweep GC freed 1442(84KB) AllocSpace objects, 1(20KB) LOS objects, 40% free, 22MB/37MB, paused 155us total 18.719ms
08-05 01:20:37.243  6162  6186 I art     : Starting a blocking GC Explicit
08-05 01:20:37.260  6162  6186 I art     : Explicit concurrent mark sweep GC freed 34(1200B) AllocSpace objects, 0(0B) LOS objects, 40% free, 22MB/37MB, paused 149us total 16.566ms
08-05 01:20:37.270  6162  6186 I art     : Starting a blocking GC Explicit
08-05 01:20:37.291  6162  6186 I art     : Explicit concurrent mark sweep GC freed 3(96B) AllocSpace objects, 0(0B) LOS objects, 40% free, 22MB/37MB, paused 190us total 20.271ms
08-05 01:20:37.304  6162  6186 I art     : Starting a blocking GC Explicit
08-05 01:20:37.324  6162  6186 I art     : Explicit concurrent mark sweep GC freed 3(96B) AllocSpace objects, 0(0B) LOS objects, 40% free, 22MB/37MB, paused 175us total 20.261ms
08-05 01:20:37.337  6162  6186 I art     : Starting a blocking GC Explicit
08-05 01:20:37.360  6162  6186 I art     : Explicit concurrent mark sweep GC freed 3(96B) AllocSpace objects, 0(0B) LOS objects, 40% free, 22MB/37MB, paused 192us total 22.541ms
08-05 01:20:37.471   380   380 W SurfaceFlinger: couldn't log to binary event log: overflow.
08-05 01:20:37.598  6162  6175 I art     : Starting a blocking GC Explicit
08-05 01:20:37.618  6162  6175 I art     : Explicit concurrent mark sweep GC freed 1487(85KB) AllocSpace objects, 1(20KB) LOS objects, 40% free, 22MB/37MB, paused 200us total 19.934ms
08-05 01:20:37.630  6162  6175 I art     : Starting a blocking GC Explicit
08-05 01:20:37.647  6162  6175 I art     : Explicit concurrent mark sweep GC freed 13735(694KB) AllocSpace objects, 7(340KB) LOS objects, 40% free, 21MB/35MB, paused 164us total 16.799ms
08-05 01:20:37.658  6162  6175 I art     : Starting a blocking GC Explicit
08-05 01:20:37.673  6162  6175 I art     : Explicit concurrent mark sweep GC freed 3(96B) AllocSpace objects, 0(0B) LOS objects, 40% free, 21MB/35MB, paused 166us total 14.970ms
08-05 01:20:37.683  6162  6175 I art     : Starting a blocking GC Explicit
08-05 01:20:37.683   918  3261 D WifiStateMachine: starting scan for "H369AA63323"WPA_PSK with 2412,5180
08-05 01:20:37.698  6162  6175 I art     : Explicit concurrent mark sweep GC freed 3(96B) AllocSpace objects, 0(0B) LOS objects, 40% free, 21MB/35MB, paused 167us total 14.643ms
08-05 01:20:37.709  6162  6175 I art     : Starting a blocking GC Explicit
08-05 01:20:37.724  6162  6175 I art     : Explicit concurrent mark sweep GC freed 3(96B) AllocSpace objects, 0(0B) LOS objects, 40% free, 21MB/35MB, paused 175us total 14.573ms
08-05 01:20:37.792  6635  6635 D AndroidRuntime: >>>>>> START com.android.internal.os.RuntimeInit uid 2000 <<<<<<
08-05 01:20:37.797  6635  6635 D AndroidRuntime: CheckJNI is OFF
08-05 01:20:37.835  6635  6635 D ICU     : No timezone override file found: /data/misc/zoneinfo/current/icu/icu_tzdata.dat
08-05 01:20:37.870  6635  6635 I Radio-JNI: register_android_hardware_Radio DONE
08-05 01:20:37.892  6635  6635 D AndroidRuntime: Calling main entry com.android.commands.input.Input
08-05 01:20:37.894  6635  6635 I Input   : injectKeyEvent: KeyEvent { action=ACTION_DOWN, keyCode=KEYCODE_BACK, scanCode=0, metaState=0, flags=0x0, repeatCount=0, eventTime=753654307, downTime=753654307, deviceId=-1, source=0x101 }
08-05 01:20:37.907  6635  6635 I Input   : injectKeyEvent: KeyEvent { action=ACTION_UP, keyCode=KEYCODE_BACK, scanCode=0, metaState=0, flags=0x0, repeatCount=0, eventTime=753654307, downTime=753654307, deviceId=-1, source=0x101 }
08-05 01:20:37.914  6635  6635 D AndroidRuntime: Shutting down VM
08-05 01:20:37.947 13866 13866 I GoogleInputMethodServic: GoogleInputMethodService.onFinishInput():3138 
08-05 01:20:37.947 13866 13866 I GoogleInputMethodServic: GoogleInputMethodService.onStartInput():1808 
08-05 01:20:37.977  6162  6173 I art     : Starting a blocking GC Explicit
08-05 01:20:37.992  6162  6173 I art     : Explicit concurrent mark sweep GC freed 1513(85KB) AllocSpace objects, 1(20KB) LOS objects, 40% free, 21MB/35MB, paused 144us total 15.308ms
08-05 01:20:38.002  6162  6173 I art     : Starting a blocking GC Explicit
08-05 01:20:38.015  6162  6173 I art     : Explicit concurrent mark sweep GC freed 24(864B) AllocSpace objects, 0(0B) LOS objects, 40% free, 21MB/35MB, paused 142us total 12.568ms
08-05 01:20:38.025  6162  6173 I art     : Starting a blocking GC Explicit
08-05 01:20:38.039  6162  6173 I art     : Explicit concurrent mark sweep GC freed 3(96B) AllocSpace objects, 0(0B) LOS objects, 40% free, 21MB/35MB, paused 177us total 14.183ms
08-05 01:20:38.051  6162  6173 I art     : Starting a blocking GC Explicit
08-05 01:20:38.065  6162  6173 I art     : Explicit concurrent mark sweep GC freed 3(96B) AllocSpace objects, 0(0B) LOS objects, 40% free, 21MB/35MB, paused 144us total 14.122ms
08-05 01:20:38.075  6162  6173 I art     : Starting a blocking GC Explicit
08-05 01:20:38.089  6162  6173 I art     : Explicit concurrent mark sweep GC freed 3(96B) AllocSpace objects, 0(0B) LOS objects, 40% free, 21MB/35MB, paused 140us total 13.586ms
08-05 01:20:38.321  6162  6186 I art     : Starting a blocking GC Explicit
08-05 01:20:38.338  6162  6186 I art     : Explicit concurrent mark sweep GC freed 1362(79KB) AllocSpace objects, 1(20KB) LOS objects, 40% free, 21MB/35MB, paused 194us total 16.099ms
08-05 01:20:38.348  6162  6186 I art     : Starting a blocking GC Explicit
08-05 01:20:38.364  6162  6186 I art     : Explicit concurrent mark sweep GC freed 143(10KB) AllocSpace objects, 0(0B) LOS objects, 40% free, 21MB/35MB, paused 182us total 15.140ms
08-05 01:20:38.374  6162  6186 I art     : Starting a blocking GC Explicit
08-05 01:20:38.389  6162  6186 I art     : Explicit concurrent mark sweep GC freed 3(96B) AllocSpace objects, 0(0B) LOS objects, 40% free, 21MB/35MB, paused 166us total 14.777ms
08-05 01:20:38.399  6162  6186 I art     : Starting a blocking GC Explicit
08-05 01:20:38.414  6162  6186 I art     : Explicit concurrent mark sweep GC freed 3(96B) AllocSpace objects, 0(0B) LOS objects, 40% free, 21MB/35MB, paused 172us total 14.642ms
08-05 01:20:38.415  1652  1652 I ServiceManager: Waiting for service AtCmdFwd...
08-05 01:20:38.425  6162  6186 I art     : Starting a blocking GC Explicit
08-05 01:20:38.440  6162  6186 I art     : Explicit concurrent mark sweep GC freed 3(96B) AllocSpace objects, 0(0B) LOS objects, 40% free, 21MB/35MB, paused 165us total 14.877ms
08-05 01:20:38.559  6667  6667 D AndroidRuntime: >>>>>> START com.android.internal.os.RuntimeInit uid 2000 <<<<<<
08-05 01:20:38.566  6667  6667 D AndroidRuntime: CheckJNI is OFF
08-05 01:20:38.601  6667  6667 D ICU     : No timezone override file found: /data/misc/zoneinfo/current/icu/icu_tzdata.dat
08-05 01:20:38.633  6667  6667 I Radio-JNI: register_android_hardware_Radio DONE
08-05 01:20:38.655  6667  6667 D AndroidRuntime: Calling main entry com.android.commands.input.Input
08-05 01:20:38.656  6667  6667 I Input   : injectMotionEvent: MotionEvent { action=ACTION_DOWN, actionButton=0, id[0]=0, x[0]=600.0, y[0]=1536.0, toolType[0]=TOOL_TYPE_UNKNOWN, buttonState=0, metaState=0, flags=0x0, edgeFlags=0x0, pointerCount=1, historySize=0, eventTime=753655069, downTime=753655069, deviceId=0, source=0x1002 }
08-05 01:20:38.670  6667  6667 I Input   : injectMotionEvent: MotionEvent { action=ACTION_UP, actionButton=0, id[0]=0, x[0]=600.0, y[0]=1536.0, toolType[0]=TOOL_TYPE_UNKNOWN, buttonState=0, metaState=0, flags=0x0, edgeFlags=0x0, pointerCount=1, historySize=0, eventTime=753655069, downTime=753655069, deviceId=0, source=0x1002 }
08-05 01:20:38.672  6667  6667 D AndroidRuntime: Shutting down VM
08-05 01:20:38.695   512  2967 D audio_hw_primary: out_set_parameters: enter: usecase(1: low-latency-playback) kvpairs: routing=2
08-05 01:20:38.697   918  5132 I ActivityManager: START u0 {dat=https://oauth.reddit.com/... cmp=baseline.org.quantumbadger.redreader/.activities.PostListingActivity} from uid 10689 on display 0
08-05 01:20:38.705  6162  6173 I art     : Starting a blocking GC Explicit
08-05 01:20:38.709   512  2967 D audio_hw_primary: select_devices: out_snd_device(2: speaker) in_snd_device(0: none)
08-05 01:20:38.709   512  2967 D msm8974_platform: platform_send_audio_calibration: sending audio calibration for snd_device(2) acdb_id(15)
08-05 01:20:38.709   512  2967 I soundtrigger: audio_extn_sound_trigger_update_device_status: device 0x2 of type 0 for Event 1
08-05 01:20:38.720   512  2967 D audio_hw_primary: enable_snd_device: snd_device(2: speaker)
08-05 01:20:38.721  6162  6173 I art     : Explicit concurrent mark sweep GC freed 1546(99KB) AllocSpace objects, 1(20KB) LOS objects, 40% free, 21MB/35MB, paused 297us total 15.861ms
08-05 01:20:38.722  6162  6162 I AppCompatViewInflater: app:theme is now deprecated. Please move to using android:theme instead.
08-05 01:20:38.723   512  2967 D audio_hw_primary: enable_audio_route: apply and update mixer path: low-latency-playback speaker
08-05 01:20:38.732  6162  6173 I art     : Starting a blocking GC Explicit
08-05 01:20:38.748  6162  6173 I art     : Explicit concurrent mark sweep GC freed 3626(247KB) AllocSpace objects, 0(0B) LOS objects, 40% free, 21MB/35MB, paused 498us total 15.648ms
08-05 01:20:38.759  6162  6173 I art     : Starting a blocking GC Explicit
08-05 01:20:38.770  6162  6699 I RawObjectDB query string: CREATE TABLE objects(RawObjectDB_id TEXT PRIMARY KEY ON CONFLICT REPLACE,RawObjectDB_timestamp INTEGER,accounts_active INTEGER,created INTEGER,created_utc INTEGER,description TEXT,description_html TEXT,display_name TEXT,header_img TEXT,header_title TEXT,id TEXT,name TEXT,over18 INTEGER,public_description TEXT,subscribers INTEGER,title TEXT,url TEXT)
08-05 01:20:38.774  6162  6173 I art     : Explicit concurrent mark sweep GC freed 585(33KB) AllocSpace objects, 0(0B) LOS objects, 40% free, 21MB/35MB, paused 196us total 14.343ms
08-05 01:20:38.784  6162  6173 I art     : Starting a blocking GC Explicit
08-05 01:20:38.801  6162  6173 I art     : Explicit concurrent mark sweep GC freed 557(43KB) AllocSpace objects, 0(0B) LOS objects, 40% free, 21MB/36MB, paused 824us total 16.852ms
08-05 01:20:38.811  6162  6173 I art     : Starting a blocking GC Explicit
08-05 01:20:38.821  6162  6700 D OK      : calling: https://www.reddit.com/api/v1/access_token
08-05 01:20:38.823 13866 13866 I GoogleInputMethodServic: GoogleInputMethodService.onFinishInput():3138 
08-05 01:20:38.823 13866 13866 I GoogleInputMethodServic: GoogleInputMethodService.onStartInput():1808 
08-05 01:20:38.826   918   936 I ActivityManager: Displayed baseline.org.quantumbadger.redreader/.activities.PostListingActivity: +116ms
08-05 01:20:38.831  6162  6173 I art     : Explicit concurrent mark sweep GC freed 1223(80KB) AllocSpace objects, 0(0B) LOS objects, 40% free, 21MB/36MB, paused 718us total 19.531ms
08-05 01:20:39.073   380   380 W SurfaceFlinger: couldn't log to binary event log: overflow.
08-05 01:20:39.079  6162  6162 I RedReader: Checking for new messages.
08-05 01:20:39.081  6162  6162 I RegularCachePruner: Pruning cache...
08-05 01:20:39.082  6162  6713 I RedditChangeDataManager: Pruning for all users...
08-05 01:20:39.082  6162  6713 I RedditChangeDataManager: Pruning complete.
08-05 01:20:39.084  6162  6175 I art     : Starting a blocking GC Explicit
08-05 01:20:39.086  6162  6713 I CacheManager: Pruning 0 files
08-05 01:20:39.102  6162  6175 I art     : Explicit concurrent mark sweep GC freed 7327(476KB) AllocSpace objects, 5(248KB) LOS objects, 40% free, 21MB/36MB, paused 239us total 17.578ms
08-05 01:20:39.113  6162  6175 I art     : Starting a blocking GC Explicit
08-05 01:20:39.129  6162  6175 I art     : Explicit concurrent mark sweep GC freed 3987(247KB) AllocSpace objects, 0(0B) LOS objects, 40% free, 21MB/36MB, paused 258us total 15.194ms
08-05 01:20:39.139  6162  6175 I art     : Starting a blocking GC Explicit
08-05 01:20:39.154  6162  6175 I art     : Explicit concurrent mark sweep GC freed 34(1792B) AllocSpace objects, 0(0B) LOS objects, 40% free, 21MB/36MB, paused 346us total 15.463ms
08-05 01:20:39.165  6162  6175 I art     : Starting a blocking GC Explicit
08-05 01:20:39.182  6162  6175 I art     : Explicit concurrent mark sweep GC freed 3310(223KB) AllocSpace objects, 0(0B) LOS objects, 39% free, 22MB/36MB, paused 494us total 16.871ms
08-05 01:20:39.193  6162  6175 I art     : Starting a blocking GC Explicit
08-05 01:20:39.215  6162  6175 I art     : Explicit concurrent mark sweep GC freed 6869(552KB) AllocSpace objects, 8(608KB) LOS objects, 40% free, 23MB/38MB, paused 716us total 21.912ms
08-05 01:20:39.258   512  2967 D audio_hw_primary: disable_audio_route: reset and update mixer path: low-latency-playback speaker
08-05 01:20:39.259   512  2967 D audio_hw_primary: disable_snd_device: snd_device(2: speaker)
08-05 01:20:39.267   512  2967 I soundtrigger: audio_extn_sound_trigger_update_device_status: device 0x2 of type 0 for Event 0
08-05 01:20:39.322  6162  6700 D OK      : request got status: 200
08-05 01:20:39.332  6162  6700 D OK      : calling: https://oauth.reddit.com/r/askscience/about.json
08-05 01:20:39.415  1652  1652 I ServiceManager: Waiting for service AtCmdFwd...
08-05 01:20:39.475  6162  6173 I art     : Starting a blocking GC Explicit
08-05 01:20:39.505  6162  6173 I art     : Explicit concurrent mark sweep GC freed 28040(1725KB) AllocSpace objects, 7(904KB) LOS objects, 40% free, 23MB/39MB, paused 294us total 29.952ms
08-05 01:20:39.519  6162  6173 I art     : Starting a blocking GC Explicit
08-05 01:20:39.544  6162  6173 I art     : Explicit concurrent mark sweep GC freed 114(3KB) AllocSpace objects, 0(0B) LOS objects, 40% free, 23MB/39MB, paused 298us total 25.512ms
08-05 01:20:39.557  6162  6173 I art     : Starting a blocking GC Explicit
08-05 01:20:39.583  6162  6173 I art     : Explicit concurrent mark sweep GC freed 3(96B) AllocSpace objects, 0(0B) LOS objects, 40% free, 23MB/39MB, paused 305us total 26.178ms
08-05 01:20:39.597  6162  6173 I art     : Starting a blocking GC Explicit
08-05 01:20:39.603  6162  6700 I NAPPA_EXPERIMENTATION: MetricNetworkRequestExecutionTime: REQUEST_DURATION_SYSTEM='270',REQUEST_DURATION_OKHTTP='148',REQUEST_SYNCHRONOUS='TRUE',RESPONSE_CODE='200',RESPONSE_METHOD='GET',RESPONSE_LENGTH_OKHTTP='-1',RESPONSE_LENGTH_HEADER='4700',REQUEST_PROTOCOL='h2',REQUEST_URL='https://oauth.reddit.com/r/askscience/about.json',
08-05 01:20:39.603  6162  6700 D OK      : request got status: 200
08-05 01:20:39.624  6162  6173 I art     : Explicit concurrent mark sweep GC freed 577(91KB) AllocSpace objects, 1(20KB) LOS objects, 39% free, 24MB/40MB, paused 399us total 26.563ms
08-05 01:20:39.637  6162  6173 I art     : Starting a blocking GC Explicit
08-05 01:20:39.665  6162  6173 I art     : Explicit concurrent mark sweep GC freed 720(103KB) AllocSpace objects, 1(68KB) LOS objects, 39% free, 24MB/40MB, paused 567us total 28.237ms
08-05 01:20:39.726   518   646 I ThermalEngine: ACTION: GPU - Setting GPU[0] to 450000000
08-05 01:20:39.958  6162  6186 I art     : Starting a blocking GC Explicit
08-05 01:20:39.999  6162  6186 I art     : Explicit concurrent mark sweep GC freed 2147(144KB) AllocSpace objects, 2(88KB) LOS objects, 39% free, 24MB/40MB, paused 373us total 40.714ms
08-05 01:20:40.015  6162  6742 D OK      : calling: https://oauth.reddit.com/r/askscience/hot/.json
08-05 01:20:40.016  6162  6186 I art     : Starting a blocking GC Explicit
08-05 01:20:40.050  6162  6186 I art     : Explicit concurrent mark sweep GC freed 236(11KB) AllocSpace objects, 0(0B) LOS objects, 39% free, 24MB/40MB, paused 389us total 33.887ms
08-05 01:20:40.066  6162  6186 I art     : Starting a blocking GC Explicit
08-05 01:20:40.099  6162  6186 I art     : Explicit concurrent mark sweep GC freed 11(448B) AllocSpace objects, 0(0B) LOS objects, 39% free, 24MB/40MB, paused 379us total 32.368ms
08-05 01:20:40.115  6162  6186 I art     : Starting a blocking GC Explicit
08-05 01:20:40.149  6162  6186 I art     : Explicit concurrent mark sweep GC freed 25(1024B) AllocSpace objects, 0(0B) LOS objects, 39% free, 24MB/40MB, paused 451us total 33.197ms
08-05 01:20:40.165  6162  6186 I art     : Starting a blocking GC Explicit
08-05 01:20:40.198  6162  6186 I art     : Explicit concurrent mark sweep GC freed 3(96B) AllocSpace objects, 0(0B) LOS objects, 39% free, 24MB/40MB, paused 407us total 32.329ms
08-05 01:20:40.212  6162  6742 I NAPPA_EXPERIMENTATION: MetricNetworkRequestExecutionTime: REQUEST_DURATION_SYSTEM='195',REQUEST_DURATION_OKHTTP='192',REQUEST_SYNCHRONOUS='TRUE',RESPONSE_CODE='200',RESPONSE_METHOD='GET',RESPONSE_LENGTH_OKHTTP='-1',RESPONSE_LENGTH_HEADER='21282',REQUEST_PROTOCOL='h2',REQUEST_URL='https://oauth.reddit.com/r/askscience/hot/.json',
08-05 01:20:40.212  6162  6742 D OK      : request got status: 200
08-05 01:20:40.234  6162  6730 I PostListingFragment: Precaching images: OFF
08-05 01:20:40.234  6162  6730 I PostListingFragment: Precaching comments: OFF
08-05 01:20:40.415  1652  1652 I ServiceManager: Waiting for service AtCmdFwd...
08-05 01:20:40.471  6162  6175 I art     : Starting a blocking GC Explicit
08-05 01:20:40.513  6162  6175 I art     : Explicit concurrent mark sweep GC freed 14644(786KB) AllocSpace objects, 3(156KB) LOS objects, 39% free, 24MB/40MB, paused 465us total 41.942ms
08-05 01:20:40.531  6162  6175 I art     : Starting a blocking GC Explicit
08-05 01:20:40.572  6162  6175 I art     : Explicit concurrent mark sweep GC freed 3611(137KB) AllocSpace objects, 0(0B) LOS objects, 39% free, 24MB/40MB, paused 500us total 41.003ms
08-05 01:20:40.589  6162  6175 I art     : Starting a blocking GC Explicit
08-05 01:20:40.629  6162  6175 I art     : Explicit concurrent mark sweep GC freed 2974(109KB) AllocSpace objects, 0(0B) LOS objects, 39% free, 24MB/40MB, paused 626us total 39.875ms
08-05 01:20:40.647  6162  6175 I art     : Starting a blocking GC Explicit
08-05 01:20:40.686  6162  6175 I art     : Explicit concurrent mark sweep GC freed 3501(127KB) AllocSpace objects, 0(0B) LOS objects, 39% free, 24MB/40MB, paused 482us total 39.203ms
08-05 01:20:40.703  6162  6175 I art     : Starting a blocking GC Explicit
08-05 01:20:40.739  6162  6175 I art     : Explicit concurrent mark sweep GC freed 12422(595KB) AllocSpace objects, 0(0B) LOS objects, 39% free, 24MB/40MB, paused 530us total 35.688ms
08-05 01:20:41.043  6162  6175 I art     : Starting a blocking GC Explicit
08-05 01:20:41.081  6162  6175 I art     : Explicit concurrent mark sweep GC freed 3060(168KB) AllocSpace objects, 1(20KB) LOS objects, 39% free, 24MB/40MB, paused 369us total 38.480ms
08-05 01:20:41.098  6162  6175 I art     : Starting a blocking GC Explicit
08-05 01:20:41.132  6162  6175 I art     : Explicit concurrent mark sweep GC freed 209(11KB) AllocSpace objects, 0(0B) LOS objects, 39% free, 24MB/40MB, paused 394us total 33.066ms
08-05 01:20:41.149  6162  6175 I art     : Starting a blocking GC Explicit
08-05 01:20:41.183  6162  6175 I art     : Explicit concurrent mark sweep GC freed 75(4KB) AllocSpace objects, 0(0B) LOS objects, 39% free, 24MB/40MB, paused 336us total 34.465ms
08-05 01:20:41.200  6162  6175 I art     : Starting a blocking GC Explicit
08-05 01:20:41.240  6162  6175 I art     : Explicit concurrent mark sweep GC freed 209(9KB) AllocSpace objects, 0(0B) LOS objects, 39% free, 24MB/40MB, paused 350us total 38.953ms
08-05 01:20:41.257  6162  6175 I art     : Starting a blocking GC Explicit
08-05 01:20:41.297  6162  6175 I art     : Explicit concurrent mark sweep GC freed 51(3KB) AllocSpace objects, 0(0B) LOS objects, 39% free, 24MB/40MB, paused 349us total 39.651ms
08-05 01:20:41.416  1652  1652 I ServiceManager: Waiting for service AtCmdFwd...
08-05 01:20:41.621  6162  6186 I art     : Starting a blocking GC Explicit
08-05 01:20:41.672  6162  6186 I art     : Explicit concurrent mark sweep GC freed 1347(78KB) AllocSpace objects, 1(20KB) LOS objects, 39% free, 24MB/40MB, paused 374us total 50.042ms
08-05 01:20:41.691  6162  6186 I art     : Starting a blocking GC Explicit
08-05 01:20:41.730   518   646 I ThermalEngine: ACTION: GPU - Setting GPU[0] to 510000000
08-05 01:20:41.731  6162  6186 I art     : Explicit concurrent mark sweep GC freed 20(704B) AllocSpace objects, 0(0B) LOS objects, 39% free, 24MB/40MB, paused 360us total 39.353ms
08-05 01:20:41.748  6162  6186 I art     : Starting a blocking GC Explicit
08-05 01:20:41.783  6162  6186 I art     : Explicit concurrent mark sweep GC freed 3(96B) AllocSpace objects, 0(0B) LOS objects, 39% free, 24MB/40MB, paused 263us total 35.142ms
08-05 01:20:41.797  6162  6186 I art     : Starting a blocking GC Explicit
08-05 01:20:41.827  6162  6186 I art     : Explicit concurrent mark sweep GC freed 3(96B) AllocSpace objects, 0(0B) LOS objects, 39% free, 24MB/40MB, paused 315us total 29.615ms
08-05 01:20:41.840  6162  6186 I art     : Starting a blocking GC Explicit
08-05 01:20:41.871  6162  6186 I art     : Explicit concurrent mark sweep GC freed 3(96B) AllocSpace objects, 0(0B) LOS objects, 39% free, 24MB/40MB, paused 245us total 30.324ms
08-05 01:20:42.190  6162  6173 I art     : Starting a blocking GC Explicit
08-05 01:20:42.230  6162  6173 I art     : Explicit concurrent mark sweep GC freed 1343(78KB) AllocSpace objects, 1(20KB) LOS objects, 39% free, 24MB/40MB, paused 269us total 39.941ms
08-05 01:20:42.247  6162  6173 I art     : Starting a blocking GC Explicit
08-05 01:20:42.278  6162  6173 I art     : Explicit concurrent mark sweep GC freed 20(704B) AllocSpace objects, 0(0B) LOS objects, 39% free, 24MB/40MB, paused 253us total 30.328ms
08-05 01:20:42.291  6162  6173 I art     : Starting a blocking GC Explicit
08-05 01:20:42.321  6162  6173 I art     : Explicit concurrent mark sweep GC freed 3(96B) AllocSpace objects, 0(0B) LOS objects, 39% free, 24MB/40MB, paused 224us total 29.671ms
08-05 01:20:42.334  6162  6173 I art     : Starting a blocking GC Explicit
08-05 01:20:42.365  6162  6173 I art     : Explicit concurrent mark sweep GC freed 3(96B) AllocSpace objects, 0(0B) LOS objects, 39% free, 24MB/40MB, paused 224us total 30.151ms
08-05 01:20:42.378  6162  6173 I art     : Starting a blocking GC Explicit
08-05 01:20:42.409  6162  6173 I art     : Explicit concurrent mark sweep GC freed 3(96B) AllocSpace objects, 0(0B) LOS objects, 39% free, 24MB/40MB, paused 241us total 30.503ms
08-05 01:20:42.417  1652  1652 I ServiceManager: Waiting for service AtCmdFwd...
08-05 01:20:42.733  6162  6387 I art     : Starting a blocking GC Explicit
08-05 01:20:42.771  6162  6387 I art     : Explicit concurrent mark sweep GC freed 1343(78KB) AllocSpace objects, 1(20KB) LOS objects, 39% free, 24MB/40MB, paused 275us total 37.355ms
08-05 01:20:42.787  6162  6387 I art     : Starting a blocking GC Explicit
08-05 01:20:42.817  6162  6387 I art     : Explicit concurrent mark sweep GC freed 20(704B) AllocSpace objects, 0(0B) LOS objects, 39% free, 24MB/40MB, paused 244us total 29.831ms
08-05 01:20:42.830  6162  6387 I art     : Starting a blocking GC Explicit
08-05 01:20:42.861  6162  6387 I art     : Explicit concurrent mark sweep GC freed 3(96B) AllocSpace objects, 0(0B) LOS objects, 39% free, 24MB/40MB, paused 256us total 30.533ms
08-05 01:20:42.874  6162  6387 I art     : Starting a blocking GC Explicit
08-05 01:20:42.904  6162  6387 I art     : Explicit concurrent mark sweep GC freed 3(96B) AllocSpace objects, 0(0B) LOS objects, 39% free, 24MB/40MB, paused 260us total 30.062ms
08-05 01:20:42.917  6162  6387 I art     : Starting a blocking GC Explicit
08-05 01:20:42.947  6162  6387 I art     : Explicit concurrent mark sweep GC freed 3(96B) AllocSpace objects, 0(0B) LOS objects, 39% free, 24MB/40MB, paused 279us total 29.763ms
08-05 01:20:43.258  6162  6175 I art     : Starting a blocking GC Explicit
08-05 01:20:43.295  6162  6175 I art     : Explicit concurrent mark sweep GC freed 1343(78KB) AllocSpace objects, 1(20KB) LOS objects, 39% free, 24MB/40MB, paused 270us total 36.265ms
08-05 01:20:43.310  6162  6175 I art     : Starting a blocking GC Explicit
08-05 01:20:43.340  6162  6175 I art     : Explicit concurrent mark sweep GC freed 20(704B) AllocSpace objects, 0(0B) LOS objects, 39% free, 24MB/40MB, paused 259us total 30.035ms
08-05 01:20:43.353  6162  6175 I art     : Starting a blocking GC Explicit
08-05 01:20:43.383  6162  6175 I art     : Explicit concurrent mark sweep GC freed 3(96B) AllocSpace objects, 0(0B) LOS objects, 39% free, 24MB/40MB, paused 263us total 29.338ms
08-05 01:20:43.396  6162  6175 I art     : Starting a blocking GC Explicit
08-05 01:20:43.418  1652  1652 W Atfwd_Sendcmd: AtCmdFwd service not published, waiting... retryCnt : 3
08-05 01:20:43.426  6162  6175 I art     : Explicit concurrent mark sweep GC freed 3(96B) AllocSpace objects, 0(0B) LOS objects, 39% free, 24MB/40MB, paused 257us total 29.223ms
08-05 01:20:43.439  6162  6175 I art     : Starting a blocking GC Explicit
08-05 01:20:43.469  6162  6175 I art     : Explicit concurrent mark sweep GC freed 3(96B) AllocSpace objects, 0(0B) LOS objects, 39% free, 24MB/40MB, paused 248us total 29.497ms
08-05 01:20:43.789  6162  6186 I art     : Starting a blocking GC Explicit
08-05 01:20:43.827  6162  6186 I art     : Explicit concurrent mark sweep GC freed 1347(78KB) AllocSpace objects, 1(20KB) LOS objects, 39% free, 24MB/40MB, paused 272us total 37.814ms
08-05 01:20:43.844  6162  6186 I art     : Starting a blocking GC Explicit
08-05 01:20:43.880  6162  6186 I art     : Explicit concurrent mark sweep GC freed 20(704B) AllocSpace objects, 0(0B) LOS objects, 39% free, 24MB/40MB, paused 246us total 35.426ms
08-05 01:20:43.893  6162  6186 I art     : Starting a blocking GC Explicit
08-05 01:20:43.922  6162  6186 I art     : Explicit concurrent mark sweep GC freed 3(96B) AllocSpace objects, 0(0B) LOS objects, 39% free, 24MB/40MB, paused 231us total 28.862ms
08-05 01:20:43.935  6162  6186 I art     : Starting a blocking GC Explicit
08-05 01:20:43.963  6162  6186 I art     : Explicit concurrent mark sweep GC freed 3(96B) AllocSpace objects, 0(0B) LOS objects, 39% free, 24MB/40MB, paused 241us total 28.087ms
08-05 01:20:43.976  6162  6186 I art     : Starting a blocking GC Explicit
08-05 01:20:44.005  6162  6186 I art     : Explicit concurrent mark sweep GC freed 3(96B) AllocSpace objects, 0(0B) LOS objects, 39% free, 24MB/40MB, paused 248us total 28.278ms
08-05 01:20:44.096 23763 23763 I Finsky  : [1] xow.onStartJob(3): SCH: onJobSchedulerWakeup with jobId 9016
08-05 01:20:44.110 23763 23763 I Finsky  : [1] xjw.a(9): Scheduling fallback in 43199995 (absolute: 1780247980)
08-05 01:20:44.115 23763 23763 I Finsky  : [1] xjw.a(9): Scheduling fallback in 64799997 (absolute: 1801847986)
08-05 01:20:44.122 23763 23763 I Finsky  : [1] xow.onStartJob(3): SCH: onJobSchedulerWakeup with jobId 9006
08-05 01:20:44.133 23763 23763 I Finsky  : [1] xjw.a(9): Scheduling fallback in 43199991 (absolute: 1780247998)
08-05 01:20:44.137 23763 23763 I Finsky  : [1] xjw.a(9): Scheduling fallback in 64799997 (absolute: 1801848008)
08-05 01:20:44.142 23763 23763 W Finsky  : [1] xow.onStartJob(9): SCH: onJobSchedulerWakeup while already running
08-05 01:20:44.199 23763 23763 I Finsky  : [1] xkf.handleMessage(8): SCH: DeviceState: DeviceState{currentTime=1596583244187, isCharging=false, isIdle=false, netAny=true, netNotRoaming=true, netUnmetered=true, batteryPercent=100.0}
08-05 01:20:44.205 23763  6132 I Finsky  : [6041] xmu.a(8): SCH: Jobs in database: 1-1337 3-199 3-200 12-1 24-77777777 26-1414141414 
08-05 01:20:44.209 23763 23763 I Finsky  : [1] xkg.a(16): SCH: Running job: 12-1
08-05 01:20:44.210 23763 23763 I Finsky  : [1] ContentSyncJob.a(16): [ContentSync] job started
08-05 01:20:44.211 23763 23763 I Finsky  : [1] xkf.handleMessage(61): SCH: RunningQueue size: 1, PendingQueue size: 0
08-05 01:20:44.212 23763 23763 I Finsky  : [1] xkf.handleMessage(64): SCH: Running queue: 12-1 
08-05 01:20:44.275  6162  6173 I art     : Starting a blocking GC Explicit
08-05 01:20:44.283 23763  6827 I Finsky  : [6050] dzn.a(22): Completed 0 account content syncs with 0 successful.
08-05 01:20:44.284 23763 23763 I Finsky  : [1] ContentSyncJob.a(1): [ContentSync] Installation state replication succeeded.
08-05 01:20:44.284 23763 23763 I Finsky  : [1] xlr.a(13): SCH: jobFinished: 12-1. TimeElapsed: 74ms.
08-05 01:20:44.285 23763 23763 I Finsky  : [1] xkg.a(36): SCH: Job 12-1 finished. Not rescheduling.
08-05 01:20:44.285 23763 23763 I Finsky  : [1] xkf.handleMessage(61): SCH: RunningQueue size: 0, PendingQueue size: 0
08-05 01:20:44.286 23763 23763 I Finsky  : [1] xkf.handleMessage(25): Executor finished
08-05 01:20:44.300 23763 23763 I Finsky  : [1] xmu.a(8): SCH: Jobs in database: 1-1337 3-199 3-200 24-77777777 26-1414141414 
08-05 01:20:44.302 23763 23763 I Finsky  : [1] xio.a(57): SCH: ConstraintMapping: 24-77777777,  -> L: 0ms, D: 71356218ms, C: false, I: true, N: 0
08-05 01:20:44.303 23763 23763 I Finsky  : [1] xio.a(57): SCH: ConstraintMapping: 1-1337,  -> L: 12749239ms, D: 31508608ms, C: false, I: false, N: 1
08-05 01:20:44.303 23763 23763 I Finsky  : [1] xio.a(57): SCH: ConstraintMapping: 3-199,  -> L: 0ms, D: 82948951ms, C: false, I: true, N: 2
08-05 01:20:44.304 23763 23763 I Finsky  : [1] xio.a(57): SCH: ConstraintMapping: 3-200,  -> L: 0ms, D: 82949057ms, C: true, I: true, N: 2
08-05 01:20:44.304  6162  6173 I art     : Explicit concurrent mark sweep GC freed 1344(78KB) AllocSpace objects, 1(20KB) LOS objects, 39% free, 24MB/40MB, paused 307us total 28.577ms
08-05 01:20:44.305 23763 23763 I Finsky  : [1] xio.a(57): SCH: ConstraintMapping: 26-1414141414,  -> L: 36146091ms, D: 37046091ms, C: false, I: false, N: 0
08-05 01:20:44.314 23763 23763 I Finsky  : [1] xle.a(34): Cancelling existing jobscheduler jobs: 9015 9007 9013 9014 9018 9019 9000 9017 
08-05 01:20:44.315 23763 23763 I Finsky  : [1] xle.a(10): Throttling wakeup for job 9001 (expected to run in 0 ms) due to recent wakeup
08-05 01:20:44.315 23763 23763 I Finsky  : [1] xle.a(27): Scheduling job Id: 9001, L: 30000, D: 71356218, C: false, I: true, N: 0
08-05 01:20:44.317  6162  6173 I art     : Starting a blocking GC Explicit
08-05 01:20:44.317 23763 23763 I Finsky  : [1] xle.a(27): Scheduling job Id: 9002, L: 12749239, D: 31508608, C: false, I: false, N: 1
08-05 01:20:44.319 23763 23763 I Finsky  : [1] xle.a(10): Throttling wakeup for job 9003 (expected to run in 0 ms) due to recent wakeup
08-05 01:20:44.319 23763 23763 I Finsky  : [1] xle.a(27): Scheduling job Id: 9003, L: 30000, D: 82948951, C: false, I: true, N: 2
08-05 01:20:44.320 23763 23763 I Finsky  : [1] xle.a(10): Throttling wakeup for job 9004 (expected to run in 0 ms) due to recent wakeup
08-05 01:20:44.321 23763 23763 I Finsky  : [1] xle.a(27): Scheduling job Id: 9004, L: 30000, D: 82949057, C: true, I: true, N: 2
08-05 01:20:44.322 23763 23763 I Finsky  : [1] xle.a(27): Scheduling job Id: 9005, L: 36146091, D: 37046091, C: false, I: false, N: 0
08-05 01:20:44.323 23763 23763 I Finsky  : [1] xle.a(10): Throttling wakeup for job 9006 (expected to run in 0 ms) due to recent wakeup
08-05 01:20:44.323 23763 23763 I Finsky  : [1] xle.a(27): Scheduling job Id: 9006, L: 30000, D: 71356218, C: false, I: true, N: 0
08-05 01:20:44.325 23763 23763 I Finsky  : [1] xle.a(27): Scheduling job Id: 9008, L: 12749239, D: 31508608, C: false, I: false, N: 1
08-05 01:20:44.326 23763 23763 I Finsky  : [1] xle.a(10): Throttling wakeup for job 9009 (expected to run in 0 ms) due to recent wakeup
08-05 01:20:44.327 23763 23763 I Finsky  : [1] xle.a(27): Scheduling job Id: 9009, L: 30000, D: 82948951, C: false, I: true, N: 2
08-05 01:20:44.328 23763 23763 I Finsky  : [1] xle.a(10): Throttling wakeup for job 9010 (expected to run in 0 ms) due to recent wakeup
08-05 01:20:44.328 23763 23763 I Finsky  : [1] xle.a(27): Scheduling job Id: 9010, L: 30000, D: 82949057, C: true, I: true, N: 2
08-05 01:20:44.330 23763 23763 I Finsky  : [1] xle.a(27): Scheduling job Id: 9011, L: 36146091, D: 37046091, C: false, I: false, N: 0
08-05 01:20:44.337  6813  6813 D AndroidRuntime: >>>>>> START com.android.internal.os.RuntimeInit uid 2000 <<<<<<
08-05 01:20:44.342  6813  6813 D AndroidRuntime: CheckJNI is OFF
08-05 01:20:44.345  6162  6173 I art     : Explicit concurrent mark sweep GC freed 20(704B) AllocSpace objects, 0(0B) LOS objects, 39% free, 24MB/40MB, paused 249us total 27.480ms
08-05 01:20:44.357  6162  6173 I art     : Starting a blocking GC Explicit
08-05 01:20:44.375  6813  6813 D ICU     : No timezone override file found: /data/misc/zoneinfo/current/icu/icu_tzdata.dat
08-05 01:20:44.383  6162  6173 I art     : Explicit concurrent mark sweep GC freed 3(96B) AllocSpace objects, 0(0B) LOS objects, 39% free, 24MB/40MB, paused 246us total 25.511ms
08-05 01:20:44.396  6162  6173 I art     : Starting a blocking GC Explicit
08-05 01:20:44.407  6813  6813 I Radio-JNI: register_android_hardware_Radio DONE
08-05 01:20:44.421  6162  6173 I art     : Explicit concurrent mark sweep GC freed 3(96B) AllocSpace objects, 0(0B) LOS objects, 39% free, 24MB/40MB, paused 212us total 24.972ms
08-05 01:20:44.428  6813  6813 D AndroidRuntime: Calling main entry com.android.commands.input.Input
08-05 01:20:44.430  6813  6813 I Input   : injectMotionEvent: MotionEvent { action=ACTION_DOWN, actionButton=0, id[0]=0, x[0]=600.0, y[0]=700.0, toolType[0]=TOOL_TYPE_UNKNOWN, buttonState=0, metaState=0, flags=0x0, edgeFlags=0x0, pointerCount=1, historySize=0, eventTime=753660842, downTime=753660842, deviceId=0, source=0x1002 }
08-05 01:20:44.433  6162  6173 I art     : Starting a blocking GC Explicit
08-05 01:20:44.435  6813  6813 I Input   : injectMotionEvent: MotionEvent { action=ACTION_UP, actionButton=0, id[0]=0, x[0]=600.0, y[0]=700.0, toolType[0]=TOOL_TYPE_UNKNOWN, buttonState=0, metaState=0, flags=0x0, edgeFlags=0x0, pointerCount=1, historySize=0, eventTime=753660842, downTime=753660842, deviceId=0, source=0x1002 }
08-05 01:20:44.437  6162  6162 I RRChoreographer: Using modern Choreographer
08-05 01:20:44.438  6813  6813 D AndroidRuntime: Shutting down VM
08-05 01:20:44.449   512  2967 D audio_hw_primary: out_set_parameters: enter: usecase(1: low-latency-playback) kvpairs: routing=2
08-05 01:20:44.452   918  6112 I ActivityManager: START u0 {dat=https://oauth.reddit.com/... cmp=baseline.org.quantumbadger.redreader/.activities.CommentListingActivity} from uid 10689 on display 0
08-05 01:20:44.460  6162  6173 I art     : Explicit concurrent mark sweep GC freed 241(16KB) AllocSpace objects, 0(0B) LOS objects, 39% free, 24MB/40MB, paused 447us total 26.141ms
08-05 01:20:44.462   512  2967 D audio_hw_primary: select_devices: out_snd_device(2: speaker) in_snd_device(0: none)
08-05 01:20:44.462   512  2967 D msm8974_platform: platform_send_audio_calibration: sending audio calibration for snd_device(2) acdb_id(15)
08-05 01:20:44.462   512  2967 I soundtrigger: audio_extn_sound_trigger_update_device_status: device 0x2 of type 0 for Event 1
08-05 01:20:44.473   512  2967 D audio_hw_primary: enable_snd_device: snd_device(2: speaker)
08-05 01:20:44.475   512  2967 D audio_hw_primary: enable_audio_route: apply and update mixer path: low-latency-playback speaker
08-05 01:20:44.484  6162  6162 I AppCompatViewInflater: app:theme is now deprecated. Please move to using android:theme instead.
08-05 01:20:44.501  6162  6841 D OK      : calling: https://oauth.reddit.com/comments/gvc7k9/.json?sort=confidence
08-05 01:20:44.562   918   936 I ActivityManager: Displayed baseline.org.quantumbadger.redreader/.activities.CommentListingActivity: +103ms
08-05 01:20:44.562 13866 13866 I GoogleInputMethodServic: GoogleInputMethodService.onFinishInput():3138 
08-05 01:20:44.563 13866 13866 I GoogleInputMethodServic: GoogleInputMethodService.onStartInput():1808 
08-05 01:20:44.708  6162  6387 I art     : Starting a blocking GC Explicit
08-05 01:20:44.718  6162  6841 I NAPPA_EXPERIMENTATION: MetricNetworkRequestExecutionTime: REQUEST_DURATION_SYSTEM='217',REQUEST_DURATION_OKHTTP='212',REQUEST_SYNCHRONOUS='TRUE',RESPONSE_CODE='200',RESPONSE_METHOD='GET',RESPONSE_LENGTH_OKHTTP='-1',RESPONSE_LENGTH_HEADER='90132',REQUEST_PROTOCOL='h2',REQUEST_URL='https://oauth.reddit.com/comments/gvc7k9/.json?sort=confidence',
08-05 01:20:44.718  6162  6841 D OK      : request got status: 200
08-05 01:20:44.735  6162  6730 I CommentListingActivity: COMMENTS session changed to cb75e476-fed7-42f1-b19a-92116bdd31c5
08-05 01:20:44.748  6162  6387 I art     : Explicit concurrent mark sweep GC freed 4589(373KB) AllocSpace objects, 1(20KB) LOS objects, 38% free, 25MB/41MB, paused 510us total 40.263ms
08-05 01:20:44.764  6162  6387 I art     : Starting a blocking GC Explicit
08-05 01:20:44.806  6162  6387 I art     : Explicit concurrent mark sweep GC freed 5997(382KB) AllocSpace objects, 1(20KB) LOS objects, 38% free, 25MB/41MB, paused 860us total 41.988ms
08-05 01:20:44.813   380   380 W SurfaceFlinger: couldn't log to binary event log: overflow.
08-05 01:20:44.821  6162  6387 I art     : Starting a blocking GC Explicit
08-05 01:20:44.857  6162  6387 I art     : Explicit concurrent mark sweep GC freed 6758(527KB) AllocSpace objects, 1(16KB) LOS objects, 37% free, 26MB/42MB, paused 724us total 35.538ms
08-05 01:20:44.870  6162  6387 I art     : Starting a blocking GC Explicit
08-05 01:20:44.906  6162  6387 I art     : Explicit concurrent mark sweep GC freed 9555(629KB) AllocSpace objects, 0(0B) LOS objects, 36% free, 27MB/43MB, paused 492us total 35.906ms
08-05 01:20:44.920  6162  6387 I art     : Starting a blocking GC Explicit
08-05 01:20:44.960  6162  6387 I art     : Explicit concurrent mark sweep GC freed 8527(623KB) AllocSpace objects, 0(0B) LOS objects, 36% free, 28MB/44MB, paused 863us total 40.009ms
08-05 01:20:45.018   512  2967 D audio_hw_primary: disable_audio_route: reset and update mixer path: low-latency-playback speaker
08-05 01:20:45.019   512  2967 D audio_hw_primary: disable_snd_device: snd_device(2: speaker)
08-05 01:20:45.026   512  2967 I soundtrigger: audio_extn_sound_trigger_update_device_status: device 0x2 of type 0 for Event 0
08-05 01:20:45.229  6162  6387 I art     : Starting a blocking GC Explicit
08-05 01:20:45.281  6162  6387 I art     : Explicit concurrent mark sweep GC freed 32285(1748KB) AllocSpace objects, 4(172KB) LOS objects, 36% free, 27MB/43MB, paused 317us total 51.109ms
08-05 01:20:45.297  6162  6387 I art     : Starting a blocking GC Explicit
08-05 01:20:45.340  6162  6387 I art     : Explicit concurrent mark sweep GC freed 37(1456B) AllocSpace objects, 0(0B) LOS objects, 36% free, 27MB/43MB, paused 239us total 42.805ms
08-05 01:20:45.355  6162  6387 I art     : Starting a blocking GC Explicit
08-05 01:20:45.397  6162  6387 I art     : Explicit concurrent mark sweep GC freed 3(96B) AllocSpace objects, 0(0B) LOS objects, 36% free, 27MB/43MB, paused 399us total 42.174ms
08-05 01:20:45.413  6162  6387 I art     : Starting a blocking GC Explicit
08-05 01:20:45.455  6162  6387 I art     : Explicit concurrent mark sweep GC freed 3(96B) AllocSpace objects, 0(0B) LOS objects, 36% free, 27MB/43MB, paused 269us total 42.298ms
08-05 01:20:45.470  6162  6387 I art     : Starting a blocking GC Explicit
08-05 01:20:45.513  6162  6387 I art     : Explicit concurrent mark sweep GC freed 3(96B) AllocSpace objects, 0(0B) LOS objects, 36% free, 27MB/43MB, paused 233us total 42.282ms
08-05 01:20:45.791  6162  6387 I art     : Starting a blocking GC Explicit
08-05 01:20:45.837  6162  6387 I art     : Explicit concurrent mark sweep GC freed 1343(78KB) AllocSpace objects, 1(20KB) LOS objects, 36% free, 27MB/43MB, paused 265us total 45.369ms
08-05 01:20:45.852  6162  6387 I art     : Starting a blocking GC Explicit
08-05 01:20:45.896  6162  6387 I art     : Explicit concurrent mark sweep GC freed 66(2528B) AllocSpace objects, 0(0B) LOS objects, 36% free, 27MB/43MB, paused 268us total 43.970ms
08-05 01:20:45.912  6162  6387 I art     : Starting a blocking GC Explicit
08-05 01:20:45.955  6162  6387 I art     : Explicit concurrent mark sweep GC freed 3(96B) AllocSpace objects, 0(0B) LOS objects, 36% free, 27MB/43MB, paused 264us total 43.273ms
08-05 01:20:45.970  6162  6387 I art     : Starting a blocking GC Explicit
08-05 01:20:46.014  6162  6387 I art     : Explicit concurrent mark sweep GC freed 3(96B) AllocSpace objects, 0(0B) LOS objects, 36% free, 27MB/43MB, paused 256us total 43.805ms
08-05 01:20:46.030  6162  6387 I art     : Starting a blocking GC Explicit
08-05 01:20:46.074  6162  6387 I art     : Explicit concurrent mark sweep GC freed 3(96B) AllocSpace objects, 0(0B) LOS objects, 36% free, 27MB/43MB, paused 272us total 44.552ms
08-05 01:20:46.384  6162  6186 I art     : Starting a blocking GC Explicit
08-05 01:20:46.439  6162  6186 I art     : Explicit concurrent mark sweep GC freed 1343(78KB) AllocSpace objects, 1(20KB) LOS objects, 36% free, 27MB/43MB, paused 278us total 55.055ms
08-05 01:20:46.459  6162  6186 I art     : Starting a blocking GC Explicit
08-05 01:20:46.502  6162  6186 I art     : Explicit concurrent mark sweep GC freed 20(704B) AllocSpace objects, 0(0B) LOS objects, 36% free, 27MB/43MB, paused 297us total 42.529ms
08-05 01:20:46.517  6162  6186 I art     : Starting a blocking GC Explicit
08-05 01:20:46.560  6162  6186 I art     : Explicit concurrent mark sweep GC freed 3(96B) AllocSpace objects, 0(0B) LOS objects, 36% free, 27MB/43MB, paused 249us total 43.045ms
08-05 01:20:46.575  6162  6186 I art     : Starting a blocking GC Explicit
08-05 01:20:46.620  6162  6186 I art     : Explicit concurrent mark sweep GC freed 3(96B) AllocSpace objects, 0(0B) LOS objects, 36% free, 27MB/43MB, paused 251us total 44.438ms
08-05 01:20:46.635  6162  6186 I art     : Starting a blocking GC Explicit
08-05 01:20:46.680  6162  6186 I art     : Explicit concurrent mark sweep GC freed 3(96B) AllocSpace objects, 0(0B) LOS objects, 36% free, 27MB/43MB, paused 256us total 44.795ms
08-05 01:20:47.004  6162  6173 I art     : Starting a blocking GC Explicit
08-05 01:20:47.065  6162  6173 I art     : Explicit concurrent mark sweep GC freed 1343(78KB) AllocSpace objects, 1(20KB) LOS objects, 36% free, 27MB/43MB, paused 393us total 60.737ms
08-05 01:20:47.083  6162  6173 I art     : Starting a blocking GC Explicit
08-05 01:20:47.128  6162  6173 I art     : Explicit concurrent mark sweep GC freed 20(704B) AllocSpace objects, 0(0B) LOS objects, 36% free, 27MB/43MB, paused 263us total 44.269ms
08-05 01:20:47.143  6162  6173 I art     : Starting a blocking GC Explicit
08-05 01:20:47.187  6162  6173 I art     : Explicit concurrent mark sweep GC freed 3(96B) AllocSpace objects, 0(0B) LOS objects, 36% free, 27MB/43MB, paused 307us total 44.328ms
08-05 01:20:47.203  6162  6173 I art     : Starting a blocking GC Explicit
08-05 01:20:47.247  6162  6173 I art     : Explicit concurrent mark sweep GC freed 3(96B) AllocSpace objects, 0(0B) LOS objects, 36% free, 27MB/43MB, paused 245us total 43.748ms
08-05 01:20:47.262  6162  6173 I art     : Starting a blocking GC Explicit
08-05 01:20:47.305  6162  6173 I art     : Explicit concurrent mark sweep GC freed 3(96B) AllocSpace objects, 0(0B) LOS objects, 36% free, 27MB/43MB, paused 253us total 42.902ms
08-05 01:20:47.627  6162  6175 I art     : Starting a blocking GC Explicit
08-05 01:20:47.688  6162  6175 I art     : Explicit concurrent mark sweep GC freed 1343(78KB) AllocSpace objects, 1(20KB) LOS objects, 36% free, 27MB/43MB, paused 418us total 60.090ms
08-05 01:20:47.707  6162  6175 I art     : Starting a blocking GC Explicit
08-05 01:20:47.752  6162  6175 I art     : Explicit concurrent mark sweep GC freed 20(704B) AllocSpace objects, 0(0B) LOS objects, 36% free, 27MB/43MB, paused 273us total 44.986ms
08-05 01:20:47.768  6162  6175 I art     : Starting a blocking GC Explicit
08-05 01:20:47.811  6162  6175 I art     : Explicit concurrent mark sweep GC freed 3(96B) AllocSpace objects, 0(0B) LOS objects, 36% free, 27MB/43MB, paused 267us total 43.371ms
08-05 01:20:47.812  6162  6172 I art     : WaitForGcToComplete blocked for 40.392ms for cause HeapTrim
08-05 01:20:47.827  6162  6175 I art     : Starting a blocking GC Explicit
08-05 01:20:47.871  6162  6175 I art     : Explicit concurrent mark sweep GC freed 3(96B) AllocSpace objects, 0(0B) LOS objects, 36% free, 27MB/43MB, paused 269us total 44.584ms
08-05 01:20:47.887  6162  6175 I art     : Starting a blocking GC Explicit
08-05 01:20:47.929  6162  6175 I art     : Explicit concurrent mark sweep GC freed 3(96B) AllocSpace objects, 0(0B) LOS objects, 36% free, 27MB/43MB, paused 267us total 41.440ms
08-05 01:20:48.252  6162  6387 I art     : Starting a blocking GC Explicit
08-05 01:20:48.311  6162  6387 I art     : Explicit concurrent mark sweep GC freed 1344(79KB) AllocSpace objects, 1(20KB) LOS objects, 36% free, 27MB/43MB, paused 399us total 58.829ms
08-05 01:20:48.328  6162  6387 I art     : Starting a blocking GC Explicit
08-05 01:20:48.372  6162  6387 I art     : Explicit concurrent mark sweep GC freed 20(704B) AllocSpace objects, 0(0B) LOS objects, 36% free, 27MB/43MB, paused 268us total 44.042ms
08-05 01:20:48.387  6162  6387 I art     : Starting a blocking GC Explicit
08-05 01:20:48.430  6162  6387 I art     : Explicit concurrent mark sweep GC freed 3(96B) AllocSpace objects, 0(0B) LOS objects, 36% free, 27MB/43MB, paused 251us total 43.108ms
08-05 01:20:48.446  6162  6387 I art     : Starting a blocking GC Explicit
08-05 01:20:48.490  6162  6387 I art     : Explicit concurrent mark sweep GC freed 3(96B) AllocSpace objects, 0(0B) LOS objects, 36% free, 27MB/43MB, paused 263us total 44.594ms
08-05 01:20:48.506  6162  6387 I art     : Starting a blocking GC Explicit
08-05 01:20:48.551  6162  6387 I art     : Explicit concurrent mark sweep GC freed 3(96B) AllocSpace objects, 0(0B) LOS objects, 36% free, 27MB/43MB, paused 267us total 44.761ms
08-05 01:20:48.832  6162  6186 I art     : Starting a blocking GC Explicit
08-05 01:20:48.876  6162  6186 I art     : Explicit concurrent mark sweep GC freed 1347(79KB) AllocSpace objects, 1(20KB) LOS objects, 36% free, 27MB/43MB, paused 258us total 44.026ms
08-05 01:20:48.891  6162  6186 I art     : Starting a blocking GC Explicit
08-05 01:20:48.934  6162  6186 I art     : Explicit concurrent mark sweep GC freed 20(704B) AllocSpace objects, 0(0B) LOS objects, 36% free, 27MB/43MB, paused 263us total 42.877ms
08-05 01:20:48.949  6162  6186 I art     : Starting a blocking GC Explicit
08-05 01:20:48.991  6162  6186 I art     : Explicit concurrent mark sweep GC freed 3(96B) AllocSpace objects, 0(0B) LOS objects, 36% free, 27MB/43MB, paused 245us total 41.993ms
08-05 01:20:49.006  6162  6186 I art     : Starting a blocking GC Explicit
08-05 01:20:49.049  6162  6186 I art     : Explicit concurrent mark sweep GC freed 3(96B) AllocSpace objects, 0(0B) LOS objects, 36% free, 27MB/43MB, paused 242us total 43.279ms
08-05 01:20:49.065  6162  6186 I art     : Starting a blocking GC Explicit
08-05 01:20:49.106  6162  6186 I art     : Explicit concurrent mark sweep GC freed 3(96B) AllocSpace objects, 0(0B) LOS objects, 36% free, 27MB/43MB, paused 254us total 41.416ms
08-05 01:20:49.160  6914  6914 D AndroidRuntime: >>>>>> START com.android.internal.os.RuntimeInit uid 2000 <<<<<<
08-05 01:20:49.165  6914  6914 D AndroidRuntime: CheckJNI is OFF
08-05 01:20:49.198  6914  6914 D ICU     : No timezone override file found: /data/misc/zoneinfo/current/icu/icu_tzdata.dat
08-05 01:20:49.232  6914  6914 I Radio-JNI: register_android_hardware_Radio DONE
08-05 01:20:49.255  6914  6914 D AndroidRuntime: Calling main entry com.android.commands.input.Input
08-05 01:20:49.256  6914  6914 I Input   : injectKeyEvent: KeyEvent { action=ACTION_DOWN, keyCode=KEYCODE_BACK, scanCode=0, metaState=0, flags=0x0, repeatCount=0, eventTime=753665669, downTime=753665669, deviceId=-1, source=0x101 }
08-05 01:20:49.263  6914  6914 I Input   : injectKeyEvent: KeyEvent { action=ACTION_UP, keyCode=KEYCODE_BACK, scanCode=0, metaState=0, flags=0x0, repeatCount=0, eventTime=753665669, downTime=753665669, deviceId=-1, source=0x101 }
08-05 01:20:49.269  6914  6914 D AndroidRuntime: Shutting down VM
08-05 01:20:49.317 13866 13866 I GoogleInputMethodServic: GoogleInputMethodService.onFinishInput():3138 
08-05 01:20:49.318 13866 13866 I GoogleInputMethodServic: GoogleInputMethodService.onStartInput():1808 
08-05 01:20:49.365  6162  6387 I art     : Starting a blocking GC Explicit
08-05 01:20:49.403  6162  6387 I art     : Explicit concurrent mark sweep GC freed 1590(87KB) AllocSpace objects, 1(20KB) LOS objects, 36% free, 27MB/43MB, paused 225us total 37.658ms
08-05 01:20:49.417  6162  6387 I art     : Starting a blocking GC Explicit
08-05 01:20:49.460  6162  6840 I RedditChangeDataIO: Writing tmp data file at '/data/user/0/baseline.org.quantumbadger.redreader/files/rr_change_data_tmp.dat'
08-05 01:20:49.461  6162  6840 I RedditChangeDataManager: Taking snapshot...
08-05 01:20:49.462  6162  6840 I RedditChangeDataManager: Writing to stream...
08-05 01:20:49.462  6162  6840 I RedditChangeDataManager: Wrote 1 entries for user ''
08-05 01:20:49.462  6162  6840 I RedditChangeDataManager: All entries written to stream.
08-05 01:20:49.462  6162  6840 I RedditChangeDataIO: Write successful. Atomically replacing data file...
08-05 01:20:49.462  6162  6840 I RedditChangeDataIO: Write complete.
08-05 01:20:49.462  6162  6840 I RedditChangeDataIO: 38 bytes written in 2 ms
08-05 01:20:49.467  6162  6387 I art     : Explicit concurrent mark sweep GC freed 91(5KB) AllocSpace objects, 1(68KB) LOS objects, 36% free, 27MB/43MB, paused 334us total 49.536ms
08-05 01:20:49.488  6162  6387 I art     : Starting a blocking GC Explicit
08-05 01:20:49.538  6162  6387 I art     : Explicit concurrent mark sweep GC freed 15(992B) AllocSpace objects, 0(0B) LOS objects, 36% free, 27MB/43MB, paused 248us total 50.062ms
08-05 01:20:49.558  6162  6387 I art     : Starting a blocking GC Explicit
08-05 01:20:49.608  6162  6387 I art     : Explicit concurrent mark sweep GC freed 3(96B) AllocSpace objects, 0(0B) LOS objects, 36% free, 27MB/43MB, paused 295us total 49.883ms
08-05 01:20:49.619   380   380 W SurfaceFlinger: couldn't log to binary event log: overflow.
08-05 01:20:49.624  6162  6387 I art     : Starting a blocking GC Explicit
08-05 01:20:49.664  6162  6387 I art     : Explicit concurrent mark sweep GC freed 61(2112B) AllocSpace objects, 0(0B) LOS objects, 36% free, 27MB/43MB, paused 273us total 39.262ms
08-05 01:20:49.952  6162  6175 I art     : Starting a blocking GC Explicit
08-05 01:20:50.009  6162  6175 I art     : Explicit concurrent mark sweep GC freed 1455(84KB) AllocSpace objects, 1(20KB) LOS objects, 36% free, 27MB/43MB, paused 300us total 56.623ms
08-05 01:20:50.031  6162  6175 I art     : Starting a blocking GC Explicit
08-05 01:20:50.064  6162  6175 I art     : Explicit concurrent mark sweep GC freed 46946(2MB) AllocSpace objects, 5(140KB) LOS objects, 39% free, 24MB/40MB, paused 230us total 33.272ms
08-05 01:20:50.077  6162  6175 I art     : Starting a blocking GC Explicit
08-05 01:20:50.107  6162  6175 I art     : Explicit concurrent mark sweep GC freed 68(2272B) AllocSpace objects, 0(0B) LOS objects, 39% free, 24MB/40MB, paused 293us total 29.333ms
08-05 01:20:50.120  6162  6175 I art     : Starting a blocking GC Explicit
08-05 01:20:50.150  6162  6175 I art     : Explicit concurrent mark sweep GC freed 3(96B) AllocSpace objects, 0(0B) LOS objects, 39% free, 24MB/40MB, paused 259us total 29.680ms
08-05 01:20:50.163  6162  6175 I art     : Starting a blocking GC Explicit
08-05 01:20:50.193  6162  6175 I art     : Explicit concurrent mark sweep GC freed 3(96B) AllocSpace objects, 0(0B) LOS objects, 39% free, 24MB/40MB, paused 244us total 30.369ms
08-05 01:20:50.480  6162  6186 I art     : Starting a blocking GC Explicit
08-05 01:20:50.510  6162  6186 I art     : Explicit concurrent mark sweep GC freed 1343(78KB) AllocSpace objects, 1(20KB) LOS objects, 39% free, 24MB/40MB, paused 219us total 30.521ms
08-05 01:20:50.524  6162  6186 I art     : Starting a blocking GC Explicit
08-05 01:20:50.551  6162  6186 I art     : Explicit concurrent mark sweep GC freed 20(704B) AllocSpace objects, 0(0B) LOS objects, 39% free, 24MB/40MB, paused 233us total 26.134ms
08-05 01:20:50.563  6162  6186 I art     : Starting a blocking GC Explicit
08-05 01:20:50.592  6162  6186 I art     : Explicit concurrent mark sweep GC freed 3(96B) AllocSpace objects, 0(0B) LOS objects, 39% free, 24MB/40MB, paused 213us total 28.437ms
08-05 01:20:50.604  6162  6186 I art     : Starting a blocking GC Explicit
08-05 01:20:50.633  6162  6186 I art     : Explicit concurrent mark sweep GC freed 3(96B) AllocSpace objects, 0(0B) LOS objects, 39% free, 24MB/40MB, paused 222us total 28.564ms
08-05 01:20:50.646  6162  6186 I art     : Starting a blocking GC Explicit
08-05 01:20:50.675  6162  6186 I art     : Explicit concurrent mark sweep GC freed 3(96B) AllocSpace objects, 0(0B) LOS objects, 39% free, 24MB/40MB, paused 218us total 28.683ms
08-05 01:20:50.917  6968  6968 D AndroidRuntime: >>>>>> START com.android.internal.os.RuntimeInit uid 2000 <<<<<<
08-05 01:20:50.922  6968  6968 D AndroidRuntime: CheckJNI is OFF
08-05 01:20:50.937  6162  6173 I art     : Starting a blocking GC Explicit
08-05 01:20:50.958  6968  6968 D ICU     : No timezone override file found: /data/misc/zoneinfo/current/icu/icu_tzdata.dat
08-05 01:20:50.968  6162  6173 I art     : Explicit concurrent mark sweep GC freed 1343(78KB) AllocSpace objects, 1(20KB) LOS objects, 39% free, 24MB/40MB, paused 283us total 30.504ms
08-05 01:20:50.981  6162  6173 I art     : Starting a blocking GC Explicit
08-05 01:20:50.994  6968  6968 I Radio-JNI: register_android_hardware_Radio DONE
08-05 01:20:51.011  6162  6173 I art     : Explicit concurrent mark sweep GC freed 20(704B) AllocSpace objects, 0(0B) LOS objects, 39% free, 24MB/40MB, paused 212us total 29.243ms
08-05 01:20:51.017  6968  6968 D AndroidRuntime: Calling main entry com.android.commands.input.Input
08-05 01:20:51.019  6968  6968 I Input   : injectMotionEvent: MotionEvent { action=ACTION_DOWN, actionButton=0, id[0]=0, x[0]=600.0, y[0]=950.0, toolType[0]=TOOL_TYPE_UNKNOWN, buttonState=0, metaState=0, flags=0x0, edgeFlags=0x0, pointerCount=1, historySize=0, eventTime=753667431, downTime=753667431, deviceId=0, source=0x1002 }
08-05 01:20:51.023  6162  6173 I art     : Starting a blocking GC Explicit
08-05 01:20:51.025  6968  6968 I Input   : injectMotionEvent: MotionEvent { action=ACTION_UP, actionButton=0, id[0]=0, x[0]=600.0, y[0]=950.0, toolType[0]=TOOL_TYPE_UNKNOWN, buttonState=0, metaState=0, flags=0x0, edgeFlags=0x0, pointerCount=1, historySize=0, eventTime=753667431, downTime=753667431, deviceId=0, source=0x1002 }
08-05 01:20:51.027  6968  6968 D AndroidRuntime: Shutting down VM
08-05 01:20:51.043   512  2967 D audio_hw_primary: out_set_parameters: enter: usecase(1: low-latency-playback) kvpairs: routing=2
08-05 01:20:51.046   918  3670 I ActivityManager: START u0 {dat=https://oauth.reddit.com/... cmp=baseline.org.quantumbadger.redreader/.activities.CommentListingActivity} from uid 10689 on display 0
08-05 01:20:51.056   512  2967 D audio_hw_primary: select_devices: out_snd_device(2: speaker) in_snd_device(0: none)
08-05 01:20:51.056   512  2967 D msm8974_platform: platform_send_audio_calibration: sending audio calibration for snd_device(2) acdb_id(15)
08-05 01:20:51.056   512  2967 I soundtrigger: audio_extn_sound_trigger_update_device_status: device 0x2 of type 0 for Event 1
08-05 01:20:51.057  6162  6173 I art     : Explicit concurrent mark sweep GC freed 211(9KB) AllocSpace objects, 0(0B) LOS objects, 39% free, 24MB/40MB, paused 288us total 33.023ms
08-05 01:20:51.067   512  2967 D audio_hw_primary: enable_snd_device: snd_device(2: speaker)
08-05 01:20:51.069   512  2967 D audio_hw_primary: enable_audio_route: apply and update mixer path: low-latency-playback speaker
08-05 01:20:51.070  6162  6173 I art     : Starting a blocking GC Explicit
08-05 01:20:51.071  6162  6162 I AppCompatViewInflater: app:theme is now deprecated. Please move to using android:theme instead.
08-05 01:20:51.090  6162  6993 D OK      : calling: https://oauth.reddit.com/comments/hwnhe2/.json?sort=confidence
08-05 01:20:51.100  6162  6173 I art     : Explicit concurrent mark sweep GC freed 1893(105KB) AllocSpace objects, 0(0B) LOS objects, 39% free, 24MB/40MB, paused 401us total 29.758ms
08-05 01:20:51.113  6162  6173 I art     : Starting a blocking GC Explicit
08-05 01:20:51.141  6162  6173 I art     : Explicit concurrent mark sweep GC freed 880(34KB) AllocSpace objects, 0(0B) LOS objects, 38% free, 25MB/41MB, paused 483us total 28.400ms
08-05 01:20:51.147   918   936 I ActivityManager: Displayed baseline.org.quantumbadger.redreader/.activities.CommentListingActivity: +89ms
08-05 01:20:51.148 13866 13866 I GoogleInputMethodServic: GoogleInputMethodService.onFinishInput():3138 
08-05 01:20:51.148 13866 13866 I GoogleInputMethodServic: GoogleInputMethodService.onStartInput():1808 
08-05 01:20:51.371  6162  6993 I NAPPA_EXPERIMENTATION: MetricNetworkRequestExecutionTime: REQUEST_DURATION_SYSTEM='281',REQUEST_DURATION_OKHTTP='151',REQUEST_SYNCHRONOUS='TRUE',RESPONSE_CODE='200',RESPONSE_METHOD='GET',RESPONSE_LENGTH_OKHTTP='-1',RESPONSE_LENGTH_HEADER='3930',REQUEST_PROTOCOL='h2',REQUEST_URL='https://oauth.reddit.com/comments/hwnhe2/.json?sort=confidence',
08-05 01:20:51.372  6162  6993 D OK      : request got status: 200
08-05 01:20:51.382  6162  6730 I CommentListingActivity: COMMENTS session changed to 3b04ca2b-c1c1-44fa-b290-d056b6c2789d
08-05 01:20:51.405   380   380 W SurfaceFlinger: couldn't log to binary event log: overflow.
08-05 01:20:51.412  6162  6173 I art     : Starting a blocking GC Explicit
08-05 01:20:51.444  6162  6173 I art     : Explicit concurrent mark sweep GC freed 7097(502KB) AllocSpace objects, 4(120KB) LOS objects, 38% free, 25MB/41MB, paused 414us total 30.876ms
08-05 01:20:51.456  6162  6173 I art     : Starting a blocking GC Explicit
08-05 01:20:51.484  6162  6173 I art     : Explicit concurrent mark sweep GC freed 1146(67KB) AllocSpace objects, 1(68KB) LOS objects, 38% free, 25MB/41MB, paused 265us total 27.835ms
08-05 01:20:51.497  6162  6173 I art     : Starting a blocking GC Explicit
08-05 01:20:51.525  6162  6173 I art     : Explicit concurrent mark sweep GC freed 37(1264B) AllocSpace objects, 0(0B) LOS objects, 38% free, 25MB/41MB, paused 389us total 27.647ms
08-05 01:20:51.540  6162  6173 I art     : Starting a blocking GC Explicit
08-05 01:20:51.568  6162  6173 I art     : Explicit concurrent mark sweep GC freed 102(3KB) AllocSpace objects, 0(0B) LOS objects, 38% free, 25MB/41MB, paused 831us total 27.606ms
08-05 01:20:51.581  6162  6173 I art     : Starting a blocking GC Explicit
08-05 01:20:51.607  6162  6173 I art     : Explicit concurrent mark sweep GC freed 8(256B) AllocSpace objects, 0(0B) LOS objects, 38% free, 25MB/41MB, paused 219us total 26.354ms
08-05 01:20:51.610   512  2967 D audio_hw_primary: disable_audio_route: reset and update mixer path: low-latency-playback speaker
08-05 01:20:51.611   512  2967 D audio_hw_primary: disable_snd_device: snd_device(2: speaker)
08-05 01:20:51.619   512  2967 I soundtrigger: audio_extn_sound_trigger_update_device_status: device 0x2 of type 0 for Event 0
08-05 01:20:51.872  6162  6175 I art     : Starting a blocking GC Explicit
08-05 01:20:51.901  6162  6175 I art     : Explicit concurrent mark sweep GC freed 1344(79KB) AllocSpace objects, 1(20KB) LOS objects, 38% free, 25MB/41MB, paused 237us total 28.812ms
08-05 01:20:51.914  6162  6175 I art     : Starting a blocking GC Explicit
08-05 01:20:51.941  6162  6175 I art     : Explicit concurrent mark sweep GC freed 20(704B) AllocSpace objects, 0(0B) LOS objects, 38% free, 25MB/41MB, paused 221us total 27.317ms
08-05 01:20:51.954  6162  6175 I art     : Starting a blocking GC Explicit
08-05 01:20:51.985  6162  6175 I art     : Explicit concurrent mark sweep GC freed 3(96B) AllocSpace objects, 0(0B) LOS objects, 38% free, 25MB/41MB, paused 250us total 30.977ms
08-05 01:20:51.999  6162  6175 I art     : Starting a blocking GC Explicit
08-05 01:20:52.029  6162  6175 I art     : Explicit concurrent mark sweep GC freed 3(96B) AllocSpace objects, 0(0B) LOS objects, 38% free, 25MB/41MB, paused 226us total 29.340ms
08-05 01:20:52.042  6162  6175 I art     : Starting a blocking GC Explicit
08-05 01:20:52.073  6162  6175 I art     : Explicit concurrent mark sweep GC freed 3(96B) AllocSpace objects, 0(0B) LOS objects, 38% free, 25MB/41MB, paused 226us total 30.189ms
08-05 01:20:52.349  6162  6173 I art     : Starting a blocking GC Explicit
08-05 01:20:52.387  6162  6173 I art     : Explicit concurrent mark sweep GC freed 1389(81KB) AllocSpace objects, 1(20KB) LOS objects, 38% free, 25MB/41MB, paused 254us total 37.452ms
08-05 01:20:52.400  6162  6173 I art     : Starting a blocking GC Explicit
08-05 01:20:52.432  6162  6173 I art     : Explicit concurrent mark sweep GC freed 20(704B) AllocSpace objects, 0(0B) LOS objects, 38% free, 25MB/41MB, paused 279us total 31.833ms
08-05 01:20:52.447  6162  6173 I art     : Starting a blocking GC Explicit
08-05 01:20:52.479  6162  6173 I art     : Explicit concurrent mark sweep GC freed 3(96B) AllocSpace objects, 0(0B) LOS objects, 38% free, 25MB/41MB, paused 251us total 32.215ms
08-05 01:20:52.492  6162  6173 I art     : Starting a blocking GC Explicit
08-05 01:20:52.525  6162  6173 I art     : Explicit concurrent mark sweep GC freed 3(96B) AllocSpace objects, 0(0B) LOS objects, 38% free, 25MB/41MB, paused 236us total 32.314ms
08-05 01:20:52.539  6162  6173 I art     : Starting a blocking GC Explicit
08-05 01:20:52.572  6162  6173 I art     : Explicit concurrent mark sweep GC freed 3(96B) AllocSpace objects, 0(0B) LOS objects, 38% free, 25MB/41MB, paused 252us total 32.895ms
08-05 01:20:52.874  6162  6186 I art     : Starting a blocking GC Explicit
08-05 01:20:52.921  6162  6186 I art     : Explicit concurrent mark sweep GC freed 1343(79KB) AllocSpace objects, 1(20KB) LOS objects, 38% free, 25MB/41MB, paused 286us total 46.050ms
08-05 01:20:52.938  6162  6186 I art     : Starting a blocking GC Explicit
08-05 01:20:52.970  6162  6186 I art     : Explicit concurrent mark sweep GC freed 20(704B) AllocSpace objects, 0(0B) LOS objects, 38% free, 25MB/41MB, paused 259us total 32.526ms
08-05 01:20:52.984  6162  6186 I art     : Starting a blocking GC Explicit
08-05 01:20:53.017  6162  6186 I art     : Explicit concurrent mark sweep GC freed 3(96B) AllocSpace objects, 0(0B) LOS objects, 38% free, 25MB/41MB, paused 314us total 32.768ms
08-05 01:20:53.031  6162  6186 I art     : Starting a blocking GC Explicit
08-05 01:20:53.064  6162  6186 I art     : Explicit concurrent mark sweep GC freed 3(96B) AllocSpace objects, 0(0B) LOS objects, 38% free, 25MB/41MB, paused 259us total 32.641ms
08-05 01:20:53.077  6162  6186 I art     : Starting a blocking GC Explicit
08-05 01:20:53.110  6162  6186 I art     : Explicit concurrent mark sweep GC freed 3(96B) AllocSpace objects, 0(0B) LOS objects, 38% free, 25MB/41MB, paused 255us total 32.616ms
08-05 01:20:53.425  6162  6387 I art     : Starting a blocking GC Explicit
08-05 01:20:53.468  6162  6387 I art     : Explicit concurrent mark sweep GC freed 1343(79KB) AllocSpace objects, 1(20KB) LOS objects, 38% free, 25MB/41MB, paused 327us total 42.189ms
08-05 01:20:53.485  6162  6387 I art     : Starting a blocking GC Explicit
08-05 01:20:53.517  6162  6387 I art     : Explicit concurrent mark sweep GC freed 20(704B) AllocSpace objects, 0(0B) LOS objects, 38% free, 25MB/41MB, paused 264us total 32.236ms
08-05 01:20:53.531  6162  6387 I art     : Starting a blocking GC Explicit
08-05 01:20:53.564  6162  6387 I art     : Explicit concurrent mark sweep GC freed 3(96B) AllocSpace objects, 0(0B) LOS objects, 38% free, 25MB/41MB, paused 263us total 32.913ms
08-05 01:20:53.578  6162  6387 I art     : Starting a blocking GC Explicit
08-05 01:20:53.611  6162  6387 I art     : Explicit concurrent mark sweep GC freed 3(96B) AllocSpace objects, 0(0B) LOS objects, 38% free, 25MB/41MB, paused 256us total 33.073ms
08-05 01:20:53.625  6162  6387 I art     : Starting a blocking GC Explicit
08-05 01:20:53.657  6162  6387 I art     : Explicit concurrent mark sweep GC freed 3(96B) AllocSpace objects, 0(0B) LOS objects, 38% free, 25MB/41MB, paused 275us total 32.323ms
08-05 01:20:53.962  6162  6175 I art     : Starting a blocking GC Explicit
08-05 01:20:53.998  6162  6175 I art     : Explicit concurrent mark sweep GC freed 1344(79KB) AllocSpace objects, 1(20KB) LOS objects, 38% free, 25MB/41MB, paused 281us total 35.591ms
08-05 01:20:54.015  6162  6175 I art     : Starting a blocking GC Explicit
08-05 01:20:54.046  6162  6175 I art     : Explicit concurrent mark sweep GC freed 20(704B) AllocSpace objects, 0(0B) LOS objects, 38% free, 25MB/41MB, paused 252us total 31.662ms
08-05 01:20:54.060  6162  6175 I art     : Starting a blocking GC Explicit
08-05 01:20:54.092  6162  6175 I art     : Explicit concurrent mark sweep GC freed 3(96B) AllocSpace objects, 0(0B) LOS objects, 38% free, 25MB/41MB, paused 253us total 31.990ms
08-05 01:20:54.106  6162  6175 I art     : Starting a blocking GC Explicit
08-05 01:20:54.138  6162  6175 I art     : Explicit concurrent mark sweep GC freed 3(96B) AllocSpace objects, 0(0B) LOS objects, 38% free, 25MB/41MB, paused 255us total 32.257ms
08-05 01:20:54.152  6162  6175 I art     : Starting a blocking GC Explicit
08-05 01:20:54.184  6162  6175 I art     : Explicit concurrent mark sweep GC freed 3(96B) AllocSpace objects, 0(0B) LOS objects, 38% free, 25MB/41MB, paused 257us total 32.199ms
08-05 01:20:54.483  6162  6173 I art     : Starting a blocking GC Explicit
08-05 01:20:54.524  6162  6173 I art     : Explicit concurrent mark sweep GC freed 1347(79KB) AllocSpace objects, 1(20KB) LOS objects, 38% free, 25MB/41MB, paused 271us total 41.176ms
08-05 01:20:54.542  6162  6173 I art     : Starting a blocking GC Explicit
08-05 01:20:54.574  6162  6173 I art     : Explicit concurrent mark sweep GC freed 20(704B) AllocSpace objects, 0(0B) LOS objects, 38% free, 25MB/41MB, paused 252us total 32.018ms
08-05 01:20:54.587  6162  6173 I art     : Starting a blocking GC Explicit
08-05 01:20:54.620  6162  6173 I art     : Explicit concurrent mark sweep GC freed 3(96B) AllocSpace objects, 0(0B) LOS objects, 38% free, 25MB/41MB, paused 318us total 32.482ms
08-05 01:20:54.634  6162  6173 I art     : Starting a blocking GC Explicit
08-05 01:20:54.667  6162  6173 I art     : Explicit concurrent mark sweep GC freed 3(96B) AllocSpace objects, 0(0B) LOS objects, 38% free, 25MB/41MB, paused 274us total 32.692ms
08-05 01:20:54.680  6162  6173 I art     : Starting a blocking GC Explicit
08-05 01:20:54.713  6162  6173 I art     : Explicit concurrent mark sweep GC freed 3(96B) AllocSpace objects, 0(0B) LOS objects, 38% free, 25MB/41MB, paused 247us total 32.554ms
08-05 01:20:55.012  6162  6186 I art     : Starting a blocking GC Explicit
08-05 01:20:55.053  6162  6186 I art     : Explicit concurrent mark sweep GC freed 1344(79KB) AllocSpace objects, 1(20KB) LOS objects, 38% free, 25MB/41MB, paused 274us total 40.843ms
08-05 01:20:55.072  6162  6186 I art     : Starting a blocking GC Explicit
08-05 01:20:55.105  6162  6186 I art     : Explicit concurrent mark sweep GC freed 20(704B) AllocSpace objects, 0(0B) LOS objects, 38% free, 25MB/41MB, paused 268us total 32.962ms
08-05 01:20:55.118  6162  6186 I art     : Starting a blocking GC Explicit
08-05 01:20:55.151  6162  6186 I art     : Explicit concurrent mark sweep GC freed 3(96B) AllocSpace objects, 0(0B) LOS objects, 38% free, 25MB/41MB, paused 250us total 32.513ms
08-05 01:20:55.165  6162  6186 I art     : Starting a blocking GC Explicit
08-05 01:20:55.198  6162  6186 I art     : Explicit concurrent mark sweep GC freed 3(96B) AllocSpace objects, 0(0B) LOS objects, 38% free, 25MB/41MB, paused 254us total 32.851ms
08-05 01:20:55.212  6162  6186 I art     : Starting a blocking GC Explicit
08-05 01:20:55.244  6162  6186 I art     : Explicit concurrent mark sweep GC freed 3(96B) AllocSpace objects, 0(0B) LOS objects, 38% free, 25MB/41MB, paused 253us total 32.534ms
08-05 01:20:55.509  6162  6387 I art     : Starting a blocking GC Explicit
08-05 01:20:55.541  6162  6387 I art     : Explicit concurrent mark sweep GC freed 1343(79KB) AllocSpace objects, 1(20KB) LOS objects, 38% free, 25MB/41MB, paused 280us total 32.286ms
08-05 01:20:55.555  6162  6387 I art     : Starting a blocking GC Explicit
08-05 01:20:55.583  6162  6387 I art     : Explicit concurrent mark sweep GC freed 20(704B) AllocSpace objects, 0(0B) LOS objects, 38% free, 25MB/41MB, paused 245us total 27.953ms
08-05 01:20:55.596  6162  6387 I art     : Starting a blocking GC Explicit
08-05 01:20:55.626  6162  6387 I art     : Explicit concurrent mark sweep GC freed 3(96B) AllocSpace objects, 0(0B) LOS objects, 38% free, 25MB/41MB, paused 247us total 30.333ms
08-05 01:20:55.639  6162  6387 I art     : Starting a blocking GC Explicit
08-05 01:20:55.670  6162  6387 I art     : Explicit concurrent mark sweep GC freed 3(96B) AllocSpace objects, 0(0B) LOS objects, 38% free, 25MB/41MB, paused 280us total 30.573ms
08-05 01:20:55.683  6162  6387 I art     : Starting a blocking GC Explicit
08-05 01:20:55.715  6162  6387 I art     : Explicit concurrent mark sweep GC freed 3(96B) AllocSpace objects, 0(0B) LOS objects, 38% free, 25MB/41MB, paused 249us total 31.115ms
08-05 01:20:55.736  7077  7077 D AndroidRuntime: >>>>>> START com.android.internal.os.RuntimeInit uid 2000 <<<<<<
08-05 01:20:55.741  7077  7077 D AndroidRuntime: CheckJNI is OFF
08-05 01:20:55.752   518   646 I ThermalEngine: ACTION: GPU - Setting GPU[0] to 600000000
08-05 01:20:55.773  7077  7077 D ICU     : No timezone override file found: /data/misc/zoneinfo/current/icu/icu_tzdata.dat
08-05 01:20:55.805  7077  7077 I Radio-JNI: register_android_hardware_Radio DONE
08-05 01:20:55.825  7077  7077 D AndroidRuntime: Calling main entry com.android.commands.input.Input
08-05 01:20:55.827  7077  7077 I Input   : injectKeyEvent: KeyEvent { action=ACTION_DOWN, keyCode=KEYCODE_BACK, scanCode=0, metaState=0, flags=0x0, repeatCount=0, eventTime=753672240, downTime=753672240, deviceId=-1, source=0x101 }
08-05 01:20:55.833  7077  7077 I Input   : injectKeyEvent: KeyEvent { action=ACTION_UP, keyCode=KEYCODE_BACK, scanCode=0, metaState=0, flags=0x0, repeatCount=0, eventTime=753672240, downTime=753672240, deviceId=-1, source=0x101 }
08-05 01:20:55.838  7077  7077 D AndroidRuntime: Shutting down VM
08-05 01:20:55.887 13866 13866 I GoogleInputMethodServic: GoogleInputMethodService.onFinishInput():3138 
08-05 01:20:55.888 13866 13866 I GoogleInputMethodServic: GoogleInputMethodService.onStartInput():1808 
08-05 01:20:55.960  6162  6175 I art     : Starting a blocking GC Explicit
08-05 01:20:55.985  6162  6175 I art     : Explicit concurrent mark sweep GC freed 1587(87KB) AllocSpace objects, 1(20KB) LOS objects, 38% free, 25MB/41MB, paused 173us total 24.805ms
08-05 01:20:55.995  6162  6175 I art     : Starting a blocking GC Explicit
08-05 01:20:56.022  6162  6175 I art     : Explicit concurrent mark sweep GC freed 24(864B) AllocSpace objects, 0(0B) LOS objects, 38% free, 25MB/41MB, paused 195us total 27.306ms
08-05 01:20:56.034  6162  6175 I art     : Starting a blocking GC Explicit
08-05 01:20:56.059  6162  6992 I RedditChangeDataIO: Writing tmp data file at '/data/user/0/baseline.org.quantumbadger.redreader/files/rr_change_data_tmp.dat'
08-05 01:20:56.059  6162  6992 I RedditChangeDataManager: Taking snapshot...
08-05 01:20:56.059  6162  6992 I RedditChangeDataManager: Writing to stream...
08-05 01:20:56.059  6162  6992 I RedditChangeDataManager: Wrote 2 entries for user ''
08-05 01:20:56.059  6162  6992 I RedditChangeDataManager: All entries written to stream.
08-05 01:20:56.059  6162  6992 I RedditChangeDataIO: Write successful. Atomically replacing data file...
08-05 01:20:56.060  6162  6992 I RedditChangeDataIO: Write complete.
08-05 01:20:56.060  6162  6992 I RedditChangeDataIO: 62 bytes written in 2 ms
08-05 01:20:56.063  6162  6175 I art     : Explicit concurrent mark sweep GC freed 72(4KB) AllocSpace objects, 1(68KB) LOS objects, 38% free, 25MB/41MB, paused 256us total 29.144ms
08-05 01:20:56.076  6162  6175 I art     : Starting a blocking GC Explicit
08-05 01:20:56.108  6162  6175 I art     : Explicit concurrent mark sweep GC freed 13(592B) AllocSpace objects, 0(0B) LOS objects, 38% free, 25MB/41MB, paused 387us total 31.077ms
08-05 01:20:56.122  6162  6175 I art     : Starting a blocking GC Explicit
08-05 01:20:56.156  6162  6175 I art     : Explicit concurrent mark sweep GC freed 3(96B) AllocSpace objects, 0(0B) LOS objects, 38% free, 25MB/41MB, paused 189us total 34.422ms
08-05 01:20:56.193   380   380 W SurfaceFlinger: couldn't log to binary event log: overflow.
08-05 01:20:56.387  6162  6173 I art     : Starting a blocking GC Explicit
08-05 01:20:56.415  6162  6173 I art     : Explicit concurrent mark sweep GC freed 1630(117KB) AllocSpace objects, 1(20KB) LOS objects, 38% free, 25MB/41MB, paused 200us total 27.764ms
08-05 01:20:56.425  6162  6173 I art     : Starting a blocking GC Explicit
08-05 01:20:56.451  6162  6173 I art     : Explicit concurrent mark sweep GC freed 3919(312KB) AllocSpace objects, 5(140KB) LOS objects, 39% free, 24MB/40MB, paused 170us total 25.130ms
08-05 01:20:56.461  6162  6173 I art     : Starting a blocking GC Explicit
08-05 01:20:56.486  6162  6173 I art     : Explicit concurrent mark sweep GC freed 3(96B) AllocSpace objects, 0(0B) LOS objects, 39% free, 24MB/40MB, paused 165us total 24.270ms
08-05 01:20:56.496  6162  6173 I art     : Starting a blocking GC Explicit
08-05 01:20:56.520  6162  6173 I art     : Explicit concurrent mark sweep GC freed 3(96B) AllocSpace objects, 0(0B) LOS objects, 39% free, 24MB/40MB, paused 168us total 24.095ms
08-05 01:20:56.530  6162  6173 I art     : Starting a blocking GC Explicit
08-05 01:20:56.555  6162  6173 I art     : Explicit concurrent mark sweep GC freed 3(96B) AllocSpace objects, 0(0B) LOS objects, 39% free, 24MB/40MB, paused 163us total 24.441ms
08-05 01:20:56.841  6162  6186 I art     : Starting a blocking GC Explicit
08-05 01:20:56.878  6162  6186 I art     : Explicit concurrent mark sweep GC freed 1343(79KB) AllocSpace objects, 1(20KB) LOS objects, 39% free, 24MB/40MB, paused 247us total 36.405ms
08-05 01:20:56.892  6162  6186 I art     : Starting a blocking GC Explicit
08-05 01:20:56.917  6162  6186 I art     : Explicit concurrent mark sweep GC freed 20(704B) AllocSpace objects, 0(0B) LOS objects, 39% free, 24MB/40MB, paused 193us total 24.131ms
08-05 01:20:56.927  6162  6186 I art     : Starting a blocking GC Explicit
08-05 01:20:56.951  6162  6186 I art     : Explicit concurrent mark sweep GC freed 3(96B) AllocSpace objects, 0(0B) LOS objects, 39% free, 24MB/40MB, paused 164us total 24.425ms
08-05 01:20:56.962  6162  6186 I art     : Starting a blocking GC Explicit
08-05 01:20:56.987  6162  6186 I art     : Explicit concurrent mark sweep GC freed 3(96B) AllocSpace objects, 0(0B) LOS objects, 39% free, 24MB/40MB, paused 168us total 24.742ms
08-05 01:20:56.997  6162  6186 I art     : Starting a blocking GC Explicit
08-05 01:20:57.022  6162  6186 I art     : Explicit concurrent mark sweep GC freed 3(96B) AllocSpace objects, 0(0B) LOS objects, 39% free, 24MB/40MB, paused 168us total 24.848ms
08-05 01:20:57.259  6162  6387 I art     : Starting a blocking GC Explicit
08-05 01:20:57.285  6162  6387 I art     : Explicit concurrent mark sweep GC freed 1343(79KB) AllocSpace objects, 1(20KB) LOS objects, 39% free, 24MB/40MB, paused 183us total 25.774ms
08-05 01:20:57.295  6162  6387 I art     : Starting a blocking GC Explicit
08-05 01:20:57.318  6162  6387 I art     : Explicit concurrent mark sweep GC freed 20(704B) AllocSpace objects, 0(0B) LOS objects, 39% free, 24MB/40MB, paused 167us total 22.867ms
08-05 01:20:57.328  6162  6387 I art     : Starting a blocking GC Explicit
08-05 01:20:57.352  6162  6387 I art     : Explicit concurrent mark sweep GC freed 3(96B) AllocSpace objects, 0(0B) LOS objects, 39% free, 24MB/40MB, paused 175us total 24.086ms
08-05 01:20:57.362  6162  6387 I art     : Starting a blocking GC Explicit
08-05 01:20:57.382  7133  7133 D AndroidRuntime: >>>>>> START com.android.internal.os.RuntimeInit uid 2000 <<<<<<
08-05 01:20:57.385  7133  7133 D AndroidRuntime: CheckJNI is OFF
08-05 01:20:57.386  6162  6387 I art     : Explicit concurrent mark sweep GC freed 3(96B) AllocSpace objects, 0(0B) LOS objects, 39% free, 24MB/40MB, paused 180us total 23.649ms
08-05 01:20:57.396  6162  6387 I art     : Starting a blocking GC Explicit
08-05 01:20:57.413  7133  7133 D ICU     : No timezone override file found: /data/misc/zoneinfo/current/icu/icu_tzdata.dat
08-05 01:20:57.419  6162  6387 I art     : Explicit concurrent mark sweep GC freed 3(96B) AllocSpace objects, 0(0B) LOS objects, 39% free, 24MB/40MB, paused 198us total 22.747ms
08-05 01:20:57.438  7133  7133 I Radio-JNI: register_android_hardware_Radio DONE
08-05 01:20:57.454  7133  7133 D AndroidRuntime: Calling main entry com.android.commands.input.Input
08-05 01:20:57.455  7133  7133 I Input   : injectMotionEvent: MotionEvent { action=ACTION_DOWN, actionButton=0, id[0]=0, x[0]=600.0, y[0]=1200.0, toolType[0]=TOOL_TYPE_UNKNOWN, buttonState=0, metaState=0, flags=0x0, edgeFlags=0x0, pointerCount=1, historySize=0, eventTime=753673868, downTime=753673868, deviceId=0, source=0x1002 }
08-05 01:20:57.462  7133  7133 I Input   : injectMotionEvent: MotionEvent { action=ACTION_UP, actionButton=0, id[0]=0, x[0]=600.0, y[0]=1200.0, toolType[0]=TOOL_TYPE_UNKNOWN, buttonState=0, metaState=0, flags=0x0, edgeFlags=0x0, pointerCount=1, historySize=0, eventTime=753673868, downTime=753673868, deviceId=0, source=0x1002 }
08-05 01:20:57.468  7133  7133 D AndroidRuntime: Shutting down VM
08-05 01:20:57.484   512  2967 D audio_hw_primary: out_set_parameters: enter: usecase(1: low-latency-playback) kvpairs: routing=2
08-05 01:20:57.485   918  3714 I ActivityManager: START u0 {dat=https://oauth.reddit.com/... cmp=baseline.org.quantumbadger.redreader/.activities.CommentListingActivity} from uid 10689 on display 0
08-05 01:20:57.497   512  2967 D audio_hw_primary: select_devices: out_snd_device(2: speaker) in_snd_device(0: none)
08-05 01:20:57.497   512  2967 D msm8974_platform: platform_send_audio_calibration: sending audio calibration for snd_device(2) acdb_id(15)
08-05 01:20:57.498   512  2967 I soundtrigger: audio_extn_sound_trigger_update_device_status: device 0x2 of type 0 for Event 1
08-05 01:20:57.502  6162  6162 I AppCompatViewInflater: app:theme is now deprecated. Please move to using android:theme instead.
08-05 01:20:57.507   512  2967 D audio_hw_primary: enable_snd_device: snd_device(2: speaker)
08-05 01:20:57.509   512  2967 D audio_hw_primary: enable_audio_route: apply and update mixer path: low-latency-playback speaker
08-05 01:20:57.516  6162  7158 D OK      : calling: https://oauth.reddit.com/comments/hza888/.json?sort=confidence
08-05 01:20:57.571 13866 13866 I GoogleInputMethodServic: GoogleInputMethodService.onFinishInput():3138 
08-05 01:20:57.572   918   936 I ActivityManager: Displayed baseline.org.quantumbadger.redreader/.activities.CommentListingActivity: +79ms
08-05 01:20:57.573 13866 13866 I GoogleInputMethodServic: GoogleInputMethodService.onStartInput():1808 
08-05 01:20:57.638  6162  6173 I art     : Starting a blocking GC Explicit
08-05 01:20:57.661  6162  6173 I art     : Explicit concurrent mark sweep GC freed 4136(221KB) AllocSpace objects, 1(20KB) LOS objects, 39% free, 25MB/41MB, paused 200us total 23.160ms
08-05 01:20:57.671  6162  6173 I art     : Starting a blocking GC Explicit
08-05 01:20:57.685   918  3261 D WifiStateMachine: starting scan for "H369AA63323"WPA_PSK with 2412,5180
08-05 01:20:57.694  6162  6173 I art     : Explicit concurrent mark sweep GC freed 2231(92KB) AllocSpace objects, 0(0B) LOS objects, 39% free, 25MB/41MB, paused 230us total 22.957ms
08-05 01:20:57.704  6162  6173 I art     : Starting a blocking GC Explicit
08-05 01:20:57.726  6162  6173 I art     : Explicit concurrent mark sweep GC freed 46(1616B) AllocSpace objects, 0(0B) LOS objects, 39% free, 25MB/41MB, paused 208us total 21.864ms
08-05 01:20:57.735  6162  6173 I art     : Starting a blocking GC Explicit
08-05 01:20:57.757   518   646 I ThermalEngine: ACTION: GPU - Setting GPU[0] to 510000000
08-05 01:20:57.760  6162  6173 I art     : Explicit concurrent mark sweep GC freed 151(5KB) AllocSpace objects, 0(0B) LOS objects, 39% free, 25MB/41MB, paused 328us total 24.417ms
08-05 01:20:57.773  6162  6173 I art     : Starting a blocking GC Explicit
08-05 01:20:57.801  6162  6173 I art     : Explicit concurrent mark sweep GC freed 40(1760B) AllocSpace objects, 0(0B) LOS objects, 39% free, 25MB/41MB, paused 265us total 27.670ms
08-05 01:20:57.812   380   380 W SurfaceFlinger: couldn't log to binary event log: overflow.
08-05 01:20:57.899  6162  7158 I NAPPA_EXPERIMENTATION: MetricNetworkRequestExecutionTime: REQUEST_DURATION_SYSTEM='383',REQUEST_DURATION_OKHTTP='154',REQUEST_SYNCHRONOUS='TRUE',RESPONSE_CODE='200',RESPONSE_METHOD='GET',RESPONSE_LENGTH_OKHTTP='-1',RESPONSE_LENGTH_HEADER='21928',REQUEST_PROTOCOL='h2',REQUEST_URL='https://oauth.reddit.com/comments/hza888/.json?sort=confidence',
08-05 01:20:57.899  6162  7158 D OK      : request got status: 200
08-05 01:20:57.924  6162  6730 I CommentListingActivity: COMMENTS session changed to 8d03736c-0e50-4893-a2d2-2e0bc42b8744
08-05 01:20:58.038   512  2967 D audio_hw_primary: disable_audio_route: reset and update mixer path: low-latency-playback speaker
08-05 01:20:58.039   512  2967 D audio_hw_primary: disable_snd_device: snd_device(2: speaker)
08-05 01:20:58.047  6162  6387 I art     : Starting a blocking GC Explicit
08-05 01:20:58.048   512  2967 I soundtrigger: audio_extn_sound_trigger_update_device_status: device 0x2 of type 0 for Event 0
08-05 01:20:58.082  6162  6387 I art     : Explicit concurrent mark sweep GC freed 16610(1029KB) AllocSpace objects, 3(156KB) LOS objects, 38% free, 26MB/42MB, paused 549us total 34.724ms
08-05 01:20:58.095  6162  6387 I art     : Starting a blocking GC Explicit
08-05 01:20:58.130  6162  6387 I art     : Explicit concurrent mark sweep GC freed 2887(120KB) AllocSpace objects, 0(0B) LOS objects, 37% free, 26MB/42MB, paused 363us total 34.301ms
08-05 01:20:58.143  6162  6387 I art     : Starting a blocking GC Explicit
08-05 01:20:58.178  6162  6387 I art     : Explicit concurrent mark sweep GC freed 71(11KB) AllocSpace objects, 0(0B) LOS objects, 37% free, 26MB/42MB, paused 244us total 34.239ms
08-05 01:20:58.191  6162  6387 I art     : Starting a blocking GC Explicit
08-05 01:20:58.225  6162  6387 I art     : Explicit concurrent mark sweep GC freed 5(192B) AllocSpace objects, 0(0B) LOS objects, 37% free, 26MB/42MB, paused 241us total 33.104ms
08-05 01:20:58.238  6162  6387 I art     : Starting a blocking GC Explicit
08-05 01:20:58.273  6162  6387 I art     : Explicit concurrent mark sweep GC freed 3(96B) AllocSpace objects, 0(0B) LOS objects, 37% free, 26MB/42MB, paused 251us total 34.593ms
08-05 01:20:58.418  1652  1652 I ServiceManager: Waiting for service AtCmdFwd...
08-05 01:20:58.562  6162  6186 I art     : Starting a blocking GC Explicit
08-05 01:20:58.602  6162  6186 I art     : Explicit concurrent mark sweep GC freed 1343(80KB) AllocSpace objects, 1(20KB) LOS objects, 37% free, 26MB/42MB, paused 241us total 39.900ms
08-05 01:20:58.617  6162  6186 I art     : Starting a blocking GC Explicit
08-05 01:20:58.653  6162  6186 I art     : Explicit concurrent mark sweep GC freed 20(704B) AllocSpace objects, 0(0B) LOS objects, 37% free, 26MB/42MB, paused 280us total 35.201ms
08-05 01:20:58.667  6162  6186 I art     : Starting a blocking GC Explicit
08-05 01:20:58.704  6162  6186 I art     : Explicit concurrent mark sweep GC freed 49(1920B) AllocSpace objects, 0(0B) LOS objects, 37% free, 26MB/42MB, paused 263us total 36.796ms
08-05 01:20:58.718  6162  6186 I art     : Starting a blocking GC Explicit
08-05 01:20:58.756  6162  6186 I art     : Explicit concurrent mark sweep GC freed 3(96B) AllocSpace objects, 0(0B) LOS objects, 37% free, 26MB/42MB, paused 252us total 37.226ms
08-05 01:20:58.770  6162  6186 I art     : Starting a blocking GC Explicit
08-05 01:20:58.808  6162  6186 I art     : Explicit concurrent mark sweep GC freed 3(96B) AllocSpace objects, 0(0B) LOS objects, 37% free, 26MB/42MB, paused 256us total 37.297ms
08-05 01:20:59.094  6162  6387 I art     : Starting a blocking GC Explicit
08-05 01:20:59.142  6162  6387 I art     : Explicit concurrent mark sweep GC freed 1343(80KB) AllocSpace objects, 1(20KB) LOS objects, 37% free, 26MB/42MB, paused 288us total 47.512ms
08-05 01:20:59.160  6162  6387 I art     : Starting a blocking GC Explicit
08-05 01:20:59.199  6162  6387 I art     : Explicit concurrent mark sweep GC freed 20(704B) AllocSpace objects, 0(0B) LOS objects, 37% free, 26MB/42MB, paused 271us total 38.459ms
08-05 01:20:59.213  6162  6387 I art     : Starting a blocking GC Explicit
08-05 01:20:59.252  6162  6387 I art     : Explicit concurrent mark sweep GC freed 3(96B) AllocSpace objects, 0(0B) LOS objects, 37% free, 26MB/42MB, paused 300us total 38.159ms
08-05 01:20:59.266  6162  6387 I art     : Starting a blocking GC Explicit
08-05 01:20:59.305  6162  6387 I art     : Explicit concurrent mark sweep GC freed 3(96B) AllocSpace objects, 0(0B) LOS objects, 37% free, 26MB/42MB, paused 260us total 38.294ms
08-05 01:20:59.319  6162  6387 I art     : Starting a blocking GC Explicit
08-05 01:20:59.358  6162  6387 I art     : Explicit concurrent mark sweep GC freed 3(96B) AllocSpace objects, 0(0B) LOS objects, 37% free, 26MB/42MB, paused 260us total 38.075ms
08-05 01:20:59.419  1652  1652 I ServiceManager: Waiting for service AtCmdFwd...
08-05 01:20:59.675  6162  6173 I art     : Starting a blocking GC Explicit
08-05 01:20:59.727  6162  6173 I art     : Explicit concurrent mark sweep GC freed 1343(80KB) AllocSpace objects, 1(20KB) LOS objects, 37% free, 26MB/42MB, paused 246us total 51.463ms
08-05 01:20:59.739  6162  6173 I art     : Starting a blocking GC Explicit
08-05 01:20:59.770  6162  6173 I art     : Explicit concurrent mark sweep GC freed 20(704B) AllocSpace objects, 0(0B) LOS objects, 37% free, 26MB/42MB, paused 242us total 30.938ms
08-05 01:20:59.783  6162  6173 I art     : Starting a blocking GC Explicit
08-05 01:20:59.814  6162  6173 I art     : Explicit concurrent mark sweep GC freed 3(96B) AllocSpace objects, 0(0B) LOS objects, 37% free, 26MB/42MB, paused 243us total 30.829ms
08-05 01:20:59.827  6162  6173 I art     : Starting a blocking GC Explicit
08-05 01:20:59.858  6162  6173 I art     : Explicit concurrent mark sweep GC freed 3(96B) AllocSpace objects, 0(0B) LOS objects, 37% free, 26MB/42MB, paused 241us total 30.691ms
08-05 01:20:59.871  6162  6173 I art     : Starting a blocking GC Explicit
08-05 01:20:59.902  6162  6173 I art     : Explicit concurrent mark sweep GC freed 3(96B) AllocSpace objects, 0(0B) LOS objects, 37% free, 26MB/42MB, paused 235us total 30.918ms
08-05 01:21:00.091  7212  7212 D AndroidRuntime: >>>>>> START com.android.internal.os.RuntimeInit uid 2000 <<<<<<
08-05 01:21:00.096  7212  7212 D AndroidRuntime: CheckJNI is OFF
08-05 01:21:00.125  7212  7212 D ICU     : No timezone override file found: /data/misc/zoneinfo/current/icu/icu_tzdata.dat
08-05 01:21:00.161  7212  7212 I Radio-JNI: register_android_hardware_Radio DONE
08-05 01:21:00.170  6162  6175 I art     : Starting a blocking GC Explicit
08-05 01:21:00.182  7212  7212 D AndroidRuntime: Calling main entry com.android.commands.input.Input
08-05 01:21:00.184  7212  7212 I Input   : injectKeyEvent: KeyEvent { action=ACTION_DOWN, keyCode=KEYCODE_BACK, scanCode=0, metaState=0, flags=0x0, repeatCount=0, eventTime=753676597, downTime=753676597, deviceId=-1, source=0x101 }
08-05 01:21:00.188  7212  7212 I Input   : injectKeyEvent: KeyEvent { action=ACTION_UP, keyCode=KEYCODE_BACK, scanCode=0, metaState=0, flags=0x0, repeatCount=0, eventTime=753676597, downTime=753676597, deviceId=-1, source=0x101 }
08-05 01:21:00.196  7212  7212 D AndroidRuntime: Shutting down VM
08-05 01:21:00.204  6162  6175 I art     : Explicit concurrent mark sweep GC freed 1373(81KB) AllocSpace objects, 1(20KB) LOS objects, 37% free, 26MB/42MB, paused 360us total 34.405ms
08-05 01:21:00.221  6162  6175 I art     : Starting a blocking GC Explicit
08-05 01:21:00.235 13866 13866 I GoogleInputMethodServic: GoogleInputMethodService.onFinishInput():3138 
08-05 01:21:00.236 13866 13866 I GoogleInputMethodServic: GoogleInputMethodService.onStartInput():1808 
08-05 01:21:00.253  6162  6175 I art     : Explicit concurrent mark sweep GC freed 138(5KB) AllocSpace objects, 0(0B) LOS objects, 37% free, 26MB/42MB, paused 458us total 32.589ms
08-05 01:21:00.268  6162  6175 I art     : Starting a blocking GC Explicit
08-05 01:21:00.302  6162  6175 I art     : Explicit concurrent mark sweep GC freed 101(3KB) AllocSpace objects, 0(0B) LOS objects, 37% free, 26MB/42MB, paused 252us total 33.850ms
08-05 01:21:00.315  6162  6175 I art     : Starting a blocking GC Explicit
08-05 01:21:00.346  6162  6175 I art     : Explicit concurrent mark sweep GC freed 15(496B) AllocSpace objects, 0(0B) LOS objects, 37% free, 26MB/42MB, paused 245us total 31.148ms
08-05 01:21:00.360  6162  6175 I art     : Starting a blocking GC Explicit
08-05 01:21:00.396  6162  6175 I art     : Explicit concurrent mark sweep GC freed 3(96B) AllocSpace objects, 0(0B) LOS objects, 37% free, 26MB/42MB, paused 265us total 35.880ms
08-05 01:21:00.419  1652  1652 I ServiceManager: Waiting for service AtCmdFwd...
08-05 01:21:00.565   380   380 W SurfaceFlinger: couldn't log to binary event log: overflow.
08-05 01:21:00.654  6162  6173 I art     : Starting a blocking GC Explicit
08-05 01:21:00.691  6162  6173 I art     : Explicit concurrent mark sweep GC freed 1396(82KB) AllocSpace objects, 1(20KB) LOS objects, 37% free, 26MB/42MB, paused 274us total 36.679ms
08-05 01:21:00.707  6162  6173 I art     : Starting a blocking GC Explicit
08-05 01:21:00.739  6162  6173 I art     : Explicit concurrent mark sweep GC freed 22993(1248KB) AllocSpace objects, 5(164KB) LOS objects, 39% free, 24MB/40MB, paused 293us total 31.765ms
08-05 01:21:00.752  6162  6173 I art     : Starting a blocking GC Explicit
08-05 01:21:00.781  6162  6173 I art     : Explicit concurrent mark sweep GC freed 3(96B) AllocSpace objects, 0(0B) LOS objects, 39% free, 24MB/40MB, paused 256us total 29.637ms
08-05 01:21:00.795  6162  6173 I art     : Starting a blocking GC Explicit
08-05 01:21:00.826  6162  6173 I art     : Explicit concurrent mark sweep GC freed 3(96B) AllocSpace objects, 0(0B) LOS objects, 39% free, 24MB/40MB, paused 259us total 30.215ms
08-05 01:21:00.839  6162  6173 I art     : Starting a blocking GC Explicit
08-05 01:21:00.869  6162  6173 I art     : Explicit concurrent mark sweep GC freed 3(96B) AllocSpace objects, 0(0B) LOS objects, 39% free, 24MB/40MB, paused 258us total 30.161ms
08-05 01:21:01.167  6162  6175 I art     : Starting a blocking GC Explicit
08-05 01:21:01.202  6162  6175 I art     : Explicit concurrent mark sweep GC freed 1347(80KB) AllocSpace objects, 1(20KB) LOS objects, 39% free, 24MB/40MB, paused 266us total 34.549ms
08-05 01:21:01.215  6162  6175 I art     : Starting a blocking GC Explicit
08-05 01:21:01.246  6162  6175 I art     : Explicit concurrent mark sweep GC freed 20(704B) AllocSpace objects, 0(0B) LOS objects, 39% free, 24MB/40MB, paused 265us total 30.234ms
08-05 01:21:01.259  6162  6175 I art     : Starting a blocking GC Explicit
08-05 01:21:01.290  6162  6175 I art     : Explicit concurrent mark sweep GC freed 3(96B) AllocSpace objects, 0(0B) LOS objects, 39% free, 24MB/40MB, paused 296us total 30.695ms
08-05 01:21:01.303  6162  6175 I art     : Starting a blocking GC Explicit
08-05 01:21:01.334  6162  6175 I art     : Explicit concurrent mark sweep GC freed 3(96B) AllocSpace objects, 0(0B) LOS objects, 39% free, 24MB/40MB, paused 252us total 30.263ms
08-05 01:21:01.347  6162  6175 I art     : Starting a blocking GC Explicit
08-05 01:21:01.378  6162  6175 I art     : Explicit concurrent mark sweep GC freed 3(96B) AllocSpace objects, 0(0B) LOS objects, 39% free, 24MB/40MB, paused 267us total 30.867ms
08-05 01:21:01.420  1652  1652 I ServiceManager: Waiting for service AtCmdFwd...
08-05 01:21:01.638  6162  6186 I art     : Starting a blocking GC Explicit
08-05 01:21:01.669  6162  6186 I art     : Explicit concurrent mark sweep GC freed 1344(80KB) AllocSpace objects, 1(20KB) LOS objects, 39% free, 24MB/40MB, paused 262us total 30.939ms
08-05 01:21:01.683  6162  6186 I art     : Starting a blocking GC Explicit
08-05 01:21:01.713  6162  6186 I art     : Explicit concurrent mark sweep GC freed 20(704B) AllocSpace objects, 0(0B) LOS objects, 39% free, 24MB/40MB, paused 270us total 30.390ms
08-05 01:21:01.727  6162  6186 I art     : Starting a blocking GC Explicit
08-05 01:21:01.756  6162  6186 I art     : Explicit concurrent mark sweep GC freed 3(96B) AllocSpace objects, 0(0B) LOS objects, 39% free, 24MB/40MB, paused 259us total 29.207ms
08-05 01:21:01.769  6162  6186 I art     : Starting a blocking GC Explicit
08-05 01:21:01.798  6162  6186 I art     : Explicit concurrent mark sweep GC freed 3(96B) AllocSpace objects, 0(0B) LOS objects, 39% free, 24MB/40MB, paused 257us total 28.995ms
08-05 01:21:01.811  6162  6186 I art     : Starting a blocking GC Explicit
08-05 01:21:01.841  6162  6186 I art     : Explicit concurrent mark sweep GC freed 3(96B) AllocSpace objects, 0(0B) LOS objects, 39% free, 24MB/40MB, paused 262us total 29.467ms
08-05 01:21:01.862  7255  7255 D AndroidRuntime: >>>>>> START com.android.internal.os.RuntimeInit uid 2000 <<<<<<
08-05 01:21:01.868  7255  7255 D AndroidRuntime: CheckJNI is OFF
08-05 01:21:01.901  7255  7255 D ICU     : No timezone override file found: /data/misc/zoneinfo/current/icu/icu_tzdata.dat
08-05 01:21:01.935  7255  7255 I Radio-JNI: register_android_hardware_Radio DONE
08-05 01:21:01.957  7255  7255 D AndroidRuntime: Calling main entry com.android.commands.input.Input
08-05 01:21:01.960  7255  7255 I Input   : injectMotionEvent: MotionEvent { action=ACTION_DOWN, actionButton=0, id[0]=0, x[0]=600.0, y[0]=950.0, toolType[0]=TOOL_TYPE_UNKNOWN, buttonState=0, metaState=0, flags=0x0, edgeFlags=0x0, pointerCount=1, historySize=0, eventTime=753678372, downTime=753678372, deviceId=0, source=0x1002 }
08-05 01:21:01.969  7255  7255 I Input   : injectMotionEvent: MotionEvent { action=ACTION_UP, actionButton=0, id[0]=0, x[0]=600.0, y[0]=950.0, toolType[0]=TOOL_TYPE_UNKNOWN, buttonState=0, metaState=0, flags=0x0, edgeFlags=0x0, pointerCount=1, historySize=0, eventTime=753678372, downTime=753678372, deviceId=0, source=0x1002 }
08-05 01:21:01.973  7255  7255 D AndroidRuntime: Shutting down VM
08-05 01:21:01.988   512  2967 D audio_hw_primary: out_set_parameters: enter: usecase(1: low-latency-playback) kvpairs: routing=2
08-05 01:21:01.991   918  3696 I ActivityManager: START u0 {dat=https://oauth.reddit.com/... cmp=baseline.org.quantumbadger.redreader/.activities.CommentListingActivity} from uid 10689 on display 0
08-05 01:21:02.001   512  2967 D audio_hw_primary: select_devices: out_snd_device(2: speaker) in_snd_device(0: none)
08-05 01:21:02.001   512  2967 D msm8974_platform: platform_send_audio_calibration: sending audio calibration for snd_device(2) acdb_id(15)
08-05 01:21:02.002   512  2967 I soundtrigger: audio_extn_sound_trigger_update_device_status: device 0x2 of type 0 for Event 1
08-05 01:21:02.013   512  2967 D audio_hw_primary: enable_snd_device: snd_device(2: speaker)
08-05 01:21:02.016   512  2967 D audio_hw_primary: enable_audio_route: apply and update mixer path: low-latency-playback speaker
08-05 01:21:02.017  6162  6162 I AppCompatViewInflater: app:theme is now deprecated. Please move to using android:theme instead.
08-05 01:21:02.034  6162  6730 I CommentListingActivity: COMMENTS session changed to 3b04ca2b-c1c1-44fa-b290-d056b6c2789d
08-05 01:21:02.092   918   936 I ActivityManager: Displayed baseline.org.quantumbadger.redreader/.activities.CommentListingActivity: +92ms
08-05 01:21:02.095  6162  6175 I art     : Starting a blocking GC Explicit
08-05 01:21:02.108 13866 13866 I GoogleInputMethodServic: GoogleInputMethodService.onFinishInput():3138 
08-05 01:21:02.109 13866 13866 I GoogleInputMethodServic: GoogleInputMethodService.onStartInput():1808 
08-05 01:21:02.127  6162  6175 I art     : Explicit concurrent mark sweep GC freed 7863(562KB) AllocSpace objects, 3(52KB) LOS objects, 38% free, 25MB/41MB, paused 577us total 32.550ms
08-05 01:21:02.142  6162  6175 I art     : Starting a blocking GC Explicit
08-05 01:21:02.176  6162  6175 I art     : Explicit concurrent mark sweep GC freed 538(25KB) AllocSpace objects, 0(0B) LOS objects, 38% free, 25MB/41MB, paused 256us total 33.139ms
08-05 01:21:02.191  6162  6175 I art     : Starting a blocking GC Explicit
08-05 01:21:02.218  6162  6175 I art     : Explicit concurrent mark sweep GC freed 9(320B) AllocSpace objects, 0(0B) LOS objects, 38% free, 25MB/41MB, paused 232us total 27.047ms
08-05 01:21:02.230  6162  6175 I art     : Starting a blocking GC Explicit
08-05 01:21:02.257  6162  6175 I art     : Explicit concurrent mark sweep GC freed 4(128B) AllocSpace objects, 0(0B) LOS objects, 38% free, 25MB/41MB, paused 234us total 26.826ms
08-05 01:21:02.270  6162  6175 I art     : Starting a blocking GC Explicit
08-05 01:21:02.297  6162  6175 I art     : Explicit concurrent mark sweep GC freed 3(96B) AllocSpace objects, 0(0B) LOS objects, 38% free, 25MB/41MB, paused 326us total 26.812ms
08-05 01:21:02.351   380   380 W SurfaceFlinger: couldn't log to binary event log: overflow.
08-05 01:21:02.420  1652  1652 I ServiceManager: Waiting for service AtCmdFwd...
08-05 01:21:02.492  6162  7157 I RedditChangeDataIO: Writing tmp data file at '/data/user/0/baseline.org.quantumbadger.redreader/files/rr_change_data_tmp.dat'
08-05 01:21:02.493  6162  7157 I RedditChangeDataManager: Taking snapshot...
08-05 01:21:02.493  6162  7157 I RedditChangeDataManager: Writing to stream...
08-05 01:21:02.493  6162  7157 I RedditChangeDataManager: Wrote 3 entries for user ''
08-05 01:21:02.493  6162  7157 I RedditChangeDataManager: All entries written to stream.
08-05 01:21:02.493  6162  7157 I RedditChangeDataIO: Write successful. Atomically replacing data file...
08-05 01:21:02.494  6162  7157 I RedditChangeDataIO: Write complete.
08-05 01:21:02.494  6162  7157 I RedditChangeDataIO: 86 bytes written in 2 ms
08-05 01:21:02.558   512  2967 D audio_hw_primary: disable_audio_route: reset and update mixer path: low-latency-playback speaker
08-05 01:21:02.559   512  2967 D audio_hw_primary: disable_snd_device: snd_device(2: speaker)
08-05 01:21:02.568   512  2967 I soundtrigger: audio_extn_sound_trigger_update_device_status: device 0x2 of type 0 for Event 0
08-05 01:21:02.579  6162  6186 I art     : Starting a blocking GC Explicit
08-05 01:21:02.608  6162  6186 I art     : Explicit concurrent mark sweep GC freed 1505(87KB) AllocSpace objects, 2(88KB) LOS objects, 38% free, 25MB/41MB, paused 222us total 29.141ms
08-05 01:21:02.621  6162  6186 I art     : Starting a blocking GC Explicit
08-05 01:21:02.649  6162  6186 I art     : Explicit concurrent mark sweep GC freed 23(800B) AllocSpace objects, 0(0B) LOS objects, 38% free, 25MB/41MB, paused 250us total 27.505ms
08-05 01:21:02.661  6162  6186 I art     : Starting a blocking GC Explicit
08-05 01:21:02.688  6162  6186 I art     : Explicit concurrent mark sweep GC freed 49(1920B) AllocSpace objects, 0(0B) LOS objects, 38% free, 25MB/41MB, paused 224us total 27.251ms
08-05 01:21:02.701  6162  6186 I art     : Starting a blocking GC Explicit
08-05 01:21:02.732  6162  6186 I art     : Explicit concurrent mark sweep GC freed 3(96B) AllocSpace objects, 0(0B) LOS objects, 38% free, 25MB/41MB, paused 251us total 30.752ms
08-05 01:21:02.745  6162  6186 I art     : Starting a blocking GC Explicit
08-05 01:21:02.777  6162  6186 I art     : Explicit concurrent mark sweep GC freed 3(96B) AllocSpace objects, 0(0B) LOS objects, 38% free, 25MB/41MB, paused 318us total 31.458ms
08-05 01:21:03.062  6162  6387 I art     : Starting a blocking GC Explicit
08-05 01:21:03.108  6162  6387 I art     : Explicit concurrent mark sweep GC freed 1578(116KB) AllocSpace objects, 1(20KB) LOS objects, 38% free, 25MB/41MB, paused 257us total 44.960ms
08-05 01:21:03.109  6162  6172 I art     : WaitForGcToComplete blocked for 26.343ms for cause HeapTrim
08-05 01:21:03.126  6162  6387 I art     : Starting a blocking GC Explicit
08-05 01:21:03.159  6162  6387 I art     : Explicit concurrent mark sweep GC freed 85(2880B) AllocSpace objects, 0(0B) LOS objects, 38% free, 25MB/41MB, paused 238us total 32.499ms
08-05 01:21:03.172  6162  6387 I art     : Starting a blocking GC Explicit
08-05 01:21:03.204  6162  6387 I art     : Explicit concurrent mark sweep GC freed 3(96B) AllocSpace objects, 0(0B) LOS objects, 38% free, 25MB/41MB, paused 241us total 31.691ms
08-05 01:21:03.218  6162  6387 I art     : Starting a blocking GC Explicit
08-05 01:21:03.250  6162  6387 I art     : Explicit concurrent mark sweep GC freed 3(96B) AllocSpace objects, 0(0B) LOS objects, 38% free, 25MB/41MB, paused 225us total 32.238ms
08-05 01:21:03.264  6162  6387 I art     : Starting a blocking GC Explicit
08-05 01:21:03.296  6162  6387 I art     : Explicit concurrent mark sweep GC freed 3(96B) AllocSpace objects, 0(0B) LOS objects, 38% free, 25MB/41MB, paused 254us total 32.257ms
08-05 01:21:03.421  1652  1652 W Atfwd_Sendcmd: AtCmdFwd service not published, waiting... retryCnt : 4
08-05 01:21:03.581  6162  6173 I art     : Starting a blocking GC Explicit
08-05 01:21:03.618  6162  6173 I art     : Explicit concurrent mark sweep GC freed 1343(80KB) AllocSpace objects, 1(20KB) LOS objects, 38% free, 25MB/41MB, paused 243us total 36.967ms
08-05 01:21:03.632  6162  6173 I art     : Starting a blocking GC Explicit
08-05 01:21:03.664  6162  6173 I art     : Explicit concurrent mark sweep GC freed 20(704B) AllocSpace objects, 0(0B) LOS objects, 38% free, 25MB/41MB, paused 244us total 31.625ms
08-05 01:21:03.677  6162  6173 I art     : Starting a blocking GC Explicit
08-05 01:21:03.709  6162  6173 I art     : Explicit concurrent mark sweep GC freed 3(96B) AllocSpace objects, 0(0B) LOS objects, 38% free, 25MB/41MB, paused 226us total 31.890ms
08-05 01:21:03.723  6162  6173 I art     : Starting a blocking GC Explicit
08-05 01:21:03.755  6162  6173 I art     : Explicit concurrent mark sweep GC freed 3(96B) AllocSpace objects, 0(0B) LOS objects, 38% free, 25MB/41MB, paused 259us total 32.249ms
08-05 01:21:03.769  6162  6173 I art     : Starting a blocking GC Explicit
08-05 01:21:03.802  6162  6173 I art     : Explicit concurrent mark sweep GC freed 3(96B) AllocSpace objects, 0(0B) LOS objects, 38% free, 25MB/41MB, paused 251us total 32.664ms
08-05 01:21:04.123  6162  6175 I art     : Starting a blocking GC Explicit
08-05 01:21:04.169  6162  6175 I art     : Explicit concurrent mark sweep GC freed 1343(80KB) AllocSpace objects, 1(20KB) LOS objects, 38% free, 25MB/41MB, paused 271us total 45.953ms
08-05 01:21:04.186  6162  6175 I art     : Starting a blocking GC Explicit
08-05 01:21:04.219  6162  6175 I art     : Explicit concurrent mark sweep GC freed 20(704B) AllocSpace objects, 0(0B) LOS objects, 38% free, 25MB/41MB, paused 274us total 32.425ms
08-05 01:21:04.232  6162  6175 I art     : Starting a blocking GC Explicit
08-05 01:21:04.264  6162  6175 I art     : Explicit concurrent mark sweep GC freed 3(96B) AllocSpace objects, 0(0B) LOS objects, 38% free, 25MB/41MB, paused 238us total 31.645ms
08-05 01:21:04.278  6162  6175 I art     : Starting a blocking GC Explicit
08-05 01:21:04.311  6162  6175 I art     : Explicit concurrent mark sweep GC freed 3(96B) AllocSpace objects, 0(0B) LOS objects, 38% free, 25MB/41MB, paused 247us total 32.518ms
08-05 01:21:04.324  6162  6175 I art     : Starting a blocking GC Explicit
08-05 01:21:04.357  6162  6175 I art     : Explicit concurrent mark sweep GC freed 3(96B) AllocSpace objects, 0(0B) LOS objects, 38% free, 25MB/41MB, paused 235us total 32.106ms
08-05 01:21:04.674  6162  6186 I art     : Starting a blocking GC Explicit
08-05 01:21:04.716  6162  6186 I art     : Explicit concurrent mark sweep GC freed 1343(80KB) AllocSpace objects, 1(20KB) LOS objects, 38% free, 25MB/41MB, paused 263us total 41.131ms
08-05 01:21:04.732  6162  6186 I art     : Starting a blocking GC Explicit
08-05 01:21:04.765  6162  6186 I art     : Explicit concurrent mark sweep GC freed 20(704B) AllocSpace objects, 0(0B) LOS objects, 38% free, 25MB/41MB, paused 229us total 32.222ms
08-05 01:21:04.778  6162  6186 I art     : Starting a blocking GC Explicit
08-05 01:21:04.811  6162  6186 I art     : Explicit concurrent mark sweep GC freed 3(96B) AllocSpace objects, 0(0B) LOS objects, 38% free, 25MB/41MB, paused 235us total 32.438ms
08-05 01:21:04.825  6162  6186 I art     : Starting a blocking GC Explicit
08-05 01:21:04.858  6162  6186 I art     : Explicit concurrent mark sweep GC freed 3(96B) AllocSpace objects, 0(0B) LOS objects, 38% free, 25MB/41MB, paused 237us total 32.573ms
08-05 01:21:04.871  6162  6186 I art     : Starting a blocking GC Explicit
08-05 01:21:04.904  6162  6186 I art     : Explicit concurrent mark sweep GC freed 3(96B) AllocSpace objects, 0(0B) LOS objects, 38% free, 25MB/41MB, paused 228us total 32.388ms
08-05 01:21:05.210  6162  6387 I art     : Starting a blocking GC Explicit
08-05 01:21:05.250  6162  6387 I art     : Explicit concurrent mark sweep GC freed 1343(80KB) AllocSpace objects, 1(20KB) LOS objects, 38% free, 25MB/41MB, paused 265us total 40ms
08-05 01:21:05.268  6162  6387 I art     : Starting a blocking GC Explicit
08-05 01:21:05.304  6162  6387 I art     : Explicit concurrent mark sweep GC freed 20(704B) AllocSpace objects, 0(0B) LOS objects, 38% free, 25MB/41MB, paused 243us total 35.254ms
08-05 01:21:05.317  6162  6387 I art     : Starting a blocking GC Explicit
08-05 01:21:05.350  6162  6387 I art     : Explicit concurrent mark sweep GC freed 3(96B) AllocSpace objects, 0(0B) LOS objects, 38% free, 25MB/41MB, paused 237us total 32.350ms
08-05 01:21:05.364  6162  6387 I art     : Starting a blocking GC Explicit
08-05 01:21:05.396  6162  6387 I art     : Explicit concurrent mark sweep GC freed 3(96B) AllocSpace objects, 0(0B) LOS objects, 38% free, 25MB/41MB, paused 242us total 32.499ms
08-05 01:21:05.410  6162  6387 I art     : Starting a blocking GC Explicit
08-05 01:21:05.443  6162  6387 I art     : Explicit concurrent mark sweep GC freed 3(96B) AllocSpace objects, 0(0B) LOS objects, 38% free, 25MB/41MB, paused 244us total 32.858ms
08-05 01:21:05.780  6162  6173 I art     : Starting a blocking GC Explicit
08-05 01:21:05.825  6162  6173 I art     : Explicit concurrent mark sweep GC freed 1345(80KB) AllocSpace objects, 1(20KB) LOS objects, 38% free, 25MB/41MB, paused 268us total 44.875ms
08-05 01:21:05.843  6162  6173 I art     : Starting a blocking GC Explicit
08-05 01:21:05.875  6162  6173 I art     : Explicit concurrent mark sweep GC freed 20(704B) AllocSpace objects, 0(0B) LOS objects, 38% free, 25MB/41MB, paused 217us total 32.238ms
08-05 01:21:05.889  6162  6173 I art     : Starting a blocking GC Explicit
08-05 01:21:05.922  6162  6173 I art     : Explicit concurrent mark sweep GC freed 3(96B) AllocSpace objects, 0(0B) LOS objects, 38% free, 25MB/41MB, paused 242us total 32.548ms
08-05 01:21:05.935  6162  6173 I art     : Starting a blocking GC Explicit
08-05 01:21:05.967  6162  6173 I art     : Explicit concurrent mark sweep GC freed 3(96B) AllocSpace objects, 0(0B) LOS objects, 38% free, 25MB/41MB, paused 234us total 31.664ms
08-05 01:21:05.981  6162  6173 I art     : Starting a blocking GC Explicit
08-05 01:21:06.014  6162  6173 I art     : Explicit concurrent mark sweep GC freed 3(96B) AllocSpace objects, 0(0B) LOS objects, 38% free, 25MB/41MB, paused 258us total 32.505ms
08-05 01:21:06.312  6162  6175 I art     : Starting a blocking GC Explicit
08-05 01:21:06.344  6162  6175 I art     : Explicit concurrent mark sweep GC freed 1343(80KB) AllocSpace objects, 1(20KB) LOS objects, 38% free, 25MB/41MB, paused 261us total 31.904ms
08-05 01:21:06.358  6162  6175 I art     : Starting a blocking GC Explicit
08-05 01:21:06.389  6162  6175 I art     : Explicit concurrent mark sweep GC freed 20(704B) AllocSpace objects, 0(0B) LOS objects, 38% free, 25MB/41MB, paused 239us total 31.111ms
08-05 01:21:06.403  6162  6175 I art     : Starting a blocking GC Explicit
08-05 01:21:06.434  6162  6175 I art     : Explicit concurrent mark sweep GC freed 3(96B) AllocSpace objects, 0(0B) LOS objects, 38% free, 25MB/41MB, paused 234us total 30.345ms
08-05 01:21:06.447  6162  6175 I art     : Starting a blocking GC Explicit
08-05 01:21:06.478  6162  6175 I art     : Explicit concurrent mark sweep GC freed 3(96B) AllocSpace objects, 0(0B) LOS objects, 38% free, 25MB/41MB, paused 236us total 30.894ms
08-05 01:21:06.491  6162  6175 I art     : Starting a blocking GC Explicit
08-05 01:21:06.522  6162  6175 I art     : Explicit concurrent mark sweep GC freed 3(96B) AllocSpace objects, 0(0B) LOS objects, 38% free, 25MB/41MB, paused 241us total 30.785ms
08-05 01:21:06.646  7367  7367 D AndroidRuntime: >>>>>> START com.android.internal.os.RuntimeInit uid 2000 <<<<<<
08-05 01:21:06.653  7367  7367 D AndroidRuntime: CheckJNI is OFF
08-05 01:21:06.692  7367  7367 D ICU     : No timezone override file found: /data/misc/zoneinfo/current/icu/icu_tzdata.dat
08-05 01:21:06.727  7367  7367 I Radio-JNI: register_android_hardware_Radio DONE
08-05 01:21:06.748  7367  7367 D AndroidRuntime: Calling main entry com.android.commands.input.Input
08-05 01:21:06.749  7367  7367 I Input   : injectKeyEvent: KeyEvent { action=ACTION_DOWN, keyCode=KEYCODE_BACK, scanCode=0, metaState=0, flags=0x0, repeatCount=0, eventTime=753683162, downTime=753683162, deviceId=-1, source=0x101 }
08-05 01:21:06.755  7367  7367 I Input   : injectKeyEvent: KeyEvent { action=ACTION_UP, keyCode=KEYCODE_BACK, scanCode=0, metaState=0, flags=0x0, repeatCount=0, eventTime=753683162, downTime=753683162, deviceId=-1, source=0x101 }
08-05 01:21:06.762  7367  7367 D AndroidRuntime: Shutting down VM
08-05 01:21:06.796 13866 13866 I GoogleInputMethodServic: GoogleInputMethodService.onFinishInput():3138 
08-05 01:21:06.797 13866 13866 I GoogleInputMethodServic: GoogleInputMethodService.onStartInput():1808 
08-05 01:21:06.804  6162  6186 I art     : Starting a blocking GC Explicit
08-05 01:21:06.835  6162  6186 I art     : Explicit concurrent mark sweep GC freed 1586(88KB) AllocSpace objects, 1(20KB) LOS objects, 38% free, 25MB/41MB, paused 266us total 31.135ms
08-05 01:21:06.850  6162  6186 I art     : Starting a blocking GC Explicit
08-05 01:21:06.876  6162  6186 I art     : Explicit concurrent mark sweep GC freed 26(944B) AllocSpace objects, 0(0B) LOS objects, 38% free, 25MB/41MB, paused 200us total 25.603ms
08-05 01:21:06.888  6162  6186 I art     : Starting a blocking GC Explicit
08-05 01:21:06.918  6162  6186 I art     : Explicit concurrent mark sweep GC freed 3(96B) AllocSpace objects, 0(0B) LOS objects, 38% free, 25MB/41MB, paused 269us total 30.071ms
08-05 01:21:06.932  6162  6186 I art     : Starting a blocking GC Explicit
08-05 01:21:06.967  6162  6186 I art     : Explicit concurrent mark sweep GC freed 3(96B) AllocSpace objects, 0(0B) LOS objects, 38% free, 25MB/41MB, paused 267us total 34.727ms
08-05 01:21:06.982  6162  6186 I art     : Starting a blocking GC Explicit
08-05 01:21:07.019  6162  6186 I art     : Explicit concurrent mark sweep GC freed 3(96B) AllocSpace objects, 0(0B) LOS objects, 38% free, 25MB/41MB, paused 244us total 36.712ms
08-05 01:21:07.106   380   380 W SurfaceFlinger: couldn't log to binary event log: overflow.
08-05 01:21:07.280  6162  6387 I art     : Starting a blocking GC Explicit
08-05 01:21:07.315  6162  6387 I art     : Explicit concurrent mark sweep GC freed 1395(82KB) AllocSpace objects, 1(20KB) LOS objects, 38% free, 25MB/41MB, paused 284us total 35.317ms
08-05 01:21:07.335  6162  6387 I art     : Starting a blocking GC Explicit
08-05 01:21:07.366  6162  6387 I art     : Explicit concurrent mark sweep GC freed 3855(310KB) AllocSpace objects, 5(140KB) LOS objects, 39% free, 24MB/40MB, paused 230us total 30.086ms
08-05 01:21:07.379  6162  6387 I art     : Starting a blocking GC Explicit
08-05 01:21:07.410  6162  6387 I art     : Explicit concurrent mark sweep GC freed 3(96B) AllocSpace objects, 0(0B) LOS objects, 39% free, 24MB/40MB, paused 237us total 30.576ms
08-05 01:21:07.423  6162  6387 I art     : Starting a blocking GC Explicit
08-05 01:21:07.454  6162  6387 I art     : Explicit concurrent mark sweep GC freed 3(96B) AllocSpace objects, 0(0B) LOS objects, 39% free, 24MB/40MB, paused 236us total 30.274ms
08-05 01:21:07.467  6162  6387 I art     : Starting a blocking GC Explicit
08-05 01:21:07.498  6162  6387 I art     : Explicit concurrent mark sweep GC freed 3(96B) AllocSpace objects, 0(0B) LOS objects, 39% free, 24MB/40MB, paused 242us total 30.693ms
08-05 01:21:07.784  6162  6173 I art     : Starting a blocking GC Explicit
08-05 01:21:07.823  6162  6173 I art     : Explicit concurrent mark sweep GC freed 1343(80KB) AllocSpace objects, 1(20KB) LOS objects, 39% free, 24MB/40MB, paused 256us total 38.482ms
08-05 01:21:07.842  6162  6173 I art     : Starting a blocking GC Explicit
08-05 01:21:07.872  6162  6173 I art     : Explicit concurrent mark sweep GC freed 20(704B) AllocSpace objects, 0(0B) LOS objects, 39% free, 24MB/40MB, paused 231us total 29.510ms
08-05 01:21:07.885  6162  6173 I art     : Starting a blocking GC Explicit
08-05 01:21:07.916  6162  6173 I art     : Explicit concurrent mark sweep GC freed 3(96B) AllocSpace objects, 0(0B) LOS objects, 39% free, 24MB/40MB, paused 237us total 30.812ms
08-05 01:21:07.929  6162  6173 I art     : Starting a blocking GC Explicit
08-05 01:21:07.961  6162  6173 I art     : Explicit concurrent mark sweep GC freed 3(96B) AllocSpace objects, 0(0B) LOS objects, 39% free, 24MB/40MB, paused 237us total 31.143ms
08-05 01:21:07.974  6162  6173 I art     : Starting a blocking GC Explicit
08-05 01:21:08.004  6162  6173 I art     : Explicit concurrent mark sweep GC freed 3(96B) AllocSpace objects, 0(0B) LOS objects, 39% free, 24MB/40MB, paused 224us total 29.595ms
08-05 01:21:08.269  6162  6175 I art     : Starting a blocking GC Explicit
08-05 01:21:08.300  6162  6175 I art     : Explicit concurrent mark sweep GC freed 1343(80KB) AllocSpace objects, 1(20KB) LOS objects, 39% free, 24MB/40MB, paused 232us total 30.647ms
08-05 01:21:08.314  6162  6175 I art     : Starting a blocking GC Explicit
08-05 01:21:08.343  6162  6175 I art     : Explicit concurrent mark sweep GC freed 20(704B) AllocSpace objects, 0(0B) LOS objects, 39% free, 24MB/40MB, paused 227us total 28.840ms
08-05 01:21:08.356  6162  6175 I art     : Starting a blocking GC Explicit
08-05 01:21:08.385  6162  6175 I art     : Explicit concurrent mark sweep GC freed 3(96B) AllocSpace objects, 0(0B) LOS objects, 39% free, 24MB/40MB, paused 232us total 29.188ms
08-05 01:21:08.398  6162  6175 I art     : Starting a blocking GC Explicit
08-05 01:21:08.415  7417  7417 D AndroidRuntime: >>>>>> START com.android.internal.os.RuntimeInit uid 2000 <<<<<<
08-05 01:21:08.420  7417  7417 D AndroidRuntime: CheckJNI is OFF
08-05 01:21:08.428  6162  6175 I art     : Explicit concurrent mark sweep GC freed 3(96B) AllocSpace objects, 0(0B) LOS objects, 39% free, 24MB/40MB, paused 240us total 29.499ms
08-05 01:21:08.441  6162  6175 I art     : Starting a blocking GC Explicit
08-05 01:21:08.456  7417  7417 D ICU     : No timezone override file found: /data/misc/zoneinfo/current/icu/icu_tzdata.dat
08-05 01:21:08.470  6162  6175 I art     : Explicit concurrent mark sweep GC freed 3(96B) AllocSpace objects, 0(0B) LOS objects, 39% free, 24MB/40MB, paused 231us total 28.969ms
08-05 01:21:08.492  7417  7417 I Radio-JNI: register_android_hardware_Radio DONE
08-05 01:21:08.514  7417  7417 D AndroidRuntime: Calling main entry com.android.commands.input.Input
08-05 01:21:08.516  7417  7417 I Input   : injectMotionEvent: MotionEvent { action=ACTION_DOWN, actionButton=0, id[0]=0, x[0]=600.0, y[0]=700.0, toolType[0]=TOOL_TYPE_UNKNOWN, buttonState=0, metaState=0, flags=0x0, edgeFlags=0x0, pointerCount=1, historySize=0, eventTime=753684929, downTime=753684929, deviceId=0, source=0x1002 }
08-05 01:21:08.522  7417  7417 I Input   : injectMotionEvent: MotionEvent { action=ACTION_UP, actionButton=0, id[0]=0, x[0]=600.0, y[0]=700.0, toolType[0]=TOOL_TYPE_UNKNOWN, buttonState=0, metaState=0, flags=0x0, edgeFlags=0x0, pointerCount=1, historySize=0, eventTime=753684929, downTime=753684929, deviceId=0, source=0x1002 }
08-05 01:21:08.523  7417  7417 D AndroidRuntime: Shutting down VM
08-05 01:21:08.530   918  3714 I ActivityManager: START u0 {dat=https://oauth.reddit.com/... cmp=baseline.org.quantumbadger.redreader/.activities.CommentListingActivity} from uid 10689 on display 0
08-05 01:21:08.531   512  2967 D audio_hw_primary: out_set_parameters: enter: usecase(1: low-latency-playback) kvpairs: routing=2
08-05 01:21:08.544   512  2967 D audio_hw_primary: select_devices: out_snd_device(2: speaker) in_snd_device(0: none)
08-05 01:21:08.544   512  2967 D msm8974_platform: platform_send_audio_calibration: sending audio calibration for snd_device(2) acdb_id(15)
08-05 01:21:08.544   512  2967 I soundtrigger: audio_extn_sound_trigger_update_device_status: device 0x2 of type 0 for Event 1
08-05 01:21:08.552  6162  6162 I AppCompatViewInflater: app:theme is now deprecated. Please move to using android:theme instead.
08-05 01:21:08.556   512  2967 D audio_hw_primary: enable_snd_device: snd_device(2: speaker)
08-05 01:21:08.558   512  2967 D audio_hw_primary: enable_audio_route: apply and update mixer path: low-latency-playback speaker
08-05 01:21:08.568  6162  6730 I CommentListingActivity: COMMENTS session changed to cb75e476-fed7-42f1-b19a-92116bdd31c5
08-05 01:21:08.641   918   936 I ActivityManager: Displayed baseline.org.quantumbadger.redreader/.activities.CommentListingActivity: +102ms
08-05 01:21:08.658 13866 13866 I GoogleInputMethodServic: GoogleInputMethodService.onFinishInput():3138 
08-05 01:21:08.659 13866 13866 I GoogleInputMethodServic: GoogleInputMethodService.onStartInput():1808 
08-05 01:21:08.728  6162  6186 I art     : Starting a blocking GC Explicit
08-05 01:21:08.774  6162  6186 I art     : Explicit concurrent mark sweep GC freed 41628(2MB) AllocSpace objects, 4(72KB) LOS objects, 35% free, 28MB/44MB, paused 283us total 45.941ms
08-05 01:21:08.791  6162  6186 I art     : Starting a blocking GC Explicit
08-05 01:21:08.841  6162  6186 I art     : Explicit concurrent mark sweep GC freed 4877(287KB) AllocSpace objects, 0(0B) LOS objects, 35% free, 28MB/44MB, paused 252us total 49.661ms
08-05 01:21:08.859  6162  6186 I art     : Starting a blocking GC Explicit
08-05 01:21:08.875   380   380 W SurfaceFlinger: couldn't log to binary event log: overflow.
08-05 01:21:08.904  6162  6186 I art     : Explicit concurrent mark sweep GC freed 19177(852KB) AllocSpace objects, 0(0B) LOS objects, 36% free, 27MB/43MB, paused 226us total 45.019ms
08-05 01:21:08.919  6162  6186 I art     : Starting a blocking GC Explicit
08-05 01:21:08.955  6162  6186 I art     : Explicit concurrent mark sweep GC freed 3(96B) AllocSpace objects, 0(0B) LOS objects, 36% free, 27MB/43MB, paused 234us total 35.887ms
08-05 01:21:08.970  6162  6186 I art     : Starting a blocking GC Explicit
08-05 01:21:09.012  6162  6186 I art     : Explicit concurrent mark sweep GC freed 10(368B) AllocSpace objects, 0(0B) LOS objects, 36% free, 27MB/43MB, paused 328us total 41.503ms
08-05 01:21:09.099   512  2967 D audio_hw_primary: disable_audio_route: reset and update mixer path: low-latency-playback speaker
08-05 01:21:09.101   512  2967 D audio_hw_primary: disable_snd_device: snd_device(2: speaker)
08-05 01:21:09.109   512  2967 I soundtrigger: audio_extn_sound_trigger_update_device_status: device 0x2 of type 0 for Event 0
08-05 01:21:09.311  6162  6186 I art     : Starting a blocking GC Explicit
08-05 01:21:09.360  6162  6186 I art     : Explicit concurrent mark sweep GC freed 1431(83KB) AllocSpace objects, 1(20KB) LOS objects, 36% free, 27MB/43MB, paused 304us total 47.981ms
08-05 01:21:09.376  6162  6186 I art     : Starting a blocking GC Explicit
08-05 01:21:09.419  6162  6186 I art     : Explicit concurrent mark sweep GC freed 22(768B) AllocSpace objects, 0(0B) LOS objects, 36% free, 27MB/43MB, paused 241us total 43.105ms
08-05 01:21:09.435  6162  6186 I art     : Starting a blocking GC Explicit
08-05 01:21:09.477  6162  6186 I art     : Explicit concurrent mark sweep GC freed 3(96B) AllocSpace objects, 0(0B) LOS objects, 36% free, 27MB/43MB, paused 292us total 42.134ms
08-05 01:21:09.494  6162  6186 I art     : Starting a blocking GC Explicit
08-05 01:21:09.538  6162  6186 I art     : Explicit concurrent mark sweep GC freed 3(96B) AllocSpace objects, 0(0B) LOS objects, 36% free, 27MB/43MB, paused 246us total 44.385ms
08-05 01:21:09.554  6162  6186 I art     : Starting a blocking GC Explicit
08-05 01:21:09.595  6162  6186 I art     : Explicit concurrent mark sweep GC freed 3(96B) AllocSpace objects, 0(0B) LOS objects, 36% free, 27MB/43MB, paused 240us total 41.011ms
08-05 01:21:09.878  6162  6173 I art     : Starting a blocking GC Explicit
08-05 01:21:09.933  6162  6173 I art     : Explicit concurrent mark sweep GC freed 1389(82KB) AllocSpace objects, 1(20KB) LOS objects, 36% free, 27MB/43MB, paused 275us total 54.191ms
08-05 01:21:09.954  6162  6173 I art     : Starting a blocking GC Explicit
08-05 01:21:09.996  6162  6173 I art     : Explicit concurrent mark sweep GC freed 20(704B) AllocSpace objects, 0(0B) LOS objects, 36% free, 27MB/43MB, paused 245us total 42.026ms
08-05 01:21:10.011  6162  6173 I art     : Starting a blocking GC Explicit
08-05 01:21:10.056  6162  6173 I art     : Explicit concurrent mark sweep GC freed 3(96B) AllocSpace objects, 0(0B) LOS objects, 36% free, 27MB/43MB, paused 246us total 44.579ms
08-05 01:21:10.072  6162  6173 I art     : Starting a blocking GC Explicit
08-05 01:21:10.116  6162  6173 I art     : Explicit concurrent mark sweep GC freed 3(96B) AllocSpace objects, 0(0B) LOS objects, 36% free, 27MB/43MB, paused 261us total 44.229ms
08-05 01:21:10.132  6162  6173 I art     : Starting a blocking GC Explicit
08-05 01:21:10.173  6162  6173 I art     : Explicit concurrent mark sweep GC freed 3(96B) AllocSpace objects, 0(0B) LOS objects, 36% free, 27MB/43MB, paused 236us total 40.562ms
08-05 01:21:10.484  6162  6387 I art     : Starting a blocking GC Explicit
08-05 01:21:10.541  6162  6387 I art     : Explicit concurrent mark sweep GC freed 1343(80KB) AllocSpace objects, 1(20KB) LOS objects, 36% free, 27MB/43MB, paused 311us total 56.415ms
08-05 01:21:10.558  6162  6387 I art     : Starting a blocking GC Explicit
08-05 01:21:10.603  6162  6387 I art     : Explicit concurrent mark sweep GC freed 41(1488B) AllocSpace objects, 0(0B) LOS objects, 36% free, 27MB/43MB, paused 244us total 43.979ms
08-05 01:21:10.618  6162  6387 I art     : Starting a blocking GC Explicit
08-05 01:21:10.661  6162  6387 I art     : Explicit concurrent mark sweep GC freed 3(96B) AllocSpace objects, 0(0B) LOS objects, 36% free, 27MB/43MB, paused 240us total 43.010ms
08-05 01:21:10.677  6162  6387 I art     : Starting a blocking GC Explicit
08-05 01:21:10.720  6162  6387 I art     : Explicit concurrent mark sweep GC freed 3(96B) AllocSpace objects, 0(0B) LOS objects, 36% free, 27MB/43MB, paused 244us total 43.535ms
08-05 01:21:10.736  6162  6387 I art     : Starting a blocking GC Explicit
08-05 01:21:10.781  6162  6387 I art     : Explicit concurrent mark sweep GC freed 3(96B) AllocSpace objects, 0(0B) LOS objects, 36% free, 27MB/43MB, paused 241us total 45.167ms
08-05 01:21:11.103  6162  6175 I art     : Starting a blocking GC Explicit
08-05 01:21:11.161  6162  6175 I art     : Explicit concurrent mark sweep GC freed 1343(80KB) AllocSpace objects, 1(20KB) LOS objects, 36% free, 27MB/43MB, paused 248us total 57.964ms
08-05 01:21:11.177  6162  6175 I art     : Starting a blocking GC Explicit
08-05 01:21:11.220  6162  6175 I art     : Explicit concurrent mark sweep GC freed 20(704B) AllocSpace objects, 0(0B) LOS objects, 36% free, 27MB/43MB, paused 241us total 43.085ms
08-05 01:21:11.235  6162  6175 I art     : Starting a blocking GC Explicit
08-05 01:21:11.280  6162  6175 I art     : Explicit concurrent mark sweep GC freed 3(96B) AllocSpace objects, 0(0B) LOS objects, 36% free, 27MB/43MB, paused 248us total 44.395ms
08-05 01:21:11.296  6162  6175 I art     : Starting a blocking GC Explicit
08-05 01:21:11.340  6162  6175 I art     : Explicit concurrent mark sweep GC freed 3(96B) AllocSpace objects, 0(0B) LOS objects, 36% free, 27MB/43MB, paused 271us total 44.406ms
08-05 01:21:11.356  6162  6175 I art     : Starting a blocking GC Explicit
08-05 01:21:11.399  6162  6175 I art     : Explicit concurrent mark sweep GC freed 3(96B) AllocSpace objects, 0(0B) LOS objects, 36% free, 27MB/43MB, paused 244us total 42.730ms
08-05 01:21:11.714  6162  6186 I art     : Starting a blocking GC Explicit
08-05 01:21:11.770  6162  6186 I art     : Explicit concurrent mark sweep GC freed 1343(80KB) AllocSpace objects, 1(20KB) LOS objects, 36% free, 27MB/43MB, paused 271us total 55.259ms
08-05 01:21:11.787  6162  6186 I art     : Starting a blocking GC Explicit
08-05 01:21:11.832  6162  6186 I art     : Explicit concurrent mark sweep GC freed 20(704B) AllocSpace objects, 0(0B) LOS objects, 36% free, 27MB/43MB, paused 247us total 44.639ms
08-05 01:21:11.847  6162  6186 I art     : Starting a blocking GC Explicit
08-05 01:21:11.890  6162  6186 I art     : Explicit concurrent mark sweep GC freed 3(96B) AllocSpace objects, 0(0B) LOS objects, 36% free, 27MB/43MB, paused 238us total 42.535ms
08-05 01:21:11.906  6162  6186 I art     : Starting a blocking GC Explicit
08-05 01:21:11.950  6162  6186 I art     : Explicit concurrent mark sweep GC freed 3(96B) AllocSpace objects, 0(0B) LOS objects, 36% free, 27MB/43MB, paused 247us total 44.570ms
08-05 01:21:11.966  6162  6186 I art     : Starting a blocking GC Explicit
08-05 01:21:12.008  6162  6186 I art     : Explicit concurrent mark sweep GC freed 3(96B) AllocSpace objects, 0(0B) LOS objects, 36% free, 27MB/43MB, paused 233us total 42.126ms
08-05 01:21:12.332  6162  6173 I art     : Starting a blocking GC Explicit
08-05 01:21:12.387  6162  6173 I art     : Explicit concurrent mark sweep GC freed 1343(80KB) AllocSpace objects, 1(20KB) LOS objects, 36% free, 27MB/43MB, paused 281us total 55.340ms
08-05 01:21:12.408  6162  6173 I art     : Starting a blocking GC Explicit
08-05 01:21:12.453  6162  6173 I art     : Explicit concurrent mark sweep GC freed 20(704B) AllocSpace objects, 0(0B) LOS objects, 36% free, 27MB/43MB, paused 223us total 44.198ms
08-05 01:21:12.468  6162  6173 I art     : Starting a blocking GC Explicit
08-05 01:21:12.512  6162  6173 I art     : Explicit concurrent mark sweep GC freed 3(96B) AllocSpace objects, 0(0B) LOS objects, 36% free, 27MB/43MB, paused 244us total 43.709ms
08-05 01:21:12.527  6162  6173 I art     : Starting a blocking GC Explicit
08-05 01:21:12.572  6162  6173 I art     : Explicit concurrent mark sweep GC freed 3(96B) AllocSpace objects, 0(0B) LOS objects, 36% free, 27MB/43MB, paused 245us total 44.243ms
08-05 01:21:12.588  6162  6173 I art     : Starting a blocking GC Explicit
08-05 01:21:12.632  6162  6173 I art     : Explicit concurrent mark sweep GC freed 3(96B) AllocSpace objects, 0(0B) LOS objects, 36% free, 27MB/43MB, paused 249us total 44.301ms
08-05 01:21:12.913  6162  6387 I art     : Starting a blocking GC Explicit
08-05 01:21:12.957  6162  6387 I art     : Explicit concurrent mark sweep GC freed 1345(80KB) AllocSpace objects, 1(20KB) LOS objects, 36% free, 27MB/43MB, paused 255us total 43.910ms
08-05 01:21:12.972  6162  6387 I art     : Starting a blocking GC Explicit
08-05 01:21:13.013  6162  6387 I art     : Explicit concurrent mark sweep GC freed 20(704B) AllocSpace objects, 0(0B) LOS objects, 36% free, 27MB/43MB, paused 247us total 40.034ms
08-05 01:21:13.028  6162  6387 I art     : Starting a blocking GC Explicit
08-05 01:21:13.070  6162  6387 I art     : Explicit concurrent mark sweep GC freed 3(96B) AllocSpace objects, 0(0B) LOS objects, 36% free, 27MB/43MB, paused 244us total 41.288ms
08-05 01:21:13.085  6162  6387 I art     : Starting a blocking GC Explicit
08-05 01:21:13.128  6162  6387 I art     : Explicit concurrent mark sweep GC freed 3(96B) AllocSpace objects, 0(0B) LOS objects, 36% free, 27MB/43MB, paused 247us total 42.941ms
08-05 01:21:13.143  6162  6387 I art     : Starting a blocking GC Explicit
08-05 01:21:13.184  6162  6387 I art     : Explicit concurrent mark sweep GC freed 3(96B) AllocSpace objects, 0(0B) LOS objects, 36% free, 27MB/43MB, paused 248us total 41.153ms
08-05 01:21:13.239  7514  7514 D AndroidRuntime: >>>>>> START com.android.internal.os.RuntimeInit uid 2000 <<<<<<
08-05 01:21:13.244  7514  7514 D AndroidRuntime: CheckJNI is OFF
08-05 01:21:13.278  7514  7514 D ICU     : No timezone override file found: /data/misc/zoneinfo/current/icu/icu_tzdata.dat
08-05 01:21:13.313  7514  7514 I Radio-JNI: register_android_hardware_Radio DONE
08-05 01:21:13.337  7514  7514 D AndroidRuntime: Calling main entry com.android.commands.input.Input
08-05 01:21:13.340  7514  7514 I Input   : injectKeyEvent: KeyEvent { action=ACTION_DOWN, keyCode=KEYCODE_BACK, scanCode=0, metaState=0, flags=0x0, repeatCount=0, eventTime=753689753, downTime=753689753, deviceId=-1, source=0x101 }
08-05 01:21:13.349  7514  7514 I Input   : injectKeyEvent: KeyEvent { action=ACTION_UP, keyCode=KEYCODE_BACK, scanCode=0, metaState=0, flags=0x0, repeatCount=0, eventTime=753689753, downTime=753689753, deviceId=-1, source=0x101 }
08-05 01:21:13.356  7514  7514 D AndroidRuntime: Shutting down VM
08-05 01:21:13.388 13866 13866 I GoogleInputMethodServic: GoogleInputMethodService.onFinishInput():3138 
08-05 01:21:13.389 13866 13866 I GoogleInputMethodServic: GoogleInputMethodService.onStartInput():1808 
08-05 01:21:13.447  6162  6186 I art     : Starting a blocking GC Explicit
08-05 01:21:13.483  6162  6186 I art     : Explicit concurrent mark sweep GC freed 1588(88KB) AllocSpace objects, 1(20KB) LOS objects, 36% free, 27MB/43MB, paused 206us total 35.196ms
08-05 01:21:13.497  6162  6186 I art     : Starting a blocking GC Explicit
08-05 01:21:13.535  6162  6186 I art     : Explicit concurrent mark sweep GC freed 24(864B) AllocSpace objects, 0(0B) LOS objects, 36% free, 27MB/43MB, paused 212us total 38.396ms
08-05 01:21:13.540  6162  7441 I RedditChangeDataIO: Writing tmp data file at '/data/user/0/baseline.org.quantumbadger.redreader/files/rr_change_data_tmp.dat'
08-05 01:21:13.541  6162  7441 I RedditChangeDataManager: Taking snapshot...
08-05 01:21:13.541  6162  7441 I RedditChangeDataManager: Writing to stream...
08-05 01:21:13.541  6162  7441 I RedditChangeDataManager: Wrote 3 entries for user ''
08-05 01:21:13.541  6162  7441 I RedditChangeDataManager: All entries written to stream.
08-05 01:21:13.541  6162  7441 I RedditChangeDataIO: Write successful. Atomically replacing data file...
08-05 01:21:13.542  6162  7441 I RedditChangeDataIO: Write complete.
08-05 01:21:13.542  6162  7441 I RedditChangeDataIO: 86 bytes written in 2 ms
08-05 01:21:13.550  6162  6186 I art     : Starting a blocking GC Explicit
08-05 01:21:13.604  6162  6186 I art     : Explicit concurrent mark sweep GC freed 81(4KB) AllocSpace objects, 1(68KB) LOS objects, 36% free, 27MB/43MB, paused 293us total 53.183ms
08-05 01:21:13.622  6162  6186 I art     : Starting a blocking GC Explicit
08-05 01:21:13.676  6162  6186 I art     : Explicit concurrent mark sweep GC freed 6(192B) AllocSpace objects, 0(0B) LOS objects, 36% free, 27MB/43MB, paused 223us total 53.271ms
08-05 01:21:13.693  6162  6186 I art     : Starting a blocking GC Explicit
08-05 01:21:13.714   380   380 W SurfaceFlinger: couldn't log to binary event log: overflow.
08-05 01:21:13.736  6162  6186 I art     : Explicit concurrent mark sweep GC freed 52(1952B) AllocSpace objects, 0(0B) LOS objects, 36% free, 27MB/43MB, paused 219us total 42.089ms
08-05 01:21:14.019  6162  6173 I art     : Starting a blocking GC Explicit
08-05 01:21:14.073  6162  6173 I art     : Explicit concurrent mark sweep GC freed 1350(80KB) AllocSpace objects, 1(20KB) LOS objects, 36% free, 27MB/43MB, paused 342us total 53.335ms
08-05 01:21:14.091  6162  6173 I art     : Starting a blocking GC Explicit
08-05 01:21:14.126  6162  6173 I art     : Explicit concurrent mark sweep GC freed 46775(2MB) AllocSpace objects, 5(140KB) LOS objects, 39% free, 24MB/40MB, paused 240us total 34.820ms
08-05 01:21:14.140  6162  6173 I art     : Starting a blocking GC Explicit
08-05 01:21:14.170  6162  6173 I art     : Explicit concurrent mark sweep GC freed 3(96B) AllocSpace objects, 0(0B) LOS objects, 39% free, 24MB/40MB, paused 237us total 29.934ms
08-05 01:21:14.183  6162  6173 I art     : Starting a blocking GC Explicit
08-05 01:21:14.214  6162  6173 I art     : Explicit concurrent mark sweep GC freed 3(96B) AllocSpace objects, 0(0B) LOS objects, 39% free, 24MB/40MB, paused 245us total 30.244ms
08-05 01:21:14.227  6162  6173 I art     : Starting a blocking GC Explicit
08-05 01:21:14.259  6162  6173 I art     : Explicit concurrent mark sweep GC freed 3(96B) AllocSpace objects, 0(0B) LOS objects, 39% free, 24MB/40MB, paused 241us total 31.468ms
08-05 01:21:14.372  4239  7557 W Gcs.WfaEliRefreshTask: [25495] afk.b: NULL eligibility response.
08-05 01:21:14.376 24365 29098 I NetworkScheduler.Stats: Task com.google.android.apps.gcs/ started execution. cause:4 exec_start_elapsed_seconds: 1737078 [CONTEXT service_id=218 ]
08-05 01:21:14.377 24365 29098 I NetworkScheduler.Stats: Task com.google.android.gms/com.google.android.gms.icing.service.IcingGcmTaskService started execution. cause:4 exec_start_elapsed_seconds: 1737078 [CONTEXT service_id=218 ]
08-05 01:21:14.378 24365 29098 I NetworkScheduler.Stats: Task com.google.android.apps.gcs/ finished executing. cause:4 result: 3 elapsed_millis: 8 uptime_millis: 8 exec_start_elapsed_seconds: 1737078 [CONTEXT service_id=218 ]
08-05 01:21:14.387 24365  7398 I NetworkScheduler.Stats: Task com.google.android.gms/com.google.android.gms.icing.service.IcingGcmTaskService finished executing. cause:4 result: 1 elapsed_millis: 41 uptime_millis: 40 exec_start_elapsed_seconds: 1737078 [CONTEXT service_id=218 ]
08-05 01:21:14.532  6162  6175 I art     : Starting a blocking GC Explicit
08-05 01:21:14.574  6162  6175 I art     : Explicit concurrent mark sweep GC freed 1343(80KB) AllocSpace objects, 1(20KB) LOS objects, 39% free, 24MB/40MB, paused 251us total 42.370ms
08-05 01:21:14.587  6162  6175 I art     : Starting a blocking GC Explicit
08-05 01:21:14.613  6162  6175 I art     : Explicit concurrent mark sweep GC freed 20(704B) AllocSpace objects, 0(0B) LOS objects, 39% free, 24MB/40MB, paused 236us total 25.720ms
08-05 01:21:14.626  6162  6175 I art     : Starting a blocking GC Explicit
08-05 01:21:14.653  6162  6175 I art     : Explicit concurrent mark sweep GC freed 3(96B) AllocSpace objects, 0(0B) LOS objects, 39% free, 24MB/40MB, paused 232us total 26.780ms
08-05 01:21:14.665  6162  6175 I art     : Starting a blocking GC Explicit
08-05 01:21:14.694  6162  6175 I art     : Explicit concurrent mark sweep GC freed 3(96B) AllocSpace objects, 0(0B) LOS objects, 39% free, 24MB/40MB, paused 262us total 29.277ms
08-05 01:21:14.708  6162  6175 I art     : Starting a blocking GC Explicit
08-05 01:21:14.737  6162  6175 I art     : Explicit concurrent mark sweep GC freed 3(96B) AllocSpace objects, 0(0B) LOS objects, 39% free, 24MB/40MB, paused 234us total 28.902ms
08-05 01:21:14.999  7568  7568 D AndroidRuntime: >>>>>> START com.android.internal.os.RuntimeInit uid 2000 <<<<<<
08-05 01:21:15.005  7568  7568 D AndroidRuntime: CheckJNI is OFF
08-05 01:21:15.011  6162  6387 I art     : Starting a blocking GC Explicit
08-05 01:21:15.041  7568  7568 D ICU     : No timezone override file found: /data/misc/zoneinfo/current/icu/icu_tzdata.dat
08-05 01:21:15.043  6162  6387 I art     : Explicit concurrent mark sweep GC freed 1343(80KB) AllocSpace objects, 1(20KB) LOS objects, 39% free, 24MB/40MB, paused 268us total 31.202ms
08-05 01:21:15.057  6162  6387 I art     : Starting a blocking GC Explicit
08-05 01:21:15.075  7568  7568 I Radio-JNI: register_android_hardware_Radio DONE
08-05 01:21:15.085  6162  6387 I art     : Explicit concurrent mark sweep GC freed 20(704B) AllocSpace objects, 0(0B) LOS objects, 39% free, 24MB/40MB, paused 236us total 28.293ms
08-05 01:21:15.097  7568  7568 D AndroidRuntime: Calling main entry com.android.commands.input.Input
08-05 01:21:15.098  6162  6387 I art     : Starting a blocking GC Explicit
08-05 01:21:15.099  7568  7568 I Input   : injectKeyEvent: KeyEvent { action=ACTION_DOWN, keyCode=KEYCODE_BACK, scanCode=0, metaState=0, flags=0x0, repeatCount=0, eventTime=753691513, downTime=753691513, deviceId=-1, source=0x101 }
08-05 01:21:15.105  7568  7568 I Input   : injectKeyEvent: KeyEvent { action=ACTION_UP, keyCode=KEYCODE_BACK, scanCode=0, metaState=0, flags=0x0, repeatCount=0, eventTime=753691513, downTime=753691513, deviceId=-1, source=0x101 }
08-05 01:21:15.111  7568  7568 D AndroidRuntime: Shutting down VM
08-05 01:21:15.127  6162  6387 I art     : Explicit concurrent mark sweep GC freed 106(3KB) AllocSpace objects, 0(0B) LOS objects, 39% free, 24MB/40MB, paused 259us total 28.462ms
08-05 01:21:15.141  6162  6387 I art     : Starting a blocking GC Explicit
08-05 01:21:15.157 13866 13866 I GoogleInputMethodServic: GoogleInputMethodService.onFinishInput():3138 
08-05 01:21:15.158 13866 13866 I GoogleInputMethodServic: GoogleInputMethodService.onStartInput():1808 
08-05 01:21:15.168  6162  6387 I art     : Explicit concurrent mark sweep GC freed 16(736B) AllocSpace objects, 0(0B) LOS objects, 39% free, 24MB/40MB, paused 387us total 26.788ms
08-05 01:21:15.181  6162  6387 I art     : Starting a blocking GC Explicit
08-05 01:21:15.209  6162  6387 I art     : Explicit concurrent mark sweep GC freed 55(1808B) AllocSpace objects, 0(0B) LOS objects, 39% free, 24MB/40MB, paused 280us total 27.746ms
08-05 01:21:15.467  6162  6387 I art     : Starting a blocking GC Explicit
08-05 01:21:15.493  6162  6387 I art     : Explicit concurrent mark sweep GC freed 1416(82KB) AllocSpace objects, 1(20KB) LOS objects, 39% free, 24MB/40MB, paused 215us total 25.469ms
08-05 01:21:15.505  6162  6387 I art     : Starting a blocking GC Explicit
08-05 01:21:15.531  6162  6387 I art     : Explicit concurrent mark sweep GC freed 133(6KB) AllocSpace objects, 0(0B) LOS objects, 39% free, 24MB/40MB, paused 236us total 26.039ms
08-05 01:21:15.543  6162  6387 I art     : Starting a blocking GC Explicit
08-05 01:21:15.570  6162  6387 I art     : Explicit concurrent mark sweep GC freed 23(864B) AllocSpace objects, 0(0B) LOS objects, 39% free, 24MB/40MB, paused 229us total 26.180ms
08-05 01:21:15.582  6162  6387 I art     : Starting a blocking GC Explicit
08-05 01:21:15.608  6162  6387 I art     : Explicit concurrent mark sweep GC freed 3(96B) AllocSpace objects, 0(0B) LOS objects, 39% free, 24MB/40MB, paused 228us total 26ms
08-05 01:21:15.620  6162  6387 I art     : Starting a blocking GC Explicit
08-05 01:21:15.647  6162  6387 I art     : Explicit concurrent mark sweep GC freed 3(96B) AllocSpace objects, 0(0B) LOS objects, 39% free, 24MB/40MB, paused 251us total 26.857ms
08-05 01:21:15.911  6162  6186 I art     : Starting a blocking GC Explicit
08-05 01:21:15.942  6162  6186 I art     : Explicit concurrent mark sweep GC freed 1343(80KB) AllocSpace objects, 1(20KB) LOS objects, 39% free, 24MB/40MB, paused 246us total 30.150ms
08-05 01:21:15.955  6162  6186 I art     : Starting a blocking GC Explicit
08-05 01:21:15.985  6162  6186 I art     : Explicit concurrent mark sweep GC freed 20(704B) AllocSpace objects, 0(0B) LOS objects, 39% free, 24MB/40MB, paused 244us total 29.982ms
08-05 01:21:15.998  6162  6186 I art     : Starting a blocking GC Explicit
08-05 01:21:16.029  6162  6186 I art     : Explicit concurrent mark sweep GC freed 3(96B) AllocSpace objects, 0(0B) LOS objects, 39% free, 24MB/40MB, paused 274us total 30.327ms
08-05 01:21:16.042  6162  6186 I art     : Starting a blocking GC Explicit
08-05 01:21:16.072  6162  6186 I art     : Explicit concurrent mark sweep GC freed 3(96B) AllocSpace objects, 0(0B) LOS objects, 39% free, 24MB/40MB, paused 247us total 30.325ms
08-05 01:21:16.086  6162  6186 I art     : Starting a blocking GC Explicit
08-05 01:21:16.117  6162  6186 I art     : Explicit concurrent mark sweep GC freed 3(96B) AllocSpace objects, 0(0B) LOS objects, 39% free, 24MB/40MB, paused 229us total 30.964ms
08-05 01:21:16.400  6162  6173 I art     : Starting a blocking GC Explicit
08-05 01:21:16.432  6162  6173 I art     : Explicit concurrent mark sweep GC freed 1343(80KB) AllocSpace objects, 1(20KB) LOS objects, 39% free, 24MB/40MB, paused 257us total 31.454ms
08-05 01:21:16.446  6162  6173 I art     : Starting a blocking GC Explicit
08-05 01:21:16.475  6162  6173 I art     : Explicit concurrent mark sweep GC freed 20(704B) AllocSpace objects, 0(0B) LOS objects, 39% free, 24MB/40MB, paused 258us total 29.636ms
08-05 01:21:16.488  6162  6173 I art     : Starting a blocking GC Explicit
08-05 01:21:16.518  6162  6173 I art     : Explicit concurrent mark sweep GC freed 3(96B) AllocSpace objects, 0(0B) LOS objects, 39% free, 24MB/40MB, paused 255us total 29.227ms
08-05 01:21:16.531  6162  6173 I art     : Starting a blocking GC Explicit
08-05 01:21:16.560  6162  6173 I art     : Explicit concurrent mark sweep GC freed 3(96B) AllocSpace objects, 0(0B) LOS objects, 39% free, 24MB/40MB, paused 237us total 28.828ms
08-05 01:21:16.573  6162  6173 I art     : Starting a blocking GC Explicit
08-05 01:21:16.602  6162  6173 I art     : Explicit concurrent mark sweep GC freed 3(96B) AllocSpace objects, 0(0B) LOS objects, 39% free, 24MB/40MB, paused 233us total 29.285ms
08-05 01:21:16.774  7621  7621 D AndroidRuntime: >>>>>> START com.android.internal.os.RuntimeInit uid 2000 <<<<<<
08-05 01:21:16.780  7621  7621 D AndroidRuntime: CheckJNI is OFF
08-05 01:21:16.814  7621  7621 D ICU     : No timezone override file found: /data/misc/zoneinfo/current/icu/icu_tzdata.dat
08-05 01:21:16.846  7621  7621 I Radio-JNI: register_android_hardware_Radio DONE
08-05 01:21:16.869  7621  7621 D AndroidRuntime: Calling main entry com.android.commands.input.Input
08-05 01:21:16.870  7621  7621 I Input   : injectMotionEvent: MotionEvent { action=ACTION_DOWN, actionButton=0, id[0]=0, x[0]=600.0, y[0]=1536.0, toolType[0]=TOOL_TYPE_UNKNOWN, buttonState=0, metaState=0, flags=0x0, edgeFlags=0x0, pointerCount=1, historySize=0, eventTime=753693283, downTime=753693283, deviceId=0, source=0x1002 }
08-05 01:21:16.875  7621  7621 I Input   : injectMotionEvent: MotionEvent { action=ACTION_UP, actionButton=0, id[0]=0, x[0]=600.0, y[0]=1536.0, toolType[0]=TOOL_TYPE_UNKNOWN, buttonState=0, metaState=0, flags=0x0, edgeFlags=0x0, pointerCount=1, historySize=0, eventTime=753693283, downTime=753693283, deviceId=0, source=0x1002 }
08-05 01:21:16.876  7621  7621 D AndroidRuntime: Shutting down VM
08-05 01:21:16.882  6162  6175 I art     : Starting a blocking GC Explicit
08-05 01:21:16.886   512  2967 D audio_hw_primary: out_set_parameters: enter: usecase(1: low-latency-playback) kvpairs: routing=2
08-05 01:21:16.886   918  3714 I ActivityManager: START u0 {dat=https://oauth.reddit.com/... cmp=baseline.org.quantumbadger.redreader/.activities.PostListingActivity} from uid 10689 on display 0
08-05 01:21:16.900   512  2967 D audio_hw_primary: select_devices: out_snd_device(2: speaker) in_snd_device(0: none)
08-05 01:21:16.900   512  2967 D msm8974_platform: platform_send_audio_calibration: sending audio calibration for snd_device(2) acdb_id(15)
08-05 01:21:16.901   512  2967 I soundtrigger: audio_extn_sound_trigger_update_device_status: device 0x2 of type 0 for Event 1
08-05 01:21:16.907  6162  6162 I AppCompatViewInflater: app:theme is now deprecated. Please move to using android:theme instead.
08-05 01:21:16.910   512  2967 D audio_hw_primary: enable_snd_device: snd_device(2: speaker)
08-05 01:21:16.912   512  2967 D audio_hw_primary: enable_audio_route: apply and update mixer path: low-latency-playback speaker
08-05 01:21:16.919  6162  6175 I art     : Explicit concurrent mark sweep GC freed 1790(114KB) AllocSpace objects, 1(20KB) LOS objects, 39% free, 24MB/40MB, paused 463us total 36.678ms
08-05 01:21:16.931  6162  7645 D OK      : calling: https://oauth.reddit.com/r/askscience/about.json
08-05 01:21:16.934  6162  6175 I art     : Starting a blocking GC Explicit
08-05 01:21:16.961  6162  6175 I art     : Explicit concurrent mark sweep GC freed 629(50KB) AllocSpace objects, 0(0B) LOS objects, 39% free, 24MB/40MB, paused 274us total 26.654ms
08-05 01:21:16.973  6162  6175 I art     : Starting a blocking GC Explicit
08-05 01:21:16.992   918   936 I ActivityManager: Displayed baseline.org.quantumbadger.redreader/.activities.PostListingActivity: +99ms
08-05 01:21:16.993 13866 13866 I GoogleInputMethodServic: GoogleInputMethodService.onFinishInput():3138 
08-05 01:21:16.993 13866 13866 I GoogleInputMethodServic: GoogleInputMethodService.onStartInput():1808 
08-05 01:21:17.004  6162  6175 I art     : Explicit concurrent mark sweep GC freed 824(33KB) AllocSpace objects, 0(0B) LOS objects, 39% free, 25MB/41MB, paused 365us total 31.255ms
08-05 01:21:17.019  6162  6175 I art     : Starting a blocking GC Explicit
08-05 01:21:17.048  6162  6175 I art     : Explicit concurrent mark sweep GC freed 125(6KB) AllocSpace objects, 0(0B) LOS objects, 39% free, 25MB/41MB, paused 272us total 28.776ms
08-05 01:21:17.061  6162  6175 I art     : Starting a blocking GC Explicit
08-05 01:21:17.088  6162  6175 I art     : Explicit concurrent mark sweep GC freed 103(7KB) AllocSpace objects, 0(0B) LOS objects, 39% free, 24MB/40MB, paused 322us total 27.254ms
08-05 01:21:17.235   380   380 W SurfaceFlinger: couldn't log to binary event log: overflow.
08-05 01:21:17.295  6162  7645 I NAPPA_EXPERIMENTATION: MetricNetworkRequestExecutionTime: REQUEST_DURATION_SYSTEM='363',REQUEST_DURATION_OKHTTP='153',REQUEST_SYNCHRONOUS='TRUE',RESPONSE_CODE='200',RESPONSE_METHOD='GET',RESPONSE_LENGTH_OKHTTP='-1',RESPONSE_LENGTH_HEADER='4700',REQUEST_PROTOCOL='h2',REQUEST_URL='https://oauth.reddit.com/r/askscience/about.json',
08-05 01:21:17.295  6162  7645 D OK      : request got status: 200
08-05 01:21:17.331  6162  6186 I art     : Starting a blocking GC Explicit
08-05 01:21:17.363  6162  6186 I art     : Explicit concurrent mark sweep GC freed 4631(317KB) AllocSpace objects, 3(108KB) LOS objects, 38% free, 25MB/41MB, paused 295us total 31.748ms
08-05 01:21:17.375  6162  6186 I art     : Starting a blocking GC Explicit
08-05 01:21:17.407  6162  6186 I art     : Explicit concurrent mark sweep GC freed 662(46KB) AllocSpace objects, 1(68KB) LOS objects, 38% free, 25MB/41MB, paused 300us total 31.253ms
08-05 01:21:17.421  6162  6186 I art     : Starting a blocking GC Explicit
08-05 01:21:17.449  6162  6186 I art     : Explicit concurrent mark sweep GC freed 8(272B) AllocSpace objects, 0(0B) LOS objects, 38% free, 25MB/41MB, paused 271us total 28.593ms
08-05 01:21:17.450   512  2967 D audio_hw_primary: disable_audio_route: reset and update mixer path: low-latency-playback speaker
08-05 01:21:17.452   512  2967 D audio_hw_primary: disable_snd_device: snd_device(2: speaker)
08-05 01:21:17.461   512  2967 I soundtrigger: audio_extn_sound_trigger_update_device_status: device 0x2 of type 0 for Event 0
08-05 01:21:17.462  6162  6186 I art     : Starting a blocking GC Explicit
08-05 01:21:17.490  6162  6186 I art     : Explicit concurrent mark sweep GC freed 3(96B) AllocSpace objects, 0(0B) LOS objects, 38% free, 25MB/41MB, paused 275us total 27.906ms
08-05 01:21:17.503  6162  6186 I art     : Starting a blocking GC Explicit
08-05 01:21:17.532  6162  6186 I art     : Explicit concurrent mark sweep GC freed 3(96B) AllocSpace objects, 0(0B) LOS objects, 38% free, 25MB/41MB, paused 287us total 29.742ms
08-05 01:21:17.687   918  3261 D WifiStateMachine: starting scan for "H369AA63323"WPA_PSK with 2412,5180
08-05 01:21:17.812  6162  6387 I art     : Starting a blocking GC Explicit
08-05 01:21:17.843  6162  6387 I art     : Explicit concurrent mark sweep GC freed 1402(82KB) AllocSpace objects, 1(20KB) LOS objects, 38% free, 25MB/41MB, paused 290us total 31.007ms
08-05 01:21:17.857  6162  6387 I art     : Starting a blocking GC Explicit
08-05 01:21:17.888  6162  6387 I art     : Explicit concurrent mark sweep GC freed 20(704B) AllocSpace objects, 0(0B) LOS objects, 38% free, 25MB/41MB, paused 261us total 30.789ms
08-05 01:21:17.901  6162  6387 I art     : Starting a blocking GC Explicit
08-05 01:21:17.932  6162  6387 I art     : Explicit concurrent mark sweep GC freed 3(96B) AllocSpace objects, 0(0B) LOS objects, 38% free, 25MB/41MB, paused 287us total 30.896ms
08-05 01:21:17.945  6162  6387 I art     : Starting a blocking GC Explicit
08-05 01:21:17.974  6162  6387 I art     : Explicit concurrent mark sweep GC freed 3(96B) AllocSpace objects, 0(0B) LOS objects, 38% free, 25MB/41MB, paused 276us total 29.088ms
08-05 01:21:17.987  6162  6387 I art     : Starting a blocking GC Explicit
08-05 01:21:18.018  6162  6387 I art     : Explicit concurrent mark sweep GC freed 3(96B) AllocSpace objects, 0(0B) LOS objects, 38% free, 25MB/41MB, paused 391us total 30.911ms
08-05 01:21:18.132  6162  7669 D OK      : calling: https://oauth.reddit.com/r/askscience/hot/.json
08-05 01:21:18.297  6162  6186 I art     : Starting a blocking GC Explicit
08-05 01:21:18.302  6162  7669 I NAPPA_EXPERIMENTATION: MetricNetworkRequestExecutionTime: REQUEST_DURATION_SYSTEM='170',REQUEST_DURATION_OKHTTP='166',REQUEST_SYNCHRONOUS='TRUE',RESPONSE_CODE='200',RESPONSE_METHOD='GET',RESPONSE_LENGTH_OKHTTP='-1',RESPONSE_LENGTH_HEADER='21282',REQUEST_PROTOCOL='h2',REQUEST_URL='https://oauth.reddit.com/r/askscience/hot/.json',
08-05 01:21:18.302  6162  7669 D OK      : request got status: 200
08-05 01:21:18.327  6162  6730 I PostListingFragment: Precaching images: OFF
08-05 01:21:18.327  6162  6730 I PostListingFragment: Precaching comments: OFF
08-05 01:21:18.330  6162  6186 I art     : Explicit concurrent mark sweep GC freed 1882(149KB) AllocSpace objects, 1(20KB) LOS objects, 38% free, 25MB/41MB, paused 480us total 32.639ms
08-05 01:21:18.344  6162  6186 I art     : Starting a blocking GC Explicit
08-05 01:21:18.375  6162  6186 I art     : Explicit concurrent mark sweep GC freed 2036(147KB) AllocSpace objects, 0(0B) LOS objects, 38% free, 25MB/41MB, paused 538us total 30.956ms
08-05 01:21:18.388  6162  6186 I art     : Starting a blocking GC Explicit
08-05 01:21:18.421  6162  6186 I art     : Explicit concurrent mark sweep GC freed 3967(170KB) AllocSpace objects, 1(68KB) LOS objects, 38% free, 25MB/41MB, paused 392us total 33.419ms
08-05 01:21:18.434  6162  6186 I art     : Starting a blocking GC Explicit
08-05 01:21:18.467  6162  6186 I art     : Explicit concurrent mark sweep GC freed 3123(173KB) AllocSpace objects, 1(68KB) LOS objects, 38% free, 25MB/41MB, paused 379us total 32.205ms
08-05 01:21:18.480  6162  6186 I art     : Starting a blocking GC Explicit
08-05 01:21:18.512  6162  6186 I art     : Explicit concurrent mark sweep GC freed 3393(125KB) AllocSpace objects, 0(0B) LOS objects, 38% free, 25MB/41MB, paused 353us total 31.750ms
08-05 01:21:18.512  6162  6172 I art     : WaitForGcToComplete blocked for 28.959ms for cause HeapTrim
08-05 01:21:18.800  6162  6175 I art     : Starting a blocking GC Explicit
08-05 01:21:18.843  6162  6175 I art     : Explicit concurrent mark sweep GC freed 21746(959KB) AllocSpace objects, 1(20KB) LOS objects, 38% free, 25MB/41MB, paused 272us total 42.644ms
08-05 01:21:18.858  6162  6175 I art     : Starting a blocking GC Explicit
08-05 01:21:18.888  6162  6175 I art     : Explicit concurrent mark sweep GC freed 992(44KB) AllocSpace objects, 0(0B) LOS objects, 38% free, 25MB/41MB, paused 307us total 29.721ms
08-05 01:21:18.901  6162  6175 I art     : Starting a blocking GC Explicit
08-05 01:21:18.934  6162  6175 I art     : Explicit concurrent mark sweep GC freed 56(2080B) AllocSpace objects, 0(0B) LOS objects, 38% free, 25MB/41MB, paused 282us total 33.039ms
08-05 01:21:18.949  6162  6175 I art     : Starting a blocking GC Explicit
08-05 01:21:18.981  6162  6175 I art     : Explicit concurrent mark sweep GC freed 25(1024B) AllocSpace objects, 0(0B) LOS objects, 38% free, 25MB/41MB, paused 260us total 31.323ms
08-05 01:21:18.994  6162  6175 I art     : Starting a blocking GC Explicit
08-05 01:21:19.023  6162  6175 I art     : Explicit concurrent mark sweep GC freed 3(96B) AllocSpace objects, 0(0B) LOS objects, 38% free, 25MB/41MB, paused 275us total 29.097ms
08-05 01:21:19.349  6162  6175 I art     : Starting a blocking GC Explicit
08-05 01:21:19.393  6162  6175 I art     : Explicit concurrent mark sweep GC freed 1515(87KB) AllocSpace objects, 1(20KB) LOS objects, 38% free, 25MB/41MB, paused 410us total 43.196ms
08-05 01:21:19.407  6162  6175 I art     : Starting a blocking GC Explicit
08-05 01:21:19.442  6162  6175 I art     : Explicit concurrent mark sweep GC freed 20(704B) AllocSpace objects, 0(0B) LOS objects, 38% free, 25MB/41MB, paused 290us total 34.151ms
08-05 01:21:19.456  6162  6175 I art     : Starting a blocking GC Explicit
08-05 01:21:19.490  6162  6175 I art     : Explicit concurrent mark sweep GC freed 3(96B) AllocSpace objects, 0(0B) LOS objects, 38% free, 25MB/41MB, paused 281us total 34.019ms
08-05 01:21:19.505  6162  6175 I art     : Starting a blocking GC Explicit
08-05 01:21:19.539  6162  6175 I art     : Explicit concurrent mark sweep GC freed 3(96B) AllocSpace objects, 0(0B) LOS objects, 38% free, 25MB/41MB, paused 285us total 33.885ms
08-05 01:21:19.553  6162  6175 I art     : Starting a blocking GC Explicit
08-05 01:21:19.586  6162  6175 I art     : Explicit concurrent mark sweep GC freed 3(96B) AllocSpace objects, 0(0B) LOS objects, 38% free, 25MB/41MB, paused 285us total 33.418ms
08-05 01:21:19.936  6162  6186 I art     : Starting a blocking GC Explicit
08-05 01:21:19.980  6162  6186 I art     : Explicit concurrent mark sweep GC freed 1344(80KB) AllocSpace objects, 1(20KB) LOS objects, 38% free, 25MB/41MB, paused 323us total 44.168ms
08-05 01:21:19.995  6162  6186 I art     : Starting a blocking GC Explicit
08-05 01:21:20.030  6162  6186 I art     : Explicit concurrent mark sweep GC freed 20(704B) AllocSpace objects, 0(0B) LOS objects, 38% free, 25MB/41MB, paused 286us total 34.060ms
08-05 01:21:20.044  6162  6186 I art     : Starting a blocking GC Explicit
08-05 01:21:20.078  6162  6186 I art     : Explicit concurrent mark sweep GC freed 3(96B) AllocSpace objects, 0(0B) LOS objects, 38% free, 25MB/41MB, paused 280us total 34.234ms
08-05 01:21:20.092  6162  6186 I art     : Starting a blocking GC Explicit
08-05 01:21:20.127  6162  6186 I art     : Explicit concurrent mark sweep GC freed 3(96B) AllocSpace objects, 0(0B) LOS objects, 38% free, 25MB/41MB, paused 431us total 34.351ms
08-05 01:21:20.141  6162  6186 I art     : Starting a blocking GC Explicit
08-05 01:21:20.175  6162  6186 I art     : Explicit concurrent mark sweep GC freed 3(96B) AllocSpace objects, 0(0B) LOS objects, 38% free, 25MB/41MB, paused 277us total 33.977ms
08-05 01:21:20.517  6162  6173 I art     : Starting a blocking GC Explicit
08-05 01:21:20.562  6162  6173 I art     : Explicit concurrent mark sweep GC freed 1344(80KB) AllocSpace objects, 1(20KB) LOS objects, 38% free, 25MB/41MB, paused 469us total 44.113ms
08-05 01:21:20.579  6162  6173 I art     : Starting a blocking GC Explicit
08-05 01:21:20.613  6162  6173 I art     : Explicit concurrent mark sweep GC freed 20(704B) AllocSpace objects, 0(0B) LOS objects, 38% free, 25MB/41MB, paused 284us total 34.083ms
08-05 01:21:20.627  6162  6173 I art     : Starting a blocking GC Explicit
08-05 01:21:20.661  6162  6173 I art     : Explicit concurrent mark sweep GC freed 3(96B) AllocSpace objects, 0(0B) LOS objects, 38% free, 25MB/41MB, paused 278us total 33.850ms
08-05 01:21:20.675  6162  6173 I art     : Starting a blocking GC Explicit
08-05 01:21:20.710  6162  6173 I art     : Explicit concurrent mark sweep GC freed 3(96B) AllocSpace objects, 0(0B) LOS objects, 38% free, 25MB/41MB, paused 283us total 34.553ms
08-05 01:21:20.724  6162  6173 I art     : Starting a blocking GC Explicit
08-05 01:21:20.758  6162  6173 I art     : Explicit concurrent mark sweep GC freed 3(96B) AllocSpace objects, 0(0B) LOS objects, 38% free, 25MB/41MB, paused 285us total 33.926ms
08-05 01:21:21.082  6162  6387 I art     : Starting a blocking GC Explicit
08-05 01:21:21.130  6162  6387 I art     : Explicit concurrent mark sweep GC freed 1343(80KB) AllocSpace objects, 1(20KB) LOS objects, 38% free, 25MB/41MB, paused 305us total 48.201ms
08-05 01:21:21.149  6162  6387 I art     : Starting a blocking GC Explicit
08-05 01:21:21.182  6162  6387 I art     : Explicit concurrent mark sweep GC freed 20(704B) AllocSpace objects, 0(0B) LOS objects, 38% free, 25MB/41MB, paused 286us total 32.692ms
08-05 01:21:21.196  6162  6387 I art     : Starting a blocking GC Explicit
08-05 01:21:21.230  6162  6387 I art     : Explicit concurrent mark sweep GC freed 3(96B) AllocSpace objects, 0(0B) LOS objects, 38% free, 25MB/41MB, paused 277us total 33.306ms
08-05 01:21:21.243  6162  6387 I art     : Starting a blocking GC Explicit
08-05 01:21:21.277  6162  6387 I art     : Explicit concurrent mark sweep GC freed 3(96B) AllocSpace objects, 0(0B) LOS objects, 38% free, 25MB/41MB, paused 286us total 33.213ms
08-05 01:21:21.290  6162  6387 I art     : Starting a blocking GC Explicit
08-05 01:21:21.324  6162  6387 I art     : Explicit concurrent mark sweep GC freed 3(96B) AllocSpace objects, 0(0B) LOS objects, 38% free, 25MB/41MB, paused 284us total 33.005ms
08-05 01:21:21.630  6162  6175 I art     : Starting a blocking GC Explicit
08-05 01:21:21.677  6162  6175 I art     : Explicit concurrent mark sweep GC freed 1347(80KB) AllocSpace objects, 1(20KB) LOS objects, 38% free, 25MB/41MB, paused 330us total 46.534ms
08-05 01:21:21.694  6162  6175 I art     : Starting a blocking GC Explicit
08-05 01:21:21.728  6162  6175 I art     : Explicit concurrent mark sweep GC freed 20(704B) AllocSpace objects, 0(0B) LOS objects, 38% free, 25MB/41MB, paused 291us total 33.850ms
08-05 01:21:21.742  6162  6175 I art     : Starting a blocking GC Explicit
08-05 01:21:21.777  6162  6175 I art     : Explicit concurrent mark sweep GC freed 3(96B) AllocSpace objects, 0(0B) LOS objects, 38% free, 25MB/41MB, paused 283us total 34.003ms
08-05 01:21:21.790  6162  6175 I art     : Starting a blocking GC Explicit
08-05 01:21:21.824  6162  6175 I art     : Explicit concurrent mark sweep GC freed 3(96B) AllocSpace objects, 0(0B) LOS objects, 38% free, 25MB/41MB, paused 268us total 33.567ms
08-05 01:21:21.838  6162  6175 I art     : Starting a blocking GC Explicit
08-05 01:21:21.871  6162  6175 I art     : Explicit concurrent mark sweep GC freed 3(96B) AllocSpace objects, 0(0B) LOS objects, 38% free, 25MB/41MB, paused 286us total 33.099ms
08-05 01:21:22.196  6162  6186 I art     : Starting a blocking GC Explicit
08-05 01:21:22.237  6162  6186 I art     : Explicit concurrent mark sweep GC freed 1344(80KB) AllocSpace objects, 1(20KB) LOS objects, 38% free, 25MB/41MB, paused 288us total 40.677ms
08-05 01:21:22.250  6162  6186 I art     : Starting a blocking GC Explicit
08-05 01:21:22.283  6162  6186 I art     : Explicit concurrent mark sweep GC freed 20(704B) AllocSpace objects, 0(0B) LOS objects, 38% free, 25MB/41MB, paused 273us total 32.545ms
08-05 01:21:22.296  6162  6186 I art     : Starting a blocking GC Explicit
08-05 01:21:22.328  6162  6186 I art     : Explicit concurrent mark sweep GC freed 3(96B) AllocSpace objects, 0(0B) LOS objects, 38% free, 25MB/41MB, paused 294us total 31.547ms
08-05 01:21:22.341  6162  6186 I art     : Starting a blocking GC Explicit
08-05 01:21:22.373  6162  6186 I art     : Explicit concurrent mark sweep GC freed 3(96B) AllocSpace objects, 0(0B) LOS objects, 38% free, 25MB/41MB, paused 275us total 31.501ms
08-05 01:21:22.386  6162  6186 I art     : Starting a blocking GC Explicit
08-05 01:21:22.418  6162  6186 I art     : Explicit concurrent mark sweep GC freed 3(96B) AllocSpace objects, 0(0B) LOS objects, 38% free, 25MB/41MB, paused 290us total 31.621ms
08-05 01:21:22.555  7757  7757 D AndroidRuntime: >>>>>> START com.android.internal.os.RuntimeInit uid 2000 <<<<<<
08-05 01:21:22.564  7757  7757 D AndroidRuntime: CheckJNI is OFF
08-05 01:21:22.597  7757  7757 D ICU     : No timezone override file found: /data/misc/zoneinfo/current/icu/icu_tzdata.dat
08-05 01:21:22.629  7757  7757 I Radio-JNI: register_android_hardware_Radio DONE
08-05 01:21:22.651  7757  7757 D AndroidRuntime: Calling main entry com.android.commands.input.Input
08-05 01:21:22.653  7757  7757 I Input   : injectMotionEvent: MotionEvent { action=ACTION_DOWN, actionButton=0, id[0]=0, x[0]=600.0, y[0]=700.0, toolType[0]=TOOL_TYPE_UNKNOWN, buttonState=0, metaState=0, flags=0x0, edgeFlags=0x0, pointerCount=1, historySize=0, eventTime=753699066, downTime=753699066, deviceId=0, source=0x1002 }
08-05 01:21:22.658  7757  7757 I Input   : injectMotionEvent: MotionEvent { action=ACTION_UP, actionButton=0, id[0]=0, x[0]=600.0, y[0]=700.0, toolType[0]=TOOL_TYPE_UNKNOWN, buttonState=0, metaState=0, flags=0x0, edgeFlags=0x0, pointerCount=1, historySize=0, eventTime=753699066, downTime=753699066, deviceId=0, source=0x1002 }
08-05 01:21:22.668  7757  7757 D AndroidRuntime: Shutting down VM
08-05 01:21:22.679   512  2967 D audio_hw_primary: out_set_parameters: enter: usecase(1: low-latency-playback) kvpairs: routing=2
08-05 01:21:22.680   918  3359 I ActivityManager: START u0 {dat=https://oauth.reddit.com/... cmp=baseline.org.quantumbadger.redreader/.activities.CommentListingActivity} from uid 10689 on display 0
08-05 01:21:22.693   512  2967 D audio_hw_primary: select_devices: out_snd_device(2: speaker) in_snd_device(0: none)
08-05 01:21:22.693   512  2967 D msm8974_platform: platform_send_audio_calibration: sending audio calibration for snd_device(2) acdb_id(15)
08-05 01:21:22.693   512  2967 I soundtrigger: audio_extn_sound_trigger_update_device_status: device 0x2 of type 0 for Event 1
08-05 01:21:22.700  6162  6162 I AppCompatViewInflater: app:theme is now deprecated. Please move to using android:theme instead.
08-05 01:21:22.702   512  2967 D audio_hw_primary: enable_snd_device: snd_device(2: speaker)
08-05 01:21:22.705   512  2967 D audio_hw_primary: enable_audio_route: apply and update mixer path: low-latency-playback speaker
08-05 01:21:22.716  6162  6387 I art     : Starting a blocking GC Explicit
08-05 01:21:22.717  6162  6730 I CommentListingActivity: COMMENTS session changed to cb75e476-fed7-42f1-b19a-92116bdd31c5
08-05 01:21:22.750  6162  6387 I art     : Explicit concurrent mark sweep GC freed 5965(439KB) AllocSpace objects, 2(40KB) LOS objects, 37% free, 26MB/42MB, paused 884us total 33.999ms
08-05 01:21:22.768  6162  6387 I art     : Starting a blocking GC Explicit
08-05 01:21:22.802   918   936 I ActivityManager: Displayed baseline.org.quantumbadger.redreader/.activities.CommentListingActivity: +114ms
08-05 01:21:22.802 13866 13866 I GoogleInputMethodServic: GoogleInputMethodService.onFinishInput():3138 
08-05 01:21:22.802 13866 13866 I GoogleInputMethodServic: GoogleInputMethodService.onStartInput():1808 
08-05 01:21:22.808  6162  6387 I art     : Explicit concurrent mark sweep GC freed 12324(830KB) AllocSpace objects, 1(16KB) LOS objects, 36% free, 27MB/43MB, paused 803us total 39.807ms
08-05 01:21:22.822  6162  6387 I art     : Starting a blocking GC Explicit
08-05 01:21:22.887  6162  6387 I art     : Explicit concurrent mark sweep GC freed 15090(1027KB) AllocSpace objects, 0(0B) LOS objects, 35% free, 29MB/45MB, paused 1.170ms total 64.762ms
08-05 01:21:22.905  6162  6387 I art     : Starting a blocking GC Explicit
08-05 01:21:22.951  6162  6387 I art     : Explicit concurrent mark sweep GC freed 11626(772KB) AllocSpace objects, 1(16KB) LOS objects, 35% free, 29MB/45MB, paused 416us total 45.650ms
08-05 01:21:22.967  6162  6387 I art     : Starting a blocking GC Explicit
08-05 01:21:23.015  6162  6387 I art     : Explicit concurrent mark sweep GC freed 20575(948KB) AllocSpace objects, 0(0B) LOS objects, 36% free, 28MB/44MB, paused 326us total 48.069ms
08-05 01:21:23.058   380   380 W SurfaceFlinger: couldn't log to binary event log: overflow.
08-05 01:21:23.248   512  2967 D audio_hw_primary: disable_audio_route: reset and update mixer path: low-latency-playback speaker
08-05 01:21:23.249   512  2967 D audio_hw_primary: disable_snd_device: snd_device(2: speaker)
08-05 01:21:23.257   512  2967 I soundtrigger: audio_extn_sound_trigger_update_device_status: device 0x2 of type 0 for Event 0
08-05 01:21:23.300  6162  6175 I art     : Starting a blocking GC Explicit
08-05 01:21:23.346  6162  6175 I art     : Explicit concurrent mark sweep GC freed 1439(83KB) AllocSpace objects, 1(20KB) LOS objects, 36% free, 28MB/44MB, paused 317us total 46.439ms
08-05 01:21:23.363  6162  7681 I RedditChangeDataIO: Writing tmp data file at '/data/user/0/baseline.org.quantumbadger.redreader/files/rr_change_data_tmp.dat'
08-05 01:21:23.363  6162  7681 I RedditChangeDataManager: Taking snapshot...
08-05 01:21:23.363  6162  7681 I RedditChangeDataManager: Writing to stream...
08-05 01:21:23.363  6162  7681 I RedditChangeDataManager: Wrote 3 entries for user ''
08-05 01:21:23.363  6162  7681 I RedditChangeDataManager: All entries written to stream.
08-05 01:21:23.363  6162  6175 I art     : Starting a blocking GC Explicit
08-05 01:21:23.363  6162  7681 I RedditChangeDataIO: Write successful. Atomically replacing data file...
08-05 01:21:23.364  6162  7681 I RedditChangeDataIO: Write complete.
08-05 01:21:23.364  6162  7681 I RedditChangeDataIO: 86 bytes written in 2 ms
08-05 01:21:23.405  6162  6175 I art     : Explicit concurrent mark sweep GC freed 118(6KB) AllocSpace objects, 1(68KB) LOS objects, 36% free, 28MB/44MB, paused 244us total 41.976ms
08-05 01:21:23.421  6162  6175 I art     : Starting a blocking GC Explicit
08-05 01:21:23.421  1652  1652 I ServiceManager: Waiting for service AtCmdFwd...
08-05 01:21:23.465  6162  6175 I art     : Explicit concurrent mark sweep GC freed 242(39KB) AllocSpace objects, 0(0B) LOS objects, 36% free, 28MB/44MB, paused 224us total 43.481ms
08-05 01:21:23.480  6162  6175 I art     : Starting a blocking GC Explicit
08-05 01:21:23.525  6162  6175 I art     : Explicit concurrent mark sweep GC freed 71(2368B) AllocSpace objects, 0(0B) LOS objects, 36% free, 28MB/44MB, paused 223us total 43.823ms
08-05 01:21:23.540  6162  6175 I art     : Starting a blocking GC Explicit
08-05 01:21:23.583  6162  6175 I art     : Explicit concurrent mark sweep GC freed 3(96B) AllocSpace objects, 0(0B) LOS objects, 36% free, 28MB/44MB, paused 221us total 43.036ms
08-05 01:21:23.864  6162  6173 I art     : Starting a blocking GC Explicit
08-05 01:21:23.918  6162  6173 I art     : Explicit concurrent mark sweep GC freed 1343(80KB) AllocSpace objects, 1(20KB) LOS objects, 36% free, 28MB/44MB, paused 308us total 53.651ms
08-05 01:21:23.936  6162  6173 I art     : Starting a blocking GC Explicit
08-05 01:21:23.983  6162  6173 I art     : Explicit concurrent mark sweep GC freed 66(2528B) AllocSpace objects, 0(0B) LOS objects, 36% free, 28MB/44MB, paused 260us total 47.464ms
08-05 01:21:23.999  6162  6173 I art     : Starting a blocking GC Explicit
08-05 01:21:24.046  6162  6173 I art     : Explicit concurrent mark sweep GC freed 3(96B) AllocSpace objects, 0(0B) LOS objects, 36% free, 28MB/44MB, paused 244us total 46.416ms
08-05 01:21:24.061  6162  6173 I art     : Starting a blocking GC Explicit
08-05 01:21:24.109  6162  6173 I art     : Explicit concurrent mark sweep GC freed 3(96B) AllocSpace objects, 0(0B) LOS objects, 36% free, 28MB/44MB, paused 278us total 47.936ms
08-05 01:21:24.132  6162  6173 I art     : Starting a blocking GC Explicit
08-05 01:21:24.177  6162  6173 I art     : Explicit concurrent mark sweep GC freed 3(96B) AllocSpace objects, 0(0B) LOS objects, 36% free, 28MB/44MB, paused 276us total 44.803ms
08-05 01:21:24.421  1652  1652 I ServiceManager: Waiting for service AtCmdFwd...
08-05 01:21:24.462  6162  6175 I art     : Starting a blocking GC Explicit
08-05 01:21:24.521  6162  6175 I art     : Explicit concurrent mark sweep GC freed 1343(80KB) AllocSpace objects, 1(20KB) LOS objects, 36% free, 28MB/44MB, paused 367us total 58.955ms
08-05 01:21:24.540  6162  6175 I art     : Starting a blocking GC Explicit
08-05 01:21:24.588  6162  6175 I art     : Explicit concurrent mark sweep GC freed 20(704B) AllocSpace objects, 0(0B) LOS objects, 36% free, 28MB/44MB, paused 262us total 47.564ms
08-05 01:21:24.604  6162  6175 I art     : Starting a blocking GC Explicit
08-05 01:21:24.652  6162  6175 I art     : Explicit concurrent mark sweep GC freed 3(96B) AllocSpace objects, 0(0B) LOS objects, 36% free, 28MB/44MB, paused 247us total 47.622ms
08-05 01:21:24.668  6162  6175 I art     : Starting a blocking GC Explicit
08-05 01:21:24.714  6162  6175 I art     : Explicit concurrent mark sweep GC freed 3(96B) AllocSpace objects, 0(0B) LOS objects, 36% free, 28MB/44MB, paused 257us total 46.063ms
08-05 01:21:24.730  6162  6175 I art     : Starting a blocking GC Explicit
08-05 01:21:24.777  6162  6175 I art     : Explicit concurrent mark sweep GC freed 3(96B) AllocSpace objects, 0(0B) LOS objects, 36% free, 28MB/44MB, paused 331us total 47.191ms
08-05 01:21:25.101  6162  6387 I art     : Starting a blocking GC Explicit
08-05 01:21:25.162  6162  6387 I art     : Explicit concurrent mark sweep GC freed 1343(80KB) AllocSpace objects, 1(20KB) LOS objects, 36% free, 28MB/44MB, paused 288us total 60.176ms
08-05 01:21:25.182  6162  6387 I art     : Starting a blocking GC Explicit
08-05 01:21:25.227  6162  6387 I art     : Explicit concurrent mark sweep GC freed 20(704B) AllocSpace objects, 0(0B) LOS objects, 36% free, 28MB/44MB, paused 256us total 44.708ms
08-05 01:21:25.242  6162  6387 I art     : Starting a blocking GC Explicit
08-05 01:21:25.289  6162  6387 I art     : Explicit concurrent mark sweep GC freed 3(96B) AllocSpace objects, 0(0B) LOS objects, 36% free, 28MB/44MB, paused 247us total 46.854ms
08-05 01:21:25.305  6162  6387 I art     : Starting a blocking GC Explicit
08-05 01:21:25.352  6162  6387 I art     : Explicit concurrent mark sweep GC freed 3(96B) AllocSpace objects, 0(0B) LOS objects, 36% free, 28MB/44MB, paused 257us total 47.080ms
08-05 01:21:25.368  6162  6387 I art     : Starting a blocking GC Explicit
08-05 01:21:25.415  6162  6387 I art     : Explicit concurrent mark sweep GC freed 3(96B) AllocSpace objects, 0(0B) LOS objects, 36% free, 28MB/44MB, paused 267us total 47.111ms
08-05 01:21:25.422  1652  1652 I ServiceManager: Waiting for service AtCmdFwd...
08-05 01:21:25.735  6162  6186 I art     : Starting a blocking GC Explicit
08-05 01:21:25.794  6162  6186 I art     : Explicit concurrent mark sweep GC freed 1343(80KB) AllocSpace objects, 1(20KB) LOS objects, 36% free, 28MB/44MB, paused 276us total 58.938ms
08-05 01:21:25.814  6162  6186 I art     : Starting a blocking GC Explicit
08-05 01:21:25.860  6162  6186 I art     : Explicit concurrent mark sweep GC freed 20(704B) AllocSpace objects, 0(0B) LOS objects, 36% free, 28MB/44MB, paused 281us total 45.879ms
08-05 01:21:25.876  6162  6186 I art     : Starting a blocking GC Explicit
08-05 01:21:25.924  6162  6186 I art     : Explicit concurrent mark sweep GC freed 3(96B) AllocSpace objects, 0(0B) LOS objects, 36% free, 28MB/44MB, paused 253us total 47.648ms
08-05 01:21:25.940  6162  6186 I art     : Starting a blocking GC Explicit
08-05 01:21:25.985  6162  6186 I art     : Explicit concurrent mark sweep GC freed 3(96B) AllocSpace objects, 0(0B) LOS objects, 36% free, 28MB/44MB, paused 256us total 45.627ms
08-05 01:21:26.001  6162  6186 I art     : Starting a blocking GC Explicit
08-05 01:21:26.049  6162  6186 I art     : Explicit concurrent mark sweep GC freed 3(96B) AllocSpace objects, 0(0B) LOS objects, 36% free, 28MB/44MB, paused 250us total 47.459ms
08-05 01:21:26.362  6162  6173 I art     : Starting a blocking GC Explicit
08-05 01:21:26.420  6162  6173 I art     : Explicit concurrent mark sweep GC freed 1343(80KB) AllocSpace objects, 1(20KB) LOS objects, 36% free, 28MB/44MB, paused 266us total 58.265ms
08-05 01:21:26.424  1652  1652 I ServiceManager: Waiting for service AtCmdFwd...
08-05 01:21:26.441  6162  6173 I art     : Starting a blocking GC Explicit
08-05 01:21:26.486  6162  6173 I art     : Explicit concurrent mark sweep GC freed 20(704B) AllocSpace objects, 0(0B) LOS objects, 36% free, 28MB/44MB, paused 254us total 45.625ms
08-05 01:21:26.502  6162  6173 I art     : Starting a blocking GC Explicit
08-05 01:21:26.550  6162  6173 I art     : Explicit concurrent mark sweep GC freed 3(96B) AllocSpace objects, 0(0B) LOS objects, 36% free, 28MB/44MB, paused 249us total 47.338ms
08-05 01:21:26.565  6162  6173 I art     : Starting a blocking GC Explicit
08-05 01:21:26.611  6162  6173 I art     : Explicit concurrent mark sweep GC freed 3(96B) AllocSpace objects, 0(0B) LOS objects, 36% free, 28MB/44MB, paused 251us total 45.581ms
08-05 01:21:26.627  6162  6173 I art     : Starting a blocking GC Explicit
08-05 01:21:26.676  6162  6173 I art     : Explicit concurrent mark sweep GC freed 3(96B) AllocSpace objects, 0(0B) LOS objects, 36% free, 28MB/44MB, paused 253us total 47.951ms
08-05 01:21:26.976  6162  6175 I art     : Starting a blocking GC Explicit
08-05 01:21:27.022  6162  6175 I art     : Explicit concurrent mark sweep GC freed 1345(80KB) AllocSpace objects, 1(20KB) LOS objects, 36% free, 28MB/44MB, paused 275us total 46.415ms
08-05 01:21:27.038  6162  6175 I art     : Starting a blocking GC Explicit
08-05 01:21:27.083  6162  6175 I art     : Explicit concurrent mark sweep GC freed 20(704B) AllocSpace objects, 0(0B) LOS objects, 36% free, 28MB/44MB, paused 250us total 44.867ms
08-05 01:21:27.098  6162  6175 I art     : Starting a blocking GC Explicit
08-05 01:21:27.143  6162  6175 I art     : Explicit concurrent mark sweep GC freed 3(96B) AllocSpace objects, 0(0B) LOS objects, 36% free, 28MB/44MB, paused 243us total 44.722ms
08-05 01:21:27.158  6162  6175 I art     : Starting a blocking GC Explicit
08-05 01:21:27.202  6162  6175 I art     : Explicit concurrent mark sweep GC freed 3(96B) AllocSpace objects, 0(0B) LOS objects, 36% free, 28MB/44MB, paused 240us total 43.585ms
08-05 01:21:27.217  6162  6175 I art     : Starting a blocking GC Explicit
08-05 01:21:27.262  6162  6175 I art     : Explicit concurrent mark sweep GC freed 3(96B) AllocSpace objects, 0(0B) LOS objects, 36% free, 28MB/44MB, paused 250us total 44.015ms
08-05 01:21:27.330  7858  7858 D AndroidRuntime: >>>>>> START com.android.internal.os.RuntimeInit uid 2000 <<<<<<
08-05 01:21:27.335  7858  7858 D AndroidRuntime: CheckJNI is OFF
08-05 01:21:27.369  7858  7858 D ICU     : No timezone override file found: /data/misc/zoneinfo/current/icu/icu_tzdata.dat
08-05 01:21:27.403  7858  7858 I Radio-JNI: register_android_hardware_Radio DONE
08-05 01:21:27.424  1652  1652 I ServiceManager: Waiting for service AtCmdFwd...
08-05 01:21:27.425  7858  7858 D AndroidRuntime: Calling main entry com.android.commands.input.Input
08-05 01:21:27.426  7858  7858 I Input   : injectKeyEvent: KeyEvent { action=ACTION_DOWN, keyCode=KEYCODE_BACK, scanCode=0, metaState=0, flags=0x0, repeatCount=0, eventTime=753703839, downTime=753703839, deviceId=-1, source=0x101 }
08-05 01:21:27.432  7858  7858 I Input   : injectKeyEvent: KeyEvent { action=ACTION_UP, keyCode=KEYCODE_BACK, scanCode=0, metaState=0, flags=0x0, repeatCount=0, eventTime=753703839, downTime=753703839, deviceId=-1, source=0x101 }
08-05 01:21:27.442  7858  7858 D AndroidRuntime: Shutting down VM
08-05 01:21:27.488 13866 13866 I GoogleInputMethodServic: GoogleInputMethodService.onFinishInput():3138 
08-05 01:21:27.488 13866 13866 I GoogleInputMethodServic: GoogleInputMethodService.onStartInput():1808 
08-05 01:21:27.548  6162  6186 I art     : Starting a blocking GC Explicit
08-05 01:21:27.586  6162  6186 I art     : Explicit concurrent mark sweep GC freed 1586(88KB) AllocSpace objects, 1(20KB) LOS objects, 36% free, 28MB/44MB, paused 211us total 38.006ms
08-05 01:21:27.600  6162  6186 I art     : Starting a blocking GC Explicit
08-05 01:21:27.642  6162  6186 I art     : Explicit concurrent mark sweep GC freed 24(864B) AllocSpace objects, 0(0B) LOS objects, 36% free, 28MB/44MB, paused 236us total 41.393ms
08-05 01:21:27.658  6162  6186 I art     : Starting a blocking GC Explicit
08-05 01:21:27.702  6162  6186 I art     : Explicit concurrent mark sweep GC freed 3(96B) AllocSpace objects, 0(0B) LOS objects, 36% free, 28MB/44MB, paused 250us total 43.679ms
08-05 01:21:27.717  6162  6186 I art     : Starting a blocking GC Explicit
08-05 01:21:27.763  6162  6186 I art     : Explicit concurrent mark sweep GC freed 3(96B) AllocSpace objects, 0(0B) LOS objects, 36% free, 28MB/44MB, paused 218us total 45.517ms
08-05 01:21:27.782  6162  6186 I art     : Starting a blocking GC Explicit
08-05 01:21:27.796   380   380 W SurfaceFlinger: couldn't log to binary event log: overflow.
08-05 01:21:27.826  6162  6186 I art     : Explicit concurrent mark sweep GC freed 62(2272B) AllocSpace objects, 0(0B) LOS objects, 36% free, 28MB/44MB, paused 255us total 43.942ms
08-05 01:21:28.101  6162  6173 I art     : Starting a blocking GC Explicit
08-05 01:21:28.156  6162  6173 I art     : Explicit concurrent mark sweep GC freed 1349(80KB) AllocSpace objects, 1(20KB) LOS objects, 36% free, 28MB/44MB, paused 280us total 55.193ms
08-05 01:21:28.172  6162  6173 I art     : Starting a blocking GC Explicit
08-05 01:21:28.209  6162  6173 I art     : Explicit concurrent mark sweep GC freed 46775(2MB) AllocSpace objects, 5(140KB) LOS objects, 38% free, 25MB/41MB, paused 244us total 36.619ms
08-05 01:21:28.224  6162  6173 I art     : Starting a blocking GC Explicit
08-05 01:21:28.256  6162  6173 I art     : Explicit concurrent mark sweep GC freed 3(96B) AllocSpace objects, 0(0B) LOS objects, 38% free, 25MB/41MB, paused 237us total 32.252ms
08-05 01:21:28.270  6162  6173 I art     : Starting a blocking GC Explicit
08-05 01:21:28.303  6162  6173 I art     : Explicit concurrent mark sweep GC freed 3(96B) AllocSpace objects, 0(0B) LOS objects, 38% free, 25MB/41MB, paused 243us total 33.014ms
08-05 01:21:28.316  6162  6173 I art     : Starting a blocking GC Explicit
08-05 01:21:28.351  6162  6173 I art     : Explicit concurrent mark sweep GC freed 3(96B) AllocSpace objects, 0(0B) LOS objects, 38% free, 25MB/41MB, paused 252us total 34.195ms
08-05 01:21:28.425  1652  1652 W Atfwd_Sendcmd: AtCmdFwd service not published, waiting... retryCnt : 5
08-05 01:21:28.642  6162  6175 I art     : Starting a blocking GC Explicit
08-05 01:21:28.684  6162  6175 I art     : Explicit concurrent mark sweep GC freed 1343(80KB) AllocSpace objects, 1(20KB) LOS objects, 38% free, 25MB/41MB, paused 232us total 42.343ms
08-05 01:21:28.698  6162  6175 I art     : Starting a blocking GC Explicit
08-05 01:21:28.727  6162  6175 I art     : Explicit concurrent mark sweep GC freed 20(704B) AllocSpace objects, 0(0B) LOS objects, 38% free, 25MB/41MB, paused 256us total 28.771ms
08-05 01:21:28.740  6162  6175 I art     : Starting a blocking GC Explicit
08-05 01:21:28.771  6162  6175 I art     : Explicit concurrent mark sweep GC freed 3(96B) AllocSpace objects, 0(0B) LOS objects, 38% free, 25MB/41MB, paused 263us total 31.434ms
08-05 01:21:28.785  6162  6175 I art     : Starting a blocking GC Explicit
08-05 01:21:28.817  6162  6175 I art     : Explicit concurrent mark sweep GC freed 3(96B) AllocSpace objects, 0(0B) LOS objects, 38% free, 25MB/41MB, paused 242us total 31.908ms
08-05 01:21:28.830  6162  6175 I art     : Starting a blocking GC Explicit
08-05 01:21:28.862  6162  6175 I art     : Explicit concurrent mark sweep GC freed 3(96B) AllocSpace objects, 0(0B) LOS objects, 38% free, 25MB/41MB, paused 255us total 31.966ms
08-05 01:21:29.071  7905  7905 D AndroidRuntime: >>>>>> START com.android.internal.os.RuntimeInit uid 2000 <<<<<<
08-05 01:21:29.076  7905  7905 D AndroidRuntime: CheckJNI is OFF
08-05 01:21:29.110  7905  7905 D ICU     : No timezone override file found: /data/misc/zoneinfo/current/icu/icu_tzdata.dat
08-05 01:21:29.129  6162  6387 I art     : Starting a blocking GC Explicit
08-05 01:21:29.143  7905  7905 I Radio-JNI: register_android_hardware_Radio DONE
08-05 01:21:29.162  6162  6387 I art     : Explicit concurrent mark sweep GC freed 1343(80KB) AllocSpace objects, 1(20KB) LOS objects, 38% free, 25MB/41MB, paused 253us total 33.533ms
08-05 01:21:29.166  7905  7905 D AndroidRuntime: Calling main entry com.android.commands.input.Input
08-05 01:21:29.167  7905  7905 I Input   : injectKeyEvent: KeyEvent { action=ACTION_DOWN, keyCode=KEYCODE_BACK, scanCode=0, metaState=0, flags=0x0, repeatCount=0, eventTime=753705580, downTime=753705580, deviceId=-1, source=0x101 }
08-05 01:21:29.173  7905  7905 I Input   : injectKeyEvent: KeyEvent { action=ACTION_UP, keyCode=KEYCODE_BACK, scanCode=0, metaState=0, flags=0x0, repeatCount=0, eventTime=753705580, downTime=753705580, deviceId=-1, source=0x101 }
08-05 01:21:29.177  6162  6387 I art     : Starting a blocking GC Explicit
08-05 01:21:29.177  7905  7905 D AndroidRuntime: Shutting down VM
08-05 01:21:29.207  6162  6387 I art     : Explicit concurrent mark sweep GC freed 131(4KB) AllocSpace objects, 0(0B) LOS objects, 38% free, 25MB/41MB, paused 255us total 30.556ms
08-05 01:21:29.221  6162  6387 I art     : Starting a blocking GC Explicit
08-05 01:21:29.222 13866 13866 I GoogleInputMethodServic: GoogleInputMethodService.onFinishInput():3138 
08-05 01:21:29.223 13866 13866 I GoogleInputMethodServic: GoogleInputMethodService.onStartInput():1808 
08-05 01:21:29.250  6162  6387 I art     : Explicit concurrent mark sweep GC freed 51(1856B) AllocSpace objects, 0(0B) LOS objects, 38% free, 25MB/41MB, paused 223us total 28.536ms
08-05 01:21:29.262  6162  6387 I art     : Starting a blocking GC Explicit
08-05 01:21:29.292  6162  6387 I art     : Explicit concurrent mark sweep GC freed 25(848B) AllocSpace objects, 0(0B) LOS objects, 38% free, 25MB/41MB, paused 234us total 29.523ms
08-05 01:21:29.306  6162  6387 I art     : Starting a blocking GC Explicit
08-05 01:21:29.333  6162  6387 I art     : Explicit concurrent mark sweep GC freed 3(96B) AllocSpace objects, 0(0B) LOS objects, 38% free, 25MB/41MB, paused 217us total 27.070ms
08-05 01:21:29.585  6162  6387 I art     : Starting a blocking GC Explicit
08-05 01:21:29.618  6162  6387 I art     : Explicit concurrent mark sweep GC freed 1398(82KB) AllocSpace objects, 1(20KB) LOS objects, 38% free, 25MB/41MB, paused 270us total 33.093ms
08-05 01:21:29.632  6162  6387 I art     : Starting a blocking GC Explicit
08-05 01:21:29.664  6162  6387 I art     : Explicit concurrent mark sweep GC freed 150(7KB) AllocSpace objects, 0(0B) LOS objects, 38% free, 25MB/41MB, paused 292us total 32.385ms
08-05 01:21:29.678  6162  6387 I art     : Starting a blocking GC Explicit
08-05 01:21:29.711  6162  6387 I art     : Explicit concurrent mark sweep GC freed 3(96B) AllocSpace objects, 0(0B) LOS objects, 38% free, 25MB/41MB, paused 262us total 33.464ms
08-05 01:21:29.725  6162  6387 I art     : Starting a blocking GC Explicit
08-05 01:21:29.759  6162  6387 I art     : Explicit concurrent mark sweep GC freed 3(96B) AllocSpace objects, 0(0B) LOS objects, 38% free, 25MB/41MB, paused 264us total 33.683ms
08-05 01:21:29.773  6162  6387 I art     : Starting a blocking GC Explicit
08-05 01:21:29.807  6162  6387 I art     : Explicit concurrent mark sweep GC freed 3(96B) AllocSpace objects, 0(0B) LOS objects, 38% free, 25MB/41MB, paused 265us total 33.830ms
08-05 01:21:30.091  6162  6175 I art     : Starting a blocking GC Explicit
08-05 01:21:30.133  6162  6175 I art     : Explicit concurrent mark sweep GC freed 1343(80KB) AllocSpace objects, 1(20KB) LOS objects, 38% free, 25MB/41MB, paused 279us total 41.710ms
08-05 01:21:30.150  6162  6175 I art     : Starting a blocking GC Explicit
08-05 01:21:30.186  6162  6175 I art     : Explicit concurrent mark sweep GC freed 20(704B) AllocSpace objects, 0(0B) LOS objects, 38% free, 25MB/41MB, paused 243us total 35.702ms
08-05 01:21:30.200  6162  6175 I art     : Starting a blocking GC Explicit
08-05 01:21:30.234  6162  6175 I art     : Explicit concurrent mark sweep GC freed 3(96B) AllocSpace objects, 0(0B) LOS objects, 38% free, 25MB/41MB, paused 266us total 33.357ms
08-05 01:21:30.247  6162  6175 I art     : Starting a blocking GC Explicit
08-05 01:21:30.281  6162  6175 I art     : Explicit concurrent mark sweep GC freed 3(96B) AllocSpace objects, 0(0B) LOS objects, 38% free, 25MB/41MB, paused 274us total 33.799ms
08-05 01:21:30.295  6162  6175 I art     : Starting a blocking GC Explicit
08-05 01:21:30.329  6162  6175 I art     : Explicit concurrent mark sweep GC freed 3(96B) AllocSpace objects, 0(0B) LOS objects, 38% free, 25MB/41MB, paused 271us total 34.027ms
08-05 01:21:30.590  6162  6173 I art     : Starting a blocking GC Explicit
08-05 01:21:30.623  6162  6173 I art     : Explicit concurrent mark sweep GC freed 1343(80KB) AllocSpace objects, 1(20KB) LOS objects, 38% free, 25MB/41MB, paused 265us total 32.697ms
08-05 01:21:30.636  6162  6173 I art     : Starting a blocking GC Explicit
08-05 01:21:30.669  6162  6173 I art     : Explicit concurrent mark sweep GC freed 20(704B) AllocSpace objects, 0(0B) LOS objects, 38% free, 25MB/41MB, paused 264us total 32.475ms
08-05 01:21:30.682  6162  6173 I art     : Starting a blocking GC Explicit
08-05 01:21:30.715  6162  6173 I art     : Explicit concurrent mark sweep GC freed 3(96B) AllocSpace objects, 0(0B) LOS objects, 38% free, 25MB/41MB, paused 268us total 32.933ms
08-05 01:21:30.730  6162  6173 I art     : Starting a blocking GC Explicit
08-05 01:21:30.762  6162  6173 I art     : Explicit concurrent mark sweep GC freed 3(96B) AllocSpace objects, 0(0B) LOS objects, 38% free, 25MB/41MB, paused 289us total 31.688ms
08-05 01:21:30.775  6162  6173 I art     : Starting a blocking GC Explicit
08-05 01:21:30.807  6162  6173 I art     : Explicit concurrent mark sweep GC freed 3(96B) AllocSpace objects, 0(0B) LOS objects, 38% free, 25MB/41MB, paused 264us total 31.580ms
08-05 01:21:30.845  7948  7948 D AndroidRuntime: >>>>>> START com.android.internal.os.RuntimeInit uid 2000 <<<<<<
08-05 01:21:30.850  7948  7948 D AndroidRuntime: CheckJNI is OFF
08-05 01:21:30.883  7948  7948 D ICU     : No timezone override file found: /data/misc/zoneinfo/current/icu/icu_tzdata.dat
08-05 01:21:30.916  7948  7948 I Radio-JNI: register_android_hardware_Radio DONE
08-05 01:21:30.938  7948  7948 D AndroidRuntime: Calling main entry com.android.commands.input.Input
08-05 01:21:30.940  7948  7948 I Input   : injectMotionEvent: MotionEvent { action=ACTION_DOWN, actionButton=0, id[0]=0, x[0]=600.0, y[0]=1000.0, toolType[0]=TOOL_TYPE_UNKNOWN, buttonState=0, metaState=0, flags=0x0, edgeFlags=0x0, pointerCount=1, historySize=0, eventTime=753707352, downTime=753707352, deviceId=0, source=0x1002 }
08-05 01:21:30.947  7948  7948 I Input   : injectMotionEvent: MotionEvent { action=ACTION_UP, actionButton=0, id[0]=0, x[0]=600.0, y[0]=1000.0, toolType[0]=TOOL_TYPE_UNKNOWN, buttonState=0, metaState=0, flags=0x0, edgeFlags=0x0, pointerCount=1, historySize=0, eventTime=753707352, downTime=753707352, deviceId=0, source=0x1002 }
08-05 01:21:30.948  7948  7948 D AndroidRuntime: Shutting down VM
08-05 01:21:30.953   512  2967 D audio_hw_primary: out_set_parameters: enter: usecase(1: low-latency-playback) kvpairs: routing=2
08-05 01:21:30.955   918  5132 I ActivityManager: START u0 {dat=https://oauth.reddit.com/... cmp=baseline.org.quantumbadger.redreader/.activities.PostListingActivity} from uid 10689 on display 0
08-05 01:21:30.967   512  2967 D audio_hw_primary: select_devices: out_snd_device(2: speaker) in_snd_device(0: none)
08-05 01:21:30.967   512  2967 D msm8974_platform: platform_send_audio_calibration: sending audio calibration for snd_device(2) acdb_id(15)
08-05 01:21:30.968   512  2967 I soundtrigger: audio_extn_sound_trigger_update_device_status: device 0x2 of type 0 for Event 1
08-05 01:21:30.980   512  2967 D audio_hw_primary: enable_snd_device: snd_device(2: speaker)
08-05 01:21:30.982   512  2967 D audio_hw_primary: enable_audio_route: apply and update mixer path: low-latency-playback speaker
08-05 01:21:30.988  6162  6162 I AppCompatViewInflater: app:theme is now deprecated. Please move to using android:theme instead.
08-05 01:21:31.011  6162  7981 D OK      : calling: https://oauth.reddit.com/r/announcements/about.json
08-05 01:21:31.056   918   936 I ActivityManager: Displayed baseline.org.quantumbadger.redreader/.activities.PostListingActivity: +84ms
08-05 01:21:31.057 13866 13866 I GoogleInputMethodServic: GoogleInputMethodService.onFinishInput():3138 
08-05 01:21:31.058 13866 13866 I GoogleInputMethodServic: GoogleInputMethodService.onStartInput():1808 
08-05 01:21:31.061  6162  6186 I art     : Starting a blocking GC Explicit
08-05 01:21:31.098  6162  6186 I art     : Explicit concurrent mark sweep GC freed 2970(185KB) AllocSpace objects, 1(20KB) LOS objects, 38% free, 25MB/41MB, paused 359us total 36.609ms
08-05 01:21:31.111  6162  6186 I art     : Starting a blocking GC Explicit
08-05 01:21:31.140  6162  6186 I art     : Explicit concurrent mark sweep GC freed 497(26KB) AllocSpace objects, 0(0B) LOS objects, 38% free, 25MB/41MB, paused 274us total 28.518ms
08-05 01:21:31.152  6162  6186 I art     : Starting a blocking GC Explicit
08-05 01:21:31.182  6162  6186 I art     : Explicit concurrent mark sweep GC freed 1863(73KB) AllocSpace objects, 0(0B) LOS objects, 38% free, 25MB/41MB, paused 450us total 29.671ms
08-05 01:21:31.196  6162  6186 I art     : Starting a blocking GC Explicit
08-05 01:21:31.225  6162  6186 I art     : Explicit concurrent mark sweep GC freed 133(4KB) AllocSpace objects, 0(0B) LOS objects, 38% free, 25MB/41MB, paused 283us total 28.702ms
08-05 01:21:31.237  6162  6186 I art     : Starting a blocking GC Explicit
08-05 01:21:31.267  6162  6186 I art     : Explicit concurrent mark sweep GC freed 29(1344B) AllocSpace objects, 0(0B) LOS objects, 38% free, 25MB/41MB, paused 278us total 29.011ms
08-05 01:21:31.301   380   380 W SurfaceFlinger: couldn't log to binary event log: overflow.
08-05 01:21:31.338  6162  7981 I NAPPA_EXPERIMENTATION: MetricNetworkRequestExecutionTime: REQUEST_DURATION_SYSTEM='327',REQUEST_DURATION_OKHTTP='153',REQUEST_SYNCHRONOUS='TRUE',RESPONSE_CODE='200',RESPONSE_METHOD='GET',RESPONSE_LENGTH_OKHTTP='-1',RESPONSE_LENGTH_HEADER='1564',REQUEST_PROTOCOL='h2',REQUEST_URL='https://oauth.reddit.com/r/announcements/about.json',
08-05 01:21:31.338  6162  7981 D OK      : request got status: 200
08-05 01:21:31.500  6162  6186 I art     : Starting a blocking GC Explicit
08-05 01:21:31.519   512  2967 D audio_hw_primary: disable_audio_route: reset and update mixer path: low-latency-playback speaker
08-05 01:21:31.520   512  2967 D audio_hw_primary: disable_snd_device: snd_device(2: speaker)
08-05 01:21:31.530   512  2967 I soundtrigger: audio_extn_sound_trigger_update_device_status: device 0x2 of type 0 for Event 0
08-05 01:21:31.531  6162  6186 I art     : Explicit concurrent mark sweep GC freed 3049(241KB) AllocSpace objects, 3(156KB) LOS objects, 38% free, 25MB/41MB, paused 258us total 31.629ms
08-05 01:21:31.544  6162  6186 I art     : Starting a blocking GC Explicit
08-05 01:21:31.575  6162  6186 I art     : Explicit concurrent mark sweep GC freed 201(10KB) AllocSpace objects, 0(0B) LOS objects, 38% free, 25MB/41MB, paused 283us total 29.994ms
08-05 01:21:31.588  6162  6186 I art     : Starting a blocking GC Explicit
08-05 01:21:31.621  6162  6186 I art     : Explicit concurrent mark sweep GC freed 3(96B) AllocSpace objects, 0(0B) LOS objects, 38% free, 25MB/41MB, paused 254us total 32.700ms
08-05 01:21:31.634  6162  6186 I art     : Starting a blocking GC Explicit
08-05 01:21:31.667  6162  6186 I art     : Explicit concurrent mark sweep GC freed 16(640B) AllocSpace objects, 0(0B) LOS objects, 38% free, 25MB/41MB, paused 294us total 32.363ms
08-05 01:21:31.680  6162  6186 I art     : Starting a blocking GC Explicit
08-05 01:21:31.716  6162  6186 I art     : Explicit concurrent mark sweep GC freed 25(1024B) AllocSpace objects, 0(0B) LOS objects, 38% free, 25MB/41MB, paused 288us total 35.551ms
08-05 01:21:31.994  6162  6186 I art     : Starting a blocking GC Explicit
08-05 01:21:32.030  6162  6186 I art     : Explicit concurrent mark sweep GC freed 1368(83KB) AllocSpace objects, 1(20KB) LOS objects, 38% free, 25MB/41MB, paused 299us total 35.738ms
08-05 01:21:32.044  6162  6186 I art     : Starting a blocking GC Explicit
08-05 01:21:32.076  6162  6186 I art     : Explicit concurrent mark sweep GC freed 20(704B) AllocSpace objects, 0(0B) LOS objects, 38% free, 25MB/41MB, paused 287us total 32.446ms
08-05 01:21:32.090  6162  6186 I art     : Starting a blocking GC Explicit
08-05 01:21:32.123  6162  6186 I art     : Explicit concurrent mark sweep GC freed 3(96B) AllocSpace objects, 0(0B) LOS objects, 38% free, 25MB/41MB, paused 300us total 33.405ms
08-05 01:21:32.137  6162  6186 I art     : Starting a blocking GC Explicit
08-05 01:21:32.170  6162  6186 I art     : Explicit concurrent mark sweep GC freed 3(96B) AllocSpace objects, 0(0B) LOS objects, 38% free, 25MB/41MB, paused 313us total 32.422ms
08-05 01:21:32.183  6162  6186 I art     : Starting a blocking GC Explicit
08-05 01:21:32.206  6162  8007 D OK      : calling: https://oauth.reddit.com/r/announcements/hot/.json
08-05 01:21:32.217  6162  6186 I art     : Explicit concurrent mark sweep GC freed 94(3KB) AllocSpace objects, 0(0B) LOS objects, 38% free, 25MB/41MB, paused 379us total 33.340ms
08-05 01:21:32.440  6162  8007 I NAPPA_EXPERIMENTATION: MetricNetworkRequestExecutionTime: REQUEST_DURATION_SYSTEM='233',REQUEST_DURATION_OKHTTP='230',REQUEST_SYNCHRONOUS='TRUE',RESPONSE_CODE='200',RESPONSE_METHOD='GET',RESPONSE_LENGTH_OKHTTP='-1',RESPONSE_LENGTH_HEADER='142016',REQUEST_PROTOCOL='h2',REQUEST_URL='https://oauth.reddit.com/r/announcements/hot/.json',
08-05 01:21:32.440  6162  8007 D OK      : request got status: 200
08-05 01:21:32.468  6162  6730 I PostListingFragment: Precaching images: OFF
08-05 01:21:32.468  6162  6730 I PostListingFragment: Precaching comments: OFF
08-05 01:21:32.507  6162  6175 I art     : Starting a blocking GC Explicit
08-05 01:21:32.545  6162  6175 I art     : Explicit concurrent mark sweep GC freed 3156(256KB) AllocSpace objects, 3(56KB) LOS objects, 37% free, 26MB/42MB, paused 511us total 38.008ms
08-05 01:21:32.559  6162  6175 I art     : Starting a blocking GC Explicit
08-05 01:21:32.599  6162  6175 I art     : Explicit concurrent mark sweep GC freed 1602(78KB) AllocSpace objects, 2(36KB) LOS objects, 37% free, 27MB/43MB, paused 539us total 39.486ms
08-05 01:21:32.612  6162  6175 I art     : Starting a blocking GC Explicit
08-05 01:21:32.632  6162  8018 D OK      : calling: https://b.thumbs.redditmedia.com/RROcLjDSUc0QV1UeQ1txXdyl1C_7233mmsMgtYXxQzo.jpg
08-05 01:21:32.651  6162  6175 I art     : Explicit concurrent mark sweep GC freed 2388(99KB) AllocSpace objects, 0(0B) LOS objects, 36% free, 27MB/43MB, paused 619us total 38.640ms
08-05 01:21:32.664  6162  6175 I art     : Starting a blocking GC Explicit
08-05 01:21:32.666  6162  8019 D OK      : calling: https://a.thumbs.redditmedia.com/N-frnMqRYp_XiaGds7kPbHf82a876RNKSQ1iw0LzHR0.jpg
08-05 01:21:32.681  6162  8020 D OK      : calling: https://b.thumbs.redditmedia.com/KH2o_q4MXufUdRChsfwLtl6gnEnT8MJtZn3Tyj5ZmBU.jpg
08-05 01:21:32.706  6162  6175 I art     : Explicit concurrent mark sweep GC freed 2999(141KB) AllocSpace objects, 0(0B) LOS objects, 36% free, 28MB/44MB, paused 667us total 41.301ms
08-05 01:21:32.720  6162  6175 I art     : Starting a blocking GC Explicit
08-05 01:21:32.730  6162  8022 D OK      : calling: https://b.thumbs.redditmedia.com/MGaOJeZl7UsmdtroJopYU_36HUNvQ9LUV5WFH_FJ2vI.jpg
08-05 01:21:32.763  6162  6175 I art     : Explicit concurrent mark sweep GC freed 4237(205KB) AllocSpace objects, 2(48KB) LOS objects, 35% free, 28MB/44MB, paused 693us total 42.793ms
08-05 01:21:32.779  6162  8023 D OK      : calling: https://a.thumbs.redditmedia.com/-D0hxchgus9EyzvGqvnabK_3Obl93tMfG9G58V1QwW8.jpg
08-05 01:21:32.798  6162  8024 D OK      : calling: https://b.thumbs.redditmedia.com/zCaV9kuSMZxmMvdmErGyUsYNdPrmX8LP9_Ee4QTT16g.jpg
08-05 01:21:32.808  6162  8025 D OK      : calling: https://b.thumbs.redditmedia.com/4EGkxZNzrzt-RCtd035cWyO0BipdbDVuPwi4W2v4TyM.jpg
08-05 01:21:32.844  6162  8029 D OK      : calling: https://a.thumbs.redditmedia.com/aVhMBmGX07uX0KhK0rKdhMvQ4UsOJIHN4KeTaa36EF4.jpg
08-05 01:21:32.955  6162  6162 W RecyclerView: Cannot call this method in a scroll callback. Scroll callbacks mightbe run during a measure & layout pass where you cannot change theRecyclerView data. Any method call that might change the structureof the RecyclerView or the adapter contents should be postponed tothe next frame.
08-05 01:21:32.955  6162  6162 W RecyclerView: java.lang.IllegalStateException:  androidx.recyclerview.widget.RecyclerView{2b13ee4 VFED..... .F....ID 0,0-1440,2140 #7f0900ef app:id/scrollbar_recyclerview_recyclerview}, adapter:baseline.org.quantumbadger.redreader.adapters.GroupedRecyclerViewAdapter@ef96f4d, layout:androidx.recyclerview.widget.LinearLayoutManager@2ac0a02, context:baseline.org.quantumbadger.redreader.activities.PostListingActivity@d0c4617
08-05 01:21:32.955  6162  6162 W RecyclerView: 	at androidx.recyclerview.widget.RecyclerView.assertNotInLayoutOrScroll(RecyclerView.java:3061)
08-05 01:21:32.955  6162  6162 W RecyclerView: 	at androidx.recyclerview.widget.RecyclerView$RecyclerViewDataObserver.onItemRangeInserted(RecyclerView.java:5555)
08-05 01:21:32.955  6162  6162 W RecyclerView: 	at androidx.recyclerview.widget.RecyclerView$AdapterDataObservable.notifyItemRangeInserted(RecyclerView.java:12278)
08-05 01:21:32.955  6162  6162 W RecyclerView: 	at androidx.recyclerview.widget.RecyclerView$Adapter.notifyItemInserted(RecyclerView.java:7464)
08-05 01:21:32.955  6162  6162 W RecyclerView: 	at baseline.org.quantumbadger.redreader.adapters.GroupedRecyclerViewAdapter.updateHiddenStatus(GroupedRecyclerViewAdapter.java:279)
08-05 01:21:32.955  6162  6162 W RecyclerView: 	at baseline.org.quantumbadger.redreader.adapters.RedditListingManager.setLoadingVisible(RedditListingManager.java:125)
08-05 01:21:32.955  6162  6162 W RecyclerView: 	at baseline.org.quantumbadger.redreader.fragments.PostListingFragment.onLoadMoreItemsCheck(PostListingFragment.java:465)
08-05 01:21:32.955  6162  6162 W RecyclerView: 	at baseline.org.quantumbadger.redreader.fragments.PostListingFragment.access$000(PostListingFragment.java:98)
08-05 01:21:32.955  6162  6162 W RecyclerView: 	at baseline.org.quantumbadger.redreader.fragments.PostListingFragment$2.onScrolled(PostListingFragment.java:215)
08-05 01:21:32.955  6162  6162 W RecyclerView: 	at androidx.recyclerview.widget.RecyclerView.dispatchOnScrolled(RecyclerView.java:5173)
08-05 01:21:32.955  6162  6162 W RecyclerView: 	at androidx.recyclerview.widget.RecyclerView.dispatchLayoutStep3(RecyclerView.java:4231)
08-05 01:21:32.955  6162  6162 W RecyclerView: 	at androidx.recyclerview.widget.RecyclerView.dispatchLayout(RecyclerView.java:3862)
08-05 01:21:32.955  6162  6162 W RecyclerView: 	at androidx.recyclerview.widget.RecyclerView.consumePendingUpdateOperations(RecyclerView.java:1897)
08-05 01:21:32.955  6162  6162 W RecyclerView: 	at androidx.recyclerview.widget.RecyclerView$1.run(RecyclerView.java:414)
08-05 01:21:32.955  6162  6162 W RecyclerView: 	at android.view.Choreographer$CallbackRecord.run(Choreographer.java:858)
08-05 01:21:32.955  6162  6162 W RecyclerView: 	at android.view.Choreographer.doCallbacks(Choreographer.java:670)
08-05 01:21:32.955  6162  6162 W RecyclerView: 	at android.view.Choreographer.doFrame(Choreographer.java:603)
08-05 01:21:32.955  6162  6162 W RecyclerView: 	at android.view.Choreographer$FrameDisplayEventReceiver.run(Choreographer.java:844)
08-05 01:21:32.955  6162  6162 W RecyclerView: 	at android.os.Handler.handleCallback(Handler.java:739)
08-05 01:21:32.955  6162  6162 W RecyclerView: 	at android.os.Handler.dispatchMessage(Handler.java:95)
08-05 01:21:32.955  6162  6162 W RecyclerView: 	at android.os.Looper.loop(Looper.java:148)
08-05 01:21:32.955  6162  6162 W RecyclerView: 	at android.app.ActivityThread.main(ActivityThread.java:5417)
08-05 01:21:32.955  6162  6162 W RecyclerView: 	at java.lang.reflect.Method.invoke(Native Method)
08-05 01:21:32.955  6162  6162 W RecyclerView: 	at com.android.internal.os.ZygoteInit$MethodAndArgsCaller.run(ZygoteInit.java:726)
08-05 01:21:32.955  6162  6162 W RecyclerView: 	at com.android.internal.os.ZygoteInit.main(ZygoteInit.java:616)
08-05 01:21:33.010  6162  8018 I NAPPA_EXPERIMENTATION: MetricNetworkRequestExecutionTime: REQUEST_DURATION_SYSTEM='377',REQUEST_DURATION_OKHTTP='180',REQUEST_SYNCHRONOUS='TRUE',RESPONSE_CODE='200',RESPONSE_METHOD='GET',RESPONSE_LENGTH_OKHTTP='2558',RESPONSE_LENGTH_HEADER='2558',REQUEST_PROTOCOL='h2',REQUEST_URL='https://b.thumbs.redditmedia.com/RROcLjDSUc0QV1UeQ1txXdyl1C_7233mmsMgtYXxQzo.jpg',
08-05 01:21:33.010  6162  8018 D OK      : request got status: 200
08-05 01:21:33.016  6162  6173 I art     : Starting a blocking GC Explicit
08-05 01:21:33.045  6162  8020 I NAPPA_EXPERIMENTATION: MetricNetworkRequestExecutionTime: REQUEST_DURATION_SYSTEM='363',REQUEST_DURATION_OKHTTP='201',REQUEST_SYNCHRONOUS='TRUE',RESPONSE_CODE='200',RESPONSE_METHOD='GET',RESPONSE_LENGTH_OKHTTP='2613',RESPONSE_LENGTH_HEADER='2613',REQUEST_PROTOCOL='h2',REQUEST_URL='https://b.thumbs.redditmedia.com/KH2o_q4MXufUdRChsfwLtl6gnEnT8MJtZn3Tyj5ZmBU.jpg',
08-05 01:21:33.045  6162  8020 D OK      : request got status: 200
08-05 01:21:33.061  6162  6173 I art     : Explicit concurrent mark sweep GC freed 85103(4MB) AllocSpace objects, 14(480KB) LOS objects, 37% free, 26MB/42MB, paused 757us total 44.722ms
08-05 01:21:33.075  6162  6173 I art     : Starting a blocking GC Explicit
08-05 01:21:33.080  6162  8019 I NAPPA_EXPERIMENTATION: MetricNetworkRequestExecutionTime: REQUEST_DURATION_SYSTEM='414',REQUEST_DURATION_OKHTTP='234',REQUEST_SYNCHRONOUS='TRUE',RESPONSE_CODE='200',RESPONSE_METHOD='GET',RESPONSE_LENGTH_OKHTTP='3750',RESPONSE_LENGTH_HEADER='3750',REQUEST_PROTOCOL='h2',REQUEST_URL='https://a.thumbs.redditmedia.com/N-frnMqRYp_XiaGds7kPbHf82a876RNKSQ1iw0LzHR0.jpg',
08-05 01:21:33.080  6162  8019 D OK      : request got status: 200
08-05 01:21:33.099  6162  8022 I NAPPA_EXPERIMENTATION: MetricNetworkRequestExecutionTime: REQUEST_DURATION_SYSTEM='369',REQUEST_DURATION_OKHTTP='242',REQUEST_SYNCHRONOUS='TRUE',RESPONSE_CODE='200',RESPONSE_METHOD='GET',RESPONSE_LENGTH_OKHTTP='4804',RESPONSE_LENGTH_HEADER='4804',REQUEST_PROTOCOL='h2',REQUEST_URL='https://b.thumbs.redditmedia.com/MGaOJeZl7UsmdtroJopYU_36HUNvQ9LUV5WFH_FJ2vI.jpg',
08-05 01:21:33.100  6162  8022 D OK      : request got status: 200
08-05 01:21:33.108  6162  6173 I art     : Explicit concurrent mark sweep GC freed 2496(198KB) AllocSpace objects, 8(268KB) LOS objects, 36% free, 27MB/43MB, paused 531us total 32.669ms
08-05 01:21:33.121  6162  6173 I art     : Starting a blocking GC Explicit
08-05 01:21:33.154  6162  6173 I art     : Explicit concurrent mark sweep GC freed 2412(114KB) AllocSpace objects, 7(576KB) LOS objects, 37% free, 26MB/42MB, paused 534us total 32.082ms
08-05 01:21:33.155  6162  8024 I NAPPA_EXPERIMENTATION: MetricNetworkRequestExecutionTime: REQUEST_DURATION_SYSTEM='357',REQUEST_DURATION_OKHTTP='212',REQUEST_SYNCHRONOUS='TRUE',RESPONSE_CODE='200',RESPONSE_METHOD='GET',RESPONSE_LENGTH_OKHTTP='6132',RESPONSE_LENGTH_HEADER='6132',REQUEST_PROTOCOL='h2',REQUEST_URL='https://b.thumbs.redditmedia.com/zCaV9kuSMZxmMvdmErGyUsYNdPrmX8LP9_Ee4QTT16g.jpg',
08-05 01:21:33.155  6162  8024 D OK      : request got status: 200
08-05 01:21:33.170  6162  6173 I art     : Starting a blocking GC Explicit
08-05 01:21:33.176  6162  8025 I NAPPA_EXPERIMENTATION: MetricNetworkRequestExecutionTime: REQUEST_DURATION_SYSTEM='368',REQUEST_DURATION_OKHTTP='220',REQUEST_SYNCHRONOUS='TRUE',RESPONSE_CODE='200',RESPONSE_METHOD='GET',RESPONSE_LENGTH_OKHTTP='4987',RESPONSE_LENGTH_HEADER='4987',REQUEST_PROTOCOL='h2',REQUEST_URL='https://b.thumbs.redditmedia.com/4EGkxZNzrzt-RCtd035cWyO0BipdbDVuPwi4W2v4TyM.jpg',
08-05 01:21:33.176  6162  8025 D OK      : request got status: 200
08-05 01:21:33.204  6162  6173 I art     : Explicit concurrent mark sweep GC freed 769(110KB) AllocSpace objects, 10(696KB) LOS objects, 37% free, 27MB/43MB, paused 391us total 33.717ms
08-05 01:21:33.217  6162  6173 I art     : Starting a blocking GC Explicit
08-05 01:21:33.229  6162  8023 I NAPPA_EXPERIMENTATION: MetricNetworkRequestExecutionTime: REQUEST_DURATION_SYSTEM='450',REQUEST_DURATION_OKHTTP='288',REQUEST_SYNCHRONOUS='TRUE',RESPONSE_CODE='200',RESPONSE_METHOD='GET',RESPONSE_LENGTH_OKHTTP='4818',RESPONSE_LENGTH_HEADER='4818',REQUEST_PROTOCOL='h2',REQUEST_URL='https://a.thumbs.redditmedia.com/-D0hxchgus9EyzvGqvnabK_3Obl93tMfG9G58V1QwW8.jpg',
08-05 01:21:33.229  6162  8023 D OK      : request got status: 200
08-05 01:21:33.248  6162  6173 I art     : Explicit concurrent mark sweep GC freed 754(83KB) AllocSpace objects, 5(256KB) LOS objects, 36% free, 27MB/43MB, paused 371us total 31.367ms
08-05 01:21:33.312  6162  8029 I NAPPA_EXPERIMENTATION: MetricNetworkRequestExecutionTime: REQUEST_DURATION_SYSTEM='468',REQUEST_DURATION_OKHTTP='162',REQUEST_SYNCHRONOUS='TRUE',RESPONSE_CODE='200',RESPONSE_METHOD='GET',RESPONSE_LENGTH_OKHTTP='6940',RESPONSE_LENGTH_HEADER='6940',REQUEST_PROTOCOL='h2',REQUEST_URL='https://a.thumbs.redditmedia.com/aVhMBmGX07uX0KhK0rKdhMvQ4UsOJIHN4KeTaa36EF4.jpg',
08-05 01:21:33.312  6162  8029 D OK      : request got status: 200
08-05 01:21:33.407  6162  8049 D OK      : calling: https://oauth.reddit.com/r/announcements/hot/.json?after=t3_9jf8nh
08-05 01:21:33.540  6162  6186 I art     : Starting a blocking GC Explicit
08-05 01:21:33.589  6162  6186 I art     : Explicit concurrent mark sweep GC freed 4691(317KB) AllocSpace objects, 12(848KB) LOS objects, 36% free, 27MB/43MB, paused 408us total 48.650ms
08-05 01:21:33.604  6162  6186 I art     : Starting a blocking GC Explicit
08-05 01:21:33.641  6162  6186 I art     : Explicit concurrent mark sweep GC freed 194(6KB) AllocSpace objects, 0(0B) LOS objects, 36% free, 27MB/43MB, paused 349us total 36.734ms
08-05 01:21:33.655  6162  6186 I art     : Starting a blocking GC Explicit
08-05 01:21:33.669  6162  8049 I NAPPA_EXPERIMENTATION: MetricNetworkRequestExecutionTime: REQUEST_DURATION_SYSTEM='262',REQUEST_DURATION_OKHTTP='152',REQUEST_SYNCHRONOUS='TRUE',RESPONSE_CODE='200',RESPONSE_METHOD='GET',RESPONSE_LENGTH_OKHTTP='-1',RESPONSE_LENGTH_HEADER='65685',REQUEST_PROTOCOL='h2',REQUEST_URL='https://oauth.reddit.com/r/announcements/hot/.json?after=t3_9jf8nh',
08-05 01:21:33.669  6162  8049 D OK      : request got status: 200
08-05 01:21:33.683  6162  6730 I PostListingFragment: Precaching images: OFF
08-05 01:21:33.683  6162  6730 I PostListingFragment: Precaching comments: OFF
08-05 01:21:33.693  6162  6186 I art     : Explicit concurrent mark sweep GC freed 603(84KB) AllocSpace objects, 0(0B) LOS objects, 36% free, 27MB/43MB, paused 545us total 37.704ms
08-05 01:21:33.707  6162  6186 I art     : Starting a blocking GC Explicit
08-05 01:21:33.728  6162  8060 D OK      : calling: https://a.thumbs.redditmedia.com/8P7BG-empihRDWkNYE_LZ8tekikmQtEiymWkwv7obo0.jpg
08-05 01:21:33.744  6162  6186 I art     : Explicit concurrent mark sweep GC freed 2389(165KB) AllocSpace objects, 0(0B) LOS objects, 36% free, 28MB/44MB, paused 705us total 36.769ms
08-05 01:21:33.758  6162  6186 I art     : Starting a blocking GC Explicit
08-05 01:21:33.764  6162  8061 D OK      : calling: https://b.thumbs.redditmedia.com/PCxvz6Ma5pyTglQOwhW4LZZOY0qIwyWW5pD83dYmMgc.jpg
08-05 01:21:33.798  6162  6186 I art     : Explicit concurrent mark sweep GC freed 4065(185KB) AllocSpace objects, 2(32KB) LOS objects, 35% free, 28MB/44MB, paused 597us total 39.927ms
08-05 01:21:33.888  6162  8060 I NAPPA_EXPERIMENTATION: MetricNetworkRequestExecutionTime: REQUEST_DURATION_SYSTEM='159',REQUEST_DURATION_OKHTTP='159',REQUEST_SYNCHRONOUS='TRUE',RESPONSE_CODE='200',RESPONSE_METHOD='GET',RESPONSE_LENGTH_OKHTTP='3039',RESPONSE_LENGTH_HEADER='3039',REQUEST_PROTOCOL='h2',REQUEST_URL='https://a.thumbs.redditmedia.com/8P7BG-empihRDWkNYE_LZ8tekikmQtEiymWkwv7obo0.jpg',
08-05 01:21:33.888  6162  8060 D OK      : request got status: 200
08-05 01:21:34.030  6162  8061 I NAPPA_EXPERIMENTATION: MetricNetworkRequestExecutionTime: REQUEST_DURATION_SYSTEM='266',REQUEST_DURATION_OKHTTP='174',REQUEST_SYNCHRONOUS='TRUE',RESPONSE_CODE='200',RESPONSE_METHOD='GET',RESPONSE_LENGTH_OKHTTP='9233',RESPONSE_LENGTH_HEADER='9233',REQUEST_PROTOCOL='h2',REQUEST_URL='https://b.thumbs.redditmedia.com/PCxvz6Ma5pyTglQOwhW4LZZOY0qIwyWW5pD83dYmMgc.jpg',
08-05 01:21:34.030  6162  8061 D OK      : request got status: 200
08-05 01:21:34.082  6162  6173 I art     : Starting a blocking GC Explicit
08-05 01:21:34.124  6162  6173 I art     : Explicit concurrent mark sweep GC freed 33195(1689KB) AllocSpace objects, 21(1140KB) LOS objects, 36% free, 28MB/44MB, paused 323us total 42.266ms
08-05 01:21:34.139  6162  6173 I art     : Starting a blocking GC Explicit
08-05 01:21:34.176  6162  6173 I art     : Explicit concurrent mark sweep GC freed 1546(63KB) AllocSpace objects, 0(0B) LOS objects, 36% free, 28MB/44MB, paused 284us total 37.103ms
08-05 01:21:34.177  6162  6172 I art     : WaitForGcToComplete blocked for 13.798ms for cause HeapTrim
08-05 01:21:34.190  6162  6173 I art     : Starting a blocking GC Explicit
08-05 01:21:34.228  6162  6173 I art     : Explicit concurrent mark sweep GC freed 3(96B) AllocSpace objects, 0(0B) LOS objects, 36% free, 28MB/44MB, paused 320us total 36.979ms
08-05 01:21:34.242  6162  6173 I art     : Starting a blocking GC Explicit
08-05 01:21:34.278  6162  6173 I art     : Explicit concurrent mark sweep GC freed 3(96B) AllocSpace objects, 0(0B) LOS objects, 36% free, 28MB/44MB, paused 288us total 36.312ms
08-05 01:21:34.293  6162  6173 I art     : Starting a blocking GC Explicit
08-05 01:21:34.330  6162  6173 I art     : Explicit concurrent mark sweep GC freed 3(96B) AllocSpace objects, 0(0B) LOS objects, 36% free, 28MB/44MB, paused 285us total 37.058ms
08-05 01:21:34.656  6162  6387 I art     : Starting a blocking GC Explicit
08-05 01:21:34.703  6162  6387 I art     : Explicit concurrent mark sweep GC freed 1345(82KB) AllocSpace objects, 1(20KB) LOS objects, 36% free, 28MB/44MB, paused 346us total 46.900ms
08-05 01:21:34.721  6162  6387 I art     : Starting a blocking GC Explicit
08-05 01:21:34.760  6162  6387 I art     : Explicit concurrent mark sweep GC freed 20(704B) AllocSpace objects, 0(0B) LOS objects, 36% free, 28MB/44MB, paused 302us total 38.379ms
08-05 01:21:34.774  6162  6387 I art     : Starting a blocking GC Explicit
08-05 01:21:34.812  6162  6387 I art     : Explicit concurrent mark sweep GC freed 3(96B) AllocSpace objects, 0(0B) LOS objects, 36% free, 28MB/44MB, paused 289us total 37.581ms
08-05 01:21:34.827  6162  6387 I art     : Starting a blocking GC Explicit
08-05 01:21:34.864  6162  6387 I art     : Explicit concurrent mark sweep GC freed 3(96B) AllocSpace objects, 0(0B) LOS objects, 36% free, 28MB/44MB, paused 278us total 37.011ms
08-05 01:21:34.878  6162  6387 I art     : Starting a blocking GC Explicit
08-05 01:21:34.916  6162  6387 I art     : Explicit concurrent mark sweep GC freed 3(96B) AllocSpace objects, 0(0B) LOS objects, 36% free, 28MB/44MB, paused 298us total 37.336ms
08-05 01:21:35.229  6162  6175 I art     : Starting a blocking GC Explicit
08-05 01:21:35.273  6162  6175 I art     : Explicit concurrent mark sweep GC freed 1344(82KB) AllocSpace objects, 1(20KB) LOS objects, 36% free, 28MB/44MB, paused 296us total 42.909ms
08-05 01:21:35.287  6162  6175 I art     : Starting a blocking GC Explicit
08-05 01:21:35.324  6162  6175 I art     : Explicit concurrent mark sweep GC freed 20(704B) AllocSpace objects, 0(0B) LOS objects, 36% free, 28MB/44MB, paused 292us total 36.653ms
08-05 01:21:35.338  6162  6175 I art     : Starting a blocking GC Explicit
08-05 01:21:35.375  6162  6175 I art     : Explicit concurrent mark sweep GC freed 3(96B) AllocSpace objects, 0(0B) LOS objects, 36% free, 28MB/44MB, paused 288us total 36.618ms
08-05 01:21:35.390  6162  6175 I art     : Starting a blocking GC Explicit
08-05 01:21:35.427  6162  6175 I art     : Explicit concurrent mark sweep GC freed 3(96B) AllocSpace objects, 0(0B) LOS objects, 36% free, 28MB/44MB, paused 313us total 37.380ms
08-05 01:21:35.442  6162  6175 I art     : Starting a blocking GC Explicit
08-05 01:21:35.479  6162  6175 I art     : Explicit concurrent mark sweep GC freed 3(96B) AllocSpace objects, 0(0B) LOS objects, 36% free, 28MB/44MB, paused 284us total 37.202ms
08-05 01:21:35.811  6162  6186 I art     : Starting a blocking GC Explicit
08-05 01:21:35.857  6162  6186 I art     : Explicit concurrent mark sweep GC freed 1343(82KB) AllocSpace objects, 1(20KB) LOS objects, 36% free, 28MB/44MB, paused 327us total 46.567ms
08-05 01:21:35.874  6162  6186 I art     : Starting a blocking GC Explicit
08-05 01:21:35.911  6162  6186 I art     : Explicit concurrent mark sweep GC freed 20(704B) AllocSpace objects, 0(0B) LOS objects, 36% free, 28MB/44MB, paused 291us total 37.189ms
08-05 01:21:35.926  6162  6186 I art     : Starting a blocking GC Explicit
08-05 01:21:35.964  6162  6186 I art     : Explicit concurrent mark sweep GC freed 3(96B) AllocSpace objects, 0(0B) LOS objects, 36% free, 28MB/44MB, paused 296us total 37.642ms
08-05 01:21:35.978  6162  6186 I art     : Starting a blocking GC Explicit
08-05 01:21:36.015  6162  6186 I art     : Explicit concurrent mark sweep GC freed 3(96B) AllocSpace objects, 0(0B) LOS objects, 36% free, 28MB/44MB, paused 288us total 36.988ms
08-05 01:21:36.030  6162  6186 I art     : Starting a blocking GC Explicit
08-05 01:21:36.068  6162  6186 I art     : Explicit concurrent mark sweep GC freed 3(96B) AllocSpace objects, 0(0B) LOS objects, 36% free, 28MB/44MB, paused 309us total 37.643ms
08-05 01:21:36.349  6162  6173 I art     : Starting a blocking GC Explicit
08-05 01:21:36.386  6162  6173 I art     : Explicit concurrent mark sweep GC freed 1349(82KB) AllocSpace objects, 1(20KB) LOS objects, 36% free, 28MB/44MB, paused 320us total 36.625ms
08-05 01:21:36.400  6162  6173 I art     : Starting a blocking GC Explicit
08-05 01:21:36.436  6162  6173 I art     : Explicit concurrent mark sweep GC freed 20(704B) AllocSpace objects, 0(0B) LOS objects, 36% free, 28MB/44MB, paused 290us total 35.717ms
08-05 01:21:36.450  6162  6173 I art     : Starting a blocking GC Explicit
08-05 01:21:36.485  6162  6173 I art     : Explicit concurrent mark sweep GC freed 3(96B) AllocSpace objects, 0(0B) LOS objects, 36% free, 28MB/44MB, paused 283us total 34.645ms
08-05 01:21:36.499  6162  6173 I art     : Starting a blocking GC Explicit
08-05 01:21:36.534  6162  6173 I art     : Explicit concurrent mark sweep GC freed 3(96B) AllocSpace objects, 0(0B) LOS objects, 36% free, 28MB/44MB, paused 279us total 34.795ms
08-05 01:21:36.548  6162  6173 I art     : Starting a blocking GC Explicit
08-05 01:21:36.582  6162  6173 I art     : Explicit concurrent mark sweep GC freed 3(96B) AllocSpace objects, 0(0B) LOS objects, 36% free, 28MB/44MB, paused 281us total 34.570ms
08-05 01:21:36.637  8104  8104 D AndroidRuntime: >>>>>> START com.android.internal.os.RuntimeInit uid 2000 <<<<<<
08-05 01:21:36.642  8104  8104 D AndroidRuntime: CheckJNI is OFF
08-05 01:21:36.676  8104  8104 D ICU     : No timezone override file found: /data/misc/zoneinfo/current/icu/icu_tzdata.dat
08-05 01:21:36.714  8104  8104 I Radio-JNI: register_android_hardware_Radio DONE
08-05 01:21:36.738  8104  8104 D AndroidRuntime: Calling main entry com.android.commands.input.Input
08-05 01:21:36.740  8104  8104 I Input   : injectMotionEvent: MotionEvent { action=ACTION_DOWN, actionButton=0, id[0]=0, x[0]=600.0, y[0]=580.0, toolType[0]=TOOL_TYPE_UNKNOWN, buttonState=0, metaState=0, flags=0x0, edgeFlags=0x0, pointerCount=1, historySize=0, eventTime=753713152, downTime=753713152, deviceId=0, source=0x1002 }
08-05 01:21:36.746  8104  8104 I Input   : injectMotionEvent: MotionEvent { action=ACTION_UP, actionButton=0, id[0]=0, x[0]=600.0, y[0]=580.0, toolType[0]=TOOL_TYPE_UNKNOWN, buttonState=0, metaState=0, flags=0x0, edgeFlags=0x0, pointerCount=1, historySize=0, eventTime=753713152, downTime=753713152, deviceId=0, source=0x1002 }
08-05 01:21:36.749  8104  8104 D AndroidRuntime: Shutting down VM
08-05 01:21:36.769   512  2967 D audio_hw_primary: out_set_parameters: enter: usecase(1: low-latency-playback) kvpairs: routing=2
08-05 01:21:36.769   918   929 I ActivityManager: START u0 {cmp=baseline.org.quantumbadger.redreader/.activities.WebViewActivity (has extras)} from uid 10689 on display 0
08-05 01:21:36.782   512  2967 D audio_hw_primary: select_devices: out_snd_device(2: speaker) in_snd_device(0: none)
08-05 01:21:36.782   512  2967 D msm8974_platform: platform_send_audio_calibration: sending audio calibration for snd_device(2) acdb_id(15)
08-05 01:21:36.782   512  2967 I soundtrigger: audio_extn_sound_trigger_update_device_status: device 0x2 of type 0 for Event 1
08-05 01:21:36.791  6162  6162 I AppCompatViewInflater: app:theme is now deprecated. Please move to using android:theme instead.
08-05 01:21:36.793   512  2967 D audio_hw_primary: enable_snd_device: snd_device(2: speaker)
08-05 01:21:36.795   512  2967 D audio_hw_primary: enable_audio_route: apply and update mixer path: low-latency-playback speaker
08-05 01:21:36.806  6162  6162 I WebViewFactory: Loading com.google.android.webview version 84.0.4147.89 (code 414708953)
08-05 01:21:36.864  6162  6387 I art     : Starting a blocking GC Explicit
08-05 01:21:36.876  6162  6162 I cr_LibraryLoader: Loaded native library version number "84.0.4147.89"
08-05 01:21:36.877  6162  6162 I cr_CachingUmaRecorder: Flushed 5 samples from 5 histograms.
08-05 01:21:36.903  6162  6387 I art     : Explicit concurrent mark sweep GC freed 6857(606KB) AllocSpace objects, 3(60KB) LOS objects, 35% free, 29MB/45MB, paused 825us total 39.113ms
08-05 01:21:36.914  6162  6162 E chromium: [ERROR:filesystem_posix.cc(62)] mkdir /data/user/0/baseline.org.quantumbadger.redreader/cache/WebView/Crashpad: No such file or directory (2)
08-05 01:21:36.917  6162  6387 I art     : Starting a blocking GC Explicit
08-05 01:21:36.956  6162  6387 I art     : Explicit concurrent mark sweep GC freed 6961(569KB) AllocSpace objects, 3(76KB) LOS objects, 35% free, 28MB/44MB, paused 647us total 38.894ms
08-05 01:21:36.985  6162  6387 I art     : Starting a blocking GC Explicit
08-05 01:21:36.997   918  6029 D ConnectivityService: listenForNetwork for Listen from uid/pid:10689/6162 for NetworkRequest [ id=3050, legacyType=-1, [ Capabilities: INTERNET&NOT_RESTRICTED&TRUSTED] ]
08-05 01:21:37.021  6162  6387 I art     : Explicit concurrent mark sweep GC freed 1290(113KB) AllocSpace objects, 0(0B) LOS objects, 35% free, 29MB/45MB, paused 847us total 35.537ms
08-05 01:21:37.046  6162  8153 W cr_media: Requires BLUETOOTH permission
08-05 01:21:37.051  6162  6387 I art     : Starting a blocking GC Explicit
08-05 01:21:37.063  6162  8164 E libEGL  : validate_display:255 error 3008 (EGL_BAD_DISPLAY)
08-05 01:21:37.094  6162  6387 I art     : Explicit concurrent mark sweep GC freed 2062(137KB) AllocSpace objects, 0(0B) LOS objects, 35% free, 29MB/45MB, paused 581us total 42.870ms
08-05 01:21:37.108  6162  6387 I art     : Starting a blocking GC Explicit
08-05 01:21:37.142  6162  6387 I art     : Explicit concurrent mark sweep GC freed 444(24KB) AllocSpace objects, 0(0B) LOS objects, 35% free, 29MB/45MB, paused 353us total 33.846ms
08-05 01:21:37.192 13866 13866 I GoogleInputMethodServic: GoogleInputMethodService.onFinishInput():3138 
08-05 01:21:37.192   918   936 I ActivityManager: Displayed baseline.org.quantumbadger.redreader/.activities.WebViewActivity: +415ms
08-05 01:21:37.193 13866 13866 I GoogleInputMethodServic: GoogleInputMethodService.onStartInput():1808 
08-05 01:21:37.328   512  2967 D audio_hw_primary: disable_audio_route: reset and update mixer path: low-latency-playback speaker
08-05 01:21:37.329   512  2967 D audio_hw_primary: disable_snd_device: snd_device(2: speaker)
08-05 01:21:37.339   512  2967 I soundtrigger: audio_extn_sound_trigger_update_device_status: device 0x2 of type 0 for Event 0
08-05 01:21:37.436  6162  6387 I art     : Starting a blocking GC Explicit
08-05 01:21:37.442   380   380 W SurfaceFlinger: couldn't log to binary event log: overflow.
08-05 01:21:37.484  6162  6387 I art     : Explicit concurrent mark sweep GC freed 4971(272KB) AllocSpace objects, 4(220KB) LOS objects, 35% free, 29MB/45MB, paused 390us total 47.023ms
08-05 01:21:37.498  6162  6387 I art     : Starting a blocking GC Explicit
08-05 01:21:37.532  6162  6387 I art     : Explicit concurrent mark sweep GC freed 1042(122KB) AllocSpace objects, 0(0B) LOS objects, 35% free, 29MB/45MB, paused 719us total 34.411ms
08-05 01:21:37.547  6162  6387 I art     : Starting a blocking GC Explicit
08-05 01:21:37.580  6162  6387 I art     : Explicit concurrent mark sweep GC freed 797(57KB) AllocSpace objects, 0(0B) LOS objects, 35% free, 29MB/45MB, paused 520us total 32.983ms
08-05 01:21:37.594  6162  6387 I art     : Starting a blocking GC Explicit
08-05 01:21:37.630  6162  6387 I art     : Explicit concurrent mark sweep GC freed 358(24KB) AllocSpace objects, 0(0B) LOS objects, 35% free, 29MB/45MB, paused 435us total 36.039ms
08-05 01:21:37.645  6162  6387 I art     : Starting a blocking GC Explicit
08-05 01:21:37.679  6162  6387 I art     : Explicit concurrent mark sweep GC freed 18(944B) AllocSpace objects, 0(0B) LOS objects, 35% free, 29MB/45MB, paused 499us total 33.795ms
08-05 01:21:37.970  6162  6175 I art     : Starting a blocking GC Explicit
08-05 01:21:38.006  6162  6175 I art     : Explicit concurrent mark sweep GC freed 3305(165KB) AllocSpace objects, 1(20KB) LOS objects, 35% free, 29MB/45MB, paused 479us total 36.452ms
08-05 01:21:38.021  6162  6175 I art     : Starting a blocking GC Explicit
08-05 01:21:38.055  6162  6175 I art     : Explicit concurrent mark sweep GC freed 66(2208B) AllocSpace objects, 0(0B) LOS objects, 35% free, 29MB/45MB, paused 486us total 34.214ms
08-05 01:21:38.069  6162  6175 I art     : Starting a blocking GC Explicit
08-05 01:21:38.103  6162  6175 I art     : Explicit concurrent mark sweep GC freed 3(96B) AllocSpace objects, 0(0B) LOS objects, 35% free, 29MB/45MB, paused 622us total 34.513ms
08-05 01:21:38.117  6162  6175 I art     : Starting a blocking GC Explicit
08-05 01:21:38.151  6162  6175 I art     : Explicit concurrent mark sweep GC freed 3(96B) AllocSpace objects, 0(0B) LOS objects, 35% free, 29MB/45MB, paused 443us total 33.730ms
08-05 01:21:38.164  6162  6175 I art     : Starting a blocking GC Explicit
08-05 01:21:38.198  6162  6175 I art     : Explicit concurrent mark sweep GC freed 3(96B) AllocSpace objects, 0(0B) LOS objects, 35% free, 29MB/45MB, paused 450us total 33.248ms
08-05 01:21:38.373  6162  6162 I Choreographer: Skipped 40 frames!  The application may be doing too much work on its main thread.
08-05 01:21:38.513  6162  6173 I art     : Starting a blocking GC Explicit
08-05 01:21:38.553  6162  6173 I art     : Explicit concurrent mark sweep GC freed 1383(83KB) AllocSpace objects, 1(20KB) LOS objects, 35% free, 29MB/45MB, paused 351us total 39.743ms
08-05 01:21:38.569  6162  6173 I art     : Starting a blocking GC Explicit
08-05 01:21:38.611  6162  6173 I art     : Explicit concurrent mark sweep GC freed 26(896B) AllocSpace objects, 0(0B) LOS objects, 35% free, 29MB/45MB, paused 570us total 41.598ms
08-05 01:21:38.626  6162  6173 I art     : Starting a blocking GC Explicit
08-05 01:21:38.669  6162  6173 I art     : Explicit concurrent mark sweep GC freed 1979(81KB) AllocSpace objects, 0(0B) LOS objects, 35% free, 29MB/45MB, paused 635us total 42.784ms
08-05 01:21:38.686  6162  6173 I art     : Starting a blocking GC Explicit
08-05 01:21:38.724  6162  6173 I art     : Explicit concurrent mark sweep GC freed 55(1792B) AllocSpace objects, 0(0B) LOS objects, 35% free, 29MB/45MB, paused 476us total 38.270ms
08-05 01:21:38.738  6162  6173 I art     : Starting a blocking GC Explicit
08-05 01:21:38.781  6162  6173 I art     : Explicit concurrent mark sweep GC freed 14(432B) AllocSpace objects, 0(0B) LOS objects, 35% free, 29MB/45MB, paused 442us total 42.566ms
08-05 01:21:38.823   518   646 I ThermalEngine: ACTION: GPU - Setting GPU[0] to 450000000
08-05 01:21:39.139  6162  6173 I art     : Starting a blocking GC Explicit
08-05 01:21:39.181  6162  6173 I art     : Explicit concurrent mark sweep GC freed 1575(115KB) AllocSpace objects, 1(20KB) LOS objects, 35% free, 29MB/45MB, paused 448us total 40.854ms
08-05 01:21:39.199  6162  6173 I art     : Starting a blocking GC Explicit
08-05 01:21:39.246  6162  6173 I art     : Explicit concurrent mark sweep GC freed 86(2928B) AllocSpace objects, 0(0B) LOS objects, 35% free, 29MB/45MB, paused 450us total 47.111ms
08-05 01:21:39.247  6162  6172 I art     : WaitForGcToComplete blocked for 18.162ms for cause HeapTrim
08-05 01:21:39.264  6162  6173 I art     : Starting a blocking GC Explicit
08-05 01:21:39.308  6162  6173 I art     : Explicit concurrent mark sweep GC freed 4(112B) AllocSpace objects, 0(0B) LOS objects, 35% free, 29MB/45MB, paused 575us total 43.144ms
08-05 01:21:39.325  6162  6173 I art     : Starting a blocking GC Explicit
08-05 01:21:39.364  6162  6173 I art     : Explicit concurrent mark sweep GC freed 5(144B) AllocSpace objects, 0(0B) LOS objects, 35% free, 29MB/45MB, paused 473us total 39.423ms
08-05 01:21:39.382  6162  6173 I art     : Starting a blocking GC Explicit
08-05 01:21:39.425  6162  6173 I art     : Explicit concurrent mark sweep GC freed 3(96B) AllocSpace objects, 0(0B) LOS objects, 35% free, 29MB/45MB, paused 492us total 43.094ms
08-05 01:21:39.799  6162  6186 I art     : Starting a blocking GC Explicit
08-05 01:21:39.849  6162  6186 I art     : Explicit concurrent mark sweep GC freed 1355(82KB) AllocSpace objects, 1(20KB) LOS objects, 35% free, 29MB/45MB, paused 583us total 49.867ms
08-05 01:21:39.868  6162  6186 I art     : Starting a blocking GC Explicit
08-05 01:21:39.913  6162  6186 I art     : Explicit concurrent mark sweep GC freed 20(704B) AllocSpace objects, 0(0B) LOS objects, 35% free, 29MB/45MB, paused 529us total 44.493ms
08-05 01:21:39.932  6162  6186 I art     : Starting a blocking GC Explicit
08-05 01:21:39.979  6162  6186 I art     : Explicit concurrent mark sweep GC freed 3(96B) AllocSpace objects, 0(0B) LOS objects, 35% free, 29MB/45MB, paused 530us total 46.925ms
08-05 01:21:39.997  6162  6186 I art     : Starting a blocking GC Explicit
08-05 01:21:40.041  6162  6186 I art     : Explicit concurrent mark sweep GC freed 3(96B) AllocSpace objects, 0(0B) LOS objects, 35% free, 29MB/45MB, paused 526us total 43.803ms
08-05 01:21:40.060  6162  6186 I art     : Starting a blocking GC Explicit
08-05 01:21:40.071  6162  6162 I chromium: [INFO:CONSOLE(1)] "
08-05 01:21:40.071  6162  6162 I chromium:                   ,d"=,.,qOp,
08-05 01:21:40.071  6162  6162 I chromium:                  ,7'  ''$(  )
08-05 01:21:40.071  6162  6162 I chromium:                 ,7'      '?q$7'
08-05 01:21:40.071  6162  6162 I chromium:              ..,$$,.
08-05 01:21:40.071  6162  6162 I chromium:    ,.  .,,--***""***--,,.  .,
08-05 01:21:40.071  6162  6162 I chromium:     ,p''              ''q,   
08-05 01:21:40.071  6162  6162 I chromium: :  ,7'                      '7,  :
08-05 01:21:40.071  6162  6162 I chromium:  ' $      ,db,      ,db,      $ '
08-05 01:21:40.071  6162  6162 I chromium:   '$      $$      $$      $'    Using Reddit at work? Work for Reddit.
08-05 01:21:40.071  6162  6162 I chromium:   '$                          $'        https://www.reddit.com/jobs
08-05 01:21:40.071  6162  6162 I chromium:    '$.     .,        ,.     .$'
08-05 01:21:40.071  6162  6162 I chromium:     'b,     ''     ,d'
08-05 01:21:40.071  6162  6162 I chromium:      '?bn,,          ,,nd?'
08-05 01:21:40.071  6162  6162 I chromium:        ,7$ '''' $7,
08-05 01:21:40.071  6162  6162 I chromium:      , $              $ ,
08-05 01:21:40.071  6162  6162 I chromium:      $  :$              $:  $
08-05 01:21:40.071  6162  6162 I chromium:      $   $              $   $
08-05 01:21:40.071  6162  6162 I chromium:      'b  q:            :p  d'
08-05 01:21:40.071  6162  6162 I chromium:       '?$.          .$?'
08-05 01:21:40.071  6162  6162 I chromium:          'b            d'
08-05 01:21:40.071  6162  6162 I chromium:        ,'?,.      .,?',
08-05 01:21:40.071  6162  6162 I chromium:       ==--==--==--==
08-05 01:21:40.071  6162  6162 I chromium: ", source: https://www.redditstatic.com/desktop2x/Chat~Governance~Reddit.2ea93b134a9b2e5b1d9a.js (1)
08-05 01:21:40.107  6162  6186 I art     : Explicit concurrent mark sweep GC freed 9(2464B) AllocSpace objects, 0(0B) LOS objects, 35% free, 29MB/45MB, paused 657us total 47.296ms
08-05 01:21:40.477  6162  6387 I art     : Starting a blocking GC Explicit
08-05 01:21:40.526  6162  6387 I art     : Explicit concurrent mark sweep GC freed 1358(83KB) AllocSpace objects, 1(20KB) LOS objects, 35% free, 29MB/45MB, paused 526us total 49.364ms
08-05 01:21:40.546  6162  6387 I art     : Starting a blocking GC Explicit
08-05 01:21:40.593  6162  6387 I art     : Explicit concurrent mark sweep GC freed 32(1552B) AllocSpace objects, 0(0B) LOS objects, 35% free, 29MB/45MB, paused 556us total 47.327ms
08-05 01:21:40.611  6162  6387 I art     : Starting a blocking GC Explicit
08-05 01:21:40.661  6162  6387 I art     : Explicit concurrent mark sweep GC freed 5(160B) AllocSpace objects, 0(0B) LOS objects, 35% free, 29MB/45MB, paused 588us total 49.312ms
08-05 01:21:40.681  6162  6387 I art     : Starting a blocking GC Explicit
08-05 01:21:40.730  6162  6387 I art     : Explicit concurrent mark sweep GC freed 3(96B) AllocSpace objects, 0(0B) LOS objects, 35% free, 29MB/45MB, paused 570us total 48.415ms
08-05 01:21:40.749  6162  6387 I art     : Starting a blocking GC Explicit
08-05 01:21:40.797  6162  6387 I art     : Explicit concurrent mark sweep GC freed 3(96B) AllocSpace objects, 0(0B) LOS objects, 35% free, 29MB/45MB, paused 553us total 47.207ms
08-05 01:21:41.164  6162  6175 I art     : Starting a blocking GC Explicit
08-05 01:21:41.211  6162  6175 I art     : Explicit concurrent mark sweep GC freed 1384(84KB) AllocSpace objects, 1(20KB) LOS objects, 35% free, 29MB/45MB, paused 545us total 47.490ms
08-05 01:21:41.231  6162  6175 I art     : Starting a blocking GC Explicit
08-05 01:21:41.272  6162  6175 I art     : Explicit concurrent mark sweep GC freed 198(10KB) AllocSpace objects, 0(0B) LOS objects, 35% free, 29MB/45MB, paused 552us total 41.582ms
08-05 01:21:41.290  6162  6175 I art     : Starting a blocking GC Explicit
08-05 01:21:41.332  6162  6175 I art     : Explicit concurrent mark sweep GC freed 7(272B) AllocSpace objects, 0(0B) LOS objects, 35% free, 29MB/45MB, paused 447us total 41.804ms
08-05 01:21:41.350  6162  6175 I art     : Starting a blocking GC Explicit
08-05 01:21:41.398  6162  6175 I art     : Explicit concurrent mark sweep GC freed 3(96B) AllocSpace objects, 0(0B) LOS objects, 35% free, 29MB/45MB, paused 501us total 47.910ms
08-05 01:21:41.417  6162  6175 I art     : Starting a blocking GC Explicit
08-05 01:21:41.461  6162  6175 I art     : Explicit concurrent mark sweep GC freed 3(96B) AllocSpace objects, 0(0B) LOS objects, 35% free, 29MB/45MB, paused 473us total 44.401ms
08-05 01:21:41.778  6162  8135 I RedditChangeDataIO: Writing tmp data file at '/data/user/0/baseline.org.quantumbadger.redreader/files/rr_change_data_tmp.dat'
08-05 01:21:41.779  6162  8135 I RedditChangeDataManager: Taking snapshot...
08-05 01:21:41.779  6162  8135 I RedditChangeDataManager: Writing to stream...
08-05 01:21:41.779  6162  8135 I RedditChangeDataManager: Wrote 4 entries for user ''
08-05 01:21:41.779  6162  8135 I RedditChangeDataManager: All entries written to stream.
08-05 01:21:41.779  6162  8135 I RedditChangeDataIO: Write successful. Atomically replacing data file...
08-05 01:21:41.780  6162  8135 I RedditChangeDataIO: Write complete.
08-05 01:21:41.780  6162  8135 I RedditChangeDataIO: 110 bytes written in 2 ms
08-05 01:21:41.819  6162  6173 I art     : Starting a blocking GC Explicit
08-05 01:21:41.875  6162  6173 I art     : Explicit concurrent mark sweep GC freed 1451(90KB) AllocSpace objects, 2(88KB) LOS objects, 35% free, 29MB/45MB, paused 588us total 56.251ms
08-05 01:21:41.895  6162  6173 I art     : Starting a blocking GC Explicit
08-05 01:21:41.944  6162  6173 I art     : Explicit concurrent mark sweep GC freed 23(800B) AllocSpace objects, 0(0B) LOS objects, 35% free, 29MB/45MB, paused 519us total 48.638ms
08-05 01:21:41.963  6162  6173 I art     : Starting a blocking GC Explicit
08-05 01:21:42.009  6162  6173 I art     : Explicit concurrent mark sweep GC freed 3(96B) AllocSpace objects, 0(0B) LOS objects, 35% free, 29MB/45MB, paused 479us total 46.062ms
08-05 01:21:42.028  6162  6173 I art     : Starting a blocking GC Explicit
08-05 01:21:42.074  6162  6173 I art     : Explicit concurrent mark sweep GC freed 49(2656B) AllocSpace objects, 0(0B) LOS objects, 35% free, 29MB/45MB, paused 476us total 45.432ms
08-05 01:21:42.092  6162  6173 I art     : Starting a blocking GC Explicit
08-05 01:21:42.137  6162  6173 I art     : Explicit concurrent mark sweep GC freed 3(96B) AllocSpace objects, 0(0B) LOS objects, 35% free, 29MB/45MB, paused 575us total 44.963ms
08-05 01:21:42.503  6162  6387 I art     : Starting a blocking GC Explicit
08-05 01:21:42.552  6162  6387 I art     : Explicit concurrent mark sweep GC freed 1355(82KB) AllocSpace objects, 1(20KB) LOS objects, 35% free, 29MB/45MB, paused 601us total 48.270ms
08-05 01:21:42.573  6162  6387 I art     : Starting a blocking GC Explicit
08-05 01:21:42.622  6162  6387 I art     : Explicit concurrent mark sweep GC freed 22(784B) AllocSpace objects, 0(0B) LOS objects, 35% free, 29MB/45MB, paused 493us total 48.493ms
08-05 01:21:42.641  6162  6387 I art     : Starting a blocking GC Explicit
08-05 01:21:42.693  6162  6387 I art     : Explicit concurrent mark sweep GC freed 3(96B) AllocSpace objects, 0(0B) LOS objects, 35% free, 29MB/45MB, paused 530us total 52.279ms
08-05 01:21:42.714  6162  6387 I art     : Starting a blocking GC Explicit
08-05 01:21:42.761  6162  6387 I art     : Explicit concurrent mark sweep GC freed 3(96B) AllocSpace objects, 0(0B) LOS objects, 35% free, 29MB/45MB, paused 485us total 46.711ms
08-05 01:21:42.786  6162  6387 I art     : Starting a blocking GC Explicit
08-05 01:21:42.835  6162  6387 I art     : Explicit concurrent mark sweep GC freed 3(96B) AllocSpace objects, 0(0B) LOS objects, 35% free, 29MB/45MB, paused 493us total 48.911ms
08-05 01:21:43.228  6162  6186 I art     : Starting a blocking GC Explicit
08-05 01:21:43.283  6162  6186 I art     : Explicit concurrent mark sweep GC freed 1355(82KB) AllocSpace objects, 1(20KB) LOS objects, 35% free, 29MB/45MB, paused 491us total 54.586ms
08-05 01:21:43.302  6162  6186 I art     : Starting a blocking GC Explicit
08-05 01:21:43.349  6162  6186 I art     : Explicit concurrent mark sweep GC freed 20(704B) AllocSpace objects, 0(0B) LOS objects, 35% free, 29MB/45MB, paused 538us total 46.848ms
08-05 01:21:43.368  6162  6186 I art     : Starting a blocking GC Explicit
08-05 01:21:43.409  6162  6186 I art     : Explicit concurrent mark sweep GC freed 3(96B) AllocSpace objects, 0(0B) LOS objects, 35% free, 29MB/45MB, paused 564us total 40.984ms
08-05 01:21:43.428  6162  6186 I art     : Starting a blocking GC Explicit
08-05 01:21:43.479  6162  6186 I art     : Explicit concurrent mark sweep GC freed 3(96B) AllocSpace objects, 0(0B) LOS objects, 35% free, 29MB/45MB, paused 598us total 51.330ms
08-05 01:21:43.498  6162  6186 I art     : Starting a blocking GC Explicit
08-05 01:21:43.545  6162  6186 I art     : Explicit concurrent mark sweep GC freed 3(96B) AllocSpace objects, 0(0B) LOS objects, 35% free, 29MB/45MB, paused 452us total 47.150ms
08-05 01:21:43.919  6162  6186 I art     : Starting a blocking GC Explicit
08-05 01:21:43.974  6162  6186 I art     : Explicit concurrent mark sweep GC freed 1355(82KB) AllocSpace objects, 1(20KB) LOS objects, 35% free, 29MB/45MB, paused 617us total 54.344ms
08-05 01:21:43.997  6162  6186 I art     : Starting a blocking GC Explicit
08-05 01:21:44.045  6162  6186 I art     : Explicit concurrent mark sweep GC freed 20(704B) AllocSpace objects, 0(0B) LOS objects, 35% free, 29MB/45MB, paused 531us total 48.073ms
08-05 01:21:44.064  6162  6186 I art     : Starting a blocking GC Explicit
08-05 01:21:44.115  6162  6186 I art     : Explicit concurrent mark sweep GC freed 3(96B) AllocSpace objects, 0(0B) LOS objects, 35% free, 29MB/45MB, paused 472us total 50.429ms
08-05 01:21:44.133  6162  6186 I art     : Starting a blocking GC Explicit
08-05 01:21:44.186  6162  6186 I art     : Explicit concurrent mark sweep GC freed 3(96B) AllocSpace objects, 0(0B) LOS objects, 35% free, 29MB/45MB, paused 473us total 52.631ms
08-05 01:21:44.205  6162  6186 I art     : Starting a blocking GC Explicit
08-05 01:21:44.252  6162  6186 I art     : Explicit concurrent mark sweep GC freed 3(96B) AllocSpace objects, 0(0B) LOS objects, 35% free, 29MB/45MB, paused 691us total 46.924ms
08-05 01:21:44.631  6162  6175 I art     : Starting a blocking GC Explicit
08-05 01:21:44.683  6162  6175 I art     : Explicit concurrent mark sweep GC freed 1355(82KB) AllocSpace objects, 1(20KB) LOS objects, 35% free, 29MB/45MB, paused 528us total 52.155ms
08-05 01:21:44.702  6162  6175 I art     : Starting a blocking GC Explicit
08-05 01:21:44.749  6162  6175 I art     : Explicit concurrent mark sweep GC freed 20(704B) AllocSpace objects, 0(0B) LOS objects, 35% free, 29MB/45MB, paused 540us total 46.898ms
08-05 01:21:44.768  6162  6175 I art     : Starting a blocking GC Explicit
08-05 01:21:44.818  6162  6175 I art     : Explicit concurrent mark sweep GC freed 3(96B) AllocSpace objects, 0(0B) LOS objects, 35% free, 29MB/45MB, paused 528us total 49.690ms
08-05 01:21:44.837  6162  6175 I art     : Starting a blocking GC Explicit
08-05 01:21:44.891  6162  6175 I art     : Explicit concurrent mark sweep GC freed 3(96B) AllocSpace objects, 0(0B) LOS objects, 35% free, 29MB/45MB, paused 520us total 54.015ms
08-05 01:21:44.910  6162  6175 I art     : Starting a blocking GC Explicit
08-05 01:21:44.958  6162  6175 I art     : Explicit concurrent mark sweep GC freed 3(96B) AllocSpace objects, 0(0B) LOS objects, 35% free, 29MB/45MB, paused 459us total 48.391ms
08-05 01:21:45.307  6162  6387 I art     : Starting a blocking GC Explicit
08-05 01:21:45.354  6162  6387 I art     : Explicit concurrent mark sweep GC freed 1355(82KB) AllocSpace objects, 1(20KB) LOS objects, 35% free, 29MB/45MB, paused 608us total 45.924ms
08-05 01:21:45.373  6162  6387 I art     : Starting a blocking GC Explicit
08-05 01:21:45.414  6162  6387 I art     : Explicit concurrent mark sweep GC freed 20(704B) AllocSpace objects, 0(0B) LOS objects, 35% free, 29MB/45MB, paused 467us total 40.488ms
08-05 01:21:45.431  6162  6387 I art     : Starting a blocking GC Explicit
08-05 01:21:45.475  6162  6387 I art     : Explicit concurrent mark sweep GC freed 3(96B) AllocSpace objects, 0(0B) LOS objects, 35% free, 29MB/45MB, paused 502us total 43.260ms
08-05 01:21:45.493  6162  6387 I art     : Starting a blocking GC Explicit
08-05 01:21:45.534  6162  6387 I art     : Explicit concurrent mark sweep GC freed 3(96B) AllocSpace objects, 0(0B) LOS objects, 35% free, 29MB/45MB, paused 464us total 40.726ms
08-05 01:21:45.553  6162  6387 I art     : Starting a blocking GC Explicit
08-05 01:21:45.560  8303  8303 D AndroidRuntime: >>>>>> START com.android.internal.os.RuntimeInit uid 2000 <<<<<<
08-05 01:21:45.566  8303  8303 D AndroidRuntime: CheckJNI is OFF
08-05 01:21:45.598  6162  6387 I art     : Explicit concurrent mark sweep GC freed 3(96B) AllocSpace objects, 0(0B) LOS objects, 35% free, 29MB/45MB, paused 492us total 45.065ms
08-05 01:21:45.608  8303  8303 D ICU     : No timezone override file found: /data/misc/zoneinfo/current/icu/icu_tzdata.dat
08-05 01:21:45.647  8303  8303 I Radio-JNI: register_android_hardware_Radio DONE
08-05 01:21:45.675  8303  8303 D AndroidRuntime: Calling main entry com.android.commands.input.Input
08-05 01:21:45.678  8303  8303 I Input   : injectKeyEvent: KeyEvent { action=ACTION_DOWN, keyCode=KEYCODE_BACK, scanCode=0, metaState=0, flags=0x0, repeatCount=0, eventTime=753722091, downTime=753722091, deviceId=-1, source=0x101 }
08-05 01:21:45.683  8303  8303 I Input   : injectKeyEvent: KeyEvent { action=ACTION_UP, keyCode=KEYCODE_BACK, scanCode=0, metaState=0, flags=0x0, repeatCount=0, eventTime=753722091, downTime=753722091, deviceId=-1, source=0x101 }
08-05 01:21:45.688  8303  8303 D AndroidRuntime: Shutting down VM
08-05 01:21:45.736 13866 13866 I GoogleInputMethodServic: GoogleInputMethodService.onFinishInput():3138 
08-05 01:21:45.737 13866 13866 I GoogleInputMethodServic: GoogleInputMethodService.onStartInput():1808 
08-05 01:21:45.926  6162  6387 I art     : Starting a blocking GC Explicit
08-05 01:21:45.984  6162  6387 I art     : Explicit concurrent mark sweep GC freed 1634(93KB) AllocSpace objects, 1(20KB) LOS objects, 35% free, 29MB/45MB, paused 506us total 58.125ms
08-05 01:21:46.008  6162  6387 I art     : Starting a blocking GC Explicit
08-05 01:21:46.051   380   380 W SurfaceFlinger: couldn't log to binary event log: overflow.
08-05 01:21:46.059  6162  6387 I art     : Explicit concurrent mark sweep GC freed 82(3KB) AllocSpace objects, 0(0B) LOS objects, 35% free, 29MB/45MB, paused 876us total 51.487ms
08-05 01:21:46.082  6162  6387 I art     : Starting a blocking GC Explicit
08-05 01:21:46.100   918  3263 D ConnectivityService: releasing NetworkRequest NetworkRequest [ id=3050, legacyType=-1, [ Capabilities: INTERNET&NOT_RESTRICTED&TRUSTED] ]
08-05 01:21:46.122  6162  6387 I art     : Explicit concurrent mark sweep GC freed 763(38KB) AllocSpace objects, 0(0B) LOS objects, 35% free, 29MB/45MB, paused 527us total 39.975ms
08-05 01:21:46.146  6162  6387 I art     : Starting a blocking GC Explicit
08-05 01:21:46.188  6162  6387 I art     : Explicit concurrent mark sweep GC freed 236(11KB) AllocSpace objects, 0(0B) LOS objects, 35% free, 29MB/45MB, paused 627us total 42.101ms
08-05 01:21:46.207  6162  6387 I art     : Starting a blocking GC Explicit
08-05 01:21:46.248  6162  6387 I art     : Explicit concurrent mark sweep GC freed 1959(116KB) AllocSpace objects, 1(28KB) LOS objects, 35% free, 29MB/45MB, paused 495us total 40.584ms
08-05 01:21:46.606  6162  6175 I art     : Starting a blocking GC Explicit
08-05 01:21:46.667  6162  6175 I art     : Explicit concurrent mark sweep GC freed 1355(82KB) AllocSpace objects, 1(20KB) LOS objects, 35% free, 29MB/45MB, paused 493us total 60.250ms
08-05 01:21:46.686  6162  6175 I art     : Starting a blocking GC Explicit
08-05 01:21:46.732  6162  6175 I art     : Explicit concurrent mark sweep GC freed 20(704B) AllocSpace objects, 0(0B) LOS objects, 35% free, 29MB/45MB, paused 511us total 45.694ms
08-05 01:21:46.751  6162  6175 I art     : Starting a blocking GC Explicit
08-05 01:21:46.798  6162  6175 I art     : Explicit concurrent mark sweep GC freed 3(96B) AllocSpace objects, 0(0B) LOS objects, 35% free, 29MB/45MB, paused 647us total 46.777ms
08-05 01:21:46.820  6162  6175 I art     : Starting a blocking GC Explicit
08-05 01:21:46.868  6162  6175 I art     : Explicit concurrent mark sweep GC freed 3(96B) AllocSpace objects, 0(0B) LOS objects, 35% free, 29MB/45MB, paused 527us total 47.804ms
08-05 01:21:46.887  6162  6175 I art     : Starting a blocking GC Explicit
08-05 01:21:46.933  6162  6175 I art     : Explicit concurrent mark sweep GC freed 3(96B) AllocSpace objects, 0(0B) LOS objects, 35% free, 29MB/45MB, paused 509us total 45.987ms
08-05 01:21:47.276  6162  6186 I art     : Starting a blocking GC Explicit
08-05 01:21:47.328  6162  6186 I art     : Explicit concurrent mark sweep GC freed 1373(83KB) AllocSpace objects, 1(20KB) LOS objects, 35% free, 29MB/45MB, paused 562us total 51.639ms
08-05 01:21:47.346  6162  6186 I art     : Starting a blocking GC Explicit
08-05 01:21:47.395  6162  6186 I art     : Explicit concurrent mark sweep GC freed 26(928B) AllocSpace objects, 0(0B) LOS objects, 35% free, 29MB/45MB, paused 514us total 48.134ms
08-05 01:21:47.413  6162  6186 I art     : Starting a blocking GC Explicit
08-05 01:21:47.461  6162  6186 I art     : Explicit concurrent mark sweep GC freed 3(96B) AllocSpace objects, 0(0B) LOS objects, 35% free, 29MB/45MB, paused 516us total 47.098ms
08-05 01:21:47.479  6162  6186 I art     : Starting a blocking GC Explicit
08-05 01:21:47.490  8346  8346 D AndroidRuntime: >>>>>> START com.android.internal.os.RuntimeInit uid 2000 <<<<<<
08-05 01:21:47.496  8346  8346 D AndroidRuntime: CheckJNI is OFF
08-05 01:21:47.527  6162  6186 I art     : Explicit concurrent mark sweep GC freed 3(96B) AllocSpace objects, 0(0B) LOS objects, 35% free, 29MB/45MB, paused 523us total 47.499ms
08-05 01:21:47.544  8346  8346 D ICU     : No timezone override file found: /data/misc/zoneinfo/current/icu/icu_tzdata.dat
08-05 01:21:47.545  6162  6186 I art     : Starting a blocking GC Explicit
08-05 01:21:47.592  8346  8346 I Radio-JNI: register_android_hardware_Radio DONE
08-05 01:21:47.593  6162  6186 I art     : Explicit concurrent mark sweep GC freed 3(96B) AllocSpace objects, 0(0B) LOS objects, 35% free, 29MB/45MB, paused 533us total 47.656ms
08-05 01:21:47.622  8346  8346 D AndroidRuntime: Calling main entry com.android.commands.input.Input
08-05 01:21:47.624  8346  8346 I Input   : injectMotionEvent: MotionEvent { action=ACTION_DOWN, actionButton=0, id[0]=0, x[0]=600.0, y[0]=820.0, toolType[0]=TOOL_TYPE_UNKNOWN, buttonState=0, metaState=0, flags=0x0, edgeFlags=0x0, pointerCount=1, historySize=0, eventTime=753724037, downTime=753724037, deviceId=0, source=0x1002 }
08-05 01:21:47.629  8346  8346 I Input   : injectMotionEvent: MotionEvent { action=ACTION_UP, actionButton=0, id[0]=0, x[0]=600.0, y[0]=820.0, toolType[0]=TOOL_TYPE_UNKNOWN, buttonState=0, metaState=0, flags=0x0, edgeFlags=0x0, pointerCount=1, historySize=0, eventTime=753724037, downTime=753724037, deviceId=0, source=0x1002 }
08-05 01:21:47.632  8346  8346 D AndroidRuntime: Shutting down VM
08-05 01:21:47.642   512  2967 D audio_hw_primary: out_set_parameters: enter: usecase(1: low-latency-playback) kvpairs: routing=2
08-05 01:21:47.647   918  6110 I ActivityManager: START u0 {dat=https://oauth.reddit.com/... cmp=baseline.org.quantumbadger.redreader/.activities.CommentListingActivity} from uid 10689 on display 0
08-05 01:21:47.655   512  2967 D audio_hw_primary: select_devices: out_snd_device(2: speaker) in_snd_device(0: none)
08-05 01:21:47.655   512  2967 D msm8974_platform: platform_send_audio_calibration: sending audio calibration for snd_device(2) acdb_id(15)
08-05 01:21:47.656   512  2967 I soundtrigger: audio_extn_sound_trigger_update_device_status: device 0x2 of type 0 for Event 1
08-05 01:21:47.668   512  2967 D audio_hw_primary: enable_snd_device: snd_device(2: speaker)
08-05 01:21:47.670   512  2967 D audio_hw_primary: enable_audio_route: apply and update mixer path: low-latency-playback speaker
08-05 01:21:47.672  6162  6162 I AppCompatViewInflater: app:theme is now deprecated. Please move to using android:theme instead.
08-05 01:21:47.691  6162  8371 D OK      : calling: https://oauth.reddit.com/comments/hi3oht/.json?sort=confidence
08-05 01:21:47.789   918   936 I ActivityManager: Displayed baseline.org.quantumbadger.redreader/.activities.CommentListingActivity: +135ms
08-05 01:21:47.790 13866 13866 I GoogleInputMethodServic: GoogleInputMethodService.onFinishInput():3138 
08-05 01:21:47.790 13866 13866 I GoogleInputMethodServic: GoogleInputMethodService.onStartInput():1808 
08-05 01:21:47.902  6162  6186 I art     : Starting a blocking GC Explicit
08-05 01:21:47.963  6162  6186 I art     : Explicit concurrent mark sweep GC freed 6152(302KB) AllocSpace objects, 1(20KB) LOS objects, 35% free, 29MB/45MB, paused 658us total 59.923ms
08-05 01:21:47.985  6162  6186 I art     : Starting a blocking GC Explicit
08-05 01:21:48.007  6162  8371 I NAPPA_EXPERIMENTATION: MetricNetworkRequestExecutionTime: REQUEST_DURATION_SYSTEM='315',REQUEST_DURATION_OKHTTP='153',REQUEST_SYNCHRONOUS='TRUE',RESPONSE_CODE='200',RESPONSE_METHOD='GET',RESPONSE_LENGTH_OKHTTP='-1',RESPONSE_LENGTH_HEADER='167875',REQUEST_PROTOCOL='h2',REQUEST_URL='https://oauth.reddit.com/comments/hi3oht/.json?sort=confidence',
08-05 01:21:48.007  6162  8371 D OK      : request got status: 200
08-05 01:21:48.016  6162  6730 I CommentListingActivity: COMMENTS session changed to 13dc306c-a683-4e73-86d2-6a0c588fb2f4
08-05 01:21:48.043   380   380 W SurfaceFlinger: couldn't log to binary event log: overflow.
08-05 01:21:48.047  6162  6186 I art     : Explicit concurrent mark sweep GC freed 1245(139KB) AllocSpace objects, 1(16KB) LOS objects, 34% free, 29MB/45MB, paused 1.235ms total 61.050ms
08-05 01:21:48.064  6162  6186 I art     : Starting a blocking GC Explicit
08-05 01:21:48.112  6162  6186 I art     : Explicit concurrent mark sweep GC freed 5783(413KB) AllocSpace objects, 1(24KB) LOS objects, 34% free, 30MB/46MB, paused 1.036ms total 47.363ms
08-05 01:21:48.131  6162  6186 I art     : Starting a blocking GC Explicit
08-05 01:21:48.187  6162  6186 I art     : Explicit concurrent mark sweep GC freed 11752(718KB) AllocSpace objects, 1(24KB) LOS objects, 33% free, 31MB/47MB, paused 1.432ms total 55.769ms
08-05 01:21:48.206  6162  6186 I art     : Starting a blocking GC Explicit
08-05 01:21:48.219   512  2967 D audio_hw_primary: disable_audio_route: reset and update mixer path: low-latency-playback speaker
08-05 01:21:48.221   512  2967 D audio_hw_primary: disable_snd_device: snd_device(2: speaker)
08-05 01:21:48.229   512  2967 I soundtrigger: audio_extn_sound_trigger_update_device_status: device 0x2 of type 0 for Event 0
08-05 01:21:48.268  6162  6186 I art     : Explicit concurrent mark sweep GC freed 14219(907KB) AllocSpace objects, 1(20KB) LOS objects, 32% free, 32MB/48MB, paused 1.238ms total 61.073ms
08-05 01:21:48.582  6162  6173 I art     : Starting a blocking GC Explicit
08-05 01:21:48.654  6162  6173 I art     : Explicit concurrent mark sweep GC freed 64334(3MB) AllocSpace objects, 6(204KB) LOS objects, 32% free, 33MB/49MB, paused 558us total 71.444ms
08-05 01:21:48.677  6162  6173 I art     : Starting a blocking GC Explicit
08-05 01:21:48.742  6162  6173 I art     : Explicit concurrent mark sweep GC freed 37(1456B) AllocSpace objects, 0(0B) LOS objects, 32% free, 33MB/49MB, paused 509us total 64.502ms
08-05 01:21:48.765  6162  6173 I art     : Starting a blocking GC Explicit
08-05 01:21:48.831  6162  6173 I art     : Explicit concurrent mark sweep GC freed 3(96B) AllocSpace objects, 0(0B) LOS objects, 32% free, 33MB/49MB, paused 526us total 65.515ms
08-05 01:21:48.853  6162  6173 I art     : Starting a blocking GC Explicit
08-05 01:21:48.920  6162  6173 I art     : Explicit concurrent mark sweep GC freed 3(96B) AllocSpace objects, 0(0B) LOS objects, 32% free, 33MB/49MB, paused 552us total 66.349ms
08-05 01:21:48.943  6162  6173 I art     : Starting a blocking GC Explicit
08-05 01:21:49.009  6162  6173 I art     : Explicit concurrent mark sweep GC freed 3(96B) AllocSpace objects, 0(0B) LOS objects, 32% free, 33MB/49MB, paused 493us total 65.415ms
08-05 01:21:49.353  6162  6387 I art     : Starting a blocking GC Explicit
08-05 01:21:49.442  6162  6387 I art     : Explicit concurrent mark sweep GC freed 1354(82KB) AllocSpace objects, 1(20KB) LOS objects, 32% free, 33MB/49MB, paused 626us total 88.529ms
08-05 01:21:49.469  6162  6387 I art     : Starting a blocking GC Explicit
08-05 01:21:49.545  6162  6387 I art     : Explicit concurrent mark sweep GC freed 66(2528B) AllocSpace objects, 0(0B) LOS objects, 32% free, 33MB/49MB, paused 572us total 75.686ms
08-05 01:21:49.568  6162  6387 I art     : Starting a blocking GC Explicit
08-05 01:21:49.648  6162  6387 I art     : Explicit concurrent mark sweep GC freed 3(96B) AllocSpace objects, 0(0B) LOS objects, 32% free, 33MB/49MB, paused 737us total 79.610ms
08-05 01:21:49.674  6162  6387 I art     : Starting a blocking GC Explicit
08-05 01:21:49.752  6162  6387 I art     : Explicit concurrent mark sweep GC freed 3(96B) AllocSpace objects, 0(0B) LOS objects, 32% free, 33MB/49MB, paused 571us total 78.030ms
08-05 01:21:49.753  6162  6172 I art     : WaitForGcToComplete blocked for 69.385ms for cause HeapTrim
08-05 01:21:49.777  6162  6387 I art     : Starting a blocking GC Explicit
08-05 01:21:49.855  6162  6387 I art     : Explicit concurrent mark sweep GC freed 3(96B) AllocSpace objects, 0(0B) LOS objects, 32% free, 33MB/49MB, paused 616us total 77.828ms
08-05 01:21:50.220  6162  6173 I art     : Starting a blocking GC Explicit
08-05 01:21:50.313  6162  6173 I art     : Explicit concurrent mark sweep GC freed 1354(82KB) AllocSpace objects, 1(20KB) LOS objects, 32% free, 33MB/49MB, paused 569us total 92.471ms
08-05 01:21:50.338  6162  6173 I art     : Starting a blocking GC Explicit
08-05 01:21:50.416  6162  6173 I art     : Explicit concurrent mark sweep GC freed 20(704B) AllocSpace objects, 0(0B) LOS objects, 32% free, 33MB/49MB, paused 566us total 78.448ms
08-05 01:21:50.444  6162  6173 I art     : Starting a blocking GC Explicit
08-05 01:21:50.520  6162  6173 I art     : Explicit concurrent mark sweep GC freed 3(96B) AllocSpace objects, 0(0B) LOS objects, 32% free, 33MB/49MB, paused 570us total 75.457ms
08-05 01:21:50.543  6162  6173 I art     : Starting a blocking GC Explicit
08-05 01:21:50.619  6162  6173 I art     : Explicit concurrent mark sweep GC freed 3(96B) AllocSpace objects, 0(0B) LOS objects, 32% free, 33MB/49MB, paused 599us total 75.868ms
08-05 01:21:50.642  6162  6173 I art     : Starting a blocking GC Explicit
08-05 01:21:50.719  6162  6173 I art     : Explicit concurrent mark sweep GC freed 3(96B) AllocSpace objects, 0(0B) LOS objects, 32% free, 33MB/49MB, paused 599us total 76.637ms
08-05 01:21:51.085  6162  6186 I art     : Starting a blocking GC Explicit
08-05 01:21:51.176  6162  6186 I art     : Explicit concurrent mark sweep GC freed 1354(82KB) AllocSpace objects, 1(20KB) LOS objects, 32% free, 33MB/49MB, paused 608us total 90.769ms
08-05 01:21:51.204  6162  6186 I art     : Starting a blocking GC Explicit
08-05 01:21:51.278  6162  6186 I art     : Explicit concurrent mark sweep GC freed 20(704B) AllocSpace objects, 0(0B) LOS objects, 32% free, 33MB/49MB, paused 616us total 74.558ms
08-05 01:21:51.301  6162  6186 I art     : Starting a blocking GC Explicit
08-05 01:21:51.378  6162  6186 I art     : Explicit concurrent mark sweep GC freed 3(96B) AllocSpace objects, 0(0B) LOS objects, 32% free, 33MB/49MB, paused 569us total 76.495ms
08-05 01:21:51.405  6162  6186 I art     : Starting a blocking GC Explicit
08-05 01:21:51.476  6162  6186 I art     : Explicit concurrent mark sweep GC freed 3(96B) AllocSpace objects, 0(0B) LOS objects, 32% free, 33MB/49MB, paused 587us total 70.918ms
08-05 01:21:51.499  6162  6186 I art     : Starting a blocking GC Explicit
08-05 01:21:51.575  6162  6186 I art     : Explicit concurrent mark sweep GC freed 3(96B) AllocSpace objects, 0(0B) LOS objects, 32% free, 33MB/49MB, paused 565us total 75.561ms
08-05 01:21:51.925  6162  6175 I art     : Starting a blocking GC Explicit
08-05 01:21:51.973   918  3188 I hubconnection: sensorhub said: 'set_bias 3: -5.9616, 0.0000, 0.0000'
08-05 01:21:51.993  6162  6175 I art     : Explicit concurrent mark sweep GC freed 1354(82KB) AllocSpace objects, 1(20KB) LOS objects, 32% free, 33MB/49MB, paused 586us total 67.986ms
08-05 01:21:52.016  6162  6175 I art     : Starting a blocking GC Explicit
08-05 01:21:52.083  6162  6175 I art     : Explicit concurrent mark sweep GC freed 20(704B) AllocSpace objects, 0(0B) LOS objects, 32% free, 33MB/49MB, paused 590us total 67.425ms
08-05 01:21:52.106  6162  6175 I art     : Starting a blocking GC Explicit
08-05 01:21:52.176  6162  6175 I art     : Explicit concurrent mark sweep GC freed 3(96B) AllocSpace objects, 0(0B) LOS objects, 32% free, 33MB/49MB, paused 585us total 69.384ms
08-05 01:21:52.199  6162  6175 I art     : Starting a blocking GC Explicit
08-05 01:21:52.270  6162  6175 I art     : Explicit concurrent mark sweep GC freed 13(352B) AllocSpace objects, 0(0B) LOS objects, 32% free, 33MB/49MB, paused 595us total 70.563ms
08-05 01:21:52.292  6162  6175 I art     : Starting a blocking GC Explicit
08-05 01:21:52.365  6162  6175 I art     : Explicit concurrent mark sweep GC freed 34(1888B) AllocSpace objects, 0(0B) LOS objects, 32% free, 33MB/49MB, paused 595us total 72.651ms
08-05 01:21:52.417  8435  8435 D AndroidRuntime: >>>>>> START com.android.internal.os.RuntimeInit uid 2000 <<<<<<
08-05 01:21:52.424  8435  8435 D AndroidRuntime: CheckJNI is OFF
08-05 01:21:52.468  8435  8435 D ICU     : No timezone override file found: /data/misc/zoneinfo/current/icu/icu_tzdata.dat
08-05 01:21:52.518  8435  8435 I Radio-JNI: register_android_hardware_Radio DONE
08-05 01:21:52.548  8435  8435 D AndroidRuntime: Calling main entry com.android.commands.input.Input
08-05 01:21:52.551  8435  8435 I Input   : injectKeyEvent: KeyEvent { action=ACTION_DOWN, keyCode=KEYCODE_BACK, scanCode=0, metaState=0, flags=0x0, repeatCount=0, eventTime=753728964, downTime=753728964, deviceId=-1, source=0x101 }
08-05 01:21:52.557  8435  8435 I Input   : injectKeyEvent: KeyEvent { action=ACTION_UP, keyCode=KEYCODE_BACK, scanCode=0, metaState=0, flags=0x0, repeatCount=0, eventTime=753728964, downTime=753728964, deviceId=-1, source=0x101 }
08-05 01:21:52.565  8435  8435 D AndroidRuntime: Shutting down VM
08-05 01:21:52.605 13866 13866 I GoogleInputMethodServic: GoogleInputMethodService.onFinishInput():3138 
08-05 01:21:52.605 13866 13866 I GoogleInputMethodServic: GoogleInputMethodService.onStartInput():1808 
08-05 01:21:52.656  6162  8370 I RedditChangeDataIO: Writing tmp data file at '/data/user/0/baseline.org.quantumbadger.redreader/files/rr_change_data_tmp.dat'
08-05 01:21:52.657  6162  8370 I RedditChangeDataManager: Taking snapshot...
08-05 01:21:52.657  6162  8370 I RedditChangeDataManager: Writing to stream...
08-05 01:21:52.657  6162  8370 I RedditChangeDataManager: Wrote 5 entries for user ''
08-05 01:21:52.657  6162  8370 I RedditChangeDataManager: All entries written to stream.
08-05 01:21:52.657  6162  8370 I RedditChangeDataIO: Write successful. Atomically replacing data file...
08-05 01:21:52.658  6162  8370 I RedditChangeDataIO: Write complete.
08-05 01:21:52.658  6162  8370 I RedditChangeDataIO: 134 bytes written in 2 ms
08-05 01:21:52.712  6162  6387 I art     : Starting a blocking GC Explicit
08-05 01:21:52.793  6162  6387 I art     : Explicit concurrent mark sweep GC freed 1705(97KB) AllocSpace objects, 2(88KB) LOS objects, 32% free, 33MB/49MB, paused 555us total 80.842ms
08-05 01:21:52.819  6162  6387 I art     : Starting a blocking GC Explicit
08-05 01:21:52.846   518   646 I ThermalEngine: ACTION: GPU - Setting GPU[0] to 510000000
08-05 01:21:52.898  6162  6387 I art     : Explicit concurrent mark sweep GC freed 30(1056B) AllocSpace objects, 0(0B) LOS objects, 32% free, 33MB/49MB, paused 954us total 78.450ms
08-05 01:21:52.919  6162  6387 I art     : Starting a blocking GC Explicit
08-05 01:21:52.926   380   380 W SurfaceFlinger: couldn't log to binary event log: overflow.
08-05 01:21:52.968  6162  6387 I art     : Explicit concurrent mark sweep GC freed 68(2640B) AllocSpace objects, 0(0B) LOS objects, 32% free, 33MB/49MB, paused 382us total 49.143ms
08-05 01:21:52.985  6162  6387 I art     : Starting a blocking GC Explicit
08-05 01:21:53.036  6162  6387 I art     : Explicit concurrent mark sweep GC freed 11(448B) AllocSpace objects, 0(0B) LOS objects, 32% free, 33MB/49MB, paused 433us total 50.808ms
08-05 01:21:53.054  6162  6387 I art     : Starting a blocking GC Explicit
08-05 01:21:53.098  6162  6387 I art     : Explicit concurrent mark sweep GC freed 76487(4MB) AllocSpace objects, 5(140KB) LOS objects, 35% free, 29MB/45MB, paused 420us total 43.576ms
08-05 01:21:53.414  6162  6186 I art     : Starting a blocking GC Explicit
08-05 01:21:53.425  1652  1652 I Atfwd_Sendcmd: AtCmdFwd service not ready - Exhausted retry attempts - :6
08-05 01:21:53.425  1652  1652 I Atfwd_Daemon: result : -1 	 ,Init step :2 	 ,qmiErrorCode: 0
08-05 01:21:53.471  6162  6186 I art     : Explicit concurrent mark sweep GC freed 1359(83KB) AllocSpace objects, 1(20KB) LOS objects, 35% free, 29MB/45MB, paused 410us total 55.952ms
08-05 01:21:53.486  6162  6186 I art     : Starting a blocking GC Explicit
08-05 01:21:53.523  6162  6186 I art     : Explicit concurrent mark sweep GC freed 255(37KB) AllocSpace objects, 0(0B) LOS objects, 35% free, 29MB/45MB, paused 377us total 36.050ms
08-05 01:21:53.537  6162  6186 I art     : Starting a blocking GC Explicit
08-05 01:21:53.575  6162  6186 I art     : Explicit concurrent mark sweep GC freed 68(2272B) AllocSpace objects, 0(0B) LOS objects, 35% free, 29MB/45MB, paused 352us total 38.012ms
08-05 01:21:53.590  6162  6186 I art     : Starting a blocking GC Explicit
08-05 01:21:53.628  6162  6186 I art     : Explicit concurrent mark sweep GC freed 3(96B) AllocSpace objects, 0(0B) LOS objects, 35% free, 29MB/45MB, paused 426us total 37.726ms
08-05 01:21:53.642  6162  6186 I art     : Starting a blocking GC Explicit
08-05 01:21:53.680  6162  6186 I art     : Explicit concurrent mark sweep GC freed 3(96B) AllocSpace objects, 0(0B) LOS objects, 35% free, 29MB/45MB, paused 376us total 38.220ms
08-05 01:21:53.973  6162  6173 I art     : Starting a blocking GC Explicit
08-05 01:21:54.012  6162  6173 I art     : Explicit concurrent mark sweep GC freed 1355(82KB) AllocSpace objects, 1(20KB) LOS objects, 35% free, 29MB/45MB, paused 403us total 37.944ms
08-05 01:21:54.026  6162  6173 I art     : Starting a blocking GC Explicit
08-05 01:21:54.063  6162  6173 I art     : Explicit concurrent mark sweep GC freed 20(704B) AllocSpace objects, 0(0B) LOS objects, 35% free, 29MB/45MB, paused 388us total 36.863ms
08-05 01:21:54.077  6162  6173 I art     : Starting a blocking GC Explicit
08-05 01:21:54.114  6162  6173 I art     : Explicit concurrent mark sweep GC freed 3(96B) AllocSpace objects, 0(0B) LOS objects, 35% free, 29MB/45MB, paused 376us total 36.382ms
08-05 01:21:54.128  6162  6173 I art     : Starting a blocking GC Explicit
08-05 01:21:54.164  6162  6173 I art     : Explicit concurrent mark sweep GC freed 3(96B) AllocSpace objects, 0(0B) LOS objects, 35% free, 29MB/45MB, paused 400us total 36.033ms
08-05 01:21:54.178  6162  6173 I art     : Starting a blocking GC Explicit
08-05 01:21:54.214  6162  6173 I art     : Explicit concurrent mark sweep GC freed 3(96B) AllocSpace objects, 0(0B) LOS objects, 35% free, 29MB/45MB, paused 386us total 35.682ms
08-05 01:21:54.236  8469  8469 D AndroidRuntime: >>>>>> START com.android.internal.os.RuntimeInit uid 2000 <<<<<<
08-05 01:21:54.241  8469  8469 D AndroidRuntime: CheckJNI is OFF
08-05 01:21:54.274  8469  8469 D ICU     : No timezone override file found: /data/misc/zoneinfo/current/icu/icu_tzdata.dat
08-05 01:21:54.307  8469  8469 I Radio-JNI: register_android_hardware_Radio DONE
08-05 01:21:54.328  8469  8469 D AndroidRuntime: Calling main entry com.android.commands.input.Input
08-05 01:21:54.330  8469  8469 I Input   : injectMotionEvent: MotionEvent { action=ACTION_DOWN, actionButton=0, id[0]=0, x[0]=600.0, y[0]=580.0, toolType[0]=TOOL_TYPE_UNKNOWN, buttonState=0, metaState=0, flags=0x0, edgeFlags=0x0, pointerCount=1, historySize=0, eventTime=753730743, downTime=753730743, deviceId=0, source=0x1002 }
08-05 01:21:54.336  8469  8469 I Input   : injectMotionEvent: MotionEvent { action=ACTION_UP, actionButton=0, id[0]=0, x[0]=600.0, y[0]=580.0, toolType[0]=TOOL_TYPE_UNKNOWN, buttonState=0, metaState=0, flags=0x0, edgeFlags=0x0, pointerCount=1, historySize=0, eventTime=753730743, downTime=753730743, deviceId=0, source=0x1002 }
08-05 01:21:54.338  8469  8469 D AndroidRuntime: Shutting down VM
08-05 01:21:54.350   512  2967 D audio_hw_primary: out_set_parameters: enter: usecase(1: low-latency-playback) kvpairs: routing=2
08-05 01:21:54.352   918  6112 I ActivityManager: START u0 {cmp=baseline.org.quantumbadger.redreader/.activities.WebViewActivity (has extras)} from uid 10689 on display 0
08-05 01:21:54.363   512  2967 D audio_hw_primary: select_devices: out_snd_device(2: speaker) in_snd_device(0: none)
08-05 01:21:54.363   512  2967 D msm8974_platform: platform_send_audio_calibration: sending audio calibration for snd_device(2) acdb_id(15)
08-05 01:21:54.363   512  2967 I soundtrigger: audio_extn_sound_trigger_update_device_status: device 0x2 of type 0 for Event 1
08-05 01:21:54.373   512  2967 D audio_hw_primary: enable_snd_device: snd_device(2: speaker)
08-05 01:21:54.374  6162  6162 I AppCompatViewInflater: app:theme is now deprecated. Please move to using android:theme instead.
08-05 01:21:54.375   512  2967 D audio_hw_primary: enable_audio_route: apply and update mixer path: low-latency-playback speaker
08-05 01:21:54.392   918  3961 D ConnectivityService: listenForNetwork for Listen from uid/pid:10689/6162 for NetworkRequest [ id=3051, legacyType=-1, [ Capabilities: INTERNET&NOT_RESTRICTED&TRUSTED] ]
08-05 01:21:54.483  6162  6175 I art     : Starting a blocking GC Explicit
08-05 01:21:54.497   918   936 I ActivityManager: Displayed baseline.org.quantumbadger.redreader/.activities.WebViewActivity: +136ms
08-05 01:21:54.497 13866 13866 I GoogleInputMethodServic: GoogleInputMethodService.onFinishInput():3138 
08-05 01:21:54.498 13866 13866 I GoogleInputMethodServic: GoogleInputMethodService.onStartInput():1808 
08-05 01:21:54.520  6162  6175 I art     : Explicit concurrent mark sweep GC freed 5901(311KB) AllocSpace objects, 1(20KB) LOS objects, 35% free, 29MB/45MB, paused 785us total 36.421ms
08-05 01:21:54.536  6162  6175 I art     : Starting a blocking GC Explicit
08-05 01:21:54.569  6162  6175 I art     : Explicit concurrent mark sweep GC freed 546(29KB) AllocSpace objects, 0(0B) LOS objects, 35% free, 29MB/45MB, paused 351us total 32.343ms
08-05 01:21:54.582  6162  6175 I art     : Starting a blocking GC Explicit
08-05 01:21:54.617  6162  6175 I art     : Explicit concurrent mark sweep GC freed 5(192B) AllocSpace objects, 0(0B) LOS objects, 35% free, 29MB/45MB, paused 436us total 34.669ms
08-05 01:21:54.631  6162  6175 I art     : Starting a blocking GC Explicit
08-05 01:21:54.673  6162  6175 I art     : Explicit concurrent mark sweep GC freed 4(128B) AllocSpace objects, 0(0B) LOS objects, 35% free, 29MB/45MB, paused 375us total 40.997ms
08-05 01:21:54.691  6162  6175 I art     : Starting a blocking GC Explicit
08-05 01:21:54.728   380   380 W SurfaceFlinger: couldn't log to binary event log: overflow.
08-05 01:21:54.738  6162  6175 I art     : Explicit concurrent mark sweep GC freed 3(96B) AllocSpace objects, 0(0B) LOS objects, 35% free, 29MB/45MB, paused 422us total 46.583ms
08-05 01:21:54.909   512  2967 D audio_hw_primary: disable_audio_route: reset and update mixer path: low-latency-playback speaker
08-05 01:21:54.910   512  2967 D audio_hw_primary: disable_snd_device: snd_device(2: speaker)
08-05 01:21:54.919   512  2967 I soundtrigger: audio_extn_sound_trigger_update_device_status: device 0x2 of type 0 for Event 0
08-05 01:21:55.094  6162  6387 I art     : Starting a blocking GC Explicit
08-05 01:21:55.140  6162  6387 I art     : Explicit concurrent mark sweep GC freed 2291(134KB) AllocSpace objects, 1(20KB) LOS objects, 35% free, 29MB/45MB, paused 621us total 45.895ms
08-05 01:21:55.157  6162  6387 I art     : Starting a blocking GC Explicit
08-05 01:21:55.205  6162  6387 I art     : Explicit concurrent mark sweep GC freed 31(1024B) AllocSpace objects, 0(0B) LOS objects, 35% free, 29MB/45MB, paused 625us total 48.387ms
08-05 01:21:55.219  6162  6387 I art     : Starting a blocking GC Explicit
08-05 01:21:55.263  6162  6387 I art     : Explicit concurrent mark sweep GC freed 10(320B) AllocSpace objects, 0(0B) LOS objects, 35% free, 29MB/45MB, paused 564us total 42.926ms
08-05 01:21:55.282  6162  6387 I art     : Starting a blocking GC Explicit
08-05 01:21:55.322  6162  6387 I art     : Explicit concurrent mark sweep GC freed 10(320B) AllocSpace objects, 0(0B) LOS objects, 35% free, 29MB/45MB, paused 428us total 38.929ms
08-05 01:21:55.337  6162  6387 I art     : Starting a blocking GC Explicit
08-05 01:21:55.377  6162  6387 I art     : Explicit concurrent mark sweep GC freed 9(288B) AllocSpace objects, 0(0B) LOS objects, 35% free, 29MB/45MB, paused 473us total 39.074ms
08-05 01:21:55.710  6162  6173 I art     : Starting a blocking GC Explicit
08-05 01:21:55.749  6162  6173 I art     : Explicit concurrent mark sweep GC freed 1399(84KB) AllocSpace objects, 1(20KB) LOS objects, 35% free, 29MB/45MB, paused 377us total 38.907ms
08-05 01:21:55.763  6162  6173 I art     : Starting a blocking GC Explicit
08-05 01:21:55.802  6162  6173 I art     : Explicit concurrent mark sweep GC freed 28(960B) AllocSpace objects, 0(0B) LOS objects, 35% free, 29MB/45MB, paused 375us total 38.825ms
08-05 01:21:55.809  6162  6162 I chromium: [INFO:CONSOLE(1)] "
08-05 01:21:55.809  6162  6162 I chromium:                   ,d"=,.,qOp,
08-05 01:21:55.809  6162  6162 I chromium:                  ,7'  ''$(  )
08-05 01:21:55.809  6162  6162 I chromium:                 ,7'      '?q$7'
08-05 01:21:55.809  6162  6162 I chromium:              ..,$$,.
08-05 01:21:55.809  6162  6162 I chromium:    ,.  .,,--***""***--,,.  .,
08-05 01:21:55.809  6162  6162 I chromium:     ,p''              ''q,   
08-05 01:21:55.809  6162  6162 I chromium: :  ,7'                      '7,  :
08-05 01:21:55.809  6162  6162 I chromium:  ' $      ,db,      ,db,      $ '
08-05 01:21:55.809  6162  6162 I chromium:   '$      $$      $$      $'    Using Reddit at work? Work for Reddit.
08-05 01:21:55.809  6162  6162 I chromium:   '$                          $'        https://www.reddit.com/jobs
08-05 01:21:55.809  6162  6162 I chromium:    '$.     .,        ,.     .$'
08-05 01:21:55.809  6162  6162 I chromium:     'b,     ''     ,d'
08-05 01:21:55.809  6162  6162 I chromium:      '?bn,,          ,,nd?'
08-05 01:21:55.809  6162  6162 I chromium:        ,7$ '''' $7,
08-05 01:21:55.809  6162  6162 I chromium:      , $              $ ,
08-05 01:21:55.809  6162  6162 I chromium:      $  :$              $:  $
08-05 01:21:55.809  6162  6162 I chromium:      $   $              $   $
08-05 01:21:55.809  6162  6162 I chromium:      'b  q:            :p  d'
08-05 01:21:55.809  6162  6162 I chromium:       '?$.          .$?'
08-05 01:21:55.809  6162  6162 I chromium:          'b            d'
08-05 01:21:55.809  6162  6162 I chromium:        ,'?,.      .,?',
08-05 01:21:55.809  6162  6162 I chromium:       ==--==--==--==
08-05 01:21:55.809  6162  6162 I chromium: ", source: https://www.redditstatic.com/desktop2x/Chat~Governance~Reddit.2ea93b134a9b2e5b1d9a.js (1)
08-05 01:21:55.819  6162  6173 I art     : Starting a blocking GC Explicit
08-05 01:21:55.850   518   646 I ThermalEngine: ACTION: GPU - Setting GPU[0] to 450000000
08-05 01:21:55.869  6162  6173 I art     : Explicit concurrent mark sweep GC freed 14(2624B) AllocSpace objects, 0(0B) LOS objects, 35% free, 29MB/45MB, paused 802us total 49.700ms
08-05 01:21:55.891  6162  6173 I art     : Starting a blocking GC Explicit
08-05 01:21:55.946  6162  6173 I art     : Explicit concurrent mark sweep GC freed 11(352B) AllocSpace objects, 0(0B) LOS objects, 35% free, 29MB/45MB, paused 607us total 54.397ms
08-05 01:21:55.966  6162  6173 I art     : Starting a blocking GC Explicit
08-05 01:21:56.021  6162  6173 I art     : Explicit concurrent mark sweep GC freed 14(448B) AllocSpace objects, 0(0B) LOS objects, 35% free, 29MB/45MB, paused 629us total 54.428ms
08-05 01:21:56.393  6162  6186 I art     : Starting a blocking GC Explicit
08-05 01:21:56.441  6162  6186 I art     : Explicit concurrent mark sweep GC freed 1428(85KB) AllocSpace objects, 1(20KB) LOS objects, 35% free, 29MB/45MB, paused 580us total 47.658ms
08-05 01:21:56.461  6162  6186 I art     : Starting a blocking GC Explicit
08-05 01:21:56.503  6162  6186 I art     : Explicit concurrent mark sweep GC freed 22(768B) AllocSpace objects, 0(0B) LOS objects, 35% free, 29MB/45MB, paused 553us total 42.609ms
08-05 01:21:56.522  6162  6186 I art     : Starting a blocking GC Explicit
08-05 01:21:56.569  6162  6186 I art     : Explicit concurrent mark sweep GC freed 3(96B) AllocSpace objects, 0(0B) LOS objects, 35% free, 29MB/45MB, paused 574us total 47.337ms
08-05 01:21:56.588  6162  6186 I art     : Starting a blocking GC Explicit
08-05 01:21:56.635  6162  6186 I art     : Explicit concurrent mark sweep GC freed 3(96B) AllocSpace objects, 0(0B) LOS objects, 35% free, 29MB/45MB, paused 562us total 46.758ms
08-05 01:21:56.654  6162  6186 I art     : Starting a blocking GC Explicit
08-05 01:21:56.701  6162  6186 I art     : Explicit concurrent mark sweep GC freed 3(96B) AllocSpace objects, 0(0B) LOS objects, 35% free, 29MB/45MB, paused 531us total 46.584ms
08-05 01:21:57.072  6162  6387 I art     : Starting a blocking GC Explicit
08-05 01:21:57.120  6162  6387 I art     : Explicit concurrent mark sweep GC freed 1566(94KB) AllocSpace objects, 1(20KB) LOS objects, 35% free, 29MB/45MB, paused 491us total 47.962ms
08-05 01:21:57.139  6162  6387 I art     : Starting a blocking GC Explicit
08-05 01:21:57.181  6162  6387 I art     : Explicit concurrent mark sweep GC freed 20(704B) AllocSpace objects, 0(0B) LOS objects, 35% free, 29MB/45MB, paused 470us total 41.198ms
08-05 01:21:57.198  6162  6387 I art     : Starting a blocking GC Explicit
08-05 01:21:57.238  6162  6387 I art     : Explicit concurrent mark sweep GC freed 3(96B) AllocSpace objects, 0(0B) LOS objects, 35% free, 29MB/45MB, paused 535us total 39.368ms
08-05 01:21:57.256  6162  6387 I art     : Starting a blocking GC Explicit
08-05 01:21:57.301  6162  6387 I art     : Explicit concurrent mark sweep GC freed 3(96B) AllocSpace objects, 0(0B) LOS objects, 35% free, 29MB/45MB, paused 484us total 44.782ms
08-05 01:21:57.320  6162  6387 I art     : Starting a blocking GC Explicit
08-05 01:21:57.367  6162  6387 I art     : Explicit concurrent mark sweep GC freed 16(2640B) AllocSpace objects, 0(0B) LOS objects, 35% free, 29MB/45MB, paused 665us total 46.829ms
08-05 01:21:57.749  6162  6186 I art     : Starting a blocking GC Explicit
08-05 01:21:57.800  6162  6186 I art     : Explicit concurrent mark sweep GC freed 1356(82KB) AllocSpace objects, 1(20KB) LOS objects, 35% free, 29MB/45MB, paused 534us total 51.130ms
08-05 01:21:57.819  6162  6186 I art     : Starting a blocking GC Explicit
08-05 01:21:57.856   518   646 I ThermalEngine: ACTION: GPU - Setting GPU[0] to 390000000
08-05 01:21:57.869  6162  6186 I art     : Explicit concurrent mark sweep GC freed 66(3KB) AllocSpace objects, 0(0B) LOS objects, 35% free, 29MB/45MB, paused 904us total 50.309ms
08-05 01:21:57.897  6162  6186 I art     : Starting a blocking GC Explicit
08-05 01:21:57.950  6162  6186 I art     : Explicit concurrent mark sweep GC freed 3(96B) AllocSpace objects, 0(0B) LOS objects, 35% free, 29MB/45MB, paused 813us total 52.554ms
08-05 01:21:57.974  6162  6186 I art     : Starting a blocking GC Explicit
08-05 01:21:58.030  6162  6186 I art     : Explicit concurrent mark sweep GC freed 3(96B) AllocSpace objects, 0(0B) LOS objects, 35% free, 29MB/45MB, paused 864us total 54.676ms
08-05 01:21:58.054  6162  6186 I art     : Starting a blocking GC Explicit
08-05 01:21:58.115  6162  6186 I art     : Explicit concurrent mark sweep GC freed 3(96B) AllocSpace objects, 0(0B) LOS objects, 35% free, 29MB/45MB, paused 749us total 60.277ms
08-05 01:21:58.536  6162  6387 I art     : Starting a blocking GC Explicit
08-05 01:21:58.597  6162  6387 I art     : Explicit concurrent mark sweep GC freed 1356(82KB) AllocSpace objects, 1(20KB) LOS objects, 35% free, 29MB/45MB, paused 802us total 60.880ms
08-05 01:21:58.620  6162  6387 I art     : Starting a blocking GC Explicit
08-05 01:21:58.672  6162  6387 I art     : Explicit concurrent mark sweep GC freed 20(704B) AllocSpace objects, 0(0B) LOS objects, 35% free, 29MB/45MB, paused 863us total 51.681ms
08-05 01:21:58.703  6162  6387 I art     : Starting a blocking GC Explicit
08-05 01:21:58.758  6162  6387 I art     : Explicit concurrent mark sweep GC freed 3(96B) AllocSpace objects, 0(0B) LOS objects, 35% free, 29MB/45MB, paused 866us total 54.567ms
08-05 01:21:58.784  6162  6387 I art     : Starting a blocking GC Explicit
08-05 01:21:58.842  6162  6387 I art     : Explicit concurrent mark sweep GC freed 3(96B) AllocSpace objects, 0(0B) LOS objects, 35% free, 29MB/45MB, paused 905us total 57.492ms
08-05 01:21:58.867  6162  6387 I art     : Starting a blocking GC Explicit
08-05 01:21:58.929  6162  6387 I art     : Explicit concurrent mark sweep GC freed 3(96B) AllocSpace objects, 0(0B) LOS objects, 35% free, 29MB/45MB, paused 859us total 60.862ms
08-05 01:21:59.247  8567  8567 D AndroidRuntime: >>>>>> START com.android.internal.os.RuntimeInit uid 2000 <<<<<<
08-05 01:21:59.253  8567  8567 D AndroidRuntime: CheckJNI is OFF
08-05 01:21:59.317  8567  8567 D ICU     : No timezone override file found: /data/misc/zoneinfo/current/icu/icu_tzdata.dat
08-05 01:21:59.333  6162  6175 I art     : Starting a blocking GC Explicit
08-05 01:21:59.361  8567  8567 I Radio-JNI: register_android_hardware_Radio DONE
08-05 01:21:59.361  6162  8496 I RedditChangeDataIO: Writing tmp data file at '/data/user/0/baseline.org.quantumbadger.redreader/files/rr_change_data_tmp.dat'
08-05 01:21:59.362  6162  8496 I RedditChangeDataManager: Taking snapshot...
08-05 01:21:59.362  6162  8496 I RedditChangeDataManager: Writing to stream...
08-05 01:21:59.362  6162  8496 I RedditChangeDataManager: Wrote 5 entries for user ''
08-05 01:21:59.362  6162  8496 I RedditChangeDataManager: All entries written to stream.
08-05 01:21:59.362  6162  8496 I RedditChangeDataIO: Write successful. Atomically replacing data file...
08-05 01:21:59.363  6162  8496 I RedditChangeDataIO: Write complete.
08-05 01:21:59.363  6162  8496 I RedditChangeDataIO: 134 bytes written in 2 ms
08-05 01:21:59.399  8567  8567 D AndroidRuntime: Calling main entry com.android.commands.input.Input
08-05 01:21:59.400  6162  6175 I art     : Explicit concurrent mark sweep GC freed 1432(87KB) AllocSpace objects, 2(88KB) LOS objects, 35% free, 29MB/45MB, paused 889us total 66.366ms
08-05 01:21:59.401  8567  8567 I Input   : injectKeyEvent: KeyEvent { action=ACTION_DOWN, keyCode=KEYCODE_BACK, scanCode=0, metaState=0, flags=0x0, repeatCount=0, eventTime=753735814, downTime=753735814, deviceId=-1, source=0x101 }
08-05 01:21:59.407  8567  8567 I Input   : injectKeyEvent: KeyEvent { action=ACTION_UP, keyCode=KEYCODE_BACK, scanCode=0, metaState=0, flags=0x0, repeatCount=0, eventTime=753735814, downTime=753735814, deviceId=-1, source=0x101 }
08-05 01:21:59.414  8567  8567 D AndroidRuntime: Shutting down VM
08-05 01:21:59.431  6162  6175 I art     : Starting a blocking GC Explicit
08-05 01:21:59.463 13866 13866 I GoogleInputMethodServic: GoogleInputMethodService.onFinishInput():3138 
08-05 01:21:59.463 13866 13866 I GoogleInputMethodServic: GoogleInputMethodService.onStartInput():1808 
08-05 01:21:59.487  6162  6175 I art     : Explicit concurrent mark sweep GC freed 208(7KB) AllocSpace objects, 0(0B) LOS objects, 35% free, 29MB/45MB, paused 854us total 55.655ms
08-05 01:21:59.509  6162  6175 I art     : Starting a blocking GC Explicit
08-05 01:21:59.560  6162  6175 I art     : Explicit concurrent mark sweep GC freed 97(3KB) AllocSpace objects, 0(0B) LOS objects, 35% free, 29MB/45MB, paused 684us total 50.167ms
08-05 01:21:59.584  6162  6175 I art     : Starting a blocking GC Explicit
08-05 01:21:59.652  6162  6175 I art     : Explicit concurrent mark sweep GC freed 3(96B) AllocSpace objects, 0(0B) LOS objects, 35% free, 29MB/45MB, paused 906us total 67.340ms
08-05 01:21:59.685  6162  6175 I art     : Starting a blocking GC Explicit
08-05 01:21:59.758  6162  6175 I art     : Explicit concurrent mark sweep GC freed 31(928B) AllocSpace objects, 0(0B) LOS objects, 35% free, 29MB/45MB, paused 1.417ms total 73.333ms
08-05 01:21:59.767   380   380 W SurfaceFlinger: couldn't log to binary event log: overflow.
08-05 01:21:59.813   918  3263 D ConnectivityService: releasing NetworkRequest NetworkRequest [ id=3051, legacyType=-1, [ Capabilities: INTERNET&NOT_RESTRICTED&TRUSTED] ]
08-05 01:21:59.859   518   646 I ThermalEngine: ACTION: GPU - Setting GPU[0] to 450000000
08-05 01:22:00.089  6162  6387 I art     : Starting a blocking GC Explicit
08-05 01:22:00.132  6162  6387 I art     : Explicit concurrent mark sweep GC freed 2248(125KB) AllocSpace objects, 1(20KB) LOS objects, 35% free, 29MB/45MB, paused 498us total 42.245ms
08-05 01:22:00.149  6162  6387 I art     : Starting a blocking GC Explicit
08-05 01:22:00.192  6162  6387 I art     : Explicit concurrent mark sweep GC freed 2112(124KB) AllocSpace objects, 1(28KB) LOS objects, 35% free, 29MB/45MB, paused 476us total 42.376ms
08-05 01:22:00.192  6162  6172 I art     : WaitForGcToComplete blocked for 42.636ms for cause HeapTrim
08-05 01:22:00.210  6162  6387 I art     : Starting a blocking GC Explicit
08-05 01:22:00.252  6162  6387 I art     : Explicit concurrent mark sweep GC freed 3(96B) AllocSpace objects, 0(0B) LOS objects, 35% free, 29MB/45MB, paused 486us total 41.600ms
08-05 01:22:00.270  6162  6387 I art     : Starting a blocking GC Explicit
08-05 01:22:00.312  6162  6387 I art     : Explicit concurrent mark sweep GC freed 3(96B) AllocSpace objects, 0(0B) LOS objects, 35% free, 29MB/45MB, paused 459us total 41.625ms
08-05 01:22:00.331  6162  6387 I art     : Starting a blocking GC Explicit
08-05 01:22:00.377  6162  6387 I art     : Explicit concurrent mark sweep GC freed 3(96B) AllocSpace objects, 0(0B) LOS objects, 35% free, 29MB/45MB, paused 505us total 45.238ms
08-05 01:22:00.728  6162  6186 I art     : Starting a blocking GC Explicit
08-05 01:22:00.782  6162  6186 I art     : Explicit concurrent mark sweep GC freed 1355(82KB) AllocSpace objects, 1(20KB) LOS objects, 35% free, 29MB/45MB, paused 556us total 52.539ms
08-05 01:22:00.801  6162  6186 I art     : Starting a blocking GC Explicit
08-05 01:22:00.845  6162  6186 I art     : Explicit concurrent mark sweep GC freed 20(704B) AllocSpace objects, 0(0B) LOS objects, 35% free, 29MB/45MB, paused 519us total 44.108ms
08-05 01:22:00.864  6162  6186 I art     : Starting a blocking GC Explicit
08-05 01:22:00.909  6162  6186 I art     : Explicit concurrent mark sweep GC freed 3(96B) AllocSpace objects, 0(0B) LOS objects, 35% free, 29MB/45MB, paused 525us total 44.849ms
08-05 01:22:00.927  6162  6186 I art     : Starting a blocking GC Explicit
08-05 01:22:00.972  6162  6186 I art     : Explicit concurrent mark sweep GC freed 3(96B) AllocSpace objects, 0(0B) LOS objects, 35% free, 29MB/45MB, paused 541us total 45.345ms
08-05 01:22:00.991  6162  6186 I art     : Starting a blocking GC Explicit
08-05 01:22:01.039  6162  6186 I art     : Explicit concurrent mark sweep GC freed 3(96B) AllocSpace objects, 0(0B) LOS objects, 35% free, 29MB/45MB, paused 543us total 47.859ms
08-05 01:22:01.209  8614  8614 D AndroidRuntime: >>>>>> START com.android.internal.os.RuntimeInit uid 2000 <<<<<<
08-05 01:22:01.215  8614  8614 D AndroidRuntime: CheckJNI is OFF
08-05 01:22:01.258  8614  8614 D ICU     : No timezone override file found: /data/misc/zoneinfo/current/icu/icu_tzdata.dat
08-05 01:22:01.299  8614  8614 I Radio-JNI: register_android_hardware_Radio DONE
08-05 01:22:01.327  8614  8614 D AndroidRuntime: Calling main entry com.android.commands.input.Input
08-05 01:22:01.329  8614  8614 I Input   : injectKeyEvent: KeyEvent { action=ACTION_DOWN, keyCode=KEYCODE_BACK, scanCode=0, metaState=0, flags=0x0, repeatCount=0, eventTime=753737742, downTime=753737742, deviceId=-1, source=0x101 }
08-05 01:22:01.335  8614  8614 I Input   : injectKeyEvent: KeyEvent { action=ACTION_UP, keyCode=KEYCODE_BACK, scanCode=0, metaState=0, flags=0x0, repeatCount=0, eventTime=753737742, downTime=753737742, deviceId=-1, source=0x101 }
08-05 01:22:01.342  8614  8614 D AndroidRuntime: Shutting down VM
08-05 01:22:01.390 13866 13866 I GoogleInputMethodServic: GoogleInputMethodService.onFinishInput():3138 
08-05 01:22:01.390 13866 13866 I GoogleInputMethodServic: GoogleInputMethodService.onStartInput():1808 
08-05 01:22:01.392  6162  6173 I art     : Starting a blocking GC Explicit
08-05 01:22:01.442  6162  6173 I art     : Explicit concurrent mark sweep GC freed 1514(88KB) AllocSpace objects, 1(20KB) LOS objects, 35% free, 29MB/45MB, paused 1.076ms total 50.135ms
08-05 01:22:01.460  6162  6173 I art     : Starting a blocking GC Explicit
08-05 01:22:01.498  6162  6173 I art     : Explicit concurrent mark sweep GC freed 44(1520B) AllocSpace objects, 0(0B) LOS objects, 35% free, 29MB/45MB, paused 481us total 38.275ms
08-05 01:22:01.516  6162  6173 I art     : Starting a blocking GC Explicit
08-05 01:22:01.559  6162  6173 I art     : Explicit concurrent mark sweep GC freed 3(96B) AllocSpace objects, 0(0B) LOS objects, 35% free, 29MB/45MB, paused 558us total 42.576ms
08-05 01:22:01.577  6162  6173 I art     : Starting a blocking GC Explicit
08-05 01:22:01.619  6162  6173 I art     : Explicit concurrent mark sweep GC freed 3(96B) AllocSpace objects, 0(0B) LOS objects, 35% free, 29MB/45MB, paused 454us total 42.147ms
08-05 01:22:01.638  6162  6173 I art     : Starting a blocking GC Explicit
08-05 01:22:01.686  6162  6173 I art     : Explicit concurrent mark sweep GC freed 3(96B) AllocSpace objects, 0(0B) LOS objects, 35% free, 29MB/45MB, paused 478us total 48.350ms
08-05 01:22:02.009  6162  6387 I art     : Starting a blocking GC Explicit
08-05 01:22:02.058  6162  6387 I art     : Explicit concurrent mark sweep GC freed 1412(84KB) AllocSpace objects, 1(20KB) LOS objects, 35% free, 29MB/45MB, paused 670us total 49.287ms
08-05 01:22:02.077  6162  6387 I art     : Starting a blocking GC Explicit
08-05 01:22:02.125  6162  6387 I art     : Explicit concurrent mark sweep GC freed 150(7KB) AllocSpace objects, 0(0B) LOS objects, 35% free, 29MB/45MB, paused 546us total 47.623ms
08-05 01:22:02.145  6162  6387 I art     : Starting a blocking GC Explicit
08-05 01:22:02.191  6162  6387 I art     : Explicit concurrent mark sweep GC freed 3(96B) AllocSpace objects, 0(0B) LOS objects, 35% free, 29MB/45MB, paused 531us total 45.706ms
08-05 01:22:02.210  6162  6387 I art     : Starting a blocking GC Explicit
08-05 01:22:02.259  6162  6387 I art     : Explicit concurrent mark sweep GC freed 3(96B) AllocSpace objects, 0(0B) LOS objects, 35% free, 29MB/45MB, paused 587us total 48.174ms
08-05 01:22:02.278  6162  6387 I art     : Starting a blocking GC Explicit
08-05 01:22:02.326  6162  6387 I art     : Explicit concurrent mark sweep GC freed 3(96B) AllocSpace objects, 0(0B) LOS objects, 35% free, 29MB/45MB, paused 538us total 47.478ms
08-05 01:22:02.676  6162  6175 I art     : Starting a blocking GC Explicit
08-05 01:22:02.729  6162  6175 I art     : Explicit concurrent mark sweep GC freed 1354(82KB) AllocSpace objects, 1(20KB) LOS objects, 35% free, 29MB/45MB, paused 575us total 52.612ms
08-05 01:22:02.748  6162  6175 I art     : Starting a blocking GC Explicit
08-05 01:22:02.793  6162  6175 I art     : Explicit concurrent mark sweep GC freed 20(704B) AllocSpace objects, 0(0B) LOS objects, 35% free, 29MB/45MB, paused 536us total 45.254ms
08-05 01:22:02.812  6162  6175 I art     : Starting a blocking GC Explicit
08-05 01:22:02.858  6162  6175 I art     : Explicit concurrent mark sweep GC freed 3(96B) AllocSpace objects, 0(0B) LOS objects, 35% free, 29MB/45MB, paused 570us total 45.664ms
08-05 01:22:02.876  6162  6175 I art     : Starting a blocking GC Explicit
08-05 01:22:02.922  6162  6175 I art     : Explicit concurrent mark sweep GC freed 3(96B) AllocSpace objects, 0(0B) LOS objects, 35% free, 29MB/45MB, paused 539us total 45.636ms
08-05 01:22:02.940  6162  6175 I art     : Starting a blocking GC Explicit
08-05 01:22:02.987  6162  6175 I art     : Explicit concurrent mark sweep GC freed 3(96B) AllocSpace objects, 0(0B) LOS objects, 35% free, 29MB/45MB, paused 539us total 45.979ms
08-05 01:22:03.135  8658  8658 D AndroidRuntime: >>>>>> START com.android.internal.os.RuntimeInit uid 2000 <<<<<<
08-05 01:22:03.140  8658  8658 D AndroidRuntime: CheckJNI is OFF
08-05 01:22:03.180  8658  8658 D ICU     : No timezone override file found: /data/misc/zoneinfo/current/icu/icu_tzdata.dat
08-05 01:22:03.223  8658  8658 I Radio-JNI: register_android_hardware_Radio DONE
08-05 01:22:03.253  8658  8658 D AndroidRuntime: Calling main entry com.android.commands.input.Input
08-05 01:22:03.255  8658  8658 I Input   : injectMotionEvent: MotionEvent { action=ACTION_DOWN, actionButton=0, id[0]=0, x[0]=600.0, y[0]=1000.0, toolType[0]=TOOL_TYPE_UNKNOWN, buttonState=0, metaState=0, flags=0x0, edgeFlags=0x0, pointerCount=1, historySize=0, eventTime=753739668, downTime=753739668, deviceId=0, source=0x1002 }
08-05 01:22:03.261  8658  8658 I Input   : injectMotionEvent: MotionEvent { action=ACTION_UP, actionButton=0, id[0]=0, x[0]=600.0, y[0]=1000.0, toolType[0]=TOOL_TYPE_UNKNOWN, buttonState=0, metaState=0, flags=0x0, edgeFlags=0x0, pointerCount=1, historySize=0, eventTime=753739668, downTime=753739668, deviceId=0, source=0x1002 }
08-05 01:22:03.263  8658  8658 D AndroidRuntime: Shutting down VM
08-05 01:22:03.274   918  5481 I ActivityManager: START u0 {dat=https://oauth.reddit.com/... cmp=baseline.org.quantumbadger.redreader/.activities.PostListingActivity} from uid 10689 on display 0
08-05 01:22:03.276   512  2967 D audio_hw_primary: out_set_parameters: enter: usecase(1: low-latency-playback) kvpairs: routing=2
08-05 01:22:03.289   512  2967 D audio_hw_primary: select_devices: out_snd_device(2: speaker) in_snd_device(0: none)
08-05 01:22:03.289   512  2967 D msm8974_platform: platform_send_audio_calibration: sending audio calibration for snd_device(2) acdb_id(15)
08-05 01:22:03.290   512  2967 I soundtrigger: audio_extn_sound_trigger_update_device_status: device 0x2 of type 0 for Event 1
08-05 01:22:03.303   512  2967 D audio_hw_primary: enable_snd_device: snd_device(2: speaker)
08-05 01:22:03.306   512  2967 D audio_hw_primary: enable_audio_route: apply and update mixer path: low-latency-playback speaker
08-05 01:22:03.308  6162  6162 I AppCompatViewInflater: app:theme is now deprecated. Please move to using android:theme instead.
08-05 01:22:03.342  6162  8682 D OK      : calling: https://oauth.reddit.com/r/announcements/about.json
08-05 01:22:03.353  6162  6186 I art     : Starting a blocking GC Explicit
08-05 01:22:03.397  6162  6186 I art     : Explicit concurrent mark sweep GC freed 2869(181KB) AllocSpace objects, 1(20KB) LOS objects, 35% free, 29MB/45MB, paused 801us total 43.760ms
08-05 01:22:03.410 13866 13866 I GoogleInputMethodServic: GoogleInputMethodService.onFinishInput():3138 
08-05 01:22:03.411 13866 13866 I GoogleInputMethodServic: GoogleInputMethodService.onStartInput():1808 
08-05 01:22:03.411   918   936 I ActivityManager: Displayed baseline.org.quantumbadger.redreader/.activities.PostListingActivity: +124ms
08-05 01:22:03.415  6162  6186 I art     : Starting a blocking GC Explicit
08-05 01:22:03.462  6162  6186 I art     : Explicit concurrent mark sweep GC freed 589(31KB) AllocSpace objects, 0(0B) LOS objects, 35% free, 29MB/45MB, paused 535us total 47.347ms
08-05 01:22:03.480  6162  6186 I art     : Starting a blocking GC Explicit
08-05 01:22:03.524  6162  6186 I art     : Explicit concurrent mark sweep GC freed 1907(75KB) AllocSpace objects, 0(0B) LOS objects, 35% free, 29MB/45MB, paused 989us total 44.069ms
08-05 01:22:03.543  6162  6186 I art     : Starting a blocking GC Explicit
08-05 01:22:03.590  6162  6186 I art     : Explicit concurrent mark sweep GC freed 157(6KB) AllocSpace objects, 0(0B) LOS objects, 35% free, 29MB/45MB, paused 570us total 45.870ms
08-05 01:22:03.609  6162  6186 I art     : Starting a blocking GC Explicit
08-05 01:22:03.656   380   380 W SurfaceFlinger: couldn't log to binary event log: overflow.
08-05 01:22:03.669  6162  6186 I art     : Explicit concurrent mark sweep GC freed 7(256B) AllocSpace objects, 0(0B) LOS objects, 35% free, 29MB/45MB, paused 729us total 59.456ms
08-05 01:22:03.674  6162  8682 I NAPPA_EXPERIMENTATION: MetricNetworkRequestExecutionTime: REQUEST_DURATION_SYSTEM='332',REQUEST_DURATION_OKHTTP='150',REQUEST_SYNCHRONOUS='TRUE',RESPONSE_CODE='200',RESPONSE_METHOD='GET',RESPONSE_LENGTH_OKHTTP='-1',RESPONSE_LENGTH_HEADER='1564',REQUEST_PROTOCOL='h2',REQUEST_URL='https://oauth.reddit.com/r/announcements/about.json',
08-05 01:22:03.674  6162  8682 D OK      : request got status: 200
08-05 01:22:03.840   512  2967 D audio_hw_primary: disable_audio_route: reset and update mixer path: low-latency-playback speaker
08-05 01:22:03.843   512  2967 D audio_hw_primary: disable_snd_device: snd_device(2: speaker)
08-05 01:22:03.851   512  2967 I soundtrigger: audio_extn_sound_trigger_update_device_status: device 0x2 of type 0 for Event 0
08-05 01:22:04.004  6162  6173 I art     : Starting a blocking GC Explicit
08-05 01:22:04.058  6162  6173 I art     : Explicit concurrent mark sweep GC freed 2817(234KB) AllocSpace objects, 3(156KB) LOS objects, 35% free, 29MB/45MB, paused 679us total 53.278ms
08-05 01:22:04.079  6162  6173 I art     : Starting a blocking GC Explicit
08-05 01:22:04.126  6162  6173 I art     : Explicit concurrent mark sweep GC freed 201(10KB) AllocSpace objects, 0(0B) LOS objects, 35% free, 29MB/45MB, paused 595us total 47.619ms
08-05 01:22:04.146  6162  6173 I art     : Starting a blocking GC Explicit
08-05 01:22:04.193  6162  6173 I art     : Explicit concurrent mark sweep GC freed 25(1024B) AllocSpace objects, 0(0B) LOS objects, 35% free, 29MB/45MB, paused 546us total 45.746ms
08-05 01:22:04.211  6162  6173 I art     : Starting a blocking GC Explicit
08-05 01:22:04.259  6162  6173 I art     : Explicit concurrent mark sweep GC freed 3(96B) AllocSpace objects, 0(0B) LOS objects, 35% free, 29MB/45MB, paused 768us total 47.409ms
08-05 01:22:04.277  6162  6173 I art     : Starting a blocking GC Explicit
08-05 01:22:04.323  6162  6173 I art     : Explicit concurrent mark sweep GC freed 3(96B) AllocSpace objects, 0(0B) LOS objects, 35% free, 29MB/45MB, paused 525us total 45.612ms
08-05 01:22:04.542  6162  8705 D OK      : calling: https://oauth.reddit.com/r/announcements/hot/.json
08-05 01:22:04.659  6162  6173 I art     : Starting a blocking GC Explicit
08-05 01:22:04.708  6162  6173 I art     : Explicit concurrent mark sweep GC freed 1446(86KB) AllocSpace objects, 1(20KB) LOS objects, 35% free, 29MB/45MB, paused 734us total 48.486ms
08-05 01:22:04.727  6162  6173 I art     : Starting a blocking GC Explicit
08-05 01:22:04.774  6162  6173 I art     : Explicit concurrent mark sweep GC freed 26(960B) AllocSpace objects, 0(0B) LOS objects, 35% free, 29MB/45MB, paused 690us total 47.247ms
08-05 01:22:04.793  6162  6173 I art     : Starting a blocking GC Explicit
08-05 01:22:04.797  6162  8705 I NAPPA_EXPERIMENTATION: MetricNetworkRequestExecutionTime: REQUEST_DURATION_SYSTEM='254',REQUEST_DURATION_OKHTTP='249',REQUEST_SYNCHRONOUS='TRUE',RESPONSE_CODE='200',RESPONSE_METHOD='GET',RESPONSE_LENGTH_OKHTTP='-1',RESPONSE_LENGTH_HEADER='142016',REQUEST_PROTOCOL='h2',REQUEST_URL='https://oauth.reddit.com/r/announcements/hot/.json',
08-05 01:22:04.797  6162  8705 D OK      : request got status: 200
08-05 01:22:04.809  6162  6730 I PostListingFragment: Precaching images: OFF
08-05 01:22:04.809  6162  6730 I PostListingFragment: Precaching comments: OFF
08-05 01:22:04.841  6162  6173 I art     : Explicit concurrent mark sweep GC freed 805(81KB) AllocSpace objects, 0(0B) LOS objects, 34% free, 29MB/45MB, paused 814us total 47.539ms
08-05 01:22:04.859  6162  6173 I art     : Starting a blocking GC Explicit
08-05 01:22:04.906  6162  6173 I art     : Explicit concurrent mark sweep GC freed 1048(93KB) AllocSpace objects, 2(36KB) LOS objects, 34% free, 30MB/46MB, paused 770us total 47.134ms
08-05 01:22:04.926  6162  6173 I art     : Starting a blocking GC Explicit
08-05 01:22:04.975  6162  6173 I art     : Explicit concurrent mark sweep GC freed 1684(83KB) AllocSpace objects, 2(36KB) LOS objects, 34% free, 31MB/47MB, paused 920us total 48.920ms
08-05 01:22:05.290  6162  6186 I art     : Starting a blocking GC Explicit
08-05 01:22:05.358  6162  6186 I art     : Explicit concurrent mark sweep GC freed 19233(1185KB) AllocSpace objects, 33(1912KB) LOS objects, 31% free, 34MB/50MB, paused 1.017ms total 67.477ms
08-05 01:22:05.378  6162  6186 I art     : Starting a blocking GC Explicit
08-05 01:22:05.416  6162  6162 W RecyclerView: Cannot call this method in a scroll callback. Scroll callbacks mightbe run during a measure & layout pass where you cannot change theRecyclerView data. Any method call that might change the structureof the RecyclerView or the adapter contents should be postponed tothe next frame.
08-05 01:22:05.416  6162  6162 W RecyclerView: java.lang.IllegalStateException:  androidx.recyclerview.widget.RecyclerView{fb08963 VFED..... .F....ID 0,0-1440,2140 #7f0900ef app:id/scrollbar_recyclerview_recyclerview}, adapter:baseline.org.quantumbadger.redreader.adapters.GroupedRecyclerViewAdapter@d98d960, layout:androidx.recyclerview.widget.LinearLayoutManager@c8ffe19, context:baseline.org.quantumbadger.redreader.activities.PostListingActivity@4045f03
08-05 01:22:05.416  6162  6162 W RecyclerView: 	at androidx.recyclerview.widget.RecyclerView.assertNotInLayoutOrScroll(RecyclerView.java:3061)
08-05 01:22:05.416  6162  6162 W RecyclerView: 	at androidx.recyclerview.widget.RecyclerView$RecyclerViewDataObserver.onItemRangeInserted(RecyclerView.java:5555)
08-05 01:22:05.416  6162  6162 W RecyclerView: 	at androidx.recyclerview.widget.RecyclerView$AdapterDataObservable.notifyItemRangeInserted(RecyclerView.java:12278)
08-05 01:22:05.416  6162  6162 W RecyclerView: 	at androidx.recyclerview.widget.RecyclerView$Adapter.notifyItemInserted(RecyclerView.java:7464)
08-05 01:22:05.416  6162  6162 W RecyclerView: 	at baseline.org.quantumbadger.redreader.adapters.GroupedRecyclerViewAdapter.updateHiddenStatus(GroupedRecyclerViewAdapter.java:279)
08-05 01:22:05.416  6162  6162 W RecyclerView: 	at baseline.org.quantumbadger.redreader.adapters.RedditListingManager.setLoadingVisible(RedditListingManager.java:125)
08-05 01:22:05.416  6162  6162 W RecyclerView: 	at baseline.org.quantumbadger.redreader.fragments.PostListingFragment.onLoadMoreItemsCheck(PostListingFragment.java:465)
08-05 01:22:05.416  6162  6162 W RecyclerView: 	at baseline.org.quantumbadger.redreader.fragments.PostListingFragment.access$000(PostListingFragment.java:98)
08-05 01:22:05.416  6162  6162 W RecyclerView: 	at baseline.org.quantumbadger.redreader.fragments.PostListingFragment$2.onScrolled(PostListingFragment.java:215)
08-05 01:22:05.416  6162  6162 W RecyclerView: 	at androidx.recyclerview.widget.RecyclerView.dispatchOnScrolled(RecyclerView.java:5173)
08-05 01:22:05.416  6162  6162 W RecyclerView: 	at androidx.recyclerview.widget.RecyclerView.dispatchLayoutStep3(RecyclerView.java:4231)
08-05 01:22:05.416  6162  6162 W RecyclerView: 	at androidx.recyclerview.widget.RecyclerView.dispatchLayout(RecyclerView.java:3862)
08-05 01:22:05.416  6162  6162 W RecyclerView: 	at androidx.recyclerview.widget.RecyclerView.consumePendingUpdateOperations(RecyclerView.java:1897)
08-05 01:22:05.416  6162  6162 W RecyclerView: 	at androidx.recyclerview.widget.RecyclerView$1.run(RecyclerView.java:414)
08-05 01:22:05.416  6162  6162 W RecyclerView: 	at android.view.Choreographer$CallbackRecord.run(Choreographer.java:858)
08-05 01:22:05.416  6162  6162 W RecyclerView: 	at android.view.Choreographer.doCallbacks(Choreographer.java:670)
08-05 01:22:05.416  6162  6162 W RecyclerView: 	at android.view.Choreographer.doFrame(Choreographer.java:603)
08-05 01:22:05.416  6162  6162 W RecyclerView: 	at android.view.Choreographer$FrameDisplayEventReceiver.run(Choreographer.java:844)
08-05 01:22:05.416  6162  6162 W RecyclerView: 	at android.os.Handler.handleCallback(Handler.java:739)
08-05 01:22:05.416  6162  6162 W RecyclerView: 	at android.os.Handler.dispatchMessage(Handler.java:95)
08-05 01:22:05.416  6162  6162 W RecyclerView: 	at android.os.Looper.loop(Looper.java:148)
08-05 01:22:05.416  6162  6162 W RecyclerView: 	at android.app.ActivityThread.main(ActivityThread.java:5417)
08-05 01:22:05.416  6162  6162 W RecyclerView: 	at java.lang.reflect.Method.invoke(Native Method)
08-05 01:22:05.416  6162  6162 W RecyclerView: 	at com.android.internal.os.ZygoteInit$MethodAndArgsCaller.run(ZygoteInit.java:726)
08-05 01:22:05.416  6162  6162 W RecyclerView: 	at com.android.internal.os.ZygoteInit.main(ZygoteInit.java:616)
08-05 01:22:05.436  6162  6186 I art     : Explicit concurrent mark sweep GC freed 61602(3MB) AllocSpace objects, 8(152KB) LOS objects, 33% free, 31MB/47MB, paused 835us total 57.660ms
08-05 01:22:05.455  6162  6186 I art     : Starting a blocking GC Explicit
08-05 01:22:05.505  6162  6186 I art     : Explicit concurrent mark sweep GC freed 279(10KB) AllocSpace objects, 0(0B) LOS objects, 33% free, 31MB/47MB, paused 625us total 49.490ms
08-05 01:22:05.525  6162  6186 I art     : Starting a blocking GC Explicit
08-05 01:22:05.572  6162  6186 I art     : Explicit concurrent mark sweep GC freed 46(1632B) AllocSpace objects, 0(0B) LOS objects, 33% free, 31MB/47MB, paused 607us total 46.970ms
08-05 01:22:05.590  6162  6186 I art     : Starting a blocking GC Explicit
08-05 01:22:05.639  6162  6186 I art     : Explicit concurrent mark sweep GC freed 32(1360B) AllocSpace objects, 0(0B) LOS objects, 33% free, 31MB/47MB, paused 563us total 48.191ms
08-05 01:22:05.745  6162  8720 D OK      : calling: https://oauth.reddit.com/r/announcements/hot/.json?after=t3_9jf8nh
08-05 01:22:05.915  6162  8720 I NAPPA_EXPERIMENTATION: MetricNetworkRequestExecutionTime: REQUEST_DURATION_SYSTEM='170',REQUEST_DURATION_OKHTTP='166',REQUEST_SYNCHRONOUS='TRUE',RESPONSE_CODE='200',RESPONSE_METHOD='GET',RESPONSE_LENGTH_OKHTTP='-1',RESPONSE_LENGTH_HEADER='65685',REQUEST_PROTOCOL='h2',REQUEST_URL='https://oauth.reddit.com/r/announcements/hot/.json?after=t3_9jf8nh',
08-05 01:22:05.916  6162  8720 D OK      : request got status: 200
08-05 01:22:05.930  6162  6730 I PostListingFragment: Precaching images: OFF
08-05 01:22:05.931  6162  6730 I PostListingFragment: Precaching comments: OFF
08-05 01:22:06.006  6162  6387 I art     : Starting a blocking GC Explicit
08-05 01:22:06.065  6162  6387 I art     : Explicit concurrent mark sweep GC freed 8646(590KB) AllocSpace objects, 10(632KB) LOS objects, 32% free, 33MB/49MB, paused 1.021ms total 59.172ms
08-05 01:22:06.085  6162  6387 I art     : Starting a blocking GC Explicit
08-05 01:22:06.141  6162  6387 I art     : Explicit concurrent mark sweep GC freed 4252(218KB) AllocSpace objects, 2(92KB) LOS objects, 32% free, 33MB/49MB, paused 1.005ms total 56.264ms
08-05 01:22:06.161  6162  6387 I art     : Starting a blocking GC Explicit
08-05 01:22:06.218  6162  6387 I art     : Explicit concurrent mark sweep GC freed 4310(169KB) AllocSpace objects, 1(68KB) LOS objects, 32% free, 33MB/49MB, paused 984us total 57.001ms
08-05 01:22:06.240  6162  6387 I art     : Starting a blocking GC Explicit
08-05 01:22:06.304  6162  6387 I art     : Explicit concurrent mark sweep GC freed 3790(140KB) AllocSpace objects, 0(0B) LOS objects, 32% free, 33MB/49MB, paused 1.030ms total 63.665ms
08-05 01:22:06.326  6162  6387 I art     : Starting a blocking GC Explicit
08-05 01:22:06.382  6162  6387 I art     : Explicit concurrent mark sweep GC freed 17463(874KB) AllocSpace objects, 6(108KB) LOS objects, 33% free, 32MB/48MB, paused 672us total 56.244ms
08-05 01:22:06.754  6162  6173 I art     : Starting a blocking GC Explicit
08-05 01:22:06.830  6162  6173 I art     : Explicit concurrent mark sweep GC freed 1410(85KB) AllocSpace objects, 1(20KB) LOS objects, 33% free, 32MB/48MB, paused 713us total 75.541ms
08-05 01:22:06.852  6162  6173 I art     : Starting a blocking GC Explicit
08-05 01:22:06.909  6162  6173 I art     : Explicit concurrent mark sweep GC freed 33(1296B) AllocSpace objects, 0(0B) LOS objects, 33% free, 32MB/48MB, paused 644us total 56.003ms
08-05 01:22:06.928  6162  6173 I art     : Starting a blocking GC Explicit
08-05 01:22:06.984  6162  6173 I art     : Explicit concurrent mark sweep GC freed 14(512B) AllocSpace objects, 0(0B) LOS objects, 33% free, 32MB/48MB, paused 580us total 55.533ms
08-05 01:22:07.004  6162  6173 I art     : Starting a blocking GC Explicit
08-05 01:22:07.062  6162  6173 I art     : Explicit concurrent mark sweep GC freed 3(96B) AllocSpace objects, 0(0B) LOS objects, 33% free, 32MB/48MB, paused 548us total 57.502ms
08-05 01:22:07.085  6162  6173 I art     : Starting a blocking GC Explicit
08-05 01:22:07.142  6162  6173 I art     : Explicit concurrent mark sweep GC freed 3(96B) AllocSpace objects, 0(0B) LOS objects, 33% free, 32MB/48MB, paused 570us total 56.854ms
08-05 01:22:07.510  6162  6186 I art     : Starting a blocking GC Explicit
08-05 01:22:07.580  6162  6186 I art     : Explicit concurrent mark sweep GC freed 1355(82KB) AllocSpace objects, 1(20KB) LOS objects, 33% free, 32MB/48MB, paused 606us total 70.495ms
08-05 01:22:07.602  6162  6186 I art     : Starting a blocking GC Explicit
08-05 01:22:07.660  6162  6186 I art     : Explicit concurrent mark sweep GC freed 20(704B) AllocSpace objects, 0(0B) LOS objects, 33% free, 32MB/48MB, paused 543us total 57.546ms
08-05 01:22:07.679  6162  6186 I art     : Starting a blocking GC Explicit
08-05 01:22:07.734  6162  6186 I art     : Explicit concurrent mark sweep GC freed 3(96B) AllocSpace objects, 0(0B) LOS objects, 33% free, 32MB/48MB, paused 574us total 54.863ms
08-05 01:22:07.754  6162  6186 I art     : Starting a blocking GC Explicit
08-05 01:22:07.810  6162  6186 I art     : Explicit concurrent mark sweep GC freed 3(96B) AllocSpace objects, 0(0B) LOS objects, 33% free, 32MB/48MB, paused 550us total 55.483ms
08-05 01:22:07.834  6162  6186 I art     : Starting a blocking GC Explicit
08-05 01:22:07.892  6162  6186 I art     : Explicit concurrent mark sweep GC freed 3(96B) AllocSpace objects, 0(0B) LOS objects, 33% free, 32MB/48MB, paused 575us total 57.694ms
08-05 01:22:08.238  6162  6175 I art     : Starting a blocking GC Explicit
08-05 01:22:08.279   918  3188 I hubconnection: sensorhub said: 'set_bias 3: -6.2400, 0.0000, 0.0000'
08-05 01:22:08.301  6162  6175 I art     : Explicit concurrent mark sweep GC freed 1357(83KB) AllocSpace objects, 1(20KB) LOS objects, 33% free, 32MB/48MB, paused 597us total 62.705ms
08-05 01:22:08.321  6162  6175 I art     : Starting a blocking GC Explicit
08-05 01:22:08.378  6162  6175 I art     : Explicit concurrent mark sweep GC freed 20(704B) AllocSpace objects, 0(0B) LOS objects, 33% free, 32MB/48MB, paused 643us total 56.422ms
08-05 01:22:08.401  6162  6175 I art     : Starting a blocking GC Explicit
08-05 01:22:08.459  6162  6175 I art     : Explicit concurrent mark sweep GC freed 3(96B) AllocSpace objects, 0(0B) LOS objects, 33% free, 32MB/48MB, paused 661us total 57.746ms
08-05 01:22:08.482  6162  6175 I art     : Starting a blocking GC Explicit
08-05 01:22:08.534  6162  6175 I art     : Explicit concurrent mark sweep GC freed 3(96B) AllocSpace objects, 0(0B) LOS objects, 33% free, 32MB/48MB, paused 517us total 51.062ms
08-05 01:22:08.553  6162  6175 I art     : Starting a blocking GC Explicit
08-05 01:22:08.599  6162  6175 I art     : Explicit concurrent mark sweep GC freed 3(96B) AllocSpace objects, 0(0B) LOS objects, 33% free, 32MB/48MB, paused 529us total 45.643ms
08-05 01:22:08.942  6162  6387 I art     : Starting a blocking GC Explicit
08-05 01:22:09.006  6162  6387 I art     : Explicit concurrent mark sweep GC freed 1354(82KB) AllocSpace objects, 1(20KB) LOS objects, 33% free, 32MB/48MB, paused 607us total 63.835ms
08-05 01:22:09.025  6162  6387 I art     : Starting a blocking GC Explicit
08-05 01:22:09.059  8761  8761 D AndroidRuntime: >>>>>> START com.android.internal.os.RuntimeInit uid 2000 <<<<<<
08-05 01:22:09.065  8761  8761 D AndroidRuntime: CheckJNI is OFF
08-05 01:22:09.077  6162  6387 I art     : Explicit concurrent mark sweep GC freed 20(704B) AllocSpace objects, 0(0B) LOS objects, 33% free, 32MB/48MB, paused 593us total 51.147ms
08-05 01:22:09.096  6162  6387 I art     : Starting a blocking GC Explicit
08-05 01:22:09.114  8761  8761 D ICU     : No timezone override file found: /data/misc/zoneinfo/current/icu/icu_tzdata.dat
08-05 01:22:09.149  6162  6387 I art     : Explicit concurrent mark sweep GC freed 3(96B) AllocSpace objects, 0(0B) LOS objects, 33% free, 32MB/48MB, paused 654us total 52.297ms
08-05 01:22:09.161  8761  8761 I Radio-JNI: register_android_hardware_Radio DONE
08-05 01:22:09.169  6162  6387 I art     : Starting a blocking GC Explicit
08-05 01:22:09.192  8761  8761 D AndroidRuntime: Calling main entry com.android.commands.input.Input
08-05 01:22:09.193  8761  8761 I Input   : injectMotionEvent: MotionEvent { action=ACTION_DOWN, actionButton=0, id[0]=0, x[0]=600.0, y[0]=580.0, toolType[0]=TOOL_TYPE_UNKNOWN, buttonState=0, metaState=0, flags=0x0, edgeFlags=0x0, pointerCount=1, historySize=0, eventTime=753745606, downTime=753745606, deviceId=0, source=0x1002 }
08-05 01:22:09.199  8761  8761 I Input   : injectMotionEvent: MotionEvent { action=ACTION_UP, actionButton=0, id[0]=0, x[0]=600.0, y[0]=580.0, toolType[0]=TOOL_TYPE_UNKNOWN, buttonState=0, metaState=0, flags=0x0, edgeFlags=0x0, pointerCount=1, historySize=0, eventTime=753745606, downTime=753745606, deviceId=0, source=0x1002 }
08-05 01:22:09.201  8761  8761 D AndroidRuntime: Shutting down VM
08-05 01:22:09.219   512  2967 D audio_hw_primary: out_set_parameters: enter: usecase(1: low-latency-playback) kvpairs: routing=2
08-05 01:22:09.222  6162  6387 I art     : Explicit concurrent mark sweep GC freed 12(432B) AllocSpace objects, 0(0B) LOS objects, 33% free, 32MB/48MB, paused 801us total 53.146ms
08-05 01:22:09.222   918  4413 I ActivityManager: START u0 {cmp=baseline.org.quantumbadger.redreader/.activities.WebViewActivity (has extras)} from uid 10689 on display 0
08-05 01:22:09.232   512  2967 D audio_hw_primary: select_devices: out_snd_device(2: speaker) in_snd_device(0: none)
08-05 01:22:09.233   512  2967 D msm8974_platform: platform_send_audio_calibration: sending audio calibration for snd_device(2) acdb_id(15)
08-05 01:22:09.233   512  2967 I soundtrigger: audio_extn_sound_trigger_update_device_status: device 0x2 of type 0 for Event 1
08-05 01:22:09.243   512  2967 D audio_hw_primary: enable_snd_device: snd_device(2: speaker)
08-05 01:22:09.244  6162  6387 I art     : Starting a blocking GC Explicit
08-05 01:22:09.246   512  2967 D audio_hw_primary: enable_audio_route: apply and update mixer path: low-latency-playback speaker
08-05 01:22:09.249  6162  6162 I AppCompatViewInflater: app:theme is now deprecated. Please move to using android:theme instead.
08-05 01:22:09.271   918  5952 D ConnectivityService: listenForNetwork for Listen from uid/pid:10689/6162 for NetworkRequest [ id=3052, legacyType=-1, [ Capabilities: INTERNET&NOT_RESTRICTED&TRUSTED] ]
08-05 01:22:09.299  6162  6387 I art     : Explicit concurrent mark sweep GC freed 7770(867KB) AllocSpace objects, 17(2MB) LOS objects, 35% free, 29MB/45MB, paused 771us total 54.557ms
08-05 01:22:09.408   918   936 I ActivityManager: Displayed baseline.org.quantumbadger.redreader/.activities.WebViewActivity: +173ms
08-05 01:22:09.408 13866 13866 I GoogleInputMethodServic: GoogleInputMethodService.onFinishInput():3138 
08-05 01:22:09.409 13866 13866 I GoogleInputMethodServic: GoogleInputMethodService.onStartInput():1808 
08-05 01:22:09.613  6162  6186 I art     : Starting a blocking GC Explicit
08-05 01:22:09.646   380   380 W SurfaceFlinger: couldn't log to binary event log: overflow.
08-05 01:22:09.667  6162  6186 I art     : Explicit concurrent mark sweep GC freed 5136(258KB) AllocSpace objects, 1(20KB) LOS objects, 35% free, 29MB/45MB, paused 498us total 53.602ms
08-05 01:22:09.685  6162  6186 I art     : Starting a blocking GC Explicit
08-05 01:22:09.746  6162  6186 I art     : Explicit concurrent mark sweep GC freed 855(47KB) AllocSpace objects, 0(0B) LOS objects, 35% free, 29MB/45MB, paused 546us total 60.655ms
08-05 01:22:09.767  6162  6186 I art     : Starting a blocking GC Explicit
08-05 01:22:09.778   512  2967 D audio_hw_primary: disable_audio_route: reset and update mixer path: low-latency-playback speaker
08-05 01:22:09.780   512  2967 D audio_hw_primary: disable_snd_device: snd_device(2: speaker)
08-05 01:22:09.790   512  2967 I soundtrigger: audio_extn_sound_trigger_update_device_status: device 0x2 of type 0 for Event 0
08-05 01:22:09.814  6162  6186 I art     : Explicit concurrent mark sweep GC freed 338(16KB) AllocSpace objects, 0(0B) LOS objects, 35% free, 29MB/45MB, paused 703us total 47.005ms
08-05 01:22:09.837  6162  6186 I art     : Starting a blocking GC Explicit
08-05 01:22:09.851  6162  8708 I RedditChangeDataIO: Writing tmp data file at '/data/user/0/baseline.org.quantumbadger.redreader/files/rr_change_data_tmp.dat'
08-05 01:22:09.852  6162  8708 I RedditChangeDataManager: Taking snapshot...
08-05 01:22:09.852  6162  8708 I RedditChangeDataManager: Writing to stream...
08-05 01:22:09.852  6162  8708 I RedditChangeDataManager: Wrote 5 entries for user ''
08-05 01:22:09.852  6162  8708 I RedditChangeDataManager: All entries written to stream.
08-05 01:22:09.853  6162  8708 I RedditChangeDataIO: Write successful. Atomically replacing data file...
08-05 01:22:09.853  6162  8708 I RedditChangeDataIO: Write complete.
08-05 01:22:09.853  6162  8708 I RedditChangeDataIO: 134 bytes written in 2 ms
08-05 01:22:09.878  6162  6186 I art     : Explicit concurrent mark sweep GC freed 91(5KB) AllocSpace objects, 1(68KB) LOS objects, 35% free, 29MB/45MB, paused 614us total 40.589ms
08-05 01:22:09.898  6162  6186 I art     : Starting a blocking GC Explicit
08-05 01:22:09.939  6162  6186 I art     : Explicit concurrent mark sweep GC freed 13(624B) AllocSpace objects, 0(0B) LOS objects, 35% free, 29MB/45MB, paused 536us total 40.816ms
08-05 01:22:10.306  6162  6173 I art     : Starting a blocking GC Explicit
08-05 01:22:10.354  6162  6173 I art     : Explicit concurrent mark sweep GC freed 1411(85KB) AllocSpace objects, 1(20KB) LOS objects, 35% free, 29MB/45MB, paused 477us total 47.963ms
08-05 01:22:10.375  6162  6173 I art     : Starting a blocking GC Explicit
08-05 01:22:10.422  6162  6173 I art     : Explicit concurrent mark sweep GC freed 28(960B) AllocSpace objects, 0(0B) LOS objects, 35% free, 29MB/45MB, paused 475us total 45.965ms
08-05 01:22:10.422  6162  6172 I art     : WaitForGcToComplete blocked for 46.022ms for cause HeapTrim
08-05 01:22:10.443  6162  6173 I art     : Starting a blocking GC Explicit
08-05 01:22:10.491  6162  6173 I art     : Explicit concurrent mark sweep GC freed 11(352B) AllocSpace objects, 0(0B) LOS objects, 35% free, 29MB/45MB, paused 559us total 47.483ms
08-05 01:22:10.511  6162  6173 I art     : Starting a blocking GC Explicit
08-05 01:22:10.557  6162  6173 I art     : Explicit concurrent mark sweep GC freed 11(352B) AllocSpace objects, 0(0B) LOS objects, 35% free, 29MB/45MB, paused 539us total 45.785ms
08-05 01:22:10.578  6162  6173 I art     : Starting a blocking GC Explicit
08-05 01:22:10.625  6162  6173 I art     : Explicit concurrent mark sweep GC freed 11(352B) AllocSpace objects, 0(0B) LOS objects, 35% free, 29MB/45MB, paused 647us total 46.553ms
08-05 01:22:10.719  6162  6162 I chromium: [INFO:CONSOLE(1)] "
08-05 01:22:10.719  6162  6162 I chromium:                   ,d"=,.,qOp,
08-05 01:22:10.719  6162  6162 I chromium:                  ,7'  ''$(  )
08-05 01:22:10.719  6162  6162 I chromium:                 ,7'      '?q$7'
08-05 01:22:10.719  6162  6162 I chromium:              ..,$$,.
08-05 01:22:10.719  6162  6162 I chromium:    ,.  .,,--***""***--,,.  .,
08-05 01:22:10.719  6162  6162 I chromium:     ,p''              ''q,   
08-05 01:22:10.719  6162  6162 I chromium: :  ,7'                      '7,  :
08-05 01:22:10.719  6162  6162 I chromium:  ' $      ,db,      ,db,      $ '
08-05 01:22:10.719  6162  6162 I chromium:   '$      $$      $$      $'    Using Reddit at work? Work for Reddit.
08-05 01:22:10.719  6162  6162 I chromium:   '$                          $'        https://www.reddit.com/jobs
08-05 01:22:10.719  6162  6162 I chromium:    '$.     .,        ,.     .$'
08-05 01:22:10.719  6162  6162 I chromium:     'b,     ''     ,d'
08-05 01:22:10.719  6162  6162 I chromium:      '?bn,,          ,,nd?'
08-05 01:22:10.719  6162  6162 I chromium:        ,7$ '''' $7,
08-05 01:22:10.719  6162  6162 I chromium:      , $              $ ,
08-05 01:22:10.719  6162  6162 I chromium:      $  :$              $:  $
08-05 01:22:10.719  6162  6162 I chromium:      $   $              $   $
08-05 01:22:10.719  6162  6162 I chromium:      'b  q:            :p  d'
08-05 01:22:10.719  6162  6162 I chromium:       '?$.          .$?'
08-05 01:22:10.719  6162  6162 I chromium:          'b            d'
08-05 01:22:10.719  6162  6162 I chromium:        ,'?,.      .,?',
08-05 01:22:10.719  6162  6162 I chromium:       ==--==--==--==
08-05 01:22:10.719  6162  6162 I chromium: ", source: https://www.redditstatic.com/desktop2x/Chat~Governance~Reddit.2ea93b134a9b2e5b1d9a.js (1)
08-05 01:22:10.999  6162  6175 I art     : Starting a blocking GC Explicit
08-05 01:22:11.055  6162  6175 I art     : Explicit concurrent mark sweep GC freed 1436(87KB) AllocSpace objects, 1(20KB) LOS objects, 35% free, 29MB/45MB, paused 482us total 56.279ms
08-05 01:22:11.079  6162  6175 I art     : Starting a blocking GC Explicit
08-05 01:22:11.130  6162  6175 I art     : Explicit concurrent mark sweep GC freed 313(44KB) AllocSpace objects, 0(0B) LOS objects, 35% free, 29MB/45MB, paused 636us total 50.750ms
08-05 01:22:11.151  6162  6175 I art     : Starting a blocking GC Explicit
08-05 01:22:11.207  6162  6175 I art     : Explicit concurrent mark sweep GC freed 83(2752B) AllocSpace objects, 0(0B) LOS objects, 35% free, 29MB/45MB, paused 552us total 55.315ms
08-05 01:22:11.228  6162  6175 I art     : Starting a blocking GC Explicit
08-05 01:22:11.269  6162  6175 I art     : Explicit concurrent mark sweep GC freed 3(96B) AllocSpace objects, 0(0B) LOS objects, 35% free, 29MB/45MB, paused 469us total 40.969ms
08-05 01:22:11.286  6162  6175 I art     : Starting a blocking GC Explicit
08-05 01:22:11.334  6162  6175 I art     : Explicit concurrent mark sweep GC freed 3(96B) AllocSpace objects, 0(0B) LOS objects, 35% free, 29MB/45MB, paused 555us total 47.097ms
08-05 01:22:11.739  6162  6387 I art     : Starting a blocking GC Explicit
08-05 01:22:11.785  6162  6387 I art     : Explicit concurrent mark sweep GC freed 1568(95KB) AllocSpace objects, 1(20KB) LOS objects, 35% free, 29MB/45MB, paused 445us total 45.147ms
08-05 01:22:11.804  6162  6387 I art     : Starting a blocking GC Explicit
08-05 01:22:11.860  6162  6387 I art     : Explicit concurrent mark sweep GC freed 20(704B) AllocSpace objects, 0(0B) LOS objects, 35% free, 29MB/45MB, paused 480us total 55.420ms
08-05 01:22:11.878  6162  6387 I art     : Starting a blocking GC Explicit
08-05 01:22:11.929  6162  6387 I art     : Explicit concurrent mark sweep GC freed 3(96B) AllocSpace objects, 0(0B) LOS objects, 35% free, 29MB/45MB, paused 500us total 50.510ms
08-05 01:22:11.949  6162  6387 I art     : Starting a blocking GC Explicit
08-05 01:22:11.997  6162  6387 I art     : Explicit concurrent mark sweep GC freed 16(2640B) AllocSpace objects, 0(0B) LOS objects, 35% free, 29MB/45MB, paused 550us total 48.158ms
08-05 01:22:12.017  6162  6387 I art     : Starting a blocking GC Explicit
08-05 01:22:12.071  6162  6387 I art     : Explicit concurrent mark sweep GC freed 3(96B) AllocSpace objects, 0(0B) LOS objects, 35% free, 29MB/45MB, paused 427us total 53.684ms
08-05 01:22:12.461  6162  6175 I art     : Starting a blocking GC Explicit
08-05 01:22:12.507  6162  6175 I art     : Explicit concurrent mark sweep GC freed 1403(85KB) AllocSpace objects, 1(20KB) LOS objects, 35% free, 29MB/45MB, paused 485us total 46.442ms
08-05 01:22:12.526  6162  6175 I art     : Starting a blocking GC Explicit
08-05 01:22:12.575  6162  6175 I art     : Explicit concurrent mark sweep GC freed 20(704B) AllocSpace objects, 0(0B) LOS objects, 35% free, 29MB/45MB, paused 460us total 48.623ms
08-05 01:22:12.594  6162  6175 I art     : Starting a blocking GC Explicit
08-05 01:22:12.644  6162  6175 I art     : Explicit concurrent mark sweep GC freed 3(96B) AllocSpace objects, 0(0B) LOS objects, 35% free, 29MB/45MB, paused 498us total 50.258ms
08-05 01:22:12.668  6162  6175 I art     : Starting a blocking GC Explicit
08-05 01:22:12.718  6162  6175 I art     : Explicit concurrent mark sweep GC freed 3(96B) AllocSpace objects, 0(0B) LOS objects, 35% free, 29MB/45MB, paused 490us total 50.028ms
08-05 01:22:12.737  6162  6175 I art     : Starting a blocking GC Explicit
08-05 01:22:12.788  6162  6175 I art     : Explicit concurrent mark sweep GC freed 3(96B) AllocSpace objects, 0(0B) LOS objects, 35% free, 29MB/45MB, paused 446us total 50.546ms
08-05 01:22:13.169  6162  6175 I art     : Starting a blocking GC Explicit
08-05 01:22:13.221  6162  6175 I art     : Explicit concurrent mark sweep GC freed 1357(82KB) AllocSpace objects, 1(20KB) LOS objects, 35% free, 29MB/45MB, paused 454us total 51.725ms
08-05 01:22:13.240  6162  6175 I art     : Starting a blocking GC Explicit
08-05 01:22:13.291  6162  6175 I art     : Explicit concurrent mark sweep GC freed 20(704B) AllocSpace objects, 0(0B) LOS objects, 35% free, 29MB/45MB, paused 437us total 51.223ms
08-05 01:22:13.311  6162  6175 I art     : Starting a blocking GC Explicit
08-05 01:22:13.359  6162  6175 I art     : Explicit concurrent mark sweep GC freed 3(96B) AllocSpace objects, 0(0B) LOS objects, 35% free, 29MB/45MB, paused 571us total 48.301ms
08-05 01:22:13.378  6162  6175 I art     : Starting a blocking GC Explicit
08-05 01:22:13.426  1652  1652 I ServiceManager: Waiting for service AtCmdFwd...
08-05 01:22:13.431  6162  6175 I art     : Explicit concurrent mark sweep GC freed 3(96B) AllocSpace objects, 0(0B) LOS objects, 35% free, 29MB/45MB, paused 437us total 52.508ms
08-05 01:22:13.450  6162  6175 I art     : Starting a blocking GC Explicit
08-05 01:22:13.500  6162  6175 I art     : Explicit concurrent mark sweep GC freed 3(96B) AllocSpace objects, 0(0B) LOS objects, 35% free, 29MB/45MB, paused 537us total 49.001ms
08-05 01:22:13.937  6162  6387 I art     : Starting a blocking GC Explicit
08-05 01:22:14.007  8847  8847 D AndroidRuntime: >>>>>> START com.android.internal.os.RuntimeInit uid 2000 <<<<<<
08-05 01:22:14.012  8847  8847 D AndroidRuntime: CheckJNI is OFF
08-05 01:22:14.014  6162  6387 I art     : Explicit concurrent mark sweep GC freed 1357(82KB) AllocSpace objects, 1(20KB) LOS objects, 35% free, 29MB/45MB, paused 562us total 76.606ms
08-05 01:22:14.039  6162  6387 I art     : Starting a blocking GC Explicit
08-05 01:22:14.055  8847  8847 D ICU     : No timezone override file found: /data/misc/zoneinfo/current/icu/icu_tzdata.dat
08-05 01:22:14.084  6162  6387 I art     : Explicit concurrent mark sweep GC freed 20(704B) AllocSpace objects, 0(0B) LOS objects, 35% free, 29MB/45MB, paused 477us total 45.344ms
08-05 01:22:14.100  8847  8847 I Radio-JNI: register_android_hardware_Radio DONE
08-05 01:22:14.104  6162  6387 I art     : Starting a blocking GC Explicit
08-05 01:22:14.129  8847  8847 D AndroidRuntime: Calling main entry com.android.commands.input.Input
08-05 01:22:14.131  8847  8847 I Input   : injectKeyEvent: KeyEvent { action=ACTION_DOWN, keyCode=KEYCODE_BACK, scanCode=0, metaState=0, flags=0x0, repeatCount=0, eventTime=753750544, downTime=753750544, deviceId=-1, source=0x101 }
08-05 01:22:14.137  8847  8847 I Input   : injectKeyEvent: KeyEvent { action=ACTION_UP, keyCode=KEYCODE_BACK, scanCode=0, metaState=0, flags=0x0, repeatCount=0, eventTime=753750544, downTime=753750544, deviceId=-1, source=0x101 }
08-05 01:22:14.144  8847  8847 D AndroidRuntime: Shutting down VM
08-05 01:22:14.149  6162  6387 I art     : Explicit concurrent mark sweep GC freed 21(704B) AllocSpace objects, 0(0B) LOS objects, 35% free, 29MB/45MB, paused 536us total 45.107ms
08-05 01:22:14.170  6162  6387 I art     : Starting a blocking GC Explicit
08-05 01:22:14.199 13866 13866 I GoogleInputMethodServic: GoogleInputMethodService.onFinishInput():3138 
08-05 01:22:14.199 13866 13866 I GoogleInputMethodServic: GoogleInputMethodService.onStartInput():1808 
08-05 01:22:14.223  6162  6387 I art     : Explicit concurrent mark sweep GC freed 158(5KB) AllocSpace objects, 0(0B) LOS objects, 35% free, 29MB/45MB, paused 510us total 52.691ms
08-05 01:22:14.242  6162  6387 I art     : Starting a blocking GC Explicit
08-05 01:22:14.282  6162  6387 I art     : Explicit concurrent mark sweep GC freed 93(3KB) AllocSpace objects, 0(0B) LOS objects, 35% free, 29MB/45MB, paused 468us total 39.252ms
08-05 01:22:14.427  1652  1652 I ServiceManager: Waiting for service AtCmdFwd...
08-05 01:22:14.518   380   380 W SurfaceFlinger: couldn't log to binary event log: overflow.
08-05 01:22:14.555   918  3263 D ConnectivityService: releasing NetworkRequest NetworkRequest [ id=3052, legacyType=-1, [ Capabilities: INTERNET&NOT_RESTRICTED&TRUSTED] ]
08-05 01:22:14.661  6162  6175 I art     : Starting a blocking GC Explicit
08-05 01:22:14.709  6162  6175 I art     : Explicit concurrent mark sweep GC freed 2243(123KB) AllocSpace objects, 1(20KB) LOS objects, 35% free, 29MB/45MB, paused 477us total 48.079ms
08-05 01:22:14.727  6162  6175 I art     : Starting a blocking GC Explicit
08-05 01:22:14.770  6162  6175 I art     : Explicit concurrent mark sweep GC freed 2114(124KB) AllocSpace objects, 1(28KB) LOS objects, 35% free, 29MB/45MB, paused 464us total 42.346ms
08-05 01:22:14.788  6162  6175 I art     : Starting a blocking GC Explicit
08-05 01:22:14.834  6162  6175 I art     : Explicit concurrent mark sweep GC freed 3(96B) AllocSpace objects, 0(0B) LOS objects, 35% free, 29MB/45MB, paused 495us total 45.726ms
08-05 01:22:14.853  6162  6175 I art     : Starting a blocking GC Explicit
08-05 01:22:14.886   518   646 I ThermalEngine: ACTION: GPU - Setting GPU[0] to 390000000
08-05 01:22:14.911  6162  6175 I art     : Explicit concurrent mark sweep GC freed 3(96B) AllocSpace objects, 0(0B) LOS objects, 35% free, 29MB/45MB, paused 795us total 57.397ms
08-05 01:22:14.937  6162  6175 I art     : Starting a blocking GC Explicit
08-05 01:22:14.996  6162  6175 I art     : Explicit concurrent mark sweep GC freed 3(96B) AllocSpace objects, 0(0B) LOS objects, 35% free, 29MB/45MB, paused 650us total 58.924ms
08-05 01:22:15.380  6162  6387 I art     : Starting a blocking GC Explicit
08-05 01:22:15.427  1652  1652 I ServiceManager: Waiting for service AtCmdFwd...
08-05 01:22:15.439  6162  6387 I art     : Explicit concurrent mark sweep GC freed 1356(82KB) AllocSpace objects, 1(20KB) LOS objects, 35% free, 29MB/45MB, paused 953us total 58.118ms
08-05 01:22:15.464  6162  6387 I art     : Starting a blocking GC Explicit
08-05 01:22:15.521  6162  6387 I art     : Explicit concurrent mark sweep GC freed 20(704B) AllocSpace objects, 0(0B) LOS objects, 35% free, 29MB/45MB, paused 765us total 56.848ms
08-05 01:22:15.521  6162  6172 I art     : WaitForGcToComplete blocked for 30.550ms for cause HeapTrim
08-05 01:22:15.546  6162  6387 I art     : Starting a blocking GC Explicit
08-05 01:22:15.605  6162  6387 I art     : Explicit concurrent mark sweep GC freed 3(96B) AllocSpace objects, 0(0B) LOS objects, 35% free, 29MB/45MB, paused 686us total 57.784ms
08-05 01:22:15.630  6162  6387 I art     : Starting a blocking GC Explicit
08-05 01:22:15.688  6162  6387 I art     : Explicit concurrent mark sweep GC freed 3(96B) AllocSpace objects, 0(0B) LOS objects, 35% free, 29MB/45MB, paused 979us total 57.695ms
08-05 01:22:15.714  6162  6387 I art     : Starting a blocking GC Explicit
08-05 01:22:15.771  6162  6387 I art     : Explicit concurrent mark sweep GC freed 3(96B) AllocSpace objects, 0(0B) LOS objects, 35% free, 29MB/45MB, paused 843us total 56.768ms
08-05 01:22:15.887   518   646 I ThermalEngine: ACTION: GPU - Setting GPU[0] to 450000000
08-05 01:22:15.989  8890  8890 D AndroidRuntime: >>>>>> START com.android.internal.os.RuntimeInit uid 2000 <<<<<<
08-05 01:22:15.995  8890  8890 D AndroidRuntime: CheckJNI is OFF
08-05 01:22:16.037  8890  8890 D ICU     : No timezone override file found: /data/misc/zoneinfo/current/icu/icu_tzdata.dat
08-05 01:22:16.079  8890  8890 I Radio-JNI: register_android_hardware_Radio DONE
08-05 01:22:16.109  8890  8890 D AndroidRuntime: Calling main entry com.android.commands.input.Input
08-05 01:22:16.111  8890  8890 I Input   : injectKeyEvent: KeyEvent { action=ACTION_DOWN, keyCode=KEYCODE_BACK, scanCode=0, metaState=0, flags=0x0, repeatCount=0, eventTime=753752524, downTime=753752524, deviceId=-1, source=0x101 }
08-05 01:22:16.116  8890  8890 I Input   : injectKeyEvent: KeyEvent { action=ACTION_UP, keyCode=KEYCODE_BACK, scanCode=0, metaState=0, flags=0x0, repeatCount=0, eventTime=753752524, downTime=753752524, deviceId=-1, source=0x101 }
08-05 01:22:16.121  6162  6173 I art     : Starting a blocking GC Explicit
08-05 01:22:16.122  8890  8890 D AndroidRuntime: Shutting down VM
08-05 01:22:16.166  6162  6173 I art     : Explicit concurrent mark sweep GC freed 1466(86KB) AllocSpace objects, 1(20KB) LOS objects, 35% free, 29MB/45MB, paused 491us total 44.764ms
08-05 01:22:16.167 13866 13866 I GoogleInputMethodServic: GoogleInputMethodService.onFinishInput():3138 
08-05 01:22:16.168 13866 13866 I GoogleInputMethodServic: GoogleInputMethodService.onStartInput():1808 
08-05 01:22:16.185  6162  6173 I art     : Starting a blocking GC Explicit
08-05 01:22:16.226  6162  6173 I art     : Explicit concurrent mark sweep GC freed 72(2592B) AllocSpace objects, 0(0B) LOS objects, 35% free, 29MB/45MB, paused 447us total 39.772ms
08-05 01:22:16.243  6162  6173 I art     : Starting a blocking GC Explicit
08-05 01:22:16.285  6162  6173 I art     : Explicit concurrent mark sweep GC freed 24(816B) AllocSpace objects, 0(0B) LOS objects, 35% free, 29MB/45MB, paused 473us total 41.635ms
08-05 01:22:16.306  6162  6173 I art     : Starting a blocking GC Explicit
08-05 01:22:16.360  6162  6173 I art     : Explicit concurrent mark sweep GC freed 3(96B) AllocSpace objects, 0(0B) LOS objects, 35% free, 29MB/45MB, paused 572us total 53.922ms
08-05 01:22:16.381  6162  6173 I art     : Starting a blocking GC Explicit
08-05 01:22:16.428  1652  1652 I ServiceManager: Waiting for service AtCmdFwd...
08-05 01:22:16.437  6162  6173 I art     : Explicit concurrent mark sweep GC freed 3(96B) AllocSpace objects, 0(0B) LOS objects, 35% free, 29MB/45MB, paused 472us total 55.108ms
08-05 01:22:16.767  6162  6175 I art     : Starting a blocking GC Explicit
08-05 01:22:16.833  6162  6175 I art     : Explicit concurrent mark sweep GC freed 1421(85KB) AllocSpace objects, 1(20KB) LOS objects, 35% free, 29MB/45MB, paused 580us total 65.603ms
08-05 01:22:16.855  6162  6175 I art     : Starting a blocking GC Explicit
08-05 01:22:16.903  6162  6175 I art     : Explicit concurrent mark sweep GC freed 150(7KB) AllocSpace objects, 0(0B) LOS objects, 35% free, 29MB/45MB, paused 526us total 48.319ms
08-05 01:22:16.922  6162  6175 I art     : Starting a blocking GC Explicit
08-05 01:22:16.969  6162  6175 I art     : Explicit concurrent mark sweep GC freed 3(96B) AllocSpace objects, 0(0B) LOS objects, 35% free, 29MB/45MB, paused 486us total 46.813ms
08-05 01:22:16.988  6162  6175 I art     : Starting a blocking GC Explicit
08-05 01:22:17.037  6162  6175 I art     : Explicit concurrent mark sweep GC freed 3(96B) AllocSpace objects, 0(0B) LOS objects, 35% free, 29MB/45MB, paused 561us total 49.148ms
08-05 01:22:17.060  6162  6175 I art     : Starting a blocking GC Explicit
08-05 01:22:17.107  6162  6175 I art     : Explicit concurrent mark sweep GC freed 3(96B) AllocSpace objects, 0(0B) LOS objects, 35% free, 29MB/45MB, paused 612us total 47.577ms
08-05 01:22:17.428  1652  1652 I ServiceManager: Waiting for service AtCmdFwd...
08-05 01:22:17.446  6162  6186 I art     : Starting a blocking GC Explicit
08-05 01:22:17.501  6162  6186 I art     : Explicit concurrent mark sweep GC freed 1356(82KB) AllocSpace objects, 1(20KB) LOS objects, 35% free, 29MB/45MB, paused 518us total 53.997ms
08-05 01:22:17.519  6162  6186 I art     : Starting a blocking GC Explicit
08-05 01:22:17.565  6162  6186 I art     : Explicit concurrent mark sweep GC freed 20(704B) AllocSpace objects, 0(0B) LOS objects, 35% free, 29MB/45MB, paused 529us total 45.180ms
08-05 01:22:17.584  6162  6186 I art     : Starting a blocking GC Explicit
08-05 01:22:17.630  6162  6186 I art     : Explicit concurrent mark sweep GC freed 3(96B) AllocSpace objects, 0(0B) LOS objects, 35% free, 29MB/45MB, paused 510us total 46.284ms
08-05 01:22:17.648  6162  6186 I art     : Starting a blocking GC Explicit
08-05 01:22:17.692   918  3261 D WifiStateMachine: starting scan for "H369AA63323"WPA_PSK with 2412,5180
08-05 01:22:17.693  6162  6186 I art     : Explicit concurrent mark sweep GC freed 3(96B) AllocSpace objects, 0(0B) LOS objects, 35% free, 29MB/45MB, paused 485us total 44.636ms
08-05 01:22:17.712  6162  6186 I art     : Starting a blocking GC Explicit
08-05 01:22:17.755  6162  6186 I art     : Explicit concurrent mark sweep GC freed 3(96B) AllocSpace objects, 0(0B) LOS objects, 35% free, 29MB/45MB, paused 458us total 43.204ms
08-05 01:22:17.902  8933  8933 D AndroidRuntime: >>>>>> START com.android.internal.os.RuntimeInit uid 2000 <<<<<<
08-05 01:22:17.908  8933  8933 D AndroidRuntime: CheckJNI is OFF
08-05 01:22:17.949  8933  8933 D ICU     : No timezone override file found: /data/misc/zoneinfo/current/icu/icu_tzdata.dat
08-05 01:22:17.989  8933  8933 I Radio-JNI: register_android_hardware_Radio DONE
08-05 01:22:18.018  8933  8933 D AndroidRuntime: Calling main entry com.android.commands.input.Input
08-05 01:22:18.020  8933  8933 I Input   : injectMotionEvent: MotionEvent { action=ACTION_DOWN, actionButton=0, id[0]=0, x[0]=600.0, y[0]=1733.0, toolType[0]=TOOL_TYPE_UNKNOWN, buttonState=0, metaState=0, flags=0x0, edgeFlags=0x0, pointerCount=1, historySize=0, eventTime=753754432, downTime=753754432, deviceId=0, source=0x1002 }
08-05 01:22:18.024  8933  8933 I Input   : injectMotionEvent: MotionEvent { action=ACTION_UP, actionButton=0, id[0]=0, x[0]=600.0, y[0]=1733.0, toolType[0]=TOOL_TYPE_UNKNOWN, buttonState=0, metaState=0, flags=0x0, edgeFlags=0x0, pointerCount=1, historySize=0, eventTime=753754432, downTime=753754432, deviceId=0, source=0x1002 }
08-05 01:22:18.083  8933  8933 D AndroidRuntime: Shutting down VM
08-05 01:22:18.083   918  5132 I ActivityManager: START u0 {dat=https://oauth.reddit.com/... cmp=baseline.org.quantumbadger.redreader/.activities.PostListingActivity} from uid 10689 on display 0
08-05 01:22:18.083  6162  6173 I art     : Starting a blocking GC Explicit
08-05 01:22:18.085   512  2967 D audio_hw_primary: out_set_parameters: enter: usecase(1: low-latency-playback) kvpairs: routing=2
08-05 01:22:18.099   512  2967 D audio_hw_primary: select_devices: out_snd_device(2: speaker) in_snd_device(0: none)
08-05 01:22:18.099   512  2967 D msm8974_platform: platform_send_audio_calibration: sending audio calibration for snd_device(2) acdb_id(15)
08-05 01:22:18.099   512  2967 I soundtrigger: audio_extn_sound_trigger_update_device_status: device 0x2 of type 0 for Event 1
08-05 01:22:18.109  6162  6162 I AppCompatViewInflater: app:theme is now deprecated. Please move to using android:theme instead.
08-05 01:22:18.111   512  2967 D audio_hw_primary: enable_snd_device: snd_device(2: speaker)
08-05 01:22:18.113   512  2967 D audio_hw_primary: enable_audio_route: apply and update mixer path: low-latency-playback speaker
08-05 01:22:18.128  6162  6173 I art     : Explicit concurrent mark sweep GC freed 1808(112KB) AllocSpace objects, 1(20KB) LOS objects, 35% free, 29MB/45MB, paused 847us total 44.670ms
08-05 01:22:18.135   918   927 I art     : Background sticky concurrent mark sweep GC freed 61600(9MB) AllocSpace objects, 246(4MB) LOS objects, 17% free, 70MB/84MB, paused 1.590ms total 110.200ms
08-05 01:22:18.145  6162  8958 D OK      : calling: https://oauth.reddit.com/r/aww/about.json
08-05 01:22:18.152  6162  6173 I art     : Starting a blocking GC Explicit
08-05 01:22:18.193  6162  6173 I art     : Explicit concurrent mark sweep GC freed 1292(79KB) AllocSpace objects, 0(0B) LOS objects, 35% free, 29MB/45MB, paused 832us total 41.380ms
08-05 01:22:18.204   918   936 I ActivityManager: Displayed baseline.org.quantumbadger.redreader/.activities.PostListingActivity: +111ms
08-05 01:22:18.205 13866 13866 I GoogleInputMethodServic: GoogleInputMethodService.onFinishInput():3138 
08-05 01:22:18.206 13866 13866 I GoogleInputMethodServic: GoogleInputMethodService.onStartInput():1808 
08-05 01:22:18.212  6162  6173 I art     : Starting a blocking GC Explicit
08-05 01:22:18.257  6162  6173 I art     : Explicit concurrent mark sweep GC freed 2236(94KB) AllocSpace objects, 0(0B) LOS objects, 35% free, 29MB/45MB, paused 710us total 45.182ms
08-05 01:22:18.275  6162  6173 I art     : Starting a blocking GC Explicit
08-05 01:22:18.318  6162  6173 I art     : Explicit concurrent mark sweep GC freed 255(9KB) AllocSpace objects, 0(0B) LOS objects, 35% free, 29MB/45MB, paused 545us total 43.002ms
08-05 01:22:18.338  6162  6173 I art     : Starting a blocking GC Explicit
08-05 01:22:18.391  6162  6173 I art     : Explicit concurrent mark sweep GC freed 20(832B) AllocSpace objects, 0(0B) LOS objects, 35% free, 29MB/45MB, paused 632us total 52.096ms
08-05 01:22:18.407  6162  8958 I NAPPA_EXPERIMENTATION: MetricNetworkRequestExecutionTime: REQUEST_DURATION_SYSTEM='262',REQUEST_DURATION_OKHTTP='147',REQUEST_SYNCHRONOUS='TRUE',RESPONSE_CODE='200',RESPONSE_METHOD='GET',RESPONSE_LENGTH_OKHTTP='-1',RESPONSE_LENGTH_HEADER='3478',REQUEST_PROTOCOL='h2',REQUEST_URL='https://oauth.reddit.com/r/aww/about.json',
08-05 01:22:18.407  6162  8958 D OK      : request got status: 200
08-05 01:22:18.429  1652  1652 W Atfwd_Sendcmd: AtCmdFwd service not published, waiting... retryCnt : 1
08-05 01:22:18.457   380   380 W SurfaceFlinger: couldn't log to binary event log: overflow.
08-05 01:22:18.659   512  2967 D audio_hw_primary: disable_audio_route: reset and update mixer path: low-latency-playback speaker
08-05 01:22:18.660   512  2967 D audio_hw_primary: disable_snd_device: snd_device(2: speaker)
08-05 01:22:18.668   512  2967 I soundtrigger: audio_extn_sound_trigger_update_device_status: device 0x2 of type 0 for Event 0
08-05 01:22:18.724  6162  6387 I art     : Starting a blocking GC Explicit
08-05 01:22:18.775  6162  6387 I art     : Explicit concurrent mark sweep GC freed 3111(288KB) AllocSpace objects, 3(156KB) LOS objects, 35% free, 29MB/45MB, paused 531us total 49.929ms
08-05 01:22:18.793  6162  6387 I art     : Starting a blocking GC Explicit
08-05 01:22:18.842  6162  6387 I art     : Explicit concurrent mark sweep GC freed 223(11KB) AllocSpace objects, 0(0B) LOS objects, 35% free, 29MB/45MB, paused 629us total 48.837ms
08-05 01:22:18.861  6162  6387 I art     : Starting a blocking GC Explicit
08-05 01:22:18.909  6162  6387 I art     : Explicit concurrent mark sweep GC freed 27(1120B) AllocSpace objects, 0(0B) LOS objects, 35% free, 29MB/45MB, paused 587us total 47.157ms
08-05 01:22:18.929  6162  6387 I art     : Starting a blocking GC Explicit
08-05 01:22:18.975  6162  6387 I art     : Explicit concurrent mark sweep GC freed 3(96B) AllocSpace objects, 0(0B) LOS objects, 35% free, 29MB/45MB, paused 674us total 45.955ms
08-05 01:22:18.994  6162  6387 I art     : Starting a blocking GC Explicit
08-05 01:22:19.041  6162  6387 I art     : Explicit concurrent mark sweep GC freed 3(96B) AllocSpace objects, 0(0B) LOS objects, 35% free, 29MB/45MB, paused 638us total 46.914ms
08-05 01:22:19.344  6162  8982 D OK      : calling: https://oauth.reddit.com/r/aww/hot/.json
08-05 01:22:19.379  6162  6175 I art     : Starting a blocking GC Explicit
08-05 01:22:19.429  6162  6175 I art     : Explicit concurrent mark sweep GC freed 1446(86KB) AllocSpace objects, 1(20KB) LOS objects, 35% free, 29MB/45MB, paused 629us total 49.489ms
08-05 01:22:19.448  6162  6175 I art     : Starting a blocking GC Explicit
08-05 01:22:19.496  6162  6175 I art     : Explicit concurrent mark sweep GC freed 26(960B) AllocSpace objects, 0(0B) LOS objects, 35% free, 29MB/45MB, paused 586us total 47.593ms
08-05 01:22:19.514  6162  6175 I art     : Starting a blocking GC Explicit
08-05 01:22:19.543  6162  8982 I NAPPA_EXPERIMENTATION: MetricNetworkRequestExecutionTime: REQUEST_DURATION_SYSTEM='198',REQUEST_DURATION_OKHTTP='194',REQUEST_SYNCHRONOUS='TRUE',RESPONSE_CODE='200',RESPONSE_METHOD='GET',RESPONSE_LENGTH_OKHTTP='-1',RESPONSE_LENGTH_HEADER='33430',REQUEST_PROTOCOL='h2',REQUEST_URL='https://oauth.reddit.com/r/aww/hot/.json',
08-05 01:22:19.543  6162  8982 D OK      : request got status: 200
08-05 01:22:19.557  6162  6730 I PostListingFragment: Precaching images: OFF
08-05 01:22:19.558  6162  6730 I PostListingFragment: Precaching comments: OFF
08-05 01:22:19.561  6162  6175 I art     : Explicit concurrent mark sweep GC freed 436(41KB) AllocSpace objects, 0(0B) LOS objects, 35% free, 29MB/45MB, paused 1.233ms total 47.253ms
08-05 01:22:19.574  6162  8983 D OK      : calling: https://b.thumbs.redditmedia.com/CKInrczASoQbNvSBStGz11Tok0uCyQoxmZ02sOE37sQ.jpg
08-05 01:22:19.581  6162  6175 I art     : Starting a blocking GC Explicit
08-05 01:22:19.585  6162  8984 D OK      : calling: https://a.thumbs.redditmedia.com/sKVnLbatvJCZOE2ooe6CgiEftOB3ukgPMdcydbk9CZ4.jpg
08-05 01:22:19.590  6162  6730 I getImgurImageInfo: Image NSO7Npm: trying API v3 with auth
08-05 01:22:19.594  6162  8985 D OK      : calling: https://api.gfycat.com/v1/gfycats/deadlygravecavy
08-05 01:22:19.596  6162  8986 D OK      : calling: https://a.thumbs.redditmedia.com/dFt2-stQJkfZ8O7r7ywG9GQsF08fZXxEJfQtAmiJ-F8.jpg
08-05 01:22:19.599  6162  8987 D OK      : calling: https://b.thumbs.redditmedia.com/1cAaKl6LkrikiRbLsBzzOvufKqRKuPi3wgjUkX8axkI.jpg
08-05 01:22:19.601  6162  8988 D OK      : calling: https://api.imgur.com/3/image/NSO7Npm
08-05 01:22:19.605  6162  8989 D OK      : calling: https://v.redd.it/fkewv2f65kd51/DASHPlaylist.mpd
08-05 01:22:19.617  6162  8990 D OK      : calling: https://b.thumbs.redditmedia.com/NUqJWcobH7ToYhCM0w6nnAFZ46ymm9vPD25BC3s7Wco.jpg
08-05 01:22:19.618  6162  8991 D OK      : calling: https://b.thumbs.redditmedia.com/bUY4al781EZ3q7hUlnLebemHCXE3e63_SSxl2uo4Q4A.jpg
08-05 01:22:19.621  6162  8993 D OK      : calling: https://b.thumbs.redditmedia.com/_H8tFMmL5-3GrxYkCtMSHiyNfjbX8pxctOw_vrzyw7o.jpg
08-05 01:22:19.623  6162  8994 D OK      : calling: https://api.gfycat.com/v1/gfycats/altruisticthankfulankolewatusi
08-05 01:22:19.626  6162  8992 D OK      : calling: https://b.thumbs.redditmedia.com/tTmEfIrujbsvZXbhNSQS6Pc7o7ShCaGqZHbYf7nWdfg.jpg
08-05 01:22:19.629  6162  8996 D OK      : calling: https://b.thumbs.redditmedia.com/N6fiqTp8nJD2l7sUz4nij7j1yHYMTKaflUIrn8E2bAU.jpg
08-05 01:22:19.629  6162  8995 D OK      : calling: https://b.thumbs.redditmedia.com/JTSWFy2_tijPk6cA5noKDydEAMkMJcDmKQTSX178zwc.jpg
08-05 01:22:19.635  6162  6175 I art     : Explicit concurrent mark sweep GC freed 9452(440KB) AllocSpace objects, 0(0B) LOS objects, 34% free, 30MB/46MB, paused 2.750ms total 54.637ms
08-05 01:22:19.636  6162  8997 D OK      : calling: https://v.redd.it/ak6rer1hskd51/DASHPlaylist.mpd
08-05 01:22:19.643  6162  8998 D OK      : calling: https://b.thumbs.redditmedia.com/HkEQtny0bE4H3dMCd_woPsLAXBoPwp_DZ4ioFNIQLKk.jpg
08-05 01:22:19.644  6162  8999 D OK      : calling: https://b.thumbs.redditmedia.com/lVNra-iScxkYcYtSstJ-7J7pRAUDRXIwwJhsen1ZK9g.jpg
08-05 01:22:19.655  6162  9000 D OK      : calling: https://b.thumbs.redditmedia.com/lQKqDneXS8E7ZBD9cUQy4OqOt8PuTneSvVFtnU0pwCE.jpg
08-05 01:22:19.655  6162  9001 D OK      : calling: https://api.gfycat.com/v1/gfycats/foolhardysparklinglarva
08-05 01:22:19.655  6162  6175 I art     : Starting a blocking GC Explicit
08-05 01:22:19.662  6162  9002 D OK      : calling: https://b.thumbs.redditmedia.com/X3yyAViE0gxiHR-kf9Z5xmLa8dKsm8iWJyKdWNVtOhU.jpg
08-05 01:22:19.666  6162  9003 D OK      : calling: https://b.thumbs.redditmedia.com/Bx9FZp8_w10DfFUf_mqVPMfu4Y0h2lo41Dh4tl2eNeQ.jpg
08-05 01:22:19.668  6162  9004 D OK      : calling: https://v.redd.it/h49fg58ygjd51/DASHPlaylist.mpd
08-05 01:22:19.671  6162  9005 D OK      : calling: https://a.thumbs.redditmedia.com/KpcC72KH04Be3BqxmFbv_Gz7LCy-24GU-70or3KCdJ4.jpg
08-05 01:22:19.680  6162  9006 D OK      : calling: https://a.thumbs.redditmedia.com/cEOtajy3CAQrjwSA3hhSqnPx8bfkRzglo7Lz1SBTmE0.jpg
08-05 01:22:19.680  6162  9007 D OK      : calling: https://v.redd.it/1ewzkieg0jd51/DASHPlaylist.mpd
08-05 01:22:19.684  6162  9008 D OK      : calling: https://b.thumbs.redditmedia.com/RrJbRRjFZWmckrONtkPTloJh52FfqD_XkLMuYuuQvAg.jpg
08-05 01:22:19.688  6162  9009 D OK      : calling: https://v.redd.it/ppmhu2r9thd51/DASHPlaylist.mpd
08-05 01:22:19.689  6162  9010 D OK      : calling: https://b.thumbs.redditmedia.com/chqK3f9u3D7UmfrGP85f4sOQFihMk6q7fFSeMyWs_7E.jpg
08-05 01:22:19.695  6162  9012 D OK      : calling: https://v.redd.it/s9qqadf3mid51/DASHPlaylist.mpd
08-05 01:22:19.699  6162  9011 D OK      : calling: https://b.thumbs.redditmedia.com/B18Vu5Jw71XCkFOFHimnUC42ya8apHsmcCW-HFmtb6w.jpg
08-05 01:22:19.699  6162  9013 D OK      : calling: https://b.thumbs.redditmedia.com/iZuzjufMpYUYtQRLjRwce4RDb6JYsId95_iezR2Uc0w.jpg
08-05 01:22:19.704  6162  9014 D OK      : calling: https://v.redd.it/b8vazlcb7ld51/DASHPlaylist.mpd
08-05 01:22:19.711  6162  9015 D OK      : calling: https://b.thumbs.redditmedia.com/XNb1kfskabGDLMqv661Q22hBtCb8w5oyePDcFaZi9aY.jpg
08-05 01:22:19.713  6162  6175 I art     : Explicit concurrent mark sweep GC freed 12549(562KB) AllocSpace objects, 0(0B) LOS objects, 33% free, 31MB/47MB, paused 3.425ms total 57.605ms
08-05 01:22:19.716  6162  9016 D OK      : calling: https://v.redd.it/ty24o02m1hd51/DASHPlaylist.mpd
08-05 01:22:19.717  6162  9017 D OK      : calling: https://b.thumbs.redditmedia.com/lMqJbh1Z40ffemA0TnSfVnovznn4hvJNue60AsJ-ETs.jpg
08-05 01:22:19.722  6162  9018 D OK      : calling: https://b.thumbs.redditmedia.com/x5l4cICw0WNNvslt5FqVjwj89XrGjrXnNbaSyQRAyCo.jpg
08-05 01:22:19.730  6162  9019 D OK      : calling: https://v.redd.it/ar5k8892pid51/DASHPlaylist.mpd
08-05 01:22:19.730  6162  9020 D OK      : calling: https://b.thumbs.redditmedia.com/189nmwjW7eGWBD0J-cxzsUac1V1ZWGzMFC66inY4u4Y.jpg
08-05 01:22:19.745  6162  9021 D OK      : calling: https://b.thumbs.redditmedia.com/d_-UsfmKASoIHi4vZyyjvvwFtm1S7-DEi9AQPOnGIgY.jpg
08-05 01:22:19.839  6162  6162 W RecyclerView: Cannot call this method in a scroll callback. Scroll callbacks mightbe run during a measure & layout pass where you cannot change theRecyclerView data. Any method call that might change the structureof the RecyclerView or the adapter contents should be postponed tothe next frame.
08-05 01:22:19.839  6162  6162 W RecyclerView: java.lang.IllegalStateException:  androidx.recyclerview.widget.RecyclerView{ad2767d VFED..... .F....ID 0,0-1440,2140 #7f0900ef app:id/scrollbar_recyclerview_recyclerview}, adapter:baseline.org.quantumbadger.redreader.adapters.GroupedRecyclerViewAdapter@d64b972, layout:androidx.recyclerview.widget.LinearLayoutManager@48fe1c3, context:baseline.org.quantumbadger.redreader.activities.PostListingActivity@cf8d89
08-05 01:22:19.839  6162  6162 W RecyclerView: 	at androidx.recyclerview.widget.RecyclerView.assertNotInLayoutOrScroll(RecyclerView.java:3061)
08-05 01:22:19.839  6162  6162 W RecyclerView: 	at androidx.recyclerview.widget.RecyclerView$RecyclerViewDataObserver.onItemRangeInserted(RecyclerView.java:5555)
08-05 01:22:19.839  6162  6162 W RecyclerView: 	at androidx.recyclerview.widget.RecyclerView$AdapterDataObservable.notifyItemRangeInserted(RecyclerView.java:12278)
08-05 01:22:19.839  6162  6162 W RecyclerView: 	at androidx.recyclerview.widget.RecyclerView$Adapter.notifyItemInserted(RecyclerView.java:7464)
08-05 01:22:19.839  6162  6162 W RecyclerView: 	at baseline.org.quantumbadger.redreader.adapters.GroupedRecyclerViewAdapter.updateHiddenStatus(GroupedRecyclerViewAdapter.java:279)
08-05 01:22:19.839  6162  6162 W RecyclerView: 	at baseline.org.quantumbadger.redreader.adapters.RedditListingManager.setLoadingVisible(RedditListingManager.java:125)
08-05 01:22:19.839  6162  6162 W RecyclerView: 	at baseline.org.quantumbadger.redreader.fragments.PostListingFragment.onLoadMoreItemsCheck(PostListingFragment.java:465)
08-05 01:22:19.839  6162  6162 W RecyclerView: 	at baseline.org.quantumbadger.redreader.fragments.PostListingFragment.access$000(PostListingFragment.java:98)
08-05 01:22:19.839  6162  6162 W RecyclerView: 	at baseline.org.quantumbadger.redreader.fragments.PostListingFragment$2.onScrolled(PostListingFragment.java:215)
08-05 01:22:19.839  6162  6162 W RecyclerView: 	at androidx.recyclerview.widget.RecyclerView.dispatchOnScrolled(RecyclerView.java:5173)
08-05 01:22:19.839  6162  6162 W RecyclerView: 	at androidx.recyclerview.widget.RecyclerView.dispatchLayoutStep3(RecyclerView.java:4231)
08-05 01:22:19.839  6162  6162 W RecyclerView: 	at androidx.recyclerview.widget.RecyclerView.dispatchLayout(RecyclerView.java:3862)
08-05 01:22:19.839  6162  6162 W RecyclerView: 	at androidx.recyclerview.widget.RecyclerView.consumePendingUpdateOperations(RecyclerView.java:1897)
08-05 01:22:19.839  6162  6162 W RecyclerView: 	at androidx.recyclerview.widget.RecyclerView$1.run(RecyclerView.java:414)
08-05 01:22:19.839  6162  6162 W RecyclerView: 	at android.view.Choreographer$CallbackRecord.run(Choreographer.java:858)
08-05 01:22:19.839  6162  6162 W RecyclerView: 	at android.view.Choreographer.doCallbacks(Choreographer.java:670)
08-05 01:22:19.839  6162  6162 W RecyclerView: 	at android.view.Choreographer.doFrame(Choreographer.java:603)
08-05 01:22:19.839  6162  6162 W RecyclerView: 	at android.view.Choreographer$FrameDisplayEventReceiver.run(Choreographer.java:844)
08-05 01:22:19.839  6162  6162 W RecyclerView: 	at android.os.Handler.handleCallback(Handler.java:739)
08-05 01:22:19.839  6162  6162 W RecyclerView: 	at android.os.Handler.dispatchMessage(Handler.java:95)
08-05 01:22:19.839  6162  6162 W RecyclerView: 	at android.os.Looper.loop(Looper.java:148)
08-05 01:22:19.839  6162  6162 W RecyclerView: 	at android.app.ActivityThread.main(ActivityThread.java:5417)
08-05 01:22:19.839  6162  6162 W RecyclerView: 	at java.lang.reflect.Method.invoke(Native Method)
08-05 01:22:19.839  6162  6162 W RecyclerView: 	at com.android.internal.os.ZygoteInit$MethodAndArgsCaller.run(ZygoteInit.java:726)
08-05 01:22:19.839  6162  6162 W RecyclerView: 	at com.android.internal.os.ZygoteInit.main(ZygoteInit.java:616)
08-05 01:22:20.041  6162  6186 I art     : Starting a blocking GC Explicit
08-05 01:22:20.110  6162  6186 I art     : Explicit concurrent mark sweep GC freed 47024(2MB) AllocSpace objects, 3(156KB) LOS objects, 34% free, 30MB/46MB, paused 3.390ms total 69.178ms
08-05 01:22:20.131  6162  6186 I art     : Starting a blocking GC Explicit
08-05 01:22:20.184  6162  6186 I art     : Explicit concurrent mark sweep GC freed 14150(742KB) AllocSpace objects, 0(0B) LOS objects, 34% free, 30MB/46MB, paused 2.582ms total 53.684ms
08-05 01:22:20.203  6162  6186 I art     : Starting a blocking GC Explicit
08-05 01:22:20.258  6162  6186 I art     : Explicit concurrent mark sweep GC freed 5388(309KB) AllocSpace objects, 0(0B) LOS objects, 34% free, 30MB/46MB, paused 3.104ms total 55.146ms
08-05 01:22:20.279  6162  6186 I art     : Starting a blocking GC Explicit
08-05 01:22:20.337  6162  6186 I art     : Explicit concurrent mark sweep GC freed 10512(533KB) AllocSpace objects, 0(0B) LOS objects, 34% free, 30MB/46MB, paused 2.948ms total 57.875ms
08-05 01:22:20.357  6162  6186 I art     : Starting a blocking GC Explicit
08-05 01:22:20.363  6162  8983 I NAPPA_EXPERIMENTATION: MetricNetworkRequestExecutionTime: REQUEST_DURATION_SYSTEM='789',REQUEST_DURATION_OKHTTP='419',REQUEST_SYNCHRONOUS='TRUE',RESPONSE_CODE='200',RESPONSE_METHOD='GET',RESPONSE_LENGTH_OKHTTP='3891',RESPONSE_LENGTH_HEADER='3891',REQUEST_PROTOCOL='h2',REQUEST_URL='https://b.thumbs.redditmedia.com/CKInrczASoQbNvSBStGz11Tok0uCyQoxmZ02sOE37sQ.jpg',
08-05 01:22:20.364  6162  8983 D OK      : request got status: 200
08-05 01:22:20.414  6162  6186 I art     : Explicit concurrent mark sweep GC freed 7256(361KB) AllocSpace objects, 0(0B) LOS objects, 34% free, 30MB/46MB, paused 2.607ms total 57.361ms
08-05 01:22:20.483  6162  8984 I NAPPA_EXPERIMENTATION: MetricNetworkRequestExecutionTime: REQUEST_DURATION_SYSTEM='898',REQUEST_DURATION_OKHTTP='468',REQUEST_SYNCHRONOUS='TRUE',RESPONSE_CODE='200',RESPONSE_METHOD='GET',RESPONSE_LENGTH_OKHTTP='4487',RESPONSE_LENGTH_HEADER='4487',REQUEST_PROTOCOL='h2',REQUEST_URL='https://a.thumbs.redditmedia.com/sKVnLbatvJCZOE2ooe6CgiEftOB3ukgPMdcydbk9CZ4.jpg',
08-05 01:22:20.483  6162  8984 D OK      : request got status: 200
08-05 01:22:20.546  6162  9065 D OK      : calling: https://oauth.reddit.com/r/aww/hot/.json?after=t3_hz5odc
08-05 01:22:20.554  6162  8991 I NAPPA_EXPERIMENTATION: MetricNetworkRequestExecutionTime: REQUEST_DURATION_SYSTEM='936',REQUEST_DURATION_OKHTTP='496',REQUEST_SYNCHRONOUS='TRUE',RESPONSE_CODE='200',RESPONSE_METHOD='GET',RESPONSE_LENGTH_OKHTTP='6131',RESPONSE_LENGTH_HEADER='6131',REQUEST_PROTOCOL='h2',REQUEST_URL='https://b.thumbs.redditmedia.com/bUY4al781EZ3q7hUlnLebemHCXE3e63_SSxl2uo4Q4A.jpg',
08-05 01:22:20.554  6162  8991 D OK      : request got status: 200
08-05 01:22:20.687  6162  8993 I NAPPA_EXPERIMENTATION: MetricNetworkRequestExecutionTime: REQUEST_DURATION_SYSTEM='1066',REQUEST_DURATION_OKHTTP='569',REQUEST_SYNCHRONOUS='TRUE',RESPONSE_CODE='200',RESPONSE_METHOD='GET',RESPONSE_LENGTH_OKHTTP='6434',RESPONSE_LENGTH_HEADER='6434',REQUEST_PROTOCOL='h2',REQUEST_URL='https://b.thumbs.redditmedia.com/_H8tFMmL5-3GrxYkCtMSHiyNfjbX8pxctOw_vrzyw7o.jpg',
08-05 01:22:20.687  6162  8993 D OK      : request got status: 200
08-05 01:22:20.700  6162  8986 I NAPPA_EXPERIMENTATION: MetricNetworkRequestExecutionTime: REQUEST_DURATION_SYSTEM='1103',REQUEST_DURATION_OKHTTP='606',REQUEST_SYNCHRONOUS='TRUE',RESPONSE_CODE='200',RESPONSE_METHOD='GET',RESPONSE_LENGTH_OKHTTP='6530',RESPONSE_LENGTH_HEADER='6530',REQUEST_PROTOCOL='h2',REQUEST_URL='https://a.thumbs.redditmedia.com/dFt2-stQJkfZ8O7r7ywG9GQsF08fZXxEJfQtAmiJ-F8.jpg',
08-05 01:22:20.700  6162  8986 D OK      : request got status: 200
08-05 01:22:20.723  6162  8987 I NAPPA_EXPERIMENTATION: MetricNetworkRequestExecutionTime: REQUEST_DURATION_SYSTEM='1124',REQUEST_DURATION_OKHTTP='638',REQUEST_SYNCHRONOUS='TRUE',RESPONSE_CODE='200',RESPONSE_METHOD='GET',RESPONSE_LENGTH_OKHTTP='5113',RESPONSE_LENGTH_HEADER='5113',REQUEST_PROTOCOL='h2',REQUEST_URL='https://b.thumbs.redditmedia.com/1cAaKl6LkrikiRbLsBzzOvufKqRKuPi3wgjUkX8axkI.jpg',
08-05 01:22:20.723  6162  8987 D OK      : request got status: 200
08-05 01:22:20.751  6162  6186 I art     : Starting a blocking GC Explicit
08-05 01:22:20.756  6162  8988 I NAPPA_EXPERIMENTATION: MetricNetworkRequestExecutionTime: REQUEST_DURATION_SYSTEM='1154',REQUEST_DURATION_OKHTTP='670',REQUEST_SYNCHRONOUS='TRUE',RESPONSE_CODE='200',RESPONSE_METHOD='GET',RESPONSE_LENGTH_OKHTTP='-1',RESPONSE_LENGTH_HEADER='379',REQUEST_PROTOCOL='h2',REQUEST_URL='https://api.imgur.com/3/image/NSO7Npm',
08-05 01:22:20.756  6162  8988 D OK      : request got status: 200
08-05 01:22:20.774  6162  8990 I NAPPA_EXPERIMENTATION: MetricNetworkRequestExecutionTime: REQUEST_DURATION_SYSTEM='1157',REQUEST_DURATION_OKHTTP='691',REQUEST_SYNCHRONOUS='TRUE',RESPONSE_CODE='200',RESPONSE_METHOD='GET',RESPONSE_LENGTH_OKHTTP='6242',RESPONSE_LENGTH_HEADER='6242',REQUEST_PROTOCOL='h2',REQUEST_URL='https://b.thumbs.redditmedia.com/NUqJWcobH7ToYhCM0w6nnAFZ46ymm9vPD25BC3s7Wco.jpg',
08-05 01:22:20.775  6162  8990 D OK      : request got status: 200
08-05 01:22:20.786  6162  8989 I NAPPA_EXPERIMENTATION: MetricNetworkRequestExecutionTime: REQUEST_DURATION_SYSTEM='1181',REQUEST_DURATION_OKHTTP='719',REQUEST_SYNCHRONOUS='TRUE',RESPONSE_CODE='200',RESPONSE_METHOD='GET',RESPONSE_LENGTH_OKHTTP='2700',RESPONSE_LENGTH_HEADER='2700',REQUEST_PROTOCOL='h2',REQUEST_URL='https://v.redd.it/fkewv2f65kd51/DASHPlaylist.mpd',
08-05 01:22:20.786  6162  8989 D OK      : request got status: 200
08-05 01:22:20.812  6162  6186 I art     : Explicit concurrent mark sweep GC freed 30596(1813KB) AllocSpace objects, 33(1844KB) LOS objects, 33% free, 31MB/47MB, paused 2.131ms total 60.760ms
08-05 01:22:20.820  6162  8999 I NAPPA_EXPERIMENTATION: MetricNetworkRequestExecutionTime: REQUEST_DURATION_SYSTEM='1176',REQUEST_DURATION_OKHTTP='700',REQUEST_SYNCHRONOUS='TRUE',RESPONSE_CODE='200',RESPONSE_METHOD='GET',RESPONSE_LENGTH_OKHTTP='4018',RESPONSE_LENGTH_HEADER='4018',REQUEST_PROTOCOL='h2',REQUEST_URL='https://b.thumbs.redditmedia.com/lVNra-iScxkYcYtSstJ-7J7pRAUDRXIwwJhsen1ZK9g.jpg',
08-05 01:22:20.820  6162  8999 D OK      : request got status: 200
08-05 01:22:20.831  6162  6186 I art     : Starting a blocking GC Explicit
08-05 01:22:20.843  6162  8996 I NAPPA_EXPERIMENTATION: MetricNetworkRequestExecutionTime: REQUEST_DURATION_SYSTEM='1213',REQUEST_DURATION_OKHTTP='718',REQUEST_SYNCHRONOUS='TRUE',RESPONSE_CODE='200',RESPONSE_METHOD='GET',RESPONSE_LENGTH_OKHTTP='7265',RESPONSE_LENGTH_HEADER='7265',REQUEST_PROTOCOL='h2',REQUEST_URL='https://b.thumbs.redditmedia.com/N6fiqTp8nJD2l7sUz4nij7j1yHYMTKaflUIrn8E2bAU.jpg',
08-05 01:22:20.843  6162  8996 D OK      : request got status: 200
08-05 01:22:20.857  6162  8989 I RedditVideosAPI: For 'https://v.redd.it/fkewv2f65kd51/DASHPlaylist.mpd', got video stream 'https://v.redd.it/fkewv2f65kd51/DASH_480' and audio stream 'https://v.redd.it/fkewv2f65kd51/audio'
08-05 01:22:20.858  6162  8992 I NAPPA_EXPERIMENTATION: MetricNetworkRequestExecutionTime: REQUEST_DURATION_SYSTEM='1232',REQUEST_DURATION_OKHTTP='696',REQUEST_SYNCHRONOUS='TRUE',RESPONSE_CODE='200',RESPONSE_METHOD='GET',RESPONSE_LENGTH_OKHTTP='5439',RESPONSE_LENGTH_HEADER='5439',REQUEST_PROTOCOL='h2',REQUEST_URL='https://b.thumbs.redditmedia.com/tTmEfIrujbsvZXbhNSQS6Pc7o7ShCaGqZHbYf7nWdfg.jpg',
08-05 01:22:20.859  6162  8992 D OK      : request got status: 200
08-05 01:22:20.878  6162  8997 I NAPPA_EXPERIMENTATION: MetricNetworkRequestExecutionTime: REQUEST_DURATION_SYSTEM='1242',REQUEST_DURATION_OKHTTP='713',REQUEST_SYNCHRONOUS='TRUE',RESPONSE_CODE='200',RESPONSE_METHOD='GET',RESPONSE_LENGTH_OKHTTP='1713',RESPONSE_LENGTH_HEADER='1713',REQUEST_PROTOCOL='h2',REQUEST_URL='https://v.redd.it/ak6rer1hskd51/DASHPlaylist.mpd',
08-05 01:22:20.878  6162  8997 D OK      : request got status: 200
08-05 01:22:20.883  6162  6186 I art     : Explicit concurrent mark sweep GC freed 3019(255KB) AllocSpace objects, 12(648KB) LOS objects, 33% free, 32MB/48MB, paused 2.092ms total 51.818ms
08-05 01:22:20.901  6162  6186 I art     : Starting a blocking GC Explicit
08-05 01:22:20.917  6162  9000 I NAPPA_EXPERIMENTATION: MetricNetworkRequestExecutionTime: REQUEST_DURATION_SYSTEM='1261',REQUEST_DURATION_OKHTTP='753',REQUEST_SYNCHRONOUS='TRUE',RESPONSE_CODE='200',RESPONSE_METHOD='GET',RESPONSE_LENGTH_OKHTTP='6093',RESPONSE_LENGTH_HEADER='6093',REQUEST_PROTOCOL='h2',REQUEST_URL='https://b.thumbs.redditmedia.com/lQKqDneXS8E7ZBD9cUQy4OqOt8PuTneSvVFtnU0pwCE.jpg',
08-05 01:22:20.917  6162  9000 D OK      : request got status: 200
08-05 01:22:20.944  6162  8997 I RedditVideosAPI: For 'https://v.redd.it/ak6rer1hskd51/DASHPlaylist.mpd', got video stream 'https://v.redd.it/ak6rer1hskd51/DASH_360' and audio stream 'null'
08-05 01:22:20.946  6162  9006 I NAPPA_EXPERIMENTATION: MetricNetworkRequestExecutionTime: REQUEST_DURATION_SYSTEM='1265',REQUEST_DURATION_OKHTTP='685',REQUEST_SYNCHRONOUS='TRUE',RESPONSE_CODE='200',RESPONSE_METHOD='GET',RESPONSE_LENGTH_OKHTTP='5648',RESPONSE_LENGTH_HEADER='5648',REQUEST_PROTOCOL='h2',REQUEST_URL='https://a.thumbs.redditmedia.com/cEOtajy3CAQrjwSA3hhSqnPx8bfkRzglo7Lz1SBTmE0.jpg',
08-05 01:22:20.946  6162  9006 D OK      : request got status: 200
08-05 01:22:20.947  6162  8998 I NAPPA_EXPERIMENTATION: MetricNetworkRequestExecutionTime: REQUEST_DURATION_SYSTEM='1304',REQUEST_DURATION_OKHTTP='719',REQUEST_SYNCHRONOUS='TRUE',RESPONSE_CODE='200',RESPONSE_METHOD='GET',RESPONSE_LENGTH_OKHTTP='8699',RESPONSE_LENGTH_HEADER='8699',REQUEST_PROTOCOL='h2',REQUEST_URL='https://b.thumbs.redditmedia.com/HkEQtny0bE4H3dMCd_woPsLAXBoPwp_DZ4ioFNIQLKk.jpg',
08-05 01:22:20.947  6162  8998 D OK      : request got status: 200
08-05 01:22:20.955  6162  6186 I art     : Explicit concurrent mark sweep GC freed 1100(153KB) AllocSpace objects, 14(916KB) LOS objects, 32% free, 32MB/48MB, paused 1.983ms total 53.343ms
08-05 01:22:20.968  6162  8995 I NAPPA_EXPERIMENTATION: MetricNetworkRequestExecutionTime: REQUEST_DURATION_SYSTEM='1339',REQUEST_DURATION_OKHTTP='795',REQUEST_SYNCHRONOUS='TRUE',RESPONSE_CODE='200',RESPONSE_METHOD='GET',RESPONSE_LENGTH_OKHTTP='6634',RESPONSE_LENGTH_HEADER='6634',REQUEST_PROTOCOL='h2',REQUEST_URL='https://b.thumbs.redditmedia.com/JTSWFy2_tijPk6cA5noKDydEAMkMJcDmKQTSX178zwc.jpg',
08-05 01:22:20.968  6162  8995 D OK      : request got status: 200
08-05 01:22:20.969  6162  9007 I NAPPA_EXPERIMENTATION: MetricNetworkRequestExecutionTime: REQUEST_DURATION_SYSTEM='1289',REQUEST_DURATION_OKHTTP='693',REQUEST_SYNCHRONOUS='TRUE',RESPONSE_CODE='200',RESPONSE_METHOD='GET',RESPONSE_LENGTH_OKHTTP='3058',RESPONSE_LENGTH_HEADER='3058',REQUEST_PROTOCOL='h2',REQUEST_URL='https://v.redd.it/1ewzkieg0jd51/DASHPlaylist.mpd',
08-05 01:22:20.970  6162  9007 D OK      : request got status: 200
08-05 01:22:20.974  6162  6186 I art     : Starting a blocking GC Explicit
08-05 01:22:20.984  6162  9004 I NAPPA_EXPERIMENTATION: MetricNetworkRequestExecutionTime: REQUEST_DURATION_SYSTEM='1316',REQUEST_DURATION_OKHTTP='651',REQUEST_SYNCHRONOUS='TRUE',RESPONSE_CODE='200',RESPONSE_METHOD='GET',RESPONSE_LENGTH_OKHTTP='2429',RESPONSE_LENGTH_HEADER='2429',REQUEST_PROTOCOL='h2',REQUEST_URL='https://v.redd.it/h49fg58ygjd51/DASHPlaylist.mpd',
08-05 01:22:20.984  6162  9004 D OK      : request got status: 200
08-05 01:22:20.985  6162  9003 I NAPPA_EXPERIMENTATION: MetricNetworkRequestExecutionTime: REQUEST_DURATION_SYSTEM='1318',REQUEST_DURATION_OKHTTP='715',REQUEST_SYNCHRONOUS='TRUE',RESPONSE_CODE='200',RESPONSE_METHOD='GET',RESPONSE_LENGTH_OKHTTP='5207',RESPONSE_LENGTH_HEADER='5207',REQUEST_PROTOCOL='h2',REQUEST_URL='https://b.thumbs.redditmedia.com/Bx9FZp8_w10DfFUf_mqVPMfu4Y0h2lo41Dh4tl2eNeQ.jpg',
08-05 01:22:20.985  6162  9003 D OK      : request got status: 200
08-05 01:22:21.000  6162  9005 I NAPPA_EXPERIMENTATION: MetricNetworkRequestExecutionTime: REQUEST_DURATION_SYSTEM='1329',REQUEST_DURATION_OKHTTP='653',REQUEST_SYNCHRONOUS='TRUE',RESPONSE_CODE='200',RESPONSE_METHOD='GET',RESPONSE_LENGTH_OKHTTP='4798',RESPONSE_LENGTH_HEADER='4798',REQUEST_PROTOCOL='h2',REQUEST_URL='https://a.thumbs.redditmedia.com/KpcC72KH04Be3BqxmFbv_Gz7LCy-24GU-70or3KCdJ4.jpg',
08-05 01:22:21.000  6162  9005 D OK      : request got status: 200
08-05 01:22:21.028  6162  6186 I art     : Explicit concurrent mark sweep GC freed 1708(168KB) AllocSpace objects, 17(988KB) LOS objects, 32% free, 32MB/48MB, paused 1.698ms total 53.851ms
08-05 01:22:21.046  6162  6186 I art     : Starting a blocking GC Explicit
08-05 01:22:21.054  6162  9007 I RedditVideosAPI: For 'https://v.redd.it/1ewzkieg0jd51/DASHPlaylist.mpd', got video stream 'https://v.redd.it/1ewzkieg0jd51/DASH_480' and audio stream 'https://v.redd.it/1ewzkieg0jd51/audio'
08-05 01:22:21.076  6162  9004 I RedditVideosAPI: For 'https://v.redd.it/h49fg58ygjd51/DASHPlaylist.mpd', got video stream 'https://v.redd.it/h49fg58ygjd51/DASH_480' and audio stream 'null'
08-05 01:22:21.092  6162  9002 I NAPPA_EXPERIMENTATION: MetricNetworkRequestExecutionTime: REQUEST_DURATION_SYSTEM='1430',REQUEST_DURATION_OKHTTP='815',REQUEST_SYNCHRONOUS='TRUE',RESPONSE_CODE='200',RESPONSE_METHOD='GET',RESPONSE_LENGTH_OKHTTP='7078',RESPONSE_LENGTH_HEADER='7078',REQUEST_PROTOCOL='h2',REQUEST_URL='https://b.thumbs.redditmedia.com/X3yyAViE0gxiHR-kf9Z5xmLa8dKsm8iWJyKdWNVtOhU.jpg',
08-05 01:22:21.092  6162  9002 D OK      : request got status: 200
08-05 01:22:21.096  6162  6186 I art     : Explicit concurrent mark sweep GC freed 1199(263KB) AllocSpace objects, 12(504KB) LOS objects, 31% free, 34MB/50MB, paused 1.586ms total 49.529ms
08-05 01:22:21.110  6162  9013 I NAPPA_EXPERIMENTATION: MetricNetworkRequestExecutionTime: REQUEST_DURATION_SYSTEM='1411',REQUEST_DURATION_OKHTTP='759',REQUEST_SYNCHRONOUS='TRUE',RESPONSE_CODE='200',RESPONSE_METHOD='GET',RESPONSE_LENGTH_OKHTTP='2861',RESPONSE_LENGTH_HEADER='2861',REQUEST_PROTOCOL='h2',REQUEST_URL='https://b.thumbs.redditmedia.com/iZuzjufMpYUYtQRLjRwce4RDb6JYsId95_iezR2Uc0w.jpg',
08-05 01:22:21.110  6162  9013 D OK      : request got status: 200
08-05 01:22:21.113  6162  9010 I NAPPA_EXPERIMENTATION: MetricNetworkRequestExecutionTime: REQUEST_DURATION_SYSTEM='1424',REQUEST_DURATION_OKHTTP='750',REQUEST_SYNCHRONOUS='TRUE',RESPONSE_CODE='200',RESPONSE_METHOD='GET',RESPONSE_LENGTH_OKHTTP='6163',RESPONSE_LENGTH_HEADER='6163',REQUEST_PROTOCOL='h2',REQUEST_URL='https://b.thumbs.redditmedia.com/chqK3f9u3D7UmfrGP85f4sOQFihMk6q7fFSeMyWs_7E.jpg',
08-05 01:22:21.113  6162  9010 D OK      : request got status: 200
08-05 01:22:21.146  6162  8994 I NAPPA_EXPERIMENTATION: MetricNetworkRequestExecutionTime: REQUEST_DURATION_SYSTEM='1523',REQUEST_DURATION_OKHTTP='860',REQUEST_SYNCHRONOUS='TRUE',RESPONSE_CODE='200',RESPONSE_METHOD='GET',RESPONSE_LENGTH_OKHTTP='-1',RESPONSE_LENGTH_HEADER='955',REQUEST_PROTOCOL='http/1.1',REQUEST_URL='https://api.gfycat.com/v1/gfycats/altruisticthankfulankolewatusi',
08-05 01:22:21.147  6162  8994 D OK      : request got status: 200
08-05 01:22:21.150  6162  9008 I NAPPA_EXPERIMENTATION: MetricNetworkRequestExecutionTime: REQUEST_DURATION_SYSTEM='1466',REQUEST_DURATION_OKHTTP='663',REQUEST_SYNCHRONOUS='TRUE',RESPONSE_CODE='200',RESPONSE_METHOD='GET',RESPONSE_LENGTH_OKHTTP='5229',RESPONSE_LENGTH_HEADER='5229',REQUEST_PROTOCOL='h2',REQUEST_URL='https://b.thumbs.redditmedia.com/RrJbRRjFZWmckrONtkPTloJh52FfqD_XkLMuYuuQvAg.jpg',
08-05 01:22:21.150  6162  9008 D OK      : request got status: 200
08-05 01:22:21.151  6162  9009 I NAPPA_EXPERIMENTATION: MetricNetworkRequestExecutionTime: REQUEST_DURATION_SYSTEM='1463',REQUEST_DURATION_OKHTTP='663',REQUEST_SYNCHRONOUS='TRUE',RESPONSE_CODE='200',RESPONSE_METHOD='GET',RESPONSE_LENGTH_OKHTTP='2787',RESPONSE_LENGTH_HEADER='2787',REQUEST_PROTOCOL='h2',REQUEST_URL='https://v.redd.it/ppmhu2r9thd51/DASHPlaylist.mpd',
08-05 01:22:21.151  6162  9009 D OK      : request got status: 200
08-05 01:22:21.153  6162  9011 I NAPPA_EXPERIMENTATION: MetricNetworkRequestExecutionTime: REQUEST_DURATION_SYSTEM='1453',REQUEST_DURATION_OKHTTP='674',REQUEST_SYNCHRONOUS='TRUE',RESPONSE_CODE='200',RESPONSE_METHOD='GET',RESPONSE_LENGTH_OKHTTP='8835',RESPONSE_LENGTH_HEADER='8835',REQUEST_PROTOCOL='h2',REQUEST_URL='https://b.thumbs.redditmedia.com/B18Vu5Jw71XCkFOFHimnUC42ya8apHsmcCW-HFmtb6w.jpg',
08-05 01:22:21.153  6162  9011 D OK      : request got status: 200
08-05 01:22:21.157  6162  8985 I NAPPA_EXPERIMENTATION: MetricNetworkRequestExecutionTime: REQUEST_DURATION_SYSTEM='1563',REQUEST_DURATION_OKHTTP='814',REQUEST_SYNCHRONOUS='TRUE',RESPONSE_CODE='200',RESPONSE_METHOD='GET',RESPONSE_LENGTH_OKHTTP='-1',RESPONSE_LENGTH_HEADER='812',REQUEST_PROTOCOL='http/1.1',REQUEST_URL='https://api.gfycat.com/v1/gfycats/deadlygravecavy',
08-05 01:22:21.157  6162  8985 D OK      : request got status: 200
08-05 01:22:21.162  6162  9014 I NAPPA_EXPERIMENTATION: MetricNetworkRequestExecutionTime: REQUEST_DURATION_SYSTEM='1458',REQUEST_DURATION_OKHTTP='652',REQUEST_SYNCHRONOUS='TRUE',RESPONSE_CODE='200',RESPONSE_METHOD='GET',RESPONSE_LENGTH_OKHTTP='3060',RESPONSE_LENGTH_HEADER='3060',REQUEST_PROTOCOL='h2',REQUEST_URL='https://v.redd.it/b8vazlcb7ld51/DASHPlaylist.mpd',
08-05 01:22:21.162  6162  9014 D OK      : request got status: 200
08-05 01:22:21.166  6162  9016 I NAPPA_EXPERIMENTATION: MetricNetworkRequestExecutionTime: REQUEST_DURATION_SYSTEM='1450',REQUEST_DURATION_OKHTTP='597',REQUEST_SYNCHRONOUS='TRUE',RESPONSE_CODE='200',RESPONSE_METHOD='GET',RESPONSE_LENGTH_OKHTTP='2071',RESPONSE_LENGTH_HEADER='2071',REQUEST_PROTOCOL='h2',REQUEST_URL='https://v.redd.it/ty24o02m1hd51/DASHPlaylist.mpd',
08-05 01:22:21.167  6162  9016 D OK      : request got status: 200
08-05 01:22:21.171  6162  9015 I NAPPA_EXPERIMENTATION: MetricNetworkRequestExecutionTime: REQUEST_DURATION_SYSTEM='1459',REQUEST_DURATION_OKHTTP='590',REQUEST_SYNCHRONOUS='TRUE',RESPONSE_CODE='200',RESPONSE_METHOD='GET',RESPONSE_LENGTH_OKHTTP='4067',RESPONSE_LENGTH_HEADER='4067',REQUEST_PROTOCOL='h2',REQUEST_URL='https://b.thumbs.redditmedia.com/XNb1kfskabGDLMqv661Q22hBtCb8w5oyePDcFaZi9aY.jpg',
08-05 01:22:21.171  6162  9015 D OK      : request got status: 200
08-05 01:22:21.178  6162  9001 I NAPPA_EXPERIMENTATION: MetricNetworkRequestExecutionTime: REQUEST_DURATION_SYSTEM='1523',REQUEST_DURATION_OKHTTP='611',REQUEST_SYNCHRONOUS='TRUE',RESPONSE_CODE='200',RESPONSE_METHOD='GET',RESPONSE_LENGTH_OKHTTP='-1',RESPONSE_LENGTH_HEADER='1021',REQUEST_PROTOCOL='http/1.1',REQUEST_URL='https://api.gfycat.com/v1/gfycats/foolhardysparklinglarva',
08-05 01:22:21.178  6162  9001 D OK      : request got status: 200
08-05 01:22:21.180  6162  9065 I NAPPA_EXPERIMENTATION: MetricNetworkRequestExecutionTime: REQUEST_DURATION_SYSTEM='633',REQUEST_DURATION_OKHTTP='630',REQUEST_SYNCHRONOUS='TRUE',RESPONSE_CODE='200',RESPONSE_METHOD='GET',RESPONSE_LENGTH_OKHTTP='-1',RESPONSE_LENGTH_HEADER='30610',REQUEST_PROTOCOL='h2',REQUEST_URL='https://oauth.reddit.com/r/aww/hot/.json?after=t3_hz5odc',
08-05 01:22:21.180  6162  9065 D OK      : request got status: 200
08-05 01:22:21.187  6162  6730 I PostListingFragment: Precaching images: OFF
08-05 01:22:21.187  6162  6730 I PostListingFragment: Precaching comments: OFF
08-05 01:22:21.192  6162  9012 I NAPPA_EXPERIMENTATION: MetricNetworkRequestExecutionTime: REQUEST_DURATION_SYSTEM='1497',REQUEST_DURATION_OKHTTP='580',REQUEST_SYNCHRONOUS='TRUE',RESPONSE_CODE='200',RESPONSE_METHOD='GET',RESPONSE_LENGTH_OKHTTP='2698',RESPONSE_LENGTH_HEADER='2698',REQUEST_PROTOCOL='h2',REQUEST_URL='https://v.redd.it/s9qqadf3mid51/DASHPlaylist.mpd',
08-05 01:22:21.192  6162  9012 D OK      : request got status: 200
08-05 01:22:21.197  6162  9018 I NAPPA_EXPERIMENTATION: MetricNetworkRequestExecutionTime: REQUEST_DURATION_SYSTEM='1475',REQUEST_DURATION_OKHTTP='615',REQUEST_SYNCHRONOUS='TRUE',RESPONSE_CODE='200',RESPONSE_METHOD='GET',RESPONSE_LENGTH_OKHTTP='6843',RESPONSE_LENGTH_HEADER='6843',REQUEST_PROTOCOL='h2',REQUEST_URL='https://b.thumbs.redditmedia.com/x5l4cICw0WNNvslt5FqVjwj89XrGjrXnNbaSyQRAyCo.jpg',
08-05 01:22:21.197  6162  9018 D OK      : request got status: 200
08-05 01:22:21.205  6162  9017 I NAPPA_EXPERIMENTATION: MetricNetworkRequestExecutionTime: REQUEST_DURATION_SYSTEM='1488',REQUEST_DURATION_OKHTTP='592',REQUEST_SYNCHRONOUS='TRUE',RESPONSE_CODE='200',RESPONSE_METHOD='GET',RESPONSE_LENGTH_OKHTTP='4249',RESPONSE_LENGTH_HEADER='4249',REQUEST_PROTOCOL='h2',REQUEST_URL='https://b.thumbs.redditmedia.com/lMqJbh1Z40ffemA0TnSfVnovznn4hvJNue60AsJ-ETs.jpg',
08-05 01:22:21.205  6162  9017 D OK      : request got status: 200
08-05 01:22:21.205  6162  9019 I NAPPA_EXPERIMENTATION: MetricNetworkRequestExecutionTime: REQUEST_DURATION_SYSTEM='1475',REQUEST_DURATION_OKHTTP='510',REQUEST_SYNCHRONOUS='TRUE',RESPONSE_CODE='200',RESPONSE_METHOD='GET',RESPONSE_LENGTH_OKHTTP='2342',RESPONSE_LENGTH_HEADER='2342',REQUEST_PROTOCOL='h2',REQUEST_URL='https://v.redd.it/ar5k8892pid51/DASHPlaylist.mpd',
08-05 01:22:21.205  6162  9019 D OK      : request got status: 200
08-05 01:22:21.218  6162  9021 I NAPPA_EXPERIMENTATION: MetricNetworkRequestExecutionTime: REQUEST_DURATION_SYSTEM='1473',REQUEST_DURATION_OKHTTP='589',REQUEST_SYNCHRONOUS='TRUE',RESPONSE_CODE='200',RESPONSE_METHOD='GET',RESPONSE_LENGTH_OKHTTP='6221',RESPONSE_LENGTH_HEADER='6221',REQUEST_PROTOCOL='h2',REQUEST_URL='https://b.thumbs.redditmedia.com/d_-UsfmKASoIHi4vZyyjvvwFtm1S7-DEi9AQPOnGIgY.jpg',
08-05 01:22:21.218  6162  9021 D OK      : request got status: 200
08-05 01:22:21.243  6162  9020 I NAPPA_EXPERIMENTATION: MetricNetworkRequestExecutionTime: REQUEST_DURATION_SYSTEM='1513',REQUEST_DURATION_OKHTTP='506',REQUEST_SYNCHRONOUS='TRUE',RESPONSE_CODE='200',RESPONSE_METHOD='GET',RESPONSE_LENGTH_OKHTTP='6778',RESPONSE_LENGTH_HEADER='6778',REQUEST_PROTOCOL='h2',REQUEST_URL='https://b.thumbs.redditmedia.com/189nmwjW7eGWBD0J-cxzsUac1V1ZWGzMFC66inY4u4Y.jpg',
08-05 01:22:21.243  6162  9020 D OK      : request got status: 200
08-05 01:22:21.257  6162  9009 I RedditVideosAPI: For 'https://v.redd.it/ppmhu2r9thd51/DASHPlaylist.mpd', got video stream 'https://v.redd.it/ppmhu2r9thd51/DASH_480' and audio stream 'null'
08-05 01:22:21.274  6162  9092 D OK      : calling: https://b.thumbs.redditmedia.com/WehZGjN94ALGdO0M7RjPJ2EwcyyWVZ_NUn1Fuf7IYWY.jpg
08-05 01:22:21.280  6162  6730 I getImgurImageInfo: Image nLQR2hT: trying API v3 with auth
08-05 01:22:21.319  6162  9014 I RedditVideosAPI: For 'https://v.redd.it/b8vazlcb7ld51/DASHPlaylist.mpd', got video stream 'https://v.redd.it/b8vazlcb7ld51/DASH_480' and audio stream 'https://v.redd.it/b8vazlcb7ld51/audio'
08-05 01:22:21.364  6162  9016 I RedditVideosAPI: For 'https://v.redd.it/ty24o02m1hd51/DASHPlaylist.mpd', got video stream 'https://v.redd.it/ty24o02m1hd51/DASH_480' and audio stream 'null'
08-05 01:22:21.388  6162  9097 D OK      : calling: https://b.thumbs.redditmedia.com/Xdo4lcQOwuUNK1yxSlXZ0OI8u23ORAr16_AzfAZ1nvU.jpg
08-05 01:22:21.411  6162  9012 I RedditVideosAPI: For 'https://v.redd.it/s9qqadf3mid51/DASHPlaylist.mpd', got video stream 'https://v.redd.it/s9qqadf3mid51/DASH_480' and audio stream 'https://v.redd.it/s9qqadf3mid51/audio'
08-05 01:22:21.420  6162  6175 I art     : Starting a blocking GC Explicit
08-05 01:22:21.436  6162  9092 I NAPPA_EXPERIMENTATION: MetricNetworkRequestExecutionTime: REQUEST_DURATION_SYSTEM='162',REQUEST_DURATION_OKHTTP='162',REQUEST_SYNCHRONOUS='TRUE',RESPONSE_CODE='200',RESPONSE_METHOD='GET',RESPONSE_LENGTH_OKHTTP='5435',RESPONSE_LENGTH_HEADER='5435',REQUEST_PROTOCOL='h2',REQUEST_URL='https://b.thumbs.redditmedia.com/WehZGjN94ALGdO0M7RjPJ2EwcyyWVZ_NUn1Fuf7IYWY.jpg',
08-05 01:22:21.437  6162  9092 D OK      : request got status: 200
08-05 01:22:21.441  6162  9019 I RedditVideosAPI: For 'https://v.redd.it/ar5k8892pid51/DASHPlaylist.mpd', got video stream 'https://v.redd.it/ar5k8892pid51/DASH_360' and audio stream 'https://v.redd.it/ar5k8892pid51/audio'
08-05 01:22:21.460  6162  9098 D OK      : calling: https://b.thumbs.redditmedia.com/2KMYZ5hTlKXSvNO4hDUPyMba8Yz6skyu1SjUhLq1d9s.jpg
08-05 01:22:21.478  6162  9099 D OK      : calling: https://a.thumbs.redditmedia.com/EFVm-ZqqhARyEaKgtwU74c7tfzEDJvI0uiHXGglFag4.jpg
08-05 01:22:21.483  6162  6175 I art     : Explicit concurrent mark sweep GC freed 28622(2037KB) AllocSpace objects, 83(5MB) LOS objects, 30% free, 36MB/52MB, paused 948us total 62.820ms
08-05 01:22:21.488  6162  9100 D OK      : calling: https://b.thumbs.redditmedia.com/qi4bNDKzoPvaSaSx99K2bAjwaRHh1nuOrcbySp1JHdk.jpg
08-05 01:22:21.493  6162  9101 D OK      : calling: https://b.thumbs.redditmedia.com/Ja8yiRMklM2lXd8q60LtBI6CqdmJ5YbWHRiBVFmICJA.jpg
08-05 01:22:21.495  6162  9102 D OK      : calling: https://b.thumbs.redditmedia.com/o5lSsJ_tCgCQxcdjMGaYxuveNluXB1PQT4PokXDhpvc.jpg
08-05 01:22:21.498  6162  9103 D OK      : calling: https://b.thumbs.redditmedia.com/SiCWTmKkQcbiAa7naxAHnw0adTeRkq1dB8QSqzGU7-Q.jpg
08-05 01:22:21.501  6162  9104 D OK      : calling: https://b.thumbs.redditmedia.com/C9qrVibnNxmzfLDKvEHp2v2Bo-Kqme7PoKC52s2o52M.jpg
08-05 01:22:21.503  6162  9105 D OK      : calling: https://a.thumbs.redditmedia.com/Tfsm0ol-ltlxNSBAkZ_4G4302d0hYeOSODkvXidBBR8.jpg
08-05 01:22:21.505  6162  6175 I art     : Starting a blocking GC Explicit
08-05 01:22:21.507  6162  9106 D OK      : calling: https://a.thumbs.redditmedia.com/Kzag-wH9wKRRg2MnPwgoFgXT_2jN_nkJ1lY1aNRQyT4.jpg
08-05 01:22:21.510  6162  9107 D OK      : calling: https://a.thumbs.redditmedia.com/P4gSGpXpi2wDXthNZ-LiwEs5Jvplm6dQ7W7Isqa7un4.jpg
08-05 01:22:21.512  6162  9108 D OK      : calling: https://b.thumbs.redditmedia.com/XkIhgqugP-9Zcb5I9A8o0r-zQJDh_6kastc0oWiiHkI.jpg
08-05 01:22:21.516  6162  9109 D OK      : calling: https://b.thumbs.redditmedia.com/3QPAtixkID9ojpqCAgfspJpruqoq45fM1G-Fx1K2F2A.jpg
08-05 01:22:21.519  6162  9110 D OK      : calling: https://b.thumbs.redditmedia.com/orK4W8Xc99pTzIT6q1waTsppldq24p1qMsHtkNnmu9w.jpg
08-05 01:22:21.521  6162  9111 D OK      : calling: https://b.thumbs.redditmedia.com/B1vXKY_-gTPbs625-RJ1MLIXxzCqfmnCB_0xnGjCECQ.jpg
08-05 01:22:21.523  6162  9112 D OK      : calling: https://a.thumbs.redditmedia.com/ffAKmOqnTuDMNR9MRfCdRtkq_CzN3MVhZxS64ZPYRh4.jpg
08-05 01:22:21.525  6162  9113 D OK      : calling: https://b.thumbs.redditmedia.com/OF1KI_LdSDMMWCy-WgJyRhIcM5fr7kDyu_OnpfRXHfI.jpg
08-05 01:22:21.528  6162  9114 D OK      : calling: https://b.thumbs.redditmedia.com/vuAhA4gGAmYfrTFA4woxZcKgmiDzJ3nAsql2pxcYGFs.jpg
08-05 01:22:21.530  6162  9115 D OK      : calling: https://b.thumbs.redditmedia.com/PtV7mFsO2n0j4YJweZjEqyVJ45hap4hXix9dwj6D0Wg.jpg
08-05 01:22:21.533  6162  9116 D OK      : calling: https://b.thumbs.redditmedia.com/wxTBcOhAgsmbc-TRaGNHpYJYnEOBr2LNsaZ6pCM91Lc.jpg
08-05 01:22:21.535  6162  9117 D OK      : calling: https://b.thumbs.redditmedia.com/Wo7bFIVNZYYuNioRYwZFYxrl6QMk0lT-3W01wrXgHmE.jpg
08-05 01:22:21.537  6162  9118 D OK      : calling: https://b.thumbs.redditmedia.com/NoqMycYTzsyhI0Lq351riEI1mO9p8PvY1QwcZ9Irb9g.jpg
08-05 01:22:21.539  6162  9119 D OK      : calling: https://b.thumbs.redditmedia.com/KrRufqpifph7KM2Le5RdqEYQb24zbB4fizBJpFaH1Pc.jpg
08-05 01:22:21.541  6162  9120 D OK      : calling: https://b.thumbs.redditmedia.com/u2qz17QE3X5G7kkJrgK3HPCdxNQxNkhaWqfIhCuRMvE.jpg
08-05 01:22:21.544  6162  9121 D OK      : calling: https://v.redd.it/syww111dtjd51/DASHPlaylist.mpd
08-05 01:22:21.546  6162  9122 D OK      : calling: https://v.redd.it/pbqrrfb3tkd51/DASHPlaylist.mpd
08-05 01:22:21.550  6162  9123 D OK      : calling: https://v.redd.it/rrygsb8i4ld51/DASHPlaylist.mpd
08-05 01:22:21.554  6162  9124 D OK      : calling: https://v.redd.it/5x6zzipz8ld51/DASHPlaylist.mpd
08-05 01:22:21.559  6162  6175 I art     : Explicit concurrent mark sweep GC freed 25382(1274KB) AllocSpace objects, 11(796KB) LOS objects, 31% free, 35MB/51MB, paused 2.149ms total 53.996ms
08-05 01:22:21.559  6162  9125 D OK      : calling: https://v.redd.it/75en73fm5id51/DASHPlaylist.mpd
08-05 01:22:21.563  6162  9126 D OK      : calling: https://api.imgur.com/3/image/nLQR2hT
08-05 01:22:21.565  6162  9127 D OK      : calling: https://v.redd.it/ggz4fyth6hd51/DASHPlaylist.mpd
08-05 01:22:21.569  6162  9128 D OK      : calling: https://v.redd.it/psrknoobrgd51/DASHPlaylist.mpd
08-05 01:22:21.572  6162  9129 D OK      : calling: https://v.redd.it/jk6cwef4wld51/DASHPlaylist.mpd
08-05 01:22:21.576  6162  9130 D OK      : calling: https://v.redd.it/t81s8zfz9ld51/DASHPlaylist.mpd
08-05 01:22:21.578  6162  9131 D OK      : calling: https://v.redd.it/xd6c4yyutgd51/DASHPlaylist.mpd
08-05 01:22:21.579  6162  6175 I art     : Starting a blocking GC Explicit
08-05 01:22:21.585  6162  9132 D OK      : calling: https://v.redd.it/ue0jdgk9zhd51/DASHPlaylist.mpd
08-05 01:22:21.610  6162  9097 I NAPPA_EXPERIMENTATION: MetricNetworkRequestExecutionTime: REQUEST_DURATION_SYSTEM='222',REQUEST_DURATION_OKHTTP='221',REQUEST_SYNCHRONOUS='TRUE',RESPONSE_CODE='200',RESPONSE_METHOD='GET',RESPONSE_LENGTH_OKHTTP='5191',RESPONSE_LENGTH_HEADER='5191',REQUEST_PROTOCOL='h2',REQUEST_URL='https://b.thumbs.redditmedia.com/Xdo4lcQOwuUNK1yxSlXZ0OI8u23ORAr16_AzfAZ1nvU.jpg',
08-05 01:22:21.610  6162  9097 D OK      : request got status: 200
08-05 01:22:21.633  6162  6175 I art     : Explicit concurrent mark sweep GC freed 2347(130KB) AllocSpace objects, 0(0B) LOS objects, 30% free, 35MB/51MB, paused 2.582ms total 53.574ms
08-05 01:22:21.651  6162  6175 I art     : Starting a blocking GC Explicit
08-05 01:22:21.683  6162  9098 I NAPPA_EXPERIMENTATION: MetricNetworkRequestExecutionTime: REQUEST_DURATION_SYSTEM='223',REQUEST_DURATION_OKHTTP='221',REQUEST_SYNCHRONOUS='TRUE',RESPONSE_CODE='200',RESPONSE_METHOD='GET',RESPONSE_LENGTH_OKHTTP='5098',RESPONSE_LENGTH_HEADER='5098',REQUEST_PROTOCOL='h2',REQUEST_URL='https://b.thumbs.redditmedia.com/2KMYZ5hTlKXSvNO4hDUPyMba8Yz6skyu1SjUhLq1d9s.jpg',
08-05 01:22:21.683  6162  9098 D OK      : request got status: 200
08-05 01:22:21.708  6162  6175 I art     : Explicit concurrent mark sweep GC freed 635(63KB) AllocSpace objects, 4(188KB) LOS objects, 30% free, 35MB/51MB, paused 2.606ms total 56.744ms
08-05 01:22:21.727  6162  6175 I art     : Starting a blocking GC Explicit
08-05 01:22:21.755  6162  9100 I NAPPA_EXPERIMENTATION: MetricNetworkRequestExecutionTime: REQUEST_DURATION_SYSTEM='267',REQUEST_DURATION_OKHTTP='266',REQUEST_SYNCHRONOUS='TRUE',RESPONSE_CODE='200',RESPONSE_METHOD='GET',RESPONSE_LENGTH_OKHTTP='4475',RESPONSE_LENGTH_HEADER='4475',REQUEST_PROTOCOL='h2',REQUEST_URL='https://b.thumbs.redditmedia.com/qi4bNDKzoPvaSaSx99K2bAjwaRHh1nuOrcbySp1JHdk.jpg',
08-05 01:22:21.756  6162  9100 D OK      : request got status: 200
08-05 01:22:21.783  6162  6175 I art     : Explicit concurrent mark sweep GC freed 384(26KB) AllocSpace objects, 2(136KB) LOS objects, 30% free, 35MB/51MB, paused 2.662ms total 56.398ms
08-05 01:22:21.820  6162  9102 I NAPPA_EXPERIMENTATION: MetricNetworkRequestExecutionTime: REQUEST_DURATION_SYSTEM='325',REQUEST_DURATION_OKHTTP='324',REQUEST_SYNCHRONOUS='TRUE',RESPONSE_CODE='200',RESPONSE_METHOD='GET',RESPONSE_LENGTH_OKHTTP='4921',RESPONSE_LENGTH_HEADER='4921',REQUEST_PROTOCOL='h2',REQUEST_URL='https://b.thumbs.redditmedia.com/o5lSsJ_tCgCQxcdjMGaYxuveNluXB1PQT4PokXDhpvc.jpg',
08-05 01:22:21.821  6162  9102 D OK      : request got status: 200
08-05 01:22:21.880  6162  9103 I NAPPA_EXPERIMENTATION: MetricNetworkRequestExecutionTime: REQUEST_DURATION_SYSTEM='382',REQUEST_DURATION_OKHTTP='381',REQUEST_SYNCHRONOUS='TRUE',RESPONSE_CODE='200',RESPONSE_METHOD='GET',RESPONSE_LENGTH_OKHTTP='5968',RESPONSE_LENGTH_HEADER='5968',REQUEST_PROTOCOL='h2',REQUEST_URL='https://b.thumbs.redditmedia.com/SiCWTmKkQcbiAa7naxAHnw0adTeRkq1dB8QSqzGU7-Q.jpg',
08-05 01:22:21.880  6162  9103 D OK      : request got status: 200
08-05 01:22:21.891  6162  9101 I NAPPA_EXPERIMENTATION: MetricNetworkRequestExecutionTime: REQUEST_DURATION_SYSTEM='397',REQUEST_DURATION_OKHTTP='396',REQUEST_SYNCHRONOUS='TRUE',RESPONSE_CODE='200',RESPONSE_METHOD='GET',RESPONSE_LENGTH_OKHTTP='5414',RESPONSE_LENGTH_HEADER='5414',REQUEST_PROTOCOL='h2',REQUEST_URL='https://b.thumbs.redditmedia.com/Ja8yiRMklM2lXd8q60LtBI6CqdmJ5YbWHRiBVFmICJA.jpg',
08-05 01:22:21.892  6162  9101 D OK      : request got status: 200
08-05 01:22:21.899  6162  9104 I NAPPA_EXPERIMENTATION: MetricNetworkRequestExecutionTime: REQUEST_DURATION_SYSTEM='398',REQUEST_DURATION_OKHTTP='397',REQUEST_SYNCHRONOUS='TRUE',RESPONSE_CODE='200',RESPONSE_METHOD='GET',RESPONSE_LENGTH_OKHTTP='5378',RESPONSE_LENGTH_HEADER='5378',REQUEST_PROTOCOL='h2',REQUEST_URL='https://b.thumbs.redditmedia.com/C9qrVibnNxmzfLDKvEHp2v2Bo-Kqme7PoKC52s2o52M.jpg',
08-05 01:22:21.900  6162  9104 D OK      : request got status: 200
08-05 01:22:21.949  6162  9110 I NAPPA_EXPERIMENTATION: MetricNetworkRequestExecutionTime: REQUEST_DURATION_SYSTEM='430',REQUEST_DURATION_OKHTTP='429',REQUEST_SYNCHRONOUS='TRUE',RESPONSE_CODE='200',RESPONSE_METHOD='GET',RESPONSE_LENGTH_OKHTTP='6654',RESPONSE_LENGTH_HEADER='6654',REQUEST_PROTOCOL='h2',REQUEST_URL='https://b.thumbs.redditmedia.com/orK4W8Xc99pTzIT6q1waTsppldq24p1qMsHtkNnmu9w.jpg',
08-05 01:22:21.950  6162  9110 D OK      : request got status: 200
08-05 01:22:22.014  6162  9111 I NAPPA_EXPERIMENTATION: MetricNetworkRequestExecutionTime: REQUEST_DURATION_SYSTEM='493',REQUEST_DURATION_OKHTTP='491',REQUEST_SYNCHRONOUS='TRUE',RESPONSE_CODE='200',RESPONSE_METHOD='GET',RESPONSE_LENGTH_OKHTTP='3864',RESPONSE_LENGTH_HEADER='3864',REQUEST_PROTOCOL='h2',REQUEST_URL='https://b.thumbs.redditmedia.com/B1vXKY_-gTPbs625-RJ1MLIXxzCqfmnCB_0xnGjCECQ.jpg',
08-05 01:22:22.014  6162  9111 D OK      : request got status: 200
08-05 01:22:22.045  6162  9109 I NAPPA_EXPERIMENTATION: MetricNetworkRequestExecutionTime: REQUEST_DURATION_SYSTEM='528',REQUEST_DURATION_OKHTTP='527',REQUEST_SYNCHRONOUS='TRUE',RESPONSE_CODE='200',RESPONSE_METHOD='GET',RESPONSE_LENGTH_OKHTTP='3183',RESPONSE_LENGTH_HEADER='3183',REQUEST_PROTOCOL='h2',REQUEST_URL='https://b.thumbs.redditmedia.com/3QPAtixkID9ojpqCAgfspJpruqoq45fM1G-Fx1K2F2A.jpg',
08-05 01:22:22.045  6162  9109 D OK      : request got status: 200
08-05 01:22:22.070  6162  9113 I NAPPA_EXPERIMENTATION: MetricNetworkRequestExecutionTime: REQUEST_DURATION_SYSTEM='545',REQUEST_DURATION_OKHTTP='543',REQUEST_SYNCHRONOUS='TRUE',RESPONSE_CODE='200',RESPONSE_METHOD='GET',RESPONSE_LENGTH_OKHTTP='5125',RESPONSE_LENGTH_HEADER='5125',REQUEST_PROTOCOL='h2',REQUEST_URL='https://b.thumbs.redditmedia.com/OF1KI_LdSDMMWCy-WgJyRhIcM5fr7kDyu_OnpfRXHfI.jpg',
08-05 01:22:22.070  6162  9113 D OK      : request got status: 200
08-05 01:22:22.087  6162  9108 I NAPPA_EXPERIMENTATION: MetricNetworkRequestExecutionTime: REQUEST_DURATION_SYSTEM='574',REQUEST_DURATION_OKHTTP='569',REQUEST_SYNCHRONOUS='TRUE',RESPONSE_CODE='200',RESPONSE_METHOD='GET',RESPONSE_LENGTH_OKHTTP='4080',RESPONSE_LENGTH_HEADER='4080',REQUEST_PROTOCOL='h2',REQUEST_URL='https://b.thumbs.redditmedia.com/XkIhgqugP-9Zcb5I9A8o0r-zQJDh_6kastc0oWiiHkI.jpg',
08-05 01:22:22.087  6162  9108 D OK      : request got status: 200
08-05 01:22:22.105  6162  9115 I NAPPA_EXPERIMENTATION: MetricNetworkRequestExecutionTime: REQUEST_DURATION_SYSTEM='574',REQUEST_DURATION_OKHTTP='574',REQUEST_SYNCHRONOUS='TRUE',RESPONSE_CODE='200',RESPONSE_METHOD='GET',RESPONSE_LENGTH_OKHTTP='5329',RESPONSE_LENGTH_HEADER='5329',REQUEST_PROTOCOL='h2',REQUEST_URL='https://b.thumbs.redditmedia.com/PtV7mFsO2n0j4YJweZjEqyVJ45hap4hXix9dwj6D0Wg.jpg',
08-05 01:22:22.105  6162  9115 D OK      : request got status: 200
08-05 01:22:22.135  6162  6173 I art     : Starting a blocking GC Explicit
08-05 01:22:22.197  6162  6173 I art     : Explicit concurrent mark sweep GC freed 7442(754KB) AllocSpace objects, 44(3MB) LOS objects, 29% free, 37MB/53MB, paused 1.972ms total 61.274ms
08-05 01:22:22.217  6162  6173 I art     : Starting a blocking GC Explicit
08-05 01:22:22.236  6162  9116 I NAPPA_EXPERIMENTATION: MetricNetworkRequestExecutionTime: REQUEST_DURATION_SYSTEM='703',REQUEST_DURATION_OKHTTP='703',REQUEST_SYNCHRONOUS='TRUE',RESPONSE_CODE='200',RESPONSE_METHOD='GET',RESPONSE_LENGTH_OKHTTP='6316',RESPONSE_LENGTH_HEADER='6316',REQUEST_PROTOCOL='h2',REQUEST_URL='https://b.thumbs.redditmedia.com/wxTBcOhAgsmbc-TRaGNHpYJYnEOBr2LNsaZ6pCM91Lc.jpg',
08-05 01:22:22.236  6162  9116 D OK      : request got status: 200
08-05 01:22:22.257  6162  9114 I NAPPA_EXPERIMENTATION: MetricNetworkRequestExecutionTime: REQUEST_DURATION_SYSTEM='729',REQUEST_DURATION_OKHTTP='728',REQUEST_SYNCHRONOUS='TRUE',RESPONSE_CODE='200',RESPONSE_METHOD='GET',RESPONSE_LENGTH_OKHTTP='6723',RESPONSE_LENGTH_HEADER='6723',REQUEST_PROTOCOL='h2',REQUEST_URL='https://b.thumbs.redditmedia.com/vuAhA4gGAmYfrTFA4woxZcKgmiDzJ3nAsql2pxcYGFs.jpg',
08-05 01:22:22.257  6162  9114 D OK      : request got status: 200
08-05 01:22:22.265  6162  9117 I NAPPA_EXPERIMENTATION: MetricNetworkRequestExecutionTime: REQUEST_DURATION_SYSTEM='730',REQUEST_DURATION_OKHTTP='729',REQUEST_SYNCHRONOUS='TRUE',RESPONSE_CODE='200',RESPONSE_METHOD='GET',RESPONSE_LENGTH_OKHTTP='7815',RESPONSE_LENGTH_HEADER='7815',REQUEST_PROTOCOL='h2',REQUEST_URL='https://b.thumbs.redditmedia.com/Wo7bFIVNZYYuNioRYwZFYxrl6QMk0lT-3W01wrXgHmE.jpg',
08-05 01:22:22.267  6162  9117 D OK      : request got status: 200
08-05 01:22:22.269  6162  9118 I NAPPA_EXPERIMENTATION: MetricNetworkRequestExecutionTime: REQUEST_DURATION_SYSTEM='731',REQUEST_DURATION_OKHTTP='730',REQUEST_SYNCHRONOUS='TRUE',RESPONSE_CODE='200',RESPONSE_METHOD='GET',RESPONSE_LENGTH_OKHTTP='5648',RESPONSE_LENGTH_HEADER='5648',REQUEST_PROTOCOL='h2',REQUEST_URL='https://b.thumbs.redditmedia.com/NoqMycYTzsyhI0Lq351riEI1mO9p8PvY1QwcZ9Irb9g.jpg',
08-05 01:22:22.269  6162  9118 D OK      : request got status: 200
08-05 01:22:22.270  6162  6173 I art     : Explicit concurrent mark sweep GC freed 4905(295KB) AllocSpace objects, 10(688KB) LOS objects, 29% free, 38MB/54MB, paused 2.098ms total 52.797ms
08-05 01:22:22.291  6162  6173 I art     : Starting a blocking GC Explicit
08-05 01:22:22.311  6162  9119 I NAPPA_EXPERIMENTATION: MetricNetworkRequestExecutionTime: REQUEST_DURATION_SYSTEM='772',REQUEST_DURATION_OKHTTP='771',REQUEST_SYNCHRONOUS='TRUE',RESPONSE_CODE='200',RESPONSE_METHOD='GET',RESPONSE_LENGTH_OKHTTP='5198',RESPONSE_LENGTH_HEADER='5198',REQUEST_PROTOCOL='h2',REQUEST_URL='https://b.thumbs.redditmedia.com/KrRufqpifph7KM2Le5RdqEYQb24zbB4fizBJpFaH1Pc.jpg',
08-05 01:22:22.311  6162  9119 D OK      : request got status: 200
08-05 01:22:22.343  6162  6173 I art     : Explicit concurrent mark sweep GC freed 3074(219KB) AllocSpace objects, 8(636KB) LOS objects, 29% free, 38MB/54MB, paused 1.596ms total 51.724ms
08-05 01:22:22.346  6162  9099 I NAPPA_EXPERIMENTATION: MetricNetworkRequestExecutionTime: REQUEST_DURATION_SYSTEM='868',REQUEST_DURATION_OKHTTP='385',REQUEST_SYNCHRONOUS='TRUE',RESPONSE_CODE='200',RESPONSE_METHOD='GET',RESPONSE_LENGTH_OKHTTP='5307',RESPONSE_LENGTH_HEADER='5307',REQUEST_PROTOCOL='h2',REQUEST_URL='https://a.thumbs.redditmedia.com/EFVm-ZqqhARyEaKgtwU74c7tfzEDJvI0uiHXGglFag4.jpg',
08-05 01:22:22.346  6162  9099 D OK      : request got status: 200
08-05 01:22:22.361  6162  6173 I art     : Starting a blocking GC Explicit
08-05 01:22:22.387  6162  9120 I NAPPA_EXPERIMENTATION: MetricNetworkRequestExecutionTime: REQUEST_DURATION_SYSTEM='845',REQUEST_DURATION_OKHTTP='844',REQUEST_SYNCHRONOUS='TRUE',RESPONSE_CODE='200',RESPONSE_METHOD='GET',RESPONSE_LENGTH_OKHTTP='5579',RESPONSE_LENGTH_HEADER='5579',REQUEST_PROTOCOL='h2',REQUEST_URL='https://b.thumbs.redditmedia.com/u2qz17QE3X5G7kkJrgK3HPCdxNQxNkhaWqfIhCuRMvE.jpg',
08-05 01:22:22.387  6162  9120 D OK      : request got status: 200
08-05 01:22:22.420  6162  6173 I art     : Explicit concurrent mark sweep GC freed 13094(573KB) AllocSpace objects, 12(648KB) LOS objects, 29% free, 39MB/55MB, paused 3.044ms total 58.668ms
08-05 01:22:22.441  6162  6173 I art     : Starting a blocking GC Explicit
08-05 01:22:22.473  6162  9106 I NAPPA_EXPERIMENTATION: MetricNetworkRequestExecutionTime: REQUEST_DURATION_SYSTEM='965',REQUEST_DURATION_OKHTTP='259',REQUEST_SYNCHRONOUS='TRUE',RESPONSE_CODE='200',RESPONSE_METHOD='GET',RESPONSE_LENGTH_OKHTTP='3635',RESPONSE_LENGTH_HEADER='3635',REQUEST_PROTOCOL='h2',REQUEST_URL='https://a.thumbs.redditmedia.com/Kzag-wH9wKRRg2MnPwgoFgXT_2jN_nkJ1lY1aNRQyT4.jpg',
08-05 01:22:22.473  6162  9106 D OK      : request got status: 200
08-05 01:22:22.493  6162  6173 I art     : Explicit concurrent mark sweep GC freed 14355(837KB) AllocSpace objects, 14(700KB) LOS objects, 28% free, 39MB/55MB, paused 1.547ms total 51.466ms
08-05 01:22:22.561  6162  9105 I NAPPA_EXPERIMENTATION: MetricNetworkRequestExecutionTime: REQUEST_DURATION_SYSTEM='1058',REQUEST_DURATION_OKHTTP='320',REQUEST_SYNCHRONOUS='TRUE',RESPONSE_CODE='200',RESPONSE_METHOD='GET',RESPONSE_LENGTH_OKHTTP='7540',RESPONSE_LENGTH_HEADER='7540',REQUEST_PROTOCOL='h2',REQUEST_URL='https://a.thumbs.redditmedia.com/Tfsm0ol-ltlxNSBAkZ_4G4302d0hYeOSODkvXidBBR8.jpg',
08-05 01:22:22.561  6162  9105 D OK      : request got status: 200
08-05 01:22:22.599  6162  9112 I NAPPA_EXPERIMENTATION: MetricNetworkRequestExecutionTime: REQUEST_DURATION_SYSTEM='1076',REQUEST_DURATION_OKHTTP='313',REQUEST_SYNCHRONOUS='TRUE',RESPONSE_CODE='200',RESPONSE_METHOD='GET',RESPONSE_LENGTH_OKHTTP='4470',RESPONSE_LENGTH_HEADER='4470',REQUEST_PROTOCOL='h2',REQUEST_URL='https://a.thumbs.redditmedia.com/ffAKmOqnTuDMNR9MRfCdRtkq_CzN3MVhZxS64ZPYRh4.jpg',
08-05 01:22:22.600  6162  9112 D OK      : request got status: 200
08-05 01:22:22.656  6162  9107 I NAPPA_EXPERIMENTATION: MetricNetworkRequestExecutionTime: REQUEST_DURATION_SYSTEM='1146',REQUEST_DURATION_OKHTTP='244',REQUEST_SYNCHRONOUS='TRUE',RESPONSE_CODE='200',RESPONSE_METHOD='GET',RESPONSE_LENGTH_OKHTTP='5641',RESPONSE_LENGTH_HEADER='5641',REQUEST_PROTOCOL='h2',REQUEST_URL='https://a.thumbs.redditmedia.com/P4gSGpXpi2wDXthNZ-LiwEs5Jvplm6dQ7W7Isqa7un4.jpg',
08-05 01:22:22.657  6162  9107 D OK      : request got status: 200
08-05 01:22:22.731  6162  9132 I NAPPA_EXPERIMENTATION: MetricNetworkRequestExecutionTime: REQUEST_DURATION_SYSTEM='1146',REQUEST_DURATION_OKHTTP='331',REQUEST_SYNCHRONOUS='TRUE',RESPONSE_CODE='200',RESPONSE_METHOD='GET',RESPONSE_LENGTH_OKHTTP='2344',RESPONSE_LENGTH_HEADER='2344',REQUEST_PROTOCOL='h2',REQUEST_URL='https://v.redd.it/ue0jdgk9zhd51/DASHPlaylist.mpd',
08-05 01:22:22.732  6162  9132 D OK      : request got status: 200
08-05 01:22:22.758  6162  9132 I RedditVideosAPI: For 'https://v.redd.it/ue0jdgk9zhd51/DASHPlaylist.mpd', got video stream 'https://v.redd.it/ue0jdgk9zhd51/DASH_360' and audio stream 'https://v.redd.it/ue0jdgk9zhd51/audio'
08-05 01:22:22.829  6162  6387 I art     : Starting a blocking GC Explicit
08-05 01:22:22.833  6162  9121 I NAPPA_EXPERIMENTATION: MetricNetworkRequestExecutionTime: REQUEST_DURATION_SYSTEM='1289',REQUEST_DURATION_OKHTTP='417',REQUEST_SYNCHRONOUS='TRUE',RESPONSE_CODE='200',RESPONSE_METHOD='GET',RESPONSE_LENGTH_OKHTTP='2696',RESPONSE_LENGTH_HEADER='2696',REQUEST_PROTOCOL='h2',REQUEST_URL='https://v.redd.it/syww111dtjd51/DASHPlaylist.mpd',
08-05 01:22:22.834  6162  9121 D OK      : request got status: 200
08-05 01:22:22.838  6162  9126 I NAPPA_EXPERIMENTATION: MetricNetworkRequestExecutionTime: REQUEST_DURATION_SYSTEM='1275',REQUEST_DURATION_OKHTTP='345',REQUEST_SYNCHRONOUS='TRUE',RESPONSE_CODE='200',RESPONSE_METHOD='GET',RESPONSE_LENGTH_OKHTTP='-1',RESPONSE_LENGTH_HEADER='377',REQUEST_PROTOCOL='h2',REQUEST_URL='https://api.imgur.com/3/image/nLQR2hT',
08-05 01:22:22.838  6162  9126 D OK      : request got status: 200
08-05 01:22:22.855  6162  9125 I NAPPA_EXPERIMENTATION: MetricNetworkRequestExecutionTime: REQUEST_DURATION_SYSTEM='1296',REQUEST_DURATION_OKHTTP='446',REQUEST_SYNCHRONOUS='TRUE',RESPONSE_CODE='200',RESPONSE_METHOD='GET',RESPONSE_LENGTH_OKHTTP='2700',RESPONSE_LENGTH_HEADER='2700',REQUEST_PROTOCOL='h2',REQUEST_URL='https://v.redd.it/75en73fm5id51/DASHPlaylist.mpd',
08-05 01:22:22.856  6162  9125 D OK      : request got status: 200
08-05 01:22:22.862  6162  9121 I RedditVideosAPI: For 'https://v.redd.it/syww111dtjd51/DASHPlaylist.mpd', got video stream 'https://v.redd.it/syww111dtjd51/DASH_480' and audio stream 'https://v.redd.it/syww111dtjd51/audio'
08-05 01:22:22.886  6162  9129 I NAPPA_EXPERIMENTATION: MetricNetworkRequestExecutionTime: REQUEST_DURATION_SYSTEM='1313',REQUEST_DURATION_OKHTTP='436',REQUEST_SYNCHRONOUS='TRUE',RESPONSE_CODE='200',RESPONSE_METHOD='GET',RESPONSE_LENGTH_OKHTTP='2071',RESPONSE_LENGTH_HEADER='2071',REQUEST_PROTOCOL='h2',REQUEST_URL='https://v.redd.it/jk6cwef4wld51/DASHPlaylist.mpd',
08-05 01:22:22.886  6162  9129 D OK      : request got status: 200
08-05 01:22:22.887  6162  6387 I art     : Explicit concurrent mark sweep GC freed 6546(775KB) AllocSpace objects, 44(2MB) LOS objects, 28% free, 40MB/56MB, paused 1.172ms total 57.828ms
08-05 01:22:22.890  6162  9130 I NAPPA_EXPERIMENTATION: MetricNetworkRequestExecutionTime: REQUEST_DURATION_SYSTEM='1314',REQUEST_DURATION_OKHTTP='473',REQUEST_SYNCHRONOUS='TRUE',RESPONSE_CODE='200',RESPONSE_METHOD='GET',RESPONSE_LENGTH_OKHTTP='3058',RESPONSE_LENGTH_HEADER='3058',REQUEST_PROTOCOL='h2',REQUEST_URL='https://v.redd.it/t81s8zfz9ld51/DASHPlaylist.mpd',
08-05 01:22:22.890  6162  9130 D OK      : request got status: 200
08-05 01:22:22.907  6162  6387 I art     : Starting a blocking GC Explicit
08-05 01:22:22.910  6162  9122 I NAPPA_EXPERIMENTATION: MetricNetworkRequestExecutionTime: REQUEST_DURATION_SYSTEM='1363',REQUEST_DURATION_OKHTTP='479',REQUEST_SYNCHRONOUS='TRUE',RESPONSE_CODE='200',RESPONSE_METHOD='GET',RESPONSE_LENGTH_OKHTTP='2071',RESPONSE_LENGTH_HEADER='2071',REQUEST_PROTOCOL='h2',REQUEST_URL='https://v.redd.it/pbqrrfb3tkd51/DASHPlaylist.mpd',
08-05 01:22:22.910  6162  9122 D OK      : request got status: 200
08-05 01:22:22.913  6162  9125 I RedditVideosAPI: For 'https://v.redd.it/75en73fm5id51/DASHPlaylist.mpd', got video stream 'https://v.redd.it/75en73fm5id51/DASH_480' and audio stream 'https://v.redd.it/75en73fm5id51/audio'
08-05 01:22:22.935  6162  9124 I NAPPA_EXPERIMENTATION: MetricNetworkRequestExecutionTime: REQUEST_DURATION_SYSTEM='1381',REQUEST_DURATION_OKHTTP='516',REQUEST_SYNCHRONOUS='TRUE',RESPONSE_CODE='200',RESPONSE_METHOD='GET',RESPONSE_LENGTH_OKHTTP='2789',RESPONSE_LENGTH_HEADER='2789',REQUEST_PROTOCOL='h2',REQUEST_URL='https://v.redd.it/5x6zzipz8ld51/DASHPlaylist.mpd',
08-05 01:22:22.935  6162  9124 D OK      : request got status: 200
08-05 01:22:22.937  6162  9128 I NAPPA_EXPERIMENTATION: MetricNetworkRequestExecutionTime: REQUEST_DURATION_SYSTEM='1367',REQUEST_DURATION_OKHTTP='489',REQUEST_SYNCHRONOUS='TRUE',RESPONSE_CODE='200',RESPONSE_METHOD='GET',RESPONSE_LENGTH_OKHTTP='2427',RESPONSE_LENGTH_HEADER='2427',REQUEST_PROTOCOL='h2',REQUEST_URL='https://v.redd.it/psrknoobrgd51/DASHPlaylist.mpd',
08-05 01:22:22.937  6162  9128 D OK      : request got status: 200
08-05 01:22:22.942  6162  9129 I RedditVideosAPI: For 'https://v.redd.it/jk6cwef4wld51/DASHPlaylist.mpd', got video stream 'https://v.redd.it/jk6cwef4wld51/DASH_480' and audio stream 'null'
08-05 01:22:22.952  6162  9130 I RedditVideosAPI: For 'https://v.redd.it/t81s8zfz9ld51/DASHPlaylist.mpd', got video stream 'https://v.redd.it/t81s8zfz9ld51/DASH_480' and audio stream 'https://v.redd.it/t81s8zfz9ld51/audio'
08-05 01:22:22.954  6162  6387 I art     : Explicit concurrent mark sweep GC freed 1918(249KB) AllocSpace objects, 6(408KB) LOS objects, 28% free, 40MB/56MB, paused 963us total 46.921ms
08-05 01:22:22.968  6162  9123 I NAPPA_EXPERIMENTATION: MetricNetworkRequestExecutionTime: REQUEST_DURATION_SYSTEM='1417',REQUEST_DURATION_OKHTTP='509',REQUEST_SYNCHRONOUS='TRUE',RESPONSE_CODE='200',RESPONSE_METHOD='GET',RESPONSE_LENGTH_OKHTTP='3060',RESPONSE_LENGTH_HEADER='3060',REQUEST_PROTOCOL='h2',REQUEST_URL='https://v.redd.it/rrygsb8i4ld51/DASHPlaylist.mpd',
08-05 01:22:22.968  6162  9123 D OK      : request got status: 200
08-05 01:22:22.969  6162  9131 I NAPPA_EXPERIMENTATION: MetricNetworkRequestExecutionTime: REQUEST_DURATION_SYSTEM='1391',REQUEST_DURATION_OKHTTP='478',REQUEST_SYNCHRONOUS='TRUE',RESPONSE_CODE='200',RESPONSE_METHOD='GET',RESPONSE_LENGTH_OKHTTP='2071',RESPONSE_LENGTH_HEADER='2071',REQUEST_PROTOCOL='h2',REQUEST_URL='https://v.redd.it/xd6c4yyutgd51/DASHPlaylist.mpd',
08-05 01:22:22.969  6162  9131 D OK      : request got status: 200
08-05 01:22:22.972  6162  9127 I NAPPA_EXPERIMENTATION: MetricNetworkRequestExecutionTime: REQUEST_DURATION_SYSTEM='1407',REQUEST_DURATION_OKHTTP='488',REQUEST_SYNCHRONOUS='TRUE',RESPONSE_CODE='200',RESPONSE_METHOD='GET',RESPONSE_LENGTH_OKHTTP='1713',RESPONSE_LENGTH_HEADER='1713',REQUEST_PROTOCOL='h2',REQUEST_URL='https://v.redd.it/ggz4fyth6hd51/DASHPlaylist.mpd',
08-05 01:22:22.973  6162  6387 I art     : Starting a blocking GC Explicit
08-05 01:22:22.973  6162  9127 D OK      : request got status: 200
08-05 01:22:22.978  6162  9122 I RedditVideosAPI: For 'https://v.redd.it/pbqrrfb3tkd51/DASHPlaylist.mpd', got video stream 'https://v.redd.it/pbqrrfb3tkd51/DASH_480' and audio stream 'null'
08-05 01:22:22.987  6162  9124 I RedditVideosAPI: For 'https://v.redd.it/5x6zzipz8ld51/DASHPlaylist.mpd', got video stream 'https://v.redd.it/5x6zzipz8ld51/DASH_480' and audio stream 'null'
08-05 01:22:23.021  6162  6387 I art     : Explicit concurrent mark sweep GC freed 1941(251KB) AllocSpace objects, 11(748KB) LOS objects, 28% free, 40MB/56MB, paused 671us total 47.762ms
08-05 01:22:23.028  6162  9128 I RedditVideosAPI: For 'https://v.redd.it/psrknoobrgd51/DASHPlaylist.mpd', got video stream 'https://v.redd.it/psrknoobrgd51/DASH_480' and audio stream 'null'
08-05 01:22:23.035  6162  9123 I RedditVideosAPI: For 'https://v.redd.it/rrygsb8i4ld51/DASHPlaylist.mpd', got video stream 'https://v.redd.it/rrygsb8i4ld51/DASH_480' and audio stream 'https://v.redd.it/rrygsb8i4ld51/audio'
08-05 01:22:23.041  6162  6387 I art     : Starting a blocking GC Explicit
08-05 01:22:23.043  6162  9131 I RedditVideosAPI: For 'https://v.redd.it/xd6c4yyutgd51/DASHPlaylist.mpd', got video stream 'https://v.redd.it/xd6c4yyutgd51/DASH_480' and audio stream 'null'
08-05 01:22:23.049  6162  9127 I RedditVideosAPI: For 'https://v.redd.it/ggz4fyth6hd51/DASHPlaylist.mpd', got video stream 'https://v.redd.it/ggz4fyth6hd51/DASH_360' and audio stream 'null'
08-05 01:22:23.093  6162  6387 I art     : Explicit concurrent mark sweep GC freed 1139(208KB) AllocSpace objects, 7(476KB) LOS objects, 28% free, 40MB/56MB, paused 568us total 51.377ms
08-05 01:22:23.113  6162  6387 I art     : Starting a blocking GC Explicit
08-05 01:22:23.170  6162  6387 I art     : Explicit concurrent mark sweep GC freed 392(35KB) AllocSpace objects, 3(204KB) LOS objects, 28% free, 39MB/55MB, paused 597us total 56.075ms
08-05 01:22:23.429  1652  1652 I ServiceManager: Waiting for service AtCmdFwd...
08-05 01:22:23.530  6162  6186 I art     : Starting a blocking GC Explicit
08-05 01:22:23.588  6162  6186 I art     : Explicit concurrent mark sweep GC freed 1364(83KB) AllocSpace objects, 1(20KB) LOS objects, 28% free, 39MB/55MB, paused 593us total 57.886ms
08-05 01:22:23.609  6162  6186 I art     : Starting a blocking GC Explicit
08-05 01:22:23.660  6162  6186 I art     : Explicit concurrent mark sweep GC freed 20(704B) AllocSpace objects, 0(0B) LOS objects, 28% free, 39MB/55MB, paused 564us total 50.850ms
08-05 01:22:23.680  6162  6186 I art     : Starting a blocking GC Explicit
08-05 01:22:23.732  6162  6186 I art     : Explicit concurrent mark sweep GC freed 3(96B) AllocSpace objects, 0(0B) LOS objects, 28% free, 39MB/55MB, paused 574us total 51.798ms
08-05 01:22:23.752  6162  6186 I art     : Starting a blocking GC Explicit
08-05 01:22:23.807  6162  6186 I art     : Explicit concurrent mark sweep GC freed 3(96B) AllocSpace objects, 0(0B) LOS objects, 28% free, 39MB/55MB, paused 566us total 54.706ms
08-05 01:22:23.826  6162  6186 I art     : Starting a blocking GC Explicit
08-05 01:22:23.880  6162  6186 I art     : Explicit concurrent mark sweep GC freed 3(96B) AllocSpace objects, 0(0B) LOS objects, 28% free, 39MB/55MB, paused 576us total 53.429ms
08-05 01:22:23.909  9176  9176 D AndroidRuntime: >>>>>> START com.android.internal.os.RuntimeInit uid 2000 <<<<<<
08-05 01:22:23.915  9176  9176 D AndroidRuntime: CheckJNI is OFF
08-05 01:22:23.959  9176  9176 D ICU     : No timezone override file found: /data/misc/zoneinfo/current/icu/icu_tzdata.dat
08-05 01:22:24.006  9176  9176 I Radio-JNI: register_android_hardware_Radio DONE
08-05 01:22:24.036  9176  9176 D AndroidRuntime: Calling main entry com.android.commands.input.Input
08-05 01:22:24.039  9176  9176 I Input   : injectMotionEvent: MotionEvent { action=ACTION_DOWN, actionButton=0, id[0]=0, x[0]=1340.0, y[0]=1100.0, toolType[0]=TOOL_TYPE_UNKNOWN, buttonState=0, metaState=0, flags=0x0, edgeFlags=0x0, pointerCount=1, historySize=0, eventTime=753760451, downTime=753760451, deviceId=0, source=0x1002 }
08-05 01:22:24.044  9176  9176 I Input   : injectMotionEvent: MotionEvent { action=ACTION_UP, actionButton=0, id[0]=0, x[0]=1340.0, y[0]=1100.0, toolType[0]=TOOL_TYPE_UNKNOWN, buttonState=0, metaState=0, flags=0x0, edgeFlags=0x0, pointerCount=1, historySize=0, eventTime=753760451, downTime=753760451, deviceId=0, source=0x1002 }
08-05 01:22:24.046  9176  9176 D AndroidRuntime: Shutting down VM
08-05 01:22:24.055   512  2967 D audio_hw_primary: out_set_parameters: enter: usecase(1: low-latency-playback) kvpairs: routing=2
08-05 01:22:24.058   918   929 I ActivityManager: START u0 {dat=https://oauth.reddit.com/... cmp=baseline.org.quantumbadger.redreader/.activities.CommentListingActivity} from uid 10689 on display 0
08-05 01:22:24.068   512  2967 D audio_hw_primary: select_devices: out_snd_device(2: speaker) in_snd_device(0: none)
08-05 01:22:24.068   512  2967 D msm8974_platform: platform_send_audio_calibration: sending audio calibration for snd_device(2) acdb_id(15)
08-05 01:22:24.069   512  2967 I soundtrigger: audio_extn_sound_trigger_update_device_status: device 0x2 of type 0 for Event 1
08-05 01:22:24.082   512  2967 D audio_hw_primary: enable_snd_device: snd_device(2: speaker)
08-05 01:22:24.084  6162  6162 I AppCompatViewInflater: app:theme is now deprecated. Please move to using android:theme instead.
08-05 01:22:24.084   512  2967 D audio_hw_primary: enable_audio_route: apply and update mixer path: low-latency-playback speaker
08-05 01:22:24.103  6162  9207 D OK      : calling: https://oauth.reddit.com/comments/hzejrd/.json?sort=confidence
08-05 01:22:24.200   918   936 I ActivityManager: Displayed baseline.org.quantumbadger.redreader/.activities.CommentListingActivity: +134ms
08-05 01:22:24.201 13866 13866 I GoogleInputMethodServic: GoogleInputMethodService.onFinishInput():3138 
08-05 01:22:24.202 13866 13866 I GoogleInputMethodServic: GoogleInputMethodService.onStartInput():1808 
08-05 01:22:24.227  6162  6186 I art     : Starting a blocking GC Explicit
08-05 01:22:24.277  6162  6186 I art     : Explicit concurrent mark sweep GC freed 4108(220KB) AllocSpace objects, 1(20KB) LOS objects, 28% free, 39MB/55MB, paused 545us total 48.412ms
08-05 01:22:24.295  6162  6186 I art     : Starting a blocking GC Explicit
08-05 01:22:24.345  6162  6186 I art     : Explicit concurrent mark sweep GC freed 9103(895KB) AllocSpace objects, 17(2MB) LOS objects, 30% free, 37MB/53MB, paused 572us total 49.840ms
08-05 01:22:24.367  6162  6186 I art     : Starting a blocking GC Explicit
08-05 01:22:24.423  6162  6186 I art     : Explicit concurrent mark sweep GC freed 94(3KB) AllocSpace objects, 0(0B) LOS objects, 30% free, 37MB/53MB, paused 574us total 55.965ms
08-05 01:22:24.430  1652  1652 I ServiceManager: Waiting for service AtCmdFwd...
08-05 01:22:24.432   380   380 W SurfaceFlinger: couldn't log to binary event log: overflow.
08-05 01:22:24.447  6162  6186 I art     : Starting a blocking GC Explicit
08-05 01:22:24.455  6162  9207 I NAPPA_EXPERIMENTATION: MetricNetworkRequestExecutionTime: REQUEST_DURATION_SYSTEM='352',REQUEST_DURATION_OKHTTP='152',REQUEST_SYNCHRONOUS='TRUE',RESPONSE_CODE='200',RESPONSE_METHOD='GET',RESPONSE_LENGTH_OKHTTP='-1',RESPONSE_LENGTH_HEADER='45890',REQUEST_PROTOCOL='h2',REQUEST_URL='https://oauth.reddit.com/comments/hzejrd/.json?sort=confidence',
08-05 01:22:24.455  6162  9207 D OK      : request got status: 200
08-05 01:22:24.470  6162  9085 I CommentListingActivity: COMMENTS session changed to a53350e1-0205-48d3-ba66-e28f2c7c0a86
08-05 01:22:24.495  6162  6186 I art     : Explicit concurrent mark sweep GC freed 1616(126KB) AllocSpace objects, 0(0B) LOS objects, 29% free, 37MB/53MB, paused 4.556ms total 47.880ms
08-05 01:22:24.513  6162  6186 I art     : Starting a blocking GC Explicit
08-05 01:22:24.564  6162  6186 I art     : Explicit concurrent mark sweep GC freed 4803(240KB) AllocSpace objects, 0(0B) LOS objects, 29% free, 38MB/54MB, paused 1.153ms total 50.830ms
08-05 01:22:24.619   512  2967 D audio_hw_primary: disable_audio_route: reset and update mixer path: low-latency-playback speaker
08-05 01:22:24.620   512  2967 D audio_hw_primary: disable_snd_device: snd_device(2: speaker)
08-05 01:22:24.628   512  2967 I soundtrigger: audio_extn_sound_trigger_update_device_status: device 0x2 of type 0 for Event 0
08-05 01:22:24.881  6162  6186 I art     : Starting a blocking GC Explicit
08-05 01:22:24.941  6162  6186 I art     : Explicit concurrent mark sweep GC freed 36236(1891KB) AllocSpace objects, 3(156KB) LOS objects, 29% free, 39MB/55MB, paused 450us total 59.596ms
08-05 01:22:24.961  6162  6186 I art     : Starting a blocking GC Explicit
08-05 01:22:25.014  6162  6186 I art     : Explicit concurrent mark sweep GC freed 1016(48KB) AllocSpace objects, 0(0B) LOS objects, 29% free, 39MB/55MB, paused 484us total 53.442ms
08-05 01:22:25.034  6162  6186 I art     : Starting a blocking GC Explicit
08-05 01:22:25.087  6162  6186 I art     : Explicit concurrent mark sweep GC freed 3(96B) AllocSpace objects, 0(0B) LOS objects, 29% free, 39MB/55MB, paused 517us total 53.035ms
08-05 01:22:25.108  6162  6186 I art     : Starting a blocking GC Explicit
08-05 01:22:25.165  6162  6186 I art     : Explicit concurrent mark sweep GC freed 3(96B) AllocSpace objects, 0(0B) LOS objects, 29% free, 39MB/55MB, paused 427us total 56.841ms
08-05 01:22:25.184  6162  6186 I art     : Starting a blocking GC Explicit
08-05 01:22:25.243  6162  6186 I art     : Explicit concurrent mark sweep GC freed 3(96B) AllocSpace objects, 0(0B) LOS objects, 29% free, 39MB/55MB, paused 500us total 57.996ms
08-05 01:22:25.431  1652  1652 I ServiceManager: Waiting for service AtCmdFwd...
08-05 01:22:25.581  6162  6186 I art     : Starting a blocking GC Explicit
08-05 01:22:25.658  6162  6186 I art     : Explicit concurrent mark sweep GC freed 1358(82KB) AllocSpace objects, 1(20KB) LOS objects, 29% free, 39MB/55MB, paused 558us total 77.013ms
08-05 01:22:25.681  6162  6186 I art     : Starting a blocking GC Explicit
08-05 01:22:25.745  6162  6186 I art     : Explicit concurrent mark sweep GC freed 66(2528B) AllocSpace objects, 0(0B) LOS objects, 29% free, 39MB/55MB, paused 538us total 63.577ms
08-05 01:22:25.766  6162  6186 I art     : Starting a blocking GC Explicit
08-05 01:22:25.832  6162  6186 I art     : Explicit concurrent mark sweep GC freed 3(96B) AllocSpace objects, 0(0B) LOS objects, 29% free, 39MB/55MB, paused 535us total 65.428ms
08-05 01:22:25.833  6162  6172 I art     : WaitForGcToComplete blocked for 20.133ms for cause HeapTrim
08-05 01:22:25.853  6162  6186 I art     : Starting a blocking GC Explicit
08-05 01:22:25.927  6162  6186 I art     : Explicit concurrent mark sweep GC freed 3(96B) AllocSpace objects, 0(0B) LOS objects, 29% free, 39MB/55MB, paused 573us total 73.124ms
08-05 01:22:25.950  6162  6186 I art     : Starting a blocking GC Explicit
08-05 01:22:26.020  6162  6186 I art     : Explicit concurrent mark sweep GC freed 3(96B) AllocSpace objects, 0(0B) LOS objects, 29% free, 39MB/55MB, paused 525us total 69.075ms
08-05 01:22:26.385  6162  6175 I art     : Starting a blocking GC Explicit
08-05 01:22:26.432  1652  1652 I ServiceManager: Waiting for service AtCmdFwd...
08-05 01:22:26.466  6162  6175 I art     : Explicit concurrent mark sweep GC freed 1356(82KB) AllocSpace objects, 1(20KB) LOS objects, 29% free, 39MB/55MB, paused 607us total 81.015ms
08-05 01:22:26.490  6162  6175 I art     : Starting a blocking GC Explicit
08-05 01:22:26.558  6162  6175 I art     : Explicit concurrent mark sweep GC freed 20(704B) AllocSpace objects, 0(0B) LOS objects, 29% free, 39MB/55MB, paused 608us total 67.052ms
08-05 01:22:26.579  6162  6175 I art     : Starting a blocking GC Explicit
08-05 01:22:26.649  6162  6175 I art     : Explicit concurrent mark sweep GC freed 3(96B) AllocSpace objects, 0(0B) LOS objects, 29% free, 39MB/55MB, paused 583us total 69.314ms
08-05 01:22:26.670  6162  6175 I art     : Starting a blocking GC Explicit
08-05 01:22:26.739  6162  6175 I art     : Explicit concurrent mark sweep GC freed 3(96B) AllocSpace objects, 0(0B) LOS objects, 29% free, 39MB/55MB, paused 549us total 68.742ms
08-05 01:22:26.760  6162  6175 I art     : Starting a blocking GC Explicit
08-05 01:22:26.832  6162  6175 I art     : Explicit concurrent mark sweep GC freed 3(96B) AllocSpace objects, 0(0B) LOS objects, 29% free, 39MB/55MB, paused 602us total 71.211ms
08-05 01:22:27.183  6162  6387 I art     : Starting a blocking GC Explicit
08-05 01:22:27.267  6162  6387 I art     : Explicit concurrent mark sweep GC freed 1354(82KB) AllocSpace objects, 1(20KB) LOS objects, 29% free, 39MB/55MB, paused 601us total 83.089ms
08-05 01:22:27.290  6162  6387 I art     : Starting a blocking GC Explicit
08-05 01:22:27.357  6162  6387 I art     : Explicit concurrent mark sweep GC freed 20(704B) AllocSpace objects, 0(0B) LOS objects, 29% free, 39MB/55MB, paused 561us total 66.583ms
08-05 01:22:27.378  6162  6387 I art     : Starting a blocking GC Explicit
08-05 01:22:27.433  1652  1652 I ServiceManager: Waiting for service AtCmdFwd...
08-05 01:22:27.451  6162  6387 I art     : Explicit concurrent mark sweep GC freed 3(96B) AllocSpace objects, 0(0B) LOS objects, 29% free, 39MB/55MB, paused 555us total 72.372ms
08-05 01:22:27.476  6162  6387 I art     : Starting a blocking GC Explicit
08-05 01:22:27.545  6162  6387 I art     : Explicit concurrent mark sweep GC freed 3(96B) AllocSpace objects, 0(0B) LOS objects, 29% free, 39MB/55MB, paused 537us total 68.647ms
08-05 01:22:27.567  6162  6387 I art     : Starting a blocking GC Explicit
08-05 01:22:27.635  6162  6387 I art     : Explicit concurrent mark sweep GC freed 3(96B) AllocSpace objects, 0(0B) LOS objects, 29% free, 39MB/55MB, paused 564us total 67.484ms
08-05 01:22:28.026  6162  6173 I art     : Starting a blocking GC Explicit
08-05 01:22:28.113  6162  6173 I art     : Explicit concurrent mark sweep GC freed 1354(82KB) AllocSpace objects, 1(20KB) LOS objects, 29% free, 39MB/55MB, paused 537us total 86.887ms
08-05 01:22:28.138  6162  6173 I art     : Starting a blocking GC Explicit
08-05 01:22:28.210  6162  6173 I art     : Explicit concurrent mark sweep GC freed 20(704B) AllocSpace objects, 0(0B) LOS objects, 29% free, 39MB/55MB, paused 502us total 71.092ms
08-05 01:22:28.235  6162  6173 I art     : Starting a blocking GC Explicit
08-05 01:22:28.309  6162  6173 I art     : Explicit concurrent mark sweep GC freed 3(96B) AllocSpace objects, 0(0B) LOS objects, 29% free, 39MB/55MB, paused 509us total 73.889ms
08-05 01:22:28.333  6162  6173 I art     : Starting a blocking GC Explicit
08-05 01:22:28.404  6162  6173 I art     : Explicit concurrent mark sweep GC freed 3(96B) AllocSpace objects, 0(0B) LOS objects, 29% free, 39MB/55MB, paused 536us total 71.310ms
08-05 01:22:28.429  6162  6173 I art     : Starting a blocking GC Explicit
08-05 01:22:28.433  1652  1652 W Atfwd_Sendcmd: AtCmdFwd service not published, waiting... retryCnt : 2
08-05 01:22:28.498  6162  6173 I art     : Explicit concurrent mark sweep GC freed 3(96B) AllocSpace objects, 0(0B) LOS objects, 29% free, 39MB/55MB, paused 572us total 68.131ms
08-05 01:22:28.864  6162  6186 I art     : Starting a blocking GC Explicit
08-05 01:22:28.950  6162  6186 I art     : Explicit concurrent mark sweep GC freed 1355(83KB) AllocSpace objects, 1(20KB) LOS objects, 29% free, 39MB/55MB, paused 558us total 85.716ms
08-05 01:22:28.975  6162  6186 I art     : Starting a blocking GC Explicit
08-05 01:22:29.047  6162  6186 I art     : Explicit concurrent mark sweep GC freed 20(704B) AllocSpace objects, 0(0B) LOS objects, 29% free, 39MB/55MB, paused 589us total 71.832ms
08-05 01:22:29.067  6162  9200 I RedditChangeDataIO: Writing tmp data file at '/data/user/0/baseline.org.quantumbadger.redreader/files/rr_change_data_tmp.dat'
08-05 01:22:29.067  6162  9200 I RedditChangeDataManager: Taking snapshot...
08-05 01:22:29.067  6162  9200 I RedditChangeDataManager: Writing to stream...
08-05 01:22:29.067  6162  9200 I RedditChangeDataManager: Wrote 6 entries for user ''
08-05 01:22:29.068  6162  9200 I RedditChangeDataManager: All entries written to stream.
08-05 01:22:29.068  6162  9200 I RedditChangeDataIO: Write successful. Atomically replacing data file...
08-05 01:22:29.068  6162  9200 I RedditChangeDataIO: Write complete.
08-05 01:22:29.068  6162  9200 I RedditChangeDataIO: 158 bytes written in 2 ms
08-05 01:22:29.072  6162  6186 I art     : Starting a blocking GC Explicit
08-05 01:22:29.141  6162  6186 I art     : Explicit concurrent mark sweep GC freed 89(5KB) AllocSpace objects, 1(68KB) LOS objects, 29% free, 39MB/55MB, paused 535us total 68.619ms
08-05 01:22:29.162  6162  6186 I art     : Starting a blocking GC Explicit
08-05 01:22:29.230  6162  6186 I art     : Explicit concurrent mark sweep GC freed 6(192B) AllocSpace objects, 0(0B) LOS objects, 29% free, 39MB/55MB, paused 526us total 67.507ms
08-05 01:22:29.252  6162  6186 I art     : Starting a blocking GC Explicit
08-05 01:22:29.326  6162  6186 I art     : Explicit concurrent mark sweep GC freed 3(96B) AllocSpace objects, 0(0B) LOS objects, 29% free, 39MB/55MB, paused 534us total 73.711ms
08-05 01:22:29.694  6162  6175 I art     : Starting a blocking GC Explicit
08-05 01:22:29.775  6162  6175 I art     : Explicit concurrent mark sweep GC freed 1593(119KB) AllocSpace objects, 1(20KB) LOS objects, 29% free, 39MB/55MB, paused 566us total 80.426ms
08-05 01:22:29.799  6162  6175 I art     : Starting a blocking GC Explicit
08-05 01:22:29.865  6162  6175 I art     : Explicit concurrent mark sweep GC freed 85(2880B) AllocSpace objects, 0(0B) LOS objects, 29% free, 39MB/55MB, paused 514us total 65.596ms
08-05 01:22:29.886  6162  6175 I art     : Starting a blocking GC Explicit
08-05 01:22:29.960  6162  6175 I art     : Explicit concurrent mark sweep GC freed 3(96B) AllocSpace objects, 0(0B) LOS objects, 29% free, 39MB/55MB, paused 504us total 72.884ms
08-05 01:22:29.983  6162  6175 I art     : Starting a blocking GC Explicit
08-05 01:22:30.053  6162  6175 I art     : Explicit concurrent mark sweep GC freed 3(96B) AllocSpace objects, 0(0B) LOS objects, 29% free, 39MB/55MB, paused 499us total 69.369ms
08-05 01:22:30.074  6162  6175 I art     : Starting a blocking GC Explicit
08-05 01:22:30.143  6162  6175 I art     : Explicit concurrent mark sweep GC freed 3(96B) AllocSpace objects, 0(0B) LOS objects, 29% free, 39MB/55MB, paused 498us total 69.074ms
08-05 01:22:30.489  6162  6387 I art     : Starting a blocking GC Explicit
08-05 01:22:30.568  6162  6387 I art     : Explicit concurrent mark sweep GC freed 1356(82KB) AllocSpace objects, 1(20KB) LOS objects, 29% free, 39MB/55MB, paused 536us total 78.200ms
08-05 01:22:30.589  6162  6387 I art     : Starting a blocking GC Explicit
08-05 01:22:30.652  6162  6387 I art     : Explicit concurrent mark sweep GC freed 20(704B) AllocSpace objects, 0(0B) LOS objects, 29% free, 39MB/55MB, paused 524us total 62.252ms
08-05 01:22:30.673  6162  6387 I art     : Starting a blocking GC Explicit
08-05 01:22:30.738  6162  6387 I art     : Explicit concurrent mark sweep GC freed 3(96B) AllocSpace objects, 0(0B) LOS objects, 29% free, 39MB/55MB, paused 506us total 64.547ms
08-05 01:22:30.760  6162  6387 I art     : Starting a blocking GC Explicit
08-05 01:22:30.824  6162  6387 I art     : Explicit concurrent mark sweep GC freed 3(96B) AllocSpace objects, 0(0B) LOS objects, 29% free, 39MB/55MB, paused 484us total 64.015ms
08-05 01:22:30.847  6162  6387 I art     : Starting a blocking GC Explicit
08-05 01:22:30.880  9284  9284 D AndroidRuntime: >>>>>> START com.android.internal.os.RuntimeInit uid 2000 <<<<<<
08-05 01:22:30.886  9284  9284 D AndroidRuntime: CheckJNI is OFF
08-05 01:22:30.911  6162  6387 I art     : Explicit concurrent mark sweep GC freed 3(96B) AllocSpace objects, 0(0B) LOS objects, 29% free, 39MB/55MB, paused 504us total 64.146ms
08-05 01:22:30.935  9284  9284 D ICU     : No timezone override file found: /data/misc/zoneinfo/current/icu/icu_tzdata.dat
08-05 01:22:30.979  9284  9284 I Radio-JNI: register_android_hardware_Radio DONE
08-05 01:22:31.009  9284  9284 D AndroidRuntime: Calling main entry com.android.commands.input.Input
08-05 01:22:31.011  9284  9284 I Input   : injectKeyEvent: KeyEvent { action=ACTION_DOWN, keyCode=KEYCODE_BACK, scanCode=0, metaState=0, flags=0x0, repeatCount=0, eventTime=753767424, downTime=753767424, deviceId=-1, source=0x101 }
08-05 01:22:31.017  9284  9284 I Input   : injectKeyEvent: KeyEvent { action=ACTION_UP, keyCode=KEYCODE_BACK, scanCode=0, metaState=0, flags=0x0, repeatCount=0, eventTime=753767424, downTime=753767424, deviceId=-1, source=0x101 }
08-05 01:22:31.024  9284  9284 D AndroidRuntime: Shutting down VM
08-05 01:22:31.073 13866 13866 I GoogleInputMethodServic: GoogleInputMethodService.onFinishInput():3138 
08-05 01:22:31.074 13866 13866 I GoogleInputMethodServic: GoogleInputMethodService.onStartInput():1808 
08-05 01:22:31.233  6162  6186 I art     : Starting a blocking GC Explicit
08-05 01:22:31.307  6162  6186 I art     : Explicit concurrent mark sweep GC freed 1620(91KB) AllocSpace objects, 1(20KB) LOS objects, 29% free, 39MB/55MB, paused 423us total 73.535ms
08-05 01:22:31.332  6162  6186 I art     : Starting a blocking GC Explicit
08-05 01:22:31.372   380   380 W SurfaceFlinger: couldn't log to binary event log: overflow.
08-05 01:22:31.395  6162  6186 I art     : Explicit concurrent mark sweep GC freed 66(2256B) AllocSpace objects, 0(0B) LOS objects, 29% free, 39MB/55MB, paused 505us total 62.412ms
08-05 01:22:31.417  6162  6186 I art     : Starting a blocking GC Explicit
08-05 01:22:31.475  6162  6186 I art     : Explicit concurrent mark sweep GC freed 23(992B) AllocSpace objects, 0(0B) LOS objects, 29% free, 39MB/55MB, paused 488us total 58.133ms
08-05 01:22:31.496  6162  6186 I art     : Starting a blocking GC Explicit
08-05 01:22:31.548  6162  6186 I art     : Explicit concurrent mark sweep GC freed 41326(2MB) AllocSpace objects, 5(140KB) LOS objects, 30% free, 36MB/52MB, paused 468us total 51.833ms
08-05 01:22:31.566  6162  6186 I art     : Starting a blocking GC Explicit
08-05 01:22:31.614  6162  6186 I art     : Explicit concurrent mark sweep GC freed 3(96B) AllocSpace objects, 0(0B) LOS objects, 30% free, 36MB/52MB, paused 468us total 47.010ms
08-05 01:22:31.965  6162  6387 I art     : Starting a blocking GC Explicit
08-05 01:22:32.016  6162  6387 I art     : Explicit concurrent mark sweep GC freed 1354(82KB) AllocSpace objects, 1(20KB) LOS objects, 30% free, 36MB/52MB, paused 480us total 50.753ms
08-05 01:22:32.035  6162  6387 I art     : Starting a blocking GC Explicit
08-05 01:22:32.082  6162  6387 I art     : Explicit concurrent mark sweep GC freed 20(704B) AllocSpace objects, 0(0B) LOS objects, 30% free, 36MB/52MB, paused 480us total 47.110ms
08-05 01:22:32.101  6162  6387 I art     : Starting a blocking GC Explicit
08-05 01:22:32.147  6162  6387 I art     : Explicit concurrent mark sweep GC freed 3(96B) AllocSpace objects, 0(0B) LOS objects, 30% free, 36MB/52MB, paused 488us total 45.560ms
08-05 01:22:32.167  6162  6387 I art     : Starting a blocking GC Explicit
08-05 01:22:32.214  6162  6387 I art     : Explicit concurrent mark sweep GC freed 3(96B) AllocSpace objects, 0(0B) LOS objects, 30% free, 36MB/52MB, paused 454us total 46.800ms
08-05 01:22:32.234  6162  6387 I art     : Starting a blocking GC Explicit
08-05 01:22:32.279  6162  6387 I art     : Explicit concurrent mark sweep GC freed 3(96B) AllocSpace objects, 0(0B) LOS objects, 30% free, 36MB/52MB, paused 496us total 45.041ms
08-05 01:22:32.600  6162  6173 I art     : Starting a blocking GC Explicit
08-05 01:22:32.654  6162  6173 I art     : Explicit concurrent mark sweep GC freed 1354(82KB) AllocSpace objects, 1(20KB) LOS objects, 30% free, 36MB/52MB, paused 508us total 53.661ms
08-05 01:22:32.676  6162  6173 I art     : Starting a blocking GC Explicit
08-05 01:22:32.726  6162  6173 I art     : Explicit concurrent mark sweep GC freed 20(704B) AllocSpace objects, 0(0B) LOS objects, 30% free, 36MB/52MB, paused 488us total 49.904ms
08-05 01:22:32.745  6162  6173 I art     : Starting a blocking GC Explicit
08-05 01:22:32.792  6162  6173 I art     : Explicit concurrent mark sweep GC freed 3(96B) AllocSpace objects, 0(0B) LOS objects, 30% free, 36MB/52MB, paused 497us total 47.380ms
08-05 01:22:32.806  9328  9328 D AndroidRuntime: >>>>>> START com.android.internal.os.RuntimeInit uid 2000 <<<<<<
08-05 01:22:32.812  6162  6173 I art     : Starting a blocking GC Explicit
08-05 01:22:32.812  9328  9328 D AndroidRuntime: CheckJNI is OFF
08-05 01:22:32.857  9328  9328 D ICU     : No timezone override file found: /data/misc/zoneinfo/current/icu/icu_tzdata.dat
08-05 01:22:32.860  6162  6173 I art     : Explicit concurrent mark sweep GC freed 3(96B) AllocSpace objects, 0(0B) LOS objects, 30% free, 36MB/52MB, paused 508us total 47.936ms
08-05 01:22:32.879  6162  6173 I art     : Starting a blocking GC Explicit
08-05 01:22:32.905  9328  9328 I Radio-JNI: register_android_hardware_Radio DONE
08-05 01:22:32.913   518   646 I ThermalEngine: ACTION: GPU - Setting GPU[0] to 510000000
08-05 01:22:32.926  6162  6173 I art     : Explicit concurrent mark sweep GC freed 3(96B) AllocSpace objects, 0(0B) LOS objects, 30% free, 36MB/52MB, paused 494us total 46.785ms
08-05 01:22:32.936  9328  9328 D AndroidRuntime: Calling main entry com.android.commands.input.Input
08-05 01:22:32.938  9328  9328 I Input   : injectMotionEvent: MotionEvent { action=ACTION_DOWN, actionButton=0, id[0]=0, x[0]=600.0, y[0]=938.0, toolType[0]=TOOL_TYPE_UNKNOWN, buttonState=0, metaState=0, flags=0x0, edgeFlags=0x0, pointerCount=1, historySize=0, eventTime=753769350, downTime=753769350, deviceId=0, source=0x1002 }
08-05 01:22:32.944  9328  9328 I Input   : injectMotionEvent: MotionEvent { action=ACTION_UP, actionButton=0, id[0]=0, x[0]=600.0, y[0]=938.0, toolType[0]=TOOL_TYPE_UNKNOWN, buttonState=0, metaState=0, flags=0x0, edgeFlags=0x0, pointerCount=1, historySize=0, eventTime=753769350, downTime=753769350, deviceId=0, source=0x1002 }
08-05 01:22:32.946  9328  9328 D AndroidRuntime: Shutting down VM
08-05 01:22:32.963   512  2967 D audio_hw_primary: out_set_parameters: enter: usecase(1: low-latency-playback) kvpairs: routing=2
08-05 01:22:32.964   918  3696 I ActivityManager: START u0 {dat=https://gfycat.com/... cmp=baseline.org.quantumbadger.redreader/.activities.ImageViewActivity (has extras)} from uid 10689 on display 0
08-05 01:22:32.976   512  2967 D audio_hw_primary: select_devices: out_snd_device(2: speaker) in_snd_device(0: none)
08-05 01:22:32.976   512  2967 D msm8974_platform: platform_send_audio_calibration: sending audio calibration for snd_device(2) acdb_id(15)
08-05 01:22:32.976   512  2967 I soundtrigger: audio_extn_sound_trigger_update_device_status: device 0x2 of type 0 for Event 1
08-05 01:22:32.989   512  2967 D audio_hw_primary: enable_snd_device: snd_device(2: speaker)
08-05 01:22:32.992   512  2967 D audio_hw_primary: enable_audio_route: apply and update mixer path: low-latency-playback speaker
08-05 01:22:32.992  6162  6162 I ImageViewActivity: Loading URL https://gfycat.com/deadlygravecavy
08-05 01:22:33.000  6162  9085 I ImageViewActivity: Got image URL: https://giant.gfycat.com/DeadlyGraveCavy.mp4
08-05 01:22:33.000  6162  9085 I ImageViewActivity: Got image Type: video/mp4
08-05 01:22:33.000  6162  9085 I ImageViewActivity: Got media Type: VIDEO
08-05 01:22:33.000  6162  9085 I ImageViewActivity: Media type VIDEO detected
08-05 01:22:33.000  6162  9085 I ImageViewActivity: Proceeding with download
08-05 01:22:33.004  6162  9355 D OK      : calling: https://giant.gfycat.com/DeadlyGraveCavy.mp4
08-05 01:22:33.046 13866 13866 I GoogleInputMethodServic: GoogleInputMethodService.onFinishInput():3138 
08-05 01:22:33.046 13866 13866 I GoogleInputMethodServic: GoogleInputMethodService.onStartInput():1808 
08-05 01:22:33.073   918   936 I ActivityManager: Displayed baseline.org.quantumbadger.redreader/.activities.ImageViewActivity: +99ms
08-05 01:22:33.208  6162  6173 I art     : Starting a blocking GC Explicit
08-05 01:22:33.243  6162  6173 I art     : Explicit concurrent mark sweep GC freed 5724(345KB) AllocSpace objects, 1(20KB) LOS objects, 30% free, 37MB/53MB, paused 462us total 34.412ms
08-05 01:22:33.257  6162  6173 I art     : Starting a blocking GC Explicit
08-05 01:22:33.290  6162  6173 I art     : Explicit concurrent mark sweep GC freed 289(12KB) AllocSpace objects, 0(0B) LOS objects, 30% free, 36MB/52MB, paused 388us total 32.890ms
08-05 01:22:33.303  6162  6173 I art     : Starting a blocking GC Explicit
08-05 01:22:33.324   380   380 W SurfaceFlinger: couldn't log to binary event log: overflow.
08-05 01:22:33.336  6162  6173 I art     : Explicit concurrent mark sweep GC freed 7(256B) AllocSpace objects, 0(0B) LOS objects, 30% free, 36MB/52MB, paused 453us total 32.637ms
08-05 01:22:33.349  6162  6173 I art     : Starting a blocking GC Explicit
08-05 01:22:33.381  6162  6173 I art     : Explicit concurrent mark sweep GC freed 3(96B) AllocSpace objects, 0(0B) LOS objects, 30% free, 36MB/52MB, paused 362us total 31.114ms
08-05 01:22:33.385  6162  9355 I NAPPA_EXPERIMENTATION: MetricNetworkRequestExecutionTime: REQUEST_DURATION_SYSTEM='381',REQUEST_DURATION_OKHTTP='158',REQUEST_SYNCHRONOUS='TRUE',RESPONSE_CODE='200',RESPONSE_METHOD='GET',RESPONSE_LENGTH_OKHTTP='1942309',RESPONSE_LENGTH_HEADER='1942309',REQUEST_PROTOCOL='h2',REQUEST_URL='https://giant.gfycat.com/DeadlyGraveCavy.mp4',
08-05 01:22:33.385  6162  9355 D OK      : request got status: 200
08-05 01:22:33.394  6162  6173 I art     : Starting a blocking GC Explicit
08-05 01:22:33.427  6162  6173 I art     : Explicit concurrent mark sweep GC freed 419(29KB) AllocSpace objects, 0(0B) LOS objects, 30% free, 37MB/53MB, paused 468us total 32.794ms
08-05 01:22:33.539   512  2967 D audio_hw_primary: disable_audio_route: reset and update mixer path: low-latency-playback speaker
08-05 01:22:33.541   512  2967 D audio_hw_primary: disable_snd_device: snd_device(2: speaker)
08-05 01:22:33.549   512  2967 I soundtrigger: audio_extn_sound_trigger_update_device_status: device 0x2 of type 0 for Event 0
08-05 01:22:33.724  6162  6186 I art     : Starting a blocking GC Explicit
08-05 01:22:33.763  6162  6186 I art     : Explicit concurrent mark sweep GC freed 3343(1315KB) AllocSpace objects, 2(88KB) LOS objects, 30% free, 37MB/53MB, paused 583us total 38.283ms
08-05 01:22:33.764  6162  6162 I ImageViewActivity: Playing video using ExoPlayer
08-05 01:22:33.778  6162  6186 I art     : Starting a blocking GC Explicit
08-05 01:22:33.815  6162  6186 I art     : Explicit concurrent mark sweep GC freed 703(69KB) AllocSpace objects, 1(68KB) LOS objects, 30% free, 37MB/53MB, paused 1.393ms total 37.280ms
08-05 01:22:33.821  6162  6162 I ExoPlayerImpl: Init 45e0c90 [ExoPlayerLib/2.10.8] [angler, Nexus 6P, Huawei, 23]
08-05 01:22:33.830  6162  6186 I art     : Starting a blocking GC Explicit
08-05 01:22:33.871  6162  6186 I art     : Explicit concurrent mark sweep GC freed 2441(266KB) AllocSpace objects, 0(0B) LOS objects, 29% free, 37MB/53MB, paused 2.216ms total 40.626ms
08-05 01:22:33.885  6162  6186 I art     : Starting a blocking GC Explicit
08-05 01:22:33.917   518   646 I ThermalEngine: ACTION: GPU - Setting GPU[0] to 450000000
08-05 01:22:33.923  6162  6186 I art     : Explicit concurrent mark sweep GC freed 1132(144KB) AllocSpace objects, 3(100KB) LOS objects, 29% free, 38MB/54MB, paused 620us total 37.849ms
08-05 01:22:33.941  6162  6186 I art     : Starting a blocking GC Explicit
08-05 01:22:33.972  6162  9380 W VideoCapabilities: Unrecognized profile 2130706433 for video/avc
08-05 01:22:33.990  6162  6186 I art     : Explicit concurrent mark sweep GC freed 2574(116KB) AllocSpace objects, 1(68KB) LOS objects, 29% free, 38MB/54MB, paused 922us total 48.532ms
08-05 01:22:34.007  6162  9380 I VideoCapabilities: Unsupported profile 4 for video/mp4v-es
08-05 01:22:34.031  6162  9383 I OMXClient: Using client-side OMX mux.
08-05 01:22:34.126   512  3269 I OMX-VDEC-1080P: component_init: OMX.qcom.video.decoder.avc : fd=49
08-05 01:22:34.126   512  3269 I OMX-VDEC-1080P: Capabilities: driver_name = msm_vidc_driver, card = msm_vdec_8974, bus_info = , version = 1, capabilities = 4003000
08-05 01:22:34.132   512  3269 I OMX-VDEC-1080P: Enabling default extradata for OMX.qcom.video.decoder.avc
08-05 01:22:34.135   512  3269 I OMX-VDEC-1080P: omx_vdec::component_init() success : fd=49
08-05 01:22:34.139  6162  9382 I MediaCodec: [OMX.qcom.video.decoder.avc] setting surface generation to 6309889
08-05 01:22:34.141   512   512 E OMX-VDEC-1080P: Extension: OMX.google.android.index.storeANWBufferInMetadata not implemented
08-05 01:22:34.172  6162  9383 D SurfaceUtils: set up nativeWindow 0x7f79046610 for 360x306, color 0x7fa30c04, rotation 0, usage 0x42002900
08-05 01:22:34.206  6162  9383 D SurfaceUtils: set up nativeWindow 0x7f79046610 for 368x320, color 0x7fa30c04, rotation 0, usage 0x42002900
08-05 01:22:34.319  6162  6175 I art     : Starting a blocking GC Explicit
08-05 01:22:34.370  6162  6175 I art     : Explicit concurrent mark sweep GC freed 4443(258KB) AllocSpace objects, 2(88KB) LOS objects, 28% free, 40MB/56MB, paused 561us total 51.026ms
08-05 01:22:34.389  6162  6175 I art     : Starting a blocking GC Explicit
08-05 01:22:34.437  6162  6175 I art     : Explicit concurrent mark sweep GC freed 48(1808B) AllocSpace objects, 0(0B) LOS objects, 28% free, 40MB/56MB, paused 554us total 47.565ms
08-05 01:22:34.457  6162  6175 I art     : Starting a blocking GC Explicit
08-05 01:22:34.505  6162  6175 I art     : Explicit concurrent mark sweep GC freed 26(992B) AllocSpace objects, 0(0B) LOS objects, 28% free, 40MB/56MB, paused 532us total 48.207ms
08-05 01:22:34.524  6162  6175 I art     : Starting a blocking GC Explicit
08-05 01:22:34.574  6162  6175 I art     : Explicit concurrent mark sweep GC freed 24(864B) AllocSpace objects, 0(0B) LOS objects, 28% free, 40MB/56MB, paused 758us total 49.279ms
08-05 01:22:34.593  6162  6175 I art     : Starting a blocking GC Explicit
08-05 01:22:34.645  6162  6175 I art     : Explicit concurrent mark sweep GC freed 30(1136B) AllocSpace objects, 0(0B) LOS objects, 28% free, 40MB/56MB, paused 533us total 51.598ms
08-05 01:22:35.025  6162  6186 I art     : Starting a blocking GC Explicit
08-05 01:22:35.080  6162  6186 I art     : Explicit concurrent mark sweep GC freed 1493(87KB) AllocSpace objects, 1(20KB) LOS objects, 28% free, 40MB/56MB, paused 541us total 54.790ms
08-05 01:22:35.099  6162  6186 I art     : Starting a blocking GC Explicit
08-05 01:22:35.150  6162  6186 I art     : Explicit concurrent mark sweep GC freed 50(1792B) AllocSpace objects, 0(0B) LOS objects, 28% free, 40MB/56MB, paused 570us total 50.930ms
08-05 01:22:35.170  6162  6186 I art     : Starting a blocking GC Explicit
08-05 01:22:35.219  6162  6186 I art     : Explicit concurrent mark sweep GC freed 25(928B) AllocSpace objects, 0(0B) LOS objects, 28% free, 40MB/56MB, paused 564us total 49.260ms
08-05 01:22:35.238  6162  6186 I art     : Starting a blocking GC Explicit
08-05 01:22:35.290  6162  6186 I art     : Explicit concurrent mark sweep GC freed 21(816B) AllocSpace objects, 0(0B) LOS objects, 28% free, 40MB/56MB, paused 530us total 51.610ms
08-05 01:22:35.309  6162  6186 I art     : Starting a blocking GC Explicit
08-05 01:22:35.362  6162  6186 I art     : Explicit concurrent mark sweep GC freed 25(928B) AllocSpace objects, 0(0B) LOS objects, 28% free, 40MB/56MB, paused 535us total 51.818ms
08-05 01:22:35.714  6162  6186 I art     : Starting a blocking GC Explicit
08-05 01:22:35.766  6162  6186 I art     : Explicit concurrent mark sweep GC freed 1495(87KB) AllocSpace objects, 1(20KB) LOS objects, 28% free, 40MB/56MB, paused 539us total 51.187ms
08-05 01:22:35.784  6162  6186 I art     : Starting a blocking GC Explicit
08-05 01:22:35.829  6162  6186 I art     : Explicit concurrent mark sweep GC freed 33(1216B) AllocSpace objects, 0(0B) LOS objects, 28% free, 40MB/56MB, paused 500us total 44.984ms
08-05 01:22:35.849  6162  6186 I art     : Starting a blocking GC Explicit
08-05 01:22:35.899  6162  6186 I art     : Explicit concurrent mark sweep GC freed 31(1136B) AllocSpace objects, 0(0B) LOS objects, 28% free, 40MB/56MB, paused 518us total 49.904ms
08-05 01:22:35.918  6162  6186 I art     : Starting a blocking GC Explicit
08-05 01:22:35.969  6162  6186 I art     : Explicit concurrent mark sweep GC freed 28(1008B) AllocSpace objects, 0(0B) LOS objects, 28% free, 40MB/56MB, paused 584us total 51.038ms
08-05 01:22:35.989  6162  6186 I art     : Starting a blocking GC Explicit
08-05 01:22:36.038  6162  6186 I art     : Explicit concurrent mark sweep GC freed 20(752B) AllocSpace objects, 0(0B) LOS objects, 28% free, 40MB/56MB, paused 563us total 49.375ms
08-05 01:22:36.408  6162  6186 I art     : Starting a blocking GC Explicit
08-05 01:22:36.462  6162  6186 I art     : Explicit concurrent mark sweep GC freed 1500(88KB) AllocSpace objects, 1(20KB) LOS objects, 28% free, 40MB/56MB, paused 560us total 53.247ms
08-05 01:22:36.480  6162  6186 I art     : Starting a blocking GC Explicit
08-05 01:22:36.532  6162  6186 I art     : Explicit concurrent mark sweep GC freed 44(1632B) AllocSpace objects, 0(0B) LOS objects, 28% free, 40MB/56MB, paused 529us total 51.029ms
08-05 01:22:36.551  6162  6186 I art     : Starting a blocking GC Explicit
08-05 01:22:36.601  6162  6186 I art     : Explicit concurrent mark sweep GC freed 25(928B) AllocSpace objects, 0(0B) LOS objects, 28% free, 40MB/56MB, paused 577us total 50.338ms
08-05 01:22:36.620  6162  6186 I art     : Starting a blocking GC Explicit
08-05 01:22:36.670  6162  6186 I art     : Explicit concurrent mark sweep GC freed 26(992B) AllocSpace objects, 0(0B) LOS objects, 28% free, 40MB/56MB, paused 552us total 49.675ms
08-05 01:22:36.689  6162  6186 I art     : Starting a blocking GC Explicit
08-05 01:22:36.740  6162  6186 I art     : Explicit concurrent mark sweep GC freed 26(880B) AllocSpace objects, 0(0B) LOS objects, 28% free, 40MB/56MB, paused 575us total 50.674ms
08-05 01:22:37.117  6162  6387 I art     : Starting a blocking GC Explicit
08-05 01:22:37.171  6162  6387 I art     : Explicit concurrent mark sweep GC freed 1499(88KB) AllocSpace objects, 1(20KB) LOS objects, 28% free, 40MB/56MB, paused 556us total 53.821ms
08-05 01:22:37.190  6162  6387 I art     : Starting a blocking GC Explicit
08-05 01:22:37.241  6162  6387 I art     : Explicit concurrent mark sweep GC freed 40(1520B) AllocSpace objects, 0(0B) LOS objects, 28% free, 40MB/56MB, paused 557us total 51.183ms
08-05 01:22:37.261  6162  6387 I art     : Starting a blocking GC Explicit
08-05 01:22:37.313  6162  6387 I art     : Explicit concurrent mark sweep GC freed 26(992B) AllocSpace objects, 0(0B) LOS objects, 28% free, 40MB/56MB, paused 753us total 52.141ms
08-05 01:22:37.332  6162  6387 I art     : Starting a blocking GC Explicit
08-05 01:22:37.384  6162  6387 I art     : Explicit concurrent mark sweep GC freed 27(976B) AllocSpace objects, 0(0B) LOS objects, 28% free, 40MB/56MB, paused 592us total 50.898ms
08-05 01:22:37.404  6162  6387 I art     : Starting a blocking GC Explicit
08-05 01:22:37.455  6162  6387 I art     : Explicit concurrent mark sweep GC freed 33(1232B) AllocSpace objects, 0(0B) LOS objects, 28% free, 40MB/56MB, paused 580us total 51.432ms
08-05 01:22:37.824  6162  9317 I art     : Starting a blocking GC Explicit
08-05 01:22:37.877  6162  9317 I art     : Explicit concurrent mark sweep GC freed 1491(87KB) AllocSpace objects, 1(20KB) LOS objects, 28% free, 40MB/56MB, paused 586us total 52.524ms
08-05 01:22:37.896  6162  9317 I art     : Starting a blocking GC Explicit
08-05 01:22:37.947  6162  9317 I art     : Explicit concurrent mark sweep GC freed 42(1536B) AllocSpace objects, 0(0B) LOS objects, 28% free, 40MB/56MB, paused 521us total 50.973ms
08-05 01:22:37.967  6162  9317 I art     : Starting a blocking GC Explicit
08-05 01:22:37.974  6162  9354 I RedditChangeDataIO: Writing tmp data file at '/data/user/0/baseline.org.quantumbadger.redreader/files/rr_change_data_tmp.dat'
08-05 01:22:37.975  6162  9354 I RedditChangeDataManager: Taking snapshot...
08-05 01:22:37.975  6162  9354 I RedditChangeDataManager: Writing to stream...
08-05 01:22:37.975  6162  9354 I RedditChangeDataManager: Wrote 6 entries for user ''
08-05 01:22:37.975  6162  9354 I RedditChangeDataManager: All entries written to stream.
08-05 01:22:37.976  6162  9354 I RedditChangeDataIO: Write successful. Atomically replacing data file...
08-05 01:22:37.976  6162  9354 I RedditChangeDataIO: Write complete.
08-05 01:22:37.976  6162  9354 I RedditChangeDataIO: 158 bytes written in 2 ms
08-05 01:22:38.017  6162  9317 I art     : Explicit concurrent mark sweep GC freed 108(5KB) AllocSpace objects, 1(68KB) LOS objects, 28% free, 40MB/56MB, paused 623us total 50.115ms
08-05 01:22:38.037  6162  9317 I art     : Starting a blocking GC Explicit
08-05 01:22:38.089  6162  9317 I art     : Explicit concurrent mark sweep GC freed 35(1456B) AllocSpace objects, 0(0B) LOS objects, 28% free, 40MB/56MB, paused 566us total 51.481ms
08-05 01:22:38.109  6162  9317 I art     : Starting a blocking GC Explicit
08-05 01:22:38.162  6162  9317 I art     : Explicit concurrent mark sweep GC freed 25(928B) AllocSpace objects, 0(0B) LOS objects, 28% free, 40MB/56MB, paused 595us total 51.859ms
08-05 01:22:38.433  1652  1652 I ServiceManager: Waiting for service AtCmdFwd...
08-05 01:22:38.522  6162  9317 I art     : Starting a blocking GC Explicit
08-05 01:22:38.576  6162  9317 I art     : Explicit concurrent mark sweep GC freed 1495(87KB) AllocSpace objects, 1(20KB) LOS objects, 28% free, 40MB/56MB, paused 549us total 53.734ms
08-05 01:22:38.595  6162  9317 I art     : Starting a blocking GC Explicit
08-05 01:22:38.645  6162  9317 I art     : Explicit concurrent mark sweep GC freed 43(1600B) AllocSpace objects, 0(0B) LOS objects, 28% free, 40MB/56MB, paused 566us total 49.851ms
08-05 01:22:38.664  6162  9317 I art     : Starting a blocking GC Explicit
08-05 01:22:38.714  6162  9317 I art     : Explicit concurrent mark sweep GC freed 25(928B) AllocSpace objects, 0(0B) LOS objects, 28% free, 40MB/56MB, paused 603us total 49.697ms
08-05 01:22:38.733  6162  9317 I art     : Starting a blocking GC Explicit
08-05 01:22:38.783  6162  9317 I art     : Explicit concurrent mark sweep GC freed 69(3KB) AllocSpace objects, 0(0B) LOS objects, 28% free, 40MB/56MB, paused 507us total 50.153ms
08-05 01:22:38.803  6162  9317 I art     : Starting a blocking GC Explicit
08-05 01:22:38.854  6162  9317 I art     : Explicit concurrent mark sweep GC freed 172(30KB) AllocSpace objects, 0(0B) LOS objects, 28% free, 40MB/56MB, paused 511us total 51.390ms
08-05 01:22:39.203  6162  6173 I art     : Starting a blocking GC Explicit
08-05 01:22:39.255  6162  6173 I art     : Explicit concurrent mark sweep GC freed 1551(89KB) AllocSpace objects, 1(20KB) LOS objects, 28% free, 40MB/56MB, paused 504us total 51.776ms
08-05 01:22:39.274  6162  6173 I art     : Starting a blocking GC Explicit
08-05 01:22:39.324  6162  6173 I art     : Explicit concurrent mark sweep GC freed 48(1744B) AllocSpace objects, 0(0B) LOS objects, 28% free, 40MB/56MB, paused 530us total 49.774ms
08-05 01:22:39.344  6162  6173 I art     : Starting a blocking GC Explicit
08-05 01:22:39.393  6162  6173 I art     : Explicit concurrent mark sweep GC freed 25(928B) AllocSpace objects, 0(0B) LOS objects, 28% free, 40MB/56MB, paused 524us total 49.420ms
08-05 01:22:39.413  6162  6173 I art     : Starting a blocking GC Explicit
08-05 01:22:39.434  1652  1652 I ServiceManager: Waiting for service AtCmdFwd...
08-05 01:22:39.463  6162  6173 I art     : Explicit concurrent mark sweep GC freed 22(816B) AllocSpace objects, 0(0B) LOS objects, 28% free, 40MB/56MB, paused 525us total 50.272ms
08-05 01:22:39.483  6162  6173 I art     : Starting a blocking GC Explicit
08-05 01:22:39.534  6162  6173 I art     : Explicit concurrent mark sweep GC freed 22(832B) AllocSpace objects, 0(0B) LOS objects, 28% free, 40MB/56MB, paused 522us total 50.816ms
08-05 01:22:39.720  9472  9472 D AndroidRuntime: >>>>>> START com.android.internal.os.RuntimeInit uid 2000 <<<<<<
08-05 01:22:39.725  9472  9472 D AndroidRuntime: CheckJNI is OFF
08-05 01:22:39.767  9472  9472 D ICU     : No timezone override file found: /data/misc/zoneinfo/current/icu/icu_tzdata.dat
08-05 01:22:39.809  9472  9472 I Radio-JNI: register_android_hardware_Radio DONE
08-05 01:22:39.838  9472  9472 D AndroidRuntime: Calling main entry com.android.commands.input.Input
08-05 01:22:39.840  9472  9472 I Input   : injectKeyEvent: KeyEvent { action=ACTION_DOWN, keyCode=KEYCODE_BACK, scanCode=0, metaState=0, flags=0x0, repeatCount=0, eventTime=753776253, downTime=753776253, deviceId=-1, source=0x101 }
08-05 01:22:39.845  9472  9472 I Input   : injectKeyEvent: KeyEvent { action=ACTION_UP, keyCode=KEYCODE_BACK, scanCode=0, metaState=0, flags=0x0, repeatCount=0, eventTime=753776253, downTime=753776253, deviceId=-1, source=0x101 }
08-05 01:22:39.852  9472  9472 D AndroidRuntime: Shutting down VM
08-05 01:22:39.889  6162  6175 I art     : Starting a blocking GC Explicit
08-05 01:22:39.920 13866 13866 I GoogleInputMethodServic: GoogleInputMethodService.onFinishInput():3138 
08-05 01:22:39.921 13866 13866 I GoogleInputMethodServic: GoogleInputMethodService.onStartInput():1808 
08-05 01:22:39.937  6162  6175 I art     : Explicit concurrent mark sweep GC freed 1635(92KB) AllocSpace objects, 1(20KB) LOS objects, 28% free, 40MB/56MB, paused 866us total 48.642ms
08-05 01:22:39.958  6162  6175 I art     : Starting a blocking GC Explicit
08-05 01:22:39.984  6162  9382 I MediaCodec: [OMX.qcom.video.decoder.avc] setting surface generation to 6309890
08-05 01:22:39.985  6162  9383 D SurfaceUtils: set up nativeWindow 0x7f79047410 for 368x320, color 0x7fa30c04, rotation 0, usage 0x42002900
08-05 01:22:40.004  6162  6175 I art     : Explicit concurrent mark sweep GC freed 180(6KB) AllocSpace objects, 0(0B) LOS objects, 28% free, 40MB/56MB, paused 516us total 45.595ms
08-05 01:22:40.022  6162  6175 I art     : Starting a blocking GC Explicit
08-05 01:22:40.065  6162  6175 I art     : Explicit concurrent mark sweep GC freed 16(2272B) AllocSpace objects, 0(0B) LOS objects, 28% free, 40MB/56MB, paused 511us total 42.207ms
08-05 01:22:40.083  6162  6175 I art     : Starting a blocking GC Explicit
08-05 01:22:40.140  6162  6175 I art     : Explicit concurrent mark sweep GC freed 15(576B) AllocSpace objects, 0(0B) LOS objects, 28% free, 40MB/56MB, paused 689us total 56.307ms
08-05 01:22:40.162  6162  6175 I art     : Starting a blocking GC Explicit
08-05 01:22:40.219  6162  6175 I art     : Explicit concurrent mark sweep GC freed 29(1072B) AllocSpace objects, 0(0B) LOS objects, 28% free, 40MB/56MB, paused 577us total 56.704ms
08-05 01:22:40.249   380   380 W SurfaceFlinger: couldn't log to binary event log: overflow.
08-05 01:22:40.251  6162  6162 I ExoPlayerImpl: Release 45e0c90 [ExoPlayerLib/2.10.8] [angler, Nexus 6P, Huawei, 23] [goog.exo.core, goog.exo.ui]
08-05 01:22:40.265   512 12932 I OMX-VDEC-1080P: omx_vdec::component_deinit() complete
08-05 01:22:40.268   512 12932 I OMX-VDEC-1080P: Exit OMX vdec Destructor: fd=49
08-05 01:22:40.435  1652  1652 I ServiceManager: Waiting for service AtCmdFwd...
08-05 01:22:40.557  6162  6387 I art     : Starting a blocking GC Explicit
08-05 01:22:40.622  6162  6387 I art     : Explicit concurrent mark sweep GC freed 1800(185KB) AllocSpace objects, 36(2MB) LOS objects, 29% free, 37MB/53MB, paused 723us total 64.027ms
08-05 01:22:40.647  6162  6387 I art     : Starting a blocking GC Explicit
08-05 01:22:40.695  6162  6387 I art     : Explicit concurrent mark sweep GC freed 2908(161KB) AllocSpace objects, 4(200KB) LOS objects, 29% free, 37MB/53MB, paused 505us total 48.037ms
08-05 01:22:40.715  6162  6387 I art     : Starting a blocking GC Explicit
08-05 01:22:40.762  6162  6387 I art     : Explicit concurrent mark sweep GC freed 3(96B) AllocSpace objects, 0(0B) LOS objects, 29% free, 37MB/53MB, paused 487us total 47.489ms
08-05 01:22:40.782  6162  6387 I art     : Starting a blocking GC Explicit
08-05 01:22:40.831  6162  6387 I art     : Explicit concurrent mark sweep GC freed 3(96B) AllocSpace objects, 0(0B) LOS objects, 29% free, 37MB/53MB, paused 493us total 48.923ms
08-05 01:22:40.850  6162  6387 I art     : Starting a blocking GC Explicit
08-05 01:22:40.898  6162  6387 I art     : Explicit concurrent mark sweep GC freed 3(96B) AllocSpace objects, 0(0B) LOS objects, 29% free, 37MB/53MB, paused 509us total 47.846ms
08-05 01:22:41.225  6162  6186 I art     : Starting a blocking GC Explicit
08-05 01:22:41.284  6162  6186 I art     : Explicit concurrent mark sweep GC freed 1354(82KB) AllocSpace objects, 1(20KB) LOS objects, 29% free, 37MB/53MB, paused 537us total 58.881ms
08-05 01:22:41.304  6162  6186 I art     : Starting a blocking GC Explicit
08-05 01:22:41.352  6162  6186 I art     : Explicit concurrent mark sweep GC freed 20(704B) AllocSpace objects, 0(0B) LOS objects, 29% free, 37MB/53MB, paused 512us total 47.884ms
08-05 01:22:41.371  6162  6186 I art     : Starting a blocking GC Explicit
08-05 01:22:41.419  6162  6186 I art     : Explicit concurrent mark sweep GC freed 3(96B) AllocSpace objects, 0(0B) LOS objects, 29% free, 37MB/53MB, paused 491us total 47.191ms
08-05 01:22:41.435  1652  1652 I ServiceManager: Waiting for service AtCmdFwd...
08-05 01:22:41.437  6162  6186 I art     : Starting a blocking GC Explicit
08-05 01:22:41.487  6162  6186 I art     : Explicit concurrent mark sweep GC freed 3(96B) AllocSpace objects, 0(0B) LOS objects, 29% free, 37MB/53MB, paused 489us total 48.845ms
08-05 01:22:41.487  6162  6172 I art     : WaitForGcToComplete blocked for 25.197ms for cause HeapTrim
08-05 01:22:41.506  6162  6186 I art     : Starting a blocking GC Explicit
08-05 01:22:41.557  6162  6186 I art     : Explicit concurrent mark sweep GC freed 3(96B) AllocSpace objects, 0(0B) LOS objects, 29% free, 37MB/53MB, paused 556us total 51.148ms
08-05 01:22:41.651  9510  9510 D AndroidRuntime: >>>>>> START com.android.internal.os.RuntimeInit uid 2000 <<<<<<
08-05 01:22:41.658  9510  9510 D AndroidRuntime: CheckJNI is OFF
08-05 01:22:41.707  9510  9510 D ICU     : No timezone override file found: /data/misc/zoneinfo/current/icu/icu_tzdata.dat
08-05 01:22:41.754  9510  9510 I Radio-JNI: register_android_hardware_Radio DONE
08-05 01:22:41.783  9510  9510 D AndroidRuntime: Calling main entry com.android.commands.input.Input
08-05 01:22:41.785  9510  9510 I Input   : injectMotionEvent: MotionEvent { action=ACTION_DOWN, actionButton=0, id[0]=0, x[0]=1340.0, y[0]=1100.0, toolType[0]=TOOL_TYPE_UNKNOWN, buttonState=0, metaState=0, flags=0x0, edgeFlags=0x0, pointerCount=1, historySize=0, eventTime=753778197, downTime=753778197, deviceId=0, source=0x1002 }
08-05 01:22:41.790  9510  9510 I Input   : injectMotionEvent: MotionEvent { action=ACTION_UP, actionButton=0, id[0]=0, x[0]=1340.0, y[0]=1100.0, toolType[0]=TOOL_TYPE_UNKNOWN, buttonState=0, metaState=0, flags=0x0, edgeFlags=0x0, pointerCount=1, historySize=0, eventTime=753778197, downTime=753778197, deviceId=0, source=0x1002 }
08-05 01:22:41.792  9510  9510 D AndroidRuntime: Shutting down VM
08-05 01:22:41.807   512  2967 D audio_hw_primary: out_set_parameters: enter: usecase(1: low-latency-playback) kvpairs: routing=2
08-05 01:22:41.808   918  3961 I ActivityManager: START u0 {dat=https://oauth.reddit.com/... cmp=baseline.org.quantumbadger.redreader/.activities.CommentListingActivity} from uid 10689 on display 0
08-05 01:22:41.822   512  2967 D audio_hw_primary: select_devices: out_snd_device(2: speaker) in_snd_device(0: none)
08-05 01:22:41.822   512  2967 D msm8974_platform: platform_send_audio_calibration: sending audio calibration for snd_device(2) acdb_id(15)
08-05 01:22:41.822   512  2967 I soundtrigger: audio_extn_sound_trigger_update_device_status: device 0x2 of type 0 for Event 1
08-05 01:22:41.834   512  2967 D audio_hw_primary: enable_snd_device: snd_device(2: speaker)
08-05 01:22:41.837   512  2967 D audio_hw_primary: enable_audio_route: apply and update mixer path: low-latency-playback speaker
08-05 01:22:41.838  6162  6162 I AppCompatViewInflater: app:theme is now deprecated. Please move to using android:theme instead.
08-05 01:22:41.861  6162  9085 I CommentListingActivity: COMMENTS session changed to a53350e1-0205-48d3-ba66-e28f2c7c0a86
08-05 01:22:41.915  6162  6173 I art     : Starting a blocking GC Explicit
08-05 01:22:41.985  6162  6173 I art     : Explicit concurrent mark sweep GC freed 15944(858KB) AllocSpace objects, 1(20KB) LOS objects, 28% free, 39MB/55MB, paused 1.675ms total 70.207ms
08-05 01:22:41.987 13866 13866 I GoogleInputMethodServic: GoogleInputMethodService.onFinishInput():3138 
08-05 01:22:41.988 13866 13866 I GoogleInputMethodServic: GoogleInputMethodService.onStartInput():1808 
08-05 01:22:41.990   918   936 I ActivityManager: Displayed baseline.org.quantumbadger.redreader/.activities.CommentListingActivity: +171ms
08-05 01:22:42.016  6162  6173 I art     : Starting a blocking GC Explicit
08-05 01:22:42.079  6162  6173 I art     : Explicit concurrent mark sweep GC freed 15795(894KB) AllocSpace objects, 0(0B) LOS objects, 28% free, 39MB/55MB, paused 658us total 62.858ms
08-05 01:22:42.100  6162  6173 I art     : Starting a blocking GC Explicit
08-05 01:22:42.166  6162  6173 I art     : Explicit concurrent mark sweep GC freed 12812(566KB) AllocSpace objects, 0(0B) LOS objects, 28% free, 39MB/55MB, paused 620us total 65.563ms
08-05 01:22:42.189  6162  6173 I art     : Starting a blocking GC Explicit
08-05 01:22:42.235   380   380 W SurfaceFlinger: couldn't log to binary event log: overflow.
08-05 01:22:42.260  6162  6173 I art     : Explicit concurrent mark sweep GC freed 65(3KB) AllocSpace objects, 0(0B) LOS objects, 28% free, 39MB/55MB, paused 456us total 70.959ms
08-05 01:22:42.280  6162  6173 I art     : Starting a blocking GC Explicit
08-05 01:22:42.338  6162  6173 I art     : Explicit concurrent mark sweep GC freed 5(192B) AllocSpace objects, 0(0B) LOS objects, 28% free, 39MB/55MB, paused 458us total 57.182ms
08-05 01:22:42.387   512  2967 D audio_hw_primary: disable_audio_route: reset and update mixer path: low-latency-playback speaker
08-05 01:22:42.388   512  2967 D audio_hw_primary: disable_snd_device: snd_device(2: speaker)
08-05 01:22:42.398   512  2967 I soundtrigger: audio_extn_sound_trigger_update_device_status: device 0x2 of type 0 for Event 0
08-05 01:22:42.436  1652  1652 I ServiceManager: Waiting for service AtCmdFwd...
08-05 01:22:42.681  6162  9317 I art     : Starting a blocking GC Explicit
08-05 01:22:42.752  6162  9317 I art     : Explicit concurrent mark sweep GC freed 1504(87KB) AllocSpace objects, 1(20KB) LOS objects, 28% free, 39MB/55MB, paused 495us total 70.918ms
08-05 01:22:42.774  6162  9317 I art     : Starting a blocking GC Explicit
08-05 01:22:42.834  6162  9317 I art     : Explicit concurrent mark sweep GC freed 24(832B) AllocSpace objects, 0(0B) LOS objects, 28% free, 39MB/55MB, paused 607us total 59.530ms
08-05 01:22:42.855  6162  9317 I art     : Starting a blocking GC Explicit
08-05 01:22:42.914  6162  9317 I art     : Explicit concurrent mark sweep GC freed 3(96B) AllocSpace objects, 0(0B) LOS objects, 28% free, 39MB/55MB, paused 501us total 58.951ms
08-05 01:22:42.935  6162  9317 I art     : Starting a blocking GC Explicit
08-05 01:22:42.997  6162  9317 I art     : Explicit concurrent mark sweep GC freed 3(96B) AllocSpace objects, 0(0B) LOS objects, 28% free, 39MB/55MB, paused 500us total 61.316ms
08-05 01:22:43.018  6162  9317 I art     : Starting a blocking GC Explicit
08-05 01:22:43.086  6162  9317 I art     : Explicit concurrent mark sweep GC freed 49(1920B) AllocSpace objects, 0(0B) LOS objects, 28% free, 39MB/55MB, paused 558us total 67.688ms
08-05 01:22:43.427  6162  6173 I art     : Starting a blocking GC Explicit
08-05 01:22:43.436  1652  1652 W Atfwd_Sendcmd: AtCmdFwd service not published, waiting... retryCnt : 3
08-05 01:22:43.516  6162  6173 I art     : Explicit concurrent mark sweep GC freed 1354(82KB) AllocSpace objects, 1(20KB) LOS objects, 28% free, 39MB/55MB, paused 567us total 88.615ms
08-05 01:22:43.541  6162  6173 I art     : Starting a blocking GC Explicit
08-05 01:22:43.615  6162  6173 I art     : Explicit concurrent mark sweep GC freed 20(704B) AllocSpace objects, 0(0B) LOS objects, 28% free, 39MB/55MB, paused 587us total 74.115ms
08-05 01:22:43.639  6162  6173 I art     : Starting a blocking GC Explicit
08-05 01:22:43.711  6162  6173 I art     : Explicit concurrent mark sweep GC freed 3(96B) AllocSpace objects, 0(0B) LOS objects, 28% free, 39MB/55MB, paused 512us total 72.052ms
08-05 01:22:43.733  6162  6173 I art     : Starting a blocking GC Explicit
08-05 01:22:43.804  6162  6173 I art     : Explicit concurrent mark sweep GC freed 3(96B) AllocSpace objects, 0(0B) LOS objects, 28% free, 39MB/55MB, paused 530us total 71.493ms
08-05 01:22:43.826  6162  6173 I art     : Starting a blocking GC Explicit
08-05 01:22:43.897  6162  6173 I art     : Explicit concurrent mark sweep GC freed 3(96B) AllocSpace objects, 0(0B) LOS objects, 28% free, 39MB/55MB, paused 564us total 70.423ms
08-05 01:22:44.265  6162  6175 I art     : Starting a blocking GC Explicit
08-05 01:22:44.362  6162  6175 I art     : Explicit concurrent mark sweep GC freed 1354(82KB) AllocSpace objects, 1(20KB) LOS objects, 28% free, 39MB/55MB, paused 528us total 95.855ms
08-05 01:22:44.386  6162  6175 I art     : Starting a blocking GC Explicit
08-05 01:22:44.447  6162  6175 I art     : Explicit concurrent mark sweep GC freed 20(704B) AllocSpace objects, 0(0B) LOS objects, 28% free, 39MB/55MB, paused 500us total 60.358ms
08-05 01:22:44.467  6162  6175 I art     : Starting a blocking GC Explicit
08-05 01:22:44.541  6162  6175 I art     : Explicit concurrent mark sweep GC freed 3(96B) AllocSpace objects, 0(0B) LOS objects, 28% free, 39MB/55MB, paused 552us total 73.558ms
08-05 01:22:44.567  6162  6175 I art     : Starting a blocking GC Explicit
08-05 01:22:44.638  6162  6175 I art     : Explicit concurrent mark sweep GC freed 3(96B) AllocSpace objects, 0(0B) LOS objects, 28% free, 39MB/55MB, paused 648us total 70.203ms
08-05 01:22:44.659  6162  6175 I art     : Starting a blocking GC Explicit
08-05 01:22:44.731  6162  6175 I art     : Explicit concurrent mark sweep GC freed 3(96B) AllocSpace objects, 0(0B) LOS objects, 28% free, 39MB/55MB, paused 506us total 71.155ms
08-05 01:22:45.112  6162  6387 I art     : Starting a blocking GC Explicit
08-05 01:22:45.197  6162  6387 I art     : Explicit concurrent mark sweep GC freed 1354(82KB) AllocSpace objects, 1(20KB) LOS objects, 28% free, 39MB/55MB, paused 569us total 83.841ms
08-05 01:22:45.221  6162  6387 I art     : Starting a blocking GC Explicit
08-05 01:22:45.290  6162  6387 I art     : Explicit concurrent mark sweep GC freed 20(704B) AllocSpace objects, 0(0B) LOS objects, 28% free, 39MB/55MB, paused 527us total 68.987ms
08-05 01:22:45.312  6162  6387 I art     : Starting a blocking GC Explicit
08-05 01:22:45.389  6162  6387 I art     : Explicit concurrent mark sweep GC freed 3(96B) AllocSpace objects, 0(0B) LOS objects, 28% free, 39MB/55MB, paused 600us total 77.155ms
08-05 01:22:45.413  6162  6387 I art     : Starting a blocking GC Explicit
08-05 01:22:45.486  6162  6387 I art     : Explicit concurrent mark sweep GC freed 3(96B) AllocSpace objects, 0(0B) LOS objects, 28% free, 39MB/55MB, paused 565us total 73.299ms
08-05 01:22:45.511  6162  6387 I art     : Starting a blocking GC Explicit
08-05 01:22:45.581  6162  6387 I art     : Explicit concurrent mark sweep GC freed 3(96B) AllocSpace objects, 0(0B) LOS objects, 28% free, 39MB/55MB, paused 526us total 70.285ms
08-05 01:22:45.960  6162  6186 I art     : Starting a blocking GC Explicit
08-05 01:22:46.045  6162  6186 I art     : Explicit concurrent mark sweep GC freed 1354(82KB) AllocSpace objects, 1(20KB) LOS objects, 28% free, 39MB/55MB, paused 549us total 84.901ms
08-05 01:22:46.071  6162  6186 I art     : Starting a blocking GC Explicit
08-05 01:22:46.132  6162  6186 I art     : Explicit concurrent mark sweep GC freed 20(704B) AllocSpace objects, 0(0B) LOS objects, 28% free, 39MB/55MB, paused 494us total 60.462ms
08-05 01:22:46.153  6162  6186 I art     : Starting a blocking GC Explicit
08-05 01:22:46.218  6162  6186 I art     : Explicit concurrent mark sweep GC freed 3(96B) AllocSpace objects, 0(0B) LOS objects, 28% free, 39MB/55MB, paused 562us total 64.849ms
08-05 01:22:46.239  6162  6186 I art     : Starting a blocking GC Explicit
08-05 01:22:46.306  6162  6186 I art     : Explicit concurrent mark sweep GC freed 3(96B) AllocSpace objects, 0(0B) LOS objects, 28% free, 39MB/55MB, paused 555us total 66.624ms
08-05 01:22:46.327  6162  6186 I art     : Starting a blocking GC Explicit
08-05 01:22:46.392  6162  6186 I art     : Explicit concurrent mark sweep GC freed 3(96B) AllocSpace objects, 0(0B) LOS objects, 28% free, 39MB/55MB, paused 527us total 64.736ms
08-05 01:22:46.614  9594  9594 D AndroidRuntime: >>>>>> START com.android.internal.os.RuntimeInit uid 2000 <<<<<<
08-05 01:22:46.620  9594  9594 D AndroidRuntime: CheckJNI is OFF
08-05 01:22:46.660  9594  9594 D ICU     : No timezone override file found: /data/misc/zoneinfo/current/icu/icu_tzdata.dat
08-05 01:22:46.702  9594  9594 I Radio-JNI: register_android_hardware_Radio DONE
08-05 01:22:46.731  9594  9594 D AndroidRuntime: Calling main entry com.android.commands.input.Input
08-05 01:22:46.733  9594  9594 I Input   : injectKeyEvent: KeyEvent { action=ACTION_DOWN, keyCode=KEYCODE_BACK, scanCode=0, metaState=0, flags=0x0, repeatCount=0, eventTime=753783146, downTime=753783146, deviceId=-1, source=0x101 }
08-05 01:22:46.739  9594  9594 I Input   : injectKeyEvent: KeyEvent { action=ACTION_UP, keyCode=KEYCODE_BACK, scanCode=0, metaState=0, flags=0x0, repeatCount=0, eventTime=753783146, downTime=753783146, deviceId=-1, source=0x101 }
08-05 01:22:46.744  9594  9594 D AndroidRuntime: Shutting down VM
08-05 01:22:46.764  6162  6387 I art     : Starting a blocking GC Explicit
08-05 01:22:46.788 13866 13866 I GoogleInputMethodServic: GoogleInputMethodService.onFinishInput():3138 
08-05 01:22:46.788 13866 13866 I GoogleInputMethodServic: GoogleInputMethodService.onStartInput():1808 
08-05 01:22:46.821  6162  9540 I RedditChangeDataIO: Writing tmp data file at '/data/user/0/baseline.org.quantumbadger.redreader/files/rr_change_data_tmp.dat'
08-05 01:22:46.822  6162  9540 I RedditChangeDataManager: Taking snapshot...
08-05 01:22:46.823  6162  9540 I RedditChangeDataManager: Writing to stream...
08-05 01:22:46.823  6162  9540 I RedditChangeDataManager: Wrote 6 entries for user ''
08-05 01:22:46.823  6162  9540 I RedditChangeDataManager: All entries written to stream.
08-05 01:22:46.824  6162  9540 I RedditChangeDataIO: Write successful. Atomically replacing data file...
08-05 01:22:46.824  6162  9540 I RedditChangeDataIO: Write complete.
08-05 01:22:46.824  6162  9540 I RedditChangeDataIO: 158 bytes written in 3 ms
08-05 01:22:46.827  6162  6387 I art     : Explicit concurrent mark sweep GC freed 1612(93KB) AllocSpace objects, 2(88KB) LOS objects, 28% free, 39MB/55MB, paused 856us total 63.509ms
08-05 01:22:46.849  6162  6387 I art     : Starting a blocking GC Explicit
08-05 01:22:46.904  6162  6387 I art     : Explicit concurrent mark sweep GC freed 121(4KB) AllocSpace objects, 0(0B) LOS objects, 28% free, 39MB/55MB, paused 475us total 54.295ms
08-05 01:22:46.924  6162  6387 I art     : Starting a blocking GC Explicit
08-05 01:22:46.940   518   646 I ThermalEngine: ACTION: GPU - Setting GPU[0] to 510000000
08-05 01:22:46.985  6162  6387 I art     : Explicit concurrent mark sweep GC freed 6(192B) AllocSpace objects, 0(0B) LOS objects, 28% free, 39MB/55MB, paused 346us total 60.353ms
08-05 01:22:47.001  6162  6387 I art     : Starting a blocking GC Explicit
08-05 01:22:47.049  6162  6387 I art     : Explicit concurrent mark sweep GC freed 3(96B) AllocSpace objects, 0(0B) LOS objects, 28% free, 39MB/55MB, paused 321us total 47.931ms
08-05 01:22:47.065  6162  6387 I art     : Starting a blocking GC Explicit
08-05 01:22:47.090   380   380 W SurfaceFlinger: couldn't log to binary event log: overflow.
08-05 01:22:47.110  6162  6387 I art     : Explicit concurrent mark sweep GC freed 35(1168B) AllocSpace objects, 0(0B) LOS objects, 28% free, 39MB/55MB, paused 374us total 44.662ms
08-05 01:22:47.419  6162  6175 I art     : Starting a blocking GC Explicit
08-05 01:22:47.487  6162  6175 I art     : Explicit concurrent mark sweep GC freed 1376(84KB) AllocSpace objects, 1(20KB) LOS objects, 28% free, 39MB/55MB, paused 471us total 67.601ms
08-05 01:22:47.510  6162  6175 I art     : Starting a blocking GC Explicit
08-05 01:22:47.551  6162  6175 I art     : Explicit concurrent mark sweep GC freed 41396(2MB) AllocSpace objects, 5(140KB) LOS objects, 29% free, 37MB/53MB, paused 378us total 41.105ms
08-05 01:22:47.566  6162  6175 I art     : Starting a blocking GC Explicit
08-05 01:22:47.606  6162  6175 I art     : Explicit concurrent mark sweep GC freed 3(96B) AllocSpace objects, 0(0B) LOS objects, 29% free, 37MB/53MB, paused 380us total 39.587ms
08-05 01:22:47.622  6162  6175 I art     : Starting a blocking GC Explicit
08-05 01:22:47.663  6162  6175 I art     : Explicit concurrent mark sweep GC freed 3(96B) AllocSpace objects, 0(0B) LOS objects, 29% free, 37MB/53MB, paused 390us total 40.878ms
08-05 01:22:47.678  6162  6175 I art     : Starting a blocking GC Explicit
08-05 01:22:47.719  6162  6175 I art     : Explicit concurrent mark sweep GC freed 3(96B) AllocSpace objects, 0(0B) LOS objects, 29% free, 37MB/53MB, paused 379us total 40.854ms
08-05 01:22:48.057  6162  9317 I art     : Starting a blocking GC Explicit
08-05 01:22:48.097  6162  9317 I art     : Explicit concurrent mark sweep GC freed 1354(82KB) AllocSpace objects, 1(20KB) LOS objects, 29% free, 37MB/53MB, paused 419us total 40.240ms
08-05 01:22:48.112  6162  9317 I art     : Starting a blocking GC Explicit
08-05 01:22:48.151  6162  9317 I art     : Explicit concurrent mark sweep GC freed 20(704B) AllocSpace objects, 0(0B) LOS objects, 29% free, 37MB/53MB, paused 365us total 38.452ms
08-05 01:22:48.165  6162  9317 I art     : Starting a blocking GC Explicit
08-05 01:22:48.204  6162  9317 I art     : Explicit concurrent mark sweep GC freed 3(96B) AllocSpace objects, 0(0B) LOS objects, 29% free, 37MB/53MB, paused 391us total 38.567ms
08-05 01:22:48.219  6162  9317 I art     : Starting a blocking GC Explicit
08-05 01:22:48.257  6162  9317 I art     : Explicit concurrent mark sweep GC freed 3(96B) AllocSpace objects, 0(0B) LOS objects, 29% free, 37MB/53MB, paused 365us total 38.180ms
08-05 01:22:48.272  6162  9317 I art     : Starting a blocking GC Explicit
08-05 01:22:48.311  6162  9317 I art     : Explicit concurrent mark sweep GC freed 3(96B) AllocSpace objects, 0(0B) LOS objects, 29% free, 37MB/53MB, paused 359us total 38.462ms
08-05 01:22:48.419  9638  9638 D AndroidRuntime: >>>>>> START com.android.internal.os.RuntimeInit uid 2000 <<<<<<
08-05 01:22:48.425  9638  9638 D AndroidRuntime: CheckJNI is OFF
08-05 01:22:48.462  9638  9638 D ICU     : No timezone override file found: /data/misc/zoneinfo/current/icu/icu_tzdata.dat
08-05 01:22:48.495  9638  9638 I Radio-JNI: register_android_hardware_Radio DONE
08-05 01:22:48.515  9638  9638 D AndroidRuntime: Calling main entry com.android.commands.input.Input
08-05 01:22:48.517  9638  9638 I Input   : injectKeyEvent: KeyEvent { action=ACTION_DOWN, keyCode=KEYCODE_BACK, scanCode=0, metaState=0, flags=0x0, repeatCount=0, eventTime=753784930, downTime=753784930, deviceId=-1, source=0x101 }
08-05 01:22:48.523  9638  9638 I Input   : injectKeyEvent: KeyEvent { action=ACTION_UP, keyCode=KEYCODE_BACK, scanCode=0, metaState=0, flags=0x0, repeatCount=0, eventTime=753784930, downTime=753784930, deviceId=-1, source=0x101 }
08-05 01:22:48.529  9638  9638 D AndroidRuntime: Shutting down VM
08-05 01:22:48.567 13866 13866 I GoogleInputMethodServic: GoogleInputMethodService.onFinishInput():3138 
08-05 01:22:48.568 13866 13866 I GoogleInputMethodServic: GoogleInputMethodService.onStartInput():1808 
08-05 01:22:48.603  6162  6175 I art     : Starting a blocking GC Explicit
08-05 01:22:48.640  6162  6175 I art     : Explicit concurrent mark sweep GC freed 1525(88KB) AllocSpace objects, 1(20KB) LOS objects, 29% free, 37MB/53MB, paused 414us total 36.769ms
08-05 01:22:48.654  6162  6175 I art     : Starting a blocking GC Explicit
08-05 01:22:48.690  6162  6175 I art     : Explicit concurrent mark sweep GC freed 33(1168B) AllocSpace objects, 0(0B) LOS objects, 29% free, 37MB/53MB, paused 360us total 35.884ms
08-05 01:22:48.704  6162  6175 I art     : Starting a blocking GC Explicit
08-05 01:22:48.743  6162  6175 I art     : Explicit concurrent mark sweep GC freed 3(96B) AllocSpace objects, 0(0B) LOS objects, 29% free, 37MB/53MB, paused 409us total 39.153ms
08-05 01:22:48.760  6162  6175 I art     : Starting a blocking GC Explicit
08-05 01:22:48.797  6162  6175 I art     : Explicit concurrent mark sweep GC freed 3(96B) AllocSpace objects, 0(0B) LOS objects, 29% free, 37MB/53MB, paused 370us total 37.209ms
08-05 01:22:48.812  6162  6175 I art     : Starting a blocking GC Explicit
08-05 01:22:48.850  6162  6175 I art     : Explicit concurrent mark sweep GC freed 3(96B) AllocSpace objects, 0(0B) LOS objects, 29% free, 37MB/53MB, paused 323us total 38.339ms
08-05 01:22:49.149  6162  9317 I art     : Starting a blocking GC Explicit
08-05 01:22:49.185  6162  9317 I art     : Explicit concurrent mark sweep GC freed 1412(84KB) AllocSpace objects, 1(20KB) LOS objects, 29% free, 37MB/53MB, paused 390us total 36.524ms
08-05 01:22:49.200  6162  9317 I art     : Starting a blocking GC Explicit
08-05 01:22:49.236  6162  9317 I art     : Explicit concurrent mark sweep GC freed 150(7KB) AllocSpace objects, 0(0B) LOS objects, 29% free, 37MB/53MB, paused 372us total 35.809ms
08-05 01:22:49.249  6162  9317 I art     : Starting a blocking GC Explicit
08-05 01:22:49.285  6162  9317 I art     : Explicit concurrent mark sweep GC freed 3(96B) AllocSpace objects, 0(0B) LOS objects, 29% free, 37MB/53MB, paused 377us total 36.065ms
08-05 01:22:49.299  6162  9317 I art     : Starting a blocking GC Explicit
08-05 01:22:49.336  6162  9317 I art     : Explicit concurrent mark sweep GC freed 3(96B) AllocSpace objects, 0(0B) LOS objects, 29% free, 37MB/53MB, paused 376us total 36.469ms
08-05 01:22:49.350  6162  9317 I art     : Starting a blocking GC Explicit
08-05 01:22:49.388  6162  9317 I art     : Explicit concurrent mark sweep GC freed 3(96B) AllocSpace objects, 0(0B) LOS objects, 29% free, 37MB/53MB, paused 413us total 38.493ms
08-05 01:22:49.699  6162  6173 I art     : Starting a blocking GC Explicit
08-05 01:22:49.752  6162  6173 I art     : Explicit concurrent mark sweep GC freed 1354(82KB) AllocSpace objects, 1(20KB) LOS objects, 29% free, 37MB/53MB, paused 634us total 52.846ms
08-05 01:22:49.770  6162  6173 I art     : Starting a blocking GC Explicit
08-05 01:22:49.806  6162  6173 I art     : Explicit concurrent mark sweep GC freed 20(704B) AllocSpace objects, 0(0B) LOS objects, 29% free, 37MB/53MB, paused 374us total 35.298ms
08-05 01:22:49.819  6162  6173 I art     : Starting a blocking GC Explicit
08-05 01:22:49.857  6162  6173 I art     : Explicit concurrent mark sweep GC freed 3(96B) AllocSpace objects, 0(0B) LOS objects, 29% free, 37MB/53MB, paused 392us total 37.150ms
08-05 01:22:49.871  6162  6173 I art     : Starting a blocking GC Explicit
08-05 01:22:49.911  6162  6173 I art     : Explicit concurrent mark sweep GC freed 3(96B) AllocSpace objects, 0(0B) LOS objects, 29% free, 37MB/53MB, paused 415us total 38.979ms
08-05 01:22:49.925  6162  6173 I art     : Starting a blocking GC Explicit
08-05 01:22:49.964  6162  6173 I art     : Explicit concurrent mark sweep GC freed 3(96B) AllocSpace objects, 0(0B) LOS objects, 29% free, 37MB/53MB, paused 410us total 38.354ms
08-05 01:22:50.174  9681  9681 D AndroidRuntime: >>>>>> START com.android.internal.os.RuntimeInit uid 2000 <<<<<<
08-05 01:22:50.179  9681  9681 D AndroidRuntime: CheckJNI is OFF
08-05 01:22:50.214  9681  9681 D ICU     : No timezone override file found: /data/misc/zoneinfo/current/icu/icu_tzdata.dat
08-05 01:22:50.248  9681  9681 I Radio-JNI: register_android_hardware_Radio DONE
08-05 01:22:50.265  6162  6186 I art     : Starting a blocking GC Explicit
08-05 01:22:50.270  9681  9681 D AndroidRuntime: Calling main entry com.android.commands.input.Input
08-05 01:22:50.272  9681  9681 I Input   : injectMotionEvent: MotionEvent { action=ACTION_DOWN, actionButton=0, id[0]=0, x[0]=600.0, y[0]=1733.0, toolType[0]=TOOL_TYPE_UNKNOWN, buttonState=0, metaState=0, flags=0x0, edgeFlags=0x0, pointerCount=1, historySize=0, eventTime=753786685, downTime=753786685, deviceId=0, source=0x1002 }
08-05 01:22:50.278  9681  9681 I Input   : injectMotionEvent: MotionEvent { action=ACTION_UP, actionButton=0, id[0]=0, x[0]=600.0, y[0]=1733.0, toolType[0]=TOOL_TYPE_UNKNOWN, buttonState=0, metaState=0, flags=0x0, edgeFlags=0x0, pointerCount=1, historySize=0, eventTime=753786685, downTime=753786685, deviceId=0, source=0x1002 }
08-05 01:22:50.280  9681  9681 D AndroidRuntime: Shutting down VM
08-05 01:22:50.296   918  4413 I ActivityManager: START u0 {dat=https://oauth.reddit.com/... cmp=baseline.org.quantumbadger.redreader/.activities.PostListingActivity} from uid 10689 on display 0
08-05 01:22:50.296   512  2967 D audio_hw_primary: out_set_parameters: enter: usecase(1: low-latency-playback) kvpairs: routing=2
08-05 01:22:50.309   512  2967 D audio_hw_primary: select_devices: out_snd_device(2: speaker) in_snd_device(0: none)
08-05 01:22:50.310   512  2967 D msm8974_platform: platform_send_audio_calibration: sending audio calibration for snd_device(2) acdb_id(15)
08-05 01:22:50.310  6162  6186 I art     : Explicit concurrent mark sweep GC freed 1427(85KB) AllocSpace objects, 1(20KB) LOS objects, 29% free, 37MB/53MB, paused 718us total 44.721ms
08-05 01:22:50.310   512  2967 I soundtrigger: audio_extn_sound_trigger_update_device_status: device 0x2 of type 0 for Event 1
08-05 01:22:50.323   512  2967 D audio_hw_primary: enable_snd_device: snd_device(2: speaker)
08-05 01:22:50.323  6162  6162 I AppCompatViewInflater: app:theme is now deprecated. Please move to using android:theme instead.
08-05 01:22:50.325  6162  6186 I art     : Starting a blocking GC Explicit
08-05 01:22:50.325   512  2967 D audio_hw_primary: enable_audio_route: apply and update mixer path: low-latency-playback speaker
08-05 01:22:50.345  6162  9705 D OK      : calling: https://oauth.reddit.com/r/aww/about.json
08-05 01:22:50.361  6162  6186 I art     : Explicit concurrent mark sweep GC freed 860(75KB) AllocSpace objects, 0(0B) LOS objects, 29% free, 37MB/53MB, paused 452us total 36.044ms
08-05 01:22:50.374  6162  6186 I art     : Starting a blocking GC Explicit
08-05 01:22:50.403   918   936 I ActivityManager: Displayed baseline.org.quantumbadger.redreader/.activities.PostListingActivity: +99ms
08-05 01:22:50.405 13866 13866 I GoogleInputMethodServic: GoogleInputMethodService.onFinishInput():3138 
08-05 01:22:50.407 13866 13866 I GoogleInputMethodServic: GoogleInputMethodService.onStartInput():1808 
08-05 01:22:50.411  6162  6186 I art     : Explicit concurrent mark sweep GC freed 948(38KB) AllocSpace objects, 0(0B) LOS objects, 29% free, 37MB/53MB, paused 586us total 36.721ms
08-05 01:22:50.426  6162  6186 I art     : Starting a blocking GC Explicit
08-05 01:22:50.462  6162  6186 I art     : Explicit concurrent mark sweep GC freed 218(13KB) AllocSpace objects, 0(0B) LOS objects, 29% free, 37MB/53MB, paused 463us total 36.118ms
08-05 01:22:50.475  6162  6186 I art     : Starting a blocking GC Explicit
08-05 01:22:50.513  6162  6186 I art     : Explicit concurrent mark sweep GC freed 32(1392B) AllocSpace objects, 0(0B) LOS objects, 29% free, 37MB/53MB, paused 434us total 37.412ms
08-05 01:22:50.646   380   380 W SurfaceFlinger: couldn't log to binary event log: overflow.
08-05 01:22:50.686  6162  9705 I NAPPA_EXPERIMENTATION: MetricNetworkRequestExecutionTime: REQUEST_DURATION_SYSTEM='341',REQUEST_DURATION_OKHTTP='150',REQUEST_SYNCHRONOUS='TRUE',RESPONSE_CODE='200',RESPONSE_METHOD='GET',RESPONSE_LENGTH_OKHTTP='-1',RESPONSE_LENGTH_HEADER='3478',REQUEST_PROTOCOL='h2',REQUEST_URL='https://oauth.reddit.com/r/aww/about.json',
08-05 01:22:50.686  6162  9705 D OK      : request got status: 200
08-05 01:22:50.786  6162  6186 I art     : Starting a blocking GC Explicit
08-05 01:22:50.825  6162  6186 I art     : Explicit concurrent mark sweep GC freed 4798(355KB) AllocSpace objects, 3(156KB) LOS objects, 29% free, 37MB/53MB, paused 383us total 39.093ms
08-05 01:22:50.840  6162  6186 I art     : Starting a blocking GC Explicit
08-05 01:22:50.859   512  2967 D audio_hw_primary: disable_audio_route: reset and update mixer path: low-latency-playback speaker
08-05 01:22:50.859   512  2967 D audio_hw_primary: disable_snd_device: snd_device(2: speaker)
08-05 01:22:50.868   512  2967 I soundtrigger: audio_extn_sound_trigger_update_device_status: device 0x2 of type 0 for Event 0
08-05 01:22:50.877  6162  6186 I art     : Explicit concurrent mark sweep GC freed 255(12KB) AllocSpace objects, 0(0B) LOS objects, 29% free, 37MB/53MB, paused 553us total 37.282ms
08-05 01:22:50.892  6162  6186 I art     : Starting a blocking GC Explicit
08-05 01:22:50.929  6162  6186 I art     : Explicit concurrent mark sweep GC freed 3(96B) AllocSpace objects, 0(0B) LOS objects, 29% free, 37MB/53MB, paused 365us total 36.455ms
08-05 01:22:50.943  6162  6186 I art     : Starting a blocking GC Explicit
08-05 01:22:50.950   518   646 I ThermalEngine: ACTION: GPU - Setting GPU[0] to 450000000
08-05 01:22:50.989  6162  6186 I art     : Explicit concurrent mark sweep GC freed 3(96B) AllocSpace objects, 0(0B) LOS objects, 29% free, 37MB/53MB, paused 528us total 46.367ms
08-05 01:22:51.008  6162  6186 I art     : Starting a blocking GC Explicit
08-05 01:22:51.053  6162  6186 I art     : Explicit concurrent mark sweep GC freed 38(1568B) AllocSpace objects, 0(0B) LOS objects, 29% free, 37MB/53MB, paused 548us total 44.675ms
08-05 01:22:51.391  6162  6186 I art     : Starting a blocking GC Explicit
08-05 01:22:51.443  6162  6186 I art     : Explicit concurrent mark sweep GC freed 1378(83KB) AllocSpace objects, 1(20KB) LOS objects, 29% free, 37MB/53MB, paused 582us total 51.707ms
08-05 01:22:51.462  6162  6186 I art     : Starting a blocking GC Explicit
08-05 01:22:51.512  6162  6186 I art     : Explicit concurrent mark sweep GC freed 20(704B) AllocSpace objects, 0(0B) LOS objects, 29% free, 37MB/53MB, paused 588us total 49.268ms
08-05 01:22:51.531  6162  6186 I art     : Starting a blocking GC Explicit
08-05 01:22:51.545  6162  9729 D OK      : calling: https://oauth.reddit.com/r/aww/hot/.json
08-05 01:22:51.581  6162  6186 I art     : Explicit concurrent mark sweep GC freed 95(3KB) AllocSpace objects, 0(0B) LOS objects, 29% free, 37MB/53MB, paused 772us total 49.797ms
08-05 01:22:51.600  6162  6186 I art     : Starting a blocking GC Explicit
08-05 01:22:51.649  6162  6186 I art     : Explicit concurrent mark sweep GC freed 9(352B) AllocSpace objects, 0(0B) LOS objects, 29% free, 37MB/53MB, paused 634us total 49.158ms
08-05 01:22:51.668  6162  6186 I art     : Starting a blocking GC Explicit
08-05 01:22:51.717  6162  6186 I art     : Explicit concurrent mark sweep GC freed 3(96B) AllocSpace objects, 0(0B) LOS objects, 29% free, 37MB/53MB, paused 581us total 48.438ms
08-05 01:22:51.795  6162  9729 I NAPPA_EXPERIMENTATION: MetricNetworkRequestExecutionTime: REQUEST_DURATION_SYSTEM='249',REQUEST_DURATION_OKHTTP='246',REQUEST_SYNCHRONOUS='TRUE',RESPONSE_CODE='200',RESPONSE_METHOD='GET',RESPONSE_LENGTH_OKHTTP='-1',RESPONSE_LENGTH_HEADER='33430',REQUEST_PROTOCOL='h2',REQUEST_URL='https://oauth.reddit.com/r/aww/hot/.json',
08-05 01:22:51.795  6162  9729 D OK      : request got status: 200
08-05 01:22:51.818  6162  9085 I PostListingFragment: Precaching images: OFF
08-05 01:22:51.818  6162  9085 I PostListingFragment: Precaching comments: OFF
08-05 01:22:51.847  6162  9085 I getImgurImageInfo: Image NSO7Npm: trying API v3 with auth
08-05 01:22:51.996  6162  9735 I RedditVideosAPI: For 'https://v.redd.it/ak6rer1hskd51/DASHPlaylist.mpd', got video stream 'https://v.redd.it/ak6rer1hskd51/DASH_360' and audio stream 'null'
08-05 01:22:52.016  6162  9731 I RedditVideosAPI: For 'https://v.redd.it/fkewv2f65kd51/DASHPlaylist.mpd', got video stream 'https://v.redd.it/fkewv2f65kd51/DASH_480' and audio stream 'https://v.redd.it/fkewv2f65kd51/audio'
08-05 01:22:52.026  6162  9735 I RedditVideosAPI: For 'https://v.redd.it/h49fg58ygjd51/DASHPlaylist.mpd', got video stream 'https://v.redd.it/h49fg58ygjd51/DASH_480' and audio stream 'null'
08-05 01:22:52.028  6162  9735 I RedditVideosAPI: For 'https://v.redd.it/1ewzkieg0jd51/DASHPlaylist.mpd', got video stream 'https://v.redd.it/1ewzkieg0jd51/DASH_480' and audio stream 'https://v.redd.it/1ewzkieg0jd51/audio'
08-05 01:22:52.028  6162  9731 I RedditVideosAPI: For 'https://v.redd.it/ppmhu2r9thd51/DASHPlaylist.mpd', got video stream 'https://v.redd.it/ppmhu2r9thd51/DASH_480' and audio stream 'null'
08-05 01:22:52.028  6162  9735 I RedditVideosAPI: For 'https://v.redd.it/s9qqadf3mid51/DASHPlaylist.mpd', got video stream 'https://v.redd.it/s9qqadf3mid51/DASH_480' and audio stream 'https://v.redd.it/s9qqadf3mid51/audio'
08-05 01:22:52.030  6162  9731 I RedditVideosAPI: For 'https://v.redd.it/b8vazlcb7ld51/DASHPlaylist.mpd', got video stream 'https://v.redd.it/b8vazlcb7ld51/DASH_480' and audio stream 'https://v.redd.it/b8vazlcb7ld51/audio'
08-05 01:22:52.030  6162  9735 I RedditVideosAPI: For 'https://v.redd.it/ty24o02m1hd51/DASHPlaylist.mpd', got video stream 'https://v.redd.it/ty24o02m1hd51/DASH_480' and audio stream 'null'
08-05 01:22:52.031  6162  9735 I RedditVideosAPI: For 'https://v.redd.it/ar5k8892pid51/DASHPlaylist.mpd', got video stream 'https://v.redd.it/ar5k8892pid51/DASH_360' and audio stream 'https://v.redd.it/ar5k8892pid51/audio'
08-05 01:22:52.052  6162  6173 I art     : Starting a blocking GC Explicit
08-05 01:22:52.062  6162  6162 W RecyclerView: Cannot call this method in a scroll callback. Scroll callbacks mightbe run during a measure & layout pass where you cannot change theRecyclerView data. Any method call that might change the structureof the RecyclerView or the adapter contents should be postponed tothe next frame.
08-05 01:22:52.062  6162  6162 W RecyclerView: java.lang.IllegalStateException:  androidx.recyclerview.widget.RecyclerView{edb3a04 VFED..... .F....ID 0,0-1440,2140 #7f0900ef app:id/scrollbar_recyclerview_recyclerview}, adapter:baseline.org.quantumbadger.redreader.adapters.GroupedRecyclerViewAdapter@21d1bed, layout:androidx.recyclerview.widget.LinearLayoutManager@b354a22, context:baseline.org.quantumbadger.redreader.activities.PostListingActivity@7767df9
08-05 01:22:52.062  6162  6162 W RecyclerView: 	at androidx.recyclerview.widget.RecyclerView.assertNotInLayoutOrScroll(RecyclerView.java:3061)
08-05 01:22:52.062  6162  6162 W RecyclerView: 	at androidx.recyclerview.widget.RecyclerView$RecyclerViewDataObserver.onItemRangeInserted(RecyclerView.java:5555)
08-05 01:22:52.062  6162  6162 W RecyclerView: 	at androidx.recyclerview.widget.RecyclerView$AdapterDataObservable.notifyItemRangeInserted(RecyclerView.java:12278)
08-05 01:22:52.062  6162  6162 W RecyclerView: 	at androidx.recyclerview.widget.RecyclerView$Adapter.notifyItemInserted(RecyclerView.java:7464)
08-05 01:22:52.062  6162  6162 W RecyclerView: 	at baseline.org.quantumbadger.redreader.adapters.GroupedRecyclerViewAdapter.updateHiddenStatus(GroupedRecyclerViewAdapter.java:279)
08-05 01:22:52.062  6162  6162 W RecyclerView: 	at baseline.org.quantumbadger.redreader.adapters.RedditListingManager.setLoadingVisible(RedditListingManager.java:125)
08-05 01:22:52.062  6162  6162 W RecyclerView: 	at baseline.org.quantumbadger.redreader.fragments.PostListingFragment.onLoadMoreItemsCheck(PostListingFragment.java:465)
08-05 01:22:52.062  6162  6162 W RecyclerView: 	at baseline.org.quantumbadger.redreader.fragments.PostListingFragment.access$000(PostListingFragment.java:98)
08-05 01:22:52.062  6162  6162 W RecyclerView: 	at baseline.org.quantumbadger.redreader.fragments.PostListingFragment$2.onScrolled(PostListingFragment.java:215)
08-05 01:22:52.062  6162  6162 W RecyclerView: 	at androidx.recyclerview.widget.RecyclerView.dispatchOnScrolled(RecyclerView.java:5173)
08-05 01:22:52.062  6162  6162 W RecyclerView: 	at androidx.recyclerview.widget.RecyclerView.dispatchLayoutStep3(RecyclerView.java:4231)
08-05 01:22:52.062  6162  6162 W RecyclerView: 	at androidx.recyclerview.widget.RecyclerView.dispatchLayout(RecyclerView.java:3862)
08-05 01:22:52.062  6162  6162 W RecyclerView: 	at androidx.recyclerview.widget.RecyclerView.consumePendingUpdateOperations(RecyclerView.java:1897)
08-05 01:22:52.062  6162  6162 W RecyclerView: 	at androidx.recyclerview.widget.RecyclerView$1.run(RecyclerView.java:414)
08-05 01:22:52.062  6162  6162 W RecyclerView: 	at android.view.Choreographer$CallbackRecord.run(Choreographer.java:858)
08-05 01:22:52.062  6162  6162 W RecyclerView: 	at android.view.Choreographer.doCallbacks(Choreographer.java:670)
08-05 01:22:52.062  6162  6162 W RecyclerView: 	at android.view.Choreographer.doFrame(Choreographer.java:603)
08-05 01:22:52.062  6162  6162 W RecyclerView: 	at android.view.Choreographer$FrameDisplayEventReceiver.run(Choreographer.java:844)
08-05 01:22:52.062  6162  6162 W RecyclerView: 	at android.os.Handler.handleCallback(Handler.java:739)
08-05 01:22:52.062  6162  6162 W RecyclerView: 	at android.os.Handler.dispatchMessage(Handler.java:95)
08-05 01:22:52.062  6162  6162 W RecyclerView: 	at android.os.Looper.loop(Looper.java:148)
08-05 01:22:52.062  6162  6162 W RecyclerView: 	at android.app.ActivityThread.main(ActivityThread.java:5417)
08-05 01:22:52.062  6162  6162 W RecyclerView: 	at java.lang.reflect.Method.invoke(Native Method)
08-05 01:22:52.062  6162  6162 W RecyclerView: 	at com.android.internal.os.ZygoteInit$MethodAndArgsCaller.run(ZygoteInit.java:726)
08-05 01:22:52.062  6162  6162 W RecyclerView: 	at com.android.internal.os.ZygoteInit.main(ZygoteInit.java:616)
08-05 01:22:52.115  6162  6173 I art     : Explicit concurrent mark sweep GC freed 49780(3MB) AllocSpace objects, 97(5MB) LOS objects, 26% free, 43MB/59MB, paused 666us total 63.001ms
08-05 01:22:52.135  6162  6173 I art     : Starting a blocking GC Explicit
08-05 01:22:52.183  6162  6173 I art     : Explicit concurrent mark sweep GC freed 2583(109KB) AllocSpace objects, 0(0B) LOS objects, 27% free, 43MB/59MB, paused 538us total 48.041ms
08-05 01:22:52.202  6162  6173 I art     : Starting a blocking GC Explicit
08-05 01:22:52.255  6162  6173 I art     : Explicit concurrent mark sweep GC freed 165(8KB) AllocSpace objects, 0(0B) LOS objects, 27% free, 43MB/59MB, paused 591us total 52.508ms
08-05 01:22:52.275  6162  6173 I art     : Starting a blocking GC Explicit
08-05 01:22:52.325  6162  6173 I art     : Explicit concurrent mark sweep GC freed 86(5KB) AllocSpace objects, 0(0B) LOS objects, 27% free, 43MB/59MB, paused 542us total 49.978ms
08-05 01:22:52.344  6162  6173 I art     : Starting a blocking GC Explicit
08-05 01:22:52.398  6162  6173 I art     : Explicit concurrent mark sweep GC freed 29(1264B) AllocSpace objects, 0(0B) LOS objects, 27% free, 43MB/59MB, paused 599us total 53.033ms
08-05 01:22:52.747  6162  9754 D OK      : calling: https://oauth.reddit.com/r/aww/hot/.json?after=t3_hz5odc
08-05 01:22:52.777  6162  6175 I art     : Starting a blocking GC Explicit
08-05 01:22:52.855  6162  6175 I art     : Explicit concurrent mark sweep GC freed 1629(94KB) AllocSpace objects, 1(20KB) LOS objects, 27% free, 43MB/59MB, paused 693us total 77.758ms
08-05 01:22:52.877  6162  6175 I art     : Starting a blocking GC Explicit
08-05 01:22:52.926  6162  9754 I NAPPA_EXPERIMENTATION: MetricNetworkRequestExecutionTime: REQUEST_DURATION_SYSTEM='178',REQUEST_DURATION_OKHTTP='169',REQUEST_SYNCHRONOUS='TRUE',RESPONSE_CODE='200',RESPONSE_METHOD='GET',RESPONSE_LENGTH_OKHTTP='-1',RESPONSE_LENGTH_HEADER='30610',REQUEST_PROTOCOL='h2',REQUEST_URL='https://oauth.reddit.com/r/aww/hot/.json?after=t3_hz5odc',
08-05 01:22:52.927  6162  9754 D OK      : request got status: 200
08-05 01:22:52.934  6162  6175 I art     : Explicit concurrent mark sweep GC freed 391(31KB) AllocSpace objects, 0(0B) LOS objects, 26% free, 43MB/59MB, paused 635us total 56.910ms
08-05 01:22:52.942  6162  9732 I PostListingFragment: Precaching images: OFF
08-05 01:22:52.942  6162  9732 I PostListingFragment: Precaching comments: OFF
08-05 01:22:52.954  6162  6175 I art     : Starting a blocking GC Explicit
08-05 01:22:52.982  6162  9735 I RedditVideosAPI: For 'https://v.redd.it/syww111dtjd51/DASHPlaylist.mpd', got video stream 'https://v.redd.it/syww111dtjd51/DASH_480' and audio stream 'https://v.redd.it/syww111dtjd51/audio'
08-05 01:22:53.010  6162  6175 I art     : Explicit concurrent mark sweep GC freed 7160(503KB) AllocSpace objects, 16(1012KB) LOS objects, 26% free, 45MB/61MB, paused 1.344ms total 55.938ms
08-05 01:22:53.030  6162  6175 I art     : Starting a blocking GC Explicit
08-05 01:22:53.036  6162  9732 I getImgurImageInfo: Image nLQR2hT: trying API v3 with auth
08-05 01:22:53.087  6162  6175 I art     : Explicit concurrent mark sweep GC freed 13932(860KB) AllocSpace objects, 40(2MB) LOS objects, 25% free, 47MB/63MB, paused 991us total 56.486ms
08-05 01:22:53.108  6162  6175 I art     : Starting a blocking GC Explicit
08-05 01:22:53.124  6162  9735 I RedditVideosAPI: For 'https://v.redd.it/ue0jdgk9zhd51/DASHPlaylist.mpd', got video stream 'https://v.redd.it/ue0jdgk9zhd51/DASH_360' and audio stream 'https://v.redd.it/ue0jdgk9zhd51/audio'
08-05 01:22:53.135  6162  9755 I RedditVideosAPI: For 'https://v.redd.it/pbqrrfb3tkd51/DASHPlaylist.mpd', got video stream 'https://v.redd.it/pbqrrfb3tkd51/DASH_480' and audio stream 'null'
08-05 01:22:53.136  6162  9755 I RedditVideosAPI: For 'https://v.redd.it/rrygsb8i4ld51/DASHPlaylist.mpd', got video stream 'https://v.redd.it/rrygsb8i4ld51/DASH_480' and audio stream 'https://v.redd.it/rrygsb8i4ld51/audio'
08-05 01:22:53.137  6162  9755 I RedditVideosAPI: For 'https://v.redd.it/5x6zzipz8ld51/DASHPlaylist.mpd', got video stream 'https://v.redd.it/5x6zzipz8ld51/DASH_480' and audio stream 'null'
08-05 01:22:53.138  6162  9755 I RedditVideosAPI: For 'https://v.redd.it/75en73fm5id51/DASHPlaylist.mpd', got video stream 'https://v.redd.it/75en73fm5id51/DASH_480' and audio stream 'https://v.redd.it/75en73fm5id51/audio'
08-05 01:22:53.140  6162  9735 I RedditVideosAPI: For 'https://v.redd.it/ggz4fyth6hd51/DASHPlaylist.mpd', got video stream 'https://v.redd.it/ggz4fyth6hd51/DASH_360' and audio stream 'null'
08-05 01:22:53.141  6162  9735 I RedditVideosAPI: For 'https://v.redd.it/psrknoobrgd51/DASHPlaylist.mpd', got video stream 'https://v.redd.it/psrknoobrgd51/DASH_480' and audio stream 'null'
08-05 01:22:53.141  6162  9755 I RedditVideosAPI: For 'https://v.redd.it/jk6cwef4wld51/DASHPlaylist.mpd', got video stream 'https://v.redd.it/jk6cwef4wld51/DASH_480' and audio stream 'null'
08-05 01:22:53.142  6162  9735 I RedditVideosAPI: For 'https://v.redd.it/t81s8zfz9ld51/DASHPlaylist.mpd', got video stream 'https://v.redd.it/t81s8zfz9ld51/DASH_480' and audio stream 'https://v.redd.it/t81s8zfz9ld51/audio'
08-05 01:22:53.142  6162  9755 I RedditVideosAPI: For 'https://v.redd.it/xd6c4yyutgd51/DASHPlaylist.mpd', got video stream 'https://v.redd.it/xd6c4yyutgd51/DASH_480' and audio stream 'null'
08-05 01:22:53.157  6162  6175 I art     : Explicit concurrent mark sweep GC freed 22930(1764KB) AllocSpace objects, 40(2MB) LOS objects, 24% free, 48MB/64MB, paused 577us total 49.275ms
08-05 01:22:53.527  6162  6186 I art     : Starting a blocking GC Explicit
08-05 01:22:53.602  6162  6186 I art     : Explicit concurrent mark sweep GC freed 1708(108KB) AllocSpace objects, 2(40KB) LOS objects, 24% free, 48MB/64MB, paused 660us total 73.894ms
08-05 01:22:53.624  6162  6186 I art     : Starting a blocking GC Explicit
08-05 01:22:53.683  6162  6186 I art     : Explicit concurrent mark sweep GC freed 24(816B) AllocSpace objects, 0(0B) LOS objects, 24% free, 48MB/64MB, paused 539us total 58.993ms
08-05 01:22:53.703  6162  6186 I art     : Starting a blocking GC Explicit
08-05 01:22:53.767  6162  6186 I art     : Explicit concurrent mark sweep GC freed 3(96B) AllocSpace objects, 0(0B) LOS objects, 24% free, 48MB/64MB, paused 629us total 63.475ms
08-05 01:22:53.789  6162  6186 I art     : Starting a blocking GC Explicit
08-05 01:22:53.847  6162  6186 I art     : Explicit concurrent mark sweep GC freed 3(96B) AllocSpace objects, 0(0B) LOS objects, 24% free, 48MB/64MB, paused 603us total 56.991ms
08-05 01:22:53.867  6162  6186 I art     : Starting a blocking GC Explicit
08-05 01:22:53.927  6162  6186 I art     : Explicit concurrent mark sweep GC freed 3(96B) AllocSpace objects, 0(0B) LOS objects, 24% free, 48MB/64MB, paused 600us total 59.187ms
08-05 01:22:54.296  6162  9317 I art     : Starting a blocking GC Explicit
08-05 01:22:54.361  6162  9317 I art     : Explicit concurrent mark sweep GC freed 1357(83KB) AllocSpace objects, 1(20KB) LOS objects, 24% free, 48MB/64MB, paused 601us total 64.921ms
08-05 01:22:54.381  6162  9317 I art     : Starting a blocking GC Explicit
08-05 01:22:54.440  6162  9317 I art     : Explicit concurrent mark sweep GC freed 20(704B) AllocSpace objects, 0(0B) LOS objects, 24% free, 48MB/64MB, paused 545us total 58.371ms
08-05 01:22:54.460  6162  9317 I art     : Starting a blocking GC Explicit
08-05 01:22:54.520  6162  9317 I art     : Explicit concurrent mark sweep GC freed 3(96B) AllocSpace objects, 0(0B) LOS objects, 24% free, 48MB/64MB, paused 599us total 59.369ms
08-05 01:22:54.540  6162  9317 I art     : Starting a blocking GC Explicit
08-05 01:22:54.598  6162  9317 I art     : Explicit concurrent mark sweep GC freed 3(96B) AllocSpace objects, 0(0B) LOS objects, 24% free, 48MB/64MB, paused 588us total 57.675ms
08-05 01:22:54.618  6162  9317 I art     : Starting a blocking GC Explicit
08-05 01:22:54.680  6162  9317 I art     : Explicit concurrent mark sweep GC freed 3(96B) AllocSpace objects, 0(0B) LOS objects, 24% free, 48MB/64MB, paused 604us total 61.795ms
08-05 01:22:55.070  6162  6387 I art     : Starting a blocking GC Explicit
08-05 01:22:55.142  6162  6387 I art     : Explicit concurrent mark sweep GC freed 1358(83KB) AllocSpace objects, 1(20KB) LOS objects, 24% free, 48MB/64MB, paused 651us total 72.200ms
08-05 01:22:55.166  6162  6387 I art     : Starting a blocking GC Explicit
08-05 01:22:55.220  6162  6387 I art     : Explicit concurrent mark sweep GC freed 20(704B) AllocSpace objects, 0(0B) LOS objects, 24% free, 48MB/64MB, paused 647us total 54.600ms
08-05 01:22:55.241  6162  6387 I art     : Starting a blocking GC Explicit
08-05 01:22:55.302  6162  6387 I art     : Explicit concurrent mark sweep GC freed 3(96B) AllocSpace objects, 0(0B) LOS objects, 24% free, 48MB/64MB, paused 659us total 60.749ms
08-05 01:22:55.324  6162  6387 I art     : Starting a blocking GC Explicit
08-05 01:22:55.383  6162  6387 I art     : Explicit concurrent mark sweep GC freed 3(96B) AllocSpace objects, 0(0B) LOS objects, 24% free, 48MB/64MB, paused 614us total 58.509ms
08-05 01:22:55.403  6162  6387 I art     : Starting a blocking GC Explicit
08-05 01:22:55.463  6162  6387 I art     : Explicit concurrent mark sweep GC freed 3(96B) AllocSpace objects, 0(0B) LOS objects, 24% free, 48MB/64MB, paused 687us total 59.714ms
08-05 01:22:55.805  6162  6173 I art     : Starting a blocking GC Explicit
08-05 01:22:55.868  6162  6173 I art     : Explicit concurrent mark sweep GC freed 1357(83KB) AllocSpace objects, 1(20KB) LOS objects, 24% free, 48MB/64MB, paused 660us total 62.037ms
08-05 01:22:55.888  6162  6173 I art     : Starting a blocking GC Explicit
08-05 01:22:55.945  6162  6173 I art     : Explicit concurrent mark sweep GC freed 20(704B) AllocSpace objects, 0(0B) LOS objects, 24% free, 48MB/64MB, paused 536us total 56.824ms
08-05 01:22:55.965  6162  6173 I art     : Starting a blocking GC Explicit
08-05 01:22:56.021  6162  6173 I art     : Explicit concurrent mark sweep GC freed 3(96B) AllocSpace objects, 0(0B) LOS objects, 24% free, 48MB/64MB, paused 609us total 56.219ms
08-05 01:22:56.041  6162  6173 I art     : Starting a blocking GC Explicit
08-05 01:22:56.093  9786  9786 D AndroidRuntime: >>>>>> START com.android.internal.os.RuntimeInit uid 2000 <<<<<<
08-05 01:22:56.096  6162  6173 I art     : Explicit concurrent mark sweep GC freed 3(96B) AllocSpace objects, 0(0B) LOS objects, 24% free, 48MB/64MB, paused 638us total 54.518ms
08-05 01:22:56.099  9786  9786 D AndroidRuntime: CheckJNI is OFF
08-05 01:22:56.116  6162  6173 I art     : Starting a blocking GC Explicit
08-05 01:22:56.145  9786  9786 D ICU     : No timezone override file found: /data/misc/zoneinfo/current/icu/icu_tzdata.dat
08-05 01:22:56.169  6162  6173 I art     : Explicit concurrent mark sweep GC freed 3(96B) AllocSpace objects, 0(0B) LOS objects, 24% free, 48MB/64MB, paused 645us total 53.110ms
08-05 01:22:56.192  9786  9786 I Radio-JNI: register_android_hardware_Radio DONE
08-05 01:22:56.221  9786  9786 D AndroidRuntime: Calling main entry com.android.commands.input.Input
08-05 01:22:56.223  9786  9786 I Input   : injectMotionEvent: MotionEvent { action=ACTION_DOWN, actionButton=0, id[0]=0, x[0]=1340.0, y[0]=1100.0, toolType[0]=TOOL_TYPE_UNKNOWN, buttonState=0, metaState=0, flags=0x0, edgeFlags=0x0, pointerCount=1, historySize=0, eventTime=753792636, downTime=753792636, deviceId=0, source=0x1002 }
08-05 01:22:56.228  9786  9786 I Input   : injectMotionEvent: MotionEvent { action=ACTION_UP, actionButton=0, id[0]=0, x[0]=1340.0, y[0]=1100.0, toolType[0]=TOOL_TYPE_UNKNOWN, buttonState=0, metaState=0, flags=0x0, edgeFlags=0x0, pointerCount=1, historySize=0, eventTime=753792636, downTime=753792636, deviceId=0, source=0x1002 }
08-05 01:22:56.230  9786  9786 D AndroidRuntime: Shutting down VM
08-05 01:22:56.241   512  2967 D audio_hw_primary: out_set_parameters: enter: usecase(1: low-latency-playback) kvpairs: routing=2
08-05 01:22:56.242   918  3670 I ActivityManager: START u0 {dat=https://oauth.reddit.com/... cmp=baseline.org.quantumbadger.redreader/.activities.CommentListingActivity} from uid 10689 on display 0
08-05 01:22:56.254   512  2967 D audio_hw_primary: select_devices: out_snd_device(2: speaker) in_snd_device(0: none)
08-05 01:22:56.255   512  2967 D msm8974_platform: platform_send_audio_calibration: sending audio calibration for snd_device(2) acdb_id(15)
08-05 01:22:56.255   512  2967 I soundtrigger: audio_extn_sound_trigger_update_device_status: device 0x2 of type 0 for Event 1
08-05 01:22:56.266   512  2967 D audio_hw_primary: enable_snd_device: snd_device(2: speaker)
08-05 01:22:56.269   512  2967 D audio_hw_primary: enable_audio_route: apply and update mixer path: low-latency-playback speaker
08-05 01:22:56.270  6162  6162 I AppCompatViewInflater: app:theme is now deprecated. Please move to using android:theme instead.
08-05 01:22:56.291  6162  9732 I CommentListingActivity: COMMENTS session changed to a53350e1-0205-48d3-ba66-e28f2c7c0a86
08-05 01:22:56.380   918   936 I ActivityManager: Displayed baseline.org.quantumbadger.redreader/.activities.CommentListingActivity: +128ms
08-05 01:22:56.386 13866 13866 I GoogleInputMethodServic: GoogleInputMethodService.onFinishInput():3138 
08-05 01:22:56.398 13866 13866 I GoogleInputMethodServic: GoogleInputMethodService.onStartInput():1808 
08-05 01:22:56.522  6162  9317 I art     : Starting a blocking GC Explicit
08-05 01:22:56.599  6162  9317 I art     : Explicit concurrent mark sweep GC freed 44040(2MB) AllocSpace objects, 1(20KB) LOS objects, 24% free, 50MB/66MB, paused 731us total 76.858ms
08-05 01:22:56.624  6162  9317 I art     : Starting a blocking GC Explicit
08-05 01:22:56.636   380   380 W SurfaceFlinger: couldn't log to binary event log: overflow.
08-05 01:22:56.689  6162  9317 I art     : Explicit concurrent mark sweep GC freed 7955(564KB) AllocSpace objects, 53(10MB) LOS objects, 28% free, 39MB/55MB, paused 505us total 64.123ms
08-05 01:22:56.709  6162  9317 I art     : Starting a blocking GC Explicit
08-05 01:22:56.769  6162  9317 I art     : Explicit concurrent mark sweep GC freed 144(4KB) AllocSpace objects, 0(0B) LOS objects, 28% free, 39MB/55MB, paused 616us total 60.231ms
08-05 01:22:56.791  6162  9317 I art     : Starting a blocking GC Explicit
08-05 01:22:56.809   512  2967 D audio_hw_primary: disable_audio_route: reset and update mixer path: low-latency-playback speaker
08-05 01:22:56.810   512  2967 D audio_hw_primary: disable_snd_device: snd_device(2: speaker)
08-05 01:22:56.818   512  2967 I soundtrigger: audio_extn_sound_trigger_update_device_status: device 0x2 of type 0 for Event 0
08-05 01:22:56.842  6162  9730 I RedditChangeDataIO: Writing tmp data file at '/data/user/0/baseline.org.quantumbadger.redreader/files/rr_change_data_tmp.dat'
08-05 01:22:56.843  6162  9730 I RedditChangeDataManager: Taking snapshot...
08-05 01:22:56.843  6162  9730 I RedditChangeDataManager: Writing to stream...
08-05 01:22:56.843  6162  9730 I RedditChangeDataManager: Wrote 6 entries for user ''
08-05 01:22:56.843  6162  9730 I RedditChangeDataManager: All entries written to stream.
08-05 01:22:56.843  6162  9730 I RedditChangeDataIO: Write successful. Atomically replacing data file...
08-05 01:22:56.844  6162  9730 I RedditChangeDataIO: Write complete.
08-05 01:22:56.844  6162  9730 I RedditChangeDataIO: 158 bytes written in 2 ms
08-05 01:22:56.849  6162  9317 I art     : Explicit concurrent mark sweep GC freed 93(5KB) AllocSpace objects, 1(68KB) LOS objects, 28% free, 39MB/55MB, paused 501us total 57.911ms
08-05 01:22:56.869  6162  9317 I art     : Starting a blocking GC Explicit
08-05 01:22:56.929  6162  9317 I art     : Explicit concurrent mark sweep GC freed 14(656B) AllocSpace objects, 0(0B) LOS objects, 28% free, 39MB/55MB, paused 481us total 59.217ms
08-05 01:22:56.959   518   646 I ThermalEngine: ACTION: GPU - Setting GPU[0] to 510000000
08-05 01:22:57.250  6162  6186 I art     : Starting a blocking GC Explicit
08-05 01:22:57.303  6162  6186 I art     : Explicit concurrent mark sweep GC freed 1357(83KB) AllocSpace objects, 1(20KB) LOS objects, 28% free, 39MB/55MB, paused 356us total 52.698ms
08-05 01:22:57.320  6162  6186 I art     : Starting a blocking GC Explicit
08-05 01:22:57.370  6162  6186 I art     : Explicit concurrent mark sweep GC freed 20(704B) AllocSpace objects, 0(0B) LOS objects, 28% free, 39MB/55MB, paused 422us total 49.651ms
08-05 01:22:57.386  6162  6186 I art     : Starting a blocking GC Explicit
08-05 01:22:57.439  6162  6186 I art     : Explicit concurrent mark sweep GC freed 49(1920B) AllocSpace objects, 0(0B) LOS objects, 28% free, 39MB/55MB, paused 402us total 52.414ms
08-05 01:22:57.455  6162  6186 I art     : Starting a blocking GC Explicit
08-05 01:22:57.508  6162  6186 I art     : Explicit concurrent mark sweep GC freed 3(96B) AllocSpace objects, 0(0B) LOS objects, 28% free, 39MB/55MB, paused 435us total 52.036ms
08-05 01:22:57.524  6162  6186 I art     : Starting a blocking GC Explicit
08-05 01:22:57.577  6162  6186 I art     : Explicit concurrent mark sweep GC freed 3(96B) AllocSpace objects, 0(0B) LOS objects, 28% free, 39MB/55MB, paused 423us total 52.375ms
08-05 01:22:57.698   918  3261 D WifiStateMachine: starting scan for "H369AA63323"WPA_PSK with 2412,5180
08-05 01:22:57.904  6162  6387 I art     : Starting a blocking GC Explicit
08-05 01:22:57.967   518   646 I ThermalEngine: ACTION: GPU - Setting GPU[0] to 450000000
08-05 01:22:57.974  6162  6387 I art     : Explicit concurrent mark sweep GC freed 1354(82KB) AllocSpace objects, 1(20KB) LOS objects, 28% free, 39MB/55MB, paused 637us total 70.188ms
08-05 01:22:57.999  6162  6387 I art     : Starting a blocking GC Explicit
08-05 01:22:58.068  6162  6387 I art     : Explicit concurrent mark sweep GC freed 49(2176B) AllocSpace objects, 0(0B) LOS objects, 28% free, 39MB/55MB, paused 690us total 68.825ms
08-05 01:22:58.090  6162  6387 I art     : Starting a blocking GC Explicit
08-05 01:22:58.160  6162  6387 I art     : Explicit concurrent mark sweep GC freed 249(42KB) AllocSpace objects, 0(0B) LOS objects, 28% free, 39MB/55MB, paused 466us total 70.067ms
08-05 01:22:58.181  6162  6387 I art     : Starting a blocking GC Explicit
08-05 01:22:58.254  6162  6387 I art     : Explicit concurrent mark sweep GC freed 68(2272B) AllocSpace objects, 0(0B) LOS objects, 28% free, 39MB/55MB, paused 525us total 72.499ms
08-05 01:22:58.279  6162  6387 I art     : Starting a blocking GC Explicit
08-05 01:22:58.352  6162  6387 I art     : Explicit concurrent mark sweep GC freed 3(96B) AllocSpace objects, 0(0B) LOS objects, 28% free, 39MB/55MB, paused 540us total 73.364ms
08-05 01:22:58.437  1652  1652 I ServiceManager: Waiting for service AtCmdFwd...
08-05 01:22:58.744  6162  6173 I art     : Starting a blocking GC Explicit
08-05 01:22:58.821  6162  6173 I art     : Explicit concurrent mark sweep GC freed 1354(82KB) AllocSpace objects, 1(20KB) LOS objects, 28% free, 39MB/55MB, paused 510us total 77.521ms
08-05 01:22:58.843  6162  6173 I art     : Starting a blocking GC Explicit
08-05 01:22:58.913  6162  6173 I art     : Explicit concurrent mark sweep GC freed 20(704B) AllocSpace objects, 0(0B) LOS objects, 28% free, 39MB/55MB, paused 486us total 69.814ms
08-05 01:22:58.935  6162  6173 I art     : Starting a blocking GC Explicit
08-05 01:22:59.007  6162  6173 I art     : Explicit concurrent mark sweep GC freed 3(96B) AllocSpace objects, 0(0B) LOS objects, 28% free, 39MB/55MB, paused 516us total 71.060ms
08-05 01:22:59.029  6162  6173 I art     : Starting a blocking GC Explicit
08-05 01:22:59.099  6162  6173 I art     : Explicit concurrent mark sweep GC freed 3(96B) AllocSpace objects, 0(0B) LOS objects, 28% free, 39MB/55MB, paused 529us total 70.020ms
08-05 01:22:59.121  6162  6173 I art     : Starting a blocking GC Explicit
08-05 01:22:59.189  6162  6173 I art     : Explicit concurrent mark sweep GC freed 3(96B) AllocSpace objects, 0(0B) LOS objects, 28% free, 39MB/55MB, paused 483us total 67.531ms
08-05 01:22:59.437  1652  1652 I ServiceManager: Waiting for service AtCmdFwd...
08-05 01:22:59.544  6162  9317 I art     : Starting a blocking GC Explicit
08-05 01:22:59.631  6162  9317 I art     : Explicit concurrent mark sweep GC freed 1354(82KB) AllocSpace objects, 1(20KB) LOS objects, 28% free, 39MB/55MB, paused 713us total 86.274ms
08-05 01:22:59.656  6162  9317 I art     : Starting a blocking GC Explicit
08-05 01:22:59.726  6162  9317 I art     : Explicit concurrent mark sweep GC freed 20(704B) AllocSpace objects, 0(0B) LOS objects, 28% free, 39MB/55MB, paused 509us total 69.755ms
08-05 01:22:59.748  6162  9317 I art     : Starting a blocking GC Explicit
08-05 01:22:59.816  6162  9317 I art     : Explicit concurrent mark sweep GC freed 3(96B) AllocSpace objects, 0(0B) LOS objects, 28% free, 39MB/55MB, paused 522us total 67.475ms
08-05 01:22:59.838  6162  9317 I art     : Starting a blocking GC Explicit
08-05 01:22:59.909  6162  9317 I art     : Explicit concurrent mark sweep GC freed 3(96B) AllocSpace objects, 0(0B) LOS objects, 28% free, 39MB/55MB, paused 510us total 70.627ms
08-05 01:22:59.930  6162  9317 I art     : Starting a blocking GC Explicit
08-05 01:22:59.968   518   646 I ThermalEngine: ACTION: GPU - Setting GPU[0] to 510000000
08-05 01:23:00.001  6162  9317 I art     : Explicit concurrent mark sweep GC freed 3(96B) AllocSpace objects, 0(0B) LOS objects, 28% free, 39MB/55MB, paused 495us total 69.807ms
08-05 01:23:00.332  6162  6175 I art     : Starting a blocking GC Explicit
08-05 01:23:00.398  6162  6175 I art     : Explicit concurrent mark sweep GC freed 1354(82KB) AllocSpace objects, 1(20KB) LOS objects, 28% free, 39MB/55MB, paused 556us total 66.118ms
08-05 01:23:00.422  6162  6175 I art     : Starting a blocking GC Explicit
08-05 01:23:00.438  1652  1652 I ServiceManager: Waiting for service AtCmdFwd...
08-05 01:23:00.473  6162  6175 I art     : Explicit concurrent mark sweep GC freed 20(704B) AllocSpace objects, 0(0B) LOS objects, 28% free, 39MB/55MB, paused 363us total 51.214ms
08-05 01:23:00.491  6162  6175 I art     : Starting a blocking GC Explicit
08-05 01:23:00.539  6162  6175 I art     : Explicit concurrent mark sweep GC freed 3(96B) AllocSpace objects, 0(0B) LOS objects, 28% free, 39MB/55MB, paused 361us total 48.255ms
08-05 01:23:00.556  6162  6175 I art     : Starting a blocking GC Explicit
08-05 01:23:00.605  6162  6175 I art     : Explicit concurrent mark sweep GC freed 3(96B) AllocSpace objects, 0(0B) LOS objects, 28% free, 39MB/55MB, paused 396us total 49.189ms
08-05 01:23:00.622  6162  6175 I art     : Starting a blocking GC Explicit
08-05 01:23:00.671  6162  6175 I art     : Explicit concurrent mark sweep GC freed 3(96B) AllocSpace objects, 0(0B) LOS objects, 28% free, 39MB/55MB, paused 366us total 48.798ms
08-05 01:23:00.900  9871  9871 D AndroidRuntime: >>>>>> START com.android.internal.os.RuntimeInit uid 2000 <<<<<<
08-05 01:23:00.905  9871  9871 D AndroidRuntime: CheckJNI is OFF
08-05 01:23:00.937  9871  9871 D ICU     : No timezone override file found: /data/misc/zoneinfo/current/icu/icu_tzdata.dat
08-05 01:23:00.970  9871  9871 I Radio-JNI: register_android_hardware_Radio DONE
08-05 01:23:00.990  6162  6186 I art     : Starting a blocking GC Explicit
08-05 01:23:00.993  9871  9871 D AndroidRuntime: Calling main entry com.android.commands.input.Input
08-05 01:23:00.995  9871  9871 I Input   : injectKeyEvent: KeyEvent { action=ACTION_DOWN, keyCode=KEYCODE_BACK, scanCode=0, metaState=0, flags=0x0, repeatCount=0, eventTime=753797408, downTime=753797408, deviceId=-1, source=0x101 }
08-05 01:23:01.001  9871  9871 I Input   : injectKeyEvent: KeyEvent { action=ACTION_UP, keyCode=KEYCODE_BACK, scanCode=0, metaState=0, flags=0x0, repeatCount=0, eventTime=753797408, downTime=753797408, deviceId=-1, source=0x101 }
08-05 01:23:01.008  9871  9871 D AndroidRuntime: Shutting down VM
08-05 01:23:01.038  6162  6186 I art     : Explicit concurrent mark sweep GC freed 1491(87KB) AllocSpace objects, 1(20KB) LOS objects, 28% free, 39MB/55MB, paused 378us total 47.189ms
08-05 01:23:01.045 13866 13866 I GoogleInputMethodServic: GoogleInputMethodService.onFinishInput():3138 
08-05 01:23:01.046 13866 13866 I GoogleInputMethodServic: GoogleInputMethodService.onStartInput():1808 
08-05 01:23:01.053  6162  6186 I art     : Starting a blocking GC Explicit
08-05 01:23:01.100  6162  6186 I art     : Explicit concurrent mark sweep GC freed 136(4KB) AllocSpace objects, 0(0B) LOS objects, 28% free, 39MB/55MB, paused 593us total 46.694ms
08-05 01:23:01.116  6162  6186 I art     : Starting a blocking GC Explicit
08-05 01:23:01.160  6162  6186 I art     : Explicit concurrent mark sweep GC freed 21(720B) AllocSpace objects, 0(0B) LOS objects, 28% free, 39MB/55MB, paused 311us total 43.720ms
08-05 01:23:01.176  6162  6186 I art     : Starting a blocking GC Explicit
08-05 01:23:01.227  6162  6186 I art     : Explicit concurrent mark sweep GC freed 3(96B) AllocSpace objects, 0(0B) LOS objects, 28% free, 39MB/55MB, paused 335us total 50.739ms
08-05 01:23:01.247  6162  6186 I art     : Starting a blocking GC Explicit
08-05 01:23:01.305  6162  6186 I art     : Explicit concurrent mark sweep GC freed 3(96B) AllocSpace objects, 0(0B) LOS objects, 28% free, 39MB/55MB, paused 380us total 57.462ms
08-05 01:23:01.357   380   380 W SurfaceFlinger: couldn't log to binary event log: overflow.
08-05 01:23:01.439  1652  1652 I ServiceManager: Waiting for service AtCmdFwd...
08-05 01:23:01.632  6162  6186 I art     : Starting a blocking GC Explicit
08-05 01:23:01.698  6162  6186 I art     : Explicit concurrent mark sweep GC freed 1418(85KB) AllocSpace objects, 1(20KB) LOS objects, 28% free, 39MB/55MB, paused 460us total 65.586ms
08-05 01:23:01.715  6162  6186 I art     : Starting a blocking GC Explicit
08-05 01:23:01.758  6162  6186 I art     : Explicit concurrent mark sweep GC freed 41409(2MB) AllocSpace objects, 5(140KB) LOS objects, 29% free, 37MB/53MB, paused 361us total 43.050ms
08-05 01:23:01.773  6162  6186 I art     : Starting a blocking GC Explicit
08-05 01:23:01.813  6162  6186 I art     : Explicit concurrent mark sweep GC freed 3(96B) AllocSpace objects, 0(0B) LOS objects, 29% free, 37MB/53MB, paused 371us total 40.236ms
08-05 01:23:01.828  6162  6186 I art     : Starting a blocking GC Explicit
08-05 01:23:01.869  6162  6186 I art     : Explicit concurrent mark sweep GC freed 3(96B) AllocSpace objects, 0(0B) LOS objects, 29% free, 37MB/53MB, paused 381us total 41.152ms
08-05 01:23:01.885  6162  6186 I art     : Starting a blocking GC Explicit
08-05 01:23:01.923  6162  6186 I art     : Explicit concurrent mark sweep GC freed 3(96B) AllocSpace objects, 0(0B) LOS objects, 29% free, 37MB/53MB, paused 370us total 38.601ms
08-05 01:23:02.246  6162  9317 I art     : Starting a blocking GC Explicit
08-05 01:23:02.293  6162  9317 I art     : Explicit concurrent mark sweep GC freed 1354(82KB) AllocSpace objects, 1(20KB) LOS objects, 29% free, 37MB/53MB, paused 389us total 46.851ms
08-05 01:23:02.308  6162  9317 I art     : Starting a blocking GC Explicit
08-05 01:23:02.347  6162  9317 I art     : Explicit concurrent mark sweep GC freed 20(704B) AllocSpace objects, 0(0B) LOS objects, 29% free, 37MB/53MB, paused 439us total 39.205ms
08-05 01:23:02.348  6162  6172 I art     : WaitForGcToComplete blocked for 39.437ms for cause HeapTrim
08-05 01:23:02.362  6162  9317 I art     : Starting a blocking GC Explicit
08-05 01:23:02.400  6162  9317 I art     : Explicit concurrent mark sweep GC freed 3(96B) AllocSpace objects, 0(0B) LOS objects, 29% free, 37MB/53MB, paused 361us total 37.797ms
08-05 01:23:02.414  6162  9317 I art     : Starting a blocking GC Explicit
08-05 01:23:02.439  1652  1652 I ServiceManager: Waiting for service AtCmdFwd...
08-05 01:23:02.453  6162  9317 I art     : Explicit concurrent mark sweep GC freed 3(96B) AllocSpace objects, 0(0B) LOS objects, 29% free, 37MB/53MB, paused 405us total 38.391ms
08-05 01:23:02.467  6162  9317 I art     : Starting a blocking GC Explicit
08-05 01:23:02.505  6162  9317 I art     : Explicit concurrent mark sweep GC freed 3(96B) AllocSpace objects, 0(0B) LOS objects, 29% free, 37MB/53MB, paused 366us total 37.825ms
08-05 01:23:02.662  9916  9916 D AndroidRuntime: >>>>>> START com.android.internal.os.RuntimeInit uid 2000 <<<<<<
08-05 01:23:02.669  9916  9916 D AndroidRuntime: CheckJNI is OFF
08-05 01:23:02.701  9916  9916 D ICU     : No timezone override file found: /data/misc/zoneinfo/current/icu/icu_tzdata.dat
08-05 01:23:02.733  9916  9916 I Radio-JNI: register_android_hardware_Radio DONE
08-05 01:23:02.754  9916  9916 D AndroidRuntime: Calling main entry com.android.commands.input.Input
08-05 01:23:02.756  9916  9916 I Input   : injectKeyEvent: KeyEvent { action=ACTION_DOWN, keyCode=KEYCODE_BACK, scanCode=0, metaState=0, flags=0x0, repeatCount=0, eventTime=753799169, downTime=753799169, deviceId=-1, source=0x101 }
08-05 01:23:02.760  9916  9916 I Input   : injectKeyEvent: KeyEvent { action=ACTION_UP, keyCode=KEYCODE_BACK, scanCode=0, metaState=0, flags=0x0, repeatCount=0, eventTime=753799169, downTime=753799169, deviceId=-1, source=0x101 }
08-05 01:23:02.765  9916  9916 D AndroidRuntime: Shutting down VM
08-05 01:23:02.802 13866 13866 I GoogleInputMethodServic: GoogleInputMethodService.onFinishInput():3138 
08-05 01:23:02.803 13866 13866 I GoogleInputMethodServic: GoogleInputMethodService.onStartInput():1808 
08-05 01:23:02.816  6162  6173 I art     : Starting a blocking GC Explicit
08-05 01:23:02.856  6162  6173 I art     : Explicit concurrent mark sweep GC freed 1516(88KB) AllocSpace objects, 1(20KB) LOS objects, 29% free, 37MB/53MB, paused 402us total 40.169ms
08-05 01:23:02.870  6162  6173 I art     : Starting a blocking GC Explicit
08-05 01:23:02.906  6162  6173 I art     : Explicit concurrent mark sweep GC freed 41(1424B) AllocSpace objects, 0(0B) LOS objects, 29% free, 37MB/53MB, paused 365us total 36.026ms
08-05 01:23:02.920  6162  6173 I art     : Starting a blocking GC Explicit
08-05 01:23:02.958  6162  6173 I art     : Explicit concurrent mark sweep GC freed 3(96B) AllocSpace objects, 0(0B) LOS objects, 29% free, 37MB/53MB, paused 403us total 37.113ms
08-05 01:23:02.977  6162  6173 I art     : Starting a blocking GC Explicit
08-05 01:23:03.027  6162  6173 I art     : Explicit concurrent mark sweep GC freed 3(96B) AllocSpace objects, 0(0B) LOS objects, 29% free, 37MB/53MB, paused 415us total 49.567ms
08-05 01:23:03.047  6162  6173 I art     : Starting a blocking GC Explicit
08-05 01:23:03.095  6162  6173 I art     : Explicit concurrent mark sweep GC freed 3(96B) AllocSpace objects, 0(0B) LOS objects, 29% free, 37MB/53MB, paused 395us total 47.126ms
08-05 01:23:03.399  6162  6175 I art     : Starting a blocking GC Explicit
08-05 01:23:03.440  1652  1652 W Atfwd_Sendcmd: AtCmdFwd service not published, waiting... retryCnt : 4
08-05 01:23:03.452  6162  6175 I art     : Explicit concurrent mark sweep GC freed 1409(84KB) AllocSpace objects, 1(20KB) LOS objects, 29% free, 37MB/53MB, paused 478us total 52.151ms
08-05 01:23:03.471  6162  6175 I art     : Starting a blocking GC Explicit
08-05 01:23:03.513  6162  6175 I art     : Explicit concurrent mark sweep GC freed 150(7KB) AllocSpace objects, 0(0B) LOS objects, 29% free, 37MB/53MB, paused 431us total 41.014ms
08-05 01:23:03.528  6162  6175 I art     : Starting a blocking GC Explicit
08-05 01:23:03.570  6162  6175 I art     : Explicit concurrent mark sweep GC freed 3(96B) AllocSpace objects, 0(0B) LOS objects, 29% free, 37MB/53MB, paused 474us total 42.005ms
08-05 01:23:03.585  6162  6175 I art     : Starting a blocking GC Explicit
08-05 01:23:03.626  6162  6175 I art     : Explicit concurrent mark sweep GC freed 3(96B) AllocSpace objects, 0(0B) LOS objects, 29% free, 37MB/53MB, paused 403us total 40.117ms
08-05 01:23:03.640  6162  6175 I art     : Starting a blocking GC Explicit
08-05 01:23:03.682  6162  6175 I art     : Explicit concurrent mark sweep GC freed 3(96B) AllocSpace objects, 0(0B) LOS objects, 29% free, 37MB/53MB, paused 463us total 41.897ms
08-05 01:23:03.976   518   646 I ThermalEngine: ACTION: GPU - Setting GPU[0] to 450000000
08-05 01:23:04.014  6162  6387 I art     : Starting a blocking GC Explicit
08-05 01:23:04.065  6162  6387 I art     : Explicit concurrent mark sweep GC freed 1354(82KB) AllocSpace objects, 1(20KB) LOS objects, 29% free, 37MB/53MB, paused 489us total 50.423ms
08-05 01:23:04.084  6162  6387 I art     : Starting a blocking GC Explicit
08-05 01:23:04.132  6162  6387 I art     : Explicit concurrent mark sweep GC freed 20(704B) AllocSpace objects, 0(0B) LOS objects, 29% free, 37MB/53MB, paused 505us total 47.186ms
08-05 01:23:04.151  6162  6387 I art     : Starting a blocking GC Explicit
08-05 01:23:04.199  6162  6387 I art     : Explicit concurrent mark sweep GC freed 3(96B) AllocSpace objects, 0(0B) LOS objects, 29% free, 37MB/53MB, paused 562us total 47.707ms
08-05 01:23:04.217  6162  6387 I art     : Starting a blocking GC Explicit
08-05 01:23:04.265  6162  6387 I art     : Explicit concurrent mark sweep GC freed 3(96B) AllocSpace objects, 0(0B) LOS objects, 29% free, 37MB/53MB, paused 521us total 47.653ms
08-05 01:23:04.284  6162  6387 I art     : Starting a blocking GC Explicit
08-05 01:23:04.333  6162  6387 I art     : Explicit concurrent mark sweep GC freed 3(96B) AllocSpace objects, 0(0B) LOS objects, 29% free, 37MB/53MB, paused 536us total 48.849ms
08-05 01:23:04.591  9963  9963 D AndroidRuntime: >>>>>> START com.android.internal.os.RuntimeInit uid 2000 <<<<<<
08-05 01:23:04.598  9963  9963 D AndroidRuntime: CheckJNI is OFF
08-05 01:23:04.641  9963  9963 D ICU     : No timezone override file found: /data/misc/zoneinfo/current/icu/icu_tzdata.dat
08-05 01:23:04.683  6162  6186 I art     : Starting a blocking GC Explicit
08-05 01:23:04.689  9963  9963 I Radio-JNI: register_android_hardware_Radio DONE
08-05 01:23:04.718  9963  9963 D AndroidRuntime: Calling main entry com.android.commands.am.Am
08-05 01:23:04.730 24044 24044 I Trepn   : Trepn 6.2s: Received intent: com.quicinc.trepn.stop_profiling
08-05 01:23:04.736  6162  6186 I art     : Explicit concurrent mark sweep GC freed 1354(82KB) AllocSpace objects, 1(20KB) LOS objects, 29% free, 37MB/53MB, paused 559us total 52.290ms
08-05 01:23:04.755  6162  6186 I art     : Starting a blocking GC Explicit
08-05 01:23:04.784 24044 24044 I Trepn   : Trepn 6.2s: Trepn has Stopped Profiling.
08-05 01:23:04.801  6162  6186 I art     : Explicit concurrent mark sweep GC freed 20(704B) AllocSpace objects, 0(0B) LOS objects, 29% free, 37MB/53MB, paused 579us total 46.356ms
08-05 01:23:04.820  6162  6186 I art     : Starting a blocking GC Explicit
08-05 01:23:04.873  6162  6186 I art     : Explicit concurrent mark sweep GC freed 3(96B) AllocSpace objects, 0(0B) LOS objects, 29% free, 37MB/53MB, paused 504us total 52.774ms
08-05 01:23:04.895  6162  6186 I art     : Starting a blocking GC Explicit
08-05 01:23:04.940  6162  6186 I art     : Explicit concurrent mark sweep GC freed 3(96B) AllocSpace objects, 0(0B) LOS objects, 29% free, 37MB/53MB, paused 487us total 44.714ms
08-05 01:23:04.946  9963  9963 D AndroidRuntime: Shutting down VM
08-05 01:23:04.950   918  5952 W AppOps  : Finishing op nesting under-run: uid 10078 pkg com.quicinc.trepn code 24 time=0 duration=0 nesting=0
08-05 01:23:04.959  6162  6186 I art     : Starting a blocking GC Explicit
08-05 01:23:05.001  6162  6186 I art     : Explicit concurrent mark sweep GC freed 3(96B) AllocSpace objects, 0(0B) LOS objects, 29% free, 37MB/53MB, paused 478us total 41.181ms
08-05 01:23:05.337  6162  9317 I art     : Starting a blocking GC Explicit
08-05 01:23:05.382  6162  9317 I art     : Explicit concurrent mark sweep GC freed 1354(82KB) AllocSpace objects, 1(20KB) LOS objects, 29% free, 37MB/53MB, paused 471us total 44.761ms
08-05 01:23:05.400  6162  9317 I art     : Starting a blocking GC Explicit
08-05 01:23:05.446  6162  9317 I art     : Explicit concurrent mark sweep GC freed 20(704B) AllocSpace objects, 0(0B) LOS objects, 29% free, 37MB/53MB, paused 499us total 45.319ms
08-05 01:23:05.464  6162  9317 I art     : Starting a blocking GC Explicit
08-05 01:23:05.514  6162  9317 I art     : Explicit concurrent mark sweep GC freed 3(96B) AllocSpace objects, 0(0B) LOS objects, 29% free, 37MB/53MB, paused 483us total 49.400ms
08-05 01:23:05.533  6162  9317 I art     : Starting a blocking GC Explicit
08-05 01:23:05.580  6162  9317 I art     : Explicit concurrent mark sweep GC freed 3(96B) AllocSpace objects, 0(0B) LOS objects, 29% free, 37MB/53MB, paused 495us total 46.089ms
08-05 01:23:05.598  6162  9317 I art     : Starting a blocking GC Explicit
08-05 01:23:05.645  6162  9317 I art     : Explicit concurrent mark sweep GC freed 3(96B) AllocSpace objects, 0(0B) LOS objects, 29% free, 37MB/53MB, paused 474us total 46.462ms
08-05 01:23:06.981   518   646 I ThermalEngine: ACTION: GPU - Setting GPU[0] to 510000000
