--------- beginning of main
08-05 11:23:55.844   918  3714 I AccountManagerService: getTypesVisibleToCaller: isPermitted? true
08-05 11:23:55.855   918  4413 I AccountManagerService: getTypesVisibleToCaller: isPermitted? true
08-05 11:23:55.869 21839 21839 I Finsky  : [1] uah.a(18): PackageMonitorReceiverImpl - Received: android.intent.action.PACKAGE_REMOVED, [ocpw8ddNLhG67i_cxGNvtEQwqY1k5QNC_my-vN553D4]
08-05 11:23:55.869 21839 21839 I Finsky  : [1] ubi.d(9): Invalidating cached PackageState for baseline.org.quantumbadger.redreader
08-05 11:23:55.874 24365 13057 I Fitness : FitCleanupIntentOperation received Intent android.intent.action.PACKAGE_REMOVED [CONTEXT service_id=17 ]
08-05 11:23:55.877 21839 21839 I Finsky  : [1] lzi.c(2): Frosting ID looked up on UI thread. Caller should move to a background thread.
08-05 11:23:55.880 21839 21839 I Finsky  : [1] nqb.c(3): Installer: package baseline.org.quantumbadger.redreader was removed. replacing: true
08-05 11:23:55.881 21839 21839 I Finsky  : [1] nra.a(188): Installer: Notifying status update. package=baseline.org.quantumbadger.redreader, status=UNINSTALLED
08-05 11:23:55.887 21839 13073 I Finsky  : [6081] ejf.a(-1): Cancelled 0 ongoing asset module downloads for package baseline.org.quantumbadger.redreader due to a concurrent app update.
08-05 11:23:55.889 21839 21839 I Finsky  : [1] lzi.c(2): Frosting ID looked up on UI thread. Caller should move to a background thread.
08-05 11:23:55.891 21839 21839 I Finsky  : [1] nra.a(220): Installer: found apps to install. isMultiUserMode=false, apps=[]
08-05 11:23:55.895 21839 21938 I Finsky  : [6032] odj.b(52): IQ: Notifying installation update. package=baseline.org.quantumbadger.redreader, status=UNINSTALLED
08-05 11:23:55.914 21839 13065 I Finsky  : [6079] lyv.run(-1): Wrote row to frosting DB: 2700
08-05 11:23:55.915 13012 13012 W PlayMovies: bkd.onCreate:75 Installer Package: com.android.vending
08-05 11:23:55.915 13012 13012 W PlayMovies: 
08-05 11:23:55.922  3784  3784 D CarrierServiceBindHelper: Receive action: android.intent.action.PACKAGE_ADDED
08-05 11:23:55.923  3784  3784 D CarrierServiceBindHelper: Receive action: android.intent.action.PACKAGE_REPLACED
08-05 11:23:55.924  3784  3784 D CarrierServiceBindHelper: mHandler: 3
08-05 11:23:55.924  3784  3784 D CarrierServiceBindHelper: mHandler: 3
08-05 11:23:55.924  3784  3784 D CarrierServiceBindHelper: mHandler: 3
08-05 11:23:55.924  3784  3784 D CarrierConfigLoader: mHandler: 9 phoneId: 0
08-05 11:23:55.942 21839 21938 I Finsky  : [6032] odj.b(40): IQ: No matching installs to run for jobs: []
08-05 11:23:55.944 21839 13065 I Finsky  : [6079] lyv.run(-1): Wrote row to frosting DB: 2701
08-05 11:23:55.944 13012 13012 W MediaSessionCompat: Couldn't find a unique registered media button receiver in the given context.
08-05 11:23:56.027 21839 21850 I Finsky  : [5969] zbz.a(25): Will not allow first-party apps signed by test keys
08-05 11:23:56.028 21839 21850 I Finsky  : [5969] box.a(8): Received content filters request from com.google.android.videos
08-05 11:23:56.050 24577 13094 I Auth    : [SupervisedAccountIntentOperation] onHandleIntent(): android.intent.action.PACKAGE_ADDED
08-05 11:23:56.052 24577 13090 I ChromeSync: [Sync,SyncIntentOperation] Handling the intent: Intent { act=android.intent.action.PACKAGE_ADDED dat=package:baseline.org.quantumbadger.redreader flg=0x4000010 cmp=com.google.android.gms/.chimera.GmsIntentOperationService (has extras) }.
--------- beginning of system
08-05 11:23:56.081   918  3670 W ActivityManager: Unable to start service Intent { act=com.google.android.gms.auth.key.retrieval.service.START pkg=com.google.android.gms } U=0: not found
08-05 11:23:56.121   918  3670 W ActivityManager: Unbind failed: could not find connection for android.os.BinderProxy@70f35bd
08-05 11:23:56.122 21839 21839 I Finsky  : [1] xmu.a(8): SCH: Jobs in database: 1-1337 3-211 3-212 12-1 24-77777777 26-1414141414 
08-05 11:23:56.124 21839 21839 I Finsky  : [1] xio.a(57): SCH: ConstraintMapping: 24-77777777,  -> L: 0ms, D: 35164396ms, C: false, I: true, N: 0
08-05 11:23:56.125 21839 21839 I Finsky  : [1] xio.a(57): SCH: ConstraintMapping: 1-1337, 12-1,  -> L: 14759ms, D: 38516803ms, C: false, I: false, N: 1
08-05 11:23:56.125 21839 21839 I Finsky  : [1] xio.a(57): SCH: ConstraintMapping: 3-211,  -> L: 0ms, D: 84979935ms, C: false, I: true, N: 2
08-05 11:23:56.126 21839 21839 I Finsky  : [1] xio.a(57): SCH: ConstraintMapping: 3-212,  -> L: 0ms, D: 84979972ms, C: true, I: true, N: 2
08-05 11:23:56.126 21839 21839 I Finsky  : [1] xio.a(57): SCH: ConstraintMapping: 26-1414141414,  -> L: 43164254ms, D: 44064254ms, C: false, I: false, N: 0
08-05 11:23:56.129 24577 24621 E GmsClient: unable to connect to service: com.google.android.gms.auth.key.retrieval.service.START on com.google.android.gms
08-05 11:23:56.141 21839 21839 I Finsky  : [1] xle.a(34): Cancelling existing jobscheduler jobs: 9007 9018 9004 9001 9016 9006 9014 9008 9015 9017 
08-05 11:23:56.141 21839 21839 I Finsky  : [1] xle.a(27): Scheduling job Id: 9000, L: 0, D: 35164396, C: false, I: true, N: 0
08-05 11:23:56.142 21839 13070 I Finsky  : [6080] gzn.a(-1): [ContentSync] finished, scheduled=true
08-05 11:23:56.154 21839 21839 I Finsky  : [1] xle.a(27): Scheduling job Id: 9002, L: 14759, D: 38516803, C: false, I: false, N: 1
08-05 11:23:56.165 21839 21839 I Finsky  : [1] xle.a(27): Scheduling job Id: 9003, L: 0, D: 84979935, C: false, I: true, N: 2
08-05 11:23:56.166   918  6110 I AccountManagerService: getTypesVisibleToCaller: isPermitted? true
08-05 11:23:56.167 21839 21839 I Finsky  : [1] xle.a(27): Scheduling job Id: 9005, L: 0, D: 84979972, C: true, I: true, N: 2
08-05 11:23:56.169 24577 13090 I ChromeSync: [Persistence,AffiliationManager] One of affiliation or grouping data for android://bz0hZa4nAJEtd0n5sRlXG7KAqctUMWVefv7Ki4mh1p6slZ9YO-n9gS9j8m9YCrsIyI2wIxrDHraumF9Y6pBLTA==@baseline.org.quantumbadger.redreader/ was not found. Marking affiliation data as stale...
08-05 11:23:56.175 21839 21839 I Finsky  : [1] xle.a(27): Scheduling job Id: 9009, L: 43164254, D: 44064254, C: false, I: false, N: 0
08-05 11:23:56.177 21839 21839 I Finsky  : [1] xle.a(27): Scheduling job Id: 9010, L: 0, D: 35164396, C: false, I: true, N: 0
08-05 11:23:56.199 21839 21839 I Finsky  : [1] xle.a(27): Scheduling job Id: 9011, L: 14759, D: 38516803, C: false, I: false, N: 1
08-05 11:23:56.211 21839 21839 I Finsky  : [1] xle.a(27): Scheduling job Id: 9012, L: 0, D: 84979935, C: false, I: true, N: 2
08-05 11:23:56.238 21839 21839 I Finsky  : [1] xle.a(27): Scheduling job Id: 9013, L: 0, D: 84979972, C: true, I: true, N: 2
08-05 11:23:56.250 21839 21839 I Finsky  : [1] xle.a(27): Scheduling job Id: 9019, L: 43164254, D: 44064254, C: false, I: false, N: 0
08-05 11:23:56.260 21839 21839 I Finsky  : [1] uah.a(18): PackageMonitorReceiverImpl - Received: android.intent.action.PACKAGE_ADDED, [ocpw8ddNLhG67i_cxGNvtEQwqY1k5QNC_my-vN553D4]
08-05 11:23:56.260 21839 21839 I Finsky  : [1] ubi.d(9): Invalidating cached PackageState for baseline.org.quantumbadger.redreader
08-05 11:23:56.286 21839 21839 I Finsky  : [1] lzi.c(2): Frosting ID looked up on UI thread. Caller should move to a background thread.
08-05 11:23:56.299   918  6112 I AccountManagerService: getTypesVisibleToCaller: isPermitted? true
08-05 11:23:56.319 21839 13070 I Finsky  : [6080] gzn.a(-1): [ContentSync] finished, scheduled=false
08-05 11:23:56.337 21839 21839 I Finsky  : [1] agsx.a(4): Do not start WearSupportService due to Wear service optimization
08-05 11:23:56.347 21839 13073 I Finsky  : [6081] ejc.a(-1): Asset module broadcast after update successful for package baseline.org.quantumbadger.redreader. 0 sessions broadcast.
08-05 11:23:56.350 21839 21839 I Finsky  : [1] lzi.c(2): Frosting ID looked up on UI thread. Caller should move to a background thread.
08-05 11:23:56.357 13012 13089 W PlayMovies: MoviesWorkerWrapper.e:2 Worker was stopped for task with tags: [refresh_license_delayed_forced, com.google.android.apps.play.movies.common.service.workmanager.MoviesWorkerWrapper]
08-05 11:23:56.357 13012 13089 W PlayMovies: 
08-05 11:23:56.408 13109 13109 D AndroidRuntime: >>>>>> START com.android.internal.os.RuntimeInit uid 2000 <<<<<<
08-05 11:23:56.412 13109 13109 D AndroidRuntime: CheckJNI is OFF
08-05 11:23:56.435 13109 13109 D ICU     : No timezone override file found: /data/misc/zoneinfo/current/icu/icu_tzdata.dat
08-05 11:23:56.457 21839 13065 I Finsky  : [6079] lyv.run(-1): Wrote row to frosting DB: 2702
08-05 11:23:56.459 13109 13109 I Radio-JNI: register_android_hardware_Radio DONE
08-05 11:23:56.474 13109 13109 D AndroidRuntime: Calling main entry com.android.commands.monkey.Monkey
08-05 11:23:56.485 13012 13101 E WM-WorkerWrapper: Didn't find WorkSpec for id 18115ca3-f20c-4fa9-a882-2635b6edb340
08-05 11:23:56.489   918   931 W BroadcastQueue: Skipping deliver [background] BroadcastRecord{9b50fe5 u-1 android.net.conn.CONNECTIVITY_CHANGE} to ReceiverList{d0dbaba 13109 (unknown name)/2000/u-1 remote:9885b4f}: process crashing
08-05 11:23:56.499   918  4400 I ActivityManager: START u0 {act=android.intent.action.MAIN cat=[android.intent.category.LAUNCHER] flg=0x10200000 cmp=baseline.org.quantumbadger.redreader/.activities.MainActivity} from uid 2000 on display 0
08-05 11:23:56.521 13125 13125 I art     : Late-enabling -Xcheck:jni
08-05 11:23:56.530   918  5481 I ActivityManager: Start proc 13125:baseline.org.quantumbadger.redreader/u0a689 for activity baseline.org.quantumbadger.redreader/.activities.MainActivity
08-05 11:23:56.551 13109 13109 I art     : System.exit called, status: 0
08-05 11:23:56.551 13109 13109 I AndroidRuntime: VM exiting with result code 0.
08-05 11:23:56.560 13125 13125 W System  : ClassLoader referenced unknown path: /data/app/baseline.org.quantumbadger.redreader-1/lib/arm64
08-05 11:23:56.568 13125 13125 I RedReader: Application created.
08-05 11:23:56.573 13125 13144 I RedditChangeDataIO: Running initial read...
08-05 11:23:56.574 13125 13125 I RedReader: Checking for new messages.
08-05 11:23:56.578 13125 13144 I RedditChangeDataIO: Data file at '/data/user/0/baseline.org.quantumbadger.redreader/files/rr_change_data.dat'
08-05 11:23:56.578 13125 13144 I RedditChangeDataIO: Data file does not exist. Aborting read.
08-05 11:23:56.579 13125 13144 I RedditChangeDataManager: Pruning for all users...
08-05 11:23:56.579 13125 13144 I RedditChangeDataManager: Pruning complete.
08-05 11:23:56.581 13012 13124 W PlayMovies: eqo.a:2 Start clean up task with reason 1
08-05 11:23:56.581 13012 13124 W PlayMovies: 
08-05 11:23:56.582 13012 13124 W PlayMovies: eqo.a:3 Start cleanup unpinned content
08-05 11:23:56.582 13012 13124 W PlayMovies: 
08-05 11:23:56.601 13012 13124 W PlayMovies: eqo.a:31 Done cleanup unpinned content: removed 0 files
08-05 11:23:56.601 13012 13124 W PlayMovies: 
08-05 11:23:56.607   719 21790 I PBSessionCacheImpl: Deleted sessionId[3163792008073881] from persistence.
08-05 11:23:56.611   719   760 W SearchServiceCore: Abort, client detached.
08-05 11:23:56.612   719   760 I MicroDetectionState: Should stop hotword detection immediately - true
08-05 11:23:56.615 24577 13316 I Icing   : IndexChimeraService.getServiceInterface callingPackage=com.google.android.gms componentName=AppsCorpus serviceId=36
08-05 11:23:56.627 13012 13012 E BACKGROUND_QUIT_SAFELY: pending jobs == 0
08-05 11:23:56.643 21839 13065 I Finsky  : [6079] lyv.run(-1): Wrote row to frosting DB: 2703
08-05 11:23:56.694 13125 13125 W art     : Before Android 4.1, method android.graphics.PorterDuffColorFilter androidx.vectordrawable.graphics.drawable.VectorDrawableCompat.updateTintFilter(android.graphics.PorterDuffColorFilter, android.content.res.ColorStateList, android.graphics.PorterDuff$Mode) would have incorrectly overridden the package-private method in android.graphics.drawable.Drawable
08-05 11:23:56.706 13125 13143 I CacheManager: Pruning 108 files
08-05 11:23:56.712 24577 24235 W Icing   : No valid account for uploading user actions
08-05 11:23:56.713 13125 13125 I art     : Rejecting re-init on previously-failed class java.lang.Class<androidx.core.view.ViewCompat$2>
08-05 11:23:56.714 13125 13125 I art     : Rejecting re-init on previously-failed class java.lang.Class<androidx.core.view.ViewCompat$2>
08-05 11:23:56.720   918  3961 I AccountManagerService: getTypesVisibleToCaller: isPermitted? true
08-05 11:23:56.721 13125 13125 I AppCompatViewInflater: app:theme is now deprecated. Please move to using android:theme instead.
08-05 11:23:56.741 24577 13294 I Icing   : IndexChimeraService.getServiceInterface callingPackage=com.google.android.gms componentName=null serviceId=30
08-05 11:23:56.883 13125 13125 I RawObjectDB query string: CREATE TABLE objects(RawObjectDB_id TEXT PRIMARY KEY ON CONFLICT REPLACE,RawObjectDB_timestamp INTEGER,serialised TEXT)
08-05 11:23:56.888 24577 24235 I Icing   : Usage reports ok 5, Failed Usage reports 0, indexed 0, rejected 0
08-05 11:23:56.892 24577 24235 W Icing   : No valid account for uploading user actions
08-05 11:23:56.909 24577 24235 I Icing   : Usage reports ok 0, Failed Usage reports 0, indexed 0, rejected 0
08-05 11:23:56.910 24577 24235 I Icing   : Indexing com.google.android.gms-internal.3p:MobileApplication from com.google.android.gms using seqno 763
08-05 11:23:56.915 24577 24235 I Icing   : Indexing com.google.android.gms-internal.3p:MobileApplication from com.google.android.gms using seqno 763
08-05 11:23:56.945 13125 13125 I RawObjectDB query string: CREATE TABLE objects(RawObjectDB_id TEXT PRIMARY KEY ON CONFLICT REPLACE,RawObjectDB_timestamp INTEGER,serialised TEXT)
08-05 11:23:56.955 24577 13294 I Icing   : IndexChimeraService.getServiceInterface callingPackage=com.google.android.gms componentName=null serviceId=36
08-05 11:23:56.962 24577 24235 W Icing   : No valid account for uploading user actions
08-05 11:23:56.982 24577 24235 I Icing   : Usage reports ok 0, Failed Usage reports 0, indexed 0, rejected 0
08-05 11:23:57.035 13125 13146 D OpenGLRenderer: Use EGL_SWAP_BEHAVIOR_PRESERVED: true
08-05 11:23:57.085 13125 13146 I Adreno  : QUALCOMM build                   : fcf4852, I1af360237c
08-05 11:23:57.085 13125 13146 I Adreno  : Build Date                       : 09/23/15
08-05 11:23:57.085 13125 13146 I Adreno  : OpenGL ES Shader Compiler Version: XE031.05.13.02
08-05 11:23:57.085 13125 13146 I Adreno  : Local Branch                     : mybranch14465806
08-05 11:23:57.085 13125 13146 I Adreno  : Remote Branch                    : quic/LA.BF64.1.2.9_v2
08-05 11:23:57.085 13125 13146 I Adreno  : Remote Branch                    : NONE
08-05 11:23:57.085 13125 13146 I Adreno  : Reconstruct Branch               : NOTHING
08-05 11:23:57.090 13125 13146 I OpenGLRenderer: Initialized EGL, version 1.4
08-05 11:23:57.418   918   936 I ActivityManager: Displayed baseline.org.quantumbadger.redreader/.activities.MainActivity: +911ms
08-05 11:23:57.587   918  1210 D NetlinkSocketObserver: NeighborEvent{elapsedMs=1773241461, 192.168.2.254, [7C3953A63323], RTM_NEWNEIGH, NUD_STALE}
08-05 11:23:57.891 24577 24235 I Icing   : Indexing com.google.android.gms-apps from com.google.android.gms
08-05 11:23:57.971 24577 24235 I Icing   : Indexing done com.google.android.gms-apps
08-05 11:23:58.147 13162 13162 D AndroidRuntime: >>>>>> START com.android.internal.os.RuntimeInit uid 2000 <<<<<<
08-05 11:23:58.153 13162 13162 D AndroidRuntime: CheckJNI is OFF
08-05 11:23:58.180 13162 13162 D ICU     : No timezone override file found: /data/misc/zoneinfo/current/icu/icu_tzdata.dat
08-05 11:23:58.212 13162 13162 I Radio-JNI: register_android_hardware_Radio DONE
08-05 11:23:58.230 13162 13162 D AndroidRuntime: Calling main entry com.android.commands.am.Am
08-05 11:23:58.242 22029 22029 I Trepn   : Trepn 6.2s: Received intent: com.quicinc.trepn.start_profiling
08-05 11:23:58.433 22029 22029 W FileUtils: Failed to chmod(/storage/emulated/0/trepn/Trepn_2020.08.05_112358.db): android.system.ErrnoException: chmod failed: EPERM (Operation not permitted)
08-05 11:23:58.623 22029 22029 I Trepn   : Trepn 6.2s: Trepn has Started Profiling.
08-05 11:23:58.625 13162 13162 D AndroidRuntime: Shutting down VM
08-05 11:23:59.129 13125 13137 I art     : Starting a blocking GC Explicit
08-05 11:23:59.159 13125 13137 I art     : Explicit concurrent mark sweep GC freed 13854(1510KB) AllocSpace objects, 8(216KB) LOS objects, 40% free, 20MB/34MB, paused 260us total 29.413ms
08-05 11:23:59.172 13125 13137 I art     : Starting a blocking GC Explicit
08-05 11:23:59.183 13125 13137 I art     : Explicit concurrent mark sweep GC freed 1530(73KB) AllocSpace objects, 0(0B) LOS objects, 40% free, 20MB/34MB, paused 124us total 11.127ms
08-05 11:23:59.191 13125 13137 I art     : Starting a blocking GC Explicit
08-05 11:23:59.202 13125 13137 I art     : Explicit concurrent mark sweep GC freed 3(96B) AllocSpace objects, 0(0B) LOS objects, 40% free, 20MB/34MB, paused 130us total 10.671ms
08-05 11:23:59.210 13125 13137 I art     : Starting a blocking GC Explicit
08-05 11:23:59.221 13125 13137 I art     : Explicit concurrent mark sweep GC freed 3(96B) AllocSpace objects, 0(0B) LOS objects, 40% free, 20MB/34MB, paused 122us total 10.474ms
08-05 11:23:59.229 13125 13137 I art     : Starting a blocking GC Explicit
08-05 11:23:59.239 13125 13137 I art     : Explicit concurrent mark sweep GC freed 3(96B) AllocSpace objects, 0(0B) LOS objects, 40% free, 20MB/34MB, paused 130us total 10.464ms
08-05 11:23:59.519 13125 13136 I art     : Starting a blocking GC Explicit
08-05 11:23:59.534 13125 13136 I art     : Explicit concurrent mark sweep GC freed 1334(78KB) AllocSpace objects, 1(20KB) LOS objects, 40% free, 20MB/34MB, paused 146us total 15.375ms
08-05 11:23:59.547 13125 13136 I art     : Starting a blocking GC Explicit
08-05 11:23:59.557 13125 13136 I art     : Explicit concurrent mark sweep GC freed 20(704B) AllocSpace objects, 0(0B) LOS objects, 40% free, 20MB/34MB, paused 106us total 10.242ms
08-05 11:23:59.565 13125 13136 I art     : Starting a blocking GC Explicit
08-05 11:23:59.575 13125 13136 I art     : Explicit concurrent mark sweep GC freed 3(96B) AllocSpace objects, 0(0B) LOS objects, 40% free, 20MB/34MB, paused 103us total 9.297ms
08-05 11:23:59.582 13125 13136 I art     : Starting a blocking GC Explicit
08-05 11:23:59.591 13125 13136 I art     : Explicit concurrent mark sweep GC freed 3(96B) AllocSpace objects, 0(0B) LOS objects, 40% free, 20MB/34MB, paused 99us total 8.957ms
08-05 11:23:59.598 13125 13136 I art     : Starting a blocking GC Explicit
08-05 11:23:59.608 13125 13136 I art     : Explicit concurrent mark sweep GC freed 3(96B) AllocSpace objects, 0(0B) LOS objects, 40% free, 20MB/34MB, paused 102us total 9.516ms
08-05 11:23:59.878 13125 13151 I art     : Starting a blocking GC Explicit
08-05 11:23:59.892 13125 13151 I art     : Explicit concurrent mark sweep GC freed 1332(78KB) AllocSpace objects, 1(20KB) LOS objects, 40% free, 20MB/34MB, paused 145us total 14.100ms
08-05 11:23:59.904 13125 13151 I art     : Starting a blocking GC Explicit
08-05 11:23:59.915 13125 13151 I art     : Explicit concurrent mark sweep GC freed 20(704B) AllocSpace objects, 0(0B) LOS objects, 40% free, 20MB/34MB, paused 118us total 10.864ms
08-05 11:23:59.923 13125 13151 I art     : Starting a blocking GC Explicit
08-05 11:23:59.933 13125 13151 I art     : Explicit concurrent mark sweep GC freed 3(96B) AllocSpace objects, 0(0B) LOS objects, 40% free, 20MB/34MB, paused 145us total 10.533ms
08-05 11:23:59.942 13125 13151 I art     : Starting a blocking GC Explicit
08-05 11:23:59.953 13125 13151 I art     : Explicit concurrent mark sweep GC freed 3(96B) AllocSpace objects, 0(0B) LOS objects, 40% free, 20MB/34MB, paused 122us total 10.869ms
08-05 11:23:59.961 13125 13151 I art     : Starting a blocking GC Explicit
08-05 11:23:59.972 13125 13151 I art     : Explicit concurrent mark sweep GC freed 3(96B) AllocSpace objects, 0(0B) LOS objects, 40% free, 20MB/34MB, paused 116us total 10.661ms
08-05 11:24:00.300 13125 13137 I art     : Starting a blocking GC Explicit
08-05 11:24:00.320 13125 13137 I art     : Explicit concurrent mark sweep GC freed 1332(78KB) AllocSpace objects, 1(20KB) LOS objects, 40% free, 20MB/34MB, paused 168us total 19.046ms
08-05 11:24:00.332 13125 13137 I art     : Starting a blocking GC Explicit
08-05 11:24:00.346 13125 13137 I art     : Explicit concurrent mark sweep GC freed 20(704B) AllocSpace objects, 0(0B) LOS objects, 40% free, 20MB/34MB, paused 168us total 13.748ms
08-05 11:24:00.355 13125 13137 I art     : Starting a blocking GC Explicit
08-05 11:24:00.366 13125 13137 I art     : Explicit concurrent mark sweep GC freed 3(96B) AllocSpace objects, 0(0B) LOS objects, 40% free, 20MB/34MB, paused 121us total 11.256ms
08-05 11:24:00.375 13125 13137 I art     : Starting a blocking GC Explicit
08-05 11:24:00.386 13125 13137 I art     : Explicit concurrent mark sweep GC freed 3(96B) AllocSpace objects, 0(0B) LOS objects, 40% free, 20MB/34MB, paused 123us total 10.671ms
08-05 11:24:00.393 13125 13137 I art     : Starting a blocking GC Explicit
08-05 11:24:00.404 13125 13137 I art     : Explicit concurrent mark sweep GC freed 3(96B) AllocSpace objects, 0(0B) LOS objects, 40% free, 20MB/34MB, paused 121us total 10.081ms
08-05 11:24:00.685 13125 13136 I art     : Starting a blocking GC Explicit
08-05 11:24:00.701 13125 13136 I art     : Explicit concurrent mark sweep GC freed 1332(78KB) AllocSpace objects, 1(20KB) LOS objects, 40% free, 20MB/34MB, paused 163us total 15.295ms
08-05 11:24:00.713 13125 13136 I art     : Starting a blocking GC Explicit
08-05 11:24:00.728 13125 13136 I art     : Explicit concurrent mark sweep GC freed 20(704B) AllocSpace objects, 0(0B) LOS objects, 40% free, 20MB/34MB, paused 120us total 13.984ms
08-05 11:24:00.736 13125 13136 I art     : Starting a blocking GC Explicit
08-05 11:24:00.747 13125 13136 I art     : Explicit concurrent mark sweep GC freed 3(96B) AllocSpace objects, 0(0B) LOS objects, 40% free, 20MB/34MB, paused 116us total 10.825ms
08-05 11:24:00.755 13125 13136 I art     : Starting a blocking GC Explicit
08-05 11:24:00.767 13125 13136 I art     : Explicit concurrent mark sweep GC freed 3(96B) AllocSpace objects, 0(0B) LOS objects, 40% free, 20MB/34MB, paused 175us total 11.022ms
08-05 11:24:00.774 13125 13136 I art     : Starting a blocking GC Explicit
08-05 11:24:00.785 13125 13136 I art     : Explicit concurrent mark sweep GC freed 3(96B) AllocSpace objects, 0(0B) LOS objects, 40% free, 20MB/34MB, paused 116us total 10.307ms
08-05 11:24:01.086 13125 13151 I art     : Starting a blocking GC Explicit
08-05 11:24:01.099 13125 13151 I art     : Explicit concurrent mark sweep GC freed 1333(78KB) AllocSpace objects, 1(20KB) LOS objects, 40% free, 20MB/34MB, paused 122us total 12.820ms
08-05 11:24:01.108 13125 13151 I art     : Starting a blocking GC Explicit
08-05 11:24:01.119 13125 13151 I art     : Explicit concurrent mark sweep GC freed 20(704B) AllocSpace objects, 0(0B) LOS objects, 40% free, 20MB/34MB, paused 117us total 11.127ms
08-05 11:24:01.127 13125 13151 I art     : Starting a blocking GC Explicit
08-05 11:24:01.138 13125 13151 I art     : Explicit concurrent mark sweep GC freed 3(96B) AllocSpace objects, 0(0B) LOS objects, 40% free, 20MB/34MB, paused 124us total 10.442ms
08-05 11:24:01.146 13125 13151 I art     : Starting a blocking GC Explicit
08-05 11:24:01.156 13125 13151 I art     : Explicit concurrent mark sweep GC freed 3(96B) AllocSpace objects, 0(0B) LOS objects, 40% free, 20MB/34MB, paused 114us total 9.816ms
08-05 11:24:01.164 13125 13151 I art     : Starting a blocking GC Explicit
08-05 11:24:01.174 13125 13151 I art     : Explicit concurrent mark sweep GC freed 3(96B) AllocSpace objects, 0(0B) LOS objects, 40% free, 20MB/34MB, paused 116us total 10.128ms
08-05 11:24:01.475 13125 13137 I art     : Starting a blocking GC Explicit
08-05 11:24:01.488 13125 13137 I art     : Explicit concurrent mark sweep GC freed 1333(78KB) AllocSpace objects, 1(20KB) LOS objects, 40% free, 20MB/34MB, paused 139us total 12.909ms
08-05 11:24:01.497 13125 13137 I art     : Starting a blocking GC Explicit
08-05 11:24:01.508 13125 13137 I art     : Explicit concurrent mark sweep GC freed 20(704B) AllocSpace objects, 0(0B) LOS objects, 40% free, 20MB/34MB, paused 133us total 11.177ms
08-05 11:24:01.516 13125 13137 I art     : Starting a blocking GC Explicit
08-05 11:24:01.527 13125 13137 I art     : Explicit concurrent mark sweep GC freed 3(96B) AllocSpace objects, 0(0B) LOS objects, 40% free, 20MB/34MB, paused 124us total 10.594ms
08-05 11:24:01.535 13125 13137 I art     : Starting a blocking GC Explicit
08-05 11:24:01.546 13125 13137 I art     : Explicit concurrent mark sweep GC freed 3(96B) AllocSpace objects, 0(0B) LOS objects, 40% free, 20MB/34MB, paused 124us total 10.554ms
08-05 11:24:01.554 13125 13137 I art     : Starting a blocking GC Explicit
08-05 11:24:01.565 13125 13137 I art     : Explicit concurrent mark sweep GC freed 3(96B) AllocSpace objects, 0(0B) LOS objects, 40% free, 20MB/34MB, paused 123us total 10.563ms
08-05 11:24:01.838 13125 13136 I art     : Starting a blocking GC Explicit
08-05 11:24:01.857 13125 13136 I art     : Explicit concurrent mark sweep GC freed 1332(78KB) AllocSpace objects, 1(20KB) LOS objects, 40% free, 20MB/34MB, paused 156us total 18.422ms
08-05 11:24:01.868 13125 13136 I art     : Starting a blocking GC Explicit
08-05 11:24:01.879 13125 13136 I art     : Explicit concurrent mark sweep GC freed 20(704B) AllocSpace objects, 0(0B) LOS objects, 40% free, 20MB/34MB, paused 121us total 10.914ms
08-05 11:24:01.888 13125 13136 I art     : Starting a blocking GC Explicit
08-05 11:24:01.898 13125 13136 I art     : Explicit concurrent mark sweep GC freed 3(96B) AllocSpace objects, 0(0B) LOS objects, 40% free, 20MB/34MB, paused 118us total 10.678ms
08-05 11:24:01.906 13125 13136 I art     : Starting a blocking GC Explicit
08-05 11:24:01.917 13125 13136 I art     : Explicit concurrent mark sweep GC freed 3(96B) AllocSpace objects, 0(0B) LOS objects, 40% free, 20MB/34MB, paused 136us total 10.402ms
08-05 11:24:01.925 13125 13136 I art     : Starting a blocking GC Explicit
08-05 11:24:01.935 13125 13136 I art     : Explicit concurrent mark sweep GC freed 3(96B) AllocSpace objects, 0(0B) LOS objects, 40% free, 20MB/34MB, paused 117us total 10.390ms
08-05 11:24:02.227 13125 13151 I art     : Starting a blocking GC Explicit
08-05 11:24:02.242 13125 13151 I art     : Explicit concurrent mark sweep GC freed 1332(78KB) AllocSpace objects, 1(20KB) LOS objects, 40% free, 20MB/34MB, paused 145us total 15.361ms
08-05 11:24:02.254 13125 13151 I art     : Starting a blocking GC Explicit
08-05 11:24:02.265 13125 13151 I art     : Explicit concurrent mark sweep GC freed 20(704B) AllocSpace objects, 0(0B) LOS objects, 40% free, 20MB/34MB, paused 121us total 11.154ms
08-05 11:24:02.274 13125 13151 I art     : Starting a blocking GC Explicit
08-05 11:24:02.284 13125 13151 I art     : Explicit concurrent mark sweep GC freed 3(96B) AllocSpace objects, 0(0B) LOS objects, 40% free, 20MB/34MB, paused 117us total 10.743ms
08-05 11:24:02.293 13125 13151 I art     : Starting a blocking GC Explicit
08-05 11:24:02.303 13125 13151 I art     : Explicit concurrent mark sweep GC freed 3(96B) AllocSpace objects, 0(0B) LOS objects, 40% free, 20MB/34MB, paused 111us total 10.479ms
08-05 11:24:02.311 13125 13151 I art     : Starting a blocking GC Explicit
08-05 11:24:02.322 13125 13151 I art     : Explicit concurrent mark sweep GC freed 3(96B) AllocSpace objects, 0(0B) LOS objects, 40% free, 20MB/34MB, paused 110us total 10.488ms
08-05 11:24:02.608 13125 13137 I art     : Starting a blocking GC Explicit
08-05 11:24:02.619 13125 13137 I art     : Explicit concurrent mark sweep GC freed 1332(78KB) AllocSpace objects, 1(20KB) LOS objects, 40% free, 20MB/34MB, paused 139us total 11.550ms
08-05 11:24:02.628 13125 13137 I art     : Starting a blocking GC Explicit
08-05 11:24:02.639 13125 13137 I art     : Explicit concurrent mark sweep GC freed 20(704B) AllocSpace objects, 0(0B) LOS objects, 40% free, 20MB/34MB, paused 124us total 9.973ms
08-05 11:24:02.647 13125 13137 I art     : Starting a blocking GC Explicit
08-05 11:24:02.656 13125 13137 I art     : Explicit concurrent mark sweep GC freed 3(96B) AllocSpace objects, 0(0B) LOS objects, 40% free, 20MB/34MB, paused 111us total 9.041ms
08-05 11:24:02.663 13125 13137 I art     : Starting a blocking GC Explicit
08-05 11:24:02.673 13125 13137 I art     : Explicit concurrent mark sweep GC freed 3(96B) AllocSpace objects, 0(0B) LOS objects, 40% free, 20MB/34MB, paused 110us total 9.276ms
08-05 11:24:02.680 13125 13137 I art     : Starting a blocking GC Explicit
08-05 11:24:02.689 13125 13137 I art     : Explicit concurrent mark sweep GC freed 3(96B) AllocSpace objects, 0(0B) LOS objects, 40% free, 20MB/34MB, paused 107us total 8.910ms
08-05 11:24:02.968 13125 13136 I art     : Starting a blocking GC Explicit
08-05 11:24:02.981 13125 13136 I art     : Explicit concurrent mark sweep GC freed 1332(78KB) AllocSpace objects, 1(20KB) LOS objects, 40% free, 20MB/34MB, paused 134us total 13.019ms
08-05 11:24:02.991 13125 13136 I art     : Starting a blocking GC Explicit
08-05 11:24:03.005 13125 13136 I art     : Explicit concurrent mark sweep GC freed 20(704B) AllocSpace objects, 0(0B) LOS objects, 40% free, 20MB/34MB, paused 132us total 13.473ms
08-05 11:24:03.017 13125 13136 I art     : Starting a blocking GC Explicit
08-05 11:24:03.029 13125 13136 I art     : Explicit concurrent mark sweep GC freed 3(96B) AllocSpace objects, 0(0B) LOS objects, 40% free, 20MB/34MB, paused 121us total 11.702ms
08-05 11:24:03.037 13125 13136 I art     : Starting a blocking GC Explicit
08-05 11:24:03.048 13125 13136 I art     : Explicit concurrent mark sweep GC freed 3(96B) AllocSpace objects, 0(0B) LOS objects, 40% free, 20MB/34MB, paused 115us total 10.392ms
08-05 11:24:03.056 13125 13136 I art     : Starting a blocking GC Explicit
08-05 11:24:03.067 13125 13136 I art     : Explicit concurrent mark sweep GC freed 3(96B) AllocSpace objects, 0(0B) LOS objects, 40% free, 20MB/34MB, paused 113us total 10.883ms
08-05 11:24:03.199  8256  8256 I Atfwd_Sendcmd: AtCmdFwd service not ready - Exhausted retry attempts - :6
08-05 11:24:03.199  8256  8256 I Atfwd_Daemon: result : -1 	 ,Init step :2 	 ,qmiErrorCode: 0
08-05 11:24:03.371 13125 13151 I art     : Starting a blocking GC Explicit
08-05 11:24:03.388 13125 13151 I art     : Explicit concurrent mark sweep GC freed 1332(78KB) AllocSpace objects, 1(20KB) LOS objects, 40% free, 20MB/34MB, paused 261us total 17.206ms
08-05 11:24:03.397 13125 13151 I art     : Starting a blocking GC Explicit
08-05 11:24:03.409 13125 13151 I art     : Explicit concurrent mark sweep GC freed 20(704B) AllocSpace objects, 0(0B) LOS objects, 40% free, 20MB/34MB, paused 106us total 11.329ms
08-05 11:24:03.416 13125 13151 I art     : Starting a blocking GC Explicit
08-05 11:24:03.426 13125 13151 I art     : Explicit concurrent mark sweep GC freed 3(96B) AllocSpace objects, 0(0B) LOS objects, 40% free, 20MB/34MB, paused 103us total 9.302ms
08-05 11:24:03.433 13125 13151 I art     : Starting a blocking GC Explicit
08-05 11:24:03.443 13125 13151 I art     : Explicit concurrent mark sweep GC freed 3(96B) AllocSpace objects, 0(0B) LOS objects, 40% free, 20MB/34MB, paused 114us total 9.354ms
08-05 11:24:03.450 13125 13151 I art     : Starting a blocking GC Explicit
08-05 11:24:03.459 13125 13151 I art     : Explicit concurrent mark sweep GC freed 3(96B) AllocSpace objects, 0(0B) LOS objects, 40% free, 20MB/34MB, paused 104us total 9.057ms
08-05 11:24:03.721 13125 13137 I art     : Starting a blocking GC Explicit
08-05 11:24:03.735 13125 13137 I art     : Explicit concurrent mark sweep GC freed 1332(78KB) AllocSpace objects, 1(20KB) LOS objects, 40% free, 20MB/34MB, paused 161us total 13.384ms
08-05 11:24:03.745 13125 13137 I art     : Starting a blocking GC Explicit
08-05 11:24:03.756 13125 13137 I art     : Explicit concurrent mark sweep GC freed 20(704B) AllocSpace objects, 0(0B) LOS objects, 40% free, 20MB/34MB, paused 134us total 11.161ms
08-05 11:24:03.764 13125 13137 I art     : Starting a blocking GC Explicit
08-05 11:24:03.774 13125 13137 I art     : Explicit concurrent mark sweep GC freed 3(96B) AllocSpace objects, 0(0B) LOS objects, 40% free, 20MB/34MB, paused 121us total 10.231ms
08-05 11:24:03.782 13125 13137 I art     : Starting a blocking GC Explicit
08-05 11:24:03.792 13125 13137 I art     : Explicit concurrent mark sweep GC freed 3(96B) AllocSpace objects, 0(0B) LOS objects, 40% free, 20MB/34MB, paused 119us total 9.898ms
08-05 11:24:03.800 13125 13137 I art     : Starting a blocking GC Explicit
08-05 11:24:03.810 13125 13137 I art     : Explicit concurrent mark sweep GC freed 3(96B) AllocSpace objects, 0(0B) LOS objects, 40% free, 20MB/34MB, paused 118us total 9.813ms
08-05 11:24:04.001 13332 13332 D AndroidRuntime: >>>>>> START com.android.internal.os.RuntimeInit uid 2000 <<<<<<
08-05 11:24:04.006 13332 13332 D AndroidRuntime: CheckJNI is OFF
08-05 11:24:04.030 13332 13332 D ICU     : No timezone override file found: /data/misc/zoneinfo/current/icu/icu_tzdata.dat
08-05 11:24:04.054 13332 13332 I Radio-JNI: register_android_hardware_Radio DONE
08-05 11:24:04.064 13125 13136 I art     : Starting a blocking GC Explicit
08-05 11:24:04.071 13332 13332 D AndroidRuntime: Calling main entry com.android.commands.input.Input
08-05 11:24:04.073 13332 13332 I Input   : injectMotionEvent: MotionEvent { action=ACTION_DOWN, actionButton=0, id[0]=0, x[0]=720.0, y[0]=1440.0, toolType[0]=TOOL_TYPE_UNKNOWN, buttonState=0, metaState=0, flags=0x0, edgeFlags=0x0, pointerCount=1, historySize=0, eventTime=789860485, downTime=789860485, deviceId=0, source=0x1002 }
08-05 11:24:04.075 13125 13136 I art     : Explicit concurrent mark sweep GC freed 1332(78KB) AllocSpace objects, 1(20KB) LOS objects, 40% free, 20MB/34MB, paused 293us total 10.761ms
08-05 11:24:04.079 13332 13332 I Input   : injectMotionEvent: MotionEvent { action=ACTION_UP, actionButton=0, id[0]=0, x[0]=720.0, y[0]=1440.0, toolType[0]=TOOL_TYPE_UNKNOWN, buttonState=0, metaState=0, flags=0x0, edgeFlags=0x0, pointerCount=1, historySize=0, eventTime=789860485, downTime=789860485, deviceId=0, source=0x1002 }
08-05 11:24:04.080 13332 13332 D AndroidRuntime: Shutting down VM
08-05 11:24:04.084 13125 13136 I art     : Starting a blocking GC Explicit
08-05 11:24:04.091   512  2967 D audio_hw_primary: out_set_parameters: enter: usecase(1: low-latency-playback) kvpairs: routing=2
08-05 11:24:04.095 13125 13136 I art     : Explicit concurrent mark sweep GC freed 128(4KB) AllocSpace objects, 0(0B) LOS objects, 40% free, 20MB/34MB, paused 158us total 11.639ms
08-05 11:24:04.102 13866 13866 I GoogleInputMethodServic: GoogleInputMethodService.onFinishInput():3138 
08-05 11:24:04.103 13866 13866 I GoogleInputMethodServic: GoogleInputMethodService.onStartInput():1808 
08-05 11:24:04.104   512  2967 D audio_hw_primary: select_devices: out_snd_device(2: speaker) in_snd_device(0: none)
08-05 11:24:04.104   512  2967 D msm8974_platform: platform_send_audio_calibration: sending audio calibration for snd_device(2) acdb_id(15)
08-05 11:24:04.104   512  2967 I soundtrigger: audio_extn_sound_trigger_update_device_status: device 0x2 of type 0 for Event 1
08-05 11:24:04.106 13125 13136 I art     : Starting a blocking GC Explicit
08-05 11:24:04.115   512  2967 D audio_hw_primary: enable_snd_device: snd_device(2: speaker)
08-05 11:24:04.117   512  2967 D audio_hw_primary: enable_audio_route: apply and update mixer path: low-latency-playback speaker
08-05 11:24:04.118 13125 13136 I art     : Explicit concurrent mark sweep GC freed 10(512B) AllocSpace objects, 0(0B) LOS objects, 40% free, 20MB/34MB, paused 127us total 11.326ms
08-05 11:24:04.127 13125 13136 I art     : Starting a blocking GC Explicit
08-05 11:24:04.136 13125 13136 I art     : Explicit concurrent mark sweep GC freed 974(68KB) AllocSpace objects, 1(76KB) LOS objects, 40% free, 20MB/34MB, paused 102us total 9.396ms
08-05 11:24:04.144 13125 13136 I art     : Starting a blocking GC Explicit
08-05 11:24:04.154 13125 13136 I art     : Explicit concurrent mark sweep GC freed 3(96B) AllocSpace objects, 0(0B) LOS objects, 40% free, 20MB/34MB, paused 113us total 9.225ms
08-05 11:24:04.285   380   380 W SurfaceFlinger: couldn't log to binary event log: overflow.
08-05 11:24:04.391 13125 13151 I art     : Starting a blocking GC Explicit
08-05 11:24:04.400 13125 13151 I art     : Explicit concurrent mark sweep GC freed 1332(78KB) AllocSpace objects, 1(20KB) LOS objects, 40% free, 20MB/34MB, paused 119us total 9.571ms
08-05 11:24:04.408 13125 13151 I art     : Starting a blocking GC Explicit
08-05 11:24:04.417 13125 13151 I art     : Explicit concurrent mark sweep GC freed 20(704B) AllocSpace objects, 0(0B) LOS objects, 40% free, 20MB/34MB, paused 107us total 9.302ms
08-05 11:24:04.425 13125 13151 I art     : Starting a blocking GC Explicit
08-05 11:24:04.434 13125 13151 I art     : Explicit concurrent mark sweep GC freed 3(96B) AllocSpace objects, 0(0B) LOS objects, 40% free, 20MB/34MB, paused 117us total 9.156ms
08-05 11:24:04.441 13125 13151 I art     : Starting a blocking GC Explicit
08-05 11:24:04.451 13125 13151 I art     : Explicit concurrent mark sweep GC freed 3(96B) AllocSpace objects, 0(0B) LOS objects, 40% free, 20MB/34MB, paused 110us total 9.253ms
08-05 11:24:04.458 13125 13151 I art     : Starting a blocking GC Explicit
08-05 11:24:04.468 13125 13151 I art     : Explicit concurrent mark sweep GC freed 3(96B) AllocSpace objects, 0(0B) LOS objects, 40% free, 20MB/34MB, paused 112us total 9.100ms
08-05 11:24:04.635 13359 13359 D AndroidRuntime: >>>>>> START com.android.internal.os.RuntimeInit uid 2000 <<<<<<
08-05 11:24:04.639 13359 13359 D AndroidRuntime: CheckJNI is OFF
08-05 11:24:04.663 13359 13359 D ICU     : No timezone override file found: /data/misc/zoneinfo/current/icu/icu_tzdata.dat
08-05 11:24:04.670   512  2967 D audio_hw_primary: disable_audio_route: reset and update mixer path: low-latency-playback speaker
08-05 11:24:04.671   512  2967 D audio_hw_primary: disable_snd_device: snd_device(2: speaker)
08-05 11:24:04.679   512  2967 I soundtrigger: audio_extn_sound_trigger_update_device_status: device 0x2 of type 0 for Event 0
08-05 11:24:04.685 13359 13359 I Radio-JNI: register_android_hardware_Radio DONE
08-05 11:24:04.701 13359 13359 D AndroidRuntime: Calling main entry com.android.commands.input.Input
08-05 11:24:04.702 13359 13359 I Input   : injectMotionEvent: MotionEvent { action=ACTION_DOWN, actionButton=0, id[0]=0, x[0]=1345.0, y[0]=165.0, toolType[0]=TOOL_TYPE_UNKNOWN, buttonState=0, metaState=0, flags=0x0, edgeFlags=0x0, pointerCount=1, historySize=0, eventTime=789861115, downTime=789861115, deviceId=0, source=0x1002 }
08-05 11:24:04.706 13359 13359 I Input   : injectMotionEvent: MotionEvent { action=ACTION_UP, actionButton=0, id[0]=0, x[0]=1345.0, y[0]=165.0, toolType[0]=TOOL_TYPE_UNKNOWN, buttonState=0, metaState=0, flags=0x0, edgeFlags=0x0, pointerCount=1, historySize=0, eventTime=789861115, downTime=789861115, deviceId=0, source=0x1002 }
08-05 11:24:04.706 13125 13137 I art     : Starting a blocking GC Explicit
08-05 11:24:04.707 13359 13359 D AndroidRuntime: Shutting down VM
08-05 11:24:04.716 13125 13137 I art     : Explicit concurrent mark sweep GC freed 1356(79KB) AllocSpace objects, 1(20KB) LOS objects, 40% free, 20MB/34MB, paused 134us total 10.175ms
08-05 11:24:04.721   512  2967 D audio_hw_primary: out_set_parameters: enter: usecase(1: low-latency-playback) kvpairs: routing=2
08-05 11:24:04.721 13125 13125 W art     : Before Android 4.1, method int androidx.appcompat.widget.DropDownListView.lookForSelectablePosition(int, boolean) would have incorrectly overridden the package-private method in android.widget.ListView
08-05 11:24:04.725 13125 13137 I art     : Starting a blocking GC Explicit
08-05 11:24:04.726 13125 13125 W art     : Before Android 4.1, method int androidx.appcompat.widget.MenuPopupWindow$MenuDropDownListView.lookForSelectablePosition(int, boolean) would have incorrectly overridden the package-private method in android.widget.ListView
08-05 11:24:04.728 13125 13125 I ListPopupWindow: Could not find method setEpicenterBounds(Rect) on PopupWindow. Oh well.
08-05 11:24:04.734   512  2967 D audio_hw_primary: select_devices: out_snd_device(2: speaker) in_snd_device(0: none)
08-05 11:24:04.734   512  2967 D msm8974_platform: platform_send_audio_calibration: sending audio calibration for snd_device(2) acdb_id(15)
08-05 11:24:04.734   512  2967 I soundtrigger: audio_extn_sound_trigger_update_device_status: device 0x2 of type 0 for Event 1
08-05 11:24:04.738 13125 13137 I art     : Explicit concurrent mark sweep GC freed 297(71KB) AllocSpace objects, 0(0B) LOS objects, 40% free, 20MB/34MB, paused 939us total 13.418ms
08-05 11:24:04.745   512  2967 D audio_hw_primary: enable_snd_device: snd_device(2: speaker)
08-05 11:24:04.746 13125 13137 I art     : Starting a blocking GC Explicit
08-05 11:24:04.747   512  2967 D audio_hw_primary: enable_audio_route: apply and update mixer path: low-latency-playback speaker
08-05 11:24:04.757 13125 13137 I art     : Explicit concurrent mark sweep GC freed 352(62KB) AllocSpace objects, 0(0B) LOS objects, 40% free, 20MB/34MB, paused 180us total 10.234ms
08-05 11:24:04.764 13125 13137 I art     : Starting a blocking GC Explicit
08-05 11:24:04.774 13125 13137 I art     : Explicit concurrent mark sweep GC freed 75(4KB) AllocSpace objects, 0(0B) LOS objects, 40% free, 20MB/34MB, paused 138us total 9.493ms
08-05 11:24:04.781 13125 13137 I art     : Starting a blocking GC Explicit
08-05 11:24:04.793 13125 13137 I art     : Explicit concurrent mark sweep GC freed 230(10KB) AllocSpace objects, 0(0B) LOS objects, 40% free, 20MB/34MB, paused 134us total 11.118ms
08-05 11:24:04.793   512  2967 D AudioFlinger: mixer(0xf4740000) throttle end: throttle time(12)
08-05 11:24:05.022 13125 13151 I art     : Starting a blocking GC Explicit
08-05 11:24:05.034 13125 13151 I art     : Explicit concurrent mark sweep GC freed 1947(111KB) AllocSpace objects, 1(20KB) LOS objects, 40% free, 20MB/34MB, paused 118us total 11.383ms
08-05 11:24:05.042 13125 13151 I art     : Starting a blocking GC Explicit
08-05 11:24:05.052 13125 13151 I art     : Explicit concurrent mark sweep GC freed 294(24KB) AllocSpace objects, 0(0B) LOS objects, 40% free, 20MB/34MB, paused 206us total 10.324ms
08-05 11:24:05.061 13125 13151 I art     : Starting a blocking GC Explicit
08-05 11:24:05.072 13125 13151 I art     : Explicit concurrent mark sweep GC freed 292(13KB) AllocSpace objects, 0(0B) LOS objects, 40% free, 20MB/34MB, paused 113us total 10.449ms
08-05 11:24:05.080 13125 13151 I art     : Starting a blocking GC Explicit
08-05 11:24:05.090 13125 13151 I art     : Explicit concurrent mark sweep GC freed 3(96B) AllocSpace objects, 0(0B) LOS objects, 40% free, 20MB/34MB, paused 139us total 9.900ms
08-05 11:24:05.098 13125 13151 I art     : Starting a blocking GC Explicit
08-05 11:24:05.108 13125 13151 I art     : Explicit concurrent mark sweep GC freed 9(288B) AllocSpace objects, 0(0B) LOS objects, 40% free, 20MB/34MB, paused 120us total 9.930ms
08-05 11:24:05.240 13392 13392 D AndroidRuntime: >>>>>> START com.android.internal.os.RuntimeInit uid 2000 <<<<<<
08-05 11:24:05.244 13392 13392 D AndroidRuntime: CheckJNI is OFF
08-05 11:24:05.267 13392 13392 D ICU     : No timezone override file found: /data/misc/zoneinfo/current/icu/icu_tzdata.dat
08-05 11:24:05.290   512  2967 D audio_hw_primary: disable_audio_route: reset and update mixer path: low-latency-playback speaker
08-05 11:24:05.291 13392 13392 I Radio-JNI: register_android_hardware_Radio DONE
08-05 11:24:05.292   512  2967 D audio_hw_primary: disable_snd_device: snd_device(2: speaker)
08-05 11:24:05.299   512  2967 I soundtrigger: audio_extn_sound_trigger_update_device_status: device 0x2 of type 0 for Event 0
08-05 11:24:05.307 13392 13392 D AndroidRuntime: Calling main entry com.android.commands.input.Input
08-05 11:24:05.308 13392 13392 I Input   : injectMotionEvent: MotionEvent { action=ACTION_DOWN, actionButton=0, id[0]=0, x[0]=940.0, y[0]=501.0, toolType[0]=TOOL_TYPE_UNKNOWN, buttonState=0, metaState=0, flags=0x0, edgeFlags=0x0, pointerCount=1, historySize=0, eventTime=789861721, downTime=789861721, deviceId=0, source=0x1002 }
08-05 11:24:05.312 13392 13392 I Input   : injectMotionEvent: MotionEvent { action=ACTION_UP, actionButton=0, id[0]=0, x[0]=940.0, y[0]=501.0, toolType[0]=TOOL_TYPE_UNKNOWN, buttonState=0, metaState=0, flags=0x0, edgeFlags=0x0, pointerCount=1, historySize=0, eventTime=789861721, downTime=789861721, deviceId=0, source=0x1002 }
08-05 11:24:05.313 13392 13392 D AndroidRuntime: Shutting down VM
08-05 11:24:05.363 13125 13151 I art     : Starting a blocking GC Explicit
08-05 11:24:05.374 13125 13151 I art     : Explicit concurrent mark sweep GC freed 1352(78KB) AllocSpace objects, 1(20KB) LOS objects, 40% free, 20MB/34MB, paused 114us total 10.542ms
08-05 11:24:05.379   512  2967 D audio_hw_primary: out_set_parameters: enter: usecase(1: low-latency-playback) kvpairs: routing=2
08-05 11:24:05.381   918  3714 I ActivityManager: START u0 {cmp=baseline.org.quantumbadger.redreader/.settings.SettingsActivity} from uid 10689 on display 0
08-05 11:24:05.382 13125 13151 I art     : Starting a blocking GC Explicit
08-05 11:24:05.393   512  2967 D audio_hw_primary: select_devices: out_snd_device(2: speaker) in_snd_device(0: none)
08-05 11:24:05.393   512  2967 D msm8974_platform: platform_send_audio_calibration: sending audio calibration for snd_device(2) acdb_id(15)
08-05 11:24:05.393   512  2967 I soundtrigger: audio_extn_sound_trigger_update_device_status: device 0x2 of type 0 for Event 1
08-05 11:24:05.394 13125 13151 I art     : Explicit concurrent mark sweep GC freed 81(15KB) AllocSpace objects, 0(0B) LOS objects, 40% free, 20MB/34MB, paused 245us total 11.153ms
08-05 11:24:05.400 13866 13866 I GoogleInputMethodServic: GoogleInputMethodService.onFinishInput():3138 
08-05 11:24:05.400   918  3261 D WifiStateMachine: starting scan for "H369AA63323"WPA_PSK with 2412,5180
08-05 11:24:05.400 13866 13866 I GoogleInputMethodServic: GoogleInputMethodService.onStartInput():1808 
08-05 11:24:05.403 13125 13151 I art     : Starting a blocking GC Explicit
08-05 11:24:05.405   512  2967 D audio_hw_primary: enable_snd_device: snd_device(2: speaker)
08-05 11:24:05.408   512  2967 D audio_hw_primary: enable_audio_route: apply and update mixer path: low-latency-playback speaker
08-05 11:24:05.414 13125 13151 I art     : Explicit concurrent mark sweep GC freed 345(20KB) AllocSpace objects, 0(0B) LOS objects, 40% free, 20MB/34MB, paused 125us total 11.137ms
08-05 11:24:05.424 13125 13151 I art     : Starting a blocking GC Explicit
08-05 11:24:05.436 13125 13151 I art     : Explicit concurrent mark sweep GC freed 335(68KB) AllocSpace objects, 0(0B) LOS objects, 40% free, 21MB/35MB, paused 233us total 11.295ms
08-05 11:24:05.444 13125 13151 I art     : Starting a blocking GC Explicit
08-05 11:24:05.452   512  2967 D AudioFlinger: mixer(0xf4740000) throttle end: throttle time(12)
08-05 11:24:05.456 13125 13151 I art     : Explicit concurrent mark sweep GC freed 517(69KB) AllocSpace objects, 0(0B) LOS objects, 40% free, 21MB/35MB, paused 172us total 11.452ms
08-05 11:24:05.535 13866 13866 I GoogleInputMethodServic: GoogleInputMethodService.onFinishInput():3138 
08-05 11:24:05.535   918   936 I ActivityManager: Displayed baseline.org.quantumbadger.redreader/.settings.SettingsActivity: +132ms
08-05 11:24:05.535 13866 13866 I GoogleInputMethodServic: GoogleInputMethodService.onStartInput():1808 
08-05 11:24:05.576 13125 13146 D OpenGLRenderer: endAllStagingAnimators on 0x7f99f22800 (MenuPopupWindow$MenuDropDownListView) with handle 0x7f7f0bf120
08-05 11:24:05.681 13125 13137 I art     : Starting a blocking GC Explicit
08-05 11:24:05.694 13125 13137 I art     : Explicit concurrent mark sweep GC freed 1971(107KB) AllocSpace objects, 1(20KB) LOS objects, 40% free, 21MB/35MB, paused 121us total 13.219ms
08-05 11:24:05.703 13125 13137 I art     : Starting a blocking GC Explicit
08-05 11:24:05.719 13125 13137 I art     : Explicit concurrent mark sweep GC freed 146(5KB) AllocSpace objects, 0(0B) LOS objects, 40% free, 21MB/35MB, paused 199us total 15.864ms
08-05 11:24:05.730 13125 13137 I art     : Starting a blocking GC Explicit
08-05 11:24:05.746 13125 13137 I art     : Explicit concurrent mark sweep GC freed 100(4KB) AllocSpace objects, 0(0B) LOS objects, 40% free, 21MB/35MB, paused 133us total 15.591ms
08-05 11:24:05.755 13125 13137 I art     : Starting a blocking GC Explicit
08-05 11:24:05.769 13125 13137 I art     : Explicit concurrent mark sweep GC freed 3(96B) AllocSpace objects, 0(0B) LOS objects, 40% free, 21MB/35MB, paused 140us total 13.560ms
08-05 11:24:05.779 13125 13137 I art     : Starting a blocking GC Explicit
08-05 11:24:05.788   380   380 W SurfaceFlinger: couldn't log to binary event log: overflow.
08-05 11:24:05.794 13125 13137 I art     : Explicit concurrent mark sweep GC freed 3(96B) AllocSpace objects, 0(0B) LOS objects, 40% free, 21MB/35MB, paused 122us total 14.401ms
08-05 11:24:05.867 13424 13424 D AndroidRuntime: >>>>>> START com.android.internal.os.RuntimeInit uid 2000 <<<<<<
08-05 11:24:05.870 13424 13424 D AndroidRuntime: CheckJNI is OFF
08-05 11:24:05.893 13424 13424 D ICU     : No timezone override file found: /data/misc/zoneinfo/current/icu/icu_tzdata.dat
08-05 11:24:05.917 13424 13424 I Radio-JNI: register_android_hardware_Radio DONE
08-05 11:24:05.934 13424 13424 D AndroidRuntime: Calling main entry com.android.commands.input.Input
08-05 11:24:05.935 13424 13424 I Input   : injectMotionEvent: MotionEvent { action=ACTION_DOWN, actionButton=0, id[0]=0, x[0]=216.0, y[0]=853.0, toolType[0]=TOOL_TYPE_UNKNOWN, buttonState=0, metaState=0, flags=0x0, edgeFlags=0x0, pointerCount=1, historySize=0, eventTime=789862348, downTime=789862348, deviceId=0, source=0x1002 }
08-05 11:24:05.939   512  2967 D audio_hw_primary: disable_audio_route: reset and update mixer path: low-latency-playback speaker
08-05 11:24:05.941   512  2967 D audio_hw_primary: disable_snd_device: snd_device(2: speaker)
08-05 11:24:05.942 13424 13424 I Input   : injectMotionEvent: MotionEvent { action=ACTION_UP, actionButton=0, id[0]=0, x[0]=216.0, y[0]=853.0, toolType[0]=TOOL_TYPE_UNKNOWN, buttonState=0, metaState=0, flags=0x0, edgeFlags=0x0, pointerCount=1, historySize=0, eventTime=789862348, downTime=789862348, deviceId=0, source=0x1002 }
08-05 11:24:05.944 13424 13424 D AndroidRuntime: Shutting down VM
08-05 11:24:05.949   512  2967 I soundtrigger: audio_extn_sound_trigger_update_device_status: device 0x2 of type 0 for Event 0
08-05 11:24:06.011   512  2967 D audio_hw_primary: out_set_parameters: enter: usecase(1: low-latency-playback) kvpairs: routing=2
08-05 11:24:06.011   918  6029 I ActivityManager: START u0 {act=android.intent.action.MAIN cmp=baseline.org.quantumbadger.redreader/.settings.SettingsActivity (has extras)} from uid 10689 on display 0
08-05 11:24:06.024   512  2967 D audio_hw_primary: select_devices: out_snd_device(2: speaker) in_snd_device(0: none)
08-05 11:24:06.024   512  2967 D msm8974_platform: platform_send_audio_calibration: sending audio calibration for snd_device(2) acdb_id(15)
08-05 11:24:06.024   512  2967 I soundtrigger: audio_extn_sound_trigger_update_device_status: device 0x2 of type 0 for Event 1
08-05 11:24:06.024 13125 13151 I art     : Starting a blocking GC Explicit
08-05 11:24:06.034   512  2967 D audio_hw_primary: enable_snd_device: snd_device(2: speaker)
08-05 11:24:06.036   512  2967 D audio_hw_primary: enable_audio_route: apply and update mixer path: low-latency-playback speaker
08-05 11:24:06.037 13125 13151 I art     : Explicit concurrent mark sweep GC freed 1865(113KB) AllocSpace objects, 1(20KB) LOS objects, 40% free, 21MB/35MB, paused 292us total 12.680ms
08-05 11:24:06.046 13125 13151 I art     : Starting a blocking GC Explicit
08-05 11:24:06.059 13125 13151 I art     : Explicit concurrent mark sweep GC freed 457(79KB) AllocSpace objects, 1(20KB) LOS objects, 40% free, 21MB/35MB, paused 227us total 12.948ms
08-05 11:24:06.067 13125 13151 I art     : Starting a blocking GC Explicit
08-05 11:24:06.079   512  2967 D AudioFlinger: mixer(0xf4740000) throttle end: throttle time(12)
08-05 11:24:06.081 13125 13151 I art     : Explicit concurrent mark sweep GC freed 580(35KB) AllocSpace objects, 0(0B) LOS objects, 40% free, 21MB/35MB, paused 147us total 12.973ms
08-05 11:24:06.089 13125 13151 I art     : Starting a blocking GC Explicit
08-05 11:24:06.100 13125 13151 I art     : Explicit concurrent mark sweep GC freed 65(2944B) AllocSpace objects, 0(0B) LOS objects, 40% free, 21MB/35MB, paused 129us total 11.495ms
08-05 11:24:06.108 13125 13151 I art     : Starting a blocking GC Explicit
08-05 11:24:06.121 13125 13151 I art     : Explicit concurrent mark sweep GC freed 18(624B) AllocSpace objects, 0(0B) LOS objects, 40% free, 21MB/35MB, paused 1.375ms total 12.909ms
08-05 11:24:06.319   918   936 I ActivityManager: Displayed baseline.org.quantumbadger.redreader/.settings.SettingsActivity: +296ms
08-05 11:24:06.319 13866 13866 I GoogleInputMethodServic: GoogleInputMethodService.onFinishInput():3138 
08-05 11:24:06.320 13866 13866 I GoogleInputMethodServic: GoogleInputMethodService.onStartInput():1808 
08-05 11:24:06.338 13125 13146 D OpenGLRenderer: endAllStagingAnimators on 0x7f8058a000 (ListView) with handle 0x7f8053d820
08-05 11:24:06.371 13125 13151 I art     : Starting a blocking GC Explicit
08-05 11:24:06.391 13125 13151 I art     : Explicit concurrent mark sweep GC freed 78723(3MB) AllocSpace objects, 1(20KB) LOS objects, 40% free, 22MB/37MB, paused 142us total 19.538ms
08-05 11:24:06.400 13125 13151 I art     : Starting a blocking GC Explicit
08-05 11:24:06.414 13125 13151 I art     : Explicit concurrent mark sweep GC freed 2755(234KB) AllocSpace objects, 0(0B) LOS objects, 40% free, 22MB/36MB, paused 120us total 13.999ms
08-05 11:24:06.423 13125 13151 I art     : Starting a blocking GC Explicit
08-05 11:24:06.438 13125 13151 I art     : Explicit concurrent mark sweep GC freed 3(96B) AllocSpace objects, 0(0B) LOS objects, 40% free, 22MB/36MB, paused 177us total 14.295ms
08-05 11:24:06.447 13125 13151 I art     : Starting a blocking GC Explicit
08-05 11:24:06.461 13125 13151 I art     : Explicit concurrent mark sweep GC freed 3(96B) AllocSpace objects, 0(0B) LOS objects, 40% free, 22MB/36MB, paused 131us total 14ms
08-05 11:24:06.470 13125 13151 I art     : Starting a blocking GC Explicit
08-05 11:24:06.485 13125 13151 I art     : Explicit concurrent mark sweep GC freed 59(2448B) AllocSpace objects, 0(0B) LOS objects, 40% free, 22MB/36MB, paused 132us total 15.497ms
08-05 11:24:06.486 13457 13457 D AndroidRuntime: >>>>>> START com.android.internal.os.RuntimeInit uid 2000 <<<<<<
08-05 11:24:06.490 13457 13457 D AndroidRuntime: CheckJNI is OFF
08-05 11:24:06.515 13457 13457 D ICU     : No timezone override file found: /data/misc/zoneinfo/current/icu/icu_tzdata.dat
08-05 11:24:06.545 13457 13457 I Radio-JNI: register_android_hardware_Radio DONE
08-05 11:24:06.563 13457 13457 D AndroidRuntime: Calling main entry com.android.commands.input.Input
08-05 11:24:06.566 13457 13457 I Input   : injectMotionEvent: MotionEvent { action=ACTION_DOWN, actionButton=0, id[0]=0, x[0]=1318.0, y[0]=1194.0, toolType[0]=TOOL_TYPE_UNKNOWN, buttonState=0, metaState=0, flags=0x0, edgeFlags=0x0, pointerCount=1, historySize=0, eventTime=789862978, downTime=789862978, deviceId=0, source=0x1002 }
08-05 11:24:06.571   512  2967 D audio_hw_primary: disable_audio_route: reset and update mixer path: low-latency-playback speaker
08-05 11:24:06.571   380   380 W SurfaceFlinger: couldn't log to binary event log: overflow.
08-05 11:24:06.572 13457 13457 I Input   : injectMotionEvent: MotionEvent { action=ACTION_UP, actionButton=0, id[0]=0, x[0]=1318.0, y[0]=1194.0, toolType[0]=TOOL_TYPE_UNKNOWN, buttonState=0, metaState=0, flags=0x0, edgeFlags=0x0, pointerCount=1, historySize=0, eventTime=789862978, downTime=789862978, deviceId=0, source=0x1002 }
08-05 11:24:06.572   512  2967 D audio_hw_primary: disable_snd_device: snd_device(2: speaker)
08-05 11:24:06.575 13457 13457 D AndroidRuntime: Shutting down VM
08-05 11:24:06.582   512  2967 I soundtrigger: audio_extn_sound_trigger_update_device_status: device 0x2 of type 0 for Event 0
08-05 11:24:06.643   512  2967 D audio_hw_primary: out_set_parameters: enter: usecase(1: low-latency-playback) kvpairs: routing=2
08-05 11:24:06.655   512  2967 D audio_hw_primary: select_devices: out_snd_device(2: speaker) in_snd_device(0: none)
08-05 11:24:06.655   512  2967 D msm8974_platform: platform_send_audio_calibration: sending audio calibration for snd_device(2) acdb_id(15)
08-05 11:24:06.656   512  2967 I soundtrigger: audio_extn_sound_trigger_update_device_status: device 0x2 of type 0 for Event 1
08-05 11:24:06.667   512  2967 D audio_hw_primary: enable_snd_device: snd_device(2: speaker)
08-05 11:24:06.670   512  2967 D audio_hw_primary: enable_audio_route: apply and update mixer path: low-latency-playback speaker
08-05 11:24:06.713   512  2967 D AudioFlinger: mixer(0xf4740000) throttle end: throttle time(12)
08-05 11:24:06.747 13125 13356 I art     : Starting a blocking GC Explicit
08-05 11:24:06.763 13125 13356 I art     : Explicit concurrent mark sweep GC freed 2032(124KB) AllocSpace objects, 2(40KB) LOS objects, 40% free, 22MB/36MB, paused 143us total 16.039ms
08-05 11:24:06.773 13125 13356 I art     : Starting a blocking GC Explicit
08-05 11:24:06.788 13125 13356 I art     : Explicit concurrent mark sweep GC freed 60(2304B) AllocSpace objects, 0(0B) LOS objects, 40% free, 22MB/36MB, paused 202us total 15.271ms
08-05 11:24:06.798 13125 13356 I art     : Starting a blocking GC Explicit
08-05 11:24:06.813 13125 13356 I art     : Explicit concurrent mark sweep GC freed 30(1248B) AllocSpace objects, 0(0B) LOS objects, 40% free, 22MB/36MB, paused 144us total 14.597ms
08-05 11:24:06.822 13125 13356 I art     : Starting a blocking GC Explicit
08-05 11:24:06.837 13125 13356 I art     : Explicit concurrent mark sweep GC freed 16(624B) AllocSpace objects, 0(0B) LOS objects, 40% free, 22MB/36MB, paused 158us total 14.795ms
08-05 11:24:06.846 13125 13356 I art     : Starting a blocking GC Explicit
08-05 11:24:06.860 13125 13356 I art     : Explicit concurrent mark sweep GC freed 53(2368B) AllocSpace objects, 0(0B) LOS objects, 40% free, 22MB/36MB, paused 123us total 13.846ms
08-05 11:24:07.098 13125 13137 I art     : Starting a blocking GC Explicit
08-05 11:24:07.112 13125 13137 I art     : Explicit concurrent mark sweep GC freed 1443(82KB) AllocSpace objects, 1(20KB) LOS objects, 40% free, 22MB/36MB, paused 121us total 14.281ms
08-05 11:24:07.115 13488 13488 D AndroidRuntime: >>>>>> START com.android.internal.os.RuntimeInit uid 2000 <<<<<<
08-05 11:24:07.119 13488 13488 D AndroidRuntime: CheckJNI is OFF
08-05 11:24:07.121 13125 13137 I art     : Starting a blocking GC Explicit
08-05 11:24:07.134 13125 13137 I art     : Explicit concurrent mark sweep GC freed 63(2128B) AllocSpace objects, 0(0B) LOS objects, 40% free, 22MB/36MB, paused 135us total 13.665ms
08-05 11:24:07.142 13125 13137 I art     : Starting a blocking GC Explicit
08-05 11:24:07.145 13488 13488 D ICU     : No timezone override file found: /data/misc/zoneinfo/current/icu/icu_tzdata.dat
08-05 11:24:07.157 13125 13137 I art     : Explicit concurrent mark sweep GC freed 13(480B) AllocSpace objects, 0(0B) LOS objects, 40% free, 22MB/36MB, paused 294us total 14.132ms
08-05 11:24:07.165 13125 13137 I art     : Starting a blocking GC Explicit
08-05 11:24:07.170 13488 13488 I Radio-JNI: register_android_hardware_Radio DONE
08-05 11:24:07.179 13125 13137 I art     : Explicit concurrent mark sweep GC freed 14(528B) AllocSpace objects, 0(0B) LOS objects, 40% free, 22MB/36MB, paused 120us total 13.542ms
08-05 11:24:07.186 13488 13488 D AndroidRuntime: Calling main entry com.android.commands.input.Input
08-05 11:24:07.187 13125 13137 I art     : Starting a blocking GC Explicit
08-05 11:24:07.187 13488 13488 I Input   : injectMotionEvent: MotionEvent { action=ACTION_DOWN, actionButton=0, id[0]=0, x[0]=1309.0, y[0]=1701.0, toolType[0]=TOOL_TYPE_UNKNOWN, buttonState=0, metaState=0, flags=0x0, edgeFlags=0x0, pointerCount=1, historySize=0, eventTime=789863600, downTime=789863600, deviceId=0, source=0x1002 }
08-05 11:24:07.192 13488 13488 I Input   : injectMotionEvent: MotionEvent { action=ACTION_UP, actionButton=0, id[0]=0, x[0]=1309.0, y[0]=1701.0, toolType[0]=TOOL_TYPE_UNKNOWN, buttonState=0, metaState=0, flags=0x0, edgeFlags=0x0, pointerCount=1, historySize=0, eventTime=789863600, downTime=789863600, deviceId=0, source=0x1002 }
08-05 11:24:07.194 13488 13488 D AndroidRuntime: Shutting down VM
08-05 11:24:07.198   512  2967 D audio_hw_primary: disable_audio_route: reset and update mixer path: low-latency-playback speaker
08-05 11:24:07.199   512  2967 D audio_hw_primary: disable_snd_device: snd_device(2: speaker)
08-05 11:24:07.200 13125 13137 I art     : Explicit concurrent mark sweep GC freed 84(3KB) AllocSpace objects, 0(0B) LOS objects, 40% free, 22MB/36MB, paused 132us total 13.624ms
08-05 11:24:07.209   512  2967 I soundtrigger: audio_extn_sound_trigger_update_device_status: device 0x2 of type 0 for Event 0
08-05 11:24:07.260   512  2967 D audio_hw_primary: out_set_parameters: enter: usecase(1: low-latency-playback) kvpairs: routing=2
08-05 11:24:07.275   512  2967 D audio_hw_primary: select_devices: out_snd_device(2: speaker) in_snd_device(0: none)
08-05 11:24:07.275   512  2967 D msm8974_platform: platform_send_audio_calibration: sending audio calibration for snd_device(2) acdb_id(15)
08-05 11:24:07.275   512  2967 I soundtrigger: audio_extn_sound_trigger_update_device_status: device 0x2 of type 0 for Event 1
08-05 11:24:07.284   512  2967 D audio_hw_primary: enable_snd_device: snd_device(2: speaker)
08-05 11:24:07.287   512  2967 D audio_hw_primary: enable_audio_route: apply and update mixer path: low-latency-playback speaker
08-05 11:24:07.330   512  2967 D AudioFlinger: mixer(0xf4740000) throttle end: throttle time(12)
08-05 11:24:07.458 13125 13137 I art     : Starting a blocking GC Explicit
08-05 11:24:07.475 13125 13137 I art     : Explicit concurrent mark sweep GC freed 2099(127KB) AllocSpace objects, 2(40KB) LOS objects, 40% free, 22MB/37MB, paused 135us total 16.826ms
08-05 11:24:07.485 13125 13137 I art     : Starting a blocking GC Explicit
08-05 11:24:07.500 13125 13137 I art     : Explicit concurrent mark sweep GC freed 86(3KB) AllocSpace objects, 0(0B) LOS objects, 40% free, 22MB/37MB, paused 147us total 15.352ms
08-05 11:24:07.509 13125 13137 I art     : Starting a blocking GC Explicit
08-05 11:24:07.524 13125 13137 I art     : Explicit concurrent mark sweep GC freed 15(560B) AllocSpace objects, 0(0B) LOS objects, 40% free, 22MB/37MB, paused 223us total 14.359ms
08-05 11:24:07.533 13125 13137 I art     : Starting a blocking GC Explicit
08-05 11:24:07.547 13125 13137 I art     : Explicit concurrent mark sweep GC freed 12(448B) AllocSpace objects, 0(0B) LOS objects, 40% free, 22MB/37MB, paused 142us total 13.763ms
08-05 11:24:07.556 13125 13137 I art     : Starting a blocking GC Explicit
08-05 11:24:07.570 13125 13137 I art     : Explicit concurrent mark sweep GC freed 13(448B) AllocSpace objects, 0(0B) LOS objects, 40% free, 22MB/37MB, paused 147us total 14.518ms
08-05 11:24:07.732 13521 13521 D AndroidRuntime: >>>>>> START com.android.internal.os.RuntimeInit uid 2000 <<<<<<
08-05 11:24:07.737 13521 13521 D AndroidRuntime: CheckJNI is OFF
08-05 11:24:07.761 13521 13521 D ICU     : No timezone override file found: /data/misc/zoneinfo/current/icu/icu_tzdata.dat
08-05 11:24:07.786 13521 13521 I Radio-JNI: register_android_hardware_Radio DONE
08-05 11:24:07.801 13521 13521 D AndroidRuntime: Calling main entry com.android.commands.input.Input
08-05 11:24:07.802 13521 13521 I Input   : injectMotionEvent: MotionEvent { action=ACTION_DOWN, actionButton=0, id[0]=0, x[0]=477.0, y[0]=805.0, toolType[0]=TOOL_TYPE_UNKNOWN, buttonState=0, metaState=0, flags=0x0, edgeFlags=0x0, pointerCount=1, historySize=0, eventTime=789864215, downTime=789864215, deviceId=0, source=0x1002 }
08-05 11:24:07.806 13521 13521 I Input   : injectMotionEvent: MotionEvent { action=ACTION_UP, actionButton=0, id[0]=0, x[0]=477.0, y[0]=805.0, toolType[0]=TOOL_TYPE_UNKNOWN, buttonState=0, metaState=0, flags=0x0, edgeFlags=0x0, pointerCount=1, historySize=0, eventTime=789864215, downTime=789864215, deviceId=0, source=0x1002 }
08-05 11:24:07.811 13521 13521 D AndroidRuntime: Shutting down VM
08-05 11:24:07.816 13125 13137 I art     : Starting a blocking GC Explicit
08-05 11:24:07.818   512  2967 D audio_hw_primary: disable_audio_route: reset and update mixer path: low-latency-playback speaker
08-05 11:24:07.819   512  2967 D audio_hw_primary: disable_snd_device: snd_device(2: speaker)
08-05 11:24:07.828   512  2967 I soundtrigger: audio_extn_sound_trigger_update_device_status: device 0x2 of type 0 for Event 0
08-05 11:24:07.832 13125 13137 I art     : Explicit concurrent mark sweep GC freed 1520(85KB) AllocSpace objects, 1(20KB) LOS objects, 40% free, 22MB/37MB, paused 123us total 15.539ms
08-05 11:24:07.841 13125 13137 I art     : Starting a blocking GC Explicit
08-05 11:24:07.854 13125 13137 I art     : Explicit concurrent mark sweep GC freed 80(2688B) AllocSpace objects, 0(0B) LOS objects, 40% free, 22MB/37MB, paused 133us total 13.485ms
08-05 11:24:07.863 13125 13137 I art     : Starting a blocking GC Explicit
08-05 11:24:07.876 13125 13137 I art     : Explicit concurrent mark sweep GC freed 8(256B) AllocSpace objects, 0(0B) LOS objects, 40% free, 22MB/37MB, paused 118us total 13.466ms
08-05 11:24:07.885 13125 13137 I art     : Starting a blocking GC Explicit
08-05 11:24:07.893   512  2967 D audio_hw_primary: out_set_parameters: enter: usecase(1: low-latency-playback) kvpairs: routing=2
08-05 11:24:07.900 13125 13137 I art     : Explicit concurrent mark sweep GC freed 86(12KB) AllocSpace objects, 0(0B) LOS objects, 40% free, 22MB/37MB, paused 404us total 14.790ms
08-05 11:24:07.906   512  2967 D audio_hw_primary: select_devices: out_snd_device(2: speaker) in_snd_device(0: none)
08-05 11:24:07.906   512  2967 D msm8974_platform: platform_send_audio_calibration: sending audio calibration for snd_device(2) acdb_id(15)
08-05 11:24:07.906   512  2967 I soundtrigger: audio_extn_sound_trigger_update_device_status: device 0x2 of type 0 for Event 1
08-05 11:24:07.909 13125 13137 I art     : Starting a blocking GC Explicit
08-05 11:24:07.918   512  2967 D audio_hw_primary: enable_snd_device: snd_device(2: speaker)
08-05 11:24:07.920   512  2967 D audio_hw_primary: enable_audio_route: apply and update mixer path: low-latency-playback speaker
08-05 11:24:07.925 13125 13137 I art     : Explicit concurrent mark sweep GC freed 685(75KB) AllocSpace objects, 0(0B) LOS objects, 40% free, 22MB/37MB, paused 187us total 15.674ms
08-05 11:24:07.962   512  2967 D AudioFlinger: mixer(0xf4740000) throttle end: throttle time(12)
08-05 11:24:08.170 13125 13356 I art     : Starting a blocking GC Explicit
08-05 11:24:08.190 13125 13356 I art     : Explicit concurrent mark sweep GC freed 2041(127KB) AllocSpace objects, 1(20KB) LOS objects, 40% free, 22MB/37MB, paused 142us total 20.322ms
08-05 11:24:08.201 13125 13356 I art     : Starting a blocking GC Explicit
08-05 11:24:08.220 13125 13356 I art     : Explicit concurrent mark sweep GC freed 111(4KB) AllocSpace objects, 0(0B) LOS objects, 40% free, 22MB/37MB, paused 157us total 18.649ms
08-05 11:24:08.230 13125 13356 I art     : Starting a blocking GC Explicit
08-05 11:24:08.250 13125 13356 I art     : Explicit concurrent mark sweep GC freed 7(224B) AllocSpace objects, 0(0B) LOS objects, 40% free, 22MB/37MB, paused 148us total 19.523ms
08-05 11:24:08.261 13125 13356 I art     : Starting a blocking GC Explicit
08-05 11:24:08.278 13125 13356 I art     : Explicit concurrent mark sweep GC freed 3(96B) AllocSpace objects, 0(0B) LOS objects, 40% free, 22MB/37MB, paused 146us total 16.998ms
08-05 11:24:08.288 13125 13356 I art     : Starting a blocking GC Explicit
08-05 11:24:08.305 13125 13356 I art     : Explicit concurrent mark sweep GC freed 3(96B) AllocSpace objects, 0(0B) LOS objects, 40% free, 22MB/37MB, paused 129us total 17.003ms
08-05 11:24:08.378 13543 13543 D AndroidRuntime: >>>>>> START com.android.internal.os.RuntimeInit uid 2000 <<<<<<
08-05 11:24:08.382 13543 13543 D AndroidRuntime: CheckJNI is OFF
08-05 11:24:08.407 13543 13543 D ICU     : No timezone override file found: /data/misc/zoneinfo/current/icu/icu_tzdata.dat
08-05 11:24:08.434 13543 13543 I Radio-JNI: register_android_hardware_Radio DONE
08-05 11:24:08.449   512  2967 D audio_hw_primary: disable_audio_route: reset and update mixer path: low-latency-playback speaker
08-05 11:24:08.450 13543 13543 D AndroidRuntime: Calling main entry com.android.commands.input.Input
08-05 11:24:08.451   512  2967 D audio_hw_primary: disable_snd_device: snd_device(2: speaker)
08-05 11:24:08.452 13543 13543 I Input   : injectMotionEvent: MotionEvent { action=ACTION_DOWN, actionButton=0, id[0]=0, x[0]=463.0, y[0]=464.0, toolType[0]=TOOL_TYPE_UNKNOWN, buttonState=0, metaState=0, flags=0x0, edgeFlags=0x0, pointerCount=1, historySize=0, eventTime=789864865, downTime=789864865, deviceId=0, source=0x1002 }
08-05 11:24:08.456 13543 13543 I Input   : injectMotionEvent: MotionEvent { action=ACTION_UP, actionButton=0, id[0]=0, x[0]=463.0, y[0]=464.0, toolType[0]=TOOL_TYPE_UNKNOWN, buttonState=0, metaState=0, flags=0x0, edgeFlags=0x0, pointerCount=1, historySize=0, eventTime=789864865, downTime=789864865, deviceId=0, source=0x1002 }
08-05 11:24:08.458 13543 13543 D AndroidRuntime: Shutting down VM
08-05 11:24:08.459   512  2967 I soundtrigger: audio_extn_sound_trigger_update_device_status: device 0x2 of type 0 for Event 0
08-05 11:24:08.526   512  2967 D audio_hw_primary: out_set_parameters: enter: usecase(1: low-latency-playback) kvpairs: routing=2
08-05 11:24:08.539   918  3359 W InputMethodManagerService: Window already focused, ignoring focus gain of: com.android.internal.view.IInputMethodClient$Stub$Proxy@d73a0ef attribute=null, token = android.os.BinderProxy@61a771b
08-05 11:24:08.539   512  2967 D audio_hw_primary: select_devices: out_snd_device(2: speaker) in_snd_device(0: none)
08-05 11:24:08.539   512  2967 D msm8974_platform: platform_send_audio_calibration: sending audio calibration for snd_device(2) acdb_id(15)
08-05 11:24:08.540   512  2967 I soundtrigger: audio_extn_sound_trigger_update_device_status: device 0x2 of type 0 for Event 1
08-05 11:24:08.552   512  2967 D audio_hw_primary: enable_snd_device: snd_device(2: speaker)
08-05 11:24:08.554   512  2967 D audio_hw_primary: enable_audio_route: apply and update mixer path: low-latency-playback speaker
08-05 11:24:08.564 13125 13151 I art     : Starting a blocking GC Explicit
08-05 11:24:08.581 13125 13151 I art     : Explicit concurrent mark sweep GC freed 1674(105KB) AllocSpace objects, 2(40KB) LOS objects, 40% free, 22MB/37MB, paused 195us total 16.828ms
08-05 11:24:08.590 13125 13151 I art     : Starting a blocking GC Explicit
08-05 11:24:08.595   512  2967 D AudioFlinger: mixer(0xf4740000) throttle end: throttle time(12)
08-05 11:24:08.606 13125 13151 I art     : Explicit concurrent mark sweep GC freed 119(6KB) AllocSpace objects, 0(0B) LOS objects, 40% free, 22MB/37MB, paused 121us total 15.589ms
08-05 11:24:08.615 13125 13151 I art     : Starting a blocking GC Explicit
08-05 11:24:08.631 13125 13151 I art     : Explicit concurrent mark sweep GC freed 3(96B) AllocSpace objects, 0(0B) LOS objects, 40% free, 22MB/37MB, paused 196us total 15.970ms
08-05 11:24:08.641 13125 13151 I art     : Starting a blocking GC Explicit
08-05 11:24:08.658 13125 13151 I art     : Explicit concurrent mark sweep GC freed 3(96B) AllocSpace objects, 0(0B) LOS objects, 40% free, 22MB/37MB, paused 116us total 16.935ms
08-05 11:24:08.668 13125 13151 I art     : Starting a blocking GC Explicit
08-05 11:24:08.686 13125 13151 I art     : Explicit concurrent mark sweep GC freed 3(96B) AllocSpace objects, 0(0B) LOS objects, 40% free, 22MB/37MB, paused 139us total 17.183ms
08-05 11:24:08.724   380   380 W SurfaceFlinger: couldn't log to binary event log: overflow.
08-05 11:24:08.922 13125 13356 I art     : Starting a blocking GC Explicit
08-05 11:24:08.938 13125 13356 I art     : Explicit concurrent mark sweep GC freed 1338(78KB) AllocSpace objects, 1(20KB) LOS objects, 40% free, 22MB/37MB, paused 150us total 16.390ms
08-05 11:24:08.947 13125 13356 I art     : Starting a blocking GC Explicit
08-05 11:24:08.964 13125 13356 I art     : Explicit concurrent mark sweep GC freed 22(768B) AllocSpace objects, 0(0B) LOS objects, 40% free, 22MB/37MB, paused 155us total 16.311ms
08-05 11:24:08.973 13125 13356 I art     : Starting a blocking GC Explicit
08-05 11:24:08.990 13125 13356 I art     : Explicit concurrent mark sweep GC freed 3(96B) AllocSpace objects, 0(0B) LOS objects, 40% free, 22MB/37MB, paused 139us total 16.462ms
08-05 11:24:08.998 13125 13356 I art     : Starting a blocking GC Explicit
08-05 11:24:09.010 13575 13575 D AndroidRuntime: >>>>>> START com.android.internal.os.RuntimeInit uid 2000 <<<<<<
08-05 11:24:09.013 13575 13575 D AndroidRuntime: CheckJNI is OFF
08-05 11:24:09.014 13125 13356 I art     : Explicit concurrent mark sweep GC freed 3(96B) AllocSpace objects, 0(0B) LOS objects, 40% free, 22MB/37MB, paused 133us total 15.559ms
08-05 11:24:09.023 13125 13356 I art     : Starting a blocking GC Explicit
08-05 11:24:09.038 13125 13356 I art     : Explicit concurrent mark sweep GC freed 3(96B) AllocSpace objects, 0(0B) LOS objects, 40% free, 22MB/37MB, paused 138us total 15.210ms
08-05 11:24:09.042 13575 13575 D ICU     : No timezone override file found: /data/misc/zoneinfo/current/icu/icu_tzdata.dat
08-05 11:24:09.067 13575 13575 I Radio-JNI: register_android_hardware_Radio DONE
08-05 11:24:09.083 13575 13575 D AndroidRuntime: Calling main entry com.android.commands.input.Input
08-05 11:24:09.084 13575 13575 I Input   : injectKeyEvent: KeyEvent { action=ACTION_DOWN, keyCode=KEYCODE_BACK, scanCode=0, metaState=0, flags=0x0, repeatCount=0, eventTime=789865497, downTime=789865497, deviceId=-1, source=0x101 }
08-05 11:24:09.089 13575 13575 I Input   : injectKeyEvent: KeyEvent { action=ACTION_UP, keyCode=KEYCODE_BACK, scanCode=0, metaState=0, flags=0x0, repeatCount=0, eventTime=789865497, downTime=789865497, deviceId=-1, source=0x101 }
08-05 11:24:09.093 13575 13575 D AndroidRuntime: Shutting down VM
08-05 11:24:09.098   512  2967 D audio_hw_primary: disable_audio_route: reset and update mixer path: low-latency-playback speaker
08-05 11:24:09.099   512  2967 D audio_hw_primary: disable_snd_device: snd_device(2: speaker)
08-05 11:24:09.107   512  2967 I soundtrigger: audio_extn_sound_trigger_update_device_status: device 0x2 of type 0 for Event 0
08-05 11:24:09.133 13866 13866 I GoogleInputMethodServic: GoogleInputMethodService.onFinishInput():3138 
08-05 11:24:09.134 13866 13866 I GoogleInputMethodServic: GoogleInputMethodService.onStartInput():1808 
08-05 11:24:09.298 13125 13151 I art     : Starting a blocking GC Explicit
08-05 11:24:09.321 13125 13151 I art     : Explicit concurrent mark sweep GC freed 1442(84KB) AllocSpace objects, 1(20KB) LOS objects, 40% free, 22MB/37MB, paused 127us total 22.883ms
08-05 11:24:09.331 13125 13151 I art     : Starting a blocking GC Explicit
08-05 11:24:09.348 13125 13151 I art     : Explicit concurrent mark sweep GC freed 34(1200B) AllocSpace objects, 0(0B) LOS objects, 40% free, 22MB/37MB, paused 139us total 16.544ms
08-05 11:24:09.358 13125 13151 I art     : Starting a blocking GC Explicit
08-05 11:24:09.374 13125 13151 I art     : Explicit concurrent mark sweep GC freed 3(96B) AllocSpace objects, 0(0B) LOS objects, 40% free, 22MB/37MB, paused 118us total 16.350ms
08-05 11:24:09.383 13125 13151 I art     : Starting a blocking GC Explicit
08-05 11:24:09.398 13125 13151 I art     : Explicit concurrent mark sweep GC freed 3(96B) AllocSpace objects, 0(0B) LOS objects, 40% free, 22MB/37MB, paused 130us total 15.144ms
08-05 11:24:09.407 13125 13151 I art     : Starting a blocking GC Explicit
08-05 11:24:09.422 13125 13151 I art     : Explicit concurrent mark sweep GC freed 3(96B) AllocSpace objects, 0(0B) LOS objects, 40% free, 22MB/37MB, paused 127us total 14.503ms
08-05 11:24:09.422 13125 13134 I art     : WaitForGcToComplete blocked for 13.938ms for cause HeapTrim
08-05 11:24:09.424   380   380 W SurfaceFlinger: couldn't log to binary event log: overflow.
08-05 11:24:09.645 13607 13607 D AndroidRuntime: >>>>>> START com.android.internal.os.RuntimeInit uid 2000 <<<<<<
08-05 11:24:09.649 13607 13607 D AndroidRuntime: CheckJNI is OFF
08-05 11:24:09.665 13125 13137 I art     : Starting a blocking GC Explicit
08-05 11:24:09.677 13607 13607 D ICU     : No timezone override file found: /data/misc/zoneinfo/current/icu/icu_tzdata.dat
08-05 11:24:09.681 13125 13137 I art     : Explicit concurrent mark sweep GC freed 1487(85KB) AllocSpace objects, 1(20KB) LOS objects, 40% free, 22MB/37MB, paused 187us total 16.643ms
08-05 11:24:09.692 13125 13137 I art     : Starting a blocking GC Explicit
08-05 11:24:09.704 13607 13607 I Radio-JNI: register_android_hardware_Radio DONE
08-05 11:24:09.706 13125 13137 I art     : Explicit concurrent mark sweep GC freed 13730(693KB) AllocSpace objects, 7(340KB) LOS objects, 40% free, 21MB/35MB, paused 139us total 13.824ms
08-05 11:24:09.714 13125 13137 I art     : Starting a blocking GC Explicit
08-05 11:24:09.721 13607 13607 D AndroidRuntime: Calling main entry com.android.commands.input.Input
08-05 11:24:09.722 13607 13607 I Input   : injectKeyEvent: KeyEvent { action=ACTION_DOWN, keyCode=KEYCODE_BACK, scanCode=0, metaState=0, flags=0x0, repeatCount=0, eventTime=789866135, downTime=789866135, deviceId=-1, source=0x101 }
08-05 11:24:09.725 13125 13137 I art     : Explicit concurrent mark sweep GC freed 8(288B) AllocSpace objects, 0(0B) LOS objects, 40% free, 21MB/35MB, paused 128us total 10.874ms
08-05 11:24:09.727 13607 13607 I Input   : injectKeyEvent: KeyEvent { action=ACTION_UP, keyCode=KEYCODE_BACK, scanCode=0, metaState=0, flags=0x0, repeatCount=0, eventTime=789866135, downTime=789866135, deviceId=-1, source=0x101 }
08-05 11:24:09.732 13607 13607 D AndroidRuntime: Shutting down VM
08-05 11:24:09.733 13125 13137 I art     : Starting a blocking GC Explicit
08-05 11:24:09.744 13125 13137 I art     : Explicit concurrent mark sweep GC freed 104(3KB) AllocSpace objects, 0(0B) LOS objects, 40% free, 21MB/35MB, paused 148us total 11.241ms
08-05 11:24:09.754 13125 13137 I art     : Starting a blocking GC Explicit
08-05 11:24:09.764 13125 13137 I art     : Explicit concurrent mark sweep GC freed 16(1888B) AllocSpace objects, 0(0B) LOS objects, 40% free, 21MB/35MB, paused 135us total 10.539ms
08-05 11:24:09.766 13866 13866 I GoogleInputMethodServic: GoogleInputMethodService.onFinishInput():3138 
08-05 11:24:09.767 13866 13866 I GoogleInputMethodServic: GoogleInputMethodService.onStartInput():1808 
08-05 11:24:10.023 13125 13151 I art     : Starting a blocking GC Explicit
08-05 11:24:10.036 13125 13151 I art     : Explicit concurrent mark sweep GC freed 1399(80KB) AllocSpace objects, 1(20KB) LOS objects, 40% free, 21MB/35MB, paused 118us total 12.867ms
08-05 11:24:10.044 13125 13151 I art     : Starting a blocking GC Explicit
08-05 11:24:10.056 13125 13151 I art     : Explicit concurrent mark sweep GC freed 24(864B) AllocSpace objects, 0(0B) LOS objects, 40% free, 21MB/35MB, paused 135us total 11.752ms
08-05 11:24:10.064 13125 13151 I art     : Starting a blocking GC Explicit
08-05 11:24:10.077 13125 13151 I art     : Explicit concurrent mark sweep GC freed 28(1200B) AllocSpace objects, 0(0B) LOS objects, 40% free, 21MB/35MB, paused 141us total 12.507ms
08-05 11:24:10.087 13125 13151 I art     : Starting a blocking GC Explicit
08-05 11:24:10.098 13125 13151 I art     : Explicit concurrent mark sweep GC freed 126(10KB) AllocSpace objects, 0(0B) LOS objects, 40% free, 21MB/35MB, paused 117us total 10.991ms
08-05 11:24:10.105 13125 13151 I art     : Starting a blocking GC Explicit
08-05 11:24:10.116 13125 13151 I art     : Explicit concurrent mark sweep GC freed 3(96B) AllocSpace objects, 0(0B) LOS objects, 40% free, 21MB/35MB, paused 124us total 10.559ms
08-05 11:24:10.290 13635 13635 D AndroidRuntime: >>>>>> START com.android.internal.os.RuntimeInit uid 2000 <<<<<<
08-05 11:24:10.294 13635 13635 D AndroidRuntime: CheckJNI is OFF
08-05 11:24:10.320 13635 13635 D ICU     : No timezone override file found: /data/misc/zoneinfo/current/icu/icu_tzdata.dat
08-05 11:24:10.345 13635 13635 I Radio-JNI: register_android_hardware_Radio DONE
08-05 11:24:10.361 13635 13635 D AndroidRuntime: Calling main entry com.android.commands.input.Input
08-05 11:24:10.363 13635 13635 I Input   : injectMotionEvent: MotionEvent { action=ACTION_DOWN, actionButton=0, id[0]=0, x[0]=600.0, y[0]=1536.0, toolType[0]=TOOL_TYPE_UNKNOWN, buttonState=0, metaState=0, flags=0x0, edgeFlags=0x0, pointerCount=1, historySize=0, eventTime=789866775, downTime=789866775, deviceId=0, source=0x1002 }
08-05 11:24:10.364 13125 13356 I art     : Starting a blocking GC Explicit
08-05 11:24:10.367 13635 13635 I Input   : injectMotionEvent: MotionEvent { action=ACTION_UP, actionButton=0, id[0]=0, x[0]=600.0, y[0]=1536.0, toolType[0]=TOOL_TYPE_UNKNOWN, buttonState=0, metaState=0, flags=0x0, edgeFlags=0x0, pointerCount=1, historySize=0, eventTime=789866775, downTime=789866775, deviceId=0, source=0x1002 }
08-05 11:24:10.368 13635 13635 D AndroidRuntime: Shutting down VM
08-05 11:24:10.380   512  2967 D audio_hw_primary: out_set_parameters: enter: usecase(1: low-latency-playback) kvpairs: routing=2
08-05 11:24:10.382   918  3714 I ActivityManager: START u0 {dat=https://oauth.reddit.com/... cmp=baseline.org.quantumbadger.redreader/.activities.PostListingActivity} from uid 10689 on display 0
08-05 11:24:10.384 13125 13356 I art     : Explicit concurrent mark sweep GC freed 1408(85KB) AllocSpace objects, 1(20KB) LOS objects, 40% free, 21MB/35MB, paused 180us total 19.894ms
08-05 11:24:10.393   512  2967 D audio_hw_primary: select_devices: out_snd_device(2: speaker) in_snd_device(0: none)
08-05 11:24:10.394   512  2967 D msm8974_platform: platform_send_audio_calibration: sending audio calibration for snd_device(2) acdb_id(15)
08-05 11:24:10.394   512  2967 I soundtrigger: audio_extn_sound_trigger_update_device_status: device 0x2 of type 0 for Event 1
08-05 11:24:10.395 13125 13356 I art     : Starting a blocking GC Explicit
08-05 11:24:10.407   512  2967 D audio_hw_primary: enable_snd_device: snd_device(2: speaker)
08-05 11:24:10.408 13125 13356 I art     : Explicit concurrent mark sweep GC freed 202(16KB) AllocSpace objects, 0(0B) LOS objects, 40% free, 21MB/35MB, paused 195us total 13.067ms
08-05 11:24:10.409 13125 13125 I AppCompatViewInflater: app:theme is now deprecated. Please move to using android:theme instead.
08-05 11:24:10.409   512  2967 D audio_hw_primary: enable_audio_route: apply and update mixer path: low-latency-playback speaker
08-05 11:24:10.416 13125 13356 I art     : Starting a blocking GC Explicit
08-05 11:24:10.429 13125 13356 I art     : Explicit concurrent mark sweep GC freed 3615(248KB) AllocSpace objects, 0(0B) LOS objects, 40% free, 21MB/35MB, paused 309us total 12.536ms
08-05 11:24:10.437 13125 13356 I art     : Starting a blocking GC Explicit
08-05 11:24:10.447 13125 13660 I RawObjectDB query string: CREATE TABLE objects(RawObjectDB_id TEXT PRIMARY KEY ON CONFLICT REPLACE,RawObjectDB_timestamp INTEGER,accounts_active INTEGER,created INTEGER,created_utc INTEGER,description TEXT,description_html TEXT,display_name TEXT,header_img TEXT,header_title TEXT,id TEXT,name TEXT,over18 INTEGER,public_description TEXT,subscribers INTEGER,title TEXT,url TEXT)
08-05 11:24:10.449 13125 13356 I art     : Explicit concurrent mark sweep GC freed 564(32KB) AllocSpace objects, 0(0B) LOS objects, 40% free, 21MB/35MB, paused 164us total 11.616ms
08-05 11:24:10.457 13125 13356 I art     : Starting a blocking GC Explicit
08-05 11:24:10.469 13125 13356 I art     : Explicit concurrent mark sweep GC freed 262(29KB) AllocSpace objects, 0(0B) LOS objects, 40% free, 21MB/36MB, paused 451us total 11.937ms
08-05 11:24:10.485 13125 13661 D OK      : calling: https://www.reddit.com/api/v1/access_token
08-05 11:24:10.511   918   936 I ActivityManager: Displayed baseline.org.quantumbadger.redreader/.activities.PostListingActivity: +116ms
08-05 11:24:10.515 13866 13866 I GoogleInputMethodServic: GoogleInputMethodService.onFinishInput():3138 
08-05 11:24:10.516 13866 13866 I GoogleInputMethodServic: GoogleInputMethodService.onStartInput():1808 
08-05 11:24:10.723 13125 13136 I art     : Starting a blocking GC Explicit
08-05 11:24:10.745 13125 13136 I art     : Explicit concurrent mark sweep GC freed 8731(493KB) AllocSpace objects, 4(220KB) LOS objects, 40% free, 22MB/36MB, paused 308us total 21.857ms
08-05 11:24:10.757 13125 13136 I art     : Starting a blocking GC Explicit
08-05 11:24:10.762   380   380 W SurfaceFlinger: couldn't log to binary event log: overflow.
08-05 11:24:10.776 13125 13136 I art     : Explicit concurrent mark sweep GC freed 6523(488KB) AllocSpace objects, 1(28KB) LOS objects, 40% free, 22MB/36MB, paused 447us total 18.411ms
08-05 11:24:10.784 13125 13136 I art     : Starting a blocking GC Explicit
08-05 11:24:10.800 13125 13136 I art     : Explicit concurrent mark sweep GC freed 7509(583KB) AllocSpace objects, 4(240KB) LOS objects, 40% free, 22MB/38MB, paused 296us total 15.815ms
08-05 11:24:10.809 13125 13136 I art     : Starting a blocking GC Explicit
08-05 11:24:10.825 13125 13136 I art     : Explicit concurrent mark sweep GC freed 4421(296KB) AllocSpace objects, 6(752KB) LOS objects, 40% free, 23MB/38MB, paused 342us total 15.859ms
08-05 11:24:10.833 13125 13136 I art     : Starting a blocking GC Explicit
08-05 11:24:10.853 13125 13136 I art     : Explicit concurrent mark sweep GC freed 5537(354KB) AllocSpace objects, 0(0B) LOS objects, 40% free, 23MB/39MB, paused 1.702ms total 19.982ms
08-05 11:24:10.927 13125 13125 I RedReader: Checking for new messages.
08-05 11:24:10.929 13125 13661 D OK      : request got status: 200
08-05 11:24:10.942 13125 13661 D OK      : calling: https://oauth.reddit.com/r/askscience/about.json
08-05 11:24:10.944 13125 13125 I RegularCachePruner: Pruning cache...
08-05 11:24:10.945 13125 13677 I RedditChangeDataManager: Pruning for all users...
08-05 11:24:10.945 13125 13677 I RedditChangeDataManager: Pruning complete.
08-05 11:24:10.948   512  2967 D audio_hw_primary: disable_audio_route: reset and update mixer path: low-latency-playback speaker
08-05 11:24:10.949   512  2967 D audio_hw_primary: disable_snd_device: snd_device(2: speaker)
08-05 11:24:10.950 13125 13677 I CacheManager: Pruning 0 files
08-05 11:24:10.957   512  2967 I soundtrigger: audio_extn_sound_trigger_update_device_status: device 0x2 of type 0 for Event 0
08-05 11:24:11.128 13125 13356 I art     : Starting a blocking GC Explicit
08-05 11:24:11.162 13125 13356 I art     : Explicit concurrent mark sweep GC freed 18272(1100KB) AllocSpace objects, 5(520KB) LOS objects, 39% free, 24MB/40MB, paused 272us total 33.763ms
08-05 11:24:11.172 13125 13356 I art     : Starting a blocking GC Explicit
08-05 11:24:11.194 13125 13356 I art     : Explicit concurrent mark sweep GC freed 156(5KB) AllocSpace objects, 0(0B) LOS objects, 40% free, 23MB/39MB, paused 303us total 21.431ms
08-05 11:24:11.204 13125 13356 I art     : Starting a blocking GC Explicit
08-05 11:24:11.224 13125 13356 I art     : Explicit concurrent mark sweep GC freed 11(416B) AllocSpace objects, 0(0B) LOS objects, 40% free, 23MB/39MB, paused 222us total 20.073ms
08-05 11:24:11.233 13125 13356 I art     : Starting a blocking GC Explicit
08-05 11:24:11.253 13125 13356 I art     : Explicit concurrent mark sweep GC freed 3(96B) AllocSpace objects, 0(0B) LOS objects, 40% free, 23MB/39MB, paused 217us total 19.225ms
08-05 11:24:11.262 13125 13356 I art     : Starting a blocking GC Explicit
08-05 11:24:11.280 13125 13356 I art     : Explicit concurrent mark sweep GC freed 3(96B) AllocSpace objects, 0(0B) LOS objects, 40% free, 23MB/39MB, paused 196us total 18.622ms
08-05 11:24:11.299 13125 13661 I NAPPA_EXPERIMENTATION: MetricNetworkRequestExecutionTime: REQUEST_DURATION_SYSTEM='356',REQUEST_DURATION_OKHTTP='149',REQUEST_SYNCHRONOUS='TRUE',RESPONSE_CODE='200',RESPONSE_METHOD='GET',RESPONSE_LENGTH_OKHTTP='-1',RESPONSE_LENGTH_HEADER='4700',REQUEST_PROTOCOL='h2',REQUEST_URL='https://oauth.reddit.com/r/askscience/about.json',
08-05 11:24:11.299 13125 13661 D OK      : request got status: 200
08-05 11:24:11.547 13125 13137 I art     : Starting a blocking GC Explicit
08-05 11:24:11.574 13125 13137 I art     : Explicit concurrent mark sweep GC freed 3275(332KB) AllocSpace objects, 4(176KB) LOS objects, 39% free, 24MB/40MB, paused 202us total 26.568ms
08-05 11:24:11.584 13125 13137 I art     : Starting a blocking GC Explicit
08-05 11:24:11.606 13125 13137 I art     : Explicit concurrent mark sweep GC freed 266(12KB) AllocSpace objects, 0(0B) LOS objects, 39% free, 24MB/40MB, paused 200us total 21.484ms
08-05 11:24:11.616 13125 13137 I art     : Starting a blocking GC Explicit
08-05 11:24:11.637 13125 13137 I art     : Explicit concurrent mark sweep GC freed 19(1136B) AllocSpace objects, 0(0B) LOS objects, 39% free, 24MB/40MB, paused 208us total 21.055ms
08-05 11:24:11.647 13125 13137 I art     : Starting a blocking GC Explicit
08-05 11:24:11.668 13125 13137 I art     : Explicit concurrent mark sweep GC freed 25(1024B) AllocSpace objects, 0(0B) LOS objects, 39% free, 24MB/40MB, paused 178us total 20.746ms
08-05 11:24:11.677 13125 13137 I art     : Starting a blocking GC Explicit
08-05 11:24:11.683 13125 13702 D OK      : calling: https://oauth.reddit.com/r/askscience/hot/.json
08-05 11:24:11.697 13125 13137 I art     : Explicit concurrent mark sweep GC freed 95(3KB) AllocSpace objects, 0(0B) LOS objects, 39% free, 24MB/40MB, paused 191us total 20.083ms
08-05 11:24:11.755   918   928 I ActivityManager: Killing 22706:com.google.android.webview:webview_service/u0a74 (adj 15): empty #17
08-05 11:24:11.903 13125 13702 I NAPPA_EXPERIMENTATION: MetricNetworkRequestExecutionTime: REQUEST_DURATION_SYSTEM='219',REQUEST_DURATION_OKHTTP='216',REQUEST_SYNCHRONOUS='TRUE',RESPONSE_CODE='200',RESPONSE_METHOD='GET',RESPONSE_LENGTH_OKHTTP='-1',RESPONSE_LENGTH_HEADER='21282',REQUEST_PROTOCOL='h2',REQUEST_URL='https://oauth.reddit.com/r/askscience/hot/.json',
08-05 11:24:11.903 13125 13702 D OK      : request got status: 200
08-05 11:24:11.915 13125 13690 I PostListingFragment: Precaching images: OFF
08-05 11:24:11.916 13125 13690 I PostListingFragment: Precaching comments: OFF
08-05 11:24:11.960 13125 13136 I art     : Starting a blocking GC Explicit
08-05 11:24:11.986 13125 13136 I art     : Explicit concurrent mark sweep GC freed 4632(363KB) AllocSpace objects, 2(88KB) LOS objects, 39% free, 24MB/40MB, paused 338us total 26.370ms
08-05 11:24:11.996 13125 13136 I art     : Starting a blocking GC Explicit
08-05 11:24:12.020 13125 13136 I art     : Explicit concurrent mark sweep GC freed 3506(168KB) AllocSpace objects, 0(0B) LOS objects, 39% free, 24MB/40MB, paused 303us total 24.050ms
08-05 11:24:12.029 13125 13136 I art     : Starting a blocking GC Explicit
08-05 11:24:12.052 13125 13136 I art     : Explicit concurrent mark sweep GC freed 3562(145KB) AllocSpace objects, 1(68KB) LOS objects, 39% free, 24MB/40MB, paused 331us total 22.436ms
08-05 11:24:12.062 13125 13136 I art     : Starting a blocking GC Explicit
08-05 11:24:12.085 13125 13136 I art     : Explicit concurrent mark sweep GC freed 2953(112KB) AllocSpace objects, 0(0B) LOS objects, 39% free, 24MB/40MB, paused 262us total 23.206ms
08-05 11:24:12.094 13125 13136 I art     : Starting a blocking GC Explicit
08-05 11:24:12.117 13125 13136 I art     : Explicit concurrent mark sweep GC freed 3531(130KB) AllocSpace objects, 0(0B) LOS objects, 39% free, 24MB/40MB, paused 296us total 22.750ms
08-05 11:24:12.382 13125 13356 I art     : Starting a blocking GC Explicit
08-05 11:24:12.411 13125 13356 I art     : Explicit concurrent mark sweep GC freed 21193(969KB) AllocSpace objects, 1(20KB) LOS objects, 39% free, 24MB/40MB, paused 234us total 28.172ms
08-05 11:24:12.422 13125 13356 I art     : Starting a blocking GC Explicit
08-05 11:24:12.444 13125 13356 I art     : Explicit concurrent mark sweep GC freed 959(42KB) AllocSpace objects, 0(0B) LOS objects, 39% free, 24MB/40MB, paused 192us total 22.172ms
08-05 11:24:12.453 13125 13356 I art     : Starting a blocking GC Explicit
08-05 11:24:12.474 13125 13356 I art     : Explicit concurrent mark sweep GC freed 3(96B) AllocSpace objects, 0(0B) LOS objects, 39% free, 24MB/40MB, paused 189us total 20.309ms
08-05 11:24:12.483 13125 13356 I art     : Starting a blocking GC Explicit
08-05 11:24:12.504 13125 13356 I art     : Explicit concurrent mark sweep GC freed 39(1360B) AllocSpace objects, 0(0B) LOS objects, 39% free, 24MB/40MB, paused 197us total 20.883ms
08-05 11:24:12.513 13125 13356 I art     : Starting a blocking GC Explicit
08-05 11:24:12.535 13125 13356 I art     : Explicit concurrent mark sweep GC freed 32(1344B) AllocSpace objects, 0(0B) LOS objects, 39% free, 24MB/40MB, paused 191us total 21.040ms
08-05 11:24:12.806 13125 13356 I art     : Starting a blocking GC Explicit
08-05 11:24:12.834 13125 13356 I art     : Explicit concurrent mark sweep GC freed 1584(90KB) AllocSpace objects, 1(20KB) LOS objects, 39% free, 24MB/40MB, paused 220us total 27.692ms
08-05 11:24:12.844 13125 13356 I art     : Starting a blocking GC Explicit
08-05 11:24:12.869 13125 13356 I art     : Explicit concurrent mark sweep GC freed 79(4KB) AllocSpace objects, 0(0B) LOS objects, 39% free, 24MB/40MB, paused 188us total 24.163ms
08-05 11:24:12.879 13125 13356 I art     : Starting a blocking GC Explicit
08-05 11:24:12.902 13125 13356 I art     : Explicit concurrent mark sweep GC freed 51(3KB) AllocSpace objects, 0(0B) LOS objects, 39% free, 24MB/40MB, paused 194us total 23.555ms
08-05 11:24:12.912 13125 13356 I art     : Starting a blocking GC Explicit
08-05 11:24:12.936 13125 13356 I art     : Explicit concurrent mark sweep GC freed 3(96B) AllocSpace objects, 0(0B) LOS objects, 39% free, 24MB/40MB, paused 181us total 23.679ms
08-05 11:24:12.947 13125 13356 I art     : Starting a blocking GC Explicit
08-05 11:24:12.970 13125 13356 I art     : Explicit concurrent mark sweep GC freed 3(96B) AllocSpace objects, 0(0B) LOS objects, 39% free, 24MB/40MB, paused 191us total 23.514ms
08-05 11:24:13.277 13125 13136 I art     : Starting a blocking GC Explicit
08-05 11:24:13.311 13125 13136 I art     : Explicit concurrent mark sweep GC freed 1346(78KB) AllocSpace objects, 1(20KB) LOS objects, 39% free, 24MB/40MB, paused 218us total 33.417ms
08-05 11:24:13.324 13125 13136 I art     : Starting a blocking GC Explicit
08-05 11:24:13.349 13125 13136 I art     : Explicit concurrent mark sweep GC freed 20(704B) AllocSpace objects, 0(0B) LOS objects, 39% free, 24MB/40MB, paused 188us total 24.546ms
08-05 11:24:13.359 13125 13136 I art     : Starting a blocking GC Explicit
08-05 11:24:13.383 13125 13136 I art     : Explicit concurrent mark sweep GC freed 3(96B) AllocSpace objects, 0(0B) LOS objects, 39% free, 24MB/40MB, paused 183us total 23.440ms
08-05 11:24:13.392 13125 13136 I art     : Starting a blocking GC Explicit
08-05 11:24:13.416 13125 13136 I art     : Explicit concurrent mark sweep GC freed 3(96B) AllocSpace objects, 0(0B) LOS objects, 39% free, 24MB/40MB, paused 180us total 22.895ms
08-05 11:24:13.426 13125 13136 I art     : Starting a blocking GC Explicit
08-05 11:24:13.450 13125 13136 I art     : Explicit concurrent mark sweep GC freed 3(96B) AllocSpace objects, 0(0B) LOS objects, 39% free, 24MB/40MB, paused 187us total 24.210ms
08-05 11:24:13.772 13125 13151 I art     : Starting a blocking GC Explicit
08-05 11:24:13.808 13125 13151 I art     : Explicit concurrent mark sweep GC freed 1343(78KB) AllocSpace objects, 1(20KB) LOS objects, 39% free, 24MB/40MB, paused 326us total 35.026ms
08-05 11:24:13.820 13125 13151 I art     : Starting a blocking GC Explicit
08-05 11:24:13.845 13125 13151 I art     : Explicit concurrent mark sweep GC freed 20(704B) AllocSpace objects, 0(0B) LOS objects, 39% free, 24MB/40MB, paused 191us total 24.829ms
08-05 11:24:13.855 13125 13151 I art     : Starting a blocking GC Explicit
08-05 11:24:13.880 13125 13151 I art     : Explicit concurrent mark sweep GC freed 3(96B) AllocSpace objects, 0(0B) LOS objects, 39% free, 24MB/40MB, paused 184us total 24.316ms
08-05 11:24:13.890 13125 13151 I art     : Starting a blocking GC Explicit
08-05 11:24:13.913 13125 13151 I art     : Explicit concurrent mark sweep GC freed 3(96B) AllocSpace objects, 0(0B) LOS objects, 39% free, 24MB/40MB, paused 185us total 23.249ms
08-05 11:24:13.923 13125 13151 I art     : Starting a blocking GC Explicit
08-05 11:24:13.948 13125 13151 I art     : Explicit concurrent mark sweep GC freed 3(96B) AllocSpace objects, 0(0B) LOS objects, 39% free, 24MB/40MB, paused 224us total 24.598ms
08-05 11:24:14.286 13125 13137 I art     : Starting a blocking GC Explicit
08-05 11:24:14.328 13125 13137 I art     : Explicit concurrent mark sweep GC freed 1343(78KB) AllocSpace objects, 1(20KB) LOS objects, 39% free, 24MB/40MB, paused 287us total 41.521ms
08-05 11:24:14.344 13125 13137 I art     : Starting a blocking GC Explicit
08-05 11:24:14.372 13125 13137 I art     : Explicit concurrent mark sweep GC freed 20(704B) AllocSpace objects, 0(0B) LOS objects, 39% free, 24MB/40MB, paused 192us total 27.280ms
08-05 11:24:14.382 13125 13137 I art     : Starting a blocking GC Explicit
08-05 11:24:14.406 13125 13137 I art     : Explicit concurrent mark sweep GC freed 3(96B) AllocSpace objects, 0(0B) LOS objects, 39% free, 24MB/40MB, paused 199us total 24.189ms
08-05 11:24:14.416 13125 13137 I art     : Starting a blocking GC Explicit
08-05 11:24:14.440 13125 13137 I art     : Explicit concurrent mark sweep GC freed 3(96B) AllocSpace objects, 0(0B) LOS objects, 39% free, 24MB/40MB, paused 197us total 23.690ms
08-05 11:24:14.450 13125 13137 I art     : Starting a blocking GC Explicit
08-05 11:24:14.474 13125 13137 I art     : Explicit concurrent mark sweep GC freed 3(96B) AllocSpace objects, 0(0B) LOS objects, 39% free, 24MB/40MB, paused 193us total 23.514ms
08-05 11:24:14.777 13125 13356 I art     : Starting a blocking GC Explicit
08-05 11:24:14.811 13125 13356 I art     : Explicit concurrent mark sweep GC freed 1347(78KB) AllocSpace objects, 1(20KB) LOS objects, 39% free, 24MB/40MB, paused 227us total 34.002ms
08-05 11:24:14.826 13125 13356 I art     : Starting a blocking GC Explicit
08-05 11:24:14.850 13125 13356 I art     : Explicit concurrent mark sweep GC freed 20(704B) AllocSpace objects, 0(0B) LOS objects, 39% free, 24MB/40MB, paused 197us total 24.132ms
08-05 11:24:14.861 13125 13356 I art     : Starting a blocking GC Explicit
08-05 11:24:14.884 13125 13356 I art     : Explicit concurrent mark sweep GC freed 3(96B) AllocSpace objects, 0(0B) LOS objects, 39% free, 24MB/40MB, paused 182us total 23.466ms
08-05 11:24:14.894 13125 13356 I art     : Starting a blocking GC Explicit
08-05 11:24:14.919 13125 13356 I art     : Explicit concurrent mark sweep GC freed 3(96B) AllocSpace objects, 0(0B) LOS objects, 39% free, 24MB/40MB, paused 198us total 24.013ms
08-05 11:24:14.929 13125 13356 I art     : Starting a blocking GC Explicit
08-05 11:24:14.953 13125 13356 I art     : Explicit concurrent mark sweep GC freed 3(96B) AllocSpace objects, 0(0B) LOS objects, 39% free, 24MB/40MB, paused 180us total 23.249ms
08-05 11:24:15.259 13125 13136 I art     : Starting a blocking GC Explicit
08-05 11:24:15.293 13125 13136 I art     : Explicit concurrent mark sweep GC freed 1344(78KB) AllocSpace objects, 1(20KB) LOS objects, 39% free, 24MB/40MB, paused 216us total 34.039ms
08-05 11:24:15.308 13125 13136 I art     : Starting a blocking GC Explicit
08-05 11:24:15.333 13125 13136 I art     : Explicit concurrent mark sweep GC freed 20(704B) AllocSpace objects, 0(0B) LOS objects, 39% free, 24MB/40MB, paused 197us total 24.663ms
08-05 11:24:15.344 13125 13136 I art     : Starting a blocking GC Explicit
08-05 11:24:15.368 13125 13136 I art     : Explicit concurrent mark sweep GC freed 3(96B) AllocSpace objects, 0(0B) LOS objects, 39% free, 24MB/40MB, paused 181us total 24.068ms
08-05 11:24:15.378 13125 13136 I art     : Starting a blocking GC Explicit
08-05 11:24:15.403 13125 13136 I art     : Explicit concurrent mark sweep GC freed 3(96B) AllocSpace objects, 0(0B) LOS objects, 39% free, 24MB/40MB, paused 196us total 24.558ms
08-05 11:24:15.414 13125 13136 I art     : Starting a blocking GC Explicit
08-05 11:24:15.437 13125 13136 I art     : Explicit concurrent mark sweep GC freed 3(96B) AllocSpace objects, 0(0B) LOS objects, 39% free, 24MB/40MB, paused 188us total 23.398ms
08-05 11:24:15.718 13125 13151 I art     : Starting a blocking GC Explicit
08-05 11:24:15.742 13125 13151 I art     : Explicit concurrent mark sweep GC freed 1343(78KB) AllocSpace objects, 1(20KB) LOS objects, 39% free, 24MB/40MB, paused 225us total 23.877ms
08-05 11:24:15.752 13125 13151 I art     : Starting a blocking GC Explicit
08-05 11:24:15.777 13125 13151 I art     : Explicit concurrent mark sweep GC freed 20(704B) AllocSpace objects, 0(0B) LOS objects, 39% free, 24MB/40MB, paused 229us total 24.217ms
08-05 11:24:15.786 13125 13151 I art     : Starting a blocking GC Explicit
08-05 11:24:15.809 13125 13151 I art     : Explicit concurrent mark sweep GC freed 3(96B) AllocSpace objects, 0(0B) LOS objects, 39% free, 24MB/40MB, paused 173us total 22.812ms
08-05 11:24:15.819 13125 13151 I art     : Starting a blocking GC Explicit
08-05 11:24:15.842 13125 13151 I art     : Explicit concurrent mark sweep GC freed 3(96B) AllocSpace objects, 0(0B) LOS objects, 39% free, 24MB/40MB, paused 176us total 22.253ms
08-05 11:24:15.851 13125 13151 I art     : Starting a blocking GC Explicit
08-05 11:24:15.875 13125 13151 I art     : Explicit concurrent mark sweep GC freed 3(96B) AllocSpace objects, 0(0B) LOS objects, 39% free, 24MB/40MB, paused 181us total 23.233ms
08-05 11:24:15.948 13786 13786 D AndroidRuntime: >>>>>> START com.android.internal.os.RuntimeInit uid 2000 <<<<<<
08-05 11:24:15.952 13786 13786 D AndroidRuntime: CheckJNI is OFF
08-05 11:24:15.968 21839 21839 I Finsky  : [1] xow.onStartJob(3): SCH: onJobSchedulerWakeup with jobId 9002
08-05 11:24:15.976 21839 21839 I Finsky  : [1] xjw.a(9): Scheduling fallback in 43199997 (absolute: 1816459848)
08-05 11:24:15.978 13786 13786 D ICU     : No timezone override file found: /data/misc/zoneinfo/current/icu/icu_tzdata.dat
08-05 11:24:15.980 21839 21839 I Finsky  : [1] xjw.a(9): Scheduling fallback in 64799997 (absolute: 1838059852)
08-05 11:24:15.987 21839 21839 I Finsky  : [1] xow.onStartJob(3): SCH: onJobSchedulerWakeup with jobId 9011
08-05 11:24:15.993 21839 21839 I Finsky  : [1] xjw.a(9): Scheduling fallback in 43199998 (absolute: 1816459866)
08-05 11:24:15.996 21839 21839 I Finsky  : [1] xjw.a(9): Scheduling fallback in 64799999 (absolute: 1838059869)
08-05 11:24:15.999 21839 21839 W Finsky  : [1] xow.onStartJob(9): SCH: onJobSchedulerWakeup while already running
08-05 11:24:16.001 13786 13786 I Radio-JNI: register_android_hardware_Radio DONE
08-05 11:24:16.016 13786 13786 D AndroidRuntime: Calling main entry com.android.commands.input.Input
08-05 11:24:16.017 13786 13786 I Input   : injectMotionEvent: MotionEvent { action=ACTION_DOWN, actionButton=0, id[0]=0, x[0]=600.0, y[0]=700.0, toolType[0]=TOOL_TYPE_UNKNOWN, buttonState=0, metaState=0, flags=0x0, edgeFlags=0x0, pointerCount=1, historySize=0, eventTime=789872430, downTime=789872430, deviceId=0, source=0x1002 }
08-05 11:24:16.023 13786 13786 I Input   : injectMotionEvent: MotionEvent { action=ACTION_UP, actionButton=0, id[0]=0, x[0]=600.0, y[0]=700.0, toolType[0]=TOOL_TYPE_UNKNOWN, buttonState=0, metaState=0, flags=0x0, edgeFlags=0x0, pointerCount=1, historySize=0, eventTime=789872430, downTime=789872430, deviceId=0, source=0x1002 }
08-05 11:24:16.025 13125 13125 I RRChoreographer: Using modern Choreographer
08-05 11:24:16.026 13786 13786 D AndroidRuntime: Shutting down VM
08-05 11:24:16.037   512  2967 D audio_hw_primary: out_set_parameters: enter: usecase(1: low-latency-playback) kvpairs: routing=2
08-05 11:24:16.039   918   929 I ActivityManager: START u0 {dat=https://oauth.reddit.com/... cmp=baseline.org.quantumbadger.redreader/.activities.CommentListingActivity} from uid 10689 on display 0
08-05 11:24:16.050   512  2967 D audio_hw_primary: select_devices: out_snd_device(2: speaker) in_snd_device(0: none)
08-05 11:24:16.050   512  2967 D msm8974_platform: platform_send_audio_calibration: sending audio calibration for snd_device(2) acdb_id(15)
08-05 11:24:16.050   512  2967 I soundtrigger: audio_extn_sound_trigger_update_device_status: device 0x2 of type 0 for Event 1
08-05 11:24:16.060 13125 13125 I AppCompatViewInflater: app:theme is now deprecated. Please move to using android:theme instead.
08-05 11:24:16.062   512  2967 D audio_hw_primary: enable_snd_device: snd_device(2: speaker)
08-05 11:24:16.063   512  2967 D audio_hw_primary: enable_audio_route: apply and update mixer path: low-latency-playback speaker
08-05 11:24:16.080 13125 13820 D OK      : calling: https://oauth.reddit.com/comments/gvc7k9/.json?sort=confidence
08-05 11:24:16.096 21839 21839 I Finsky  : [1] xkf.handleMessage(8): SCH: DeviceState: DeviceState{currentTime=1596619456092, isCharging=false, isIdle=false, netAny=true, netNotRoaming=true, netUnmetered=true, batteryPercent=100.0}
08-05 11:24:16.103 21839 13070 I Finsky  : [6080] xmu.a(8): SCH: Jobs in database: 1-1337 3-211 3-212 12-1 24-77777777 26-1414141414 
08-05 11:24:16.106 13125 13151 I art     : Starting a blocking GC Explicit
08-05 11:24:16.107 21839 21839 I Finsky  : [1] xkg.a(16): SCH: Running job: 12-1
08-05 11:24:16.108 21839 21839 I Finsky  : [1] ContentSyncJob.a(16): [ContentSync] job started
08-05 11:24:16.109 21839 21839 I Finsky  : [1] xkf.handleMessage(61): SCH: RunningQueue size: 1, PendingQueue size: 0
08-05 11:24:16.109 21839 21839 I Finsky  : [1] xkf.handleMessage(64): SCH: Running queue: 12-1 
08-05 11:24:16.130 13125 13151 I art     : Explicit concurrent mark sweep GC freed 3639(249KB) AllocSpace objects, 1(20KB) LOS objects, 39% free, 24MB/40MB, paused 425us total 22.955ms
08-05 11:24:16.139 13125 13151 I art     : Starting a blocking GC Explicit
08-05 11:24:16.157 13866 13866 I GoogleInputMethodServic: GoogleInputMethodService.onFinishInput():3138 
08-05 11:24:16.157   918   936 I ActivityManager: Displayed baseline.org.quantumbadger.redreader/.activities.CommentListingActivity: +109ms
08-05 11:24:16.157 13866 13866 I GoogleInputMethodServic: GoogleInputMethodService.onStartInput():1808 
08-05 11:24:16.164 13125 13151 I art     : Explicit concurrent mark sweep GC freed 871(34KB) AllocSpace objects, 0(0B) LOS objects, 39% free, 24MB/40MB, paused 226us total 24.190ms
08-05 11:24:16.176 13125 13151 I art     : Starting a blocking GC Explicit
08-05 11:24:16.199 13125 13151 I art     : Explicit concurrent mark sweep GC freed 142(8KB) AllocSpace objects, 0(0B) LOS objects, 39% free, 24MB/40MB, paused 202us total 22.297ms
08-05 11:24:16.203 21839 13099 I Finsky  : [6084] dzn.a(22): Completed 0 account content syncs with 0 successful.
08-05 11:24:16.204 21839 21839 I Finsky  : [1] ContentSyncJob.a(1): [ContentSync] Installation state replication succeeded.
08-05 11:24:16.204 21839 21839 I Finsky  : [1] xlr.a(13): SCH: jobFinished: 12-1. TimeElapsed: 97ms.
08-05 11:24:16.205 21839 21839 I Finsky  : [1] xkg.a(36): SCH: Job 12-1 finished. Not rescheduling.
08-05 11:24:16.205 21839 21839 I Finsky  : [1] xkf.handleMessage(61): SCH: RunningQueue size: 0, PendingQueue size: 0
08-05 11:24:16.206 21839 21839 I Finsky  : [1] xkf.handleMessage(25): Executor finished
08-05 11:24:16.209 13125 13151 I art     : Starting a blocking GC Explicit
08-05 11:24:16.224 21839 21839 I Finsky  : [1] xmu.a(8): SCH: Jobs in database: 1-1337 3-211 3-212 24-77777777 26-1414141414 
08-05 11:24:16.226 21839 21839 I Finsky  : [1] xio.a(57): SCH: ConstraintMapping: 24-77777777,  -> L: 0ms, D: 35144294ms, C: false, I: true, N: 0
08-05 11:24:16.226 21839 21839 I Finsky  : [1] xio.a(57): SCH: ConstraintMapping: 1-1337,  -> L: 4200693ms, D: 38496702ms, C: false, I: false, N: 1
08-05 11:24:16.227 21839 21839 I Finsky  : [1] xio.a(57): SCH: ConstraintMapping: 3-211,  -> L: 0ms, D: 84959834ms, C: false, I: true, N: 2
08-05 11:24:16.228 21839 21839 I Finsky  : [1] xio.a(57): SCH: ConstraintMapping: 3-212,  -> L: 0ms, D: 84959870ms, C: true, I: true, N: 2
08-05 11:24:16.228 21839 21839 I Finsky  : [1] xio.a(57): SCH: ConstraintMapping: 26-1414141414,  -> L: 43144153ms, D: 44044153ms, C: false, I: false, N: 0
08-05 11:24:16.231 13125 13151 I art     : Explicit concurrent mark sweep GC freed 8(336B) AllocSpace objects, 0(0B) LOS objects, 39% free, 24MB/40MB, paused 194us total 21.626ms
08-05 11:24:16.235 13125 13820 I NAPPA_EXPERIMENTATION: MetricNetworkRequestExecutionTime: REQUEST_DURATION_SYSTEM='155',REQUEST_DURATION_OKHTTP='152',REQUEST_SYNCHRONOUS='TRUE',RESPONSE_CODE='200',RESPONSE_METHOD='GET',RESPONSE_LENGTH_OKHTTP='-1',RESPONSE_LENGTH_HEADER='90132',REQUEST_PROTOCOL='h2',REQUEST_URL='https://oauth.reddit.com/comments/gvc7k9/.json?sort=confidence',
08-05 11:24:16.235 13125 13820 D OK      : request got status: 200
08-05 11:24:16.241 13125 13151 I art     : Starting a blocking GC Explicit
08-05 11:24:16.244 13125 13690 I CommentListingActivity: COMMENTS session changed to 326b70fa-c249-43bf-97e1-7323c8e965e7
08-05 11:24:16.246 21839 21839 I Finsky  : [1] xle.a(34): Cancelling existing jobscheduler jobs: 9005 9012 9013 9019 9010 9000 9003 9009 
08-05 11:24:16.246 21839 21839 I Finsky  : [1] xle.a(10): Throttling wakeup for job 9001 (expected to run in 0 ms) due to recent wakeup
08-05 11:24:16.249 21839 21839 I Finsky  : [1] xle.a(27): Scheduling job Id: 9001, L: 30000, D: 35144294, C: false, I: true, N: 0
08-05 11:24:16.255 21839 21839 I Finsky  : [1] xle.a(27): Scheduling job Id: 9004, L: 4200693, D: 38496702, C: false, I: false, N: 1
08-05 11:24:16.258 21839 21839 I Finsky  : [1] xle.a(10): Throttling wakeup for job 9006 (expected to run in 0 ms) due to recent wakeup
08-05 11:24:16.258 21839 21839 I Finsky  : [1] xle.a(27): Scheduling job Id: 9006, L: 30000, D: 84959834, C: false, I: true, N: 2
08-05 11:24:16.262 21839 21839 I Finsky  : [1] xle.a(10): Throttling wakeup for job 9007 (expected to run in 0 ms) due to recent wakeup
08-05 11:24:16.263 21839 21839 I Finsky  : [1] xle.a(27): Scheduling job Id: 9007, L: 30000, D: 84959870, C: true, I: true, N: 2
08-05 11:24:16.265 21839 21839 I Finsky  : [1] xle.a(27): Scheduling job Id: 9008, L: 43144153, D: 44044153, C: false, I: false, N: 0
08-05 11:24:16.265 13125 13151 I art     : Explicit concurrent mark sweep GC freed 626(121KB) AllocSpace objects, 0(0B) LOS objects, 38% free, 25MB/41MB, paused 333us total 23.585ms
08-05 11:24:16.266 21839 21839 I Finsky  : [1] xle.a(10): Throttling wakeup for job 9011 (expected to run in 0 ms) due to recent wakeup
08-05 11:24:16.266 21839 21839 I Finsky  : [1] xle.a(27): Scheduling job Id: 9011, L: 30000, D: 35144294, C: false, I: true, N: 0
08-05 11:24:16.268 21839 21839 I Finsky  : [1] xle.a(27): Scheduling job Id: 9014, L: 4200693, D: 38496702, C: false, I: false, N: 1
08-05 11:24:16.270 21839 21839 I Finsky  : [1] xle.a(10): Throttling wakeup for job 9015 (expected to run in 0 ms) due to recent wakeup
08-05 11:24:16.270 21839 21839 I Finsky  : [1] xle.a(27): Scheduling job Id: 9015, L: 30000, D: 84959834, C: false, I: true, N: 2
08-05 11:24:16.272 21839 21839 I Finsky  : [1] xle.a(10): Throttling wakeup for job 9016 (expected to run in 0 ms) due to recent wakeup
08-05 11:24:16.273 21839 21839 I Finsky  : [1] xle.a(27): Scheduling job Id: 9016, L: 30000, D: 84959870, C: true, I: true, N: 2
08-05 11:24:16.274 21839 21839 I Finsky  : [1] xle.a(27): Scheduling job Id: 9017, L: 43144153, D: 44044153, C: false, I: false, N: 0
08-05 11:24:16.401   380   380 W SurfaceFlinger: couldn't log to binary event log: overflow.
08-05 11:24:16.485 13125 13136 I art     : Starting a blocking GC Explicit
08-05 11:24:16.529 13125 13136 I art     : Explicit concurrent mark sweep GC freed 42834(2MB) AllocSpace objects, 4(72KB) LOS objects, 35% free, 28MB/44MB, paused 710us total 43.153ms
08-05 11:24:16.542 13125 13136 I art     : Starting a blocking GC Explicit
08-05 11:24:16.578 13125 13136 I art     : Explicit concurrent mark sweep GC freed 518(71KB) AllocSpace objects, 1(68KB) LOS objects, 35% free, 28MB/44MB, paused 368us total 35.225ms
08-05 11:24:16.589 13125 13136 I art     : Starting a blocking GC Explicit
08-05 11:24:16.599   512  2967 D audio_hw_primary: disable_audio_route: reset and update mixer path: low-latency-playback speaker
08-05 11:24:16.600   512  2967 D audio_hw_primary: disable_snd_device: snd_device(2: speaker)
08-05 11:24:16.608   512  2967 I soundtrigger: audio_extn_sound_trigger_update_device_status: device 0x2 of type 0 for Event 0
08-05 11:24:16.620 13125 13136 I art     : Explicit concurrent mark sweep GC freed 19317(871KB) AllocSpace objects, 1(68KB) LOS objects, 36% free, 27MB/43MB, paused 182us total 30.540ms
08-05 11:24:16.631 13125 13136 I art     : Starting a blocking GC Explicit
08-05 11:24:16.660 13125 13136 I art     : Explicit concurrent mark sweep GC freed 20(848B) AllocSpace objects, 0(0B) LOS objects, 36% free, 27MB/43MB, paused 176us total 28.891ms
08-05 11:24:16.671 13125 13136 I art     : Starting a blocking GC Explicit
08-05 11:24:16.701 13125 13136 I art     : Explicit concurrent mark sweep GC freed 3(96B) AllocSpace objects, 0(0B) LOS objects, 36% free, 27MB/43MB, paused 165us total 30.420ms
08-05 11:24:16.980 13125 13151 I art     : Starting a blocking GC Explicit
08-05 11:24:17.022 13125 13151 I art     : Explicit concurrent mark sweep GC freed 1343(78KB) AllocSpace objects, 1(20KB) LOS objects, 36% free, 27MB/43MB, paused 188us total 41.302ms
08-05 11:24:17.035 13125 13151 I art     : Starting a blocking GC Explicit
08-05 11:24:17.071 13125 13151 I art     : Explicit concurrent mark sweep GC freed 20(704B) AllocSpace objects, 0(0B) LOS objects, 36% free, 27MB/43MB, paused 169us total 35.027ms
08-05 11:24:17.084 13125 13151 I art     : Starting a blocking GC Explicit
08-05 11:24:17.119 13125 13151 I art     : Explicit concurrent mark sweep GC freed 3(96B) AllocSpace objects, 0(0B) LOS objects, 36% free, 27MB/43MB, paused 175us total 35.773ms
08-05 11:24:17.132 13125 13151 I art     : Starting a blocking GC Explicit
08-05 11:24:17.165 13125 13151 I art     : Explicit concurrent mark sweep GC freed 3(96B) AllocSpace objects, 0(0B) LOS objects, 36% free, 27MB/43MB, paused 193us total 32.518ms
08-05 11:24:17.176 13125 13151 I art     : Starting a blocking GC Explicit
08-05 11:24:17.212 13125 13151 I art     : Explicit concurrent mark sweep GC freed 49(1920B) AllocSpace objects, 0(0B) LOS objects, 36% free, 27MB/43MB, paused 191us total 35.324ms
08-05 11:24:17.502 13125 13136 I art     : Starting a blocking GC Explicit
08-05 11:24:17.557 13125 13136 I art     : Explicit concurrent mark sweep GC freed 1343(78KB) AllocSpace objects, 1(20KB) LOS objects, 36% free, 27MB/43MB, paused 216us total 55.413ms
08-05 11:24:17.574 13125 13136 I art     : Starting a blocking GC Explicit
08-05 11:24:17.611 13125 13136 I art     : Explicit concurrent mark sweep GC freed 20(704B) AllocSpace objects, 0(0B) LOS objects, 36% free, 27MB/43MB, paused 203us total 37.096ms
08-05 11:24:17.624 13125 13136 I art     : Starting a blocking GC Explicit
08-05 11:24:17.661 13125 13136 I art     : Explicit concurrent mark sweep GC freed 3(96B) AllocSpace objects, 0(0B) LOS objects, 36% free, 27MB/43MB, paused 201us total 37.428ms
08-05 11:24:17.673 13125 13136 I art     : Starting a blocking GC Explicit
08-05 11:24:17.709 13125 13136 I art     : Explicit concurrent mark sweep GC freed 3(96B) AllocSpace objects, 0(0B) LOS objects, 36% free, 27MB/43MB, paused 195us total 35.878ms
08-05 11:24:17.721 13125 13136 I art     : Starting a blocking GC Explicit
08-05 11:24:17.756 13125 13136 I art     : Explicit concurrent mark sweep GC freed 3(96B) AllocSpace objects, 0(0B) LOS objects, 36% free, 27MB/43MB, paused 194us total 34.927ms
08-05 11:24:18.071 13125 13137 I art     : Starting a blocking GC Explicit
08-05 11:24:18.116 13125 13137 I art     : Explicit concurrent mark sweep GC freed 1343(78KB) AllocSpace objects, 1(20KB) LOS objects, 36% free, 27MB/43MB, paused 239us total 45.493ms
08-05 11:24:18.129 13125 13137 I art     : Starting a blocking GC Explicit
08-05 11:24:18.164 13125 13137 I art     : Explicit concurrent mark sweep GC freed 20(704B) AllocSpace objects, 0(0B) LOS objects, 36% free, 27MB/43MB, paused 192us total 35.308ms
08-05 11:24:18.176 13125 13137 I art     : Starting a blocking GC Explicit
08-05 11:24:18.200  8256  8256 I ServiceManager: Waiting for service AtCmdFwd...
08-05 11:24:18.211 13125 13137 I art     : Explicit concurrent mark sweep GC freed 3(96B) AllocSpace objects, 0(0B) LOS objects, 36% free, 27MB/43MB, paused 199us total 35.472ms
08-05 11:24:18.223 13125 13137 I art     : Starting a blocking GC Explicit
08-05 11:24:18.259 13125 13137 I art     : Explicit concurrent mark sweep GC freed 3(96B) AllocSpace objects, 0(0B) LOS objects, 36% free, 27MB/43MB, paused 195us total 35.742ms
08-05 11:24:18.271 13125 13137 I art     : Starting a blocking GC Explicit
08-05 11:24:18.307 13125 13137 I art     : Explicit concurrent mark sweep GC freed 3(96B) AllocSpace objects, 0(0B) LOS objects, 36% free, 27MB/43MB, paused 239us total 35.789ms
08-05 11:24:18.607 13125 13356 I art     : Starting a blocking GC Explicit
08-05 11:24:18.639 13125 13356 I art     : Explicit concurrent mark sweep GC freed 1343(78KB) AllocSpace objects, 1(20KB) LOS objects, 36% free, 27MB/43MB, paused 195us total 32.343ms
08-05 11:24:18.650 13125 13356 I art     : Starting a blocking GC Explicit
08-05 11:24:18.685 13125 13356 I art     : Explicit concurrent mark sweep GC freed 20(704B) AllocSpace objects, 0(0B) LOS objects, 36% free, 27MB/43MB, paused 201us total 34.275ms
08-05 11:24:18.696 13125 13356 I art     : Starting a blocking GC Explicit
08-05 11:24:18.732 13125 13356 I art     : Explicit concurrent mark sweep GC freed 12(432B) AllocSpace objects, 0(0B) LOS objects, 36% free, 27MB/43MB, paused 199us total 35.363ms
08-05 11:24:18.744 13125 13356 I art     : Starting a blocking GC Explicit
08-05 11:24:18.780 13125 13356 I art     : Explicit concurrent mark sweep GC freed 3(96B) AllocSpace objects, 0(0B) LOS objects, 36% free, 27MB/43MB, paused 193us total 35.745ms
08-05 11:24:18.792 13125 13356 I art     : Starting a blocking GC Explicit
08-05 11:24:18.828 13125 13356 I art     : Explicit concurrent mark sweep GC freed 3(96B) AllocSpace objects, 0(0B) LOS objects, 36% free, 27MB/43MB, paused 197us total 35.807ms
08-05 11:24:19.141 13125 13151 I art     : Starting a blocking GC Explicit
08-05 11:24:19.197 13125 13151 I art     : Explicit concurrent mark sweep GC freed 1344(79KB) AllocSpace objects, 1(20KB) LOS objects, 36% free, 27MB/43MB, paused 231us total 54.788ms
08-05 11:24:19.202  8256  8256 I ServiceManager: Waiting for service AtCmdFwd...
08-05 11:24:19.213 13125 13151 I art     : Starting a blocking GC Explicit
08-05 11:24:19.249 13125 13151 I art     : Explicit concurrent mark sweep GC freed 20(704B) AllocSpace objects, 0(0B) LOS objects, 36% free, 27MB/43MB, paused 202us total 35.849ms
08-05 11:24:19.261 13125 13151 I art     : Starting a blocking GC Explicit
08-05 11:24:19.298 13125 13151 I art     : Explicit concurrent mark sweep GC freed 3(96B) AllocSpace objects, 0(0B) LOS objects, 36% free, 27MB/43MB, paused 191us total 36.556ms
08-05 11:24:19.310 13125 13151 I art     : Starting a blocking GC Explicit
08-05 11:24:19.346 13125 13151 I art     : Explicit concurrent mark sweep GC freed 3(96B) AllocSpace objects, 0(0B) LOS objects, 36% free, 27MB/43MB, paused 199us total 35.782ms
08-05 11:24:19.358 13125 13151 I art     : Starting a blocking GC Explicit
08-05 11:24:19.393 13125 13151 I art     : Explicit concurrent mark sweep GC freed 3(96B) AllocSpace objects, 0(0B) LOS objects, 36% free, 27MB/43MB, paused 200us total 35.398ms
08-05 11:24:19.728 13125 13136 I art     : Starting a blocking GC Explicit
08-05 11:24:19.787 13125 13136 I art     : Explicit concurrent mark sweep GC freed 1347(79KB) AllocSpace objects, 1(20KB) LOS objects, 36% free, 27MB/43MB, paused 228us total 58.109ms
08-05 11:24:19.805 13125 13136 I art     : Starting a blocking GC Explicit
08-05 11:24:19.841 13125 13136 I art     : Explicit concurrent mark sweep GC freed 20(704B) AllocSpace objects, 0(0B) LOS objects, 36% free, 27MB/43MB, paused 196us total 35.716ms
08-05 11:24:19.841 13125 13134 I art     : WaitForGcToComplete blocked for 29.721ms for cause HeapTrim
08-05 11:24:19.853 13125 13136 I art     : Starting a blocking GC Explicit
08-05 11:24:19.889 13125 13136 I art     : Explicit concurrent mark sweep GC freed 3(96B) AllocSpace objects, 0(0B) LOS objects, 36% free, 27MB/43MB, paused 225us total 35.775ms
08-05 11:24:19.901 13125 13136 I art     : Starting a blocking GC Explicit
08-05 11:24:19.937 13125 13136 I art     : Explicit concurrent mark sweep GC freed 3(96B) AllocSpace objects, 0(0B) LOS objects, 36% free, 27MB/43MB, paused 199us total 35.798ms
08-05 11:24:19.949 13125 13136 I art     : Starting a blocking GC Explicit
08-05 11:24:19.985 13125 13136 I art     : Explicit concurrent mark sweep GC freed 3(96B) AllocSpace objects, 0(0B) LOS objects, 36% free, 27MB/43MB, paused 192us total 36.489ms
08-05 11:24:20.202  8256  8256 I ServiceManager: Waiting for service AtCmdFwd...
08-05 11:24:20.306 13125 13137 I art     : Starting a blocking GC Explicit
08-05 11:24:20.345 13125 13137 I art     : Explicit concurrent mark sweep GC freed 1344(78KB) AllocSpace objects, 1(20KB) LOS objects, 36% free, 27MB/43MB, paused 207us total 38.585ms
08-05 11:24:20.357 13125 13137 I art     : Starting a blocking GC Explicit
08-05 11:24:20.388 13125 13137 I art     : Explicit concurrent mark sweep GC freed 20(704B) AllocSpace objects, 0(0B) LOS objects, 36% free, 27MB/43MB, paused 184us total 31.261ms
08-05 11:24:20.399 13125 13137 I art     : Starting a blocking GC Explicit
08-05 11:24:20.432 13125 13137 I art     : Explicit concurrent mark sweep GC freed 3(96B) AllocSpace objects, 0(0B) LOS objects, 36% free, 27MB/43MB, paused 195us total 32.618ms
08-05 11:24:20.443 13125 13137 I art     : Starting a blocking GC Explicit
08-05 11:24:20.477 13125 13137 I art     : Explicit concurrent mark sweep GC freed 3(96B) AllocSpace objects, 0(0B) LOS objects, 36% free, 27MB/43MB, paused 202us total 33.605ms
08-05 11:24:20.488 13125 13137 I art     : Starting a blocking GC Explicit
08-05 11:24:20.523 13125 13137 I art     : Explicit concurrent mark sweep GC freed 3(96B) AllocSpace objects, 0(0B) LOS objects, 36% free, 27MB/43MB, paused 198us total 34.206ms
08-05 11:24:20.594 13921 13921 D AndroidRuntime: >>>>>> START com.android.internal.os.RuntimeInit uid 2000 <<<<<<
08-05 11:24:20.598 13921 13921 D AndroidRuntime: CheckJNI is OFF
08-05 11:24:20.625 13921 13921 D ICU     : No timezone override file found: /data/misc/zoneinfo/current/icu/icu_tzdata.dat
08-05 11:24:20.650 13921 13921 I Radio-JNI: register_android_hardware_Radio DONE
08-05 11:24:20.667 13921 13921 D AndroidRuntime: Calling main entry com.android.commands.input.Input
08-05 11:24:20.669 13921 13921 I Input   : injectKeyEvent: KeyEvent { action=ACTION_DOWN, keyCode=KEYCODE_BACK, scanCode=0, metaState=0, flags=0x0, repeatCount=0, eventTime=789877082, downTime=789877082, deviceId=-1, source=0x101 }
08-05 11:24:20.678 13921 13921 I Input   : injectKeyEvent: KeyEvent { action=ACTION_UP, keyCode=KEYCODE_BACK, scanCode=0, metaState=0, flags=0x0, repeatCount=0, eventTime=789877082, downTime=789877082, deviceId=-1, source=0x101 }
08-05 11:24:20.686 13921 13921 D AndroidRuntime: Shutting down VM
08-05 11:24:20.728 13866 13866 I GoogleInputMethodServic: GoogleInputMethodService.onFinishInput():3138 
08-05 11:24:20.729 13866 13866 I GoogleInputMethodServic: GoogleInputMethodService.onStartInput():1808 
08-05 11:24:20.768 13125 13136 I art     : Starting a blocking GC Explicit
08-05 11:24:20.806 13125 13136 I art     : Explicit concurrent mark sweep GC freed 1587(87KB) AllocSpace objects, 1(20KB) LOS objects, 36% free, 27MB/43MB, paused 205us total 37.904ms
08-05 11:24:20.817 13125 13136 I art     : Starting a blocking GC Explicit
08-05 11:24:20.850 13125 13136 I art     : Explicit concurrent mark sweep GC freed 26(944B) AllocSpace objects, 0(0B) LOS objects, 36% free, 27MB/43MB, paused 200us total 32.911ms
08-05 11:24:20.863 13125 13136 I art     : Starting a blocking GC Explicit
08-05 11:24:20.903 13125 13136 I art     : Explicit concurrent mark sweep GC freed 3(96B) AllocSpace objects, 0(0B) LOS objects, 36% free, 27MB/43MB, paused 235us total 39.679ms
08-05 11:24:20.917 13125 13136 I art     : Starting a blocking GC Explicit
08-05 11:24:20.952 13125 13136 I art     : Explicit concurrent mark sweep GC freed 3(96B) AllocSpace objects, 0(0B) LOS objects, 36% free, 27MB/43MB, paused 196us total 35.302ms
08-05 11:24:20.964 13125 13136 I art     : Starting a blocking GC Explicit
08-05 11:24:20.998 13125 13136 I art     : Explicit concurrent mark sweep GC freed 3(96B) AllocSpace objects, 0(0B) LOS objects, 36% free, 27MB/43MB, paused 177us total 34.120ms
08-05 11:24:21.048 13125 13815 I RedditChangeDataIO: Writing tmp data file at '/data/user/0/baseline.org.quantumbadger.redreader/files/rr_change_data_tmp.dat'
08-05 11:24:21.048 13125 13815 I RedditChangeDataManager: Taking snapshot...
08-05 11:24:21.048 13125 13815 I RedditChangeDataManager: Writing to stream...
08-05 11:24:21.049 13125 13815 I RedditChangeDataManager: Wrote 1 entries for user ''
08-05 11:24:21.049 13125 13815 I RedditChangeDataManager: All entries written to stream.
08-05 11:24:21.049 13125 13815 I RedditChangeDataIO: Write successful. Atomically replacing data file...
08-05 11:24:21.049 13125 13815 I RedditChangeDataIO: Write complete.
08-05 11:24:21.049 13125 13815 I RedditChangeDataIO: 38 bytes written in 1 ms
08-05 11:24:21.056   380   380 W SurfaceFlinger: couldn't log to binary event log: overflow.
08-05 11:24:21.203  8256  8256 I ServiceManager: Waiting for service AtCmdFwd...
08-05 11:24:21.252 13125 13151 I art     : Starting a blocking GC Explicit
08-05 11:24:21.302 13125 13151 I art     : Explicit concurrent mark sweep GC freed 1481(86KB) AllocSpace objects, 2(88KB) LOS objects, 36% free, 27MB/43MB, paused 227us total 49.332ms
08-05 11:24:21.318 13125 13151 I art     : Starting a blocking GC Explicit
08-05 11:24:21.347 13125 13151 I art     : Explicit concurrent mark sweep GC freed 46781(2MB) AllocSpace objects, 5(140KB) LOS objects, 39% free, 24MB/40MB, paused 195us total 28.869ms
08-05 11:24:21.358 13125 13151 I art     : Starting a blocking GC Explicit
08-05 11:24:21.382 13125 13151 I art     : Explicit concurrent mark sweep GC freed 3(96B) AllocSpace objects, 0(0B) LOS objects, 39% free, 24MB/40MB, paused 193us total 23.782ms
08-05 11:24:21.392 13125 13151 I art     : Starting a blocking GC Explicit
08-05 11:24:21.416 13125 13151 I art     : Explicit concurrent mark sweep GC freed 3(96B) AllocSpace objects, 0(0B) LOS objects, 39% free, 24MB/40MB, paused 194us total 23.767ms
08-05 11:24:21.426 13125 13151 I art     : Starting a blocking GC Explicit
08-05 11:24:21.450 13125 13151 I art     : Explicit concurrent mark sweep GC freed 3(96B) AllocSpace objects, 0(0B) LOS objects, 39% free, 24MB/40MB, paused 200us total 24.426ms
08-05 11:24:21.729 13125 13356 I art     : Starting a blocking GC Explicit
08-05 11:24:21.762 13125 13356 I art     : Explicit concurrent mark sweep GC freed 1614(122KB) AllocSpace objects, 1(20KB) LOS objects, 39% free, 24MB/40MB, paused 210us total 33.043ms
08-05 11:24:21.777 13125 13356 I art     : Starting a blocking GC Explicit
08-05 11:24:21.802 13125 13356 I art     : Explicit concurrent mark sweep GC freed 85(2880B) AllocSpace objects, 0(0B) LOS objects, 39% free, 24MB/40MB, paused 184us total 25.156ms
08-05 11:24:21.813 13125 13356 I art     : Starting a blocking GC Explicit
08-05 11:24:21.837 13125 13356 I art     : Explicit concurrent mark sweep GC freed 3(96B) AllocSpace objects, 0(0B) LOS objects, 39% free, 24MB/40MB, paused 226us total 23.579ms
08-05 11:24:21.847 13125 13356 I art     : Starting a blocking GC Explicit
08-05 11:24:21.871 13125 13356 I art     : Explicit concurrent mark sweep GC freed 3(96B) AllocSpace objects, 0(0B) LOS objects, 39% free, 24MB/40MB, paused 179us total 24.033ms
08-05 11:24:21.881 13125 13356 I art     : Starting a blocking GC Explicit
08-05 11:24:21.906 13125 13356 I art     : Explicit concurrent mark sweep GC freed 3(96B) AllocSpace objects, 0(0B) LOS objects, 39% free, 24MB/40MB, paused 180us total 24.398ms
08-05 11:24:22.157 13125 13137 I art     : Starting a blocking GC Explicit
08-05 11:24:22.183 13125 13137 I art     : Explicit concurrent mark sweep GC freed 1343(78KB) AllocSpace objects, 1(20KB) LOS objects, 39% free, 24MB/40MB, paused 182us total 25.092ms
08-05 11:24:22.193 13125 13137 I art     : Starting a blocking GC Explicit
08-05 11:24:22.203  8256  8256 I ServiceManager: Waiting for service AtCmdFwd...
08-05 11:24:22.217 13125 13137 I art     : Explicit concurrent mark sweep GC freed 20(704B) AllocSpace objects, 0(0B) LOS objects, 39% free, 24MB/40MB, paused 198us total 23.924ms
08-05 11:24:22.227 13125 13137 I art     : Starting a blocking GC Explicit
08-05 11:24:22.249 13970 13970 D AndroidRuntime: >>>>>> START com.android.internal.os.RuntimeInit uid 2000 <<<<<<
08-05 11:24:22.251 13125 13137 I art     : Explicit concurrent mark sweep GC freed 3(96B) AllocSpace objects, 0(0B) LOS objects, 39% free, 24MB/40MB, paused 188us total 23.581ms
08-05 11:24:22.253 13970 13970 D AndroidRuntime: CheckJNI is OFF
08-05 11:24:22.260 13125 13137 I art     : Starting a blocking GC Explicit
08-05 11:24:22.280 13970 13970 D ICU     : No timezone override file found: /data/misc/zoneinfo/current/icu/icu_tzdata.dat
08-05 11:24:22.283 13125 13137 I art     : Explicit concurrent mark sweep GC freed 3(96B) AllocSpace objects, 0(0B) LOS objects, 39% free, 24MB/40MB, paused 176us total 22.347ms
08-05 11:24:22.293 13125 13137 I art     : Starting a blocking GC Explicit
08-05 11:24:22.305 13970 13970 I Radio-JNI: register_android_hardware_Radio DONE
08-05 11:24:22.314 13125 13137 I art     : Explicit concurrent mark sweep GC freed 3(96B) AllocSpace objects, 0(0B) LOS objects, 39% free, 24MB/40MB, paused 172us total 21.119ms
08-05 11:24:22.321 13970 13970 D AndroidRuntime: Calling main entry com.android.commands.input.Input
08-05 11:24:22.323 13970 13970 I Input   : injectMotionEvent: MotionEvent { action=ACTION_DOWN, actionButton=0, id[0]=0, x[0]=600.0, y[0]=950.0, toolType[0]=TOOL_TYPE_UNKNOWN, buttonState=0, metaState=0, flags=0x0, edgeFlags=0x0, pointerCount=1, historySize=0, eventTime=789878736, downTime=789878736, deviceId=0, source=0x1002 }
08-05 11:24:22.330 13970 13970 I Input   : injectMotionEvent: MotionEvent { action=ACTION_UP, actionButton=0, id[0]=0, x[0]=600.0, y[0]=950.0, toolType[0]=TOOL_TYPE_UNKNOWN, buttonState=0, metaState=0, flags=0x0, edgeFlags=0x0, pointerCount=1, historySize=0, eventTime=789878736, downTime=789878736, deviceId=0, source=0x1002 }
08-05 11:24:22.331 13970 13970 D AndroidRuntime: Shutting down VM
08-05 11:24:22.345   512  2967 D audio_hw_primary: out_set_parameters: enter: usecase(1: low-latency-playback) kvpairs: routing=2
08-05 11:24:22.347   918  4413 I ActivityManager: START u0 {dat=https://oauth.reddit.com/... cmp=baseline.org.quantumbadger.redreader/.activities.CommentListingActivity} from uid 10689 on display 0
08-05 11:24:22.357   512  2967 D audio_hw_primary: select_devices: out_snd_device(2: speaker) in_snd_device(0: none)
08-05 11:24:22.357   512  2967 D msm8974_platform: platform_send_audio_calibration: sending audio calibration for snd_device(2) acdb_id(15)
08-05 11:24:22.358   512  2967 I soundtrigger: audio_extn_sound_trigger_update_device_status: device 0x2 of type 0 for Event 1
08-05 11:24:22.366 13125 13125 I AppCompatViewInflater: app:theme is now deprecated. Please move to using android:theme instead.
08-05 11:24:22.369   512  2967 D audio_hw_primary: enable_snd_device: snd_device(2: speaker)
08-05 11:24:22.371   512  2967 D audio_hw_primary: enable_audio_route: apply and update mixer path: low-latency-playback speaker
08-05 11:24:22.380 13125 13997 D OK      : calling: https://oauth.reddit.com/comments/hwnhe2/.json?sort=confidence
08-05 11:24:22.434   918   936 I ActivityManager: Displayed baseline.org.quantumbadger.redreader/.activities.CommentListingActivity: +78ms
08-05 11:24:22.434 13866 13866 I GoogleInputMethodServic: GoogleInputMethodService.onFinishInput():3138 
08-05 11:24:22.434 13866 13866 I GoogleInputMethodServic: GoogleInputMethodService.onStartInput():1808 
08-05 11:24:22.526 13125 13136 I art     : Starting a blocking GC Explicit
08-05 11:24:22.551 13125 13136 I art     : Explicit concurrent mark sweep GC freed 6143(299KB) AllocSpace objects, 1(20KB) LOS objects, 38% free, 25MB/41MB, paused 212us total 24.923ms
08-05 11:24:22.561 13125 13136 I art     : Starting a blocking GC Explicit
08-05 11:24:22.586 13125 13136 I art     : Explicit concurrent mark sweep GC freed 491(23KB) AllocSpace objects, 0(0B) LOS objects, 38% free, 25MB/41MB, paused 218us total 24.220ms
08-05 11:24:22.597 13125 13136 I art     : Starting a blocking GC Explicit
08-05 11:24:22.627 13125 13136 I art     : Explicit concurrent mark sweep GC freed 3(96B) AllocSpace objects, 0(0B) LOS objects, 38% free, 25MB/41MB, paused 377us total 30.128ms
08-05 11:24:22.640 13125 13136 I art     : Starting a blocking GC Explicit
08-05 11:24:22.645 13125 13997 I NAPPA_EXPERIMENTATION: MetricNetworkRequestExecutionTime: REQUEST_DURATION_SYSTEM='265',REQUEST_DURATION_OKHTTP='154',REQUEST_SYNCHRONOUS='TRUE',RESPONSE_CODE='200',RESPONSE_METHOD='GET',RESPONSE_LENGTH_OKHTTP='-1',RESPONSE_LENGTH_HEADER='3930',REQUEST_PROTOCOL='h2',REQUEST_URL='https://oauth.reddit.com/comments/hwnhe2/.json?sort=confidence',
08-05 11:24:22.646 13125 13997 D OK      : request got status: 200
08-05 11:24:22.654 13125 13690 I CommentListingActivity: COMMENTS session changed to c7e9634b-70e0-48a6-abe3-355071fc0f3a
08-05 11:24:22.674 13125 13136 I art     : Explicit concurrent mark sweep GC freed 1875(245KB) AllocSpace objects, 1(68KB) LOS objects, 38% free, 25MB/41MB, paused 464us total 33.331ms
08-05 11:24:22.675   380   380 W SurfaceFlinger: couldn't log to binary event log: overflow.
08-05 11:24:22.688 13125 13136 I art     : Starting a blocking GC Explicit
08-05 11:24:22.711 13125 13136 I art     : Explicit concurrent mark sweep GC freed 2358(134KB) AllocSpace objects, 3(100KB) LOS objects, 38% free, 25MB/41MB, paused 391us total 23.025ms
08-05 11:24:22.910   512  2967 D audio_hw_primary: disable_audio_route: reset and update mixer path: low-latency-playback speaker
08-05 11:24:22.910   512  2967 D audio_hw_primary: disable_snd_device: snd_device(2: speaker)
08-05 11:24:22.918   512  2967 I soundtrigger: audio_extn_sound_trigger_update_device_status: device 0x2 of type 0 for Event 0
08-05 11:24:22.991 13125 13151 I art     : Starting a blocking GC Explicit
08-05 11:24:23.022 13125 13151 I art     : Explicit concurrent mark sweep GC freed 1826(98KB) AllocSpace objects, 1(20KB) LOS objects, 38% free, 25MB/41MB, paused 235us total 30.764ms
08-05 11:24:23.033 13125 13151 I art     : Starting a blocking GC Explicit
08-05 11:24:23.060 13125 13151 I art     : Explicit concurrent mark sweep GC freed 30(1184B) AllocSpace objects, 0(0B) LOS objects, 38% free, 25MB/41MB, paused 284us total 26.269ms
08-05 11:24:23.070 13125 13151 I art     : Starting a blocking GC Explicit
08-05 11:24:23.093 13125 13151 I art     : Explicit concurrent mark sweep GC freed 3(96B) AllocSpace objects, 0(0B) LOS objects, 38% free, 25MB/41MB, paused 269us total 22.611ms
08-05 11:24:23.104 13125 13151 I art     : Starting a blocking GC Explicit
08-05 11:24:23.126 13125 13151 I art     : Explicit concurrent mark sweep GC freed 3(96B) AllocSpace objects, 0(0B) LOS objects, 38% free, 25MB/41MB, paused 265us total 22.336ms
08-05 11:24:23.136 13125 13151 I art     : Starting a blocking GC Explicit
08-05 11:24:23.158 13125 13151 I art     : Explicit concurrent mark sweep GC freed 3(96B) AllocSpace objects, 0(0B) LOS objects, 38% free, 25MB/41MB, paused 164us total 22.610ms
08-05 11:24:23.204  8256  8256 W Atfwd_Sendcmd: AtCmdFwd service not published, waiting... retryCnt : 1
08-05 11:24:23.452 13125 13356 I art     : Starting a blocking GC Explicit
08-05 11:24:23.484 13125 13356 I art     : Explicit concurrent mark sweep GC freed 1343(79KB) AllocSpace objects, 1(20KB) LOS objects, 38% free, 25MB/41MB, paused 255us total 31.219ms
08-05 11:24:23.499 13125 13356 I art     : Starting a blocking GC Explicit
08-05 11:24:23.523 13125 13356 I art     : Explicit concurrent mark sweep GC freed 66(2528B) AllocSpace objects, 0(0B) LOS objects, 38% free, 25MB/41MB, paused 197us total 24.394ms
08-05 11:24:23.533 13125 13356 I art     : Starting a blocking GC Explicit
08-05 11:24:23.558 13125 13356 I art     : Explicit concurrent mark sweep GC freed 3(96B) AllocSpace objects, 0(0B) LOS objects, 38% free, 25MB/41MB, paused 196us total 25.102ms
08-05 11:24:23.568 13125 13356 I art     : Starting a blocking GC Explicit
08-05 11:24:23.593 13125 13356 I art     : Explicit concurrent mark sweep GC freed 3(96B) AllocSpace objects, 0(0B) LOS objects, 38% free, 25MB/41MB, paused 205us total 24.807ms
08-05 11:24:23.604 13125 13356 I art     : Starting a blocking GC Explicit
08-05 11:24:23.629 13125 13356 I art     : Explicit concurrent mark sweep GC freed 3(96B) AllocSpace objects, 0(0B) LOS objects, 38% free, 25MB/41MB, paused 191us total 25.158ms
08-05 11:24:23.907 13125 13151 I art     : Starting a blocking GC Explicit
08-05 11:24:23.939 13125 13151 I art     : Explicit concurrent mark sweep GC freed 1343(79KB) AllocSpace objects, 1(20KB) LOS objects, 38% free, 25MB/41MB, paused 216us total 32.177ms
08-05 11:24:23.954 13125 13151 I art     : Starting a blocking GC Explicit
08-05 11:24:23.980 13125 13151 I art     : Explicit concurrent mark sweep GC freed 20(704B) AllocSpace objects, 0(0B) LOS objects, 38% free, 25MB/41MB, paused 197us total 26.052ms
08-05 11:24:23.991 13125 13151 I art     : Starting a blocking GC Explicit
08-05 11:24:24.017 13125 13151 I art     : Explicit concurrent mark sweep GC freed 3(96B) AllocSpace objects, 0(0B) LOS objects, 38% free, 25MB/41MB, paused 251us total 25.651ms
08-05 11:24:24.027 13125 13151 I art     : Starting a blocking GC Explicit
08-05 11:24:24.052 13125 13151 I art     : Explicit concurrent mark sweep GC freed 3(96B) AllocSpace objects, 0(0B) LOS objects, 38% free, 25MB/41MB, paused 201us total 25.428ms
08-05 11:24:24.063 13125 13151 I art     : Starting a blocking GC Explicit
08-05 11:24:24.090 13125 13151 I art     : Explicit concurrent mark sweep GC freed 3(96B) AllocSpace objects, 0(0B) LOS objects, 38% free, 25MB/41MB, paused 201us total 26.807ms
08-05 11:24:24.407 13125 13137 I art     : Starting a blocking GC Explicit
08-05 11:24:24.449 13125 13137 I art     : Explicit concurrent mark sweep GC freed 1343(79KB) AllocSpace objects, 1(20KB) LOS objects, 38% free, 25MB/41MB, paused 234us total 41.528ms
08-05 11:24:24.462 13125 13137 I art     : Starting a blocking GC Explicit
08-05 11:24:24.489 13125 13137 I art     : Explicit concurrent mark sweep GC freed 20(704B) AllocSpace objects, 0(0B) LOS objects, 38% free, 25MB/41MB, paused 206us total 26.854ms
08-05 11:24:24.500 13125 13137 I art     : Starting a blocking GC Explicit
08-05 11:24:24.526 13125 13137 I art     : Explicit concurrent mark sweep GC freed 3(96B) AllocSpace objects, 0(0B) LOS objects, 38% free, 25MB/41MB, paused 193us total 25.756ms
08-05 11:24:24.536 13125 13137 I art     : Starting a blocking GC Explicit
08-05 11:24:24.563 13125 13137 I art     : Explicit concurrent mark sweep GC freed 3(96B) AllocSpace objects, 0(0B) LOS objects, 38% free, 25MB/41MB, paused 203us total 26.130ms
08-05 11:24:24.573 13125 13137 I art     : Starting a blocking GC Explicit
08-05 11:24:24.599 13125 13137 I art     : Explicit concurrent mark sweep GC freed 3(96B) AllocSpace objects, 0(0B) LOS objects, 38% free, 25MB/41MB, paused 204us total 26.090ms
08-05 11:24:24.901 13125 13136 I art     : Starting a blocking GC Explicit
08-05 11:24:24.944 13125 13136 I art     : Explicit concurrent mark sweep GC freed 1343(79KB) AllocSpace objects, 1(20KB) LOS objects, 38% free, 25MB/41MB, paused 229us total 42.191ms
08-05 11:24:24.959 13125 13136 I art     : Starting a blocking GC Explicit
08-05 11:24:24.985 13125 13136 I art     : Explicit concurrent mark sweep GC freed 20(704B) AllocSpace objects, 0(0B) LOS objects, 38% free, 25MB/41MB, paused 265us total 26.051ms
08-05 11:24:24.996 13125 13136 I art     : Starting a blocking GC Explicit
08-05 11:24:25.021 13125 13136 I art     : Explicit concurrent mark sweep GC freed 3(96B) AllocSpace objects, 0(0B) LOS objects, 38% free, 25MB/41MB, paused 190us total 25.404ms
08-05 11:24:25.031 13125 13136 I art     : Starting a blocking GC Explicit
08-05 11:24:25.057 13125 13136 I art     : Explicit concurrent mark sweep GC freed 3(96B) AllocSpace objects, 0(0B) LOS objects, 38% free, 25MB/41MB, paused 206us total 25.563ms
08-05 11:24:25.068 13125 13136 I art     : Starting a blocking GC Explicit
08-05 11:24:25.095 13125 13136 I art     : Explicit concurrent mark sweep GC freed 3(96B) AllocSpace objects, 0(0B) LOS objects, 38% free, 25MB/41MB, paused 283us total 26.822ms
08-05 11:24:25.403   918  3261 D WifiStateMachine: starting scan for "H369AA63323"WPA_PSK with 2412,5180
08-05 11:24:25.411 13125 13356 I art     : Starting a blocking GC Explicit
08-05 11:24:25.445 13125 13356 I art     : Explicit concurrent mark sweep GC freed 1348(80KB) AllocSpace objects, 1(20KB) LOS objects, 38% free, 25MB/41MB, paused 213us total 33.678ms
08-05 11:24:25.455 13125 13356 I art     : Starting a blocking GC Explicit
08-05 11:24:25.481 13125 13356 I art     : Explicit concurrent mark sweep GC freed 20(704B) AllocSpace objects, 0(0B) LOS objects, 38% free, 25MB/41MB, paused 195us total 25.829ms
08-05 11:24:25.491 13125 13356 I art     : Starting a blocking GC Explicit
08-05 11:24:25.516 13125 13356 I art     : Explicit concurrent mark sweep GC freed 3(96B) AllocSpace objects, 0(0B) LOS objects, 38% free, 25MB/41MB, paused 197us total 24.469ms
08-05 11:24:25.527 13125 13356 I art     : Starting a blocking GC Explicit
08-05 11:24:25.553 13125 13356 I art     : Explicit concurrent mark sweep GC freed 3(96B) AllocSpace objects, 0(0B) LOS objects, 38% free, 25MB/41MB, paused 217us total 26.515ms
08-05 11:24:25.564 13125 13356 I art     : Starting a blocking GC Explicit
08-05 11:24:25.590 13125 13356 I art     : Explicit concurrent mark sweep GC freed 3(96B) AllocSpace objects, 0(0B) LOS objects, 38% free, 25MB/41MB, paused 196us total 25.480ms
08-05 11:24:25.904 13125 13151 I art     : Starting a blocking GC Explicit
08-05 11:24:25.940 13125 13151 I art     : Explicit concurrent mark sweep GC freed 1344(79KB) AllocSpace objects, 1(20KB) LOS objects, 38% free, 25MB/41MB, paused 232us total 36.465ms
08-05 11:24:25.956 13125 13151 I art     : Starting a blocking GC Explicit
08-05 11:24:25.987 13125 13151 I art     : Explicit concurrent mark sweep GC freed 20(704B) AllocSpace objects, 0(0B) LOS objects, 38% free, 25MB/41MB, paused 308us total 30.148ms
08-05 11:24:25.997 13125 13151 I art     : Starting a blocking GC Explicit
08-05 11:24:26.023 13125 13151 I art     : Explicit concurrent mark sweep GC freed 3(96B) AllocSpace objects, 0(0B) LOS objects, 38% free, 25MB/41MB, paused 197us total 25.813ms
08-05 11:24:26.034 13125 13151 I art     : Starting a blocking GC Explicit
08-05 11:24:26.060 13125 13151 I art     : Explicit concurrent mark sweep GC freed 3(96B) AllocSpace objects, 0(0B) LOS objects, 38% free, 25MB/41MB, paused 194us total 25.716ms
08-05 11:24:26.070 13125 13151 I art     : Starting a blocking GC Explicit
08-05 11:24:26.096 13125 13151 I art     : Explicit concurrent mark sweep GC freed 3(96B) AllocSpace objects, 0(0B) LOS objects, 38% free, 25MB/41MB, paused 219us total 25.319ms
08-05 11:24:26.402 13125 13137 I art     : Starting a blocking GC Explicit
08-05 11:24:26.445 13125 13137 I art     : Explicit concurrent mark sweep GC freed 1343(79KB) AllocSpace objects, 1(20KB) LOS objects, 38% free, 25MB/41MB, paused 232us total 43.350ms
08-05 11:24:26.461 13125 13137 I art     : Starting a blocking GC Explicit
08-05 11:24:26.488 13125 13137 I art     : Explicit concurrent mark sweep GC freed 20(704B) AllocSpace objects, 0(0B) LOS objects, 38% free, 25MB/41MB, paused 204us total 27.067ms
08-05 11:24:26.498 13125 13137 I art     : Starting a blocking GC Explicit
08-05 11:24:26.525 13125 13137 I art     : Explicit concurrent mark sweep GC freed 3(96B) AllocSpace objects, 0(0B) LOS objects, 38% free, 25MB/41MB, paused 196us total 26.081ms
08-05 11:24:26.536 13125 13137 I art     : Starting a blocking GC Explicit
08-05 11:24:26.562 13125 13137 I art     : Explicit concurrent mark sweep GC freed 3(96B) AllocSpace objects, 0(0B) LOS objects, 38% free, 25MB/41MB, paused 195us total 26.665ms
08-05 11:24:26.573 13125 13137 I art     : Starting a blocking GC Explicit
08-05 11:24:26.598 13125 13137 I art     : Explicit concurrent mark sweep GC freed 3(96B) AllocSpace objects, 0(0B) LOS objects, 38% free, 25MB/41MB, paused 189us total 24.950ms
08-05 11:24:26.878 13125 13136 I art     : Starting a blocking GC Explicit
08-05 11:24:26.905 13125 13136 I art     : Explicit concurrent mark sweep GC freed 1343(79KB) AllocSpace objects, 1(20KB) LOS objects, 38% free, 25MB/41MB, paused 240us total 26.496ms
08-05 11:24:26.914 14091 14091 D AndroidRuntime: >>>>>> START com.android.internal.os.RuntimeInit uid 2000 <<<<<<
08-05 11:24:26.916 13125 13136 I art     : Starting a blocking GC Explicit
08-05 11:24:26.918 14091 14091 D AndroidRuntime: CheckJNI is OFF
08-05 11:24:26.941 13125 13136 I art     : Explicit concurrent mark sweep GC freed 20(704B) AllocSpace objects, 0(0B) LOS objects, 38% free, 25MB/41MB, paused 197us total 24.736ms
08-05 11:24:26.945 14091 14091 D ICU     : No timezone override file found: /data/misc/zoneinfo/current/icu/icu_tzdata.dat
08-05 11:24:26.951 13125 13136 I art     : Starting a blocking GC Explicit
08-05 11:24:26.970 14091 14091 I Radio-JNI: register_android_hardware_Radio DONE
08-05 11:24:26.974 13125 13136 I art     : Explicit concurrent mark sweep GC freed 3(96B) AllocSpace objects, 0(0B) LOS objects, 38% free, 25MB/41MB, paused 205us total 22.603ms
08-05 11:24:26.984 13125 13136 I art     : Starting a blocking GC Explicit
08-05 11:24:26.986 14091 14091 D AndroidRuntime: Calling main entry com.android.commands.input.Input
08-05 11:24:26.988 14091 14091 I Input   : injectKeyEvent: KeyEvent { action=ACTION_DOWN, keyCode=KEYCODE_BACK, scanCode=0, metaState=0, flags=0x0, repeatCount=0, eventTime=789883401, downTime=789883401, deviceId=-1, source=0x101 }
08-05 11:24:26.993 14091 14091 I Input   : injectKeyEvent: KeyEvent { action=ACTION_UP, keyCode=KEYCODE_BACK, scanCode=0, metaState=0, flags=0x0, repeatCount=0, eventTime=789883401, downTime=789883401, deviceId=-1, source=0x101 }
08-05 11:24:26.997 14091 14091 D AndroidRuntime: Shutting down VM
08-05 11:24:27.006 13125 13136 I art     : Explicit concurrent mark sweep GC freed 120(4KB) AllocSpace objects, 0(0B) LOS objects, 38% free, 25MB/41MB, paused 202us total 22.453ms
08-05 11:24:27.016 13125 13136 I art     : Starting a blocking GC Explicit
08-05 11:24:27.036 13866 13866 I GoogleInputMethodServic: GoogleInputMethodService.onFinishInput():3138 
08-05 11:24:27.037 13866 13866 I GoogleInputMethodServic: GoogleInputMethodService.onStartInput():1808 
08-05 11:24:27.038 13125 13136 I art     : Explicit concurrent mark sweep GC freed 15(576B) AllocSpace objects, 0(0B) LOS objects, 38% free, 25MB/41MB, paused 194us total 21.689ms
08-05 11:24:27.303 13125 13151 I art     : Starting a blocking GC Explicit
08-05 11:24:27.338 13125 13151 I art     : Explicit concurrent mark sweep GC freed 1458(83KB) AllocSpace objects, 1(20KB) LOS objects, 38% free, 25MB/41MB, paused 421us total 34.524ms
08-05 11:24:27.350 13125 13151 I art     : Starting a blocking GC Explicit
08-05 11:24:27.355 13125 13996 I RedditChangeDataIO: Writing tmp data file at '/data/user/0/baseline.org.quantumbadger.redreader/files/rr_change_data_tmp.dat'
08-05 11:24:27.355 13125 13996 I RedditChangeDataManager: Taking snapshot...
08-05 11:24:27.355 13125 13996 I RedditChangeDataManager: Writing to stream...
08-05 11:24:27.356 13125 13996 I RedditChangeDataManager: Wrote 2 entries for user ''
08-05 11:24:27.356 13125 13996 I RedditChangeDataManager: All entries written to stream.
08-05 11:24:27.356 13125 13996 I RedditChangeDataIO: Write successful. Atomically replacing data file...
08-05 11:24:27.356 13125 13996 I RedditChangeDataIO: Write complete.
08-05 11:24:27.356 13125 13996 I RedditChangeDataIO: 62 bytes written in 1 ms
08-05 11:24:27.364   380   380 W SurfaceFlinger: couldn't log to binary event log: overflow.
08-05 11:24:27.378 13125 13151 I art     : Explicit concurrent mark sweep GC freed 126(6KB) AllocSpace objects, 1(68KB) LOS objects, 38% free, 25MB/41MB, paused 205us total 27.688ms
08-05 11:24:27.388 13125 13151 I art     : Starting a blocking GC Explicit
08-05 11:24:27.411 13125 13151 I art     : Explicit concurrent mark sweep GC freed 32(1456B) AllocSpace objects, 0(0B) LOS objects, 38% free, 25MB/41MB, paused 209us total 23.100ms
08-05 11:24:27.421 13125 13151 I art     : Starting a blocking GC Explicit
08-05 11:24:27.444 13125 13151 I art     : Explicit concurrent mark sweep GC freed 3837(310KB) AllocSpace objects, 5(140KB) LOS objects, 39% free, 24MB/40MB, paused 224us total 22.487ms
08-05 11:24:27.453 13125 13151 I art     : Starting a blocking GC Explicit
08-05 11:24:27.477 13125 13151 I art     : Explicit concurrent mark sweep GC freed 3(96B) AllocSpace objects, 0(0B) LOS objects, 39% free, 24MB/40MB, paused 229us total 23.330ms
08-05 11:24:27.765 13125 13137 I art     : Starting a blocking GC Explicit
08-05 11:24:27.800 13125 13137 I art     : Explicit concurrent mark sweep GC freed 1578(115KB) AllocSpace objects, 1(20KB) LOS objects, 39% free, 24MB/40MB, paused 209us total 34.611ms
08-05 11:24:27.816 13125 13137 I art     : Starting a blocking GC Explicit
08-05 11:24:27.841 13125 13137 I art     : Explicit concurrent mark sweep GC freed 85(2880B) AllocSpace objects, 0(0B) LOS objects, 39% free, 24MB/40MB, paused 179us total 24.882ms
08-05 11:24:27.851 13125 13137 I art     : Starting a blocking GC Explicit
08-05 11:24:27.876 13125 13137 I art     : Explicit concurrent mark sweep GC freed 3(96B) AllocSpace objects, 0(0B) LOS objects, 39% free, 24MB/40MB, paused 182us total 24.699ms
08-05 11:24:27.886 13125 13137 I art     : Starting a blocking GC Explicit
08-05 11:24:27.911 13125 13137 I art     : Explicit concurrent mark sweep GC freed 3(96B) AllocSpace objects, 0(0B) LOS objects, 39% free, 24MB/40MB, paused 182us total 24.102ms
08-05 11:24:27.921 13125 13137 I art     : Starting a blocking GC Explicit
08-05 11:24:27.945 13125 13137 I art     : Explicit concurrent mark sweep GC freed 3(96B) AllocSpace objects, 0(0B) LOS objects, 39% free, 24MB/40MB, paused 174us total 23.580ms
08-05 11:24:28.204  8256  8256 I ServiceManager: Waiting for service AtCmdFwd...
08-05 11:24:28.219 13125 13136 I art     : Starting a blocking GC Explicit
08-05 11:24:28.246 13125 13136 I art     : Explicit concurrent mark sweep GC freed 1343(79KB) AllocSpace objects, 1(20KB) LOS objects, 39% free, 24MB/40MB, paused 185us total 26.425ms
08-05 11:24:28.257 13125 13136 I art     : Starting a blocking GC Explicit
08-05 11:24:28.278 13125 13136 I art     : Explicit concurrent mark sweep GC freed 20(704B) AllocSpace objects, 0(0B) LOS objects, 39% free, 24MB/40MB, paused 171us total 20.841ms
08-05 11:24:28.287 13125 13136 I art     : Starting a blocking GC Explicit
08-05 11:24:28.310 13125 13136 I art     : Explicit concurrent mark sweep GC freed 3(96B) AllocSpace objects, 0(0B) LOS objects, 39% free, 24MB/40MB, paused 227us total 22.610ms
08-05 11:24:28.319 13125 13136 I art     : Starting a blocking GC Explicit
08-05 11:24:28.342 13125 13136 I art     : Explicit concurrent mark sweep GC freed 3(96B) AllocSpace objects, 0(0B) LOS objects, 39% free, 24MB/40MB, paused 169us total 22.423ms
08-05 11:24:28.352 13125 13136 I art     : Starting a blocking GC Explicit
08-05 11:24:28.374 13125 13136 I art     : Explicit concurrent mark sweep GC freed 3(96B) AllocSpace objects, 0(0B) LOS objects, 39% free, 24MB/40MB, paused 165us total 22.234ms
08-05 11:24:28.544 14144 14144 D AndroidRuntime: >>>>>> START com.android.internal.os.RuntimeInit uid 2000 <<<<<<
08-05 11:24:28.548 14144 14144 D AndroidRuntime: CheckJNI is OFF
08-05 11:24:28.573 14144 14144 D ICU     : No timezone override file found: /data/misc/zoneinfo/current/icu/icu_tzdata.dat
08-05 11:24:28.598 14144 14144 I Radio-JNI: register_android_hardware_Radio DONE
08-05 11:24:28.614 14144 14144 D AndroidRuntime: Calling main entry com.android.commands.input.Input
08-05 11:24:28.616 14144 14144 I Input   : injectMotionEvent: MotionEvent { action=ACTION_DOWN, actionButton=0, id[0]=0, x[0]=600.0, y[0]=1200.0, toolType[0]=TOOL_TYPE_UNKNOWN, buttonState=0, metaState=0, flags=0x0, edgeFlags=0x0, pointerCount=1, historySize=0, eventTime=789885029, downTime=789885029, deviceId=0, source=0x1002 }
08-05 11:24:28.619 13125 13356 I art     : Starting a blocking GC Explicit
08-05 11:24:28.621 14144 14144 I Input   : injectMotionEvent: MotionEvent { action=ACTION_UP, actionButton=0, id[0]=0, x[0]=600.0, y[0]=1200.0, toolType[0]=TOOL_TYPE_UNKNOWN, buttonState=0, metaState=0, flags=0x0, edgeFlags=0x0, pointerCount=1, historySize=0, eventTime=789885029, downTime=789885029, deviceId=0, source=0x1002 }
08-05 11:24:28.623 14144 14144 D AndroidRuntime: Shutting down VM
08-05 11:24:28.638   512  2967 D audio_hw_primary: out_set_parameters: enter: usecase(1: low-latency-playback) kvpairs: routing=2
08-05 11:24:28.639   918  6112 I ActivityManager: START u0 {dat=https://oauth.reddit.com/... cmp=baseline.org.quantumbadger.redreader/.activities.CommentListingActivity} from uid 10689 on display 0
08-05 11:24:28.647 13125 13356 I art     : Explicit concurrent mark sweep GC freed 1548(89KB) AllocSpace objects, 1(20KB) LOS objects, 39% free, 24MB/40MB, paused 305us total 27.231ms
08-05 11:24:28.651   512  2967 D audio_hw_primary: select_devices: out_snd_device(2: speaker) in_snd_device(0: none)
08-05 11:24:28.651   512  2967 D msm8974_platform: platform_send_audio_calibration: sending audio calibration for snd_device(2) acdb_id(15)
08-05 11:24:28.651   512  2967 I soundtrigger: audio_extn_sound_trigger_update_device_status: device 0x2 of type 0 for Event 1
08-05 11:24:28.658 13125 13356 I art     : Starting a blocking GC Explicit
08-05 11:24:28.664   512  2967 D audio_hw_primary: enable_snd_device: snd_device(2: speaker)
08-05 11:24:28.666 13125 13125 I AppCompatViewInflater: app:theme is now deprecated. Please move to using android:theme instead.
08-05 11:24:28.667   512  2967 D audio_hw_primary: enable_audio_route: apply and update mixer path: low-latency-playback speaker
08-05 11:24:28.679 13125 14169 D OK      : calling: https://oauth.reddit.com/comments/hza888/.json?sort=confidence
08-05 11:24:28.684 13125 13356 I art     : Explicit concurrent mark sweep GC freed 1917(95KB) AllocSpace objects, 0(0B) LOS objects, 39% free, 24MB/40MB, paused 471us total 25.209ms
08-05 11:24:28.693 13125 13356 I art     : Starting a blocking GC Explicit
08-05 11:24:28.714 13125 13356 I art     : Explicit concurrent mark sweep GC freed 233(20KB) AllocSpace objects, 0(0B) LOS objects, 39% free, 24MB/40MB, paused 206us total 20.474ms
08-05 11:24:28.723 13125 13356 I art     : Starting a blocking GC Explicit
08-05 11:24:28.739   918   936 I ActivityManager: Displayed baseline.org.quantumbadger.redreader/.activities.CommentListingActivity: +91ms
08-05 11:24:28.740 13866 13866 I GoogleInputMethodServic: GoogleInputMethodService.onFinishInput():3138 
08-05 11:24:28.740 13866 13866 I GoogleInputMethodServic: GoogleInputMethodService.onStartInput():1808 
08-05 11:24:28.747 13125 13356 I art     : Explicit concurrent mark sweep GC freed 657(23KB) AllocSpace objects, 0(0B) LOS objects, 39% free, 25MB/41MB, paused 295us total 22.898ms
08-05 11:24:28.757 13125 13356 I art     : Starting a blocking GC Explicit
08-05 11:24:28.781 13125 13356 I art     : Explicit concurrent mark sweep GC freed 187(11KB) AllocSpace objects, 0(0B) LOS objects, 39% free, 25MB/41MB, paused 216us total 23.192ms
08-05 11:24:29.008   380   380 W SurfaceFlinger: couldn't log to binary event log: overflow.
08-05 11:24:29.029 13125 14169 I NAPPA_EXPERIMENTATION: MetricNetworkRequestExecutionTime: REQUEST_DURATION_SYSTEM='350',REQUEST_DURATION_OKHTTP='159',REQUEST_SYNCHRONOUS='TRUE',RESPONSE_CODE='200',RESPONSE_METHOD='GET',RESPONSE_LENGTH_OKHTTP='-1',RESPONSE_LENGTH_HEADER='21928',REQUEST_PROTOCOL='h2',REQUEST_URL='https://oauth.reddit.com/comments/hza888/.json?sort=confidence',
08-05 11:24:29.029 13125 14169 D OK      : request got status: 200
08-05 11:24:29.039 13125 13137 I art     : Starting a blocking GC Explicit
08-05 11:24:29.050 13125 13690 I CommentListingActivity: COMMENTS session changed to f12983f3-fbb8-4ee1-8a6a-edeac4f6fcfd
08-05 11:24:29.063 13125 13137 I art     : Explicit concurrent mark sweep GC freed 4942(274KB) AllocSpace objects, 1(20KB) LOS objects, 38% free, 25MB/41MB, paused 503us total 24.348ms
08-05 11:24:29.073 13125 13137 I art     : Starting a blocking GC Explicit
08-05 11:24:29.099 13125 13137 I art     : Explicit concurrent mark sweep GC freed 1548(98KB) AllocSpace objects, 0(0B) LOS objects, 38% free, 25MB/41MB, paused 356us total 25.478ms
08-05 11:24:29.109 13125 13137 I art     : Starting a blocking GC Explicit
08-05 11:24:29.136 13125 13137 I art     : Explicit concurrent mark sweep GC freed 5447(318KB) AllocSpace objects, 0(0B) LOS objects, 37% free, 26MB/42MB, paused 398us total 26.260ms
08-05 11:24:29.146 13125 13137 I art     : Starting a blocking GC Explicit
08-05 11:24:29.173 13125 13137 I art     : Explicit concurrent mark sweep GC freed 4298(277KB) AllocSpace objects, 1(68KB) LOS objects, 37% free, 26MB/42MB, paused 335us total 26.640ms
08-05 11:24:29.183 13125 13137 I art     : Starting a blocking GC Explicit
08-05 11:24:29.205  8256  8256 I ServiceManager: Waiting for service AtCmdFwd...
08-05 11:24:29.208   512  2967 D audio_hw_primary: disable_audio_route: reset and update mixer path: low-latency-playback speaker
08-05 11:24:29.209   512  2967 D audio_hw_primary: disable_snd_device: snd_device(2: speaker)
08-05 11:24:29.210 13125 13137 I art     : Explicit concurrent mark sweep GC freed 5220(259KB) AllocSpace objects, 1(68KB) LOS objects, 37% free, 26MB/42MB, paused 431us total 26.632ms
08-05 11:24:29.216   512  2967 I soundtrigger: audio_extn_sound_trigger_update_device_status: device 0x2 of type 0 for Event 0
08-05 11:24:29.492 13125 13136 I art     : Starting a blocking GC Explicit
08-05 11:24:29.528 13125 13136 I art     : Explicit concurrent mark sweep GC freed 1535(95KB) AllocSpace objects, 1(20KB) LOS objects, 37% free, 26MB/42MB, paused 177us total 35.595ms
08-05 11:24:29.540 13125 13136 I art     : Starting a blocking GC Explicit
08-05 11:24:29.569 13125 13136 I art     : Explicit concurrent mark sweep GC freed 30(1120B) AllocSpace objects, 0(0B) LOS objects, 37% free, 26MB/42MB, paused 193us total 28.995ms
08-05 11:24:29.580 13125 13136 I art     : Starting a blocking GC Explicit
08-05 11:24:29.605 13125 13136 I art     : Explicit concurrent mark sweep GC freed 3(96B) AllocSpace objects, 0(0B) LOS objects, 37% free, 26MB/42MB, paused 165us total 25.498ms
08-05 11:24:29.615 13125 13136 I art     : Starting a blocking GC Explicit
08-05 11:24:29.641 13125 13136 I art     : Explicit concurrent mark sweep GC freed 3(96B) AllocSpace objects, 0(0B) LOS objects, 37% free, 26MB/42MB, paused 163us total 25.887ms
08-05 11:24:29.651 13125 13136 I art     : Starting a blocking GC Explicit
08-05 11:24:29.678 13125 13136 I art     : Explicit concurrent mark sweep GC freed 3(96B) AllocSpace objects, 0(0B) LOS objects, 37% free, 26MB/42MB, paused 367us total 26.024ms
08-05 11:24:29.954 13125 13136 I art     : Starting a blocking GC Explicit
08-05 11:24:29.999 13125 13136 I art     : Explicit concurrent mark sweep GC freed 1343(80KB) AllocSpace objects, 1(20KB) LOS objects, 37% free, 26MB/42MB, paused 232us total 43.978ms
08-05 11:24:30.013 13125 13136 I art     : Starting a blocking GC Explicit
08-05 11:24:30.045 13125 13136 I art     : Explicit concurrent mark sweep GC freed 66(2528B) AllocSpace objects, 0(0B) LOS objects, 37% free, 26MB/42MB, paused 201us total 31.536ms
08-05 11:24:30.056 13125 13136 I art     : Starting a blocking GC Explicit
08-05 11:24:30.087 13125 13136 I art     : Explicit concurrent mark sweep GC freed 3(96B) AllocSpace objects, 0(0B) LOS objects, 37% free, 26MB/42MB, paused 216us total 30.915ms
08-05 11:24:30.098 13125 13136 I art     : Starting a blocking GC Explicit
08-05 11:24:30.128 13125 13136 I art     : Explicit concurrent mark sweep GC freed 3(96B) AllocSpace objects, 0(0B) LOS objects, 37% free, 26MB/42MB, paused 196us total 30.438ms
08-05 11:24:30.139 13125 13136 I art     : Starting a blocking GC Explicit
08-05 11:24:30.171 13125 13136 I art     : Explicit concurrent mark sweep GC freed 3(96B) AllocSpace objects, 0(0B) LOS objects, 37% free, 26MB/42MB, paused 193us total 31.203ms
08-05 11:24:30.205  8256  8256 I ServiceManager: Waiting for service AtCmdFwd...
08-05 11:24:30.451 13125 13356 I art     : Starting a blocking GC Explicit
08-05 11:24:30.489 13125 13356 I art     : Explicit concurrent mark sweep GC freed 1343(80KB) AllocSpace objects, 1(20KB) LOS objects, 37% free, 26MB/42MB, paused 234us total 37.125ms
08-05 11:24:30.503 13125 13356 I art     : Starting a blocking GC Explicit
08-05 11:24:30.534 13125 13356 I art     : Explicit concurrent mark sweep GC freed 20(704B) AllocSpace objects, 0(0B) LOS objects, 37% free, 26MB/42MB, paused 205us total 30.479ms
08-05 11:24:30.545 13125 13356 I art     : Starting a blocking GC Explicit
08-05 11:24:30.575 13125 13356 I art     : Explicit concurrent mark sweep GC freed 3(96B) AllocSpace objects, 0(0B) LOS objects, 37% free, 26MB/42MB, paused 196us total 30.032ms
08-05 11:24:30.586 13125 13356 I art     : Starting a blocking GC Explicit
08-05 11:24:30.616 13125 13356 I art     : Explicit concurrent mark sweep GC freed 3(96B) AllocSpace objects, 0(0B) LOS objects, 37% free, 26MB/42MB, paused 197us total 30.483ms
08-05 11:24:30.627 13125 13356 I art     : Starting a blocking GC Explicit
08-05 11:24:30.658 13125 13356 I art     : Explicit concurrent mark sweep GC freed 3(96B) AllocSpace objects, 0(0B) LOS objects, 37% free, 26MB/42MB, paused 206us total 31.215ms
08-05 11:24:30.945 13125 13137 I art     : Starting a blocking GC Explicit
08-05 11:24:30.976 13125 13137 I art     : Explicit concurrent mark sweep GC freed 1343(80KB) AllocSpace objects, 1(20KB) LOS objects, 37% free, 26MB/42MB, paused 212us total 30.462ms
08-05 11:24:30.987 13125 13137 I art     : Starting a blocking GC Explicit
08-05 11:24:31.014 13125 13137 I art     : Explicit concurrent mark sweep GC freed 20(704B) AllocSpace objects, 0(0B) LOS objects, 37% free, 26MB/42MB, paused 202us total 26.803ms
08-05 11:24:31.024 13125 13137 I art     : Starting a blocking GC Explicit
08-05 11:24:31.052 13125 13137 I art     : Explicit concurrent mark sweep GC freed 3(96B) AllocSpace objects, 0(0B) LOS objects, 37% free, 26MB/42MB, paused 197us total 28.153ms
08-05 11:24:31.063 13125 13137 I art     : Starting a blocking GC Explicit
08-05 11:24:31.092 13125 13137 I art     : Explicit concurrent mark sweep GC freed 3(96B) AllocSpace objects, 0(0B) LOS objects, 37% free, 26MB/42MB, paused 187us total 29.126ms
08-05 11:24:31.103 13125 13137 I art     : Starting a blocking GC Explicit
08-05 11:24:31.133 13125 13137 I art     : Explicit concurrent mark sweep GC freed 3(96B) AllocSpace objects, 0(0B) LOS objects, 37% free, 26MB/42MB, paused 195us total 29.423ms
08-05 11:24:31.199 14217 14217 D AndroidRuntime: >>>>>> START com.android.internal.os.RuntimeInit uid 2000 <<<<<<
08-05 11:24:31.203 14217 14217 D AndroidRuntime: CheckJNI is OFF
08-05 11:24:31.206  8256  8256 I ServiceManager: Waiting for service AtCmdFwd...
08-05 11:24:31.231 14217 14217 D ICU     : No timezone override file found: /data/misc/zoneinfo/current/icu/icu_tzdata.dat
08-05 11:24:31.257 14217 14217 I Radio-JNI: register_android_hardware_Radio DONE
08-05 11:24:31.273 14217 14217 D AndroidRuntime: Calling main entry com.android.commands.input.Input
08-05 11:24:31.274 14217 14217 I Input   : injectKeyEvent: KeyEvent { action=ACTION_DOWN, keyCode=KEYCODE_BACK, scanCode=0, metaState=0, flags=0x0, repeatCount=0, eventTime=789887687, downTime=789887687, deviceId=-1, source=0x101 }
08-05 11:24:31.287 14217 14217 I Input   : injectKeyEvent: KeyEvent { action=ACTION_UP, keyCode=KEYCODE_BACK, scanCode=0, metaState=0, flags=0x0, repeatCount=0, eventTime=789887687, downTime=789887687, deviceId=-1, source=0x101 }
08-05 11:24:31.296 14217 14217 D AndroidRuntime: Shutting down VM
08-05 11:24:31.331 13866 13866 I GoogleInputMethodServic: GoogleInputMethodService.onFinishInput():3138 
08-05 11:24:31.331 13866 13866 I GoogleInputMethodServic: GoogleInputMethodService.onStartInput():1808 
08-05 11:24:31.375 13125 13151 I art     : Starting a blocking GC Explicit
08-05 11:24:31.402 13125 13151 I art     : Explicit concurrent mark sweep GC freed 1598(89KB) AllocSpace objects, 1(20KB) LOS objects, 37% free, 26MB/42MB, paused 182us total 26.692ms
08-05 11:24:31.412 13125 13151 I art     : Starting a blocking GC Explicit
08-05 11:24:31.439 13125 13151 I art     : Explicit concurrent mark sweep GC freed 24(864B) AllocSpace objects, 0(0B) LOS objects, 37% free, 26MB/42MB, paused 215us total 26.808ms
08-05 11:24:31.451 13125 13151 I art     : Starting a blocking GC Explicit
08-05 11:24:31.485 13125 13151 I art     : Explicit concurrent mark sweep GC freed 3(96B) AllocSpace objects, 0(0B) LOS objects, 37% free, 26MB/42MB, paused 204us total 33.556ms
08-05 11:24:31.500 13125 13151 I art     : Starting a blocking GC Explicit
08-05 11:24:31.540 13125 13151 I art     : Explicit concurrent mark sweep GC freed 3(96B) AllocSpace objects, 0(0B) LOS objects, 37% free, 26MB/42MB, paused 238us total 39.608ms
08-05 11:24:31.556 13125 13151 I art     : Starting a blocking GC Explicit
08-05 11:24:31.597 13125 13151 I art     : Explicit concurrent mark sweep GC freed 3(96B) AllocSpace objects, 0(0B) LOS objects, 37% free, 26MB/42MB, paused 257us total 41.325ms
08-05 11:24:31.636   380   380 W SurfaceFlinger: couldn't log to binary event log: overflow.
08-05 11:24:31.842 13125 13356 I art     : Starting a blocking GC Explicit
08-05 11:24:31.879 13125 13356 I art     : Explicit concurrent mark sweep GC freed 1399(82KB) AllocSpace objects, 1(20KB) LOS objects, 37% free, 26MB/42MB, paused 267us total 36.112ms
08-05 11:24:31.898 13125 13356 I art     : Starting a blocking GC Explicit
08-05 11:24:31.923 13125 13356 I art     : Explicit concurrent mark sweep GC freed 22993(1247KB) AllocSpace objects, 5(164KB) LOS objects, 39% free, 24MB/40MB, paused 196us total 25.036ms
08-05 11:24:31.933 13125 13356 I art     : Starting a blocking GC Explicit
08-05 11:24:31.957 13125 13356 I art     : Explicit concurrent mark sweep GC freed 3(96B) AllocSpace objects, 0(0B) LOS objects, 39% free, 24MB/40MB, paused 200us total 24.126ms
08-05 11:24:31.967 13125 13356 I art     : Starting a blocking GC Explicit
08-05 11:24:31.992 13125 13356 I art     : Explicit concurrent mark sweep GC freed 3(96B) AllocSpace objects, 0(0B) LOS objects, 39% free, 24MB/40MB, paused 249us total 24.225ms
08-05 11:24:32.003 13125 13356 I art     : Starting a blocking GC Explicit
08-05 11:24:32.028 13125 13356 I art     : Explicit concurrent mark sweep GC freed 3(96B) AllocSpace objects, 0(0B) LOS objects, 39% free, 24MB/40MB, paused 198us total 25.397ms
08-05 11:24:32.207  8256  8256 I ServiceManager: Waiting for service AtCmdFwd...
08-05 11:24:32.307 13125 13137 I art     : Starting a blocking GC Explicit
08-05 11:24:32.341 13125 13137 I art     : Explicit concurrent mark sweep GC freed 1344(80KB) AllocSpace objects, 1(20KB) LOS objects, 39% free, 24MB/40MB, paused 223us total 34.420ms
08-05 11:24:32.354 13125 13137 I art     : Starting a blocking GC Explicit
08-05 11:24:32.379 13125 13137 I art     : Explicit concurrent mark sweep GC freed 20(704B) AllocSpace objects, 0(0B) LOS objects, 39% free, 24MB/40MB, paused 181us total 24.635ms
08-05 11:24:32.390 13125 13137 I art     : Starting a blocking GC Explicit
08-05 11:24:32.414 13125 13137 I art     : Explicit concurrent mark sweep GC freed 3(96B) AllocSpace objects, 0(0B) LOS objects, 39% free, 24MB/40MB, paused 200us total 24.042ms
08-05 11:24:32.424 13125 13137 I art     : Starting a blocking GC Explicit
08-05 11:24:32.448 13125 13137 I art     : Explicit concurrent mark sweep GC freed 3(96B) AllocSpace objects, 0(0B) LOS objects, 39% free, 24MB/40MB, paused 190us total 23.682ms
08-05 11:24:32.458 13125 13137 I art     : Starting a blocking GC Explicit
08-05 11:24:32.482 13125 13137 I art     : Explicit concurrent mark sweep GC freed 3(96B) AllocSpace objects, 0(0B) LOS objects, 39% free, 24MB/40MB, paused 201us total 23.995ms
08-05 11:24:32.735 13125 13136 I art     : Starting a blocking GC Explicit
08-05 11:24:32.761 13125 13136 I art     : Explicit concurrent mark sweep GC freed 1343(80KB) AllocSpace objects, 1(20KB) LOS objects, 39% free, 24MB/40MB, paused 247us total 25.632ms
08-05 11:24:32.772 13125 13136 I art     : Starting a blocking GC Explicit
08-05 11:24:32.794 13125 13136 I art     : Explicit concurrent mark sweep GC freed 20(704B) AllocSpace objects, 0(0B) LOS objects, 39% free, 24MB/40MB, paused 184us total 22.172ms
08-05 11:24:32.803 13125 13136 I art     : Starting a blocking GC Explicit
08-05 11:24:32.824 13125 13136 I art     : Explicit concurrent mark sweep GC freed 3(96B) AllocSpace objects, 0(0B) LOS objects, 39% free, 24MB/40MB, paused 181us total 21.002ms
08-05 11:24:32.835 13125 13136 I art     : Starting a blocking GC Explicit
08-05 11:24:32.839 14267 14267 D AndroidRuntime: >>>>>> START com.android.internal.os.RuntimeInit uid 2000 <<<<<<
08-05 11:24:32.842 14267 14267 D AndroidRuntime: CheckJNI is OFF
08-05 11:24:32.858 13125 13136 I art     : Explicit concurrent mark sweep GC freed 3(96B) AllocSpace objects, 0(0B) LOS objects, 39% free, 24MB/40MB, paused 202us total 22.703ms
08-05 11:24:32.867 13125 13136 I art     : Starting a blocking GC Explicit
08-05 11:24:32.871 14267 14267 D ICU     : No timezone override file found: /data/misc/zoneinfo/current/icu/icu_tzdata.dat
08-05 11:24:32.889 13125 13136 I art     : Explicit concurrent mark sweep GC freed 3(96B) AllocSpace objects, 0(0B) LOS objects, 39% free, 24MB/40MB, paused 190us total 22.075ms
08-05 11:24:32.896 14267 14267 I Radio-JNI: register_android_hardware_Radio DONE
08-05 11:24:32.912 14267 14267 D AndroidRuntime: Calling main entry com.android.commands.input.Input
08-05 11:24:32.913 14267 14267 I Input   : injectMotionEvent: MotionEvent { action=ACTION_DOWN, actionButton=0, id[0]=0, x[0]=600.0, y[0]=950.0, toolType[0]=TOOL_TYPE_UNKNOWN, buttonState=0, metaState=0, flags=0x0, edgeFlags=0x0, pointerCount=1, historySize=0, eventTime=789889326, downTime=789889326, deviceId=0, source=0x1002 }
08-05 11:24:32.919 14267 14267 I Input   : injectMotionEvent: MotionEvent { action=ACTION_UP, actionButton=0, id[0]=0, x[0]=600.0, y[0]=950.0, toolType[0]=TOOL_TYPE_UNKNOWN, buttonState=0, metaState=0, flags=0x0, edgeFlags=0x0, pointerCount=1, historySize=0, eventTime=789889326, downTime=789889326, deviceId=0, source=0x1002 }
08-05 11:24:32.920 14267 14267 D AndroidRuntime: Shutting down VM
08-05 11:24:32.926   512  2967 D audio_hw_primary: out_set_parameters: enter: usecase(1: low-latency-playback) kvpairs: routing=2
08-05 11:24:32.926   918  3714 I ActivityManager: START u0 {dat=https://oauth.reddit.com/... cmp=baseline.org.quantumbadger.redreader/.activities.CommentListingActivity} from uid 10689 on display 0
08-05 11:24:32.939   512  2967 D audio_hw_primary: select_devices: out_snd_device(2: speaker) in_snd_device(0: none)
08-05 11:24:32.939   512  2967 D msm8974_platform: platform_send_audio_calibration: sending audio calibration for snd_device(2) acdb_id(15)
08-05 11:24:32.939   512  2967 I soundtrigger: audio_extn_sound_trigger_update_device_status: device 0x2 of type 0 for Event 1
08-05 11:24:32.945 13125 13125 I AppCompatViewInflater: app:theme is now deprecated. Please move to using android:theme instead.
08-05 11:24:32.951   512  2967 D audio_hw_primary: enable_snd_device: snd_device(2: speaker)
08-05 11:24:32.952   512  2967 D audio_hw_primary: enable_audio_route: apply and update mixer path: low-latency-playback speaker
08-05 11:24:32.959 13125 13690 I CommentListingActivity: COMMENTS session changed to c7e9634b-70e0-48a6-abe3-355071fc0f3a
08-05 11:24:33.013   918   936 I ActivityManager: Displayed baseline.org.quantumbadger.redreader/.activities.CommentListingActivity: +80ms
08-05 11:24:33.024 13866 13866 I GoogleInputMethodServic: GoogleInputMethodService.onFinishInput():3138 
08-05 11:24:33.025 13866 13866 I GoogleInputMethodServic: GoogleInputMethodService.onStartInput():1808 
08-05 11:24:33.107 13125 13136 I art     : Starting a blocking GC Explicit
08-05 11:24:33.132 13125 13136 I art     : Explicit concurrent mark sweep GC freed 7902(564KB) AllocSpace objects, 3(52KB) LOS objects, 38% free, 25MB/41MB, paused 205us total 24.854ms
08-05 11:24:33.145 13125 13136 I art     : Starting a blocking GC Explicit
08-05 11:24:33.175 13125 13136 I art     : Explicit concurrent mark sweep GC freed 512(24KB) AllocSpace objects, 0(0B) LOS objects, 38% free, 25MB/41MB, paused 208us total 29.442ms
08-05 11:24:33.186 13125 13136 I art     : Starting a blocking GC Explicit
08-05 11:24:33.207  8256  8256 W Atfwd_Sendcmd: AtCmdFwd service not published, waiting... retryCnt : 2
08-05 11:24:33.217 13125 13136 I art     : Explicit concurrent mark sweep GC freed 3(96B) AllocSpace objects, 0(0B) LOS objects, 38% free, 25MB/41MB, paused 200us total 29.847ms
08-05 11:24:33.231 13125 13136 I art     : Starting a blocking GC Explicit
08-05 11:24:33.255   380   380 W SurfaceFlinger: couldn't log to binary event log: overflow.
08-05 11:24:33.265 13125 13136 I art     : Explicit concurrent mark sweep GC freed 3(96B) AllocSpace objects, 0(0B) LOS objects, 38% free, 25MB/41MB, paused 212us total 33.739ms
08-05 11:24:33.276 13125 13136 I art     : Starting a blocking GC Explicit
08-05 11:24:33.299 13125 13136 I art     : Explicit concurrent mark sweep GC freed 3(96B) AllocSpace objects, 0(0B) LOS objects, 38% free, 25MB/41MB, paused 180us total 22.431ms
08-05 11:24:33.490   512  2967 D audio_hw_primary: disable_audio_route: reset and update mixer path: low-latency-playback speaker
08-05 11:24:33.491   512  2967 D audio_hw_primary: disable_snd_device: snd_device(2: speaker)
08-05 11:24:33.499   512  2967 I soundtrigger: audio_extn_sound_trigger_update_device_status: device 0x2 of type 0 for Event 0
08-05 11:24:33.578 13125 13356 I art     : Starting a blocking GC Explicit
08-05 11:24:33.607 13125 13356 I art     : Explicit concurrent mark sweep GC freed 1426(83KB) AllocSpace objects, 1(20KB) LOS objects, 38% free, 25MB/41MB, paused 325us total 28.735ms
08-05 11:24:33.618 13125 13356 I art     : Starting a blocking GC Explicit
08-05 11:24:33.644 13125 13356 I art     : Explicit concurrent mark sweep GC freed 66(2528B) AllocSpace objects, 0(0B) LOS objects, 38% free, 25MB/41MB, paused 198us total 25.128ms
08-05 11:24:33.648 13125 14168 I RedditChangeDataIO: Writing tmp data file at '/data/user/0/baseline.org.quantumbadger.redreader/files/rr_change_data_tmp.dat'
08-05 11:24:33.648 13125 14168 I RedditChangeDataManager: Taking snapshot...
08-05 11:24:33.649 13125 14168 I RedditChangeDataManager: Writing to stream...
08-05 11:24:33.649 13125 14168 I RedditChangeDataManager: Wrote 3 entries for user ''
08-05 11:24:33.649 13125 14168 I RedditChangeDataManager: All entries written to stream.
08-05 11:24:33.649 13125 14168 I RedditChangeDataIO: Write successful. Atomically replacing data file...
08-05 11:24:33.649 13125 14168 I RedditChangeDataIO: Write complete.
08-05 11:24:33.649 13125 14168 I RedditChangeDataIO: 86 bytes written in 1 ms
08-05 11:24:33.654 13125 13356 I art     : Starting a blocking GC Explicit
08-05 11:24:33.680 13125 13356 I art     : Explicit concurrent mark sweep GC freed 81(4KB) AllocSpace objects, 1(68KB) LOS objects, 38% free, 25MB/41MB, paused 197us total 25.398ms
08-05 11:24:33.690 13125 13356 I art     : Starting a blocking GC Explicit
08-05 11:24:33.715 13125 13356 I art     : Explicit concurrent mark sweep GC freed 6(192B) AllocSpace objects, 0(0B) LOS objects, 38% free, 25MB/41MB, paused 191us total 25.262ms
08-05 11:24:33.726 13125 13356 I art     : Starting a blocking GC Explicit
08-05 11:24:33.752 13125 13356 I art     : Explicit concurrent mark sweep GC freed 3(96B) AllocSpace objects, 0(0B) LOS objects, 38% free, 25MB/41MB, paused 179us total 25.853ms
08-05 11:24:34.041 13125 13137 I art     : Starting a blocking GC Explicit
08-05 11:24:34.075 13125 13137 I art     : Explicit concurrent mark sweep GC freed 1343(80KB) AllocSpace objects, 1(20KB) LOS objects, 38% free, 25MB/41MB, paused 235us total 33.041ms
08-05 11:24:34.088 13125 13137 I art     : Starting a blocking GC Explicit
08-05 11:24:34.115 13125 13137 I art     : Explicit concurrent mark sweep GC freed 20(704B) AllocSpace objects, 0(0B) LOS objects, 38% free, 25MB/41MB, paused 204us total 27.001ms
08-05 11:24:34.127 13125 13137 I art     : Starting a blocking GC Explicit
08-05 11:24:34.152 13125 13137 I art     : Explicit concurrent mark sweep GC freed 238(36KB) AllocSpace objects, 0(0B) LOS objects, 38% free, 25MB/41MB, paused 185us total 24.924ms
08-05 11:24:34.162 13125 13137 I art     : Starting a blocking GC Explicit
08-05 11:24:34.188 13125 13137 I art     : Explicit concurrent mark sweep GC freed 68(2272B) AllocSpace objects, 0(0B) LOS objects, 38% free, 25MB/41MB, paused 181us total 25.670ms
08-05 11:24:34.198 13125 13137 I art     : Starting a blocking GC Explicit
08-05 11:24:34.224 13125 13137 I art     : Explicit concurrent mark sweep GC freed 3(96B) AllocSpace objects, 0(0B) LOS objects, 38% free, 25MB/41MB, paused 186us total 25.949ms
08-05 11:24:34.509 13125 13136 I art     : Starting a blocking GC Explicit
08-05 11:24:34.545 13125 13136 I art     : Explicit concurrent mark sweep GC freed 1343(80KB) AllocSpace objects, 1(20KB) LOS objects, 38% free, 25MB/41MB, paused 185us total 35.361ms
08-05 11:24:34.555 13125 13136 I art     : Starting a blocking GC Explicit
08-05 11:24:34.582 13125 13136 I art     : Explicit concurrent mark sweep GC freed 20(704B) AllocSpace objects, 0(0B) LOS objects, 38% free, 25MB/41MB, paused 181us total 26.191ms
08-05 11:24:34.592 13125 13136 I art     : Starting a blocking GC Explicit
08-05 11:24:34.618 13125 13136 I art     : Explicit concurrent mark sweep GC freed 3(96B) AllocSpace objects, 0(0B) LOS objects, 38% free, 25MB/41MB, paused 181us total 25.914ms
08-05 11:24:34.629 13125 13136 I art     : Starting a blocking GC Explicit
08-05 11:24:34.654 13125 13136 I art     : Explicit concurrent mark sweep GC freed 3(96B) AllocSpace objects, 0(0B) LOS objects, 38% free, 25MB/41MB, paused 184us total 24.766ms
08-05 11:24:34.664 13125 13136 I art     : Starting a blocking GC Explicit
08-05 11:24:34.689 13125 13136 I art     : Explicit concurrent mark sweep GC freed 3(96B) AllocSpace objects, 0(0B) LOS objects, 38% free, 25MB/41MB, paused 178us total 24.831ms
08-05 11:24:35.001 13125 13151 I art     : Starting a blocking GC Explicit
08-05 11:24:35.032 13125 13151 I art     : Explicit concurrent mark sweep GC freed 1343(80KB) AllocSpace objects, 1(20KB) LOS objects, 38% free, 25MB/41MB, paused 187us total 31.471ms
08-05 11:24:35.043 13125 13151 I art     : Starting a blocking GC Explicit
08-05 11:24:35.070 13125 13151 I art     : Explicit concurrent mark sweep GC freed 20(704B) AllocSpace objects, 0(0B) LOS objects, 38% free, 25MB/41MB, paused 190us total 26.193ms
08-05 11:24:35.080 13125 13151 I art     : Starting a blocking GC Explicit
08-05 11:24:35.107 13125 13151 I art     : Explicit concurrent mark sweep GC freed 3(96B) AllocSpace objects, 0(0B) LOS objects, 38% free, 25MB/41MB, paused 174us total 26.669ms
08-05 11:24:35.118 13125 13151 I art     : Starting a blocking GC Explicit
08-05 11:24:35.144 13125 13151 I art     : Explicit concurrent mark sweep GC freed 3(96B) AllocSpace objects, 0(0B) LOS objects, 38% free, 25MB/41MB, paused 180us total 25.680ms
08-05 11:24:35.154 13125 13151 I art     : Starting a blocking GC Explicit
08-05 11:24:35.179 13125 13151 I art     : Explicit concurrent mark sweep GC freed 3(96B) AllocSpace objects, 0(0B) LOS objects, 38% free, 25MB/41MB, paused 182us total 24.347ms
08-05 11:24:35.495 13125 13356 I art     : Starting a blocking GC Explicit
08-05 11:24:35.531 13125 13356 I art     : Explicit concurrent mark sweep GC freed 1343(80KB) AllocSpace objects, 1(20KB) LOS objects, 38% free, 25MB/41MB, paused 229us total 35.188ms
08-05 11:24:35.543 13125 13356 I art     : Starting a blocking GC Explicit
08-05 11:24:35.570 13125 13356 I art     : Explicit concurrent mark sweep GC freed 20(704B) AllocSpace objects, 0(0B) LOS objects, 38% free, 25MB/41MB, paused 192us total 26.316ms
08-05 11:24:35.580 13125 13356 I art     : Starting a blocking GC Explicit
08-05 11:24:35.606 13125 13356 I art     : Explicit concurrent mark sweep GC freed 3(96B) AllocSpace objects, 0(0B) LOS objects, 38% free, 25MB/41MB, paused 184us total 25.724ms
08-05 11:24:35.616 13125 13356 I art     : Starting a blocking GC Explicit
08-05 11:24:35.641 13125 13356 I art     : Explicit concurrent mark sweep GC freed 3(96B) AllocSpace objects, 0(0B) LOS objects, 38% free, 25MB/41MB, paused 176us total 24.785ms
08-05 11:24:35.652 13125 13356 I art     : Starting a blocking GC Explicit
08-05 11:24:35.677 13125 13356 I art     : Explicit concurrent mark sweep GC freed 3(96B) AllocSpace objects, 0(0B) LOS objects, 38% free, 25MB/41MB, paused 191us total 25.656ms
08-05 11:24:35.977 13125 13137 I art     : Starting a blocking GC Explicit
08-05 11:24:36.005 13125 13137 I art     : Explicit concurrent mark sweep GC freed 1343(80KB) AllocSpace objects, 1(20KB) LOS objects, 38% free, 25MB/41MB, paused 198us total 27.813ms
08-05 11:24:36.015 13125 13137 I art     : Starting a blocking GC Explicit
08-05 11:24:36.041 13125 13137 I art     : Explicit concurrent mark sweep GC freed 20(704B) AllocSpace objects, 0(0B) LOS objects, 38% free, 25MB/41MB, paused 174us total 25.128ms
08-05 11:24:36.051 13125 13137 I art     : Starting a blocking GC Explicit
08-05 11:24:36.077 13125 13137 I art     : Explicit concurrent mark sweep GC freed 3(96B) AllocSpace objects, 0(0B) LOS objects, 38% free, 25MB/41MB, paused 241us total 25.711ms
08-05 11:24:36.087 13125 13137 I art     : Starting a blocking GC Explicit
08-05 11:24:36.113 13125 13137 I art     : Explicit concurrent mark sweep GC freed 3(96B) AllocSpace objects, 0(0B) LOS objects, 38% free, 25MB/41MB, paused 219us total 26.091ms
08-05 11:24:36.124 13125 13137 I art     : Starting a blocking GC Explicit
08-05 11:24:36.151 13125 13137 I art     : Explicit concurrent mark sweep GC freed 3(96B) AllocSpace objects, 0(0B) LOS objects, 38% free, 25MB/41MB, paused 185us total 26.446ms
08-05 11:24:36.462 13125 13136 I art     : Starting a blocking GC Explicit
08-05 11:24:36.503 13125 13136 I art     : Explicit concurrent mark sweep GC freed 1345(80KB) AllocSpace objects, 1(20KB) LOS objects, 38% free, 25MB/41MB, paused 212us total 41.291ms
08-05 11:24:36.519 13125 13136 I art     : Starting a blocking GC Explicit
08-05 11:24:36.545 13125 13136 I art     : Explicit concurrent mark sweep GC freed 20(704B) AllocSpace objects, 0(0B) LOS objects, 38% free, 25MB/41MB, paused 183us total 25.913ms
08-05 11:24:36.556 13125 13136 I art     : Starting a blocking GC Explicit
08-05 11:24:36.582 13125 13136 I art     : Explicit concurrent mark sweep GC freed 3(96B) AllocSpace objects, 0(0B) LOS objects, 38% free, 25MB/41MB, paused 174us total 25.752ms
08-05 11:24:36.592 13125 13136 I art     : Starting a blocking GC Explicit
08-05 11:24:36.619 13125 13136 I art     : Explicit concurrent mark sweep GC freed 3(96B) AllocSpace objects, 0(0B) LOS objects, 38% free, 25MB/41MB, paused 190us total 26.284ms
08-05 11:24:36.629 13125 13136 I art     : Starting a blocking GC Explicit
08-05 11:24:36.656 13125 13136 I art     : Explicit concurrent mark sweep GC freed 3(96B) AllocSpace objects, 0(0B) LOS objects, 38% free, 25MB/41MB, paused 178us total 26.374ms
08-05 11:24:36.971 13125 13151 I art     : Starting a blocking GC Explicit
08-05 11:24:37.014 13125 13151 I art     : Explicit concurrent mark sweep GC freed 1343(80KB) AllocSpace objects, 1(20KB) LOS objects, 38% free, 25MB/41MB, paused 204us total 42ms
08-05 11:24:37.032 13125 13151 I art     : Starting a blocking GC Explicit
08-05 11:24:37.058 13125 13151 I art     : Explicit concurrent mark sweep GC freed 20(704B) AllocSpace objects, 0(0B) LOS objects, 38% free, 25MB/41MB, paused 178us total 25.312ms
08-05 11:24:37.068 13125 13151 I art     : Starting a blocking GC Explicit
08-05 11:24:37.094 13125 13151 I art     : Explicit concurrent mark sweep GC freed 3(96B) AllocSpace objects, 0(0B) LOS objects, 38% free, 25MB/41MB, paused 180us total 25.666ms
08-05 11:24:37.104 13125 13151 I art     : Starting a blocking GC Explicit
08-05 11:24:37.130 13125 13151 I art     : Explicit concurrent mark sweep GC freed 3(96B) AllocSpace objects, 0(0B) LOS objects, 38% free, 25MB/41MB, paused 190us total 25.917ms
08-05 11:24:37.141 13125 13151 I art     : Starting a blocking GC Explicit
08-05 11:24:37.167 13125 13151 I art     : Explicit concurrent mark sweep GC freed 3(96B) AllocSpace objects, 0(0B) LOS objects, 38% free, 25MB/41MB, paused 185us total 25.770ms
08-05 11:24:37.419 13125 13356 I art     : Starting a blocking GC Explicit
08-05 11:24:37.445 13125 13356 I art     : Explicit concurrent mark sweep GC freed 1343(80KB) AllocSpace objects, 1(20KB) LOS objects, 38% free, 25MB/41MB, paused 182us total 26.049ms
08-05 11:24:37.456 13125 13356 I art     : Starting a blocking GC Explicit
08-05 11:24:37.481 13125 13356 I art     : Explicit concurrent mark sweep GC freed 20(704B) AllocSpace objects, 0(0B) LOS objects, 38% free, 25MB/41MB, paused 178us total 24.730ms
08-05 11:24:37.490 13125 13356 I art     : Starting a blocking GC Explicit
08-05 11:24:37.511 14383 14383 D AndroidRuntime: >>>>>> START com.android.internal.os.RuntimeInit uid 2000 <<<<<<
08-05 11:24:37.515 14383 14383 D AndroidRuntime: CheckJNI is OFF
08-05 11:24:37.515 13125 13356 I art     : Explicit concurrent mark sweep GC freed 3(96B) AllocSpace objects, 0(0B) LOS objects, 38% free, 25MB/41MB, paused 182us total 24.696ms
08-05 11:24:37.525 13125 13356 I art     : Starting a blocking GC Explicit
08-05 11:24:37.542 14383 14383 D ICU     : No timezone override file found: /data/misc/zoneinfo/current/icu/icu_tzdata.dat
08-05 11:24:37.550 13125 13356 I art     : Explicit concurrent mark sweep GC freed 3(96B) AllocSpace objects, 0(0B) LOS objects, 38% free, 25MB/41MB, paused 233us total 24.263ms
08-05 11:24:37.560 13125 13356 I art     : Starting a blocking GC Explicit
08-05 11:24:37.568 14383 14383 I Radio-JNI: register_android_hardware_Radio DONE
08-05 11:24:37.583 13125 13356 I art     : Explicit concurrent mark sweep GC freed 3(96B) AllocSpace objects, 0(0B) LOS objects, 38% free, 25MB/41MB, paused 180us total 22.410ms
08-05 11:24:37.584 14383 14383 D AndroidRuntime: Calling main entry com.android.commands.input.Input
08-05 11:24:37.585 14383 14383 I Input   : injectKeyEvent: KeyEvent { action=ACTION_DOWN, keyCode=KEYCODE_BACK, scanCode=0, metaState=0, flags=0x0, repeatCount=0, eventTime=789893998, downTime=789893998, deviceId=-1, source=0x101 }
08-05 11:24:37.591 14383 14383 I Input   : injectKeyEvent: KeyEvent { action=ACTION_UP, keyCode=KEYCODE_BACK, scanCode=0, metaState=0, flags=0x0, repeatCount=0, eventTime=789893998, downTime=789893998, deviceId=-1, source=0x101 }
08-05 11:24:37.597 14383 14383 D AndroidRuntime: Shutting down VM
08-05 11:24:37.632 13866 13866 I GoogleInputMethodServic: GoogleInputMethodService.onFinishInput():3138 
08-05 11:24:37.633 13866 13866 I GoogleInputMethodServic: GoogleInputMethodService.onStartInput():1808 
08-05 11:24:37.819 13125 13137 I art     : Starting a blocking GC Explicit
08-05 11:24:37.854 13125 13137 I art     : Explicit concurrent mark sweep GC freed 1588(89KB) AllocSpace objects, 1(20KB) LOS objects, 38% free, 25MB/41MB, paused 223us total 34.533ms
08-05 11:24:37.867 13125 13137 I art     : Starting a blocking GC Explicit
08-05 11:24:37.900 13125 13137 I art     : Explicit concurrent mark sweep GC freed 24(864B) AllocSpace objects, 0(0B) LOS objects, 38% free, 25MB/41MB, paused 464us total 32.773ms
08-05 11:24:37.914 13125 13137 I art     : Starting a blocking GC Explicit
08-05 11:24:37.943 13125 13137 I art     : Explicit concurrent mark sweep GC freed 3(96B) AllocSpace objects, 0(0B) LOS objects, 38% free, 25MB/41MB, paused 188us total 28.397ms
08-05 11:24:37.944   380   380 W SurfaceFlinger: couldn't log to binary event log: overflow.
08-05 11:24:37.956 13125 13137 I art     : Starting a blocking GC Explicit
08-05 11:24:37.980 13125 13137 I art     : Explicit concurrent mark sweep GC freed 55(2064B) AllocSpace objects, 0(0B) LOS objects, 38% free, 25MB/41MB, paused 182us total 22.034ms
08-05 11:24:37.989 13125 13137 I art     : Starting a blocking GC Explicit
08-05 11:24:38.011 13125 13137 I art     : Explicit concurrent mark sweep GC freed 3838(310KB) AllocSpace objects, 5(140KB) LOS objects, 39% free, 24MB/40MB, paused 181us total 22.064ms
08-05 11:24:38.302 13125 13151 I art     : Starting a blocking GC Explicit
08-05 11:24:38.342 13125 13151 I art     : Explicit concurrent mark sweep GC freed 1343(80KB) AllocSpace objects, 1(20KB) LOS objects, 39% free, 24MB/40MB, paused 219us total 39.455ms
08-05 11:24:38.358 13125 13151 I art     : Starting a blocking GC Explicit
08-05 11:24:38.383 13125 13151 I art     : Explicit concurrent mark sweep GC freed 20(704B) AllocSpace objects, 0(0B) LOS objects, 39% free, 24MB/40MB, paused 180us total 24.674ms
08-05 11:24:38.393 13125 13151 I art     : Starting a blocking GC Explicit
08-05 11:24:38.418 13125 13151 I art     : Explicit concurrent mark sweep GC freed 3(96B) AllocSpace objects, 0(0B) LOS objects, 39% free, 24MB/40MB, paused 182us total 24.637ms
08-05 11:24:38.429 13125 13151 I art     : Starting a blocking GC Explicit
08-05 11:24:38.454 13125 13151 I art     : Explicit concurrent mark sweep GC freed 3(96B) AllocSpace objects, 0(0B) LOS objects, 39% free, 24MB/40MB, paused 183us total 24.967ms
08-05 11:24:38.464 13125 13151 I art     : Starting a blocking GC Explicit
08-05 11:24:38.489 13125 13151 I art     : Explicit concurrent mark sweep GC freed 3(96B) AllocSpace objects, 0(0B) LOS objects, 39% free, 24MB/40MB, paused 180us total 24.495ms
08-05 11:24:38.781 13125 13356 I art     : Starting a blocking GC Explicit
08-05 11:24:38.813 13125 13356 I art     : Explicit concurrent mark sweep GC freed 1343(80KB) AllocSpace objects, 1(20KB) LOS objects, 39% free, 24MB/40MB, paused 225us total 31.647ms
08-05 11:24:38.829 13125 13356 I art     : Starting a blocking GC Explicit
08-05 11:24:38.853 13125 13356 I art     : Explicit concurrent mark sweep GC freed 20(704B) AllocSpace objects, 0(0B) LOS objects, 39% free, 24MB/40MB, paused 180us total 24.121ms
08-05 11:24:38.864 13125 13356 I art     : Starting a blocking GC Explicit
08-05 11:24:38.886 13125 13356 I art     : Explicit concurrent mark sweep GC freed 3(96B) AllocSpace objects, 0(0B) LOS objects, 39% free, 24MB/40MB, paused 173us total 22.435ms
08-05 11:24:38.896 13125 13356 I art     : Starting a blocking GC Explicit
08-05 11:24:38.919 13125 13356 I art     : Explicit concurrent mark sweep GC freed 3(96B) AllocSpace objects, 0(0B) LOS objects, 39% free, 24MB/40MB, paused 174us total 22.516ms
08-05 11:24:38.929 13125 13356 I art     : Starting a blocking GC Explicit
08-05 11:24:38.951 13125 13356 I art     : Explicit concurrent mark sweep GC freed 3(96B) AllocSpace objects, 0(0B) LOS objects, 39% free, 24MB/40MB, paused 175us total 22.512ms
08-05 11:24:39.147 14437 14437 D AndroidRuntime: >>>>>> START com.android.internal.os.RuntimeInit uid 2000 <<<<<<
08-05 11:24:39.151 14437 14437 D AndroidRuntime: CheckJNI is OFF
08-05 11:24:39.175 14437 14437 D ICU     : No timezone override file found: /data/misc/zoneinfo/current/icu/icu_tzdata.dat
08-05 11:24:39.200 14437 14437 I Radio-JNI: register_android_hardware_Radio DONE
08-05 11:24:39.217 14437 14437 D AndroidRuntime: Calling main entry com.android.commands.input.Input
08-05 11:24:39.218 14437 14437 I Input   : injectMotionEvent: MotionEvent { action=ACTION_DOWN, actionButton=0, id[0]=0, x[0]=600.0, y[0]=700.0, toolType[0]=TOOL_TYPE_UNKNOWN, buttonState=0, metaState=0, flags=0x0, edgeFlags=0x0, pointerCount=1, historySize=0, eventTime=789895631, downTime=789895631, deviceId=0, source=0x1002 }
08-05 11:24:39.222 13125 13136 I art     : Starting a blocking GC Explicit
08-05 11:24:39.223 14437 14437 I Input   : injectMotionEvent: MotionEvent { action=ACTION_UP, actionButton=0, id[0]=0, x[0]=600.0, y[0]=700.0, toolType[0]=TOOL_TYPE_UNKNOWN, buttonState=0, metaState=0, flags=0x0, edgeFlags=0x0, pointerCount=1, historySize=0, eventTime=789895631, downTime=789895631, deviceId=0, source=0x1002 }
08-05 11:24:39.224 14437 14437 D AndroidRuntime: Shutting down VM
08-05 11:24:39.235   512  2967 D audio_hw_primary: out_set_parameters: enter: usecase(1: low-latency-playback) kvpairs: routing=2
08-05 11:24:39.236   918   928 I ActivityManager: START u0 {dat=https://oauth.reddit.com/... cmp=baseline.org.quantumbadger.redreader/.activities.CommentListingActivity} from uid 10689 on display 0
08-05 11:24:39.247   512  2967 D audio_hw_primary: select_devices: out_snd_device(2: speaker) in_snd_device(0: none)
08-05 11:24:39.247 13125 13136 I art     : Explicit concurrent mark sweep GC freed 1591(89KB) AllocSpace objects, 1(20KB) LOS objects, 39% free, 24MB/40MB, paused 454us total 24.920ms
08-05 11:24:39.247   512  2967 D msm8974_platform: platform_send_audio_calibration: sending audio calibration for snd_device(2) acdb_id(15)
08-05 11:24:39.248   512  2967 I soundtrigger: audio_extn_sound_trigger_update_device_status: device 0x2 of type 0 for Event 1
08-05 11:24:39.254 13125 13125 I AppCompatViewInflater: app:theme is now deprecated. Please move to using android:theme instead.
08-05 11:24:39.256   512  2967 D audio_hw_primary: enable_snd_device: snd_device(2: speaker)
08-05 11:24:39.258 13125 13136 I art     : Starting a blocking GC Explicit
08-05 11:24:39.258   512  2967 D audio_hw_primary: enable_audio_route: apply and update mixer path: low-latency-playback speaker
08-05 11:24:39.268 13125 13690 I CommentListingActivity: COMMENTS session changed to 326b70fa-c249-43bf-97e1-7323c8e965e7
08-05 11:24:39.282 13125 13136 I art     : Explicit concurrent mark sweep GC freed 2311(219KB) AllocSpace objects, 0(0B) LOS objects, 38% free, 25MB/41MB, paused 519us total 24.339ms
08-05 11:24:39.292 13125 13136 I art     : Starting a blocking GC Explicit
08-05 11:24:39.321 13125 13136 I art     : Explicit concurrent mark sweep GC freed 10799(708KB) AllocSpace objects, 2(36KB) LOS objects, 37% free, 26MB/42MB, paused 720us total 28.805ms
08-05 11:24:39.322   918   936 I ActivityManager: Displayed baseline.org.quantumbadger.redreader/.activities.CommentListingActivity: +79ms
08-05 11:24:39.324 13866 13866 I GoogleInputMethodServic: GoogleInputMethodService.onFinishInput():3138 
08-05 11:24:39.325 13866 13866 I GoogleInputMethodServic: GoogleInputMethodService.onStartInput():1808 
08-05 11:24:39.331 13125 13136 I art     : Starting a blocking GC Explicit
08-05 11:24:39.368 13125 13136 I art     : Explicit concurrent mark sweep GC freed 13360(865KB) AllocSpace objects, 0(0B) LOS objects, 36% free, 27MB/43MB, paused 919us total 36.406ms
08-05 11:24:39.380 13125 13136 I art     : Starting a blocking GC Explicit
08-05 11:24:39.418 13125 13136 I art     : Explicit concurrent mark sweep GC freed 13312(905KB) AllocSpace objects, 1(16KB) LOS objects, 35% free, 28MB/44MB, paused 316us total 37.398ms
08-05 11:24:39.594   380   380 W SurfaceFlinger: couldn't log to binary event log: overflow.
08-05 11:24:39.654 13125 13137 I art     : Starting a blocking GC Explicit
08-05 11:24:39.685 13125 13137 I art     : Explicit concurrent mark sweep GC freed 25646(1317KB) AllocSpace objects, 1(20KB) LOS objects, 36% free, 27MB/43MB, paused 200us total 31.216ms
08-05 11:24:39.696 13125 13137 I art     : Starting a blocking GC Explicit
08-05 11:24:39.727 13125 13137 I art     : Explicit concurrent mark sweep GC freed 124(4KB) AllocSpace objects, 0(0B) LOS objects, 36% free, 27MB/43MB, paused 189us total 30.570ms
08-05 11:24:39.737 13125 13137 I art     : Starting a blocking GC Explicit
08-05 11:24:39.766 13125 13137 I art     : Explicit concurrent mark sweep GC freed 8(256B) AllocSpace objects, 0(0B) LOS objects, 36% free, 27MB/43MB, paused 147us total 28.869ms
08-05 11:24:39.777 13125 13137 I art     : Starting a blocking GC Explicit
08-05 11:24:39.798   512  2967 D audio_hw_primary: disable_audio_route: reset and update mixer path: low-latency-playback speaker
08-05 11:24:39.799   512  2967 D audio_hw_primary: disable_snd_device: snd_device(2: speaker)
08-05 11:24:39.805 13125 13137 I art     : Explicit concurrent mark sweep GC freed 3(96B) AllocSpace objects, 0(0B) LOS objects, 36% free, 27MB/43MB, paused 150us total 27.741ms
08-05 11:24:39.808   512  2967 I soundtrigger: audio_extn_sound_trigger_update_device_status: device 0x2 of type 0 for Event 0
08-05 11:24:39.815 13125 13137 I art     : Starting a blocking GC Explicit
08-05 11:24:39.844 13125 13137 I art     : Explicit concurrent mark sweep GC freed 3(96B) AllocSpace objects, 0(0B) LOS objects, 36% free, 27MB/43MB, paused 171us total 28.680ms
08-05 11:24:40.123 13125 13151 I art     : Starting a blocking GC Explicit
08-05 11:24:40.160 13125 13151 I art     : Explicit concurrent mark sweep GC freed 1343(80KB) AllocSpace objects, 1(20KB) LOS objects, 36% free, 27MB/43MB, paused 177us total 36.689ms
08-05 11:24:40.171 13125 13151 I art     : Starting a blocking GC Explicit
08-05 11:24:40.204 13125 13151 I art     : Explicit concurrent mark sweep GC freed 20(704B) AllocSpace objects, 0(0B) LOS objects, 36% free, 27MB/43MB, paused 156us total 32.905ms
08-05 11:24:40.216 13125 13151 I art     : Starting a blocking GC Explicit
08-05 11:24:40.249 13125 13151 I art     : Explicit concurrent mark sweep GC freed 3(96B) AllocSpace objects, 0(0B) LOS objects, 36% free, 27MB/43MB, paused 153us total 33.521ms
08-05 11:24:40.260 13125 13151 I art     : Starting a blocking GC Explicit
08-05 11:24:40.291 13125 13151 I art     : Explicit concurrent mark sweep GC freed 49(1920B) AllocSpace objects, 0(0B) LOS objects, 36% free, 27MB/43MB, paused 169us total 30.567ms
08-05 11:24:40.302 13125 13151 I art     : Starting a blocking GC Explicit
08-05 11:24:40.337 13125 13151 I art     : Explicit concurrent mark sweep GC freed 3(96B) AllocSpace objects, 0(0B) LOS objects, 36% free, 27MB/43MB, paused 174us total 34.242ms
08-05 11:24:40.637 13125 13137 I art     : Starting a blocking GC Explicit
08-05 11:24:40.688 13125 13137 I art     : Explicit concurrent mark sweep GC freed 1343(80KB) AllocSpace objects, 1(20KB) LOS objects, 36% free, 27MB/43MB, paused 211us total 50.778ms
08-05 11:24:40.702 13125 13137 I art     : Starting a blocking GC Explicit
08-05 11:24:40.739 13125 13137 I art     : Explicit concurrent mark sweep GC freed 20(704B) AllocSpace objects, 0(0B) LOS objects, 36% free, 27MB/43MB, paused 186us total 36.527ms
08-05 11:24:40.751 13125 13137 I art     : Starting a blocking GC Explicit
08-05 11:24:40.787 13125 13137 I art     : Explicit concurrent mark sweep GC freed 3(96B) AllocSpace objects, 0(0B) LOS objects, 36% free, 27MB/43MB, paused 197us total 36.166ms
08-05 11:24:40.799 13125 13137 I art     : Starting a blocking GC Explicit
08-05 11:24:40.834 13125 13137 I art     : Explicit concurrent mark sweep GC freed 3(96B) AllocSpace objects, 0(0B) LOS objects, 36% free, 27MB/43MB, paused 188us total 35.362ms
08-05 11:24:40.846 13125 13137 I art     : Starting a blocking GC Explicit
08-05 11:24:40.882 13125 13137 I art     : Explicit concurrent mark sweep GC freed 3(96B) AllocSpace objects, 0(0B) LOS objects, 36% free, 27MB/43MB, paused 185us total 35.366ms
08-05 11:24:41.200 13125 13356 I art     : Starting a blocking GC Explicit
08-05 11:24:41.249 13125 13356 I art     : Explicit concurrent mark sweep GC freed 1343(80KB) AllocSpace objects, 1(20KB) LOS objects, 36% free, 27MB/43MB, paused 212us total 49.237ms
08-05 11:24:41.265 13125 13356 I art     : Starting a blocking GC Explicit
08-05 11:24:41.301 13125 13356 I art     : Explicit concurrent mark sweep GC freed 20(704B) AllocSpace objects, 0(0B) LOS objects, 36% free, 27MB/43MB, paused 181us total 36.647ms
08-05 11:24:41.313 13125 13356 I art     : Starting a blocking GC Explicit
08-05 11:24:41.350 13125 13356 I art     : Explicit concurrent mark sweep GC freed 3(96B) AllocSpace objects, 0(0B) LOS objects, 36% free, 27MB/43MB, paused 186us total 36.569ms
08-05 11:24:41.362 13125 13356 I art     : Starting a blocking GC Explicit
08-05 11:24:41.398 13125 13356 I art     : Explicit concurrent mark sweep GC freed 3(96B) AllocSpace objects, 0(0B) LOS objects, 36% free, 27MB/43MB, paused 165us total 35.624ms
08-05 11:24:41.410 13125 13356 I art     : Starting a blocking GC Explicit
08-05 11:24:41.447 13125 13356 I art     : Explicit concurrent mark sweep GC freed 3(96B) AllocSpace objects, 0(0B) LOS objects, 36% free, 27MB/43MB, paused 178us total 36.634ms
08-05 11:24:41.779 13125 13136 I art     : Starting a blocking GC Explicit
08-05 11:24:41.833 13125 13136 I art     : Explicit concurrent mark sweep GC freed 1343(80KB) AllocSpace objects, 1(20KB) LOS objects, 36% free, 27MB/43MB, paused 219us total 53.764ms
08-05 11:24:41.848 13125 13136 I art     : Starting a blocking GC Explicit
08-05 11:24:41.885 13125 13136 I art     : Explicit concurrent mark sweep GC freed 20(704B) AllocSpace objects, 0(0B) LOS objects, 36% free, 27MB/43MB, paused 185us total 36.861ms
08-05 11:24:41.897 13125 13136 I art     : Starting a blocking GC Explicit
08-05 11:24:41.934 13125 13136 I art     : Explicit concurrent mark sweep GC freed 3(96B) AllocSpace objects, 0(0B) LOS objects, 36% free, 27MB/43MB, paused 185us total 36.493ms
08-05 11:24:41.946 13125 13136 I art     : Starting a blocking GC Explicit
08-05 11:24:41.981 13125 13136 I art     : Explicit concurrent mark sweep GC freed 3(96B) AllocSpace objects, 0(0B) LOS objects, 36% free, 27MB/43MB, paused 179us total 35.546ms
08-05 11:24:41.993 13125 13136 I art     : Starting a blocking GC Explicit
08-05 11:24:42.029 13125 13136 I art     : Explicit concurrent mark sweep GC freed 3(96B) AllocSpace objects, 0(0B) LOS objects, 36% free, 27MB/43MB, paused 188us total 35.590ms
08-05 11:24:42.347 13125 13151 I art     : Starting a blocking GC Explicit
08-05 11:24:42.397 13125 13151 I art     : Explicit concurrent mark sweep GC freed 1343(80KB) AllocSpace objects, 1(20KB) LOS objects, 36% free, 27MB/43MB, paused 203us total 49.795ms
08-05 11:24:42.411 13125 13151 I art     : Starting a blocking GC Explicit
08-05 11:24:42.449 13125 13151 I art     : Explicit concurrent mark sweep GC freed 20(704B) AllocSpace objects, 0(0B) LOS objects, 36% free, 27MB/43MB, paused 190us total 36.855ms
08-05 11:24:42.461 13125 13151 I art     : Starting a blocking GC Explicit
08-05 11:24:42.497 13125 13151 I art     : Explicit concurrent mark sweep GC freed 3(96B) AllocSpace objects, 0(0B) LOS objects, 36% free, 27MB/43MB, paused 195us total 36.542ms
08-05 11:24:42.509 13125 13151 I art     : Starting a blocking GC Explicit
08-05 11:24:42.545 13125 13151 I art     : Explicit concurrent mark sweep GC freed 3(96B) AllocSpace objects, 0(0B) LOS objects, 36% free, 27MB/43MB, paused 204us total 35.604ms
08-05 11:24:42.557 13125 13151 I art     : Starting a blocking GC Explicit
08-05 11:24:42.593 13125 13151 I art     : Explicit concurrent mark sweep GC freed 3(96B) AllocSpace objects, 0(0B) LOS objects, 36% free, 27MB/43MB, paused 179us total 36.264ms
08-05 11:24:42.903 13125 13137 I art     : Starting a blocking GC Explicit
08-05 11:24:42.945 13125 13137 I art     : Explicit concurrent mark sweep GC freed 1345(80KB) AllocSpace objects, 1(20KB) LOS objects, 36% free, 27MB/43MB, paused 232us total 41.695ms
08-05 11:24:42.957 13125 13137 I art     : Starting a blocking GC Explicit
08-05 11:24:42.993 13125 13137 I art     : Explicit concurrent mark sweep GC freed 20(704B) AllocSpace objects, 0(0B) LOS objects, 36% free, 27MB/43MB, paused 183us total 35.525ms
08-05 11:24:43.005 13125 13137 I art     : Starting a blocking GC Explicit
08-05 11:24:43.041 13125 13137 I art     : Explicit concurrent mark sweep GC freed 3(96B) AllocSpace objects, 0(0B) LOS objects, 36% free, 27MB/43MB, paused 181us total 36.506ms
08-05 11:24:43.053 13125 13137 I art     : Starting a blocking GC Explicit
08-05 11:24:43.089 13125 13137 I art     : Explicit concurrent mark sweep GC freed 3(96B) AllocSpace objects, 0(0B) LOS objects, 36% free, 27MB/43MB, paused 175us total 35.586ms
08-05 11:24:43.101 13125 13137 I art     : Starting a blocking GC Explicit
08-05 11:24:43.137 13125 13137 I art     : Explicit concurrent mark sweep GC freed 3(96B) AllocSpace objects, 0(0B) LOS objects, 36% free, 27MB/43MB, paused 301us total 35.891ms
08-05 11:24:43.208  8256  8256 I ServiceManager: Waiting for service AtCmdFwd...
08-05 11:24:43.464 13125 13356 I art     : Starting a blocking GC Explicit
08-05 11:24:43.503 13125 13356 I art     : Explicit concurrent mark sweep GC freed 1343(80KB) AllocSpace objects, 1(20KB) LOS objects, 36% free, 27MB/43MB, paused 178us total 39.031ms
08-05 11:24:43.514 13125 13356 I art     : Starting a blocking GC Explicit
08-05 11:24:43.548 13125 13356 I art     : Explicit concurrent mark sweep GC freed 20(704B) AllocSpace objects, 0(0B) LOS objects, 36% free, 27MB/43MB, paused 184us total 33.543ms
08-05 11:24:43.559 13125 13356 I art     : Starting a blocking GC Explicit
08-05 11:24:43.593 13125 13356 I art     : Explicit concurrent mark sweep GC freed 3(96B) AllocSpace objects, 0(0B) LOS objects, 36% free, 27MB/43MB, paused 208us total 33.658ms
08-05 11:24:43.604 13125 13356 I art     : Starting a blocking GC Explicit
08-05 11:24:43.638 13125 13356 I art     : Explicit concurrent mark sweep GC freed 3(96B) AllocSpace objects, 0(0B) LOS objects, 36% free, 27MB/43MB, paused 178us total 33.707ms
08-05 11:24:43.649 13125 13356 I art     : Starting a blocking GC Explicit
08-05 11:24:43.684 13125 13356 I art     : Explicit concurrent mark sweep GC freed 3(96B) AllocSpace objects, 0(0B) LOS objects, 36% free, 27MB/43MB, paused 177us total 34.076ms
08-05 11:24:43.773 14542 14542 D AndroidRuntime: >>>>>> START com.android.internal.os.RuntimeInit uid 2000 <<<<<<
08-05 11:24:43.777 14542 14542 D AndroidRuntime: CheckJNI is OFF
08-05 11:24:43.808 14542 14542 D ICU     : No timezone override file found: /data/misc/zoneinfo/current/icu/icu_tzdata.dat
08-05 11:24:43.836 14542 14542 I Radio-JNI: register_android_hardware_Radio DONE
08-05 11:24:43.853 14542 14542 D AndroidRuntime: Calling main entry com.android.commands.input.Input
08-05 11:24:43.854 14542 14542 I Input   : injectKeyEvent: KeyEvent { action=ACTION_DOWN, keyCode=KEYCODE_BACK, scanCode=0, metaState=0, flags=0x0, repeatCount=0, eventTime=789900267, downTime=789900267, deviceId=-1, source=0x101 }
08-05 11:24:43.861 14542 14542 I Input   : injectKeyEvent: KeyEvent { action=ACTION_UP, keyCode=KEYCODE_BACK, scanCode=0, metaState=0, flags=0x0, repeatCount=0, eventTime=789900267, downTime=789900267, deviceId=-1, source=0x101 }
08-05 11:24:43.866 14542 14542 D AndroidRuntime: Shutting down VM
08-05 11:24:43.900 13866 13866 I GoogleInputMethodServic: GoogleInputMethodService.onFinishInput():3138 
08-05 11:24:43.901 13866 13866 I GoogleInputMethodServic: GoogleInputMethodService.onStartInput():1808 
08-05 11:24:43.939 13125 13151 I art     : Starting a blocking GC Explicit
08-05 11:24:43.971 13125 13151 I art     : Explicit concurrent mark sweep GC freed 1588(88KB) AllocSpace objects, 1(20KB) LOS objects, 36% free, 27MB/43MB, paused 198us total 31.923ms
08-05 11:24:43.981 13125 13151 I art     : Starting a blocking GC Explicit
08-05 11:24:44.011 13125 13151 I art     : Explicit concurrent mark sweep GC freed 24(864B) AllocSpace objects, 0(0B) LOS objects, 36% free, 27MB/43MB, paused 158us total 29.141ms
08-05 11:24:44.022 13125 13151 I art     : Starting a blocking GC Explicit
08-05 11:24:44.055 13125 13151 I art     : Explicit concurrent mark sweep GC freed 3(96B) AllocSpace objects, 0(0B) LOS objects, 36% free, 27MB/43MB, paused 182us total 32.958ms
08-05 11:24:44.068 13125 13151 I art     : Starting a blocking GC Explicit
08-05 11:24:44.111 13125 13151 I art     : Explicit concurrent mark sweep GC freed 3(96B) AllocSpace objects, 0(0B) LOS objects, 36% free, 27MB/43MB, paused 222us total 43.185ms
08-05 11:24:44.125 13125 13151 I art     : Starting a blocking GC Explicit
08-05 11:24:44.172 13125 13151 I art     : Explicit concurrent mark sweep GC freed 3(96B) AllocSpace objects, 0(0B) LOS objects, 36% free, 27MB/43MB, paused 171us total 46.183ms
08-05 11:24:44.203   380   380 W SurfaceFlinger: couldn't log to binary event log: overflow.
08-05 11:24:44.208  8256  8256 I ServiceManager: Waiting for service AtCmdFwd...
08-05 11:24:44.244 13125 14461 I RedditChangeDataIO: Writing tmp data file at '/data/user/0/baseline.org.quantumbadger.redreader/files/rr_change_data_tmp.dat'
08-05 11:24:44.245 13125 14461 I RedditChangeDataManager: Taking snapshot...
08-05 11:24:44.245 13125 14461 I RedditChangeDataManager: Writing to stream...
08-05 11:24:44.245 13125 14461 I RedditChangeDataManager: Wrote 3 entries for user ''
08-05 11:24:44.245 13125 14461 I RedditChangeDataManager: All entries written to stream.
08-05 11:24:44.245 13125 14461 I RedditChangeDataIO: Write successful. Atomically replacing data file...
08-05 11:24:44.245 13125 14461 I RedditChangeDataIO: Write complete.
08-05 11:24:44.245 13125 14461 I RedditChangeDataIO: 86 bytes written in 1 ms
08-05 11:24:44.404 13125 13137 I art     : Starting a blocking GC Explicit
08-05 11:24:44.440 13125 13137 I art     : Explicit concurrent mark sweep GC freed 1473(87KB) AllocSpace objects, 2(88KB) LOS objects, 36% free, 27MB/43MB, paused 189us total 35.871ms
08-05 11:24:44.452 13125 13137 I art     : Starting a blocking GC Explicit
08-05 11:24:44.481 13125 13137 I art     : Explicit concurrent mark sweep GC freed 46782(2MB) AllocSpace objects, 5(140KB) LOS objects, 39% free, 24MB/40MB, paused 214us total 28.703ms
08-05 11:24:44.492 13125 13137 I art     : Starting a blocking GC Explicit
08-05 11:24:44.515 13125 13137 I art     : Explicit concurrent mark sweep GC freed 3(96B) AllocSpace objects, 0(0B) LOS objects, 39% free, 24MB/40MB, paused 177us total 22.984ms
08-05 11:24:44.525 13125 13137 I art     : Starting a blocking GC Explicit
08-05 11:24:44.549 13125 13137 I art     : Explicit concurrent mark sweep GC freed 3(96B) AllocSpace objects, 0(0B) LOS objects, 39% free, 24MB/40MB, paused 178us total 24.019ms
08-05 11:24:44.559 13125 13137 I art     : Starting a blocking GC Explicit
08-05 11:24:44.583 13125 13137 I art     : Explicit concurrent mark sweep GC freed 3(96B) AllocSpace objects, 0(0B) LOS objects, 39% free, 24MB/40MB, paused 168us total 24.140ms
08-05 11:24:44.870 13125 13136 I art     : Starting a blocking GC Explicit
08-05 11:24:44.905 13125 13136 I art     : Explicit concurrent mark sweep GC freed 1343(80KB) AllocSpace objects, 1(20KB) LOS objects, 39% free, 24MB/40MB, paused 203us total 34.228ms
08-05 11:24:44.922 13125 13136 I art     : Starting a blocking GC Explicit
08-05 11:24:44.946 13125 13136 I art     : Explicit concurrent mark sweep GC freed 20(704B) AllocSpace objects, 0(0B) LOS objects, 39% free, 24MB/40MB, paused 182us total 23.795ms
08-05 11:24:44.956 13125 13136 I art     : Starting a blocking GC Explicit
08-05 11:24:44.980 13125 13136 I art     : Explicit concurrent mark sweep GC freed 3(96B) AllocSpace objects, 0(0B) LOS objects, 39% free, 24MB/40MB, paused 178us total 24.394ms
08-05 11:24:44.991 13125 13136 I art     : Starting a blocking GC Explicit
08-05 11:24:45.015 13125 13136 I art     : Explicit concurrent mark sweep GC freed 3(96B) AllocSpace objects, 0(0B) LOS objects, 39% free, 24MB/40MB, paused 181us total 24.415ms
08-05 11:24:45.026 13125 13136 I art     : Starting a blocking GC Explicit
08-05 11:24:45.051 13125 13136 I art     : Explicit concurrent mark sweep GC freed 3(96B) AllocSpace objects, 0(0B) LOS objects, 39% free, 24MB/40MB, paused 177us total 24.893ms
08-05 11:24:45.209  8256  8256 I ServiceManager: Waiting for service AtCmdFwd...
08-05 11:24:45.287 13125 14565 I art     : Starting a blocking GC Explicit
08-05 11:24:45.312 13125 14565 I art     : Explicit concurrent mark sweep GC freed 1343(80KB) AllocSpace objects, 1(20KB) LOS objects, 39% free, 24MB/40MB, paused 184us total 25.253ms
08-05 11:24:45.323 13125 14565 I art     : Starting a blocking GC Explicit
08-05 11:24:45.347 13125 14565 I art     : Explicit concurrent mark sweep GC freed 20(704B) AllocSpace objects, 0(0B) LOS objects, 39% free, 24MB/40MB, paused 248us total 23.324ms
08-05 11:24:45.357 13125 14565 I art     : Starting a blocking GC Explicit
08-05 11:24:45.380 13125 14565 I art     : Explicit concurrent mark sweep GC freed 3(96B) AllocSpace objects, 0(0B) LOS objects, 39% free, 24MB/40MB, paused 174us total 23.175ms
08-05 11:24:45.390 13125 14565 I art     : Starting a blocking GC Explicit
08-05 11:24:45.404   918  3261 D WifiStateMachine: starting scan for "H369AA63323"WPA_PSK with 2412,5180
08-05 11:24:45.413 13125 14565 I art     : Explicit concurrent mark sweep GC freed 3(96B) AllocSpace objects, 0(0B) LOS objects, 39% free, 24MB/40MB, paused 180us total 22.765ms
08-05 11:24:45.414 14586 14586 D AndroidRuntime: >>>>>> START com.android.internal.os.RuntimeInit uid 2000 <<<<<<
08-05 11:24:45.418 14586 14586 D AndroidRuntime: CheckJNI is OFF
08-05 11:24:45.423 13125 14565 I art     : Starting a blocking GC Explicit
08-05 11:24:45.444 14586 14586 D ICU     : No timezone override file found: /data/misc/zoneinfo/current/icu/icu_tzdata.dat
08-05 11:24:45.445 13125 14565 I art     : Explicit concurrent mark sweep GC freed 3(96B) AllocSpace objects, 0(0B) LOS objects, 39% free, 24MB/40MB, paused 178us total 22.317ms
08-05 11:24:45.471 14586 14586 I Radio-JNI: register_android_hardware_Radio DONE
08-05 11:24:45.488 14586 14586 D AndroidRuntime: Calling main entry com.android.commands.input.Input
08-05 11:24:45.489 14586 14586 I Input   : injectKeyEvent: KeyEvent { action=ACTION_DOWN, keyCode=KEYCODE_BACK, scanCode=0, metaState=0, flags=0x0, repeatCount=0, eventTime=789901902, downTime=789901902, deviceId=-1, source=0x101 }
08-05 11:24:45.494 14586 14586 I Input   : injectKeyEvent: KeyEvent { action=ACTION_UP, keyCode=KEYCODE_BACK, scanCode=0, metaState=0, flags=0x0, repeatCount=0, eventTime=789901902, downTime=789901902, deviceId=-1, source=0x101 }
08-05 11:24:45.498 14586 14586 D AndroidRuntime: Shutting down VM
08-05 11:24:45.535 13866 13866 I GoogleInputMethodServic: GoogleInputMethodService.onFinishInput():3138 
08-05 11:24:45.536 13866 13866 I GoogleInputMethodServic: GoogleInputMethodService.onStartInput():1808 
08-05 11:24:45.676 13125 14565 I art     : Starting a blocking GC Explicit
08-05 11:24:45.707 13125 14565 I art     : Explicit concurrent mark sweep GC freed 1522(86KB) AllocSpace objects, 1(20KB) LOS objects, 39% free, 24MB/40MB, paused 204us total 30.474ms
08-05 11:24:45.724 13125 14565 I art     : Starting a blocking GC Explicit
08-05 11:24:45.752 13125 14565 I art     : Explicit concurrent mark sweep GC freed 24(864B) AllocSpace objects, 0(0B) LOS objects, 39% free, 24MB/40MB, paused 187us total 28.325ms
08-05 11:24:45.764 13125 14565 I art     : Starting a blocking GC Explicit
08-05 11:24:45.791 13125 14565 I art     : Explicit concurrent mark sweep GC freed 3(96B) AllocSpace objects, 0(0B) LOS objects, 39% free, 24MB/40MB, paused 213us total 26.560ms
08-05 11:24:45.805 13125 14565 I art     : Starting a blocking GC Explicit
08-05 11:24:45.834 13125 14565 I art     : Explicit concurrent mark sweep GC freed 3(96B) AllocSpace objects, 0(0B) LOS objects, 39% free, 24MB/40MB, paused 193us total 28.956ms
08-05 11:24:45.845 13125 14565 I art     : Starting a blocking GC Explicit
08-05 11:24:45.869 13125 14565 I art     : Explicit concurrent mark sweep GC freed 64(2352B) AllocSpace objects, 0(0B) LOS objects, 39% free, 24MB/40MB, paused 197us total 23.150ms
08-05 11:24:46.128 13125 13136 I art     : Starting a blocking GC Explicit
08-05 11:24:46.157 13125 13136 I art     : Explicit concurrent mark sweep GC freed 1473(86KB) AllocSpace objects, 1(20KB) LOS objects, 39% free, 24MB/40MB, paused 242us total 29.533ms
08-05 11:24:46.172 13125 13136 I art     : Starting a blocking GC Explicit
08-05 11:24:46.198 13125 13136 I art     : Explicit concurrent mark sweep GC freed 24(864B) AllocSpace objects, 0(0B) LOS objects, 39% free, 24MB/40MB, paused 205us total 25.317ms
08-05 11:24:46.208 13125 13136 I art     : Starting a blocking GC Explicit
08-05 11:24:46.209  8256  8256 I ServiceManager: Waiting for service AtCmdFwd...
08-05 11:24:46.233 13125 13136 I art     : Explicit concurrent mark sweep GC freed 3(96B) AllocSpace objects, 0(0B) LOS objects, 39% free, 24MB/40MB, paused 241us total 24.973ms
08-05 11:24:46.244 13125 13136 I art     : Starting a blocking GC Explicit
08-05 11:24:46.268 13125 13136 I art     : Explicit concurrent mark sweep GC freed 3(96B) AllocSpace objects, 0(0B) LOS objects, 39% free, 24MB/40MB, paused 170us total 22.970ms
08-05 11:24:46.277 13125 13136 I art     : Starting a blocking GC Explicit
08-05 11:24:46.297 13125 13136 I art     : Explicit concurrent mark sweep GC freed 3(96B) AllocSpace objects, 0(0B) LOS objects, 39% free, 24MB/40MB, paused 161us total 20.437ms
08-05 11:24:46.303 24365 29314 I NetworkScheduler.Stats: Task com.google.android.gms/com.google.android.gms.icing.service.IcingGcmTaskService started execution. cause:4 exec_start_elapsed_seconds: 1773290 [CONTEXT service_id=218 ]
08-05 11:24:46.317 24365 17236 I NetworkScheduler.Stats: Task com.google.android.gms/com.google.android.gms.icing.service.IcingGcmTaskService finished executing. cause:4 result: 1 elapsed_millis: 41 uptime_millis: 41 exec_start_elapsed_seconds: 1773290 [CONTEXT service_id=218 ]
08-05 11:24:46.583 13125 13151 I art     : Starting a blocking GC Explicit
08-05 11:24:46.619 13125 13151 I art     : Explicit concurrent mark sweep GC freed 1343(80KB) AllocSpace objects, 1(20KB) LOS objects, 39% free, 24MB/40MB, paused 270us total 35.488ms
08-05 11:24:46.632 13125 13151 I art     : Starting a blocking GC Explicit
08-05 11:24:46.656 13125 13151 I art     : Explicit concurrent mark sweep GC freed 20(704B) AllocSpace objects, 0(0B) LOS objects, 39% free, 24MB/40MB, paused 195us total 23.975ms
08-05 11:24:46.666 13125 13151 I art     : Starting a blocking GC Explicit
08-05 11:24:46.691 13125 13151 I art     : Explicit concurrent mark sweep GC freed 3(96B) AllocSpace objects, 0(0B) LOS objects, 39% free, 24MB/40MB, paused 198us total 24.633ms
08-05 11:24:46.701 13125 13151 I art     : Starting a blocking GC Explicit
08-05 11:24:46.726 13125 13151 I art     : Explicit concurrent mark sweep GC freed 3(96B) AllocSpace objects, 0(0B) LOS objects, 39% free, 24MB/40MB, paused 196us total 24.292ms
08-05 11:24:46.736 13125 13151 I art     : Starting a blocking GC Explicit
08-05 11:24:46.761 13125 13151 I art     : Explicit concurrent mark sweep GC freed 3(96B) AllocSpace objects, 0(0B) LOS objects, 39% free, 24MB/40MB, paused 189us total 24.228ms
08-05 11:24:47.019 13125 13356 I art     : Starting a blocking GC Explicit
08-05 11:24:47.044 14640 14640 D AndroidRuntime: >>>>>> START com.android.internal.os.RuntimeInit uid 2000 <<<<<<
08-05 11:24:47.045 13125 13356 I art     : Explicit concurrent mark sweep GC freed 1343(80KB) AllocSpace objects, 1(20KB) LOS objects, 39% free, 24MB/40MB, paused 246us total 25.622ms
08-05 11:24:47.049 14640 14640 D AndroidRuntime: CheckJNI is OFF
08-05 11:24:47.055 13125 13356 I art     : Starting a blocking GC Explicit
08-05 11:24:47.076 14640 14640 D ICU     : No timezone override file found: /data/misc/zoneinfo/current/icu/icu_tzdata.dat
08-05 11:24:47.079 13125 13356 I art     : Explicit concurrent mark sweep GC freed 20(704B) AllocSpace objects, 0(0B) LOS objects, 39% free, 24MB/40MB, paused 200us total 23.617ms
08-05 11:24:47.089 13125 13356 I art     : Starting a blocking GC Explicit
08-05 11:24:47.101 14640 14640 I Radio-JNI: register_android_hardware_Radio DONE
08-05 11:24:47.111 13125 13356 I art     : Explicit concurrent mark sweep GC freed 3(96B) AllocSpace objects, 0(0B) LOS objects, 39% free, 24MB/40MB, paused 212us total 21.556ms
08-05 11:24:47.118 14640 14640 D AndroidRuntime: Calling main entry com.android.commands.input.Input
08-05 11:24:47.119 14640 14640 I Input   : injectMotionEvent: MotionEvent { action=ACTION_DOWN, actionButton=0, id[0]=0, x[0]=600.0, y[0]=1536.0, toolType[0]=TOOL_TYPE_UNKNOWN, buttonState=0, metaState=0, flags=0x0, edgeFlags=0x0, pointerCount=1, historySize=0, eventTime=789903532, downTime=789903532, deviceId=0, source=0x1002 }
08-05 11:24:47.120 13125 13356 I art     : Starting a blocking GC Explicit
08-05 11:24:47.125 14640 14640 I Input   : injectMotionEvent: MotionEvent { action=ACTION_UP, actionButton=0, id[0]=0, x[0]=600.0, y[0]=1536.0, toolType[0]=TOOL_TYPE_UNKNOWN, buttonState=0, metaState=0, flags=0x0, edgeFlags=0x0, pointerCount=1, historySize=0, eventTime=789903532, downTime=789903532, deviceId=0, source=0x1002 }
08-05 11:24:47.126 14640 14640 D AndroidRuntime: Shutting down VM
08-05 11:24:47.141   918  6029 I ActivityManager: START u0 {dat=https://oauth.reddit.com/... cmp=baseline.org.quantumbadger.redreader/.activities.PostListingActivity} from uid 10689 on display 0
08-05 11:24:47.142   512  2967 D audio_hw_primary: out_set_parameters: enter: usecase(1: low-latency-playback) kvpairs: routing=2
08-05 11:24:47.144 13125 13356 I art     : Explicit concurrent mark sweep GC freed 56(1984B) AllocSpace objects, 0(0B) LOS objects, 39% free, 24MB/40MB, paused 231us total 23.904ms
08-05 11:24:47.155   512  2967 D audio_hw_primary: select_devices: out_snd_device(2: speaker) in_snd_device(0: none)
08-05 11:24:47.155   512  2967 D msm8974_platform: platform_send_audio_calibration: sending audio calibration for snd_device(2) acdb_id(15)
08-05 11:24:47.155   512  2967 I soundtrigger: audio_extn_sound_trigger_update_device_status: device 0x2 of type 0 for Event 1
08-05 11:24:47.156 13125 13356 I art     : Starting a blocking GC Explicit
08-05 11:24:47.161 13125 13125 I AppCompatViewInflater: app:theme is now deprecated. Please move to using android:theme instead.
08-05 11:24:47.167   512  2967 D audio_hw_primary: enable_snd_device: snd_device(2: speaker)
08-05 11:24:47.169   512  2967 D audio_hw_primary: enable_audio_route: apply and update mixer path: low-latency-playback speaker
08-05 11:24:47.177 13125 14664 D OK      : calling: https://oauth.reddit.com/r/askscience/about.json
08-05 11:24:47.182 13125 13356 I art     : Explicit concurrent mark sweep GC freed 847(55KB) AllocSpace objects, 0(0B) LOS objects, 39% free, 24MB/40MB, paused 289us total 24.965ms
08-05 11:24:47.209  8256  8256 I ServiceManager: Waiting for service AtCmdFwd...
08-05 11:24:47.228   918   936 I ActivityManager: Displayed baseline.org.quantumbadger.redreader/.activities.PostListingActivity: +78ms
08-05 11:24:47.229 13866 13866 I GoogleInputMethodServic: GoogleInputMethodService.onFinishInput():3138 
08-05 11:24:47.229 13866 13866 I GoogleInputMethodServic: GoogleInputMethodService.onStartInput():1808 
08-05 11:24:47.416 13125 14565 I art     : Starting a blocking GC Explicit
08-05 11:24:47.451 13125 14565 I art     : Explicit concurrent mark sweep GC freed 4319(220KB) AllocSpace objects, 1(20KB) LOS objects, 38% free, 25MB/41MB, paused 255us total 33.996ms
08-05 11:24:47.464 13125 14565 I art     : Starting a blocking GC Explicit
08-05 11:24:47.475   380   380 W SurfaceFlinger: couldn't log to binary event log: overflow.
08-05 11:24:47.493 13125 14565 I art     : Explicit concurrent mark sweep GC freed 255(12KB) AllocSpace objects, 0(0B) LOS objects, 39% free, 25MB/41MB, paused 224us total 28.749ms
08-05 11:24:47.503 13125 14565 I art     : Starting a blocking GC Explicit
08-05 11:24:47.525 13125 14565 I art     : Explicit concurrent mark sweep GC freed 3(96B) AllocSpace objects, 0(0B) LOS objects, 39% free, 25MB/41MB, paused 213us total 21.964ms
08-05 11:24:47.535 13125 14565 I art     : Starting a blocking GC Explicit
08-05 11:24:47.554 13125 14664 I NAPPA_EXPERIMENTATION: MetricNetworkRequestExecutionTime: REQUEST_DURATION_SYSTEM='377',REQUEST_DURATION_OKHTTP='154',REQUEST_SYNCHRONOUS='TRUE',RESPONSE_CODE='200',RESPONSE_METHOD='GET',RESPONSE_LENGTH_OKHTTP='-1',RESPONSE_LENGTH_HEADER='4700',REQUEST_PROTOCOL='h2',REQUEST_URL='https://oauth.reddit.com/r/askscience/about.json',
08-05 11:24:47.554 13125 14664 D OK      : request got status: 200
08-05 11:24:47.558 13125 14565 I art     : Explicit concurrent mark sweep GC freed 475(35KB) AllocSpace objects, 0(0B) LOS objects, 38% free, 25MB/41MB, paused 268us total 22.975ms
08-05 11:24:47.568 13125 14565 I art     : Starting a blocking GC Explicit
08-05 11:24:47.592 13125 14565 I art     : Explicit concurrent mark sweep GC freed 652(75KB) AllocSpace objects, 2(88KB) LOS objects, 38% free, 25MB/41MB, paused 485us total 24.405ms
08-05 11:24:47.709   512  2967 D audio_hw_primary: disable_audio_route: reset and update mixer path: low-latency-playback speaker
08-05 11:24:47.710   512  2967 D audio_hw_primary: disable_snd_device: snd_device(2: speaker)
08-05 11:24:47.720   512  2967 I soundtrigger: audio_extn_sound_trigger_update_device_status: device 0x2 of type 0 for Event 0
08-05 11:24:47.879 13125 13137 I art     : Starting a blocking GC Explicit
08-05 11:24:47.910 13125 13137 I art     : Explicit concurrent mark sweep GC freed 2075(168KB) AllocSpace objects, 2(88KB) LOS objects, 38% free, 25MB/41MB, paused 543us total 30.924ms
08-05 11:24:47.927 13125 13137 I art     : Starting a blocking GC Explicit
08-05 11:24:47.951 13125 13137 I art     : Explicit concurrent mark sweep GC freed 120(7KB) AllocSpace objects, 0(0B) LOS objects, 38% free, 25MB/41MB, paused 204us total 23.737ms
08-05 11:24:47.960 13125 13137 I art     : Starting a blocking GC Explicit
08-05 11:24:47.983 13125 13137 I art     : Explicit concurrent mark sweep GC freed 3(96B) AllocSpace objects, 0(0B) LOS objects, 38% free, 25MB/41MB, paused 202us total 22.349ms
08-05 11:24:47.992 13125 13137 I art     : Starting a blocking GC Explicit
08-05 11:24:48.014 13125 13137 I art     : Explicit concurrent mark sweep GC freed 5(192B) AllocSpace objects, 0(0B) LOS objects, 38% free, 25MB/41MB, paused 217us total 21.988ms
08-05 11:24:48.025 13125 13137 I art     : Starting a blocking GC Explicit
08-05 11:24:48.049 13125 13137 I art     : Explicit concurrent mark sweep GC freed 25(1024B) AllocSpace objects, 0(0B) LOS objects, 38% free, 25MB/41MB, paused 208us total 24.678ms
08-05 11:24:48.210  8256  8256 W Atfwd_Sendcmd: AtCmdFwd service not published, waiting... retryCnt : 3
08-05 11:24:48.340 13125 13137 I art     : Starting a blocking GC Explicit
08-05 11:24:48.370 13125 13137 I art     : Explicit concurrent mark sweep GC freed 1343(80KB) AllocSpace objects, 1(20KB) LOS objects, 38% free, 25MB/41MB, paused 238us total 29.570ms
08-05 11:24:48.379 13125 14698 D OK      : calling: https://oauth.reddit.com/r/askscience/hot/.json
08-05 11:24:48.382 13125 13137 I art     : Starting a blocking GC Explicit
08-05 11:24:48.407 13125 13137 I art     : Explicit concurrent mark sweep GC freed 112(4KB) AllocSpace objects, 0(0B) LOS objects, 38% free, 25MB/41MB, paused 241us total 25.273ms
08-05 11:24:48.417 13125 13137 I art     : Starting a blocking GC Explicit
08-05 11:24:48.441 13125 13137 I art     : Explicit concurrent mark sweep GC freed 9(352B) AllocSpace objects, 0(0B) LOS objects, 38% free, 25MB/41MB, paused 233us total 23.852ms
08-05 11:24:48.451 13125 13137 I art     : Starting a blocking GC Explicit
08-05 11:24:48.475 13125 13137 I art     : Explicit concurrent mark sweep GC freed 3(96B) AllocSpace objects, 0(0B) LOS objects, 38% free, 25MB/41MB, paused 215us total 23.945ms
08-05 11:24:48.485 13125 13137 I art     : Starting a blocking GC Explicit
08-05 11:24:48.508 13125 13137 I art     : Explicit concurrent mark sweep GC freed 3(96B) AllocSpace objects, 0(0B) LOS objects, 38% free, 25MB/41MB, paused 235us total 22.315ms
08-05 11:24:48.558 13125 14698 I NAPPA_EXPERIMENTATION: MetricNetworkRequestExecutionTime: REQUEST_DURATION_SYSTEM='178',REQUEST_DURATION_OKHTTP='175',REQUEST_SYNCHRONOUS='TRUE',RESPONSE_CODE='200',RESPONSE_METHOD='GET',RESPONSE_LENGTH_OKHTTP='-1',RESPONSE_LENGTH_HEADER='21282',REQUEST_PROTOCOL='h2',REQUEST_URL='https://oauth.reddit.com/r/askscience/hot/.json',
08-05 11:24:48.558 13125 14698 D OK      : request got status: 200
08-05 11:24:48.585 13125 13690 I PostListingFragment: Precaching images: OFF
08-05 11:24:48.586 13125 13690 I PostListingFragment: Precaching comments: OFF
08-05 11:24:48.748 13125 14565 I art     : Starting a blocking GC Explicit
08-05 11:24:48.778 13125 14565 I art     : Explicit concurrent mark sweep GC freed 16191(826KB) AllocSpace objects, 3(156KB) LOS objects, 38% free, 25MB/41MB, paused 392us total 29.961ms
08-05 11:24:48.789 13125 14565 I art     : Starting a blocking GC Explicit
08-05 11:24:48.815 13125 14565 I art     : Explicit concurrent mark sweep GC freed 5378(201KB) AllocSpace objects, 0(0B) LOS objects, 38% free, 25MB/41MB, paused 301us total 25.627ms
08-05 11:24:48.825 13125 14565 I art     : Starting a blocking GC Explicit
08-05 11:24:48.851 13125 14565 I art     : Explicit concurrent mark sweep GC freed 12322(570KB) AllocSpace objects, 0(0B) LOS objects, 38% free, 25MB/41MB, paused 1.798ms total 25.980ms
08-05 11:24:48.860 13125 14565 I art     : Starting a blocking GC Explicit
08-05 11:24:48.884 13125 14565 I art     : Explicit concurrent mark sweep GC freed 267(12KB) AllocSpace objects, 0(0B) LOS objects, 38% free, 25MB/41MB, paused 281us total 23.715ms
08-05 11:24:48.894 13125 14565 I art     : Starting a blocking GC Explicit
08-05 11:24:48.919 13125 14565 I art     : Explicit concurrent mark sweep GC freed 240(12KB) AllocSpace objects, 0(0B) LOS objects, 38% free, 25MB/41MB, paused 369us total 24.975ms
08-05 11:24:49.202 13125 13151 I art     : Starting a blocking GC Explicit
08-05 11:24:49.232 13125 13151 I art     : Explicit concurrent mark sweep GC freed 2632(140KB) AllocSpace objects, 1(20KB) LOS objects, 38% free, 25MB/41MB, paused 237us total 30.147ms
08-05 11:24:49.244 13125 13151 I art     : Starting a blocking GC Explicit
08-05 11:24:49.270 13125 13151 I art     : Explicit concurrent mark sweep GC freed 139(7KB) AllocSpace objects, 0(0B) LOS objects, 38% free, 25MB/41MB, paused 197us total 25.690ms
08-05 11:24:49.281 13125 13151 I art     : Starting a blocking GC Explicit
08-05 11:24:49.306 13125 13151 I art     : Explicit concurrent mark sweep GC freed 157(6KB) AllocSpace objects, 0(0B) LOS objects, 38% free, 25MB/41MB, paused 207us total 24.952ms
08-05 11:24:49.316 13125 13151 I art     : Starting a blocking GC Explicit
08-05 11:24:49.342 13125 13151 I art     : Explicit concurrent mark sweep GC freed 3(96B) AllocSpace objects, 0(0B) LOS objects, 38% free, 25MB/41MB, paused 210us total 25.884ms
08-05 11:24:49.353 13125 13151 I art     : Starting a blocking GC Explicit
08-05 11:24:49.380 13125 13151 I art     : Explicit concurrent mark sweep GC freed 3(96B) AllocSpace objects, 0(0B) LOS objects, 38% free, 25MB/41MB, paused 217us total 26.855ms
08-05 11:24:49.397   918  1210 D NetlinkSocketObserver: NeighborEvent{elapsedMs=1773293272, 192.168.2.254, [7C3953A63323], RTM_NEWNEIGH, NUD_PROBE}
08-05 11:24:49.704 13125 13137 I art     : Starting a blocking GC Explicit
08-05 11:24:49.745 13125 13137 I art     : Explicit concurrent mark sweep GC freed 1344(80KB) AllocSpace objects, 1(20KB) LOS objects, 38% free, 25MB/41MB, paused 262us total 40.704ms
08-05 11:24:49.758 13125 13137 I art     : Starting a blocking GC Explicit
08-05 11:24:49.785 13125 13137 I art     : Explicit concurrent mark sweep GC freed 20(704B) AllocSpace objects, 0(0B) LOS objects, 38% free, 25MB/41MB, paused 215us total 27.733ms
08-05 11:24:49.796 13125 13137 I art     : Starting a blocking GC Explicit
08-05 11:24:49.823 13125 13137 I art     : Explicit concurrent mark sweep GC freed 3(96B) AllocSpace objects, 0(0B) LOS objects, 38% free, 25MB/41MB, paused 215us total 26.986ms
08-05 11:24:49.834 13125 13137 I art     : Starting a blocking GC Explicit
08-05 11:24:49.861 13125 13137 I art     : Explicit concurrent mark sweep GC freed 3(96B) AllocSpace objects, 0(0B) LOS objects, 38% free, 25MB/41MB, paused 207us total 26.826ms
08-05 11:24:49.871 13125 13137 I art     : Starting a blocking GC Explicit
08-05 11:24:49.898 13125 13137 I art     : Explicit concurrent mark sweep GC freed 3(96B) AllocSpace objects, 0(0B) LOS objects, 38% free, 25MB/41MB, paused 218us total 26.825ms
08-05 11:24:50.227 13125 14565 I art     : Starting a blocking GC Explicit
08-05 11:24:50.273 13125 14565 I art     : Explicit concurrent mark sweep GC freed 1344(80KB) AllocSpace objects, 1(20KB) LOS objects, 38% free, 25MB/41MB, paused 268us total 46.011ms
08-05 11:24:50.289 13125 14565 I art     : Starting a blocking GC Explicit
08-05 11:24:50.318 13125 14565 I art     : Explicit concurrent mark sweep GC freed 20(704B) AllocSpace objects, 0(0B) LOS objects, 38% free, 25MB/41MB, paused 211us total 29.170ms
08-05 11:24:50.318 13125 13134 I art     : WaitForGcToComplete blocked for 5.685ms for cause HeapTrim
08-05 11:24:50.329 13125 14565 I art     : Starting a blocking GC Explicit
08-05 11:24:50.356 13125 14565 I art     : Explicit concurrent mark sweep GC freed 3(96B) AllocSpace objects, 0(0B) LOS objects, 38% free, 25MB/41MB, paused 213us total 26.966ms
08-05 11:24:50.367 13125 14565 I art     : Starting a blocking GC Explicit
08-05 11:24:50.394 13125 14565 I art     : Explicit concurrent mark sweep GC freed 3(96B) AllocSpace objects, 0(0B) LOS objects, 38% free, 25MB/41MB, paused 211us total 26.923ms
08-05 11:24:50.404 13125 14565 I art     : Starting a blocking GC Explicit
08-05 11:24:50.431 13125 14565 I art     : Explicit concurrent mark sweep GC freed 3(96B) AllocSpace objects, 0(0B) LOS objects, 38% free, 25MB/41MB, paused 221us total 26.066ms
08-05 11:24:50.754 13125 13136 I art     : Starting a blocking GC Explicit
08-05 11:24:50.795 13125 13136 I art     : Explicit concurrent mark sweep GC freed 1343(80KB) AllocSpace objects, 1(20KB) LOS objects, 38% free, 25MB/41MB, paused 257us total 40.569ms
08-05 11:24:50.808 13125 13136 I art     : Starting a blocking GC Explicit
08-05 11:24:50.836 13125 13136 I art     : Explicit concurrent mark sweep GC freed 20(704B) AllocSpace objects, 0(0B) LOS objects, 38% free, 25MB/41MB, paused 213us total 27.821ms
08-05 11:24:50.847 13125 13136 I art     : Starting a blocking GC Explicit
08-05 11:24:50.871 13125 13136 I art     : Explicit concurrent mark sweep GC freed 3(96B) AllocSpace objects, 0(0B) LOS objects, 38% free, 25MB/41MB, paused 198us total 23.941ms
08-05 11:24:50.881 13125 13136 I art     : Starting a blocking GC Explicit
08-05 11:24:50.903 13125 13136 I art     : Explicit concurrent mark sweep GC freed 3(96B) AllocSpace objects, 0(0B) LOS objects, 38% free, 25MB/41MB, paused 197us total 22.207ms
08-05 11:24:50.913 13125 13136 I art     : Starting a blocking GC Explicit
08-05 11:24:50.938 13125 13136 I art     : Explicit concurrent mark sweep GC freed 3(96B) AllocSpace objects, 0(0B) LOS objects, 38% free, 25MB/41MB, paused 215us total 25.187ms
08-05 11:24:51.255 13125 13356 I art     : Starting a blocking GC Explicit
08-05 11:24:51.288 13125 13356 I art     : Explicit concurrent mark sweep GC freed 1343(80KB) AllocSpace objects, 1(20KB) LOS objects, 38% free, 25MB/41MB, paused 250us total 31.837ms
08-05 11:24:51.298 13125 13356 I art     : Starting a blocking GC Explicit
08-05 11:24:51.325 13125 13356 I art     : Explicit concurrent mark sweep GC freed 20(704B) AllocSpace objects, 0(0B) LOS objects, 38% free, 25MB/41MB, paused 223us total 26.794ms
08-05 11:24:51.336 13125 13356 I art     : Starting a blocking GC Explicit
08-05 11:24:51.363 13125 13356 I art     : Explicit concurrent mark sweep GC freed 3(96B) AllocSpace objects, 0(0B) LOS objects, 38% free, 25MB/41MB, paused 209us total 26.971ms
08-05 11:24:51.374 13125 13356 I art     : Starting a blocking GC Explicit
08-05 11:24:51.401 13125 13356 I art     : Explicit concurrent mark sweep GC freed 3(96B) AllocSpace objects, 0(0B) LOS objects, 38% free, 25MB/41MB, paused 214us total 27.206ms
08-05 11:24:51.411 13125 13356 I art     : Starting a blocking GC Explicit
08-05 11:24:51.438 13125 13356 I art     : Explicit concurrent mark sweep GC freed 3(96B) AllocSpace objects, 0(0B) LOS objects, 38% free, 25MB/41MB, paused 256us total 26.785ms
08-05 11:24:51.750 13125 13151 I art     : Starting a blocking GC Explicit
08-05 11:24:51.788 13125 13151 I art     : Explicit concurrent mark sweep GC freed 1347(80KB) AllocSpace objects, 1(20KB) LOS objects, 38% free, 25MB/41MB, paused 255us total 37.579ms
08-05 11:24:51.803 13125 13151 I art     : Starting a blocking GC Explicit
08-05 11:24:51.830 13125 13151 I art     : Explicit concurrent mark sweep GC freed 20(704B) AllocSpace objects, 0(0B) LOS objects, 38% free, 25MB/41MB, paused 229us total 26.884ms
08-05 11:24:51.841 13125 13151 I art     : Starting a blocking GC Explicit
08-05 11:24:51.868 13125 13151 I art     : Explicit concurrent mark sweep GC freed 3(96B) AllocSpace objects, 0(0B) LOS objects, 38% free, 25MB/41MB, paused 212us total 27.141ms
08-05 11:24:51.878 13125 13151 I art     : Starting a blocking GC Explicit
08-05 11:24:51.906 13125 13151 I art     : Explicit concurrent mark sweep GC freed 3(96B) AllocSpace objects, 0(0B) LOS objects, 38% free, 25MB/41MB, paused 216us total 27.050ms
08-05 11:24:51.916 13125 13151 I art     : Starting a blocking GC Explicit
08-05 11:24:51.944 13125 13151 I art     : Explicit concurrent mark sweep GC freed 3(96B) AllocSpace objects, 0(0B) LOS objects, 38% free, 25MB/41MB, paused 212us total 27.673ms
08-05 11:24:52.269 13125 13137 I art     : Starting a blocking GC Explicit
08-05 11:24:52.306 13125 13137 I art     : Explicit concurrent mark sweep GC freed 1344(80KB) AllocSpace objects, 1(20KB) LOS objects, 38% free, 25MB/41MB, paused 260us total 37.029ms
08-05 11:24:52.321 13125 13137 I art     : Starting a blocking GC Explicit
08-05 11:24:52.348 13125 13137 I art     : Explicit concurrent mark sweep GC freed 20(704B) AllocSpace objects, 0(0B) LOS objects, 38% free, 25MB/41MB, paused 229us total 26.819ms
08-05 11:24:52.359 13125 13137 I art     : Starting a blocking GC Explicit
08-05 11:24:52.385 13125 13137 I art     : Explicit concurrent mark sweep GC freed 3(96B) AllocSpace objects, 0(0B) LOS objects, 38% free, 25MB/41MB, paused 205us total 26.079ms
08-05 11:24:52.396 13125 13137 I art     : Starting a blocking GC Explicit
08-05 11:24:52.422 13125 13137 I art     : Explicit concurrent mark sweep GC freed 3(96B) AllocSpace objects, 0(0B) LOS objects, 38% free, 25MB/41MB, paused 206us total 25.782ms
08-05 11:24:52.432 13125 13137 I art     : Starting a blocking GC Explicit
08-05 11:24:52.457 13125 13137 I art     : Explicit concurrent mark sweep GC freed 3(96B) AllocSpace objects, 0(0B) LOS objects, 38% free, 25MB/41MB, paused 212us total 24.896ms
08-05 11:24:52.709 14780 14780 D AndroidRuntime: >>>>>> START com.android.internal.os.RuntimeInit uid 2000 <<<<<<
08-05 11:24:52.714 14780 14780 D AndroidRuntime: CheckJNI is OFF
08-05 11:24:52.741 14780 14780 D ICU     : No timezone override file found: /data/misc/zoneinfo/current/icu/icu_tzdata.dat
08-05 11:24:52.744 13125 14565 I art     : Starting a blocking GC Explicit
08-05 11:24:52.768 14780 14780 I Radio-JNI: register_android_hardware_Radio DONE
08-05 11:24:52.772 13125 14565 I art     : Explicit concurrent mark sweep GC freed 1343(80KB) AllocSpace objects, 1(20KB) LOS objects, 38% free, 25MB/41MB, paused 231us total 28.183ms
08-05 11:24:52.782 13125 14565 I art     : Starting a blocking GC Explicit
08-05 11:24:52.785 14780 14780 D AndroidRuntime: Calling main entry com.android.commands.input.Input
08-05 11:24:52.787 14780 14780 I Input   : injectMotionEvent: MotionEvent { action=ACTION_DOWN, actionButton=0, id[0]=0, x[0]=600.0, y[0]=700.0, toolType[0]=TOOL_TYPE_UNKNOWN, buttonState=0, metaState=0, flags=0x0, edgeFlags=0x0, pointerCount=1, historySize=0, eventTime=789909200, downTime=789909200, deviceId=0, source=0x1002 }
08-05 11:24:52.794 14780 14780 I Input   : injectMotionEvent: MotionEvent { action=ACTION_UP, actionButton=0, id[0]=0, x[0]=600.0, y[0]=700.0, toolType[0]=TOOL_TYPE_UNKNOWN, buttonState=0, metaState=0, flags=0x0, edgeFlags=0x0, pointerCount=1, historySize=0, eventTime=789909200, downTime=789909200, deviceId=0, source=0x1002 }
08-05 11:24:52.796 14780 14780 D AndroidRuntime: Shutting down VM
08-05 11:24:52.805   512  2967 D audio_hw_primary: out_set_parameters: enter: usecase(1: low-latency-playback) kvpairs: routing=2
08-05 11:24:52.808   918  6111 I ActivityManager: START u0 {dat=https://oauth.reddit.com/... cmp=baseline.org.quantumbadger.redreader/.activities.CommentListingActivity} from uid 10689 on display 0
08-05 11:24:52.809 13125 14565 I art     : Explicit concurrent mark sweep GC freed 215(8KB) AllocSpace objects, 0(0B) LOS objects, 38% free, 25MB/41MB, paused 320us total 26.486ms
08-05 11:24:52.818   512  2967 D audio_hw_primary: select_devices: out_snd_device(2: speaker) in_snd_device(0: none)
08-05 11:24:52.818   512  2967 D msm8974_platform: platform_send_audio_calibration: sending audio calibration for snd_device(2) acdb_id(15)
08-05 11:24:52.818   512  2967 I soundtrigger: audio_extn_sound_trigger_update_device_status: device 0x2 of type 0 for Event 1
08-05 11:24:52.820 13125 14565 I art     : Starting a blocking GC Explicit
08-05 11:24:52.825 13125 13125 I AppCompatViewInflater: app:theme is now deprecated. Please move to using android:theme instead.
08-05 11:24:52.827   512  2967 D audio_hw_primary: enable_snd_device: snd_device(2: speaker)
08-05 11:24:52.829   512  2967 D audio_hw_primary: enable_audio_route: apply and update mixer path: low-latency-playback speaker
08-05 11:24:52.840 13125 13690 I CommentListingActivity: COMMENTS session changed to 326b70fa-c249-43bf-97e1-7323c8e965e7
08-05 11:24:52.848 13125 14565 I art     : Explicit concurrent mark sweep GC freed 1943(181KB) AllocSpace objects, 0(0B) LOS objects, 38% free, 25MB/41MB, paused 694us total 27.847ms
08-05 11:24:52.857 13125 14565 I art     : Starting a blocking GC Explicit
08-05 11:24:52.887 13125 14565 I art     : Explicit concurrent mark sweep GC freed 9398(647KB) AllocSpace objects, 2(36KB) LOS objects, 37% free, 26MB/42MB, paused 575us total 29.026ms
08-05 11:24:52.898 13125 14565 I art     : Starting a blocking GC Explicit
08-05 11:24:52.906   918   936 I ActivityManager: Displayed baseline.org.quantumbadger.redreader/.activities.CommentListingActivity: +91ms
08-05 11:24:52.921 13866 13866 I GoogleInputMethodServic: GoogleInputMethodService.onFinishInput():3138 
08-05 11:24:52.922 13866 13866 I GoogleInputMethodServic: GoogleInputMethodService.onStartInput():1808 
08-05 11:24:52.935 13125 14565 I art     : Explicit concurrent mark sweep GC freed 13251(861KB) AllocSpace objects, 0(0B) LOS objects, 36% free, 28MB/44MB, paused 1.053ms total 36.381ms
08-05 11:24:53.165   380   380 W SurfaceFlinger: couldn't log to binary event log: overflow.
08-05 11:24:53.191 13125 13136 I art     : Starting a blocking GC Explicit
08-05 11:24:53.228 13125 13136 I art     : Explicit concurrent mark sweep GC freed 40768(2MB) AllocSpace objects, 2(36KB) LOS objects, 36% free, 28MB/44MB, paused 192us total 36.366ms
08-05 11:24:53.239 13125 13136 I art     : Starting a blocking GC Explicit
08-05 11:24:53.276 13125 13136 I art     : Explicit concurrent mark sweep GC freed 34(1328B) AllocSpace objects, 0(0B) LOS objects, 36% free, 28MB/44MB, paused 206us total 36.576ms
08-05 11:24:53.289 13125 13136 I art     : Starting a blocking GC Explicit
08-05 11:24:53.328 13125 13136 I art     : Explicit concurrent mark sweep GC freed 87(2944B) AllocSpace objects, 0(0B) LOS objects, 36% free, 28MB/44MB, paused 215us total 38.981ms
08-05 11:24:53.339 13125 13136 I art     : Starting a blocking GC Explicit
08-05 11:24:53.368   512  2967 D audio_hw_primary: disable_audio_route: reset and update mixer path: low-latency-playback speaker
08-05 11:24:53.370   512  2967 D audio_hw_primary: disable_snd_device: snd_device(2: speaker)
08-05 11:24:53.374 13125 13136 I art     : Explicit concurrent mark sweep GC freed 11(384B) AllocSpace objects, 0(0B) LOS objects, 36% free, 28MB/44MB, paused 217us total 34.858ms
08-05 11:24:53.378   512  2967 I soundtrigger: audio_extn_sound_trigger_update_device_status: device 0x2 of type 0 for Event 0
08-05 11:24:53.385 13125 13136 I art     : Starting a blocking GC Explicit
08-05 11:24:53.418 13125 13136 I art     : Explicit concurrent mark sweep GC freed 3(96B) AllocSpace objects, 0(0B) LOS objects, 36% free, 28MB/44MB, paused 177us total 33.109ms
08-05 11:24:53.626 13125 14699 I RedditChangeDataIO: Writing tmp data file at '/data/user/0/baseline.org.quantumbadger.redreader/files/rr_change_data_tmp.dat'
08-05 11:24:53.627 13125 14699 I RedditChangeDataManager: Taking snapshot...
08-05 11:24:53.627 13125 14699 I RedditChangeDataManager: Writing to stream...
08-05 11:24:53.627 13125 14699 I RedditChangeDataManager: Wrote 3 entries for user ''
08-05 11:24:53.627 13125 14699 I RedditChangeDataManager: All entries written to stream.
08-05 11:24:53.628 13125 14699 I RedditChangeDataIO: Write successful. Atomically replacing data file...
08-05 11:24:53.628 13125 14699 I RedditChangeDataIO: Write complete.
08-05 11:24:53.628 13125 14699 I RedditChangeDataIO: 86 bytes written in 2 ms
08-05 11:24:53.708 13125 14565 I art     : Starting a blocking GC Explicit
08-05 11:24:53.753 13125 14565 I art     : Explicit concurrent mark sweep GC freed 1676(125KB) AllocSpace objects, 2(88KB) LOS objects, 36% free, 28MB/44MB, paused 177us total 44.531ms
08-05 11:24:53.767 13125 14565 I art     : Starting a blocking GC Explicit
08-05 11:24:53.801 13125 14565 I art     : Explicit concurrent mark sweep GC freed 88(2976B) AllocSpace objects, 0(0B) LOS objects, 36% free, 28MB/44MB, paused 169us total 33.984ms
08-05 11:24:53.812 13125 14565 I art     : Starting a blocking GC Explicit
08-05 11:24:53.850 13125 14565 I art     : Explicit concurrent mark sweep GC freed 3(96B) AllocSpace objects, 0(0B) LOS objects, 36% free, 28MB/44MB, paused 192us total 37.405ms
08-05 11:24:53.862 13125 14565 I art     : Starting a blocking GC Explicit
08-05 11:24:53.897 13125 14565 I art     : Explicit concurrent mark sweep GC freed 49(1920B) AllocSpace objects, 0(0B) LOS objects, 36% free, 28MB/44MB, paused 189us total 34.806ms
08-05 11:24:53.908 13125 14565 I art     : Starting a blocking GC Explicit
08-05 11:24:53.946 13125 14565 I art     : Explicit concurrent mark sweep GC freed 3(96B) AllocSpace objects, 0(0B) LOS objects, 36% free, 28MB/44MB, paused 201us total 37.440ms
08-05 11:24:54.236 13125 13356 I art     : Starting a blocking GC Explicit
08-05 11:24:54.295 13125 13356 I art     : Explicit concurrent mark sweep GC freed 1343(80KB) AllocSpace objects, 1(20KB) LOS objects, 36% free, 28MB/44MB, paused 210us total 58.771ms
08-05 11:24:54.310 13125 13356 I art     : Starting a blocking GC Explicit
08-05 11:24:54.350 13125 13356 I art     : Explicit concurrent mark sweep GC freed 20(704B) AllocSpace objects, 0(0B) LOS objects, 36% free, 28MB/44MB, paused 199us total 39.193ms
08-05 11:24:54.362 13125 13356 I art     : Starting a blocking GC Explicit
08-05 11:24:54.401 13125 13356 I art     : Explicit concurrent mark sweep GC freed 3(96B) AllocSpace objects, 0(0B) LOS objects, 36% free, 28MB/44MB, paused 197us total 39.131ms
08-05 11:24:54.413 13125 13356 I art     : Starting a blocking GC Explicit
08-05 11:24:54.451 13125 13356 I art     : Explicit concurrent mark sweep GC freed 3(96B) AllocSpace objects, 0(0B) LOS objects, 36% free, 28MB/44MB, paused 190us total 37.873ms
08-05 11:24:54.463 13125 13356 I art     : Starting a blocking GC Explicit
08-05 11:24:54.502 13125 13356 I art     : Explicit concurrent mark sweep GC freed 3(96B) AllocSpace objects, 0(0B) LOS objects, 36% free, 28MB/44MB, paused 196us total 38.392ms
08-05 11:24:54.817 13125 13137 I art     : Starting a blocking GC Explicit
08-05 11:24:54.864 13125 13137 I art     : Explicit concurrent mark sweep GC freed 1343(80KB) AllocSpace objects, 1(20KB) LOS objects, 36% free, 28MB/44MB, paused 201us total 46.390ms
08-05 11:24:54.876 13125 13137 I art     : Starting a blocking GC Explicit
08-05 11:24:54.914 13125 13137 I art     : Explicit concurrent mark sweep GC freed 20(704B) AllocSpace objects, 0(0B) LOS objects, 36% free, 28MB/44MB, paused 194us total 37.986ms
08-05 11:24:54.926 13125 13137 I art     : Starting a blocking GC Explicit
08-05 11:24:54.966 13125 13137 I art     : Explicit concurrent mark sweep GC freed 3(96B) AllocSpace objects, 0(0B) LOS objects, 36% free, 28MB/44MB, paused 198us total 39.797ms
08-05 11:24:54.979 13125 13137 I art     : Starting a blocking GC Explicit
08-05 11:24:55.018 13125 13137 I art     : Explicit concurrent mark sweep GC freed 3(96B) AllocSpace objects, 0(0B) LOS objects, 36% free, 28MB/44MB, paused 208us total 38.925ms
08-05 11:24:55.030 13125 13137 I art     : Starting a blocking GC Explicit
08-05 11:24:55.069 13125 13137 I art     : Explicit concurrent mark sweep GC freed 3(96B) AllocSpace objects, 0(0B) LOS objects, 36% free, 28MB/44MB, paused 201us total 38.610ms
08-05 11:24:55.362 13125 13136 I art     : Starting a blocking GC Explicit
08-05 11:24:55.408 13125 13136 I art     : Explicit concurrent mark sweep GC freed 1343(80KB) AllocSpace objects, 1(20KB) LOS objects, 36% free, 28MB/44MB, paused 209us total 46.292ms
08-05 11:24:55.421 13125 13136 I art     : Starting a blocking GC Explicit
08-05 11:24:55.458 13125 13136 I art     : Explicit concurrent mark sweep GC freed 20(704B) AllocSpace objects, 0(0B) LOS objects, 36% free, 28MB/44MB, paused 208us total 37.051ms
08-05 11:24:55.470 13125 13136 I art     : Starting a blocking GC Explicit
08-05 11:24:55.508 13125 13136 I art     : Explicit concurrent mark sweep GC freed 3(96B) AllocSpace objects, 0(0B) LOS objects, 36% free, 28MB/44MB, paused 201us total 38.284ms
08-05 11:24:55.520 13125 13136 I art     : Starting a blocking GC Explicit
08-05 11:24:55.558 13125 13136 I art     : Explicit concurrent mark sweep GC freed 3(96B) AllocSpace objects, 0(0B) LOS objects, 36% free, 28MB/44MB, paused 219us total 38.187ms
08-05 11:24:55.570 13125 13136 I art     : Starting a blocking GC Explicit
08-05 11:24:55.609 13125 13136 I art     : Explicit concurrent mark sweep GC freed 3(96B) AllocSpace objects, 0(0B) LOS objects, 36% free, 28MB/44MB, paused 244us total 38.342ms
08-05 11:24:55.906 13125 13136 I art     : Starting a blocking GC Explicit
08-05 11:24:55.944 13125 13136 I art     : Explicit concurrent mark sweep GC freed 1343(80KB) AllocSpace objects, 1(20KB) LOS objects, 36% free, 28MB/44MB, paused 200us total 38.308ms
08-05 11:24:55.956 13125 13136 I art     : Starting a blocking GC Explicit
08-05 11:24:55.993 13125 13136 I art     : Explicit concurrent mark sweep GC freed 32(1152B) AllocSpace objects, 0(0B) LOS objects, 36% free, 28MB/44MB, paused 192us total 36.315ms
08-05 11:24:56.004 13125 13136 I art     : Starting a blocking GC Explicit
08-05 11:24:56.042 13125 13136 I art     : Explicit concurrent mark sweep GC freed 3(96B) AllocSpace objects, 0(0B) LOS objects, 36% free, 28MB/44MB, paused 204us total 37.954ms
08-05 11:24:56.055 13125 13136 I art     : Starting a blocking GC Explicit
08-05 11:24:56.093 13125 13136 I art     : Explicit concurrent mark sweep GC freed 3(96B) AllocSpace objects, 0(0B) LOS objects, 36% free, 28MB/44MB, paused 192us total 38.001ms
08-05 11:24:56.105 13125 13136 I art     : Starting a blocking GC Explicit
08-05 11:24:56.142 13125 13136 I art     : Explicit concurrent mark sweep GC freed 3(96B) AllocSpace objects, 0(0B) LOS objects, 36% free, 28MB/44MB, paused 186us total 37.339ms
08-05 11:24:56.452 13125 13151 I art     : Starting a blocking GC Explicit
08-05 11:24:56.511 13125 13151 I art     : Explicit concurrent mark sweep GC freed 1345(80KB) AllocSpace objects, 1(20KB) LOS objects, 36% free, 28MB/44MB, paused 225us total 58.705ms
08-05 11:24:56.526 13125 13151 I art     : Starting a blocking GC Explicit
08-05 11:24:56.565 13125 13151 I art     : Explicit concurrent mark sweep GC freed 20(704B) AllocSpace objects, 0(0B) LOS objects, 36% free, 28MB/44MB, paused 231us total 39.108ms
08-05 11:24:56.578 13125 13151 I art     : Starting a blocking GC Explicit
08-05 11:24:56.618 13125 13151 I art     : Explicit concurrent mark sweep GC freed 3(96B) AllocSpace objects, 0(0B) LOS objects, 36% free, 28MB/44MB, paused 210us total 39.877ms
08-05 11:24:56.630 13125 13151 I art     : Starting a blocking GC Explicit
08-05 11:24:56.669 13125 13151 I art     : Explicit concurrent mark sweep GC freed 3(96B) AllocSpace objects, 0(0B) LOS objects, 36% free, 28MB/44MB, paused 199us total 39.097ms
08-05 11:24:56.681 13125 13151 I art     : Starting a blocking GC Explicit
08-05 11:24:56.720 13125 13151 I art     : Explicit concurrent mark sweep GC freed 3(96B) AllocSpace objects, 0(0B) LOS objects, 36% free, 28MB/44MB, paused 229us total 38.420ms
08-05 11:24:57.022 13125 14565 I art     : Starting a blocking GC Explicit
08-05 11:24:57.065 13125 14565 I art     : Explicit concurrent mark sweep GC freed 1343(80KB) AllocSpace objects, 1(20KB) LOS objects, 36% free, 28MB/44MB, paused 188us total 42.986ms
08-05 11:24:57.078 13125 14565 I art     : Starting a blocking GC Explicit
08-05 11:24:57.114 13125 14565 I art     : Explicit concurrent mark sweep GC freed 20(704B) AllocSpace objects, 0(0B) LOS objects, 36% free, 28MB/44MB, paused 195us total 36.108ms
08-05 11:24:57.126 13125 14565 I art     : Starting a blocking GC Explicit
08-05 11:24:57.161 13125 14565 I art     : Explicit concurrent mark sweep GC freed 3(96B) AllocSpace objects, 0(0B) LOS objects, 36% free, 28MB/44MB, paused 247us total 34.865ms
08-05 11:24:57.173 13125 14565 I art     : Starting a blocking GC Explicit
08-05 11:24:57.208 13125 14565 I art     : Explicit concurrent mark sweep GC freed 3(96B) AllocSpace objects, 0(0B) LOS objects, 36% free, 28MB/44MB, paused 180us total 35.103ms
08-05 11:24:57.220 13125 14565 I art     : Starting a blocking GC Explicit
08-05 11:24:57.256 13125 14565 I art     : Explicit concurrent mark sweep GC freed 3(96B) AllocSpace objects, 0(0B) LOS objects, 36% free, 28MB/44MB, paused 192us total 35.640ms
08-05 11:24:57.377 14885 14885 D AndroidRuntime: >>>>>> START com.android.internal.os.RuntimeInit uid 2000 <<<<<<
08-05 11:24:57.384 14885 14885 D AndroidRuntime: CheckJNI is OFF
08-05 11:24:57.417 14885 14885 D ICU     : No timezone override file found: /data/misc/zoneinfo/current/icu/icu_tzdata.dat
08-05 11:24:57.442 14885 14885 I Radio-JNI: register_android_hardware_Radio DONE
08-05 11:24:57.459 14885 14885 D AndroidRuntime: Calling main entry com.android.commands.input.Input
08-05 11:24:57.460 14885 14885 I Input   : injectKeyEvent: KeyEvent { action=ACTION_DOWN, keyCode=KEYCODE_BACK, scanCode=0, metaState=0, flags=0x0, repeatCount=0, eventTime=789913873, downTime=789913873, deviceId=-1, source=0x101 }
08-05 11:24:57.468 14885 14885 I Input   : injectKeyEvent: KeyEvent { action=ACTION_UP, keyCode=KEYCODE_BACK, scanCode=0, metaState=0, flags=0x0, repeatCount=0, eventTime=789913873, downTime=789913873, deviceId=-1, source=0x101 }
08-05 11:24:57.473 14885 14885 D AndroidRuntime: Shutting down VM
08-05 11:24:57.509 13866 13866 I GoogleInputMethodServic: GoogleInputMethodService.onFinishInput():3138 
08-05 11:24:57.509 13866 13866 I GoogleInputMethodServic: GoogleInputMethodService.onStartInput():1808 
08-05 11:24:57.524 13125 13356 I art     : Starting a blocking GC Explicit
08-05 11:24:57.526   918  1210 D NetlinkSocketObserver: NeighborEvent{elapsedMs=1773301401, 192.168.2.254, [7C3953A63323], RTM_NEWNEIGH, NUD_STALE}
08-05 11:24:57.566 13125 13356 I art     : Explicit concurrent mark sweep GC freed 1584(88KB) AllocSpace objects, 1(20KB) LOS objects, 36% free, 28MB/44MB, paused 290us total 41.433ms
08-05 11:24:57.579 13125 13356 I art     : Starting a blocking GC Explicit
08-05 11:24:57.610 13125 13356 I art     : Explicit concurrent mark sweep GC freed 26(944B) AllocSpace objects, 0(0B) LOS objects, 36% free, 28MB/44MB, paused 191us total 31.324ms
08-05 11:24:57.621 13125 13356 I art     : Starting a blocking GC Explicit
08-05 11:24:57.654 13125 13356 I art     : Explicit concurrent mark sweep GC freed 3(96B) AllocSpace objects, 0(0B) LOS objects, 36% free, 28MB/44MB, paused 160us total 32.728ms
08-05 11:24:57.666 13125 13356 I art     : Starting a blocking GC Explicit
08-05 11:24:57.704 13125 13356 I art     : Explicit concurrent mark sweep GC freed 3(96B) AllocSpace objects, 0(0B) LOS objects, 36% free, 28MB/44MB, paused 162us total 37.422ms
08-05 11:24:57.718 13125 13356 I art     : Starting a blocking GC Explicit
08-05 11:24:57.754 13125 13356 I art     : Explicit concurrent mark sweep GC freed 3(96B) AllocSpace objects, 0(0B) LOS objects, 36% free, 28MB/44MB, paused 164us total 36.066ms
08-05 11:24:57.820   380   380 W SurfaceFlinger: couldn't log to binary event log: overflow.
08-05 11:24:58.007 13125 13356 I art     : Starting a blocking GC Explicit
08-05 11:24:58.055 13125 13356 I art     : Explicit concurrent mark sweep GC freed 1404(82KB) AllocSpace objects, 1(20KB) LOS objects, 36% free, 28MB/44MB, paused 233us total 47.970ms
08-05 11:24:58.068 13125 13356 I art     : Starting a blocking GC Explicit
08-05 11:24:58.098 13125 13356 I art     : Explicit concurrent mark sweep GC freed 46779(2MB) AllocSpace objects, 5(140KB) LOS objects, 38% free, 25MB/41MB, paused 179us total 29.815ms
08-05 11:24:58.109 13125 13356 I art     : Starting a blocking GC Explicit
08-05 11:24:58.134 13125 13356 I art     : Explicit concurrent mark sweep GC freed 3(96B) AllocSpace objects, 0(0B) LOS objects, 38% free, 25MB/41MB, paused 184us total 25.765ms
08-05 11:24:58.145 13125 13356 I art     : Starting a blocking GC Explicit
08-05 11:24:58.171 13125 13356 I art     : Explicit concurrent mark sweep GC freed 3(96B) AllocSpace objects, 0(0B) LOS objects, 38% free, 25MB/41MB, paused 219us total 26.112ms
08-05 11:24:58.181 13125 13356 I art     : Starting a blocking GC Explicit
08-05 11:24:58.207 13125 13356 I art     : Explicit concurrent mark sweep GC freed 3(96B) AllocSpace objects, 0(0B) LOS objects, 38% free, 25MB/41MB, paused 184us total 25.706ms
08-05 11:24:58.491 13125 14565 I art     : Starting a blocking GC Explicit
08-05 11:24:58.527 13125 14565 I art     : Explicit concurrent mark sweep GC freed 1343(80KB) AllocSpace objects, 1(20KB) LOS objects, 38% free, 25MB/41MB, paused 220us total 36.478ms
08-05 11:24:58.538 13125 14565 I art     : Starting a blocking GC Explicit
08-05 11:24:58.565 13125 14565 I art     : Explicit concurrent mark sweep GC freed 20(704B) AllocSpace objects, 0(0B) LOS objects, 38% free, 25MB/41MB, paused 182us total 27.017ms
08-05 11:24:58.576 13125 14565 I art     : Starting a blocking GC Explicit
08-05 11:24:58.603 13125 14565 I art     : Explicit concurrent mark sweep GC freed 3(96B) AllocSpace objects, 0(0B) LOS objects, 38% free, 25MB/41MB, paused 234us total 27.067ms
08-05 11:24:58.614 13125 14565 I art     : Starting a blocking GC Explicit
08-05 11:24:58.641 13125 14565 I art     : Explicit concurrent mark sweep GC freed 3(96B) AllocSpace objects, 0(0B) LOS objects, 38% free, 25MB/41MB, paused 187us total 26.741ms
08-05 11:24:58.652 13125 14565 I art     : Starting a blocking GC Explicit
08-05 11:24:58.678 13125 14565 I art     : Explicit concurrent mark sweep GC freed 3(96B) AllocSpace objects, 0(0B) LOS objects, 38% free, 25MB/41MB, paused 180us total 26.104ms
08-05 11:24:58.929 13125 13136 I art     : Starting a blocking GC Explicit
08-05 11:24:58.955 13125 13136 I art     : Explicit concurrent mark sweep GC freed 1343(80KB) AllocSpace objects, 1(20KB) LOS objects, 38% free, 25MB/41MB, paused 196us total 26.703ms
08-05 11:24:58.966 13125 13136 I art     : Starting a blocking GC Explicit
08-05 11:24:58.994 13125 13136 I art     : Explicit concurrent mark sweep GC freed 20(704B) AllocSpace objects, 0(0B) LOS objects, 38% free, 25MB/41MB, paused 188us total 27.509ms
08-05 11:24:59.004 13125 13136 I art     : Starting a blocking GC Explicit
08-05 11:24:59.013 14929 14929 D AndroidRuntime: >>>>>> START com.android.internal.os.RuntimeInit uid 2000 <<<<<<
08-05 11:24:59.017 14929 14929 D AndroidRuntime: CheckJNI is OFF
08-05 11:24:59.030 13125 13136 I art     : Explicit concurrent mark sweep GC freed 3(96B) AllocSpace objects, 0(0B) LOS objects, 38% free, 25MB/41MB, paused 192us total 25.987ms
08-05 11:24:59.040 13125 13136 I art     : Starting a blocking GC Explicit
08-05 11:24:59.047 14929 14929 D ICU     : No timezone override file found: /data/misc/zoneinfo/current/icu/icu_tzdata.dat
08-05 11:24:59.064 13125 13136 I art     : Explicit concurrent mark sweep GC freed 3(96B) AllocSpace objects, 0(0B) LOS objects, 38% free, 25MB/41MB, paused 176us total 23.288ms
08-05 11:24:59.071 14929 14929 I Radio-JNI: register_android_hardware_Radio DONE
08-05 11:24:59.073 13125 13136 I art     : Starting a blocking GC Explicit
08-05 11:24:59.087 14929 14929 D AndroidRuntime: Calling main entry com.android.commands.input.Input
08-05 11:24:59.088 14929 14929 I Input   : injectKeyEvent: KeyEvent { action=ACTION_DOWN, keyCode=KEYCODE_BACK, scanCode=0, metaState=0, flags=0x0, repeatCount=0, eventTime=789915501, downTime=789915501, deviceId=-1, source=0x101 }
08-05 11:24:59.092 14929 14929 I Input   : injectKeyEvent: KeyEvent { action=ACTION_UP, keyCode=KEYCODE_BACK, scanCode=0, metaState=0, flags=0x0, repeatCount=0, eventTime=789915501, downTime=789915501, deviceId=-1, source=0x101 }
08-05 11:24:59.097 14929 14929 D AndroidRuntime: Shutting down VM
08-05 11:24:59.097 13125 13136 I art     : Explicit concurrent mark sweep GC freed 5(208B) AllocSpace objects, 0(0B) LOS objects, 38% free, 25MB/41MB, paused 238us total 24.038ms
08-05 11:24:59.128 13866 13866 I GoogleInputMethodServic: GoogleInputMethodService.onFinishInput():3138 
08-05 11:24:59.129 13866 13866 I GoogleInputMethodServic: GoogleInputMethodService.onStartInput():1808 
08-05 11:24:59.351 13125 13136 I art     : Starting a blocking GC Explicit
08-05 11:24:59.389 13125 13136 I art     : Explicit concurrent mark sweep GC freed 1518(86KB) AllocSpace objects, 1(20KB) LOS objects, 38% free, 25MB/41MB, paused 201us total 36.902ms
08-05 11:24:59.404 13125 13136 I art     : Starting a blocking GC Explicit
08-05 11:24:59.435 13125 13136 I art     : Explicit concurrent mark sweep GC freed 24(864B) AllocSpace objects, 0(0B) LOS objects, 38% free, 25MB/41MB, paused 181us total 30.651ms
08-05 11:24:59.446 13125 13136 I art     : Starting a blocking GC Explicit
08-05 11:24:59.472 13125 13136 I art     : Explicit concurrent mark sweep GC freed 58(2160B) AllocSpace objects, 0(0B) LOS objects, 38% free, 25MB/41MB, paused 221us total 25.341ms
08-05 11:24:59.482 13125 13136 I art     : Starting a blocking GC Explicit
08-05 11:24:59.507 13125 13136 I art     : Explicit concurrent mark sweep GC freed 133(6KB) AllocSpace objects, 0(0B) LOS objects, 38% free, 25MB/41MB, paused 238us total 24.886ms
08-05 11:24:59.517 13125 13136 I art     : Starting a blocking GC Explicit
08-05 11:24:59.542 13125 13136 I art     : Explicit concurrent mark sweep GC freed 3(96B) AllocSpace objects, 0(0B) LOS objects, 38% free, 25MB/41MB, paused 200us total 24.523ms
08-05 11:24:59.831 13125 13356 I art     : Starting a blocking GC Explicit
08-05 11:24:59.874 13125 13356 I art     : Explicit concurrent mark sweep GC freed 1343(80KB) AllocSpace objects, 1(20KB) LOS objects, 38% free, 25MB/41MB, paused 247us total 42.708ms
08-05 11:24:59.889 13125 13356 I art     : Starting a blocking GC Explicit
08-05 11:24:59.917 13125 13356 I art     : Explicit concurrent mark sweep GC freed 20(704B) AllocSpace objects, 0(0B) LOS objects, 38% free, 25MB/41MB, paused 255us total 28.313ms
08-05 11:24:59.928 13125 13356 I art     : Starting a blocking GC Explicit
08-05 11:24:59.955 13125 13356 I art     : Explicit concurrent mark sweep GC freed 3(96B) AllocSpace objects, 0(0B) LOS objects, 38% free, 25MB/41MB, paused 200us total 26.849ms
08-05 11:24:59.965 13125 13356 I art     : Starting a blocking GC Explicit
08-05 11:24:59.993 13125 13356 I art     : Explicit concurrent mark sweep GC freed 3(96B) AllocSpace objects, 0(0B) LOS objects, 38% free, 25MB/41MB, paused 212us total 27.182ms
08-05 11:25:00.003 13125 13356 I art     : Starting a blocking GC Explicit
08-05 11:25:00.031 13125 13356 I art     : Explicit concurrent mark sweep GC freed 3(96B) AllocSpace objects, 0(0B) LOS objects, 38% free, 25MB/41MB, paused 202us total 27.629ms
08-05 11:25:00.310 13125 14565 I art     : Starting a blocking GC Explicit
08-05 11:25:00.340 13125 14565 I art     : Explicit concurrent mark sweep GC freed 1343(80KB) AllocSpace objects, 1(20KB) LOS objects, 38% free, 25MB/41MB, paused 231us total 29.720ms
08-05 11:25:00.351 13125 14565 I art     : Starting a blocking GC Explicit
08-05 11:25:00.376 13125 14565 I art     : Explicit concurrent mark sweep GC freed 20(704B) AllocSpace objects, 0(0B) LOS objects, 38% free, 25MB/41MB, paused 194us total 23.987ms
08-05 11:25:00.385 13125 14565 I art     : Starting a blocking GC Explicit
08-05 11:25:00.408 13125 14565 I art     : Explicit concurrent mark sweep GC freed 3(96B) AllocSpace objects, 0(0B) LOS objects, 38% free, 25MB/41MB, paused 193us total 23.175ms
08-05 11:25:00.418 13125 14565 I art     : Starting a blocking GC Explicit
08-05 11:25:00.442 13125 14565 I art     : Explicit concurrent mark sweep GC freed 3(96B) AllocSpace objects, 0(0B) LOS objects, 38% free, 25MB/41MB, paused 206us total 24.332ms
08-05 11:25:00.452 13125 14565 I art     : Starting a blocking GC Explicit
08-05 11:25:00.479 13125 14565 I art     : Explicit concurrent mark sweep GC freed 3(96B) AllocSpace objects, 0(0B) LOS objects, 38% free, 25MB/41MB, paused 204us total 26.198ms
08-05 11:25:00.633 14983 14983 D AndroidRuntime: >>>>>> START com.android.internal.os.RuntimeInit uid 2000 <<<<<<
08-05 11:25:00.639 14983 14983 D AndroidRuntime: CheckJNI is OFF
08-05 11:25:00.665 14983 14983 D ICU     : No timezone override file found: /data/misc/zoneinfo/current/icu/icu_tzdata.dat
08-05 11:25:00.691 14983 14983 I Radio-JNI: register_android_hardware_Radio DONE
08-05 11:25:00.707 14983 14983 D AndroidRuntime: Calling main entry com.android.commands.input.Input
08-05 11:25:00.708 14983 14983 I Input   : injectMotionEvent: MotionEvent { action=ACTION_DOWN, actionButton=0, id[0]=0, x[0]=600.0, y[0]=1000.0, toolType[0]=TOOL_TYPE_UNKNOWN, buttonState=0, metaState=0, flags=0x0, edgeFlags=0x0, pointerCount=1, historySize=0, eventTime=789917121, downTime=789917121, deviceId=0, source=0x1002 }
08-05 11:25:00.713 14983 14983 I Input   : injectMotionEvent: MotionEvent { action=ACTION_UP, actionButton=0, id[0]=0, x[0]=600.0, y[0]=1000.0, toolType[0]=TOOL_TYPE_UNKNOWN, buttonState=0, metaState=0, flags=0x0, edgeFlags=0x0, pointerCount=1, historySize=0, eventTime=789917121, downTime=789917121, deviceId=0, source=0x1002 }
08-05 11:25:00.714 14983 14983 D AndroidRuntime: Shutting down VM
08-05 11:25:00.726   918  6110 I ActivityManager: START u0 {dat=https://oauth.reddit.com/... cmp=baseline.org.quantumbadger.redreader/.activities.PostListingActivity} from uid 10689 on display 0
08-05 11:25:00.727   512  2967 D audio_hw_primary: out_set_parameters: enter: usecase(1: low-latency-playback) kvpairs: routing=2
08-05 11:25:00.731 13125 13151 I art     : Starting a blocking GC Explicit
08-05 11:25:00.740   512  2967 D audio_hw_primary: select_devices: out_snd_device(2: speaker) in_snd_device(0: none)
08-05 11:25:00.740   512  2967 D msm8974_platform: platform_send_audio_calibration: sending audio calibration for snd_device(2) acdb_id(15)
08-05 11:25:00.740   512  2967 I soundtrigger: audio_extn_sound_trigger_update_device_status: device 0x2 of type 0 for Event 1
08-05 11:25:00.749 13125 13125 I AppCompatViewInflater: app:theme is now deprecated. Please move to using android:theme instead.
08-05 11:25:00.752   512  2967 D audio_hw_primary: enable_snd_device: snd_device(2: speaker)
08-05 11:25:00.754   512  2967 D audio_hw_primary: enable_audio_route: apply and update mixer path: low-latency-playback speaker
08-05 11:25:00.763 13125 13151 I art     : Explicit concurrent mark sweep GC freed 1921(125KB) AllocSpace objects, 1(20KB) LOS objects, 38% free, 25MB/41MB, paused 474us total 31.308ms
08-05 11:25:00.771 13125 15007 D OK      : calling: https://oauth.reddit.com/r/announcements/about.json
08-05 11:25:00.776 13125 13151 I art     : Starting a blocking GC Explicit
08-05 11:25:00.800 13125 13151 I art     : Explicit concurrent mark sweep GC freed 549(42KB) AllocSpace objects, 0(0B) LOS objects, 38% free, 25MB/41MB, paused 235us total 24.526ms
08-05 11:25:00.810 13125 13151 I art     : Starting a blocking GC Explicit
08-05 11:25:00.834   918   936 I ActivityManager: Displayed baseline.org.quantumbadger.redreader/.activities.PostListingActivity: +94ms
08-05 11:25:00.834 13125 13151 I art     : Explicit concurrent mark sweep GC freed 823(35KB) AllocSpace objects, 0(0B) LOS objects, 38% free, 25MB/41MB, paused 245us total 24.029ms
08-05 11:25:00.835 13866 13866 I GoogleInputMethodServic: GoogleInputMethodService.onFinishInput():3138 
08-05 11:25:00.835 13866 13866 I GoogleInputMethodServic: GoogleInputMethodService.onStartInput():1808 
08-05 11:25:00.845 13125 13151 I art     : Starting a blocking GC Explicit
08-05 11:25:00.871 13125 13151 I art     : Explicit concurrent mark sweep GC freed 164(8KB) AllocSpace objects, 0(0B) LOS objects, 38% free, 25MB/41MB, paused 246us total 25.404ms
08-05 11:25:00.881 13125 13151 I art     : Starting a blocking GC Explicit
08-05 11:25:00.907 13125 13151 I art     : Explicit concurrent mark sweep GC freed 1809(71KB) AllocSpace objects, 0(0B) LOS objects, 38% free, 25MB/41MB, paused 270us total 25.950ms
08-05 11:25:01.071 13125 15007 I NAPPA_EXPERIMENTATION: MetricNetworkRequestExecutionTime: REQUEST_DURATION_SYSTEM='300',REQUEST_DURATION_OKHTTP='152',REQUEST_SYNCHRONOUS='TRUE',RESPONSE_CODE='200',RESPONSE_METHOD='GET',RESPONSE_LENGTH_OKHTTP='-1',RESPONSE_LENGTH_HEADER='1564',REQUEST_PROTOCOL='h2',REQUEST_URL='https://oauth.reddit.com/r/announcements/about.json',
08-05 11:25:01.071 13125 15007 D OK      : request got status: 200
08-05 11:25:01.096   380   380 W SurfaceFlinger: couldn't log to binary event log: overflow.
08-05 11:25:01.160 13125 13137 I art     : Starting a blocking GC Explicit
08-05 11:25:01.186 13125 13137 I art     : Explicit concurrent mark sweep GC freed 3196(247KB) AllocSpace objects, 3(156KB) LOS objects, 38% free, 25MB/41MB, paused 209us total 25.308ms
08-05 11:25:01.196 13125 13137 I art     : Starting a blocking GC Explicit
08-05 11:25:01.222 13125 13137 I art     : Explicit concurrent mark sweep GC freed 204(10KB) AllocSpace objects, 0(0B) LOS objects, 38% free, 25MB/41MB, paused 230us total 26.050ms
08-05 11:25:01.233 13125 13137 I art     : Starting a blocking GC Explicit
08-05 11:25:01.263 13125 13137 I art     : Explicit concurrent mark sweep GC freed 71(2320B) AllocSpace objects, 0(0B) LOS objects, 38% free, 25MB/41MB, paused 187us total 30.035ms
08-05 11:25:01.273 13125 13137 I art     : Starting a blocking GC Explicit
08-05 11:25:01.299   512  2967 D audio_hw_primary: disable_audio_route: reset and update mixer path: low-latency-playback speaker
08-05 11:25:01.299 13125 13137 I art     : Explicit concurrent mark sweep GC freed 4(128B) AllocSpace objects, 0(0B) LOS objects, 38% free, 25MB/41MB, paused 207us total 25.993ms
08-05 11:25:01.300   512  2967 D audio_hw_primary: disable_snd_device: snd_device(2: speaker)
08-05 11:25:01.308   512  2967 I soundtrigger: audio_extn_sound_trigger_update_device_status: device 0x2 of type 0 for Event 0
08-05 11:25:01.309 13125 13137 I art     : Starting a blocking GC Explicit
08-05 11:25:01.336 13125 13137 I art     : Explicit concurrent mark sweep GC freed 3(96B) AllocSpace objects, 0(0B) LOS objects, 38% free, 25MB/41MB, paused 250us total 26.486ms
08-05 11:25:01.614 13125 13151 I art     : Starting a blocking GC Explicit
08-05 11:25:01.646 13125 13151 I art     : Explicit concurrent mark sweep GC freed 1402(84KB) AllocSpace objects, 1(20KB) LOS objects, 38% free, 25MB/41MB, paused 285us total 31.831ms
08-05 11:25:01.657 13125 13151 I art     : Starting a blocking GC Explicit
08-05 11:25:01.685 13125 13151 I art     : Explicit concurrent mark sweep GC freed 20(704B) AllocSpace objects, 0(0B) LOS objects, 38% free, 25MB/41MB, paused 238us total 27.370ms
08-05 11:25:01.695 13125 13151 I art     : Starting a blocking GC Explicit
08-05 11:25:01.722 13125 13151 I art     : Explicit concurrent mark sweep GC freed 3(96B) AllocSpace objects, 0(0B) LOS objects, 38% free, 25MB/41MB, paused 228us total 26.841ms
08-05 11:25:01.732 13125 13151 I art     : Starting a blocking GC Explicit
08-05 11:25:01.758 13125 13151 I art     : Explicit concurrent mark sweep GC freed 3(96B) AllocSpace objects, 0(0B) LOS objects, 38% free, 25MB/41MB, paused 224us total 25.827ms
08-05 11:25:01.768 13125 13151 I art     : Starting a blocking GC Explicit
08-05 11:25:01.794 13125 13151 I art     : Explicit concurrent mark sweep GC freed 3(96B) AllocSpace objects, 0(0B) LOS objects, 38% free, 25MB/41MB, paused 203us total 26.014ms
08-05 11:25:01.972 13125 15037 D OK      : calling: https://oauth.reddit.com/r/announcements/hot/.json
08-05 11:25:02.080 13125 13136 I art     : Starting a blocking GC Explicit
08-05 11:25:02.113 13125 13136 I art     : Explicit concurrent mark sweep GC freed 1435(85KB) AllocSpace objects, 1(20KB) LOS objects, 38% free, 25MB/41MB, paused 300us total 32.065ms
08-05 11:25:02.123 13125 13136 I art     : Starting a blocking GC Explicit
08-05 11:25:02.150 13125 13136 I art     : Explicit concurrent mark sweep GC freed 26(960B) AllocSpace objects, 0(0B) LOS objects, 38% free, 25MB/41MB, paused 257us total 26.893ms
08-05 11:25:02.160 13125 13136 I art     : Starting a blocking GC Explicit
08-05 11:25:02.181 13125 15037 I NAPPA_EXPERIMENTATION: MetricNetworkRequestExecutionTime: REQUEST_DURATION_SYSTEM='209',REQUEST_DURATION_OKHTTP='205',REQUEST_SYNCHRONOUS='TRUE',RESPONSE_CODE='200',RESPONSE_METHOD='GET',RESPONSE_LENGTH_OKHTTP='-1',RESPONSE_LENGTH_HEADER='142016',REQUEST_PROTOCOL='h2',REQUEST_URL='https://oauth.reddit.com/r/announcements/hot/.json',
08-05 11:25:02.181 13125 15037 D OK      : request got status: 200
08-05 11:25:02.187 13125 13136 I art     : Explicit concurrent mark sweep GC freed 359(30KB) AllocSpace objects, 0(0B) LOS objects, 38% free, 25MB/41MB, paused 270us total 26.081ms
08-05 11:25:02.197 13125 13136 I art     : Starting a blocking GC Explicit
08-05 11:25:02.207 13125 13690 I PostListingFragment: Precaching images: OFF
08-05 11:25:02.207 13125 13690 I PostListingFragment: Precaching comments: OFF
08-05 11:25:02.222 13125 13136 I art     : Explicit concurrent mark sweep GC freed 427(49KB) AllocSpace objects, 0(0B) LOS objects, 38% free, 25MB/41MB, paused 341us total 25.350ms
08-05 11:25:02.232 13125 13136 I art     : Starting a blocking GC Explicit
08-05 11:25:02.258 13125 13136 I art     : Explicit concurrent mark sweep GC freed 803(76KB) AllocSpace objects, 1(16KB) LOS objects, 37% free, 26MB/42MB, paused 350us total 25.689ms
08-05 11:25:02.385 13125 15044 D OK      : calling: https://b.thumbs.redditmedia.com/RROcLjDSUc0QV1UeQ1txXdyl1C_7233mmsMgtYXxQzo.jpg
08-05 11:25:02.423 13125 15051 D OK      : calling: https://a.thumbs.redditmedia.com/N-frnMqRYp_XiaGds7kPbHf82a876RNKSQ1iw0LzHR0.jpg
08-05 11:25:02.440 13125 15052 D OK      : calling: https://b.thumbs.redditmedia.com/KH2o_q4MXufUdRChsfwLtl6gnEnT8MJtZn3Tyj5ZmBU.jpg
08-05 11:25:02.500 13125 15057 D OK      : calling: https://b.thumbs.redditmedia.com/MGaOJeZl7UsmdtroJopYU_36HUNvQ9LUV5WFH_FJ2vI.jpg
08-05 11:25:02.524 13125 13356 I art     : Starting a blocking GC Explicit
08-05 11:25:02.547 13125 15058 D OK      : calling: https://a.thumbs.redditmedia.com/-D0hxchgus9EyzvGqvnabK_3Obl93tMfG9G58V1QwW8.jpg
08-05 11:25:02.570 13125 13356 I art     : Explicit concurrent mark sweep GC freed 19946(950KB) AllocSpace objects, 6(124KB) LOS objects, 35% free, 29MB/45MB, paused 2.179ms total 45.374ms
08-05 11:25:02.570 13125 15059 D OK      : calling: https://b.thumbs.redditmedia.com/zCaV9kuSMZxmMvdmErGyUsYNdPrmX8LP9_Ee4QTT16g.jpg
08-05 11:25:02.573 13125 15061 D OK      : calling: https://b.thumbs.redditmedia.com/4EGkxZNzrzt-RCtd035cWyO0BipdbDVuPwi4W2v4TyM.jpg
08-05 11:25:02.582 13125 13356 I art     : Starting a blocking GC Explicit
08-05 11:25:02.605 13125 15066 D OK      : calling: https://a.thumbs.redditmedia.com/aVhMBmGX07uX0KhK0rKdhMvQ4UsOJIHN4KeTaa36EF4.jpg
08-05 11:25:02.618 13125 13356 I art     : Explicit concurrent mark sweep GC freed 8404(354KB) AllocSpace objects, 1(68KB) LOS objects, 35% free, 29MB/45MB, paused 609us total 36.120ms
08-05 11:25:02.629 13125 13356 I art     : Starting a blocking GC Explicit
08-05 11:25:02.657 13125 13356 I art     : Explicit concurrent mark sweep GC freed 60876(3MB) AllocSpace objects, 10(256KB) LOS objects, 38% free, 25MB/41MB, paused 763us total 28.002ms
08-05 11:25:02.666 13125 13356 I art     : Starting a blocking GC Explicit
08-05 11:25:02.693 13125 13356 I art     : Explicit concurrent mark sweep GC freed 3041(123KB) AllocSpace objects, 0(0B) LOS objects, 38% free, 26MB/42MB, paused 738us total 27.038ms
08-05 11:25:02.703 13125 13356 I art     : Starting a blocking GC Explicit
08-05 11:25:02.712 13125 13125 W RecyclerView: Cannot call this method in a scroll callback. Scroll callbacks mightbe run during a measure & layout pass where you cannot change theRecyclerView data. Any method call that might change the structureof the RecyclerView or the adapter contents should be postponed tothe next frame.
08-05 11:25:02.712 13125 13125 W RecyclerView: java.lang.IllegalStateException:  androidx.recyclerview.widget.RecyclerView{4fab349 VFED..... .F....ID 0,0-1440,2140 #7f0900ef app:id/scrollbar_recyclerview_recyclerview}, adapter:baseline.org.quantumbadger.redreader.adapters.GroupedRecyclerViewAdapter@4d4c44e, layout:androidx.recyclerview.widget.LinearLayoutManager@4bb896f, context:baseline.org.quantumbadger.redreader.activities.PostListingActivity@ec4c270
08-05 11:25:02.712 13125 13125 W RecyclerView: 	at androidx.recyclerview.widget.RecyclerView.assertNotInLayoutOrScroll(RecyclerView.java:3061)
08-05 11:25:02.712 13125 13125 W RecyclerView: 	at androidx.recyclerview.widget.RecyclerView$RecyclerViewDataObserver.onItemRangeInserted(RecyclerView.java:5555)
08-05 11:25:02.712 13125 13125 W RecyclerView: 	at androidx.recyclerview.widget.RecyclerView$AdapterDataObservable.notifyItemRangeInserted(RecyclerView.java:12278)
08-05 11:25:02.712 13125 13125 W RecyclerView: 	at androidx.recyclerview.widget.RecyclerView$Adapter.notifyItemInserted(RecyclerView.java:7464)
08-05 11:25:02.712 13125 13125 W RecyclerView: 	at baseline.org.quantumbadger.redreader.adapters.GroupedRecyclerViewAdapter.updateHiddenStatus(GroupedRecyclerViewAdapter.java:279)
08-05 11:25:02.712 13125 13125 W RecyclerView: 	at baseline.org.quantumbadger.redreader.adapters.RedditListingManager.setLoadingVisible(RedditListingManager.java:125)
08-05 11:25:02.712 13125 13125 W RecyclerView: 	at baseline.org.quantumbadger.redreader.fragments.PostListingFragment.onLoadMoreItemsCheck(PostListingFragment.java:465)
08-05 11:25:02.712 13125 13125 W RecyclerView: 	at baseline.org.quantumbadger.redreader.fragments.PostListingFragment.access$000(PostListingFragment.java:98)
08-05 11:25:02.712 13125 13125 W RecyclerView: 	at baseline.org.quantumbadger.redreader.fragments.PostListingFragment$2.onScrolled(PostListingFragment.java:215)
08-05 11:25:02.712 13125 13125 W RecyclerView: 	at androidx.recyclerview.widget.RecyclerView.dispatchOnScrolled(RecyclerView.java:5173)
08-05 11:25:02.712 13125 13125 W RecyclerView: 	at androidx.recyclerview.widget.RecyclerView.dispatchLayoutStep3(RecyclerView.java:4231)
08-05 11:25:02.712 13125 13125 W RecyclerView: 	at androidx.recyclerview.widget.RecyclerView.dispatchLayout(RecyclerView.java:3862)
08-05 11:25:02.712 13125 13125 W RecyclerView: 	at androidx.recyclerview.widget.RecyclerView.consumePendingUpdateOperations(RecyclerView.java:1897)
08-05 11:25:02.712 13125 13125 W RecyclerView: 	at androidx.recyclerview.widget.RecyclerView$1.run(RecyclerView.java:414)
08-05 11:25:02.712 13125 13125 W RecyclerView: 	at android.view.Choreographer$CallbackRecord.run(Choreographer.java:858)
08-05 11:25:02.712 13125 13125 W RecyclerView: 	at android.view.Choreographer.doCallbacks(Choreographer.java:670)
08-05 11:25:02.712 13125 13125 W RecyclerView: 	at android.view.Choreographer.doFrame(Choreographer.java:603)
08-05 11:25:02.712 13125 13125 W RecyclerView: 	at android.view.Choreographer$FrameDisplayEventReceiver.run(Choreographer.java:844)
08-05 11:25:02.712 13125 13125 W RecyclerView: 	at android.os.Handler.handleCallback(Handler.java:739)
08-05 11:25:02.712 13125 13125 W RecyclerView: 	at android.os.Handler.dispatchMessage(Handler.java:95)
08-05 11:25:02.712 13125 13125 W RecyclerView: 	at android.os.Looper.loop(Looper.java:148)
08-05 11:25:02.712 13125 13125 W RecyclerView: 	at android.app.ActivityThread.main(ActivityThread.java:5417)
08-05 11:25:02.712 13125 13125 W RecyclerView: 	at java.lang.reflect.Method.invoke(Native Method)
08-05 11:25:02.712 13125 13125 W RecyclerView: 	at com.android.internal.os.ZygoteInit$MethodAndArgsCaller.run(ZygoteInit.java:726)
08-05 11:25:02.712 13125 13125 W RecyclerView: 	at com.android.internal.os.ZygoteInit.main(ZygoteInit.java:616)
08-05 11:25:02.731 13125 13356 I art     : Explicit concurrent mark sweep GC freed 1278(171KB) AllocSpace objects, 0(0B) LOS objects, 38% free, 26MB/42MB, paused 594us total 27.479ms
08-05 11:25:02.745 13125 15051 I NAPPA_EXPERIMENTATION: MetricNetworkRequestExecutionTime: REQUEST_DURATION_SYSTEM='322',REQUEST_DURATION_OKHTTP='176',REQUEST_SYNCHRONOUS='TRUE',RESPONSE_CODE='200',RESPONSE_METHOD='GET',RESPONSE_LENGTH_OKHTTP='3750',RESPONSE_LENGTH_HEADER='3750',REQUEST_PROTOCOL='h2',REQUEST_URL='https://a.thumbs.redditmedia.com/N-frnMqRYp_XiaGds7kPbHf82a876RNKSQ1iw0LzHR0.jpg',
08-05 11:25:02.745 13125 15051 D OK      : request got status: 200
08-05 11:25:02.807 13125 15066 I NAPPA_EXPERIMENTATION: MetricNetworkRequestExecutionTime: REQUEST_DURATION_SYSTEM='202',REQUEST_DURATION_OKHTTP='201',REQUEST_SYNCHRONOUS='TRUE',RESPONSE_CODE='200',RESPONSE_METHOD='GET',RESPONSE_LENGTH_OKHTTP='6940',RESPONSE_LENGTH_HEADER='6940',REQUEST_PROTOCOL='h2',REQUEST_URL='https://a.thumbs.redditmedia.com/aVhMBmGX07uX0KhK0rKdhMvQ4UsOJIHN4KeTaa36EF4.jpg',
08-05 11:25:02.807 13125 15066 D OK      : request got status: 200
08-05 11:25:02.816 13125 15044 I NAPPA_EXPERIMENTATION: MetricNetworkRequestExecutionTime: REQUEST_DURATION_SYSTEM='430',REQUEST_DURATION_OKHTTP='234',REQUEST_SYNCHRONOUS='TRUE',RESPONSE_CODE='200',RESPONSE_METHOD='GET',RESPONSE_LENGTH_OKHTTP='2558',RESPONSE_LENGTH_HEADER='2558',REQUEST_PROTOCOL='h2',REQUEST_URL='https://b.thumbs.redditmedia.com/RROcLjDSUc0QV1UeQ1txXdyl1C_7233mmsMgtYXxQzo.jpg',
08-05 11:25:02.816 13125 15044 D OK      : request got status: 200
08-05 11:25:02.837 13125 15052 I NAPPA_EXPERIMENTATION: MetricNetworkRequestExecutionTime: REQUEST_DURATION_SYSTEM='396',REQUEST_DURATION_OKHTTP='253',REQUEST_SYNCHRONOUS='TRUE',RESPONSE_CODE='200',RESPONSE_METHOD='GET',RESPONSE_LENGTH_OKHTTP='2613',RESPONSE_LENGTH_HEADER='2613',REQUEST_PROTOCOL='h2',REQUEST_URL='https://b.thumbs.redditmedia.com/KH2o_q4MXufUdRChsfwLtl6gnEnT8MJtZn3Tyj5ZmBU.jpg',
08-05 11:25:02.837 13125 15052 D OK      : request got status: 200
08-05 11:25:02.882 13125 15057 I NAPPA_EXPERIMENTATION: MetricNetworkRequestExecutionTime: REQUEST_DURATION_SYSTEM='382',REQUEST_DURATION_OKHTTP='212',REQUEST_SYNCHRONOUS='TRUE',RESPONSE_CODE='200',RESPONSE_METHOD='GET',RESPONSE_LENGTH_OKHTTP='4804',RESPONSE_LENGTH_HEADER='4804',REQUEST_PROTOCOL='h2',REQUEST_URL='https://b.thumbs.redditmedia.com/MGaOJeZl7UsmdtroJopYU_36HUNvQ9LUV5WFH_FJ2vI.jpg',
08-05 11:25:02.882 13125 15057 D OK      : request got status: 200
08-05 11:25:02.897 13125 15058 I NAPPA_EXPERIMENTATION: MetricNetworkRequestExecutionTime: REQUEST_DURATION_SYSTEM='350',REQUEST_DURATION_OKHTTP='223',REQUEST_SYNCHRONOUS='TRUE',RESPONSE_CODE='200',RESPONSE_METHOD='GET',RESPONSE_LENGTH_OKHTTP='4818',RESPONSE_LENGTH_HEADER='4818',REQUEST_PROTOCOL='h2',REQUEST_URL='https://a.thumbs.redditmedia.com/-D0hxchgus9EyzvGqvnabK_3Obl93tMfG9G58V1QwW8.jpg',
08-05 11:25:02.897 13125 15058 D OK      : request got status: 200
08-05 11:25:02.989 13125 13137 I art     : Starting a blocking GC Explicit
08-05 11:25:03.017 13125 13137 I art     : Explicit concurrent mark sweep GC freed 8403(659KB) AllocSpace objects, 34(2MB) LOS objects, 37% free, 27MB/43MB, paused 255us total 28.732ms
08-05 11:25:03.028 13125 13137 I art     : Starting a blocking GC Explicit
08-05 11:25:03.056 13125 13137 I art     : Explicit concurrent mark sweep GC freed 616(22KB) AllocSpace objects, 0(0B) LOS objects, 37% free, 27MB/43MB, paused 313us total 27.594ms
08-05 11:25:03.066 13125 13137 I art     : Starting a blocking GC Explicit
08-05 11:25:03.095 13125 13137 I art     : Explicit concurrent mark sweep GC freed 3(96B) AllocSpace objects, 0(0B) LOS objects, 37% free, 27MB/43MB, paused 322us total 28.449ms
08-05 11:25:03.099 13125 15059 I NAPPA_EXPERIMENTATION: MetricNetworkRequestExecutionTime: REQUEST_DURATION_SYSTEM='529',REQUEST_DURATION_OKHTTP='176',REQUEST_SYNCHRONOUS='TRUE',RESPONSE_CODE='200',RESPONSE_METHOD='GET',RESPONSE_LENGTH_OKHTTP='6132',RESPONSE_LENGTH_HEADER='6132',REQUEST_PROTOCOL='h2',REQUEST_URL='https://b.thumbs.redditmedia.com/zCaV9kuSMZxmMvdmErGyUsYNdPrmX8LP9_Ee4QTT16g.jpg',
08-05 11:25:03.099 13125 15059 D OK      : request got status: 200
08-05 11:25:03.106 13125 13137 I art     : Starting a blocking GC Explicit
08-05 11:25:03.112 13125 15061 I NAPPA_EXPERIMENTATION: MetricNetworkRequestExecutionTime: REQUEST_DURATION_SYSTEM='539',REQUEST_DURATION_OKHTTP='184',REQUEST_SYNCHRONOUS='TRUE',RESPONSE_CODE='200',RESPONSE_METHOD='GET',RESPONSE_LENGTH_OKHTTP='4987',RESPONSE_LENGTH_HEADER='4987',REQUEST_PROTOCOL='h2',REQUEST_URL='https://b.thumbs.redditmedia.com/4EGkxZNzrzt-RCtd035cWyO0BipdbDVuPwi4W2v4TyM.jpg',
08-05 11:25:03.112 13125 15061 D OK      : request got status: 200
08-05 11:25:03.134 13125 13137 I art     : Explicit concurrent mark sweep GC freed 394(32KB) AllocSpace objects, 1(68KB) LOS objects, 36% free, 27MB/43MB, paused 313us total 28.305ms
08-05 11:25:03.144 13125 13137 I art     : Starting a blocking GC Explicit
08-05 11:25:03.173 13125 13137 I art     : Explicit concurrent mark sweep GC freed 366(80KB) AllocSpace objects, 4(128KB) LOS objects, 36% free, 27MB/43MB, paused 264us total 28.509ms
08-05 11:25:03.174 13125 15091 D OK      : calling: https://oauth.reddit.com/r/announcements/hot/.json?after=t3_9jf8nh
08-05 11:25:03.210  8256  8256 I ServiceManager: Waiting for service AtCmdFwd...
08-05 11:25:03.453 13125 15091 I NAPPA_EXPERIMENTATION: MetricNetworkRequestExecutionTime: REQUEST_DURATION_SYSTEM='279',REQUEST_DURATION_OKHTTP='150',REQUEST_SYNCHRONOUS='TRUE',RESPONSE_CODE='200',RESPONSE_METHOD='GET',RESPONSE_LENGTH_OKHTTP='-1',RESPONSE_LENGTH_HEADER='65685',REQUEST_PROTOCOL='h2',REQUEST_URL='https://oauth.reddit.com/r/announcements/hot/.json?after=t3_9jf8nh',
08-05 11:25:03.454 13125 15091 D OK      : request got status: 200
08-05 11:25:03.469 13125 14565 I art     : Starting a blocking GC Explicit
08-05 11:25:03.471 13125 13690 I PostListingFragment: Precaching images: OFF
08-05 11:25:03.471 13125 13690 I PostListingFragment: Precaching comments: OFF
08-05 11:25:03.497 13125 15104 D OK      : calling: https://a.thumbs.redditmedia.com/8P7BG-empihRDWkNYE_LZ8tekikmQtEiymWkwv7obo0.jpg
08-05 11:25:03.506 13125 14565 I art     : Explicit concurrent mark sweep GC freed 6723(455KB) AllocSpace objects, 6(336KB) LOS objects, 36% free, 28MB/44MB, paused 532us total 37.438ms
08-05 11:25:03.518 13125 14565 I art     : Starting a blocking GC Explicit
08-05 11:25:03.521 13125 15105 D OK      : calling: https://b.thumbs.redditmedia.com/PCxvz6Ma5pyTglQOwhW4LZZOY0qIwyWW5pD83dYmMgc.jpg
08-05 11:25:03.547 13125 14565 I art     : Explicit concurrent mark sweep GC freed 4270(180KB) AllocSpace objects, 2(32KB) LOS objects, 35% free, 28MB/44MB, paused 507us total 29.525ms
08-05 11:25:03.558 13125 14565 I art     : Starting a blocking GC Explicit
08-05 11:25:03.588 13125 14565 I art     : Explicit concurrent mark sweep GC freed 6310(246KB) AllocSpace objects, 0(0B) LOS objects, 35% free, 28MB/44MB, paused 525us total 30.508ms
08-05 11:25:03.598 13125 14565 I art     : Starting a blocking GC Explicit
08-05 11:25:03.631 13125 14565 I art     : Explicit concurrent mark sweep GC freed 4262(169KB) AllocSpace objects, 1(68KB) LOS objects, 35% free, 29MB/45MB, paused 394us total 32.156ms
08-05 11:25:03.641 13125 14565 I art     : Starting a blocking GC Explicit
08-05 11:25:03.664 13125 15105 I NAPPA_EXPERIMENTATION: MetricNetworkRequestExecutionTime: REQUEST_DURATION_SYSTEM='141',REQUEST_DURATION_OKHTTP='141',REQUEST_SYNCHRONOUS='TRUE',RESPONSE_CODE='200',RESPONSE_METHOD='GET',RESPONSE_LENGTH_OKHTTP='9233',RESPONSE_LENGTH_HEADER='9233',REQUEST_PROTOCOL='h2',REQUEST_URL='https://b.thumbs.redditmedia.com/PCxvz6Ma5pyTglQOwhW4LZZOY0qIwyWW5pD83dYmMgc.jpg',
08-05 11:25:03.664 13125 15105 D OK      : request got status: 200
08-05 11:25:03.673 13125 14565 I art     : Explicit concurrent mark sweep GC freed 4625(232KB) AllocSpace objects, 2(92KB) LOS objects, 35% free, 29MB/45MB, paused 374us total 32.180ms
08-05 11:25:03.745 13125 15104 I NAPPA_EXPERIMENTATION: MetricNetworkRequestExecutionTime: REQUEST_DURATION_SYSTEM='248',REQUEST_DURATION_OKHTTP='154',REQUEST_SYNCHRONOUS='TRUE',RESPONSE_CODE='200',RESPONSE_METHOD='GET',RESPONSE_LENGTH_OKHTTP='3039',RESPONSE_LENGTH_HEADER='3039',REQUEST_PROTOCOL='h2',REQUEST_URL='https://a.thumbs.redditmedia.com/8P7BG-empihRDWkNYE_LZ8tekikmQtEiymWkwv7obo0.jpg',
08-05 11:25:03.746 13125 15104 D OK      : request got status: 200
08-05 11:25:03.977 13125 13356 I art     : Starting a blocking GC Explicit
08-05 11:25:04.021 13125 13356 I art     : Explicit concurrent mark sweep GC freed 19287(1094KB) AllocSpace objects, 18(980KB) LOS objects, 36% free, 28MB/44MB, paused 242us total 44.013ms
08-05 11:25:04.032 13125 13356 I art     : Starting a blocking GC Explicit
08-05 11:25:04.062 13125 13356 I art     : Explicit concurrent mark sweep GC freed 198(6KB) AllocSpace objects, 0(0B) LOS objects, 36% free, 28MB/44MB, paused 230us total 29.900ms
08-05 11:25:04.073 13125 13356 I art     : Starting a blocking GC Explicit
08-05 11:25:04.103 13125 13356 I art     : Explicit concurrent mark sweep GC freed 3(96B) AllocSpace objects, 0(0B) LOS objects, 36% free, 28MB/44MB, paused 230us total 29.757ms
08-05 11:25:04.114 13125 13356 I art     : Starting a blocking GC Explicit
08-05 11:25:04.144 13125 13356 I art     : Explicit concurrent mark sweep GC freed 3(96B) AllocSpace objects, 0(0B) LOS objects, 36% free, 28MB/44MB, paused 210us total 29.491ms
08-05 11:25:04.155 13125 13356 I art     : Starting a blocking GC Explicit
08-05 11:25:04.184 13125 13356 I art     : Explicit concurrent mark sweep GC freed 3(96B) AllocSpace objects, 0(0B) LOS objects, 36% free, 28MB/44MB, paused 219us total 28.896ms
08-05 11:25:04.211  8256  8256 I ServiceManager: Waiting for service AtCmdFwd...
08-05 11:25:04.501 13125 13136 I art     : Starting a blocking GC Explicit
08-05 11:25:04.542 13125 13136 I art     : Explicit concurrent mark sweep GC freed 1344(82KB) AllocSpace objects, 1(20KB) LOS objects, 36% free, 28MB/44MB, paused 263us total 40.642ms
08-05 11:25:04.557 13125 13136 I art     : Starting a blocking GC Explicit
08-05 11:25:04.589 13125 13136 I art     : Explicit concurrent mark sweep GC freed 20(704B) AllocSpace objects, 0(0B) LOS objects, 36% free, 28MB/44MB, paused 245us total 31.356ms
08-05 11:25:04.600 13125 13136 I art     : Starting a blocking GC Explicit
08-05 11:25:04.630 13125 13136 I art     : Explicit concurrent mark sweep GC freed 3(96B) AllocSpace objects, 0(0B) LOS objects, 36% free, 28MB/44MB, paused 226us total 29.957ms
08-05 11:25:04.641 13125 13136 I art     : Starting a blocking GC Explicit
08-05 11:25:04.671 13125 13136 I art     : Explicit concurrent mark sweep GC freed 3(96B) AllocSpace objects, 0(0B) LOS objects, 36% free, 28MB/44MB, paused 226us total 29.837ms
08-05 11:25:04.682 13125 13136 I art     : Starting a blocking GC Explicit
08-05 11:25:04.713 13125 13136 I art     : Explicit concurrent mark sweep GC freed 3(96B) AllocSpace objects, 0(0B) LOS objects, 36% free, 28MB/44MB, paused 239us total 30.421ms
08-05 11:25:05.045 13125 13151 I art     : Starting a blocking GC Explicit
08-05 11:25:05.088 13125 13151 I art     : Explicit concurrent mark sweep GC freed 1344(82KB) AllocSpace objects, 1(20KB) LOS objects, 36% free, 28MB/44MB, paused 290us total 42.481ms
08-05 11:25:05.101 13125 13151 I art     : Starting a blocking GC Explicit
08-05 11:25:05.131 13125 13151 I art     : Explicit concurrent mark sweep GC freed 20(704B) AllocSpace objects, 0(0B) LOS objects, 36% free, 28MB/44MB, paused 230us total 30.439ms
08-05 11:25:05.142 13125 13151 I art     : Starting a blocking GC Explicit
08-05 11:25:05.173 13125 13151 I art     : Explicit concurrent mark sweep GC freed 3(96B) AllocSpace objects, 0(0B) LOS objects, 36% free, 28MB/44MB, paused 239us total 30.262ms
08-05 11:25:05.184 13125 13151 I art     : Starting a blocking GC Explicit
08-05 11:25:05.212  8256  8256 I ServiceManager: Waiting for service AtCmdFwd...
08-05 11:25:05.214 13125 13151 I art     : Explicit concurrent mark sweep GC freed 3(96B) AllocSpace objects, 0(0B) LOS objects, 36% free, 28MB/44MB, paused 226us total 29.823ms
08-05 11:25:05.225 13125 13151 I art     : Starting a blocking GC Explicit
08-05 11:25:05.254 13125 13151 I art     : Explicit concurrent mark sweep GC freed 3(96B) AllocSpace objects, 0(0B) LOS objects, 36% free, 28MB/44MB, paused 229us total 29.119ms
08-05 11:25:05.596 13125 13137 I art     : Starting a blocking GC Explicit
08-05 11:25:05.639 13125 13137 I art     : Explicit concurrent mark sweep GC freed 1344(82KB) AllocSpace objects, 1(20KB) LOS objects, 36% free, 28MB/44MB, paused 228us total 42.974ms
08-05 11:25:05.650 13125 13137 I art     : Starting a blocking GC Explicit
08-05 11:25:05.678 13125 13137 I art     : Explicit concurrent mark sweep GC freed 20(704B) AllocSpace objects, 0(0B) LOS objects, 36% free, 28MB/44MB, paused 220us total 28.136ms
08-05 11:25:05.688 13125 13137 I art     : Starting a blocking GC Explicit
08-05 11:25:05.717 13125 13137 I art     : Explicit concurrent mark sweep GC freed 3(96B) AllocSpace objects, 0(0B) LOS objects, 36% free, 28MB/44MB, paused 206us total 28.033ms
08-05 11:25:05.728 13125 13137 I art     : Starting a blocking GC Explicit
08-05 11:25:05.758 13125 13137 I art     : Explicit concurrent mark sweep GC freed 3(96B) AllocSpace objects, 0(0B) LOS objects, 36% free, 28MB/44MB, paused 239us total 29.720ms
08-05 11:25:05.769 13125 13137 I art     : Starting a blocking GC Explicit
08-05 11:25:05.798 13125 13137 I art     : Explicit concurrent mark sweep GC freed 3(96B) AllocSpace objects, 0(0B) LOS objects, 36% free, 28MB/44MB, paused 225us total 28.991ms
08-05 11:25:06.079 13125 14565 I art     : Starting a blocking GC Explicit
08-05 11:25:06.110 13125 14565 I art     : Explicit concurrent mark sweep GC freed 1349(82KB) AllocSpace objects, 1(20KB) LOS objects, 36% free, 28MB/44MB, paused 252us total 30.817ms
08-05 11:25:06.121 13125 14565 I art     : Starting a blocking GC Explicit
08-05 11:25:06.150 13125 14565 I art     : Explicit concurrent mark sweep GC freed 20(704B) AllocSpace objects, 0(0B) LOS objects, 36% free, 28MB/44MB, paused 236us total 29.046ms
08-05 11:25:06.161 13125 14565 I art     : Starting a blocking GC Explicit
08-05 11:25:06.190 13125 14565 I art     : Explicit concurrent mark sweep GC freed 3(96B) AllocSpace objects, 0(0B) LOS objects, 36% free, 28MB/44MB, paused 233us total 28.237ms
08-05 11:25:06.200 13125 14565 I art     : Starting a blocking GC Explicit
08-05 11:25:06.212  8256  8256 I ServiceManager: Waiting for service AtCmdFwd...
08-05 11:25:06.228 13125 14565 I art     : Explicit concurrent mark sweep GC freed 3(96B) AllocSpace objects, 0(0B) LOS objects, 36% free, 28MB/44MB, paused 222us total 27.889ms
08-05 11:25:06.239 13125 14565 I art     : Starting a blocking GC Explicit
08-05 11:25:06.267 13125 14565 I art     : Explicit concurrent mark sweep GC freed 3(96B) AllocSpace objects, 0(0B) LOS objects, 36% free, 28MB/44MB, paused 250us total 28.469ms
08-05 11:25:06.319 15150 15150 D AndroidRuntime: >>>>>> START com.android.internal.os.RuntimeInit uid 2000 <<<<<<
08-05 11:25:06.323 15150 15150 D AndroidRuntime: CheckJNI is OFF
08-05 11:25:06.348 15150 15150 D ICU     : No timezone override file found: /data/misc/zoneinfo/current/icu/icu_tzdata.dat
08-05 11:25:06.374 15150 15150 I Radio-JNI: register_android_hardware_Radio DONE
08-05 11:25:06.391 15150 15150 D AndroidRuntime: Calling main entry com.android.commands.input.Input
08-05 11:25:06.393 15150 15150 I Input   : injectMotionEvent: MotionEvent { action=ACTION_DOWN, actionButton=0, id[0]=0, x[0]=600.0, y[0]=580.0, toolType[0]=TOOL_TYPE_UNKNOWN, buttonState=0, metaState=0, flags=0x0, edgeFlags=0x0, pointerCount=1, historySize=0, eventTime=789922806, downTime=789922806, deviceId=0, source=0x1002 }
08-05 11:25:06.399 15150 15150 I Input   : injectMotionEvent: MotionEvent { action=ACTION_UP, actionButton=0, id[0]=0, x[0]=600.0, y[0]=580.0, toolType[0]=TOOL_TYPE_UNKNOWN, buttonState=0, metaState=0, flags=0x0, edgeFlags=0x0, pointerCount=1, historySize=0, eventTime=789922806, downTime=789922806, deviceId=0, source=0x1002 }
08-05 11:25:06.403 15150 15150 D AndroidRuntime: Shutting down VM
08-05 11:25:06.412   512  2967 D audio_hw_primary: out_set_parameters: enter: usecase(1: low-latency-playback) kvpairs: routing=2
08-05 11:25:06.413   918  6111 I ActivityManager: START u0 {cmp=baseline.org.quantumbadger.redreader/.activities.WebViewActivity (has extras)} from uid 10689 on display 0
08-05 11:25:06.426   512  2967 D audio_hw_primary: select_devices: out_snd_device(2: speaker) in_snd_device(0: none)
08-05 11:25:06.426   512  2967 D msm8974_platform: platform_send_audio_calibration: sending audio calibration for snd_device(2) acdb_id(15)
08-05 11:25:06.426   512  2967 I soundtrigger: audio_extn_sound_trigger_update_device_status: device 0x2 of type 0 for Event 1
08-05 11:25:06.431 13125 13125 I AppCompatViewInflater: app:theme is now deprecated. Please move to using android:theme instead.
08-05 11:25:06.437   512  2967 D audio_hw_primary: enable_snd_device: snd_device(2: speaker)
08-05 11:25:06.439   512  2967 D audio_hw_primary: enable_audio_route: apply and update mixer path: low-latency-playback speaker
08-05 11:25:06.444 13125 13125 I WebViewFactory: Loading com.google.android.webview version 84.0.4147.89 (code 414708953)
08-05 11:25:06.508 13125 13125 I cr_LibraryLoader: Loaded native library version number "84.0.4147.89"
08-05 11:25:06.508 13125 13125 I cr_CachingUmaRecorder: Flushed 5 samples from 5 histograms.
08-05 11:25:06.515 13125 14565 I art     : Starting a blocking GC Explicit
08-05 11:25:06.516   918  3714 I ActivityManager: Start proc 15187:com.google.android.webview:webview_service/u0a74 for service com.google.android.webview/org.chromium.android_webview.services.VariationsSeedServer
08-05 11:25:06.538 13125 13125 E chromium: [ERROR:filesystem_posix.cc(62)] mkdir /data/user/0/baseline.org.quantumbadger.redreader/cache/WebView/Crashpad: No such file or directory (2)
08-05 11:25:06.546 15187 15187 I LoadedApk: No resource references to update in package com.google.android.webview_translations
08-05 11:25:06.547 13125 14565 I art     : Explicit concurrent mark sweep GC freed 7231(648KB) AllocSpace objects, 3(60KB) LOS objects, 35% free, 29MB/45MB, paused 628us total 31.666ms
08-05 11:25:06.560 13125 14565 I art     : Starting a blocking GC Explicit
08-05 11:25:06.591 13125 14565 I art     : Explicit concurrent mark sweep GC freed 6843(550KB) AllocSpace objects, 3(76KB) LOS objects, 35% free, 28MB/44MB, paused 750us total 30.688ms
08-05 11:25:06.602 13125 14565 I art     : Starting a blocking GC Explicit
08-05 11:25:06.604   918  6112 D ConnectivityService: listenForNetwork for Listen from uid/pid:10689/13125 for NetworkRequest [ id=3211, legacyType=-1, [ Capabilities: INTERNET&NOT_RESTRICTED&TRUSTED] ]
08-05 11:25:06.631 13125 14565 I art     : Explicit concurrent mark sweep GC freed 2405(151KB) AllocSpace objects, 0(0B) LOS objects, 35% free, 29MB/45MB, paused 878us total 28.778ms
08-05 11:25:06.641 13125 15209 W cr_media: Requires BLUETOOTH permission
08-05 11:25:06.658 13125 15221 E libEGL  : validate_display:255 error 3008 (EGL_BAD_DISPLAY)
08-05 11:25:06.662 13125 14565 I art     : Starting a blocking GC Explicit
08-05 11:25:06.693 13125 14565 I art     : Explicit concurrent mark sweep GC freed 914(86KB) AllocSpace objects, 0(0B) LOS objects, 35% free, 29MB/45MB, paused 477us total 30.485ms
08-05 11:25:06.706 13125 14565 I art     : Starting a blocking GC Explicit
08-05 11:25:06.732 13125 14565 I art     : Explicit concurrent mark sweep GC freed 231(12KB) AllocSpace objects, 0(0B) LOS objects, 35% free, 29MB/45MB, paused 294us total 26.142ms
08-05 11:25:06.775   918   936 I ActivityManager: Displayed baseline.org.quantumbadger.redreader/.activities.WebViewActivity: +355ms
08-05 11:25:06.775 13866 13866 I GoogleInputMethodServic: GoogleInputMethodService.onFinishInput():3138 
08-05 11:25:06.777 13866 13866 I GoogleInputMethodServic: GoogleInputMethodService.onStartInput():1808 
08-05 11:25:06.979   512  2967 D audio_hw_primary: disable_audio_route: reset and update mixer path: low-latency-playback speaker
08-05 11:25:06.981   512  2967 D audio_hw_primary: disable_snd_device: snd_device(2: speaker)
08-05 11:25:06.992   512  2967 I soundtrigger: audio_extn_sound_trigger_update_device_status: device 0x2 of type 0 for Event 0
08-05 11:25:07.025 13125 13151 I art     : Starting a blocking GC Explicit
08-05 11:25:07.033   380   380 W SurfaceFlinger: couldn't log to binary event log: overflow.
08-05 11:25:07.059 13125 13151 I art     : Explicit concurrent mark sweep GC freed 5015(277KB) AllocSpace objects, 4(220KB) LOS objects, 35% free, 29MB/45MB, paused 736us total 33.563ms
08-05 11:25:07.070 13125 13151 I art     : Starting a blocking GC Explicit
08-05 11:25:07.098 13125 13151 I art     : Explicit concurrent mark sweep GC freed 1633(168KB) AllocSpace objects, 0(0B) LOS objects, 35% free, 29MB/45MB, paused 439us total 27.543ms
08-05 11:25:07.111 13125 13151 I art     : Starting a blocking GC Explicit
08-05 11:25:07.140 13125 13151 I art     : Explicit concurrent mark sweep GC freed 404(28KB) AllocSpace objects, 0(0B) LOS objects, 35% free, 29MB/45MB, paused 369us total 28.711ms
08-05 11:25:07.151 13125 13151 I art     : Starting a blocking GC Explicit
08-05 11:25:07.180 13125 13151 I art     : Explicit concurrent mark sweep GC freed 111(3KB) AllocSpace objects, 0(0B) LOS objects, 35% free, 29MB/45MB, paused 382us total 28.869ms
08-05 11:25:07.191 13125 13151 I art     : Starting a blocking GC Explicit
08-05 11:25:07.213  8256  8256 I ServiceManager: Waiting for service AtCmdFwd...
08-05 11:25:07.219 13125 13151 I art     : Explicit concurrent mark sweep GC freed 10(352B) AllocSpace objects, 0(0B) LOS objects, 35% free, 29MB/45MB, paused 374us total 27.933ms
08-05 11:25:07.485 13125 13356 I art     : Starting a blocking GC Explicit
08-05 11:25:07.514 13125 13356 I art     : Explicit concurrent mark sweep GC freed 7215(328KB) AllocSpace objects, 1(20KB) LOS objects, 35% free, 29MB/45MB, paused 376us total 28.816ms
08-05 11:25:07.526 13125 13356 I art     : Starting a blocking GC Explicit
08-05 11:25:07.554 13125 13356 I art     : Explicit concurrent mark sweep GC freed 2104(87KB) AllocSpace objects, 0(0B) LOS objects, 35% free, 29MB/45MB, paused 392us total 27.312ms
08-05 11:25:07.563 13125 13356 I art     : Starting a blocking GC Explicit
08-05 11:25:07.589 13125 13356 I art     : Explicit concurrent mark sweep GC freed 49(1600B) AllocSpace objects, 0(0B) LOS objects, 35% free, 29MB/45MB, paused 325us total 25.696ms
08-05 11:25:07.599 13125 13356 I art     : Starting a blocking GC Explicit
08-05 11:25:07.626 13125 13356 I art     : Explicit concurrent mark sweep GC freed 3(96B) AllocSpace objects, 0(0B) LOS objects, 35% free, 29MB/45MB, paused 370us total 26.826ms
08-05 11:25:07.637 13125 13356 I art     : Starting a blocking GC Explicit
08-05 11:25:07.665 13125 13356 I art     : Explicit concurrent mark sweep GC freed 3(96B) AllocSpace objects, 0(0B) LOS objects, 35% free, 29MB/45MB, paused 345us total 28.078ms
08-05 11:25:07.723 13125 13125 I Choreographer: Skipped 31 frames!  The application may be doing too much work on its main thread.
08-05 11:25:07.939 13125 13356 I art     : Starting a blocking GC Explicit
08-05 11:25:07.980 13125 13356 I art     : Explicit concurrent mark sweep GC freed 1395(84KB) AllocSpace objects, 1(20KB) LOS objects, 35% free, 29MB/45MB, paused 531us total 40.039ms
08-05 11:25:07.995 13125 13356 I art     : Starting a blocking GC Explicit
08-05 11:25:08.031 13125 13356 I art     : Explicit concurrent mark sweep GC freed 27(912B) AllocSpace objects, 0(0B) LOS objects, 35% free, 29MB/45MB, paused 387us total 35.753ms
08-05 11:25:08.046 13125 13356 I art     : Starting a blocking GC Explicit
08-05 11:25:08.085 13125 13356 I art     : Explicit concurrent mark sweep GC freed 9(288B) AllocSpace objects, 0(0B) LOS objects, 35% free, 29MB/45MB, paused 605us total 39.264ms
08-05 11:25:08.099 13125 13356 I art     : Starting a blocking GC Explicit
08-05 11:25:08.137 13125 13356 I art     : Explicit concurrent mark sweep GC freed 10(304B) AllocSpace objects, 0(0B) LOS objects, 35% free, 29MB/45MB, paused 421us total 37.530ms
08-05 11:25:08.150 13125 13356 I art     : Starting a blocking GC Explicit
08-05 11:25:08.187 13125 13356 I art     : Explicit concurrent mark sweep GC freed 9(288B) AllocSpace objects, 0(0B) LOS objects, 35% free, 29MB/45MB, paused 622us total 37.361ms
08-05 11:25:08.213  8256  8256 W Atfwd_Sendcmd: AtCmdFwd service not published, waiting... retryCnt : 4
08-05 11:25:08.487 13125 13137 I art     : Starting a blocking GC Explicit
08-05 11:25:08.525 13125 13137 I art     : Explicit concurrent mark sweep GC freed 1427(84KB) AllocSpace objects, 1(20KB) LOS objects, 35% free, 29MB/45MB, paused 381us total 38.501ms
08-05 11:25:08.544 13125 13137 I art     : Starting a blocking GC Explicit
08-05 11:25:08.589 13125 13137 I art     : Explicit concurrent mark sweep GC freed 29(992B) AllocSpace objects, 0(0B) LOS objects, 35% free, 29MB/45MB, paused 383us total 44.964ms
08-05 11:25:08.602 13125 13137 I art     : Starting a blocking GC Explicit
08-05 11:25:08.629 13125 13137 I art     : Explicit concurrent mark sweep GC freed 4(128B) AllocSpace objects, 0(0B) LOS objects, 35% free, 29MB/45MB, paused 297us total 27.334ms
08-05 11:25:08.640 13125 13137 I art     : Starting a blocking GC Explicit
08-05 11:25:08.657   518   646 I ThermalEngine: ACTION: GPU - Setting GPU[0] to 510000000
08-05 11:25:08.670 13125 13137 I art     : Explicit concurrent mark sweep GC freed 3(96B) AllocSpace objects, 0(0B) LOS objects, 35% free, 29MB/45MB, paused 422us total 30.293ms
08-05 11:25:08.684 13125 13137 I art     : Starting a blocking GC Explicit
08-05 11:25:08.718 13125 13137 I art     : Explicit concurrent mark sweep GC freed 3(96B) AllocSpace objects, 0(0B) LOS objects, 35% free, 29MB/45MB, paused 432us total 34.169ms
08-05 11:25:08.738 13125 13125 I chromium: [INFO:CONSOLE(1)] "
08-05 11:25:08.738 13125 13125 I chromium:                   ,d"=,.,qOp,
08-05 11:25:08.738 13125 13125 I chromium:                  ,7'  ''$(  )
08-05 11:25:08.738 13125 13125 I chromium:                 ,7'      '?q$7'
08-05 11:25:08.738 13125 13125 I chromium:              ..,$$,.
08-05 11:25:08.738 13125 13125 I chromium:    ,.  .,,--***""***--,,.  .,
08-05 11:25:08.738 13125 13125 I chromium:     ,p''              ''q,   
08-05 11:25:08.738 13125 13125 I chromium: :  ,7'                      '7,  :
08-05 11:25:08.738 13125 13125 I chromium:  ' $      ,db,      ,db,      $ '
08-05 11:25:08.738 13125 13125 I chromium:   '$      $$      $$      $'    Using Reddit at work? Work for Reddit.
08-05 11:25:08.738 13125 13125 I chromium:   '$                          $'        https://www.reddit.com/jobs
08-05 11:25:08.738 13125 13125 I chromium:    '$.     .,        ,.     .$'
08-05 11:25:08.738 13125 13125 I chromium:     'b,     ''     ,d'
08-05 11:25:08.738 13125 13125 I chromium:      '?bn,,          ,,nd?'
08-05 11:25:08.738 13125 13125 I chromium:        ,7$ '''' $7,
08-05 11:25:08.738 13125 13125 I chromium:      , $              $ ,
08-05 11:25:08.738 13125 13125 I chromium:      $  :$              $:  $
08-05 11:25:08.738 13125 13125 I chromium:      $   $              $   $
08-05 11:25:08.738 13125 13125 I chromium:      'b  q:            :p  d'
08-05 11:25:08.738 13125 13125 I chromium:       '?$.          .$?'
08-05 11:25:08.738 13125 13125 I chromium:          'b            d'
08-05 11:25:08.738 13125 13125 I chromium:        ,'?,.      .,?',
08-05 11:25:08.738 13125 13125 I chromium:       ==--==--==--==
08-05 11:25:08.738 13125 13125 I chromium: ", source: https://www.redditstatic.com/desktop2x/Chat~Governance~Reddit.2ea93b134a9b2e5b1d9a.js (1)
08-05 11:25:09.071 13125 14565 I art     : Starting a blocking GC Explicit
08-05 11:25:09.107 13125 14565 I art     : Explicit concurrent mark sweep GC freed 1538(117KB) AllocSpace objects, 1(20KB) LOS objects, 35% free, 29MB/45MB, paused 397us total 35.947ms
08-05 11:25:09.120 13125 14565 I art     : Starting a blocking GC Explicit
08-05 11:25:09.157 13125 14565 I art     : Explicit concurrent mark sweep GC freed 87(2976B) AllocSpace objects, 0(0B) LOS objects, 35% free, 29MB/45MB, paused 401us total 36.319ms
08-05 11:25:09.172 13125 14565 I art     : Starting a blocking GC Explicit
08-05 11:25:09.208 13125 14565 I art     : Explicit concurrent mark sweep GC freed 3(96B) AllocSpace objects, 0(0B) LOS objects, 35% free, 29MB/45MB, paused 419us total 35.561ms
08-05 11:25:09.221 13125 14565 I art     : Starting a blocking GC Explicit
08-05 11:25:09.257 13125 14565 I art     : Explicit concurrent mark sweep GC freed 3(96B) AllocSpace objects, 0(0B) LOS objects, 35% free, 29MB/45MB, paused 483us total 35.525ms
08-05 11:25:09.271 13125 14565 I art     : Starting a blocking GC Explicit
08-05 11:25:09.307 13125 14565 I art     : Explicit concurrent mark sweep GC freed 3(96B) AllocSpace objects, 0(0B) LOS objects, 35% free, 29MB/45MB, paused 446us total 36.111ms
08-05 11:25:09.639 13125 13356 I art     : Starting a blocking GC Explicit
08-05 11:25:09.673 13125 13356 I art     : Explicit concurrent mark sweep GC freed 1566(94KB) AllocSpace objects, 1(20KB) LOS objects, 35% free, 29MB/45MB, paused 361us total 33.726ms
08-05 11:25:09.687 13125 13356 I art     : Starting a blocking GC Explicit
08-05 11:25:09.723 13125 13356 I art     : Explicit concurrent mark sweep GC freed 20(704B) AllocSpace objects, 0(0B) LOS objects, 35% free, 29MB/45MB, paused 357us total 35.580ms
08-05 11:25:09.737 13125 13356 I art     : Starting a blocking GC Explicit
08-05 11:25:09.778 13125 13356 I art     : Explicit concurrent mark sweep GC freed 3(96B) AllocSpace objects, 0(0B) LOS objects, 35% free, 29MB/45MB, paused 396us total 40.587ms
08-05 11:25:09.792 13125 13356 I art     : Starting a blocking GC Explicit
08-05 11:25:09.827 13125 13356 I art     : Explicit concurrent mark sweep GC freed 3(96B) AllocSpace objects, 0(0B) LOS objects, 35% free, 29MB/45MB, paused 392us total 35.326ms
08-05 11:25:09.845 13125 13356 I art     : Starting a blocking GC Explicit
08-05 11:25:09.881 13125 13356 I art     : Explicit concurrent mark sweep GC freed 3(96B) AllocSpace objects, 0(0B) LOS objects, 35% free, 29MB/45MB, paused 424us total 36.012ms
08-05 11:25:10.240 13125 14565 I art     : Starting a blocking GC Explicit
08-05 11:25:10.282 13125 14565 I art     : Explicit concurrent mark sweep GC freed 1370(85KB) AllocSpace objects, 1(20KB) LOS objects, 35% free, 29MB/45MB, paused 397us total 41.622ms
08-05 11:25:10.296 13125 14565 I art     : Starting a blocking GC Explicit
08-05 11:25:10.332 13125 14565 I art     : Explicit concurrent mark sweep GC freed 20(704B) AllocSpace objects, 0(0B) LOS objects, 35% free, 29MB/45MB, paused 343us total 36.179ms
08-05 11:25:10.351 13125 14565 I art     : Starting a blocking GC Explicit
08-05 11:25:10.388 13125 14565 I art     : Explicit concurrent mark sweep GC freed 3(96B) AllocSpace objects, 0(0B) LOS objects, 35% free, 29MB/45MB, paused 381us total 36.804ms
08-05 11:25:10.402 13125 14565 I art     : Starting a blocking GC Explicit
08-05 11:25:10.443 13125 14565 I art     : Explicit concurrent mark sweep GC freed 3(96B) AllocSpace objects, 0(0B) LOS objects, 35% free, 29MB/45MB, paused 447us total 41.313ms
08-05 11:25:10.460 13125 14565 I art     : Starting a blocking GC Explicit
08-05 11:25:10.495 13125 14565 I art     : Explicit concurrent mark sweep GC freed 49(2656B) AllocSpace objects, 0(0B) LOS objects, 35% free, 29MB/45MB, paused 373us total 35.434ms
08-05 11:25:10.844 13125 14565 I art     : Starting a blocking GC Explicit
08-05 11:25:10.881 13125 14565 I art     : Explicit concurrent mark sweep GC freed 1355(82KB) AllocSpace objects, 1(20KB) LOS objects, 35% free, 29MB/45MB, paused 375us total 36.456ms
08-05 11:25:10.895 13125 14565 I art     : Starting a blocking GC Explicit
08-05 11:25:10.930 13125 14565 I art     : Explicit concurrent mark sweep GC freed 20(704B) AllocSpace objects, 0(0B) LOS objects, 35% free, 29MB/45MB, paused 344us total 35.082ms
08-05 11:25:10.948 13125 14565 I art     : Starting a blocking GC Explicit
08-05 11:25:10.985 13125 14565 I art     : Explicit concurrent mark sweep GC freed 3(96B) AllocSpace objects, 0(0B) LOS objects, 35% free, 29MB/45MB, paused 392us total 36.904ms
08-05 11:25:10.999 13125 14565 I art     : Starting a blocking GC Explicit
08-05 11:25:11.037 13125 14565 I art     : Explicit concurrent mark sweep GC freed 3(96B) AllocSpace objects, 0(0B) LOS objects, 35% free, 29MB/45MB, paused 435us total 37.268ms
08-05 11:25:11.056 13125 14565 I art     : Starting a blocking GC Explicit
08-05 11:25:11.093 13125 14565 I art     : Explicit concurrent mark sweep GC freed 3(96B) AllocSpace objects, 0(0B) LOS objects, 35% free, 29MB/45MB, paused 388us total 36.565ms
08-05 11:25:11.420 13125 15174 I RedditChangeDataIO: Writing tmp data file at '/data/user/0/baseline.org.quantumbadger.redreader/files/rr_change_data_tmp.dat'
08-05 11:25:11.421 13125 15174 I RedditChangeDataManager: Taking snapshot...
08-05 11:25:11.421 13125 15174 I RedditChangeDataManager: Writing to stream...
08-05 11:25:11.421 13125 15174 I RedditChangeDataManager: Wrote 4 entries for user ''
08-05 11:25:11.421 13125 15174 I RedditChangeDataManager: All entries written to stream.
08-05 11:25:11.421 13125 15174 I RedditChangeDataIO: Write successful. Atomically replacing data file...
08-05 11:25:11.421 13125 15174 I RedditChangeDataIO: Write complete.
08-05 11:25:11.421 13125 15174 I RedditChangeDataIO: 110 bytes written in 1 ms
08-05 11:25:11.461 13125 13151 I art     : Starting a blocking GC Explicit
08-05 11:25:11.499 13125 13151 I art     : Explicit concurrent mark sweep GC freed 1436(87KB) AllocSpace objects, 2(88KB) LOS objects, 35% free, 29MB/45MB, paused 401us total 38.153ms
08-05 11:25:11.514 13125 13151 I art     : Starting a blocking GC Explicit
08-05 11:25:11.559 13125 13151 I art     : Explicit concurrent mark sweep GC freed 23(800B) AllocSpace objects, 0(0B) LOS objects, 35% free, 29MB/45MB, paused 365us total 44.537ms
08-05 11:25:11.573 13125 13151 I art     : Starting a blocking GC Explicit
08-05 11:25:11.610 13125 13151 I art     : Explicit concurrent mark sweep GC freed 3(96B) AllocSpace objects, 0(0B) LOS objects, 35% free, 29MB/45MB, paused 408us total 37.558ms
08-05 11:25:11.625 13125 13151 I art     : Starting a blocking GC Explicit
08-05 11:25:11.661 13125 13151 I art     : Explicit concurrent mark sweep GC freed 3(96B) AllocSpace objects, 0(0B) LOS objects, 35% free, 29MB/45MB, paused 334us total 35.371ms
08-05 11:25:11.675 13125 13151 I art     : Starting a blocking GC Explicit
08-05 11:25:11.711 13125 13151 I art     : Explicit concurrent mark sweep GC freed 3(96B) AllocSpace objects, 0(0B) LOS objects, 35% free, 29MB/45MB, paused 429us total 35.738ms
08-05 11:25:12.064 13125 13136 I art     : Starting a blocking GC Explicit
08-05 11:25:12.102 13125 13136 I art     : Explicit concurrent mark sweep GC freed 1355(82KB) AllocSpace objects, 1(20KB) LOS objects, 35% free, 29MB/45MB, paused 401us total 37.586ms
08-05 11:25:12.116 13125 13136 I art     : Starting a blocking GC Explicit
08-05 11:25:12.160 13125 13136 I art     : Explicit concurrent mark sweep GC freed 22(784B) AllocSpace objects, 0(0B) LOS objects, 35% free, 29MB/45MB, paused 354us total 43.347ms
08-05 11:25:12.174 13125 13136 I art     : Starting a blocking GC Explicit
08-05 11:25:12.211 13125 13136 I art     : Explicit concurrent mark sweep GC freed 3(96B) AllocSpace objects, 0(0B) LOS objects, 35% free, 29MB/45MB, paused 351us total 36.502ms
08-05 11:25:12.225 13125 13136 I art     : Starting a blocking GC Explicit
08-05 11:25:12.268 13125 13136 I art     : Explicit concurrent mark sweep GC freed 3(96B) AllocSpace objects, 0(0B) LOS objects, 35% free, 29MB/45MB, paused 387us total 43.104ms
08-05 11:25:12.283 13125 13136 I art     : Starting a blocking GC Explicit
08-05 11:25:12.320 13125 13136 I art     : Explicit concurrent mark sweep GC freed 3(96B) AllocSpace objects, 0(0B) LOS objects, 35% free, 29MB/45MB, paused 390us total 37.059ms
08-05 11:25:12.691 13125 13136 I art     : Starting a blocking GC Explicit
08-05 11:25:12.731 13125 13136 I art     : Explicit concurrent mark sweep GC freed 1355(82KB) AllocSpace objects, 1(20KB) LOS objects, 35% free, 29MB/45MB, paused 342us total 40.082ms
08-05 11:25:12.747 13125 13136 I art     : Starting a blocking GC Explicit
08-05 11:25:12.782 13125 13136 I art     : Explicit concurrent mark sweep GC freed 20(704B) AllocSpace objects, 0(0B) LOS objects, 35% free, 29MB/45MB, paused 339us total 35.418ms
08-05 11:25:12.796 13125 13136 I art     : Starting a blocking GC Explicit
08-05 11:25:12.832 13125 13136 I art     : Explicit concurrent mark sweep GC freed 3(96B) AllocSpace objects, 0(0B) LOS objects, 35% free, 29MB/45MB, paused 343us total 35.833ms
08-05 11:25:12.852 13125 13136 I art     : Starting a blocking GC Explicit
08-05 11:25:12.888 13125 13136 I art     : Explicit concurrent mark sweep GC freed 3(96B) AllocSpace objects, 0(0B) LOS objects, 35% free, 29MB/45MB, paused 353us total 35.915ms
08-05 11:25:12.902 13125 13136 I art     : Starting a blocking GC Explicit
08-05 11:25:12.940 13125 13136 I art     : Explicit concurrent mark sweep GC freed 3(96B) AllocSpace objects, 0(0B) LOS objects, 35% free, 29MB/45MB, paused 416us total 37.231ms
08-05 11:25:13.308 13125 14565 I art     : Starting a blocking GC Explicit
08-05 11:25:13.351 13125 14565 I art     : Explicit concurrent mark sweep GC freed 1355(82KB) AllocSpace objects, 1(20KB) LOS objects, 35% free, 29MB/45MB, paused 432us total 42.510ms
08-05 11:25:13.368 13125 14565 I art     : Starting a blocking GC Explicit
08-05 11:25:13.403 13125 14565 I art     : Explicit concurrent mark sweep GC freed 20(704B) AllocSpace objects, 0(0B) LOS objects, 35% free, 29MB/45MB, paused 373us total 34.526ms
08-05 11:25:13.417 13125 14565 I art     : Starting a blocking GC Explicit
08-05 11:25:13.460 13125 14565 I art     : Explicit concurrent mark sweep GC freed 3(96B) AllocSpace objects, 0(0B) LOS objects, 35% free, 29MB/45MB, paused 351us total 42.806ms
08-05 11:25:13.474 13125 14565 I art     : Starting a blocking GC Explicit
08-05 11:25:13.511 13125 14565 I art     : Explicit concurrent mark sweep GC freed 3(96B) AllocSpace objects, 0(0B) LOS objects, 35% free, 29MB/45MB, paused 363us total 36.456ms
08-05 11:25:13.525 13125 14565 I art     : Starting a blocking GC Explicit
08-05 11:25:13.563 13125 14565 I art     : Explicit concurrent mark sweep GC freed 3(96B) AllocSpace objects, 0(0B) LOS objects, 35% free, 29MB/45MB, paused 371us total 37.265ms
08-05 11:25:13.896 13125 13137 I art     : Starting a blocking GC Explicit
08-05 11:25:13.934 13125 13137 I art     : Explicit concurrent mark sweep GC freed 1355(82KB) AllocSpace objects, 1(20KB) LOS objects, 35% free, 29MB/45MB, paused 349us total 37.991ms
08-05 11:25:13.954 13125 13137 I art     : Starting a blocking GC Explicit
08-05 11:25:13.991 13125 13137 I art     : Explicit concurrent mark sweep GC freed 20(704B) AllocSpace objects, 0(0B) LOS objects, 35% free, 29MB/45MB, paused 351us total 36.213ms
08-05 11:25:14.005 13125 13137 I art     : Starting a blocking GC Explicit
08-05 11:25:14.043 13125 13137 I art     : Explicit concurrent mark sweep GC freed 3(96B) AllocSpace objects, 0(0B) LOS objects, 35% free, 29MB/45MB, paused 494us total 38.157ms
08-05 11:25:14.060 13125 13137 I art     : Starting a blocking GC Explicit
08-05 11:25:14.097 13125 13137 I art     : Explicit concurrent mark sweep GC freed 3(96B) AllocSpace objects, 0(0B) LOS objects, 35% free, 29MB/45MB, paused 451us total 36.799ms
08-05 11:25:14.111 13125 13137 I art     : Starting a blocking GC Explicit
08-05 11:25:14.154 13125 13137 I art     : Explicit concurrent mark sweep GC freed 3(96B) AllocSpace objects, 0(0B) LOS objects, 35% free, 29MB/45MB, paused 493us total 42.968ms
08-05 11:25:14.513 13125 13137 I art     : Starting a blocking GC Explicit
08-05 11:25:14.559 13125 13137 I art     : Explicit concurrent mark sweep GC freed 1355(82KB) AllocSpace objects, 1(20KB) LOS objects, 35% free, 29MB/45MB, paused 386us total 45.219ms
08-05 11:25:14.573 13125 13137 I art     : Starting a blocking GC Explicit
08-05 11:25:14.609 13125 13137 I art     : Explicit concurrent mark sweep GC freed 20(704B) AllocSpace objects, 0(0B) LOS objects, 35% free, 29MB/45MB, paused 350us total 36.120ms
08-05 11:25:14.623 13125 13137 I art     : Starting a blocking GC Explicit
08-05 11:25:14.661 13125 13137 I art     : Explicit concurrent mark sweep GC freed 3(96B) AllocSpace objects, 0(0B) LOS objects, 35% free, 29MB/45MB, paused 358us total 37.282ms
08-05 11:25:14.674 13125 13137 I art     : Starting a blocking GC Explicit
08-05 11:25:14.708 13125 13137 I art     : Explicit concurrent mark sweep GC freed 3(96B) AllocSpace objects, 0(0B) LOS objects, 35% free, 29MB/45MB, paused 422us total 33.844ms
08-05 11:25:14.722 13125 13137 I art     : Starting a blocking GC Explicit
08-05 11:25:14.763 13125 13137 I art     : Explicit concurrent mark sweep GC freed 3(96B) AllocSpace objects, 0(0B) LOS objects, 35% free, 29MB/45MB, paused 363us total 40.682ms
08-05 11:25:15.076 15392 15392 D AndroidRuntime: >>>>>> START com.android.internal.os.RuntimeInit uid 2000 <<<<<<
08-05 11:25:15.081 15392 15392 D AndroidRuntime: CheckJNI is OFF
08-05 11:25:15.103 13125 13136 I art     : Starting a blocking GC Explicit
08-05 11:25:15.115 15392 15392 D ICU     : No timezone override file found: /data/misc/zoneinfo/current/icu/icu_tzdata.dat
08-05 11:25:15.140 21839 21877 I PlayCommon: [5994] aqxs.c(23): Preparing logs for uploading
08-05 11:25:15.142 13125 13136 I art     : Explicit concurrent mark sweep GC freed 1355(82KB) AllocSpace objects, 1(20KB) LOS objects, 35% free, 29MB/45MB, paused 463us total 38.930ms
08-05 11:25:15.143 21839 21877 W PlayCommon: [5994] aqxs.a(1): No account for auth token provided
08-05 11:25:15.144 21839 21877 I PlayCommon: [5994] aqxs.c(176): Connecting to server: https://play.googleapis.com/play/log?format=raw&proto_v2=true
08-05 11:25:15.153 15392 15392 I Radio-JNI: register_android_hardware_Radio DONE
08-05 11:25:15.158 13125 13136 I art     : Starting a blocking GC Explicit
08-05 11:25:15.174 15392 15392 D AndroidRuntime: Calling main entry com.android.commands.input.Input
08-05 11:25:15.176 15392 15392 I Input   : injectKeyEvent: KeyEvent { action=ACTION_DOWN, keyCode=KEYCODE_BACK, scanCode=0, metaState=0, flags=0x0, repeatCount=0, eventTime=789931588, downTime=789931588, deviceId=-1, source=0x101 }
08-05 11:25:15.183 15392 15392 I Input   : injectKeyEvent: KeyEvent { action=ACTION_UP, keyCode=KEYCODE_BACK, scanCode=0, metaState=0, flags=0x0, repeatCount=0, eventTime=789931588, downTime=789931588, deviceId=-1, source=0x101 }
08-05 11:25:15.189 15392 15392 D AndroidRuntime: Shutting down VM
08-05 11:25:15.192 13125 13136 I art     : Explicit concurrent mark sweep GC freed 43(1840B) AllocSpace objects, 0(0B) LOS objects, 35% free, 29MB/45MB, paused 485us total 33.776ms
08-05 11:25:15.230 13125 13136 I art     : Starting a blocking GC Explicit
08-05 11:25:15.237 13866 13866 I GoogleInputMethodServic: GoogleInputMethodService.onFinishInput():3138 
08-05 11:25:15.238 13866 13866 I GoogleInputMethodServic: GoogleInputMethodService.onStartInput():1808 
08-05 11:25:15.264 13125 13136 I art     : Explicit concurrent mark sweep GC freed 228(9KB) AllocSpace objects, 0(0B) LOS objects, 35% free, 29MB/45MB, paused 435us total 34.104ms
08-05 11:25:15.278 13125 13136 I art     : Starting a blocking GC Explicit
08-05 11:25:15.310 13125 13136 I art     : Explicit concurrent mark sweep GC freed 36(1168B) AllocSpace objects, 0(0B) LOS objects, 35% free, 29MB/45MB, paused 361us total 32.209ms
08-05 11:25:15.323 13125 13136 I art     : Starting a blocking GC Explicit
08-05 11:25:15.345   918  6110 I AccountManagerService: getTypesVisibleToCaller: isPermitted? true
08-05 11:25:15.356 13125 13136 I art     : Explicit concurrent mark sweep GC freed 4(144B) AllocSpace objects, 0(0B) LOS objects, 35% free, 29MB/45MB, paused 343us total 32.710ms
08-05 11:25:15.506 21839 21877 I PlayCommon: [5994] aqxs.c(208): Successfully uploaded logs.
08-05 11:25:15.545   380   380 W SurfaceFlinger: couldn't log to binary event log: overflow.
08-05 11:25:15.586   918  3263 D ConnectivityService: releasing NetworkRequest NetworkRequest [ id=3211, legacyType=-1, [ Capabilities: INTERNET&NOT_RESTRICTED&TRUSTED] ]
08-05 11:25:15.681 13125 14565 I art     : Starting a blocking GC Explicit
08-05 11:25:15.715 13125 14565 I art     : Explicit concurrent mark sweep GC freed 2271(128KB) AllocSpace objects, 1(20KB) LOS objects, 35% free, 29MB/45MB, paused 374us total 33.519ms
08-05 11:25:15.729 13125 14565 I art     : Starting a blocking GC Explicit
08-05 11:25:15.763 13125 14565 I art     : Explicit concurrent mark sweep GC freed 2114(124KB) AllocSpace objects, 1(28KB) LOS objects, 35% free, 29MB/45MB, paused 386us total 34.470ms
08-05 11:25:15.778 13125 14565 I art     : Starting a blocking GC Explicit
08-05 11:25:15.815 13125 14565 I art     : Explicit concurrent mark sweep GC freed 3(96B) AllocSpace objects, 0(0B) LOS objects, 35% free, 29MB/45MB, paused 393us total 36.718ms
08-05 11:25:15.829 13125 14565 I art     : Starting a blocking GC Explicit
08-05 11:25:15.867 13125 14565 I art     : Explicit concurrent mark sweep GC freed 3(96B) AllocSpace objects, 0(0B) LOS objects, 35% free, 29MB/45MB, paused 502us total 37.836ms
08-05 11:25:15.882 13125 14565 I art     : Starting a blocking GC Explicit
08-05 11:25:15.919 13125 14565 I art     : Explicit concurrent mark sweep GC freed 3(96B) AllocSpace objects, 0(0B) LOS objects, 35% free, 29MB/45MB, paused 370us total 37.581ms
08-05 11:25:15.920 13125 13134 I art     : WaitForGcToComplete blocked for 37.933ms for cause HeapTrim
08-05 11:25:16.238 13125 13151 I art     : Starting a blocking GC Explicit
08-05 11:25:16.286 13125 13151 I art     : Explicit concurrent mark sweep GC freed 1393(84KB) AllocSpace objects, 1(20KB) LOS objects, 35% free, 29MB/45MB, paused 446us total 47.686ms
08-05 11:25:16.304 13125 13151 I art     : Starting a blocking GC Explicit
08-05 11:25:16.343 13125 13151 I art     : Explicit concurrent mark sweep GC freed 20(704B) AllocSpace objects, 0(0B) LOS objects, 35% free, 29MB/45MB, paused 388us total 38.516ms
08-05 11:25:16.358 13125 13151 I art     : Starting a blocking GC Explicit
08-05 11:25:16.396 13125 13151 I art     : Explicit concurrent mark sweep GC freed 3(96B) AllocSpace objects, 0(0B) LOS objects, 35% free, 29MB/45MB, paused 396us total 38.294ms
08-05 11:25:16.411 13125 13151 I art     : Starting a blocking GC Explicit
08-05 11:25:16.448 13125 13151 I art     : Explicit concurrent mark sweep GC freed 3(96B) AllocSpace objects, 0(0B) LOS objects, 35% free, 29MB/45MB, paused 464us total 36.685ms
08-05 11:25:16.462 13125 13151 I art     : Starting a blocking GC Explicit
08-05 11:25:16.497 13125 13151 I art     : Explicit concurrent mark sweep GC freed 3(96B) AllocSpace objects, 0(0B) LOS objects, 35% free, 29MB/45MB, paused 402us total 35.194ms
08-05 11:25:16.806 13125 13356 I art     : Starting a blocking GC Explicit
08-05 11:25:16.843 15440 15440 D AndroidRuntime: >>>>>> START com.android.internal.os.RuntimeInit uid 2000 <<<<<<
08-05 11:25:16.847 13125 13356 I art     : Explicit concurrent mark sweep GC freed 1374(83KB) AllocSpace objects, 1(20KB) LOS objects, 35% free, 29MB/45MB, paused 501us total 40.627ms
08-05 11:25:16.848 15440 15440 D AndroidRuntime: CheckJNI is OFF
08-05 11:25:16.862 13125 13356 I art     : Starting a blocking GC Explicit
08-05 11:25:16.884 15440 15440 D ICU     : No timezone override file found: /data/misc/zoneinfo/current/icu/icu_tzdata.dat
08-05 11:25:16.898 13125 13356 I art     : Explicit concurrent mark sweep GC freed 26(928B) AllocSpace objects, 0(0B) LOS objects, 35% free, 29MB/45MB, paused 376us total 35.792ms
08-05 11:25:16.912 13125 13356 I art     : Starting a blocking GC Explicit
08-05 11:25:16.920 15440 15440 I Radio-JNI: register_android_hardware_Radio DONE
08-05 11:25:16.941 15440 15440 D AndroidRuntime: Calling main entry com.android.commands.input.Input
08-05 11:25:16.943 15440 15440 I Input   : injectMotionEvent: MotionEvent { action=ACTION_DOWN, actionButton=0, id[0]=0, x[0]=600.0, y[0]=820.0, toolType[0]=TOOL_TYPE_UNKNOWN, buttonState=0, metaState=0, flags=0x0, edgeFlags=0x0, pointerCount=1, historySize=0, eventTime=789933355, downTime=789933355, deviceId=0, source=0x1002 }
08-05 11:25:16.949 13125 13356 I art     : Explicit concurrent mark sweep GC freed 3(96B) AllocSpace objects, 0(0B) LOS objects, 35% free, 29MB/45MB, paused 544us total 36.325ms
08-05 11:25:16.952 15440 15440 I Input   : injectMotionEvent: MotionEvent { action=ACTION_UP, actionButton=0, id[0]=0, x[0]=600.0, y[0]=820.0, toolType[0]=TOOL_TYPE_UNKNOWN, buttonState=0, metaState=0, flags=0x0, edgeFlags=0x0, pointerCount=1, historySize=0, eventTime=789933355, downTime=789933355, deviceId=0, source=0x1002 }
08-05 11:25:16.954 15440 15440 D AndroidRuntime: Shutting down VM
08-05 11:25:16.962 13125 13356 I art     : Starting a blocking GC Explicit
08-05 11:25:16.967   512  2967 D audio_hw_primary: out_set_parameters: enter: usecase(1: low-latency-playback) kvpairs: routing=2
08-05 11:25:16.970   918  5481 I ActivityManager: START u0 {dat=https://oauth.reddit.com/... cmp=baseline.org.quantumbadger.redreader/.activities.CommentListingActivity} from uid 10689 on display 0
08-05 11:25:16.980   512  2967 D audio_hw_primary: select_devices: out_snd_device(2: speaker) in_snd_device(0: none)
08-05 11:25:16.980   512  2967 D msm8974_platform: platform_send_audio_calibration: sending audio calibration for snd_device(2) acdb_id(15)
08-05 11:25:16.980   512  2967 I soundtrigger: audio_extn_sound_trigger_update_device_status: device 0x2 of type 0 for Event 1
08-05 11:25:16.990   512  2967 D audio_hw_primary: enable_snd_device: snd_device(2: speaker)
08-05 11:25:16.992   512  2967 D audio_hw_primary: enable_audio_route: apply and update mixer path: low-latency-playback speaker
08-05 11:25:16.994 13125 13125 I AppCompatViewInflater: app:theme is now deprecated. Please move to using android:theme instead.
08-05 11:25:17.001 13125 13356 I art     : Explicit concurrent mark sweep GC freed 1151(51KB) AllocSpace objects, 0(0B) LOS objects, 35% free, 29MB/45MB, paused 728us total 38.439ms
08-05 11:25:17.014 13125 15465 D OK      : calling: https://oauth.reddit.com/comments/hi3oht/.json?sort=confidence
08-05 11:25:17.016 13125 13356 I art     : Starting a blocking GC Explicit
08-05 11:25:17.049 13125 13356 I art     : Explicit concurrent mark sweep GC freed 1036(66KB) AllocSpace objects, 0(0B) LOS objects, 35% free, 29MB/45MB, paused 413us total 32.678ms
08-05 11:25:17.084 13866 13866 I GoogleInputMethodServic: GoogleInputMethodService.onFinishInput():3138 
08-05 11:25:17.084   918   936 I ActivityManager: Displayed baseline.org.quantumbadger.redreader/.activities.CommentListingActivity: +105ms
08-05 11:25:17.087 13866 13866 I GoogleInputMethodServic: GoogleInputMethodService.onStartInput():1808 
08-05 11:25:17.321 13125 13151 I art     : Starting a blocking GC Explicit
08-05 11:25:17.330   380   380 W SurfaceFlinger: couldn't log to binary event log: overflow.
08-05 11:25:17.336 13125 15465 I NAPPA_EXPERIMENTATION: MetricNetworkRequestExecutionTime: REQUEST_DURATION_SYSTEM='322',REQUEST_DURATION_OKHTTP='144',REQUEST_SYNCHRONOUS='TRUE',RESPONSE_CODE='200',RESPONSE_METHOD='GET',RESPONSE_LENGTH_OKHTTP='-1',RESPONSE_LENGTH_HEADER='167875',REQUEST_PROTOCOL='h2',REQUEST_URL='https://oauth.reddit.com/comments/hi3oht/.json?sort=confidence',
08-05 11:25:17.337 13125 15465 D OK      : request got status: 200
08-05 11:25:17.351 13125 13690 I CommentListingActivity: COMMENTS session changed to c8f89bfa-cdf5-4ec3-b221-7083ebd0cf74
08-05 11:25:17.363 13125 13151 I art     : Explicit concurrent mark sweep GC freed 4945(309KB) AllocSpace objects, 2(36KB) LOS objects, 34% free, 29MB/45MB, paused 543us total 41.724ms
08-05 11:25:17.376 13125 13151 I art     : Starting a blocking GC Explicit
08-05 11:25:17.412 13125 13151 I art     : Explicit concurrent mark sweep GC freed 790(65KB) AllocSpace objects, 0(0B) LOS objects, 34% free, 30MB/46MB, paused 683us total 35.962ms
08-05 11:25:17.426 13125 13151 I art     : Starting a blocking GC Explicit
08-05 11:25:17.468 13125 13151 I art     : Explicit concurrent mark sweep GC freed 9535(608KB) AllocSpace objects, 1(24KB) LOS objects, 33% free, 31MB/47MB, paused 1.203ms total 41.946ms
08-05 11:25:17.482 13125 13151 I art     : Starting a blocking GC Explicit
08-05 11:25:17.528   512  2967 D audio_hw_primary: disable_audio_route: reset and update mixer path: low-latency-playback speaker
08-05 11:25:17.529   512  2967 D audio_hw_primary: disable_snd_device: snd_device(2: speaker)
08-05 11:25:17.530 13125 13151 I art     : Explicit concurrent mark sweep GC freed 13461(810KB) AllocSpace objects, 1(24KB) LOS objects, 33% free, 32MB/48MB, paused 1.449ms total 47.410ms
08-05 11:25:17.537   512  2967 I soundtrigger: audio_extn_sound_trigger_update_device_status: device 0x2 of type 0 for Event 0
08-05 11:25:17.544 13125 13151 I art     : Starting a blocking GC Explicit
08-05 11:25:17.597 13125 13151 I art     : Explicit concurrent mark sweep GC freed 9952(658KB) AllocSpace objects, 1(20KB) LOS objects, 32% free, 32MB/48MB, paused 835us total 52.868ms
08-05 11:25:17.885 13125 13137 I art     : Starting a blocking GC Explicit
08-05 11:25:17.944 13125 13137 I art     : Explicit concurrent mark sweep GC freed 62617(3MB) AllocSpace objects, 6(204KB) LOS objects, 32% free, 33MB/49MB, paused 444us total 58.596ms
08-05 11:25:17.961 13125 13137 I art     : Starting a blocking GC Explicit
08-05 11:25:18.010 13125 13137 I art     : Explicit concurrent mark sweep GC freed 37(1456B) AllocSpace objects, 0(0B) LOS objects, 32% free, 33MB/49MB, paused 415us total 49.648ms
08-05 11:25:18.027 13125 13137 I art     : Starting a blocking GC Explicit
08-05 11:25:18.078 13125 13137 I art     : Explicit concurrent mark sweep GC freed 3(96B) AllocSpace objects, 0(0B) LOS objects, 32% free, 33MB/49MB, paused 419us total 50.599ms
08-05 11:25:18.094 13125 13137 I art     : Starting a blocking GC Explicit
08-05 11:25:18.145 13125 13137 I art     : Explicit concurrent mark sweep GC freed 3(96B) AllocSpace objects, 0(0B) LOS objects, 32% free, 33MB/49MB, paused 431us total 50.761ms
08-05 11:25:18.163 13125 13137 I art     : Starting a blocking GC Explicit
08-05 11:25:18.217 13125 13137 I art     : Explicit concurrent mark sweep GC freed 3(96B) AllocSpace objects, 0(0B) LOS objects, 32% free, 33MB/49MB, paused 459us total 54.436ms
08-05 11:25:18.546 13125 13137 I art     : Starting a blocking GC Explicit
08-05 11:25:18.617 13125 13137 I art     : Explicit concurrent mark sweep GC freed 1355(82KB) AllocSpace objects, 1(20KB) LOS objects, 32% free, 33MB/49MB, paused 427us total 71.163ms
08-05 11:25:18.638 13125 13137 I art     : Starting a blocking GC Explicit
08-05 11:25:18.696 13125 13137 I art     : Explicit concurrent mark sweep GC freed 66(2528B) AllocSpace objects, 0(0B) LOS objects, 32% free, 33MB/49MB, paused 437us total 57.276ms
08-05 11:25:18.714 13125 13137 I art     : Starting a blocking GC Explicit
08-05 11:25:18.769 13125 13137 I art     : Explicit concurrent mark sweep GC freed 3(96B) AllocSpace objects, 0(0B) LOS objects, 32% free, 33MB/49MB, paused 403us total 55.274ms
08-05 11:25:18.787 13125 13137 I art     : Starting a blocking GC Explicit
08-05 11:25:18.842 13125 13137 I art     : Explicit concurrent mark sweep GC freed 3(96B) AllocSpace objects, 0(0B) LOS objects, 32% free, 33MB/49MB, paused 446us total 55.054ms
08-05 11:25:18.859 13125 13137 I art     : Starting a blocking GC Explicit
08-05 11:25:18.914 13125 13137 I art     : Explicit concurrent mark sweep GC freed 3(96B) AllocSpace objects, 0(0B) LOS objects, 32% free, 33MB/49MB, paused 435us total 54.524ms
08-05 11:25:19.257 13125 13151 I art     : Starting a blocking GC Explicit
08-05 11:25:19.328 13125 13151 I art     : Explicit concurrent mark sweep GC freed 1355(82KB) AllocSpace objects, 1(20KB) LOS objects, 32% free, 33MB/49MB, paused 476us total 70.685ms
08-05 11:25:19.349 13125 13151 I art     : Starting a blocking GC Explicit
08-05 11:25:19.405 13125 13151 I art     : Explicit concurrent mark sweep GC freed 20(704B) AllocSpace objects, 0(0B) LOS objects, 32% free, 33MB/49MB, paused 441us total 55.737ms
08-05 11:25:19.422 13125 13151 I art     : Starting a blocking GC Explicit
08-05 11:25:19.478 13125 13151 I art     : Explicit concurrent mark sweep GC freed 3(96B) AllocSpace objects, 0(0B) LOS objects, 32% free, 33MB/49MB, paused 400us total 55.953ms
08-05 11:25:19.495 13125 13151 I art     : Starting a blocking GC Explicit
08-05 11:25:19.547 13125 13151 I art     : Explicit concurrent mark sweep GC freed 3(96B) AllocSpace objects, 0(0B) LOS objects, 32% free, 33MB/49MB, paused 509us total 51.627ms
08-05 11:25:19.564 13125 13151 I art     : Starting a blocking GC Explicit
08-05 11:25:19.619 13125 13151 I art     : Explicit concurrent mark sweep GC freed 3(96B) AllocSpace objects, 0(0B) LOS objects, 32% free, 33MB/49MB, paused 433us total 54.285ms
08-05 11:25:19.949 13125 14565 I art     : Starting a blocking GC Explicit
08-05 11:25:20.019 13125 14565 I art     : Explicit concurrent mark sweep GC freed 1355(82KB) AllocSpace objects, 1(20KB) LOS objects, 32% free, 33MB/49MB, paused 509us total 70.107ms
08-05 11:25:20.041 13125 14565 I art     : Starting a blocking GC Explicit
08-05 11:25:20.098 13125 14565 I art     : Explicit concurrent mark sweep GC freed 20(704B) AllocSpace objects, 0(0B) LOS objects, 32% free, 33MB/49MB, paused 441us total 57.068ms
08-05 11:25:20.116 13125 14565 I art     : Starting a blocking GC Explicit
08-05 11:25:20.172 13125 14565 I art     : Explicit concurrent mark sweep GC freed 3(96B) AllocSpace objects, 0(0B) LOS objects, 32% free, 33MB/49MB, paused 442us total 55.539ms
08-05 11:25:20.190 13125 14565 I art     : Starting a blocking GC Explicit
08-05 11:25:20.244 13125 14565 I art     : Explicit concurrent mark sweep GC freed 3(96B) AllocSpace objects, 0(0B) LOS objects, 32% free, 33MB/49MB, paused 436us total 54.271ms
08-05 11:25:20.262 13125 14565 I art     : Starting a blocking GC Explicit
08-05 11:25:20.318 13125 14565 I art     : Explicit concurrent mark sweep GC freed 3(96B) AllocSpace objects, 0(0B) LOS objects, 32% free, 33MB/49MB, paused 408us total 55.741ms
08-05 11:25:20.406   918  1210 D NetlinkSocketObserver: NeighborEvent{elapsedMs=1773324281, 192.168.2.254, [7C3953A63323], RTM_NEWNEIGH, NUD_REACHABLE}
08-05 11:25:20.664 13125 13136 I art     : Starting a blocking GC Explicit
08-05 11:25:20.739 13125 13136 I art     : Explicit concurrent mark sweep GC freed 1356(83KB) AllocSpace objects, 1(20KB) LOS objects, 32% free, 33MB/49MB, paused 580us total 73.768ms
08-05 11:25:20.756 13125 13136 I art     : Starting a blocking GC Explicit
08-05 11:25:20.808 13125 13136 I art     : Explicit concurrent mark sweep GC freed 20(704B) AllocSpace objects, 0(0B) LOS objects, 32% free, 33MB/49MB, paused 452us total 50.940ms
08-05 11:25:20.824 13125 13136 I art     : Starting a blocking GC Explicit
08-05 11:25:20.878 13125 13136 I art     : Explicit concurrent mark sweep GC freed 3(96B) AllocSpace objects, 0(0B) LOS objects, 32% free, 33MB/49MB, paused 462us total 53.192ms
08-05 11:25:20.894 13125 13136 I art     : Starting a blocking GC Explicit
08-05 11:25:20.951 13125 13136 I art     : Explicit concurrent mark sweep GC freed 3(96B) AllocSpace objects, 0(0B) LOS objects, 32% free, 33MB/49MB, paused 438us total 56.225ms
08-05 11:25:20.968 13125 13136 I art     : Starting a blocking GC Explicit
08-05 11:25:21.024 13125 13136 I art     : Explicit concurrent mark sweep GC freed 3(96B) AllocSpace objects, 0(0B) LOS objects, 32% free, 33MB/49MB, paused 450us total 55.286ms
08-05 11:25:21.345 13125 13356 I art     : Starting a blocking GC Explicit
08-05 11:25:21.402 13125 13356 I art     : Explicit concurrent mark sweep GC freed 1355(82KB) AllocSpace objects, 1(20KB) LOS objects, 32% free, 33MB/49MB, paused 450us total 56.873ms
08-05 11:25:21.419 13125 13356 I art     : Starting a blocking GC Explicit
08-05 11:25:21.472 13125 13356 I art     : Explicit concurrent mark sweep GC freed 20(704B) AllocSpace objects, 0(0B) LOS objects, 32% free, 33MB/49MB, paused 437us total 52.595ms
08-05 11:25:21.489 13125 13356 I art     : Starting a blocking GC Explicit
08-05 11:25:21.543 13125 13356 I art     : Explicit concurrent mark sweep GC freed 3(96B) AllocSpace objects, 0(0B) LOS objects, 32% free, 33MB/49MB, paused 429us total 53.202ms
08-05 11:25:21.560 13125 13356 I art     : Starting a blocking GC Explicit
08-05 11:25:21.613 13125 13356 I art     : Explicit concurrent mark sweep GC freed 3(96B) AllocSpace objects, 0(0B) LOS objects, 32% free, 33MB/49MB, paused 425us total 52.880ms
08-05 11:25:21.630 13125 13356 I art     : Starting a blocking GC Explicit
08-05 11:25:21.637 15532 15532 D AndroidRuntime: >>>>>> START com.android.internal.os.RuntimeInit uid 2000 <<<<<<
08-05 11:25:21.642 15532 15532 D AndroidRuntime: CheckJNI is OFF
08-05 11:25:21.676 15532 15532 D ICU     : No timezone override file found: /data/misc/zoneinfo/current/icu/icu_tzdata.dat
08-05 11:25:21.677   518   646 I ThermalEngine: ACTION: GPU - Setting GPU[0] to 600000000
08-05 11:25:21.683 13125 13356 I art     : Explicit concurrent mark sweep GC freed 3(96B) AllocSpace objects, 0(0B) LOS objects, 32% free, 33MB/49MB, paused 411us total 53.627ms
08-05 11:25:21.710 15532 15532 I Radio-JNI: register_android_hardware_Radio DONE
08-05 11:25:21.729 15532 15532 D AndroidRuntime: Calling main entry com.android.commands.input.Input
08-05 11:25:21.730 15532 15532 I Input   : injectKeyEvent: KeyEvent { action=ACTION_DOWN, keyCode=KEYCODE_BACK, scanCode=0, metaState=0, flags=0x0, repeatCount=0, eventTime=789938143, downTime=789938143, deviceId=-1, source=0x101 }
08-05 11:25:21.737 15532 15532 I Input   : injectKeyEvent: KeyEvent { action=ACTION_UP, keyCode=KEYCODE_BACK, scanCode=0, metaState=0, flags=0x0, repeatCount=0, eventTime=789938143, downTime=789938143, deviceId=-1, source=0x101 }
08-05 11:25:21.742 15532 15532 D AndroidRuntime: Shutting down VM
08-05 11:25:21.780 13866 13866 I GoogleInputMethodServic: GoogleInputMethodService.onFinishInput():3138 
08-05 11:25:21.781 13866 13866 I GoogleInputMethodServic: GoogleInputMethodService.onStartInput():1808 
08-05 11:25:21.949 13125 13151 I art     : Starting a blocking GC Explicit
08-05 11:25:21.980 13125 15464 I RedditChangeDataIO: Writing tmp data file at '/data/user/0/baseline.org.quantumbadger.redreader/files/rr_change_data_tmp.dat'
08-05 11:25:21.980 13125 15464 I RedditChangeDataManager: Taking snapshot...
08-05 11:25:21.980 13125 15464 I RedditChangeDataManager: Writing to stream...
08-05 11:25:21.980 13125 15464 I RedditChangeDataManager: Wrote 5 entries for user ''
08-05 11:25:21.980 13125 15464 I RedditChangeDataManager: All entries written to stream.
08-05 11:25:21.980 13125 15464 I RedditChangeDataIO: Write successful. Atomically replacing data file...
08-05 11:25:21.981 13125 15464 I RedditChangeDataIO: Write complete.
08-05 11:25:21.981 13125 15464 I RedditChangeDataIO: 134 bytes written in 2 ms
08-05 11:25:22.013 13125 13151 I art     : Explicit concurrent mark sweep GC freed 1736(98KB) AllocSpace objects, 2(88KB) LOS objects, 32% free, 33MB/49MB, paused 442us total 63.425ms
08-05 11:25:22.029 13125 13151 I art     : Starting a blocking GC Explicit
08-05 11:25:22.083 13125 13151 I art     : Explicit concurrent mark sweep GC freed 40(1616B) AllocSpace objects, 0(0B) LOS objects, 32% free, 33MB/49MB, paused 337us total 53.961ms
08-05 11:25:22.086   380   380 W SurfaceFlinger: couldn't log to binary event log: overflow.
08-05 11:25:22.101 13125 13151 I art     : Starting a blocking GC Explicit
08-05 11:25:22.141 13125 13151 I art     : Explicit concurrent mark sweep GC freed 65(2384B) AllocSpace objects, 0(0B) LOS objects, 32% free, 33MB/49MB, paused 335us total 39.434ms
08-05 11:25:22.153 13125 13151 I art     : Starting a blocking GC Explicit
08-05 11:25:22.186 13125 13151 I art     : Explicit concurrent mark sweep GC freed 76491(4MB) AllocSpace objects, 5(140KB) LOS objects, 35% free, 29MB/45MB, paused 314us total 32.744ms
08-05 11:25:22.198 13125 13151 I art     : Starting a blocking GC Explicit
08-05 11:25:22.229 13125 13151 I art     : Explicit concurrent mark sweep GC freed 3(96B) AllocSpace objects, 0(0B) LOS objects, 35% free, 29MB/45MB, paused 342us total 30.453ms
08-05 11:25:22.350   918  3359 I ActivityManager: Killing 17208:nappatfpr.com.newsblur/u0a682 (adj 15): empty #17
08-05 11:25:22.522 13125 14565 I art     : Starting a blocking GC Explicit
08-05 11:25:22.566 13125 14565 I art     : Explicit concurrent mark sweep GC freed 1356(82KB) AllocSpace objects, 1(20KB) LOS objects, 35% free, 29MB/45MB, paused 373us total 42.858ms
08-05 11:25:22.579 13125 14565 I art     : Starting a blocking GC Explicit
08-05 11:25:22.612 13125 14565 I art     : Explicit concurrent mark sweep GC freed 20(704B) AllocSpace objects, 0(0B) LOS objects, 35% free, 29MB/45MB, paused 333us total 32.415ms
08-05 11:25:22.623 13125 14565 I art     : Starting a blocking GC Explicit
08-05 11:25:22.655 13125 14565 I art     : Explicit concurrent mark sweep GC freed 3(96B) AllocSpace objects, 0(0B) LOS objects, 35% free, 29MB/45MB, paused 316us total 31.627ms
08-05 11:25:22.666 13125 14565 I art     : Starting a blocking GC Explicit
08-05 11:25:22.698 13125 14565 I art     : Explicit concurrent mark sweep GC freed 3(96B) AllocSpace objects, 0(0B) LOS objects, 35% free, 29MB/45MB, paused 339us total 31.275ms
08-05 11:25:22.709 13125 14565 I art     : Starting a blocking GC Explicit
08-05 11:25:22.741 13125 14565 I art     : Explicit concurrent mark sweep GC freed 3(96B) AllocSpace objects, 0(0B) LOS objects, 35% free, 29MB/45MB, paused 340us total 31.714ms
08-05 11:25:23.043 13125 13136 I art     : Starting a blocking GC Explicit
08-05 11:25:23.074 13125 13136 I art     : Explicit concurrent mark sweep GC freed 1600(119KB) AllocSpace objects, 1(20KB) LOS objects, 35% free, 29MB/45MB, paused 307us total 31.600ms
08-05 11:25:23.085 13125 13136 I art     : Starting a blocking GC Explicit
08-05 11:25:23.116 13125 13136 I art     : Explicit concurrent mark sweep GC freed 85(2880B) AllocSpace objects, 0(0B) LOS objects, 35% free, 29MB/45MB, paused 301us total 30.195ms
08-05 11:25:23.126 13125 13136 I art     : Starting a blocking GC Explicit
08-05 11:25:23.156 13125 13136 I art     : Explicit concurrent mark sweep GC freed 3(96B) AllocSpace objects, 0(0B) LOS objects, 35% free, 29MB/45MB, paused 284us total 29.088ms
08-05 11:25:23.167 13125 13136 I art     : Starting a blocking GC Explicit
08-05 11:25:23.196 13125 13136 I art     : Explicit concurrent mark sweep GC freed 3(96B) AllocSpace objects, 0(0B) LOS objects, 35% free, 29MB/45MB, paused 328us total 29.384ms
08-05 11:25:23.207 13125 13136 I art     : Starting a blocking GC Explicit
08-05 11:25:23.234 13125 13136 I art     : Explicit concurrent mark sweep GC freed 3(96B) AllocSpace objects, 0(0B) LOS objects, 35% free, 29MB/45MB, paused 267us total 26.262ms
08-05 11:25:23.300 15581 15581 D AndroidRuntime: >>>>>> START com.android.internal.os.RuntimeInit uid 2000 <<<<<<
08-05 11:25:23.305 15581 15581 D AndroidRuntime: CheckJNI is OFF
08-05 11:25:23.337 15581 15581 D ICU     : No timezone override file found: /data/misc/zoneinfo/current/icu/icu_tzdata.dat
08-05 11:25:23.363 15581 15581 I Radio-JNI: register_android_hardware_Radio DONE
08-05 11:25:23.380 15581 15581 D AndroidRuntime: Calling main entry com.android.commands.input.Input
08-05 11:25:23.381 15581 15581 I Input   : injectMotionEvent: MotionEvent { action=ACTION_DOWN, actionButton=0, id[0]=0, x[0]=600.0, y[0]=580.0, toolType[0]=TOOL_TYPE_UNKNOWN, buttonState=0, metaState=0, flags=0x0, edgeFlags=0x0, pointerCount=1, historySize=0, eventTime=789939794, downTime=789939794, deviceId=0, source=0x1002 }
08-05 11:25:23.386 15581 15581 I Input   : injectMotionEvent: MotionEvent { action=ACTION_UP, actionButton=0, id[0]=0, x[0]=600.0, y[0]=580.0, toolType[0]=TOOL_TYPE_UNKNOWN, buttonState=0, metaState=0, flags=0x0, edgeFlags=0x0, pointerCount=1, historySize=0, eventTime=789939794, downTime=789939794, deviceId=0, source=0x1002 }
08-05 11:25:23.388 15581 15581 D AndroidRuntime: Shutting down VM
08-05 11:25:23.394   512  2967 D audio_hw_primary: out_set_parameters: enter: usecase(1: low-latency-playback) kvpairs: routing=2
08-05 11:25:23.396   918  3714 I ActivityManager: START u0 {cmp=baseline.org.quantumbadger.redreader/.activities.WebViewActivity (has extras)} from uid 10689 on display 0
08-05 11:25:23.407   512  2967 D audio_hw_primary: select_devices: out_snd_device(2: speaker) in_snd_device(0: none)
08-05 11:25:23.407   512  2967 D msm8974_platform: platform_send_audio_calibration: sending audio calibration for snd_device(2) acdb_id(15)
08-05 11:25:23.407   512  2967 I soundtrigger: audio_extn_sound_trigger_update_device_status: device 0x2 of type 0 for Event 1
08-05 11:25:23.419 13125 13125 I AppCompatViewInflater: app:theme is now deprecated. Please move to using android:theme instead.
08-05 11:25:23.419   512  2967 D audio_hw_primary: enable_snd_device: snd_device(2: speaker)
08-05 11:25:23.421   512  2967 D audio_hw_primary: enable_audio_route: apply and update mixer path: low-latency-playback speaker
08-05 11:25:23.436   918  6110 D ConnectivityService: listenForNetwork for Listen from uid/pid:10689/13125 for NetworkRequest [ id=3212, legacyType=-1, [ Capabilities: INTERNET&NOT_RESTRICTED&TRUSTED] ]
08-05 11:25:23.486 13125 14565 I art     : Starting a blocking GC Explicit
08-05 11:25:23.514 13125 14565 I art     : Explicit concurrent mark sweep GC freed 5875(310KB) AllocSpace objects, 1(20KB) LOS objects, 35% free, 29MB/45MB, paused 325us total 27.515ms
08-05 11:25:23.522   918   936 I ActivityManager: Displayed baseline.org.quantumbadger.redreader/.activities.WebViewActivity: +119ms
08-05 11:25:23.525 13125 14565 I art     : Starting a blocking GC Explicit
08-05 11:25:23.526 13866 13866 I GoogleInputMethodServic: GoogleInputMethodService.onFinishInput():3138 
08-05 11:25:23.527 13866 13866 I GoogleInputMethodServic: GoogleInputMethodService.onStartInput():1808 
08-05 11:25:23.557 13125 14565 I art     : Explicit concurrent mark sweep GC freed 541(29KB) AllocSpace objects, 0(0B) LOS objects, 35% free, 29MB/45MB, paused 369us total 32.152ms
08-05 11:25:23.568 13125 14565 I art     : Starting a blocking GC Explicit
08-05 11:25:23.596 13125 14565 I art     : Explicit concurrent mark sweep GC freed 34(1328B) AllocSpace objects, 0(0B) LOS objects, 35% free, 29MB/45MB, paused 281us total 26.995ms
08-05 11:25:23.607 13125 14565 I art     : Starting a blocking GC Explicit
08-05 11:25:23.616   918  1210 D NetlinkSocketObserver: NeighborEvent{elapsedMs=1773327491, 192.168.2.254, [7C3953A63323], RTM_NEWNEIGH, NUD_STALE}
08-05 11:25:23.638 13125 14565 I art     : Explicit concurrent mark sweep GC freed 3(96B) AllocSpace objects, 0(0B) LOS objects, 35% free, 29MB/45MB, paused 318us total 31.405ms
08-05 11:25:23.650 13125 14565 I art     : Starting a blocking GC Explicit
08-05 11:25:23.686 13125 14565 I art     : Explicit concurrent mark sweep GC freed 6(224B) AllocSpace objects, 0(0B) LOS objects, 35% free, 29MB/45MB, paused 308us total 35.625ms
08-05 11:25:23.773   380   380 W SurfaceFlinger: couldn't log to binary event log: overflow.
08-05 11:25:23.958   512  2967 D audio_hw_primary: disable_audio_route: reset and update mixer path: low-latency-playback speaker
08-05 11:25:23.960   512  2967 D audio_hw_primary: disable_snd_device: snd_device(2: speaker)
08-05 11:25:23.967   512  2967 I soundtrigger: audio_extn_sound_trigger_update_device_status: device 0x2 of type 0 for Event 0
08-05 11:25:24.029 13125 13137 I art     : Starting a blocking GC Explicit
08-05 11:25:24.060 13125 13137 I art     : Explicit concurrent mark sweep GC freed 2287(134KB) AllocSpace objects, 1(20KB) LOS objects, 35% free, 29MB/45MB, paused 425us total 30.357ms
08-05 11:25:24.073 13125 13137 I art     : Starting a blocking GC Explicit
08-05 11:25:24.119 13125 13137 I art     : Explicit concurrent mark sweep GC freed 27(912B) AllocSpace objects, 0(0B) LOS objects, 35% free, 29MB/45MB, paused 510us total 45.928ms
08-05 11:25:24.141 13125 13137 I art     : Starting a blocking GC Explicit
08-05 11:25:24.180 13125 13137 I art     : Explicit concurrent mark sweep GC freed 10(320B) AllocSpace objects, 0(0B) LOS objects, 35% free, 29MB/45MB, paused 512us total 38.513ms
08-05 11:25:24.198 13125 13137 I art     : Starting a blocking GC Explicit
08-05 11:25:24.230 13125 13137 I art     : Explicit concurrent mark sweep GC freed 12(368B) AllocSpace objects, 0(0B) LOS objects, 35% free, 29MB/45MB, paused 299us total 32.124ms
08-05 11:25:24.242 13125 13137 I art     : Starting a blocking GC Explicit
08-05 11:25:24.274 13125 13137 I art     : Explicit concurrent mark sweep GC freed 6(192B) AllocSpace objects, 0(0B) LOS objects, 35% free, 29MB/45MB, paused 398us total 31.547ms
08-05 11:25:24.566 13125 13151 I art     : Starting a blocking GC Explicit
08-05 11:25:24.596 13125 13125 I chromium: [INFO:CONSOLE(1)] "
08-05 11:25:24.596 13125 13125 I chromium:                   ,d"=,.,qOp,
08-05 11:25:24.596 13125 13125 I chromium:                  ,7'  ''$(  )
08-05 11:25:24.596 13125 13125 I chromium:                 ,7'      '?q$7'
08-05 11:25:24.596 13125 13125 I chromium:              ..,$$,.
08-05 11:25:24.596 13125 13125 I chromium:    ,.  .,,--***""***--,,.  .,
08-05 11:25:24.596 13125 13125 I chromium:     ,p''              ''q,   
08-05 11:25:24.596 13125 13125 I chromium: :  ,7'                      '7,  :
08-05 11:25:24.596 13125 13125 I chromium:  ' $      ,db,      ,db,      $ '
08-05 11:25:24.596 13125 13125 I chromium:   '$      $$      $$      $'    Using Reddit at work? Work for Reddit.
08-05 11:25:24.596 13125 13125 I chromium:   '$                          $'        https://www.reddit.com/jobs
08-05 11:25:24.596 13125 13125 I chromium:    '$.     .,        ,.     .$'
08-05 11:25:24.596 13125 13125 I chromium:     'b,     ''     ,d'
08-05 11:25:24.596 13125 13125 I chromium:      '?bn,,          ,,nd?'
08-05 11:25:24.596 13125 13125 I chromium:        ,7$ '''' $7,
08-05 11:25:24.596 13125 13125 I chromium:      , $              $ ,
08-05 11:25:24.596 13125 13125 I chromium:      $  :$              $:  $
08-05 11:25:24.596 13125 13125 I chromium:      $   $              $   $
08-05 11:25:24.596 13125 13125 I chromium:      'b  q:            :p  d'
08-05 11:25:24.596 13125 13125 I chromium:       '?$.          .$?'
08-05 11:25:24.596 13125 13125 I chromium:          'b            d'
08-05 11:25:24.596 13125 13125 I chromium:        ,'?,.      .,?',
08-05 11:25:24.596 13125 13125 I chromium:       ==--==--==--==
08-05 11:25:24.596 13125 13125 I chromium: ", source: https://www.redditstatic.com/desktop2x/Chat~Governance~Reddit.2ea93b134a9b2e5b1d9a.js (1)
08-05 11:25:24.601 13125 13151 I art     : Explicit concurrent mark sweep GC freed 1398(86KB) AllocSpace objects, 1(20KB) LOS objects, 35% free, 29MB/45MB, paused 412us total 34.917ms
08-05 11:25:24.615 13125 13151 I art     : Starting a blocking GC Explicit
08-05 11:25:24.668 13125 13151 I art     : Explicit concurrent mark sweep GC freed 28(960B) AllocSpace objects, 0(0B) LOS objects, 35% free, 29MB/45MB, paused 522us total 52.694ms
08-05 11:25:24.684   518   646 I ThermalEngine: ACTION: GPU - Setting GPU[0] to 510000000
08-05 11:25:24.685 13125 13151 I art     : Starting a blocking GC Explicit
08-05 11:25:24.728 13125 13151 I art     : Explicit concurrent mark sweep GC freed 10(320B) AllocSpace objects, 0(0B) LOS objects, 35% free, 29MB/45MB, paused 737us total 43.099ms
08-05 11:25:24.742 13125 13151 I art     : Starting a blocking GC Explicit
08-05 11:25:24.783 13125 13151 I art     : Explicit concurrent mark sweep GC freed 10(320B) AllocSpace objects, 0(0B) LOS objects, 35% free, 29MB/45MB, paused 384us total 40.804ms
08-05 11:25:24.798 13125 13151 I art     : Starting a blocking GC Explicit
08-05 11:25:24.839 13125 13151 I art     : Explicit concurrent mark sweep GC freed 9(288B) AllocSpace objects, 0(0B) LOS objects, 35% free, 29MB/45MB, paused 495us total 40.447ms
08-05 11:25:25.176 13125 13151 I art     : Starting a blocking GC Explicit
08-05 11:25:25.216 13125 13151 I art     : Explicit concurrent mark sweep GC freed 1427(85KB) AllocSpace objects, 1(20KB) LOS objects, 35% free, 29MB/45MB, paused 395us total 40.231ms
08-05 11:25:25.232 13125 13151 I art     : Starting a blocking GC Explicit
08-05 11:25:25.273 13125 13151 I art     : Explicit concurrent mark sweep GC freed 33(1120B) AllocSpace objects, 0(0B) LOS objects, 35% free, 29MB/45MB, paused 524us total 41.014ms
08-05 11:25:25.289 13125 13151 I art     : Starting a blocking GC Explicit
08-05 11:25:25.331 13125 13151 I art     : Explicit concurrent mark sweep GC freed 19(608B) AllocSpace objects, 0(0B) LOS objects, 35% free, 29MB/45MB, paused 457us total 41.340ms
08-05 11:25:25.346 13125 13151 I art     : Starting a blocking GC Explicit
08-05 11:25:25.385 13125 13151 I art     : Explicit concurrent mark sweep GC freed 6(192B) AllocSpace objects, 0(0B) LOS objects, 35% free, 29MB/45MB, paused 398us total 39.131ms
08-05 11:25:25.398 13125 13151 I art     : Starting a blocking GC Explicit
08-05 11:25:25.407   918  3261 D WifiStateMachine: starting scan for "H369AA63323"WPA_PSK with 2412,5180
08-05 11:25:25.431 13125 13151 I art     : Explicit concurrent mark sweep GC freed 3(96B) AllocSpace objects, 0(0B) LOS objects, 35% free, 29MB/45MB, paused 428us total 32.878ms
08-05 11:25:25.747 13125 14565 I art     : Starting a blocking GC Explicit
08-05 11:25:25.782 13125 14565 I art     : Explicit concurrent mark sweep GC freed 1566(94KB) AllocSpace objects, 1(20KB) LOS objects, 35% free, 29MB/45MB, paused 407us total 34.370ms
08-05 11:25:25.795 13125 14565 I art     : Starting a blocking GC Explicit
08-05 11:25:25.840 13125 14565 I art     : Explicit concurrent mark sweep GC freed 20(704B) AllocSpace objects, 0(0B) LOS objects, 35% free, 29MB/45MB, paused 428us total 44.830ms
08-05 11:25:25.855 13125 14565 I art     : Starting a blocking GC Explicit
08-05 11:25:25.893 13125 14565 I art     : Explicit concurrent mark sweep GC freed 3(96B) AllocSpace objects, 0(0B) LOS objects, 35% free, 29MB/45MB, paused 403us total 37.733ms
08-05 11:25:25.907 13125 14565 I art     : Starting a blocking GC Explicit
08-05 11:25:25.954 13125 14565 I art     : Explicit concurrent mark sweep GC freed 3(96B) AllocSpace objects, 0(0B) LOS objects, 35% free, 29MB/45MB, paused 434us total 46.739ms
08-05 11:25:25.968 13125 14565 I art     : Starting a blocking GC Explicit
08-05 11:25:26.006 13125 14565 I art     : Explicit concurrent mark sweep GC freed 3(96B) AllocSpace objects, 0(0B) LOS objects, 35% free, 29MB/45MB, paused 426us total 37.550ms
08-05 11:25:26.343 13125 14565 I art     : Starting a blocking GC Explicit
08-05 11:25:26.382 13125 14565 I art     : Explicit concurrent mark sweep GC freed 1368(85KB) AllocSpace objects, 1(20KB) LOS objects, 35% free, 29MB/45MB, paused 384us total 38.913ms
08-05 11:25:26.397 13125 14565 I art     : Starting a blocking GC Explicit
08-05 11:25:26.439 13125 14565 I art     : Explicit concurrent mark sweep GC freed 20(704B) AllocSpace objects, 0(0B) LOS objects, 35% free, 29MB/45MB, paused 486us total 41.988ms
08-05 11:25:26.439 13125 13134 I art     : WaitForGcToComplete blocked for 36.939ms for cause HeapTrim
08-05 11:25:26.453 13125 14565 I art     : Starting a blocking GC Explicit
08-05 11:25:26.490 13125 14565 I art     : Explicit concurrent mark sweep GC freed 3(96B) AllocSpace objects, 0(0B) LOS objects, 35% free, 29MB/45MB, paused 393us total 36.494ms
08-05 11:25:26.504 13125 14565 I art     : Starting a blocking GC Explicit
08-05 11:25:26.543 13125 14565 I art     : Explicit concurrent mark sweep GC freed 47(2576B) AllocSpace objects, 0(0B) LOS objects, 35% free, 29MB/45MB, paused 364us total 38.989ms
08-05 11:25:26.556 13125 14565 I art     : Starting a blocking GC Explicit
08-05 11:25:26.591 13125 14565 I art     : Explicit concurrent mark sweep GC freed 5(176B) AllocSpace objects, 0(0B) LOS objects, 35% free, 29MB/45MB, paused 395us total 34.585ms
08-05 11:25:26.689   518   646 I ThermalEngine: ACTION: GPU - Setting GPU[0] to 450000000
08-05 11:25:26.981 13125 14565 I art     : Starting a blocking GC Explicit
08-05 11:25:27.036 13125 14565 I art     : Explicit concurrent mark sweep GC freed 1355(82KB) AllocSpace objects, 1(20KB) LOS objects, 35% free, 29MB/45MB, paused 699us total 54.079ms
08-05 11:25:27.058 13125 14565 I art     : Starting a blocking GC Explicit
08-05 11:25:27.108 13125 14565 I art     : Explicit concurrent mark sweep GC freed 20(704B) AllocSpace objects, 0(0B) LOS objects, 35% free, 29MB/45MB, paused 539us total 50.027ms
08-05 11:25:27.126 13125 14565 I art     : Starting a blocking GC Explicit
08-05 11:25:27.179 13125 14565 I art     : Explicit concurrent mark sweep GC freed 3(96B) AllocSpace objects, 0(0B) LOS objects, 35% free, 29MB/45MB, paused 566us total 52.601ms
08-05 11:25:27.198 13125 14565 I art     : Starting a blocking GC Explicit
08-05 11:25:27.255 13125 14565 I art     : Explicit concurrent mark sweep GC freed 3(96B) AllocSpace objects, 0(0B) LOS objects, 35% free, 29MB/45MB, paused 521us total 56.183ms
08-05 11:25:27.274 13125 14565 I art     : Starting a blocking GC Explicit
08-05 11:25:27.322 13125 14565 I art     : Explicit concurrent mark sweep GC freed 3(96B) AllocSpace objects, 0(0B) LOS objects, 35% free, 29MB/45MB, paused 498us total 48.060ms
08-05 11:25:27.711 13125 13151 I art     : Starting a blocking GC Explicit
08-05 11:25:27.764 13125 13151 I art     : Explicit concurrent mark sweep GC freed 1355(82KB) AllocSpace objects, 1(20KB) LOS objects, 35% free, 29MB/45MB, paused 527us total 52.076ms
08-05 11:25:27.782 13125 13151 I art     : Starting a blocking GC Explicit
08-05 11:25:27.831 13125 13151 I art     : Explicit concurrent mark sweep GC freed 20(704B) AllocSpace objects, 0(0B) LOS objects, 35% free, 29MB/45MB, paused 499us total 48.560ms
08-05 11:25:27.852 13125 13151 I art     : Starting a blocking GC Explicit
08-05 11:25:27.893 13125 13151 I art     : Explicit concurrent mark sweep GC freed 3(96B) AllocSpace objects, 0(0B) LOS objects, 35% free, 29MB/45MB, paused 484us total 40.780ms
08-05 11:25:27.911 13125 13151 I art     : Starting a blocking GC Explicit
08-05 11:25:27.954 13125 13151 I art     : Explicit concurrent mark sweep GC freed 3(96B) AllocSpace objects, 0(0B) LOS objects, 35% free, 29MB/45MB, paused 493us total 43.412ms
08-05 11:25:27.972 13125 13151 I art     : Starting a blocking GC Explicit
08-05 11:25:28.012 13125 13151 I art     : Explicit concurrent mark sweep GC freed 3(96B) AllocSpace objects, 0(0B) LOS objects, 35% free, 29MB/45MB, paused 512us total 40.228ms
08-05 11:25:28.154 15683 15683 D AndroidRuntime: >>>>>> START com.android.internal.os.RuntimeInit uid 2000 <<<<<<
08-05 11:25:28.160 15683 15683 D AndroidRuntime: CheckJNI is OFF
08-05 11:25:28.200 15683 15683 D ICU     : No timezone override file found: /data/misc/zoneinfo/current/icu/icu_tzdata.dat
08-05 11:25:28.214  8256  8256 I ServiceManager: Waiting for service AtCmdFwd...
08-05 11:25:28.246 15683 15683 I Radio-JNI: register_android_hardware_Radio DONE
08-05 11:25:28.274 15683 15683 D AndroidRuntime: Calling main entry com.android.commands.input.Input
08-05 11:25:28.276 15683 15683 I Input   : injectKeyEvent: KeyEvent { action=ACTION_DOWN, keyCode=KEYCODE_BACK, scanCode=0, metaState=0, flags=0x0, repeatCount=0, eventTime=789944689, downTime=789944689, deviceId=-1, source=0x101 }
08-05 11:25:28.281 15683 15683 I Input   : injectKeyEvent: KeyEvent { action=ACTION_UP, keyCode=KEYCODE_BACK, scanCode=0, metaState=0, flags=0x0, repeatCount=0, eventTime=789944689, downTime=789944689, deviceId=-1, source=0x101 }
08-05 11:25:28.286 15683 15683 D AndroidRuntime: Shutting down VM
08-05 11:25:28.321 13866 13866 I GoogleInputMethodServic: GoogleInputMethodService.onFinishInput():3138 
08-05 11:25:28.322 13866 13866 I GoogleInputMethodServic: GoogleInputMethodService.onStartInput():1808 
08-05 11:25:28.366 13125 13137 I art     : Starting a blocking GC Explicit
08-05 11:25:28.403 13125 15604 I RedditChangeDataIO: Writing tmp data file at '/data/user/0/baseline.org.quantumbadger.redreader/files/rr_change_data_tmp.dat'
08-05 11:25:28.404 13125 15604 I RedditChangeDataManager: Taking snapshot...
08-05 11:25:28.404 13125 15604 I RedditChangeDataManager: Writing to stream...
08-05 11:25:28.404 13125 15604 I RedditChangeDataManager: Wrote 5 entries for user ''
08-05 11:25:28.404 13125 15604 I RedditChangeDataManager: All entries written to stream.
08-05 11:25:28.404 13125 15604 I RedditChangeDataIO: Write successful. Atomically replacing data file...
08-05 11:25:28.405 13125 15604 I RedditChangeDataIO: Write complete.
08-05 11:25:28.405 13125 15604 I RedditChangeDataIO: 134 bytes written in 2 ms
08-05 11:25:28.409 13125 13137 I art     : Explicit concurrent mark sweep GC freed 1699(96KB) AllocSpace objects, 2(88KB) LOS objects, 35% free, 29MB/45MB, paused 536us total 42.262ms
08-05 11:25:28.426 13125 13137 I art     : Starting a blocking GC Explicit
08-05 11:25:28.470 13125 13137 I art     : Explicit concurrent mark sweep GC freed 35(1424B) AllocSpace objects, 0(0B) LOS objects, 35% free, 29MB/45MB, paused 483us total 43.354ms
08-05 11:25:28.489 13125 13137 I art     : Starting a blocking GC Explicit
08-05 11:25:28.542 13125 13137 I art     : Explicit concurrent mark sweep GC freed 3(96B) AllocSpace objects, 0(0B) LOS objects, 35% free, 29MB/45MB, paused 520us total 53.525ms
08-05 11:25:28.565 13125 13137 I art     : Starting a blocking GC Explicit
08-05 11:25:28.622 13125 13137 I art     : Explicit concurrent mark sweep GC freed 3(96B) AllocSpace objects, 0(0B) LOS objects, 35% free, 29MB/45MB, paused 602us total 57.300ms
08-05 11:25:28.641 13125 13137 I art     : Starting a blocking GC Explicit
08-05 11:25:28.645   380   380 W SurfaceFlinger: couldn't log to binary event log: overflow.
08-05 11:25:28.687 13125 13137 I art     : Explicit concurrent mark sweep GC freed 584(29KB) AllocSpace objects, 0(0B) LOS objects, 35% free, 29MB/45MB, paused 585us total 45.241ms
08-05 11:25:28.690   918  3263 D ConnectivityService: releasing NetworkRequest NetworkRequest [ id=3212, legacyType=-1, [ Capabilities: INTERNET&NOT_RESTRICTED&TRUSTED] ]
08-05 11:25:28.692   518   646 I ThermalEngine: ACTION: GPU - Setting GPU[0] to 510000000
08-05 11:25:28.976 13125 13151 I art     : Starting a blocking GC Explicit
08-05 11:25:29.032 13125 13151 I art     : Explicit concurrent mark sweep GC freed 1681(95KB) AllocSpace objects, 1(20KB) LOS objects, 35% free, 29MB/45MB, paused 435us total 55.001ms
08-05 11:25:29.046 13125 13151 I art     : Starting a blocking GC Explicit
08-05 11:25:29.085 13125 13151 I art     : Explicit concurrent mark sweep GC freed 2110(123KB) AllocSpace objects, 1(28KB) LOS objects, 35% free, 29MB/45MB, paused 393us total 38.627ms
08-05 11:25:29.100 13125 13151 I art     : Starting a blocking GC Explicit
08-05 11:25:29.138 13125 13151 I art     : Explicit concurrent mark sweep GC freed 3(96B) AllocSpace objects, 0(0B) LOS objects, 35% free, 29MB/45MB, paused 418us total 38.100ms
08-05 11:25:29.153 13125 13151 I art     : Starting a blocking GC Explicit
08-05 11:25:29.192 13125 13151 I art     : Explicit concurrent mark sweep GC freed 3(96B) AllocSpace objects, 0(0B) LOS objects, 35% free, 29MB/45MB, paused 411us total 38.673ms
08-05 11:25:29.206 13125 13151 I art     : Starting a blocking GC Explicit
08-05 11:25:29.214  8256  8256 I ServiceManager: Waiting for service AtCmdFwd...
08-05 11:25:29.245 13125 13151 I art     : Explicit concurrent mark sweep GC freed 3(96B) AllocSpace objects, 0(0B) LOS objects, 35% free, 29MB/45MB, paused 408us total 38.811ms
08-05 11:25:29.560 13125 13356 I art     : Starting a blocking GC Explicit
08-05 11:25:29.598 13125 13356 I art     : Explicit concurrent mark sweep GC freed 1355(82KB) AllocSpace objects, 1(20KB) LOS objects, 35% free, 29MB/45MB, paused 418us total 37.734ms
08-05 11:25:29.613 13125 13356 I art     : Starting a blocking GC Explicit
08-05 11:25:29.649 13125 13356 I art     : Explicit concurrent mark sweep GC freed 20(704B) AllocSpace objects, 0(0B) LOS objects, 35% free, 29MB/45MB, paused 396us total 35.643ms
08-05 11:25:29.662 13125 13356 I art     : Starting a blocking GC Explicit
08-05 11:25:29.698 13125 13356 I art     : Explicit concurrent mark sweep GC freed 3(96B) AllocSpace objects, 0(0B) LOS objects, 35% free, 29MB/45MB, paused 388us total 35.926ms
08-05 11:25:29.712 13125 13356 I art     : Starting a blocking GC Explicit
08-05 11:25:29.749 13125 13356 I art     : Explicit concurrent mark sweep GC freed 3(96B) AllocSpace objects, 0(0B) LOS objects, 35% free, 29MB/45MB, paused 387us total 36.372ms
08-05 11:25:29.763 13125 13356 I art     : Starting a blocking GC Explicit
08-05 11:25:29.799 13125 13356 I art     : Explicit concurrent mark sweep GC freed 3(96B) AllocSpace objects, 0(0B) LOS objects, 35% free, 29MB/45MB, paused 404us total 35.952ms
08-05 11:25:29.965 15727 15727 D AndroidRuntime: >>>>>> START com.android.internal.os.RuntimeInit uid 2000 <<<<<<
08-05 11:25:29.970 15727 15727 D AndroidRuntime: CheckJNI is OFF
08-05 11:25:30.004 15727 15727 D ICU     : No timezone override file found: /data/misc/zoneinfo/current/icu/icu_tzdata.dat
08-05 11:25:30.038 15727 15727 I Radio-JNI: register_android_hardware_Radio DONE
08-05 11:25:30.060 15727 15727 D AndroidRuntime: Calling main entry com.android.commands.input.Input
08-05 11:25:30.062 15727 15727 I Input   : injectKeyEvent: KeyEvent { action=ACTION_DOWN, keyCode=KEYCODE_BACK, scanCode=0, metaState=0, flags=0x0, repeatCount=0, eventTime=789946475, downTime=789946475, deviceId=-1, source=0x101 }
08-05 11:25:30.066 15727 15727 I Input   : injectKeyEvent: KeyEvent { action=ACTION_UP, keyCode=KEYCODE_BACK, scanCode=0, metaState=0, flags=0x0, repeatCount=0, eventTime=789946475, downTime=789946475, deviceId=-1, source=0x101 }
08-05 11:25:30.071 15727 15727 D AndroidRuntime: Shutting down VM
08-05 11:25:30.105 13125 13356 I art     : Starting a blocking GC Explicit
08-05 11:25:30.117 13866 13866 I GoogleInputMethodServic: GoogleInputMethodService.onFinishInput():3138 
08-05 11:25:30.118 13866 13866 I GoogleInputMethodServic: GoogleInputMethodService.onStartInput():1808 
08-05 11:25:30.143 13125 13356 I art     : Explicit concurrent mark sweep GC freed 1496(87KB) AllocSpace objects, 1(20KB) LOS objects, 35% free, 29MB/45MB, paused 486us total 37.777ms
08-05 11:25:30.157 13125 13356 I art     : Starting a blocking GC Explicit
08-05 11:25:30.192 13125 13356 I art     : Explicit concurrent mark sweep GC freed 46(1568B) AllocSpace objects, 0(0B) LOS objects, 35% free, 29MB/45MB, paused 424us total 34.573ms
08-05 11:25:30.205 13125 13356 I art     : Starting a blocking GC Explicit
08-05 11:25:30.215  8256  8256 I ServiceManager: Waiting for service AtCmdFwd...
08-05 11:25:30.238 13125 13356 I art     : Explicit concurrent mark sweep GC freed 20(656B) AllocSpace objects, 0(0B) LOS objects, 35% free, 29MB/45MB, paused 336us total 32.767ms
08-05 11:25:30.252 13125 13356 I art     : Starting a blocking GC Explicit
08-05 11:25:30.290 13125 13356 I art     : Explicit concurrent mark sweep GC freed 3(96B) AllocSpace objects, 0(0B) LOS objects, 35% free, 29MB/45MB, paused 667us total 38.607ms
08-05 11:25:30.305 13125 13356 I art     : Starting a blocking GC Explicit
08-05 11:25:30.350 13125 13356 I art     : Explicit concurrent mark sweep GC freed 3(96B) AllocSpace objects, 0(0B) LOS objects, 35% free, 29MB/45MB, paused 374us total 44.920ms
08-05 11:25:30.631 13125 13356 I art     : Starting a blocking GC Explicit
08-05 11:25:30.671 13125 13356 I art     : Explicit concurrent mark sweep GC freed 1413(84KB) AllocSpace objects, 1(20KB) LOS objects, 35% free, 29MB/45MB, paused 436us total 40.038ms
08-05 11:25:30.685 13125 13356 I art     : Starting a blocking GC Explicit
08-05 11:25:30.724 13125 13356 I art     : Explicit concurrent mark sweep GC freed 150(7KB) AllocSpace objects, 0(0B) LOS objects, 35% free, 29MB/45MB, paused 490us total 38.272ms
08-05 11:25:30.738 13125 13356 I art     : Starting a blocking GC Explicit
08-05 11:25:30.778 13125 13356 I art     : Explicit concurrent mark sweep GC freed 3(96B) AllocSpace objects, 0(0B) LOS objects, 35% free, 29MB/45MB, paused 448us total 39.175ms
08-05 11:25:30.792 13125 13356 I art     : Starting a blocking GC Explicit
08-05 11:25:30.831 13125 13356 I art     : Explicit concurrent mark sweep GC freed 3(96B) AllocSpace objects, 0(0B) LOS objects, 35% free, 29MB/45MB, paused 451us total 38.892ms
08-05 11:25:30.846 13125 13356 I art     : Starting a blocking GC Explicit
08-05 11:25:30.886 13125 13356 I art     : Explicit concurrent mark sweep GC freed 3(96B) AllocSpace objects, 0(0B) LOS objects, 35% free, 29MB/45MB, paused 424us total 39.201ms
08-05 11:25:31.210 13125 13136 I art     : Starting a blocking GC Explicit
08-05 11:25:31.215  8256  8256 I ServiceManager: Waiting for service AtCmdFwd...
08-05 11:25:31.263 13125 13136 I art     : Explicit concurrent mark sweep GC freed 1355(82KB) AllocSpace objects, 1(20KB) LOS objects, 35% free, 29MB/45MB, paused 592us total 52.391ms
08-05 11:25:31.279 13125 13136 I art     : Starting a blocking GC Explicit
08-05 11:25:31.316 13125 13136 I art     : Explicit concurrent mark sweep GC freed 20(704B) AllocSpace objects, 0(0B) LOS objects, 35% free, 29MB/45MB, paused 415us total 37.135ms
08-05 11:25:31.331 13125 13136 I art     : Starting a blocking GC Explicit
08-05 11:25:31.367 13125 13136 I art     : Explicit concurrent mark sweep GC freed 3(96B) AllocSpace objects, 0(0B) LOS objects, 35% free, 29MB/45MB, paused 422us total 35.468ms
08-05 11:25:31.381 13125 13136 I art     : Starting a blocking GC Explicit
08-05 11:25:31.417 13125 13136 I art     : Explicit concurrent mark sweep GC freed 3(96B) AllocSpace objects, 0(0B) LOS objects, 35% free, 29MB/45MB, paused 426us total 36.192ms
08-05 11:25:31.431 13125 13136 I art     : Starting a blocking GC Explicit
08-05 11:25:31.468 13125 13136 I art     : Explicit concurrent mark sweep GC freed 3(96B) AllocSpace objects, 0(0B) LOS objects, 35% free, 29MB/45MB, paused 455us total 36.827ms
08-05 11:25:31.721 15770 15770 D AndroidRuntime: >>>>>> START com.android.internal.os.RuntimeInit uid 2000 <<<<<<
08-05 11:25:31.725 15770 15770 D AndroidRuntime: CheckJNI is OFF
08-05 11:25:31.760 15770 15770 D ICU     : No timezone override file found: /data/misc/zoneinfo/current/icu/icu_tzdata.dat
08-05 11:25:31.766 13125 14565 I art     : Starting a blocking GC Explicit
08-05 11:25:31.793 15770 15770 I Radio-JNI: register_android_hardware_Radio DONE
08-05 11:25:31.805 13125 14565 I art     : Explicit concurrent mark sweep GC freed 1355(82KB) AllocSpace objects, 1(20KB) LOS objects, 35% free, 29MB/45MB, paused 451us total 38.431ms
08-05 11:25:31.816 15770 15770 D AndroidRuntime: Calling main entry com.android.commands.input.Input
08-05 11:25:31.818 15770 15770 I Input   : injectMotionEvent: MotionEvent { action=ACTION_DOWN, actionButton=0, id[0]=0, x[0]=600.0, y[0]=1000.0, toolType[0]=TOOL_TYPE_UNKNOWN, buttonState=0, metaState=0, flags=0x0, edgeFlags=0x0, pointerCount=1, historySize=0, eventTime=789948231, downTime=789948231, deviceId=0, source=0x1002 }
08-05 11:25:31.821 13125 14565 I art     : Starting a blocking GC Explicit
08-05 11:25:31.823 15770 15770 I Input   : injectMotionEvent: MotionEvent { action=ACTION_UP, actionButton=0, id[0]=0, x[0]=600.0, y[0]=1000.0, toolType[0]=TOOL_TYPE_UNKNOWN, buttonState=0, metaState=0, flags=0x0, edgeFlags=0x0, pointerCount=1, historySize=0, eventTime=789948231, downTime=789948231, deviceId=0, source=0x1002 }
08-05 11:25:31.825 15770 15770 D AndroidRuntime: Shutting down VM
08-05 11:25:31.835   512  2967 D audio_hw_primary: out_set_parameters: enter: usecase(1: low-latency-playback) kvpairs: routing=2
08-05 11:25:31.835   918  3961 I ActivityManager: START u0 {dat=https://oauth.reddit.com/... cmp=baseline.org.quantumbadger.redreader/.activities.PostListingActivity} from uid 10689 on display 0
08-05 11:25:31.848   512  2967 D audio_hw_primary: select_devices: out_snd_device(2: speaker) in_snd_device(0: none)
08-05 11:25:31.848   512  2967 D msm8974_platform: platform_send_audio_calibration: sending audio calibration for snd_device(2) acdb_id(15)
08-05 11:25:31.848   512  2967 I soundtrigger: audio_extn_sound_trigger_update_device_status: device 0x2 of type 0 for Event 1
08-05 11:25:31.856 13125 14565 I art     : Explicit concurrent mark sweep GC freed 163(8KB) AllocSpace objects, 0(0B) LOS objects, 35% free, 29MB/45MB, paused 500us total 35.254ms
08-05 11:25:31.859   512  2967 D audio_hw_primary: enable_snd_device: snd_device(2: speaker)
08-05 11:25:31.859 13125 13125 I AppCompatViewInflater: app:theme is now deprecated. Please move to using android:theme instead.
08-05 11:25:31.861   512  2967 D audio_hw_primary: enable_audio_route: apply and update mixer path: low-latency-playback speaker
08-05 11:25:31.870 13125 14565 I art     : Starting a blocking GC Explicit
08-05 11:25:31.886 13125 15794 D OK      : calling: https://oauth.reddit.com/r/announcements/about.json
08-05 11:25:31.904 13125 14565 I art     : Explicit concurrent mark sweep GC freed 788(66KB) AllocSpace objects, 0(0B) LOS objects, 35% free, 29MB/45MB, paused 497us total 33.582ms
08-05 11:25:31.917 13125 14565 I art     : Starting a blocking GC Explicit
08-05 11:25:31.951 13125 14565 I art     : Explicit concurrent mark sweep GC freed 998(48KB) AllocSpace objects, 0(0B) LOS objects, 35% free, 29MB/45MB, paused 612us total 33.038ms
08-05 11:25:31.956 13866 13866 I GoogleInputMethodServic: GoogleInputMethodService.onFinishInput():3138 
08-05 11:25:31.956   918   936 I ActivityManager: Displayed baseline.org.quantumbadger.redreader/.activities.PostListingActivity: +112ms
08-05 11:25:31.958 13866 13866 I GoogleInputMethodServic: GoogleInputMethodService.onStartInput():1808 
08-05 11:25:31.967 13125 14565 I art     : Starting a blocking GC Explicit
08-05 11:25:32.003 13125 14565 I art     : Explicit concurrent mark sweep GC freed 178(10KB) AllocSpace objects, 0(0B) LOS objects, 35% free, 29MB/45MB, paused 447us total 36.573ms
08-05 11:25:32.178 13125 15794 I NAPPA_EXPERIMENTATION: MetricNetworkRequestExecutionTime: REQUEST_DURATION_SYSTEM='292',REQUEST_DURATION_OKHTTP='151',REQUEST_SYNCHRONOUS='TRUE',RESPONSE_CODE='200',RESPONSE_METHOD='GET',RESPONSE_LENGTH_OKHTTP='-1',RESPONSE_LENGTH_HEADER='1564',REQUEST_PROTOCOL='h2',REQUEST_URL='https://oauth.reddit.com/r/announcements/about.json',
08-05 11:25:32.179 13125 15794 D OK      : request got status: 200
08-05 11:25:32.184   380   380 W SurfaceFlinger: couldn't log to binary event log: overflow.
08-05 11:25:32.216  8256  8256 I ServiceManager: Waiting for service AtCmdFwd...
08-05 11:25:32.271 13125 13151 I art     : Starting a blocking GC Explicit
08-05 11:25:32.312 13125 13151 I art     : Explicit concurrent mark sweep GC freed 4707(309KB) AllocSpace objects, 3(156KB) LOS objects, 35% free, 29MB/45MB, paused 433us total 40.372ms
08-05 11:25:32.329 13125 13151 I art     : Starting a blocking GC Explicit
08-05 11:25:32.366 13125 13151 I art     : Explicit concurrent mark sweep GC freed 323(14KB) AllocSpace objects, 0(0B) LOS objects, 35% free, 29MB/45MB, paused 395us total 36.197ms
08-05 11:25:32.379 13125 13151 I art     : Starting a blocking GC Explicit
08-05 11:25:32.399   512  2967 D audio_hw_primary: disable_audio_route: reset and update mixer path: low-latency-playback speaker
08-05 11:25:32.400   512  2967 D audio_hw_primary: disable_snd_device: snd_device(2: speaker)
08-05 11:25:32.410   512  2967 I soundtrigger: audio_extn_sound_trigger_update_device_status: device 0x2 of type 0 for Event 0
08-05 11:25:32.412 13125 13151 I art     : Explicit concurrent mark sweep GC freed 3(96B) AllocSpace objects, 0(0B) LOS objects, 35% free, 29MB/45MB, paused 436us total 33.154ms
08-05 11:25:32.425 13125 13151 I art     : Starting a blocking GC Explicit
08-05 11:25:32.460 13125 13151 I art     : Explicit concurrent mark sweep GC freed 3(96B) AllocSpace objects, 0(0B) LOS objects, 35% free, 29MB/45MB, paused 443us total 34.869ms
08-05 11:25:32.474 13125 13151 I art     : Starting a blocking GC Explicit
08-05 11:25:32.509 13125 13151 I art     : Explicit concurrent mark sweep GC freed 16(640B) AllocSpace objects, 0(0B) LOS objects, 35% free, 29MB/45MB, paused 453us total 34.670ms
08-05 11:25:32.827 13125 13356 I art     : Starting a blocking GC Explicit
08-05 11:25:32.874 13125 13356 I art     : Explicit concurrent mark sweep GC freed 1401(84KB) AllocSpace objects, 1(20KB) LOS objects, 35% free, 29MB/45MB, paused 471us total 46.262ms
08-05 11:25:32.889 13125 13356 I art     : Starting a blocking GC Explicit
08-05 11:25:32.927 13125 13356 I art     : Explicit concurrent mark sweep GC freed 20(704B) AllocSpace objects, 0(0B) LOS objects, 35% free, 29MB/45MB, paused 500us total 37.796ms
08-05 11:25:32.942 13125 13356 I art     : Starting a blocking GC Explicit
08-05 11:25:32.979 13125 13356 I art     : Explicit concurrent mark sweep GC freed 3(96B) AllocSpace objects, 0(0B) LOS objects, 35% free, 29MB/45MB, paused 456us total 37.380ms
08-05 11:25:32.994 13125 13356 I art     : Starting a blocking GC Explicit
08-05 11:25:33.032 13125 13356 I art     : Explicit concurrent mark sweep GC freed 3(96B) AllocSpace objects, 0(0B) LOS objects, 35% free, 29MB/45MB, paused 513us total 37.845ms
08-05 11:25:33.046 13125 13356 I art     : Starting a blocking GC Explicit
08-05 11:25:33.084 13125 13356 I art     : Explicit concurrent mark sweep GC freed 3(96B) AllocSpace objects, 0(0B) LOS objects, 35% free, 29MB/45MB, paused 439us total 37.805ms
08-05 11:25:33.087 13125 15818 D OK      : calling: https://oauth.reddit.com/r/announcements/hot/.json
08-05 11:25:33.216  8256  8256 W Atfwd_Sendcmd: AtCmdFwd service not published, waiting... retryCnt : 5
08-05 11:25:33.306 13125 15818 I NAPPA_EXPERIMENTATION: MetricNetworkRequestExecutionTime: REQUEST_DURATION_SYSTEM='219',REQUEST_DURATION_OKHTTP='216',REQUEST_SYNCHRONOUS='TRUE',RESPONSE_CODE='200',RESPONSE_METHOD='GET',RESPONSE_LENGTH_OKHTTP='-1',RESPONSE_LENGTH_HEADER='142016',REQUEST_PROTOCOL='h2',REQUEST_URL='https://oauth.reddit.com/r/announcements/hot/.json',
08-05 11:25:33.306 13125 15818 D OK      : request got status: 200
08-05 11:25:33.324 13125 13690 I PostListingFragment: Precaching images: OFF
08-05 11:25:33.324 13125 13690 I PostListingFragment: Precaching comments: OFF
08-05 11:25:33.389 13125 13356 I art     : Starting a blocking GC Explicit
08-05 11:25:33.434 13125 13356 I art     : Explicit concurrent mark sweep GC freed 3974(290KB) AllocSpace objects, 5(92KB) LOS objects, 34% free, 30MB/46MB, paused 894us total 44.423ms
08-05 11:25:33.449 13125 13356 I art     : Starting a blocking GC Explicit
08-05 11:25:33.495 13125 13356 I art     : Explicit concurrent mark sweep GC freed 2585(134KB) AllocSpace objects, 1(20KB) LOS objects, 33% free, 31MB/47MB, paused 678us total 45.592ms
08-05 11:25:33.509 13125 13356 I art     : Starting a blocking GC Explicit
08-05 11:25:33.554 13125 13356 I art     : Explicit concurrent mark sweep GC freed 2957(227KB) AllocSpace objects, 9(532KB) LOS objects, 32% free, 32MB/48MB, paused 675us total 44.963ms
08-05 11:25:33.570 13125 13356 I art     : Starting a blocking GC Explicit
08-05 11:25:33.616 13125 13356 I art     : Explicit concurrent mark sweep GC freed 4216(237KB) AllocSpace objects, 5(348KB) LOS objects, 32% free, 33MB/49MB, paused 709us total 46.420ms
08-05 11:25:33.631 13125 13356 I art     : Starting a blocking GC Explicit
08-05 11:25:33.683 13125 13356 I art     : Explicit concurrent mark sweep GC freed 6726(397KB) AllocSpace objects, 11(700KB) LOS objects, 31% free, 34MB/50MB, paused 779us total 51.685ms
08-05 11:25:33.807 13125 13125 W RecyclerView: Cannot call this method in a scroll callback. Scroll callbacks mightbe run during a measure & layout pass where you cannot change theRecyclerView data. Any method call that might change the structureof the RecyclerView or the adapter contents should be postponed tothe next frame.
08-05 11:25:33.807 13125 13125 W RecyclerView: java.lang.IllegalStateException:  androidx.recyclerview.widget.RecyclerView{d9962d5 VFED..... .F....ID 0,0-1440,2140 #7f0900ef app:id/scrollbar_recyclerview_recyclerview}, adapter:baseline.org.quantumbadger.redreader.adapters.GroupedRecyclerViewAdapter@c2a2aea, layout:androidx.recyclerview.widget.LinearLayoutManager@203c1db, context:baseline.org.quantumbadger.redreader.activities.PostListingActivity@a30370a
08-05 11:25:33.807 13125 13125 W RecyclerView: 	at androidx.recyclerview.widget.RecyclerView.assertNotInLayoutOrScroll(RecyclerView.java:3061)
08-05 11:25:33.807 13125 13125 W RecyclerView: 	at androidx.recyclerview.widget.RecyclerView$RecyclerViewDataObserver.onItemRangeInserted(RecyclerView.java:5555)
08-05 11:25:33.807 13125 13125 W RecyclerView: 	at androidx.recyclerview.widget.RecyclerView$AdapterDataObservable.notifyItemRangeInserted(RecyclerView.java:12278)
08-05 11:25:33.807 13125 13125 W RecyclerView: 	at androidx.recyclerview.widget.RecyclerView$Adapter.notifyItemInserted(RecyclerView.java:7464)
08-05 11:25:33.807 13125 13125 W RecyclerView: 	at baseline.org.quantumbadger.redreader.adapters.GroupedRecyclerViewAdapter.updateHiddenStatus(GroupedRecyclerViewAdapter.java:279)
08-05 11:25:33.807 13125 13125 W RecyclerView: 	at baseline.org.quantumbadger.redreader.adapters.RedditListingManager.setLoadingVisible(RedditListingManager.java:125)
08-05 11:25:33.807 13125 13125 W RecyclerView: 	at baseline.org.quantumbadger.redreader.fragments.PostListingFragment.onLoadMoreItemsCheck(PostListingFragment.java:465)
08-05 11:25:33.807 13125 13125 W RecyclerView: 	at baseline.org.quantumbadger.redreader.fragments.PostListingFragment.access$000(PostListingFragment.java:98)
08-05 11:25:33.807 13125 13125 W RecyclerView: 	at baseline.org.quantumbadger.redreader.fragments.PostListingFragment$2.onScrolled(PostListingFragment.java:215)
08-05 11:25:33.807 13125 13125 W RecyclerView: 	at androidx.recyclerview.widget.RecyclerView.dispatchOnScrolled(RecyclerView.java:5173)
08-05 11:25:33.807 13125 13125 W RecyclerView: 	at androidx.recyclerview.widget.RecyclerView.dispatchLayoutStep3(RecyclerView.java:4231)
08-05 11:25:33.807 13125 13125 W RecyclerView: 	at androidx.recyclerview.widget.RecyclerView.dispatchLayout(RecyclerView.java:3862)
08-05 11:25:33.807 13125 13125 W RecyclerView: 	at androidx.recyclerview.widget.RecyclerView.consumePendingUpdateOperations(RecyclerView.java:1897)
08-05 11:25:33.807 13125 13125 W RecyclerView: 	at androidx.recyclerview.widget.RecyclerView$1.run(RecyclerView.java:414)
08-05 11:25:33.807 13125 13125 W RecyclerView: 	at android.view.Choreographer$CallbackRecord.run(Choreographer.java:858)
08-05 11:25:33.807 13125 13125 W RecyclerView: 	at android.view.Choreographer.doCallbacks(Choreographer.java:670)
08-05 11:25:33.807 13125 13125 W RecyclerView: 	at android.view.Choreographer.doFrame(Choreographer.java:603)
08-05 11:25:33.807 13125 13125 W RecyclerView: 	at android.view.Choreographer$FrameDisplayEventReceiver.run(Choreographer.java:844)
08-05 11:25:33.807 13125 13125 W RecyclerView: 	at android.os.Handler.handleCallback(Handler.java:739)
08-05 11:25:33.807 13125 13125 W RecyclerView: 	at android.os.Handler.dispatchMessage(Handler.java:95)
08-05 11:25:33.807 13125 13125 W RecyclerView: 	at android.os.Looper.loop(Looper.java:148)
08-05 11:25:33.807 13125 13125 W RecyclerView: 	at android.app.ActivityThread.main(ActivityThread.java:5417)
08-05 11:25:33.807 13125 13125 W RecyclerView: 	at java.lang.reflect.Method.invoke(Native Method)
08-05 11:25:33.807 13125 13125 W RecyclerView: 	at com.android.internal.os.ZygoteInit$MethodAndArgsCaller.run(ZygoteInit.java:726)
08-05 11:25:33.807 13125 13125 W RecyclerView: 	at com.android.internal.os.ZygoteInit.main(ZygoteInit.java:616)
08-05 11:25:34.023 13125 13151 I art     : Starting a blocking GC Explicit
08-05 11:25:34.073 13125 13151 I art     : Explicit concurrent mark sweep GC freed 65206(3MB) AllocSpace objects, 15(464KB) LOS objects, 33% free, 31MB/47MB, paused 498us total 48.877ms
08-05 11:25:34.088 13125 13151 I art     : Starting a blocking GC Explicit
08-05 11:25:34.127 13125 13151 I art     : Explicit concurrent mark sweep GC freed 577(26KB) AllocSpace objects, 0(0B) LOS objects, 33% free, 31MB/47MB, paused 421us total 38.823ms
08-05 11:25:34.141 13125 13151 I art     : Starting a blocking GC Explicit
08-05 11:25:34.181 13125 13151 I art     : Explicit concurrent mark sweep GC freed 179(7KB) AllocSpace objects, 0(0B) LOS objects, 33% free, 31MB/47MB, paused 469us total 39.433ms
08-05 11:25:34.195 13125 13151 I art     : Starting a blocking GC Explicit
08-05 11:25:34.237 13125 13151 I art     : Explicit concurrent mark sweep GC freed 3(96B) AllocSpace objects, 0(0B) LOS objects, 33% free, 31MB/47MB, paused 531us total 41.553ms
08-05 11:25:34.252 13125 13151 I art     : Starting a blocking GC Explicit
08-05 11:25:34.289 13125 15842 D OK      : calling: https://oauth.reddit.com/r/announcements/hot/.json?after=t3_9jf8nh
08-05 11:25:34.293 13125 13151 I art     : Explicit concurrent mark sweep GC freed 52(2496B) AllocSpace objects, 0(0B) LOS objects, 33% free, 31MB/47MB, paused 599us total 40.676ms
08-05 11:25:34.533 13125 15842 I NAPPA_EXPERIMENTATION: MetricNetworkRequestExecutionTime: REQUEST_DURATION_SYSTEM='243',REQUEST_DURATION_OKHTTP='239',REQUEST_SYNCHRONOUS='TRUE',RESPONSE_CODE='200',RESPONSE_METHOD='GET',RESPONSE_LENGTH_OKHTTP='-1',RESPONSE_LENGTH_HEADER='65685',REQUEST_PROTOCOL='h2',REQUEST_URL='https://oauth.reddit.com/r/announcements/hot/.json?after=t3_9jf8nh',
08-05 11:25:34.533 13125 15842 D OK      : request got status: 200
08-05 11:25:34.538 13125 13690 I PostListingFragment: Precaching images: OFF
08-05 11:25:34.538 13125 13690 I PostListingFragment: Precaching comments: OFF
08-05 11:25:34.637 13125 13356 I art     : Starting a blocking GC Explicit
08-05 11:25:34.687 13125 13356 I art     : Explicit concurrent mark sweep GC freed 11052(696KB) AllocSpace objects, 11(700KB) LOS objects, 32% free, 33MB/49MB, paused 719us total 50.490ms
08-05 11:25:34.702 13125 13356 I art     : Starting a blocking GC Explicit
08-05 11:25:34.750 13125 13356 I art     : Explicit concurrent mark sweep GC freed 5058(229KB) AllocSpace objects, 2(92KB) LOS objects, 32% free, 33MB/49MB, paused 660us total 47.068ms
08-05 11:25:34.765 13125 13356 I art     : Starting a blocking GC Explicit
08-05 11:25:34.812 13125 13356 I art     : Explicit concurrent mark sweep GC freed 3930(145KB) AllocSpace objects, 0(0B) LOS objects, 32% free, 33MB/49MB, paused 731us total 46.791ms
08-05 11:25:34.827 13125 13356 I art     : Starting a blocking GC Explicit
08-05 11:25:34.869 13125 13356 I art     : Explicit concurrent mark sweep GC freed 18114(898KB) AllocSpace objects, 6(108KB) LOS objects, 33% free, 32MB/48MB, paused 496us total 42.041ms
08-05 11:25:34.884 13125 13356 I art     : Starting a blocking GC Explicit
08-05 11:25:34.925 13125 13356 I art     : Explicit concurrent mark sweep GC freed 137(5KB) AllocSpace objects, 0(0B) LOS objects, 33% free, 32MB/48MB, paused 468us total 40.736ms
08-05 11:25:35.277 13125 13136 I art     : Starting a blocking GC Explicit
08-05 11:25:35.338 13125 13136 I art     : Explicit concurrent mark sweep GC freed 1356(82KB) AllocSpace objects, 1(20KB) LOS objects, 33% free, 32MB/48MB, paused 555us total 60.399ms
08-05 11:25:35.360 13125 13136 I art     : Starting a blocking GC Explicit
08-05 11:25:35.400 13125 13136 I art     : Explicit concurrent mark sweep GC freed 20(704B) AllocSpace objects, 0(0B) LOS objects, 33% free, 32MB/48MB, paused 490us total 39.611ms
08-05 11:25:35.415 13125 13136 I art     : Starting a blocking GC Explicit
08-05 11:25:35.458 13125 13136 I art     : Explicit concurrent mark sweep GC freed 3(96B) AllocSpace objects, 0(0B) LOS objects, 33% free, 32MB/48MB, paused 517us total 43.063ms
08-05 11:25:35.473 13125 13136 I art     : Starting a blocking GC Explicit
08-05 11:25:35.515 13125 13136 I art     : Explicit concurrent mark sweep GC freed 3(96B) AllocSpace objects, 0(0B) LOS objects, 33% free, 32MB/48MB, paused 471us total 41.743ms
08-05 11:25:35.530 13125 13136 I art     : Starting a blocking GC Explicit
08-05 11:25:35.573 13125 13136 I art     : Explicit concurrent mark sweep GC freed 3(96B) AllocSpace objects, 0(0B) LOS objects, 33% free, 32MB/48MB, paused 489us total 42.743ms
08-05 11:25:35.929 13125 14565 I art     : Starting a blocking GC Explicit
08-05 11:25:35.977 13125 14565 I art     : Explicit concurrent mark sweep GC freed 1355(82KB) AllocSpace objects, 1(20KB) LOS objects, 33% free, 32MB/48MB, paused 513us total 48.007ms
08-05 11:25:35.992 13125 14565 I art     : Starting a blocking GC Explicit
08-05 11:25:36.035 13125 14565 I art     : Explicit concurrent mark sweep GC freed 20(704B) AllocSpace objects, 0(0B) LOS objects, 33% free, 32MB/48MB, paused 474us total 42.757ms
08-05 11:25:36.050 13125 14565 I art     : Starting a blocking GC Explicit
08-05 11:25:36.092 13125 14565 I art     : Explicit concurrent mark sweep GC freed 3(96B) AllocSpace objects, 0(0B) LOS objects, 33% free, 32MB/48MB, paused 446us total 41.183ms
08-05 11:25:36.107 13125 14565 I art     : Starting a blocking GC Explicit
08-05 11:25:36.149 13125 14565 I art     : Explicit concurrent mark sweep GC freed 3(96B) AllocSpace objects, 0(0B) LOS objects, 33% free, 32MB/48MB, paused 502us total 41.699ms
08-05 11:25:36.164 13125 14565 I art     : Starting a blocking GC Explicit
08-05 11:25:36.206 13125 14565 I art     : Explicit concurrent mark sweep GC freed 3(96B) AllocSpace objects, 0(0B) LOS objects, 33% free, 32MB/48MB, paused 459us total 42.447ms
08-05 11:25:36.574 13125 13137 I art     : Starting a blocking GC Explicit
08-05 11:25:36.629 13125 13137 I art     : Explicit concurrent mark sweep GC freed 1382(84KB) AllocSpace objects, 1(20KB) LOS objects, 33% free, 32MB/48MB, paused 530us total 54.693ms
08-05 11:25:36.649 13125 13137 I art     : Starting a blocking GC Explicit
08-05 11:25:36.690 13125 13137 I art     : Explicit concurrent mark sweep GC freed 20(704B) AllocSpace objects, 0(0B) LOS objects, 33% free, 32MB/48MB, paused 447us total 40.243ms
08-05 11:25:36.704 13125 13137 I art     : Starting a blocking GC Explicit
08-05 11:25:36.747 13125 13137 I art     : Explicit concurrent mark sweep GC freed 3(96B) AllocSpace objects, 0(0B) LOS objects, 33% free, 32MB/48MB, paused 420us total 41.972ms
08-05 11:25:36.762 13125 13137 I art     : Starting a blocking GC Explicit
08-05 11:25:36.804 13125 13137 I art     : Explicit concurrent mark sweep GC freed 3(96B) AllocSpace objects, 0(0B) LOS objects, 33% free, 32MB/48MB, paused 448us total 42.329ms
08-05 11:25:36.819 13125 13137 I art     : Starting a blocking GC Explicit
08-05 11:25:36.854 13125 13137 I art     : Explicit concurrent mark sweep GC freed 3(96B) AllocSpace objects, 0(0B) LOS objects, 33% free, 32MB/48MB, paused 396us total 34.954ms
08-05 11:25:36.854 13125 13134 I art     : WaitForGcToComplete blocked for 35.146ms for cause HeapTrim
08-05 11:25:37.176 13125 13151 I art     : Starting a blocking GC Explicit
08-05 11:25:37.216 13125 13151 I art     : Explicit concurrent mark sweep GC freed 1355(82KB) AllocSpace objects, 1(20KB) LOS objects, 33% free, 32MB/48MB, paused 449us total 40.003ms
08-05 11:25:37.231 13125 13151 I art     : Starting a blocking GC Explicit
08-05 11:25:37.271 13125 13151 I art     : Explicit concurrent mark sweep GC freed 67(2640B) AllocSpace objects, 0(0B) LOS objects, 33% free, 32MB/48MB, paused 482us total 39.514ms
08-05 11:25:37.286 13125 13151 I art     : Starting a blocking GC Explicit
08-05 11:25:37.326 13125 13151 I art     : Explicit concurrent mark sweep GC freed 3(96B) AllocSpace objects, 0(0B) LOS objects, 33% free, 32MB/48MB, paused 425us total 40.226ms
08-05 11:25:37.340 13125 13151 I art     : Starting a blocking GC Explicit
08-05 11:25:37.380 13125 13151 I art     : Explicit concurrent mark sweep GC freed 3(96B) AllocSpace objects, 0(0B) LOS objects, 33% free, 32MB/48MB, paused 445us total 39.497ms
08-05 11:25:37.394 13125 13151 I art     : Starting a blocking GC Explicit
08-05 11:25:37.435 13125 13151 I art     : Explicit concurrent mark sweep GC freed 3(96B) AllocSpace objects, 0(0B) LOS objects, 33% free, 32MB/48MB, paused 423us total 40.301ms
08-05 11:25:37.497 15890 15890 D AndroidRuntime: >>>>>> START com.android.internal.os.RuntimeInit uid 2000 <<<<<<
08-05 11:25:37.502 15890 15890 D AndroidRuntime: CheckJNI is OFF
08-05 11:25:37.535 15890 15890 D ICU     : No timezone override file found: /data/misc/zoneinfo/current/icu/icu_tzdata.dat
08-05 11:25:37.568 15890 15890 I Radio-JNI: register_android_hardware_Radio DONE
08-05 11:25:37.590 15890 15890 D AndroidRuntime: Calling main entry com.android.commands.input.Input
08-05 11:25:37.592 15890 15890 I Input   : injectMotionEvent: MotionEvent { action=ACTION_DOWN, actionButton=0, id[0]=0, x[0]=600.0, y[0]=580.0, toolType[0]=TOOL_TYPE_UNKNOWN, buttonState=0, metaState=0, flags=0x0, edgeFlags=0x0, pointerCount=1, historySize=0, eventTime=789954005, downTime=789954005, deviceId=0, source=0x1002 }
08-05 11:25:37.598 15890 15890 I Input   : injectMotionEvent: MotionEvent { action=ACTION_UP, actionButton=0, id[0]=0, x[0]=600.0, y[0]=580.0, toolType[0]=TOOL_TYPE_UNKNOWN, buttonState=0, metaState=0, flags=0x0, edgeFlags=0x0, pointerCount=1, historySize=0, eventTime=789954005, downTime=789954005, deviceId=0, source=0x1002 }
08-05 11:25:37.600 15890 15890 D AndroidRuntime: Shutting down VM
08-05 11:25:37.610   512  2967 D audio_hw_primary: out_set_parameters: enter: usecase(1: low-latency-playback) kvpairs: routing=2
08-05 11:25:37.610   918  4400 I ActivityManager: START u0 {cmp=baseline.org.quantumbadger.redreader/.activities.WebViewActivity (has extras)} from uid 10689 on display 0
08-05 11:25:37.623   512  2967 D audio_hw_primary: select_devices: out_snd_device(2: speaker) in_snd_device(0: none)
08-05 11:25:37.623   512  2967 D msm8974_platform: platform_send_audio_calibration: sending audio calibration for snd_device(2) acdb_id(15)
08-05 11:25:37.623   512  2967 I soundtrigger: audio_extn_sound_trigger_update_device_status: device 0x2 of type 0 for Event 1
08-05 11:25:37.634   512  2967 D audio_hw_primary: enable_snd_device: snd_device(2: speaker)
08-05 11:25:37.638   512  2967 D audio_hw_primary: enable_audio_route: apply and update mixer path: low-latency-playback speaker
08-05 11:25:37.638 13125 13125 I AppCompatViewInflater: app:theme is now deprecated. Please move to using android:theme instead.
08-05 11:25:37.655   918   929 D ConnectivityService: listenForNetwork for Listen from uid/pid:10689/13125 for NetworkRequest [ id=3213, legacyType=-1, [ Capabilities: INTERNET&NOT_RESTRICTED&TRUSTED] ]
08-05 11:25:37.709   518   646 I ThermalEngine: ACTION: GPU - Setting GPU[0] to 600000000
08-05 11:25:37.743 13125 13136 I art     : Starting a blocking GC Explicit
08-05 11:25:37.764   918   936 I ActivityManager: Displayed baseline.org.quantumbadger.redreader/.activities.WebViewActivity: +143ms
08-05 11:25:37.765 13866 13866 I GoogleInputMethodServic: GoogleInputMethodService.onFinishInput():3138 
08-05 11:25:37.765 13866 13866 I GoogleInputMethodServic: GoogleInputMethodService.onStartInput():1808 
08-05 11:25:37.781 13125 13136 I art     : Explicit concurrent mark sweep GC freed 5880(310KB) AllocSpace objects, 1(20KB) LOS objects, 33% free, 32MB/48MB, paused 488us total 38.461ms
08-05 11:25:37.795 13125 13136 I art     : Starting a blocking GC Explicit
08-05 11:25:37.828 13125 13136 I art     : Explicit concurrent mark sweep GC freed 7262(826KB) AllocSpace objects, 17(2MB) LOS objects, 35% free, 29MB/45MB, paused 286us total 32.249ms
08-05 11:25:37.839 13125 13136 I art     : Starting a blocking GC Explicit
08-05 11:25:37.866 13125 13136 I art     : Explicit concurrent mark sweep GC freed 48(3KB) AllocSpace objects, 0(0B) LOS objects, 35% free, 29MB/45MB, paused 289us total 27.543ms
08-05 11:25:37.877 13125 13136 I art     : Starting a blocking GC Explicit
08-05 11:25:37.906 13125 13136 I art     : Explicit concurrent mark sweep GC freed 5(192B) AllocSpace objects, 0(0B) LOS objects, 35% free, 29MB/45MB, paused 303us total 28.652ms
08-05 11:25:37.918 13125 13136 I art     : Starting a blocking GC Explicit
08-05 11:25:37.951 13125 13136 I art     : Explicit concurrent mark sweep GC freed 4(128B) AllocSpace objects, 0(0B) LOS objects, 35% free, 29MB/45MB, paused 299us total 32.278ms
08-05 11:25:38.025   380   380 W SurfaceFlinger: couldn't log to binary event log: overflow.
08-05 11:25:38.168   512  2967 D audio_hw_primary: disable_audio_route: reset and update mixer path: low-latency-playback speaker
08-05 11:25:38.169   512  2967 D audio_hw_primary: disable_snd_device: snd_device(2: speaker)
08-05 11:25:38.177   512  2967 I soundtrigger: audio_extn_sound_trigger_update_device_status: device 0x2 of type 0 for Event 0
08-05 11:25:38.232 13125 14565 I art     : Starting a blocking GC Explicit
08-05 11:25:38.273 13125 14565 I art     : Explicit concurrent mark sweep GC freed 2287(135KB) AllocSpace objects, 1(20KB) LOS objects, 35% free, 29MB/45MB, paused 572us total 40.874ms
08-05 11:25:38.287 13125 14565 I art     : Starting a blocking GC Explicit
08-05 11:25:38.325 13125 14565 I art     : Explicit concurrent mark sweep GC freed 25(864B) AllocSpace objects, 0(0B) LOS objects, 35% free, 29MB/45MB, paused 540us total 38.380ms
08-05 11:25:38.339 13125 14565 I art     : Starting a blocking GC Explicit
08-05 11:25:38.355 13125 15829 I RedditChangeDataIO: Writing tmp data file at '/data/user/0/baseline.org.quantumbadger.redreader/files/rr_change_data_tmp.dat'
08-05 11:25:38.355 13125 15829 I RedditChangeDataManager: Taking snapshot...
08-05 11:25:38.355 13125 15829 I RedditChangeDataManager: Writing to stream...
08-05 11:25:38.356 13125 15829 I RedditChangeDataManager: Wrote 5 entries for user ''
08-05 11:25:38.356 13125 15829 I RedditChangeDataManager: All entries written to stream.
08-05 11:25:38.356 13125 15829 I RedditChangeDataIO: Write successful. Atomically replacing data file...
08-05 11:25:38.356 13125 15829 I RedditChangeDataIO: Write complete.
08-05 11:25:38.356 13125 15829 I RedditChangeDataIO: 134 bytes written in 2 ms
08-05 11:25:38.372 13125 14565 I art     : Explicit concurrent mark sweep GC freed 87(4KB) AllocSpace objects, 1(68KB) LOS objects, 35% free, 29MB/45MB, paused 384us total 32.690ms
08-05 11:25:38.383 13125 14565 I art     : Starting a blocking GC Explicit
08-05 11:25:38.415 13125 14565 I art     : Explicit concurrent mark sweep GC freed 19(816B) AllocSpace objects, 0(0B) LOS objects, 35% free, 29MB/45MB, paused 299us total 31.323ms
08-05 11:25:38.427 13125 14565 I art     : Starting a blocking GC Explicit
08-05 11:25:38.461 13125 14565 I art     : Explicit concurrent mark sweep GC freed 8(256B) AllocSpace objects, 0(0B) LOS objects, 35% free, 29MB/45MB, paused 459us total 33.761ms
08-05 11:25:38.668 13125 13125 I chromium: [INFO:CONSOLE(1)] "
08-05 11:25:38.668 13125 13125 I chromium:                   ,d"=,.,qOp,
08-05 11:25:38.668 13125 13125 I chromium:                  ,7'  ''$(  )
08-05 11:25:38.668 13125 13125 I chromium:                 ,7'      '?q$7'
08-05 11:25:38.668 13125 13125 I chromium:              ..,$$,.
08-05 11:25:38.668 13125 13125 I chromium:    ,.  .,,--***""***--,,.  .,
08-05 11:25:38.668 13125 13125 I chromium:     ,p''              ''q,   
08-05 11:25:38.668 13125 13125 I chromium: :  ,7'                      '7,  :
08-05 11:25:38.668 13125 13125 I chromium:  ' $      ,db,      ,db,      $ '
08-05 11:25:38.668 13125 13125 I chromium:   '$      $$      $$      $'    Using Reddit at work? Work for Reddit.
08-05 11:25:38.668 13125 13125 I chromium:   '$                          $'        https://www.reddit.com/jobs
08-05 11:25:38.668 13125 13125 I chromium:    '$.     .,        ,.     .$'
08-05 11:25:38.668 13125 13125 I chromium:     'b,     ''     ,d'
08-05 11:25:38.668 13125 13125 I chromium:      '?bn,,          ,,nd?'
08-05 11:25:38.668 13125 13125 I chromium:        ,7$ '''' $7,
08-05 11:25:38.668 13125 13125 I chromium:      , $              $ ,
08-05 11:25:38.668 13125 13125 I chromium:      $  :$              $:  $
08-05 11:25:38.668 13125 13125 I chromium:      $   $              $   $
08-05 11:25:38.668 13125 13125 I chromium:      'b  q:            :p  d'
08-05 11:25:38.668 13125 13125 I chromium:       '?$.          .$?'
08-05 11:25:38.668 13125 13125 I chromium:          'b            d'
08-05 11:25:38.668 13125 13125 I chromium:        ,'?,.      .,?',
08-05 11:25:38.668 13125 13125 I chromium:       ==--==--==--==
08-05 11:25:38.668 13125 13125 I chromium: ", source: https://www.redditstatic.com/desktop2x/Chat~Governance~Reddit.2ea93b134a9b2e5b1d9a.js (1)
08-05 11:25:38.769 13125 13151 I art     : Starting a blocking GC Explicit
08-05 11:25:38.808 13125 13151 I art     : Explicit concurrent mark sweep GC freed 1402(86KB) AllocSpace objects, 1(20KB) LOS objects, 35% free, 29MB/45MB, paused 504us total 37.915ms
08-05 11:25:38.822 13125 13151 I art     : Starting a blocking GC Explicit
08-05 11:25:38.862 13125 13151 I art     : Explicit concurrent mark sweep GC freed 35(1200B) AllocSpace objects, 0(0B) LOS objects, 35% free, 29MB/45MB, paused 337us total 40.429ms
08-05 11:25:38.874 13125 13151 I art     : Starting a blocking GC Explicit
08-05 11:25:38.908 13125 13151 I art     : Explicit concurrent mark sweep GC freed 9(288B) AllocSpace objects, 0(0B) LOS objects, 35% free, 29MB/45MB, paused 927us total 33.860ms
08-05 11:25:38.920 13125 13151 I art     : Starting a blocking GC Explicit
08-05 11:25:38.954 13125 13151 I art     : Explicit concurrent mark sweep GC freed 9(288B) AllocSpace objects, 0(0B) LOS objects, 35% free, 29MB/45MB, paused 450us total 33.146ms
08-05 11:25:38.968 13125 13151 I art     : Starting a blocking GC Explicit
08-05 11:25:39.003 13125 13151 I art     : Explicit concurrent mark sweep GC freed 9(288B) AllocSpace objects, 0(0B) LOS objects, 35% free, 29MB/45MB, paused 406us total 34.952ms
08-05 11:25:39.325 13125 13136 I art     : Starting a blocking GC Explicit
08-05 11:25:39.358 13125 13136 I art     : Explicit concurrent mark sweep GC freed 1613(96KB) AllocSpace objects, 1(20KB) LOS objects, 35% free, 29MB/45MB, paused 328us total 32.692ms
08-05 11:25:39.370 13125 13136 I art     : Starting a blocking GC Explicit
08-05 11:25:39.401 13125 13136 I art     : Explicit concurrent mark sweep GC freed 31(1056B) AllocSpace objects, 0(0B) LOS objects, 35% free, 29MB/45MB, paused 255us total 31.275ms
08-05 11:25:39.415 13125 13136 I art     : Starting a blocking GC Explicit
08-05 11:25:39.448 13125 13136 I art     : Explicit concurrent mark sweep GC freed 14(448B) AllocSpace objects, 0(0B) LOS objects, 35% free, 29MB/45MB, paused 339us total 32.689ms
08-05 11:25:39.459 13125 13136 I art     : Starting a blocking GC Explicit
08-05 11:25:39.492 13125 13136 I art     : Explicit concurrent mark sweep GC freed 12(384B) AllocSpace objects, 0(0B) LOS objects, 35% free, 29MB/45MB, paused 342us total 33.223ms
08-05 11:25:39.505 13125 13136 I art     : Starting a blocking GC Explicit
08-05 11:25:39.537 13125 13136 I art     : Explicit concurrent mark sweep GC freed 15(480B) AllocSpace objects, 0(0B) LOS objects, 35% free, 29MB/45MB, paused 316us total 31.132ms
08-05 11:25:39.715   518   646 I ThermalEngine: ACTION: GPU - Setting GPU[0] to 510000000
08-05 11:25:39.875 13125 14565 I art     : Starting a blocking GC Explicit
08-05 11:25:39.918 13125 14565 I art     : Explicit concurrent mark sweep GC freed 1651(128KB) AllocSpace objects, 1(20KB) LOS objects, 35% free, 29MB/45MB, paused 490us total 43ms
08-05 11:25:39.934 13125 14565 I art     : Starting a blocking GC Explicit
08-05 11:25:39.967 13125 14565 I art     : Explicit concurrent mark sweep GC freed 86(2912B) AllocSpace objects, 0(0B) LOS objects, 35% free, 29MB/45MB, paused 403us total 33.391ms
08-05 11:25:39.981 13125 14565 I art     : Starting a blocking GC Explicit
08-05 11:25:40.018 13125 14565 I art     : Explicit concurrent mark sweep GC freed 3(96B) AllocSpace objects, 0(0B) LOS objects, 35% free, 29MB/45MB, paused 379us total 36.449ms
08-05 11:25:40.033 13125 14565 I art     : Starting a blocking GC Explicit
08-05 11:25:40.068 13125 14565 I art     : Explicit concurrent mark sweep GC freed 3(96B) AllocSpace objects, 0(0B) LOS objects, 35% free, 29MB/45MB, paused 340us total 34.783ms
08-05 11:25:40.082 13125 14565 I art     : Starting a blocking GC Explicit
08-05 11:25:40.120 13125 14565 I art     : Explicit concurrent mark sweep GC freed 3(96B) AllocSpace objects, 0(0B) LOS objects, 35% free, 29MB/45MB, paused 447us total 37.732ms
08-05 11:25:40.470 13125 13137 I art     : Starting a blocking GC Explicit
08-05 11:25:40.509 13125 13137 I art     : Explicit concurrent mark sweep GC freed 1403(85KB) AllocSpace objects, 1(20KB) LOS objects, 35% free, 29MB/45MB, paused 491us total 38.822ms
08-05 11:25:40.528 13125 13137 I art     : Starting a blocking GC Explicit
08-05 11:25:40.564 13125 13137 I art     : Explicit concurrent mark sweep GC freed 20(704B) AllocSpace objects, 0(0B) LOS objects, 35% free, 29MB/45MB, paused 340us total 35.730ms
08-05 11:25:40.578 13125 13137 I art     : Starting a blocking GC Explicit
08-05 11:25:40.621 13125 13137 I art     : Explicit concurrent mark sweep GC freed 3(96B) AllocSpace objects, 0(0B) LOS objects, 35% free, 29MB/45MB, paused 476us total 42.073ms
08-05 11:25:40.635 13125 13137 I art     : Starting a blocking GC Explicit
08-05 11:25:40.673 13125 13137 I art     : Explicit concurrent mark sweep GC freed 3(96B) AllocSpace objects, 0(0B) LOS objects, 35% free, 29MB/45MB, paused 389us total 36.871ms
08-05 11:25:40.687 13125 13137 I art     : Starting a blocking GC Explicit
08-05 11:25:40.718   518   646 I ThermalEngine: ACTION: GPU - Setting GPU[0] to 450000000
08-05 11:25:40.733 13125 13137 I art     : Explicit concurrent mark sweep GC freed 3(96B) AllocSpace objects, 0(0B) LOS objects, 35% free, 29MB/45MB, paused 503us total 46.194ms
08-05 11:25:41.149 13125 13137 I art     : Starting a blocking GC Explicit
08-05 11:25:41.201 13125 13137 I art     : Explicit concurrent mark sweep GC freed 1357(82KB) AllocSpace objects, 1(20KB) LOS objects, 35% free, 29MB/45MB, paused 454us total 51.328ms
08-05 11:25:41.225 13125 13137 I art     : Starting a blocking GC Explicit
08-05 11:25:41.273 13125 13137 I art     : Explicit concurrent mark sweep GC freed 20(704B) AllocSpace objects, 0(0B) LOS objects, 35% free, 29MB/45MB, paused 449us total 47.465ms
08-05 11:25:41.291 13125 13137 I art     : Starting a blocking GC Explicit
08-05 11:25:41.345 13125 13137 I art     : Explicit concurrent mark sweep GC freed 3(96B) AllocSpace objects, 0(0B) LOS objects, 35% free, 29MB/45MB, paused 447us total 53.214ms
08-05 11:25:41.364 13125 13137 I art     : Starting a blocking GC Explicit
08-05 11:25:41.413 13125 13137 I art     : Explicit concurrent mark sweep GC freed 3(96B) AllocSpace objects, 0(0B) LOS objects, 35% free, 29MB/45MB, paused 535us total 48.662ms
08-05 11:25:41.436 13125 13137 I art     : Starting a blocking GC Explicit
08-05 11:25:41.483 13125 13137 I art     : Explicit concurrent mark sweep GC freed 3(96B) AllocSpace objects, 0(0B) LOS objects, 35% free, 29MB/45MB, paused 469us total 47.121ms
08-05 11:25:41.886 13125 13356 I art     : Starting a blocking GC Explicit
08-05 11:25:41.942 13125 13356 I art     : Explicit concurrent mark sweep GC freed 1357(82KB) AllocSpace objects, 1(20KB) LOS objects, 35% free, 29MB/45MB, paused 484us total 54.816ms
08-05 11:25:41.960 13125 13356 I art     : Starting a blocking GC Explicit
08-05 11:25:42.006 13125 13356 I art     : Explicit concurrent mark sweep GC freed 20(704B) AllocSpace objects, 0(0B) LOS objects, 35% free, 29MB/45MB, paused 437us total 45.656ms
08-05 11:25:42.029 13125 13356 I art     : Starting a blocking GC Explicit
08-05 11:25:42.074 13125 13356 I art     : Explicit concurrent mark sweep GC freed 3(96B) AllocSpace objects, 0(0B) LOS objects, 35% free, 29MB/45MB, paused 443us total 44.693ms
08-05 11:25:42.093 13125 13356 I art     : Starting a blocking GC Explicit
08-05 11:25:42.134 13125 13356 I art     : Explicit concurrent mark sweep GC freed 3(96B) AllocSpace objects, 0(0B) LOS objects, 35% free, 29MB/45MB, paused 420us total 41.243ms
08-05 11:25:42.152 13125 13356 I art     : Starting a blocking GC Explicit
08-05 11:25:42.194 13125 13356 I art     : Explicit concurrent mark sweep GC freed 3(96B) AllocSpace objects, 0(0B) LOS objects, 35% free, 29MB/45MB, paused 494us total 41.608ms
08-05 11:25:42.387 15994 15994 D AndroidRuntime: >>>>>> START com.android.internal.os.RuntimeInit uid 2000 <<<<<<
08-05 11:25:42.392 15994 15994 D AndroidRuntime: CheckJNI is OFF
08-05 11:25:42.432 15994 15994 D ICU     : No timezone override file found: /data/misc/zoneinfo/current/icu/icu_tzdata.dat
08-05 11:25:42.473 15994 15994 I Radio-JNI: register_android_hardware_Radio DONE
08-05 11:25:42.501 15994 15994 D AndroidRuntime: Calling main entry com.android.commands.input.Input
08-05 11:25:42.503 15994 15994 I Input   : injectKeyEvent: KeyEvent { action=ACTION_DOWN, keyCode=KEYCODE_BACK, scanCode=0, metaState=0, flags=0x0, repeatCount=0, eventTime=789958916, downTime=789958916, deviceId=-1, source=0x101 }
08-05 11:25:42.512 15994 15994 I Input   : injectKeyEvent: KeyEvent { action=ACTION_UP, keyCode=KEYCODE_BACK, scanCode=0, metaState=0, flags=0x0, repeatCount=0, eventTime=789958916, downTime=789958916, deviceId=-1, source=0x101 }
08-05 11:25:42.523 15994 15994 D AndroidRuntime: Shutting down VM
08-05 11:25:42.602 13866 13866 I GoogleInputMethodServic: GoogleInputMethodService.onFinishInput():3138 
08-05 11:25:42.602 13866 13866 I GoogleInputMethodServic: GoogleInputMethodService.onStartInput():1808 
08-05 11:25:42.631 13125 13137 I art     : Starting a blocking GC Explicit
08-05 11:25:42.672 13125 13137 I art     : Explicit concurrent mark sweep GC freed 1622(91KB) AllocSpace objects, 1(20KB) LOS objects, 35% free, 29MB/45MB, paused 431us total 40.558ms
08-05 11:25:42.689 13125 13137 I art     : Starting a blocking GC Explicit
08-05 11:25:42.731 13125 13137 I art     : Explicit concurrent mark sweep GC freed 25(912B) AllocSpace objects, 0(0B) LOS objects, 35% free, 29MB/45MB, paused 413us total 41.484ms
08-05 11:25:42.749 13125 13137 I art     : Starting a blocking GC Explicit
08-05 11:25:42.795 13125 13137 I art     : Explicit concurrent mark sweep GC freed 3(96B) AllocSpace objects, 0(0B) LOS objects, 35% free, 29MB/45MB, paused 465us total 45.365ms
08-05 11:25:42.814 13125 13137 I art     : Starting a blocking GC Explicit
08-05 11:25:42.864 13125 13137 I art     : Explicit concurrent mark sweep GC freed 3(96B) AllocSpace objects, 0(0B) LOS objects, 35% free, 29MB/45MB, paused 429us total 50.207ms
08-05 11:25:42.888 13125 13137 I art     : Starting a blocking GC Explicit
08-05 11:25:42.930   380   380 W SurfaceFlinger: couldn't log to binary event log: overflow.
08-05 11:25:42.939 13125 13137 I art     : Explicit concurrent mark sweep GC freed 54(1952B) AllocSpace objects, 0(0B) LOS objects, 35% free, 29MB/45MB, paused 686us total 51.105ms
08-05 11:25:42.968   918  3263 D ConnectivityService: releasing NetworkRequest NetworkRequest [ id=3213, legacyType=-1, [ Capabilities: INTERNET&NOT_RESTRICTED&TRUSTED] ]
08-05 11:25:43.252 13125 14565 I art     : Starting a blocking GC Explicit
08-05 11:25:43.311 13125 14565 I art     : Explicit concurrent mark sweep GC freed 2210(123KB) AllocSpace objects, 1(20KB) LOS objects, 35% free, 29MB/45MB, paused 591us total 58.823ms
08-05 11:25:43.334 13125 14565 I art     : Starting a blocking GC Explicit
08-05 11:25:43.381 13125 14565 I art     : Explicit concurrent mark sweep GC freed 2108(123KB) AllocSpace objects, 1(28KB) LOS objects, 35% free, 29MB/45MB, paused 537us total 47.082ms
08-05 11:25:43.400 13125 14565 I art     : Starting a blocking GC Explicit
08-05 11:25:43.445 13125 14565 I art     : Explicit concurrent mark sweep GC freed 3(96B) AllocSpace objects, 0(0B) LOS objects, 35% free, 29MB/45MB, paused 486us total 45.133ms
08-05 11:25:43.465 13125 14565 I art     : Starting a blocking GC Explicit
08-05 11:25:43.510 13125 14565 I art     : Explicit concurrent mark sweep GC freed 3(96B) AllocSpace objects, 0(0B) LOS objects, 35% free, 29MB/45MB, paused 457us total 45.063ms
08-05 11:25:43.529 13125 14565 I art     : Starting a blocking GC Explicit
08-05 11:25:43.574 13125 14565 I art     : Explicit concurrent mark sweep GC freed 3(96B) AllocSpace objects, 0(0B) LOS objects, 35% free, 29MB/45MB, paused 483us total 44.971ms
08-05 11:25:43.723   518   646 I ThermalEngine: ACTION: GPU - Setting GPU[0] to 510000000
08-05 11:25:43.892 13125 13356 I art     : Starting a blocking GC Explicit
08-05 11:25:43.931 13125 13356 I art     : Explicit concurrent mark sweep GC freed 1357(82KB) AllocSpace objects, 1(20KB) LOS objects, 35% free, 29MB/45MB, paused 381us total 38.354ms
08-05 11:25:43.945 13125 13356 I art     : Starting a blocking GC Explicit
08-05 11:25:43.982 13125 13356 I art     : Explicit concurrent mark sweep GC freed 20(704B) AllocSpace objects, 0(0B) LOS objects, 35% free, 29MB/45MB, paused 419us total 36.624ms
08-05 11:25:43.996 13125 13356 I art     : Starting a blocking GC Explicit
08-05 11:25:44.032 13125 13356 I art     : Explicit concurrent mark sweep GC freed 3(96B) AllocSpace objects, 0(0B) LOS objects, 35% free, 29MB/45MB, paused 370us total 35.750ms
08-05 11:25:44.046 13125 13356 I art     : Starting a blocking GC Explicit
08-05 11:25:44.083 13125 13356 I art     : Explicit concurrent mark sweep GC freed 3(96B) AllocSpace objects, 0(0B) LOS objects, 35% free, 29MB/45MB, paused 424us total 36.710ms
08-05 11:25:44.097 13125 13356 I art     : Starting a blocking GC Explicit
08-05 11:25:44.133 13125 13356 I art     : Explicit concurrent mark sweep GC freed 3(96B) AllocSpace objects, 0(0B) LOS objects, 35% free, 29MB/45MB, paused 366us total 35.539ms
08-05 11:25:44.190 16029 16029 D AndroidRuntime: >>>>>> START com.android.internal.os.RuntimeInit uid 2000 <<<<<<
08-05 11:25:44.195 16029 16029 D AndroidRuntime: CheckJNI is OFF
08-05 11:25:44.229 16029 16029 D ICU     : No timezone override file found: /data/misc/zoneinfo/current/icu/icu_tzdata.dat
08-05 11:25:44.262 16029 16029 I Radio-JNI: register_android_hardware_Radio DONE
08-05 11:25:44.284 16029 16029 D AndroidRuntime: Calling main entry com.android.commands.input.Input
08-05 11:25:44.286 16029 16029 I Input   : injectKeyEvent: KeyEvent { action=ACTION_DOWN, keyCode=KEYCODE_BACK, scanCode=0, metaState=0, flags=0x0, repeatCount=0, eventTime=789960699, downTime=789960699, deviceId=-1, source=0x101 }
08-05 11:25:44.297 16029 16029 I Input   : injectKeyEvent: KeyEvent { action=ACTION_UP, keyCode=KEYCODE_BACK, scanCode=0, metaState=0, flags=0x0, repeatCount=0, eventTime=789960699, downTime=789960699, deviceId=-1, source=0x101 }
08-05 11:25:44.304 16029 16029 D AndroidRuntime: Shutting down VM
08-05 11:25:44.345 13866 13866 I GoogleInputMethodServic: GoogleInputMethodService.onFinishInput():3138 
08-05 11:25:44.346 13866 13866 I GoogleInputMethodServic: GoogleInputMethodService.onStartInput():1808 
08-05 11:25:44.432 13125 13356 I art     : Starting a blocking GC Explicit
08-05 11:25:44.472 13125 13356 I art     : Explicit concurrent mark sweep GC freed 1536(88KB) AllocSpace objects, 1(20KB) LOS objects, 35% free, 29MB/45MB, paused 449us total 40.004ms
08-05 11:25:44.488 13125 13356 I art     : Starting a blocking GC Explicit
08-05 11:25:44.524 13125 13356 I art     : Explicit concurrent mark sweep GC freed 24(864B) AllocSpace objects, 0(0B) LOS objects, 35% free, 29MB/45MB, paused 319us total 35.799ms
08-05 11:25:44.538 13125 13356 I art     : Starting a blocking GC Explicit
08-05 11:25:44.573 13125 13356 I art     : Explicit concurrent mark sweep GC freed 3(96B) AllocSpace objects, 0(0B) LOS objects, 35% free, 29MB/45MB, paused 328us total 34.909ms
08-05 11:25:44.588 13125 13356 I art     : Starting a blocking GC Explicit
08-05 11:25:44.632 13125 13356 I art     : Explicit concurrent mark sweep GC freed 3(96B) AllocSpace objects, 0(0B) LOS objects, 35% free, 29MB/45MB, paused 320us total 44.346ms
08-05 11:25:44.647 13125 13356 I art     : Starting a blocking GC Explicit
08-05 11:25:44.683 13125 13356 I art     : Explicit concurrent mark sweep GC freed 67(2448B) AllocSpace objects, 0(0B) LOS objects, 35% free, 29MB/45MB, paused 378us total 34.993ms
08-05 11:25:45.006 13125 13151 I art     : Starting a blocking GC Explicit
08-05 11:25:45.063 13125 13151 I art     : Explicit concurrent mark sweep GC freed 1488(89KB) AllocSpace objects, 1(20KB) LOS objects, 35% free, 29MB/45MB, paused 476us total 56.090ms
08-05 11:25:45.081 13125 13151 I art     : Starting a blocking GC Explicit
08-05 11:25:45.121 13125 13151 I art     : Explicit concurrent mark sweep GC freed 20(704B) AllocSpace objects, 0(0B) LOS objects, 35% free, 29MB/45MB, paused 410us total 39.754ms
08-05 11:25:45.136 13125 13151 I art     : Starting a blocking GC Explicit
08-05 11:25:45.174 13125 13151 I art     : Explicit concurrent mark sweep GC freed 3(96B) AllocSpace objects, 0(0B) LOS objects, 35% free, 29MB/45MB, paused 404us total 38.667ms
08-05 11:25:45.189 13125 13151 I art     : Starting a blocking GC Explicit
08-05 11:25:45.228 13125 13151 I art     : Explicit concurrent mark sweep GC freed 3(96B) AllocSpace objects, 0(0B) LOS objects, 35% free, 29MB/45MB, paused 419us total 39.474ms
08-05 11:25:45.243 13125 13151 I art     : Starting a blocking GC Explicit
08-05 11:25:45.283 13125 13151 I art     : Explicit concurrent mark sweep GC freed 3(96B) AllocSpace objects, 0(0B) LOS objects, 35% free, 29MB/45MB, paused 424us total 39.222ms
08-05 11:25:45.612 13125 14565 I art     : Starting a blocking GC Explicit
08-05 11:25:45.651 13125 14565 I art     : Explicit concurrent mark sweep GC freed 1357(82KB) AllocSpace objects, 1(20KB) LOS objects, 35% free, 29MB/45MB, paused 443us total 38.913ms
08-05 11:25:45.665 13125 14565 I art     : Starting a blocking GC Explicit
08-05 11:25:45.703 13125 14565 I art     : Explicit concurrent mark sweep GC freed 20(704B) AllocSpace objects, 0(0B) LOS objects, 35% free, 29MB/45MB, paused 424us total 37.765ms
08-05 11:25:45.717 13125 14565 I art     : Starting a blocking GC Explicit
08-05 11:25:45.754 13125 14565 I art     : Explicit concurrent mark sweep GC freed 3(96B) AllocSpace objects, 0(0B) LOS objects, 35% free, 29MB/45MB, paused 405us total 36.381ms
08-05 11:25:45.768 13125 14565 I art     : Starting a blocking GC Explicit
08-05 11:25:45.805 13125 14565 I art     : Explicit concurrent mark sweep GC freed 3(96B) AllocSpace objects, 0(0B) LOS objects, 35% free, 29MB/45MB, paused 397us total 36.806ms
08-05 11:25:45.819 13125 14565 I art     : Starting a blocking GC Explicit
08-05 11:25:45.856 13125 14565 I art     : Explicit concurrent mark sweep GC freed 3(96B) AllocSpace objects, 0(0B) LOS objects, 35% free, 29MB/45MB, paused 402us total 37.371ms
08-05 11:25:45.968 16084 16084 D AndroidRuntime: >>>>>> START com.android.internal.os.RuntimeInit uid 2000 <<<<<<
08-05 11:25:45.974 16084 16084 D AndroidRuntime: CheckJNI is OFF
08-05 11:25:46.010 16084 16084 D ICU     : No timezone override file found: /data/misc/zoneinfo/current/icu/icu_tzdata.dat
08-05 11:25:46.043 16084 16084 I Radio-JNI: register_android_hardware_Radio DONE
08-05 11:25:46.065 16084 16084 D AndroidRuntime: Calling main entry com.android.commands.input.Input
08-05 11:25:46.066 16084 16084 I Input   : injectMotionEvent: MotionEvent { action=ACTION_DOWN, actionButton=0, id[0]=0, x[0]=600.0, y[0]=1733.0, toolType[0]=TOOL_TYPE_UNKNOWN, buttonState=0, metaState=0, flags=0x0, edgeFlags=0x0, pointerCount=1, historySize=0, eventTime=789962479, downTime=789962479, deviceId=0, source=0x1002 }
08-05 11:25:46.072 16084 16084 I Input   : injectMotionEvent: MotionEvent { action=ACTION_UP, actionButton=0, id[0]=0, x[0]=600.0, y[0]=1733.0, toolType[0]=TOOL_TYPE_UNKNOWN, buttonState=0, metaState=0, flags=0x0, edgeFlags=0x0, pointerCount=1, historySize=0, eventTime=789962479, downTime=789962479, deviceId=0, source=0x1002 }
08-05 11:25:46.073 16084 16084 D AndroidRuntime: Shutting down VM
08-05 11:25:46.087   918   928 I ActivityManager: START u0 {dat=https://oauth.reddit.com/... cmp=baseline.org.quantumbadger.redreader/.activities.PostListingActivity} from uid 10689 on display 0
08-05 11:25:46.088   512  2967 D audio_hw_primary: out_set_parameters: enter: usecase(1: low-latency-playback) kvpairs: routing=2
08-05 11:25:46.103   512  2967 D audio_hw_primary: select_devices: out_snd_device(2: speaker) in_snd_device(0: none)
08-05 11:25:46.103   512  2967 D msm8974_platform: platform_send_audio_calibration: sending audio calibration for snd_device(2) acdb_id(15)
08-05 11:25:46.103   512  2967 I soundtrigger: audio_extn_sound_trigger_update_device_status: device 0x2 of type 0 for Event 1
08-05 11:25:46.115   512  2967 D audio_hw_primary: enable_snd_device: snd_device(2: speaker)
08-05 11:25:46.117   512  2967 D audio_hw_primary: enable_audio_route: apply and update mixer path: low-latency-playback speaker
08-05 11:25:46.121 13125 13125 I AppCompatViewInflater: app:theme is now deprecated. Please move to using android:theme instead.
08-05 11:25:46.162 13125 16108 D OK      : calling: https://oauth.reddit.com/r/aww/about.json
08-05 11:25:46.187 13125 13356 I art     : Starting a blocking GC Explicit
08-05 11:25:46.222 13125 13356 I art     : Explicit concurrent mark sweep GC freed 2826(179KB) AllocSpace objects, 1(20KB) LOS objects, 35% free, 29MB/45MB, paused 624us total 34.728ms
08-05 11:25:46.239 13125 13356 I art     : Starting a blocking GC Explicit
08-05 11:25:46.241   918   936 I ActivityManager: Displayed baseline.org.quantumbadger.redreader/.activities.PostListingActivity: +143ms
08-05 11:25:46.242 13866 13866 I GoogleInputMethodServic: GoogleInputMethodService.onFinishInput():3138 
08-05 11:25:46.242 13866 13866 I GoogleInputMethodServic: GoogleInputMethodService.onStartInput():1808 
08-05 11:25:46.275 13125 13356 I art     : Explicit concurrent mark sweep GC freed 538(27KB) AllocSpace objects, 0(0B) LOS objects, 35% free, 29MB/45MB, paused 481us total 36.146ms
08-05 11:25:46.289 13125 13356 I art     : Starting a blocking GC Explicit
08-05 11:25:46.323 13125 13356 I art     : Explicit concurrent mark sweep GC freed 133(8KB) AllocSpace objects, 0(0B) LOS objects, 35% free, 29MB/45MB, paused 413us total 33.734ms
08-05 11:25:46.338 13125 13356 I art     : Starting a blocking GC Explicit
08-05 11:25:46.376 13125 13356 I art     : Explicit concurrent mark sweep GC freed 1862(73KB) AllocSpace objects, 0(0B) LOS objects, 35% free, 29MB/45MB, paused 727us total 38.487ms
08-05 11:25:46.392 13125 13356 I art     : Starting a blocking GC Explicit
08-05 11:25:46.435 13125 13356 I art     : Explicit concurrent mark sweep GC freed 170(6KB) AllocSpace objects, 0(0B) LOS objects, 35% free, 29MB/45MB, paused 518us total 42.124ms
08-05 11:25:46.502   380   380 W SurfaceFlinger: couldn't log to binary event log: overflow.
08-05 11:25:46.528 13125 16108 I NAPPA_EXPERIMENTATION: MetricNetworkRequestExecutionTime: REQUEST_DURATION_SYSTEM='365',REQUEST_DURATION_OKHTTP='148',REQUEST_SYNCHRONOUS='TRUE',RESPONSE_CODE='200',RESPONSE_METHOD='GET',RESPONSE_LENGTH_OKHTTP='-1',RESPONSE_LENGTH_HEADER='3478',REQUEST_PROTOCOL='h2',REQUEST_URL='https://oauth.reddit.com/r/aww/about.json',
08-05 11:25:46.528 13125 16108 D OK      : request got status: 200
08-05 11:25:46.662   512  2967 D audio_hw_primary: disable_audio_route: reset and update mixer path: low-latency-playback speaker
08-05 11:25:46.664   512  2967 D audio_hw_primary: disable_snd_device: snd_device(2: speaker)
08-05 11:25:46.672   512  2967 I soundtrigger: audio_extn_sound_trigger_update_device_status: device 0x2 of type 0 for Event 0
08-05 11:25:46.729 13125 13356 I art     : Starting a blocking GC Explicit
08-05 11:25:46.769 13125 13356 I art     : Explicit concurrent mark sweep GC freed 3105(288KB) AllocSpace objects, 3(156KB) LOS objects, 35% free, 29MB/45MB, paused 469us total 40.080ms
08-05 11:25:46.785 13125 13356 I art     : Starting a blocking GC Explicit
08-05 11:25:46.823 13125 13356 I art     : Explicit concurrent mark sweep GC freed 201(10KB) AllocSpace objects, 0(0B) LOS objects, 35% free, 29MB/45MB, paused 410us total 37.720ms
08-05 11:25:46.838 13125 13356 I art     : Starting a blocking GC Explicit
08-05 11:25:46.876 13125 13356 I art     : Explicit concurrent mark sweep GC freed 16(640B) AllocSpace objects, 0(0B) LOS objects, 35% free, 29MB/45MB, paused 389us total 38.178ms
08-05 11:25:46.890 13125 13356 I art     : Starting a blocking GC Explicit
08-05 11:25:46.932 13125 13356 I art     : Explicit concurrent mark sweep GC freed 25(1024B) AllocSpace objects, 0(0B) LOS objects, 35% free, 29MB/45MB, paused 421us total 41.959ms
08-05 11:25:46.947 13125 13356 I art     : Starting a blocking GC Explicit
08-05 11:25:46.985 13125 13356 I art     : Explicit concurrent mark sweep GC freed 3(96B) AllocSpace objects, 0(0B) LOS objects, 35% free, 29MB/45MB, paused 420us total 37.030ms
08-05 11:25:47.291 13125 13151 I art     : Starting a blocking GC Explicit
08-05 11:25:47.331 13125 13151 I art     : Explicit concurrent mark sweep GC freed 1381(83KB) AllocSpace objects, 1(20KB) LOS objects, 35% free, 29MB/45MB, paused 438us total 40.245ms
08-05 11:25:47.346 13125 13151 I art     : Starting a blocking GC Explicit
08-05 11:25:47.363 13125 16133 D OK      : calling: https://oauth.reddit.com/r/aww/hot/.json
08-05 11:25:47.385 13125 13151 I art     : Explicit concurrent mark sweep GC freed 111(4KB) AllocSpace objects, 0(0B) LOS objects, 35% free, 29MB/45MB, paused 480us total 38.366ms
08-05 11:25:47.399 13125 13151 I art     : Starting a blocking GC Explicit
08-05 11:25:47.437 13125 13151 I art     : Explicit concurrent mark sweep GC freed 10(384B) AllocSpace objects, 0(0B) LOS objects, 35% free, 29MB/45MB, paused 605us total 37.969ms
08-05 11:25:47.451 13125 13151 I art     : Starting a blocking GC Explicit
08-05 11:25:47.490 13125 13151 I art     : Explicit concurrent mark sweep GC freed 3(96B) AllocSpace objects, 0(0B) LOS objects, 35% free, 29MB/45MB, paused 426us total 38.267ms
08-05 11:25:47.504 13125 13151 I art     : Starting a blocking GC Explicit
08-05 11:25:47.541 13125 16133 I NAPPA_EXPERIMENTATION: MetricNetworkRequestExecutionTime: REQUEST_DURATION_SYSTEM='177',REQUEST_DURATION_OKHTTP='173',REQUEST_SYNCHRONOUS='TRUE',RESPONSE_CODE='200',RESPONSE_METHOD='GET',RESPONSE_LENGTH_OKHTTP='-1',RESPONSE_LENGTH_HEADER='33430',REQUEST_PROTOCOL='h2',REQUEST_URL='https://oauth.reddit.com/r/aww/hot/.json',
08-05 11:25:47.541 13125 16133 D OK      : request got status: 200
08-05 11:25:47.543 13125 13151 I art     : Explicit concurrent mark sweep GC freed 329(27KB) AllocSpace objects, 0(0B) LOS objects, 35% free, 29MB/45MB, paused 554us total 38.262ms
08-05 11:25:47.558 13125 13690 I PostListingFragment: Precaching images: OFF
08-05 11:25:47.558 13125 13690 I PostListingFragment: Precaching comments: OFF
08-05 11:25:47.567 13125 16134 D OK      : calling: https://b.thumbs.redditmedia.com/CKInrczASoQbNvSBStGz11Tok0uCyQoxmZ02sOE37sQ.jpg
08-05 11:25:47.578 13125 13690 I getImgurImageInfo: Image NSO7Npm: trying API v3 with auth
08-05 11:25:47.578 13125 16135 D OK      : calling: https://a.thumbs.redditmedia.com/sKVnLbatvJCZOE2ooe6CgiEftOB3ukgPMdcydbk9CZ4.jpg
08-05 11:25:47.581 13125 16136 D OK      : calling: https://a.thumbs.redditmedia.com/dFt2-stQJkfZ8O7r7ywG9GQsF08fZXxEJfQtAmiJ-F8.jpg
08-05 11:25:47.583 13125 16137 D OK      : calling: https://api.gfycat.com/v1/gfycats/deadlygravecavy
08-05 11:25:47.588 13125 16138 D OK      : calling: https://b.thumbs.redditmedia.com/1cAaKl6LkrikiRbLsBzzOvufKqRKuPi3wgjUkX8axkI.jpg
08-05 11:25:47.592 13125 16139 D OK      : calling: https://api.imgur.com/3/image/NSO7Npm
08-05 11:25:47.592 13125 16140 D OK      : calling: https://b.thumbs.redditmedia.com/NUqJWcobH7ToYhCM0w6nnAFZ46ymm9vPD25BC3s7Wco.jpg
08-05 11:25:47.596 13125 16142 D OK      : calling: https://b.thumbs.redditmedia.com/bUY4al781EZ3q7hUlnLebemHCXE3e63_SSxl2uo4Q4A.jpg
08-05 11:25:47.596 13125 16141 D OK      : calling: https://v.redd.it/fkewv2f65kd51/DASHPlaylist.mpd
08-05 11:25:47.599 13125 16143 D OK      : calling: https://b.thumbs.redditmedia.com/tTmEfIrujbsvZXbhNSQS6Pc7o7ShCaGqZHbYf7nWdfg.jpg
08-05 11:25:47.600 13125 16144 D OK      : calling: https://b.thumbs.redditmedia.com/_H8tFMmL5-3GrxYkCtMSHiyNfjbX8pxctOw_vrzyw7o.jpg
08-05 11:25:47.607 13125 16145 D OK      : calling: https://api.gfycat.com/v1/gfycats/altruisticthankfulankolewatusi
08-05 11:25:47.613 13125 16146 D OK      : calling: https://b.thumbs.redditmedia.com/JTSWFy2_tijPk6cA5noKDydEAMkMJcDmKQTSX178zwc.jpg
08-05 11:25:47.613 13125 16147 D OK      : calling: https://b.thumbs.redditmedia.com/N6fiqTp8nJD2l7sUz4nij7j1yHYMTKaflUIrn8E2bAU.jpg
08-05 11:25:47.615 13125 16148 D OK      : calling: https://b.thumbs.redditmedia.com/HkEQtny0bE4H3dMCd_woPsLAXBoPwp_DZ4ioFNIQLKk.jpg
08-05 11:25:47.616 13125 16149 D OK      : calling: https://b.thumbs.redditmedia.com/lVNra-iScxkYcYtSstJ-7J7pRAUDRXIwwJhsen1ZK9g.jpg
08-05 11:25:47.619 13125 16150 D OK      : calling: https://v.redd.it/ak6rer1hskd51/DASHPlaylist.mpd
08-05 11:25:47.622 13125 16152 D OK      : calling: https://api.gfycat.com/v1/gfycats/foolhardysparklinglarva
08-05 11:25:47.623 13125 16153 D OK      : calling: https://b.thumbs.redditmedia.com/X3yyAViE0gxiHR-kf9Z5xmLa8dKsm8iWJyKdWNVtOhU.jpg
08-05 11:25:47.627 13125 16151 D OK      : calling: https://b.thumbs.redditmedia.com/lQKqDneXS8E7ZBD9cUQy4OqOt8PuTneSvVFtnU0pwCE.jpg
08-05 11:25:47.628 13125 16154 D OK      : calling: https://b.thumbs.redditmedia.com/Bx9FZp8_w10DfFUf_mqVPMfu4Y0h2lo41Dh4tl2eNeQ.jpg
08-05 11:25:47.631 13125 16155 D OK      : calling: https://v.redd.it/h49fg58ygjd51/DASHPlaylist.mpd
08-05 11:25:47.633 13125 16156 D OK      : calling: https://a.thumbs.redditmedia.com/KpcC72KH04Be3BqxmFbv_Gz7LCy-24GU-70or3KCdJ4.jpg
08-05 11:25:47.640 13125 16157 D OK      : calling: https://a.thumbs.redditmedia.com/cEOtajy3CAQrjwSA3hhSqnPx8bfkRzglo7Lz1SBTmE0.jpg
08-05 11:25:47.640 13125 16158 D OK      : calling: https://v.redd.it/1ewzkieg0jd51/DASHPlaylist.mpd
08-05 11:25:47.648 13125 16159 D OK      : calling: https://b.thumbs.redditmedia.com/RrJbRRjFZWmckrONtkPTloJh52FfqD_XkLMuYuuQvAg.jpg
08-05 11:25:47.651 13125 16160 D OK      : calling: https://v.redd.it/ppmhu2r9thd51/DASHPlaylist.mpd
08-05 11:25:47.655 13125 16162 D OK      : calling: https://b.thumbs.redditmedia.com/B18Vu5Jw71XCkFOFHimnUC42ya8apHsmcCW-HFmtb6w.jpg
08-05 11:25:47.655 13125 16161 D OK      : calling: https://b.thumbs.redditmedia.com/chqK3f9u3D7UmfrGP85f4sOQFihMk6q7fFSeMyWs_7E.jpg
08-05 11:25:47.658 13125 16163 D OK      : calling: https://v.redd.it/s9qqadf3mid51/DASHPlaylist.mpd
08-05 11:25:47.660 13125 16164 D OK      : calling: https://b.thumbs.redditmedia.com/iZuzjufMpYUYtQRLjRwce4RDb6JYsId95_iezR2Uc0w.jpg
08-05 11:25:47.662 13125 16165 D OK      : calling: https://v.redd.it/b8vazlcb7ld51/DASHPlaylist.mpd
08-05 11:25:47.672 13125 16168 D OK      : calling: https://b.thumbs.redditmedia.com/XNb1kfskabGDLMqv661Q22hBtCb8w5oyePDcFaZi9aY.jpg
08-05 11:25:47.676 13125 16169 D OK      : calling: https://v.redd.it/ty24o02m1hd51/DASHPlaylist.mpd
08-05 11:25:47.679 13125 16171 D OK      : calling: https://b.thumbs.redditmedia.com/x5l4cICw0WNNvslt5FqVjwj89XrGjrXnNbaSyQRAyCo.jpg
08-05 11:25:47.680 13125 16170 D OK      : calling: https://b.thumbs.redditmedia.com/lMqJbh1Z40ffemA0TnSfVnovznn4hvJNue60AsJ-ETs.jpg
08-05 11:25:47.685 13125 16173 D OK      : calling: https://b.thumbs.redditmedia.com/189nmwjW7eGWBD0J-cxzsUac1V1ZWGzMFC66inY4u4Y.jpg
08-05 11:25:47.685 13125 16172 D OK      : calling: https://v.redd.it/ar5k8892pid51/DASHPlaylist.mpd
08-05 11:25:47.695 13125 16176 D OK      : calling: https://b.thumbs.redditmedia.com/d_-UsfmKASoIHi4vZyyjvvwFtm1S7-DEi9AQPOnGIgY.jpg
08-05 11:25:47.769 13125 13125 W RecyclerView: Cannot call this method in a scroll callback. Scroll callbacks mightbe run during a measure & layout pass where you cannot change theRecyclerView data. Any method call that might change the structureof the RecyclerView or the adapter contents should be postponed tothe next frame.
08-05 11:25:47.769 13125 13125 W RecyclerView: java.lang.IllegalStateException:  androidx.recyclerview.widget.RecyclerView{984d71f VFED..... .F....ID 0,0-1440,2140 #7f0900ef app:id/scrollbar_recyclerview_recyclerview}, adapter:baseline.org.quantumbadger.redreader.adapters.GroupedRecyclerViewAdapter@8153a6c, layout:androidx.recyclerview.widget.LinearLayoutManager@45ef835, context:baseline.org.quantumbadger.redreader.activities.PostListingActivity@dfb91a8
08-05 11:25:47.769 13125 13125 W RecyclerView: 	at androidx.recyclerview.widget.RecyclerView.assertNotInLayoutOrScroll(RecyclerView.java:3061)
08-05 11:25:47.769 13125 13125 W RecyclerView: 	at androidx.recyclerview.widget.RecyclerView$RecyclerViewDataObserver.onItemRangeInserted(RecyclerView.java:5555)
08-05 11:25:47.769 13125 13125 W RecyclerView: 	at androidx.recyclerview.widget.RecyclerView$AdapterDataObservable.notifyItemRangeInserted(RecyclerView.java:12278)
08-05 11:25:47.769 13125 13125 W RecyclerView: 	at androidx.recyclerview.widget.RecyclerView$Adapter.notifyItemInserted(RecyclerView.java:7464)
08-05 11:25:47.769 13125 13125 W RecyclerView: 	at baseline.org.quantumbadger.redreader.adapters.GroupedRecyclerViewAdapter.updateHiddenStatus(GroupedRecyclerViewAdapter.java:279)
08-05 11:25:47.769 13125 13125 W RecyclerView: 	at baseline.org.quantumbadger.redreader.adapters.RedditListingManager.setLoadingVisible(RedditListingManager.java:125)
08-05 11:25:47.769 13125 13125 W RecyclerView: 	at baseline.org.quantumbadger.redreader.fragments.PostListingFragment.onLoadMoreItemsCheck(PostListingFragment.java:465)
08-05 11:25:47.769 13125 13125 W RecyclerView: 	at baseline.org.quantumbadger.redreader.fragments.PostListingFragment.access$000(PostListingFragment.java:98)
08-05 11:25:47.769 13125 13125 W RecyclerView: 	at baseline.org.quantumbadger.redreader.fragments.PostListingFragment$2.onScrolled(PostListingFragment.java:215)
08-05 11:25:47.769 13125 13125 W RecyclerView: 	at androidx.recyclerview.widget.RecyclerView.dispatchOnScrolled(RecyclerView.java:5173)
08-05 11:25:47.769 13125 13125 W RecyclerView: 	at androidx.recyclerview.widget.RecyclerView.dispatchLayoutStep3(RecyclerView.java:4231)
08-05 11:25:47.769 13125 13125 W RecyclerView: 	at androidx.recyclerview.widget.RecyclerView.dispatchLayout(RecyclerView.java:3862)
08-05 11:25:47.769 13125 13125 W RecyclerView: 	at androidx.recyclerview.widget.RecyclerView.consumePendingUpdateOperations(RecyclerView.java:1897)
08-05 11:25:47.769 13125 13125 W RecyclerView: 	at androidx.recyclerview.widget.RecyclerView$1.run(RecyclerView.java:414)
08-05 11:25:47.769 13125 13125 W RecyclerView: 	at android.view.Choreographer$CallbackRecord.run(Choreographer.java:858)
08-05 11:25:47.769 13125 13125 W RecyclerView: 	at android.view.Choreographer.doCallbacks(Choreographer.java:670)
08-05 11:25:47.769 13125 13125 W RecyclerView: 	at android.view.Choreographer.doFrame(Choreographer.java:603)
08-05 11:25:47.769 13125 13125 W RecyclerView: 	at android.view.Choreographer$FrameDisplayEventReceiver.run(Choreographer.java:844)
08-05 11:25:47.769 13125 13125 W RecyclerView: 	at android.os.Handler.handleCallback(Handler.java:739)
08-05 11:25:47.769 13125 13125 W RecyclerView: 	at android.os.Handler.dispatchMessage(Handler.java:95)
08-05 11:25:47.769 13125 13125 W RecyclerView: 	at android.os.Looper.loop(Looper.java:148)
08-05 11:25:47.769 13125 13125 W RecyclerView: 	at android.app.ActivityThread.main(ActivityThread.java:5417)
08-05 11:25:47.769 13125 13125 W RecyclerView: 	at java.lang.reflect.Method.invoke(Native Method)
08-05 11:25:47.769 13125 13125 W RecyclerView: 	at com.android.internal.os.ZygoteInit$MethodAndArgsCaller.run(ZygoteInit.java:726)
08-05 11:25:47.769 13125 13125 W RecyclerView: 	at com.android.internal.os.ZygoteInit.main(ZygoteInit.java:616)
08-05 11:25:47.828 13125 13137 I art     : Starting a blocking GC Explicit
08-05 11:25:47.882 13125 13137 I art     : Explicit concurrent mark sweep GC freed 49885(2MB) AllocSpace objects, 3(156KB) LOS objects, 34% free, 30MB/46MB, paused 2.230ms total 54.596ms
08-05 11:25:47.897 13125 13137 I art     : Starting a blocking GC Explicit
08-05 11:25:47.942 13125 13137 I art     : Explicit concurrent mark sweep GC freed 2735(232KB) AllocSpace objects, 0(0B) LOS objects, 34% free, 30MB/46MB, paused 1.988ms total 44.658ms
08-05 11:25:47.956 13125 13137 I art     : Starting a blocking GC Explicit
08-05 11:25:48.003 13125 13137 I art     : Explicit concurrent mark sweep GC freed 288(88KB) AllocSpace objects, 0(0B) LOS objects, 34% free, 30MB/46MB, paused 1.908ms total 46.521ms
08-05 11:25:48.016 13125 13137 I art     : Starting a blocking GC Explicit
08-05 11:25:48.062 13125 13137 I art     : Explicit concurrent mark sweep GC freed 11405(487KB) AllocSpace objects, 0(0B) LOS objects, 34% free, 30MB/46MB, paused 2.353ms total 45.529ms
08-05 11:25:48.078 13125 13137 I art     : Starting a blocking GC Explicit
08-05 11:25:48.121 13125 13137 I art     : Explicit concurrent mark sweep GC freed 5008(292KB) AllocSpace objects, 0(0B) LOS objects, 34% free, 30MB/46MB, paused 2.410ms total 43.326ms
08-05 11:25:48.274 13125 16138 I NAPPA_EXPERIMENTATION: MetricNetworkRequestExecutionTime: REQUEST_DURATION_SYSTEM='686',REQUEST_DURATION_OKHTTP='252',REQUEST_SYNCHRONOUS='TRUE',RESPONSE_CODE='200',RESPONSE_METHOD='GET',RESPONSE_LENGTH_OKHTTP='5113',RESPONSE_LENGTH_HEADER='5113',REQUEST_PROTOCOL='h2',REQUEST_URL='https://b.thumbs.redditmedia.com/1cAaKl6LkrikiRbLsBzzOvufKqRKuPi3wgjUkX8axkI.jpg',
08-05 11:25:48.274 13125 16138 D OK      : request got status: 200
08-05 11:25:48.336   918  3188 I hubconnection: sensorhub said: 'set_bias 3: -6.7200, 0.0000, 0.0000'
08-05 11:25:48.433 13125 13356 I art     : Starting a blocking GC Explicit
08-05 11:25:48.467 13125 16140 I NAPPA_EXPERIMENTATION: MetricNetworkRequestExecutionTime: REQUEST_DURATION_SYSTEM='874',REQUEST_DURATION_OKHTTP='434',REQUEST_SYNCHRONOUS='TRUE',RESPONSE_CODE='200',RESPONSE_METHOD='GET',RESPONSE_LENGTH_OKHTTP='6242',RESPONSE_LENGTH_HEADER='6242',REQUEST_PROTOCOL='h2',REQUEST_URL='https://b.thumbs.redditmedia.com/NUqJWcobH7ToYhCM0w6nnAFZ46ymm9vPD25BC3s7Wco.jpg',
08-05 11:25:48.467 13125 16140 D OK      : request got status: 200
08-05 11:25:48.488 13125 13356 I art     : Explicit concurrent mark sweep GC freed 55855(2MB) AllocSpace objects, 4(128KB) LOS objects, 34% free, 30MB/46MB, paused 2.119ms total 54.367ms
08-05 11:25:48.502 13125 13356 I art     : Starting a blocking GC Explicit
08-05 11:25:48.543 13125 16135 I NAPPA_EXPERIMENTATION: MetricNetworkRequestExecutionTime: REQUEST_DURATION_SYSTEM='965',REQUEST_DURATION_OKHTTP='506',REQUEST_SYNCHRONOUS='TRUE',RESPONSE_CODE='200',RESPONSE_METHOD='GET',RESPONSE_LENGTH_OKHTTP='4487',RESPONSE_LENGTH_HEADER='4487',REQUEST_PROTOCOL='h2',REQUEST_URL='https://a.thumbs.redditmedia.com/sKVnLbatvJCZOE2ooe6CgiEftOB3ukgPMdcydbk9CZ4.jpg',
08-05 11:25:48.543 13125 16135 D OK      : request got status: 200
08-05 11:25:48.544 13125 13356 I art     : Explicit concurrent mark sweep GC freed 7309(444KB) AllocSpace objects, 2(148KB) LOS objects, 34% free, 30MB/46MB, paused 1.870ms total 41.918ms
08-05 11:25:48.558 13125 13356 I art     : Starting a blocking GC Explicit
08-05 11:25:48.563 13125 16235 D OK      : calling: https://oauth.reddit.com/r/aww/hot/.json?after=t3_hz5odc
08-05 11:25:48.569 13125 16134 I NAPPA_EXPERIMENTATION: MetricNetworkRequestExecutionTime: REQUEST_DURATION_SYSTEM='1002',REQUEST_DURATION_OKHTTP='516',REQUEST_SYNCHRONOUS='TRUE',RESPONSE_CODE='200',RESPONSE_METHOD='GET',RESPONSE_LENGTH_OKHTTP='3891',RESPONSE_LENGTH_HEADER='3891',REQUEST_PROTOCOL='h2',REQUEST_URL='https://b.thumbs.redditmedia.com/CKInrczASoQbNvSBStGz11Tok0uCyQoxmZ02sOE37sQ.jpg',
08-05 11:25:48.569 13125 16134 D OK      : request got status: 200
08-05 11:25:48.602 13125 13356 I art     : Explicit concurrent mark sweep GC freed 3413(266KB) AllocSpace objects, 11(684KB) LOS objects, 33% free, 31MB/47MB, paused 1.806ms total 43.967ms
08-05 11:25:48.616 13125 13356 I art     : Starting a blocking GC Explicit
08-05 11:25:48.624 13125 16142 I NAPPA_EXPERIMENTATION: MetricNetworkRequestExecutionTime: REQUEST_DURATION_SYSTEM='1028',REQUEST_DURATION_OKHTTP='564',REQUEST_SYNCHRONOUS='TRUE',RESPONSE_CODE='200',RESPONSE_METHOD='GET',RESPONSE_LENGTH_OKHTTP='6131',RESPONSE_LENGTH_HEADER='6131',REQUEST_PROTOCOL='h2',REQUEST_URL='https://b.thumbs.redditmedia.com/bUY4al781EZ3q7hUlnLebemHCXE3e63_SSxl2uo4Q4A.jpg',
08-05 11:25:48.624 13125 16142 D OK      : request got status: 200
08-05 11:25:48.654 13125 16136 I NAPPA_EXPERIMENTATION: MetricNetworkRequestExecutionTime: REQUEST_DURATION_SYSTEM='1073',REQUEST_DURATION_OKHTTP='582',REQUEST_SYNCHRONOUS='TRUE',RESPONSE_CODE='200',RESPONSE_METHOD='GET',RESPONSE_LENGTH_OKHTTP='6530',RESPONSE_LENGTH_HEADER='6530',REQUEST_PROTOCOL='h2',REQUEST_URL='https://a.thumbs.redditmedia.com/dFt2-stQJkfZ8O7r7ywG9GQsF08fZXxEJfQtAmiJ-F8.jpg',
08-05 11:25:48.654 13125 16136 D OK      : request got status: 200
08-05 11:25:48.657 13125 13356 I art     : Explicit concurrent mark sweep GC freed 982(88KB) AllocSpace objects, 5(304KB) LOS objects, 34% free, 30MB/46MB, paused 1.647ms total 40.365ms
08-05 11:25:48.672 13125 13356 I art     : Starting a blocking GC Explicit
08-05 11:25:48.718 13125 13356 I art     : Explicit concurrent mark sweep GC freed 405(72KB) AllocSpace objects, 8(376KB) LOS objects, 33% free, 31MB/47MB, paused 1.717ms total 46.520ms
08-05 11:25:48.730 13125 16147 I NAPPA_EXPERIMENTATION: MetricNetworkRequestExecutionTime: REQUEST_DURATION_SYSTEM='1117',REQUEST_DURATION_OKHTTP='645',REQUEST_SYNCHRONOUS='TRUE',RESPONSE_CODE='200',RESPONSE_METHOD='GET',RESPONSE_LENGTH_OKHTTP='7265',RESPONSE_LENGTH_HEADER='7265',REQUEST_PROTOCOL='h2',REQUEST_URL='https://b.thumbs.redditmedia.com/N6fiqTp8nJD2l7sUz4nij7j1yHYMTKaflUIrn8E2bAU.jpg',
08-05 11:25:48.730 13125 16147 D OK      : request got status: 200
08-05 11:25:48.764 13125 16139 I NAPPA_EXPERIMENTATION: MetricNetworkRequestExecutionTime: REQUEST_DURATION_SYSTEM='1172',REQUEST_DURATION_OKHTTP='682',REQUEST_SYNCHRONOUS='TRUE',RESPONSE_CODE='200',RESPONSE_METHOD='GET',RESPONSE_LENGTH_OKHTTP='-1',RESPONSE_LENGTH_HEADER='379',REQUEST_PROTOCOL='h2',REQUEST_URL='https://api.imgur.com/3/image/NSO7Npm',
08-05 11:25:48.765 13125 16139 D OK      : request got status: 200
08-05 11:25:48.776 13125 16143 I NAPPA_EXPERIMENTATION: MetricNetworkRequestExecutionTime: REQUEST_DURATION_SYSTEM='1177',REQUEST_DURATION_OKHTTP='640',REQUEST_SYNCHRONOUS='TRUE',RESPONSE_CODE='200',RESPONSE_METHOD='GET',RESPONSE_LENGTH_OKHTTP='5439',RESPONSE_LENGTH_HEADER='5439',REQUEST_PROTOCOL='h2',REQUEST_URL='https://b.thumbs.redditmedia.com/tTmEfIrujbsvZXbhNSQS6Pc7o7ShCaGqZHbYf7nWdfg.jpg',
08-05 11:25:48.776 13125 16143 D OK      : request got status: 200
08-05 11:25:48.814 13125 16148 I NAPPA_EXPERIMENTATION: MetricNetworkRequestExecutionTime: REQUEST_DURATION_SYSTEM='1198',REQUEST_DURATION_OKHTTP='674',REQUEST_SYNCHRONOUS='TRUE',RESPONSE_CODE='200',RESPONSE_METHOD='GET',RESPONSE_LENGTH_OKHTTP='8699',RESPONSE_LENGTH_HEADER='8699',REQUEST_PROTOCOL='h2',REQUEST_URL='https://b.thumbs.redditmedia.com/HkEQtny0bE4H3dMCd_woPsLAXBoPwp_DZ4ioFNIQLKk.jpg',
08-05 11:25:48.814 13125 16148 D OK      : request got status: 200
08-05 11:25:48.829 13125 16157 I NAPPA_EXPERIMENTATION: MetricNetworkRequestExecutionTime: REQUEST_DURATION_SYSTEM='1188',REQUEST_DURATION_OKHTTP='549',REQUEST_SYNCHRONOUS='TRUE',RESPONSE_CODE='200',RESPONSE_METHOD='GET',RESPONSE_LENGTH_OKHTTP='5648',RESPONSE_LENGTH_HEADER='5648',REQUEST_PROTOCOL='h2',REQUEST_URL='https://a.thumbs.redditmedia.com/cEOtajy3CAQrjwSA3hhSqnPx8bfkRzglo7Lz1SBTmE0.jpg',
08-05 11:25:48.829 13125 16157 D OK      : request got status: 200
08-05 11:25:48.862 13125 16149 I NAPPA_EXPERIMENTATION: MetricNetworkRequestExecutionTime: REQUEST_DURATION_SYSTEM='1245',REQUEST_DURATION_OKHTTP='694',REQUEST_SYNCHRONOUS='TRUE',RESPONSE_CODE='200',RESPONSE_METHOD='GET',RESPONSE_LENGTH_OKHTTP='4018',RESPONSE_LENGTH_HEADER='4018',REQUEST_PROTOCOL='h2',REQUEST_URL='https://b.thumbs.redditmedia.com/lVNra-iScxkYcYtSstJ-7J7pRAUDRXIwwJhsen1ZK9g.jpg',
08-05 11:25:48.862 13125 16149 D OK      : request got status: 200
08-05 11:25:48.964 13125 16156 I NAPPA_EXPERIMENTATION: MetricNetworkRequestExecutionTime: REQUEST_DURATION_SYSTEM='1330',REQUEST_DURATION_OKHTTP='578',REQUEST_SYNCHRONOUS='TRUE',RESPONSE_CODE='200',RESPONSE_METHOD='GET',RESPONSE_LENGTH_OKHTTP='4798',RESPONSE_LENGTH_HEADER='4798',REQUEST_PROTOCOL='h2',REQUEST_URL='https://a.thumbs.redditmedia.com/KpcC72KH04Be3BqxmFbv_Gz7LCy-24GU-70or3KCdJ4.jpg',
08-05 11:25:48.964 13125 16156 D OK      : request got status: 200
08-05 11:25:48.986 13125 16144 I NAPPA_EXPERIMENTATION: MetricNetworkRequestExecutionTime: REQUEST_DURATION_SYSTEM='1386',REQUEST_DURATION_OKHTTP='799',REQUEST_SYNCHRONOUS='TRUE',RESPONSE_CODE='200',RESPONSE_METHOD='GET',RESPONSE_LENGTH_OKHTTP='6434',RESPONSE_LENGTH_HEADER='6434',REQUEST_PROTOCOL='h2',REQUEST_URL='https://b.thumbs.redditmedia.com/_H8tFMmL5-3GrxYkCtMSHiyNfjbX8pxctOw_vrzyw7o.jpg',
08-05 11:25:48.987 13125 16144 D OK      : request got status: 200
08-05 11:25:48.996 13125 16150 I NAPPA_EXPERIMENTATION: MetricNetworkRequestExecutionTime: REQUEST_DURATION_SYSTEM='1377',REQUEST_DURATION_OKHTTP='724',REQUEST_SYNCHRONOUS='TRUE',RESPONSE_CODE='200',RESPONSE_METHOD='GET',RESPONSE_LENGTH_OKHTTP='1713',RESPONSE_LENGTH_HEADER='1713',REQUEST_PROTOCOL='h2',REQUEST_URL='https://v.redd.it/ak6rer1hskd51/DASHPlaylist.mpd',
08-05 11:25:48.996 13125 16150 D OK      : request got status: 200
08-05 11:25:49.024 13125 16153 I NAPPA_EXPERIMENTATION: MetricNetworkRequestExecutionTime: REQUEST_DURATION_SYSTEM='1401',REQUEST_DURATION_OKHTTP='771',REQUEST_SYNCHRONOUS='TRUE',RESPONSE_CODE='200',RESPONSE_METHOD='GET',RESPONSE_LENGTH_OKHTTP='7078',RESPONSE_LENGTH_HEADER='7078',REQUEST_PROTOCOL='h2',REQUEST_URL='https://b.thumbs.redditmedia.com/X3yyAViE0gxiHR-kf9Z5xmLa8dKsm8iWJyKdWNVtOhU.jpg',
08-05 11:25:49.025 13125 16153 D OK      : request got status: 200
08-05 11:25:49.040 13125 13137 I art     : Starting a blocking GC Explicit
08-05 11:25:49.042 13125 16150 I RedditVideosAPI: For 'https://v.redd.it/ak6rer1hskd51/DASHPlaylist.mpd', got video stream 'https://v.redd.it/ak6rer1hskd51/DASH_360' and audio stream 'null'
08-05 11:25:49.060 13125 16141 I NAPPA_EXPERIMENTATION: MetricNetworkRequestExecutionTime: REQUEST_DURATION_SYSTEM='1464',REQUEST_DURATION_OKHTTP='750',REQUEST_SYNCHRONOUS='TRUE',RESPONSE_CODE='200',RESPONSE_METHOD='GET',RESPONSE_LENGTH_OKHTTP='2700',RESPONSE_LENGTH_HEADER='2700',REQUEST_PROTOCOL='h2',REQUEST_URL='https://v.redd.it/fkewv2f65kd51/DASHPlaylist.mpd',
08-05 11:25:49.060 13125 16141 D OK      : request got status: 200
08-05 11:25:49.066 13125 16146 I NAPPA_EXPERIMENTATION: MetricNetworkRequestExecutionTime: REQUEST_DURATION_SYSTEM='1452',REQUEST_DURATION_OKHTTP='805',REQUEST_SYNCHRONOUS='TRUE',RESPONSE_CODE='200',RESPONSE_METHOD='GET',RESPONSE_LENGTH_OKHTTP='6634',RESPONSE_LENGTH_HEADER='6634',REQUEST_PROTOCOL='h2',REQUEST_URL='https://b.thumbs.redditmedia.com/JTSWFy2_tijPk6cA5noKDydEAMkMJcDmKQTSX178zwc.jpg',
08-05 11:25:49.066 13125 16146 D OK      : request got status: 200
08-05 11:25:49.085 13125 16152 I NAPPA_EXPERIMENTATION: MetricNetworkRequestExecutionTime: REQUEST_DURATION_SYSTEM='1463',REQUEST_DURATION_OKHTTP='602',REQUEST_SYNCHRONOUS='TRUE',RESPONSE_CODE='200',RESPONSE_METHOD='GET',RESPONSE_LENGTH_OKHTTP='-1',RESPONSE_LENGTH_HEADER='1021',REQUEST_PROTOCOL='http/1.1',REQUEST_URL='https://api.gfycat.com/v1/gfycats/foolhardysparklinglarva',
08-05 11:25:49.085 13125 16145 I NAPPA_EXPERIMENTATION: MetricNetworkRequestExecutionTime: REQUEST_DURATION_SYSTEM='1478',REQUEST_DURATION_OKHTTP='625',REQUEST_SYNCHRONOUS='TRUE',RESPONSE_CODE='200',RESPONSE_METHOD='GET',RESPONSE_LENGTH_OKHTTP='-1',RESPONSE_LENGTH_HEADER='955',REQUEST_PROTOCOL='http/1.1',REQUEST_URL='https://api.gfycat.com/v1/gfycats/altruisticthankfulankolewatusi',
08-05 11:25:49.085 13125 16152 D OK      : request got status: 200
08-05 11:25:49.085 13125 16145 D OK      : request got status: 200
08-05 11:25:49.087 13125 13137 I art     : Explicit concurrent mark sweep GC freed 6623(682KB) AllocSpace objects, 47(2MB) LOS objects, 32% free, 33MB/49MB, paused 2.941ms total 46.980ms
08-05 11:25:49.087 13125 16163 I NAPPA_EXPERIMENTATION: MetricNetworkRequestExecutionTime: REQUEST_DURATION_SYSTEM='1429',REQUEST_DURATION_OKHTTP='771',REQUEST_SYNCHRONOUS='TRUE',RESPONSE_CODE='200',RESPONSE_METHOD='GET',RESPONSE_LENGTH_OKHTTP='2698',RESPONSE_LENGTH_HEADER='2698',REQUEST_PROTOCOL='h2',REQUEST_URL='https://v.redd.it/s9qqadf3mid51/DASHPlaylist.mpd',
08-05 11:25:49.088 13125 16163 D OK      : request got status: 200
08-05 11:25:49.092 13125 16155 I NAPPA_EXPERIMENTATION: MetricNetworkRequestExecutionTime: REQUEST_DURATION_SYSTEM='1461',REQUEST_DURATION_OKHTTP='757',REQUEST_SYNCHRONOUS='TRUE',RESPONSE_CODE='200',RESPONSE_METHOD='GET',RESPONSE_LENGTH_OKHTTP='2429',RESPONSE_LENGTH_HEADER='2429',REQUEST_PROTOCOL='h2',REQUEST_URL='https://v.redd.it/h49fg58ygjd51/DASHPlaylist.mpd',
08-05 11:25:49.092 13125 16155 D OK      : request got status: 200
08-05 11:25:49.094 13125 16137 I NAPPA_EXPERIMENTATION: MetricNetworkRequestExecutionTime: REQUEST_DURATION_SYSTEM='1511',REQUEST_DURATION_OKHTTP='625',REQUEST_SYNCHRONOUS='TRUE',RESPONSE_CODE='200',RESPONSE_METHOD='GET',RESPONSE_LENGTH_OKHTTP='-1',RESPONSE_LENGTH_HEADER='812',REQUEST_PROTOCOL='http/1.1',REQUEST_URL='https://api.gfycat.com/v1/gfycats/deadlygravecavy',
08-05 11:25:49.094 13125 16137 D OK      : request got status: 200
08-05 11:25:49.102 13125 13137 I art     : Starting a blocking GC Explicit
08-05 11:25:49.105 13125 16158 I NAPPA_EXPERIMENTATION: MetricNetworkRequestExecutionTime: REQUEST_DURATION_SYSTEM='1465',REQUEST_DURATION_OKHTTP='632',REQUEST_SYNCHRONOUS='TRUE',RESPONSE_CODE='200',RESPONSE_METHOD='GET',RESPONSE_LENGTH_OKHTTP='3058',RESPONSE_LENGTH_HEADER='3058',REQUEST_PROTOCOL='h2',REQUEST_URL='https://v.redd.it/1ewzkieg0jd51/DASHPlaylist.mpd',
08-05 11:25:49.105 13125 16158 D OK      : request got status: 200
08-05 11:25:49.107 13125 16160 I NAPPA_EXPERIMENTATION: MetricNetworkRequestExecutionTime: REQUEST_DURATION_SYSTEM='1456',REQUEST_DURATION_OKHTTP='769',REQUEST_SYNCHRONOUS='TRUE',RESPONSE_CODE='200',RESPONSE_METHOD='GET',RESPONSE_LENGTH_OKHTTP='2787',RESPONSE_LENGTH_HEADER='2787',REQUEST_PROTOCOL='h2',REQUEST_URL='https://v.redd.it/ppmhu2r9thd51/DASHPlaylist.mpd',
08-05 11:25:49.107 13125 16160 D OK      : request got status: 200
08-05 11:25:49.111 13125 16141 I RedditVideosAPI: For 'https://v.redd.it/fkewv2f65kd51/DASHPlaylist.mpd', got video stream 'https://v.redd.it/fkewv2f65kd51/DASH_480' and audio stream 'https://v.redd.it/fkewv2f65kd51/audio'
08-05 11:25:49.120 13125 16154 I NAPPA_EXPERIMENTATION: MetricNetworkRequestExecutionTime: REQUEST_DURATION_SYSTEM='1492',REQUEST_DURATION_OKHTTP='815',REQUEST_SYNCHRONOUS='TRUE',RESPONSE_CODE='200',RESPONSE_METHOD='GET',RESPONSE_LENGTH_OKHTTP='5207',RESPONSE_LENGTH_HEADER='5207',REQUEST_PROTOCOL='h2',REQUEST_URL='https://b.thumbs.redditmedia.com/Bx9FZp8_w10DfFUf_mqVPMfu4Y0h2lo41Dh4tl2eNeQ.jpg',
08-05 11:25:49.120 13125 16154 D OK      : request got status: 200
08-05 11:25:49.123 13125 16162 I NAPPA_EXPERIMENTATION: MetricNetworkRequestExecutionTime: REQUEST_DURATION_SYSTEM='1468',REQUEST_DURATION_OKHTTP='813',REQUEST_SYNCHRONOUS='TRUE',RESPONSE_CODE='200',RESPONSE_METHOD='GET',RESPONSE_LENGTH_OKHTTP='8835',RESPONSE_LENGTH_HEADER='8835',REQUEST_PROTOCOL='h2',REQUEST_URL='https://b.thumbs.redditmedia.com/B18Vu5Jw71XCkFOFHimnUC42ya8apHsmcCW-HFmtb6w.jpg',
08-05 11:25:49.123 13125 16162 D OK      : request got status: 200
08-05 11:25:49.124 13125 16169 I NAPPA_EXPERIMENTATION: MetricNetworkRequestExecutionTime: REQUEST_DURATION_SYSTEM='1448',REQUEST_DURATION_OKHTTP='577',REQUEST_SYNCHRONOUS='TRUE',RESPONSE_CODE='200',RESPONSE_METHOD='GET',RESPONSE_LENGTH_OKHTTP='2071',RESPONSE_LENGTH_HEADER='2071',REQUEST_PROTOCOL='h2',REQUEST_URL='https://v.redd.it/ty24o02m1hd51/DASHPlaylist.mpd',
08-05 11:25:49.124 13125 16169 D OK      : request got status: 200
08-05 11:25:49.142 13125 16164 I NAPPA_EXPERIMENTATION: MetricNetworkRequestExecutionTime: REQUEST_DURATION_SYSTEM='1482',REQUEST_DURATION_OKHTTP='812',REQUEST_SYNCHRONOUS='TRUE',RESPONSE_CODE='200',RESPONSE_METHOD='GET',RESPONSE_LENGTH_OKHTTP='2861',RESPONSE_LENGTH_HEADER='2861',REQUEST_PROTOCOL='h2',REQUEST_URL='https://b.thumbs.redditmedia.com/iZuzjufMpYUYtQRLjRwce4RDb6JYsId95_iezR2Uc0w.jpg',
08-05 11:25:49.142 13125 16164 D OK      : request got status: 200
08-05 11:25:49.145 13125 13137 I art     : Explicit concurrent mark sweep GC freed 2754(348KB) AllocSpace objects, 15(936KB) LOS objects, 31% free, 34MB/50MB, paused 1.350ms total 43.299ms
08-05 11:25:49.148 13125 16235 I NAPPA_EXPERIMENTATION: MetricNetworkRequestExecutionTime: REQUEST_DURATION_SYSTEM='585',REQUEST_DURATION_OKHTTP='581',REQUEST_SYNCHRONOUS='TRUE',RESPONSE_CODE='200',RESPONSE_METHOD='GET',RESPONSE_LENGTH_OKHTTP='-1',RESPONSE_LENGTH_HEADER='30610',REQUEST_PROTOCOL='h2',REQUEST_URL='https://oauth.reddit.com/r/aww/hot/.json?after=t3_hz5odc',
08-05 11:25:49.148 13125 16235 D OK      : request got status: 200
08-05 11:25:49.150 13125 16151 I NAPPA_EXPERIMENTATION: MetricNetworkRequestExecutionTime: REQUEST_DURATION_SYSTEM='1523',REQUEST_DURATION_OKHTTP='819',REQUEST_SYNCHRONOUS='TRUE',RESPONSE_CODE='200',RESPONSE_METHOD='GET',RESPONSE_LENGTH_OKHTTP='6093',RESPONSE_LENGTH_HEADER='6093',REQUEST_PROTOCOL='h2',REQUEST_URL='https://b.thumbs.redditmedia.com/lQKqDneXS8E7ZBD9cUQy4OqOt8PuTneSvVFtnU0pwCE.jpg',
08-05 11:25:49.150 13125 16172 I NAPPA_EXPERIMENTATION: MetricNetworkRequestExecutionTime: REQUEST_DURATION_SYSTEM='1464',REQUEST_DURATION_OKHTTP='579',REQUEST_SYNCHRONOUS='TRUE',RESPONSE_CODE='200',RESPONSE_METHOD='GET',RESPONSE_LENGTH_OKHTTP='2342',RESPONSE_LENGTH_HEADER='2342',REQUEST_PROTOCOL='h2',REQUEST_URL='https://v.redd.it/ar5k8892pid51/DASHPlaylist.mpd',
08-05 11:25:49.150 13125 16151 D OK      : request got status: 200
08-05 11:25:49.150 13125 16172 D OK      : request got status: 200
08-05 11:25:49.159 13125 13690 I PostListingFragment: Precaching images: OFF
08-05 11:25:49.159 13125 13690 I PostListingFragment: Precaching comments: OFF
08-05 11:25:49.161 13125 13137 I art     : Starting a blocking GC Explicit
08-05 11:25:49.161 13125 16159 I NAPPA_EXPERIMENTATION: MetricNetworkRequestExecutionTime: REQUEST_DURATION_SYSTEM='1513',REQUEST_DURATION_OKHTTP='701',REQUEST_SYNCHRONOUS='TRUE',RESPONSE_CODE='200',RESPONSE_METHOD='GET',RESPONSE_LENGTH_OKHTTP='5229',RESPONSE_LENGTH_HEADER='5229',REQUEST_PROTOCOL='h2',REQUEST_URL='https://b.thumbs.redditmedia.com/RrJbRRjFZWmckrONtkPTloJh52FfqD_XkLMuYuuQvAg.jpg',
08-05 11:25:49.163 13125 16159 D OK      : request got status: 200
08-05 11:25:49.165 13125 16165 I NAPPA_EXPERIMENTATION: MetricNetworkRequestExecutionTime: REQUEST_DURATION_SYSTEM='1502',REQUEST_DURATION_OKHTTP='680',REQUEST_SYNCHRONOUS='TRUE',RESPONSE_CODE='200',RESPONSE_METHOD='GET',RESPONSE_LENGTH_OKHTTP='3060',RESPONSE_LENGTH_HEADER='3060',REQUEST_PROTOCOL='h2',REQUEST_URL='https://v.redd.it/b8vazlcb7ld51/DASHPlaylist.mpd',
08-05 11:25:49.165 13125 16165 D OK      : request got status: 200
08-05 11:25:49.167 13125 16173 I NAPPA_EXPERIMENTATION: MetricNetworkRequestExecutionTime: REQUEST_DURATION_SYSTEM='1482',REQUEST_DURATION_OKHTTP='738',REQUEST_SYNCHRONOUS='TRUE',RESPONSE_CODE='200',RESPONSE_METHOD='GET',RESPONSE_LENGTH_OKHTTP='6778',RESPONSE_LENGTH_HEADER='6778',REQUEST_PROTOCOL='h2',REQUEST_URL='https://b.thumbs.redditmedia.com/189nmwjW7eGWBD0J-cxzsUac1V1ZWGzMFC66inY4u4Y.jpg',
08-05 11:25:49.167 13125 16173 D OK      : request got status: 200
08-05 11:25:49.186 13125 16171 I NAPPA_EXPERIMENTATION: MetricNetworkRequestExecutionTime: REQUEST_DURATION_SYSTEM='1506',REQUEST_DURATION_OKHTTP='713',REQUEST_SYNCHRONOUS='TRUE',RESPONSE_CODE='200',RESPONSE_METHOD='GET',RESPONSE_LENGTH_OKHTTP='6843',RESPONSE_LENGTH_HEADER='6843',REQUEST_PROTOCOL='h2',REQUEST_URL='https://b.thumbs.redditmedia.com/x5l4cICw0WNNvslt5FqVjwj89XrGjrXnNbaSyQRAyCo.jpg',
08-05 11:25:49.186 13125 16171 D OK      : request got status: 200
08-05 11:25:49.190 13125 16176 I NAPPA_EXPERIMENTATION: MetricNetworkRequestExecutionTime: REQUEST_DURATION_SYSTEM='1495',REQUEST_DURATION_OKHTTP='706',REQUEST_SYNCHRONOUS='TRUE',RESPONSE_CODE='200',RESPONSE_METHOD='GET',RESPONSE_LENGTH_OKHTTP='6221',RESPONSE_LENGTH_HEADER='6221',REQUEST_PROTOCOL='h2',REQUEST_URL='https://b.thumbs.redditmedia.com/d_-UsfmKASoIHi4vZyyjvvwFtm1S7-DEi9AQPOnGIgY.jpg',
08-05 11:25:49.190 13125 16176 D OK      : request got status: 200
08-05 11:25:49.196 13125 16155 I RedditVideosAPI: For 'https://v.redd.it/h49fg58ygjd51/DASHPlaylist.mpd', got video stream 'https://v.redd.it/h49fg58ygjd51/DASH_480' and audio stream 'null'
08-05 11:25:49.204 13125 13137 I art     : Explicit concurrent mark sweep GC freed 7112(478KB) AllocSpace objects, 15(984KB) LOS objects, 31% free, 34MB/50MB, paused 1.288ms total 43.329ms
08-05 11:25:49.218 13125 13137 I art     : Starting a blocking GC Explicit
08-05 11:25:49.226 13125 16168 I NAPPA_EXPERIMENTATION: MetricNetworkRequestExecutionTime: REQUEST_DURATION_SYSTEM='1554',REQUEST_DURATION_OKHTTP='742',REQUEST_SYNCHRONOUS='TRUE',RESPONSE_CODE='200',RESPONSE_METHOD='GET',RESPONSE_LENGTH_OKHTTP='4067',RESPONSE_LENGTH_HEADER='4067',REQUEST_PROTOCOL='h2',REQUEST_URL='https://b.thumbs.redditmedia.com/XNb1kfskabGDLMqv661Q22hBtCb8w5oyePDcFaZi9aY.jpg',
08-05 11:25:49.226 13125 16168 D OK      : request got status: 200
08-05 11:25:49.227 13125 16170 I NAPPA_EXPERIMENTATION: MetricNetworkRequestExecutionTime: REQUEST_DURATION_SYSTEM='1547',REQUEST_DURATION_OKHTTP='694',REQUEST_SYNCHRONOUS='TRUE',RESPONSE_CODE='200',RESPONSE_METHOD='GET',RESPONSE_LENGTH_OKHTTP='4249',RESPONSE_LENGTH_HEADER='4249',REQUEST_PROTOCOL='h2',REQUEST_URL='https://b.thumbs.redditmedia.com/lMqJbh1Z40ffemA0TnSfVnovznn4hvJNue60AsJ-ETs.jpg',
08-05 11:25:49.227 13125 16170 D OK      : request got status: 200
08-05 11:25:49.229 13125 16161 I NAPPA_EXPERIMENTATION: MetricNetworkRequestExecutionTime: REQUEST_DURATION_SYSTEM='1573',REQUEST_DURATION_OKHTTP='742',REQUEST_SYNCHRONOUS='TRUE',RESPONSE_CODE='200',RESPONSE_METHOD='GET',RESPONSE_LENGTH_OKHTTP='6163',RESPONSE_LENGTH_HEADER='6163',REQUEST_PROTOCOL='h2',REQUEST_URL='https://b.thumbs.redditmedia.com/chqK3f9u3D7UmfrGP85f4sOQFihMk6q7fFSeMyWs_7E.jpg',
08-05 11:25:49.229 13125 16161 D OK      : request got status: 200
08-05 11:25:49.234 13125 16163 I RedditVideosAPI: For 'https://v.redd.it/s9qqadf3mid51/DASHPlaylist.mpd', got video stream 'https://v.redd.it/s9qqadf3mid51/DASH_480' and audio stream 'https://v.redd.it/s9qqadf3mid51/audio'
08-05 11:25:49.241 13125 13690 I getImgurImageInfo: Image nLQR2hT: trying API v3 with auth
08-05 11:25:49.262 13125 13137 I art     : Explicit concurrent mark sweep GC freed 9107(423KB) AllocSpace objects, 6(408KB) LOS objects, 31% free, 35MB/51MB, paused 1.077ms total 43.719ms
08-05 11:25:49.277 13125 13137 I art     : Starting a blocking GC Explicit
08-05 11:25:49.294 13125 16248 D OK      : calling: https://b.thumbs.redditmedia.com/WehZGjN94ALGdO0M7RjPJ2EwcyyWVZ_NUn1Fuf7IYWY.jpg
08-05 11:25:49.320 13125 13137 I art     : Explicit concurrent mark sweep GC freed 6252(314KB) AllocSpace objects, 3(156KB) LOS objects, 30% free, 35MB/51MB, paused 722us total 43.475ms
08-05 11:25:49.348 13125 16158 I RedditVideosAPI: For 'https://v.redd.it/1ewzkieg0jd51/DASHPlaylist.mpd', got video stream 'https://v.redd.it/1ewzkieg0jd51/DASH_480' and audio stream 'https://v.redd.it/1ewzkieg0jd51/audio'
08-05 11:25:49.385 13125 16169 I RedditVideosAPI: For 'https://v.redd.it/ty24o02m1hd51/DASHPlaylist.mpd', got video stream 'https://v.redd.it/ty24o02m1hd51/DASH_480' and audio stream 'null'
08-05 11:25:49.403 13125 16160 I RedditVideosAPI: For 'https://v.redd.it/ppmhu2r9thd51/DASHPlaylist.mpd', got video stream 'https://v.redd.it/ppmhu2r9thd51/DASH_480' and audio stream 'null'
08-05 11:25:49.422 13125 16172 I RedditVideosAPI: For 'https://v.redd.it/ar5k8892pid51/DASHPlaylist.mpd', got video stream 'https://v.redd.it/ar5k8892pid51/DASH_360' and audio stream 'https://v.redd.it/ar5k8892pid51/audio'
08-05 11:25:49.430 13125 16251 D OK      : calling: https://b.thumbs.redditmedia.com/Xdo4lcQOwuUNK1yxSlXZ0OI8u23ORAr16_AzfAZ1nvU.jpg
08-05 11:25:49.442 13125 16165 I RedditVideosAPI: For 'https://v.redd.it/b8vazlcb7ld51/DASHPlaylist.mpd', got video stream 'https://v.redd.it/b8vazlcb7ld51/DASH_480' and audio stream 'https://v.redd.it/b8vazlcb7ld51/audio'
08-05 11:25:49.491 13125 16258 D OK      : calling: https://b.thumbs.redditmedia.com/2KMYZ5hTlKXSvNO4hDUPyMba8Yz6skyu1SjUhLq1d9s.jpg
08-05 11:25:49.493 13125 16259 D OK      : calling: https://a.thumbs.redditmedia.com/EFVm-ZqqhARyEaKgtwU74c7tfzEDJvI0uiHXGglFag4.jpg
08-05 11:25:49.496 13125 16260 D OK      : calling: https://b.thumbs.redditmedia.com/qi4bNDKzoPvaSaSx99K2bAjwaRHh1nuOrcbySp1JHdk.jpg
08-05 11:25:49.501 13125 16261 D OK      : calling: https://b.thumbs.redditmedia.com/Ja8yiRMklM2lXd8q60LtBI6CqdmJ5YbWHRiBVFmICJA.jpg
08-05 11:25:49.504 13125 16264 D OK      : calling: https://b.thumbs.redditmedia.com/o5lSsJ_tCgCQxcdjMGaYxuveNluXB1PQT4PokXDhpvc.jpg
08-05 11:25:49.506 13125 16265 D OK      : calling: https://b.thumbs.redditmedia.com/SiCWTmKkQcbiAa7naxAHnw0adTeRkq1dB8QSqzGU7-Q.jpg
08-05 11:25:49.509 13125 16268 D OK      : calling: https://b.thumbs.redditmedia.com/C9qrVibnNxmzfLDKvEHp2v2Bo-Kqme7PoKC52s2o52M.jpg
08-05 11:25:49.515 13125 16270 D OK      : calling: https://a.thumbs.redditmedia.com/Kzag-wH9wKRRg2MnPwgoFgXT_2jN_nkJ1lY1aNRQyT4.jpg
08-05 11:25:49.516 13125 16269 D OK      : calling: https://a.thumbs.redditmedia.com/Tfsm0ol-ltlxNSBAkZ_4G4302d0hYeOSODkvXidBBR8.jpg
08-05 11:25:49.518 13125 16271 D OK      : calling: https://a.thumbs.redditmedia.com/P4gSGpXpi2wDXthNZ-LiwEs5Jvplm6dQ7W7Isqa7un4.jpg
08-05 11:25:49.520 13125 16272 D OK      : calling: https://b.thumbs.redditmedia.com/XkIhgqugP-9Zcb5I9A8o0r-zQJDh_6kastc0oWiiHkI.jpg
08-05 11:25:49.523 13125 16273 D OK      : calling: https://b.thumbs.redditmedia.com/3QPAtixkID9ojpqCAgfspJpruqoq45fM1G-Fx1K2F2A.jpg
08-05 11:25:49.526 13125 16274 D OK      : calling: https://b.thumbs.redditmedia.com/orK4W8Xc99pTzIT6q1waTsppldq24p1qMsHtkNnmu9w.jpg
08-05 11:25:49.528 13125 16275 D OK      : calling: https://b.thumbs.redditmedia.com/B1vXKY_-gTPbs625-RJ1MLIXxzCqfmnCB_0xnGjCECQ.jpg
08-05 11:25:49.531 13125 16276 D OK      : calling: https://a.thumbs.redditmedia.com/ffAKmOqnTuDMNR9MRfCdRtkq_CzN3MVhZxS64ZPYRh4.jpg
08-05 11:25:49.535 13125 16277 D OK      : calling: https://b.thumbs.redditmedia.com/OF1KI_LdSDMMWCy-WgJyRhIcM5fr7kDyu_OnpfRXHfI.jpg
08-05 11:25:49.538 13125 16278 D OK      : calling: https://b.thumbs.redditmedia.com/vuAhA4gGAmYfrTFA4woxZcKgmiDzJ3nAsql2pxcYGFs.jpg
08-05 11:25:49.541 13125 16279 D OK      : calling: https://b.thumbs.redditmedia.com/PtV7mFsO2n0j4YJweZjEqyVJ45hap4hXix9dwj6D0Wg.jpg
08-05 11:25:49.543 13125 16280 D OK      : calling: https://b.thumbs.redditmedia.com/wxTBcOhAgsmbc-TRaGNHpYJYnEOBr2LNsaZ6pCM91Lc.jpg
08-05 11:25:49.545 13125 16281 D OK      : calling: https://b.thumbs.redditmedia.com/Wo7bFIVNZYYuNioRYwZFYxrl6QMk0lT-3W01wrXgHmE.jpg
08-05 11:25:49.548 13125 16282 D OK      : calling: https://b.thumbs.redditmedia.com/NoqMycYTzsyhI0Lq351riEI1mO9p8PvY1QwcZ9Irb9g.jpg
08-05 11:25:49.550 13125 16283 D OK      : calling: https://b.thumbs.redditmedia.com/KrRufqpifph7KM2Le5RdqEYQb24zbB4fizBJpFaH1Pc.jpg
08-05 11:25:49.552 13125 16284 D OK      : calling: https://b.thumbs.redditmedia.com/u2qz17QE3X5G7kkJrgK3HPCdxNQxNkhaWqfIhCuRMvE.jpg
08-05 11:25:49.555 13125 16285 D OK      : calling: https://v.redd.it/syww111dtjd51/DASHPlaylist.mpd
08-05 11:25:49.557 13125 16286 D OK      : calling: https://v.redd.it/pbqrrfb3tkd51/DASHPlaylist.mpd
08-05 11:25:49.560 13125 16287 D OK      : calling: https://v.redd.it/rrygsb8i4ld51/DASHPlaylist.mpd
08-05 11:25:49.562 13125 16288 D OK      : calling: https://v.redd.it/5x6zzipz8ld51/DASHPlaylist.mpd
08-05 11:25:49.565 13125 16289 D OK      : calling: https://v.redd.it/75en73fm5id51/DASHPlaylist.mpd
08-05 11:25:49.569 13125 16290 D OK      : calling: https://api.imgur.com/3/image/nLQR2hT
08-05 11:25:49.571 13125 16291 D OK      : calling: https://v.redd.it/ggz4fyth6hd51/DASHPlaylist.mpd
08-05 11:25:49.573 13125 16292 D OK      : calling: https://v.redd.it/psrknoobrgd51/DASHPlaylist.mpd
08-05 11:25:49.575 13125 16293 D OK      : calling: https://v.redd.it/jk6cwef4wld51/DASHPlaylist.mpd
08-05 11:25:49.581 13125 16295 D OK      : calling: https://v.redd.it/xd6c4yyutgd51/DASHPlaylist.mpd
08-05 11:25:49.581 13125 16294 D OK      : calling: https://v.redd.it/t81s8zfz9ld51/DASHPlaylist.mpd
08-05 11:25:49.583 13125 16296 D OK      : calling: https://v.redd.it/ue0jdgk9zhd51/DASHPlaylist.mpd
08-05 11:25:49.603 13125 16248 I NAPPA_EXPERIMENTATION: MetricNetworkRequestExecutionTime: REQUEST_DURATION_SYSTEM='309',REQUEST_DURATION_OKHTTP='205',REQUEST_SYNCHRONOUS='TRUE',RESPONSE_CODE='200',RESPONSE_METHOD='GET',RESPONSE_LENGTH_OKHTTP='5435',RESPONSE_LENGTH_HEADER='5435',REQUEST_PROTOCOL='h2',REQUEST_URL='https://b.thumbs.redditmedia.com/WehZGjN94ALGdO0M7RjPJ2EwcyyWVZ_NUn1Fuf7IYWY.jpg',
08-05 11:25:49.603 13125 16248 D OK      : request got status: 200
08-05 11:25:49.635 13125 13356 I art     : Starting a blocking GC Explicit
08-05 11:25:49.670 13125 16251 I NAPPA_EXPERIMENTATION: MetricNetworkRequestExecutionTime: REQUEST_DURATION_SYSTEM='240',REQUEST_DURATION_OKHTTP='240',REQUEST_SYNCHRONOUS='TRUE',RESPONSE_CODE='200',RESPONSE_METHOD='GET',RESPONSE_LENGTH_OKHTTP='5191',RESPONSE_LENGTH_HEADER='5191',REQUEST_PROTOCOL='h2',REQUEST_URL='https://b.thumbs.redditmedia.com/Xdo4lcQOwuUNK1yxSlXZ0OI8u23ORAr16_AzfAZ1nvU.jpg',
08-05 11:25:49.670 13125 16251 D OK      : request got status: 200
08-05 11:25:49.688 13125 13356 I art     : Explicit concurrent mark sweep GC freed 33627(2MB) AllocSpace objects, 66(4MB) LOS objects, 30% free, 35MB/51MB, paused 2.036ms total 53.486ms
08-05 11:25:49.703 13125 13356 I art     : Starting a blocking GC Explicit
08-05 11:25:49.715 13125 16258 I NAPPA_EXPERIMENTATION: MetricNetworkRequestExecutionTime: REQUEST_DURATION_SYSTEM='224',REQUEST_DURATION_OKHTTP='222',REQUEST_SYNCHRONOUS='TRUE',RESPONSE_CODE='200',RESPONSE_METHOD='GET',RESPONSE_LENGTH_OKHTTP='5098',RESPONSE_LENGTH_HEADER='5098',REQUEST_PROTOCOL='h2',REQUEST_URL='https://b.thumbs.redditmedia.com/2KMYZ5hTlKXSvNO4hDUPyMba8Yz6skyu1SjUhLq1d9s.jpg',
08-05 11:25:49.715 13125 16258 D OK      : request got status: 200
08-05 11:25:49.750 13125 13356 I art     : Explicit concurrent mark sweep GC freed 1991(118KB) AllocSpace objects, 5(256KB) LOS objects, 30% free, 35MB/51MB, paused 2.027ms total 45.871ms
08-05 11:25:49.764 13125 13356 I art     : Starting a blocking GC Explicit
08-05 11:25:49.791 13125 16260 I NAPPA_EXPERIMENTATION: MetricNetworkRequestExecutionTime: REQUEST_DURATION_SYSTEM='295',REQUEST_DURATION_OKHTTP='294',REQUEST_SYNCHRONOUS='TRUE',RESPONSE_CODE='200',RESPONSE_METHOD='GET',RESPONSE_LENGTH_OKHTTP='4475',RESPONSE_LENGTH_HEADER='4475',REQUEST_PROTOCOL='h2',REQUEST_URL='https://b.thumbs.redditmedia.com/qi4bNDKzoPvaSaSx99K2bAjwaRHh1nuOrcbySp1JHdk.jpg',
08-05 11:25:49.792 13125 16260 D OK      : request got status: 200
08-05 11:25:49.802 13125 16264 I NAPPA_EXPERIMENTATION: MetricNetworkRequestExecutionTime: REQUEST_DURATION_SYSTEM='298',REQUEST_DURATION_OKHTTP='297',REQUEST_SYNCHRONOUS='TRUE',RESPONSE_CODE='200',RESPONSE_METHOD='GET',RESPONSE_LENGTH_OKHTTP='4921',RESPONSE_LENGTH_HEADER='4921',REQUEST_PROTOCOL='h2',REQUEST_URL='https://b.thumbs.redditmedia.com/o5lSsJ_tCgCQxcdjMGaYxuveNluXB1PQT4PokXDhpvc.jpg',
08-05 11:25:49.802 13125 16264 D OK      : request got status: 200
08-05 11:25:49.810 13125 13356 I art     : Explicit concurrent mark sweep GC freed 632(71KB) AllocSpace objects, 6(500KB) LOS objects, 30% free, 36MB/52MB, paused 1.971ms total 45.762ms
08-05 11:25:49.825 13125 13356 I art     : Starting a blocking GC Explicit
08-05 11:25:49.868 13125 16261 I NAPPA_EXPERIMENTATION: MetricNetworkRequestExecutionTime: REQUEST_DURATION_SYSTEM='367',REQUEST_DURATION_OKHTTP='366',REQUEST_SYNCHRONOUS='TRUE',RESPONSE_CODE='200',RESPONSE_METHOD='GET',RESPONSE_LENGTH_OKHTTP='5414',RESPONSE_LENGTH_HEADER='5414',REQUEST_PROTOCOL='h2',REQUEST_URL='https://b.thumbs.redditmedia.com/Ja8yiRMklM2lXd8q60LtBI6CqdmJ5YbWHRiBVFmICJA.jpg',
08-05 11:25:49.868 13125 16261 D OK      : request got status: 200
08-05 11:25:49.873 13125 13356 I art     : Explicit concurrent mark sweep GC freed 507(47KB) AllocSpace objects, 4(224KB) LOS objects, 30% free, 36MB/52MB, paused 1.879ms total 46.999ms
08-05 11:25:49.873 13125 16268 I NAPPA_EXPERIMENTATION: MetricNetworkRequestExecutionTime: REQUEST_DURATION_SYSTEM='362',REQUEST_DURATION_OKHTTP='361',REQUEST_SYNCHRONOUS='TRUE',RESPONSE_CODE='200',RESPONSE_METHOD='GET',RESPONSE_LENGTH_OKHTTP='5378',RESPONSE_LENGTH_HEADER='5378',REQUEST_PROTOCOL='h2',REQUEST_URL='https://b.thumbs.redditmedia.com/C9qrVibnNxmzfLDKvEHp2v2Bo-Kqme7PoKC52s2o52M.jpg',
08-05 11:25:49.873 13125 16268 D OK      : request got status: 200
08-05 11:25:49.877 13125 16265 I NAPPA_EXPERIMENTATION: MetricNetworkRequestExecutionTime: REQUEST_DURATION_SYSTEM='369',REQUEST_DURATION_OKHTTP='369',REQUEST_SYNCHRONOUS='TRUE',RESPONSE_CODE='200',RESPONSE_METHOD='GET',RESPONSE_LENGTH_OKHTTP='5968',RESPONSE_LENGTH_HEADER='5968',REQUEST_PROTOCOL='h2',REQUEST_URL='https://b.thumbs.redditmedia.com/SiCWTmKkQcbiAa7naxAHnw0adTeRkq1dB8QSqzGU7-Q.jpg',
08-05 11:25:49.877 13125 16265 D OK      : request got status: 200
08-05 11:25:49.888 13125 13356 I art     : Starting a blocking GC Explicit
08-05 11:25:49.931 13125 13356 I art     : Explicit concurrent mark sweep GC freed 853(107KB) AllocSpace objects, 8(904KB) LOS objects, 30% free, 36MB/52MB, paused 1.712ms total 43.432ms
08-05 11:25:49.938 13125 16272 I NAPPA_EXPERIMENTATION: MetricNetworkRequestExecutionTime: REQUEST_DURATION_SYSTEM='417',REQUEST_DURATION_OKHTTP='416',REQUEST_SYNCHRONOUS='TRUE',RESPONSE_CODE='200',RESPONSE_METHOD='GET',RESPONSE_LENGTH_OKHTTP='4080',RESPONSE_LENGTH_HEADER='4080',REQUEST_PROTOCOL='h2',REQUEST_URL='https://b.thumbs.redditmedia.com/XkIhgqugP-9Zcb5I9A8o0r-zQJDh_6kastc0oWiiHkI.jpg',
08-05 11:25:49.938 13125 16272 D OK      : request got status: 200
08-05 11:25:49.994 13125 16273 I NAPPA_EXPERIMENTATION: MetricNetworkRequestExecutionTime: REQUEST_DURATION_SYSTEM='470',REQUEST_DURATION_OKHTTP='469',REQUEST_SYNCHRONOUS='TRUE',RESPONSE_CODE='200',RESPONSE_METHOD='GET',RESPONSE_LENGTH_OKHTTP='3183',RESPONSE_LENGTH_HEADER='3183',REQUEST_PROTOCOL='h2',REQUEST_URL='https://b.thumbs.redditmedia.com/3QPAtixkID9ojpqCAgfspJpruqoq45fM1G-Fx1K2F2A.jpg',
08-05 11:25:49.994 13125 16273 D OK      : request got status: 200
08-05 11:25:50.084 13125 16275 I NAPPA_EXPERIMENTATION: MetricNetworkRequestExecutionTime: REQUEST_DURATION_SYSTEM='556',REQUEST_DURATION_OKHTTP='555',REQUEST_SYNCHRONOUS='TRUE',RESPONSE_CODE='200',RESPONSE_METHOD='GET',RESPONSE_LENGTH_OKHTTP='3864',RESPONSE_LENGTH_HEADER='3864',REQUEST_PROTOCOL='h2',REQUEST_URL='https://b.thumbs.redditmedia.com/B1vXKY_-gTPbs625-RJ1MLIXxzCqfmnCB_0xnGjCECQ.jpg',
08-05 11:25:50.084 13125 16275 D OK      : request got status: 200
08-05 11:25:50.113 13125 16274 I NAPPA_EXPERIMENTATION: MetricNetworkRequestExecutionTime: REQUEST_DURATION_SYSTEM='586',REQUEST_DURATION_OKHTTP='585',REQUEST_SYNCHRONOUS='TRUE',RESPONSE_CODE='200',RESPONSE_METHOD='GET',RESPONSE_LENGTH_OKHTTP='6654',RESPONSE_LENGTH_HEADER='6654',REQUEST_PROTOCOL='h2',REQUEST_URL='https://b.thumbs.redditmedia.com/orK4W8Xc99pTzIT6q1waTsppldq24p1qMsHtkNnmu9w.jpg',
08-05 11:25:50.113 13125 16274 D OK      : request got status: 200
08-05 11:25:50.135 13125 16277 I NAPPA_EXPERIMENTATION: MetricNetworkRequestExecutionTime: REQUEST_DURATION_SYSTEM='599',REQUEST_DURATION_OKHTTP='599',REQUEST_SYNCHRONOUS='TRUE',RESPONSE_CODE='200',RESPONSE_METHOD='GET',RESPONSE_LENGTH_OKHTTP='5125',RESPONSE_LENGTH_HEADER='5125',REQUEST_PROTOCOL='h2',REQUEST_URL='https://b.thumbs.redditmedia.com/OF1KI_LdSDMMWCy-WgJyRhIcM5fr7kDyu_OnpfRXHfI.jpg',
08-05 11:25:50.136 13125 16277 D OK      : request got status: 200
08-05 11:25:50.172 13125 16278 I NAPPA_EXPERIMENTATION: MetricNetworkRequestExecutionTime: REQUEST_DURATION_SYSTEM='634',REQUEST_DURATION_OKHTTP='633',REQUEST_SYNCHRONOUS='TRUE',RESPONSE_CODE='200',RESPONSE_METHOD='GET',RESPONSE_LENGTH_OKHTTP='6723',RESPONSE_LENGTH_HEADER='6723',REQUEST_PROTOCOL='h2',REQUEST_URL='https://b.thumbs.redditmedia.com/vuAhA4gGAmYfrTFA4woxZcKgmiDzJ3nAsql2pxcYGFs.jpg',
08-05 11:25:50.172 13125 16278 D OK      : request got status: 200
08-05 11:25:50.202 13125 16279 I NAPPA_EXPERIMENTATION: MetricNetworkRequestExecutionTime: REQUEST_DURATION_SYSTEM='661',REQUEST_DURATION_OKHTTP='660',REQUEST_SYNCHRONOUS='TRUE',RESPONSE_CODE='200',RESPONSE_METHOD='GET',RESPONSE_LENGTH_OKHTTP='5329',RESPONSE_LENGTH_HEADER='5329',REQUEST_PROTOCOL='h2',REQUEST_URL='https://b.thumbs.redditmedia.com/PtV7mFsO2n0j4YJweZjEqyVJ45hap4hXix9dwj6D0Wg.jpg',
08-05 11:25:50.202 13125 16279 D OK      : request got status: 200
08-05 11:25:50.248 13125 13136 I art     : Starting a blocking GC Explicit
08-05 11:25:50.288 13125 16282 I NAPPA_EXPERIMENTATION: MetricNetworkRequestExecutionTime: REQUEST_DURATION_SYSTEM='740',REQUEST_DURATION_OKHTTP='739',REQUEST_SYNCHRONOUS='TRUE',RESPONSE_CODE='200',RESPONSE_METHOD='GET',RESPONSE_LENGTH_OKHTTP='5648',RESPONSE_LENGTH_HEADER='5648',REQUEST_PROTOCOL='h2',REQUEST_URL='https://b.thumbs.redditmedia.com/NoqMycYTzsyhI0Lq351riEI1mO9p8PvY1QwcZ9Irb9g.jpg',
08-05 11:25:50.288 13125 16282 D OK      : request got status: 200
08-05 11:25:50.296 13125 13136 I art     : Explicit concurrent mark sweep GC freed 6280(713KB) AllocSpace objects, 46(2MB) LOS objects, 29% free, 38MB/54MB, paused 1.561ms total 47.720ms
08-05 11:25:50.305 13125 16280 I NAPPA_EXPERIMENTATION: MetricNetworkRequestExecutionTime: REQUEST_DURATION_SYSTEM='762',REQUEST_DURATION_OKHTTP='761',REQUEST_SYNCHRONOUS='TRUE',RESPONSE_CODE='200',RESPONSE_METHOD='GET',RESPONSE_LENGTH_OKHTTP='6316',RESPONSE_LENGTH_HEADER='6316',REQUEST_PROTOCOL='h2',REQUEST_URL='https://b.thumbs.redditmedia.com/wxTBcOhAgsmbc-TRaGNHpYJYnEOBr2LNsaZ6pCM91Lc.jpg',
08-05 11:25:50.305 13125 16280 D OK      : request got status: 200
08-05 11:25:50.307 13125 16281 I NAPPA_EXPERIMENTATION: MetricNetworkRequestExecutionTime: REQUEST_DURATION_SYSTEM='762',REQUEST_DURATION_OKHTTP='761',REQUEST_SYNCHRONOUS='TRUE',RESPONSE_CODE='200',RESPONSE_METHOD='GET',RESPONSE_LENGTH_OKHTTP='7815',RESPONSE_LENGTH_HEADER='7815',REQUEST_PROTOCOL='h2',REQUEST_URL='https://b.thumbs.redditmedia.com/Wo7bFIVNZYYuNioRYwZFYxrl6QMk0lT-3W01wrXgHmE.jpg',
08-05 11:25:50.308 13125 16281 D OK      : request got status: 200
08-05 11:25:50.312 13125 13136 I art     : Starting a blocking GC Explicit
08-05 11:25:50.331 13125 16283 I NAPPA_EXPERIMENTATION: MetricNetworkRequestExecutionTime: REQUEST_DURATION_SYSTEM='781',REQUEST_DURATION_OKHTTP='780',REQUEST_SYNCHRONOUS='TRUE',RESPONSE_CODE='200',RESPONSE_METHOD='GET',RESPONSE_LENGTH_OKHTTP='5198',RESPONSE_LENGTH_HEADER='5198',REQUEST_PROTOCOL='h2',REQUEST_URL='https://b.thumbs.redditmedia.com/KrRufqpifph7KM2Le5RdqEYQb24zbB4fizBJpFaH1Pc.jpg',
08-05 11:25:50.331 13125 16283 D OK      : request got status: 200
08-05 11:25:50.344 13125 16284 I NAPPA_EXPERIMENTATION: MetricNetworkRequestExecutionTime: REQUEST_DURATION_SYSTEM='792',REQUEST_DURATION_OKHTTP='791',REQUEST_SYNCHRONOUS='TRUE',RESPONSE_CODE='200',RESPONSE_METHOD='GET',RESPONSE_LENGTH_OKHTTP='5579',RESPONSE_LENGTH_HEADER='5579',REQUEST_PROTOCOL='h2',REQUEST_URL='https://b.thumbs.redditmedia.com/u2qz17QE3X5G7kkJrgK3HPCdxNQxNkhaWqfIhCuRMvE.jpg',
08-05 11:25:50.344 13125 16284 D OK      : request got status: 200
08-05 11:25:50.353 13125 13136 I art     : Explicit concurrent mark sweep GC freed 5374(287KB) AllocSpace objects, 10(560KB) LOS objects, 29% free, 38MB/54MB, paused 1.342ms total 40.590ms
08-05 11:25:50.367 13125 13136 I art     : Starting a blocking GC Explicit
08-05 11:25:50.407 13125 13136 I art     : Explicit concurrent mark sweep GC freed 1378(191KB) AllocSpace objects, 11(580KB) LOS objects, 29% free, 38MB/54MB, paused 1.120ms total 39.473ms
08-05 11:25:50.420 13125 13136 I art     : Starting a blocking GC Explicit
08-05 11:25:50.475 13125 13136 I art     : Explicit concurrent mark sweep GC freed 21110(917KB) AllocSpace objects, 12(564KB) LOS objects, 28% free, 39MB/55MB, paused 2.187ms total 48.862ms
08-05 11:25:50.491 13125 13136 I art     : Starting a blocking GC Explicit
08-05 11:25:50.531 13125 13136 I art     : Explicit concurrent mark sweep GC freed 8137(593KB) AllocSpace objects, 2(136KB) LOS objects, 29% free, 38MB/54MB, paused 1.088ms total 39.941ms
08-05 11:25:50.547 13125 16270 I NAPPA_EXPERIMENTATION: MetricNetworkRequestExecutionTime: REQUEST_DURATION_SYSTEM='1032',REQUEST_DURATION_OKHTTP='242',REQUEST_SYNCHRONOUS='TRUE',RESPONSE_CODE='200',RESPONSE_METHOD='GET',RESPONSE_LENGTH_OKHTTP='3635',RESPONSE_LENGTH_HEADER='3635',REQUEST_PROTOCOL='h2',REQUEST_URL='https://a.thumbs.redditmedia.com/Kzag-wH9wKRRg2MnPwgoFgXT_2jN_nkJ1lY1aNRQyT4.jpg',
08-05 11:25:50.547 13125 16270 D OK      : request got status: 200
08-05 11:25:50.699 13125 16271 I NAPPA_EXPERIMENTATION: MetricNetworkRequestExecutionTime: REQUEST_DURATION_SYSTEM='1180',REQUEST_DURATION_OKHTTP='337',REQUEST_SYNCHRONOUS='TRUE',RESPONSE_CODE='200',RESPONSE_METHOD='GET',RESPONSE_LENGTH_OKHTTP='5641',RESPONSE_LENGTH_HEADER='5641',REQUEST_PROTOCOL='h2',REQUEST_URL='https://a.thumbs.redditmedia.com/P4gSGpXpi2wDXthNZ-LiwEs5Jvplm6dQ7W7Isqa7un4.jpg',
08-05 11:25:50.699 13125 16271 D OK      : request got status: 200
08-05 11:25:50.723 13125 16259 I NAPPA_EXPERIMENTATION: MetricNetworkRequestExecutionTime: REQUEST_DURATION_SYSTEM='1230',REQUEST_DURATION_OKHTTP='371',REQUEST_SYNCHRONOUS='TRUE',RESPONSE_CODE='200',RESPONSE_METHOD='GET',RESPONSE_LENGTH_OKHTTP='5307',RESPONSE_LENGTH_HEADER='5307',REQUEST_PROTOCOL='h2',REQUEST_URL='https://a.thumbs.redditmedia.com/EFVm-ZqqhARyEaKgtwU74c7tfzEDJvI0uiHXGglFag4.jpg',
08-05 11:25:50.723 13125 16259 D OK      : request got status: 200
08-05 11:25:50.735 13125 16286 I NAPPA_EXPERIMENTATION: MetricNetworkRequestExecutionTime: REQUEST_DURATION_SYSTEM='1178',REQUEST_DURATION_OKHTTP='302',REQUEST_SYNCHRONOUS='TRUE',RESPONSE_CODE='200',RESPONSE_METHOD='GET',RESPONSE_LENGTH_OKHTTP='2071',RESPONSE_LENGTH_HEADER='2071',REQUEST_PROTOCOL='h2',REQUEST_URL='https://v.redd.it/pbqrrfb3tkd51/DASHPlaylist.mpd',
08-05 11:25:50.736 13125 16286 D OK      : request got status: 200
08-05 11:25:50.759 13125 16288 I NAPPA_EXPERIMENTATION: MetricNetworkRequestExecutionTime: REQUEST_DURATION_SYSTEM='1197',REQUEST_DURATION_OKHTTP='299',REQUEST_SYNCHRONOUS='TRUE',RESPONSE_CODE='200',RESPONSE_METHOD='GET',RESPONSE_LENGTH_OKHTTP='2789',RESPONSE_LENGTH_HEADER='2789',REQUEST_PROTOCOL='h2',REQUEST_URL='https://v.redd.it/5x6zzipz8ld51/DASHPlaylist.mpd',
08-05 11:25:50.760 13125 16288 D OK      : request got status: 200
08-05 11:25:50.762 13125 16285 I NAPPA_EXPERIMENTATION: MetricNetworkRequestExecutionTime: REQUEST_DURATION_SYSTEM='1207',REQUEST_DURATION_OKHTTP='322',REQUEST_SYNCHRONOUS='TRUE',RESPONSE_CODE='200',RESPONSE_METHOD='GET',RESPONSE_LENGTH_OKHTTP='2696',RESPONSE_LENGTH_HEADER='2696',REQUEST_PROTOCOL='h2',REQUEST_URL='https://v.redd.it/syww111dtjd51/DASHPlaylist.mpd',
08-05 11:25:50.763 13125 16285 D OK      : request got status: 200
08-05 11:25:50.766 13125 16294 I NAPPA_EXPERIMENTATION: MetricNetworkRequestExecutionTime: REQUEST_DURATION_SYSTEM='1185',REQUEST_DURATION_OKHTTP='305',REQUEST_SYNCHRONOUS='TRUE',RESPONSE_CODE='200',RESPONSE_METHOD='GET',RESPONSE_LENGTH_OKHTTP='3058',RESPONSE_LENGTH_HEADER='3058',REQUEST_PROTOCOL='h2',REQUEST_URL='https://v.redd.it/t81s8zfz9ld51/DASHPlaylist.mpd',
08-05 11:25:50.767 13125 16294 D OK      : request got status: 200
08-05 11:25:50.767 13125 16286 I RedditVideosAPI: For 'https://v.redd.it/pbqrrfb3tkd51/DASHPlaylist.mpd', got video stream 'https://v.redd.it/pbqrrfb3tkd51/DASH_480' and audio stream 'null'
08-05 11:25:50.799 13125 16269 I NAPPA_EXPERIMENTATION: MetricNetworkRequestExecutionTime: REQUEST_DURATION_SYSTEM='1282',REQUEST_DURATION_OKHTTP='329',REQUEST_SYNCHRONOUS='TRUE',RESPONSE_CODE='200',RESPONSE_METHOD='GET',RESPONSE_LENGTH_OKHTTP='7540',RESPONSE_LENGTH_HEADER='7540',REQUEST_PROTOCOL='h2',REQUEST_URL='https://a.thumbs.redditmedia.com/Tfsm0ol-ltlxNSBAkZ_4G4302d0hYeOSODkvXidBBR8.jpg',
08-05 11:25:50.799 13125 16269 D OK      : request got status: 200
08-05 11:25:50.809 13125 16288 I RedditVideosAPI: For 'https://v.redd.it/5x6zzipz8ld51/DASHPlaylist.mpd', got video stream 'https://v.redd.it/5x6zzipz8ld51/DASH_480' and audio stream 'null'
08-05 11:25:50.823 13125 16276 I NAPPA_EXPERIMENTATION: MetricNetworkRequestExecutionTime: REQUEST_DURATION_SYSTEM='1292',REQUEST_DURATION_OKHTTP='353',REQUEST_SYNCHRONOUS='TRUE',RESPONSE_CODE='200',RESPONSE_METHOD='GET',RESPONSE_LENGTH_OKHTTP='4470',RESPONSE_LENGTH_HEADER='4470',REQUEST_PROTOCOL='h2',REQUEST_URL='https://a.thumbs.redditmedia.com/ffAKmOqnTuDMNR9MRfCdRtkq_CzN3MVhZxS64ZPYRh4.jpg',
08-05 11:25:50.823 13125 16276 D OK      : request got status: 200
08-05 11:25:50.825 13125 16285 I RedditVideosAPI: For 'https://v.redd.it/syww111dtjd51/DASHPlaylist.mpd', got video stream 'https://v.redd.it/syww111dtjd51/DASH_480' and audio stream 'https://v.redd.it/syww111dtjd51/audio'
08-05 11:25:50.834 13125 16287 I NAPPA_EXPERIMENTATION: MetricNetworkRequestExecutionTime: REQUEST_DURATION_SYSTEM='1274',REQUEST_DURATION_OKHTTP='365',REQUEST_SYNCHRONOUS='TRUE',RESPONSE_CODE='200',RESPONSE_METHOD='GET',RESPONSE_LENGTH_OKHTTP='3060',RESPONSE_LENGTH_HEADER='3060',REQUEST_PROTOCOL='h2',REQUEST_URL='https://v.redd.it/rrygsb8i4ld51/DASHPlaylist.mpd',
08-05 11:25:50.835 13125 16287 D OK      : request got status: 200
08-05 11:25:50.843 13125 16294 I RedditVideosAPI: For 'https://v.redd.it/t81s8zfz9ld51/DASHPlaylist.mpd', got video stream 'https://v.redd.it/t81s8zfz9ld51/DASH_480' and audio stream 'https://v.redd.it/t81s8zfz9ld51/audio'
08-05 11:25:50.862 13125 16293 I NAPPA_EXPERIMENTATION: MetricNetworkRequestExecutionTime: REQUEST_DURATION_SYSTEM='1286',REQUEST_DURATION_OKHTTP='393',REQUEST_SYNCHRONOUS='TRUE',RESPONSE_CODE='200',RESPONSE_METHOD='GET',RESPONSE_LENGTH_OKHTTP='2071',RESPONSE_LENGTH_HEADER='2071',REQUEST_PROTOCOL='h2',REQUEST_URL='https://v.redd.it/jk6cwef4wld51/DASHPlaylist.mpd',
08-05 11:25:50.863 13125 16293 D OK      : request got status: 200
08-05 11:25:50.870 13125 13151 I art     : Starting a blocking GC Explicit
08-05 11:25:50.882 13125 16287 I RedditVideosAPI: For 'https://v.redd.it/rrygsb8i4ld51/DASHPlaylist.mpd', got video stream 'https://v.redd.it/rrygsb8i4ld51/DASH_480' and audio stream 'https://v.redd.it/rrygsb8i4ld51/audio'
08-05 11:25:50.896 13125 16293 I RedditVideosAPI: For 'https://v.redd.it/jk6cwef4wld51/DASHPlaylist.mpd', got video stream 'https://v.redd.it/jk6cwef4wld51/DASH_480' and audio stream 'null'
08-05 11:25:50.903 13125 16295 I NAPPA_EXPERIMENTATION: MetricNetworkRequestExecutionTime: REQUEST_DURATION_SYSTEM='1322',REQUEST_DURATION_OKHTTP='424',REQUEST_SYNCHRONOUS='TRUE',RESPONSE_CODE='200',RESPONSE_METHOD='GET',RESPONSE_LENGTH_OKHTTP='2071',RESPONSE_LENGTH_HEADER='2071',REQUEST_PROTOCOL='h2',REQUEST_URL='https://v.redd.it/xd6c4yyutgd51/DASHPlaylist.mpd',
08-05 11:25:50.903 13125 16295 D OK      : request got status: 200
08-05 11:25:50.912 13125 16296 I NAPPA_EXPERIMENTATION: MetricNetworkRequestExecutionTime: REQUEST_DURATION_SYSTEM='1329',REQUEST_DURATION_OKHTTP='432',REQUEST_SYNCHRONOUS='TRUE',RESPONSE_CODE='200',RESPONSE_METHOD='GET',RESPONSE_LENGTH_OKHTTP='2344',RESPONSE_LENGTH_HEADER='2344',REQUEST_PROTOCOL='h2',REQUEST_URL='https://v.redd.it/ue0jdgk9zhd51/DASHPlaylist.mpd',
08-05 11:25:50.912 13125 16296 D OK      : request got status: 200
08-05 11:25:50.915 13125 16292 I NAPPA_EXPERIMENTATION: MetricNetworkRequestExecutionTime: REQUEST_DURATION_SYSTEM='1342',REQUEST_DURATION_OKHTTP='425',REQUEST_SYNCHRONOUS='TRUE',RESPONSE_CODE='200',RESPONSE_METHOD='GET',RESPONSE_LENGTH_OKHTTP='2427',RESPONSE_LENGTH_HEADER='2427',REQUEST_PROTOCOL='h2',REQUEST_URL='https://v.redd.it/psrknoobrgd51/DASHPlaylist.mpd',
08-05 11:25:50.915 13125 16292 D OK      : request got status: 200
08-05 11:25:50.917 13125 13151 I art     : Explicit concurrent mark sweep GC freed 6730(800KB) AllocSpace objects, 43(2MB) LOS objects, 28% free, 40MB/56MB, paused 692us total 46.138ms
08-05 11:25:50.923 13125 16290 I NAPPA_EXPERIMENTATION: MetricNetworkRequestExecutionTime: REQUEST_DURATION_SYSTEM='1354',REQUEST_DURATION_OKHTTP='450',REQUEST_SYNCHRONOUS='TRUE',RESPONSE_CODE='200',RESPONSE_METHOD='GET',RESPONSE_LENGTH_OKHTTP='-1',RESPONSE_LENGTH_HEADER='377',REQUEST_PROTOCOL='h2',REQUEST_URL='https://api.imgur.com/3/image/nLQR2hT',
08-05 11:25:50.923 13125 16290 D OK      : request got status: 200
08-05 11:25:50.930 13125 16295 I RedditVideosAPI: For 'https://v.redd.it/xd6c4yyutgd51/DASHPlaylist.mpd', got video stream 'https://v.redd.it/xd6c4yyutgd51/DASH_480' and audio stream 'null'
08-05 11:25:50.930 13125 16291 I NAPPA_EXPERIMENTATION: MetricNetworkRequestExecutionTime: REQUEST_DURATION_SYSTEM='1359',REQUEST_DURATION_OKHTTP='448',REQUEST_SYNCHRONOUS='TRUE',RESPONSE_CODE='200',RESPONSE_METHOD='GET',RESPONSE_LENGTH_OKHTTP='1713',RESPONSE_LENGTH_HEADER='1713',REQUEST_PROTOCOL='h2',REQUEST_URL='https://v.redd.it/ggz4fyth6hd51/DASHPlaylist.mpd',
08-05 11:25:50.931 13125 16291 D OK      : request got status: 200
08-05 11:25:50.932 13125 13151 I art     : Starting a blocking GC Explicit
08-05 11:25:50.940 13125 16289 I NAPPA_EXPERIMENTATION: MetricNetworkRequestExecutionTime: REQUEST_DURATION_SYSTEM='1374',REQUEST_DURATION_OKHTTP='458',REQUEST_SYNCHRONOUS='TRUE',RESPONSE_CODE='200',RESPONSE_METHOD='GET',RESPONSE_LENGTH_OKHTTP='2700',RESPONSE_LENGTH_HEADER='2700',REQUEST_PROTOCOL='h2',REQUEST_URL='https://v.redd.it/75en73fm5id51/DASHPlaylist.mpd',
08-05 11:25:50.940 13125 16289 D OK      : request got status: 200
08-05 11:25:50.973 13125 13151 I art     : Explicit concurrent mark sweep GC freed 2091(180KB) AllocSpace objects, 10(680KB) LOS objects, 28% free, 40MB/56MB, paused 592us total 40.952ms
08-05 11:25:50.980 13125 16296 I RedditVideosAPI: For 'https://v.redd.it/ue0jdgk9zhd51/DASHPlaylist.mpd', got video stream 'https://v.redd.it/ue0jdgk9zhd51/DASH_360' and audio stream 'https://v.redd.it/ue0jdgk9zhd51/audio'
08-05 11:25:50.989 13125 16292 I RedditVideosAPI: For 'https://v.redd.it/psrknoobrgd51/DASHPlaylist.mpd', got video stream 'https://v.redd.it/psrknoobrgd51/DASH_480' and audio stream 'null'
08-05 11:25:50.989 13125 13151 I art     : Starting a blocking GC Explicit
08-05 11:25:51.002 13125 16291 I RedditVideosAPI: For 'https://v.redd.it/ggz4fyth6hd51/DASHPlaylist.mpd', got video stream 'https://v.redd.it/ggz4fyth6hd51/DASH_360' and audio stream 'null'
08-05 11:25:51.008 13125 16289 I RedditVideosAPI: For 'https://v.redd.it/75en73fm5id51/DASHPlaylist.mpd', got video stream 'https://v.redd.it/75en73fm5id51/DASH_480' and audio stream 'https://v.redd.it/75en73fm5id51/audio'
08-05 11:25:51.029 13125 13151 I art     : Explicit concurrent mark sweep GC freed 1113(256KB) AllocSpace objects, 5(340KB) LOS objects, 28% free, 40MB/56MB, paused 405us total 40.295ms
08-05 11:25:51.044 13125 13151 I art     : Starting a blocking GC Explicit
08-05 11:25:51.085 13125 13151 I art     : Explicit concurrent mark sweep GC freed 1096(88KB) AllocSpace objects, 4(272KB) LOS objects, 28% free, 39MB/55MB, paused 407us total 40.672ms
08-05 11:25:51.100 13125 13151 I art     : Starting a blocking GC Explicit
08-05 11:25:51.138 13125 13151 I art     : Explicit concurrent mark sweep GC freed 96(3KB) AllocSpace objects, 0(0B) LOS objects, 28% free, 39MB/55MB, paused 434us total 37.172ms
08-05 11:25:51.469 13125 14565 I art     : Starting a blocking GC Explicit
08-05 11:25:51.514 13125 14565 I art     : Explicit concurrent mark sweep GC freed 1362(83KB) AllocSpace objects, 1(20KB) LOS objects, 28% free, 39MB/55MB, paused 466us total 43.471ms
08-05 11:25:51.529 13125 14565 I art     : Starting a blocking GC Explicit
08-05 11:25:51.570 13125 14565 I art     : Explicit concurrent mark sweep GC freed 20(704B) AllocSpace objects, 0(0B) LOS objects, 28% free, 39MB/55MB, paused 457us total 41.080ms
08-05 11:25:51.585 13125 14565 I art     : Starting a blocking GC Explicit
08-05 11:25:51.624 13125 14565 I art     : Explicit concurrent mark sweep GC freed 3(96B) AllocSpace objects, 0(0B) LOS objects, 28% free, 39MB/55MB, paused 443us total 39.290ms
08-05 11:25:51.639 13125 14565 I art     : Starting a blocking GC Explicit
08-05 11:25:51.680 13125 14565 I art     : Explicit concurrent mark sweep GC freed 3(96B) AllocSpace objects, 0(0B) LOS objects, 28% free, 39MB/55MB, paused 428us total 40.353ms
08-05 11:25:51.694 13125 14565 I art     : Starting a blocking GC Explicit
08-05 11:25:51.735 13125 14565 I art     : Explicit concurrent mark sweep GC freed 3(96B) AllocSpace objects, 0(0B) LOS objects, 28% free, 39MB/55MB, paused 435us total 40.405ms
08-05 11:25:51.774 16340 16340 D AndroidRuntime: >>>>>> START com.android.internal.os.RuntimeInit uid 2000 <<<<<<
08-05 11:25:51.779 16340 16340 D AndroidRuntime: CheckJNI is OFF
08-05 11:25:51.812 16340 16340 D ICU     : No timezone override file found: /data/misc/zoneinfo/current/icu/icu_tzdata.dat
08-05 11:25:51.844 16340 16340 I Radio-JNI: register_android_hardware_Radio DONE
08-05 11:25:51.866 16340 16340 D AndroidRuntime: Calling main entry com.android.commands.input.Input
08-05 11:25:51.868 16340 16340 I Input   : injectMotionEvent: MotionEvent { action=ACTION_DOWN, actionButton=0, id[0]=0, x[0]=1340.0, y[0]=1100.0, toolType[0]=TOOL_TYPE_UNKNOWN, buttonState=0, metaState=0, flags=0x0, edgeFlags=0x0, pointerCount=1, historySize=0, eventTime=789968281, downTime=789968281, deviceId=0, source=0x1002 }
08-05 11:25:51.873 16340 16340 I Input   : injectMotionEvent: MotionEvent { action=ACTION_UP, actionButton=0, id[0]=0, x[0]=1340.0, y[0]=1100.0, toolType[0]=TOOL_TYPE_UNKNOWN, buttonState=0, metaState=0, flags=0x0, edgeFlags=0x0, pointerCount=1, historySize=0, eventTime=789968281, downTime=789968281, deviceId=0, source=0x1002 }
08-05 11:25:51.875 16340 16340 D AndroidRuntime: Shutting down VM
08-05 11:25:51.882   512  2967 D audio_hw_primary: out_set_parameters: enter: usecase(1: low-latency-playback) kvpairs: routing=2
08-05 11:25:51.882   918  3670 I ActivityManager: START u0 {dat=https://oauth.reddit.com/... cmp=baseline.org.quantumbadger.redreader/.activities.CommentListingActivity} from uid 10689 on display 0
08-05 11:25:51.895   512  2967 D audio_hw_primary: select_devices: out_snd_device(2: speaker) in_snd_device(0: none)
08-05 11:25:51.895   512  2967 D msm8974_platform: platform_send_audio_calibration: sending audio calibration for snd_device(2) acdb_id(15)
08-05 11:25:51.895   512  2967 I soundtrigger: audio_extn_sound_trigger_update_device_status: device 0x2 of type 0 for Event 1
08-05 11:25:51.903 13125 13125 I AppCompatViewInflater: app:theme is now deprecated. Please move to using android:theme instead.
08-05 11:25:51.904   512  2967 D audio_hw_primary: enable_snd_device: snd_device(2: speaker)
08-05 11:25:51.906   512  2967 D audio_hw_primary: enable_audio_route: apply and update mixer path: low-latency-playback speaker
08-05 11:25:51.918 13125 16369 D OK      : calling: https://oauth.reddit.com/comments/hzejrd/.json?sort=confidence
08-05 11:25:51.997 13866 13866 I GoogleInputMethodServic: GoogleInputMethodService.onFinishInput():3138 
08-05 11:25:51.997   918   936 I ActivityManager: Displayed baseline.org.quantumbadger.redreader/.activities.CommentListingActivity: +107ms
08-05 11:25:51.997 13866 13866 I GoogleInputMethodServic: GoogleInputMethodService.onStartInput():1808 
08-05 11:25:52.015 13125 13356 I art     : Starting a blocking GC Explicit
08-05 11:25:52.058 13125 13356 I art     : Explicit concurrent mark sweep GC freed 4112(220KB) AllocSpace objects, 1(20KB) LOS objects, 28% free, 39MB/55MB, paused 450us total 43.138ms
08-05 11:25:52.073 13125 13356 I art     : Starting a blocking GC Explicit
08-05 11:25:52.114 13125 13356 I art     : Explicit concurrent mark sweep GC freed 9101(895KB) AllocSpace objects, 17(2MB) LOS objects, 30% free, 37MB/53MB, paused 690us total 40.850ms
08-05 11:25:52.128 13125 13356 I art     : Starting a blocking GC Explicit
08-05 11:25:52.166 13125 13356 I art     : Explicit concurrent mark sweep GC freed 90(3KB) AllocSpace objects, 0(0B) LOS objects, 30% free, 37MB/53MB, paused 503us total 37.631ms
08-05 11:25:52.181 13125 13356 I art     : Starting a blocking GC Explicit
08-05 11:25:52.227   380   380 W SurfaceFlinger: couldn't log to binary event log: overflow.
08-05 11:25:52.229 13125 13356 I art     : Explicit concurrent mark sweep GC freed 8(288B) AllocSpace objects, 0(0B) LOS objects, 30% free, 37MB/53MB, paused 892us total 47.879ms
08-05 11:25:52.248 13125 13356 I art     : Starting a blocking GC Explicit
08-05 11:25:52.256   918   918 I ActivityManager: Start proc 16376:com.google.android.apps.docs/u0a43 for service com.google.android.apps.docs/com.google.android.libraries.notifications.entrypoints.scheduled.ScheduledTaskService
08-05 11:25:52.281 13125 13356 I art     : Explicit concurrent mark sweep GC freed 3(96B) AllocSpace objects, 0(0B) LOS objects, 30% free, 37MB/53MB, paused 464us total 32.331ms
08-05 11:25:52.296 13125 16369 I NAPPA_EXPERIMENTATION: MetricNetworkRequestExecutionTime: REQUEST_DURATION_SYSTEM='378',REQUEST_DURATION_OKHTTP='202',REQUEST_SYNCHRONOUS='TRUE',RESPONSE_CODE='200',RESPONSE_METHOD='GET',RESPONSE_LENGTH_OKHTTP='-1',RESPONSE_LENGTH_HEADER='45890',REQUEST_PROTOCOL='h2',REQUEST_URL='https://oauth.reddit.com/comments/hzejrd/.json?sort=confidence',
08-05 11:25:52.296 13125 16369 D OK      : request got status: 200
08-05 11:25:52.301 13125 13690 I CommentListingActivity: COMMENTS session changed to 143cfe21-fe20-43bb-ba9e-04a71dc744e2
08-05 11:25:52.378   918  6029 I AccountManagerService: getTypesVisibleToCaller: isPermitted? false
08-05 11:25:52.449   512  2967 D audio_hw_primary: disable_audio_route: reset and update mixer path: low-latency-playback speaker
08-05 11:25:52.450   512  2967 D audio_hw_primary: disable_snd_device: snd_device(2: speaker)
08-05 11:25:52.458   512  2967 I soundtrigger: audio_extn_sound_trigger_update_device_status: device 0x2 of type 0 for Event 0
08-05 11:25:52.484   918  3714 I AccountManagerService: getTypesVisibleToCaller: isPermitted? true
08-05 11:25:52.486   918  6112 I AccountManagerService: getTypesVisibleToCaller: isPermitted? true
08-05 11:25:52.496   918  5481 I AccountManagerService: getTypesVisibleToCaller: isPermitted? false
08-05 11:25:52.509   918  3696 I AccountManagerService: getTypesVisibleToCaller: isPermitted? true
08-05 11:25:52.514 16376 16405 I GAv4    : Google Analytics 202.8.12 is starting up. To enable debug logging on a device run:
08-05 11:25:52.514 16376 16405 I GAv4    :   adb shell setprop log.tag.GAv4 DEBUG
08-05 11:25:52.514 16376 16405 I GAv4    :   adb logcat -s GAv4
08-05 11:25:52.557 16376 16420 W GAv4    : CampaignTrackingReceiver is not registered, not exported or is disabled. Installation campaign tracking is not possible. See http://goo.gl/8Rd3yj for instructions.
08-05 11:25:52.566 16376 16416 W FieldDefinition: [RxCachedThreadScheduler-7] Ignoring isIndexed constraint as field also has uniqueness constraint (on just this field, and therefore SQLite will have to create an index on that. For field: brc$a@9315e2a
08-05 11:25:52.571 13125 13136 I art     : Starting a blocking GC Explicit
08-05 11:25:52.617 13125 13136 I art     : Explicit concurrent mark sweep GC freed 42452(2MB) AllocSpace objects, 3(156KB) LOS objects, 29% free, 39MB/55MB, paused 482us total 45.894ms
08-05 11:25:52.632 13125 13136 I art     : Starting a blocking GC Explicit
08-05 11:25:52.674 13125 13136 I art     : Explicit concurrent mark sweep GC freed 175(7KB) AllocSpace objects, 0(0B) LOS objects, 29% free, 39MB/55MB, paused 379us total 41.057ms
08-05 11:25:52.688 13125 13136 I art     : Starting a blocking GC Explicit
08-05 11:25:52.728 13125 13136 I art     : Explicit concurrent mark sweep GC freed 3(96B) AllocSpace objects, 0(0B) LOS objects, 29% free, 39MB/55MB, paused 449us total 39.759ms
08-05 11:25:52.739   918   928 I AccountManagerService: getTypesVisibleToCaller: isPermitted? true
08-05 11:25:52.742 13125 13136 I art     : Starting a blocking GC Explicit
08-05 11:25:52.782 13125 13136 I art     : Explicit concurrent mark sweep GC freed 3(96B) AllocSpace objects, 0(0B) LOS objects, 29% free, 39MB/55MB, paused 349us total 39.707ms
08-05 11:25:52.797 13125 13136 I art     : Starting a blocking GC Explicit
08-05 11:25:52.837 13125 13136 I art     : Explicit concurrent mark sweep GC freed 3(96B) AllocSpace objects, 0(0B) LOS objects, 29% free, 39MB/55MB, paused 432us total 39.968ms
08-05 11:25:52.937   918  4400 I AccountManagerService: getTypesVisibleToCaller: isPermitted? true
08-05 11:25:53.063   918  5481 I AccountManagerService: getTypesVisibleToCaller: isPermitted? true
08-05 11:25:53.153 13125 14565 I art     : Starting a blocking GC Explicit
08-05 11:25:53.194 13125 14565 I art     : Explicit concurrent mark sweep GC freed 1361(83KB) AllocSpace objects, 1(20KB) LOS objects, 29% free, 39MB/55MB, paused 392us total 40.494ms
08-05 11:25:53.208 13125 14565 I art     : Starting a blocking GC Explicit
08-05 11:25:53.249 13125 14565 I art     : Explicit concurrent mark sweep GC freed 66(2528B) AllocSpace objects, 0(0B) LOS objects, 29% free, 39MB/55MB, paused 423us total 40.825ms
08-05 11:25:53.263 13125 14565 I art     : Starting a blocking GC Explicit
08-05 11:25:53.308 13125 14565 I art     : Explicit concurrent mark sweep GC freed 411(19KB) AllocSpace objects, 0(0B) LOS objects, 29% free, 39MB/55MB, paused 427us total 44.958ms
08-05 11:25:53.324 13125 14565 I art     : Starting a blocking GC Explicit
08-05 11:25:53.373 13125 14565 I art     : Explicit concurrent mark sweep GC freed 460(22KB) AllocSpace objects, 0(0B) LOS objects, 29% free, 39MB/55MB, paused 376us total 48.614ms
08-05 11:25:53.389 13125 14565 I art     : Starting a blocking GC Explicit
08-05 11:25:53.443 13125 14565 I art     : Explicit concurrent mark sweep GC freed 3(96B) AllocSpace objects, 0(0B) LOS objects, 29% free, 39MB/55MB, paused 471us total 54.189ms
08-05 11:25:53.794 13125 13151 I art     : Starting a blocking GC Explicit
08-05 11:25:53.861 13125 13151 I art     : Explicit concurrent mark sweep GC freed 1357(82KB) AllocSpace objects, 1(20KB) LOS objects, 29% free, 39MB/55MB, paused 437us total 66.724ms
08-05 11:25:53.877 13125 13151 I art     : Starting a blocking GC Explicit
08-05 11:25:53.926 13125 13151 I art     : Explicit concurrent mark sweep GC freed 20(704B) AllocSpace objects, 0(0B) LOS objects, 29% free, 39MB/55MB, paused 427us total 48.598ms
08-05 11:25:53.942 13125 13151 I art     : Starting a blocking GC Explicit
08-05 11:25:53.990 13125 13151 I art     : Explicit concurrent mark sweep GC freed 3(96B) AllocSpace objects, 0(0B) LOS objects, 29% free, 39MB/55MB, paused 376us total 47.329ms
08-05 11:25:54.006 13125 13151 I art     : Starting a blocking GC Explicit
08-05 11:25:54.057 13125 13151 I art     : Explicit concurrent mark sweep GC freed 3(96B) AllocSpace objects, 0(0B) LOS objects, 29% free, 39MB/55MB, paused 442us total 50.899ms
08-05 11:25:54.073 13125 13151 I art     : Starting a blocking GC Explicit
08-05 11:25:54.122 13125 13151 I art     : Explicit concurrent mark sweep GC freed 3(96B) AllocSpace objects, 0(0B) LOS objects, 29% free, 39MB/55MB, paused 442us total 48.944ms
08-05 11:25:54.444 13125 13137 I art     : Starting a blocking GC Explicit
08-05 11:25:54.511 13125 13137 I art     : Explicit concurrent mark sweep GC freed 1355(82KB) AllocSpace objects, 1(20KB) LOS objects, 29% free, 39MB/55MB, paused 475us total 66.689ms
08-05 11:25:54.530 13125 13137 I art     : Starting a blocking GC Explicit
08-05 11:25:54.581 13125 13137 I art     : Explicit concurrent mark sweep GC freed 20(704B) AllocSpace objects, 0(0B) LOS objects, 29% free, 39MB/55MB, paused 385us total 51.159ms
08-05 11:25:54.598 13125 13137 I art     : Starting a blocking GC Explicit
08-05 11:25:54.646 13125 13137 I art     : Explicit concurrent mark sweep GC freed 3(96B) AllocSpace objects, 0(0B) LOS objects, 29% free, 39MB/55MB, paused 430us total 47.907ms
08-05 11:25:54.662 13125 13137 I art     : Starting a blocking GC Explicit
08-05 11:25:54.712 13125 13137 I art     : Explicit concurrent mark sweep GC freed 3(96B) AllocSpace objects, 0(0B) LOS objects, 29% free, 39MB/55MB, paused 415us total 49.566ms
08-05 11:25:54.728 13125 13137 I art     : Starting a blocking GC Explicit
08-05 11:25:54.780 13125 13137 I art     : Explicit concurrent mark sweep GC freed 3(96B) AllocSpace objects, 0(0B) LOS objects, 29% free, 39MB/55MB, paused 405us total 51.333ms
08-05 11:25:55.140 13125 13356 I art     : Starting a blocking GC Explicit
08-05 11:25:55.211 13125 13356 I art     : Explicit concurrent mark sweep GC freed 1355(82KB) AllocSpace objects, 1(20KB) LOS objects, 29% free, 39MB/55MB, paused 432us total 70.421ms
08-05 11:25:55.229 13125 13356 I art     : Starting a blocking GC Explicit
08-05 11:25:55.280 13125 13356 I art     : Explicit concurrent mark sweep GC freed 20(704B) AllocSpace objects, 0(0B) LOS objects, 29% free, 39MB/55MB, paused 404us total 50.827ms
08-05 11:25:55.296 13125 13356 I art     : Starting a blocking GC Explicit
08-05 11:25:55.347 13125 13356 I art     : Explicit concurrent mark sweep GC freed 3(96B) AllocSpace objects, 0(0B) LOS objects, 29% free, 39MB/55MB, paused 456us total 51.063ms
08-05 11:25:55.364 13125 13356 I art     : Starting a blocking GC Explicit
08-05 11:25:55.413 13125 13356 I art     : Explicit concurrent mark sweep GC freed 3(96B) AllocSpace objects, 0(0B) LOS objects, 29% free, 39MB/55MB, paused 421us total 48.576ms
08-05 11:25:55.429 13125 13356 I art     : Starting a blocking GC Explicit
08-05 11:25:55.480 13125 13356 I art     : Explicit concurrent mark sweep GC freed 3(96B) AllocSpace objects, 0(0B) LOS objects, 29% free, 39MB/55MB, paused 395us total 50.476ms
08-05 11:25:55.508   918  6112 I AccountManagerService: getTypesVisibleToCaller: isPermitted? true
08-05 11:25:55.523   918  4400 I AccountManagerService: getTypesVisibleToCaller: isPermitted? true
08-05 11:25:55.540   918   928 I AccountManagerService: getTypesVisibleToCaller: isPermitted? true
08-05 11:25:55.678 16376 16404 W DynamiteModule: Local module descriptor class for providerinstaller not found.
08-05 11:25:55.680 24365 24375 W ProviderHelper: Unknown dynamite feature providerinstaller
08-05 11:25:55.684 16376 16404 W ProviderInstaller: Failed to load providerinstaller module: No acceptable module found. Local version is 0 and remote version is 0.
08-05 11:25:55.694 16376 16404 E linker  : readlink('/proc/self/fd/32') failed: Permission denied [fd=32]
08-05 11:25:55.694 16376 16404 E linker  : warning: unable to get realpath for the library "/system/framework/oat/arm64/com.android.location.provider.odex". Will use given name.
08-05 11:25:55.704 16376 16404 E linker  : readlink('/proc/self/fd/32') failed: Permission denied [fd=32]
08-05 11:25:55.704 16376 16404 E linker  : warning: unable to get realpath for the library "/system/framework/oat/arm64/com.android.media.remotedisplay.odex". Will use given name.
08-05 11:25:55.712 16376 16404 E linker  : readlink('/proc/self/fd/32') failed: Permission denied [fd=32]
08-05 11:25:55.712 16376 16404 E linker  : warning: unable to get realpath for the library "/data/app/com.google.android.gms-2/oat/arm64/base.odex". Will use given name.
08-05 11:25:55.764 16376 16404 E linker  : readlink('/proc/self/fd/32') failed: Permission denied [fd=32]
08-05 11:25:55.765 16376 16404 E linker  : warning: unable to get realpath for the library "/data/app/com.google.android.gms-2/lib/arm64/libconscrypt_gmscore_jni.so". Will use given name.
08-05 11:25:55.784 16376 16404 V NativeCrypto: Registering com/google/android/gms/org/conscrypt/NativeCrypto's 286 native methods...
08-05 11:25:55.792 13125 13136 I art     : Starting a blocking GC Explicit
08-05 11:25:55.838 13125 13136 I art     : Explicit concurrent mark sweep GC freed 1356(83KB) AllocSpace objects, 1(20KB) LOS objects, 29% free, 39MB/55MB, paused 410us total 46.078ms
08-05 11:25:55.854 13125 13136 I art     : Starting a blocking GC Explicit
08-05 11:25:55.876 16376 16404 I art     : Rejecting re-init on previously-failed class java.lang.Class<com.google.android.gms.org.conscrypt.Java7ExtendedSSLSession>
08-05 11:25:55.877 16376 16404 I art     : Rejecting re-init on previously-failed class java.lang.Class<com.google.android.gms.org.conscrypt.Java7ExtendedSSLSession>
08-05 11:25:55.878 16376 16404 I art     : Rejecting re-init on previously-failed class java.lang.Class<com.google.android.gms.org.conscrypt.Java8ExtendedSSLSession>
08-05 11:25:55.878 16376 16404 I art     : Rejecting re-init on previously-failed class java.lang.Class<com.google.android.gms.org.conscrypt.Java8ExtendedSSLSession>
08-05 11:25:55.898 13125 13136 I art     : Explicit concurrent mark sweep GC freed 20(704B) AllocSpace objects, 0(0B) LOS objects, 29% free, 39MB/55MB, paused 368us total 44.560ms
08-05 11:25:55.914 13125 13136 I art     : Starting a blocking GC Explicit
08-05 11:25:55.948 16376 16404 I ProviderInstaller: Installed default security provider GmsCore_OpenSSL
08-05 11:25:55.958 13125 13136 I art     : Explicit concurrent mark sweep GC freed 3(96B) AllocSpace objects, 0(0B) LOS objects, 29% free, 39MB/55MB, paused 404us total 43.795ms
08-05 11:25:55.973 13125 13136 I art     : Starting a blocking GC Explicit
08-05 11:25:56.019 13125 13136 I art     : Explicit concurrent mark sweep GC freed 3(96B) AllocSpace objects, 0(0B) LOS objects, 29% free, 39MB/55MB, paused 424us total 45.205ms
08-05 11:25:56.035 13125 13136 I art     : Starting a blocking GC Explicit
08-05 11:25:56.085 13125 13136 I art     : Explicit concurrent mark sweep GC freed 3(96B) AllocSpace objects, 0(0B) LOS objects, 29% free, 39MB/55MB, paused 381us total 49.999ms
08-05 11:25:56.432 13125 14565 I art     : Starting a blocking GC Explicit
08-05 11:25:56.503 13125 14565 I art     : Explicit concurrent mark sweep GC freed 1359(83KB) AllocSpace objects, 1(20KB) LOS objects, 29% free, 39MB/55MB, paused 445us total 71.003ms
08-05 11:25:56.525 13125 14565 I art     : Starting a blocking GC Explicit
08-05 11:25:56.574 13125 14565 I art     : Explicit concurrent mark sweep GC freed 20(704B) AllocSpace objects, 0(0B) LOS objects, 29% free, 39MB/55MB, paused 431us total 49.279ms
08-05 11:25:56.591 13125 14565 I art     : Starting a blocking GC Explicit
08-05 11:25:56.641 13125 14565 I art     : Explicit concurrent mark sweep GC freed 3(96B) AllocSpace objects, 0(0B) LOS objects, 29% free, 39MB/55MB, paused 405us total 50.422ms
08-05 11:25:56.657 13125 14565 I art     : Starting a blocking GC Explicit
08-05 11:25:56.708 13125 14565 I art     : Explicit concurrent mark sweep GC freed 3(96B) AllocSpace objects, 0(0B) LOS objects, 29% free, 39MB/55MB, paused 459us total 50.195ms
08-05 11:25:56.724 13125 14565 I art     : Starting a blocking GC Explicit
08-05 11:25:56.774 13125 14565 I art     : Explicit concurrent mark sweep GC freed 3(96B) AllocSpace objects, 0(0B) LOS objects, 29% free, 39MB/55MB, paused 423us total 49.075ms
08-05 11:25:56.891 13125 16364 I RedditChangeDataIO: Writing tmp data file at '/data/user/0/baseline.org.quantumbadger.redreader/files/rr_change_data_tmp.dat'
08-05 11:25:56.892 13125 16364 I RedditChangeDataManager: Taking snapshot...
08-05 11:25:56.892 13125 16364 I RedditChangeDataManager: Writing to stream...
08-05 11:25:56.892 13125 16364 I RedditChangeDataManager: Wrote 6 entries for user ''
08-05 11:25:56.892 13125 16364 I RedditChangeDataManager: All entries written to stream.
08-05 11:25:56.893 13125 16364 I RedditChangeDataIO: Write successful. Atomically replacing data file...
08-05 11:25:56.893 13125 16364 I RedditChangeDataIO: Write complete.
08-05 11:25:56.893 13125 16364 I RedditChangeDataIO: 158 bytes written in 2 ms
08-05 11:25:57.093 13125 13151 I art     : Starting a blocking GC Explicit
08-05 11:25:57.162 13125 13151 I art     : Explicit concurrent mark sweep GC freed 1443(87KB) AllocSpace objects, 2(88KB) LOS objects, 29% free, 39MB/55MB, paused 468us total 67.819ms
08-05 11:25:57.180 13125 13151 I art     : Starting a blocking GC Explicit
08-05 11:25:57.231 13125 13151 I art     : Explicit concurrent mark sweep GC freed 23(800B) AllocSpace objects, 0(0B) LOS objects, 29% free, 39MB/55MB, paused 437us total 51.518ms
08-05 11:25:57.248 13125 13151 I art     : Starting a blocking GC Explicit
08-05 11:25:57.298 13125 13151 I art     : Explicit concurrent mark sweep GC freed 3(96B) AllocSpace objects, 0(0B) LOS objects, 29% free, 39MB/55MB, paused 400us total 49.841ms
08-05 11:25:57.314 13125 13151 I art     : Starting a blocking GC Explicit
08-05 11:25:57.356 13125 13151 I art     : Explicit concurrent mark sweep GC freed 3(96B) AllocSpace objects, 0(0B) LOS objects, 29% free, 39MB/55MB, paused 349us total 40.917ms
08-05 11:25:57.371 13125 13151 I art     : Starting a blocking GC Explicit
08-05 11:25:57.414 13125 13151 I art     : Explicit concurrent mark sweep GC freed 3(96B) AllocSpace objects, 0(0B) LOS objects, 29% free, 39MB/55MB, paused 405us total 43.579ms
08-05 11:25:57.753 13125 13137 I art     : Starting a blocking GC Explicit
08-05 11:25:57.818 13125 13137 I art     : Explicit concurrent mark sweep GC freed 1590(119KB) AllocSpace objects, 1(20KB) LOS objects, 29% free, 39MB/55MB, paused 439us total 64.497ms
08-05 11:25:57.837 13125 13137 I art     : Starting a blocking GC Explicit
08-05 11:25:57.888 13125 13137 I art     : Explicit concurrent mark sweep GC freed 85(2880B) AllocSpace objects, 0(0B) LOS objects, 29% free, 39MB/55MB, paused 413us total 50.649ms
08-05 11:25:57.904 13125 13137 I art     : Starting a blocking GC Explicit
08-05 11:25:57.954 13125 13137 I art     : Explicit concurrent mark sweep GC freed 3(96B) AllocSpace objects, 0(0B) LOS objects, 29% free, 39MB/55MB, paused 380us total 50.191ms
08-05 11:25:57.971 13125 13137 I art     : Starting a blocking GC Explicit
08-05 11:25:58.021 13125 13137 I art     : Explicit concurrent mark sweep GC freed 3(96B) AllocSpace objects, 0(0B) LOS objects, 29% free, 39MB/55MB, paused 368us total 50.071ms
08-05 11:25:58.037 13125 13137 I art     : Starting a blocking GC Explicit
08-05 11:25:58.089 13125 13137 I art     : Explicit concurrent mark sweep GC freed 3(96B) AllocSpace objects, 0(0B) LOS objects, 29% free, 39MB/55MB, paused 388us total 51.597ms
08-05 11:25:58.216  8256  8256 I Atfwd_Sendcmd: AtCmdFwd service not ready - Exhausted retry attempts - :6
08-05 11:25:58.216  8256  8256 I Atfwd_Daemon: result : -1 	 ,Init step :2 	 ,qmiErrorCode: 0
08-05 11:25:58.385 13125 13356 I art     : Starting a blocking GC Explicit
08-05 11:25:58.435 13125 13356 I art     : Explicit concurrent mark sweep GC freed 1355(82KB) AllocSpace objects, 1(20KB) LOS objects, 29% free, 39MB/55MB, paused 450us total 50.344ms
08-05 11:25:58.451 13125 13356 I art     : Starting a blocking GC Explicit
08-05 11:25:58.500 13125 13356 I art     : Explicit concurrent mark sweep GC freed 20(704B) AllocSpace objects, 0(0B) LOS objects, 29% free, 39MB/55MB, paused 385us total 48.344ms
08-05 11:25:58.516 13125 13356 I art     : Starting a blocking GC Explicit
08-05 11:25:58.564 13125 13356 I art     : Explicit concurrent mark sweep GC freed 3(96B) AllocSpace objects, 0(0B) LOS objects, 29% free, 39MB/55MB, paused 390us total 48.102ms
08-05 11:25:58.580 13125 13356 I art     : Starting a blocking GC Explicit
08-05 11:25:58.580 16527 16527 D AndroidRuntime: >>>>>> START com.android.internal.os.RuntimeInit uid 2000 <<<<<<
08-05 11:25:58.585 16527 16527 D AndroidRuntime: CheckJNI is OFF
08-05 11:25:58.619 16527 16527 D ICU     : No timezone override file found: /data/misc/zoneinfo/current/icu/icu_tzdata.dat
08-05 11:25:58.627 13125 13356 I art     : Explicit concurrent mark sweep GC freed 3(96B) AllocSpace objects, 0(0B) LOS objects, 29% free, 39MB/55MB, paused 437us total 47.020ms
08-05 11:25:58.643 13125 13356 I art     : Starting a blocking GC Explicit
08-05 11:25:58.654 16527 16527 I Radio-JNI: register_android_hardware_Radio DONE
08-05 11:25:58.676 16527 16527 D AndroidRuntime: Calling main entry com.android.commands.input.Input
08-05 11:25:58.678 16527 16527 I Input   : injectKeyEvent: KeyEvent { action=ACTION_DOWN, keyCode=KEYCODE_BACK, scanCode=0, metaState=0, flags=0x0, repeatCount=0, eventTime=789975091, downTime=789975091, deviceId=-1, source=0x101 }
08-05 11:25:58.683 16527 16527 I Input   : injectKeyEvent: KeyEvent { action=ACTION_UP, keyCode=KEYCODE_BACK, scanCode=0, metaState=0, flags=0x0, repeatCount=0, eventTime=789975091, downTime=789975091, deviceId=-1, source=0x101 }
08-05 11:25:58.689 13125 13356 I art     : Explicit concurrent mark sweep GC freed 5(208B) AllocSpace objects, 0(0B) LOS objects, 29% free, 39MB/55MB, paused 390us total 45.380ms
08-05 11:25:58.689 16527 16527 D AndroidRuntime: Shutting down VM
08-05 11:25:58.729 13866 13866 I GoogleInputMethodServic: GoogleInputMethodService.onFinishInput():3138 
08-05 11:25:58.730 13866 13866 I GoogleInputMethodServic: GoogleInputMethodService.onStartInput():1808 
08-05 11:25:58.747   518   646 I ThermalEngine: ACTION: GPU - Setting GPU[0] to 600000000
08-05 11:25:58.949 13125 13137 I art     : Starting a blocking GC Explicit
08-05 11:25:58.990 13125 13137 I art     : Explicit concurrent mark sweep GC freed 1619(91KB) AllocSpace objects, 1(20KB) LOS objects, 29% free, 39MB/55MB, paused 305us total 40.571ms
08-05 11:25:59.002 13125 13137 I art     : Starting a blocking GC Explicit
08-05 11:25:59.034   380   380 W SurfaceFlinger: couldn't log to binary event log: overflow.
08-05 11:25:59.042 13125 13137 I art     : Explicit concurrent mark sweep GC freed 66(2256B) AllocSpace objects, 0(0B) LOS objects, 29% free, 39MB/55MB, paused 283us total 39.264ms
08-05 11:25:59.057 13125 13137 I art     : Starting a blocking GC Explicit
08-05 11:25:59.097 13125 13137 I art     : Explicit concurrent mark sweep GC freed 23(992B) AllocSpace objects, 0(0B) LOS objects, 29% free, 39MB/55MB, paused 427us total 40.178ms
08-05 11:25:59.109 13125 13137 I art     : Starting a blocking GC Explicit
08-05 11:25:59.141 13125 13137 I art     : Explicit concurrent mark sweep GC freed 41386(2MB) AllocSpace objects, 5(140KB) LOS objects, 30% free, 36MB/52MB, paused 552us total 31.935ms
08-05 11:25:59.153 13125 13137 I art     : Starting a blocking GC Explicit
08-05 11:25:59.184 13125 13137 I art     : Explicit concurrent mark sweep GC freed 3(96B) AllocSpace objects, 0(0B) LOS objects, 30% free, 36MB/52MB, paused 275us total 31.082ms
08-05 11:25:59.496 13125 13136 I art     : Starting a blocking GC Explicit
08-05 11:25:59.541 13125 13136 I art     : Explicit concurrent mark sweep GC freed 1355(82KB) AllocSpace objects, 1(20KB) LOS objects, 30% free, 36MB/52MB, paused 341us total 43.978ms
08-05 11:25:59.554 13125 13136 I art     : Starting a blocking GC Explicit
08-05 11:25:59.586 13125 13136 I art     : Explicit concurrent mark sweep GC freed 20(704B) AllocSpace objects, 0(0B) LOS objects, 30% free, 36MB/52MB, paused 308us total 31.748ms
08-05 11:25:59.598 13125 13136 I art     : Starting a blocking GC Explicit
08-05 11:25:59.630 13125 13136 I art     : Explicit concurrent mark sweep GC freed 3(96B) AllocSpace objects, 0(0B) LOS objects, 30% free, 36MB/52MB, paused 290us total 31.908ms
08-05 11:25:59.642 13125 13136 I art     : Starting a blocking GC Explicit
08-05 11:25:59.673 13125 13136 I art     : Explicit concurrent mark sweep GC freed 3(96B) AllocSpace objects, 0(0B) LOS objects, 30% free, 36MB/52MB, paused 291us total 31.047ms
08-05 11:25:59.684 13125 13136 I art     : Starting a blocking GC Explicit
08-05 11:25:59.714 13125 13136 I art     : Explicit concurrent mark sweep GC freed 3(96B) AllocSpace objects, 0(0B) LOS objects, 30% free, 36MB/52MB, paused 307us total 29.608ms
08-05 11:26:00.010 13125 14565 I art     : Starting a blocking GC Explicit
08-05 11:26:00.041 13125 14565 I art     : Explicit concurrent mark sweep GC freed 1355(82KB) AllocSpace objects, 1(20KB) LOS objects, 30% free, 36MB/52MB, paused 275us total 30.676ms
08-05 11:26:00.052 13125 14565 I art     : Starting a blocking GC Explicit
08-05 11:26:00.077 13125 14565 I art     : Explicit concurrent mark sweep GC freed 20(704B) AllocSpace objects, 0(0B) LOS objects, 30% free, 36MB/52MB, paused 271us total 25.047ms
08-05 11:26:00.087 13125 14565 I art     : Starting a blocking GC Explicit
08-05 11:26:00.114 13125 14565 I art     : Explicit concurrent mark sweep GC freed 3(96B) AllocSpace objects, 0(0B) LOS objects, 30% free, 36MB/52MB, paused 284us total 26.569ms
08-05 11:26:00.124 13125 14565 I art     : Starting a blocking GC Explicit
08-05 11:26:00.151 13125 14565 I art     : Explicit concurrent mark sweep GC freed 3(96B) AllocSpace objects, 0(0B) LOS objects, 30% free, 36MB/52MB, paused 283us total 27.368ms
08-05 11:26:00.162 13125 14565 I art     : Starting a blocking GC Explicit
08-05 11:26:00.190   918  3188 I hubconnection: sensorhub said: 'set_bias 3: -6.2400, 0.0000, 0.0000'
08-05 11:26:00.191 13125 14565 I art     : Explicit concurrent mark sweep GC freed 3(96B) AllocSpace objects, 0(0B) LOS objects, 30% free, 36MB/52MB, paused 277us total 28.431ms
08-05 11:26:00.250 16578 16578 D AndroidRuntime: >>>>>> START com.android.internal.os.RuntimeInit uid 2000 <<<<<<
08-05 11:26:00.254 16578 16578 D AndroidRuntime: CheckJNI is OFF
08-05 11:26:00.281 16578 16578 D ICU     : No timezone override file found: /data/misc/zoneinfo/current/icu/icu_tzdata.dat
08-05 11:26:00.307 16578 16578 I Radio-JNI: register_android_hardware_Radio DONE
08-05 11:26:00.323 16578 16578 D AndroidRuntime: Calling main entry com.android.commands.input.Input
08-05 11:26:00.325 16578 16578 I Input   : injectMotionEvent: MotionEvent { action=ACTION_DOWN, actionButton=0, id[0]=0, x[0]=600.0, y[0]=938.0, toolType[0]=TOOL_TYPE_UNKNOWN, buttonState=0, metaState=0, flags=0x0, edgeFlags=0x0, pointerCount=1, historySize=0, eventTime=789976738, downTime=789976738, deviceId=0, source=0x1002 }
08-05 11:26:00.331 16578 16578 I Input   : injectMotionEvent: MotionEvent { action=ACTION_UP, actionButton=0, id[0]=0, x[0]=600.0, y[0]=938.0, toolType[0]=TOOL_TYPE_UNKNOWN, buttonState=0, metaState=0, flags=0x0, edgeFlags=0x0, pointerCount=1, historySize=0, eventTime=789976738, downTime=789976738, deviceId=0, source=0x1002 }
08-05 11:26:00.333 16578 16578 D AndroidRuntime: Shutting down VM
08-05 11:26:00.340   918  3714 I ActivityManager: START u0 {dat=https://gfycat.com/... cmp=baseline.org.quantumbadger.redreader/.activities.ImageViewActivity (has extras)} from uid 10689 on display 0
08-05 11:26:00.341   512  2967 D audio_hw_primary: out_set_parameters: enter: usecase(1: low-latency-playback) kvpairs: routing=2
08-05 11:26:00.353   512  2967 D audio_hw_primary: select_devices: out_snd_device(2: speaker) in_snd_device(0: none)
08-05 11:26:00.353   512  2967 D msm8974_platform: platform_send_audio_calibration: sending audio calibration for snd_device(2) acdb_id(15)
08-05 11:26:00.354   512  2967 I soundtrigger: audio_extn_sound_trigger_update_device_status: device 0x2 of type 0 for Event 1
08-05 11:26:00.364 13125 13125 I ImageViewActivity: Loading URL https://gfycat.com/deadlygravecavy
08-05 11:26:00.365   512  2967 D audio_hw_primary: enable_snd_device: snd_device(2: speaker)
08-05 11:26:00.367   512  2967 D audio_hw_primary: enable_audio_route: apply and update mixer path: low-latency-playback speaker
08-05 11:26:00.370 13125 13690 I ImageViewActivity: Got image URL: https://giant.gfycat.com/DeadlyGraveCavy.mp4
08-05 11:26:00.370 13125 13690 I ImageViewActivity: Got image Type: video/mp4
08-05 11:26:00.370 13125 13690 I ImageViewActivity: Got media Type: VIDEO
08-05 11:26:00.370 13125 13690 I ImageViewActivity: Media type VIDEO detected
08-05 11:26:00.370 13125 13690 I ImageViewActivity: Proceeding with download
08-05 11:26:00.374 13125 16603 D OK      : calling: https://giant.gfycat.com/DeadlyGraveCavy.mp4
08-05 11:26:00.422 13866 13866 I GoogleInputMethodServic: GoogleInputMethodService.onFinishInput():3138 
08-05 11:26:00.422 13866 13866 I GoogleInputMethodServic: GoogleInputMethodService.onStartInput():1808 
08-05 11:26:00.439 13125 13137 I art     : Starting a blocking GC Explicit
08-05 11:26:00.449   918   936 I ActivityManager: Displayed baseline.org.quantumbadger.redreader/.activities.ImageViewActivity: +99ms
08-05 11:26:00.472 13125 13137 I art     : Explicit concurrent mark sweep GC freed 3705(266KB) AllocSpace objects, 1(20KB) LOS objects, 30% free, 36MB/52MB, paused 434us total 32.642ms
08-05 11:26:00.488 13125 13137 I art     : Starting a blocking GC Explicit
08-05 11:26:00.517 13125 13137 I art     : Explicit concurrent mark sweep GC freed 1899(74KB) AllocSpace objects, 0(0B) LOS objects, 30% free, 36MB/52MB, paused 598us total 29.342ms
08-05 11:26:00.529 13125 13137 I art     : Starting a blocking GC Explicit
08-05 11:26:00.557 13125 13137 I art     : Explicit concurrent mark sweep GC freed 102(3KB) AllocSpace objects, 0(0B) LOS objects, 30% free, 36MB/52MB, paused 378us total 27.304ms
08-05 11:26:00.568 13125 13137 I art     : Starting a blocking GC Explicit
08-05 11:26:00.599 13125 13137 I art     : Explicit concurrent mark sweep GC freed 33(1440B) AllocSpace objects, 0(0B) LOS objects, 30% free, 36MB/52MB, paused 322us total 30.213ms
08-05 11:26:00.611 13125 13137 I art     : Starting a blocking GC Explicit
08-05 11:26:00.647 13125 13137 I art     : Explicit concurrent mark sweep GC freed 3(96B) AllocSpace objects, 0(0B) LOS objects, 30% free, 36MB/52MB, paused 435us total 35.778ms
08-05 11:26:00.668 13125 16603 I NAPPA_EXPERIMENTATION: MetricNetworkRequestExecutionTime: REQUEST_DURATION_SYSTEM='294',REQUEST_DURATION_OKHTTP='154',REQUEST_SYNCHRONOUS='TRUE',RESPONSE_CODE='200',RESPONSE_METHOD='GET',RESPONSE_LENGTH_OKHTTP='1942309',RESPONSE_LENGTH_HEADER='1942309',REQUEST_PROTOCOL='h2',REQUEST_URL='https://giant.gfycat.com/DeadlyGraveCavy.mp4',
08-05 11:26:00.668 13125 16603 D OK      : request got status: 200
08-05 11:26:00.704   380   380 W SurfaceFlinger: couldn't log to binary event log: overflow.
08-05 11:26:00.898   512  2967 D audio_hw_primary: disable_audio_route: reset and update mixer path: low-latency-playback speaker
08-05 11:26:00.900   512  2967 D audio_hw_primary: disable_snd_device: snd_device(2: speaker)
08-05 11:26:00.905 13125 14565 I art     : Starting a blocking GC Explicit
08-05 11:26:00.911   512  2967 I soundtrigger: audio_extn_sound_trigger_update_device_status: device 0x2 of type 0 for Event 0
08-05 11:26:00.932 13125 14565 I art     : Explicit concurrent mark sweep GC freed 2940(180KB) AllocSpace objects, 1(20KB) LOS objects, 29% free, 38MB/54MB, paused 326us total 26.495ms
08-05 11:26:00.942 13125 14565 I art     : Starting a blocking GC Explicit
08-05 11:26:00.969 13125 14565 I art     : Explicit concurrent mark sweep GC freed 261(410KB) AllocSpace objects, 0(0B) LOS objects, 29% free, 37MB/53MB, paused 319us total 26.416ms
08-05 11:26:00.979 13125 14565 I art     : Starting a blocking GC Explicit
08-05 11:26:01.005 13125 14565 I art     : Explicit concurrent mark sweep GC freed 273(411KB) AllocSpace objects, 0(0B) LOS objects, 29% free, 37MB/53MB, paused 316us total 25.983ms
08-05 11:26:01.015 13125 14565 I art     : Starting a blocking GC Explicit
08-05 11:26:01.042 13125 14565 I art     : Explicit concurrent mark sweep GC freed 322(224KB) AllocSpace objects, 1(68KB) LOS objects, 30% free, 37MB/53MB, paused 347us total 27.566ms
08-05 11:26:01.053 13125 14565 I art     : Starting a blocking GC Explicit
08-05 11:26:01.059 13125 13125 I ImageViewActivity: Playing video using ExoPlayer
08-05 11:26:01.095 13125 14565 I art     : Explicit concurrent mark sweep GC freed 355(44KB) AllocSpace objects, 1(68KB) LOS objects, 30% free, 37MB/53MB, paused 904us total 42.141ms
08-05 11:26:01.104 13125 13125 I ExoPlayerImpl: Init c6651cb [ExoPlayerLib/2.10.8] [angler, Nexus 6P, Huawei, 23]
08-05 11:26:01.199 13125 16621 W VideoCapabilities: Unrecognized profile 2130706433 for video/avc
08-05 11:26:01.213 13125 16621 I VideoCapabilities: Unsupported profile 4 for video/mp4v-es
08-05 11:26:01.222 13125 16626 I OMXClient: Using client-side OMX mux.
08-05 11:26:01.310   512 12837 I OMX-VDEC-1080P: component_init: OMX.qcom.video.decoder.avc : fd=49
08-05 11:26:01.311   512 12837 I OMX-VDEC-1080P: Capabilities: driver_name = msm_vidc_driver, card = msm_vdec_8974, bus_info = , version = 1, capabilities = 4003000
08-05 11:26:01.316   512 12837 I OMX-VDEC-1080P: Enabling default extradata for OMX.qcom.video.decoder.avc
08-05 11:26:01.319   512 12837 I OMX-VDEC-1080P: omx_vdec::component_init() success : fd=49
08-05 11:26:01.321 13125 16625 I MediaCodec: [OMX.qcom.video.decoder.avc] setting surface generation to 13440001
08-05 11:26:01.322   512 15701 E OMX-VDEC-1080P: Extension: OMX.google.android.index.storeANWBufferInMetadata not implemented
08-05 11:26:01.346 13125 16626 D SurfaceUtils: set up nativeWindow 0x7f797c3c10 for 360x306, color 0x7fa30c04, rotation 0, usage 0x42002900
08-05 11:26:01.358 13125 14565 I art     : Starting a blocking GC Explicit
08-05 11:26:01.373 13125 16626 D SurfaceUtils: set up nativeWindow 0x7f797c3c10 for 368x320, color 0x7fa30c04, rotation 0, usage 0x42002900
08-05 11:26:01.389 13125 14565 I art     : Explicit concurrent mark sweep GC freed 10316(789KB) AllocSpace objects, 5(188KB) LOS objects, 28% free, 40MB/56MB, paused 444us total 31.051ms
08-05 11:26:01.400 13125 14565 I art     : Starting a blocking GC Explicit
08-05 11:26:01.429 13125 14565 I art     : Explicit concurrent mark sweep GC freed 576(32KB) AllocSpace objects, 1(68KB) LOS objects, 28% free, 40MB/56MB, paused 511us total 29.250ms
08-05 11:26:01.441 13125 14565 I art     : Starting a blocking GC Explicit
08-05 11:26:01.473 13125 14565 I art     : Explicit concurrent mark sweep GC freed 32(1328B) AllocSpace objects, 0(0B) LOS objects, 28% free, 40MB/56MB, paused 286us total 31.346ms
08-05 11:26:01.483 13125 14565 I art     : Starting a blocking GC Explicit
08-05 11:26:01.511 13125 14565 I art     : Explicit concurrent mark sweep GC freed 14(512B) AllocSpace objects, 0(0B) LOS objects, 28% free, 40MB/56MB, paused 348us total 27.897ms
08-05 11:26:01.522 13125 14565 I art     : Starting a blocking GC Explicit
08-05 11:26:01.552 13125 14565 I art     : Explicit concurrent mark sweep GC freed 15(576B) AllocSpace objects, 0(0B) LOS objects, 28% free, 40MB/56MB, paused 324us total 29.643ms
08-05 11:26:01.756   518   646 I ThermalEngine: ACTION: GPU - Setting GPU[0] to 510000000
08-05 11:26:01.860 13125 13356 I art     : Starting a blocking GC Explicit
08-05 11:26:01.901 13125 13356 I art     : Explicit concurrent mark sweep GC freed 1475(87KB) AllocSpace objects, 1(20KB) LOS objects, 28% free, 40MB/56MB, paused 447us total 40.397ms
08-05 11:26:01.917 13125 13356 I art     : Starting a blocking GC Explicit
08-05 11:26:01.957 13125 13356 I art     : Explicit concurrent mark sweep GC freed 36(1328B) AllocSpace objects, 0(0B) LOS objects, 28% free, 40MB/56MB, paused 523us total 39.780ms
08-05 11:26:01.972 13125 13356 I art     : Starting a blocking GC Explicit
08-05 11:26:02.011 13125 13356 I art     : Explicit concurrent mark sweep GC freed 20(720B) AllocSpace objects, 0(0B) LOS objects, 28% free, 40MB/56MB, paused 454us total 39.135ms
08-05 11:26:02.027 13125 13356 I art     : Starting a blocking GC Explicit
08-05 11:26:02.067 13125 13356 I art     : Explicit concurrent mark sweep GC freed 19(720B) AllocSpace objects, 0(0B) LOS objects, 28% free, 40MB/56MB, paused 490us total 39.865ms
08-05 11:26:02.082 13125 13356 I art     : Starting a blocking GC Explicit
08-05 11:26:02.121 13125 13356 I art     : Explicit concurrent mark sweep GC freed 21(784B) AllocSpace objects, 0(0B) LOS objects, 28% free, 40MB/56MB, paused 412us total 39.010ms
08-05 11:26:02.469 13125 13136 I art     : Starting a blocking GC Explicit
08-05 11:26:02.514 13125 13136 I art     : Explicit concurrent mark sweep GC freed 1486(87KB) AllocSpace objects, 1(20KB) LOS objects, 28% free, 40MB/56MB, paused 457us total 44.229ms
08-05 11:26:02.531 13125 13136 I art     : Starting a blocking GC Explicit
08-05 11:26:02.567 13125 13136 I art     : Explicit concurrent mark sweep GC freed 36(1328B) AllocSpace objects, 0(0B) LOS objects, 28% free, 40MB/56MB, paused 428us total 36.076ms
08-05 11:26:02.581 13125 13136 I art     : Starting a blocking GC Explicit
08-05 11:26:02.620 13125 13136 I art     : Explicit concurrent mark sweep GC freed 21(784B) AllocSpace objects, 0(0B) LOS objects, 28% free, 40MB/56MB, paused 605us total 39.171ms
08-05 11:26:02.635 13125 13136 I art     : Starting a blocking GC Explicit
08-05 11:26:02.674 13125 13136 I art     : Explicit concurrent mark sweep GC freed 22(768B) AllocSpace objects, 0(0B) LOS objects, 28% free, 40MB/56MB, paused 401us total 38.517ms
08-05 11:26:02.688 13125 13136 I art     : Starting a blocking GC Explicit
08-05 11:26:02.727 13125 13136 I art     : Explicit concurrent mark sweep GC freed 27(1024B) AllocSpace objects, 0(0B) LOS objects, 28% free, 40MB/56MB, paused 562us total 38.900ms
08-05 11:26:03.081 13125 13136 I art     : Starting a blocking GC Explicit
08-05 11:26:03.125 13125 13136 I art     : Explicit concurrent mark sweep GC freed 1479(87KB) AllocSpace objects, 1(20KB) LOS objects, 28% free, 40MB/56MB, paused 458us total 43.774ms
08-05 11:26:03.141 13125 13136 I art     : Starting a blocking GC Explicit
08-05 11:26:03.180 13125 13136 I art     : Explicit concurrent mark sweep GC freed 42(1536B) AllocSpace objects, 0(0B) LOS objects, 28% free, 40MB/56MB, paused 417us total 38.867ms
08-05 11:26:03.195 13125 13136 I art     : Starting a blocking GC Explicit
08-05 11:26:03.234 13125 13136 I art     : Explicit concurrent mark sweep GC freed 16(560B) AllocSpace objects, 0(0B) LOS objects, 28% free, 40MB/56MB, paused 528us total 39.224ms
08-05 11:26:03.249 13125 13136 I art     : Starting a blocking GC Explicit
08-05 11:26:03.286 13125 13136 I art     : Explicit concurrent mark sweep GC freed 27(992B) AllocSpace objects, 0(0B) LOS objects, 28% free, 40MB/56MB, paused 404us total 36.537ms
08-05 11:26:03.300 13125 13136 I art     : Starting a blocking GC Explicit
08-05 11:26:03.339 13125 13136 I art     : Explicit concurrent mark sweep GC freed 18(656B) AllocSpace objects, 0(0B) LOS objects, 28% free, 40MB/56MB, paused 450us total 38.541ms
08-05 11:26:03.695 13125 13151 I art     : Starting a blocking GC Explicit
08-05 11:26:03.737 13125 13151 I art     : Explicit concurrent mark sweep GC freed 1488(87KB) AllocSpace objects, 1(20KB) LOS objects, 28% free, 40MB/56MB, paused 459us total 41.188ms
08-05 11:26:03.751 13125 13151 I art     : Starting a blocking GC Explicit
08-05 11:26:03.791 13125 13151 I art     : Explicit concurrent mark sweep GC freed 34(1280B) AllocSpace objects, 0(0B) LOS objects, 28% free, 40MB/56MB, paused 405us total 39.101ms
08-05 11:26:03.805 13125 13151 I art     : Starting a blocking GC Explicit
08-05 11:26:03.845 13125 13151 I art     : Explicit concurrent mark sweep GC freed 24(864B) AllocSpace objects, 0(0B) LOS objects, 28% free, 40MB/56MB, paused 395us total 39.927ms
08-05 11:26:03.860 13125 13151 I art     : Starting a blocking GC Explicit
08-05 11:26:03.899 13125 13151 I art     : Explicit concurrent mark sweep GC freed 17(624B) AllocSpace objects, 0(0B) LOS objects, 28% free, 40MB/56MB, paused 436us total 38.604ms
08-05 11:26:03.913 13125 13151 I art     : Starting a blocking GC Explicit
08-05 11:26:03.953 13125 13151 I art     : Explicit concurrent mark sweep GC freed 21(784B) AllocSpace objects, 0(0B) LOS objects, 28% free, 40MB/56MB, paused 444us total 39.725ms
08-05 11:26:04.320 13125 14565 I art     : Starting a blocking GC Explicit
08-05 11:26:04.363 13125 14565 I art     : Explicit concurrent mark sweep GC freed 1504(88KB) AllocSpace objects, 1(20KB) LOS objects, 28% free, 40MB/56MB, paused 401us total 42.753ms
08-05 11:26:04.377 13125 14565 I art     : Starting a blocking GC Explicit
08-05 11:26:04.415 13125 14565 I art     : Explicit concurrent mark sweep GC freed 36(1328B) AllocSpace objects, 0(0B) LOS objects, 28% free, 40MB/56MB, paused 448us total 38.041ms
08-05 11:26:04.430 13125 14565 I art     : Starting a blocking GC Explicit
08-05 11:26:04.469 13125 14565 I art     : Explicit concurrent mark sweep GC freed 21(784B) AllocSpace objects, 0(0B) LOS objects, 28% free, 40MB/56MB, paused 415us total 38.722ms
08-05 11:26:04.483 13125 14565 I art     : Starting a blocking GC Explicit
08-05 11:26:04.522 13125 14565 I art     : Explicit concurrent mark sweep GC freed 24(864B) AllocSpace objects, 0(0B) LOS objects, 28% free, 40MB/56MB, paused 439us total 38.927ms
08-05 11:26:04.537 13125 14565 I art     : Starting a blocking GC Explicit
08-05 11:26:04.576 13125 14565 I art     : Explicit concurrent mark sweep GC freed 21(784B) AllocSpace objects, 0(0B) LOS objects, 28% free, 40MB/56MB, paused 415us total 38.415ms
08-05 11:26:04.907 13125 13151 I art     : Starting a blocking GC Explicit
08-05 11:26:04.949 13125 13151 I art     : Explicit concurrent mark sweep GC freed 1476(87KB) AllocSpace objects, 1(20KB) LOS objects, 28% free, 40MB/56MB, paused 453us total 41.592ms
08-05 11:26:04.964 13125 13151 I art     : Starting a blocking GC Explicit
08-05 11:26:05.005 13125 13151 I art     : Explicit concurrent mark sweep GC freed 41(1440B) AllocSpace objects, 0(0B) LOS objects, 28% free, 40MB/56MB, paused 422us total 40.530ms
08-05 11:26:05.020 13125 13151 I art     : Starting a blocking GC Explicit
08-05 11:26:05.059 13125 13151 I art     : Explicit concurrent mark sweep GC freed 19(720B) AllocSpace objects, 0(0B) LOS objects, 28% free, 40MB/56MB, paused 404us total 39.040ms
08-05 11:26:05.074 13125 13151 I art     : Starting a blocking GC Explicit
08-05 11:26:05.113 13125 13151 I art     : Explicit concurrent mark sweep GC freed 23(880B) AllocSpace objects, 0(0B) LOS objects, 28% free, 40MB/56MB, paused 446us total 39.139ms
08-05 11:26:05.128 13125 13151 I art     : Starting a blocking GC Explicit
08-05 11:26:05.168 13125 13151 I art     : Explicit concurrent mark sweep GC freed 19(720B) AllocSpace objects, 0(0B) LOS objects, 28% free, 40MB/56MB, paused 490us total 39.733ms
08-05 11:26:05.353 13125 16600 I RedditChangeDataIO: Writing tmp data file at '/data/user/0/baseline.org.quantumbadger.redreader/files/rr_change_data_tmp.dat'
08-05 11:26:05.354 13125 16600 I RedditChangeDataManager: Taking snapshot...
08-05 11:26:05.354 13125 16600 I RedditChangeDataManager: Writing to stream...
08-05 11:26:05.354 13125 16600 I RedditChangeDataManager: Wrote 6 entries for user ''
08-05 11:26:05.354 13125 16600 I RedditChangeDataManager: All entries written to stream.
08-05 11:26:05.354 13125 16600 I RedditChangeDataIO: Write successful. Atomically replacing data file...
08-05 11:26:05.355 13125 16600 I RedditChangeDataIO: Write complete.
08-05 11:26:05.355 13125 16600 I RedditChangeDataIO: 158 bytes written in 2 ms
08-05 11:26:05.489 13125 13151 I art     : Starting a blocking GC Explicit
08-05 11:26:05.529 13125 13151 I art     : Explicit concurrent mark sweep GC freed 1562(92KB) AllocSpace objects, 2(88KB) LOS objects, 28% free, 40MB/56MB, paused 401us total 40.007ms
08-05 11:26:05.543 13125 13151 I art     : Starting a blocking GC Explicit
08-05 11:26:05.579 13125 13151 I art     : Explicit concurrent mark sweep GC freed 39(1424B) AllocSpace objects, 0(0B) LOS objects, 28% free, 40MB/56MB, paused 416us total 35.668ms
08-05 11:26:05.593 13125 13151 I art     : Starting a blocking GC Explicit
08-05 11:26:05.631 13125 13151 I art     : Explicit concurrent mark sweep GC freed 20(720B) AllocSpace objects, 0(0B) LOS objects, 28% free, 40MB/56MB, paused 387us total 37.914ms
08-05 11:26:05.645 13125 13151 I art     : Starting a blocking GC Explicit
08-05 11:26:05.683 13125 13151 I art     : Explicit concurrent mark sweep GC freed 17(624B) AllocSpace objects, 0(0B) LOS objects, 28% free, 40MB/56MB, paused 436us total 37.395ms
08-05 11:26:05.697 13125 13151 I art     : Starting a blocking GC Explicit
08-05 11:26:05.736 13125 13151 I art     : Explicit concurrent mark sweep GC freed 21(784B) AllocSpace objects, 0(0B) LOS objects, 28% free, 40MB/56MB, paused 410us total 38.566ms
08-05 11:26:06.090 13125 13137 I art     : Starting a blocking GC Explicit
08-05 11:26:06.132 13125 13137 I art     : Explicit concurrent mark sweep GC freed 1675(119KB) AllocSpace objects, 1(20KB) LOS objects, 28% free, 40MB/56MB, paused 399us total 42.337ms
08-05 11:26:06.147 13125 13137 I art     : Starting a blocking GC Explicit
08-05 11:26:06.187 13125 13137 I art     : Explicit concurrent mark sweep GC freed 101(3KB) AllocSpace objects, 0(0B) LOS objects, 28% free, 40MB/56MB, paused 411us total 38.824ms
08-05 11:26:06.202 13125 13137 I art     : Starting a blocking GC Explicit
08-05 11:26:06.242 13125 13137 I art     : Explicit concurrent mark sweep GC freed 21(784B) AllocSpace objects, 0(0B) LOS objects, 28% free, 40MB/56MB, paused 429us total 39.917ms
08-05 11:26:06.256 13125 13137 I art     : Starting a blocking GC Explicit
08-05 11:26:06.295 13125 13137 I art     : Explicit concurrent mark sweep GC freed 24(864B) AllocSpace objects, 0(0B) LOS objects, 28% free, 40MB/56MB, paused 461us total 38.623ms
08-05 11:26:06.310 13125 13137 I art     : Starting a blocking GC Explicit
08-05 11:26:06.349 13125 13137 I art     : Explicit concurrent mark sweep GC freed 25(928B) AllocSpace objects, 0(0B) LOS objects, 28% free, 40MB/56MB, paused 384us total 38.617ms
08-05 11:26:06.677 13125 13137 I art     : Starting a blocking GC Explicit
08-05 11:26:06.719 13125 13137 I art     : Explicit concurrent mark sweep GC freed 1470(87KB) AllocSpace objects, 1(20KB) LOS objects, 28% free, 40MB/56MB, paused 420us total 41.196ms
08-05 11:26:06.734 13125 13137 I art     : Starting a blocking GC Explicit
08-05 11:26:06.772 13125 13137 I art     : Explicit concurrent mark sweep GC freed 42(1504B) AllocSpace objects, 0(0B) LOS objects, 28% free, 40MB/56MB, paused 404us total 38.366ms
08-05 11:26:06.787 13125 13137 I art     : Starting a blocking GC Explicit
08-05 11:26:06.825 13125 13137 I art     : Explicit concurrent mark sweep GC freed 14(544B) AllocSpace objects, 0(0B) LOS objects, 28% free, 40MB/56MB, paused 411us total 38.446ms
08-05 11:26:06.840 13125 13137 I art     : Starting a blocking GC Explicit
08-05 11:26:06.878 13125 13137 I art     : Explicit concurrent mark sweep GC freed 21(784B) AllocSpace objects, 0(0B) LOS objects, 28% free, 40MB/56MB, paused 364us total 38.016ms
08-05 11:26:06.892 13125 13137 I art     : Starting a blocking GC Explicit
08-05 11:26:06.930 13125 13137 I art     : Explicit concurrent mark sweep GC freed 25(912B) AllocSpace objects, 0(0B) LOS objects, 28% free, 40MB/56MB, paused 377us total 37.255ms
08-05 11:26:06.997 16730 16730 D AndroidRuntime: >>>>>> START com.android.internal.os.RuntimeInit uid 2000 <<<<<<
08-05 11:26:07.002 16730 16730 D AndroidRuntime: CheckJNI is OFF
08-05 11:26:07.035 16730 16730 D ICU     : No timezone override file found: /data/misc/zoneinfo/current/icu/icu_tzdata.dat
08-05 11:26:07.067 16730 16730 I Radio-JNI: register_android_hardware_Radio DONE
08-05 11:26:07.088 16730 16730 D AndroidRuntime: Calling main entry com.android.commands.input.Input
08-05 11:26:07.090 16730 16730 I Input   : injectKeyEvent: KeyEvent { action=ACTION_DOWN, keyCode=KEYCODE_BACK, scanCode=0, metaState=0, flags=0x0, repeatCount=0, eventTime=789983503, downTime=789983503, deviceId=-1, source=0x101 }
08-05 11:26:07.097 16730 16730 I Input   : injectKeyEvent: KeyEvent { action=ACTION_UP, keyCode=KEYCODE_BACK, scanCode=0, metaState=0, flags=0x0, repeatCount=0, eventTime=789983503, downTime=789983503, deviceId=-1, source=0x101 }
08-05 11:26:07.105 16730 16730 D AndroidRuntime: Shutting down VM
08-05 11:26:07.159 13866 13866 I GoogleInputMethodServic: GoogleInputMethodService.onFinishInput():3138 
08-05 11:26:07.161 13866 13866 I GoogleInputMethodServic: GoogleInputMethodService.onStartInput():1808 
08-05 11:26:07.226 13125 16625 I MediaCodec: [OMX.qcom.video.decoder.avc] setting surface generation to 13440002
08-05 11:26:07.226 13125 16626 D SurfaceUtils: set up nativeWindow 0x7f797c5810 for 368x320, color 0x7fa30c04, rotation 0, usage 0x42002900
08-05 11:26:07.244 13125 13151 I art     : Starting a blocking GC Explicit
08-05 11:26:07.278 13125 13151 I art     : Explicit concurrent mark sweep GC freed 1732(98KB) AllocSpace objects, 1(20KB) LOS objects, 28% free, 40MB/56MB, paused 365us total 34.295ms
08-05 11:26:07.292 13125 13151 I art     : Starting a blocking GC Explicit
08-05 11:26:07.330 13125 13151 I art     : Explicit concurrent mark sweep GC freed 31(1136B) AllocSpace objects, 0(0B) LOS objects, 28% free, 40MB/56MB, paused 536us total 38.129ms
08-05 11:26:07.347 13125 13151 I art     : Starting a blocking GC Explicit
08-05 11:26:07.390 13125 13151 I art     : Explicit concurrent mark sweep GC freed 23(864B) AllocSpace objects, 0(0B) LOS objects, 28% free, 40MB/56MB, paused 387us total 43.138ms
08-05 11:26:07.405 13125 13151 I art     : Starting a blocking GC Explicit
08-05 11:26:07.445 13125 13151 I art     : Explicit concurrent mark sweep GC freed 21(784B) AllocSpace objects, 0(0B) LOS objects, 28% free, 40MB/56MB, paused 580us total 39.318ms
08-05 11:26:07.457 13125 13125 I ExoPlayerImpl: Release c6651cb [ExoPlayerLib/2.10.8] [angler, Nexus 6P, Huawei, 23] [goog.exo.core, goog.exo.ui]
08-05 11:26:07.462 13125 13151 I art     : Starting a blocking GC Explicit
08-05 11:26:07.462   380   380 W SurfaceFlinger: couldn't log to binary event log: overflow.
08-05 11:26:07.472   512 12838 I OMX-VDEC-1080P: omx_vdec::component_deinit() complete
08-05 11:26:07.474   512 12838 I OMX-VDEC-1080P: Exit OMX vdec Destructor: fd=49
08-05 11:26:07.499 13125 13151 I art     : Explicit concurrent mark sweep GC freed 420(101KB) AllocSpace objects, 35(2MB) LOS objects, 29% free, 37MB/53MB, paused 369us total 37.023ms
08-05 11:26:07.807 13125 13136 I art     : Starting a blocking GC Explicit
08-05 11:26:07.859 13125 13136 I art     : Explicit concurrent mark sweep GC freed 1382(84KB) AllocSpace objects, 1(20KB) LOS objects, 29% free, 37MB/53MB, paused 481us total 51.936ms
08-05 11:26:07.878 13125 13136 I art     : Starting a blocking GC Explicit
08-05 11:26:07.920 13125 13136 I art     : Explicit concurrent mark sweep GC freed 2901(161KB) AllocSpace objects, 4(200KB) LOS objects, 29% free, 37MB/53MB, paused 405us total 41.884ms
08-05 11:26:07.935 13125 13136 I art     : Starting a blocking GC Explicit
08-05 11:26:07.976 13125 13136 I art     : Explicit concurrent mark sweep GC freed 3(96B) AllocSpace objects, 0(0B) LOS objects, 29% free, 37MB/53MB, paused 407us total 40.362ms
08-05 11:26:07.991 13125 13136 I art     : Starting a blocking GC Explicit
08-05 11:26:08.031 13125 13136 I art     : Explicit concurrent mark sweep GC freed 3(96B) AllocSpace objects, 0(0B) LOS objects, 29% free, 37MB/53MB, paused 395us total 40.709ms
08-05 11:26:08.046 13125 13136 I art     : Starting a blocking GC Explicit
08-05 11:26:08.086 13125 13136 I art     : Explicit concurrent mark sweep GC freed 3(96B) AllocSpace objects, 0(0B) LOS objects, 29% free, 37MB/53MB, paused 401us total 40.020ms
08-05 11:26:08.262   918  5481 I ActivityManager: Killing 2962:com.google.android.apps.gcs/u0a11 (adj 15): empty #17
08-05 11:26:08.406 13125 14565 I art     : Starting a blocking GC Explicit
08-05 11:26:08.445 13125 14565 I art     : Explicit concurrent mark sweep GC freed 1355(82KB) AllocSpace objects, 1(20KB) LOS objects, 29% free, 37MB/53MB, paused 496us total 39.204ms
08-05 11:26:08.460 13125 14565 I art     : Starting a blocking GC Explicit
08-05 11:26:08.499 13125 14565 I art     : Explicit concurrent mark sweep GC freed 20(704B) AllocSpace objects, 0(0B) LOS objects, 29% free, 37MB/53MB, paused 392us total 39.278ms
08-05 11:26:08.514 13125 14565 I art     : Starting a blocking GC Explicit
08-05 11:26:08.551 13125 14565 I art     : Explicit concurrent mark sweep GC freed 3(96B) AllocSpace objects, 0(0B) LOS objects, 29% free, 37MB/53MB, paused 380us total 37.512ms
08-05 11:26:08.566 13125 14565 I art     : Starting a blocking GC Explicit
08-05 11:26:08.604 13125 14565 I art     : Explicit concurrent mark sweep GC freed 3(96B) AllocSpace objects, 0(0B) LOS objects, 29% free, 37MB/53MB, paused 422us total 37.897ms
08-05 11:26:08.618 13125 14565 I art     : Starting a blocking GC Explicit
08-05 11:26:08.656 13125 14565 I art     : Explicit concurrent mark sweep GC freed 3(96B) AllocSpace objects, 0(0B) LOS objects, 29% free, 37MB/53MB, paused 398us total 38.069ms
08-05 11:26:08.758 16780 16780 D AndroidRuntime: >>>>>> START com.android.internal.os.RuntimeInit uid 2000 <<<<<<
08-05 11:26:08.764 16780 16780 D AndroidRuntime: CheckJNI is OFF
08-05 11:26:08.801 16780 16780 D ICU     : No timezone override file found: /data/misc/zoneinfo/current/icu/icu_tzdata.dat
08-05 11:26:08.834 16780 16780 I Radio-JNI: register_android_hardware_Radio DONE
08-05 11:26:08.856 16780 16780 D AndroidRuntime: Calling main entry com.android.commands.input.Input
08-05 11:26:08.858 16780 16780 I Input   : injectMotionEvent: MotionEvent { action=ACTION_DOWN, actionButton=0, id[0]=0, x[0]=1340.0, y[0]=1100.0, toolType[0]=TOOL_TYPE_UNKNOWN, buttonState=0, metaState=0, flags=0x0, edgeFlags=0x0, pointerCount=1, historySize=0, eventTime=789985270, downTime=789985270, deviceId=0, source=0x1002 }
08-05 11:26:08.862 16780 16780 I Input   : injectMotionEvent: MotionEvent { action=ACTION_UP, actionButton=0, id[0]=0, x[0]=1340.0, y[0]=1100.0, toolType[0]=TOOL_TYPE_UNKNOWN, buttonState=0, metaState=0, flags=0x0, edgeFlags=0x0, pointerCount=1, historySize=0, eventTime=789985270, downTime=789985270, deviceId=0, source=0x1002 }
08-05 11:26:08.868 16780 16780 D AndroidRuntime: Shutting down VM
08-05 11:26:08.882   512  2967 D audio_hw_primary: out_set_parameters: enter: usecase(1: low-latency-playback) kvpairs: routing=2
08-05 11:26:08.884   918  6111 I ActivityManager: START u0 {dat=https://oauth.reddit.com/... cmp=baseline.org.quantumbadger.redreader/.activities.CommentListingActivity} from uid 10689 on display 0
08-05 11:26:08.895   512  2967 D audio_hw_primary: select_devices: out_snd_device(2: speaker) in_snd_device(0: none)
08-05 11:26:08.895   512  2967 D msm8974_platform: platform_send_audio_calibration: sending audio calibration for snd_device(2) acdb_id(15)
08-05 11:26:08.895   512  2967 I soundtrigger: audio_extn_sound_trigger_update_device_status: device 0x2 of type 0 for Event 1
08-05 11:26:08.906 13125 13125 I AppCompatViewInflater: app:theme is now deprecated. Please move to using android:theme instead.
08-05 11:26:08.907   512  2967 D audio_hw_primary: enable_snd_device: snd_device(2: speaker)
08-05 11:26:08.909   512  2967 D audio_hw_primary: enable_audio_route: apply and update mixer path: low-latency-playback speaker
08-05 11:26:08.922 13125 13690 I CommentListingActivity: COMMENTS session changed to 143cfe21-fe20-43bb-ba9e-04a71dc744e2
08-05 11:26:08.971 13125 13136 I art     : Starting a blocking GC Explicit
08-05 11:26:09.024   918   936 I ActivityManager: Displayed baseline.org.quantumbadger.redreader/.activities.CommentListingActivity: +133ms
08-05 11:26:09.025 13866 13866 I GoogleInputMethodServic: GoogleInputMethodService.onFinishInput():3138 
08-05 11:26:09.026 13866 13866 I GoogleInputMethodServic: GoogleInputMethodService.onStartInput():1808 
08-05 11:26:09.028 13125 13136 I art     : Explicit concurrent mark sweep GC freed 20757(1143KB) AllocSpace objects, 1(20KB) LOS objects, 28% free, 39MB/55MB, paused 1.090ms total 57.165ms
08-05 11:26:09.046 13125 13136 I art     : Starting a blocking GC Explicit
08-05 11:26:09.095 13125 13136 I art     : Explicit concurrent mark sweep GC freed 12361(660KB) AllocSpace objects, 0(0B) LOS objects, 28% free, 40MB/56MB, paused 711us total 49.248ms
08-05 11:26:09.110 13125 13136 I art     : Starting a blocking GC Explicit
08-05 11:26:09.158 13125 13136 I art     : Explicit concurrent mark sweep GC freed 11463(517KB) AllocSpace objects, 0(0B) LOS objects, 28% free, 39MB/55MB, paused 392us total 47.123ms
08-05 11:26:09.173 13125 13136 I art     : Starting a blocking GC Explicit
08-05 11:26:09.229 13125 13136 I art     : Explicit concurrent mark sweep GC freed 55(3024B) AllocSpace objects, 0(0B) LOS objects, 28% free, 39MB/55MB, paused 384us total 55.404ms
08-05 11:26:09.250 13125 13136 I art     : Starting a blocking GC Explicit
08-05 11:26:09.281   380   380 W SurfaceFlinger: couldn't log to binary event log: overflow.
08-05 11:26:09.297 13125 13136 I art     : Explicit concurrent mark sweep GC freed 3(96B) AllocSpace objects, 0(0B) LOS objects, 28% free, 39MB/55MB, paused 355us total 47.107ms
08-05 11:26:09.449   512  2967 D audio_hw_primary: disable_audio_route: reset and update mixer path: low-latency-playback speaker
08-05 11:26:09.451   512  2967 D audio_hw_primary: disable_snd_device: snd_device(2: speaker)
08-05 11:26:09.460   512  2967 I soundtrigger: audio_extn_sound_trigger_update_device_status: device 0x2 of type 0 for Event 0
08-05 11:26:09.614 13125 14565 I art     : Starting a blocking GC Explicit
08-05 11:26:09.664 13125 14565 I art     : Explicit concurrent mark sweep GC freed 1505(87KB) AllocSpace objects, 1(20KB) LOS objects, 28% free, 39MB/55MB, paused 395us total 49.852ms
08-05 11:26:09.680 13125 14565 I art     : Starting a blocking GC Explicit
08-05 11:26:09.727 13125 14565 I art     : Explicit concurrent mark sweep GC freed 24(832B) AllocSpace objects, 0(0B) LOS objects, 28% free, 39MB/55MB, paused 382us total 46.223ms
08-05 11:26:09.742 13125 14565 I art     : Starting a blocking GC Explicit
08-05 11:26:09.791 13125 14565 I art     : Explicit concurrent mark sweep GC freed 3(96B) AllocSpace objects, 0(0B) LOS objects, 28% free, 39MB/55MB, paused 364us total 48.417ms
08-05 11:26:09.808 13125 14565 I art     : Starting a blocking GC Explicit
08-05 11:26:09.854 13125 14565 I art     : Explicit concurrent mark sweep GC freed 3(96B) AllocSpace objects, 0(0B) LOS objects, 28% free, 39MB/55MB, paused 339us total 45.436ms
08-05 11:26:09.869 13125 14565 I art     : Starting a blocking GC Explicit
08-05 11:26:09.919 13125 14565 I art     : Explicit concurrent mark sweep GC freed 3(96B) AllocSpace objects, 0(0B) LOS objects, 28% free, 39MB/55MB, paused 361us total 49.509ms
08-05 11:26:10.225 13125 13151 I art     : Starting a blocking GC Explicit
08-05 11:26:10.299 13125 13151 I art     : Explicit concurrent mark sweep GC freed 1355(82KB) AllocSpace objects, 1(20KB) LOS objects, 28% free, 39MB/55MB, paused 512us total 74.052ms
08-05 11:26:10.318 13125 13151 I art     : Starting a blocking GC Explicit
08-05 11:26:10.372 13125 13151 I art     : Explicit concurrent mark sweep GC freed 66(2528B) AllocSpace objects, 0(0B) LOS objects, 28% free, 39MB/55MB, paused 430us total 53.670ms
08-05 11:26:10.388 13125 13151 I art     : Starting a blocking GC Explicit
08-05 11:26:10.441 13125 13151 I art     : Explicit concurrent mark sweep GC freed 3(96B) AllocSpace objects, 0(0B) LOS objects, 28% free, 39MB/55MB, paused 417us total 52.226ms
08-05 11:26:10.457 13125 13151 I art     : Starting a blocking GC Explicit
08-05 11:26:10.509 13125 13151 I art     : Explicit concurrent mark sweep GC freed 3(96B) AllocSpace objects, 0(0B) LOS objects, 28% free, 39MB/55MB, paused 405us total 51.302ms
08-05 11:26:10.525 13125 13151 I art     : Starting a blocking GC Explicit
08-05 11:26:10.577 13125 13151 I art     : Explicit concurrent mark sweep GC freed 3(96B) AllocSpace objects, 0(0B) LOS objects, 28% free, 39MB/55MB, paused 535us total 51.527ms
08-05 11:26:10.933 13125 14565 I art     : Starting a blocking GC Explicit
08-05 11:26:10.999 13125 14565 I art     : Explicit concurrent mark sweep GC freed 1355(82KB) AllocSpace objects, 1(20KB) LOS objects, 28% free, 39MB/55MB, paused 560us total 66.004ms
08-05 11:26:11.018 13125 14565 I art     : Starting a blocking GC Explicit
08-05 11:26:11.070 13125 14565 I art     : Explicit concurrent mark sweep GC freed 20(704B) AllocSpace objects, 0(0B) LOS objects, 28% free, 39MB/55MB, paused 409us total 52.105ms
08-05 11:26:11.086 13125 14565 I art     : Starting a blocking GC Explicit
08-05 11:26:11.140 13125 14565 I art     : Explicit concurrent mark sweep GC freed 3(96B) AllocSpace objects, 0(0B) LOS objects, 28% free, 39MB/55MB, paused 416us total 53.197ms
08-05 11:26:11.157 13125 14565 I art     : Starting a blocking GC Explicit
08-05 11:26:11.205 13125 14565 I art     : Explicit concurrent mark sweep GC freed 3(96B) AllocSpace objects, 0(0B) LOS objects, 28% free, 39MB/55MB, paused 415us total 47.442ms
08-05 11:26:11.221 13125 14565 I art     : Starting a blocking GC Explicit
08-05 11:26:11.273 13125 14565 I art     : Explicit concurrent mark sweep GC freed 3(96B) AllocSpace objects, 0(0B) LOS objects, 28% free, 39MB/55MB, paused 421us total 51.132ms
08-05 11:26:11.647 13125 13136 I art     : Starting a blocking GC Explicit
08-05 11:26:11.716 13125 13136 I art     : Explicit concurrent mark sweep GC freed 1355(82KB) AllocSpace objects, 1(20KB) LOS objects, 28% free, 39MB/55MB, paused 456us total 67.787ms
08-05 11:26:11.738 13125 13136 I art     : Starting a blocking GC Explicit
08-05 11:26:11.790 13125 13136 I art     : Explicit concurrent mark sweep GC freed 20(704B) AllocSpace objects, 0(0B) LOS objects, 28% free, 39MB/55MB, paused 409us total 51.198ms
08-05 11:26:11.806 13125 13136 I art     : Starting a blocking GC Explicit
08-05 11:26:11.859 13125 13136 I art     : Explicit concurrent mark sweep GC freed 3(96B) AllocSpace objects, 0(0B) LOS objects, 28% free, 39MB/55MB, paused 430us total 52.220ms
08-05 11:26:11.875 13125 13136 I art     : Starting a blocking GC Explicit
08-05 11:26:11.927 13125 13136 I art     : Explicit concurrent mark sweep GC freed 3(96B) AllocSpace objects, 0(0B) LOS objects, 28% free, 39MB/55MB, paused 403us total 51.395ms
08-05 11:26:11.942 13125 13136 I art     : Starting a blocking GC Explicit
08-05 11:26:11.995 13125 13136 I art     : Explicit concurrent mark sweep GC freed 3(96B) AllocSpace objects, 0(0B) LOS objects, 28% free, 39MB/55MB, paused 406us total 51.831ms
08-05 11:26:12.360 13125 13356 I art     : Starting a blocking GC Explicit
08-05 11:26:12.427 13125 13356 I art     : Explicit concurrent mark sweep GC freed 1355(82KB) AllocSpace objects, 1(20KB) LOS objects, 28% free, 39MB/55MB, paused 410us total 66.173ms
08-05 11:26:12.444 13125 13356 I art     : Starting a blocking GC Explicit
08-05 11:26:12.491 13125 13356 I art     : Explicit concurrent mark sweep GC freed 20(704B) AllocSpace objects, 0(0B) LOS objects, 28% free, 39MB/55MB, paused 382us total 46.895ms
08-05 11:26:12.507 13125 13356 I art     : Starting a blocking GC Explicit
08-05 11:26:12.560 13125 13356 I art     : Explicit concurrent mark sweep GC freed 3(96B) AllocSpace objects, 0(0B) LOS objects, 28% free, 39MB/55MB, paused 416us total 53.424ms
08-05 11:26:12.577 13125 13356 I art     : Starting a blocking GC Explicit
08-05 11:26:12.629 13125 13356 I art     : Explicit concurrent mark sweep GC freed 3(96B) AllocSpace objects, 0(0B) LOS objects, 28% free, 39MB/55MB, paused 396us total 51.718ms
08-05 11:26:12.645 13125 13356 I art     : Starting a blocking GC Explicit
08-05 11:26:12.699 13125 13356 I art     : Explicit concurrent mark sweep GC freed 3(96B) AllocSpace objects, 0(0B) LOS objects, 28% free, 39MB/55MB, paused 398us total 53.255ms
08-05 11:26:12.772   518   646 I ThermalEngine: ACTION: GPU - Setting GPU[0] to 600000000
08-05 11:26:13.030 13125 13137 I art     : Starting a blocking GC Explicit
08-05 11:26:13.089 13125 13137 I art     : Explicit concurrent mark sweep GC freed 1355(82KB) AllocSpace objects, 1(20KB) LOS objects, 28% free, 39MB/55MB, paused 366us total 58.083ms
08-05 11:26:13.107 13125 13137 I art     : Starting a blocking GC Explicit
08-05 11:26:13.149 13125 13137 I art     : Explicit concurrent mark sweep GC freed 20(704B) AllocSpace objects, 0(0B) LOS objects, 28% free, 39MB/55MB, paused 288us total 41.845ms
08-05 11:26:13.161 13125 13137 I art     : Starting a blocking GC Explicit
08-05 11:26:13.202 13125 13137 I art     : Explicit concurrent mark sweep GC freed 3(96B) AllocSpace objects, 0(0B) LOS objects, 28% free, 39MB/55MB, paused 306us total 40.322ms
08-05 11:26:13.214 13125 13137 I art     : Starting a blocking GC Explicit
08-05 11:26:13.255 13125 13137 I art     : Explicit concurrent mark sweep GC freed 3(96B) AllocSpace objects, 0(0B) LOS objects, 28% free, 39MB/55MB, paused 291us total 40.870ms
08-05 11:26:13.266 13125 13137 I art     : Starting a blocking GC Explicit
08-05 11:26:13.305 13125 13137 I art     : Explicit concurrent mark sweep GC freed 3(96B) AllocSpace objects, 0(0B) LOS objects, 28% free, 39MB/55MB, paused 296us total 37.919ms
08-05 11:26:13.427 16866 16866 D AndroidRuntime: >>>>>> START com.android.internal.os.RuntimeInit uid 2000 <<<<<<
08-05 11:26:13.430 16866 16866 D AndroidRuntime: CheckJNI is OFF
08-05 11:26:13.456 16866 16866 D ICU     : No timezone override file found: /data/misc/zoneinfo/current/icu/icu_tzdata.dat
08-05 11:26:13.478 16866 16866 I Radio-JNI: register_android_hardware_Radio DONE
08-05 11:26:13.494 16866 16866 D AndroidRuntime: Calling main entry com.android.commands.input.Input
08-05 11:26:13.495 16866 16866 I Input   : injectKeyEvent: KeyEvent { action=ACTION_DOWN, keyCode=KEYCODE_BACK, scanCode=0, metaState=0, flags=0x0, repeatCount=0, eventTime=789989908, downTime=789989908, deviceId=-1, source=0x101 }
08-05 11:26:13.500 16866 16866 I Input   : injectKeyEvent: KeyEvent { action=ACTION_UP, keyCode=KEYCODE_BACK, scanCode=0, metaState=0, flags=0x0, repeatCount=0, eventTime=789989908, downTime=789989908, deviceId=-1, source=0x101 }
08-05 11:26:13.506 16866 16866 D AndroidRuntime: Shutting down VM
08-05 11:26:13.545 13866 13866 I GoogleInputMethodServic: GoogleInputMethodService.onFinishInput():3138 
08-05 11:26:13.546 13866 13866 I GoogleInputMethodServic: GoogleInputMethodService.onStartInput():1808 
08-05 11:26:13.563 13125 13137 I art     : Starting a blocking GC Explicit
08-05 11:26:13.609 13125 13137 I art     : Explicit concurrent mark sweep GC freed 1615(92KB) AllocSpace objects, 1(20KB) LOS objects, 28% free, 39MB/55MB, paused 302us total 45.121ms
08-05 11:26:13.620 13125 13137 I art     : Starting a blocking GC Explicit
08-05 11:26:13.657 13125 13137 I art     : Explicit concurrent mark sweep GC freed 35(1232B) AllocSpace objects, 0(0B) LOS objects, 28% free, 39MB/55MB, paused 346us total 37.001ms
08-05 11:26:13.670 13125 13137 I art     : Starting a blocking GC Explicit
08-05 11:26:13.713 13125 13137 I art     : Explicit concurrent mark sweep GC freed 3(96B) AllocSpace objects, 0(0B) LOS objects, 28% free, 39MB/55MB, paused 307us total 42.097ms
08-05 11:26:13.725 13125 13137 I art     : Starting a blocking GC Explicit
08-05 11:26:13.766 13125 13137 I art     : Explicit concurrent mark sweep GC freed 3(96B) AllocSpace objects, 0(0B) LOS objects, 28% free, 39MB/55MB, paused 291us total 40.413ms
08-05 11:26:13.778 13125 13137 I art     : Starting a blocking GC Explicit
08-05 11:26:13.824 13125 13137 I art     : Explicit concurrent mark sweep GC freed 3(96B) AllocSpace objects, 0(0B) LOS objects, 28% free, 39MB/55MB, paused 371us total 45.017ms
08-05 11:26:13.870   380   380 W SurfaceFlinger: couldn't log to binary event log: overflow.
08-05 11:26:13.893 13125 16804 I RedditChangeDataIO: Writing tmp data file at '/data/user/0/baseline.org.quantumbadger.redreader/files/rr_change_data_tmp.dat'
08-05 11:26:13.893 13125 16804 I RedditChangeDataManager: Taking snapshot...
08-05 11:26:13.893 13125 16804 I RedditChangeDataManager: Writing to stream...
08-05 11:26:13.893 13125 16804 I RedditChangeDataManager: Wrote 6 entries for user ''
08-05 11:26:13.893 13125 16804 I RedditChangeDataManager: All entries written to stream.
08-05 11:26:13.894 13125 16804 I RedditChangeDataIO: Write successful. Atomically replacing data file...
08-05 11:26:13.894 13125 16804 I RedditChangeDataIO: Write complete.
08-05 11:26:13.894 13125 16804 I RedditChangeDataIO: 158 bytes written in 1 ms
08-05 11:26:14.134 13125 13137 I art     : Starting a blocking GC Explicit
08-05 11:26:14.181 13125 13137 I art     : Explicit concurrent mark sweep GC freed 1493(89KB) AllocSpace objects, 2(88KB) LOS objects, 28% free, 39MB/55MB, paused 337us total 46.060ms
08-05 11:26:14.193 13125 13137 I art     : Starting a blocking GC Explicit
08-05 11:26:14.230 13125 13137 I art     : Explicit concurrent mark sweep GC freed 41392(2MB) AllocSpace objects, 5(140KB) LOS objects, 29% free, 37MB/53MB, paused 393us total 36.150ms
08-05 11:26:14.241 13125 13137 I art     : Starting a blocking GC Explicit
08-05 11:26:14.274 13125 13137 I art     : Explicit concurrent mark sweep GC freed 3(96B) AllocSpace objects, 0(0B) LOS objects, 29% free, 37MB/53MB, paused 300us total 32.773ms
08-05 11:26:14.286 13125 13137 I art     : Starting a blocking GC Explicit
08-05 11:26:14.318 13125 13137 I art     : Explicit concurrent mark sweep GC freed 3(96B) AllocSpace objects, 0(0B) LOS objects, 29% free, 37MB/53MB, paused 333us total 31.599ms
08-05 11:26:14.330 13125 13137 I art     : Starting a blocking GC Explicit
08-05 11:26:14.362 13125 13137 I art     : Explicit concurrent mark sweep GC freed 3(96B) AllocSpace objects, 0(0B) LOS objects, 29% free, 37MB/53MB, paused 297us total 32.725ms
08-05 11:26:14.673 13125 14565 I art     : Starting a blocking GC Explicit
08-05 11:26:14.717 13125 14565 I art     : Explicit concurrent mark sweep GC freed 1355(82KB) AllocSpace objects, 1(20KB) LOS objects, 29% free, 37MB/53MB, paused 368us total 44.508ms
08-05 11:26:14.736 13125 14565 I art     : Starting a blocking GC Explicit
08-05 11:26:14.767 13125 14565 I art     : Explicit concurrent mark sweep GC freed 20(704B) AllocSpace objects, 0(0B) LOS objects, 29% free, 37MB/53MB, paused 323us total 30.968ms
08-05 11:26:14.778 13125 14565 I art     : Starting a blocking GC Explicit
08-05 11:26:14.806 13125 14565 I art     : Explicit concurrent mark sweep GC freed 3(96B) AllocSpace objects, 0(0B) LOS objects, 29% free, 37MB/53MB, paused 280us total 27.864ms
08-05 11:26:14.817 13125 14565 I art     : Starting a blocking GC Explicit
08-05 11:26:14.847 13125 14565 I art     : Explicit concurrent mark sweep GC freed 3(96B) AllocSpace objects, 0(0B) LOS objects, 29% free, 37MB/53MB, paused 375us total 29.768ms
08-05 11:26:14.858 13125 14565 I art     : Starting a blocking GC Explicit
08-05 11:26:14.890 13125 14565 I art     : Explicit concurrent mark sweep GC freed 3(96B) AllocSpace objects, 0(0B) LOS objects, 29% free, 37MB/53MB, paused 297us total 31.725ms
08-05 11:26:15.054 16909 16909 D AndroidRuntime: >>>>>> START com.android.internal.os.RuntimeInit uid 2000 <<<<<<
08-05 11:26:15.059 16909 16909 D AndroidRuntime: CheckJNI is OFF
08-05 11:26:15.084 16909 16909 D ICU     : No timezone override file found: /data/misc/zoneinfo/current/icu/icu_tzdata.dat
08-05 11:26:15.108 16909 16909 I Radio-JNI: register_android_hardware_Radio DONE
08-05 11:26:15.125 16909 16909 D AndroidRuntime: Calling main entry com.android.commands.input.Input
08-05 11:26:15.126 16909 16909 I Input   : injectKeyEvent: KeyEvent { action=ACTION_DOWN, keyCode=KEYCODE_BACK, scanCode=0, metaState=0, flags=0x0, repeatCount=0, eventTime=789991540, downTime=789991540, deviceId=-1, source=0x101 }
08-05 11:26:15.131 16909 16909 I Input   : injectKeyEvent: KeyEvent { action=ACTION_UP, keyCode=KEYCODE_BACK, scanCode=0, metaState=0, flags=0x0, repeatCount=0, eventTime=789991540, downTime=789991540, deviceId=-1, source=0x101 }
08-05 11:26:15.135 16909 16909 D AndroidRuntime: Shutting down VM
08-05 11:26:15.156 13125 13137 I art     : Starting a blocking GC Explicit
08-05 11:26:15.178 13866 13866 I GoogleInputMethodServic: GoogleInputMethodService.onFinishInput():3138 
08-05 11:26:15.178 13866 13866 I GoogleInputMethodServic: GoogleInputMethodService.onStartInput():1808 
08-05 11:26:15.189 13125 13137 I art     : Explicit concurrent mark sweep GC freed 1468(86KB) AllocSpace objects, 1(20KB) LOS objects, 29% free, 37MB/53MB, paused 308us total 32.504ms
08-05 11:26:15.202 13125 13137 I art     : Starting a blocking GC Explicit
08-05 11:26:15.233 13125 13137 I art     : Explicit concurrent mark sweep GC freed 70(2480B) AllocSpace objects, 0(0B) LOS objects, 29% free, 37MB/53MB, paused 348us total 30.959ms
08-05 11:26:15.245 13125 13137 I art     : Starting a blocking GC Explicit
08-05 11:26:15.272 13125 13137 I art     : Explicit concurrent mark sweep GC freed 24(816B) AllocSpace objects, 0(0B) LOS objects, 29% free, 37MB/53MB, paused 251us total 26.673ms
08-05 11:26:15.283 13125 13137 I art     : Starting a blocking GC Explicit
08-05 11:26:15.314 13125 13137 I art     : Explicit concurrent mark sweep GC freed 3(96B) AllocSpace objects, 0(0B) LOS objects, 29% free, 37MB/53MB, paused 259us total 30.457ms
08-05 11:26:15.325 13125 13137 I art     : Starting a blocking GC Explicit
08-05 11:26:15.356 13125 13137 I art     : Explicit concurrent mark sweep GC freed 3(96B) AllocSpace objects, 0(0B) LOS objects, 29% free, 37MB/53MB, paused 264us total 30.806ms
08-05 11:26:15.630 13125 14565 I art     : Starting a blocking GC Explicit
08-05 11:26:15.661 13125 14565 I art     : Explicit concurrent mark sweep GC freed 1413(84KB) AllocSpace objects, 1(20KB) LOS objects, 29% free, 37MB/53MB, paused 361us total 30.867ms
08-05 11:26:15.672 13125 14565 I art     : Starting a blocking GC Explicit
08-05 11:26:15.706 13125 14565 I art     : Explicit concurrent mark sweep GC freed 172(8KB) AllocSpace objects, 0(0B) LOS objects, 29% free, 37MB/53MB, paused 324us total 33.290ms
08-05 11:26:15.718 13125 14565 I art     : Starting a blocking GC Explicit
08-05 11:26:15.751 13125 14565 I art     : Explicit concurrent mark sweep GC freed 3(96B) AllocSpace objects, 0(0B) LOS objects, 29% free, 37MB/53MB, paused 327us total 33.303ms
08-05 11:26:15.762 13125 14565 I art     : Starting a blocking GC Explicit
08-05 11:26:15.794 13125 14565 I art     : Explicit concurrent mark sweep GC freed 3(96B) AllocSpace objects, 0(0B) LOS objects, 29% free, 37MB/53MB, paused 310us total 32.095ms
08-05 11:26:15.806 13125 14565 I art     : Starting a blocking GC Explicit
08-05 11:26:15.839 13125 14565 I art     : Explicit concurrent mark sweep GC freed 3(96B) AllocSpace objects, 0(0B) LOS objects, 29% free, 37MB/53MB, paused 339us total 33.176ms
08-05 11:26:16.162 13125 13151 I art     : Starting a blocking GC Explicit
08-05 11:26:16.204 13125 13151 I art     : Explicit concurrent mark sweep GC freed 1355(82KB) AllocSpace objects, 1(20KB) LOS objects, 29% free, 37MB/53MB, paused 351us total 41.391ms
08-05 11:26:16.215 13125 13151 I art     : Starting a blocking GC Explicit
08-05 11:26:16.248 13125 13151 I art     : Explicit concurrent mark sweep GC freed 20(704B) AllocSpace objects, 0(0B) LOS objects, 29% free, 37MB/53MB, paused 332us total 32.590ms
08-05 11:26:16.259 13125 13151 I art     : Starting a blocking GC Explicit
08-05 11:26:16.292 13125 13151 I art     : Explicit concurrent mark sweep GC freed 3(96B) AllocSpace objects, 0(0B) LOS objects, 29% free, 37MB/53MB, paused 345us total 32.767ms
08-05 11:26:16.304 13125 13151 I art     : Starting a blocking GC Explicit
08-05 11:26:16.337 13125 13151 I art     : Explicit concurrent mark sweep GC freed 3(96B) AllocSpace objects, 0(0B) LOS objects, 29% free, 37MB/53MB, paused 340us total 33.279ms
08-05 11:26:16.349 13125 13151 I art     : Starting a blocking GC Explicit
08-05 11:26:16.381 13125 13151 I art     : Explicit concurrent mark sweep GC freed 3(96B) AllocSpace objects, 0(0B) LOS objects, 29% free, 37MB/53MB, paused 311us total 31.800ms
08-05 11:26:16.661 13125 13356 I art     : Starting a blocking GC Explicit
08-05 11:26:16.679 16952 16952 D AndroidRuntime: >>>>>> START com.android.internal.os.RuntimeInit uid 2000 <<<<<<
08-05 11:26:16.683 16952 16952 D AndroidRuntime: CheckJNI is OFF
08-05 11:26:16.695 13125 13356 I art     : Explicit concurrent mark sweep GC freed 1355(82KB) AllocSpace objects, 1(20KB) LOS objects, 29% free, 37MB/53MB, paused 341us total 34.335ms
08-05 11:26:16.706 13125 13356 I art     : Starting a blocking GC Explicit
08-05 11:26:16.714 16952 16952 D ICU     : No timezone override file found: /data/misc/zoneinfo/current/icu/icu_tzdata.dat
08-05 11:26:16.738 13125 13356 I art     : Explicit concurrent mark sweep GC freed 20(704B) AllocSpace objects, 0(0B) LOS objects, 29% free, 37MB/53MB, paused 363us total 31.648ms
08-05 11:26:16.740 16952 16952 I Radio-JNI: register_android_hardware_Radio DONE
08-05 11:26:16.749 13125 13356 I art     : Starting a blocking GC Explicit
08-05 11:26:16.757 16952 16952 D AndroidRuntime: Calling main entry com.android.commands.input.Input
08-05 11:26:16.758 16952 16952 I Input   : injectMotionEvent: MotionEvent { action=ACTION_DOWN, actionButton=0, id[0]=0, x[0]=600.0, y[0]=1733.0, toolType[0]=TOOL_TYPE_UNKNOWN, buttonState=0, metaState=0, flags=0x0, edgeFlags=0x0, pointerCount=1, historySize=0, eventTime=789993171, downTime=789993171, deviceId=0, source=0x1002 }
08-05 11:26:16.764 16952 16952 I Input   : injectMotionEvent: MotionEvent { action=ACTION_UP, actionButton=0, id[0]=0, x[0]=600.0, y[0]=1733.0, toolType[0]=TOOL_TYPE_UNKNOWN, buttonState=0, metaState=0, flags=0x0, edgeFlags=0x0, pointerCount=1, historySize=0, eventTime=789993171, downTime=789993171, deviceId=0, source=0x1002 }
08-05 11:26:16.766 16952 16952 D AndroidRuntime: Shutting down VM
08-05 11:26:16.776   512  2967 D audio_hw_primary: out_set_parameters: enter: usecase(1: low-latency-playback) kvpairs: routing=2
08-05 11:26:16.777   918  6112 I ActivityManager: START u0 {dat=https://oauth.reddit.com/... cmp=baseline.org.quantumbadger.redreader/.activities.PostListingActivity} from uid 10689 on display 0
08-05 11:26:16.780   518   646 I ThermalEngine: ACTION: GPU - Setting GPU[0] to 510000000
08-05 11:26:16.781 13125 13356 I art     : Explicit concurrent mark sweep GC freed 54(1760B) AllocSpace objects, 0(0B) LOS objects, 29% free, 37MB/53MB, paused 1.588ms total 31.662ms
08-05 11:26:16.788   512  2967 D audio_hw_primary: select_devices: out_snd_device(2: speaker) in_snd_device(0: none)
08-05 11:26:16.789   512  2967 D msm8974_platform: platform_send_audio_calibration: sending audio calibration for snd_device(2) acdb_id(15)
08-05 11:26:16.789   512  2967 I soundtrigger: audio_extn_sound_trigger_update_device_status: device 0x2 of type 0 for Event 1
08-05 11:26:16.795 13125 13356 I art     : Starting a blocking GC Explicit
08-05 11:26:16.799 13125 13125 I AppCompatViewInflater: app:theme is now deprecated. Please move to using android:theme instead.
08-05 11:26:16.801   512  2967 D audio_hw_primary: enable_snd_device: snd_device(2: speaker)
08-05 11:26:16.803   512  2967 D audio_hw_primary: enable_audio_route: apply and update mixer path: low-latency-playback speaker
08-05 11:26:16.817 13125 16977 D OK      : calling: https://oauth.reddit.com/r/aww/about.json
08-05 11:26:16.832 13125 13356 I art     : Explicit concurrent mark sweep GC freed 861(65KB) AllocSpace objects, 0(0B) LOS objects, 29% free, 37MB/53MB, paused 553us total 36.650ms
08-05 11:26:16.846 13125 13356 I art     : Starting a blocking GC Explicit
08-05 11:26:16.881 13125 13356 I art     : Explicit concurrent mark sweep GC freed 893(46KB) AllocSpace objects, 0(0B) LOS objects, 29% free, 37MB/53MB, paused 597us total 35.557ms
08-05 11:26:16.883   918   936 I ActivityManager: Displayed baseline.org.quantumbadger.redreader/.activities.PostListingActivity: +96ms
08-05 11:26:16.884 13866 13866 I GoogleInputMethodServic: GoogleInputMethodService.onFinishInput():3138 
08-05 11:26:16.887 13866 13866 I GoogleInputMethodServic: GoogleInputMethodService.onStartInput():1808 
08-05 11:26:17.153   380   380 W SurfaceFlinger: couldn't log to binary event log: overflow.
08-05 11:26:17.155 13125 16977 I NAPPA_EXPERIMENTATION: MetricNetworkRequestExecutionTime: REQUEST_DURATION_SYSTEM='337',REQUEST_DURATION_OKHTTP='152',REQUEST_SYNCHRONOUS='TRUE',RESPONSE_CODE='200',RESPONSE_METHOD='GET',RESPONSE_LENGTH_OKHTTP='-1',RESPONSE_LENGTH_HEADER='3478',REQUEST_PROTOCOL='h2',REQUEST_URL='https://oauth.reddit.com/r/aww/about.json',
08-05 11:26:17.156 13125 16977 D OK      : request got status: 200
08-05 11:26:17.188 13125 13356 I art     : Starting a blocking GC Explicit
08-05 11:26:17.225 13125 13356 I art     : Explicit concurrent mark sweep GC freed 4637(338KB) AllocSpace objects, 2(88KB) LOS objects, 29% free, 37MB/53MB, paused 392us total 36.663ms
08-05 11:26:17.239 13125 13356 I art     : Starting a blocking GC Explicit
08-05 11:26:17.280 13125 13356 I art     : Explicit concurrent mark sweep GC freed 682(45KB) AllocSpace objects, 1(68KB) LOS objects, 29% free, 37MB/53MB, paused 640us total 41.299ms
08-05 11:26:17.296 13125 13356 I art     : Starting a blocking GC Explicit
08-05 11:26:17.335 13125 13356 I art     : Explicit concurrent mark sweep GC freed 36(1312B) AllocSpace objects, 0(0B) LOS objects, 29% free, 37MB/53MB, paused 390us total 38.638ms
08-05 11:26:17.339   512  2967 D audio_hw_primary: disable_audio_route: reset and update mixer path: low-latency-playback speaker
08-05 11:26:17.342   512  2967 D audio_hw_primary: disable_snd_device: snd_device(2: speaker)
08-05 11:26:17.350   512  2967 I soundtrigger: audio_extn_sound_trigger_update_device_status: device 0x2 of type 0 for Event 0
08-05 11:26:17.352 13125 13356 I art     : Starting a blocking GC Explicit
08-05 11:26:17.391 13125 13356 I art     : Explicit concurrent mark sweep GC freed 3(96B) AllocSpace objects, 0(0B) LOS objects, 29% free, 37MB/53MB, paused 433us total 38.210ms
08-05 11:26:17.406 13125 13356 I art     : Starting a blocking GC Explicit
08-05 11:26:17.447 13125 13356 I art     : Explicit concurrent mark sweep GC freed 3(96B) AllocSpace objects, 0(0B) LOS objects, 29% free, 37MB/53MB, paused 473us total 40.929ms
08-05 11:26:17.761 13125 13151 I art     : Starting a blocking GC Explicit
08-05 11:26:17.804 13125 13151 I art     : Explicit concurrent mark sweep GC freed 1414(85KB) AllocSpace objects, 1(20KB) LOS objects, 29% free, 37MB/53MB, paused 468us total 41.944ms
08-05 11:26:17.819 13125 13151 I art     : Starting a blocking GC Explicit
08-05 11:26:17.859 13125 13151 I art     : Explicit concurrent mark sweep GC freed 20(704B) AllocSpace objects, 0(0B) LOS objects, 29% free, 37MB/53MB, paused 500us total 39.453ms
08-05 11:26:17.873 13125 13151 I art     : Starting a blocking GC Explicit
08-05 11:26:17.912 13125 13151 I art     : Explicit concurrent mark sweep GC freed 3(96B) AllocSpace objects, 0(0B) LOS objects, 29% free, 37MB/53MB, paused 412us total 38.606ms
08-05 11:26:17.927 13125 13151 I art     : Starting a blocking GC Explicit
08-05 11:26:17.967 13125 13151 I art     : Explicit concurrent mark sweep GC freed 3(96B) AllocSpace objects, 0(0B) LOS objects, 29% free, 37MB/53MB, paused 590us total 40.076ms
08-05 11:26:17.982 13125 13151 I art     : Starting a blocking GC Explicit
08-05 11:26:18.018 13125 17002 D OK      : calling: https://oauth.reddit.com/r/aww/hot/.json
08-05 11:26:18.021 13125 13151 I art     : Explicit concurrent mark sweep GC freed 54(2288B) AllocSpace objects, 0(0B) LOS objects, 29% free, 37MB/53MB, paused 536us total 39.231ms
08-05 11:26:18.217  8256  8256 I ServiceManager: Waiting for service AtCmdFwd...
08-05 11:26:18.253 13125 17002 I NAPPA_EXPERIMENTATION: MetricNetworkRequestExecutionTime: REQUEST_DURATION_SYSTEM='235',REQUEST_DURATION_OKHTTP='231',REQUEST_SYNCHRONOUS='TRUE',RESPONSE_CODE='200',RESPONSE_METHOD='GET',RESPONSE_LENGTH_OKHTTP='-1',RESPONSE_LENGTH_HEADER='33430',REQUEST_PROTOCOL='h2',REQUEST_URL='https://oauth.reddit.com/r/aww/hot/.json',
08-05 11:26:18.253 13125 17002 D OK      : request got status: 200
08-05 11:26:18.274 13125 13690 I PostListingFragment: Precaching images: OFF
08-05 11:26:18.274 13125 13690 I PostListingFragment: Precaching comments: OFF
08-05 11:26:18.293 13125 13690 I getImgurImageInfo: Image NSO7Npm: trying API v3 with auth
08-05 11:26:18.344 13125 14565 I art     : Starting a blocking GC Explicit
08-05 11:26:18.388 13125 14565 I art     : Explicit concurrent mark sweep GC freed 21909(1473KB) AllocSpace objects, 51(2MB) LOS objects, 27% free, 42MB/58MB, paused 1.123ms total 44.256ms
08-05 11:26:18.402 13125 14565 I art     : Starting a blocking GC Explicit
08-05 11:26:18.423 13125 15830 I RedditVideosAPI: For 'https://v.redd.it/fkewv2f65kd51/DASHPlaylist.mpd', got video stream 'https://v.redd.it/fkewv2f65kd51/DASH_480' and audio stream 'https://v.redd.it/fkewv2f65kd51/audio'
08-05 11:26:18.434 13125 15830 I RedditVideosAPI: For 'https://v.redd.it/ak6rer1hskd51/DASHPlaylist.mpd', got video stream 'https://v.redd.it/ak6rer1hskd51/DASH_360' and audio stream 'null'
08-05 11:26:18.437 13125 17014 I RedditVideosAPI: For 'https://v.redd.it/h49fg58ygjd51/DASHPlaylist.mpd', got video stream 'https://v.redd.it/h49fg58ygjd51/DASH_480' and audio stream 'null'
08-05 11:26:18.438 13125 15830 I RedditVideosAPI: For 'https://v.redd.it/ppmhu2r9thd51/DASHPlaylist.mpd', got video stream 'https://v.redd.it/ppmhu2r9thd51/DASH_480' and audio stream 'null'
08-05 11:26:18.438 13125 17014 I RedditVideosAPI: For 'https://v.redd.it/1ewzkieg0jd51/DASHPlaylist.mpd', got video stream 'https://v.redd.it/1ewzkieg0jd51/DASH_480' and audio stream 'https://v.redd.it/1ewzkieg0jd51/audio'
08-05 11:26:18.439 13125 15830 I RedditVideosAPI: For 'https://v.redd.it/s9qqadf3mid51/DASHPlaylist.mpd', got video stream 'https://v.redd.it/s9qqadf3mid51/DASH_480' and audio stream 'https://v.redd.it/s9qqadf3mid51/audio'
08-05 11:26:18.439 13125 17014 I RedditVideosAPI: For 'https://v.redd.it/b8vazlcb7ld51/DASHPlaylist.mpd', got video stream 'https://v.redd.it/b8vazlcb7ld51/DASH_480' and audio stream 'https://v.redd.it/b8vazlcb7ld51/audio'
08-05 11:26:18.440 13125 17014 I RedditVideosAPI: For 'https://v.redd.it/ty24o02m1hd51/DASHPlaylist.mpd', got video stream 'https://v.redd.it/ty24o02m1hd51/DASH_480' and audio stream 'null'
08-05 11:26:18.440 13125 15830 I RedditVideosAPI: For 'https://v.redd.it/ar5k8892pid51/DASHPlaylist.mpd', got video stream 'https://v.redd.it/ar5k8892pid51/DASH_360' and audio stream 'https://v.redd.it/ar5k8892pid51/audio'
08-05 11:26:18.444 13125 14565 I art     : Explicit concurrent mark sweep GC freed 7408(1057KB) AllocSpace objects, 43(2MB) LOS objects, 26% free, 44MB/60MB, paused 751us total 41.582ms
08-05 11:26:18.458 13125 14565 I art     : Starting a blocking GC Explicit
08-05 11:26:18.495 13125 13125 W RecyclerView: Cannot call this method in a scroll callback. Scroll callbacks mightbe run during a measure & layout pass where you cannot change theRecyclerView data. Any method call that might change the structureof the RecyclerView or the adapter contents should be postponed tothe next frame.
08-05 11:26:18.495 13125 13125 W RecyclerView: java.lang.IllegalStateException:  androidx.recyclerview.widget.RecyclerView{d81e66e VFED..... .F....ID 0,0-1440,2140 #7f0900ef app:id/scrollbar_recyclerview_recyclerview}, adapter:baseline.org.quantumbadger.redreader.adapters.GroupedRecyclerViewAdapter@b98d10f, layout:androidx.recyclerview.widget.LinearLayoutManager@5dc59c, context:baseline.org.quantumbadger.redreader.activities.PostListingActivity@62b42bb
08-05 11:26:18.495 13125 13125 W RecyclerView: 	at androidx.recyclerview.widget.RecyclerView.assertNotInLayoutOrScroll(RecyclerView.java:3061)
08-05 11:26:18.495 13125 13125 W RecyclerView: 	at androidx.recyclerview.widget.RecyclerView$RecyclerViewDataObserver.onItemRangeInserted(RecyclerView.java:5555)
08-05 11:26:18.495 13125 13125 W RecyclerView: 	at androidx.recyclerview.widget.RecyclerView$AdapterDataObservable.notifyItemRangeInserted(RecyclerView.java:12278)
08-05 11:26:18.495 13125 13125 W RecyclerView: 	at androidx.recyclerview.widget.RecyclerView$Adapter.notifyItemInserted(RecyclerView.java:7464)
08-05 11:26:18.495 13125 13125 W RecyclerView: 	at baseline.org.quantumbadger.redreader.adapters.GroupedRecyclerViewAdapter.updateHiddenStatus(GroupedRecyclerViewAdapter.java:279)
08-05 11:26:18.495 13125 13125 W RecyclerView: 	at baseline.org.quantumbadger.redreader.adapters.RedditListingManager.setLoadingVisible(RedditListingManager.java:125)
08-05 11:26:18.495 13125 13125 W RecyclerView: 	at baseline.org.quantumbadger.redreader.fragments.PostListingFragment.onLoadMoreItemsCheck(PostListingFragment.java:465)
08-05 11:26:18.495 13125 13125 W RecyclerView: 	at baseline.org.quantumbadger.redreader.fragments.PostListingFragment.access$000(PostListingFragment.java:98)
08-05 11:26:18.495 13125 13125 W RecyclerView: 	at baseline.org.quantumbadger.redreader.fragments.PostListingFragment$2.onScrolled(PostListingFragment.java:215)
08-05 11:26:18.495 13125 13125 W RecyclerView: 	at androidx.recyclerview.widget.RecyclerView.dispatchOnScrolled(RecyclerView.java:5173)
08-05 11:26:18.495 13125 13125 W RecyclerView: 	at androidx.recyclerview.widget.RecyclerView.dispatchLayoutStep3(RecyclerView.java:4231)
08-05 11:26:18.495 13125 13125 W RecyclerView: 	at androidx.recyclerview.widget.RecyclerView.dispatchLayout(RecyclerView.java:3862)
08-05 11:26:18.495 13125 13125 W RecyclerView: 	at androidx.recyclerview.widget.RecyclerView.consumePendingUpdateOperations(RecyclerView.java:1897)
08-05 11:26:18.495 13125 13125 W RecyclerView: 	at androidx.recyclerview.widget.RecyclerView$1.run(RecyclerView.java:414)
08-05 11:26:18.495 13125 13125 W RecyclerView: 	at android.view.Choreographer$CallbackRecord.run(Choreographer.java:858)
08-05 11:26:18.495 13125 13125 W RecyclerView: 	at android.view.Choreographer.doCallbacks(Choreographer.java:670)
08-05 11:26:18.495 13125 13125 W RecyclerView: 	at android.view.Choreographer.doFrame(Choreographer.java:603)
08-05 11:26:18.495 13125 13125 W RecyclerView: 	at android.view.Choreographer$FrameDisplayEventReceiver.run(Choreographer.java:844)
08-05 11:26:18.495 13125 13125 W RecyclerView: 	at android.os.Handler.handleCallback(Handler.java:739)
08-05 11:26:18.495 13125 13125 W RecyclerView: 	at android.os.Handler.dispatchMessage(Handler.java:95)
08-05 11:26:18.495 13125 13125 W RecyclerView: 	at android.os.Looper.loop(Looper.java:148)
08-05 11:26:18.495 13125 13125 W RecyclerView: 	at android.app.ActivityThread.main(ActivityThread.java:5417)
08-05 11:26:18.495 13125 13125 W RecyclerView: 	at java.lang.reflect.Method.invoke(Native Method)
08-05 11:26:18.495 13125 13125 W RecyclerView: 	at com.android.internal.os.ZygoteInit$MethodAndArgsCaller.run(ZygoteInit.java:726)
08-05 11:26:18.495 13125 13125 W RecyclerView: 	at com.android.internal.os.ZygoteInit.main(ZygoteInit.java:616)
08-05 11:26:18.499 13125 14565 I art     : Explicit concurrent mark sweep GC freed 22677(1166KB) AllocSpace objects, 3(168KB) LOS objects, 27% free, 43MB/59MB, paused 1.017ms total 40.469ms
08-05 11:26:18.513 13125 14565 I art     : Starting a blocking GC Explicit
08-05 11:26:18.552 13125 14565 I art     : Explicit concurrent mark sweep GC freed 393(16KB) AllocSpace objects, 0(0B) LOS objects, 27% free, 43MB/59MB, paused 397us total 38.109ms
08-05 11:26:18.567 13125 14565 I art     : Starting a blocking GC Explicit
08-05 11:26:18.606 13125 14565 I art     : Explicit concurrent mark sweep GC freed 26(960B) AllocSpace objects, 0(0B) LOS objects, 27% free, 43MB/59MB, paused 451us total 38.399ms
08-05 11:26:18.924 13125 13151 I art     : Starting a blocking GC Explicit
08-05 11:26:18.974 13125 13151 I art     : Explicit concurrent mark sweep GC freed 1734(101KB) AllocSpace objects, 1(20KB) LOS objects, 27% free, 43MB/59MB, paused 526us total 49.105ms
08-05 11:26:18.993 13125 13151 I art     : Starting a blocking GC Explicit
08-05 11:26:19.038 13125 13151 I art     : Explicit concurrent mark sweep GC freed 83(4KB) AllocSpace objects, 0(0B) LOS objects, 27% free, 43MB/59MB, paused 502us total 44.287ms
08-05 11:26:19.053 13125 13151 I art     : Starting a blocking GC Explicit
08-05 11:26:19.097 13125 13151 I art     : Explicit concurrent mark sweep GC freed 3(96B) AllocSpace objects, 0(0B) LOS objects, 27% free, 43MB/59MB, paused 471us total 43.477ms
08-05 11:26:19.112 13125 13151 I art     : Starting a blocking GC Explicit
08-05 11:26:19.156 13125 13151 I art     : Explicit concurrent mark sweep GC freed 3(96B) AllocSpace objects, 0(0B) LOS objects, 27% free, 43MB/59MB, paused 519us total 43.741ms
08-05 11:26:19.171 13125 13151 I art     : Starting a blocking GC Explicit
08-05 11:26:19.215 13125 13151 I art     : Explicit concurrent mark sweep GC freed 3(96B) AllocSpace objects, 0(0B) LOS objects, 27% free, 43MB/59MB, paused 456us total 44.374ms
08-05 11:26:19.216 13125 13134 I art     : WaitForGcToComplete blocked for 34.705ms for cause HeapTrim
08-05 11:26:19.218  8256  8256 I ServiceManager: Waiting for service AtCmdFwd...
08-05 11:26:19.221 13125 17026 D OK      : calling: https://oauth.reddit.com/r/aww/hot/.json?after=t3_hz5odc
08-05 11:26:19.390 13125 17026 I NAPPA_EXPERIMENTATION: MetricNetworkRequestExecutionTime: REQUEST_DURATION_SYSTEM='169',REQUEST_DURATION_OKHTTP='164',REQUEST_SYNCHRONOUS='TRUE',RESPONSE_CODE='200',RESPONSE_METHOD='GET',RESPONSE_LENGTH_OKHTTP='-1',RESPONSE_LENGTH_HEADER='30610',REQUEST_PROTOCOL='h2',REQUEST_URL='https://oauth.reddit.com/r/aww/hot/.json?after=t3_hz5odc',
08-05 11:26:19.390 13125 17026 D OK      : request got status: 200
08-05 11:26:19.409 13125 17015 I PostListingFragment: Precaching images: OFF
08-05 11:26:19.409 13125 17015 I PostListingFragment: Precaching comments: OFF
08-05 11:26:19.448 13125 17014 I RedditVideosAPI: For 'https://v.redd.it/syww111dtjd51/DASHPlaylist.mpd', got video stream 'https://v.redd.it/syww111dtjd51/DASH_480' and audio stream 'https://v.redd.it/syww111dtjd51/audio'
08-05 11:26:19.483 13125 17015 I getImgurImageInfo: Image nLQR2hT: trying API v3 with auth
08-05 11:26:19.551 13125 17033 I RedditVideosAPI: For 'https://v.redd.it/ue0jdgk9zhd51/DASHPlaylist.mpd', got video stream 'https://v.redd.it/ue0jdgk9zhd51/DASH_360' and audio stream 'https://v.redd.it/ue0jdgk9zhd51/audio'
08-05 11:26:19.554 13125 13137 I art     : Starting a blocking GC Explicit
08-05 11:26:19.562 13125 17033 I RedditVideosAPI: For 'https://v.redd.it/pbqrrfb3tkd51/DASHPlaylist.mpd', got video stream 'https://v.redd.it/pbqrrfb3tkd51/DASH_480' and audio stream 'null'
08-05 11:26:19.562 13125 17033 I RedditVideosAPI: For 'https://v.redd.it/rrygsb8i4ld51/DASHPlaylist.mpd', got video stream 'https://v.redd.it/rrygsb8i4ld51/DASH_480' and audio stream 'https://v.redd.it/rrygsb8i4ld51/audio'
08-05 11:26:19.563 13125 17033 I RedditVideosAPI: For 'https://v.redd.it/5x6zzipz8ld51/DASHPlaylist.mpd', got video stream 'https://v.redd.it/5x6zzipz8ld51/DASH_480' and audio stream 'null'
08-05 11:26:19.564 13125 17033 I RedditVideosAPI: For 'https://v.redd.it/75en73fm5id51/DASHPlaylist.mpd', got video stream 'https://v.redd.it/75en73fm5id51/DASH_480' and audio stream 'https://v.redd.it/75en73fm5id51/audio'
08-05 11:26:19.565 13125 17014 I RedditVideosAPI: For 'https://v.redd.it/ggz4fyth6hd51/DASHPlaylist.mpd', got video stream 'https://v.redd.it/ggz4fyth6hd51/DASH_360' and audio stream 'null'
08-05 11:26:19.566 13125 17014 I RedditVideosAPI: For 'https://v.redd.it/psrknoobrgd51/DASHPlaylist.mpd', got video stream 'https://v.redd.it/psrknoobrgd51/DASH_480' and audio stream 'null'
08-05 11:26:19.567 13125 17014 I RedditVideosAPI: For 'https://v.redd.it/jk6cwef4wld51/DASHPlaylist.mpd', got video stream 'https://v.redd.it/jk6cwef4wld51/DASH_480' and audio stream 'null'
08-05 11:26:19.568 13125 17033 I RedditVideosAPI: For 'https://v.redd.it/t81s8zfz9ld51/DASHPlaylist.mpd', got video stream 'https://v.redd.it/t81s8zfz9ld51/DASH_480' and audio stream 'https://v.redd.it/t81s8zfz9ld51/audio'
08-05 11:26:19.568 13125 17014 I RedditVideosAPI: For 'https://v.redd.it/xd6c4yyutgd51/DASHPlaylist.mpd', got video stream 'https://v.redd.it/xd6c4yyutgd51/DASH_480' and audio stream 'null'
08-05 11:26:19.599 13125 13137 I art     : Explicit concurrent mark sweep GC freed 43755(3MB) AllocSpace objects, 97(5MB) LOS objects, 24% free, 48MB/64MB, paused 451us total 45.511ms
08-05 11:26:19.613 13125 13137 I art     : Starting a blocking GC Explicit
08-05 11:26:19.653 13125 13137 I art     : Explicit concurrent mark sweep GC freed 2481(104KB) AllocSpace objects, 1(80KB) LOS objects, 24% free, 48MB/64MB, paused 427us total 38.998ms
08-05 11:26:19.667 13125 13137 I art     : Starting a blocking GC Explicit
08-05 11:26:19.710 13125 13137 I art     : Explicit concurrent mark sweep GC freed 9(384B) AllocSpace objects, 0(0B) LOS objects, 24% free, 48MB/64MB, paused 457us total 43.122ms
08-05 11:26:19.726 13125 13137 I art     : Starting a blocking GC Explicit
08-05 11:26:19.770 13125 13137 I art     : Explicit concurrent mark sweep GC freed 3(96B) AllocSpace objects, 0(0B) LOS objects, 24% free, 48MB/64MB, paused 475us total 44.176ms
08-05 11:26:19.785 13125 13137 I art     : Starting a blocking GC Explicit
08-05 11:26:19.829 13125 13137 I art     : Explicit concurrent mark sweep GC freed 3(96B) AllocSpace objects, 0(0B) LOS objects, 24% free, 48MB/64MB, paused 453us total 43.351ms
08-05 11:26:20.191 13125 14565 I art     : Starting a blocking GC Explicit
08-05 11:26:20.219  8256  8256 I ServiceManager: Waiting for service AtCmdFwd...
08-05 11:26:20.253 13125 14565 I art     : Explicit concurrent mark sweep GC freed 1357(83KB) AllocSpace objects, 1(20KB) LOS objects, 24% free, 48MB/64MB, paused 537us total 61.148ms
08-05 11:26:20.273 13125 14565 I art     : Starting a blocking GC Explicit
08-05 11:26:20.318 13125 14565 I art     : Explicit concurrent mark sweep GC freed 20(704B) AllocSpace objects, 0(0B) LOS objects, 24% free, 48MB/64MB, paused 489us total 44.713ms
08-05 11:26:20.333 13125 14565 I art     : Starting a blocking GC Explicit
08-05 11:26:20.377 13125 14565 I art     : Explicit concurrent mark sweep GC freed 3(96B) AllocSpace objects, 0(0B) LOS objects, 24% free, 48MB/64MB, paused 480us total 43.321ms
08-05 11:26:20.392 13125 14565 I art     : Starting a blocking GC Explicit
08-05 11:26:20.436 13125 14565 I art     : Explicit concurrent mark sweep GC freed 3(96B) AllocSpace objects, 0(0B) LOS objects, 24% free, 48MB/64MB, paused 464us total 43.789ms
08-05 11:26:20.451 13125 14565 I art     : Starting a blocking GC Explicit
08-05 11:26:20.493 13125 14565 I art     : Explicit concurrent mark sweep GC freed 3(96B) AllocSpace objects, 0(0B) LOS objects, 24% free, 48MB/64MB, paused 465us total 41.689ms
08-05 11:26:20.829 13125 13356 I art     : Starting a blocking GC Explicit
08-05 11:26:20.888 13125 13356 I art     : Explicit concurrent mark sweep GC freed 1358(83KB) AllocSpace objects, 1(20KB) LOS objects, 24% free, 48MB/64MB, paused 538us total 58.169ms
08-05 11:26:20.908 13125 13356 I art     : Starting a blocking GC Explicit
08-05 11:26:20.953 13125 13356 I art     : Explicit concurrent mark sweep GC freed 20(704B) AllocSpace objects, 0(0B) LOS objects, 24% free, 48MB/64MB, paused 424us total 44.737ms
08-05 11:26:20.968 13125 13356 I art     : Starting a blocking GC Explicit
08-05 11:26:21.012 13125 13356 I art     : Explicit concurrent mark sweep GC freed 3(96B) AllocSpace objects, 0(0B) LOS objects, 24% free, 48MB/64MB, paused 462us total 43.929ms
08-05 11:26:21.028 13125 13356 I art     : Starting a blocking GC Explicit
08-05 11:26:21.073 13125 13356 I art     : Explicit concurrent mark sweep GC freed 3(96B) AllocSpace objects, 0(0B) LOS objects, 24% free, 48MB/64MB, paused 469us total 44.636ms
08-05 11:26:21.088 13125 13356 I art     : Starting a blocking GC Explicit
08-05 11:26:21.131 13125 13356 I art     : Explicit concurrent mark sweep GC freed 3(96B) AllocSpace objects, 0(0B) LOS objects, 24% free, 48MB/64MB, paused 455us total 42.751ms
08-05 11:26:21.220  8256  8256 I ServiceManager: Waiting for service AtCmdFwd...
08-05 11:26:21.497 13125 13136 I art     : Starting a blocking GC Explicit
08-05 11:26:21.563 13125 13136 I art     : Explicit concurrent mark sweep GC freed 1356(83KB) AllocSpace objects, 1(20KB) LOS objects, 24% free, 48MB/64MB, paused 602us total 64.745ms
08-05 11:26:21.585 13125 13136 I art     : Starting a blocking GC Explicit
08-05 11:26:21.626 13125 13136 I art     : Explicit concurrent mark sweep GC freed 20(704B) AllocSpace objects, 0(0B) LOS objects, 24% free, 48MB/64MB, paused 447us total 40.794ms
08-05 11:26:21.642 13125 13136 I art     : Starting a blocking GC Explicit
08-05 11:26:21.687 13125 13136 I art     : Explicit concurrent mark sweep GC freed 3(96B) AllocSpace objects, 0(0B) LOS objects, 24% free, 48MB/64MB, paused 488us total 44.959ms
08-05 11:26:21.702 13125 13136 I art     : Starting a blocking GC Explicit
08-05 11:26:21.746 13125 13136 I art     : Explicit concurrent mark sweep GC freed 3(96B) AllocSpace objects, 0(0B) LOS objects, 24% free, 48MB/64MB, paused 494us total 43.934ms
08-05 11:26:21.762 13125 13136 I art     : Starting a blocking GC Explicit
08-05 11:26:21.807 13125 13136 I art     : Explicit concurrent mark sweep GC freed 3(96B) AllocSpace objects, 0(0B) LOS objects, 24% free, 48MB/64MB, paused 485us total 44.627ms
08-05 11:26:22.138 13125 13151 I art     : Starting a blocking GC Explicit
08-05 11:26:22.183 13125 13151 I art     : Explicit concurrent mark sweep GC freed 1360(83KB) AllocSpace objects, 1(20KB) LOS objects, 24% free, 48MB/64MB, paused 501us total 44.104ms
08-05 11:26:22.198 13125 13151 I art     : Starting a blocking GC Explicit
08-05 11:26:22.220  8256  8256 I ServiceManager: Waiting for service AtCmdFwd...
08-05 11:26:22.240 13125 13151 I art     : Explicit concurrent mark sweep GC freed 20(704B) AllocSpace objects, 0(0B) LOS objects, 24% free, 48MB/64MB, paused 464us total 41.726ms
08-05 11:26:22.254 13125 13151 I art     : Starting a blocking GC Explicit
08-05 11:26:22.296 13125 13151 I art     : Explicit concurrent mark sweep GC freed 3(96B) AllocSpace objects, 0(0B) LOS objects, 24% free, 48MB/64MB, paused 472us total 41.702ms
08-05 11:26:22.311 13125 13151 I art     : Starting a blocking GC Explicit
08-05 11:26:22.354 13125 13151 I art     : Explicit concurrent mark sweep GC freed 3(96B) AllocSpace objects, 0(0B) LOS objects, 24% free, 48MB/64MB, paused 462us total 42.357ms
08-05 11:26:22.369 13125 13151 I art     : Starting a blocking GC Explicit
08-05 11:26:22.412 13125 13151 I art     : Explicit concurrent mark sweep GC freed 3(96B) AllocSpace objects, 0(0B) LOS objects, 24% free, 48MB/64MB, paused 478us total 42.832ms
08-05 11:26:22.441 17072 17072 D AndroidRuntime: >>>>>> START com.android.internal.os.RuntimeInit uid 2000 <<<<<<
08-05 11:26:22.446 17072 17072 D AndroidRuntime: CheckJNI is OFF
08-05 11:26:22.481 17072 17072 D ICU     : No timezone override file found: /data/misc/zoneinfo/current/icu/icu_tzdata.dat
08-05 11:26:22.513 17072 17072 I Radio-JNI: register_android_hardware_Radio DONE
08-05 11:26:22.536 17072 17072 D AndroidRuntime: Calling main entry com.android.commands.input.Input
08-05 11:26:22.538 17072 17072 I Input   : injectMotionEvent: MotionEvent { action=ACTION_DOWN, actionButton=0, id[0]=0, x[0]=1340.0, y[0]=1100.0, toolType[0]=TOOL_TYPE_UNKNOWN, buttonState=0, metaState=0, flags=0x0, edgeFlags=0x0, pointerCount=1, historySize=0, eventTime=789998950, downTime=789998950, deviceId=0, source=0x1002 }
08-05 11:26:22.544 17072 17072 I Input   : injectMotionEvent: MotionEvent { action=ACTION_UP, actionButton=0, id[0]=0, x[0]=1340.0, y[0]=1100.0, toolType[0]=TOOL_TYPE_UNKNOWN, buttonState=0, metaState=0, flags=0x0, edgeFlags=0x0, pointerCount=1, historySize=0, eventTime=789998950, downTime=789998950, deviceId=0, source=0x1002 }
08-05 11:26:22.545 17072 17072 D AndroidRuntime: Shutting down VM
08-05 11:26:22.554   512  2967 D audio_hw_primary: out_set_parameters: enter: usecase(1: low-latency-playback) kvpairs: routing=2
08-05 11:26:22.557   918  5132 I ActivityManager: START u0 {dat=https://oauth.reddit.com/... cmp=baseline.org.quantumbadger.redreader/.activities.CommentListingActivity} from uid 10689 on display 0
08-05 11:26:22.567   512  2967 D audio_hw_primary: select_devices: out_snd_device(2: speaker) in_snd_device(0: none)
08-05 11:26:22.567   512  2967 D msm8974_platform: platform_send_audio_calibration: sending audio calibration for snd_device(2) acdb_id(15)
08-05 11:26:22.567   512  2967 I soundtrigger: audio_extn_sound_trigger_update_device_status: device 0x2 of type 0 for Event 1
08-05 11:26:22.579 13125 13125 I AppCompatViewInflater: app:theme is now deprecated. Please move to using android:theme instead.
08-05 11:26:22.579   512  2967 D audio_hw_primary: enable_snd_device: snd_device(2: speaker)
08-05 11:26:22.582   512  2967 D audio_hw_primary: enable_audio_route: apply and update mixer path: low-latency-playback speaker
08-05 11:26:22.596 13125 17015 I CommentListingActivity: COMMENTS session changed to 143cfe21-fe20-43bb-ba9e-04a71dc744e2
08-05 11:26:22.684 13866 13866 I GoogleInputMethodServic: GoogleInputMethodService.onFinishInput():3138 
08-05 11:26:22.685 13866 13866 I GoogleInputMethodServic: GoogleInputMethodService.onStartInput():1808 
08-05 11:26:22.694 13125 13136 I art     : Starting a blocking GC Explicit
08-05 11:26:22.695   918   936 I ActivityManager: Displayed baseline.org.quantumbadger.redreader/.activities.CommentListingActivity: +127ms
08-05 11:26:22.756 13125 13136 I art     : Explicit concurrent mark sweep GC freed 31257(1732KB) AllocSpace objects, 1(20KB) LOS objects, 24% free, 50MB/66MB, paused 657us total 62.290ms
08-05 11:26:22.773 13125 13136 I art     : Starting a blocking GC Explicit
08-05 11:26:22.790   518   646 I ThermalEngine: ACTION: GPU - Setting GPU[0] to 600000000
08-05 11:26:22.825 13125 13136 I art     : Explicit concurrent mark sweep GC freed 20681(1123KB) AllocSpace objects, 53(10MB) LOS objects, 28% free, 39MB/55MB, paused 456us total 52.018ms
08-05 11:26:22.841 13125 13136 I art     : Starting a blocking GC Explicit
08-05 11:26:22.890 13125 13136 I art     : Explicit concurrent mark sweep GC freed 72(3KB) AllocSpace objects, 0(0B) LOS objects, 28% free, 39MB/55MB, paused 312us total 48.145ms
08-05 11:26:22.904 13125 13136 I art     : Starting a blocking GC Explicit
08-05 11:26:22.950   380   380 W SurfaceFlinger: couldn't log to binary event log: overflow.
08-05 11:26:22.959 13125 13136 I art     : Explicit concurrent mark sweep GC freed 5(192B) AllocSpace objects, 0(0B) LOS objects, 28% free, 39MB/55MB, paused 374us total 54.806ms
08-05 11:26:22.972 13125 13136 I art     : Starting a blocking GC Explicit
08-05 11:26:23.013 13125 13136 I art     : Explicit concurrent mark sweep GC freed 3(96B) AllocSpace objects, 0(0B) LOS objects, 28% free, 39MB/55MB, paused 321us total 39.994ms
08-05 11:26:23.120   512  2967 D audio_hw_primary: disable_audio_route: reset and update mixer path: low-latency-playback speaker
08-05 11:26:23.121   512  2967 D audio_hw_primary: disable_snd_device: snd_device(2: speaker)
08-05 11:26:23.131   512  2967 I soundtrigger: audio_extn_sound_trigger_update_device_status: device 0x2 of type 0 for Event 0
08-05 11:26:23.221  8256  8256 W Atfwd_Sendcmd: AtCmdFwd service not published, waiting... retryCnt : 1
08-05 11:26:23.290 13125 17013 I RedditChangeDataIO: Writing tmp data file at '/data/user/0/baseline.org.quantumbadger.redreader/files/rr_change_data_tmp.dat'
08-05 11:26:23.291 13125 17013 I RedditChangeDataManager: Taking snapshot...
08-05 11:26:23.291 13125 17013 I RedditChangeDataManager: Writing to stream...
08-05 11:26:23.291 13125 17013 I RedditChangeDataManager: Wrote 6 entries for user ''
08-05 11:26:23.291 13125 17013 I RedditChangeDataManager: All entries written to stream.
08-05 11:26:23.291 13125 17013 I RedditChangeDataIO: Write successful. Atomically replacing data file...
08-05 11:26:23.292 13125 17013 I RedditChangeDataIO: Write complete.
08-05 11:26:23.292 13125 17013 I RedditChangeDataIO: 158 bytes written in 2 ms
08-05 11:26:23.310 13125 13136 I art     : Starting a blocking GC Explicit
08-05 11:26:23.356 13125 13136 I art     : Explicit concurrent mark sweep GC freed 1591(93KB) AllocSpace objects, 2(88KB) LOS objects, 28% free, 39MB/55MB, paused 305us total 46ms
08-05 11:26:23.371 13125 13136 I art     : Starting a blocking GC Explicit
08-05 11:26:23.412 13125 13136 I art     : Explicit concurrent mark sweep GC freed 27(928B) AllocSpace objects, 0(0B) LOS objects, 28% free, 39MB/55MB, paused 328us total 40.700ms
08-05 11:26:23.425 13125 13136 I art     : Starting a blocking GC Explicit
08-05 11:26:23.465 13125 13136 I art     : Explicit concurrent mark sweep GC freed 3(96B) AllocSpace objects, 0(0B) LOS objects, 28% free, 39MB/55MB, paused 312us total 40.542ms
08-05 11:26:23.478 13125 13136 I art     : Starting a blocking GC Explicit
08-05 11:26:23.518 13125 13136 I art     : Explicit concurrent mark sweep GC freed 3(96B) AllocSpace objects, 0(0B) LOS objects, 28% free, 39MB/55MB, paused 288us total 39.620ms
08-05 11:26:23.530 13125 13136 I art     : Starting a blocking GC Explicit
08-05 11:26:23.566 13125 13136 I art     : Explicit concurrent mark sweep GC freed 3(96B) AllocSpace objects, 0(0B) LOS objects, 28% free, 39MB/55MB, paused 266us total 36.547ms
08-05 11:26:23.797   518   646 I ThermalEngine: ACTION: GPU - Setting GPU[0] to 510000000
08-05 11:26:23.890 13125 13136 I art     : Starting a blocking GC Explicit
08-05 11:26:23.962 13125 13136 I art     : Explicit concurrent mark sweep GC freed 1355(82KB) AllocSpace objects, 1(20KB) LOS objects, 28% free, 39MB/55MB, paused 488us total 71.376ms
08-05 11:26:23.984 13125 13136 I art     : Starting a blocking GC Explicit
08-05 11:26:24.036 13125 13136 I art     : Explicit concurrent mark sweep GC freed 66(2528B) AllocSpace objects, 0(0B) LOS objects, 28% free, 39MB/55MB, paused 448us total 51.903ms
08-05 11:26:24.053 13125 13136 I art     : Starting a blocking GC Explicit
08-05 11:26:24.105 13125 13136 I art     : Explicit concurrent mark sweep GC freed 3(96B) AllocSpace objects, 0(0B) LOS objects, 28% free, 39MB/55MB, paused 419us total 51.728ms
08-05 11:26:24.121 13125 13136 I art     : Starting a blocking GC Explicit
08-05 11:26:24.175 13125 13136 I art     : Explicit concurrent mark sweep GC freed 3(96B) AllocSpace objects, 0(0B) LOS objects, 28% free, 39MB/55MB, paused 483us total 53.428ms
08-05 11:26:24.192 13125 13136 I art     : Starting a blocking GC Explicit
08-05 11:26:24.245 13125 13136 I art     : Explicit concurrent mark sweep GC freed 3(96B) AllocSpace objects, 0(0B) LOS objects, 28% free, 39MB/55MB, paused 404us total 52.385ms
08-05 11:26:24.598 13125 13137 I art     : Starting a blocking GC Explicit
08-05 11:26:24.672 13125 13137 I art     : Explicit concurrent mark sweep GC freed 1626(125KB) AllocSpace objects, 1(20KB) LOS objects, 28% free, 39MB/55MB, paused 462us total 74.052ms
08-05 11:26:24.673 13125 13134 I art     : WaitForGcToComplete blocked for 72.086ms for cause HeapTrim
08-05 11:26:24.692 13125 13137 I art     : Starting a blocking GC Explicit
08-05 11:26:24.746 13125 13137 I art     : Explicit concurrent mark sweep GC freed 85(2880B) AllocSpace objects, 0(0B) LOS objects, 28% free, 39MB/55MB, paused 409us total 53.130ms
08-05 11:26:24.763 13125 13137 I art     : Starting a blocking GC Explicit
08-05 11:26:24.815 13125 13137 I art     : Explicit concurrent mark sweep GC freed 3(96B) AllocSpace objects, 0(0B) LOS objects, 28% free, 39MB/55MB, paused 399us total 52.341ms
08-05 11:26:24.832 13125 13137 I art     : Starting a blocking GC Explicit
08-05 11:26:24.882 13125 13137 I art     : Explicit concurrent mark sweep GC freed 3(96B) AllocSpace objects, 0(0B) LOS objects, 28% free, 39MB/55MB, paused 383us total 49.863ms
08-05 11:26:24.898 13125 13137 I art     : Starting a blocking GC Explicit
08-05 11:26:24.952 13125 13137 I art     : Explicit concurrent mark sweep GC freed 3(96B) AllocSpace objects, 0(0B) LOS objects, 28% free, 39MB/55MB, paused 439us total 53.503ms
08-05 11:26:25.304 13125 14565 I art     : Starting a blocking GC Explicit
08-05 11:26:25.372 13125 14565 I art     : Explicit concurrent mark sweep GC freed 1355(82KB) AllocSpace objects, 1(20KB) LOS objects, 28% free, 39MB/55MB, paused 444us total 68.570ms
08-05 11:26:25.393 13125 14565 I art     : Starting a blocking GC Explicit
08-05 11:26:25.417   918  3261 D WifiStateMachine: starting scan for "H369AA63323"WPA_PSK with 2412,5180
08-05 11:26:25.446 13125 14565 I art     : Explicit concurrent mark sweep GC freed 20(704B) AllocSpace objects, 0(0B) LOS objects, 28% free, 39MB/55MB, paused 410us total 52.372ms
08-05 11:26:25.463 13125 14565 I art     : Starting a blocking GC Explicit
08-05 11:26:25.514 13125 14565 I art     : Explicit concurrent mark sweep GC freed 3(96B) AllocSpace objects, 0(0B) LOS objects, 28% free, 39MB/55MB, paused 404us total 50.465ms
08-05 11:26:25.530 13125 14565 I art     : Starting a blocking GC Explicit
08-05 11:26:25.581 13125 14565 I art     : Explicit concurrent mark sweep GC freed 3(96B) AllocSpace objects, 0(0B) LOS objects, 28% free, 39MB/55MB, paused 406us total 50.317ms
08-05 11:26:25.598 13125 14565 I art     : Starting a blocking GC Explicit
08-05 11:26:25.652 13125 14565 I art     : Explicit concurrent mark sweep GC freed 3(96B) AllocSpace objects, 0(0B) LOS objects, 28% free, 39MB/55MB, paused 413us total 53.752ms
08-05 11:26:25.798   518   646 I ThermalEngine: ACTION: GPU - Setting GPU[0] to 600000000
08-05 11:26:25.993 13125 13151 I art     : Starting a blocking GC Explicit
08-05 11:26:26.052 13125 13151 I art     : Explicit concurrent mark sweep GC freed 1355(82KB) AllocSpace objects, 1(20KB) LOS objects, 28% free, 39MB/55MB, paused 328us total 58.265ms
08-05 11:26:26.067 13125 13151 I art     : Starting a blocking GC Explicit
08-05 11:26:26.112 13125 13151 I art     : Explicit concurrent mark sweep GC freed 20(704B) AllocSpace objects, 0(0B) LOS objects, 28% free, 39MB/55MB, paused 313us total 44.840ms
08-05 11:26:26.126 13125 13151 I art     : Starting a blocking GC Explicit
08-05 11:26:26.169 13125 13151 I art     : Explicit concurrent mark sweep GC freed 3(96B) AllocSpace objects, 0(0B) LOS objects, 28% free, 39MB/55MB, paused 296us total 42.691ms
08-05 11:26:26.181 13125 13151 I art     : Starting a blocking GC Explicit
08-05 11:26:26.224 13125 13151 I art     : Explicit concurrent mark sweep GC freed 3(96B) AllocSpace objects, 0(0B) LOS objects, 28% free, 39MB/55MB, paused 306us total 43.168ms
08-05 11:26:26.237 13125 13151 I art     : Starting a blocking GC Explicit
08-05 11:26:26.281 13125 13151 I art     : Explicit concurrent mark sweep GC freed 3(96B) AllocSpace objects, 0(0B) LOS objects, 28% free, 39MB/55MB, paused 320us total 43.945ms
08-05 11:26:26.620 13125 13356 I art     : Starting a blocking GC Explicit
08-05 11:26:26.679 13125 13356 I art     : Explicit concurrent mark sweep GC freed 1355(82KB) AllocSpace objects, 1(20KB) LOS objects, 28% free, 39MB/55MB, paused 377us total 59.369ms
08-05 11:26:26.699 13125 13356 I art     : Starting a blocking GC Explicit
08-05 11:26:26.741 13125 13356 I art     : Explicit concurrent mark sweep GC freed 20(704B) AllocSpace objects, 0(0B) LOS objects, 28% free, 39MB/55MB, paused 344us total 41.757ms
08-05 11:26:26.754 13125 13356 I art     : Starting a blocking GC Explicit
08-05 11:26:26.796 13125 13356 I art     : Explicit concurrent mark sweep GC freed 3(96B) AllocSpace objects, 0(0B) LOS objects, 28% free, 39MB/55MB, paused 286us total 41.666ms
08-05 11:26:26.808 13125 13356 I art     : Starting a blocking GC Explicit
08-05 11:26:26.850 13125 13356 I art     : Explicit concurrent mark sweep GC freed 3(96B) AllocSpace objects, 0(0B) LOS objects, 28% free, 39MB/55MB, paused 292us total 41.331ms
08-05 11:26:26.862 13125 13356 I art     : Starting a blocking GC Explicit
08-05 11:26:26.901 13125 13356 I art     : Explicit concurrent mark sweep GC freed 3(96B) AllocSpace objects, 0(0B) LOS objects, 28% free, 39MB/55MB, paused 288us total 39.044ms
08-05 11:26:27.117 17167 17167 D AndroidRuntime: >>>>>> START com.android.internal.os.RuntimeInit uid 2000 <<<<<<
08-05 11:26:27.122 17167 17167 D AndroidRuntime: CheckJNI is OFF
08-05 11:26:27.147 17167 17167 D ICU     : No timezone override file found: /data/misc/zoneinfo/current/icu/icu_tzdata.dat
08-05 11:26:27.172 17167 17167 I Radio-JNI: register_android_hardware_Radio DONE
08-05 11:26:27.189 17167 17167 D AndroidRuntime: Calling main entry com.android.commands.input.Input
08-05 11:26:27.190 17167 17167 I Input   : injectKeyEvent: KeyEvent { action=ACTION_DOWN, keyCode=KEYCODE_BACK, scanCode=0, metaState=0, flags=0x0, repeatCount=0, eventTime=790003604, downTime=790003604, deviceId=-1, source=0x101 }
08-05 11:26:27.195 17167 17167 I Input   : injectKeyEvent: KeyEvent { action=ACTION_UP, keyCode=KEYCODE_BACK, scanCode=0, metaState=0, flags=0x0, repeatCount=0, eventTime=790003604, downTime=790003604, deviceId=-1, source=0x101 }
08-05 11:26:27.200 17167 17167 D AndroidRuntime: Shutting down VM
08-05 11:26:27.219 13125 13356 I art     : Starting a blocking GC Explicit
08-05 11:26:27.231 13866 13866 I GoogleInputMethodServic: GoogleInputMethodService.onFinishInput():3138 
08-05 11:26:27.231 13866 13866 I GoogleInputMethodServic: GoogleInputMethodService.onStartInput():1808 
08-05 11:26:27.258 13125 13356 I art     : Explicit concurrent mark sweep GC freed 1541(89KB) AllocSpace objects, 1(20KB) LOS objects, 28% free, 39MB/55MB, paused 353us total 38.787ms
08-05 11:26:27.272 13125 13356 I art     : Starting a blocking GC Explicit
08-05 11:26:27.310 13125 13356 I art     : Explicit concurrent mark sweep GC freed 107(3KB) AllocSpace objects, 0(0B) LOS objects, 28% free, 39MB/55MB, paused 286us total 37.636ms
08-05 11:26:27.322 13125 13356 I art     : Starting a blocking GC Explicit
08-05 11:26:27.359 13125 13356 I art     : Explicit concurrent mark sweep GC freed 3(96B) AllocSpace objects, 0(0B) LOS objects, 28% free, 39MB/55MB, paused 357us total 36.568ms
08-05 11:26:27.373 13125 13356 I art     : Starting a blocking GC Explicit
08-05 11:26:27.423 13125 13356 I art     : Explicit concurrent mark sweep GC freed 3(96B) AllocSpace objects, 0(0B) LOS objects, 28% free, 39MB/55MB, paused 290us total 49.259ms
08-05 11:26:27.442 13125 13356 I art     : Starting a blocking GC Explicit
08-05 11:26:27.500 13125 13356 I art     : Explicit concurrent mark sweep GC freed 3(96B) AllocSpace objects, 0(0B) LOS objects, 28% free, 39MB/55MB, paused 348us total 57.904ms
08-05 11:26:27.555   380   380 W SurfaceFlinger: couldn't log to binary event log: overflow.
08-05 11:26:27.817 13125 13356 I art     : Starting a blocking GC Explicit
08-05 11:26:27.877 13125 13356 I art     : Explicit concurrent mark sweep GC freed 1417(84KB) AllocSpace objects, 1(20KB) LOS objects, 28% free, 39MB/55MB, paused 398us total 59.285ms
08-05 11:26:27.890 13125 13356 I art     : Starting a blocking GC Explicit
08-05 11:26:27.924 13125 13356 I art     : Explicit concurrent mark sweep GC freed 41409(2MB) AllocSpace objects, 5(140KB) LOS objects, 29% free, 37MB/53MB, paused 284us total 33.454ms
08-05 11:26:27.935 13125 13356 I art     : Starting a blocking GC Explicit
08-05 11:26:27.967 13125 13356 I art     : Explicit concurrent mark sweep GC freed 3(96B) AllocSpace objects, 0(0B) LOS objects, 29% free, 37MB/53MB, paused 305us total 32.133ms
08-05 11:26:27.979 13125 13356 I art     : Starting a blocking GC Explicit
08-05 11:26:28.011 13125 13356 I art     : Explicit concurrent mark sweep GC freed 3(96B) AllocSpace objects, 0(0B) LOS objects, 29% free, 37MB/53MB, paused 295us total 32.415ms
08-05 11:26:28.023 13125 13356 I art     : Starting a blocking GC Explicit
08-05 11:26:28.056 13125 13356 I art     : Explicit concurrent mark sweep GC freed 3(96B) AllocSpace objects, 0(0B) LOS objects, 29% free, 37MB/53MB, paused 319us total 33.400ms
08-05 11:26:28.221  8256  8256 I ServiceManager: Waiting for service AtCmdFwd...
08-05 11:26:28.364 13125 13137 I art     : Starting a blocking GC Explicit
08-05 11:26:28.405 13125 13137 I art     : Explicit concurrent mark sweep GC freed 1355(82KB) AllocSpace objects, 1(20KB) LOS objects, 29% free, 37MB/53MB, paused 314us total 41.286ms
08-05 11:26:28.417 13125 13137 I art     : Starting a blocking GC Explicit
08-05 11:26:28.449 13125 13137 I art     : Explicit concurrent mark sweep GC freed 20(704B) AllocSpace objects, 0(0B) LOS objects, 29% free, 37MB/53MB, paused 367us total 31.446ms
08-05 11:26:28.460 13125 13137 I art     : Starting a blocking GC Explicit
08-05 11:26:28.489 13125 13137 I art     : Explicit concurrent mark sweep GC freed 3(96B) AllocSpace objects, 0(0B) LOS objects, 29% free, 37MB/53MB, paused 302us total 28.674ms
08-05 11:26:28.499 13125 13137 I art     : Starting a blocking GC Explicit
08-05 11:26:28.529 13125 13137 I art     : Explicit concurrent mark sweep GC freed 3(96B) AllocSpace objects, 0(0B) LOS objects, 29% free, 37MB/53MB, paused 289us total 30.074ms
08-05 11:26:28.540 13125 13137 I art     : Starting a blocking GC Explicit
08-05 11:26:28.571 13125 13137 I art     : Explicit concurrent mark sweep GC freed 3(96B) AllocSpace objects, 0(0B) LOS objects, 29% free, 37MB/53MB, paused 288us total 30.835ms
08-05 11:26:28.745 17210 17210 D AndroidRuntime: >>>>>> START com.android.internal.os.RuntimeInit uid 2000 <<<<<<
08-05 11:26:28.749 17210 17210 D AndroidRuntime: CheckJNI is OFF
08-05 11:26:28.775 17210 17210 D ICU     : No timezone override file found: /data/misc/zoneinfo/current/icu/icu_tzdata.dat
08-05 11:26:28.799 17210 17210 I Radio-JNI: register_android_hardware_Radio DONE
08-05 11:26:28.815 17210 17210 D AndroidRuntime: Calling main entry com.android.commands.input.Input
08-05 11:26:28.816 17210 17210 I Input   : injectKeyEvent: KeyEvent { action=ACTION_DOWN, keyCode=KEYCODE_BACK, scanCode=0, metaState=0, flags=0x0, repeatCount=0, eventTime=790005229, downTime=790005229, deviceId=-1, source=0x101 }
08-05 11:26:28.821 17210 17210 I Input   : injectKeyEvent: KeyEvent { action=ACTION_UP, keyCode=KEYCODE_BACK, scanCode=0, metaState=0, flags=0x0, repeatCount=0, eventTime=790005229, downTime=790005229, deviceId=-1, source=0x101 }
08-05 11:26:28.825 17210 17210 D AndroidRuntime: Shutting down VM
08-05 11:26:28.852 13125 13137 I art     : Starting a blocking GC Explicit
08-05 11:26:28.868 13866 13866 I GoogleInputMethodServic: GoogleInputMethodService.onFinishInput():3138 
08-05 11:26:28.869 13866 13866 I GoogleInputMethodServic: GoogleInputMethodService.onStartInput():1808 
08-05 11:26:28.884 13125 13137 I art     : Explicit concurrent mark sweep GC freed 1471(86KB) AllocSpace objects, 1(20KB) LOS objects, 29% free, 37MB/53MB, paused 318us total 31.854ms
08-05 11:26:28.897 13125 13137 I art     : Starting a blocking GC Explicit
08-05 11:26:28.929 13125 13137 I art     : Explicit concurrent mark sweep GC freed 70(2352B) AllocSpace objects, 0(0B) LOS objects, 29% free, 37MB/53MB, paused 279us total 31.644ms
08-05 11:26:28.939 13125 13137 I art     : Starting a blocking GC Explicit
08-05 11:26:28.966 13125 13137 I art     : Explicit concurrent mark sweep GC freed 20(656B) AllocSpace objects, 0(0B) LOS objects, 29% free, 37MB/53MB, paused 258us total 26.956ms
08-05 11:26:28.977 13125 13137 I art     : Starting a blocking GC Explicit
08-05 11:26:29.007 13125 13137 I art     : Explicit concurrent mark sweep GC freed 3(96B) AllocSpace objects, 0(0B) LOS objects, 29% free, 37MB/53MB, paused 270us total 29.740ms
08-05 11:26:29.019 13125 13137 I art     : Starting a blocking GC Explicit
08-05 11:26:29.060 13125 13137 I art     : Explicit concurrent mark sweep GC freed 3(96B) AllocSpace objects, 0(0B) LOS objects, 29% free, 37MB/53MB, paused 275us total 40.217ms
08-05 11:26:29.222  8256  8256 I ServiceManager: Waiting for service AtCmdFwd...
08-05 11:26:29.331 13125 13137 I art     : Starting a blocking GC Explicit
08-05 11:26:29.372 13125 13137 I art     : Explicit concurrent mark sweep GC freed 1454(86KB) AllocSpace objects, 1(20KB) LOS objects, 29% free, 37MB/53MB, paused 479us total 40.418ms
08-05 11:26:29.389 13125 13137 I art     : Starting a blocking GC Explicit
08-05 11:26:29.421 13125 13137 I art     : Explicit concurrent mark sweep GC freed 150(7KB) AllocSpace objects, 0(0B) LOS objects, 29% free, 37MB/53MB, paused 327us total 32.356ms
08-05 11:26:29.432 13125 13137 I art     : Starting a blocking GC Explicit
08-05 11:26:29.466 13125 13137 I art     : Explicit concurrent mark sweep GC freed 3(96B) AllocSpace objects, 0(0B) LOS objects, 29% free, 37MB/53MB, paused 325us total 33.317ms
08-05 11:26:29.478 13125 13137 I art     : Starting a blocking GC Explicit
08-05 11:26:29.511 13125 13137 I art     : Explicit concurrent mark sweep GC freed 3(96B) AllocSpace objects, 0(0B) LOS objects, 29% free, 37MB/53MB, paused 343us total 33.346ms
08-05 11:26:29.523 13125 13137 I art     : Starting a blocking GC Explicit
08-05 11:26:29.556 13125 13137 I art     : Explicit concurrent mark sweep GC freed 3(96B) AllocSpace objects, 0(0B) LOS objects, 29% free, 37MB/53MB, paused 346us total 33.414ms
08-05 11:26:29.874 13125 13356 I art     : Starting a blocking GC Explicit
08-05 11:26:29.918 13125 13356 I art     : Explicit concurrent mark sweep GC freed 1355(82KB) AllocSpace objects, 1(20KB) LOS objects, 29% free, 37MB/53MB, paused 378us total 43.631ms
08-05 11:26:29.930 13125 13356 I art     : Starting a blocking GC Explicit
08-05 11:26:29.963 13125 13356 I art     : Explicit concurrent mark sweep GC freed 20(704B) AllocSpace objects, 0(0B) LOS objects, 29% free, 37MB/53MB, paused 336us total 33.079ms
08-05 11:26:29.974 13125 13356 I art     : Starting a blocking GC Explicit
08-05 11:26:30.007 13125 13356 I art     : Explicit concurrent mark sweep GC freed 3(96B) AllocSpace objects, 0(0B) LOS objects, 29% free, 37MB/53MB, paused 355us total 32.828ms
08-05 11:26:30.019 13125 13356 I art     : Starting a blocking GC Explicit
08-05 11:26:30.052 13125 13356 I art     : Explicit concurrent mark sweep GC freed 3(96B) AllocSpace objects, 0(0B) LOS objects, 29% free, 37MB/53MB, paused 313us total 33.163ms
08-05 11:26:30.064 13125 13356 I art     : Starting a blocking GC Explicit
08-05 11:26:30.095 13125 13356 I art     : Explicit concurrent mark sweep GC freed 3(96B) AllocSpace objects, 0(0B) LOS objects, 29% free, 37MB/53MB, paused 292us total 30.624ms
08-05 11:26:30.222  8256  8256 I ServiceManager: Waiting for service AtCmdFwd...
08-05 11:26:30.369 13125 13136 I art     : Starting a blocking GC Explicit
08-05 11:26:30.403 13125 13136 I art     : Explicit concurrent mark sweep GC freed 1355(82KB) AllocSpace objects, 1(20KB) LOS objects, 29% free, 37MB/53MB, paused 368us total 33.683ms
08-05 11:26:30.415 13125 13136 I art     : Starting a blocking GC Explicit
08-05 11:26:30.421 17258 17258 D AndroidRuntime: >>>>>> START com.android.internal.os.RuntimeInit uid 2000 <<<<<<
08-05 11:26:30.426 17258 17258 D AndroidRuntime: CheckJNI is OFF
08-05 11:26:30.445 13125 13136 I art     : Explicit concurrent mark sweep GC freed 20(704B) AllocSpace objects, 0(0B) LOS objects, 29% free, 37MB/53MB, paused 315us total 29.778ms
08-05 11:26:30.451 17258 17258 D ICU     : No timezone override file found: /data/misc/zoneinfo/current/icu/icu_tzdata.dat
08-05 11:26:30.455 13125 13136 I art     : Starting a blocking GC Explicit
08-05 11:26:30.477 17258 17258 I Radio-JNI: register_android_hardware_Radio DONE
08-05 11:26:30.484 13125 13136 I art     : Explicit concurrent mark sweep GC freed 3(96B) AllocSpace objects, 0(0B) LOS objects, 29% free, 37MB/53MB, paused 341us total 28.528ms
08-05 11:26:30.493 17258 17258 D AndroidRuntime: Calling main entry com.android.commands.am.Am
08-05 11:26:30.494 13125 13136 I art     : Starting a blocking GC Explicit
08-05 11:26:30.500 22029 22029 I Trepn   : Trepn 6.2s: Received intent: com.quicinc.trepn.stop_profiling
08-05 11:26:30.522 13125 13136 I art     : Explicit concurrent mark sweep GC freed 3(96B) AllocSpace objects, 0(0B) LOS objects, 29% free, 37MB/53MB, paused 278us total 27.646ms
08-05 11:26:30.532 13125 13136 I art     : Starting a blocking GC Explicit
08-05 11:26:30.548 22029 22029 I Trepn   : Trepn 6.2s: Trepn has Stopped Profiling.
08-05 11:26:30.560 13125 13136 I art     : Explicit concurrent mark sweep GC freed 3(96B) AllocSpace objects, 0(0B) LOS objects, 29% free, 37MB/53MB, paused 270us total 27.508ms
08-05 11:26:30.637 17258 17258 D AndroidRuntime: Shutting down VM
08-05 11:26:30.641   918  3670 W AppOps  : Finishing op nesting under-run: uid 10078 pkg com.quicinc.trepn code 24 time=0 duration=0 nesting=0
08-05 11:26:30.810   518   646 I ThermalEngine: ACTION: GPU - Setting GPU[0] to 510000000
08-05 11:26:30.889 13125 13151 I art     : Starting a blocking GC Explicit
08-05 11:26:30.929 13125 13151 I art     : Explicit concurrent mark sweep GC freed 1355(82KB) AllocSpace objects, 1(20KB) LOS objects, 29% free, 37MB/53MB, paused 502us total 39.973ms
08-05 11:26:30.944 13125 13151 I art     : Starting a blocking GC Explicit
08-05 11:26:30.981 13125 13151 I art     : Explicit concurrent mark sweep GC freed 20(704B) AllocSpace objects, 0(0B) LOS objects, 29% free, 37MB/53MB, paused 381us total 37.037ms
08-05 11:26:30.996 13125 13151 I art     : Starting a blocking GC Explicit
08-05 11:26:31.034 13125 13151 I art     : Explicit concurrent mark sweep GC freed 3(96B) AllocSpace objects, 0(0B) LOS objects, 29% free, 37MB/53MB, paused 476us total 37.836ms
08-05 11:26:31.048 13125 13151 I art     : Starting a blocking GC Explicit
08-05 11:26:31.085 13125 13151 I art     : Explicit concurrent mark sweep GC freed 3(96B) AllocSpace objects, 0(0B) LOS objects, 29% free, 37MB/53MB, paused 401us total 36.815ms
08-05 11:26:31.100 13125 13151 I art     : Starting a blocking GC Explicit
08-05 11:26:31.138 13125 13151 I art     : Explicit concurrent mark sweep GC freed 3(96B) AllocSpace objects, 0(0B) LOS objects, 29% free, 37MB/53MB, paused 456us total 37.729ms
08-05 11:26:31.223  8256  8256 I ServiceManager: Waiting for service AtCmdFwd...
08-05 11:26:32.223  8256  8256 I ServiceManager: Waiting for service AtCmdFwd...
08-05 11:26:33.224  8256  8256 W Atfwd_Sendcmd: AtCmdFwd service not published, waiting... retryCnt : 2
08-05 11:26:33.814   518   646 I ThermalEngine: ACTION: GPU - Setting GPU[0] to 600000000
