08-03 19:06:43.503 32638  2863 D Nappa   : F1_SCORE - FN list (9)= [https://project-travel-mate.herokuapp.com/api/get-user, https://project-travel-mate.herokuapp.com/api/get-all-cities/10, https://project-travel-mate.herokuapp.com/api/number-of-unread-notifications, https://project-travel-mate.herokuapp.com/api/get-city-weather/1, https://project-travel-mate.herokuapp.com/api/get-city/1, https://project-travel-mate.herokuapp.com/api/get-city-information/1, https://project-travel-mate.herokuapp.com/api/get-city-facts/1, https://project-travel-mate.herokuapp.com/api/get-city-images/1, https://project-travel-mate.herokuapp.com/api/get-upcoming-holidays/2020]
08-03 19:06:43.598 32638 32655 D Nappa   : registerActivity: (already in) nappagreedy.io.github.project_travel_mate.MainActivity
08-03 19:06:43.598 32638 32655 D Nappa   : PARENTS 
08-03 19:06:43.598 32638 32655 D Nappa   : Of: nappagreedy.io.github.project_travel_mate.MainActivity -> 
08-03 19:06:43.598 32638 32655 D Nappa   : PARENTS nappagreedy.io.github.project_travel_mate.SplashActivity
08-03 19:06:43.602 32638 32638 D Nappa   : registerActivity: (already in) nappagreedy.io.github.project_travel_mate.utilities.UpcomingWeekendsActivity
08-03 19:06:43.603 32638 32638 D Nappa   : SHOULD_PREFETCH true
08-03 19:06:43.698 32638 32655 D Nappa   : registerActivity: (already in) nappagreedy.io.github.project_travel_mate.utilities.UpcomingWeekendsActivity
08-03 19:06:43.699 32638 32655 D Nappa   : PARENTS 
08-03 19:06:43.699 32638 32655 D Nappa   : Of: nappagreedy.io.github.project_travel_mate.utilities.UpcomingWeekendsActivity -> 
08-03 19:06:43.699 32638 32655 D Nappa   : PARENTS nappagreedy.io.github.project_travel_mate.MainActivity
08-03 19:06:43.699 32638 32655 D Nappa   : PARENTS has extra: (cityobject_, objects.City@d7a9ae7)
08-03 19:06:43.699 32638 32655 D Nappa   : PARENTS nappagreedy.io.github.project_travel_mate.SplashActivity
08-03 19:06:43.703 32638 32638 D Nappa   : registerActivity: (already in) nappagreedy.io.github.project_travel_mate.utilities.UpcomingWeekendsActivity
08-03 19:06:43.703 32638 32638 D Nappa   : STATS Number of requests not prefetched: 10
08-03 19:06:43.703 32638 32638 D Nappa   : STATS Number of requests prefetched: 21
08-03 19:06:43.703 32638 32638 D Nappa   : STATS Time saved until now: 1.7399998
08-03 19:06:43.902 32638 32655 D Nappa   : PREFETCH_ON_EXTRA - setCurrentActivity - logs - from extra - made prediction isfalse
08-03 19:06:44.205 32638 32655 D Nappa   : PREFETCH_ON_EXTRA - setCurrentActivity - starting new prediction
08-03 19:06:44.205 32638 32655 D Nappa   : Current node - currentActivityName - nappagreedy.io.github.project_travel_mate.utilities.UpcomingWeekendsActivity
08-03 19:06:44.205 32638 32655 D Nappa   : Current node - activityGraph.getCurrent() - nappagreedy.io.github.project_travel_mate.utilities.UpcomingWeekendsActivity
08-03 19:06:44.207 32638 32655 D Nappa   : PREFETCH_ON_EXTRA - setCurrentActivity - finished new prediction
08-03 19:06:48.489 32638 32638 D Nappa   : Stayed on nappagreedy.io.github.project_travel_mate.utilities.UpcomingWeekendsActivity for 4785 ms
08-03 19:06:48.501 32638 32638 D Nappa   : setCurrentActivity - MetricStrategyAccuracy - 
08-03 19:06:48.501 32638 32638 D Nappa   : madePredictionFromActivity = true, 
08-03 19:06:48.501 32638 32638 D Nappa   : fromActivity = nappagreedy.io.github.project_travel_mate.utilities.UpcomingWeekendsActivity, 
08-03 19:06:48.501 32638 32638 D Nappa   : predictedNextActivityFromActivity = [], 
08-03 19:06:48.501 32638 32638 D Nappa   : activity.getClass().getCanonicalName() = nappagreedy.io.github.project_travel_mate.MainActivity, 
08-03 19:06:48.501 32638 32638 D Nappa   : setCurrentActivity - MetricStrategyAccuracy - 
08-03 19:06:48.501 32638 32638 D Nappa   : madePredictionFromExtra = false, 
08-03 19:06:48.501 32638 32638 D Nappa   : fromActivity = nappagreedy.io.github.project_travel_mate.utilities.UpcomingWeekendsActivity, 
08-03 19:06:48.501 32638 32638 D Nappa   : predictedNextActivityFromExtra = [], 
08-03 19:06:48.501 32638 32638 D Nappa   : activity.getClass().getCanonicalName() = nappagreedy.io.github.project_travel_mate.MainActivity, 
08-03 19:06:48.501 32638 32638 D Nappa   : PREFETCH_ON_EXTRA - setCurrentActivity - logs - from activity - made prediction istrue
08-03 19:06:48.501 32638 32638 D Nappa   : PREFETCH_ON_EXTRA - setCurrentActivity - logs - from activity - start
08-03 19:06:48.501 32638 32638 D Nappa   : PREFETCH_ON_EXTRA - setCurrentActivity - logs - from activity- finished
08-03 19:06:48.602 32638 32638 D Nappa   : registerActivity: (already in) nappagreedy.io.github.project_travel_mate.MainActivity
08-03 19:06:48.602 32638 32638 D Nappa   : SHOULD_PREFETCH false
08-03 19:06:48.602 32638 32638 D Nappa   : STATS Number of requests not prefetched: 10
08-03 19:06:48.602 32638 32638 D Nappa   : STATS Number of requests prefetched: 21
08-03 19:06:48.602 32638 32638 D Nappa   : STATS Time saved until now: 1.7399998
08-03 19:06:48.608 32638 32638 D Nappa   : TAG okHttpClient initialized
08-03 19:06:48.610 32638  2937 D Nappa   : F1_SCORE add_intercept_url - (already in) - https://project-travel-mate.herokuapp.com/api/number-of-unread-notifications
08-03 19:06:48.610 32638  2937 D Nappa   : F1_SCORE add_fn_url - (already in) - https://project-travel-mate.herokuapp.com/api/number-of-unread-notifications
08-03 19:06:48.610 32638  2937 D Nappa   : -------------F1_SCORE #45 -----------
08-03 19:06:48.611 32638  2937 D Nappa   : F1_SCORE - Intercept list (9)= [https://project-travel-mate.herokuapp.com/api/get-user, https://project-travel-mate.herokuapp.com/api/get-all-cities/10, https://project-travel-mate.herokuapp.com/api/number-of-unread-notifications, https://project-travel-mate.herokuapp.com/api/get-city-weather/1, https://project-travel-mate.herokuapp.com/api/get-city/1, https://project-travel-mate.herokuapp.com/api/get-city-information/1, https://project-travel-mate.herokuapp.com/api/get-city-facts/1, https://project-travel-mate.herokuapp.com/api/get-city-images/1, https://project-travel-mate.herokuapp.com/api/get-upcoming-holidays/2020]
08-03 19:06:48.611 32638  2937 D Nappa   : F1_SCORE - Prefetch list (0)= []
08-03 19:06:48.611 32638  2937 D Nappa   : F1_SCORE - TP list (0)= []
08-03 19:06:48.611 32638  2937 D Nappa   : F1_SCORE - FN list (9)= [https://project-travel-mate.herokuapp.com/api/get-user, https://project-travel-mate.herokuapp.com/api/get-all-cities/10, https://project-travel-mate.herokuapp.com/api/number-of-unread-notifications, https://project-travel-mate.herokuapp.com/api/get-city-weather/1, https://project-travel-mate.herokuapp.com/api/get-city/1, https://project-travel-mate.herokuapp.com/api/get-city-information/1, https://project-travel-mate.herokuapp.com/api/get-city-facts/1, https://project-travel-mate.herokuapp.com/api/get-city-images/1, https://project-travel-mate.herokuapp.com/api/get-upcoming-holidays/2020]
08-03 19:06:48.710 32638 32655 D Nappa   : registerActivity: (already in) nappagreedy.io.github.project_travel_mate.MainActivity
08-03 19:06:48.711 32638 32655 D Nappa   : PARENTS 
08-03 19:06:48.711 32638 32655 D Nappa   : Of: nappagreedy.io.github.project_travel_mate.MainActivity -> 
08-03 19:06:48.711 32638 32655 D Nappa   : PARENTS nappagreedy.io.github.project_travel_mate.SplashActivity
08-03 19:06:48.902 32638 32655 D Nappa   : PREFETCH_ON_EXTRA - setCurrentActivity - logs - from extra - made prediction isfalse
08-03 19:06:50.604 32638 32638 D Nappa   : Stayed on nappagreedy.io.github.project_travel_mate.MainActivity for 2002 ms
08-03 19:06:50.640 32638 32638 D Nappa   : TAG okHttpClient initialized
08-03 19:06:50.643 32638  2985 D Nappa   : F1_SCORE add_intercept_url - (already in) - https://project-travel-mate.herokuapp.com/api/get-upcoming-holidays/2020
08-03 19:06:50.644 32638  2985 D Nappa   : F1_SCORE add_fn_url - (already in) - https://project-travel-mate.herokuapp.com/api/get-upcoming-holidays/2020
08-03 19:06:50.644 32638  2985 D Nappa   : -------------F1_SCORE #47 -----------
08-03 19:06:50.644 32638  2985 D Nappa   : F1_SCORE - Intercept list (9)= [https://project-travel-mate.herokuapp.com/api/get-user, https://project-travel-mate.herokuapp.com/api/get-all-cities/10, https://project-travel-mate.herokuapp.com/api/number-of-unread-notifications, https://project-travel-mate.herokuapp.com/api/get-city-weather/1, https://project-travel-mate.herokuapp.com/api/get-city/1, https://project-travel-mate.herokuapp.com/api/get-city-information/1, https://project-travel-mate.herokuapp.com/api/get-city-facts/1, https://project-travel-mate.herokuapp.com/api/get-city-images/1, https://project-travel-mate.herokuapp.com/api/get-upcoming-holidays/2020]
08-03 19:06:50.644 32638  2985 D Nappa   : F1_SCORE - Prefetch list (0)= []
08-03 19:06:50.644 32638  2985 D Nappa   : F1_SCORE - TP list (0)= []
08-03 19:06:50.644 32638  2985 D Nappa   : F1_SCORE - FN list (9)= [https://project-travel-mate.herokuapp.com/api/get-user, https://project-travel-mate.herokuapp.com/api/get-all-cities/10, https://project-travel-mate.herokuapp.com/api/number-of-unread-notifications, https://project-travel-mate.herokuapp.com/api/get-city-weather/1, https://project-travel-mate.herokuapp.com/api/get-city/1, https://project-travel-mate.herokuapp.com/api/get-city-information/1, https://project-travel-mate.herokuapp.com/api/get-city-facts/1, https://project-travel-mate.herokuapp.com/api/get-city-images/1, https://project-travel-mate.herokuapp.com/api/get-upcoming-holidays/2020]
08-03 19:06:50.644 32638 32638 D Nappa   : TAG okHttpClient initialized
08-03 19:06:50.645 32638 32638 D Nappa   : setCurrentActivity - MetricStrategyAccuracy - 
08-03 19:06:50.645 32638 32638 D Nappa   : madePredictionFromActivity = false, 
08-03 19:06:50.645 32638 32638 D Nappa   : fromActivity = nappagreedy.io.github.project_travel_mate.MainActivity, 
08-03 19:06:50.645 32638 32638 D Nappa   : predictedNextActivityFromActivity = [], 
08-03 19:06:50.645 32638 32638 D Nappa   : activity.getClass().getCanonicalName() = nappagreedy.io.github.project_travel_mate.utilities.UpcomingWeekendsActivity, 
08-03 19:06:50.645 32638 32638 D Nappa   : setCurrentActivity - MetricStrategyAccuracy - 
08-03 19:06:50.645 32638 32638 D Nappa   : madePredictionFromExtra = false, 
08-03 19:06:50.645 32638 32638 D Nappa   : fromActivity = nappagreedy.io.github.project_travel_mate.MainActivity, 
08-03 19:06:50.645 32638 32638 D Nappa   : predictedNextActivityFromExtra = [], 
08-03 19:06:50.645 32638 32638 D Nappa   : activity.getClass().getCanonicalName() = nappagreedy.io.github.project_travel_mate.utilities.UpcomingWeekendsActivity, 
08-03 19:06:50.645 32638 32638 D Nappa   : PREFETCH_ON_EXTRA - setCurrentActivity - logs - from activity - made prediction isfalse
08-03 19:06:50.646 32638  2986 D Nappa   : F1_SCORE add_intercept_url - (already in) - https://project-travel-mate.herokuapp.com/api/get-upcoming-holidays/2020
08-03 19:06:50.646 32638  2986 D Nappa   : F1_SCORE add_fn_url - (already in) - https://project-travel-mate.herokuapp.com/api/get-upcoming-holidays/2020
08-03 19:06:50.646 32638  2986 D Nappa   : -------------F1_SCORE #48 -----------
08-03 19:06:50.646 32638  2986 D Nappa   : F1_SCORE - Intercept list (9)= [https://project-travel-mate.herokuapp.com/api/get-user, https://project-travel-mate.herokuapp.com/api/get-all-cities/10, https://project-travel-mate.herokuapp.com/api/number-of-unread-notifications, https://project-travel-mate.herokuapp.com/api/get-city-weather/1, https://project-travel-mate.herokuapp.com/api/get-city/1, https://project-travel-mate.herokuapp.com/api/get-city-information/1, https://project-travel-mate.herokuapp.com/api/get-city-facts/1, https://project-travel-mate.herokuapp.com/api/get-city-images/1, https://project-travel-mate.herokuapp.com/api/get-upcoming-holidays/2020]
08-03 19:06:50.646 32638  2986 D Nappa   : F1_SCORE - Prefetch list (0)= []
08-03 19:06:50.648 32638  2986 D Nappa   : F1_SCORE - TP list (0)= []
08-03 19:06:50.648 32638  2986 D Nappa   : F1_SCORE - FN list (9)= [https://project-travel-mate.herokuapp.com/api/get-user, https://project-travel-mate.herokuapp.com/api/get-all-cities/10, https://project-travel-mate.herokuapp.com/api/number-of-unread-notifications, https://project-travel-mate.herokuapp.com/api/get-city-weather/1, https://project-travel-mate.herokuapp.com/api/get-city/1, https://project-travel-mate.herokuapp.com/api/get-city-information/1, https://project-travel-mate.herokuapp.com/api/get-city-facts/1, https://project-travel-mate.herokuapp.com/api/get-city-images/1, https://project-travel-mate.herokuapp.com/api/get-upcoming-holidays/2020]
08-03 19:06:50.744 32638 32655 D Nappa   : registerActivity: (already in) nappagreedy.io.github.project_travel_mate.MainActivity
08-03 19:06:50.744 32638 32655 D Nappa   : PARENTS 
08-03 19:06:50.744 32638 32655 D Nappa   : Of: nappagreedy.io.github.project_travel_mate.MainActivity -> 
08-03 19:06:50.744 32638 32655 D Nappa   : PARENTS nappagreedy.io.github.project_travel_mate.SplashActivity
08-03 19:06:50.746 32638 32638 D Nappa   : registerActivity: (already in) nappagreedy.io.github.project_travel_mate.utilities.UpcomingWeekendsActivity
08-03 19:06:50.746 32638 32638 D Nappa   : SHOULD_PREFETCH true
08-03 19:06:50.844 32638 32655 D Nappa   : registerActivity: (already in) nappagreedy.io.github.project_travel_mate.utilities.UpcomingWeekendsActivity
08-03 19:06:50.845 32638 32655 D Nappa   : PARENTS 
08-03 19:06:50.845 32638 32655 D Nappa   : Of: nappagreedy.io.github.project_travel_mate.utilities.UpcomingWeekendsActivity -> 
08-03 19:06:50.845 32638 32655 D Nappa   : PARENTS nappagreedy.io.github.project_travel_mate.MainActivity
08-03 19:06:50.845 32638 32655 D Nappa   : PARENTS has extra: (cityobject_, objects.City@d7a9ae7)
08-03 19:06:50.845 32638 32655 D Nappa   : PARENTS nappagreedy.io.github.project_travel_mate.SplashActivity
08-03 19:06:50.846 32638 32638 D Nappa   : registerActivity: (already in) nappagreedy.io.github.project_travel_mate.utilities.UpcomingWeekendsActivity
08-03 19:06:50.847 32638 32638 D Nappa   : STATS Number of requests not prefetched: 10
08-03 19:06:50.847 32638 32638 D Nappa   : STATS Number of requests prefetched: 24
08-03 19:06:50.847 32638 32638 D Nappa   : STATS Time saved until now: 1.9999996
08-03 19:06:51.046 32638 32655 D Nappa   : PREFETCH_ON_EXTRA - setCurrentActivity - logs - from extra - made prediction isfalse
08-03 19:06:51.347 32638 32655 D Nappa   : PREFETCH_ON_EXTRA - setCurrentActivity - starting new prediction
08-03 19:06:51.347 32638 32655 D Nappa   : Current node - currentActivityName - nappagreedy.io.github.project_travel_mate.utilities.UpcomingWeekendsActivity
08-03 19:06:51.347 32638 32655 D Nappa   : Current node - activityGraph.getCurrent() - nappagreedy.io.github.project_travel_mate.utilities.UpcomingWeekendsActivity
08-03 19:06:51.348 32638 32655 D Nappa   : PREFETCH_ON_EXTRA - setCurrentActivity - finished new prediction
08-03 19:06:55.626 32638 32638 D Nappa   : Stayed on nappagreedy.io.github.project_travel_mate.utilities.UpcomingWeekendsActivity for 4779 ms
08-03 19:06:55.633 32638 32638 D Nappa   : setCurrentActivity - MetricStrategyAccuracy - 
08-03 19:06:55.633 32638 32638 D Nappa   : madePredictionFromActivity = true, 
08-03 19:06:55.633 32638 32638 D Nappa   : fromActivity = nappagreedy.io.github.project_travel_mate.utilities.UpcomingWeekendsActivity, 
08-03 19:06:55.633 32638 32638 D Nappa   : predictedNextActivityFromActivity = [], 
08-03 19:06:55.633 32638 32638 D Nappa   : activity.getClass().getCanonicalName() = nappagreedy.io.github.project_travel_mate.MainActivity, 
08-03 19:06:55.633 32638 32638 D Nappa   : setCurrentActivity - MetricStrategyAccuracy - 
08-03 19:06:55.633 32638 32638 D Nappa   : madePredictionFromExtra = false, 
08-03 19:06:55.633 32638 32638 D Nappa   : fromActivity = nappagreedy.io.github.project_travel_mate.utilities.UpcomingWeekendsActivity, 
08-03 19:06:55.633 32638 32638 D Nappa   : predictedNextActivityFromExtra = [], 
08-03 19:06:55.633 32638 32638 D Nappa   : activity.getClass().getCanonicalName() = nappagreedy.io.github.project_travel_mate.MainActivity, 
08-03 19:06:55.633 32638 32638 D Nappa   : PREFETCH_ON_EXTRA - setCurrentActivity - logs - from activity - made prediction istrue
08-03 19:06:55.633 32638 32638 D Nappa   : PREFETCH_ON_EXTRA - setCurrentActivity - logs - from activity - start
08-03 19:06:55.633 32638 32638 D Nappa   : PREFETCH_ON_EXTRA - setCurrentActivity - logs - from activity- finished
08-03 19:06:55.734 32638 32638 D Nappa   : registerActivity: (already in) nappagreedy.io.github.project_travel_mate.MainActivity
08-03 19:06:55.734 32638 32638 D Nappa   : SHOULD_PREFETCH false
08-03 19:06:55.734 32638 32638 D Nappa   : STATS Number of requests not prefetched: 10
08-03 19:06:55.734 32638 32638 D Nappa   : STATS Number of requests prefetched: 24
08-03 19:06:55.734 32638 32638 D Nappa   : STATS Time saved until now: 1.9999996
08-03 19:06:55.739 32638 32638 D Nappa   : TAG okHttpClient initialized
08-03 19:06:55.742 32638  3063 D Nappa   : F1_SCORE add_intercept_url - (already in) - https://project-travel-mate.herokuapp.com/api/number-of-unread-notifications
08-03 19:06:55.742 32638  3063 D Nappa   : F1_SCORE add_fn_url - (already in) - https://project-travel-mate.herokuapp.com/api/number-of-unread-notifications
08-03 19:06:55.742 32638  3063 D Nappa   : -------------F1_SCORE #49 -----------
08-03 19:06:55.742 32638  3063 D Nappa   : F1_SCORE - Intercept list (9)= [https://project-travel-mate.herokuapp.com/api/get-user, https://project-travel-mate.herokuapp.com/api/get-all-cities/10, https://project-travel-mate.herokuapp.com/api/number-of-unread-notifications, https://project-travel-mate.herokuapp.com/api/get-city-weather/1, https://project-travel-mate.herokuapp.com/api/get-city/1, https://project-travel-mate.herokuapp.com/api/get-city-information/1, https://project-travel-mate.herokuapp.com/api/get-city-facts/1, https://project-travel-mate.herokuapp.com/api/get-city-images/1, https://project-travel-mate.herokuapp.com/api/get-upcoming-holidays/2020]
08-03 19:06:55.743 32638  3063 D Nappa   : F1_SCORE - Prefetch list (0)= []
08-03 19:06:55.743 32638  3063 D Nappa   : F1_SCORE - TP list (0)= []
08-03 19:06:55.743 32638  3063 D Nappa   : F1_SCORE - FN list (9)= [https://project-travel-mate.herokuapp.com/api/get-user, https://project-travel-mate.herokuapp.com/api/get-all-cities/10, https://project-travel-mate.herokuapp.com/api/number-of-unread-notifications, https://project-travel-mate.herokuapp.com/api/get-city-weather/1, https://project-travel-mate.herokuapp.com/api/get-city/1, https://project-travel-mate.herokuapp.com/api/get-city-information/1, https://project-travel-mate.herokuapp.com/api/get-city-facts/1, https://project-travel-mate.herokuapp.com/api/get-city-images/1, https://project-travel-mate.herokuapp.com/api/get-upcoming-holidays/2020]
08-03 19:06:55.842 32638 32655 D Nappa   : registerActivity: (already in) nappagreedy.io.github.project_travel_mate.MainActivity
08-03 19:06:55.843 32638 32655 D Nappa   : PARENTS 
08-03 19:06:55.843 32638 32655 D Nappa   : Of: nappagreedy.io.github.project_travel_mate.MainActivity -> 
08-03 19:06:55.843 32638 32655 D Nappa   : PARENTS nappagreedy.io.github.project_travel_mate.SplashActivity
08-03 19:06:56.034 32638 32655 D Nappa   : PREFETCH_ON_EXTRA - setCurrentActivity - logs - from extra - made prediction isfalse
08-03 19:07:02.667 32638 32638 D Nappa   : TAG okHttpClient initialized
08-03 19:07:02.669 32638  3207 D Nappa   : F1_SCORE add_intercept_url - (already in) - https://project-travel-mate.herokuapp.com/api/number-of-unread-notifications
08-03 19:07:02.670 32638  3207 D Nappa   : F1_SCORE add_fn_url - (already in) - https://project-travel-mate.herokuapp.com/api/number-of-unread-notifications
08-03 19:07:02.670 32638  3207 D Nappa   : -------------F1_SCORE #51 -----------
08-03 19:07:02.670 32638  3207 D Nappa   : F1_SCORE - Intercept list (9)= [https://project-travel-mate.herokuapp.com/api/get-user, https://project-travel-mate.herokuapp.com/api/get-all-cities/10, https://project-travel-mate.herokuapp.com/api/number-of-unread-notifications, https://project-travel-mate.herokuapp.com/api/get-city-weather/1, https://project-travel-mate.herokuapp.com/api/get-city/1, https://project-travel-mate.herokuapp.com/api/get-city-information/1, https://project-travel-mate.herokuapp.com/api/get-city-facts/1, https://project-travel-mate.herokuapp.com/api/get-city-images/1, https://project-travel-mate.herokuapp.com/api/get-upcoming-holidays/2020]
08-03 19:07:02.670 32638  3207 D Nappa   : F1_SCORE - Prefetch list (0)= []
08-03 19:07:02.670 32638  3207 D Nappa   : F1_SCORE - TP list (0)= []
08-03 19:07:02.670 32638  3207 D Nappa   : F1_SCORE - FN list (9)= [https://project-travel-mate.herokuapp.com/api/get-user, https://project-travel-mate.herokuapp.com/api/get-all-cities/10, https://project-travel-mate.herokuapp.com/api/number-of-unread-notifications, https://project-travel-mate.herokuapp.com/api/get-city-weather/1, https://project-travel-mate.herokuapp.com/api/get-city/1, https://project-travel-mate.herokuapp.com/api/get-city-information/1, https://project-travel-mate.herokuapp.com/api/get-city-facts/1, https://project-travel-mate.herokuapp.com/api/get-city-images/1, https://project-travel-mate.herokuapp.com/api/get-upcoming-holidays/2020]
08-03 19:07:02.770 32638 32655 D Nappa   : registerActivity: (already in) nappagreedy.io.github.project_travel_mate.MainActivity
08-03 19:07:02.770 32638 32655 D Nappa   : PARENTS 
08-03 19:07:02.770 32638 32655 D Nappa   : Of: nappagreedy.io.github.project_travel_mate.MainActivity -> 
08-03 19:07:02.770 32638 32655 D Nappa   : PARENTS nappagreedy.io.github.project_travel_mate.SplashActivity
