08-04 21:50:15.212 13929 13943 I art     : Starting a blocking GC Explicit
08-04 21:50:15.232 13929 13943 I art     : Explicit concurrent mark sweep GC freed 3250(174KB) AllocSpace objects, 4(112KB) LOS objects, 37% free, 27MB/43MB, paused 300us total 20.001ms
08-04 21:50:15.240 13929 13943 I art     : Starting a blocking GC Explicit
08-04 21:50:15.260 13929 13943 I art     : Explicit concurrent mark sweep GC freed 3(96B) AllocSpace objects, 0(0B) LOS objects, 37% free, 27MB/43MB, paused 303us total 19.893ms
08-04 21:50:15.268 13929 13943 I art     : Starting a blocking GC Explicit
08-04 21:50:15.288 13929 13943 I art     : Explicit concurrent mark sweep GC freed 3(96B) AllocSpace objects, 0(0B) LOS objects, 37% free, 27MB/43MB, paused 292us total 20.220ms
08-04 21:50:15.296 13929 13943 I art     : Starting a blocking GC Explicit
08-04 21:50:15.315 13929 13943 I art     : Explicit concurrent mark sweep GC freed 3(96B) AllocSpace objects, 0(0B) LOS objects, 37% free, 27MB/43MB, paused 304us total 18.696ms
08-04 21:50:15.609 13929 14038 I art     : Starting a blocking GC Explicit
08-04 21:50:15.637 13929 14038 I art     : Explicit concurrent mark sweep GC freed 1536(91KB) AllocSpace objects, 1(20KB) LOS objects, 37% free, 27MB/43MB, paused 330us total 27.279ms
08-04 21:50:15.647 13929 14038 I art     : Starting a blocking GC Explicit
08-04 21:50:15.667 13929 14038 I art     : Explicit concurrent mark sweep GC freed 32(1040B) AllocSpace objects, 0(0B) LOS objects, 37% free, 27MB/43MB, paused 324us total 20.265ms
08-04 21:50:15.675 13929 14038 I art     : Starting a blocking GC Explicit
08-04 21:50:15.695 13929 14038 I art     : Explicit concurrent mark sweep GC freed 3(96B) AllocSpace objects, 0(0B) LOS objects, 37% free, 27MB/43MB, paused 288us total 19.555ms
08-04 21:50:15.702 13929 14038 I art     : Starting a blocking GC Explicit
08-04 21:50:15.722 13929 14038 I art     : Explicit concurrent mark sweep GC freed 3(96B) AllocSpace objects, 0(0B) LOS objects, 37% free, 27MB/43MB, paused 366us total 19.875ms
08-04 21:50:15.730 13929 14038 I art     : Starting a blocking GC Explicit
08-04 21:50:15.750 13929 14038 I art     : Explicit concurrent mark sweep GC freed 3(96B) AllocSpace objects, 0(0B) LOS objects, 37% free, 27MB/43MB, paused 309us total 19.450ms
08-04 21:50:16.047 13929 13942 I art     : Starting a blocking GC Explicit
08-04 21:50:16.069 13929 13942 I art     : Explicit concurrent mark sweep GC freed 1534(91KB) AllocSpace objects, 1(20KB) LOS objects, 37% free, 27MB/43MB, paused 308us total 21.879ms
08-04 21:50:16.077 13929 13942 I art     : Starting a blocking GC Explicit
08-04 21:50:16.097 13929 13942 I art     : Explicit concurrent mark sweep GC freed 32(1040B) AllocSpace objects, 0(0B) LOS objects, 37% free, 27MB/43MB, paused 339us total 19.840ms
08-04 21:50:16.105 13929 13942 I art     : Starting a blocking GC Explicit
08-04 21:50:16.125 13929 13942 I art     : Explicit concurrent mark sweep GC freed 3(96B) AllocSpace objects, 0(0B) LOS objects, 37% free, 27MB/43MB, paused 290us total 19.896ms
08-04 21:50:16.133 13929 13942 I art     : Starting a blocking GC Explicit
08-04 21:50:16.153 13929 13942 I art     : Explicit concurrent mark sweep GC freed 7(256B) AllocSpace objects, 0(0B) LOS objects, 37% free, 27MB/43MB, paused 306us total 19.962ms
08-04 21:50:16.161 13929 13942 I art     : Starting a blocking GC Explicit
08-04 21:50:16.180 13929 13942 I art     : Explicit concurrent mark sweep GC freed 10(480B) AllocSpace objects, 0(0B) LOS objects, 37% free, 27MB/43MB, paused 296us total 19.199ms
08-04 21:50:16.482 13929 13943 I art     : Starting a blocking GC Explicit
08-04 21:50:16.506 13929 13943 I art     : Explicit concurrent mark sweep GC freed 1544(91KB) AllocSpace objects, 1(20KB) LOS objects, 37% free, 27MB/43MB, paused 333us total 23.044ms
08-04 21:50:16.518 13929 13943 I art     : Starting a blocking GC Explicit
08-04 21:50:16.537 13929 13943 I art     : Explicit concurrent mark sweep GC freed 32(1040B) AllocSpace objects, 0(0B) LOS objects, 37% free, 27MB/43MB, paused 416us total 19.147ms
08-04 21:50:16.544 13929 13943 I art     : Starting a blocking GC Explicit
08-04 21:50:16.564 13929 13943 I art     : Explicit concurrent mark sweep GC freed 3(96B) AllocSpace objects, 0(0B) LOS objects, 37% free, 27MB/43MB, paused 289us total 19.211ms
08-04 21:50:16.571 13929 13943 I art     : Starting a blocking GC Explicit
08-04 21:50:16.590 13929 13943 I art     : Explicit concurrent mark sweep GC freed 3(96B) AllocSpace objects, 0(0B) LOS objects, 37% free, 27MB/43MB, paused 289us total 19.069ms
08-04 21:50:16.597 13929 13943 I art     : Starting a blocking GC Explicit
08-04 21:50:16.617 13929 13943 I art     : Explicit concurrent mark sweep GC freed 3(96B) AllocSpace objects, 0(0B) LOS objects, 37% free, 27MB/43MB, paused 355us total 19.179ms
08-04 21:50:16.946 13929 14038 I art     : Starting a blocking GC Explicit
08-04 21:50:16.975 13929 14038 I art     : Explicit concurrent mark sweep GC freed 1538(91KB) AllocSpace objects, 1(20KB) LOS objects, 37% free, 27MB/43MB, paused 349us total 28.339ms
08-04 21:50:16.988 13929 14038 I art     : Starting a blocking GC Explicit
08-04 21:50:17.007 13929 14038 I art     : Explicit concurrent mark sweep GC freed 32(1040B) AllocSpace objects, 0(0B) LOS objects, 37% free, 27MB/43MB, paused 293us total 18.787ms
08-04 21:50:17.014 13929 14038 I art     : Starting a blocking GC Explicit
08-04 21:50:17.033 13929 14038 I art     : Explicit concurrent mark sweep GC freed 3(96B) AllocSpace objects, 0(0B) LOS objects, 37% free, 27MB/43MB, paused 294us total 19.252ms
08-04 21:50:17.041 13929 14038 I art     : Starting a blocking GC Explicit
08-04 21:50:17.060 13929 14038 I art     : Explicit concurrent mark sweep GC freed 3(96B) AllocSpace objects, 0(0B) LOS objects, 37% free, 27MB/43MB, paused 300us total 18.993ms
08-04 21:50:17.067 13929 14038 I art     : Starting a blocking GC Explicit
08-04 21:50:17.087 13929 14038 I art     : Explicit concurrent mark sweep GC freed 3(96B) AllocSpace objects, 0(0B) LOS objects, 37% free, 27MB/43MB, paused 401us total 19.264ms
08-04 21:50:17.394 13929 13942 I art     : Starting a blocking GC Explicit
08-04 21:50:17.421 13929 13942 I art     : Explicit concurrent mark sweep GC freed 1537(91KB) AllocSpace objects, 1(20KB) LOS objects, 37% free, 27MB/43MB, paused 329us total 26.569ms
08-04 21:50:17.432 13929 13942 I art     : Starting a blocking GC Explicit
08-04 21:50:17.454 13929 13942 I art     : Explicit concurrent mark sweep GC freed 32(1040B) AllocSpace objects, 0(0B) LOS objects, 37% free, 27MB/43MB, paused 283us total 21.716ms
08-04 21:50:17.462 13929 13942 I art     : Starting a blocking GC Explicit
08-04 21:50:17.482 13929 13942 I art     : Explicit concurrent mark sweep GC freed 3(96B) AllocSpace objects, 0(0B) LOS objects, 37% free, 27MB/43MB, paused 276us total 19.762ms
08-04 21:50:17.490 13929 13942 I art     : Starting a blocking GC Explicit
08-04 21:50:17.509 13929 13942 I art     : Explicit concurrent mark sweep GC freed 3(96B) AllocSpace objects, 0(0B) LOS objects, 37% free, 27MB/43MB, paused 294us total 18.645ms
08-04 21:50:17.516 13929 13942 I art     : Starting a blocking GC Explicit
08-04 21:50:17.535 13929 13942 I art     : Explicit concurrent mark sweep GC freed 3(96B) AllocSpace objects, 0(0B) LOS objects, 37% free, 27MB/43MB, paused 291us total 18.923ms
08-04 21:50:17.861 13929 13943 I art     : Starting a blocking GC Explicit
08-04 21:50:17.890 13929 13943 I art     : Explicit concurrent mark sweep GC freed 1537(91KB) AllocSpace objects, 1(20KB) LOS objects, 37% free, 27MB/43MB, paused 323us total 28.032ms
08-04 21:50:17.901 13929 13943 I art     : Starting a blocking GC Explicit
08-04 21:50:17.920 13929 13943 I art     : Explicit concurrent mark sweep GC freed 32(1040B) AllocSpace objects, 0(0B) LOS objects, 37% free, 27MB/43MB, paused 293us total 19.147ms
08-04 21:50:17.928 13929 13943 I art     : Starting a blocking GC Explicit
08-04 21:50:17.946 13929 13943 I art     : Explicit concurrent mark sweep GC freed 3(96B) AllocSpace objects, 0(0B) LOS objects, 37% free, 27MB/43MB, paused 279us total 17.568ms
08-04 21:50:17.953 13929 13943 I art     : Starting a blocking GC Explicit
08-04 21:50:17.972 13929 13943 I art     : Explicit concurrent mark sweep GC freed 3(96B) AllocSpace objects, 0(0B) LOS objects, 37% free, 27MB/43MB, paused 294us total 18.364ms
08-04 21:50:17.979 13929 13943 I art     : Starting a blocking GC Explicit
08-04 21:50:17.998 13929 13943 I art     : Explicit concurrent mark sweep GC freed 3(96B) AllocSpace objects, 0(0B) LOS objects, 37% free, 27MB/43MB, paused 277us total 18.875ms
08-04 21:50:18.137 13866 13882 I PeriodicStatsRunner: PeriodicStatsRunner.call():175 call()
08-04 21:50:18.137 13866 13882 I PeriodicStatsRunner: PeriodicStatsRunner.call():179 No submit PeriodicStats since input started.
08-04 21:50:18.325 13929 14038 I art     : Starting a blocking GC Explicit
08-04 21:50:18.355 13929 14038 I art     : Explicit concurrent mark sweep GC freed 1537(91KB) AllocSpace objects, 1(20KB) LOS objects, 37% free, 27MB/43MB, paused 301us total 29.854ms
08-04 21:50:18.365 13929 14038 I art     : Starting a blocking GC Explicit
08-04 21:50:18.385 13929 14038 I art     : Explicit concurrent mark sweep GC freed 32(1040B) AllocSpace objects, 0(0B) LOS objects, 37% free, 27MB/43MB, paused 300us total 19.574ms
08-04 21:50:18.393 13929 14038 I art     : Starting a blocking GC Explicit
08-04 21:50:18.412 13929 14038 I art     : Explicit concurrent mark sweep GC freed 3(96B) AllocSpace objects, 0(0B) LOS objects, 37% free, 27MB/43MB, paused 297us total 19.261ms
08-04 21:50:18.420 13929 14038 I art     : Starting a blocking GC Explicit
08-04 21:50:18.440 13929 14038 I art     : Explicit concurrent mark sweep GC freed 3(96B) AllocSpace objects, 0(0B) LOS objects, 37% free, 27MB/43MB, paused 295us total 19.771ms
08-04 21:50:18.447 13929 14038 I art     : Starting a blocking GC Explicit
08-04 21:50:18.467 13929 14038 I art     : Explicit concurrent mark sweep GC freed 3(96B) AllocSpace objects, 0(0B) LOS objects, 37% free, 27MB/43MB, paused 360us total 19.352ms
08-04 21:50:18.782 13929 13942 I art     : Starting a blocking GC Explicit
08-04 21:50:18.809 13929 13942 I art     : Explicit concurrent mark sweep GC freed 1536(91KB) AllocSpace objects, 1(20KB) LOS objects, 37% free, 27MB/43MB, paused 304us total 26.856ms
08-04 21:50:18.819 13929 13942 I art     : Starting a blocking GC Explicit
08-04 21:50:18.839 13929 13942 I art     : Explicit concurrent mark sweep GC freed 32(1040B) AllocSpace objects, 0(0B) LOS objects, 37% free, 27MB/43MB, paused 268us total 19.595ms
08-04 21:50:18.847 13929 13942 I art     : Starting a blocking GC Explicit
08-04 21:50:18.864 13929 13942 I art     : Explicit concurrent mark sweep GC freed 3(96B) AllocSpace objects, 0(0B) LOS objects, 37% free, 27MB/43MB, paused 259us total 17.035ms
08-04 21:50:18.872 13929 13942 I art     : Starting a blocking GC Explicit
08-04 21:50:18.888 13929 13942 I art     : Explicit concurrent mark sweep GC freed 3(96B) AllocSpace objects, 0(0B) LOS objects, 37% free, 27MB/43MB, paused 256us total 15.766ms
08-04 21:50:18.894 13929 13942 I art     : Starting a blocking GC Explicit
08-04 21:50:18.909 13929 13942 I art     : Explicit concurrent mark sweep GC freed 3(96B) AllocSpace objects, 0(0B) LOS objects, 37% free, 27MB/43MB, paused 251us total 15.005ms
08-04 21:50:19.171 13929 13943 I art     : Starting a blocking GC Explicit
08-04 21:50:19.192 13929 13943 I art     : Explicit concurrent mark sweep GC freed 1536(91KB) AllocSpace objects, 1(20KB) LOS objects, 37% free, 27MB/43MB, paused 278us total 20.949ms
08-04 21:50:19.200 13929 13943 I art     : Starting a blocking GC Explicit
08-04 21:50:19.219 13929 13943 I art     : Explicit concurrent mark sweep GC freed 32(1040B) AllocSpace objects, 0(0B) LOS objects, 37% free, 27MB/43MB, paused 290us total 18.297ms
08-04 21:50:19.225 13929 13943 I art     : Starting a blocking GC Explicit
08-04 21:50:19.242 13929 13943 I art     : Explicit concurrent mark sweep GC freed 3(96B) AllocSpace objects, 0(0B) LOS objects, 37% free, 27MB/43MB, paused 275us total 16.412ms
08-04 21:50:19.248 13929 13943 I art     : Starting a blocking GC Explicit
08-04 21:50:19.265 13929 13943 I art     : Explicit concurrent mark sweep GC freed 3(96B) AllocSpace objects, 0(0B) LOS objects, 37% free, 27MB/43MB, paused 287us total 17.091ms
08-04 21:50:19.272 13929 13943 I art     : Starting a blocking GC Explicit
08-04 21:50:19.289 13929 13943 I art     : Explicit concurrent mark sweep GC freed 3(96B) AllocSpace objects, 0(0B) LOS objects, 37% free, 27MB/43MB, paused 280us total 17.072ms
08-04 21:50:19.491 14156 14156 D AndroidRuntime: >>>>>> START com.android.internal.os.RuntimeInit uid 2000 <<<<<<
08-04 21:50:19.495 14156 14156 D AndroidRuntime: CheckJNI is OFF
08-04 21:50:19.520 14156 14156 D ICU     : No timezone override file found: /data/misc/zoneinfo/current/icu/icu_tzdata.dat
08-04 21:50:19.544 14156 14156 I Radio-JNI: register_android_hardware_Radio DONE
08-04 21:50:19.560 14156 14156 D AndroidRuntime: Calling main entry com.android.commands.input.Input
08-04 21:50:19.561 14156 14156 I Input   : injectMotionEvent: MotionEvent { action=ACTION_DOWN, actionButton=0, id[0]=0, x[0]=90.0, y[0]=192.0, toolType[0]=TOOL_TYPE_UNKNOWN, buttonState=0, metaState=0, flags=0x0, edgeFlags=0x0, pointerCount=1, historySize=0, eventTime=741035974, downTime=741035974, deviceId=0, source=0x1002 }
08-04 21:50:19.566 14156 14156 I Input   : injectMotionEvent: MotionEvent { action=ACTION_UP, actionButton=0, id[0]=0, x[0]=90.0, y[0]=192.0, toolType[0]=TOOL_TYPE_UNKNOWN, buttonState=0, metaState=0, flags=0x0, edgeFlags=0x0, pointerCount=1, historySize=0, eventTime=741035974, downTime=741035974, deviceId=0, source=0x1002 }
08-04 21:50:19.568 14156 14156 D AndroidRuntime: Shutting down VM
08-04 21:50:19.580   512  2967 D audio_hw_primary: out_set_parameters: enter: usecase(1: low-latency-playback) kvpairs: routing=2
08-04 21:50:19.593   512  2967 D audio_hw_primary: select_devices: out_snd_device(2: speaker) in_snd_device(0: none)
08-04 21:50:19.593   512  2967 D msm8974_platform: platform_send_audio_calibration: sending audio calibration for snd_device(2) acdb_id(15)
08-04 21:50:19.593   512  2967 I soundtrigger: audio_extn_sound_trigger_update_device_status: device 0x2 of type 0 for Event 1
08-04 21:50:19.598 13929 13942 I art     : Starting a blocking GC Explicit
08-04 21:50:19.604   512  2967 D audio_hw_primary: enable_snd_device: snd_device(2: speaker)
08-04 21:50:19.606   512  2967 D audio_hw_primary: enable_audio_route: apply and update mixer path: low-latency-playback speaker
08-04 21:50:19.618 13929 13942 I art     : Explicit concurrent mark sweep GC freed 1597(93KB) AllocSpace objects, 1(20KB) LOS objects, 36% free, 27MB/43MB, paused 413us total 19.885ms
08-04 21:50:19.625 13929 13942 I art     : Starting a blocking GC Explicit
08-04 21:50:19.644 13929 13942 I art     : Explicit concurrent mark sweep GC freed 60(2048B) AllocSpace objects, 0(0B) LOS objects, 36% free, 27MB/43MB, paused 327us total 18.754ms
08-04 21:50:19.651 13929 13942 I art     : Starting a blocking GC Explicit
08-04 21:50:19.667 13929 13942 I art     : Explicit concurrent mark sweep GC freed 377(19KB) AllocSpace objects, 0(0B) LOS objects, 36% free, 27MB/43MB, paused 280us total 16.696ms
08-04 21:50:19.674 13929 13942 I art     : Starting a blocking GC Explicit
08-04 21:50:19.692 13929 13942 I art     : Explicit concurrent mark sweep GC freed 7(384B) AllocSpace objects, 0(0B) LOS objects, 36% free, 27MB/43MB, paused 288us total 17.366ms
08-04 21:50:19.699 13929 13942 I art     : Starting a blocking GC Explicit
08-04 21:50:19.717 13929 13942 I art     : Explicit concurrent mark sweep GC freed 3(96B) AllocSpace objects, 0(0B) LOS objects, 36% free, 27MB/43MB, paused 352us total 17.412ms
08-04 21:50:19.946 13929 14038 I art     : Starting a blocking GC Explicit
08-04 21:50:19.965 13929 14038 I art     : Explicit concurrent mark sweep GC freed 1537(91KB) AllocSpace objects, 1(20KB) LOS objects, 36% free, 27MB/43MB, paused 293us total 18.902ms
08-04 21:50:19.972 13929 14038 I art     : Starting a blocking GC Explicit
08-04 21:50:19.991 13929 14038 I art     : Explicit concurrent mark sweep GC freed 40(1296B) AllocSpace objects, 0(0B) LOS objects, 36% free, 27MB/43MB, paused 311us total 18.454ms
08-04 21:50:19.999 13929 14038 I art     : Starting a blocking GC Explicit
08-04 21:50:20.018 13929 14038 I art     : Explicit concurrent mark sweep GC freed 6(224B) AllocSpace objects, 0(0B) LOS objects, 36% free, 27MB/43MB, paused 281us total 18.655ms
08-04 21:50:20.025 13929 14038 I art     : Starting a blocking GC Explicit
08-04 21:50:20.043 13929 14038 I art     : Explicit concurrent mark sweep GC freed 5(160B) AllocSpace objects, 0(0B) LOS objects, 36% free, 27MB/43MB, paused 314us total 17.601ms
08-04 21:50:20.050 13929 14038 I art     : Starting a blocking GC Explicit
08-04 21:50:20.068 13929 14038 I art     : Explicit concurrent mark sweep GC freed 3(96B) AllocSpace objects, 0(0B) LOS objects, 36% free, 27MB/43MB, paused 294us total 17.845ms
08-04 21:50:20.119 14180 14180 D AndroidRuntime: >>>>>> START com.android.internal.os.RuntimeInit uid 2000 <<<<<<
08-04 21:50:20.123 14180 14180 D AndroidRuntime: CheckJNI is OFF
08-04 21:50:20.147 14180 14180 D ICU     : No timezone override file found: /data/misc/zoneinfo/current/icu/icu_tzdata.dat
08-04 21:50:20.148   512  2967 D audio_hw_primary: disable_audio_route: reset and update mixer path: low-latency-playback speaker
08-04 21:50:20.149   512  2967 D audio_hw_primary: disable_snd_device: snd_device(2: speaker)
08-04 21:50:20.157   512  2967 I soundtrigger: audio_extn_sound_trigger_update_device_status: device 0x2 of type 0 for Event 0
08-04 21:50:20.172 14180 14180 I Radio-JNI: register_android_hardware_Radio DONE
08-04 21:50:20.188 14180 14180 D AndroidRuntime: Calling main entry com.android.commands.input.Input
08-04 21:50:20.189 14180 14180 I Input   : injectMotionEvent: MotionEvent { action=ACTION_DOWN, actionButton=0, id[0]=0, x[0]=432.0, y[0]=858.0, toolType[0]=TOOL_TYPE_UNKNOWN, buttonState=0, metaState=0, flags=0x0, edgeFlags=0x0, pointerCount=1, historySize=0, eventTime=741036602, downTime=741036602, deviceId=0, source=0x1002 }
08-04 21:50:20.197 14180 14180 I Input   : injectMotionEvent: MotionEvent { action=ACTION_UP, actionButton=0, id[0]=0, x[0]=432.0, y[0]=858.0, toolType[0]=TOOL_TYPE_UNKNOWN, buttonState=0, metaState=0, flags=0x0, edgeFlags=0x0, pointerCount=1, historySize=0, eventTime=741036602, downTime=741036602, deviceId=0, source=0x1002 }
08-04 21:50:20.199 14180 14180 D AndroidRuntime: Shutting down VM
08-04 21:50:20.218   512  2967 D audio_hw_primary: out_set_parameters: enter: usecase(1: low-latency-playback) kvpairs: routing=2
08-04 21:50:20.231   512  2967 D audio_hw_primary: select_devices: out_snd_device(2: speaker) in_snd_device(0: none)
08-04 21:50:20.231   512  2967 D msm8974_platform: platform_send_audio_calibration: sending audio calibration for snd_device(2) acdb_id(15)
08-04 21:50:20.231   512  2967 I soundtrigger: audio_extn_sound_trigger_update_device_status: device 0x2 of type 0 for Event 1
08-04 21:50:20.241   512  2967 D audio_hw_primary: enable_snd_device: snd_device(2: speaker)
08-04 21:50:20.244   512  2967 D audio_hw_primary: enable_audio_route: apply and update mixer path: low-latency-playback speaker
08-04 21:50:20.291   512  2967 D AudioFlinger: mixer(0xf4740000) throttle end: throttle time(12)
08-04 21:50:20.332 13929 13942 I art     : Starting a blocking GC Explicit
08-04 21:50:20.362 13929 13942 I art     : Explicit concurrent mark sweep GC freed 1851(108KB) AllocSpace objects, 1(20KB) LOS objects, 36% free, 27MB/43MB, paused 540us total 29.267ms
08-04 21:50:20.370 13929 13942 I art     : Starting a blocking GC Explicit
08-04 21:50:20.391 13929 13942 I art     : Explicit concurrent mark sweep GC freed 46(1648B) AllocSpace objects, 0(0B) LOS objects, 36% free, 27MB/43MB, paused 310us total 20.499ms
08-04 21:50:20.399 13929 13942 I art     : Starting a blocking GC Explicit
08-04 21:50:20.417 13929 13942 I art     : Explicit concurrent mark sweep GC freed 3(96B) AllocSpace objects, 0(0B) LOS objects, 36% free, 27MB/43MB, paused 359us total 18.486ms
08-04 21:50:20.424 13929 13942 I art     : Starting a blocking GC Explicit
08-04 21:50:20.442 13929 13942 I art     : Explicit concurrent mark sweep GC freed 5(160B) AllocSpace objects, 0(0B) LOS objects, 36% free, 27MB/43MB, paused 298us total 17.533ms
08-04 21:50:20.449 13929 13942 I art     : Starting a blocking GC Explicit
08-04 21:50:20.467 13929 13942 I art     : Explicit concurrent mark sweep GC freed 3(96B) AllocSpace objects, 0(0B) LOS objects, 36% free, 27MB/43MB, paused 434us total 17.461ms
08-04 21:50:20.647   918  5481 I ActivityManager: START u0 {flg=0x20000 cmp=baseline.io.github.hidroh.materialistic/.PopularActivity} from uid 10661 on display 0
08-04 21:50:20.673 13929 13929 D skia    : --- SkImageDecoder::Factory returned null
08-04 21:50:20.711 13929 13929 D skia    : --- SkImageDecoder::Factory returned null
08-04 21:50:20.730 13929 14004 D OkHttp  : --> GET https://hn.algolia.com/api/v1/search?hitsPerPage=100&tags=story&attributesToRetrieve=objectID&attributesToHighlight=none&numericFilters=created_at_i%3E1596484220
08-04 21:50:20.730 13929 14004 D OkHttp  : --> END GET
08-04 21:50:20.758 13929 14038 I art     : Starting a blocking GC Explicit
08-04 21:50:20.783 13929 14038 I art     : Explicit concurrent mark sweep GC freed 12072(661KB) AllocSpace objects, 1(20KB) LOS objects, 36% free, 27MB/43MB, paused 421us total 24.534ms
08-04 21:50:20.789   512  2967 D audio_hw_primary: disable_audio_route: reset and update mixer path: low-latency-playback speaker
08-04 21:50:20.790   512  2967 D audio_hw_primary: disable_snd_device: snd_device(2: speaker)
08-04 21:50:20.791 13929 14038 I art     : Starting a blocking GC Explicit
08-04 21:50:20.799   512  2967 I soundtrigger: audio_extn_sound_trigger_update_device_status: device 0x2 of type 0 for Event 0
08-04 21:50:20.810 13929 14038 I art     : Explicit concurrent mark sweep GC freed 898(49KB) AllocSpace objects, 0(0B) LOS objects, 36% free, 27MB/43MB, paused 407us total 18.489ms
08-04 21:50:20.817 13929 14038 I art     : Starting a blocking GC Explicit
08-04 21:50:20.823 13866 13866 I GoogleInputMethodServic: GoogleInputMethodService.onFinishInput():3138 
08-04 21:50:20.823   918   936 I ActivityManager: Displayed baseline.io.github.hidroh.materialistic/.PopularActivity: +167ms
08-04 21:50:20.824 13866 13866 I GoogleInputMethodServic: GoogleInputMethodService.onStartInput():1808 
08-04 21:50:20.835 13929 14038 I art     : Explicit concurrent mark sweep GC freed 132(14KB) AllocSpace objects, 0(0B) LOS objects, 36% free, 27MB/43MB, paused 318us total 18.236ms
08-04 21:50:20.842 13929 14038 I art     : Starting a blocking GC Explicit
08-04 21:50:20.861 13929 14038 I art     : Explicit concurrent mark sweep GC freed 11(352B) AllocSpace objects, 0(0B) LOS objects, 36% free, 27MB/43MB, paused 335us total 18.938ms
08-04 21:50:20.869 13929 14038 I art     : Starting a blocking GC Explicit
08-04 21:50:20.887 13929 14038 I art     : Explicit concurrent mark sweep GC freed 1155(80KB) AllocSpace objects, 2(120KB) LOS objects, 36% free, 28MB/44MB, paused 527us total 18.201ms
08-04 21:50:21.049 13929 14004 D MYTAG   : interceptor 1
08-04 21:50:21.049 13929 14004 I NAPPA_EXPERIMENTATION: MetricNetworkRequestExecutionTime: REQUEST_DURATION_SYSTEM='148',REQUEST_DURATION_OKHTTP='148',REQUEST_SYNCHRONOUS='TRUE',RESPONSE_CODE='200',RESPONSE_METHOD='GET',RESPONSE_LENGTH_OKHTTP='-1',RESPONSE_LENGTH_HEADER='-2',REQUEST_PROTOCOL='h2',REQUEST_URL='https://hn.algolia.com/api/v1/search?hitsPerPage=100&tags=story&attributesToRetrieve=objectID&attributesToHighlight=none&numericFilters=created_at_i%3E1596484220',
08-04 21:50:21.053 13929 14004 D OkHttp  : <-- 200 https://hn.algolia.com/api/v1/search?hitsPerPage=100&tags=story&attributesToRetrieve=objectID&attributesToHighlight=none&numericFilters=created_at_i%3E1596484220 (322ms)
08-04 21:50:21.053 13929 14004 D OkHttp  : date: Tue, 04 Aug 2020 19:50:16 GMT
08-04 21:50:21.053 13929 14004 D OkHttp  : content-type: application/json; charset=utf-8
08-04 21:50:21.053 13929 14004 D OkHttp  : set-cookie: __cfduid=d846f23f8cedc130b2429eedba9f5379e1595957013; expires=Thu, 03 Sep 2020 19:50:16 GMT; path=/; domain=.algolia.com; HttpOnly=; SameSite=Lax; Secure=
08-04 21:50:21.053 13929 14004 D OkHttp  : etag: W/"41d83b632af0c8d57967041692523841"
08-04 21:50:21.054 13929 14004 D OkHttp  : x-request-id: ceb6eedc-a2e3-4475-84ba-90ed0bb53381
08-04 21:50:21.054 13929 14004 D OkHttp  : x-runtime: 0.032642
08-04 21:50:21.054 13929 14004 D OkHttp  : access-control-allow-origin: *
08-04 21:50:21.054 13929 14004 D OkHttp  : access-control-allow-methods: GET, PUT, DELETE, POST, OPTIONS
08-04 21:50:21.054 13929 14004 D OkHttp  : access-control-allow-headers: x-algolia-application-id, connection, origin, x-algolia-api-key, content-type, content-length, x-algolia-signature, x-algolia-usertoken, x-algolia-tagfilters, DNT, X-Mx-ReqToken, Keep-Alive, User-Agent, X-Requested-With, If-Modified-Since, Cache-Control, Authorization, Accept
08-04 21:50:21.054 13929 14004 D OkHttp  : access-control-allow-credentials: false
08-04 21:50:21.054 13929 14004 D OkHttp  : cf-cache-status: DYNAMIC
08-04 21:50:21.054 13929 14004 D OkHttp  : cf-request-id: 04380c82ff00007341e933d200000001
08-04 21:50:21.054 13929 14004 D OkHttp  : expect-ct: max-age=604800, report-uri="https://report-uri.cloudflare.com/cdn-cgi/beacon/expect-ct"
08-04 21:50:21.054 13929 14004 D OkHttp  : strict-transport-security: max-age=31536000; includeSubDomains; preload
08-04 21:50:21.054 13929 14004 D OkHttp  : server: cloudflare
08-04 21:50:21.055 13929 14004 D OkHttp  : cf-ray: 5ba049e4cce37341-AMS
08-04 21:50:21.055 13929 14004 D OkHttp  : Cache-Control: Cache-Control: max-age=1800
08-04 21:50:21.066   380   380 W SurfaceFlinger: couldn't log to binary event log: overflow.
08-04 21:50:21.092 13929 14004 D OkHttp  : {"hits":[{"objectID":"23970842"},{"objectID":"23969442"},{"objectID":"23972539"},{"objectID":"23967887"},{"objectID":"23969065"},{"objectID":"23971045"},{"objectID":"23973604"},{"objectID":"23975001"},{"objectID":"23967306"},{"objectID":"23972391"},{"objectID":"23971814"},{"objectID":"23975255"},{"objectID":"23969214"},{"objectID":"23972152"},{"objectID":"23972929"},{"objectID":"23972561"},{"objectID":"23975807"},{"objectID":"23967911"},{"objectID":"23976930"},{"objectID":"23971282"},{"objectID":"23974850"},{"objectID":"23976356"},{"objectID":"23975012"},{"objectID":"23976680"},{"objectID":"23972183"},{"objectID":"23975041"},{"objectID":"23971567"},{"objectID":"23975676"},{"objectID":"23977256"},{"objectID":"23974878"},{"objectID":"23971821"},{"objectID":"23975262"},{"objectID":"23976322"},{"objectID":"23976881"},{"objectID":"23971433"},{"objectID":"23970837"},{"objectID":"23968317"},{"objectID":"23975998"},{"objectID":"23976449"},{"objectID":"23976172"},{"objectID":"23971601"},{"objectID":"23967595"},{"objectID":"23971986"},{"objectID":"23971543"},{"objectID":"23970359"},{"objectID":"23972455"},{"objectID":"23973533"},{"objectID":"23974842"},{"objectID":"23968618"},{"objectID":"23977667"},{"objectID":"23969359"},{"objectID":"23977406"},{"objectID":"23974855"},{"objectID":"23970893"},{"objectID":"23973779"},{"objectID":"23970424"},{"objectID":"23971431"},{"objectID":"23971455"},{"objectID":"23975895"},{"objectID":"23970639"},{"objectID":"23968271"},{"objectID":"23971096"},{"objectID":"23971143"},{"objectID":"23970242"},{"objectID":"23968399"},{"objectID":"23974864"},{"objectID":"23976597"},{"objectID":"23976815"},{"objectID":"23975518"},{"objectID":"23970685"},{"objectID":"23969152"},{"objectID":"23973637"},{"objectID":"23977079"},{"objectID":"23970897"},{"objectID":"23977076"},{"objectID":"23968256"},{"objectID":"23971594"},{"objectID":"23973616"},{"objectID":"23977704"},{"objectID":"23972286"},{"objectID":"23968786"},{"objectID":"23971349"},{"objectID":"23976368"},{"objectID":"23968719"},{"objectID":"23968147"},{"objectID":"23977119"},{"objectID":"23974754"},{"objectID":"23970355"},{"objectID":"23977375"},{"objectID":"23967328"},{"objectID":"23973064"},{"objectID":"23968310"},{"objectID":"23970578"},{"objectID":"23968360"},{"objectID":"23972541"},{"objectID":"23975694"},{"objectID":"23973549"},{"objectID":"23974613"},{"objectID":"23976491"},{"objectID":"23969805"}],"nbHits":1088,"page":0,"nbPages":10,"hitsPerPage":100,"exhaustiveNbHits":true,"query":"","params":"advancedSyntax=true\u0026analytics=true\u0026analyticsTags=backend\u0026attributesToHighlight=none\u0026attributesToRetrieve=objectID\u0026hitsPerPage=100\u0026numericFilters=created_at_i%3E1595870615\u0026tags=story","processingTimeMS":2}
08-04 21:50:21.092 13929 14004 D OkHttp  : <-- END HTTP (2748-byte body)
08-04 21:50:21.095 13929 14004 D MYTAG   : sync log 2
08-04 21:50:21.095 13929 14004 I NAPPA_EXPERIMENTATION: MetricNetworkRequestExecutionTime: REQUEST_DURATION_SYSTEM='366',REQUEST_DURATION_OKHTTP='148',REQUEST_SYNCHRONOUS='TRUE',RESPONSE_CODE='200',RESPONSE_METHOD='GET',RESPONSE_LENGTH_OKHTTP='-1',RESPONSE_LENGTH_HEADER='-2',REQUEST_PROTOCOL='h2',REQUEST_URL='https://hn.algolia.com/api/v1/search?hitsPerPage=100&tags=story&attributesToRetrieve=objectID&attributesToHighlight=none&numericFilters=created_at_i%3E1596484220',
08-04 21:50:21.141 13929 14011 D OkHttp  : --> GET https://hacker-news.firebaseio.com/v0/item/23970842.json
08-04 21:50:21.141 13929 14011 D OkHttp  : Cache-Control: max-age=1800
08-04 21:50:21.141 13929 14011 D OkHttp  : --> END GET
08-04 21:50:21.153 13929 13998 D OkHttp  : --> GET https://hacker-news.firebaseio.com/v0/item/23969442.json
08-04 21:50:21.153 13929 13998 D OkHttp  : Cache-Control: max-age=1800
08-04 21:50:21.153 13929 13998 D OkHttp  : --> END GET
08-04 21:50:21.161 13929 14000 D OkHttp  : --> GET https://hacker-news.firebaseio.com/v0/item/23972539.json
08-04 21:50:21.161 13929 14000 D OkHttp  : Cache-Control: max-age=1800
08-04 21:50:21.161 13929 14000 D OkHttp  : --> END GET
08-04 21:50:21.169 13929 14002 D OkHttp  : --> GET https://hacker-news.firebaseio.com/v0/item/23967887.json
08-04 21:50:21.169 13929 14002 D OkHttp  : Cache-Control: max-age=1800
08-04 21:50:21.170 13929 14002 D OkHttp  : --> END GET
08-04 21:50:21.170 13929 13943 I art     : Starting a blocking GC Explicit
08-04 21:50:21.177 13929 13947 D OkHttp  : --> GET https://hacker-news.firebaseio.com/v0/item/23969065.json
08-04 21:50:21.177 13929 13947 D OkHttp  : Cache-Control: max-age=1800
08-04 21:50:21.177 13929 13947 D OkHttp  : --> END GET
08-04 21:50:21.185 13929 14006 D OkHttp  : --> GET https://hacker-news.firebaseio.com/v0/item/23971045.json
08-04 21:50:21.185 13929 14006 D OkHttp  : Cache-Control: max-age=1800
08-04 21:50:21.185 13929 14006 D OkHttp  : --> END GET
08-04 21:50:21.192 13929 14008 D OkHttp  : --> GET https://hacker-news.firebaseio.com/v0/item/23973604.json
08-04 21:50:21.192 13929 14008 D OkHttp  : Cache-Control: max-age=1800
08-04 21:50:21.193 13929 14008 D OkHttp  : --> END GET
08-04 21:50:21.201 13929 13943 I art     : Explicit concurrent mark sweep GC freed 14376(861KB) AllocSpace objects, 3(120KB) LOS objects, 35% free, 28MB/44MB, paused 997us total 31.058ms
08-04 21:50:21.202 13929 13997 D OkHttp  : --> GET https://hacker-news.firebaseio.com/v0/item/23975001.json
08-04 21:50:21.202 13929 13997 D OkHttp  : Cache-Control: max-age=1800
08-04 21:50:21.202 13929 13997 D OkHttp  : --> END GET
08-04 21:50:21.208 13929 13943 I art     : Starting a blocking GC Explicit
08-04 21:50:21.211 13929 14004 D OkHttp  : --> GET https://hacker-news.firebaseio.com/v0/item/23967306.json
08-04 21:50:21.212 13929 14004 D OkHttp  : Cache-Control: max-age=1800
08-04 21:50:21.212 13929 14004 D OkHttp  : --> END GET
08-04 21:50:21.232 13929 13943 I art     : Explicit concurrent mark sweep GC freed 3170(145KB) AllocSpace objects, 0(0B) LOS objects, 35% free, 28MB/44MB, paused 955us total 23.423ms
08-04 21:50:21.239 13929 13943 I art     : Starting a blocking GC Explicit
08-04 21:50:21.261 13929 13943 I art     : Explicit concurrent mark sweep GC freed 552(31KB) AllocSpace objects, 0(0B) LOS objects, 35% free, 28MB/44MB, paused 731us total 21.508ms
08-04 21:50:21.271 13929 13943 I art     : Starting a blocking GC Explicit
08-04 21:50:21.291 13929 13943 I art     : Explicit concurrent mark sweep GC freed 20(672B) AllocSpace objects, 0(0B) LOS objects, 35% free, 28MB/44MB, paused 579us total 20.450ms
08-04 21:50:21.299 13929 13943 I art     : Starting a blocking GC Explicit
08-04 21:50:21.321 13929 13943 I art     : Explicit concurrent mark sweep GC freed 69(2944B) AllocSpace objects, 0(0B) LOS objects, 35% free, 28MB/44MB, paused 573us total 21.872ms
08-04 21:50:21.567 13929 13998 D MYTAG   : interceptor 1
08-04 21:50:21.567 13929 13998 I NAPPA_EXPERIMENTATION: MetricNetworkRequestExecutionTime: REQUEST_DURATION_SYSTEM='53',REQUEST_DURATION_OKHTTP='52',REQUEST_SYNCHRONOUS='TRUE',RESPONSE_CODE='200',RESPONSE_METHOD='GET',RESPONSE_LENGTH_OKHTTP='558',RESPONSE_LENGTH_HEADER='-2',REQUEST_PROTOCOL='http/1.1',REQUEST_URL='https://hacker-news.firebaseio.com/v0/item/23969442.json',
08-04 21:50:21.569 13929 13998 D OkHttp  : <-- 200 OK https://hacker-news.firebaseio.com/v0/item/23969442.json (416ms)
08-04 21:50:21.570 13929 13998 D OkHttp  : Server: nginx
08-04 21:50:21.570 13929 13998 D OkHttp  : Date: Tue, 04 Aug 2020 19:50:17 GMT
08-04 21:50:21.570 13929 13998 D OkHttp  : Content-Type: application/json; charset=utf-8
08-04 21:50:21.570 13929 13998 D OkHttp  : Content-Length: 558
08-04 21:50:21.570 13929 13998 D OkHttp  : Connection: keep-alive
08-04 21:50:21.570 13929 13998 D OkHttp  : Access-Control-Allow-Origin: *
08-04 21:50:21.570 13929 13998 D OkHttp  : Strict-Transport-Security: max-age=31556926; includeSubDomains; preload
08-04 21:50:21.570 13929 13998 D OkHttp  : Cache-Control: Cache-Control: max-age=1800
08-04 21:50:21.587 13929 14006 D MYTAG   : interceptor 1
08-04 21:50:21.587 13929 14006 I NAPPA_EXPERIMENTATION: MetricNetworkRequestExecutionTime: REQUEST_DURATION_SYSTEM='66',REQUEST_DURATION_OKHTTP='66',REQUEST_SYNCHRONOUS='TRUE',RESPONSE_CODE='200',RESPONSE_METHOD='GET',RESPONSE_LENGTH_OKHTTP='522',RESPONSE_LENGTH_HEADER='-2',REQUEST_PROTOCOL='http/1.1',REQUEST_URL='https://hacker-news.firebaseio.com/v0/item/23971045.json',
08-04 21:50:21.590 13929 14006 D OkHttp  : <-- 200 OK https://hacker-news.firebaseio.com/v0/item/23971045.json (404ms)
08-04 21:50:21.590 13929 14006 D OkHttp  : Server: nginx
08-04 21:50:21.590 13929 14006 D OkHttp  : Date: Tue, 04 Aug 2020 19:50:17 GMT
08-04 21:50:21.590 13929 14006 D OkHttp  : Content-Type: application/json; charset=utf-8
08-04 21:50:21.590 13929 14006 D OkHttp  : Content-Length: 522
08-04 21:50:21.590 13929 14006 D OkHttp  : Connection: keep-alive
08-04 21:50:21.590 13929 14006 D OkHttp  : Access-Control-Allow-Origin: *
08-04 21:50:21.590 13929 14006 D OkHttp  : Strict-Transport-Security: max-age=31556926; includeSubDomains; preload
08-04 21:50:21.590 13929 14006 D OkHttp  : Cache-Control: Cache-Control: max-age=1800
08-04 21:50:21.592 13929 14038 I art     : Starting a blocking GC Explicit
08-04 21:50:21.601 13929 13998 D OkHttp  : {"by":"mariocesar","descendants":272,"id":23969442,"kids":[23970041,23969718,23969879,23970276,23969792,23969873,23969703,23970290,23969454,23969987,23970408,23971555,23970173,23970932,23970064,23970185,23976344,23970172,23970088,23970894,23970328,23972119,23972630,23970449,23970249,23970033,23970828,23971108,23970872,23970045,23971223,23970306,23969975,23970589,23970048],"score":460,"time":1595884280,"title":"Google Drive – How do I stop others from sharing files with me?","type":"story","url":"https://support.google.com/drive/thread/3708017?hl=en"}
08-04 21:50:21.601 13929 13998 D OkHttp  : <-- END HTTP (558-byte body)
08-04 21:50:21.617 13929 14011 D MYTAG   : interceptor 1
08-04 21:50:21.617 13929 14011 I NAPPA_EXPERIMENTATION: MetricNetworkRequestExecutionTime: REQUEST_DURATION_SYSTEM='80',REQUEST_DURATION_OKHTTP='80',REQUEST_SYNCHRONOUS='TRUE',RESPONSE_CODE='200',RESPONSE_METHOD='GET',RESPONSE_LENGTH_OKHTTP='654',RESPONSE_LENGTH_HEADER='-2',REQUEST_PROTOCOL='http/1.1',REQUEST_URL='https://hacker-news.firebaseio.com/v0/item/23970842.json',
08-04 21:50:21.617 13929 14038 I art     : Explicit concurrent mark sweep GC freed 8441(458KB) AllocSpace objects, 1(20KB) LOS objects, 35% free, 28MB/44MB, paused 989us total 24.978ms
08-04 21:50:21.619 13929 14011 D OkHttp  : <-- 200 OK https://hacker-news.firebaseio.com/v0/item/23970842.json (477ms)
08-04 21:50:21.619 13929 14011 D OkHttp  : Server: nginx
08-04 21:50:21.619 13929 14011 D OkHttp  : Date: Tue, 04 Aug 2020 19:50:17 GMT
08-04 21:50:21.619 13929 14011 D OkHttp  : Content-Type: application/json; charset=utf-8
08-04 21:50:21.620 13929 14011 D OkHttp  : Content-Length: 654
08-04 21:50:21.620 13929 14011 D OkHttp  : Connection: keep-alive
08-04 21:50:21.620 13929 14011 D OkHttp  : Access-Control-Allow-Origin: *
08-04 21:50:21.620 13929 14011 D OkHttp  : Strict-Transport-Security: max-age=31556926; includeSubDomains; preload
08-04 21:50:21.620 13929 14011 D OkHttp  : Cache-Control: Cache-Control: max-age=1800
08-04 21:50:21.625 13929 14038 I art     : Starting a blocking GC Explicit
08-04 21:50:21.627 13929 13998 D OkHttp  : --> GET https://hacker-news.firebaseio.com/v0/item/23972391.json
08-04 21:50:21.627 13929 13998 D OkHttp  : Cache-Control: max-age=1800
08-04 21:50:21.627 13929 13998 D OkHttp  : --> END GET
08-04 21:50:21.633 13929 14006 D OkHttp  : {"by":"joeschmoe83","descendants":121,"id":23971045,"kids":[23976505,23971909,23977484,23971884,23977144,23972507,23977030,23972220,23976128,23974522,23975936,23972668,23973639,23972187,23972208,23972186,23975296,23972924,23976454,23971074,23971997,23972808,23972567,23972584,23975756,23973678,23972263,23972890,23972753,23975545,23971982],"score":241,"time":1595896810,"title":"How Did the Casio F91W Become a Terrorist Icon?","type":"story","url":"https://reaperfeed.com/how-did-the-casio-f91w-become-a-terrorist-icon/"}
08-04 21:50:21.633 13929 14006 D OkHttp  : <-- END HTTP (522-byte body)
08-04 21:50:21.650 13929 14038 I art     : Explicit concurrent mark sweep GC freed 12682(573KB) AllocSpace objects, 0(0B) LOS objects, 35% free, 29MB/45MB, paused 1.074ms total 24.994ms
08-04 21:50:21.651 13929 14011 D OkHttp  : {"by":"myrandomcomment","descendants":474,"id":23970842,"kids":[23971016,23972768,23971269,23971892,23971139,23972347,23976296,23974581,23971375,23971097,23971085,23971156,23974128,23971799,23972755,23971173,23971036,23976390,23975045,23972698,23971974,23971881,23973489,23972506,23972190,23973692,23971900,23974048,23975356,23971141,23971098,23973044,23971324,23972384,23971394],"score":532,"time":1595894925,"title":"Intel ousts its chief engineer, shakes up technical group after delays","type":"story","url":"https://www.reuters.com/article/us-intel-reorganization/intel-ousts-its-chief-engineer-shakes-up-technical-group-after-delays-idUSKCN24S2O6"}
08-04 21:50:21.651 13929 14011 D OkHttp  : <-- END HTTP (654-byte body)
08-04 21:50:21.657 13929 14038 I art     : Starting a blocking GC Explicit
08-04 21:50:21.662 13929 13998 D MYTAG   : interceptor 1
08-04 21:50:21.662 13929 13998 I NAPPA_EXPERIMENTATION: MetricNetworkRequestExecutionTime: REQUEST_DURATION_SYSTEM='34',REQUEST_DURATION_OKHTTP='34',REQUEST_SYNCHRONOUS='TRUE',RESPONSE_CODE='200',RESPONSE_METHOD='GET',RESPONSE_LENGTH_OKHTTP='420',RESPONSE_LENGTH_HEADER='-2',REQUEST_PROTOCOL='http/1.1',REQUEST_URL='https://hacker-news.firebaseio.com/v0/item/23972391.json',
08-04 21:50:21.665 13929 13998 D OkHttp  : <-- 200 OK https://hacker-news.firebaseio.com/v0/item/23972391.json (38ms)
08-04 21:50:21.666 13929 13998 D OkHttp  : Server: nginx
08-04 21:50:21.666 13929 13998 D OkHttp  : Date: Tue, 04 Aug 2020 19:50:17 GMT
08-04 21:50:21.666 13929 13998 D OkHttp  : Content-Type: application/json; charset=utf-8
08-04 21:50:21.666 13929 13998 D OkHttp  : Content-Length: 420
08-04 21:50:21.666 13929 13998 D OkHttp  : Connection: keep-alive
08-04 21:50:21.666 13929 13998 D OkHttp  : Access-Control-Allow-Origin: *
08-04 21:50:21.666 13929 13998 D OkHttp  : Strict-Transport-Security: max-age=31556926; includeSubDomains; preload
08-04 21:50:21.666 13929 13998 D OkHttp  : Cache-Control: Cache-Control: max-age=1800
08-04 21:50:21.679   518   646 I ThermalEngine: ACTION: GPU - Setting GPU[0] to 510000000
08-04 21:50:21.682 13929 14038 I art     : Explicit concurrent mark sweep GC freed 2679(187KB) AllocSpace objects, 0(0B) LOS objects, 35% free, 29MB/45MB, paused 989us total 24.830ms
08-04 21:50:21.692 13929 14038 I art     : Starting a blocking GC Explicit
08-04 21:50:21.701 13929 13998 D OkHttp  : {"by":"apsec112","descendants":139,"id":23972391,"kids":[23974189,23974326,23973110,23972997,23975083,23974425,23972833,23973790,23975733,23977020,23976401,23977245,23975421,23974256,23975268,23972931,23972789,23976819,23972953,23975202,23975263,23975036,23974945],"score":232,"time":1595911923,"title":"The Toxoplasma of Rage (2014)","type":"story","url":"https://slatestarcodex.com/2014/12/17/the-toxoplasma-of-rage/"}
08-04 21:50:21.701 13929 13998 D OkHttp  : <-- END HTTP (420-byte body)
08-04 21:50:21.719 13929 14038 I art     : Explicit concurrent mark sweep GC freed 2455(117KB) AllocSpace objects, 0(0B) LOS objects, 35% free, 29MB/45MB, paused 781us total 27.188ms
08-04 21:50:21.729 13929 14038 I art     : Starting a blocking GC Explicit
08-04 21:50:21.731 13929 13947 D MYTAG   : interceptor 1
08-04 21:50:21.731 13929 13947 I NAPPA_EXPERIMENTATION: MetricNetworkRequestExecutionTime: REQUEST_DURATION_SYSTEM='74',REQUEST_DURATION_OKHTTP='74',REQUEST_SYNCHRONOUS='TRUE',RESPONSE_CODE='200',RESPONSE_METHOD='GET',RESPONSE_LENGTH_OKHTTP='565',RESPONSE_LENGTH_HEADER='-2',REQUEST_PROTOCOL='http/1.1',REQUEST_URL='https://hacker-news.firebaseio.com/v0/item/23969065.json',
08-04 21:50:21.733 13929 13947 D OkHttp  : <-- 200 OK https://hacker-news.firebaseio.com/v0/item/23969065.json (555ms)
08-04 21:50:21.734 13929 13947 D OkHttp  : Server: nginx
08-04 21:50:21.734 13929 13947 D OkHttp  : Date: Tue, 04 Aug 2020 19:50:17 GMT
08-04 21:50:21.734 13929 13947 D OkHttp  : Content-Type: application/json; charset=utf-8
08-04 21:50:21.734 13929 13947 D OkHttp  : Content-Length: 565
08-04 21:50:21.734 13929 13947 D OkHttp  : Connection: keep-alive
08-04 21:50:21.734 13929 13947 D OkHttp  : Access-Control-Allow-Origin: *
08-04 21:50:21.734 13929 13947 D OkHttp  : Strict-Transport-Security: max-age=31556926; includeSubDomains; preload
08-04 21:50:21.734 13929 13947 D OkHttp  : Cache-Control: Cache-Control: max-age=1800
08-04 21:50:21.757 13929 14038 I art     : Explicit concurrent mark sweep GC freed 663(77KB) AllocSpace objects, 0(0B) LOS objects, 35% free, 29MB/45MB, paused 714us total 27.802ms
08-04 21:50:21.765 13929 14000 D MYTAG   : interceptor 1
08-04 21:50:21.765 13929 14000 I NAPPA_EXPERIMENTATION: MetricNetworkRequestExecutionTime: REQUEST_DURATION_SYSTEM='118',REQUEST_DURATION_OKHTTP='118',REQUEST_SYNCHRONOUS='TRUE',RESPONSE_CODE='200',RESPONSE_METHOD='GET',RESPONSE_LENGTH_OKHTTP='457',RESPONSE_LENGTH_HEADER='-2',REQUEST_PROTOCOL='http/1.1',REQUEST_URL='https://hacker-news.firebaseio.com/v0/item/23972539.json',
08-04 21:50:21.768 13929 14000 D OkHttp  : <-- 200 OK https://hacker-news.firebaseio.com/v0/item/23972539.json (607ms)
08-04 21:50:21.769 13929 14000 D OkHttp  : Server: nginx
08-04 21:50:21.769 13929 14000 D OkHttp  : Date: Tue, 04 Aug 2020 19:50:17 GMT
08-04 21:50:21.769 13929 14000 D OkHttp  : Content-Type: application/json; charset=utf-8
08-04 21:50:21.769 13929 14000 D OkHttp  : Content-Length: 457
08-04 21:50:21.769 13929 14000 D OkHttp  : Connection: keep-alive
08-04 21:50:21.769 13929 14000 D OkHttp  : Access-Control-Allow-Origin: *
08-04 21:50:21.769 13929 14000 D OkHttp  : Strict-Transport-Security: max-age=31556926; includeSubDomains; preload
08-04 21:50:21.769 13929 14000 D OkHttp  : Cache-Control: Cache-Control: max-age=1800
08-04 21:50:21.770 13929 14002 D MYTAG   : interceptor 1
08-04 21:50:21.770 13929 14002 I NAPPA_EXPERIMENTATION: MetricNetworkRequestExecutionTime: REQUEST_DURATION_SYSTEM='119',REQUEST_DURATION_OKHTTP='119',REQUEST_SYNCHRONOUS='TRUE',RESPONSE_CODE='200',RESPONSE_METHOD='GET',RESPONSE_LENGTH_OKHTTP='397',RESPONSE_LENGTH_HEADER='-2',REQUEST_PROTOCOL='http/1.1',REQUEST_URL='https://hacker-news.firebaseio.com/v0/item/23967887.json',
08-04 21:50:21.773 13929 13947 D OkHttp  : {"by":"apsec112","descendants":309,"id":23969065,"kids":[23969661,23969437,23969569,23969375,23972022,23973933,23969422,23969318,23969244,23969280,23969567,23969866,23971662,23969275,23972041,23969522,23969288,23972106,23969527,23969605,23969867,23969586,23969740,23972285,23970034,23969266,23969223,23970634,23969499,23969302],"score":320,"time":1595881630,"title":"Airbus' self-flying plane just completed taxi, take-off, and landing tests","type":"story","url":"https://www.businessinsider.com/airbus-completes-autonomous-taxi-take-off-and-landing-tests-2020-7"}
08-04 21:50:21.774 13929 13947 D OkHttp  : <-- END HTTP (565-byte body)
08-04 21:50:21.774 13929 14002 D OkHttp  : <-- 200 OK https://hacker-news.firebaseio.com/v0/item/23967887.json (604ms)
08-04 21:50:21.774 13929 14002 D OkHttp  : Server: nginx
08-04 21:50:21.774 13929 14002 D OkHttp  : Date: Tue, 04 Aug 2020 19:50:17 GMT
08-04 21:50:21.774 13929 14002 D OkHttp  : Content-Type: application/json; charset=utf-8
08-04 21:50:21.774 13929 14002 D OkHttp  : Content-Length: 397
08-04 21:50:21.774 13929 14002 D OkHttp  : Connection: keep-alive
08-04 21:50:21.774 13929 14002 D OkHttp  : Access-Control-Allow-Origin: *
08-04 21:50:21.774 13929 14002 D OkHttp  : Strict-Transport-Security: max-age=31556926; includeSubDomains; preload
08-04 21:50:21.774 13929 14002 D OkHttp  : Cache-Control: Cache-Control: max-age=1800
08-04 21:50:21.774 13929 14008 D MYTAG   : interceptor 1
08-04 21:50:21.774 13929 14008 I NAPPA_EXPERIMENTATION: MetricNetworkRequestExecutionTime: REQUEST_DURATION_SYSTEM='118',REQUEST_DURATION_OKHTTP='118',REQUEST_SYNCHRONOUS='TRUE',RESPONSE_CODE='200',RESPONSE_METHOD='GET',RESPONSE_LENGTH_OKHTTP='374',RESPONSE_LENGTH_HEADER='-2',REQUEST_PROTOCOL='http/1.1',REQUEST_URL='https://hacker-news.firebaseio.com/v0/item/23973604.json',
08-04 21:50:21.775 13929 13997 D MYTAG   : interceptor 1
08-04 21:50:21.775 13929 13997 I NAPPA_EXPERIMENTATION: MetricNetworkRequestExecutionTime: REQUEST_DURATION_SYSTEM='128',REQUEST_DURATION_OKHTTP='128',REQUEST_SYNCHRONOUS='TRUE',RESPONSE_CODE='200',RESPONSE_METHOD='GET',RESPONSE_LENGTH_OKHTTP='549',RESPONSE_LENGTH_HEADER='-2',REQUEST_PROTOCOL='http/1.1',REQUEST_URL='https://hacker-news.firebaseio.com/v0/item/23975001.json',
08-04 21:50:21.777 13929 14004 D MYTAG   : interceptor 1
08-04 21:50:21.777 13929 14004 I NAPPA_EXPERIMENTATION: MetricNetworkRequestExecutionTime: REQUEST_DURATION_SYSTEM='134',REQUEST_DURATION_OKHTTP='134',REQUEST_SYNCHRONOUS='TRUE',RESPONSE_CODE='200',RESPONSE_METHOD='GET',RESPONSE_LENGTH_OKHTTP='450',RESPONSE_LENGTH_HEADER='-2',REQUEST_PROTOCOL='http/1.1',REQUEST_URL='https://hacker-news.firebaseio.com/v0/item/23967306.json',
08-04 21:50:21.777 13929 14008 D OkHttp  : <-- 200 OK https://hacker-news.firebaseio.com/v0/item/23973604.json (584ms)
08-04 21:50:21.777 13929 14008 D OkHttp  : Server: nginx
08-04 21:50:21.777 13929 14008 D OkHttp  : Date: Tue, 04 Aug 2020 19:50:17 GMT
08-04 21:50:21.777 13929 14008 D OkHttp  : Content-Type: application/json; charset=utf-8
08-04 21:50:21.777 13929 14008 D OkHttp  : Content-Length: 374
08-04 21:50:21.777 13929 14008 D OkHttp  : Connection: keep-alive
08-04 21:50:21.777 13929 14008 D OkHttp  : Access-Control-Allow-Origin: *
08-04 21:50:21.777 13929 14008 D OkHttp  : Strict-Transport-Security: max-age=31556926; includeSubDomains; preload
08-04 21:50:21.777 13929 14008 D OkHttp  : Cache-Control: Cache-Control: max-age=1800
08-04 21:50:21.779 13929 13997 D OkHttp  : <-- 200 OK https://hacker-news.firebaseio.com/v0/item/23975001.json (576ms)
08-04 21:50:21.779 13929 13997 D OkHttp  : Server: nginx
08-04 21:50:21.779 13929 13997 D OkHttp  : Date: Tue, 04 Aug 2020 19:50:17 GMT
08-04 21:50:21.779 13929 13997 D OkHttp  : Content-Type: application/json; charset=utf-8
08-04 21:50:21.779 13929 13997 D OkHttp  : Content-Length: 549
08-04 21:50:21.779 13929 13997 D OkHttp  : Connection: keep-alive
08-04 21:50:21.779 13929 13997 D OkHttp  : Access-Control-Allow-Origin: *
08-04 21:50:21.779 13929 13997 D OkHttp  : Strict-Transport-Security: max-age=31556926; includeSubDomains; preload
08-04 21:50:21.779 13929 13997 D OkHttp  : Cache-Control: Cache-Control: max-age=1800
08-04 21:50:21.780 13929 14004 D OkHttp  : <-- 200 OK https://hacker-news.firebaseio.com/v0/item/23967306.json (568ms)
08-04 21:50:21.780 13929 14004 D OkHttp  : Server: nginx
08-04 21:50:21.780 13929 14004 D OkHttp  : Date: Tue, 04 Aug 2020 19:50:17 GMT
08-04 21:50:21.780 13929 14004 D OkHttp  : Content-Type: application/json; charset=utf-8
08-04 21:50:21.780 13929 14004 D OkHttp  : Content-Length: 450
08-04 21:50:21.780 13929 14004 D OkHttp  : Connection: keep-alive
08-04 21:50:21.780 13929 14004 D OkHttp  : Access-Control-Allow-Origin: *
08-04 21:50:21.780 13929 14004 D OkHttp  : Strict-Transport-Security: max-age=31556926; includeSubDomains; preload
08-04 21:50:21.780 13929 14004 D OkHttp  : Cache-Control: Cache-Control: max-age=1800
