--------- beginning of main
08-05 19:31:55.889 11104 11104 D AndroidRuntime: >>>>>> START com.android.internal.os.RuntimeInit uid 2000 <<<<<<
08-05 19:31:55.896 11104 11104 D AndroidRuntime: CheckJNI is OFF
08-05 19:31:55.927 11104 11104 D ICU     : No timezone override file found: /data/misc/zoneinfo/current/icu/icu_tzdata.dat
08-05 19:31:55.962 11104 11104 I Radio-JNI: register_android_hardware_Radio DONE
08-05 19:31:55.981 11104 11104 D AndroidRuntime: Calling main entry com.android.commands.monkey.Monkey
--------- beginning of system
08-05 19:31:55.999   918   931 W BroadcastQueue: Skipping deliver [background] BroadcastRecord{f6c55f4 u-1 android.net.conn.CONNECTIVITY_CHANGE} to ReceiverList{f681f92 11104 (unknown name)/2000/u-1 remote:2e6e7e1}: process crashing
08-05 19:31:56.010   918  3714 I ActivityManager: START u0 {act=android.intent.action.MAIN cat=[android.intent.category.LAUNCHER] flg=0x10200000 cmp=baseline.appteam.nith.hillffair/.activities.SplashActivity} from uid 2000 on display 0
08-05 19:31:56.056 11113 11113 I art     : Late-enabling -Xcheck:jni
08-05 19:31:56.058   918  6112 I ActivityManager: Start proc 11113:baseline.appteam.nith.hillffair/u0a675 for activity baseline.appteam.nith.hillffair/.activities.SplashActivity
08-05 19:31:56.075 11104 11104 I art     : System.exit called, status: 0
08-05 19:31:56.075 11104 11104 I AndroidRuntime: VM exiting with result code 0.
08-05 19:31:56.122 16458 16488 W SearchServiceCore: Abort, client detached.
08-05 19:31:56.128 16458 16488 I MicroDetectionState: Should stop hotword detection immediately - true
08-05 19:31:56.129 16458 11127 I PBSessionCacheImpl: Deleted sessionId[72384646105454640] from persistence.
08-05 19:31:56.213 11113 11113 W System  : ClassLoader referenced unknown path: /data/app/baseline.appteam.nith.hillffair-1/lib/arm64
08-05 19:31:56.293 11113 11113 W OneSignal: GCM Library detected, please upgrade to Firebase FCM library as GCM is deprecated!
08-05 19:31:56.401 11113 11113 W art     : Before Android 4.1, method android.graphics.PorterDuffColorFilter androidx.vectordrawable.graphics.drawable.VectorDrawableCompat.updateTintFilter(android.graphics.PorterDuffColorFilter, android.content.res.ColorStateList, android.graphics.PorterDuff$Mode) would have incorrectly overridden the package-private method in android.graphics.drawable.Drawable
08-05 19:31:56.448 11113 11113 I art     : Rejecting re-init on previously-failed class java.lang.Class<androidx.core.view.ViewCompat$2>
08-05 19:31:56.449 11113 11113 I art     : Rejecting re-init on previously-failed class java.lang.Class<androidx.core.view.ViewCompat$2>
08-05 19:31:56.546 11113 11140 D OpenGLRenderer: Use EGL_SWAP_BEHAVIOR_PRESERVED: true
08-05 19:31:56.597 11113 11140 I Adreno  : QUALCOMM build                   : fcf4852, I1af360237c
08-05 19:31:56.597 11113 11140 I Adreno  : Build Date                       : 09/23/15
08-05 19:31:56.597 11113 11140 I Adreno  : OpenGL ES Shader Compiler Version: XE031.05.13.02
08-05 19:31:56.597 11113 11140 I Adreno  : Local Branch                     : mybranch14465806
08-05 19:31:56.597 11113 11140 I Adreno  : Remote Branch                    : quic/LA.BF64.1.2.9_v2
08-05 19:31:56.597 11113 11140 I Adreno  : Remote Branch                    : NONE
08-05 19:31:56.597 11113 11140 I Adreno  : Reconstruct Branch               : NOTHING
08-05 19:31:56.604 11113 11140 I OpenGLRenderer: Initialized EGL, version 1.4
08-05 19:31:56.639 13866 13866 I GoogleInputMethodServic: GoogleInputMethodService.onFinishInput():3138 
08-05 19:31:56.640 13866 13866 I GoogleInputMethodServic: GoogleInputMethodService.onStartInput():1808 
08-05 19:31:56.685   918   936 I ActivityManager: Displayed baseline.appteam.nith.hillffair/.activities.SplashActivity: +666ms
08-05 19:31:56.822 11113 11149 W GCM     : GCM SDK is deprecated, baseline.appteam.nith.hillffair should update to use FCM
08-05 19:31:56.884 24365 17236 W Conscrypt: Could not set socket write timeout: java.net.SocketException: Socket closed
08-05 19:31:56.884 24365 17236 E art     : invalid stream - problem with parameter iterator in /data/app/com.google.android.gms-2/base.apk:classes3.dex for method void com.google.android.gms.org.conscrypt.ConscryptFileDescriptorSocket.setSoWriteTimeout(int)
08-05 19:31:56.918 24365 17236 W Conscrypt: 	at com.google.android.gms.org.conscrypt.Platform.setSocketWriteTimeout(:com.google.android.gms@202614019@20.26.14 (040400-320008519):2)
08-05 19:31:56.918 24365 17236 W Conscrypt: 	at com.google.android.gms.org.conscrypt.ConscryptFileDescriptorSocket.setSoWriteTimeout(:com.google.android.gms@202614019@20.26.14 (040400-320008519))
08-05 19:31:56.940 24365 17236 W Conscrypt: Could not set socket write timeout: java.net.SocketException: Socket closed
08-05 19:31:56.940 24365 17236 E art     : invalid stream - problem with parameter iterator in /data/app/com.google.android.gms-2/base.apk:classes3.dex for method void com.google.android.gms.org.conscrypt.ConscryptFileDescriptorSocket.setSoWriteTimeout(int)
08-05 19:31:56.940 24365 17236 W Conscrypt: 	at com.google.android.gms.org.conscrypt.Platform.setSocketWriteTimeout(:com.google.android.gms@202614019@20.26.14 (040400-320008519):2)
08-05 19:31:56.940 24365 17236 W Conscrypt: 	at com.google.android.gms.org.conscrypt.ConscryptFileDescriptorSocket.setSoWriteTimeout(:com.google.android.gms@202614019@20.26.14 (040400-320008519))
08-05 19:31:57.005 24365 17236 W Conscrypt: Could not set socket write timeout: java.net.SocketException: Socket closed
08-05 19:31:57.005 24365 17236 E art     : invalid stream - problem with parameter iterator in /data/app/com.google.android.gms-2/base.apk:classes3.dex for method void com.google.android.gms.org.conscrypt.ConscryptFileDescriptorSocket.setSoWriteTimeout(int)
08-05 19:31:57.005 24365 17236 W Conscrypt: 	at com.google.android.gms.org.conscrypt.Platform.setSocketWriteTimeout(:com.google.android.gms@202614019@20.26.14 (040400-320008519):2)
08-05 19:31:57.006 24365 17236 W Conscrypt: 	at com.google.android.gms.org.conscrypt.ConscryptFileDescriptorSocket.setSoWriteTimeout(:com.google.android.gms@202614019@20.26.14 (040400-320008519))
08-05 19:31:57.023 24365 17236 W Conscrypt: Could not set socket write timeout: java.net.SocketException: Socket closed
08-05 19:31:57.024 24365 17236 E art     : invalid stream - problem with parameter iterator in /data/app/com.google.android.gms-2/base.apk:classes3.dex for method void com.google.android.gms.org.conscrypt.ConscryptFileDescriptorSocket.setSoWriteTimeout(int)
08-05 19:31:57.024 24365 17236 W Conscrypt: 	at com.google.android.gms.org.conscrypt.Platform.setSocketWriteTimeout(:com.google.android.gms@202614019@20.26.14 (040400-320008519):2)
08-05 19:31:57.024 24365 17236 W Conscrypt: 	at com.google.android.gms.org.conscrypt.ConscryptFileDescriptorSocket.setSoWriteTimeout(:com.google.android.gms@202614019@20.26.14 (040400-320008519))
08-05 19:31:57.199 11113 11149 E OneSignal: Error Getting GCM Token
08-05 19:31:57.199 11113 11149 E OneSignal: java.io.IOException: INVALID_SENDER
08-05 19:31:57.199 11113 11149 E OneSignal: 	at com.google.android.gms.gcm.GoogleCloudMessaging.zzd(Unknown Source)
08-05 19:31:57.199 11113 11149 E OneSignal: 	at com.google.android.gms.gcm.GoogleCloudMessaging.register(Unknown Source)
08-05 19:31:57.199 11113 11149 E OneSignal: 	at com.onesignal.PushRegistratorGCM.getToken(PushRegistratorGCM.java:42)
08-05 19:31:57.199 11113 11149 E OneSignal: 	at com.onesignal.PushRegistratorAbstractGoogle.attemptRegistration(PushRegistratorAbstractGoogle.java:97)
08-05 19:31:57.199 11113 11149 E OneSignal: 	at com.onesignal.PushRegistratorAbstractGoogle.access$100(PushRegistratorAbstractGoogle.java:37)
08-05 19:31:57.199 11113 11149 E OneSignal: 	at com.onesignal.PushRegistratorAbstractGoogle$1.run(PushRegistratorAbstractGoogle.java:84)
08-05 19:31:57.199 11113 11149 E OneSignal: 	at java.lang.Thread.run(Thread.java:818)
08-05 19:31:57.216 11113 11159 I art     : Rejecting re-init on previously-failed class java.lang.Class<com.onesignal.OneSignalChromeTab$OneSignalCustomTabsServiceConnection>
08-05 19:31:57.216 11113 11159 I art     : Rejecting re-init on previously-failed class java.lang.Class<com.onesignal.OneSignalChromeTab$OneSignalCustomTabsServiceConnection>
08-05 19:31:57.644 11164 11164 D AndroidRuntime: >>>>>> START com.android.internal.os.RuntimeInit uid 2000 <<<<<<
08-05 19:31:57.651 11164 11164 D AndroidRuntime: CheckJNI is OFF
08-05 19:31:57.679 11164 11164 D ICU     : No timezone override file found: /data/misc/zoneinfo/current/icu/icu_tzdata.dat
08-05 19:31:57.709 11164 11164 I Radio-JNI: register_android_hardware_Radio DONE
08-05 19:31:57.726 11164 11164 D AndroidRuntime: Calling main entry com.android.commands.am.Am
08-05 19:31:57.739  5615  5615 I Trepn   : Trepn 6.2s: Received intent: com.quicinc.trepn.start_profiling
08-05 19:31:57.872  5615  5615 W FileUtils: Failed to chmod(/storage/emulated/0/trepn/Trepn_2020.08.05_193157.db): android.system.ErrnoException: chmod failed: EPERM (Operation not permitted)
08-05 19:31:57.993  5615  5615 I Trepn   : Trepn 6.2s: Trepn has Started Profiling.
08-05 19:31:57.996 11164 11164 D AndroidRuntime: Shutting down VM
08-05 19:31:58.013   918  4400 I ActivityManager: START u0 {cmp=baseline.appteam.nith.hillffair/.activities.WelcomeActivity} from uid 10675 on display 0
08-05 19:31:58.039   918  3714 I ActivityManager: START u0 {cmp=baseline.appteam.nith.hillffair/.activities.HomeActivity} from uid 10675 on display 0
08-05 19:31:58.046   918  3961 W ActivityManager: Duplicate finish request for ActivityRecord{f91e3b5 u0 baseline.appteam.nith.hillffair/.activities.WelcomeActivity t4209 f}
08-05 19:31:58.417 11113 11143 I art     : Starting a blocking GC Explicit
08-05 19:31:58.439 11113 11143 I art     : Explicit concurrent mark sweep GC freed 1907(399KB) AllocSpace objects, 0(0B) LOS objects, 25% free, 47MB/63MB, paused 326us total 21.781ms
08-05 19:31:58.447 11113 11143 I art     : Starting a blocking GC Explicit
08-05 19:31:58.459 11113 11143 I art     : Explicit concurrent mark sweep GC freed 427(19KB) AllocSpace objects, 0(0B) LOS objects, 25% free, 47MB/63MB, paused 154us total 11.802ms
08-05 19:31:58.471 11113 11143 I art     : Starting a blocking GC Explicit
08-05 19:31:58.485 11113 11143 I art     : Explicit concurrent mark sweep GC freed 25(1296B) AllocSpace objects, 0(0B) LOS objects, 25% free, 47MB/63MB, paused 254us total 13.383ms
08-05 19:31:58.492 11113 11143 I art     : Starting a blocking GC Explicit
08-05 19:31:58.503 11113 11143 I art     : Explicit concurrent mark sweep GC freed 3(96B) AllocSpace objects, 0(0B) LOS objects, 25% free, 47MB/63MB, paused 186us total 10.493ms
08-05 19:31:58.508 11113 11143 I art     : Starting a blocking GC Explicit
08-05 19:31:58.519 11113 11143 I art     : Explicit concurrent mark sweep GC freed 3(96B) AllocSpace objects, 0(0B) LOS objects, 25% free, 47MB/63MB, paused 173us total 10.465ms
08-05 19:31:58.557   918   936 I ActivityManager: Displayed baseline.appteam.nith.hillffair/.activities.HomeActivity: +473ms (total +534ms)
08-05 19:31:58.557 13866 13866 I GoogleInputMethodServic: GoogleInputMethodService.onFinishInput():3138 
08-05 19:31:58.558 13866 13866 I GoogleInputMethodServic: GoogleInputMethodService.onStartInput():1808 
08-05 19:31:58.804   380   380 W SurfaceFlinger: couldn't log to binary event log: overflow.
08-05 19:31:58.809 11113 11124 I art     : Starting a blocking GC Explicit
08-05 19:31:58.824 11113 11124 I art     : Explicit concurrent mark sweep GC freed 1617(126KB) AllocSpace objects, 1(20KB) LOS objects, 24% free, 48MB/64MB, paused 163us total 14.382ms
08-05 19:31:58.830 11113 11124 I art     : Starting a blocking GC Explicit
08-05 19:31:58.840 11113 11124 I art     : Explicit concurrent mark sweep GC freed 1027(71KB) AllocSpace objects, 0(0B) LOS objects, 25% free, 47MB/63MB, paused 134us total 10.086ms
08-05 19:31:58.846 11113 11124 I art     : Starting a blocking GC Explicit
08-05 19:31:58.856 11113 11124 I art     : Explicit concurrent mark sweep GC freed 3(96B) AllocSpace objects, 0(0B) LOS objects, 25% free, 47MB/63MB, paused 124us total 9.886ms
08-05 19:31:58.861 11113 11124 I art     : Starting a blocking GC Explicit
08-05 19:31:58.872 11113 11124 I art     : Explicit concurrent mark sweep GC freed 3(96B) AllocSpace objects, 0(0B) LOS objects, 25% free, 47MB/63MB, paused 124us total 10.716ms
08-05 19:31:58.878 11113 11124 I art     : Starting a blocking GC Explicit
08-05 19:31:58.888 11113 11124 I art     : Explicit concurrent mark sweep GC freed 3(96B) AllocSpace objects, 0(0B) LOS objects, 25% free, 47MB/63MB, paused 122us total 10.291ms
08-05 19:31:59.157 11113 11126 I art     : Starting a blocking GC Explicit
08-05 19:31:59.171 11113 11126 I art     : Explicit concurrent mark sweep GC freed 2014(113KB) AllocSpace objects, 1(20KB) LOS objects, 25% free, 47MB/63MB, paused 150us total 14.185ms
08-05 19:31:59.178 11113 11126 I art     : Starting a blocking GC Explicit
08-05 19:31:59.189 11113 11126 I art     : Explicit concurrent mark sweep GC freed 908(59KB) AllocSpace objects, 0(0B) LOS objects, 25% free, 47MB/63MB, paused 139us total 11.149ms
08-05 19:31:59.195 11113 11126 I art     : Starting a blocking GC Explicit
08-05 19:31:59.206 11113 11126 I art     : Explicit concurrent mark sweep GC freed 3(96B) AllocSpace objects, 0(0B) LOS objects, 25% free, 47MB/63MB, paused 148us total 10.941ms
08-05 19:31:59.212 11113 11126 I art     : Starting a blocking GC Explicit
08-05 19:31:59.223 11113 11126 I art     : Explicit concurrent mark sweep GC freed 3(96B) AllocSpace objects, 0(0B) LOS objects, 25% free, 47MB/63MB, paused 140us total 10.556ms
08-05 19:31:59.228 11113 11126 I art     : Starting a blocking GC Explicit
08-05 19:31:59.240 11113 11126 I art     : Explicit concurrent mark sweep GC freed 3(96B) AllocSpace objects, 0(0B) LOS objects, 25% free, 47MB/63MB, paused 151us total 11.182ms
08-05 19:31:59.545 11113 11124 I art     : Starting a blocking GC Explicit
08-05 19:31:59.560 11113 11124 I art     : Explicit concurrent mark sweep GC freed 1342(78KB) AllocSpace objects, 1(20KB) LOS objects, 25% free, 47MB/63MB, paused 176us total 14.912ms
08-05 19:31:59.570 11113 11124 I art     : Starting a blocking GC Explicit
08-05 19:31:59.582 11113 11124 I art     : Explicit concurrent mark sweep GC freed 20(704B) AllocSpace objects, 0(0B) LOS objects, 25% free, 47MB/63MB, paused 153us total 12.260ms
08-05 19:31:59.588 11113 11124 I art     : Starting a blocking GC Explicit
08-05 19:31:59.600 11113 11124 I art     : Explicit concurrent mark sweep GC freed 3(96B) AllocSpace objects, 0(0B) LOS objects, 25% free, 47MB/63MB, paused 146us total 11.515ms
08-05 19:31:59.606 11113 11124 I art     : Starting a blocking GC Explicit
08-05 19:31:59.618 11113 11124 I art     : Explicit concurrent mark sweep GC freed 3(96B) AllocSpace objects, 0(0B) LOS objects, 25% free, 47MB/63MB, paused 253us total 11.246ms
08-05 19:31:59.623 11113 11124 I art     : Starting a blocking GC Explicit
08-05 19:31:59.635 11113 11124 I art     : Explicit concurrent mark sweep GC freed 3(96B) AllocSpace objects, 0(0B) LOS objects, 25% free, 47MB/63MB, paused 152us total 11.276ms
08-05 19:31:59.948 11113 11143 I art     : Starting a blocking GC Explicit
08-05 19:31:59.964 11113 11143 I art     : Explicit concurrent mark sweep GC freed 1341(78KB) AllocSpace objects, 1(20KB) LOS objects, 25% free, 47MB/63MB, paused 193us total 15.087ms
08-05 19:31:59.974 11113 11143 I art     : Starting a blocking GC Explicit
08-05 19:31:59.986 11113 11143 I art     : Explicit concurrent mark sweep GC freed 20(704B) AllocSpace objects, 0(0B) LOS objects, 25% free, 47MB/63MB, paused 157us total 12.032ms
08-05 19:31:59.992 11113 11143 I art     : Starting a blocking GC Explicit
08-05 19:32:00.004 11113 11143 I art     : Explicit concurrent mark sweep GC freed 3(96B) AllocSpace objects, 0(0B) LOS objects, 25% free, 47MB/63MB, paused 152us total 11.340ms
08-05 19:32:00.010 11113 11143 I art     : Starting a blocking GC Explicit
08-05 19:32:00.021 11113 11143 I art     : Explicit concurrent mark sweep GC freed 3(96B) AllocSpace objects, 0(0B) LOS objects, 25% free, 47MB/63MB, paused 136us total 11.254ms
08-05 19:32:00.027 11113 11143 I art     : Starting a blocking GC Explicit
08-05 19:32:00.038 11113 11143 I art     : Explicit concurrent mark sweep GC freed 3(96B) AllocSpace objects, 0(0B) LOS objects, 25% free, 47MB/63MB, paused 143us total 10.997ms
08-05 19:32:00.345 11113 11126 I art     : Starting a blocking GC Explicit
08-05 19:32:00.364 11113 11126 I art     : Explicit concurrent mark sweep GC freed 1339(78KB) AllocSpace objects, 1(20KB) LOS objects, 25% free, 47MB/63MB, paused 241us total 18.403ms
08-05 19:32:00.376 11113 11126 I art     : Starting a blocking GC Explicit
08-05 19:32:00.388 11113 11126 I art     : Explicit concurrent mark sweep GC freed 20(704B) AllocSpace objects, 0(0B) LOS objects, 25% free, 47MB/63MB, paused 160us total 12.172ms
08-05 19:32:00.394 11113 11126 I art     : Starting a blocking GC Explicit
08-05 19:32:00.406 11113 11126 I art     : Explicit concurrent mark sweep GC freed 3(96B) AllocSpace objects, 0(0B) LOS objects, 25% free, 47MB/63MB, paused 153us total 11.704ms
08-05 19:32:00.412 11113 11126 I art     : Starting a blocking GC Explicit
08-05 19:32:00.424 11113 11126 I art     : Explicit concurrent mark sweep GC freed 3(96B) AllocSpace objects, 0(0B) LOS objects, 25% free, 47MB/63MB, paused 145us total 11.777ms
08-05 19:32:00.430 11113 11126 I art     : Starting a blocking GC Explicit
08-05 19:32:00.442 11113 11126 I art     : Explicit concurrent mark sweep GC freed 3(96B) AllocSpace objects, 0(0B) LOS objects, 25% free, 47MB/63MB, paused 155us total 11.323ms
08-05 19:32:00.744 11113 11124 I art     : Starting a blocking GC Explicit
08-05 19:32:00.763 11113 11124 I art     : Explicit concurrent mark sweep GC freed 1339(78KB) AllocSpace objects, 1(20KB) LOS objects, 25% free, 47MB/63MB, paused 176us total 19.300ms
08-05 19:32:00.773 11113 11124 I art     : Starting a blocking GC Explicit
08-05 19:32:00.788 11113 11124 I art     : Explicit concurrent mark sweep GC freed 20(704B) AllocSpace objects, 0(0B) LOS objects, 25% free, 47MB/63MB, paused 136us total 14.253ms
08-05 19:32:00.794 11113 11124 I art     : Starting a blocking GC Explicit
08-05 19:32:00.806 11113 11124 I art     : Explicit concurrent mark sweep GC freed 3(96B) AllocSpace objects, 0(0B) LOS objects, 25% free, 47MB/63MB, paused 144us total 11.980ms
08-05 19:32:00.813 11113 11124 I art     : Starting a blocking GC Explicit
08-05 19:32:00.825 11113 11124 I art     : Explicit concurrent mark sweep GC freed 3(96B) AllocSpace objects, 0(0B) LOS objects, 25% free, 47MB/63MB, paused 151us total 12.094ms
08-05 19:32:00.831 11113 11124 I art     : Starting a blocking GC Explicit
08-05 19:32:00.843 11113 11124 I art     : Explicit concurrent mark sweep GC freed 3(96B) AllocSpace objects, 0(0B) LOS objects, 25% free, 47MB/63MB, paused 147us total 11.255ms
08-05 19:32:01.139 11113 11143 I art     : Starting a blocking GC Explicit
08-05 19:32:01.153 11113 11143 I art     : Explicit concurrent mark sweep GC freed 1339(78KB) AllocSpace objects, 1(20KB) LOS objects, 25% free, 47MB/63MB, paused 173us total 13.972ms
08-05 19:32:01.160 11113 11143 I art     : Starting a blocking GC Explicit
08-05 19:32:01.172 11113 11143 I art     : Explicit concurrent mark sweep GC freed 20(704B) AllocSpace objects, 0(0B) LOS objects, 25% free, 47MB/63MB, paused 156us total 12.197ms
08-05 19:32:01.179 11113 11143 I art     : Starting a blocking GC Explicit
08-05 19:32:01.190 11113 11143 I art     : Explicit concurrent mark sweep GC freed 3(96B) AllocSpace objects, 0(0B) LOS objects, 25% free, 47MB/63MB, paused 161us total 11.586ms
08-05 19:32:01.197 11113 11143 I art     : Starting a blocking GC Explicit
08-05 19:32:01.209 11113 11143 I art     : Explicit concurrent mark sweep GC freed 3(96B) AllocSpace objects, 0(0B) LOS objects, 25% free, 47MB/63MB, paused 145us total 11.135ms
08-05 19:32:01.214 11113 11143 I art     : Starting a blocking GC Explicit
08-05 19:32:01.226 11113 11143 I art     : Explicit concurrent mark sweep GC freed 3(96B) AllocSpace objects, 0(0B) LOS objects, 25% free, 47MB/63MB, paused 147us total 10.928ms
08-05 19:32:01.556 11113 11126 I art     : Starting a blocking GC Explicit
08-05 19:32:01.578 11113 11126 I art     : Explicit concurrent mark sweep GC freed 1339(78KB) AllocSpace objects, 1(20KB) LOS objects, 25% free, 47MB/63MB, paused 221us total 21.226ms
08-05 19:32:01.591 11113 11126 I art     : Starting a blocking GC Explicit
08-05 19:32:01.603 11113 11126 I art     : Explicit concurrent mark sweep GC freed 20(704B) AllocSpace objects, 0(0B) LOS objects, 25% free, 47MB/63MB, paused 142us total 11.655ms
08-05 19:32:01.609 11113 11126 I art     : Starting a blocking GC Explicit
08-05 19:32:01.620 11113 11126 I art     : Explicit concurrent mark sweep GC freed 3(96B) AllocSpace objects, 0(0B) LOS objects, 25% free, 47MB/63MB, paused 152us total 10.978ms
08-05 19:32:01.626 11113 11126 I art     : Starting a blocking GC Explicit
08-05 19:32:01.637 11113 11126 I art     : Explicit concurrent mark sweep GC freed 3(96B) AllocSpace objects, 0(0B) LOS objects, 25% free, 47MB/63MB, paused 154us total 11.239ms
08-05 19:32:01.640 13866 13882 I PeriodicStatsRunner: PeriodicStatsRunner.call():175 call()
08-05 19:32:01.640 13866 13882 I PeriodicStatsRunner: PeriodicStatsRunner.call():179 No submit PeriodicStats since input started.
08-05 19:32:01.643 11113 11126 I art     : Starting a blocking GC Explicit
08-05 19:32:01.655 11113 11126 I art     : Explicit concurrent mark sweep GC freed 3(96B) AllocSpace objects, 0(0B) LOS objects, 25% free, 47MB/63MB, paused 152us total 11.359ms
08-05 19:32:01.951 11113 11124 I art     : Starting a blocking GC Explicit
08-05 19:32:01.963 11113 11124 I art     : Explicit concurrent mark sweep GC freed 1338(78KB) AllocSpace objects, 1(20KB) LOS objects, 25% free, 47MB/63MB, paused 165us total 11.672ms
08-05 19:32:01.970 11113 11124 I art     : Starting a blocking GC Explicit
08-05 19:32:01.980 11113 11124 I art     : Explicit concurrent mark sweep GC freed 20(704B) AllocSpace objects, 0(0B) LOS objects, 25% free, 47MB/63MB, paused 138us total 10.289ms
08-05 19:32:01.986 11113 11124 I art     : Starting a blocking GC Explicit
08-05 19:32:01.987   918  1210 D NetlinkSocketObserver: NeighborEvent{elapsedMs=1802525862, 192.168.2.254, [7C3953A63323], RTM_NEWNEIGH, NUD_REACHABLE}
08-05 19:32:01.996 11113 11124 I art     : Explicit concurrent mark sweep GC freed 3(96B) AllocSpace objects, 0(0B) LOS objects, 25% free, 47MB/63MB, paused 138us total 9.894ms
08-05 19:32:02.001 11113 11124 I art     : Starting a blocking GC Explicit
08-05 19:32:02.011 11113 11124 I art     : Explicit concurrent mark sweep GC freed 3(96B) AllocSpace objects, 0(0B) LOS objects, 25% free, 47MB/63MB, paused 133us total 9.946ms
08-05 19:32:02.017 11113 11124 I art     : Starting a blocking GC Explicit
08-05 19:32:02.027 11113 11124 I art     : Explicit concurrent mark sweep GC freed 3(96B) AllocSpace objects, 0(0B) LOS objects, 25% free, 47MB/63MB, paused 145us total 9.787ms
08-05 19:32:02.327 11113 11143 I art     : Starting a blocking GC Explicit
08-05 19:32:02.342 11113 11143 I art     : Explicit concurrent mark sweep GC freed 1546(92KB) AllocSpace objects, 1(20KB) LOS objects, 25% free, 47MB/63MB, paused 231us total 14.742ms
08-05 19:32:02.344 11113 11305 W OneSignal: OneSignalRestClient: POST Error thrown from network stack. 
08-05 19:32:02.344 11113 11305 W OneSignal: java.io.IOException: unexpected end of stream on Connection{api.onesignal.com:443, proxy=HTTP@192.168.2.12:8080 hostAddress=192.168.2.12 cipherSuite=TLS_ECDHE_RSA_WITH_AES_128_GCM_SHA256 protocol=http/1.1} (recycle count=1)
08-05 19:32:02.344 11113 11305 W OneSignal: 	at com.android.okhttp.internal.http.HttpConnection.readResponse(HttpConnection.java:210)
08-05 19:32:02.344 11113 11305 W OneSignal: 	at com.android.okhttp.internal.http.HttpTransport.readResponseHeaders(HttpTransport.java:80)
08-05 19:32:02.344 11113 11305 W OneSignal: 	at com.android.okhttp.internal.http.HttpEngine.readNetworkResponse(HttpEngine.java:904)
08-05 19:32:02.344 11113 11305 W OneSignal: 	at com.android.okhttp.internal.http.HttpEngine.readResponse(HttpEngine.java:788)
08-05 19:32:02.344 11113 11305 W OneSignal: 	at com.android.okhttp.internal.huc.HttpURLConnectionImpl.execute(HttpURLConnectionImpl.java:439)
08-05 19:32:02.344 11113 11305 W OneSignal: 	at com.android.okhttp.internal.huc.HttpURLConnectionImpl.getResponse(HttpURLConnectionImpl.java:384)
08-05 19:32:02.344 11113 11305 W OneSignal: 	at com.android.okhttp.internal.huc.HttpURLConnectionImpl.getResponseCode(HttpURLConnectionImpl.java:497)
08-05 19:32:02.344 11113 11305 W OneSignal: 	at com.android.okhttp.internal.huc.DelegatingHttpsURLConnection.getResponseCode(DelegatingHttpsURLConnection.java:105)
08-05 19:32:02.344 11113 11305 W OneSignal: 	at com.android.okhttp.internal.huc.HttpsURLConnectionImpl.getResponseCode(HttpsURLConnectionImpl.java)
08-05 19:32:02.344 11113 11305 W OneSignal: 	at com.onesignal.OneSignalRestClient.startHTTPConnection(OneSignalRestClient.java:180)
08-05 19:32:02.344 11113 11305 W OneSignal: 	at com.onesignal.OneSignalRestClient.access$100(OneSignalRestClient.java:44)
08-05 19:32:02.344 11113 11305 W OneSignal: 	at com.onesignal.OneSignalRestClient$4.run(OneSignalRestClient.java:110)
08-05 19:32:02.344 11113 11305 W OneSignal: 	at java.lang.Thread.run(Thread.java:818)
08-05 19:32:02.344 11113 11305 W OneSignal: Caused by: java.io.EOFException: \n not found: size=0 content=...
08-05 19:32:02.344 11113 11305 W OneSignal: 	at com.android.okhttp.okio.RealBufferedSource.readUtf8LineStrict(RealBufferedSource.java:200)
08-05 19:32:02.344 11113 11305 W OneSignal: 	at com.android.okhttp.internal.http.HttpConnection.readResponse(HttpConnection.java:191)
08-05 19:32:02.344 11113 11305 W OneSignal: 	... 12 more
08-05 19:32:02.346 11113 11311 W OneSignal: Failed last request. statusCode: -1
08-05 19:32:02.346 11113 11311 W OneSignal: response: null
08-05 19:32:02.350 11113 11143 I art     : Starting a blocking GC Explicit
08-05 19:32:02.363 11113 11143 I art     : Explicit concurrent mark sweep GC freed 385(60KB) AllocSpace objects, 0(0B) LOS objects, 25% free, 47MB/63MB, paused 165us total 12.614ms
08-05 19:32:02.369 11113 11143 I art     : Starting a blocking GC Explicit
08-05 19:32:02.382 11113 11143 I art     : Explicit concurrent mark sweep GC freed 7(288B) AllocSpace objects, 0(0B) LOS objects, 25% free, 47MB/63MB, paused 158us total 12.342ms
08-05 19:32:02.388 11113 11143 I art     : Starting a blocking GC Explicit
08-05 19:32:02.400 11113 11143 I art     : Explicit concurrent mark sweep GC freed 3(96B) AllocSpace objects, 0(0B) LOS objects, 25% free, 47MB/63MB, paused 155us total 11.553ms
08-05 19:32:02.406 11113 11143 I art     : Starting a blocking GC Explicit
08-05 19:32:02.417 11113 11143 I art     : Explicit concurrent mark sweep GC freed 3(96B) AllocSpace objects, 0(0B) LOS objects, 25% free, 47MB/63MB, paused 156us total 11.519ms
08-05 19:32:02.710 11113 11126 I art     : Starting a blocking GC Explicit
08-05 19:32:02.723 11113 11126 I art     : Explicit concurrent mark sweep GC freed 1339(78KB) AllocSpace objects, 1(20KB) LOS objects, 25% free, 47MB/63MB, paused 192us total 13.145ms
08-05 19:32:02.730 11113 11126 I art     : Starting a blocking GC Explicit
08-05 19:32:02.742 11113 11126 I art     : Explicit concurrent mark sweep GC freed 20(704B) AllocSpace objects, 0(0B) LOS objects, 25% free, 47MB/63MB, paused 182us total 12.124ms
08-05 19:32:02.749 11113 11126 I art     : Starting a blocking GC Explicit
08-05 19:32:02.760 11113 11126 I art     : Explicit concurrent mark sweep GC freed 3(96B) AllocSpace objects, 0(0B) LOS objects, 25% free, 47MB/63MB, paused 151us total 10.632ms
08-05 19:32:02.765 11113 11126 I art     : Starting a blocking GC Explicit
08-05 19:32:02.776 11113 11126 I art     : Explicit concurrent mark sweep GC freed 3(96B) AllocSpace objects, 0(0B) LOS objects, 25% free, 47MB/63MB, paused 155us total 10.786ms
08-05 19:32:02.782 11113 11126 I art     : Starting a blocking GC Explicit
08-05 19:32:02.793 11113 11126 I art     : Explicit concurrent mark sweep GC freed 3(96B) AllocSpace objects, 0(0B) LOS objects, 25% free, 47MB/63MB, paused 151us total 10.594ms
08-05 19:32:02.990 11324 11324 D AndroidRuntime: >>>>>> START com.android.internal.os.RuntimeInit uid 2000 <<<<<<
08-05 19:32:02.994 11324 11324 D AndroidRuntime: CheckJNI is OFF
08-05 19:32:03.020 11324 11324 D ICU     : No timezone override file found: /data/misc/zoneinfo/current/icu/icu_tzdata.dat
08-05 19:32:03.044 11324 11324 I Radio-JNI: register_android_hardware_Radio DONE
08-05 19:32:03.060 11324 11324 D AndroidRuntime: Calling main entry com.android.commands.input.Input
08-05 19:32:03.061 11324 11324 I Input   : injectMotionEvent: MotionEvent { action=ACTION_DOWN, actionButton=0, id[0]=0, x[0]=337.0, y[0]=1104.0, toolType[0]=TOOL_TYPE_UNKNOWN, buttonState=0, metaState=0, flags=0x0, edgeFlags=0x0, pointerCount=1, historySize=0, eventTime=819139474, downTime=819139474, deviceId=0, source=0x1002 }
08-05 19:32:03.066 11324 11324 I Input   : injectMotionEvent: MotionEvent { action=ACTION_UP, actionButton=0, id[0]=0, x[0]=337.0, y[0]=1104.0, toolType[0]=TOOL_TYPE_UNKNOWN, buttonState=0, metaState=0, flags=0x0, edgeFlags=0x0, pointerCount=1, historySize=0, eventTime=819139474, downTime=819139474, deviceId=0, source=0x1002 }
08-05 19:32:03.068   918  6110 I ActivityManager: START u0 {cmp=baseline.appteam.nith.hillffair/.activities.BattleDayActivity} from uid 10675 on display 0
08-05 19:32:03.073 11324 11324 D AndroidRuntime: Shutting down VM
08-05 19:32:03.090 11113 11124 I art     : Starting a blocking GC Explicit
08-05 19:32:03.103 11113 11124 I art     : Explicit concurrent mark sweep GC freed 2325(196KB) AllocSpace objects, 1(20KB) LOS objects, 24% free, 48MB/64MB, paused 679us total 13.040ms
08-05 19:32:03.108 11113 11124 I art     : Starting a blocking GC Explicit
08-05 19:32:03.124 11113 11124 I art     : Explicit concurrent mark sweep GC freed 2110(129KB) AllocSpace objects, 0(0B) LOS objects, 24% free, 48MB/64MB, paused 780us total 15.528ms
08-05 19:32:03.130 11113 11124 I art     : Starting a blocking GC Explicit
08-05 19:32:03.145 11113 11124 I art     : Explicit concurrent mark sweep GC freed 4377(239KB) AllocSpace objects, 0(0B) LOS objects, 24% free, 48MB/64MB, paused 335us total 14.733ms
08-05 19:32:03.151 11113 11124 I art     : Starting a blocking GC Explicit
08-05 19:32:03.163 11113 11124 I art     : Explicit concurrent mark sweep GC freed 143(14KB) AllocSpace objects, 0(0B) LOS objects, 24% free, 48MB/64MB, paused 195us total 11.685ms
08-05 19:32:03.168 11113 11124 I art     : Starting a blocking GC Explicit
08-05 19:32:03.178 13866 13866 I GoogleInputMethodServic: GoogleInputMethodService.onFinishInput():3138 
08-05 19:32:03.179 13866 13866 I GoogleInputMethodServic: GoogleInputMethodService.onStartInput():1808 
08-05 19:32:03.180 11113 11124 I art     : Explicit concurrent mark sweep GC freed 43(1472B) AllocSpace objects, 0(0B) LOS objects, 24% free, 48MB/64MB, paused 186us total 11.307ms
08-05 19:32:03.218   918   936 I ActivityManager: Displayed baseline.appteam.nith.hillffair/.activities.BattleDayActivity: +144ms
08-05 19:32:03.425 11113 11126 I art     : Starting a blocking GC Explicit
08-05 19:32:03.447 11113 11126 I art     : Explicit concurrent mark sweep GC freed 1553(93KB) AllocSpace objects, 1(20KB) LOS objects, 24% free, 48MB/64MB, paused 253us total 21.058ms
08-05 19:32:03.458 11113 11126 I art     : Starting a blocking GC Explicit
08-05 19:32:03.477   380   380 W SurfaceFlinger: couldn't log to binary event log: overflow.
08-05 19:32:03.478 11113 11126 I art     : Explicit concurrent mark sweep GC freed 34(1168B) AllocSpace objects, 0(0B) LOS objects, 24% free, 48MB/64MB, paused 209us total 20.114ms
08-05 19:32:03.485 11113 11126 I art     : Starting a blocking GC Explicit
08-05 19:32:03.504 11113 11126 I art     : Explicit concurrent mark sweep GC freed 3(96B) AllocSpace objects, 0(0B) LOS objects, 24% free, 48MB/64MB, paused 217us total 18.751ms
08-05 19:32:03.512 11113 11126 I art     : Starting a blocking GC Explicit
08-05 19:32:03.523 11113 11126 I art     : Explicit concurrent mark sweep GC freed 3(96B) AllocSpace objects, 0(0B) LOS objects, 24% free, 48MB/64MB, paused 187us total 11.319ms
08-05 19:32:03.529 11113 11126 I art     : Starting a blocking GC Explicit
08-05 19:32:03.540 11113 11126 I art     : Explicit concurrent mark sweep GC freed 3(96B) AllocSpace objects, 0(0B) LOS objects, 24% free, 48MB/64MB, paused 190us total 11.335ms
08-05 19:32:03.558 13866 13882 I PeriodicStatsRunner: PeriodicStatsRunner.call():175 call()
08-05 19:32:03.558 13866 13882 I PeriodicStatsRunner: PeriodicStatsRunner.call():179 No submit PeriodicStats since input started.
08-05 19:32:03.799 11113 11348 I art     : Starting a blocking GC Explicit
08-05 19:32:03.814 11113 11348 I art     : Explicit concurrent mark sweep GC freed 1495(90KB) AllocSpace objects, 1(20KB) LOS objects, 24% free, 48MB/64MB, paused 210us total 14.575ms
08-05 19:32:03.820 11113 11348 I art     : Starting a blocking GC Explicit
08-05 19:32:03.833 11113 11348 I art     : Explicit concurrent mark sweep GC freed 49(1664B) AllocSpace objects, 0(0B) LOS objects, 24% free, 48MB/64MB, paused 218us total 12.666ms
08-05 19:32:03.839 11113 11348 I art     : Starting a blocking GC Explicit
08-05 19:32:03.852 11113 11348 I art     : Explicit concurrent mark sweep GC freed 8(288B) AllocSpace objects, 0(0B) LOS objects, 24% free, 48MB/64MB, paused 191us total 12.299ms
08-05 19:32:03.858 11113 11348 I art     : Starting a blocking GC Explicit
08-05 19:32:03.870 11113 11348 I art     : Explicit concurrent mark sweep GC freed 8(288B) AllocSpace objects, 0(0B) LOS objects, 24% free, 48MB/64MB, paused 179us total 12.367ms
08-05 19:32:03.876 11113 11348 I art     : Starting a blocking GC Explicit
08-05 19:32:03.888 11113 11348 I art     : Explicit concurrent mark sweep GC freed 8(288B) AllocSpace objects, 0(0B) LOS objects, 24% free, 48MB/64MB, paused 188us total 11.725ms
08-05 19:32:03.983 11113 11347 D OkHttp  : --> GET https://api-hillfair-2k16.herokuapp.com/api/app/events/special http/1.1
08-05 19:32:04.026 11113 11347 D OkHttp  : <-- 200 OK https://api-hillfair-2k16.herokuapp.com/api/app/events/special (42ms, 554-byte body)
08-05 19:32:04.081 11113 11113 I NAPPA_EXPERIMENTATION: MetricNetworkRequestExecutionTime: REQUEST_DURATION_SYSTEM='950',REQUEST_DURATION_OKHTTP='41',REQUEST_SYNCHRONOUS='FALSE',RESPONSE_CODE='200',RESPONSE_METHOD='GET',RESPONSE_LENGTH_OKHTTP='554',RESPONSE_LENGTH_HEADER='554',REQUEST_PROTOCOL='http/1.1',REQUEST_URL='https://api-hillfair-2k16.herokuapp.com/api/app/events/special',
08-05 19:32:04.147 11113 11143 I art     : Starting a blocking GC Explicit
08-05 19:32:04.165 11113 11143 I art     : Explicit concurrent mark sweep GC freed 5689(365KB) AllocSpace objects, 4(220KB) LOS objects, 24% free, 48MB/64MB, paused 449us total 16.920ms
08-05 19:32:04.172 11113 11143 I art     : Starting a blocking GC Explicit
08-05 19:32:04.185 11113 11143 I art     : Explicit concurrent mark sweep GC freed 1283(132KB) AllocSpace objects, 0(0B) LOS objects, 24% free, 48MB/64MB, paused 338us total 13.324ms
08-05 19:32:04.191 11113 11143 I art     : Starting a blocking GC Explicit
08-05 19:32:04.204 11113 11143 I art     : Explicit concurrent mark sweep GC freed 23(976B) AllocSpace objects, 0(0B) LOS objects, 24% free, 48MB/64MB, paused 279us total 12.541ms
08-05 19:32:04.210 11113 11143 I art     : Starting a blocking GC Explicit
08-05 19:32:04.222 11113 11143 I art     : Explicit concurrent mark sweep GC freed 3(96B) AllocSpace objects, 0(0B) LOS objects, 24% free, 48MB/64MB, paused 274us total 11.927ms
08-05 19:32:04.228 11113 11143 I art     : Starting a blocking GC Explicit
08-05 19:32:04.240 11113 11143 I art     : Explicit concurrent mark sweep GC freed 3(96B) AllocSpace objects, 0(0B) LOS objects, 24% free, 48MB/64MB, paused 286us total 12.532ms
08-05 19:32:04.287   518   646 I ThermalEngine: ACTION: GPU - Setting GPU[0] to 510000000
08-05 19:32:04.518 11113 11348 I art     : Starting a blocking GC Explicit
08-05 19:32:04.541 11113 11348 I art     : Explicit concurrent mark sweep GC freed 1342(78KB) AllocSpace objects, 1(20KB) LOS objects, 24% free, 48MB/64MB, paused 409us total 22.473ms
08-05 19:32:04.552 11113 11348 I art     : Starting a blocking GC Explicit
08-05 19:32:04.579 11113 11348 I art     : Explicit concurrent mark sweep GC freed 5618(225KB) AllocSpace objects, 0(0B) LOS objects, 24% free, 48MB/64MB, paused 823us total 27.278ms
08-05 19:32:04.588 11113 11348 I art     : Starting a blocking GC Explicit
08-05 19:32:04.606 11113 11348 I art     : Explicit concurrent mark sweep GC freed 1920(71KB) AllocSpace objects, 0(0B) LOS objects, 24% free, 48MB/64MB, paused 406us total 17.493ms
08-05 19:32:04.614 11113 11348 I art     : Starting a blocking GC Explicit
08-05 19:32:04.631 11113 11348 I art     : Explicit concurrent mark sweep GC freed 82(3KB) AllocSpace objects, 0(0B) LOS objects, 24% free, 48MB/64MB, paused 381us total 17.414ms
08-05 19:32:04.639 11113 11348 I art     : Starting a blocking GC Explicit
08-05 19:32:04.656 11113 11348 I art     : Explicit concurrent mark sweep GC freed 310(48KB) AllocSpace objects, 0(0B) LOS objects, 23% free, 50MB/66MB, paused 362us total 16.968ms
08-05 19:32:04.861  7260  7260 I ServiceManager: Waiting for service AtCmdFwd...
08-05 19:32:04.933 11113 11348 I art     : Starting a blocking GC Explicit
08-05 19:32:04.953 11113 11348 I art     : Explicit concurrent mark sweep GC freed 1787(224KB) AllocSpace objects, 1(20KB) LOS objects, 23% free, 52MB/68MB, paused 293us total 19.751ms
08-05 19:32:04.964 11113 11348 I art     : Starting a blocking GC Explicit
08-05 19:32:04.983 11113 11348 I art     : Explicit concurrent mark sweep GC freed 86(2976B) AllocSpace objects, 0(0B) LOS objects, 23% free, 52MB/68MB, paused 319us total 18.834ms
08-05 19:32:04.993 11113 11348 I art     : Starting a blocking GC Explicit
08-05 19:32:05.011 11113 11348 I art     : Explicit concurrent mark sweep GC freed 3(96B) AllocSpace objects, 0(0B) LOS objects, 23% free, 52MB/68MB, paused 294us total 18.106ms
08-05 19:32:05.019 11113 11348 I art     : Starting a blocking GC Explicit
08-05 19:32:05.037 11113 11348 I art     : Explicit concurrent mark sweep GC freed 3(96B) AllocSpace objects, 0(0B) LOS objects, 23% free, 52MB/68MB, paused 309us total 17.527ms
08-05 19:32:05.045 11113 11348 I art     : Starting a blocking GC Explicit
08-05 19:32:05.063 11113 11348 I art     : Explicit concurrent mark sweep GC freed 3(96B) AllocSpace objects, 0(0B) LOS objects, 23% free, 52MB/68MB, paused 292us total 17.583ms
08-05 19:32:05.365 11113 11124 I art     : Starting a blocking GC Explicit
08-05 19:32:05.384 11113 11124 I art     : Explicit concurrent mark sweep GC freed 1340(78KB) AllocSpace objects, 1(20KB) LOS objects, 23% free, 52MB/68MB, paused 291us total 18.530ms
08-05 19:32:05.392 11113 11124 I art     : Starting a blocking GC Explicit
08-05 19:32:05.411 11113 11124 I art     : Explicit concurrent mark sweep GC freed 20(704B) AllocSpace objects, 0(0B) LOS objects, 23% free, 52MB/68MB, paused 303us total 17.990ms
08-05 19:32:05.419 11113 11124 I art     : Starting a blocking GC Explicit
08-05 19:32:05.437 11113 11124 I art     : Explicit concurrent mark sweep GC freed 3(96B) AllocSpace objects, 0(0B) LOS objects, 23% free, 52MB/68MB, paused 280us total 17.534ms
08-05 19:32:05.445 11113 11124 I art     : Starting a blocking GC Explicit
08-05 19:32:05.462 11113 11124 I art     : Explicit concurrent mark sweep GC freed 3(96B) AllocSpace objects, 0(0B) LOS objects, 23% free, 52MB/68MB, paused 285us total 17.368ms
08-05 19:32:05.471 11113 11124 I art     : Starting a blocking GC Explicit
08-05 19:32:05.489 11113 11124 I art     : Explicit concurrent mark sweep GC freed 3(96B) AllocSpace objects, 0(0B) LOS objects, 23% free, 52MB/68MB, paused 286us total 17.706ms
08-05 19:32:05.801 11113 11126 I art     : Starting a blocking GC Explicit
08-05 19:32:05.822 11113 11126 I art     : Explicit concurrent mark sweep GC freed 1340(78KB) AllocSpace objects, 1(20KB) LOS objects, 23% free, 52MB/68MB, paused 306us total 20.845ms
08-05 19:32:05.830 11113 11126 I art     : Starting a blocking GC Explicit
08-05 19:32:05.848 11113 11126 I art     : Explicit concurrent mark sweep GC freed 20(704B) AllocSpace objects, 0(0B) LOS objects, 23% free, 52MB/68MB, paused 311us total 17.634ms
08-05 19:32:05.856 11113 11126 I art     : Starting a blocking GC Explicit
08-05 19:32:05.862  7260  7260 I ServiceManager: Waiting for service AtCmdFwd...
08-05 19:32:05.874 11113 11126 I art     : Explicit concurrent mark sweep GC freed 3(96B) AllocSpace objects, 0(0B) LOS objects, 23% free, 52MB/68MB, paused 293us total 17.855ms
08-05 19:32:05.883 11113 11126 I art     : Starting a blocking GC Explicit
08-05 19:32:05.901 11113 11126 I art     : Explicit concurrent mark sweep GC freed 3(96B) AllocSpace objects, 0(0B) LOS objects, 23% free, 52MB/68MB, paused 287us total 17.842ms
08-05 19:32:05.909 11113 11126 I art     : Starting a blocking GC Explicit
08-05 19:32:05.927 11113 11126 I art     : Explicit concurrent mark sweep GC freed 3(96B) AllocSpace objects, 0(0B) LOS objects, 23% free, 52MB/68MB, paused 312us total 17.812ms
08-05 19:32:06.246 11113 11143 I art     : Starting a blocking GC Explicit
08-05 19:32:06.269 11113 11143 I art     : Explicit concurrent mark sweep GC freed 1340(78KB) AllocSpace objects, 1(20KB) LOS objects, 23% free, 52MB/68MB, paused 308us total 22.086ms
08-05 19:32:06.280 11113 11143 I art     : Starting a blocking GC Explicit
08-05 19:32:06.301 11113 11143 I art     : Explicit concurrent mark sweep GC freed 20(704B) AllocSpace objects, 0(0B) LOS objects, 23% free, 52MB/68MB, paused 328us total 20.925ms
08-05 19:32:06.313 11113 11143 I art     : Starting a blocking GC Explicit
08-05 19:32:06.331 11113 11143 I art     : Explicit concurrent mark sweep GC freed 3(96B) AllocSpace objects, 0(0B) LOS objects, 23% free, 52MB/68MB, paused 315us total 17.709ms
08-05 19:32:06.340 11113 11143 I art     : Starting a blocking GC Explicit
08-05 19:32:06.358 11113 11143 I art     : Explicit concurrent mark sweep GC freed 3(96B) AllocSpace objects, 0(0B) LOS objects, 23% free, 52MB/68MB, paused 296us total 17.811ms
08-05 19:32:06.366 11113 11143 I art     : Starting a blocking GC Explicit
08-05 19:32:06.384 11113 11143 I art     : Explicit concurrent mark sweep GC freed 3(96B) AllocSpace objects, 0(0B) LOS objects, 23% free, 52MB/68MB, paused 288us total 17.922ms
08-05 19:32:06.719 11113 11348 I art     : Starting a blocking GC Explicit
08-05 19:32:06.745 11113 11348 I art     : Explicit concurrent mark sweep GC freed 1340(78KB) AllocSpace objects, 1(20KB) LOS objects, 23% free, 52MB/68MB, paused 312us total 25.511ms
08-05 19:32:06.756 11113 11348 I art     : Starting a blocking GC Explicit
08-05 19:32:06.777 11113 11348 I art     : Explicit concurrent mark sweep GC freed 20(704B) AllocSpace objects, 0(0B) LOS objects, 23% free, 52MB/68MB, paused 380us total 20.546ms
08-05 19:32:06.785 11113 11348 I art     : Starting a blocking GC Explicit
08-05 19:32:06.803 11113 11348 I art     : Explicit concurrent mark sweep GC freed 3(96B) AllocSpace objects, 0(0B) LOS objects, 23% free, 52MB/68MB, paused 290us total 17.980ms
08-05 19:32:06.811 11113 11348 I art     : Starting a blocking GC Explicit
08-05 19:32:06.829 11113 11348 I art     : Explicit concurrent mark sweep GC freed 3(96B) AllocSpace objects, 0(0B) LOS objects, 23% free, 52MB/68MB, paused 290us total 17.458ms
08-05 19:32:06.837 11113 11348 I art     : Starting a blocking GC Explicit
08-05 19:32:06.854 11113 11348 I art     : Explicit concurrent mark sweep GC freed 3(96B) AllocSpace objects, 0(0B) LOS objects, 23% free, 52MB/68MB, paused 289us total 17.080ms
08-05 19:32:06.863  7260  7260 I ServiceManager: Waiting for service AtCmdFwd...
08-05 19:32:07.180 11113 11124 I art     : Starting a blocking GC Explicit
08-05 19:32:07.204 11113 11124 I art     : Explicit concurrent mark sweep GC freed 1340(78KB) AllocSpace objects, 1(20KB) LOS objects, 23% free, 52MB/68MB, paused 341us total 24.067ms
08-05 19:32:07.219 11113 11124 I art     : Starting a blocking GC Explicit
08-05 19:32:07.237 11113 11124 I art     : Explicit concurrent mark sweep GC freed 20(704B) AllocSpace objects, 0(0B) LOS objects, 23% free, 52MB/68MB, paused 325us total 17.835ms
08-05 19:32:07.245 11113 11124 I art     : Starting a blocking GC Explicit
08-05 19:32:07.263 11113 11124 I art     : Explicit concurrent mark sweep GC freed 3(96B) AllocSpace objects, 0(0B) LOS objects, 23% free, 52MB/68MB, paused 286us total 17.322ms
08-05 19:32:07.271 11113 11124 I art     : Starting a blocking GC Explicit
08-05 19:32:07.289 11113 11124 I art     : Explicit concurrent mark sweep GC freed 3(96B) AllocSpace objects, 0(0B) LOS objects, 23% free, 52MB/68MB, paused 285us total 17.360ms
08-05 19:32:07.297 11113 11124 I art     : Starting a blocking GC Explicit
08-05 19:32:07.315 11113 11124 I art     : Explicit concurrent mark sweep GC freed 3(96B) AllocSpace objects, 0(0B) LOS objects, 23% free, 52MB/68MB, paused 286us total 17.716ms
08-05 19:32:07.641 11113 11126 I art     : Starting a blocking GC Explicit
08-05 19:32:07.668 11113 11126 I art     : Explicit concurrent mark sweep GC freed 1340(78KB) AllocSpace objects, 1(20KB) LOS objects, 23% free, 52MB/68MB, paused 407us total 26.478ms
08-05 19:32:07.679 11113 11126 I art     : Starting a blocking GC Explicit
08-05 19:32:07.701 11113 11126 I art     : Explicit concurrent mark sweep GC freed 20(704B) AllocSpace objects, 0(0B) LOS objects, 23% free, 52MB/68MB, paused 308us total 20.930ms
08-05 19:32:07.709 11113 11126 I art     : Starting a blocking GC Explicit
08-05 19:32:07.727 11113 11126 I art     : Explicit concurrent mark sweep GC freed 3(96B) AllocSpace objects, 0(0B) LOS objects, 23% free, 52MB/68MB, paused 377us total 17.645ms
08-05 19:32:07.736 11113 11126 I art     : Starting a blocking GC Explicit
08-05 19:32:07.753 11113 11126 I art     : Explicit concurrent mark sweep GC freed 3(96B) AllocSpace objects, 0(0B) LOS objects, 23% free, 52MB/68MB, paused 283us total 17.156ms
08-05 19:32:07.761 11113 11126 I art     : Starting a blocking GC Explicit
08-05 19:32:07.778 11113 11126 I art     : Explicit concurrent mark sweep GC freed 3(96B) AllocSpace objects, 0(0B) LOS objects, 23% free, 52MB/68MB, paused 295us total 17.189ms
08-05 19:32:07.863  7260  7260 I ServiceManager: Waiting for service AtCmdFwd...
08-05 19:32:08.098 11113 11143 I art     : Starting a blocking GC Explicit
08-05 19:32:08.124 11113 11143 I art     : Explicit concurrent mark sweep GC freed 1340(78KB) AllocSpace objects, 1(20KB) LOS objects, 23% free, 52MB/68MB, paused 367us total 25.636ms
08-05 19:32:08.137 11113 11143 I art     : Starting a blocking GC Explicit
08-05 19:32:08.155 11113 11143 I art     : Explicit concurrent mark sweep GC freed 20(704B) AllocSpace objects, 0(0B) LOS objects, 23% free, 52MB/68MB, paused 292us total 17.799ms
08-05 19:32:08.163 11113 11143 I art     : Starting a blocking GC Explicit
08-05 19:32:08.179 13866 13882 I PeriodicStatsRunner: PeriodicStatsRunner.call():175 call()
08-05 19:32:08.179 13866 13882 I PeriodicStatsRunner: PeriodicStatsRunner.call():179 No submit PeriodicStats since input started.
08-05 19:32:08.181 11113 11143 I art     : Explicit concurrent mark sweep GC freed 3(96B) AllocSpace objects, 0(0B) LOS objects, 23% free, 52MB/68MB, paused 288us total 17.412ms
08-05 19:32:08.189 11113 11143 I art     : Starting a blocking GC Explicit
08-05 19:32:08.207 11113 11143 I art     : Explicit concurrent mark sweep GC freed 3(96B) AllocSpace objects, 0(0B) LOS objects, 23% free, 52MB/68MB, paused 312us total 18.032ms
08-05 19:32:08.216 11113 11143 I art     : Starting a blocking GC Explicit
08-05 19:32:08.234 11113 11143 I art     : Explicit concurrent mark sweep GC freed 3(96B) AllocSpace objects, 0(0B) LOS objects, 23% free, 52MB/68MB, paused 292us total 17.397ms
08-05 19:32:08.545 11113 11348 I art     : Starting a blocking GC Explicit
08-05 19:32:08.567 11113 11348 I art     : Explicit concurrent mark sweep GC freed 1340(78KB) AllocSpace objects, 1(20KB) LOS objects, 23% free, 52MB/68MB, paused 404us total 21.977ms
08-05 19:32:08.579 11113 11348 I art     : Starting a blocking GC Explicit
08-05 19:32:08.600 11113 11348 I art     : Explicit concurrent mark sweep GC freed 20(704B) AllocSpace objects, 0(0B) LOS objects, 23% free, 52MB/68MB, paused 312us total 20.980ms
08-05 19:32:08.610 11113 11348 I art     : Starting a blocking GC Explicit
08-05 19:32:08.628 11113 11348 I art     : Explicit concurrent mark sweep GC freed 3(96B) AllocSpace objects, 0(0B) LOS objects, 23% free, 52MB/68MB, paused 294us total 18.119ms
08-05 19:32:08.637 11113 11348 I art     : Starting a blocking GC Explicit
08-05 19:32:08.654 11113 11348 I art     : Explicit concurrent mark sweep GC freed 3(96B) AllocSpace objects, 0(0B) LOS objects, 23% free, 52MB/68MB, paused 287us total 17.018ms
08-05 19:32:08.662 11113 11348 I art     : Starting a blocking GC Explicit
08-05 19:32:08.680 11113 11348 I art     : Explicit concurrent mark sweep GC freed 3(96B) AllocSpace objects, 0(0B) LOS objects, 23% free, 52MB/68MB, paused 294us total 17.462ms
08-05 19:32:08.864  7260  7260 I ServiceManager: Waiting for service AtCmdFwd...
08-05 19:32:08.988 11113 11124 I art     : Starting a blocking GC Explicit
08-05 19:32:09.010 11113 11124 I art     : Explicit concurrent mark sweep GC freed 1340(78KB) AllocSpace objects, 1(20KB) LOS objects, 23% free, 52MB/68MB, paused 318us total 21.957ms
08-05 19:32:09.022 11113 11124 I art     : Starting a blocking GC Explicit
08-05 19:32:09.043 11113 11124 I art     : Explicit concurrent mark sweep GC freed 20(704B) AllocSpace objects, 0(0B) LOS objects, 23% free, 52MB/68MB, paused 269us total 20.878ms
08-05 19:32:09.052 11113 11124 I art     : Starting a blocking GC Explicit
08-05 19:32:09.070 11113 11124 I art     : Explicit concurrent mark sweep GC freed 3(96B) AllocSpace objects, 0(0B) LOS objects, 23% free, 52MB/68MB, paused 285us total 18.058ms
08-05 19:32:09.078 11113 11124 I art     : Starting a blocking GC Explicit
08-05 19:32:09.096 11113 11124 I art     : Explicit concurrent mark sweep GC freed 3(96B) AllocSpace objects, 0(0B) LOS objects, 23% free, 52MB/68MB, paused 263us total 17.779ms
08-05 19:32:09.104 11113 11124 I art     : Starting a blocking GC Explicit
08-05 19:32:09.123 11113 11124 I art     : Explicit concurrent mark sweep GC freed 3(96B) AllocSpace objects, 0(0B) LOS objects, 23% free, 52MB/68MB, paused 319us total 17.843ms
08-05 19:32:09.435 11113 11126 I art     : Starting a blocking GC Explicit
08-05 19:32:09.461 11113 11126 I art     : Explicit concurrent mark sweep GC freed 1340(78KB) AllocSpace objects, 1(20KB) LOS objects, 23% free, 52MB/68MB, paused 360us total 26.526ms
08-05 19:32:09.472 11113 11126 I art     : Starting a blocking GC Explicit
08-05 19:32:09.491 11113 11126 I art     : Explicit concurrent mark sweep GC freed 20(704B) AllocSpace objects, 0(0B) LOS objects, 23% free, 52MB/68MB, paused 298us total 18.082ms
08-05 19:32:09.499 11113 11126 I art     : Starting a blocking GC Explicit
08-05 19:32:09.517 11113 11126 I art     : Explicit concurrent mark sweep GC freed 3(96B) AllocSpace objects, 0(0B) LOS objects, 23% free, 52MB/68MB, paused 421us total 17.735ms
08-05 19:32:09.525 11113 11126 I art     : Starting a blocking GC Explicit
08-05 19:32:09.543 11113 11126 I art     : Explicit concurrent mark sweep GC freed 3(96B) AllocSpace objects, 0(0B) LOS objects, 23% free, 52MB/68MB, paused 293us total 17.810ms
08-05 19:32:09.551 11113 11126 I art     : Starting a blocking GC Explicit
08-05 19:32:09.570 11113 11126 I art     : Explicit concurrent mark sweep GC freed 3(96B) AllocSpace objects, 0(0B) LOS objects, 23% free, 52MB/68MB, paused 289us total 17.952ms
08-05 19:32:09.864  7260  7260 W Atfwd_Sendcmd: AtCmdFwd service not published, waiting... retryCnt : 4
08-05 19:32:09.899 11113 11143 I art     : Starting a blocking GC Explicit
08-05 19:32:09.922 11113 11143 I art     : Explicit concurrent mark sweep GC freed 1340(78KB) AllocSpace objects, 1(20KB) LOS objects, 23% free, 52MB/68MB, paused 325us total 22.090ms
08-05 19:32:09.937 11113 11143 I art     : Starting a blocking GC Explicit
08-05 19:32:09.954 11113 11143 I art     : Explicit concurrent mark sweep GC freed 20(704B) AllocSpace objects, 0(0B) LOS objects, 23% free, 52MB/68MB, paused 286us total 16.708ms
08-05 19:32:09.962 11113 11143 I art     : Starting a blocking GC Explicit
08-05 19:32:09.979 11113 11143 I art     : Explicit concurrent mark sweep GC freed 3(96B) AllocSpace objects, 0(0B) LOS objects, 23% free, 52MB/68MB, paused 286us total 16.811ms
08-05 19:32:09.986 11113 11143 I art     : Starting a blocking GC Explicit
08-05 19:32:10.004 11113 11143 I art     : Explicit concurrent mark sweep GC freed 3(96B) AllocSpace objects, 0(0B) LOS objects, 23% free, 52MB/68MB, paused 291us total 17.497ms
08-05 19:32:10.012 11113 11143 I art     : Starting a blocking GC Explicit
08-05 19:32:10.030 11113 11143 I art     : Explicit concurrent mark sweep GC freed 3(96B) AllocSpace objects, 0(0B) LOS objects, 23% free, 52MB/68MB, paused 293us total 17.279ms
08-05 19:32:10.280   918  3261 D WifiStateMachine: starting scan for "H369AA63323"WPA_PSK with 2412,5180
08-05 19:32:10.335 11113 11348 I art     : Starting a blocking GC Explicit
08-05 19:32:10.353 11113 11348 I art     : Explicit concurrent mark sweep GC freed 1340(78KB) AllocSpace objects, 1(20KB) LOS objects, 23% free, 52MB/68MB, paused 296us total 18.474ms
08-05 19:32:10.362 11113 11348 I art     : Starting a blocking GC Explicit
08-05 19:32:10.380 11113 11348 I art     : Explicit concurrent mark sweep GC freed 20(704B) AllocSpace objects, 0(0B) LOS objects, 23% free, 52MB/68MB, paused 293us total 18.025ms
08-05 19:32:10.388 11113 11348 I art     : Starting a blocking GC Explicit
08-05 19:32:10.406 11113 11348 I art     : Explicit concurrent mark sweep GC freed 3(96B) AllocSpace objects, 0(0B) LOS objects, 23% free, 52MB/68MB, paused 298us total 17.630ms
08-05 19:32:10.414 11113 11348 I art     : Starting a blocking GC Explicit
08-05 19:32:10.433 11113 11348 I art     : Explicit concurrent mark sweep GC freed 3(96B) AllocSpace objects, 0(0B) LOS objects, 23% free, 52MB/68MB, paused 295us total 17.928ms
08-05 19:32:10.441 11113 11348 I art     : Starting a blocking GC Explicit
08-05 19:32:10.459 11113 11348 I art     : Explicit concurrent mark sweep GC freed 3(96B) AllocSpace objects, 0(0B) LOS objects, 23% free, 52MB/68MB, paused 290us total 17.658ms
08-05 19:32:10.782 11113 11124 I art     : Starting a blocking GC Explicit
08-05 19:32:10.807 11113 11124 I art     : Explicit concurrent mark sweep GC freed 1340(78KB) AllocSpace objects, 1(20KB) LOS objects, 23% free, 52MB/68MB, paused 343us total 25.020ms
08-05 19:32:10.820 11113 11124 I art     : Starting a blocking GC Explicit
08-05 19:32:10.838 11113 11124 I art     : Explicit concurrent mark sweep GC freed 20(704B) AllocSpace objects, 0(0B) LOS objects, 23% free, 52MB/68MB, paused 296us total 17.912ms
08-05 19:32:10.846 11113 11124 I art     : Starting a blocking GC Explicit
08-05 19:32:10.864 11113 11124 I art     : Explicit concurrent mark sweep GC freed 3(96B) AllocSpace objects, 0(0B) LOS objects, 23% free, 52MB/68MB, paused 286us total 17.525ms
08-05 19:32:10.872 11113 11124 I art     : Starting a blocking GC Explicit
08-05 19:32:10.890 11113 11124 I art     : Explicit concurrent mark sweep GC freed 3(96B) AllocSpace objects, 0(0B) LOS objects, 23% free, 52MB/68MB, paused 286us total 17.621ms
08-05 19:32:10.898 11113 11124 I art     : Starting a blocking GC Explicit
08-05 19:32:10.916 11113 11124 I art     : Explicit concurrent mark sweep GC freed 3(96B) AllocSpace objects, 0(0B) LOS objects, 23% free, 52MB/68MB, paused 292us total 17.931ms
08-05 19:32:11.234 11113 11126 I art     : Starting a blocking GC Explicit
08-05 19:32:11.257 11113 11126 I art     : Explicit concurrent mark sweep GC freed 1340(78KB) AllocSpace objects, 1(20KB) LOS objects, 23% free, 52MB/68MB, paused 328us total 21.865ms
08-05 19:32:11.266 11113 11126 I art     : Starting a blocking GC Explicit
08-05 19:32:11.284 11113 11126 I art     : Explicit concurrent mark sweep GC freed 20(704B) AllocSpace objects, 0(0B) LOS objects, 23% free, 52MB/68MB, paused 285us total 17.640ms
08-05 19:32:11.292 11113 11126 I art     : Starting a blocking GC Explicit
08-05 19:32:11.309 11113 11126 I art     : Explicit concurrent mark sweep GC freed 3(96B) AllocSpace objects, 0(0B) LOS objects, 23% free, 52MB/68MB, paused 268us total 16.846ms
08-05 19:32:11.317 11113 11126 I art     : Starting a blocking GC Explicit
08-05 19:32:11.334 11113 11126 I art     : Explicit concurrent mark sweep GC freed 3(96B) AllocSpace objects, 0(0B) LOS objects, 23% free, 52MB/68MB, paused 336us total 17.210ms
08-05 19:32:11.343 11113 11126 I art     : Starting a blocking GC Explicit
08-05 19:32:11.358 11113 11126 I art     : Explicit concurrent mark sweep GC freed 3(96B) AllocSpace objects, 0(0B) LOS objects, 23% free, 52MB/68MB, paused 286us total 15.538ms
08-05 19:32:11.664 11113 11143 I art     : Starting a blocking GC Explicit
08-05 19:32:11.682 11113 11143 I art     : Explicit concurrent mark sweep GC freed 1340(78KB) AllocSpace objects, 1(20KB) LOS objects, 23% free, 52MB/68MB, paused 300us total 17.701ms
08-05 19:32:11.690 11113 11143 I art     : Starting a blocking GC Explicit
08-05 19:32:11.708 11113 11143 I art     : Explicit concurrent mark sweep GC freed 20(704B) AllocSpace objects, 0(0B) LOS objects, 23% free, 52MB/68MB, paused 310us total 17.286ms
08-05 19:32:11.717 11113 11143 I art     : Starting a blocking GC Explicit
08-05 19:32:11.721 11554 11554 D AndroidRuntime: >>>>>> START com.android.internal.os.RuntimeInit uid 2000 <<<<<<
08-05 19:32:11.726 11554 11554 D AndroidRuntime: CheckJNI is OFF
08-05 19:32:11.734 11113 11143 I art     : Explicit concurrent mark sweep GC freed 3(96B) AllocSpace objects, 0(0B) LOS objects, 23% free, 52MB/68MB, paused 296us total 16.763ms
08-05 19:32:11.741 11113 11143 I art     : Starting a blocking GC Explicit
08-05 19:32:11.758 11113 11143 I art     : Explicit concurrent mark sweep GC freed 3(96B) AllocSpace objects, 0(0B) LOS objects, 23% free, 52MB/68MB, paused 304us total 16.366ms
08-05 19:32:11.761 11554 11554 D ICU     : No timezone override file found: /data/misc/zoneinfo/current/icu/icu_tzdata.dat
08-05 19:32:11.766 11113 11143 I art     : Starting a blocking GC Explicit
08-05 19:32:11.783 11113 11143 I art     : Explicit concurrent mark sweep GC freed 3(96B) AllocSpace objects, 0(0B) LOS objects, 23% free, 52MB/68MB, paused 308us total 16.628ms
08-05 19:32:11.795 11554 11554 I Radio-JNI: register_android_hardware_Radio DONE
08-05 19:32:11.816 11554 11554 D AndroidRuntime: Calling main entry com.android.commands.input.Input
08-05 19:32:11.818 11554 11554 I Input   : injectMotionEvent: MotionEvent { action=ACTION_DOWN, actionButton=0, id[0]=0, x[0]=733.0, y[0]=645.0, toolType[0]=TOOL_TYPE_UNKNOWN, buttonState=0, metaState=0, flags=0x0, edgeFlags=0x0, pointerCount=1, historySize=0, eventTime=819148231, downTime=819148231, deviceId=0, source=0x1002 }
08-05 19:32:11.824 11554 11554 I Input   : injectMotionEvent: MotionEvent { action=ACTION_UP, actionButton=0, id[0]=0, x[0]=733.0, y[0]=645.0, toolType[0]=TOOL_TYPE_UNKNOWN, buttonState=0, metaState=0, flags=0x0, edgeFlags=0x0, pointerCount=1, historySize=0, eventTime=819148231, downTime=819148231, deviceId=0, source=0x1002 }
08-05 19:32:11.826   918  3714 I ActivityManager: START u0 {cmp=baseline.appteam.nith.hillffair/.activities.ClubActivity (has extras)} from uid 10675 on display 0
08-05 19:32:11.836 11554 11554 D AndroidRuntime: Shutting down VM
08-05 19:32:11.947   918   936 I ActivityManager: Displayed baseline.appteam.nith.hillffair/.activities.ClubActivity: +110ms
08-05 19:32:11.947 13866 13866 I GoogleInputMethodServic: GoogleInputMethodService.onFinishInput():3138 
08-05 19:32:11.949 13866 13866 I GoogleInputMethodServic: GoogleInputMethodService.onStartInput():1808 
08-05 19:32:12.018 11113 11126 I art     : Starting a blocking GC Explicit
08-05 19:32:12.037 11113 11126 I art     : Explicit concurrent mark sweep GC freed 5269(328KB) AllocSpace objects, 1(20KB) LOS objects, 23% free, 52MB/68MB, paused 385us total 18.841ms
08-05 19:32:12.046 11113 11126 I art     : Starting a blocking GC Explicit
08-05 19:32:12.067 11113 11126 I art     : Explicit concurrent mark sweep GC freed 211(9KB) AllocSpace objects, 0(0B) LOS objects, 23% free, 52MB/68MB, paused 410us total 20.477ms
08-05 19:32:12.077 11113 11126 I art     : Starting a blocking GC Explicit
08-05 19:32:12.097 11113 11126 I art     : Explicit concurrent mark sweep GC freed 3(96B) AllocSpace objects, 0(0B) LOS objects, 23% free, 52MB/68MB, paused 410us total 20.363ms
08-05 19:32:12.106 11113 11126 I art     : Starting a blocking GC Explicit
08-05 19:32:12.126 11113 11126 I art     : Explicit concurrent mark sweep GC freed 3(96B) AllocSpace objects, 0(0B) LOS objects, 23% free, 52MB/68MB, paused 320us total 20.184ms
08-05 19:32:12.136 11113 11126 I art     : Starting a blocking GC Explicit
08-05 19:32:12.157 11113 11126 I art     : Explicit concurrent mark sweep GC freed 3(96B) AllocSpace objects, 0(0B) LOS objects, 23% free, 52MB/68MB, paused 351us total 21.453ms
08-05 19:32:12.200   380   380 W SurfaceFlinger: couldn't log to binary event log: overflow.
08-05 19:32:12.443 11113 11124 I art     : Starting a blocking GC Explicit
08-05 19:32:12.462 11113 11124 I art     : Explicit concurrent mark sweep GC freed 1479(86KB) AllocSpace objects, 1(20KB) LOS objects, 23% free, 52MB/68MB, paused 351us total 19.226ms
08-05 19:32:12.471 11113 11124 I art     : Starting a blocking GC Explicit
08-05 19:32:12.489 11113 11124 I art     : Explicit concurrent mark sweep GC freed 42(1472B) AllocSpace objects, 0(0B) LOS objects, 23% free, 52MB/68MB, paused 306us total 17.335ms
08-05 19:32:12.497 11113 11124 I art     : Starting a blocking GC Explicit
08-05 19:32:12.515 11113 11124 I art     : Explicit concurrent mark sweep GC freed 10(352B) AllocSpace objects, 0(0B) LOS objects, 23% free, 52MB/68MB, paused 331us total 17.948ms
08-05 19:32:12.523 11113 11124 I art     : Starting a blocking GC Explicit
08-05 19:32:12.541 11113 11124 I art     : Explicit concurrent mark sweep GC freed 11(416B) AllocSpace objects, 0(0B) LOS objects, 23% free, 52MB/68MB, paused 385us total 17.496ms
08-05 19:32:12.549 11113 11124 I art     : Starting a blocking GC Explicit
08-05 19:32:12.567 11113 11124 I art     : Explicit concurrent mark sweep GC freed 10(352B) AllocSpace objects, 0(0B) LOS objects, 23% free, 52MB/68MB, paused 428us total 18.029ms
08-05 19:32:12.689 11113 11577 D OkHttp  : --> GET https://api-hillfair-2k16.herokuapp.com/api/app/events/special/event?id=5806551bdcba0f490c70fd1f http/1.1
08-05 19:32:12.728 11113 11577 D OkHttp  : <-- 200 OK https://api-hillfair-2k16.herokuapp.com/api/app/events/special/event?id=5806551bdcba0f490c70fd1f (39ms, 795-byte body)
08-05 19:32:12.785 11113 11113 I NAPPA_EXPERIMENTATION: MetricNetworkRequestExecutionTime: REQUEST_DURATION_SYSTEM='914',REQUEST_DURATION_OKHTTP='39',REQUEST_SYNCHRONOUS='FALSE',RESPONSE_CODE='200',RESPONSE_METHOD='GET',RESPONSE_LENGTH_OKHTTP='795',RESPONSE_LENGTH_HEADER='795',REQUEST_PROTOCOL='http/1.1',REQUEST_URL='https://api-hillfair-2k16.herokuapp.com/api/app/events/special/event?id=5806551bdcba0f490c70fd1f',
08-05 19:32:12.841 11113 11348 I art     : Starting a blocking GC Explicit
08-05 19:32:12.861 11113 11348 I art     : Explicit concurrent mark sweep GC freed 4795(338KB) AllocSpace objects, 4(220KB) LOS objects, 23% free, 52MB/68MB, paused 395us total 19.634ms
08-05 19:32:12.869 11113 11348 I art     : Starting a blocking GC Explicit
08-05 19:32:12.889 11113 11348 I art     : Explicit concurrent mark sweep GC freed 1058(120KB) AllocSpace objects, 0(0B) LOS objects, 23% free, 52MB/68MB, paused 345us total 19.866ms
08-05 19:32:12.897 11113 11348 I art     : Starting a blocking GC Explicit
08-05 19:32:12.915 11113 11348 I art     : Explicit concurrent mark sweep GC freed 5(160B) AllocSpace objects, 0(0B) LOS objects, 23% free, 52MB/68MB, paused 331us total 16.933ms
08-05 19:32:12.923 11113 11348 I art     : Starting a blocking GC Explicit
08-05 19:32:12.940 11113 11348 I art     : Explicit concurrent mark sweep GC freed 3(96B) AllocSpace objects, 0(0B) LOS objects, 23% free, 52MB/68MB, paused 320us total 17.351ms
08-05 19:32:12.949 11113 11348 I art     : Starting a blocking GC Explicit
08-05 19:32:12.967 11113 11348 I art     : Explicit concurrent mark sweep GC freed 3(96B) AllocSpace objects, 0(0B) LOS objects, 23% free, 52MB/68MB, paused 313us total 18.112ms
08-05 19:32:13.269 11113 11124 I art     : Starting a blocking GC Explicit
08-05 19:32:13.288 11113 11124 I art     : Explicit concurrent mark sweep GC freed 1342(78KB) AllocSpace objects, 1(20KB) LOS objects, 23% free, 52MB/68MB, paused 308us total 19.071ms
08-05 19:32:13.296 11113 11124 I art     : Starting a blocking GC Explicit
08-05 19:32:13.315 11113 11124 I art     : Explicit concurrent mark sweep GC freed 36(1264B) AllocSpace objects, 0(0B) LOS objects, 23% free, 52MB/68MB, paused 316us total 18.350ms
08-05 19:32:13.323 11113 11124 I art     : Starting a blocking GC Explicit
08-05 19:32:13.342 11113 11124 I art     : Explicit concurrent mark sweep GC freed 3(96B) AllocSpace objects, 0(0B) LOS objects, 23% free, 52MB/68MB, paused 310us total 18.765ms
08-05 19:32:13.351 11113 11124 I art     : Starting a blocking GC Explicit
08-05 19:32:13.370 11113 11124 I art     : Explicit concurrent mark sweep GC freed 3(96B) AllocSpace objects, 0(0B) LOS objects, 23% free, 52MB/68MB, paused 307us total 18.665ms
08-05 19:32:13.378 11113 11124 I art     : Starting a blocking GC Explicit
08-05 19:32:13.397 11113 11124 I art     : Explicit concurrent mark sweep GC freed 3(96B) AllocSpace objects, 0(0B) LOS objects, 23% free, 52MB/68MB, paused 336us total 19.055ms
08-05 19:32:13.707 11113 11348 I art     : Starting a blocking GC Explicit
08-05 19:32:13.734 11113 11348 I art     : Explicit concurrent mark sweep GC freed 1341(78KB) AllocSpace objects, 1(20KB) LOS objects, 23% free, 52MB/68MB, paused 390us total 26.484ms
08-05 19:32:13.745 11113 11348 I art     : Starting a blocking GC Explicit
08-05 19:32:13.764 11113 11348 I art     : Explicit concurrent mark sweep GC freed 20(704B) AllocSpace objects, 0(0B) LOS objects, 23% free, 52MB/68MB, paused 307us total 18.978ms
08-05 19:32:13.773 11113 11348 I art     : Starting a blocking GC Explicit
08-05 19:32:13.792 11113 11348 I art     : Explicit concurrent mark sweep GC freed 3(96B) AllocSpace objects, 0(0B) LOS objects, 23% free, 52MB/68MB, paused 315us total 18.716ms
08-05 19:32:13.800 11113 11348 I art     : Starting a blocking GC Explicit
08-05 19:32:13.819 11113 11348 I art     : Explicit concurrent mark sweep GC freed 3(96B) AllocSpace objects, 0(0B) LOS objects, 23% free, 52MB/68MB, paused 305us total 18.734ms
08-05 19:32:13.827 11113 11348 I art     : Starting a blocking GC Explicit
08-05 19:32:13.847 11113 11348 I art     : Explicit concurrent mark sweep GC freed 3(96B) AllocSpace objects, 0(0B) LOS objects, 23% free, 52MB/68MB, paused 367us total 19.562ms
08-05 19:32:14.169 11113 11143 I art     : Starting a blocking GC Explicit
08-05 19:32:14.196 11113 11143 I art     : Explicit concurrent mark sweep GC freed 1341(78KB) AllocSpace objects, 1(20KB) LOS objects, 23% free, 52MB/68MB, paused 355us total 27.209ms
08-05 19:32:14.208 11113 11143 I art     : Starting a blocking GC Explicit
08-05 19:32:14.228 11113 11143 I art     : Explicit concurrent mark sweep GC freed 20(704B) AllocSpace objects, 0(0B) LOS objects, 23% free, 52MB/68MB, paused 320us total 19.932ms
08-05 19:32:14.237 11113 11143 I art     : Starting a blocking GC Explicit
08-05 19:32:14.256 11113 11143 I art     : Explicit concurrent mark sweep GC freed 3(96B) AllocSpace objects, 0(0B) LOS objects, 23% free, 52MB/68MB, paused 306us total 18.849ms
08-05 19:32:14.264 11113 11143 I art     : Starting a blocking GC Explicit
08-05 19:32:14.283 11113 11143 I art     : Explicit concurrent mark sweep GC freed 3(96B) AllocSpace objects, 0(0B) LOS objects, 23% free, 52MB/68MB, paused 314us total 18.770ms
08-05 19:32:14.292 11113 11143 I art     : Starting a blocking GC Explicit
08-05 19:32:14.311 11113 11143 I art     : Explicit concurrent mark sweep GC freed 3(96B) AllocSpace objects, 0(0B) LOS objects, 23% free, 52MB/68MB, paused 323us total 18.978ms
08-05 19:32:14.595 11113 11126 I art     : Starting a blocking GC Explicit
08-05 19:32:14.620 11113 11126 I art     : Explicit concurrent mark sweep GC freed 1341(78KB) AllocSpace objects, 1(20KB) LOS objects, 23% free, 52MB/68MB, paused 500us total 24.357ms
08-05 19:32:14.634 11113 11126 I art     : Starting a blocking GC Explicit
08-05 19:32:14.657 11113 11126 I art     : Explicit concurrent mark sweep GC freed 20(704B) AllocSpace objects, 0(0B) LOS objects, 23% free, 52MB/68MB, paused 351us total 22.995ms
08-05 19:32:14.667 11113 11126 I art     : Starting a blocking GC Explicit
08-05 19:32:14.686 11113 11126 I art     : Explicit concurrent mark sweep GC freed 3(96B) AllocSpace objects, 0(0B) LOS objects, 23% free, 52MB/68MB, paused 309us total 19.059ms
08-05 19:32:14.694 11113 11126 I art     : Starting a blocking GC Explicit
08-05 19:32:14.714 11113 11126 I art     : Explicit concurrent mark sweep GC freed 3(96B) AllocSpace objects, 0(0B) LOS objects, 23% free, 52MB/68MB, paused 296us total 19.004ms
08-05 19:32:14.722 11113 11126 I art     : Starting a blocking GC Explicit
08-05 19:32:14.742 11113 11126 I art     : Explicit concurrent mark sweep GC freed 3(96B) AllocSpace objects, 0(0B) LOS objects, 23% free, 52MB/68MB, paused 336us total 19.620ms
08-05 19:32:15.047 11113 11124 I art     : Starting a blocking GC Explicit
08-05 19:32:15.072 11113 11124 I art     : Explicit concurrent mark sweep GC freed 1341(78KB) AllocSpace objects, 1(20KB) LOS objects, 23% free, 52MB/68MB, paused 318us total 24.536ms
08-05 19:32:15.081 11113 11124 I art     : Starting a blocking GC Explicit
08-05 19:32:15.101 11113 11124 I art     : Explicit concurrent mark sweep GC freed 20(704B) AllocSpace objects, 0(0B) LOS objects, 23% free, 52MB/68MB, paused 322us total 19.745ms
08-05 19:32:15.109 11113 11124 I art     : Starting a blocking GC Explicit
08-05 19:32:15.128 11113 11124 I art     : Explicit concurrent mark sweep GC freed 3(96B) AllocSpace objects, 0(0B) LOS objects, 23% free, 52MB/68MB, paused 318us total 18.882ms
08-05 19:32:15.137 11113 11124 I art     : Starting a blocking GC Explicit
08-05 19:32:15.156 11113 11124 I art     : Explicit concurrent mark sweep GC freed 3(96B) AllocSpace objects, 0(0B) LOS objects, 23% free, 52MB/68MB, paused 316us total 19.209ms
08-05 19:32:15.165 11113 11124 I art     : Starting a blocking GC Explicit
08-05 19:32:15.184 11113 11124 I art     : Explicit concurrent mark sweep GC freed 3(96B) AllocSpace objects, 0(0B) LOS objects, 23% free, 52MB/68MB, paused 305us total 19.121ms
08-05 19:32:15.506 11113 11348 I art     : Starting a blocking GC Explicit
08-05 19:32:15.534 11113 11348 I art     : Explicit concurrent mark sweep GC freed 1341(78KB) AllocSpace objects, 1(20KB) LOS objects, 23% free, 52MB/68MB, paused 364us total 27.352ms
08-05 19:32:15.546 11113 11348 I art     : Starting a blocking GC Explicit
08-05 19:32:15.565 11113 11348 I art     : Explicit concurrent mark sweep GC freed 20(704B) AllocSpace objects, 0(0B) LOS objects, 23% free, 52MB/68MB, paused 316us total 18.804ms
08-05 19:32:15.573 11113 11348 I art     : Starting a blocking GC Explicit
08-05 19:32:15.592 11113 11348 I art     : Explicit concurrent mark sweep GC freed 3(96B) AllocSpace objects, 0(0B) LOS objects, 23% free, 52MB/68MB, paused 312us total 18.729ms
08-05 19:32:15.600 11113 11348 I art     : Starting a blocking GC Explicit
08-05 19:32:15.620 11113 11348 I art     : Explicit concurrent mark sweep GC freed 3(96B) AllocSpace objects, 0(0B) LOS objects, 23% free, 52MB/68MB, paused 321us total 19.084ms
08-05 19:32:15.628 11113 11348 I art     : Starting a blocking GC Explicit
08-05 19:32:15.648 11113 11348 I art     : Explicit concurrent mark sweep GC freed 3(96B) AllocSpace objects, 0(0B) LOS objects, 23% free, 52MB/68MB, paused 337us total 19.179ms
08-05 19:32:15.965 11113 11143 I art     : Starting a blocking GC Explicit
08-05 19:32:15.991 11113 11143 I art     : Explicit concurrent mark sweep GC freed 1341(78KB) AllocSpace objects, 1(20KB) LOS objects, 23% free, 52MB/68MB, paused 349us total 25.936ms
08-05 19:32:16.003 11113 11143 I art     : Starting a blocking GC Explicit
08-05 19:32:16.024 11113 11143 I art     : Explicit concurrent mark sweep GC freed 20(704B) AllocSpace objects, 0(0B) LOS objects, 23% free, 52MB/68MB, paused 327us total 21.459ms
08-05 19:32:16.033 11113 11143 I art     : Starting a blocking GC Explicit
08-05 19:32:16.052 11113 11143 I art     : Explicit concurrent mark sweep GC freed 3(96B) AllocSpace objects, 0(0B) LOS objects, 23% free, 52MB/68MB, paused 314us total 19.223ms
08-05 19:32:16.061 11113 11143 I art     : Starting a blocking GC Explicit
08-05 19:32:16.080 11113 11143 I art     : Explicit concurrent mark sweep GC freed 3(96B) AllocSpace objects, 0(0B) LOS objects, 23% free, 52MB/68MB, paused 314us total 19.180ms
08-05 19:32:16.089 11113 11143 I art     : Starting a blocking GC Explicit
08-05 19:32:16.108 11113 11143 I art     : Explicit concurrent mark sweep GC freed 3(96B) AllocSpace objects, 0(0B) LOS objects, 23% free, 52MB/68MB, paused 315us total 19.228ms
08-05 19:32:16.437 11113 11126 I art     : Starting a blocking GC Explicit
08-05 19:32:16.463 11113 11126 I art     : Explicit concurrent mark sweep GC freed 1341(78KB) AllocSpace objects, 1(20KB) LOS objects, 23% free, 52MB/68MB, paused 441us total 26.152ms
08-05 19:32:16.475 11113 11126 I art     : Starting a blocking GC Explicit
08-05 19:32:16.494 11113 11126 I art     : Explicit concurrent mark sweep GC freed 20(704B) AllocSpace objects, 0(0B) LOS objects, 23% free, 52MB/68MB, paused 313us total 18.872ms
08-05 19:32:16.502 11113 11126 I art     : Starting a blocking GC Explicit
08-05 19:32:16.521 11113 11126 I art     : Explicit concurrent mark sweep GC freed 3(96B) AllocSpace objects, 0(0B) LOS objects, 23% free, 52MB/68MB, paused 321us total 18.629ms
08-05 19:32:16.530 11113 11126 I art     : Starting a blocking GC Explicit
08-05 19:32:16.549 11113 11126 I art     : Explicit concurrent mark sweep GC freed 3(96B) AllocSpace objects, 0(0B) LOS objects, 23% free, 52MB/68MB, paused 327us total 19.687ms
08-05 19:32:16.558 11113 11126 I art     : Starting a blocking GC Explicit
08-05 19:32:16.577 11113 11126 I art     : Explicit concurrent mark sweep GC freed 3(96B) AllocSpace objects, 0(0B) LOS objects, 23% free, 52MB/68MB, paused 345us total 19.007ms
08-05 19:32:16.890 11113 11124 I art     : Starting a blocking GC Explicit
08-05 19:32:16.914 11113 11124 I art     : Explicit concurrent mark sweep GC freed 1341(78KB) AllocSpace objects, 1(20KB) LOS objects, 23% free, 52MB/68MB, paused 403us total 23.542ms
08-05 19:32:16.925 11113 11124 I art     : Starting a blocking GC Explicit
08-05 19:32:16.945 11113 11124 I art     : Explicit concurrent mark sweep GC freed 20(704B) AllocSpace objects, 0(0B) LOS objects, 23% free, 52MB/68MB, paused 296us total 19.406ms
08-05 19:32:16.948 13866 13882 I PeriodicStatsRunner: PeriodicStatsRunner.call():175 call()
08-05 19:32:16.948 13866 13882 I PeriodicStatsRunner: PeriodicStatsRunner.call():179 No submit PeriodicStats since input started.
08-05 19:32:16.953 11113 11124 I art     : Starting a blocking GC Explicit
08-05 19:32:16.973 11113 11124 I art     : Explicit concurrent mark sweep GC freed 3(96B) AllocSpace objects, 0(0B) LOS objects, 23% free, 52MB/68MB, paused 312us total 19.031ms
08-05 19:32:16.981 11113 11124 I art     : Starting a blocking GC Explicit
08-05 19:32:17.001 11113 11124 I art     : Explicit concurrent mark sweep GC freed 3(96B) AllocSpace objects, 0(0B) LOS objects, 23% free, 52MB/68MB, paused 305us total 19.125ms
08-05 19:32:17.009 11113 11124 I art     : Starting a blocking GC Explicit
08-05 19:32:17.028 11113 11124 I art     : Explicit concurrent mark sweep GC freed 3(96B) AllocSpace objects, 0(0B) LOS objects, 23% free, 52MB/68MB, paused 303us total 18.867ms
08-05 19:32:17.341 11113 11348 I art     : Starting a blocking GC Explicit
08-05 19:32:17.366 11113 11348 I art     : Explicit concurrent mark sweep GC freed 1575(91KB) AllocSpace objects, 1(20KB) LOS objects, 23% free, 52MB/68MB, paused 571us total 24.150ms
08-05 19:32:17.378 11113 11348 I art     : Starting a blocking GC Explicit
08-05 19:32:17.397 11113 11348 I art     : Explicit concurrent mark sweep GC freed 57(2032B) AllocSpace objects, 0(0B) LOS objects, 23% free, 52MB/68MB, paused 394us total 19.205ms
08-05 19:32:17.406 11113 11348 I art     : Starting a blocking GC Explicit
08-05 19:32:17.425 11113 11348 I art     : Explicit concurrent mark sweep GC freed 3(96B) AllocSpace objects, 0(0B) LOS objects, 23% free, 52MB/68MB, paused 466us total 19.384ms
08-05 19:32:17.434 11113 11348 I art     : Starting a blocking GC Explicit
08-05 19:32:17.454 11113 11348 I art     : Explicit concurrent mark sweep GC freed 3(96B) AllocSpace objects, 0(0B) LOS objects, 23% free, 52MB/68MB, paused 357us total 19.455ms
08-05 19:32:17.462 11113 11348 I art     : Starting a blocking GC Explicit
08-05 19:32:17.482 11113 11348 I art     : Explicit concurrent mark sweep GC freed 91(3KB) AllocSpace objects, 0(0B) LOS objects, 23% free, 52MB/68MB, paused 392us total 19.760ms
08-05 19:32:17.483 11113 11123 I art     : WaitForGcToComplete blocked for 19.675ms for cause HeapTrim
08-05 19:32:17.617 11113 11715 W OneSignal: OneSignalRestClient: POST Error thrown from network stack. 
08-05 19:32:17.617 11113 11715 W OneSignal: java.io.IOException: unexpected end of stream on Connection{api.onesignal.com:443, proxy=HTTP@192.168.2.12:8080 hostAddress=192.168.2.12 cipherSuite=TLS_ECDHE_RSA_WITH_AES_128_GCM_SHA256 protocol=http/1.1} (recycle count=0)
08-05 19:32:17.617 11113 11715 W OneSignal: 	at com.android.okhttp.internal.http.HttpConnection.readResponse(HttpConnection.java:210)
08-05 19:32:17.617 11113 11715 W OneSignal: 	at com.android.okhttp.internal.http.HttpTransport.readResponseHeaders(HttpTransport.java:80)
08-05 19:32:17.617 11113 11715 W OneSignal: 	at com.android.okhttp.internal.http.HttpEngine.readNetworkResponse(HttpEngine.java:904)
08-05 19:32:17.617 11113 11715 W OneSignal: 	at com.android.okhttp.internal.http.HttpEngine.readResponse(HttpEngine.java:788)
08-05 19:32:17.617 11113 11715 W OneSignal: 	at com.android.okhttp.internal.huc.HttpURLConnectionImpl.execute(HttpURLConnectionImpl.java:439)
08-05 19:32:17.617 11113 11715 W OneSignal: 	at com.android.okhttp.internal.huc.HttpURLConnectionImpl.getResponse(HttpURLConnectionImpl.java:384)
08-05 19:32:17.617 11113 11715 W OneSignal: 	at com.android.okhttp.internal.huc.HttpURLConnectionImpl.getResponseCode(HttpURLConnectionImpl.java:497)
08-05 19:32:17.617 11113 11715 W OneSignal: 	at com.android.okhttp.internal.huc.DelegatingHttpsURLConnection.getResponseCode(DelegatingHttpsURLConnection.java:105)
08-05 19:32:17.617 11113 11715 W OneSignal: 	at com.android.okhttp.internal.huc.HttpsURLConnectionImpl.getResponseCode(HttpsURLConnectionImpl.java)
08-05 19:32:17.617 11113 11715 W OneSignal: 	at com.onesignal.OneSignalRestClient.startHTTPConnection(OneSignalRestClient.java:180)
08-05 19:32:17.617 11113 11715 W OneSignal: 	at com.onesignal.OneSignalRestClient.access$100(OneSignalRestClient.java:44)
08-05 19:32:17.617 11113 11715 W OneSignal: 	at com.onesignal.OneSignalRestClient$4.run(OneSignalRestClient.java:110)
08-05 19:32:17.617 11113 11715 W OneSignal: 	at java.lang.Thread.run(Thread.java:818)
08-05 19:32:17.617 11113 11715 W OneSignal: Caused by: java.io.EOFException: \n not found: size=0 content=...
08-05 19:32:17.617 11113 11715 W OneSignal: 	at com.android.okhttp.okio.RealBufferedSource.readUtf8LineStrict(RealBufferedSource.java:200)
08-05 19:32:17.617 11113 11715 W OneSignal: 	at com.android.okhttp.internal.http.HttpConnection.readResponse(HttpConnection.java:191)
08-05 19:32:17.617 11113 11715 W OneSignal: 	... 12 more
08-05 19:32:17.619 11113 11719 W OneSignal: Failed last request. statusCode: -1
08-05 19:32:17.619 11113 11719 W OneSignal: response: null
08-05 19:32:17.779 11113 11143 I art     : Starting a blocking GC Explicit
08-05 19:32:17.804 11113 11143 I art     : Explicit concurrent mark sweep GC freed 3627(226KB) AllocSpace objects, 1(20KB) LOS objects, 23% free, 52MB/68MB, paused 325us total 24.210ms
08-05 19:32:17.816 11113 11143 I art     : Starting a blocking GC Explicit
08-05 19:32:17.838 11113 11143 I art     : Explicit concurrent mark sweep GC freed 67(2432B) AllocSpace objects, 0(0B) LOS objects, 23% free, 52MB/68MB, paused 317us total 21.764ms
08-05 19:32:17.846 11113 11143 I art     : Starting a blocking GC Explicit
08-05 19:32:17.866 11113 11143 I art     : Explicit concurrent mark sweep GC freed 3(96B) AllocSpace objects, 0(0B) LOS objects, 23% free, 52MB/68MB, paused 345us total 19.132ms
08-05 19:32:17.875 11113 11143 I art     : Starting a blocking GC Explicit
08-05 19:32:17.894 11113 11143 I art     : Explicit concurrent mark sweep GC freed 3(96B) AllocSpace objects, 0(0B) LOS objects, 23% free, 52MB/68MB, paused 318us total 18.629ms
08-05 19:32:17.902 11113 11143 I art     : Starting a blocking GC Explicit
08-05 19:32:17.921 11113 11143 I art     : Explicit concurrent mark sweep GC freed 3(96B) AllocSpace objects, 0(0B) LOS objects, 23% free, 52MB/68MB, paused 314us total 18.482ms
08-05 19:32:18.234 11113 11126 I art     : Starting a blocking GC Explicit
08-05 19:32:18.260 11113 11126 I art     : Explicit concurrent mark sweep GC freed 1341(78KB) AllocSpace objects, 1(20KB) LOS objects, 23% free, 52MB/68MB, paused 365us total 25.092ms
08-05 19:32:18.277 11113 11126 I art     : Starting a blocking GC Explicit
08-05 19:32:18.296 11113 11126 I art     : Explicit concurrent mark sweep GC freed 20(704B) AllocSpace objects, 0(0B) LOS objects, 23% free, 52MB/68MB, paused 317us total 19.499ms
08-05 19:32:18.305 11113 11126 I art     : Starting a blocking GC Explicit
08-05 19:32:18.325 11113 11126 I art     : Explicit concurrent mark sweep GC freed 3(96B) AllocSpace objects, 0(0B) LOS objects, 23% free, 52MB/68MB, paused 317us total 19.491ms
08-05 19:32:18.333 11113 11126 I art     : Starting a blocking GC Explicit
08-05 19:32:18.353 11113 11126 I art     : Explicit concurrent mark sweep GC freed 3(96B) AllocSpace objects, 0(0B) LOS objects, 23% free, 52MB/68MB, paused 312us total 19.191ms
08-05 19:32:18.361 11113 11126 I art     : Starting a blocking GC Explicit
08-05 19:32:18.380 11113 11126 I art     : Explicit concurrent mark sweep GC freed 3(96B) AllocSpace objects, 0(0B) LOS objects, 23% free, 52MB/68MB, paused 310us total 19.084ms
08-05 19:32:18.387   918  1210 D NetlinkSocketObserver: NeighborEvent{elapsedMs=1802542261, 192.168.2.254, [7C3953A63323], RTM_NEWNEIGH, NUD_STALE}
08-05 19:32:18.694 11113 11124 I art     : Starting a blocking GC Explicit
08-05 19:32:18.718 11113 11124 I art     : Explicit concurrent mark sweep GC freed 1341(78KB) AllocSpace objects, 1(20KB) LOS objects, 23% free, 52MB/68MB, paused 351us total 23.470ms
08-05 19:32:18.731 11113 11124 I art     : Starting a blocking GC Explicit
08-05 19:32:18.753 11113 11124 I art     : Explicit concurrent mark sweep GC freed 20(704B) AllocSpace objects, 0(0B) LOS objects, 23% free, 52MB/68MB, paused 313us total 21.575ms
08-05 19:32:18.762 11113 11124 I art     : Starting a blocking GC Explicit
08-05 19:32:18.781 11113 11124 I art     : Explicit concurrent mark sweep GC freed 3(96B) AllocSpace objects, 0(0B) LOS objects, 23% free, 52MB/68MB, paused 307us total 19.280ms
08-05 19:32:18.790 11113 11124 I art     : Starting a blocking GC Explicit
08-05 19:32:18.809 11113 11124 I art     : Explicit concurrent mark sweep GC freed 3(96B) AllocSpace objects, 0(0B) LOS objects, 23% free, 52MB/68MB, paused 305us total 18.754ms
08-05 19:32:18.817 11113 11124 I art     : Starting a blocking GC Explicit
08-05 19:32:18.836 11113 11124 I art     : Explicit concurrent mark sweep GC freed 3(96B) AllocSpace objects, 0(0B) LOS objects, 23% free, 52MB/68MB, paused 360us total 18.553ms
08-05 19:32:19.146 11113 11348 I art     : Starting a blocking GC Explicit
08-05 19:32:19.174 11113 11348 I art     : Explicit concurrent mark sweep GC freed 1341(78KB) AllocSpace objects, 1(20KB) LOS objects, 23% free, 52MB/68MB, paused 370us total 27.793ms
08-05 19:32:19.188 11113 11348 I art     : Starting a blocking GC Explicit
08-05 19:32:19.211 11113 11348 I art     : Explicit concurrent mark sweep GC freed 20(704B) AllocSpace objects, 0(0B) LOS objects, 23% free, 52MB/68MB, paused 439us total 23.210ms
08-05 19:32:19.222 11113 11348 I art     : Starting a blocking GC Explicit
08-05 19:32:19.242 11113 11348 I art     : Explicit concurrent mark sweep GC freed 3(96B) AllocSpace objects, 0(0B) LOS objects, 23% free, 52MB/68MB, paused 315us total 19.578ms
08-05 19:32:19.251 11113 11348 I art     : Starting a blocking GC Explicit
08-05 19:32:19.269 11113 11348 I art     : Explicit concurrent mark sweep GC freed 3(96B) AllocSpace objects, 0(0B) LOS objects, 23% free, 52MB/68MB, paused 310us total 18.363ms
08-05 19:32:19.277 11113 11348 I art     : Starting a blocking GC Explicit
08-05 19:32:19.296 11113 11348 I art     : Explicit concurrent mark sweep GC freed 3(96B) AllocSpace objects, 0(0B) LOS objects, 23% free, 52MB/68MB, paused 313us total 18.049ms
08-05 19:32:19.623 11113 11143 I art     : Starting a blocking GC Explicit
08-05 19:32:19.645 11113 11143 I art     : Explicit concurrent mark sweep GC freed 1341(78KB) AllocSpace objects, 1(20KB) LOS objects, 23% free, 52MB/68MB, paused 330us total 21.818ms
08-05 19:32:19.654 11113 11143 I art     : Starting a blocking GC Explicit
08-05 19:32:19.673 11113 11143 I art     : Explicit concurrent mark sweep GC freed 20(704B) AllocSpace objects, 0(0B) LOS objects, 23% free, 52MB/68MB, paused 317us total 19.084ms
08-05 19:32:19.682 11113 11143 I art     : Starting a blocking GC Explicit
08-05 19:32:19.701 11113 11143 I art     : Explicit concurrent mark sweep GC freed 3(96B) AllocSpace objects, 0(0B) LOS objects, 23% free, 52MB/68MB, paused 327us total 19.026ms
08-05 19:32:19.710 11113 11143 I art     : Starting a blocking GC Explicit
08-05 19:32:19.728 11113 11143 I art     : Explicit concurrent mark sweep GC freed 3(96B) AllocSpace objects, 0(0B) LOS objects, 23% free, 52MB/68MB, paused 348us total 18.330ms
08-05 19:32:19.736 11113 11143 I art     : Starting a blocking GC Explicit
08-05 19:32:19.755 11113 11143 I art     : Explicit concurrent mark sweep GC freed 3(96B) AllocSpace objects, 0(0B) LOS objects, 23% free, 52MB/68MB, paused 309us total 18.374ms
08-05 19:32:20.066 11113 11126 I art     : Starting a blocking GC Explicit
08-05 19:32:20.088 11113 11126 I art     : Explicit concurrent mark sweep GC freed 1341(78KB) AllocSpace objects, 1(20KB) LOS objects, 23% free, 52MB/68MB, paused 387us total 21.950ms
08-05 19:32:20.099 11113 11126 I art     : Starting a blocking GC Explicit
08-05 19:32:20.119 11113 11126 I art     : Explicit concurrent mark sweep GC freed 20(704B) AllocSpace objects, 0(0B) LOS objects, 23% free, 52MB/68MB, paused 317us total 19ms
08-05 19:32:20.127 11113 11126 I art     : Starting a blocking GC Explicit
08-05 19:32:20.147 11113 11126 I art     : Explicit concurrent mark sweep GC freed 3(96B) AllocSpace objects, 0(0B) LOS objects, 23% free, 52MB/68MB, paused 375us total 19.352ms
08-05 19:32:20.155 11113 11126 I art     : Starting a blocking GC Explicit
08-05 19:32:20.174 11113 11126 I art     : Explicit concurrent mark sweep GC freed 3(96B) AllocSpace objects, 0(0B) LOS objects, 23% free, 52MB/68MB, paused 314us total 18.772ms
08-05 19:32:20.183 11113 11126 I art     : Starting a blocking GC Explicit
08-05 19:32:20.202 11113 11126 I art     : Explicit concurrent mark sweep GC freed 3(96B) AllocSpace objects, 0(0B) LOS objects, 23% free, 52MB/68MB, paused 306us total 18.582ms
08-05 19:32:20.506 11113 11124 I art     : Starting a blocking GC Explicit
08-05 19:32:20.529 11113 11124 I art     : Explicit concurrent mark sweep GC freed 1341(78KB) AllocSpace objects, 1(20KB) LOS objects, 23% free, 52MB/68MB, paused 338us total 23.536ms
08-05 19:32:20.541 11113 11124 I art     : Starting a blocking GC Explicit
08-05 19:32:20.560 11113 11124 I art     : Explicit concurrent mark sweep GC freed 20(704B) AllocSpace objects, 0(0B) LOS objects, 23% free, 52MB/68MB, paused 303us total 19.209ms
08-05 19:32:20.569 11113 11124 I art     : Starting a blocking GC Explicit
08-05 19:32:20.588 11113 11124 I art     : Explicit concurrent mark sweep GC freed 3(96B) AllocSpace objects, 0(0B) LOS objects, 23% free, 52MB/68MB, paused 306us total 18.645ms
08-05 19:32:20.596 11113 11124 I art     : Starting a blocking GC Explicit
08-05 19:32:20.615 11113 11124 I art     : Explicit concurrent mark sweep GC freed 3(96B) AllocSpace objects, 0(0B) LOS objects, 23% free, 52MB/68MB, paused 305us total 18.567ms
08-05 19:32:20.623 11113 11124 I art     : Starting a blocking GC Explicit
08-05 19:32:20.643 11113 11124 I art     : Explicit concurrent mark sweep GC freed 3(96B) AllocSpace objects, 0(0B) LOS objects, 23% free, 52MB/68MB, paused 323us total 19.020ms
08-05 19:32:20.963 11113 11348 I art     : Starting a blocking GC Explicit
08-05 19:32:20.987 11113 11348 I art     : Explicit concurrent mark sweep GC freed 1341(78KB) AllocSpace objects, 1(20KB) LOS objects, 23% free, 52MB/68MB, paused 333us total 23.626ms
08-05 19:32:20.998 11113 11348 I art     : Starting a blocking GC Explicit
08-05 19:32:21.018 11113 11348 I art     : Explicit concurrent mark sweep GC freed 20(704B) AllocSpace objects, 0(0B) LOS objects, 23% free, 52MB/68MB, paused 328us total 19.140ms
08-05 19:32:21.026 11113 11348 I art     : Starting a blocking GC Explicit
08-05 19:32:21.046 11113 11348 I art     : Explicit concurrent mark sweep GC freed 3(96B) AllocSpace objects, 0(0B) LOS objects, 23% free, 52MB/68MB, paused 314us total 19.138ms
08-05 19:32:21.054 11113 11348 I art     : Starting a blocking GC Explicit
08-05 19:32:21.074 11113 11348 I art     : Explicit concurrent mark sweep GC freed 3(96B) AllocSpace objects, 0(0B) LOS objects, 23% free, 52MB/68MB, paused 314us total 19.476ms
08-05 19:32:21.082 11113 11348 I art     : Starting a blocking GC Explicit
08-05 19:32:21.102 11113 11348 I art     : Explicit concurrent mark sweep GC freed 3(96B) AllocSpace objects, 0(0B) LOS objects, 23% free, 52MB/68MB, paused 301us total 19.277ms
08-05 19:32:21.426 11113 11143 I art     : Starting a blocking GC Explicit
08-05 19:32:21.450 11113 11143 I art     : Explicit concurrent mark sweep GC freed 1341(78KB) AllocSpace objects, 1(20KB) LOS objects, 23% free, 52MB/68MB, paused 341us total 22.923ms
08-05 19:32:21.459 11113 11143 I art     : Starting a blocking GC Explicit
08-05 19:32:21.479 11113 11143 I art     : Explicit concurrent mark sweep GC freed 20(704B) AllocSpace objects, 0(0B) LOS objects, 23% free, 52MB/68MB, paused 312us total 19.073ms
08-05 19:32:21.487 11113 11143 I art     : Starting a blocking GC Explicit
08-05 19:32:21.506 11113 11143 I art     : Explicit concurrent mark sweep GC freed 3(96B) AllocSpace objects, 0(0B) LOS objects, 23% free, 52MB/68MB, paused 327us total 18.899ms
08-05 19:32:21.515 11113 11143 I art     : Starting a blocking GC Explicit
08-05 19:32:21.534 11113 11143 I art     : Explicit concurrent mark sweep GC freed 3(96B) AllocSpace objects, 0(0B) LOS objects, 23% free, 52MB/68MB, paused 320us total 19.068ms
08-05 19:32:21.542 11113 11143 I art     : Starting a blocking GC Explicit
08-05 19:32:21.561 11113 11143 I art     : Explicit concurrent mark sweep GC freed 3(96B) AllocSpace objects, 0(0B) LOS objects, 23% free, 52MB/68MB, paused 323us total 18.229ms
08-05 19:32:21.873 11113 11126 I art     : Starting a blocking GC Explicit
08-05 19:32:21.896 11113 11126 I art     : Explicit concurrent mark sweep GC freed 1341(78KB) AllocSpace objects, 1(20KB) LOS objects, 23% free, 52MB/68MB, paused 342us total 23.188ms
08-05 19:32:21.907 11113 11126 I art     : Starting a blocking GC Explicit
08-05 19:32:21.926 11113 11126 I art     : Explicit concurrent mark sweep GC freed 20(704B) AllocSpace objects, 0(0B) LOS objects, 23% free, 52MB/68MB, paused 315us total 18.912ms
08-05 19:32:21.935 11113 11126 I art     : Starting a blocking GC Explicit
08-05 19:32:21.954 11113 11126 I art     : Explicit concurrent mark sweep GC freed 3(96B) AllocSpace objects, 0(0B) LOS objects, 23% free, 52MB/68MB, paused 323us total 19.264ms
08-05 19:32:21.963 11113 11126 I art     : Starting a blocking GC Explicit
08-05 19:32:21.982 11113 11126 I art     : Explicit concurrent mark sweep GC freed 3(96B) AllocSpace objects, 0(0B) LOS objects, 23% free, 52MB/68MB, paused 319us total 19.066ms
08-05 19:32:21.991 11113 11126 I art     : Starting a blocking GC Explicit
08-05 19:32:22.009 11113 11126 I art     : Explicit concurrent mark sweep GC freed 3(96B) AllocSpace objects, 0(0B) LOS objects, 23% free, 52MB/68MB, paused 308us total 18.676ms
08-05 19:32:22.346 11113 11124 I art     : Starting a blocking GC Explicit
08-05 19:32:22.369 11113 11124 I art     : Explicit concurrent mark sweep GC freed 1341(78KB) AllocSpace objects, 1(20KB) LOS objects, 23% free, 52MB/68MB, paused 324us total 23.629ms
08-05 19:32:22.381 11113 11124 I art     : Starting a blocking GC Explicit
08-05 19:32:22.401 11113 11124 I art     : Explicit concurrent mark sweep GC freed 20(704B) AllocSpace objects, 0(0B) LOS objects, 23% free, 52MB/68MB, paused 304us total 19.485ms
08-05 19:32:22.409 11113 11124 I art     : Starting a blocking GC Explicit
08-05 19:32:22.428 11113 11124 I art     : Explicit concurrent mark sweep GC freed 3(96B) AllocSpace objects, 0(0B) LOS objects, 23% free, 52MB/68MB, paused 304us total 18.727ms
08-05 19:32:22.436 11113 11124 I art     : Starting a blocking GC Explicit
08-05 19:32:22.455 11113 11124 I art     : Explicit concurrent mark sweep GC freed 3(96B) AllocSpace objects, 0(0B) LOS objects, 23% free, 52MB/68MB, paused 308us total 18.634ms
08-05 19:32:22.463 11113 11124 I art     : Starting a blocking GC Explicit
08-05 19:32:22.483 11113 11124 I art     : Explicit concurrent mark sweep GC freed 3(96B) AllocSpace objects, 0(0B) LOS objects, 23% free, 52MB/68MB, paused 305us total 19.057ms
08-05 19:32:22.789 11113 11348 I art     : Starting a blocking GC Explicit
08-05 19:32:22.817 11113 11348 I art     : Explicit concurrent mark sweep GC freed 1341(78KB) AllocSpace objects, 1(20KB) LOS objects, 23% free, 52MB/68MB, paused 365us total 28.287ms
08-05 19:32:22.818 11113 11123 I art     : WaitForGcToComplete blocked for 13.470ms for cause HeapTrim
08-05 19:32:22.830 11113 11348 I art     : Starting a blocking GC Explicit
08-05 19:32:22.852 11113 11348 I art     : Explicit concurrent mark sweep GC freed 20(704B) AllocSpace objects, 0(0B) LOS objects, 23% free, 52MB/68MB, paused 323us total 21.665ms
08-05 19:32:22.860 11113 11348 I art     : Starting a blocking GC Explicit
08-05 19:32:22.879 11113 11348 I art     : Explicit concurrent mark sweep GC freed 3(96B) AllocSpace objects, 0(0B) LOS objects, 23% free, 52MB/68MB, paused 324us total 19.065ms
08-05 19:32:22.888 11113 11348 I art     : Starting a blocking GC Explicit
08-05 19:32:22.907 11113 11348 I art     : Explicit concurrent mark sweep GC freed 3(96B) AllocSpace objects, 0(0B) LOS objects, 23% free, 52MB/68MB, paused 367us total 18.632ms
08-05 19:32:22.915 11113 11348 I art     : Starting a blocking GC Explicit
08-05 19:32:22.934 11113 11348 I art     : Explicit concurrent mark sweep GC freed 3(96B) AllocSpace objects, 0(0B) LOS objects, 23% free, 52MB/68MB, paused 311us total 18.738ms
08-05 19:32:23.269 11113 11143 I art     : Starting a blocking GC Explicit
08-05 19:32:23.293 11113 11143 I art     : Explicit concurrent mark sweep GC freed 1341(78KB) AllocSpace objects, 1(20KB) LOS objects, 23% free, 52MB/68MB, paused 337us total 23.851ms
08-05 19:32:23.304 11113 11143 I art     : Starting a blocking GC Explicit
08-05 19:32:23.323 11113 11143 I art     : Explicit concurrent mark sweep GC freed 20(704B) AllocSpace objects, 0(0B) LOS objects, 23% free, 52MB/68MB, paused 363us total 18.524ms
08-05 19:32:23.331 11113 11143 I art     : Starting a blocking GC Explicit
08-05 19:32:23.350 11113 11143 I art     : Explicit concurrent mark sweep GC freed 3(96B) AllocSpace objects, 0(0B) LOS objects, 23% free, 52MB/68MB, paused 319us total 18.571ms
08-05 19:32:23.359 11113 11143 I art     : Starting a blocking GC Explicit
08-05 19:32:23.377 11113 11143 I art     : Explicit concurrent mark sweep GC freed 3(96B) AllocSpace objects, 0(0B) LOS objects, 23% free, 52MB/68MB, paused 323us total 18.600ms
08-05 19:32:23.386 11113 11143 I art     : Starting a blocking GC Explicit
08-05 19:32:23.405 11113 11143 I art     : Explicit concurrent mark sweep GC freed 3(96B) AllocSpace objects, 0(0B) LOS objects, 23% free, 52MB/68MB, paused 316us total 18.888ms
08-05 19:32:23.711 11113 11143 I art     : Starting a blocking GC Explicit
08-05 19:32:23.730 11113 11143 I art     : Explicit concurrent mark sweep GC freed 1341(78KB) AllocSpace objects, 1(20KB) LOS objects, 23% free, 52MB/68MB, paused 308us total 18.587ms
08-05 19:32:23.738 11113 11143 I art     : Starting a blocking GC Explicit
08-05 19:32:23.756 11113 11143 I art     : Explicit concurrent mark sweep GC freed 29(1040B) AllocSpace objects, 0(0B) LOS objects, 23% free, 52MB/68MB, paused 327us total 18.423ms
08-05 19:32:23.765 11113 11143 I art     : Starting a blocking GC Explicit
08-05 19:32:23.784 11113 11143 I art     : Explicit concurrent mark sweep GC freed 3(96B) AllocSpace objects, 0(0B) LOS objects, 23% free, 52MB/68MB, paused 330us total 18.991ms
08-05 19:32:23.792 11113 11143 I art     : Starting a blocking GC Explicit
08-05 19:32:23.811 11113 11143 I art     : Explicit concurrent mark sweep GC freed 3(96B) AllocSpace objects, 0(0B) LOS objects, 23% free, 52MB/68MB, paused 313us total 18.789ms
08-05 19:32:23.820 11113 11143 I art     : Starting a blocking GC Explicit
08-05 19:32:23.839 11113 11143 I art     : Explicit concurrent mark sweep GC freed 3(96B) AllocSpace objects, 0(0B) LOS objects, 23% free, 52MB/68MB, paused 318us total 18.703ms
08-05 19:32:24.146 11113 11126 I art     : Starting a blocking GC Explicit
08-05 19:32:24.165 11113 11126 I art     : Explicit concurrent mark sweep GC freed 1341(78KB) AllocSpace objects, 1(20KB) LOS objects, 23% free, 52MB/68MB, paused 325us total 18.949ms
08-05 19:32:24.174 11113 11126 I art     : Starting a blocking GC Explicit
08-05 19:32:24.192 11113 11126 I art     : Explicit concurrent mark sweep GC freed 20(704B) AllocSpace objects, 0(0B) LOS objects, 23% free, 52MB/68MB, paused 329us total 17.889ms
08-05 19:32:24.200 11113 11126 I art     : Starting a blocking GC Explicit
08-05 19:32:24.218 11113 11126 I art     : Explicit concurrent mark sweep GC freed 3(96B) AllocSpace objects, 0(0B) LOS objects, 23% free, 52MB/68MB, paused 310us total 17.823ms
08-05 19:32:24.227 11113 11126 I art     : Starting a blocking GC Explicit
08-05 19:32:24.245 11113 11126 I art     : Explicit concurrent mark sweep GC freed 3(96B) AllocSpace objects, 0(0B) LOS objects, 23% free, 52MB/68MB, paused 318us total 18.501ms
08-05 19:32:24.254 11113 11126 I art     : Starting a blocking GC Explicit
08-05 19:32:24.271 11113 11126 I art     : Explicit concurrent mark sweep GC freed 3(96B) AllocSpace objects, 0(0B) LOS objects, 23% free, 52MB/68MB, paused 307us total 17.734ms
08-05 19:32:24.495 11867 11867 D AndroidRuntime: >>>>>> START com.android.internal.os.RuntimeInit uid 2000 <<<<<<
08-05 19:32:24.501 11867 11867 D AndroidRuntime: CheckJNI is OFF
08-05 19:32:24.535 11867 11867 D ICU     : No timezone override file found: /data/misc/zoneinfo/current/icu/icu_tzdata.dat
08-05 19:32:24.552 11113 11124 I art     : Starting a blocking GC Explicit
08-05 19:32:24.569 11867 11867 I Radio-JNI: register_android_hardware_Radio DONE
08-05 19:32:24.570 11113 11124 I art     : Explicit concurrent mark sweep GC freed 1341(78KB) AllocSpace objects, 1(20KB) LOS objects, 23% free, 52MB/68MB, paused 335us total 18.464ms
08-05 19:32:24.579 11113 11124 I art     : Starting a blocking GC Explicit
08-05 19:32:24.592 11867 11867 D AndroidRuntime: Calling main entry com.android.commands.input.Input
08-05 19:32:24.594 11867 11867 I Input   : injectKeyEvent: KeyEvent { action=ACTION_DOWN, keyCode=KEYCODE_BACK, scanCode=0, metaState=0, flags=0x0, repeatCount=0, eventTime=819161007, downTime=819161007, deviceId=-1, source=0x101 }
08-05 19:32:24.597 11113 11124 I art     : Explicit concurrent mark sweep GC freed 20(704B) AllocSpace objects, 0(0B) LOS objects, 23% free, 52MB/68MB, paused 315us total 17.827ms
08-05 19:32:24.601 11867 11867 I Input   : injectKeyEvent: KeyEvent { action=ACTION_UP, keyCode=KEYCODE_BACK, scanCode=0, metaState=0, flags=0x0, repeatCount=0, eventTime=819161007, downTime=819161007, deviceId=-1, source=0x101 }
08-05 19:32:24.605 11113 11124 I art     : Starting a blocking GC Explicit
08-05 19:32:24.608 11867 11867 D AndroidRuntime: Shutting down VM
08-05 19:32:24.622 11113 11124 I art     : Explicit concurrent mark sweep GC freed 146(6KB) AllocSpace objects, 0(0B) LOS objects, 23% free, 52MB/68MB, paused 328us total 16.980ms
08-05 19:32:24.630 11113 11124 I art     : Starting a blocking GC Explicit
08-05 19:32:24.646 11113 11124 I art     : Explicit concurrent mark sweep GC freed 6(240B) AllocSpace objects, 0(0B) LOS objects, 23% free, 52MB/68MB, paused 286us total 15.887ms
08-05 19:32:24.651 13866 13866 I GoogleInputMethodServic: GoogleInputMethodService.onFinishInput():3138 
08-05 19:32:24.652 13866 13866 I GoogleInputMethodServic: GoogleInputMethodService.onStartInput():1808 
08-05 19:32:24.654 11113 11124 I art     : Starting a blocking GC Explicit
08-05 19:32:24.670 11113 11124 I art     : Explicit concurrent mark sweep GC freed 26(1008B) AllocSpace objects, 0(0B) LOS objects, 23% free, 52MB/68MB, paused 302us total 15.801ms
08-05 19:32:24.937 11113 11126 I art     : Starting a blocking GC Explicit
08-05 19:32:24.947   380   380 W SurfaceFlinger: couldn't log to binary event log: overflow.
08-05 19:32:24.961 11113 11126 I art     : Explicit concurrent mark sweep GC freed 1458(87KB) AllocSpace objects, 1(20KB) LOS objects, 23% free, 52MB/68MB, paused 302us total 23.676ms
08-05 19:32:24.969 11113 11126 I art     : Starting a blocking GC Explicit
08-05 19:32:24.986 11113 11126 I art     : Explicit concurrent mark sweep GC freed 28(1056B) AllocSpace objects, 0(0B) LOS objects, 23% free, 52MB/68MB, paused 297us total 16.377ms
08-05 19:32:24.993 11113 11126 I art     : Starting a blocking GC Explicit
08-05 19:32:25.010 11113 11126 I art     : Explicit concurrent mark sweep GC freed 1651(106KB) AllocSpace objects, 3(400KB) LOS objects, 23% free, 51MB/67MB, paused 295us total 16.647ms
08-05 19:32:25.017 11113 11126 I art     : Starting a blocking GC Explicit
08-05 19:32:25.034 11113 11126 I art     : Explicit concurrent mark sweep GC freed 3(96B) AllocSpace objects, 0(0B) LOS objects, 23% free, 51MB/67MB, paused 300us total 16.176ms
08-05 19:32:25.041 11113 11126 I art     : Starting a blocking GC Explicit
08-05 19:32:25.059 11113 11126 I art     : Explicit concurrent mark sweep GC freed 3(96B) AllocSpace objects, 0(0B) LOS objects, 23% free, 51MB/67MB, paused 538us total 17.402ms
08-05 19:32:25.339 11113 11348 I art     : Starting a blocking GC Explicit
08-05 19:32:25.364 11113 11348 I art     : Explicit concurrent mark sweep GC freed 1341(78KB) AllocSpace objects, 1(20KB) LOS objects, 23% free, 51MB/67MB, paused 406us total 24.706ms
08-05 19:32:25.378 11113 11348 I art     : Starting a blocking GC Explicit
08-05 19:32:25.396 11113 11348 I art     : Explicit concurrent mark sweep GC freed 20(704B) AllocSpace objects, 0(0B) LOS objects, 23% free, 51MB/67MB, paused 309us total 17.680ms
08-05 19:32:25.404 11113 11348 I art     : Starting a blocking GC Explicit
08-05 19:32:25.422 11113 11348 I art     : Explicit concurrent mark sweep GC freed 3(96B) AllocSpace objects, 0(0B) LOS objects, 23% free, 51MB/67MB, paused 306us total 17.787ms
08-05 19:32:25.430 11113 11348 I art     : Starting a blocking GC Explicit
08-05 19:32:25.449 11113 11348 I art     : Explicit concurrent mark sweep GC freed 3(96B) AllocSpace objects, 0(0B) LOS objects, 23% free, 51MB/67MB, paused 309us total 18.328ms
08-05 19:32:25.457 11113 11348 I art     : Starting a blocking GC Explicit
08-05 19:32:25.476 11113 11348 I art     : Explicit concurrent mark sweep GC freed 3(96B) AllocSpace objects, 0(0B) LOS objects, 23% free, 51MB/67MB, paused 352us total 18.589ms
08-05 19:32:25.771 11113 11143 I art     : Starting a blocking GC Explicit
08-05 19:32:25.797 11113 11143 I art     : Explicit concurrent mark sweep GC freed 1340(78KB) AllocSpace objects, 1(20KB) LOS objects, 23% free, 51MB/67MB, paused 372us total 25.381ms
08-05 19:32:25.810 11113 11143 I art     : Starting a blocking GC Explicit
08-05 19:32:25.829 11113 11143 I art     : Explicit concurrent mark sweep GC freed 20(704B) AllocSpace objects, 0(0B) LOS objects, 23% free, 51MB/67MB, paused 316us total 18.729ms
08-05 19:32:25.838 11113 11143 I art     : Starting a blocking GC Explicit
08-05 19:32:25.855 11113 11143 I art     : Explicit concurrent mark sweep GC freed 3(96B) AllocSpace objects, 0(0B) LOS objects, 23% free, 51MB/67MB, paused 304us total 16.740ms
08-05 19:32:25.863 11113 11143 I art     : Starting a blocking GC Explicit
08-05 19:32:25.880 11113 11143 I art     : Explicit concurrent mark sweep GC freed 3(96B) AllocSpace objects, 0(0B) LOS objects, 23% free, 51MB/67MB, paused 310us total 17.118ms
08-05 19:32:25.888 11113 11143 I art     : Starting a blocking GC Explicit
08-05 19:32:25.905 11113 11143 I art     : Explicit concurrent mark sweep GC freed 3(96B) AllocSpace objects, 0(0B) LOS objects, 23% free, 51MB/67MB, paused 312us total 16.722ms
08-05 19:32:26.172 11113 11124 I art     : Starting a blocking GC Explicit
08-05 19:32:26.191 11113 11124 I art     : Explicit concurrent mark sweep GC freed 1340(78KB) AllocSpace objects, 1(20KB) LOS objects, 23% free, 51MB/67MB, paused 313us total 18.133ms
08-05 19:32:26.199 11113 11124 I art     : Starting a blocking GC Explicit
08-05 19:32:26.217 11113 11124 I art     : Explicit concurrent mark sweep GC freed 20(704B) AllocSpace objects, 0(0B) LOS objects, 23% free, 51MB/67MB, paused 330us total 17.790ms
08-05 19:32:26.225 11113 11124 I art     : Starting a blocking GC Explicit
08-05 19:32:26.242 11113 11124 I art     : Explicit concurrent mark sweep GC freed 3(96B) AllocSpace objects, 0(0B) LOS objects, 23% free, 51MB/67MB, paused 303us total 17.181ms
08-05 19:32:26.251 11113 11124 I art     : Starting a blocking GC Explicit
08-05 19:32:26.259 11923 11923 D AndroidRuntime: >>>>>> START com.android.internal.os.RuntimeInit uid 2000 <<<<<<
08-05 19:32:26.264 11923 11923 D AndroidRuntime: CheckJNI is OFF
08-05 19:32:26.269 11113 11124 I art     : Explicit concurrent mark sweep GC freed 3(96B) AllocSpace objects, 0(0B) LOS objects, 23% free, 51MB/67MB, paused 335us total 17.918ms
08-05 19:32:26.277 11113 11124 I art     : Starting a blocking GC Explicit
08-05 19:32:26.294 11113 11124 I art     : Explicit concurrent mark sweep GC freed 3(96B) AllocSpace objects, 0(0B) LOS objects, 23% free, 51MB/67MB, paused 315us total 16.965ms
08-05 19:32:26.299 11923 11923 D ICU     : No timezone override file found: /data/misc/zoneinfo/current/icu/icu_tzdata.dat
08-05 19:32:26.332 11923 11923 I Radio-JNI: register_android_hardware_Radio DONE
08-05 19:32:26.354 11923 11923 D AndroidRuntime: Calling main entry com.android.commands.input.Input
08-05 19:32:26.355 11923 11923 I Input   : injectMotionEvent: MotionEvent { action=ACTION_DOWN, actionButton=0, id[0]=0, x[0]=733.0, y[0]=1370.0, toolType[0]=TOOL_TYPE_UNKNOWN, buttonState=0, metaState=0, flags=0x0, edgeFlags=0x0, pointerCount=1, historySize=0, eventTime=819162768, downTime=819162768, deviceId=0, source=0x1002 }
08-05 19:32:26.361 11923 11923 I Input   : injectMotionEvent: MotionEvent { action=ACTION_UP, actionButton=0, id[0]=0, x[0]=733.0, y[0]=1370.0, toolType[0]=TOOL_TYPE_UNKNOWN, buttonState=0, metaState=0, flags=0x0, edgeFlags=0x0, pointerCount=1, historySize=0, eventTime=819162768, downTime=819162768, deviceId=0, source=0x1002 }
08-05 19:32:26.363   918  4400 I ActivityManager: START u0 {cmp=baseline.appteam.nith.hillffair/.activities.ClubActivity (has extras)} from uid 10675 on display 0
08-05 19:32:26.374 11923 11923 D AndroidRuntime: Shutting down VM
08-05 19:32:26.476   918   936 I ActivityManager: Displayed baseline.appteam.nith.hillffair/.activities.ClubActivity: +102ms
08-05 19:32:26.477 13866 13866 I GoogleInputMethodServic: GoogleInputMethodService.onFinishInput():3138 
08-05 19:32:26.478 13866 13866 I GoogleInputMethodServic: GoogleInputMethodService.onStartInput():1808 
08-05 19:32:26.538 11113 11348 I art     : Starting a blocking GC Explicit
08-05 19:32:26.557 11113 11348 I art     : Explicit concurrent mark sweep GC freed 4976(290KB) AllocSpace objects, 1(20KB) LOS objects, 23% free, 52MB/68MB, paused 333us total 18.804ms
08-05 19:32:26.565 11113 11348 I art     : Starting a blocking GC Explicit
08-05 19:32:26.583 11113 11348 I art     : Explicit concurrent mark sweep GC freed 211(9KB) AllocSpace objects, 0(0B) LOS objects, 23% free, 52MB/68MB, paused 402us total 17.942ms
08-05 19:32:26.592 11113 11348 I art     : Starting a blocking GC Explicit
08-05 19:32:26.612 11113 11348 I art     : Explicit concurrent mark sweep GC freed 3(96B) AllocSpace objects, 0(0B) LOS objects, 23% free, 52MB/68MB, paused 347us total 20.159ms
08-05 19:32:26.622 11113 11348 I art     : Starting a blocking GC Explicit
08-05 19:32:26.641 11113 11348 I art     : Explicit concurrent mark sweep GC freed 3(96B) AllocSpace objects, 0(0B) LOS objects, 23% free, 52MB/68MB, paused 324us total 19.346ms
08-05 19:32:26.650 11113 11348 I art     : Starting a blocking GC Explicit
08-05 19:32:26.673 11113 11348 I art     : Explicit concurrent mark sweep GC freed 3(96B) AllocSpace objects, 0(0B) LOS objects, 23% free, 52MB/68MB, paused 345us total 21.950ms
08-05 19:32:26.731   380   380 W SurfaceFlinger: couldn't log to binary event log: overflow.
08-05 19:32:26.949 11113 11126 I art     : Starting a blocking GC Explicit
08-05 19:32:26.968 11113 11126 I art     : Explicit concurrent mark sweep GC freed 1462(84KB) AllocSpace objects, 1(20KB) LOS objects, 23% free, 52MB/68MB, paused 344us total 19.009ms
08-05 19:32:26.976 11113 11126 I art     : Starting a blocking GC Explicit
08-05 19:32:26.994 11113 11126 I art     : Explicit concurrent mark sweep GC freed 39(1344B) AllocSpace objects, 0(0B) LOS objects, 23% free, 52MB/68MB, paused 357us total 17.984ms
08-05 19:32:27.003 11113 11126 I art     : Starting a blocking GC Explicit
08-05 19:32:27.021 11113 11126 I art     : Explicit concurrent mark sweep GC freed 11(416B) AllocSpace objects, 0(0B) LOS objects, 23% free, 52MB/68MB, paused 353us total 17.743ms
08-05 19:32:27.029 11113 11126 I art     : Starting a blocking GC Explicit
08-05 19:32:27.047 11113 11126 I art     : Explicit concurrent mark sweep GC freed 10(352B) AllocSpace objects, 0(0B) LOS objects, 23% free, 52MB/68MB, paused 354us total 18.435ms
08-05 19:32:27.055 11113 11126 I art     : Starting a blocking GC Explicit
08-05 19:32:27.073 11113 11126 I art     : Explicit concurrent mark sweep GC freed 11(416B) AllocSpace objects, 0(0B) LOS objects, 23% free, 52MB/68MB, paused 351us total 17.819ms
08-05 19:32:27.125 11113 11946 D OkHttp  : --> GET https://api-hillfair-2k16.herokuapp.com/api/app/events/special/event?id=580655cddcba0f490c70fdd0 http/1.1
08-05 19:32:27.163 11113 11946 D OkHttp  : <-- 200 OK https://api-hillfair-2k16.herokuapp.com/api/app/events/special/event?id=580655cddcba0f490c70fdd0 (37ms, 721-byte body)
08-05 19:32:27.233 11113 11113 I NAPPA_EXPERIMENTATION: MetricNetworkRequestExecutionTime: REQUEST_DURATION_SYSTEM='832',REQUEST_DURATION_OKHTTP='38',REQUEST_SYNCHRONOUS='FALSE',RESPONSE_CODE='200',RESPONSE_METHOD='GET',RESPONSE_LENGTH_OKHTTP='721',RESPONSE_LENGTH_HEADER='721',REQUEST_PROTOCOL='http/1.1',REQUEST_URL='https://api-hillfair-2k16.herokuapp.com/api/app/events/special/event?id=580655cddcba0f490c70fdd0',
08-05 19:32:27.354 11113 11348 I art     : Starting a blocking GC Explicit
08-05 19:32:27.377 11113 11348 I art     : Explicit concurrent mark sweep GC freed 4785(337KB) AllocSpace objects, 4(220KB) LOS objects, 23% free, 52MB/68MB, paused 435us total 22.860ms
08-05 19:32:27.386 11113 11348 I art     : Starting a blocking GC Explicit
08-05 19:32:27.404 11113 11348 I art     : Explicit concurrent mark sweep GC freed 1033(119KB) AllocSpace objects, 0(0B) LOS objects, 23% free, 52MB/68MB, paused 325us total 18.053ms
08-05 19:32:27.412 11113 11348 I art     : Starting a blocking GC Explicit
08-05 19:32:27.430 11113 11348 I art     : Explicit concurrent mark sweep GC freed 3(96B) AllocSpace objects, 0(0B) LOS objects, 23% free, 52MB/68MB, paused 333us total 17.680ms
08-05 19:32:27.438 11113 11348 I art     : Starting a blocking GC Explicit
08-05 19:32:27.457 11113 11348 I art     : Explicit concurrent mark sweep GC freed 3(96B) AllocSpace objects, 0(0B) LOS objects, 23% free, 52MB/68MB, paused 334us total 17.988ms
08-05 19:32:27.465 11113 11348 I art     : Starting a blocking GC Explicit
08-05 19:32:27.484 11113 11348 I art     : Explicit concurrent mark sweep GC freed 3(96B) AllocSpace objects, 0(0B) LOS objects, 23% free, 52MB/68MB, paused 373us total 19.355ms
08-05 19:32:27.767 11113 11143 I art     : Starting a blocking GC Explicit
08-05 19:32:27.788 11113 11143 I art     : Explicit concurrent mark sweep GC freed 1341(78KB) AllocSpace objects, 1(20KB) LOS objects, 23% free, 52MB/68MB, paused 348us total 21.069ms
08-05 19:32:27.797 11113 11143 I art     : Starting a blocking GC Explicit
08-05 19:32:27.816 11113 11143 I art     : Explicit concurrent mark sweep GC freed 36(1264B) AllocSpace objects, 0(0B) LOS objects, 23% free, 52MB/68MB, paused 353us total 19.453ms
08-05 19:32:27.825 11113 11143 I art     : Starting a blocking GC Explicit
08-05 19:32:27.844 11113 11143 I art     : Explicit concurrent mark sweep GC freed 3(96B) AllocSpace objects, 0(0B) LOS objects, 23% free, 52MB/68MB, paused 333us total 19.066ms
08-05 19:32:27.853 11113 11143 I art     : Starting a blocking GC Explicit
08-05 19:32:27.872 11113 11143 I art     : Explicit concurrent mark sweep GC freed 3(96B) AllocSpace objects, 0(0B) LOS objects, 23% free, 52MB/68MB, paused 350us total 19.095ms
08-05 19:32:27.872 11113 11123 I art     : WaitForGcToComplete blocked for 19.339ms for cause HeapTrim
08-05 19:32:27.881 11113 11143 I art     : Starting a blocking GC Explicit
08-05 19:32:27.900 11113 11143 I art     : Explicit concurrent mark sweep GC freed 3(96B) AllocSpace objects, 0(0B) LOS objects, 23% free, 52MB/68MB, paused 343us total 19.586ms
08-05 19:32:28.201 11113 11126 I art     : Starting a blocking GC Explicit
08-05 19:32:28.229 11113 11126 I art     : Explicit concurrent mark sweep GC freed 1341(78KB) AllocSpace objects, 1(20KB) LOS objects, 23% free, 52MB/68MB, paused 373us total 27.334ms
08-05 19:32:28.240 11113 11126 I art     : Starting a blocking GC Explicit
08-05 19:32:28.262 11113 11126 I art     : Explicit concurrent mark sweep GC freed 20(704B) AllocSpace objects, 0(0B) LOS objects, 23% free, 52MB/68MB, paused 338us total 21.464ms
08-05 19:32:28.271 11113 11126 I art     : Starting a blocking GC Explicit
08-05 19:32:28.290 11113 11126 I art     : Explicit concurrent mark sweep GC freed 3(96B) AllocSpace objects, 0(0B) LOS objects, 23% free, 52MB/68MB, paused 317us total 19.668ms
08-05 19:32:28.299 11113 11126 I art     : Starting a blocking GC Explicit
08-05 19:32:28.318 11113 11126 I art     : Explicit concurrent mark sweep GC freed 3(96B) AllocSpace objects, 0(0B) LOS objects, 23% free, 52MB/68MB, paused 333us total 19.120ms
08-05 19:32:28.324   518   646 I ThermalEngine: ACTION: GPU - Setting GPU[0] to 450000000
08-05 19:32:28.329 11113 11126 I art     : Starting a blocking GC Explicit
08-05 19:32:28.355 11113 11126 I art     : Explicit concurrent mark sweep GC freed 3(96B) AllocSpace objects, 0(0B) LOS objects, 23% free, 52MB/68MB, paused 450us total 25.819ms
08-05 19:32:28.689 11113 11124 I art     : Starting a blocking GC Explicit
08-05 19:32:28.722 11113 11124 I art     : Explicit concurrent mark sweep GC freed 1341(78KB) AllocSpace objects, 1(20KB) LOS objects, 23% free, 52MB/68MB, paused 483us total 32.494ms
08-05 19:32:28.739 11113 11124 I art     : Starting a blocking GC Explicit
08-05 19:32:28.767 11113 11124 I art     : Explicit concurrent mark sweep GC freed 20(704B) AllocSpace objects, 0(0B) LOS objects, 23% free, 52MB/68MB, paused 563us total 28.029ms
08-05 19:32:28.780 11113 11124 I art     : Starting a blocking GC Explicit
08-05 19:32:28.807 11113 11124 I art     : Explicit concurrent mark sweep GC freed 3(96B) AllocSpace objects, 0(0B) LOS objects, 23% free, 52MB/68MB, paused 397us total 26.261ms
08-05 19:32:28.818 11113 11124 I art     : Starting a blocking GC Explicit
08-05 19:32:28.844 11113 11124 I art     : Explicit concurrent mark sweep GC freed 3(96B) AllocSpace objects, 0(0B) LOS objects, 23% free, 52MB/68MB, paused 439us total 25.825ms
08-05 19:32:28.855 11113 11124 I art     : Starting a blocking GC Explicit
08-05 19:32:28.881 11113 11124 I art     : Explicit concurrent mark sweep GC freed 3(96B) AllocSpace objects, 0(0B) LOS objects, 23% free, 52MB/68MB, paused 456us total 26.256ms
08-05 19:32:29.212 11113 11348 I art     : Starting a blocking GC Explicit
08-05 19:32:29.243 11113 11348 I art     : Explicit concurrent mark sweep GC freed 1341(78KB) AllocSpace objects, 1(20KB) LOS objects, 23% free, 52MB/68MB, paused 507us total 30.877ms
08-05 19:32:29.259 11113 11348 I art     : Starting a blocking GC Explicit
08-05 19:32:29.286 11113 11348 I art     : Explicit concurrent mark sweep GC freed 20(704B) AllocSpace objects, 0(0B) LOS objects, 23% free, 52MB/68MB, paused 456us total 26.058ms
08-05 19:32:29.297 11113 11348 I art     : Starting a blocking GC Explicit
08-05 19:32:29.322 11113 11348 I art     : Explicit concurrent mark sweep GC freed 3(96B) AllocSpace objects, 0(0B) LOS objects, 23% free, 52MB/68MB, paused 460us total 25.014ms
08-05 19:32:29.333 11113 11348 I art     : Starting a blocking GC Explicit
08-05 19:32:29.360 11113 11348 I art     : Explicit concurrent mark sweep GC freed 3(96B) AllocSpace objects, 0(0B) LOS objects, 23% free, 52MB/68MB, paused 443us total 26.520ms
08-05 19:32:29.371 11113 11348 I art     : Starting a blocking GC Explicit
08-05 19:32:29.398 11113 11348 I art     : Explicit concurrent mark sweep GC freed 3(96B) AllocSpace objects, 0(0B) LOS objects, 23% free, 52MB/68MB, paused 463us total 26.516ms
08-05 19:32:29.652 13866 13882 I PeriodicStatsRunner: PeriodicStatsRunner.call():175 call()
08-05 19:32:29.652 13866 13882 I PeriodicStatsRunner: PeriodicStatsRunner.call():179 No submit PeriodicStats since input started.
08-05 19:32:29.731 11113 11143 I art     : Starting a blocking GC Explicit
08-05 19:32:29.761 11113 11143 I art     : Explicit concurrent mark sweep GC freed 1341(78KB) AllocSpace objects, 1(20KB) LOS objects, 23% free, 52MB/68MB, paused 462us total 28.811ms
08-05 19:32:29.778 11113 11143 I art     : Starting a blocking GC Explicit
08-05 19:32:29.801 11113 11143 I art     : Explicit concurrent mark sweep GC freed 20(704B) AllocSpace objects, 0(0B) LOS objects, 23% free, 52MB/68MB, paused 448us total 22.830ms
08-05 19:32:29.811 11113 11143 I art     : Starting a blocking GC Explicit
08-05 19:32:29.836 11113 11143 I art     : Explicit concurrent mark sweep GC freed 3(96B) AllocSpace objects, 0(0B) LOS objects, 23% free, 52MB/68MB, paused 458us total 24.467ms
08-05 19:32:29.847 11113 11143 I art     : Starting a blocking GC Explicit
08-05 19:32:29.865  7260  7260 I ServiceManager: Waiting for service AtCmdFwd...
08-05 19:32:29.873 11113 11143 I art     : Explicit concurrent mark sweep GC freed 3(96B) AllocSpace objects, 0(0B) LOS objects, 23% free, 52MB/68MB, paused 447us total 25.850ms
08-05 19:32:29.884 11113 11143 I art     : Starting a blocking GC Explicit
08-05 19:32:29.896   918  1209 D NetworkMonitor/NetworkAgentInfo [WIFI () - 159]: Checking http://connectivitycheck.gstatic.com/generate_204 on "H369AA63323", 192.168.2.12=192.168.2.12
08-05 19:32:29.910 11113 11143 I art     : Explicit concurrent mark sweep GC freed 3(96B) AllocSpace objects, 0(0B) LOS objects, 23% free, 52MB/68MB, paused 477us total 25.460ms
08-05 19:32:29.993   918  1209 D NetworkMonitor/NetworkAgentInfo [WIFI () - 159]: Probably not a portal: exception java.io.IOException: unexpected end of stream on Connection{connectivitycheck.gstatic.com:80, proxy=HTTP@/192.168.2.12:8080 hostAddress=192.168.2.12 cipherSuite=none protocol=http/1.1} (recycle count=0)
08-05 19:32:29.994   918  3263 D ConnectivityService: NetworkAgentInfo [WIFI () - 159] validation failed
08-05 19:32:29.997   918  3261 E WifiConfigStore:  rewrite network history for "H369AA63323"WPA_PSK
08-05 19:32:30.237 11113 11126 I art     : Starting a blocking GC Explicit
08-05 19:32:30.267 11113 11126 I art     : Explicit concurrent mark sweep GC freed 1341(78KB) AllocSpace objects, 1(20KB) LOS objects, 23% free, 52MB/68MB, paused 551us total 30.240ms
08-05 19:32:30.280 11113 11126 I art     : Starting a blocking GC Explicit
08-05 19:32:30.281   918  3261 D WifiStateMachine: starting scan for "H369AA63323"WPA_PSK with 2412,5180
08-05 19:32:30.306 11113 11126 I art     : Explicit concurrent mark sweep GC freed 20(704B) AllocSpace objects, 0(0B) LOS objects, 23% free, 52MB/68MB, paused 458us total 25.072ms
08-05 19:32:30.317 11113 11126 I art     : Starting a blocking GC Explicit
08-05 19:32:30.342 11113 11126 I art     : Explicit concurrent mark sweep GC freed 3(96B) AllocSpace objects, 0(0B) LOS objects, 23% free, 52MB/68MB, paused 429us total 25.189ms
08-05 19:32:30.353 11113 11126 I art     : Starting a blocking GC Explicit
08-05 19:32:30.378 11113 11126 I art     : Explicit concurrent mark sweep GC freed 3(96B) AllocSpace objects, 0(0B) LOS objects, 23% free, 52MB/68MB, paused 471us total 24.837ms
08-05 19:32:30.389 11113 11126 I art     : Starting a blocking GC Explicit
08-05 19:32:30.415 11113 11126 I art     : Explicit concurrent mark sweep GC freed 3(96B) AllocSpace objects, 0(0B) LOS objects, 23% free, 52MB/68MB, paused 454us total 26.001ms
08-05 19:32:30.733 11113 11124 I art     : Starting a blocking GC Explicit
08-05 19:32:30.763 11113 11124 I art     : Explicit concurrent mark sweep GC freed 1341(78KB) AllocSpace objects, 1(20KB) LOS objects, 23% free, 52MB/68MB, paused 540us total 29.660ms
08-05 19:32:30.774 11113 11124 I art     : Starting a blocking GC Explicit
08-05 19:32:30.799 11113 11124 I art     : Explicit concurrent mark sweep GC freed 20(704B) AllocSpace objects, 0(0B) LOS objects, 23% free, 52MB/68MB, paused 459us total 24.621ms
08-05 19:32:30.810 11113 11124 I art     : Starting a blocking GC Explicit
08-05 19:32:30.834 11113 11124 I art     : Explicit concurrent mark sweep GC freed 3(96B) AllocSpace objects, 0(0B) LOS objects, 23% free, 52MB/68MB, paused 433us total 24.350ms
08-05 19:32:30.845 11113 11124 I art     : Starting a blocking GC Explicit
08-05 19:32:30.865  7260  7260 I ServiceManager: Waiting for service AtCmdFwd...
08-05 19:32:30.870 11113 11124 I art     : Explicit concurrent mark sweep GC freed 3(96B) AllocSpace objects, 0(0B) LOS objects, 23% free, 52MB/68MB, paused 446us total 24.821ms
08-05 19:32:30.881 11113 11124 I art     : Starting a blocking GC Explicit
08-05 19:32:30.906 11113 11124 I art     : Explicit concurrent mark sweep GC freed 3(96B) AllocSpace objects, 0(0B) LOS objects, 23% free, 52MB/68MB, paused 453us total 24.855ms
08-05 19:32:31.162 12044 12044 D AndroidRuntime: >>>>>> START com.android.internal.os.RuntimeInit uid 2000 <<<<<<
08-05 19:32:31.169 12044 12044 D AndroidRuntime: CheckJNI is OFF
08-05 19:32:31.210 11113 11348 I art     : Starting a blocking GC Explicit
08-05 19:32:31.211 12044 12044 D ICU     : No timezone override file found: /data/misc/zoneinfo/current/icu/icu_tzdata.dat
08-05 19:32:31.235 11113 11348 I art     : Explicit concurrent mark sweep GC freed 1341(78KB) AllocSpace objects, 1(20KB) LOS objects, 23% free, 52MB/68MB, paused 465us total 24.092ms
08-05 19:32:31.245 11113 11348 I art     : Starting a blocking GC Explicit
08-05 19:32:31.254 12044 12044 I Radio-JNI: register_android_hardware_Radio DONE
08-05 19:32:31.270 11113 11348 I art     : Explicit concurrent mark sweep GC freed 20(704B) AllocSpace objects, 0(0B) LOS objects, 23% free, 52MB/68MB, paused 475us total 24.355ms
08-05 19:32:31.281 11113 11348 I art     : Starting a blocking GC Explicit
08-05 19:32:31.285 12044 12044 D AndroidRuntime: Calling main entry com.android.commands.input.Input
08-05 19:32:31.287 12044 12044 I Input   : injectKeyEvent: KeyEvent { action=ACTION_DOWN, keyCode=KEYCODE_BACK, scanCode=0, metaState=0, flags=0x0, repeatCount=0, eventTime=819167700, downTime=819167700, deviceId=-1, source=0x101 }
08-05 19:32:31.294 12044 12044 I Input   : injectKeyEvent: KeyEvent { action=ACTION_UP, keyCode=KEYCODE_BACK, scanCode=0, metaState=0, flags=0x0, repeatCount=0, eventTime=819167700, downTime=819167700, deviceId=-1, source=0x101 }
08-05 19:32:31.303 11113 11348 I art     : Explicit concurrent mark sweep GC freed 4(128B) AllocSpace objects, 0(0B) LOS objects, 23% free, 52MB/68MB, paused 541us total 22.329ms
08-05 19:32:31.308 12044 12044 D AndroidRuntime: Shutting down VM
08-05 19:32:31.314 11113 11348 I art     : Starting a blocking GC Explicit
08-05 19:32:31.335 11113 11348 I art     : Explicit concurrent mark sweep GC freed 135(5KB) AllocSpace objects, 0(0B) LOS objects, 23% free, 52MB/68MB, paused 433us total 20.632ms
08-05 19:32:31.339 13866 13866 I GoogleInputMethodServic: GoogleInputMethodService.onFinishInput():3138 
08-05 19:32:31.340 13866 13866 I GoogleInputMethodServic: GoogleInputMethodService.onStartInput():1808 
08-05 19:32:31.345 11113 11348 I art     : Starting a blocking GC Explicit
08-05 19:32:31.366 11113 11348 I art     : Explicit concurrent mark sweep GC freed 38(2112B) AllocSpace objects, 0(0B) LOS objects, 23% free, 52MB/68MB, paused 466us total 20.849ms
08-05 19:32:31.478 13866 13882 I PeriodicStatsRunner: PeriodicStatsRunner.call():175 call()
08-05 19:32:31.479 13866 13882 I PeriodicStatsRunner: PeriodicStatsRunner.call():179 No submit PeriodicStats since input started.
08-05 19:32:31.636   380   380 W SurfaceFlinger: couldn't log to binary event log: overflow.
08-05 19:32:31.660 11113 11124 I art     : Starting a blocking GC Explicit
08-05 19:32:31.682 11113 11124 I art     : Explicit concurrent mark sweep GC freed 1458(87KB) AllocSpace objects, 1(20KB) LOS objects, 23% free, 52MB/68MB, paused 428us total 22.146ms
08-05 19:32:31.692 11113 11124 I art     : Starting a blocking GC Explicit
08-05 19:32:31.715 11113 11124 I art     : Explicit concurrent mark sweep GC freed 1672(106KB) AllocSpace objects, 3(400KB) LOS objects, 23% free, 51MB/67MB, paused 422us total 23.227ms
08-05 19:32:31.726 11113 11124 I art     : Starting a blocking GC Explicit
08-05 19:32:31.748 11113 11124 I art     : Explicit concurrent mark sweep GC freed 3(96B) AllocSpace objects, 0(0B) LOS objects, 23% free, 51MB/67MB, paused 427us total 22.247ms
08-05 19:32:31.759 11113 11124 I art     : Starting a blocking GC Explicit
08-05 19:32:31.782 11113 11124 I art     : Explicit concurrent mark sweep GC freed 3(96B) AllocSpace objects, 0(0B) LOS objects, 23% free, 51MB/67MB, paused 431us total 23.419ms
08-05 19:32:31.793 11113 11124 I art     : Starting a blocking GC Explicit
08-05 19:32:31.817 11113 11124 I art     : Explicit concurrent mark sweep GC freed 3(96B) AllocSpace objects, 0(0B) LOS objects, 23% free, 51MB/67MB, paused 495us total 23.509ms
08-05 19:32:31.866  7260  7260 I ServiceManager: Waiting for service AtCmdFwd...
08-05 19:32:32.116 11113 11143 I art     : Starting a blocking GC Explicit
08-05 19:32:32.144 11113 11143 I art     : Explicit concurrent mark sweep GC freed 1341(78KB) AllocSpace objects, 1(20KB) LOS objects, 23% free, 51MB/67MB, paused 481us total 27.520ms
08-05 19:32:32.158 11113 11143 I art     : Starting a blocking GC Explicit
08-05 19:32:32.185 11113 11143 I art     : Explicit concurrent mark sweep GC freed 20(704B) AllocSpace objects, 0(0B) LOS objects, 23% free, 51MB/67MB, paused 474us total 26.695ms
08-05 19:32:32.196 11113 11143 I art     : Starting a blocking GC Explicit
08-05 19:32:32.219 11113 11143 I art     : Explicit concurrent mark sweep GC freed 3(96B) AllocSpace objects, 0(0B) LOS objects, 23% free, 51MB/67MB, paused 448us total 22.732ms
08-05 19:32:32.230 11113 11143 I art     : Starting a blocking GC Explicit
08-05 19:32:32.253 11113 11143 I art     : Explicit concurrent mark sweep GC freed 3(96B) AllocSpace objects, 0(0B) LOS objects, 23% free, 51MB/67MB, paused 432us total 23.088ms
08-05 19:32:32.264 11113 11143 I art     : Starting a blocking GC Explicit
08-05 19:32:32.288 11113 11143 I art     : Explicit concurrent mark sweep GC freed 3(96B) AllocSpace objects, 0(0B) LOS objects, 23% free, 51MB/67MB, paused 463us total 23.500ms
08-05 19:32:32.584 11113 11126 I art     : Starting a blocking GC Explicit
08-05 19:32:32.608 11113 11126 I art     : Explicit concurrent mark sweep GC freed 1340(78KB) AllocSpace objects, 1(20KB) LOS objects, 23% free, 51MB/67MB, paused 488us total 23.335ms
08-05 19:32:32.618 11113 11126 I art     : Starting a blocking GC Explicit
08-05 19:32:32.642 11113 11126 I art     : Explicit concurrent mark sweep GC freed 20(704B) AllocSpace objects, 0(0B) LOS objects, 23% free, 51MB/67MB, paused 451us total 23.056ms
08-05 19:32:32.652 11113 11126 I art     : Starting a blocking GC Explicit
08-05 19:32:32.675 11113 11126 I art     : Explicit concurrent mark sweep GC freed 3(96B) AllocSpace objects, 0(0B) LOS objects, 23% free, 51MB/67MB, paused 464us total 22.527ms
08-05 19:32:32.685 11113 11126 I art     : Starting a blocking GC Explicit
08-05 19:32:32.708 11113 11126 I art     : Explicit concurrent mark sweep GC freed 3(96B) AllocSpace objects, 0(0B) LOS objects, 23% free, 51MB/67MB, paused 464us total 22.792ms
08-05 19:32:32.719 11113 11126 I art     : Starting a blocking GC Explicit
08-05 19:32:32.742 11113 11126 I art     : Explicit concurrent mark sweep GC freed 3(96B) AllocSpace objects, 0(0B) LOS objects, 23% free, 51MB/67MB, paused 438us total 22.424ms
08-05 19:32:32.867  7260  7260 I ServiceManager: Waiting for service AtCmdFwd...
08-05 19:32:33.029 11113 11348 I art     : Starting a blocking GC Explicit
08-05 19:32:33.055 11113 11348 I art     : Explicit concurrent mark sweep GC freed 1340(78KB) AllocSpace objects, 1(20KB) LOS objects, 23% free, 51MB/67MB, paused 504us total 26.190ms
08-05 19:32:33.069 11113 11348 I art     : Starting a blocking GC Explicit
08-05 19:32:33.092 11113 11348 I art     : Explicit concurrent mark sweep GC freed 20(704B) AllocSpace objects, 0(0B) LOS objects, 23% free, 51MB/67MB, paused 498us total 22.742ms
08-05 19:32:33.103 11113 11348 I art     : Starting a blocking GC Explicit
08-05 19:32:33.104 12105 12105 D AndroidRuntime: >>>>>> START com.android.internal.os.RuntimeInit uid 2000 <<<<<<
08-05 19:32:33.110 12105 12105 D AndroidRuntime: CheckJNI is OFF
08-05 19:32:33.127 11113 11348 I art     : Explicit concurrent mark sweep GC freed 3(96B) AllocSpace objects, 0(0B) LOS objects, 23% free, 51MB/67MB, paused 558us total 23.515ms
08-05 19:32:33.137 11113 11348 I art     : Starting a blocking GC Explicit
08-05 19:32:33.158 12105 12105 D ICU     : No timezone override file found: /data/misc/zoneinfo/current/icu/icu_tzdata.dat
08-05 19:32:33.161 11113 11348 I art     : Explicit concurrent mark sweep GC freed 3(96B) AllocSpace objects, 0(0B) LOS objects, 23% free, 51MB/67MB, paused 517us total 23.141ms
08-05 19:32:33.171 11113 11348 I art     : Starting a blocking GC Explicit
08-05 19:32:33.195 11113 11348 I art     : Explicit concurrent mark sweep GC freed 3(96B) AllocSpace objects, 0(0B) LOS objects, 23% free, 51MB/67MB, paused 454us total 23.192ms
08-05 19:32:33.207 12105 12105 I Radio-JNI: register_android_hardware_Radio DONE
08-05 19:32:33.236 12105 12105 D AndroidRuntime: Calling main entry com.android.commands.input.Input
08-05 19:32:33.239 12105 12105 I Input   : injectMotionEvent: MotionEvent { action=ACTION_DOWN, actionButton=0, id[0]=0, x[0]=733.0, y[0]=1957.0, toolType[0]=TOOL_TYPE_UNKNOWN, buttonState=0, metaState=0, flags=0x0, edgeFlags=0x0, pointerCount=1, historySize=0, eventTime=819169651, downTime=819169651, deviceId=0, source=0x1002 }
08-05 19:32:33.246 12105 12105 I Input   : injectMotionEvent: MotionEvent { action=ACTION_UP, actionButton=0, id[0]=0, x[0]=733.0, y[0]=1957.0, toolType[0]=TOOL_TYPE_UNKNOWN, buttonState=0, metaState=0, flags=0x0, edgeFlags=0x0, pointerCount=1, historySize=0, eventTime=819169651, downTime=819169651, deviceId=0, source=0x1002 }
08-05 19:32:33.248   918  4400 I ActivityManager: START u0 {cmp=baseline.appteam.nith.hillffair/.activities.ClubActivity (has extras)} from uid 10675 on display 0
08-05 19:32:33.254 12105 12105 D AndroidRuntime: Shutting down VM
08-05 19:32:33.353   918   936 I ActivityManager: Displayed baseline.appteam.nith.hillffair/.activities.ClubActivity: +98ms
08-05 19:32:33.353 13866 13866 I GoogleInputMethodServic: GoogleInputMethodService.onFinishInput():3138 
08-05 19:32:33.354 13866 13866 I GoogleInputMethodServic: GoogleInputMethodService.onStartInput():1808 
08-05 19:32:33.468 11113 11348 I art     : Starting a blocking GC Explicit
08-05 19:32:33.497 11113 11348 I art     : Explicit concurrent mark sweep GC freed 5042(296KB) AllocSpace objects, 1(20KB) LOS objects, 23% free, 52MB/68MB, paused 725us total 28.459ms
08-05 19:32:33.510 11113 11348 I art     : Starting a blocking GC Explicit
08-05 19:32:33.540 11113 11348 I art     : Explicit concurrent mark sweep GC freed 209(9KB) AllocSpace objects, 0(0B) LOS objects, 23% free, 52MB/68MB, paused 536us total 29.382ms
08-05 19:32:33.554 11113 11348 I art     : Starting a blocking GC Explicit
08-05 19:32:33.584 11113 11348 I art     : Explicit concurrent mark sweep GC freed 3(96B) AllocSpace objects, 0(0B) LOS objects, 23% free, 52MB/68MB, paused 485us total 30.008ms
08-05 19:32:33.589   380   380 W SurfaceFlinger: couldn't log to binary event log: overflow.
08-05 19:32:33.598 11113 11348 I art     : Starting a blocking GC Explicit
08-05 19:32:33.620 11113 11348 I art     : Explicit concurrent mark sweep GC freed 3(96B) AllocSpace objects, 0(0B) LOS objects, 23% free, 52MB/68MB, paused 488us total 22.260ms
08-05 19:32:33.630 11113 11348 I art     : Starting a blocking GC Explicit
08-05 19:32:33.652 11113 11348 I art     : Explicit concurrent mark sweep GC freed 3(96B) AllocSpace objects, 0(0B) LOS objects, 23% free, 52MB/68MB, paused 492us total 21.380ms
08-05 19:32:33.868  7260  7260 I ServiceManager: Waiting for service AtCmdFwd...
08-05 19:32:33.938 11113 11143 I art     : Starting a blocking GC Explicit
08-05 19:32:33.962 11113 11143 I art     : Explicit concurrent mark sweep GC freed 1483(85KB) AllocSpace objects, 1(20KB) LOS objects, 23% free, 52MB/68MB, paused 504us total 24.457ms
08-05 19:32:33.973 11113 11143 I art     : Starting a blocking GC Explicit
08-05 19:32:33.997 11113 11143 I art     : Explicit concurrent mark sweep GC freed 56(1920B) AllocSpace objects, 0(0B) LOS objects, 23% free, 52MB/68MB, paused 590us total 24.272ms
08-05 19:32:34.009 11113 11143 I art     : Starting a blocking GC Explicit
08-05 19:32:34.032 11113 11143 I art     : Explicit concurrent mark sweep GC freed 13(480B) AllocSpace objects, 0(0B) LOS objects, 23% free, 52MB/68MB, paused 508us total 23.219ms
08-05 19:32:34.043 11113 11143 I art     : Starting a blocking GC Explicit
08-05 19:32:34.066 11113 11143 I art     : Explicit concurrent mark sweep GC freed 726(58KB) AllocSpace objects, 2(120KB) LOS objects, 23% free, 52MB/68MB, paused 684us total 23.261ms
08-05 19:32:34.077 11113 11143 I art     : Starting a blocking GC Explicit
08-05 19:32:34.091 11113 12128 D OkHttp  : --> GET https://api-hillfair-2k16.herokuapp.com/api/app/events/special/event?id=58065620dcba0f490c70fe09 http/1.1
08-05 19:32:34.101 11113 11143 I art     : Explicit concurrent mark sweep GC freed 2122(83KB) AllocSpace objects, 0(0B) LOS objects, 23% free, 52MB/68MB, paused 578us total 24.275ms
08-05 19:32:34.130 11113 12128 D OkHttp  : <-- 200 OK https://api-hillfair-2k16.herokuapp.com/api/app/events/special/event?id=58065620dcba0f490c70fe09 (38ms, 682-byte body)
08-05 19:32:34.174 11113 11113 I NAPPA_EXPERIMENTATION: MetricNetworkRequestExecutionTime: REQUEST_DURATION_SYSTEM='892',REQUEST_DURATION_OKHTTP='39',REQUEST_SYNCHRONOUS='FALSE',RESPONSE_CODE='200',RESPONSE_METHOD='GET',RESPONSE_LENGTH_OKHTTP='682',RESPONSE_LENGTH_HEADER='682',REQUEST_PROTOCOL='http/1.1',REQUEST_URL='https://api-hillfair-2k16.herokuapp.com/api/app/events/special/event?id=58065620dcba0f490c70fe09',
08-05 19:32:34.401 11113 11143 I art     : Starting a blocking GC Explicit
08-05 19:32:34.427 11113 11143 I art     : Explicit concurrent mark sweep GC freed 2878(309KB) AllocSpace objects, 2(100KB) LOS objects, 23% free, 52MB/68MB, paused 496us total 26.055ms
08-05 19:32:34.438 11113 11143 I art     : Starting a blocking GC Explicit
08-05 19:32:34.463 11113 11143 I art     : Explicit concurrent mark sweep GC freed 106(5KB) AllocSpace objects, 0(0B) LOS objects, 23% free, 52MB/68MB, paused 466us total 25.087ms
08-05 19:32:34.474 11113 11143 I art     : Starting a blocking GC Explicit
08-05 19:32:34.498 11113 11143 I art     : Explicit concurrent mark sweep GC freed 3(96B) AllocSpace objects, 0(0B) LOS objects, 23% free, 52MB/68MB, paused 515us total 23.518ms
08-05 19:32:34.509 11113 11143 I art     : Starting a blocking GC Explicit
08-05 19:32:34.532 11113 11143 I art     : Explicit concurrent mark sweep GC freed 3(96B) AllocSpace objects, 0(0B) LOS objects, 23% free, 52MB/68MB, paused 465us total 23.337ms
08-05 19:32:34.543 11113 11143 I art     : Starting a blocking GC Explicit
08-05 19:32:34.567 11113 11143 I art     : Explicit concurrent mark sweep GC freed 3(96B) AllocSpace objects, 0(0B) LOS objects, 23% free, 52MB/68MB, paused 539us total 23.694ms
08-05 19:32:34.866 11113 11126 I art     : Starting a blocking GC Explicit
08-05 19:32:34.868  7260  7260 W Atfwd_Sendcmd: AtCmdFwd service not published, waiting... retryCnt : 5
08-05 19:32:34.896 11113 11126 I art     : Explicit concurrent mark sweep GC freed 1357(78KB) AllocSpace objects, 1(20KB) LOS objects, 23% free, 52MB/68MB, paused 521us total 28.879ms
08-05 19:32:34.910 11113 11126 I art     : Starting a blocking GC Explicit
08-05 19:32:34.935 11113 11126 I art     : Explicit concurrent mark sweep GC freed 20(704B) AllocSpace objects, 0(0B) LOS objects, 23% free, 52MB/68MB, paused 464us total 24.346ms
08-05 19:32:34.946 11113 11126 I art     : Starting a blocking GC Explicit
08-05 19:32:34.971 11113 11126 I art     : Explicit concurrent mark sweep GC freed 3(96B) AllocSpace objects, 0(0B) LOS objects, 23% free, 52MB/68MB, paused 467us total 24.985ms
08-05 19:32:34.982 11113 11126 I art     : Starting a blocking GC Explicit
08-05 19:32:35.009 11113 11126 I art     : Explicit concurrent mark sweep GC freed 3(96B) AllocSpace objects, 0(0B) LOS objects, 23% free, 52MB/68MB, paused 492us total 26.644ms
08-05 19:32:35.020 11113 11126 I art     : Starting a blocking GC Explicit
08-05 19:32:35.047 11113 11126 I art     : Explicit concurrent mark sweep GC freed 3(96B) AllocSpace objects, 0(0B) LOS objects, 23% free, 52MB/68MB, paused 533us total 27.065ms
08-05 19:32:35.373 11113 11348 I art     : Starting a blocking GC Explicit
08-05 19:32:35.409 11113 11348 I art     : Explicit concurrent mark sweep GC freed 1341(78KB) AllocSpace objects, 1(20KB) LOS objects, 23% free, 52MB/68MB, paused 629us total 35.064ms
08-05 19:32:35.423 11113 11348 I art     : Starting a blocking GC Explicit
08-05 19:32:35.452 11113 11348 I art     : Explicit concurrent mark sweep GC freed 20(704B) AllocSpace objects, 0(0B) LOS objects, 23% free, 52MB/68MB, paused 464us total 28.933ms
08-05 19:32:35.463 11113 11348 I art     : Starting a blocking GC Explicit
08-05 19:32:35.489 11113 11348 I art     : Explicit concurrent mark sweep GC freed 3(96B) AllocSpace objects, 0(0B) LOS objects, 23% free, 52MB/68MB, paused 449us total 25.978ms
08-05 19:32:35.501 11113 11348 I art     : Starting a blocking GC Explicit
08-05 19:32:35.525 11113 11348 I art     : Explicit concurrent mark sweep GC freed 3(96B) AllocSpace objects, 0(0B) LOS objects, 23% free, 52MB/68MB, paused 463us total 24.592ms
08-05 19:32:35.537 11113 11348 I art     : Starting a blocking GC Explicit
08-05 19:32:35.560 11113 11348 I art     : Explicit concurrent mark sweep GC freed 3(96B) AllocSpace objects, 0(0B) LOS objects, 23% free, 52MB/68MB, paused 465us total 23.060ms
08-05 19:32:35.888 11113 11143 I art     : Starting a blocking GC Explicit
08-05 19:32:35.914 11113 11143 I art     : Explicit concurrent mark sweep GC freed 1341(78KB) AllocSpace objects, 1(20KB) LOS objects, 23% free, 52MB/68MB, paused 501us total 26.211ms
08-05 19:32:35.925 11113 11143 I art     : Starting a blocking GC Explicit
08-05 19:32:35.951 11113 11143 I art     : Explicit concurrent mark sweep GC freed 20(704B) AllocSpace objects, 0(0B) LOS objects, 23% free, 52MB/68MB, paused 497us total 25.363ms
08-05 19:32:35.962 11113 11143 I art     : Starting a blocking GC Explicit
08-05 19:32:35.987 11113 11143 I art     : Explicit concurrent mark sweep GC freed 3(96B) AllocSpace objects, 0(0B) LOS objects, 23% free, 52MB/68MB, paused 534us total 25.616ms
08-05 19:32:35.998 11113 11143 I art     : Starting a blocking GC Explicit
08-05 19:32:36.023 11113 11143 I art     : Explicit concurrent mark sweep GC freed 3(96B) AllocSpace objects, 0(0B) LOS objects, 23% free, 52MB/68MB, paused 500us total 24.772ms
08-05 19:32:36.034 11113 11143 I art     : Starting a blocking GC Explicit
08-05 19:32:36.050 12180 12180 D AndroidRuntime: >>>>>> START com.android.internal.os.RuntimeInit uid 2000 <<<<<<
08-05 19:32:36.056 12180 12180 D AndroidRuntime: CheckJNI is OFF
08-05 19:32:36.059 11113 11143 I art     : Explicit concurrent mark sweep GC freed 3(96B) AllocSpace objects, 0(0B) LOS objects, 23% free, 52MB/68MB, paused 515us total 24.272ms
08-05 19:32:36.101 12180 12180 D ICU     : No timezone override file found: /data/misc/zoneinfo/current/icu/icu_tzdata.dat
08-05 19:32:36.145 12180 12180 I Radio-JNI: register_android_hardware_Radio DONE
08-05 19:32:36.177 12180 12180 D AndroidRuntime: Calling main entry com.android.commands.input.Input
08-05 19:32:36.180 12180 12180 I Input   : injectKeyEvent: KeyEvent { action=ACTION_DOWN, keyCode=KEYCODE_BACK, scanCode=0, metaState=0, flags=0x0, repeatCount=0, eventTime=819172593, downTime=819172593, deviceId=-1, source=0x101 }
08-05 19:32:36.191 12180 12180 I Input   : injectKeyEvent: KeyEvent { action=ACTION_UP, keyCode=KEYCODE_BACK, scanCode=0, metaState=0, flags=0x0, repeatCount=0, eventTime=819172593, downTime=819172593, deviceId=-1, source=0x101 }
08-05 19:32:36.198 12180 12180 D AndroidRuntime: Shutting down VM
08-05 19:32:36.235 13866 13866 I GoogleInputMethodServic: GoogleInputMethodService.onFinishInput():3138 
08-05 19:32:36.236 13866 13866 I GoogleInputMethodServic: GoogleInputMethodService.onStartInput():1808 
08-05 19:32:36.332 11113 11124 I art     : Starting a blocking GC Explicit
08-05 19:32:36.340 13866 13882 I PeriodicStatsRunner: PeriodicStatsRunner.call():175 call()
08-05 19:32:36.341 13866 13882 I PeriodicStatsRunner: PeriodicStatsRunner.call():179 No submit PeriodicStats since input started.
08-05 19:32:36.358 11113 11124 I art     : Explicit concurrent mark sweep GC freed 1511(85KB) AllocSpace objects, 1(20KB) LOS objects, 23% free, 52MB/68MB, paused 507us total 25.009ms
08-05 19:32:36.370 11113 11124 I art     : Starting a blocking GC Explicit
08-05 19:32:36.397 11113 11124 I art     : Explicit concurrent mark sweep GC freed 26(944B) AllocSpace objects, 0(0B) LOS objects, 23% free, 52MB/68MB, paused 518us total 26.393ms
08-05 19:32:36.409 11113 11124 I art     : Starting a blocking GC Explicit
08-05 19:32:36.437 11113 11124 I art     : Explicit concurrent mark sweep GC freed 3(96B) AllocSpace objects, 0(0B) LOS objects, 23% free, 52MB/68MB, paused 527us total 27.780ms
08-05 19:32:36.448 11113 11124 I art     : Starting a blocking GC Explicit
08-05 19:32:36.472 11113 11124 I art     : Explicit concurrent mark sweep GC freed 3(96B) AllocSpace objects, 0(0B) LOS objects, 23% free, 52MB/68MB, paused 457us total 24.324ms
08-05 19:32:36.485 11113 11124 I art     : Starting a blocking GC Explicit
08-05 19:32:36.511 11113 11124 I art     : Explicit concurrent mark sweep GC freed 3(96B) AllocSpace objects, 0(0B) LOS objects, 23% free, 52MB/68MB, paused 498us total 26.125ms
08-05 19:32:36.524   380   380 W SurfaceFlinger: couldn't log to binary event log: overflow.
08-05 19:32:36.798 11113 11126 I art     : Starting a blocking GC Explicit
08-05 19:32:36.822 11113 11126 I art     : Explicit concurrent mark sweep GC freed 1450(87KB) AllocSpace objects, 1(20KB) LOS objects, 23% free, 52MB/68MB, paused 469us total 22.895ms
08-05 19:32:36.831 11113 11126 I art     : Starting a blocking GC Explicit
08-05 19:32:36.854 11113 11126 I art     : Explicit concurrent mark sweep GC freed 1672(106KB) AllocSpace objects, 3(400KB) LOS objects, 23% free, 51MB/67MB, paused 462us total 21.840ms
08-05 19:32:36.863 11113 11126 I art     : Starting a blocking GC Explicit
08-05 19:32:36.885 11113 11126 I art     : Explicit concurrent mark sweep GC freed 3(96B) AllocSpace objects, 0(0B) LOS objects, 23% free, 51MB/67MB, paused 457us total 21.190ms
08-05 19:32:36.895 11113 11126 I art     : Starting a blocking GC Explicit
08-05 19:32:36.916 11113 11126 I art     : Explicit concurrent mark sweep GC freed 3(96B) AllocSpace objects, 0(0B) LOS objects, 23% free, 51MB/67MB, paused 465us total 21.334ms
08-05 19:32:36.926 11113 11126 I art     : Starting a blocking GC Explicit
08-05 19:32:36.948 11113 11126 I art     : Explicit concurrent mark sweep GC freed 3(96B) AllocSpace objects, 0(0B) LOS objects, 23% free, 51MB/67MB, paused 630us total 21.549ms
08-05 19:32:37.238 11113 11143 I art     : Starting a blocking GC Explicit
08-05 19:32:37.263 11113 11143 I art     : Explicit concurrent mark sweep GC freed 1341(78KB) AllocSpace objects, 1(20KB) LOS objects, 23% free, 51MB/67MB, paused 488us total 24.562ms
08-05 19:32:37.273 11113 11143 I art     : Starting a blocking GC Explicit
08-05 19:32:37.298 11113 11143 I art     : Explicit concurrent mark sweep GC freed 20(704B) AllocSpace objects, 0(0B) LOS objects, 23% free, 51MB/67MB, paused 510us total 23.996ms
08-05 19:32:37.308 11113 11143 I art     : Starting a blocking GC Explicit
08-05 19:32:37.331 11113 11143 I art     : Explicit concurrent mark sweep GC freed 3(96B) AllocSpace objects, 0(0B) LOS objects, 23% free, 51MB/67MB, paused 485us total 23.105ms
08-05 19:32:37.342 11113 11143 I art     : Starting a blocking GC Explicit
08-05 19:32:37.366 11113 11143 I art     : Explicit concurrent mark sweep GC freed 3(96B) AllocSpace objects, 0(0B) LOS objects, 23% free, 51MB/67MB, paused 481us total 23.990ms
08-05 19:32:37.377 11113 11143 I art     : Starting a blocking GC Explicit
08-05 19:32:37.402 11113 11143 I art     : Explicit concurrent mark sweep GC freed 3(96B) AllocSpace objects, 0(0B) LOS objects, 23% free, 51MB/67MB, paused 472us total 24.281ms
08-05 19:32:37.681 11113 11348 I art     : Starting a blocking GC Explicit
08-05 19:32:37.709 11113 11348 I art     : Explicit concurrent mark sweep GC freed 1340(78KB) AllocSpace objects, 1(20KB) LOS objects, 23% free, 51MB/67MB, paused 515us total 28.261ms
08-05 19:32:37.721 11113 11348 I art     : Starting a blocking GC Explicit
08-05 19:32:37.745 11113 11348 I art     : Explicit concurrent mark sweep GC freed 20(704B) AllocSpace objects, 0(0B) LOS objects, 23% free, 51MB/67MB, paused 478us total 23.674ms
08-05 19:32:37.756 11113 11348 I art     : Starting a blocking GC Explicit
08-05 19:32:37.780 11113 11348 I art     : Explicit concurrent mark sweep GC freed 3(96B) AllocSpace objects, 0(0B) LOS objects, 23% free, 51MB/67MB, paused 501us total 23.554ms
08-05 19:32:37.790 11113 11348 I art     : Starting a blocking GC Explicit
08-05 19:32:37.815 11113 11348 I art     : Explicit concurrent mark sweep GC freed 3(96B) AllocSpace objects, 0(0B) LOS objects, 23% free, 51MB/67MB, paused 446us total 24.867ms
08-05 19:32:37.826 11113 11348 I art     : Starting a blocking GC Explicit
08-05 19:32:37.851 11113 11348 I art     : Explicit concurrent mark sweep GC freed 3(96B) AllocSpace objects, 0(0B) LOS objects, 23% free, 51MB/67MB, paused 501us total 25.262ms
08-05 19:32:37.987 12233 12233 D AndroidRuntime: >>>>>> START com.android.internal.os.RuntimeInit uid 2000 <<<<<<
08-05 19:32:37.995 12233 12233 D AndroidRuntime: CheckJNI is OFF
08-05 19:32:38.039 12233 12233 D ICU     : No timezone override file found: /data/misc/zoneinfo/current/icu/icu_tzdata.dat
08-05 19:32:38.080 12233 12233 I Radio-JNI: register_android_hardware_Radio DONE
08-05 19:32:38.109 12233 12233 D AndroidRuntime: Calling main entry com.android.commands.input.Input
08-05 19:32:38.112 12233 12233 I Input   : injectMotionEvent: MotionEvent { action=ACTION_DOWN, actionButton=0, id[0]=0, x[0]=733.0, y[0]=1957.0, toolType[0]=TOOL_TYPE_UNKNOWN, buttonState=0, metaState=0, flags=0x0, edgeFlags=0x0, pointerCount=1, historySize=0, eventTime=819174524, downTime=819174524, deviceId=0, source=0x1002 }
08-05 19:32:38.116 12233 12233 I Input   : injectMotionEvent: MotionEvent { action=ACTION_UP, actionButton=0, id[0]=0, x[0]=733.0, y[0]=1957.0, toolType[0]=TOOL_TYPE_UNKNOWN, buttonState=0, metaState=0, flags=0x0, edgeFlags=0x0, pointerCount=1, historySize=0, eventTime=819174524, downTime=819174524, deviceId=0, source=0x1002 }
08-05 19:32:38.118   918  5952 I ActivityManager: START u0 {cmp=baseline.appteam.nith.hillffair/.activities.ClubActivity (has extras)} from uid 10675 on display 0
08-05 19:32:38.127 12233 12233 D AndroidRuntime: Shutting down VM
08-05 19:32:38.174 11113 11348 I art     : Starting a blocking GC Explicit
08-05 19:32:38.199 11113 11348 I art     : Explicit concurrent mark sweep GC freed 5038(320KB) AllocSpace objects, 1(20KB) LOS objects, 23% free, 52MB/68MB, paused 551us total 23.908ms
08-05 19:32:38.209 11113 11348 I art     : Starting a blocking GC Explicit
08-05 19:32:38.232 11113 11348 I art     : Explicit concurrent mark sweep GC freed 346(14KB) AllocSpace objects, 0(0B) LOS objects, 23% free, 52MB/68MB, paused 548us total 23.176ms
08-05 19:32:38.234   918   936 I ActivityManager: Displayed baseline.appteam.nith.hillffair/.activities.ClubActivity: +106ms
08-05 19:32:38.235 13866 13866 I GoogleInputMethodServic: GoogleInputMethodService.onFinishInput():3138 
08-05 19:32:38.235 13866 13866 I GoogleInputMethodServic: GoogleInputMethodService.onStartInput():1808 
08-05 19:32:38.243 11113 11348 I art     : Starting a blocking GC Explicit
08-05 19:32:38.269 11113 11348 I art     : Explicit concurrent mark sweep GC freed 108(5KB) AllocSpace objects, 0(0B) LOS objects, 23% free, 52MB/68MB, paused 531us total 25.577ms
08-05 19:32:38.279 11113 11348 I art     : Starting a blocking GC Explicit
08-05 19:32:38.301 11113 11348 I art     : Explicit concurrent mark sweep GC freed 18(1648B) AllocSpace objects, 0(0B) LOS objects, 23% free, 52MB/68MB, paused 496us total 21.327ms
08-05 19:32:38.311 11113 11348 I art     : Starting a blocking GC Explicit
08-05 19:32:38.334 11113 11348 I art     : Explicit concurrent mark sweep GC freed 3(96B) AllocSpace objects, 0(0B) LOS objects, 23% free, 52MB/68MB, paused 506us total 22.940ms
08-05 19:32:38.354 13866 13882 I PeriodicStatsRunner: PeriodicStatsRunner.call():175 call()
08-05 19:32:38.354 13866 13882 I PeriodicStatsRunner: PeriodicStatsRunner.call():179 No submit PeriodicStats since input started.
08-05 19:32:38.477   380   380 W SurfaceFlinger: couldn't log to binary event log: overflow.
08-05 19:32:38.612 11113 11143 I art     : Starting a blocking GC Explicit
08-05 19:32:38.639 11113 11143 I art     : Explicit concurrent mark sweep GC freed 1447(84KB) AllocSpace objects, 1(20KB) LOS objects, 23% free, 52MB/68MB, paused 585us total 26.178ms
08-05 19:32:38.650 11113 11143 I art     : Starting a blocking GC Explicit
08-05 19:32:38.675 11113 11143 I art     : Explicit concurrent mark sweep GC freed 780(60KB) AllocSpace objects, 2(120KB) LOS objects, 23% free, 52MB/68MB, paused 759us total 24.144ms
08-05 19:32:38.685 11113 11143 I art     : Starting a blocking GC Explicit
08-05 19:32:38.699 11113 12267 D OkHttp  : --> GET https://api-hillfair-2k16.herokuapp.com/api/app/events/special/event?id=58065620dcba0f490c70fe09 http/1.1
08-05 19:32:38.710 11113 11143 I art     : Explicit concurrent mark sweep GC freed 2087(110KB) AllocSpace objects, 1(80KB) LOS objects, 23% free, 52MB/68MB, paused 632us total 24.832ms
08-05 19:32:38.720 11113 11143 I art     : Starting a blocking GC Explicit
08-05 19:32:38.737 11113 12267 D OkHttp  : <-- 200 OK https://api-hillfair-2k16.herokuapp.com/api/app/events/special/event?id=58065620dcba0f490c70fe09 (37ms, 682-byte body)
08-05 19:32:38.745 11113 11143 I art     : Explicit concurrent mark sweep GC freed 860(112KB) AllocSpace objects, 0(0B) LOS objects, 23% free, 52MB/68MB, paused 732us total 24.310ms
08-05 19:32:38.755 11113 11143 I art     : Starting a blocking GC Explicit
08-05 19:32:38.780 11113 11143 I art     : Explicit concurrent mark sweep GC freed 101(4KB) AllocSpace objects, 0(0B) LOS objects, 23% free, 52MB/68MB, paused 539us total 24.203ms
08-05 19:32:38.795 11113 11113 I NAPPA_EXPERIMENTATION: MetricNetworkRequestExecutionTime: REQUEST_DURATION_SYSTEM='634',REQUEST_DURATION_OKHTTP='37',REQUEST_SYNCHRONOUS='FALSE',RESPONSE_CODE='200',RESPONSE_METHOD='GET',RESPONSE_LENGTH_OKHTTP='682',RESPONSE_LENGTH_HEADER='682',REQUEST_PROTOCOL='http/1.1',REQUEST_URL='https://api-hillfair-2k16.herokuapp.com/api/app/events/special/event?id=58065620dcba0f490c70fe09',
08-05 19:32:39.083 11113 11124 I art     : Starting a blocking GC Explicit
08-05 19:32:39.109 11113 11124 I art     : Explicit concurrent mark sweep GC freed 1944(141KB) AllocSpace objects, 1(20KB) LOS objects, 23% free, 52MB/68MB, paused 490us total 25.605ms
08-05 19:32:39.121 11113 11124 I art     : Starting a blocking GC Explicit
08-05 19:32:39.145 11113 11124 I art     : Explicit concurrent mark sweep GC freed 63(2112B) AllocSpace objects, 0(0B) LOS objects, 23% free, 52MB/68MB, paused 609us total 24.210ms
08-05 19:32:39.156 11113 11124 I art     : Starting a blocking GC Explicit
08-05 19:32:39.180 11113 11124 I art     : Explicit concurrent mark sweep GC freed 3(96B) AllocSpace objects, 0(0B) LOS objects, 23% free, 52MB/68MB, paused 458us total 23.936ms
08-05 19:32:39.191 11113 11124 I art     : Starting a blocking GC Explicit
08-05 19:32:39.215 11113 11124 I art     : Explicit concurrent mark sweep GC freed 19(656B) AllocSpace objects, 0(0B) LOS objects, 23% free, 52MB/68MB, paused 496us total 23.811ms
08-05 19:32:39.225 11113 11124 I art     : Starting a blocking GC Explicit
08-05 19:32:39.250 11113 11124 I art     : Explicit concurrent mark sweep GC freed 3(96B) AllocSpace objects, 0(0B) LOS objects, 23% free, 52MB/68MB, paused 489us total 24.800ms
08-05 19:32:39.542 11113 11348 I art     : Starting a blocking GC Explicit
08-05 19:32:39.577 11113 11348 I art     : Explicit concurrent mark sweep GC freed 1341(78KB) AllocSpace objects, 1(20KB) LOS objects, 23% free, 52MB/68MB, paused 527us total 35.023ms
08-05 19:32:39.590 11113 11348 I art     : Starting a blocking GC Explicit
08-05 19:32:39.616 11113 11348 I art     : Explicit concurrent mark sweep GC freed 20(704B) AllocSpace objects, 0(0B) LOS objects, 23% free, 52MB/68MB, paused 516us total 25.814ms
08-05 19:32:39.627 11113 11348 I art     : Starting a blocking GC Explicit
08-05 19:32:39.653 11113 11348 I art     : Explicit concurrent mark sweep GC freed 3(96B) AllocSpace objects, 0(0B) LOS objects, 23% free, 52MB/68MB, paused 519us total 25.321ms
08-05 19:32:39.664 11113 11348 I art     : Starting a blocking GC Explicit
08-05 19:32:39.689 11113 11348 I art     : Explicit concurrent mark sweep GC freed 3(96B) AllocSpace objects, 0(0B) LOS objects, 23% free, 52MB/68MB, paused 513us total 25.394ms
08-05 19:32:39.700 11113 11348 I art     : Starting a blocking GC Explicit
08-05 19:32:39.726 11113 11348 I art     : Explicit concurrent mark sweep GC freed 3(96B) AllocSpace objects, 0(0B) LOS objects, 23% free, 52MB/68MB, paused 507us total 24.924ms
08-05 19:32:40.058 11113 11143 I art     : Starting a blocking GC Explicit
08-05 19:32:40.090 11113 11143 I art     : Explicit concurrent mark sweep GC freed 1341(78KB) AllocSpace objects, 1(20KB) LOS objects, 23% free, 52MB/68MB, paused 547us total 31.736ms
08-05 19:32:40.103 11113 11143 I art     : Starting a blocking GC Explicit
08-05 19:32:40.131 11113 11143 I art     : Explicit concurrent mark sweep GC freed 20(704B) AllocSpace objects, 0(0B) LOS objects, 23% free, 52MB/68MB, paused 531us total 27.819ms
08-05 19:32:40.143 11113 11143 I art     : Starting a blocking GC Explicit
08-05 19:32:40.171 11113 11143 I art     : Explicit concurrent mark sweep GC freed 3(96B) AllocSpace objects, 0(0B) LOS objects, 23% free, 52MB/68MB, paused 524us total 27.579ms
08-05 19:32:40.182 11113 11143 I art     : Starting a blocking GC Explicit
08-05 19:32:40.208 11113 11143 I art     : Explicit concurrent mark sweep GC freed 3(96B) AllocSpace objects, 0(0B) LOS objects, 23% free, 52MB/68MB, paused 541us total 26.523ms
08-05 19:32:40.220 11113 11143 I art     : Starting a blocking GC Explicit
08-05 19:32:40.248 11113 11143 I art     : Explicit concurrent mark sweep GC freed 3(96B) AllocSpace objects, 0(0B) LOS objects, 23% free, 52MB/68MB, paused 563us total 27.879ms
08-05 19:32:40.545 11113 11126 I art     : Starting a blocking GC Explicit
08-05 19:32:40.574 11113 11126 I art     : Explicit concurrent mark sweep GC freed 1341(78KB) AllocSpace objects, 1(20KB) LOS objects, 23% free, 52MB/68MB, paused 555us total 29.182ms
08-05 19:32:40.585 11113 11126 I art     : Starting a blocking GC Explicit
08-05 19:32:40.610 11113 11126 I art     : Explicit concurrent mark sweep GC freed 20(704B) AllocSpace objects, 0(0B) LOS objects, 23% free, 52MB/68MB, paused 508us total 24.651ms
08-05 19:32:40.621 11113 11126 I art     : Starting a blocking GC Explicit
08-05 19:32:40.645 11113 11126 I art     : Explicit concurrent mark sweep GC freed 3(96B) AllocSpace objects, 0(0B) LOS objects, 23% free, 52MB/68MB, paused 499us total 24.068ms
08-05 19:32:40.656 11113 11126 I art     : Starting a blocking GC Explicit
08-05 19:32:40.681 11113 11126 I art     : Explicit concurrent mark sweep GC freed 3(96B) AllocSpace objects, 0(0B) LOS objects, 23% free, 52MB/68MB, paused 509us total 24.887ms
08-05 19:32:40.692 11113 11126 I art     : Starting a blocking GC Explicit
08-05 19:32:40.718 11113 11126 I art     : Explicit concurrent mark sweep GC freed 3(96B) AllocSpace objects, 0(0B) LOS objects, 23% free, 52MB/68MB, paused 550us total 25.897ms
08-05 19:32:40.950 12309 12309 D AndroidRuntime: >>>>>> START com.android.internal.os.RuntimeInit uid 2000 <<<<<<
08-05 19:32:40.956 12309 12309 D AndroidRuntime: CheckJNI is OFF
08-05 19:32:40.998 12309 12309 D ICU     : No timezone override file found: /data/misc/zoneinfo/current/icu/icu_tzdata.dat
08-05 19:32:41.037 11113 11124 I art     : Starting a blocking GC Explicit
08-05 19:32:41.039 12309 12309 I Radio-JNI: register_android_hardware_Radio DONE
08-05 19:32:41.062 11113 11124 I art     : Explicit concurrent mark sweep GC freed 1341(78KB) AllocSpace objects, 1(20KB) LOS objects, 23% free, 52MB/68MB, paused 477us total 25.210ms
08-05 19:32:41.070 12309 12309 D AndroidRuntime: Calling main entry com.android.commands.input.Input
08-05 19:32:41.073 12309 12309 I Input   : injectKeyEvent: KeyEvent { action=ACTION_DOWN, keyCode=KEYCODE_BACK, scanCode=0, metaState=0, flags=0x0, repeatCount=0, eventTime=819177485, downTime=819177485, deviceId=-1, source=0x101 }
08-05 19:32:41.073 11113 11124 I art     : Starting a blocking GC Explicit
08-05 19:32:41.078 12309 12309 I Input   : injectKeyEvent: KeyEvent { action=ACTION_UP, keyCode=KEYCODE_BACK, scanCode=0, metaState=0, flags=0x0, repeatCount=0, eventTime=819177485, downTime=819177485, deviceId=-1, source=0x101 }
08-05 19:32:41.084 12309 12309 D AndroidRuntime: Shutting down VM
08-05 19:32:41.097 11113 11124 I art     : Explicit concurrent mark sweep GC freed 153(6KB) AllocSpace objects, 0(0B) LOS objects, 23% free, 52MB/68MB, paused 763us total 23.799ms
08-05 19:32:41.108 11113 11124 I art     : Starting a blocking GC Explicit
08-05 19:32:41.120 13866 13866 I GoogleInputMethodServic: GoogleInputMethodService.onFinishInput():3138 
08-05 19:32:41.121 13866 13866 I GoogleInputMethodServic: GoogleInputMethodService.onStartInput():1808 
08-05 19:32:41.130 11113 11124 I art     : Explicit concurrent mark sweep GC freed 15(624B) AllocSpace objects, 0(0B) LOS objects, 23% free, 52MB/68MB, paused 705us total 22.164ms
08-05 19:32:41.140 11113 11124 I art     : Starting a blocking GC Explicit
08-05 19:32:41.163 11113 11124 I art     : Explicit concurrent mark sweep GC freed 31(1024B) AllocSpace objects, 0(0B) LOS objects, 23% free, 52MB/68MB, paused 545us total 22.835ms
08-05 19:32:41.174 11113 11124 I art     : Starting a blocking GC Explicit
08-05 19:32:41.196 11113 11124 I art     : Explicit concurrent mark sweep GC freed 6(224B) AllocSpace objects, 0(0B) LOS objects, 23% free, 52MB/68MB, paused 492us total 22.160ms
08-05 19:32:41.236 13866 13882 I PeriodicStatsRunner: PeriodicStatsRunner.call():175 call()
08-05 19:32:41.236 13866 13882 I PeriodicStatsRunner: PeriodicStatsRunner.call():179 No submit PeriodicStats since input started.
08-05 19:32:41.429   380   380 W SurfaceFlinger: couldn't log to binary event log: overflow.
08-05 19:32:41.485 11113 11143 I art     : Starting a blocking GC Explicit
08-05 19:32:41.511 11113 11143 I art     : Explicit concurrent mark sweep GC freed 1450(87KB) AllocSpace objects, 1(20KB) LOS objects, 23% free, 52MB/68MB, paused 507us total 25.456ms
08-05 19:32:41.521 11113 11143 I art     : Starting a blocking GC Explicit
08-05 19:32:41.546 11113 11143 I art     : Explicit concurrent mark sweep GC freed 1672(106KB) AllocSpace objects, 3(400KB) LOS objects, 23% free, 52MB/68MB, paused 505us total 24.387ms
08-05 19:32:41.557 11113 11143 I art     : Starting a blocking GC Explicit
08-05 19:32:41.581 11113 11143 I art     : Explicit concurrent mark sweep GC freed 3(96B) AllocSpace objects, 0(0B) LOS objects, 23% free, 52MB/68MB, paused 560us total 23.862ms
08-05 19:32:41.592 11113 11143 I art     : Starting a blocking GC Explicit
08-05 19:32:41.617 11113 11143 I art     : Explicit concurrent mark sweep GC freed 3(96B) AllocSpace objects, 0(0B) LOS objects, 23% free, 52MB/68MB, paused 508us total 24.669ms
08-05 19:32:41.627 11113 11143 I art     : Starting a blocking GC Explicit
08-05 19:32:41.652 11113 11143 I art     : Explicit concurrent mark sweep GC freed 3(96B) AllocSpace objects, 0(0B) LOS objects, 23% free, 52MB/68MB, paused 505us total 24.163ms
08-05 19:32:41.953 11113 11126 I art     : Starting a blocking GC Explicit
08-05 19:32:41.988 11113 11126 I art     : Explicit concurrent mark sweep GC freed 1341(78KB) AllocSpace objects, 1(20KB) LOS objects, 23% free, 52MB/68MB, paused 811us total 34.733ms
08-05 19:32:42.004 11113 11126 I art     : Starting a blocking GC Explicit
08-05 19:32:42.028 11113 11126 I art     : Explicit concurrent mark sweep GC freed 20(704B) AllocSpace objects, 0(0B) LOS objects, 23% free, 52MB/68MB, paused 484us total 24.248ms
08-05 19:32:42.039 11113 11126 I art     : Starting a blocking GC Explicit
08-05 19:32:42.064 11113 11126 I art     : Explicit concurrent mark sweep GC freed 3(96B) AllocSpace objects, 0(0B) LOS objects, 23% free, 52MB/68MB, paused 507us total 24.613ms
08-05 19:32:42.075 11113 11126 I art     : Starting a blocking GC Explicit
08-05 19:32:42.099 11113 11126 I art     : Explicit concurrent mark sweep GC freed 3(96B) AllocSpace objects, 0(0B) LOS objects, 23% free, 52MB/68MB, paused 505us total 24.096ms
08-05 19:32:42.110 11113 11126 I art     : Starting a blocking GC Explicit
08-05 19:32:42.135 11113 11126 I art     : Explicit concurrent mark sweep GC freed 3(96B) AllocSpace objects, 0(0B) LOS objects, 23% free, 52MB/68MB, paused 502us total 24.675ms
08-05 19:32:42.428 11113 11348 I art     : Starting a blocking GC Explicit
08-05 19:32:42.453 11113 11348 I art     : Explicit concurrent mark sweep GC freed 1340(78KB) AllocSpace objects, 1(20KB) LOS objects, 23% free, 52MB/68MB, paused 521us total 24.420ms
08-05 19:32:42.463 11113 11348 I art     : Starting a blocking GC Explicit
08-05 19:32:42.487 11113 11348 I art     : Explicit concurrent mark sweep GC freed 20(704B) AllocSpace objects, 0(0B) LOS objects, 23% free, 52MB/68MB, paused 549us total 23.269ms
08-05 19:32:42.498 11113 11348 I art     : Starting a blocking GC Explicit
08-05 19:32:42.521 11113 11348 I art     : Explicit concurrent mark sweep GC freed 3(96B) AllocSpace objects, 0(0B) LOS objects, 23% free, 52MB/68MB, paused 513us total 23.323ms
08-05 19:32:42.532 11113 11348 I art     : Starting a blocking GC Explicit
08-05 19:32:42.555 11113 11348 I art     : Explicit concurrent mark sweep GC freed 3(96B) AllocSpace objects, 0(0B) LOS objects, 23% free, 52MB/68MB, paused 532us total 23.588ms
08-05 19:32:42.566 11113 11348 I art     : Starting a blocking GC Explicit
08-05 19:32:42.589 11113 11348 I art     : Explicit concurrent mark sweep GC freed 3(96B) AllocSpace objects, 0(0B) LOS objects, 23% free, 52MB/68MB, paused 544us total 23.166ms
08-05 19:32:42.860 12371 12371 D AndroidRuntime: >>>>>> START com.android.internal.os.RuntimeInit uid 2000 <<<<<<
08-05 19:32:42.867 12371 12371 D AndroidRuntime: CheckJNI is OFF
08-05 19:32:42.898 11113 11124 I art     : Starting a blocking GC Explicit
08-05 19:32:42.911 12371 12371 D ICU     : No timezone override file found: /data/misc/zoneinfo/current/icu/icu_tzdata.dat
08-05 19:32:42.922 11113 11124 I art     : Explicit concurrent mark sweep GC freed 1340(78KB) AllocSpace objects, 1(20KB) LOS objects, 23% free, 52MB/68MB, paused 552us total 24.302ms
08-05 19:32:42.934 11113 11124 I art     : Starting a blocking GC Explicit
08-05 19:32:42.955 12371 12371 I Radio-JNI: register_android_hardware_Radio DONE
08-05 19:32:42.958 11113 11124 I art     : Explicit concurrent mark sweep GC freed 20(704B) AllocSpace objects, 0(0B) LOS objects, 23% free, 52MB/68MB, paused 581us total 23.877ms
08-05 19:32:42.968 11113 11124 I art     : Starting a blocking GC Explicit
08-05 19:32:42.986 12371 12371 D AndroidRuntime: Calling main entry com.android.commands.input.Input
08-05 19:32:42.988 12371 12371 I Input   : injectMotionEvent: MotionEvent { action=ACTION_DOWN, actionButton=0, id[0]=0, x[0]=733.0, y[0]=645.0, toolType[0]=TOOL_TYPE_UNKNOWN, buttonState=0, metaState=0, flags=0x0, edgeFlags=0x0, pointerCount=1, historySize=0, eventTime=819179400, downTime=819179400, deviceId=0, source=0x1002 }
08-05 19:32:42.992 11113 11124 I art     : Explicit concurrent mark sweep GC freed 3(96B) AllocSpace objects, 0(0B) LOS objects, 23% free, 52MB/68MB, paused 652us total 23.816ms
08-05 19:32:42.994 12371 12371 I Input   : injectMotionEvent: MotionEvent { action=ACTION_UP, actionButton=0, id[0]=0, x[0]=733.0, y[0]=645.0, toolType[0]=TOOL_TYPE_UNKNOWN, buttonState=0, metaState=0, flags=0x0, edgeFlags=0x0, pointerCount=1, historySize=0, eventTime=819179400, downTime=819179400, deviceId=0, source=0x1002 }
08-05 19:32:42.996   918  6111 I ActivityManager: START u0 {cmp=baseline.appteam.nith.hillffair/.activities.ClubActivity (has extras)} from uid 10675 on display 0
08-05 19:32:43.003 11113 11124 I art     : Starting a blocking GC Explicit
08-05 19:32:43.006 12371 12371 D AndroidRuntime: Shutting down VM
08-05 19:32:43.027 11113 11124 I art     : Explicit concurrent mark sweep GC freed 161(14KB) AllocSpace objects, 0(0B) LOS objects, 23% free, 52MB/68MB, paused 849us total 24.207ms
08-05 19:32:43.037 11113 11124 I art     : Starting a blocking GC Explicit
08-05 19:32:43.062 11113 11124 I art     : Explicit concurrent mark sweep GC freed 3503(226KB) AllocSpace objects, 0(0B) LOS objects, 23% free, 52MB/68MB, paused 648us total 24.350ms
08-05 19:32:43.106   918   936 I ActivityManager: Displayed baseline.appteam.nith.hillffair/.activities.ClubActivity: +98ms
08-05 19:32:43.106 13866 13866 I GoogleInputMethodServic: GoogleInputMethodService.onFinishInput():3138 
08-05 19:32:43.107 13866 13866 I GoogleInputMethodServic: GoogleInputMethodService.onStartInput():1808 
08-05 19:32:43.236 13866 13882 I PeriodicStatsRunner: PeriodicStatsRunner.call():175 call()
08-05 19:32:43.236 13866 13882 I PeriodicStatsRunner: PeriodicStatsRunner.call():179 No submit PeriodicStats since input started.
08-05 19:32:43.352 11113 11124 I art     : Starting a blocking GC Explicit
08-05 19:32:43.361   380   380 W SurfaceFlinger: couldn't log to binary event log: overflow.
08-05 19:32:43.386 11113 11124 I art     : Explicit concurrent mark sweep GC freed 1808(99KB) AllocSpace objects, 1(20KB) LOS objects, 23% free, 52MB/68MB, paused 513us total 33.861ms
08-05 19:32:43.396 11113 11124 I art     : Starting a blocking GC Explicit
08-05 19:32:43.418 11113 11124 I art     : Explicit concurrent mark sweep GC freed 34(1168B) AllocSpace objects, 0(0B) LOS objects, 23% free, 52MB/68MB, paused 521us total 21.366ms
08-05 19:32:43.428 11113 11124 I art     : Starting a blocking GC Explicit
08-05 19:32:43.450 11113 11124 I art     : Explicit concurrent mark sweep GC freed 3(96B) AllocSpace objects, 0(0B) LOS objects, 23% free, 52MB/68MB, paused 508us total 22.064ms
08-05 19:32:43.460 11113 11124 I art     : Starting a blocking GC Explicit
08-05 19:32:43.483 11113 11124 I art     : Explicit concurrent mark sweep GC freed 5(176B) AllocSpace objects, 0(0B) LOS objects, 23% free, 52MB/68MB, paused 697us total 22.851ms
08-05 19:32:43.495 11113 11124 I art     : Starting a blocking GC Explicit
08-05 19:32:43.521 11113 11124 I art     : Explicit concurrent mark sweep GC freed 106(5KB) AllocSpace objects, 0(0B) LOS objects, 23% free, 52MB/68MB, paused 539us total 25.989ms
08-05 19:32:43.813 11113 12398 D OkHttp  : --> GET https://api-hillfair-2k16.herokuapp.com/api/app/events/special/event?id=5806551bdcba0f490c70fd1f http/1.1
08-05 19:32:43.825 11113 11126 I art     : Starting a blocking GC Explicit
08-05 19:32:43.852 11113 11126 I art     : Explicit concurrent mark sweep GC freed 4008(214KB) AllocSpace objects, 4(220KB) LOS objects, 23% free, 52MB/68MB, paused 627us total 26.764ms
08-05 19:32:43.852 11113 12398 D OkHttp  : <-- 200 OK https://api-hillfair-2k16.herokuapp.com/api/app/events/special/event?id=5806551bdcba0f490c70fd1f (39ms, 795-byte body)
08-05 19:32:43.863 11113 11126 I art     : Starting a blocking GC Explicit
08-05 19:32:43.888 11113 11126 I art     : Explicit concurrent mark sweep GC freed 1196(151KB) AllocSpace objects, 0(0B) LOS objects, 23% free, 52MB/68MB, paused 575us total 24.463ms
08-05 19:32:43.898 11113 11126 I art     : Starting a blocking GC Explicit
08-05 19:32:43.918 11113 11113 I NAPPA_EXPERIMENTATION: MetricNetworkRequestExecutionTime: REQUEST_DURATION_SYSTEM='877',REQUEST_DURATION_OKHTTP='39',REQUEST_SYNCHRONOUS='FALSE',RESPONSE_CODE='200',RESPONSE_METHOD='GET',RESPONSE_LENGTH_OKHTTP='795',RESPONSE_LENGTH_HEADER='795',REQUEST_PROTOCOL='http/1.1',REQUEST_URL='https://api-hillfair-2k16.herokuapp.com/api/app/events/special/event?id=5806551bdcba0f490c70fd1f',
08-05 19:32:43.923 11113 11126 I art     : Explicit concurrent mark sweep GC freed 196(17KB) AllocSpace objects, 0(0B) LOS objects, 23% free, 52MB/68MB, paused 568us total 24.696ms
08-05 19:32:43.934 11113 11126 I art     : Starting a blocking GC Explicit
08-05 19:32:43.959 11113 11126 I art     : Explicit concurrent mark sweep GC freed 435(47KB) AllocSpace objects, 0(0B) LOS objects, 23% free, 52MB/68MB, paused 540us total 25.140ms
08-05 19:32:43.971 11113 11126 I art     : Starting a blocking GC Explicit
08-05 19:32:43.996 11113 11126 I art     : Explicit concurrent mark sweep GC freed 50(1824B) AllocSpace objects, 0(0B) LOS objects, 23% free, 52MB/68MB, paused 533us total 24.690ms
08-05 19:32:44.297 11113 11126 I art     : Starting a blocking GC Explicit
08-05 19:32:44.324 11113 11126 I art     : Explicit concurrent mark sweep GC freed 1341(78KB) AllocSpace objects, 1(20KB) LOS objects, 23% free, 52MB/68MB, paused 511us total 25.922ms
08-05 19:32:44.334 11113 11126 I art     : Starting a blocking GC Explicit
08-05 19:32:44.360 11113 11126 I art     : Explicit concurrent mark sweep GC freed 36(1264B) AllocSpace objects, 0(0B) LOS objects, 23% free, 52MB/68MB, paused 537us total 25.126ms
08-05 19:32:44.371 11113 11126 I art     : Starting a blocking GC Explicit
08-05 19:32:44.397 11113 11126 I art     : Explicit concurrent mark sweep GC freed 3(96B) AllocSpace objects, 0(0B) LOS objects, 23% free, 52MB/68MB, paused 550us total 25.685ms
08-05 19:32:44.408 11113 11126 I art     : Starting a blocking GC Explicit
08-05 19:32:44.434 11113 11126 I art     : Explicit concurrent mark sweep GC freed 3(96B) AllocSpace objects, 0(0B) LOS objects, 23% free, 52MB/68MB, paused 524us total 25.622ms
08-05 19:32:44.444 11113 11126 I art     : Starting a blocking GC Explicit
08-05 19:32:44.471 11113 11126 I art     : Explicit concurrent mark sweep GC freed 3(96B) AllocSpace objects, 0(0B) LOS objects, 23% free, 52MB/68MB, paused 536us total 26.055ms
08-05 19:32:44.781 11113 11143 I art     : Starting a blocking GC Explicit
08-05 19:32:44.811 11113 11143 I art     : Explicit concurrent mark sweep GC freed 1341(78KB) AllocSpace objects, 1(20KB) LOS objects, 23% free, 52MB/68MB, paused 537us total 29.624ms
08-05 19:32:44.822 11113 11143 I art     : Starting a blocking GC Explicit
08-05 19:32:44.848 11113 11143 I art     : Explicit concurrent mark sweep GC freed 20(704B) AllocSpace objects, 0(0B) LOS objects, 23% free, 52MB/68MB, paused 556us total 25.763ms
08-05 19:32:44.859 11113 11143 I art     : Starting a blocking GC Explicit
08-05 19:32:44.885 11113 11143 I art     : Explicit concurrent mark sweep GC freed 3(96B) AllocSpace objects, 0(0B) LOS objects, 23% free, 52MB/68MB, paused 535us total 25.910ms
08-05 19:32:44.896 11113 11143 I art     : Starting a blocking GC Explicit
08-05 19:32:44.923 11113 11143 I art     : Explicit concurrent mark sweep GC freed 3(96B) AllocSpace objects, 0(0B) LOS objects, 23% free, 52MB/68MB, paused 542us total 26.642ms
08-05 19:32:44.934 11113 11143 I art     : Starting a blocking GC Explicit
08-05 19:32:44.962 11113 11143 I art     : Explicit concurrent mark sweep GC freed 3(96B) AllocSpace objects, 0(0B) LOS objects, 23% free, 52MB/68MB, paused 548us total 27.262ms
08-05 19:32:45.299 11113 11124 I art     : Starting a blocking GC Explicit
08-05 19:32:45.336 11113 11124 I art     : Explicit concurrent mark sweep GC freed 1341(78KB) AllocSpace objects, 1(20KB) LOS objects, 23% free, 52MB/68MB, paused 522us total 36.323ms
08-05 19:32:45.350 11113 11124 I art     : Starting a blocking GC Explicit
08-05 19:32:45.378 11113 11124 I art     : Explicit concurrent mark sweep GC freed 20(704B) AllocSpace objects, 0(0B) LOS objects, 23% free, 52MB/68MB, paused 553us total 28.001ms
08-05 19:32:45.389 11113 11124 I art     : Starting a blocking GC Explicit
08-05 19:32:45.416 11113 11124 I art     : Explicit concurrent mark sweep GC freed 3(96B) AllocSpace objects, 0(0B) LOS objects, 23% free, 52MB/68MB, paused 529us total 26.077ms
08-05 19:32:45.427 11113 11124 I art     : Starting a blocking GC Explicit
08-05 19:32:45.455 11113 11124 I art     : Explicit concurrent mark sweep GC freed 3(96B) AllocSpace objects, 0(0B) LOS objects, 23% free, 52MB/68MB, paused 550us total 28.407ms
08-05 19:32:45.467 11113 11124 I art     : Starting a blocking GC Explicit
08-05 19:32:45.495 11113 11124 I art     : Explicit concurrent mark sweep GC freed 3(96B) AllocSpace objects, 0(0B) LOS objects, 23% free, 52MB/68MB, paused 572us total 28.123ms
08-05 19:32:45.831 11113 11348 I art     : Starting a blocking GC Explicit
08-05 19:32:45.867 11113 11348 I art     : Explicit concurrent mark sweep GC freed 1341(78KB) AllocSpace objects, 1(20KB) LOS objects, 23% free, 52MB/68MB, paused 604us total 35.227ms
08-05 19:32:45.882 11113 11348 I art     : Starting a blocking GC Explicit
08-05 19:32:45.911 11113 11348 I art     : Explicit concurrent mark sweep GC freed 20(704B) AllocSpace objects, 0(0B) LOS objects, 23% free, 52MB/68MB, paused 528us total 28.364ms
08-05 19:32:45.922 11113 11348 I art     : Starting a blocking GC Explicit
08-05 19:32:45.950 11113 11348 I art     : Explicit concurrent mark sweep GC freed 3(96B) AllocSpace objects, 0(0B) LOS objects, 23% free, 52MB/68MB, paused 553us total 28.296ms
08-05 19:32:45.962 11113 11348 I art     : Starting a blocking GC Explicit
08-05 19:32:45.990 11113 11348 I art     : Explicit concurrent mark sweep GC freed 3(96B) AllocSpace objects, 0(0B) LOS objects, 23% free, 52MB/68MB, paused 539us total 28.185ms
08-05 19:32:46.001 11113 11348 I art     : Starting a blocking GC Explicit
08-05 19:32:46.029 11113 11348 I art     : Explicit concurrent mark sweep GC freed 3(96B) AllocSpace objects, 0(0B) LOS objects, 23% free, 52MB/68MB, paused 533us total 27.537ms
08-05 19:32:46.121 13866 13882 I PeriodicStatsRunner: PeriodicStatsRunner.call():175 call()
08-05 19:32:46.122 13866 13882 I PeriodicStatsRunner: PeriodicStatsRunner.call():179 No submit PeriodicStats since input started.
08-05 19:32:46.375 11113 11126 I art     : Starting a blocking GC Explicit
08-05 19:32:46.410 11113 11126 I art     : Explicit concurrent mark sweep GC freed 1341(78KB) AllocSpace objects, 1(20KB) LOS objects, 23% free, 52MB/68MB, paused 514us total 34.624ms
08-05 19:32:46.421 11113 11126 I art     : Starting a blocking GC Explicit
08-05 19:32:46.447 11113 11126 I art     : Explicit concurrent mark sweep GC freed 20(704B) AllocSpace objects, 0(0B) LOS objects, 23% free, 52MB/68MB, paused 532us total 25.860ms
08-05 19:32:46.458 11113 11126 I art     : Starting a blocking GC Explicit
08-05 19:32:46.484 11113 11126 I art     : Explicit concurrent mark sweep GC freed 3(96B) AllocSpace objects, 0(0B) LOS objects, 23% free, 52MB/68MB, paused 539us total 25.794ms
08-05 19:32:46.495 11113 11126 I art     : Starting a blocking GC Explicit
08-05 19:32:46.523 11113 11126 I art     : Explicit concurrent mark sweep GC freed 3(96B) AllocSpace objects, 0(0B) LOS objects, 23% free, 52MB/68MB, paused 523us total 27.631ms
08-05 19:32:46.534 11113 11126 I art     : Starting a blocking GC Explicit
08-05 19:32:46.562 11113 11126 I art     : Explicit concurrent mark sweep GC freed 3(96B) AllocSpace objects, 0(0B) LOS objects, 23% free, 52MB/68MB, paused 556us total 28.176ms
08-05 19:32:46.871 11113 11143 I art     : Starting a blocking GC Explicit
08-05 19:32:46.904 11113 11143 I art     : Explicit concurrent mark sweep GC freed 1341(78KB) AllocSpace objects, 1(20KB) LOS objects, 23% free, 52MB/68MB, paused 691us total 32.356ms
08-05 19:32:46.918 11113 11143 I art     : Starting a blocking GC Explicit
08-05 19:32:46.946 11113 11143 I art     : Explicit concurrent mark sweep GC freed 20(704B) AllocSpace objects, 0(0B) LOS objects, 23% free, 52MB/68MB, paused 557us total 27.422ms
08-05 19:32:46.957 11113 11143 I art     : Starting a blocking GC Explicit
08-05 19:32:46.986 11113 11143 I art     : Explicit concurrent mark sweep GC freed 3(96B) AllocSpace objects, 0(0B) LOS objects, 23% free, 52MB/68MB, paused 547us total 28.342ms
08-05 19:32:46.997 11113 11143 I art     : Starting a blocking GC Explicit
08-05 19:32:47.023 11113 11143 I art     : Explicit concurrent mark sweep GC freed 3(96B) AllocSpace objects, 0(0B) LOS objects, 23% free, 52MB/68MB, paused 552us total 26.133ms
08-05 19:32:47.034 11113 11143 I art     : Starting a blocking GC Explicit
08-05 19:32:47.062 11113 11143 I art     : Explicit concurrent mark sweep GC freed 3(96B) AllocSpace objects, 0(0B) LOS objects, 23% free, 52MB/68MB, paused 558us total 27.726ms
08-05 19:32:47.383 11113 11124 I art     : Starting a blocking GC Explicit
08-05 19:32:47.413 11113 11124 I art     : Explicit concurrent mark sweep GC freed 1341(78KB) AllocSpace objects, 1(20KB) LOS objects, 23% free, 52MB/68MB, paused 573us total 29.710ms
08-05 19:32:47.425 11113 11124 I art     : Starting a blocking GC Explicit
08-05 19:32:47.450 11113 11124 I art     : Explicit concurrent mark sweep GC freed 20(704B) AllocSpace objects, 0(0B) LOS objects, 23% free, 52MB/68MB, paused 540us total 25.019ms
08-05 19:32:47.461 11113 11124 I art     : Starting a blocking GC Explicit
08-05 19:32:47.488 11113 11124 I art     : Explicit concurrent mark sweep GC freed 3(96B) AllocSpace objects, 0(0B) LOS objects, 23% free, 52MB/68MB, paused 563us total 26.724ms
08-05 19:32:47.499 11113 11124 I art     : Starting a blocking GC Explicit
08-05 19:32:47.524 11113 11124 I art     : Explicit concurrent mark sweep GC freed 3(96B) AllocSpace objects, 0(0B) LOS objects, 23% free, 52MB/68MB, paused 555us total 25.112ms
08-05 19:32:47.535 11113 11124 I art     : Starting a blocking GC Explicit
08-05 19:32:47.562 11113 11124 I art     : Explicit concurrent mark sweep GC freed 3(96B) AllocSpace objects, 0(0B) LOS objects, 23% free, 52MB/68MB, paused 551us total 26.864ms
08-05 19:32:47.808 12485 12485 D AndroidRuntime: >>>>>> START com.android.internal.os.RuntimeInit uid 2000 <<<<<<
08-05 19:32:47.811 11113 12495 W OneSignal: OneSignalRestClient: POST Error thrown from network stack. 
08-05 19:32:47.811 11113 12495 W OneSignal: java.io.IOException: unexpected end of stream on Connection{api.onesignal.com:443, proxy=HTTP@192.168.2.12:8080 hostAddress=192.168.2.12 cipherSuite=TLS_ECDHE_RSA_WITH_AES_128_GCM_SHA256 protocol=http/1.1} (recycle count=0)
08-05 19:32:47.811 11113 12495 W OneSignal: 	at com.android.okhttp.internal.http.HttpConnection.readResponse(HttpConnection.java:210)
08-05 19:32:47.811 11113 12495 W OneSignal: 	at com.android.okhttp.internal.http.HttpTransport.readResponseHeaders(HttpTransport.java:80)
08-05 19:32:47.811 11113 12495 W OneSignal: 	at com.android.okhttp.internal.http.HttpEngine.readNetworkResponse(HttpEngine.java:904)
08-05 19:32:47.811 11113 12495 W OneSignal: 	at com.android.okhttp.internal.http.HttpEngine.readResponse(HttpEngine.java:788)
08-05 19:32:47.811 11113 12495 W OneSignal: 	at com.android.okhttp.internal.huc.HttpURLConnectionImpl.execute(HttpURLConnectionImpl.java:439)
08-05 19:32:47.811 11113 12495 W OneSignal: 	at com.android.okhttp.internal.huc.HttpURLConnectionImpl.getResponse(HttpURLConnectionImpl.java:384)
08-05 19:32:47.811 11113 12495 W OneSignal: 	at com.android.okhttp.internal.huc.HttpURLConnectionImpl.getResponseCode(HttpURLConnectionImpl.java:497)
08-05 19:32:47.811 11113 12495 W OneSignal: 	at com.android.okhttp.internal.huc.DelegatingHttpsURLConnection.getResponseCode(DelegatingHttpsURLConnection.java:105)
08-05 19:32:47.811 11113 12495 W OneSignal: 	at com.android.okhttp.internal.huc.HttpsURLConnectionImpl.getResponseCode(HttpsURLConnectionImpl.java)
08-05 19:32:47.811 11113 12495 W OneSignal: 	at com.onesignal.OneSignalRestClient.startHTTPConnection(OneSignalRestClient.java:180)
08-05 19:32:47.811 11113 12495 W OneSignal: 	at com.onesignal.OneSignalRestClient.access$100(OneSignalRestClient.java:44)
08-05 19:32:47.811 11113 12495 W OneSignal: 	at com.onesignal.OneSignalRestClient$4.run(OneSignalRestClient.java:110)
08-05 19:32:47.811 11113 12495 W OneSignal: 	at java.lang.Thread.run(Thread.java:818)
08-05 19:32:47.811 11113 12495 W OneSignal: Caused by: java.io.EOFException: \n not found: size=0 content=...
08-05 19:32:47.811 11113 12495 W OneSignal: 	at com.android.okhttp.okio.RealBufferedSource.readUtf8LineStrict(RealBufferedSource.java:200)
08-05 19:32:47.811 11113 12495 W OneSignal: 	at com.android.okhttp.internal.http.HttpConnection.readResponse(HttpConnection.java:191)
08-05 19:32:47.811 11113 12495 W OneSignal: 	... 12 more
08-05 19:32:47.814 11113 12506 W OneSignal: Failed last request. statusCode: -1
08-05 19:32:47.814 11113 12506 W OneSignal: response: null
08-05 19:32:47.814 12485 12485 D AndroidRuntime: CheckJNI is OFF
08-05 19:32:47.857 12485 12485 D ICU     : No timezone override file found: /data/misc/zoneinfo/current/icu/icu_tzdata.dat
08-05 19:32:47.876 11113 11348 I art     : Starting a blocking GC Explicit
08-05 19:32:47.903 12485 12485 I Radio-JNI: register_android_hardware_Radio DONE
08-05 19:32:47.904 11113 11348 I art     : Explicit concurrent mark sweep GC freed 3874(241KB) AllocSpace objects, 1(20KB) LOS objects, 23% free, 52MB/68MB, paused 591us total 28.055ms
08-05 19:32:47.915 11113 11348 I art     : Starting a blocking GC Explicit
08-05 19:32:47.934 12485 12485 D AndroidRuntime: Calling main entry com.android.commands.input.Input
08-05 19:32:47.936 12485 12485 I Input   : injectKeyEvent: KeyEvent { action=ACTION_DOWN, keyCode=KEYCODE_BACK, scanCode=0, metaState=0, flags=0x0, repeatCount=0, eventTime=819184349, downTime=819184349, deviceId=-1, source=0x101 }
08-05 19:32:47.942 11113 11348 I art     : Explicit concurrent mark sweep GC freed 96(3KB) AllocSpace objects, 0(0B) LOS objects, 23% free, 52MB/68MB, paused 505us total 26.889ms
08-05 19:32:47.943 12485 12485 I Input   : injectKeyEvent: KeyEvent { action=ACTION_UP, keyCode=KEYCODE_BACK, scanCode=0, metaState=0, flags=0x0, repeatCount=0, eventTime=819184349, downTime=819184349, deviceId=-1, source=0x101 }
08-05 19:32:47.949 12485 12485 D AndroidRuntime: Shutting down VM
08-05 19:32:47.952 11113 11348 I art     : Starting a blocking GC Explicit
08-05 19:32:47.977 11113 11348 I art     : Explicit concurrent mark sweep GC freed 143(6KB) AllocSpace objects, 0(0B) LOS objects, 23% free, 52MB/68MB, paused 521us total 24.053ms
08-05 19:32:47.987 11113 11348 I art     : Starting a blocking GC Explicit
08-05 19:32:47.994 13866 13866 I GoogleInputMethodServic: GoogleInputMethodService.onFinishInput():3138 
08-05 19:32:47.995 13866 13866 I GoogleInputMethodServic: GoogleInputMethodService.onStartInput():1808 
08-05 19:32:48.009 11113 11348 I art     : Explicit concurrent mark sweep GC freed 25(976B) AllocSpace objects, 0(0B) LOS objects, 23% free, 52MB/68MB, paused 582us total 22.541ms
08-05 19:32:48.020 11113 11348 I art     : Starting a blocking GC Explicit
08-05 19:32:48.043 11113 11348 I art     : Explicit concurrent mark sweep GC freed 14(480B) AllocSpace objects, 0(0B) LOS objects, 23% free, 52MB/68MB, paused 501us total 22.938ms
08-05 19:32:48.107 13866 13882 I PeriodicStatsRunner: PeriodicStatsRunner.call():175 call()
08-05 19:32:48.107 13866 13882 I PeriodicStatsRunner: PeriodicStatsRunner.call():179 No submit PeriodicStats since input started.
08-05 19:32:48.286   380   380 W SurfaceFlinger: couldn't log to binary event log: overflow.
08-05 19:32:48.336 11113 11124 I art     : Starting a blocking GC Explicit
08-05 19:32:48.362 11113 11124 I art     : Explicit concurrent mark sweep GC freed 1453(87KB) AllocSpace objects, 1(20KB) LOS objects, 23% free, 52MB/68MB, paused 533us total 25.204ms
08-05 19:32:48.372 11113 11124 I art     : Starting a blocking GC Explicit
08-05 19:32:48.397 11113 11124 I art     : Explicit concurrent mark sweep GC freed 1672(107KB) AllocSpace objects, 3(400KB) LOS objects, 23% free, 52MB/68MB, paused 510us total 24.320ms
08-05 19:32:48.398 11113 11123 I art     : WaitForGcToComplete blocked for 11.010ms for cause HeapTrim
08-05 19:32:48.408 11113 11124 I art     : Starting a blocking GC Explicit
08-05 19:32:48.433 11113 11124 I art     : Explicit concurrent mark sweep GC freed 3(96B) AllocSpace objects, 0(0B) LOS objects, 23% free, 52MB/68MB, paused 524us total 24.487ms
08-05 19:32:48.443 11113 11124 I art     : Starting a blocking GC Explicit
08-05 19:32:48.468 11113 11124 I art     : Explicit concurrent mark sweep GC freed 3(96B) AllocSpace objects, 0(0B) LOS objects, 23% free, 52MB/68MB, paused 526us total 24.660ms
08-05 19:32:48.479 11113 11124 I art     : Starting a blocking GC Explicit
08-05 19:32:48.504 11113 11124 I art     : Explicit concurrent mark sweep GC freed 3(96B) AllocSpace objects, 0(0B) LOS objects, 23% free, 52MB/68MB, paused 523us total 24.813ms
08-05 19:32:48.809 11113 11126 I art     : Starting a blocking GC Explicit
08-05 19:32:48.845 11113 11126 I art     : Explicit concurrent mark sweep GC freed 1341(78KB) AllocSpace objects, 1(20KB) LOS objects, 23% free, 52MB/68MB, paused 608us total 35.342ms
08-05 19:32:48.856 11113 11126 I art     : Starting a blocking GC Explicit
08-05 19:32:48.879 11113 11126 I art     : Explicit concurrent mark sweep GC freed 20(704B) AllocSpace objects, 0(0B) LOS objects, 23% free, 52MB/68MB, paused 530us total 22.886ms
08-05 19:32:48.890 11113 11126 I art     : Starting a blocking GC Explicit
08-05 19:32:48.914 11113 11126 I art     : Explicit concurrent mark sweep GC freed 3(96B) AllocSpace objects, 0(0B) LOS objects, 23% free, 52MB/68MB, paused 572us total 23.711ms
08-05 19:32:48.924 11113 11126 I art     : Starting a blocking GC Explicit
08-05 19:32:48.949 11113 11126 I art     : Explicit concurrent mark sweep GC freed 3(96B) AllocSpace objects, 0(0B) LOS objects, 23% free, 52MB/68MB, paused 515us total 24.140ms
08-05 19:32:48.959 11113 11126 I art     : Starting a blocking GC Explicit
08-05 19:32:48.984 11113 11126 I art     : Explicit concurrent mark sweep GC freed 3(96B) AllocSpace objects, 0(0B) LOS objects, 23% free, 52MB/68MB, paused 533us total 24.381ms
08-05 19:32:49.270 11113 11143 I art     : Starting a blocking GC Explicit
08-05 19:32:49.296 11113 11143 I art     : Explicit concurrent mark sweep GC freed 1340(78KB) AllocSpace objects, 1(20KB) LOS objects, 23% free, 52MB/68MB, paused 544us total 25.182ms
08-05 19:32:49.306 11113 11143 I art     : Starting a blocking GC Explicit
08-05 19:32:49.331 11113 11143 I art     : Explicit concurrent mark sweep GC freed 20(704B) AllocSpace objects, 0(0B) LOS objects, 23% free, 52MB/68MB, paused 537us total 23.957ms
08-05 19:32:49.341 11113 11143 I art     : Starting a blocking GC Explicit
08-05 19:32:49.365 11113 11143 I art     : Explicit concurrent mark sweep GC freed 3(96B) AllocSpace objects, 0(0B) LOS objects, 23% free, 52MB/68MB, paused 539us total 23.769ms
08-05 19:32:49.376 11113 11143 I art     : Starting a blocking GC Explicit
08-05 19:32:49.400 11113 11143 I art     : Explicit concurrent mark sweep GC freed 3(96B) AllocSpace objects, 0(0B) LOS objects, 23% free, 52MB/68MB, paused 523us total 23.983ms
08-05 19:32:49.411 11113 11143 I art     : Starting a blocking GC Explicit
08-05 19:32:49.435 11113 11143 I art     : Explicit concurrent mark sweep GC freed 3(96B) AllocSpace objects, 0(0B) LOS objects, 23% free, 52MB/68MB, paused 534us total 23.863ms
08-05 19:32:49.725 11113 11348 I art     : Starting a blocking GC Explicit
08-05 19:32:49.749 12544 12544 D AndroidRuntime: >>>>>> START com.android.internal.os.RuntimeInit uid 2000 <<<<<<
08-05 19:32:49.755 11113 11348 I art     : Explicit concurrent mark sweep GC freed 1340(78KB) AllocSpace objects, 1(20KB) LOS objects, 23% free, 52MB/68MB, paused 601us total 30.008ms
08-05 19:32:49.757 12544 12544 D AndroidRuntime: CheckJNI is OFF
08-05 19:32:49.767 11113 11348 I art     : Starting a blocking GC Explicit
08-05 19:32:49.793 11113 11348 I art     : Explicit concurrent mark sweep GC freed 20(704B) AllocSpace objects, 0(0B) LOS objects, 23% free, 52MB/68MB, paused 563us total 25.143ms
08-05 19:32:49.804 11113 11348 I art     : Starting a blocking GC Explicit
08-05 19:32:49.805 12544 12544 D ICU     : No timezone override file found: /data/misc/zoneinfo/current/icu/icu_tzdata.dat
08-05 19:32:49.828 11113 11348 I art     : Explicit concurrent mark sweep GC freed 3(96B) AllocSpace objects, 0(0B) LOS objects, 23% free, 52MB/68MB, paused 585us total 24.268ms
08-05 19:32:49.840 11113 11348 I art     : Starting a blocking GC Explicit
08-05 19:32:49.850 12544 12544 I Radio-JNI: register_android_hardware_Radio DONE
08-05 19:32:49.864 11113 11348 I art     : Explicit concurrent mark sweep GC freed 3(96B) AllocSpace objects, 0(0B) LOS objects, 23% free, 52MB/68MB, paused 556us total 24.509ms
08-05 19:32:49.875 11113 11348 I art     : Starting a blocking GC Explicit
08-05 19:32:49.880 12544 12544 D AndroidRuntime: Calling main entry com.android.commands.input.Input
08-05 19:32:49.882 12544 12544 I Input   : injectKeyEvent: KeyEvent { action=ACTION_DOWN, keyCode=KEYCODE_BACK, scanCode=0, metaState=0, flags=0x0, repeatCount=0, eventTime=819186295, downTime=819186295, deviceId=-1, source=0x101 }
08-05 19:32:49.888 12544 12544 I Input   : injectKeyEvent: KeyEvent { action=ACTION_UP, keyCode=KEYCODE_BACK, scanCode=0, metaState=0, flags=0x0, repeatCount=0, eventTime=819186295, downTime=819186295, deviceId=-1, source=0x101 }
08-05 19:32:49.894 12544 12544 D AndroidRuntime: Shutting down VM
08-05 19:32:49.899 11113 11348 I art     : Explicit concurrent mark sweep GC freed 26(896B) AllocSpace objects, 0(0B) LOS objects, 23% free, 52MB/68MB, paused 588us total 23.292ms
08-05 19:32:49.936 13866 13866 I GoogleInputMethodServic: GoogleInputMethodService.onFinishInput():3138 
08-05 19:32:49.937 13866 13866 I GoogleInputMethodServic: GoogleInputMethodService.onStartInput():1808 
08-05 19:32:50.194 11113 11143 I art     : Starting a blocking GC Explicit
08-05 19:32:50.219 11113 11143 I art     : Explicit concurrent mark sweep GC freed 1527(86KB) AllocSpace objects, 1(20KB) LOS objects, 23% free, 52MB/68MB, paused 589us total 24.765ms
08-05 19:32:50.230 11113 11143 I art     : Starting a blocking GC Explicit
08-05 19:32:50.253 11113 11143 I art     : Explicit concurrent mark sweep GC freed 1088(52KB) AllocSpace objects, 0(0B) LOS objects, 23% free, 52MB/68MB, paused 522us total 22.402ms
08-05 19:32:50.263 11113 11143 I art     : Starting a blocking GC Explicit
08-05 19:32:50.283   918  3261 D WifiStateMachine: starting scan for "H369AA63323"WPA_PSK with 2412,5180
08-05 19:32:50.288 11113 11143 I art     : Explicit concurrent mark sweep GC freed 2083(127KB) AllocSpace objects, 2(140KB) LOS objects, 23% free, 51MB/67MB, paused 487us total 25.021ms
08-05 19:32:50.300 11113 11143 I art     : Starting a blocking GC Explicit
08-05 19:32:50.323 11113 11143 I art     : Explicit concurrent mark sweep GC freed 3(96B) AllocSpace objects, 0(0B) LOS objects, 23% free, 51MB/67MB, paused 546us total 23.019ms
08-05 19:32:50.333 11113 11143 I art     : Starting a blocking GC Explicit
08-05 19:32:50.357 11113 11143 I art     : Explicit concurrent mark sweep GC freed 3(96B) AllocSpace objects, 0(0B) LOS objects, 23% free, 51MB/67MB, paused 611us total 23.374ms
08-05 19:32:50.661 11113 11126 I art     : Starting a blocking GC Explicit
08-05 19:32:50.693 11113 11126 I art     : Explicit concurrent mark sweep GC freed 1340(78KB) AllocSpace objects, 1(20KB) LOS objects, 23% free, 51MB/67MB, paused 574us total 31.510ms
08-05 19:32:50.706 11113 11126 I art     : Starting a blocking GC Explicit
08-05 19:32:50.730 11113 11126 I art     : Explicit concurrent mark sweep GC freed 20(704B) AllocSpace objects, 0(0B) LOS objects, 23% free, 51MB/67MB, paused 543us total 24.294ms
08-05 19:32:50.741 11113 11126 I art     : Starting a blocking GC Explicit
08-05 19:32:50.765 11113 11126 I art     : Explicit concurrent mark sweep GC freed 3(96B) AllocSpace objects, 0(0B) LOS objects, 23% free, 51MB/67MB, paused 531us total 23.762ms
08-05 19:32:50.776 11113 11126 I art     : Starting a blocking GC Explicit
08-05 19:32:50.800 11113 11126 I art     : Explicit concurrent mark sweep GC freed 3(96B) AllocSpace objects, 0(0B) LOS objects, 23% free, 51MB/67MB, paused 533us total 23.911ms
08-05 19:32:50.811 11113 11126 I art     : Starting a blocking GC Explicit
08-05 19:32:50.834 11113 11126 I art     : Explicit concurrent mark sweep GC freed 3(96B) AllocSpace objects, 0(0B) LOS objects, 23% free, 51MB/67MB, paused 518us total 23.067ms
08-05 19:32:51.130 11113 11124 I art     : Starting a blocking GC Explicit
08-05 19:32:51.155 11113 11124 I art     : Explicit concurrent mark sweep GC freed 1338(78KB) AllocSpace objects, 1(20KB) LOS objects, 23% free, 51MB/67MB, paused 519us total 24.354ms
08-05 19:32:51.166 11113 11124 I art     : Starting a blocking GC Explicit
08-05 19:32:51.188 11113 11124 I art     : Explicit concurrent mark sweep GC freed 20(704B) AllocSpace objects, 0(0B) LOS objects, 23% free, 51MB/67MB, paused 569us total 21.685ms
08-05 19:32:51.198 11113 11124 I art     : Starting a blocking GC Explicit
08-05 19:32:51.221 11113 11124 I art     : Explicit concurrent mark sweep GC freed 3(96B) AllocSpace objects, 0(0B) LOS objects, 23% free, 51MB/67MB, paused 500us total 22.626ms
08-05 19:32:51.231 11113 11124 I art     : Starting a blocking GC Explicit
08-05 19:32:51.254 11113 11124 I art     : Explicit concurrent mark sweep GC freed 3(96B) AllocSpace objects, 0(0B) LOS objects, 23% free, 51MB/67MB, paused 529us total 22.321ms
08-05 19:32:51.264 11113 11124 I art     : Starting a blocking GC Explicit
08-05 19:32:51.287 11113 11124 I art     : Explicit concurrent mark sweep GC freed 3(96B) AllocSpace objects, 0(0B) LOS objects, 23% free, 51MB/67MB, paused 623us total 22.506ms
08-05 19:32:51.585 11113 11348 I art     : Starting a blocking GC Explicit
08-05 19:32:51.612 11113 11348 I art     : Explicit concurrent mark sweep GC freed 1338(78KB) AllocSpace objects, 1(20KB) LOS objects, 23% free, 51MB/67MB, paused 577us total 27.477ms
08-05 19:32:51.628 11113 11348 I art     : Starting a blocking GC Explicit
08-05 19:32:51.652 11113 11348 I art     : Explicit concurrent mark sweep GC freed 20(704B) AllocSpace objects, 0(0B) LOS objects, 23% free, 51MB/67MB, paused 573us total 24.107ms
08-05 19:32:51.662 11113 11348 I art     : Starting a blocking GC Explicit
08-05 19:32:51.683 12601 12601 D AndroidRuntime: >>>>>> START com.android.internal.os.RuntimeInit uid 2000 <<<<<<
08-05 19:32:51.686 11113 11348 I art     : Explicit concurrent mark sweep GC freed 3(96B) AllocSpace objects, 0(0B) LOS objects, 23% free, 51MB/67MB, paused 569us total 23.700ms
08-05 19:32:51.689 12601 12601 D AndroidRuntime: CheckJNI is OFF
08-05 19:32:51.697 11113 11348 I art     : Starting a blocking GC Explicit
08-05 19:32:51.721 11113 11348 I art     : Explicit concurrent mark sweep GC freed 3(96B) AllocSpace objects, 0(0B) LOS objects, 23% free, 51MB/67MB, paused 571us total 23.970ms
08-05 19:32:51.732 11113 11348 I art     : Starting a blocking GC Explicit
08-05 19:32:51.737 12601 12601 D ICU     : No timezone override file found: /data/misc/zoneinfo/current/icu/icu_tzdata.dat
08-05 19:32:51.756 11113 11348 I art     : Explicit concurrent mark sweep GC freed 3(96B) AllocSpace objects, 0(0B) LOS objects, 23% free, 51MB/67MB, paused 523us total 23.492ms
08-05 19:32:51.784 12601 12601 I Radio-JNI: register_android_hardware_Radio DONE
08-05 19:32:51.813 12601 12601 D AndroidRuntime: Calling main entry com.android.commands.input.Input
08-05 19:32:51.816 12601 12601 I Input   : injectMotionEvent: MotionEvent { action=ACTION_DOWN, actionButton=0, id[0]=0, x[0]=337.0, y[0]=1104.0, toolType[0]=TOOL_TYPE_UNKNOWN, buttonState=0, metaState=0, flags=0x0, edgeFlags=0x0, pointerCount=1, historySize=0, eventTime=819188228, downTime=819188228, deviceId=0, source=0x1002 }
08-05 19:32:51.822 12601 12601 I Input   : injectMotionEvent: MotionEvent { action=ACTION_UP, actionButton=0, id[0]=0, x[0]=337.0, y[0]=1104.0, toolType[0]=TOOL_TYPE_UNKNOWN, buttonState=0, metaState=0, flags=0x0, edgeFlags=0x0, pointerCount=1, historySize=0, eventTime=819188228, downTime=819188228, deviceId=0, source=0x1002 }
08-05 19:32:51.824   918   928 I ActivityManager: START u0 {cmp=baseline.appteam.nith.hillffair/.activities.BattleDayActivity} from uid 10675 on display 0
08-05 19:32:51.835 12601 12601 D AndroidRuntime: Shutting down VM
08-05 19:32:51.918 13866 13866 I GoogleInputMethodServic: GoogleInputMethodService.onFinishInput():3138 
08-05 19:32:51.918 13866 13866 I GoogleInputMethodServic: GoogleInputMethodService.onStartInput():1808 
08-05 19:32:51.942   918   936 I ActivityManager: Displayed baseline.appteam.nith.hillffair/.activities.BattleDayActivity: +106ms
08-05 19:32:52.034 11113 11143 I art     : Starting a blocking GC Explicit
08-05 19:32:52.058 11113 11143 I art     : Explicit concurrent mark sweep GC freed 6364(383KB) AllocSpace objects, 1(20KB) LOS objects, 23% free, 52MB/68MB, paused 561us total 23.600ms
08-05 19:32:52.071 11113 11143 I art     : Starting a blocking GC Explicit
08-05 19:32:52.097 11113 11143 I art     : Explicit concurrent mark sweep GC freed 260(11KB) AllocSpace objects, 0(0B) LOS objects, 23% free, 52MB/68MB, paused 580us total 25.620ms
08-05 19:32:52.108 11113 11143 I art     : Starting a blocking GC Explicit
08-05 19:32:52.133 11113 11143 I art     : Explicit concurrent mark sweep GC freed 3(96B) AllocSpace objects, 0(0B) LOS objects, 23% free, 52MB/68MB, paused 563us total 25.145ms
08-05 19:32:52.145 11113 11143 I art     : Starting a blocking GC Explicit
08-05 19:32:52.171 11113 11143 I art     : Explicit concurrent mark sweep GC freed 3(96B) AllocSpace objects, 0(0B) LOS objects, 23% free, 52MB/68MB, paused 636us total 25.110ms
08-05 19:32:52.183 11113 11143 I art     : Starting a blocking GC Explicit
08-05 19:32:52.190   380   380 W SurfaceFlinger: couldn't log to binary event log: overflow.
08-05 19:32:52.209 11113 11143 I art     : Explicit concurrent mark sweep GC freed 3(96B) AllocSpace objects, 0(0B) LOS objects, 23% free, 52MB/68MB, paused 567us total 25.418ms
08-05 19:32:52.424 11113 12625 D OkHttp  : --> GET https://api-hillfair-2k16.herokuapp.com/api/app/events/special http/1.1
08-05 19:32:52.459 11113 12625 D OkHttp  : <-- 200 OK https://api-hillfair-2k16.herokuapp.com/api/app/events/special (34ms, 554-byte body)
08-05 19:32:52.498 11113 11124 I art     : Starting a blocking GC Explicit
08-05 19:32:52.509 11113 11113 I NAPPA_EXPERIMENTATION: MetricNetworkRequestExecutionTime: REQUEST_DURATION_SYSTEM='640',REQUEST_DURATION_OKHTTP='34',REQUEST_SYNCHRONOUS='FALSE',RESPONSE_CODE='200',RESPONSE_METHOD='GET',RESPONSE_LENGTH_OKHTTP='554',RESPONSE_LENGTH_HEADER='554',REQUEST_PROTOCOL='http/1.1',REQUEST_URL='https://api-hillfair-2k16.herokuapp.com/api/app/events/special',
08-05 19:32:52.525 11113 11124 I art     : Explicit concurrent mark sweep GC freed 4324(259KB) AllocSpace objects, 4(220KB) LOS objects, 23% free, 52MB/68MB, paused 594us total 26.632ms
08-05 19:32:52.536 11113 11124 I art     : Starting a blocking GC Explicit
08-05 19:32:52.562 11113 11124 I art     : Explicit concurrent mark sweep GC freed 1717(176KB) AllocSpace objects, 0(0B) LOS objects, 23% free, 52MB/68MB, paused 568us total 24.966ms
08-05 19:32:52.573 11113 11124 I art     : Starting a blocking GC Explicit
08-05 19:32:52.596 11113 11124 I art     : Explicit concurrent mark sweep GC freed 78(3KB) AllocSpace objects, 0(0B) LOS objects, 23% free, 52MB/68MB, paused 511us total 22.597ms
08-05 19:32:52.607 11113 11124 I art     : Starting a blocking GC Explicit
08-05 19:32:52.631 11113 11124 I art     : Explicit concurrent mark sweep GC freed 9(352B) AllocSpace objects, 0(0B) LOS objects, 23% free, 52MB/68MB, paused 566us total 24.398ms
08-05 19:32:52.642 11113 11124 I art     : Starting a blocking GC Explicit
08-05 19:32:52.667 11113 11124 I art     : Explicit concurrent mark sweep GC freed 3(96B) AllocSpace objects, 0(0B) LOS objects, 23% free, 52MB/68MB, paused 710us total 24.982ms
08-05 19:32:52.966 11113 11143 I art     : Starting a blocking GC Explicit
08-05 19:32:52.995 13866 13882 I PeriodicStatsRunner: PeriodicStatsRunner.call():175 call()
08-05 19:32:52.995 13866 13882 I PeriodicStatsRunner: PeriodicStatsRunner.call():179 No submit PeriodicStats since input started.
08-05 19:32:52.999 11113 11143 I art     : Explicit concurrent mark sweep GC freed 1340(78KB) AllocSpace objects, 1(20KB) LOS objects, 23% free, 52MB/68MB, paused 717us total 32.115ms
08-05 19:32:53.015 11113 11143 I art     : Starting a blocking GC Explicit
08-05 19:32:53.041 11113 11143 I art     : Explicit concurrent mark sweep GC freed 20(704B) AllocSpace objects, 0(0B) LOS objects, 23% free, 52MB/68MB, paused 585us total 25.759ms
08-05 19:32:53.052 11113 11143 I art     : Starting a blocking GC Explicit
08-05 19:32:53.078 11113 11143 I art     : Explicit concurrent mark sweep GC freed 3(96B) AllocSpace objects, 0(0B) LOS objects, 23% free, 52MB/68MB, paused 568us total 25.599ms
08-05 19:32:53.089 11113 11143 I art     : Starting a blocking GC Explicit
08-05 19:32:53.115 11113 11143 I art     : Explicit concurrent mark sweep GC freed 3(96B) AllocSpace objects, 0(0B) LOS objects, 23% free, 52MB/68MB, paused 583us total 25.569ms
08-05 19:32:53.126 11113 11143 I art     : Starting a blocking GC Explicit
08-05 19:32:53.152 11113 11143 I art     : Explicit concurrent mark sweep GC freed 3(96B) AllocSpace objects, 0(0B) LOS objects, 23% free, 52MB/68MB, paused 566us total 25.714ms
08-05 19:32:53.458 11113 11126 I art     : Starting a blocking GC Explicit
08-05 19:32:53.490 11113 11126 I art     : Explicit concurrent mark sweep GC freed 1340(78KB) AllocSpace objects, 1(20KB) LOS objects, 23% free, 52MB/68MB, paused 600us total 31.078ms
08-05 19:32:53.503 11113 11126 I art     : Starting a blocking GC Explicit
08-05 19:32:53.532 11113 11126 I art     : Explicit concurrent mark sweep GC freed 20(704B) AllocSpace objects, 0(0B) LOS objects, 23% free, 52MB/68MB, paused 579us total 28.497ms
08-05 19:32:53.543 11113 11126 I art     : Starting a blocking GC Explicit
08-05 19:32:53.571 11113 11126 I art     : Explicit concurrent mark sweep GC freed 3(96B) AllocSpace objects, 0(0B) LOS objects, 23% free, 52MB/68MB, paused 583us total 27.311ms
08-05 19:32:53.582 11113 11126 I art     : Starting a blocking GC Explicit
08-05 19:32:53.609 11113 11126 I art     : Explicit concurrent mark sweep GC freed 3(96B) AllocSpace objects, 0(0B) LOS objects, 23% free, 52MB/68MB, paused 584us total 27.387ms
08-05 19:32:53.621 11113 11126 I art     : Starting a blocking GC Explicit
08-05 19:32:53.648 11113 11126 I art     : Explicit concurrent mark sweep GC freed 3(96B) AllocSpace objects, 0(0B) LOS objects, 23% free, 52MB/68MB, paused 591us total 27.264ms
08-05 19:32:53.980 11113 11348 I art     : Starting a blocking GC Explicit
08-05 19:32:54.014 11113 11348 I art     : Explicit concurrent mark sweep GC freed 1340(78KB) AllocSpace objects, 1(20KB) LOS objects, 23% free, 52MB/68MB, paused 596us total 33.678ms
08-05 19:32:54.028 11113 11348 I art     : Starting a blocking GC Explicit
08-05 19:32:54.054 11113 11348 I art     : Explicit concurrent mark sweep GC freed 20(704B) AllocSpace objects, 0(0B) LOS objects, 23% free, 52MB/68MB, paused 591us total 25.947ms
08-05 19:32:54.066 11113 11348 I art     : Starting a blocking GC Explicit
08-05 19:32:54.093 11113 11348 I art     : Explicit concurrent mark sweep GC freed 3(96B) AllocSpace objects, 0(0B) LOS objects, 23% free, 52MB/68MB, paused 583us total 27.067ms
08-05 19:32:54.104 11113 11348 I art     : Starting a blocking GC Explicit
08-05 19:32:54.132 11113 11348 I art     : Explicit concurrent mark sweep GC freed 3(96B) AllocSpace objects, 0(0B) LOS objects, 23% free, 52MB/68MB, paused 579us total 27.743ms
08-05 19:32:54.143 11113 11348 I art     : Starting a blocking GC Explicit
08-05 19:32:54.170 11113 11348 I art     : Explicit concurrent mark sweep GC freed 3(96B) AllocSpace objects, 0(0B) LOS objects, 23% free, 52MB/68MB, paused 587us total 26.579ms
08-05 19:32:54.509 11113 11124 I art     : Starting a blocking GC Explicit
08-05 19:32:54.541 11113 11124 I art     : Explicit concurrent mark sweep GC freed 1340(78KB) AllocSpace objects, 1(20KB) LOS objects, 23% free, 52MB/68MB, paused 701us total 31.507ms
08-05 19:32:54.554 11113 11124 I art     : Starting a blocking GC Explicit
08-05 19:32:54.581 11113 11124 I art     : Explicit concurrent mark sweep GC freed 20(704B) AllocSpace objects, 0(0B) LOS objects, 23% free, 52MB/68MB, paused 549us total 26.920ms
08-05 19:32:54.592 11113 11124 I art     : Starting a blocking GC Explicit
08-05 19:32:54.619 11113 11124 I art     : Explicit concurrent mark sweep GC freed 3(96B) AllocSpace objects, 0(0B) LOS objects, 23% free, 52MB/68MB, paused 565us total 26.319ms
08-05 19:32:54.630 11113 11124 I art     : Starting a blocking GC Explicit
08-05 19:32:54.658 11113 11124 I art     : Explicit concurrent mark sweep GC freed 3(96B) AllocSpace objects, 0(0B) LOS objects, 23% free, 52MB/68MB, paused 593us total 27.546ms
08-05 19:32:54.669 11113 11124 I art     : Starting a blocking GC Explicit
08-05 19:32:54.697 11113 11124 I art     : Explicit concurrent mark sweep GC freed 3(96B) AllocSpace objects, 0(0B) LOS objects, 23% free, 52MB/68MB, paused 649us total 27.534ms
08-05 19:32:54.939 13866 13882 I PeriodicStatsRunner: PeriodicStatsRunner.call():175 call()
08-05 19:32:54.939 13866 13882 I PeriodicStatsRunner: PeriodicStatsRunner.call():179 No submit PeriodicStats since input started.
08-05 19:32:55.045 11113 11143 I art     : Starting a blocking GC Explicit
08-05 19:32:55.079 11113 11143 I art     : Explicit concurrent mark sweep GC freed 1340(78KB) AllocSpace objects, 1(20KB) LOS objects, 23% free, 52MB/68MB, paused 678us total 33.740ms
08-05 19:32:55.095 11113 11143 I art     : Starting a blocking GC Explicit
08-05 19:32:55.123 11113 11143 I art     : Explicit concurrent mark sweep GC freed 20(704B) AllocSpace objects, 0(0B) LOS objects, 23% free, 52MB/68MB, paused 581us total 27.750ms
08-05 19:32:55.134 11113 11143 I art     : Starting a blocking GC Explicit
08-05 19:32:55.163 11113 11143 I art     : Explicit concurrent mark sweep GC freed 3(96B) AllocSpace objects, 0(0B) LOS objects, 23% free, 52MB/68MB, paused 572us total 27.992ms
08-05 19:32:55.174 11113 11143 I art     : Starting a blocking GC Explicit
08-05 19:32:55.202 11113 11143 I art     : Explicit concurrent mark sweep GC freed 3(96B) AllocSpace objects, 0(0B) LOS objects, 23% free, 52MB/68MB, paused 595us total 27.969ms
08-05 19:32:55.213 11113 11143 I art     : Starting a blocking GC Explicit
08-05 19:32:55.241 11113 11143 I art     : Explicit concurrent mark sweep GC freed 3(96B) AllocSpace objects, 0(0B) LOS objects, 23% free, 52MB/68MB, paused 671us total 27.775ms
08-05 19:32:55.582 11113 11126 I art     : Starting a blocking GC Explicit
08-05 19:32:55.618 11113 11126 I art     : Explicit concurrent mark sweep GC freed 1340(78KB) AllocSpace objects, 1(20KB) LOS objects, 23% free, 52MB/68MB, paused 753us total 35.243ms
08-05 19:32:55.635 11113 11126 I art     : Starting a blocking GC Explicit
08-05 19:32:55.663 11113 11126 I art     : Explicit concurrent mark sweep GC freed 20(704B) AllocSpace objects, 0(0B) LOS objects, 23% free, 52MB/68MB, paused 580us total 27.582ms
08-05 19:32:55.674 11113 11126 I art     : Starting a blocking GC Explicit
08-05 19:32:55.701 11113 11126 I art     : Explicit concurrent mark sweep GC freed 3(96B) AllocSpace objects, 0(0B) LOS objects, 23% free, 52MB/68MB, paused 579us total 27.244ms
08-05 19:32:55.713 11113 11126 I art     : Starting a blocking GC Explicit
08-05 19:32:55.740 11113 11126 I art     : Explicit concurrent mark sweep GC freed 3(96B) AllocSpace objects, 0(0B) LOS objects, 23% free, 52MB/68MB, paused 583us total 27.500ms
08-05 19:32:55.752 11113 11126 I art     : Starting a blocking GC Explicit
08-05 19:32:55.780 11113 11126 I art     : Explicit concurrent mark sweep GC freed 3(96B) AllocSpace objects, 0(0B) LOS objects, 23% free, 52MB/68MB, paused 578us total 27.917ms
08-05 19:32:56.126 11113 11348 I art     : Starting a blocking GC Explicit
08-05 19:32:56.155 11113 11348 I art     : Explicit concurrent mark sweep GC freed 1340(78KB) AllocSpace objects, 1(20KB) LOS objects, 23% free, 52MB/68MB, paused 617us total 28.113ms
08-05 19:32:56.169 11113 11348 I art     : Starting a blocking GC Explicit
08-05 19:32:56.195 11113 11348 I art     : Explicit concurrent mark sweep GC freed 20(704B) AllocSpace objects, 0(0B) LOS objects, 23% free, 52MB/68MB, paused 582us total 25.377ms
08-05 19:32:56.206 11113 11348 I art     : Starting a blocking GC Explicit
08-05 19:32:56.232 11113 11348 I art     : Explicit concurrent mark sweep GC freed 3(96B) AllocSpace objects, 0(0B) LOS objects, 23% free, 52MB/68MB, paused 587us total 26.300ms
08-05 19:32:56.243 11113 11348 I art     : Starting a blocking GC Explicit
08-05 19:32:56.270 11113 11348 I art     : Explicit concurrent mark sweep GC freed 3(96B) AllocSpace objects, 0(0B) LOS objects, 23% free, 52MB/68MB, paused 578us total 26.213ms
08-05 19:32:56.281 11113 11348 I art     : Starting a blocking GC Explicit
08-05 19:32:56.307 11113 11348 I art     : Explicit concurrent mark sweep GC freed 3(96B) AllocSpace objects, 0(0B) LOS objects, 23% free, 52MB/68MB, paused 743us total 25.793ms
08-05 19:32:56.604 12719 12719 D AndroidRuntime: >>>>>> START com.android.internal.os.RuntimeInit uid 2000 <<<<<<
08-05 19:32:56.610 12719 12719 D AndroidRuntime: CheckJNI is OFF
08-05 19:32:56.645 11113 11124 I art     : Starting a blocking GC Explicit
08-05 19:32:56.654 12719 12719 D ICU     : No timezone override file found: /data/misc/zoneinfo/current/icu/icu_tzdata.dat
08-05 19:32:56.670 11113 11124 I art     : Explicit concurrent mark sweep GC freed 1340(78KB) AllocSpace objects, 1(20KB) LOS objects, 23% free, 52MB/68MB, paused 585us total 25.082ms
08-05 19:32:56.682 11113 11124 I art     : Starting a blocking GC Explicit
08-05 19:32:56.698 12719 12719 I Radio-JNI: register_android_hardware_Radio DONE
08-05 19:32:56.707 11113 11124 I art     : Explicit concurrent mark sweep GC freed 20(704B) AllocSpace objects, 0(0B) LOS objects, 23% free, 52MB/68MB, paused 771us total 24.846ms
08-05 19:32:56.718 11113 11124 I art     : Starting a blocking GC Explicit
08-05 19:32:56.727 12719 12719 D AndroidRuntime: Calling main entry com.android.commands.input.Input
08-05 19:32:56.730 12719 12719 I Input   : injectMotionEvent: MotionEvent { action=ACTION_DOWN, actionButton=0, id[0]=0, x[0]=733.0, y[0]=645.0, toolType[0]=TOOL_TYPE_UNKNOWN, buttonState=0, metaState=0, flags=0x0, edgeFlags=0x0, pointerCount=1, historySize=0, eventTime=819193142, downTime=819193142, deviceId=0, source=0x1002 }
08-05 19:32:56.737 12719 12719 I Input   : injectMotionEvent: MotionEvent { action=ACTION_UP, actionButton=0, id[0]=0, x[0]=733.0, y[0]=645.0, toolType[0]=TOOL_TYPE_UNKNOWN, buttonState=0, metaState=0, flags=0x0, edgeFlags=0x0, pointerCount=1, historySize=0, eventTime=819193142, downTime=819193142, deviceId=0, source=0x1002 }
08-05 19:32:56.738   918  6111 I ActivityManager: START u0 {cmp=baseline.appteam.nith.hillffair/.activities.ClubActivity (has extras)} from uid 10675 on display 0
08-05 19:32:56.743 11113 11124 I art     : Explicit concurrent mark sweep GC freed 3(96B) AllocSpace objects, 0(0B) LOS objects, 23% free, 52MB/68MB, paused 727us total 24.620ms
08-05 19:32:56.749 12719 12719 D AndroidRuntime: Shutting down VM
08-05 19:32:56.753 11113 11124 I art     : Starting a blocking GC Explicit
08-05 19:32:56.776 11113 11124 I art     : Explicit concurrent mark sweep GC freed 352(35KB) AllocSpace objects, 0(0B) LOS objects, 23% free, 52MB/68MB, paused 845us total 22.843ms
08-05 19:32:56.787 11113 11124 I art     : Starting a blocking GC Explicit
08-05 19:32:56.812 11113 11124 I art     : Explicit concurrent mark sweep GC freed 3466(211KB) AllocSpace objects, 0(0B) LOS objects, 23% free, 52MB/68MB, paused 636us total 25.367ms
08-05 19:32:56.856   918   936 I ActivityManager: Displayed baseline.appteam.nith.hillffair/.activities.ClubActivity: +109ms
08-05 19:32:56.856 13866 13866 I GoogleInputMethodServic: GoogleInputMethodService.onFinishInput():3138 
08-05 19:32:56.857 13866 13866 I GoogleInputMethodServic: GoogleInputMethodService.onStartInput():1808 
08-05 19:32:56.918 13866 13882 I PeriodicStatsRunner: PeriodicStatsRunner.call():175 call()
08-05 19:32:56.918 13866 13882 I PeriodicStatsRunner: PeriodicStatsRunner.call():179 No submit PeriodicStats since input started.
08-05 19:32:57.102 11113 11143 I art     : Starting a blocking GC Explicit
08-05 19:32:57.112   380   380 W SurfaceFlinger: couldn't log to binary event log: overflow.
08-05 19:32:57.131 11113 11143 I art     : Explicit concurrent mark sweep GC freed 1677(94KB) AllocSpace objects, 1(20KB) LOS objects, 23% free, 52MB/68MB, paused 618us total 28.692ms
08-05 19:32:57.142 11113 11143 I art     : Starting a blocking GC Explicit
08-05 19:32:57.165 11113 11143 I art     : Explicit concurrent mark sweep GC freed 34(1168B) AllocSpace objects, 0(0B) LOS objects, 23% free, 52MB/68MB, paused 570us total 22.219ms
08-05 19:32:57.175 11113 11143 I art     : Starting a blocking GC Explicit
08-05 19:32:57.198 11113 11143 I art     : Explicit concurrent mark sweep GC freed 3(96B) AllocSpace objects, 0(0B) LOS objects, 23% free, 52MB/68MB, paused 582us total 22.749ms
08-05 19:32:57.209 11113 11143 I art     : Starting a blocking GC Explicit
08-05 19:32:57.233 11113 11143 I art     : Explicit concurrent mark sweep GC freed 3(96B) AllocSpace objects, 0(0B) LOS objects, 23% free, 52MB/68MB, paused 596us total 24.459ms
08-05 19:32:57.244 11113 11143 I art     : Starting a blocking GC Explicit
08-05 19:32:57.272 11113 11143 I art     : Explicit concurrent mark sweep GC freed 109(6KB) AllocSpace objects, 0(0B) LOS objects, 23% free, 52MB/68MB, paused 644us total 27.591ms
08-05 19:32:57.567 11113 11126 I art     : Starting a blocking GC Explicit
08-05 19:32:57.594 11113 11126 I art     : Explicit concurrent mark sweep GC freed 1403(80KB) AllocSpace objects, 1(20KB) LOS objects, 23% free, 52MB/68MB, paused 632us total 26.596ms
08-05 19:32:57.605 11113 11126 I art     : Starting a blocking GC Explicit
08-05 19:32:57.632 11113 11126 I art     : Explicit concurrent mark sweep GC freed 1157(76KB) AllocSpace objects, 2(120KB) LOS objects, 23% free, 52MB/68MB, paused 930us total 26.886ms
08-05 19:32:57.643 11113 11126 I art     : Starting a blocking GC Explicit
08-05 19:32:57.646 11113 12742 D OkHttp  : --> GET https://api-hillfair-2k16.herokuapp.com/api/app/events/special/event?id=5806551bdcba0f490c70fd1f http/1.1
08-05 19:32:57.669 11113 11126 I art     : Explicit concurrent mark sweep GC freed 2393(170KB) AllocSpace objects, 1(80KB) LOS objects, 23% free, 52MB/68MB, paused 662us total 26.144ms
08-05 19:32:57.680 11113 11126 I art     : Starting a blocking GC Explicit
08-05 19:32:57.685 11113 12742 D OkHttp  : <-- 200 OK https://api-hillfair-2k16.herokuapp.com/api/app/events/special/event?id=5806551bdcba0f490c70fd1f (38ms, 795-byte body)
08-05 19:32:57.705 11113 11126 I art     : Explicit concurrent mark sweep GC freed 218(37KB) AllocSpace objects, 0(0B) LOS objects, 23% free, 52MB/68MB, paused 637us total 24.895ms
08-05 19:32:57.716 11113 11126 I art     : Starting a blocking GC Explicit
08-05 19:32:57.730 11113 11113 I NAPPA_EXPERIMENTATION: MetricNetworkRequestExecutionTime: REQUEST_DURATION_SYSTEM='948',REQUEST_DURATION_OKHTTP='38',REQUEST_SYNCHRONOUS='FALSE',RESPONSE_CODE='200',RESPONSE_METHOD='GET',RESPONSE_LENGTH_OKHTTP='795',RESPONSE_LENGTH_HEADER='795',REQUEST_PROTOCOL='http/1.1',REQUEST_URL='https://api-hillfair-2k16.herokuapp.com/api/app/events/special/event?id=5806551bdcba0f490c70fd1f',
08-05 19:32:57.741 11113 11126 I art     : Explicit concurrent mark sweep GC freed 254(19KB) AllocSpace objects, 0(0B) LOS objects, 23% free, 52MB/68MB, paused 605us total 25.149ms
08-05 19:32:58.031 11113 11143 I art     : Starting a blocking GC Explicit
08-05 19:32:58.058 11113 11143 I art     : Explicit concurrent mark sweep GC freed 1785(126KB) AllocSpace objects, 1(20KB) LOS objects, 23% free, 52MB/68MB, paused 631us total 27.234ms
08-05 19:32:58.070 11113 11143 I art     : Starting a blocking GC Explicit
08-05 19:32:58.095 11113 11143 I art     : Explicit concurrent mark sweep GC freed 54(1824B) AllocSpace objects, 0(0B) LOS objects, 23% free, 52MB/68MB, paused 589us total 25.352ms
08-05 19:32:58.107 11113 11143 I art     : Starting a blocking GC Explicit
08-05 19:32:58.132 11113 11143 I art     : Explicit concurrent mark sweep GC freed 19(656B) AllocSpace objects, 0(0B) LOS objects, 23% free, 52MB/68MB, paused 560us total 24.905ms
08-05 19:32:58.143 11113 11143 I art     : Starting a blocking GC Explicit
08-05 19:32:58.169 11113 11143 I art     : Explicit concurrent mark sweep GC freed 3(96B) AllocSpace objects, 0(0B) LOS objects, 23% free, 52MB/68MB, paused 607us total 26.303ms
08-05 19:32:58.180 11113 11143 I art     : Starting a blocking GC Explicit
08-05 19:32:58.208 11113 11143 I art     : Explicit concurrent mark sweep GC freed 3(96B) AllocSpace objects, 0(0B) LOS objects, 23% free, 52MB/68MB, paused 643us total 26.849ms
08-05 19:32:58.511 11113 11124 I art     : Starting a blocking GC Explicit
08-05 19:32:58.543 11113 11124 I art     : Explicit concurrent mark sweep GC freed 1341(78KB) AllocSpace objects, 1(20KB) LOS objects, 23% free, 52MB/68MB, paused 640us total 31.788ms
08-05 19:32:58.557 11113 11124 I art     : Starting a blocking GC Explicit
08-05 19:32:58.588 11113 11124 I art     : Explicit concurrent mark sweep GC freed 20(704B) AllocSpace objects, 0(0B) LOS objects, 23% free, 52MB/68MB, paused 603us total 30.044ms
08-05 19:32:58.599 11113 11124 I art     : Starting a blocking GC Explicit
08-05 19:32:58.628 11113 11124 I art     : Explicit concurrent mark sweep GC freed 3(96B) AllocSpace objects, 0(0B) LOS objects, 23% free, 52MB/68MB, paused 622us total 29.227ms
08-05 19:32:58.640 11113 11124 I art     : Starting a blocking GC Explicit
08-05 19:32:58.669 11113 11124 I art     : Explicit concurrent mark sweep GC freed 3(96B) AllocSpace objects, 0(0B) LOS objects, 23% free, 52MB/68MB, paused 606us total 28.755ms
08-05 19:32:58.680 11113 11124 I art     : Starting a blocking GC Explicit
08-05 19:32:58.709 11113 11124 I art     : Explicit concurrent mark sweep GC freed 3(96B) AllocSpace objects, 0(0B) LOS objects, 23% free, 52MB/68MB, paused 573us total 28.358ms
08-05 19:32:59.024 11113 11126 I art     : Starting a blocking GC Explicit
08-05 19:32:59.059 11113 11126 I art     : Explicit concurrent mark sweep GC freed 1341(78KB) AllocSpace objects, 1(20KB) LOS objects, 23% free, 52MB/68MB, paused 690us total 34.120ms
08-05 19:32:59.077 11113 11126 I art     : Starting a blocking GC Explicit
08-05 19:32:59.105 11113 11126 I art     : Explicit concurrent mark sweep GC freed 20(704B) AllocSpace objects, 0(0B) LOS objects, 23% free, 52MB/68MB, paused 607us total 27.289ms
08-05 19:32:59.117 11113 11126 I art     : Starting a blocking GC Explicit
08-05 19:32:59.146 11113 11126 I art     : Explicit concurrent mark sweep GC freed 3(96B) AllocSpace objects, 0(0B) LOS objects, 23% free, 52MB/68MB, paused 596us total 29.160ms
08-05 19:32:59.158 11113 11126 I art     : Starting a blocking GC Explicit
08-05 19:32:59.187 11113 11126 I art     : Explicit concurrent mark sweep GC freed 3(96B) AllocSpace objects, 0(0B) LOS objects, 23% free, 52MB/68MB, paused 605us total 28.944ms
08-05 19:32:59.198 11113 11126 I art     : Starting a blocking GC Explicit
08-05 19:32:59.226 11113 11126 I art     : Explicit concurrent mark sweep GC freed 3(96B) AllocSpace objects, 0(0B) LOS objects, 23% free, 52MB/68MB, paused 609us total 27.437ms
08-05 19:32:59.571 11113 11348 I art     : Starting a blocking GC Explicit
08-05 19:32:59.603 11113 11348 I art     : Explicit concurrent mark sweep GC freed 1341(78KB) AllocSpace objects, 1(20KB) LOS objects, 23% free, 52MB/68MB, paused 635us total 31.698ms
08-05 19:32:59.615 11113 11348 I art     : Starting a blocking GC Explicit
08-05 19:32:59.642 11113 11348 I art     : Explicit concurrent mark sweep GC freed 20(704B) AllocSpace objects, 0(0B) LOS objects, 23% free, 52MB/68MB, paused 585us total 26.881ms
08-05 19:32:59.653 11113 11348 I art     : Starting a blocking GC Explicit
08-05 19:32:59.680 11113 11348 I art     : Explicit concurrent mark sweep GC freed 3(96B) AllocSpace objects, 0(0B) LOS objects, 23% free, 52MB/68MB, paused 553us total 26.526ms
08-05 19:32:59.691 11113 11348 I art     : Starting a blocking GC Explicit
08-05 19:32:59.718 11113 11348 I art     : Explicit concurrent mark sweep GC freed 3(96B) AllocSpace objects, 0(0B) LOS objects, 23% free, 52MB/68MB, paused 606us total 26.633ms
08-05 19:32:59.729 11113 11348 I art     : Starting a blocking GC Explicit
08-05 19:32:59.755 11113 11348 I art     : Explicit concurrent mark sweep GC freed 3(96B) AllocSpace objects, 0(0B) LOS objects, 23% free, 52MB/68MB, paused 603us total 25.774ms
08-05 19:32:59.869  7260  7260 I Atfwd_Sendcmd: AtCmdFwd service not ready - Exhausted retry attempts - :6
08-05 19:32:59.869  7260  7260 I Atfwd_Daemon: result : -1 	 ,Init step :2 	 ,qmiErrorCode: 0
08-05 19:33:00.081 11113 11143 I art     : Starting a blocking GC Explicit
08-05 19:33:00.110 11113 11143 I art     : Explicit concurrent mark sweep GC freed 1341(78KB) AllocSpace objects, 1(20KB) LOS objects, 23% free, 52MB/68MB, paused 607us total 29.339ms
08-05 19:33:00.121 11113 11143 I art     : Starting a blocking GC Explicit
08-05 19:33:00.150 11113 11143 I art     : Explicit concurrent mark sweep GC freed 20(704B) AllocSpace objects, 0(0B) LOS objects, 23% free, 52MB/68MB, paused 564us total 28.279ms
08-05 19:33:00.161 11113 11143 I art     : Starting a blocking GC Explicit
08-05 19:33:00.189 11113 11143 I art     : Explicit concurrent mark sweep GC freed 3(96B) AllocSpace objects, 0(0B) LOS objects, 23% free, 52MB/68MB, paused 610us total 27.388ms
08-05 19:33:00.200 11113 11143 I art     : Starting a blocking GC Explicit
08-05 19:33:00.229 11113 11143 I art     : Explicit concurrent mark sweep GC freed 3(96B) AllocSpace objects, 0(0B) LOS objects, 23% free, 52MB/68MB, paused 608us total 28.455ms
08-05 19:33:00.240 11113 11143 I art     : Starting a blocking GC Explicit
08-05 19:33:00.269 11113 11143 I art     : Explicit concurrent mark sweep GC freed 3(96B) AllocSpace objects, 0(0B) LOS objects, 23% free, 52MB/68MB, paused 669us total 28.667ms
08-05 19:33:00.607 11113 11124 I art     : Starting a blocking GC Explicit
08-05 19:33:00.643 11113 11124 I art     : Explicit concurrent mark sweep GC freed 1341(78KB) AllocSpace objects, 1(20KB) LOS objects, 23% free, 52MB/68MB, paused 618us total 35.601ms
08-05 19:33:00.660 11113 11124 I art     : Starting a blocking GC Explicit
08-05 19:33:00.693 11113 11124 I art     : Explicit concurrent mark sweep GC freed 20(704B) AllocSpace objects, 0(0B) LOS objects, 23% free, 52MB/68MB, paused 592us total 32.659ms
08-05 19:33:00.706 11113 11124 I art     : Starting a blocking GC Explicit
08-05 19:33:00.735 11113 11124 I art     : Explicit concurrent mark sweep GC freed 3(96B) AllocSpace objects, 0(0B) LOS objects, 23% free, 52MB/68MB, paused 596us total 29.297ms
08-05 19:33:00.747 11113 11124 I art     : Starting a blocking GC Explicit
08-05 19:33:00.775 11113 11124 I art     : Explicit concurrent mark sweep GC freed 3(96B) AllocSpace objects, 0(0B) LOS objects, 23% free, 52MB/68MB, paused 587us total 28.182ms
08-05 19:33:00.787 11113 11124 I art     : Starting a blocking GC Explicit
08-05 19:33:00.814 11113 11124 I art     : Explicit concurrent mark sweep GC freed 3(96B) AllocSpace objects, 0(0B) LOS objects, 23% free, 52MB/68MB, paused 602us total 27.394ms
08-05 19:33:01.129 11113 11126 I art     : Starting a blocking GC Explicit
08-05 19:33:01.155 11113 11126 I art     : Explicit concurrent mark sweep GC freed 1341(78KB) AllocSpace objects, 1(20KB) LOS objects, 23% free, 52MB/68MB, paused 581us total 26.019ms
08-05 19:33:01.166 11113 11126 I art     : Starting a blocking GC Explicit
08-05 19:33:01.194 11113 11126 I art     : Explicit concurrent mark sweep GC freed 20(704B) AllocSpace objects, 0(0B) LOS objects, 23% free, 52MB/68MB, paused 639us total 27.738ms
08-05 19:33:01.205 11113 11126 I art     : Starting a blocking GC Explicit
08-05 19:33:01.233 11113 11126 I art     : Explicit concurrent mark sweep GC freed 3(96B) AllocSpace objects, 0(0B) LOS objects, 23% free, 52MB/68MB, paused 619us total 27.244ms
08-05 19:33:01.244 11113 11126 I art     : Starting a blocking GC Explicit
08-05 19:33:01.271 11113 11126 I art     : Explicit concurrent mark sweep GC freed 3(96B) AllocSpace objects, 0(0B) LOS objects, 23% free, 52MB/68MB, paused 586us total 26.886ms
08-05 19:33:01.282 11113 11126 I art     : Starting a blocking GC Explicit
08-05 19:33:01.308 11113 11126 I art     : Explicit concurrent mark sweep GC freed 3(96B) AllocSpace objects, 0(0B) LOS objects, 23% free, 52MB/68MB, paused 639us total 26.314ms
08-05 19:33:01.549 12827 12827 D AndroidRuntime: >>>>>> START com.android.internal.os.RuntimeInit uid 2000 <<<<<<
08-05 19:33:01.555 12827 12827 D AndroidRuntime: CheckJNI is OFF
08-05 19:33:01.599 12827 12827 D ICU     : No timezone override file found: /data/misc/zoneinfo/current/icu/icu_tzdata.dat
08-05 19:33:01.620 11113 11348 I art     : Starting a blocking GC Explicit
08-05 19:33:01.642 12827 12827 I Radio-JNI: register_android_hardware_Radio DONE
08-05 19:33:01.647 11113 11348 I art     : Explicit concurrent mark sweep GC freed 1341(78KB) AllocSpace objects, 1(20KB) LOS objects, 23% free, 52MB/68MB, paused 640us total 26.351ms
08-05 19:33:01.658 11113 11348 I art     : Starting a blocking GC Explicit
08-05 19:33:01.673 12827 12827 D AndroidRuntime: Calling main entry com.android.commands.input.Input
08-05 19:33:01.675 12827 12827 I Input   : injectKeyEvent: KeyEvent { action=ACTION_DOWN, keyCode=KEYCODE_BACK, scanCode=0, metaState=0, flags=0x0, repeatCount=0, eventTime=819198088, downTime=819198088, deviceId=-1, source=0x101 }
08-05 19:33:01.682 12827 12827 I Input   : injectKeyEvent: KeyEvent { action=ACTION_UP, keyCode=KEYCODE_BACK, scanCode=0, metaState=0, flags=0x0, repeatCount=0, eventTime=819198088, downTime=819198088, deviceId=-1, source=0x101 }
08-05 19:33:01.684 11113 11348 I art     : Explicit concurrent mark sweep GC freed 20(704B) AllocSpace objects, 0(0B) LOS objects, 23% free, 52MB/68MB, paused 605us total 25.659ms
08-05 19:33:01.688 12827 12827 D AndroidRuntime: Shutting down VM
08-05 19:33:01.694 11113 11348 I art     : Starting a blocking GC Explicit
08-05 19:33:01.718 11113 11348 I art     : Explicit concurrent mark sweep GC freed 143(6KB) AllocSpace objects, 0(0B) LOS objects, 23% free, 52MB/68MB, paused 559us total 23.791ms
08-05 19:33:01.726 13866 13866 I GoogleInputMethodServic: GoogleInputMethodService.onFinishInput():3138 
08-05 19:33:01.727 13866 13866 I GoogleInputMethodServic: GoogleInputMethodService.onStartInput():1808 
08-05 19:33:01.728 11113 11348 I art     : Starting a blocking GC Explicit
08-05 19:33:01.753 11113 11348 I art     : Explicit concurrent mark sweep GC freed 31(1152B) AllocSpace objects, 0(0B) LOS objects, 23% free, 52MB/68MB, paused 550us total 24.029ms
08-05 19:33:01.763 11113 11348 I art     : Starting a blocking GC Explicit
08-05 19:33:01.786 11113 11348 I art     : Explicit concurrent mark sweep GC freed 10(384B) AllocSpace objects, 0(0B) LOS objects, 23% free, 52MB/68MB, paused 547us total 22.994ms
08-05 19:33:01.857 13866 13882 I PeriodicStatsRunner: PeriodicStatsRunner.call():175 call()
08-05 19:33:01.857 13866 13882 I PeriodicStatsRunner: PeriodicStatsRunner.call():179 No submit PeriodicStats since input started.
08-05 19:33:02.017   380   380 W SurfaceFlinger: couldn't log to binary event log: overflow.
08-05 19:33:02.081 11113 11126 I art     : Starting a blocking GC Explicit
08-05 19:33:02.107 11113 11126 I art     : Explicit concurrent mark sweep GC freed 1450(87KB) AllocSpace objects, 1(20KB) LOS objects, 23% free, 52MB/68MB, paused 581us total 26.207ms
08-05 19:33:02.118 11113 11126 I art     : Starting a blocking GC Explicit
08-05 19:33:02.144 11113 11126 I art     : Explicit concurrent mark sweep GC freed 1672(107KB) AllocSpace objects, 3(400KB) LOS objects, 23% free, 52MB/68MB, paused 585us total 25.980ms
08-05 19:33:02.155 11113 11126 I art     : Starting a blocking GC Explicit
08-05 19:33:02.181 11113 11126 I art     : Explicit concurrent mark sweep GC freed 3(96B) AllocSpace objects, 0(0B) LOS objects, 23% free, 52MB/68MB, paused 570us total 25.762ms
08-05 19:33:02.192 11113 11126 I art     : Starting a blocking GC Explicit
08-05 19:33:02.218 11113 11126 I art     : Explicit concurrent mark sweep GC freed 3(96B) AllocSpace objects, 0(0B) LOS objects, 23% free, 52MB/68MB, paused 615us total 25.464ms
08-05 19:33:02.228 11113 11126 I art     : Starting a blocking GC Explicit
08-05 19:33:02.254 11113 11126 I art     : Explicit concurrent mark sweep GC freed 3(96B) AllocSpace objects, 0(0B) LOS objects, 23% free, 52MB/68MB, paused 586us total 25.631ms
08-05 19:33:02.565 11113 11124 I art     : Starting a blocking GC Explicit
08-05 19:33:02.602 11113 11124 I art     : Explicit concurrent mark sweep GC freed 1341(78KB) AllocSpace objects, 1(20KB) LOS objects, 23% free, 52MB/68MB, paused 653us total 36.404ms
08-05 19:33:02.618 11113 11124 I art     : Starting a blocking GC Explicit
08-05 19:33:02.644 11113 11124 I art     : Explicit concurrent mark sweep GC freed 20(704B) AllocSpace objects, 0(0B) LOS objects, 23% free, 52MB/68MB, paused 612us total 25.556ms
08-05 19:33:02.655 11113 11124 I art     : Starting a blocking GC Explicit
08-05 19:33:02.681 11113 11124 I art     : Explicit concurrent mark sweep GC freed 3(96B) AllocSpace objects, 0(0B) LOS objects, 23% free, 52MB/68MB, paused 631us total 25.683ms
08-05 19:33:02.692 11113 11124 I art     : Starting a blocking GC Explicit
08-05 19:33:02.718 11113 11124 I art     : Explicit concurrent mark sweep GC freed 3(96B) AllocSpace objects, 0(0B) LOS objects, 23% free, 52MB/68MB, paused 582us total 25.938ms
08-05 19:33:02.729 11113 11124 I art     : Starting a blocking GC Explicit
08-05 19:33:02.755 11113 11124 I art     : Explicit concurrent mark sweep GC freed 3(96B) AllocSpace objects, 0(0B) LOS objects, 23% free, 52MB/68MB, paused 598us total 25.478ms
08-05 19:33:03.048 11113 11348 I art     : Starting a blocking GC Explicit
08-05 19:33:03.076 11113 11348 I art     : Explicit concurrent mark sweep GC freed 1340(78KB) AllocSpace objects, 1(20KB) LOS objects, 23% free, 52MB/68MB, paused 630us total 27.307ms
08-05 19:33:03.093 11113 11348 I art     : Starting a blocking GC Explicit
08-05 19:33:03.117 11113 11348 I art     : Explicit concurrent mark sweep GC freed 20(704B) AllocSpace objects, 0(0B) LOS objects, 23% free, 52MB/68MB, paused 638us total 24.300ms
08-05 19:33:03.128 11113 11348 I art     : Starting a blocking GC Explicit
08-05 19:33:03.153 11113 11348 I art     : Explicit concurrent mark sweep GC freed 3(96B) AllocSpace objects, 0(0B) LOS objects, 23% free, 52MB/68MB, paused 595us total 24.966ms
08-05 19:33:03.164 11113 11348 I art     : Starting a blocking GC Explicit
08-05 19:33:03.189 11113 11348 I art     : Explicit concurrent mark sweep GC freed 3(96B) AllocSpace objects, 0(0B) LOS objects, 23% free, 52MB/68MB, paused 607us total 24.758ms
08-05 19:33:03.200 11113 11348 I art     : Starting a blocking GC Explicit
08-05 19:33:03.225 11113 11348 I art     : Explicit concurrent mark sweep GC freed 3(96B) AllocSpace objects, 0(0B) LOS objects, 23% free, 52MB/68MB, paused 615us total 25.030ms
08-05 19:33:03.476 12882 12882 D AndroidRuntime: >>>>>> START com.android.internal.os.RuntimeInit uid 2000 <<<<<<
08-05 19:33:03.482 12882 12882 D AndroidRuntime: CheckJNI is OFF
08-05 19:33:03.526 12882 12882 D ICU     : No timezone override file found: /data/misc/zoneinfo/current/icu/icu_tzdata.dat
08-05 19:33:03.535 11113 11143 I art     : Starting a blocking GC Explicit
08-05 19:33:03.566 11113 11143 I art     : Explicit concurrent mark sweep GC freed 1340(78KB) AllocSpace objects, 1(20KB) LOS objects, 23% free, 52MB/68MB, paused 647us total 30.661ms
08-05 19:33:03.567 11113 11123 I art     : WaitForGcToComplete blocked for 23.396ms for cause HeapTrim
08-05 19:33:03.575 12882 12882 I Radio-JNI: register_android_hardware_Radio DONE
08-05 19:33:03.577 11113 11143 I art     : Starting a blocking GC Explicit
08-05 19:33:03.604 12882 12882 D AndroidRuntime: Calling main entry com.android.commands.input.Input
08-05 19:33:03.604 11113 11143 I art     : Explicit concurrent mark sweep GC freed 20(704B) AllocSpace objects, 0(0B) LOS objects, 23% free, 52MB/68MB, paused 653us total 26.944ms
08-05 19:33:03.607 12882 12882 I Input   : injectKeyEvent: KeyEvent { action=ACTION_DOWN, keyCode=KEYCODE_BACK, scanCode=0, metaState=0, flags=0x0, repeatCount=0, eventTime=819200020, downTime=819200020, deviceId=-1, source=0x101 }
08-05 19:33:03.613 12882 12882 I Input   : injectKeyEvent: KeyEvent { action=ACTION_UP, keyCode=KEYCODE_BACK, scanCode=0, metaState=0, flags=0x0, repeatCount=0, eventTime=819200020, downTime=819200020, deviceId=-1, source=0x101 }
08-05 19:33:03.616 11113 11143 I art     : Starting a blocking GC Explicit
08-05 19:33:03.620 12882 12882 D AndroidRuntime: Shutting down VM
08-05 19:33:03.641 11113 11143 I art     : Explicit concurrent mark sweep GC freed 148(6KB) AllocSpace objects, 0(0B) LOS objects, 23% free, 52MB/68MB, paused 651us total 24.486ms
08-05 19:33:03.651 11113 11143 I art     : Starting a blocking GC Explicit
08-05 19:33:03.660 13866 13866 I GoogleInputMethodServic: GoogleInputMethodService.onFinishInput():3138 
08-05 19:33:03.661 13866 13866 I GoogleInputMethodServic: GoogleInputMethodService.onStartInput():1808 
08-05 19:33:03.674 11113 11143 I art     : Explicit concurrent mark sweep GC freed 52(1904B) AllocSpace objects, 0(0B) LOS objects, 23% free, 52MB/68MB, paused 577us total 23.296ms
08-05 19:33:03.685 11113 11143 I art     : Starting a blocking GC Explicit
08-05 19:33:03.709 11113 11143 I art     : Explicit concurrent mark sweep GC freed 23(784B) AllocSpace objects, 0(0B) LOS objects, 23% free, 52MB/68MB, paused 573us total 23.676ms
08-05 19:33:03.989 11113 11124 I art     : Starting a blocking GC Explicit
08-05 19:33:04.016 11113 11124 I art     : Explicit concurrent mark sweep GC freed 1980(109KB) AllocSpace objects, 1(20KB) LOS objects, 23% free, 52MB/68MB, paused 597us total 26.229ms
08-05 19:33:04.027 11113 11124 I art     : Starting a blocking GC Explicit
08-05 19:33:04.051 11113 11124 I art     : Explicit concurrent mark sweep GC freed 2106(128KB) AllocSpace objects, 2(140KB) LOS objects, 23% free, 52MB/68MB, paused 620us total 23.848ms
08-05 19:33:04.062 11113 11124 I art     : Starting a blocking GC Explicit
08-05 19:33:04.086 11113 11124 I art     : Explicit concurrent mark sweep GC freed 7(224B) AllocSpace objects, 0(0B) LOS objects, 23% free, 52MB/68MB, paused 565us total 24.156ms
08-05 19:33:04.097 11113 11124 I art     : Starting a blocking GC Explicit
08-05 19:33:04.121 11113 11124 I art     : Explicit concurrent mark sweep GC freed 12(576B) AllocSpace objects, 0(0B) LOS objects, 23% free, 52MB/68MB, paused 559us total 24.301ms
08-05 19:33:04.132 11113 11124 I art     : Starting a blocking GC Explicit
08-05 19:33:04.157 11113 11124 I art     : Explicit concurrent mark sweep GC freed 17(528B) AllocSpace objects, 0(0B) LOS objects, 23% free, 52MB/68MB, paused 750us total 24.503ms
08-05 19:33:04.470 11113 11143 I art     : Starting a blocking GC Explicit
08-05 19:33:04.503 11113 11143 I art     : Explicit concurrent mark sweep GC freed 1340(78KB) AllocSpace objects, 1(20KB) LOS objects, 23% free, 52MB/68MB, paused 676us total 32.883ms
08-05 19:33:04.518 11113 11143 I art     : Starting a blocking GC Explicit
08-05 19:33:04.543 11113 11143 I art     : Explicit concurrent mark sweep GC freed 20(704B) AllocSpace objects, 0(0B) LOS objects, 23% free, 52MB/68MB, paused 578us total 24.334ms
08-05 19:33:04.553 11113 11143 I art     : Starting a blocking GC Explicit
08-05 19:33:04.579 11113 11143 I art     : Explicit concurrent mark sweep GC freed 3(96B) AllocSpace objects, 0(0B) LOS objects, 23% free, 52MB/68MB, paused 581us total 24.960ms
08-05 19:33:04.590 11113 11143 I art     : Starting a blocking GC Explicit
08-05 19:33:04.615 11113 11143 I art     : Explicit concurrent mark sweep GC freed 3(96B) AllocSpace objects, 0(0B) LOS objects, 23% free, 52MB/68MB, paused 580us total 25.332ms
08-05 19:33:04.626 11113 11143 I art     : Starting a blocking GC Explicit
08-05 19:33:04.651 11113 11143 I art     : Explicit concurrent mark sweep GC freed 3(96B) AllocSpace objects, 0(0B) LOS objects, 23% free, 52MB/68MB, paused 585us total 24.335ms
08-05 19:33:04.946 11113 11126 I art     : Starting a blocking GC Explicit
08-05 19:33:04.970 11113 11126 I art     : Explicit concurrent mark sweep GC freed 1338(78KB) AllocSpace objects, 1(20KB) LOS objects, 23% free, 52MB/68MB, paused 590us total 24.371ms
08-05 19:33:04.981 11113 11126 I art     : Starting a blocking GC Explicit
08-05 19:33:05.005 11113 11126 I art     : Explicit concurrent mark sweep GC freed 20(704B) AllocSpace objects, 0(0B) LOS objects, 23% free, 52MB/68MB, paused 634us total 24.181ms
08-05 19:33:05.016 11113 11126 I art     : Starting a blocking GC Explicit
08-05 19:33:05.040 11113 11126 I art     : Explicit concurrent mark sweep GC freed 3(96B) AllocSpace objects, 0(0B) LOS objects, 23% free, 52MB/68MB, paused 555us total 23.562ms
08-05 19:33:05.050 11113 11126 I art     : Starting a blocking GC Explicit
08-05 19:33:05.074 11113 11126 I art     : Explicit concurrent mark sweep GC freed 3(96B) AllocSpace objects, 0(0B) LOS objects, 23% free, 52MB/68MB, paused 585us total 23.534ms
08-05 19:33:05.085 11113 11126 I art     : Starting a blocking GC Explicit
08-05 19:33:05.109 11113 11126 I art     : Explicit concurrent mark sweep GC freed 3(96B) AllocSpace objects, 0(0B) LOS objects, 23% free, 52MB/68MB, paused 590us total 24.002ms
08-05 19:33:05.398 12942 12942 D AndroidRuntime: >>>>>> START com.android.internal.os.RuntimeInit uid 2000 <<<<<<
08-05 19:33:05.404 12942 12942 D AndroidRuntime: CheckJNI is OFF
08-05 19:33:05.437 11113 11348 I art     : Starting a blocking GC Explicit
08-05 19:33:05.449 12942 12942 D ICU     : No timezone override file found: /data/misc/zoneinfo/current/icu/icu_tzdata.dat
08-05 19:33:05.462 11113 11348 I art     : Explicit concurrent mark sweep GC freed 1338(78KB) AllocSpace objects, 1(20KB) LOS objects, 23% free, 52MB/68MB, paused 676us total 24.426ms
08-05 19:33:05.473 11113 11348 I art     : Starting a blocking GC Explicit
08-05 19:33:05.495 12942 12942 I Radio-JNI: register_android_hardware_Radio DONE
08-05 19:33:05.498 11113 11348 I art     : Explicit concurrent mark sweep GC freed 20(704B) AllocSpace objects, 0(0B) LOS objects, 23% free, 52MB/68MB, paused 645us total 25.067ms
08-05 19:33:05.509 11113 11348 I art     : Starting a blocking GC Explicit
08-05 19:33:05.526 12942 12942 D AndroidRuntime: Calling main entry com.android.commands.input.Input
08-05 19:33:05.529 12942 12942 I Input   : injectMotionEvent: MotionEvent { action=ACTION_DOWN, actionButton=0, id[0]=0, x[0]=1053.0, y[0]=1173.0, toolType[0]=TOOL_TYPE_UNKNOWN, buttonState=0, metaState=0, flags=0x0, edgeFlags=0x0, pointerCount=1, historySize=0, eventTime=819201941, downTime=819201941, deviceId=0, source=0x1002 }
08-05 19:33:05.534 11113 11348 I art     : Explicit concurrent mark sweep GC freed 3(96B) AllocSpace objects, 0(0B) LOS objects, 23% free, 52MB/68MB, paused 722us total 24.895ms
08-05 19:33:05.536 12942 12942 I Input   : injectMotionEvent: MotionEvent { action=ACTION_UP, actionButton=0, id[0]=0, x[0]=1053.0, y[0]=1173.0, toolType[0]=TOOL_TYPE_UNKNOWN, buttonState=0, metaState=0, flags=0x0, edgeFlags=0x0, pointerCount=1, historySize=0, eventTime=819201941, downTime=819201941, deviceId=0, source=0x1002 }
08-05 19:33:05.538   918  6110 I ActivityManager: START u0 {cmp=baseline.appteam.nith.hillffair/.activities.QuizActivity} from uid 10675 on display 0
08-05 19:33:05.544 11113 11348 I art     : Starting a blocking GC Explicit
08-05 19:33:05.547 12942 12942 D AndroidRuntime: Shutting down VM
08-05 19:33:05.570 11113 11348 I art     : Explicit concurrent mark sweep GC freed 343(44KB) AllocSpace objects, 0(0B) LOS objects, 23% free, 52MB/68MB, paused 920us total 25.061ms
08-05 19:33:05.580 11113 11348 I art     : Starting a blocking GC Explicit
08-05 19:33:05.608 11113 11348 I art     : Explicit concurrent mark sweep GC freed 480(21KB) AllocSpace objects, 0(0B) LOS objects, 23% free, 52MB/68MB, paused 671us total 27.695ms
08-05 19:33:05.692 13866 13866 I GoogleInputMethodServic: GoogleInputMethodService.onFinishInput():3138 
08-05 19:33:05.693 13866 13866 I GoogleInputMethodServic: GoogleInputMethodService.onStartInput():1808 
08-05 19:33:05.697   918   936 I ActivityManager: Displayed baseline.appteam.nith.hillffair/.activities.QuizActivity: +149ms
08-05 19:33:05.886 11113 11124 I art     : Starting a blocking GC Explicit
08-05 19:33:05.915 11113 11124 I art     : Explicit concurrent mark sweep GC freed 1534(85KB) AllocSpace objects, 1(20KB) LOS objects, 23% free, 52MB/68MB, paused 539us total 28.920ms
08-05 19:33:05.921   380   380 W SurfaceFlinger: couldn't log to binary event log: overflow.
08-05 19:33:05.928 11113 11124 I art     : Starting a blocking GC Explicit
08-05 19:33:05.951 11113 11124 I art     : Explicit concurrent mark sweep GC freed 26(912B) AllocSpace objects, 0(0B) LOS objects, 23% free, 52MB/68MB, paused 562us total 22.360ms
08-05 19:33:05.961 11113 11124 I art     : Starting a blocking GC Explicit
08-05 19:33:05.983 11113 11124 I art     : Explicit concurrent mark sweep GC freed 3(96B) AllocSpace objects, 0(0B) LOS objects, 23% free, 52MB/68MB, paused 555us total 22.271ms
08-05 19:33:05.993 11113 11124 I art     : Starting a blocking GC Explicit
08-05 19:33:06.016 11113 11124 I art     : Explicit concurrent mark sweep GC freed 3(96B) AllocSpace objects, 0(0B) LOS objects, 23% free, 52MB/68MB, paused 529us total 22.883ms
08-05 19:33:06.027 11113 11124 I art     : Starting a blocking GC Explicit
08-05 19:33:06.051 11113 11124 I art     : Explicit concurrent mark sweep GC freed 65(4KB) AllocSpace objects, 0(0B) LOS objects, 23% free, 52MB/68MB, paused 560us total 24.217ms
08-05 19:33:06.359 11113 11143 I art     : Starting a blocking GC Explicit
08-05 19:33:06.393 11113 11143 I art     : Explicit concurrent mark sweep GC freed 1348(78KB) AllocSpace objects, 1(20KB) LOS objects, 23% free, 52MB/68MB, paused 610us total 33.642ms
08-05 19:33:06.406 11113 11143 I art     : Starting a blocking GC Explicit
08-05 19:33:06.432 11113 11143 I art     : Explicit concurrent mark sweep GC freed 20(704B) AllocSpace objects, 0(0B) LOS objects, 23% free, 52MB/68MB, paused 581us total 25.640ms
08-05 19:33:06.443 11113 11143 I art     : Starting a blocking GC Explicit
08-05 19:33:06.469 11113 11143 I art     : Explicit concurrent mark sweep GC freed 3(96B) AllocSpace objects, 0(0B) LOS objects, 23% free, 52MB/68MB, paused 588us total 25.952ms
08-05 19:33:06.480 11113 11143 I art     : Starting a blocking GC Explicit
08-05 19:33:06.507 11113 11143 I art     : Explicit concurrent mark sweep GC freed 3(96B) AllocSpace objects, 0(0B) LOS objects, 23% free, 52MB/68MB, paused 678us total 26.120ms
08-05 19:33:06.518 11113 11143 I art     : Starting a blocking GC Explicit
08-05 19:33:06.544 11113 11143 I art     : Explicit concurrent mark sweep GC freed 3(96B) AllocSpace objects, 0(0B) LOS objects, 23% free, 52MB/68MB, paused 571us total 25.726ms
08-05 19:33:06.728 13866 13882 I PeriodicStatsRunner: PeriodicStatsRunner.call():175 call()
08-05 19:33:06.729 13866 13882 I PeriodicStatsRunner: PeriodicStatsRunner.call():179 No submit PeriodicStats since input started.
08-05 19:33:06.851 11113 11348 I art     : Starting a blocking GC Explicit
08-05 19:33:06.880 11113 11348 I art     : Explicit concurrent mark sweep GC freed 1340(78KB) AllocSpace objects, 1(20KB) LOS objects, 23% free, 52MB/68MB, paused 570us total 28.937ms
08-05 19:33:06.891 11113 11348 I art     : Starting a blocking GC Explicit
08-05 19:33:06.918 11113 11348 I art     : Explicit concurrent mark sweep GC freed 20(704B) AllocSpace objects, 0(0B) LOS objects, 23% free, 52MB/68MB, paused 608us total 26ms
08-05 19:33:06.929 11113 11348 I art     : Starting a blocking GC Explicit
08-05 19:33:06.955 11113 11348 I art     : Explicit concurrent mark sweep GC freed 3(96B) AllocSpace objects, 0(0B) LOS objects, 23% free, 52MB/68MB, paused 585us total 25.924ms
08-05 19:33:06.966 11113 11348 I art     : Starting a blocking GC Explicit
08-05 19:33:06.992 11113 11348 I art     : Explicit concurrent mark sweep GC freed 3(96B) AllocSpace objects, 0(0B) LOS objects, 23% free, 52MB/68MB, paused 576us total 26.109ms
08-05 19:33:07.003 11113 11348 I art     : Starting a blocking GC Explicit
08-05 19:33:07.029 11113 11348 I art     : Explicit concurrent mark sweep GC freed 3(96B) AllocSpace objects, 0(0B) LOS objects, 23% free, 52MB/68MB, paused 575us total 26.006ms
08-05 19:33:07.352 11113 11124 I art     : Starting a blocking GC Explicit
08-05 19:33:07.378 11113 11124 I art     : Explicit concurrent mark sweep GC freed 1363(78KB) AllocSpace objects, 1(20KB) LOS objects, 23% free, 52MB/68MB, paused 544us total 26.427ms
08-05 19:33:07.390 11113 11124 I art     : Starting a blocking GC Explicit
08-05 19:33:07.414 11113 11124 I art     : Explicit concurrent mark sweep GC freed 24(832B) AllocSpace objects, 0(0B) LOS objects, 23% free, 52MB/68MB, paused 534us total 24.051ms
08-05 19:33:07.426 11113 11124 I art     : Starting a blocking GC Explicit
08-05 19:33:07.452 11113 11124 I art     : Explicit concurrent mark sweep GC freed 6(192B) AllocSpace objects, 0(0B) LOS objects, 23% free, 52MB/68MB, paused 655us total 25.756ms
08-05 19:33:07.463 11113 11124 I art     : Starting a blocking GC Explicit
08-05 19:33:07.489 11113 11124 I art     : Explicit concurrent mark sweep GC freed 3(96B) AllocSpace objects, 0(0B) LOS objects, 23% free, 52MB/68MB, paused 515us total 26.002ms
08-05 19:33:07.500 11113 11124 I art     : Starting a blocking GC Explicit
08-05 19:33:07.526 11113 11124 I art     : Explicit concurrent mark sweep GC freed 3(96B) AllocSpace objects, 0(0B) LOS objects, 23% free, 52MB/68MB, paused 548us total 25.746ms
08-05 19:33:07.868 11113 11143 I art     : Starting a blocking GC Explicit
08-05 19:33:07.894 11113 11143 I art     : Explicit concurrent mark sweep GC freed 1340(78KB) AllocSpace objects, 1(20KB) LOS objects, 23% free, 52MB/68MB, paused 593us total 25.768ms
08-05 19:33:07.905 11113 11143 I art     : Starting a blocking GC Explicit
08-05 19:33:07.930 11113 11143 I art     : Explicit concurrent mark sweep GC freed 20(704B) AllocSpace objects, 0(0B) LOS objects, 23% free, 52MB/68MB, paused 577us total 24.940ms
08-05 19:33:07.941 11113 11143 I art     : Starting a blocking GC Explicit
08-05 19:33:07.967 11113 11143 I art     : Explicit concurrent mark sweep GC freed 3(96B) AllocSpace objects, 0(0B) LOS objects, 23% free, 52MB/68MB, paused 712us total 25.772ms
08-05 19:33:07.978 11113 11143 I art     : Starting a blocking GC Explicit
08-05 19:33:08.005 11113 11143 I art     : Explicit concurrent mark sweep GC freed 3(96B) AllocSpace objects, 0(0B) LOS objects, 23% free, 52MB/68MB, paused 610us total 26.957ms
08-05 19:33:08.016 11113 11143 I art     : Starting a blocking GC Explicit
08-05 19:33:08.043 11113 11143 I art     : Explicit concurrent mark sweep GC freed 3(96B) AllocSpace objects, 0(0B) LOS objects, 23% free, 52MB/68MB, paused 637us total 26.594ms
08-05 19:33:08.321 13018 13018 D AndroidRuntime: >>>>>> START com.android.internal.os.RuntimeInit uid 2000 <<<<<<
08-05 19:33:08.327 13018 13018 D AndroidRuntime: CheckJNI is OFF
08-05 19:33:08.372 13018 13018 D ICU     : No timezone override file found: /data/misc/zoneinfo/current/icu/icu_tzdata.dat
08-05 19:33:08.375 11113 11348 I art     : Starting a blocking GC Explicit
08-05 19:33:08.405 11113 11348 I art     : Explicit concurrent mark sweep GC freed 1340(78KB) AllocSpace objects, 1(20KB) LOS objects, 23% free, 52MB/68MB, paused 616us total 29.545ms
08-05 19:33:08.416 11113 11348 I art     : Starting a blocking GC Explicit
08-05 19:33:08.421 13018 13018 I Radio-JNI: register_android_hardware_Radio DONE
08-05 19:33:08.443 11113 11348 I art     : Explicit concurrent mark sweep GC freed 20(704B) AllocSpace objects, 0(0B) LOS objects, 23% free, 52MB/68MB, paused 597us total 26.752ms
08-05 19:33:08.452 13018 13018 D AndroidRuntime: Calling main entry com.android.commands.input.Input
08-05 19:33:08.454 11113 11348 I art     : Starting a blocking GC Explicit
08-05 19:33:08.454 13018 13018 I Input   : injectMotionEvent: MotionEvent { action=ACTION_DOWN, actionButton=0, id[0]=0, x[0]=756.0, y[0]=1530.0, toolType[0]=TOOL_TYPE_UNKNOWN, buttonState=0, metaState=0, flags=0x0, edgeFlags=0x0, pointerCount=1, historySize=0, eventTime=819204866, downTime=819204866, deviceId=0, source=0x1002 }
08-05 19:33:08.462 13018 13018 I Input   : injectMotionEvent: MotionEvent { action=ACTION_UP, actionButton=0, id[0]=0, x[0]=756.0, y[0]=1530.0, toolType[0]=TOOL_TYPE_UNKNOWN, buttonState=0, metaState=0, flags=0x0, edgeFlags=0x0, pointerCount=1, historySize=0, eventTime=819204866, downTime=819204866, deviceId=0, source=0x1002 }
08-05 19:33:08.464 13018 13018 D AndroidRuntime: Shutting down VM
08-05 19:33:08.480 11113 11348 I art     : Explicit concurrent mark sweep GC freed 35(1216B) AllocSpace objects, 0(0B) LOS objects, 23% free, 52MB/68MB, paused 617us total 26.005ms
08-05 19:33:08.481   918  6111 I ActivityManager: START u0 {cmp=baseline.appteam.nith.hillffair/.activities.LeaderBoardActivity} from uid 10675 on display 0
08-05 19:33:08.482   512  2967 D audio_hw_primary: out_set_parameters: enter: usecase(1: low-latency-playback) kvpairs: routing=2
08-05 19:33:08.492 11113 11348 I art     : Starting a blocking GC Explicit
08-05 19:33:08.495   512  2967 D audio_hw_primary: select_devices: out_snd_device(2: speaker) in_snd_device(0: none)
08-05 19:33:08.495   512  2967 D msm8974_platform: platform_send_audio_calibration: sending audio calibration for snd_device(2) acdb_id(15)
08-05 19:33:08.496   512  2967 I soundtrigger: audio_extn_sound_trigger_update_device_status: device 0x2 of type 0 for Event 1
08-05 19:33:08.509   512  2967 D audio_hw_primary: enable_snd_device: snd_device(2: speaker)
08-05 19:33:08.511   512  2967 D audio_hw_primary: enable_audio_route: apply and update mixer path: low-latency-playback speaker
08-05 19:33:08.518 11113 11348 I art     : Explicit concurrent mark sweep GC freed 752(53KB) AllocSpace objects, 0(0B) LOS objects, 23% free, 52MB/68MB, paused 979us total 26.060ms
08-05 19:33:08.528 11113 11348 I art     : Starting a blocking GC Explicit
08-05 19:33:08.554 11113 11348 I art     : Explicit concurrent mark sweep GC freed 4119(236KB) AllocSpace objects, 0(0B) LOS objects, 23% free, 52MB/68MB, paused 749us total 25.276ms
08-05 19:33:08.598 11113 11113 E RecyclerView: No adapter attached; skipping layout
08-05 19:33:08.603 11113 11113 E RecyclerView: No adapter attached; skipping layout
08-05 19:33:08.629 13866 13866 I GoogleInputMethodServic: GoogleInputMethodService.onFinishInput():3138 
08-05 19:33:08.630   918   936 I ActivityManager: Displayed baseline.appteam.nith.hillffair/.activities.LeaderBoardActivity: +140ms
08-05 19:33:08.630 11113 11113 E RecyclerView: No adapter attached; skipping layout
08-05 19:33:08.631 13866 13866 I GoogleInputMethodServic: GoogleInputMethodService.onStartInput():1808 
08-05 19:33:08.644 11113 11140 D OpenGLRenderer: endAllStagingAnimators on 0x7f7db24800 (RippleDrawable) with handle 0x7f9a1d7a60
08-05 19:33:08.661 13866 13882 I PeriodicStatsRunner: PeriodicStatsRunner.call():175 call()
08-05 19:33:08.661 13866 13882 I PeriodicStatsRunner: PeriodicStatsRunner.call():179 No submit PeriodicStats since input started.
08-05 19:33:08.823 11113 11348 I art     : Starting a blocking GC Explicit
08-05 19:33:08.850 11113 11348 I art     : Explicit concurrent mark sweep GC freed 1817(99KB) AllocSpace objects, 1(20KB) LOS objects, 23% free, 52MB/68MB, paused 679us total 26.376ms
08-05 19:33:08.861 11113 11348 I art     : Starting a blocking GC Explicit
08-05 19:33:08.874   380   380 W SurfaceFlinger: couldn't log to binary event log: overflow.
08-05 19:33:08.885 11113 11348 I art     : Explicit concurrent mark sweep GC freed 44(1504B) AllocSpace objects, 0(0B) LOS objects, 23% free, 52MB/68MB, paused 598us total 24.182ms
08-05 19:33:08.895 11113 11348 I art     : Starting a blocking GC Explicit
08-05 19:33:08.918 11113 11348 I art     : Explicit concurrent mark sweep GC freed 5(160B) AllocSpace objects, 0(0B) LOS objects, 23% free, 52MB/68MB, paused 580us total 22.948ms
08-05 19:33:08.929 11113 11348 I art     : Starting a blocking GC Explicit
08-05 19:33:08.953 11113 11348 I art     : Explicit concurrent mark sweep GC freed 5(160B) AllocSpace objects, 0(0B) LOS objects, 23% free, 52MB/68MB, paused 606us total 24.231ms
08-05 19:33:08.964 11113 11348 I art     : Starting a blocking GC Explicit
08-05 19:33:08.989 11113 11348 I art     : Explicit concurrent mark sweep GC freed 812(62KB) AllocSpace objects, 2(120KB) LOS objects, 23% free, 52MB/68MB, paused 942us total 25.662ms
08-05 19:33:09.010 11113 13045 D OkHttp  : --> GET https://api-hillfair-2k16.herokuapp.com/api/app/quiz/leaderboard?from=1 http/1.1
08-05 19:33:09.051 11113 13045 D OkHttp  : <-- 200 OK https://api-hillfair-2k16.herokuapp.com/api/app/quiz/leaderboard?from=1 (41ms, 56744-byte body)
08-05 19:33:09.059   512  2967 D audio_hw_primary: disable_audio_route: reset and update mixer path: low-latency-playback speaker
08-05 19:33:09.060   512  2967 D audio_hw_primary: disable_snd_device: snd_device(2: speaker)
08-05 19:33:09.068   512  2967 I soundtrigger: audio_extn_sound_trigger_update_device_status: device 0x2 of type 0 for Event 0
08-05 19:33:09.142 11113 11113 I NAPPA_EXPERIMENTATION: MetricNetworkRequestExecutionTime: REQUEST_DURATION_SYSTEM='613',REQUEST_DURATION_OKHTTP='41',REQUEST_SYNCHRONOUS='FALSE',RESPONSE_CODE='200',RESPONSE_METHOD='GET',RESPONSE_LENGTH_OKHTTP='56744',RESPONSE_LENGTH_HEADER='56744',REQUEST_PROTOCOL='http/1.1',REQUEST_URL='https://api-hillfair-2k16.herokuapp.com/api/app/quiz/leaderboard?from=1',
08-05 19:33:09.276 11113 11143 I art     : Starting a blocking GC Explicit
08-05 19:33:09.309 11113 11143 I art     : Explicit concurrent mark sweep GC freed 30013(1448KB) AllocSpace objects, 2(100KB) LOS objects, 23% free, 52MB/68MB, paused 669us total 32.198ms
08-05 19:33:09.320 11113 11143 I art     : Starting a blocking GC Explicit
08-05 19:33:09.349 11113 11143 I art     : Explicit concurrent mark sweep GC freed 646(69KB) AllocSpace objects, 0(0B) LOS objects, 23% free, 52MB/68MB, paused 623us total 28.565ms
08-05 19:33:09.360 11113 11143 I art     : Starting a blocking GC Explicit
08-05 19:33:09.388 11113 11143 I art     : Explicit concurrent mark sweep GC freed 3(96B) AllocSpace objects, 0(0B) LOS objects, 23% free, 52MB/68MB, paused 611us total 27.875ms
08-05 19:33:09.400 11113 11143 I art     : Starting a blocking GC Explicit
08-05 19:33:09.429 11113 11143 I art     : Explicit concurrent mark sweep GC freed 3(96B) AllocSpace objects, 0(0B) LOS objects, 23% free, 52MB/68MB, paused 623us total 28.407ms
08-05 19:33:09.440 11113 11143 I art     : Starting a blocking GC Explicit
08-05 19:33:09.469 11113 11143 I art     : Explicit concurrent mark sweep GC freed 3(96B) AllocSpace objects, 0(0B) LOS objects, 23% free, 52MB/68MB, paused 616us total 28.226ms
08-05 19:33:09.775 11113 11126 I art     : Starting a blocking GC Explicit
08-05 19:33:09.809 11113 11126 I art     : Explicit concurrent mark sweep GC freed 1344(78KB) AllocSpace objects, 1(20KB) LOS objects, 23% free, 52MB/68MB, paused 669us total 33.993ms
08-05 19:33:09.822 11113 11126 I art     : Starting a blocking GC Explicit
08-05 19:33:09.851 11113 11126 I art     : Explicit concurrent mark sweep GC freed 20(704B) AllocSpace objects, 0(0B) LOS objects, 23% free, 52MB/68MB, paused 605us total 28.671ms
08-05 19:33:09.863 11113 11126 I art     : Starting a blocking GC Explicit
08-05 19:33:09.891 11113 11126 I art     : Explicit concurrent mark sweep GC freed 3(96B) AllocSpace objects, 0(0B) LOS objects, 23% free, 52MB/68MB, paused 613us total 28.434ms
08-05 19:33:09.903 11113 11126 I art     : Starting a blocking GC Explicit
08-05 19:33:09.933 11113 11126 I art     : Explicit concurrent mark sweep GC freed 3(96B) AllocSpace objects, 0(0B) LOS objects, 23% free, 52MB/68MB, paused 609us total 29.057ms
08-05 19:33:09.944 11113 11126 I art     : Starting a blocking GC Explicit
08-05 19:33:09.973 11113 11126 I art     : Explicit concurrent mark sweep GC freed 3(96B) AllocSpace objects, 0(0B) LOS objects, 23% free, 52MB/68MB, paused 612us total 28.276ms
08-05 19:33:10.265 11113 11124 I art     : Starting a blocking GC Explicit
08-05 19:33:10.285   918  3261 D WifiStateMachine: starting scan for "H369AA63323"WPA_PSK with 2412,5180
08-05 19:33:10.303 11113 11124 I art     : Explicit concurrent mark sweep GC freed 1344(78KB) AllocSpace objects, 1(20KB) LOS objects, 23% free, 52MB/68MB, paused 654us total 37.108ms
08-05 19:33:10.316 11113 11124 I art     : Starting a blocking GC Explicit
08-05 19:33:10.346 11113 11124 I art     : Explicit concurrent mark sweep GC freed 20(704B) AllocSpace objects, 0(0B) LOS objects, 23% free, 52MB/68MB, paused 609us total 29.229ms
08-05 19:33:10.358 11113 11124 I art     : Starting a blocking GC Explicit
08-05 19:33:10.388 11113 11124 I art     : Explicit concurrent mark sweep GC freed 3(96B) AllocSpace objects, 0(0B) LOS objects, 23% free, 52MB/68MB, paused 663us total 29.600ms
08-05 19:33:10.400 11113 11124 I art     : Starting a blocking GC Explicit
08-05 19:33:10.431 11113 11124 I art     : Explicit concurrent mark sweep GC freed 3(96B) AllocSpace objects, 0(0B) LOS objects, 23% free, 52MB/68MB, paused 604us total 31.358ms
08-05 19:33:10.443 11113 11124 I art     : Starting a blocking GC Explicit
08-05 19:33:10.472 11113 11124 I art     : Explicit concurrent mark sweep GC freed 3(96B) AllocSpace objects, 0(0B) LOS objects, 23% free, 52MB/68MB, paused 596us total 28.576ms
08-05 19:33:10.696 13866 13882 I PeriodicStatsRunner: PeriodicStatsRunner.call():175 call()
08-05 19:33:10.697 13866 13882 I PeriodicStatsRunner: PeriodicStatsRunner.call():179 No submit PeriodicStats since input started.
08-05 19:33:10.810 11113 11348 I art     : Starting a blocking GC Explicit
08-05 19:33:10.850 11113 11348 I art     : Explicit concurrent mark sweep GC freed 1344(78KB) AllocSpace objects, 1(20KB) LOS objects, 23% free, 52MB/68MB, paused 731us total 39.461ms
08-05 19:33:10.864 11113 11348 I art     : Starting a blocking GC Explicit
08-05 19:33:10.893 11113 11348 I art     : Explicit concurrent mark sweep GC freed 20(704B) AllocSpace objects, 0(0B) LOS objects, 23% free, 52MB/68MB, paused 615us total 28.695ms
08-05 19:33:10.905 11113 11348 I art     : Starting a blocking GC Explicit
08-05 19:33:10.937 11113 11348 I art     : Explicit concurrent mark sweep GC freed 3(96B) AllocSpace objects, 0(0B) LOS objects, 23% free, 52MB/68MB, paused 620us total 31.676ms
08-05 19:33:10.948 11113 11348 I art     : Starting a blocking GC Explicit
08-05 19:33:10.977 11113 11348 I art     : Explicit concurrent mark sweep GC freed 3(96B) AllocSpace objects, 0(0B) LOS objects, 23% free, 52MB/68MB, paused 686us total 28.387ms
08-05 19:33:10.989 11113 11348 I art     : Starting a blocking GC Explicit
08-05 19:33:11.019 11113 11348 I art     : Explicit concurrent mark sweep GC freed 3(96B) AllocSpace objects, 0(0B) LOS objects, 23% free, 52MB/68MB, paused 630us total 30.466ms
08-05 19:33:11.353 11113 11143 I art     : Starting a blocking GC Explicit
08-05 19:33:11.390 11113 11143 I art     : Explicit concurrent mark sweep GC freed 1344(78KB) AllocSpace objects, 1(20KB) LOS objects, 23% free, 52MB/68MB, paused 656us total 36.024ms
08-05 19:33:11.403 11113 11143 I art     : Starting a blocking GC Explicit
08-05 19:33:11.435 11113 11143 I art     : Explicit concurrent mark sweep GC freed 20(704B) AllocSpace objects, 0(0B) LOS objects, 23% free, 52MB/68MB, paused 630us total 31.333ms
08-05 19:33:11.447 11113 11143 I art     : Starting a blocking GC Explicit
08-05 19:33:11.476 11113 11143 I art     : Explicit concurrent mark sweep GC freed 3(96B) AllocSpace objects, 0(0B) LOS objects, 23% free, 52MB/68MB, paused 606us total 28.925ms
08-05 19:33:11.488 11113 11143 I art     : Starting a blocking GC Explicit
08-05 19:33:11.519 11113 11143 I art     : Explicit concurrent mark sweep GC freed 3(96B) AllocSpace objects, 0(0B) LOS objects, 23% free, 52MB/68MB, paused 637us total 30.558ms
08-05 19:33:11.531 11113 11143 I art     : Starting a blocking GC Explicit
08-05 19:33:11.562 11113 11143 I art     : Explicit concurrent mark sweep GC freed 3(96B) AllocSpace objects, 0(0B) LOS objects, 23% free, 52MB/68MB, paused 628us total 31.078ms
08-05 19:33:11.912 11113 11126 I art     : Starting a blocking GC Explicit
08-05 19:33:11.948 11113 11126 I art     : Explicit concurrent mark sweep GC freed 1344(78KB) AllocSpace objects, 1(20KB) LOS objects, 23% free, 52MB/68MB, paused 688us total 36.054ms
08-05 19:33:11.963 11113 11126 I art     : Starting a blocking GC Explicit
08-05 19:33:11.994 11113 11126 I art     : Explicit concurrent mark sweep GC freed 20(704B) AllocSpace objects, 0(0B) LOS objects, 23% free, 52MB/68MB, paused 623us total 30.446ms
08-05 19:33:12.006 11113 11126 I art     : Starting a blocking GC Explicit
08-05 19:33:12.037 11113 11126 I art     : Explicit concurrent mark sweep GC freed 3(96B) AllocSpace objects, 0(0B) LOS objects, 23% free, 52MB/68MB, paused 713us total 31.226ms
08-05 19:33:12.049 11113 11126 I art     : Starting a blocking GC Explicit
08-05 19:33:12.079 11113 11126 I art     : Explicit concurrent mark sweep GC freed 3(96B) AllocSpace objects, 0(0B) LOS objects, 23% free, 52MB/68MB, paused 592us total 30.057ms
08-05 19:33:12.091 11113 11126 I art     : Starting a blocking GC Explicit
08-05 19:33:12.121 11113 11126 I art     : Explicit concurrent mark sweep GC freed 3(96B) AllocSpace objects, 0(0B) LOS objects, 23% free, 52MB/68MB, paused 614us total 29.626ms
08-05 19:33:12.464 11113 11143 I art     : Starting a blocking GC Explicit
08-05 19:33:12.492 11113 11143 I art     : Explicit concurrent mark sweep GC freed 1344(78KB) AllocSpace objects, 1(20KB) LOS objects, 23% free, 52MB/68MB, paused 606us total 27.930ms
08-05 19:33:12.503 11113 11143 I art     : Starting a blocking GC Explicit
08-05 19:33:12.534 11113 11143 I art     : Explicit concurrent mark sweep GC freed 41(1488B) AllocSpace objects, 0(0B) LOS objects, 23% free, 52MB/68MB, paused 632us total 30.889ms
08-05 19:33:12.546 11113 11143 I art     : Starting a blocking GC Explicit
08-05 19:33:12.577 11113 11143 I art     : Explicit concurrent mark sweep GC freed 3(96B) AllocSpace objects, 0(0B) LOS objects, 23% free, 52MB/68MB, paused 597us total 30.333ms
08-05 19:33:12.588 11113 11143 I art     : Starting a blocking GC Explicit
08-05 19:33:12.618 11113 11143 I art     : Explicit concurrent mark sweep GC freed 3(96B) AllocSpace objects, 0(0B) LOS objects, 23% free, 52MB/68MB, paused 667us total 29.728ms
08-05 19:33:12.630 11113 11143 I art     : Starting a blocking GC Explicit
08-05 19:33:12.661 11113 11143 I art     : Explicit concurrent mark sweep GC freed 3(96B) AllocSpace objects, 0(0B) LOS objects, 23% free, 52MB/68MB, paused 630us total 31.046ms
08-05 19:33:12.952 11113 11124 I art     : Starting a blocking GC Explicit
08-05 19:33:12.986 11113 11124 I art     : Explicit concurrent mark sweep GC freed 1357(78KB) AllocSpace objects, 1(20KB) LOS objects, 23% free, 52MB/68MB, paused 674us total 33.226ms
08-05 19:33:12.999 11113 11124 I art     : Starting a blocking GC Explicit
08-05 19:33:13.029 11113 11124 I art     : Explicit concurrent mark sweep GC freed 34(1136B) AllocSpace objects, 0(0B) LOS objects, 23% free, 52MB/68MB, paused 621us total 29.589ms
08-05 19:33:13.040 11113 11124 I art     : Starting a blocking GC Explicit
08-05 19:33:13.069 11113 11124 I art     : Explicit concurrent mark sweep GC freed 3(96B) AllocSpace objects, 0(0B) LOS objects, 23% free, 52MB/68MB, paused 612us total 28.868ms
08-05 19:33:13.081 11113 11124 I art     : Starting a blocking GC Explicit
08-05 19:33:13.111 11113 11124 I art     : Explicit concurrent mark sweep GC freed 3(96B) AllocSpace objects, 0(0B) LOS objects, 23% free, 52MB/68MB, paused 618us total 29.577ms
08-05 19:33:13.123 11113 11124 I art     : Starting a blocking GC Explicit
08-05 19:33:13.153 11113 11124 I art     : Explicit concurrent mark sweep GC freed 3(96B) AllocSpace objects, 0(0B) LOS objects, 23% free, 52MB/68MB, paused 611us total 30.391ms
08-05 19:33:13.281 13130 13130 D AndroidRuntime: >>>>>> START com.android.internal.os.RuntimeInit uid 2000 <<<<<<
08-05 19:33:13.289 13130 13130 D AndroidRuntime: CheckJNI is OFF
08-05 19:33:13.330 13130 13130 D ICU     : No timezone override file found: /data/misc/zoneinfo/current/icu/icu_tzdata.dat
08-05 19:33:13.372 13130 13130 I Radio-JNI: register_android_hardware_Radio DONE
08-05 19:33:13.401 13130 13130 D AndroidRuntime: Calling main entry com.android.commands.input.Input
08-05 19:33:13.403 13130 13130 I Input   : injectKeyEvent: KeyEvent { action=ACTION_DOWN, keyCode=KEYCODE_BACK, scanCode=0, metaState=0, flags=0x0, repeatCount=0, eventTime=819209816, downTime=819209816, deviceId=-1, source=0x101 }
08-05 19:33:13.408 13130 13130 I Input   : injectKeyEvent: KeyEvent { action=ACTION_UP, keyCode=KEYCODE_BACK, scanCode=0, metaState=0, flags=0x0, repeatCount=0, eventTime=819209816, downTime=819209816, deviceId=-1, source=0x101 }
08-05 19:33:13.413 13130 13130 D AndroidRuntime: Shutting down VM
08-05 19:33:13.454 13866 13866 I GoogleInputMethodServic: GoogleInputMethodService.onFinishInput():3138 
08-05 19:33:13.455 13866 13866 I GoogleInputMethodServic: GoogleInputMethodService.onStartInput():1808 
08-05 19:33:13.470 11113 11348 I art     : Starting a blocking GC Explicit
08-05 19:33:13.500 11113 11348 I art     : Explicit concurrent mark sweep GC freed 1481(84KB) AllocSpace objects, 1(20KB) LOS objects, 23% free, 52MB/68MB, paused 592us total 29.307ms
08-05 19:33:13.511 11113 11348 I art     : Starting a blocking GC Explicit
08-05 19:33:13.535 11113 11348 I art     : Explicit concurrent mark sweep GC freed 26(944B) AllocSpace objects, 0(0B) LOS objects, 23% free, 52MB/68MB, paused 548us total 23.966ms
08-05 19:33:13.545 11113 11348 I art     : Starting a blocking GC Explicit
08-05 19:33:13.576 11113 11348 I art     : Explicit concurrent mark sweep GC freed 3(96B) AllocSpace objects, 0(0B) LOS objects, 23% free, 52MB/68MB, paused 588us total 30.372ms
08-05 19:33:13.589 11113 11348 I art     : Starting a blocking GC Explicit
08-05 19:33:13.619 11113 11348 I art     : Explicit concurrent mark sweep GC freed 3(96B) AllocSpace objects, 0(0B) LOS objects, 23% free, 52MB/68MB, paused 644us total 29.831ms
08-05 19:33:13.631 13866 13882 I PeriodicStatsRunner: PeriodicStatsRunner.call():175 call()
08-05 19:33:13.631 11113 11348 I art     : Starting a blocking GC Explicit
08-05 19:33:13.633 13866 13882 I PeriodicStatsRunner: PeriodicStatsRunner.call():179 No submit PeriodicStats since input started.
08-05 19:33:13.662 11113 11348 I art     : Explicit concurrent mark sweep GC freed 3(96B) AllocSpace objects, 0(0B) LOS objects, 23% free, 52MB/68MB, paused 623us total 30.786ms
08-05 19:33:13.762   380   380 W SurfaceFlinger: couldn't log to binary event log: overflow.
08-05 19:33:13.944 11113 11124 I art     : Starting a blocking GC Explicit
08-05 19:33:13.971 11113 11124 I art     : Explicit concurrent mark sweep GC freed 1463(87KB) AllocSpace objects, 1(20KB) LOS objects, 23% free, 52MB/68MB, paused 566us total 26.386ms
08-05 19:33:13.982 11113 11124 I art     : Starting a blocking GC Explicit
08-05 19:33:14.007 11113 11124 I art     : Explicit concurrent mark sweep GC freed 4698(269KB) AllocSpace objects, 2(140KB) LOS objects, 23% free, 52MB/68MB, paused 568us total 25.151ms
08-05 19:33:14.017 11113 11124 I art     : Starting a blocking GC Explicit
08-05 19:33:14.041 11113 11124 I art     : Explicit concurrent mark sweep GC freed 3(96B) AllocSpace objects, 0(0B) LOS objects, 23% free, 52MB/68MB, paused 542us total 23.636ms
08-05 19:33:14.052 11113 11124 I art     : Starting a blocking GC Explicit
08-05 19:33:14.076 11113 11124 I art     : Explicit concurrent mark sweep GC freed 3(96B) AllocSpace objects, 0(0B) LOS objects, 23% free, 52MB/68MB, paused 562us total 23.916ms
08-05 19:33:14.087 11113 11124 I art     : Starting a blocking GC Explicit
08-05 19:33:14.111 11113 11124 I art     : Explicit concurrent mark sweep GC freed 3(96B) AllocSpace objects, 0(0B) LOS objects, 23% free, 52MB/68MB, paused 553us total 24.467ms
08-05 19:33:14.408 11113 11143 I art     : Starting a blocking GC Explicit
08-05 19:33:14.436 11113 11143 I art     : Explicit concurrent mark sweep GC freed 1344(78KB) AllocSpace objects, 1(20KB) LOS objects, 23% free, 52MB/68MB, paused 598us total 28.421ms
08-05 19:33:14.448 11113 11143 I art     : Starting a blocking GC Explicit
08-05 19:33:14.474 11113 11143 I art     : Explicit concurrent mark sweep GC freed 20(704B) AllocSpace objects, 0(0B) LOS objects, 23% free, 52MB/68MB, paused 585us total 26.145ms
08-05 19:33:14.485 11113 11143 I art     : Starting a blocking GC Explicit
08-05 19:33:14.512 11113 11143 I art     : Explicit concurrent mark sweep GC freed 3(96B) AllocSpace objects, 0(0B) LOS objects, 23% free, 52MB/68MB, paused 588us total 26.878ms
08-05 19:33:14.523 11113 11143 I art     : Starting a blocking GC Explicit
08-05 19:33:14.550 11113 11143 I art     : Explicit concurrent mark sweep GC freed 3(96B) AllocSpace objects, 0(0B) LOS objects, 23% free, 52MB/68MB, paused 578us total 26.656ms
08-05 19:33:14.561 11113 11143 I art     : Starting a blocking GC Explicit
08-05 19:33:14.587 11113 11143 I art     : Explicit concurrent mark sweep GC freed 3(96B) AllocSpace objects, 0(0B) LOS objects, 23% free, 52MB/68MB, paused 666us total 25.571ms
08-05 19:33:14.870  7260  7260 I ServiceManager: Waiting for service AtCmdFwd...
08-05 19:33:14.875 11113 11126 I art     : Starting a blocking GC Explicit
08-05 19:33:14.905 11113 11126 I art     : Explicit concurrent mark sweep GC freed 1343(78KB) AllocSpace objects, 1(20KB) LOS objects, 23% free, 52MB/68MB, paused 629us total 30.362ms
08-05 19:33:14.921 11113 11126 I art     : Starting a blocking GC Explicit
08-05 19:33:14.947 11113 11126 I art     : Explicit concurrent mark sweep GC freed 20(704B) AllocSpace objects, 0(0B) LOS objects, 23% free, 52MB/68MB, paused 596us total 25.389ms
08-05 19:33:14.957 11113 11126 I art     : Starting a blocking GC Explicit
08-05 19:33:14.983 11113 11126 I art     : Explicit concurrent mark sweep GC freed 3(96B) AllocSpace objects, 0(0B) LOS objects, 23% free, 52MB/68MB, paused 589us total 25.233ms
08-05 19:33:14.994 11113 11126 I art     : Starting a blocking GC Explicit
08-05 19:33:15.019 11113 11126 I art     : Explicit concurrent mark sweep GC freed 3(96B) AllocSpace objects, 0(0B) LOS objects, 23% free, 52MB/68MB, paused 606us total 25.547ms
08-05 19:33:15.030 11113 11126 I art     : Starting a blocking GC Explicit
08-05 19:33:15.056 11113 11126 I art     : Explicit concurrent mark sweep GC freed 4(128B) AllocSpace objects, 0(0B) LOS objects, 23% free, 52MB/68MB, paused 583us total 25.111ms
08-05 19:33:15.198 13183 13183 D AndroidRuntime: >>>>>> START com.android.internal.os.RuntimeInit uid 2000 <<<<<<
08-05 19:33:15.204 13183 13183 D AndroidRuntime: CheckJNI is OFF
08-05 19:33:15.249 13183 13183 D ICU     : No timezone override file found: /data/misc/zoneinfo/current/icu/icu_tzdata.dat
08-05 19:33:15.294 13183 13183 I Radio-JNI: register_android_hardware_Radio DONE
08-05 19:33:15.322 13183 13183 D AndroidRuntime: Calling main entry com.android.commands.input.Input
08-05 19:33:15.324 13183 13183 I Input   : injectMotionEvent: MotionEvent { action=ACTION_DOWN, actionButton=0, id[0]=0, x[0]=648.0, y[0]=1050.0, toolType[0]=TOOL_TYPE_UNKNOWN, buttonState=0, metaState=0, flags=0x0, edgeFlags=0x0, pointerCount=1, historySize=0, eventTime=819211736, downTime=819211736, deviceId=0, source=0x1002 }
08-05 19:33:15.329 13183 13183 I Input   : injectMotionEvent: MotionEvent { action=ACTION_UP, actionButton=0, id[0]=0, x[0]=648.0, y[0]=1050.0, toolType[0]=TOOL_TYPE_UNKNOWN, buttonState=0, metaState=0, flags=0x0, edgeFlags=0x0, pointerCount=1, historySize=0, eventTime=819211736, downTime=819211736, deviceId=0, source=0x1002 }
08-05 19:33:15.331 13183 13183 D AndroidRuntime: Shutting down VM
08-05 19:33:15.350   918  3359 I ActivityManager: START u0 {cmp=baseline.appteam.nith.hillffair/.activities.InformationActivity} from uid 10675 on display 0
08-05 19:33:15.351   512  2967 D audio_hw_primary: out_set_parameters: enter: usecase(1: low-latency-playback) kvpairs: routing=2
08-05 19:33:15.366   512  2967 D audio_hw_primary: select_devices: out_snd_device(2: speaker) in_snd_device(0: none)
08-05 19:33:15.366   512  2967 D msm8974_platform: platform_send_audio_calibration: sending audio calibration for snd_device(2) acdb_id(15)
08-05 19:33:15.366   512  2967 I soundtrigger: audio_extn_sound_trigger_update_device_status: device 0x2 of type 0 for Event 1
08-05 19:33:15.376   512  2967 D audio_hw_primary: enable_snd_device: snd_device(2: speaker)
08-05 19:33:15.378   512  2967 D audio_hw_primary: enable_audio_route: apply and update mixer path: low-latency-playback speaker
08-05 19:33:15.384 11113 11124 I art     : Starting a blocking GC Explicit
08-05 19:33:15.412 11113 11124 I art     : Explicit concurrent mark sweep GC freed 2244(152KB) AllocSpace objects, 1(20KB) LOS objects, 23% free, 52MB/68MB, paused 763us total 28.412ms
08-05 19:33:15.424 11113 11124 I art     : Starting a blocking GC Explicit
08-05 19:33:15.448 11113 11124 I art     : Explicit concurrent mark sweep GC freed 169(7KB) AllocSpace objects, 0(0B) LOS objects, 23% free, 52MB/68MB, paused 581us total 23.389ms
08-05 19:33:15.458 11113 11124 I art     : Starting a blocking GC Explicit
08-05 19:33:15.483 11113 11124 I art     : Explicit concurrent mark sweep GC freed 84(2624B) AllocSpace objects, 0(0B) LOS objects, 23% free, 52MB/68MB, paused 612us total 24.346ms
08-05 19:33:15.494 11113 11124 I art     : Starting a blocking GC Explicit
08-05 19:33:15.509   918   936 I ActivityManager: Displayed baseline.appteam.nith.hillffair/.activities.InformationActivity: +151ms
08-05 19:33:15.509 13866 13866 I GoogleInputMethodServic: GoogleInputMethodService.onFinishInput():3138 
08-05 19:33:15.510 13866 13866 I GoogleInputMethodServic: GoogleInputMethodService.onStartInput():1808 
08-05 19:33:15.523 11113 11124 I art     : Explicit concurrent mark sweep GC freed 31(1120B) AllocSpace objects, 0(0B) LOS objects, 23% free, 52MB/68MB, paused 630us total 28.837ms
08-05 19:33:15.532 11113 11140 D OpenGLRenderer: endAllStagingAnimators on 0x7f7db24000 (RippleDrawable) with handle 0x7f99f09ce0
08-05 19:33:15.535 11113 11124 I art     : Starting a blocking GC Explicit
08-05 19:33:15.560 11113 11124 I art     : Explicit concurrent mark sweep GC freed 28(1136B) AllocSpace objects, 0(0B) LOS objects, 23% free, 52MB/68MB, paused 543us total 24.935ms
08-05 19:33:15.765   380   380 W SurfaceFlinger: couldn't log to binary event log: overflow.
08-05 19:33:15.851 11113 11348 I art     : Starting a blocking GC Explicit
08-05 19:33:15.870  7260  7260 I ServiceManager: Waiting for service AtCmdFwd...
08-05 19:33:15.877 11113 11348 I art     : Explicit concurrent mark sweep GC freed 1465(84KB) AllocSpace objects, 1(20KB) LOS objects, 23% free, 52MB/68MB, paused 582us total 26.316ms
08-05 19:33:15.889 11113 11348 I art     : Starting a blocking GC Explicit
08-05 19:33:15.914 11113 11348 I art     : Explicit concurrent mark sweep GC freed 92(3KB) AllocSpace objects, 0(0B) LOS objects, 23% free, 52MB/68MB, paused 543us total 25.195ms
08-05 19:33:15.918   512  2967 D audio_hw_primary: disable_audio_route: reset and update mixer path: low-latency-playback speaker
08-05 19:33:15.919   512  2967 D audio_hw_primary: disable_snd_device: snd_device(2: speaker)
08-05 19:33:15.925 11113 11348 I art     : Starting a blocking GC Explicit
08-05 19:33:15.927   512  2967 I soundtrigger: audio_extn_sound_trigger_update_device_status: device 0x2 of type 0 for Event 0
08-05 19:33:15.952 11113 11348 I art     : Explicit concurrent mark sweep GC freed 11(352B) AllocSpace objects, 0(0B) LOS objects, 23% free, 52MB/68MB, paused 576us total 26.372ms
08-05 19:33:15.963 11113 11348 I art     : Starting a blocking GC Explicit
08-05 19:33:15.990 11113 11348 I art     : Explicit concurrent mark sweep GC freed 3(96B) AllocSpace objects, 0(0B) LOS objects, 23% free, 52MB/68MB, paused 562us total 26.867ms
08-05 19:33:16.001 11113 11348 I art     : Starting a blocking GC Explicit
08-05 19:33:16.029 11113 11348 I art     : Explicit concurrent mark sweep GC freed 3(96B) AllocSpace objects, 0(0B) LOS objects, 23% free, 52MB/68MB, paused 598us total 27.757ms
08-05 19:33:16.333 11113 11126 I art     : Starting a blocking GC Explicit
08-05 19:33:16.368 11113 11126 I art     : Explicit concurrent mark sweep GC freed 1344(78KB) AllocSpace objects, 1(20KB) LOS objects, 23% free, 52MB/68MB, paused 933us total 35.315ms
08-05 19:33:16.383 11113 11126 I art     : Starting a blocking GC Explicit
08-05 19:33:16.410 11113 11126 I art     : Explicit concurrent mark sweep GC freed 20(704B) AllocSpace objects, 0(0B) LOS objects, 23% free, 52MB/68MB, paused 624us total 26.698ms
08-05 19:33:16.421 11113 11126 I art     : Starting a blocking GC Explicit
08-05 19:33:16.449 11113 11126 I art     : Explicit concurrent mark sweep GC freed 3(96B) AllocSpace objects, 0(0B) LOS objects, 23% free, 52MB/68MB, paused 582us total 27.302ms
08-05 19:33:16.460 11113 11126 I art     : Starting a blocking GC Explicit
08-05 19:33:16.487 11113 11126 I art     : Explicit concurrent mark sweep GC freed 3(96B) AllocSpace objects, 0(0B) LOS objects, 23% free, 52MB/68MB, paused 668us total 26.956ms
08-05 19:33:16.498 11113 11126 I art     : Starting a blocking GC Explicit
08-05 19:33:16.525 11113 11126 I art     : Explicit concurrent mark sweep GC freed 3(96B) AllocSpace objects, 0(0B) LOS objects, 23% free, 52MB/68MB, paused 597us total 27.076ms
08-05 19:33:16.840 11113 11143 I art     : Starting a blocking GC Explicit
08-05 19:33:16.871  7260  7260 I ServiceManager: Waiting for service AtCmdFwd...
08-05 19:33:16.874 11113 11143 I art     : Explicit concurrent mark sweep GC freed 1344(78KB) AllocSpace objects, 1(20KB) LOS objects, 23% free, 52MB/68MB, paused 624us total 33.844ms
08-05 19:33:16.888 11113 11143 I art     : Starting a blocking GC Explicit
08-05 19:33:16.916 11113 11143 I art     : Explicit concurrent mark sweep GC freed 20(704B) AllocSpace objects, 0(0B) LOS objects, 23% free, 52MB/68MB, paused 604us total 28.377ms
08-05 19:33:16.928 11113 11143 I art     : Starting a blocking GC Explicit
08-05 19:33:16.958 11113 11143 I art     : Explicit concurrent mark sweep GC freed 3(96B) AllocSpace objects, 0(0B) LOS objects, 23% free, 52MB/68MB, paused 606us total 29.365ms
08-05 19:33:16.969 11113 11143 I art     : Starting a blocking GC Explicit
08-05 19:33:16.998 11113 11143 I art     : Explicit concurrent mark sweep GC freed 3(96B) AllocSpace objects, 0(0B) LOS objects, 23% free, 52MB/68MB, paused 571us total 28.994ms
08-05 19:33:17.013 11113 11143 I art     : Starting a blocking GC Explicit
08-05 19:33:17.043 11113 11143 I art     : Explicit concurrent mark sweep GC freed 9(288B) AllocSpace objects, 0(0B) LOS objects, 23% free, 52MB/68MB, paused 889us total 29.691ms
08-05 19:33:17.381 11113 11143 I art     : Starting a blocking GC Explicit
08-05 19:33:17.411 11113 11143 I art     : Explicit concurrent mark sweep GC freed 1368(79KB) AllocSpace objects, 1(20KB) LOS objects, 23% free, 52MB/68MB, paused 614us total 29.750ms
08-05 19:33:17.424 11113 11143 I art     : Starting a blocking GC Explicit
08-05 19:33:17.454 11113 11143 I art     : Explicit concurrent mark sweep GC freed 20(704B) AllocSpace objects, 0(0B) LOS objects, 23% free, 52MB/68MB, paused 582us total 30.112ms
08-05 19:33:17.466 11113 11143 I art     : Starting a blocking GC Explicit
08-05 19:33:17.496 11113 11143 I art     : Explicit concurrent mark sweep GC freed 3(96B) AllocSpace objects, 0(0B) LOS objects, 23% free, 52MB/68MB, paused 599us total 29.401ms
08-05 19:33:17.507 11113 11143 I art     : Starting a blocking GC Explicit
08-05 19:33:17.537 11113 11143 I art     : Explicit concurrent mark sweep GC freed 3(96B) AllocSpace objects, 0(0B) LOS objects, 23% free, 52MB/68MB, paused 686us total 29.841ms
08-05 19:33:17.549 11113 11143 I art     : Starting a blocking GC Explicit
08-05 19:33:17.577 11113 11143 I art     : Explicit concurrent mark sweep GC freed 3(96B) AllocSpace objects, 0(0B) LOS objects, 23% free, 52MB/68MB, paused 577us total 27.910ms
08-05 19:33:17.871  7260  7260 I ServiceManager: Waiting for service AtCmdFwd...
08-05 19:33:17.926 11113 11126 I art     : Starting a blocking GC Explicit
08-05 19:33:17.963 11113 11126 I art     : Explicit concurrent mark sweep GC freed 1344(78KB) AllocSpace objects, 1(20KB) LOS objects, 23% free, 52MB/68MB, paused 651us total 36.345ms
08-05 19:33:17.979 11113 11126 I art     : Starting a blocking GC Explicit
08-05 19:33:18.011 11113 11126 I art     : Explicit concurrent mark sweep GC freed 20(704B) AllocSpace objects, 0(0B) LOS objects, 23% free, 52MB/68MB, paused 615us total 31.434ms
08-05 19:33:18.022 11113 11126 I art     : Starting a blocking GC Explicit
08-05 19:33:18.052 11113 11126 I art     : Explicit concurrent mark sweep GC freed 3(96B) AllocSpace objects, 0(0B) LOS objects, 23% free, 52MB/68MB, paused 590us total 29.820ms
08-05 19:33:18.064 11113 11126 I art     : Starting a blocking GC Explicit
08-05 19:33:18.092 11113 11126 I art     : Explicit concurrent mark sweep GC freed 3(96B) AllocSpace objects, 0(0B) LOS objects, 23% free, 52MB/68MB, paused 590us total 27.963ms
08-05 19:33:18.104 11113 11126 I art     : Starting a blocking GC Explicit
08-05 19:33:18.134 11113 11126 I art     : Explicit concurrent mark sweep GC freed 3(96B) AllocSpace objects, 0(0B) LOS objects, 23% free, 52MB/68MB, paused 597us total 29.913ms
08-05 19:33:18.455 13866 13882 I PeriodicStatsRunner: PeriodicStatsRunner.call():175 call()
08-05 19:33:18.455 13866 13882 I PeriodicStatsRunner: PeriodicStatsRunner.call():179 No submit PeriodicStats since input started.
08-05 19:33:18.477 11113 11124 I art     : Starting a blocking GC Explicit
08-05 19:33:18.509 11113 11124 I art     : Explicit concurrent mark sweep GC freed 1344(78KB) AllocSpace objects, 1(20KB) LOS objects, 23% free, 52MB/68MB, paused 621us total 32.016ms
08-05 19:33:18.523 11113 11124 I art     : Starting a blocking GC Explicit
08-05 19:33:18.553 11113 11124 I art     : Explicit concurrent mark sweep GC freed 20(704B) AllocSpace objects, 0(0B) LOS objects, 23% free, 52MB/68MB, paused 584us total 29.831ms
08-05 19:33:18.564 11113 11124 I art     : Starting a blocking GC Explicit
08-05 19:33:18.593 11113 11124 I art     : Explicit concurrent mark sweep GC freed 3(96B) AllocSpace objects, 0(0B) LOS objects, 23% free, 52MB/68MB, paused 598us total 28.206ms
08-05 19:33:18.604 11113 11124 I art     : Starting a blocking GC Explicit
08-05 19:33:18.634 11113 11124 I art     : Explicit concurrent mark sweep GC freed 3(96B) AllocSpace objects, 0(0B) LOS objects, 23% free, 52MB/68MB, paused 593us total 29.574ms
08-05 19:33:18.646 11113 11124 I art     : Starting a blocking GC Explicit
08-05 19:33:18.676 11113 11124 I art     : Explicit concurrent mark sweep GC freed 3(96B) AllocSpace objects, 0(0B) LOS objects, 23% free, 52MB/68MB, paused 588us total 29.811ms
08-05 19:33:18.872  7260  7260 I ServiceManager: Waiting for service AtCmdFwd...
08-05 19:33:19.016 11113 11348 I art     : Starting a blocking GC Explicit
08-05 19:33:19.049 11113 11348 I art     : Explicit concurrent mark sweep GC freed 1344(78KB) AllocSpace objects, 1(20KB) LOS objects, 23% free, 52MB/68MB, paused 622us total 33.187ms
08-05 19:33:19.063 11113 11348 I art     : Starting a blocking GC Explicit
08-05 19:33:19.093 11113 11348 I art     : Explicit concurrent mark sweep GC freed 20(704B) AllocSpace objects, 0(0B) LOS objects, 23% free, 52MB/68MB, paused 595us total 29.292ms
08-05 19:33:19.105 11113 11348 I art     : Starting a blocking GC Explicit
08-05 19:33:19.134 11113 11348 I art     : Explicit concurrent mark sweep GC freed 3(96B) AllocSpace objects, 0(0B) LOS objects, 23% free, 52MB/68MB, paused 586us total 29.627ms
08-05 19:33:19.146 11113 11348 I art     : Starting a blocking GC Explicit
08-05 19:33:19.176 11113 11348 I art     : Explicit concurrent mark sweep GC freed 3(96B) AllocSpace objects, 0(0B) LOS objects, 23% free, 52MB/68MB, paused 605us total 29.867ms
08-05 19:33:19.188 11113 11348 I art     : Starting a blocking GC Explicit
08-05 19:33:19.216 11113 11348 I art     : Explicit concurrent mark sweep GC freed 3(96B) AllocSpace objects, 0(0B) LOS objects, 23% free, 52MB/68MB, paused 603us total 27.876ms
08-05 19:33:19.552 11113 11143 I art     : Starting a blocking GC Explicit
08-05 19:33:19.586 11113 11143 I art     : Explicit concurrent mark sweep GC freed 1344(78KB) AllocSpace objects, 1(20KB) LOS objects, 23% free, 52MB/68MB, paused 615us total 34.245ms
08-05 19:33:19.599 11113 11143 I art     : Starting a blocking GC Explicit
08-05 19:33:19.625 11113 11143 I art     : Explicit concurrent mark sweep GC freed 20(704B) AllocSpace objects, 0(0B) LOS objects, 23% free, 52MB/68MB, paused 564us total 25.051ms
08-05 19:33:19.636 11113 11143 I art     : Starting a blocking GC Explicit
08-05 19:33:19.662 11113 11143 I art     : Explicit concurrent mark sweep GC freed 3(96B) AllocSpace objects, 0(0B) LOS objects, 23% free, 52MB/68MB, paused 605us total 25.939ms
08-05 19:33:19.673 11113 11143 I art     : Starting a blocking GC Explicit
08-05 19:33:19.699 11113 11143 I art     : Explicit concurrent mark sweep GC freed 3(96B) AllocSpace objects, 0(0B) LOS objects, 23% free, 52MB/68MB, paused 618us total 25.556ms
08-05 19:33:19.710 11113 11143 I art     : Starting a blocking GC Explicit
08-05 19:33:19.738 11113 11143 I art     : Explicit concurrent mark sweep GC freed 3(96B) AllocSpace objects, 0(0B) LOS objects, 23% free, 52MB/68MB, paused 674us total 27.940ms
08-05 19:33:19.872  7260  7260 W Atfwd_Sendcmd: AtCmdFwd service not published, waiting... retryCnt : 1
08-05 19:33:20.073 11113 11126 I art     : Starting a blocking GC Explicit
08-05 19:33:20.105 11113 11126 I art     : Explicit concurrent mark sweep GC freed 1344(78KB) AllocSpace objects, 1(20KB) LOS objects, 23% free, 52MB/68MB, paused 652us total 31.242ms
08-05 19:33:20.120 11113 11126 I art     : Starting a blocking GC Explicit
08-05 19:33:20.145 13300 13300 D AndroidRuntime: >>>>>> START com.android.internal.os.RuntimeInit uid 2000 <<<<<<
08-05 19:33:20.149 11113 11126 I art     : Explicit concurrent mark sweep GC freed 20(704B) AllocSpace objects, 0(0B) LOS objects, 23% free, 52MB/68MB, paused 620us total 27.983ms
08-05 19:33:20.151 13300 13300 D AndroidRuntime: CheckJNI is OFF
08-05 19:33:20.160 11113 11126 I art     : Starting a blocking GC Explicit
08-05 19:33:20.187 11113 11126 I art     : Explicit concurrent mark sweep GC freed 3(96B) AllocSpace objects, 0(0B) LOS objects, 23% free, 52MB/68MB, paused 611us total 26.650ms
08-05 19:33:20.198 11113 11126 I art     : Starting a blocking GC Explicit
08-05 19:33:20.198 13300 13300 D ICU     : No timezone override file found: /data/misc/zoneinfo/current/icu/icu_tzdata.dat
08-05 19:33:20.225 11113 11126 I art     : Explicit concurrent mark sweep GC freed 3(96B) AllocSpace objects, 0(0B) LOS objects, 23% free, 52MB/68MB, paused 626us total 27.453ms
08-05 19:33:20.236 11113 11126 I art     : Starting a blocking GC Explicit
08-05 19:33:20.245 13300 13300 I Radio-JNI: register_android_hardware_Radio DONE
08-05 19:33:20.264 11113 11126 I art     : Explicit concurrent mark sweep GC freed 3(96B) AllocSpace objects, 0(0B) LOS objects, 23% free, 52MB/68MB, paused 592us total 27.460ms
08-05 19:33:20.275 13300 13300 D AndroidRuntime: Calling main entry com.android.commands.input.Input
08-05 19:33:20.277 13300 13300 I Input   : injectKeyEvent: KeyEvent { action=ACTION_DOWN, keyCode=KEYCODE_BACK, scanCode=0, metaState=0, flags=0x0, repeatCount=0, eventTime=819216690, downTime=819216690, deviceId=-1, source=0x101 }
08-05 19:33:20.284 13300 13300 I Input   : injectKeyEvent: KeyEvent { action=ACTION_UP, keyCode=KEYCODE_BACK, scanCode=0, metaState=0, flags=0x0, repeatCount=0, eventTime=819216690, downTime=819216690, deviceId=-1, source=0x101 }
08-05 19:33:20.290 13300 13300 D AndroidRuntime: Shutting down VM
08-05 19:33:20.328 13866 13866 I GoogleInputMethodServic: GoogleInputMethodService.onFinishInput():3138 
08-05 19:33:20.328 13866 13866 I GoogleInputMethodServic: GoogleInputMethodService.onStartInput():1808 
08-05 19:33:20.510 13866 13882 I PeriodicStatsRunner: PeriodicStatsRunner.call():175 call()
08-05 19:33:20.511 13866 13882 I PeriodicStatsRunner: PeriodicStatsRunner.call():179 No submit PeriodicStats since input started.
08-05 19:33:20.559 11113 11348 I art     : Starting a blocking GC Explicit
08-05 19:33:20.590 11113 11348 I art     : Explicit concurrent mark sweep GC freed 1484(84KB) AllocSpace objects, 1(20KB) LOS objects, 23% free, 52MB/68MB, paused 832us total 30.568ms
08-05 19:33:20.604 11113 11348 I art     : Starting a blocking GC Explicit
08-05 19:33:20.631 11113 11348 I art     : Explicit concurrent mark sweep GC freed 26(944B) AllocSpace objects, 0(0B) LOS objects, 23% free, 52MB/68MB, paused 566us total 27.503ms
08-05 19:33:20.636   380   380 W SurfaceFlinger: couldn't log to binary event log: overflow.
08-05 19:33:20.644 11113 11348 I art     : Starting a blocking GC Explicit
08-05 19:33:20.668 11113 11348 I art     : Explicit concurrent mark sweep GC freed 113(8KB) AllocSpace objects, 0(0B) LOS objects, 23% free, 52MB/68MB, paused 671us total 23.694ms
08-05 19:33:20.678 11113 11348 I art     : Starting a blocking GC Explicit
08-05 19:33:20.703 11113 11348 I art     : Explicit concurrent mark sweep GC freed 1384(89KB) AllocSpace objects, 1(28KB) LOS objects, 23% free, 52MB/68MB, paused 567us total 24.340ms
08-05 19:33:20.713 11113 11348 I art     : Starting a blocking GC Explicit
08-05 19:33:20.737 11113 11348 I art     : Explicit concurrent mark sweep GC freed 3(96B) AllocSpace objects, 0(0B) LOS objects, 23% free, 52MB/68MB, paused 560us total 24.212ms
08-05 19:33:21.040 11113 11143 I art     : Starting a blocking GC Explicit
08-05 19:33:21.072 11113 11143 I art     : Explicit concurrent mark sweep GC freed 1344(78KB) AllocSpace objects, 1(20KB) LOS objects, 23% free, 52MB/68MB, paused 610us total 31.474ms
08-05 19:33:21.086 11113 11143 I art     : Starting a blocking GC Explicit
08-05 19:33:21.112 11113 11143 I art     : Explicit concurrent mark sweep GC freed 20(704B) AllocSpace objects, 0(0B) LOS objects, 23% free, 52MB/68MB, paused 590us total 26.325ms
08-05 19:33:21.123 11113 11143 I art     : Starting a blocking GC Explicit
08-05 19:33:21.150 11113 11143 I art     : Explicit concurrent mark sweep GC freed 3(96B) AllocSpace objects, 0(0B) LOS objects, 23% free, 52MB/68MB, paused 574us total 26.577ms
08-05 19:33:21.161 11113 11143 I art     : Starting a blocking GC Explicit
08-05 19:33:21.188 11113 11143 I art     : Explicit concurrent mark sweep GC freed 3(96B) AllocSpace objects, 0(0B) LOS objects, 23% free, 52MB/68MB, paused 603us total 26.594ms
08-05 19:33:21.199 11113 11143 I art     : Starting a blocking GC Explicit
08-05 19:33:21.226 11113 11143 I art     : Explicit concurrent mark sweep GC freed 3(96B) AllocSpace objects, 0(0B) LOS objects, 23% free, 52MB/68MB, paused 585us total 26.455ms
08-05 19:33:21.534 11113 11126 I art     : Starting a blocking GC Explicit
08-05 19:33:21.560 11113 11126 I art     : Explicit concurrent mark sweep GC freed 1343(78KB) AllocSpace objects, 1(20KB) LOS objects, 23% free, 52MB/68MB, paused 597us total 26.184ms
08-05 19:33:21.571 11113 11126 I art     : Starting a blocking GC Explicit
08-05 19:33:21.597 11113 11126 I art     : Explicit concurrent mark sweep GC freed 20(704B) AllocSpace objects, 0(0B) LOS objects, 23% free, 52MB/68MB, paused 651us total 25.784ms
08-05 19:33:21.608 11113 11126 I art     : Starting a blocking GC Explicit
08-05 19:33:21.633 11113 11126 I art     : Explicit concurrent mark sweep GC freed 3(96B) AllocSpace objects, 0(0B) LOS objects, 23% free, 52MB/68MB, paused 591us total 24.778ms
08-05 19:33:21.643 11113 11126 I art     : Starting a blocking GC Explicit
08-05 19:33:21.668 11113 11126 I art     : Explicit concurrent mark sweep GC freed 3(96B) AllocSpace objects, 0(0B) LOS objects, 23% free, 52MB/68MB, paused 621us total 24.961ms
08-05 19:33:21.679 11113 11126 I art     : Starting a blocking GC Explicit
08-05 19:33:21.705 11113 11126 I art     : Explicit concurrent mark sweep GC freed 3(96B) AllocSpace objects, 0(0B) LOS objects, 23% free, 52MB/68MB, paused 585us total 25.296ms
08-05 19:33:22.013 11113 11348 I art     : Starting a blocking GC Explicit
08-05 19:33:22.041 11113 11348 I art     : Explicit concurrent mark sweep GC freed 1358(78KB) AllocSpace objects, 1(20KB) LOS objects, 23% free, 52MB/68MB, paused 592us total 27.633ms
08-05 19:33:22.054 11113 11348 I art     : Starting a blocking GC Explicit
08-05 19:33:22.068 13357 13357 D AndroidRuntime: >>>>>> START com.android.internal.os.RuntimeInit uid 2000 <<<<<<
08-05 19:33:22.074 13357 13357 D AndroidRuntime: CheckJNI is OFF
08-05 19:33:22.081 11113 11348 I art     : Explicit concurrent mark sweep GC freed 25(864B) AllocSpace objects, 0(0B) LOS objects, 23% free, 52MB/68MB, paused 641us total 27.242ms
08-05 19:33:22.092 11113 11348 I art     : Starting a blocking GC Explicit
08-05 19:33:22.118 11113 11348 I art     : Explicit concurrent mark sweep GC freed 7(224B) AllocSpace objects, 0(0B) LOS objects, 23% free, 52MB/68MB, paused 620us total 25.996ms
08-05 19:33:22.119 13357 13357 D ICU     : No timezone override file found: /data/misc/zoneinfo/current/icu/icu_tzdata.dat
08-05 19:33:22.129 11113 11348 I art     : Starting a blocking GC Explicit
08-05 19:33:22.156 11113 11348 I art     : Explicit concurrent mark sweep GC freed 7(224B) AllocSpace objects, 0(0B) LOS objects, 23% free, 52MB/68MB, paused 717us total 26.021ms
08-05 19:33:22.162 13357 13357 I Radio-JNI: register_android_hardware_Radio DONE
08-05 19:33:22.166 11113 11348 I art     : Starting a blocking GC Explicit
08-05 19:33:22.191 11113 11348 I art     : Explicit concurrent mark sweep GC freed 5(160B) AllocSpace objects, 0(0B) LOS objects, 23% free, 52MB/68MB, paused 688us total 24.591ms
08-05 19:33:22.192 13357 13357 D AndroidRuntime: Calling main entry com.android.commands.input.Input
08-05 19:33:22.194 13357 13357 I Input   : injectMotionEvent: MotionEvent { action=ACTION_DOWN, actionButton=0, id[0]=0, x[0]=756.0, y[0]=1530.0, toolType[0]=TOOL_TYPE_UNKNOWN, buttonState=0, metaState=0, flags=0x0, edgeFlags=0x0, pointerCount=1, historySize=0, eventTime=819218606, downTime=819218606, deviceId=0, source=0x1002 }
08-05 19:33:22.200 13357 13357 I Input   : injectMotionEvent: MotionEvent { action=ACTION_UP, actionButton=0, id[0]=0, x[0]=756.0, y[0]=1530.0, toolType[0]=TOOL_TYPE_UNKNOWN, buttonState=0, metaState=0, flags=0x0, edgeFlags=0x0, pointerCount=1, historySize=0, eventTime=819218606, downTime=819218606, deviceId=0, source=0x1002 }
08-05 19:33:22.202 13357 13357 D AndroidRuntime: Shutting down VM
08-05 19:33:22.207   918  6112 I ActivityManager: START u0 {cmp=baseline.appteam.nith.hillffair/.activities.LeaderBoardActivity} from uid 10675 on display 0
08-05 19:33:22.210   512  2967 D audio_hw_primary: out_set_parameters: enter: usecase(1: low-latency-playback) kvpairs: routing=2
08-05 19:33:22.223   512  2967 D audio_hw_primary: select_devices: out_snd_device(2: speaker) in_snd_device(0: none)
08-05 19:33:22.223   512  2967 D msm8974_platform: platform_send_audio_calibration: sending audio calibration for snd_device(2) acdb_id(15)
08-05 19:33:22.223   512  2967 I soundtrigger: audio_extn_sound_trigger_update_device_status: device 0x2 of type 0 for Event 1
08-05 19:33:22.234   512  2967 D audio_hw_primary: enable_snd_device: snd_device(2: speaker)
08-05 19:33:22.237   512  2967 D audio_hw_primary: enable_audio_route: apply and update mixer path: low-latency-playback speaker
08-05 19:33:22.298 11113 11113 E RecyclerView: No adapter attached; skipping layout
08-05 19:33:22.301 11113 11113 E RecyclerView: No adapter attached; skipping layout
08-05 19:33:22.324   918   936 I ActivityManager: Displayed baseline.appteam.nith.hillffair/.activities.LeaderBoardActivity: +108ms
08-05 19:33:22.331 13866 13866 I GoogleInputMethodServic: GoogleInputMethodService.onFinishInput():3138 
08-05 19:33:22.333 11113 11113 E RecyclerView: No adapter attached; skipping layout
08-05 19:33:22.333 13866 13866 I GoogleInputMethodServic: GoogleInputMethodService.onStartInput():1808 
08-05 19:33:22.364 11113 11140 D OpenGLRenderer: endAllStagingAnimators on 0x7f7db24800 (RippleDrawable) with handle 0x7f814dd860
08-05 19:33:22.475 11113 11126 I art     : Starting a blocking GC Explicit
08-05 19:33:22.515 11113 11126 I art     : Explicit concurrent mark sweep GC freed 6635(401KB) AllocSpace objects, 1(20KB) LOS objects, 23% free, 52MB/68MB, paused 702us total 39.840ms
08-05 19:33:22.531 11113 11126 I art     : Starting a blocking GC Explicit
08-05 19:33:22.562 11113 11126 I art     : Explicit concurrent mark sweep GC freed 273(11KB) AllocSpace objects, 0(0B) LOS objects, 23% free, 52MB/68MB, paused 666us total 31.114ms
08-05 19:33:22.563   380   380 W SurfaceFlinger: couldn't log to binary event log: overflow.
08-05 19:33:22.574 11113 11126 I art     : Starting a blocking GC Explicit
08-05 19:33:22.600 11113 11126 I art     : Explicit concurrent mark sweep GC freed 5(160B) AllocSpace objects, 0(0B) LOS objects, 23% free, 52MB/68MB, paused 624us total 25.180ms
08-05 19:33:22.610 11113 11126 I art     : Starting a blocking GC Explicit
08-05 19:33:22.635 11113 11126 I art     : Explicit concurrent mark sweep GC freed 5(160B) AllocSpace objects, 0(0B) LOS objects, 23% free, 52MB/68MB, paused 630us total 24.546ms
08-05 19:33:22.646 11113 11126 I art     : Starting a blocking GC Explicit
08-05 19:33:22.671 11113 11126 I art     : Explicit concurrent mark sweep GC freed 6(192B) AllocSpace objects, 0(0B) LOS objects, 23% free, 52MB/68MB, paused 638us total 24.878ms
08-05 19:33:22.780   512  2967 D audio_hw_primary: disable_audio_route: reset and update mixer path: low-latency-playback speaker
08-05 19:33:22.781   512  2967 D audio_hw_primary: disable_snd_device: snd_device(2: speaker)
08-05 19:33:22.789   512  2967 I soundtrigger: audio_extn_sound_trigger_update_device_status: device 0x2 of type 0 for Event 0
08-05 19:33:22.974 11113 11143 I art     : Starting a blocking GC Explicit
08-05 19:33:23.002 11113 11143 I art     : Explicit concurrent mark sweep GC freed 1547(88KB) AllocSpace objects, 1(20KB) LOS objects, 23% free, 52MB/68MB, paused 675us total 28.575ms
08-05 19:33:23.013 11113 11143 I art     : Starting a blocking GC Explicit
08-05 19:33:23.041 11113 11143 I art     : Explicit concurrent mark sweep GC freed 73(2464B) AllocSpace objects, 0(0B) LOS objects, 23% free, 52MB/68MB, paused 842us total 27.281ms
08-05 19:33:23.052 11113 11143 I art     : Starting a blocking GC Explicit
08-05 19:33:23.079 11113 11143 I art     : Explicit concurrent mark sweep GC freed 15(576B) AllocSpace objects, 0(0B) LOS objects, 23% free, 52MB/68MB, paused 658us total 26.073ms
08-05 19:33:23.090 11113 11143 I art     : Starting a blocking GC Explicit
08-05 19:33:23.116 11113 11143 I art     : Explicit concurrent mark sweep GC freed 15(544B) AllocSpace objects, 0(0B) LOS objects, 23% free, 52MB/68MB, paused 658us total 26.214ms
08-05 19:33:23.127 11113 11143 I art     : Starting a blocking GC Explicit
08-05 19:33:23.153 11113 11143 I art     : Explicit concurrent mark sweep GC freed 13(480B) AllocSpace objects, 0(0B) LOS objects, 23% free, 52MB/68MB, paused 629us total 25.968ms
08-05 19:33:23.247 11113 13381 D OkHttp  : --> GET https://api-hillfair-2k16.herokuapp.com/api/app/quiz/leaderboard?from=1 http/1.1
08-05 19:33:23.295 11113 13381 D OkHttp  : <-- 200 OK https://api-hillfair-2k16.herokuapp.com/api/app/quiz/leaderboard?from=1 (47ms, 56744-byte body)
08-05 19:33:23.390 11113 11113 I NAPPA_EXPERIMENTATION: MetricNetworkRequestExecutionTime: REQUEST_DURATION_SYSTEM='1146',REQUEST_DURATION_OKHTTP='47',REQUEST_SYNCHRONOUS='FALSE',RESPONSE_CODE='200',RESPONSE_METHOD='GET',RESPONSE_LENGTH_OKHTTP='56744',RESPONSE_LENGTH_HEADER='56744',REQUEST_PROTOCOL='http/1.1',REQUEST_URL='https://api-hillfair-2k16.herokuapp.com/api/app/quiz/leaderboard?from=1',
08-05 19:33:23.438 11113 11126 I art     : Starting a blocking GC Explicit
08-05 19:33:23.484 11113 11126 I art     : Explicit concurrent mark sweep GC freed 30305(1446KB) AllocSpace objects, 4(220KB) LOS objects, 23% free, 53MB/69MB, paused 724us total 45.046ms
08-05 19:33:23.495 11113 11126 I art     : Starting a blocking GC Explicit
08-05 19:33:23.523 11113 11126 I art     : Explicit concurrent mark sweep GC freed 1077(121KB) AllocSpace objects, 0(0B) LOS objects, 23% free, 53MB/69MB, paused 589us total 27.409ms
08-05 19:33:23.534 11113 11126 I art     : Starting a blocking GC Explicit
08-05 19:33:23.562 11113 11126 I art     : Explicit concurrent mark sweep GC freed 5(192B) AllocSpace objects, 0(0B) LOS objects, 23% free, 53MB/69MB, paused 622us total 28.198ms
08-05 19:33:23.574 11113 11126 I art     : Starting a blocking GC Explicit
08-05 19:33:23.603 11113 11126 I art     : Explicit concurrent mark sweep GC freed 3(96B) AllocSpace objects, 0(0B) LOS objects, 23% free, 53MB/69MB, paused 581us total 29.079ms
08-05 19:33:23.615 11113 11126 I art     : Starting a blocking GC Explicit
08-05 19:33:23.644 11113 11126 I art     : Explicit concurrent mark sweep GC freed 3(96B) AllocSpace objects, 0(0B) LOS objects, 23% free, 53MB/69MB, paused 619us total 29.069ms
08-05 19:33:23.964 11113 11124 I art     : Starting a blocking GC Explicit
08-05 19:33:24.000 11113 11124 I art     : Explicit concurrent mark sweep GC freed 1344(78KB) AllocSpace objects, 1(20KB) LOS objects, 23% free, 53MB/69MB, paused 660us total 35.629ms
08-05 19:33:24.014 11113 11124 I art     : Starting a blocking GC Explicit
08-05 19:33:24.043 11113 11124 I art     : Explicit concurrent mark sweep GC freed 20(704B) AllocSpace objects, 0(0B) LOS objects, 23% free, 53MB/69MB, paused 624us total 29.204ms
08-05 19:33:24.055 11113 11124 I art     : Starting a blocking GC Explicit
08-05 19:33:24.084 11113 11124 I art     : Explicit concurrent mark sweep GC freed 3(96B) AllocSpace objects, 0(0B) LOS objects, 23% free, 53MB/69MB, paused 621us total 28.577ms
08-05 19:33:24.084 11113 11123 I art     : WaitForGcToComplete blocked for 27.358ms for cause HeapTrim
08-05 19:33:24.095 11113 11124 I art     : Starting a blocking GC Explicit
08-05 19:33:24.128 11113 11124 I art     : Explicit concurrent mark sweep GC freed 3(96B) AllocSpace objects, 0(0B) LOS objects, 23% free, 53MB/69MB, paused 660us total 32.283ms
08-05 19:33:24.140 11113 11124 I art     : Starting a blocking GC Explicit
08-05 19:33:24.171 11113 11124 I art     : Explicit concurrent mark sweep GC freed 3(96B) AllocSpace objects, 0(0B) LOS objects, 23% free, 53MB/69MB, paused 641us total 30.664ms
08-05 19:33:24.510 11113 11348 I art     : Starting a blocking GC Explicit
08-05 19:33:24.551 11113 11348 I art     : Explicit concurrent mark sweep GC freed 1344(78KB) AllocSpace objects, 1(20KB) LOS objects, 23% free, 53MB/69MB, paused 687us total 40.890ms
08-05 19:33:24.569 11113 11348 I art     : Starting a blocking GC Explicit
08-05 19:33:24.604 11113 11348 I art     : Explicit concurrent mark sweep GC freed 20(704B) AllocSpace objects, 0(0B) LOS objects, 23% free, 53MB/69MB, paused 632us total 34.866ms
08-05 19:33:24.616 11113 11348 I art     : Starting a blocking GC Explicit
08-05 19:33:24.647 11113 11348 I art     : Explicit concurrent mark sweep GC freed 3(96B) AllocSpace objects, 0(0B) LOS objects, 23% free, 53MB/69MB, paused 748us total 31.010ms
08-05 19:33:24.659 11113 11348 I art     : Starting a blocking GC Explicit
08-05 19:33:24.690 11113 11348 I art     : Explicit concurrent mark sweep GC freed 3(96B) AllocSpace objects, 0(0B) LOS objects, 23% free, 53MB/69MB, paused 606us total 30.110ms
08-05 19:33:24.702 11113 11348 I art     : Starting a blocking GC Explicit
08-05 19:33:24.734 11113 11348 I art     : Explicit concurrent mark sweep GC freed 3(96B) AllocSpace objects, 0(0B) LOS objects, 23% free, 53MB/69MB, paused 611us total 32.181ms
08-05 19:33:24.873  7260  7260 I ServiceManager: Waiting for service AtCmdFwd...
08-05 19:33:25.063 11113 11143 I art     : Starting a blocking GC Explicit
08-05 19:33:25.099 11113 11143 I art     : Explicit concurrent mark sweep GC freed 1344(78KB) AllocSpace objects, 1(20KB) LOS objects, 23% free, 53MB/69MB, paused 707us total 35.425ms
08-05 19:33:25.113 11113 11143 I art     : Starting a blocking GC Explicit
08-05 19:33:25.145 11113 11143 I art     : Explicit concurrent mark sweep GC freed 20(704B) AllocSpace objects, 0(0B) LOS objects, 23% free, 53MB/69MB, paused 628us total 31.654ms
08-05 19:33:25.157 11113 11143 I art     : Starting a blocking GC Explicit
08-05 19:33:25.188 11113 11143 I art     : Explicit concurrent mark sweep GC freed 3(96B) AllocSpace objects, 0(0B) LOS objects, 23% free, 53MB/69MB, paused 602us total 30.229ms
08-05 19:33:25.199 11113 11143 I art     : Starting a blocking GC Explicit
08-05 19:33:25.231 11113 11143 I art     : Explicit concurrent mark sweep GC freed 3(96B) AllocSpace objects, 0(0B) LOS objects, 23% free, 53MB/69MB, paused 637us total 31.646ms
08-05 19:33:25.243 11113 11143 I art     : Starting a blocking GC Explicit
08-05 19:33:25.275 11113 11143 I art     : Explicit concurrent mark sweep GC freed 3(96B) AllocSpace objects, 0(0B) LOS objects, 23% free, 53MB/69MB, paused 603us total 31.723ms
08-05 19:33:25.328 13866 13882 I PeriodicStatsRunner: PeriodicStatsRunner.call():175 call()
08-05 19:33:25.329 13866 13882 I PeriodicStatsRunner: PeriodicStatsRunner.call():179 No submit PeriodicStats since input started.
08-05 19:33:25.638 11113 11126 I art     : Starting a blocking GC Explicit
08-05 19:33:25.680 11113 11126 I art     : Explicit concurrent mark sweep GC freed 1344(78KB) AllocSpace objects, 1(20KB) LOS objects, 23% free, 53MB/69MB, paused 704us total 40.991ms
08-05 19:33:25.696 11113 11126 I art     : Starting a blocking GC Explicit
08-05 19:33:25.726 11113 11126 I art     : Explicit concurrent mark sweep GC freed 20(704B) AllocSpace objects, 0(0B) LOS objects, 23% free, 53MB/69MB, paused 630us total 29.133ms
08-05 19:33:25.737 11113 11126 I art     : Starting a blocking GC Explicit
08-05 19:33:25.770 11113 11126 I art     : Explicit concurrent mark sweep GC freed 3(96B) AllocSpace objects, 0(0B) LOS objects, 23% free, 53MB/69MB, paused 639us total 31.843ms
08-05 19:33:25.782 11113 11126 I art     : Starting a blocking GC Explicit
08-05 19:33:25.812 11113 11126 I art     : Explicit concurrent mark sweep GC freed 3(96B) AllocSpace objects, 0(0B) LOS objects, 23% free, 53MB/69MB, paused 601us total 30.072ms
08-05 19:33:25.824 11113 11126 I art     : Starting a blocking GC Explicit
08-05 19:33:25.856 11113 11126 I art     : Explicit concurrent mark sweep GC freed 3(96B) AllocSpace objects, 0(0B) LOS objects, 23% free, 53MB/69MB, paused 630us total 31.750ms
08-05 19:33:25.874  7260  7260 I ServiceManager: Waiting for service AtCmdFwd...
08-05 19:33:26.202 11113 11124 I art     : Starting a blocking GC Explicit
08-05 19:33:26.237 11113 11124 I art     : Explicit concurrent mark sweep GC freed 1344(78KB) AllocSpace objects, 1(20KB) LOS objects, 23% free, 53MB/69MB, paused 657us total 35.426ms
08-05 19:33:26.251 11113 11124 I art     : Starting a blocking GC Explicit
08-05 19:33:26.283 11113 11124 I art     : Explicit concurrent mark sweep GC freed 20(704B) AllocSpace objects, 0(0B) LOS objects, 23% free, 53MB/69MB, paused 643us total 32.106ms
08-05 19:33:26.295 11113 11124 I art     : Starting a blocking GC Explicit
08-05 19:33:26.325 11113 11124 I art     : Explicit concurrent mark sweep GC freed 3(96B) AllocSpace objects, 0(0B) LOS objects, 23% free, 53MB/69MB, paused 628us total 29.521ms
08-05 19:33:26.337 11113 11124 I art     : Starting a blocking GC Explicit
08-05 19:33:26.369 11113 11124 I art     : Explicit concurrent mark sweep GC freed 3(96B) AllocSpace objects, 0(0B) LOS objects, 23% free, 53MB/69MB, paused 637us total 32.209ms
08-05 19:33:26.381 11113 11124 I art     : Starting a blocking GC Explicit
08-05 19:33:26.412 11113 11124 I art     : Explicit concurrent mark sweep GC freed 3(96B) AllocSpace objects, 0(0B) LOS objects, 23% free, 53MB/69MB, paused 630us total 30.755ms
08-05 19:33:26.702 11113 11348 I art     : Starting a blocking GC Explicit
08-05 19:33:26.738 11113 11348 I art     : Explicit concurrent mark sweep GC freed 1344(78KB) AllocSpace objects, 1(20KB) LOS objects, 23% free, 53MB/69MB, paused 809us total 34.903ms
08-05 19:33:26.752 11113 11348 I art     : Starting a blocking GC Explicit
08-05 19:33:26.783 11113 11348 I art     : Explicit concurrent mark sweep GC freed 20(704B) AllocSpace objects, 0(0B) LOS objects, 23% free, 53MB/69MB, paused 634us total 30.376ms
08-05 19:33:26.795 11113 11348 I art     : Starting a blocking GC Explicit
08-05 19:33:26.825 11113 11348 I art     : Explicit concurrent mark sweep GC freed 3(96B) AllocSpace objects, 0(0B) LOS objects, 23% free, 53MB/69MB, paused 660us total 29.878ms
08-05 19:33:26.837 11113 11348 I art     : Starting a blocking GC Explicit
08-05 19:33:26.868 11113 11348 I art     : Explicit concurrent mark sweep GC freed 3(96B) AllocSpace objects, 0(0B) LOS objects, 23% free, 53MB/69MB, paused 676us total 31.184ms
08-05 19:33:26.875  7260  7260 I ServiceManager: Waiting for service AtCmdFwd...
08-05 19:33:26.880 11113 11348 I art     : Starting a blocking GC Explicit
08-05 19:33:26.909 11113 11348 I art     : Explicit concurrent mark sweep GC freed 3(96B) AllocSpace objects, 0(0B) LOS objects, 23% free, 53MB/69MB, paused 621us total 28.985ms
08-05 19:33:27.023 13465 13465 D AndroidRuntime: >>>>>> START com.android.internal.os.RuntimeInit uid 2000 <<<<<<
08-05 19:33:27.031 13465 13465 D AndroidRuntime: CheckJNI is OFF
08-05 19:33:27.076 13465 13465 D ICU     : No timezone override file found: /data/misc/zoneinfo/current/icu/icu_tzdata.dat
08-05 19:33:27.118 13465 13465 I Radio-JNI: register_android_hardware_Radio DONE
08-05 19:33:27.146 13465 13465 D AndroidRuntime: Calling main entry com.android.commands.input.Input
08-05 19:33:27.148 13465 13465 I Input   : injectKeyEvent: KeyEvent { action=ACTION_DOWN, keyCode=KEYCODE_BACK, scanCode=0, metaState=0, flags=0x0, repeatCount=0, eventTime=819223561, downTime=819223561, deviceId=-1, source=0x101 }
08-05 19:33:27.154 13465 13465 I Input   : injectKeyEvent: KeyEvent { action=ACTION_UP, keyCode=KEYCODE_BACK, scanCode=0, metaState=0, flags=0x0, repeatCount=0, eventTime=819223561, downTime=819223561, deviceId=-1, source=0x101 }
08-05 19:33:27.161 13465 13465 D AndroidRuntime: Shutting down VM
08-05 19:33:27.203 13866 13866 I GoogleInputMethodServic: GoogleInputMethodService.onFinishInput():3138 
08-05 19:33:27.203 13866 13866 I GoogleInputMethodServic: GoogleInputMethodService.onStartInput():1808 
08-05 19:33:27.219 11113 11143 I art     : Starting a blocking GC Explicit
08-05 19:33:27.247 11113 11143 I art     : Explicit concurrent mark sweep GC freed 1486(84KB) AllocSpace objects, 1(20KB) LOS objects, 23% free, 53MB/69MB, paused 612us total 27.009ms
08-05 19:33:27.258 11113 11143 I art     : Starting a blocking GC Explicit
08-05 19:33:27.282 11113 11143 I art     : Explicit concurrent mark sweep GC freed 35(1424B) AllocSpace objects, 0(0B) LOS objects, 23% free, 53MB/69MB, paused 552us total 24ms
08-05 19:33:27.293 11113 11143 I art     : Starting a blocking GC Explicit
08-05 19:33:27.319 11113 11143 I art     : Explicit concurrent mark sweep GC freed 17(528B) AllocSpace objects, 0(0B) LOS objects, 23% free, 53MB/69MB, paused 540us total 26.470ms
08-05 19:33:27.331 11113 11143 I art     : Starting a blocking GC Explicit
08-05 19:33:27.332 13866 13882 I PeriodicStatsRunner: PeriodicStatsRunner.call():175 call()
08-05 19:33:27.332 13866 13882 I PeriodicStatsRunner: PeriodicStatsRunner.call():179 No submit PeriodicStats since input started.
08-05 19:33:27.359 11113 11143 I art     : Explicit concurrent mark sweep GC freed 3(96B) AllocSpace objects, 0(0B) LOS objects, 23% free, 53MB/69MB, paused 593us total 28.537ms
08-05 19:33:27.374 11113 11143 I art     : Starting a blocking GC Explicit
08-05 19:33:27.409 11113 11143 I art     : Explicit concurrent mark sweep GC freed 3(96B) AllocSpace objects, 0(0B) LOS objects, 23% free, 53MB/69MB, paused 599us total 34.655ms
08-05 19:33:27.493   380   380 W SurfaceFlinger: couldn't log to binary event log: overflow.
08-05 19:33:27.688 11113 11348 I art     : Starting a blocking GC Explicit
08-05 19:33:27.724 11113 11348 I art     : Explicit concurrent mark sweep GC freed 1501(89KB) AllocSpace objects, 1(20KB) LOS objects, 23% free, 53MB/69MB, paused 653us total 35.511ms
08-05 19:33:27.738 11113 11348 I art     : Starting a blocking GC Explicit
08-05 19:33:27.767 11113 11348 I art     : Explicit concurrent mark sweep GC freed 4698(269KB) AllocSpace objects, 2(140KB) LOS objects, 23% free, 52MB/68MB, paused 592us total 28.730ms
08-05 19:33:27.778 11113 11348 I art     : Starting a blocking GC Explicit
08-05 19:33:27.805 11113 11348 I art     : Explicit concurrent mark sweep GC freed 3(96B) AllocSpace objects, 0(0B) LOS objects, 23% free, 52MB/68MB, paused 557us total 26.837ms
08-05 19:33:27.817 11113 11348 I art     : Starting a blocking GC Explicit
08-05 19:33:27.844 11113 11348 I art     : Explicit concurrent mark sweep GC freed 3(96B) AllocSpace objects, 0(0B) LOS objects, 23% free, 52MB/68MB, paused 634us total 26.959ms
08-05 19:33:27.855 11113 11348 I art     : Starting a blocking GC Explicit
08-05 19:33:27.875  7260  7260 I ServiceManager: Waiting for service AtCmdFwd...
08-05 19:33:27.882 11113 11348 I art     : Explicit concurrent mark sweep GC freed 3(96B) AllocSpace objects, 0(0B) LOS objects, 23% free, 52MB/68MB, paused 590us total 27.053ms
08-05 19:33:28.182 11113 11126 I art     : Starting a blocking GC Explicit
08-05 19:33:28.214 11113 11126 I art     : Explicit concurrent mark sweep GC freed 1344(78KB) AllocSpace objects, 1(20KB) LOS objects, 23% free, 52MB/68MB, paused 634us total 32.033ms
08-05 19:33:28.227 11113 11126 I art     : Starting a blocking GC Explicit
08-05 19:33:28.254 11113 11126 I art     : Explicit concurrent mark sweep GC freed 20(704B) AllocSpace objects, 0(0B) LOS objects, 23% free, 52MB/68MB, paused 594us total 27.205ms
08-05 19:33:28.265 11113 11126 I art     : Starting a blocking GC Explicit
08-05 19:33:28.292 11113 11126 I art     : Explicit concurrent mark sweep GC freed 3(96B) AllocSpace objects, 0(0B) LOS objects, 23% free, 52MB/68MB, paused 601us total 26.822ms
08-05 19:33:28.304 11113 11126 I art     : Starting a blocking GC Explicit
08-05 19:33:28.331 11113 11126 I art     : Explicit concurrent mark sweep GC freed 3(96B) AllocSpace objects, 0(0B) LOS objects, 23% free, 52MB/68MB, paused 596us total 27.291ms
08-05 19:33:28.343 11113 11126 I art     : Starting a blocking GC Explicit
08-05 19:33:28.370 11113 11126 I art     : Explicit concurrent mark sweep GC freed 3(96B) AllocSpace objects, 0(0B) LOS objects, 23% free, 52MB/68MB, paused 595us total 27.165ms
08-05 19:33:28.661 11113 11124 I art     : Starting a blocking GC Explicit
08-05 19:33:28.689 11113 11124 I art     : Explicit concurrent mark sweep GC freed 1343(78KB) AllocSpace objects, 1(20KB) LOS objects, 23% free, 52MB/68MB, paused 686us total 26.941ms
08-05 19:33:28.703 11113 11124 I art     : Starting a blocking GC Explicit
08-05 19:33:28.730 11113 11124 I art     : Explicit concurrent mark sweep GC freed 20(704B) AllocSpace objects, 0(0B) LOS objects, 23% free, 52MB/68MB, paused 635us total 27.387ms
08-05 19:33:28.742 11113 11124 I art     : Starting a blocking GC Explicit
08-05 19:33:28.770 11113 11124 I art     : Explicit concurrent mark sweep GC freed 3(96B) AllocSpace objects, 0(0B) LOS objects, 23% free, 52MB/68MB, paused 611us total 27.870ms
08-05 19:33:28.781 11113 11124 I art     : Starting a blocking GC Explicit
08-05 19:33:28.807 11113 11124 I art     : Explicit concurrent mark sweep GC freed 5(160B) AllocSpace objects, 0(0B) LOS objects, 23% free, 52MB/68MB, paused 596us total 26.141ms
08-05 19:33:28.821 11113 11124 I art     : Starting a blocking GC Explicit
08-05 19:33:28.849 11113 11124 I art     : Explicit concurrent mark sweep GC freed 8(256B) AllocSpace objects, 0(0B) LOS objects, 23% free, 52MB/68MB, paused 580us total 27.362ms
08-05 19:33:28.876  7260  7260 I ServiceManager: Waiting for service AtCmdFwd...
08-05 19:33:28.946 13519 13519 D AndroidRuntime: >>>>>> START com.android.internal.os.RuntimeInit uid 2000 <<<<<<
08-05 19:33:28.952 13519 13519 D AndroidRuntime: CheckJNI is OFF
08-05 19:33:28.995 13519 13519 D ICU     : No timezone override file found: /data/misc/zoneinfo/current/icu/icu_tzdata.dat
08-05 19:33:29.038 13519 13519 I Radio-JNI: register_android_hardware_Radio DONE
08-05 19:33:29.066 13519 13519 D AndroidRuntime: Calling main entry com.android.commands.input.Input
08-05 19:33:29.068 13519 13519 I Input   : injectKeyEvent: KeyEvent { action=ACTION_DOWN, keyCode=KEYCODE_BACK, scanCode=0, metaState=0, flags=0x0, repeatCount=0, eventTime=819225481, downTime=819225481, deviceId=-1, source=0x101 }
08-05 19:33:29.073 13519 13519 I Input   : injectKeyEvent: KeyEvent { action=ACTION_UP, keyCode=KEYCODE_BACK, scanCode=0, metaState=0, flags=0x0, repeatCount=0, eventTime=819225481, downTime=819225481, deviceId=-1, source=0x101 }
08-05 19:33:29.078 13519 13519 D AndroidRuntime: Shutting down VM
08-05 19:33:29.123 13866 13866 I GoogleInputMethodServic: GoogleInputMethodService.onFinishInput():3138 
08-05 19:33:29.123 13866 13866 I GoogleInputMethodServic: GoogleInputMethodService.onStartInput():1808 
08-05 19:33:29.168 11113 11124 I art     : Starting a blocking GC Explicit
08-05 19:33:29.192 11113 11124 I art     : Explicit concurrent mark sweep GC freed 1566(87KB) AllocSpace objects, 1(20KB) LOS objects, 23% free, 52MB/68MB, paused 593us total 24.408ms
08-05 19:33:29.202 11113 11124 I art     : Starting a blocking GC Explicit
08-05 19:33:29.226 11113 11124 I art     : Explicit concurrent mark sweep GC freed 24(864B) AllocSpace objects, 0(0B) LOS objects, 23% free, 52MB/68MB, paused 557us total 22.995ms
08-05 19:33:29.239 11113 11124 I art     : Starting a blocking GC Explicit
08-05 19:33:29.263 11113 11124 I art     : Explicit concurrent mark sweep GC freed 3(96B) AllocSpace objects, 0(0B) LOS objects, 23% free, 52MB/68MB, paused 537us total 23.902ms
08-05 19:33:29.275 11113 11124 I art     : Starting a blocking GC Explicit
08-05 19:33:29.297 11113 11124 I art     : Explicit concurrent mark sweep GC freed 3(96B) AllocSpace objects, 0(0B) LOS objects, 23% free, 52MB/68MB, paused 564us total 22.644ms
08-05 19:33:29.308 11113 11124 I art     : Starting a blocking GC Explicit
08-05 19:33:29.331 11113 11124 I art     : Explicit concurrent mark sweep GC freed 3(96B) AllocSpace objects, 0(0B) LOS objects, 23% free, 52MB/68MB, paused 557us total 22.970ms
08-05 19:33:29.412   380   380 W SurfaceFlinger: couldn't log to binary event log: overflow.
08-05 19:33:29.613 11113 11348 I art     : Starting a blocking GC Explicit
08-05 19:33:29.638 11113 11348 I art     : Explicit concurrent mark sweep GC freed 1461(87KB) AllocSpace objects, 1(20KB) LOS objects, 23% free, 52MB/68MB, paused 660us total 25.236ms
08-05 19:33:29.649 11113 11348 I art     : Starting a blocking GC Explicit
08-05 19:33:29.673 11113 11348 I art     : Explicit concurrent mark sweep GC freed 2096(122KB) AllocSpace objects, 3(340KB) LOS objects, 23% free, 52MB/68MB, paused 592us total 24.423ms
08-05 19:33:29.684 11113 11348 I art     : Starting a blocking GC Explicit
08-05 19:33:29.709 11113 11348 I art     : Explicit concurrent mark sweep GC freed 3(96B) AllocSpace objects, 0(0B) LOS objects, 23% free, 52MB/68MB, paused 662us total 25.118ms
08-05 19:33:29.720 11113 11348 I art     : Starting a blocking GC Explicit
08-05 19:33:29.745 11113 11348 I art     : Explicit concurrent mark sweep GC freed 3(96B) AllocSpace objects, 0(0B) LOS objects, 23% free, 52MB/68MB, paused 579us total 24.717ms
08-05 19:33:29.756 11113 11348 I art     : Starting a blocking GC Explicit
08-05 19:33:29.781 11113 11348 I art     : Explicit concurrent mark sweep GC freed 3(96B) AllocSpace objects, 0(0B) LOS objects, 23% free, 52MB/68MB, paused 589us total 25.340ms
08-05 19:33:29.876  7260  7260 W Atfwd_Sendcmd: AtCmdFwd service not published, waiting... retryCnt : 2
08-05 19:33:30.085 11113 11126 I art     : Starting a blocking GC Explicit
08-05 19:33:30.117 11113 11126 I art     : Explicit concurrent mark sweep GC freed 1343(78KB) AllocSpace objects, 1(20KB) LOS objects, 23% free, 52MB/68MB, paused 636us total 31.643ms
08-05 19:33:30.132 11113 11126 I art     : Starting a blocking GC Explicit
08-05 19:33:30.158 11113 11126 I art     : Explicit concurrent mark sweep GC freed 20(704B) AllocSpace objects, 0(0B) LOS objects, 23% free, 52MB/68MB, paused 635us total 26.046ms
08-05 19:33:30.169 11113 11126 I art     : Starting a blocking GC Explicit
08-05 19:33:30.195 11113 11126 I art     : Explicit concurrent mark sweep GC freed 3(96B) AllocSpace objects, 0(0B) LOS objects, 23% free, 52MB/68MB, paused 596us total 26.129ms
08-05 19:33:30.207 11113 11126 I art     : Starting a blocking GC Explicit
08-05 19:33:30.232 11113 11126 I art     : Explicit concurrent mark sweep GC freed 3(96B) AllocSpace objects, 0(0B) LOS objects, 23% free, 52MB/68MB, paused 617us total 25.669ms
08-05 19:33:30.243 11113 11126 I art     : Starting a blocking GC Explicit
08-05 19:33:30.270 11113 11126 I art     : Explicit concurrent mark sweep GC freed 3(96B) AllocSpace objects, 0(0B) LOS objects, 23% free, 52MB/68MB, paused 595us total 26.204ms
08-05 19:33:30.288   918  3261 D WifiStateMachine: starting scan for "H369AA63323"WPA_PSK with 2412,5180
08-05 19:33:30.565 11113 11124 I art     : Starting a blocking GC Explicit
08-05 19:33:30.595 11113 11124 I art     : Explicit concurrent mark sweep GC freed 1341(78KB) AllocSpace objects, 1(20KB) LOS objects, 23% free, 52MB/68MB, paused 608us total 29.525ms
08-05 19:33:30.606 11113 11124 I art     : Starting a blocking GC Explicit
08-05 19:33:30.632 11113 11124 I art     : Explicit concurrent mark sweep GC freed 20(704B) AllocSpace objects, 0(0B) LOS objects, 23% free, 52MB/68MB, paused 584us total 26.278ms
08-05 19:33:30.643 11113 11124 I art     : Starting a blocking GC Explicit
08-05 19:33:30.670 11113 11124 I art     : Explicit concurrent mark sweep GC freed 3(96B) AllocSpace objects, 0(0B) LOS objects, 23% free, 52MB/68MB, paused 609us total 26.549ms
08-05 19:33:30.681 11113 11124 I art     : Starting a blocking GC Explicit
08-05 19:33:30.709 11113 11124 I art     : Explicit concurrent mark sweep GC freed 3(96B) AllocSpace objects, 0(0B) LOS objects, 23% free, 52MB/68MB, paused 633us total 27.954ms
08-05 19:33:30.720 11113 11124 I art     : Starting a blocking GC Explicit
08-05 19:33:30.748 11113 11124 I art     : Explicit concurrent mark sweep GC freed 3(96B) AllocSpace objects, 0(0B) LOS objects, 23% free, 52MB/68MB, paused 676us total 27.098ms
08-05 19:33:30.869 13574 13574 D AndroidRuntime: >>>>>> START com.android.internal.os.RuntimeInit uid 2000 <<<<<<
08-05 19:33:30.876 13574 13574 D AndroidRuntime: CheckJNI is OFF
08-05 19:33:30.924 13574 13574 D ICU     : No timezone override file found: /data/misc/zoneinfo/current/icu/icu_tzdata.dat
08-05 19:33:30.969 13574 13574 I Radio-JNI: register_android_hardware_Radio DONE
08-05 19:33:30.998 13574 13574 D AndroidRuntime: Calling main entry com.android.commands.input.Input
08-05 19:33:31.000 13574 13574 I Input   : injectMotionEvent: MotionEvent { action=ACTION_DOWN, actionButton=0, id[0]=0, x[0]=1053.0, y[0]=1173.0, toolType[0]=TOOL_TYPE_UNKNOWN, buttonState=0, metaState=0, flags=0x0, edgeFlags=0x0, pointerCount=1, historySize=0, eventTime=819227413, downTime=819227413, deviceId=0, source=0x1002 }
08-05 19:33:31.004 13574 13574 I Input   : injectMotionEvent: MotionEvent { action=ACTION_UP, actionButton=0, id[0]=0, x[0]=1053.0, y[0]=1173.0, toolType[0]=TOOL_TYPE_UNKNOWN, buttonState=0, metaState=0, flags=0x0, edgeFlags=0x0, pointerCount=1, historySize=0, eventTime=819227413, downTime=819227413, deviceId=0, source=0x1002 }
08-05 19:33:31.006   918   928 I ActivityManager: START u0 {cmp=baseline.appteam.nith.hillffair/.activities.QuizActivity} from uid 10675 on display 0
08-05 19:33:31.014 13574 13574 D AndroidRuntime: Shutting down VM
08-05 19:33:31.068 11113 11348 I art     : Starting a blocking GC Explicit
08-05 19:33:31.094 11113 11348 I art     : Explicit concurrent mark sweep GC freed 2009(128KB) AllocSpace objects, 1(20KB) LOS objects, 23% free, 52MB/68MB, paused 1.037ms total 25.819ms
08-05 19:33:31.107 11113 11348 I art     : Starting a blocking GC Explicit
08-05 19:33:31.113   918   936 I ActivityManager: Displayed baseline.appteam.nith.hillffair/.activities.QuizActivity: +97ms
08-05 19:33:31.115 13866 13866 I GoogleInputMethodServic: GoogleInputMethodService.onFinishInput():3138 
08-05 19:33:31.117 13866 13866 I GoogleInputMethodServic: GoogleInputMethodService.onStartInput():1808 
08-05 19:33:31.132 11113 11348 I art     : Explicit concurrent mark sweep GC freed 286(12KB) AllocSpace objects, 0(0B) LOS objects, 23% free, 52MB/68MB, paused 651us total 24.260ms
08-05 19:33:31.144 11113 11348 I art     : Starting a blocking GC Explicit
08-05 19:33:31.168 11113 11348 I art     : Explicit concurrent mark sweep GC freed 13(512B) AllocSpace objects, 0(0B) LOS objects, 23% free, 52MB/68MB, paused 564us total 23.219ms
08-05 19:33:31.178 11113 11348 I art     : Starting a blocking GC Explicit
08-05 19:33:31.201 11113 11348 I art     : Explicit concurrent mark sweep GC freed 30(1248B) AllocSpace objects, 0(0B) LOS objects, 23% free, 52MB/68MB, paused 539us total 22.859ms
08-05 19:33:31.211 11113 11348 I art     : Starting a blocking GC Explicit
08-05 19:33:31.234 11113 11348 I art     : Explicit concurrent mark sweep GC freed 3(96B) AllocSpace objects, 0(0B) LOS objects, 23% free, 52MB/68MB, paused 562us total 23.213ms
08-05 19:33:31.348   380   380 W SurfaceFlinger: couldn't log to binary event log: overflow.
08-05 19:33:31.507 11113 11348 I art     : Starting a blocking GC Explicit
08-05 19:33:31.531 11113 11348 I art     : Explicit concurrent mark sweep GC freed 1413(82KB) AllocSpace objects, 1(20KB) LOS objects, 23% free, 52MB/68MB, paused 562us total 23.586ms
08-05 19:33:31.542 11113 11348 I art     : Starting a blocking GC Explicit
08-05 19:33:31.568 11113 11348 I art     : Explicit concurrent mark sweep GC freed 20(704B) AllocSpace objects, 0(0B) LOS objects, 23% free, 52MB/68MB, paused 621us total 25.817ms
08-05 19:33:31.579 11113 11348 I art     : Starting a blocking GC Explicit
08-05 19:33:31.604 11113 11348 I art     : Explicit concurrent mark sweep GC freed 3(96B) AllocSpace objects, 0(0B) LOS objects, 23% free, 52MB/68MB, paused 574us total 25.374ms
08-05 19:33:31.615 11113 11348 I art     : Starting a blocking GC Explicit
08-05 19:33:31.641 11113 11348 I art     : Explicit concurrent mark sweep GC freed 3(96B) AllocSpace objects, 0(0B) LOS objects, 23% free, 52MB/68MB, paused 560us total 25.692ms
08-05 19:33:31.652 11113 11348 I art     : Starting a blocking GC Explicit
08-05 19:33:31.679 11113 11348 I art     : Explicit concurrent mark sweep GC freed 3(96B) AllocSpace objects, 0(0B) LOS objects, 23% free, 52MB/68MB, paused 588us total 26.767ms
08-05 19:33:31.985 11113 11126 I art     : Starting a blocking GC Explicit
08-05 19:33:32.018 11113 11126 I art     : Explicit concurrent mark sweep GC freed 1343(78KB) AllocSpace objects, 1(20KB) LOS objects, 23% free, 52MB/68MB, paused 855us total 32.725ms
08-05 19:33:32.032 11113 11126 I art     : Starting a blocking GC Explicit
08-05 19:33:32.059 11113 11126 I art     : Explicit concurrent mark sweep GC freed 20(704B) AllocSpace objects, 0(0B) LOS objects, 23% free, 52MB/68MB, paused 595us total 26.963ms
08-05 19:33:32.070 11113 11126 I art     : Starting a blocking GC Explicit
08-05 19:33:32.096 11113 11126 I art     : Explicit concurrent mark sweep GC freed 3(96B) AllocSpace objects, 0(0B) LOS objects, 23% free, 52MB/68MB, paused 579us total 25.708ms
08-05 19:33:32.107 11113 11126 I art     : Starting a blocking GC Explicit
08-05 19:33:32.135 11113 11126 I art     : Explicit concurrent mark sweep GC freed 3(96B) AllocSpace objects, 0(0B) LOS objects, 23% free, 52MB/68MB, paused 599us total 27.248ms
08-05 19:33:32.146 11113 11126 I art     : Starting a blocking GC Explicit
08-05 19:33:32.174 11113 11126 I art     : Explicit concurrent mark sweep GC freed 3(96B) AllocSpace objects, 0(0B) LOS objects, 23% free, 52MB/68MB, paused 599us total 27.105ms
08-05 19:33:32.203 13866 13882 I PeriodicStatsRunner: PeriodicStatsRunner.call():175 call()
08-05 19:33:32.203 13866 13882 I PeriodicStatsRunner: PeriodicStatsRunner.call():179 No submit PeriodicStats since input started.
08-05 19:33:32.475 11113 11124 I art     : Starting a blocking GC Explicit
08-05 19:33:32.510 11113 11124 I art     : Explicit concurrent mark sweep GC freed 1343(78KB) AllocSpace objects, 1(20KB) LOS objects, 23% free, 52MB/68MB, paused 677us total 34.051ms
08-05 19:33:32.527 11113 11124 I art     : Starting a blocking GC Explicit
08-05 19:33:32.553 11113 11124 I art     : Explicit concurrent mark sweep GC freed 20(704B) AllocSpace objects, 0(0B) LOS objects, 23% free, 52MB/68MB, paused 594us total 26.476ms
08-05 19:33:32.565 11113 11124 I art     : Starting a blocking GC Explicit
08-05 19:33:32.592 11113 11124 I art     : Explicit concurrent mark sweep GC freed 3(96B) AllocSpace objects, 0(0B) LOS objects, 23% free, 52MB/68MB, paused 605us total 27.090ms
08-05 19:33:32.603 11113 11124 I art     : Starting a blocking GC Explicit
08-05 19:33:32.630 11113 11124 I art     : Explicit concurrent mark sweep GC freed 3(96B) AllocSpace objects, 0(0B) LOS objects, 23% free, 52MB/68MB, paused 600us total 27.047ms
08-05 19:33:32.642 11113 11124 I art     : Starting a blocking GC Explicit
08-05 19:33:32.670 11113 11124 I art     : Explicit concurrent mark sweep GC freed 4(128B) AllocSpace objects, 0(0B) LOS objects, 23% free, 52MB/68MB, paused 652us total 27.726ms
08-05 19:33:32.993 11113 11348 I art     : Starting a blocking GC Explicit
08-05 19:33:33.023 11113 11348 I art     : Explicit concurrent mark sweep GC freed 1796(101KB) AllocSpace objects, 1(20KB) LOS objects, 23% free, 52MB/68MB, paused 1.759ms total 29.752ms
08-05 19:33:33.038 11113 11348 I art     : Starting a blocking GC Explicit
08-05 19:33:33.066 11113 11348 I art     : Explicit concurrent mark sweep GC freed 1857(73KB) AllocSpace objects, 0(0B) LOS objects, 23% free, 52MB/68MB, paused 678us total 27.642ms
08-05 19:33:33.077 11113 11348 I art     : Starting a blocking GC Explicit
08-05 19:33:33.087 11113 13643 W OneSignal: OneSignalRestClient: POST Error thrown from network stack. 
08-05 19:33:33.087 11113 13643 W OneSignal: java.io.IOException: unexpected end of stream on Connection{api.onesignal.com:443, proxy=HTTP@192.168.2.12:8080 hostAddress=192.168.2.12 cipherSuite=TLS_ECDHE_RSA_WITH_AES_128_GCM_SHA256 protocol=http/1.1} (recycle count=0)
08-05 19:33:33.087 11113 13643 W OneSignal: 	at com.android.okhttp.internal.http.HttpConnection.readResponse(HttpConnection.java:210)
08-05 19:33:33.087 11113 13643 W OneSignal: 	at com.android.okhttp.internal.http.HttpTransport.readResponseHeaders(HttpTransport.java:80)
08-05 19:33:33.087 11113 13643 W OneSignal: 	at com.android.okhttp.internal.http.HttpEngine.readNetworkResponse(HttpEngine.java:904)
08-05 19:33:33.087 11113 13643 W OneSignal: 	at com.android.okhttp.internal.http.HttpEngine.readResponse(HttpEngine.java:788)
08-05 19:33:33.087 11113 13643 W OneSignal: 	at com.android.okhttp.internal.huc.HttpURLConnectionImpl.execute(HttpURLConnectionImpl.java:439)
08-05 19:33:33.087 11113 13643 W OneSignal: 	at com.android.okhttp.internal.huc.HttpURLConnectionImpl.getResponse(HttpURLConnectionImpl.java:384)
08-05 19:33:33.087 11113 13643 W OneSignal: 	at com.android.okhttp.internal.huc.HttpURLConnectionImpl.getResponseCode(HttpURLConnectionImpl.java:497)
08-05 19:33:33.087 11113 13643 W OneSignal: 	at com.android.okhttp.internal.huc.DelegatingHttpsURLConnection.getResponseCode(DelegatingHttpsURLConnection.java:105)
08-05 19:33:33.087 11113 13643 W OneSignal: 	at com.android.okhttp.internal.huc.HttpsURLConnectionImpl.getResponseCode(HttpsURLConnectionImpl.java)
08-05 19:33:33.087 11113 13643 W OneSignal: 	at com.onesignal.OneSignalRestClient.startHTTPConnection(OneSignalRestClient.java:180)
08-05 19:33:33.087 11113 13643 W OneSignal: 	at com.onesignal.OneSignalRestClient.access$100(OneSignalRestClient.java:44)
08-05 19:33:33.087 11113 13643 W OneSignal: 	at com.onesignal.OneSignalRestClient$4.run(OneSignalRestClient.java:110)
08-05 19:33:33.087 11113 13643 W OneSignal: 	at java.lang.Thread.run(Thread.java:818)
08-05 19:33:33.087 11113 13643 W OneSignal: Caused by: java.io.EOFException: \n not found: size=0 content=...
08-05 19:33:33.087 11113 13643 W OneSignal: 	at com.android.okhttp.okio.RealBufferedSource.readUtf8LineStrict(RealBufferedSource.java:200)
08-05 19:33:33.087 11113 13643 W OneSignal: 	at com.android.okhttp.internal.http.HttpConnection.readResponse(HttpConnection.java:191)
08-05 19:33:33.087 11113 13643 W OneSignal: 	... 12 more
08-05 19:33:33.089 11113 13648 W OneSignal: Failed last request. statusCode: -1
08-05 19:33:33.089 11113 13648 W OneSignal: response: null
08-05 19:33:33.104 11113 11348 I art     : Explicit concurrent mark sweep GC freed 214(49KB) AllocSpace objects, 0(0B) LOS objects, 23% free, 52MB/68MB, paused 650us total 27.159ms
08-05 19:33:33.115 11113 11348 I art     : Starting a blocking GC Explicit
08-05 19:33:33.144 11113 11348 I art     : Explicit concurrent mark sweep GC freed 237(25KB) AllocSpace objects, 0(0B) LOS objects, 23% free, 52MB/68MB, paused 594us total 28.548ms
08-05 19:33:33.155 11113 11348 I art     : Starting a blocking GC Explicit
08-05 19:33:33.184 11113 11348 I art     : Explicit concurrent mark sweep GC freed 3(96B) AllocSpace objects, 0(0B) LOS objects, 23% free, 52MB/68MB, paused 614us total 28.892ms
08-05 19:33:33.466 11113 11143 I art     : Starting a blocking GC Explicit
08-05 19:33:33.496 11113 11143 I art     : Explicit concurrent mark sweep GC freed 1343(78KB) AllocSpace objects, 1(20KB) LOS objects, 23% free, 52MB/68MB, paused 583us total 29.360ms
08-05 19:33:33.511 11113 11143 I art     : Starting a blocking GC Explicit
08-05 19:33:33.539 11113 11143 I art     : Explicit concurrent mark sweep GC freed 20(704B) AllocSpace objects, 0(0B) LOS objects, 23% free, 52MB/68MB, paused 593us total 27.858ms
08-05 19:33:33.550 11113 11143 I art     : Starting a blocking GC Explicit
08-05 19:33:33.575 11113 11143 I art     : Explicit concurrent mark sweep GC freed 3(96B) AllocSpace objects, 0(0B) LOS objects, 23% free, 52MB/68MB, paused 587us total 24.982ms
08-05 19:33:33.586 11113 11143 I art     : Starting a blocking GC Explicit
08-05 19:33:33.612 11113 11143 I art     : Explicit concurrent mark sweep GC freed 3(96B) AllocSpace objects, 0(0B) LOS objects, 23% free, 52MB/68MB, paused 633us total 25.606ms
08-05 19:33:33.623 11113 11143 I art     : Starting a blocking GC Explicit
08-05 19:33:33.649 11113 11143 I art     : Explicit concurrent mark sweep GC freed 3(96B) AllocSpace objects, 0(0B) LOS objects, 23% free, 52MB/68MB, paused 616us total 25.793ms
08-05 19:33:33.846 13649 13649 D AndroidRuntime: >>>>>> START com.android.internal.os.RuntimeInit uid 2000 <<<<<<
08-05 19:33:33.853 13649 13649 D AndroidRuntime: CheckJNI is OFF
08-05 19:33:33.894 13649 13649 D ICU     : No timezone override file found: /data/misc/zoneinfo/current/icu/icu_tzdata.dat
08-05 19:33:33.936 13649 13649 I Radio-JNI: register_android_hardware_Radio DONE
08-05 19:33:33.967 13649 13649 D AndroidRuntime: Calling main entry com.android.commands.input.Input
08-05 19:33:33.968 13649 13649 I Input   : injectMotionEvent: MotionEvent { action=ACTION_DOWN, actionButton=0, id[0]=0, x[0]=756.0, y[0]=1530.0, toolType[0]=TOOL_TYPE_UNKNOWN, buttonState=0, metaState=0, flags=0x0, edgeFlags=0x0, pointerCount=1, historySize=0, eventTime=819230381, downTime=819230381, deviceId=0, source=0x1002 }
08-05 19:33:33.973 13649 13649 I Input   : injectMotionEvent: MotionEvent { action=ACTION_UP, actionButton=0, id[0]=0, x[0]=756.0, y[0]=1530.0, toolType[0]=TOOL_TYPE_UNKNOWN, buttonState=0, metaState=0, flags=0x0, edgeFlags=0x0, pointerCount=1, historySize=0, eventTime=819230381, downTime=819230381, deviceId=0, source=0x1002 }
08-05 19:33:33.975 13649 13649 D AndroidRuntime: Shutting down VM
08-05 19:33:33.982 11113 11124 I art     : Starting a blocking GC Explicit
08-05 19:33:33.986   918   929 I ActivityManager: START u0 {cmp=baseline.appteam.nith.hillffair/.activities.LeaderBoardActivity} from uid 10675 on display 0
08-05 19:33:33.988   512  2967 D audio_hw_primary: out_set_parameters: enter: usecase(1: low-latency-playback) kvpairs: routing=2
08-05 19:33:34.001   512  2967 D audio_hw_primary: select_devices: out_snd_device(2: speaker) in_snd_device(0: none)
08-05 19:33:34.002   512  2967 D msm8974_platform: platform_send_audio_calibration: sending audio calibration for snd_device(2) acdb_id(15)
08-05 19:33:34.002   512  2967 I soundtrigger: audio_extn_sound_trigger_update_device_status: device 0x2 of type 0 for Event 1
08-05 19:33:34.014 11113 11124 I art     : Explicit concurrent mark sweep GC freed 1487(85KB) AllocSpace objects, 1(20KB) LOS objects, 23% free, 52MB/68MB, paused 721us total 31.500ms
08-05 19:33:34.018   512  2967 D audio_hw_primary: enable_snd_device: snd_device(2: speaker)
08-05 19:33:34.020   512  2967 D audio_hw_primary: enable_audio_route: apply and update mixer path: low-latency-playback speaker
08-05 19:33:34.026 11113 11124 I art     : Starting a blocking GC Explicit
08-05 19:33:34.053 11113 11124 I art     : Explicit concurrent mark sweep GC freed 4918(293KB) AllocSpace objects, 0(0B) LOS objects, 23% free, 52MB/68MB, paused 1.072ms total 27.069ms
08-05 19:33:34.064 11113 11124 I art     : Starting a blocking GC Explicit
08-05 19:33:34.090 11113 11124 I art     : Explicit concurrent mark sweep GC freed 251(22KB) AllocSpace objects, 0(0B) LOS objects, 23% free, 52MB/68MB, paused 656us total 25.557ms
08-05 19:33:34.090 11113 11113 E RecyclerView: No adapter attached; skipping layout
08-05 19:33:34.094 11113 11113 E RecyclerView: No adapter attached; skipping layout
08-05 19:33:34.103 11113 11124 I art     : Starting a blocking GC Explicit
08-05 19:33:34.115 13866 13866 I GoogleInputMethodServic: GoogleInputMethodService.onFinishInput():3138 
08-05 19:33:34.116   918   936 I ActivityManager: Displayed baseline.appteam.nith.hillffair/.activities.LeaderBoardActivity: +119ms
08-05 19:33:34.117 13866 13866 I GoogleInputMethodServic: GoogleInputMethodService.onStartInput():1808 
08-05 19:33:34.118 11113 11113 E RecyclerView: No adapter attached; skipping layout
08-05 19:33:34.123 13866 13882 I PeriodicStatsRunner: PeriodicStatsRunner.call():175 call()
08-05 19:33:34.124 13866 13882 I PeriodicStatsRunner: PeriodicStatsRunner.call():179 No submit PeriodicStats since input started.
08-05 19:33:34.133 11113 11124 I art     : Explicit concurrent mark sweep GC freed 160(6KB) AllocSpace objects, 0(0B) LOS objects, 23% free, 52MB/68MB, paused 817us total 29.160ms
08-05 19:33:34.137 11113 11140 D OpenGLRenderer: endAllStagingAnimators on 0x7f7d62c400 (RippleDrawable) with handle 0x7f7d62f660
08-05 19:33:34.144 11113 11124 I art     : Starting a blocking GC Explicit
08-05 19:33:34.171 11113 11124 I art     : Explicit concurrent mark sweep GC freed 41(1856B) AllocSpace objects, 0(0B) LOS objects, 23% free, 52MB/68MB, paused 670us total 26.254ms
08-05 19:33:34.367   380   380 W SurfaceFlinger: couldn't log to binary event log: overflow.
08-05 19:33:34.441 11113 11143 I art     : Starting a blocking GC Explicit
08-05 19:33:34.466 11113 11143 I art     : Explicit concurrent mark sweep GC freed 1460(85KB) AllocSpace objects, 1(20KB) LOS objects, 23% free, 52MB/68MB, paused 689us total 25.046ms
08-05 19:33:34.476 11113 11143 I art     : Starting a blocking GC Explicit
08-05 19:33:34.501 11113 11143 I art     : Explicit concurrent mark sweep GC freed 110(6KB) AllocSpace objects, 0(0B) LOS objects, 23% free, 52MB/68MB, paused 596us total 23.991ms
08-05 19:33:34.513 11113 11143 I art     : Starting a blocking GC Explicit
08-05 19:33:34.538 11113 11143 I art     : Explicit concurrent mark sweep GC freed 85(3KB) AllocSpace objects, 0(0B) LOS objects, 23% free, 52MB/68MB, paused 605us total 25.395ms
08-05 19:33:34.549 11113 11143 I art     : Starting a blocking GC Explicit
08-05 19:33:34.558   512  2967 D audio_hw_primary: disable_audio_route: reset and update mixer path: low-latency-playback speaker
08-05 19:33:34.559   512  2967 D audio_hw_primary: disable_snd_device: snd_device(2: speaker)
08-05 19:33:34.567   512  2967 I soundtrigger: audio_extn_sound_trigger_update_device_status: device 0x2 of type 0 for Event 0
08-05 19:33:34.575 11113 11143 I art     : Explicit concurrent mark sweep GC freed 23(800B) AllocSpace objects, 0(0B) LOS objects, 23% free, 52MB/68MB, paused 636us total 25.414ms
08-05 19:33:34.586 11113 11143 I art     : Starting a blocking GC Explicit
08-05 19:33:34.612 11113 11143 I art     : Explicit concurrent mark sweep GC freed 13(480B) AllocSpace objects, 0(0B) LOS objects, 23% free, 52MB/68MB, paused 640us total 26.207ms
08-05 19:33:34.905 11113 11348 I art     : Starting a blocking GC Explicit
08-05 19:33:34.911 11113 13682 D OkHttp  : --> GET https://api-hillfair-2k16.herokuapp.com/api/app/quiz/leaderboard?from=1 http/1.1
08-05 19:33:34.935 11113 11348 I art     : Explicit concurrent mark sweep GC freed 3998(214KB) AllocSpace objects, 4(220KB) LOS objects, 23% free, 53MB/69MB, paused 676us total 29.492ms
08-05 19:33:34.946 11113 11348 I art     : Starting a blocking GC Explicit
08-05 19:33:34.950 11113 13682 D OkHttp  : <-- 200 OK https://api-hillfair-2k16.herokuapp.com/api/app/quiz/leaderboard?from=1 (39ms, 56744-byte body)
08-05 19:33:34.974 11113 11348 I art     : Explicit concurrent mark sweep GC freed 6011(363KB) AllocSpace objects, 0(0B) LOS objects, 23% free, 53MB/69MB, paused 772us total 27.676ms
08-05 19:33:34.985 11113 11348 I art     : Starting a blocking GC Explicit
08-05 19:33:35.014 11113 11348 I art     : Explicit concurrent mark sweep GC freed 15538(714KB) AllocSpace objects, 0(0B) LOS objects, 23% free, 53MB/69MB, paused 686us total 29.315ms
08-05 19:33:35.025 11113 11348 I art     : Starting a blocking GC Explicit
08-05 19:33:35.036 11113 11113 I NAPPA_EXPERIMENTATION: MetricNetworkRequestExecutionTime: REQUEST_DURATION_SYSTEM='996',REQUEST_DURATION_OKHTTP='39',REQUEST_SYNCHRONOUS='FALSE',RESPONSE_CODE='200',RESPONSE_METHOD='GET',RESPONSE_LENGTH_OKHTTP='56744',RESPONSE_LENGTH_HEADER='56744',REQUEST_PROTOCOL='http/1.1',REQUEST_URL='https://api-hillfair-2k16.herokuapp.com/api/app/quiz/leaderboard?from=1',
08-05 19:33:35.052 11113 11348 I art     : Explicit concurrent mark sweep GC freed 4765(234KB) AllocSpace objects, 0(0B) LOS objects, 23% free, 52MB/68MB, paused 598us total 26.538ms
08-05 19:33:35.063 11113 11348 I art     : Starting a blocking GC Explicit
08-05 19:33:35.090 11113 11348 I art     : Explicit concurrent mark sweep GC freed 617(24KB) AllocSpace objects, 0(0B) LOS objects, 23% free, 53MB/69MB, paused 885us total 26.286ms
08-05 19:33:35.388 11113 11143 I art     : Starting a blocking GC Explicit
08-05 19:33:35.419 11113 11143 I art     : Explicit concurrent mark sweep GC freed 1864(97KB) AllocSpace objects, 1(20KB) LOS objects, 23% free, 53MB/69MB, paused 642us total 30.455ms
08-05 19:33:35.430 11113 11143 I art     : Starting a blocking GC Explicit
08-05 19:33:35.460 11113 11143 I art     : Explicit concurrent mark sweep GC freed 30(1184B) AllocSpace objects, 0(0B) LOS objects, 23% free, 53MB/69MB, paused 614us total 29.335ms
08-05 19:33:35.472 11113 11143 I art     : Starting a blocking GC Explicit
08-05 19:33:35.501 11113 11143 I art     : Explicit concurrent mark sweep GC freed 3(96B) AllocSpace objects, 0(0B) LOS objects, 23% free, 53MB/69MB, paused 610us total 28.947ms
08-05 19:33:35.512 11113 11143 I art     : Starting a blocking GC Explicit
08-05 19:33:35.542 11113 11143 I art     : Explicit concurrent mark sweep GC freed 3(96B) AllocSpace objects, 0(0B) LOS objects, 23% free, 53MB/69MB, paused 597us total 29.615ms
08-05 19:33:35.554 11113 11143 I art     : Starting a blocking GC Explicit
08-05 19:33:35.584 11113 11143 I art     : Explicit concurrent mark sweep GC freed 3(96B) AllocSpace objects, 0(0B) LOS objects, 23% free, 53MB/69MB, paused 606us total 29.567ms
08-05 19:33:35.894 11113 11348 I art     : Starting a blocking GC Explicit
08-05 19:33:35.938 11113 11348 I art     : Explicit concurrent mark sweep GC freed 1344(78KB) AllocSpace objects, 1(20KB) LOS objects, 23% free, 53MB/69MB, paused 946us total 43.485ms
08-05 19:33:35.953 11113 11348 I art     : Starting a blocking GC Explicit
08-05 19:33:35.984 11113 11348 I art     : Explicit concurrent mark sweep GC freed 20(704B) AllocSpace objects, 0(0B) LOS objects, 23% free, 53MB/69MB, paused 622us total 30.515ms
08-05 19:33:35.996 11113 11348 I art     : Starting a blocking GC Explicit
08-05 19:33:36.029 11113 11348 I art     : Explicit concurrent mark sweep GC freed 3(96B) AllocSpace objects, 0(0B) LOS objects, 23% free, 53MB/69MB, paused 651us total 32.823ms
08-05 19:33:36.040 11113 11348 I art     : Starting a blocking GC Explicit
08-05 19:33:36.073 11113 11348 I art     : Explicit concurrent mark sweep GC freed 3(96B) AllocSpace objects, 0(0B) LOS objects, 23% free, 53MB/69MB, paused 610us total 32.530ms
08-05 19:33:36.085 11113 11348 I art     : Starting a blocking GC Explicit
08-05 19:33:36.117 11113 11348 I art     : Explicit concurrent mark sweep GC freed 3(96B) AllocSpace objects, 0(0B) LOS objects, 23% free, 53MB/69MB, paused 620us total 31.197ms
08-05 19:33:36.117 13866 13882 I PeriodicStatsRunner: PeriodicStatsRunner.call():175 call()
08-05 19:33:36.118 13866 13882 I PeriodicStatsRunner: PeriodicStatsRunner.call():179 No submit PeriodicStats since input started.
08-05 19:33:36.455 11113 11126 I art     : Starting a blocking GC Explicit
08-05 19:33:36.499 11113 11126 I art     : Explicit concurrent mark sweep GC freed 1344(78KB) AllocSpace objects, 1(20KB) LOS objects, 23% free, 53MB/69MB, paused 810us total 43.389ms
08-05 19:33:36.515 11113 11126 I art     : Starting a blocking GC Explicit
08-05 19:33:36.550 11113 11126 I art     : Explicit concurrent mark sweep GC freed 20(704B) AllocSpace objects, 0(0B) LOS objects, 23% free, 53MB/69MB, paused 631us total 34.602ms
08-05 19:33:36.562 11113 11126 I art     : Starting a blocking GC Explicit
08-05 19:33:36.593 11113 11126 I art     : Explicit concurrent mark sweep GC freed 3(96B) AllocSpace objects, 0(0B) LOS objects, 23% free, 53MB/69MB, paused 618us total 31.191ms
08-05 19:33:36.605 11113 11126 I art     : Starting a blocking GC Explicit
08-05 19:33:36.638 11113 11126 I art     : Explicit concurrent mark sweep GC freed 3(96B) AllocSpace objects, 0(0B) LOS objects, 23% free, 53MB/69MB, paused 682us total 32.315ms
08-05 19:33:36.650 11113 11126 I art     : Starting a blocking GC Explicit
08-05 19:33:36.683 11113 11126 I art     : Explicit concurrent mark sweep GC freed 3(96B) AllocSpace objects, 0(0B) LOS objects, 23% free, 53MB/69MB, paused 593us total 32.475ms
08-05 19:33:37.046 11113 11124 I art     : Starting a blocking GC Explicit
08-05 19:33:37.085 11113 11124 I art     : Explicit concurrent mark sweep GC freed 1344(78KB) AllocSpace objects, 1(20KB) LOS objects, 23% free, 53MB/69MB, paused 617us total 38.489ms
08-05 19:33:37.100 11113 11124 I art     : Starting a blocking GC Explicit
08-05 19:33:37.132 11113 11124 I art     : Explicit concurrent mark sweep GC freed 20(704B) AllocSpace objects, 0(0B) LOS objects, 23% free, 53MB/69MB, paused 613us total 32.350ms
08-05 19:33:37.144 11113 11124 I art     : Starting a blocking GC Explicit
08-05 19:33:37.176 11113 11124 I art     : Explicit concurrent mark sweep GC freed 3(96B) AllocSpace objects, 0(0B) LOS objects, 23% free, 53MB/69MB, paused 634us total 31.595ms
08-05 19:33:37.188 11113 11124 I art     : Starting a blocking GC Explicit
08-05 19:33:37.219 11113 11124 I art     : Explicit concurrent mark sweep GC freed 3(96B) AllocSpace objects, 0(0B) LOS objects, 23% free, 53MB/69MB, paused 657us total 30.614ms
08-05 19:33:37.231 11113 11124 I art     : Starting a blocking GC Explicit
08-05 19:33:37.263 11113 11124 I art     : Explicit concurrent mark sweep GC freed 3(96B) AllocSpace objects, 0(0B) LOS objects, 23% free, 53MB/69MB, paused 624us total 32.145ms
08-05 19:33:37.608 11113 11143 I art     : Starting a blocking GC Explicit
08-05 19:33:37.650 11113 11143 I art     : Explicit concurrent mark sweep GC freed 1344(78KB) AllocSpace objects, 1(20KB) LOS objects, 23% free, 53MB/69MB, paused 699us total 41.888ms
08-05 19:33:37.666 11113 11143 I art     : Starting a blocking GC Explicit
08-05 19:33:37.696 11113 11143 I art     : Explicit concurrent mark sweep GC freed 20(704B) AllocSpace objects, 0(0B) LOS objects, 23% free, 53MB/69MB, paused 629us total 30.485ms
08-05 19:33:37.708 11113 11143 I art     : Starting a blocking GC Explicit
08-05 19:33:37.741 11113 11143 I art     : Explicit concurrent mark sweep GC freed 3(96B) AllocSpace objects, 0(0B) LOS objects, 23% free, 53MB/69MB, paused 617us total 32.034ms
08-05 19:33:37.753 11113 11143 I art     : Starting a blocking GC Explicit
08-05 19:33:37.785 11113 11143 I art     : Explicit concurrent mark sweep GC freed 3(96B) AllocSpace objects, 0(0B) LOS objects, 23% free, 53MB/69MB, paused 618us total 32.151ms
08-05 19:33:37.797 11113 11143 I art     : Starting a blocking GC Explicit
08-05 19:33:37.829 11113 11143 I art     : Explicit concurrent mark sweep GC freed 3(96B) AllocSpace objects, 0(0B) LOS objects, 23% free, 53MB/69MB, paused 639us total 31.144ms
08-05 19:33:38.155 11113 11348 I art     : Starting a blocking GC Explicit
08-05 19:33:38.193 11113 11348 I art     : Explicit concurrent mark sweep GC freed 1344(78KB) AllocSpace objects, 1(20KB) LOS objects, 23% free, 53MB/69MB, paused 648us total 37.643ms
08-05 19:33:38.206 11113 11348 I art     : Starting a blocking GC Explicit
08-05 19:33:38.236 11113 11348 I art     : Explicit concurrent mark sweep GC freed 20(704B) AllocSpace objects, 0(0B) LOS objects, 23% free, 53MB/69MB, paused 591us total 29.733ms
08-05 19:33:38.248 11113 11348 I art     : Starting a blocking GC Explicit
08-05 19:33:38.277 11113 11348 I art     : Explicit concurrent mark sweep GC freed 3(96B) AllocSpace objects, 0(0B) LOS objects, 23% free, 53MB/69MB, paused 623us total 28.466ms
08-05 19:33:38.288 11113 11348 I art     : Starting a blocking GC Explicit
08-05 19:33:38.316 11113 11348 I art     : Explicit concurrent mark sweep GC freed 3(96B) AllocSpace objects, 0(0B) LOS objects, 23% free, 53MB/69MB, paused 602us total 27.782ms
08-05 19:33:38.327 11113 11348 I art     : Starting a blocking GC Explicit
08-05 19:33:38.356 11113 11348 I art     : Explicit concurrent mark sweep GC freed 3(96B) AllocSpace objects, 0(0B) LOS objects, 23% free, 53MB/69MB, paused 680us total 28.063ms
08-05 19:33:38.677 11113 11126 I art     : Starting a blocking GC Explicit
08-05 19:33:38.710 11113 11126 I art     : Explicit concurrent mark sweep GC freed 1344(78KB) AllocSpace objects, 1(20KB) LOS objects, 23% free, 53MB/69MB, paused 683us total 32.986ms
08-05 19:33:38.725 11113 11126 I art     : Starting a blocking GC Explicit
08-05 19:33:38.755 11113 11126 I art     : Explicit concurrent mark sweep GC freed 20(704B) AllocSpace objects, 0(0B) LOS objects, 23% free, 53MB/69MB, paused 673us total 29.993ms
08-05 19:33:38.763 13765 13765 D AndroidRuntime: >>>>>> START com.android.internal.os.RuntimeInit uid 2000 <<<<<<
08-05 19:33:38.767 11113 11126 I art     : Starting a blocking GC Explicit
08-05 19:33:38.769 13765 13765 D AndroidRuntime: CheckJNI is OFF
08-05 19:33:38.796 11113 11126 I art     : Explicit concurrent mark sweep GC freed 7(224B) AllocSpace objects, 0(0B) LOS objects, 23% free, 53MB/69MB, paused 598us total 29.018ms
08-05 19:33:38.807 11113 11126 I art     : Starting a blocking GC Explicit
08-05 19:33:38.817 13765 13765 D ICU     : No timezone override file found: /data/misc/zoneinfo/current/icu/icu_tzdata.dat
08-05 19:33:38.837 11113 11126 I art     : Explicit concurrent mark sweep GC freed 20(976B) AllocSpace objects, 0(0B) LOS objects, 23% free, 53MB/69MB, paused 699us total 29.205ms
08-05 19:33:38.848 11113 11126 I art     : Starting a blocking GC Explicit
08-05 19:33:38.863 13765 13765 I Radio-JNI: register_android_hardware_Radio DONE
08-05 19:33:38.878 11113 11126 I art     : Explicit concurrent mark sweep GC freed 19(608B) AllocSpace objects, 0(0B) LOS objects, 23% free, 53MB/69MB, paused 653us total 29.328ms
08-05 19:33:38.893 13765 13765 D AndroidRuntime: Calling main entry com.android.commands.input.Input
08-05 19:33:38.896 13765 13765 I Input   : injectKeyEvent: KeyEvent { action=ACTION_DOWN, keyCode=KEYCODE_BACK, scanCode=0, metaState=0, flags=0x0, repeatCount=0, eventTime=819235309, downTime=819235309, deviceId=-1, source=0x101 }
08-05 19:33:38.902 13765 13765 I Input   : injectKeyEvent: KeyEvent { action=ACTION_UP, keyCode=KEYCODE_BACK, scanCode=0, metaState=0, flags=0x0, repeatCount=0, eventTime=819235309, downTime=819235309, deviceId=-1, source=0x101 }
08-05 19:33:38.907 13765 13765 D AndroidRuntime: Shutting down VM
08-05 19:33:38.954 13866 13866 I GoogleInputMethodServic: GoogleInputMethodService.onFinishInput():3138 
08-05 19:33:38.954 13866 13866 I GoogleInputMethodServic: GoogleInputMethodService.onStartInput():1808 
08-05 19:33:39.116 13866 13882 I PeriodicStatsRunner: PeriodicStatsRunner.call():175 call()
08-05 19:33:39.117 13866 13882 I PeriodicStatsRunner: PeriodicStatsRunner.call():179 No submit PeriodicStats since input started.
08-05 19:33:39.162 11113 11143 I art     : Starting a blocking GC Explicit
08-05 19:33:39.195 11113 11143 I art     : Explicit concurrent mark sweep GC freed 1482(84KB) AllocSpace objects, 1(20KB) LOS objects, 23% free, 53MB/69MB, paused 637us total 32.960ms
08-05 19:33:39.209 11113 11143 I art     : Starting a blocking GC Explicit
08-05 19:33:39.241 11113 11143 I art     : Explicit concurrent mark sweep GC freed 26(944B) AllocSpace objects, 0(0B) LOS objects, 23% free, 53MB/69MB, paused 659us total 31.883ms
08-05 19:33:39.252 11113 11143 I art     : Starting a blocking GC Explicit
08-05 19:33:39.256   380   380 W SurfaceFlinger: couldn't log to binary event log: overflow.
08-05 19:33:39.280 11113 11143 I art     : Explicit concurrent mark sweep GC freed 121(9KB) AllocSpace objects, 0(0B) LOS objects, 23% free, 53MB/69MB, paused 543us total 27.480ms
08-05 19:33:39.291 11113 11143 I art     : Starting a blocking GC Explicit
08-05 19:33:39.319 11113 11143 I art     : Explicit concurrent mark sweep GC freed 113(6KB) AllocSpace objects, 0(0B) LOS objects, 23% free, 53MB/69MB, paused 697us total 27.770ms
08-05 19:33:39.330 11113 11143 I art     : Starting a blocking GC Explicit
08-05 19:33:39.357 11113 11143 I art     : Explicit concurrent mark sweep GC freed 4572(263KB) AllocSpace objects, 2(140KB) LOS objects, 23% free, 52MB/68MB, paused 603us total 26.835ms
08-05 19:33:39.662 11113 11348 I art     : Starting a blocking GC Explicit
08-05 19:33:39.698 11113 11348 I art     : Explicit concurrent mark sweep GC freed 1344(78KB) AllocSpace objects, 1(20KB) LOS objects, 23% free, 52MB/68MB, paused 850us total 35.964ms
08-05 19:33:39.713 11113 11348 I art     : Starting a blocking GC Explicit
08-05 19:33:39.741 11113 11348 I art     : Explicit concurrent mark sweep GC freed 20(704B) AllocSpace objects, 0(0B) LOS objects, 23% free, 52MB/68MB, paused 575us total 27.520ms
08-05 19:33:39.752 11113 11348 I art     : Starting a blocking GC Explicit
08-05 19:33:39.780 11113 11348 I art     : Explicit concurrent mark sweep GC freed 3(96B) AllocSpace objects, 0(0B) LOS objects, 23% free, 52MB/68MB, paused 588us total 27.545ms
08-05 19:33:39.791 11113 11348 I art     : Starting a blocking GC Explicit
08-05 19:33:39.818 11113 11348 I art     : Explicit concurrent mark sweep GC freed 3(96B) AllocSpace objects, 0(0B) LOS objects, 23% free, 52MB/68MB, paused 600us total 27.032ms
08-05 19:33:39.830 11113 11348 I art     : Starting a blocking GC Explicit
08-05 19:33:39.857 11113 11348 I art     : Explicit concurrent mark sweep GC freed 3(96B) AllocSpace objects, 0(0B) LOS objects, 23% free, 52MB/68MB, paused 683us total 27.102ms
08-05 19:33:39.877  7260  7260 I ServiceManager: Waiting for service AtCmdFwd...
08-05 19:33:40.163 11113 11124 I art     : Starting a blocking GC Explicit
08-05 19:33:40.191 11113 11124 I art     : Explicit concurrent mark sweep GC freed 1343(78KB) AllocSpace objects, 1(20KB) LOS objects, 23% free, 52MB/68MB, paused 603us total 27.663ms
08-05 19:33:40.202 11113 11124 I art     : Starting a blocking GC Explicit
08-05 19:33:40.228 11113 11124 I art     : Explicit concurrent mark sweep GC freed 20(704B) AllocSpace objects, 0(0B) LOS objects, 23% free, 52MB/68MB, paused 600us total 26.486ms
08-05 19:33:40.239 11113 11124 I art     : Starting a blocking GC Explicit
08-05 19:33:40.265 11113 11124 I art     : Explicit concurrent mark sweep GC freed 3(96B) AllocSpace objects, 0(0B) LOS objects, 23% free, 52MB/68MB, paused 597us total 25.825ms
08-05 19:33:40.276 11113 11124 I art     : Starting a blocking GC Explicit
08-05 19:33:40.303 11113 11124 I art     : Explicit concurrent mark sweep GC freed 3(96B) AllocSpace objects, 0(0B) LOS objects, 23% free, 52MB/68MB, paused 603us total 26.428ms
08-05 19:33:40.314 11113 11124 I art     : Starting a blocking GC Explicit
08-05 19:33:40.341 11113 11124 I art     : Explicit concurrent mark sweep GC freed 3(96B) AllocSpace objects, 0(0B) LOS objects, 23% free, 52MB/68MB, paused 591us total 26.809ms
08-05 19:33:40.639 11113 11143 I art     : Starting a blocking GC Explicit
08-05 19:33:40.669 11113 11143 I art     : Explicit concurrent mark sweep GC freed 1358(78KB) AllocSpace objects, 1(20KB) LOS objects, 23% free, 52MB/68MB, paused 608us total 29.767ms
08-05 19:33:40.681 11113 11143 I art     : Starting a blocking GC Explicit
08-05 19:33:40.701 13819 13819 D AndroidRuntime: >>>>>> START com.android.internal.os.RuntimeInit uid 2000 <<<<<<
08-05 19:33:40.707 13819 13819 D AndroidRuntime: CheckJNI is OFF
08-05 19:33:40.709 11113 11143 I art     : Explicit concurrent mark sweep GC freed 25(864B) AllocSpace objects, 0(0B) LOS objects, 23% free, 52MB/68MB, paused 779us total 27.631ms
08-05 19:33:40.721 11113 11143 I art     : Starting a blocking GC Explicit
08-05 19:33:40.746 11113 11143 I art     : Explicit concurrent mark sweep GC freed 8(256B) AllocSpace objects, 0(0B) LOS objects, 23% free, 52MB/68MB, paused 602us total 24.612ms
08-05 19:33:40.751 13819 13819 D ICU     : No timezone override file found: /data/misc/zoneinfo/current/icu/icu_tzdata.dat
08-05 19:33:40.757 11113 11143 I art     : Starting a blocking GC Explicit
08-05 19:33:40.783 11113 11143 I art     : Explicit concurrent mark sweep GC freed 8(256B) AllocSpace objects, 0(0B) LOS objects, 23% free, 52MB/68MB, paused 613us total 25.797ms
08-05 19:33:40.794 11113 11143 I art     : Starting a blocking GC Explicit
08-05 19:33:40.795 13819 13819 I Radio-JNI: register_android_hardware_Radio DONE
08-05 19:33:40.819 11113 11143 I art     : Explicit concurrent mark sweep GC freed 3(96B) AllocSpace objects, 0(0B) LOS objects, 23% free, 52MB/68MB, paused 571us total 24.207ms
08-05 19:33:40.824 13819 13819 D AndroidRuntime: Calling main entry com.android.commands.input.Input
08-05 19:33:40.826 13819 13819 I Input   : injectKeyEvent: KeyEvent { action=ACTION_DOWN, keyCode=KEYCODE_BACK, scanCode=0, metaState=0, flags=0x0, repeatCount=0, eventTime=819237239, downTime=819237239, deviceId=-1, source=0x101 }
08-05 19:33:40.832 13819 13819 I Input   : injectKeyEvent: KeyEvent { action=ACTION_UP, keyCode=KEYCODE_BACK, scanCode=0, metaState=0, flags=0x0, repeatCount=0, eventTime=819237239, downTime=819237239, deviceId=-1, source=0x101 }
08-05 19:33:40.837 13819 13819 D AndroidRuntime: Shutting down VM
08-05 19:33:40.877  7260  7260 I ServiceManager: Waiting for service AtCmdFwd...
08-05 19:33:40.880 13866 13866 I GoogleInputMethodServic: GoogleInputMethodService.onFinishInput():3138 
08-05 19:33:40.881 13866 13866 I GoogleInputMethodServic: GoogleInputMethodService.onStartInput():1808 
08-05 19:33:41.092 11113 11126 I art     : Starting a blocking GC Explicit
08-05 19:33:41.118 11113 11126 I art     : Explicit concurrent mark sweep GC freed 1544(86KB) AllocSpace objects, 1(20KB) LOS objects, 23% free, 52MB/68MB, paused 540us total 25.699ms
08-05 19:33:41.129 11113 11126 I art     : Starting a blocking GC Explicit
08-05 19:33:41.154 11113 11126 I art     : Explicit concurrent mark sweep GC freed 24(864B) AllocSpace objects, 0(0B) LOS objects, 23% free, 52MB/68MB, paused 579us total 24.511ms
08-05 19:33:41.165 11113 11126 I art     : Starting a blocking GC Explicit
08-05 19:33:41.188 11113 11126 I art     : Explicit concurrent mark sweep GC freed 3(96B) AllocSpace objects, 0(0B) LOS objects, 23% free, 52MB/68MB, paused 566us total 23.200ms
08-05 19:33:41.191   380   380 W SurfaceFlinger: couldn't log to binary event log: overflow.
08-05 19:33:41.198 11113 11126 I art     : Starting a blocking GC Explicit
08-05 19:33:41.223 11113 11126 I art     : Explicit concurrent mark sweep GC freed 118(8KB) AllocSpace objects, 0(0B) LOS objects, 23% free, 52MB/68MB, paused 584us total 24.053ms
08-05 19:33:41.233 11113 11126 I art     : Starting a blocking GC Explicit
08-05 19:33:41.258 11113 11126 I art     : Explicit concurrent mark sweep GC freed 2061(121KB) AllocSpace objects, 2(180KB) LOS objects, 23% free, 52MB/68MB, paused 627us total 24.372ms
08-05 19:33:41.554 11113 11348 I art     : Starting a blocking GC Explicit
08-05 19:33:41.588 11113 11348 I art     : Explicit concurrent mark sweep GC freed 1343(78KB) AllocSpace objects, 1(20KB) LOS objects, 23% free, 52MB/68MB, paused 875us total 33.377ms
08-05 19:33:41.602 11113 11348 I art     : Starting a blocking GC Explicit
08-05 19:33:41.629 11113 11348 I art     : Explicit concurrent mark sweep GC freed 20(704B) AllocSpace objects, 0(0B) LOS objects, 23% free, 52MB/68MB, paused 599us total 27.072ms
08-05 19:33:41.640 11113 11348 I art     : Starting a blocking GC Explicit
08-05 19:33:41.667 11113 11348 I art     : Explicit concurrent mark sweep GC freed 3(96B) AllocSpace objects, 0(0B) LOS objects, 23% free, 52MB/68MB, paused 679us total 26.517ms
08-05 19:33:41.678 11113 11348 I art     : Starting a blocking GC Explicit
08-05 19:33:41.705 11113 11348 I art     : Explicit concurrent mark sweep GC freed 3(96B) AllocSpace objects, 0(0B) LOS objects, 23% free, 52MB/68MB, paused 589us total 26.446ms
08-05 19:33:41.716 11113 11348 I art     : Starting a blocking GC Explicit
08-05 19:33:41.743 11113 11348 I art     : Explicit concurrent mark sweep GC freed 3(96B) AllocSpace objects, 0(0B) LOS objects, 23% free, 52MB/68MB, paused 592us total 26.620ms
08-05 19:33:41.878  7260  7260 I ServiceManager: Waiting for service AtCmdFwd...
08-05 19:33:42.064 11113 11143 I art     : Starting a blocking GC Explicit
08-05 19:33:42.092 11113 11143 I art     : Explicit concurrent mark sweep GC freed 1341(78KB) AllocSpace objects, 1(20KB) LOS objects, 23% free, 52MB/68MB, paused 629us total 27.391ms
08-05 19:33:42.104 11113 11143 I art     : Starting a blocking GC Explicit
08-05 19:33:42.129 11113 11143 I art     : Explicit concurrent mark sweep GC freed 20(704B) AllocSpace objects, 0(0B) LOS objects, 23% free, 52MB/68MB, paused 597us total 24.814ms
08-05 19:33:42.139 11113 11143 I art     : Starting a blocking GC Explicit
08-05 19:33:42.164 11113 11143 I art     : Explicit concurrent mark sweep GC freed 3(96B) AllocSpace objects, 0(0B) LOS objects, 23% free, 52MB/68MB, paused 575us total 24.426ms
08-05 19:33:42.175 11113 11143 I art     : Starting a blocking GC Explicit
08-05 19:33:42.200 11113 11143 I art     : Explicit concurrent mark sweep GC freed 3(96B) AllocSpace objects, 0(0B) LOS objects, 23% free, 52MB/68MB, paused 596us total 25.531ms
08-05 19:33:42.211 11113 11143 I art     : Starting a blocking GC Explicit
08-05 19:33:42.236 11113 11143 I art     : Explicit concurrent mark sweep GC freed 3(96B) AllocSpace objects, 0(0B) LOS objects, 23% free, 52MB/68MB, paused 596us total 24.777ms
08-05 19:33:42.525 11113 11124 I art     : Starting a blocking GC Explicit
08-05 19:33:42.552 11113 11124 I art     : Explicit concurrent mark sweep GC freed 1341(78KB) AllocSpace objects, 1(20KB) LOS objects, 23% free, 52MB/68MB, paused 671us total 26.925ms
08-05 19:33:42.567 11113 11124 I art     : Starting a blocking GC Explicit
08-05 19:33:42.594 11113 11124 I art     : Explicit concurrent mark sweep GC freed 20(704B) AllocSpace objects, 0(0B) LOS objects, 23% free, 52MB/68MB, paused 620us total 26.867ms
08-05 19:33:42.605 11113 11124 I art     : Starting a blocking GC Explicit
08-05 19:33:42.631 11113 11124 I art     : Explicit concurrent mark sweep GC freed 3(96B) AllocSpace objects, 0(0B) LOS objects, 23% free, 52MB/68MB, paused 639us total 25.945ms
08-05 19:33:42.636 13883 13883 D AndroidRuntime: >>>>>> START com.android.internal.os.RuntimeInit uid 2000 <<<<<<
08-05 19:33:42.642 13883 13883 D AndroidRuntime: CheckJNI is OFF
08-05 19:33:42.642 11113 11124 I art     : Starting a blocking GC Explicit
08-05 19:33:42.670 11113 11124 I art     : Explicit concurrent mark sweep GC freed 3(96B) AllocSpace objects, 0(0B) LOS objects, 23% free, 52MB/68MB, paused 621us total 27.076ms
08-05 19:33:42.680 11113 11124 I art     : Starting a blocking GC Explicit
08-05 19:33:42.691 13883 13883 D ICU     : No timezone override file found: /data/misc/zoneinfo/current/icu/icu_tzdata.dat
08-05 19:33:42.707 11113 11124 I art     : Explicit concurrent mark sweep GC freed 3(96B) AllocSpace objects, 0(0B) LOS objects, 23% free, 52MB/68MB, paused 681us total 26.361ms
08-05 19:33:42.737 13883 13883 I Radio-JNI: register_android_hardware_Radio DONE
08-05 19:33:42.767 13883 13883 D AndroidRuntime: Calling main entry com.android.commands.input.Input
08-05 19:33:42.769 13883 13883 I Input   : injectMotionEvent: MotionEvent { action=ACTION_DOWN, actionButton=0, id[0]=0, x[0]=1084.0, y[0]=2213.0, toolType[0]=TOOL_TYPE_UNKNOWN, buttonState=0, metaState=0, flags=0x0, edgeFlags=0x0, pointerCount=1, historySize=0, eventTime=819239181, downTime=819239181, deviceId=0, source=0x1002 }
08-05 19:33:42.777 13883 13883 I Input   : injectMotionEvent: MotionEvent { action=ACTION_UP, actionButton=0, id[0]=0, x[0]=1084.0, y[0]=2213.0, toolType[0]=TOOL_TYPE_UNKNOWN, buttonState=0, metaState=0, flags=0x0, edgeFlags=0x0, pointerCount=1, historySize=0, eventTime=819239181, downTime=819239181, deviceId=0, source=0x1002 }
08-05 19:33:42.780   918  5952 I ActivityManager: START u0 {cmp=baseline.appteam.nith.hillffair/.activities.EventActivity} from uid 10675 on display 0
08-05 19:33:42.789 13883 13883 D AndroidRuntime: Shutting down VM
08-05 19:33:42.872 13866 13866 I GoogleInputMethodServic: GoogleInputMethodService.onFinishInput():3138 
08-05 19:33:42.872 13866 13866 I GoogleInputMethodServic: GoogleInputMethodService.onStartInput():1808 
08-05 19:33:42.878  7260  7260 I ServiceManager: Waiting for service AtCmdFwd...
08-05 19:33:42.896   918   936 I ActivityManager: Displayed baseline.appteam.nith.hillffair/.activities.EventActivity: +107ms
08-05 19:33:43.000 11113 11126 I art     : Starting a blocking GC Explicit
08-05 19:33:43.031 11113 11126 I art     : Explicit concurrent mark sweep GC freed 6167(370KB) AllocSpace objects, 1(20KB) LOS objects, 23% free, 52MB/68MB, paused 696us total 30.133ms
08-05 19:33:43.044 11113 11126 I art     : Starting a blocking GC Explicit
08-05 19:33:43.076 11113 11126 I art     : Explicit concurrent mark sweep GC freed 266(11KB) AllocSpace objects, 0(0B) LOS objects, 23% free, 52MB/68MB, paused 685us total 31.688ms
08-05 19:33:43.089 11113 11126 I art     : Starting a blocking GC Explicit
08-05 19:33:43.120 11113 11126 I art     : Explicit concurrent mark sweep GC freed 3(96B) AllocSpace objects, 0(0B) LOS objects, 23% free, 52MB/68MB, paused 619us total 30.650ms
08-05 19:33:43.133 11113 11126 I art     : Starting a blocking GC Explicit
08-05 19:33:43.144   380   380 W SurfaceFlinger: couldn't log to binary event log: overflow.
08-05 19:33:43.162 11113 11126 I art     : Explicit concurrent mark sweep GC freed 3(96B) AllocSpace objects, 0(0B) LOS objects, 23% free, 52MB/68MB, paused 641us total 28.256ms
08-05 19:33:43.172 11113 11126 I art     : Starting a blocking GC Explicit
08-05 19:33:43.197 11113 11126 I art     : Explicit concurrent mark sweep GC freed 3(96B) AllocSpace objects, 0(0B) LOS objects, 23% free, 52MB/68MB, paused 625us total 24.132ms
08-05 19:33:43.308 11113 13911 D OkHttp  : --> GET https://api-hillfair-2k16.herokuapp.com/api/app/club http/1.1
08-05 19:33:43.347 11113 13911 D OkHttp  : <-- 200 OK https://api-hillfair-2k16.herokuapp.com/api/app/club (39ms, 1870-byte body)
08-05 19:33:43.362 11113 11113 I NAPPA_EXPERIMENTATION: MetricNetworkRequestExecutionTime: REQUEST_DURATION_SYSTEM='543',REQUEST_DURATION_OKHTTP='39',REQUEST_SYNCHRONOUS='FALSE',RESPONSE_CODE='200',RESPONSE_METHOD='GET',RESPONSE_LENGTH_OKHTTP='1870',RESPONSE_LENGTH_HEADER='1870',REQUEST_PROTOCOL='http/1.1',REQUEST_URL='https://api-hillfair-2k16.herokuapp.com/api/app/club',
08-05 19:33:43.509 11113 11143 I art     : Starting a blocking GC Explicit
08-05 19:33:43.542 11113 11143 I art     : Explicit concurrent mark sweep GC freed 6397(388KB) AllocSpace objects, 4(220KB) LOS objects, 23% free, 53MB/69MB, paused 1.093ms total 33.200ms
08-05 19:33:43.554 11113 11143 I art     : Starting a blocking GC Explicit
08-05 19:33:43.582 11113 11143 I art     : Explicit concurrent mark sweep GC freed 1831(282KB) AllocSpace objects, 0(0B) LOS objects, 23% free, 53MB/69MB, paused 1.192ms total 27.766ms
08-05 19:33:43.593 11113 11143 I art     : Starting a blocking GC Explicit
08-05 19:33:43.619 11113 11143 I art     : Explicit concurrent mark sweep GC freed 160(25KB) AllocSpace objects, 0(0B) LOS objects, 23% free, 53MB/69MB, paused 795us total 26.078ms
08-05 19:33:43.630 11113 11143 I art     : Starting a blocking GC Explicit
08-05 19:33:43.656 11113 11143 I art     : Explicit concurrent mark sweep GC freed 14(448B) AllocSpace objects, 0(0B) LOS objects, 23% free, 53MB/69MB, paused 804us total 26.679ms
08-05 19:33:43.667 11113 11143 I art     : Starting a blocking GC Explicit
08-05 19:33:43.694 11113 11143 I art     : Explicit concurrent mark sweep GC freed 3(96B) AllocSpace objects, 0(0B) LOS objects, 23% free, 53MB/69MB, paused 804us total 26.626ms
08-05 19:33:43.879  7260  7260 I ServiceManager: Waiting for service AtCmdFwd...
08-05 19:33:43.954 13866 13882 I PeriodicStatsRunner: PeriodicStatsRunner.call():175 call()
08-05 19:33:43.955 13866 13882 I PeriodicStatsRunner: PeriodicStatsRunner.call():179 No submit PeriodicStats since input started.
08-05 19:33:43.997 11113 11348 I art     : Starting a blocking GC Explicit
08-05 19:33:44.032 11113 11348 I art     : Explicit concurrent mark sweep GC freed 1365(79KB) AllocSpace objects, 1(20KB) LOS objects, 23% free, 53MB/69MB, paused 838us total 35.437ms
08-05 19:33:44.046 11113 11348 I art     : Starting a blocking GC Explicit
08-05 19:33:44.076 11113 11348 I art     : Explicit concurrent mark sweep GC freed 36(1216B) AllocSpace objects, 0(0B) LOS objects, 23% free, 53MB/69MB, paused 815us total 29.623ms
08-05 19:33:44.087 11113 11348 I art     : Starting a blocking GC Explicit
08-05 19:33:44.116 11113 11348 I art     : Explicit concurrent mark sweep GC freed 3(96B) AllocSpace objects, 0(0B) LOS objects, 23% free, 53MB/69MB, paused 796us total 28.986ms
08-05 19:33:44.128 11113 11348 I art     : Starting a blocking GC Explicit
08-05 19:33:44.158 11113 11348 I art     : Explicit concurrent mark sweep GC freed 3(96B) AllocSpace objects, 0(0B) LOS objects, 23% free, 53MB/69MB, paused 829us total 29.635ms
08-05 19:33:44.169 11113 11348 I art     : Starting a blocking GC Explicit
08-05 19:33:44.199 11113 11348 I art     : Explicit concurrent mark sweep GC freed 89(3KB) AllocSpace objects, 0(0B) LOS objects, 23% free, 53MB/69MB, paused 1.033ms total 29.632ms
08-05 19:33:44.499 11113 11126 I art     : Starting a blocking GC Explicit
08-05 19:33:44.529 11113 11126 I art     : Explicit concurrent mark sweep GC freed 9398(556KB) AllocSpace objects, 1(20KB) LOS objects, 23% free, 53MB/69MB, paused 685us total 30.126ms
08-05 19:33:44.540 11113 11126 I art     : Starting a blocking GC Explicit
08-05 19:33:44.570 11113 11126 I art     : Explicit concurrent mark sweep GC freed 246(8KB) AllocSpace objects, 0(0B) LOS objects, 23% free, 53MB/69MB, paused 655us total 30.024ms
08-05 19:33:44.582 11113 11126 I art     : Starting a blocking GC Explicit
08-05 19:33:44.613 11113 11126 I art     : Explicit concurrent mark sweep GC freed 3(96B) AllocSpace objects, 0(0B) LOS objects, 23% free, 53MB/69MB, paused 680us total 30.763ms
08-05 19:33:44.625 11113 11126 I art     : Starting a blocking GC Explicit
08-05 19:33:44.657 11113 11126 I art     : Explicit concurrent mark sweep GC freed 3(96B) AllocSpace objects, 0(0B) LOS objects, 23% free, 53MB/69MB, paused 668us total 31.404ms
08-05 19:33:44.669 11113 11126 I art     : Starting a blocking GC Explicit
08-05 19:33:44.699 11113 11126 I art     : Explicit concurrent mark sweep GC freed 3(96B) AllocSpace objects, 0(0B) LOS objects, 23% free, 53MB/69MB, paused 621us total 30.120ms
08-05 19:33:44.879  7260  7260 W Atfwd_Sendcmd: AtCmdFwd service not published, waiting... retryCnt : 3
08-05 19:33:45.054 11113 11124 I art     : Starting a blocking GC Explicit
08-05 19:33:45.091 11113 11124 I art     : Explicit concurrent mark sweep GC freed 1344(78KB) AllocSpace objects, 1(20KB) LOS objects, 23% free, 53MB/69MB, paused 696us total 36.137ms
08-05 19:33:45.105 11113 11124 I art     : Starting a blocking GC Explicit
08-05 19:33:45.134 11113 11124 I art     : Explicit concurrent mark sweep GC freed 20(704B) AllocSpace objects, 0(0B) LOS objects, 23% free, 53MB/69MB, paused 650us total 28.835ms
08-05 19:33:45.145 11113 11124 I art     : Starting a blocking GC Explicit
08-05 19:33:45.175 11113 11124 I art     : Explicit concurrent mark sweep GC freed 3(96B) AllocSpace objects, 0(0B) LOS objects, 23% free, 53MB/69MB, paused 662us total 29.324ms
08-05 19:33:45.187 11113 11124 I art     : Starting a blocking GC Explicit
08-05 19:33:45.217 11113 11124 I art     : Explicit concurrent mark sweep GC freed 3(96B) AllocSpace objects, 0(0B) LOS objects, 23% free, 53MB/69MB, paused 683us total 29.679ms
08-05 19:33:45.229 11113 11124 I art     : Starting a blocking GC Explicit
08-05 19:33:45.261 11113 11124 I art     : Explicit concurrent mark sweep GC freed 3(96B) AllocSpace objects, 0(0B) LOS objects, 23% free, 53MB/69MB, paused 664us total 31.934ms
08-05 19:33:45.590 11113 11143 I art     : Starting a blocking GC Explicit
08-05 19:33:45.629 11113 11143 I art     : Explicit concurrent mark sweep GC freed 1344(78KB) AllocSpace objects, 1(20KB) LOS objects, 23% free, 53MB/69MB, paused 906us total 38.259ms
08-05 19:33:45.646 11113 11143 I art     : Starting a blocking GC Explicit
08-05 19:33:45.681 11113 11143 I art     : Explicit concurrent mark sweep GC freed 20(704B) AllocSpace objects, 0(0B) LOS objects, 23% free, 53MB/69MB, paused 789us total 34.786ms
08-05 19:33:45.694 11113 11143 I art     : Starting a blocking GC Explicit
08-05 19:33:45.726 11113 11143 I art     : Explicit concurrent mark sweep GC freed 3(96B) AllocSpace objects, 0(0B) LOS objects, 23% free, 53MB/69MB, paused 681us total 31.504ms
08-05 19:33:45.738 11113 11143 I art     : Starting a blocking GC Explicit
08-05 19:33:45.770 11113 11143 I art     : Explicit concurrent mark sweep GC freed 3(96B) AllocSpace objects, 0(0B) LOS objects, 23% free, 53MB/69MB, paused 654us total 32.250ms
08-05 19:33:45.782 11113 11143 I art     : Starting a blocking GC Explicit
08-05 19:33:45.814 11113 11143 I art     : Explicit concurrent mark sweep GC freed 3(96B) AllocSpace objects, 0(0B) LOS objects, 23% free, 53MB/69MB, paused 661us total 30.961ms
08-05 19:33:45.881 13866 13882 I PeriodicStatsRunner: PeriodicStatsRunner.call():175 call()
08-05 19:33:45.882 13866 13882 I PeriodicStatsRunner: PeriodicStatsRunner.call():179 No submit PeriodicStats since input started.
08-05 19:33:46.157 11113 11348 I art     : Starting a blocking GC Explicit
08-05 19:33:46.194 11113 11348 I art     : Explicit concurrent mark sweep GC freed 1344(78KB) AllocSpace objects, 1(20KB) LOS objects, 23% free, 53MB/69MB, paused 648us total 36.869ms
08-05 19:33:46.206 11113 11348 I art     : Starting a blocking GC Explicit
08-05 19:33:46.238 11113 11348 I art     : Explicit concurrent mark sweep GC freed 20(704B) AllocSpace objects, 0(0B) LOS objects, 23% free, 53MB/69MB, paused 772us total 31.585ms
08-05 19:33:46.249 11113 11348 I art     : Starting a blocking GC Explicit
08-05 19:33:46.282 11113 11348 I art     : Explicit concurrent mark sweep GC freed 3(96B) AllocSpace objects, 0(0B) LOS objects, 23% free, 53MB/69MB, paused 704us total 31.981ms
08-05 19:33:46.294 11113 11348 I art     : Starting a blocking GC Explicit
08-05 19:33:46.324 11113 11348 I art     : Explicit concurrent mark sweep GC freed 3(96B) AllocSpace objects, 0(0B) LOS objects, 23% free, 53MB/69MB, paused 649us total 30.457ms
08-05 19:33:46.336 11113 11348 I art     : Starting a blocking GC Explicit
08-05 19:33:46.369 11113 11348 I art     : Explicit concurrent mark sweep GC freed 3(96B) AllocSpace objects, 0(0B) LOS objects, 23% free, 53MB/69MB, paused 688us total 32.229ms
08-05 19:33:46.705 11113 11126 I art     : Starting a blocking GC Explicit
08-05 19:33:46.746 11113 11126 I art     : Explicit concurrent mark sweep GC freed 1344(78KB) AllocSpace objects, 1(20KB) LOS objects, 23% free, 53MB/69MB, paused 732us total 40.693ms
08-05 19:33:46.763 11113 11126 I art     : Starting a blocking GC Explicit
08-05 19:33:46.798 11113 11126 I art     : Explicit concurrent mark sweep GC freed 20(704B) AllocSpace objects, 0(0B) LOS objects, 23% free, 53MB/69MB, paused 738us total 35.051ms
08-05 19:33:46.810 11113 11126 I art     : Starting a blocking GC Explicit
08-05 19:33:46.842 11113 11126 I art     : Explicit concurrent mark sweep GC freed 3(96B) AllocSpace objects, 0(0B) LOS objects, 23% free, 53MB/69MB, paused 674us total 31.212ms
08-05 19:33:46.854 11113 11126 I art     : Starting a blocking GC Explicit
08-05 19:33:46.886 11113 11126 I art     : Explicit concurrent mark sweep GC freed 3(96B) AllocSpace objects, 0(0B) LOS objects, 23% free, 53MB/69MB, paused 723us total 31.708ms
08-05 19:33:46.898 11113 11126 I art     : Starting a blocking GC Explicit
08-05 19:33:46.929 11113 11126 I art     : Explicit concurrent mark sweep GC freed 3(96B) AllocSpace objects, 0(0B) LOS objects, 23% free, 53MB/69MB, paused 630us total 31.078ms
08-05 19:33:47.272 11113 11124 I art     : Starting a blocking GC Explicit
08-05 19:33:47.310 11113 11124 I art     : Explicit concurrent mark sweep GC freed 1344(78KB) AllocSpace objects, 1(20KB) LOS objects, 23% free, 53MB/69MB, paused 681us total 37.535ms
08-05 19:33:47.324 11113 11124 I art     : Starting a blocking GC Explicit
08-05 19:33:47.357 11113 11124 I art     : Explicit concurrent mark sweep GC freed 20(704B) AllocSpace objects, 0(0B) LOS objects, 23% free, 53MB/69MB, paused 765us total 32.443ms
08-05 19:33:47.369 11113 11124 I art     : Starting a blocking GC Explicit
08-05 19:33:47.401 11113 11124 I art     : Explicit concurrent mark sweep GC freed 3(96B) AllocSpace objects, 0(0B) LOS objects, 23% free, 53MB/69MB, paused 680us total 31.463ms
08-05 19:33:47.413 11113 11124 I art     : Starting a blocking GC Explicit
08-05 19:33:47.443 11113 11124 I art     : Explicit concurrent mark sweep GC freed 3(96B) AllocSpace objects, 0(0B) LOS objects, 23% free, 53MB/69MB, paused 689us total 29.669ms
08-05 19:33:47.455 11113 11124 I art     : Starting a blocking GC Explicit
08-05 19:33:47.487 11113 11124 I art     : Explicit concurrent mark sweep GC freed 3(96B) AllocSpace objects, 0(0B) LOS objects, 23% free, 53MB/69MB, paused 672us total 31.994ms
08-05 19:33:47.809 11113 11143 I art     : Starting a blocking GC Explicit
08-05 19:33:47.843 11113 11143 I art     : Explicit concurrent mark sweep GC freed 1344(78KB) AllocSpace objects, 1(20KB) LOS objects, 23% free, 53MB/69MB, paused 667us total 34.133ms
08-05 19:33:47.857 11113 11143 I art     : Starting a blocking GC Explicit
08-05 19:33:47.872 13866 13882 I PeriodicStatsRunner: PeriodicStatsRunner.call():175 call()
08-05 19:33:47.873 13866 13882 I PeriodicStatsRunner: PeriodicStatsRunner.call():179 No submit PeriodicStats since input started.
08-05 19:33:47.892 11113 11143 I art     : Explicit concurrent mark sweep GC freed 20(704B) AllocSpace objects, 0(0B) LOS objects, 23% free, 53MB/69MB, paused 812us total 33.868ms
08-05 19:33:47.905 11113 11143 I art     : Starting a blocking GC Explicit
08-05 19:33:47.937 11113 11143 I art     : Explicit concurrent mark sweep GC freed 3(96B) AllocSpace objects, 0(0B) LOS objects, 23% free, 53MB/69MB, paused 627us total 30.908ms
08-05 19:33:47.948 11113 11143 I art     : Starting a blocking GC Explicit
08-05 19:33:47.981 11113 11143 I art     : Explicit concurrent mark sweep GC freed 3(96B) AllocSpace objects, 0(0B) LOS objects, 23% free, 53MB/69MB, paused 665us total 31.805ms
08-05 19:33:47.993 11113 11143 I art     : Starting a blocking GC Explicit
08-05 19:33:48.025 11113 11143 I art     : Explicit concurrent mark sweep GC freed 3(96B) AllocSpace objects, 0(0B) LOS objects, 23% free, 53MB/69MB, paused 644us total 31.864ms
08-05 19:33:48.346 11113 11348 I art     : Starting a blocking GC Explicit
08-05 19:33:48.386 11113 11348 I art     : Explicit concurrent mark sweep GC freed 1344(78KB) AllocSpace objects, 1(20KB) LOS objects, 23% free, 53MB/69MB, paused 711us total 39.382ms
08-05 19:33:48.403 11113 11348 I art     : Starting a blocking GC Explicit
08-05 19:33:48.436 11113 11348 I art     : Explicit concurrent mark sweep GC freed 20(704B) AllocSpace objects, 0(0B) LOS objects, 23% free, 53MB/69MB, paused 675us total 32.205ms
08-05 19:33:48.448 11113 11348 I art     : Starting a blocking GC Explicit
08-05 19:33:48.480 11113 11348 I art     : Explicit concurrent mark sweep GC freed 3(96B) AllocSpace objects, 0(0B) LOS objects, 23% free, 53MB/69MB, paused 646us total 32.184ms
08-05 19:33:48.492 11113 11348 I art     : Starting a blocking GC Explicit
08-05 19:33:48.524 11113 11348 I art     : Explicit concurrent mark sweep GC freed 3(96B) AllocSpace objects, 0(0B) LOS objects, 23% free, 53MB/69MB, paused 655us total 31.744ms
08-05 19:33:48.536 11113 11348 I art     : Starting a blocking GC Explicit
08-05 19:33:48.565 11113 11348 I art     : Explicit concurrent mark sweep GC freed 3(96B) AllocSpace objects, 0(0B) LOS objects, 23% free, 53MB/69MB, paused 618us total 28.551ms
08-05 19:33:48.910 11113 11126 I art     : Starting a blocking GC Explicit
08-05 19:33:48.948 11113 11126 I art     : Explicit concurrent mark sweep GC freed 1344(78KB) AllocSpace objects, 1(20KB) LOS objects, 23% free, 53MB/69MB, paused 805us total 37.061ms
08-05 19:33:48.962 11113 11126 I art     : Starting a blocking GC Explicit
08-05 19:33:48.995 11113 11126 I art     : Explicit concurrent mark sweep GC freed 20(704B) AllocSpace objects, 0(0B) LOS objects, 23% free, 53MB/69MB, paused 670us total 32.136ms
08-05 19:33:49.007 11113 11126 I art     : Starting a blocking GC Explicit
08-05 19:33:49.037 11113 11126 I art     : Explicit concurrent mark sweep GC freed 3(96B) AllocSpace objects, 0(0B) LOS objects, 23% free, 53MB/69MB, paused 665us total 29.984ms
08-05 19:33:49.049 11113 11126 I art     : Starting a blocking GC Explicit
08-05 19:33:49.081 11113 11126 I art     : Explicit concurrent mark sweep GC freed 3(96B) AllocSpace objects, 0(0B) LOS objects, 23% free, 53MB/69MB, paused 670us total 31.978ms
08-05 19:33:49.093 11113 11126 I art     : Starting a blocking GC Explicit
08-05 19:33:49.125 11113 11126 I art     : Explicit concurrent mark sweep GC freed 3(96B) AllocSpace objects, 0(0B) LOS objects, 23% free, 53MB/69MB, paused 633us total 31.675ms
08-05 19:33:49.449 11113 11124 I art     : Starting a blocking GC Explicit
08-05 19:33:49.488 11113 11124 I art     : Explicit concurrent mark sweep GC freed 1344(78KB) AllocSpace objects, 1(20KB) LOS objects, 23% free, 53MB/69MB, paused 794us total 38.369ms
08-05 19:33:49.502 11113 11124 I art     : Starting a blocking GC Explicit
08-05 19:33:49.533 11113 11124 I art     : Explicit concurrent mark sweep GC freed 20(704B) AllocSpace objects, 0(0B) LOS objects, 23% free, 53MB/69MB, paused 671us total 30.918ms
08-05 19:33:49.545 11113 11124 I art     : Starting a blocking GC Explicit
08-05 19:33:49.578 11113 11124 I art     : Explicit concurrent mark sweep GC freed 3(96B) AllocSpace objects, 0(0B) LOS objects, 23% free, 53MB/69MB, paused 760us total 32.063ms
08-05 19:33:49.589 11113 11124 I art     : Starting a blocking GC Explicit
08-05 19:33:49.622 11113 11124 I art     : Explicit concurrent mark sweep GC freed 3(96B) AllocSpace objects, 0(0B) LOS objects, 23% free, 53MB/69MB, paused 668us total 31.947ms
08-05 19:33:49.634 11113 11124 I art     : Starting a blocking GC Explicit
08-05 19:33:49.664 11113 11124 I art     : Explicit concurrent mark sweep GC freed 3(96B) AllocSpace objects, 0(0B) LOS objects, 23% free, 53MB/69MB, paused 642us total 29.762ms
08-05 19:33:50.015 11113 11143 I art     : Starting a blocking GC Explicit
08-05 19:33:50.055 11113 11143 I art     : Explicit concurrent mark sweep GC freed 1344(78KB) AllocSpace objects, 1(20KB) LOS objects, 23% free, 53MB/69MB, paused 926us total 40.589ms
08-05 19:33:50.067 11113 11143 I art     : Starting a blocking GC Explicit
08-05 19:33:50.100 11113 11143 I art     : Explicit concurrent mark sweep GC freed 20(704B) AllocSpace objects, 0(0B) LOS objects, 23% free, 53MB/69MB, paused 671us total 31.889ms
08-05 19:33:50.100 11113 11123 I art     : WaitForGcToComplete blocked for 8.872ms for cause HeapTrim
08-05 19:33:50.112 11113 11143 I art     : Starting a blocking GC Explicit
08-05 19:33:50.144 11113 11143 I art     : Explicit concurrent mark sweep GC freed 3(96B) AllocSpace objects, 0(0B) LOS objects, 23% free, 53MB/69MB, paused 658us total 31.918ms
08-05 19:33:50.156 11113 11143 I art     : Starting a blocking GC Explicit
08-05 19:33:50.186 11113 11143 I art     : Explicit concurrent mark sweep GC freed 3(96B) AllocSpace objects, 0(0B) LOS objects, 23% free, 53MB/69MB, paused 650us total 29.658ms
08-05 19:33:50.197 11113 11143 I art     : Starting a blocking GC Explicit
08-05 19:33:50.229 11113 11143 I art     : Explicit concurrent mark sweep GC freed 3(96B) AllocSpace objects, 0(0B) LOS objects, 23% free, 53MB/69MB, paused 670us total 31.235ms
08-05 19:33:50.291   918  3261 D WifiStateMachine: starting scan for "H369AA63323"WPA_PSK with 2412,5180
08-05 19:33:50.568 11113 11348 I art     : Starting a blocking GC Explicit
08-05 19:33:50.612 11113 11348 I art     : Explicit concurrent mark sweep GC freed 1344(78KB) AllocSpace objects, 1(20KB) LOS objects, 23% free, 53MB/69MB, paused 750us total 43.608ms
08-05 19:33:50.630 11113 11348 I art     : Starting a blocking GC Explicit
08-05 19:33:50.661 11113 11348 I art     : Explicit concurrent mark sweep GC freed 20(704B) AllocSpace objects, 0(0B) LOS objects, 23% free, 53MB/69MB, paused 646us total 30.302ms
08-05 19:33:50.673 11113 11348 I art     : Starting a blocking GC Explicit
08-05 19:33:50.704 11113 11348 I art     : Explicit concurrent mark sweep GC freed 3(96B) AllocSpace objects, 0(0B) LOS objects, 23% free, 53MB/69MB, paused 668us total 31.341ms
08-05 19:33:50.716 11113 11348 I art     : Starting a blocking GC Explicit
08-05 19:33:50.748 11113 11348 I art     : Explicit concurrent mark sweep GC freed 3(96B) AllocSpace objects, 0(0B) LOS objects, 23% free, 53MB/69MB, paused 664us total 31.821ms
08-05 19:33:50.760 11113 11348 I art     : Starting a blocking GC Explicit
08-05 19:33:50.792 11113 11348 I art     : Explicit concurrent mark sweep GC freed 3(96B) AllocSpace objects, 0(0B) LOS objects, 23% free, 53MB/69MB, paused 634us total 30.977ms
08-05 19:33:51.125 11113 11126 I art     : Starting a blocking GC Explicit
08-05 19:33:51.160 11113 11126 I art     : Explicit concurrent mark sweep GC freed 1344(78KB) AllocSpace objects, 1(20KB) LOS objects, 23% free, 53MB/69MB, paused 707us total 33.890ms
08-05 19:33:51.175 11113 11126 I art     : Starting a blocking GC Explicit
08-05 19:33:51.205 11113 11126 I art     : Explicit concurrent mark sweep GC freed 20(704B) AllocSpace objects, 0(0B) LOS objects, 23% free, 53MB/69MB, paused 678us total 29.331ms
08-05 19:33:51.217 11113 11126 I art     : Starting a blocking GC Explicit
08-05 19:33:51.247 11113 11126 I art     : Explicit concurrent mark sweep GC freed 3(96B) AllocSpace objects, 0(0B) LOS objects, 23% free, 53MB/69MB, paused 740us total 30.131ms
08-05 19:33:51.259 11113 11126 I art     : Starting a blocking GC Explicit
08-05 19:33:51.289 11113 11126 I art     : Explicit concurrent mark sweep GC freed 3(96B) AllocSpace objects, 0(0B) LOS objects, 23% free, 53MB/69MB, paused 700us total 29.533ms
08-05 19:33:51.300 11113 11126 I art     : Starting a blocking GC Explicit
08-05 19:33:51.329 11113 11126 I art     : Explicit concurrent mark sweep GC freed 3(96B) AllocSpace objects, 0(0B) LOS objects, 23% free, 53MB/69MB, paused 678us total 29.213ms
08-05 19:33:51.576 14086 14086 D AndroidRuntime: >>>>>> START com.android.internal.os.RuntimeInit uid 2000 <<<<<<
08-05 19:33:51.582 14086 14086 D AndroidRuntime: CheckJNI is OFF
08-05 19:33:51.626 14086 14086 D ICU     : No timezone override file found: /data/misc/zoneinfo/current/icu/icu_tzdata.dat
08-05 19:33:51.641 11113 11124 I art     : Starting a blocking GC Explicit
08-05 19:33:51.669 14086 14086 I Radio-JNI: register_android_hardware_Radio DONE
08-05 19:33:51.671 11113 11124 I art     : Explicit concurrent mark sweep GC freed 1344(78KB) AllocSpace objects, 1(20KB) LOS objects, 23% free, 53MB/69MB, paused 723us total 29.527ms
08-05 19:33:51.682 11113 11124 I art     : Starting a blocking GC Explicit
08-05 19:33:51.700 14086 14086 D AndroidRuntime: Calling main entry com.android.commands.input.Input
08-05 19:33:51.702 14086 14086 I Input   : injectMotionEvent: MotionEvent { action=ACTION_DOWN, actionButton=0, id[0]=0, x[0]=369.0, y[0]=554.0, toolType[0]=TOOL_TYPE_UNKNOWN, buttonState=0, metaState=0, flags=0x0, edgeFlags=0x0, pointerCount=1, historySize=0, eventTime=819248114, downTime=819248114, deviceId=0, source=0x1002 }
08-05 19:33:51.708 14086 14086 I Input   : injectMotionEvent: MotionEvent { action=ACTION_UP, actionButton=0, id[0]=0, x[0]=369.0, y[0]=554.0, toolType[0]=TOOL_TYPE_UNKNOWN, buttonState=0, metaState=0, flags=0x0, edgeFlags=0x0, pointerCount=1, historySize=0, eventTime=819248114, downTime=819248114, deviceId=0, source=0x1002 }
08-05 19:33:51.709 11113 11124 I art     : Explicit concurrent mark sweep GC freed 20(704B) AllocSpace objects, 0(0B) LOS objects, 23% free, 53MB/69MB, paused 616us total 26.809ms
08-05 19:33:51.710   918  3961 I ActivityManager: START u0 {cmp=baseline.appteam.nith.hillffair/.activities.ClubActivity (has extras)} from uid 10675 on display 0
08-05 19:33:51.716 14086 14086 D AndroidRuntime: Shutting down VM
08-05 19:33:51.720 11113 11124 I art     : Starting a blocking GC Explicit
08-05 19:33:51.747 11113 11124 I art     : Explicit concurrent mark sweep GC freed 327(24KB) AllocSpace objects, 0(0B) LOS objects, 23% free, 53MB/69MB, paused 936us total 26.792ms
08-05 19:33:51.759 11113 11124 I art     : Starting a blocking GC Explicit
08-05 19:33:51.788 11113 11124 I art     : Explicit concurrent mark sweep GC freed 3351(201KB) AllocSpace objects, 0(0B) LOS objects, 23% free, 53MB/69MB, paused 806us total 29.083ms
08-05 19:33:51.799 11113 11124 I art     : Starting a blocking GC Explicit
08-05 19:33:51.827 11113 11124 I art     : Explicit concurrent mark sweep GC freed 246(10KB) AllocSpace objects, 0(0B) LOS objects, 23% free, 53MB/69MB, paused 902us total 27.486ms
08-05 19:33:51.828 13866 13866 I GoogleInputMethodServic: GoogleInputMethodService.onFinishInput():3138 
08-05 19:33:51.829   918   936 I ActivityManager: Displayed baseline.appteam.nith.hillffair/.activities.ClubActivity: +111ms
08-05 19:33:51.830 13866 13866 I GoogleInputMethodServic: GoogleInputMethodService.onStartInput():1808 
08-05 19:33:52.098   380   380 W SurfaceFlinger: couldn't log to binary event log: overflow.
08-05 19:33:52.143 11113 11124 I art     : Starting a blocking GC Explicit
08-05 19:33:52.170 11113 11124 I art     : Explicit concurrent mark sweep GC freed 1463(85KB) AllocSpace objects, 1(20KB) LOS objects, 23% free, 53MB/69MB, paused 659us total 26.650ms
08-05 19:33:52.180 11113 11124 I art     : Starting a blocking GC Explicit
08-05 19:33:52.210 11113 11124 I art     : Explicit concurrent mark sweep GC freed 32(1120B) AllocSpace objects, 0(0B) LOS objects, 23% free, 53MB/69MB, paused 983us total 29.051ms
08-05 19:33:52.223 11113 11124 I art     : Starting a blocking GC Explicit
08-05 19:33:52.251 11113 11124 I art     : Explicit concurrent mark sweep GC freed 115(6KB) AllocSpace objects, 0(0B) LOS objects, 23% free, 53MB/69MB, paused 773us total 28.468ms
08-05 19:33:52.263 11113 11124 I art     : Starting a blocking GC Explicit
08-05 19:33:52.291 11113 11124 I art     : Explicit concurrent mark sweep GC freed 16(608B) AllocSpace objects, 0(0B) LOS objects, 23% free, 53MB/69MB, paused 693us total 27.993ms
08-05 19:33:52.302 11113 11124 I art     : Starting a blocking GC Explicit
08-05 19:33:52.330 11113 11124 I art     : Explicit concurrent mark sweep GC freed 15(544B) AllocSpace objects, 0(0B) LOS objects, 23% free, 53MB/69MB, paused 724us total 27.940ms
08-05 19:33:52.426 11113 14113 D OkHttp  : --> GET https://api-hillfair-2k16.herokuapp.com/api/app/club/PR%20Club http/1.1
08-05 19:33:52.464 11113 14113 D OkHttp  : <-- 200 OK https://api-hillfair-2k16.herokuapp.com/api/app/club/PR%20Club (38ms, 979-byte body)
08-05 19:33:52.539 11113 11113 I NAPPA_EXPERIMENTATION: MetricNetworkRequestExecutionTime: REQUEST_DURATION_SYSTEM='785',REQUEST_DURATION_OKHTTP='38',REQUEST_SYNCHRONOUS='FALSE',RESPONSE_CODE='200',RESPONSE_METHOD='GET',RESPONSE_LENGTH_OKHTTP='979',RESPONSE_LENGTH_HEADER='979',REQUEST_PROTOCOL='http/1.1',REQUEST_URL='https://api-hillfair-2k16.herokuapp.com/api/app/club/PR%20Club',
08-05 19:33:52.635 11113 11124 I art     : Starting a blocking GC Explicit
08-05 19:33:52.670 11113 11124 I art     : Explicit concurrent mark sweep GC freed 4822(347KB) AllocSpace objects, 4(220KB) LOS objects, 22% free, 53MB/69MB, paused 718us total 34.485ms
08-05 19:33:52.682 11113 11124 I art     : Starting a blocking GC Explicit
08-05 19:33:52.713 11113 11124 I art     : Explicit concurrent mark sweep GC freed 1055(120KB) AllocSpace objects, 0(0B) LOS objects, 22% free, 53MB/69MB, paused 684us total 30.547ms
08-05 19:33:52.725 11113 11124 I art     : Starting a blocking GC Explicit
08-05 19:33:52.754 11113 11124 I art     : Explicit concurrent mark sweep GC freed 3(96B) AllocSpace objects, 0(0B) LOS objects, 22% free, 53MB/69MB, paused 720us total 28.836ms
08-05 19:33:52.766 11113 11124 I art     : Starting a blocking GC Explicit
08-05 19:33:52.796 11113 11124 I art     : Explicit concurrent mark sweep GC freed 3(96B) AllocSpace objects, 0(0B) LOS objects, 22% free, 53MB/69MB, paused 646us total 28.891ms
08-05 19:33:52.807 11113 11124 I art     : Starting a blocking GC Explicit
08-05 19:33:52.837 11113 11124 I art     : Explicit concurrent mark sweep GC freed 3(96B) AllocSpace objects, 0(0B) LOS objects, 22% free, 53MB/69MB, paused 691us total 29.470ms
08-05 19:33:53.146 11113 11124 I art     : Starting a blocking GC Explicit
08-05 19:33:53.190 11113 11124 I art     : Explicit concurrent mark sweep GC freed 1344(78KB) AllocSpace objects, 1(20KB) LOS objects, 22% free, 53MB/69MB, paused 787us total 43.569ms
08-05 19:33:53.206 11113 11124 I art     : Starting a blocking GC Explicit
08-05 19:33:53.240 11113 11124 I art     : Explicit concurrent mark sweep GC freed 36(1264B) AllocSpace objects, 0(0B) LOS objects, 22% free, 53MB/69MB, paused 658us total 33.952ms
08-05 19:33:53.252 11113 11124 I art     : Starting a blocking GC Explicit
08-05 19:33:53.283 11113 11124 I art     : Explicit concurrent mark sweep GC freed 3(96B) AllocSpace objects, 0(0B) LOS objects, 22% free, 53MB/69MB, paused 662us total 30.567ms
08-05 19:33:53.295 11113 11124 I art     : Starting a blocking GC Explicit
08-05 19:33:53.325 11113 11124 I art     : Explicit concurrent mark sweep GC freed 3(96B) AllocSpace objects, 0(0B) LOS objects, 22% free, 53MB/69MB, paused 652us total 30.497ms
08-05 19:33:53.337 11113 11124 I art     : Starting a blocking GC Explicit
08-05 19:33:53.370 11113 11124 I art     : Explicit concurrent mark sweep GC freed 3(96B) AllocSpace objects, 0(0B) LOS objects, 22% free, 53MB/69MB, paused 682us total 32.344ms
08-05 19:33:53.719 11113 11143 I art     : Starting a blocking GC Explicit
08-05 19:33:53.758 11113 11143 I art     : Explicit concurrent mark sweep GC freed 1344(78KB) AllocSpace objects, 1(20KB) LOS objects, 22% free, 53MB/69MB, paused 726us total 39.122ms
08-05 19:33:53.772 11113 11143 I art     : Starting a blocking GC Explicit
08-05 19:33:53.806 11113 11143 I art     : Explicit concurrent mark sweep GC freed 20(704B) AllocSpace objects, 0(0B) LOS objects, 22% free, 53MB/69MB, paused 695us total 33.224ms
08-05 19:33:53.818 11113 11143 I art     : Starting a blocking GC Explicit
08-05 19:33:53.852 11113 11143 I art     : Explicit concurrent mark sweep GC freed 3(96B) AllocSpace objects, 0(0B) LOS objects, 22% free, 53MB/69MB, paused 693us total 33.662ms
08-05 19:33:53.864 11113 11143 I art     : Starting a blocking GC Explicit
08-05 19:33:53.896 11113 11143 I art     : Explicit concurrent mark sweep GC freed 3(96B) AllocSpace objects, 0(0B) LOS objects, 22% free, 53MB/69MB, paused 675us total 31.522ms
08-05 19:33:53.908 11113 11143 I art     : Starting a blocking GC Explicit
08-05 19:33:53.942 11113 11143 I art     : Explicit concurrent mark sweep GC freed 3(96B) AllocSpace objects, 0(0B) LOS objects, 22% free, 53MB/69MB, paused 703us total 33.790ms
08-05 19:33:54.302 11113 11126 I art     : Starting a blocking GC Explicit
08-05 19:33:54.345 11113 11126 I art     : Explicit concurrent mark sweep GC freed 1344(78KB) AllocSpace objects, 1(20KB) LOS objects, 22% free, 53MB/69MB, paused 826us total 42.634ms
08-05 19:33:54.364 11113 11126 I art     : Starting a blocking GC Explicit
08-05 19:33:54.395 11113 11126 I art     : Explicit concurrent mark sweep GC freed 20(704B) AllocSpace objects, 0(0B) LOS objects, 22% free, 53MB/69MB, paused 712us total 31.020ms
08-05 19:33:54.407 11113 11126 I art     : Starting a blocking GC Explicit
08-05 19:33:54.441 11113 11126 I art     : Explicit concurrent mark sweep GC freed 3(96B) AllocSpace objects, 0(0B) LOS objects, 22% free, 53MB/69MB, paused 736us total 33.178ms
08-05 19:33:54.453 11113 11126 I art     : Starting a blocking GC Explicit
08-05 19:33:54.485 11113 11126 I art     : Explicit concurrent mark sweep GC freed 3(96B) AllocSpace objects, 0(0B) LOS objects, 22% free, 53MB/69MB, paused 737us total 32.207ms
08-05 19:33:54.497 11113 11126 I art     : Starting a blocking GC Explicit
08-05 19:33:54.529 11113 11126 I art     : Explicit concurrent mark sweep GC freed 3(96B) AllocSpace objects, 0(0B) LOS objects, 22% free, 53MB/69MB, paused 730us total 31.640ms
08-05 19:33:54.856 11113 11348 I art     : Starting a blocking GC Explicit
08-05 19:33:54.895 11113 11348 I art     : Explicit concurrent mark sweep GC freed 1344(78KB) AllocSpace objects, 1(20KB) LOS objects, 22% free, 53MB/69MB, paused 724us total 38.443ms
08-05 19:33:54.908 11113 11348 I art     : Starting a blocking GC Explicit
08-05 19:33:54.942 11113 11348 I art     : Explicit concurrent mark sweep GC freed 20(704B) AllocSpace objects, 0(0B) LOS objects, 22% free, 53MB/69MB, paused 691us total 33.116ms
08-05 19:33:54.954 11113 11348 I art     : Starting a blocking GC Explicit
08-05 19:33:54.987 11113 11348 I art     : Explicit concurrent mark sweep GC freed 3(96B) AllocSpace objects, 0(0B) LOS objects, 22% free, 53MB/69MB, paused 757us total 32.678ms
08-05 19:33:54.999 11113 11348 I art     : Starting a blocking GC Explicit
08-05 19:33:55.031 11113 11348 I art     : Explicit concurrent mark sweep GC freed 3(96B) AllocSpace objects, 0(0B) LOS objects, 22% free, 53MB/69MB, paused 673us total 31.272ms
08-05 19:33:55.043 11113 11348 I art     : Starting a blocking GC Explicit
08-05 19:33:55.076 11113 11348 I art     : Explicit concurrent mark sweep GC freed 3(96B) AllocSpace objects, 0(0B) LOS objects, 22% free, 53MB/69MB, paused 734us total 33.051ms
08-05 19:33:55.402 11113 11124 I art     : Starting a blocking GC Explicit
08-05 19:33:55.444 11113 11124 I art     : Explicit concurrent mark sweep GC freed 1344(78KB) AllocSpace objects, 1(20KB) LOS objects, 22% free, 53MB/69MB, paused 680us total 42.017ms
08-05 19:33:55.459 11113 11124 I art     : Starting a blocking GC Explicit
08-05 19:33:55.490 11113 11124 I art     : Explicit concurrent mark sweep GC freed 20(704B) AllocSpace objects, 0(0B) LOS objects, 22% free, 53MB/69MB, paused 639us total 30.360ms
08-05 19:33:55.501 11113 11124 I art     : Starting a blocking GC Explicit
08-05 19:33:55.534 11113 11124 I art     : Explicit concurrent mark sweep GC freed 3(96B) AllocSpace objects, 0(0B) LOS objects, 22% free, 53MB/69MB, paused 672us total 32.097ms
08-05 19:33:55.546 11113 11124 I art     : Starting a blocking GC Explicit
08-05 19:33:55.579 11113 11124 I art     : Explicit concurrent mark sweep GC freed 3(96B) AllocSpace objects, 0(0B) LOS objects, 22% free, 53MB/69MB, paused 745us total 32.893ms
08-05 19:33:55.591 11113 11124 I art     : Starting a blocking GC Explicit
08-05 19:33:55.624 11113 11124 I art     : Explicit concurrent mark sweep GC freed 3(96B) AllocSpace objects, 0(0B) LOS objects, 22% free, 53MB/69MB, paused 646us total 32.381ms
08-05 19:33:55.959 11113 11143 I art     : Starting a blocking GC Explicit
08-05 19:33:55.995 11113 11143 I art     : Explicit concurrent mark sweep GC freed 1344(78KB) AllocSpace objects, 1(20KB) LOS objects, 22% free, 53MB/69MB, paused 677us total 35.748ms
08-05 19:33:56.006 11113 11143 I art     : Starting a blocking GC Explicit
08-05 19:33:56.035 11113 11143 I art     : Explicit concurrent mark sweep GC freed 20(704B) AllocSpace objects, 0(0B) LOS objects, 22% free, 53MB/69MB, paused 674us total 28.699ms
08-05 19:33:56.047 11113 11143 I art     : Starting a blocking GC Explicit
08-05 19:33:56.076 11113 11143 I art     : Explicit concurrent mark sweep GC freed 3(96B) AllocSpace objects, 0(0B) LOS objects, 22% free, 53MB/69MB, paused 664us total 28.582ms
08-05 19:33:56.087 11113 11143 I art     : Starting a blocking GC Explicit
08-05 19:33:56.115 11113 11143 I art     : Explicit concurrent mark sweep GC freed 3(96B) AllocSpace objects, 0(0B) LOS objects, 22% free, 53MB/69MB, paused 673us total 28.245ms
08-05 19:33:56.127 11113 11143 I art     : Starting a blocking GC Explicit
08-05 19:33:56.158 11113 11143 I art     : Explicit concurrent mark sweep GC freed 3(96B) AllocSpace objects, 0(0B) LOS objects, 22% free, 53MB/69MB, paused 733us total 30.803ms
08-05 19:33:56.483 11113 11126 I art     : Starting a blocking GC Explicit
08-05 19:33:56.501 14197 14197 D AndroidRuntime: >>>>>> START com.android.internal.os.RuntimeInit uid 2000 <<<<<<
08-05 19:33:56.508 14197 14197 D AndroidRuntime: CheckJNI is OFF
08-05 19:33:56.520 11113 11126 I art     : Explicit concurrent mark sweep GC freed 1344(78KB) AllocSpace objects, 1(20KB) LOS objects, 22% free, 53MB/69MB, paused 776us total 36.006ms
08-05 19:33:56.532 11113 11126 I art     : Starting a blocking GC Explicit
08-05 19:33:56.557 14197 14197 D ICU     : No timezone override file found: /data/misc/zoneinfo/current/icu/icu_tzdata.dat
08-05 19:33:56.563 11113 11126 I art     : Explicit concurrent mark sweep GC freed 20(704B) AllocSpace objects, 0(0B) LOS objects, 22% free, 53MB/69MB, paused 653us total 30.518ms
08-05 19:33:56.574 11113 11126 I art     : Starting a blocking GC Explicit
08-05 19:33:56.603 14197 14197 I Radio-JNI: register_android_hardware_Radio DONE
08-05 19:33:56.605 11113 11126 I art     : Explicit concurrent mark sweep GC freed 3(96B) AllocSpace objects, 0(0B) LOS objects, 22% free, 53MB/69MB, paused 718us total 30.031ms
08-05 19:33:56.616 11113 11126 I art     : Starting a blocking GC Explicit
08-05 19:33:56.633 14197 14197 D AndroidRuntime: Calling main entry com.android.commands.input.Input
08-05 19:33:56.635 14197 14197 I Input   : injectKeyEvent: KeyEvent { action=ACTION_DOWN, keyCode=KEYCODE_BACK, scanCode=0, metaState=0, flags=0x0, repeatCount=0, eventTime=819253048, downTime=819253048, deviceId=-1, source=0x101 }
08-05 19:33:56.641 14197 14197 I Input   : injectKeyEvent: KeyEvent { action=ACTION_UP, keyCode=KEYCODE_BACK, scanCode=0, metaState=0, flags=0x0, repeatCount=0, eventTime=819253048, downTime=819253048, deviceId=-1, source=0x101 }
08-05 19:33:56.646 11113 11126 I art     : Explicit concurrent mark sweep GC freed 5(208B) AllocSpace objects, 0(0B) LOS objects, 22% free, 53MB/69MB, paused 708us total 29.758ms
08-05 19:33:56.648 14197 14197 D AndroidRuntime: Shutting down VM
08-05 19:33:56.657 11113 11126 I art     : Starting a blocking GC Explicit
08-05 19:33:56.685 11113 11126 I art     : Explicit concurrent mark sweep GC freed 145(6KB) AllocSpace objects, 0(0B) LOS objects, 22% free, 53MB/69MB, paused 625us total 27.818ms
08-05 19:33:56.688 13866 13866 I GoogleInputMethodServic: GoogleInputMethodService.onFinishInput():3138 
08-05 19:33:56.689 13866 13866 I GoogleInputMethodServic: GoogleInputMethodService.onStartInput():1808 
08-05 19:33:56.830 13866 13882 I PeriodicStatsRunner: PeriodicStatsRunner.call():175 call()
08-05 19:33:56.831 13866 13882 I PeriodicStatsRunner: PeriodicStatsRunner.call():179 No submit PeriodicStats since input started.
08-05 19:33:56.990 11113 11124 I art     : Starting a blocking GC Explicit
08-05 19:33:57.008   380   380 W SurfaceFlinger: couldn't log to binary event log: overflow.
08-05 19:33:57.023 11113 11124 I art     : Explicit concurrent mark sweep GC freed 1472(87KB) AllocSpace objects, 1(20KB) LOS objects, 22% free, 53MB/69MB, paused 669us total 32.682ms
08-05 19:33:57.034 11113 11124 I art     : Starting a blocking GC Explicit
08-05 19:33:57.061 11113 11124 I art     : Explicit concurrent mark sweep GC freed 44(1760B) AllocSpace objects, 0(0B) LOS objects, 22% free, 53MB/69MB, paused 638us total 26.727ms
08-05 19:33:57.072 11113 11124 I art     : Starting a blocking GC Explicit
08-05 19:33:57.099 11113 11124 I art     : Explicit concurrent mark sweep GC freed 1654(107KB) AllocSpace objects, 3(184KB) LOS objects, 23% free, 53MB/69MB, paused 633us total 27.218ms
08-05 19:33:57.110 11113 11124 I art     : Starting a blocking GC Explicit
08-05 19:33:57.138 11113 11124 I art     : Explicit concurrent mark sweep GC freed 3(96B) AllocSpace objects, 0(0B) LOS objects, 23% free, 53MB/69MB, paused 661us total 28.243ms
08-05 19:33:57.149 11113 11124 I art     : Starting a blocking GC Explicit
08-05 19:33:57.178 11113 11124 I art     : Explicit concurrent mark sweep GC freed 3(96B) AllocSpace objects, 0(0B) LOS objects, 23% free, 53MB/69MB, paused 671us total 28.664ms
08-05 19:33:57.496 11113 11143 I art     : Starting a blocking GC Explicit
08-05 19:33:57.535 11113 11143 I art     : Explicit concurrent mark sweep GC freed 1344(78KB) AllocSpace objects, 1(20KB) LOS objects, 23% free, 53MB/69MB, paused 694us total 39.135ms
08-05 19:33:57.549 11113 11143 I art     : Starting a blocking GC Explicit
08-05 19:33:57.579 11113 11143 I art     : Explicit concurrent mark sweep GC freed 20(704B) AllocSpace objects, 0(0B) LOS objects, 23% free, 53MB/69MB, paused 673us total 29.601ms
08-05 19:33:57.591 11113 11143 I art     : Starting a blocking GC Explicit
08-05 19:33:57.621 11113 11143 I art     : Explicit concurrent mark sweep GC freed 3(96B) AllocSpace objects, 0(0B) LOS objects, 23% free, 53MB/69MB, paused 669us total 30.111ms
08-05 19:33:57.633 11113 11143 I art     : Starting a blocking GC Explicit
08-05 19:33:57.662 11113 11143 I art     : Explicit concurrent mark sweep GC freed 3(96B) AllocSpace objects, 0(0B) LOS objects, 23% free, 53MB/69MB, paused 725us total 29.342ms
08-05 19:33:57.674 11113 11143 I art     : Starting a blocking GC Explicit
08-05 19:33:57.704 11113 11143 I art     : Explicit concurrent mark sweep GC freed 3(96B) AllocSpace objects, 0(0B) LOS objects, 23% free, 53MB/69MB, paused 691us total 29.508ms
08-05 19:33:57.996 11113 11126 I art     : Starting a blocking GC Explicit
08-05 19:33:58.030 11113 11126 I art     : Explicit concurrent mark sweep GC freed 1365(79KB) AllocSpace objects, 1(20KB) LOS objects, 23% free, 53MB/69MB, paused 658us total 33.110ms
08-05 19:33:58.045 11113 11126 I art     : Starting a blocking GC Explicit
08-05 19:33:58.074 11113 11126 I art     : Explicit concurrent mark sweep GC freed 36(1216B) AllocSpace objects, 0(0B) LOS objects, 23% free, 53MB/69MB, paused 666us total 28.633ms
08-05 19:33:58.086 11113 11126 I art     : Starting a blocking GC Explicit
08-05 19:33:58.114 11113 11126 I art     : Explicit concurrent mark sweep GC freed 3(96B) AllocSpace objects, 0(0B) LOS objects, 23% free, 53MB/69MB, paused 638us total 28.310ms
08-05 19:33:58.126 11113 11126 I art     : Starting a blocking GC Explicit
08-05 19:33:58.154 11113 11126 I art     : Explicit concurrent mark sweep GC freed 3(96B) AllocSpace objects, 0(0B) LOS objects, 23% free, 53MB/69MB, paused 699us total 27.905ms
08-05 19:33:58.165 11113 11126 I art     : Starting a blocking GC Explicit
08-05 19:33:58.194 11113 11126 I art     : Explicit concurrent mark sweep GC freed 3(96B) AllocSpace objects, 0(0B) LOS objects, 23% free, 53MB/69MB, paused 658us total 28.259ms
08-05 19:33:58.446 14245 14245 D AndroidRuntime: >>>>>> START com.android.internal.os.RuntimeInit uid 2000 <<<<<<
08-05 19:33:58.452 14245 14245 D AndroidRuntime: CheckJNI is OFF
08-05 19:33:58.495 14245 14245 D ICU     : No timezone override file found: /data/misc/zoneinfo/current/icu/icu_tzdata.dat
08-05 19:33:58.519 11113 11348 I art     : Starting a blocking GC Explicit
08-05 19:33:58.537 14245 14245 I Radio-JNI: register_android_hardware_Radio DONE
08-05 19:33:58.549 11113 11348 I art     : Explicit concurrent mark sweep GC freed 1344(78KB) AllocSpace objects, 1(20KB) LOS objects, 23% free, 53MB/69MB, paused 713us total 29.097ms
08-05 19:33:58.560 11113 11348 I art     : Starting a blocking GC Explicit
08-05 19:33:58.567 14245 14245 D AndroidRuntime: Calling main entry com.android.commands.input.Input
08-05 19:33:58.570 14245 14245 I Input   : injectMotionEvent: MotionEvent { action=ACTION_DOWN, actionButton=0, id[0]=0, x[0]=1012.0, y[0]=1152.0, toolType[0]=TOOL_TYPE_UNKNOWN, buttonState=0, metaState=0, flags=0x0, edgeFlags=0x0, pointerCount=1, historySize=0, eventTime=819254982, downTime=819254982, deviceId=0, source=0x1002 }
08-05 19:33:58.576 14245 14245 I Input   : injectMotionEvent: MotionEvent { action=ACTION_UP, actionButton=0, id[0]=0, x[0]=1012.0, y[0]=1152.0, toolType[0]=TOOL_TYPE_UNKNOWN, buttonState=0, metaState=0, flags=0x0, edgeFlags=0x0, pointerCount=1, historySize=0, eventTime=819254982, downTime=819254982, deviceId=0, source=0x1002 }
08-05 19:33:58.579   918  6029 I ActivityManager: START u0 {cmp=baseline.appteam.nith.hillffair/.activities.ClubActivity (has extras)} from uid 10675 on display 0
08-05 19:33:58.588 14245 14245 D AndroidRuntime: Shutting down VM
08-05 19:33:58.589 11113 11348 I art     : Explicit concurrent mark sweep GC freed 37(1232B) AllocSpace objects, 0(0B) LOS objects, 23% free, 53MB/69MB, paused 788us total 28.634ms
08-05 19:33:58.601 11113 11348 I art     : Starting a blocking GC Explicit
08-05 19:33:58.628 11113 11348 I art     : Explicit concurrent mark sweep GC freed 3135(191KB) AllocSpace objects, 0(0B) LOS objects, 23% free, 53MB/69MB, paused 975us total 27.554ms
08-05 19:33:58.640 11113 11348 I art     : Starting a blocking GC Explicit
08-05 19:33:58.667 11113 11348 I art     : Explicit concurrent mark sweep GC freed 408(30KB) AllocSpace objects, 0(0B) LOS objects, 23% free, 53MB/69MB, paused 985us total 26.664ms
08-05 19:33:58.678 11113 11348 I art     : Starting a blocking GC Explicit
08-05 19:33:58.681 13866 13866 I GoogleInputMethodServic: GoogleInputMethodService.onFinishInput():3138 
08-05 19:33:58.682   918   936 I ActivityManager: Displayed baseline.appteam.nith.hillffair/.activities.ClubActivity: +92ms
08-05 19:33:58.684 13866 13866 I GoogleInputMethodServic: GoogleInputMethodService.onStartInput():1808 
08-05 19:33:58.707 11113 11348 I art     : Explicit concurrent mark sweep GC freed 161(7KB) AllocSpace objects, 0(0B) LOS objects, 22% free, 53MB/69MB, paused 843us total 28.958ms
08-05 19:33:58.939   380   380 W SurfaceFlinger: couldn't log to binary event log: overflow.
08-05 19:33:59.011 11113 11126 I art     : Starting a blocking GC Explicit
08-05 19:33:59.039 11113 11126 I art     : Explicit concurrent mark sweep GC freed 1435(84KB) AllocSpace objects, 1(20KB) LOS objects, 22% free, 53MB/69MB, paused 665us total 28.401ms
08-05 19:33:59.051 11113 11126 I art     : Starting a blocking GC Explicit
08-05 19:33:59.084 11113 11126 I art     : Explicit concurrent mark sweep GC freed 117(6KB) AllocSpace objects, 0(0B) LOS objects, 22% free, 53MB/69MB, paused 760us total 32.073ms
08-05 19:33:59.096 11113 11126 I art     : Starting a blocking GC Explicit
08-05 19:33:59.124 11113 11126 I art     : Explicit concurrent mark sweep GC freed 22(848B) AllocSpace objects, 0(0B) LOS objects, 22% free, 53MB/69MB, paused 709us total 28.182ms
08-05 19:33:59.136 11113 11126 I art     : Starting a blocking GC Explicit
08-05 19:33:59.164 11113 11126 I art     : Explicit concurrent mark sweep GC freed 16(608B) AllocSpace objects, 0(0B) LOS objects, 22% free, 53MB/69MB, paused 666us total 28.351ms
08-05 19:33:59.175 11113 11126 I art     : Starting a blocking GC Explicit
08-05 19:33:59.205 11113 11126 I art     : Explicit concurrent mark sweep GC freed 15(544B) AllocSpace objects, 0(0B) LOS objects, 22% free, 53MB/69MB, paused 700us total 29.523ms
08-05 19:33:59.392 11113 14274 D OkHttp  : --> GET https://api-hillfair-2k16.herokuapp.com/api/app/club/Design%20and%20Decoration%20Club http/1.1
08-05 19:33:59.432 11113 14274 D OkHttp  : <-- 200 OK https://api-hillfair-2k16.herokuapp.com/api/app/club/Design%20and%20Decoration%20Club (39ms, 760-byte body)
08-05 19:33:59.479 11113 11113 I NAPPA_EXPERIMENTATION: MetricNetworkRequestExecutionTime: REQUEST_DURATION_SYSTEM='858',REQUEST_DURATION_OKHTTP='40',REQUEST_SYNCHRONOUS='FALSE',RESPONSE_CODE='200',RESPONSE_METHOD='GET',RESPONSE_LENGTH_OKHTTP='760',RESPONSE_LENGTH_HEADER='760',REQUEST_PROTOCOL='http/1.1',REQUEST_URL='https://api-hillfair-2k16.herokuapp.com/api/app/club/Design%20and%20Decoration%20Club',
08-05 19:33:59.495 11113 11124 I art     : Starting a blocking GC Explicit
08-05 19:33:59.528 11113 11124 I art     : Explicit concurrent mark sweep GC freed 4815(329KB) AllocSpace objects, 4(220KB) LOS objects, 22% free, 53MB/69MB, paused 671us total 31.890ms
08-05 19:33:59.541 11113 11124 I art     : Starting a blocking GC Explicit
08-05 19:33:59.571 11113 11124 I art     : Explicit concurrent mark sweep GC freed 1056(130KB) AllocSpace objects, 0(0B) LOS objects, 22% free, 53MB/69MB, paused 624us total 29.963ms
08-05 19:33:59.584 11113 11124 I art     : Starting a blocking GC Explicit
08-05 19:33:59.614 11113 11124 I art     : Explicit concurrent mark sweep GC freed 6(192B) AllocSpace objects, 0(0B) LOS objects, 22% free, 53MB/69MB, paused 624us total 29.869ms
08-05 19:33:59.626 11113 11124 I art     : Starting a blocking GC Explicit
08-05 19:33:59.655 11113 11124 I art     : Explicit concurrent mark sweep GC freed 3(96B) AllocSpace objects, 0(0B) LOS objects, 22% free, 53MB/69MB, paused 679us total 29.174ms
08-05 19:33:59.667 11113 11124 I art     : Starting a blocking GC Explicit
08-05 19:33:59.697 11113 11124 I art     : Explicit concurrent mark sweep GC freed 3(96B) AllocSpace objects, 0(0B) LOS objects, 22% free, 53MB/69MB, paused 899us total 29.668ms
08-05 19:33:59.879  7260  7260 I ServiceManager: Waiting for service AtCmdFwd...
08-05 19:33:59.996 11113 11143 I art     : Starting a blocking GC Explicit
08-05 19:34:00.027 11113 11143 I art     : Explicit concurrent mark sweep GC freed 1344(78KB) AllocSpace objects, 1(20KB) LOS objects, 22% free, 53MB/69MB, paused 729us total 31.488ms
08-05 19:34:00.039 11113 11143 I art     : Starting a blocking GC Explicit
08-05 19:34:00.066 11113 11143 I art     : Explicit concurrent mark sweep GC freed 36(1264B) AllocSpace objects, 0(0B) LOS objects, 22% free, 53MB/69MB, paused 618us total 26.725ms
08-05 19:34:00.077 11113 11143 I art     : Starting a blocking GC Explicit
08-05 19:34:00.104 11113 11143 I art     : Explicit concurrent mark sweep GC freed 3(96B) AllocSpace objects, 0(0B) LOS objects, 22% free, 53MB/69MB, paused 653us total 26.975ms
08-05 19:34:00.115 11113 11143 I art     : Starting a blocking GC Explicit
08-05 19:34:00.145 11113 11143 I art     : Explicit concurrent mark sweep GC freed 3(96B) AllocSpace objects, 0(0B) LOS objects, 22% free, 53MB/69MB, paused 659us total 29.642ms
08-05 19:34:00.156 11113 11143 I art     : Starting a blocking GC Explicit
08-05 19:34:00.186 11113 11143 I art     : Explicit concurrent mark sweep GC freed 3(96B) AllocSpace objects, 0(0B) LOS objects, 22% free, 53MB/69MB, paused 661us total 29.623ms
08-05 19:34:00.528 11113 11124 I art     : Starting a blocking GC Explicit
08-05 19:34:00.571 11113 11124 I art     : Explicit concurrent mark sweep GC freed 1344(78KB) AllocSpace objects, 1(20KB) LOS objects, 22% free, 53MB/69MB, paused 747us total 42.756ms
08-05 19:34:00.589 11113 11124 I art     : Starting a blocking GC Explicit
08-05 19:34:00.624 11113 11124 I art     : Explicit concurrent mark sweep GC freed 20(704B) AllocSpace objects, 0(0B) LOS objects, 22% free, 53MB/69MB, paused 702us total 34.712ms
08-05 19:34:00.636 11113 11124 I art     : Starting a blocking GC Explicit
08-05 19:34:00.670 11113 11124 I art     : Explicit concurrent mark sweep GC freed 3(96B) AllocSpace objects, 0(0B) LOS objects, 22% free, 53MB/69MB, paused 694us total 33.563ms
08-05 19:34:00.682 11113 11124 I art     : Starting a blocking GC Explicit
08-05 19:34:00.714 11113 11124 I art     : Explicit concurrent mark sweep GC freed 3(96B) AllocSpace objects, 0(0B) LOS objects, 22% free, 53MB/69MB, paused 659us total 31.898ms
08-05 19:34:00.726 11113 11124 I art     : Starting a blocking GC Explicit
08-05 19:34:00.759 11113 11124 I art     : Explicit concurrent mark sweep GC freed 3(96B) AllocSpace objects, 0(0B) LOS objects, 22% free, 53MB/69MB, paused 697us total 32.930ms
08-05 19:34:00.880  7260  7260 I ServiceManager: Waiting for service AtCmdFwd...
08-05 19:34:01.113 11113 11126 I art     : Starting a blocking GC Explicit
08-05 19:34:01.153 11113 11126 I art     : Explicit concurrent mark sweep GC freed 1344(78KB) AllocSpace objects, 1(20KB) LOS objects, 22% free, 53MB/69MB, paused 737us total 39.796ms
08-05 19:34:01.168 11113 11126 I art     : Starting a blocking GC Explicit
08-05 19:34:01.206 11113 11126 I art     : Explicit concurrent mark sweep GC freed 20(704B) AllocSpace objects, 0(0B) LOS objects, 22% free, 53MB/69MB, paused 848us total 38.074ms
08-05 19:34:01.221 11113 11126 I art     : Starting a blocking GC Explicit
08-05 19:34:01.254 11113 11126 I art     : Explicit concurrent mark sweep GC freed 3(96B) AllocSpace objects, 0(0B) LOS objects, 22% free, 53MB/69MB, paused 667us total 31.986ms
08-05 19:34:01.266 11113 11126 I art     : Starting a blocking GC Explicit
08-05 19:34:01.299 11113 11126 I art     : Explicit concurrent mark sweep GC freed 3(96B) AllocSpace objects, 0(0B) LOS objects, 22% free, 53MB/69MB, paused 684us total 33.459ms
08-05 19:34:01.311 11113 11126 I art     : Starting a blocking GC Explicit
08-05 19:34:01.346 11113 11126 I art     : Explicit concurrent mark sweep GC freed 3(96B) AllocSpace objects, 0(0B) LOS objects, 22% free, 53MB/69MB, paused 648us total 34.165ms
08-05 19:34:01.670 11113 11348 I art     : Starting a blocking GC Explicit
08-05 19:34:01.689 13866 13882 I PeriodicStatsRunner: PeriodicStatsRunner.call():175 call()
08-05 19:34:01.690 13866 13882 I PeriodicStatsRunner: PeriodicStatsRunner.call():179 No submit PeriodicStats since input started.
08-05 19:34:01.710 11113 11348 I art     : Explicit concurrent mark sweep GC freed 1344(78KB) AllocSpace objects, 1(20KB) LOS objects, 22% free, 53MB/69MB, paused 829us total 39.969ms
08-05 19:34:01.724 11113 11348 I art     : Starting a blocking GC Explicit
08-05 19:34:01.757 11113 11348 I art     : Explicit concurrent mark sweep GC freed 20(704B) AllocSpace objects, 0(0B) LOS objects, 22% free, 53MB/69MB, paused 789us total 33.036ms
08-05 19:34:01.769 11113 11348 I art     : Starting a blocking GC Explicit
08-05 19:34:01.803 11113 11348 I art     : Explicit concurrent mark sweep GC freed 3(96B) AllocSpace objects, 0(0B) LOS objects, 22% free, 53MB/69MB, paused 703us total 33.932ms
08-05 19:34:01.815 11113 11348 I art     : Starting a blocking GC Explicit
08-05 19:34:01.849 11113 11348 I art     : Explicit concurrent mark sweep GC freed 3(96B) AllocSpace objects, 0(0B) LOS objects, 22% free, 53MB/69MB, paused 677us total 33.269ms
08-05 19:34:01.861 11113 11348 I art     : Starting a blocking GC Explicit
08-05 19:34:01.881  7260  7260 I ServiceManager: Waiting for service AtCmdFwd...
08-05 19:34:01.895 11113 11348 I art     : Explicit concurrent mark sweep GC freed 3(96B) AllocSpace objects, 0(0B) LOS objects, 22% free, 53MB/69MB, paused 701us total 33.964ms
08-05 19:34:02.225 11113 11143 I art     : Starting a blocking GC Explicit
08-05 19:34:02.262 11113 11143 I art     : Explicit concurrent mark sweep GC freed 1344(78KB) AllocSpace objects, 1(20KB) LOS objects, 22% free, 53MB/69MB, paused 745us total 37.373ms
08-05 19:34:02.277 11113 11143 I art     : Starting a blocking GC Explicit
08-05 19:34:02.315 11113 11143 I art     : Explicit concurrent mark sweep GC freed 20(704B) AllocSpace objects, 0(0B) LOS objects, 22% free, 53MB/69MB, paused 731us total 37.928ms
08-05 19:34:02.330 11113 11143 I art     : Starting a blocking GC Explicit
08-05 19:34:02.368 11113 11143 I art     : Explicit concurrent mark sweep GC freed 3(96B) AllocSpace objects, 0(0B) LOS objects, 22% free, 53MB/69MB, paused 726us total 37.570ms
08-05 19:34:02.380 11113 11143 I art     : Starting a blocking GC Explicit
08-05 19:34:02.414 11113 11143 I art     : Explicit concurrent mark sweep GC freed 3(96B) AllocSpace objects, 0(0B) LOS objects, 22% free, 53MB/69MB, paused 715us total 33.272ms
08-05 19:34:02.426 11113 11143 I art     : Starting a blocking GC Explicit
08-05 19:34:02.459 11113 11143 I art     : Explicit concurrent mark sweep GC freed 3(96B) AllocSpace objects, 0(0B) LOS objects, 22% free, 53MB/69MB, paused 666us total 32.750ms
08-05 19:34:02.802 11113 11124 I art     : Starting a blocking GC Explicit
08-05 19:34:02.840 11113 11124 I art     : Explicit concurrent mark sweep GC freed 1344(78KB) AllocSpace objects, 1(20KB) LOS objects, 22% free, 53MB/69MB, paused 641us total 37.928ms
08-05 19:34:02.852 11113 11124 I art     : Starting a blocking GC Explicit
08-05 19:34:02.882  7260  7260 I ServiceManager: Waiting for service AtCmdFwd...
08-05 19:34:02.882 11113 11124 I art     : Explicit concurrent mark sweep GC freed 20(704B) AllocSpace objects, 0(0B) LOS objects, 22% free, 53MB/69MB, paused 641us total 29.749ms
08-05 19:34:02.893 11113 11124 I art     : Starting a blocking GC Explicit
08-05 19:34:02.923 11113 11124 I art     : Explicit concurrent mark sweep GC freed 3(96B) AllocSpace objects, 0(0B) LOS objects, 22% free, 53MB/69MB, paused 667us total 29.351ms
08-05 19:34:02.934 11113 11124 I art     : Starting a blocking GC Explicit
08-05 19:34:02.963 11113 11124 I art     : Explicit concurrent mark sweep GC freed 3(96B) AllocSpace objects, 0(0B) LOS objects, 22% free, 53MB/69MB, paused 668us total 29.013ms
08-05 19:34:02.975 11113 11124 I art     : Starting a blocking GC Explicit
08-05 19:34:03.007 11113 11124 I art     : Explicit concurrent mark sweep GC freed 3(96B) AllocSpace objects, 0(0B) LOS objects, 22% free, 53MB/69MB, paused 743us total 31.959ms
08-05 19:34:03.338 11113 11126 I art     : Starting a blocking GC Explicit
08-05 19:34:03.374 11113 11126 I art     : Explicit concurrent mark sweep GC freed 1344(78KB) AllocSpace objects, 1(20KB) LOS objects, 22% free, 53MB/69MB, paused 732us total 35.641ms
08-05 19:34:03.390 11113 11126 I art     : Starting a blocking GC Explicit
08-05 19:34:03.407 14359 14359 D AndroidRuntime: >>>>>> START com.android.internal.os.RuntimeInit uid 2000 <<<<<<
08-05 19:34:03.413 14359 14359 D AndroidRuntime: CheckJNI is OFF
08-05 19:34:03.421 11113 11126 I art     : Explicit concurrent mark sweep GC freed 20(704B) AllocSpace objects, 0(0B) LOS objects, 22% free, 53MB/69MB, paused 687us total 30.886ms
08-05 19:34:03.433 11113 11126 I art     : Starting a blocking GC Explicit
08-05 19:34:03.457 14359 14359 D ICU     : No timezone override file found: /data/misc/zoneinfo/current/icu/icu_tzdata.dat
08-05 19:34:03.462 11113 11126 I art     : Explicit concurrent mark sweep GC freed 3(96B) AllocSpace objects, 0(0B) LOS objects, 22% free, 53MB/69MB, paused 660us total 28.841ms
08-05 19:34:03.473 11113 11126 I art     : Starting a blocking GC Explicit
08-05 19:34:03.500 14359 14359 I Radio-JNI: register_android_hardware_Radio DONE
08-05 19:34:03.501 11113 11126 I art     : Explicit concurrent mark sweep GC freed 3(96B) AllocSpace objects, 0(0B) LOS objects, 22% free, 53MB/69MB, paused 683us total 27.227ms
08-05 19:34:03.511 11113 11126 I art     : Starting a blocking GC Explicit
08-05 19:34:03.529 14359 14359 D AndroidRuntime: Calling main entry com.android.commands.input.Input
08-05 19:34:03.531 14359 14359 I Input   : injectKeyEvent: KeyEvent { action=ACTION_DOWN, keyCode=KEYCODE_BACK, scanCode=0, metaState=0, flags=0x0, repeatCount=0, eventTime=819259944, downTime=819259944, deviceId=-1, source=0x101 }
08-05 19:34:03.537 14359 14359 I Input   : injectKeyEvent: KeyEvent { action=ACTION_UP, keyCode=KEYCODE_BACK, scanCode=0, metaState=0, flags=0x0, repeatCount=0, eventTime=819259944, downTime=819259944, deviceId=-1, source=0x101 }
08-05 19:34:03.541 11113 11126 I art     : Explicit concurrent mark sweep GC freed 5(208B) AllocSpace objects, 0(0B) LOS objects, 22% free, 53MB/69MB, paused 763us total 28.890ms
08-05 19:34:03.542 14359 14359 D AndroidRuntime: Shutting down VM
08-05 19:34:03.576 13866 13866 I GoogleInputMethodServic: GoogleInputMethodService.onFinishInput():3138 
08-05 19:34:03.577 13866 13866 I GoogleInputMethodServic: GoogleInputMethodService.onStartInput():1808 
08-05 19:34:03.684 13866 13882 I PeriodicStatsRunner: PeriodicStatsRunner.call():175 call()
08-05 19:34:03.684 13866 13882 I PeriodicStatsRunner: PeriodicStatsRunner.call():179 No submit PeriodicStats since input started.
08-05 19:34:03.845 11113 11143 I art     : Starting a blocking GC Explicit
08-05 19:34:03.878 11113 11143 I art     : Explicit concurrent mark sweep GC freed 1524(85KB) AllocSpace objects, 1(20KB) LOS objects, 22% free, 53MB/69MB, paused 693us total 32.935ms
08-05 19:34:03.882   380   380 W SurfaceFlinger: couldn't log to binary event log: overflow.
08-05 19:34:03.882  7260  7260 I ServiceManager: Waiting for service AtCmdFwd...
08-05 19:34:03.894 11113 11143 I art     : Starting a blocking GC Explicit
08-05 19:34:03.920 11113 11143 I art     : Explicit concurrent mark sweep GC freed 135(9KB) AllocSpace objects, 0(0B) LOS objects, 22% free, 53MB/69MB, paused 710us total 26.247ms
08-05 19:34:03.931 11113 11143 I art     : Starting a blocking GC Explicit
08-05 19:34:03.959 11113 11143 I art     : Explicit concurrent mark sweep GC freed 1654(107KB) AllocSpace objects, 3(180KB) LOS objects, 23% free, 53MB/69MB, paused 642us total 27.945ms
08-05 19:34:03.970 11113 11143 I art     : Starting a blocking GC Explicit
08-05 19:34:03.999 11113 11143 I art     : Explicit concurrent mark sweep GC freed 3(96B) AllocSpace objects, 0(0B) LOS objects, 23% free, 53MB/69MB, paused 670us total 28.636ms
08-05 19:34:04.010 11113 11143 I art     : Starting a blocking GC Explicit
08-05 19:34:04.039 11113 11143 I art     : Explicit concurrent mark sweep GC freed 3(96B) AllocSpace objects, 0(0B) LOS objects, 23% free, 53MB/69MB, paused 635us total 28.664ms
08-05 19:34:04.347 11113 11124 I art     : Starting a blocking GC Explicit
08-05 19:34:04.384 11113 11124 I art     : Explicit concurrent mark sweep GC freed 1344(78KB) AllocSpace objects, 1(20KB) LOS objects, 23% free, 53MB/69MB, paused 732us total 36.513ms
08-05 19:34:04.398 11113 11124 I art     : Starting a blocking GC Explicit
08-05 19:34:04.428 11113 11124 I art     : Explicit concurrent mark sweep GC freed 20(704B) AllocSpace objects, 0(0B) LOS objects, 23% free, 53MB/69MB, paused 686us total 30.145ms
08-05 19:34:04.440 11113 11124 I art     : Starting a blocking GC Explicit
08-05 19:34:04.470 11113 11124 I art     : Explicit concurrent mark sweep GC freed 3(96B) AllocSpace objects, 0(0B) LOS objects, 23% free, 53MB/69MB, paused 669us total 29.924ms
08-05 19:34:04.482 11113 11124 I art     : Starting a blocking GC Explicit
08-05 19:34:04.512 11113 11124 I art     : Explicit concurrent mark sweep GC freed 3(96B) AllocSpace objects, 0(0B) LOS objects, 23% free, 53MB/69MB, paused 677us total 29.810ms
08-05 19:34:04.524 11113 11124 I art     : Starting a blocking GC Explicit
08-05 19:34:04.553 11113 11124 I art     : Explicit concurrent mark sweep GC freed 3(96B) AllocSpace objects, 0(0B) LOS objects, 23% free, 53MB/69MB, paused 676us total 29.421ms
08-05 19:34:04.857 11113 11348 I art     : Starting a blocking GC Explicit
08-05 19:34:04.882  7260  7260 W Atfwd_Sendcmd: AtCmdFwd service not published, waiting... retryCnt : 4
08-05 19:34:04.890 11113 11348 I art     : Explicit concurrent mark sweep GC freed 1344(78KB) AllocSpace objects, 1(20KB) LOS objects, 23% free, 53MB/69MB, paused 745us total 32.043ms
08-05 19:34:04.905 11113 11348 I art     : Starting a blocking GC Explicit
08-05 19:34:04.934 11113 11348 I art     : Explicit concurrent mark sweep GC freed 20(704B) AllocSpace objects, 0(0B) LOS objects, 23% free, 53MB/69MB, paused 675us total 28.721ms
08-05 19:34:04.945 11113 11348 I art     : Starting a blocking GC Explicit
08-05 19:34:04.974 11113 11348 I art     : Explicit concurrent mark sweep GC freed 3(96B) AllocSpace objects, 0(0B) LOS objects, 23% free, 53MB/69MB, paused 675us total 28.853ms
08-05 19:34:04.986 11113 11348 I art     : Starting a blocking GC Explicit
08-05 19:34:05.015 11113 11348 I art     : Explicit concurrent mark sweep GC freed 3(96B) AllocSpace objects, 0(0B) LOS objects, 23% free, 53MB/69MB, paused 668us total 29.141ms
08-05 19:34:05.027 11113 11348 I art     : Starting a blocking GC Explicit
08-05 19:34:05.056 11113 11348 I art     : Explicit concurrent mark sweep GC freed 3(96B) AllocSpace objects, 0(0B) LOS objects, 23% free, 53MB/69MB, paused 687us total 28.827ms
08-05 19:34:05.326 14413 14413 D AndroidRuntime: >>>>>> START com.android.internal.os.RuntimeInit uid 2000 <<<<<<
08-05 19:34:05.333 14413 14413 D AndroidRuntime: CheckJNI is OFF
08-05 19:34:05.349 11113 11126 I art     : Starting a blocking GC Explicit
08-05 19:34:05.382 14413 14413 D ICU     : No timezone override file found: /data/misc/zoneinfo/current/icu/icu_tzdata.dat
08-05 19:34:05.383 11113 11126 I art     : Explicit concurrent mark sweep GC freed 1344(78KB) AllocSpace objects, 1(20KB) LOS objects, 23% free, 53MB/69MB, paused 751us total 33.909ms
08-05 19:34:05.395 11113 11126 I art     : Starting a blocking GC Explicit
08-05 19:34:05.426 11113 11126 I art     : Explicit concurrent mark sweep GC freed 20(704B) AllocSpace objects, 0(0B) LOS objects, 23% free, 53MB/69MB, paused 720us total 31.029ms
08-05 19:34:05.431 14413 14413 I Radio-JNI: register_android_hardware_Radio DONE
08-05 19:34:05.438 11113 11126 I art     : Starting a blocking GC Explicit
08-05 19:34:05.462 14413 14413 D AndroidRuntime: Calling main entry com.android.commands.input.Input
08-05 19:34:05.464 14413 14413 I Input   : injectMotionEvent: MotionEvent { action=ACTION_DOWN, actionButton=0, id[0]=0, x[0]=255.0, y[0]=1845.0, toolType[0]=TOOL_TYPE_UNKNOWN, buttonState=0, metaState=0, flags=0x0, edgeFlags=0x0, pointerCount=1, historySize=0, eventTime=819261876, downTime=819261876, deviceId=0, source=0x1002 }
08-05 19:34:05.468 11113 11126 I art     : Explicit concurrent mark sweep GC freed 3(96B) AllocSpace objects, 0(0B) LOS objects, 23% free, 53MB/69MB, paused 706us total 30.252ms
08-05 19:34:05.472 14413 14413 I Input   : injectMotionEvent: MotionEvent { action=ACTION_UP, actionButton=0, id[0]=0, x[0]=255.0, y[0]=1845.0, toolType[0]=TOOL_TYPE_UNKNOWN, buttonState=0, metaState=0, flags=0x0, edgeFlags=0x0, pointerCount=1, historySize=0, eventTime=819261876, downTime=819261876, deviceId=0, source=0x1002 }
08-05 19:34:05.473   918  5132 I ActivityManager: START u0 {cmp=baseline.appteam.nith.hillffair/.activities.ClubActivity (has extras)} from uid 10675 on display 0
08-05 19:34:05.480 11113 11126 I art     : Starting a blocking GC Explicit
08-05 19:34:05.480 14413 14413 D AndroidRuntime: Shutting down VM
08-05 19:34:05.508 11113 11126 I art     : Explicit concurrent mark sweep GC freed 167(14KB) AllocSpace objects, 0(0B) LOS objects, 22% free, 53MB/69MB, paused 965us total 27.867ms
08-05 19:34:05.519 11113 11126 I art     : Starting a blocking GC Explicit
08-05 19:34:05.550 11113 11126 I art     : Explicit concurrent mark sweep GC freed 3200(203KB) AllocSpace objects, 0(0B) LOS objects, 22% free, 53MB/69MB, paused 873us total 30.676ms
08-05 19:34:05.594   918   936 I ActivityManager: Displayed baseline.appteam.nith.hillffair/.activities.ClubActivity: +113ms
08-05 19:34:05.594 13866 13866 I GoogleInputMethodServic: GoogleInputMethodService.onFinishInput():3138 
08-05 19:34:05.595 13866 13866 I GoogleInputMethodServic: GoogleInputMethodService.onStartInput():1808 
08-05 19:34:05.844 11113 11124 I art     : Starting a blocking GC Explicit
08-05 19:34:05.851   380   380 W SurfaceFlinger: couldn't log to binary event log: overflow.
08-05 19:34:05.874 11113 11124 I art     : Explicit concurrent mark sweep GC freed 1820(99KB) AllocSpace objects, 1(20KB) LOS objects, 22% free, 53MB/69MB, paused 692us total 30.081ms
08-05 19:34:05.885 11113 11124 I art     : Starting a blocking GC Explicit
08-05 19:34:05.911 11113 11124 I art     : Explicit concurrent mark sweep GC freed 55(1952B) AllocSpace objects, 0(0B) LOS objects, 22% free, 53MB/69MB, paused 673us total 26.373ms
08-05 19:34:05.922 11113 11124 I art     : Starting a blocking GC Explicit
08-05 19:34:05.951 11113 11124 I art     : Explicit concurrent mark sweep GC freed 3(96B) AllocSpace objects, 0(0B) LOS objects, 22% free, 53MB/69MB, paused 690us total 29.152ms
08-05 19:34:05.963 11113 11124 I art     : Starting a blocking GC Explicit
08-05 19:34:05.993 11113 11124 I art     : Explicit concurrent mark sweep GC freed 108(5KB) AllocSpace objects, 0(0B) LOS objects, 22% free, 53MB/69MB, paused 717us total 30.392ms
08-05 19:34:06.004 11113 11124 I art     : Starting a blocking GC Explicit
08-05 19:34:06.033 11113 11124 I art     : Explicit concurrent mark sweep GC freed 14(512B) AllocSpace objects, 0(0B) LOS objects, 22% free, 53MB/69MB, paused 743us total 28.571ms
08-05 19:34:06.150 11113 14436 D OkHttp  : --> GET https://api-hillfair-2k16.herokuapp.com/api/app/club/Technical%20Committee http/1.1
08-05 19:34:06.191 11113 14436 D OkHttp  : <-- 200 OK https://api-hillfair-2k16.herokuapp.com/api/app/club/Technical%20Committee (41ms, 1171-byte body)
08-05 19:34:06.237 11113 11113 I NAPPA_EXPERIMENTATION: MetricNetworkRequestExecutionTime: REQUEST_DURATION_SYSTEM='716',REQUEST_DURATION_OKHTTP='41',REQUEST_SYNCHRONOUS='FALSE',RESPONSE_CODE='200',RESPONSE_METHOD='GET',RESPONSE_LENGTH_OKHTTP='1171',RESPONSE_LENGTH_HEADER='1171',REQUEST_PROTOCOL='http/1.1',REQUEST_URL='https://api-hillfair-2k16.herokuapp.com/api/app/club/Technical%20Committee',
08-05 19:34:06.323 11113 11143 I art     : Starting a blocking GC Explicit
08-05 19:34:06.359 11113 11143 I art     : Explicit concurrent mark sweep GC freed 4830(342KB) AllocSpace objects, 4(220KB) LOS objects, 22% free, 54MB/70MB, paused 840us total 35.631ms
08-05 19:34:06.370 11113 11143 I art     : Starting a blocking GC Explicit
08-05 19:34:06.401 11113 11143 I art     : Explicit concurrent mark sweep GC freed 1039(119KB) AllocSpace objects, 0(0B) LOS objects, 22% free, 53MB/69MB, paused 713us total 30.204ms
08-05 19:34:06.413 11113 11143 I art     : Starting a blocking GC Explicit
08-05 19:34:06.442 11113 11143 I art     : Explicit concurrent mark sweep GC freed 3(96B) AllocSpace objects, 0(0B) LOS objects, 22% free, 53MB/69MB, paused 698us total 29.461ms
08-05 19:34:06.454 11113 11143 I art     : Starting a blocking GC Explicit
08-05 19:34:06.484 11113 11143 I art     : Explicit concurrent mark sweep GC freed 3(96B) AllocSpace objects, 0(0B) LOS objects, 22% free, 53MB/69MB, paused 692us total 29.688ms
08-05 19:34:06.496 11113 11143 I art     : Starting a blocking GC Explicit
08-05 19:34:06.526 11113 11143 I art     : Explicit concurrent mark sweep GC freed 3(96B) AllocSpace objects, 0(0B) LOS objects, 22% free, 53MB/69MB, paused 698us total 29.746ms
08-05 19:34:06.831 11113 11124 I art     : Starting a blocking GC Explicit
08-05 19:34:06.872 11113 11124 I art     : Explicit concurrent mark sweep GC freed 1344(78KB) AllocSpace objects, 1(20KB) LOS objects, 22% free, 53MB/69MB, paused 751us total 40.537ms
08-05 19:34:06.886 11113 11124 I art     : Starting a blocking GC Explicit
08-05 19:34:06.918 11113 11124 I art     : Explicit concurrent mark sweep GC freed 36(1264B) AllocSpace objects, 0(0B) LOS objects, 22% free, 53MB/69MB, paused 762us total 31.305ms
08-05 19:34:06.930 11113 11124 I art     : Starting a blocking GC Explicit
08-05 19:34:06.962 11113 11124 I art     : Explicit concurrent mark sweep GC freed 3(96B) AllocSpace objects, 0(0B) LOS objects, 22% free, 53MB/69MB, paused 718us total 31.800ms
08-05 19:34:06.973 11113 11124 I art     : Starting a blocking GC Explicit
08-05 19:34:07.005 11113 11124 I art     : Explicit concurrent mark sweep GC freed 3(96B) AllocSpace objects, 0(0B) LOS objects, 22% free, 53MB/69MB, paused 709us total 30.949ms
08-05 19:34:07.017 11113 11124 I art     : Starting a blocking GC Explicit
08-05 19:34:07.051 11113 11124 I art     : Explicit concurrent mark sweep GC freed 3(96B) AllocSpace objects, 0(0B) LOS objects, 22% free, 53MB/69MB, paused 723us total 33.698ms
08-05 19:34:07.380 11113 11126 I art     : Starting a blocking GC Explicit
08-05 19:34:07.424 11113 11126 I art     : Explicit concurrent mark sweep GC freed 1344(78KB) AllocSpace objects, 1(20KB) LOS objects, 22% free, 53MB/69MB, paused 756us total 43.205ms
08-05 19:34:07.440 11113 11126 I art     : Starting a blocking GC Explicit
08-05 19:34:07.474 11113 11126 I art     : Explicit concurrent mark sweep GC freed 20(704B) AllocSpace objects, 0(0B) LOS objects, 22% free, 53MB/69MB, paused 664us total 34.419ms
08-05 19:34:07.486 11113 11126 I art     : Starting a blocking GC Explicit
08-05 19:34:07.521 11113 11126 I art     : Explicit concurrent mark sweep GC freed 3(96B) AllocSpace objects, 0(0B) LOS objects, 22% free, 53MB/69MB, paused 714us total 33.956ms
08-05 19:34:07.533 11113 11126 I art     : Starting a blocking GC Explicit
08-05 19:34:07.568 11113 11126 I art     : Explicit concurrent mark sweep GC freed 3(96B) AllocSpace objects, 0(0B) LOS objects, 22% free, 53MB/69MB, paused 733us total 34.744ms
08-05 19:34:07.580 11113 11126 I art     : Starting a blocking GC Explicit
08-05 19:34:07.613 11113 11126 I art     : Explicit concurrent mark sweep GC freed 3(96B) AllocSpace objects, 0(0B) LOS objects, 22% free, 53MB/69MB, paused 687us total 32.751ms
08-05 19:34:07.975 11113 11348 I art     : Starting a blocking GC Explicit
08-05 19:34:08.020 11113 11348 I art     : Explicit concurrent mark sweep GC freed 1344(78KB) AllocSpace objects, 1(20KB) LOS objects, 22% free, 53MB/69MB, paused 816us total 43.835ms
08-05 19:34:08.037 11113 11348 I art     : Starting a blocking GC Explicit
08-05 19:34:08.074 11113 11348 I art     : Explicit concurrent mark sweep GC freed 20(704B) AllocSpace objects, 0(0B) LOS objects, 22% free, 53MB/69MB, paused 717us total 37.215ms
08-05 19:34:08.087 11113 11348 I art     : Starting a blocking GC Explicit
08-05 19:34:08.120 11113 11348 I art     : Explicit concurrent mark sweep GC freed 3(96B) AllocSpace objects, 0(0B) LOS objects, 22% free, 53MB/69MB, paused 725us total 32.820ms
08-05 19:34:08.132 11113 11348 I art     : Starting a blocking GC Explicit
08-05 19:34:08.167 11113 11348 I art     : Explicit concurrent mark sweep GC freed 3(96B) AllocSpace objects, 0(0B) LOS objects, 22% free, 53MB/69MB, paused 804us total 35.069ms
08-05 19:34:08.180 11113 11348 I art     : Starting a blocking GC Explicit
08-05 19:34:08.214 11113 11348 I art     : Explicit concurrent mark sweep GC freed 3(96B) AllocSpace objects, 0(0B) LOS objects, 22% free, 53MB/69MB, paused 675us total 34.298ms
08-05 19:34:08.566 11113 11143 I art     : Starting a blocking GC Explicit
08-05 19:34:08.577 13866 13882 I PeriodicStatsRunner: PeriodicStatsRunner.call():175 call()
08-05 19:34:08.577 13866 13882 I PeriodicStatsRunner: PeriodicStatsRunner.call():179 No submit PeriodicStats since input started.
08-05 19:34:08.610 11113 11143 I art     : Explicit concurrent mark sweep GC freed 1344(78KB) AllocSpace objects, 1(20KB) LOS objects, 22% free, 53MB/69MB, paused 806us total 43.413ms
08-05 19:34:08.627 11113 11143 I art     : Starting a blocking GC Explicit
08-05 19:34:08.662 11113 11143 I art     : Explicit concurrent mark sweep GC freed 20(704B) AllocSpace objects, 0(0B) LOS objects, 22% free, 53MB/69MB, paused 722us total 34.404ms
08-05 19:34:08.674 11113 11143 I art     : Starting a blocking GC Explicit
08-05 19:34:08.709 11113 11143 I art     : Explicit concurrent mark sweep GC freed 3(96B) AllocSpace objects, 0(0B) LOS objects, 22% free, 53MB/69MB, paused 744us total 34.378ms
08-05 19:34:08.721 11113 11143 I art     : Starting a blocking GC Explicit
08-05 19:34:08.753 11113 11143 I art     : Explicit concurrent mark sweep GC freed 3(96B) AllocSpace objects, 0(0B) LOS objects, 22% free, 53MB/69MB, paused 689us total 31.831ms
08-05 19:34:08.765 11113 11143 I art     : Starting a blocking GC Explicit
08-05 19:34:08.800 11113 11143 I art     : Explicit concurrent mark sweep GC freed 3(96B) AllocSpace objects, 0(0B) LOS objects, 22% free, 53MB/69MB, paused 710us total 34.127ms
08-05 19:34:09.132 11113 11124 I art     : Starting a blocking GC Explicit
08-05 19:34:09.176 11113 11124 I art     : Explicit concurrent mark sweep GC freed 1348(78KB) AllocSpace objects, 1(20KB) LOS objects, 22% free, 53MB/69MB, paused 771us total 43.770ms
08-05 19:34:09.192 11113 11124 I art     : Starting a blocking GC Explicit
08-05 19:34:09.227 11113 11124 I art     : Explicit concurrent mark sweep GC freed 29(1184B) AllocSpace objects, 0(0B) LOS objects, 22% free, 53MB/69MB, paused 788us total 35.256ms
08-05 19:34:09.240 11113 11124 I art     : Starting a blocking GC Explicit
08-05 19:34:09.275 11113 11124 I art     : Explicit concurrent mark sweep GC freed 17(528B) AllocSpace objects, 0(0B) LOS objects, 22% free, 53MB/69MB, paused 706us total 34.706ms
08-05 19:34:09.287 11113 11124 I art     : Starting a blocking GC Explicit
08-05 19:34:09.321 11113 11124 I art     : Explicit concurrent mark sweep GC freed 3(96B) AllocSpace objects, 0(0B) LOS objects, 22% free, 53MB/69MB, paused 711us total 33.909ms
08-05 19:34:09.333 11113 11124 I art     : Starting a blocking GC Explicit
08-05 19:34:09.365 11113 11124 I art     : Explicit concurrent mark sweep GC freed 3(96B) AllocSpace objects, 0(0B) LOS objects, 22% free, 53MB/69MB, paused 672us total 31.833ms
08-05 19:34:09.694 11113 11126 I art     : Starting a blocking GC Explicit
08-05 19:34:09.732 11113 11126 I art     : Explicit concurrent mark sweep GC freed 1344(78KB) AllocSpace objects, 1(20KB) LOS objects, 22% free, 53MB/69MB, paused 825us total 37.822ms
08-05 19:34:09.747 11113 11126 I art     : Starting a blocking GC Explicit
08-05 19:34:09.777 11113 11126 I art     : Explicit concurrent mark sweep GC freed 20(704B) AllocSpace objects, 0(0B) LOS objects, 22% free, 53MB/69MB, paused 687us total 29.777ms
08-05 19:34:09.789 11113 11126 I art     : Starting a blocking GC Explicit
08-05 19:34:09.820 11113 11126 I art     : Explicit concurrent mark sweep GC freed 3(96B) AllocSpace objects, 0(0B) LOS objects, 22% free, 53MB/69MB, paused 705us total 31.654ms
08-05 19:34:09.832 11113 11126 I art     : Starting a blocking GC Explicit
08-05 19:34:09.863 11113 11126 I art     : Explicit concurrent mark sweep GC freed 3(96B) AllocSpace objects, 0(0B) LOS objects, 22% free, 53MB/69MB, paused 705us total 30.885ms
08-05 19:34:09.875 11113 11126 I art     : Starting a blocking GC Explicit
08-05 19:34:09.907 11113 11126 I art     : Explicit concurrent mark sweep GC freed 3(96B) AllocSpace objects, 0(0B) LOS objects, 22% free, 53MB/69MB, paused 796us total 31.938ms
08-05 19:34:10.232 11113 11348 I art     : Starting a blocking GC Explicit
08-05 19:34:10.271 11113 11348 I art     : Explicit concurrent mark sweep GC freed 1344(78KB) AllocSpace objects, 1(20KB) LOS objects, 22% free, 53MB/69MB, paused 777us total 38.181ms
08-05 19:34:10.286 11113 11348 I art     : Starting a blocking GC Explicit
08-05 19:34:10.297 14520 14520 D AndroidRuntime: >>>>>> START com.android.internal.os.RuntimeInit uid 2000 <<<<<<
08-05 19:34:10.303 14520 14520 D AndroidRuntime: CheckJNI is OFF
08-05 19:34:10.318 11113 11348 I art     : Explicit concurrent mark sweep GC freed 20(704B) AllocSpace objects, 0(0B) LOS objects, 22% free, 53MB/69MB, paused 700us total 31.952ms
08-05 19:34:10.330 11113 11348 I art     : Starting a blocking GC Explicit
08-05 19:34:10.350 14520 14520 D ICU     : No timezone override file found: /data/misc/zoneinfo/current/icu/icu_tzdata.dat
08-05 19:34:10.360 11113 11348 I art     : Explicit concurrent mark sweep GC freed 3(96B) AllocSpace objects, 0(0B) LOS objects, 22% free, 53MB/69MB, paused 705us total 30.607ms
08-05 19:34:10.372 11113 11348 I art     : Starting a blocking GC Explicit
08-05 19:34:10.393 14520 14520 I Radio-JNI: register_android_hardware_Radio DONE
08-05 19:34:10.403 11113 11348 I art     : Explicit concurrent mark sweep GC freed 3(96B) AllocSpace objects, 0(0B) LOS objects, 22% free, 53MB/69MB, paused 750us total 30.821ms
08-05 19:34:10.415 11113 11348 I art     : Starting a blocking GC Explicit
08-05 19:34:10.423 14520 14520 D AndroidRuntime: Calling main entry com.android.commands.input.Input
08-05 19:34:10.425 14520 14520 I Input   : injectKeyEvent: KeyEvent { action=ACTION_DOWN, keyCode=KEYCODE_BACK, scanCode=0, metaState=0, flags=0x0, repeatCount=0, eventTime=819266838, downTime=819266838, deviceId=-1, source=0x101 }
08-05 19:34:10.432 14520 14520 I Input   : injectKeyEvent: KeyEvent { action=ACTION_UP, keyCode=KEYCODE_BACK, scanCode=0, metaState=0, flags=0x0, repeatCount=0, eventTime=819266838, downTime=819266838, deviceId=-1, source=0x101 }
08-05 19:34:10.438 14520 14520 D AndroidRuntime: Shutting down VM
08-05 19:34:10.444 11113 11348 I art     : Explicit concurrent mark sweep GC freed 20(736B) AllocSpace objects, 0(0B) LOS objects, 22% free, 53MB/69MB, paused 678us total 28.885ms
08-05 19:34:10.481 13866 13866 I GoogleInputMethodServic: GoogleInputMethodService.onFinishInput():3138 
08-05 19:34:10.482 13866 13866 I GoogleInputMethodServic: GoogleInputMethodService.onStartInput():1808 
08-05 19:34:10.595 13866 13882 I PeriodicStatsRunner: PeriodicStatsRunner.call():175 call()
08-05 19:34:10.595 13866 13882 I PeriodicStatsRunner: PeriodicStatsRunner.call():179 No submit PeriodicStats since input started.
08-05 19:34:10.740 11113 11126 I art     : Starting a blocking GC Explicit
08-05 19:34:10.771 11113 11126 I art     : Explicit concurrent mark sweep GC freed 1508(85KB) AllocSpace objects, 1(20KB) LOS objects, 22% free, 53MB/69MB, paused 678us total 30.695ms
08-05 19:34:10.784 11113 11126 I art     : Starting a blocking GC Explicit
08-05 19:34:10.789   380   380 W SurfaceFlinger: couldn't log to binary event log: overflow.
08-05 19:34:10.813 11113 11126 I art     : Explicit concurrent mark sweep GC freed 134(9KB) AllocSpace objects, 0(0B) LOS objects, 22% free, 53MB/69MB, paused 710us total 29.368ms
08-05 19:34:10.824 11113 11126 I art     : Starting a blocking GC Explicit
08-05 19:34:10.852 11113 11126 I art     : Explicit concurrent mark sweep GC freed 112(5KB) AllocSpace objects, 0(0B) LOS objects, 22% free, 53MB/69MB, paused 656us total 27.428ms
08-05 19:34:10.863 11113 11126 I art     : Starting a blocking GC Explicit
08-05 19:34:10.891 11113 11126 I art     : Explicit concurrent mark sweep GC freed 1545(102KB) AllocSpace objects, 3(180KB) LOS objects, 22% free, 53MB/69MB, paused 647us total 27.434ms
08-05 19:34:10.891 11113 11123 I art     : WaitForGcToComplete blocked for 16.981ms for cause HeapTrim
08-05 19:34:10.902 11113 11126 I art     : Starting a blocking GC Explicit
08-05 19:34:10.932 11113 11126 I art     : Explicit concurrent mark sweep GC freed 3(96B) AllocSpace objects, 0(0B) LOS objects, 22% free, 53MB/69MB, paused 670us total 29.459ms
08-05 19:34:11.247 11113 11348 I art     : Starting a blocking GC Explicit
08-05 19:34:11.285 11113 11348 I art     : Explicit concurrent mark sweep GC freed 1344(78KB) AllocSpace objects, 1(20KB) LOS objects, 22% free, 53MB/69MB, paused 727us total 38.275ms
08-05 19:34:11.300 11113 11348 I art     : Starting a blocking GC Explicit
08-05 19:34:11.331 11113 11348 I art     : Explicit concurrent mark sweep GC freed 20(704B) AllocSpace objects, 0(0B) LOS objects, 22% free, 53MB/69MB, paused 678us total 30.427ms
08-05 19:34:11.342 11113 11348 I art     : Starting a blocking GC Explicit
08-05 19:34:11.373 11113 11348 I art     : Explicit concurrent mark sweep GC freed 3(96B) AllocSpace objects, 0(0B) LOS objects, 22% free, 53MB/69MB, paused 706us total 30.267ms
08-05 19:34:11.385 11113 11348 I art     : Starting a blocking GC Explicit
08-05 19:34:11.415 11113 11348 I art     : Explicit concurrent mark sweep GC freed 3(96B) AllocSpace objects, 0(0B) LOS objects, 22% free, 53MB/69MB, paused 683us total 30.454ms
08-05 19:34:11.427 11113 11348 I art     : Starting a blocking GC Explicit
08-05 19:34:11.458 11113 11348 I art     : Explicit concurrent mark sweep GC freed 3(96B) AllocSpace objects, 0(0B) LOS objects, 22% free, 53MB/69MB, paused 709us total 30.156ms
08-05 19:34:11.752 11113 11143 I art     : Starting a blocking GC Explicit
08-05 19:34:11.784 11113 11143 I art     : Explicit concurrent mark sweep GC freed 1344(78KB) AllocSpace objects, 1(20KB) LOS objects, 22% free, 53MB/69MB, paused 752us total 31.170ms
08-05 19:34:11.799 11113 11143 I art     : Starting a blocking GC Explicit
08-05 19:34:11.828 11113 11143 I art     : Explicit concurrent mark sweep GC freed 20(704B) AllocSpace objects, 0(0B) LOS objects, 22% free, 53MB/69MB, paused 719us total 29.211ms
08-05 19:34:11.840 11113 11143 I art     : Starting a blocking GC Explicit
08-05 19:34:11.869 11113 11143 I art     : Explicit concurrent mark sweep GC freed 3(96B) AllocSpace objects, 0(0B) LOS objects, 22% free, 53MB/69MB, paused 691us total 29.142ms
08-05 19:34:11.880 11113 11143 I art     : Starting a blocking GC Explicit
08-05 19:34:11.910 11113 11143 I art     : Explicit concurrent mark sweep GC freed 3(96B) AllocSpace objects, 0(0B) LOS objects, 22% free, 53MB/69MB, paused 693us total 29.210ms
08-05 19:34:11.921 11113 11143 I art     : Starting a blocking GC Explicit
08-05 19:34:11.951 11113 11143 I art     : Explicit concurrent mark sweep GC freed 3(96B) AllocSpace objects, 0(0B) LOS objects, 22% free, 53MB/69MB, paused 678us total 28.935ms
08-05 19:34:12.221 14573 14573 D AndroidRuntime: >>>>>> START com.android.internal.os.RuntimeInit uid 2000 <<<<<<
08-05 19:34:12.227 14573 14573 D AndroidRuntime: CheckJNI is OFF
08-05 19:34:12.247 11113 14554 I art     : Starting a blocking GC Explicit
08-05 19:34:12.272 14573 14573 D ICU     : No timezone override file found: /data/misc/zoneinfo/current/icu/icu_tzdata.dat
08-05 19:34:12.277 11113 14554 I art     : Explicit concurrent mark sweep GC freed 1344(78KB) AllocSpace objects, 1(20KB) LOS objects, 22% free, 53MB/69MB, paused 695us total 29.533ms
08-05 19:34:12.289 11113 14554 I art     : Starting a blocking GC Explicit
08-05 19:34:12.318 14573 14573 I Radio-JNI: register_android_hardware_Radio DONE
08-05 19:34:12.319 11113 14554 I art     : Explicit concurrent mark sweep GC freed 20(704B) AllocSpace objects, 0(0B) LOS objects, 22% free, 53MB/69MB, paused 718us total 29.610ms
08-05 19:34:12.331 11113 14554 I art     : Starting a blocking GC Explicit
08-05 19:34:12.349 14573 14573 D AndroidRuntime: Calling main entry com.android.commands.input.Input
08-05 19:34:12.351 14573 14573 I Input   : injectMotionEvent: MotionEvent { action=ACTION_DOWN, actionButton=0, id[0]=0, x[0]=255.0, y[0]=1845.0, toolType[0]=TOOL_TYPE_UNKNOWN, buttonState=0, metaState=0, flags=0x0, edgeFlags=0x0, pointerCount=1, historySize=0, eventTime=819268763, downTime=819268763, deviceId=0, source=0x1002 }
08-05 19:34:12.356 14573 14573 I Input   : injectMotionEvent: MotionEvent { action=ACTION_UP, actionButton=0, id[0]=0, x[0]=255.0, y[0]=1845.0, toolType[0]=TOOL_TYPE_UNKNOWN, buttonState=0, metaState=0, flags=0x0, edgeFlags=0x0, pointerCount=1, historySize=0, eventTime=819268763, downTime=819268763, deviceId=0, source=0x1002 }
08-05 19:34:12.358   918  4413 I ActivityManager: START u0 {cmp=baseline.appteam.nith.hillffair/.activities.ClubActivity (has extras)} from uid 10675 on display 0
08-05 19:34:12.361 11113 14554 I art     : Explicit concurrent mark sweep GC freed 3(96B) AllocSpace objects, 0(0B) LOS objects, 22% free, 53MB/69MB, paused 763us total 29.856ms
08-05 19:34:12.368 14573 14573 D AndroidRuntime: Shutting down VM
08-05 19:34:12.378 11113 14554 I art     : Starting a blocking GC Explicit
08-05 19:34:12.405 11113 14554 I art     : Explicit concurrent mark sweep GC freed 305(24KB) AllocSpace objects, 0(0B) LOS objects, 22% free, 53MB/69MB, paused 992us total 27.466ms
08-05 19:34:12.417 11113 14554 I art     : Starting a blocking GC Explicit
08-05 19:34:12.450 11113 14554 I art     : Explicit concurrent mark sweep GC freed 3456(265KB) AllocSpace objects, 0(0B) LOS objects, 22% free, 53MB/69MB, paused 723us total 32.851ms
08-05 19:34:12.475 11113 11113 I NAPPA_EXPERIMENTATION: MetricNetworkRequestExecutionTime: REQUEST_DURATION_SYSTEM='60',REQUEST_DURATION_OKHTTP='41',REQUEST_SYNCHRONOUS='FALSE',RESPONSE_CODE='200',RESPONSE_METHOD='GET',RESPONSE_LENGTH_OKHTTP='1171',RESPONSE_LENGTH_HEADER='-2',REQUEST_PROTOCOL='http/1.1',REQUEST_URL='https://api-hillfair-2k16.herokuapp.com/api/app/club/Technical%20Committee',
08-05 19:34:12.481 13866 13866 I GoogleInputMethodServic: GoogleInputMethodService.onFinishInput():3138 
08-05 19:34:12.481   918   936 I ActivityManager: Displayed baseline.appteam.nith.hillffair/.activities.ClubActivity: +112ms
08-05 19:34:12.482 13866 13866 I GoogleInputMethodServic: GoogleInputMethodService.onStartInput():1808 
08-05 19:34:12.742   380   380 W SurfaceFlinger: couldn't log to binary event log: overflow.
08-05 19:34:12.756 11113 11124 I art     : Starting a blocking GC Explicit
08-05 19:34:12.784 11113 11124 I art     : Explicit concurrent mark sweep GC freed 2210(136KB) AllocSpace objects, 1(20KB) LOS objects, 22% free, 53MB/69MB, paused 644us total 27.777ms
08-05 19:34:12.795 11113 11124 I art     : Starting a blocking GC Explicit
08-05 19:34:12.822 11113 11124 I art     : Explicit concurrent mark sweep GC freed 72(2480B) AllocSpace objects, 0(0B) LOS objects, 22% free, 53MB/69MB, paused 689us total 26.325ms
08-05 19:34:12.833 11113 11124 I art     : Starting a blocking GC Explicit
08-05 19:34:12.860 11113 11124 I art     : Explicit concurrent mark sweep GC freed 3(96B) AllocSpace objects, 0(0B) LOS objects, 22% free, 53MB/69MB, paused 789us total 27.008ms
08-05 19:34:12.872 11113 11124 I art     : Starting a blocking GC Explicit
08-05 19:34:12.899 11113 11124 I art     : Explicit concurrent mark sweep GC freed 103(5KB) AllocSpace objects, 0(0B) LOS objects, 22% free, 53MB/69MB, paused 651us total 27.289ms
08-05 19:34:12.911 11113 11124 I art     : Starting a blocking GC Explicit
08-05 19:34:12.939 11113 11124 I art     : Explicit concurrent mark sweep GC freed 19(656B) AllocSpace objects, 0(0B) LOS objects, 22% free, 53MB/69MB, paused 694us total 28.203ms
08-05 19:34:13.240 11113 14554 I art     : Starting a blocking GC Explicit
08-05 19:34:13.280 11113 14554 I art     : Explicit concurrent mark sweep GC freed 1344(78KB) AllocSpace objects, 1(20KB) LOS objects, 22% free, 53MB/69MB, paused 800us total 40.088ms
08-05 19:34:13.297 11113 14554 I art     : Starting a blocking GC Explicit
08-05 19:34:13.328 11113 14554 I art     : Explicit concurrent mark sweep GC freed 20(704B) AllocSpace objects, 0(0B) LOS objects, 22% free, 53MB/69MB, paused 751us total 30.161ms
08-05 19:34:13.340 11113 14554 I art     : Starting a blocking GC Explicit
08-05 19:34:13.371 11113 14554 I art     : Explicit concurrent mark sweep GC freed 3(96B) AllocSpace objects, 0(0B) LOS objects, 22% free, 53MB/69MB, paused 702us total 30.787ms
08-05 19:34:13.382 11113 14554 I art     : Starting a blocking GC Explicit
08-05 19:34:13.414 11113 14554 I art     : Explicit concurrent mark sweep GC freed 3(96B) AllocSpace objects, 0(0B) LOS objects, 22% free, 53MB/69MB, paused 723us total 31.045ms
08-05 19:34:13.426 11113 14554 I art     : Starting a blocking GC Explicit
08-05 19:34:13.457 11113 14554 I art     : Explicit concurrent mark sweep GC freed 3(96B) AllocSpace objects, 0(0B) LOS objects, 22% free, 53MB/69MB, paused 756us total 30.912ms
08-05 19:34:13.772 11113 11143 I art     : Starting a blocking GC Explicit
08-05 19:34:13.809 11113 11143 I art     : Explicit concurrent mark sweep GC freed 1344(78KB) AllocSpace objects, 1(20KB) LOS objects, 22% free, 53MB/69MB, paused 734us total 36.580ms
08-05 19:34:13.823 11113 11143 I art     : Starting a blocking GC Explicit
08-05 19:34:13.855 11113 11143 I art     : Explicit concurrent mark sweep GC freed 20(704B) AllocSpace objects, 0(0B) LOS objects, 22% free, 53MB/69MB, paused 689us total 31.263ms
08-05 19:34:13.866 11113 11143 I art     : Starting a blocking GC Explicit
08-05 19:34:13.896 11113 11143 I art     : Explicit concurrent mark sweep GC freed 3(96B) AllocSpace objects, 0(0B) LOS objects, 22% free, 53MB/69MB, paused 681us total 29.463ms
08-05 19:34:13.908 11113 11143 I art     : Starting a blocking GC Explicit
08-05 19:34:13.942 11113 11143 I art     : Explicit concurrent mark sweep GC freed 3(96B) AllocSpace objects, 0(0B) LOS objects, 22% free, 53MB/69MB, paused 716us total 33.677ms
08-05 19:34:13.954 11113 11143 I art     : Starting a blocking GC Explicit
08-05 19:34:13.989 11113 11143 I art     : Explicit concurrent mark sweep GC freed 3(96B) AllocSpace objects, 0(0B) LOS objects, 22% free, 53MB/69MB, paused 710us total 34.190ms
08-05 19:34:14.342 11113 11126 I art     : Starting a blocking GC Explicit
08-05 19:34:14.383 11113 11126 I art     : Explicit concurrent mark sweep GC freed 1344(78KB) AllocSpace objects, 1(20KB) LOS objects, 22% free, 53MB/69MB, paused 777us total 40.374ms
08-05 19:34:14.397 11113 11126 I art     : Starting a blocking GC Explicit
08-05 19:34:14.431 11113 11126 I art     : Explicit concurrent mark sweep GC freed 20(704B) AllocSpace objects, 0(0B) LOS objects, 22% free, 53MB/69MB, paused 715us total 33.668ms
08-05 19:34:14.443 11113 11126 I art     : Starting a blocking GC Explicit
08-05 19:34:14.477 11113 11126 I art     : Explicit concurrent mark sweep GC freed 3(96B) AllocSpace objects, 0(0B) LOS objects, 22% free, 53MB/69MB, paused 816us total 34.300ms
08-05 19:34:14.490 11113 11126 I art     : Starting a blocking GC Explicit
08-05 19:34:14.523 11113 11126 I art     : Explicit concurrent mark sweep GC freed 3(96B) AllocSpace objects, 0(0B) LOS objects, 22% free, 53MB/69MB, paused 666us total 32.816ms
08-05 19:34:14.535 11113 11126 I art     : Starting a blocking GC Explicit
08-05 19:34:14.570 11113 11126 I art     : Explicit concurrent mark sweep GC freed 3(96B) AllocSpace objects, 0(0B) LOS objects, 22% free, 53MB/69MB, paused 720us total 34.464ms
08-05 19:34:14.905 11113 11348 I art     : Starting a blocking GC Explicit
08-05 19:34:14.945 11113 11348 I art     : Explicit concurrent mark sweep GC freed 1344(78KB) AllocSpace objects, 1(20KB) LOS objects, 22% free, 53MB/69MB, paused 746us total 40.062ms
08-05 19:34:14.959 11113 11348 I art     : Starting a blocking GC Explicit
08-05 19:34:14.991 11113 11348 I art     : Explicit concurrent mark sweep GC freed 20(704B) AllocSpace objects, 0(0B) LOS objects, 22% free, 53MB/69MB, paused 726us total 31.603ms
08-05 19:34:15.003 11113 11348 I art     : Starting a blocking GC Explicit
08-05 19:34:15.037 11113 11348 I art     : Explicit concurrent mark sweep GC freed 3(96B) AllocSpace objects, 0(0B) LOS objects, 22% free, 53MB/69MB, paused 805us total 33.783ms
08-05 19:34:15.049 11113 11348 I art     : Starting a blocking GC Explicit
08-05 19:34:15.084 11113 11348 I art     : Explicit concurrent mark sweep GC freed 3(96B) AllocSpace objects, 0(0B) LOS objects, 22% free, 53MB/69MB, paused 725us total 34.248ms
08-05 19:34:15.096 11113 11348 I art     : Starting a blocking GC Explicit
08-05 19:34:15.129 11113 11348 I art     : Explicit concurrent mark sweep GC freed 3(96B) AllocSpace objects, 0(0B) LOS objects, 22% free, 53MB/69MB, paused 741us total 32.487ms
08-05 19:34:15.453 11113 11124 I art     : Starting a blocking GC Explicit
08-05 19:34:15.482 13866 13882 I PeriodicStatsRunner: PeriodicStatsRunner.call():175 call()
08-05 19:34:15.483 13866 13882 I PeriodicStatsRunner: PeriodicStatsRunner.call():179 No submit PeriodicStats since input started.
08-05 19:34:15.493 11113 11124 I art     : Explicit concurrent mark sweep GC freed 1344(78KB) AllocSpace objects, 1(20KB) LOS objects, 22% free, 53MB/69MB, paused 772us total 40.085ms
08-05 19:34:15.507 11113 11124 I art     : Starting a blocking GC Explicit
08-05 19:34:15.541 11113 11124 I art     : Explicit concurrent mark sweep GC freed 20(704B) AllocSpace objects, 0(0B) LOS objects, 22% free, 53MB/69MB, paused 754us total 33.433ms
08-05 19:34:15.553 11113 11124 I art     : Starting a blocking GC Explicit
08-05 19:34:15.588 11113 11124 I art     : Explicit concurrent mark sweep GC freed 3(96B) AllocSpace objects, 0(0B) LOS objects, 22% free, 53MB/69MB, paused 756us total 34.526ms
08-05 19:34:15.600 11113 11124 I art     : Starting a blocking GC Explicit
08-05 19:34:15.634 11113 11124 I art     : Explicit concurrent mark sweep GC freed 3(96B) AllocSpace objects, 0(0B) LOS objects, 22% free, 53MB/69MB, paused 735us total 33.389ms
08-05 19:34:15.646 11113 11124 I art     : Starting a blocking GC Explicit
08-05 19:34:15.681 11113 11124 I art     : Explicit concurrent mark sweep GC freed 3(96B) AllocSpace objects, 0(0B) LOS objects, 22% free, 53MB/69MB, paused 737us total 34.132ms
08-05 19:34:16.010 11113 14554 I art     : Starting a blocking GC Explicit
08-05 19:34:16.055 11113 14554 I art     : Explicit concurrent mark sweep GC freed 1344(78KB) AllocSpace objects, 1(20KB) LOS objects, 22% free, 53MB/69MB, paused 824us total 44.221ms
08-05 19:34:16.071 11113 14554 I art     : Starting a blocking GC Explicit
08-05 19:34:16.106 11113 14554 I art     : Explicit concurrent mark sweep GC freed 20(704B) AllocSpace objects, 0(0B) LOS objects, 22% free, 53MB/69MB, paused 744us total 35.023ms
08-05 19:34:16.118 11113 14554 I art     : Starting a blocking GC Explicit
08-05 19:34:16.152 11113 14554 I art     : Explicit concurrent mark sweep GC freed 3(96B) AllocSpace objects, 0(0B) LOS objects, 22% free, 53MB/69MB, paused 729us total 33.405ms
08-05 19:34:16.164 11113 14554 I art     : Starting a blocking GC Explicit
08-05 19:34:16.199 11113 14554 I art     : Explicit concurrent mark sweep GC freed 3(96B) AllocSpace objects, 0(0B) LOS objects, 22% free, 53MB/69MB, paused 759us total 34.118ms
08-05 19:34:16.211 11113 14554 I art     : Starting a blocking GC Explicit
08-05 19:34:16.243 11113 14554 I art     : Explicit concurrent mark sweep GC freed 3(96B) AllocSpace objects, 0(0B) LOS objects, 22% free, 53MB/69MB, paused 738us total 31.380ms
08-05 19:34:16.587 11113 11143 I art     : Starting a blocking GC Explicit
08-05 19:34:16.627 11113 11143 I art     : Explicit concurrent mark sweep GC freed 1344(78KB) AllocSpace objects, 1(20KB) LOS objects, 22% free, 53MB/69MB, paused 679us total 39.264ms
08-05 19:34:16.640 11113 11143 I art     : Starting a blocking GC Explicit
08-05 19:34:16.670 11113 11143 I art     : Explicit concurrent mark sweep GC freed 20(704B) AllocSpace objects, 0(0B) LOS objects, 22% free, 53MB/69MB, paused 664us total 30.010ms
08-05 19:34:16.682 11113 11143 I art     : Starting a blocking GC Explicit
08-05 19:34:16.712 11113 11143 I art     : Explicit concurrent mark sweep GC freed 3(96B) AllocSpace objects, 0(0B) LOS objects, 22% free, 53MB/69MB, paused 699us total 29.613ms
08-05 19:34:16.723 11113 11143 I art     : Starting a blocking GC Explicit
08-05 19:34:16.753 11113 11143 I art     : Explicit concurrent mark sweep GC freed 3(96B) AllocSpace objects, 0(0B) LOS objects, 22% free, 53MB/69MB, paused 683us total 29.785ms
08-05 19:34:16.764 11113 11143 I art     : Starting a blocking GC Explicit
08-05 19:34:16.794 11113 11143 I art     : Explicit concurrent mark sweep GC freed 3(96B) AllocSpace objects, 0(0B) LOS objects, 22% free, 53MB/69MB, paused 702us total 29.482ms
08-05 19:34:17.134 11113 11126 I art     : Starting a blocking GC Explicit
08-05 19:34:17.172 11113 11126 I art     : Explicit concurrent mark sweep GC freed 1344(78KB) AllocSpace objects, 1(20KB) LOS objects, 22% free, 53MB/69MB, paused 838us total 36.893ms
08-05 19:34:17.173 14680 14680 D AndroidRuntime: >>>>>> START com.android.internal.os.RuntimeInit uid 2000 <<<<<<
08-05 19:34:17.182 14680 14680 D AndroidRuntime: CheckJNI is OFF
08-05 19:34:17.187 11113 11126 I art     : Starting a blocking GC Explicit
08-05 19:34:17.218 11113 11126 I art     : Explicit concurrent mark sweep GC freed 20(704B) AllocSpace objects, 0(0B) LOS objects, 22% free, 53MB/69MB, paused 756us total 30.704ms
08-05 19:34:17.228 14680 14680 D ICU     : No timezone override file found: /data/misc/zoneinfo/current/icu/icu_tzdata.dat
08-05 19:34:17.230 11113 11126 I art     : Starting a blocking GC Explicit
08-05 19:34:17.262 11113 11126 I art     : Explicit concurrent mark sweep GC freed 3(96B) AllocSpace objects, 0(0B) LOS objects, 22% free, 53MB/69MB, paused 766us total 31.252ms
08-05 19:34:17.273 11113 11126 I art     : Starting a blocking GC Explicit
08-05 19:34:17.275 14680 14680 I Radio-JNI: register_android_hardware_Radio DONE
08-05 19:34:17.304 14680 14680 D AndroidRuntime: Calling main entry com.android.commands.input.Input
08-05 19:34:17.305 11113 11126 I art     : Explicit concurrent mark sweep GC freed 3(96B) AllocSpace objects, 0(0B) LOS objects, 22% free, 53MB/69MB, paused 741us total 31.813ms
08-05 19:34:17.307 14680 14680 I Input   : injectKeyEvent: KeyEvent { action=ACTION_DOWN, keyCode=KEYCODE_BACK, scanCode=0, metaState=0, flags=0x0, repeatCount=0, eventTime=819273719, downTime=819273719, deviceId=-1, source=0x101 }
08-05 19:34:17.313 14680 14680 I Input   : injectKeyEvent: KeyEvent { action=ACTION_UP, keyCode=KEYCODE_BACK, scanCode=0, metaState=0, flags=0x0, repeatCount=0, eventTime=819273719, downTime=819273719, deviceId=-1, source=0x101 }
08-05 19:34:17.317 11113 11126 I art     : Starting a blocking GC Explicit
08-05 19:34:17.323 14680 14680 D AndroidRuntime: Shutting down VM
08-05 19:34:17.345 11113 11126 I art     : Explicit concurrent mark sweep GC freed 145(6KB) AllocSpace objects, 0(0B) LOS objects, 22% free, 53MB/69MB, paused 687us total 28.421ms
08-05 19:34:17.361 13866 13866 I GoogleInputMethodServic: GoogleInputMethodService.onFinishInput():3138 
08-05 19:34:17.362 13866 13866 I GoogleInputMethodServic: GoogleInputMethodService.onStartInput():1808 
08-05 19:34:17.484 13866 13882 I PeriodicStatsRunner: PeriodicStatsRunner.call():175 call()
08-05 19:34:17.484 13866 13882 I PeriodicStatsRunner: PeriodicStatsRunner.call():179 No submit PeriodicStats since input started.
08-05 19:34:17.647 11113 11348 I art     : Starting a blocking GC Explicit
08-05 19:34:17.663   380   380 W SurfaceFlinger: couldn't log to binary event log: overflow.
08-05 19:34:17.680 11113 11348 I art     : Explicit concurrent mark sweep GC freed 1474(87KB) AllocSpace objects, 1(20KB) LOS objects, 22% free, 53MB/69MB, paused 733us total 32.105ms
08-05 19:34:17.692 11113 11348 I art     : Starting a blocking GC Explicit
08-05 19:34:17.720 11113 11348 I art     : Explicit concurrent mark sweep GC freed 44(1760B) AllocSpace objects, 0(0B) LOS objects, 22% free, 53MB/69MB, paused 670us total 27.652ms
08-05 19:34:17.731 11113 11348 I art     : Starting a blocking GC Explicit
08-05 19:34:17.761 11113 11348 I art     : Explicit concurrent mark sweep GC freed 1654(108KB) AllocSpace objects, 3(180KB) LOS objects, 22% free, 53MB/69MB, paused 700us total 29.804ms
08-05 19:34:17.772 11113 11348 I art     : Starting a blocking GC Explicit
08-05 19:34:17.803 11113 11348 I art     : Explicit concurrent mark sweep GC freed 3(96B) AllocSpace objects, 0(0B) LOS objects, 22% free, 53MB/69MB, paused 679us total 30.705ms
08-05 19:34:17.815 11113 11348 I art     : Starting a blocking GC Explicit
08-05 19:34:17.846 11113 11348 I art     : Explicit concurrent mark sweep GC freed 3(96B) AllocSpace objects, 0(0B) LOS objects, 22% free, 53MB/69MB, paused 707us total 30.712ms
08-05 19:34:18.152 11113 14554 I art     : Starting a blocking GC Explicit
08-05 19:34:18.195 11113 14554 I art     : Explicit concurrent mark sweep GC freed 1344(78KB) AllocSpace objects, 1(20KB) LOS objects, 22% free, 53MB/69MB, paused 746us total 42.475ms
08-05 19:34:18.210 11113 14554 I art     : Starting a blocking GC Explicit
08-05 19:34:18.240 11113 14554 I art     : Explicit concurrent mark sweep GC freed 20(704B) AllocSpace objects, 0(0B) LOS objects, 22% free, 53MB/69MB, paused 730us total 29.595ms
08-05 19:34:18.251 11113 14554 I art     : Starting a blocking GC Explicit
08-05 19:34:18.282 11113 14554 I art     : Explicit concurrent mark sweep GC freed 3(96B) AllocSpace objects, 0(0B) LOS objects, 22% free, 53MB/69MB, paused 691us total 30.501ms
08-05 19:34:18.294 11113 14554 I art     : Starting a blocking GC Explicit
08-05 19:34:18.324 11113 14554 I art     : Explicit concurrent mark sweep GC freed 3(96B) AllocSpace objects, 0(0B) LOS objects, 22% free, 53MB/69MB, paused 709us total 30.344ms
08-05 19:34:18.336 11113 14554 I art     : Starting a blocking GC Explicit
08-05 19:34:18.365 11113 14554 I art     : Explicit concurrent mark sweep GC freed 3(96B) AllocSpace objects, 0(0B) LOS objects, 22% free, 53MB/69MB, paused 703us total 28.651ms
08-05 19:34:18.665 11113 11143 I art     : Starting a blocking GC Explicit
08-05 19:34:18.699 11113 11143 I art     : Explicit concurrent mark sweep GC freed 1344(78KB) AllocSpace objects, 1(20KB) LOS objects, 22% free, 53MB/69MB, paused 892us total 34.643ms
08-05 19:34:18.711 11113 11143 I art     : Starting a blocking GC Explicit
08-05 19:34:18.741 11113 11143 I art     : Explicit concurrent mark sweep GC freed 20(704B) AllocSpace objects, 0(0B) LOS objects, 22% free, 53MB/69MB, paused 712us total 29.680ms
08-05 19:34:18.752 11113 11143 I art     : Starting a blocking GC Explicit
08-05 19:34:18.783 11113 11143 I art     : Explicit concurrent mark sweep GC freed 3(96B) AllocSpace objects, 0(0B) LOS objects, 22% free, 53MB/69MB, paused 694us total 29.971ms
08-05 19:34:18.794 11113 11143 I art     : Starting a blocking GC Explicit
08-05 19:34:18.823 11113 11143 I art     : Explicit concurrent mark sweep GC freed 3(96B) AllocSpace objects, 0(0B) LOS objects, 22% free, 53MB/69MB, paused 706us total 29.125ms
08-05 19:34:18.835 11113 11143 I art     : Starting a blocking GC Explicit
08-05 19:34:18.865 11113 11143 I art     : Explicit concurrent mark sweep GC freed 3(96B) AllocSpace objects, 0(0B) LOS objects, 22% free, 53MB/69MB, paused 711us total 29.403ms
08-05 19:34:19.108 14729 14729 D AndroidRuntime: >>>>>> START com.android.internal.os.RuntimeInit uid 2000 <<<<<<
08-05 19:34:19.115 14729 14729 D AndroidRuntime: CheckJNI is OFF
08-05 19:34:19.157 14729 14729 D ICU     : No timezone override file found: /data/misc/zoneinfo/current/icu/icu_tzdata.dat
08-05 19:34:19.198 14729 14729 I Radio-JNI: register_android_hardware_Radio DONE
08-05 19:34:19.204 11113 11126 I art     : Starting a blocking GC Explicit
08-05 19:34:19.228 14729 14729 D AndroidRuntime: Calling main entry com.android.commands.input.Input
08-05 19:34:19.230 14729 14729 I Input   : injectMotionEvent: MotionEvent { action=ACTION_DOWN, actionButton=0, id[0]=0, x[0]=369.0, y[0]=554.0, toolType[0]=TOOL_TYPE_UNKNOWN, buttonState=0, metaState=0, flags=0x0, edgeFlags=0x0, pointerCount=1, historySize=0, eventTime=819275642, downTime=819275642, deviceId=0, source=0x1002 }
08-05 19:34:19.235 11113 11126 I art     : Explicit concurrent mark sweep GC freed 1344(78KB) AllocSpace objects, 1(20KB) LOS objects, 22% free, 53MB/69MB, paused 787us total 31.097ms
08-05 19:34:19.237 14729 14729 I Input   : injectMotionEvent: MotionEvent { action=ACTION_UP, actionButton=0, id[0]=0, x[0]=369.0, y[0]=554.0, toolType[0]=TOOL_TYPE_UNKNOWN, buttonState=0, metaState=0, flags=0x0, edgeFlags=0x0, pointerCount=1, historySize=0, eventTime=819275642, downTime=819275642, deviceId=0, source=0x1002 }
08-05 19:34:19.239   918  5132 I ActivityManager: START u0 {cmp=baseline.appteam.nith.hillffair/.activities.ClubActivity (has extras)} from uid 10675 on display 0
08-05 19:34:19.246 14729 14729 D AndroidRuntime: Shutting down VM
08-05 19:34:19.247 11113 11126 I art     : Starting a blocking GC Explicit
08-05 19:34:19.277 11113 11126 I art     : Explicit concurrent mark sweep GC freed 348(25KB) AllocSpace objects, 0(0B) LOS objects, 22% free, 53MB/69MB, paused 1.104ms total 29.345ms
08-05 19:34:19.288 11113 11126 I art     : Starting a blocking GC Explicit
08-05 19:34:19.318 11113 11126 I art     : Explicit concurrent mark sweep GC freed 3407(260KB) AllocSpace objects, 0(0B) LOS objects, 22% free, 53MB/69MB, paused 777us total 29.851ms
08-05 19:34:19.329 11113 11126 I art     : Starting a blocking GC Explicit
08-05 19:34:19.346 11113 11113 I NAPPA_EXPERIMENTATION: MetricNetworkRequestExecutionTime: REQUEST_DURATION_SYSTEM='63',REQUEST_DURATION_OKHTTP='38',REQUEST_SYNCHRONOUS='FALSE',RESPONSE_CODE='200',RESPONSE_METHOD='GET',RESPONSE_LENGTH_OKHTTP='979',RESPONSE_LENGTH_HEADER='-2',REQUEST_PROTOCOL='http/1.1',REQUEST_URL='https://api-hillfair-2k16.herokuapp.com/api/app/club/PR%20Club',
08-05 19:34:19.353 13866 13866 I GoogleInputMethodServic: GoogleInputMethodService.onFinishInput():3138 
08-05 19:34:19.353 13866 13866 I GoogleInputMethodServic: GoogleInputMethodService.onStartInput():1808 
08-05 19:34:19.355   918   936 I ActivityManager: Displayed baseline.appteam.nith.hillffair/.activities.ClubActivity: +108ms
08-05 19:34:19.358 11113 11126 I art     : Explicit concurrent mark sweep GC freed 840(57KB) AllocSpace objects, 0(0B) LOS objects, 22% free, 53MB/69MB, paused 1.102ms total 28.712ms
08-05 19:34:19.369 11113 11126 I art     : Starting a blocking GC Explicit
08-05 19:34:19.400 11113 11126 I art     : Explicit concurrent mark sweep GC freed 94(3KB) AllocSpace objects, 0(0B) LOS objects, 22% free, 53MB/69MB, paused 692us total 31.170ms
08-05 19:34:19.599   380   380 W SurfaceFlinger: couldn't log to binary event log: overflow.
08-05 19:34:19.695 11113 11124 I art     : Starting a blocking GC Explicit
08-05 19:34:19.727 11113 11124 I art     : Explicit concurrent mark sweep GC freed 1443(83KB) AllocSpace objects, 1(20KB) LOS objects, 22% free, 53MB/69MB, paused 805us total 32.047ms
08-05 19:34:19.739 11113 11124 I art     : Starting a blocking GC Explicit
08-05 19:34:19.768 11113 11124 I art     : Explicit concurrent mark sweep GC freed 30(1104B) AllocSpace objects, 0(0B) LOS objects, 22% free, 53MB/69MB, paused 675us total 28.013ms
08-05 19:34:19.779 11113 11124 I art     : Starting a blocking GC Explicit
08-05 19:34:19.809 11113 11124 I art     : Explicit concurrent mark sweep GC freed 3(96B) AllocSpace objects, 0(0B) LOS objects, 22% free, 53MB/69MB, paused 717us total 29.485ms
08-05 19:34:19.821 11113 11124 I art     : Starting a blocking GC Explicit
08-05 19:34:19.850 11113 11124 I art     : Explicit concurrent mark sweep GC freed 3(96B) AllocSpace objects, 0(0B) LOS objects, 22% free, 53MB/69MB, paused 924us total 28.718ms
08-05 19:34:19.861 11113 11124 I art     : Starting a blocking GC Explicit
08-05 19:34:19.889 11113 11124 I art     : Explicit concurrent mark sweep GC freed 3(96B) AllocSpace objects, 0(0B) LOS objects, 22% free, 53MB/69MB, paused 712us total 27.938ms
08-05 19:34:20.198 11113 11143 I art     : Starting a blocking GC Explicit
08-05 19:34:20.235 11113 11143 I art     : Explicit concurrent mark sweep GC freed 1344(78KB) AllocSpace objects, 1(20KB) LOS objects, 22% free, 53MB/69MB, paused 771us total 37.344ms
08-05 19:34:20.250 11113 11143 I art     : Starting a blocking GC Explicit
08-05 19:34:20.281 11113 11143 I art     : Explicit concurrent mark sweep GC freed 36(1264B) AllocSpace objects, 0(0B) LOS objects, 22% free, 53MB/69MB, paused 748us total 30.622ms
08-05 19:34:20.293 11113 11143 I art     : Starting a blocking GC Explicit
08-05 19:34:20.324 11113 11143 I art     : Explicit concurrent mark sweep GC freed 3(96B) AllocSpace objects, 0(0B) LOS objects, 22% free, 53MB/69MB, paused 722us total 30.883ms
08-05 19:34:20.336 11113 11143 I art     : Starting a blocking GC Explicit
08-05 19:34:20.368 11113 11143 I art     : Explicit concurrent mark sweep GC freed 3(96B) AllocSpace objects, 0(0B) LOS objects, 22% free, 53MB/69MB, paused 778us total 32.073ms
08-05 19:34:20.380 11113 11143 I art     : Starting a blocking GC Explicit
08-05 19:34:20.412 11113 11143 I art     : Explicit concurrent mark sweep GC freed 3(96B) AllocSpace objects, 0(0B) LOS objects, 22% free, 53MB/69MB, paused 737us total 31.542ms
08-05 19:34:20.729 11113 14554 I art     : Starting a blocking GC Explicit
08-05 19:34:20.774 11113 14554 I art     : Explicit concurrent mark sweep GC freed 1344(78KB) AllocSpace objects, 1(20KB) LOS objects, 22% free, 53MB/69MB, paused 817us total 44.569ms
08-05 19:34:20.790 11113 14554 I art     : Starting a blocking GC Explicit
08-05 19:34:20.826 11113 14554 I art     : Explicit concurrent mark sweep GC freed 20(704B) AllocSpace objects, 0(0B) LOS objects, 22% free, 53MB/69MB, paused 764us total 35.684ms
08-05 19:34:20.838 11113 14554 I art     : Starting a blocking GC Explicit
08-05 19:34:20.870 11113 14554 I art     : Explicit concurrent mark sweep GC freed 3(96B) AllocSpace objects, 0(0B) LOS objects, 22% free, 53MB/69MB, paused 753us total 32.037ms
08-05 19:34:20.882 11113 14554 I art     : Starting a blocking GC Explicit
08-05 19:34:20.917 11113 14554 I art     : Explicit concurrent mark sweep GC freed 3(96B) AllocSpace objects, 0(0B) LOS objects, 22% free, 53MB/69MB, paused 812us total 34.446ms
08-05 19:34:20.929 11113 14554 I art     : Starting a blocking GC Explicit
08-05 19:34:20.964 11113 14554 I art     : Explicit concurrent mark sweep GC freed 3(96B) AllocSpace objects, 0(0B) LOS objects, 22% free, 53MB/69MB, paused 753us total 34.201ms
08-05 19:34:21.305 11113 11126 I art     : Starting a blocking GC Explicit
08-05 19:34:21.344 11113 11126 I art     : Explicit concurrent mark sweep GC freed 1344(78KB) AllocSpace objects, 1(20KB) LOS objects, 22% free, 53MB/69MB, paused 756us total 38.368ms
08-05 19:34:21.360 11113 11126 I art     : Starting a blocking GC Explicit
08-05 19:34:21.394 11113 11126 I art     : Explicit concurrent mark sweep GC freed 20(704B) AllocSpace objects, 0(0B) LOS objects, 22% free, 53MB/69MB, paused 757us total 34.329ms
08-05 19:34:21.407 11113 11126 I art     : Starting a blocking GC Explicit
08-05 19:34:21.441 11113 11126 I art     : Explicit concurrent mark sweep GC freed 3(96B) AllocSpace objects, 0(0B) LOS objects, 22% free, 53MB/69MB, paused 688us total 34.545ms
08-05 19:34:21.453 11113 11126 I art     : Starting a blocking GC Explicit
08-05 19:34:21.486 11113 11126 I art     : Explicit concurrent mark sweep GC freed 3(96B) AllocSpace objects, 0(0B) LOS objects, 22% free, 53MB/69MB, paused 765us total 32.607ms
08-05 19:34:21.499 11113 11126 I art     : Starting a blocking GC Explicit
08-05 19:34:21.533 11113 11126 I art     : Explicit concurrent mark sweep GC freed 3(96B) AllocSpace objects, 0(0B) LOS objects, 22% free, 53MB/69MB, paused 748us total 34.052ms
08-05 19:34:21.878 11113 11348 I art     : Starting a blocking GC Explicit
08-05 19:34:21.918 11113 11348 I art     : Explicit concurrent mark sweep GC freed 1344(78KB) AllocSpace objects, 1(20KB) LOS objects, 22% free, 53MB/69MB, paused 941us total 39.872ms
08-05 19:34:21.937 11113 11348 I art     : Starting a blocking GC Explicit
08-05 19:34:21.969 11113 11348 I art     : Explicit concurrent mark sweep GC freed 20(704B) AllocSpace objects, 0(0B) LOS objects, 22% free, 53MB/69MB, paused 720us total 31.936ms
08-05 19:34:21.981 11113 11348 I art     : Starting a blocking GC Explicit
08-05 19:34:22.016 11113 11348 I art     : Explicit concurrent mark sweep GC freed 3(96B) AllocSpace objects, 0(0B) LOS objects, 22% free, 53MB/69MB, paused 754us total 34.491ms
08-05 19:34:22.028 11113 11348 I art     : Starting a blocking GC Explicit
08-05 19:34:22.063 11113 11348 I art     : Explicit concurrent mark sweep GC freed 3(96B) AllocSpace objects, 0(0B) LOS objects, 22% free, 53MB/69MB, paused 756us total 34.520ms
08-05 19:34:22.075 11113 11348 I art     : Starting a blocking GC Explicit
08-05 19:34:22.108 11113 11348 I art     : Explicit concurrent mark sweep GC freed 3(96B) AllocSpace objects, 0(0B) LOS objects, 22% free, 53MB/69MB, paused 794us total 32.558ms
08-05 19:34:22.362 13866 13882 I PeriodicStatsRunner: PeriodicStatsRunner.call():175 call()
08-05 19:34:22.362 13866 13882 I PeriodicStatsRunner: PeriodicStatsRunner.call():179 No submit PeriodicStats since input started.
08-05 19:34:22.453 11113 11124 I art     : Starting a blocking GC Explicit
08-05 19:34:22.488 11113 11124 I art     : Explicit concurrent mark sweep GC freed 1344(78KB) AllocSpace objects, 1(20KB) LOS objects, 22% free, 53MB/69MB, paused 803us total 34.380ms
08-05 19:34:22.500 11113 11124 I art     : Starting a blocking GC Explicit
08-05 19:34:22.535 11113 11124 I art     : Explicit concurrent mark sweep GC freed 20(704B) AllocSpace objects, 0(0B) LOS objects, 22% free, 53MB/69MB, paused 755us total 34.576ms
08-05 19:34:22.547 11113 11124 I art     : Starting a blocking GC Explicit
08-05 19:34:22.582 11113 11124 I art     : Explicit concurrent mark sweep GC freed 3(96B) AllocSpace objects, 0(0B) LOS objects, 22% free, 53MB/69MB, paused 754us total 34.881ms
08-05 19:34:22.595 11113 11124 I art     : Starting a blocking GC Explicit
08-05 19:34:22.628 11113 11124 I art     : Explicit concurrent mark sweep GC freed 3(96B) AllocSpace objects, 0(0B) LOS objects, 22% free, 53MB/69MB, paused 775us total 33.431ms
08-05 19:34:22.641 11113 11124 I art     : Starting a blocking GC Explicit
08-05 19:34:22.675 11113 11124 I art     : Explicit concurrent mark sweep GC freed 3(96B) AllocSpace objects, 0(0B) LOS objects, 22% free, 53MB/69MB, paused 765us total 34.004ms
08-05 19:34:23.008 11113 11143 I art     : Starting a blocking GC Explicit
08-05 19:34:23.046 11113 11143 I art     : Explicit concurrent mark sweep GC freed 1344(78KB) AllocSpace objects, 1(20KB) LOS objects, 22% free, 53MB/69MB, paused 730us total 37.328ms
08-05 19:34:23.061 11113 11143 I art     : Starting a blocking GC Explicit
08-05 19:34:23.094 11113 11143 I art     : Explicit concurrent mark sweep GC freed 20(704B) AllocSpace objects, 0(0B) LOS objects, 22% free, 53MB/69MB, paused 718us total 32.131ms
08-05 19:34:23.106 11113 11143 I art     : Starting a blocking GC Explicit
08-05 19:34:23.141 11113 11143 I art     : Explicit concurrent mark sweep GC freed 3(96B) AllocSpace objects, 0(0B) LOS objects, 22% free, 53MB/69MB, paused 753us total 34.750ms
08-05 19:34:23.153 11113 11143 I art     : Starting a blocking GC Explicit
08-05 19:34:23.188 11113 11143 I art     : Explicit concurrent mark sweep GC freed 3(96B) AllocSpace objects, 0(0B) LOS objects, 22% free, 53MB/69MB, paused 937us total 34.643ms
08-05 19:34:23.200 11113 11143 I art     : Starting a blocking GC Explicit
08-05 19:34:23.233 11113 11143 I art     : Explicit concurrent mark sweep GC freed 3(96B) AllocSpace objects, 0(0B) LOS objects, 22% free, 53MB/69MB, paused 758us total 32.731ms
08-05 19:34:23.572 11113 14554 I art     : Starting a blocking GC Explicit
08-05 19:34:23.609 11113 14554 I art     : Explicit concurrent mark sweep GC freed 1365(79KB) AllocSpace objects, 1(20KB) LOS objects, 22% free, 53MB/69MB, paused 840us total 36.062ms
08-05 19:34:23.621 11113 14554 I art     : Starting a blocking GC Explicit
08-05 19:34:23.652 11113 14554 I art     : Explicit concurrent mark sweep GC freed 36(1216B) AllocSpace objects, 0(0B) LOS objects, 22% free, 53MB/69MB, paused 721us total 30.615ms
08-05 19:34:23.664 11113 14554 I art     : Starting a blocking GC Explicit
08-05 19:34:23.696 11113 14554 I art     : Explicit concurrent mark sweep GC freed 3(96B) AllocSpace objects, 0(0B) LOS objects, 22% free, 53MB/69MB, paused 713us total 31.490ms
08-05 19:34:23.708 11113 14554 I art     : Starting a blocking GC Explicit
08-05 19:34:23.740 11113 14554 I art     : Explicit concurrent mark sweep GC freed 3(96B) AllocSpace objects, 0(0B) LOS objects, 22% free, 53MB/69MB, paused 743us total 32.354ms
08-05 19:34:23.752 11113 14554 I art     : Starting a blocking GC Explicit
08-05 19:34:23.784 11113 14554 I art     : Explicit concurrent mark sweep GC freed 3(96B) AllocSpace objects, 0(0B) LOS objects, 22% free, 53MB/69MB, paused 738us total 31.860ms
08-05 19:34:24.039 14835 14835 D AndroidRuntime: >>>>>> START com.android.internal.os.RuntimeInit uid 2000 <<<<<<
08-05 19:34:24.045 14835 14835 D AndroidRuntime: CheckJNI is OFF
08-05 19:34:24.089 14835 14835 D ICU     : No timezone override file found: /data/misc/zoneinfo/current/icu/icu_tzdata.dat
08-05 19:34:24.108 11113 11126 I art     : Starting a blocking GC Explicit
08-05 19:34:24.131 14835 14835 I Radio-JNI: register_android_hardware_Radio DONE
08-05 19:34:24.140 11113 11126 I art     : Explicit concurrent mark sweep GC freed 1344(78KB) AllocSpace objects, 1(20KB) LOS objects, 22% free, 53MB/69MB, paused 812us total 31.093ms
08-05 19:34:24.151 11113 11126 I art     : Starting a blocking GC Explicit
08-05 19:34:24.161 14835 14835 D AndroidRuntime: Calling main entry com.android.commands.input.Input
08-05 19:34:24.163 14835 14835 I Input   : injectKeyEvent: KeyEvent { action=ACTION_DOWN, keyCode=KEYCODE_BACK, scanCode=0, metaState=0, flags=0x0, repeatCount=0, eventTime=819280576, downTime=819280576, deviceId=-1, source=0x101 }
08-05 19:34:24.171 14835 14835 I Input   : injectKeyEvent: KeyEvent { action=ACTION_UP, keyCode=KEYCODE_BACK, scanCode=0, metaState=0, flags=0x0, repeatCount=0, eventTime=819280576, downTime=819280576, deviceId=-1, source=0x101 }
08-05 19:34:24.179 14835 14835 D AndroidRuntime: Shutting down VM
08-05 19:34:24.181 11113 11126 I art     : Explicit concurrent mark sweep GC freed 35(1248B) AllocSpace objects, 0(0B) LOS objects, 22% free, 53MB/69MB, paused 742us total 29.594ms
08-05 19:34:24.192 11113 11126 I art     : Starting a blocking GC Explicit
08-05 19:34:24.215 13866 13866 I GoogleInputMethodServic: GoogleInputMethodService.onFinishInput():3138 
08-05 19:34:24.215 13866 13866 I GoogleInputMethodServic: GoogleInputMethodService.onStartInput():1808 
08-05 19:34:24.220 11113 11126 I art     : Explicit concurrent mark sweep GC freed 133(5KB) AllocSpace objects, 0(0B) LOS objects, 22% free, 53MB/69MB, paused 833us total 28.176ms
08-05 19:34:24.231 11113 11126 I art     : Starting a blocking GC Explicit
08-05 19:34:24.259 11113 11126 I art     : Explicit concurrent mark sweep GC freed 38(1376B) AllocSpace objects, 0(0B) LOS objects, 22% free, 53MB/69MB, paused 740us total 27.503ms
08-05 19:34:24.270 11113 11126 I art     : Starting a blocking GC Explicit
08-05 19:34:24.298 11113 11126 I art     : Explicit concurrent mark sweep GC freed 10(384B) AllocSpace objects, 0(0B) LOS objects, 22% free, 53MB/69MB, paused 732us total 27.320ms
08-05 19:34:24.353 13866 13882 I PeriodicStatsRunner: PeriodicStatsRunner.call():175 call()
08-05 19:34:24.353 13866 13882 I PeriodicStatsRunner: PeriodicStatsRunner.call():179 No submit PeriodicStats since input started.
08-05 19:34:24.521   380   380 W SurfaceFlinger: couldn't log to binary event log: overflow.
08-05 19:34:24.584 11113 11126 I art     : Starting a blocking GC Explicit
08-05 19:34:24.617 11113 11126 I art     : Explicit concurrent mark sweep GC freed 1453(86KB) AllocSpace objects, 1(20KB) LOS objects, 22% free, 53MB/69MB, paused 712us total 32.506ms
08-05 19:34:24.629 11113 11126 I art     : Starting a blocking GC Explicit
08-05 19:34:24.660 11113 11126 I art     : Explicit concurrent mark sweep GC freed 1671(107KB) AllocSpace objects, 3(184KB) LOS objects, 22% free, 53MB/69MB, paused 699us total 30.935ms
08-05 19:34:24.672 11113 11126 I art     : Starting a blocking GC Explicit
08-05 19:34:24.703 11113 11126 I art     : Explicit concurrent mark sweep GC freed 3(96B) AllocSpace objects, 0(0B) LOS objects, 22% free, 53MB/69MB, paused 710us total 30.587ms
08-05 19:34:24.714 11113 11126 I art     : Starting a blocking GC Explicit
08-05 19:34:24.746 11113 11126 I art     : Explicit concurrent mark sweep GC freed 3(96B) AllocSpace objects, 0(0B) LOS objects, 22% free, 53MB/69MB, paused 729us total 30.984ms
08-05 19:34:24.758 11113 11126 I art     : Starting a blocking GC Explicit
08-05 19:34:24.789 11113 11126 I art     : Explicit concurrent mark sweep GC freed 3(96B) AllocSpace objects, 0(0B) LOS objects, 22% free, 53MB/69MB, paused 695us total 31.050ms
08-05 19:34:24.883  7260  7260 I ServiceManager: Waiting for service AtCmdFwd...
08-05 19:34:25.099 11113 11143 I art     : Starting a blocking GC Explicit
08-05 19:34:25.138 11113 11143 I art     : Explicit concurrent mark sweep GC freed 1344(78KB) AllocSpace objects, 1(20KB) LOS objects, 22% free, 53MB/69MB, paused 788us total 38.415ms
08-05 19:34:25.152 11113 11143 I art     : Starting a blocking GC Explicit
08-05 19:34:25.187 11113 11143 I art     : Explicit concurrent mark sweep GC freed 20(704B) AllocSpace objects, 0(0B) LOS objects, 22% free, 53MB/69MB, paused 660us total 34.079ms
08-05 19:34:25.198 11113 11143 I art     : Starting a blocking GC Explicit
08-05 19:34:25.229 11113 11143 I art     : Explicit concurrent mark sweep GC freed 3(96B) AllocSpace objects, 0(0B) LOS objects, 22% free, 53MB/69MB, paused 695us total 30.721ms
08-05 19:34:25.241 11113 11143 I art     : Starting a blocking GC Explicit
08-05 19:34:25.272 11113 11143 I art     : Explicit concurrent mark sweep GC freed 3(96B) AllocSpace objects, 0(0B) LOS objects, 22% free, 53MB/69MB, paused 695us total 30.356ms
08-05 19:34:25.283 11113 11143 I art     : Starting a blocking GC Explicit
08-05 19:34:25.314 11113 11143 I art     : Explicit concurrent mark sweep GC freed 3(96B) AllocSpace objects, 0(0B) LOS objects, 22% free, 53MB/69MB, paused 713us total 30.160ms
08-05 19:34:25.601 11113 11348 I art     : Starting a blocking GC Explicit
08-05 19:34:25.634 11113 11348 I art     : Explicit concurrent mark sweep GC freed 1344(78KB) AllocSpace objects, 1(20KB) LOS objects, 22% free, 53MB/69MB, paused 702us total 31.985ms
08-05 19:34:25.650 11113 11348 I art     : Starting a blocking GC Explicit
08-05 19:34:25.679 11113 11348 I art     : Explicit concurrent mark sweep GC freed 20(704B) AllocSpace objects, 0(0B) LOS objects, 22% free, 53MB/69MB, paused 701us total 29.060ms
08-05 19:34:25.690 11113 11348 I art     : Starting a blocking GC Explicit
08-05 19:34:25.720 11113 11348 I art     : Explicit concurrent mark sweep GC freed 3(96B) AllocSpace objects, 0(0B) LOS objects, 22% free, 53MB/69MB, paused 710us total 29.233ms
08-05 19:34:25.731 11113 11348 I art     : Starting a blocking GC Explicit
08-05 19:34:25.760 11113 11348 I art     : Explicit concurrent mark sweep GC freed 3(96B) AllocSpace objects, 0(0B) LOS objects, 22% free, 53MB/69MB, paused 713us total 28.982ms
08-05 19:34:25.772 11113 11348 I art     : Starting a blocking GC Explicit
08-05 19:34:25.802 11113 11348 I art     : Explicit concurrent mark sweep GC freed 3(96B) AllocSpace objects, 0(0B) LOS objects, 22% free, 53MB/69MB, paused 765us total 29.611ms
08-05 19:34:25.883  7260  7260 I ServiceManager: Waiting for service AtCmdFwd...
08-05 19:34:25.979 14881 14881 D AndroidRuntime: >>>>>> START com.android.internal.os.RuntimeInit uid 2000 <<<<<<
08-05 19:34:25.987 14881 14881 D AndroidRuntime: CheckJNI is OFF
08-05 19:34:26.029 14881 14881 D ICU     : No timezone override file found: /data/misc/zoneinfo/current/icu/icu_tzdata.dat
08-05 19:34:26.072 14881 14881 I Radio-JNI: register_android_hardware_Radio DONE
08-05 19:34:26.102 14881 14881 D AndroidRuntime: Calling main entry com.android.commands.input.Input
08-05 19:34:26.104 14881 14881 I Input   : injectKeyEvent: KeyEvent { action=ACTION_DOWN, keyCode=KEYCODE_BACK, scanCode=0, metaState=0, flags=0x0, repeatCount=0, eventTime=819282517, downTime=819282517, deviceId=-1, source=0x101 }
08-05 19:34:26.111 14881 14881 I Input   : injectKeyEvent: KeyEvent { action=ACTION_UP, keyCode=KEYCODE_BACK, scanCode=0, metaState=0, flags=0x0, repeatCount=0, eventTime=819282517, downTime=819282517, deviceId=-1, source=0x101 }
08-05 19:34:26.116 14881 14881 D AndroidRuntime: Shutting down VM
08-05 19:34:26.119 11113 11143 I art     : Starting a blocking GC Explicit
08-05 19:34:26.149 11113 11143 I art     : Explicit concurrent mark sweep GC freed 1491(85KB) AllocSpace objects, 1(20KB) LOS objects, 22% free, 53MB/69MB, paused 683us total 29.762ms
08-05 19:34:26.161 11113 11143 I art     : Starting a blocking GC Explicit
08-05 19:34:26.167 13866 13866 I GoogleInputMethodServic: GoogleInputMethodService.onFinishInput():3138 
08-05 19:34:26.167 13866 13866 I GoogleInputMethodServic: GoogleInputMethodService.onStartInput():1808 
08-05 19:34:26.189 11113 11143 I art     : Explicit concurrent mark sweep GC freed 78(2736B) AllocSpace objects, 0(0B) LOS objects, 22% free, 53MB/69MB, paused 765us total 27.853ms
08-05 19:34:26.200 11113 11143 I art     : Starting a blocking GC Explicit
08-05 19:34:26.227 11113 11143 I art     : Explicit concurrent mark sweep GC freed 11(416B) AllocSpace objects, 0(0B) LOS objects, 22% free, 53MB/69MB, paused 656us total 26.456ms
08-05 19:34:26.237 11113 11143 I art     : Starting a blocking GC Explicit
08-05 19:34:26.264 11113 11143 I art     : Explicit concurrent mark sweep GC freed 3(96B) AllocSpace objects, 0(0B) LOS objects, 22% free, 53MB/69MB, paused 625us total 26.492ms
08-05 19:34:26.275 11113 11143 I art     : Starting a blocking GC Explicit
08-05 19:34:26.304 11113 11143 I art     : Explicit concurrent mark sweep GC freed 3(96B) AllocSpace objects, 0(0B) LOS objects, 22% free, 53MB/69MB, paused 699us total 28.753ms
08-05 19:34:26.592 11113 11143 I art     : Starting a blocking GC Explicit
08-05 19:34:26.623 11113 11143 I art     : Explicit concurrent mark sweep GC freed 2977(154KB) AllocSpace objects, 1(20KB) LOS objects, 22% free, 53MB/69MB, paused 715us total 30.549ms
08-05 19:34:26.635 11113 11143 I art     : Starting a blocking GC Explicit
08-05 19:34:26.664 11113 11143 I art     : Explicit concurrent mark sweep GC freed 2858(181KB) AllocSpace objects, 2(140KB) LOS objects, 23% free, 53MB/69MB, paused 709us total 29.038ms
08-05 19:34:26.675 11113 11143 I art     : Starting a blocking GC Explicit
08-05 19:34:26.704 11113 11143 I art     : Explicit concurrent mark sweep GC freed 3(96B) AllocSpace objects, 0(0B) LOS objects, 23% free, 53MB/69MB, paused 707us total 28.309ms
08-05 19:34:26.715 11113 11143 I art     : Starting a blocking GC Explicit
08-05 19:34:26.744 11113 11143 I art     : Explicit concurrent mark sweep GC freed 3(96B) AllocSpace objects, 0(0B) LOS objects, 23% free, 53MB/69MB, paused 695us total 28.816ms
08-05 19:34:26.756 11113 11143 I art     : Starting a blocking GC Explicit
08-05 19:34:26.785 11113 11143 I art     : Explicit concurrent mark sweep GC freed 3(96B) AllocSpace objects, 0(0B) LOS objects, 23% free, 53MB/69MB, paused 714us total 28.605ms
08-05 19:34:26.884  7260  7260 I ServiceManager: Waiting for service AtCmdFwd...
08-05 19:34:27.098 11113 14554 I art     : Starting a blocking GC Explicit
08-05 19:34:27.137 11113 14554 I art     : Explicit concurrent mark sweep GC freed 1344(78KB) AllocSpace objects, 1(20KB) LOS objects, 23% free, 53MB/69MB, paused 798us total 39.231ms
08-05 19:34:27.154 11113 14554 I art     : Starting a blocking GC Explicit
08-05 19:34:27.183 11113 14554 I art     : Explicit concurrent mark sweep GC freed 20(704B) AllocSpace objects, 0(0B) LOS objects, 23% free, 53MB/69MB, paused 724us total 28.798ms
08-05 19:34:27.195 11113 14554 I art     : Starting a blocking GC Explicit
08-05 19:34:27.224 11113 14554 I art     : Explicit concurrent mark sweep GC freed 3(96B) AllocSpace objects, 0(0B) LOS objects, 23% free, 53MB/69MB, paused 715us total 28.986ms
08-05 19:34:27.235 11113 14554 I art     : Starting a blocking GC Explicit
08-05 19:34:27.264 11113 14554 I art     : Explicit concurrent mark sweep GC freed 3(96B) AllocSpace objects, 0(0B) LOS objects, 23% free, 53MB/69MB, paused 738us total 28.630ms
08-05 19:34:27.276 11113 14554 I art     : Starting a blocking GC Explicit
08-05 19:34:27.305 11113 14554 I art     : Explicit concurrent mark sweep GC freed 3(96B) AllocSpace objects, 0(0B) LOS objects, 23% free, 53MB/69MB, paused 706us total 29.081ms
08-05 19:34:27.597 11113 11124 I art     : Starting a blocking GC Explicit
08-05 19:34:27.626 11113 11124 I art     : Explicit concurrent mark sweep GC freed 1341(78KB) AllocSpace objects, 1(20KB) LOS objects, 23% free, 53MB/69MB, paused 747us total 28.094ms
08-05 19:34:27.637 11113 11124 I art     : Starting a blocking GC Explicit
08-05 19:34:27.664 11113 11124 I art     : Explicit concurrent mark sweep GC freed 20(704B) AllocSpace objects, 0(0B) LOS objects, 23% free, 53MB/69MB, paused 729us total 27.229ms
08-05 19:34:27.676 11113 11124 I art     : Starting a blocking GC Explicit
08-05 19:34:27.704 11113 11124 I art     : Explicit concurrent mark sweep GC freed 3(96B) AllocSpace objects, 0(0B) LOS objects, 23% free, 53MB/69MB, paused 698us total 27.768ms
08-05 19:34:27.715 11113 11124 I art     : Starting a blocking GC Explicit
08-05 19:34:27.744 11113 11124 I art     : Explicit concurrent mark sweep GC freed 3(96B) AllocSpace objects, 0(0B) LOS objects, 23% free, 53MB/69MB, paused 754us total 28.780ms
08-05 19:34:27.756 11113 11124 I art     : Starting a blocking GC Explicit
08-05 19:34:27.785 11113 11124 I art     : Explicit concurrent mark sweep GC freed 3(96B) AllocSpace objects, 0(0B) LOS objects, 23% free, 53MB/69MB, paused 746us total 29.236ms
08-05 19:34:27.885  7260  7260 I ServiceManager: Waiting for service AtCmdFwd...
08-05 19:34:27.920 14936 14936 D AndroidRuntime: >>>>>> START com.android.internal.os.RuntimeInit uid 2000 <<<<<<
08-05 19:34:27.928 14936 14936 D AndroidRuntime: CheckJNI is OFF
08-05 19:34:27.972 14936 14936 D ICU     : No timezone override file found: /data/misc/zoneinfo/current/icu/icu_tzdata.dat
08-05 19:34:28.014 14936 14936 I Radio-JNI: register_android_hardware_Radio DONE
08-05 19:34:28.043 14936 14936 D AndroidRuntime: Calling main entry com.android.commands.input.Input
08-05 19:34:28.045 14936 14936 I Input   : injectMotionEvent: MotionEvent { action=ACTION_DOWN, actionButton=0, id[0]=0, x[0]=1084.0, y[0]=2213.0, toolType[0]=TOOL_TYPE_UNKNOWN, buttonState=0, metaState=0, flags=0x0, edgeFlags=0x0, pointerCount=1, historySize=0, eventTime=819284458, downTime=819284458, deviceId=0, source=0x1002 }
08-05 19:34:28.049 14936 14936 I Input   : injectMotionEvent: MotionEvent { action=ACTION_UP, actionButton=0, id[0]=0, x[0]=1084.0, y[0]=2213.0, toolType[0]=TOOL_TYPE_UNKNOWN, buttonState=0, metaState=0, flags=0x0, edgeFlags=0x0, pointerCount=1, historySize=0, eventTime=819284458, downTime=819284458, deviceId=0, source=0x1002 }
08-05 19:34:28.051   918  3670 I ActivityManager: START u0 {cmp=baseline.appteam.nith.hillffair/.activities.EventActivity} from uid 10675 on display 0
08-05 19:34:28.059 14936 14936 D AndroidRuntime: Shutting down VM
08-05 19:34:28.100 11113 14554 I art     : Starting a blocking GC Explicit
08-05 19:34:28.132 11113 14554 I art     : Explicit concurrent mark sweep GC freed 6407(424KB) AllocSpace objects, 1(20KB) LOS objects, 23% free, 53MB/69MB, paused 796us total 32.207ms
08-05 19:34:28.143 11113 14554 I art     : Starting a blocking GC Explicit
08-05 19:34:28.151 11113 11113 I NAPPA_EXPERIMENTATION: MetricNetworkRequestExecutionTime: REQUEST_DURATION_SYSTEM='59',REQUEST_DURATION_OKHTTP='39',REQUEST_SYNCHRONOUS='FALSE',RESPONSE_CODE='200',RESPONSE_METHOD='GET',RESPONSE_LENGTH_OKHTTP='1870',RESPONSE_LENGTH_HEADER='-2',REQUEST_PROTOCOL='http/1.1',REQUEST_URL='https://api-hillfair-2k16.herokuapp.com/api/app/club',
08-05 19:34:28.152 13866 13866 I GoogleInputMethodServic: GoogleInputMethodService.onFinishInput():3138 
08-05 19:34:28.153 13866 13866 I GoogleInputMethodServic: GoogleInputMethodService.onStartInput():1808 
08-05 19:34:28.171 11113 14554 I art     : Explicit concurrent mark sweep GC freed 977(66KB) AllocSpace objects, 0(0B) LOS objects, 23% free, 53MB/69MB, paused 1.087ms total 27.863ms
08-05 19:34:28.182 11113 14554 I art     : Starting a blocking GC Explicit
08-05 19:34:28.208   918   936 I ActivityManager: Displayed baseline.appteam.nith.hillffair/.activities.EventActivity: +148ms
08-05 19:34:28.210 11113 14554 I art     : Explicit concurrent mark sweep GC freed 445(15KB) AllocSpace objects, 0(0B) LOS objects, 23% free, 53MB/69MB, paused 1.061ms total 27.343ms
08-05 19:34:28.220 11113 14554 I art     : Starting a blocking GC Explicit
08-05 19:34:28.250 11113 14554 I art     : Explicit concurrent mark sweep GC freed 48(2208B) AllocSpace objects, 0(0B) LOS objects, 23% free, 53MB/69MB, paused 687us total 29.363ms
08-05 19:34:28.261 11113 14554 I art     : Starting a blocking GC Explicit
08-05 19:34:28.287 11113 14554 I art     : Explicit concurrent mark sweep GC freed 5(192B) AllocSpace objects, 0(0B) LOS objects, 23% free, 53MB/69MB, paused 710us total 25.612ms
08-05 19:34:28.458   380   380 W SurfaceFlinger: couldn't log to binary event log: overflow.
08-05 19:34:28.571 11113 11348 I art     : Starting a blocking GC Explicit
08-05 19:34:28.599 11113 11348 I art     : Explicit concurrent mark sweep GC freed 1413(83KB) AllocSpace objects, 1(20KB) LOS objects, 23% free, 53MB/69MB, paused 736us total 27.750ms
08-05 19:34:28.610 11113 11348 I art     : Starting a blocking GC Explicit
08-05 19:34:28.638 11113 11348 I art     : Explicit concurrent mark sweep GC freed 20(704B) AllocSpace objects, 0(0B) LOS objects, 23% free, 53MB/69MB, paused 751us total 27.749ms
08-05 19:34:28.649 11113 11348 I art     : Starting a blocking GC Explicit
08-05 19:34:28.679 11113 11348 I art     : Explicit concurrent mark sweep GC freed 3(96B) AllocSpace objects, 0(0B) LOS objects, 23% free, 53MB/69MB, paused 795us total 29.168ms
08-05 19:34:28.690 11113 11348 I art     : Starting a blocking GC Explicit
08-05 19:34:28.720 11113 11348 I art     : Explicit concurrent mark sweep GC freed 3(96B) AllocSpace objects, 0(0B) LOS objects, 23% free, 53MB/69MB, paused 713us total 29.213ms
08-05 19:34:28.731 11113 11348 I art     : Starting a blocking GC Explicit
08-05 19:34:28.761 11113 11348 I art     : Explicit concurrent mark sweep GC freed 3(96B) AllocSpace objects, 0(0B) LOS objects, 23% free, 53MB/69MB, paused 719us total 29.950ms
08-05 19:34:28.885  7260  7260 I ServiceManager: Waiting for service AtCmdFwd...
08-05 19:34:29.075 11113 11143 I art     : Starting a blocking GC Explicit
08-05 19:34:29.106 11113 11143 I art     : Explicit concurrent mark sweep GC freed 1344(78KB) AllocSpace objects, 1(20KB) LOS objects, 23% free, 53MB/69MB, paused 747us total 30.864ms
08-05 19:34:29.117 11113 11143 I art     : Starting a blocking GC Explicit
08-05 19:34:29.148 11113 11143 I art     : Explicit concurrent mark sweep GC freed 20(704B) AllocSpace objects, 0(0B) LOS objects, 23% free, 53MB/69MB, paused 785us total 30.157ms
08-05 19:34:29.160 11113 11143 I art     : Starting a blocking GC Explicit
08-05 19:34:29.189 11113 11143 I art     : Explicit concurrent mark sweep GC freed 3(96B) AllocSpace objects, 0(0B) LOS objects, 23% free, 53MB/69MB, paused 702us total 29.245ms
08-05 19:34:29.201 11113 11143 I art     : Starting a blocking GC Explicit
08-05 19:34:29.215 13866 13882 I PeriodicStatsRunner: PeriodicStatsRunner.call():175 call()
08-05 19:34:29.215 13866 13882 I PeriodicStatsRunner: PeriodicStatsRunner.call():179 No submit PeriodicStats since input started.
08-05 19:34:29.231 11113 11143 I art     : Explicit concurrent mark sweep GC freed 3(96B) AllocSpace objects, 0(0B) LOS objects, 23% free, 53MB/69MB, paused 719us total 29.496ms
08-05 19:34:29.242 11113 11143 I art     : Starting a blocking GC Explicit
08-05 19:34:29.272 11113 11143 I art     : Explicit concurrent mark sweep GC freed 3(96B) AllocSpace objects, 0(0B) LOS objects, 23% free, 53MB/69MB, paused 724us total 30.143ms
08-05 19:34:29.576 11113 11124 I art     : Starting a blocking GC Explicit
08-05 19:34:29.615 11113 11124 I art     : Explicit concurrent mark sweep GC freed 1344(78KB) AllocSpace objects, 1(20KB) LOS objects, 23% free, 53MB/69MB, paused 811us total 38.433ms
08-05 19:34:29.630 11113 11124 I art     : Starting a blocking GC Explicit
08-05 19:34:29.661 11113 11124 I art     : Explicit concurrent mark sweep GC freed 20(704B) AllocSpace objects, 0(0B) LOS objects, 23% free, 53MB/69MB, paused 750us total 31.209ms
08-05 19:34:29.673 11113 11124 I art     : Starting a blocking GC Explicit
08-05 19:34:29.707 11113 11124 I art     : Explicit concurrent mark sweep GC freed 3(96B) AllocSpace objects, 0(0B) LOS objects, 23% free, 53MB/69MB, paused 759us total 33.177ms
08-05 19:34:29.719 11113 11124 I art     : Starting a blocking GC Explicit
08-05 19:34:29.752 11113 11124 I art     : Explicit concurrent mark sweep GC freed 3(96B) AllocSpace objects, 0(0B) LOS objects, 23% free, 53MB/69MB, paused 765us total 33.159ms
08-05 19:34:29.764 11113 11124 I art     : Starting a blocking GC Explicit
08-05 19:34:29.797 11113 11124 I art     : Explicit concurrent mark sweep GC freed 3(96B) AllocSpace objects, 0(0B) LOS objects, 23% free, 53MB/69MB, paused 761us total 32.185ms
08-05 19:34:29.886  7260  7260 W Atfwd_Sendcmd: AtCmdFwd service not published, waiting... retryCnt : 5
08-05 19:34:30.155 11113 11126 I art     : Starting a blocking GC Explicit
08-05 19:34:30.191 11113 11126 I art     : Explicit concurrent mark sweep GC freed 1344(78KB) AllocSpace objects, 1(20KB) LOS objects, 23% free, 53MB/69MB, paused 815us total 35.948ms
08-05 19:34:30.204 11113 11126 I art     : Starting a blocking GC Explicit
08-05 19:34:30.235 11113 11126 I art     : Explicit concurrent mark sweep GC freed 20(704B) AllocSpace objects, 0(0B) LOS objects, 23% free, 53MB/69MB, paused 723us total 30.356ms
08-05 19:34:30.247 11113 11126 I art     : Starting a blocking GC Explicit
08-05 19:34:30.279 11113 11126 I art     : Explicit concurrent mark sweep GC freed 3(96B) AllocSpace objects, 0(0B) LOS objects, 23% free, 53MB/69MB, paused 754us total 31.588ms
08-05 19:34:30.291 11113 11126 I art     : Starting a blocking GC Explicit
08-05 19:34:30.296   918  3261 D WifiStateMachine: starting scan for "H369AA63323"WPA_PSK with 2412,5180
08-05 19:34:30.327 11113 11126 I art     : Explicit concurrent mark sweep GC freed 3(96B) AllocSpace objects, 0(0B) LOS objects, 23% free, 53MB/69MB, paused 797us total 36.064ms
08-05 19:34:30.339 11113 11126 I art     : Starting a blocking GC Explicit
08-05 19:34:30.371 11113 11126 I art     : Explicit concurrent mark sweep GC freed 3(96B) AllocSpace objects, 0(0B) LOS objects, 23% free, 53MB/69MB, paused 703us total 31.721ms
08-05 19:34:30.721 11113 14554 I art     : Starting a blocking GC Explicit
08-05 19:34:30.760 11113 14554 I art     : Explicit concurrent mark sweep GC freed 1344(78KB) AllocSpace objects, 1(20KB) LOS objects, 23% free, 53MB/69MB, paused 783us total 38.149ms
08-05 19:34:30.774 11113 14554 I art     : Starting a blocking GC Explicit
08-05 19:34:30.807 11113 14554 I art     : Explicit concurrent mark sweep GC freed 20(704B) AllocSpace objects, 0(0B) LOS objects, 23% free, 53MB/69MB, paused 763us total 32.986ms
08-05 19:34:30.819 11113 14554 I art     : Starting a blocking GC Explicit
08-05 19:34:30.852 11113 14554 I art     : Explicit concurrent mark sweep GC freed 3(96B) AllocSpace objects, 0(0B) LOS objects, 23% free, 53MB/69MB, paused 695us total 32.788ms
08-05 19:34:30.864 11113 14554 I art     : Starting a blocking GC Explicit
08-05 19:34:30.895 11113 14554 I art     : Explicit concurrent mark sweep GC freed 3(96B) AllocSpace objects, 0(0B) LOS objects, 23% free, 53MB/69MB, paused 764us total 30.825ms
08-05 19:34:30.907 11113 14554 I art     : Starting a blocking GC Explicit
08-05 19:34:30.940 11113 14554 I art     : Explicit concurrent mark sweep GC freed 3(96B) AllocSpace objects, 0(0B) LOS objects, 23% free, 53MB/69MB, paused 751us total 32.661ms
08-05 19:34:31.174 13866 13882 I PeriodicStatsRunner: PeriodicStatsRunner.call():175 call()
08-05 19:34:31.174 13866 13882 I PeriodicStatsRunner: PeriodicStatsRunner.call():179 No submit PeriodicStats since input started.
08-05 19:34:31.273 11113 11348 I art     : Starting a blocking GC Explicit
08-05 19:34:31.315 11113 11348 I art     : Explicit concurrent mark sweep GC freed 1344(78KB) AllocSpace objects, 1(20KB) LOS objects, 23% free, 53MB/69MB, paused 835us total 42.077ms
08-05 19:34:31.330 11113 11348 I art     : Starting a blocking GC Explicit
08-05 19:34:31.364 11113 11348 I art     : Explicit concurrent mark sweep GC freed 20(704B) AllocSpace objects, 0(0B) LOS objects, 23% free, 53MB/69MB, paused 739us total 33.824ms
08-05 19:34:31.376 11113 11348 I art     : Starting a blocking GC Explicit
08-05 19:34:31.408 11113 11348 I art     : Explicit concurrent mark sweep GC freed 3(96B) AllocSpace objects, 0(0B) LOS objects, 23% free, 53MB/69MB, paused 794us total 32.036ms
08-05 19:34:31.420 11113 11348 I art     : Starting a blocking GC Explicit
08-05 19:34:31.454 11113 11348 I art     : Explicit concurrent mark sweep GC freed 3(96B) AllocSpace objects, 0(0B) LOS objects, 23% free, 53MB/69MB, paused 751us total 33.057ms
08-05 19:34:31.466 11113 11348 I art     : Starting a blocking GC Explicit
08-05 19:34:31.498 11113 11348 I art     : Explicit concurrent mark sweep GC freed 3(96B) AllocSpace objects, 0(0B) LOS objects, 23% free, 53MB/69MB, paused 736us total 32.241ms
08-05 19:34:31.838 11113 11143 I art     : Starting a blocking GC Explicit
08-05 19:34:31.880 11113 11143 I art     : Explicit concurrent mark sweep GC freed 1344(78KB) AllocSpace objects, 1(20KB) LOS objects, 23% free, 53MB/69MB, paused 831us total 41.485ms
08-05 19:34:31.897 11113 11143 I art     : Starting a blocking GC Explicit
08-05 19:34:31.934 11113 11143 I art     : Explicit concurrent mark sweep GC freed 20(704B) AllocSpace objects, 0(0B) LOS objects, 23% free, 53MB/69MB, paused 749us total 36.142ms
08-05 19:34:31.946 11113 11143 I art     : Starting a blocking GC Explicit
08-05 19:34:31.979 11113 11143 I art     : Explicit concurrent mark sweep GC freed 3(96B) AllocSpace objects, 0(0B) LOS objects, 23% free, 53MB/69MB, paused 785us total 33.029ms
08-05 19:34:31.991 11113 11143 I art     : Starting a blocking GC Explicit
08-05 19:34:32.022 11113 11143 I art     : Explicit concurrent mark sweep GC freed 3(96B) AllocSpace objects, 0(0B) LOS objects, 23% free, 53MB/69MB, paused 717us total 30.597ms
08-05 19:34:32.034 11113 11143 I art     : Starting a blocking GC Explicit
08-05 19:34:32.067 11113 11143 I art     : Explicit concurrent mark sweep GC freed 3(96B) AllocSpace objects, 0(0B) LOS objects, 23% free, 53MB/69MB, paused 801us total 33.176ms
08-05 19:34:32.398 11113 11124 I art     : Starting a blocking GC Explicit
08-05 19:34:32.428 11113 11124 I art     : Explicit concurrent mark sweep GC freed 1344(78KB) AllocSpace objects, 1(20KB) LOS objects, 23% free, 53MB/69MB, paused 800us total 29.994ms
08-05 19:34:32.440 11113 11124 I art     : Starting a blocking GC Explicit
08-05 19:34:32.470 11113 11124 I art     : Explicit concurrent mark sweep GC freed 20(704B) AllocSpace objects, 0(0B) LOS objects, 23% free, 53MB/69MB, paused 748us total 29.469ms
08-05 19:34:32.481 11113 11124 I art     : Starting a blocking GC Explicit
08-05 19:34:32.511 11113 11124 I art     : Explicit concurrent mark sweep GC freed 3(96B) AllocSpace objects, 0(0B) LOS objects, 23% free, 53MB/69MB, paused 768us total 29.912ms
08-05 19:34:32.523 11113 11124 I art     : Starting a blocking GC Explicit
08-05 19:34:32.554 11113 11124 I art     : Explicit concurrent mark sweep GC freed 3(96B) AllocSpace objects, 0(0B) LOS objects, 23% free, 53MB/69MB, paused 767us total 30.603ms
08-05 19:34:32.566 11113 11124 I art     : Starting a blocking GC Explicit
08-05 19:34:32.597 11113 11124 I art     : Explicit concurrent mark sweep GC freed 3(96B) AllocSpace objects, 0(0B) LOS objects, 23% free, 53MB/69MB, paused 874us total 31.424ms
08-05 19:34:32.844 15049 15049 D AndroidRuntime: >>>>>> START com.android.internal.os.RuntimeInit uid 2000 <<<<<<
08-05 19:34:32.850 15049 15049 D AndroidRuntime: CheckJNI is OFF
08-05 19:34:32.893 15049 15049 D ICU     : No timezone override file found: /data/misc/zoneinfo/current/icu/icu_tzdata.dat
08-05 19:34:32.925 11113 11126 I art     : Starting a blocking GC Explicit
08-05 19:34:32.936 15049 15049 I Radio-JNI: register_android_hardware_Radio DONE
08-05 19:34:32.956 11113 11126 I art     : Explicit concurrent mark sweep GC freed 1344(78KB) AllocSpace objects, 1(20KB) LOS objects, 23% free, 53MB/69MB, paused 744us total 29.924ms
08-05 19:34:32.966 15049 15049 D AndroidRuntime: Calling main entry com.android.commands.input.Input
08-05 19:34:32.967 11113 11126 I art     : Starting a blocking GC Explicit
08-05 19:34:32.968 15049 15049 I Input   : injectMotionEvent: MotionEvent { action=ACTION_DOWN, actionButton=0, id[0]=0, x[0]=255.0, y[0]=1845.0, toolType[0]=TOOL_TYPE_UNKNOWN, buttonState=0, metaState=0, flags=0x0, edgeFlags=0x0, pointerCount=1, historySize=0, eventTime=819289380, downTime=819289380, deviceId=0, source=0x1002 }
08-05 19:34:32.975 15049 15049 I Input   : injectMotionEvent: MotionEvent { action=ACTION_UP, actionButton=0, id[0]=0, x[0]=255.0, y[0]=1845.0, toolType[0]=TOOL_TYPE_UNKNOWN, buttonState=0, metaState=0, flags=0x0, edgeFlags=0x0, pointerCount=1, historySize=0, eventTime=819289380, downTime=819289380, deviceId=0, source=0x1002 }
08-05 19:34:32.977   918  6112 I ActivityManager: START u0 {cmp=baseline.appteam.nith.hillffair/.activities.ClubActivity (has extras)} from uid 10675 on display 0
08-05 19:34:32.989 15049 15049 D AndroidRuntime: Shutting down VM
08-05 19:34:32.995 11113 11126 I art     : Explicit concurrent mark sweep GC freed 45(1504B) AllocSpace objects, 0(0B) LOS objects, 23% free, 53MB/69MB, paused 1.009ms total 27.557ms
08-05 19:34:33.008 11113 11126 I art     : Starting a blocking GC Explicit
08-05 19:34:33.037 11113 11126 I art     : Explicit concurrent mark sweep GC freed 3609(243KB) AllocSpace objects, 0(0B) LOS objects, 22% free, 53MB/69MB, paused 1.160ms total 29.139ms
08-05 19:34:33.048 11113 11126 I art     : Starting a blocking GC Explicit
08-05 19:34:33.077 11113 11126 I art     : Explicit concurrent mark sweep GC freed 384(56KB) AllocSpace objects, 0(0B) LOS objects, 22% free, 53MB/69MB, paused 738us total 28.811ms
08-05 19:34:33.077 11113 11113 I NAPPA_EXPERIMENTATION: MetricNetworkRequestExecutionTime: REQUEST_DURATION_SYSTEM='54',REQUEST_DURATION_OKHTTP='41',REQUEST_SYNCHRONOUS='FALSE',RESPONSE_CODE='200',RESPONSE_METHOD='GET',RESPONSE_LENGTH_OKHTTP='1171',RESPONSE_LENGTH_HEADER='-2',REQUEST_PROTOCOL='http/1.1',REQUEST_URL='https://api-hillfair-2k16.herokuapp.com/api/app/club/Technical%20Committee',
08-05 19:34:33.085 13866 13866 I GoogleInputMethodServic: GoogleInputMethodService.onFinishInput():3138 
08-05 19:34:33.086 13866 13866 I GoogleInputMethodServic: GoogleInputMethodService.onStartInput():1808 
08-05 19:34:33.087   918   936 I ActivityManager: Displayed baseline.appteam.nith.hillffair/.activities.ClubActivity: +98ms
08-05 19:34:33.089 11113 11126 I art     : Starting a blocking GC Explicit
08-05 19:34:33.120 11113 11126 I art     : Explicit concurrent mark sweep GC freed 595(46KB) AllocSpace objects, 0(0B) LOS objects, 22% free, 53MB/69MB, paused 880us total 31.459ms
08-05 19:34:33.153 13866 13882 I PeriodicStatsRunner: PeriodicStatsRunner.call():175 call()
08-05 19:34:33.153 13866 13882 I PeriodicStatsRunner: PeriodicStatsRunner.call():179 No submit PeriodicStats since input started.
08-05 19:34:33.338   380   380 W SurfaceFlinger: couldn't log to binary event log: overflow.
08-05 19:34:33.424 11113 11124 I art     : Starting a blocking GC Explicit
08-05 19:34:33.454 11113 11124 I art     : Explicit concurrent mark sweep GC freed 1407(80KB) AllocSpace objects, 1(20KB) LOS objects, 22% free, 53MB/69MB, paused 869us total 30.120ms
08-05 19:34:33.467 11113 11124 I art     : Starting a blocking GC Explicit
08-05 19:34:33.497 11113 11124 I art     : Explicit concurrent mark sweep GC freed 117(6KB) AllocSpace objects, 0(0B) LOS objects, 22% free, 53MB/69MB, paused 765us total 29.457ms
08-05 19:34:33.507 11113 11124 I art     : Starting a blocking GC Explicit
08-05 19:34:33.537 11113 11124 I art     : Explicit concurrent mark sweep GC freed 4(128B) AllocSpace objects, 0(0B) LOS objects, 22% free, 53MB/69MB, paused 798us total 29.095ms
08-05 19:34:33.548 11113 11124 I art     : Starting a blocking GC Explicit
08-05 19:34:33.578 11113 11124 I art     : Explicit concurrent mark sweep GC freed 3(96B) AllocSpace objects, 0(0B) LOS objects, 22% free, 53MB/69MB, paused 753us total 29.111ms
08-05 19:34:33.589 11113 11124 I art     : Starting a blocking GC Explicit
08-05 19:34:33.619 11113 11124 I art     : Explicit concurrent mark sweep GC freed 3(96B) AllocSpace objects, 0(0B) LOS objects, 22% free, 53MB/69MB, paused 732us total 29.091ms
08-05 19:34:33.919 11113 14554 I art     : Starting a blocking GC Explicit
08-05 19:34:33.953 11113 14554 I art     : Explicit concurrent mark sweep GC freed 1344(78KB) AllocSpace objects, 1(20KB) LOS objects, 22% free, 53MB/69MB, paused 805us total 33.632ms
08-05 19:34:33.968 11113 14554 I art     : Starting a blocking GC Explicit
08-05 19:34:33.999 11113 14554 I art     : Explicit concurrent mark sweep GC freed 36(1264B) AllocSpace objects, 0(0B) LOS objects, 22% free, 53MB/69MB, paused 711us total 30.524ms
08-05 19:34:34.011 11113 14554 I art     : Starting a blocking GC Explicit
08-05 19:34:34.042 11113 14554 I art     : Explicit concurrent mark sweep GC freed 3(96B) AllocSpace objects, 0(0B) LOS objects, 22% free, 53MB/69MB, paused 756us total 30.859ms
08-05 19:34:34.054 11113 14554 I art     : Starting a blocking GC Explicit
08-05 19:34:34.085 11113 14554 I art     : Explicit concurrent mark sweep GC freed 3(96B) AllocSpace objects, 0(0B) LOS objects, 22% free, 53MB/69MB, paused 754us total 31.434ms
08-05 19:34:34.097 11113 14554 I art     : Starting a blocking GC Explicit
08-05 19:34:34.128 11113 14554 I art     : Explicit concurrent mark sweep GC freed 3(96B) AllocSpace objects, 0(0B) LOS objects, 22% free, 53MB/69MB, paused 759us total 30.729ms
08-05 19:34:34.440 11113 11348 I art     : Starting a blocking GC Explicit
08-05 19:34:34.480 11113 11348 I art     : Explicit concurrent mark sweep GC freed 1344(78KB) AllocSpace objects, 1(20KB) LOS objects, 22% free, 53MB/69MB, paused 805us total 39.626ms
08-05 19:34:34.495 11113 11348 I art     : Starting a blocking GC Explicit
08-05 19:34:34.526 11113 11348 I art     : Explicit concurrent mark sweep GC freed 20(704B) AllocSpace objects, 0(0B) LOS objects, 22% free, 53MB/69MB, paused 752us total 30.681ms
08-05 19:34:34.537 11113 11348 I art     : Starting a blocking GC Explicit
08-05 19:34:34.569 11113 11348 I art     : Explicit concurrent mark sweep GC freed 3(96B) AllocSpace objects, 0(0B) LOS objects, 22% free, 53MB/69MB, paused 772us total 31.606ms
08-05 19:34:34.581 11113 11348 I art     : Starting a blocking GC Explicit
08-05 19:34:34.614 11113 11348 I art     : Explicit concurrent mark sweep GC freed 3(96B) AllocSpace objects, 0(0B) LOS objects, 22% free, 53MB/69MB, paused 782us total 32.447ms
08-05 19:34:34.626 11113 11348 I art     : Starting a blocking GC Explicit
08-05 19:34:34.660 11113 11348 I art     : Explicit concurrent mark sweep GC freed 3(96B) AllocSpace objects, 0(0B) LOS objects, 22% free, 53MB/69MB, paused 887us total 33.698ms
08-05 19:34:35.007 11113 11126 I art     : Starting a blocking GC Explicit
08-05 19:34:35.050 11113 11126 I art     : Explicit concurrent mark sweep GC freed 1348(78KB) AllocSpace objects, 1(20KB) LOS objects, 22% free, 53MB/69MB, paused 797us total 43.273ms
08-05 19:34:35.066 11113 11126 I art     : Starting a blocking GC Explicit
08-05 19:34:35.098 11113 11126 I art     : Explicit concurrent mark sweep GC freed 37(1584B) AllocSpace objects, 0(0B) LOS objects, 22% free, 53MB/69MB, paused 788us total 31.950ms
08-05 19:34:35.110 11113 11126 I art     : Starting a blocking GC Explicit
08-05 19:34:35.145 11113 11126 I art     : Explicit concurrent mark sweep GC freed 19(608B) AllocSpace objects, 0(0B) LOS objects, 22% free, 53MB/69MB, paused 749us total 34.172ms
08-05 19:34:35.157 11113 11126 I art     : Starting a blocking GC Explicit
08-05 19:34:35.192 11113 11126 I art     : Explicit concurrent mark sweep GC freed 3(96B) AllocSpace objects, 0(0B) LOS objects, 22% free, 53MB/69MB, paused 758us total 34.545ms
08-05 19:34:35.204 11113 11126 I art     : Starting a blocking GC Explicit
08-05 19:34:35.237 11113 11126 I art     : Explicit concurrent mark sweep GC freed 3(96B) AllocSpace objects, 0(0B) LOS objects, 22% free, 53MB/69MB, paused 825us total 32.885ms
08-05 19:34:35.582 11113 11124 I art     : Starting a blocking GC Explicit
08-05 19:34:35.621 11113 11124 I art     : Explicit concurrent mark sweep GC freed 1344(78KB) AllocSpace objects, 1(20KB) LOS objects, 22% free, 53MB/69MB, paused 733us total 38.941ms
08-05 19:34:35.634 11113 11124 I art     : Starting a blocking GC Explicit
08-05 19:34:35.668 11113 11124 I art     : Explicit concurrent mark sweep GC freed 20(704B) AllocSpace objects, 0(0B) LOS objects, 22% free, 53MB/69MB, paused 773us total 33.684ms
08-05 19:34:35.681 11113 11124 I art     : Starting a blocking GC Explicit
08-05 19:34:35.714 11113 11124 I art     : Explicit concurrent mark sweep GC freed 3(96B) AllocSpace objects, 0(0B) LOS objects, 22% free, 53MB/69MB, paused 743us total 32.622ms
08-05 19:34:35.725 11113 11124 I art     : Starting a blocking GC Explicit
08-05 19:34:35.760 11113 11124 I art     : Explicit concurrent mark sweep GC freed 3(96B) AllocSpace objects, 0(0B) LOS objects, 22% free, 53MB/69MB, paused 771us total 34.245ms
08-05 19:34:35.772 11113 11124 I art     : Starting a blocking GC Explicit
08-05 19:34:35.807 11113 11124 I art     : Explicit concurrent mark sweep GC freed 3(96B) AllocSpace objects, 0(0B) LOS objects, 22% free, 53MB/69MB, paused 769us total 34.390ms
08-05 19:34:36.149 11113 11143 I art     : Starting a blocking GC Explicit
08-05 19:34:36.190 11113 11143 I art     : Explicit concurrent mark sweep GC freed 1344(78KB) AllocSpace objects, 1(20KB) LOS objects, 22% free, 53MB/69MB, paused 781us total 40.205ms
08-05 19:34:36.204 11113 11143 I art     : Starting a blocking GC Explicit
08-05 19:34:36.238 11113 11143 I art     : Explicit concurrent mark sweep GC freed 20(704B) AllocSpace objects, 0(0B) LOS objects, 22% free, 53MB/69MB, paused 791us total 33.157ms
08-05 19:34:36.250 11113 11143 I art     : Starting a blocking GC Explicit
08-05 19:34:36.284 11113 11143 I art     : Explicit concurrent mark sweep GC freed 3(96B) AllocSpace objects, 0(0B) LOS objects, 22% free, 53MB/69MB, paused 744us total 33.791ms
08-05 19:34:36.296 11113 11143 I art     : Starting a blocking GC Explicit
08-05 19:34:36.329 11113 11143 I art     : Explicit concurrent mark sweep GC freed 3(96B) AllocSpace objects, 0(0B) LOS objects, 22% free, 53MB/69MB, paused 715us total 32.771ms
08-05 19:34:36.341 11113 11143 I art     : Starting a blocking GC Explicit
08-05 19:34:36.375 11113 11143 I art     : Explicit concurrent mark sweep GC freed 3(96B) AllocSpace objects, 0(0B) LOS objects, 22% free, 53MB/69MB, paused 768us total 33.784ms
08-05 19:34:36.720 11113 14554 I art     : Starting a blocking GC Explicit
08-05 19:34:36.767 11113 14554 I art     : Explicit concurrent mark sweep GC freed 1344(78KB) AllocSpace objects, 1(20KB) LOS objects, 22% free, 53MB/69MB, paused 835us total 45.988ms
08-05 19:34:36.784 11113 14554 I art     : Starting a blocking GC Explicit
08-05 19:34:36.818 11113 14554 I art     : Explicit concurrent mark sweep GC freed 20(704B) AllocSpace objects, 0(0B) LOS objects, 22% free, 53MB/69MB, paused 818us total 33.128ms
08-05 19:34:36.829 11113 14554 I art     : Starting a blocking GC Explicit
08-05 19:34:36.864 11113 14554 I art     : Explicit concurrent mark sweep GC freed 3(96B) AllocSpace objects, 0(0B) LOS objects, 22% free, 53MB/69MB, paused 755us total 33.941ms
08-05 19:34:36.876 11113 14554 I art     : Starting a blocking GC Explicit
08-05 19:34:36.910 11113 14554 I art     : Explicit concurrent mark sweep GC freed 3(96B) AllocSpace objects, 0(0B) LOS objects, 22% free, 53MB/69MB, paused 749us total 34.194ms
08-05 19:34:36.911 11113 11123 I art     : WaitForGcToComplete blocked for 29.919ms for cause HeapTrim
08-05 19:34:36.922 11113 14554 I art     : Starting a blocking GC Explicit
08-05 19:34:36.955 11113 14554 I art     : Explicit concurrent mark sweep GC freed 3(96B) AllocSpace objects, 0(0B) LOS objects, 22% free, 53MB/69MB, paused 760us total 32.307ms
08-05 19:34:37.306 11113 11348 I art     : Starting a blocking GC Explicit
08-05 19:34:37.342 11113 11348 I art     : Explicit concurrent mark sweep GC freed 1344(78KB) AllocSpace objects, 1(20KB) LOS objects, 22% free, 53MB/69MB, paused 793us total 35.481ms
08-05 19:34:37.356 11113 11348 I art     : Starting a blocking GC Explicit
08-05 19:34:37.389 11113 11348 I art     : Explicit concurrent mark sweep GC freed 20(704B) AllocSpace objects, 0(0B) LOS objects, 22% free, 53MB/69MB, paused 796us total 32.052ms
08-05 19:34:37.401 11113 11348 I art     : Starting a blocking GC Explicit
08-05 19:34:37.433 11113 11348 I art     : Explicit concurrent mark sweep GC freed 3(96B) AllocSpace objects, 0(0B) LOS objects, 22% free, 53MB/69MB, paused 756us total 31.917ms
08-05 19:34:37.445 11113 11348 I art     : Starting a blocking GC Explicit
08-05 19:34:37.476 11113 11348 I art     : Explicit concurrent mark sweep GC freed 3(96B) AllocSpace objects, 0(0B) LOS objects, 22% free, 53MB/69MB, paused 721us total 31.101ms
08-05 19:34:37.488 11113 11348 I art     : Starting a blocking GC Explicit
08-05 19:34:37.520 11113 11348 I art     : Explicit concurrent mark sweep GC freed 3(96B) AllocSpace objects, 0(0B) LOS objects, 22% free, 53MB/69MB, paused 766us total 31.881ms
08-05 19:34:37.779 15176 15176 D AndroidRuntime: >>>>>> START com.android.internal.os.RuntimeInit uid 2000 <<<<<<
08-05 19:34:37.786 15176 15176 D AndroidRuntime: CheckJNI is OFF
08-05 19:34:37.829 15176 15176 D ICU     : No timezone override file found: /data/misc/zoneinfo/current/icu/icu_tzdata.dat
08-05 19:34:37.860 11113 11126 I art     : Starting a blocking GC Explicit
08-05 19:34:37.871 15176 15176 I Radio-JNI: register_android_hardware_Radio DONE
08-05 19:34:37.891 11113 11126 I art     : Explicit concurrent mark sweep GC freed 1344(78KB) AllocSpace objects, 1(20KB) LOS objects, 22% free, 53MB/69MB, paused 771us total 30.961ms
08-05 19:34:37.902 15176 15176 D AndroidRuntime: Calling main entry com.android.commands.input.Input
08-05 19:34:37.903 11113 11126 I art     : Starting a blocking GC Explicit
08-05 19:34:37.905 15176 15176 I Input   : injectKeyEvent: KeyEvent { action=ACTION_DOWN, keyCode=KEYCODE_BACK, scanCode=0, metaState=0, flags=0x0, repeatCount=0, eventTime=819294317, downTime=819294317, deviceId=-1, source=0x101 }
08-05 19:34:37.911 15176 15176 I Input   : injectKeyEvent: KeyEvent { action=ACTION_UP, keyCode=KEYCODE_BACK, scanCode=0, metaState=0, flags=0x0, repeatCount=0, eventTime=819294317, downTime=819294317, deviceId=-1, source=0x101 }
08-05 19:34:37.917 15176 15176 D AndroidRuntime: Shutting down VM
08-05 19:34:37.933 11113 11126 I art     : Explicit concurrent mark sweep GC freed 150(6KB) AllocSpace objects, 0(0B) LOS objects, 22% free, 53MB/69MB, paused 737us total 29.854ms
08-05 19:34:37.946 11113 11126 I art     : Starting a blocking GC Explicit
08-05 19:34:37.961 13866 13866 I GoogleInputMethodServic: GoogleInputMethodService.onFinishInput():3138 
08-05 19:34:37.962 13866 13866 I GoogleInputMethodServic: GoogleInputMethodService.onStartInput():1808 
08-05 19:34:37.973 11113 11126 I art     : Explicit concurrent mark sweep GC freed 21(912B) AllocSpace objects, 0(0B) LOS objects, 22% free, 53MB/69MB, paused 695us total 27.015ms
08-05 19:34:37.984 11113 11126 I art     : Starting a blocking GC Explicit
08-05 19:34:38.012 11113 11126 I art     : Explicit concurrent mark sweep GC freed 39(1280B) AllocSpace objects, 0(0B) LOS objects, 22% free, 53MB/69MB, paused 722us total 27.314ms
08-05 19:34:38.023 11113 11126 I art     : Starting a blocking GC Explicit
08-05 19:34:38.049 11113 11126 I art     : Explicit concurrent mark sweep GC freed 6(224B) AllocSpace objects, 0(0B) LOS objects, 22% free, 53MB/69MB, paused 696us total 25.539ms
08-05 19:34:38.087 13866 13882 I PeriodicStatsRunner: PeriodicStatsRunner.call():175 call()
08-05 19:34:38.088 13866 13882 I PeriodicStatsRunner: PeriodicStatsRunner.call():179 No submit PeriodicStats since input started.
08-05 19:34:38.267   380   380 W SurfaceFlinger: couldn't log to binary event log: overflow.
08-05 19:34:38.341 11113 11126 I art     : Starting a blocking GC Explicit
08-05 19:34:38.373 11113 11126 I art     : Explicit concurrent mark sweep GC freed 1453(86KB) AllocSpace objects, 1(20KB) LOS objects, 22% free, 53MB/69MB, paused 738us total 31.561ms
08-05 19:34:38.384 11113 11126 I art     : Starting a blocking GC Explicit
08-05 19:34:38.414 11113 11126 I art     : Explicit concurrent mark sweep GC freed 1670(108KB) AllocSpace objects, 3(180KB) LOS objects, 23% free, 53MB/69MB, paused 727us total 29.724ms
08-05 19:34:38.426 11113 11126 I art     : Starting a blocking GC Explicit
08-05 19:34:38.457 11113 11126 I art     : Explicit concurrent mark sweep GC freed 3(96B) AllocSpace objects, 0(0B) LOS objects, 23% free, 53MB/69MB, paused 722us total 30.374ms
08-05 19:34:38.469 11113 11126 I art     : Starting a blocking GC Explicit
08-05 19:34:38.499 11113 11126 I art     : Explicit concurrent mark sweep GC freed 3(96B) AllocSpace objects, 0(0B) LOS objects, 23% free, 53MB/69MB, paused 742us total 30.426ms
08-05 19:34:38.511 11113 11126 I art     : Starting a blocking GC Explicit
08-05 19:34:38.542 11113 11126 I art     : Explicit concurrent mark sweep GC freed 3(96B) AllocSpace objects, 0(0B) LOS objects, 23% free, 53MB/69MB, paused 720us total 30.389ms
08-05 19:34:38.858 11113 11124 I art     : Starting a blocking GC Explicit
08-05 19:34:38.901 11113 11124 I art     : Explicit concurrent mark sweep GC freed 1344(78KB) AllocSpace objects, 1(20KB) LOS objects, 23% free, 53MB/69MB, paused 833us total 42.608ms
08-05 19:34:38.917 11113 11124 I art     : Starting a blocking GC Explicit
08-05 19:34:38.950 11113 11124 I art     : Explicit concurrent mark sweep GC freed 20(704B) AllocSpace objects, 0(0B) LOS objects, 23% free, 53MB/69MB, paused 744us total 31.945ms
08-05 19:34:38.962 11113 11124 I art     : Starting a blocking GC Explicit
08-05 19:34:38.992 11113 11124 I art     : Explicit concurrent mark sweep GC freed 3(96B) AllocSpace objects, 0(0B) LOS objects, 23% free, 53MB/69MB, paused 733us total 30.184ms
08-05 19:34:39.004 11113 11124 I art     : Starting a blocking GC Explicit
08-05 19:34:39.034 11113 11124 I art     : Explicit concurrent mark sweep GC freed 3(96B) AllocSpace objects, 0(0B) LOS objects, 23% free, 53MB/69MB, paused 737us total 30.345ms
08-05 19:34:39.046 11113 11124 I art     : Starting a blocking GC Explicit
08-05 19:34:39.076 11113 11124 I art     : Explicit concurrent mark sweep GC freed 3(96B) AllocSpace objects, 0(0B) LOS objects, 23% free, 53MB/69MB, paused 721us total 30.175ms
08-05 19:34:39.361 11113 11348 I art     : Starting a blocking GC Explicit
08-05 19:34:39.397 11113 11348 I art     : Explicit concurrent mark sweep GC freed 1344(78KB) AllocSpace objects, 1(20KB) LOS objects, 23% free, 53MB/69MB, paused 861us total 35.501ms
08-05 19:34:39.412 11113 11348 I art     : Starting a blocking GC Explicit
08-05 19:34:39.441 11113 11348 I art     : Explicit concurrent mark sweep GC freed 20(704B) AllocSpace objects, 0(0B) LOS objects, 23% free, 53MB/69MB, paused 745us total 28.631ms
08-05 19:34:39.453 11113 11348 I art     : Starting a blocking GC Explicit
08-05 19:34:39.483 11113 11348 I art     : Explicit concurrent mark sweep GC freed 3(96B) AllocSpace objects, 0(0B) LOS objects, 23% free, 53MB/69MB, paused 720us total 30.275ms
08-05 19:34:39.495 11113 11348 I art     : Starting a blocking GC Explicit
08-05 19:34:39.526 11113 11348 I art     : Explicit concurrent mark sweep GC freed 3(96B) AllocSpace objects, 0(0B) LOS objects, 23% free, 53MB/69MB, paused 750us total 30.594ms
08-05 19:34:39.538 11113 11348 I art     : Starting a blocking GC Explicit
08-05 19:34:39.570 11113 11348 I art     : Explicit concurrent mark sweep GC freed 3(96B) AllocSpace objects, 0(0B) LOS objects, 23% free, 53MB/69MB, paused 751us total 32.037ms
08-05 19:34:39.731 15219 15219 D AndroidRuntime: >>>>>> START com.android.internal.os.RuntimeInit uid 2000 <<<<<<
08-05 19:34:39.738 15219 15219 D AndroidRuntime: CheckJNI is OFF
08-05 19:34:39.780 15219 15219 D ICU     : No timezone override file found: /data/misc/zoneinfo/current/icu/icu_tzdata.dat
08-05 19:34:39.821 15219 15219 I Radio-JNI: register_android_hardware_Radio DONE
08-05 19:34:39.852 15219 15219 D AndroidRuntime: Calling main entry com.android.commands.input.Input
08-05 19:34:39.853 15219 15219 I Input   : injectKeyEvent: KeyEvent { action=ACTION_DOWN, keyCode=KEYCODE_BACK, scanCode=0, metaState=0, flags=0x0, repeatCount=0, eventTime=819296266, downTime=819296266, deviceId=-1, source=0x101 }
08-05 19:34:39.858 15219 15219 I Input   : injectKeyEvent: KeyEvent { action=ACTION_UP, keyCode=KEYCODE_BACK, scanCode=0, metaState=0, flags=0x0, repeatCount=0, eventTime=819296266, downTime=819296266, deviceId=-1, source=0x101 }
08-05 19:34:39.864 15219 15219 D AndroidRuntime: Shutting down VM
08-05 19:34:39.888 11113 11124 I art     : Starting a blocking GC Explicit
08-05 19:34:39.912 13866 13866 I GoogleInputMethodServic: GoogleInputMethodService.onFinishInput():3138 
08-05 19:34:39.912 13866 13866 I GoogleInputMethodServic: GoogleInputMethodService.onStartInput():1808 
08-05 19:34:39.917 11113 11124 I art     : Explicit concurrent mark sweep GC freed 1493(85KB) AllocSpace objects, 1(20KB) LOS objects, 23% free, 53MB/69MB, paused 1.088ms total 28.522ms
08-05 19:34:39.928 11113 11124 I art     : Starting a blocking GC Explicit
08-05 19:34:39.955 11113 11124 I art     : Explicit concurrent mark sweep GC freed 80(2832B) AllocSpace objects, 0(0B) LOS objects, 23% free, 53MB/69MB, paused 675us total 26.832ms
08-05 19:34:39.965 11113 11124 I art     : Starting a blocking GC Explicit
08-05 19:34:39.991 11113 11124 I art     : Explicit concurrent mark sweep GC freed 7(256B) AllocSpace objects, 0(0B) LOS objects, 23% free, 53MB/69MB, paused 663us total 25.397ms
08-05 19:34:40.002 11113 11124 I art     : Starting a blocking GC Explicit
08-05 19:34:40.029 11113 11124 I art     : Explicit concurrent mark sweep GC freed 3(96B) AllocSpace objects, 0(0B) LOS objects, 23% free, 53MB/69MB, paused 667us total 26.661ms
08-05 19:34:40.040 11113 11124 I art     : Starting a blocking GC Explicit
08-05 19:34:40.069 11113 11124 I art     : Explicit concurrent mark sweep GC freed 3(96B) AllocSpace objects, 0(0B) LOS objects, 23% free, 53MB/69MB, paused 676us total 28.755ms
08-05 19:34:40.361 11113 11124 I art     : Starting a blocking GC Explicit
08-05 19:34:40.389 11113 11124 I art     : Explicit concurrent mark sweep GC freed 2020(110KB) AllocSpace objects, 1(20KB) LOS objects, 23% free, 53MB/69MB, paused 853us total 27.799ms
08-05 19:34:40.399 11113 11124 I art     : Starting a blocking GC Explicit
08-05 19:34:40.425 11113 11124 I art     : Explicit concurrent mark sweep GC freed 2678(174KB) AllocSpace objects, 1(28KB) LOS objects, 23% free, 53MB/69MB, paused 704us total 25.399ms
08-05 19:34:40.435 11113 11124 I art     : Starting a blocking GC Explicit
08-05 19:34:40.461 11113 11124 I art     : Explicit concurrent mark sweep GC freed 3(96B) AllocSpace objects, 0(0B) LOS objects, 23% free, 53MB/69MB, paused 677us total 25.988ms
08-05 19:34:40.472 11113 11124 I art     : Starting a blocking GC Explicit
08-05 19:34:40.498 11113 11124 I art     : Explicit concurrent mark sweep GC freed 3(96B) AllocSpace objects, 0(0B) LOS objects, 23% free, 53MB/69MB, paused 748us total 25.928ms
08-05 19:34:40.509 11113 11124 I art     : Starting a blocking GC Explicit
08-05 19:34:40.535 11113 11124 I art     : Explicit concurrent mark sweep GC freed 3(96B) AllocSpace objects, 0(0B) LOS objects, 23% free, 53MB/69MB, paused 703us total 25.820ms
08-05 19:34:40.830 11113 11143 I art     : Starting a blocking GC Explicit
08-05 19:34:40.859 11113 11143 I art     : Explicit concurrent mark sweep GC freed 1344(78KB) AllocSpace objects, 1(20KB) LOS objects, 23% free, 53MB/69MB, paused 738us total 29.156ms
08-05 19:34:40.870 11113 11143 I art     : Starting a blocking GC Explicit
08-05 19:34:40.898 11113 11143 I art     : Explicit concurrent mark sweep GC freed 20(704B) AllocSpace objects, 0(0B) LOS objects, 23% free, 53MB/69MB, paused 747us total 27.586ms
08-05 19:34:40.909 11113 11143 I art     : Starting a blocking GC Explicit
08-05 19:34:40.938 11113 11143 I art     : Explicit concurrent mark sweep GC freed 3(96B) AllocSpace objects, 0(0B) LOS objects, 23% free, 53MB/69MB, paused 751us total 28.298ms
08-05 19:34:40.950 11113 11143 I art     : Starting a blocking GC Explicit
08-05 19:34:40.978 11113 11143 I art     : Explicit concurrent mark sweep GC freed 3(96B) AllocSpace objects, 0(0B) LOS objects, 23% free, 53MB/69MB, paused 745us total 28.479ms
08-05 19:34:40.990 11113 11143 I art     : Starting a blocking GC Explicit
08-05 19:34:41.019 11113 11143 I art     : Explicit concurrent mark sweep GC freed 3(96B) AllocSpace objects, 0(0B) LOS objects, 23% free, 53MB/69MB, paused 743us total 29.049ms
08-05 19:34:41.304 11113 14554 I art     : Starting a blocking GC Explicit
08-05 19:34:41.333 11113 14554 I art     : Explicit concurrent mark sweep GC freed 1341(78KB) AllocSpace objects, 1(20KB) LOS objects, 23% free, 53MB/69MB, paused 759us total 28.613ms
08-05 19:34:41.344 11113 14554 I art     : Starting a blocking GC Explicit
08-05 19:34:41.372 11113 14554 I art     : Explicit concurrent mark sweep GC freed 20(704B) AllocSpace objects, 0(0B) LOS objects, 23% free, 53MB/69MB, paused 738us total 27.279ms
08-05 19:34:41.383 11113 14554 I art     : Starting a blocking GC Explicit
08-05 19:34:41.411 11113 14554 I art     : Explicit concurrent mark sweep GC freed 3(96B) AllocSpace objects, 0(0B) LOS objects, 23% free, 53MB/69MB, paused 756us total 27.211ms
08-05 19:34:41.422 11113 14554 I art     : Starting a blocking GC Explicit
08-05 19:34:41.450 11113 14554 I art     : Explicit concurrent mark sweep GC freed 3(96B) AllocSpace objects, 0(0B) LOS objects, 23% free, 53MB/69MB, paused 742us total 27.683ms
08-05 19:34:41.461 11113 14554 I art     : Starting a blocking GC Explicit
08-05 19:34:41.489 11113 14554 I art     : Explicit concurrent mark sweep GC freed 3(96B) AllocSpace objects, 0(0B) LOS objects, 23% free, 53MB/69MB, paused 734us total 27.970ms
08-05 19:34:41.719 15278 15278 D AndroidRuntime: >>>>>> START com.android.internal.os.RuntimeInit uid 2000 <<<<<<
08-05 19:34:41.725 15278 15278 D AndroidRuntime: CheckJNI is OFF
08-05 19:34:41.765 15278 15278 D ICU     : No timezone override file found: /data/misc/zoneinfo/current/icu/icu_tzdata.dat
08-05 19:34:41.808 15278 15278 I Radio-JNI: register_android_hardware_Radio DONE
08-05 19:34:41.830 11113 11348 I art     : Starting a blocking GC Explicit
08-05 19:34:41.837 15278 15278 D AndroidRuntime: Calling main entry com.android.commands.am.Am
08-05 19:34:41.844  5615  5615 I Trepn   : Trepn 6.2s: Received intent: com.quicinc.trepn.stop_profiling
08-05 19:34:41.857 11113 11348 I art     : Explicit concurrent mark sweep GC freed 1341(78KB) AllocSpace objects, 1(20KB) LOS objects, 23% free, 53MB/69MB, paused 783us total 27.536ms
08-05 19:34:41.869 11113 11348 I art     : Starting a blocking GC Explicit
08-05 19:34:41.885  5615  5615 I Trepn   : Trepn 6.2s: Trepn has Stopped Profiling.
08-05 19:34:41.894 11113 11348 I art     : Explicit concurrent mark sweep GC freed 20(704B) AllocSpace objects, 0(0B) LOS objects, 23% free, 53MB/69MB, paused 709us total 25.360ms
08-05 19:34:41.905 11113 11348 I art     : Starting a blocking GC Explicit
08-05 19:34:41.933 11113 11348 I art     : Explicit concurrent mark sweep GC freed 3(96B) AllocSpace objects, 0(0B) LOS objects, 23% free, 53MB/69MB, paused 710us total 27.420ms
08-05 19:34:41.944 11113 11348 I art     : Starting a blocking GC Explicit
08-05 19:34:41.972 11113 11348 I art     : Explicit concurrent mark sweep GC freed 3(96B) AllocSpace objects, 0(0B) LOS objects, 23% free, 53MB/69MB, paused 708us total 27.765ms
08-05 19:34:41.972 11113 11123 I art     : WaitForGcToComplete blocked for 16.980ms for cause HeapTrim
08-05 19:34:41.983 11113 11348 I art     : Starting a blocking GC Explicit
08-05 19:34:42.012 11113 11348 I art     : Explicit concurrent mark sweep GC freed 3(96B) AllocSpace objects, 0(0B) LOS objects, 23% free, 53MB/69MB, paused 742us total 28.722ms
08-05 19:34:42.077 15278 15278 D AndroidRuntime: Shutting down VM
08-05 19:34:42.079   918  3696 W AppOps  : Finishing op nesting under-run: uid 10078 pkg com.quicinc.trepn code 24 time=0 duration=0 nesting=0
08-05 19:34:42.370 11113 11126 I art     : Starting a blocking GC Explicit
08-05 19:34:42.399 11113 11126 I art     : Explicit concurrent mark sweep GC freed 1341(78KB) AllocSpace objects, 1(20KB) LOS objects, 23% free, 53MB/69MB, paused 744us total 28.677ms
08-05 19:34:42.410 11113 11126 I art     : Starting a blocking GC Explicit
08-05 19:34:42.438 11113 11126 I art     : Explicit concurrent mark sweep GC freed 20(704B) AllocSpace objects, 0(0B) LOS objects, 23% free, 53MB/69MB, paused 696us total 27.340ms
08-05 19:34:42.449 11113 11126 I art     : Starting a blocking GC Explicit
08-05 19:34:42.476 11113 11126 I art     : Explicit concurrent mark sweep GC freed 3(96B) AllocSpace objects, 0(0B) LOS objects, 23% free, 53MB/69MB, paused 676us total 26.659ms
08-05 19:34:42.487 11113 11126 I art     : Starting a blocking GC Explicit
08-05 19:34:42.514 11113 11126 I art     : Explicit concurrent mark sweep GC freed 3(96B) AllocSpace objects, 0(0B) LOS objects, 23% free, 53MB/69MB, paused 682us total 26.731ms
08-05 19:34:42.525 11113 11126 I art     : Starting a blocking GC Explicit
08-05 19:34:42.553 11113 11126 I art     : Explicit concurrent mark sweep GC freed 3(96B) AllocSpace objects, 0(0B) LOS objects, 23% free, 53MB/69MB, paused 724us total 27.196ms
08-05 19:34:42.962 13866 13882 I PeriodicStatsRunner: PeriodicStatsRunner.call():175 call()
08-05 19:34:42.962 13866 13882 I PeriodicStatsRunner: PeriodicStatsRunner.call():179 No submit PeriodicStats since input started.
