--------- beginning of main
08-05 18:07:18.695 15931 15931 D AndroidRuntime: >>>>>> START com.android.internal.os.RuntimeInit uid 2000 <<<<<<
08-05 18:07:18.703 15931 15931 D AndroidRuntime: CheckJNI is OFF
08-05 18:07:18.730 15931 15931 D ICU     : No timezone override file found: /data/misc/zoneinfo/current/icu/icu_tzdata.dat
08-05 18:07:18.760 15931 15931 I Radio-JNI: register_android_hardware_Radio DONE
08-05 18:07:18.776 15931 15931 D AndroidRuntime: Calling main entry com.android.commands.monkey.Monkey
--------- beginning of system
08-05 18:07:18.792   918   931 W BroadcastQueue: Skipping deliver [background] BroadcastRecord{b96066c u-1 android.net.conn.CONNECTIVITY_CHANGE} to ReceiverList{c99b0ca 15931 (unknown name)/2000/u-1 remote:5a9e6be}: process crashing
08-05 18:07:18.803   918  5952 I ActivityManager: START u0 {act=android.intent.action.MAIN cat=[android.intent.category.LAUNCHER] flg=0x10200000 cmp=baseline.appteam.nith.hillffair/.activities.SplashActivity} from uid 2000 on display 0
08-05 18:07:18.843 15940 15940 I art     : Late-enabling -Xcheck:jni
08-05 18:07:18.846   918  6112 I ActivityManager: Start proc 15940:baseline.appteam.nith.hillffair/u0a675 for activity baseline.appteam.nith.hillffair/.activities.SplashActivity
08-05 18:07:18.866 15931 15931 I art     : System.exit called, status: 0
08-05 18:07:18.867 15931 15931 I AndroidRuntime: VM exiting with result code 0.
08-05 18:07:18.909 15940 15940 W System  : ClassLoader referenced unknown path: /data/app/baseline.appteam.nith.hillffair-1/lib/arm64
08-05 18:07:18.911 16458 15483 I PBSessionCacheImpl: Deleted sessionId[72384646105454640] from persistence.
08-05 18:07:18.916 16458 16488 W SearchServiceCore: Abort, client detached.
08-05 18:07:18.917 16458 16488 I MicroDetectionState: Should stop hotword detection immediately - true
08-05 18:07:18.929 15940 15940 W OneSignal: GCM Library detected, please upgrade to Firebase FCM library as GCM is deprecated!
08-05 18:07:18.972 15940 15940 W art     : Before Android 4.1, method android.graphics.PorterDuffColorFilter androidx.vectordrawable.graphics.drawable.VectorDrawableCompat.updateTintFilter(android.graphics.PorterDuffColorFilter, android.content.res.ColorStateList, android.graphics.PorterDuff$Mode) would have incorrectly overridden the package-private method in android.graphics.drawable.Drawable
08-05 18:07:18.994 15940 15940 I art     : Rejecting re-init on previously-failed class java.lang.Class<androidx.core.view.ViewCompat$2>
08-05 18:07:18.995 15940 15940 I art     : Rejecting re-init on previously-failed class java.lang.Class<androidx.core.view.ViewCompat$2>
08-05 18:07:19.045 15940 15964 D OpenGLRenderer: Use EGL_SWAP_BEHAVIOR_PRESERVED: true
08-05 18:07:19.090 15940 15964 I Adreno  : QUALCOMM build                   : fcf4852, I1af360237c
08-05 18:07:19.090 15940 15964 I Adreno  : Build Date                       : 09/23/15
08-05 18:07:19.090 15940 15964 I Adreno  : OpenGL ES Shader Compiler Version: XE031.05.13.02
08-05 18:07:19.090 15940 15964 I Adreno  : Local Branch                     : mybranch14465806
08-05 18:07:19.090 15940 15964 I Adreno  : Remote Branch                    : quic/LA.BF64.1.2.9_v2
08-05 18:07:19.090 15940 15964 I Adreno  : Remote Branch                    : NONE
08-05 18:07:19.090 15940 15964 I Adreno  : Reconstruct Branch               : NOTHING
08-05 18:07:19.095 15940 15964 I OpenGLRenderer: Initialized EGL, version 1.4
08-05 18:07:19.132 13866 13866 I GoogleInputMethodServic: GoogleInputMethodService.onFinishInput():3138 
08-05 18:07:19.134 13866 13866 I GoogleInputMethodServic: GoogleInputMethodService.onStartInput():1808 
08-05 18:07:19.195   918   936 I ActivityManager: Displayed baseline.appteam.nith.hillffair/.activities.SplashActivity: +383ms
08-05 18:07:19.267 15940 15978 W GCM     : GCM SDK is deprecated, baseline.appteam.nith.hillffair should update to use FCM
08-05 18:07:19.308 24365 23174 W Conscrypt: Could not set socket write timeout: java.net.SocketException: Socket closed
08-05 18:07:19.309 24365 23174 E art     : invalid stream - problem with parameter iterator in /data/app/com.google.android.gms-2/base.apk:classes3.dex for method void com.google.android.gms.org.conscrypt.ConscryptFileDescriptorSocket.setSoWriteTimeout(int)
08-05 18:07:19.309 24365 23174 W Conscrypt: 	at com.google.android.gms.org.conscrypt.Platform.setSocketWriteTimeout(:com.google.android.gms@202614019@20.26.14 (040400-320008519):2)
08-05 18:07:19.309 24365 23174 W Conscrypt: 	at com.google.android.gms.org.conscrypt.ConscryptFileDescriptorSocket.setSoWriteTimeout(:com.google.android.gms@202614019@20.26.14 (040400-320008519))
08-05 18:07:19.328 24365 23174 W Conscrypt: Could not set socket write timeout: java.net.SocketException: Socket closed
08-05 18:07:19.329 24365 23174 E art     : invalid stream - problem with parameter iterator in /data/app/com.google.android.gms-2/base.apk:classes3.dex for method void com.google.android.gms.org.conscrypt.ConscryptFileDescriptorSocket.setSoWriteTimeout(int)
08-05 18:07:19.329 24365 23174 W Conscrypt: 	at com.google.android.gms.org.conscrypt.Platform.setSocketWriteTimeout(:com.google.android.gms@202614019@20.26.14 (040400-320008519):2)
08-05 18:07:19.329 24365 23174 W Conscrypt: 	at com.google.android.gms.org.conscrypt.ConscryptFileDescriptorSocket.setSoWriteTimeout(:com.google.android.gms@202614019@20.26.14 (040400-320008519))
08-05 18:07:19.400 24365 23174 W Conscrypt: Could not set socket write timeout: java.net.SocketException: Socket closed
08-05 18:07:19.401 24365 23174 E art     : invalid stream - problem with parameter iterator in /data/app/com.google.android.gms-2/base.apk:classes3.dex for method void com.google.android.gms.org.conscrypt.ConscryptFileDescriptorSocket.setSoWriteTimeout(int)
08-05 18:07:19.401 24365 23174 W Conscrypt: 	at com.google.android.gms.org.conscrypt.Platform.setSocketWriteTimeout(:com.google.android.gms@202614019@20.26.14 (040400-320008519):2)
08-05 18:07:19.401 24365 23174 W Conscrypt: 	at com.google.android.gms.org.conscrypt.ConscryptFileDescriptorSocket.setSoWriteTimeout(:com.google.android.gms@202614019@20.26.14 (040400-320008519))
08-05 18:07:19.416 24365 23174 W Conscrypt: Could not set socket write timeout: java.net.SocketException: Socket closed
08-05 18:07:19.417 24365 23174 E art     : invalid stream - problem with parameter iterator in /data/app/com.google.android.gms-2/base.apk:classes3.dex for method void com.google.android.gms.org.conscrypt.ConscryptFileDescriptorSocket.setSoWriteTimeout(int)
08-05 18:07:19.417 24365 23174 W Conscrypt: 	at com.google.android.gms.org.conscrypt.Platform.setSocketWriteTimeout(:com.google.android.gms@202614019@20.26.14 (040400-320008519):2)
08-05 18:07:19.417 24365 23174 W Conscrypt: 	at com.google.android.gms.org.conscrypt.ConscryptFileDescriptorSocket.setSoWriteTimeout(:com.google.android.gms@202614019@20.26.14 (040400-320008519))
08-05 18:07:19.690 15940 15978 E OneSignal: Error Getting GCM Token
08-05 18:07:19.690 15940 15978 E OneSignal: java.io.IOException: INVALID_SENDER
08-05 18:07:19.690 15940 15978 E OneSignal: 	at com.google.android.gms.gcm.GoogleCloudMessaging.zzd(Unknown Source)
08-05 18:07:19.690 15940 15978 E OneSignal: 	at com.google.android.gms.gcm.GoogleCloudMessaging.register(Unknown Source)
08-05 18:07:19.690 15940 15978 E OneSignal: 	at com.onesignal.PushRegistratorGCM.getToken(PushRegistratorGCM.java:42)
08-05 18:07:19.690 15940 15978 E OneSignal: 	at com.onesignal.PushRegistratorAbstractGoogle.attemptRegistration(PushRegistratorAbstractGoogle.java:97)
08-05 18:07:19.690 15940 15978 E OneSignal: 	at com.onesignal.PushRegistratorAbstractGoogle.access$100(PushRegistratorAbstractGoogle.java:37)
08-05 18:07:19.690 15940 15978 E OneSignal: 	at com.onesignal.PushRegistratorAbstractGoogle$1.run(PushRegistratorAbstractGoogle.java:84)
08-05 18:07:19.690 15940 15978 E OneSignal: 	at java.lang.Thread.run(Thread.java:818)
08-05 18:07:19.715 15940 15982 I art     : Rejecting re-init on previously-failed class java.lang.Class<com.onesignal.OneSignalChromeTab$OneSignalCustomTabsServiceConnection>
08-05 18:07:19.715 15940 15982 I art     : Rejecting re-init on previously-failed class java.lang.Class<com.onesignal.OneSignalChromeTab$OneSignalCustomTabsServiceConnection>
08-05 18:07:20.519 15993 15993 D AndroidRuntime: >>>>>> START com.android.internal.os.RuntimeInit uid 2000 <<<<<<
08-05 18:07:20.526 15993 15993 D AndroidRuntime: CheckJNI is OFF
08-05 18:07:20.528   918  6111 I ActivityManager: START u0 {cmp=baseline.appteam.nith.hillffair/.activities.WelcomeActivity} from uid 10675 on display 0
08-05 18:07:20.550 15993 15993 D ICU     : No timezone override file found: /data/misc/zoneinfo/current/icu/icu_tzdata.dat
08-05 18:07:20.564   918  3714 I ActivityManager: START u0 {cmp=baseline.appteam.nith.hillffair/.activities.HomeActivity} from uid 10675 on display 0
08-05 18:07:20.570   918  5952 W ActivityManager: Duplicate finish request for ActivityRecord{e827b8 u0 baseline.appteam.nith.hillffair/.activities.WelcomeActivity t4192 f}
08-05 18:07:20.579 15993 15993 I Radio-JNI: register_android_hardware_Radio DONE
08-05 18:07:20.595 15993 15993 D AndroidRuntime: Calling main entry com.android.commands.am.Am
08-05 18:07:20.600 16924 16924 I Trepn   : Trepn 6.2s: Received intent: com.quicinc.trepn.start_profiling
08-05 18:07:20.666 16924 16924 W FileUtils: Failed to chmod(/storage/emulated/0/trepn/Trepn_2020.08.05_180720.db): android.system.ErrnoException: chmod failed: EPERM (Operation not permitted)
08-05 18:07:20.730 16924 16924 I Trepn   : Trepn 6.2s: Trepn has Started Profiling.
08-05 18:07:20.731 15993 15993 D AndroidRuntime: Shutting down VM
08-05 18:07:20.972 13866 13866 I GoogleInputMethodServic: GoogleInputMethodService.onFinishInput():3138 
08-05 18:07:20.973 13866 13866 I GoogleInputMethodServic: GoogleInputMethodService.onStartInput():1808 
08-05 18:07:20.979   918   936 I ActivityManager: Displayed baseline.appteam.nith.hillffair/.activities.HomeActivity: +375ms (total +434ms)
08-05 18:07:21.158 15940 15971 I art     : Starting a blocking GC Explicit
08-05 18:07:21.177 15940 15971 I art     : Explicit concurrent mark sweep GC freed 2301(451KB) AllocSpace objects, 0(0B) LOS objects, 24% free, 48MB/64MB, paused 148us total 18.148ms
08-05 18:07:21.186 15940 15971 I art     : Starting a blocking GC Explicit
08-05 18:07:21.200 15940 15971 I art     : Explicit concurrent mark sweep GC freed 1318(85KB) AllocSpace objects, 0(0B) LOS objects, 25% free, 47MB/63MB, paused 167us total 13.992ms
08-05 18:07:21.208 15940 15971 I art     : Starting a blocking GC Explicit
08-05 18:07:21.216   380   380 W SurfaceFlinger: couldn't log to binary event log: overflow.
08-05 18:07:21.222 15940 15971 I art     : Explicit concurrent mark sweep GC freed 3(96B) AllocSpace objects, 0(0B) LOS objects, 25% free, 47MB/63MB, paused 133us total 14.322ms
08-05 18:07:21.230 15940 15971 I art     : Starting a blocking GC Explicit
08-05 18:07:21.240 15940 15971 I art     : Explicit concurrent mark sweep GC freed 3(96B) AllocSpace objects, 0(0B) LOS objects, 25% free, 47MB/63MB, paused 135us total 10.234ms
08-05 18:07:21.246 15940 15971 I art     : Starting a blocking GC Explicit
08-05 18:07:21.256 15940 15971 I art     : Explicit concurrent mark sweep GC freed 3(96B) AllocSpace objects, 0(0B) LOS objects, 25% free, 47MB/63MB, paused 129us total 10.036ms
08-05 18:07:21.511 15940 15953 I art     : Starting a blocking GC Explicit
08-05 18:07:21.526 15940 15953 I art     : Explicit concurrent mark sweep GC freed 2030(114KB) AllocSpace objects, 1(20KB) LOS objects, 25% free, 47MB/63MB, paused 195us total 14.770ms
08-05 18:07:21.537 15940 15953 I art     : Starting a blocking GC Explicit
08-05 18:07:21.548 15940 15953 I art     : Explicit concurrent mark sweep GC freed 908(59KB) AllocSpace objects, 0(0B) LOS objects, 25% free, 47MB/63MB, paused 152us total 11.211ms
08-05 18:07:21.554 15940 15953 I art     : Starting a blocking GC Explicit
08-05 18:07:21.565 15940 15953 I art     : Explicit concurrent mark sweep GC freed 3(96B) AllocSpace objects, 0(0B) LOS objects, 25% free, 47MB/63MB, paused 138us total 11.124ms
08-05 18:07:21.571 15940 15953 I art     : Starting a blocking GC Explicit
08-05 18:07:21.582 15940 15953 I art     : Explicit concurrent mark sweep GC freed 3(96B) AllocSpace objects, 0(0B) LOS objects, 25% free, 47MB/63MB, paused 146us total 11.175ms
08-05 18:07:21.588 15940 15953 I art     : Starting a blocking GC Explicit
08-05 18:07:21.599 15940 15953 I art     : Explicit concurrent mark sweep GC freed 3(96B) AllocSpace objects, 0(0B) LOS objects, 25% free, 47MB/63MB, paused 146us total 11.138ms
08-05 18:07:21.867 15940 15952 I art     : Starting a blocking GC Explicit
08-05 18:07:21.879 15940 15952 I art     : Explicit concurrent mark sweep GC freed 1340(78KB) AllocSpace objects, 1(20KB) LOS objects, 25% free, 47MB/63MB, paused 138us total 11.568ms
08-05 18:07:21.885 15940 15952 I art     : Starting a blocking GC Explicit
08-05 18:07:21.896 15940 15952 I art     : Explicit concurrent mark sweep GC freed 20(704B) AllocSpace objects, 0(0B) LOS objects, 25% free, 47MB/63MB, paused 159us total 11.056ms
08-05 18:07:21.902 15940 15952 I art     : Starting a blocking GC Explicit
08-05 18:07:21.913 15940 15952 I art     : Explicit concurrent mark sweep GC freed 3(96B) AllocSpace objects, 0(0B) LOS objects, 25% free, 47MB/63MB, paused 152us total 11.292ms
08-05 18:07:21.919 15940 15952 I art     : Starting a blocking GC Explicit
08-05 18:07:21.931 15940 15952 I art     : Explicit concurrent mark sweep GC freed 3(96B) AllocSpace objects, 0(0B) LOS objects, 25% free, 47MB/63MB, paused 140us total 11.070ms
08-05 18:07:21.937 15940 15952 I art     : Starting a blocking GC Explicit
08-05 18:07:21.948 15940 15952 I art     : Explicit concurrent mark sweep GC freed 3(96B) AllocSpace objects, 0(0B) LOS objects, 25% free, 47MB/63MB, paused 141us total 11.185ms
08-05 18:07:22.052   918  3188 I hubconnection: sensorhub said: 'set_bias 3: -5.7600, 0.0000, 0.0000'
08-05 18:07:22.261 15940 15971 I art     : Starting a blocking GC Explicit
08-05 18:07:22.279 15940 15971 I art     : Explicit concurrent mark sweep GC freed 1342(78KB) AllocSpace objects, 1(20KB) LOS objects, 25% free, 47MB/63MB, paused 202us total 17.981ms
08-05 18:07:22.289 15940 15971 I art     : Starting a blocking GC Explicit
08-05 18:07:22.304 15940 15971 I art     : Explicit concurrent mark sweep GC freed 20(704B) AllocSpace objects, 0(0B) LOS objects, 25% free, 47MB/63MB, paused 183us total 14.762ms
08-05 18:07:22.313 15940 15971 I art     : Starting a blocking GC Explicit
08-05 18:07:22.324 15940 15971 I art     : Explicit concurrent mark sweep GC freed 3(96B) AllocSpace objects, 0(0B) LOS objects, 25% free, 47MB/63MB, paused 147us total 11.483ms
08-05 18:07:22.331 15940 15971 I art     : Starting a blocking GC Explicit
08-05 18:07:22.342 15940 15971 I art     : Explicit concurrent mark sweep GC freed 3(96B) AllocSpace objects, 0(0B) LOS objects, 25% free, 47MB/63MB, paused 149us total 10.783ms
08-05 18:07:22.347 15940 15971 I art     : Starting a blocking GC Explicit
08-05 18:07:22.358 15940 15971 I art     : Explicit concurrent mark sweep GC freed 3(96B) AllocSpace objects, 0(0B) LOS objects, 25% free, 47MB/63MB, paused 149us total 10.349ms
08-05 18:07:22.641 15940 15953 I art     : Starting a blocking GC Explicit
08-05 18:07:22.655 15940 15953 I art     : Explicit concurrent mark sweep GC freed 1340(78KB) AllocSpace objects, 1(20KB) LOS objects, 25% free, 47MB/63MB, paused 168us total 13.798ms
08-05 18:07:22.662 15940 15953 I art     : Starting a blocking GC Explicit
08-05 18:07:22.674 15940 15953 I art     : Explicit concurrent mark sweep GC freed 20(704B) AllocSpace objects, 0(0B) LOS objects, 25% free, 47MB/63MB, paused 152us total 12.340ms
08-05 18:07:22.681 15940 15953 I art     : Starting a blocking GC Explicit
08-05 18:07:22.693 15940 15953 I art     : Explicit concurrent mark sweep GC freed 3(96B) AllocSpace objects, 0(0B) LOS objects, 25% free, 47MB/63MB, paused 151us total 11.964ms
08-05 18:07:22.699 15940 15953 I art     : Starting a blocking GC Explicit
08-05 18:07:22.710 15940 15953 I art     : Explicit concurrent mark sweep GC freed 3(96B) AllocSpace objects, 0(0B) LOS objects, 25% free, 47MB/63MB, paused 139us total 11.076ms
08-05 18:07:22.716 15940 15953 I art     : Starting a blocking GC Explicit
08-05 18:07:22.727 15940 15953 I art     : Explicit concurrent mark sweep GC freed 3(96B) AllocSpace objects, 0(0B) LOS objects, 25% free, 47MB/63MB, paused 136us total 10.730ms
08-05 18:07:22.753 12013 12013 I ServiceManager: Waiting for service AtCmdFwd...
08-05 18:07:23.017 15940 15952 I art     : Starting a blocking GC Explicit
08-05 18:07:23.033 15940 15952 I art     : Explicit concurrent mark sweep GC freed 1339(78KB) AllocSpace objects, 1(20KB) LOS objects, 25% free, 47MB/63MB, paused 177us total 15.396ms
08-05 18:07:23.042 15940 15952 I art     : Starting a blocking GC Explicit
08-05 18:07:23.054 15940 15952 I art     : Explicit concurrent mark sweep GC freed 20(704B) AllocSpace objects, 0(0B) LOS objects, 25% free, 47MB/63MB, paused 154us total 11.828ms
08-05 18:07:23.060 15940 15952 I art     : Starting a blocking GC Explicit
08-05 18:07:23.072 15940 15952 I art     : Explicit concurrent mark sweep GC freed 3(96B) AllocSpace objects, 0(0B) LOS objects, 25% free, 47MB/63MB, paused 152us total 11.478ms
08-05 18:07:23.078 15940 15952 I art     : Starting a blocking GC Explicit
08-05 18:07:23.089 15940 15952 I art     : Explicit concurrent mark sweep GC freed 3(96B) AllocSpace objects, 0(0B) LOS objects, 25% free, 47MB/63MB, paused 140us total 11.094ms
08-05 18:07:23.095 15940 15952 I art     : Starting a blocking GC Explicit
08-05 18:07:23.106 15940 15952 I art     : Explicit concurrent mark sweep GC freed 3(96B) AllocSpace objects, 0(0B) LOS objects, 25% free, 47MB/63MB, paused 137us total 11.060ms
08-05 18:07:23.412 15940 15971 I art     : Starting a blocking GC Explicit
08-05 18:07:23.427 15940 15971 I art     : Explicit concurrent mark sweep GC freed 1339(78KB) AllocSpace objects, 1(20KB) LOS objects, 25% free, 47MB/63MB, paused 190us total 14.494ms
08-05 18:07:23.438 15940 15971 I art     : Starting a blocking GC Explicit
08-05 18:07:23.450 15940 15971 I art     : Explicit concurrent mark sweep GC freed 20(704B) AllocSpace objects, 0(0B) LOS objects, 25% free, 47MB/63MB, paused 155us total 12.078ms
08-05 18:07:23.456 15940 15971 I art     : Starting a blocking GC Explicit
08-05 18:07:23.467 15940 15971 I art     : Explicit concurrent mark sweep GC freed 3(96B) AllocSpace objects, 0(0B) LOS objects, 25% free, 47MB/63MB, paused 180us total 10.717ms
08-05 18:07:23.473 15940 15971 I art     : Starting a blocking GC Explicit
08-05 18:07:23.484 15940 15971 I art     : Explicit concurrent mark sweep GC freed 3(96B) AllocSpace objects, 0(0B) LOS objects, 25% free, 47MB/63MB, paused 150us total 10.935ms
08-05 18:07:23.490 15940 15971 I art     : Starting a blocking GC Explicit
08-05 18:07:23.502 15940 15971 I art     : Explicit concurrent mark sweep GC freed 3(96B) AllocSpace objects, 0(0B) LOS objects, 25% free, 47MB/63MB, paused 145us total 11.516ms
08-05 18:07:23.754 12013 12013 I ServiceManager: Waiting for service AtCmdFwd...
08-05 18:07:23.821 15940 15953 I art     : Starting a blocking GC Explicit
08-05 18:07:23.838 15940 15953 I art     : Explicit concurrent mark sweep GC freed 1339(78KB) AllocSpace objects, 1(20KB) LOS objects, 25% free, 47MB/63MB, paused 176us total 17.242ms
08-05 18:07:23.848 15940 15953 I art     : Starting a blocking GC Explicit
08-05 18:07:23.863 15940 15953 I art     : Explicit concurrent mark sweep GC freed 20(704B) AllocSpace objects, 0(0B) LOS objects, 25% free, 47MB/63MB, paused 164us total 14.734ms
08-05 18:07:23.872 15940 15953 I art     : Starting a blocking GC Explicit
08-05 18:07:23.884 15940 15953 I art     : Explicit concurrent mark sweep GC freed 3(96B) AllocSpace objects, 0(0B) LOS objects, 25% free, 47MB/63MB, paused 153us total 11.672ms
08-05 18:07:23.890 15940 15953 I art     : Starting a blocking GC Explicit
08-05 18:07:23.902 15940 15953 I art     : Explicit concurrent mark sweep GC freed 3(96B) AllocSpace objects, 0(0B) LOS objects, 25% free, 47MB/63MB, paused 151us total 11.773ms
08-05 18:07:23.908 15940 15953 I art     : Starting a blocking GC Explicit
08-05 18:07:23.920 15940 15953 I art     : Explicit concurrent mark sweep GC freed 3(96B) AllocSpace objects, 0(0B) LOS objects, 25% free, 47MB/63MB, paused 151us total 11.648ms
08-05 18:07:24.230 15940 15952 I art     : Starting a blocking GC Explicit
08-05 18:07:24.244 15940 15952 I art     : Explicit concurrent mark sweep GC freed 1339(78KB) AllocSpace objects, 1(20KB) LOS objects, 25% free, 47MB/63MB, paused 190us total 14.162ms
08-05 18:07:24.253 15940 15952 I art     : Starting a blocking GC Explicit
08-05 18:07:24.269 15940 15952 I art     : Explicit concurrent mark sweep GC freed 20(704B) AllocSpace objects, 0(0B) LOS objects, 25% free, 47MB/63MB, paused 176us total 15.423ms
08-05 18:07:24.278 15940 15952 I art     : Starting a blocking GC Explicit
08-05 18:07:24.290 15940 15952 I art     : Explicit concurrent mark sweep GC freed 3(96B) AllocSpace objects, 0(0B) LOS objects, 25% free, 47MB/63MB, paused 157us total 12.028ms
08-05 18:07:24.297 15940 15952 I art     : Starting a blocking GC Explicit
08-05 18:07:24.308 15940 15952 I art     : Explicit concurrent mark sweep GC freed 3(96B) AllocSpace objects, 0(0B) LOS objects, 25% free, 47MB/63MB, paused 149us total 11.428ms
08-05 18:07:24.315 15940 15952 I art     : Starting a blocking GC Explicit
08-05 18:07:24.326 15940 15952 I art     : Explicit concurrent mark sweep GC freed 3(96B) AllocSpace objects, 0(0B) LOS objects, 25% free, 47MB/63MB, paused 151us total 11.497ms
08-05 18:07:24.377   918  1210 D NetlinkSocketObserver: NeighborEvent{elapsedMs=1797448252, 192.168.2.254, [7C3953A63323], RTM_NEWNEIGH, NUD_REACHABLE}
08-05 18:07:24.637 15940 15971 I art     : Starting a blocking GC Explicit
08-05 18:07:24.655 15940 15971 I art     : Explicit concurrent mark sweep GC freed 1338(78KB) AllocSpace objects, 1(20KB) LOS objects, 25% free, 47MB/63MB, paused 334us total 17.428ms
08-05 18:07:24.667 15940 15971 I art     : Starting a blocking GC Explicit
08-05 18:07:24.678 15940 15971 I art     : Explicit concurrent mark sweep GC freed 20(704B) AllocSpace objects, 0(0B) LOS objects, 25% free, 47MB/63MB, paused 137us total 10.832ms
08-05 18:07:24.683 15940 15971 I art     : Starting a blocking GC Explicit
08-05 18:07:24.694 15940 15971 I art     : Explicit concurrent mark sweep GC freed 3(96B) AllocSpace objects, 0(0B) LOS objects, 25% free, 47MB/63MB, paused 129us total 10.701ms
08-05 18:07:24.699 15940 15971 I art     : Starting a blocking GC Explicit
08-05 18:07:24.709 15940 15971 I art     : Explicit concurrent mark sweep GC freed 3(96B) AllocSpace objects, 0(0B) LOS objects, 25% free, 47MB/63MB, paused 129us total 9.220ms
08-05 18:07:24.714 15940 15971 I art     : Starting a blocking GC Explicit
08-05 18:07:24.724 15940 15971 I art     : Explicit concurrent mark sweep GC freed 183(12KB) AllocSpace objects, 0(0B) LOS objects, 25% free, 47MB/63MB, paused 177us total 9.864ms
08-05 18:07:24.754 12013 12013 I ServiceManager: Waiting for service AtCmdFwd...
08-05 18:07:24.834 15940 16134 W OneSignal: OneSignalRestClient: POST Error thrown from network stack. 
08-05 18:07:24.834 15940 16134 W OneSignal: java.io.IOException: unexpected end of stream on Connection{api.onesignal.com:443, proxy=HTTP@192.168.2.12:8080 hostAddress=192.168.2.12 cipherSuite=TLS_ECDHE_RSA_WITH_AES_128_GCM_SHA256 protocol=http/1.1} (recycle count=1)
08-05 18:07:24.834 15940 16134 W OneSignal: 	at com.android.okhttp.internal.http.HttpConnection.readResponse(HttpConnection.java:210)
08-05 18:07:24.834 15940 16134 W OneSignal: 	at com.android.okhttp.internal.http.HttpTransport.readResponseHeaders(HttpTransport.java:80)
08-05 18:07:24.834 15940 16134 W OneSignal: 	at com.android.okhttp.internal.http.HttpEngine.readNetworkResponse(HttpEngine.java:904)
08-05 18:07:24.834 15940 16134 W OneSignal: 	at com.android.okhttp.internal.http.HttpEngine.readResponse(HttpEngine.java:788)
08-05 18:07:24.834 15940 16134 W OneSignal: 	at com.android.okhttp.internal.huc.HttpURLConnectionImpl.execute(HttpURLConnectionImpl.java:439)
08-05 18:07:24.834 15940 16134 W OneSignal: 	at com.android.okhttp.internal.huc.HttpURLConnectionImpl.getResponse(HttpURLConnectionImpl.java:384)
08-05 18:07:24.834 15940 16134 W OneSignal: 	at com.android.okhttp.internal.huc.HttpURLConnectionImpl.getResponseCode(HttpURLConnectionImpl.java:497)
08-05 18:07:24.834 15940 16134 W OneSignal: 	at com.android.okhttp.internal.huc.DelegatingHttpsURLConnection.getResponseCode(DelegatingHttpsURLConnection.java:105)
08-05 18:07:24.834 15940 16134 W OneSignal: 	at com.android.okhttp.internal.huc.HttpsURLConnectionImpl.getResponseCode(HttpsURLConnectionImpl.java)
08-05 18:07:24.834 15940 16134 W OneSignal: 	at com.onesignal.OneSignalRestClient.startHTTPConnection(OneSignalRestClient.java:180)
08-05 18:07:24.834 15940 16134 W OneSignal: 	at com.onesignal.OneSignalRestClient.access$100(OneSignalRestClient.java:44)
08-05 18:07:24.834 15940 16134 W OneSignal: 	at com.onesignal.OneSignalRestClient$4.run(OneSignalRestClient.java:110)
08-05 18:07:24.834 15940 16134 W OneSignal: 	at java.lang.Thread.run(Thread.java:818)
08-05 18:07:24.834 15940 16134 W OneSignal: Caused by: java.io.EOFException: \n not found: size=0 content=...
08-05 18:07:24.834 15940 16134 W OneSignal: 	at com.android.okhttp.okio.RealBufferedSource.readUtf8LineStrict(RealBufferedSource.java:200)
08-05 18:07:24.834 15940 16134 W OneSignal: 	at com.android.okhttp.internal.http.HttpConnection.readResponse(HttpConnection.java:191)
08-05 18:07:24.834 15940 16134 W OneSignal: 	... 12 more
08-05 18:07:24.835 15940 16135 W OneSignal: Failed last request. statusCode: -1
08-05 18:07:24.835 15940 16135 W OneSignal: response: null
08-05 18:07:24.970 15940 15953 I art     : Starting a blocking GC Explicit
08-05 18:07:24.983 15940 15953 I art     : Explicit concurrent mark sweep GC freed 1729(140KB) AllocSpace objects, 1(20KB) LOS objects, 25% free, 47MB/63MB, paused 178us total 12.939ms
08-05 18:07:24.991 15940 15953 I art     : Starting a blocking GC Explicit
08-05 18:07:25.002 15940 15953 I art     : Explicit concurrent mark sweep GC freed 24(896B) AllocSpace objects, 0(0B) LOS objects, 25% free, 47MB/63MB, paused 149us total 10.885ms
08-05 18:07:25.007 15940 15953 I art     : Starting a blocking GC Explicit
08-05 18:07:25.018 15940 15953 I art     : Explicit concurrent mark sweep GC freed 3(96B) AllocSpace objects, 0(0B) LOS objects, 25% free, 47MB/63MB, paused 152us total 10.429ms
08-05 18:07:25.023 15940 15953 I art     : Starting a blocking GC Explicit
08-05 18:07:25.034 15940 15953 I art     : Explicit concurrent mark sweep GC freed 3(96B) AllocSpace objects, 0(0B) LOS objects, 25% free, 47MB/63MB, paused 147us total 10.369ms
08-05 18:07:25.039 15940 15953 I art     : Starting a blocking GC Explicit
08-05 18:07:25.050 15940 15953 I art     : Explicit concurrent mark sweep GC freed 3(96B) AllocSpace objects, 0(0B) LOS objects, 25% free, 47MB/63MB, paused 152us total 10.473ms
08-05 18:07:25.351 15940 15952 I art     : Starting a blocking GC Explicit
08-05 18:07:25.369 15940 15952 I art     : Explicit concurrent mark sweep GC freed 1339(78KB) AllocSpace objects, 1(20KB) LOS objects, 25% free, 47MB/63MB, paused 190us total 17.593ms
08-05 18:07:25.379 15940 15952 I art     : Starting a blocking GC Explicit
08-05 18:07:25.392 15940 15952 I art     : Explicit concurrent mark sweep GC freed 20(704B) AllocSpace objects, 0(0B) LOS objects, 25% free, 47MB/63MB, paused 194us total 11.960ms
08-05 18:07:25.398 15940 15952 I art     : Starting a blocking GC Explicit
08-05 18:07:25.409 15940 15952 I art     : Explicit concurrent mark sweep GC freed 3(96B) AllocSpace objects, 0(0B) LOS objects, 25% free, 47MB/63MB, paused 146us total 10.351ms
08-05 18:07:25.414 15940 15952 I art     : Starting a blocking GC Explicit
08-05 18:07:25.425 15940 15952 I art     : Explicit concurrent mark sweep GC freed 3(96B) AllocSpace objects, 0(0B) LOS objects, 25% free, 47MB/63MB, paused 134us total 10.136ms
08-05 18:07:25.430 15940 15952 I art     : Starting a blocking GC Explicit
08-05 18:07:25.440 15940 15952 I art     : Explicit concurrent mark sweep GC freed 3(96B) AllocSpace objects, 0(0B) LOS objects, 25% free, 47MB/63MB, paused 132us total 9.855ms
08-05 18:07:25.711 15940 15971 I art     : Starting a blocking GC Explicit
08-05 18:07:25.723 15940 15971 I art     : Explicit concurrent mark sweep GC freed 1339(78KB) AllocSpace objects, 1(20KB) LOS objects, 25% free, 47MB/63MB, paused 202us total 12.222ms
08-05 18:07:25.730 15940 15971 I art     : Starting a blocking GC Explicit
08-05 18:07:25.732 16159 16159 D AndroidRuntime: >>>>>> START com.android.internal.os.RuntimeInit uid 2000 <<<<<<
08-05 18:07:25.736 16159 16159 D AndroidRuntime: CheckJNI is OFF
08-05 18:07:25.741 15940 15971 I art     : Explicit concurrent mark sweep GC freed 20(704B) AllocSpace objects, 0(0B) LOS objects, 25% free, 47MB/63MB, paused 146us total 10.887ms
08-05 18:07:25.747 15940 15971 I art     : Starting a blocking GC Explicit
08-05 18:07:25.754 12013 12013 I ServiceManager: Waiting for service AtCmdFwd...
08-05 18:07:25.758 15940 15971 I art     : Explicit concurrent mark sweep GC freed 3(96B) AllocSpace objects, 0(0B) LOS objects, 25% free, 47MB/63MB, paused 153us total 10.750ms
08-05 18:07:25.763 16159 16159 D ICU     : No timezone override file found: /data/misc/zoneinfo/current/icu/icu_tzdata.dat
08-05 18:07:25.763 15940 15971 I art     : Starting a blocking GC Explicit
08-05 18:07:25.775 15940 15971 I art     : Explicit concurrent mark sweep GC freed 3(96B) AllocSpace objects, 0(0B) LOS objects, 25% free, 47MB/63MB, paused 159us total 11.216ms
08-05 18:07:25.780 15940 15971 I art     : Starting a blocking GC Explicit
08-05 18:07:25.788 16159 16159 I Radio-JNI: register_android_hardware_Radio DONE
08-05 18:07:25.790 15940 15971 I art     : Explicit concurrent mark sweep GC freed 3(96B) AllocSpace objects, 0(0B) LOS objects, 25% free, 47MB/63MB, paused 162us total 10.175ms
08-05 18:07:25.804 16159 16159 D AndroidRuntime: Calling main entry com.android.commands.input.Input
08-05 18:07:25.805 16159 16159 I Input   : injectMotionEvent: MotionEvent { action=ACTION_DOWN, actionButton=0, id[0]=0, x[0]=337.0, y[0]=1104.0, toolType[0]=TOOL_TYPE_UNKNOWN, buttonState=0, metaState=0, flags=0x0, edgeFlags=0x0, pointerCount=1, historySize=0, eventTime=814062218, downTime=814062218, deviceId=0, source=0x1002 }
08-05 18:07:25.811 16159 16159 I Input   : injectMotionEvent: MotionEvent { action=ACTION_UP, actionButton=0, id[0]=0, x[0]=337.0, y[0]=1104.0, toolType[0]=TOOL_TYPE_UNKNOWN, buttonState=0, metaState=0, flags=0x0, edgeFlags=0x0, pointerCount=1, historySize=0, eventTime=814062218, downTime=814062218, deviceId=0, source=0x1002 }
08-05 18:07:25.813   918  6029 I ActivityManager: START u0 {cmp=baseline.appteam.nith.hillffair/.activities.BattleDayActivity} from uid 10675 on display 0
08-05 18:07:25.818 16159 16159 D AndroidRuntime: Shutting down VM
08-05 18:07:25.907 13866 13866 I GoogleInputMethodServic: GoogleInputMethodService.onFinishInput():3138 
08-05 18:07:25.907 13866 13866 I GoogleInputMethodServic: GoogleInputMethodService.onStartInput():1808 
08-05 18:07:25.949   918   936 I ActivityManager: Displayed baseline.appteam.nith.hillffair/.activities.BattleDayActivity: +130ms
08-05 18:07:26.018 15940 15971 I art     : Starting a blocking GC Explicit
08-05 18:07:26.032 15940 15971 I art     : Explicit concurrent mark sweep GC freed 8947(585KB) AllocSpace objects, 1(20KB) LOS objects, 24% free, 48MB/64MB, paused 291us total 14.491ms
08-05 18:07:26.039 15940 15971 I art     : Starting a blocking GC Explicit
08-05 18:07:26.052 15940 15971 I art     : Explicit concurrent mark sweep GC freed 266(11KB) AllocSpace objects, 0(0B) LOS objects, 24% free, 48MB/64MB, paused 329us total 12.801ms
08-05 18:07:26.059 15940 15971 I art     : Starting a blocking GC Explicit
08-05 18:07:26.073 15940 15971 I art     : Explicit concurrent mark sweep GC freed 3(96B) AllocSpace objects, 0(0B) LOS objects, 24% free, 48MB/64MB, paused 194us total 13.233ms
08-05 18:07:26.079 15940 15971 I art     : Starting a blocking GC Explicit
08-05 18:07:26.092 15940 15971 I art     : Explicit concurrent mark sweep GC freed 3(96B) AllocSpace objects, 0(0B) LOS objects, 24% free, 48MB/64MB, paused 176us total 12.967ms
08-05 18:07:26.098 15940 15971 I art     : Starting a blocking GC Explicit
08-05 18:07:26.111 15940 15971 I art     : Explicit concurrent mark sweep GC freed 3(96B) AllocSpace objects, 0(0B) LOS objects, 24% free, 48MB/64MB, paused 174us total 12.424ms
08-05 18:07:26.203   380   380 W SurfaceFlinger: couldn't log to binary event log: overflow.
08-05 18:07:26.366 15940 16182 D OkHttp  : --> GET https://api-hillfair-2k16.herokuapp.com/api/app/events/special http/1.1
08-05 18:07:26.373 15940 15971 I art     : Starting a blocking GC Explicit
08-05 18:07:26.387   918   927 I art     : Background sticky concurrent mark sweep GC freed 108780(9MB) AllocSpace objects, 167(3MB) LOS objects, 15% free, 71MB/84MB, paused 1.380ms total 101.095ms
08-05 18:07:26.392 15940 15971 I art     : Explicit concurrent mark sweep GC freed 4066(223KB) AllocSpace objects, 4(220KB) LOS objects, 24% free, 48MB/64MB, paused 251us total 18.594ms
08-05 18:07:26.398 15940 15971 I art     : Starting a blocking GC Explicit
08-05 18:07:26.406 15940 16182 D OkHttp  : <-- 200 OK https://api-hillfair-2k16.herokuapp.com/api/app/events/special (40ms, 554-byte body)
08-05 18:07:26.410 15940 15971 I art     : Explicit concurrent mark sweep GC freed 1110(147KB) AllocSpace objects, 0(0B) LOS objects, 24% free, 48MB/64MB, paused 214us total 11.778ms
08-05 18:07:26.415 15940 15971 I art     : Starting a blocking GC Explicit
08-05 18:07:26.427 15940 15971 I art     : Explicit concurrent mark sweep GC freed 142(15KB) AllocSpace objects, 0(0B) LOS objects, 24% free, 48MB/64MB, paused 186us total 11.125ms
08-05 18:07:26.432 15940 15971 I art     : Starting a blocking GC Explicit
08-05 18:07:26.444 15940 15971 I art     : Explicit concurrent mark sweep GC freed 66(4KB) AllocSpace objects, 0(0B) LOS objects, 24% free, 48MB/64MB, paused 192us total 11.765ms
08-05 18:07:26.450 15940 15971 I art     : Starting a blocking GC Explicit
08-05 18:07:26.454 15940 15940 I NAPPA_EXPERIMENTATION: MetricNetworkRequestExecutionTime: REQUEST_DURATION_SYSTEM='596',REQUEST_DURATION_OKHTTP='39',REQUEST_SYNCHRONOUS='FALSE',RESPONSE_CODE='200',RESPONSE_METHOD='GET',RESPONSE_LENGTH_OKHTTP='554',RESPONSE_LENGTH_HEADER='554',REQUEST_PROTOCOL='http/1.1',REQUEST_URL='https://api-hillfair-2k16.herokuapp.com/api/app/events/special',
08-05 18:07:26.462 15940 15971 I art     : Explicit concurrent mark sweep GC freed 345(47KB) AllocSpace objects, 0(0B) LOS objects, 24% free, 48MB/64MB, paused 177us total 11.682ms
08-05 18:07:26.701 15940 15952 I art     : Starting a blocking GC Explicit
08-05 18:07:26.716 15940 15952 I art     : Explicit concurrent mark sweep GC freed 2616(144KB) AllocSpace objects, 1(20KB) LOS objects, 24% free, 48MB/64MB, paused 289us total 15.601ms
08-05 18:07:26.723 15940 15952 I art     : Starting a blocking GC Explicit
08-05 18:07:26.738 15940 15952 I art     : Explicit concurrent mark sweep GC freed 107(4KB) AllocSpace objects, 0(0B) LOS objects, 24% free, 48MB/64MB, paused 317us total 14.622ms
08-05 18:07:26.745 15940 15952 I art     : Starting a blocking GC Explicit
08-05 18:07:26.755 12013 12013 I ServiceManager: Waiting for service AtCmdFwd...
08-05 18:07:26.759 15940 15952 I art     : Explicit concurrent mark sweep GC freed 3(96B) AllocSpace objects, 0(0B) LOS objects, 24% free, 48MB/64MB, paused 291us total 14.602ms
08-05 18:07:26.766 15940 15952 I art     : Starting a blocking GC Explicit
08-05 18:07:26.780 15940 15952 I art     : Explicit concurrent mark sweep GC freed 3(96B) AllocSpace objects, 0(0B) LOS objects, 24% free, 48MB/64MB, paused 269us total 13.688ms
08-05 18:07:26.787 15940 15952 I art     : Starting a blocking GC Explicit
08-05 18:07:26.800 15940 15952 I art     : Explicit concurrent mark sweep GC freed 3(96B) AllocSpace objects, 0(0B) LOS objects, 24% free, 48MB/64MB, paused 280us total 13.727ms
08-05 18:07:27.088 15940 15953 I art     : Starting a blocking GC Explicit
08-05 18:07:27.106 15940 15953 I art     : Explicit concurrent mark sweep GC freed 9186(429KB) AllocSpace objects, 1(20KB) LOS objects, 23% free, 50MB/66MB, paused 327us total 17.430ms
08-05 18:07:27.113 15940 15953 I art     : Starting a blocking GC Explicit
08-05 18:07:27.127   518   646 I ThermalEngine: ACTION: GPU - Setting GPU[0] to 510000000
08-05 18:07:27.128 15940 15953 I art     : Explicit concurrent mark sweep GC freed 452(60KB) AllocSpace objects, 0(0B) LOS objects, 23% free, 52MB/68MB, paused 1.508ms total 14.520ms
08-05 18:07:27.135 15940 15953 I art     : Starting a blocking GC Explicit
08-05 18:07:27.150 15940 15953 I art     : Explicit concurrent mark sweep GC freed 67(2320B) AllocSpace objects, 0(0B) LOS objects, 23% free, 52MB/68MB, paused 309us total 15.155ms
08-05 18:07:27.158 15940 15953 I art     : Starting a blocking GC Explicit
08-05 18:07:27.173 15940 15953 I art     : Explicit concurrent mark sweep GC freed 9(288B) AllocSpace objects, 0(0B) LOS objects, 23% free, 52MB/68MB, paused 308us total 14.985ms
08-05 18:07:27.180 15940 15953 I art     : Starting a blocking GC Explicit
08-05 18:07:27.196 15940 15953 I art     : Explicit concurrent mark sweep GC freed 57(67KB) AllocSpace objects, 0(0B) LOS objects, 23% free, 52MB/68MB, paused 306us total 15.440ms
08-05 18:07:27.474 15940 15971 I art     : Starting a blocking GC Explicit
08-05 18:07:27.494 15940 15971 I art     : Explicit concurrent mark sweep GC freed 1363(94KB) AllocSpace objects, 1(20KB) LOS objects, 23% free, 52MB/68MB, paused 309us total 20.076ms
08-05 18:07:27.506 15940 15971 I art     : Starting a blocking GC Explicit
08-05 18:07:27.524 15940 15971 I art     : Explicit concurrent mark sweep GC freed 26(896B) AllocSpace objects, 0(0B) LOS objects, 23% free, 52MB/68MB, paused 301us total 17.870ms
08-05 18:07:27.533 15940 15971 I art     : Starting a blocking GC Explicit
08-05 18:07:27.550 15940 15971 I art     : Explicit concurrent mark sweep GC freed 3(96B) AllocSpace objects, 0(0B) LOS objects, 23% free, 52MB/68MB, paused 293us total 17.547ms
08-05 18:07:27.559 15940 15971 I art     : Starting a blocking GC Explicit
08-05 18:07:27.576 15940 15971 I art     : Explicit concurrent mark sweep GC freed 3(96B) AllocSpace objects, 0(0B) LOS objects, 23% free, 52MB/68MB, paused 277us total 17.557ms
08-05 18:07:27.584 15940 15971 I art     : Starting a blocking GC Explicit
08-05 18:07:27.602 15940 15971 I art     : Explicit concurrent mark sweep GC freed 3(96B) AllocSpace objects, 0(0B) LOS objects, 23% free, 52MB/68MB, paused 287us total 17.463ms
08-05 18:07:27.755 12013 12013 W Atfwd_Sendcmd: AtCmdFwd service not published, waiting... retryCnt : 3
08-05 18:07:27.942 15940 15953 I art     : Starting a blocking GC Explicit
08-05 18:07:27.964 15940 15953 I art     : Explicit concurrent mark sweep GC freed 1340(78KB) AllocSpace objects, 1(20KB) LOS objects, 23% free, 52MB/68MB, paused 308us total 21.090ms
08-05 18:07:27.972 15940 15953 I art     : Starting a blocking GC Explicit
08-05 18:07:27.990 15940 15953 I art     : Explicit concurrent mark sweep GC freed 20(704B) AllocSpace objects, 0(0B) LOS objects, 23% free, 52MB/68MB, paused 301us total 17.896ms
08-05 18:07:27.999 15940 15953 I art     : Starting a blocking GC Explicit
08-05 18:07:28.017 15940 15953 I art     : Explicit concurrent mark sweep GC freed 3(96B) AllocSpace objects, 0(0B) LOS objects, 23% free, 52MB/68MB, paused 302us total 17.689ms
08-05 18:07:28.025 15940 15953 I art     : Starting a blocking GC Explicit
08-05 18:07:28.043 15940 15953 I art     : Explicit concurrent mark sweep GC freed 3(96B) AllocSpace objects, 0(0B) LOS objects, 23% free, 52MB/68MB, paused 295us total 17.946ms
08-05 18:07:28.051 15940 15953 I art     : Starting a blocking GC Explicit
08-05 18:07:28.070 15940 15953 I art     : Explicit concurrent mark sweep GC freed 3(96B) AllocSpace objects, 0(0B) LOS objects, 23% free, 52MB/68MB, paused 295us total 18.076ms
08-05 18:07:28.377 15940 15952 I art     : Starting a blocking GC Explicit
08-05 18:07:28.400 15940 15952 I art     : Explicit concurrent mark sweep GC freed 1340(78KB) AllocSpace objects, 1(20KB) LOS objects, 23% free, 52MB/68MB, paused 310us total 22.250ms
08-05 18:07:28.409 15940 15952 I art     : Starting a blocking GC Explicit
08-05 18:07:28.427 15940 15952 I art     : Explicit concurrent mark sweep GC freed 20(704B) AllocSpace objects, 0(0B) LOS objects, 23% free, 52MB/68MB, paused 312us total 17.805ms
08-05 18:07:28.436 15940 15952 I art     : Starting a blocking GC Explicit
08-05 18:07:28.454 15940 15952 I art     : Explicit concurrent mark sweep GC freed 3(96B) AllocSpace objects, 0(0B) LOS objects, 23% free, 52MB/68MB, paused 314us total 17.948ms
08-05 18:07:28.462 15940 15952 I art     : Starting a blocking GC Explicit
08-05 18:07:28.480 15940 15952 I art     : Explicit concurrent mark sweep GC freed 3(96B) AllocSpace objects, 0(0B) LOS objects, 23% free, 52MB/68MB, paused 288us total 17.667ms
08-05 18:07:28.488 15940 15952 I art     : Starting a blocking GC Explicit
08-05 18:07:28.506 15940 15952 I art     : Explicit concurrent mark sweep GC freed 3(96B) AllocSpace objects, 0(0B) LOS objects, 23% free, 52MB/68MB, paused 279us total 17.780ms
08-05 18:07:28.850 15940 15971 I art     : Starting a blocking GC Explicit
08-05 18:07:28.872 15940 15971 I art     : Explicit concurrent mark sweep GC freed 1340(78KB) AllocSpace objects, 1(20KB) LOS objects, 23% free, 52MB/68MB, paused 312us total 21.674ms
08-05 18:07:28.882 15940 15971 I art     : Starting a blocking GC Explicit
08-05 18:07:28.899 15940 15971 I art     : Explicit concurrent mark sweep GC freed 20(704B) AllocSpace objects, 0(0B) LOS objects, 23% free, 52MB/68MB, paused 286us total 17.278ms
08-05 18:07:28.908 15940 15971 I art     : Starting a blocking GC Explicit
08-05 18:07:28.925 15940 15971 I art     : Explicit concurrent mark sweep GC freed 3(96B) AllocSpace objects, 0(0B) LOS objects, 23% free, 52MB/68MB, paused 272us total 17.319ms
08-05 18:07:28.933 15940 15971 I art     : Starting a blocking GC Explicit
08-05 18:07:28.951 15940 15971 I art     : Explicit concurrent mark sweep GC freed 3(96B) AllocSpace objects, 0(0B) LOS objects, 23% free, 52MB/68MB, paused 290us total 17.695ms
08-05 18:07:28.959 15940 15971 I art     : Starting a blocking GC Explicit
08-05 18:07:28.977 15940 15971 I art     : Explicit concurrent mark sweep GC freed 3(96B) AllocSpace objects, 0(0B) LOS objects, 23% free, 52MB/68MB, paused 284us total 17.686ms
08-05 18:07:29.303 15940 15953 I art     : Starting a blocking GC Explicit
08-05 18:07:29.328 15940 15953 I art     : Explicit concurrent mark sweep GC freed 1340(78KB) AllocSpace objects, 1(20KB) LOS objects, 23% free, 52MB/68MB, paused 513us total 24.308ms
08-05 18:07:29.341 15940 15953 I art     : Starting a blocking GC Explicit
08-05 18:07:29.359 15940 15953 I art     : Explicit concurrent mark sweep GC freed 20(704B) AllocSpace objects, 0(0B) LOS objects, 23% free, 52MB/68MB, paused 313us total 18.048ms
08-05 18:07:29.368 15940 15953 I art     : Starting a blocking GC Explicit
08-05 18:07:29.385 15940 15953 I art     : Explicit concurrent mark sweep GC freed 3(96B) AllocSpace objects, 0(0B) LOS objects, 23% free, 52MB/68MB, paused 292us total 17.280ms
08-05 18:07:29.393 15940 15953 I art     : Starting a blocking GC Explicit
08-05 18:07:29.411 15940 15953 I art     : Explicit concurrent mark sweep GC freed 3(96B) AllocSpace objects, 0(0B) LOS objects, 23% free, 52MB/68MB, paused 286us total 17.101ms
08-05 18:07:29.419 15940 15953 I art     : Starting a blocking GC Explicit
08-05 18:07:29.436   918  3261 D WifiStateMachine: starting scan for "H369AA63323"WPA_PSK with 2412,5180
08-05 18:07:29.437 15940 15953 I art     : Explicit concurrent mark sweep GC freed 3(96B) AllocSpace objects, 0(0B) LOS objects, 23% free, 52MB/68MB, paused 344us total 17.836ms
08-05 18:07:29.749 15940 15952 I art     : Starting a blocking GC Explicit
08-05 18:07:29.771 15940 15952 I art     : Explicit concurrent mark sweep GC freed 1340(78KB) AllocSpace objects, 1(20KB) LOS objects, 23% free, 52MB/68MB, paused 294us total 22.005ms
08-05 18:07:29.779 15940 15952 I art     : Starting a blocking GC Explicit
08-05 18:07:29.797 15940 15952 I art     : Explicit concurrent mark sweep GC freed 20(704B) AllocSpace objects, 0(0B) LOS objects, 23% free, 52MB/68MB, paused 315us total 17.961ms
08-05 18:07:29.806 15940 15952 I art     : Starting a blocking GC Explicit
08-05 18:07:29.824 15940 15952 I art     : Explicit concurrent mark sweep GC freed 3(96B) AllocSpace objects, 0(0B) LOS objects, 23% free, 52MB/68MB, paused 283us total 18.064ms
08-05 18:07:29.832 15940 15952 I art     : Starting a blocking GC Explicit
08-05 18:07:29.851 15940 15952 I art     : Explicit concurrent mark sweep GC freed 3(96B) AllocSpace objects, 0(0B) LOS objects, 23% free, 52MB/68MB, paused 286us total 17.962ms
08-05 18:07:29.859 15940 15952 I art     : Starting a blocking GC Explicit
08-05 18:07:29.877 15940 15952 I art     : Explicit concurrent mark sweep GC freed 3(96B) AllocSpace objects, 0(0B) LOS objects, 23% free, 52MB/68MB, paused 314us total 18.195ms
08-05 18:07:30.187 15940 15971 I art     : Starting a blocking GC Explicit
08-05 18:07:30.209 15940 15971 I art     : Explicit concurrent mark sweep GC freed 1340(78KB) AllocSpace objects, 1(20KB) LOS objects, 23% free, 52MB/68MB, paused 315us total 22.038ms
08-05 18:07:30.221 15940 15971 I art     : Starting a blocking GC Explicit
08-05 18:07:30.239 15940 15971 I art     : Explicit concurrent mark sweep GC freed 20(704B) AllocSpace objects, 0(0B) LOS objects, 23% free, 52MB/68MB, paused 277us total 17.906ms
08-05 18:07:30.247 15940 15971 I art     : Starting a blocking GC Explicit
08-05 18:07:30.265 15940 15971 I art     : Explicit concurrent mark sweep GC freed 3(96B) AllocSpace objects, 0(0B) LOS objects, 23% free, 52MB/68MB, paused 289us total 17.380ms
08-05 18:07:30.273 15940 15971 I art     : Starting a blocking GC Explicit
08-05 18:07:30.291 15940 15971 I art     : Explicit concurrent mark sweep GC freed 3(96B) AllocSpace objects, 0(0B) LOS objects, 23% free, 52MB/68MB, paused 281us total 17.567ms
08-05 18:07:30.299 15940 15971 I art     : Starting a blocking GC Explicit
08-05 18:07:30.317 15940 15971 I art     : Explicit concurrent mark sweep GC freed 3(96B) AllocSpace objects, 0(0B) LOS objects, 23% free, 52MB/68MB, paused 287us total 17.624ms
08-05 18:07:30.633 15940 15953 I art     : Starting a blocking GC Explicit
08-05 18:07:30.660 15940 15953 I art     : Explicit concurrent mark sweep GC freed 1340(78KB) AllocSpace objects, 1(20KB) LOS objects, 23% free, 52MB/68MB, paused 327us total 26.260ms
08-05 18:07:30.673 15940 15953 I art     : Starting a blocking GC Explicit
08-05 18:07:30.691 15940 15953 I art     : Explicit concurrent mark sweep GC freed 20(704B) AllocSpace objects, 0(0B) LOS objects, 23% free, 52MB/68MB, paused 272us total 17.926ms
08-05 18:07:30.699 15940 15953 I art     : Starting a blocking GC Explicit
08-05 18:07:30.716 15940 15953 I art     : Explicit concurrent mark sweep GC freed 3(96B) AllocSpace objects, 0(0B) LOS objects, 23% free, 52MB/68MB, paused 294us total 16.927ms
08-05 18:07:30.725 15940 15953 I art     : Starting a blocking GC Explicit
08-05 18:07:30.742 15940 15953 I art     : Explicit concurrent mark sweep GC freed 3(96B) AllocSpace objects, 0(0B) LOS objects, 23% free, 52MB/68MB, paused 290us total 17.551ms
08-05 18:07:30.742 15940 15951 I art     : WaitForGcToComplete blocked for 17.806ms for cause HeapTrim
08-05 18:07:30.751 15940 15953 I art     : Starting a blocking GC Explicit
08-05 18:07:30.768 15940 15953 I art     : Explicit concurrent mark sweep GC freed 3(96B) AllocSpace objects, 0(0B) LOS objects, 23% free, 52MB/68MB, paused 304us total 17.334ms
08-05 18:07:31.081 15940 15952 I art     : Starting a blocking GC Explicit
08-05 18:07:31.108 15940 15952 I art     : Explicit concurrent mark sweep GC freed 1340(78KB) AllocSpace objects, 1(20KB) LOS objects, 23% free, 52MB/68MB, paused 478us total 26.491ms
08-05 18:07:31.119 15940 15952 I art     : Starting a blocking GC Explicit
08-05 18:07:31.140 15940 15952 I art     : Explicit concurrent mark sweep GC freed 20(704B) AllocSpace objects, 0(0B) LOS objects, 23% free, 52MB/68MB, paused 272us total 20.914ms
08-05 18:07:31.149 15940 15952 I art     : Starting a blocking GC Explicit
08-05 18:07:31.167 15940 15952 I art     : Explicit concurrent mark sweep GC freed 3(96B) AllocSpace objects, 0(0B) LOS objects, 23% free, 52MB/68MB, paused 327us total 17.719ms
08-05 18:07:31.175 15940 15952 I art     : Starting a blocking GC Explicit
08-05 18:07:31.193 15940 15952 I art     : Explicit concurrent mark sweep GC freed 3(96B) AllocSpace objects, 0(0B) LOS objects, 23% free, 52MB/68MB, paused 277us total 17.257ms
08-05 18:07:31.201 15940 15952 I art     : Starting a blocking GC Explicit
08-05 18:07:31.218 15940 15952 I art     : Explicit concurrent mark sweep GC freed 3(96B) AllocSpace objects, 0(0B) LOS objects, 23% free, 52MB/68MB, paused 283us total 17.371ms
08-05 18:07:31.547 15940 15971 I art     : Starting a blocking GC Explicit
08-05 18:07:31.570 15940 15971 I art     : Explicit concurrent mark sweep GC freed 1340(78KB) AllocSpace objects, 1(20KB) LOS objects, 23% free, 52MB/68MB, paused 390us total 22.236ms
08-05 18:07:31.581 15940 15971 I art     : Starting a blocking GC Explicit
08-05 18:07:31.602 15940 15971 I art     : Explicit concurrent mark sweep GC freed 20(704B) AllocSpace objects, 0(0B) LOS objects, 23% free, 52MB/68MB, paused 298us total 20.809ms
08-05 18:07:31.612 15940 15971 I art     : Starting a blocking GC Explicit
08-05 18:07:31.630 15940 15971 I art     : Explicit concurrent mark sweep GC freed 3(96B) AllocSpace objects, 0(0B) LOS objects, 23% free, 52MB/68MB, paused 292us total 17.867ms
08-05 18:07:31.638 15940 15971 I art     : Starting a blocking GC Explicit
08-05 18:07:31.656 15940 15971 I art     : Explicit concurrent mark sweep GC freed 3(96B) AllocSpace objects, 0(0B) LOS objects, 23% free, 52MB/68MB, paused 287us total 17.275ms
08-05 18:07:31.664 15940 15971 I art     : Starting a blocking GC Explicit
08-05 18:07:31.681 15940 15971 I art     : Explicit concurrent mark sweep GC freed 3(96B) AllocSpace objects, 0(0B) LOS objects, 23% free, 52MB/68MB, paused 286us total 17.337ms
08-05 18:07:32.005 15940 15953 I art     : Starting a blocking GC Explicit
08-05 18:07:32.031 15940 15953 I art     : Explicit concurrent mark sweep GC freed 1340(78KB) AllocSpace objects, 1(20KB) LOS objects, 23% free, 52MB/68MB, paused 358us total 25.650ms
08-05 18:07:32.044 15940 15953 I art     : Starting a blocking GC Explicit
08-05 18:07:32.066 15940 15953 I art     : Explicit concurrent mark sweep GC freed 20(704B) AllocSpace objects, 0(0B) LOS objects, 23% free, 52MB/68MB, paused 335us total 21.451ms
08-05 18:07:32.076 15940 15953 I art     : Starting a blocking GC Explicit
08-05 18:07:32.094 15940 15953 I art     : Explicit concurrent mark sweep GC freed 3(96B) AllocSpace objects, 0(0B) LOS objects, 23% free, 52MB/68MB, paused 295us total 17.973ms
08-05 18:07:32.102 15940 15953 I art     : Starting a blocking GC Explicit
08-05 18:07:32.120 15940 15953 I art     : Explicit concurrent mark sweep GC freed 3(96B) AllocSpace objects, 0(0B) LOS objects, 23% free, 52MB/68MB, paused 294us total 17.712ms
08-05 18:07:32.129 15940 15953 I art     : Starting a blocking GC Explicit
08-05 18:07:32.146 15940 15953 I art     : Explicit concurrent mark sweep GC freed 3(96B) AllocSpace objects, 0(0B) LOS objects, 23% free, 52MB/68MB, paused 287us total 17.419ms
08-05 18:07:32.480 15940 15952 I art     : Starting a blocking GC Explicit
08-05 18:07:32.506 15940 15952 I art     : Explicit concurrent mark sweep GC freed 1340(78KB) AllocSpace objects, 1(20KB) LOS objects, 23% free, 52MB/68MB, paused 328us total 26.169ms
08-05 18:07:32.519 15940 15952 I art     : Starting a blocking GC Explicit
08-05 18:07:32.541 15940 15952 I art     : Explicit concurrent mark sweep GC freed 20(704B) AllocSpace objects, 0(0B) LOS objects, 23% free, 52MB/68MB, paused 317us total 21.539ms
08-05 18:07:32.551 15940 15952 I art     : Starting a blocking GC Explicit
08-05 18:07:32.570 15940 15952 I art     : Explicit concurrent mark sweep GC freed 3(96B) AllocSpace objects, 0(0B) LOS objects, 23% free, 52MB/68MB, paused 286us total 18.075ms
08-05 18:07:32.578 15940 15952 I art     : Starting a blocking GC Explicit
08-05 18:07:32.596 15940 15952 I art     : Explicit concurrent mark sweep GC freed 3(96B) AllocSpace objects, 0(0B) LOS objects, 23% free, 52MB/68MB, paused 283us total 17.792ms
08-05 18:07:32.605 15940 15952 I art     : Starting a blocking GC Explicit
08-05 18:07:32.623 15940 15952 I art     : Explicit concurrent mark sweep GC freed 3(96B) AllocSpace objects, 0(0B) LOS objects, 23% free, 52MB/68MB, paused 275us total 17.865ms
08-05 18:07:32.934 15940 15971 I art     : Starting a blocking GC Explicit
08-05 18:07:32.954 15940 15971 I art     : Explicit concurrent mark sweep GC freed 1340(78KB) AllocSpace objects, 1(20KB) LOS objects, 23% free, 52MB/68MB, paused 307us total 19.844ms
08-05 18:07:32.965 15940 15971 I art     : Starting a blocking GC Explicit
08-05 18:07:32.983 15940 15971 I art     : Explicit concurrent mark sweep GC freed 20(704B) AllocSpace objects, 0(0B) LOS objects, 23% free, 52MB/68MB, paused 285us total 17.425ms
08-05 18:07:32.991 15940 15971 I art     : Starting a blocking GC Explicit
08-05 18:07:33.009 15940 15971 I art     : Explicit concurrent mark sweep GC freed 3(96B) AllocSpace objects, 0(0B) LOS objects, 23% free, 52MB/68MB, paused 322us total 17.423ms
08-05 18:07:33.017 15940 15971 I art     : Starting a blocking GC Explicit
08-05 18:07:33.035 15940 15971 I art     : Explicit concurrent mark sweep GC freed 3(96B) AllocSpace objects, 0(0B) LOS objects, 23% free, 52MB/68MB, paused 295us total 17.748ms
08-05 18:07:33.043 15940 15971 I art     : Starting a blocking GC Explicit
08-05 18:07:33.061 15940 15971 I art     : Explicit concurrent mark sweep GC freed 3(96B) AllocSpace objects, 0(0B) LOS objects, 23% free, 52MB/68MB, paused 331us total 17.882ms
08-05 18:07:33.378 15940 15953 I art     : Starting a blocking GC Explicit
08-05 18:07:33.403 15940 15953 I art     : Explicit concurrent mark sweep GC freed 1340(78KB) AllocSpace objects, 1(20KB) LOS objects, 23% free, 52MB/68MB, paused 330us total 23.950ms
08-05 18:07:33.414 15940 15953 I art     : Starting a blocking GC Explicit
08-05 18:07:33.434 15940 15953 I art     : Explicit concurrent mark sweep GC freed 20(704B) AllocSpace objects, 0(0B) LOS objects, 23% free, 52MB/68MB, paused 288us total 19.918ms
08-05 18:07:33.443 15940 15953 I art     : Starting a blocking GC Explicit
08-05 18:07:33.461 15940 15953 I art     : Explicit concurrent mark sweep GC freed 3(96B) AllocSpace objects, 0(0B) LOS objects, 23% free, 52MB/68MB, paused 291us total 17.808ms
08-05 18:07:33.469 15940 15953 I art     : Starting a blocking GC Explicit
08-05 18:07:33.487 15940 15953 I art     : Explicit concurrent mark sweep GC freed 3(96B) AllocSpace objects, 0(0B) LOS objects, 23% free, 52MB/68MB, paused 363us total 17.597ms
08-05 18:07:33.495 15940 15953 I art     : Starting a blocking GC Explicit
08-05 18:07:33.513 15940 15953 I art     : Explicit concurrent mark sweep GC freed 3(96B) AllocSpace objects, 0(0B) LOS objects, 23% free, 52MB/68MB, paused 294us total 17.709ms
08-05 18:07:33.834 15940 15952 I art     : Starting a blocking GC Explicit
08-05 18:07:33.856 15940 15952 I art     : Explicit concurrent mark sweep GC freed 1340(78KB) AllocSpace objects, 1(20KB) LOS objects, 23% free, 52MB/68MB, paused 312us total 21.933ms
08-05 18:07:33.867 15940 15952 I art     : Starting a blocking GC Explicit
08-05 18:07:33.889 15940 15952 I art     : Explicit concurrent mark sweep GC freed 20(704B) AllocSpace objects, 0(0B) LOS objects, 23% free, 52MB/68MB, paused 308us total 21.321ms
08-05 18:07:33.899 15940 15952 I art     : Starting a blocking GC Explicit
08-05 18:07:33.917 15940 15952 I art     : Explicit concurrent mark sweep GC freed 3(96B) AllocSpace objects, 0(0B) LOS objects, 23% free, 52MB/68MB, paused 379us total 17.781ms
08-05 18:07:33.925 15940 15952 I art     : Starting a blocking GC Explicit
08-05 18:07:33.943 15940 15952 I art     : Explicit concurrent mark sweep GC freed 3(96B) AllocSpace objects, 0(0B) LOS objects, 23% free, 52MB/68MB, paused 284us total 17.507ms
08-05 18:07:33.951 15940 15952 I art     : Starting a blocking GC Explicit
08-05 18:07:33.968 15940 15952 I art     : Explicit concurrent mark sweep GC freed 3(96B) AllocSpace objects, 0(0B) LOS objects, 23% free, 52MB/68MB, paused 282us total 17.290ms
08-05 18:07:34.067   918  1210 D NetlinkSocketObserver: NeighborEvent{elapsedMs=1797457942, 192.168.2.254, [7C3953A63323], RTM_NEWNEIGH, NUD_STALE}
08-05 18:07:34.233 15940 15971 I art     : Starting a blocking GC Explicit
08-05 18:07:34.255 15940 15971 I art     : Explicit concurrent mark sweep GC freed 1340(78KB) AllocSpace objects, 1(20KB) LOS objects, 23% free, 52MB/68MB, paused 318us total 21.552ms
08-05 18:07:34.267 15940 15971 I art     : Starting a blocking GC Explicit
08-05 18:07:34.285 15940 15971 I art     : Explicit concurrent mark sweep GC freed 20(704B) AllocSpace objects, 0(0B) LOS objects, 23% free, 52MB/68MB, paused 301us total 17.486ms
08-05 18:07:34.293 15940 15971 I art     : Starting a blocking GC Explicit
08-05 18:07:34.311 15940 15971 I art     : Explicit concurrent mark sweep GC freed 3(96B) AllocSpace objects, 0(0B) LOS objects, 23% free, 52MB/68MB, paused 281us total 17.928ms
08-05 18:07:34.319 15940 15971 I art     : Starting a blocking GC Explicit
08-05 18:07:34.336 15940 15971 I art     : Explicit concurrent mark sweep GC freed 3(96B) AllocSpace objects, 0(0B) LOS objects, 23% free, 52MB/68MB, paused 283us total 16.744ms
08-05 18:07:34.344 15940 15971 I art     : Starting a blocking GC Explicit
08-05 18:07:34.361 15940 15971 I art     : Explicit concurrent mark sweep GC freed 3(96B) AllocSpace objects, 0(0B) LOS objects, 23% free, 52MB/68MB, paused 298us total 16.851ms
08-05 18:07:34.526 16384 16384 D AndroidRuntime: >>>>>> START com.android.internal.os.RuntimeInit uid 2000 <<<<<<
08-05 18:07:34.531 16384 16384 D AndroidRuntime: CheckJNI is OFF
08-05 18:07:34.563 16384 16384 D ICU     : No timezone override file found: /data/misc/zoneinfo/current/icu/icu_tzdata.dat
08-05 18:07:34.596 16384 16384 I Radio-JNI: register_android_hardware_Radio DONE
08-05 18:07:34.618 16384 16384 D AndroidRuntime: Calling main entry com.android.commands.input.Input
08-05 18:07:34.620 16384 16384 I Input   : injectMotionEvent: MotionEvent { action=ACTION_DOWN, actionButton=0, id[0]=0, x[0]=733.0, y[0]=645.0, toolType[0]=TOOL_TYPE_UNKNOWN, buttonState=0, metaState=0, flags=0x0, edgeFlags=0x0, pointerCount=1, historySize=0, eventTime=814071033, downTime=814071033, deviceId=0, source=0x1002 }
08-05 18:07:34.624 16384 16384 I Input   : injectMotionEvent: MotionEvent { action=ACTION_UP, actionButton=0, id[0]=0, x[0]=733.0, y[0]=645.0, toolType[0]=TOOL_TYPE_UNKNOWN, buttonState=0, metaState=0, flags=0x0, edgeFlags=0x0, pointerCount=1, historySize=0, eventTime=814071033, downTime=814071033, deviceId=0, source=0x1002 }
08-05 18:07:34.625   918  4413 I ActivityManager: START u0 {cmp=baseline.appteam.nith.hillffair/.activities.ClubActivity (has extras)} from uid 10675 on display 0
08-05 18:07:34.631 16384 16384 D AndroidRuntime: Shutting down VM
08-05 18:07:34.667 15940 15953 I art     : Starting a blocking GC Explicit
08-05 18:07:34.688 15940 15953 I art     : Explicit concurrent mark sweep GC freed 4948(314KB) AllocSpace objects, 1(20KB) LOS objects, 23% free, 52MB/68MB, paused 457us total 20.428ms
08-05 18:07:34.697 15940 15953 I art     : Starting a blocking GC Explicit
08-05 18:07:34.714 15940 15953 I art     : Explicit concurrent mark sweep GC freed 301(12KB) AllocSpace objects, 0(0B) LOS objects, 23% free, 52MB/68MB, paused 663us total 16.839ms
08-05 18:07:34.722 15940 15953 I art     : Starting a blocking GC Explicit
08-05 18:07:34.736   918   936 I ActivityManager: Displayed baseline.appteam.nith.hillffair/.activities.ClubActivity: +104ms
08-05 18:07:34.737 13866 13866 I GoogleInputMethodServic: GoogleInputMethodService.onFinishInput():3138 
08-05 18:07:34.737 13866 13866 I GoogleInputMethodServic: GoogleInputMethodService.onStartInput():1808 
08-05 18:07:34.740 15940 15953 I art     : Explicit concurrent mark sweep GC freed 154(5KB) AllocSpace objects, 0(0B) LOS objects, 23% free, 52MB/68MB, paused 541us total 17.462ms
08-05 18:07:34.748 15940 15953 I art     : Starting a blocking GC Explicit
08-05 18:07:34.767 15940 15953 I art     : Explicit concurrent mark sweep GC freed 83(5KB) AllocSpace objects, 0(0B) LOS objects, 23% free, 52MB/68MB, paused 455us total 18.647ms
08-05 18:07:34.776 15940 15953 I art     : Starting a blocking GC Explicit
08-05 18:07:34.792 15940 15953 I art     : Explicit concurrent mark sweep GC freed 9(304B) AllocSpace objects, 0(0B) LOS objects, 23% free, 52MB/68MB, paused 324us total 16.118ms
08-05 18:07:34.994   380   380 W SurfaceFlinger: couldn't log to binary event log: overflow.
08-05 18:07:35.039 15940 15971 I art     : Starting a blocking GC Explicit
08-05 18:07:35.055 15940 15971 I art     : Explicit concurrent mark sweep GC freed 1342(78KB) AllocSpace objects, 1(20KB) LOS objects, 23% free, 52MB/68MB, paused 344us total 16.028ms
08-05 18:07:35.062 15940 15971 I art     : Starting a blocking GC Explicit
08-05 18:07:35.078 15940 15971 I art     : Explicit concurrent mark sweep GC freed 20(704B) AllocSpace objects, 0(0B) LOS objects, 23% free, 52MB/68MB, paused 297us total 15.956ms
08-05 18:07:35.086 15940 15971 I art     : Starting a blocking GC Explicit
08-05 18:07:35.102 15940 15971 I art     : Explicit concurrent mark sweep GC freed 3(96B) AllocSpace objects, 0(0B) LOS objects, 23% free, 52MB/68MB, paused 298us total 15.987ms
08-05 18:07:35.110 15940 15971 I art     : Starting a blocking GC Explicit
08-05 18:07:35.128 15940 15971 I art     : Explicit concurrent mark sweep GC freed 109(6KB) AllocSpace objects, 0(0B) LOS objects, 23% free, 52MB/68MB, paused 469us total 17.863ms
08-05 18:07:35.137 15940 15971 I art     : Starting a blocking GC Explicit
08-05 18:07:35.153 15940 15971 I art     : Explicit concurrent mark sweep GC freed 20(1568B) AllocSpace objects, 0(0B) LOS objects, 23% free, 52MB/68MB, paused 298us total 15.835ms
08-05 18:07:35.441 15940 16420 I art     : Starting a blocking GC Explicit
08-05 18:07:35.460 15940 16420 I art     : Explicit concurrent mark sweep GC freed 2161(140KB) AllocSpace objects, 3(140KB) LOS objects, 23% free, 52MB/68MB, paused 528us total 19.201ms
08-05 18:07:35.469 15940 16420 I art     : Starting a blocking GC Explicit
08-05 18:07:35.481 15940 16419 D OkHttp  : --> GET https://api-hillfair-2k16.herokuapp.com/api/app/events/special/event?id=5806551bdcba0f490c70fd1f http/1.1
08-05 18:07:35.487 15940 16420 I art     : Explicit concurrent mark sweep GC freed 2180(114KB) AllocSpace objects, 1(80KB) LOS objects, 23% free, 52MB/68MB, paused 416us total 17.909ms
08-05 18:07:35.495 15940 16420 I art     : Starting a blocking GC Explicit
08-05 18:07:35.512 15940 16420 I art     : Explicit concurrent mark sweep GC freed 646(76KB) AllocSpace objects, 0(0B) LOS objects, 23% free, 52MB/68MB, paused 428us total 16.851ms
08-05 18:07:35.516 15940 16419 D OkHttp  : <-- 200 OK https://api-hillfair-2k16.herokuapp.com/api/app/events/special/event?id=5806551bdcba0f490c70fd1f (34ms, 795-byte body)
08-05 18:07:35.520 15940 16420 I art     : Starting a blocking GC Explicit
08-05 18:07:35.537 15940 16420 I art     : Explicit concurrent mark sweep GC freed 216(37KB) AllocSpace objects, 0(0B) LOS objects, 23% free, 52MB/68MB, paused 400us total 17.084ms
08-05 18:07:35.545 15940 16420 I art     : Starting a blocking GC Explicit
08-05 18:07:35.562 15940 16420 I art     : Explicit concurrent mark sweep GC freed 104(5KB) AllocSpace objects, 0(0B) LOS objects, 23% free, 52MB/68MB, paused 372us total 17.576ms
08-05 18:07:35.564 15940 15940 I NAPPA_EXPERIMENTATION: MetricNetworkRequestExecutionTime: REQUEST_DURATION_SYSTEM='896',REQUEST_DURATION_OKHTTP='35',REQUEST_SYNCHRONOUS='FALSE',RESPONSE_CODE='200',RESPONSE_METHOD='GET',RESPONSE_LENGTH_OKHTTP='795',RESPONSE_LENGTH_HEADER='795',REQUEST_PROTOCOL='http/1.1',REQUEST_URL='https://api-hillfair-2k16.herokuapp.com/api/app/events/special/event?id=5806551bdcba0f490c70fd1f',
08-05 18:07:35.847 15940 15953 I art     : Starting a blocking GC Explicit
08-05 18:07:35.867 15940 15953 I art     : Explicit concurrent mark sweep GC freed 1906(162KB) AllocSpace objects, 1(20KB) LOS objects, 23% free, 52MB/68MB, paused 360us total 19.920ms
08-05 18:07:35.875 15940 15953 I art     : Starting a blocking GC Explicit
08-05 18:07:35.895 15940 15953 I art     : Explicit concurrent mark sweep GC freed 70(2336B) AllocSpace objects, 0(0B) LOS objects, 23% free, 52MB/68MB, paused 287us total 19.151ms
08-05 18:07:35.904 15940 15953 I art     : Starting a blocking GC Explicit
08-05 18:07:35.922 15940 15953 I art     : Explicit concurrent mark sweep GC freed 3(96B) AllocSpace objects, 0(0B) LOS objects, 23% free, 52MB/68MB, paused 301us total 17.982ms
08-05 18:07:35.930 15940 15953 I art     : Starting a blocking GC Explicit
08-05 18:07:35.949 15940 15953 I art     : Explicit concurrent mark sweep GC freed 3(96B) AllocSpace objects, 0(0B) LOS objects, 23% free, 52MB/68MB, paused 339us total 18.317ms
08-05 18:07:35.957 15940 15953 I art     : Starting a blocking GC Explicit
08-05 18:07:35.975 15940 15953 I art     : Explicit concurrent mark sweep GC freed 3(96B) AllocSpace objects, 0(0B) LOS objects, 23% free, 52MB/68MB, paused 350us total 18ms
08-05 18:07:36.246 15940 15971 I art     : Starting a blocking GC Explicit
08-05 18:07:36.266 15940 15971 I art     : Explicit concurrent mark sweep GC freed 1359(78KB) AllocSpace objects, 1(20KB) LOS objects, 23% free, 52MB/68MB, paused 314us total 19.731ms
08-05 18:07:36.279 15940 15971 I art     : Starting a blocking GC Explicit
08-05 18:07:36.298 15940 15971 I art     : Explicit concurrent mark sweep GC freed 20(704B) AllocSpace objects, 0(0B) LOS objects, 23% free, 52MB/68MB, paused 326us total 19.400ms
08-05 18:07:36.306 15940 15971 I art     : Starting a blocking GC Explicit
08-05 18:07:36.325 15940 15971 I art     : Explicit concurrent mark sweep GC freed 3(96B) AllocSpace objects, 0(0B) LOS objects, 23% free, 52MB/68MB, paused 302us total 18.049ms
08-05 18:07:36.333 15940 15971 I art     : Starting a blocking GC Explicit
08-05 18:07:36.352 15940 15971 I art     : Explicit concurrent mark sweep GC freed 3(96B) AllocSpace objects, 0(0B) LOS objects, 23% free, 52MB/68MB, paused 303us total 18.777ms
08-05 18:07:36.360 15940 15971 I art     : Starting a blocking GC Explicit
08-05 18:07:36.379 15940 15971 I art     : Explicit concurrent mark sweep GC freed 3(96B) AllocSpace objects, 0(0B) LOS objects, 23% free, 52MB/68MB, paused 314us total 18.735ms
08-05 18:07:36.704 15940 15953 I art     : Starting a blocking GC Explicit
08-05 18:07:36.728 15940 15953 I art     : Explicit concurrent mark sweep GC freed 1341(78KB) AllocSpace objects, 1(20KB) LOS objects, 23% free, 52MB/68MB, paused 500us total 23.877ms
08-05 18:07:36.741 15940 15953 I art     : Starting a blocking GC Explicit
08-05 18:07:36.764 15940 15953 I art     : Explicit concurrent mark sweep GC freed 20(704B) AllocSpace objects, 0(0B) LOS objects, 23% free, 52MB/68MB, paused 321us total 22.522ms
08-05 18:07:36.774 15940 15953 I art     : Starting a blocking GC Explicit
08-05 18:07:36.793 15940 15953 I art     : Explicit concurrent mark sweep GC freed 3(96B) AllocSpace objects, 0(0B) LOS objects, 23% free, 52MB/68MB, paused 340us total 18.782ms
08-05 18:07:36.802 15940 15953 I art     : Starting a blocking GC Explicit
08-05 18:07:36.811  5179  5194 D QcrilMsgTunnelSocket: readRilMessage: Buffer = [B@671e81d HexData = [010000000404000011000000514f454d484f4f4bef0308000100000003]
08-05 18:07:36.812  5179  5194 D QcrilMsgTunnelSocket: Rcvd UNSOL response with 28 bytes data for SUB0
08-05 18:07:36.812  5179  5194 D QcrilMsgTunnelSocket: Response ID 525295 is not served in this process.
08-05 18:07:36.812  5179  5194 D QcrilMsgTunnelSocket: To broadcast an Intent via the notifier to external apps
08-05 18:07:36.812  5179  5179 D QcrilMsgTunnelIfaceManager: handleMessage what = 0
08-05 18:07:36.812  5179  5179 D QcrilMsgTunnelIfaceManager: Broadcasting intent ACTION_UNSOL_RESPONSE_OEM_HOOK_RAW
08-05 18:07:36.814  5164  5164 D QC_RIL_OEM_HOOK: Received Broadcast Intent ACTION_UNSOL_RESPONSE_OEM_HOOK_RAW
08-05 18:07:36.814  5164  5164 D QC_RIL_OEM_HOOK: Oem ID in QCRILHOOK UNSOL RESP is QOEMHOOK
08-05 18:07:36.820 15940 15953 I art     : Explicit concurrent mark sweep GC freed 3(96B) AllocSpace objects, 0(0B) LOS objects, 23% free, 52MB/68MB, paused 279us total 17.808ms
08-05 18:07:36.828 15940 15953 I art     : Starting a blocking GC Explicit
08-05 18:07:36.846 15940 15953 I art     : Explicit concurrent mark sweep GC freed 3(96B) AllocSpace objects, 0(0B) LOS objects, 23% free, 52MB/68MB, paused 301us total 18.442ms
08-05 18:07:37.166 15940 16420 I art     : Starting a blocking GC Explicit
08-05 18:07:37.189 15940 16420 I art     : Explicit concurrent mark sweep GC freed 1341(78KB) AllocSpace objects, 1(20KB) LOS objects, 23% free, 52MB/68MB, paused 344us total 23.396ms
08-05 18:07:37.202 15940 16420 I art     : Starting a blocking GC Explicit
08-05 18:07:37.222 15940 16420 I art     : Explicit concurrent mark sweep GC freed 20(704B) AllocSpace objects, 0(0B) LOS objects, 23% free, 52MB/68MB, paused 312us total 19.387ms
08-05 18:07:37.230 15940 16420 I art     : Starting a blocking GC Explicit
08-05 18:07:37.249 15940 16420 I art     : Explicit concurrent mark sweep GC freed 3(96B) AllocSpace objects, 0(0B) LOS objects, 23% free, 52MB/68MB, paused 303us total 18.221ms
08-05 18:07:37.257 15940 16420 I art     : Starting a blocking GC Explicit
08-05 18:07:37.276 15940 16420 I art     : Explicit concurrent mark sweep GC freed 3(96B) AllocSpace objects, 0(0B) LOS objects, 23% free, 52MB/68MB, paused 297us total 18.368ms
08-05 18:07:37.284 15940 16420 I art     : Starting a blocking GC Explicit
08-05 18:07:37.303 15940 16420 I art     : Explicit concurrent mark sweep GC freed 3(96B) AllocSpace objects, 0(0B) LOS objects, 23% free, 52MB/68MB, paused 304us total 18.618ms
08-05 18:07:37.629 15940 15952 I art     : Starting a blocking GC Explicit
08-05 18:07:37.649 15940 15952 I art     : Explicit concurrent mark sweep GC freed 1341(78KB) AllocSpace objects, 1(20KB) LOS objects, 23% free, 52MB/68MB, paused 339us total 19.981ms
08-05 18:07:37.661 15940 15952 I art     : Starting a blocking GC Explicit
08-05 18:07:37.681 15940 15952 I art     : Explicit concurrent mark sweep GC freed 20(704B) AllocSpace objects, 0(0B) LOS objects, 23% free, 52MB/68MB, paused 317us total 19.808ms
08-05 18:07:37.689 15940 15952 I art     : Starting a blocking GC Explicit
08-05 18:07:37.708 15940 15952 I art     : Explicit concurrent mark sweep GC freed 3(96B) AllocSpace objects, 0(0B) LOS objects, 23% free, 52MB/68MB, paused 307us total 18.730ms
08-05 18:07:37.717 15940 15952 I art     : Starting a blocking GC Explicit
08-05 18:07:37.736 15940 15952 I art     : Explicit concurrent mark sweep GC freed 3(96B) AllocSpace objects, 0(0B) LOS objects, 23% free, 52MB/68MB, paused 295us total 18.789ms
08-05 18:07:37.744 15940 15952 I art     : Starting a blocking GC Explicit
08-05 18:07:37.763 15940 15952 I art     : Explicit concurrent mark sweep GC freed 3(96B) AllocSpace objects, 0(0B) LOS objects, 23% free, 52MB/68MB, paused 305us total 18.770ms
08-05 18:07:38.068 15940 15971 I art     : Starting a blocking GC Explicit
08-05 18:07:38.092 15940 15971 I art     : Explicit concurrent mark sweep GC freed 1341(78KB) AllocSpace objects, 1(20KB) LOS objects, 23% free, 52MB/68MB, paused 334us total 23.614ms
08-05 18:07:38.104 15940 15971 I art     : Starting a blocking GC Explicit
08-05 18:07:38.127 15940 15971 I art     : Explicit concurrent mark sweep GC freed 20(704B) AllocSpace objects, 0(0B) LOS objects, 23% free, 52MB/68MB, paused 355us total 22.726ms
08-05 18:07:38.138 15940 15971 I art     : Starting a blocking GC Explicit
08-05 18:07:38.157 15940 15971 I art     : Explicit concurrent mark sweep GC freed 3(96B) AllocSpace objects, 0(0B) LOS objects, 23% free, 52MB/68MB, paused 341us total 18.914ms
08-05 18:07:38.166 15940 15971 I art     : Starting a blocking GC Explicit
08-05 18:07:38.185 15940 15971 I art     : Explicit concurrent mark sweep GC freed 3(96B) AllocSpace objects, 0(0B) LOS objects, 23% free, 52MB/68MB, paused 293us total 18.986ms
08-05 18:07:38.193 15940 15971 I art     : Starting a blocking GC Explicit
08-05 18:07:38.212 15940 15971 I art     : Explicit concurrent mark sweep GC freed 3(96B) AllocSpace objects, 0(0B) LOS objects, 23% free, 52MB/68MB, paused 311us total 18.884ms
08-05 18:07:38.548 15940 15953 I art     : Starting a blocking GC Explicit
08-05 18:07:38.576 15940 15953 I art     : Explicit concurrent mark sweep GC freed 1341(78KB) AllocSpace objects, 1(20KB) LOS objects, 23% free, 52MB/68MB, paused 327us total 27.861ms
08-05 18:07:38.588 15940 15953 I art     : Starting a blocking GC Explicit
08-05 18:07:38.607 15940 15953 I art     : Explicit concurrent mark sweep GC freed 20(704B) AllocSpace objects, 0(0B) LOS objects, 23% free, 52MB/68MB, paused 336us total 18.712ms
08-05 18:07:38.615 15940 15953 I art     : Starting a blocking GC Explicit
08-05 18:07:38.634 15940 15953 I art     : Explicit concurrent mark sweep GC freed 3(96B) AllocSpace objects, 0(0B) LOS objects, 23% free, 52MB/68MB, paused 307us total 18.482ms
08-05 18:07:38.642 15940 15953 I art     : Starting a blocking GC Explicit
08-05 18:07:38.661 15940 15953 I art     : Explicit concurrent mark sweep GC freed 3(96B) AllocSpace objects, 0(0B) LOS objects, 23% free, 52MB/68MB, paused 309us total 18.592ms
08-05 18:07:38.669 15940 15953 I art     : Starting a blocking GC Explicit
08-05 18:07:38.688 15940 15953 I art     : Explicit concurrent mark sweep GC freed 3(96B) AllocSpace objects, 0(0B) LOS objects, 23% free, 52MB/68MB, paused 305us total 18.758ms
08-05 18:07:38.994 15940 16420 I art     : Starting a blocking GC Explicit
08-05 18:07:39.016 15940 16420 I art     : Explicit concurrent mark sweep GC freed 1341(78KB) AllocSpace objects, 1(20KB) LOS objects, 23% free, 52MB/68MB, paused 336us total 21.425ms
08-05 18:07:39.028 15940 16420 I art     : Starting a blocking GC Explicit
08-05 18:07:39.047 15940 16420 I art     : Explicit concurrent mark sweep GC freed 20(704B) AllocSpace objects, 0(0B) LOS objects, 23% free, 52MB/68MB, paused 334us total 19.145ms
08-05 18:07:39.056 15940 16420 I art     : Starting a blocking GC Explicit
08-05 18:07:39.075 15940 16420 I art     : Explicit concurrent mark sweep GC freed 3(96B) AllocSpace objects, 0(0B) LOS objects, 23% free, 52MB/68MB, paused 309us total 18.892ms
08-05 18:07:39.083 15940 16420 I art     : Starting a blocking GC Explicit
08-05 18:07:39.103 15940 16420 I art     : Explicit concurrent mark sweep GC freed 3(96B) AllocSpace objects, 0(0B) LOS objects, 23% free, 52MB/68MB, paused 304us total 19.346ms
08-05 18:07:39.111 15940 16420 I art     : Starting a blocking GC Explicit
08-05 18:07:39.131 15940 16420 I art     : Explicit concurrent mark sweep GC freed 3(96B) AllocSpace objects, 0(0B) LOS objects, 23% free, 52MB/68MB, paused 306us total 19.046ms
08-05 18:07:39.461 15940 15952 I art     : Starting a blocking GC Explicit
08-05 18:07:39.490 15940 15952 I art     : Explicit concurrent mark sweep GC freed 1341(78KB) AllocSpace objects, 1(20KB) LOS objects, 23% free, 52MB/68MB, paused 432us total 27.844ms
08-05 18:07:39.502 15940 15952 I art     : Starting a blocking GC Explicit
08-05 18:07:39.525 15940 15952 I art     : Explicit concurrent mark sweep GC freed 20(704B) AllocSpace objects, 0(0B) LOS objects, 23% free, 52MB/68MB, paused 336us total 22.784ms
08-05 18:07:39.535 15940 15952 I art     : Starting a blocking GC Explicit
08-05 18:07:39.555 15940 15952 I art     : Explicit concurrent mark sweep GC freed 3(96B) AllocSpace objects, 0(0B) LOS objects, 23% free, 52MB/68MB, paused 320us total 19.086ms
08-05 18:07:39.563 15940 15952 I art     : Starting a blocking GC Explicit
08-05 18:07:39.582 15940 15952 I art     : Explicit concurrent mark sweep GC freed 3(96B) AllocSpace objects, 0(0B) LOS objects, 23% free, 52MB/68MB, paused 306us total 18.918ms
08-05 18:07:39.591 15940 15952 I art     : Starting a blocking GC Explicit
08-05 18:07:39.610 15940 15952 I art     : Explicit concurrent mark sweep GC freed 3(96B) AllocSpace objects, 0(0B) LOS objects, 23% free, 52MB/68MB, paused 309us total 18.700ms
08-05 18:07:39.927 15940 15971 I art     : Starting a blocking GC Explicit
08-05 18:07:39.952 15940 15971 I art     : Explicit concurrent mark sweep GC freed 1536(90KB) AllocSpace objects, 1(20KB) LOS objects, 23% free, 52MB/68MB, paused 398us total 24.231ms
08-05 18:07:39.965 15940 15971 I art     : Starting a blocking GC Explicit
08-05 18:07:39.988 15940 15971 I art     : Explicit concurrent mark sweep GC freed 103(5KB) AllocSpace objects, 0(0B) LOS objects, 23% free, 52MB/68MB, paused 413us total 22.915ms
08-05 18:07:39.999 15940 15971 I art     : Starting a blocking GC Explicit
08-05 18:07:40.019 15940 15971 I art     : Explicit concurrent mark sweep GC freed 22(832B) AllocSpace objects, 0(0B) LOS objects, 23% free, 52MB/68MB, paused 359us total 19.444ms
08-05 18:07:40.027 15940 15971 I art     : Starting a blocking GC Explicit
08-05 18:07:40.047 15940 15971 I art     : Explicit concurrent mark sweep GC freed 705(28KB) AllocSpace objects, 0(0B) LOS objects, 23% free, 52MB/68MB, paused 406us total 18.984ms
08-05 18:07:40.055 15940 15971 I art     : Starting a blocking GC Explicit
08-05 18:07:40.074 15940 15971 I art     : Explicit concurrent mark sweep GC freed 1221(47KB) AllocSpace objects, 0(0B) LOS objects, 23% free, 52MB/68MB, paused 358us total 18.774ms
08-05 18:07:40.099 15940 16589 W OneSignal: OneSignalRestClient: POST Error thrown from network stack. 
08-05 18:07:40.099 15940 16589 W OneSignal: java.io.IOException: unexpected end of stream on Connection{api.onesignal.com:443, proxy=HTTP@192.168.2.12:8080 hostAddress=192.168.2.12 cipherSuite=TLS_ECDHE_RSA_WITH_AES_128_GCM_SHA256 protocol=http/1.1} (recycle count=0)
08-05 18:07:40.099 15940 16589 W OneSignal: 	at com.android.okhttp.internal.http.HttpConnection.readResponse(HttpConnection.java:210)
08-05 18:07:40.099 15940 16589 W OneSignal: 	at com.android.okhttp.internal.http.HttpTransport.readResponseHeaders(HttpTransport.java:80)
08-05 18:07:40.099 15940 16589 W OneSignal: 	at com.android.okhttp.internal.http.HttpEngine.readNetworkResponse(HttpEngine.java:904)
08-05 18:07:40.099 15940 16589 W OneSignal: 	at com.android.okhttp.internal.http.HttpEngine.readResponse(HttpEngine.java:788)
08-05 18:07:40.099 15940 16589 W OneSignal: 	at com.android.okhttp.internal.huc.HttpURLConnectionImpl.execute(HttpURLConnectionImpl.java:439)
08-05 18:07:40.099 15940 16589 W OneSignal: 	at com.android.okhttp.internal.huc.HttpURLConnectionImpl.getResponse(HttpURLConnectionImpl.java:384)
08-05 18:07:40.099 15940 16589 W OneSignal: 	at com.android.okhttp.internal.huc.HttpURLConnectionImpl.getResponseCode(HttpURLConnectionImpl.java:497)
08-05 18:07:40.099 15940 16589 W OneSignal: 	at com.android.okhttp.internal.huc.DelegatingHttpsURLConnection.getResponseCode(DelegatingHttpsURLConnection.java:105)
08-05 18:07:40.099 15940 16589 W OneSignal: 	at com.android.okhttp.internal.huc.HttpsURLConnectionImpl.getResponseCode(HttpsURLConnectionImpl.java)
08-05 18:07:40.099 15940 16589 W OneSignal: 	at com.onesignal.OneSignalRestClient.startHTTPConnection(OneSignalRestClient.java:180)
08-05 18:07:40.099 15940 16589 W OneSignal: 	at com.onesignal.OneSignalRestClient.access$100(OneSignalRestClient.java:44)
08-05 18:07:40.099 15940 16589 W OneSignal: 	at com.onesignal.OneSignalRestClient$4.run(OneSignalRestClient.java:110)
08-05 18:07:40.099 15940 16589 W OneSignal: 	at java.lang.Thread.run(Thread.java:818)
08-05 18:07:40.099 15940 16589 W OneSignal: Caused by: java.io.EOFException: \n not found: size=0 content=...
08-05 18:07:40.099 15940 16589 W OneSignal: 	at com.android.okhttp.okio.RealBufferedSource.readUtf8LineStrict(RealBufferedSource.java:200)
08-05 18:07:40.099 15940 16589 W OneSignal: 	at com.android.okhttp.internal.http.HttpConnection.readResponse(HttpConnection.java:191)
08-05 18:07:40.099 15940 16589 W OneSignal: 	... 12 more
08-05 18:07:40.100 15940 16592 W OneSignal: Failed last request. statusCode: -1
08-05 18:07:40.100 15940 16592 W OneSignal: response: null
08-05 18:07:40.398 15940 15953 I art     : Starting a blocking GC Explicit
08-05 18:07:40.426 15940 15953 I art     : Explicit concurrent mark sweep GC freed 1741(150KB) AllocSpace objects, 1(20KB) LOS objects, 23% free, 52MB/68MB, paused 351us total 27.877ms
08-05 18:07:40.438 15940 15953 I art     : Starting a blocking GC Explicit
08-05 18:07:40.459 15940 15953 I art     : Explicit concurrent mark sweep GC freed 24(896B) AllocSpace objects, 0(0B) LOS objects, 23% free, 52MB/68MB, paused 323us total 21.225ms
08-05 18:07:40.468 15940 15953 I art     : Starting a blocking GC Explicit
08-05 18:07:40.487 15940 15953 I art     : Explicit concurrent mark sweep GC freed 3(96B) AllocSpace objects, 0(0B) LOS objects, 23% free, 52MB/68MB, paused 389us total 18.868ms
08-05 18:07:40.495 15940 15953 I art     : Starting a blocking GC Explicit
08-05 18:07:40.514 15940 15953 I art     : Explicit concurrent mark sweep GC freed 3(96B) AllocSpace objects, 0(0B) LOS objects, 23% free, 52MB/68MB, paused 358us total 18.404ms
08-05 18:07:40.522 15940 15953 I art     : Starting a blocking GC Explicit
08-05 18:07:40.541 15940 15953 I art     : Explicit concurrent mark sweep GC freed 3(96B) AllocSpace objects, 0(0B) LOS objects, 23% free, 52MB/68MB, paused 311us total 18.678ms
08-05 18:07:40.858 15940 16420 I art     : Starting a blocking GC Explicit
08-05 18:07:40.882 15940 16420 I art     : Explicit concurrent mark sweep GC freed 1341(78KB) AllocSpace objects, 1(20KB) LOS objects, 23% free, 52MB/68MB, paused 331us total 23.937ms
08-05 18:07:40.883 15940 15951 I art     : WaitForGcToComplete blocked for 15.108ms for cause HeapTrim
08-05 18:07:40.893 15940 16420 I art     : Starting a blocking GC Explicit
08-05 18:07:40.912 15940 16420 I art     : Explicit concurrent mark sweep GC freed 20(704B) AllocSpace objects, 0(0B) LOS objects, 23% free, 52MB/68MB, paused 325us total 19.037ms
08-05 18:07:40.921 15940 16420 I art     : Starting a blocking GC Explicit
08-05 18:07:40.940 15940 16420 I art     : Explicit concurrent mark sweep GC freed 3(96B) AllocSpace objects, 0(0B) LOS objects, 23% free, 52MB/68MB, paused 321us total 18.610ms
08-05 18:07:40.948 15940 16420 I art     : Starting a blocking GC Explicit
08-05 18:07:40.967 15940 16420 I art     : Explicit concurrent mark sweep GC freed 3(96B) AllocSpace objects, 0(0B) LOS objects, 23% free, 52MB/68MB, paused 307us total 18.498ms
08-05 18:07:40.975 15940 16420 I art     : Starting a blocking GC Explicit
08-05 18:07:40.994 15940 16420 I art     : Explicit concurrent mark sweep GC freed 3(96B) AllocSpace objects, 0(0B) LOS objects, 23% free, 52MB/68MB, paused 315us total 19.044ms
08-05 18:07:41.317 15940 15952 I art     : Starting a blocking GC Explicit
08-05 18:07:41.345 15940 15952 I art     : Explicit concurrent mark sweep GC freed 1341(78KB) AllocSpace objects, 1(20KB) LOS objects, 23% free, 52MB/68MB, paused 349us total 26.803ms
08-05 18:07:41.356 15940 15952 I art     : Starting a blocking GC Explicit
08-05 18:07:41.378 15940 15952 I art     : Explicit concurrent mark sweep GC freed 20(704B) AllocSpace objects, 0(0B) LOS objects, 23% free, 52MB/68MB, paused 344us total 21.208ms
08-05 18:07:41.386 15940 15952 I art     : Starting a blocking GC Explicit
08-05 18:07:41.406 15940 15952 I art     : Explicit concurrent mark sweep GC freed 3(96B) AllocSpace objects, 0(0B) LOS objects, 23% free, 52MB/68MB, paused 312us total 19.183ms
08-05 18:07:41.414 15940 15952 I art     : Starting a blocking GC Explicit
08-05 18:07:41.433 15940 15952 I art     : Explicit concurrent mark sweep GC freed 3(96B) AllocSpace objects, 0(0B) LOS objects, 23% free, 52MB/68MB, paused 308us total 19.089ms
08-05 18:07:41.442 15940 15952 I art     : Starting a blocking GC Explicit
08-05 18:07:41.461 15940 15952 I art     : Explicit concurrent mark sweep GC freed 3(96B) AllocSpace objects, 0(0B) LOS objects, 23% free, 52MB/68MB, paused 306us total 18.846ms
08-05 18:07:41.768 15940 15971 I art     : Starting a blocking GC Explicit
08-05 18:07:41.791 15940 15971 I art     : Explicit concurrent mark sweep GC freed 1341(78KB) AllocSpace objects, 1(20KB) LOS objects, 23% free, 52MB/68MB, paused 342us total 23.327ms
08-05 18:07:41.803 15940 15971 I art     : Starting a blocking GC Explicit
08-05 18:07:41.822 15940 15971 I art     : Explicit concurrent mark sweep GC freed 20(704B) AllocSpace objects, 0(0B) LOS objects, 23% free, 52MB/68MB, paused 315us total 19.023ms
08-05 18:07:41.831 15940 15971 I art     : Starting a blocking GC Explicit
08-05 18:07:41.850 15940 15971 I art     : Explicit concurrent mark sweep GC freed 3(96B) AllocSpace objects, 0(0B) LOS objects, 23% free, 52MB/68MB, paused 319us total 18.603ms
08-05 18:07:41.858 15940 15971 I art     : Starting a blocking GC Explicit
08-05 18:07:41.878 15940 15971 I art     : Explicit concurrent mark sweep GC freed 3(96B) AllocSpace objects, 0(0B) LOS objects, 23% free, 52MB/68MB, paused 320us total 19.229ms
08-05 18:07:41.886 15940 15971 I art     : Starting a blocking GC Explicit
08-05 18:07:41.905 15940 15971 I art     : Explicit concurrent mark sweep GC freed 3(96B) AllocSpace objects, 0(0B) LOS objects, 23% free, 52MB/68MB, paused 320us total 18.694ms
08-05 18:07:42.216 15940 15953 I art     : Starting a blocking GC Explicit
08-05 18:07:42.241 15940 15953 I art     : Explicit concurrent mark sweep GC freed 1341(78KB) AllocSpace objects, 1(20KB) LOS objects, 23% free, 52MB/68MB, paused 339us total 23.843ms
08-05 18:07:42.251 15940 15953 I art     : Starting a blocking GC Explicit
08-05 18:07:42.270 15940 15953 I art     : Explicit concurrent mark sweep GC freed 20(704B) AllocSpace objects, 0(0B) LOS objects, 23% free, 52MB/68MB, paused 304us total 19.028ms
08-05 18:07:42.279 15940 15953 I art     : Starting a blocking GC Explicit
08-05 18:07:42.298 15940 15953 I art     : Explicit concurrent mark sweep GC freed 3(96B) AllocSpace objects, 0(0B) LOS objects, 23% free, 52MB/68MB, paused 318us total 18.870ms
08-05 18:07:42.306 15940 15953 I art     : Starting a blocking GC Explicit
08-05 18:07:42.325 15940 15953 I art     : Explicit concurrent mark sweep GC freed 3(96B) AllocSpace objects, 0(0B) LOS objects, 23% free, 52MB/68MB, paused 313us total 18.323ms
08-05 18:07:42.333 15940 15953 I art     : Starting a blocking GC Explicit
08-05 18:07:42.353 15940 15953 I art     : Explicit concurrent mark sweep GC freed 3(96B) AllocSpace objects, 0(0B) LOS objects, 23% free, 52MB/68MB, paused 314us total 19.170ms
08-05 18:07:42.655 15940 16420 I art     : Starting a blocking GC Explicit
08-05 18:07:42.675 15940 16420 I art     : Explicit concurrent mark sweep GC freed 1341(78KB) AllocSpace objects, 1(20KB) LOS objects, 23% free, 52MB/68MB, paused 368us total 19.638ms
08-05 18:07:42.683 15940 16420 I art     : Starting a blocking GC Explicit
08-05 18:07:42.703 15940 16420 I art     : Explicit concurrent mark sweep GC freed 20(704B) AllocSpace objects, 0(0B) LOS objects, 23% free, 52MB/68MB, paused 320us total 19.310ms
08-05 18:07:42.711 15940 16420 I art     : Starting a blocking GC Explicit
08-05 18:07:42.730 15940 16420 I art     : Explicit concurrent mark sweep GC freed 3(96B) AllocSpace objects, 0(0B) LOS objects, 23% free, 52MB/68MB, paused 306us total 18.248ms
08-05 18:07:42.738 15940 16420 I art     : Starting a blocking GC Explicit
08-05 18:07:42.756 12013 12013 I ServiceManager: Waiting for service AtCmdFwd...
08-05 18:07:42.756 15940 16420 I art     : Explicit concurrent mark sweep GC freed 3(96B) AllocSpace objects, 0(0B) LOS objects, 23% free, 52MB/68MB, paused 299us total 18.244ms
08-05 18:07:42.765 15940 16420 I art     : Starting a blocking GC Explicit
08-05 18:07:42.784 15940 16420 I art     : Explicit concurrent mark sweep GC freed 3(96B) AllocSpace objects, 0(0B) LOS objects, 23% free, 52MB/68MB, paused 312us total 19.028ms
08-05 18:07:43.088 15940 15952 I art     : Starting a blocking GC Explicit
08-05 18:07:43.112 15940 15952 I art     : Explicit concurrent mark sweep GC freed 1341(78KB) AllocSpace objects, 1(20KB) LOS objects, 23% free, 52MB/68MB, paused 347us total 23.764ms
08-05 18:07:43.123 15940 15952 I art     : Starting a blocking GC Explicit
08-05 18:07:43.142 15940 15952 I art     : Explicit concurrent mark sweep GC freed 20(704B) AllocSpace objects, 0(0B) LOS objects, 23% free, 52MB/68MB, paused 318us total 19.181ms
08-05 18:07:43.151 15940 15952 I art     : Starting a blocking GC Explicit
08-05 18:07:43.170 15940 15952 I art     : Explicit concurrent mark sweep GC freed 3(96B) AllocSpace objects, 0(0B) LOS objects, 23% free, 52MB/68MB, paused 312us total 18.911ms
08-05 18:07:43.178 15940 15952 I art     : Starting a blocking GC Explicit
08-05 18:07:43.197 15940 15952 I art     : Explicit concurrent mark sweep GC freed 3(96B) AllocSpace objects, 0(0B) LOS objects, 23% free, 52MB/68MB, paused 318us total 18.794ms
08-05 18:07:43.206 15940 15952 I art     : Starting a blocking GC Explicit
08-05 18:07:43.225 15940 15952 I art     : Explicit concurrent mark sweep GC freed 3(96B) AllocSpace objects, 0(0B) LOS objects, 23% free, 52MB/68MB, paused 318us total 19.350ms
08-05 18:07:43.544 15940 15971 I art     : Starting a blocking GC Explicit
08-05 18:07:43.568 15940 15971 I art     : Explicit concurrent mark sweep GC freed 1341(78KB) AllocSpace objects, 1(20KB) LOS objects, 23% free, 52MB/68MB, paused 378us total 23.468ms
08-05 18:07:43.582 15940 15971 I art     : Starting a blocking GC Explicit
08-05 18:07:43.601 15940 15971 I art     : Explicit concurrent mark sweep GC freed 20(704B) AllocSpace objects, 0(0B) LOS objects, 23% free, 52MB/68MB, paused 309us total 19.043ms
08-05 18:07:43.609 15940 15971 I art     : Starting a blocking GC Explicit
08-05 18:07:43.628 15940 15971 I art     : Explicit concurrent mark sweep GC freed 3(96B) AllocSpace objects, 0(0B) LOS objects, 23% free, 52MB/68MB, paused 323us total 18.572ms
08-05 18:07:43.637 15940 15971 I art     : Starting a blocking GC Explicit
08-05 18:07:43.656 15940 15971 I art     : Explicit concurrent mark sweep GC freed 3(96B) AllocSpace objects, 0(0B) LOS objects, 23% free, 52MB/68MB, paused 307us total 18.636ms
08-05 18:07:43.664 15940 15971 I art     : Starting a blocking GC Explicit
08-05 18:07:43.683 15940 15971 I art     : Explicit concurrent mark sweep GC freed 3(96B) AllocSpace objects, 0(0B) LOS objects, 23% free, 52MB/68MB, paused 322us total 18.640ms
08-05 18:07:43.757 12013 12013 I ServiceManager: Waiting for service AtCmdFwd...
08-05 18:07:44.023 15940 15953 I art     : Starting a blocking GC Explicit
08-05 18:07:44.050 15940 15953 I art     : Explicit concurrent mark sweep GC freed 1341(78KB) AllocSpace objects, 1(20KB) LOS objects, 23% free, 52MB/68MB, paused 343us total 26.935ms
08-05 18:07:44.061 15940 15953 I art     : Starting a blocking GC Explicit
08-05 18:07:44.081 15940 15953 I art     : Explicit concurrent mark sweep GC freed 20(704B) AllocSpace objects, 0(0B) LOS objects, 23% free, 52MB/68MB, paused 385us total 19.683ms
08-05 18:07:44.090 15940 15953 I art     : Starting a blocking GC Explicit
08-05 18:07:44.109 15940 15953 I art     : Explicit concurrent mark sweep GC freed 3(96B) AllocSpace objects, 0(0B) LOS objects, 23% free, 52MB/68MB, paused 315us total 18.576ms
08-05 18:07:44.118 15940 15953 I art     : Starting a blocking GC Explicit
08-05 18:07:44.137 15940 15953 I art     : Explicit concurrent mark sweep GC freed 3(96B) AllocSpace objects, 0(0B) LOS objects, 23% free, 52MB/68MB, paused 313us total 18.285ms
08-05 18:07:44.145 15940 15953 I art     : Starting a blocking GC Explicit
08-05 18:07:44.163 15940 15953 I art     : Explicit concurrent mark sweep GC freed 3(96B) AllocSpace objects, 0(0B) LOS objects, 23% free, 52MB/68MB, paused 319us total 18.482ms
08-05 18:07:44.466 15940 16420 I art     : Starting a blocking GC Explicit
08-05 18:07:44.490 15940 16420 I art     : Explicit concurrent mark sweep GC freed 1341(78KB) AllocSpace objects, 1(20KB) LOS objects, 23% free, 52MB/68MB, paused 343us total 23.696ms
08-05 18:07:44.499 15940 16420 I art     : Starting a blocking GC Explicit
08-05 18:07:44.519 15940 16420 I art     : Explicit concurrent mark sweep GC freed 20(704B) AllocSpace objects, 0(0B) LOS objects, 23% free, 52MB/68MB, paused 309us total 19.151ms
08-05 18:07:44.527 15940 16420 I art     : Starting a blocking GC Explicit
08-05 18:07:44.546 15940 16420 I art     : Explicit concurrent mark sweep GC freed 3(96B) AllocSpace objects, 0(0B) LOS objects, 23% free, 52MB/68MB, paused 338us total 18.381ms
08-05 18:07:44.554 15940 16420 I art     : Starting a blocking GC Explicit
08-05 18:07:44.573 15940 16420 I art     : Explicit concurrent mark sweep GC freed 3(96B) AllocSpace objects, 0(0B) LOS objects, 23% free, 52MB/68MB, paused 306us total 18.920ms
08-05 18:07:44.582 15940 16420 I art     : Starting a blocking GC Explicit
08-05 18:07:44.601 15940 16420 I art     : Explicit concurrent mark sweep GC freed 3(96B) AllocSpace objects, 0(0B) LOS objects, 23% free, 52MB/68MB, paused 310us total 19.188ms
08-05 18:07:44.757 12013 12013 I ServiceManager: Waiting for service AtCmdFwd...
08-05 18:07:44.876 15940 15952 I art     : Starting a blocking GC Explicit
08-05 18:07:44.901 15940 15952 I art     : Explicit concurrent mark sweep GC freed 1341(78KB) AllocSpace objects, 1(20KB) LOS objects, 23% free, 52MB/68MB, paused 370us total 23.984ms
08-05 18:07:44.914 15940 15952 I art     : Starting a blocking GC Explicit
08-05 18:07:44.933 15940 15952 I art     : Explicit concurrent mark sweep GC freed 20(704B) AllocSpace objects, 0(0B) LOS objects, 23% free, 52MB/68MB, paused 317us total 19.435ms
08-05 18:07:44.942 15940 15952 I art     : Starting a blocking GC Explicit
08-05 18:07:44.961 15940 15952 I art     : Explicit concurrent mark sweep GC freed 3(96B) AllocSpace objects, 0(0B) LOS objects, 23% free, 52MB/68MB, paused 304us total 18.855ms
08-05 18:07:44.969 15940 15952 I art     : Starting a blocking GC Explicit
08-05 18:07:44.989 15940 15952 I art     : Explicit concurrent mark sweep GC freed 3(96B) AllocSpace objects, 0(0B) LOS objects, 23% free, 52MB/68MB, paused 350us total 19.037ms
08-05 18:07:44.997 15940 15952 I art     : Starting a blocking GC Explicit
08-05 18:07:45.017 15940 15952 I art     : Explicit concurrent mark sweep GC freed 3(96B) AllocSpace objects, 0(0B) LOS objects, 23% free, 52MB/68MB, paused 349us total 19.045ms
08-05 18:07:45.325 15940 15971 I art     : Starting a blocking GC Explicit
08-05 18:07:45.349 15940 15971 I art     : Explicit concurrent mark sweep GC freed 1341(78KB) AllocSpace objects, 1(20KB) LOS objects, 23% free, 52MB/68MB, paused 342us total 23.525ms
08-05 18:07:45.361 15940 15971 I art     : Starting a blocking GC Explicit
08-05 18:07:45.384 15940 15971 I art     : Explicit concurrent mark sweep GC freed 20(704B) AllocSpace objects, 0(0B) LOS objects, 23% free, 52MB/68MB, paused 355us total 22.477ms
08-05 18:07:45.394 15940 15971 I art     : Starting a blocking GC Explicit
08-05 18:07:45.414 15940 15971 I art     : Explicit concurrent mark sweep GC freed 3(96B) AllocSpace objects, 0(0B) LOS objects, 23% free, 52MB/68MB, paused 352us total 19.120ms
08-05 18:07:45.422 15940 15971 I art     : Starting a blocking GC Explicit
08-05 18:07:45.441 15940 15971 I art     : Explicit concurrent mark sweep GC freed 3(96B) AllocSpace objects, 0(0B) LOS objects, 23% free, 52MB/68MB, paused 305us total 19.182ms
08-05 18:07:45.450 15940 15971 I art     : Starting a blocking GC Explicit
08-05 18:07:45.469 15940 15971 I art     : Explicit concurrent mark sweep GC freed 3(96B) AllocSpace objects, 0(0B) LOS objects, 23% free, 52MB/68MB, paused 316us total 18.966ms
08-05 18:07:45.758 12013 12013 I ServiceManager: Waiting for service AtCmdFwd...
08-05 18:07:45.777 15940 15953 I art     : Starting a blocking GC Explicit
08-05 18:07:45.802 15940 15953 I art     : Explicit concurrent mark sweep GC freed 1341(78KB) AllocSpace objects, 1(20KB) LOS objects, 23% free, 52MB/68MB, paused 348us total 23.844ms
08-05 18:07:45.813 15940 15953 I art     : Starting a blocking GC Explicit
08-05 18:07:45.836 15940 15953 I art     : Explicit concurrent mark sweep GC freed 20(704B) AllocSpace objects, 0(0B) LOS objects, 23% free, 52MB/68MB, paused 332us total 22.429ms
08-05 18:07:45.848 15940 15953 I art     : Starting a blocking GC Explicit
08-05 18:07:45.868 15940 15953 I art     : Explicit concurrent mark sweep GC freed 3(96B) AllocSpace objects, 0(0B) LOS objects, 23% free, 52MB/68MB, paused 324us total 18.945ms
08-05 18:07:45.876 15940 15953 I art     : Starting a blocking GC Explicit
08-05 18:07:45.895 15940 15953 I art     : Explicit concurrent mark sweep GC freed 3(96B) AllocSpace objects, 0(0B) LOS objects, 23% free, 52MB/68MB, paused 335us total 18.852ms
08-05 18:07:45.904 15940 15953 I art     : Starting a blocking GC Explicit
08-05 18:07:45.923 15940 15953 I art     : Explicit concurrent mark sweep GC freed 3(96B) AllocSpace objects, 0(0B) LOS objects, 23% free, 52MB/68MB, paused 314us total 18.889ms
08-05 18:07:45.923 15940 15951 I art     : WaitForGcToComplete blocked for 10.893ms for cause HeapTrim
08-05 18:07:46.241 15940 16420 I art     : Starting a blocking GC Explicit
08-05 18:07:46.265 15940 16420 I art     : Explicit concurrent mark sweep GC freed 1341(78KB) AllocSpace objects, 1(20KB) LOS objects, 23% free, 52MB/68MB, paused 333us total 23.585ms
08-05 18:07:46.277 15940 16420 I art     : Starting a blocking GC Explicit
08-05 18:07:46.298 15940 16420 I art     : Explicit concurrent mark sweep GC freed 20(704B) AllocSpace objects, 0(0B) LOS objects, 23% free, 52MB/68MB, paused 329us total 21.395ms
08-05 18:07:46.307 15940 16420 I art     : Starting a blocking GC Explicit
08-05 18:07:46.326 15940 16420 I art     : Explicit concurrent mark sweep GC freed 3(96B) AllocSpace objects, 0(0B) LOS objects, 23% free, 52MB/68MB, paused 318us total 19.010ms
08-05 18:07:46.335 15940 16420 I art     : Starting a blocking GC Explicit
08-05 18:07:46.353 15940 16420 I art     : Explicit concurrent mark sweep GC freed 3(96B) AllocSpace objects, 0(0B) LOS objects, 23% free, 52MB/68MB, paused 296us total 18.271ms
08-05 18:07:46.362 15940 16420 I art     : Starting a blocking GC Explicit
08-05 18:07:46.380 15940 16420 I art     : Explicit concurrent mark sweep GC freed 3(96B) AllocSpace objects, 0(0B) LOS objects, 23% free, 52MB/68MB, paused 317us total 18.503ms
08-05 18:07:46.714 15940 15952 I art     : Starting a blocking GC Explicit
08-05 18:07:46.740 15940 15952 I art     : Explicit concurrent mark sweep GC freed 1341(78KB) AllocSpace objects, 1(20KB) LOS objects, 23% free, 52MB/68MB, paused 371us total 25.671ms
08-05 18:07:46.753 15940 15952 I art     : Starting a blocking GC Explicit
08-05 18:07:46.759 12013 12013 I ServiceManager: Waiting for service AtCmdFwd...
08-05 18:07:46.773 15940 15952 I art     : Explicit concurrent mark sweep GC freed 20(704B) AllocSpace objects, 0(0B) LOS objects, 23% free, 52MB/68MB, paused 319us total 18.896ms
08-05 18:07:46.781 15940 15952 I art     : Starting a blocking GC Explicit
08-05 18:07:46.800 15940 15952 I art     : Explicit concurrent mark sweep GC freed 3(96B) AllocSpace objects, 0(0B) LOS objects, 23% free, 52MB/68MB, paused 321us total 18.883ms
08-05 18:07:46.809 15940 15952 I art     : Starting a blocking GC Explicit
08-05 18:07:46.828 15940 15952 I art     : Explicit concurrent mark sweep GC freed 3(96B) AllocSpace objects, 0(0B) LOS objects, 23% free, 52MB/68MB, paused 309us total 18.773ms
08-05 18:07:46.836 15940 15952 I art     : Starting a blocking GC Explicit
08-05 18:07:46.855 15940 15952 I art     : Explicit concurrent mark sweep GC freed 3(96B) AllocSpace objects, 0(0B) LOS objects, 23% free, 52MB/68MB, paused 306us total 18.682ms
08-05 18:07:47.112 15940 15971 I art     : Starting a blocking GC Explicit
08-05 18:07:47.131 15940 15971 I art     : Explicit concurrent mark sweep GC freed 1341(78KB) AllocSpace objects, 1(20KB) LOS objects, 23% free, 52MB/68MB, paused 326us total 18.613ms
08-05 18:07:47.140 15940 15971 I art     : Starting a blocking GC Explicit
08-05 18:07:47.157 15940 15971 I art     : Explicit concurrent mark sweep GC freed 20(704B) AllocSpace objects, 0(0B) LOS objects, 23% free, 52MB/68MB, paused 334us total 17.744ms
08-05 18:07:47.165 15940 15971 I art     : Starting a blocking GC Explicit
08-05 18:07:47.184 15940 15971 I art     : Explicit concurrent mark sweep GC freed 3(96B) AllocSpace objects, 0(0B) LOS objects, 23% free, 52MB/68MB, paused 306us total 18.283ms
08-05 18:07:47.192 15940 15971 I art     : Starting a blocking GC Explicit
08-05 18:07:47.211 15940 15971 I art     : Explicit concurrent mark sweep GC freed 3(96B) AllocSpace objects, 0(0B) LOS objects, 23% free, 52MB/68MB, paused 314us total 18.225ms
08-05 18:07:47.219 15940 15971 I art     : Starting a blocking GC Explicit
08-05 18:07:47.237 15940 15971 I art     : Explicit concurrent mark sweep GC freed 3(96B) AllocSpace objects, 0(0B) LOS objects, 23% free, 52MB/68MB, paused 315us total 17.662ms
08-05 18:07:47.314 16747 16747 D AndroidRuntime: >>>>>> START com.android.internal.os.RuntimeInit uid 2000 <<<<<<
08-05 18:07:47.319 16747 16747 D AndroidRuntime: CheckJNI is OFF
08-05 18:07:47.356 16747 16747 D ICU     : No timezone override file found: /data/misc/zoneinfo/current/icu/icu_tzdata.dat
08-05 18:07:47.391 16747 16747 I Radio-JNI: register_android_hardware_Radio DONE
08-05 18:07:47.413 16747 16747 D AndroidRuntime: Calling main entry com.android.commands.input.Input
08-05 18:07:47.415 16747 16747 I Input   : injectKeyEvent: KeyEvent { action=ACTION_DOWN, keyCode=KEYCODE_BACK, scanCode=0, metaState=0, flags=0x0, repeatCount=0, eventTime=814083828, downTime=814083828, deviceId=-1, source=0x101 }
08-05 18:07:47.431 16747 16747 I Input   : injectKeyEvent: KeyEvent { action=ACTION_UP, keyCode=KEYCODE_BACK, scanCode=0, metaState=0, flags=0x0, repeatCount=0, eventTime=814083828, downTime=814083828, deviceId=-1, source=0x101 }
08-05 18:07:47.438 16747 16747 D AndroidRuntime: Shutting down VM
08-05 18:07:47.454   918   937 W ProcessCpuTracker: Skipping unknown process pid 16768
08-05 18:07:47.477 13866 13866 I GoogleInputMethodServic: GoogleInputMethodService.onFinishInput():3138 
08-05 18:07:47.478 13866 13866 I GoogleInputMethodServic: GoogleInputMethodService.onStartInput():1808 
08-05 18:07:47.510 15940 15953 I art     : Starting a blocking GC Explicit
08-05 18:07:47.528 15940 15953 I art     : Explicit concurrent mark sweep GC freed 1515(86KB) AllocSpace objects, 1(20KB) LOS objects, 23% free, 52MB/68MB, paused 566us total 17.712ms
08-05 18:07:47.536 15940 15953 I art     : Starting a blocking GC Explicit
08-05 18:07:47.553 15940 15953 I art     : Explicit concurrent mark sweep GC freed 27(992B) AllocSpace objects, 0(0B) LOS objects, 23% free, 52MB/68MB, paused 295us total 16.155ms
08-05 18:07:47.560 15940 15953 I art     : Starting a blocking GC Explicit
08-05 18:07:47.577 15940 15953 I art     : Explicit concurrent mark sweep GC freed 3(96B) AllocSpace objects, 0(0B) LOS objects, 23% free, 52MB/68MB, paused 368us total 16.328ms
08-05 18:07:47.585 15940 15953 I art     : Starting a blocking GC Explicit
08-05 18:07:47.604 15940 15953 I art     : Explicit concurrent mark sweep GC freed 3(96B) AllocSpace objects, 0(0B) LOS objects, 23% free, 52MB/68MB, paused 315us total 18.915ms
08-05 18:07:47.614 15940 15953 I art     : Starting a blocking GC Explicit
08-05 18:07:47.634 15940 15953 I art     : Explicit concurrent mark sweep GC freed 3(96B) AllocSpace objects, 0(0B) LOS objects, 23% free, 52MB/68MB, paused 280us total 19.779ms
08-05 18:07:47.760 12013 12013 W Atfwd_Sendcmd: AtCmdFwd service not published, waiting... retryCnt : 4
08-05 18:07:47.774   380   380 W SurfaceFlinger: couldn't log to binary event log: overflow.
08-05 18:07:47.879 15940 15971 I art     : Starting a blocking GC Explicit
08-05 18:07:47.899 15940 15971 I art     : Explicit concurrent mark sweep GC freed 1451(87KB) AllocSpace objects, 1(20KB) LOS objects, 23% free, 52MB/68MB, paused 318us total 19.276ms
08-05 18:07:47.907 15940 15971 I art     : Starting a blocking GC Explicit
08-05 18:07:47.925 15940 15971 I art     : Explicit concurrent mark sweep GC freed 1672(107KB) AllocSpace objects, 3(400KB) LOS objects, 23% free, 51MB/67MB, paused 295us total 17.965ms
08-05 18:07:47.933 15940 15971 I art     : Starting a blocking GC Explicit
08-05 18:07:47.951 15940 15971 I art     : Explicit concurrent mark sweep GC freed 3(96B) AllocSpace objects, 0(0B) LOS objects, 23% free, 51MB/67MB, paused 303us total 17.880ms
08-05 18:07:47.959 15940 15971 I art     : Starting a blocking GC Explicit
08-05 18:07:47.978 15940 15971 I art     : Explicit concurrent mark sweep GC freed 3(96B) AllocSpace objects, 0(0B) LOS objects, 23% free, 51MB/67MB, paused 304us total 18.030ms
08-05 18:07:47.986 15940 15971 I art     : Starting a blocking GC Explicit
08-05 18:07:48.004 15940 15971 I art     : Explicit concurrent mark sweep GC freed 3(96B) AllocSpace objects, 0(0B) LOS objects, 23% free, 51MB/67MB, paused 360us total 18.320ms
08-05 18:07:48.285 15940 15952 I art     : Starting a blocking GC Explicit
08-05 18:07:48.306 15940 15952 I art     : Explicit concurrent mark sweep GC freed 1341(78KB) AllocSpace objects, 1(20KB) LOS objects, 23% free, 51MB/67MB, paused 416us total 21.408ms
08-05 18:07:48.318 15940 15952 I art     : Starting a blocking GC Explicit
08-05 18:07:48.336 15940 15952 I art     : Explicit concurrent mark sweep GC freed 20(704B) AllocSpace objects, 0(0B) LOS objects, 23% free, 51MB/67MB, paused 303us total 18.328ms
08-05 18:07:48.345 15940 15952 I art     : Starting a blocking GC Explicit
08-05 18:07:48.363 15940 15952 I art     : Explicit concurrent mark sweep GC freed 3(96B) AllocSpace objects, 0(0B) LOS objects, 23% free, 51MB/67MB, paused 304us total 18.266ms
08-05 18:07:48.372 15940 15952 I art     : Starting a blocking GC Explicit
08-05 18:07:48.391 15940 15952 I art     : Explicit concurrent mark sweep GC freed 3(96B) AllocSpace objects, 0(0B) LOS objects, 23% free, 51MB/67MB, paused 318us total 18.423ms
08-05 18:07:48.399 15940 15952 I art     : Starting a blocking GC Explicit
08-05 18:07:48.418 15940 15952 I art     : Explicit concurrent mark sweep GC freed 3(96B) AllocSpace objects, 0(0B) LOS objects, 23% free, 51MB/67MB, paused 314us total 18.591ms
08-05 18:07:48.704 15940 16420 I art     : Starting a blocking GC Explicit
08-05 18:07:48.722 15940 16420 I art     : Explicit concurrent mark sweep GC freed 1340(78KB) AllocSpace objects, 1(20KB) LOS objects, 23% free, 51MB/67MB, paused 344us total 18.414ms
08-05 18:07:48.731 15940 16420 I art     : Starting a blocking GC Explicit
08-05 18:07:48.749 15940 16420 I art     : Explicit concurrent mark sweep GC freed 20(704B) AllocSpace objects, 0(0B) LOS objects, 23% free, 51MB/67MB, paused 310us total 17.360ms
08-05 18:07:48.757 15940 16420 I art     : Starting a blocking GC Explicit
08-05 18:07:48.774 15940 16420 I art     : Explicit concurrent mark sweep GC freed 3(96B) AllocSpace objects, 0(0B) LOS objects, 23% free, 51MB/67MB, paused 361us total 17.251ms
08-05 18:07:48.782 15940 16420 I art     : Starting a blocking GC Explicit
08-05 18:07:48.800 15940 16420 I art     : Explicit concurrent mark sweep GC freed 3(96B) AllocSpace objects, 0(0B) LOS objects, 23% free, 51MB/67MB, paused 311us total 17.283ms
08-05 18:07:48.808 15940 16420 I art     : Starting a blocking GC Explicit
08-05 18:07:48.826 15940 16420 I art     : Explicit concurrent mark sweep GC freed 3(96B) AllocSpace objects, 0(0B) LOS objects, 23% free, 51MB/67MB, paused 310us total 18.206ms
08-05 18:07:49.071 16810 16810 D AndroidRuntime: >>>>>> START com.android.internal.os.RuntimeInit uid 2000 <<<<<<
08-05 18:07:49.076 16810 16810 D AndroidRuntime: CheckJNI is OFF
08-05 18:07:49.099 15940 15953 I art     : Starting a blocking GC Explicit
08-05 18:07:49.112 16810 16810 D ICU     : No timezone override file found: /data/misc/zoneinfo/current/icu/icu_tzdata.dat
08-05 18:07:49.117 15940 15953 I art     : Explicit concurrent mark sweep GC freed 1340(78KB) AllocSpace objects, 1(20KB) LOS objects, 23% free, 51MB/67MB, paused 363us total 18.190ms
08-05 18:07:49.126 15940 15953 I art     : Starting a blocking GC Explicit
08-05 18:07:49.144 15940 15953 I art     : Explicit concurrent mark sweep GC freed 20(704B) AllocSpace objects, 0(0B) LOS objects, 23% free, 51MB/67MB, paused 384us total 17.640ms
08-05 18:07:49.147 16810 16810 I Radio-JNI: register_android_hardware_Radio DONE
08-05 18:07:49.153 15940 15953 I art     : Starting a blocking GC Explicit
08-05 18:07:49.169 16810 16810 D AndroidRuntime: Calling main entry com.android.commands.input.Input
08-05 18:07:49.170 15940 15953 I art     : Explicit concurrent mark sweep GC freed 3(96B) AllocSpace objects, 0(0B) LOS objects, 23% free, 51MB/67MB, paused 308us total 16.542ms
08-05 18:07:49.171 16810 16810 I Input   : injectMotionEvent: MotionEvent { action=ACTION_DOWN, actionButton=0, id[0]=0, x[0]=733.0, y[0]=1370.0, toolType[0]=TOOL_TYPE_UNKNOWN, buttonState=0, metaState=0, flags=0x0, edgeFlags=0x0, pointerCount=1, historySize=0, eventTime=814085584, downTime=814085584, deviceId=0, source=0x1002 }
08-05 18:07:49.176 16810 16810 I Input   : injectMotionEvent: MotionEvent { action=ACTION_UP, actionButton=0, id[0]=0, x[0]=733.0, y[0]=1370.0, toolType[0]=TOOL_TYPE_UNKNOWN, buttonState=0, metaState=0, flags=0x0, edgeFlags=0x0, pointerCount=1, historySize=0, eventTime=814085584, downTime=814085584, deviceId=0, source=0x1002 }
08-05 18:07:49.177 15940 15953 I art     : Starting a blocking GC Explicit
08-05 18:07:49.178   918  6111 I ActivityManager: START u0 {cmp=baseline.appteam.nith.hillffair/.activities.ClubActivity (has extras)} from uid 10675 on display 0
08-05 18:07:49.185 16810 16810 D AndroidRuntime: Shutting down VM
08-05 18:07:49.194 15940 15953 I art     : Explicit concurrent mark sweep GC freed 65(3KB) AllocSpace objects, 0(0B) LOS objects, 23% free, 51MB/67MB, paused 337us total 16.154ms
08-05 18:07:49.202 15940 15953 I art     : Starting a blocking GC Explicit
08-05 18:07:49.222 15940 15953 I art     : Explicit concurrent mark sweep GC freed 3203(179KB) AllocSpace objects, 0(0B) LOS objects, 23% free, 52MB/68MB, paused 642us total 20.280ms
08-05 18:07:49.282 13866 13866 I GoogleInputMethodServic: GoogleInputMethodService.onFinishInput():3138 
08-05 18:07:49.282   918   936 I ActivityManager: Displayed baseline.appteam.nith.hillffair/.activities.ClubActivity: +96ms
08-05 18:07:49.282 13866 13866 I GoogleInputMethodServic: GoogleInputMethodService.onStartInput():1808 
08-05 18:07:49.437   918  3261 D WifiStateMachine: starting scan for "H369AA63323"WPA_PSK with 2412,5180
08-05 18:07:49.479 15940 15971 I art     : Starting a blocking GC Explicit
08-05 18:07:49.502 15940 15971 I art     : Explicit concurrent mark sweep GC freed 1866(114KB) AllocSpace objects, 1(20KB) LOS objects, 23% free, 52MB/68MB, paused 382us total 22.891ms
08-05 18:07:49.512 15940 15971 I art     : Starting a blocking GC Explicit
08-05 18:07:49.534 15940 15971 I art     : Explicit concurrent mark sweep GC freed 55(2672B) AllocSpace objects, 0(0B) LOS objects, 23% free, 52MB/68MB, paused 350us total 21.823ms
08-05 18:07:49.543 15940 15971 I art     : Starting a blocking GC Explicit
08-05 18:07:49.560 15940 15971 I art     : Explicit concurrent mark sweep GC freed 3(96B) AllocSpace objects, 0(0B) LOS objects, 23% free, 52MB/68MB, paused 324us total 16.571ms
08-05 18:07:49.568 15940 15971 I art     : Starting a blocking GC Explicit
08-05 18:07:49.584 15940 15971 I art     : Explicit concurrent mark sweep GC freed 3(96B) AllocSpace objects, 0(0B) LOS objects, 23% free, 52MB/68MB, paused 344us total 16.572ms
08-05 18:07:49.592 15940 15971 I art     : Starting a blocking GC Explicit
08-05 18:07:49.609 15940 15971 I art     : Explicit concurrent mark sweep GC freed 3(96B) AllocSpace objects, 0(0B) LOS objects, 23% free, 52MB/68MB, paused 413us total 16.450ms
08-05 18:07:49.712 15940 16833 D OkHttp  : --> GET https://api-hillfair-2k16.herokuapp.com/api/app/events/special/event?id=580655cddcba0f490c70fdd0 http/1.1
08-05 18:07:49.755 15940 16833 D OkHttp  : <-- 200 OK https://api-hillfair-2k16.herokuapp.com/api/app/events/special/event?id=580655cddcba0f490c70fdd0 (43ms, 721-byte body)
08-05 18:07:49.794 15940 15940 I NAPPA_EXPERIMENTATION: MetricNetworkRequestExecutionTime: REQUEST_DURATION_SYSTEM='581',REQUEST_DURATION_OKHTTP='43',REQUEST_SYNCHRONOUS='FALSE',RESPONSE_CODE='200',RESPONSE_METHOD='GET',RESPONSE_LENGTH_OKHTTP='721',RESPONSE_LENGTH_HEADER='721',REQUEST_PROTOCOL='http/1.1',REQUEST_URL='https://api-hillfair-2k16.herokuapp.com/api/app/events/special/event?id=580655cddcba0f490c70fdd0',
08-05 18:07:49.873 15940 16420 I art     : Starting a blocking GC Explicit
08-05 18:07:49.895 15940 16420 I art     : Explicit concurrent mark sweep GC freed 4876(343KB) AllocSpace objects, 4(220KB) LOS objects, 23% free, 52MB/68MB, paused 322us total 21.861ms
08-05 18:07:49.904 15940 16420 I art     : Starting a blocking GC Explicit
08-05 18:07:49.924 15940 16420 I art     : Explicit concurrent mark sweep GC freed 1033(119KB) AllocSpace objects, 0(0B) LOS objects, 23% free, 52MB/68MB, paused 343us total 19.860ms
08-05 18:07:49.933 15940 16420 I art     : Starting a blocking GC Explicit
08-05 18:07:49.950 15940 16420 I art     : Explicit concurrent mark sweep GC freed 3(96B) AllocSpace objects, 0(0B) LOS objects, 23% free, 52MB/68MB, paused 323us total 17.076ms
08-05 18:07:49.958 15940 16420 I art     : Starting a blocking GC Explicit
08-05 18:07:49.975 15940 16420 I art     : Explicit concurrent mark sweep GC freed 3(96B) AllocSpace objects, 0(0B) LOS objects, 23% free, 52MB/68MB, paused 315us total 17.151ms
08-05 18:07:49.983 15940 16420 I art     : Starting a blocking GC Explicit
08-05 18:07:50.000 15940 16420 I art     : Explicit concurrent mark sweep GC freed 3(96B) AllocSpace objects, 0(0B) LOS objects, 23% free, 52MB/68MB, paused 302us total 17.079ms
08-05 18:07:50.166   518   646 I ThermalEngine: ACTION: GPU - Setting GPU[0] to 450000000
08-05 18:07:50.291 15940 15971 I art     : Starting a blocking GC Explicit
08-05 18:07:50.317 15940 15971 I art     : Explicit concurrent mark sweep GC freed 1341(78KB) AllocSpace objects, 1(20KB) LOS objects, 23% free, 52MB/68MB, paused 450us total 25.382ms
08-05 18:07:50.329 15940 15971 I art     : Starting a blocking GC Explicit
08-05 18:07:50.353 15940 15971 I art     : Explicit concurrent mark sweep GC freed 36(1264B) AllocSpace objects, 0(0B) LOS objects, 23% free, 52MB/68MB, paused 436us total 23.495ms
08-05 18:07:50.363 15940 15971 I art     : Starting a blocking GC Explicit
08-05 18:07:50.388 15940 15971 I art     : Explicit concurrent mark sweep GC freed 3(96B) AllocSpace objects, 0(0B) LOS objects, 23% free, 52MB/68MB, paused 448us total 24.686ms
08-05 18:07:50.399 15940 15971 I art     : Starting a blocking GC Explicit
08-05 18:07:50.424 15940 15971 I art     : Explicit concurrent mark sweep GC freed 3(96B) AllocSpace objects, 0(0B) LOS objects, 23% free, 52MB/68MB, paused 439us total 24.402ms
08-05 18:07:50.435 15940 15971 I art     : Starting a blocking GC Explicit
08-05 18:07:50.459 15940 15971 I art     : Explicit concurrent mark sweep GC freed 3(96B) AllocSpace objects, 0(0B) LOS objects, 23% free, 52MB/68MB, paused 437us total 24.321ms
08-05 18:07:50.757 15940 15953 I art     : Starting a blocking GC Explicit
08-05 18:07:50.789 15940 15953 I art     : Explicit concurrent mark sweep GC freed 1341(78KB) AllocSpace objects, 1(20KB) LOS objects, 23% free, 52MB/68MB, paused 497us total 30.903ms
08-05 18:07:50.803 15940 15953 I art     : Starting a blocking GC Explicit
08-05 18:07:50.828 15940 15953 I art     : Explicit concurrent mark sweep GC freed 20(704B) AllocSpace objects, 0(0B) LOS objects, 23% free, 52MB/68MB, paused 452us total 25.038ms
08-05 18:07:50.839 15940 15953 I art     : Starting a blocking GC Explicit
08-05 18:07:50.865 15940 15953 I art     : Explicit concurrent mark sweep GC freed 3(96B) AllocSpace objects, 0(0B) LOS objects, 23% free, 52MB/68MB, paused 467us total 26.020ms
08-05 18:07:50.876 15940 15953 I art     : Starting a blocking GC Explicit
08-05 18:07:50.903 15940 15953 I art     : Explicit concurrent mark sweep GC freed 3(96B) AllocSpace objects, 0(0B) LOS objects, 23% free, 52MB/68MB, paused 474us total 26.308ms
08-05 18:07:50.914 15940 15953 I art     : Starting a blocking GC Explicit
08-05 18:07:50.941 15940 15953 I art     : Explicit concurrent mark sweep GC freed 3(96B) AllocSpace objects, 0(0B) LOS objects, 23% free, 52MB/68MB, paused 467us total 26.636ms
08-05 18:07:51.286 15940 16420 I art     : Starting a blocking GC Explicit
08-05 18:07:51.316 15940 16420 I art     : Explicit concurrent mark sweep GC freed 1341(78KB) AllocSpace objects, 1(20KB) LOS objects, 23% free, 52MB/68MB, paused 590us total 28.687ms
08-05 18:07:51.329 15940 16420 I art     : Starting a blocking GC Explicit
08-05 18:07:51.353 15940 16420 I art     : Explicit concurrent mark sweep GC freed 20(704B) AllocSpace objects, 0(0B) LOS objects, 23% free, 52MB/68MB, paused 436us total 24.319ms
08-05 18:07:51.364 15940 16420 I art     : Starting a blocking GC Explicit
08-05 18:07:51.388 15940 16420 I art     : Explicit concurrent mark sweep GC freed 3(96B) AllocSpace objects, 0(0B) LOS objects, 23% free, 52MB/68MB, paused 431us total 23.845ms
08-05 18:07:51.399 15940 16420 I art     : Starting a blocking GC Explicit
08-05 18:07:51.425 15940 16420 I art     : Explicit concurrent mark sweep GC freed 3(96B) AllocSpace objects, 0(0B) LOS objects, 23% free, 52MB/68MB, paused 443us total 25.793ms
08-05 18:07:51.436 15940 16420 I art     : Starting a blocking GC Explicit
08-05 18:07:51.461 15940 16420 I art     : Explicit concurrent mark sweep GC freed 3(96B) AllocSpace objects, 0(0B) LOS objects, 23% free, 52MB/68MB, paused 444us total 25.036ms
08-05 18:07:51.791 15940 15952 I art     : Starting a blocking GC Explicit
08-05 18:07:51.823 15940 15952 I art     : Explicit concurrent mark sweep GC freed 1341(78KB) AllocSpace objects, 1(20KB) LOS objects, 23% free, 52MB/68MB, paused 704us total 31.357ms
08-05 18:07:51.837 15940 15952 I art     : Starting a blocking GC Explicit
08-05 18:07:51.864 15940 15952 I art     : Explicit concurrent mark sweep GC freed 20(704B) AllocSpace objects, 0(0B) LOS objects, 23% free, 52MB/68MB, paused 452us total 26.382ms
08-05 18:07:51.875 15940 15952 I art     : Starting a blocking GC Explicit
08-05 18:07:51.902 15940 15952 I art     : Explicit concurrent mark sweep GC freed 3(96B) AllocSpace objects, 0(0B) LOS objects, 23% free, 52MB/68MB, paused 448us total 26.215ms
08-05 18:07:51.913 15940 15952 I art     : Starting a blocking GC Explicit
08-05 18:07:51.937 15940 15952 I art     : Explicit concurrent mark sweep GC freed 3(96B) AllocSpace objects, 0(0B) LOS objects, 23% free, 52MB/68MB, paused 472us total 24.640ms
08-05 18:07:51.948 15940 15952 I art     : Starting a blocking GC Explicit
08-05 18:07:51.975 15940 15952 I art     : Explicit concurrent mark sweep GC freed 3(96B) AllocSpace objects, 0(0B) LOS objects, 23% free, 52MB/68MB, paused 465us total 26.595ms
08-05 18:07:52.307 15940 15971 I art     : Starting a blocking GC Explicit
08-05 18:07:52.337 15940 15971 I art     : Explicit concurrent mark sweep GC freed 1341(78KB) AllocSpace objects, 1(20KB) LOS objects, 23% free, 52MB/68MB, paused 465us total 29.876ms
08-05 18:07:52.350 15940 15971 I art     : Starting a blocking GC Explicit
08-05 18:07:52.376 15940 15971 I art     : Explicit concurrent mark sweep GC freed 20(704B) AllocSpace objects, 0(0B) LOS objects, 23% free, 52MB/68MB, paused 441us total 26.436ms
08-05 18:07:52.387 15940 15971 I art     : Starting a blocking GC Explicit
08-05 18:07:52.413 15940 15971 I art     : Explicit concurrent mark sweep GC freed 3(96B) AllocSpace objects, 0(0B) LOS objects, 23% free, 52MB/68MB, paused 432us total 24.922ms
08-05 18:07:52.424 15940 15971 I art     : Starting a blocking GC Explicit
08-05 18:07:52.450 15940 15971 I art     : Explicit concurrent mark sweep GC freed 3(96B) AllocSpace objects, 0(0B) LOS objects, 23% free, 52MB/68MB, paused 447us total 26.517ms
08-05 18:07:52.461 15940 15971 I art     : Starting a blocking GC Explicit
08-05 18:07:52.488 15940 15971 I art     : Explicit concurrent mark sweep GC freed 3(96B) AllocSpace objects, 0(0B) LOS objects, 23% free, 52MB/68MB, paused 448us total 26.346ms
08-05 18:07:52.818 15940 15953 I art     : Starting a blocking GC Explicit
08-05 18:07:52.848 15940 15953 I art     : Explicit concurrent mark sweep GC freed 1341(78KB) AllocSpace objects, 1(20KB) LOS objects, 23% free, 52MB/68MB, paused 523us total 29.785ms
08-05 18:07:52.861 15940 15953 I art     : Starting a blocking GC Explicit
08-05 18:07:52.888 15940 15953 I art     : Explicit concurrent mark sweep GC freed 20(704B) AllocSpace objects, 0(0B) LOS objects, 23% free, 52MB/68MB, paused 484us total 26.400ms
08-05 18:07:52.899 15940 15953 I art     : Starting a blocking GC Explicit
08-05 18:07:52.924 15940 15953 I art     : Explicit concurrent mark sweep GC freed 3(96B) AllocSpace objects, 0(0B) LOS objects, 23% free, 52MB/68MB, paused 521us total 25.044ms
08-05 18:07:52.935 15940 15953 I art     : Starting a blocking GC Explicit
08-05 18:07:52.961 15940 15953 I art     : Explicit concurrent mark sweep GC freed 3(96B) AllocSpace objects, 0(0B) LOS objects, 23% free, 52MB/68MB, paused 463us total 25.264ms
08-05 18:07:52.972 15940 15953 I art     : Starting a blocking GC Explicit
08-05 18:07:52.998 15940 15953 I art     : Explicit concurrent mark sweep GC freed 3(96B) AllocSpace objects, 0(0B) LOS objects, 23% free, 52MB/68MB, paused 490us total 25.967ms
08-05 18:07:53.169   918  3188 I hubconnection: sensorhub said: 'set_bias 3: -6.2400, 0.0000, 0.0000'
08-05 18:07:53.331 15940 16420 I art     : Starting a blocking GC Explicit
08-05 18:07:53.360 15940 16420 I art     : Explicit concurrent mark sweep GC freed 1341(78KB) AllocSpace objects, 1(20KB) LOS objects, 23% free, 52MB/68MB, paused 451us total 28.753ms
08-05 18:07:53.373 15940 16420 I art     : Starting a blocking GC Explicit
08-05 18:07:53.401 15940 16420 I art     : Explicit concurrent mark sweep GC freed 20(704B) AllocSpace objects, 0(0B) LOS objects, 23% free, 52MB/68MB, paused 449us total 27.691ms
08-05 18:07:53.414 15940 16420 I art     : Starting a blocking GC Explicit
08-05 18:07:53.439 15940 16420 I art     : Explicit concurrent mark sweep GC freed 3(96B) AllocSpace objects, 0(0B) LOS objects, 23% free, 52MB/68MB, paused 429us total 24.634ms
08-05 18:07:53.449 15940 16420 I art     : Starting a blocking GC Explicit
08-05 18:07:53.474 15940 16420 I art     : Explicit concurrent mark sweep GC freed 3(96B) AllocSpace objects, 0(0B) LOS objects, 23% free, 52MB/68MB, paused 432us total 24.249ms
08-05 18:07:53.485 15940 16420 I art     : Starting a blocking GC Explicit
08-05 18:07:53.507 15940 16420 I art     : Explicit concurrent mark sweep GC freed 3(96B) AllocSpace objects, 0(0B) LOS objects, 23% free, 52MB/68MB, paused 581us total 22.296ms
08-05 18:07:53.816 15940 15952 I art     : Starting a blocking GC Explicit
08-05 18:07:53.845 15940 15952 I art     : Explicit concurrent mark sweep GC freed 1341(78KB) AllocSpace objects, 1(20KB) LOS objects, 23% free, 52MB/68MB, paused 485us total 28.444ms
08-05 18:07:53.859 15940 15952 I art     : Starting a blocking GC Explicit
08-05 18:07:53.886 15940 15952 I art     : Explicit concurrent mark sweep GC freed 20(704B) AllocSpace objects, 0(0B) LOS objects, 23% free, 52MB/68MB, paused 437us total 26.496ms
08-05 18:07:53.897 15940 15952 I art     : Starting a blocking GC Explicit
08-05 18:07:53.922 15940 15952 I art     : Explicit concurrent mark sweep GC freed 3(96B) AllocSpace objects, 0(0B) LOS objects, 23% free, 52MB/68MB, paused 461us total 25.242ms
08-05 18:07:53.933 15940 15952 I art     : Starting a blocking GC Explicit
08-05 18:07:53.958 15940 15952 I art     : Explicit concurrent mark sweep GC freed 3(96B) AllocSpace objects, 0(0B) LOS objects, 23% free, 52MB/68MB, paused 469us total 24.804ms
08-05 18:07:53.969 15940 15952 I art     : Starting a blocking GC Explicit
08-05 18:07:53.993 15940 15952 I art     : Explicit concurrent mark sweep GC freed 3(96B) AllocSpace objects, 0(0B) LOS objects, 23% free, 52MB/68MB, paused 487us total 24.459ms
08-05 18:07:54.001 16939 16939 D AndroidRuntime: >>>>>> START com.android.internal.os.RuntimeInit uid 2000 <<<<<<
08-05 18:07:54.007 16939 16939 D AndroidRuntime: CheckJNI is OFF
08-05 18:07:54.051 16939 16939 D ICU     : No timezone override file found: /data/misc/zoneinfo/current/icu/icu_tzdata.dat
08-05 18:07:54.099 16939 16939 I Radio-JNI: register_android_hardware_Radio DONE
08-05 18:07:54.131 16939 16939 D AndroidRuntime: Calling main entry com.android.commands.input.Input
08-05 18:07:54.133 16939 16939 I Input   : injectKeyEvent: KeyEvent { action=ACTION_DOWN, keyCode=KEYCODE_BACK, scanCode=0, metaState=0, flags=0x0, repeatCount=0, eventTime=814090546, downTime=814090546, deviceId=-1, source=0x101 }
08-05 18:07:54.144 16939 16939 I Input   : injectKeyEvent: KeyEvent { action=ACTION_UP, keyCode=KEYCODE_BACK, scanCode=0, metaState=0, flags=0x0, repeatCount=0, eventTime=814090546, downTime=814090546, deviceId=-1, source=0x101 }
08-05 18:07:54.150 16939 16939 D AndroidRuntime: Shutting down VM
08-05 18:07:54.172   918   937 W ProcessCpuTracker: Skipping unknown process pid 16957
08-05 18:07:54.187 13866 13866 I GoogleInputMethodServic: GoogleInputMethodService.onFinishInput():3138 
08-05 18:07:54.188 13866 13866 I GoogleInputMethodServic: GoogleInputMethodService.onStartInput():1808 
08-05 18:07:54.282 15940 15971 I art     : Starting a blocking GC Explicit
08-05 18:07:54.310 15940 15971 I art     : Explicit concurrent mark sweep GC freed 1511(85KB) AllocSpace objects, 1(20KB) LOS objects, 23% free, 52MB/68MB, paused 441us total 27.114ms
08-05 18:07:54.322 15940 15971 I art     : Starting a blocking GC Explicit
08-05 18:07:54.349 15940 15971 I art     : Explicit concurrent mark sweep GC freed 26(944B) AllocSpace objects, 0(0B) LOS objects, 23% free, 52MB/68MB, paused 409us total 26.980ms
08-05 18:07:54.363 15940 15971 I art     : Starting a blocking GC Explicit
08-05 18:07:54.393 15940 15971 I art     : Explicit concurrent mark sweep GC freed 3(96B) AllocSpace objects, 0(0B) LOS objects, 23% free, 52MB/68MB, paused 438us total 29.059ms
08-05 18:07:54.404 15940 15971 I art     : Starting a blocking GC Explicit
08-05 18:07:54.431 15940 15971 I art     : Explicit concurrent mark sweep GC freed 3(96B) AllocSpace objects, 0(0B) LOS objects, 23% free, 52MB/68MB, paused 471us total 26.405ms
08-05 18:07:54.445 15940 15971 I art     : Starting a blocking GC Explicit
08-05 18:07:54.475 15940 15971 I art     : Explicit concurrent mark sweep GC freed 3(96B) AllocSpace objects, 0(0B) LOS objects, 23% free, 52MB/68MB, paused 445us total 29.175ms
08-05 18:07:54.497   380   380 W SurfaceFlinger: couldn't log to binary event log: overflow.
08-05 18:07:54.768 15940 15952 I art     : Starting a blocking GC Explicit
08-05 18:07:54.794 15940 15952 I art     : Explicit concurrent mark sweep GC freed 1450(87KB) AllocSpace objects, 1(20KB) LOS objects, 23% free, 52MB/68MB, paused 451us total 25.297ms
08-05 18:07:54.805 15940 15952 I art     : Starting a blocking GC Explicit
08-05 18:07:54.829 15940 15952 I art     : Explicit concurrent mark sweep GC freed 1672(106KB) AllocSpace objects, 3(400KB) LOS objects, 23% free, 51MB/67MB, paused 478us total 23.433ms
08-05 18:07:54.839 15940 15952 I art     : Starting a blocking GC Explicit
08-05 18:07:54.863 15940 15952 I art     : Explicit concurrent mark sweep GC freed 3(96B) AllocSpace objects, 0(0B) LOS objects, 23% free, 51MB/67MB, paused 481us total 23.570ms
08-05 18:07:54.874 15940 15952 I art     : Starting a blocking GC Explicit
08-05 18:07:54.897 15940 15952 I art     : Explicit concurrent mark sweep GC freed 3(96B) AllocSpace objects, 0(0B) LOS objects, 23% free, 51MB/67MB, paused 465us total 23.440ms
08-05 18:07:54.908 15940 15952 I art     : Starting a blocking GC Explicit
08-05 18:07:54.932 15940 15952 I art     : Explicit concurrent mark sweep GC freed 3(96B) AllocSpace objects, 0(0B) LOS objects, 23% free, 51MB/67MB, paused 460us total 23.272ms
08-05 18:07:55.229 15940 15953 I art     : Starting a blocking GC Explicit
08-05 18:07:55.259 15940 15953 I art     : Explicit concurrent mark sweep GC freed 1342(78KB) AllocSpace objects, 1(20KB) LOS objects, 23% free, 51MB/67MB, paused 545us total 29.824ms
08-05 18:07:55.275 15940 15953 I art     : Starting a blocking GC Explicit
08-05 18:07:55.299 15940 15953 I art     : Explicit concurrent mark sweep GC freed 20(704B) AllocSpace objects, 0(0B) LOS objects, 23% free, 51MB/67MB, paused 455us total 23.017ms
08-05 18:07:55.309 15940 15953 I art     : Starting a blocking GC Explicit
08-05 18:07:55.333 15940 15953 I art     : Explicit concurrent mark sweep GC freed 3(96B) AllocSpace objects, 0(0B) LOS objects, 23% free, 51MB/67MB, paused 459us total 23.413ms
08-05 18:07:55.344 15940 15953 I art     : Starting a blocking GC Explicit
08-05 18:07:55.367 15940 15953 I art     : Explicit concurrent mark sweep GC freed 3(96B) AllocSpace objects, 0(0B) LOS objects, 23% free, 51MB/67MB, paused 483us total 23.580ms
08-05 18:07:55.378 15940 15953 I art     : Starting a blocking GC Explicit
08-05 18:07:55.401 15940 15953 I art     : Explicit concurrent mark sweep GC freed 3(96B) AllocSpace objects, 0(0B) LOS objects, 23% free, 51MB/67MB, paused 445us total 22.065ms
08-05 18:07:55.689 15940 16420 I art     : Starting a blocking GC Explicit
08-05 18:07:55.715 15940 16420 I art     : Explicit concurrent mark sweep GC freed 1340(78KB) AllocSpace objects, 1(20KB) LOS objects, 23% free, 51MB/67MB, paused 486us total 26.104ms
08-05 18:07:55.728 15940 16420 I art     : Starting a blocking GC Explicit
08-05 18:07:55.751 15940 16420 I art     : Explicit concurrent mark sweep GC freed 20(704B) AllocSpace objects, 0(0B) LOS objects, 23% free, 51MB/67MB, paused 453us total 22.755ms
08-05 18:07:55.762 15940 16420 I art     : Starting a blocking GC Explicit
08-05 18:07:55.786 15940 16420 I art     : Explicit concurrent mark sweep GC freed 3(96B) AllocSpace objects, 0(0B) LOS objects, 23% free, 51MB/67MB, paused 454us total 23.993ms
08-05 18:07:55.797 15940 16420 I art     : Starting a blocking GC Explicit
08-05 18:07:55.821 15940 16420 I art     : Explicit concurrent mark sweep GC freed 3(96B) AllocSpace objects, 0(0B) LOS objects, 23% free, 51MB/67MB, paused 461us total 24.253ms
08-05 18:07:55.832 15940 16420 I art     : Starting a blocking GC Explicit
08-05 18:07:55.855 15940 16420 I art     : Explicit concurrent mark sweep GC freed 3(96B) AllocSpace objects, 0(0B) LOS objects, 23% free, 51MB/67MB, paused 442us total 22.966ms
08-05 18:07:55.943 16997 16997 D AndroidRuntime: >>>>>> START com.android.internal.os.RuntimeInit uid 2000 <<<<<<
08-05 18:07:55.950 16997 16997 D AndroidRuntime: CheckJNI is OFF
08-05 18:07:55.998 16997 16997 D ICU     : No timezone override file found: /data/misc/zoneinfo/current/icu/icu_tzdata.dat
08-05 18:07:56.043 16997 16997 I Radio-JNI: register_android_hardware_Radio DONE
08-05 18:07:56.072 16997 16997 D AndroidRuntime: Calling main entry com.android.commands.input.Input
08-05 18:07:56.074 16997 16997 I Input   : injectMotionEvent: MotionEvent { action=ACTION_DOWN, actionButton=0, id[0]=0, x[0]=733.0, y[0]=1957.0, toolType[0]=TOOL_TYPE_UNKNOWN, buttonState=0, metaState=0, flags=0x0, edgeFlags=0x0, pointerCount=1, historySize=0, eventTime=814092487, downTime=814092487, deviceId=0, source=0x1002 }
08-05 18:07:56.079 16997 16997 I Input   : injectMotionEvent: MotionEvent { action=ACTION_UP, actionButton=0, id[0]=0, x[0]=733.0, y[0]=1957.0, toolType[0]=TOOL_TYPE_UNKNOWN, buttonState=0, metaState=0, flags=0x0, edgeFlags=0x0, pointerCount=1, historySize=0, eventTime=814092487, downTime=814092487, deviceId=0, source=0x1002 }
08-05 18:07:56.081   918  3359 I ActivityManager: START u0 {cmp=baseline.appteam.nith.hillffair/.activities.ClubActivity (has extras)} from uid 10675 on display 0
08-05 18:07:56.088 16997 16997 D AndroidRuntime: Shutting down VM
08-05 18:07:56.174 15940 15971 I art     : Starting a blocking GC Explicit
08-05 18:07:56.190   918   936 I ActivityManager: Displayed baseline.appteam.nith.hillffair/.activities.ClubActivity: +100ms
08-05 18:07:56.190 13866 13866 I GoogleInputMethodServic: GoogleInputMethodService.onFinishInput():3138 
08-05 18:07:56.191 13866 13866 I GoogleInputMethodServic: GoogleInputMethodService.onStartInput():1808 
08-05 18:07:56.202 15940 15971 I art     : Explicit concurrent mark sweep GC freed 4960(290KB) AllocSpace objects, 1(20KB) LOS objects, 23% free, 52MB/68MB, paused 1.535ms total 26.973ms
08-05 18:07:56.214 15940 15971 I art     : Starting a blocking GC Explicit
08-05 18:07:56.240 15940 15971 I art     : Explicit concurrent mark sweep GC freed 230(10KB) AllocSpace objects, 0(0B) LOS objects, 23% free, 52MB/68MB, paused 546us total 24.797ms
08-05 18:07:56.250 15940 15971 I art     : Starting a blocking GC Explicit
08-05 18:07:56.271 15940 15971 I art     : Explicit concurrent mark sweep GC freed 69(4KB) AllocSpace objects, 0(0B) LOS objects, 23% free, 52MB/68MB, paused 471us total 21.366ms
08-05 18:07:56.281 15940 15971 I art     : Starting a blocking GC Explicit
08-05 18:07:56.303 15940 15971 I art     : Explicit concurrent mark sweep GC freed 3(96B) AllocSpace objects, 0(0B) LOS objects, 23% free, 52MB/68MB, paused 503us total 21.167ms
08-05 18:07:56.314 15940 15971 I art     : Starting a blocking GC Explicit
08-05 18:07:56.339 15940 15971 I art     : Explicit concurrent mark sweep GC freed 3(96B) AllocSpace objects, 0(0B) LOS objects, 23% free, 52MB/68MB, paused 575us total 25.059ms
08-05 18:07:56.339 15940 15951 I art     : WaitForGcToComplete blocked for 21.927ms for cause HeapTrim
08-05 18:07:56.455   380   380 W SurfaceFlinger: couldn't log to binary event log: overflow.
08-05 18:07:56.623 15940 15953 I art     : Starting a blocking GC Explicit
08-05 18:07:56.646 15940 15953 I art     : Explicit concurrent mark sweep GC freed 1450(84KB) AllocSpace objects, 1(20KB) LOS objects, 23% free, 52MB/68MB, paused 622us total 22.039ms
08-05 18:07:56.657 15940 15953 I art     : Starting a blocking GC Explicit
08-05 18:07:56.680 15940 15953 I art     : Explicit concurrent mark sweep GC freed 34(1216B) AllocSpace objects, 0(0B) LOS objects, 23% free, 52MB/68MB, paused 506us total 22.954ms
08-05 18:07:56.690 15940 15953 I art     : Starting a blocking GC Explicit
08-05 18:07:56.713 15940 15953 I art     : Explicit concurrent mark sweep GC freed 13(480B) AllocSpace objects, 0(0B) LOS objects, 23% free, 52MB/68MB, paused 510us total 22.729ms
08-05 18:07:56.724 15940 15953 I art     : Starting a blocking GC Explicit
08-05 18:07:56.748 15940 15953 I art     : Explicit concurrent mark sweep GC freed 13(480B) AllocSpace objects, 0(0B) LOS objects, 23% free, 52MB/68MB, paused 654us total 23.660ms
08-05 18:07:56.758 15940 15953 I art     : Starting a blocking GC Explicit
08-05 18:07:56.782 15940 15953 I art     : Explicit concurrent mark sweep GC freed 13(480B) AllocSpace objects, 0(0B) LOS objects, 23% free, 52MB/68MB, paused 499us total 23.608ms
08-05 18:07:56.993 15940 17030 D OkHttp  : --> GET https://api-hillfair-2k16.herokuapp.com/api/app/events/special/event?id=58065620dcba0f490c70fe09 http/1.1
08-05 18:07:57.034 15940 17030 D OkHttp  : <-- 200 OK https://api-hillfair-2k16.herokuapp.com/api/app/events/special/event?id=58065620dcba0f490c70fe09 (41ms, 682-byte body)
08-05 18:07:57.073 15940 16974 I art     : Starting a blocking GC Explicit
08-05 18:07:57.084 15940 15940 I NAPPA_EXPERIMENTATION: MetricNetworkRequestExecutionTime: REQUEST_DURATION_SYSTEM='964',REQUEST_DURATION_OKHTTP='41',REQUEST_SYNCHRONOUS='FALSE',RESPONSE_CODE='200',RESPONSE_METHOD='GET',RESPONSE_LENGTH_OKHTTP='682',RESPONSE_LENGTH_HEADER='682',REQUEST_PROTOCOL='http/1.1',REQUEST_URL='https://api-hillfair-2k16.herokuapp.com/api/app/events/special/event?id=58065620dcba0f490c70fe09',
08-05 18:07:57.099 15940 16974 I art     : Explicit concurrent mark sweep GC freed 4752(316KB) AllocSpace objects, 4(220KB) LOS objects, 23% free, 52MB/68MB, paused 514us total 25.696ms
08-05 18:07:57.109 15940 16974 I art     : Starting a blocking GC Explicit
08-05 18:07:57.135 15940 16974 I art     : Explicit concurrent mark sweep GC freed 1097(134KB) AllocSpace objects, 0(0B) LOS objects, 23% free, 52MB/68MB, paused 483us total 25.269ms
08-05 18:07:57.147 15940 16974 I art     : Starting a blocking GC Explicit
08-05 18:07:57.170 15940 16974 I art     : Explicit concurrent mark sweep GC freed 26(8KB) AllocSpace objects, 0(0B) LOS objects, 23% free, 52MB/68MB, paused 433us total 22.004ms
08-05 18:07:57.180 15940 16974 I art     : Starting a blocking GC Explicit
08-05 18:07:57.203 15940 16974 I art     : Explicit concurrent mark sweep GC freed 6(192B) AllocSpace objects, 0(0B) LOS objects, 23% free, 52MB/68MB, paused 435us total 22.661ms
08-05 18:07:57.213 15940 16974 I art     : Starting a blocking GC Explicit
08-05 18:07:57.238 15940 16974 I art     : Explicit concurrent mark sweep GC freed 3(96B) AllocSpace objects, 0(0B) LOS objects, 23% free, 52MB/68MB, paused 485us total 23.840ms
08-05 18:07:57.541 15940 15971 I art     : Starting a blocking GC Explicit
08-05 18:07:57.567 15940 15971 I art     : Explicit concurrent mark sweep GC freed 1341(78KB) AllocSpace objects, 1(20KB) LOS objects, 23% free, 52MB/68MB, paused 489us total 25.611ms
08-05 18:07:57.580 15940 15971 I art     : Starting a blocking GC Explicit
08-05 18:07:57.603 15940 15971 I art     : Explicit concurrent mark sweep GC freed 36(1264B) AllocSpace objects, 0(0B) LOS objects, 23% free, 52MB/68MB, paused 444us total 22.856ms
08-05 18:07:57.614 15940 15971 I art     : Starting a blocking GC Explicit
08-05 18:07:57.638 15940 15971 I art     : Explicit concurrent mark sweep GC freed 3(96B) AllocSpace objects, 0(0B) LOS objects, 23% free, 52MB/68MB, paused 478us total 24.148ms
08-05 18:07:57.649 15940 15971 I art     : Starting a blocking GC Explicit
08-05 18:07:57.673 15940 15971 I art     : Explicit concurrent mark sweep GC freed 3(96B) AllocSpace objects, 0(0B) LOS objects, 23% free, 52MB/68MB, paused 469us total 24.034ms
08-05 18:07:57.684 15940 15971 I art     : Starting a blocking GC Explicit
08-05 18:07:57.708 15940 15971 I art     : Explicit concurrent mark sweep GC freed 3(96B) AllocSpace objects, 0(0B) LOS objects, 23% free, 52MB/68MB, paused 457us total 24.245ms
08-05 18:07:58.031 15940 15953 I art     : Starting a blocking GC Explicit
08-05 18:07:58.067 15940 15953 I art     : Explicit concurrent mark sweep GC freed 1341(78KB) AllocSpace objects, 1(20KB) LOS objects, 23% free, 52MB/68MB, paused 541us total 35.521ms
08-05 18:07:58.083 15940 15953 I art     : Starting a blocking GC Explicit
08-05 18:07:58.110 15940 15953 I art     : Explicit concurrent mark sweep GC freed 20(704B) AllocSpace objects, 0(0B) LOS objects, 23% free, 52MB/68MB, paused 473us total 26.638ms
08-05 18:07:58.121 15940 15953 I art     : Starting a blocking GC Explicit
08-05 18:07:58.149 15940 15953 I art     : Explicit concurrent mark sweep GC freed 3(96B) AllocSpace objects, 0(0B) LOS objects, 23% free, 52MB/68MB, paused 486us total 26.879ms
08-05 18:07:58.160 15940 15953 I art     : Starting a blocking GC Explicit
08-05 18:07:58.187 15940 15953 I art     : Explicit concurrent mark sweep GC freed 3(96B) AllocSpace objects, 0(0B) LOS objects, 23% free, 52MB/68MB, paused 497us total 26.927ms
08-05 18:07:58.198 15940 15953 I art     : Starting a blocking GC Explicit
08-05 18:07:58.224 15940 15953 I art     : Explicit concurrent mark sweep GC freed 3(96B) AllocSpace objects, 0(0B) LOS objects, 23% free, 52MB/68MB, paused 487us total 25.921ms
08-05 18:07:58.501 15940 16974 I art     : Starting a blocking GC Explicit
08-05 18:07:58.530 15940 16974 I art     : Explicit concurrent mark sweep GC freed 1341(78KB) AllocSpace objects, 1(20KB) LOS objects, 23% free, 52MB/68MB, paused 579us total 29.308ms
08-05 18:07:58.543 15940 16974 I art     : Starting a blocking GC Explicit
08-05 18:07:58.568 15940 16974 I art     : Explicit concurrent mark sweep GC freed 20(704B) AllocSpace objects, 0(0B) LOS objects, 23% free, 52MB/68MB, paused 493us total 24.488ms
08-05 18:07:58.579 15940 16974 I art     : Starting a blocking GC Explicit
08-05 18:07:58.604 15940 16974 I art     : Explicit concurrent mark sweep GC freed 3(96B) AllocSpace objects, 0(0B) LOS objects, 23% free, 52MB/68MB, paused 484us total 24.839ms
08-05 18:07:58.615 15940 16974 I art     : Starting a blocking GC Explicit
08-05 18:07:58.640 15940 16974 I art     : Explicit concurrent mark sweep GC freed 3(96B) AllocSpace objects, 0(0B) LOS objects, 23% free, 52MB/68MB, paused 493us total 25.347ms
08-05 18:07:58.651 15940 16974 I art     : Starting a blocking GC Explicit
08-05 18:07:58.677 15940 16974 I art     : Explicit concurrent mark sweep GC freed 3(96B) AllocSpace objects, 0(0B) LOS objects, 23% free, 52MB/68MB, paused 574us total 25.493ms
08-05 18:07:58.897 17076 17076 D AndroidRuntime: >>>>>> START com.android.internal.os.RuntimeInit uid 2000 <<<<<<
08-05 18:07:58.903 17076 17076 D AndroidRuntime: CheckJNI is OFF
08-05 18:07:58.944 17076 17076 D ICU     : No timezone override file found: /data/misc/zoneinfo/current/icu/icu_tzdata.dat
08-05 18:07:58.987 15940 15952 I art     : Starting a blocking GC Explicit
08-05 18:07:58.987 17076 17076 I Radio-JNI: register_android_hardware_Radio DONE
08-05 18:07:59.012 15940 15952 I art     : Explicit concurrent mark sweep GC freed 1341(78KB) AllocSpace objects, 1(20KB) LOS objects, 23% free, 52MB/68MB, paused 527us total 24.943ms
08-05 18:07:59.017 17076 17076 D AndroidRuntime: Calling main entry com.android.commands.input.Input
08-05 18:07:59.019 17076 17076 I Input   : injectKeyEvent: KeyEvent { action=ACTION_DOWN, keyCode=KEYCODE_BACK, scanCode=0, metaState=0, flags=0x0, repeatCount=0, eventTime=814095432, downTime=814095432, deviceId=-1, source=0x101 }
08-05 18:07:59.022 15940 15952 I art     : Starting a blocking GC Explicit
08-05 18:07:59.024 17076 17076 I Input   : injectKeyEvent: KeyEvent { action=ACTION_UP, keyCode=KEYCODE_BACK, scanCode=0, metaState=0, flags=0x0, repeatCount=0, eventTime=814095432, downTime=814095432, deviceId=-1, source=0x101 }
08-05 18:07:59.030 17076 17076 D AndroidRuntime: Shutting down VM
08-05 18:07:59.046 15940 15952 I art     : Explicit concurrent mark sweep GC freed 153(6KB) AllocSpace objects, 0(0B) LOS objects, 23% free, 52MB/68MB, paused 486us total 22.905ms
08-05 18:07:59.055 15940 15952 I art     : Starting a blocking GC Explicit
08-05 18:07:59.075 13866 13866 I GoogleInputMethodServic: GoogleInputMethodService.onFinishInput():3138 
08-05 18:07:59.075 13866 13866 I GoogleInputMethodServic: GoogleInputMethodService.onStartInput():1808 
08-05 18:07:59.077 15940 15952 I art     : Explicit concurrent mark sweep GC freed 12(368B) AllocSpace objects, 0(0B) LOS objects, 23% free, 52MB/68MB, paused 465us total 21.609ms
08-05 18:07:59.087 15940 15952 I art     : Starting a blocking GC Explicit
08-05 18:07:59.110 15940 15952 I art     : Explicit concurrent mark sweep GC freed 30(1120B) AllocSpace objects, 0(0B) LOS objects, 23% free, 52MB/68MB, paused 432us total 22.856ms
08-05 18:07:59.121 15940 15952 I art     : Starting a blocking GC Explicit
08-05 18:07:59.143 15940 15952 I art     : Explicit concurrent mark sweep GC freed 10(384B) AllocSpace objects, 0(0B) LOS objects, 23% free, 52MB/68MB, paused 431us total 21.979ms
08-05 18:07:59.368   380   380 W SurfaceFlinger: couldn't log to binary event log: overflow.
08-05 18:07:59.424 15940 15952 I art     : Starting a blocking GC Explicit
08-05 18:07:59.449 15940 15952 I art     : Explicit concurrent mark sweep GC freed 1452(87KB) AllocSpace objects, 1(20KB) LOS objects, 23% free, 52MB/68MB, paused 489us total 24.866ms
08-05 18:07:59.460 15940 15952 I art     : Starting a blocking GC Explicit
08-05 18:07:59.484 15940 15952 I art     : Explicit concurrent mark sweep GC freed 1672(106KB) AllocSpace objects, 3(400KB) LOS objects, 23% free, 51MB/67MB, paused 468us total 24.237ms
08-05 18:07:59.495 15940 15952 I art     : Starting a blocking GC Explicit
08-05 18:07:59.519 15940 15952 I art     : Explicit concurrent mark sweep GC freed 3(96B) AllocSpace objects, 0(0B) LOS objects, 23% free, 51MB/67MB, paused 464us total 23.689ms
08-05 18:07:59.529 15940 15952 I art     : Starting a blocking GC Explicit
08-05 18:07:59.554 15940 15952 I art     : Explicit concurrent mark sweep GC freed 3(96B) AllocSpace objects, 0(0B) LOS objects, 23% free, 51MB/67MB, paused 475us total 24.312ms
08-05 18:07:59.565 15940 15952 I art     : Starting a blocking GC Explicit
08-05 18:07:59.589 15940 15952 I art     : Explicit concurrent mark sweep GC freed 3(96B) AllocSpace objects, 0(0B) LOS objects, 23% free, 51MB/67MB, paused 465us total 23.857ms
08-05 18:07:59.886 15940 15971 I art     : Starting a blocking GC Explicit
08-05 18:07:59.919 15940 15971 I art     : Explicit concurrent mark sweep GC freed 1341(78KB) AllocSpace objects, 1(20KB) LOS objects, 23% free, 51MB/67MB, paused 553us total 33.091ms
08-05 18:07:59.934 15940 15971 I art     : Starting a blocking GC Explicit
08-05 18:07:59.959 15940 15971 I art     : Explicit concurrent mark sweep GC freed 20(704B) AllocSpace objects, 0(0B) LOS objects, 23% free, 51MB/67MB, paused 488us total 24.823ms
08-05 18:07:59.970 15940 15971 I art     : Starting a blocking GC Explicit
08-05 18:07:59.994 15940 15971 I art     : Explicit concurrent mark sweep GC freed 3(96B) AllocSpace objects, 0(0B) LOS objects, 23% free, 51MB/67MB, paused 472us total 23.878ms
08-05 18:08:00.005 15940 15971 I art     : Starting a blocking GC Explicit
08-05 18:08:00.028 15940 15971 I art     : Explicit concurrent mark sweep GC freed 3(96B) AllocSpace objects, 0(0B) LOS objects, 23% free, 51MB/67MB, paused 439us total 23.653ms
08-05 18:08:00.039 15940 15971 I art     : Starting a blocking GC Explicit
08-05 18:08:00.061 15940 15971 I art     : Explicit concurrent mark sweep GC freed 3(96B) AllocSpace objects, 0(0B) LOS objects, 23% free, 51MB/67MB, paused 507us total 21.710ms
08-05 18:08:00.344 15940 16420 I art     : Starting a blocking GC Explicit
08-05 18:08:00.368 15940 16420 I art     : Explicit concurrent mark sweep GC freed 1340(78KB) AllocSpace objects, 1(20KB) LOS objects, 23% free, 51MB/67MB, paused 497us total 23.846ms
08-05 18:08:00.379 15940 16420 I art     : Starting a blocking GC Explicit
08-05 18:08:00.402 15940 16420 I art     : Explicit concurrent mark sweep GC freed 20(704B) AllocSpace objects, 0(0B) LOS objects, 23% free, 51MB/67MB, paused 504us total 23.077ms
08-05 18:08:00.413 15940 16420 I art     : Starting a blocking GC Explicit
08-05 18:08:00.436 15940 16420 I art     : Explicit concurrent mark sweep GC freed 3(96B) AllocSpace objects, 0(0B) LOS objects, 23% free, 51MB/67MB, paused 476us total 22.987ms
08-05 18:08:00.446 15940 16420 I art     : Starting a blocking GC Explicit
08-05 18:08:00.470 15940 16420 I art     : Explicit concurrent mark sweep GC freed 3(96B) AllocSpace objects, 0(0B) LOS objects, 23% free, 51MB/67MB, paused 476us total 23.239ms
08-05 18:08:00.480 15940 16420 I art     : Starting a blocking GC Explicit
08-05 18:08:00.503 15940 16420 I art     : Explicit concurrent mark sweep GC freed 3(96B) AllocSpace objects, 0(0B) LOS objects, 23% free, 51MB/67MB, paused 477us total 22.950ms
08-05 18:08:00.793 15940 15953 I art     : Starting a blocking GC Explicit
08-05 18:08:00.821 15940 15953 I art     : Explicit concurrent mark sweep GC freed 1340(78KB) AllocSpace objects, 1(20KB) LOS objects, 23% free, 51MB/67MB, paused 560us total 27.771ms
08-05 18:08:00.827 17140 17140 D AndroidRuntime: >>>>>> START com.android.internal.os.RuntimeInit uid 2000 <<<<<<
08-05 18:08:00.834 17140 17140 D AndroidRuntime: CheckJNI is OFF
08-05 18:08:00.835 15940 15953 I art     : Starting a blocking GC Explicit
08-05 18:08:00.860 15940 15953 I art     : Explicit concurrent mark sweep GC freed 20(704B) AllocSpace objects, 0(0B) LOS objects, 23% free, 51MB/67MB, paused 503us total 24.755ms
08-05 18:08:00.871 15940 15953 I art     : Starting a blocking GC Explicit
08-05 18:08:00.882 17140 17140 D ICU     : No timezone override file found: /data/misc/zoneinfo/current/icu/icu_tzdata.dat
08-05 18:08:00.895 15940 15953 I art     : Explicit concurrent mark sweep GC freed 3(96B) AllocSpace objects, 0(0B) LOS objects, 23% free, 51MB/67MB, paused 525us total 24.031ms
08-05 18:08:00.905 15940 15953 I art     : Starting a blocking GC Explicit
08-05 18:08:00.928 17140 17140 I Radio-JNI: register_android_hardware_Radio DONE
08-05 18:08:00.930 15940 15953 I art     : Explicit concurrent mark sweep GC freed 3(96B) AllocSpace objects, 0(0B) LOS objects, 23% free, 51MB/67MB, paused 504us total 24.126ms
08-05 18:08:00.940 15940 15953 I art     : Starting a blocking GC Explicit
08-05 18:08:00.959 17140 17140 D AndroidRuntime: Calling main entry com.android.commands.input.Input
08-05 18:08:00.962 17140 17140 I Input   : injectMotionEvent: MotionEvent { action=ACTION_DOWN, actionButton=0, id[0]=0, x[0]=733.0, y[0]=1957.0, toolType[0]=TOOL_TYPE_UNKNOWN, buttonState=0, metaState=0, flags=0x0, edgeFlags=0x0, pointerCount=1, historySize=0, eventTime=814097374, downTime=814097374, deviceId=0, source=0x1002 }
08-05 18:08:00.965 15940 15953 I art     : Explicit concurrent mark sweep GC freed 3(96B) AllocSpace objects, 0(0B) LOS objects, 23% free, 51MB/67MB, paused 490us total 24.554ms
08-05 18:08:00.969 17140 17140 I Input   : injectMotionEvent: MotionEvent { action=ACTION_UP, actionButton=0, id[0]=0, x[0]=733.0, y[0]=1957.0, toolType[0]=TOOL_TYPE_UNKNOWN, buttonState=0, metaState=0, flags=0x0, edgeFlags=0x0, pointerCount=1, historySize=0, eventTime=814097374, downTime=814097374, deviceId=0, source=0x1002 }
08-05 18:08:00.971   918   929 I ActivityManager: START u0 {cmp=baseline.appteam.nith.hillffair/.activities.ClubActivity (has extras)} from uid 10675 on display 0
08-05 18:08:00.979 17140 17140 D AndroidRuntime: Shutting down VM
08-05 18:08:01.084   918   936 I ActivityManager: Displayed baseline.appteam.nith.hillffair/.activities.ClubActivity: +104ms
08-05 18:08:01.085 13866 13866 I GoogleInputMethodServic: GoogleInputMethodService.onFinishInput():3138 
08-05 18:08:01.086 13866 13866 I GoogleInputMethodServic: GoogleInputMethodService.onStartInput():1808 
08-05 18:08:01.240 15940 15953 I art     : Starting a blocking GC Explicit
08-05 18:08:01.270 15940 15953 I art     : Explicit concurrent mark sweep GC freed 5295(332KB) AllocSpace objects, 1(20KB) LOS objects, 23% free, 52MB/68MB, paused 662us total 30.120ms
08-05 18:08:01.283 15940 15953 I art     : Starting a blocking GC Explicit
08-05 18:08:01.311 15940 15953 I art     : Explicit concurrent mark sweep GC freed 209(9KB) AllocSpace objects, 0(0B) LOS objects, 23% free, 52MB/68MB, paused 549us total 27.478ms
08-05 18:08:01.323 15940 15953 I art     : Starting a blocking GC Explicit
08-05 18:08:01.337   380   380 W SurfaceFlinger: couldn't log to binary event log: overflow.
08-05 18:08:01.350 15940 15953 I art     : Explicit concurrent mark sweep GC freed 3(96B) AllocSpace objects, 0(0B) LOS objects, 23% free, 52MB/68MB, paused 547us total 26.901ms
08-05 18:08:01.361 15940 15953 I art     : Starting a blocking GC Explicit
08-05 18:08:01.383 15940 15953 I art     : Explicit concurrent mark sweep GC freed 3(96B) AllocSpace objects, 0(0B) LOS objects, 23% free, 52MB/68MB, paused 542us total 21.659ms
08-05 18:08:01.393 15940 15953 I art     : Starting a blocking GC Explicit
08-05 18:08:01.416 15940 15953 I art     : Explicit concurrent mark sweep GC freed 3(96B) AllocSpace objects, 0(0B) LOS objects, 23% free, 52MB/68MB, paused 521us total 21.975ms
08-05 18:08:01.723 15940 16420 I art     : Starting a blocking GC Explicit
08-05 18:08:01.749 15940 16420 I art     : Explicit concurrent mark sweep GC freed 1488(85KB) AllocSpace objects, 1(20KB) LOS objects, 23% free, 52MB/68MB, paused 552us total 25.456ms
08-05 18:08:01.760 15940 16420 I art     : Starting a blocking GC Explicit
08-05 18:08:01.785 15940 16420 I art     : Explicit concurrent mark sweep GC freed 993(69KB) AllocSpace objects, 2(120KB) LOS objects, 23% free, 52MB/68MB, paused 853us total 24.715ms
08-05 18:08:01.795 15940 16420 I art     : Starting a blocking GC Explicit
08-05 18:08:01.803 15940 17165 D OkHttp  : --> GET https://api-hillfair-2k16.herokuapp.com/api/app/events/special/event?id=58065620dcba0f490c70fe09 http/1.1
08-05 18:08:01.820 15940 16420 I art     : Explicit concurrent mark sweep GC freed 2266(139KB) AllocSpace objects, 1(80KB) LOS objects, 23% free, 52MB/68MB, paused 621us total 24.461ms
08-05 18:08:01.830 15940 16420 I art     : Starting a blocking GC Explicit
08-05 18:08:01.840 15940 17165 D OkHttp  : <-- 200 OK https://api-hillfair-2k16.herokuapp.com/api/app/events/special/event?id=58065620dcba0f490c70fe09 (37ms, 682-byte body)
08-05 18:08:01.854 15940 16420 I art     : Explicit concurrent mark sweep GC freed 499(74KB) AllocSpace objects, 0(0B) LOS objects, 23% free, 52MB/68MB, paused 582us total 23.883ms
08-05 18:08:01.865 15940 16420 I art     : Starting a blocking GC Explicit
08-05 18:08:01.889 15940 16420 I art     : Explicit concurrent mark sweep GC freed 155(6KB) AllocSpace objects, 0(0B) LOS objects, 23% free, 52MB/68MB, paused 668us total 23.642ms
08-05 18:08:01.890 15940 15940 I NAPPA_EXPERIMENTATION: MetricNetworkRequestExecutionTime: REQUEST_DURATION_SYSTEM='880',REQUEST_DURATION_OKHTTP='37',REQUEST_SYNCHRONOUS='FALSE',RESPONSE_CODE='200',RESPONSE_METHOD='GET',RESPONSE_LENGTH_OKHTTP='682',RESPONSE_LENGTH_HEADER='682',REQUEST_PROTOCOL='http/1.1',REQUEST_URL='https://api-hillfair-2k16.herokuapp.com/api/app/events/special/event?id=58065620dcba0f490c70fe09',
08-05 18:08:02.189 15940 16974 I art     : Starting a blocking GC Explicit
08-05 18:08:02.216 15940 16974 I art     : Explicit concurrent mark sweep GC freed 1882(138KB) AllocSpace objects, 1(20KB) LOS objects, 23% free, 52MB/68MB, paused 510us total 26.767ms
08-05 18:08:02.227 15940 16974 I art     : Starting a blocking GC Explicit
08-05 18:08:02.253 15940 16974 I art     : Explicit concurrent mark sweep GC freed 61(2048B) AllocSpace objects, 0(0B) LOS objects, 23% free, 52MB/68MB, paused 546us total 25.373ms
08-05 18:08:02.265 15940 16974 I art     : Starting a blocking GC Explicit
08-05 18:08:02.289 15940 16974 I art     : Explicit concurrent mark sweep GC freed 19(656B) AllocSpace objects, 0(0B) LOS objects, 23% free, 52MB/68MB, paused 468us total 23.725ms
08-05 18:08:02.300 15940 16974 I art     : Starting a blocking GC Explicit
08-05 18:08:02.324 15940 16974 I art     : Explicit concurrent mark sweep GC freed 3(96B) AllocSpace objects, 0(0B) LOS objects, 23% free, 52MB/68MB, paused 504us total 24.245ms
08-05 18:08:02.335 15940 16974 I art     : Starting a blocking GC Explicit
08-05 18:08:02.359 15940 16974 I art     : Explicit concurrent mark sweep GC freed 3(96B) AllocSpace objects, 0(0B) LOS objects, 23% free, 52MB/68MB, paused 570us total 24.201ms
08-05 18:08:02.664 15940 15953 I art     : Starting a blocking GC Explicit
08-05 18:08:02.703 15940 15953 I art     : Explicit concurrent mark sweep GC freed 1341(78KB) AllocSpace objects, 1(20KB) LOS objects, 23% free, 52MB/68MB, paused 695us total 38.207ms
08-05 18:08:02.718 15940 15953 I art     : Starting a blocking GC Explicit
08-05 18:08:02.747 15940 15953 I art     : Explicit concurrent mark sweep GC freed 20(704B) AllocSpace objects, 0(0B) LOS objects, 23% free, 52MB/68MB, paused 546us total 28.172ms
08-05 18:08:02.758 15940 15953 I art     : Starting a blocking GC Explicit
08-05 18:08:02.786 15940 15953 I art     : Explicit concurrent mark sweep GC freed 3(96B) AllocSpace objects, 0(0B) LOS objects, 23% free, 52MB/68MB, paused 531us total 27.454ms
08-05 18:08:02.797 15940 15953 I art     : Starting a blocking GC Explicit
08-05 18:08:02.824 15940 15953 I art     : Explicit concurrent mark sweep GC freed 3(96B) AllocSpace objects, 0(0B) LOS objects, 23% free, 52MB/68MB, paused 581us total 26.624ms
08-05 18:08:02.835 15940 15953 I art     : Starting a blocking GC Explicit
08-05 18:08:02.862 15940 15953 I art     : Explicit concurrent mark sweep GC freed 3(96B) AllocSpace objects, 0(0B) LOS objects, 23% free, 52MB/68MB, paused 538us total 26.229ms
08-05 18:08:03.190 15940 16420 I art     : Starting a blocking GC Explicit
08-05 18:08:03.221 15940 16420 I art     : Explicit concurrent mark sweep GC freed 1341(78KB) AllocSpace objects, 1(20KB) LOS objects, 23% free, 52MB/68MB, paused 502us total 31.022ms
08-05 18:08:03.232 15940 16420 I art     : Starting a blocking GC Explicit
08-05 18:08:03.258 15940 16420 I art     : Explicit concurrent mark sweep GC freed 20(704B) AllocSpace objects, 0(0B) LOS objects, 23% free, 52MB/68MB, paused 500us total 25.549ms
08-05 18:08:03.269 15940 16420 I art     : Starting a blocking GC Explicit
08-05 18:08:03.292 15940 16420 I art     : Explicit concurrent mark sweep GC freed 3(96B) AllocSpace objects, 0(0B) LOS objects, 23% free, 52MB/68MB, paused 509us total 23.503ms
08-05 18:08:03.303 15940 16420 I art     : Starting a blocking GC Explicit
08-05 18:08:03.327 15940 16420 I art     : Explicit concurrent mark sweep GC freed 3(96B) AllocSpace objects, 0(0B) LOS objects, 23% free, 52MB/68MB, paused 563us total 23.669ms
08-05 18:08:03.337 15940 16420 I art     : Starting a blocking GC Explicit
08-05 18:08:03.361 15940 16420 I art     : Explicit concurrent mark sweep GC freed 3(96B) AllocSpace objects, 0(0B) LOS objects, 23% free, 52MB/68MB, paused 515us total 23.996ms
08-05 18:08:03.547   918  3188 I hubconnection: sensorhub said: 'set_bias 3: -4.9728, 0.0000, 0.0000'
08-05 18:08:03.683 15940 15971 I art     : Starting a blocking GC Explicit
08-05 18:08:03.713 15940 15971 I art     : Explicit concurrent mark sweep GC freed 1341(78KB) AllocSpace objects, 1(20KB) LOS objects, 23% free, 52MB/68MB, paused 548us total 29.514ms
08-05 18:08:03.726 15940 15971 I art     : Starting a blocking GC Explicit
08-05 18:08:03.751 15940 15971 I art     : Explicit concurrent mark sweep GC freed 20(704B) AllocSpace objects, 0(0B) LOS objects, 23% free, 52MB/68MB, paused 515us total 24.681ms
08-05 18:08:03.762 15940 15971 I art     : Starting a blocking GC Explicit
08-05 18:08:03.787 15940 15971 I art     : Explicit concurrent mark sweep GC freed 3(96B) AllocSpace objects, 0(0B) LOS objects, 23% free, 52MB/68MB, paused 617us total 24.968ms
08-05 18:08:03.794 17218 17218 D AndroidRuntime: >>>>>> START com.android.internal.os.RuntimeInit uid 2000 <<<<<<
08-05 18:08:03.798 15940 15971 I art     : Starting a blocking GC Explicit
08-05 18:08:03.800 17218 17218 D AndroidRuntime: CheckJNI is OFF
08-05 18:08:03.825 15940 15971 I art     : Explicit concurrent mark sweep GC freed 3(96B) AllocSpace objects, 0(0B) LOS objects, 23% free, 52MB/68MB, paused 502us total 26.299ms
08-05 18:08:03.835 15940 15971 I art     : Starting a blocking GC Explicit
08-05 18:08:03.849 17218 17218 D ICU     : No timezone override file found: /data/misc/zoneinfo/current/icu/icu_tzdata.dat
08-05 18:08:03.862 15940 15971 I art     : Explicit concurrent mark sweep GC freed 3(96B) AllocSpace objects, 0(0B) LOS objects, 23% free, 52MB/68MB, paused 557us total 25.917ms
08-05 18:08:03.897 17218 17218 I Radio-JNI: register_android_hardware_Radio DONE
08-05 18:08:03.927 17218 17218 D AndroidRuntime: Calling main entry com.android.commands.input.Input
08-05 18:08:03.929 17218 17218 I Input   : injectKeyEvent: KeyEvent { action=ACTION_DOWN, keyCode=KEYCODE_BACK, scanCode=0, metaState=0, flags=0x0, repeatCount=0, eventTime=814100342, downTime=814100342, deviceId=-1, source=0x101 }
08-05 18:08:03.935 17218 17218 I Input   : injectKeyEvent: KeyEvent { action=ACTION_UP, keyCode=KEYCODE_BACK, scanCode=0, metaState=0, flags=0x0, repeatCount=0, eventTime=814100342, downTime=814100342, deviceId=-1, source=0x101 }
08-05 18:08:03.942 17218 17218 D AndroidRuntime: Shutting down VM
08-05 18:08:03.987 13866 13866 I GoogleInputMethodServic: GoogleInputMethodService.onFinishInput():3138 
08-05 18:08:03.988 13866 13866 I GoogleInputMethodServic: GoogleInputMethodService.onStartInput():1808 
08-05 18:08:04.141 15940 15971 I art     : Starting a blocking GC Explicit
08-05 18:08:04.171 15940 15971 I art     : Explicit concurrent mark sweep GC freed 1511(85KB) AllocSpace objects, 1(20KB) LOS objects, 23% free, 52MB/68MB, paused 534us total 30.486ms
08-05 18:08:04.185 15940 15971 I art     : Starting a blocking GC Explicit
08-05 18:08:04.214 15940 15971 I art     : Explicit concurrent mark sweep GC freed 26(944B) AllocSpace objects, 0(0B) LOS objects, 23% free, 52MB/68MB, paused 559us total 28.558ms
08-05 18:08:04.226 15940 15971 I art     : Starting a blocking GC Explicit
08-05 18:08:04.255 15940 15971 I art     : Explicit concurrent mark sweep GC freed 3(96B) AllocSpace objects, 0(0B) LOS objects, 23% free, 52MB/68MB, paused 498us total 28.526ms
08-05 18:08:04.266 15940 15971 I art     : Starting a blocking GC Explicit
08-05 18:08:04.273   380   380 W SurfaceFlinger: couldn't log to binary event log: overflow.
08-05 18:08:04.292 15940 15971 I art     : Explicit concurrent mark sweep GC freed 108(8KB) AllocSpace objects, 0(0B) LOS objects, 23% free, 52MB/68MB, paused 468us total 25.162ms
08-05 18:08:04.302 15940 15971 I art     : Starting a blocking GC Explicit
08-05 18:08:04.325 15940 15971 I art     : Explicit concurrent mark sweep GC freed 11(432B) AllocSpace objects, 0(0B) LOS objects, 23% free, 52MB/68MB, paused 497us total 23.434ms
08-05 18:08:04.629 15940 16420 I art     : Starting a blocking GC Explicit
08-05 18:08:04.660 15940 16420 I art     : Explicit concurrent mark sweep GC freed 2990(184KB) AllocSpace objects, 4(420KB) LOS objects, 23% free, 52MB/68MB, paused 518us total 30.520ms
08-05 18:08:04.673 15940 16420 I art     : Starting a blocking GC Explicit
08-05 18:08:04.697 15940 16420 I art     : Explicit concurrent mark sweep GC freed 20(704B) AllocSpace objects, 0(0B) LOS objects, 23% free, 52MB/68MB, paused 597us total 24.285ms
08-05 18:08:04.708 15940 16420 I art     : Starting a blocking GC Explicit
08-05 18:08:04.733 15940 16420 I art     : Explicit concurrent mark sweep GC freed 3(96B) AllocSpace objects, 0(0B) LOS objects, 23% free, 52MB/68MB, paused 536us total 24.047ms
08-05 18:08:04.743 15940 16420 I art     : Starting a blocking GC Explicit
08-05 18:08:04.768 15940 16420 I art     : Explicit concurrent mark sweep GC freed 3(96B) AllocSpace objects, 0(0B) LOS objects, 23% free, 52MB/68MB, paused 505us total 24.576ms
08-05 18:08:04.779 15940 16420 I art     : Starting a blocking GC Explicit
08-05 18:08:04.804 15940 16420 I art     : Explicit concurrent mark sweep GC freed 3(96B) AllocSpace objects, 0(0B) LOS objects, 23% free, 52MB/68MB, paused 508us total 24.268ms
08-05 18:08:05.028   918  3188 I hubconnection: sensorhub said: 'set_bias 3: -6.2400, 0.0000, 0.0000'
08-05 18:08:05.097 15940 16974 I art     : Starting a blocking GC Explicit
08-05 18:08:05.129 15940 16974 I art     : Explicit concurrent mark sweep GC freed 1340(78KB) AllocSpace objects, 1(20KB) LOS objects, 23% free, 52MB/68MB, paused 631us total 31.489ms
08-05 18:08:05.149 15940 16974 I art     : Starting a blocking GC Explicit
08-05 18:08:05.177 15940 16974 I art     : Explicit concurrent mark sweep GC freed 20(704B) AllocSpace objects, 0(0B) LOS objects, 23% free, 52MB/68MB, paused 657us total 27.961ms
08-05 18:08:05.189 15940 16974 I art     : Starting a blocking GC Explicit
08-05 18:08:05.212 15940 16974 I art     : Explicit concurrent mark sweep GC freed 3(96B) AllocSpace objects, 0(0B) LOS objects, 23% free, 52MB/68MB, paused 519us total 23.480ms
08-05 18:08:05.222 15940 16974 I art     : Starting a blocking GC Explicit
08-05 18:08:05.245 15940 16974 I art     : Explicit concurrent mark sweep GC freed 3(96B) AllocSpace objects, 0(0B) LOS objects, 23% free, 52MB/68MB, paused 549us total 22.567ms
08-05 18:08:05.256 15940 16974 I art     : Starting a blocking GC Explicit
08-05 18:08:05.280 15940 16974 I art     : Explicit concurrent mark sweep GC freed 3(96B) AllocSpace objects, 0(0B) LOS objects, 23% free, 52MB/68MB, paused 495us total 23.357ms
08-05 18:08:05.563 15940 15952 I art     : Starting a blocking GC Explicit
08-05 18:08:05.592 15940 15952 I art     : Explicit concurrent mark sweep GC freed 1340(78KB) AllocSpace objects, 1(20KB) LOS objects, 23% free, 52MB/68MB, paused 556us total 28.584ms
08-05 18:08:05.605 15940 15952 I art     : Starting a blocking GC Explicit
08-05 18:08:05.630 15940 15952 I art     : Explicit concurrent mark sweep GC freed 20(704B) AllocSpace objects, 0(0B) LOS objects, 23% free, 52MB/68MB, paused 535us total 24.740ms
08-05 18:08:05.641 15940 15952 I art     : Starting a blocking GC Explicit
08-05 18:08:05.665 15940 15952 I art     : Explicit concurrent mark sweep GC freed 3(96B) AllocSpace objects, 0(0B) LOS objects, 23% free, 52MB/68MB, paused 529us total 24.407ms
08-05 18:08:05.676 15940 15952 I art     : Starting a blocking GC Explicit
08-05 18:08:05.701 15940 15952 I art     : Explicit concurrent mark sweep GC freed 3(96B) AllocSpace objects, 0(0B) LOS objects, 23% free, 52MB/68MB, paused 524us total 24.330ms
08-05 18:08:05.712 15940 15952 I art     : Starting a blocking GC Explicit
08-05 18:08:05.721 17272 17272 D AndroidRuntime: >>>>>> START com.android.internal.os.RuntimeInit uid 2000 <<<<<<
08-05 18:08:05.727 17272 17272 D AndroidRuntime: CheckJNI is OFF
08-05 18:08:05.736 15940 15952 I art     : Explicit concurrent mark sweep GC freed 3(96B) AllocSpace objects, 0(0B) LOS objects, 23% free, 52MB/68MB, paused 546us total 24.593ms
08-05 18:08:05.771 17272 17272 D ICU     : No timezone override file found: /data/misc/zoneinfo/current/icu/icu_tzdata.dat
08-05 18:08:05.817 17272 17272 I Radio-JNI: register_android_hardware_Radio DONE
08-05 18:08:05.848 17272 17272 D AndroidRuntime: Calling main entry com.android.commands.input.Input
08-05 18:08:05.851 17272 17272 I Input   : injectMotionEvent: MotionEvent { action=ACTION_DOWN, actionButton=0, id[0]=0, x[0]=733.0, y[0]=645.0, toolType[0]=TOOL_TYPE_UNKNOWN, buttonState=0, metaState=0, flags=0x0, edgeFlags=0x0, pointerCount=1, historySize=0, eventTime=814102263, downTime=814102263, deviceId=0, source=0x1002 }
08-05 18:08:05.860 17272 17272 I Input   : injectMotionEvent: MotionEvent { action=ACTION_UP, actionButton=0, id[0]=0, x[0]=733.0, y[0]=645.0, toolType[0]=TOOL_TYPE_UNKNOWN, buttonState=0, metaState=0, flags=0x0, edgeFlags=0x0, pointerCount=1, historySize=0, eventTime=814102263, downTime=814102263, deviceId=0, source=0x1002 }
08-05 18:08:05.863   918  3696 I ActivityManager: START u0 {cmp=baseline.appteam.nith.hillffair/.activities.ClubActivity (has extras)} from uid 10675 on display 0
08-05 18:08:05.878 17272 17272 D AndroidRuntime: Shutting down VM
08-05 18:08:05.892   918   937 W ProcessCpuTracker: Skipping unknown process pid 17295
08-05 18:08:05.978   918   936 I ActivityManager: Displayed baseline.appteam.nith.hillffair/.activities.ClubActivity: +102ms
08-05 18:08:05.978 13866 13866 I GoogleInputMethodServic: GoogleInputMethodService.onFinishInput():3138 
08-05 18:08:05.979 13866 13866 I GoogleInputMethodServic: GoogleInputMethodService.onStartInput():1808 
08-05 18:08:06.018 15940 15971 I art     : Starting a blocking GC Explicit
08-05 18:08:06.041 15940 15971 I art     : Explicit concurrent mark sweep GC freed 5284(330KB) AllocSpace objects, 1(20KB) LOS objects, 23% free, 52MB/68MB, paused 548us total 23.425ms
08-05 18:08:06.052 15940 15971 I art     : Starting a blocking GC Explicit
08-05 18:08:06.079 15940 15971 I art     : Explicit concurrent mark sweep GC freed 209(9KB) AllocSpace objects, 0(0B) LOS objects, 23% free, 52MB/68MB, paused 563us total 26.440ms
08-05 18:08:06.090 15940 15971 I art     : Starting a blocking GC Explicit
08-05 18:08:06.119 15940 15971 I art     : Explicit concurrent mark sweep GC freed 3(96B) AllocSpace objects, 0(0B) LOS objects, 23% free, 52MB/68MB, paused 576us total 28.385ms
08-05 18:08:06.131 15940 15971 I art     : Starting a blocking GC Explicit
08-05 18:08:06.160 15940 15971 I art     : Explicit concurrent mark sweep GC freed 3(96B) AllocSpace objects, 0(0B) LOS objects, 23% free, 52MB/68MB, paused 632us total 28.460ms
08-05 18:08:06.173 15940 15971 I art     : Starting a blocking GC Explicit
08-05 18:08:06.201 15940 15971 I art     : Explicit concurrent mark sweep GC freed 3(96B) AllocSpace objects, 0(0B) LOS objects, 23% free, 52MB/68MB, paused 540us total 27.977ms
08-05 18:08:06.225   380   380 W SurfaceFlinger: couldn't log to binary event log: overflow.
08-05 18:08:06.488 15940 15952 I art     : Starting a blocking GC Explicit
08-05 18:08:06.513 15940 15952 I art     : Explicit concurrent mark sweep GC freed 1468(85KB) AllocSpace objects, 1(20KB) LOS objects, 23% free, 52MB/68MB, paused 563us total 25.384ms
08-05 18:08:06.524 15940 15952 I art     : Starting a blocking GC Explicit
08-05 18:08:06.549 15940 15952 I art     : Explicit concurrent mark sweep GC freed 46(1600B) AllocSpace objects, 0(0B) LOS objects, 23% free, 52MB/68MB, paused 590us total 24.989ms
08-05 18:08:06.560 15940 15952 I art     : Starting a blocking GC Explicit
08-05 18:08:06.585 15940 15952 I art     : Explicit concurrent mark sweep GC freed 13(480B) AllocSpace objects, 0(0B) LOS objects, 23% free, 52MB/68MB, paused 541us total 25.034ms
08-05 18:08:06.596 15940 15952 I art     : Starting a blocking GC Explicit
08-05 18:08:06.621 15940 15952 I art     : Explicit concurrent mark sweep GC freed 13(480B) AllocSpace objects, 0(0B) LOS objects, 23% free, 52MB/68MB, paused 561us total 24.513ms
08-05 18:08:06.632 15940 15952 I art     : Starting a blocking GC Explicit
08-05 18:08:06.656 15940 15952 I art     : Explicit concurrent mark sweep GC freed 13(480B) AllocSpace objects, 0(0B) LOS objects, 23% free, 52MB/68MB, paused 575us total 24.440ms
08-05 18:08:06.718 15940 17301 D OkHttp  : --> GET https://api-hillfair-2k16.herokuapp.com/api/app/events/special/event?id=5806551bdcba0f490c70fd1f http/1.1
08-05 18:08:06.757 15940 17301 D OkHttp  : <-- 200 OK https://api-hillfair-2k16.herokuapp.com/api/app/events/special/event?id=5806551bdcba0f490c70fd1f (39ms, 795-byte body)
08-05 18:08:06.811 15940 15940 I NAPPA_EXPERIMENTATION: MetricNetworkRequestExecutionTime: REQUEST_DURATION_SYSTEM='902',REQUEST_DURATION_OKHTTP='39',REQUEST_SYNCHRONOUS='FALSE',RESPONSE_CODE='200',RESPONSE_METHOD='GET',RESPONSE_LENGTH_OKHTTP='795',RESPONSE_LENGTH_HEADER='795',REQUEST_PROTOCOL='http/1.1',REQUEST_URL='https://api-hillfair-2k16.herokuapp.com/api/app/events/special/event?id=5806551bdcba0f490c70fd1f',
08-05 18:08:06.939 15940 16974 I art     : Starting a blocking GC Explicit
08-05 18:08:06.967 15940 16974 I art     : Explicit concurrent mark sweep GC freed 4766(310KB) AllocSpace objects, 4(220KB) LOS objects, 23% free, 52MB/68MB, paused 546us total 28.414ms
08-05 18:08:06.978 15940 16974 I art     : Starting a blocking GC Explicit
08-05 18:08:07.004 15940 16974 I art     : Explicit concurrent mark sweep GC freed 1036(119KB) AllocSpace objects, 0(0B) LOS objects, 23% free, 52MB/68MB, paused 528us total 25.150ms
08-05 18:08:07.015 15940 16974 I art     : Starting a blocking GC Explicit
08-05 18:08:07.040 15940 16974 I art     : Explicit concurrent mark sweep GC freed 3(96B) AllocSpace objects, 0(0B) LOS objects, 23% free, 52MB/68MB, paused 525us total 25.142ms
08-05 18:08:07.051 15940 16974 I art     : Starting a blocking GC Explicit
08-05 18:08:07.076 15940 16974 I art     : Explicit concurrent mark sweep GC freed 3(96B) AllocSpace objects, 0(0B) LOS objects, 23% free, 52MB/68MB, paused 486us total 24.434ms
08-05 18:08:07.087 15940 16974 I art     : Starting a blocking GC Explicit
08-05 18:08:07.112 15940 16974 I art     : Explicit concurrent mark sweep GC freed 3(96B) AllocSpace objects, 0(0B) LOS objects, 23% free, 52MB/68MB, paused 496us total 24.466ms
08-05 18:08:07.394 15940 15953 I art     : Starting a blocking GC Explicit
08-05 18:08:07.430 15940 15953 I art     : Explicit concurrent mark sweep GC freed 1341(78KB) AllocSpace objects, 1(20KB) LOS objects, 23% free, 52MB/68MB, paused 565us total 35.151ms
08-05 18:08:07.444 15940 15953 I art     : Starting a blocking GC Explicit
08-05 18:08:07.470 15940 15953 I art     : Explicit concurrent mark sweep GC freed 36(1264B) AllocSpace objects, 0(0B) LOS objects, 23% free, 52MB/68MB, paused 526us total 25.665ms
08-05 18:08:07.481 15940 15953 I art     : Starting a blocking GC Explicit
08-05 18:08:07.509 15940 15953 I art     : Explicit concurrent mark sweep GC freed 3(96B) AllocSpace objects, 0(0B) LOS objects, 23% free, 52MB/68MB, paused 557us total 27.729ms
08-05 18:08:07.521 15940 15953 I art     : Starting a blocking GC Explicit
08-05 18:08:07.549 15940 15953 I art     : Explicit concurrent mark sweep GC freed 3(96B) AllocSpace objects, 0(0B) LOS objects, 23% free, 52MB/68MB, paused 575us total 27.805ms
08-05 18:08:07.560 15940 15953 I art     : Starting a blocking GC Explicit
08-05 18:08:07.588 15940 15953 I art     : Explicit concurrent mark sweep GC freed 3(96B) AllocSpace objects, 0(0B) LOS objects, 23% free, 52MB/68MB, paused 603us total 27.692ms
08-05 18:08:07.760 12013 12013 I ServiceManager: Waiting for service AtCmdFwd...
08-05 18:08:07.919 15940 16420 I art     : Starting a blocking GC Explicit
08-05 18:08:07.953 15940 16420 I art     : Explicit concurrent mark sweep GC freed 1341(78KB) AllocSpace objects, 1(20KB) LOS objects, 23% free, 52MB/68MB, paused 621us total 33.617ms
08-05 18:08:07.968 15940 16420 I art     : Starting a blocking GC Explicit
08-05 18:08:07.995 15940 16420 I art     : Explicit concurrent mark sweep GC freed 20(704B) AllocSpace objects, 0(0B) LOS objects, 23% free, 52MB/68MB, paused 537us total 26.594ms
08-05 18:08:08.007 15940 16420 I art     : Starting a blocking GC Explicit
08-05 18:08:08.035 15940 16420 I art     : Explicit concurrent mark sweep GC freed 3(96B) AllocSpace objects, 0(0B) LOS objects, 23% free, 52MB/68MB, paused 533us total 27.830ms
08-05 18:08:08.046 15940 16420 I art     : Starting a blocking GC Explicit
08-05 18:08:08.075 15940 16420 I art     : Explicit concurrent mark sweep GC freed 3(96B) AllocSpace objects, 0(0B) LOS objects, 23% free, 52MB/68MB, paused 552us total 28.102ms
08-05 18:08:08.086 15940 16420 I art     : Starting a blocking GC Explicit
08-05 18:08:08.113 15940 16420 I art     : Explicit concurrent mark sweep GC freed 3(96B) AllocSpace objects, 0(0B) LOS objects, 23% free, 52MB/68MB, paused 559us total 26.744ms
08-05 18:08:08.457 15940 15952 I art     : Starting a blocking GC Explicit
08-05 18:08:08.493 15940 15952 I art     : Explicit concurrent mark sweep GC freed 1341(78KB) AllocSpace objects, 1(20KB) LOS objects, 23% free, 52MB/68MB, paused 595us total 34.998ms
08-05 18:08:08.508 15940 15952 I art     : Starting a blocking GC Explicit
08-05 18:08:08.536 15940 15952 I art     : Explicit concurrent mark sweep GC freed 20(704B) AllocSpace objects, 0(0B) LOS objects, 23% free, 52MB/68MB, paused 546us total 27.687ms
08-05 18:08:08.547 15940 15952 I art     : Starting a blocking GC Explicit
08-05 18:08:08.576 15940 15952 I art     : Explicit concurrent mark sweep GC freed 3(96B) AllocSpace objects, 0(0B) LOS objects, 23% free, 52MB/68MB, paused 555us total 28.264ms
08-05 18:08:08.587 15940 15952 I art     : Starting a blocking GC Explicit
08-05 18:08:08.614 15940 15952 I art     : Explicit concurrent mark sweep GC freed 3(96B) AllocSpace objects, 0(0B) LOS objects, 23% free, 52MB/68MB, paused 534us total 26.636ms
08-05 18:08:08.625 15940 15952 I art     : Starting a blocking GC Explicit
08-05 18:08:08.653 15940 15952 I art     : Explicit concurrent mark sweep GC freed 3(96B) AllocSpace objects, 0(0B) LOS objects, 23% free, 52MB/68MB, paused 570us total 27.643ms
08-05 18:08:08.761 12013 12013 I ServiceManager: Waiting for service AtCmdFwd...
08-05 18:08:08.987 15940 15971 I art     : Starting a blocking GC Explicit
08-05 18:08:09.017 15940 15971 I art     : Explicit concurrent mark sweep GC freed 1341(78KB) AllocSpace objects, 1(20KB) LOS objects, 23% free, 52MB/68MB, paused 669us total 30.482ms
08-05 18:08:09.031 15940 15971 I art     : Starting a blocking GC Explicit
08-05 18:08:09.059 15940 15971 I art     : Explicit concurrent mark sweep GC freed 20(704B) AllocSpace objects, 0(0B) LOS objects, 23% free, 52MB/68MB, paused 552us total 27.799ms
08-05 18:08:09.070 15940 15971 I art     : Starting a blocking GC Explicit
08-05 18:08:09.098 15940 15971 I art     : Explicit concurrent mark sweep GC freed 3(96B) AllocSpace objects, 0(0B) LOS objects, 23% free, 52MB/68MB, paused 561us total 27.457ms
08-05 18:08:09.109 15940 15971 I art     : Starting a blocking GC Explicit
08-05 18:08:09.137 15940 15971 I art     : Explicit concurrent mark sweep GC freed 3(96B) AllocSpace objects, 0(0B) LOS objects, 23% free, 52MB/68MB, paused 636us total 27.783ms
08-05 18:08:09.149 15940 15971 I art     : Starting a blocking GC Explicit
08-05 18:08:09.177 15940 15971 I art     : Explicit concurrent mark sweep GC freed 3(96B) AllocSpace objects, 0(0B) LOS objects, 23% free, 52MB/68MB, paused 719us total 28.311ms
08-05 18:08:09.439   918  3261 D WifiStateMachine: starting scan for "H369AA63323"WPA_PSK with 2412,5180
08-05 18:08:09.533 15940 16974 I art     : Starting a blocking GC Explicit
08-05 18:08:09.563 15940 16974 I art     : Explicit concurrent mark sweep GC freed 1341(78KB) AllocSpace objects, 1(20KB) LOS objects, 23% free, 52MB/68MB, paused 588us total 30.421ms
08-05 18:08:09.575 15940 16974 I art     : Starting a blocking GC Explicit
08-05 18:08:09.601 15940 16974 I art     : Explicit concurrent mark sweep GC freed 20(704B) AllocSpace objects, 0(0B) LOS objects, 23% free, 52MB/68MB, paused 534us total 25.626ms
08-05 18:08:09.612 15940 16974 I art     : Starting a blocking GC Explicit
08-05 18:08:09.640 15940 16974 I art     : Explicit concurrent mark sweep GC freed 3(96B) AllocSpace objects, 0(0B) LOS objects, 23% free, 52MB/68MB, paused 537us total 27.985ms
08-05 18:08:09.652 15940 16974 I art     : Starting a blocking GC Explicit
08-05 18:08:09.680 15940 16974 I art     : Explicit concurrent mark sweep GC freed 3(96B) AllocSpace objects, 0(0B) LOS objects, 23% free, 52MB/68MB, paused 504us total 28.025ms
08-05 18:08:09.691 15940 16974 I art     : Starting a blocking GC Explicit
08-05 18:08:09.719 15940 16974 I art     : Explicit concurrent mark sweep GC freed 3(96B) AllocSpace objects, 0(0B) LOS objects, 23% free, 52MB/68MB, paused 545us total 27.817ms
08-05 18:08:09.762 12013 12013 I ServiceManager: Waiting for service AtCmdFwd...
08-05 18:08:10.061 15940 15953 I art     : Starting a blocking GC Explicit
08-05 18:08:10.097 15940 15953 I art     : Explicit concurrent mark sweep GC freed 1341(78KB) AllocSpace objects, 1(20KB) LOS objects, 23% free, 52MB/68MB, paused 608us total 35.910ms
08-05 18:08:10.112 15940 15953 I art     : Starting a blocking GC Explicit
08-05 18:08:10.137 15940 15953 I art     : Explicit concurrent mark sweep GC freed 254(14KB) AllocSpace objects, 0(0B) LOS objects, 23% free, 52MB/68MB, paused 726us total 25.292ms
08-05 18:08:10.148 15940 15953 I art     : Starting a blocking GC Explicit
08-05 18:08:10.172 15940 15953 I art     : Explicit concurrent mark sweep GC freed 57(2304B) AllocSpace objects, 0(0B) LOS objects, 23% free, 52MB/68MB, paused 604us total 24.133ms
08-05 18:08:10.183 15940 15953 I art     : Starting a blocking GC Explicit
08-05 18:08:10.208 15940 15953 I art     : Explicit concurrent mark sweep GC freed 84(4KB) AllocSpace objects, 0(0B) LOS objects, 23% free, 52MB/68MB, paused 896us total 24.613ms
08-05 18:08:10.218 15940 15953 I art     : Starting a blocking GC Explicit
08-05 18:08:10.243 15940 15953 I art     : Explicit concurrent mark sweep GC freed 26(832B) AllocSpace objects, 0(0B) LOS objects, 23% free, 52MB/68MB, paused 600us total 24.272ms
08-05 18:08:10.331 15940 17401 W OneSignal: OneSignalRestClient: POST Error thrown from network stack. 
08-05 18:08:10.331 15940 17401 W OneSignal: java.io.IOException: unexpected end of stream on Connection{api.onesignal.com:443, proxy=HTTP@192.168.2.12:8080 hostAddress=192.168.2.12 cipherSuite=TLS_ECDHE_RSA_WITH_AES_128_GCM_SHA256 protocol=http/1.1} (recycle count=0)
08-05 18:08:10.331 15940 17401 W OneSignal: 	at com.android.okhttp.internal.http.HttpConnection.readResponse(HttpConnection.java:210)
08-05 18:08:10.331 15940 17401 W OneSignal: 	at com.android.okhttp.internal.http.HttpTransport.readResponseHeaders(HttpTransport.java:80)
08-05 18:08:10.331 15940 17401 W OneSignal: 	at com.android.okhttp.internal.http.HttpEngine.readNetworkResponse(HttpEngine.java:904)
08-05 18:08:10.331 15940 17401 W OneSignal: 	at com.android.okhttp.internal.http.HttpEngine.readResponse(HttpEngine.java:788)
08-05 18:08:10.331 15940 17401 W OneSignal: 	at com.android.okhttp.internal.huc.HttpURLConnectionImpl.execute(HttpURLConnectionImpl.java:439)
08-05 18:08:10.331 15940 17401 W OneSignal: 	at com.android.okhttp.internal.huc.HttpURLConnectionImpl.getResponse(HttpURLConnectionImpl.java:384)
08-05 18:08:10.331 15940 17401 W OneSignal: 	at com.android.okhttp.internal.huc.HttpURLConnectionImpl.getResponseCode(HttpURLConnectionImpl.java:497)
08-05 18:08:10.331 15940 17401 W OneSignal: 	at com.android.okhttp.internal.huc.DelegatingHttpsURLConnection.getResponseCode(DelegatingHttpsURLConnection.java:105)
08-05 18:08:10.331 15940 17401 W OneSignal: 	at com.android.okhttp.internal.huc.HttpsURLConnectionImpl.getResponseCode(HttpsURLConnectionImpl.java)
08-05 18:08:10.331 15940 17401 W OneSignal: 	at com.onesignal.OneSignalRestClient.startHTTPConnection(OneSignalRestClient.java:180)
08-05 18:08:10.331 15940 17401 W OneSignal: 	at com.onesignal.OneSignalRestClient.access$100(OneSignalRestClient.java:44)
08-05 18:08:10.331 15940 17401 W OneSignal: 	at com.onesignal.OneSignalRestClient$4.run(OneSignalRestClient.java:110)
08-05 18:08:10.331 15940 17401 W OneSignal: 	at java.lang.Thread.run(Thread.java:818)
08-05 18:08:10.331 15940 17401 W OneSignal: Caused by: java.io.EOFException: \n not found: size=0 content=...
08-05 18:08:10.331 15940 17401 W OneSignal: 	at com.android.okhttp.okio.RealBufferedSource.readUtf8LineStrict(RealBufferedSource.java:200)
08-05 18:08:10.331 15940 17401 W OneSignal: 	at com.android.okhttp.internal.http.HttpConnection.readResponse(HttpConnection.java:191)
08-05 18:08:10.331 15940 17401 W OneSignal: 	... 12 more
08-05 18:08:10.333 15940 17402 W OneSignal: Failed last request. statusCode: -1
08-05 18:08:10.333 15940 17402 W OneSignal: response: null
08-05 18:08:10.571 15940 16420 I art     : Starting a blocking GC Explicit
08-05 18:08:10.601 15940 16420 I art     : Explicit concurrent mark sweep GC freed 3586(224KB) AllocSpace objects, 1(20KB) LOS objects, 23% free, 52MB/68MB, paused 579us total 29.730ms
08-05 18:08:10.612 15940 16420 I art     : Starting a blocking GC Explicit
08-05 18:08:10.638 15940 16420 I art     : Explicit concurrent mark sweep GC freed 67(2432B) AllocSpace objects, 0(0B) LOS objects, 23% free, 52MB/68MB, paused 549us total 25.676ms
08-05 18:08:10.649 15940 16420 I art     : Starting a blocking GC Explicit
08-05 18:08:10.659 17399 17399 D AndroidRuntime: >>>>>> START com.android.internal.os.RuntimeInit uid 2000 <<<<<<
08-05 18:08:10.665 17399 17399 D AndroidRuntime: CheckJNI is OFF
08-05 18:08:10.675 15940 16420 I art     : Explicit concurrent mark sweep GC freed 3(96B) AllocSpace objects, 0(0B) LOS objects, 23% free, 52MB/68MB, paused 563us total 25.981ms
08-05 18:08:10.686 15940 16420 I art     : Starting a blocking GC Explicit
08-05 18:08:10.711 17399 17399 D ICU     : No timezone override file found: /data/misc/zoneinfo/current/icu/icu_tzdata.dat
08-05 18:08:10.712 15940 16420 I art     : Explicit concurrent mark sweep GC freed 3(96B) AllocSpace objects, 0(0B) LOS objects, 23% free, 52MB/68MB, paused 590us total 25.252ms
08-05 18:08:10.723 15940 16420 I art     : Starting a blocking GC Explicit
08-05 18:08:10.748 15940 16420 I art     : Explicit concurrent mark sweep GC freed 3(96B) AllocSpace objects, 0(0B) LOS objects, 23% free, 52MB/68MB, paused 574us total 25.277ms
08-05 18:08:10.759 17399 17399 I Radio-JNI: register_android_hardware_Radio DONE
08-05 18:08:10.763 12013 12013 I ServiceManager: Waiting for service AtCmdFwd...
08-05 18:08:10.789 17399 17399 D AndroidRuntime: Calling main entry com.android.commands.input.Input
08-05 18:08:10.791 17399 17399 I Input   : injectKeyEvent: KeyEvent { action=ACTION_DOWN, keyCode=KEYCODE_BACK, scanCode=0, metaState=0, flags=0x0, repeatCount=0, eventTime=814107204, downTime=814107204, deviceId=-1, source=0x101 }
08-05 18:08:10.797 17399 17399 I Input   : injectKeyEvent: KeyEvent { action=ACTION_UP, keyCode=KEYCODE_BACK, scanCode=0, metaState=0, flags=0x0, repeatCount=0, eventTime=814107204, downTime=814107204, deviceId=-1, source=0x101 }
08-05 18:08:10.803 17399 17399 D AndroidRuntime: Shutting down VM
08-05 18:08:10.839 13866 13866 I GoogleInputMethodServic: GoogleInputMethodService.onFinishInput():3138 
08-05 18:08:10.840 13866 13866 I GoogleInputMethodServic: GoogleInputMethodService.onStartInput():1808 
08-05 18:08:11.035 15940 15953 I art     : Starting a blocking GC Explicit
08-05 18:08:11.064 15940 15953 I art     : Explicit concurrent mark sweep GC freed 1511(85KB) AllocSpace objects, 1(20KB) LOS objects, 23% free, 52MB/68MB, paused 515us total 28.501ms
08-05 18:08:11.079 15940 15953 I art     : Starting a blocking GC Explicit
08-05 18:08:11.109 15940 15953 I art     : Explicit concurrent mark sweep GC freed 26(944B) AllocSpace objects, 0(0B) LOS objects, 23% free, 52MB/68MB, paused 528us total 30.172ms
08-05 18:08:11.121 15940 15953 I art     : Starting a blocking GC Explicit
08-05 18:08:11.146   380   380 W SurfaceFlinger: couldn't log to binary event log: overflow.
08-05 18:08:11.147 15940 15953 I art     : Explicit concurrent mark sweep GC freed 3(96B) AllocSpace objects, 0(0B) LOS objects, 23% free, 52MB/68MB, paused 539us total 24.957ms
08-05 18:08:11.162 15940 15953 I art     : Starting a blocking GC Explicit
08-05 18:08:11.185 15940 15953 I art     : Explicit concurrent mark sweep GC freed 112(8KB) AllocSpace objects, 0(0B) LOS objects, 23% free, 52MB/68MB, paused 526us total 23.376ms
08-05 18:08:11.196 15940 15953 I art     : Starting a blocking GC Explicit
08-05 18:08:11.219 15940 15953 I art     : Explicit concurrent mark sweep GC freed 1655(107KB) AllocSpace objects, 3(400KB) LOS objects, 23% free, 52MB/68MB, paused 543us total 23.326ms
08-05 18:08:11.507 15940 15952 I art     : Starting a blocking GC Explicit
08-05 18:08:11.542 15940 15952 I art     : Explicit concurrent mark sweep GC freed 1341(78KB) AllocSpace objects, 1(20KB) LOS objects, 23% free, 52MB/68MB, paused 601us total 34.779ms
08-05 18:08:11.555 15940 15952 I art     : Starting a blocking GC Explicit
08-05 18:08:11.580 15940 15952 I art     : Explicit concurrent mark sweep GC freed 20(704B) AllocSpace objects, 0(0B) LOS objects, 23% free, 52MB/68MB, paused 515us total 24.784ms
08-05 18:08:11.591 15940 15952 I art     : Starting a blocking GC Explicit
08-05 18:08:11.616 15940 15952 I art     : Explicit concurrent mark sweep GC freed 3(96B) AllocSpace objects, 0(0B) LOS objects, 23% free, 52MB/68MB, paused 526us total 24.616ms
08-05 18:08:11.627 15940 15952 I art     : Starting a blocking GC Explicit
08-05 18:08:11.652 15940 15952 I art     : Explicit concurrent mark sweep GC freed 3(96B) AllocSpace objects, 0(0B) LOS objects, 23% free, 52MB/68MB, paused 522us total 25.106ms
08-05 18:08:11.663 15940 15952 I art     : Starting a blocking GC Explicit
08-05 18:08:11.688 15940 15952 I art     : Explicit concurrent mark sweep GC freed 3(96B) AllocSpace objects, 0(0B) LOS objects, 23% free, 52MB/68MB, paused 530us total 24.676ms
08-05 18:08:11.764 12013 12013 I ServiceManager: Waiting for service AtCmdFwd...
08-05 18:08:12.002 15940 16974 I art     : Starting a blocking GC Explicit
08-05 18:08:12.035 15940 16974 I art     : Explicit concurrent mark sweep GC freed 1340(78KB) AllocSpace objects, 1(20KB) LOS objects, 23% free, 52MB/68MB, paused 607us total 32.455ms
08-05 18:08:12.046 15940 16974 I art     : Starting a blocking GC Explicit
08-05 18:08:12.071 15940 16974 I art     : Explicit concurrent mark sweep GC freed 20(704B) AllocSpace objects, 0(0B) LOS objects, 23% free, 52MB/68MB, paused 511us total 24.296ms
08-05 18:08:12.081 15940 16974 I art     : Starting a blocking GC Explicit
08-05 18:08:12.105 15940 16974 I art     : Explicit concurrent mark sweep GC freed 3(96B) AllocSpace objects, 0(0B) LOS objects, 23% free, 52MB/68MB, paused 572us total 23.505ms
08-05 18:08:12.116 15940 16974 I art     : Starting a blocking GC Explicit
08-05 18:08:12.139 15940 16974 I art     : Explicit concurrent mark sweep GC freed 3(96B) AllocSpace objects, 0(0B) LOS objects, 23% free, 52MB/68MB, paused 520us total 23.473ms
08-05 18:08:12.150 15940 16974 I art     : Starting a blocking GC Explicit
08-05 18:08:12.173 15940 16974 I art     : Explicit concurrent mark sweep GC freed 3(96B) AllocSpace objects, 0(0B) LOS objects, 23% free, 52MB/68MB, paused 555us total 23.240ms
08-05 18:08:12.474 15940 16420 I art     : Starting a blocking GC Explicit
08-05 18:08:12.504 15940 16420 I art     : Explicit concurrent mark sweep GC freed 1340(78KB) AllocSpace objects, 1(20KB) LOS objects, 23% free, 52MB/68MB, paused 583us total 29.659ms
08-05 18:08:12.518 15940 16420 I art     : Starting a blocking GC Explicit
08-05 18:08:12.542 15940 16420 I art     : Explicit concurrent mark sweep GC freed 20(704B) AllocSpace objects, 0(0B) LOS objects, 23% free, 52MB/68MB, paused 537us total 23.756ms
08-05 18:08:12.552 15940 16420 I art     : Starting a blocking GC Explicit
08-05 18:08:12.578 15940 16420 I art     : Explicit concurrent mark sweep GC freed 3(96B) AllocSpace objects, 0(0B) LOS objects, 23% free, 52MB/68MB, paused 574us total 25.435ms
08-05 18:08:12.589 15940 16420 I art     : Starting a blocking GC Explicit
08-05 18:08:12.593 17458 17458 D AndroidRuntime: >>>>>> START com.android.internal.os.RuntimeInit uid 2000 <<<<<<
08-05 18:08:12.599 17458 17458 D AndroidRuntime: CheckJNI is OFF
08-05 18:08:12.615 15940 16420 I art     : Explicit concurrent mark sweep GC freed 3(96B) AllocSpace objects, 0(0B) LOS objects, 23% free, 52MB/68MB, paused 569us total 25.077ms
08-05 18:08:12.625 15940 16420 I art     : Starting a blocking GC Explicit
08-05 18:08:12.646 17458 17458 D ICU     : No timezone override file found: /data/misc/zoneinfo/current/icu/icu_tzdata.dat
08-05 18:08:12.650 15940 16420 I art     : Explicit concurrent mark sweep GC freed 3(96B) AllocSpace objects, 0(0B) LOS objects, 23% free, 52MB/68MB, paused 560us total 24.358ms
08-05 18:08:12.691 17458 17458 I Radio-JNI: register_android_hardware_Radio DONE
08-05 18:08:12.721 17458 17458 D AndroidRuntime: Calling main entry com.android.commands.input.Input
08-05 18:08:12.722 17458 17458 I Input   : injectKeyEvent: KeyEvent { action=ACTION_DOWN, keyCode=KEYCODE_BACK, scanCode=0, metaState=0, flags=0x0, repeatCount=0, eventTime=814109136, downTime=814109136, deviceId=-1, source=0x101 }
08-05 18:08:12.729 17458 17458 I Input   : injectKeyEvent: KeyEvent { action=ACTION_UP, keyCode=KEYCODE_BACK, scanCode=0, metaState=0, flags=0x0, repeatCount=0, eventTime=814109136, downTime=814109136, deviceId=-1, source=0x101 }
08-05 18:08:12.736 17458 17458 D AndroidRuntime: Shutting down VM
08-05 18:08:12.764 12013 12013 W Atfwd_Sendcmd: AtCmdFwd service not published, waiting... retryCnt : 5
08-05 18:08:12.779 13866 13866 I GoogleInputMethodServic: GoogleInputMethodService.onFinishInput():3138 
08-05 18:08:12.780 13866 13866 I GoogleInputMethodServic: GoogleInputMethodService.onStartInput():1808 
08-05 18:08:12.930 15940 16420 I art     : Starting a blocking GC Explicit
08-05 18:08:12.955 15940 16420 I art     : Explicit concurrent mark sweep GC freed 1550(87KB) AllocSpace objects, 1(20KB) LOS objects, 23% free, 52MB/68MB, paused 668us total 24.701ms
08-05 18:08:12.965 15940 16420 I art     : Starting a blocking GC Explicit
08-05 18:08:12.989 15940 16420 I art     : Explicit concurrent mark sweep GC freed 39(1424B) AllocSpace objects, 0(0B) LOS objects, 23% free, 52MB/68MB, paused 477us total 24.074ms
08-05 18:08:13.000 15940 16420 I art     : Starting a blocking GC Explicit
08-05 18:08:13.024 15940 16420 I art     : Explicit concurrent mark sweep GC freed 3(96B) AllocSpace objects, 0(0B) LOS objects, 23% free, 52MB/68MB, paused 475us total 23.560ms
08-05 18:08:13.034 15940 16420 I art     : Starting a blocking GC Explicit
08-05 18:08:13.058 15940 16420 I art     : Explicit concurrent mark sweep GC freed 3(96B) AllocSpace objects, 0(0B) LOS objects, 23% free, 52MB/68MB, paused 487us total 23.491ms
08-05 18:08:13.068 15940 16420 I art     : Starting a blocking GC Explicit
08-05 18:08:13.092 15940 16420 I art     : Explicit concurrent mark sweep GC freed 525(26KB) AllocSpace objects, 0(0B) LOS objects, 23% free, 52MB/68MB, paused 587us total 24.300ms
08-05 18:08:13.400 15940 15953 I art     : Starting a blocking GC Explicit
08-05 18:08:13.435 15940 15953 I art     : Explicit concurrent mark sweep GC freed 1882(103KB) AllocSpace objects, 1(20KB) LOS objects, 23% free, 52MB/68MB, paused 641us total 34.297ms
08-05 18:08:13.449 15940 15953 I art     : Starting a blocking GC Explicit
08-05 18:08:13.476 15940 15953 I art     : Explicit concurrent mark sweep GC freed 2100(127KB) AllocSpace objects, 2(140KB) LOS objects, 23% free, 51MB/67MB, paused 550us total 26.846ms
08-05 18:08:13.487 15940 15953 I art     : Starting a blocking GC Explicit
08-05 18:08:13.511 15940 15953 I art     : Explicit concurrent mark sweep GC freed 3(96B) AllocSpace objects, 0(0B) LOS objects, 23% free, 51MB/67MB, paused 541us total 24.087ms
08-05 18:08:13.522 15940 15953 I art     : Starting a blocking GC Explicit
08-05 18:08:13.546 15940 15953 I art     : Explicit concurrent mark sweep GC freed 3(96B) AllocSpace objects, 0(0B) LOS objects, 23% free, 51MB/67MB, paused 538us total 23.727ms
08-05 18:08:13.557 15940 15953 I art     : Starting a blocking GC Explicit
08-05 18:08:13.581 15940 15953 I art     : Explicit concurrent mark sweep GC freed 3(96B) AllocSpace objects, 0(0B) LOS objects, 23% free, 51MB/67MB, paused 525us total 23.566ms
08-05 18:08:13.884 15940 15952 I art     : Starting a blocking GC Explicit
08-05 18:08:13.915 15940 15952 I art     : Explicit concurrent mark sweep GC freed 1340(78KB) AllocSpace objects, 1(20KB) LOS objects, 23% free, 51MB/67MB, paused 558us total 30.882ms
08-05 18:08:13.929 15940 15952 I art     : Starting a blocking GC Explicit
08-05 18:08:13.953 15940 15952 I art     : Explicit concurrent mark sweep GC freed 20(704B) AllocSpace objects, 0(0B) LOS objects, 23% free, 51MB/67MB, paused 543us total 24.065ms
08-05 18:08:13.964 15940 15952 I art     : Starting a blocking GC Explicit
08-05 18:08:13.987 15940 15952 I art     : Explicit concurrent mark sweep GC freed 3(96B) AllocSpace objects, 0(0B) LOS objects, 23% free, 51MB/67MB, paused 497us total 22.329ms
08-05 18:08:13.997 15940 15952 I art     : Starting a blocking GC Explicit
08-05 18:08:14.021 15940 15952 I art     : Explicit concurrent mark sweep GC freed 3(96B) AllocSpace objects, 0(0B) LOS objects, 23% free, 51MB/67MB, paused 530us total 23.024ms
08-05 18:08:14.031 15940 15952 I art     : Starting a blocking GC Explicit
08-05 18:08:14.054 15940 15952 I art     : Explicit concurrent mark sweep GC freed 3(96B) AllocSpace objects, 0(0B) LOS objects, 23% free, 51MB/67MB, paused 536us total 22.622ms
08-05 18:08:14.342 15940 15971 I art     : Starting a blocking GC Explicit
08-05 18:08:14.366 15940 15971 I art     : Explicit concurrent mark sweep GC freed 1338(78KB) AllocSpace objects, 1(20KB) LOS objects, 23% free, 51MB/67MB, paused 543us total 23.943ms
08-05 18:08:14.381 15940 15971 I art     : Starting a blocking GC Explicit
08-05 18:08:14.409 15940 15971 I art     : Explicit concurrent mark sweep GC freed 20(704B) AllocSpace objects, 0(0B) LOS objects, 23% free, 51MB/67MB, paused 558us total 28.213ms
08-05 18:08:14.420 15940 15971 I art     : Starting a blocking GC Explicit
08-05 18:08:14.444 15940 15971 I art     : Explicit concurrent mark sweep GC freed 3(96B) AllocSpace objects, 0(0B) LOS objects, 23% free, 51MB/67MB, paused 576us total 23.927ms
08-05 18:08:14.455 15940 15971 I art     : Starting a blocking GC Explicit
08-05 18:08:14.479 15940 15971 I art     : Explicit concurrent mark sweep GC freed 3(96B) AllocSpace objects, 0(0B) LOS objects, 23% free, 51MB/67MB, paused 536us total 24.117ms
08-05 18:08:14.490 15940 15971 I art     : Starting a blocking GC Explicit
08-05 18:08:14.515 15940 15971 I art     : Explicit concurrent mark sweep GC freed 3(96B) AllocSpace objects, 0(0B) LOS objects, 23% free, 51MB/67MB, paused 566us total 24.266ms
08-05 18:08:14.531 17513 17513 D AndroidRuntime: >>>>>> START com.android.internal.os.RuntimeInit uid 2000 <<<<<<
08-05 18:08:14.537 17513 17513 D AndroidRuntime: CheckJNI is OFF
08-05 18:08:14.580 17513 17513 D ICU     : No timezone override file found: /data/misc/zoneinfo/current/icu/icu_tzdata.dat
08-05 18:08:14.629 17513 17513 I Radio-JNI: register_android_hardware_Radio DONE
08-05 18:08:14.661 17513 17513 D AndroidRuntime: Calling main entry com.android.commands.input.Input
08-05 18:08:14.664 17513 17513 I Input   : injectMotionEvent: MotionEvent { action=ACTION_DOWN, actionButton=0, id[0]=0, x[0]=337.0, y[0]=1104.0, toolType[0]=TOOL_TYPE_UNKNOWN, buttonState=0, metaState=0, flags=0x0, edgeFlags=0x0, pointerCount=1, historySize=0, eventTime=814111076, downTime=814111076, deviceId=0, source=0x1002 }
08-05 18:08:14.676 17513 17513 I Input   : injectMotionEvent: MotionEvent { action=ACTION_UP, actionButton=0, id[0]=0, x[0]=337.0, y[0]=1104.0, toolType[0]=TOOL_TYPE_UNKNOWN, buttonState=0, metaState=0, flags=0x0, edgeFlags=0x0, pointerCount=1, historySize=0, eventTime=814111076, downTime=814111076, deviceId=0, source=0x1002 }
08-05 18:08:14.678   918  4413 I ActivityManager: START u0 {cmp=baseline.appteam.nith.hillffair/.activities.BattleDayActivity} from uid 10675 on display 0
08-05 18:08:14.689 17513 17513 D AndroidRuntime: Shutting down VM
08-05 18:08:14.771 13866 13866 I GoogleInputMethodServic: GoogleInputMethodService.onFinishInput():3138 
08-05 18:08:14.772 13866 13866 I GoogleInputMethodServic: GoogleInputMethodService.onStartInput():1808 
08-05 18:08:14.797   918   936 I ActivityManager: Displayed baseline.appteam.nith.hillffair/.activities.BattleDayActivity: +107ms
08-05 18:08:14.813 15940 16420 I art     : Starting a blocking GC Explicit
08-05 18:08:14.838 15940 16420 I art     : Explicit concurrent mark sweep GC freed 6361(383KB) AllocSpace objects, 1(20KB) LOS objects, 23% free, 52MB/68MB, paused 635us total 25.373ms
08-05 18:08:14.849 15940 16420 I art     : Starting a blocking GC Explicit
08-05 18:08:14.871 15940 16420 I art     : Explicit concurrent mark sweep GC freed 258(11KB) AllocSpace objects, 0(0B) LOS objects, 23% free, 52MB/68MB, paused 548us total 22.241ms
08-05 18:08:14.882 15940 16420 I art     : Starting a blocking GC Explicit
08-05 18:08:14.906 15940 16420 I art     : Explicit concurrent mark sweep GC freed 3(96B) AllocSpace objects, 0(0B) LOS objects, 23% free, 52MB/68MB, paused 640us total 23.755ms
08-05 18:08:14.916 15940 16420 I art     : Starting a blocking GC Explicit
08-05 18:08:14.943 15940 16420 I art     : Explicit concurrent mark sweep GC freed 3(96B) AllocSpace objects, 0(0B) LOS objects, 23% free, 52MB/68MB, paused 603us total 25.955ms
08-05 18:08:14.955 15940 16420 I art     : Starting a blocking GC Explicit
08-05 18:08:14.982 15940 16420 I art     : Explicit concurrent mark sweep GC freed 3(96B) AllocSpace objects, 0(0B) LOS objects, 23% free, 52MB/68MB, paused 713us total 26.856ms
08-05 18:08:15.051   380   380 W SurfaceFlinger: couldn't log to binary event log: overflow.
08-05 18:08:15.221 15940 17542 D OkHttp  : --> GET https://api-hillfair-2k16.herokuapp.com/api/app/events/special http/1.1
08-05 18:08:15.261 15940 17542 D OkHttp  : <-- 200 OK https://api-hillfair-2k16.herokuapp.com/api/app/events/special (39ms, 554-byte body)
08-05 18:08:15.277 15940 15953 I art     : Starting a blocking GC Explicit
08-05 18:08:15.303 15940 15940 I NAPPA_EXPERIMENTATION: MetricNetworkRequestExecutionTime: REQUEST_DURATION_SYSTEM='580',REQUEST_DURATION_OKHTTP='40',REQUEST_SYNCHRONOUS='FALSE',RESPONSE_CODE='200',RESPONSE_METHOD='GET',RESPONSE_LENGTH_OKHTTP='554',RESPONSE_LENGTH_HEADER='554',REQUEST_PROTOCOL='http/1.1',REQUEST_URL='https://api-hillfair-2k16.herokuapp.com/api/app/events/special',
08-05 18:08:15.304 15940 15953 I art     : Explicit concurrent mark sweep GC freed 4253(251KB) AllocSpace objects, 4(220KB) LOS objects, 23% free, 52MB/68MB, paused 858us total 26.405ms
08-05 18:08:15.315 15940 15953 I art     : Starting a blocking GC Explicit
08-05 18:08:15.339 15940 15953 I art     : Explicit concurrent mark sweep GC freed 1631(178KB) AllocSpace objects, 0(0B) LOS objects, 23% free, 52MB/68MB, paused 705us total 23.946ms
08-05 18:08:15.350 15940 15953 I art     : Starting a blocking GC Explicit
08-05 18:08:15.374 15940 15953 I art     : Explicit concurrent mark sweep GC freed 201(7KB) AllocSpace objects, 0(0B) LOS objects, 23% free, 52MB/68MB, paused 522us total 23.343ms
08-05 18:08:15.384 15940 15953 I art     : Starting a blocking GC Explicit
08-05 18:08:15.408 15940 15953 I art     : Explicit concurrent mark sweep GC freed 3(96B) AllocSpace objects, 0(0B) LOS objects, 23% free, 52MB/68MB, paused 572us total 23.572ms
08-05 18:08:15.419 15940 15953 I art     : Starting a blocking GC Explicit
08-05 18:08:15.444 15940 15953 I art     : Explicit concurrent mark sweep GC freed 3(96B) AllocSpace objects, 0(0B) LOS objects, 23% free, 52MB/68MB, paused 558us total 24.705ms
08-05 18:08:15.745 15940 15952 I art     : Starting a blocking GC Explicit
08-05 18:08:15.780 15940 15952 I art     : Explicit concurrent mark sweep GC freed 1340(78KB) AllocSpace objects, 1(20KB) LOS objects, 23% free, 52MB/68MB, paused 590us total 34.777ms
08-05 18:08:15.795 15940 15952 I art     : Starting a blocking GC Explicit
08-05 18:08:15.819 15940 15952 I art     : Explicit concurrent mark sweep GC freed 20(704B) AllocSpace objects, 0(0B) LOS objects, 23% free, 52MB/68MB, paused 569us total 24.453ms
08-05 18:08:15.830 15940 15952 I art     : Starting a blocking GC Explicit
08-05 18:08:15.855 15940 15952 I art     : Explicit concurrent mark sweep GC freed 3(96B) AllocSpace objects, 0(0B) LOS objects, 23% free, 52MB/68MB, paused 574us total 25.118ms
08-05 18:08:15.866 15940 15952 I art     : Starting a blocking GC Explicit
08-05 18:08:15.892 15940 15952 I art     : Explicit concurrent mark sweep GC freed 3(96B) AllocSpace objects, 0(0B) LOS objects, 23% free, 52MB/68MB, paused 581us total 24.948ms
08-05 18:08:15.903 15940 15952 I art     : Starting a blocking GC Explicit
08-05 18:08:15.928 15940 15952 I art     : Explicit concurrent mark sweep GC freed 3(96B) AllocSpace objects, 0(0B) LOS objects, 23% free, 52MB/68MB, paused 583us total 25.410ms
08-05 18:08:16.244 15940 16974 I art     : Starting a blocking GC Explicit
08-05 18:08:16.275 15940 16974 I art     : Explicit concurrent mark sweep GC freed 1340(78KB) AllocSpace objects, 1(20KB) LOS objects, 23% free, 52MB/68MB, paused 610us total 31.151ms
08-05 18:08:16.288 15940 16974 I art     : Starting a blocking GC Explicit
08-05 18:08:16.314 15940 16974 I art     : Explicit concurrent mark sweep GC freed 20(704B) AllocSpace objects, 0(0B) LOS objects, 23% free, 52MB/68MB, paused 545us total 25.323ms
08-05 18:08:16.325 15940 16974 I art     : Starting a blocking GC Explicit
08-05 18:08:16.352 15940 16974 I art     : Explicit concurrent mark sweep GC freed 3(96B) AllocSpace objects, 0(0B) LOS objects, 23% free, 52MB/68MB, paused 551us total 27.298ms
08-05 18:08:16.363 15940 16974 I art     : Starting a blocking GC Explicit
08-05 18:08:16.390 15940 16974 I art     : Explicit concurrent mark sweep GC freed 3(96B) AllocSpace objects, 0(0B) LOS objects, 23% free, 52MB/68MB, paused 576us total 26.172ms
08-05 18:08:16.401 15940 16974 I art     : Starting a blocking GC Explicit
08-05 18:08:16.429 15940 16974 I art     : Explicit concurrent mark sweep GC freed 3(96B) AllocSpace objects, 0(0B) LOS objects, 23% free, 52MB/68MB, paused 576us total 27.522ms
08-05 18:08:16.761 15940 16420 I art     : Starting a blocking GC Explicit
08-05 18:08:16.794 15940 16420 I art     : Explicit concurrent mark sweep GC freed 1340(78KB) AllocSpace objects, 1(20KB) LOS objects, 23% free, 52MB/68MB, paused 622us total 32.496ms
08-05 18:08:16.809 15940 16420 I art     : Starting a blocking GC Explicit
08-05 18:08:16.835 15940 16420 I art     : Explicit concurrent mark sweep GC freed 20(704B) AllocSpace objects, 0(0B) LOS objects, 23% free, 52MB/68MB, paused 565us total 25.448ms
08-05 18:08:16.846 15940 16420 I art     : Starting a blocking GC Explicit
08-05 18:08:16.872 15940 16420 I art     : Explicit concurrent mark sweep GC freed 3(96B) AllocSpace objects, 0(0B) LOS objects, 23% free, 52MB/68MB, paused 570us total 25.664ms
08-05 18:08:16.883 15940 16420 I art     : Starting a blocking GC Explicit
08-05 18:08:16.910 15940 16420 I art     : Explicit concurrent mark sweep GC freed 3(96B) AllocSpace objects, 0(0B) LOS objects, 23% free, 52MB/68MB, paused 591us total 27.069ms
08-05 18:08:16.922 15940 16420 I art     : Starting a blocking GC Explicit
08-05 18:08:16.950 15940 16420 I art     : Explicit concurrent mark sweep GC freed 3(96B) AllocSpace objects, 0(0B) LOS objects, 23% free, 52MB/68MB, paused 581us total 27.847ms
08-05 18:08:17.285 15940 15971 I art     : Starting a blocking GC Explicit
08-05 18:08:17.320 15940 15971 I art     : Explicit concurrent mark sweep GC freed 1340(78KB) AllocSpace objects, 1(20KB) LOS objects, 23% free, 52MB/68MB, paused 596us total 34.551ms
08-05 18:08:17.335 15940 15971 I art     : Starting a blocking GC Explicit
08-05 18:08:17.362 15940 15971 I art     : Explicit concurrent mark sweep GC freed 20(704B) AllocSpace objects, 0(0B) LOS objects, 23% free, 52MB/68MB, paused 581us total 26.796ms
08-05 18:08:17.373 15940 15971 I art     : Starting a blocking GC Explicit
08-05 18:08:17.400 15940 15971 I art     : Explicit concurrent mark sweep GC freed 3(96B) AllocSpace objects, 0(0B) LOS objects, 23% free, 52MB/68MB, paused 576us total 26.512ms
08-05 18:08:17.411 15940 15971 I art     : Starting a blocking GC Explicit
08-05 18:08:17.438 15940 15971 I art     : Explicit concurrent mark sweep GC freed 3(96B) AllocSpace objects, 0(0B) LOS objects, 23% free, 52MB/68MB, paused 596us total 26.774ms
08-05 18:08:17.449 15940 15971 I art     : Starting a blocking GC Explicit
08-05 18:08:17.477 15940 15971 I art     : Explicit concurrent mark sweep GC freed 3(96B) AllocSpace objects, 0(0B) LOS objects, 23% free, 52MB/68MB, paused 639us total 27.213ms
08-05 18:08:17.817 15940 15953 I art     : Starting a blocking GC Explicit
08-05 18:08:17.850 15940 15953 I art     : Explicit concurrent mark sweep GC freed 1340(78KB) AllocSpace objects, 1(20KB) LOS objects, 23% free, 52MB/68MB, paused 608us total 32.950ms
08-05 18:08:17.863 15940 15953 I art     : Starting a blocking GC Explicit
08-05 18:08:17.891 15940 15953 I art     : Explicit concurrent mark sweep GC freed 20(704B) AllocSpace objects, 0(0B) LOS objects, 23% free, 52MB/68MB, paused 527us total 27.264ms
08-05 18:08:17.902 15940 15953 I art     : Starting a blocking GC Explicit
08-05 18:08:17.929 15940 15953 I art     : Explicit concurrent mark sweep GC freed 3(96B) AllocSpace objects, 0(0B) LOS objects, 23% free, 52MB/68MB, paused 569us total 26.972ms
08-05 18:08:17.941 15940 15953 I art     : Starting a blocking GC Explicit
08-05 18:08:17.968 15940 15953 I art     : Explicit concurrent mark sweep GC freed 3(96B) AllocSpace objects, 0(0B) LOS objects, 23% free, 52MB/68MB, paused 590us total 27.461ms
08-05 18:08:17.980 15940 15953 I art     : Starting a blocking GC Explicit
08-05 18:08:18.006 15940 15953 I art     : Explicit concurrent mark sweep GC freed 3(96B) AllocSpace objects, 0(0B) LOS objects, 23% free, 52MB/68MB, paused 571us total 26.542ms
08-05 18:08:18.361 15940 15952 I art     : Starting a blocking GC Explicit
08-05 18:08:18.395 15940 15952 I art     : Explicit concurrent mark sweep GC freed 1340(78KB) AllocSpace objects, 1(20KB) LOS objects, 23% free, 52MB/68MB, paused 577us total 33.493ms
08-05 18:08:18.409 15940 15952 I art     : Starting a blocking GC Explicit
08-05 18:08:18.440 15940 15952 I art     : Explicit concurrent mark sweep GC freed 20(704B) AllocSpace objects, 0(0B) LOS objects, 23% free, 52MB/68MB, paused 576us total 30.138ms
08-05 18:08:18.451 15940 15952 I art     : Starting a blocking GC Explicit
08-05 18:08:18.479 15940 15952 I art     : Explicit concurrent mark sweep GC freed 3(96B) AllocSpace objects, 0(0B) LOS objects, 23% free, 52MB/68MB, paused 621us total 27.760ms
08-05 18:08:18.490 15940 15952 I art     : Starting a blocking GC Explicit
08-05 18:08:18.518 15940 15952 I art     : Explicit concurrent mark sweep GC freed 3(96B) AllocSpace objects, 0(0B) LOS objects, 23% free, 52MB/68MB, paused 626us total 27.349ms
08-05 18:08:18.529 15940 15952 I art     : Starting a blocking GC Explicit
08-05 18:08:18.557 15940 15952 I art     : Explicit concurrent mark sweep GC freed 3(96B) AllocSpace objects, 0(0B) LOS objects, 23% free, 52MB/68MB, paused 576us total 27.250ms
08-05 18:08:18.894 15940 16974 I art     : Starting a blocking GC Explicit
08-05 18:08:18.926 15940 16974 I art     : Explicit concurrent mark sweep GC freed 1340(78KB) AllocSpace objects, 1(20KB) LOS objects, 23% free, 52MB/68MB, paused 592us total 31.201ms
08-05 18:08:18.941 15940 16974 I art     : Starting a blocking GC Explicit
08-05 18:08:18.965 15940 16974 I art     : Explicit concurrent mark sweep GC freed 20(704B) AllocSpace objects, 0(0B) LOS objects, 23% free, 52MB/68MB, paused 549us total 23.671ms
08-05 18:08:18.976 15940 16974 I art     : Starting a blocking GC Explicit
08-05 18:08:19.000 15940 16974 I art     : Explicit concurrent mark sweep GC freed 3(96B) AllocSpace objects, 0(0B) LOS objects, 23% free, 52MB/68MB, paused 593us total 24.164ms
08-05 18:08:19.011 15940 16974 I art     : Starting a blocking GC Explicit
08-05 18:08:19.035 15940 16974 I art     : Explicit concurrent mark sweep GC freed 3(96B) AllocSpace objects, 0(0B) LOS objects, 23% free, 52MB/68MB, paused 571us total 24.245ms
08-05 18:08:19.046 15940 16974 I art     : Starting a blocking GC Explicit
08-05 18:08:19.070 15940 16974 I art     : Explicit concurrent mark sweep GC freed 3(96B) AllocSpace objects, 0(0B) LOS objects, 23% free, 52MB/68MB, paused 606us total 24.160ms
08-05 18:08:19.388 15940 16420 I art     : Starting a blocking GC Explicit
08-05 18:08:19.415 15940 16420 I art     : Explicit concurrent mark sweep GC freed 1340(78KB) AllocSpace objects, 1(20KB) LOS objects, 23% free, 52MB/68MB, paused 645us total 26.633ms
08-05 18:08:19.430 15940 16420 I art     : Starting a blocking GC Explicit
08-05 18:08:19.456 15940 16420 I art     : Explicit concurrent mark sweep GC freed 20(704B) AllocSpace objects, 0(0B) LOS objects, 23% free, 52MB/68MB, paused 585us total 25.192ms
08-05 18:08:19.467 15940 16420 I art     : Starting a blocking GC Explicit
08-05 18:08:19.482 17633 17633 D AndroidRuntime: >>>>>> START com.android.internal.os.RuntimeInit uid 2000 <<<<<<
08-05 18:08:19.488 17633 17633 D AndroidRuntime: CheckJNI is OFF
08-05 18:08:19.493 15940 16420 I art     : Explicit concurrent mark sweep GC freed 3(96B) AllocSpace objects, 0(0B) LOS objects, 23% free, 52MB/68MB, paused 592us total 25.738ms
08-05 18:08:19.504 15940 16420 I art     : Starting a blocking GC Explicit
08-05 18:08:19.529 15940 16420 I art     : Explicit concurrent mark sweep GC freed 3(96B) AllocSpace objects, 0(0B) LOS objects, 23% free, 52MB/68MB, paused 614us total 25.450ms
08-05 18:08:19.534 17633 17633 D ICU     : No timezone override file found: /data/misc/zoneinfo/current/icu/icu_tzdata.dat
08-05 18:08:19.540 15940 16420 I art     : Starting a blocking GC Explicit
08-05 18:08:19.565 15940 16420 I art     : Explicit concurrent mark sweep GC freed 3(96B) AllocSpace objects, 0(0B) LOS objects, 23% free, 52MB/68MB, paused 575us total 25.069ms
08-05 18:08:19.582 17633 17633 I Radio-JNI: register_android_hardware_Radio DONE
08-05 18:08:19.611 17633 17633 D AndroidRuntime: Calling main entry com.android.commands.input.Input
08-05 18:08:19.614 17633 17633 I Input   : injectMotionEvent: MotionEvent { action=ACTION_DOWN, actionButton=0, id[0]=0, x[0]=733.0, y[0]=645.0, toolType[0]=TOOL_TYPE_UNKNOWN, buttonState=0, metaState=0, flags=0x0, edgeFlags=0x0, pointerCount=1, historySize=0, eventTime=814116027, downTime=814116027, deviceId=0, source=0x1002 }
08-05 18:08:19.620 17633 17633 I Input   : injectMotionEvent: MotionEvent { action=ACTION_UP, actionButton=0, id[0]=0, x[0]=733.0, y[0]=645.0, toolType[0]=TOOL_TYPE_UNKNOWN, buttonState=0, metaState=0, flags=0x0, edgeFlags=0x0, pointerCount=1, historySize=0, eventTime=814116027, downTime=814116027, deviceId=0, source=0x1002 }
08-05 18:08:19.622   918  6111 I ActivityManager: START u0 {cmp=baseline.appteam.nith.hillffair/.activities.ClubActivity (has extras)} from uid 10675 on display 0
08-05 18:08:19.629 17633 17633 D AndroidRuntime: Shutting down VM
08-05 18:08:19.727 13866 13866 I GoogleInputMethodServic: GoogleInputMethodService.onFinishInput():3138 
08-05 18:08:19.727 13866 13866 I GoogleInputMethodServic: GoogleInputMethodService.onStartInput():1808 
08-05 18:08:19.728   918   936 I ActivityManager: Displayed baseline.appteam.nith.hillffair/.activities.ClubActivity: +97ms
08-05 18:08:19.841 15940 15953 I art     : Starting a blocking GC Explicit
08-05 18:08:19.871 15940 15953 I art     : Explicit concurrent mark sweep GC freed 5306(332KB) AllocSpace objects, 1(20KB) LOS objects, 23% free, 52MB/68MB, paused 645us total 29.695ms
08-05 18:08:19.884 15940 15953 I art     : Starting a blocking GC Explicit
08-05 18:08:19.913 15940 15953 I art     : Explicit concurrent mark sweep GC freed 212(9KB) AllocSpace objects, 0(0B) LOS objects, 23% free, 52MB/68MB, paused 613us total 29.123ms
08-05 18:08:19.924 15940 15953 I art     : Starting a blocking GC Explicit
08-05 18:08:19.951 15940 15953 I art     : Explicit concurrent mark sweep GC freed 3(96B) AllocSpace objects, 0(0B) LOS objects, 23% free, 52MB/68MB, paused 630us total 26.234ms
08-05 18:08:19.963 15940 15953 I art     : Starting a blocking GC Explicit
08-05 18:08:19.972   380   380 W SurfaceFlinger: couldn't log to binary event log: overflow.
08-05 18:08:19.990 15940 15953 I art     : Explicit concurrent mark sweep GC freed 3(96B) AllocSpace objects, 0(0B) LOS objects, 23% free, 52MB/68MB, paused 658us total 26.124ms
08-05 18:08:20.000 15940 15953 I art     : Starting a blocking GC Explicit
08-05 18:08:20.023 15940 15953 I art     : Explicit concurrent mark sweep GC freed 3(96B) AllocSpace objects, 0(0B) LOS objects, 23% free, 52MB/68MB, paused 617us total 22.755ms
08-05 18:08:20.323 15940 16974 I art     : Starting a blocking GC Explicit
08-05 18:08:20.360 15940 16974 I art     : Explicit concurrent mark sweep GC freed 1483(85KB) AllocSpace objects, 1(20KB) LOS objects, 23% free, 52MB/68MB, paused 1.365ms total 36.515ms
08-05 18:08:20.373 15940 16974 I art     : Starting a blocking GC Explicit
08-05 18:08:20.400 15940 16974 I art     : Explicit concurrent mark sweep GC freed 57(1968B) AllocSpace objects, 0(0B) LOS objects, 23% free, 52MB/68MB, paused 638us total 26.361ms
08-05 18:08:20.411 15940 16974 I art     : Starting a blocking GC Explicit
08-05 18:08:20.434 15940 17657 D OkHttp  : --> GET https://api-hillfair-2k16.herokuapp.com/api/app/events/special/event?id=5806551bdcba0f490c70fd1f http/1.1
08-05 18:08:20.437 15940 16974 I art     : Explicit concurrent mark sweep GC freed 2575(133KB) AllocSpace objects, 2(120KB) LOS objects, 23% free, 52MB/68MB, paused 751us total 26.105ms
08-05 18:08:20.447 15940 16974 I art     : Starting a blocking GC Explicit
08-05 18:08:20.473 15940 16974 I art     : Explicit concurrent mark sweep GC freed 974(117KB) AllocSpace objects, 1(80KB) LOS objects, 23% free, 52MB/68MB, paused 632us total 25.047ms
08-05 18:08:20.475 15940 17657 D OkHttp  : <-- 200 OK https://api-hillfair-2k16.herokuapp.com/api/app/events/special/event?id=5806551bdcba0f490c70fd1f (40ms, 795-byte body)
08-05 18:08:20.483 15940 16974 I art     : Starting a blocking GC Explicit
08-05 18:08:20.508 15940 16974 I art     : Explicit concurrent mark sweep GC freed 224(34KB) AllocSpace objects, 0(0B) LOS objects, 23% free, 52MB/68MB, paused 744us total 24.736ms
08-05 18:08:20.524 15940 15940 I NAPPA_EXPERIMENTATION: MetricNetworkRequestExecutionTime: REQUEST_DURATION_SYSTEM='863',REQUEST_DURATION_OKHTTP='40',REQUEST_SYNCHRONOUS='FALSE',RESPONSE_CODE='200',RESPONSE_METHOD='GET',RESPONSE_LENGTH_OKHTTP='795',RESPONSE_LENGTH_HEADER='795',REQUEST_PROTOCOL='http/1.1',REQUEST_URL='https://api-hillfair-2k16.herokuapp.com/api/app/events/special/event?id=5806551bdcba0f490c70fd1f',
08-05 18:08:20.812 15940 15953 I art     : Starting a blocking GC Explicit
08-05 18:08:20.839 15940 15953 I art     : Explicit concurrent mark sweep GC freed 1966(143KB) AllocSpace objects, 1(20KB) LOS objects, 23% free, 52MB/68MB, paused 591us total 26.502ms
08-05 18:08:20.851 15940 15953 I art     : Starting a blocking GC Explicit
08-05 18:08:20.876 15940 15953 I art     : Explicit concurrent mark sweep GC freed 63(2112B) AllocSpace objects, 0(0B) LOS objects, 23% free, 52MB/68MB, paused 562us total 25.167ms
08-05 18:08:20.887 15940 15953 I art     : Starting a blocking GC Explicit
08-05 18:08:20.913 15940 15953 I art     : Explicit concurrent mark sweep GC freed 3(96B) AllocSpace objects, 0(0B) LOS objects, 23% free, 52MB/68MB, paused 595us total 25.627ms
08-05 18:08:20.924 15940 15953 I art     : Starting a blocking GC Explicit
08-05 18:08:20.949 15940 15953 I art     : Explicit concurrent mark sweep GC freed 19(656B) AllocSpace objects, 0(0B) LOS objects, 23% free, 52MB/68MB, paused 601us total 25.058ms
08-05 18:08:20.960 15940 15953 I art     : Starting a blocking GC Explicit
08-05 18:08:20.987 15940 15953 I art     : Explicit concurrent mark sweep GC freed 3(96B) AllocSpace objects, 0(0B) LOS objects, 23% free, 52MB/68MB, paused 588us total 26.128ms
08-05 18:08:21.299 15940 15971 I art     : Starting a blocking GC Explicit
08-05 18:08:21.335 15940 15971 I art     : Explicit concurrent mark sweep GC freed 1341(78KB) AllocSpace objects, 1(20KB) LOS objects, 23% free, 52MB/68MB, paused 637us total 35.077ms
08-05 18:08:21.349 15940 15971 I art     : Starting a blocking GC Explicit
08-05 18:08:21.377 15940 15971 I art     : Explicit concurrent mark sweep GC freed 20(704B) AllocSpace objects, 0(0B) LOS objects, 23% free, 52MB/68MB, paused 682us total 28.114ms
08-05 18:08:21.388 15940 15971 I art     : Starting a blocking GC Explicit
08-05 18:08:21.417 15940 15971 I art     : Explicit concurrent mark sweep GC freed 3(96B) AllocSpace objects, 0(0B) LOS objects, 23% free, 52MB/68MB, paused 712us total 28.506ms
08-05 18:08:21.429 15940 15971 I art     : Starting a blocking GC Explicit
08-05 18:08:21.458 15940 15971 I art     : Explicit concurrent mark sweep GC freed 3(96B) AllocSpace objects, 0(0B) LOS objects, 23% free, 52MB/68MB, paused 627us total 29.316ms
08-05 18:08:21.470 15940 15971 I art     : Starting a blocking GC Explicit
08-05 18:08:21.499 15940 15971 I art     : Explicit concurrent mark sweep GC freed 3(96B) AllocSpace objects, 0(0B) LOS objects, 23% free, 52MB/68MB, paused 605us total 28.916ms
08-05 18:08:21.843 15940 16974 I art     : Starting a blocking GC Explicit
08-05 18:08:21.881 15940 16974 I art     : Explicit concurrent mark sweep GC freed 1341(78KB) AllocSpace objects, 1(20KB) LOS objects, 23% free, 52MB/68MB, paused 625us total 37.165ms
08-05 18:08:21.897 15940 16974 I art     : Starting a blocking GC Explicit
08-05 18:08:21.925 15940 16974 I art     : Explicit concurrent mark sweep GC freed 20(704B) AllocSpace objects, 0(0B) LOS objects, 23% free, 52MB/68MB, paused 636us total 28.488ms
08-05 18:08:21.937 15940 16974 I art     : Starting a blocking GC Explicit
08-05 18:08:21.965 15940 16974 I art     : Explicit concurrent mark sweep GC freed 3(96B) AllocSpace objects, 0(0B) LOS objects, 23% free, 52MB/68MB, paused 615us total 28.427ms
08-05 18:08:21.977 15940 16974 I art     : Starting a blocking GC Explicit
08-05 18:08:22.006 15940 16974 I art     : Explicit concurrent mark sweep GC freed 3(96B) AllocSpace objects, 0(0B) LOS objects, 23% free, 52MB/68MB, paused 589us total 28.830ms
08-05 18:08:22.017 15940 16974 I art     : Starting a blocking GC Explicit
08-05 18:08:22.044 15940 16974 I art     : Explicit concurrent mark sweep GC freed 3(96B) AllocSpace objects, 0(0B) LOS objects, 23% free, 52MB/68MB, paused 597us total 26.475ms
08-05 18:08:22.359 15940 15952 I art     : Starting a blocking GC Explicit
08-05 18:08:22.391 15940 15952 I art     : Explicit concurrent mark sweep GC freed 1341(78KB) AllocSpace objects, 1(20KB) LOS objects, 23% free, 52MB/68MB, paused 618us total 31.844ms
08-05 18:08:22.404 15940 15952 I art     : Starting a blocking GC Explicit
08-05 18:08:22.434 15940 15952 I art     : Explicit concurrent mark sweep GC freed 20(704B) AllocSpace objects, 0(0B) LOS objects, 23% free, 52MB/68MB, paused 601us total 29.097ms
08-05 18:08:22.445 15940 15952 I art     : Starting a blocking GC Explicit
08-05 18:08:22.474 15940 15952 I art     : Explicit concurrent mark sweep GC freed 3(96B) AllocSpace objects, 0(0B) LOS objects, 23% free, 52MB/68MB, paused 602us total 27.874ms
08-05 18:08:22.485 15940 15952 I art     : Starting a blocking GC Explicit
08-05 18:08:22.514 15940 15952 I art     : Explicit concurrent mark sweep GC freed 3(96B) AllocSpace objects, 0(0B) LOS objects, 23% free, 52MB/68MB, paused 666us total 28.935ms
08-05 18:08:22.526 15940 15952 I art     : Starting a blocking GC Explicit
08-05 18:08:22.555 15940 15952 I art     : Explicit concurrent mark sweep GC freed 3(96B) AllocSpace objects, 0(0B) LOS objects, 23% free, 52MB/68MB, paused 598us total 29.338ms
08-05 18:08:22.892 15940 16420 I art     : Starting a blocking GC Explicit
08-05 18:08:22.929 15940 16420 I art     : Explicit concurrent mark sweep GC freed 1341(78KB) AllocSpace objects, 1(20KB) LOS objects, 23% free, 52MB/68MB, paused 730us total 36.337ms
08-05 18:08:22.944 15940 16420 I art     : Starting a blocking GC Explicit
08-05 18:08:22.976 15940 16420 I art     : Explicit concurrent mark sweep GC freed 20(704B) AllocSpace objects, 0(0B) LOS objects, 23% free, 52MB/68MB, paused 636us total 32.180ms
08-05 18:08:22.989 15940 16420 I art     : Starting a blocking GC Explicit
08-05 18:08:23.018 15940 16420 I art     : Explicit concurrent mark sweep GC freed 3(96B) AllocSpace objects, 0(0B) LOS objects, 23% free, 52MB/68MB, paused 696us total 28.708ms
08-05 18:08:23.029 15940 16420 I art     : Starting a blocking GC Explicit
08-05 18:08:23.059 15940 16420 I art     : Explicit concurrent mark sweep GC freed 3(96B) AllocSpace objects, 0(0B) LOS objects, 23% free, 52MB/68MB, paused 621us total 29.245ms
08-05 18:08:23.070 15940 16420 I art     : Starting a blocking GC Explicit
08-05 18:08:23.098 15940 16420 I art     : Explicit concurrent mark sweep GC freed 3(96B) AllocSpace objects, 0(0B) LOS objects, 23% free, 52MB/68MB, paused 610us total 28.260ms
08-05 18:08:23.432 15940 15953 I art     : Starting a blocking GC Explicit
08-05 18:08:23.469 15940 15953 I art     : Explicit concurrent mark sweep GC freed 1341(78KB) AllocSpace objects, 1(20KB) LOS objects, 23% free, 52MB/68MB, paused 739us total 36.532ms
08-05 18:08:23.484 15940 15953 I art     : Starting a blocking GC Explicit
08-05 18:08:23.518 15940 15953 I art     : Explicit concurrent mark sweep GC freed 20(704B) AllocSpace objects, 0(0B) LOS objects, 23% free, 52MB/68MB, paused 828us total 33.061ms
08-05 18:08:23.529 15940 15953 I art     : Starting a blocking GC Explicit
08-05 18:08:23.558 15940 15953 I art     : Explicit concurrent mark sweep GC freed 3(96B) AllocSpace objects, 0(0B) LOS objects, 23% free, 52MB/68MB, paused 622us total 27.828ms
08-05 18:08:23.569 15940 15953 I art     : Starting a blocking GC Explicit
08-05 18:08:23.598 15940 15953 I art     : Explicit concurrent mark sweep GC freed 3(96B) AllocSpace objects, 0(0B) LOS objects, 23% free, 52MB/68MB, paused 637us total 29.128ms
08-05 18:08:23.610 15940 15953 I art     : Starting a blocking GC Explicit
08-05 18:08:23.639 15940 15953 I art     : Explicit concurrent mark sweep GC freed 3(96B) AllocSpace objects, 0(0B) LOS objects, 23% free, 52MB/68MB, paused 624us total 28.908ms
08-05 18:08:23.962 15940 15971 I art     : Starting a blocking GC Explicit
08-05 18:08:23.989 15940 15971 I art     : Explicit concurrent mark sweep GC freed 1341(78KB) AllocSpace objects, 1(20KB) LOS objects, 23% free, 52MB/68MB, paused 627us total 26.450ms
08-05 18:08:24.000 15940 15971 I art     : Starting a blocking GC Explicit
08-05 18:08:24.025 15940 15971 I art     : Explicit concurrent mark sweep GC freed 20(704B) AllocSpace objects, 0(0B) LOS objects, 23% free, 52MB/68MB, paused 605us total 25.261ms
08-05 18:08:24.036 15940 15971 I art     : Starting a blocking GC Explicit
08-05 18:08:24.064 15940 15971 I art     : Explicit concurrent mark sweep GC freed 3(96B) AllocSpace objects, 0(0B) LOS objects, 23% free, 52MB/68MB, paused 609us total 27.185ms
08-05 18:08:24.075 15940 15971 I art     : Starting a blocking GC Explicit
08-05 18:08:24.102 15940 15971 I art     : Explicit concurrent mark sweep GC freed 3(96B) AllocSpace objects, 0(0B) LOS objects, 23% free, 52MB/68MB, paused 621us total 27.328ms
08-05 18:08:24.113 15940 15971 I art     : Starting a blocking GC Explicit
08-05 18:08:24.141 15940 15971 I art     : Explicit concurrent mark sweep GC freed 3(96B) AllocSpace objects, 0(0B) LOS objects, 23% free, 52MB/68MB, paused 599us total 27.117ms
08-05 18:08:24.303   918  3188 I hubconnection: sensorhub said: 'set_bias 3: -5.2800, 0.0000, 0.0000'
08-05 18:08:24.409 17746 17746 D AndroidRuntime: >>>>>> START com.android.internal.os.RuntimeInit uid 2000 <<<<<<
08-05 18:08:24.415 17746 17746 D AndroidRuntime: CheckJNI is OFF
08-05 18:08:24.459 17746 17746 D ICU     : No timezone override file found: /data/misc/zoneinfo/current/icu/icu_tzdata.dat
08-05 18:08:24.461 15940 16974 I art     : Starting a blocking GC Explicit
08-05 18:08:24.488 15940 16974 I art     : Explicit concurrent mark sweep GC freed 1341(78KB) AllocSpace objects, 1(20KB) LOS objects, 23% free, 52MB/68MB, paused 672us total 26.754ms
08-05 18:08:24.499 15940 16974 I art     : Starting a blocking GC Explicit
08-05 18:08:24.502 17746 17746 I Radio-JNI: register_android_hardware_Radio DONE
08-05 18:08:24.525 15940 16974 I art     : Explicit concurrent mark sweep GC freed 20(704B) AllocSpace objects, 0(0B) LOS objects, 23% free, 52MB/68MB, paused 586us total 26.351ms
08-05 18:08:24.532 17746 17746 D AndroidRuntime: Calling main entry com.android.commands.input.Input
08-05 18:08:24.534 17746 17746 I Input   : injectKeyEvent: KeyEvent { action=ACTION_DOWN, keyCode=KEYCODE_BACK, scanCode=0, metaState=0, flags=0x0, repeatCount=0, eventTime=814120947, downTime=814120947, deviceId=-1, source=0x101 }
08-05 18:08:24.537 15940 16974 I art     : Starting a blocking GC Explicit
08-05 18:08:24.541 17746 17746 I Input   : injectKeyEvent: KeyEvent { action=ACTION_UP, keyCode=KEYCODE_BACK, scanCode=0, metaState=0, flags=0x0, repeatCount=0, eventTime=814120947, downTime=814120947, deviceId=-1, source=0x101 }
08-05 18:08:24.546 17746 17746 D AndroidRuntime: Shutting down VM
08-05 18:08:24.547   918  3670 I ActivityManager: Killing 21022:com.google.android.apps.photos/u0a62 (adj 11): empty for 1800s
08-05 18:08:24.561 15940 16974 I art     : Explicit concurrent mark sweep GC freed 26(1024B) AllocSpace objects, 0(0B) LOS objects, 23% free, 52MB/68MB, paused 575us total 24.296ms
08-05 18:08:24.572 15940 16974 I art     : Starting a blocking GC Explicit
08-05 18:08:24.596 15940 16974 I art     : Explicit concurrent mark sweep GC freed 3(96B) AllocSpace objects, 0(0B) LOS objects, 23% free, 52MB/68MB, paused 585us total 23.283ms
08-05 18:08:24.606 15940 16974 I art     : Starting a blocking GC Explicit
08-05 18:08:24.615   918  3670 I ActivityManager: Killing 20932:com.android.musicfx/u0a21 (adj 13): empty for 1800s
08-05 18:08:24.630 15940 16974 I art     : Explicit concurrent mark sweep GC freed 3(96B) AllocSpace objects, 0(0B) LOS objects, 23% free, 52MB/68MB, paused 572us total 23.864ms
08-05 18:08:24.652   918  3670 I ActivityManager: Killing 18512:android.process.acore/u0a2 (adj 13): empty for 1800s
08-05 18:08:24.668   918  3670 I ActivityManager: Killing 15074:com.google.android.partnersetup/u0a18 (adj 13): empty for 1800s
08-05 18:08:24.684   918  3670 I ActivityManager: Killing 14987:com.google.android.apps.maps/u0a58 (adj 13): empty for 1800s
08-05 18:08:24.716   918  5952 D ConnectivityService: ConnectivityService NetworkRequestInfo binderDied(NetworkRequest [ id=3467, legacyType=-1, [ Capabilities: INTERNET&NOT_RESTRICTED&TRUSTED] ], android.os.BinderProxy@e2a1b6f)
08-05 18:08:24.716   918  3263 D ConnectivityService: releasing NetworkRequest NetworkRequest [ id=3467, legacyType=-1, [ Capabilities: INTERNET&NOT_RESTRICTED&TRUSTED] ]
08-05 18:08:24.717   918  3263 E ConnectivityService: RemoteException caught trying to send a callback msg for NetworkRequest [ id=3467, legacyType=-1, [ Capabilities: INTERNET&NOT_RESTRICTED&TRUSTED] ]
08-05 18:08:24.721   918  3670 I ActivityManager: Killing 14974:com.android.keychain/1000 (adj 13): empty for 1800s
08-05 18:08:24.774 13866 13866 I GoogleInputMethodServic: GoogleInputMethodService.onFinishInput():3138 
08-05 18:08:24.774 13866 13866 I GoogleInputMethodServic: GoogleInputMethodService.onStartInput():1808 
08-05 18:08:25.017 15940 15971 I art     : Starting a blocking GC Explicit
08-05 18:08:25.047 15940 15971 I art     : Explicit concurrent mark sweep GC freed 1487(84KB) AllocSpace objects, 1(20KB) LOS objects, 23% free, 52MB/68MB, paused 660us total 29.669ms
08-05 18:08:25.058 15940 15971 I art     : Starting a blocking GC Explicit
08-05 18:08:25.060   380   380 W SurfaceFlinger: couldn't log to binary event log: overflow.
08-05 18:08:25.083 15940 15971 I art     : Explicit concurrent mark sweep GC freed 134(9KB) AllocSpace objects, 0(0B) LOS objects, 23% free, 52MB/68MB, paused 564us total 24.717ms
08-05 18:08:25.094 15940 15971 I art     : Starting a blocking GC Explicit
08-05 18:08:25.117 15940 15971 I art     : Explicit concurrent mark sweep GC freed 1656(107KB) AllocSpace objects, 3(400KB) LOS objects, 23% free, 52MB/68MB, paused 615us total 23.200ms
08-05 18:08:25.128 15940 15971 I art     : Starting a blocking GC Explicit
08-05 18:08:25.152 15940 15971 I art     : Explicit concurrent mark sweep GC freed 3(96B) AllocSpace objects, 0(0B) LOS objects, 23% free, 52MB/68MB, paused 592us total 24.608ms
08-05 18:08:25.163 15940 15971 I art     : Starting a blocking GC Explicit
08-05 18:08:25.188 15940 15971 I art     : Explicit concurrent mark sweep GC freed 3(96B) AllocSpace objects, 0(0B) LOS objects, 23% free, 52MB/68MB, paused 590us total 24.829ms
08-05 18:08:25.496 15940 16420 I art     : Starting a blocking GC Explicit
08-05 18:08:25.532 15940 16420 I art     : Explicit concurrent mark sweep GC freed 1341(78KB) AllocSpace objects, 1(20KB) LOS objects, 23% free, 52MB/68MB, paused 645us total 35.850ms
08-05 18:08:25.549 15940 16420 I art     : Starting a blocking GC Explicit
08-05 18:08:25.575 15940 16420 I art     : Explicit concurrent mark sweep GC freed 20(704B) AllocSpace objects, 0(0B) LOS objects, 23% free, 52MB/68MB, paused 577us total 25.905ms
08-05 18:08:25.586 15940 16420 I art     : Starting a blocking GC Explicit
08-05 18:08:25.612 15940 16420 I art     : Explicit concurrent mark sweep GC freed 3(96B) AllocSpace objects, 0(0B) LOS objects, 23% free, 52MB/68MB, paused 588us total 25.705ms
08-05 18:08:25.623 15940 16420 I art     : Starting a blocking GC Explicit
08-05 18:08:25.650 15940 16420 I art     : Explicit concurrent mark sweep GC freed 3(96B) AllocSpace objects, 0(0B) LOS objects, 23% free, 52MB/68MB, paused 578us total 25.984ms
08-05 18:08:25.661 15940 16420 I art     : Starting a blocking GC Explicit
08-05 18:08:25.687 15940 16420 I art     : Explicit concurrent mark sweep GC freed 3(96B) AllocSpace objects, 0(0B) LOS objects, 23% free, 52MB/68MB, paused 586us total 25.781ms
08-05 18:08:25.964 15940 15953 I art     : Starting a blocking GC Explicit
08-05 18:08:25.994 15940 15953 I art     : Explicit concurrent mark sweep GC freed 1340(78KB) AllocSpace objects, 1(20KB) LOS objects, 23% free, 52MB/68MB, paused 687us total 29.779ms
08-05 18:08:26.007 15940 15953 I art     : Starting a blocking GC Explicit
08-05 18:08:26.032 15940 15953 I art     : Explicit concurrent mark sweep GC freed 20(704B) AllocSpace objects, 0(0B) LOS objects, 23% free, 52MB/68MB, paused 619us total 25.267ms
08-05 18:08:26.043 15940 15953 I art     : Starting a blocking GC Explicit
08-05 18:08:26.068 15940 15953 I art     : Explicit concurrent mark sweep GC freed 3(96B) AllocSpace objects, 0(0B) LOS objects, 23% free, 52MB/68MB, paused 620us total 24.759ms
08-05 18:08:26.079 15940 15953 I art     : Starting a blocking GC Explicit
08-05 18:08:26.103 15940 15953 I art     : Explicit concurrent mark sweep GC freed 3(96B) AllocSpace objects, 0(0B) LOS objects, 23% free, 52MB/68MB, paused 610us total 24.622ms
08-05 18:08:26.114 15940 15953 I art     : Starting a blocking GC Explicit
08-05 18:08:26.139 15940 15953 I art     : Explicit concurrent mark sweep GC freed 3(96B) AllocSpace objects, 0(0B) LOS objects, 23% free, 52MB/68MB, paused 614us total 24.795ms
08-05 18:08:26.332 17793 17793 D AndroidRuntime: >>>>>> START com.android.internal.os.RuntimeInit uid 2000 <<<<<<
08-05 18:08:26.338 17793 17793 D AndroidRuntime: CheckJNI is OFF
08-05 18:08:26.380 17793 17793 D ICU     : No timezone override file found: /data/misc/zoneinfo/current/icu/icu_tzdata.dat
08-05 18:08:26.422 17793 17793 I Radio-JNI: register_android_hardware_Radio DONE
08-05 18:08:26.445 15940 16974 I art     : Starting a blocking GC Explicit
08-05 18:08:26.451 17793 17793 D AndroidRuntime: Calling main entry com.android.commands.input.Input
08-05 18:08:26.453 17793 17793 I Input   : injectKeyEvent: KeyEvent { action=ACTION_DOWN, keyCode=KEYCODE_BACK, scanCode=0, metaState=0, flags=0x0, repeatCount=0, eventTime=814122866, downTime=814122866, deviceId=-1, source=0x101 }
08-05 18:08:26.458 17793 17793 I Input   : injectKeyEvent: KeyEvent { action=ACTION_UP, keyCode=KEYCODE_BACK, scanCode=0, metaState=0, flags=0x0, repeatCount=0, eventTime=814122866, downTime=814122866, deviceId=-1, source=0x101 }
08-05 18:08:26.467 17793 17793 D AndroidRuntime: Shutting down VM
08-05 18:08:26.470 15940 16974 I art     : Explicit concurrent mark sweep GC freed 1375(79KB) AllocSpace objects, 1(20KB) LOS objects, 23% free, 52MB/68MB, paused 615us total 24.961ms
08-05 18:08:26.481 15940 16974 I art     : Starting a blocking GC Explicit
08-05 18:08:26.503 13866 13866 I GoogleInputMethodServic: GoogleInputMethodService.onFinishInput():3138 
08-05 18:08:26.504 13866 13866 I GoogleInputMethodServic: GoogleInputMethodService.onStartInput():1808 
08-05 18:08:26.505 15940 16974 I art     : Explicit concurrent mark sweep GC freed 160(7KB) AllocSpace objects, 0(0B) LOS objects, 23% free, 52MB/68MB, paused 952us total 23.055ms
08-05 18:08:26.516 15940 16974 I art     : Starting a blocking GC Explicit
08-05 18:08:26.538 15940 16974 I art     : Explicit concurrent mark sweep GC freed 65(2288B) AllocSpace objects, 0(0B) LOS objects, 23% free, 52MB/68MB, paused 579us total 22.470ms
08-05 18:08:26.549 15940 16974 I art     : Starting a blocking GC Explicit
08-05 18:08:26.571 15940 16974 I art     : Explicit concurrent mark sweep GC freed 7(256B) AllocSpace objects, 0(0B) LOS objects, 23% free, 52MB/68MB, paused 519us total 21.610ms
08-05 18:08:26.581 15940 16974 I art     : Starting a blocking GC Explicit
08-05 18:08:26.604 15940 16974 I art     : Explicit concurrent mark sweep GC freed 3(96B) AllocSpace objects, 0(0B) LOS objects, 23% free, 52MB/68MB, paused 523us total 23.414ms
08-05 18:08:26.889 15940 16974 I art     : Starting a blocking GC Explicit
08-05 18:08:26.916 15940 16974 I art     : Explicit concurrent mark sweep GC freed 1981(109KB) AllocSpace objects, 1(20KB) LOS objects, 23% free, 52MB/68MB, paused 588us total 27.199ms
08-05 18:08:26.927 15940 16974 I art     : Starting a blocking GC Explicit
08-05 18:08:26.953 15940 16974 I art     : Explicit concurrent mark sweep GC freed 2106(128KB) AllocSpace objects, 2(140KB) LOS objects, 23% free, 52MB/68MB, paused 584us total 25.085ms
08-05 18:08:26.964 15940 16974 I art     : Starting a blocking GC Explicit
08-05 18:08:26.989 15940 16974 I art     : Explicit concurrent mark sweep GC freed 3(96B) AllocSpace objects, 0(0B) LOS objects, 23% free, 52MB/68MB, paused 598us total 24.718ms
08-05 18:08:26.999 15940 16974 I art     : Starting a blocking GC Explicit
08-05 18:08:27.024 15940 16974 I art     : Explicit concurrent mark sweep GC freed 3(96B) AllocSpace objects, 0(0B) LOS objects, 23% free, 52MB/68MB, paused 582us total 24.652ms
08-05 18:08:27.035 15940 16974 I art     : Starting a blocking GC Explicit
08-05 18:08:27.060 15940 16974 I art     : Explicit concurrent mark sweep GC freed 3(96B) AllocSpace objects, 0(0B) LOS objects, 23% free, 52MB/68MB, paused 576us total 24.820ms
08-05 18:08:27.361 15940 15971 I art     : Starting a blocking GC Explicit
08-05 18:08:27.394 15940 15971 I art     : Explicit concurrent mark sweep GC freed 1340(78KB) AllocSpace objects, 1(20KB) LOS objects, 23% free, 52MB/68MB, paused 615us total 32.967ms
08-05 18:08:27.408 15940 15971 I art     : Starting a blocking GC Explicit
08-05 18:08:27.433 15940 15971 I art     : Explicit concurrent mark sweep GC freed 20(704B) AllocSpace objects, 0(0B) LOS objects, 23% free, 52MB/68MB, paused 555us total 24.601ms
08-05 18:08:27.444 15940 15971 I art     : Starting a blocking GC Explicit
08-05 18:08:27.469 15940 15971 I art     : Explicit concurrent mark sweep GC freed 3(96B) AllocSpace objects, 0(0B) LOS objects, 23% free, 52MB/68MB, paused 556us total 24.545ms
08-05 18:08:27.479 15940 15971 I art     : Starting a blocking GC Explicit
08-05 18:08:27.504 15940 15971 I art     : Explicit concurrent mark sweep GC freed 3(96B) AllocSpace objects, 0(0B) LOS objects, 23% free, 52MB/68MB, paused 568us total 24.812ms
08-05 18:08:27.515 15940 15971 I art     : Starting a blocking GC Explicit
08-05 18:08:27.540 15940 15971 I art     : Explicit concurrent mark sweep GC freed 3(96B) AllocSpace objects, 0(0B) LOS objects, 23% free, 52MB/68MB, paused 566us total 24.732ms
08-05 18:08:27.823 15940 15952 I art     : Starting a blocking GC Explicit
08-05 18:08:27.847 15940 15952 I art     : Explicit concurrent mark sweep GC freed 1338(78KB) AllocSpace objects, 1(20KB) LOS objects, 23% free, 52MB/68MB, paused 665us total 24.715ms
08-05 18:08:27.858 15940 15952 I art     : Starting a blocking GC Explicit
08-05 18:08:27.882 15940 15952 I art     : Explicit concurrent mark sweep GC freed 20(704B) AllocSpace objects, 0(0B) LOS objects, 23% free, 52MB/68MB, paused 592us total 24.029ms
08-05 18:08:27.893 15940 15952 I art     : Starting a blocking GC Explicit
08-05 18:08:27.917 15940 15952 I art     : Explicit concurrent mark sweep GC freed 3(96B) AllocSpace objects, 0(0B) LOS objects, 23% free, 52MB/68MB, paused 636us total 23.447ms
08-05 18:08:27.927 15940 15952 I art     : Starting a blocking GC Explicit
08-05 18:08:27.951 15940 15952 I art     : Explicit concurrent mark sweep GC freed 3(96B) AllocSpace objects, 0(0B) LOS objects, 23% free, 52MB/68MB, paused 581us total 23.470ms
08-05 18:08:27.962 15940 15952 I art     : Starting a blocking GC Explicit
08-05 18:08:27.986 15940 15952 I art     : Explicit concurrent mark sweep GC freed 3(96B) AllocSpace objects, 0(0B) LOS objects, 23% free, 52MB/68MB, paused 576us total 23.769ms
08-05 18:08:28.228 17848 17848 D AndroidRuntime: >>>>>> START com.android.internal.os.RuntimeInit uid 2000 <<<<<<
08-05 18:08:28.234 17848 17848 D AndroidRuntime: CheckJNI is OFF
08-05 18:08:28.278 17848 17848 D ICU     : No timezone override file found: /data/misc/zoneinfo/current/icu/icu_tzdata.dat
08-05 18:08:28.282 15940 16420 I art     : Starting a blocking GC Explicit
08-05 18:08:28.308 15940 16420 I art     : Explicit concurrent mark sweep GC freed 1338(78KB) AllocSpace objects, 1(20KB) LOS objects, 23% free, 52MB/68MB, paused 707us total 25.622ms
08-05 18:08:28.320 15940 16420 I art     : Starting a blocking GC Explicit
08-05 18:08:28.327 17848 17848 I Radio-JNI: register_android_hardware_Radio DONE
08-05 18:08:28.345 15940 16420 I art     : Explicit concurrent mark sweep GC freed 20(704B) AllocSpace objects, 0(0B) LOS objects, 23% free, 52MB/68MB, paused 596us total 24.924ms
08-05 18:08:28.356 15940 16420 I art     : Starting a blocking GC Explicit
08-05 18:08:28.356 17848 17848 D AndroidRuntime: Calling main entry com.android.commands.input.Input
08-05 18:08:28.358 17848 17848 I Input   : injectMotionEvent: MotionEvent { action=ACTION_DOWN, actionButton=0, id[0]=0, x[0]=1053.0, y[0]=1173.0, toolType[0]=TOOL_TYPE_UNKNOWN, buttonState=0, metaState=0, flags=0x0, edgeFlags=0x0, pointerCount=1, historySize=0, eventTime=814124771, downTime=814124771, deviceId=0, source=0x1002 }
08-05 18:08:28.365 17848 17848 I Input   : injectMotionEvent: MotionEvent { action=ACTION_UP, actionButton=0, id[0]=0, x[0]=1053.0, y[0]=1173.0, toolType[0]=TOOL_TYPE_UNKNOWN, buttonState=0, metaState=0, flags=0x0, edgeFlags=0x0, pointerCount=1, historySize=0, eventTime=814124771, downTime=814124771, deviceId=0, source=0x1002 }
08-05 18:08:28.367   918  5952 I ActivityManager: START u0 {cmp=baseline.appteam.nith.hillffair/.activities.QuizActivity} from uid 10675 on display 0
08-05 18:08:28.373 17848 17848 D AndroidRuntime: Shutting down VM
08-05 18:08:28.379 15940 16420 I art     : Explicit concurrent mark sweep GC freed 24(4KB) AllocSpace objects, 0(0B) LOS objects, 23% free, 52MB/68MB, paused 907us total 23.405ms
08-05 18:08:28.391 15940 16420 I art     : Starting a blocking GC Explicit
08-05 18:08:28.417 15940 16420 I art     : Explicit concurrent mark sweep GC freed 636(53KB) AllocSpace objects, 0(0B) LOS objects, 23% free, 52MB/68MB, paused 2.207ms total 26.585ms
08-05 18:08:28.428 15940 16420 I art     : Starting a blocking GC Explicit
08-05 18:08:28.452 15940 16420 I art     : Explicit concurrent mark sweep GC freed 197(9KB) AllocSpace objects, 0(0B) LOS objects, 23% free, 52MB/68MB, paused 647us total 22.919ms
08-05 18:08:28.515   918   936 I ActivityManager: Displayed baseline.appteam.nith.hillffair/.activities.QuizActivity: +141ms
08-05 18:08:28.516 13866 13866 I GoogleInputMethodServic: GoogleInputMethodService.onFinishInput():3138 
08-05 18:08:28.518 13866 13866 I GoogleInputMethodServic: GoogleInputMethodService.onStartInput():1808 
08-05 18:08:28.737 15940 16420 I art     : Starting a blocking GC Explicit
08-05 18:08:28.764   380   380 W SurfaceFlinger: couldn't log to binary event log: overflow.
08-05 18:08:28.765 15940 16420 I art     : Explicit concurrent mark sweep GC freed 1490(83KB) AllocSpace objects, 1(20KB) LOS objects, 23% free, 52MB/68MB, paused 672us total 27.382ms
08-05 18:08:28.777 15940 16420 I art     : Starting a blocking GC Explicit
08-05 18:08:28.800 15940 16420 I art     : Explicit concurrent mark sweep GC freed 26(912B) AllocSpace objects, 0(0B) LOS objects, 23% free, 52MB/68MB, paused 525us total 22.584ms
08-05 18:08:28.810 15940 16420 I art     : Starting a blocking GC Explicit
08-05 18:08:28.833 15940 16420 I art     : Explicit concurrent mark sweep GC freed 3(96B) AllocSpace objects, 0(0B) LOS objects, 23% free, 52MB/68MB, paused 522us total 22.378ms
08-05 18:08:28.843 15940 16420 I art     : Starting a blocking GC Explicit
08-05 18:08:28.867 15940 16420 I art     : Explicit concurrent mark sweep GC freed 3(96B) AllocSpace objects, 0(0B) LOS objects, 23% free, 52MB/68MB, paused 680us total 24.056ms
08-05 18:08:28.878 15940 16420 I art     : Starting a blocking GC Explicit
08-05 18:08:28.902 15940 16420 I art     : Explicit concurrent mark sweep GC freed 70(4KB) AllocSpace objects, 0(0B) LOS objects, 23% free, 52MB/68MB, paused 567us total 24.239ms
08-05 18:08:29.198 15940 15971 I art     : Starting a blocking GC Explicit
08-05 18:08:29.232 15940 15971 I art     : Explicit concurrent mark sweep GC freed 1343(78KB) AllocSpace objects, 1(20KB) LOS objects, 23% free, 52MB/68MB, paused 608us total 33.589ms
08-05 18:08:29.246 15940 15971 I art     : Starting a blocking GC Explicit
08-05 18:08:29.272 15940 15971 I art     : Explicit concurrent mark sweep GC freed 20(704B) AllocSpace objects, 0(0B) LOS objects, 23% free, 52MB/68MB, paused 584us total 25.923ms
08-05 18:08:29.283 15940 15971 I art     : Starting a blocking GC Explicit
08-05 18:08:29.309 15940 15971 I art     : Explicit concurrent mark sweep GC freed 3(96B) AllocSpace objects, 0(0B) LOS objects, 23% free, 52MB/68MB, paused 573us total 26.077ms
08-05 18:08:29.320 15940 15971 I art     : Starting a blocking GC Explicit
08-05 18:08:29.347 15940 15971 I art     : Explicit concurrent mark sweep GC freed 3(96B) AllocSpace objects, 0(0B) LOS objects, 23% free, 52MB/68MB, paused 571us total 26.126ms
08-05 18:08:29.358 15940 15971 I art     : Starting a blocking GC Explicit
08-05 18:08:29.383 15940 15971 I art     : Explicit concurrent mark sweep GC freed 3(96B) AllocSpace objects, 0(0B) LOS objects, 23% free, 52MB/68MB, paused 568us total 25.050ms
08-05 18:08:29.442   918  3261 D WifiStateMachine: starting scan for "H369AA63323"WPA_PSK with 2412,5180
08-05 18:08:29.680 15940 15952 I art     : Starting a blocking GC Explicit
08-05 18:08:29.717 15940 15952 I art     : Explicit concurrent mark sweep GC freed 1340(78KB) AllocSpace objects, 1(20KB) LOS objects, 23% free, 52MB/68MB, paused 727us total 37.098ms
08-05 18:08:29.729 15940 15952 I art     : Starting a blocking GC Explicit
08-05 18:08:29.755 15940 15952 I art     : Explicit concurrent mark sweep GC freed 20(704B) AllocSpace objects, 0(0B) LOS objects, 23% free, 52MB/68MB, paused 578us total 25.758ms
08-05 18:08:29.767 15940 15952 I art     : Starting a blocking GC Explicit
08-05 18:08:29.792 15940 15952 I art     : Explicit concurrent mark sweep GC freed 3(96B) AllocSpace objects, 0(0B) LOS objects, 23% free, 52MB/68MB, paused 617us total 25.554ms
08-05 18:08:29.803 15940 15952 I art     : Starting a blocking GC Explicit
08-05 18:08:29.829 15940 15952 I art     : Explicit concurrent mark sweep GC freed 3(96B) AllocSpace objects, 0(0B) LOS objects, 23% free, 52MB/68MB, paused 573us total 25.728ms
08-05 18:08:29.840 15940 15952 I art     : Starting a blocking GC Explicit
08-05 18:08:29.866 15940 15952 I art     : Explicit concurrent mark sweep GC freed 3(96B) AllocSpace objects, 0(0B) LOS objects, 23% free, 52MB/68MB, paused 588us total 25.828ms
08-05 18:08:30.180 15940 15952 I art     : Starting a blocking GC Explicit
08-05 18:08:30.206 15940 15952 I art     : Explicit concurrent mark sweep GC freed 1363(78KB) AllocSpace objects, 1(20KB) LOS objects, 23% free, 52MB/68MB, paused 540us total 25.955ms
08-05 18:08:30.218 15940 15952 I art     : Starting a blocking GC Explicit
08-05 18:08:30.245 15940 15952 I art     : Explicit concurrent mark sweep GC freed 24(832B) AllocSpace objects, 0(0B) LOS objects, 23% free, 52MB/68MB, paused 613us total 25.989ms
08-05 18:08:30.256 15940 15952 I art     : Starting a blocking GC Explicit
08-05 18:08:30.283 15940 15952 I art     : Explicit concurrent mark sweep GC freed 6(192B) AllocSpace objects, 0(0B) LOS objects, 23% free, 52MB/68MB, paused 550us total 26.662ms
08-05 18:08:30.295 15940 15952 I art     : Starting a blocking GC Explicit
08-05 18:08:30.321 15940 15952 I art     : Explicit concurrent mark sweep GC freed 3(96B) AllocSpace objects, 0(0B) LOS objects, 23% free, 52MB/68MB, paused 545us total 25.400ms
08-05 18:08:30.332 15940 15952 I art     : Starting a blocking GC Explicit
08-05 18:08:30.359 15940 15952 I art     : Explicit concurrent mark sweep GC freed 3(96B) AllocSpace objects, 0(0B) LOS objects, 23% free, 52MB/68MB, paused 584us total 26.721ms
08-05 18:08:30.700 15940 16420 I art     : Starting a blocking GC Explicit
08-05 18:08:30.731 15940 16420 I art     : Explicit concurrent mark sweep GC freed 1340(78KB) AllocSpace objects, 1(20KB) LOS objects, 23% free, 52MB/68MB, paused 632us total 30.238ms
08-05 18:08:30.743 15940 16420 I art     : Starting a blocking GC Explicit
08-05 18:08:30.769 15940 16420 I art     : Explicit concurrent mark sweep GC freed 20(704B) AllocSpace objects, 0(0B) LOS objects, 23% free, 52MB/68MB, paused 592us total 25.216ms
08-05 18:08:30.780 15940 16420 I art     : Starting a blocking GC Explicit
08-05 18:08:30.806 15940 16420 I art     : Explicit concurrent mark sweep GC freed 3(96B) AllocSpace objects, 0(0B) LOS objects, 23% free, 52MB/68MB, paused 600us total 25.643ms
08-05 18:08:30.817 15940 16420 I art     : Starting a blocking GC Explicit
08-05 18:08:30.844 15940 16420 I art     : Explicit concurrent mark sweep GC freed 3(96B) AllocSpace objects, 0(0B) LOS objects, 23% free, 52MB/68MB, paused 603us total 26.177ms
08-05 18:08:30.854 15940 16420 I art     : Starting a blocking GC Explicit
08-05 18:08:30.881 15940 16420 I art     : Explicit concurrent mark sweep GC freed 3(96B) AllocSpace objects, 0(0B) LOS objects, 23% free, 52MB/68MB, paused 606us total 26.558ms
08-05 18:08:31.160 17932 17932 D AndroidRuntime: >>>>>> START com.android.internal.os.RuntimeInit uid 2000 <<<<<<
08-05 18:08:31.166 17932 17932 D AndroidRuntime: CheckJNI is OFF
08-05 18:08:31.210 17932 17932 D ICU     : No timezone override file found: /data/misc/zoneinfo/current/icu/icu_tzdata.dat
08-05 18:08:31.214 15940 15971 I art     : Starting a blocking GC Explicit
08-05 18:08:31.240 15940 15971 I art     : Explicit concurrent mark sweep GC freed 1340(78KB) AllocSpace objects, 1(20KB) LOS objects, 23% free, 52MB/68MB, paused 604us total 25.846ms
08-05 18:08:31.251 15940 15971 I art     : Starting a blocking GC Explicit
08-05 18:08:31.253 17932 17932 I Radio-JNI: register_android_hardware_Radio DONE
08-05 18:08:31.277 15940 15971 I art     : Explicit concurrent mark sweep GC freed 20(704B) AllocSpace objects, 0(0B) LOS objects, 23% free, 52MB/68MB, paused 618us total 25.816ms
08-05 18:08:31.284 17932 17932 D AndroidRuntime: Calling main entry com.android.commands.input.Input
08-05 18:08:31.286 17932 17932 I Input   : injectMotionEvent: MotionEvent { action=ACTION_DOWN, actionButton=0, id[0]=0, x[0]=756.0, y[0]=1530.0, toolType[0]=TOOL_TYPE_UNKNOWN, buttonState=0, metaState=0, flags=0x0, edgeFlags=0x0, pointerCount=1, historySize=0, eventTime=814127698, downTime=814127698, deviceId=0, source=0x1002 }
08-05 18:08:31.288 15940 15971 I art     : Starting a blocking GC Explicit
08-05 18:08:31.292 17932 17932 I Input   : injectMotionEvent: MotionEvent { action=ACTION_UP, actionButton=0, id[0]=0, x[0]=756.0, y[0]=1530.0, toolType[0]=TOOL_TYPE_UNKNOWN, buttonState=0, metaState=0, flags=0x0, edgeFlags=0x0, pointerCount=1, historySize=0, eventTime=814127698, downTime=814127698, deviceId=0, source=0x1002 }
08-05 18:08:31.294 17932 17932 D AndroidRuntime: Shutting down VM
08-05 18:08:31.306   512  2967 D audio_hw_primary: out_set_parameters: enter: usecase(1: low-latency-playback) kvpairs: routing=2
08-05 18:08:31.307   918  3359 I ActivityManager: START u0 {cmp=baseline.appteam.nith.hillffair/.activities.LeaderBoardActivity} from uid 10675 on display 0
08-05 18:08:31.314 15940 15971 I art     : Explicit concurrent mark sweep GC freed 41(5KB) AllocSpace objects, 0(0B) LOS objects, 23% free, 52MB/68MB, paused 630us total 26.018ms
08-05 18:08:31.320   512  2967 D audio_hw_primary: select_devices: out_snd_device(2: speaker) in_snd_device(0: none)
08-05 18:08:31.321   512  2967 D msm8974_platform: platform_send_audio_calibration: sending audio calibration for snd_device(2) acdb_id(15)
08-05 18:08:31.321   512  2967 I soundtrigger: audio_extn_sound_trigger_update_device_status: device 0x2 of type 0 for Event 1
08-05 18:08:31.325 15940 15971 I art     : Starting a blocking GC Explicit
08-05 18:08:31.330   512  2967 D audio_hw_primary: enable_snd_device: snd_device(2: speaker)
08-05 18:08:31.332   512  2967 D audio_hw_primary: enable_audio_route: apply and update mixer path: low-latency-playback speaker
08-05 18:08:31.350 15940 15971 I art     : Explicit concurrent mark sweep GC freed 3824(212KB) AllocSpace objects, 0(0B) LOS objects, 23% free, 52MB/68MB, paused 1.049ms total 25.585ms
08-05 18:08:31.361 15940 15971 I art     : Starting a blocking GC Explicit
08-05 18:08:31.387 15940 15971 I art     : Explicit concurrent mark sweep GC freed 1212(80KB) AllocSpace objects, 0(0B) LOS objects, 23% free, 52MB/68MB, paused 750us total 25.638ms
08-05 18:08:31.423 15940 15940 E RecyclerView: No adapter attached; skipping layout
08-05 18:08:31.426 15940 15940 E RecyclerView: No adapter attached; skipping layout
08-05 18:08:31.452 13866 13866 I GoogleInputMethodServic: GoogleInputMethodService.onFinishInput():3138 
08-05 18:08:31.452 13866 13866 I GoogleInputMethodServic: GoogleInputMethodService.onStartInput():1808 
08-05 18:08:31.454   918   936 I ActivityManager: Displayed baseline.appteam.nith.hillffair/.activities.LeaderBoardActivity: +137ms
08-05 18:08:31.455 15940 15940 E RecyclerView: No adapter attached; skipping layout
08-05 18:08:31.470 15940 15964 D OpenGLRenderer: endAllStagingAnimators on 0x7f82811400 (RippleDrawable) with handle 0x7f7fe28240
08-05 18:08:31.670 15940 15952 I art     : Starting a blocking GC Explicit
08-05 18:08:31.701   380   380 W SurfaceFlinger: couldn't log to binary event log: overflow.
08-05 18:08:31.709 15940 15952 I art     : Explicit concurrent mark sweep GC freed 1650(93KB) AllocSpace objects, 1(20KB) LOS objects, 23% free, 52MB/68MB, paused 1.068ms total 38.302ms
08-05 18:08:31.722 15940 15952 I art     : Starting a blocking GC Explicit
08-05 18:08:31.745 15940 15952 I art     : Explicit concurrent mark sweep GC freed 43(1456B) AllocSpace objects, 0(0B) LOS objects, 23% free, 52MB/68MB, paused 604us total 22.733ms
08-05 18:08:31.755 15940 15952 I art     : Starting a blocking GC Explicit
08-05 18:08:31.779 15940 15952 I art     : Explicit concurrent mark sweep GC freed 5(160B) AllocSpace objects, 0(0B) LOS objects, 23% free, 52MB/68MB, paused 632us total 23.834ms
08-05 18:08:31.790 15940 15952 I art     : Starting a blocking GC Explicit
08-05 18:08:31.815 15940 15952 I art     : Explicit concurrent mark sweep GC freed 5(160B) AllocSpace objects, 0(0B) LOS objects, 23% free, 52MB/68MB, paused 638us total 24.469ms
08-05 18:08:31.827 15940 15952 I art     : Starting a blocking GC Explicit
08-05 18:08:31.853 15940 15952 I art     : Explicit concurrent mark sweep GC freed 154(8KB) AllocSpace objects, 0(0B) LOS objects, 23% free, 52MB/68MB, paused 730us total 25.675ms
08-05 18:08:31.869   512  2967 D audio_hw_primary: disable_audio_route: reset and update mixer path: low-latency-playback speaker
08-05 18:08:31.870   512  2967 D audio_hw_primary: disable_snd_device: snd_device(2: speaker)
08-05 18:08:31.877   512  2967 I soundtrigger: audio_extn_sound_trigger_update_device_status: device 0x2 of type 0 for Event 0
08-05 18:08:32.012 15940 17958 D OkHttp  : --> GET https://api-hillfair-2k16.herokuapp.com/api/app/quiz/leaderboard?from=1 http/1.1
08-05 18:08:32.049 15940 17958 D OkHttp  : <-- 200 OK https://api-hillfair-2k16.herokuapp.com/api/app/quiz/leaderboard?from=1 (36ms, 56744-byte body)
08-05 18:08:32.139 15940 16974 I art     : Starting a blocking GC Explicit
08-05 18:08:32.153 15940 15940 I NAPPA_EXPERIMENTATION: MetricNetworkRequestExecutionTime: REQUEST_DURATION_SYSTEM='802',REQUEST_DURATION_OKHTTP='37',REQUEST_SYNCHRONOUS='FALSE',RESPONSE_CODE='200',RESPONSE_METHOD='GET',RESPONSE_LENGTH_OKHTTP='56744',RESPONSE_LENGTH_HEADER='56744',REQUEST_PROTOCOL='http/1.1',REQUEST_URL='https://api-hillfair-2k16.herokuapp.com/api/app/quiz/leaderboard?from=1',
08-05 18:08:32.170 15940 16974 I art     : Explicit concurrent mark sweep GC freed 29230(1409KB) AllocSpace objects, 4(220KB) LOS objects, 23% free, 52MB/68MB, paused 717us total 31.055ms
08-05 18:08:32.182 15940 16974 I art     : Starting a blocking GC Explicit
08-05 18:08:32.210 15940 16974 I art     : Explicit concurrent mark sweep GC freed 1622(144KB) AllocSpace objects, 0(0B) LOS objects, 23% free, 52MB/68MB, paused 989us total 28.146ms
08-05 18:08:32.222 15940 16974 I art     : Starting a blocking GC Explicit
08-05 18:08:32.248 15940 16974 I art     : Explicit concurrent mark sweep GC freed 431(17KB) AllocSpace objects, 0(0B) LOS objects, 23% free, 52MB/68MB, paused 655us total 25.945ms
08-05 18:08:32.260 15940 16974 I art     : Starting a blocking GC Explicit
08-05 18:08:32.287 15940 16974 I art     : Explicit concurrent mark sweep GC freed 107(3KB) AllocSpace objects, 0(0B) LOS objects, 23% free, 52MB/68MB, paused 671us total 26.980ms
08-05 18:08:32.298 15940 16974 I art     : Starting a blocking GC Explicit
08-05 18:08:32.326 15940 16974 I art     : Explicit concurrent mark sweep GC freed 5(192B) AllocSpace objects, 0(0B) LOS objects, 23% free, 52MB/68MB, paused 566us total 27.268ms
08-05 18:08:32.637 15940 16420 I art     : Starting a blocking GC Explicit
08-05 18:08:32.672 15940 16420 I art     : Explicit concurrent mark sweep GC freed 1341(78KB) AllocSpace objects, 1(20KB) LOS objects, 23% free, 52MB/68MB, paused 646us total 34.191ms
08-05 18:08:32.685 15940 16420 I art     : Starting a blocking GC Explicit
08-05 18:08:32.714 15940 16420 I art     : Explicit concurrent mark sweep GC freed 20(704B) AllocSpace objects, 0(0B) LOS objects, 23% free, 52MB/68MB, paused 603us total 28.326ms
08-05 18:08:32.725 15940 16420 I art     : Starting a blocking GC Explicit
08-05 18:08:32.755 15940 16420 I art     : Explicit concurrent mark sweep GC freed 3(96B) AllocSpace objects, 0(0B) LOS objects, 23% free, 52MB/68MB, paused 616us total 29.053ms
08-05 18:08:32.766 15940 16420 I art     : Starting a blocking GC Explicit
08-05 18:08:32.795 15940 16420 I art     : Explicit concurrent mark sweep GC freed 3(96B) AllocSpace objects, 0(0B) LOS objects, 23% free, 52MB/68MB, paused 603us total 28.157ms
08-05 18:08:32.807 15940 16420 I art     : Starting a blocking GC Explicit
08-05 18:08:32.835 15940 16420 I art     : Explicit concurrent mark sweep GC freed 3(96B) AllocSpace objects, 0(0B) LOS objects, 23% free, 52MB/68MB, paused 608us total 28.300ms
08-05 18:08:33.146 15940 15952 I art     : Starting a blocking GC Explicit
08-05 18:08:33.186 15940 15952 I art     : Explicit concurrent mark sweep GC freed 1344(78KB) AllocSpace objects, 1(20KB) LOS objects, 23% free, 52MB/68MB, paused 624us total 39.538ms
08-05 18:08:33.202 15940 15952 I art     : Starting a blocking GC Explicit
08-05 18:08:33.233 15940 15952 I art     : Explicit concurrent mark sweep GC freed 20(704B) AllocSpace objects, 0(0B) LOS objects, 23% free, 52MB/68MB, paused 623us total 31.060ms
08-05 18:08:33.245 15940 15952 I art     : Starting a blocking GC Explicit
08-05 18:08:33.277 15940 15952 I art     : Explicit concurrent mark sweep GC freed 3(96B) AllocSpace objects, 0(0B) LOS objects, 23% free, 52MB/68MB, paused 640us total 31.639ms
08-05 18:08:33.289 15940 15952 I art     : Starting a blocking GC Explicit
08-05 18:08:33.319 15940 15952 I art     : Explicit concurrent mark sweep GC freed 3(96B) AllocSpace objects, 0(0B) LOS objects, 23% free, 52MB/68MB, paused 625us total 30.416ms
08-05 18:08:33.332 15940 15952 I art     : Starting a blocking GC Explicit
08-05 18:08:33.363 15940 15952 I art     : Explicit concurrent mark sweep GC freed 3(96B) AllocSpace objects, 0(0B) LOS objects, 23% free, 52MB/68MB, paused 625us total 31.541ms
08-05 18:08:33.687 15940 15971 I art     : Starting a blocking GC Explicit
08-05 18:08:33.726 15940 15971 I art     : Explicit concurrent mark sweep GC freed 1344(78KB) AllocSpace objects, 1(20KB) LOS objects, 23% free, 52MB/68MB, paused 697us total 38.454ms
08-05 18:08:33.742 15940 15971 I art     : Starting a blocking GC Explicit
08-05 18:08:33.779 15940 15971 I art     : Explicit concurrent mark sweep GC freed 20(704B) AllocSpace objects, 0(0B) LOS objects, 23% free, 52MB/68MB, paused 672us total 35.719ms
08-05 18:08:33.793 15940 15971 I art     : Starting a blocking GC Explicit
08-05 18:08:33.826 15940 15971 I art     : Explicit concurrent mark sweep GC freed 3(96B) AllocSpace objects, 0(0B) LOS objects, 23% free, 52MB/68MB, paused 734us total 32.192ms
08-05 18:08:33.838 15940 15971 I art     : Starting a blocking GC Explicit
08-05 18:08:33.869 15940 15971 I art     : Explicit concurrent mark sweep GC freed 3(96B) AllocSpace objects, 0(0B) LOS objects, 23% free, 52MB/68MB, paused 628us total 30.986ms
08-05 18:08:33.881 15940 15971 I art     : Starting a blocking GC Explicit
08-05 18:08:33.912 15940 15971 I art     : Explicit concurrent mark sweep GC freed 3(96B) AllocSpace objects, 0(0B) LOS objects, 23% free, 52MB/68MB, paused 585us total 30.627ms
08-05 18:08:34.253 15940 15953 I art     : Starting a blocking GC Explicit
08-05 18:08:34.290 15940 15953 I art     : Explicit concurrent mark sweep GC freed 1344(78KB) AllocSpace objects, 1(20KB) LOS objects, 23% free, 52MB/68MB, paused 675us total 36.796ms
08-05 18:08:34.305 15940 15953 I art     : Starting a blocking GC Explicit
08-05 18:08:34.335 15940 15953 I art     : Explicit concurrent mark sweep GC freed 20(704B) AllocSpace objects, 0(0B) LOS objects, 23% free, 52MB/68MB, paused 721us total 30.053ms
08-05 18:08:34.347 15940 15953 I art     : Starting a blocking GC Explicit
08-05 18:08:34.378 15940 15953 I art     : Explicit concurrent mark sweep GC freed 3(96B) AllocSpace objects, 0(0B) LOS objects, 23% free, 52MB/68MB, paused 658us total 30.916ms
08-05 18:08:34.390 15940 15953 I art     : Starting a blocking GC Explicit
08-05 18:08:34.421 15940 15953 I art     : Explicit concurrent mark sweep GC freed 3(96B) AllocSpace objects, 0(0B) LOS objects, 23% free, 52MB/68MB, paused 654us total 30.418ms
08-05 18:08:34.433 15940 15953 I art     : Starting a blocking GC Explicit
08-05 18:08:34.463 15940 15953 I art     : Explicit concurrent mark sweep GC freed 3(96B) AllocSpace objects, 0(0B) LOS objects, 23% free, 52MB/68MB, paused 616us total 30.395ms
08-05 18:08:34.680   918  3188 I hubconnection: sensorhub said: 'set_bias 3: -6.2400, 0.0000, 0.0000'
08-05 18:08:34.807 15940 16974 I art     : Starting a blocking GC Explicit
08-05 18:08:34.841 15940 16974 I art     : Explicit concurrent mark sweep GC freed 1344(78KB) AllocSpace objects, 1(20KB) LOS objects, 23% free, 52MB/68MB, paused 653us total 33.664ms
08-05 18:08:34.854 15940 16974 I art     : Starting a blocking GC Explicit
08-05 18:08:34.883 15940 16974 I art     : Explicit concurrent mark sweep GC freed 20(704B) AllocSpace objects, 0(0B) LOS objects, 23% free, 52MB/68MB, paused 614us total 28.626ms
08-05 18:08:34.895 15940 16974 I art     : Starting a blocking GC Explicit
08-05 18:08:34.924 15940 16974 I art     : Explicit concurrent mark sweep GC freed 3(96B) AllocSpace objects, 0(0B) LOS objects, 23% free, 52MB/68MB, paused 590us total 29.445ms
08-05 18:08:34.936 15940 16974 I art     : Starting a blocking GC Explicit
08-05 18:08:34.966 15940 16974 I art     : Explicit concurrent mark sweep GC freed 3(96B) AllocSpace objects, 0(0B) LOS objects, 23% free, 52MB/68MB, paused 636us total 29.580ms
08-05 18:08:34.978 15940 16974 I art     : Starting a blocking GC Explicit
08-05 18:08:35.010 15940 16974 I art     : Explicit concurrent mark sweep GC freed 3(96B) AllocSpace objects, 0(0B) LOS objects, 23% free, 52MB/68MB, paused 631us total 31.356ms
08-05 18:08:35.346 15940 16420 I art     : Starting a blocking GC Explicit
08-05 18:08:35.386 15940 16420 I art     : Explicit concurrent mark sweep GC freed 1344(78KB) AllocSpace objects, 1(20KB) LOS objects, 23% free, 52MB/68MB, paused 707us total 39.510ms
08-05 18:08:35.402 15940 16420 I art     : Starting a blocking GC Explicit
08-05 18:08:35.435 15940 16420 I art     : Explicit concurrent mark sweep GC freed 20(704B) AllocSpace objects, 0(0B) LOS objects, 23% free, 52MB/68MB, paused 622us total 31.934ms
08-05 18:08:35.446 15940 16420 I art     : Starting a blocking GC Explicit
08-05 18:08:35.477 15940 16420 I art     : Explicit concurrent mark sweep GC freed 3(96B) AllocSpace objects, 0(0B) LOS objects, 23% free, 52MB/68MB, paused 761us total 30.878ms
08-05 18:08:35.489 15940 16420 I art     : Starting a blocking GC Explicit
08-05 18:08:35.520 15940 16420 I art     : Explicit concurrent mark sweep GC freed 3(96B) AllocSpace objects, 0(0B) LOS objects, 23% free, 52MB/68MB, paused 585us total 30.593ms
08-05 18:08:35.532 15940 16420 I art     : Starting a blocking GC Explicit
08-05 18:08:35.563 15940 16420 I art     : Explicit concurrent mark sweep GC freed 6(192B) AllocSpace objects, 0(0B) LOS objects, 23% free, 52MB/68MB, paused 561us total 30.125ms
08-05 18:08:35.874 15940 15952 I art     : Starting a blocking GC Explicit
08-05 18:08:35.906 15940 15952 I art     : Explicit concurrent mark sweep GC freed 1354(78KB) AllocSpace objects, 1(20KB) LOS objects, 23% free, 52MB/68MB, paused 678us total 31.320ms
08-05 18:08:35.918 15940 15952 I art     : Starting a blocking GC Explicit
08-05 18:08:35.947 15940 15952 I art     : Explicit concurrent mark sweep GC freed 34(1136B) AllocSpace objects, 0(0B) LOS objects, 23% free, 52MB/68MB, paused 701us total 29.413ms
08-05 18:08:35.959 15940 15952 I art     : Starting a blocking GC Explicit
08-05 18:08:35.989 15940 15952 I art     : Explicit concurrent mark sweep GC freed 3(96B) AllocSpace objects, 0(0B) LOS objects, 23% free, 52MB/68MB, paused 649us total 29.629ms
08-05 18:08:36.000 15940 15952 I art     : Starting a blocking GC Explicit
08-05 18:08:36.029 15940 15952 I art     : Explicit concurrent mark sweep GC freed 3(96B) AllocSpace objects, 0(0B) LOS objects, 23% free, 52MB/68MB, paused 599us total 28.550ms
08-05 18:08:36.041 15940 15952 I art     : Starting a blocking GC Explicit
08-05 18:08:36.070 15940 15952 I art     : Explicit concurrent mark sweep GC freed 3(96B) AllocSpace objects, 0(0B) LOS objects, 23% free, 52MB/68MB, paused 623us total 28.757ms
08-05 18:08:36.100 18041 18041 D AndroidRuntime: >>>>>> START com.android.internal.os.RuntimeInit uid 2000 <<<<<<
08-05 18:08:36.106 18041 18041 D AndroidRuntime: CheckJNI is OFF
08-05 18:08:36.152 18041 18041 D ICU     : No timezone override file found: /data/misc/zoneinfo/current/icu/icu_tzdata.dat
08-05 18:08:36.202 18041 18041 I Radio-JNI: register_android_hardware_Radio DONE
08-05 18:08:36.233 18041 18041 D AndroidRuntime: Calling main entry com.android.commands.input.Input
08-05 18:08:36.235 18041 18041 I Input   : injectKeyEvent: KeyEvent { action=ACTION_DOWN, keyCode=KEYCODE_BACK, scanCode=0, metaState=0, flags=0x0, repeatCount=0, eventTime=814132648, downTime=814132648, deviceId=-1, source=0x101 }
08-05 18:08:36.244 18041 18041 I Input   : injectKeyEvent: KeyEvent { action=ACTION_UP, keyCode=KEYCODE_BACK, scanCode=0, metaState=0, flags=0x0, repeatCount=0, eventTime=814132648, downTime=814132648, deviceId=-1, source=0x101 }
08-05 18:08:36.250 18041 18041 D AndroidRuntime: Shutting down VM
08-05 18:08:36.295 13866 13866 I GoogleInputMethodServic: GoogleInputMethodService.onFinishInput():3138 
08-05 18:08:36.297 13866 13866 I GoogleInputMethodServic: GoogleInputMethodService.onStartInput():1808 
08-05 18:08:36.378 15940 15952 I art     : Starting a blocking GC Explicit
08-05 18:08:36.406 15940 15952 I art     : Explicit concurrent mark sweep GC freed 1481(84KB) AllocSpace objects, 1(20KB) LOS objects, 23% free, 52MB/68MB, paused 576us total 27.801ms
08-05 18:08:36.420 15940 15952 I art     : Starting a blocking GC Explicit
08-05 18:08:36.452 15940 15952 I art     : Explicit concurrent mark sweep GC freed 26(944B) AllocSpace objects, 0(0B) LOS objects, 23% free, 52MB/68MB, paused 589us total 31.289ms
08-05 18:08:36.464 15940 15952 I art     : Starting a blocking GC Explicit
08-05 18:08:36.495 15940 15952 I art     : Explicit concurrent mark sweep GC freed 3(96B) AllocSpace objects, 0(0B) LOS objects, 23% free, 52MB/68MB, paused 619us total 30.165ms
08-05 18:08:36.508 15940 15952 I art     : Starting a blocking GC Explicit
08-05 18:08:36.540 15940 15952 I art     : Explicit concurrent mark sweep GC freed 3(96B) AllocSpace objects, 0(0B) LOS objects, 23% free, 52MB/68MB, paused 544us total 31.842ms
08-05 18:08:36.555 15940 15952 I art     : Starting a blocking GC Explicit
08-05 18:08:36.588 15940 15952 I art     : Explicit concurrent mark sweep GC freed 3(96B) AllocSpace objects, 0(0B) LOS objects, 23% free, 52MB/68MB, paused 643us total 32.455ms
08-05 18:08:36.605   380   380 W SurfaceFlinger: couldn't log to binary event log: overflow.
08-05 18:08:36.881 15940 15971 I art     : Starting a blocking GC Explicit
08-05 18:08:36.919 15940 15971 I art     : Explicit concurrent mark sweep GC freed 1463(87KB) AllocSpace objects, 1(20KB) LOS objects, 23% free, 52MB/68MB, paused 643us total 37.592ms
08-05 18:08:36.934 15940 15971 I art     : Starting a blocking GC Explicit
08-05 18:08:36.962 15940 15971 I art     : Explicit concurrent mark sweep GC freed 4698(269KB) AllocSpace objects, 2(140KB) LOS objects, 23% free, 52MB/68MB, paused 634us total 27.849ms
08-05 18:08:36.973 15940 15971 I art     : Starting a blocking GC Explicit
08-05 18:08:37.000 15940 15971 I art     : Explicit concurrent mark sweep GC freed 3(96B) AllocSpace objects, 0(0B) LOS objects, 23% free, 52MB/68MB, paused 605us total 26.354ms
08-05 18:08:37.011 15940 15971 I art     : Starting a blocking GC Explicit
08-05 18:08:37.038 15940 15971 I art     : Explicit concurrent mark sweep GC freed 3(96B) AllocSpace objects, 0(0B) LOS objects, 23% free, 52MB/68MB, paused 623us total 26.411ms
08-05 18:08:37.049 15940 15971 I art     : Starting a blocking GC Explicit
08-05 18:08:37.076 15940 15971 I art     : Explicit concurrent mark sweep GC freed 3(96B) AllocSpace objects, 0(0B) LOS objects, 23% free, 52MB/68MB, paused 602us total 26.725ms
08-05 18:08:37.384 15940 15953 I art     : Starting a blocking GC Explicit
08-05 18:08:37.417 15940 15953 I art     : Explicit concurrent mark sweep GC freed 1344(78KB) AllocSpace objects, 1(20KB) LOS objects, 23% free, 52MB/68MB, paused 647us total 32.296ms
08-05 18:08:37.431 15940 15953 I art     : Starting a blocking GC Explicit
08-05 18:08:37.458 15940 15953 I art     : Explicit concurrent mark sweep GC freed 20(704B) AllocSpace objects, 0(0B) LOS objects, 23% free, 52MB/68MB, paused 618us total 26.752ms
08-05 18:08:37.469 15940 15953 I art     : Starting a blocking GC Explicit
08-05 18:08:37.495 15940 15953 I art     : Explicit concurrent mark sweep GC freed 3(96B) AllocSpace objects, 0(0B) LOS objects, 23% free, 52MB/68MB, paused 576us total 25.242ms
08-05 18:08:37.506 15940 15953 I art     : Starting a blocking GC Explicit
08-05 18:08:37.531 15940 15953 I art     : Explicit concurrent mark sweep GC freed 3(96B) AllocSpace objects, 0(0B) LOS objects, 23% free, 52MB/68MB, paused 591us total 24.854ms
08-05 18:08:37.541 15940 15953 I art     : Starting a blocking GC Explicit
08-05 18:08:37.567 15940 15953 I art     : Explicit concurrent mark sweep GC freed 3(96B) AllocSpace objects, 0(0B) LOS objects, 23% free, 52MB/68MB, paused 657us total 25.246ms
08-05 18:08:37.764 12013 12013 I Atfwd_Sendcmd: AtCmdFwd service not ready - Exhausted retry attempts - :6
08-05 18:08:37.765 12013 12013 I Atfwd_Daemon: result : -1 	 ,Init step :2 	 ,qmiErrorCode: 0
08-05 18:08:37.854 15940 16974 I art     : Starting a blocking GC Explicit
08-05 18:08:37.884 15940 16974 I art     : Explicit concurrent mark sweep GC freed 1343(78KB) AllocSpace objects, 1(20KB) LOS objects, 23% free, 52MB/68MB, paused 652us total 30.206ms
08-05 18:08:37.898 15940 16974 I art     : Starting a blocking GC Explicit
08-05 18:08:37.927 15940 16974 I art     : Explicit concurrent mark sweep GC freed 25(864B) AllocSpace objects, 0(0B) LOS objects, 23% free, 52MB/68MB, paused 693us total 28.212ms
08-05 18:08:37.938 15940 16974 I art     : Starting a blocking GC Explicit
08-05 18:08:37.964 15940 16974 I art     : Explicit concurrent mark sweep GC freed 7(224B) AllocSpace objects, 0(0B) LOS objects, 23% free, 52MB/68MB, paused 587us total 26.289ms
08-05 18:08:37.975 15940 16974 I art     : Starting a blocking GC Explicit
08-05 18:08:38.001 15940 16974 I art     : Explicit concurrent mark sweep GC freed 7(224B) AllocSpace objects, 0(0B) LOS objects, 23% free, 52MB/68MB, paused 694us total 25.762ms
08-05 18:08:38.012 15940 16974 I art     : Starting a blocking GC Explicit
08-05 18:08:38.027 18118 18118 D AndroidRuntime: >>>>>> START com.android.internal.os.RuntimeInit uid 2000 <<<<<<
08-05 18:08:38.033 18118 18118 D AndroidRuntime: CheckJNI is OFF
08-05 18:08:38.039 15940 16974 I art     : Explicit concurrent mark sweep GC freed 8(256B) AllocSpace objects, 0(0B) LOS objects, 23% free, 52MB/68MB, paused 650us total 26.121ms
08-05 18:08:38.075 18118 18118 D ICU     : No timezone override file found: /data/misc/zoneinfo/current/icu/icu_tzdata.dat
08-05 18:08:38.116 18118 18118 I Radio-JNI: register_android_hardware_Radio DONE
08-05 18:08:38.146 18118 18118 D AndroidRuntime: Calling main entry com.android.commands.input.Input
08-05 18:08:38.148 18118 18118 I Input   : injectMotionEvent: MotionEvent { action=ACTION_DOWN, actionButton=0, id[0]=0, x[0]=648.0, y[0]=1050.0, toolType[0]=TOOL_TYPE_UNKNOWN, buttonState=0, metaState=0, flags=0x0, edgeFlags=0x0, pointerCount=1, historySize=0, eventTime=814134561, downTime=814134561, deviceId=0, source=0x1002 }
08-05 18:08:38.154 18118 18118 I Input   : injectMotionEvent: MotionEvent { action=ACTION_UP, actionButton=0, id[0]=0, x[0]=648.0, y[0]=1050.0, toolType[0]=TOOL_TYPE_UNKNOWN, buttonState=0, metaState=0, flags=0x0, edgeFlags=0x0, pointerCount=1, historySize=0, eventTime=814134561, downTime=814134561, deviceId=0, source=0x1002 }
08-05 18:08:38.156 18118 18118 D AndroidRuntime: Shutting down VM
08-05 18:08:38.168   512  2967 D audio_hw_primary: out_set_parameters: enter: usecase(1: low-latency-playback) kvpairs: routing=2
08-05 18:08:38.170   918  5952 I ActivityManager: START u0 {cmp=baseline.appteam.nith.hillffair/.activities.InformationActivity} from uid 10675 on display 0
08-05 18:08:38.182   512  2967 D audio_hw_primary: select_devices: out_snd_device(2: speaker) in_snd_device(0: none)
08-05 18:08:38.182   512  2967 D msm8974_platform: platform_send_audio_calibration: sending audio calibration for snd_device(2) acdb_id(15)
08-05 18:08:38.182   512  2967 I soundtrigger: audio_extn_sound_trigger_update_device_status: device 0x2 of type 0 for Event 1
08-05 18:08:38.195   512  2967 D audio_hw_primary: enable_snd_device: snd_device(2: speaker)
08-05 18:08:38.197   512  2967 D audio_hw_primary: enable_audio_route: apply and update mixer path: low-latency-playback speaker
08-05 18:08:38.312   918   936 I ActivityManager: Displayed baseline.appteam.nith.hillffair/.activities.InformationActivity: +130ms
08-05 18:08:38.315 13866 13866 I GoogleInputMethodServic: GoogleInputMethodService.onFinishInput():3138 
08-05 18:08:38.315 13866 13866 I GoogleInputMethodServic: GoogleInputMethodService.onStartInput():1808 
08-05 18:08:38.333 15940 16974 I art     : Starting a blocking GC Explicit
08-05 18:08:38.346 15940 15964 D OpenGLRenderer: endAllStagingAnimators on 0x7f81359800 (RippleDrawable) with handle 0x7f7d95b000
08-05 18:08:38.361 15940 16974 I art     : Explicit concurrent mark sweep GC freed 2380(158KB) AllocSpace objects, 1(20KB) LOS objects, 23% free, 52MB/68MB, paused 564us total 26.812ms
08-05 18:08:38.372 15940 16974 I art     : Starting a blocking GC Explicit
08-05 18:08:38.396 15940 16974 I art     : Explicit concurrent mark sweep GC freed 198(8KB) AllocSpace objects, 0(0B) LOS objects, 23% free, 52MB/68MB, paused 555us total 23.538ms
08-05 18:08:38.406 15940 16974 I art     : Starting a blocking GC Explicit
08-05 18:08:38.432 15940 16974 I art     : Explicit concurrent mark sweep GC freed 3(96B) AllocSpace objects, 0(0B) LOS objects, 23% free, 52MB/68MB, paused 605us total 25.620ms
08-05 18:08:38.442 15940 16974 I art     : Starting a blocking GC Explicit
08-05 18:08:38.469 15940 16974 I art     : Explicit concurrent mark sweep GC freed 3(96B) AllocSpace objects, 0(0B) LOS objects, 23% free, 52MB/68MB, paused 629us total 26.857ms
08-05 18:08:38.482 15940 16974 I art     : Starting a blocking GC Explicit
08-05 18:08:38.512 15940 16974 I art     : Explicit concurrent mark sweep GC freed 3(96B) AllocSpace objects, 0(0B) LOS objects, 23% free, 52MB/68MB, paused 621us total 29.751ms
08-05 18:08:38.558   380   380 W SurfaceFlinger: couldn't log to binary event log: overflow.
08-05 18:08:38.738   512  2967 D audio_hw_primary: disable_audio_route: reset and update mixer path: low-latency-playback speaker
08-05 18:08:38.739   512  2967 D audio_hw_primary: disable_snd_device: snd_device(2: speaker)
08-05 18:08:38.747   512  2967 I soundtrigger: audio_extn_sound_trigger_update_device_status: device 0x2 of type 0 for Event 0
08-05 18:08:38.804 15940 15971 I art     : Starting a blocking GC Explicit
08-05 18:08:38.832 15940 15971 I art     : Explicit concurrent mark sweep GC freed 1442(84KB) AllocSpace objects, 1(20KB) LOS objects, 23% free, 52MB/68MB, paused 675us total 28.385ms
08-05 18:08:38.844 15940 15971 I art     : Starting a blocking GC Explicit
08-05 18:08:38.871 15940 15971 I art     : Explicit concurrent mark sweep GC freed 36(1216B) AllocSpace objects, 0(0B) LOS objects, 23% free, 52MB/68MB, paused 600us total 27.289ms
08-05 18:08:38.882 15940 15971 I art     : Starting a blocking GC Explicit
08-05 18:08:38.910 15940 15971 I art     : Explicit concurrent mark sweep GC freed 3(96B) AllocSpace objects, 0(0B) LOS objects, 23% free, 52MB/68MB, paused 596us total 27.135ms
08-05 18:08:38.921 15940 15971 I art     : Starting a blocking GC Explicit
08-05 18:08:38.948 15940 15971 I art     : Explicit concurrent mark sweep GC freed 3(96B) AllocSpace objects, 0(0B) LOS objects, 23% free, 52MB/68MB, paused 628us total 27.038ms
08-05 18:08:38.960 15940 15971 I art     : Starting a blocking GC Explicit
08-05 18:08:38.987 15940 15971 I art     : Explicit concurrent mark sweep GC freed 3(96B) AllocSpace objects, 0(0B) LOS objects, 23% free, 52MB/68MB, paused 676us total 27.099ms
08-05 18:08:39.304 15940 15952 I art     : Starting a blocking GC Explicit
08-05 18:08:39.339 15940 15952 I art     : Explicit concurrent mark sweep GC freed 1344(78KB) AllocSpace objects, 1(20KB) LOS objects, 23% free, 52MB/68MB, paused 653us total 34.991ms
08-05 18:08:39.353 15940 15952 I art     : Starting a blocking GC Explicit
08-05 18:08:39.380 15940 15952 I art     : Explicit concurrent mark sweep GC freed 20(704B) AllocSpace objects, 0(0B) LOS objects, 23% free, 52MB/68MB, paused 588us total 26.888ms
08-05 18:08:39.391 15940 15952 I art     : Starting a blocking GC Explicit
08-05 18:08:39.419 15940 15952 I art     : Explicit concurrent mark sweep GC freed 3(96B) AllocSpace objects, 0(0B) LOS objects, 23% free, 52MB/68MB, paused 603us total 27.020ms
08-05 18:08:39.430 15940 15952 I art     : Starting a blocking GC Explicit
08-05 18:08:39.457 15940 15952 I art     : Explicit concurrent mark sweep GC freed 3(96B) AllocSpace objects, 0(0B) LOS objects, 23% free, 52MB/68MB, paused 612us total 26.750ms
08-05 18:08:39.468 15940 15952 I art     : Starting a blocking GC Explicit
08-05 18:08:39.496 15940 15952 I art     : Explicit concurrent mark sweep GC freed 3(96B) AllocSpace objects, 0(0B) LOS objects, 23% free, 52MB/68MB, paused 582us total 27.016ms
08-05 18:08:39.807 15940 15953 I art     : Starting a blocking GC Explicit
08-05 18:08:39.843 15940 15953 I art     : Explicit concurrent mark sweep GC freed 1345(78KB) AllocSpace objects, 1(20KB) LOS objects, 23% free, 52MB/68MB, paused 632us total 35.361ms
08-05 18:08:39.859 15940 15953 I art     : Starting a blocking GC Explicit
08-05 18:08:39.882 15940 15953 I art     : Explicit concurrent mark sweep GC freed 26(896B) AllocSpace objects, 0(0B) LOS objects, 23% free, 52MB/68MB, paused 527us total 23.602ms
08-05 18:08:39.892 15940 15953 I art     : Starting a blocking GC Explicit
08-05 18:08:39.915 15940 15953 I art     : Explicit concurrent mark sweep GC freed 7(224B) AllocSpace objects, 0(0B) LOS objects, 23% free, 52MB/68MB, paused 524us total 22.623ms
08-05 18:08:39.925 15940 15953 I art     : Starting a blocking GC Explicit
08-05 18:08:39.948 15940 15953 I art     : Explicit concurrent mark sweep GC freed 7(224B) AllocSpace objects, 0(0B) LOS objects, 23% free, 52MB/68MB, paused 545us total 22.402ms
08-05 18:08:39.959 15940 15953 I art     : Starting a blocking GC Explicit
08-05 18:08:39.983 15940 15953 I art     : Explicit concurrent mark sweep GC freed 8(256B) AllocSpace objects, 0(0B) LOS objects, 23% free, 52MB/68MB, paused 547us total 24.025ms
08-05 18:08:40.326 15940 16420 I art     : Starting a blocking GC Explicit
08-05 18:08:40.353 15940 16420 I art     : Explicit concurrent mark sweep GC freed 1354(78KB) AllocSpace objects, 1(20KB) LOS objects, 23% free, 52MB/68MB, paused 591us total 26.419ms
08-05 18:08:40.364 15940 16420 I art     : Starting a blocking GC Explicit
08-05 18:08:40.394 15940 16420 I art     : Explicit concurrent mark sweep GC freed 20(704B) AllocSpace objects, 0(0B) LOS objects, 23% free, 52MB/68MB, paused 604us total 29.316ms
08-05 18:08:40.405 15940 16420 I art     : Starting a blocking GC Explicit
08-05 18:08:40.434 15940 16420 I art     : Explicit concurrent mark sweep GC freed 3(96B) AllocSpace objects, 0(0B) LOS objects, 23% free, 52MB/68MB, paused 603us total 28.262ms
08-05 18:08:40.445 15940 16420 I art     : Starting a blocking GC Explicit
08-05 18:08:40.474 15940 16420 I art     : Explicit concurrent mark sweep GC freed 3(96B) AllocSpace objects, 0(0B) LOS objects, 23% free, 52MB/68MB, paused 605us total 28.939ms
08-05 18:08:40.485 15940 16420 I art     : Starting a blocking GC Explicit
08-05 18:08:40.515 15940 16420 I art     : Explicit concurrent mark sweep GC freed 3(96B) AllocSpace objects, 0(0B) LOS objects, 23% free, 52MB/68MB, paused 624us total 29.605ms
08-05 18:08:40.853 15940 15953 I art     : Starting a blocking GC Explicit
08-05 18:08:40.891 15940 15953 I art     : Explicit concurrent mark sweep GC freed 1344(78KB) AllocSpace objects, 1(20KB) LOS objects, 23% free, 52MB/68MB, paused 674us total 36.652ms
08-05 18:08:40.908 15940 15953 I art     : Starting a blocking GC Explicit
08-05 18:08:40.937 15940 15953 I art     : Explicit concurrent mark sweep GC freed 20(704B) AllocSpace objects, 0(0B) LOS objects, 23% free, 52MB/68MB, paused 625us total 28.696ms
08-05 18:08:40.948 15940 15953 I art     : Starting a blocking GC Explicit
08-05 18:08:40.978 15940 15953 I art     : Explicit concurrent mark sweep GC freed 3(96B) AllocSpace objects, 0(0B) LOS objects, 23% free, 52MB/68MB, paused 658us total 29.739ms
08-05 18:08:40.989 15940 15953 I art     : Starting a blocking GC Explicit
08-05 18:08:41.019 15940 15953 I art     : Explicit concurrent mark sweep GC freed 3(96B) AllocSpace objects, 0(0B) LOS objects, 23% free, 52MB/68MB, paused 606us total 29.638ms
08-05 18:08:41.031 15940 15953 I art     : Starting a blocking GC Explicit
08-05 18:08:41.059 15940 15953 I art     : Explicit concurrent mark sweep GC freed 3(96B) AllocSpace objects, 0(0B) LOS objects, 23% free, 52MB/68MB, paused 595us total 27.687ms
08-05 18:08:41.393 15940 16974 I art     : Starting a blocking GC Explicit
08-05 18:08:41.428 15940 16974 I art     : Explicit concurrent mark sweep GC freed 1344(78KB) AllocSpace objects, 1(20KB) LOS objects, 23% free, 52MB/68MB, paused 850us total 35.187ms
08-05 18:08:41.442 15940 16974 I art     : Starting a blocking GC Explicit
08-05 18:08:41.472 15940 16974 I art     : Explicit concurrent mark sweep GC freed 20(704B) AllocSpace objects, 0(0B) LOS objects, 23% free, 52MB/68MB, paused 615us total 29.416ms
08-05 18:08:41.484 15940 16974 I art     : Starting a blocking GC Explicit
08-05 18:08:41.513 15940 16974 I art     : Explicit concurrent mark sweep GC freed 3(96B) AllocSpace objects, 0(0B) LOS objects, 23% free, 52MB/68MB, paused 620us total 29.548ms
08-05 18:08:41.525 15940 16974 I art     : Starting a blocking GC Explicit
08-05 18:08:41.554 15940 16974 I art     : Explicit concurrent mark sweep GC freed 3(96B) AllocSpace objects, 0(0B) LOS objects, 23% free, 52MB/68MB, paused 624us total 29.104ms
08-05 18:08:41.566 15940 16974 I art     : Starting a blocking GC Explicit
08-05 18:08:41.600 15940 16974 I art     : Explicit concurrent mark sweep GC freed 3(96B) AllocSpace objects, 0(0B) LOS objects, 23% free, 52MB/68MB, paused 627us total 33.793ms
08-05 18:08:41.936 15940 15971 I art     : Starting a blocking GC Explicit
08-05 18:08:41.968 15940 15971 I art     : Explicit concurrent mark sweep GC freed 1344(78KB) AllocSpace objects, 1(20KB) LOS objects, 23% free, 52MB/68MB, paused 767us total 31.952ms
08-05 18:08:41.982 15940 15971 I art     : Starting a blocking GC Explicit
08-05 18:08:42.009 15940 15971 I art     : Explicit concurrent mark sweep GC freed 20(704B) AllocSpace objects, 0(0B) LOS objects, 23% free, 52MB/68MB, paused 597us total 27.261ms
08-05 18:08:42.021 15940 15971 I art     : Starting a blocking GC Explicit
08-05 18:08:42.050 15940 15971 I art     : Explicit concurrent mark sweep GC freed 3(96B) AllocSpace objects, 0(0B) LOS objects, 23% free, 52MB/68MB, paused 564us total 28.950ms
08-05 18:08:42.062 15940 15971 I art     : Starting a blocking GC Explicit
08-05 18:08:42.092 15940 15971 I art     : Explicit concurrent mark sweep GC freed 3(96B) AllocSpace objects, 0(0B) LOS objects, 23% free, 52MB/68MB, paused 617us total 29.809ms
08-05 18:08:42.103 15940 15971 I art     : Starting a blocking GC Explicit
08-05 18:08:42.133 15940 15971 I art     : Explicit concurrent mark sweep GC freed 3(96B) AllocSpace objects, 0(0B) LOS objects, 23% free, 52MB/68MB, paused 620us total 29.762ms
08-05 18:08:42.476 15940 15952 I art     : Starting a blocking GC Explicit
08-05 18:08:42.504 15940 15952 I art     : Explicit concurrent mark sweep GC freed 1344(78KB) AllocSpace objects, 1(20KB) LOS objects, 23% free, 52MB/68MB, paused 658us total 28.409ms
08-05 18:08:42.519 15940 15952 I art     : Starting a blocking GC Explicit
08-05 18:08:42.547 15940 15952 I art     : Explicit concurrent mark sweep GC freed 20(704B) AllocSpace objects, 0(0B) LOS objects, 23% free, 52MB/68MB, paused 580us total 27.661ms
08-05 18:08:42.558 15940 15952 I art     : Starting a blocking GC Explicit
08-05 18:08:42.585 15940 15952 I art     : Explicit concurrent mark sweep GC freed 3(96B) AllocSpace objects, 0(0B) LOS objects, 23% free, 52MB/68MB, paused 607us total 26.905ms
08-05 18:08:42.596 15940 15952 I art     : Starting a blocking GC Explicit
08-05 18:08:42.625 15940 15952 I art     : Explicit concurrent mark sweep GC freed 3(96B) AllocSpace objects, 0(0B) LOS objects, 23% free, 52MB/68MB, paused 624us total 28.125ms
08-05 18:08:42.636 15940 15952 I art     : Starting a blocking GC Explicit
08-05 18:08:42.664 15940 15952 I art     : Explicit concurrent mark sweep GC freed 3(96B) AllocSpace objects, 0(0B) LOS objects, 23% free, 52MB/68MB, paused 634us total 27.772ms
08-05 18:08:42.949 18262 18262 D AndroidRuntime: >>>>>> START com.android.internal.os.RuntimeInit uid 2000 <<<<<<
08-05 18:08:42.955 18262 18262 D AndroidRuntime: CheckJNI is OFF
08-05 18:08:43.000 18262 18262 D ICU     : No timezone override file found: /data/misc/zoneinfo/current/icu/icu_tzdata.dat
08-05 18:08:43.006 15940 16420 I art     : Starting a blocking GC Explicit
08-05 18:08:43.034 15940 16420 I art     : Explicit concurrent mark sweep GC freed 1344(78KB) AllocSpace objects, 1(20KB) LOS objects, 23% free, 52MB/68MB, paused 653us total 27.622ms
08-05 18:08:43.043 18262 18262 I Radio-JNI: register_android_hardware_Radio DONE
08-05 18:08:43.045 15940 16420 I art     : Starting a blocking GC Explicit
08-05 18:08:43.072 15940 16420 I art     : Explicit concurrent mark sweep GC freed 20(704B) AllocSpace objects, 0(0B) LOS objects, 23% free, 52MB/68MB, paused 617us total 26.352ms
08-05 18:08:43.072 18262 18262 D AndroidRuntime: Calling main entry com.android.commands.input.Input
08-05 18:08:43.075 18262 18262 I Input   : injectKeyEvent: KeyEvent { action=ACTION_DOWN, keyCode=KEYCODE_BACK, scanCode=0, metaState=0, flags=0x0, repeatCount=0, eventTime=814139487, downTime=814139487, deviceId=-1, source=0x101 }
08-05 18:08:43.082 18262 18262 I Input   : injectKeyEvent: KeyEvent { action=ACTION_UP, keyCode=KEYCODE_BACK, scanCode=0, metaState=0, flags=0x0, repeatCount=0, eventTime=814139487, downTime=814139487, deviceId=-1, source=0x101 }
08-05 18:08:43.082 15940 16420 I art     : Starting a blocking GC Explicit
08-05 18:08:43.089 18262 18262 D AndroidRuntime: Shutting down VM
08-05 18:08:43.106 15940 16420 I art     : Explicit concurrent mark sweep GC freed 100(4KB) AllocSpace objects, 0(0B) LOS objects, 23% free, 52MB/68MB, paused 617us total 23.752ms
08-05 18:08:43.117 15940 16420 I art     : Starting a blocking GC Explicit
08-05 18:08:43.121 13866 13866 I GoogleInputMethodServic: GoogleInputMethodService.onFinishInput():3138 
08-05 18:08:43.121 13866 13866 I GoogleInputMethodServic: GoogleInputMethodService.onStartInput():1808 
08-05 18:08:43.143 15940 16420 I art     : Explicit concurrent mark sweep GC freed 43(1536B) AllocSpace objects, 0(0B) LOS objects, 23% free, 52MB/68MB, paused 687us total 25.856ms
08-05 18:08:43.154 15940 16420 I art     : Starting a blocking GC Explicit
08-05 18:08:43.178 15940 16420 I art     : Explicit concurrent mark sweep GC freed 12(432B) AllocSpace objects, 0(0B) LOS objects, 23% free, 52MB/68MB, paused 561us total 23.248ms
08-05 18:08:43.428   380   380 W SurfaceFlinger: couldn't log to binary event log: overflow.
08-05 18:08:43.459 15940 15952 I art     : Starting a blocking GC Explicit
08-05 18:08:43.484 15940 15952 I art     : Explicit concurrent mark sweep GC freed 1454(87KB) AllocSpace objects, 1(20KB) LOS objects, 23% free, 52MB/68MB, paused 577us total 24.848ms
08-05 18:08:43.496 15940 15952 I art     : Starting a blocking GC Explicit
08-05 18:08:43.522 15940 15952 I art     : Explicit concurrent mark sweep GC freed 1401(90KB) AllocSpace objects, 1(28KB) LOS objects, 23% free, 52MB/68MB, paused 629us total 25.755ms
08-05 18:08:43.533 15940 15952 I art     : Starting a blocking GC Explicit
08-05 18:08:43.559 15940 15952 I art     : Explicit concurrent mark sweep GC freed 3(96B) AllocSpace objects, 0(0B) LOS objects, 23% free, 52MB/68MB, paused 601us total 25.770ms
08-05 18:08:43.570 15940 15952 I art     : Starting a blocking GC Explicit
08-05 18:08:43.596 15940 15952 I art     : Explicit concurrent mark sweep GC freed 3(96B) AllocSpace objects, 0(0B) LOS objects, 23% free, 52MB/68MB, paused 584us total 25.931ms
08-05 18:08:43.607 15940 15952 I art     : Starting a blocking GC Explicit
08-05 18:08:43.634 15940 15952 I art     : Explicit concurrent mark sweep GC freed 3(96B) AllocSpace objects, 0(0B) LOS objects, 23% free, 52MB/68MB, paused 608us total 26.579ms
08-05 18:08:43.943 15940 16974 I art     : Starting a blocking GC Explicit
08-05 18:08:43.978 15940 16974 I art     : Explicit concurrent mark sweep GC freed 1344(78KB) AllocSpace objects, 1(20KB) LOS objects, 23% free, 52MB/68MB, paused 832us total 34.104ms
08-05 18:08:43.992 15940 16974 I art     : Starting a blocking GC Explicit
08-05 18:08:44.019 15940 16974 I art     : Explicit concurrent mark sweep GC freed 20(704B) AllocSpace objects, 0(0B) LOS objects, 23% free, 52MB/68MB, paused 591us total 26.793ms
08-05 18:08:44.031 15940 16974 I art     : Starting a blocking GC Explicit
08-05 18:08:44.057 15940 16974 I art     : Explicit concurrent mark sweep GC freed 3(96B) AllocSpace objects, 0(0B) LOS objects, 23% free, 52MB/68MB, paused 696us total 26.513ms
08-05 18:08:44.069 15940 16974 I art     : Starting a blocking GC Explicit
08-05 18:08:44.095 15940 16974 I art     : Explicit concurrent mark sweep GC freed 3(96B) AllocSpace objects, 0(0B) LOS objects, 23% free, 52MB/68MB, paused 605us total 26.128ms
08-05 18:08:44.106 15940 16974 I art     : Starting a blocking GC Explicit
08-05 18:08:44.133 15940 16974 I art     : Explicit concurrent mark sweep GC freed 3(96B) AllocSpace objects, 0(0B) LOS objects, 23% free, 52MB/68MB, paused 603us total 26.560ms
08-05 18:08:44.429 15940 15971 I art     : Starting a blocking GC Explicit
08-05 18:08:44.459 15940 15971 I art     : Explicit concurrent mark sweep GC freed 1343(78KB) AllocSpace objects, 1(20KB) LOS objects, 23% free, 52MB/68MB, paused 657us total 30.091ms
08-05 18:08:44.473 15940 15971 I art     : Starting a blocking GC Explicit
08-05 18:08:44.500 15940 15971 I art     : Explicit concurrent mark sweep GC freed 20(704B) AllocSpace objects, 0(0B) LOS objects, 23% free, 52MB/68MB, paused 610us total 26.252ms
08-05 18:08:44.511 15940 15971 I art     : Starting a blocking GC Explicit
08-05 18:08:44.536 15940 15971 I art     : Explicit concurrent mark sweep GC freed 3(96B) AllocSpace objects, 0(0B) LOS objects, 23% free, 52MB/68MB, paused 581us total 25.094ms
08-05 18:08:44.547 15940 15971 I art     : Starting a blocking GC Explicit
08-05 18:08:44.572 15940 15971 I art     : Explicit concurrent mark sweep GC freed 3(96B) AllocSpace objects, 0(0B) LOS objects, 23% free, 52MB/68MB, paused 589us total 24.625ms
08-05 18:08:44.583 15940 15971 I art     : Starting a blocking GC Explicit
08-05 18:08:44.611 15940 15971 I art     : Explicit concurrent mark sweep GC freed 3(96B) AllocSpace objects, 0(0B) LOS objects, 23% free, 52MB/68MB, paused 588us total 27.493ms
08-05 18:08:44.876 18315 18315 D AndroidRuntime: >>>>>> START com.android.internal.os.RuntimeInit uid 2000 <<<<<<
08-05 18:08:44.882 18315 18315 D AndroidRuntime: CheckJNI is OFF
08-05 18:08:44.923 18315 18315 D ICU     : No timezone override file found: /data/misc/zoneinfo/current/icu/icu_tzdata.dat
08-05 18:08:44.942 15940 16974 I art     : Starting a blocking GC Explicit
08-05 18:08:44.965 18315 18315 I Radio-JNI: register_android_hardware_Radio DONE
08-05 18:08:44.968 15940 16974 I art     : Explicit concurrent mark sweep GC freed 1373(79KB) AllocSpace objects, 1(20KB) LOS objects, 23% free, 52MB/68MB, paused 653us total 25.581ms
08-05 18:08:44.980 15940 16974 I art     : Starting a blocking GC Explicit
08-05 18:08:44.995 18315 18315 D AndroidRuntime: Calling main entry com.android.commands.input.Input
08-05 18:08:44.997 18315 18315 I Input   : injectMotionEvent: MotionEvent { action=ACTION_DOWN, actionButton=0, id[0]=0, x[0]=756.0, y[0]=1530.0, toolType[0]=TOOL_TYPE_UNKNOWN, buttonState=0, metaState=0, flags=0x0, edgeFlags=0x0, pointerCount=1, historySize=0, eventTime=814141409, downTime=814141409, deviceId=0, source=0x1002 }
08-05 18:08:45.002 18315 18315 I Input   : injectMotionEvent: MotionEvent { action=ACTION_UP, actionButton=0, id[0]=0, x[0]=756.0, y[0]=1530.0, toolType[0]=TOOL_TYPE_UNKNOWN, buttonState=0, metaState=0, flags=0x0, edgeFlags=0x0, pointerCount=1, historySize=0, eventTime=814141409, downTime=814141409, deviceId=0, source=0x1002 }
08-05 18:08:45.004 15940 16974 I art     : Explicit concurrent mark sweep GC freed 20(704B) AllocSpace objects, 0(0B) LOS objects, 23% free, 52MB/68MB, paused 619us total 24.522ms
08-05 18:08:45.005 18315 18315 D AndroidRuntime: Shutting down VM
08-05 18:08:45.016 15940 16974 I art     : Starting a blocking GC Explicit
08-05 18:08:45.016   918  3696 I ActivityManager: START u0 {cmp=baseline.appteam.nith.hillffair/.activities.LeaderBoardActivity} from uid 10675 on display 0
08-05 18:08:45.018   512  2967 D audio_hw_primary: out_set_parameters: enter: usecase(1: low-latency-playback) kvpairs: routing=2
08-05 18:08:45.031   512  2967 D audio_hw_primary: select_devices: out_snd_device(2: speaker) in_snd_device(0: none)
08-05 18:08:45.031   512  2967 D msm8974_platform: platform_send_audio_calibration: sending audio calibration for snd_device(2) acdb_id(15)
08-05 18:08:45.032   512  2967 I soundtrigger: audio_extn_sound_trigger_update_device_status: device 0x2 of type 0 for Event 1
08-05 18:08:45.042 15940 16974 I art     : Explicit concurrent mark sweep GC freed 222(16KB) AllocSpace objects, 0(0B) LOS objects, 23% free, 52MB/68MB, paused 878us total 25.344ms
08-05 18:08:45.042   512  2967 D audio_hw_primary: enable_snd_device: snd_device(2: speaker)
08-05 18:08:45.044   512  2967 D audio_hw_primary: enable_audio_route: apply and update mixer path: low-latency-playback speaker
08-05 18:08:45.052 15940 16974 I art     : Starting a blocking GC Explicit
08-05 18:08:45.080 15940 16974 I art     : Explicit concurrent mark sweep GC freed 4756(292KB) AllocSpace objects, 0(0B) LOS objects, 23% free, 52MB/68MB, paused 784us total 27.603ms
08-05 18:08:45.091 15940 16974 I art     : Starting a blocking GC Explicit
08-05 18:08:45.107 15940 15940 E RecyclerView: No adapter attached; skipping layout
08-05 18:08:45.110 15940 15940 E RecyclerView: No adapter attached; skipping layout
08-05 18:08:45.118 15940 16974 I art     : Explicit concurrent mark sweep GC freed 385(15KB) AllocSpace objects, 0(0B) LOS objects, 23% free, 52MB/68MB, paused 762us total 26.523ms
08-05 18:08:45.126   918   936 I ActivityManager: Displayed baseline.appteam.nith.hillffair/.activities.LeaderBoardActivity: +101ms
08-05 18:08:45.128 13866 13866 I GoogleInputMethodServic: GoogleInputMethodService.onFinishInput():3138 
08-05 18:08:45.128 15940 15940 E RecyclerView: No adapter attached; skipping layout
08-05 18:08:45.129 13866 13866 I GoogleInputMethodServic: GoogleInputMethodService.onStartInput():1808 
08-05 18:08:45.152 15940 15964 D OpenGLRenderer: endAllStagingAnimators on 0x7f82811400 (RippleDrawable) with handle 0x7f7fe282a0
08-05 18:08:45.381   380   380 W SurfaceFlinger: couldn't log to binary event log: overflow.
08-05 18:08:45.397 15940 16974 I art     : Starting a blocking GC Explicit
08-05 18:08:45.421 15940 16974 I art     : Explicit concurrent mark sweep GC freed 1529(88KB) AllocSpace objects, 1(20KB) LOS objects, 23% free, 52MB/68MB, paused 613us total 23.889ms
08-05 18:08:45.431 15940 16974 I art     : Starting a blocking GC Explicit
08-05 18:08:45.455 15940 16974 I art     : Explicit concurrent mark sweep GC freed 37(1264B) AllocSpace objects, 0(0B) LOS objects, 23% free, 52MB/68MB, paused 606us total 24.450ms
08-05 18:08:45.466 15940 16974 I art     : Starting a blocking GC Explicit
08-05 18:08:45.491 15940 16974 I art     : Explicit concurrent mark sweep GC freed 5(160B) AllocSpace objects, 0(0B) LOS objects, 23% free, 52MB/68MB, paused 654us total 24.292ms
08-05 18:08:45.501 15940 16974 I art     : Starting a blocking GC Explicit
08-05 18:08:45.528 15940 16974 I art     : Explicit concurrent mark sweep GC freed 81(5KB) AllocSpace objects, 0(0B) LOS objects, 23% free, 52MB/68MB, paused 664us total 26.510ms
08-05 18:08:45.539 15940 16974 I art     : Starting a blocking GC Explicit
08-05 18:08:45.565 15940 16974 I art     : Explicit concurrent mark sweep GC freed 83(3KB) AllocSpace objects, 0(0B) LOS objects, 23% free, 52MB/68MB, paused 766us total 25.547ms
08-05 18:08:45.588   512  2967 D audio_hw_primary: disable_audio_route: reset and update mixer path: low-latency-playback speaker
08-05 18:08:45.589   512  2967 D audio_hw_primary: disable_snd_device: snd_device(2: speaker)
08-05 18:08:45.597   512  2967 I soundtrigger: audio_extn_sound_trigger_update_device_status: device 0x2 of type 0 for Event 0
08-05 18:08:45.875 15940 16420 I art     : Starting a blocking GC Explicit
08-05 18:08:45.903 15940 16420 I art     : Explicit concurrent mark sweep GC freed 1744(96KB) AllocSpace objects, 1(20KB) LOS objects, 23% free, 52MB/68MB, paused 723us total 27.769ms
08-05 18:08:45.914 15940 16420 I art     : Starting a blocking GC Explicit
08-05 18:08:45.937 15940 18344 D OkHttp  : --> GET https://api-hillfair-2k16.herokuapp.com/api/app/quiz/leaderboard?from=1 http/1.1
08-05 18:08:45.943 15940 16420 I art     : Explicit concurrent mark sweep GC freed 2317(119KB) AllocSpace objects, 2(120KB) LOS objects, 23% free, 53MB/69MB, paused 735us total 28.530ms
08-05 18:08:45.954 15940 16420 I art     : Starting a blocking GC Explicit
08-05 18:08:45.975 15940 18344 D OkHttp  : <-- 200 OK https://api-hillfair-2k16.herokuapp.com/api/app/quiz/leaderboard?from=1 (38ms, 56744-byte body)
08-05 18:08:45.981 15940 16420 I art     : Explicit concurrent mark sweep GC freed 1087(147KB) AllocSpace objects, 1(80KB) LOS objects, 23% free, 53MB/69MB, paused 851us total 26.805ms
08-05 18:08:45.992 15940 16420 I art     : Starting a blocking GC Explicit
08-05 18:08:46.019 15940 16420 I art     : Explicit concurrent mark sweep GC freed 6477(269KB) AllocSpace objects, 0(0B) LOS objects, 23% free, 53MB/69MB, paused 825us total 27.332ms
08-05 18:08:46.030 15940 16420 I art     : Starting a blocking GC Explicit
08-05 18:08:46.058 15940 16420 I art     : Explicit concurrent mark sweep GC freed 14208(670KB) AllocSpace objects, 0(0B) LOS objects, 23% free, 53MB/69MB, paused 790us total 27.648ms
08-05 18:08:46.083 15940 15940 I NAPPA_EXPERIMENTATION: MetricNetworkRequestExecutionTime: REQUEST_DURATION_SYSTEM='1023',REQUEST_DURATION_OKHTTP='38',REQUEST_SYNCHRONOUS='FALSE',RESPONSE_CODE='200',RESPONSE_METHOD='GET',RESPONSE_LENGTH_OKHTTP='56744',RESPONSE_LENGTH_HEADER='56744',REQUEST_PROTOCOL='http/1.1',REQUEST_URL='https://api-hillfair-2k16.herokuapp.com/api/app/quiz/leaderboard?from=1',
08-05 18:08:46.357 15940 16420 I art     : Starting a blocking GC Explicit
08-05 18:08:46.394 15940 16420 I art     : Explicit concurrent mark sweep GC freed 6928(343KB) AllocSpace objects, 1(20KB) LOS objects, 23% free, 53MB/69MB, paused 649us total 36.839ms
08-05 18:08:46.408 15940 16420 I art     : Starting a blocking GC Explicit
08-05 18:08:46.437 15940 16420 I art     : Explicit concurrent mark sweep GC freed 87(3KB) AllocSpace objects, 0(0B) LOS objects, 23% free, 53MB/69MB, paused 617us total 28.702ms
08-05 18:08:46.449 15940 16420 I art     : Starting a blocking GC Explicit
08-05 18:08:46.478 15940 16420 I art     : Explicit concurrent mark sweep GC freed 3(96B) AllocSpace objects, 0(0B) LOS objects, 23% free, 53MB/69MB, paused 658us total 28.763ms
08-05 18:08:46.489 15940 16420 I art     : Starting a blocking GC Explicit
08-05 18:08:46.518 15940 16420 I art     : Explicit concurrent mark sweep GC freed 3(96B) AllocSpace objects, 0(0B) LOS objects, 23% free, 53MB/69MB, paused 630us total 28.655ms
08-05 18:08:46.530 15940 16420 I art     : Starting a blocking GC Explicit
08-05 18:08:46.559 15940 16420 I art     : Explicit concurrent mark sweep GC freed 3(96B) AllocSpace objects, 0(0B) LOS objects, 23% free, 53MB/69MB, paused 618us total 28.922ms
08-05 18:08:46.874 15940 15971 I art     : Starting a blocking GC Explicit
08-05 18:08:46.912 15940 15971 I art     : Explicit concurrent mark sweep GC freed 1344(78KB) AllocSpace objects, 1(20KB) LOS objects, 23% free, 53MB/69MB, paused 670us total 38.235ms
08-05 18:08:46.926 15940 15971 I art     : Starting a blocking GC Explicit
08-05 18:08:46.957 15940 15971 I art     : Explicit concurrent mark sweep GC freed 20(704B) AllocSpace objects, 0(0B) LOS objects, 23% free, 53MB/69MB, paused 635us total 30.785ms
08-05 18:08:46.968 15940 15971 I art     : Starting a blocking GC Explicit
08-05 18:08:46.998 15940 15971 I art     : Explicit concurrent mark sweep GC freed 3(96B) AllocSpace objects, 0(0B) LOS objects, 23% free, 53MB/69MB, paused 676us total 29.169ms
08-05 18:08:47.010 15940 15971 I art     : Starting a blocking GC Explicit
08-05 18:08:47.041 15940 15971 I art     : Explicit concurrent mark sweep GC freed 3(96B) AllocSpace objects, 0(0B) LOS objects, 23% free, 53MB/69MB, paused 642us total 31.191ms
08-05 18:08:47.053 15940 15971 I art     : Starting a blocking GC Explicit
08-05 18:08:47.084 15940 15971 I art     : Explicit concurrent mark sweep GC freed 3(96B) AllocSpace objects, 0(0B) LOS objects, 23% free, 53MB/69MB, paused 643us total 30.570ms
08-05 18:08:47.463 15940 16974 I art     : Starting a blocking GC Explicit
08-05 18:08:47.498 15940 16974 I art     : Explicit concurrent mark sweep GC freed 1344(78KB) AllocSpace objects, 1(20KB) LOS objects, 23% free, 53MB/69MB, paused 635us total 34.555ms
08-05 18:08:47.511 15940 16974 I art     : Starting a blocking GC Explicit
08-05 18:08:47.541 15940 16974 I art     : Explicit concurrent mark sweep GC freed 20(704B) AllocSpace objects, 0(0B) LOS objects, 23% free, 53MB/69MB, paused 628us total 29.186ms
08-05 18:08:47.552 15940 16974 I art     : Starting a blocking GC Explicit
08-05 18:08:47.581 15940 16974 I art     : Explicit concurrent mark sweep GC freed 3(96B) AllocSpace objects, 0(0B) LOS objects, 23% free, 53MB/69MB, paused 622us total 28.671ms
08-05 18:08:47.593 15940 16974 I art     : Starting a blocking GC Explicit
08-05 18:08:47.622 15940 16974 I art     : Explicit concurrent mark sweep GC freed 3(96B) AllocSpace objects, 0(0B) LOS objects, 23% free, 53MB/69MB, paused 610us total 29.186ms
08-05 18:08:47.634 15940 16974 I art     : Starting a blocking GC Explicit
08-05 18:08:47.666 15940 16974 I art     : Explicit concurrent mark sweep GC freed 3(96B) AllocSpace objects, 0(0B) LOS objects, 23% free, 53MB/69MB, paused 638us total 31.988ms
08-05 18:08:48.001 15940 15952 I art     : Starting a blocking GC Explicit
08-05 18:08:48.038 15940 15952 I art     : Explicit concurrent mark sweep GC freed 1344(78KB) AllocSpace objects, 1(20KB) LOS objects, 23% free, 53MB/69MB, paused 855us total 36.625ms
08-05 18:08:48.055 15940 15952 I art     : Starting a blocking GC Explicit
08-05 18:08:48.084 15940 15952 I art     : Explicit concurrent mark sweep GC freed 20(704B) AllocSpace objects, 0(0B) LOS objects, 23% free, 53MB/69MB, paused 631us total 28.390ms
08-05 18:08:48.095 15940 15952 I art     : Starting a blocking GC Explicit
08-05 18:08:48.127 15940 15952 I art     : Explicit concurrent mark sweep GC freed 3(96B) AllocSpace objects, 0(0B) LOS objects, 23% free, 53MB/69MB, paused 645us total 31.262ms
08-05 18:08:48.138 15940 15952 I art     : Starting a blocking GC Explicit
08-05 18:08:48.171 15940 15952 I art     : Explicit concurrent mark sweep GC freed 3(96B) AllocSpace objects, 0(0B) LOS objects, 23% free, 53MB/69MB, paused 649us total 31.815ms
08-05 18:08:48.182 15940 15952 I art     : Starting a blocking GC Explicit
08-05 18:08:48.213 15940 15952 I art     : Explicit concurrent mark sweep GC freed 3(96B) AllocSpace objects, 0(0B) LOS objects, 23% free, 53MB/69MB, paused 590us total 30.751ms
08-05 18:08:48.554 15940 15953 I art     : Starting a blocking GC Explicit
08-05 18:08:48.591 15940 15953 I art     : Explicit concurrent mark sweep GC freed 1344(78KB) AllocSpace objects, 1(20KB) LOS objects, 23% free, 53MB/69MB, paused 587us total 36.300ms
08-05 18:08:48.602 15940 15953 I art     : Starting a blocking GC Explicit
08-05 18:08:48.631 15940 15953 I art     : Explicit concurrent mark sweep GC freed 20(704B) AllocSpace objects, 0(0B) LOS objects, 23% free, 53MB/69MB, paused 599us total 28.668ms
08-05 18:08:48.643 15940 15953 I art     : Starting a blocking GC Explicit
08-05 18:08:48.672 15940 15953 I art     : Explicit concurrent mark sweep GC freed 3(96B) AllocSpace objects, 0(0B) LOS objects, 23% free, 53MB/69MB, paused 599us total 29.108ms
08-05 18:08:48.684 15940 15953 I art     : Starting a blocking GC Explicit
08-05 18:08:48.714 15940 15953 I art     : Explicit concurrent mark sweep GC freed 3(96B) AllocSpace objects, 0(0B) LOS objects, 23% free, 53MB/69MB, paused 643us total 30.302ms
08-05 18:08:48.726 15940 15953 I art     : Starting a blocking GC Explicit
08-05 18:08:48.758 15940 15953 I art     : Explicit concurrent mark sweep GC freed 3(96B) AllocSpace objects, 0(0B) LOS objects, 23% free, 53MB/69MB, paused 643us total 31.860ms
08-05 18:08:49.092 15940 16420 I art     : Starting a blocking GC Explicit
08-05 18:08:49.129 15940 16420 I art     : Explicit concurrent mark sweep GC freed 1344(78KB) AllocSpace objects, 1(20KB) LOS objects, 23% free, 53MB/69MB, paused 688us total 36.778ms
08-05 18:08:49.143 15940 16420 I art     : Starting a blocking GC Explicit
08-05 18:08:49.174 15940 16420 I art     : Explicit concurrent mark sweep GC freed 20(704B) AllocSpace objects, 0(0B) LOS objects, 23% free, 53MB/69MB, paused 591us total 30.367ms
08-05 18:08:49.186 15940 16420 I art     : Starting a blocking GC Explicit
08-05 18:08:49.217 15940 16420 I art     : Explicit concurrent mark sweep GC freed 3(96B) AllocSpace objects, 0(0B) LOS objects, 23% free, 53MB/69MB, paused 638us total 30.695ms
08-05 18:08:49.228 15940 16420 I art     : Starting a blocking GC Explicit
08-05 18:08:49.259 15940 16420 I art     : Explicit concurrent mark sweep GC freed 3(96B) AllocSpace objects, 0(0B) LOS objects, 23% free, 53MB/69MB, paused 601us total 30.181ms
08-05 18:08:49.271 15940 16420 I art     : Starting a blocking GC Explicit
08-05 18:08:49.298 15940 16420 I art     : Explicit concurrent mark sweep GC freed 3(96B) AllocSpace objects, 0(0B) LOS objects, 23% free, 53MB/69MB, paused 602us total 27.354ms
08-05 18:08:49.445   918  3261 D WifiStateMachine: starting scan for "H369AA63323"WPA_PSK with 2412,5180
08-05 18:08:49.615 15940 15971 I art     : Starting a blocking GC Explicit
08-05 18:08:49.648 15940 15971 I art     : Explicit concurrent mark sweep GC freed 1344(78KB) AllocSpace objects, 1(20KB) LOS objects, 23% free, 53MB/69MB, paused 675us total 32.123ms
08-05 18:08:49.662 15940 15971 I art     : Starting a blocking GC Explicit
08-05 18:08:49.692 15940 15971 I art     : Explicit concurrent mark sweep GC freed 20(704B) AllocSpace objects, 0(0B) LOS objects, 23% free, 53MB/69MB, paused 655us total 29.573ms
08-05 18:08:49.704 15940 15971 I art     : Starting a blocking GC Explicit
08-05 18:08:49.734 15940 15971 I art     : Explicit concurrent mark sweep GC freed 3(96B) AllocSpace objects, 0(0B) LOS objects, 23% free, 53MB/69MB, paused 614us total 29.474ms
08-05 18:08:49.745 15940 15971 I art     : Starting a blocking GC Explicit
08-05 18:08:49.775 15940 15971 I art     : Explicit concurrent mark sweep GC freed 3(96B) AllocSpace objects, 0(0B) LOS objects, 23% free, 53MB/69MB, paused 652us total 29.958ms
08-05 18:08:49.787 15940 15971 I art     : Starting a blocking GC Explicit
08-05 18:08:49.798 18443 18443 D AndroidRuntime: >>>>>> START com.android.internal.os.RuntimeInit uid 2000 <<<<<<
08-05 18:08:49.804 18443 18443 D AndroidRuntime: CheckJNI is OFF
08-05 18:08:49.816 15940 15971 I art     : Explicit concurrent mark sweep GC freed 7(224B) AllocSpace objects, 0(0B) LOS objects, 23% free, 53MB/69MB, paused 622us total 29.304ms
08-05 18:08:49.849 18443 18443 D ICU     : No timezone override file found: /data/misc/zoneinfo/current/icu/icu_tzdata.dat
08-05 18:08:49.893 18443 18443 I Radio-JNI: register_android_hardware_Radio DONE
08-05 18:08:49.923 18443 18443 D AndroidRuntime: Calling main entry com.android.commands.input.Input
08-05 18:08:49.927 18443 18443 I Input   : injectKeyEvent: KeyEvent { action=ACTION_DOWN, keyCode=KEYCODE_BACK, scanCode=0, metaState=0, flags=0x0, repeatCount=0, eventTime=814146340, downTime=814146340, deviceId=-1, source=0x101 }
08-05 18:08:49.936 18443 18443 I Input   : injectKeyEvent: KeyEvent { action=ACTION_UP, keyCode=KEYCODE_BACK, scanCode=0, metaState=0, flags=0x0, repeatCount=0, eventTime=814146340, downTime=814146340, deviceId=-1, source=0x101 }
08-05 18:08:49.943 18443 18443 D AndroidRuntime: Shutting down VM
08-05 18:08:49.964   918   937 W ProcessCpuTracker: Skipping unknown process pid 18466
08-05 18:08:49.977 13866 13866 I GoogleInputMethodServic: GoogleInputMethodService.onFinishInput():3138 
08-05 18:08:49.977 13866 13866 I GoogleInputMethodServic: GoogleInputMethodService.onStartInput():1808 
08-05 18:08:50.093 15940 15971 I art     : Starting a blocking GC Explicit
08-05 18:08:50.127 15940 15971 I art     : Explicit concurrent mark sweep GC freed 1490(85KB) AllocSpace objects, 1(20KB) LOS objects, 23% free, 53MB/69MB, paused 669us total 33.252ms
08-05 18:08:50.140 15940 15971 I art     : Starting a blocking GC Explicit
08-05 18:08:50.172 15940 15971 I art     : Explicit concurrent mark sweep GC freed 40(1376B) AllocSpace objects, 0(0B) LOS objects, 23% free, 53MB/69MB, paused 649us total 31.655ms
08-05 18:08:50.187 15940 15971 I art     : Starting a blocking GC Explicit
08-05 18:08:50.217 15940 15971 I art     : Explicit concurrent mark sweep GC freed 3(96B) AllocSpace objects, 0(0B) LOS objects, 23% free, 53MB/69MB, paused 685us total 29.977ms
08-05 18:08:50.230 15940 15971 I art     : Starting a blocking GC Explicit
08-05 18:08:50.259 15940 15971 I art     : Explicit concurrent mark sweep GC freed 3(96B) AllocSpace objects, 0(0B) LOS objects, 23% free, 53MB/69MB, paused 570us total 28.191ms
08-05 18:08:50.270   380   380 W SurfaceFlinger: couldn't log to binary event log: overflow.
08-05 18:08:50.271 15940 15971 I art     : Starting a blocking GC Explicit
08-05 18:08:50.297 15940 15971 I art     : Explicit concurrent mark sweep GC freed 119(8KB) AllocSpace objects, 0(0B) LOS objects, 23% free, 53MB/69MB, paused 557us total 25.700ms
08-05 18:08:50.588 15940 15953 I art     : Starting a blocking GC Explicit
08-05 18:08:50.616 15940 15953 I art     : Explicit concurrent mark sweep GC freed 1458(84KB) AllocSpace objects, 1(20KB) LOS objects, 23% free, 53MB/69MB, paused 602us total 26.983ms
08-05 18:08:50.626 15940 15953 I art     : Starting a blocking GC Explicit
08-05 18:08:50.653 15940 15953 I art     : Explicit concurrent mark sweep GC freed 4587(263KB) AllocSpace objects, 2(140KB) LOS objects, 23% free, 52MB/68MB, paused 584us total 26.252ms
08-05 18:08:50.663 15940 15953 I art     : Starting a blocking GC Explicit
08-05 18:08:50.688 15940 15953 I art     : Explicit concurrent mark sweep GC freed 3(96B) AllocSpace objects, 0(0B) LOS objects, 23% free, 52MB/68MB, paused 715us total 24.567ms
08-05 18:08:50.699 15940 15953 I art     : Starting a blocking GC Explicit
08-05 18:08:50.725 15940 15953 I art     : Explicit concurrent mark sweep GC freed 3(96B) AllocSpace objects, 0(0B) LOS objects, 23% free, 52MB/68MB, paused 610us total 25.723ms
08-05 18:08:50.736 15940 15953 I art     : Starting a blocking GC Explicit
08-05 18:08:50.762 15940 15953 I art     : Explicit concurrent mark sweep GC freed 3(96B) AllocSpace objects, 0(0B) LOS objects, 23% free, 52MB/68MB, paused 577us total 25.764ms
08-05 18:08:51.071 15940 16974 I art     : Starting a blocking GC Explicit
08-05 18:08:51.106 15940 16974 I art     : Explicit concurrent mark sweep GC freed 1344(78KB) AllocSpace objects, 1(20KB) LOS objects, 23% free, 52MB/68MB, paused 644us total 34.388ms
08-05 18:08:51.119 15940 16974 I art     : Starting a blocking GC Explicit
08-05 18:08:51.148 15940 16974 I art     : Explicit concurrent mark sweep GC freed 20(704B) AllocSpace objects, 0(0B) LOS objects, 23% free, 52MB/68MB, paused 625us total 28.238ms
08-05 18:08:51.159 15940 16974 I art     : Starting a blocking GC Explicit
08-05 18:08:51.186 15940 16974 I art     : Explicit concurrent mark sweep GC freed 3(96B) AllocSpace objects, 0(0B) LOS objects, 23% free, 52MB/68MB, paused 601us total 26.383ms
08-05 18:08:51.197 15940 16974 I art     : Starting a blocking GC Explicit
08-05 18:08:51.222 15940 16974 I art     : Explicit concurrent mark sweep GC freed 3(96B) AllocSpace objects, 0(0B) LOS objects, 23% free, 52MB/68MB, paused 593us total 24.147ms
08-05 18:08:51.232 15940 16974 I art     : Starting a blocking GC Explicit
08-05 18:08:51.258 15940 16974 I art     : Explicit concurrent mark sweep GC freed 3(96B) AllocSpace objects, 0(0B) LOS objects, 23% free, 52MB/68MB, paused 626us total 25.518ms
08-05 18:08:51.554 15940 15952 I art     : Starting a blocking GC Explicit
08-05 18:08:51.584 15940 15952 I art     : Explicit concurrent mark sweep GC freed 1344(78KB) AllocSpace objects, 1(20KB) LOS objects, 23% free, 52MB/68MB, paused 704us total 29.926ms
08-05 18:08:51.603 15940 15952 I art     : Starting a blocking GC Explicit
08-05 18:08:51.629 15940 15952 I art     : Explicit concurrent mark sweep GC freed 27(928B) AllocSpace objects, 0(0B) LOS objects, 23% free, 52MB/68MB, paused 599us total 25.829ms
08-05 18:08:51.640 15940 15952 I art     : Starting a blocking GC Explicit
08-05 18:08:51.666 15940 15952 I art     : Explicit concurrent mark sweep GC freed 6(192B) AllocSpace objects, 0(0B) LOS objects, 23% free, 52MB/68MB, paused 675us total 24.937ms
08-05 18:08:51.676 15940 15952 I art     : Starting a blocking GC Explicit
08-05 18:08:51.702 15940 15952 I art     : Explicit concurrent mark sweep GC freed 8(256B) AllocSpace objects, 0(0B) LOS objects, 23% free, 52MB/68MB, paused 609us total 25.282ms
08-05 18:08:51.712 15940 15952 I art     : Starting a blocking GC Explicit
08-05 18:08:51.728 18497 18497 D AndroidRuntime: >>>>>> START com.android.internal.os.RuntimeInit uid 2000 <<<<<<
08-05 18:08:51.734 18497 18497 D AndroidRuntime: CheckJNI is OFF
08-05 18:08:51.739 15940 15952 I art     : Explicit concurrent mark sweep GC freed 7(224B) AllocSpace objects, 0(0B) LOS objects, 23% free, 52MB/68MB, paused 617us total 26.184ms
08-05 18:08:51.775 18497 18497 D ICU     : No timezone override file found: /data/misc/zoneinfo/current/icu/icu_tzdata.dat
08-05 18:08:51.819 18497 18497 I Radio-JNI: register_android_hardware_Radio DONE
08-05 18:08:51.847 18497 18497 D AndroidRuntime: Calling main entry com.android.commands.input.Input
08-05 18:08:51.849 18497 18497 I Input   : injectKeyEvent: KeyEvent { action=ACTION_DOWN, keyCode=KEYCODE_BACK, scanCode=0, metaState=0, flags=0x0, repeatCount=0, eventTime=814148262, downTime=814148262, deviceId=-1, source=0x101 }
08-05 18:08:51.857 18497 18497 I Input   : injectKeyEvent: KeyEvent { action=ACTION_UP, keyCode=KEYCODE_BACK, scanCode=0, metaState=0, flags=0x0, repeatCount=0, eventTime=814148262, downTime=814148262, deviceId=-1, source=0x101 }
08-05 18:08:51.863 18497 18497 D AndroidRuntime: Shutting down VM
08-05 18:08:51.901 13866 13866 I GoogleInputMethodServic: GoogleInputMethodService.onFinishInput():3138 
08-05 18:08:51.901 13866 13866 I GoogleInputMethodServic: GoogleInputMethodService.onStartInput():1808 
08-05 18:08:52.022 15940 15953 I art     : Starting a blocking GC Explicit
08-05 18:08:52.051 15940 15953 I art     : Explicit concurrent mark sweep GC freed 1553(87KB) AllocSpace objects, 1(20KB) LOS objects, 23% free, 52MB/68MB, paused 604us total 28.705ms
08-05 18:08:52.064 15940 15953 I art     : Starting a blocking GC Explicit
08-05 18:08:52.096 15940 15953 I art     : Explicit concurrent mark sweep GC freed 24(864B) AllocSpace objects, 0(0B) LOS objects, 23% free, 52MB/68MB, paused 668us total 31.048ms
08-05 18:08:52.109 15940 15953 I art     : Starting a blocking GC Explicit
08-05 18:08:52.139 15940 15953 I art     : Explicit concurrent mark sweep GC freed 3(96B) AllocSpace objects, 0(0B) LOS objects, 23% free, 52MB/68MB, paused 547us total 29.710ms
08-05 18:08:52.154 15940 15953 I art     : Starting a blocking GC Explicit
08-05 18:08:52.185 15940 15953 I art     : Explicit concurrent mark sweep GC freed 3(96B) AllocSpace objects, 0(0B) LOS objects, 23% free, 52MB/68MB, paused 560us total 30.917ms
08-05 18:08:52.198 15940 15953 I art     : Starting a blocking GC Explicit
08-05 18:08:52.221   380   380 W SurfaceFlinger: couldn't log to binary event log: overflow.
08-05 18:08:52.225 15940 15953 I art     : Explicit concurrent mark sweep GC freed 87(7KB) AllocSpace objects, 0(0B) LOS objects, 23% free, 52MB/68MB, paused 891us total 26.190ms
08-05 18:08:52.517 15940 15971 I art     : Starting a blocking GC Explicit
08-05 18:08:52.554 15940 15971 I art     : Explicit concurrent mark sweep GC freed 1377(80KB) AllocSpace objects, 1(20KB) LOS objects, 23% free, 52MB/68MB, paused 673us total 36.632ms
08-05 18:08:52.568 15940 15971 I art     : Starting a blocking GC Explicit
08-05 18:08:52.594 15940 15971 I art     : Explicit concurrent mark sweep GC freed 2096(122KB) AllocSpace objects, 3(340KB) LOS objects, 23% free, 52MB/68MB, paused 606us total 25.924ms
08-05 18:08:52.605 15940 15971 I art     : Starting a blocking GC Explicit
08-05 18:08:52.631 15940 15971 I art     : Explicit concurrent mark sweep GC freed 3(96B) AllocSpace objects, 0(0B) LOS objects, 23% free, 52MB/68MB, paused 603us total 25.790ms
08-05 18:08:52.642 15940 15971 I art     : Starting a blocking GC Explicit
08-05 18:08:52.669 15940 15971 I art     : Explicit concurrent mark sweep GC freed 3(96B) AllocSpace objects, 0(0B) LOS objects, 23% free, 52MB/68MB, paused 624us total 26.179ms
08-05 18:08:52.680 15940 15971 I art     : Starting a blocking GC Explicit
08-05 18:08:52.706 15940 15971 I art     : Explicit concurrent mark sweep GC freed 3(96B) AllocSpace objects, 0(0B) LOS objects, 23% free, 52MB/68MB, paused 601us total 25.749ms
08-05 18:08:53.022 15940 15952 I art     : Starting a blocking GC Explicit
08-05 18:08:53.053 15940 15952 I art     : Explicit concurrent mark sweep GC freed 1343(78KB) AllocSpace objects, 1(20KB) LOS objects, 23% free, 52MB/68MB, paused 668us total 30.874ms
08-05 18:08:53.066 15940 15952 I art     : Starting a blocking GC Explicit
08-05 18:08:53.092 15940 15952 I art     : Explicit concurrent mark sweep GC freed 20(704B) AllocSpace objects, 0(0B) LOS objects, 23% free, 52MB/68MB, paused 619us total 26.336ms
08-05 18:08:53.092 15940 15951 I art     : WaitForGcToComplete blocked for 8.371ms for cause HeapTrim
08-05 18:08:53.104 15940 15952 I art     : Starting a blocking GC Explicit
08-05 18:08:53.129 15940 15952 I art     : Explicit concurrent mark sweep GC freed 3(96B) AllocSpace objects, 0(0B) LOS objects, 23% free, 52MB/68MB, paused 636us total 24.624ms
08-05 18:08:53.140 15940 15952 I art     : Starting a blocking GC Explicit
08-05 18:08:53.164 15940 15952 I art     : Explicit concurrent mark sweep GC freed 3(96B) AllocSpace objects, 0(0B) LOS objects, 23% free, 52MB/68MB, paused 633us total 23.696ms
08-05 18:08:53.174 15940 15952 I art     : Starting a blocking GC Explicit
08-05 18:08:53.199 15940 15952 I art     : Explicit concurrent mark sweep GC freed 3(96B) AllocSpace objects, 0(0B) LOS objects, 23% free, 52MB/68MB, paused 605us total 24.547ms
08-05 18:08:53.485 15940 16420 I art     : Starting a blocking GC Explicit
08-05 18:08:53.518 15940 16420 I art     : Explicit concurrent mark sweep GC freed 1341(78KB) AllocSpace objects, 1(20KB) LOS objects, 23% free, 52MB/68MB, paused 819us total 32.137ms
08-05 18:08:53.532 15940 16420 I art     : Starting a blocking GC Explicit
08-05 18:08:53.561 15940 16420 I art     : Explicit concurrent mark sweep GC freed 20(704B) AllocSpace objects, 0(0B) LOS objects, 23% free, 52MB/68MB, paused 654us total 29.039ms
08-05 18:08:53.572 15940 16420 I art     : Starting a blocking GC Explicit
08-05 18:08:53.599 15940 16420 I art     : Explicit concurrent mark sweep GC freed 3(96B) AllocSpace objects, 0(0B) LOS objects, 23% free, 52MB/68MB, paused 622us total 26.551ms
08-05 18:08:53.610 15940 16420 I art     : Starting a blocking GC Explicit
08-05 18:08:53.636 15940 16420 I art     : Explicit concurrent mark sweep GC freed 3(96B) AllocSpace objects, 0(0B) LOS objects, 23% free, 52MB/68MB, paused 646us total 26.425ms
08-05 18:08:53.637 18550 18550 D AndroidRuntime: >>>>>> START com.android.internal.os.RuntimeInit uid 2000 <<<<<<
08-05 18:08:53.644 18550 18550 D AndroidRuntime: CheckJNI is OFF
08-05 18:08:53.648 15940 16420 I art     : Starting a blocking GC Explicit
08-05 18:08:53.674 15940 16420 I art     : Explicit concurrent mark sweep GC freed 3(96B) AllocSpace objects, 0(0B) LOS objects, 23% free, 52MB/68MB, paused 632us total 25.530ms
08-05 18:08:53.691 18550 18550 D ICU     : No timezone override file found: /data/misc/zoneinfo/current/icu/icu_tzdata.dat
08-05 18:08:53.736 18550 18550 I Radio-JNI: register_android_hardware_Radio DONE
08-05 18:08:53.766 18550 18550 D AndroidRuntime: Calling main entry com.android.commands.input.Input
08-05 18:08:53.768 18550 18550 I Input   : injectMotionEvent: MotionEvent { action=ACTION_DOWN, actionButton=0, id[0]=0, x[0]=1053.0, y[0]=1173.0, toolType[0]=TOOL_TYPE_UNKNOWN, buttonState=0, metaState=0, flags=0x0, edgeFlags=0x0, pointerCount=1, historySize=0, eventTime=814150180, downTime=814150180, deviceId=0, source=0x1002 }
08-05 18:08:53.775 18550 18550 I Input   : injectMotionEvent: MotionEvent { action=ACTION_UP, actionButton=0, id[0]=0, x[0]=1053.0, y[0]=1173.0, toolType[0]=TOOL_TYPE_UNKNOWN, buttonState=0, metaState=0, flags=0x0, edgeFlags=0x0, pointerCount=1, historySize=0, eventTime=814150180, downTime=814150180, deviceId=0, source=0x1002 }
08-05 18:08:53.777   918  3670 I ActivityManager: START u0 {cmp=baseline.appteam.nith.hillffair/.activities.QuizActivity} from uid 10675 on display 0
08-05 18:08:53.786 18550 18550 D AndroidRuntime: Shutting down VM
08-05 18:08:53.883 13866 13866 I GoogleInputMethodServic: GoogleInputMethodService.onFinishInput():3138 
08-05 18:08:53.883 13866 13866 I GoogleInputMethodServic: GoogleInputMethodService.onStartInput():1808 
08-05 18:08:53.884   918   936 I ActivityManager: Displayed baseline.appteam.nith.hillffair/.activities.QuizActivity: +96ms
08-05 18:08:53.959 15940 16974 I art     : Starting a blocking GC Explicit
08-05 18:08:53.988 15940 16974 I art     : Explicit concurrent mark sweep GC freed 2145(133KB) AllocSpace objects, 1(20KB) LOS objects, 23% free, 52MB/68MB, paused 640us total 29.288ms
08-05 18:08:54.000 15940 16974 I art     : Starting a blocking GC Explicit
08-05 18:08:54.029 15940 16974 I art     : Explicit concurrent mark sweep GC freed 187(8KB) AllocSpace objects, 0(0B) LOS objects, 23% free, 52MB/68MB, paused 568us total 28.099ms
08-05 18:08:54.040 15940 16974 I art     : Starting a blocking GC Explicit
08-05 18:08:54.072 15940 16974 I art     : Explicit concurrent mark sweep GC freed 3(96B) AllocSpace objects, 0(0B) LOS objects, 23% free, 52MB/68MB, paused 655us total 31.774ms
08-05 18:08:54.087 15940 16974 I art     : Starting a blocking GC Explicit
08-05 18:08:54.118 15940 16974 I art     : Explicit concurrent mark sweep GC freed 3(96B) AllocSpace objects, 0(0B) LOS objects, 23% free, 52MB/68MB, paused 597us total 31.347ms
08-05 18:08:54.124   380   380 W SurfaceFlinger: couldn't log to binary event log: overflow.
08-05 18:08:54.132 15940 16974 I art     : Starting a blocking GC Explicit
08-05 18:08:54.156 15940 16974 I art     : Explicit concurrent mark sweep GC freed 3(96B) AllocSpace objects, 0(0B) LOS objects, 23% free, 52MB/68MB, paused 585us total 24.415ms
08-05 18:08:54.450 15940 15971 I art     : Starting a blocking GC Explicit
08-05 18:08:54.483 15940 15971 I art     : Explicit concurrent mark sweep GC freed 1413(82KB) AllocSpace objects, 1(20KB) LOS objects, 23% free, 52MB/68MB, paused 648us total 32.176ms
08-05 18:08:54.496 15940 15971 I art     : Starting a blocking GC Explicit
08-05 18:08:54.523 15940 15971 I art     : Explicit concurrent mark sweep GC freed 20(704B) AllocSpace objects, 0(0B) LOS objects, 23% free, 52MB/68MB, paused 666us total 27.249ms
08-05 18:08:54.535 15940 15971 I art     : Starting a blocking GC Explicit
08-05 18:08:54.562 15940 15971 I art     : Explicit concurrent mark sweep GC freed 3(96B) AllocSpace objects, 0(0B) LOS objects, 23% free, 52MB/68MB, paused 620us total 27.089ms
08-05 18:08:54.573 15940 15971 I art     : Starting a blocking GC Explicit
08-05 18:08:54.600 15940 15971 I art     : Explicit concurrent mark sweep GC freed 3(96B) AllocSpace objects, 0(0B) LOS objects, 23% free, 52MB/68MB, paused 601us total 26.525ms
08-05 18:08:54.611 15940 15971 I art     : Starting a blocking GC Explicit
08-05 18:08:54.639 15940 15971 I art     : Explicit concurrent mark sweep GC freed 3(96B) AllocSpace objects, 0(0B) LOS objects, 23% free, 52MB/68MB, paused 670us total 27.425ms
08-05 18:08:54.944 15940 16974 I art     : Starting a blocking GC Explicit
08-05 18:08:54.981 15940 16974 I art     : Explicit concurrent mark sweep GC freed 1343(78KB) AllocSpace objects, 1(20KB) LOS objects, 23% free, 52MB/68MB, paused 899us total 36.662ms
08-05 18:08:54.995 15940 16974 I art     : Starting a blocking GC Explicit
08-05 18:08:55.023 15940 16974 I art     : Explicit concurrent mark sweep GC freed 20(704B) AllocSpace objects, 0(0B) LOS objects, 23% free, 52MB/68MB, paused 612us total 27.275ms
08-05 18:08:55.034 15940 16974 I art     : Starting a blocking GC Explicit
08-05 18:08:55.061 15940 16974 I art     : Explicit concurrent mark sweep GC freed 3(96B) AllocSpace objects, 0(0B) LOS objects, 23% free, 52MB/68MB, paused 600us total 27.020ms
08-05 18:08:55.072 15940 16974 I art     : Starting a blocking GC Explicit
08-05 18:08:55.100 15940 16974 I art     : Explicit concurrent mark sweep GC freed 3(96B) AllocSpace objects, 0(0B) LOS objects, 23% free, 52MB/68MB, paused 727us total 27.256ms
08-05 18:08:55.111 15940 16974 I art     : Starting a blocking GC Explicit
08-05 18:08:55.139 15940 16974 I art     : Explicit concurrent mark sweep GC freed 3(96B) AllocSpace objects, 0(0B) LOS objects, 23% free, 52MB/68MB, paused 623us total 27.003ms
08-05 18:08:55.433   918  3188 I hubconnection: sensorhub said: 'set_bias 3: -5.7600, 0.0000, 0.0000'
08-05 18:08:55.477 15940 15971 I art     : Starting a blocking GC Explicit
08-05 18:08:55.508 15940 15971 I art     : Explicit concurrent mark sweep GC freed 1639(96KB) AllocSpace objects, 1(20KB) LOS objects, 23% free, 52MB/68MB, paused 715us total 30.780ms
08-05 18:08:55.521 15940 15971 I art     : Starting a blocking GC Explicit
08-05 18:08:55.549 15940 15971 I art     : Explicit concurrent mark sweep GC freed 1790(71KB) AllocSpace objects, 0(0B) LOS objects, 23% free, 52MB/68MB, paused 766us total 27.448ms
08-05 18:08:55.560 15940 15971 I art     : Starting a blocking GC Explicit
08-05 18:08:55.580 15940 18614 W OneSignal: OneSignalRestClient: POST Error thrown from network stack. 
08-05 18:08:55.580 15940 18614 W OneSignal: java.io.IOException: unexpected end of stream on Connection{api.onesignal.com:443, proxy=HTTP@192.168.2.12:8080 hostAddress=192.168.2.12 cipherSuite=TLS_ECDHE_RSA_WITH_AES_128_GCM_SHA256 protocol=http/1.1} (recycle count=0)
08-05 18:08:55.580 15940 18614 W OneSignal: 	at com.android.okhttp.internal.http.HttpConnection.readResponse(HttpConnection.java:210)
08-05 18:08:55.580 15940 18614 W OneSignal: 	at com.android.okhttp.internal.http.HttpTransport.readResponseHeaders(HttpTransport.java:80)
08-05 18:08:55.580 15940 18614 W OneSignal: 	at com.android.okhttp.internal.http.HttpEngine.readNetworkResponse(HttpEngine.java:904)
08-05 18:08:55.580 15940 18614 W OneSignal: 	at com.android.okhttp.internal.http.HttpEngine.readResponse(HttpEngine.java:788)
08-05 18:08:55.580 15940 18614 W OneSignal: 	at com.android.okhttp.internal.huc.HttpURLConnectionImpl.execute(HttpURLConnectionImpl.java:439)
08-05 18:08:55.580 15940 18614 W OneSignal: 	at com.android.okhttp.internal.huc.HttpURLConnectionImpl.getResponse(HttpURLConnectionImpl.java:384)
08-05 18:08:55.580 15940 18614 W OneSignal: 	at com.android.okhttp.internal.huc.HttpURLConnectionImpl.getResponseCode(HttpURLConnectionImpl.java:497)
08-05 18:08:55.580 15940 18614 W OneSignal: 	at com.android.okhttp.internal.huc.DelegatingHttpsURLConnection.getResponseCode(DelegatingHttpsURLConnection.java:105)
08-05 18:08:55.580 15940 18614 W OneSignal: 	at com.android.okhttp.internal.huc.HttpsURLConnectionImpl.getResponseCode(HttpsURLConnectionImpl.java)
08-05 18:08:55.580 15940 18614 W OneSignal: 	at com.onesignal.OneSignalRestClient.startHTTPConnection(OneSignalRestClient.java:180)
08-05 18:08:55.580 15940 18614 W OneSignal: 	at com.onesignal.OneSignalRestClient.access$100(OneSignalRestClient.java:44)
08-05 18:08:55.580 15940 18614 W OneSignal: 	at com.onesignal.OneSignalRestClient$4.run(OneSignalRestClient.java:110)
08-05 18:08:55.580 15940 18614 W OneSignal: 	at java.lang.Thread.run(Thread.java:818)
08-05 18:08:55.580 15940 18614 W OneSignal: Caused by: java.io.EOFException: \n not found: size=0 content=...
08-05 18:08:55.580 15940 18614 W OneSignal: 	at com.android.okhttp.okio.RealBufferedSource.readUtf8LineStrict(RealBufferedSource.java:200)
08-05 18:08:55.580 15940 18614 W OneSignal: 	at com.android.okhttp.internal.http.HttpConnection.readResponse(HttpConnection.java:191)
08-05 18:08:55.580 15940 18614 W OneSignal: 	... 12 more
08-05 18:08:55.581 15940 18615 W OneSignal: Failed last request. statusCode: -1
08-05 18:08:55.581 15940 18615 W OneSignal: response: null
08-05 18:08:55.588 15940 15971 I art     : Explicit concurrent mark sweep GC freed 340(53KB) AllocSpace objects, 0(0B) LOS objects, 23% free, 52MB/68MB, paused 667us total 27.511ms
08-05 18:08:55.599 15940 15971 I art     : Starting a blocking GC Explicit
08-05 18:08:55.627 15940 15971 I art     : Explicit concurrent mark sweep GC freed 251(25KB) AllocSpace objects, 0(0B) LOS objects, 23% free, 52MB/68MB, paused 763us total 27.805ms
08-05 18:08:55.639 15940 15971 I art     : Starting a blocking GC Explicit
08-05 18:08:55.666 15940 15971 I art     : Explicit concurrent mark sweep GC freed 8(256B) AllocSpace objects, 0(0B) LOS objects, 23% free, 52MB/68MB, paused 623us total 27.205ms
08-05 18:08:56.007 15940 16420 I art     : Starting a blocking GC Explicit
08-05 18:08:56.040 15940 16420 I art     : Explicit concurrent mark sweep GC freed 1346(78KB) AllocSpace objects, 1(20KB) LOS objects, 23% free, 52MB/68MB, paused 568us total 32.292ms
08-05 18:08:56.051 15940 16420 I art     : Starting a blocking GC Explicit
08-05 18:08:56.077 15940 16420 I art     : Explicit concurrent mark sweep GC freed 20(704B) AllocSpace objects, 0(0B) LOS objects, 23% free, 52MB/68MB, paused 685us total 26.231ms
08-05 18:08:56.088 15940 16420 I art     : Starting a blocking GC Explicit
08-05 18:08:56.114 15940 16420 I art     : Explicit concurrent mark sweep GC freed 3(96B) AllocSpace objects, 0(0B) LOS objects, 23% free, 52MB/68MB, paused 596us total 25.567ms
08-05 18:08:56.124 15940 16420 I art     : Starting a blocking GC Explicit
08-05 18:08:56.151 15940 16420 I art     : Explicit concurrent mark sweep GC freed 3(96B) AllocSpace objects, 0(0B) LOS objects, 23% free, 52MB/68MB, paused 661us total 25.909ms
08-05 18:08:56.162 15940 16420 I art     : Starting a blocking GC Explicit
08-05 18:08:56.190 15940 16420 I art     : Explicit concurrent mark sweep GC freed 3(96B) AllocSpace objects, 0(0B) LOS objects, 23% free, 52MB/68MB, paused 633us total 27.762ms
08-05 18:08:56.496 15940 15971 I art     : Starting a blocking GC Explicit
08-05 18:08:56.527 15940 15971 I art     : Explicit concurrent mark sweep GC freed 1343(78KB) AllocSpace objects, 1(20KB) LOS objects, 23% free, 52MB/68MB, paused 669us total 30.527ms
08-05 18:08:56.541 15940 15971 I art     : Starting a blocking GC Explicit
08-05 18:08:56.569 15940 15971 I art     : Explicit concurrent mark sweep GC freed 20(704B) AllocSpace objects, 0(0B) LOS objects, 23% free, 52MB/68MB, paused 670us total 27.489ms
08-05 18:08:56.576 18626 18626 D AndroidRuntime: >>>>>> START com.android.internal.os.RuntimeInit uid 2000 <<<<<<
08-05 18:08:56.581 15940 15971 I art     : Starting a blocking GC Explicit
08-05 18:08:56.582 18626 18626 D AndroidRuntime: CheckJNI is OFF
08-05 18:08:56.608 15940 15971 I art     : Explicit concurrent mark sweep GC freed 3(96B) AllocSpace objects, 0(0B) LOS objects, 23% free, 52MB/68MB, paused 617us total 27.301ms
08-05 18:08:56.619 15940 15971 I art     : Starting a blocking GC Explicit
08-05 18:08:56.630 18626 18626 D ICU     : No timezone override file found: /data/misc/zoneinfo/current/icu/icu_tzdata.dat
08-05 18:08:56.647 15940 15971 I art     : Explicit concurrent mark sweep GC freed 3(96B) AllocSpace objects, 0(0B) LOS objects, 23% free, 52MB/68MB, paused 624us total 27.471ms
08-05 18:08:56.658 15940 15971 I art     : Starting a blocking GC Explicit
08-05 18:08:56.679 18626 18626 I Radio-JNI: register_android_hardware_Radio DONE
08-05 18:08:56.684 15940 15971 I art     : Explicit concurrent mark sweep GC freed 3(96B) AllocSpace objects, 0(0B) LOS objects, 23% free, 52MB/68MB, paused 665us total 26.040ms
08-05 18:08:56.709 18626 18626 D AndroidRuntime: Calling main entry com.android.commands.input.Input
08-05 18:08:56.711 18626 18626 I Input   : injectMotionEvent: MotionEvent { action=ACTION_DOWN, actionButton=0, id[0]=0, x[0]=756.0, y[0]=1530.0, toolType[0]=TOOL_TYPE_UNKNOWN, buttonState=0, metaState=0, flags=0x0, edgeFlags=0x0, pointerCount=1, historySize=0, eventTime=814153124, downTime=814153124, deviceId=0, source=0x1002 }
08-05 18:08:56.717 18626 18626 I Input   : injectMotionEvent: MotionEvent { action=ACTION_UP, actionButton=0, id[0]=0, x[0]=756.0, y[0]=1530.0, toolType[0]=TOOL_TYPE_UNKNOWN, buttonState=0, metaState=0, flags=0x0, edgeFlags=0x0, pointerCount=1, historySize=0, eventTime=814153124, downTime=814153124, deviceId=0, source=0x1002 }
08-05 18:08:56.719 18626 18626 D AndroidRuntime: Shutting down VM
08-05 18:08:56.729   918  5481 I ActivityManager: START u0 {cmp=baseline.appteam.nith.hillffair/.activities.LeaderBoardActivity} from uid 10675 on display 0
08-05 18:08:56.731   512  2967 D audio_hw_primary: out_set_parameters: enter: usecase(1: low-latency-playback) kvpairs: routing=2
08-05 18:08:56.745   512  2967 D audio_hw_primary: select_devices: out_snd_device(2: speaker) in_snd_device(0: none)
08-05 18:08:56.745   512  2967 D msm8974_platform: platform_send_audio_calibration: sending audio calibration for snd_device(2) acdb_id(15)
08-05 18:08:56.745   512  2967 I soundtrigger: audio_extn_sound_trigger_update_device_status: device 0x2 of type 0 for Event 1
08-05 18:08:56.756   512  2967 D audio_hw_primary: enable_snd_device: snd_device(2: speaker)
08-05 18:08:56.758   512  2967 D audio_hw_primary: enable_audio_route: apply and update mixer path: low-latency-playback speaker
08-05 18:08:56.813 15940 15940 E RecyclerView: No adapter attached; skipping layout
08-05 18:08:56.819 15940 15940 E RecyclerView: No adapter attached; skipping layout
08-05 18:08:56.838   918   936 I ActivityManager: Displayed baseline.appteam.nith.hillffair/.activities.LeaderBoardActivity: +97ms
08-05 18:08:56.839 13866 13866 I GoogleInputMethodServic: GoogleInputMethodService.onFinishInput():3138 
08-05 18:08:56.842 15940 15940 E RecyclerView: No adapter attached; skipping layout
08-05 18:08:56.843 13866 13866 I GoogleInputMethodServic: GoogleInputMethodService.onStartInput():1808 
08-05 18:08:56.880 15940 15964 D OpenGLRenderer: endAllStagingAnimators on 0x7f82824400 (RippleDrawable) with handle 0x7f7fe28c80
08-05 18:08:56.965 15940 16974 I art     : Starting a blocking GC Explicit
08-05 18:08:56.994 15940 16974 I art     : Explicit concurrent mark sweep GC freed 6672(403KB) AllocSpace objects, 1(20KB) LOS objects, 23% free, 52MB/68MB, paused 678us total 28.970ms
08-05 18:08:57.009 15940 16974 I art     : Starting a blocking GC Explicit
08-05 18:08:57.039 15940 16974 I art     : Explicit concurrent mark sweep GC freed 276(11KB) AllocSpace objects, 0(0B) LOS objects, 23% free, 52MB/68MB, paused 649us total 30.536ms
08-05 18:08:57.052 15940 16974 I art     : Starting a blocking GC Explicit
08-05 18:08:57.077   380   380 W SurfaceFlinger: couldn't log to binary event log: overflow.
08-05 18:08:57.085 15940 16974 I art     : Explicit concurrent mark sweep GC freed 9(288B) AllocSpace objects, 0(0B) LOS objects, 23% free, 52MB/68MB, paused 654us total 32.605ms
08-05 18:08:57.097 15940 16974 I art     : Starting a blocking GC Explicit
08-05 18:08:57.121 15940 16974 I art     : Explicit concurrent mark sweep GC freed 15(672B) AllocSpace objects, 0(0B) LOS objects, 23% free, 52MB/68MB, paused 613us total 24.401ms
08-05 18:08:57.132 15940 16974 I art     : Starting a blocking GC Explicit
08-05 18:08:57.156 15940 16974 I art     : Explicit concurrent mark sweep GC freed 19(592B) AllocSpace objects, 0(0B) LOS objects, 23% free, 52MB/68MB, paused 634us total 24.346ms
08-05 18:08:57.299   512  2967 D audio_hw_primary: disable_audio_route: reset and update mixer path: low-latency-playback speaker
08-05 18:08:57.300   512  2967 D audio_hw_primary: disable_snd_device: snd_device(2: speaker)
08-05 18:08:57.309   512  2967 I soundtrigger: audio_extn_sound_trigger_update_device_status: device 0x2 of type 0 for Event 0
08-05 18:08:57.462 15940 15971 I art     : Starting a blocking GC Explicit
08-05 18:08:57.491 15940 15971 I art     : Explicit concurrent mark sweep GC freed 1541(88KB) AllocSpace objects, 1(20KB) LOS objects, 23% free, 52MB/68MB, paused 667us total 28.711ms
08-05 18:08:57.502 15940 15971 I art     : Starting a blocking GC Explicit
08-05 18:08:57.529 15940 15971 I art     : Explicit concurrent mark sweep GC freed 70(2384B) AllocSpace objects, 0(0B) LOS objects, 23% free, 52MB/68MB, paused 812us total 27.040ms
08-05 18:08:57.540 15940 15971 I art     : Starting a blocking GC Explicit
08-05 18:08:57.567 15940 15971 I art     : Explicit concurrent mark sweep GC freed 14(528B) AllocSpace objects, 0(0B) LOS objects, 23% free, 52MB/68MB, paused 758us total 26.280ms
08-05 18:08:57.578 15940 15971 I art     : Starting a blocking GC Explicit
08-05 18:08:57.605 15940 15971 I art     : Explicit concurrent mark sweep GC freed 2131(116KB) AllocSpace objects, 1(80KB) LOS objects, 23% free, 53MB/69MB, paused 1.049ms total 27.122ms
08-05 18:08:57.614 15940 18649 D OkHttp  : --> GET https://api-hillfair-2k16.herokuapp.com/api/app/quiz/leaderboard?from=1 http/1.1
08-05 18:08:57.617 15940 15971 I art     : Starting a blocking GC Explicit
08-05 18:08:57.643 15940 15971 I art     : Explicit concurrent mark sweep GC freed 1403(132KB) AllocSpace objects, 2(120KB) LOS objects, 23% free, 52MB/68MB, paused 665us total 26.092ms
08-05 18:08:57.652 15940 18649 D OkHttp  : <-- 200 OK https://api-hillfair-2k16.herokuapp.com/api/app/quiz/leaderboard?from=1 (38ms, 56744-byte body)
08-05 18:08:57.746 15940 15940 I NAPPA_EXPERIMENTATION: MetricNetworkRequestExecutionTime: REQUEST_DURATION_SYSTEM='972',REQUEST_DURATION_OKHTTP='38',REQUEST_SYNCHRONOUS='FALSE',RESPONSE_CODE='200',RESPONSE_METHOD='GET',RESPONSE_LENGTH_OKHTTP='56744',RESPONSE_LENGTH_HEADER='56744',REQUEST_PROTOCOL='http/1.1',REQUEST_URL='https://api-hillfair-2k16.herokuapp.com/api/app/quiz/leaderboard?from=1',
08-05 18:08:57.765 12013 12013 I ServiceManager: Waiting for service AtCmdFwd...
08-05 18:08:57.927 15940 16420 I art     : Starting a blocking GC Explicit
08-05 18:08:57.959 15940 16420 I art     : Explicit concurrent mark sweep GC freed 27709(1312KB) AllocSpace objects, 1(20KB) LOS objects, 23% free, 53MB/69MB, paused 621us total 32.610ms
08-05 18:08:57.971 15940 16420 I art     : Starting a blocking GC Explicit
08-05 18:08:58.001 15940 16420 I art     : Explicit concurrent mark sweep GC freed 127(4KB) AllocSpace objects, 0(0B) LOS objects, 23% free, 53MB/69MB, paused 608us total 29.285ms
08-05 18:08:58.012 15940 16420 I art     : Starting a blocking GC Explicit
08-05 18:08:58.041 15940 16420 I art     : Explicit concurrent mark sweep GC freed 3(96B) AllocSpace objects, 0(0B) LOS objects, 23% free, 53MB/69MB, paused 586us total 29.083ms
08-05 18:08:58.053 15940 16420 I art     : Starting a blocking GC Explicit
08-05 18:08:58.083 15940 16420 I art     : Explicit concurrent mark sweep GC freed 3(96B) AllocSpace objects, 0(0B) LOS objects, 23% free, 53MB/69MB, paused 626us total 29.596ms
08-05 18:08:58.095 15940 16420 I art     : Starting a blocking GC Explicit
08-05 18:08:58.125 15940 16420 I art     : Explicit concurrent mark sweep GC freed 3(96B) AllocSpace objects, 0(0B) LOS objects, 23% free, 53MB/69MB, paused 614us total 29.605ms
08-05 18:08:58.275   518   646 I ThermalEngine: ACTION: GPU - Setting GPU[0] to 390000000
08-05 18:08:58.445 15940 15952 I art     : Starting a blocking GC Explicit
08-05 18:08:58.496 15940 15952 I art     : Explicit concurrent mark sweep GC freed 1344(78KB) AllocSpace objects, 1(20KB) LOS objects, 23% free, 53MB/69MB, paused 1.050ms total 50.620ms
08-05 18:08:58.519 15940 15952 I art     : Starting a blocking GC Explicit
08-05 18:08:58.555 15940 15952 I art     : Explicit concurrent mark sweep GC freed 20(704B) AllocSpace objects, 0(0B) LOS objects, 23% free, 53MB/69MB, paused 851us total 35.795ms
08-05 18:08:58.573 15940 15952 I art     : Starting a blocking GC Explicit
08-05 18:08:58.610 15940 15952 I art     : Explicit concurrent mark sweep GC freed 3(96B) AllocSpace objects, 0(0B) LOS objects, 23% free, 53MB/69MB, paused 908us total 36.481ms
08-05 18:08:58.627 15940 15952 I art     : Starting a blocking GC Explicit
08-05 18:08:58.664 15940 15952 I art     : Explicit concurrent mark sweep GC freed 3(96B) AllocSpace objects, 0(0B) LOS objects, 23% free, 53MB/69MB, paused 825us total 36.483ms
08-05 18:08:58.681 15940 15952 I art     : Starting a blocking GC Explicit
08-05 18:08:58.718 15940 15952 I art     : Explicit concurrent mark sweep GC freed 3(96B) AllocSpace objects, 0(0B) LOS objects, 23% free, 53MB/69MB, paused 967us total 36.949ms
08-05 18:08:58.766 12013 12013 I ServiceManager: Waiting for service AtCmdFwd...
08-05 18:08:59.071 15940 15971 I art     : Starting a blocking GC Explicit
08-05 18:08:59.119 15940 15971 I art     : Explicit concurrent mark sweep GC freed 1344(78KB) AllocSpace objects, 1(20KB) LOS objects, 23% free, 53MB/69MB, paused 1.022ms total 47.574ms
08-05 18:08:59.140 15940 15971 I art     : Starting a blocking GC Explicit
08-05 18:08:59.178 15940 15971 I art     : Explicit concurrent mark sweep GC freed 20(704B) AllocSpace objects, 0(0B) LOS objects, 23% free, 53MB/69MB, paused 1.096ms total 37.052ms
08-05 18:08:59.199 15940 15971 I art     : Starting a blocking GC Explicit
08-05 18:08:59.239 15940 15971 I art     : Explicit concurrent mark sweep GC freed 3(96B) AllocSpace objects, 0(0B) LOS objects, 23% free, 53MB/69MB, paused 882us total 39.695ms
08-05 18:08:59.257 15940 15971 I art     : Starting a blocking GC Explicit
08-05 18:08:59.294 15940 15971 I art     : Explicit concurrent mark sweep GC freed 3(96B) AllocSpace objects, 0(0B) LOS objects, 23% free, 53MB/69MB, paused 830us total 36.525ms
08-05 18:08:59.311 15940 15971 I art     : Starting a blocking GC Explicit
08-05 18:08:59.348 15940 15971 I art     : Explicit concurrent mark sweep GC freed 3(96B) AllocSpace objects, 0(0B) LOS objects, 23% free, 53MB/69MB, paused 935us total 36.889ms
08-05 18:08:59.678 15940 16974 I art     : Starting a blocking GC Explicit
08-05 18:08:59.723 15940 16974 I art     : Explicit concurrent mark sweep GC freed 1344(78KB) AllocSpace objects, 1(20KB) LOS objects, 23% free, 53MB/69MB, paused 924us total 44.116ms
08-05 18:08:59.745 15940 16974 I art     : Starting a blocking GC Explicit
08-05 18:08:59.766 12013 12013 I ServiceManager: Waiting for service AtCmdFwd...
08-05 18:08:59.786 15940 16974 I art     : Explicit concurrent mark sweep GC freed 20(704B) AllocSpace objects, 0(0B) LOS objects, 23% free, 53MB/69MB, paused 1.088ms total 40.910ms
08-05 18:08:59.804 15940 16974 I art     : Starting a blocking GC Explicit
08-05 18:08:59.841 15940 16974 I art     : Explicit concurrent mark sweep GC freed 3(96B) AllocSpace objects, 0(0B) LOS objects, 23% free, 53MB/69MB, paused 1.057ms total 36.365ms
08-05 18:08:59.858 15940 16974 I art     : Starting a blocking GC Explicit
08-05 18:08:59.895 15940 16974 I art     : Explicit concurrent mark sweep GC freed 3(96B) AllocSpace objects, 0(0B) LOS objects, 23% free, 53MB/69MB, paused 1.094ms total 36.483ms
08-05 18:08:59.912 15940 16974 I art     : Starting a blocking GC Explicit
08-05 18:08:59.949 15940 16974 I art     : Explicit concurrent mark sweep GC freed 3(96B) AllocSpace objects, 0(0B) LOS objects, 23% free, 53MB/69MB, paused 876us total 36.765ms
08-05 18:09:00.263 15940 15953 I art     : Starting a blocking GC Explicit
08-05 18:09:00.278   518   646 I ThermalEngine: ACTION: GPU - Setting GPU[0] to 450000000
08-05 18:09:00.302 15940 15953 I art     : Explicit concurrent mark sweep GC freed 1344(78KB) AllocSpace objects, 1(20KB) LOS objects, 23% free, 53MB/69MB, paused 646us total 38.226ms
08-05 18:09:00.315 15940 15953 I art     : Starting a blocking GC Explicit
08-05 18:09:00.344 15940 15953 I art     : Explicit concurrent mark sweep GC freed 20(704B) AllocSpace objects, 0(0B) LOS objects, 23% free, 53MB/69MB, paused 581us total 29.253ms
08-05 18:09:00.356 15940 15953 I art     : Starting a blocking GC Explicit
08-05 18:09:00.386 15940 15953 I art     : Explicit concurrent mark sweep GC freed 3(96B) AllocSpace objects, 0(0B) LOS objects, 23% free, 53MB/69MB, paused 615us total 28.961ms
08-05 18:09:00.398 15940 15953 I art     : Starting a blocking GC Explicit
08-05 18:09:00.430 15940 15953 I art     : Explicit concurrent mark sweep GC freed 3(96B) AllocSpace objects, 0(0B) LOS objects, 23% free, 53MB/69MB, paused 622us total 31.967ms
08-05 18:09:00.442 15940 15953 I art     : Starting a blocking GC Explicit
08-05 18:09:00.473 15940 15953 I art     : Explicit concurrent mark sweep GC freed 3(96B) AllocSpace objects, 0(0B) LOS objects, 23% free, 53MB/69MB, paused 623us total 30.409ms
08-05 18:09:00.767 12013 12013 I ServiceManager: Waiting for service AtCmdFwd...
08-05 18:09:00.810 15940 16420 I art     : Starting a blocking GC Explicit
08-05 18:09:00.852 15940 16420 I art     : Explicit concurrent mark sweep GC freed 1344(78KB) AllocSpace objects, 1(20KB) LOS objects, 23% free, 53MB/69MB, paused 657us total 41.421ms
08-05 18:09:00.867 15940 16420 I art     : Starting a blocking GC Explicit
08-05 18:09:00.899 15940 16420 I art     : Explicit concurrent mark sweep GC freed 20(704B) AllocSpace objects, 0(0B) LOS objects, 23% free, 53MB/69MB, paused 640us total 31.750ms
08-05 18:09:00.911 15940 16420 I art     : Starting a blocking GC Explicit
08-05 18:09:00.944 15940 16420 I art     : Explicit concurrent mark sweep GC freed 3(96B) AllocSpace objects, 0(0B) LOS objects, 23% free, 53MB/69MB, paused 630us total 32.214ms
08-05 18:09:00.955 15940 16420 I art     : Starting a blocking GC Explicit
08-05 18:09:00.984 15940 16420 I art     : Explicit concurrent mark sweep GC freed 3(96B) AllocSpace objects, 0(0B) LOS objects, 23% free, 53MB/69MB, paused 572us total 28.905ms
08-05 18:09:00.996 15940 16420 I art     : Starting a blocking GC Explicit
08-05 18:09:01.024 15940 16420 I art     : Explicit concurrent mark sweep GC freed 3(96B) AllocSpace objects, 0(0B) LOS objects, 23% free, 53MB/69MB, paused 581us total 27.588ms
08-05 18:09:01.357 15940 15952 I art     : Starting a blocking GC Explicit
08-05 18:09:01.393 15940 15952 I art     : Explicit concurrent mark sweep GC freed 1344(78KB) AllocSpace objects, 1(20KB) LOS objects, 23% free, 53MB/69MB, paused 680us total 34.486ms
08-05 18:09:01.408 15940 15952 I art     : Starting a blocking GC Explicit
08-05 18:09:01.438 15940 15952 I art     : Explicit concurrent mark sweep GC freed 20(704B) AllocSpace objects, 0(0B) LOS objects, 23% free, 53MB/69MB, paused 650us total 29.905ms
08-05 18:09:01.449 15940 15952 I art     : Starting a blocking GC Explicit
08-05 18:09:01.480 15940 15952 I art     : Explicit concurrent mark sweep GC freed 3(96B) AllocSpace objects, 0(0B) LOS objects, 23% free, 53MB/69MB, paused 656us total 30.388ms
08-05 18:09:01.492 15940 15952 I art     : Starting a blocking GC Explicit
08-05 18:09:01.523 15940 15952 I art     : Explicit concurrent mark sweep GC freed 3(96B) AllocSpace objects, 0(0B) LOS objects, 23% free, 53MB/69MB, paused 683us total 30.949ms
08-05 18:09:01.531 18734 18734 D AndroidRuntime: >>>>>> START com.android.internal.os.RuntimeInit uid 2000 <<<<<<
08-05 18:09:01.535 15940 15952 I art     : Starting a blocking GC Explicit
08-05 18:09:01.537 18734 18734 D AndroidRuntime: CheckJNI is OFF
08-05 18:09:01.565 15940 15952 I art     : Explicit concurrent mark sweep GC freed 3(96B) AllocSpace objects, 0(0B) LOS objects, 23% free, 53MB/69MB, paused 624us total 29.445ms
08-05 18:09:01.585 18734 18734 D ICU     : No timezone override file found: /data/misc/zoneinfo/current/icu/icu_tzdata.dat
08-05 18:09:01.631 18734 18734 I Radio-JNI: register_android_hardware_Radio DONE
08-05 18:09:01.660 18734 18734 D AndroidRuntime: Calling main entry com.android.commands.input.Input
08-05 18:09:01.663 18734 18734 I Input   : injectKeyEvent: KeyEvent { action=ACTION_DOWN, keyCode=KEYCODE_BACK, scanCode=0, metaState=0, flags=0x0, repeatCount=0, eventTime=814158076, downTime=814158076, deviceId=-1, source=0x101 }
08-05 18:09:01.672 18734 18734 I Input   : injectKeyEvent: KeyEvent { action=ACTION_UP, keyCode=KEYCODE_BACK, scanCode=0, metaState=0, flags=0x0, repeatCount=0, eventTime=814158076, downTime=814158076, deviceId=-1, source=0x101 }
08-05 18:09:01.681 18734 18734 D AndroidRuntime: Shutting down VM
08-05 18:09:01.726 13866 13866 I GoogleInputMethodServic: GoogleInputMethodService.onFinishInput():3138 
08-05 18:09:01.727 13866 13866 I GoogleInputMethodServic: GoogleInputMethodService.onStartInput():1808 
08-05 18:09:01.768 12013 12013 I ServiceManager: Waiting for service AtCmdFwd...
08-05 18:09:01.846 15940 15952 I art     : Starting a blocking GC Explicit
08-05 18:09:01.882 15940 15952 I art     : Explicit concurrent mark sweep GC freed 1484(84KB) AllocSpace objects, 1(20KB) LOS objects, 23% free, 53MB/69MB, paused 636us total 35.554ms
08-05 18:09:01.898 15940 15952 I art     : Starting a blocking GC Explicit
08-05 18:09:01.932 15940 15952 I art     : Explicit concurrent mark sweep GC freed 45(1888B) AllocSpace objects, 0(0B) LOS objects, 23% free, 53MB/69MB, paused 577us total 33.749ms
08-05 18:09:01.946 15940 15952 I art     : Starting a blocking GC Explicit
08-05 18:09:01.978 15940 15952 I art     : Explicit concurrent mark sweep GC freed 19(608B) AllocSpace objects, 0(0B) LOS objects, 23% free, 53MB/69MB, paused 618us total 31.464ms
08-05 18:09:01.990 15940 15952 I art     : Starting a blocking GC Explicit
08-05 18:09:02.016   380   380 W SurfaceFlinger: couldn't log to binary event log: overflow.
08-05 18:09:02.019 15940 15952 I art     : Explicit concurrent mark sweep GC freed 92(6KB) AllocSpace objects, 0(0B) LOS objects, 23% free, 53MB/69MB, paused 801us total 28.489ms
08-05 18:09:02.033 15940 15952 I art     : Starting a blocking GC Explicit
08-05 18:09:02.059 15940 15952 I art     : Explicit concurrent mark sweep GC freed 33(2368B) AllocSpace objects, 0(0B) LOS objects, 23% free, 53MB/69MB, paused 604us total 25.720ms
08-05 18:09:02.350 15940 15971 I art     : Starting a blocking GC Explicit
08-05 18:09:02.382 15940 15971 I art     : Explicit concurrent mark sweep GC freed 6022(347KB) AllocSpace objects, 3(160KB) LOS objects, 23% free, 52MB/68MB, paused 598us total 31.495ms
08-05 18:09:02.393 15940 15971 I art     : Starting a blocking GC Explicit
08-05 18:09:02.421 15940 15971 I art     : Explicit concurrent mark sweep GC freed 20(704B) AllocSpace objects, 0(0B) LOS objects, 23% free, 52MB/68MB, paused 584us total 27.570ms
08-05 18:09:02.432 15940 15971 I art     : Starting a blocking GC Explicit
08-05 18:09:02.460 15940 15971 I art     : Explicit concurrent mark sweep GC freed 3(96B) AllocSpace objects, 0(0B) LOS objects, 23% free, 52MB/68MB, paused 583us total 27.253ms
08-05 18:09:02.471 15940 15971 I art     : Starting a blocking GC Explicit
08-05 18:09:02.498 15940 15971 I art     : Explicit concurrent mark sweep GC freed 3(96B) AllocSpace objects, 0(0B) LOS objects, 23% free, 52MB/68MB, paused 621us total 27.154ms
08-05 18:09:02.510 15940 15971 I art     : Starting a blocking GC Explicit
08-05 18:09:02.537 15940 15971 I art     : Explicit concurrent mark sweep GC freed 3(96B) AllocSpace objects, 0(0B) LOS objects, 23% free, 52MB/68MB, paused 677us total 27.293ms
08-05 18:09:02.769 12013 12013 W Atfwd_Sendcmd: AtCmdFwd service not published, waiting... retryCnt : 1
08-05 18:09:02.842 15940 16974 I art     : Starting a blocking GC Explicit
08-05 18:09:02.878 15940 16974 I art     : Explicit concurrent mark sweep GC freed 1343(78KB) AllocSpace objects, 1(20KB) LOS objects, 23% free, 52MB/68MB, paused 654us total 35.799ms
08-05 18:09:02.893 15940 16974 I art     : Starting a blocking GC Explicit
08-05 18:09:02.920 15940 16974 I art     : Explicit concurrent mark sweep GC freed 20(704B) AllocSpace objects, 0(0B) LOS objects, 23% free, 52MB/68MB, paused 558us total 26.722ms
08-05 18:09:02.931 15940 16974 I art     : Starting a blocking GC Explicit
08-05 18:09:02.958 15940 16974 I art     : Explicit concurrent mark sweep GC freed 3(96B) AllocSpace objects, 0(0B) LOS objects, 23% free, 52MB/68MB, paused 631us total 26.652ms
08-05 18:09:02.970 15940 16974 I art     : Starting a blocking GC Explicit
08-05 18:09:02.996 15940 16974 I art     : Explicit concurrent mark sweep GC freed 3(96B) AllocSpace objects, 0(0B) LOS objects, 23% free, 52MB/68MB, paused 594us total 25.679ms
08-05 18:09:03.007 15940 16974 I art     : Starting a blocking GC Explicit
08-05 18:09:03.033 15940 16974 I art     : Explicit concurrent mark sweep GC freed 3(96B) AllocSpace objects, 0(0B) LOS objects, 23% free, 52MB/68MB, paused 607us total 25.824ms
08-05 18:09:03.337 15940 15952 I art     : Starting a blocking GC Explicit
08-05 18:09:03.364 15940 15952 I art     : Explicit concurrent mark sweep GC freed 1348(78KB) AllocSpace objects, 1(20KB) LOS objects, 23% free, 52MB/68MB, paused 595us total 26.361ms
08-05 18:09:03.375 15940 15952 I art     : Starting a blocking GC Explicit
08-05 18:09:03.401 15940 15952 I art     : Explicit concurrent mark sweep GC freed 43(1536B) AllocSpace objects, 0(0B) LOS objects, 23% free, 52MB/68MB, paused 565us total 25.252ms
08-05 18:09:03.412 15940 15952 I art     : Starting a blocking GC Explicit
08-05 18:09:03.440 15940 15952 I art     : Explicit concurrent mark sweep GC freed 8(256B) AllocSpace objects, 0(0B) LOS objects, 23% free, 52MB/68MB, paused 627us total 27.490ms
08-05 18:09:03.452 15940 15952 I art     : Starting a blocking GC Explicit
08-05 18:09:03.467 18787 18787 D AndroidRuntime: >>>>>> START com.android.internal.os.RuntimeInit uid 2000 <<<<<<
08-05 18:09:03.473 18787 18787 D AndroidRuntime: CheckJNI is OFF
08-05 18:09:03.481 15940 15952 I art     : Explicit concurrent mark sweep GC freed 8(256B) AllocSpace objects, 0(0B) LOS objects, 23% free, 52MB/68MB, paused 615us total 28.732ms
08-05 18:09:03.493 15940 15952 I art     : Starting a blocking GC Explicit
08-05 18:09:03.517 18787 18787 D ICU     : No timezone override file found: /data/misc/zoneinfo/current/icu/icu_tzdata.dat
08-05 18:09:03.519 15940 15952 I art     : Explicit concurrent mark sweep GC freed 8(256B) AllocSpace objects, 0(0B) LOS objects, 23% free, 52MB/68MB, paused 669us total 26.165ms
08-05 18:09:03.519 15940 15951 I art     : WaitForGcToComplete blocked for 22.967ms for cause HeapTrim
08-05 18:09:03.560 18787 18787 I Radio-JNI: register_android_hardware_Radio DONE
08-05 18:09:03.588 18787 18787 D AndroidRuntime: Calling main entry com.android.commands.input.Input
08-05 18:09:03.590 18787 18787 I Input   : injectKeyEvent: KeyEvent { action=ACTION_DOWN, keyCode=KEYCODE_BACK, scanCode=0, metaState=0, flags=0x0, repeatCount=0, eventTime=814160003, downTime=814160003, deviceId=-1, source=0x101 }
08-05 18:09:03.599 18787 18787 I Input   : injectKeyEvent: KeyEvent { action=ACTION_UP, keyCode=KEYCODE_BACK, scanCode=0, metaState=0, flags=0x0, repeatCount=0, eventTime=814160003, downTime=814160003, deviceId=-1, source=0x101 }
08-05 18:09:03.606 18787 18787 D AndroidRuntime: Shutting down VM
08-05 18:09:03.647 13866 13866 I GoogleInputMethodServic: GoogleInputMethodService.onFinishInput():3138 
08-05 18:09:03.648 13866 13866 I GoogleInputMethodServic: GoogleInputMethodService.onStartInput():1808 
08-05 18:09:03.800 15940 16974 I art     : Starting a blocking GC Explicit
08-05 18:09:03.827 15940 16974 I art     : Explicit concurrent mark sweep GC freed 1549(87KB) AllocSpace objects, 1(20KB) LOS objects, 23% free, 52MB/68MB, paused 591us total 26.509ms
08-05 18:09:03.838 15940 16974 I art     : Starting a blocking GC Explicit
08-05 18:09:03.863 15940 16974 I art     : Explicit concurrent mark sweep GC freed 24(864B) AllocSpace objects, 0(0B) LOS objects, 23% free, 52MB/68MB, paused 573us total 24.942ms
08-05 18:09:03.874 15940 16974 I art     : Starting a blocking GC Explicit
08-05 18:09:03.900 15940 16974 I art     : Explicit concurrent mark sweep GC freed 3(96B) AllocSpace objects, 0(0B) LOS objects, 23% free, 52MB/68MB, paused 592us total 26.197ms
08-05 18:09:03.913 15940 16974 I art     : Starting a blocking GC Explicit
08-05 18:09:03.940 15940 16974 I art     : Explicit concurrent mark sweep GC freed 3(96B) AllocSpace objects, 0(0B) LOS objects, 23% free, 52MB/68MB, paused 540us total 26.895ms
08-05 18:09:03.951   380   380 W SurfaceFlinger: couldn't log to binary event log: overflow.
08-05 18:09:03.952 15940 16974 I art     : Starting a blocking GC Explicit
08-05 18:09:03.978 15940 16974 I art     : Explicit concurrent mark sweep GC freed 115(8KB) AllocSpace objects, 0(0B) LOS objects, 23% free, 52MB/68MB, paused 617us total 26.090ms
08-05 18:09:04.279 15940 16420 I art     : Starting a blocking GC Explicit
08-05 18:09:04.315 15940 16420 I art     : Explicit concurrent mark sweep GC freed 1352(78KB) AllocSpace objects, 1(20KB) LOS objects, 23% free, 52MB/68MB, paused 627us total 35.087ms
08-05 18:09:04.330 15940 16420 I art     : Starting a blocking GC Explicit
08-05 18:09:04.357 15940 16420 I art     : Explicit concurrent mark sweep GC freed 2072(121KB) AllocSpace objects, 2(180KB) LOS objects, 23% free, 52MB/68MB, paused 591us total 26.473ms
08-05 18:09:04.368 15940 16420 I art     : Starting a blocking GC Explicit
08-05 18:09:04.394 15940 16420 I art     : Explicit concurrent mark sweep GC freed 3(96B) AllocSpace objects, 0(0B) LOS objects, 23% free, 52MB/68MB, paused 592us total 26.424ms
08-05 18:09:04.406 15940 16420 I art     : Starting a blocking GC Explicit
08-05 18:09:04.432 15940 16420 I art     : Explicit concurrent mark sweep GC freed 3(96B) AllocSpace objects, 0(0B) LOS objects, 23% free, 52MB/68MB, paused 694us total 26.671ms
08-05 18:09:04.444 15940 16420 I art     : Starting a blocking GC Explicit
08-05 18:09:04.471 15940 16420 I art     : Explicit concurrent mark sweep GC freed 3(96B) AllocSpace objects, 0(0B) LOS objects, 23% free, 52MB/68MB, paused 596us total 26.510ms
08-05 18:09:04.762 15940 15971 I art     : Starting a blocking GC Explicit
08-05 18:09:04.794 15940 15971 I art     : Explicit concurrent mark sweep GC freed 1343(78KB) AllocSpace objects, 1(20KB) LOS objects, 23% free, 52MB/68MB, paused 628us total 31.478ms
08-05 18:09:04.810 15940 15971 I art     : Starting a blocking GC Explicit
08-05 18:09:04.836 15940 15971 I art     : Explicit concurrent mark sweep GC freed 20(704B) AllocSpace objects, 0(0B) LOS objects, 23% free, 52MB/68MB, paused 572us total 25.856ms
08-05 18:09:04.847 15940 15971 I art     : Starting a blocking GC Explicit
08-05 18:09:04.873 15940 15971 I art     : Explicit concurrent mark sweep GC freed 3(96B) AllocSpace objects, 0(0B) LOS objects, 23% free, 52MB/68MB, paused 614us total 25.461ms
08-05 18:09:04.883 15940 15971 I art     : Starting a blocking GC Explicit
08-05 18:09:04.909 15940 15971 I art     : Explicit concurrent mark sweep GC freed 3(96B) AllocSpace objects, 0(0B) LOS objects, 23% free, 52MB/68MB, paused 597us total 25.553ms
08-05 18:09:04.920 15940 15971 I art     : Starting a blocking GC Explicit
08-05 18:09:04.945 15940 15971 I art     : Explicit concurrent mark sweep GC freed 3(96B) AllocSpace objects, 0(0B) LOS objects, 23% free, 52MB/68MB, paused 595us total 24.972ms
08-05 18:09:05.235 15940 15952 I art     : Starting a blocking GC Explicit
08-05 18:09:05.265 15940 15952 I art     : Explicit concurrent mark sweep GC freed 1341(78KB) AllocSpace objects, 1(20KB) LOS objects, 23% free, 52MB/68MB, paused 664us total 28.923ms
08-05 18:09:05.278 15940 15952 I art     : Starting a blocking GC Explicit
08-05 18:09:05.304 15940 15952 I art     : Explicit concurrent mark sweep GC freed 20(704B) AllocSpace objects, 0(0B) LOS objects, 23% free, 52MB/68MB, paused 584us total 25.163ms
08-05 18:09:05.315 15940 15952 I art     : Starting a blocking GC Explicit
08-05 18:09:05.341 15940 15952 I art     : Explicit concurrent mark sweep GC freed 3(96B) AllocSpace objects, 0(0B) LOS objects, 23% free, 52MB/68MB, paused 604us total 26.476ms
08-05 18:09:05.353 15940 15952 I art     : Starting a blocking GC Explicit
08-05 18:09:05.380 15940 15952 I art     : Explicit concurrent mark sweep GC freed 3(96B) AllocSpace objects, 0(0B) LOS objects, 23% free, 52MB/68MB, paused 633us total 27.089ms
08-05 18:09:05.383 18841 18841 D AndroidRuntime: >>>>>> START com.android.internal.os.RuntimeInit uid 2000 <<<<<<
08-05 18:09:05.390 18841 18841 D AndroidRuntime: CheckJNI is OFF
08-05 18:09:05.392 15940 15952 I art     : Starting a blocking GC Explicit
08-05 18:09:05.419 15940 15952 I art     : Explicit concurrent mark sweep GC freed 3(96B) AllocSpace objects, 0(0B) LOS objects, 23% free, 52MB/68MB, paused 632us total 26.780ms
08-05 18:09:05.438 18841 18841 D ICU     : No timezone override file found: /data/misc/zoneinfo/current/icu/icu_tzdata.dat
08-05 18:09:05.484 18841 18841 I Radio-JNI: register_android_hardware_Radio DONE
08-05 18:09:05.513 18841 18841 D AndroidRuntime: Calling main entry com.android.commands.input.Input
08-05 18:09:05.516 18841 18841 I Input   : injectMotionEvent: MotionEvent { action=ACTION_DOWN, actionButton=0, id[0]=0, x[0]=1084.0, y[0]=2213.0, toolType[0]=TOOL_TYPE_UNKNOWN, buttonState=0, metaState=0, flags=0x0, edgeFlags=0x0, pointerCount=1, historySize=0, eventTime=814161928, downTime=814161928, deviceId=0, source=0x1002 }
08-05 18:09:05.522 18841 18841 I Input   : injectMotionEvent: MotionEvent { action=ACTION_UP, actionButton=0, id[0]=0, x[0]=1084.0, y[0]=2213.0, toolType[0]=TOOL_TYPE_UNKNOWN, buttonState=0, metaState=0, flags=0x0, edgeFlags=0x0, pointerCount=1, historySize=0, eventTime=814161928, downTime=814161928, deviceId=0, source=0x1002 }
08-05 18:09:05.525   918  4413 I ActivityManager: START u0 {cmp=baseline.appteam.nith.hillffair/.activities.EventActivity} from uid 10675 on display 0
08-05 18:09:05.532 18841 18841 D AndroidRuntime: Shutting down VM
08-05 18:09:05.609 13866 13866 I GoogleInputMethodServic: GoogleInputMethodService.onFinishInput():3138 
08-05 18:09:05.610 13866 13866 I GoogleInputMethodServic: GoogleInputMethodService.onStartInput():1808 
08-05 18:09:05.638   918   936 I ActivityManager: Displayed baseline.appteam.nith.hillffair/.activities.EventActivity: +105ms
08-05 18:09:05.702 15940 15952 I art     : Starting a blocking GC Explicit
08-05 18:09:05.729 15940 15952 I art     : Explicit concurrent mark sweep GC freed 6167(370KB) AllocSpace objects, 1(20KB) LOS objects, 23% free, 52MB/68MB, paused 685us total 26.979ms
08-05 18:09:05.740 15940 15952 I art     : Starting a blocking GC Explicit
08-05 18:09:05.766 15940 15952 I art     : Explicit concurrent mark sweep GC freed 266(11KB) AllocSpace objects, 0(0B) LOS objects, 23% free, 52MB/68MB, paused 618us total 25.268ms
08-05 18:09:05.779 15940 15952 I art     : Starting a blocking GC Explicit
08-05 18:09:05.809 15940 15952 I art     : Explicit concurrent mark sweep GC freed 3(96B) AllocSpace objects, 0(0B) LOS objects, 23% free, 52MB/68MB, paused 688us total 29.914ms
08-05 18:09:05.822 15940 15952 I art     : Starting a blocking GC Explicit
08-05 18:09:05.852 15940 15952 I art     : Explicit concurrent mark sweep GC freed 3(96B) AllocSpace objects, 0(0B) LOS objects, 23% free, 52MB/68MB, paused 634us total 29.396ms
08-05 18:09:05.865 15940 15952 I art     : Starting a blocking GC Explicit
08-05 18:09:05.888   380   380 W SurfaceFlinger: couldn't log to binary event log: overflow.
08-05 18:09:05.896 15940 15952 I art     : Explicit concurrent mark sweep GC freed 3(96B) AllocSpace objects, 0(0B) LOS objects, 23% free, 52MB/68MB, paused 723us total 30.632ms
08-05 18:09:06.106 15940 18866 D OkHttp  : --> GET https://api-hillfair-2k16.herokuapp.com/api/app/club http/1.1
08-05 18:09:06.146 15940 18866 D OkHttp  : <-- 200 OK https://api-hillfair-2k16.herokuapp.com/api/app/club (39ms, 1870-byte body)
08-05 18:09:06.155 15940 15940 I NAPPA_EXPERIMENTATION: MetricNetworkRequestExecutionTime: REQUEST_DURATION_SYSTEM='590',REQUEST_DURATION_OKHTTP='40',REQUEST_SYNCHRONOUS='FALSE',RESPONSE_CODE='200',RESPONSE_METHOD='GET',RESPONSE_LENGTH_OKHTTP='1870',RESPONSE_LENGTH_HEADER='1870',REQUEST_PROTOCOL='http/1.1',REQUEST_URL='https://api-hillfair-2k16.herokuapp.com/api/app/club',
08-05 18:09:06.179 15940 16420 I art     : Starting a blocking GC Explicit
08-05 18:09:06.209 15940 16420 I art     : Explicit concurrent mark sweep GC freed 5089(325KB) AllocSpace objects, 4(220KB) LOS objects, 23% free, 52MB/68MB, paused 1.159ms total 29.937ms
08-05 18:09:06.223 15940 16420 I art     : Starting a blocking GC Explicit
08-05 18:09:06.251 15940 16420 I art     : Explicit concurrent mark sweep GC freed 2147(166KB) AllocSpace objects, 0(0B) LOS objects, 23% free, 52MB/68MB, paused 1.036ms total 27.876ms
08-05 18:09:06.262 15940 16420 I art     : Starting a blocking GC Explicit
08-05 18:09:06.290 15940 16420 I art     : Explicit concurrent mark sweep GC freed 246(13KB) AllocSpace objects, 0(0B) LOS objects, 23% free, 52MB/68MB, paused 1.013ms total 28.383ms
08-05 18:09:06.301 15940 16420 I art     : Starting a blocking GC Explicit
08-05 18:09:06.330 15940 16420 I art     : Explicit concurrent mark sweep GC freed 63(30KB) AllocSpace objects, 0(0B) LOS objects, 23% free, 52MB/68MB, paused 998us total 28.936ms
08-05 18:09:06.342 15940 16420 I art     : Starting a blocking GC Explicit
08-05 18:09:06.370 15940 16420 I art     : Explicit concurrent mark sweep GC freed 224(25KB) AllocSpace objects, 0(0B) LOS objects, 23% free, 53MB/69MB, paused 1.176ms total 27.846ms
08-05 18:09:06.661 15940 16420 I art     : Starting a blocking GC Explicit
08-05 18:09:06.692 15940 16420 I art     : Explicit concurrent mark sweep GC freed 1961(221KB) AllocSpace objects, 1(20KB) LOS objects, 23% free, 53MB/69MB, paused 821us total 31.064ms
08-05 18:09:06.704 15940 16420 I art     : Starting a blocking GC Explicit
08-05 18:09:06.731 15940 16420 I art     : Explicit concurrent mark sweep GC freed 53(1760B) AllocSpace objects, 0(0B) LOS objects, 23% free, 53MB/69MB, paused 806us total 27.193ms
08-05 18:09:06.742 15940 16420 I art     : Starting a blocking GC Explicit
08-05 18:09:06.772 15940 16420 I art     : Explicit concurrent mark sweep GC freed 3(96B) AllocSpace objects, 0(0B) LOS objects, 23% free, 53MB/69MB, paused 794us total 29.005ms
08-05 18:09:06.783 15940 16420 I art     : Starting a blocking GC Explicit
08-05 18:09:06.812 15940 16420 I art     : Explicit concurrent mark sweep GC freed 5459(215KB) AllocSpace objects, 0(0B) LOS objects, 23% free, 53MB/69MB, paused 874us total 29.047ms
08-05 18:09:06.823 15940 16420 I art     : Starting a blocking GC Explicit
08-05 18:09:06.850 15940 16420 I art     : Explicit concurrent mark sweep GC freed 266(9KB) AllocSpace objects, 0(0B) LOS objects, 23% free, 53MB/69MB, paused 763us total 26.537ms
08-05 18:09:07.147 15940 16420 I art     : Starting a blocking GC Explicit
08-05 18:09:07.178 15940 16420 I art     : Explicit concurrent mark sweep GC freed 3927(331KB) AllocSpace objects, 1(20KB) LOS objects, 23% free, 53MB/69MB, paused 617us total 30.596ms
08-05 18:09:07.191 15940 16420 I art     : Starting a blocking GC Explicit
08-05 18:09:07.219 15940 16420 I art     : Explicit concurrent mark sweep GC freed 107(3KB) AllocSpace objects, 0(0B) LOS objects, 23% free, 53MB/69MB, paused 643us total 27.934ms
08-05 18:09:07.231 15940 16420 I art     : Starting a blocking GC Explicit
08-05 18:09:07.260 15940 16420 I art     : Explicit concurrent mark sweep GC freed 3(96B) AllocSpace objects, 0(0B) LOS objects, 23% free, 53MB/69MB, paused 646us total 28.650ms
08-05 18:09:07.271 15940 16420 I art     : Starting a blocking GC Explicit
08-05 18:09:07.301   518   646 I ThermalEngine: ACTION: GPU - Setting GPU[0] to 390000000
08-05 18:09:07.328 15940 16420 I art     : Explicit concurrent mark sweep GC freed 3(96B) AllocSpace objects, 0(0B) LOS objects, 23% free, 53MB/69MB, paused 1.673ms total 56.264ms
08-05 18:09:07.348 15940 16420 I art     : Starting a blocking GC Explicit
08-05 18:09:07.386 15940 16420 I art     : Explicit concurrent mark sweep GC freed 3(96B) AllocSpace objects, 0(0B) LOS objects, 23% free, 53MB/69MB, paused 882us total 37.211ms
08-05 18:09:07.741 15940 15971 I art     : Starting a blocking GC Explicit
08-05 18:09:07.770 12013 12013 I ServiceManager: Waiting for service AtCmdFwd...
08-05 18:09:07.793 15940 15971 I art     : Explicit concurrent mark sweep GC freed 1344(78KB) AllocSpace objects, 1(20KB) LOS objects, 23% free, 53MB/69MB, paused 1.175ms total 51.543ms
08-05 18:09:07.822 15940 15971 I art     : Starting a blocking GC Explicit
08-05 18:09:07.865 15940 15971 I art     : Explicit concurrent mark sweep GC freed 20(704B) AllocSpace objects, 0(0B) LOS objects, 23% free, 53MB/69MB, paused 1.162ms total 42.926ms
08-05 18:09:07.886 15940 15971 I art     : Starting a blocking GC Explicit
08-05 18:09:07.923 15940 15971 I art     : Explicit concurrent mark sweep GC freed 3(96B) AllocSpace objects, 0(0B) LOS objects, 23% free, 53MB/69MB, paused 921us total 37.230ms
08-05 18:09:07.941 15940 15971 I art     : Starting a blocking GC Explicit
08-05 18:09:07.977 15940 15971 I art     : Explicit concurrent mark sweep GC freed 3(96B) AllocSpace objects, 0(0B) LOS objects, 23% free, 53MB/69MB, paused 1.081ms total 36.360ms
08-05 18:09:07.994 15940 15971 I art     : Starting a blocking GC Explicit
08-05 18:09:08.031 15940 15971 I art     : Explicit concurrent mark sweep GC freed 3(96B) AllocSpace objects, 0(0B) LOS objects, 23% free, 53MB/69MB, paused 930us total 35.996ms
08-05 18:09:08.368 15940 15952 I art     : Starting a blocking GC Explicit
08-05 18:09:08.412 15940 15952 I art     : Explicit concurrent mark sweep GC freed 1344(78KB) AllocSpace objects, 1(20KB) LOS objects, 23% free, 53MB/69MB, paused 1.070ms total 43.426ms
08-05 18:09:08.431 15940 15952 I art     : Starting a blocking GC Explicit
08-05 18:09:08.468 15940 15952 I art     : Explicit concurrent mark sweep GC freed 20(704B) AllocSpace objects, 0(0B) LOS objects, 23% free, 53MB/69MB, paused 1.386ms total 36.326ms
08-05 18:09:08.485 15940 15952 I art     : Starting a blocking GC Explicit
08-05 18:09:08.522 15940 15952 I art     : Explicit concurrent mark sweep GC freed 3(96B) AllocSpace objects, 0(0B) LOS objects, 23% free, 53MB/69MB, paused 1.190ms total 36.304ms
08-05 18:09:08.539 15940 15952 I art     : Starting a blocking GC Explicit
08-05 18:09:08.575 15940 15952 I art     : Explicit concurrent mark sweep GC freed 3(96B) AllocSpace objects, 0(0B) LOS objects, 23% free, 53MB/69MB, paused 1.122ms total 36.156ms
08-05 18:09:08.592 15940 15952 I art     : Starting a blocking GC Explicit
08-05 18:09:08.629 15940 15952 I art     : Explicit concurrent mark sweep GC freed 3(96B) AllocSpace objects, 0(0B) LOS objects, 23% free, 53MB/69MB, paused 955us total 36.127ms
08-05 18:09:08.771 12013 12013 I ServiceManager: Waiting for service AtCmdFwd...
08-05 18:09:08.994 15940 16974 I art     : Starting a blocking GC Explicit
08-05 18:09:09.046 15940 16974 I art     : Explicit concurrent mark sweep GC freed 1344(78KB) AllocSpace objects, 1(20KB) LOS objects, 23% free, 53MB/69MB, paused 1.448ms total 51.049ms
08-05 18:09:09.067 15940 16974 I art     : Starting a blocking GC Explicit
08-05 18:09:09.103 15940 16974 I art     : Explicit concurrent mark sweep GC freed 20(704B) AllocSpace objects, 0(0B) LOS objects, 23% free, 53MB/69MB, paused 899us total 35.294ms
08-05 18:09:09.120 15940 16974 I art     : Starting a blocking GC Explicit
08-05 18:09:09.157 15940 16974 I art     : Explicit concurrent mark sweep GC freed 3(96B) AllocSpace objects, 0(0B) LOS objects, 23% free, 53MB/69MB, paused 1.103ms total 37.005ms
08-05 18:09:09.174 15940 16974 I art     : Starting a blocking GC Explicit
08-05 18:09:09.211 15940 16974 I art     : Explicit concurrent mark sweep GC freed 3(96B) AllocSpace objects, 0(0B) LOS objects, 23% free, 53MB/69MB, paused 1.060ms total 36.282ms
08-05 18:09:09.228 15940 16974 I art     : Starting a blocking GC Explicit
08-05 18:09:09.265 15940 16974 I art     : Explicit concurrent mark sweep GC freed 3(96B) AllocSpace objects, 0(0B) LOS objects, 23% free, 53MB/69MB, paused 930us total 36.085ms
08-05 18:09:09.296   518   646 I ThermalEngine: ACTION: GPU - Setting GPU[0] to 450000000
08-05 18:09:09.601 15940 15953 I art     : Starting a blocking GC Explicit
08-05 18:09:09.639 15940 15953 I art     : Explicit concurrent mark sweep GC freed 1344(78KB) AllocSpace objects, 1(20KB) LOS objects, 23% free, 53MB/69MB, paused 774us total 37.237ms
08-05 18:09:09.654 15940 15953 I art     : Starting a blocking GC Explicit
08-05 18:09:09.685 15940 15953 I art     : Explicit concurrent mark sweep GC freed 20(704B) AllocSpace objects, 0(0B) LOS objects, 23% free, 53MB/69MB, paused 682us total 30.192ms
08-05 18:09:09.697 15940 15953 I art     : Starting a blocking GC Explicit
08-05 18:09:09.727 15940 15953 I art     : Explicit concurrent mark sweep GC freed 3(96B) AllocSpace objects, 0(0B) LOS objects, 23% free, 53MB/69MB, paused 799us total 30.505ms
08-05 18:09:09.739 15940 15953 I art     : Starting a blocking GC Explicit
08-05 18:09:09.769 15940 15953 I art     : Explicit concurrent mark sweep GC freed 3(96B) AllocSpace objects, 0(0B) LOS objects, 23% free, 53MB/69MB, paused 689us total 30.095ms
08-05 18:09:09.771 12013 12013 I ServiceManager: Waiting for service AtCmdFwd...
08-05 18:09:09.781 15940 15953 I art     : Starting a blocking GC Explicit
08-05 18:09:09.813 15940 15953 I art     : Explicit concurrent mark sweep GC freed 3(96B) AllocSpace objects, 0(0B) LOS objects, 23% free, 53MB/69MB, paused 675us total 31.842ms
08-05 18:09:10.140 15940 16420 I art     : Starting a blocking GC Explicit
08-05 18:09:10.183 15940 16420 I art     : Explicit concurrent mark sweep GC freed 1344(78KB) AllocSpace objects, 1(20KB) LOS objects, 23% free, 53MB/69MB, paused 739us total 42.218ms
08-05 18:09:10.200 15940 16420 I art     : Starting a blocking GC Explicit
08-05 18:09:10.230 15940 16420 I art     : Explicit concurrent mark sweep GC freed 20(704B) AllocSpace objects, 0(0B) LOS objects, 23% free, 53MB/69MB, paused 627us total 29.465ms
08-05 18:09:10.242 15940 16420 I art     : Starting a blocking GC Explicit
08-05 18:09:10.272 15940 16420 I art     : Explicit concurrent mark sweep GC freed 3(96B) AllocSpace objects, 0(0B) LOS objects, 23% free, 53MB/69MB, paused 679us total 30.561ms
08-05 18:09:10.284 15940 16420 I art     : Starting a blocking GC Explicit
08-05 18:09:10.316 15940 16420 I art     : Explicit concurrent mark sweep GC freed 3(96B) AllocSpace objects, 0(0B) LOS objects, 23% free, 53MB/69MB, paused 659us total 31.532ms
08-05 18:09:10.328 15940 16420 I art     : Starting a blocking GC Explicit
08-05 18:09:10.359 15940 16420 I art     : Explicit concurrent mark sweep GC freed 3(96B) AllocSpace objects, 0(0B) LOS objects, 23% free, 53MB/69MB, paused 635us total 30.272ms
08-05 18:09:10.677 15940 15971 I art     : Starting a blocking GC Explicit
08-05 18:09:10.716 15940 15971 I art     : Explicit concurrent mark sweep GC freed 1344(78KB) AllocSpace objects, 1(20KB) LOS objects, 23% free, 53MB/69MB, paused 680us total 37.833ms
08-05 18:09:10.730 15940 15971 I art     : Starting a blocking GC Explicit
08-05 18:09:10.759 15940 15971 I art     : Explicit concurrent mark sweep GC freed 20(704B) AllocSpace objects, 0(0B) LOS objects, 23% free, 53MB/69MB, paused 666us total 28.264ms
08-05 18:09:10.770 15940 15971 I art     : Starting a blocking GC Explicit
08-05 18:09:10.772 12013 12013 I ServiceManager: Waiting for service AtCmdFwd...
08-05 18:09:10.799 15940 15971 I art     : Explicit concurrent mark sweep GC freed 3(96B) AllocSpace objects, 0(0B) LOS objects, 23% free, 53MB/69MB, paused 643us total 28.858ms
08-05 18:09:10.811 15940 15971 I art     : Starting a blocking GC Explicit
08-05 18:09:10.840 15940 15971 I art     : Explicit concurrent mark sweep GC freed 3(96B) AllocSpace objects, 0(0B) LOS objects, 23% free, 53MB/69MB, paused 668us total 28.871ms
08-05 18:09:10.852 15940 15971 I art     : Starting a blocking GC Explicit
08-05 18:09:10.883 15940 15971 I art     : Explicit concurrent mark sweep GC freed 3(96B) AllocSpace objects, 0(0B) LOS objects, 23% free, 53MB/69MB, paused 663us total 30.841ms
08-05 18:09:11.220 15940 15952 I art     : Starting a blocking GC Explicit
08-05 18:09:11.261 15940 15952 I art     : Explicit concurrent mark sweep GC freed 1344(78KB) AllocSpace objects, 1(20KB) LOS objects, 23% free, 53MB/69MB, paused 751us total 40.284ms
08-05 18:09:11.275 15940 15952 I art     : Starting a blocking GC Explicit
08-05 18:09:11.306 15940 15952 I art     : Explicit concurrent mark sweep GC freed 20(704B) AllocSpace objects, 0(0B) LOS objects, 23% free, 53MB/69MB, paused 652us total 30.240ms
08-05 18:09:11.317 15940 15952 I art     : Starting a blocking GC Explicit
08-05 18:09:11.347 15940 15952 I art     : Explicit concurrent mark sweep GC freed 3(96B) AllocSpace objects, 0(0B) LOS objects, 23% free, 53MB/69MB, paused 807us total 29.209ms
08-05 18:09:11.358 15940 15952 I art     : Starting a blocking GC Explicit
08-05 18:09:11.390 15940 15952 I art     : Explicit concurrent mark sweep GC freed 3(96B) AllocSpace objects, 0(0B) LOS objects, 23% free, 53MB/69MB, paused 680us total 31.019ms
08-05 18:09:11.402 15940 15952 I art     : Starting a blocking GC Explicit
08-05 18:09:11.433 15940 15952 I art     : Explicit concurrent mark sweep GC freed 3(96B) AllocSpace objects, 0(0B) LOS objects, 23% free, 53MB/69MB, paused 639us total 31.127ms
08-05 18:09:11.759 15940 16974 I art     : Starting a blocking GC Explicit
08-05 18:09:11.772 12013 12013 I ServiceManager: Waiting for service AtCmdFwd...
08-05 18:09:11.799 15940 16974 I art     : Explicit concurrent mark sweep GC freed 1344(78KB) AllocSpace objects, 1(20KB) LOS objects, 23% free, 53MB/69MB, paused 899us total 39.586ms
08-05 18:09:11.814 15940 16974 I art     : Starting a blocking GC Explicit
08-05 18:09:11.846 15940 16974 I art     : Explicit concurrent mark sweep GC freed 20(704B) AllocSpace objects, 0(0B) LOS objects, 23% free, 53MB/69MB, paused 640us total 31.770ms
08-05 18:09:11.858 15940 16974 I art     : Starting a blocking GC Explicit
08-05 18:09:11.889 15940 16974 I art     : Explicit concurrent mark sweep GC freed 3(96B) AllocSpace objects, 0(0B) LOS objects, 23% free, 53MB/69MB, paused 675us total 31.298ms
08-05 18:09:11.901 15940 16974 I art     : Starting a blocking GC Explicit
08-05 18:09:11.933 15940 16974 I art     : Explicit concurrent mark sweep GC freed 3(96B) AllocSpace objects, 0(0B) LOS objects, 23% free, 53MB/69MB, paused 630us total 31.537ms
08-05 18:09:11.945 15940 16974 I art     : Starting a blocking GC Explicit
08-05 18:09:11.975 15940 16974 I art     : Explicit concurrent mark sweep GC freed 3(96B) AllocSpace objects, 0(0B) LOS objects, 23% free, 53MB/69MB, paused 672us total 30.391ms
08-05 18:09:12.321 15940 15953 I art     : Starting a blocking GC Explicit
08-05 18:09:12.363 15940 15953 I art     : Explicit concurrent mark sweep GC freed 1344(78KB) AllocSpace objects, 1(20KB) LOS objects, 23% free, 53MB/69MB, paused 766us total 40.978ms
08-05 18:09:12.379 15940 15953 I art     : Starting a blocking GC Explicit
08-05 18:09:12.415 15940 15953 I art     : Explicit concurrent mark sweep GC freed 20(704B) AllocSpace objects, 0(0B) LOS objects, 23% free, 53MB/69MB, paused 712us total 35.466ms
08-05 18:09:12.427 15940 15953 I art     : Starting a blocking GC Explicit
08-05 18:09:12.456 15940 15953 I art     : Explicit concurrent mark sweep GC freed 3(96B) AllocSpace objects, 0(0B) LOS objects, 23% free, 53MB/69MB, paused 634us total 28.597ms
08-05 18:09:12.468 15940 15953 I art     : Starting a blocking GC Explicit
08-05 18:09:12.500 15940 15953 I art     : Explicit concurrent mark sweep GC freed 3(96B) AllocSpace objects, 0(0B) LOS objects, 23% free, 53MB/69MB, paused 684us total 31.674ms
08-05 18:09:12.512 15940 15953 I art     : Starting a blocking GC Explicit
08-05 18:09:12.543 15940 15953 I art     : Explicit concurrent mark sweep GC freed 3(96B) AllocSpace objects, 0(0B) LOS objects, 23% free, 53MB/69MB, paused 702us total 30.655ms
08-05 18:09:12.773 12013 12013 W Atfwd_Sendcmd: AtCmdFwd service not published, waiting... retryCnt : 2
08-05 18:09:12.887 15940 16420 I art     : Starting a blocking GC Explicit
08-05 18:09:12.926 15940 16420 I art     : Explicit concurrent mark sweep GC freed 1344(78KB) AllocSpace objects, 1(20KB) LOS objects, 23% free, 53MB/69MB, paused 704us total 38.040ms
08-05 18:09:12.940 15940 16420 I art     : Starting a blocking GC Explicit
08-05 18:09:12.970 15940 16420 I art     : Explicit concurrent mark sweep GC freed 20(704B) AllocSpace objects, 0(0B) LOS objects, 23% free, 53MB/69MB, paused 665us total 29.415ms
08-05 18:09:12.982 15940 16420 I art     : Starting a blocking GC Explicit
08-05 18:09:13.013 15940 16420 I art     : Explicit concurrent mark sweep GC freed 3(96B) AllocSpace objects, 0(0B) LOS objects, 23% free, 53MB/69MB, paused 674us total 31.426ms
08-05 18:09:13.025 15940 16420 I art     : Starting a blocking GC Explicit
08-05 18:09:13.056 15940 16420 I art     : Explicit concurrent mark sweep GC freed 3(96B) AllocSpace objects, 0(0B) LOS objects, 23% free, 53MB/69MB, paused 668us total 30.800ms
08-05 18:09:13.068 15940 16420 I art     : Starting a blocking GC Explicit
08-05 18:09:13.099 15940 16420 I art     : Explicit concurrent mark sweep GC freed 3(96B) AllocSpace objects, 0(0B) LOS objects, 23% free, 53MB/69MB, paused 671us total 30.233ms
08-05 18:09:13.446 15940 15971 I art     : Starting a blocking GC Explicit
08-05 18:09:13.481 15940 15971 I art     : Explicit concurrent mark sweep GC freed 1344(78KB) AllocSpace objects, 1(20KB) LOS objects, 23% free, 53MB/69MB, paused 683us total 34.419ms
08-05 18:09:13.495 15940 15971 I art     : Starting a blocking GC Explicit
08-05 18:09:13.524 15940 15971 I art     : Explicit concurrent mark sweep GC freed 20(704B) AllocSpace objects, 0(0B) LOS objects, 23% free, 53MB/69MB, paused 651us total 28.935ms
08-05 18:09:13.536 15940 15971 I art     : Starting a blocking GC Explicit
08-05 18:09:13.567 15940 15971 I art     : Explicit concurrent mark sweep GC freed 3(96B) AllocSpace objects, 0(0B) LOS objects, 23% free, 53MB/69MB, paused 726us total 30.899ms
08-05 18:09:13.579 15940 15971 I art     : Starting a blocking GC Explicit
08-05 18:09:13.610 15940 15971 I art     : Explicit concurrent mark sweep GC freed 3(96B) AllocSpace objects, 0(0B) LOS objects, 23% free, 53MB/69MB, paused 676us total 30.636ms
08-05 18:09:13.622 15940 15971 I art     : Starting a blocking GC Explicit
08-05 18:09:13.653 15940 15971 I art     : Explicit concurrent mark sweep GC freed 3(96B) AllocSpace objects, 0(0B) LOS objects, 23% free, 53MB/69MB, paused 665us total 31.303ms
08-05 18:09:13.958 15940 15952 I art     : Starting a blocking GC Explicit
08-05 18:09:13.993 15940 15952 I art     : Explicit concurrent mark sweep GC freed 1344(78KB) AllocSpace objects, 1(20KB) LOS objects, 23% free, 53MB/69MB, paused 681us total 34.203ms
08-05 18:09:14.006 15940 15952 I art     : Starting a blocking GC Explicit
08-05 18:09:14.036 15940 15952 I art     : Explicit concurrent mark sweep GC freed 20(704B) AllocSpace objects, 0(0B) LOS objects, 23% free, 53MB/69MB, paused 689us total 30.054ms
08-05 18:09:14.048 15940 15952 I art     : Starting a blocking GC Explicit
08-05 18:09:14.078 15940 15952 I art     : Explicit concurrent mark sweep GC freed 3(96B) AllocSpace objects, 0(0B) LOS objects, 23% free, 53MB/69MB, paused 698us total 29.848ms
08-05 18:09:14.078 15940 15951 I art     : WaitForGcToComplete blocked for 30.208ms for cause HeapTrim
08-05 18:09:14.089 15940 15952 I art     : Starting a blocking GC Explicit
08-05 18:09:14.119 15940 15952 I art     : Explicit concurrent mark sweep GC freed 3(96B) AllocSpace objects, 0(0B) LOS objects, 23% free, 53MB/69MB, paused 731us total 28.915ms
08-05 18:09:14.130 15940 15952 I art     : Starting a blocking GC Explicit
08-05 18:09:14.160 15940 15952 I art     : Explicit concurrent mark sweep GC freed 3(96B) AllocSpace objects, 0(0B) LOS objects, 23% free, 53MB/69MB, paused 672us total 29.755ms
08-05 18:09:14.347 19020 19020 D AndroidRuntime: >>>>>> START com.android.internal.os.RuntimeInit uid 2000 <<<<<<
08-05 18:09:14.353 19020 19020 D AndroidRuntime: CheckJNI is OFF
08-05 18:09:14.393 19020 19020 D ICU     : No timezone override file found: /data/misc/zoneinfo/current/icu/icu_tzdata.dat
08-05 18:09:14.436 19020 19020 I Radio-JNI: register_android_hardware_Radio DONE
08-05 18:09:14.464 19020 19020 D AndroidRuntime: Calling main entry com.android.commands.input.Input
08-05 18:09:14.466 19020 19020 I Input   : injectMotionEvent: MotionEvent { action=ACTION_DOWN, actionButton=0, id[0]=0, x[0]=369.0, y[0]=554.0, toolType[0]=TOOL_TYPE_UNKNOWN, buttonState=0, metaState=0, flags=0x0, edgeFlags=0x0, pointerCount=1, historySize=0, eventTime=814170879, downTime=814170879, deviceId=0, source=0x1002 }
08-05 18:09:14.470 19020 19020 I Input   : injectMotionEvent: MotionEvent { action=ACTION_UP, actionButton=0, id[0]=0, x[0]=369.0, y[0]=554.0, toolType[0]=TOOL_TYPE_UNKNOWN, buttonState=0, metaState=0, flags=0x0, edgeFlags=0x0, pointerCount=1, historySize=0, eventTime=814170879, downTime=814170879, deviceId=0, source=0x1002 }
08-05 18:09:14.472   918  6110 I ActivityManager: START u0 {cmp=baseline.appteam.nith.hillffair/.activities.ClubActivity (has extras)} from uid 10675 on display 0
08-05 18:09:14.478 19020 19020 D AndroidRuntime: Shutting down VM
08-05 18:09:14.482 15940 15971 I art     : Starting a blocking GC Explicit
08-05 18:09:14.510 15940 15971 I art     : Explicit concurrent mark sweep GC freed 1660(102KB) AllocSpace objects, 1(20KB) LOS objects, 23% free, 53MB/69MB, paused 977us total 27.501ms
08-05 18:09:14.520 15940 15971 I art     : Starting a blocking GC Explicit
08-05 18:09:14.549 15940 15971 I art     : Explicit concurrent mark sweep GC freed 3369(202KB) AllocSpace objects, 0(0B) LOS objects, 23% free, 53MB/69MB, paused 836us total 28.964ms
08-05 18:09:14.560 15940 15971 I art     : Starting a blocking GC Explicit
08-05 18:09:14.585 13866 13866 I GoogleInputMethodServic: GoogleInputMethodService.onFinishInput():3138 
08-05 18:09:14.586   918   936 I ActivityManager: Displayed baseline.appteam.nith.hillffair/.activities.ClubActivity: +107ms
08-05 18:09:14.586 13866 13866 I GoogleInputMethodServic: GoogleInputMethodService.onStartInput():1808 
08-05 18:09:14.587 15940 15971 I art     : Explicit concurrent mark sweep GC freed 326(14KB) AllocSpace objects, 0(0B) LOS objects, 22% free, 53MB/69MB, paused 1.038ms total 27.287ms
08-05 18:09:14.599 15940 15971 I art     : Starting a blocking GC Explicit
08-05 18:09:14.628 15940 15971 I art     : Explicit concurrent mark sweep GC freed 46(2864B) AllocSpace objects, 0(0B) LOS objects, 23% free, 53MB/69MB, paused 691us total 29.087ms
08-05 18:09:14.639 15940 15971 I art     : Starting a blocking GC Explicit
08-05 18:09:14.665 15940 15971 I art     : Explicit concurrent mark sweep GC freed 9(304B) AllocSpace objects, 0(0B) LOS objects, 23% free, 53MB/69MB, paused 667us total 25.888ms
08-05 18:09:14.830   380   380 W SurfaceFlinger: couldn't log to binary event log: overflow.
08-05 18:09:14.941 15940 15953 I art     : Starting a blocking GC Explicit
08-05 18:09:14.970 15940 15953 I art     : Explicit concurrent mark sweep GC freed 1364(79KB) AllocSpace objects, 1(20KB) LOS objects, 23% free, 53MB/69MB, paused 982us total 28.738ms
08-05 18:09:14.982 15940 15953 I art     : Starting a blocking GC Explicit
08-05 18:09:15.011 15940 15953 I art     : Explicit concurrent mark sweep GC freed 1152(78KB) AllocSpace objects, 2(120KB) LOS objects, 22% free, 53MB/69MB, paused 1.061ms total 29.160ms
08-05 18:09:15.022 15940 15953 I art     : Starting a blocking GC Explicit
08-05 18:09:15.026 15940 19053 D OkHttp  : --> GET https://api-hillfair-2k16.herokuapp.com/api/app/club/PR%20Club http/1.1
08-05 18:09:15.049 15940 15953 I art     : Explicit concurrent mark sweep GC freed 2353(161KB) AllocSpace objects, 1(80KB) LOS objects, 22% free, 53MB/69MB, paused 748us total 27.562ms
08-05 18:09:15.060 15940 15953 I art     : Starting a blocking GC Explicit
08-05 18:09:15.067 15940 19053 D OkHttp  : <-- 200 OK https://api-hillfair-2k16.herokuapp.com/api/app/club/PR%20Club (41ms, 979-byte body)
08-05 18:09:15.088 15940 15953 I art     : Explicit concurrent mark sweep GC freed 322(50KB) AllocSpace objects, 0(0B) LOS objects, 22% free, 53MB/69MB, paused 922us total 27.391ms
08-05 18:09:15.099 15940 15953 I art     : Starting a blocking GC Explicit
08-05 18:09:15.115 15940 15940 I NAPPA_EXPERIMENTATION: MetricNetworkRequestExecutionTime: REQUEST_DURATION_SYSTEM='597',REQUEST_DURATION_OKHTTP='41',REQUEST_SYNCHRONOUS='FALSE',RESPONSE_CODE='200',RESPONSE_METHOD='GET',RESPONSE_LENGTH_OKHTTP='979',RESPONSE_LENGTH_HEADER='979',REQUEST_PROTOCOL='http/1.1',REQUEST_URL='https://api-hillfair-2k16.herokuapp.com/api/app/club/PR%20Club',
08-05 18:09:15.125 15940 15953 I art     : Explicit concurrent mark sweep GC freed 254(47KB) AllocSpace objects, 0(0B) LOS objects, 22% free, 53MB/69MB, paused 629us total 26.553ms
08-05 18:09:15.429 15940 15953 I art     : Starting a blocking GC Explicit
08-05 18:09:15.459 15940 15953 I art     : Explicit concurrent mark sweep GC freed 1817(132KB) AllocSpace objects, 1(20KB) LOS objects, 22% free, 53MB/69MB, paused 641us total 29.486ms
08-05 18:09:15.470 15940 15953 I art     : Starting a blocking GC Explicit
08-05 18:09:15.497 15940 15953 I art     : Explicit concurrent mark sweep GC freed 66(2176B) AllocSpace objects, 0(0B) LOS objects, 22% free, 53MB/69MB, paused 661us total 26.664ms
08-05 18:09:15.508 15940 15953 I art     : Starting a blocking GC Explicit
08-05 18:09:15.537 15940 15953 I art     : Explicit concurrent mark sweep GC freed 19(656B) AllocSpace objects, 0(0B) LOS objects, 22% free, 53MB/69MB, paused 701us total 28.402ms
08-05 18:09:15.548 15940 15953 I art     : Starting a blocking GC Explicit
08-05 18:09:15.578 15940 15953 I art     : Explicit concurrent mark sweep GC freed 3(96B) AllocSpace objects, 0(0B) LOS objects, 22% free, 53MB/69MB, paused 699us total 29.310ms
08-05 18:09:15.589 15940 15953 I art     : Starting a blocking GC Explicit
08-05 18:09:15.620 15940 15953 I art     : Explicit concurrent mark sweep GC freed 3(96B) AllocSpace objects, 0(0B) LOS objects, 22% free, 53MB/69MB, paused 665us total 30.563ms
08-05 18:09:15.939 15940 15971 I art     : Starting a blocking GC Explicit
08-05 18:09:15.975 15940 15971 I art     : Explicit concurrent mark sweep GC freed 1344(78KB) AllocSpace objects, 1(20KB) LOS objects, 22% free, 53MB/69MB, paused 697us total 35.999ms
08-05 18:09:15.989 15940 15971 I art     : Starting a blocking GC Explicit
08-05 18:09:16.022 15940 15971 I art     : Explicit concurrent mark sweep GC freed 20(704B) AllocSpace objects, 0(0B) LOS objects, 22% free, 53MB/69MB, paused 638us total 31.843ms
08-05 18:09:16.033 15940 15971 I art     : Starting a blocking GC Explicit
08-05 18:09:16.064 15940 15971 I art     : Explicit concurrent mark sweep GC freed 3(96B) AllocSpace objects, 0(0B) LOS objects, 22% free, 53MB/69MB, paused 660us total 30.265ms
08-05 18:09:16.075 15940 15971 I art     : Starting a blocking GC Explicit
08-05 18:09:16.106 15940 15971 I art     : Explicit concurrent mark sweep GC freed 3(96B) AllocSpace objects, 0(0B) LOS objects, 22% free, 53MB/69MB, paused 711us total 30.313ms
08-05 18:09:16.118 15940 15971 I art     : Starting a blocking GC Explicit
08-05 18:09:16.149 15940 15971 I art     : Explicit concurrent mark sweep GC freed 3(96B) AllocSpace objects, 0(0B) LOS objects, 22% free, 53MB/69MB, paused 668us total 31.441ms
08-05 18:09:16.491 15940 16420 I art     : Starting a blocking GC Explicit
08-05 18:09:16.529 15940 16420 I art     : Explicit concurrent mark sweep GC freed 1344(78KB) AllocSpace objects, 1(20KB) LOS objects, 22% free, 53MB/69MB, paused 674us total 38.147ms
08-05 18:09:16.541 15940 16420 I art     : Starting a blocking GC Explicit
08-05 18:09:16.574 15940 16420 I art     : Explicit concurrent mark sweep GC freed 20(704B) AllocSpace objects, 0(0B) LOS objects, 22% free, 53MB/69MB, paused 696us total 32.985ms
08-05 18:09:16.586 15940 16420 I art     : Starting a blocking GC Explicit
08-05 18:09:16.619 15940 16420 I art     : Explicit concurrent mark sweep GC freed 3(96B) AllocSpace objects, 0(0B) LOS objects, 22% free, 53MB/69MB, paused 693us total 32.287ms
08-05 18:09:16.631 15940 16420 I art     : Starting a blocking GC Explicit
08-05 18:09:16.663 15940 16420 I art     : Explicit concurrent mark sweep GC freed 3(96B) AllocSpace objects, 0(0B) LOS objects, 22% free, 53MB/69MB, paused 662us total 31.559ms
08-05 18:09:16.675 15940 16420 I art     : Starting a blocking GC Explicit
08-05 18:09:16.708 15940 16420 I art     : Explicit concurrent mark sweep GC freed 3(96B) AllocSpace objects, 0(0B) LOS objects, 22% free, 53MB/69MB, paused 696us total 32.990ms
08-05 18:09:17.044 15940 15952 I art     : Starting a blocking GC Explicit
08-05 18:09:17.083 15940 15952 I art     : Explicit concurrent mark sweep GC freed 1344(78KB) AllocSpace objects, 1(20KB) LOS objects, 22% free, 53MB/69MB, paused 714us total 39.078ms
08-05 18:09:17.097 15940 15952 I art     : Starting a blocking GC Explicit
08-05 18:09:17.130 15940 15952 I art     : Explicit concurrent mark sweep GC freed 20(704B) AllocSpace objects, 0(0B) LOS objects, 22% free, 53MB/69MB, paused 626us total 32.383ms
08-05 18:09:17.142 15940 15952 I art     : Starting a blocking GC Explicit
08-05 18:09:17.175 15940 15952 I art     : Explicit concurrent mark sweep GC freed 3(96B) AllocSpace objects, 0(0B) LOS objects, 22% free, 53MB/69MB, paused 673us total 32.830ms
08-05 18:09:17.187 15940 15952 I art     : Starting a blocking GC Explicit
08-05 18:09:17.220 15940 15952 I art     : Explicit concurrent mark sweep GC freed 3(96B) AllocSpace objects, 0(0B) LOS objects, 22% free, 53MB/69MB, paused 696us total 32.582ms
08-05 18:09:17.232 15940 15952 I art     : Starting a blocking GC Explicit
08-05 18:09:17.264 15940 15952 I art     : Explicit concurrent mark sweep GC freed 3(96B) AllocSpace objects, 0(0B) LOS objects, 22% free, 53MB/69MB, paused 677us total 31.689ms
08-05 18:09:17.611 15940 16974 I art     : Starting a blocking GC Explicit
08-05 18:09:17.653 15940 16974 I art     : Explicit concurrent mark sweep GC freed 1344(78KB) AllocSpace objects, 1(20KB) LOS objects, 22% free, 53MB/69MB, paused 751us total 41.531ms
08-05 18:09:17.669 15940 16974 I art     : Starting a blocking GC Explicit
08-05 18:09:17.703 15940 16974 I art     : Explicit concurrent mark sweep GC freed 20(704B) AllocSpace objects, 0(0B) LOS objects, 22% free, 53MB/69MB, paused 661us total 33.657ms
08-05 18:09:17.715 15940 16974 I art     : Starting a blocking GC Explicit
08-05 18:09:17.745 15940 16974 I art     : Explicit concurrent mark sweep GC freed 3(96B) AllocSpace objects, 0(0B) LOS objects, 22% free, 53MB/69MB, paused 633us total 29.664ms
08-05 18:09:17.757 15940 16974 I art     : Starting a blocking GC Explicit
08-05 18:09:17.790 15940 16974 I art     : Explicit concurrent mark sweep GC freed 3(96B) AllocSpace objects, 0(0B) LOS objects, 22% free, 53MB/69MB, paused 704us total 32.602ms
08-05 18:09:17.802 15940 16974 I art     : Starting a blocking GC Explicit
08-05 18:09:17.835 15940 16974 I art     : Explicit concurrent mark sweep GC freed 3(96B) AllocSpace objects, 0(0B) LOS objects, 22% free, 53MB/69MB, paused 688us total 32.566ms
08-05 18:09:18.170 15940 15953 I art     : Starting a blocking GC Explicit
08-05 18:09:18.211 15940 15953 I art     : Explicit concurrent mark sweep GC freed 1344(78KB) AllocSpace objects, 1(20KB) LOS objects, 22% free, 53MB/69MB, paused 690us total 40.999ms
08-05 18:09:18.228 15940 15953 I art     : Starting a blocking GC Explicit
08-05 18:09:18.259 15940 15953 I art     : Explicit concurrent mark sweep GC freed 20(704B) AllocSpace objects, 0(0B) LOS objects, 22% free, 53MB/69MB, paused 678us total 30.729ms
08-05 18:09:18.270 15940 15953 I art     : Starting a blocking GC Explicit
08-05 18:09:18.304 15940 15953 I art     : Explicit concurrent mark sweep GC freed 3(96B) AllocSpace objects, 0(0B) LOS objects, 22% free, 53MB/69MB, paused 657us total 33.020ms
08-05 18:09:18.316 15940 15953 I art     : Starting a blocking GC Explicit
08-05 18:09:18.349 15940 15953 I art     : Explicit concurrent mark sweep GC freed 3(96B) AllocSpace objects, 0(0B) LOS objects, 22% free, 53MB/69MB, paused 683us total 32.853ms
08-05 18:09:18.361 15940 15953 I art     : Starting a blocking GC Explicit
08-05 18:09:18.394 15940 15953 I art     : Explicit concurrent mark sweep GC freed 3(96B) AllocSpace objects, 0(0B) LOS objects, 22% free, 53MB/69MB, paused 676us total 32.944ms
08-05 18:09:18.739 15940 15971 I art     : Starting a blocking GC Explicit
08-05 18:09:18.769 15940 15971 I art     : Explicit concurrent mark sweep GC freed 1344(78KB) AllocSpace objects, 1(20KB) LOS objects, 22% free, 53MB/69MB, paused 688us total 29.525ms
08-05 18:09:18.780 15940 15971 I art     : Starting a blocking GC Explicit
08-05 18:09:18.809 15940 15971 I art     : Explicit concurrent mark sweep GC freed 20(704B) AllocSpace objects, 0(0B) LOS objects, 22% free, 53MB/69MB, paused 682us total 28.742ms
08-05 18:09:18.820 15940 15971 I art     : Starting a blocking GC Explicit
08-05 18:09:18.849 15940 15971 I art     : Explicit concurrent mark sweep GC freed 3(96B) AllocSpace objects, 0(0B) LOS objects, 22% free, 53MB/69MB, paused 652us total 28.393ms
08-05 18:09:18.860 15940 15971 I art     : Starting a blocking GC Explicit
08-05 18:09:18.890 15940 15971 I art     : Explicit concurrent mark sweep GC freed 3(96B) AllocSpace objects, 0(0B) LOS objects, 22% free, 53MB/69MB, paused 664us total 29.155ms
08-05 18:09:18.901 15940 15971 I art     : Starting a blocking GC Explicit
08-05 18:09:18.931 15940 15971 I art     : Explicit concurrent mark sweep GC freed 3(96B) AllocSpace objects, 0(0B) LOS objects, 22% free, 53MB/69MB, paused 685us total 29.424ms
08-05 18:09:19.243 15940 16420 I art     : Starting a blocking GC Explicit
08-05 18:09:19.276 19135 19135 D AndroidRuntime: >>>>>> START com.android.internal.os.RuntimeInit uid 2000 <<<<<<
08-05 18:09:19.278 15940 16420 I art     : Explicit concurrent mark sweep GC freed 1344(78KB) AllocSpace objects, 1(20KB) LOS objects, 22% free, 53MB/69MB, paused 778us total 34.392ms
08-05 18:09:19.282 19135 19135 D AndroidRuntime: CheckJNI is OFF
08-05 18:09:19.289 15940 16420 I art     : Starting a blocking GC Explicit
08-05 18:09:19.317 15940 16420 I art     : Explicit concurrent mark sweep GC freed 20(704B) AllocSpace objects, 0(0B) LOS objects, 22% free, 53MB/69MB, paused 740us total 27.575ms
08-05 18:09:19.325 19135 19135 D ICU     : No timezone override file found: /data/misc/zoneinfo/current/icu/icu_tzdata.dat
08-05 18:09:19.328 15940 16420 I art     : Starting a blocking GC Explicit
08-05 18:09:19.358 15940 16420 I art     : Explicit concurrent mark sweep GC freed 3(96B) AllocSpace objects, 0(0B) LOS objects, 22% free, 53MB/69MB, paused 708us total 30.208ms
08-05 18:09:19.370 15940 16420 I art     : Starting a blocking GC Explicit
08-05 18:09:19.371 19135 19135 I Radio-JNI: register_android_hardware_Radio DONE
08-05 18:09:19.400 19135 19135 D AndroidRuntime: Calling main entry com.android.commands.input.Input
08-05 18:09:19.401 15940 16420 I art     : Explicit concurrent mark sweep GC freed 3(96B) AllocSpace objects, 0(0B) LOS objects, 22% free, 53MB/69MB, paused 727us total 31.102ms
08-05 18:09:19.402 19135 19135 I Input   : injectKeyEvent: KeyEvent { action=ACTION_DOWN, keyCode=KEYCODE_BACK, scanCode=0, metaState=0, flags=0x0, repeatCount=0, eventTime=814175815, downTime=814175815, deviceId=-1, source=0x101 }
08-05 18:09:19.409 19135 19135 I Input   : injectKeyEvent: KeyEvent { action=ACTION_UP, keyCode=KEYCODE_BACK, scanCode=0, metaState=0, flags=0x0, repeatCount=0, eventTime=814175815, downTime=814175815, deviceId=-1, source=0x101 }
08-05 18:09:19.412 15940 16420 I art     : Starting a blocking GC Explicit
08-05 18:09:19.415 19135 19135 D AndroidRuntime: Shutting down VM
08-05 18:09:19.440 15940 16420 I art     : Explicit concurrent mark sweep GC freed 144(6KB) AllocSpace objects, 0(0B) LOS objects, 22% free, 53MB/69MB, paused 661us total 27.553ms
08-05 18:09:19.458 13866 13866 I GoogleInputMethodServic: GoogleInputMethodService.onFinishInput():3138 
08-05 18:09:19.458 13866 13866 I GoogleInputMethodServic: GoogleInputMethodService.onStartInput():1808 
08-05 18:09:19.729 15940 16420 I art     : Starting a blocking GC Explicit
08-05 18:09:19.760 15940 16420 I art     : Explicit concurrent mark sweep GC freed 1383(79KB) AllocSpace objects, 1(20KB) LOS objects, 22% free, 53MB/69MB, paused 620us total 30.594ms
08-05 18:09:19.773 15940 16420 I art     : Starting a blocking GC Explicit
08-05 18:09:19.785   380   380 W SurfaceFlinger: couldn't log to binary event log: overflow.
08-05 18:09:19.803 15940 16420 I art     : Explicit concurrent mark sweep GC freed 119(8KB) AllocSpace objects, 0(0B) LOS objects, 22% free, 53MB/69MB, paused 661us total 29.608ms
08-05 18:09:19.813 15940 16420 I art     : Starting a blocking GC Explicit
08-05 18:09:19.841 15940 16420 I art     : Explicit concurrent mark sweep GC freed 19(816B) AllocSpace objects, 0(0B) LOS objects, 22% free, 53MB/69MB, paused 651us total 27.071ms
08-05 18:09:19.852 15940 16420 I art     : Starting a blocking GC Explicit
08-05 18:09:19.879 15940 16420 I art     : Explicit concurrent mark sweep GC freed 1654(107KB) AllocSpace objects, 3(184KB) LOS objects, 23% free, 53MB/69MB, paused 637us total 27.248ms
08-05 18:09:19.890 15940 16420 I art     : Starting a blocking GC Explicit
08-05 18:09:19.919 15940 16420 I art     : Explicit concurrent mark sweep GC freed 3(96B) AllocSpace objects, 0(0B) LOS objects, 23% free, 53MB/69MB, paused 673us total 28.568ms
08-05 18:09:20.235 15940 15952 I art     : Starting a blocking GC Explicit
08-05 18:09:20.271 15940 15952 I art     : Explicit concurrent mark sweep GC freed 1344(78KB) AllocSpace objects, 1(20KB) LOS objects, 23% free, 53MB/69MB, paused 708us total 36.535ms
08-05 18:09:20.284 15940 15952 I art     : Starting a blocking GC Explicit
08-05 18:09:20.314 15940 15952 I art     : Explicit concurrent mark sweep GC freed 20(704B) AllocSpace objects, 0(0B) LOS objects, 23% free, 53MB/69MB, paused 670us total 29.568ms
08-05 18:09:20.326 15940 15952 I art     : Starting a blocking GC Explicit
08-05 18:09:20.355 15940 15952 I art     : Explicit concurrent mark sweep GC freed 3(96B) AllocSpace objects, 0(0B) LOS objects, 23% free, 53MB/69MB, paused 853us total 29.427ms
08-05 18:09:20.367 15940 15952 I art     : Starting a blocking GC Explicit
08-05 18:09:20.397 15940 15952 I art     : Explicit concurrent mark sweep GC freed 3(96B) AllocSpace objects, 0(0B) LOS objects, 23% free, 53MB/69MB, paused 735us total 29.528ms
08-05 18:09:20.409 15940 15952 I art     : Starting a blocking GC Explicit
08-05 18:09:20.438 15940 15952 I art     : Explicit concurrent mark sweep GC freed 3(96B) AllocSpace objects, 0(0B) LOS objects, 23% free, 53MB/69MB, paused 690us total 29.245ms
08-05 18:09:20.753 15940 15971 I art     : Starting a blocking GC Explicit
08-05 18:09:20.787 15940 15971 I art     : Explicit concurrent mark sweep GC freed 1365(79KB) AllocSpace objects, 1(20KB) LOS objects, 23% free, 53MB/69MB, paused 712us total 34.290ms
08-05 18:09:20.804 15940 15971 I art     : Starting a blocking GC Explicit
08-05 18:09:20.833 15940 15971 I art     : Explicit concurrent mark sweep GC freed 36(1216B) AllocSpace objects, 0(0B) LOS objects, 23% free, 53MB/69MB, paused 638us total 28.081ms
08-05 18:09:20.844 15940 15971 I art     : Starting a blocking GC Explicit
08-05 18:09:20.872 15940 15971 I art     : Explicit concurrent mark sweep GC freed 3(96B) AllocSpace objects, 0(0B) LOS objects, 23% free, 53MB/69MB, paused 643us total 28.105ms
08-05 18:09:20.883 15940 15971 I art     : Starting a blocking GC Explicit
08-05 18:09:20.912 15940 15971 I art     : Explicit concurrent mark sweep GC freed 3(96B) AllocSpace objects, 0(0B) LOS objects, 23% free, 53MB/69MB, paused 639us total 28.051ms
08-05 18:09:20.923 15940 15971 I art     : Starting a blocking GC Explicit
08-05 18:09:20.952 15940 15971 I art     : Explicit concurrent mark sweep GC freed 3(96B) AllocSpace objects, 0(0B) LOS objects, 23% free, 53MB/69MB, paused 654us total 28.851ms
08-05 18:09:21.227 19185 19185 D AndroidRuntime: >>>>>> START com.android.internal.os.RuntimeInit uid 2000 <<<<<<
08-05 18:09:21.233 19185 19185 D AndroidRuntime: CheckJNI is OFF
08-05 18:09:21.261 15940 15953 I art     : Starting a blocking GC Explicit
08-05 18:09:21.283 19185 19185 D ICU     : No timezone override file found: /data/misc/zoneinfo/current/icu/icu_tzdata.dat
08-05 18:09:21.293 15940 15953 I art     : Explicit concurrent mark sweep GC freed 1344(78KB) AllocSpace objects, 1(20KB) LOS objects, 23% free, 53MB/69MB, paused 650us total 31.962ms
08-05 18:09:21.304 15940 15953 I art     : Starting a blocking GC Explicit
08-05 18:09:21.327 19185 19185 I Radio-JNI: register_android_hardware_Radio DONE
08-05 18:09:21.333 15940 15953 I art     : Explicit concurrent mark sweep GC freed 20(704B) AllocSpace objects, 0(0B) LOS objects, 23% free, 53MB/69MB, paused 668us total 28.518ms
08-05 18:09:21.344 15940 15953 I art     : Starting a blocking GC Explicit
08-05 18:09:21.357 19185 19185 D AndroidRuntime: Calling main entry com.android.commands.input.Input
08-05 18:09:21.360 19185 19185 I Input   : injectMotionEvent: MotionEvent { action=ACTION_DOWN, actionButton=0, id[0]=0, x[0]=1012.0, y[0]=1152.0, toolType[0]=TOOL_TYPE_UNKNOWN, buttonState=0, metaState=0, flags=0x0, edgeFlags=0x0, pointerCount=1, historySize=0, eventTime=814177772, downTime=814177772, deviceId=0, source=0x1002 }
08-05 18:09:21.366 19185 19185 I Input   : injectMotionEvent: MotionEvent { action=ACTION_UP, actionButton=0, id[0]=0, x[0]=1012.0, y[0]=1152.0, toolType[0]=TOOL_TYPE_UNKNOWN, buttonState=0, metaState=0, flags=0x0, edgeFlags=0x0, pointerCount=1, historySize=0, eventTime=814177772, downTime=814177772, deviceId=0, source=0x1002 }
08-05 18:09:21.367   918  3359 I ActivityManager: START u0 {cmp=baseline.appteam.nith.hillffair/.activities.ClubActivity (has extras)} from uid 10675 on display 0
08-05 18:09:21.373 15940 15953 I art     : Explicit concurrent mark sweep GC freed 3(96B) AllocSpace objects, 0(0B) LOS objects, 23% free, 53MB/69MB, paused 822us total 28.759ms
08-05 18:09:21.379 19185 19185 D AndroidRuntime: Shutting down VM
08-05 18:09:21.386 15940 15953 I art     : Starting a blocking GC Explicit
08-05 18:09:21.415 15940 15953 I art     : Explicit concurrent mark sweep GC freed 2418(132KB) AllocSpace objects, 0(0B) LOS objects, 23% free, 53MB/69MB, paused 1.006ms total 29.358ms
08-05 18:09:21.427 15940 15953 I art     : Starting a blocking GC Explicit
08-05 18:09:21.455 15940 15953 I art     : Explicit concurrent mark sweep GC freed 1064(87KB) AllocSpace objects, 0(0B) LOS objects, 23% free, 53MB/69MB, paused 691us total 27.310ms
08-05 18:09:21.481   918   936 I ActivityManager: Displayed baseline.appteam.nith.hillffair/.activities.ClubActivity: +101ms
08-05 18:09:21.481 13866 13866 I GoogleInputMethodServic: GoogleInputMethodService.onFinishInput():3138 
08-05 18:09:21.482 13866 13866 I GoogleInputMethodServic: GoogleInputMethodService.onStartInput():1808 
08-05 18:09:21.727 15940 16420 I art     : Starting a blocking GC Explicit
08-05 18:09:21.737   380   380 W SurfaceFlinger: couldn't log to binary event log: overflow.
08-05 18:09:21.755 15940 16420 I art     : Explicit concurrent mark sweep GC freed 1662(93KB) AllocSpace objects, 1(20KB) LOS objects, 22% free, 53MB/69MB, paused 657us total 27.477ms
08-05 18:09:21.765 15940 16420 I art     : Starting a blocking GC Explicit
08-05 18:09:21.791 15940 16420 I art     : Explicit concurrent mark sweep GC freed 34(1168B) AllocSpace objects, 0(0B) LOS objects, 22% free, 53MB/69MB, paused 644us total 25.344ms
08-05 18:09:21.802 15940 16420 I art     : Starting a blocking GC Explicit
08-05 18:09:21.828 15940 16420 I art     : Explicit concurrent mark sweep GC freed 3(96B) AllocSpace objects, 0(0B) LOS objects, 22% free, 53MB/69MB, paused 696us total 26.133ms
08-05 18:09:21.839 15940 16420 I art     : Starting a blocking GC Explicit
08-05 18:09:21.867 15940 16420 I art     : Explicit concurrent mark sweep GC freed 97(5KB) AllocSpace objects, 0(0B) LOS objects, 22% free, 53MB/69MB, paused 787us total 28.214ms
08-05 18:09:21.879 15940 16420 I art     : Starting a blocking GC Explicit
08-05 18:09:21.905 15940 16420 I art     : Explicit concurrent mark sweep GC freed 21(832B) AllocSpace objects, 0(0B) LOS objects, 22% free, 53MB/69MB, paused 843us total 26.347ms
08-05 18:09:21.979 15940 19212 D OkHttp  : --> GET https://api-hillfair-2k16.herokuapp.com/api/app/club/Design%20and%20Decoration%20Club http/1.1
08-05 18:09:22.023 15940 19212 D OkHttp  : <-- 200 OK https://api-hillfair-2k16.herokuapp.com/api/app/club/Design%20and%20Decoration%20Club (43ms, 760-byte body)
08-05 18:09:22.073 15940 15940 I NAPPA_EXPERIMENTATION: MetricNetworkRequestExecutionTime: REQUEST_DURATION_SYSTEM='662',REQUEST_DURATION_OKHTTP='43',REQUEST_SYNCHRONOUS='FALSE',RESPONSE_CODE='200',RESPONSE_METHOD='GET',RESPONSE_LENGTH_OKHTTP='760',RESPONSE_LENGTH_HEADER='760',REQUEST_PROTOCOL='http/1.1',REQUEST_URL='https://api-hillfair-2k16.herokuapp.com/api/app/club/Design%20and%20Decoration%20Club',
08-05 18:09:22.203 15940 15971 I art     : Starting a blocking GC Explicit
08-05 18:09:22.238 15940 15971 I art     : Explicit concurrent mark sweep GC freed 4807(338KB) AllocSpace objects, 4(220KB) LOS objects, 22% free, 53MB/69MB, paused 766us total 34.779ms
08-05 18:09:22.251 15940 15971 I art     : Starting a blocking GC Explicit
08-05 18:09:22.281 15940 15971 I art     : Explicit concurrent mark sweep GC freed 1035(119KB) AllocSpace objects, 0(0B) LOS objects, 22% free, 53MB/69MB, paused 722us total 29.989ms
08-05 18:09:22.293 15940 15971 I art     : Starting a blocking GC Explicit
08-05 18:09:22.322 15940 15971 I art     : Explicit concurrent mark sweep GC freed 3(96B) AllocSpace objects, 0(0B) LOS objects, 22% free, 53MB/69MB, paused 800us total 29.265ms
08-05 18:09:22.334 15940 15971 I art     : Starting a blocking GC Explicit
08-05 18:09:22.363 15940 15971 I art     : Explicit concurrent mark sweep GC freed 3(96B) AllocSpace objects, 0(0B) LOS objects, 22% free, 53MB/69MB, paused 663us total 29.164ms
08-05 18:09:22.375 15940 15971 I art     : Starting a blocking GC Explicit
08-05 18:09:22.405 15940 15971 I art     : Explicit concurrent mark sweep GC freed 3(96B) AllocSpace objects, 0(0B) LOS objects, 22% free, 53MB/69MB, paused 749us total 30.290ms
08-05 18:09:22.712 15940 15953 I art     : Starting a blocking GC Explicit
08-05 18:09:22.750 15940 15953 I art     : Explicit concurrent mark sweep GC freed 1344(78KB) AllocSpace objects, 1(20KB) LOS objects, 22% free, 53MB/69MB, paused 692us total 37.119ms
08-05 18:09:22.762 15940 15953 I art     : Starting a blocking GC Explicit
08-05 18:09:22.774 12013 12013 I ServiceManager: Waiting for service AtCmdFwd...
08-05 18:09:22.792 15940 15953 I art     : Explicit concurrent mark sweep GC freed 36(1264B) AllocSpace objects, 0(0B) LOS objects, 22% free, 53MB/69MB, paused 672us total 30.070ms
08-05 18:09:22.803 15940 15953 I art     : Starting a blocking GC Explicit
08-05 18:09:22.834 15940 15953 I art     : Explicit concurrent mark sweep GC freed 3(96B) AllocSpace objects, 0(0B) LOS objects, 22% free, 53MB/69MB, paused 748us total 30.602ms
08-05 18:09:22.846 15940 15953 I art     : Starting a blocking GC Explicit
08-05 18:09:22.876 15940 15953 I art     : Explicit concurrent mark sweep GC freed 3(96B) AllocSpace objects, 0(0B) LOS objects, 22% free, 53MB/69MB, paused 686us total 30.107ms
08-05 18:09:22.888 15940 15953 I art     : Starting a blocking GC Explicit
08-05 18:09:22.919 15940 15953 I art     : Explicit concurrent mark sweep GC freed 3(96B) AllocSpace objects, 0(0B) LOS objects, 22% free, 53MB/69MB, paused 685us total 30.212ms
08-05 18:09:23.246 15940 15971 I art     : Starting a blocking GC Explicit
08-05 18:09:23.290 15940 15971 I art     : Explicit concurrent mark sweep GC freed 1344(78KB) AllocSpace objects, 1(20KB) LOS objects, 22% free, 53MB/69MB, paused 802us total 43.374ms
08-05 18:09:23.310 15940 15971 I art     : Starting a blocking GC Explicit
08-05 18:09:23.341 15940 15971 I art     : Explicit concurrent mark sweep GC freed 20(704B) AllocSpace objects, 0(0B) LOS objects, 22% free, 53MB/69MB, paused 696us total 31.262ms
08-05 18:09:23.353 15940 15971 I art     : Starting a blocking GC Explicit
08-05 18:09:23.387 15940 15971 I art     : Explicit concurrent mark sweep GC freed 3(96B) AllocSpace objects, 0(0B) LOS objects, 22% free, 53MB/69MB, paused 770us total 33.886ms
08-05 18:09:23.399 15940 15971 I art     : Starting a blocking GC Explicit
08-05 18:09:23.432 15940 15971 I art     : Explicit concurrent mark sweep GC freed 3(96B) AllocSpace objects, 0(0B) LOS objects, 22% free, 53MB/69MB, paused 660us total 32.559ms
08-05 18:09:23.444 15940 15971 I art     : Starting a blocking GC Explicit
08-05 18:09:23.477 15940 15971 I art     : Explicit concurrent mark sweep GC freed 3(96B) AllocSpace objects, 0(0B) LOS objects, 22% free, 53MB/69MB, paused 700us total 32.453ms
08-05 18:09:23.774 12013 12013 I ServiceManager: Waiting for service AtCmdFwd...
08-05 18:09:23.801 15940 16974 I art     : Starting a blocking GC Explicit
08-05 18:09:23.841 15940 16974 I art     : Explicit concurrent mark sweep GC freed 1344(78KB) AllocSpace objects, 1(20KB) LOS objects, 22% free, 53MB/69MB, paused 860us total 38.576ms
08-05 18:09:23.854 15940 16974 I art     : Starting a blocking GC Explicit
08-05 18:09:23.888 15940 16974 I art     : Explicit concurrent mark sweep GC freed 20(704B) AllocSpace objects, 0(0B) LOS objects, 22% free, 53MB/69MB, paused 745us total 33.828ms
08-05 18:09:23.900 15940 16974 I art     : Starting a blocking GC Explicit
08-05 18:09:23.933 15940 16974 I art     : Explicit concurrent mark sweep GC freed 3(96B) AllocSpace objects, 0(0B) LOS objects, 22% free, 53MB/69MB, paused 655us total 32.675ms
08-05 18:09:23.945 15940 16974 I art     : Starting a blocking GC Explicit
08-05 18:09:23.978 15940 16974 I art     : Explicit concurrent mark sweep GC freed 3(96B) AllocSpace objects, 0(0B) LOS objects, 22% free, 53MB/69MB, paused 731us total 32.632ms
08-05 18:09:23.990 15940 16974 I art     : Starting a blocking GC Explicit
08-05 18:09:24.024 15940 16974 I art     : Explicit concurrent mark sweep GC freed 3(96B) AllocSpace objects, 0(0B) LOS objects, 22% free, 53MB/69MB, paused 691us total 33.987ms
08-05 18:09:24.351 15940 15952 I art     : Starting a blocking GC Explicit
08-05 18:09:24.391 15940 15952 I art     : Explicit concurrent mark sweep GC freed 1344(78KB) AllocSpace objects, 1(20KB) LOS objects, 22% free, 53MB/69MB, paused 731us total 39.191ms
08-05 18:09:24.405 15940 15952 I art     : Starting a blocking GC Explicit
08-05 18:09:24.441 15940 15952 I art     : Explicit concurrent mark sweep GC freed 20(704B) AllocSpace objects, 0(0B) LOS objects, 22% free, 53MB/69MB, paused 780us total 35.596ms
08-05 18:09:24.453 15940 15952 I art     : Starting a blocking GC Explicit
08-05 18:09:24.487 15940 15952 I art     : Explicit concurrent mark sweep GC freed 3(96B) AllocSpace objects, 0(0B) LOS objects, 22% free, 53MB/69MB, paused 753us total 33.094ms
08-05 18:09:24.499 15940 15952 I art     : Starting a blocking GC Explicit
08-05 18:09:24.530 15940 15952 I art     : Explicit concurrent mark sweep GC freed 3(96B) AllocSpace objects, 0(0B) LOS objects, 22% free, 53MB/69MB, paused 682us total 30.793ms
08-05 18:09:24.541 15940 15952 I art     : Starting a blocking GC Explicit
08-05 18:09:24.572 15940 15952 I art     : Explicit concurrent mark sweep GC freed 3(96B) AllocSpace objects, 0(0B) LOS objects, 22% free, 53MB/69MB, paused 686us total 30.793ms
08-05 18:09:24.775 12013 12013 I ServiceManager: Waiting for service AtCmdFwd...
08-05 18:09:24.889 15940 16420 I art     : Starting a blocking GC Explicit
08-05 18:09:24.931 15940 16420 I art     : Explicit concurrent mark sweep GC freed 1344(78KB) AllocSpace objects, 1(20KB) LOS objects, 22% free, 53MB/69MB, paused 703us total 41.490ms
08-05 18:09:24.946 15940 16420 I art     : Starting a blocking GC Explicit
08-05 18:09:24.977 15940 16420 I art     : Explicit concurrent mark sweep GC freed 20(704B) AllocSpace objects, 0(0B) LOS objects, 22% free, 53MB/69MB, paused 792us total 31.472ms
08-05 18:09:24.989 15940 16420 I art     : Starting a blocking GC Explicit
08-05 18:09:25.023 15940 16420 I art     : Explicit concurrent mark sweep GC freed 3(96B) AllocSpace objects, 0(0B) LOS objects, 22% free, 53MB/69MB, paused 697us total 33.482ms
08-05 18:09:25.035 15940 16420 I art     : Starting a blocking GC Explicit
08-05 18:09:25.069 15940 16420 I art     : Explicit concurrent mark sweep GC freed 3(96B) AllocSpace objects, 0(0B) LOS objects, 22% free, 53MB/69MB, paused 706us total 33.596ms
08-05 18:09:25.081 15940 16420 I art     : Starting a blocking GC Explicit
08-05 18:09:25.114 15940 16420 I art     : Explicit concurrent mark sweep GC freed 3(96B) AllocSpace objects, 0(0B) LOS objects, 22% free, 53MB/69MB, paused 693us total 33.236ms
08-05 18:09:25.464 15940 15953 I art     : Starting a blocking GC Explicit
08-05 18:09:25.502 15940 15953 I art     : Explicit concurrent mark sweep GC freed 1344(78KB) AllocSpace objects, 1(20KB) LOS objects, 22% free, 53MB/69MB, paused 741us total 37.584ms
08-05 18:09:25.517 15940 15953 I art     : Starting a blocking GC Explicit
08-05 18:09:25.554 15940 15953 I art     : Explicit concurrent mark sweep GC freed 20(704B) AllocSpace objects, 0(0B) LOS objects, 22% free, 53MB/69MB, paused 701us total 36.747ms
08-05 18:09:25.566 15940 15953 I art     : Starting a blocking GC Explicit
08-05 18:09:25.598 15940 15953 I art     : Explicit concurrent mark sweep GC freed 3(96B) AllocSpace objects, 0(0B) LOS objects, 22% free, 53MB/69MB, paused 720us total 31.739ms
08-05 18:09:25.610 15940 15953 I art     : Starting a blocking GC Explicit
08-05 18:09:25.641 15940 15953 I art     : Explicit concurrent mark sweep GC freed 3(96B) AllocSpace objects, 0(0B) LOS objects, 22% free, 53MB/69MB, paused 674us total 30.519ms
08-05 18:09:25.653 15940 15953 I art     : Starting a blocking GC Explicit
08-05 18:09:25.682 15940 15953 I art     : Explicit concurrent mark sweep GC freed 3(96B) AllocSpace objects, 0(0B) LOS objects, 22% free, 53MB/69MB, paused 624us total 28.872ms
08-05 18:09:25.775 12013 12013 I ServiceManager: Waiting for service AtCmdFwd...
08-05 18:09:25.993 15940 15971 I art     : Starting a blocking GC Explicit
08-05 18:09:26.031 15940 15971 I art     : Explicit concurrent mark sweep GC freed 1344(78KB) AllocSpace objects, 1(20KB) LOS objects, 22% free, 53MB/69MB, paused 719us total 38.503ms
08-05 18:09:26.047 15940 15971 I art     : Starting a blocking GC Explicit
08-05 18:09:26.078 15940 15971 I art     : Explicit concurrent mark sweep GC freed 20(704B) AllocSpace objects, 0(0B) LOS objects, 22% free, 53MB/69MB, paused 713us total 31.211ms
08-05 18:09:26.090 15940 15971 I art     : Starting a blocking GC Explicit
08-05 18:09:26.122 15940 15971 I art     : Explicit concurrent mark sweep GC freed 3(96B) AllocSpace objects, 0(0B) LOS objects, 22% free, 53MB/69MB, paused 699us total 31.128ms
08-05 18:09:26.133 15940 15971 I art     : Starting a blocking GC Explicit
08-05 18:09:26.165 15940 15971 I art     : Explicit concurrent mark sweep GC freed 3(96B) AllocSpace objects, 0(0B) LOS objects, 22% free, 53MB/69MB, paused 716us total 31.074ms
08-05 18:09:26.177 15940 15971 I art     : Starting a blocking GC Explicit
08-05 18:09:26.193 19296 19296 D AndroidRuntime: >>>>>> START com.android.internal.os.RuntimeInit uid 2000 <<<<<<
08-05 18:09:26.198 19296 19296 D AndroidRuntime: CheckJNI is OFF
08-05 18:09:26.208 15940 15971 I art     : Explicit concurrent mark sweep GC freed 3(96B) AllocSpace objects, 0(0B) LOS objects, 22% free, 53MB/69MB, paused 838us total 30.791ms
08-05 18:09:26.244 19296 19296 D ICU     : No timezone override file found: /data/misc/zoneinfo/current/icu/icu_tzdata.dat
08-05 18:09:26.290 19296 19296 I Radio-JNI: register_android_hardware_Radio DONE
08-05 18:09:26.322 19296 19296 D AndroidRuntime: Calling main entry com.android.commands.input.Input
08-05 18:09:26.325 19296 19296 I Input   : injectKeyEvent: KeyEvent { action=ACTION_DOWN, keyCode=KEYCODE_BACK, scanCode=0, metaState=0, flags=0x0, repeatCount=0, eventTime=814182737, downTime=814182737, deviceId=-1, source=0x101 }
08-05 18:09:26.333 19296 19296 I Input   : injectKeyEvent: KeyEvent { action=ACTION_UP, keyCode=KEYCODE_BACK, scanCode=0, metaState=0, flags=0x0, repeatCount=0, eventTime=814182737, downTime=814182737, deviceId=-1, source=0x101 }
08-05 18:09:26.341 19296 19296 D AndroidRuntime: Shutting down VM
08-05 18:09:26.382 13866 13866 I GoogleInputMethodServic: GoogleInputMethodService.onFinishInput():3138 
08-05 18:09:26.383 13866 13866 I GoogleInputMethodServic: GoogleInputMethodService.onStartInput():1808 
08-05 18:09:26.496 15940 15953 I art     : Starting a blocking GC Explicit
08-05 18:09:26.527 15940 15953 I art     : Explicit concurrent mark sweep GC freed 1526(86KB) AllocSpace objects, 1(20KB) LOS objects, 22% free, 53MB/69MB, paused 731us total 30.664ms
08-05 18:09:26.543 15940 15953 I art     : Starting a blocking GC Explicit
08-05 18:09:26.573   918  3188 I hubconnection: sensorhub said: 'set_bias 3: -6.2400, 0.0000, 0.0000'
08-05 18:09:26.578 15940 15953 I art     : Explicit concurrent mark sweep GC freed 26(944B) AllocSpace objects, 0(0B) LOS objects, 22% free, 53MB/69MB, paused 692us total 34.807ms
08-05 18:09:26.593 15940 15953 I art     : Starting a blocking GC Explicit
08-05 18:09:26.626 15940 15953 I art     : Explicit concurrent mark sweep GC freed 3(96B) AllocSpace objects, 0(0B) LOS objects, 22% free, 53MB/69MB, paused 607us total 31.965ms
08-05 18:09:26.639 15940 15953 I art     : Starting a blocking GC Explicit
08-05 18:09:26.675 15940 15953 I art     : Explicit concurrent mark sweep GC freed 3(96B) AllocSpace objects, 0(0B) LOS objects, 22% free, 53MB/69MB, paused 682us total 35.210ms
08-05 18:09:26.687 15940 15953 I art     : Starting a blocking GC Explicit
08-05 18:09:26.692   380   380 W SurfaceFlinger: couldn't log to binary event log: overflow.
08-05 18:09:26.716 15940 15953 I art     : Explicit concurrent mark sweep GC freed 111(8KB) AllocSpace objects, 0(0B) LOS objects, 22% free, 53MB/69MB, paused 633us total 29.065ms
08-05 18:09:26.776 12013 12013 I ServiceManager: Waiting for service AtCmdFwd...
08-05 18:09:27.036 15940 15971 I art     : Starting a blocking GC Explicit
08-05 18:09:27.077 15940 15971 I art     : Explicit concurrent mark sweep GC freed 1453(84KB) AllocSpace objects, 1(20KB) LOS objects, 22% free, 53MB/69MB, paused 755us total 41.061ms
08-05 18:09:27.092 15940 15971 I art     : Starting a blocking GC Explicit
08-05 18:09:27.124 15940 15971 I art     : Explicit concurrent mark sweep GC freed 1563(102KB) AllocSpace objects, 3(180KB) LOS objects, 23% free, 53MB/69MB, paused 686us total 31.207ms
08-05 18:09:27.135 15940 15971 I art     : Starting a blocking GC Explicit
08-05 18:09:27.165 15940 15971 I art     : Explicit concurrent mark sweep GC freed 3(96B) AllocSpace objects, 0(0B) LOS objects, 23% free, 53MB/69MB, paused 632us total 29.785ms
08-05 18:09:27.177 15940 15971 I art     : Starting a blocking GC Explicit
08-05 18:09:27.207 15940 15971 I art     : Explicit concurrent mark sweep GC freed 3(96B) AllocSpace objects, 0(0B) LOS objects, 23% free, 53MB/69MB, paused 744us total 29.840ms
08-05 18:09:27.219 15940 15971 I art     : Starting a blocking GC Explicit
08-05 18:09:27.249 15940 15971 I art     : Explicit concurrent mark sweep GC freed 3(96B) AllocSpace objects, 0(0B) LOS objects, 23% free, 53MB/69MB, paused 679us total 29.753ms
08-05 18:09:27.566 15940 16974 I art     : Starting a blocking GC Explicit
08-05 18:09:27.601 15940 16974 I art     : Explicit concurrent mark sweep GC freed 1344(78KB) AllocSpace objects, 1(20KB) LOS objects, 23% free, 53MB/69MB, paused 715us total 34.285ms
08-05 18:09:27.612 15940 16974 I art     : Starting a blocking GC Explicit
08-05 18:09:27.641 15940 16974 I art     : Explicit concurrent mark sweep GC freed 20(704B) AllocSpace objects, 0(0B) LOS objects, 23% free, 53MB/69MB, paused 764us total 28.475ms
08-05 18:09:27.652 15940 16974 I art     : Starting a blocking GC Explicit
08-05 18:09:27.681 15940 16974 I art     : Explicit concurrent mark sweep GC freed 3(96B) AllocSpace objects, 0(0B) LOS objects, 23% free, 53MB/69MB, paused 673us total 28.650ms
08-05 18:09:27.692 15940 16974 I art     : Starting a blocking GC Explicit
08-05 18:09:27.721 15940 16974 I art     : Explicit concurrent mark sweep GC freed 3(96B) AllocSpace objects, 0(0B) LOS objects, 23% free, 53MB/69MB, paused 683us total 28.643ms
08-05 18:09:27.733 15940 16974 I art     : Starting a blocking GC Explicit
08-05 18:09:27.762 15940 16974 I art     : Explicit concurrent mark sweep GC freed 3(96B) AllocSpace objects, 0(0B) LOS objects, 23% free, 53MB/69MB, paused 668us total 28.613ms
08-05 18:09:27.776 12013 12013 W Atfwd_Sendcmd: AtCmdFwd service not published, waiting... retryCnt : 3
08-05 18:09:28.071 15940 15952 I art     : Starting a blocking GC Explicit
08-05 18:09:28.105 15940 15952 I art     : Explicit concurrent mark sweep GC freed 1344(78KB) AllocSpace objects, 1(20KB) LOS objects, 23% free, 53MB/69MB, paused 771us total 34.484ms
08-05 18:09:28.120 15940 15952 I art     : Starting a blocking GC Explicit
08-05 18:09:28.124 19349 19349 D AndroidRuntime: >>>>>> START com.android.internal.os.RuntimeInit uid 2000 <<<<<<
08-05 18:09:28.130 19349 19349 D AndroidRuntime: CheckJNI is OFF
08-05 18:09:28.150 15940 15952 I art     : Explicit concurrent mark sweep GC freed 20(704B) AllocSpace objects, 0(0B) LOS objects, 23% free, 53MB/69MB, paused 700us total 30.428ms
08-05 18:09:28.162 15940 15952 I art     : Starting a blocking GC Explicit
08-05 18:09:28.178 19349 19349 D ICU     : No timezone override file found: /data/misc/zoneinfo/current/icu/icu_tzdata.dat
08-05 18:09:28.192 15940 15952 I art     : Explicit concurrent mark sweep GC freed 3(96B) AllocSpace objects, 0(0B) LOS objects, 23% free, 53MB/69MB, paused 716us total 30.565ms
08-05 18:09:28.204 15940 15952 I art     : Starting a blocking GC Explicit
08-05 18:09:28.225 19349 19349 I Radio-JNI: register_android_hardware_Radio DONE
08-05 18:09:28.234 15940 15952 I art     : Explicit concurrent mark sweep GC freed 3(96B) AllocSpace objects, 0(0B) LOS objects, 23% free, 53MB/69MB, paused 752us total 29.927ms
08-05 18:09:28.246 15940 15952 I art     : Starting a blocking GC Explicit
08-05 18:09:28.255 19349 19349 D AndroidRuntime: Calling main entry com.android.commands.input.Input
08-05 18:09:28.257 19349 19349 I Input   : injectMotionEvent: MotionEvent { action=ACTION_DOWN, actionButton=0, id[0]=0, x[0]=255.0, y[0]=1845.0, toolType[0]=TOOL_TYPE_UNKNOWN, buttonState=0, metaState=0, flags=0x0, edgeFlags=0x0, pointerCount=1, historySize=0, eventTime=814184669, downTime=814184669, deviceId=0, source=0x1002 }
08-05 18:09:28.263 19349 19349 I Input   : injectMotionEvent: MotionEvent { action=ACTION_UP, actionButton=0, id[0]=0, x[0]=255.0, y[0]=1845.0, toolType[0]=TOOL_TYPE_UNKNOWN, buttonState=0, metaState=0, flags=0x0, edgeFlags=0x0, pointerCount=1, historySize=0, eventTime=814184669, downTime=814184669, deviceId=0, source=0x1002 }
08-05 18:09:28.265   918  5952 I ActivityManager: START u0 {cmp=baseline.appteam.nith.hillffair/.activities.ClubActivity (has extras)} from uid 10675 on display 0
08-05 18:09:28.274 15940 15952 I art     : Explicit concurrent mark sweep GC freed 3(96B) AllocSpace objects, 0(0B) LOS objects, 23% free, 53MB/69MB, paused 817us total 28.013ms
08-05 18:09:28.275 19349 19349 D AndroidRuntime: Shutting down VM
08-05 18:09:28.290   918   937 W ProcessCpuTracker: Skipping unknown process pid 19359
08-05 18:09:28.388   918   936 I ActivityManager: Displayed baseline.appteam.nith.hillffair/.activities.ClubActivity: +112ms
08-05 18:09:28.388 13866 13866 I GoogleInputMethodServic: GoogleInputMethodService.onFinishInput():3138 
08-05 18:09:28.389 13866 13866 I GoogleInputMethodServic: GoogleInputMethodService.onStartInput():1808 
08-05 18:09:28.562 15940 15952 I art     : Starting a blocking GC Explicit
08-05 18:09:28.599 15940 15952 I art     : Explicit concurrent mark sweep GC freed 4996(308KB) AllocSpace objects, 1(20KB) LOS objects, 22% free, 53MB/69MB, paused 812us total 36.561ms
08-05 18:09:28.612 15940 15952 I art     : Starting a blocking GC Explicit
08-05 18:09:28.629   380   380 W SurfaceFlinger: couldn't log to binary event log: overflow.
08-05 18:09:28.646 15940 15952 I art     : Explicit concurrent mark sweep GC freed 218(10KB) AllocSpace objects, 0(0B) LOS objects, 22% free, 53MB/69MB, paused 759us total 33.839ms
08-05 18:09:28.658 15940 15952 I art     : Starting a blocking GC Explicit
08-05 18:09:28.685 15940 15952 I art     : Explicit concurrent mark sweep GC freed 3(96B) AllocSpace objects, 0(0B) LOS objects, 22% free, 53MB/69MB, paused 681us total 27.329ms
08-05 18:09:28.696 15940 15952 I art     : Starting a blocking GC Explicit
08-05 18:09:28.724 15940 15952 I art     : Explicit concurrent mark sweep GC freed 3(96B) AllocSpace objects, 0(0B) LOS objects, 22% free, 53MB/69MB, paused 737us total 27.869ms
08-05 18:09:28.736 15940 15952 I art     : Starting a blocking GC Explicit
08-05 18:09:28.765 15940 15952 I art     : Explicit concurrent mark sweep GC freed 3(96B) AllocSpace objects, 0(0B) LOS objects, 22% free, 53MB/69MB, paused 986us total 29.232ms
08-05 18:09:28.844 15940 19372 D OkHttp  : --> GET https://api-hillfair-2k16.herokuapp.com/api/app/club/Technical%20Committee http/1.1
08-05 18:09:28.884 15940 19372 D OkHttp  : <-- 200 OK https://api-hillfair-2k16.herokuapp.com/api/app/club/Technical%20Committee (39ms, 1171-byte body)
08-05 18:09:28.932 15940 15940 I NAPPA_EXPERIMENTATION: MetricNetworkRequestExecutionTime: REQUEST_DURATION_SYSTEM='621',REQUEST_DURATION_OKHTTP='40',REQUEST_SYNCHRONOUS='FALSE',RESPONSE_CODE='200',RESPONSE_METHOD='GET',RESPONSE_LENGTH_OKHTTP='1171',RESPONSE_LENGTH_HEADER='1171',REQUEST_PROTOCOL='http/1.1',REQUEST_URL='https://api-hillfair-2k16.herokuapp.com/api/app/club/Technical%20Committee',
08-05 18:09:29.063 15940 16974 I art     : Starting a blocking GC Explicit
08-05 18:09:29.097 15940 16974 I art     : Explicit concurrent mark sweep GC freed 4919(348KB) AllocSpace objects, 4(220KB) LOS objects, 22% free, 54MB/70MB, paused 710us total 33.353ms
08-05 18:09:29.109 15940 16974 I art     : Starting a blocking GC Explicit
08-05 18:09:29.141 15940 16974 I art     : Explicit concurrent mark sweep GC freed 1035(119KB) AllocSpace objects, 0(0B) LOS objects, 22% free, 53MB/69MB, paused 696us total 31.772ms
08-05 18:09:29.153 15940 16974 I art     : Starting a blocking GC Explicit
08-05 18:09:29.183 15940 16974 I art     : Explicit concurrent mark sweep GC freed 3(96B) AllocSpace objects, 0(0B) LOS objects, 22% free, 53MB/69MB, paused 691us total 30.124ms
08-05 18:09:29.195 15940 16974 I art     : Starting a blocking GC Explicit
08-05 18:09:29.225 15940 16974 I art     : Explicit concurrent mark sweep GC freed 3(96B) AllocSpace objects, 0(0B) LOS objects, 22% free, 53MB/69MB, paused 708us total 30.413ms
08-05 18:09:29.237 15940 16974 I art     : Starting a blocking GC Explicit
08-05 18:09:29.267 15940 16974 I art     : Explicit concurrent mark sweep GC freed 3(96B) AllocSpace objects, 0(0B) LOS objects, 22% free, 53MB/69MB, paused 953us total 30.235ms
08-05 18:09:29.448   918  3261 D WifiStateMachine: starting scan for "H369AA63323"WPA_PSK with 2412,5180
08-05 18:09:29.579 15940 15953 I art     : Starting a blocking GC Explicit
08-05 18:09:29.617 15940 15953 I art     : Explicit concurrent mark sweep GC freed 1344(78KB) AllocSpace objects, 1(20KB) LOS objects, 22% free, 53MB/69MB, paused 762us total 37.545ms
08-05 18:09:29.632 15940 15953 I art     : Starting a blocking GC Explicit
08-05 18:09:29.668 15940 15953 I art     : Explicit concurrent mark sweep GC freed 36(1264B) AllocSpace objects, 0(0B) LOS objects, 22% free, 53MB/69MB, paused 806us total 36.001ms
08-05 18:09:29.680 15940 15953 I art     : Starting a blocking GC Explicit
08-05 18:09:29.711 15940 15953 I art     : Explicit concurrent mark sweep GC freed 3(96B) AllocSpace objects, 0(0B) LOS objects, 22% free, 53MB/69MB, paused 713us total 30.605ms
08-05 18:09:29.723 15940 15953 I art     : Starting a blocking GC Explicit
08-05 18:09:29.753 15940 15953 I art     : Explicit concurrent mark sweep GC freed 3(96B) AllocSpace objects, 0(0B) LOS objects, 22% free, 53MB/69MB, paused 710us total 30.528ms
08-05 18:09:29.765 15940 15953 I art     : Starting a blocking GC Explicit
08-05 18:09:29.796 15940 15953 I art     : Explicit concurrent mark sweep GC freed 3(96B) AllocSpace objects, 0(0B) LOS objects, 22% free, 53MB/69MB, paused 721us total 30.469ms
08-05 18:09:30.150 15940 16974 I art     : Starting a blocking GC Explicit
08-05 18:09:30.195 15940 16974 I art     : Explicit concurrent mark sweep GC freed 1344(78KB) AllocSpace objects, 1(20KB) LOS objects, 22% free, 53MB/69MB, paused 749us total 43.953ms
08-05 18:09:30.210 15940 16974 I art     : Starting a blocking GC Explicit
08-05 18:09:30.243 15940 16974 I art     : Explicit concurrent mark sweep GC freed 20(704B) AllocSpace objects, 0(0B) LOS objects, 22% free, 53MB/69MB, paused 712us total 33.199ms
08-05 18:09:30.255 15940 16974 I art     : Starting a blocking GC Explicit
08-05 18:09:30.288 15940 16974 I art     : Explicit concurrent mark sweep GC freed 3(96B) AllocSpace objects, 0(0B) LOS objects, 22% free, 53MB/69MB, paused 767us total 32.662ms
08-05 18:09:30.300 15940 16974 I art     : Starting a blocking GC Explicit
08-05 18:09:30.334 15940 16974 I art     : Explicit concurrent mark sweep GC freed 3(96B) AllocSpace objects, 0(0B) LOS objects, 22% free, 53MB/69MB, paused 715us total 33.492ms
08-05 18:09:30.346 15940 16974 I art     : Starting a blocking GC Explicit
08-05 18:09:30.379 15940 16974 I art     : Explicit concurrent mark sweep GC freed 3(96B) AllocSpace objects, 0(0B) LOS objects, 22% free, 53MB/69MB, paused 702us total 32.779ms
08-05 18:09:30.732 15940 15952 I art     : Starting a blocking GC Explicit
08-05 18:09:30.772 15940 15952 I art     : Explicit concurrent mark sweep GC freed 1344(78KB) AllocSpace objects, 1(20KB) LOS objects, 22% free, 53MB/69MB, paused 731us total 39.805ms
08-05 18:09:30.786 15940 15952 I art     : Starting a blocking GC Explicit
08-05 18:09:30.821 15940 15952 I art     : Explicit concurrent mark sweep GC freed 20(704B) AllocSpace objects, 0(0B) LOS objects, 22% free, 53MB/69MB, paused 720us total 34.371ms
08-05 18:09:30.833 15940 15952 I art     : Starting a blocking GC Explicit
08-05 18:09:30.868 15940 15952 I art     : Explicit concurrent mark sweep GC freed 3(96B) AllocSpace objects, 0(0B) LOS objects, 22% free, 53MB/69MB, paused 717us total 34.408ms
08-05 18:09:30.880 15940 15952 I art     : Starting a blocking GC Explicit
08-05 18:09:30.912 15940 15952 I art     : Explicit concurrent mark sweep GC freed 3(96B) AllocSpace objects, 0(0B) LOS objects, 22% free, 53MB/69MB, paused 653us total 31.745ms
08-05 18:09:30.924 15940 15952 I art     : Starting a blocking GC Explicit
08-05 18:09:30.959 15940 15952 I art     : Explicit concurrent mark sweep GC freed 3(96B) AllocSpace objects, 0(0B) LOS objects, 22% free, 53MB/69MB, paused 722us total 34.400ms
08-05 18:09:31.305 15940 16420 I art     : Starting a blocking GC Explicit
08-05 18:09:31.350 15940 16420 I art     : Explicit concurrent mark sweep GC freed 1344(78KB) AllocSpace objects, 1(20KB) LOS objects, 22% free, 53MB/69MB, paused 858us total 44.547ms
08-05 18:09:31.367 15940 16420 I art     : Starting a blocking GC Explicit
08-05 18:09:31.401 15940 16420 I art     : Explicit concurrent mark sweep GC freed 20(704B) AllocSpace objects, 0(0B) LOS objects, 22% free, 53MB/69MB, paused 701us total 33.602ms
08-05 18:09:31.413 15940 16420 I art     : Starting a blocking GC Explicit
08-05 18:09:31.447 15940 16420 I art     : Explicit concurrent mark sweep GC freed 3(96B) AllocSpace objects, 0(0B) LOS objects, 22% free, 53MB/69MB, paused 719us total 33.997ms
08-05 18:09:31.459 15940 16420 I art     : Starting a blocking GC Explicit
08-05 18:09:31.492 15940 16420 I art     : Explicit concurrent mark sweep GC freed 3(96B) AllocSpace objects, 0(0B) LOS objects, 22% free, 53MB/69MB, paused 731us total 33.300ms
08-05 18:09:31.505 15940 16420 I art     : Starting a blocking GC Explicit
08-05 18:09:31.538 15940 16420 I art     : Explicit concurrent mark sweep GC freed 3(96B) AllocSpace objects, 0(0B) LOS objects, 22% free, 53MB/69MB, paused 844us total 32.587ms
08-05 18:09:31.874 15940 15971 I art     : Starting a blocking GC Explicit
08-05 18:09:31.909 15940 15971 I art     : Explicit concurrent mark sweep GC freed 1344(78KB) AllocSpace objects, 1(20KB) LOS objects, 22% free, 53MB/69MB, paused 715us total 34.574ms
08-05 18:09:31.921 15940 15971 I art     : Starting a blocking GC Explicit
08-05 18:09:31.952 15940 15971 I art     : Explicit concurrent mark sweep GC freed 20(704B) AllocSpace objects, 0(0B) LOS objects, 22% free, 53MB/69MB, paused 697us total 31.086ms
08-05 18:09:31.964 15940 15971 I art     : Starting a blocking GC Explicit
08-05 18:09:31.995 15940 15971 I art     : Explicit concurrent mark sweep GC freed 3(96B) AllocSpace objects, 0(0B) LOS objects, 22% free, 53MB/69MB, paused 702us total 30.888ms
08-05 18:09:32.007 15940 15971 I art     : Starting a blocking GC Explicit
08-05 18:09:32.041 15940 15971 I art     : Explicit concurrent mark sweep GC freed 3(96B) AllocSpace objects, 0(0B) LOS objects, 22% free, 53MB/69MB, paused 731us total 33.899ms
08-05 18:09:32.054 15940 15971 I art     : Starting a blocking GC Explicit
08-05 18:09:32.087 15940 15971 I art     : Explicit concurrent mark sweep GC freed 3(96B) AllocSpace objects, 0(0B) LOS objects, 22% free, 53MB/69MB, paused 806us total 33.417ms
08-05 18:09:32.436 15940 15953 I art     : Starting a blocking GC Explicit
08-05 18:09:32.476 15940 15953 I art     : Explicit concurrent mark sweep GC freed 1357(78KB) AllocSpace objects, 1(20KB) LOS objects, 22% free, 53MB/69MB, paused 731us total 40.050ms
08-05 18:09:32.491 15940 15953 I art     : Starting a blocking GC Explicit
08-05 18:09:32.522 15940 15953 I art     : Explicit concurrent mark sweep GC freed 34(1136B) AllocSpace objects, 0(0B) LOS objects, 22% free, 53MB/69MB, paused 706us total 31.373ms
08-05 18:09:32.535 15940 15953 I art     : Starting a blocking GC Explicit
08-05 18:09:32.567 15940 15953 I art     : Explicit concurrent mark sweep GC freed 3(96B) AllocSpace objects, 0(0B) LOS objects, 22% free, 53MB/69MB, paused 765us total 32.005ms
08-05 18:09:32.579 15940 15953 I art     : Starting a blocking GC Explicit
08-05 18:09:32.608 15940 15953 I art     : Explicit concurrent mark sweep GC freed 3(96B) AllocSpace objects, 0(0B) LOS objects, 22% free, 53MB/69MB, paused 714us total 29.492ms
08-05 18:09:32.620 15940 15953 I art     : Starting a blocking GC Explicit
08-05 18:09:32.649 15940 15953 I art     : Explicit concurrent mark sweep GC freed 3(96B) AllocSpace objects, 0(0B) LOS objects, 22% free, 53MB/69MB, paused 700us total 29.239ms
08-05 18:09:32.994 15940 16974 I art     : Starting a blocking GC Explicit
08-05 18:09:33.032 15940 16974 I art     : Explicit concurrent mark sweep GC freed 1344(78KB) AllocSpace objects, 1(20KB) LOS objects, 22% free, 53MB/69MB, paused 784us total 37.326ms
08-05 18:09:33.047 15940 16974 I art     : Starting a blocking GC Explicit
08-05 18:09:33.079 15940 16974 I art     : Explicit concurrent mark sweep GC freed 20(704B) AllocSpace objects, 0(0B) LOS objects, 22% free, 53MB/69MB, paused 686us total 31.746ms
08-05 18:09:33.091 15940 16974 I art     : Starting a blocking GC Explicit
08-05 18:09:33.100 19456 19456 D AndroidRuntime: >>>>>> START com.android.internal.os.RuntimeInit uid 2000 <<<<<<
08-05 18:09:33.106 19456 19456 D AndroidRuntime: CheckJNI is OFF
08-05 18:09:33.123 15940 16974 I art     : Explicit concurrent mark sweep GC freed 3(96B) AllocSpace objects, 0(0B) LOS objects, 22% free, 53MB/69MB, paused 736us total 31.647ms
08-05 18:09:33.134 15940 16974 I art     : Starting a blocking GC Explicit
08-05 18:09:33.153 19456 19456 D ICU     : No timezone override file found: /data/misc/zoneinfo/current/icu/icu_tzdata.dat
08-05 18:09:33.165 15940 16974 I art     : Explicit concurrent mark sweep GC freed 3(96B) AllocSpace objects, 0(0B) LOS objects, 22% free, 53MB/69MB, paused 773us total 30.865ms
08-05 18:09:33.177 15940 16974 I art     : Starting a blocking GC Explicit
08-05 18:09:33.200 19456 19456 I Radio-JNI: register_android_hardware_Radio DONE
08-05 18:09:33.208 15940 16974 I art     : Explicit concurrent mark sweep GC freed 3(96B) AllocSpace objects, 0(0B) LOS objects, 22% free, 53MB/69MB, paused 812us total 30.958ms
08-05 18:09:33.230 19456 19456 D AndroidRuntime: Calling main entry com.android.commands.input.Input
08-05 18:09:33.232 19456 19456 I Input   : injectKeyEvent: KeyEvent { action=ACTION_DOWN, keyCode=KEYCODE_BACK, scanCode=0, metaState=0, flags=0x0, repeatCount=0, eventTime=814189645, downTime=814189645, deviceId=-1, source=0x101 }
08-05 18:09:33.238 19456 19456 I Input   : injectKeyEvent: KeyEvent { action=ACTION_UP, keyCode=KEYCODE_BACK, scanCode=0, metaState=0, flags=0x0, repeatCount=0, eventTime=814189645, downTime=814189645, deviceId=-1, source=0x101 }
08-05 18:09:33.244 19456 19456 D AndroidRuntime: Shutting down VM
08-05 18:09:33.278 13866 13866 I GoogleInputMethodServic: GoogleInputMethodService.onFinishInput():3138 
08-05 18:09:33.278 13866 13866 I GoogleInputMethodServic: GoogleInputMethodService.onStartInput():1808 
08-05 18:09:33.495 15940 15953 I art     : Starting a blocking GC Explicit
08-05 18:09:33.524 15940 15953 I art     : Explicit concurrent mark sweep GC freed 1526(86KB) AllocSpace objects, 1(20KB) LOS objects, 22% free, 53MB/69MB, paused 629us total 29.536ms
08-05 18:09:33.536 15940 15953 I art     : Starting a blocking GC Explicit
08-05 18:09:33.564 15940 15953 I art     : Explicit concurrent mark sweep GC freed 26(944B) AllocSpace objects, 0(0B) LOS objects, 22% free, 53MB/69MB, paused 705us total 27.894ms
08-05 18:09:33.578 15940 15953 I art     : Starting a blocking GC Explicit
08-05 18:09:33.599   380   380 W SurfaceFlinger: couldn't log to binary event log: overflow.
08-05 18:09:33.609 15940 15953 I art     : Explicit concurrent mark sweep GC freed 93(7KB) AllocSpace objects, 0(0B) LOS objects, 22% free, 53MB/69MB, paused 670us total 30.733ms
08-05 18:09:33.621 15940 15953 I art     : Starting a blocking GC Explicit
08-05 18:09:33.649 15940 15953 I art     : Explicit concurrent mark sweep GC freed 22(944B) AllocSpace objects, 0(0B) LOS objects, 22% free, 53MB/69MB, paused 675us total 27.264ms
08-05 18:09:33.660 15940 15953 I art     : Starting a blocking GC Explicit
08-05 18:09:33.689 15940 15953 I art     : Explicit concurrent mark sweep GC freed 1653(108KB) AllocSpace objects, 3(180KB) LOS objects, 22% free, 53MB/69MB, paused 750us total 28.625ms
08-05 18:09:34.003 15940 16974 I art     : Starting a blocking GC Explicit
08-05 18:09:34.042 15940 16974 I art     : Explicit concurrent mark sweep GC freed 1344(78KB) AllocSpace objects, 1(20KB) LOS objects, 22% free, 53MB/69MB, paused 716us total 38.211ms
08-05 18:09:34.057 15940 16974 I art     : Starting a blocking GC Explicit
08-05 18:09:34.088 15940 16974 I art     : Explicit concurrent mark sweep GC freed 20(704B) AllocSpace objects, 0(0B) LOS objects, 22% free, 53MB/69MB, paused 730us total 30.286ms
08-05 18:09:34.099 15940 16974 I art     : Starting a blocking GC Explicit
08-05 18:09:34.130 15940 16974 I art     : Explicit concurrent mark sweep GC freed 3(96B) AllocSpace objects, 0(0B) LOS objects, 22% free, 53MB/69MB, paused 731us total 30.302ms
08-05 18:09:34.142 15940 16974 I art     : Starting a blocking GC Explicit
08-05 18:09:34.172 15940 16974 I art     : Explicit concurrent mark sweep GC freed 3(96B) AllocSpace objects, 0(0B) LOS objects, 22% free, 53MB/69MB, paused 693us total 30.377ms
08-05 18:09:34.184 15940 16974 I art     : Starting a blocking GC Explicit
08-05 18:09:34.215 15940 16974 I art     : Explicit concurrent mark sweep GC freed 3(96B) AllocSpace objects, 0(0B) LOS objects, 22% free, 53MB/69MB, paused 684us total 30.620ms
08-05 18:09:34.527 15940 15952 I art     : Starting a blocking GC Explicit
08-05 18:09:34.557 15940 15952 I art     : Explicit concurrent mark sweep GC freed 1344(78KB) AllocSpace objects, 1(20KB) LOS objects, 22% free, 53MB/69MB, paused 755us total 30.171ms
08-05 18:09:34.569 15940 15952 I art     : Starting a blocking GC Explicit
08-05 18:09:34.598 15940 15952 I art     : Explicit concurrent mark sweep GC freed 20(704B) AllocSpace objects, 0(0B) LOS objects, 22% free, 53MB/69MB, paused 717us total 28.478ms
08-05 18:09:34.609 15940 15952 I art     : Starting a blocking GC Explicit
08-05 18:09:34.638 15940 15952 I art     : Explicit concurrent mark sweep GC freed 3(96B) AllocSpace objects, 0(0B) LOS objects, 22% free, 53MB/69MB, paused 699us total 28.542ms
08-05 18:09:34.638 15940 15951 I art     : WaitForGcToComplete blocked for 20.120ms for cause HeapTrim
08-05 18:09:34.649 15940 15952 I art     : Starting a blocking GC Explicit
08-05 18:09:34.678 15940 15952 I art     : Explicit concurrent mark sweep GC freed 3(96B) AllocSpace objects, 0(0B) LOS objects, 22% free, 53MB/69MB, paused 685us total 29.296ms
08-05 18:09:34.690 15940 15952 I art     : Starting a blocking GC Explicit
08-05 18:09:34.720 15940 15952 I art     : Explicit concurrent mark sweep GC freed 3(96B) AllocSpace objects, 0(0B) LOS objects, 22% free, 53MB/69MB, paused 688us total 29.453ms
08-05 18:09:35.011 19509 19509 D AndroidRuntime: >>>>>> START com.android.internal.os.RuntimeInit uid 2000 <<<<<<
08-05 18:09:35.017 19509 19509 D AndroidRuntime: CheckJNI is OFF
08-05 18:09:35.020 15940 16420 I art     : Starting a blocking GC Explicit
08-05 18:09:35.050 15940 16420 I art     : Explicit concurrent mark sweep GC freed 1344(78KB) AllocSpace objects, 1(20KB) LOS objects, 22% free, 53MB/69MB, paused 690us total 29.796ms
08-05 18:09:35.062 15940 16420 I art     : Starting a blocking GC Explicit
08-05 18:09:35.063 19509 19509 D ICU     : No timezone override file found: /data/misc/zoneinfo/current/icu/icu_tzdata.dat
08-05 18:09:35.092 15940 16420 I art     : Explicit concurrent mark sweep GC freed 20(704B) AllocSpace objects, 0(0B) LOS objects, 22% free, 53MB/69MB, paused 734us total 29.631ms
08-05 18:09:35.103 15940 16420 I art     : Starting a blocking GC Explicit
08-05 18:09:35.109 19509 19509 I Radio-JNI: register_android_hardware_Radio DONE
08-05 18:09:35.134 15940 16420 I art     : Explicit concurrent mark sweep GC freed 3(96B) AllocSpace objects, 0(0B) LOS objects, 22% free, 53MB/69MB, paused 711us total 30.935ms
08-05 18:09:35.139 19509 19509 D AndroidRuntime: Calling main entry com.android.commands.input.Input
08-05 18:09:35.141 19509 19509 I Input   : injectMotionEvent: MotionEvent { action=ACTION_DOWN, actionButton=0, id[0]=0, x[0]=255.0, y[0]=1845.0, toolType[0]=TOOL_TYPE_UNKNOWN, buttonState=0, metaState=0, flags=0x0, edgeFlags=0x0, pointerCount=1, historySize=0, eventTime=814191554, downTime=814191554, deviceId=0, source=0x1002 }
08-05 18:09:35.146 15940 16420 I art     : Starting a blocking GC Explicit
08-05 18:09:35.147 19509 19509 I Input   : injectMotionEvent: MotionEvent { action=ACTION_UP, actionButton=0, id[0]=0, x[0]=255.0, y[0]=1845.0, toolType[0]=TOOL_TYPE_UNKNOWN, buttonState=0, metaState=0, flags=0x0, edgeFlags=0x0, pointerCount=1, historySize=0, eventTime=814191554, downTime=814191554, deviceId=0, source=0x1002 }
08-05 18:09:35.149   918  6029 I ActivityManager: START u0 {cmp=baseline.appteam.nith.hillffair/.activities.ClubActivity (has extras)} from uid 10675 on display 0
08-05 18:09:35.159 19509 19509 D AndroidRuntime: Shutting down VM
08-05 18:09:35.175 15940 16420 I art     : Explicit concurrent mark sweep GC freed 128(8KB) AllocSpace objects, 0(0B) LOS objects, 22% free, 53MB/69MB, paused 1ms total 29.349ms
08-05 18:09:35.190 15940 16420 I art     : Starting a blocking GC Explicit
08-05 18:09:35.221 15940 16420 I art     : Explicit concurrent mark sweep GC freed 3550(278KB) AllocSpace objects, 0(0B) LOS objects, 22% free, 53MB/69MB, paused 769us total 30.527ms
08-05 18:09:35.269 15940 15940 I NAPPA_EXPERIMENTATION: MetricNetworkRequestExecutionTime: REQUEST_DURATION_SYSTEM='67',REQUEST_DURATION_OKHTTP='40',REQUEST_SYNCHRONOUS='FALSE',RESPONSE_CODE='200',RESPONSE_METHOD='GET',RESPONSE_LENGTH_OKHTTP='1171',RESPONSE_LENGTH_HEADER='-2',REQUEST_PROTOCOL='http/1.1',REQUEST_URL='https://api-hillfair-2k16.herokuapp.com/api/app/club/Technical%20Committee',
08-05 18:09:35.275   918   936 I ActivityManager: Displayed baseline.appteam.nith.hillffair/.activities.ClubActivity: +115ms
08-05 18:09:35.275 13866 13866 I GoogleInputMethodServic: GoogleInputMethodService.onFinishInput():3138 
08-05 18:09:35.275 13866 13866 I GoogleInputMethodServic: GoogleInputMethodService.onStartInput():1808 
08-05 18:09:35.522 15940 15952 I art     : Starting a blocking GC Explicit
08-05 18:09:35.535   380   380 W SurfaceFlinger: couldn't log to binary event log: overflow.
08-05 18:09:35.560 15940 15952 I art     : Explicit concurrent mark sweep GC freed 2263(137KB) AllocSpace objects, 1(20KB) LOS objects, 22% free, 53MB/69MB, paused 670us total 37.510ms
08-05 18:09:35.571 15940 15952 I art     : Starting a blocking GC Explicit
08-05 18:09:35.599 15940 15952 I art     : Explicit concurrent mark sweep GC freed 102(4KB) AllocSpace objects, 0(0B) LOS objects, 22% free, 53MB/69MB, paused 861us total 27.521ms
08-05 18:09:35.610 15940 15952 I art     : Starting a blocking GC Explicit
08-05 18:09:35.640 15940 15952 I art     : Explicit concurrent mark sweep GC freed 3(96B) AllocSpace objects, 0(0B) LOS objects, 22% free, 53MB/69MB, paused 648us total 30.249ms
08-05 18:09:35.652 15940 15952 I art     : Starting a blocking GC Explicit
08-05 18:09:35.681 15940 15952 I art     : Explicit concurrent mark sweep GC freed 94(5KB) AllocSpace objects, 0(0B) LOS objects, 22% free, 53MB/69MB, paused 687us total 28.874ms
08-05 18:09:35.693 15940 15952 I art     : Starting a blocking GC Explicit
08-05 18:09:35.721 15940 15952 I art     : Explicit concurrent mark sweep GC freed 12(464B) AllocSpace objects, 0(0B) LOS objects, 22% free, 53MB/69MB, paused 655us total 27.134ms
08-05 18:09:36.017 15940 16974 I art     : Starting a blocking GC Explicit
08-05 18:09:36.045 15940 16974 I art     : Explicit concurrent mark sweep GC freed 1344(78KB) AllocSpace objects, 1(20KB) LOS objects, 22% free, 53MB/69MB, paused 684us total 28.410ms
08-05 18:09:36.057 15940 16974 I art     : Starting a blocking GC Explicit
08-05 18:09:36.085 15940 16974 I art     : Explicit concurrent mark sweep GC freed 36(1264B) AllocSpace objects, 0(0B) LOS objects, 22% free, 53MB/69MB, paused 679us total 28.021ms
08-05 18:09:36.097 15940 16974 I art     : Starting a blocking GC Explicit
08-05 18:09:36.126 15940 16974 I art     : Explicit concurrent mark sweep GC freed 3(96B) AllocSpace objects, 0(0B) LOS objects, 22% free, 53MB/69MB, paused 685us total 29.540ms
08-05 18:09:36.138 15940 16974 I art     : Starting a blocking GC Explicit
08-05 18:09:36.168 15940 16974 I art     : Explicit concurrent mark sweep GC freed 3(96B) AllocSpace objects, 0(0B) LOS objects, 22% free, 53MB/69MB, paused 669us total 29.836ms
08-05 18:09:36.179 15940 16974 I art     : Starting a blocking GC Explicit
08-05 18:09:36.210 15940 16974 I art     : Explicit concurrent mark sweep GC freed 3(96B) AllocSpace objects, 0(0B) LOS objects, 22% free, 53MB/69MB, paused 699us total 30.831ms
08-05 18:09:36.520 15940 15953 I art     : Starting a blocking GC Explicit
08-05 18:09:36.560 15940 15953 I art     : Explicit concurrent mark sweep GC freed 1344(78KB) AllocSpace objects, 1(20KB) LOS objects, 22% free, 53MB/69MB, paused 789us total 39.472ms
08-05 18:09:36.573 15940 15953 I art     : Starting a blocking GC Explicit
08-05 18:09:36.604 15940 15953 I art     : Explicit concurrent mark sweep GC freed 20(704B) AllocSpace objects, 0(0B) LOS objects, 22% free, 53MB/69MB, paused 716us total 31.120ms
08-05 18:09:36.616 15940 15953 I art     : Starting a blocking GC Explicit
08-05 18:09:36.648 15940 15953 I art     : Explicit concurrent mark sweep GC freed 3(96B) AllocSpace objects, 0(0B) LOS objects, 22% free, 53MB/69MB, paused 736us total 31.496ms
08-05 18:09:36.660 15940 15953 I art     : Starting a blocking GC Explicit
08-05 18:09:36.691 15940 15953 I art     : Explicit concurrent mark sweep GC freed 3(96B) AllocSpace objects, 0(0B) LOS objects, 22% free, 53MB/69MB, paused 722us total 31.197ms
08-05 18:09:36.703 15940 15953 I art     : Starting a blocking GC Explicit
08-05 18:09:36.735 15940 15953 I art     : Explicit concurrent mark sweep GC freed 3(96B) AllocSpace objects, 0(0B) LOS objects, 22% free, 53MB/69MB, paused 732us total 31.648ms
08-05 18:09:37.095 15940 15971 I art     : Starting a blocking GC Explicit
08-05 18:09:37.129 15940 15971 I art     : Explicit concurrent mark sweep GC freed 1344(78KB) AllocSpace objects, 1(20KB) LOS objects, 22% free, 53MB/69MB, paused 708us total 34.598ms
08-05 18:09:37.142 15940 15971 I art     : Starting a blocking GC Explicit
08-05 18:09:37.176 15940 15971 I art     : Explicit concurrent mark sweep GC freed 20(704B) AllocSpace objects, 0(0B) LOS objects, 22% free, 53MB/69MB, paused 708us total 34.123ms
08-05 18:09:37.188 15940 15971 I art     : Starting a blocking GC Explicit
08-05 18:09:37.222 15940 15971 I art     : Explicit concurrent mark sweep GC freed 3(96B) AllocSpace objects, 0(0B) LOS objects, 22% free, 53MB/69MB, paused 777us total 33.413ms
08-05 18:09:37.234 15940 15971 I art     : Starting a blocking GC Explicit
08-05 18:09:37.269 15940 15971 I art     : Explicit concurrent mark sweep GC freed 3(96B) AllocSpace objects, 0(0B) LOS objects, 22% free, 53MB/69MB, paused 731us total 34.043ms
08-05 18:09:37.281 15940 15971 I art     : Starting a blocking GC Explicit
08-05 18:09:37.315 15940 15971 I art     : Explicit concurrent mark sweep GC freed 3(96B) AllocSpace objects, 0(0B) LOS objects, 22% free, 53MB/69MB, paused 732us total 34.282ms
08-05 18:09:37.664 15940 16420 I art     : Starting a blocking GC Explicit
08-05 18:09:37.710 15940 16420 I art     : Explicit concurrent mark sweep GC freed 1344(78KB) AllocSpace objects, 1(20KB) LOS objects, 22% free, 53MB/69MB, paused 834us total 44.939ms
08-05 18:09:37.725 15940 16420 I art     : Starting a blocking GC Explicit
08-05 18:09:37.762 15940 16420 I art     : Explicit concurrent mark sweep GC freed 20(704B) AllocSpace objects, 0(0B) LOS objects, 22% free, 53MB/69MB, paused 733us total 37.153ms
08-05 18:09:37.775 15940 16420 I art     : Starting a blocking GC Explicit
08-05 18:09:37.809 15940 16420 I art     : Explicit concurrent mark sweep GC freed 3(96B) AllocSpace objects, 0(0B) LOS objects, 22% free, 53MB/69MB, paused 704us total 34.317ms
08-05 18:09:37.821 15940 16420 I art     : Starting a blocking GC Explicit
08-05 18:09:37.856 15940 16420 I art     : Explicit concurrent mark sweep GC freed 3(96B) AllocSpace objects, 0(0B) LOS objects, 22% free, 53MB/69MB, paused 779us total 34.287ms
08-05 18:09:37.868 15940 16420 I art     : Starting a blocking GC Explicit
08-05 18:09:37.902 15940 16420 I art     : Explicit concurrent mark sweep GC freed 3(96B) AllocSpace objects, 0(0B) LOS objects, 22% free, 53MB/69MB, paused 716us total 33.874ms
08-05 18:09:38.252 15940 15952 I art     : Starting a blocking GC Explicit
08-05 18:09:38.293 15940 15952 I art     : Explicit concurrent mark sweep GC freed 1344(78KB) AllocSpace objects, 1(20KB) LOS objects, 22% free, 53MB/69MB, paused 828us total 40.315ms
08-05 18:09:38.309 15940 15952 I art     : Starting a blocking GC Explicit
08-05 18:09:38.343 15940 15952 I art     : Explicit concurrent mark sweep GC freed 20(704B) AllocSpace objects, 0(0B) LOS objects, 22% free, 53MB/69MB, paused 721us total 33.742ms
08-05 18:09:38.355 15940 15952 I art     : Starting a blocking GC Explicit
08-05 18:09:38.389 15940 15952 I art     : Explicit concurrent mark sweep GC freed 3(96B) AllocSpace objects, 0(0B) LOS objects, 22% free, 53MB/69MB, paused 743us total 33.730ms
08-05 18:09:38.401 15940 15952 I art     : Starting a blocking GC Explicit
08-05 18:09:38.435 15940 15952 I art     : Explicit concurrent mark sweep GC freed 3(96B) AllocSpace objects, 0(0B) LOS objects, 22% free, 53MB/69MB, paused 726us total 33.493ms
08-05 18:09:38.447 15940 15952 I art     : Starting a blocking GC Explicit
08-05 18:09:38.482 15940 15952 I art     : Explicit concurrent mark sweep GC freed 3(96B) AllocSpace objects, 0(0B) LOS objects, 22% free, 53MB/69MB, paused 709us total 34.317ms
08-05 18:09:38.821 15940 16974 I art     : Starting a blocking GC Explicit
08-05 18:09:38.864 15940 16974 I art     : Explicit concurrent mark sweep GC freed 1344(78KB) AllocSpace objects, 1(20KB) LOS objects, 22% free, 53MB/69MB, paused 986us total 42.702ms
08-05 18:09:38.880 15940 16974 I art     : Starting a blocking GC Explicit
08-05 18:09:38.914 15940 16974 I art     : Explicit concurrent mark sweep GC freed 20(704B) AllocSpace objects, 0(0B) LOS objects, 22% free, 53MB/69MB, paused 703us total 33.857ms
08-05 18:09:38.926 15940 16974 I art     : Starting a blocking GC Explicit
08-05 18:09:38.960 15940 16974 I art     : Explicit concurrent mark sweep GC freed 3(96B) AllocSpace objects, 0(0B) LOS objects, 22% free, 53MB/69MB, paused 681us total 33.731ms
08-05 18:09:38.972 15940 16974 I art     : Starting a blocking GC Explicit
08-05 18:09:39.007 15940 16974 I art     : Explicit concurrent mark sweep GC freed 3(96B) AllocSpace objects, 0(0B) LOS objects, 22% free, 53MB/69MB, paused 685us total 34.044ms
08-05 18:09:39.019 15940 16974 I art     : Starting a blocking GC Explicit
08-05 18:09:39.053 15940 16974 I art     : Explicit concurrent mark sweep GC freed 3(96B) AllocSpace objects, 0(0B) LOS objects, 22% free, 53MB/69MB, paused 722us total 34.422ms
08-05 18:09:39.378 15940 15953 I art     : Starting a blocking GC Explicit
08-05 18:09:39.415 15940 15953 I art     : Explicit concurrent mark sweep GC freed 1344(78KB) AllocSpace objects, 1(20KB) LOS objects, 22% free, 53MB/69MB, paused 721us total 36.314ms
08-05 18:09:39.428 15940 15953 I art     : Starting a blocking GC Explicit
08-05 18:09:39.459 15940 15953 I art     : Explicit concurrent mark sweep GC freed 20(704B) AllocSpace objects, 0(0B) LOS objects, 22% free, 53MB/69MB, paused 725us total 30.855ms
08-05 18:09:39.471 15940 15953 I art     : Starting a blocking GC Explicit
08-05 18:09:39.500 15940 15953 I art     : Explicit concurrent mark sweep GC freed 3(96B) AllocSpace objects, 0(0B) LOS objects, 22% free, 53MB/69MB, paused 762us total 29.380ms
08-05 18:09:39.512 15940 15953 I art     : Starting a blocking GC Explicit
08-05 18:09:39.544 15940 15953 I art     : Explicit concurrent mark sweep GC freed 3(96B) AllocSpace objects, 0(0B) LOS objects, 22% free, 53MB/69MB, paused 770us total 31.724ms
08-05 18:09:39.556 15940 15953 I art     : Starting a blocking GC Explicit
08-05 18:09:39.588 15940 15953 I art     : Explicit concurrent mark sweep GC freed 3(96B) AllocSpace objects, 0(0B) LOS objects, 22% free, 53MB/69MB, paused 774us total 31.718ms
08-05 18:09:39.912 15940 15971 I art     : Starting a blocking GC Explicit
08-05 18:09:39.948 15940 15971 I art     : Explicit concurrent mark sweep GC freed 1344(78KB) AllocSpace objects, 1(20KB) LOS objects, 22% free, 53MB/69MB, paused 777us total 36.183ms
08-05 18:09:39.958 19613 19613 D AndroidRuntime: >>>>>> START com.android.internal.os.RuntimeInit uid 2000 <<<<<<
08-05 18:09:39.961 15940 15971 I art     : Starting a blocking GC Explicit
08-05 18:09:39.964 19613 19613 D AndroidRuntime: CheckJNI is OFF
08-05 18:09:39.991 15940 15971 I art     : Explicit concurrent mark sweep GC freed 20(704B) AllocSpace objects, 0(0B) LOS objects, 22% free, 53MB/69MB, paused 723us total 30.098ms
08-05 18:09:40.002 15940 15971 I art     : Starting a blocking GC Explicit
08-05 18:09:40.011 19613 19613 D ICU     : No timezone override file found: /data/misc/zoneinfo/current/icu/icu_tzdata.dat
08-05 18:09:40.034 15940 15971 I art     : Explicit concurrent mark sweep GC freed 3(96B) AllocSpace objects, 0(0B) LOS objects, 22% free, 53MB/69MB, paused 766us total 31.212ms
08-05 18:09:40.046 15940 15971 I art     : Starting a blocking GC Explicit
08-05 18:09:40.057 19613 19613 I Radio-JNI: register_android_hardware_Radio DONE
08-05 18:09:40.077 15940 15971 I art     : Explicit concurrent mark sweep GC freed 3(96B) AllocSpace objects, 0(0B) LOS objects, 22% free, 53MB/69MB, paused 840us total 31.434ms
08-05 18:09:40.087 19613 19613 D AndroidRuntime: Calling main entry com.android.commands.input.Input
08-05 18:09:40.089 19613 19613 I Input   : injectKeyEvent: KeyEvent { action=ACTION_DOWN, keyCode=KEYCODE_BACK, scanCode=0, metaState=0, flags=0x0, repeatCount=0, eventTime=814196502, downTime=814196502, deviceId=-1, source=0x101 }
08-05 18:09:40.089 15940 15971 I art     : Starting a blocking GC Explicit
08-05 18:09:40.095 19613 19613 I Input   : injectKeyEvent: KeyEvent { action=ACTION_UP, keyCode=KEYCODE_BACK, scanCode=0, metaState=0, flags=0x0, repeatCount=0, eventTime=814196502, downTime=814196502, deviceId=-1, source=0x101 }
08-05 18:09:40.104 19613 19613 D AndroidRuntime: Shutting down VM
08-05 18:09:40.118 15940 15971 I art     : Explicit concurrent mark sweep GC freed 134(5KB) AllocSpace objects, 0(0B) LOS objects, 22% free, 53MB/69MB, paused 759us total 28.751ms
08-05 18:09:40.149 13866 13866 I GoogleInputMethodServic: GoogleInputMethodService.onFinishInput():3138 
08-05 18:09:40.149 13866 13866 I GoogleInputMethodServic: GoogleInputMethodService.onStartInput():1808 
08-05 18:09:40.407 15940 15971 I art     : Starting a blocking GC Explicit
08-05 18:09:40.440 15940 15971 I art     : Explicit concurrent mark sweep GC freed 1394(80KB) AllocSpace objects, 1(20KB) LOS objects, 22% free, 53MB/69MB, paused 698us total 33.209ms
08-05 18:09:40.453 15940 15971 I art     : Starting a blocking GC Explicit
08-05 18:09:40.456   380   380 W SurfaceFlinger: couldn't log to binary event log: overflow.
08-05 18:09:40.480 15940 15971 I art     : Explicit concurrent mark sweep GC freed 134(9KB) AllocSpace objects, 0(0B) LOS objects, 22% free, 53MB/69MB, paused 651us total 27.217ms
08-05 18:09:40.491 15940 15971 I art     : Starting a blocking GC Explicit
08-05 18:09:40.520 15940 15971 I art     : Explicit concurrent mark sweep GC freed 1655(108KB) AllocSpace objects, 3(180KB) LOS objects, 22% free, 53MB/69MB, paused 674us total 28.087ms
08-05 18:09:40.530 15940 15971 I art     : Starting a blocking GC Explicit
08-05 18:09:40.560 15940 15971 I art     : Explicit concurrent mark sweep GC freed 3(96B) AllocSpace objects, 0(0B) LOS objects, 22% free, 53MB/69MB, paused 683us total 28.838ms
08-05 18:09:40.571 15940 15971 I art     : Starting a blocking GC Explicit
08-05 18:09:40.601 15940 15971 I art     : Explicit concurrent mark sweep GC freed 3(96B) AllocSpace objects, 0(0B) LOS objects, 22% free, 53MB/69MB, paused 703us total 29.811ms
08-05 18:09:40.914 15940 16420 I art     : Starting a blocking GC Explicit
08-05 18:09:40.953 15940 16420 I art     : Explicit concurrent mark sweep GC freed 1344(78KB) AllocSpace objects, 1(20KB) LOS objects, 22% free, 53MB/69MB, paused 735us total 38.335ms
08-05 18:09:40.967 15940 16420 I art     : Starting a blocking GC Explicit
08-05 18:09:40.998 15940 16420 I art     : Explicit concurrent mark sweep GC freed 20(704B) AllocSpace objects, 0(0B) LOS objects, 22% free, 53MB/69MB, paused 757us total 30.412ms
08-05 18:09:41.009 15940 16420 I art     : Starting a blocking GC Explicit
08-05 18:09:41.040 15940 16420 I art     : Explicit concurrent mark sweep GC freed 3(96B) AllocSpace objects, 0(0B) LOS objects, 22% free, 53MB/69MB, paused 679us total 30.347ms
08-05 18:09:41.052 15940 16420 I art     : Starting a blocking GC Explicit
08-05 18:09:41.083 15940 16420 I art     : Explicit concurrent mark sweep GC freed 3(96B) AllocSpace objects, 0(0B) LOS objects, 22% free, 53MB/69MB, paused 699us total 30.450ms
08-05 18:09:41.094 15940 16420 I art     : Starting a blocking GC Explicit
08-05 18:09:41.124 15940 16420 I art     : Explicit concurrent mark sweep GC freed 3(96B) AllocSpace objects, 0(0B) LOS objects, 22% free, 53MB/69MB, paused 705us total 29.751ms
08-05 18:09:41.431 15940 15952 I art     : Starting a blocking GC Explicit
08-05 18:09:41.463 15940 15952 I art     : Explicit concurrent mark sweep GC freed 1344(78KB) AllocSpace objects, 1(20KB) LOS objects, 22% free, 53MB/69MB, paused 734us total 31.234ms
08-05 18:09:41.480 15940 15952 I art     : Starting a blocking GC Explicit
08-05 18:09:41.509 15940 15952 I art     : Explicit concurrent mark sweep GC freed 20(704B) AllocSpace objects, 0(0B) LOS objects, 22% free, 53MB/69MB, paused 734us total 28.357ms
08-05 18:09:41.520 15940 15952 I art     : Starting a blocking GC Explicit
08-05 18:09:41.550 15940 15952 I art     : Explicit concurrent mark sweep GC freed 3(96B) AllocSpace objects, 0(0B) LOS objects, 22% free, 53MB/69MB, paused 716us total 29.486ms
08-05 18:09:41.561 15940 15952 I art     : Starting a blocking GC Explicit
08-05 18:09:41.591 15940 15952 I art     : Explicit concurrent mark sweep GC freed 3(96B) AllocSpace objects, 0(0B) LOS objects, 22% free, 53MB/69MB, paused 683us total 29.163ms
08-05 18:09:41.602 15940 15952 I art     : Starting a blocking GC Explicit
08-05 18:09:41.632 15940 15952 I art     : Explicit concurrent mark sweep GC freed 3(96B) AllocSpace objects, 0(0B) LOS objects, 22% free, 53MB/69MB, paused 707us total 29.708ms
08-05 18:09:41.886 19662 19662 D AndroidRuntime: >>>>>> START com.android.internal.os.RuntimeInit uid 2000 <<<<<<
08-05 18:09:41.892 19662 19662 D AndroidRuntime: CheckJNI is OFF
08-05 18:09:41.935 19662 19662 D ICU     : No timezone override file found: /data/misc/zoneinfo/current/icu/icu_tzdata.dat
08-05 18:09:41.949 15940 15953 I art     : Starting a blocking GC Explicit
08-05 18:09:41.979 19662 19662 I Radio-JNI: register_android_hardware_Radio DONE
08-05 18:09:41.979 15940 15953 I art     : Explicit concurrent mark sweep GC freed 1344(78KB) AllocSpace objects, 1(20KB) LOS objects, 22% free, 53MB/69MB, paused 803us total 30.140ms
08-05 18:09:41.991 15940 15953 I art     : Starting a blocking GC Explicit
08-05 18:09:42.010 19662 19662 D AndroidRuntime: Calling main entry com.android.commands.input.Input
08-05 18:09:42.013 19662 19662 I Input   : injectMotionEvent: MotionEvent { action=ACTION_DOWN, actionButton=0, id[0]=0, x[0]=369.0, y[0]=554.0, toolType[0]=TOOL_TYPE_UNKNOWN, buttonState=0, metaState=0, flags=0x0, edgeFlags=0x0, pointerCount=1, historySize=0, eventTime=814198425, downTime=814198425, deviceId=0, source=0x1002 }
08-05 18:09:42.018 19662 19662 I Input   : injectMotionEvent: MotionEvent { action=ACTION_UP, actionButton=0, id[0]=0, x[0]=369.0, y[0]=554.0, toolType[0]=TOOL_TYPE_UNKNOWN, buttonState=0, metaState=0, flags=0x0, edgeFlags=0x0, pointerCount=1, historySize=0, eventTime=814198425, downTime=814198425, deviceId=0, source=0x1002 }
08-05 18:09:42.019   918  5132 I ActivityManager: START u0 {cmp=baseline.appteam.nith.hillffair/.activities.ClubActivity (has extras)} from uid 10675 on display 0
08-05 18:09:42.021 15940 15953 I art     : Explicit concurrent mark sweep GC freed 20(704B) AllocSpace objects, 0(0B) LOS objects, 22% free, 53MB/69MB, paused 969us total 30.319ms
08-05 18:09:42.027 19662 19662 D AndroidRuntime: Shutting down VM
08-05 18:09:42.033 15940 15953 I art     : Starting a blocking GC Explicit
08-05 18:09:42.062 15940 15953 I art     : Explicit concurrent mark sweep GC freed 1017(56KB) AllocSpace objects, 0(0B) LOS objects, 22% free, 53MB/69MB, paused 1.026ms total 29.180ms
08-05 18:09:42.076 15940 15953 I art     : Starting a blocking GC Explicit
08-05 18:09:42.105 15940 15953 I art     : Explicit concurrent mark sweep GC freed 2773(207KB) AllocSpace objects, 0(0B) LOS objects, 22% free, 53MB/69MB, paused 705us total 28.876ms
08-05 18:09:42.116 15940 15953 I art     : Starting a blocking GC Explicit
08-05 18:09:42.130 15940 15940 I NAPPA_EXPERIMENTATION: MetricNetworkRequestExecutionTime: REQUEST_DURATION_SYSTEM='65',REQUEST_DURATION_OKHTTP='41',REQUEST_SYNCHRONOUS='FALSE',RESPONSE_CODE='200',RESPONSE_METHOD='GET',RESPONSE_LENGTH_OKHTTP='979',RESPONSE_LENGTH_HEADER='-2',REQUEST_PROTOCOL='http/1.1',REQUEST_URL='https://api-hillfair-2k16.herokuapp.com/api/app/club/PR%20Club',
08-05 18:09:42.137   918   936 I ActivityManager: Displayed baseline.appteam.nith.hillffair/.activities.ClubActivity: +109ms
08-05 18:09:42.137 13866 13866 I GoogleInputMethodServic: GoogleInputMethodService.onFinishInput():3138 
08-05 18:09:42.138 13866 13866 I GoogleInputMethodServic: GoogleInputMethodService.onStartInput():1808 
08-05 18:09:42.146 15940 15953 I art     : Explicit concurrent mark sweep GC freed 796(79KB) AllocSpace objects, 0(0B) LOS objects, 22% free, 53MB/69MB, paused 810us total 30.304ms
08-05 18:09:42.391   380   380 W SurfaceFlinger: couldn't log to binary event log: overflow.
08-05 18:09:42.461 15940 16974 I art     : Starting a blocking GC Explicit
08-05 18:09:42.490 15940 16974 I art     : Explicit concurrent mark sweep GC freed 1431(81KB) AllocSpace objects, 1(20KB) LOS objects, 22% free, 53MB/69MB, paused 704us total 28.706ms
08-05 18:09:42.502 15940 16974 I art     : Starting a blocking GC Explicit
08-05 18:09:42.533 15940 16974 I art     : Explicit concurrent mark sweep GC freed 123(6KB) AllocSpace objects, 0(0B) LOS objects, 22% free, 53MB/69MB, paused 662us total 31.142ms
08-05 18:09:42.544 15940 16974 I art     : Starting a blocking GC Explicit
08-05 18:09:42.572 15940 16974 I art     : Explicit concurrent mark sweep GC freed 4(128B) AllocSpace objects, 0(0B) LOS objects, 22% free, 53MB/69MB, paused 909us total 27.222ms
08-05 18:09:42.584 15940 16974 I art     : Starting a blocking GC Explicit
08-05 18:09:42.613 15940 16974 I art     : Explicit concurrent mark sweep GC freed 19(656B) AllocSpace objects, 0(0B) LOS objects, 22% free, 53MB/69MB, paused 700us total 29.328ms
08-05 18:09:42.625 15940 16974 I art     : Starting a blocking GC Explicit
08-05 18:09:42.655 15940 16974 I art     : Explicit concurrent mark sweep GC freed 3(96B) AllocSpace objects, 0(0B) LOS objects, 22% free, 53MB/69MB, paused 716us total 30.096ms
08-05 18:09:42.777 12013 12013 I ServiceManager: Waiting for service AtCmdFwd...
08-05 18:09:42.972 15940 15952 I art     : Starting a blocking GC Explicit
08-05 18:09:43.010 15940 15952 I art     : Explicit concurrent mark sweep GC freed 1344(78KB) AllocSpace objects, 1(20KB) LOS objects, 22% free, 53MB/69MB, paused 782us total 37.334ms
08-05 18:09:43.024 15940 15952 I art     : Starting a blocking GC Explicit
08-05 18:09:43.059 15940 15952 I art     : Explicit concurrent mark sweep GC freed 20(704B) AllocSpace objects, 0(0B) LOS objects, 22% free, 53MB/69MB, paused 724us total 34.389ms
08-05 18:09:43.071 15940 15952 I art     : Starting a blocking GC Explicit
08-05 18:09:43.101 15940 15952 I art     : Explicit concurrent mark sweep GC freed 3(96B) AllocSpace objects, 0(0B) LOS objects, 22% free, 53MB/69MB, paused 715us total 30.363ms
08-05 18:09:43.113 15940 15952 I art     : Starting a blocking GC Explicit
08-05 18:09:43.145 15940 15952 I art     : Explicit concurrent mark sweep GC freed 3(96B) AllocSpace objects, 0(0B) LOS objects, 22% free, 53MB/69MB, paused 718us total 31.289ms
08-05 18:09:43.157 15940 15952 I art     : Starting a blocking GC Explicit
08-05 18:09:43.189 15940 15952 I art     : Explicit concurrent mark sweep GC freed 3(96B) AllocSpace objects, 0(0B) LOS objects, 22% free, 53MB/69MB, paused 750us total 31.627ms
08-05 18:09:43.508 15940 15971 I art     : Starting a blocking GC Explicit
08-05 18:09:43.549 15940 15971 I art     : Explicit concurrent mark sweep GC freed 1344(78KB) AllocSpace objects, 1(20KB) LOS objects, 22% free, 53MB/69MB, paused 806us total 40.644ms
08-05 18:09:43.563 15940 15971 I art     : Starting a blocking GC Explicit
08-05 18:09:43.597 15940 15971 I art     : Explicit concurrent mark sweep GC freed 20(704B) AllocSpace objects, 0(0B) LOS objects, 22% free, 53MB/69MB, paused 785us total 33.325ms
08-05 18:09:43.609 15940 15971 I art     : Starting a blocking GC Explicit
08-05 18:09:43.641 15940 15971 I art     : Explicit concurrent mark sweep GC freed 3(96B) AllocSpace objects, 0(0B) LOS objects, 22% free, 53MB/69MB, paused 671us total 31.568ms
08-05 18:09:43.652 15940 15971 I art     : Starting a blocking GC Explicit
08-05 18:09:43.684 15940 15971 I art     : Explicit concurrent mark sweep GC freed 3(96B) AllocSpace objects, 0(0B) LOS objects, 22% free, 53MB/69MB, paused 722us total 30.969ms
08-05 18:09:43.695 15940 15971 I art     : Starting a blocking GC Explicit
08-05 18:09:43.727 15940 15971 I art     : Explicit concurrent mark sweep GC freed 3(96B) AllocSpace objects, 0(0B) LOS objects, 22% free, 53MB/69MB, paused 797us total 31.362ms
08-05 18:09:43.778 12013 12013 I ServiceManager: Waiting for service AtCmdFwd...
08-05 18:09:44.061 15940 15953 I art     : Starting a blocking GC Explicit
08-05 18:09:44.106 15940 15953 I art     : Explicit concurrent mark sweep GC freed 1344(78KB) AllocSpace objects, 1(20KB) LOS objects, 22% free, 53MB/69MB, paused 827us total 44.651ms
08-05 18:09:44.122 15940 15953 I art     : Starting a blocking GC Explicit
08-05 18:09:44.157 15940 15953 I art     : Explicit concurrent mark sweep GC freed 20(704B) AllocSpace objects, 0(0B) LOS objects, 22% free, 53MB/69MB, paused 859us total 34.859ms
08-05 18:09:44.169 15940 15953 I art     : Starting a blocking GC Explicit
08-05 18:09:44.204 15940 15953 I art     : Explicit concurrent mark sweep GC freed 3(96B) AllocSpace objects, 0(0B) LOS objects, 22% free, 53MB/69MB, paused 760us total 34.277ms
08-05 18:09:44.216 15940 15953 I art     : Starting a blocking GC Explicit
08-05 18:09:44.251 15940 15953 I art     : Explicit concurrent mark sweep GC freed 3(96B) AllocSpace objects, 0(0B) LOS objects, 22% free, 53MB/69MB, paused 705us total 34.109ms
08-05 18:09:44.263 15940 15953 I art     : Starting a blocking GC Explicit
08-05 18:09:44.296 15940 15953 I art     : Explicit concurrent mark sweep GC freed 3(96B) AllocSpace objects, 0(0B) LOS objects, 22% free, 53MB/69MB, paused 775us total 32.810ms
08-05 18:09:44.630 15940 16420 I art     : Starting a blocking GC Explicit
08-05 18:09:44.672 15940 16420 I art     : Explicit concurrent mark sweep GC freed 1344(78KB) AllocSpace objects, 1(20KB) LOS objects, 22% free, 53MB/69MB, paused 820us total 41.963ms
08-05 18:09:44.691 15940 16420 I art     : Starting a blocking GC Explicit
08-05 18:09:44.730 15940 16420 I art     : Explicit concurrent mark sweep GC freed 20(704B) AllocSpace objects, 0(0B) LOS objects, 22% free, 53MB/69MB, paused 762us total 39.088ms
08-05 18:09:44.745 15940 16420 I art     : Starting a blocking GC Explicit
08-05 18:09:44.778 12013 12013 I ServiceManager: Waiting for service AtCmdFwd...
08-05 18:09:44.782 15940 16420 I art     : Explicit concurrent mark sweep GC freed 3(96B) AllocSpace objects, 0(0B) LOS objects, 22% free, 53MB/69MB, paused 714us total 36.938ms
08-05 18:09:44.794 15940 16420 I art     : Starting a blocking GC Explicit
08-05 18:09:44.829 15940 16420 I art     : Explicit concurrent mark sweep GC freed 3(96B) AllocSpace objects, 0(0B) LOS objects, 22% free, 53MB/69MB, paused 750us total 34.480ms
08-05 18:09:44.841 15940 16420 I art     : Starting a blocking GC Explicit
08-05 18:09:44.874 15940 16420 I art     : Explicit concurrent mark sweep GC freed 3(96B) AllocSpace objects, 0(0B) LOS objects, 22% free, 53MB/69MB, paused 710us total 32.250ms
08-05 18:09:45.247 15940 16974 I art     : Starting a blocking GC Explicit
08-05 18:09:45.285 15940 16974 I art     : Explicit concurrent mark sweep GC freed 1344(78KB) AllocSpace objects, 1(20KB) LOS objects, 22% free, 53MB/69MB, paused 750us total 37.830ms
08-05 18:09:45.301 15940 16974 I art     : Starting a blocking GC Explicit
08-05 18:09:45.335 15940 16974 I art     : Explicit concurrent mark sweep GC freed 20(704B) AllocSpace objects, 0(0B) LOS objects, 22% free, 53MB/69MB, paused 747us total 34.515ms
08-05 18:09:45.348 15940 16974 I art     : Starting a blocking GC Explicit
08-05 18:09:45.381 15940 16974 I art     : Explicit concurrent mark sweep GC freed 3(96B) AllocSpace objects, 0(0B) LOS objects, 22% free, 53MB/69MB, paused 706us total 32.851ms
08-05 18:09:45.393 15940 16974 I art     : Starting a blocking GC Explicit
08-05 18:09:45.428 15940 16974 I art     : Explicit concurrent mark sweep GC freed 3(96B) AllocSpace objects, 0(0B) LOS objects, 22% free, 53MB/69MB, paused 826us total 35.012ms
08-05 18:09:45.440 15940 16974 I art     : Starting a blocking GC Explicit
08-05 18:09:45.475 15940 16974 I art     : Explicit concurrent mark sweep GC freed 3(96B) AllocSpace objects, 0(0B) LOS objects, 22% free, 53MB/69MB, paused 717us total 34.079ms
08-05 18:09:45.779 12013 12013 I ServiceManager: Waiting for service AtCmdFwd...
08-05 18:09:45.834 15940 15952 I art     : Starting a blocking GC Explicit
08-05 18:09:45.875 15940 15952 I art     : Explicit concurrent mark sweep GC freed 1344(78KB) AllocSpace objects, 1(20KB) LOS objects, 22% free, 53MB/69MB, paused 771us total 40.738ms
08-05 18:09:45.890 15940 15952 I art     : Starting a blocking GC Explicit
08-05 18:09:45.925 15940 15952 I art     : Explicit concurrent mark sweep GC freed 20(704B) AllocSpace objects, 0(0B) LOS objects, 22% free, 53MB/69MB, paused 757us total 34.920ms
08-05 18:09:45.937 15940 15952 I art     : Starting a blocking GC Explicit
08-05 18:09:45.971 15940 15952 I art     : Explicit concurrent mark sweep GC freed 3(96B) AllocSpace objects, 0(0B) LOS objects, 22% free, 53MB/69MB, paused 741us total 34.078ms
08-05 18:09:45.983 15940 15952 I art     : Starting a blocking GC Explicit
08-05 18:09:46.016 15940 15952 I art     : Explicit concurrent mark sweep GC freed 3(96B) AllocSpace objects, 0(0B) LOS objects, 22% free, 53MB/69MB, paused 747us total 32.425ms
08-05 18:09:46.028 15940 15952 I art     : Starting a blocking GC Explicit
08-05 18:09:46.063 15940 15952 I art     : Explicit concurrent mark sweep GC freed 3(96B) AllocSpace objects, 0(0B) LOS objects, 22% free, 53MB/69MB, paused 742us total 34.498ms
08-05 18:09:46.393 15940 15971 I art     : Starting a blocking GC Explicit
08-05 18:09:46.424 15940 15971 I art     : Explicit concurrent mark sweep GC freed 1365(79KB) AllocSpace objects, 1(20KB) LOS objects, 22% free, 53MB/69MB, paused 709us total 30.789ms
08-05 18:09:46.436 15940 15971 I art     : Starting a blocking GC Explicit
08-05 18:09:46.468 15940 15971 I art     : Explicit concurrent mark sweep GC freed 36(1216B) AllocSpace objects, 0(0B) LOS objects, 22% free, 53MB/69MB, paused 744us total 32.287ms
08-05 18:09:46.480 15940 15971 I art     : Starting a blocking GC Explicit
08-05 18:09:46.512 15940 15971 I art     : Explicit concurrent mark sweep GC freed 3(96B) AllocSpace objects, 0(0B) LOS objects, 22% free, 53MB/69MB, paused 730us total 31.580ms
08-05 18:09:46.524 15940 15971 I art     : Starting a blocking GC Explicit
08-05 18:09:46.557 15940 15971 I art     : Explicit concurrent mark sweep GC freed 3(96B) AllocSpace objects, 0(0B) LOS objects, 22% free, 53MB/69MB, paused 727us total 32.640ms
08-05 18:09:46.569 15940 15971 I art     : Starting a blocking GC Explicit
08-05 18:09:46.600 15940 15971 I art     : Explicit concurrent mark sweep GC freed 3(96B) AllocSpace objects, 0(0B) LOS objects, 22% free, 53MB/69MB, paused 696us total 31.417ms
08-05 18:09:46.780 12013 12013 I ServiceManager: Waiting for service AtCmdFwd...
08-05 18:09:46.823 19765 19765 D AndroidRuntime: >>>>>> START com.android.internal.os.RuntimeInit uid 2000 <<<<<<
08-05 18:09:46.829 19765 19765 D AndroidRuntime: CheckJNI is OFF
08-05 18:09:46.873 19765 19765 D ICU     : No timezone override file found: /data/misc/zoneinfo/current/icu/icu_tzdata.dat
08-05 18:09:46.916 19765 19765 I Radio-JNI: register_android_hardware_Radio DONE
08-05 18:09:46.921 15940 15953 I art     : Starting a blocking GC Explicit
08-05 18:09:46.946 19765 19765 D AndroidRuntime: Calling main entry com.android.commands.input.Input
08-05 18:09:46.948 19765 19765 I Input   : injectKeyEvent: KeyEvent { action=ACTION_DOWN, keyCode=KEYCODE_BACK, scanCode=0, metaState=0, flags=0x0, repeatCount=0, eventTime=814203361, downTime=814203361, deviceId=-1, source=0x101 }
08-05 18:09:46.955 15940 15953 I art     : Explicit concurrent mark sweep GC freed 1344(78KB) AllocSpace objects, 1(20KB) LOS objects, 22% free, 53MB/69MB, paused 829us total 33.305ms
08-05 18:09:46.955 19765 19765 I Input   : injectKeyEvent: KeyEvent { action=ACTION_UP, keyCode=KEYCODE_BACK, scanCode=0, metaState=0, flags=0x0, repeatCount=0, eventTime=814203361, downTime=814203361, deviceId=-1, source=0x101 }
08-05 18:09:46.961 19765 19765 D AndroidRuntime: Shutting down VM
08-05 18:09:46.967 15940 15953 I art     : Starting a blocking GC Explicit
08-05 18:09:46.994 15940 15953 I art     : Explicit concurrent mark sweep GC freed 163(6KB) AllocSpace objects, 0(0B) LOS objects, 22% free, 53MB/69MB, paused 700us total 27.059ms
08-05 18:09:47.002 13866 13866 I GoogleInputMethodServic: GoogleInputMethodService.onFinishInput():3138 
08-05 18:09:47.002 13866 13866 I GoogleInputMethodServic: GoogleInputMethodService.onStartInput():1808 
08-05 18:09:47.005 15940 15953 I art     : Starting a blocking GC Explicit
08-05 18:09:47.033 15940 15953 I art     : Explicit concurrent mark sweep GC freed 39(1424B) AllocSpace objects, 0(0B) LOS objects, 22% free, 53MB/69MB, paused 674us total 27.796ms
08-05 18:09:47.044 15940 15953 I art     : Starting a blocking GC Explicit
08-05 18:09:47.071 15940 15953 I art     : Explicit concurrent mark sweep GC freed 11(400B) AllocSpace objects, 0(0B) LOS objects, 22% free, 53MB/69MB, paused 660us total 27.090ms
08-05 18:09:47.082 15940 15953 I art     : Starting a blocking GC Explicit
08-05 18:09:47.110 15940 15953 I art     : Explicit concurrent mark sweep GC freed 3(96B) AllocSpace objects, 0(0B) LOS objects, 22% free, 53MB/69MB, paused 680us total 27.105ms
08-05 18:09:47.313   380   380 W SurfaceFlinger: couldn't log to binary event log: overflow.
08-05 18:09:47.403 15940 15952 I art     : Starting a blocking GC Explicit
08-05 18:09:47.436 15940 15952 I art     : Explicit concurrent mark sweep GC freed 1453(86KB) AllocSpace objects, 1(20KB) LOS objects, 22% free, 53MB/69MB, paused 773us total 32.319ms
08-05 18:09:47.452 15940 15952 I art     : Starting a blocking GC Explicit
08-05 18:09:47.482 15940 15952 I art     : Explicit concurrent mark sweep GC freed 1671(107KB) AllocSpace objects, 3(184KB) LOS objects, 22% free, 53MB/69MB, paused 680us total 29.081ms
08-05 18:09:47.493 15940 15952 I art     : Starting a blocking GC Explicit
08-05 18:09:47.523 15940 15952 I art     : Explicit concurrent mark sweep GC freed 3(96B) AllocSpace objects, 0(0B) LOS objects, 22% free, 53MB/69MB, paused 693us total 29.593ms
08-05 18:09:47.535 15940 15952 I art     : Starting a blocking GC Explicit
08-05 18:09:47.565 15940 15952 I art     : Explicit concurrent mark sweep GC freed 3(96B) AllocSpace objects, 0(0B) LOS objects, 22% free, 53MB/69MB, paused 706us total 29.766ms
08-05 18:09:47.576 15940 15952 I art     : Starting a blocking GC Explicit
08-05 18:09:47.607 15940 15952 I art     : Explicit concurrent mark sweep GC freed 3(96B) AllocSpace objects, 0(0B) LOS objects, 22% free, 53MB/69MB, paused 695us total 30.043ms
08-05 18:09:47.780 12013 12013 W Atfwd_Sendcmd: AtCmdFwd service not published, waiting... retryCnt : 4
08-05 18:09:47.918 15940 16974 I art     : Starting a blocking GC Explicit
08-05 18:09:47.956 15940 16974 I art     : Explicit concurrent mark sweep GC freed 1344(78KB) AllocSpace objects, 1(20KB) LOS objects, 22% free, 53MB/69MB, paused 728us total 37.470ms
08-05 18:09:47.969 15940 16974 I art     : Starting a blocking GC Explicit
08-05 18:09:48.000 15940 16974 I art     : Explicit concurrent mark sweep GC freed 20(704B) AllocSpace objects, 0(0B) LOS objects, 22% free, 53MB/69MB, paused 764us total 30.478ms
08-05 18:09:48.012 15940 16974 I art     : Starting a blocking GC Explicit
08-05 18:09:48.043 15940 16974 I art     : Explicit concurrent mark sweep GC freed 3(96B) AllocSpace objects, 0(0B) LOS objects, 22% free, 53MB/69MB, paused 700us total 30.302ms
08-05 18:09:48.054 15940 16974 I art     : Starting a blocking GC Explicit
08-05 18:09:48.085 15940 16974 I art     : Explicit concurrent mark sweep GC freed 3(96B) AllocSpace objects, 0(0B) LOS objects, 22% free, 53MB/69MB, paused 696us total 30.633ms
08-05 18:09:48.097 15940 16974 I art     : Starting a blocking GC Explicit
08-05 18:09:48.127 15940 16974 I art     : Explicit concurrent mark sweep GC freed 3(96B) AllocSpace objects, 0(0B) LOS objects, 22% free, 53MB/69MB, paused 784us total 29.953ms
08-05 18:09:48.430 15940 16420 I art     : Starting a blocking GC Explicit
08-05 18:09:48.462 15940 16420 I art     : Explicit concurrent mark sweep GC freed 1344(78KB) AllocSpace objects, 1(20KB) LOS objects, 22% free, 53MB/69MB, paused 735us total 32.070ms
08-05 18:09:48.474 15940 16420 I art     : Starting a blocking GC Explicit
08-05 18:09:48.503 15940 16420 I art     : Explicit concurrent mark sweep GC freed 20(704B) AllocSpace objects, 0(0B) LOS objects, 22% free, 53MB/69MB, paused 682us total 29.587ms
08-05 18:09:48.515 15940 16420 I art     : Starting a blocking GC Explicit
08-05 18:09:48.545 15940 16420 I art     : Explicit concurrent mark sweep GC freed 3(96B) AllocSpace objects, 0(0B) LOS objects, 22% free, 53MB/69MB, paused 713us total 29.492ms
08-05 18:09:48.556 15940 16420 I art     : Starting a blocking GC Explicit
08-05 18:09:48.588 15940 16420 I art     : Explicit concurrent mark sweep GC freed 3(96B) AllocSpace objects, 0(0B) LOS objects, 22% free, 53MB/69MB, paused 780us total 31.427ms
08-05 18:09:48.600 15940 16420 I art     : Starting a blocking GC Explicit
08-05 18:09:48.632 15940 16420 I art     : Explicit concurrent mark sweep GC freed 3(96B) AllocSpace objects, 0(0B) LOS objects, 22% free, 53MB/69MB, paused 722us total 31.612ms
08-05 18:09:48.773 19815 19815 D AndroidRuntime: >>>>>> START com.android.internal.os.RuntimeInit uid 2000 <<<<<<
08-05 18:09:48.781 19815 19815 D AndroidRuntime: CheckJNI is OFF
08-05 18:09:48.823 19815 19815 D ICU     : No timezone override file found: /data/misc/zoneinfo/current/icu/icu_tzdata.dat
08-05 18:09:48.865 19815 19815 I Radio-JNI: register_android_hardware_Radio DONE
08-05 18:09:48.893 19815 19815 D AndroidRuntime: Calling main entry com.android.commands.input.Input
08-05 18:09:48.895 19815 19815 I Input   : injectKeyEvent: KeyEvent { action=ACTION_DOWN, keyCode=KEYCODE_BACK, scanCode=0, metaState=0, flags=0x0, repeatCount=0, eventTime=814205308, downTime=814205308, deviceId=-1, source=0x101 }
08-05 18:09:48.900 19815 19815 I Input   : injectKeyEvent: KeyEvent { action=ACTION_UP, keyCode=KEYCODE_BACK, scanCode=0, metaState=0, flags=0x0, repeatCount=0, eventTime=814205308, downTime=814205308, deviceId=-1, source=0x101 }
08-05 18:09:48.906 19815 19815 D AndroidRuntime: Shutting down VM
08-05 18:09:48.942 13866 13866 I GoogleInputMethodServic: GoogleInputMethodService.onFinishInput():3138 
08-05 18:09:48.943 13866 13866 I GoogleInputMethodServic: GoogleInputMethodService.onStartInput():1808 
08-05 18:09:48.951 15940 16420 I art     : Starting a blocking GC Explicit
08-05 18:09:48.982 15940 16420 I art     : Explicit concurrent mark sweep GC freed 1550(87KB) AllocSpace objects, 1(20KB) LOS objects, 22% free, 53MB/69MB, paused 684us total 31.231ms
08-05 18:09:48.995 15940 16420 I art     : Starting a blocking GC Explicit
08-05 18:09:49.021 15940 16420 I art     : Explicit concurrent mark sweep GC freed 27(992B) AllocSpace objects, 0(0B) LOS objects, 22% free, 53MB/69MB, paused 634us total 25.283ms
08-05 18:09:49.032 15940 16420 I art     : Starting a blocking GC Explicit
08-05 18:09:49.060 15940 16420 I art     : Explicit concurrent mark sweep GC freed 3(96B) AllocSpace objects, 0(0B) LOS objects, 22% free, 53MB/69MB, paused 681us total 27.767ms
08-05 18:09:49.071 15940 16420 I art     : Starting a blocking GC Explicit
08-05 18:09:49.099 15940 16420 I art     : Explicit concurrent mark sweep GC freed 3(96B) AllocSpace objects, 0(0B) LOS objects, 22% free, 53MB/69MB, paused 925us total 27.703ms
08-05 18:09:49.114 15940 16420 I art     : Starting a blocking GC Explicit
08-05 18:09:49.147 15940 16420 I art     : Explicit concurrent mark sweep GC freed 3(96B) AllocSpace objects, 0(0B) LOS objects, 22% free, 53MB/69MB, paused 864us total 31.613ms
08-05 18:09:49.438 15940 15971 I art     : Starting a blocking GC Explicit
08-05 18:09:49.450   918  3261 D WifiStateMachine: starting scan for "H369AA63323"WPA_PSK with 2412,5180
08-05 18:09:49.474 15940 15971 I art     : Explicit concurrent mark sweep GC freed 2978(154KB) AllocSpace objects, 1(20KB) LOS objects, 22% free, 53MB/69MB, paused 740us total 35.835ms
08-05 18:09:49.489 15940 15971 I art     : Starting a blocking GC Explicit
08-05 18:09:49.518 15940 15971 I art     : Explicit concurrent mark sweep GC freed 2849(180KB) AllocSpace objects, 2(140KB) LOS objects, 23% free, 53MB/69MB, paused 799us total 28.630ms
08-05 18:09:49.529 15940 15971 I art     : Starting a blocking GC Explicit
08-05 18:09:49.557 15940 15971 I art     : Explicit concurrent mark sweep GC freed 3(96B) AllocSpace objects, 0(0B) LOS objects, 23% free, 53MB/69MB, paused 864us total 27.994ms
08-05 18:09:49.568 15940 15971 I art     : Starting a blocking GC Explicit
08-05 18:09:49.597 15940 15971 I art     : Explicit concurrent mark sweep GC freed 3(96B) AllocSpace objects, 0(0B) LOS objects, 23% free, 53MB/69MB, paused 731us total 28.092ms
08-05 18:09:49.608 15940 15971 I art     : Starting a blocking GC Explicit
08-05 18:09:49.637 15940 15971 I art     : Explicit concurrent mark sweep GC freed 3(96B) AllocSpace objects, 0(0B) LOS objects, 23% free, 53MB/69MB, paused 776us total 28.878ms
08-05 18:09:49.947 15940 16974 I art     : Starting a blocking GC Explicit
08-05 18:09:49.982 15940 16974 I art     : Explicit concurrent mark sweep GC freed 1344(78KB) AllocSpace objects, 1(20KB) LOS objects, 23% free, 53MB/69MB, paused 733us total 34.388ms
08-05 18:09:49.996 15940 16974 I art     : Starting a blocking GC Explicit
08-05 18:09:50.029 15940 16974 I art     : Explicit concurrent mark sweep GC freed 20(704B) AllocSpace objects, 0(0B) LOS objects, 23% free, 53MB/69MB, paused 707us total 32.999ms
08-05 18:09:50.041 15940 16974 I art     : Starting a blocking GC Explicit
08-05 18:09:50.069 15940 16974 I art     : Explicit concurrent mark sweep GC freed 3(96B) AllocSpace objects, 0(0B) LOS objects, 23% free, 53MB/69MB, paused 691us total 27.923ms
08-05 18:09:50.081 15940 16974 I art     : Starting a blocking GC Explicit
08-05 18:09:50.110 15940 16974 I art     : Explicit concurrent mark sweep GC freed 3(96B) AllocSpace objects, 0(0B) LOS objects, 23% free, 53MB/69MB, paused 771us total 28.834ms
08-05 18:09:50.121 15940 16974 I art     : Starting a blocking GC Explicit
08-05 18:09:50.149 15940 16974 I art     : Explicit concurrent mark sweep GC freed 3(96B) AllocSpace objects, 0(0B) LOS objects, 23% free, 53MB/69MB, paused 664us total 27.509ms
08-05 18:09:50.450 15940 15952 I art     : Starting a blocking GC Explicit
08-05 18:09:50.481 15940 15952 I art     : Explicit concurrent mark sweep GC freed 1341(78KB) AllocSpace objects, 1(20KB) LOS objects, 23% free, 53MB/69MB, paused 788us total 30.740ms
08-05 18:09:50.495 15940 15952 I art     : Starting a blocking GC Explicit
08-05 18:09:50.524 15940 15952 I art     : Explicit concurrent mark sweep GC freed 20(704B) AllocSpace objects, 0(0B) LOS objects, 23% free, 53MB/69MB, paused 721us total 28.389ms
08-05 18:09:50.535 15940 15952 I art     : Starting a blocking GC Explicit
08-05 18:09:50.565 15940 15952 I art     : Explicit concurrent mark sweep GC freed 3(96B) AllocSpace objects, 0(0B) LOS objects, 23% free, 53MB/69MB, paused 722us total 29.798ms
08-05 18:09:50.577 15940 15952 I art     : Starting a blocking GC Explicit
08-05 18:09:50.607 15940 15952 I art     : Explicit concurrent mark sweep GC freed 3(96B) AllocSpace objects, 0(0B) LOS objects, 23% free, 53MB/69MB, paused 798us total 29.822ms
08-05 18:09:50.618 15940 15952 I art     : Starting a blocking GC Explicit
08-05 18:09:50.647 15940 15952 I art     : Explicit concurrent mark sweep GC freed 3(96B) AllocSpace objects, 0(0B) LOS objects, 23% free, 53MB/69MB, paused 787us total 28.293ms
08-05 18:09:50.704 19869 19869 D AndroidRuntime: >>>>>> START com.android.internal.os.RuntimeInit uid 2000 <<<<<<
08-05 18:09:50.710 19869 19869 D AndroidRuntime: CheckJNI is OFF
08-05 18:09:50.759 19869 19869 D ICU     : No timezone override file found: /data/misc/zoneinfo/current/icu/icu_tzdata.dat
08-05 18:09:50.808 19869 19869 I Radio-JNI: register_android_hardware_Radio DONE
08-05 18:09:50.836 19869 19869 D AndroidRuntime: Calling main entry com.android.commands.input.Input
08-05 18:09:50.839 19869 19869 I Input   : injectMotionEvent: MotionEvent { action=ACTION_DOWN, actionButton=0, id[0]=0, x[0]=1084.0, y[0]=2213.0, toolType[0]=TOOL_TYPE_UNKNOWN, buttonState=0, metaState=0, flags=0x0, edgeFlags=0x0, pointerCount=1, historySize=0, eventTime=814207251, downTime=814207251, deviceId=0, source=0x1002 }
08-05 18:09:50.845 19869 19869 I Input   : injectMotionEvent: MotionEvent { action=ACTION_UP, actionButton=0, id[0]=0, x[0]=1084.0, y[0]=2213.0, toolType[0]=TOOL_TYPE_UNKNOWN, buttonState=0, metaState=0, flags=0x0, edgeFlags=0x0, pointerCount=1, historySize=0, eventTime=814207251, downTime=814207251, deviceId=0, source=0x1002 }
08-05 18:09:50.847   918  3696 I ActivityManager: START u0 {cmp=baseline.appteam.nith.hillffair/.activities.EventActivity} from uid 10675 on display 0
08-05 18:09:50.856 19869 19869 D AndroidRuntime: Shutting down VM
08-05 18:09:50.941 15940 15940 I NAPPA_EXPERIMENTATION: MetricNetworkRequestExecutionTime: REQUEST_DURATION_SYSTEM='54',REQUEST_DURATION_OKHTTP='40',REQUEST_SYNCHRONOUS='FALSE',RESPONSE_CODE='200',RESPONSE_METHOD='GET',RESPONSE_LENGTH_OKHTTP='1870',RESPONSE_LENGTH_HEADER='-2',REQUEST_PROTOCOL='http/1.1',REQUEST_URL='https://api-hillfair-2k16.herokuapp.com/api/app/club',
08-05 18:09:50.943 13866 13866 I GoogleInputMethodServic: GoogleInputMethodService.onFinishInput():3138 
08-05 18:09:50.943 13866 13866 I GoogleInputMethodServic: GoogleInputMethodService.onStartInput():1808 
08-05 18:09:50.964 15940 16420 I art     : Starting a blocking GC Explicit
08-05 18:09:50.997 15940 16420 I art     : Explicit concurrent mark sweep GC freed 7424(490KB) AllocSpace objects, 1(20KB) LOS objects, 23% free, 53MB/69MB, paused 1.249ms total 32.583ms
08-05 18:09:50.999   918   936 I ActivityManager: Displayed baseline.appteam.nith.hillffair/.activities.EventActivity: +141ms
08-05 18:09:51.010 15940 16420 I art     : Starting a blocking GC Explicit
08-05 18:09:51.038 15940 16420 I art     : Explicit concurrent mark sweep GC freed 454(19KB) AllocSpace objects, 0(0B) LOS objects, 23% free, 53MB/69MB, paused 724us total 27.639ms
08-05 18:09:51.049 15940 16420 I art     : Starting a blocking GC Explicit
08-05 18:09:51.075 15940 16420 I art     : Explicit concurrent mark sweep GC freed 9(352B) AllocSpace objects, 0(0B) LOS objects, 23% free, 53MB/69MB, paused 713us total 25.634ms
08-05 18:09:51.086 15940 16420 I art     : Starting a blocking GC Explicit
08-05 18:09:51.116 15940 16420 I art     : Explicit concurrent mark sweep GC freed 3(96B) AllocSpace objects, 0(0B) LOS objects, 23% free, 53MB/69MB, paused 869us total 30.042ms
08-05 18:09:51.130 15940 16420 I art     : Starting a blocking GC Explicit
08-05 18:09:51.163 15940 16420 I art     : Explicit concurrent mark sweep GC freed 3(96B) AllocSpace objects, 0(0B) LOS objects, 23% free, 53MB/69MB, paused 699us total 32.409ms
08-05 18:09:51.251   380   380 W SurfaceFlinger: couldn't log to binary event log: overflow.
08-05 18:09:51.459 15940 16420 I art     : Starting a blocking GC Explicit
08-05 18:09:51.489 15940 16420 I art     : Explicit concurrent mark sweep GC freed 1414(83KB) AllocSpace objects, 1(20KB) LOS objects, 23% free, 53MB/69MB, paused 719us total 29.904ms
08-05 18:09:51.501 15940 16420 I art     : Starting a blocking GC Explicit
08-05 18:09:51.531 15940 16420 I art     : Explicit concurrent mark sweep GC freed 20(704B) AllocSpace objects, 0(0B) LOS objects, 23% free, 53MB/69MB, paused 736us total 29.768ms
08-05 18:09:51.542 15940 16420 I art     : Starting a blocking GC Explicit
08-05 18:09:51.573 15940 16420 I art     : Explicit concurrent mark sweep GC freed 3(96B) AllocSpace objects, 0(0B) LOS objects, 23% free, 53MB/69MB, paused 751us total 29.984ms
08-05 18:09:51.584 15940 16420 I art     : Starting a blocking GC Explicit
08-05 18:09:51.615 15940 16420 I art     : Explicit concurrent mark sweep GC freed 3(96B) AllocSpace objects, 0(0B) LOS objects, 23% free, 53MB/69MB, paused 718us total 30.115ms
08-05 18:09:51.626 15940 16420 I art     : Starting a blocking GC Explicit
08-05 18:09:51.657 15940 16420 I art     : Explicit concurrent mark sweep GC freed 3(96B) AllocSpace objects, 0(0B) LOS objects, 23% free, 53MB/69MB, paused 702us total 29.918ms
08-05 18:09:51.970 15940 16974 I art     : Starting a blocking GC Explicit
08-05 18:09:52.013 15940 16974 I art     : Explicit concurrent mark sweep GC freed 1344(78KB) AllocSpace objects, 1(20KB) LOS objects, 23% free, 53MB/69MB, paused 1.101ms total 42.508ms
08-05 18:09:52.033 15940 16974 I art     : Starting a blocking GC Explicit
08-05 18:09:52.065 15940 16974 I art     : Explicit concurrent mark sweep GC freed 20(704B) AllocSpace objects, 0(0B) LOS objects, 23% free, 53MB/69MB, paused 726us total 31.823ms
08-05 18:09:52.077 15940 16974 I art     : Starting a blocking GC Explicit
08-05 18:09:52.107 15940 16974 I art     : Explicit concurrent mark sweep GC freed 3(96B) AllocSpace objects, 0(0B) LOS objects, 23% free, 53MB/69MB, paused 788us total 30.117ms
08-05 18:09:52.119 15940 16974 I art     : Starting a blocking GC Explicit
08-05 18:09:52.149 15940 16974 I art     : Explicit concurrent mark sweep GC freed 3(96B) AllocSpace objects, 0(0B) LOS objects, 23% free, 53MB/69MB, paused 693us total 29.598ms
08-05 18:09:52.160 15940 16974 I art     : Starting a blocking GC Explicit
08-05 18:09:52.190 15940 16974 I art     : Explicit concurrent mark sweep GC freed 3(96B) AllocSpace objects, 0(0B) LOS objects, 23% free, 53MB/69MB, paused 721us total 29.874ms
08-05 18:09:52.511 15940 15953 I art     : Starting a blocking GC Explicit
08-05 18:09:52.549 15940 15953 I art     : Explicit concurrent mark sweep GC freed 1344(78KB) AllocSpace objects, 1(20KB) LOS objects, 23% free, 53MB/69MB, paused 835us total 37.333ms
08-05 18:09:52.562 15940 15953 I art     : Starting a blocking GC Explicit
08-05 18:09:52.593 15940 15953 I art     : Explicit concurrent mark sweep GC freed 20(704B) AllocSpace objects, 0(0B) LOS objects, 23% free, 53MB/69MB, paused 726us total 30.133ms
08-05 18:09:52.605 15940 15953 I art     : Starting a blocking GC Explicit
08-05 18:09:52.637 15940 15953 I art     : Explicit concurrent mark sweep GC freed 3(96B) AllocSpace objects, 0(0B) LOS objects, 23% free, 53MB/69MB, paused 845us total 32.486ms
08-05 18:09:52.650 15940 15953 I art     : Starting a blocking GC Explicit
08-05 18:09:52.683 15940 15953 I art     : Explicit concurrent mark sweep GC freed 3(96B) AllocSpace objects, 0(0B) LOS objects, 23% free, 53MB/69MB, paused 727us total 33.017ms
08-05 18:09:52.695 15940 15953 I art     : Starting a blocking GC Explicit
08-05 18:09:52.727 15940 15953 I art     : Explicit concurrent mark sweep GC freed 3(96B) AllocSpace objects, 0(0B) LOS objects, 23% free, 53MB/69MB, paused 858us total 31.683ms
08-05 18:09:53.061 15940 15952 I art     : Starting a blocking GC Explicit
08-05 18:09:53.101 15940 15952 I art     : Explicit concurrent mark sweep GC freed 1344(78KB) AllocSpace objects, 1(20KB) LOS objects, 23% free, 53MB/69MB, paused 802us total 39.268ms
08-05 18:09:53.118 15940 15952 I art     : Starting a blocking GC Explicit
08-05 18:09:53.154 15940 15952 I art     : Explicit concurrent mark sweep GC freed 20(704B) AllocSpace objects, 0(0B) LOS objects, 23% free, 53MB/69MB, paused 746us total 35.504ms
08-05 18:09:53.166 15940 15952 I art     : Starting a blocking GC Explicit
08-05 18:09:53.199 15940 15952 I art     : Explicit concurrent mark sweep GC freed 3(96B) AllocSpace objects, 0(0B) LOS objects, 23% free, 53MB/69MB, paused 748us total 32.525ms
08-05 18:09:53.211 15940 15952 I art     : Starting a blocking GC Explicit
08-05 18:09:53.242 15940 15952 I art     : Explicit concurrent mark sweep GC freed 3(96B) AllocSpace objects, 0(0B) LOS objects, 23% free, 53MB/69MB, paused 724us total 30.864ms
08-05 18:09:53.254 15940 15952 I art     : Starting a blocking GC Explicit
08-05 18:09:53.287 15940 15952 I art     : Explicit concurrent mark sweep GC freed 3(96B) AllocSpace objects, 0(0B) LOS objects, 23% free, 53MB/69MB, paused 831us total 33.009ms
08-05 18:09:53.635 15940 15971 I art     : Starting a blocking GC Explicit
08-05 18:09:53.675 15940 15971 I art     : Explicit concurrent mark sweep GC freed 1344(78KB) AllocSpace objects, 1(20KB) LOS objects, 23% free, 53MB/69MB, paused 786us total 40.012ms
08-05 18:09:53.690 15940 15971 I art     : Starting a blocking GC Explicit
08-05 18:09:53.722 15940 15971 I art     : Explicit concurrent mark sweep GC freed 20(704B) AllocSpace objects, 0(0B) LOS objects, 23% free, 53MB/69MB, paused 696us total 31.632ms
08-05 18:09:53.734 15940 15971 I art     : Starting a blocking GC Explicit
08-05 18:09:53.766 15940 15971 I art     : Explicit concurrent mark sweep GC freed 3(96B) AllocSpace objects, 0(0B) LOS objects, 23% free, 53MB/69MB, paused 746us total 31.387ms
08-05 18:09:53.778 15940 15971 I art     : Starting a blocking GC Explicit
08-05 18:09:53.811 15940 15971 I art     : Explicit concurrent mark sweep GC freed 3(96B) AllocSpace objects, 0(0B) LOS objects, 23% free, 53MB/69MB, paused 717us total 32.429ms
08-05 18:09:53.823 15940 15971 I art     : Starting a blocking GC Explicit
08-05 18:09:53.855 15940 15971 I art     : Explicit concurrent mark sweep GC freed 3(96B) AllocSpace objects, 0(0B) LOS objects, 23% free, 53MB/69MB, paused 694us total 32.169ms
08-05 18:09:54.187 15940 16974 I art     : Starting a blocking GC Explicit
08-05 18:09:54.226 15940 16974 I art     : Explicit concurrent mark sweep GC freed 1344(78KB) AllocSpace objects, 1(20KB) LOS objects, 23% free, 53MB/69MB, paused 747us total 38.352ms
08-05 18:09:54.245 15940 16974 I art     : Starting a blocking GC Explicit
08-05 18:09:54.273 15940 16974 I art     : Explicit concurrent mark sweep GC freed 38(1376B) AllocSpace objects, 0(0B) LOS objects, 23% free, 53MB/69MB, paused 712us total 28.639ms
08-05 18:09:54.285 15940 16974 I art     : Starting a blocking GC Explicit
08-05 18:09:54.317 15940 16974 I art     : Explicit concurrent mark sweep GC freed 3(96B) AllocSpace objects, 0(0B) LOS objects, 23% free, 53MB/69MB, paused 820us total 31.742ms
08-05 18:09:54.329 15940 16974 I art     : Starting a blocking GC Explicit
08-05 18:09:54.361 15940 16974 I art     : Explicit concurrent mark sweep GC freed 3(96B) AllocSpace objects, 0(0B) LOS objects, 23% free, 53MB/69MB, paused 716us total 31.380ms
08-05 18:09:54.373 15940 16974 I art     : Starting a blocking GC Explicit
08-05 18:09:54.406 15940 16974 I art     : Explicit concurrent mark sweep GC freed 3(96B) AllocSpace objects, 0(0B) LOS objects, 23% free, 53MB/69MB, paused 740us total 32.887ms
08-05 18:09:54.750 15940 15953 I art     : Starting a blocking GC Explicit
08-05 18:09:54.795 15940 15953 I art     : Explicit concurrent mark sweep GC freed 1344(78KB) AllocSpace objects, 1(20KB) LOS objects, 23% free, 53MB/69MB, paused 836us total 44.310ms
08-05 18:09:54.812 15940 15953 I art     : Starting a blocking GC Explicit
08-05 18:09:54.848 15940 15953 I art     : Explicit concurrent mark sweep GC freed 20(704B) AllocSpace objects, 0(0B) LOS objects, 23% free, 53MB/69MB, paused 900us total 35.551ms
08-05 18:09:54.860 15940 15953 I art     : Starting a blocking GC Explicit
08-05 18:09:54.893 15940 15953 I art     : Explicit concurrent mark sweep GC freed 3(96B) AllocSpace objects, 0(0B) LOS objects, 23% free, 53MB/69MB, paused 746us total 32.556ms
08-05 18:09:54.906 15940 15953 I art     : Starting a blocking GC Explicit
08-05 18:09:54.938 15940 15953 I art     : Explicit concurrent mark sweep GC freed 3(96B) AllocSpace objects, 0(0B) LOS objects, 23% free, 53MB/69MB, paused 857us total 32.214ms
08-05 18:09:54.950 15940 15953 I art     : Starting a blocking GC Explicit
08-05 18:09:54.982 15940 15953 I art     : Explicit concurrent mark sweep GC freed 3(96B) AllocSpace objects, 0(0B) LOS objects, 23% free, 53MB/69MB, paused 717us total 31.469ms
08-05 18:09:55.291 15940 15952 I art     : Starting a blocking GC Explicit
08-05 18:09:55.327 15940 15952 I art     : Explicit concurrent mark sweep GC freed 1344(78KB) AllocSpace objects, 1(20KB) LOS objects, 23% free, 53MB/69MB, paused 785us total 35.442ms
08-05 18:09:55.343 15940 15952 I art     : Starting a blocking GC Explicit
08-05 18:09:55.372 15940 15952 I art     : Explicit concurrent mark sweep GC freed 20(704B) AllocSpace objects, 0(0B) LOS objects, 23% free, 53MB/69MB, paused 743us total 28.801ms
08-05 18:09:55.384 15940 15952 I art     : Starting a blocking GC Explicit
08-05 18:09:55.415 15940 15952 I art     : Explicit concurrent mark sweep GC freed 3(96B) AllocSpace objects, 0(0B) LOS objects, 23% free, 53MB/69MB, paused 739us total 31ms
08-05 18:09:55.427 15940 15952 I art     : Starting a blocking GC Explicit
08-05 18:09:55.457 15940 15952 I art     : Explicit concurrent mark sweep GC freed 3(96B) AllocSpace objects, 0(0B) LOS objects, 23% free, 53MB/69MB, paused 818us total 30.363ms
08-05 18:09:55.469 15940 15952 I art     : Starting a blocking GC Explicit
08-05 18:09:55.500 15940 15952 I art     : Explicit concurrent mark sweep GC freed 3(96B) AllocSpace objects, 0(0B) LOS objects, 23% free, 53MB/69MB, paused 738us total 30.489ms
08-05 18:09:55.500 15940 15951 I art     : WaitForGcToComplete blocked for 18.657ms for cause HeapTrim
08-05 18:09:55.697 19974 19974 D AndroidRuntime: >>>>>> START com.android.internal.os.RuntimeInit uid 2000 <<<<<<
08-05 18:09:55.704 19974 19974 D AndroidRuntime: CheckJNI is OFF
08-05 18:09:55.748 19974 19974 D ICU     : No timezone override file found: /data/misc/zoneinfo/current/icu/icu_tzdata.dat
08-05 18:09:55.789 19974 19974 I Radio-JNI: register_android_hardware_Radio DONE
08-05 18:09:55.819 19974 19974 D AndroidRuntime: Calling main entry com.android.commands.input.Input
08-05 18:09:55.821 19974 19974 I Input   : injectMotionEvent: MotionEvent { action=ACTION_DOWN, actionButton=0, id[0]=0, x[0]=255.0, y[0]=1845.0, toolType[0]=TOOL_TYPE_UNKNOWN, buttonState=0, metaState=0, flags=0x0, edgeFlags=0x0, pointerCount=1, historySize=0, eventTime=814212233, downTime=814212233, deviceId=0, source=0x1002 }
08-05 18:09:55.826 19974 19974 I Input   : injectMotionEvent: MotionEvent { action=ACTION_UP, actionButton=0, id[0]=0, x[0]=255.0, y[0]=1845.0, toolType[0]=TOOL_TYPE_UNKNOWN, buttonState=0, metaState=0, flags=0x0, edgeFlags=0x0, pointerCount=1, historySize=0, eventTime=814212233, downTime=814212233, deviceId=0, source=0x1002 }
08-05 18:09:55.828   918  3696 I ActivityManager: START u0 {cmp=baseline.appteam.nith.hillffair/.activities.ClubActivity (has extras)} from uid 10675 on display 0
08-05 18:09:55.835 19974 19974 D AndroidRuntime: Shutting down VM
08-05 18:09:55.856 15940 15953 I art     : Starting a blocking GC Explicit
08-05 18:09:55.892 15940 15953 I art     : Explicit concurrent mark sweep GC freed 4848(329KB) AllocSpace objects, 1(20KB) LOS objects, 22% free, 53MB/69MB, paused 2.494ms total 35.875ms
08-05 18:09:55.904 15940 15953 I art     : Starting a blocking GC Explicit
08-05 18:09:55.932 15940 15953 I art     : Explicit concurrent mark sweep GC freed 469(47KB) AllocSpace objects, 0(0B) LOS objects, 22% free, 53MB/69MB, paused 1.081ms total 27.729ms
08-05 18:09:55.940 15940 15940 I NAPPA_EXPERIMENTATION: MetricNetworkRequestExecutionTime: REQUEST_DURATION_SYSTEM='62',REQUEST_DURATION_OKHTTP='40',REQUEST_SYNCHRONOUS='FALSE',RESPONSE_CODE='200',RESPONSE_METHOD='GET',RESPONSE_LENGTH_OKHTTP='1171',RESPONSE_LENGTH_HEADER='-2',REQUEST_PROTOCOL='http/1.1',REQUEST_URL='https://api-hillfair-2k16.herokuapp.com/api/app/club/Technical%20Committee',
08-05 18:09:55.943 15940 15953 I art     : Starting a blocking GC Explicit
08-05 18:09:55.947   918   936 I ActivityManager: Displayed baseline.appteam.nith.hillffair/.activities.ClubActivity: +112ms
08-05 18:09:55.948 13866 13866 I GoogleInputMethodServic: GoogleInputMethodService.onFinishInput():3138 
08-05 18:09:55.948 13866 13866 I GoogleInputMethodServic: GoogleInputMethodService.onStartInput():1808 
08-05 18:09:55.972 15940 15953 I art     : Explicit concurrent mark sweep GC freed 647(48KB) AllocSpace objects, 0(0B) LOS objects, 22% free, 53MB/69MB, paused 848us total 28.477ms
08-05 18:09:55.984 15940 15953 I art     : Starting a blocking GC Explicit
08-05 18:09:56.012 15940 15953 I art     : Explicit concurrent mark sweep GC freed 68(2336B) AllocSpace objects, 0(0B) LOS objects, 22% free, 53MB/69MB, paused 699us total 27.164ms
08-05 18:09:56.023 15940 15953 I art     : Starting a blocking GC Explicit
08-05 18:09:56.050 15940 15953 I art     : Explicit concurrent mark sweep GC freed 6(192B) AllocSpace objects, 0(0B) LOS objects, 22% free, 53MB/69MB, paused 800us total 27.093ms
08-05 18:09:56.206   380   380 W SurfaceFlinger: couldn't log to binary event log: overflow.
08-05 18:09:56.347 15940 15971 I art     : Starting a blocking GC Explicit
08-05 18:09:56.375 15940 15971 I art     : Explicit concurrent mark sweep GC freed 1449(84KB) AllocSpace objects, 1(20KB) LOS objects, 22% free, 53MB/69MB, paused 674us total 27.768ms
08-05 18:09:56.386 15940 15971 I art     : Starting a blocking GC Explicit
08-05 18:09:56.413 15940 15971 I art     : Explicit concurrent mark sweep GC freed 36(1264B) AllocSpace objects, 0(0B) LOS objects, 22% free, 53MB/69MB, paused 720us total 27.193ms
08-05 18:09:56.424 15940 15971 I art     : Starting a blocking GC Explicit
08-05 18:09:56.453 15940 15971 I art     : Explicit concurrent mark sweep GC freed 3(96B) AllocSpace objects, 0(0B) LOS objects, 22% free, 53MB/69MB, paused 740us total 28.226ms
08-05 18:09:56.464 15940 15971 I art     : Starting a blocking GC Explicit
08-05 18:09:56.494 15940 15971 I art     : Explicit concurrent mark sweep GC freed 3(96B) AllocSpace objects, 0(0B) LOS objects, 22% free, 53MB/69MB, paused 716us total 29.425ms
08-05 18:09:56.505 15940 15971 I art     : Starting a blocking GC Explicit
08-05 18:09:56.535 15940 15971 I art     : Explicit concurrent mark sweep GC freed 3(96B) AllocSpace objects, 0(0B) LOS objects, 22% free, 53MB/69MB, paused 746us total 30.004ms
08-05 18:09:56.852 15940 15953 I art     : Starting a blocking GC Explicit
08-05 18:09:56.887 15940 15953 I art     : Explicit concurrent mark sweep GC freed 1344(78KB) AllocSpace objects, 1(20KB) LOS objects, 22% free, 53MB/69MB, paused 761us total 34.454ms
08-05 18:09:56.899 15940 15953 I art     : Starting a blocking GC Explicit
08-05 18:09:56.930 15940 15953 I art     : Explicit concurrent mark sweep GC freed 20(704B) AllocSpace objects, 0(0B) LOS objects, 22% free, 53MB/69MB, paused 760us total 30.862ms
08-05 18:09:56.942 15940 15953 I art     : Starting a blocking GC Explicit
08-05 18:09:56.973 15940 15953 I art     : Explicit concurrent mark sweep GC freed 3(96B) AllocSpace objects, 0(0B) LOS objects, 22% free, 53MB/69MB, paused 721us total 31.178ms
08-05 18:09:56.985 15940 15953 I art     : Starting a blocking GC Explicit
08-05 18:09:57.016 15940 15953 I art     : Explicit concurrent mark sweep GC freed 3(96B) AllocSpace objects, 0(0B) LOS objects, 22% free, 53MB/69MB, paused 759us total 31.098ms
08-05 18:09:57.028 15940 15953 I art     : Starting a blocking GC Explicit
08-05 18:09:57.059 15940 15953 I art     : Explicit concurrent mark sweep GC freed 3(96B) AllocSpace objects, 0(0B) LOS objects, 22% free, 53MB/69MB, paused 754us total 30.749ms
08-05 18:09:57.382 15940 15952 I art     : Starting a blocking GC Explicit
08-05 18:09:57.426 15940 15952 I art     : Explicit concurrent mark sweep GC freed 1344(78KB) AllocSpace objects, 1(20KB) LOS objects, 22% free, 53MB/69MB, paused 821us total 43.382ms
08-05 18:09:57.443 15940 15952 I art     : Starting a blocking GC Explicit
08-05 18:09:57.475 15940 15952 I art     : Explicit concurrent mark sweep GC freed 20(704B) AllocSpace objects, 0(0B) LOS objects, 22% free, 53MB/69MB, paused 753us total 31.667ms
08-05 18:09:57.487 15940 15952 I art     : Starting a blocking GC Explicit
08-05 18:09:57.521 15940 15952 I art     : Explicit concurrent mark sweep GC freed 3(96B) AllocSpace objects, 0(0B) LOS objects, 22% free, 53MB/69MB, paused 743us total 33.843ms
08-05 18:09:57.533 15940 15952 I art     : Starting a blocking GC Explicit
08-05 18:09:57.567 15940 15952 I art     : Explicit concurrent mark sweep GC freed 3(96B) AllocSpace objects, 0(0B) LOS objects, 22% free, 53MB/69MB, paused 831us total 33.425ms
08-05 18:09:57.579 15940 15952 I art     : Starting a blocking GC Explicit
08-05 18:09:57.612 15940 15952 I art     : Explicit concurrent mark sweep GC freed 3(96B) AllocSpace objects, 0(0B) LOS objects, 22% free, 53MB/69MB, paused 765us total 33.209ms
08-05 18:09:57.709   918  3188 I hubconnection: sensorhub said: 'set_bias 3: -5.6352, 0.0000, 0.0000'
08-05 18:09:57.949 15940 16974 I art     : Starting a blocking GC Explicit
08-05 18:09:57.988 15940 16974 I art     : Explicit concurrent mark sweep GC freed 1365(79KB) AllocSpace objects, 1(20KB) LOS objects, 22% free, 53MB/69MB, paused 873us total 37.931ms
08-05 18:09:58.000 15940 16974 I art     : Starting a blocking GC Explicit
08-05 18:09:58.034 15940 16974 I art     : Explicit concurrent mark sweep GC freed 36(1216B) AllocSpace objects, 0(0B) LOS objects, 22% free, 53MB/69MB, paused 752us total 33.573ms
08-05 18:09:58.046 15940 16974 I art     : Starting a blocking GC Explicit
08-05 18:09:58.078 15940 16974 I art     : Explicit concurrent mark sweep GC freed 3(96B) AllocSpace objects, 0(0B) LOS objects, 22% free, 53MB/69MB, paused 720us total 31.823ms
08-05 18:09:58.090 15940 16974 I art     : Starting a blocking GC Explicit
08-05 18:09:58.124 15940 16974 I art     : Explicit concurrent mark sweep GC freed 3(96B) AllocSpace objects, 0(0B) LOS objects, 22% free, 53MB/69MB, paused 740us total 33.491ms
08-05 18:09:58.136 15940 16974 I art     : Starting a blocking GC Explicit
08-05 18:09:58.170 15940 16974 I art     : Explicit concurrent mark sweep GC freed 3(96B) AllocSpace objects, 0(0B) LOS objects, 22% free, 53MB/69MB, paused 755us total 33.554ms
08-05 18:09:58.509 15940 16420 I art     : Starting a blocking GC Explicit
08-05 18:09:58.552 15940 16420 I art     : Explicit concurrent mark sweep GC freed 1344(78KB) AllocSpace objects, 1(20KB) LOS objects, 22% free, 53MB/69MB, paused 732us total 42.606ms
08-05 18:09:58.567 15940 16420 I art     : Starting a blocking GC Explicit
08-05 18:09:58.601 15940 16420 I art     : Explicit concurrent mark sweep GC freed 20(704B) AllocSpace objects, 0(0B) LOS objects, 22% free, 53MB/69MB, paused 737us total 33.276ms
08-05 18:09:58.613 15940 16420 I art     : Starting a blocking GC Explicit
08-05 18:09:58.647 15940 16420 I art     : Explicit concurrent mark sweep GC freed 3(96B) AllocSpace objects, 0(0B) LOS objects, 22% free, 53MB/69MB, paused 800us total 33.801ms
08-05 18:09:58.659 15940 16420 I art     : Starting a blocking GC Explicit
08-05 18:09:58.692 15940 16420 I art     : Explicit concurrent mark sweep GC freed 3(96B) AllocSpace objects, 0(0B) LOS objects, 22% free, 53MB/69MB, paused 699us total 32.331ms
08-05 18:09:58.704 15940 16420 I art     : Starting a blocking GC Explicit
08-05 18:09:58.739 15940 16420 I art     : Explicit concurrent mark sweep GC freed 3(96B) AllocSpace objects, 0(0B) LOS objects, 22% free, 53MB/69MB, paused 729us total 35.018ms
08-05 18:09:59.061 15940 15971 I art     : Starting a blocking GC Explicit
08-05 18:09:59.100 15940 15971 I art     : Explicit concurrent mark sweep GC freed 1344(78KB) AllocSpace objects, 1(20KB) LOS objects, 22% free, 53MB/69MB, paused 795us total 38.593ms
08-05 18:09:59.115 15940 15971 I art     : Starting a blocking GC Explicit
08-05 18:09:59.149 15940 15971 I art     : Explicit concurrent mark sweep GC freed 20(704B) AllocSpace objects, 0(0B) LOS objects, 22% free, 53MB/69MB, paused 753us total 34.012ms
08-05 18:09:59.161 15940 15971 I art     : Starting a blocking GC Explicit
08-05 18:09:59.194 15940 15971 I art     : Explicit concurrent mark sweep GC freed 3(96B) AllocSpace objects, 0(0B) LOS objects, 22% free, 53MB/69MB, paused 717us total 31.876ms
08-05 18:09:59.206 15940 15971 I art     : Starting a blocking GC Explicit
08-05 18:09:59.238 15940 15971 I art     : Explicit concurrent mark sweep GC freed 3(96B) AllocSpace objects, 0(0B) LOS objects, 22% free, 53MB/69MB, paused 948us total 32.195ms
08-05 18:09:59.250 15940 15971 I art     : Starting a blocking GC Explicit
08-05 18:09:59.282 15940 15971 I art     : Explicit concurrent mark sweep GC freed 3(96B) AllocSpace objects, 0(0B) LOS objects, 22% free, 53MB/69MB, paused 741us total 31.553ms
08-05 18:09:59.620 15940 15953 I art     : Starting a blocking GC Explicit
08-05 18:09:59.664 15940 15953 I art     : Explicit concurrent mark sweep GC freed 1344(78KB) AllocSpace objects, 1(20KB) LOS objects, 22% free, 53MB/69MB, paused 815us total 42.870ms
08-05 18:09:59.681 15940 15953 I art     : Starting a blocking GC Explicit
08-05 18:09:59.714 15940 15953 I art     : Explicit concurrent mark sweep GC freed 20(704B) AllocSpace objects, 0(0B) LOS objects, 22% free, 53MB/69MB, paused 772us total 33.235ms
08-05 18:09:59.727 15940 15953 I art     : Starting a blocking GC Explicit
08-05 18:09:59.761 15940 15953 I art     : Explicit concurrent mark sweep GC freed 3(96B) AllocSpace objects, 0(0B) LOS objects, 22% free, 53MB/69MB, paused 740us total 33.831ms
08-05 18:09:59.773 15940 15953 I art     : Starting a blocking GC Explicit
08-05 18:09:59.805 15940 15953 I art     : Explicit concurrent mark sweep GC freed 3(96B) AllocSpace objects, 0(0B) LOS objects, 22% free, 53MB/69MB, paused 717us total 31.578ms
08-05 18:09:59.817 15940 15953 I art     : Starting a blocking GC Explicit
08-05 18:09:59.851 15940 15953 I art     : Explicit concurrent mark sweep GC freed 3(96B) AllocSpace objects, 0(0B) LOS objects, 22% free, 53MB/69MB, paused 760us total 33.888ms
08-05 18:10:00.171 15940 15952 I art     : Starting a blocking GC Explicit
08-05 18:10:00.202 15940 15952 I art     : Explicit concurrent mark sweep GC freed 1344(78KB) AllocSpace objects, 1(20KB) LOS objects, 22% free, 53MB/69MB, paused 748us total 30.294ms
08-05 18:10:00.214 15940 15952 I art     : Starting a blocking GC Explicit
08-05 18:10:00.244 15940 15952 I art     : Explicit concurrent mark sweep GC freed 20(704B) AllocSpace objects, 0(0B) LOS objects, 22% free, 53MB/69MB, paused 729us total 30.142ms
08-05 18:10:00.255 15940 15952 I art     : Starting a blocking GC Explicit
08-05 18:10:00.286 15940 15952 I art     : Explicit concurrent mark sweep GC freed 3(96B) AllocSpace objects, 0(0B) LOS objects, 22% free, 53MB/69MB, paused 715us total 30.232ms
08-05 18:10:00.298 15940 15952 I art     : Starting a blocking GC Explicit
08-05 18:10:00.330 15940 15952 I art     : Explicit concurrent mark sweep GC freed 3(96B) AllocSpace objects, 0(0B) LOS objects, 22% free, 53MB/69MB, paused 767us total 31.464ms
08-05 18:10:00.341 15940 15952 I art     : Starting a blocking GC Explicit
08-05 18:10:00.374 15940 15952 I art     : Explicit concurrent mark sweep GC freed 3(96B) AllocSpace objects, 0(0B) LOS objects, 22% free, 53MB/69MB, paused 745us total 32.132ms
08-05 18:10:00.623 20088 20088 D AndroidRuntime: >>>>>> START com.android.internal.os.RuntimeInit uid 2000 <<<<<<
08-05 18:10:00.629 20088 20088 D AndroidRuntime: CheckJNI is OFF
08-05 18:10:00.672 20088 20088 D ICU     : No timezone override file found: /data/misc/zoneinfo/current/icu/icu_tzdata.dat
08-05 18:10:00.699 15940 16974 I art     : Starting a blocking GC Explicit
08-05 18:10:00.716 20088 20088 I Radio-JNI: register_android_hardware_Radio DONE
08-05 18:10:00.731 15940 16974 I art     : Explicit concurrent mark sweep GC freed 1344(78KB) AllocSpace objects, 1(20KB) LOS objects, 22% free, 53MB/69MB, paused 781us total 32.140ms
08-05 18:10:00.743 15940 16974 I art     : Starting a blocking GC Explicit
08-05 18:10:00.746 20088 20088 D AndroidRuntime: Calling main entry com.android.commands.input.Input
08-05 18:10:00.748 20088 20088 I Input   : injectKeyEvent: KeyEvent { action=ACTION_DOWN, keyCode=KEYCODE_BACK, scanCode=0, metaState=0, flags=0x0, repeatCount=0, eventTime=814217161, downTime=814217161, deviceId=-1, source=0x101 }
08-05 18:10:00.754 20088 20088 I Input   : injectKeyEvent: KeyEvent { action=ACTION_UP, keyCode=KEYCODE_BACK, scanCode=0, metaState=0, flags=0x0, repeatCount=0, eventTime=814217161, downTime=814217161, deviceId=-1, source=0x101 }
08-05 18:10:00.763 20088 20088 D AndroidRuntime: Shutting down VM
08-05 18:10:00.773 15940 16974 I art     : Explicit concurrent mark sweep GC freed 150(6KB) AllocSpace objects, 0(0B) LOS objects, 22% free, 53MB/69MB, paused 802us total 29.709ms
08-05 18:10:00.785 15940 16974 I art     : Starting a blocking GC Explicit
08-05 18:10:00.808 13866 13866 I GoogleInputMethodServic: GoogleInputMethodService.onFinishInput():3138 
08-05 18:10:00.811 13866 13866 I GoogleInputMethodServic: GoogleInputMethodService.onStartInput():1808 
08-05 18:10:00.812 15940 16974 I art     : Explicit concurrent mark sweep GC freed 19(704B) AllocSpace objects, 0(0B) LOS objects, 22% free, 53MB/69MB, paused 930us total 27.408ms
08-05 18:10:00.824 15940 16974 I art     : Starting a blocking GC Explicit
08-05 18:10:00.852 15940 16974 I art     : Explicit concurrent mark sweep GC freed 38(1376B) AllocSpace objects, 0(0B) LOS objects, 22% free, 53MB/69MB, paused 676us total 27.725ms
08-05 18:10:00.863 15940 16974 I art     : Starting a blocking GC Explicit
08-05 18:10:00.890 15940 16974 I art     : Explicit concurrent mark sweep GC freed 10(384B) AllocSpace objects, 0(0B) LOS objects, 22% free, 53MB/69MB, paused 703us total 25.848ms
08-05 18:10:01.110   380   380 W SurfaceFlinger: couldn't log to binary event log: overflow.
08-05 18:10:01.182 15940 16974 I art     : Starting a blocking GC Explicit
08-05 18:10:01.214 15940 16974 I art     : Explicit concurrent mark sweep GC freed 1453(86KB) AllocSpace objects, 1(20KB) LOS objects, 22% free, 53MB/69MB, paused 814us total 32.157ms
08-05 18:10:01.226 15940 16974 I art     : Starting a blocking GC Explicit
08-05 18:10:01.256 15940 16974 I art     : Explicit concurrent mark sweep GC freed 1670(108KB) AllocSpace objects, 3(180KB) LOS objects, 23% free, 53MB/69MB, paused 734us total 29.948ms
08-05 18:10:01.268 15940 16974 I art     : Starting a blocking GC Explicit
08-05 18:10:01.298 15940 16974 I art     : Explicit concurrent mark sweep GC freed 3(96B) AllocSpace objects, 0(0B) LOS objects, 23% free, 53MB/69MB, paused 742us total 29.625ms
08-05 18:10:01.309 15940 16974 I art     : Starting a blocking GC Explicit
08-05 18:10:01.340 15940 16974 I art     : Explicit concurrent mark sweep GC freed 3(96B) AllocSpace objects, 0(0B) LOS objects, 23% free, 53MB/69MB, paused 722us total 30.087ms
08-05 18:10:01.351 15940 16974 I art     : Starting a blocking GC Explicit
08-05 18:10:01.381 15940 16974 I art     : Explicit concurrent mark sweep GC freed 3(96B) AllocSpace objects, 0(0B) LOS objects, 23% free, 53MB/69MB, paused 728us total 29.821ms
08-05 18:10:01.700 15940 15971 I art     : Starting a blocking GC Explicit
08-05 18:10:01.739 15940 15971 I art     : Explicit concurrent mark sweep GC freed 1344(78KB) AllocSpace objects, 1(20KB) LOS objects, 23% free, 53MB/69MB, paused 811us total 38.545ms
08-05 18:10:01.752 15940 15971 I art     : Starting a blocking GC Explicit
08-05 18:10:01.781 15940 15971 I art     : Explicit concurrent mark sweep GC freed 20(704B) AllocSpace objects, 0(0B) LOS objects, 23% free, 53MB/69MB, paused 730us total 29.428ms
08-05 18:10:01.793 15940 15971 I art     : Starting a blocking GC Explicit
08-05 18:10:01.823 15940 15971 I art     : Explicit concurrent mark sweep GC freed 3(96B) AllocSpace objects, 0(0B) LOS objects, 23% free, 53MB/69MB, paused 736us total 30.077ms
08-05 18:10:01.835 15940 15971 I art     : Starting a blocking GC Explicit
08-05 18:10:01.865 15940 15971 I art     : Explicit concurrent mark sweep GC freed 3(96B) AllocSpace objects, 0(0B) LOS objects, 23% free, 53MB/69MB, paused 709us total 29.877ms
08-05 18:10:01.877 15940 15971 I art     : Starting a blocking GC Explicit
08-05 18:10:01.907 15940 15971 I art     : Explicit concurrent mark sweep GC freed 3(96B) AllocSpace objects, 0(0B) LOS objects, 23% free, 53MB/69MB, paused 795us total 29.809ms
08-05 18:10:02.203 15940 15953 I art     : Starting a blocking GC Explicit
08-05 18:10:02.238 15940 15953 I art     : Explicit concurrent mark sweep GC freed 1344(78KB) AllocSpace objects, 1(20KB) LOS objects, 23% free, 53MB/69MB, paused 961us total 34.539ms
08-05 18:10:02.253 15940 15953 I art     : Starting a blocking GC Explicit
08-05 18:10:02.282 15940 15953 I art     : Explicit concurrent mark sweep GC freed 20(704B) AllocSpace objects, 0(0B) LOS objects, 23% free, 53MB/69MB, paused 743us total 28.942ms
08-05 18:10:02.294 15940 15953 I art     : Starting a blocking GC Explicit
08-05 18:10:02.322 15940 15953 I art     : Explicit concurrent mark sweep GC freed 3(96B) AllocSpace objects, 0(0B) LOS objects, 23% free, 53MB/69MB, paused 734us total 28.395ms
08-05 18:10:02.334 15940 15953 I art     : Starting a blocking GC Explicit
08-05 18:10:02.362 15940 15953 I art     : Explicit concurrent mark sweep GC freed 3(96B) AllocSpace objects, 0(0B) LOS objects, 23% free, 53MB/69MB, paused 764us total 28.172ms
08-05 18:10:02.374 15940 15953 I art     : Starting a blocking GC Explicit
08-05 18:10:02.403 15940 15953 I art     : Explicit concurrent mark sweep GC freed 3(96B) AllocSpace objects, 0(0B) LOS objects, 23% free, 53MB/69MB, paused 737us total 29.547ms
08-05 18:10:02.565 20135 20135 D AndroidRuntime: >>>>>> START com.android.internal.os.RuntimeInit uid 2000 <<<<<<
08-05 18:10:02.572 20135 20135 D AndroidRuntime: CheckJNI is OFF
08-05 18:10:02.613 20135 20135 D ICU     : No timezone override file found: /data/misc/zoneinfo/current/icu/icu_tzdata.dat
08-05 18:10:02.654 20135 20135 I Radio-JNI: register_android_hardware_Radio DONE
08-05 18:10:02.684 20135 20135 D AndroidRuntime: Calling main entry com.android.commands.input.Input
08-05 18:10:02.686 20135 20135 I Input   : injectKeyEvent: KeyEvent { action=ACTION_DOWN, keyCode=KEYCODE_BACK, scanCode=0, metaState=0, flags=0x0, repeatCount=0, eventTime=814219098, downTime=814219098, deviceId=-1, source=0x101 }
08-05 18:10:02.691 20135 20135 I Input   : injectKeyEvent: KeyEvent { action=ACTION_UP, keyCode=KEYCODE_BACK, scanCode=0, metaState=0, flags=0x0, repeatCount=0, eventTime=814219098, downTime=814219098, deviceId=-1, source=0x101 }
08-05 18:10:02.697 20135 20135 D AndroidRuntime: Shutting down VM
08-05 18:10:02.727 15940 15952 I art     : Starting a blocking GC Explicit
08-05 18:10:02.740 13866 13866 I GoogleInputMethodServic: GoogleInputMethodService.onFinishInput():3138 
08-05 18:10:02.740 13866 13866 I GoogleInputMethodServic: GoogleInputMethodService.onStartInput():1808 
08-05 18:10:02.756 15940 15952 I art     : Explicit concurrent mark sweep GC freed 1496(85KB) AllocSpace objects, 1(20KB) LOS objects, 23% free, 53MB/69MB, paused 889us total 29.116ms
08-05 18:10:02.770 15940 15952 I art     : Starting a blocking GC Explicit
08-05 18:10:02.797 15940 15952 I art     : Explicit concurrent mark sweep GC freed 81(2736B) AllocSpace objects, 0(0B) LOS objects, 23% free, 53MB/69MB, paused 827us total 27.026ms
08-05 18:10:02.808 15940 15952 I art     : Starting a blocking GC Explicit
08-05 18:10:02.835 15940 15952 I art     : Explicit concurrent mark sweep GC freed 3(96B) AllocSpace objects, 0(0B) LOS objects, 23% free, 53MB/69MB, paused 667us total 26.263ms
08-05 18:10:02.846 15940 15952 I art     : Starting a blocking GC Explicit
08-05 18:10:02.875 15940 15952 I art     : Explicit concurrent mark sweep GC freed 3(96B) AllocSpace objects, 0(0B) LOS objects, 23% free, 53MB/69MB, paused 698us total 29.555ms
08-05 18:10:02.888 15940 15952 I art     : Starting a blocking GC Explicit
08-05 18:10:02.924 15940 15952 I art     : Explicit concurrent mark sweep GC freed 3(96B) AllocSpace objects, 0(0B) LOS objects, 23% free, 53MB/69MB, paused 877us total 35.534ms
08-05 18:10:03.210 15940 16420 I art     : Starting a blocking GC Explicit
08-05 18:10:03.249 15940 16420 I art     : Explicit concurrent mark sweep GC freed 2020(110KB) AllocSpace objects, 1(20KB) LOS objects, 23% free, 53MB/69MB, paused 760us total 38.683ms
08-05 18:10:03.264 15940 16420 I art     : Starting a blocking GC Explicit
08-05 18:10:03.294 15940 16420 I art     : Explicit concurrent mark sweep GC freed 2678(174KB) AllocSpace objects, 1(28KB) LOS objects, 23% free, 53MB/69MB, paused 716us total 29.173ms
08-05 18:10:03.305 15940 16420 I art     : Starting a blocking GC Explicit
08-05 18:10:03.334 15940 16420 I art     : Explicit concurrent mark sweep GC freed 3(96B) AllocSpace objects, 0(0B) LOS objects, 23% free, 53MB/69MB, paused 726us total 28.578ms
08-05 18:10:03.345 15940 16420 I art     : Starting a blocking GC Explicit
08-05 18:10:03.374 15940 16420 I art     : Explicit concurrent mark sweep GC freed 3(96B) AllocSpace objects, 0(0B) LOS objects, 23% free, 53MB/69MB, paused 764us total 28.794ms
08-05 18:10:03.386 15940 16420 I art     : Starting a blocking GC Explicit
08-05 18:10:03.415 15940 16420 I art     : Explicit concurrent mark sweep GC freed 3(96B) AllocSpace objects, 0(0B) LOS objects, 23% free, 53MB/69MB, paused 720us total 28.703ms
08-05 18:10:03.730 15940 15953 I art     : Starting a blocking GC Explicit
08-05 18:10:03.765 15940 15953 I art     : Explicit concurrent mark sweep GC freed 1344(78KB) AllocSpace objects, 1(20KB) LOS objects, 23% free, 53MB/69MB, paused 790us total 34.093ms
08-05 18:10:03.779 15940 15953 I art     : Starting a blocking GC Explicit
08-05 18:10:03.808 15940 15953 I art     : Explicit concurrent mark sweep GC freed 20(704B) AllocSpace objects, 0(0B) LOS objects, 23% free, 53MB/69MB, paused 759us total 28.918ms
08-05 18:10:03.819 15940 15953 I art     : Starting a blocking GC Explicit
08-05 18:10:03.847 15940 15953 I art     : Explicit concurrent mark sweep GC freed 3(96B) AllocSpace objects, 0(0B) LOS objects, 23% free, 53MB/69MB, paused 912us total 27.743ms
08-05 18:10:03.859 15940 15953 I art     : Starting a blocking GC Explicit
08-05 18:10:03.887 15940 15953 I art     : Explicit concurrent mark sweep GC freed 3(96B) AllocSpace objects, 0(0B) LOS objects, 23% free, 53MB/69MB, paused 815us total 28.240ms
08-05 18:10:03.899 15940 15953 I art     : Starting a blocking GC Explicit
08-05 18:10:03.928 15940 15953 I art     : Explicit concurrent mark sweep GC freed 3(96B) AllocSpace objects, 0(0B) LOS objects, 23% free, 53MB/69MB, paused 744us total 28.525ms
08-05 18:10:04.227 15940 16974 I art     : Starting a blocking GC Explicit
08-05 18:10:04.258 15940 16974 I art     : Explicit concurrent mark sweep GC freed 1341(78KB) AllocSpace objects, 1(20KB) LOS objects, 23% free, 53MB/69MB, paused 948us total 30.481ms
08-05 18:10:04.273 15940 16974 I art     : Starting a blocking GC Explicit
08-05 18:10:04.301 15940 16974 I art     : Explicit concurrent mark sweep GC freed 20(704B) AllocSpace objects, 0(0B) LOS objects, 23% free, 53MB/69MB, paused 746us total 27.376ms
08-05 18:10:04.312 15940 16974 I art     : Starting a blocking GC Explicit
08-05 18:10:04.340 15940 16974 I art     : Explicit concurrent mark sweep GC freed 3(96B) AllocSpace objects, 0(0B) LOS objects, 23% free, 53MB/69MB, paused 725us total 27.546ms
08-05 18:10:04.351 15940 16974 I art     : Starting a blocking GC Explicit
08-05 18:10:04.381 15940 16974 I art     : Explicit concurrent mark sweep GC freed 3(96B) AllocSpace objects, 0(0B) LOS objects, 23% free, 53MB/69MB, paused 744us total 29.490ms
08-05 18:10:04.392 15940 16974 I art     : Starting a blocking GC Explicit
08-05 18:10:04.422 15940 16974 I art     : Explicit concurrent mark sweep GC freed 3(96B) AllocSpace objects, 0(0B) LOS objects, 23% free, 53MB/69MB, paused 750us total 29.384ms
08-05 18:10:04.561 20192 20192 D AndroidRuntime: >>>>>> START com.android.internal.os.RuntimeInit uid 2000 <<<<<<
08-05 18:10:04.568 20192 20192 D AndroidRuntime: CheckJNI is OFF
08-05 18:10:04.612 20192 20192 D ICU     : No timezone override file found: /data/misc/zoneinfo/current/icu/icu_tzdata.dat
08-05 18:10:04.655 20192 20192 I Radio-JNI: register_android_hardware_Radio DONE
08-05 18:10:04.682 20192 20192 D AndroidRuntime: Calling main entry com.android.commands.am.Am
08-05 18:10:04.689 16924 16924 I Trepn   : Trepn 6.2s: Received intent: com.quicinc.trepn.stop_profiling
08-05 18:10:04.713 16924 16924 I Trepn   : Trepn 6.2s: Trepn has Stopped Profiling.
08-05 18:10:04.743 15940 15971 I art     : Starting a blocking GC Explicit
08-05 18:10:04.771 15940 15971 I art     : Explicit concurrent mark sweep GC freed 1341(78KB) AllocSpace objects, 1(20KB) LOS objects, 23% free, 53MB/69MB, paused 678us total 28.167ms
08-05 18:10:04.783 15940 15971 I art     : Starting a blocking GC Explicit
08-05 18:10:04.809 15940 15971 I art     : Explicit concurrent mark sweep GC freed 20(704B) AllocSpace objects, 0(0B) LOS objects, 23% free, 53MB/69MB, paused 688us total 26.186ms
08-05 18:10:04.820 15940 15971 I art     : Starting a blocking GC Explicit
08-05 18:10:04.846 15940 15971 I art     : Explicit concurrent mark sweep GC freed 3(96B) AllocSpace objects, 0(0B) LOS objects, 23% free, 53MB/69MB, paused 679us total 26.457ms
08-05 18:10:04.847 20192 20192 D AndroidRuntime: Shutting down VM
08-05 18:10:04.851   918  3696 W AppOps  : Finishing op nesting under-run: uid 10078 pkg com.quicinc.trepn code 24 time=0 duration=0 nesting=0
08-05 18:10:04.857 15940 15971 I art     : Starting a blocking GC Explicit
08-05 18:10:04.885 15940 15971 I art     : Explicit concurrent mark sweep GC freed 3(96B) AllocSpace objects, 0(0B) LOS objects, 23% free, 53MB/69MB, paused 687us total 26.896ms
08-05 18:10:04.896 15940 15971 I art     : Starting a blocking GC Explicit
08-05 18:10:04.923 15940 15971 I art     : Explicit concurrent mark sweep GC freed 3(96B) AllocSpace objects, 0(0B) LOS objects, 23% free, 53MB/69MB, paused 712us total 27.529ms
08-05 18:10:05.240 15940 15952 I art     : Starting a blocking GC Explicit
08-05 18:10:05.268 15940 15952 I art     : Explicit concurrent mark sweep GC freed 1341(78KB) AllocSpace objects, 1(20KB) LOS objects, 23% free, 53MB/69MB, paused 770us total 28.217ms
08-05 18:10:05.279 15940 15952 I art     : Starting a blocking GC Explicit
08-05 18:10:05.307 15940 15952 I art     : Explicit concurrent mark sweep GC freed 20(704B) AllocSpace objects, 0(0B) LOS objects, 23% free, 53MB/69MB, paused 803us total 27.033ms
08-05 18:10:05.318 15940 15952 I art     : Starting a blocking GC Explicit
08-05 18:10:05.345 15940 15952 I art     : Explicit concurrent mark sweep GC freed 3(96B) AllocSpace objects, 0(0B) LOS objects, 23% free, 53MB/69MB, paused 747us total 26.684ms
08-05 18:10:05.356 15940 15952 I art     : Starting a blocking GC Explicit
08-05 18:10:05.386 15940 15952 I art     : Explicit concurrent mark sweep GC freed 3(96B) AllocSpace objects, 0(0B) LOS objects, 23% free, 53MB/69MB, paused 703us total 28.808ms
08-05 18:10:05.397 15940 15952 I art     : Starting a blocking GC Explicit
08-05 18:10:05.425 15940 15952 I art     : Explicit concurrent mark sweep GC freed 3(96B) AllocSpace objects, 0(0B) LOS objects, 23% free, 53MB/69MB, paused 697us total 27.451ms
08-05 18:10:07.781 12013 12013 I ServiceManager: Waiting for service AtCmdFwd...
