--------- beginning of main
08-05 21:31:21.334 30823 30823 D AndroidRuntime: >>>>>> START com.android.internal.os.RuntimeInit uid 2000 <<<<<<
08-05 21:31:21.341 30823 30823 D AndroidRuntime: CheckJNI is OFF
08-05 21:31:21.369 30823 30823 D ICU     : No timezone override file found: /data/misc/zoneinfo/current/icu/icu_tzdata.dat
08-05 21:31:21.399 30823 30823 I Radio-JNI: register_android_hardware_Radio DONE
08-05 21:31:21.415 30823 30823 D AndroidRuntime: Calling main entry com.android.commands.monkey.Monkey
--------- beginning of system
08-05 21:31:21.431   918   931 W BroadcastQueue: Skipping deliver [background] BroadcastRecord{5f8a200 u-1 android.net.conn.CONNECTIVITY_CHANGE} to ReceiverList{8392a39 30823 (unknown name)/2000/u-1 remote:589573d}: process crashing
08-05 21:31:21.442   918  3961 I ActivityManager: START u0 {act=android.intent.action.MAIN cat=[android.intent.category.LAUNCHER] flg=0x10200000 cmp=baseline.appteam.nith.hillffair/.activities.SplashActivity} from uid 2000 on display 0
08-05 21:31:21.469 30832 30832 I art     : Late-enabling -Xcheck:jni
08-05 21:31:21.470   918  6029 I ActivityManager: Start proc 30832:baseline.appteam.nith.hillffair/u0a675 for activity baseline.appteam.nith.hillffair/.activities.SplashActivity
08-05 21:31:21.522 30823 30823 I art     : System.exit called, status: 0
08-05 21:31:21.522 30823 30823 I AndroidRuntime: VM exiting with result code 0.
08-05 21:31:21.549 30832 30832 W System  : ClassLoader referenced unknown path: /data/app/baseline.appteam.nith.hillffair-1/lib/arm64
08-05 21:31:21.549 16458 19558 I PBSessionCacheImpl: Deleted sessionId[72384646105454640] from persistence.
08-05 21:31:21.554 16458 16488 W SearchServiceCore: Abort, client detached.
08-05 21:31:21.554 16458 16488 I MicroDetectionState: Should stop hotword detection immediately - true
08-05 21:31:21.563 30832 30832 W OneSignal: GCM Library detected, please upgrade to Firebase FCM library as GCM is deprecated!
08-05 21:31:21.591 30832 30832 W art     : Before Android 4.1, method android.graphics.PorterDuffColorFilter androidx.vectordrawable.graphics.drawable.VectorDrawableCompat.updateTintFilter(android.graphics.PorterDuffColorFilter, android.content.res.ColorStateList, android.graphics.PorterDuff$Mode) would have incorrectly overridden the package-private method in android.graphics.drawable.Drawable
08-05 21:31:21.607 30832 30832 I art     : Rejecting re-init on previously-failed class java.lang.Class<androidx.core.view.ViewCompat$2>
08-05 21:31:21.607 30832 30832 I art     : Rejecting re-init on previously-failed class java.lang.Class<androidx.core.view.ViewCompat$2>
08-05 21:31:21.653 30832 30856 D OpenGLRenderer: Use EGL_SWAP_BEHAVIOR_PRESERVED: true
08-05 21:31:21.718 30832 30856 I Adreno  : QUALCOMM build                   : fcf4852, I1af360237c
08-05 21:31:21.718 30832 30856 I Adreno  : Build Date                       : 09/23/15
08-05 21:31:21.718 30832 30856 I Adreno  : OpenGL ES Shader Compiler Version: XE031.05.13.02
08-05 21:31:21.718 30832 30856 I Adreno  : Local Branch                     : mybranch14465806
08-05 21:31:21.718 30832 30856 I Adreno  : Remote Branch                    : quic/LA.BF64.1.2.9_v2
08-05 21:31:21.718 30832 30856 I Adreno  : Remote Branch                    : NONE
08-05 21:31:21.718 30832 30856 I Adreno  : Reconstruct Branch               : NOTHING
08-05 21:31:21.734 30832 30856 I OpenGLRenderer: Initialized EGL, version 1.4
08-05 21:31:21.785 13866 13866 I GoogleInputMethodServic: GoogleInputMethodService.onFinishInput():3138 
08-05 21:31:21.787 13866 13866 I GoogleInputMethodServic: GoogleInputMethodService.onStartInput():1808 
08-05 21:31:21.856   918   936 I ActivityManager: Displayed baseline.appteam.nith.hillffair/.activities.SplashActivity: +406ms
08-05 21:31:21.935 30832 30867 W GCM     : GCM SDK is deprecated, baseline.appteam.nith.hillffair should update to use FCM
08-05 21:31:21.980 24365 23174 W Conscrypt: Could not set socket write timeout: java.net.SocketException: Socket closed
08-05 21:31:21.981 24365 23174 E art     : invalid stream - problem with parameter iterator in /data/app/com.google.android.gms-2/base.apk:classes3.dex for method void com.google.android.gms.org.conscrypt.ConscryptFileDescriptorSocket.setSoWriteTimeout(int)
08-05 21:31:21.981 24365 23174 W Conscrypt: 	at com.google.android.gms.org.conscrypt.Platform.setSocketWriteTimeout(:com.google.android.gms@202614019@20.26.14 (040400-320008519):2)
08-05 21:31:21.981 24365 23174 W Conscrypt: 	at com.google.android.gms.org.conscrypt.ConscryptFileDescriptorSocket.setSoWriteTimeout(:com.google.android.gms@202614019@20.26.14 (040400-320008519))
08-05 21:31:22.003 24365 23174 W Conscrypt: Could not set socket write timeout: java.net.SocketException: Socket closed
08-05 21:31:22.003 24365 23174 E art     : invalid stream - problem with parameter iterator in /data/app/com.google.android.gms-2/base.apk:classes3.dex for method void com.google.android.gms.org.conscrypt.ConscryptFileDescriptorSocket.setSoWriteTimeout(int)
08-05 21:31:22.004 24365 23174 W Conscrypt: 	at com.google.android.gms.org.conscrypt.Platform.setSocketWriteTimeout(:com.google.android.gms@202614019@20.26.14 (040400-320008519):2)
08-05 21:31:22.004 24365 23174 W Conscrypt: 	at com.google.android.gms.org.conscrypt.ConscryptFileDescriptorSocket.setSoWriteTimeout(:com.google.android.gms@202614019@20.26.14 (040400-320008519))
08-05 21:31:22.064 24365 23174 W Conscrypt: Could not set socket write timeout: java.net.SocketException: Socket closed
08-05 21:31:22.064 24365 23174 E art     : invalid stream - problem with parameter iterator in /data/app/com.google.android.gms-2/base.apk:classes3.dex for method void com.google.android.gms.org.conscrypt.ConscryptFileDescriptorSocket.setSoWriteTimeout(int)
08-05 21:31:22.064 24365 23174 W Conscrypt: 	at com.google.android.gms.org.conscrypt.Platform.setSocketWriteTimeout(:com.google.android.gms@202614019@20.26.14 (040400-320008519):2)
08-05 21:31:22.064 24365 23174 W Conscrypt: 	at com.google.android.gms.org.conscrypt.ConscryptFileDescriptorSocket.setSoWriteTimeout(:com.google.android.gms@202614019@20.26.14 (040400-320008519))
08-05 21:31:22.080 24365 23174 W Conscrypt: Could not set socket write timeout: java.net.SocketException: Socket closed
08-05 21:31:22.081 24365 23174 E art     : invalid stream - problem with parameter iterator in /data/app/com.google.android.gms-2/base.apk:classes3.dex for method void com.google.android.gms.org.conscrypt.ConscryptFileDescriptorSocket.setSoWriteTimeout(int)
08-05 21:31:22.081 24365 23174 W Conscrypt: 	at com.google.android.gms.org.conscrypt.Platform.setSocketWriteTimeout(:com.google.android.gms@202614019@20.26.14 (040400-320008519):2)
08-05 21:31:22.081 24365 23174 W Conscrypt: 	at com.google.android.gms.org.conscrypt.ConscryptFileDescriptorSocket.setSoWriteTimeout(:com.google.android.gms@202614019@20.26.14 (040400-320008519))
08-05 21:31:22.279 30832 30867 E OneSignal: Error Getting GCM Token
08-05 21:31:22.279 30832 30867 E OneSignal: java.io.IOException: INVALID_SENDER
08-05 21:31:22.279 30832 30867 E OneSignal: 	at com.google.android.gms.gcm.GoogleCloudMessaging.zzd(Unknown Source)
08-05 21:31:22.279 30832 30867 E OneSignal: 	at com.google.android.gms.gcm.GoogleCloudMessaging.register(Unknown Source)
08-05 21:31:22.279 30832 30867 E OneSignal: 	at com.onesignal.PushRegistratorGCM.getToken(PushRegistratorGCM.java:42)
08-05 21:31:22.279 30832 30867 E OneSignal: 	at com.onesignal.PushRegistratorAbstractGoogle.attemptRegistration(PushRegistratorAbstractGoogle.java:97)
08-05 21:31:22.279 30832 30867 E OneSignal: 	at com.onesignal.PushRegistratorAbstractGoogle.access$100(PushRegistratorAbstractGoogle.java:37)
08-05 21:31:22.279 30832 30867 E OneSignal: 	at com.onesignal.PushRegistratorAbstractGoogle$1.run(PushRegistratorAbstractGoogle.java:84)
08-05 21:31:22.279 30832 30867 E OneSignal: 	at java.lang.Thread.run(Thread.java:818)
08-05 21:31:22.298 30832 30871 I art     : Rejecting re-init on previously-failed class java.lang.Class<com.onesignal.OneSignalChromeTab$OneSignalCustomTabsServiceConnection>
08-05 21:31:22.298 30832 30871 I art     : Rejecting re-init on previously-failed class java.lang.Class<com.onesignal.OneSignalChromeTab$OneSignalCustomTabsServiceConnection>
08-05 21:31:23.137   918  3696 I ActivityManager: START u0 {cmp=baseline.appteam.nith.hillffair/.activities.WelcomeActivity} from uid 10675 on display 0
08-05 21:31:23.159 30882 30882 D AndroidRuntime: >>>>>> START com.android.internal.os.RuntimeInit uid 2000 <<<<<<
08-05 21:31:23.164 30882 30882 D AndroidRuntime: CheckJNI is OFF
08-05 21:31:23.178   918   928 I ActivityManager: START u0 {cmp=baseline.appteam.nith.hillffair/.activities.HomeActivity} from uid 10675 on display 0
08-05 21:31:23.184   918  3961 W ActivityManager: Duplicate finish request for ActivityRecord{ca3e28c u0 baseline.appteam.nith.hillffair/.activities.WelcomeActivity t4234 f}
08-05 21:31:23.188 30882 30882 D ICU     : No timezone override file found: /data/misc/zoneinfo/current/icu/icu_tzdata.dat
08-05 21:31:23.217 30882 30882 I Radio-JNI: register_android_hardware_Radio DONE
08-05 21:31:23.232 30882 30882 D AndroidRuntime: Calling main entry com.android.commands.am.Am
08-05 21:31:23.239 19822 19822 I Trepn   : Trepn 6.2s: Received intent: com.quicinc.trepn.start_profiling
08-05 21:31:23.330 19822 19822 W FileUtils: Failed to chmod(/storage/emulated/0/trepn/Trepn_2020.08.05_213123.db): android.system.ErrnoException: chmod failed: EPERM (Operation not permitted)
08-05 21:31:23.422 19822 19822 I Trepn   : Trepn 6.2s: Trepn has Started Profiling.
08-05 21:31:23.424 30882 30882 D AndroidRuntime: Shutting down VM
08-05 21:31:23.595   918   936 I ActivityManager: Displayed baseline.appteam.nith.hillffair/.activities.HomeActivity: +379ms (total +432ms)
08-05 21:31:23.595 13866 13866 I GoogleInputMethodServic: GoogleInputMethodService.onFinishInput():3138 
08-05 21:31:23.596 13866 13866 I GoogleInputMethodServic: GoogleInputMethodService.onStartInput():1808 
08-05 21:31:23.841   380   380 W SurfaceFlinger: couldn't log to binary event log: overflow.
08-05 21:31:23.859 30832 30844 I art     : Starting a blocking GC Explicit
08-05 21:31:23.875 30832 30844 I art     : Explicit concurrent mark sweep GC freed 2294(450KB) AllocSpace objects, 0(0B) LOS objects, 24% free, 48MB/64MB, paused 174us total 15.397ms
08-05 21:31:23.882 30832 30844 I art     : Starting a blocking GC Explicit
08-05 21:31:23.894 30832 30844 I art     : Explicit concurrent mark sweep GC freed 1318(85KB) AllocSpace objects, 0(0B) LOS objects, 25% free, 47MB/63MB, paused 144us total 11.785ms
08-05 21:31:23.899 30832 30844 I art     : Starting a blocking GC Explicit
08-05 21:31:23.910 30832 30844 I art     : Explicit concurrent mark sweep GC freed 3(96B) AllocSpace objects, 0(0B) LOS objects, 25% free, 47MB/63MB, paused 128us total 10.553ms
08-05 21:31:23.915 30832 30844 I art     : Starting a blocking GC Explicit
08-05 21:31:23.926 30832 30844 I art     : Explicit concurrent mark sweep GC freed 3(96B) AllocSpace objects, 0(0B) LOS objects, 25% free, 47MB/63MB, paused 131us total 9.932ms
08-05 21:31:23.931 30832 30844 I art     : Starting a blocking GC Explicit
08-05 21:31:23.941 30832 30844 I art     : Explicit concurrent mark sweep GC freed 3(96B) AllocSpace objects, 0(0B) LOS objects, 25% free, 47MB/63MB, paused 133us total 10.260ms
08-05 21:31:24.242 30832 30844 I art     : Starting a blocking GC Explicit
08-05 21:31:24.261 30832 30844 I art     : Explicit concurrent mark sweep GC freed 2021(114KB) AllocSpace objects, 1(20KB) LOS objects, 25% free, 47MB/63MB, paused 188us total 18.333ms
08-05 21:31:24.272 30832 30844 I art     : Starting a blocking GC Explicit
08-05 21:31:24.287 30832 30844 I art     : Explicit concurrent mark sweep GC freed 908(59KB) AllocSpace objects, 0(0B) LOS objects, 25% free, 47MB/63MB, paused 209us total 15.397ms
08-05 21:31:24.297 30832 30844 I art     : Starting a blocking GC Explicit
08-05 21:31:24.309 30832 30844 I art     : Explicit concurrent mark sweep GC freed 3(96B) AllocSpace objects, 0(0B) LOS objects, 25% free, 47MB/63MB, paused 135us total 11.316ms
08-05 21:31:24.315 30832 30844 I art     : Starting a blocking GC Explicit
08-05 21:31:24.327 30832 30844 I art     : Explicit concurrent mark sweep GC freed 3(96B) AllocSpace objects, 0(0B) LOS objects, 25% free, 47MB/63MB, paused 175us total 11.756ms
08-05 21:31:24.333 30832 30844 I art     : Starting a blocking GC Explicit
08-05 21:31:24.345 30832 30844 I art     : Explicit concurrent mark sweep GC freed 3(96B) AllocSpace objects, 0(0B) LOS objects, 25% free, 47MB/63MB, paused 159us total 11.347ms
08-05 21:31:24.641 30832 30843 I art     : Starting a blocking GC Explicit
08-05 21:31:24.654 30832 30843 I art     : Explicit concurrent mark sweep GC freed 1341(78KB) AllocSpace objects, 1(20KB) LOS objects, 25% free, 47MB/63MB, paused 163us total 13.572ms
08-05 21:31:24.661 30832 30843 I art     : Starting a blocking GC Explicit
08-05 21:31:24.673 30832 30843 I art     : Explicit concurrent mark sweep GC freed 20(704B) AllocSpace objects, 0(0B) LOS objects, 25% free, 47MB/63MB, paused 151us total 12.022ms
08-05 21:31:24.679 30832 30843 I art     : Starting a blocking GC Explicit
08-05 21:31:24.691 30832 30843 I art     : Explicit concurrent mark sweep GC freed 3(96B) AllocSpace objects, 0(0B) LOS objects, 25% free, 47MB/63MB, paused 148us total 11.842ms
08-05 21:31:24.698 30832 30843 I art     : Starting a blocking GC Explicit
08-05 21:31:24.709 30832 30843 I art     : Explicit concurrent mark sweep GC freed 3(96B) AllocSpace objects, 0(0B) LOS objects, 25% free, 47MB/63MB, paused 139us total 11.393ms
08-05 21:31:24.715 30832 30843 I art     : Starting a blocking GC Explicit
08-05 21:31:24.727 30832 30843 I art     : Explicit concurrent mark sweep GC freed 3(96B) AllocSpace objects, 0(0B) LOS objects, 25% free, 47MB/63MB, paused 150us total 11.759ms
08-05 21:31:25.031 30832 30862 I art     : Starting a blocking GC Explicit
08-05 21:31:25.047 30832 30862 I art     : Explicit concurrent mark sweep GC freed 1342(78KB) AllocSpace objects, 1(20KB) LOS objects, 25% free, 47MB/63MB, paused 274us total 15.709ms
08-05 21:31:25.054 30832 30862 I art     : Starting a blocking GC Explicit
08-05 21:31:25.066 30832 30862 I art     : Explicit concurrent mark sweep GC freed 20(704B) AllocSpace objects, 0(0B) LOS objects, 25% free, 47MB/63MB, paused 164us total 12.466ms
08-05 21:31:25.073 30832 30862 I art     : Starting a blocking GC Explicit
08-05 21:31:25.085 30832 30862 I art     : Explicit concurrent mark sweep GC freed 3(96B) AllocSpace objects, 0(0B) LOS objects, 25% free, 47MB/63MB, paused 151us total 11.818ms
08-05 21:31:25.091 30832 30862 I art     : Starting a blocking GC Explicit
08-05 21:31:25.102 30832 30862 I art     : Explicit concurrent mark sweep GC freed 3(96B) AllocSpace objects, 0(0B) LOS objects, 25% free, 47MB/63MB, paused 148us total 11.154ms
08-05 21:31:25.108 30832 30862 I art     : Starting a blocking GC Explicit
08-05 21:31:25.119 30832 30862 I art     : Explicit concurrent mark sweep GC freed 3(96B) AllocSpace objects, 0(0B) LOS objects, 25% free, 47MB/63MB, paused 160us total 10.952ms
08-05 21:31:25.419 30832 30844 I art     : Starting a blocking GC Explicit
08-05 21:31:25.436 30832 30844 I art     : Explicit concurrent mark sweep GC freed 1340(78KB) AllocSpace objects, 1(20KB) LOS objects, 25% free, 47MB/63MB, paused 177us total 17.215ms
08-05 21:31:25.445 30832 30844 I art     : Starting a blocking GC Explicit
08-05 21:31:25.457 30832 30844 I art     : Explicit concurrent mark sweep GC freed 20(704B) AllocSpace objects, 0(0B) LOS objects, 25% free, 47MB/63MB, paused 273us total 11.828ms
08-05 21:31:25.463 30832 30844 I art     : Starting a blocking GC Explicit
08-05 21:31:25.476 30832 30844 I art     : Explicit concurrent mark sweep GC freed 3(96B) AllocSpace objects, 0(0B) LOS objects, 25% free, 47MB/63MB, paused 155us total 12.333ms
08-05 21:31:25.482 30832 30844 I art     : Starting a blocking GC Explicit
08-05 21:31:25.493 30832 30844 I art     : Explicit concurrent mark sweep GC freed 3(96B) AllocSpace objects, 0(0B) LOS objects, 25% free, 47MB/63MB, paused 153us total 11.508ms
08-05 21:31:25.499 30832 30844 I art     : Starting a blocking GC Explicit
08-05 21:31:25.511 30832 30844 I art     : Explicit concurrent mark sweep GC freed 3(96B) AllocSpace objects, 0(0B) LOS objects, 25% free, 47MB/63MB, paused 134us total 11.452ms
08-05 21:31:25.815 30832 30843 I art     : Starting a blocking GC Explicit
08-05 21:31:25.833 30832 30843 I art     : Explicit concurrent mark sweep GC freed 1339(78KB) AllocSpace objects, 1(20KB) LOS objects, 25% free, 47MB/63MB, paused 173us total 17.229ms
08-05 21:31:25.843 30832 30843 I art     : Starting a blocking GC Explicit
08-05 21:31:25.858 30832 30843 I art     : Explicit concurrent mark sweep GC freed 20(704B) AllocSpace objects, 0(0B) LOS objects, 25% free, 47MB/63MB, paused 170us total 15.031ms
08-05 21:31:25.867 30832 30843 I art     : Starting a blocking GC Explicit
08-05 21:31:25.879 30832 30843 I art     : Explicit concurrent mark sweep GC freed 3(96B) AllocSpace objects, 0(0B) LOS objects, 25% free, 47MB/63MB, paused 154us total 11.613ms
08-05 21:31:25.885 30832 30843 I art     : Starting a blocking GC Explicit
08-05 21:31:25.897 30832 30843 I art     : Explicit concurrent mark sweep GC freed 3(96B) AllocSpace objects, 0(0B) LOS objects, 25% free, 47MB/63MB, paused 194us total 11.663ms
08-05 21:31:25.903 30832 30843 I art     : Starting a blocking GC Explicit
08-05 21:31:25.914 30832 30843 I art     : Explicit concurrent mark sweep GC freed 3(96B) AllocSpace objects, 0(0B) LOS objects, 25% free, 47MB/63MB, paused 145us total 11.638ms
08-05 21:31:26.219 30832 30862 I art     : Starting a blocking GC Explicit
08-05 21:31:26.234 30832 30862 I art     : Explicit concurrent mark sweep GC freed 1339(78KB) AllocSpace objects, 1(20KB) LOS objects, 25% free, 47MB/63MB, paused 181us total 14.332ms
08-05 21:31:26.240 30832 30862 I art     : Starting a blocking GC Explicit
08-05 21:31:26.253 30832 30862 I art     : Explicit concurrent mark sweep GC freed 20(704B) AllocSpace objects, 0(0B) LOS objects, 25% free, 47MB/63MB, paused 156us total 12.474ms
08-05 21:31:26.260 30832 30862 I art     : Starting a blocking GC Explicit
08-05 21:31:26.272 30832 30862 I art     : Explicit concurrent mark sweep GC freed 3(96B) AllocSpace objects, 0(0B) LOS objects, 25% free, 47MB/63MB, paused 156us total 11.924ms
08-05 21:31:26.278 30832 30862 I art     : Starting a blocking GC Explicit
08-05 21:31:26.289 30832 30862 I art     : Explicit concurrent mark sweep GC freed 3(96B) AllocSpace objects, 0(0B) LOS objects, 25% free, 47MB/63MB, paused 151us total 11.310ms
08-05 21:31:26.295 30832 30862 I art     : Starting a blocking GC Explicit
08-05 21:31:26.307 30832 30862 I art     : Explicit concurrent mark sweep GC freed 3(96B) AllocSpace objects, 0(0B) LOS objects, 25% free, 47MB/63MB, paused 170us total 11.342ms
08-05 21:31:26.609 30832 30844 I art     : Starting a blocking GC Explicit
08-05 21:31:26.624 30832 30844 I art     : Explicit concurrent mark sweep GC freed 1339(78KB) AllocSpace objects, 1(20KB) LOS objects, 25% free, 47MB/63MB, paused 189us total 15.213ms
08-05 21:31:26.634 30832 30844 I art     : Starting a blocking GC Explicit
08-05 21:31:26.646 30832 30844 I art     : Explicit concurrent mark sweep GC freed 20(704B) AllocSpace objects, 0(0B) LOS objects, 25% free, 47MB/63MB, paused 156us total 11.530ms
08-05 21:31:26.652 30832 30844 I art     : Starting a blocking GC Explicit
08-05 21:31:26.663 30832 30844 I art     : Explicit concurrent mark sweep GC freed 3(96B) AllocSpace objects, 0(0B) LOS objects, 25% free, 47MB/63MB, paused 158us total 11.484ms
08-05 21:31:26.669 30832 30844 I art     : Starting a blocking GC Explicit
08-05 21:31:26.681 30832 30844 I art     : Explicit concurrent mark sweep GC freed 3(96B) AllocSpace objects, 0(0B) LOS objects, 25% free, 47MB/63MB, paused 155us total 11.358ms
08-05 21:31:26.687 30832 30844 I art     : Starting a blocking GC Explicit
08-05 21:31:26.698 30832 30844 I art     : Explicit concurrent mark sweep GC freed 3(96B) AllocSpace objects, 0(0B) LOS objects, 25% free, 47MB/63MB, paused 150us total 11.518ms
08-05 21:31:26.787 13866 13882 I PeriodicStatsRunner: PeriodicStatsRunner.call():175 call()
08-05 21:31:26.787 13866 13882 I PeriodicStatsRunner: PeriodicStatsRunner.call():179 No submit PeriodicStats since input started.
08-05 21:31:27.006 30832 30843 I art     : Starting a blocking GC Explicit
08-05 21:31:27.024 30832 30843 I art     : Explicit concurrent mark sweep GC freed 1339(78KB) AllocSpace objects, 1(20KB) LOS objects, 25% free, 47MB/63MB, paused 172us total 18.244ms
08-05 21:31:27.031 30832 30843 I art     : Starting a blocking GC Explicit
08-05 21:31:27.044 30832 30843 I art     : Explicit concurrent mark sweep GC freed 20(704B) AllocSpace objects, 0(0B) LOS objects, 25% free, 47MB/63MB, paused 159us total 12.470ms
08-05 21:31:27.050 30832 30843 I art     : Starting a blocking GC Explicit
08-05 21:31:27.062 30832 30843 I art     : Explicit concurrent mark sweep GC freed 3(96B) AllocSpace objects, 0(0B) LOS objects, 25% free, 47MB/63MB, paused 144us total 11.742ms
08-05 21:31:27.068 30832 30843 I art     : Starting a blocking GC Explicit
08-05 21:31:27.080 30832 30843 I art     : Explicit concurrent mark sweep GC freed 3(96B) AllocSpace objects, 0(0B) LOS objects, 25% free, 47MB/63MB, paused 146us total 11.176ms
08-05 21:31:27.086 30832 30843 I art     : Starting a blocking GC Explicit
08-05 21:31:27.097 30832 30843 I art     : Explicit concurrent mark sweep GC freed 3(96B) AllocSpace objects, 0(0B) LOS objects, 25% free, 47MB/63MB, paused 148us total 11.436ms
08-05 21:31:27.383 30832 31011 W OneSignal: OneSignalRestClient: POST Error thrown from network stack. 
08-05 21:31:27.383 30832 31011 W OneSignal: java.io.IOException: unexpected end of stream on Connection{api.onesignal.com:443, proxy=HTTP@192.168.2.12:8080 hostAddress=192.168.2.12 cipherSuite=TLS_ECDHE_RSA_WITH_AES_128_GCM_SHA256 protocol=http/1.1} (recycle count=1)
08-05 21:31:27.383 30832 31011 W OneSignal: 	at com.android.okhttp.internal.http.HttpConnection.readResponse(HttpConnection.java:210)
08-05 21:31:27.383 30832 31011 W OneSignal: 	at com.android.okhttp.internal.http.HttpTransport.readResponseHeaders(HttpTransport.java:80)
08-05 21:31:27.383 30832 31011 W OneSignal: 	at com.android.okhttp.internal.http.HttpEngine.readNetworkResponse(HttpEngine.java:904)
08-05 21:31:27.383 30832 31011 W OneSignal: 	at com.android.okhttp.internal.http.HttpEngine.readResponse(HttpEngine.java:788)
08-05 21:31:27.383 30832 31011 W OneSignal: 	at com.android.okhttp.internal.huc.HttpURLConnectionImpl.execute(HttpURLConnectionImpl.java:439)
08-05 21:31:27.383 30832 31011 W OneSignal: 	at com.android.okhttp.internal.huc.HttpURLConnectionImpl.getResponse(HttpURLConnectionImpl.java:384)
08-05 21:31:27.383 30832 31011 W OneSignal: 	at com.android.okhttp.internal.huc.HttpURLConnectionImpl.getResponseCode(HttpURLConnectionImpl.java:497)
08-05 21:31:27.383 30832 31011 W OneSignal: 	at com.android.okhttp.internal.huc.DelegatingHttpsURLConnection.getResponseCode(DelegatingHttpsURLConnection.java:105)
08-05 21:31:27.383 30832 31011 W OneSignal: 	at com.android.okhttp.internal.huc.HttpsURLConnectionImpl.getResponseCode(HttpsURLConnectionImpl.java)
08-05 21:31:27.383 30832 31011 W OneSignal: 	at com.onesignal.OneSignalRestClient.startHTTPConnection(OneSignalRestClient.java:180)
08-05 21:31:27.383 30832 31011 W OneSignal: 	at com.onesignal.OneSignalRestClient.access$100(OneSignalRestClient.java:44)
08-05 21:31:27.383 30832 31011 W OneSignal: 	at com.onesignal.OneSignalRestClient$4.run(OneSignalRestClient.java:110)
08-05 21:31:27.383 30832 31011 W OneSignal: 	at java.lang.Thread.run(Thread.java:818)
08-05 21:31:27.383 30832 31011 W OneSignal: Caused by: java.io.EOFException: \n not found: size=0 content=...
08-05 21:31:27.383 30832 31011 W OneSignal: 	at com.android.okhttp.okio.RealBufferedSource.readUtf8LineStrict(RealBufferedSource.java:200)
08-05 21:31:27.383 30832 31011 W OneSignal: 	at com.android.okhttp.internal.http.HttpConnection.readResponse(HttpConnection.java:191)
08-05 21:31:27.383 30832 31011 W OneSignal: 	... 12 more
08-05 21:31:27.384 30832 31016 W OneSignal: Failed last request. statusCode: -1
08-05 21:31:27.384 30832 31016 W OneSignal: response: null
08-05 21:31:27.397 30832 30862 I art     : Starting a blocking GC Explicit
08-05 21:31:27.410 30832 30862 I art     : Explicit concurrent mark sweep GC freed 1977(154KB) AllocSpace objects, 1(20KB) LOS objects, 25% free, 47MB/63MB, paused 147us total 12.164ms
08-05 21:31:27.415 30832 30862 I art     : Starting a blocking GC Explicit
08-05 21:31:27.426 30832 30862 I art     : Explicit concurrent mark sweep GC freed 30(1168B) AllocSpace objects, 0(0B) LOS objects, 25% free, 47MB/63MB, paused 143us total 10.132ms
08-05 21:31:27.431 30832 30862 I art     : Starting a blocking GC Explicit
08-05 21:31:27.441 30832 30862 I art     : Explicit concurrent mark sweep GC freed 3(96B) AllocSpace objects, 0(0B) LOS objects, 25% free, 47MB/63MB, paused 135us total 9.699ms
08-05 21:31:27.447 30832 30862 I art     : Starting a blocking GC Explicit
08-05 21:31:27.457 30832 30862 I art     : Explicit concurrent mark sweep GC freed 3(96B) AllocSpace objects, 0(0B) LOS objects, 25% free, 47MB/63MB, paused 139us total 9.955ms
08-05 21:31:27.462 30832 30862 I art     : Starting a blocking GC Explicit
08-05 21:31:27.472 30832 30862 I art     : Explicit concurrent mark sweep GC freed 3(96B) AllocSpace objects, 0(0B) LOS objects, 25% free, 47MB/63MB, paused 134us total 9.907ms
08-05 21:31:27.740 30832 30844 I art     : Starting a blocking GC Explicit
08-05 21:31:27.754 30832 30844 I art     : Explicit concurrent mark sweep GC freed 1339(78KB) AllocSpace objects, 1(20KB) LOS objects, 25% free, 47MB/63MB, paused 165us total 13.811ms
08-05 21:31:27.761 30832 30844 I art     : Starting a blocking GC Explicit
08-05 21:31:27.773 30832 30844 I art     : Explicit concurrent mark sweep GC freed 20(704B) AllocSpace objects, 0(0B) LOS objects, 25% free, 47MB/63MB, paused 153us total 12.269ms
08-05 21:31:27.779 30832 30844 I art     : Starting a blocking GC Explicit
08-05 21:31:27.792 30832 30844 I art     : Explicit concurrent mark sweep GC freed 3(96B) AllocSpace objects, 0(0B) LOS objects, 25% free, 47MB/63MB, paused 150us total 12.063ms
08-05 21:31:27.798 30832 30844 I art     : Starting a blocking GC Explicit
08-05 21:31:27.810 30832 30844 I art     : Explicit concurrent mark sweep GC freed 3(96B) AllocSpace objects, 0(0B) LOS objects, 25% free, 47MB/63MB, paused 150us total 11.998ms
08-05 21:31:27.816 30832 30844 I art     : Starting a blocking GC Explicit
08-05 21:31:27.827 30832 30844 I art     : Explicit concurrent mark sweep GC freed 3(96B) AllocSpace objects, 0(0B) LOS objects, 25% free, 47MB/63MB, paused 145us total 11.001ms
08-05 21:31:27.872 24895 24895 I ServiceManager: Waiting for service AtCmdFwd...
08-05 21:31:28.141 30832 30843 I art     : Starting a blocking GC Explicit
08-05 21:31:28.155 30832 30843 I art     : Explicit concurrent mark sweep GC freed 1339(78KB) AllocSpace objects, 1(20KB) LOS objects, 25% free, 47MB/63MB, paused 188us total 13.340ms
08-05 21:31:28.161 30832 30843 I art     : Starting a blocking GC Explicit
08-05 21:31:28.173 30832 30843 I art     : Explicit concurrent mark sweep GC freed 20(704B) AllocSpace objects, 0(0B) LOS objects, 25% free, 47MB/63MB, paused 157us total 11.899ms
08-05 21:31:28.179 30832 30843 I art     : Starting a blocking GC Explicit
08-05 21:31:28.191 30832 30843 I art     : Explicit concurrent mark sweep GC freed 3(96B) AllocSpace objects, 0(0B) LOS objects, 25% free, 47MB/63MB, paused 150us total 11.307ms
08-05 21:31:28.197 30832 30843 I art     : Starting a blocking GC Explicit
08-05 21:31:28.209 30832 30843 I art     : Explicit concurrent mark sweep GC freed 3(96B) AllocSpace objects, 0(0B) LOS objects, 25% free, 47MB/63MB, paused 141us total 10.885ms
08-05 21:31:28.214 30832 30843 I art     : Starting a blocking GC Explicit
08-05 21:31:28.225 30832 30843 I art     : Explicit concurrent mark sweep GC freed 3(96B) AllocSpace objects, 0(0B) LOS objects, 25% free, 47MB/63MB, paused 141us total 10.709ms
08-05 21:31:28.431 31040 31040 D AndroidRuntime: >>>>>> START com.android.internal.os.RuntimeInit uid 2000 <<<<<<
08-05 21:31:28.436 31040 31040 D AndroidRuntime: CheckJNI is OFF
08-05 21:31:28.460 31040 31040 D ICU     : No timezone override file found: /data/misc/zoneinfo/current/icu/icu_tzdata.dat
08-05 21:31:28.484 31040 31040 I Radio-JNI: register_android_hardware_Radio DONE
08-05 21:31:28.489 30832 30862 I art     : Starting a blocking GC Explicit
08-05 21:31:28.501 30832 30862 I art     : Explicit concurrent mark sweep GC freed 1339(78KB) AllocSpace objects, 1(20KB) LOS objects, 25% free, 47MB/63MB, paused 162us total 11.756ms
08-05 21:31:28.501 31040 31040 D AndroidRuntime: Calling main entry com.android.commands.input.Input
08-05 21:31:28.502 31040 31040 I Input   : injectMotionEvent: MotionEvent { action=ACTION_DOWN, actionButton=0, id[0]=0, x[0]=337.0, y[0]=1104.0, toolType[0]=TOOL_TYPE_UNKNOWN, buttonState=0, metaState=0, flags=0x0, edgeFlags=0x0, pointerCount=1, historySize=0, eventTime=826304915, downTime=826304915, deviceId=0, source=0x1002 }
08-05 21:31:28.507 30832 30862 I art     : Starting a blocking GC Explicit
08-05 21:31:28.508 31040 31040 I Input   : injectMotionEvent: MotionEvent { action=ACTION_UP, actionButton=0, id[0]=0, x[0]=337.0, y[0]=1104.0, toolType[0]=TOOL_TYPE_UNKNOWN, buttonState=0, metaState=0, flags=0x0, edgeFlags=0x0, pointerCount=1, historySize=0, eventTime=826304915, downTime=826304915, deviceId=0, source=0x1002 }
08-05 21:31:28.510   918  3696 I ActivityManager: START u0 {cmp=baseline.appteam.nith.hillffair/.activities.BattleDayActivity} from uid 10675 on display 0
08-05 21:31:28.517 31040 31040 D AndroidRuntime: Shutting down VM
08-05 21:31:28.520 30832 30862 I art     : Explicit concurrent mark sweep GC freed 41(5KB) AllocSpace objects, 0(0B) LOS objects, 25% free, 47MB/63MB, paused 408us total 12.397ms
08-05 21:31:28.526 30832 30862 I art     : Starting a blocking GC Explicit
08-05 21:31:28.538 30832 30862 I art     : Explicit concurrent mark sweep GC freed 580(67KB) AllocSpace objects, 0(0B) LOS objects, 24% free, 48MB/64MB, paused 591us total 12.490ms
08-05 21:31:28.544 30832 30862 I art     : Starting a blocking GC Explicit
08-05 21:31:28.567 30832 30862 I art     : Explicit concurrent mark sweep GC freed 2716(186KB) AllocSpace objects, 0(0B) LOS objects, 24% free, 48MB/64MB, paused 8.660ms total 22.352ms
08-05 21:31:28.572 30832 30862 I art     : Starting a blocking GC Explicit
08-05 21:31:28.586 30832 30862 I art     : Explicit concurrent mark sweep GC freed 4175(231KB) AllocSpace objects, 0(0B) LOS objects, 24% free, 48MB/64MB, paused 243us total 13.754ms
08-05 21:31:28.599 13866 13882 I PeriodicStatsRunner: PeriodicStatsRunner.call():175 call()
08-05 21:31:28.599 13866 13882 I PeriodicStatsRunner: PeriodicStatsRunner.call():179 No submit PeriodicStats since input started.
08-05 21:31:28.617 13866 13866 I GoogleInputMethodServic: GoogleInputMethodService.onFinishInput():3138 
08-05 21:31:28.617 13866 13866 I GoogleInputMethodServic: GoogleInputMethodService.onStartInput():1808 
08-05 21:31:28.653   918   936 I ActivityManager: Displayed baseline.appteam.nith.hillffair/.activities.BattleDayActivity: +135ms
08-05 21:31:28.825 30832 30844 I art     : Starting a blocking GC Explicit
08-05 21:31:28.843 30832 30844 I art     : Explicit concurrent mark sweep GC freed 1695(105KB) AllocSpace objects, 1(20KB) LOS objects, 24% free, 48MB/64MB, paused 228us total 17.498ms
08-05 21:31:28.854 30832 30844 I art     : Starting a blocking GC Explicit
08-05 21:31:28.873 24895 24895 I ServiceManager: Waiting for service AtCmdFwd...
08-05 21:31:28.876 30832 30844 I art     : Explicit concurrent mark sweep GC freed 36(1248B) AllocSpace objects, 0(0B) LOS objects, 24% free, 48MB/64MB, paused 238us total 21.357ms
08-05 21:31:28.885 30832 30844 I art     : Starting a blocking GC Explicit
08-05 21:31:28.897   380   380 W SurfaceFlinger: couldn't log to binary event log: overflow.
08-05 21:31:28.902 30832 30844 I art     : Explicit concurrent mark sweep GC freed 3(96B) AllocSpace objects, 0(0B) LOS objects, 24% free, 48MB/64MB, paused 221us total 16.808ms
08-05 21:31:28.911 30832 30844 I art     : Starting a blocking GC Explicit
08-05 21:31:28.923 30832 30844 I art     : Explicit concurrent mark sweep GC freed 3(96B) AllocSpace objects, 0(0B) LOS objects, 24% free, 48MB/64MB, paused 187us total 11.695ms
08-05 21:31:28.930 30832 30844 I art     : Starting a blocking GC Explicit
08-05 21:31:28.941 30832 30844 I art     : Explicit concurrent mark sweep GC freed 3(96B) AllocSpace objects, 0(0B) LOS objects, 24% free, 48MB/64MB, paused 172us total 10.838ms
08-05 21:31:29.128 30832 31063 D OkHttp  : --> GET https://api-hillfair-2k16.herokuapp.com/api/app/events/special http/1.1
08-05 21:31:29.169 30832 31063 D OkHttp  : <-- 200 OK https://api-hillfair-2k16.herokuapp.com/api/app/events/special (40ms, 554-byte body)
08-05 21:31:29.203 30832 30862 I art     : Starting a blocking GC Explicit
08-05 21:31:29.214 30832 30832 I NAPPA_EXPERIMENTATION: MetricNetworkRequestExecutionTime: REQUEST_DURATION_SYSTEM='642',REQUEST_DURATION_OKHTTP='40',REQUEST_SYNCHRONOUS='FALSE',RESPONSE_CODE='200',RESPONSE_METHOD='GET',RESPONSE_LENGTH_OKHTTP='554',RESPONSE_LENGTH_HEADER='554',REQUEST_PROTOCOL='http/1.1',REQUEST_URL='https://api-hillfair-2k16.herokuapp.com/api/app/events/special',
08-05 21:31:29.219 30832 30862 I art     : Explicit concurrent mark sweep GC freed 4467(281KB) AllocSpace objects, 4(220KB) LOS objects, 24% free, 48MB/64MB, paused 373us total 15.533ms
08-05 21:31:29.224 30832 30862 I art     : Starting a blocking GC Explicit
08-05 21:31:29.245 30832 30862 I art     : Explicit concurrent mark sweep GC freed 1375(162KB) AllocSpace objects, 0(0B) LOS objects, 24% free, 48MB/64MB, paused 378us total 20.223ms
08-05 21:31:29.251 30832 30862 I art     : Starting a blocking GC Explicit
08-05 21:31:29.265 30832 30862 I art     : Explicit concurrent mark sweep GC freed 250(13KB) AllocSpace objects, 0(0B) LOS objects, 24% free, 48MB/64MB, paused 534us total 14.371ms
08-05 21:31:29.272 30832 30862 I art     : Starting a blocking GC Explicit
08-05 21:31:29.285 30832 30862 I art     : Explicit concurrent mark sweep GC freed 663(29KB) AllocSpace objects, 0(0B) LOS objects, 24% free, 48MB/64MB, paused 385us total 12.777ms
08-05 21:31:29.291 30832 30862 I art     : Starting a blocking GC Explicit
08-05 21:31:29.303 30832 30862 I art     : Explicit concurrent mark sweep GC freed 132(8KB) AllocSpace objects, 0(0B) LOS objects, 24% free, 48MB/64MB, paused 340us total 12.507ms
08-05 21:31:29.541 30832 30843 I art     : Starting a blocking GC Explicit
08-05 21:31:29.558 30832 30843 I art     : Explicit concurrent mark sweep GC freed 1589(92KB) AllocSpace objects, 1(20KB) LOS objects, 24% free, 48MB/64MB, paused 313us total 15.588ms
08-05 21:31:29.568 30832 30843 I art     : Starting a blocking GC Explicit
08-05 21:31:29.586 30832 30843 I art     : Explicit concurrent mark sweep GC freed 20(704B) AllocSpace objects, 0(0B) LOS objects, 24% free, 48MB/64MB, paused 382us total 17.764ms
08-05 21:31:29.594 30832 30843 I art     : Starting a blocking GC Explicit
08-05 21:31:29.608 30832 30843 I art     : Explicit concurrent mark sweep GC freed 3(96B) AllocSpace objects, 0(0B) LOS objects, 24% free, 48MB/64MB, paused 274us total 13.981ms
08-05 21:31:29.615 30832 30843 I art     : Starting a blocking GC Explicit
08-05 21:31:29.629 30832 30843 I art     : Explicit concurrent mark sweep GC freed 3(96B) AllocSpace objects, 0(0B) LOS objects, 24% free, 48MB/64MB, paused 292us total 14.187ms
08-05 21:31:29.636 30832 30843 I art     : Starting a blocking GC Explicit
08-05 21:31:29.650 30832 30843 I art     : Explicit concurrent mark sweep GC freed 3(96B) AllocSpace objects, 0(0B) LOS objects, 24% free, 48MB/64MB, paused 269us total 13.693ms
08-05 21:31:29.874 24895 24895 I ServiceManager: Waiting for service AtCmdFwd...
08-05 21:31:29.917 30832 30862 I art     : Starting a blocking GC Explicit
08-05 21:31:29.932 30832 30862 I art     : Explicit concurrent mark sweep GC freed 9448(516KB) AllocSpace objects, 1(20KB) LOS objects, 23% free, 51MB/67MB, paused 514us total 15.350ms
08-05 21:31:29.938 30832 30862 I art     : Starting a blocking GC Explicit
08-05 21:31:29.951 30832 30862 I art     : Explicit concurrent mark sweep GC freed 291(30KB) AllocSpace objects, 0(0B) LOS objects, 23% free, 51MB/67MB, paused 199us total 12.831ms
08-05 21:31:29.958 30832 30862 I art     : Starting a blocking GC Explicit
08-05 21:31:29.969 30832 30862 I art     : Explicit concurrent mark sweep GC freed 31(28KB) AllocSpace objects, 0(0B) LOS objects, 23% free, 51MB/67MB, paused 192us total 11.268ms
08-05 21:31:29.975 30832 30862 I art     : Starting a blocking GC Explicit
08-05 21:31:29.986 30832 30862 I art     : Explicit concurrent mark sweep GC freed 9(288B) AllocSpace objects, 0(0B) LOS objects, 23% free, 51MB/67MB, paused 183us total 11.019ms
08-05 21:31:29.992 30832 30862 I art     : Starting a blocking GC Explicit
08-05 21:31:30.003 30832 30862 I art     : Explicit concurrent mark sweep GC freed 3(96B) AllocSpace objects, 0(0B) LOS objects, 23% free, 51MB/67MB, paused 183us total 11.149ms
08-05 21:31:30.313 30832 30843 I art     : Starting a blocking GC Explicit
08-05 21:31:30.337 30832 30843 I art     : Explicit concurrent mark sweep GC freed 1340(78KB) AllocSpace objects, 1(20KB) LOS objects, 23% free, 51MB/67MB, paused 340us total 23.160ms
08-05 21:31:30.347 30832 30843 I art     : Starting a blocking GC Explicit
08-05 21:31:30.361 30832 30843 I art     : Explicit concurrent mark sweep GC freed 20(704B) AllocSpace objects, 0(0B) LOS objects, 23% free, 51MB/67MB, paused 209us total 13.967ms
08-05 21:31:30.368 30832 30843 I art     : Starting a blocking GC Explicit
08-05 21:31:30.382 30832 30843 I art     : Explicit concurrent mark sweep GC freed 3(96B) AllocSpace objects, 0(0B) LOS objects, 23% free, 51MB/67MB, paused 199us total 13.836ms
08-05 21:31:30.389 30832 30843 I art     : Starting a blocking GC Explicit
08-05 21:31:30.402 30832 30843 I art     : Explicit concurrent mark sweep GC freed 3(96B) AllocSpace objects, 0(0B) LOS objects, 23% free, 51MB/67MB, paused 183us total 13.479ms
08-05 21:31:30.409 30832 30843 I art     : Starting a blocking GC Explicit
08-05 21:31:30.422 30832 30843 I art     : Explicit concurrent mark sweep GC freed 3(96B) AllocSpace objects, 0(0B) LOS objects, 23% free, 51MB/67MB, paused 200us total 13.675ms
08-05 21:31:30.741 30832 30844 I art     : Starting a blocking GC Explicit
08-05 21:31:30.764 30832 30844 I art     : Explicit concurrent mark sweep GC freed 1340(78KB) AllocSpace objects, 1(20KB) LOS objects, 23% free, 51MB/67MB, paused 253us total 23.358ms
08-05 21:31:30.774 30832 30844 I art     : Starting a blocking GC Explicit
08-05 21:31:30.791 30832 30844 I art     : Explicit concurrent mark sweep GC freed 20(704B) AllocSpace objects, 0(0B) LOS objects, 23% free, 51MB/67MB, paused 215us total 16.473ms
08-05 21:31:30.798 30832 30844 I art     : Starting a blocking GC Explicit
08-05 21:31:30.812 30832 30844 I art     : Explicit concurrent mark sweep GC freed 3(96B) AllocSpace objects, 0(0B) LOS objects, 23% free, 51MB/67MB, paused 210us total 14.137ms
08-05 21:31:30.819 30832 30844 I art     : Starting a blocking GC Explicit
08-05 21:31:30.833 30832 30844 I art     : Explicit concurrent mark sweep GC freed 3(96B) AllocSpace objects, 0(0B) LOS objects, 23% free, 51MB/67MB, paused 217us total 14.178ms
08-05 21:31:30.840 30832 30844 I art     : Starting a blocking GC Explicit
08-05 21:31:30.853 30832 30844 I art     : Explicit concurrent mark sweep GC freed 3(96B) AllocSpace objects, 0(0B) LOS objects, 23% free, 51MB/67MB, paused 199us total 13.491ms
08-05 21:31:30.875 24895 24895 I ServiceManager: Waiting for service AtCmdFwd...
08-05 21:31:31.175 30832 30862 I art     : Starting a blocking GC Explicit
08-05 21:31:31.194 30832 30862 I art     : Explicit concurrent mark sweep GC freed 1340(78KB) AllocSpace objects, 1(20KB) LOS objects, 23% free, 51MB/67MB, paused 251us total 18.093ms
08-05 21:31:31.204 30832 30862 I art     : Starting a blocking GC Explicit
08-05 21:31:31.218 30832 30862 I art     : Explicit concurrent mark sweep GC freed 20(704B) AllocSpace objects, 0(0B) LOS objects, 23% free, 51MB/67MB, paused 211us total 13.981ms
08-05 21:31:31.225 30832 30862 I art     : Starting a blocking GC Explicit
08-05 21:31:31.239 30832 30862 I art     : Explicit concurrent mark sweep GC freed 3(96B) AllocSpace objects, 0(0B) LOS objects, 23% free, 51MB/67MB, paused 254us total 13.901ms
08-05 21:31:31.245 30832 30862 I art     : Starting a blocking GC Explicit
08-05 21:31:31.259 30832 30862 I art     : Explicit concurrent mark sweep GC freed 3(96B) AllocSpace objects, 0(0B) LOS objects, 23% free, 51MB/67MB, paused 209us total 13.834ms
08-05 21:31:31.266 30832 30862 I art     : Starting a blocking GC Explicit
08-05 21:31:31.279 30832 30862 I art     : Explicit concurrent mark sweep GC freed 3(96B) AllocSpace objects, 0(0B) LOS objects, 23% free, 51MB/67MB, paused 215us total 13.485ms
08-05 21:31:31.504   918  3261 D WifiStateMachine: starting scan for "H369AA63323"WPA_PSK with 2412,5180
08-05 21:31:31.603 30832 30843 I art     : Starting a blocking GC Explicit
08-05 21:31:31.624 30832 30843 I art     : Explicit concurrent mark sweep GC freed 1340(78KB) AllocSpace objects, 1(20KB) LOS objects, 23% free, 51MB/67MB, paused 271us total 20.616ms
08-05 21:31:31.634 30832 30843 I art     : Starting a blocking GC Explicit
08-05 21:31:31.653 30832 30843 I art     : Explicit concurrent mark sweep GC freed 20(704B) AllocSpace objects, 0(0B) LOS objects, 23% free, 51MB/67MB, paused 237us total 18.520ms
08-05 21:31:31.662 30832 30843 I art     : Starting a blocking GC Explicit
08-05 21:31:31.676 30832 30843 I art     : Explicit concurrent mark sweep GC freed 3(96B) AllocSpace objects, 0(0B) LOS objects, 23% free, 51MB/67MB, paused 203us total 14.135ms
08-05 21:31:31.683 30832 30843 I art     : Starting a blocking GC Explicit
08-05 21:31:31.697 30832 30843 I art     : Explicit concurrent mark sweep GC freed 3(96B) AllocSpace objects, 0(0B) LOS objects, 23% free, 51MB/67MB, paused 206us total 14.290ms
08-05 21:31:31.704 30832 30843 I art     : Starting a blocking GC Explicit
08-05 21:31:31.718 30832 30843 I art     : Explicit concurrent mark sweep GC freed 3(96B) AllocSpace objects, 0(0B) LOS objects, 23% free, 51MB/67MB, paused 193us total 14.061ms
08-05 21:31:31.875 24895 24895 I ServiceManager: Waiting for service AtCmdFwd...
08-05 21:31:32.017 30832 30844 I art     : Starting a blocking GC Explicit
08-05 21:31:32.043 30832 30844 I art     : Explicit concurrent mark sweep GC freed 1340(78KB) AllocSpace objects, 1(20KB) LOS objects, 23% free, 51MB/67MB, paused 271us total 25.248ms
08-05 21:31:32.043 30832 30842 I art     : WaitForGcToComplete blocked for 18.478ms for cause HeapTrim
08-05 21:31:32.056 30832 30844 I art     : Starting a blocking GC Explicit
08-05 21:31:32.069 30832 30844 I art     : Explicit concurrent mark sweep GC freed 20(704B) AllocSpace objects, 0(0B) LOS objects, 23% free, 51MB/67MB, paused 213us total 13.344ms
08-05 21:31:32.075 30832 30844 I art     : Starting a blocking GC Explicit
08-05 21:31:32.089 30832 30844 I art     : Explicit concurrent mark sweep GC freed 3(96B) AllocSpace objects, 0(0B) LOS objects, 23% free, 51MB/67MB, paused 217us total 13.295ms
08-05 21:31:32.095 30832 30844 I art     : Starting a blocking GC Explicit
08-05 21:31:32.109 30832 30844 I art     : Explicit concurrent mark sweep GC freed 3(96B) AllocSpace objects, 0(0B) LOS objects, 23% free, 51MB/67MB, paused 207us total 13.680ms
08-05 21:31:32.115 30832 30844 I art     : Starting a blocking GC Explicit
08-05 21:31:32.129 30832 30844 I art     : Explicit concurrent mark sweep GC freed 3(96B) AllocSpace objects, 0(0B) LOS objects, 23% free, 51MB/67MB, paused 214us total 13.384ms
08-05 21:31:32.421 30832 30862 I art     : Starting a blocking GC Explicit
08-05 21:31:32.440 30832 30862 I art     : Explicit concurrent mark sweep GC freed 1340(78KB) AllocSpace objects, 1(20KB) LOS objects, 23% free, 51MB/67MB, paused 256us total 18.775ms
08-05 21:31:32.451 30832 30862 I art     : Starting a blocking GC Explicit
08-05 21:31:32.465 30832 30862 I art     : Explicit concurrent mark sweep GC freed 20(704B) AllocSpace objects, 0(0B) LOS objects, 23% free, 51MB/67MB, paused 217us total 14.434ms
08-05 21:31:32.472 30832 30862 I art     : Starting a blocking GC Explicit
08-05 21:31:32.487 30832 30862 I art     : Explicit concurrent mark sweep GC freed 3(96B) AllocSpace objects, 0(0B) LOS objects, 23% free, 51MB/67MB, paused 211us total 14.273ms
08-05 21:31:32.493 30832 30862 I art     : Starting a blocking GC Explicit
08-05 21:31:32.507 30832 30862 I art     : Explicit concurrent mark sweep GC freed 3(96B) AllocSpace objects, 0(0B) LOS objects, 23% free, 51MB/67MB, paused 228us total 13.913ms
08-05 21:31:32.514 30832 30862 I art     : Starting a blocking GC Explicit
08-05 21:31:32.528 30832 30862 I art     : Explicit concurrent mark sweep GC freed 3(96B) AllocSpace objects, 0(0B) LOS objects, 23% free, 51MB/67MB, paused 214us total 13.721ms
08-05 21:31:32.859 30832 30843 I art     : Starting a blocking GC Explicit
08-05 21:31:32.875 24895 24895 W Atfwd_Sendcmd: AtCmdFwd service not published, waiting... retryCnt : 5
08-05 21:31:32.883 30832 30843 I art     : Explicit concurrent mark sweep GC freed 1340(78KB) AllocSpace objects, 1(20KB) LOS objects, 23% free, 51MB/67MB, paused 256us total 23.381ms
08-05 21:31:32.894 30832 30843 I art     : Starting a blocking GC Explicit
08-05 21:31:32.908 30832 30843 I art     : Explicit concurrent mark sweep GC freed 20(704B) AllocSpace objects, 0(0B) LOS objects, 23% free, 51MB/67MB, paused 196us total 13.793ms
08-05 21:31:32.914 30832 30843 I art     : Starting a blocking GC Explicit
08-05 21:31:32.928 30832 30843 I art     : Explicit concurrent mark sweep GC freed 3(96B) AllocSpace objects, 0(0B) LOS objects, 23% free, 51MB/67MB, paused 195us total 13.631ms
08-05 21:31:32.934 30832 30843 I art     : Starting a blocking GC Explicit
08-05 21:31:32.948 30832 30843 I art     : Explicit concurrent mark sweep GC freed 3(96B) AllocSpace objects, 0(0B) LOS objects, 23% free, 51MB/67MB, paused 215us total 13.780ms
08-05 21:31:32.955 30832 30843 I art     : Starting a blocking GC Explicit
08-05 21:31:32.969 30832 30843 I art     : Explicit concurrent mark sweep GC freed 3(96B) AllocSpace objects, 0(0B) LOS objects, 23% free, 51MB/67MB, paused 200us total 14.093ms
08-05 21:31:33.274 30832 30844 I art     : Starting a blocking GC Explicit
08-05 21:31:33.294 30832 30844 I art     : Explicit concurrent mark sweep GC freed 1340(78KB) AllocSpace objects, 1(20KB) LOS objects, 23% free, 51MB/67MB, paused 253us total 19.679ms
08-05 21:31:33.304 30832 30844 I art     : Starting a blocking GC Explicit
08-05 21:31:33.318 30832 30844 I art     : Explicit concurrent mark sweep GC freed 20(704B) AllocSpace objects, 0(0B) LOS objects, 23% free, 51MB/67MB, paused 215us total 14.315ms
08-05 21:31:33.325 30832 30844 I art     : Starting a blocking GC Explicit
08-05 21:31:33.339 30832 30844 I art     : Explicit concurrent mark sweep GC freed 3(96B) AllocSpace objects, 0(0B) LOS objects, 23% free, 51MB/67MB, paused 217us total 14.162ms
08-05 21:31:33.345 30832 30844 I art     : Starting a blocking GC Explicit
08-05 21:31:33.359 30832 30844 I art     : Explicit concurrent mark sweep GC freed 3(96B) AllocSpace objects, 0(0B) LOS objects, 23% free, 51MB/67MB, paused 216us total 13.762ms
08-05 21:31:33.365 30832 30844 I art     : Starting a blocking GC Explicit
08-05 21:31:33.379 30832 30844 I art     : Explicit concurrent mark sweep GC freed 3(96B) AllocSpace objects, 0(0B) LOS objects, 23% free, 51MB/67MB, paused 215us total 13.694ms
08-05 21:31:33.618 13866 13882 I PeriodicStatsRunner: PeriodicStatsRunner.call():175 call()
08-05 21:31:33.618 13866 13882 I PeriodicStatsRunner: PeriodicStatsRunner.call():179 No submit PeriodicStats since input started.
08-05 21:31:33.692 30832 30862 I art     : Starting a blocking GC Explicit
08-05 21:31:33.712 30832 30862 I art     : Explicit concurrent mark sweep GC freed 1340(78KB) AllocSpace objects, 1(20KB) LOS objects, 23% free, 51MB/67MB, paused 258us total 20.489ms
08-05 21:31:33.723 30832 30862 I art     : Starting a blocking GC Explicit
08-05 21:31:33.741 30832 30862 I art     : Explicit concurrent mark sweep GC freed 20(704B) AllocSpace objects, 0(0B) LOS objects, 23% free, 51MB/67MB, paused 246us total 18.141ms
08-05 21:31:33.751 30832 30862 I art     : Starting a blocking GC Explicit
08-05 21:31:33.765 30832 30862 I art     : Explicit concurrent mark sweep GC freed 3(96B) AllocSpace objects, 0(0B) LOS objects, 23% free, 51MB/67MB, paused 224us total 14.563ms
08-05 21:31:33.772 30832 30862 I art     : Starting a blocking GC Explicit
08-05 21:31:33.787 30832 30862 I art     : Explicit concurrent mark sweep GC freed 3(96B) AllocSpace objects, 0(0B) LOS objects, 23% free, 51MB/67MB, paused 225us total 14.212ms
08-05 21:31:33.794 30832 30862 I art     : Starting a blocking GC Explicit
08-05 21:31:33.807 30832 30862 I art     : Explicit concurrent mark sweep GC freed 3(96B) AllocSpace objects, 0(0B) LOS objects, 23% free, 51MB/67MB, paused 212us total 13.592ms
08-05 21:31:34.123 30832 30843 I art     : Starting a blocking GC Explicit
08-05 21:31:34.143 30832 30843 I art     : Explicit concurrent mark sweep GC freed 1340(78KB) AllocSpace objects, 1(20KB) LOS objects, 23% free, 51MB/67MB, paused 238us total 20.437ms
08-05 21:31:34.155 30832 30843 I art     : Starting a blocking GC Explicit
08-05 21:31:34.173 30832 30843 I art     : Explicit concurrent mark sweep GC freed 20(704B) AllocSpace objects, 0(0B) LOS objects, 23% free, 51MB/67MB, paused 225us total 18.302ms
08-05 21:31:34.181 30832 30843 I art     : Starting a blocking GC Explicit
08-05 21:31:34.195 30832 30843 I art     : Explicit concurrent mark sweep GC freed 3(96B) AllocSpace objects, 0(0B) LOS objects, 23% free, 51MB/67MB, paused 196us total 13.940ms
08-05 21:31:34.201 30832 30843 I art     : Starting a blocking GC Explicit
08-05 21:31:34.216 30832 30843 I art     : Explicit concurrent mark sweep GC freed 3(96B) AllocSpace objects, 0(0B) LOS objects, 23% free, 51MB/67MB, paused 205us total 14.076ms
08-05 21:31:34.222 30832 30843 I art     : Starting a blocking GC Explicit
08-05 21:31:34.236 30832 30843 I art     : Explicit concurrent mark sweep GC freed 3(96B) AllocSpace objects, 0(0B) LOS objects, 23% free, 51MB/67MB, paused 202us total 13.965ms
08-05 21:31:34.537 30832 30844 I art     : Starting a blocking GC Explicit
08-05 21:31:34.554 30832 30844 I art     : Explicit concurrent mark sweep GC freed 1340(78KB) AllocSpace objects, 1(20KB) LOS objects, 23% free, 51MB/67MB, paused 234us total 16.443ms
08-05 21:31:34.560 30832 30844 I art     : Starting a blocking GC Explicit
08-05 21:31:34.575 30832 30844 I art     : Explicit concurrent mark sweep GC freed 20(704B) AllocSpace objects, 0(0B) LOS objects, 23% free, 51MB/67MB, paused 228us total 14.602ms
08-05 21:31:34.582 30832 30844 I art     : Starting a blocking GC Explicit
08-05 21:31:34.596 30832 30844 I art     : Explicit concurrent mark sweep GC freed 3(96B) AllocSpace objects, 0(0B) LOS objects, 23% free, 51MB/67MB, paused 220us total 14.085ms
08-05 21:31:34.603 30832 30844 I art     : Starting a blocking GC Explicit
08-05 21:31:34.616 30832 30844 I art     : Explicit concurrent mark sweep GC freed 3(96B) AllocSpace objects, 0(0B) LOS objects, 23% free, 51MB/67MB, paused 206us total 13.540ms
08-05 21:31:34.623 30832 30844 I art     : Starting a blocking GC Explicit
08-05 21:31:34.637 30832 30844 I art     : Explicit concurrent mark sweep GC freed 3(96B) AllocSpace objects, 0(0B) LOS objects, 23% free, 51MB/67MB, paused 223us total 13.869ms
08-05 21:31:34.933 30832 30862 I art     : Starting a blocking GC Explicit
08-05 21:31:34.953 30832 30862 I art     : Explicit concurrent mark sweep GC freed 1340(78KB) AllocSpace objects, 1(20KB) LOS objects, 23% free, 51MB/67MB, paused 254us total 19.482ms
08-05 21:31:34.964 30832 30862 I art     : Starting a blocking GC Explicit
08-05 21:31:34.979 30832 30862 I art     : Explicit concurrent mark sweep GC freed 20(704B) AllocSpace objects, 0(0B) LOS objects, 23% free, 51MB/67MB, paused 219us total 14.490ms
08-05 21:31:34.985 30832 30862 I art     : Starting a blocking GC Explicit
08-05 21:31:35.000 30832 30862 I art     : Explicit concurrent mark sweep GC freed 3(96B) AllocSpace objects, 0(0B) LOS objects, 23% free, 51MB/67MB, paused 212us total 14.058ms
08-05 21:31:35.006 30832 30862 I art     : Starting a blocking GC Explicit
08-05 21:31:35.020 30832 30862 I art     : Explicit concurrent mark sweep GC freed 3(96B) AllocSpace objects, 0(0B) LOS objects, 23% free, 51MB/67MB, paused 217us total 13.696ms
08-05 21:31:35.027 30832 30862 I art     : Starting a blocking GC Explicit
08-05 21:31:35.041 30832 30862 I art     : Explicit concurrent mark sweep GC freed 3(96B) AllocSpace objects, 0(0B) LOS objects, 23% free, 51MB/67MB, paused 208us total 14.151ms
08-05 21:31:35.368 30832 30843 I art     : Starting a blocking GC Explicit
08-05 21:31:35.391 30832 30843 I art     : Explicit concurrent mark sweep GC freed 1340(78KB) AllocSpace objects, 1(20KB) LOS objects, 23% free, 51MB/67MB, paused 243us total 22.106ms
08-05 21:31:35.401 30832 30843 I art     : Starting a blocking GC Explicit
08-05 21:31:35.418 30832 30843 I art     : Explicit concurrent mark sweep GC freed 20(704B) AllocSpace objects, 0(0B) LOS objects, 23% free, 51MB/67MB, paused 202us total 16.914ms
08-05 21:31:35.425 30832 30843 I art     : Starting a blocking GC Explicit
08-05 21:31:35.439 30832 30843 I art     : Explicit concurrent mark sweep GC freed 3(96B) AllocSpace objects, 0(0B) LOS objects, 23% free, 51MB/67MB, paused 198us total 14.179ms
08-05 21:31:35.446 30832 30843 I art     : Starting a blocking GC Explicit
08-05 21:31:35.460 30832 30843 I art     : Explicit concurrent mark sweep GC freed 3(96B) AllocSpace objects, 0(0B) LOS objects, 23% free, 51MB/67MB, paused 233us total 14.028ms
08-05 21:31:35.466 30832 30843 I art     : Starting a blocking GC Explicit
08-05 21:31:35.480 30832 30843 I art     : Explicit concurrent mark sweep GC freed 3(96B) AllocSpace objects, 0(0B) LOS objects, 23% free, 51MB/67MB, paused 227us total 13.751ms
08-05 21:31:35.783 30832 30844 I art     : Starting a blocking GC Explicit
08-05 21:31:35.800 30832 30844 I art     : Explicit concurrent mark sweep GC freed 1340(78KB) AllocSpace objects, 1(20KB) LOS objects, 23% free, 51MB/67MB, paused 265us total 17.217ms
08-05 21:31:35.812 30832 30844 I art     : Starting a blocking GC Explicit
08-05 21:31:35.826 30832 30844 I art     : Explicit concurrent mark sweep GC freed 20(704B) AllocSpace objects, 0(0B) LOS objects, 23% free, 51MB/67MB, paused 214us total 14.116ms
08-05 21:31:35.832 30832 30844 I art     : Starting a blocking GC Explicit
08-05 21:31:35.846 30832 30844 I art     : Explicit concurrent mark sweep GC freed 3(96B) AllocSpace objects, 0(0B) LOS objects, 23% free, 51MB/67MB, paused 207us total 13.578ms
08-05 21:31:35.852 30832 30844 I art     : Starting a blocking GC Explicit
08-05 21:31:35.866 30832 30844 I art     : Explicit concurrent mark sweep GC freed 3(96B) AllocSpace objects, 0(0B) LOS objects, 23% free, 51MB/67MB, paused 237us total 13.441ms
08-05 21:31:35.872 30832 30844 I art     : Starting a blocking GC Explicit
08-05 21:31:35.886 30832 30844 I art     : Explicit concurrent mark sweep GC freed 3(96B) AllocSpace objects, 0(0B) LOS objects, 23% free, 51MB/67MB, paused 214us total 13.580ms
08-05 21:31:36.184 30832 30862 I art     : Starting a blocking GC Explicit
08-05 21:31:36.204 30832 30862 I art     : Explicit concurrent mark sweep GC freed 1340(78KB) AllocSpace objects, 1(20KB) LOS objects, 23% free, 51MB/67MB, paused 265us total 19.524ms
08-05 21:31:36.214 30832 30862 I art     : Starting a blocking GC Explicit
08-05 21:31:36.229 30832 30862 I art     : Explicit concurrent mark sweep GC freed 20(704B) AllocSpace objects, 0(0B) LOS objects, 23% free, 51MB/67MB, paused 225us total 14.603ms
08-05 21:31:36.236 30832 30862 I art     : Starting a blocking GC Explicit
08-05 21:31:36.250 30832 30862 I art     : Explicit concurrent mark sweep GC freed 3(96B) AllocSpace objects, 0(0B) LOS objects, 23% free, 51MB/67MB, paused 211us total 14.309ms
08-05 21:31:36.257 30832 30862 I art     : Starting a blocking GC Explicit
08-05 21:31:36.271 30832 30862 I art     : Explicit concurrent mark sweep GC freed 3(96B) AllocSpace objects, 0(0B) LOS objects, 23% free, 51MB/67MB, paused 226us total 13.966ms
08-05 21:31:36.277 30832 30862 I art     : Starting a blocking GC Explicit
08-05 21:31:36.292 30832 30862 I art     : Explicit concurrent mark sweep GC freed 3(96B) AllocSpace objects, 0(0B) LOS objects, 23% free, 51MB/67MB, paused 221us total 13.887ms
08-05 21:31:36.583 30832 30843 I art     : Starting a blocking GC Explicit
08-05 21:31:36.603 30832 30843 I art     : Explicit concurrent mark sweep GC freed 1340(78KB) AllocSpace objects, 1(20KB) LOS objects, 23% free, 51MB/67MB, paused 248us total 20.087ms
08-05 21:31:36.614 30832 30843 I art     : Starting a blocking GC Explicit
08-05 21:31:36.628 30832 30843 I art     : Explicit concurrent mark sweep GC freed 20(704B) AllocSpace objects, 0(0B) LOS objects, 23% free, 51MB/67MB, paused 207us total 14.188ms
08-05 21:31:36.635 30832 30843 I art     : Starting a blocking GC Explicit
08-05 21:31:36.649 30832 30843 I art     : Explicit concurrent mark sweep GC freed 3(96B) AllocSpace objects, 0(0B) LOS objects, 23% free, 51MB/67MB, paused 207us total 14.253ms
08-05 21:31:36.656 30832 30843 I art     : Starting a blocking GC Explicit
08-05 21:31:36.670 30832 30843 I art     : Explicit concurrent mark sweep GC freed 3(96B) AllocSpace objects, 0(0B) LOS objects, 23% free, 51MB/67MB, paused 238us total 13.922ms
08-05 21:31:36.677 30832 30843 I art     : Starting a blocking GC Explicit
08-05 21:31:36.691 30832 30843 I art     : Explicit concurrent mark sweep GC freed 3(96B) AllocSpace objects, 0(0B) LOS objects, 23% free, 51MB/67MB, paused 205us total 13.697ms
08-05 21:31:36.943 30832 30844 I art     : Starting a blocking GC Explicit
08-05 21:31:36.957 30832 30844 I art     : Explicit concurrent mark sweep GC freed 1340(78KB) AllocSpace objects, 1(20KB) LOS objects, 23% free, 51MB/67MB, paused 244us total 13.959ms
08-05 21:31:36.964 30832 30844 I art     : Starting a blocking GC Explicit
08-05 21:31:36.978 30832 30844 I art     : Explicit concurrent mark sweep GC freed 20(704B) AllocSpace objects, 0(0B) LOS objects, 23% free, 51MB/67MB, paused 218us total 13.992ms
08-05 21:31:36.984 30832 30844 I art     : Starting a blocking GC Explicit
08-05 21:31:36.996 30832 30844 I art     : Explicit concurrent mark sweep GC freed 3(96B) AllocSpace objects, 0(0B) LOS objects, 23% free, 51MB/67MB, paused 211us total 12.003ms
08-05 21:31:37.002 30832 30844 I art     : Starting a blocking GC Explicit
08-05 21:31:37.014 30832 30844 I art     : Explicit concurrent mark sweep GC freed 3(96B) AllocSpace objects, 0(0B) LOS objects, 23% free, 51MB/67MB, paused 205us total 12.176ms
08-05 21:31:37.020 30832 30844 I art     : Starting a blocking GC Explicit
08-05 21:31:37.033 30832 30844 I art     : Explicit concurrent mark sweep GC freed 3(96B) AllocSpace objects, 0(0B) LOS objects, 23% free, 51MB/67MB, paused 207us total 12.654ms
08-05 21:31:37.122 31274 31274 D AndroidRuntime: >>>>>> START com.android.internal.os.RuntimeInit uid 2000 <<<<<<
08-05 21:31:37.126 31274 31274 D AndroidRuntime: CheckJNI is OFF
08-05 21:31:37.160 31274 31274 D ICU     : No timezone override file found: /data/misc/zoneinfo/current/icu/icu_tzdata.dat
08-05 21:31:37.186 31274 31274 I Radio-JNI: register_android_hardware_Radio DONE
08-05 21:31:37.202 31274 31274 D AndroidRuntime: Calling main entry com.android.commands.input.Input
08-05 21:31:37.204 31274 31274 I Input   : injectMotionEvent: MotionEvent { action=ACTION_DOWN, actionButton=0, id[0]=0, x[0]=733.0, y[0]=645.0, toolType[0]=TOOL_TYPE_UNKNOWN, buttonState=0, metaState=0, flags=0x0, edgeFlags=0x0, pointerCount=1, historySize=0, eventTime=826313617, downTime=826313617, deviceId=0, source=0x1002 }
08-05 21:31:37.209 31274 31274 I Input   : injectMotionEvent: MotionEvent { action=ACTION_UP, actionButton=0, id[0]=0, x[0]=733.0, y[0]=645.0, toolType[0]=TOOL_TYPE_UNKNOWN, buttonState=0, metaState=0, flags=0x0, edgeFlags=0x0, pointerCount=1, historySize=0, eventTime=826313617, downTime=826313617, deviceId=0, source=0x1002 }
08-05 21:31:37.211   918  5132 I ActivityManager: START u0 {cmp=baseline.appteam.nith.hillffair/.activities.ClubActivity (has extras)} from uid 10675 on display 0
08-05 21:31:37.217 31274 31274 D AndroidRuntime: Shutting down VM
08-05 21:31:37.290 30832 30862 I art     : Starting a blocking GC Explicit
08-05 21:31:37.305 30832 30862 I art     : Explicit concurrent mark sweep GC freed 5220(326KB) AllocSpace objects, 1(20KB) LOS objects, 23% free, 52MB/68MB, paused 252us total 13.839ms
08-05 21:31:37.312   918   936 I ActivityManager: Displayed baseline.appteam.nith.hillffair/.activities.ClubActivity: +94ms
08-05 21:31:37.312 13866 13866 I GoogleInputMethodServic: GoogleInputMethodService.onFinishInput():3138 
08-05 21:31:37.312 30832 30862 I art     : Starting a blocking GC Explicit
08-05 21:31:37.313 13866 13866 I GoogleInputMethodServic: GoogleInputMethodService.onStartInput():1808 
08-05 21:31:37.327 30832 30862 I art     : Explicit concurrent mark sweep GC freed 253(11KB) AllocSpace objects, 0(0B) LOS objects, 23% free, 52MB/68MB, paused 246us total 14.456ms
08-05 21:31:37.334 30832 30862 I art     : Starting a blocking GC Explicit
08-05 21:31:37.348 30832 30862 I art     : Explicit concurrent mark sweep GC freed 14(544B) AllocSpace objects, 0(0B) LOS objects, 23% free, 52MB/68MB, paused 244us total 13.777ms
08-05 21:31:37.355 30832 30862 I art     : Starting a blocking GC Explicit
08-05 21:31:37.368 30832 30862 I art     : Explicit concurrent mark sweep GC freed 3(96B) AllocSpace objects, 0(0B) LOS objects, 23% free, 52MB/68MB, paused 251us total 13.022ms
08-05 21:31:37.374 30832 30862 I art     : Starting a blocking GC Explicit
08-05 21:31:37.387 30832 30862 I art     : Explicit concurrent mark sweep GC freed 3(96B) AllocSpace objects, 0(0B) LOS objects, 23% free, 52MB/68MB, paused 240us total 13.189ms
08-05 21:31:37.572   380   380 W SurfaceFlinger: couldn't log to binary event log: overflow.
08-05 21:31:37.622 30832 30844 I art     : Starting a blocking GC Explicit
08-05 21:31:37.637 30832 30844 I art     : Explicit concurrent mark sweep GC freed 1344(78KB) AllocSpace objects, 1(20KB) LOS objects, 23% free, 52MB/68MB, paused 266us total 14.373ms
08-05 21:31:37.642 30832 30844 I art     : Starting a blocking GC Explicit
08-05 21:31:37.656 30832 30844 I art     : Explicit concurrent mark sweep GC freed 20(704B) AllocSpace objects, 0(0B) LOS objects, 23% free, 52MB/68MB, paused 275us total 12.967ms
08-05 21:31:37.662 30832 30844 I art     : Starting a blocking GC Explicit
08-05 21:31:37.675 30832 30844 I art     : Explicit concurrent mark sweep GC freed 3(96B) AllocSpace objects, 0(0B) LOS objects, 23% free, 52MB/68MB, paused 228us total 12.925ms
08-05 21:31:37.681 30832 30844 I art     : Starting a blocking GC Explicit
08-05 21:31:37.694 30832 30844 I art     : Explicit concurrent mark sweep GC freed 93(5KB) AllocSpace objects, 0(0B) LOS objects, 23% free, 52MB/68MB, paused 278us total 13.342ms
08-05 21:31:37.702 30832 30844 I art     : Starting a blocking GC Explicit
08-05 21:31:37.716 30832 30844 I art     : Explicit concurrent mark sweep GC freed 33(2448B) AllocSpace objects, 0(0B) LOS objects, 23% free, 52MB/68MB, paused 271us total 14.497ms
08-05 21:31:37.825 30832 31307 D OkHttp  : --> GET https://api-hillfair-2k16.herokuapp.com/api/app/events/special/event?id=5806551bdcba0f490c70fd1f http/1.1
08-05 21:31:37.863 30832 31307 D OkHttp  : <-- 200 OK https://api-hillfair-2k16.herokuapp.com/api/app/events/special/event?id=5806551bdcba0f490c70fd1f (37ms, 795-byte body)
08-05 21:31:37.924 30832 30832 I NAPPA_EXPERIMENTATION: MetricNetworkRequestExecutionTime: REQUEST_DURATION_SYSTEM='675',REQUEST_DURATION_OKHTTP='38',REQUEST_SYNCHRONOUS='FALSE',RESPONSE_CODE='200',RESPONSE_METHOD='GET',RESPONSE_LENGTH_OKHTTP='795',RESPONSE_LENGTH_HEADER='795',REQUEST_PROTOCOL='http/1.1',REQUEST_URL='https://api-hillfair-2k16.herokuapp.com/api/app/events/special/event?id=5806551bdcba0f490c70fd1f',
08-05 21:31:37.973 30832 31309 I art     : Starting a blocking GC Explicit
08-05 21:31:37.991 30832 31309 I art     : Explicit concurrent mark sweep GC freed 4794(338KB) AllocSpace objects, 4(220KB) LOS objects, 23% free, 52MB/68MB, paused 303us total 17.452ms
08-05 21:31:37.998 30832 31309 I art     : Starting a blocking GC Explicit
08-05 21:31:38.013 30832 31309 I art     : Explicit concurrent mark sweep GC freed 1052(120KB) AllocSpace objects, 0(0B) LOS objects, 23% free, 52MB/68MB, paused 299us total 14.680ms
08-05 21:31:38.019 30832 31309 I art     : Starting a blocking GC Explicit
08-05 21:31:38.033 30832 31309 I art     : Explicit concurrent mark sweep GC freed 9(304B) AllocSpace objects, 0(0B) LOS objects, 23% free, 52MB/68MB, paused 218us total 13.396ms
08-05 21:31:38.039 30832 31309 I art     : Starting a blocking GC Explicit
08-05 21:31:38.052 30832 31309 I art     : Explicit concurrent mark sweep GC freed 3(96B) AllocSpace objects, 0(0B) LOS objects, 23% free, 52MB/68MB, paused 252us total 13.434ms
08-05 21:31:38.059 30832 31309 I art     : Starting a blocking GC Explicit
08-05 21:31:38.073 30832 31309 I art     : Explicit concurrent mark sweep GC freed 3(96B) AllocSpace objects, 0(0B) LOS objects, 23% free, 52MB/68MB, paused 375us total 13.804ms
08-05 21:31:38.357 30832 31309 I art     : Starting a blocking GC Explicit
08-05 21:31:38.374 30832 31309 I art     : Explicit concurrent mark sweep GC freed 1344(78KB) AllocSpace objects, 1(20KB) LOS objects, 23% free, 52MB/68MB, paused 227us total 17.010ms
08-05 21:31:38.382 30832 31309 I art     : Starting a blocking GC Explicit
08-05 21:31:38.398 30832 31309 I art     : Explicit concurrent mark sweep GC freed 36(1264B) AllocSpace objects, 0(0B) LOS objects, 23% free, 52MB/68MB, paused 235us total 15.933ms
08-05 21:31:38.404 30832 31309 I art     : Starting a blocking GC Explicit
08-05 21:31:38.418 30832 31309 I art     : Explicit concurrent mark sweep GC freed 3(96B) AllocSpace objects, 0(0B) LOS objects, 23% free, 52MB/68MB, paused 211us total 14.073ms
08-05 21:31:38.425 30832 31309 I art     : Starting a blocking GC Explicit
08-05 21:31:38.439 30832 31309 I art     : Explicit concurrent mark sweep GC freed 3(96B) AllocSpace objects, 0(0B) LOS objects, 23% free, 52MB/68MB, paused 211us total 14.013ms
08-05 21:31:38.445 30832 31309 I art     : Starting a blocking GC Explicit
08-05 21:31:38.460 30832 31309 I art     : Explicit concurrent mark sweep GC freed 3(96B) AllocSpace objects, 0(0B) LOS objects, 23% free, 52MB/68MB, paused 218us total 14.547ms
08-05 21:31:38.746 30832 30844 I art     : Starting a blocking GC Explicit
08-05 21:31:38.772 30832 30844 I art     : Explicit concurrent mark sweep GC freed 1341(78KB) AllocSpace objects, 1(20KB) LOS objects, 23% free, 52MB/68MB, paused 316us total 25.772ms
08-05 21:31:38.784 30832 30844 I art     : Starting a blocking GC Explicit
08-05 21:31:38.802 30832 30844 I art     : Explicit concurrent mark sweep GC freed 20(704B) AllocSpace objects, 0(0B) LOS objects, 23% free, 52MB/68MB, paused 234us total 17.510ms
08-05 21:31:38.808 30832 30844 I art     : Starting a blocking GC Explicit
08-05 21:31:38.824 30832 30844 I art     : Explicit concurrent mark sweep GC freed 3(96B) AllocSpace objects, 0(0B) LOS objects, 23% free, 52MB/68MB, paused 283us total 15.092ms
08-05 21:31:38.831 30832 30844 I art     : Starting a blocking GC Explicit
08-05 21:31:38.846 30832 30844 I art     : Explicit concurrent mark sweep GC freed 3(96B) AllocSpace objects, 0(0B) LOS objects, 23% free, 52MB/68MB, paused 219us total 15.454ms
08-05 21:31:38.853 30832 30844 I art     : Starting a blocking GC Explicit
08-05 21:31:38.867 30832 30844 I art     : Explicit concurrent mark sweep GC freed 3(96B) AllocSpace objects, 0(0B) LOS objects, 23% free, 52MB/68MB, paused 228us total 14.545ms
08-05 21:31:39.172 30832 30843 I art     : Starting a blocking GC Explicit
08-05 21:31:39.195 30832 30843 I art     : Explicit concurrent mark sweep GC freed 1341(78KB) AllocSpace objects, 1(20KB) LOS objects, 23% free, 52MB/68MB, paused 249us total 22.156ms
08-05 21:31:39.202 30832 30843 I art     : Starting a blocking GC Explicit
08-05 21:31:39.217 30832 30843 I art     : Explicit concurrent mark sweep GC freed 20(704B) AllocSpace objects, 0(0B) LOS objects, 23% free, 52MB/68MB, paused 277us total 15.278ms
08-05 21:31:39.224 30832 30843 I art     : Starting a blocking GC Explicit
08-05 21:31:39.239 30832 30843 I art     : Explicit concurrent mark sweep GC freed 3(96B) AllocSpace objects, 0(0B) LOS objects, 23% free, 52MB/68MB, paused 222us total 14.865ms
08-05 21:31:39.245 30832 30843 I art     : Starting a blocking GC Explicit
08-05 21:31:39.261 30832 30843 I art     : Explicit concurrent mark sweep GC freed 3(96B) AllocSpace objects, 0(0B) LOS objects, 23% free, 52MB/68MB, paused 251us total 15.043ms
08-05 21:31:39.268 30832 30843 I art     : Starting a blocking GC Explicit
08-05 21:31:39.283 30832 30843 I art     : Explicit concurrent mark sweep GC freed 3(96B) AllocSpace objects, 0(0B) LOS objects, 23% free, 52MB/68MB, paused 223us total 14.896ms
08-05 21:31:39.515   518   646 I ThermalEngine: ACTION: GPU - Setting GPU[0] to 510000000
08-05 21:31:39.612 30832 30862 I art     : Starting a blocking GC Explicit
08-05 21:31:39.637 30832 30862 I art     : Explicit concurrent mark sweep GC freed 1341(78KB) AllocSpace objects, 1(20KB) LOS objects, 23% free, 52MB/68MB, paused 341us total 23.727ms
08-05 21:31:39.648 30832 30862 I art     : Starting a blocking GC Explicit
08-05 21:31:39.670 30832 30862 I art     : Explicit concurrent mark sweep GC freed 20(704B) AllocSpace objects, 0(0B) LOS objects, 23% free, 52MB/68MB, paused 316us total 21.234ms
08-05 21:31:39.678 30832 30862 I art     : Starting a blocking GC Explicit
08-05 21:31:39.697 30832 30862 I art     : Explicit concurrent mark sweep GC freed 3(96B) AllocSpace objects, 0(0B) LOS objects, 23% free, 52MB/68MB, paused 362us total 19.017ms
08-05 21:31:39.706 30832 30862 I art     : Starting a blocking GC Explicit
08-05 21:31:39.725 30832 30862 I art     : Explicit concurrent mark sweep GC freed 3(96B) AllocSpace objects, 0(0B) LOS objects, 23% free, 52MB/68MB, paused 333us total 19.039ms
08-05 21:31:39.733 30832 30862 I art     : Starting a blocking GC Explicit
08-05 21:31:39.752 30832 30862 I art     : Explicit concurrent mark sweep GC freed 3(96B) AllocSpace objects, 0(0B) LOS objects, 23% free, 52MB/68MB, paused 320us total 18.756ms
08-05 21:31:40.057 30832 31309 I art     : Starting a blocking GC Explicit
08-05 21:31:40.081 30832 31309 I art     : Explicit concurrent mark sweep GC freed 1341(78KB) AllocSpace objects, 1(20KB) LOS objects, 23% free, 52MB/68MB, paused 332us total 23.415ms
08-05 21:31:40.093 30832 31309 I art     : Starting a blocking GC Explicit
08-05 21:31:40.112 30832 31309 I art     : Explicit concurrent mark sweep GC freed 20(704B) AllocSpace objects, 0(0B) LOS objects, 23% free, 52MB/68MB, paused 302us total 18.431ms
08-05 21:31:40.120 30832 31309 I art     : Starting a blocking GC Explicit
08-05 21:31:40.139 30832 31309 I art     : Explicit concurrent mark sweep GC freed 3(96B) AllocSpace objects, 0(0B) LOS objects, 23% free, 52MB/68MB, paused 310us total 18.254ms
08-05 21:31:40.147 30832 31309 I art     : Starting a blocking GC Explicit
08-05 21:31:40.167 30832 31309 I art     : Explicit concurrent mark sweep GC freed 3(96B) AllocSpace objects, 0(0B) LOS objects, 23% free, 52MB/68MB, paused 402us total 19.506ms
08-05 21:31:40.176 30832 31309 I art     : Starting a blocking GC Explicit
08-05 21:31:40.194 30832 31309 I art     : Explicit concurrent mark sweep GC freed 3(96B) AllocSpace objects, 0(0B) LOS objects, 23% free, 52MB/68MB, paused 306us total 18.310ms
08-05 21:31:40.508 30832 30844 I art     : Starting a blocking GC Explicit
08-05 21:31:40.532 30832 30844 I art     : Explicit concurrent mark sweep GC freed 1341(78KB) AllocSpace objects, 1(20KB) LOS objects, 23% free, 52MB/68MB, paused 332us total 23.614ms
08-05 21:31:40.544 30832 30844 I art     : Starting a blocking GC Explicit
08-05 21:31:40.564 30832 30844 I art     : Explicit concurrent mark sweep GC freed 20(704B) AllocSpace objects, 0(0B) LOS objects, 23% free, 52MB/68MB, paused 315us total 19.439ms
08-05 21:31:40.572 30832 30844 I art     : Starting a blocking GC Explicit
08-05 21:31:40.591 30832 30844 I art     : Explicit concurrent mark sweep GC freed 3(96B) AllocSpace objects, 0(0B) LOS objects, 23% free, 52MB/68MB, paused 317us total 18.376ms
08-05 21:31:40.599 30832 30844 I art     : Starting a blocking GC Explicit
08-05 21:31:40.619 30832 30844 I art     : Explicit concurrent mark sweep GC freed 3(96B) AllocSpace objects, 0(0B) LOS objects, 23% free, 52MB/68MB, paused 342us total 19.636ms
08-05 21:31:40.627 30832 30844 I art     : Starting a blocking GC Explicit
08-05 21:31:40.646 30832 30844 I art     : Explicit concurrent mark sweep GC freed 3(96B) AllocSpace objects, 0(0B) LOS objects, 23% free, 52MB/68MB, paused 325us total 18.834ms
08-05 21:31:40.971 30832 30843 I art     : Starting a blocking GC Explicit
08-05 21:31:40.999 30832 30843 I art     : Explicit concurrent mark sweep GC freed 1341(78KB) AllocSpace objects, 1(20KB) LOS objects, 23% free, 52MB/68MB, paused 366us total 28.019ms
08-05 21:31:41.012 30832 30843 I art     : Starting a blocking GC Explicit
08-05 21:31:41.034 30832 30843 I art     : Explicit concurrent mark sweep GC freed 20(704B) AllocSpace objects, 0(0B) LOS objects, 23% free, 52MB/68MB, paused 327us total 22.182ms
08-05 21:31:41.043 30832 30843 I art     : Starting a blocking GC Explicit
08-05 21:31:41.063 30832 30843 I art     : Explicit concurrent mark sweep GC freed 3(96B) AllocSpace objects, 0(0B) LOS objects, 23% free, 52MB/68MB, paused 393us total 19.540ms
08-05 21:31:41.072 30832 30843 I art     : Starting a blocking GC Explicit
08-05 21:31:41.091 30832 30843 I art     : Explicit concurrent mark sweep GC freed 3(96B) AllocSpace objects, 0(0B) LOS objects, 23% free, 52MB/68MB, paused 291us total 18.225ms
08-05 21:31:41.099 30832 30843 I art     : Starting a blocking GC Explicit
08-05 21:31:41.117 30832 30843 I art     : Explicit concurrent mark sweep GC freed 3(96B) AllocSpace objects, 0(0B) LOS objects, 23% free, 52MB/68MB, paused 305us total 18.235ms
08-05 21:31:41.443 30832 30862 I art     : Starting a blocking GC Explicit
08-05 21:31:41.467 30832 30862 I art     : Explicit concurrent mark sweep GC freed 1341(78KB) AllocSpace objects, 1(20KB) LOS objects, 23% free, 52MB/68MB, paused 344us total 23.995ms
08-05 21:31:41.478 30832 30862 I art     : Starting a blocking GC Explicit
08-05 21:31:41.499 30832 30862 I art     : Explicit concurrent mark sweep GC freed 20(704B) AllocSpace objects, 0(0B) LOS objects, 23% free, 52MB/68MB, paused 374us total 20.270ms
08-05 21:31:41.508 30832 30862 I art     : Starting a blocking GC Explicit
08-05 21:31:41.528 30832 30862 I art     : Explicit concurrent mark sweep GC freed 3(96B) AllocSpace objects, 0(0B) LOS objects, 23% free, 52MB/68MB, paused 334us total 19.177ms
08-05 21:31:41.536 30832 30862 I art     : Starting a blocking GC Explicit
08-05 21:31:41.555 30832 30862 I art     : Explicit concurrent mark sweep GC freed 3(96B) AllocSpace objects, 0(0B) LOS objects, 23% free, 52MB/68MB, paused 327us total 19.241ms
08-05 21:31:41.564 30832 30862 I art     : Starting a blocking GC Explicit
08-05 21:31:41.583 30832 30862 I art     : Explicit concurrent mark sweep GC freed 3(96B) AllocSpace objects, 0(0B) LOS objects, 23% free, 52MB/68MB, paused 325us total 18.904ms
08-05 21:31:41.898 30832 31309 I art     : Starting a blocking GC Explicit
08-05 21:31:41.920 30832 31309 I art     : Explicit concurrent mark sweep GC freed 1341(78KB) AllocSpace objects, 1(20KB) LOS objects, 23% free, 52MB/68MB, paused 324us total 22.003ms
08-05 21:31:41.931 30832 31309 I art     : Starting a blocking GC Explicit
08-05 21:31:41.951 30832 31309 I art     : Explicit concurrent mark sweep GC freed 20(704B) AllocSpace objects, 0(0B) LOS objects, 23% free, 52MB/68MB, paused 347us total 19.047ms
08-05 21:31:41.959 30832 31309 I art     : Starting a blocking GC Explicit
08-05 21:31:41.978 30832 31309 I art     : Explicit concurrent mark sweep GC freed 3(96B) AllocSpace objects, 0(0B) LOS objects, 23% free, 52MB/68MB, paused 302us total 18.622ms
08-05 21:31:41.986 30832 31309 I art     : Starting a blocking GC Explicit
08-05 21:31:42.005 30832 31309 I art     : Explicit concurrent mark sweep GC freed 3(96B) AllocSpace objects, 0(0B) LOS objects, 23% free, 52MB/68MB, paused 300us total 18.526ms
08-05 21:31:42.014 30832 31309 I art     : Starting a blocking GC Explicit
08-05 21:31:42.033 30832 31309 I art     : Explicit concurrent mark sweep GC freed 3(96B) AllocSpace objects, 0(0B) LOS objects, 23% free, 52MB/68MB, paused 309us total 18.858ms
08-05 21:31:42.313 13866 13882 I PeriodicStatsRunner: PeriodicStatsRunner.call():175 call()
08-05 21:31:42.313 13866 13882 I PeriodicStatsRunner: PeriodicStatsRunner.call():179 No submit PeriodicStats since input started.
08-05 21:31:42.343 30832 30844 I art     : Starting a blocking GC Explicit
08-05 21:31:42.365 30832 30844 I art     : Explicit concurrent mark sweep GC freed 1341(78KB) AllocSpace objects, 1(20KB) LOS objects, 23% free, 52MB/68MB, paused 335us total 20.963ms
08-05 21:31:42.376 30832 30844 I art     : Starting a blocking GC Explicit
08-05 21:31:42.396 30832 30844 I art     : Explicit concurrent mark sweep GC freed 20(704B) AllocSpace objects, 0(0B) LOS objects, 23% free, 52MB/68MB, paused 315us total 19.223ms
08-05 21:31:42.405 30832 30844 I art     : Starting a blocking GC Explicit
08-05 21:31:42.425 30832 30844 I art     : Explicit concurrent mark sweep GC freed 196(12KB) AllocSpace objects, 0(0B) LOS objects, 23% free, 52MB/68MB, paused 379us total 19.555ms
08-05 21:31:42.433 30832 30844 I art     : Starting a blocking GC Explicit
08-05 21:31:42.452 30832 30844 I art     : Explicit concurrent mark sweep GC freed 8(304B) AllocSpace objects, 0(0B) LOS objects, 23% free, 52MB/68MB, paused 449us total 19.037ms
08-05 21:31:42.461 30832 30844 I art     : Starting a blocking GC Explicit
08-05 21:31:42.480 30832 30844 I art     : Explicit concurrent mark sweep GC freed 3(96B) AllocSpace objects, 0(0B) LOS objects, 23% free, 52MB/68MB, paused 374us total 19.330ms
08-05 21:31:42.627   918  1210 D NetlinkSocketObserver: NeighborEvent{elapsedMs=1809706502, 192.168.2.254, [7C3953A63323], RTM_NEWNEIGH, NUD_STALE}
08-05 21:31:42.675 30832 31434 W OneSignal: OneSignalRestClient: POST Error thrown from network stack. 
08-05 21:31:42.675 30832 31434 W OneSignal: java.io.IOException: unexpected end of stream on Connection{api.onesignal.com:443, proxy=HTTP@192.168.2.12:8080 hostAddress=192.168.2.12 cipherSuite=TLS_ECDHE_RSA_WITH_AES_128_GCM_SHA256 protocol=http/1.1} (recycle count=0)
08-05 21:31:42.675 30832 31434 W OneSignal: 	at com.android.okhttp.internal.http.HttpConnection.readResponse(HttpConnection.java:210)
08-05 21:31:42.675 30832 31434 W OneSignal: 	at com.android.okhttp.internal.http.HttpTransport.readResponseHeaders(HttpTransport.java:80)
08-05 21:31:42.675 30832 31434 W OneSignal: 	at com.android.okhttp.internal.http.HttpEngine.readNetworkResponse(HttpEngine.java:904)
08-05 21:31:42.675 30832 31434 W OneSignal: 	at com.android.okhttp.internal.http.HttpEngine.readResponse(HttpEngine.java:788)
08-05 21:31:42.675 30832 31434 W OneSignal: 	at com.android.okhttp.internal.huc.HttpURLConnectionImpl.execute(HttpURLConnectionImpl.java:439)
08-05 21:31:42.675 30832 31434 W OneSignal: 	at com.android.okhttp.internal.huc.HttpURLConnectionImpl.getResponse(HttpURLConnectionImpl.java:384)
08-05 21:31:42.675 30832 31434 W OneSignal: 	at com.android.okhttp.internal.huc.HttpURLConnectionImpl.getResponseCode(HttpURLConnectionImpl.java:497)
08-05 21:31:42.675 30832 31434 W OneSignal: 	at com.android.okhttp.internal.huc.DelegatingHttpsURLConnection.getResponseCode(DelegatingHttpsURLConnection.java:105)
08-05 21:31:42.675 30832 31434 W OneSignal: 	at com.android.okhttp.internal.huc.HttpsURLConnectionImpl.getResponseCode(HttpsURLConnectionImpl.java)
08-05 21:31:42.675 30832 31434 W OneSignal: 	at com.onesignal.OneSignalRestClient.startHTTPConnection(OneSignalRestClient.java:180)
08-05 21:31:42.675 30832 31434 W OneSignal: 	at com.onesignal.OneSignalRestClient.access$100(OneSignalRestClient.java:44)
08-05 21:31:42.675 30832 31434 W OneSignal: 	at com.onesignal.OneSignalRestClient$4.run(OneSignalRestClient.java:110)
08-05 21:31:42.675 30832 31434 W OneSignal: 	at java.lang.Thread.run(Thread.java:818)
08-05 21:31:42.675 30832 31434 W OneSignal: Caused by: java.io.EOFException: \n not found: size=0 content=...
08-05 21:31:42.675 30832 31434 W OneSignal: 	at com.android.okhttp.okio.RealBufferedSource.readUtf8LineStrict(RealBufferedSource.java:200)
08-05 21:31:42.675 30832 31434 W OneSignal: 	at com.android.okhttp.internal.http.HttpConnection.readResponse(HttpConnection.java:191)
08-05 21:31:42.675 30832 31434 W OneSignal: 	... 12 more
08-05 21:31:42.676 30832 31441 W OneSignal: Failed last request. statusCode: -1
08-05 21:31:42.676 30832 31441 W OneSignal: response: null
08-05 21:31:42.788 30832 30843 I art     : Starting a blocking GC Explicit
08-05 21:31:42.817 30832 30843 I art     : Explicit concurrent mark sweep GC freed 3707(230KB) AllocSpace objects, 1(20KB) LOS objects, 23% free, 52MB/68MB, paused 332us total 28.812ms
08-05 21:31:42.829 30832 30843 I art     : Starting a blocking GC Explicit
08-05 21:31:42.848 30832 30843 I art     : Explicit concurrent mark sweep GC freed 67(2432B) AllocSpace objects, 0(0B) LOS objects, 23% free, 52MB/68MB, paused 350us total 18.776ms
08-05 21:31:42.856 30832 30843 I art     : Starting a blocking GC Explicit
08-05 21:31:42.875 30832 30843 I art     : Explicit concurrent mark sweep GC freed 3(96B) AllocSpace objects, 0(0B) LOS objects, 23% free, 52MB/68MB, paused 310us total 18.429ms
08-05 21:31:42.883 30832 30843 I art     : Starting a blocking GC Explicit
08-05 21:31:42.902 30832 30843 I art     : Explicit concurrent mark sweep GC freed 3(96B) AllocSpace objects, 0(0B) LOS objects, 23% free, 52MB/68MB, paused 296us total 18.860ms
08-05 21:31:42.911 30832 30843 I art     : Starting a blocking GC Explicit
08-05 21:31:42.929 30832 30843 I art     : Explicit concurrent mark sweep GC freed 3(96B) AllocSpace objects, 0(0B) LOS objects, 23% free, 52MB/68MB, paused 314us total 18.519ms
08-05 21:31:43.269 30832 30862 I art     : Starting a blocking GC Explicit
08-05 21:31:43.294 30832 30862 I art     : Explicit concurrent mark sweep GC freed 1341(78KB) AllocSpace objects, 1(20KB) LOS objects, 23% free, 52MB/68MB, paused 354us total 24.831ms
08-05 21:31:43.305 30832 30862 I art     : Starting a blocking GC Explicit
08-05 21:31:43.327 30832 30862 I art     : Explicit concurrent mark sweep GC freed 20(704B) AllocSpace objects, 0(0B) LOS objects, 23% free, 52MB/68MB, paused 325us total 20.911ms
08-05 21:31:43.335 30832 30862 I art     : Starting a blocking GC Explicit
08-05 21:31:43.354 30832 30862 I art     : Explicit concurrent mark sweep GC freed 3(96B) AllocSpace objects, 0(0B) LOS objects, 23% free, 52MB/68MB, paused 310us total 19.034ms
08-05 21:31:43.363 30832 30862 I art     : Starting a blocking GC Explicit
08-05 21:31:43.381 30832 30862 I art     : Explicit concurrent mark sweep GC freed 3(96B) AllocSpace objects, 0(0B) LOS objects, 23% free, 52MB/68MB, paused 310us total 18.550ms
08-05 21:31:43.390 30832 30862 I art     : Starting a blocking GC Explicit
08-05 21:31:43.409 30832 30862 I art     : Explicit concurrent mark sweep GC freed 3(96B) AllocSpace objects, 0(0B) LOS objects, 23% free, 52MB/68MB, paused 306us total 18.532ms
08-05 21:31:43.525   518   646 I ThermalEngine: ACTION: GPU - Setting GPU[0] to 600000000
08-05 21:31:43.713 30832 31309 I art     : Starting a blocking GC Explicit
08-05 21:31:43.734 30832 31309 I art     : Explicit concurrent mark sweep GC freed 1341(78KB) AllocSpace objects, 1(20KB) LOS objects, 23% free, 52MB/68MB, paused 271us total 20.433ms
08-05 21:31:43.743 30832 31309 I art     : Starting a blocking GC Explicit
08-05 21:31:43.758 30832 31309 I art     : Explicit concurrent mark sweep GC freed 20(704B) AllocSpace objects, 0(0B) LOS objects, 23% free, 52MB/68MB, paused 225us total 15.078ms
08-05 21:31:43.765 30832 31309 I art     : Starting a blocking GC Explicit
08-05 21:31:43.780 30832 31309 I art     : Explicit concurrent mark sweep GC freed 3(96B) AllocSpace objects, 0(0B) LOS objects, 23% free, 52MB/68MB, paused 219us total 14.906ms
08-05 21:31:43.787 30832 31309 I art     : Starting a blocking GC Explicit
08-05 21:31:43.802 30832 31309 I art     : Explicit concurrent mark sweep GC freed 3(96B) AllocSpace objects, 0(0B) LOS objects, 23% free, 52MB/68MB, paused 222us total 15.093ms
08-05 21:31:43.809 30832 31309 I art     : Starting a blocking GC Explicit
08-05 21:31:43.824 30832 31309 I art     : Explicit concurrent mark sweep GC freed 3(96B) AllocSpace objects, 0(0B) LOS objects, 23% free, 52MB/68MB, paused 227us total 14.762ms
08-05 21:31:44.140 30832 30844 I art     : Starting a blocking GC Explicit
08-05 21:31:44.165 30832 30844 I art     : Explicit concurrent mark sweep GC freed 1341(78KB) AllocSpace objects, 1(20KB) LOS objects, 23% free, 52MB/68MB, paused 489us total 24.588ms
08-05 21:31:44.176 30832 30844 I art     : Starting a blocking GC Explicit
08-05 21:31:44.192 30832 30844 I art     : Explicit concurrent mark sweep GC freed 20(704B) AllocSpace objects, 0(0B) LOS objects, 23% free, 52MB/68MB, paused 242us total 15.380ms
08-05 21:31:44.199 30832 30844 I art     : Starting a blocking GC Explicit
08-05 21:31:44.214 30832 30844 I art     : Explicit concurrent mark sweep GC freed 3(96B) AllocSpace objects, 0(0B) LOS objects, 23% free, 52MB/68MB, paused 231us total 14.943ms
08-05 21:31:44.220 30832 30844 I art     : Starting a blocking GC Explicit
08-05 21:31:44.236 30832 30844 I art     : Explicit concurrent mark sweep GC freed 3(96B) AllocSpace objects, 0(0B) LOS objects, 23% free, 52MB/68MB, paused 240us total 14.889ms
08-05 21:31:44.242 30832 30844 I art     : Starting a blocking GC Explicit
08-05 21:31:44.257 30832 30844 I art     : Explicit concurrent mark sweep GC freed 3(96B) AllocSpace objects, 0(0B) LOS objects, 23% free, 52MB/68MB, paused 244us total 14.865ms
08-05 21:31:44.569 30832 30843 I art     : Starting a blocking GC Explicit
08-05 21:31:44.590 30832 30843 I art     : Explicit concurrent mark sweep GC freed 1341(78KB) AllocSpace objects, 1(20KB) LOS objects, 23% free, 52MB/68MB, paused 265us total 20.271ms
08-05 21:31:44.600 30832 30843 I art     : Starting a blocking GC Explicit
08-05 21:31:44.619 30832 30843 I art     : Explicit concurrent mark sweep GC freed 20(704B) AllocSpace objects, 0(0B) LOS objects, 23% free, 52MB/68MB, paused 244us total 18.820ms
08-05 21:31:44.628 30832 30843 I art     : Starting a blocking GC Explicit
08-05 21:31:44.643 30832 30843 I art     : Explicit concurrent mark sweep GC freed 3(96B) AllocSpace objects, 0(0B) LOS objects, 23% free, 52MB/68MB, paused 226us total 15.153ms
08-05 21:31:44.650 30832 30843 I art     : Starting a blocking GC Explicit
08-05 21:31:44.665 30832 30843 I art     : Explicit concurrent mark sweep GC freed 3(96B) AllocSpace objects, 0(0B) LOS objects, 23% free, 52MB/68MB, paused 265us total 15.204ms
08-05 21:31:44.672 30832 30843 I art     : Starting a blocking GC Explicit
08-05 21:31:44.687 30832 30843 I art     : Explicit concurrent mark sweep GC freed 3(96B) AllocSpace objects, 0(0B) LOS objects, 23% free, 52MB/68MB, paused 254us total 14.920ms
08-05 21:31:44.992 30832 30862 I art     : Starting a blocking GC Explicit
08-05 21:31:45.014 30832 30862 I art     : Explicit concurrent mark sweep GC freed 1341(78KB) AllocSpace objects, 1(20KB) LOS objects, 23% free, 52MB/68MB, paused 283us total 21.141ms
08-05 21:31:45.023 30832 30862 I art     : Starting a blocking GC Explicit
08-05 21:31:45.039 30832 30862 I art     : Explicit concurrent mark sweep GC freed 20(704B) AllocSpace objects, 0(0B) LOS objects, 23% free, 52MB/68MB, paused 236us total 15.415ms
08-05 21:31:45.046 30832 30862 I art     : Starting a blocking GC Explicit
08-05 21:31:45.061 30832 30862 I art     : Explicit concurrent mark sweep GC freed 3(96B) AllocSpace objects, 0(0B) LOS objects, 23% free, 52MB/68MB, paused 226us total 14.474ms
08-05 21:31:45.067 30832 30862 I art     : Starting a blocking GC Explicit
08-05 21:31:45.082 30832 30862 I art     : Explicit concurrent mark sweep GC freed 3(96B) AllocSpace objects, 0(0B) LOS objects, 23% free, 52MB/68MB, paused 230us total 14.635ms
08-05 21:31:45.088 30832 30862 I art     : Starting a blocking GC Explicit
08-05 21:31:45.103 30832 30862 I art     : Explicit concurrent mark sweep GC freed 3(96B) AllocSpace objects, 0(0B) LOS objects, 23% free, 52MB/68MB, paused 235us total 14.404ms
08-05 21:31:45.405 30832 31309 I art     : Starting a blocking GC Explicit
08-05 21:31:45.426 30832 31309 I art     : Explicit concurrent mark sweep GC freed 1341(78KB) AllocSpace objects, 1(20KB) LOS objects, 23% free, 52MB/68MB, paused 255us total 20.698ms
08-05 21:31:45.436 30832 31309 I art     : Starting a blocking GC Explicit
08-05 21:31:45.452 30832 31309 I art     : Explicit concurrent mark sweep GC freed 20(704B) AllocSpace objects, 0(0B) LOS objects, 23% free, 52MB/68MB, paused 223us total 15.387ms
08-05 21:31:45.459 30832 31309 I art     : Starting a blocking GC Explicit
08-05 21:31:45.474 30832 31309 I art     : Explicit concurrent mark sweep GC freed 3(96B) AllocSpace objects, 0(0B) LOS objects, 23% free, 52MB/68MB, paused 242us total 15.056ms
08-05 21:31:45.481 30832 31309 I art     : Starting a blocking GC Explicit
08-05 21:31:45.496 30832 31309 I art     : Explicit concurrent mark sweep GC freed 3(96B) AllocSpace objects, 0(0B) LOS objects, 23% free, 52MB/68MB, paused 253us total 14.821ms
08-05 21:31:45.502 30832 31309 I art     : Starting a blocking GC Explicit
08-05 21:31:45.517 30832 31309 I art     : Explicit concurrent mark sweep GC freed 3(96B) AllocSpace objects, 0(0B) LOS objects, 23% free, 52MB/68MB, paused 222us total 14.591ms
08-05 21:31:45.728   918  3188 I hubconnection: sensorhub said: 'set_bias 3: -5.6352, 0.0000, 0.0000'
08-05 21:31:45.823 30832 30844 I art     : Starting a blocking GC Explicit
08-05 21:31:45.843 30832 30844 I art     : Explicit concurrent mark sweep GC freed 1341(78KB) AllocSpace objects, 1(20KB) LOS objects, 23% free, 52MB/68MB, paused 280us total 20.186ms
08-05 21:31:45.853 30832 30844 I art     : Starting a blocking GC Explicit
08-05 21:31:45.868 30832 30844 I art     : Explicit concurrent mark sweep GC freed 20(704B) AllocSpace objects, 0(0B) LOS objects, 23% free, 52MB/68MB, paused 233us total 15.258ms
08-05 21:31:45.875 30832 30844 I art     : Starting a blocking GC Explicit
08-05 21:31:45.891 30832 30844 I art     : Explicit concurrent mark sweep GC freed 3(96B) AllocSpace objects, 0(0B) LOS objects, 23% free, 52MB/68MB, paused 237us total 15.426ms
08-05 21:31:45.898 30832 30844 I art     : Starting a blocking GC Explicit
08-05 21:31:45.912 30832 30844 I art     : Explicit concurrent mark sweep GC freed 3(96B) AllocSpace objects, 0(0B) LOS objects, 23% free, 52MB/68MB, paused 230us total 14.772ms
08-05 21:31:45.919 30832 30844 I art     : Starting a blocking GC Explicit
08-05 21:31:45.934 30832 30844 I art     : Explicit concurrent mark sweep GC freed 3(96B) AllocSpace objects, 0(0B) LOS objects, 23% free, 52MB/68MB, paused 261us total 14.799ms
08-05 21:31:46.257 30832 30843 I art     : Starting a blocking GC Explicit
08-05 21:31:46.280 30832 30843 I art     : Explicit concurrent mark sweep GC freed 1341(78KB) AllocSpace objects, 1(20KB) LOS objects, 23% free, 52MB/68MB, paused 330us total 22.308ms
08-05 21:31:46.292 30832 30843 I art     : Starting a blocking GC Explicit
08-05 21:31:46.308 30832 30843 I art     : Explicit concurrent mark sweep GC freed 20(704B) AllocSpace objects, 0(0B) LOS objects, 23% free, 52MB/68MB, paused 218us total 15.651ms
08-05 21:31:46.314 30832 30843 I art     : Starting a blocking GC Explicit
08-05 21:31:46.329 30832 30843 I art     : Explicit concurrent mark sweep GC freed 3(96B) AllocSpace objects, 0(0B) LOS objects, 23% free, 52MB/68MB, paused 220us total 14.468ms
08-05 21:31:46.335 30832 30843 I art     : Starting a blocking GC Explicit
08-05 21:31:46.350 30832 30843 I art     : Explicit concurrent mark sweep GC freed 3(96B) AllocSpace objects, 0(0B) LOS objects, 23% free, 52MB/68MB, paused 225us total 14.607ms
08-05 21:31:46.356 30832 30843 I art     : Starting a blocking GC Explicit
08-05 21:31:46.372 30832 30843 I art     : Explicit concurrent mark sweep GC freed 3(96B) AllocSpace objects, 0(0B) LOS objects, 23% free, 52MB/68MB, paused 216us total 14.918ms
08-05 21:31:46.682 30832 30862 I art     : Starting a blocking GC Explicit
08-05 21:31:46.698 30832 30862 I art     : Explicit concurrent mark sweep GC freed 1341(78KB) AllocSpace objects, 1(20KB) LOS objects, 23% free, 52MB/68MB, paused 237us total 15.203ms
08-05 21:31:46.704 30832 30862 I art     : Starting a blocking GC Explicit
08-05 21:31:46.719 30832 30862 I art     : Explicit concurrent mark sweep GC freed 20(704B) AllocSpace objects, 0(0B) LOS objects, 23% free, 52MB/68MB, paused 222us total 14.366ms
08-05 21:31:46.724 30832 30862 I art     : Starting a blocking GC Explicit
08-05 21:31:46.738 30832 30862 I art     : Explicit concurrent mark sweep GC freed 6(208B) AllocSpace objects, 0(0B) LOS objects, 23% free, 52MB/68MB, paused 223us total 13.109ms
08-05 21:31:46.744 30832 30862 I art     : Starting a blocking GC Explicit
08-05 21:31:46.757 30832 30862 I art     : Explicit concurrent mark sweep GC freed 9(320B) AllocSpace objects, 0(0B) LOS objects, 23% free, 52MB/68MB, paused 221us total 13.473ms
08-05 21:31:46.764 30832 30862 I art     : Starting a blocking GC Explicit
08-05 21:31:46.778 30832 30862 I art     : Explicit concurrent mark sweep GC freed 3(96B) AllocSpace objects, 0(0B) LOS objects, 23% free, 52MB/68MB, paused 232us total 14.411ms
08-05 21:31:47.091 30832 31309 I art     : Starting a blocking GC Explicit
08-05 21:31:47.116 30832 31309 I art     : Explicit concurrent mark sweep GC freed 1341(78KB) AllocSpace objects, 1(20KB) LOS objects, 23% free, 52MB/68MB, paused 261us total 23.894ms
08-05 21:31:47.127 30832 31309 I art     : Starting a blocking GC Explicit
08-05 21:31:47.143 30832 31309 I art     : Explicit concurrent mark sweep GC freed 20(704B) AllocSpace objects, 0(0B) LOS objects, 23% free, 52MB/68MB, paused 227us total 16.008ms
08-05 21:31:47.150 30832 31309 I art     : Starting a blocking GC Explicit
08-05 21:31:47.165 30832 31309 I art     : Explicit concurrent mark sweep GC freed 3(96B) AllocSpace objects, 0(0B) LOS objects, 23% free, 52MB/68MB, paused 219us total 15.046ms
08-05 21:31:47.172 30832 31309 I art     : Starting a blocking GC Explicit
08-05 21:31:47.188 30832 31309 I art     : Explicit concurrent mark sweep GC freed 3(96B) AllocSpace objects, 0(0B) LOS objects, 23% free, 52MB/68MB, paused 288us total 15.501ms
08-05 21:31:47.194 30832 31309 I art     : Starting a blocking GC Explicit
08-05 21:31:47.208 30832 31309 I art     : Explicit concurrent mark sweep GC freed 3(96B) AllocSpace objects, 0(0B) LOS objects, 23% free, 52MB/68MB, paused 209us total 13.735ms
08-05 21:31:47.504 30832 30843 I art     : Starting a blocking GC Explicit
08-05 21:31:47.526 30832 30843 I art     : Explicit concurrent mark sweep GC freed 1341(78KB) AllocSpace objects, 1(20KB) LOS objects, 23% free, 52MB/68MB, paused 262us total 21.190ms
08-05 21:31:47.535 30832 30843 I art     : Starting a blocking GC Explicit
08-05 21:31:47.550 30832 30843 I art     : Explicit concurrent mark sweep GC freed 20(704B) AllocSpace objects, 0(0B) LOS objects, 23% free, 52MB/68MB, paused 221us total 15.184ms
08-05 21:31:47.557 30832 30843 I art     : Starting a blocking GC Explicit
08-05 21:31:47.571 30832 30843 I art     : Explicit concurrent mark sweep GC freed 3(96B) AllocSpace objects, 0(0B) LOS objects, 23% free, 52MB/68MB, paused 219us total 14.356ms
08-05 21:31:47.578 30832 30843 I art     : Starting a blocking GC Explicit
08-05 21:31:47.593 30832 30843 I art     : Explicit concurrent mark sweep GC freed 3(96B) AllocSpace objects, 0(0B) LOS objects, 23% free, 52MB/68MB, paused 217us total 14.646ms
08-05 21:31:47.599 30832 30843 I art     : Starting a blocking GC Explicit
08-05 21:31:47.614 30832 30843 I art     : Explicit concurrent mark sweep GC freed 3(96B) AllocSpace objects, 0(0B) LOS objects, 23% free, 52MB/68MB, paused 215us total 14.514ms
08-05 21:31:47.937 30832 30844 I art     : Starting a blocking GC Explicit
08-05 21:31:47.963 30832 30844 I art     : Explicit concurrent mark sweep GC freed 1341(78KB) AllocSpace objects, 1(20KB) LOS objects, 23% free, 52MB/68MB, paused 318us total 25.660ms
08-05 21:31:47.975 30832 30844 I art     : Starting a blocking GC Explicit
08-05 21:31:47.990 30832 30844 I art     : Explicit concurrent mark sweep GC freed 20(704B) AllocSpace objects, 0(0B) LOS objects, 23% free, 52MB/68MB, paused 262us total 15.017ms
08-05 21:31:47.996 30832 30844 I art     : Starting a blocking GC Explicit
08-05 21:31:48.011 30832 30844 I art     : Explicit concurrent mark sweep GC freed 3(96B) AllocSpace objects, 0(0B) LOS objects, 23% free, 52MB/68MB, paused 231us total 14.564ms
08-05 21:31:48.018 30832 30844 I art     : Starting a blocking GC Explicit
08-05 21:31:48.032 30832 30844 I art     : Explicit concurrent mark sweep GC freed 3(96B) AllocSpace objects, 0(0B) LOS objects, 23% free, 52MB/68MB, paused 235us total 14.320ms
08-05 21:31:48.039 30832 30844 I art     : Starting a blocking GC Explicit
08-05 21:31:48.053 30832 30844 I art     : Explicit concurrent mark sweep GC freed 3(96B) AllocSpace objects, 0(0B) LOS objects, 23% free, 52MB/68MB, paused 235us total 14.483ms
08-05 21:31:48.381 30832 30862 I art     : Starting a blocking GC Explicit
08-05 21:31:48.405 30832 30862 I art     : Explicit concurrent mark sweep GC freed 1341(78KB) AllocSpace objects, 1(20KB) LOS objects, 23% free, 52MB/68MB, paused 313us total 23.560ms
08-05 21:31:48.419 30832 30862 I art     : Starting a blocking GC Explicit
08-05 21:31:48.435 30832 30862 I art     : Explicit concurrent mark sweep GC freed 20(704B) AllocSpace objects, 0(0B) LOS objects, 23% free, 52MB/68MB, paused 267us total 15.140ms
08-05 21:31:48.442 30832 30862 I art     : Starting a blocking GC Explicit
08-05 21:31:48.457 30832 30862 I art     : Explicit concurrent mark sweep GC freed 3(96B) AllocSpace objects, 0(0B) LOS objects, 23% free, 52MB/68MB, paused 245us total 15.405ms
08-05 21:31:48.464 30832 30862 I art     : Starting a blocking GC Explicit
08-05 21:31:48.479 30832 30862 I art     : Explicit concurrent mark sweep GC freed 3(96B) AllocSpace objects, 0(0B) LOS objects, 23% free, 52MB/68MB, paused 229us total 14.953ms
08-05 21:31:48.486 30832 30862 I art     : Starting a blocking GC Explicit
08-05 21:31:48.501 30832 30862 I art     : Explicit concurrent mark sweep GC freed 3(96B) AllocSpace objects, 0(0B) LOS objects, 23% free, 52MB/68MB, paused 230us total 15.159ms
08-05 21:31:48.836 30832 31309 I art     : Starting a blocking GC Explicit
08-05 21:31:48.860 30832 31309 I art     : Explicit concurrent mark sweep GC freed 1341(78KB) AllocSpace objects, 1(20KB) LOS objects, 23% free, 52MB/68MB, paused 273us total 23.739ms
08-05 21:31:48.871 30832 31309 I art     : Starting a blocking GC Explicit
08-05 21:31:48.887 30832 31309 I art     : Explicit concurrent mark sweep GC freed 20(704B) AllocSpace objects, 0(0B) LOS objects, 23% free, 52MB/68MB, paused 274us total 16.234ms
08-05 21:31:48.894 30832 31309 I art     : Starting a blocking GC Explicit
08-05 21:31:48.910 30832 31309 I art     : Explicit concurrent mark sweep GC freed 3(96B) AllocSpace objects, 0(0B) LOS objects, 23% free, 52MB/68MB, paused 219us total 15.460ms
08-05 21:31:48.917 30832 31309 I art     : Starting a blocking GC Explicit
08-05 21:31:48.932 30832 31309 I art     : Explicit concurrent mark sweep GC freed 3(96B) AllocSpace objects, 0(0B) LOS objects, 23% free, 52MB/68MB, paused 215us total 14.480ms
08-05 21:31:48.938 30832 31309 I art     : Starting a blocking GC Explicit
08-05 21:31:48.953 30832 31309 I art     : Explicit concurrent mark sweep GC freed 3(96B) AllocSpace objects, 0(0B) LOS objects, 23% free, 52MB/68MB, paused 220us total 14.435ms
08-05 21:31:49.301 30832 30843 I art     : Starting a blocking GC Explicit
08-05 21:31:49.326 30832 30843 I art     : Explicit concurrent mark sweep GC freed 1341(78KB) AllocSpace objects, 1(20KB) LOS objects, 23% free, 52MB/68MB, paused 276us total 25.260ms
08-05 21:31:49.339 30832 30843 I art     : Starting a blocking GC Explicit
08-05 21:31:49.358 30832 30843 I art     : Explicit concurrent mark sweep GC freed 20(704B) AllocSpace objects, 0(0B) LOS objects, 23% free, 52MB/68MB, paused 256us total 19.118ms
08-05 21:31:49.367 30832 30843 I art     : Starting a blocking GC Explicit
08-05 21:31:49.382 30832 30843 I art     : Explicit concurrent mark sweep GC freed 3(96B) AllocSpace objects, 0(0B) LOS objects, 23% free, 52MB/68MB, paused 221us total 14.848ms
08-05 21:31:49.389 30832 30843 I art     : Starting a blocking GC Explicit
08-05 21:31:49.404 30832 30843 I art     : Explicit concurrent mark sweep GC freed 3(96B) AllocSpace objects, 0(0B) LOS objects, 23% free, 52MB/68MB, paused 219us total 15.056ms
08-05 21:31:49.411 30832 30843 I art     : Starting a blocking GC Explicit
08-05 21:31:49.426 30832 30843 I art     : Explicit concurrent mark sweep GC freed 3(96B) AllocSpace objects, 0(0B) LOS objects, 23% free, 52MB/68MB, paused 218us total 14.212ms
08-05 21:31:49.661 30832 30844 I art     : Starting a blocking GC Explicit
08-05 21:31:49.676 30832 30844 I art     : Explicit concurrent mark sweep GC freed 1341(78KB) AllocSpace objects, 1(20KB) LOS objects, 23% free, 52MB/68MB, paused 307us total 15.170ms
08-05 21:31:49.683 30832 30844 I art     : Starting a blocking GC Explicit
08-05 21:31:49.698 30832 30844 I art     : Explicit concurrent mark sweep GC freed 20(704B) AllocSpace objects, 0(0B) LOS objects, 23% free, 52MB/68MB, paused 256us total 14.729ms
08-05 21:31:49.704 30832 30844 I art     : Starting a blocking GC Explicit
08-05 21:31:49.718 30832 30844 I art     : Explicit concurrent mark sweep GC freed 3(96B) AllocSpace objects, 0(0B) LOS objects, 23% free, 52MB/68MB, paused 230us total 14.304ms
08-05 21:31:49.725 30832 30844 I art     : Starting a blocking GC Explicit
08-05 21:31:49.739 30832 30844 I art     : Explicit concurrent mark sweep GC freed 3(96B) AllocSpace objects, 0(0B) LOS objects, 23% free, 52MB/68MB, paused 229us total 14.228ms
08-05 21:31:49.745 30832 30844 I art     : Starting a blocking GC Explicit
08-05 21:31:49.759 30832 30844 I art     : Explicit concurrent mark sweep GC freed 3(96B) AllocSpace objects, 0(0B) LOS objects, 23% free, 52MB/68MB, paused 228us total 13.642ms
08-05 21:31:49.806 31599 31599 D AndroidRuntime: >>>>>> START com.android.internal.os.RuntimeInit uid 2000 <<<<<<
08-05 21:31:49.810 31599 31599 D AndroidRuntime: CheckJNI is OFF
08-05 21:31:49.836 31599 31599 D ICU     : No timezone override file found: /data/misc/zoneinfo/current/icu/icu_tzdata.dat
08-05 21:31:49.862 31599 31599 I Radio-JNI: register_android_hardware_Radio DONE
08-05 21:31:49.879 31599 31599 D AndroidRuntime: Calling main entry com.android.commands.input.Input
08-05 21:31:49.880 31599 31599 I Input   : injectKeyEvent: KeyEvent { action=ACTION_DOWN, keyCode=KEYCODE_BACK, scanCode=0, metaState=0, flags=0x0, repeatCount=0, eventTime=826326294, downTime=826326294, deviceId=-1, source=0x101 }
08-05 21:31:49.890 31599 31599 I Input   : injectKeyEvent: KeyEvent { action=ACTION_UP, keyCode=KEYCODE_BACK, scanCode=0, metaState=0, flags=0x0, repeatCount=0, eventTime=826326294, downTime=826326294, deviceId=-1, source=0x101 }
08-05 21:31:49.897 31599 31599 D AndroidRuntime: Shutting down VM
08-05 21:31:49.940 13866 13866 I GoogleInputMethodServic: GoogleInputMethodService.onFinishInput():3138 
08-05 21:31:49.941 13866 13866 I GoogleInputMethodServic: GoogleInputMethodService.onStartInput():1808 
08-05 21:31:49.986 30832 30862 I art     : Starting a blocking GC Explicit
08-05 21:31:50.000 30832 30862 I art     : Explicit concurrent mark sweep GC freed 1516(86KB) AllocSpace objects, 1(20KB) LOS objects, 23% free, 52MB/68MB, paused 238us total 13.802ms
08-05 21:31:50.006 30832 30862 I art     : Starting a blocking GC Explicit
08-05 21:31:50.019 30832 30862 I art     : Explicit concurrent mark sweep GC freed 26(944B) AllocSpace objects, 0(0B) LOS objects, 23% free, 52MB/68MB, paused 250us total 13.265ms
08-05 21:31:50.025 30832 30862 I art     : Starting a blocking GC Explicit
08-05 21:31:50.040 30832 30862 I art     : Explicit concurrent mark sweep GC freed 3(96B) AllocSpace objects, 0(0B) LOS objects, 23% free, 52MB/68MB, paused 218us total 14.159ms
08-05 21:31:50.047 30832 30862 I art     : Starting a blocking GC Explicit
08-05 21:31:50.062 30832 30862 I art     : Explicit concurrent mark sweep GC freed 3(96B) AllocSpace objects, 0(0B) LOS objects, 23% free, 52MB/68MB, paused 236us total 15.072ms
08-05 21:31:50.069 30832 30862 I art     : Starting a blocking GC Explicit
08-05 21:31:50.082 30832 30862 I art     : Explicit concurrent mark sweep GC freed 3(96B) AllocSpace objects, 0(0B) LOS objects, 23% free, 52MB/68MB, paused 232us total 13.731ms
08-05 21:31:50.252   380   380 W SurfaceFlinger: couldn't log to binary event log: overflow.
08-05 21:31:50.328 30832 31309 I art     : Starting a blocking GC Explicit
08-05 21:31:50.344 30832 31309 I art     : Explicit concurrent mark sweep GC freed 1451(87KB) AllocSpace objects, 1(20KB) LOS objects, 23% free, 52MB/68MB, paused 231us total 15.891ms
08-05 21:31:50.350 30832 31309 I art     : Starting a blocking GC Explicit
08-05 21:31:50.365 30832 31309 I art     : Explicit concurrent mark sweep GC freed 1672(107KB) AllocSpace objects, 3(400KB) LOS objects, 23% free, 51MB/67MB, paused 229us total 14.852ms
08-05 21:31:50.372 30832 31309 I art     : Starting a blocking GC Explicit
08-05 21:31:50.387 30832 31309 I art     : Explicit concurrent mark sweep GC freed 3(96B) AllocSpace objects, 0(0B) LOS objects, 23% free, 51MB/67MB, paused 270us total 14.409ms
08-05 21:31:50.393 30832 31309 I art     : Starting a blocking GC Explicit
08-05 21:31:50.408 30832 31309 I art     : Explicit concurrent mark sweep GC freed 3(96B) AllocSpace objects, 0(0B) LOS objects, 23% free, 51MB/67MB, paused 233us total 14.520ms
08-05 21:31:50.415 30832 31309 I art     : Starting a blocking GC Explicit
08-05 21:31:50.429 30832 31309 I art     : Explicit concurrent mark sweep GC freed 3(96B) AllocSpace objects, 0(0B) LOS objects, 23% free, 51MB/67MB, paused 222us total 14.236ms
08-05 21:31:50.536   518   646 I ThermalEngine: ACTION: GPU - Setting GPU[0] to 510000000
08-05 21:31:50.700 30832 30843 I art     : Starting a blocking GC Explicit
08-05 21:31:50.719 30832 30843 I art     : Explicit concurrent mark sweep GC freed 1341(78KB) AllocSpace objects, 1(20KB) LOS objects, 23% free, 51MB/67MB, paused 296us total 18.767ms
08-05 21:31:50.728 30832 30843 I art     : Starting a blocking GC Explicit
08-05 21:31:50.746 30832 30843 I art     : Explicit concurrent mark sweep GC freed 20(704B) AllocSpace objects, 0(0B) LOS objects, 23% free, 51MB/67MB, paused 303us total 18.140ms
08-05 21:31:50.754 30832 30843 I art     : Starting a blocking GC Explicit
08-05 21:31:50.773 30832 30843 I art     : Explicit concurrent mark sweep GC freed 3(96B) AllocSpace objects, 0(0B) LOS objects, 23% free, 51MB/67MB, paused 300us total 17.969ms
08-05 21:31:50.781 30832 30843 I art     : Starting a blocking GC Explicit
08-05 21:31:50.800 30832 30843 I art     : Explicit concurrent mark sweep GC freed 3(96B) AllocSpace objects, 0(0B) LOS objects, 23% free, 51MB/67MB, paused 313us total 18.442ms
08-05 21:31:50.809 30832 30843 I art     : Starting a blocking GC Explicit
08-05 21:31:50.826 30832 30843 I art     : Explicit concurrent mark sweep GC freed 3(96B) AllocSpace objects, 0(0B) LOS objects, 23% free, 51MB/67MB, paused 293us total 17.597ms
08-05 21:31:51.113 30832 30844 I art     : Starting a blocking GC Explicit
08-05 21:31:51.134 30832 30844 I art     : Explicit concurrent mark sweep GC freed 1340(78KB) AllocSpace objects, 1(20KB) LOS objects, 23% free, 51MB/67MB, paused 314us total 21.237ms
08-05 21:31:51.142 30832 30844 I art     : Starting a blocking GC Explicit
08-05 21:31:51.161 30832 30844 I art     : Explicit concurrent mark sweep GC freed 20(704B) AllocSpace objects, 0(0B) LOS objects, 23% free, 51MB/67MB, paused 538us total 17.897ms
08-05 21:31:51.168 30832 30844 I art     : Starting a blocking GC Explicit
08-05 21:31:51.185 30832 30844 I art     : Explicit concurrent mark sweep GC freed 3(96B) AllocSpace objects, 0(0B) LOS objects, 23% free, 51MB/67MB, paused 316us total 16.797ms
08-05 21:31:51.193 30832 30844 I art     : Starting a blocking GC Explicit
08-05 21:31:51.211 30832 30844 I art     : Explicit concurrent mark sweep GC freed 3(96B) AllocSpace objects, 0(0B) LOS objects, 23% free, 51MB/67MB, paused 319us total 17.403ms
08-05 21:31:51.219 30832 30844 I art     : Starting a blocking GC Explicit
08-05 21:31:51.236 30832 30844 I art     : Explicit concurrent mark sweep GC freed 3(96B) AllocSpace objects, 0(0B) LOS objects, 23% free, 51MB/67MB, paused 327us total 16.925ms
08-05 21:31:51.497 30832 30862 I art     : Starting a blocking GC Explicit
08-05 21:31:51.505   918  3261 D WifiStateMachine: starting scan for "H369AA63323"WPA_PSK with 2412,5180
08-05 21:31:51.515 30832 30862 I art     : Explicit concurrent mark sweep GC freed 1340(78KB) AllocSpace objects, 1(20KB) LOS objects, 23% free, 51MB/67MB, paused 330us total 18.386ms
08-05 21:31:51.524 30832 30862 I art     : Starting a blocking GC Explicit
08-05 21:31:51.542 30832 30862 I art     : Explicit concurrent mark sweep GC freed 20(704B) AllocSpace objects, 0(0B) LOS objects, 23% free, 51MB/67MB, paused 339us total 17.934ms
08-05 21:31:51.548 31662 31662 D AndroidRuntime: >>>>>> START com.android.internal.os.RuntimeInit uid 2000 <<<<<<
08-05 21:31:51.550 30832 30862 I art     : Starting a blocking GC Explicit
08-05 21:31:51.553 31662 31662 D AndroidRuntime: CheckJNI is OFF
08-05 21:31:51.568 30832 30862 I art     : Explicit concurrent mark sweep GC freed 3(96B) AllocSpace objects, 0(0B) LOS objects, 23% free, 51MB/67MB, paused 315us total 17.258ms
08-05 21:31:51.575 30832 30862 I art     : Starting a blocking GC Explicit
08-05 21:31:51.589 31662 31662 D ICU     : No timezone override file found: /data/misc/zoneinfo/current/icu/icu_tzdata.dat
08-05 21:31:51.593 30832 30862 I art     : Explicit concurrent mark sweep GC freed 3(96B) AllocSpace objects, 0(0B) LOS objects, 23% free, 51MB/67MB, paused 317us total 17.192ms
08-05 21:31:51.600 30832 30862 I art     : Starting a blocking GC Explicit
08-05 21:31:51.617 30832 30862 I art     : Explicit concurrent mark sweep GC freed 3(96B) AllocSpace objects, 0(0B) LOS objects, 23% free, 51MB/67MB, paused 367us total 16.214ms
08-05 21:31:51.623 31662 31662 I Radio-JNI: register_android_hardware_Radio DONE
08-05 21:31:51.644 31662 31662 D AndroidRuntime: Calling main entry com.android.commands.input.Input
08-05 21:31:51.646 31662 31662 I Input   : injectMotionEvent: MotionEvent { action=ACTION_DOWN, actionButton=0, id[0]=0, x[0]=733.0, y[0]=1370.0, toolType[0]=TOOL_TYPE_UNKNOWN, buttonState=0, metaState=0, flags=0x0, edgeFlags=0x0, pointerCount=1, historySize=0, eventTime=826328058, downTime=826328058, deviceId=0, source=0x1002 }
08-05 21:31:51.651 31662 31662 I Input   : injectMotionEvent: MotionEvent { action=ACTION_UP, actionButton=0, id[0]=0, x[0]=733.0, y[0]=1370.0, toolType[0]=TOOL_TYPE_UNKNOWN, buttonState=0, metaState=0, flags=0x0, edgeFlags=0x0, pointerCount=1, historySize=0, eventTime=826328058, downTime=826328058, deviceId=0, source=0x1002 }
08-05 21:31:51.654   918  5952 I ActivityManager: START u0 {cmp=baseline.appteam.nith.hillffair/.activities.ClubActivity (has extras)} from uid 10675 on display 0
08-05 21:31:51.663 31662 31662 D AndroidRuntime: Shutting down VM
08-05 21:31:51.770 13866 13866 I GoogleInputMethodServic: GoogleInputMethodService.onFinishInput():3138 
08-05 21:31:51.771 13866 13866 I GoogleInputMethodServic: GoogleInputMethodService.onStartInput():1808 
08-05 21:31:51.771   918   936 I ActivityManager: Displayed baseline.appteam.nith.hillffair/.activities.ClubActivity: +106ms
08-05 21:31:51.855 30832 30844 I art     : Starting a blocking GC Explicit
08-05 21:31:51.874 30832 30844 I art     : Explicit concurrent mark sweep GC freed 4973(290KB) AllocSpace objects, 1(20KB) LOS objects, 23% free, 51MB/67MB, paused 345us total 18.861ms
08-05 21:31:51.882 30832 30844 I art     : Starting a blocking GC Explicit
08-05 21:31:51.901 30832 30844 I art     : Explicit concurrent mark sweep GC freed 209(9KB) AllocSpace objects, 0(0B) LOS objects, 23% free, 51MB/67MB, paused 414us total 18.847ms
08-05 21:31:51.912 30832 30844 I art     : Starting a blocking GC Explicit
08-05 21:31:51.934 30832 30844 I art     : Explicit concurrent mark sweep GC freed 3(96B) AllocSpace objects, 0(0B) LOS objects, 23% free, 51MB/67MB, paused 365us total 21.871ms
08-05 21:31:51.944 30832 30844 I art     : Starting a blocking GC Explicit
08-05 21:31:51.965 30832 30844 I art     : Explicit concurrent mark sweep GC freed 3(96B) AllocSpace objects, 0(0B) LOS objects, 23% free, 51MB/67MB, paused 360us total 20.752ms
08-05 21:31:51.976 30832 30844 I art     : Starting a blocking GC Explicit
08-05 21:31:51.997 30832 30844 I art     : Explicit concurrent mark sweep GC freed 3(96B) AllocSpace objects, 0(0B) LOS objects, 23% free, 51MB/67MB, paused 401us total 20.995ms
08-05 21:31:52.021   380   380 W SurfaceFlinger: couldn't log to binary event log: overflow.
08-05 21:31:52.300 30832 30862 I art     : Starting a blocking GC Explicit
08-05 21:31:52.320 30832 30862 I art     : Explicit concurrent mark sweep GC freed 1468(85KB) AllocSpace objects, 1(20KB) LOS objects, 23% free, 51MB/67MB, paused 373us total 19.707ms
08-05 21:31:52.329 30832 30862 I art     : Starting a blocking GC Explicit
08-05 21:31:52.347 30832 30862 I art     : Explicit concurrent mark sweep GC freed 46(1600B) AllocSpace objects, 0(0B) LOS objects, 23% free, 51MB/67MB, paused 405us total 18.378ms
08-05 21:31:52.356 30832 30862 I art     : Starting a blocking GC Explicit
08-05 21:31:52.374 30832 30862 I art     : Explicit concurrent mark sweep GC freed 13(480B) AllocSpace objects, 0(0B) LOS objects, 23% free, 51MB/67MB, paused 336us total 18.324ms
08-05 21:31:52.382 30832 30862 I art     : Starting a blocking GC Explicit
08-05 21:31:52.400 30832 30862 I art     : Explicit concurrent mark sweep GC freed 10(352B) AllocSpace objects, 0(0B) LOS objects, 23% free, 51MB/67MB, paused 358us total 17.692ms
08-05 21:31:52.408 30832 30862 I art     : Starting a blocking GC Explicit
08-05 21:31:52.426 30832 30862 I art     : Explicit concurrent mark sweep GC freed 11(416B) AllocSpace objects, 0(0B) LOS objects, 23% free, 51MB/67MB, paused 354us total 17.622ms
08-05 21:31:52.472 30832 31685 D OkHttp  : --> GET https://api-hillfair-2k16.herokuapp.com/api/app/events/special/event?id=580655cddcba0f490c70fdd0 http/1.1
08-05 21:31:52.511 30832 31685 D OkHttp  : <-- 200 OK https://api-hillfair-2k16.herokuapp.com/api/app/events/special/event?id=580655cddcba0f490c70fdd0 (38ms, 721-byte body)
08-05 21:31:52.557 30832 30832 I NAPPA_EXPERIMENTATION: MetricNetworkRequestExecutionTime: REQUEST_DURATION_SYSTEM='872',REQUEST_DURATION_OKHTTP='39',REQUEST_SYNCHRONOUS='FALSE',RESPONSE_CODE='200',RESPONSE_METHOD='GET',RESPONSE_LENGTH_OKHTTP='721',RESPONSE_LENGTH_HEADER='721',REQUEST_PROTOCOL='http/1.1',REQUEST_URL='https://api-hillfair-2k16.herokuapp.com/api/app/events/special/event?id=580655cddcba0f490c70fdd0',
08-05 21:31:52.709 30832 31309 I art     : Starting a blocking GC Explicit
08-05 21:31:52.730 30832 31309 I art     : Explicit concurrent mark sweep GC freed 4775(337KB) AllocSpace objects, 4(220KB) LOS objects, 23% free, 52MB/68MB, paused 335us total 20.719ms
08-05 21:31:52.738 30832 31309 I art     : Starting a blocking GC Explicit
08-05 21:31:52.758 30832 31309 I art     : Explicit concurrent mark sweep GC freed 1029(119KB) AllocSpace objects, 0(0B) LOS objects, 23% free, 52MB/68MB, paused 303us total 19.563ms
08-05 21:31:52.767 30832 31309 I art     : Starting a blocking GC Explicit
08-05 21:31:52.785 30832 31309 I art     : Explicit concurrent mark sweep GC freed 3(96B) AllocSpace objects, 0(0B) LOS objects, 23% free, 52MB/68MB, paused 324us total 17.816ms
08-05 21:31:52.793 30832 31309 I art     : Starting a blocking GC Explicit
08-05 21:31:52.813 30832 31309 I art     : Explicit concurrent mark sweep GC freed 3(96B) AllocSpace objects, 0(0B) LOS objects, 23% free, 52MB/68MB, paused 360us total 18.944ms
08-05 21:31:52.821 30832 31309 I art     : Starting a blocking GC Explicit
08-05 21:31:52.840 30832 31309 I art     : Explicit concurrent mark sweep GC freed 3(96B) AllocSpace objects, 0(0B) LOS objects, 23% free, 52MB/68MB, paused 305us total 18.935ms
08-05 21:31:53.127 30832 30843 I art     : Starting a blocking GC Explicit
08-05 21:31:53.150 30832 30843 I art     : Explicit concurrent mark sweep GC freed 1341(78KB) AllocSpace objects, 1(20KB) LOS objects, 23% free, 52MB/68MB, paused 364us total 22.535ms
08-05 21:31:53.163 30832 30843 I art     : Starting a blocking GC Explicit
08-05 21:31:53.182 30832 30843 I art     : Explicit concurrent mark sweep GC freed 36(1264B) AllocSpace objects, 0(0B) LOS objects, 23% free, 52MB/68MB, paused 317us total 19.666ms
08-05 21:31:53.191 30832 30843 I art     : Starting a blocking GC Explicit
08-05 21:31:53.211 30832 30843 I art     : Explicit concurrent mark sweep GC freed 3(96B) AllocSpace objects, 0(0B) LOS objects, 23% free, 52MB/68MB, paused 326us total 19.466ms
08-05 21:31:53.219 30832 30843 I art     : Starting a blocking GC Explicit
08-05 21:31:53.239 30832 30843 I art     : Explicit concurrent mark sweep GC freed 3(96B) AllocSpace objects, 0(0B) LOS objects, 23% free, 52MB/68MB, paused 314us total 19.446ms
08-05 21:31:53.248 30832 30843 I art     : Starting a blocking GC Explicit
08-05 21:31:53.267 30832 30843 I art     : Explicit concurrent mark sweep GC freed 3(96B) AllocSpace objects, 0(0B) LOS objects, 23% free, 52MB/68MB, paused 407us total 18.686ms
08-05 21:31:53.580 30832 30862 I art     : Starting a blocking GC Explicit
08-05 21:31:53.607 30832 30862 I art     : Explicit concurrent mark sweep GC freed 1341(78KB) AllocSpace objects, 1(20KB) LOS objects, 23% free, 52MB/68MB, paused 463us total 26.841ms
08-05 21:31:53.620 30832 30862 I art     : Starting a blocking GC Explicit
08-05 21:31:53.639 30832 30862 I art     : Explicit concurrent mark sweep GC freed 20(704B) AllocSpace objects, 0(0B) LOS objects, 23% free, 52MB/68MB, paused 336us total 19.095ms
08-05 21:31:53.648 30832 30862 I art     : Starting a blocking GC Explicit
08-05 21:31:53.667 30832 30862 I art     : Explicit concurrent mark sweep GC freed 3(96B) AllocSpace objects, 0(0B) LOS objects, 23% free, 52MB/68MB, paused 391us total 19.230ms
08-05 21:31:53.676 30832 30862 I art     : Starting a blocking GC Explicit
08-05 21:31:53.695 30832 30862 I art     : Explicit concurrent mark sweep GC freed 3(96B) AllocSpace objects, 0(0B) LOS objects, 23% free, 52MB/68MB, paused 343us total 19.464ms
08-05 21:31:53.704 30832 30862 I art     : Starting a blocking GC Explicit
08-05 21:31:53.724 30832 30862 I art     : Explicit concurrent mark sweep GC freed 3(96B) AllocSpace objects, 0(0B) LOS objects, 23% free, 52MB/68MB, paused 374us total 19.424ms
08-05 21:31:54.056 30832 30844 I art     : Starting a blocking GC Explicit
08-05 21:31:54.081 30832 30844 I art     : Explicit concurrent mark sweep GC freed 1341(78KB) AllocSpace objects, 1(20KB) LOS objects, 23% free, 52MB/68MB, paused 375us total 24.077ms
08-05 21:31:54.092 30832 30844 I art     : Starting a blocking GC Explicit
08-05 21:31:54.111 30832 30844 I art     : Explicit concurrent mark sweep GC freed 20(704B) AllocSpace objects, 0(0B) LOS objects, 23% free, 52MB/68MB, paused 338us total 19.071ms
08-05 21:31:54.120 30832 30844 I art     : Starting a blocking GC Explicit
08-05 21:31:54.139 30832 30844 I art     : Explicit concurrent mark sweep GC freed 3(96B) AllocSpace objects, 0(0B) LOS objects, 23% free, 52MB/68MB, paused 341us total 19.473ms
08-05 21:31:54.148 30832 30844 I art     : Starting a blocking GC Explicit
08-05 21:31:54.168 30832 30844 I art     : Explicit concurrent mark sweep GC freed 3(96B) AllocSpace objects, 0(0B) LOS objects, 23% free, 52MB/68MB, paused 350us total 19.487ms
08-05 21:31:54.176 30832 30844 I art     : Starting a blocking GC Explicit
08-05 21:31:54.196 30832 30844 I art     : Explicit concurrent mark sweep GC freed 3(96B) AllocSpace objects, 0(0B) LOS objects, 23% free, 52MB/68MB, paused 336us total 19.159ms
08-05 21:31:54.504 30832 31309 I art     : Starting a blocking GC Explicit
08-05 21:31:54.526 30832 31309 I art     : Explicit concurrent mark sweep GC freed 1341(78KB) AllocSpace objects, 1(20KB) LOS objects, 23% free, 52MB/68MB, paused 372us total 21.449ms
08-05 21:31:54.537 30832 31309 I art     : Starting a blocking GC Explicit
08-05 21:31:54.558 30832 31309 I art     : Explicit concurrent mark sweep GC freed 20(704B) AllocSpace objects, 0(0B) LOS objects, 23% free, 52MB/68MB, paused 326us total 20.415ms
08-05 21:31:54.567 30832 31309 I art     : Starting a blocking GC Explicit
08-05 21:31:54.586 30832 31309 I art     : Explicit concurrent mark sweep GC freed 3(96B) AllocSpace objects, 0(0B) LOS objects, 23% free, 52MB/68MB, paused 330us total 19.397ms
08-05 21:31:54.595 30832 31309 I art     : Starting a blocking GC Explicit
08-05 21:31:54.614 30832 31309 I art     : Explicit concurrent mark sweep GC freed 3(96B) AllocSpace objects, 0(0B) LOS objects, 23% free, 52MB/68MB, paused 391us total 19.233ms
08-05 21:31:54.623 30832 31309 I art     : Starting a blocking GC Explicit
08-05 21:31:54.643 30832 31309 I art     : Explicit concurrent mark sweep GC freed 3(96B) AllocSpace objects, 0(0B) LOS objects, 23% free, 52MB/68MB, paused 337us total 19.639ms
08-05 21:31:54.941 13866 13882 I PeriodicStatsRunner: PeriodicStatsRunner.call():175 call()
08-05 21:31:54.941 13866 13882 I PeriodicStatsRunner: PeriodicStatsRunner.call():179 No submit PeriodicStats since input started.
08-05 21:31:54.972 30832 30843 I art     : Starting a blocking GC Explicit
08-05 21:31:55.001 30832 30843 I art     : Explicit concurrent mark sweep GC freed 1341(78KB) AllocSpace objects, 1(20KB) LOS objects, 23% free, 52MB/68MB, paused 370us total 28.225ms
08-05 21:31:55.012 30832 30843 I art     : Starting a blocking GC Explicit
08-05 21:31:55.033 30832 30843 I art     : Explicit concurrent mark sweep GC freed 20(704B) AllocSpace objects, 0(0B) LOS objects, 23% free, 52MB/68MB, paused 336us total 20.433ms
08-05 21:31:55.042 30832 30843 I art     : Starting a blocking GC Explicit
08-05 21:31:55.061 30832 30843 I art     : Explicit concurrent mark sweep GC freed 3(96B) AllocSpace objects, 0(0B) LOS objects, 23% free, 52MB/68MB, paused 319us total 19.193ms
08-05 21:31:55.069 30832 30843 I art     : Starting a blocking GC Explicit
08-05 21:31:55.089 30832 30843 I art     : Explicit concurrent mark sweep GC freed 3(96B) AllocSpace objects, 0(0B) LOS objects, 23% free, 52MB/68MB, paused 334us total 19.345ms
08-05 21:31:55.098 30832 30843 I art     : Starting a blocking GC Explicit
08-05 21:31:55.117 30832 30843 I art     : Explicit concurrent mark sweep GC freed 3(96B) AllocSpace objects, 0(0B) LOS objects, 23% free, 52MB/68MB, paused 393us total 19.526ms
08-05 21:31:55.422 30832 30862 I art     : Starting a blocking GC Explicit
08-05 21:31:55.443 30832 30862 I art     : Explicit concurrent mark sweep GC freed 1341(78KB) AllocSpace objects, 1(20KB) LOS objects, 23% free, 52MB/68MB, paused 351us total 21.203ms
08-05 21:31:55.452 30832 30862 I art     : Starting a blocking GC Explicit
08-05 21:31:55.471 30832 30862 I art     : Explicit concurrent mark sweep GC freed 20(704B) AllocSpace objects, 0(0B) LOS objects, 23% free, 52MB/68MB, paused 333us total 18.873ms
08-05 21:31:55.479 30832 30862 I art     : Starting a blocking GC Explicit
08-05 21:31:55.499 30832 30862 I art     : Explicit concurrent mark sweep GC freed 3(96B) AllocSpace objects, 0(0B) LOS objects, 23% free, 52MB/68MB, paused 337us total 19.183ms
08-05 21:31:55.507 30832 30862 I art     : Starting a blocking GC Explicit
08-05 21:31:55.526 30832 30862 I art     : Explicit concurrent mark sweep GC freed 3(96B) AllocSpace objects, 0(0B) LOS objects, 23% free, 52MB/68MB, paused 342us total 19.042ms
08-05 21:31:55.535 30832 30862 I art     : Starting a blocking GC Explicit
08-05 21:31:55.554 30832 30862 I art     : Explicit concurrent mark sweep GC freed 3(96B) AllocSpace objects, 0(0B) LOS objects, 23% free, 52MB/68MB, paused 355us total 18.872ms
08-05 21:31:55.878 30832 30844 I art     : Starting a blocking GC Explicit
08-05 21:31:55.905 30832 30844 I art     : Explicit concurrent mark sweep GC freed 1341(78KB) AllocSpace objects, 1(20KB) LOS objects, 23% free, 52MB/68MB, paused 415us total 26.888ms
08-05 21:31:55.919 30832 30844 I art     : Starting a blocking GC Explicit
08-05 21:31:55.937 30832 30844 I art     : Explicit concurrent mark sweep GC freed 20(704B) AllocSpace objects, 0(0B) LOS objects, 23% free, 52MB/68MB, paused 407us total 17.859ms
08-05 21:31:55.945 30832 30844 I art     : Starting a blocking GC Explicit
08-05 21:31:55.963 30832 30844 I art     : Explicit concurrent mark sweep GC freed 3(96B) AllocSpace objects, 0(0B) LOS objects, 23% free, 52MB/68MB, paused 339us total 18.242ms
08-05 21:31:55.972 30832 30844 I art     : Starting a blocking GC Explicit
08-05 21:31:55.990 30832 30844 I art     : Explicit concurrent mark sweep GC freed 3(96B) AllocSpace objects, 0(0B) LOS objects, 23% free, 52MB/68MB, paused 341us total 18.202ms
08-05 21:31:55.998 30832 30844 I art     : Starting a blocking GC Explicit
08-05 21:31:56.016 30832 30844 I art     : Explicit concurrent mark sweep GC freed 3(96B) AllocSpace objects, 0(0B) LOS objects, 23% free, 52MB/68MB, paused 338us total 18.009ms
08-05 21:31:56.312 31796 31796 D AndroidRuntime: >>>>>> START com.android.internal.os.RuntimeInit uid 2000 <<<<<<
08-05 21:31:56.317 31796 31796 D AndroidRuntime: CheckJNI is OFF
08-05 21:31:56.341 30832 31309 I art     : Starting a blocking GC Explicit
08-05 21:31:56.353 31796 31796 D ICU     : No timezone override file found: /data/misc/zoneinfo/current/icu/icu_tzdata.dat
08-05 21:31:56.361 30832 31309 I art     : Explicit concurrent mark sweep GC freed 1341(78KB) AllocSpace objects, 1(20KB) LOS objects, 23% free, 52MB/68MB, paused 343us total 19.350ms
08-05 21:31:56.369 30832 31309 I art     : Starting a blocking GC Explicit
08-05 21:31:56.388 31796 31796 I Radio-JNI: register_android_hardware_Radio DONE
08-05 21:31:56.389 30832 31309 I art     : Explicit concurrent mark sweep GC freed 20(704B) AllocSpace objects, 0(0B) LOS objects, 23% free, 52MB/68MB, paused 340us total 19.310ms
08-05 21:31:56.397 30832 31309 I art     : Starting a blocking GC Explicit
08-05 21:31:56.411 31796 31796 D AndroidRuntime: Calling main entry com.android.commands.input.Input
08-05 21:31:56.413 31796 31796 I Input   : injectKeyEvent: KeyEvent { action=ACTION_DOWN, keyCode=KEYCODE_BACK, scanCode=0, metaState=0, flags=0x0, repeatCount=0, eventTime=826332826, downTime=826332826, deviceId=-1, source=0x101 }
08-05 21:31:56.415 30832 31309 I art     : Explicit concurrent mark sweep GC freed 3(96B) AllocSpace objects, 0(0B) LOS objects, 23% free, 52MB/68MB, paused 335us total 18.031ms
08-05 21:31:56.418 31796 31796 I Input   : injectKeyEvent: KeyEvent { action=ACTION_UP, keyCode=KEYCODE_BACK, scanCode=0, metaState=0, flags=0x0, repeatCount=0, eventTime=826332826, downTime=826332826, deviceId=-1, source=0x101 }
08-05 21:31:56.423 30832 31309 I art     : Starting a blocking GC Explicit
08-05 21:31:56.426 31796 31796 D AndroidRuntime: Shutting down VM
08-05 21:31:56.441 30832 31309 I art     : Explicit concurrent mark sweep GC freed 134(6KB) AllocSpace objects, 0(0B) LOS objects, 23% free, 52MB/68MB, paused 334us total 17.420ms
08-05 21:31:56.449 30832 31309 I art     : Starting a blocking GC Explicit
08-05 21:31:56.463 13866 13866 I GoogleInputMethodServic: GoogleInputMethodService.onFinishInput():3138 
08-05 21:31:56.463 13866 13866 I GoogleInputMethodServic: GoogleInputMethodService.onStartInput():1808 
08-05 21:31:56.465 30832 31309 I art     : Explicit concurrent mark sweep GC freed 14(480B) AllocSpace objects, 0(0B) LOS objects, 23% free, 52MB/68MB, paused 301us total 15.970ms
08-05 21:31:56.733 30832 30843 I art     : Starting a blocking GC Explicit
08-05 21:31:56.753 30832 30843 I art     : Explicit concurrent mark sweep GC freed 1370(79KB) AllocSpace objects, 1(20KB) LOS objects, 23% free, 52MB/68MB, paused 301us total 19.668ms
08-05 21:31:56.758   380   380 W SurfaceFlinger: couldn't log to binary event log: overflow.
08-05 21:31:56.762 30832 30843 I art     : Starting a blocking GC Explicit
08-05 21:31:56.771 13866 13882 I PeriodicStatsRunner: PeriodicStatsRunner.call():175 call()
08-05 21:31:56.771 13866 13882 I PeriodicStatsRunner: PeriodicStatsRunner.call():179 No submit PeriodicStats since input started.
08-05 21:31:56.781 30832 30843 I art     : Explicit concurrent mark sweep GC freed 132(9KB) AllocSpace objects, 0(0B) LOS objects, 23% free, 52MB/68MB, paused 303us total 18.575ms
08-05 21:31:56.789 30832 30843 I art     : Starting a blocking GC Explicit
08-05 21:31:56.806 30832 30843 I art     : Explicit concurrent mark sweep GC freed 116(6KB) AllocSpace objects, 0(0B) LOS objects, 23% free, 52MB/68MB, paused 318us total 17.091ms
08-05 21:31:56.814 30832 30843 I art     : Starting a blocking GC Explicit
08-05 21:31:56.831 30832 30843 I art     : Explicit concurrent mark sweep GC freed 1545(100KB) AllocSpace objects, 3(400KB) LOS objects, 23% free, 51MB/67MB, paused 314us total 16.685ms
08-05 21:31:56.839 30832 30843 I art     : Starting a blocking GC Explicit
08-05 21:31:56.858 30832 30843 I art     : Explicit concurrent mark sweep GC freed 3(96B) AllocSpace objects, 0(0B) LOS objects, 23% free, 51MB/67MB, paused 341us total 18.583ms
08-05 21:31:57.145 30832 30862 I art     : Starting a blocking GC Explicit
08-05 21:31:57.169 30832 30862 I art     : Explicit concurrent mark sweep GC freed 1341(78KB) AllocSpace objects, 1(20KB) LOS objects, 23% free, 51MB/67MB, paused 382us total 23.168ms
08-05 21:31:57.180 30832 30862 I art     : Starting a blocking GC Explicit
08-05 21:31:57.199 30832 30862 I art     : Explicit concurrent mark sweep GC freed 20(704B) AllocSpace objects, 0(0B) LOS objects, 23% free, 51MB/67MB, paused 345us total 18.992ms
08-05 21:31:57.208 30832 30862 I art     : Starting a blocking GC Explicit
08-05 21:31:57.226 30832 30862 I art     : Explicit concurrent mark sweep GC freed 3(96B) AllocSpace objects, 0(0B) LOS objects, 23% free, 51MB/67MB, paused 379us total 18.348ms
08-05 21:31:57.235 30832 30862 I art     : Starting a blocking GC Explicit
08-05 21:31:57.253 30832 30862 I art     : Explicit concurrent mark sweep GC freed 3(96B) AllocSpace objects, 0(0B) LOS objects, 23% free, 51MB/67MB, paused 344us total 18.264ms
08-05 21:31:57.261 30832 30862 I art     : Starting a blocking GC Explicit
08-05 21:31:57.280 30832 30862 I art     : Explicit concurrent mark sweep GC freed 3(96B) AllocSpace objects, 0(0B) LOS objects, 23% free, 51MB/67MB, paused 342us total 18.551ms
08-05 21:31:57.559 30832 31309 I art     : Starting a blocking GC Explicit
08-05 21:31:57.582 30832 31309 I art     : Explicit concurrent mark sweep GC freed 1340(78KB) AllocSpace objects, 1(20KB) LOS objects, 23% free, 51MB/67MB, paused 352us total 23.262ms
08-05 21:31:57.592 30832 31309 I art     : Starting a blocking GC Explicit
08-05 21:31:57.611 30832 31309 I art     : Explicit concurrent mark sweep GC freed 20(704B) AllocSpace objects, 0(0B) LOS objects, 23% free, 51MB/67MB, paused 328us total 18.783ms
08-05 21:31:57.620 30832 31309 I art     : Starting a blocking GC Explicit
08-05 21:31:57.639 30832 31309 I art     : Explicit concurrent mark sweep GC freed 3(96B) AllocSpace objects, 0(0B) LOS objects, 23% free, 51MB/67MB, paused 331us total 18.594ms
08-05 21:31:57.647 30832 31309 I art     : Starting a blocking GC Explicit
08-05 21:31:57.665 30832 31309 I art     : Explicit concurrent mark sweep GC freed 3(96B) AllocSpace objects, 0(0B) LOS objects, 23% free, 51MB/67MB, paused 314us total 17.330ms
08-05 21:31:57.673 30832 31309 I art     : Starting a blocking GC Explicit
08-05 21:31:57.691 30832 31309 I art     : Explicit concurrent mark sweep GC freed 3(96B) AllocSpace objects, 0(0B) LOS objects, 23% free, 51MB/67MB, paused 338us total 17.312ms
08-05 21:31:57.876 24895 24895 I Atfwd_Sendcmd: AtCmdFwd service not ready - Exhausted retry attempts - :6
08-05 21:31:57.876 24895 24895 I Atfwd_Daemon: result : -1 	 ,Init step :2 	 ,qmiErrorCode: 0
08-05 21:31:57.952 30832 30844 I art     : Starting a blocking GC Explicit
08-05 21:31:57.971 30832 30844 I art     : Explicit concurrent mark sweep GC freed 1340(78KB) AllocSpace objects, 1(20KB) LOS objects, 23% free, 51MB/67MB, paused 352us total 18.947ms
08-05 21:31:57.979 30832 30844 I art     : Starting a blocking GC Explicit
08-05 21:31:57.998 30832 30844 I art     : Explicit concurrent mark sweep GC freed 20(704B) AllocSpace objects, 0(0B) LOS objects, 23% free, 51MB/67MB, paused 352us total 18.384ms
08-05 21:31:58.007 30832 30844 I art     : Starting a blocking GC Explicit
08-05 21:31:58.024 30832 30844 I art     : Explicit concurrent mark sweep GC freed 3(96B) AllocSpace objects, 0(0B) LOS objects, 23% free, 51MB/67MB, paused 341us total 17.471ms
08-05 21:31:58.033 30832 30844 I art     : Starting a blocking GC Explicit
08-05 21:31:58.050 30832 30844 I art     : Explicit concurrent mark sweep GC freed 3(96B) AllocSpace objects, 0(0B) LOS objects, 23% free, 51MB/67MB, paused 342us total 17.503ms
08-05 21:31:58.058 30832 30844 I art     : Starting a blocking GC Explicit
08-05 21:31:58.076 30832 30844 I art     : Explicit concurrent mark sweep GC freed 3(96B) AllocSpace objects, 0(0B) LOS objects, 23% free, 51MB/67MB, paused 353us total 17.881ms
08-05 21:31:58.081 31849 31849 D AndroidRuntime: >>>>>> START com.android.internal.os.RuntimeInit uid 2000 <<<<<<
08-05 21:31:58.086 31849 31849 D AndroidRuntime: CheckJNI is OFF
08-05 21:31:58.119 31849 31849 D ICU     : No timezone override file found: /data/misc/zoneinfo/current/icu/icu_tzdata.dat
08-05 21:31:58.153 31849 31849 I Radio-JNI: register_android_hardware_Radio DONE
08-05 21:31:58.175 31849 31849 D AndroidRuntime: Calling main entry com.android.commands.input.Input
08-05 21:31:58.177 31849 31849 I Input   : injectMotionEvent: MotionEvent { action=ACTION_DOWN, actionButton=0, id[0]=0, x[0]=733.0, y[0]=1957.0, toolType[0]=TOOL_TYPE_UNKNOWN, buttonState=0, metaState=0, flags=0x0, edgeFlags=0x0, pointerCount=1, historySize=0, eventTime=826334589, downTime=826334589, deviceId=0, source=0x1002 }
08-05 21:31:58.183 31849 31849 I Input   : injectMotionEvent: MotionEvent { action=ACTION_UP, actionButton=0, id[0]=0, x[0]=733.0, y[0]=1957.0, toolType[0]=TOOL_TYPE_UNKNOWN, buttonState=0, metaState=0, flags=0x0, edgeFlags=0x0, pointerCount=1, historySize=0, eventTime=826334589, downTime=826334589, deviceId=0, source=0x1002 }
08-05 21:31:58.184   918  6111 I ActivityManager: START u0 {cmp=baseline.appteam.nith.hillffair/.activities.ClubActivity (has extras)} from uid 10675 on display 0
08-05 21:31:58.192 31849 31849 D AndroidRuntime: Shutting down VM
08-05 21:31:58.289   918   936 I ActivityManager: Displayed baseline.appteam.nith.hillffair/.activities.ClubActivity: +96ms
08-05 21:31:58.289 13866 13866 I GoogleInputMethodServic: GoogleInputMethodService.onFinishInput():3138 
08-05 21:31:58.290 13866 13866 I GoogleInputMethodServic: GoogleInputMethodService.onStartInput():1808 
08-05 21:31:58.327 30832 30844 I art     : Starting a blocking GC Explicit
08-05 21:31:58.345 30832 30844 I art     : Explicit concurrent mark sweep GC freed 5045(296KB) AllocSpace objects, 1(20KB) LOS objects, 23% free, 51MB/67MB, paused 368us total 18.214ms
08-05 21:31:58.353 30832 30844 I art     : Starting a blocking GC Explicit
08-05 21:31:58.370 30832 30844 I art     : Explicit concurrent mark sweep GC freed 211(9KB) AllocSpace objects, 0(0B) LOS objects, 23% free, 51MB/67MB, paused 345us total 17.143ms
08-05 21:31:58.378 30832 30844 I art     : Starting a blocking GC Explicit
08-05 21:31:58.395 30832 30844 I art     : Explicit concurrent mark sweep GC freed 3(96B) AllocSpace objects, 0(0B) LOS objects, 23% free, 51MB/67MB, paused 355us total 16.889ms
08-05 21:31:58.405 30832 30844 I art     : Starting a blocking GC Explicit
08-05 21:31:58.426 30832 30844 I art     : Explicit concurrent mark sweep GC freed 3(96B) AllocSpace objects, 0(0B) LOS objects, 23% free, 51MB/67MB, paused 382us total 21.171ms
08-05 21:31:58.436 30832 30844 I art     : Starting a blocking GC Explicit
08-05 21:31:58.456 30832 30844 I art     : Explicit concurrent mark sweep GC freed 3(96B) AllocSpace objects, 0(0B) LOS objects, 23% free, 51MB/67MB, paused 370us total 19.932ms
08-05 21:31:58.545   380   380 W SurfaceFlinger: couldn't log to binary event log: overflow.
08-05 21:31:58.704 30832 30843 I art     : Starting a blocking GC Explicit
08-05 21:31:58.724 30832 30843 I art     : Explicit concurrent mark sweep GC freed 1450(84KB) AllocSpace objects, 1(20KB) LOS objects, 23% free, 51MB/67MB, paused 377us total 19.296ms
08-05 21:31:58.732 30832 30843 I art     : Starting a blocking GC Explicit
08-05 21:31:58.751 30832 30843 I art     : Explicit concurrent mark sweep GC freed 34(1216B) AllocSpace objects, 0(0B) LOS objects, 23% free, 51MB/67MB, paused 381us total 18.714ms
08-05 21:31:58.759 30832 30843 I art     : Starting a blocking GC Explicit
08-05 21:31:58.778 30832 30843 I art     : Explicit concurrent mark sweep GC freed 10(352B) AllocSpace objects, 0(0B) LOS objects, 23% free, 51MB/67MB, paused 426us total 18.784ms
08-05 21:31:58.787 30832 30843 I art     : Starting a blocking GC Explicit
08-05 21:31:58.806 30832 30843 I art     : Explicit concurrent mark sweep GC freed 916(67KB) AllocSpace objects, 2(120KB) LOS objects, 23% free, 52MB/68MB, paused 530us total 18.910ms
08-05 21:31:58.814 30832 30843 I art     : Starting a blocking GC Explicit
08-05 21:31:58.828 30832 31874 D OkHttp  : --> GET https://api-hillfair-2k16.herokuapp.com/api/app/events/special/event?id=58065620dcba0f490c70fe09 http/1.1
08-05 21:31:58.834 30832 30843 I art     : Explicit concurrent mark sweep GC freed 2198(137KB) AllocSpace objects, 1(80KB) LOS objects, 23% free, 52MB/68MB, paused 413us total 18.839ms
08-05 21:31:58.864 30832 31874 D OkHttp  : <-- 200 OK https://api-hillfair-2k16.herokuapp.com/api/app/events/special/event?id=58065620dcba0f490c70fe09 (36ms, 682-byte body)
08-05 21:31:58.913 30832 30832 I NAPPA_EXPERIMENTATION: MetricNetworkRequestExecutionTime: REQUEST_DURATION_SYSTEM='694',REQUEST_DURATION_OKHTTP='35',REQUEST_SYNCHRONOUS='FALSE',RESPONSE_CODE='200',RESPONSE_METHOD='GET',RESPONSE_LENGTH_OKHTTP='682',RESPONSE_LENGTH_HEADER='682',REQUEST_PROTOCOL='http/1.1',REQUEST_URL='https://api-hillfair-2k16.herokuapp.com/api/app/events/special/event?id=58065620dcba0f490c70fe09',
08-05 21:31:59.100 30832 30862 I art     : Starting a blocking GC Explicit
08-05 21:31:59.120 30832 30862 I art     : Explicit concurrent mark sweep GC freed 2615(249KB) AllocSpace objects, 1(20KB) LOS objects, 23% free, 52MB/68MB, paused 356us total 19.977ms
08-05 21:31:59.129 30832 30862 I art     : Starting a blocking GC Explicit
08-05 21:31:59.149 30832 30862 I art     : Explicit concurrent mark sweep GC freed 102(3KB) AllocSpace objects, 0(0B) LOS objects, 23% free, 52MB/68MB, paused 336us total 20.041ms
08-05 21:31:59.158 30832 30862 I art     : Starting a blocking GC Explicit
08-05 21:31:59.177 30832 30862 I art     : Explicit concurrent mark sweep GC freed 3(96B) AllocSpace objects, 0(0B) LOS objects, 23% free, 52MB/68MB, paused 389us total 18.518ms
08-05 21:31:59.185 30832 30862 I art     : Starting a blocking GC Explicit
08-05 21:31:59.204 30832 30862 I art     : Explicit concurrent mark sweep GC freed 3(96B) AllocSpace objects, 0(0B) LOS objects, 23% free, 52MB/68MB, paused 355us total 18.148ms
08-05 21:31:59.212 30832 30862 I art     : Starting a blocking GC Explicit
08-05 21:31:59.231 30832 30862 I art     : Explicit concurrent mark sweep GC freed 3(96B) AllocSpace objects, 0(0B) LOS objects, 23% free, 52MB/68MB, paused 332us total 18.785ms
08-05 21:31:59.523 30832 30844 I art     : Starting a blocking GC Explicit
08-05 21:31:59.550 30832 30844 I art     : Explicit concurrent mark sweep GC freed 1341(78KB) AllocSpace objects, 1(20KB) LOS objects, 23% free, 52MB/68MB, paused 411us total 27.526ms
08-05 21:31:59.562 30832 30844 I art     : Starting a blocking GC Explicit
08-05 21:31:59.584 30832 30844 I art     : Explicit concurrent mark sweep GC freed 36(1264B) AllocSpace objects, 0(0B) LOS objects, 23% free, 52MB/68MB, paused 361us total 21.547ms
08-05 21:31:59.593 30832 30844 I art     : Starting a blocking GC Explicit
08-05 21:31:59.613 30832 30844 I art     : Explicit concurrent mark sweep GC freed 3(96B) AllocSpace objects, 0(0B) LOS objects, 23% free, 52MB/68MB, paused 360us total 19.791ms
08-05 21:31:59.621 30832 30844 I art     : Starting a blocking GC Explicit
08-05 21:31:59.641 30832 30844 I art     : Explicit concurrent mark sweep GC freed 3(96B) AllocSpace objects, 0(0B) LOS objects, 23% free, 52MB/68MB, paused 377us total 19.550ms
08-05 21:31:59.649 30832 30844 I art     : Starting a blocking GC Explicit
08-05 21:31:59.669 30832 30844 I art     : Explicit concurrent mark sweep GC freed 3(96B) AllocSpace objects, 0(0B) LOS objects, 23% free, 52MB/68MB, paused 344us total 19.149ms
08-05 21:31:59.972 30832 30862 I art     : Starting a blocking GC Explicit
08-05 21:31:59.998 30832 30862 I art     : Explicit concurrent mark sweep GC freed 1341(78KB) AllocSpace objects, 1(20KB) LOS objects, 23% free, 52MB/68MB, paused 427us total 25.462ms
08-05 21:32:00.010 30832 30862 I art     : Starting a blocking GC Explicit
08-05 21:32:00.030 30832 30862 I art     : Explicit concurrent mark sweep GC freed 20(704B) AllocSpace objects, 0(0B) LOS objects, 23% free, 52MB/68MB, paused 342us total 19.449ms
08-05 21:32:00.039 30832 30862 I art     : Starting a blocking GC Explicit
08-05 21:32:00.058 30832 30862 I art     : Explicit concurrent mark sweep GC freed 3(96B) AllocSpace objects, 0(0B) LOS objects, 23% free, 52MB/68MB, paused 364us total 18.867ms
08-05 21:32:00.066 30832 30862 I art     : Starting a blocking GC Explicit
08-05 21:32:00.084 30832 30862 I art     : Explicit concurrent mark sweep GC freed 3(96B) AllocSpace objects, 0(0B) LOS objects, 23% free, 52MB/68MB, paused 335us total 18.293ms
08-05 21:32:00.093 30832 30862 I art     : Starting a blocking GC Explicit
08-05 21:32:00.112 30832 30862 I art     : Explicit concurrent mark sweep GC freed 3(96B) AllocSpace objects, 0(0B) LOS objects, 23% free, 52MB/68MB, paused 325us total 18.396ms
08-05 21:32:00.417 30832 31309 I art     : Starting a blocking GC Explicit
08-05 21:32:00.441 30832 31309 I art     : Explicit concurrent mark sweep GC freed 1341(78KB) AllocSpace objects, 1(20KB) LOS objects, 23% free, 52MB/68MB, paused 404us total 23.658ms
08-05 21:32:00.450 30832 31309 I art     : Starting a blocking GC Explicit
08-05 21:32:00.469 30832 31309 I art     : Explicit concurrent mark sweep GC freed 20(704B) AllocSpace objects, 0(0B) LOS objects, 23% free, 52MB/68MB, paused 346us total 19.234ms
08-05 21:32:00.477 30832 31309 I art     : Starting a blocking GC Explicit
08-05 21:32:00.496 30832 31309 I art     : Explicit concurrent mark sweep GC freed 3(96B) AllocSpace objects, 0(0B) LOS objects, 23% free, 52MB/68MB, paused 358us total 18.313ms
08-05 21:32:00.504 30832 31309 I art     : Starting a blocking GC Explicit
08-05 21:32:00.523 30832 31309 I art     : Explicit concurrent mark sweep GC freed 3(96B) AllocSpace objects, 0(0B) LOS objects, 23% free, 52MB/68MB, paused 357us total 18.996ms
08-05 21:32:00.531 30832 31309 I art     : Starting a blocking GC Explicit
08-05 21:32:00.550 30832 31309 I art     : Explicit concurrent mark sweep GC freed 3(96B) AllocSpace objects, 0(0B) LOS objects, 23% free, 52MB/68MB, paused 353us total 18.674ms
08-05 21:32:00.852 31936 31936 D AndroidRuntime: >>>>>> START com.android.internal.os.RuntimeInit uid 2000 <<<<<<
08-05 21:32:00.857 31936 31936 D AndroidRuntime: CheckJNI is OFF
08-05 21:32:00.861 30832 30843 I art     : Starting a blocking GC Explicit
08-05 21:32:00.881 30832 30843 I art     : Explicit concurrent mark sweep GC freed 1341(78KB) AllocSpace objects, 1(20KB) LOS objects, 23% free, 52MB/68MB, paused 382us total 19.485ms
08-05 21:32:00.889 30832 30843 I art     : Starting a blocking GC Explicit
08-05 21:32:00.895 31936 31936 D ICU     : No timezone override file found: /data/misc/zoneinfo/current/icu/icu_tzdata.dat
08-05 21:32:00.909 30832 30843 I art     : Explicit concurrent mark sweep GC freed 20(704B) AllocSpace objects, 0(0B) LOS objects, 23% free, 52MB/68MB, paused 404us total 19.816ms
08-05 21:32:00.917 30832 30843 I art     : Starting a blocking GC Explicit
08-05 21:32:00.929 31936 31936 I Radio-JNI: register_android_hardware_Radio DONE
08-05 21:32:00.936 30832 30843 I art     : Explicit concurrent mark sweep GC freed 3(96B) AllocSpace objects, 0(0B) LOS objects, 23% free, 52MB/68MB, paused 371us total 18.387ms
08-05 21:32:00.944 30832 30843 I art     : Starting a blocking GC Explicit
08-05 21:32:00.951 31936 31936 D AndroidRuntime: Calling main entry com.android.commands.input.Input
08-05 21:32:00.953 31936 31936 I Input   : injectKeyEvent: KeyEvent { action=ACTION_DOWN, keyCode=KEYCODE_BACK, scanCode=0, metaState=0, flags=0x0, repeatCount=0, eventTime=826337366, downTime=826337366, deviceId=-1, source=0x101 }
08-05 21:32:00.959 31936 31936 I Input   : injectKeyEvent: KeyEvent { action=ACTION_UP, keyCode=KEYCODE_BACK, scanCode=0, metaState=0, flags=0x0, repeatCount=0, eventTime=826337366, downTime=826337366, deviceId=-1, source=0x101 }
08-05 21:32:00.962 30832 30843 I art     : Explicit concurrent mark sweep GC freed 5(208B) AllocSpace objects, 0(0B) LOS objects, 23% free, 52MB/68MB, paused 378us total 18.258ms
08-05 21:32:00.964 31936 31936 D AndroidRuntime: Shutting down VM
08-05 21:32:00.970 30832 30843 I art     : Starting a blocking GC Explicit
08-05 21:32:00.988 30832 30843 I art     : Explicit concurrent mark sweep GC freed 142(6KB) AllocSpace objects, 0(0B) LOS objects, 23% free, 52MB/68MB, paused 347us total 18.175ms
08-05 21:32:01.012 13866 13866 I GoogleInputMethodServic: GoogleInputMethodService.onFinishInput():3138 
08-05 21:32:01.012 13866 13866 I GoogleInputMethodServic: GoogleInputMethodService.onStartInput():1808 
08-05 21:32:01.267 30832 30862 I art     : Starting a blocking GC Explicit
08-05 21:32:01.289 30832 30862 I art     : Explicit concurrent mark sweep GC freed 1370(79KB) AllocSpace objects, 1(20KB) LOS objects, 23% free, 52MB/68MB, paused 325us total 21.263ms
08-05 21:32:01.297   380   380 W SurfaceFlinger: couldn't log to binary event log: overflow.
08-05 21:32:01.298 30832 30862 I art     : Starting a blocking GC Explicit
08-05 21:32:01.319 30832 30862 I art     : Explicit concurrent mark sweep GC freed 131(9KB) AllocSpace objects, 0(0B) LOS objects, 23% free, 52MB/68MB, paused 324us total 21.045ms
08-05 21:32:01.326 30832 30862 I art     : Starting a blocking GC Explicit
08-05 21:32:01.344 30832 30862 I art     : Explicit concurrent mark sweep GC freed 113(5KB) AllocSpace objects, 0(0B) LOS objects, 23% free, 52MB/68MB, paused 354us total 17.261ms
08-05 21:32:01.351 30832 30862 I art     : Starting a blocking GC Explicit
08-05 21:32:01.369 30832 30862 I art     : Explicit concurrent mark sweep GC freed 1549(100KB) AllocSpace objects, 3(400KB) LOS objects, 23% free, 51MB/67MB, paused 353us total 17.681ms
08-05 21:32:01.377 30832 30862 I art     : Starting a blocking GC Explicit
08-05 21:32:01.394 30832 30862 I art     : Explicit concurrent mark sweep GC freed 3(96B) AllocSpace objects, 0(0B) LOS objects, 23% free, 51MB/67MB, paused 344us total 17.021ms
08-05 21:32:01.463 13866 13882 I PeriodicStatsRunner: PeriodicStatsRunner.call():175 call()
08-05 21:32:01.463 13866 13882 I PeriodicStatsRunner: PeriodicStatsRunner.call():179 No submit PeriodicStats since input started.
08-05 21:32:01.678 30832 31309 I art     : Starting a blocking GC Explicit
08-05 21:32:01.706 30832 31309 I art     : Explicit concurrent mark sweep GC freed 1341(78KB) AllocSpace objects, 1(20KB) LOS objects, 23% free, 51MB/67MB, paused 385us total 27.181ms
08-05 21:32:01.717 30832 31309 I art     : Starting a blocking GC Explicit
08-05 21:32:01.740 30832 31309 I art     : Explicit concurrent mark sweep GC freed 20(704B) AllocSpace objects, 0(0B) LOS objects, 23% free, 51MB/67MB, paused 353us total 21.940ms
08-05 21:32:01.748 30832 31309 I art     : Starting a blocking GC Explicit
08-05 21:32:01.767 30832 31309 I art     : Explicit concurrent mark sweep GC freed 3(96B) AllocSpace objects, 0(0B) LOS objects, 23% free, 51MB/67MB, paused 400us total 19.069ms
08-05 21:32:01.776 30832 31309 I art     : Starting a blocking GC Explicit
08-05 21:32:01.794 30832 31309 I art     : Explicit concurrent mark sweep GC freed 3(96B) AllocSpace objects, 0(0B) LOS objects, 23% free, 51MB/67MB, paused 324us total 18.336ms
08-05 21:32:01.803 30832 31309 I art     : Starting a blocking GC Explicit
08-05 21:32:01.822 30832 31309 I art     : Explicit concurrent mark sweep GC freed 3(96B) AllocSpace objects, 0(0B) LOS objects, 23% free, 51MB/67MB, paused 358us total 18.639ms
08-05 21:32:02.023   918  3188 I hubconnection: sensorhub said: 'set_bias 3: -5.7600, 0.0000, 0.0000'
08-05 21:32:02.113 30832 30844 I art     : Starting a blocking GC Explicit
08-05 21:32:02.137 30832 30844 I art     : Explicit concurrent mark sweep GC freed 1340(78KB) AllocSpace objects, 1(20KB) LOS objects, 23% free, 51MB/67MB, paused 389us total 23.250ms
08-05 21:32:02.148 30832 30844 I art     : Starting a blocking GC Explicit
08-05 21:32:02.167 30832 30844 I art     : Explicit concurrent mark sweep GC freed 20(704B) AllocSpace objects, 0(0B) LOS objects, 23% free, 51MB/67MB, paused 364us total 19.154ms
08-05 21:32:02.176 30832 30844 I art     : Starting a blocking GC Explicit
08-05 21:32:02.195 30832 30844 I art     : Explicit concurrent mark sweep GC freed 3(96B) AllocSpace objects, 0(0B) LOS objects, 23% free, 51MB/67MB, paused 352us total 18.718ms
08-05 21:32:02.204 30832 30844 I art     : Starting a blocking GC Explicit
08-05 21:32:02.222 30832 30844 I art     : Explicit concurrent mark sweep GC freed 3(96B) AllocSpace objects, 0(0B) LOS objects, 23% free, 51MB/67MB, paused 335us total 18.348ms
08-05 21:32:02.230 30832 30844 I art     : Starting a blocking GC Explicit
08-05 21:32:02.246 30832 30844 I art     : Explicit concurrent mark sweep GC freed 3(96B) AllocSpace objects, 0(0B) LOS objects, 23% free, 51MB/67MB, paused 344us total 15.910ms
08-05 21:32:02.511 30832 30843 I art     : Starting a blocking GC Explicit
08-05 21:32:02.531 30832 30843 I art     : Explicit concurrent mark sweep GC freed 1340(78KB) AllocSpace objects, 1(20KB) LOS objects, 23% free, 51MB/67MB, paused 360us total 19.122ms
08-05 21:32:02.539 30832 30843 I art     : Starting a blocking GC Explicit
08-05 21:32:02.558 30832 30843 I art     : Explicit concurrent mark sweep GC freed 20(704B) AllocSpace objects, 0(0B) LOS objects, 23% free, 51MB/67MB, paused 362us total 18.240ms
08-05 21:32:02.566 30832 30843 I art     : Starting a blocking GC Explicit
08-05 21:32:02.584 30832 30843 I art     : Explicit concurrent mark sweep GC freed 3(96B) AllocSpace objects, 0(0B) LOS objects, 23% free, 51MB/67MB, paused 358us total 18.183ms
08-05 21:32:02.593 30832 30843 I art     : Starting a blocking GC Explicit
08-05 21:32:02.611 30832 30843 I art     : Explicit concurrent mark sweep GC freed 3(96B) AllocSpace objects, 0(0B) LOS objects, 23% free, 51MB/67MB, paused 365us total 18.164ms
08-05 21:32:02.615 31991 31991 D AndroidRuntime: >>>>>> START com.android.internal.os.RuntimeInit uid 2000 <<<<<<
08-05 21:32:02.620 30832 30843 I art     : Starting a blocking GC Explicit
08-05 21:32:02.620 31991 31991 D AndroidRuntime: CheckJNI is OFF
08-05 21:32:02.638 30832 30843 I art     : Explicit concurrent mark sweep GC freed 3(96B) AllocSpace objects, 0(0B) LOS objects, 23% free, 51MB/67MB, paused 360us total 18.084ms
08-05 21:32:02.657 31991 31991 D ICU     : No timezone override file found: /data/misc/zoneinfo/current/icu/icu_tzdata.dat
08-05 21:32:02.689 31991 31991 I Radio-JNI: register_android_hardware_Radio DONE
08-05 21:32:02.711 31991 31991 D AndroidRuntime: Calling main entry com.android.commands.input.Input
08-05 21:32:02.713 31991 31991 I Input   : injectMotionEvent: MotionEvent { action=ACTION_DOWN, actionButton=0, id[0]=0, x[0]=733.0, y[0]=1957.0, toolType[0]=TOOL_TYPE_UNKNOWN, buttonState=0, metaState=0, flags=0x0, edgeFlags=0x0, pointerCount=1, historySize=0, eventTime=826339125, downTime=826339125, deviceId=0, source=0x1002 }
08-05 21:32:02.719 31991 31991 I Input   : injectMotionEvent: MotionEvent { action=ACTION_UP, actionButton=0, id[0]=0, x[0]=733.0, y[0]=1957.0, toolType[0]=TOOL_TYPE_UNKNOWN, buttonState=0, metaState=0, flags=0x0, edgeFlags=0x0, pointerCount=1, historySize=0, eventTime=826339125, downTime=826339125, deviceId=0, source=0x1002 }
08-05 21:32:02.720   918  6110 I ActivityManager: START u0 {cmp=baseline.appteam.nith.hillffair/.activities.ClubActivity (has extras)} from uid 10675 on display 0
08-05 21:32:02.725 31991 31991 D AndroidRuntime: Shutting down VM
08-05 21:32:02.826   918   936 I ActivityManager: Displayed baseline.appteam.nith.hillffair/.activities.ClubActivity: +100ms
08-05 21:32:02.827 13866 13866 I GoogleInputMethodServic: GoogleInputMethodService.onFinishInput():3138 
08-05 21:32:02.827 13866 13866 I GoogleInputMethodServic: GoogleInputMethodService.onStartInput():1808 
08-05 21:32:02.884 30832 30843 I art     : Starting a blocking GC Explicit
08-05 21:32:02.904 30832 30843 I art     : Explicit concurrent mark sweep GC freed 5292(332KB) AllocSpace objects, 1(20KB) LOS objects, 23% free, 52MB/68MB, paused 447us total 19.582ms
08-05 21:32:02.911 30832 30843 I art     : Starting a blocking GC Explicit
08-05 21:32:02.929 30832 30843 I art     : Explicit concurrent mark sweep GC freed 217(10KB) AllocSpace objects, 0(0B) LOS objects, 23% free, 52MB/68MB, paused 385us total 17.634ms
08-05 21:32:02.938 30832 30843 I art     : Starting a blocking GC Explicit
08-05 21:32:02.957 30832 30843 I art     : Explicit concurrent mark sweep GC freed 3(96B) AllocSpace objects, 0(0B) LOS objects, 23% free, 52MB/68MB, paused 437us total 18.982ms
08-05 21:32:02.965 30832 30843 I art     : Starting a blocking GC Explicit
08-05 21:32:02.983 30832 30843 I art     : Explicit concurrent mark sweep GC freed 3(96B) AllocSpace objects, 0(0B) LOS objects, 23% free, 52MB/68MB, paused 428us total 18.564ms
08-05 21:32:02.984 30832 30842 I art     : WaitForGcToComplete blocked for 12.284ms for cause HeapTrim
08-05 21:32:02.992 30832 30843 I art     : Starting a blocking GC Explicit
08-05 21:32:03.014 30832 30843 I art     : Explicit concurrent mark sweep GC freed 3(96B) AllocSpace objects, 0(0B) LOS objects, 23% free, 52MB/68MB, paused 397us total 22.165ms
08-05 21:32:03.083   380   380 W SurfaceFlinger: couldn't log to binary event log: overflow.
08-05 21:32:03.275 30832 30862 I art     : Starting a blocking GC Explicit
08-05 21:32:03.294 13866 13882 I PeriodicStatsRunner: PeriodicStatsRunner.call():175 call()
08-05 21:32:03.294 13866 13882 I PeriodicStatsRunner: PeriodicStatsRunner.call():179 No submit PeriodicStats since input started.
08-05 21:32:03.295 30832 30862 I art     : Explicit concurrent mark sweep GC freed 1999(135KB) AllocSpace objects, 1(20KB) LOS objects, 23% free, 52MB/68MB, paused 441us total 20.008ms
08-05 21:32:03.304 30832 30862 I art     : Starting a blocking GC Explicit
08-05 21:32:03.324 30832 30862 I art     : Explicit concurrent mark sweep GC freed 2023(80KB) AllocSpace objects, 2(120KB) LOS objects, 23% free, 52MB/68MB, paused 473us total 20.175ms
08-05 21:32:03.330 30832 32014 D OkHttp  : --> GET https://api-hillfair-2k16.herokuapp.com/api/app/events/special/event?id=58065620dcba0f490c70fe09 http/1.1
08-05 21:32:03.333 30832 30862 I art     : Starting a blocking GC Explicit
08-05 21:32:03.353 30832 30862 I art     : Explicit concurrent mark sweep GC freed 994(119KB) AllocSpace objects, 1(80KB) LOS objects, 23% free, 52MB/68MB, paused 392us total 19.458ms
08-05 21:32:03.360 30832 30862 I art     : Starting a blocking GC Explicit
08-05 21:32:03.378 30832 32014 D OkHttp  : <-- 200 OK https://api-hillfair-2k16.herokuapp.com/api/app/events/special/event?id=58065620dcba0f490c70fe09 (47ms, 682-byte body)
08-05 21:32:03.378 30832 30862 I art     : Explicit concurrent mark sweep GC freed 26(1088B) AllocSpace objects, 0(0B) LOS objects, 23% free, 52MB/68MB, paused 428us total 17.818ms
08-05 21:32:03.386 30832 30862 I art     : Starting a blocking GC Explicit
08-05 21:32:03.405 30832 30862 I art     : Explicit concurrent mark sweep GC freed 214(34KB) AllocSpace objects, 0(0B) LOS objects, 23% free, 52MB/68MB, paused 461us total 18.667ms
08-05 21:32:03.435 30832 30832 I NAPPA_EXPERIMENTATION: MetricNetworkRequestExecutionTime: REQUEST_DURATION_SYSTEM='680',REQUEST_DURATION_OKHTTP='47',REQUEST_SYNCHRONOUS='FALSE',RESPONSE_CODE='200',RESPONSE_METHOD='GET',RESPONSE_LENGTH_OKHTTP='682',RESPONSE_LENGTH_HEADER='682',REQUEST_PROTOCOL='http/1.1',REQUEST_URL='https://api-hillfair-2k16.herokuapp.com/api/app/events/special/event?id=58065620dcba0f490c70fe09',
08-05 21:32:03.677 30832 30844 I art     : Starting a blocking GC Explicit
08-05 21:32:03.699 30832 30844 I art     : Explicit concurrent mark sweep GC freed 1969(142KB) AllocSpace objects, 1(20KB) LOS objects, 23% free, 52MB/68MB, paused 380us total 21.319ms
08-05 21:32:03.708 30832 30844 I art     : Starting a blocking GC Explicit
08-05 21:32:03.728 30832 30844 I art     : Explicit concurrent mark sweep GC freed 63(2112B) AllocSpace objects, 0(0B) LOS objects, 23% free, 52MB/68MB, paused 382us total 19.575ms
08-05 21:32:03.736 30832 30844 I art     : Starting a blocking GC Explicit
08-05 21:32:03.756 30832 30844 I art     : Explicit concurrent mark sweep GC freed 3(96B) AllocSpace objects, 0(0B) LOS objects, 23% free, 52MB/68MB, paused 369us total 19.725ms
08-05 21:32:03.764 30832 30844 I art     : Starting a blocking GC Explicit
08-05 21:32:03.784 30832 30844 I art     : Explicit concurrent mark sweep GC freed 3(96B) AllocSpace objects, 0(0B) LOS objects, 23% free, 52MB/68MB, paused 453us total 19.316ms
08-05 21:32:03.793 30832 30844 I art     : Starting a blocking GC Explicit
08-05 21:32:03.812 30832 30844 I art     : Explicit concurrent mark sweep GC freed 3(96B) AllocSpace objects, 0(0B) LOS objects, 23% free, 52MB/68MB, paused 378us total 19.254ms
08-05 21:32:04.098 30832 30843 I art     : Starting a blocking GC Explicit
08-05 21:32:04.120 30832 30843 I art     : Explicit concurrent mark sweep GC freed 1357(78KB) AllocSpace objects, 1(20KB) LOS objects, 23% free, 52MB/68MB, paused 375us total 21.929ms
08-05 21:32:04.129 30832 30843 I art     : Starting a blocking GC Explicit
08-05 21:32:04.149 30832 30843 I art     : Explicit concurrent mark sweep GC freed 20(704B) AllocSpace objects, 0(0B) LOS objects, 23% free, 52MB/68MB, paused 380us total 19.994ms
08-05 21:32:04.158 30832 30843 I art     : Starting a blocking GC Explicit
08-05 21:32:04.178 30832 30843 I art     : Explicit concurrent mark sweep GC freed 3(96B) AllocSpace objects, 0(0B) LOS objects, 23% free, 52MB/68MB, paused 366us total 19.927ms
08-05 21:32:04.187 30832 30843 I art     : Starting a blocking GC Explicit
08-05 21:32:04.207 30832 30843 I art     : Explicit concurrent mark sweep GC freed 3(96B) AllocSpace objects, 0(0B) LOS objects, 23% free, 52MB/68MB, paused 389us total 20.236ms
08-05 21:32:04.216 30832 30843 I art     : Starting a blocking GC Explicit
08-05 21:32:04.236 30832 30843 I art     : Explicit concurrent mark sweep GC freed 3(96B) AllocSpace objects, 0(0B) LOS objects, 23% free, 52MB/68MB, paused 385us total 19.911ms
08-05 21:32:04.516 30832 30862 I art     : Starting a blocking GC Explicit
08-05 21:32:04.542 30832 30862 I art     : Explicit concurrent mark sweep GC freed 1341(78KB) AllocSpace objects, 1(20KB) LOS objects, 23% free, 52MB/68MB, paused 424us total 25.314ms
08-05 21:32:04.554 30832 30862 I art     : Starting a blocking GC Explicit
08-05 21:32:04.576 30832 30862 I art     : Explicit concurrent mark sweep GC freed 20(704B) AllocSpace objects, 0(0B) LOS objects, 23% free, 52MB/68MB, paused 379us total 22.121ms
08-05 21:32:04.585 30832 30862 I art     : Starting a blocking GC Explicit
08-05 21:32:04.606 30832 30862 I art     : Explicit concurrent mark sweep GC freed 3(96B) AllocSpace objects, 0(0B) LOS objects, 23% free, 52MB/68MB, paused 380us total 20.409ms
08-05 21:32:04.614 30832 30862 I art     : Starting a blocking GC Explicit
08-05 21:32:04.634 30832 30862 I art     : Explicit concurrent mark sweep GC freed 3(96B) AllocSpace objects, 0(0B) LOS objects, 23% free, 52MB/68MB, paused 378us total 19.806ms
08-05 21:32:04.643 30832 30862 I art     : Starting a blocking GC Explicit
08-05 21:32:04.663 30832 30862 I art     : Explicit concurrent mark sweep GC freed 3(96B) AllocSpace objects, 0(0B) LOS objects, 23% free, 52MB/68MB, paused 375us total 19.972ms
08-05 21:32:04.972 30832 31309 I art     : Starting a blocking GC Explicit
08-05 21:32:04.993 30832 31309 I art     : Explicit concurrent mark sweep GC freed 1341(78KB) AllocSpace objects, 1(20KB) LOS objects, 23% free, 52MB/68MB, paused 400us total 20.265ms
08-05 21:32:05.002 30832 31309 I art     : Starting a blocking GC Explicit
08-05 21:32:05.021 30832 31309 I art     : Explicit concurrent mark sweep GC freed 20(704B) AllocSpace objects, 0(0B) LOS objects, 23% free, 52MB/68MB, paused 386us total 19.229ms
08-05 21:32:05.030 30832 31309 I art     : Starting a blocking GC Explicit
08-05 21:32:05.049 30832 31309 I art     : Explicit concurrent mark sweep GC freed 3(96B) AllocSpace objects, 0(0B) LOS objects, 23% free, 52MB/68MB, paused 375us total 18.947ms
08-05 21:32:05.057 30832 31309 I art     : Starting a blocking GC Explicit
08-05 21:32:05.076 30832 31309 I art     : Explicit concurrent mark sweep GC freed 3(96B) AllocSpace objects, 0(0B) LOS objects, 23% free, 52MB/68MB, paused 373us total 19.230ms
08-05 21:32:05.085 30832 31309 I art     : Starting a blocking GC Explicit
08-05 21:32:05.104 30832 31309 I art     : Explicit concurrent mark sweep GC freed 3(96B) AllocSpace objects, 0(0B) LOS objects, 23% free, 52MB/68MB, paused 371us total 19.021ms
08-05 21:32:05.383 32076 32076 D AndroidRuntime: >>>>>> START com.android.internal.os.RuntimeInit uid 2000 <<<<<<
08-05 21:32:05.388 32076 32076 D AndroidRuntime: CheckJNI is OFF
08-05 21:32:05.413 30832 30844 I art     : Starting a blocking GC Explicit
08-05 21:32:05.424 32076 32076 D ICU     : No timezone override file found: /data/misc/zoneinfo/current/icu/icu_tzdata.dat
08-05 21:32:05.434 30832 30844 I art     : Explicit concurrent mark sweep GC freed 1341(78KB) AllocSpace objects, 1(20KB) LOS objects, 23% free, 52MB/68MB, paused 447us total 20.370ms
08-05 21:32:05.443 30832 30844 I art     : Starting a blocking GC Explicit
08-05 21:32:05.459 32076 32076 I Radio-JNI: register_android_hardware_Radio DONE
08-05 21:32:05.462 30832 30844 I art     : Explicit concurrent mark sweep GC freed 20(704B) AllocSpace objects, 0(0B) LOS objects, 23% free, 52MB/68MB, paused 396us total 19.153ms
08-05 21:32:05.470 30832 30844 I art     : Starting a blocking GC Explicit
08-05 21:32:05.481 32076 32076 D AndroidRuntime: Calling main entry com.android.commands.input.Input
08-05 21:32:05.483 32076 32076 I Input   : injectKeyEvent: KeyEvent { action=ACTION_DOWN, keyCode=KEYCODE_BACK, scanCode=0, metaState=0, flags=0x0, repeatCount=0, eventTime=826341896, downTime=826341896, deviceId=-1, source=0x101 }
08-05 21:32:05.489 32076 32076 I Input   : injectKeyEvent: KeyEvent { action=ACTION_UP, keyCode=KEYCODE_BACK, scanCode=0, metaState=0, flags=0x0, repeatCount=0, eventTime=826341896, downTime=826341896, deviceId=-1, source=0x101 }
08-05 21:32:05.489 30832 30844 I art     : Explicit concurrent mark sweep GC freed 3(96B) AllocSpace objects, 0(0B) LOS objects, 23% free, 52MB/68MB, paused 375us total 19.092ms
08-05 21:32:05.495 32076 32076 D AndroidRuntime: Shutting down VM
08-05 21:32:05.498 30832 30844 I art     : Starting a blocking GC Explicit
08-05 21:32:05.517 30832 30844 I art     : Explicit concurrent mark sweep GC freed 144(6KB) AllocSpace objects, 0(0B) LOS objects, 23% free, 52MB/68MB, paused 452us total 18.612ms
08-05 21:32:05.525 30832 30844 I art     : Starting a blocking GC Explicit
08-05 21:32:05.535 13866 13866 I GoogleInputMethodServic: GoogleInputMethodService.onFinishInput():3138 
08-05 21:32:05.536 13866 13866 I GoogleInputMethodServic: GoogleInputMethodService.onStartInput():1808 
08-05 21:32:05.543 30832 30844 I art     : Explicit concurrent mark sweep GC freed 7(384B) AllocSpace objects, 0(0B) LOS objects, 23% free, 52MB/68MB, paused 361us total 17.801ms
08-05 21:32:05.803 30832 30862 I art     : Starting a blocking GC Explicit
08-05 21:32:05.818   380   380 W SurfaceFlinger: couldn't log to binary event log: overflow.
08-05 21:32:05.823 30832 30862 I art     : Explicit concurrent mark sweep GC freed 1456(86KB) AllocSpace objects, 1(20KB) LOS objects, 23% free, 52MB/68MB, paused 380us total 19.476ms
08-05 21:32:05.832 30832 30862 I art     : Starting a blocking GC Explicit
08-05 21:32:05.852 30832 30862 I art     : Explicit concurrent mark sweep GC freed 45(1920B) AllocSpace objects, 0(0B) LOS objects, 23% free, 52MB/68MB, paused 357us total 19.868ms
08-05 21:32:05.860 30832 30862 I art     : Starting a blocking GC Explicit
08-05 21:32:05.878 30832 30862 I art     : Explicit concurrent mark sweep GC freed 1655(106KB) AllocSpace objects, 3(400KB) LOS objects, 23% free, 51MB/67MB, paused 390us total 17.757ms
08-05 21:32:05.885 30832 30862 I art     : Starting a blocking GC Explicit
08-05 21:32:05.904 30832 30862 I art     : Explicit concurrent mark sweep GC freed 3(96B) AllocSpace objects, 0(0B) LOS objects, 23% free, 51MB/67MB, paused 376us total 18.019ms
08-05 21:32:05.912 30832 30862 I art     : Starting a blocking GC Explicit
08-05 21:32:05.931 30832 30862 I art     : Explicit concurrent mark sweep GC freed 3(96B) AllocSpace objects, 0(0B) LOS objects, 23% free, 51MB/67MB, paused 370us total 18.978ms
08-05 21:32:06.012 13866 13882 I PeriodicStatsRunner: PeriodicStatsRunner.call():175 call()
08-05 21:32:06.012 13866 13882 I PeriodicStatsRunner: PeriodicStatsRunner.call():179 No submit PeriodicStats since input started.
08-05 21:32:06.214 30832 31309 I art     : Starting a blocking GC Explicit
08-05 21:32:06.236 30832 31309 I art     : Explicit concurrent mark sweep GC freed 1341(78KB) AllocSpace objects, 1(20KB) LOS objects, 23% free, 51MB/67MB, paused 407us total 22.068ms
08-05 21:32:06.248 30832 31309 I art     : Starting a blocking GC Explicit
08-05 21:32:06.268 30832 31309 I art     : Explicit concurrent mark sweep GC freed 20(704B) AllocSpace objects, 0(0B) LOS objects, 23% free, 51MB/67MB, paused 382us total 19.537ms
08-05 21:32:06.277 30832 31309 I art     : Starting a blocking GC Explicit
08-05 21:32:06.296 30832 31309 I art     : Explicit concurrent mark sweep GC freed 3(96B) AllocSpace objects, 0(0B) LOS objects, 23% free, 51MB/67MB, paused 399us total 19.015ms
08-05 21:32:06.304 30832 31309 I art     : Starting a blocking GC Explicit
08-05 21:32:06.324 30832 31309 I art     : Explicit concurrent mark sweep GC freed 3(96B) AllocSpace objects, 0(0B) LOS objects, 23% free, 51MB/67MB, paused 382us total 19.617ms
08-05 21:32:06.333 30832 31309 I art     : Starting a blocking GC Explicit
08-05 21:32:06.353 30832 31309 I art     : Explicit concurrent mark sweep GC freed 3(96B) AllocSpace objects, 0(0B) LOS objects, 23% free, 51MB/67MB, paused 367us total 19.606ms
08-05 21:32:06.636 30832 30843 I art     : Starting a blocking GC Explicit
08-05 21:32:06.661 30832 30843 I art     : Explicit concurrent mark sweep GC freed 1340(78KB) AllocSpace objects, 1(20KB) LOS objects, 23% free, 51MB/67MB, paused 396us total 24.287ms
08-05 21:32:06.672 30832 30843 I art     : Starting a blocking GC Explicit
08-05 21:32:06.691 30832 30843 I art     : Explicit concurrent mark sweep GC freed 20(704B) AllocSpace objects, 0(0B) LOS objects, 23% free, 51MB/67MB, paused 354us total 19.512ms
08-05 21:32:06.700 30832 30843 I art     : Starting a blocking GC Explicit
08-05 21:32:06.720 30832 30843 I art     : Explicit concurrent mark sweep GC freed 3(96B) AllocSpace objects, 0(0B) LOS objects, 23% free, 51MB/67MB, paused 417us total 19.721ms
08-05 21:32:06.728 30832 30843 I art     : Starting a blocking GC Explicit
08-05 21:32:06.748 30832 30843 I art     : Explicit concurrent mark sweep GC freed 3(96B) AllocSpace objects, 0(0B) LOS objects, 23% free, 51MB/67MB, paused 359us total 19.027ms
08-05 21:32:06.756 30832 30843 I art     : Starting a blocking GC Explicit
08-05 21:32:06.774 30832 30843 I art     : Explicit concurrent mark sweep GC freed 3(96B) AllocSpace objects, 0(0B) LOS objects, 23% free, 51MB/67MB, paused 378us total 18.084ms
08-05 21:32:07.051 30832 30844 I art     : Starting a blocking GC Explicit
08-05 21:32:07.075 30832 30844 I art     : Explicit concurrent mark sweep GC freed 1340(78KB) AllocSpace objects, 1(20KB) LOS objects, 23% free, 51MB/67MB, paused 437us total 24.028ms
08-05 21:32:07.085 30832 30844 I art     : Starting a blocking GC Explicit
08-05 21:32:07.105 30832 30844 I art     : Explicit concurrent mark sweep GC freed 20(704B) AllocSpace objects, 0(0B) LOS objects, 23% free, 51MB/67MB, paused 409us total 19.117ms
08-05 21:32:07.113 30832 30844 I art     : Starting a blocking GC Explicit
08-05 21:32:07.132 30832 30844 I art     : Explicit concurrent mark sweep GC freed 3(96B) AllocSpace objects, 0(0B) LOS objects, 23% free, 51MB/67MB, paused 387us total 18.455ms
08-05 21:32:07.141 30832 30844 I art     : Starting a blocking GC Explicit
08-05 21:32:07.159 30832 30844 I art     : Explicit concurrent mark sweep GC freed 3(96B) AllocSpace objects, 0(0B) LOS objects, 23% free, 51MB/67MB, paused 401us total 18.505ms
08-05 21:32:07.164 32129 32129 D AndroidRuntime: >>>>>> START com.android.internal.os.RuntimeInit uid 2000 <<<<<<
08-05 21:32:07.168 30832 30844 I art     : Starting a blocking GC Explicit
08-05 21:32:07.169 32129 32129 D AndroidRuntime: CheckJNI is OFF
08-05 21:32:07.186 30832 30844 I art     : Explicit concurrent mark sweep GC freed 3(96B) AllocSpace objects, 0(0B) LOS objects, 23% free, 51MB/67MB, paused 391us total 18.525ms
08-05 21:32:07.205 32129 32129 D ICU     : No timezone override file found: /data/misc/zoneinfo/current/icu/icu_tzdata.dat
08-05 21:32:07.237 32129 32129 I Radio-JNI: register_android_hardware_Radio DONE
08-05 21:32:07.259 32129 32129 D AndroidRuntime: Calling main entry com.android.commands.input.Input
08-05 21:32:07.261 32129 32129 I Input   : injectMotionEvent: MotionEvent { action=ACTION_DOWN, actionButton=0, id[0]=0, x[0]=733.0, y[0]=645.0, toolType[0]=TOOL_TYPE_UNKNOWN, buttonState=0, metaState=0, flags=0x0, edgeFlags=0x0, pointerCount=1, historySize=0, eventTime=826343674, downTime=826343674, deviceId=0, source=0x1002 }
08-05 21:32:07.267 32129 32129 I Input   : injectMotionEvent: MotionEvent { action=ACTION_UP, actionButton=0, id[0]=0, x[0]=733.0, y[0]=645.0, toolType[0]=TOOL_TYPE_UNKNOWN, buttonState=0, metaState=0, flags=0x0, edgeFlags=0x0, pointerCount=1, historySize=0, eventTime=826343674, downTime=826343674, deviceId=0, source=0x1002 }
08-05 21:32:07.269   918  5481 I ActivityManager: START u0 {cmp=baseline.appteam.nith.hillffair/.activities.ClubActivity (has extras)} from uid 10675 on display 0
08-05 21:32:07.280 32129 32129 D AndroidRuntime: Shutting down VM
08-05 21:32:07.378   918   936 I ActivityManager: Displayed baseline.appteam.nith.hillffair/.activities.ClubActivity: +97ms
08-05 21:32:07.378 13866 13866 I GoogleInputMethodServic: GoogleInputMethodService.onFinishInput():3138 
08-05 21:32:07.379 13866 13866 I GoogleInputMethodServic: GoogleInputMethodService.onStartInput():1808 
08-05 21:32:07.425 30832 30844 I art     : Starting a blocking GC Explicit
08-05 21:32:07.444 30832 30844 I art     : Explicit concurrent mark sweep GC freed 5287(330KB) AllocSpace objects, 1(20KB) LOS objects, 23% free, 52MB/68MB, paused 394us total 18.893ms
08-05 21:32:07.452 30832 30844 I art     : Starting a blocking GC Explicit
08-05 21:32:07.472 30832 30844 I art     : Explicit concurrent mark sweep GC freed 211(9KB) AllocSpace objects, 0(0B) LOS objects, 23% free, 52MB/68MB, paused 481us total 19.425ms
08-05 21:32:07.481 30832 30844 I art     : Starting a blocking GC Explicit
08-05 21:32:07.501 30832 30844 I art     : Explicit concurrent mark sweep GC freed 3(96B) AllocSpace objects, 0(0B) LOS objects, 23% free, 52MB/68MB, paused 450us total 19.944ms
08-05 21:32:07.511 30832 30844 I art     : Starting a blocking GC Explicit
08-05 21:32:07.535 30832 30844 I art     : Explicit concurrent mark sweep GC freed 3(96B) AllocSpace objects, 0(0B) LOS objects, 23% free, 52MB/68MB, paused 441us total 23.920ms
08-05 21:32:07.546 30832 30844 I art     : Starting a blocking GC Explicit
08-05 21:32:07.567 30832 30844 I art     : Explicit concurrent mark sweep GC freed 3(96B) AllocSpace objects, 0(0B) LOS objects, 23% free, 52MB/68MB, paused 457us total 21.064ms
08-05 21:32:07.621   380   380 W SurfaceFlinger: couldn't log to binary event log: overflow.
08-05 21:32:07.825 30832 30862 I art     : Starting a blocking GC Explicit
08-05 21:32:07.838 30832 32152 D OkHttp  : --> GET https://api-hillfair-2k16.herokuapp.com/api/app/events/special/event?id=5806551bdcba0f490c70fd1f http/1.1
08-05 21:32:07.842 13866 13882 I PeriodicStatsRunner: PeriodicStatsRunner.call():175 call()
08-05 21:32:07.842 13866 13882 I PeriodicStatsRunner: PeriodicStatsRunner.call():179 No submit PeriodicStats since input started.
08-05 21:32:07.860 30832 30862 I art     : Explicit concurrent mark sweep GC freed 3993(216KB) AllocSpace objects, 4(220KB) LOS objects, 23% free, 52MB/68MB, paused 1.069ms total 34.555ms
08-05 21:32:07.871 30832 30862 I art     : Starting a blocking GC Explicit
08-05 21:32:07.876 30832 32152 D OkHttp  : <-- 200 OK https://api-hillfair-2k16.herokuapp.com/api/app/events/special/event?id=5806551bdcba0f490c70fd1f (37ms, 795-byte body)
08-05 21:32:07.891 30832 30862 I art     : Explicit concurrent mark sweep GC freed 1169(150KB) AllocSpace objects, 0(0B) LOS objects, 23% free, 52MB/68MB, paused 427us total 19.917ms
08-05 21:32:07.900 30832 30862 I art     : Starting a blocking GC Explicit
08-05 21:32:07.918 30832 30862 I art     : Explicit concurrent mark sweep GC freed 156(6KB) AllocSpace objects, 0(0B) LOS objects, 23% free, 52MB/68MB, paused 387us total 18.018ms
08-05 21:32:07.923 30832 30832 I NAPPA_EXPERIMENTATION: MetricNetworkRequestExecutionTime: REQUEST_DURATION_SYSTEM='618',REQUEST_DURATION_OKHTTP='37',REQUEST_SYNCHRONOUS='FALSE',RESPONSE_CODE='200',RESPONSE_METHOD='GET',RESPONSE_LENGTH_OKHTTP='795',RESPONSE_LENGTH_HEADER='795',REQUEST_PROTOCOL='http/1.1',REQUEST_URL='https://api-hillfair-2k16.herokuapp.com/api/app/events/special/event?id=5806551bdcba0f490c70fd1f',
08-05 21:32:07.926 30832 30862 I art     : Starting a blocking GC Explicit
08-05 21:32:07.946 30832 30862 I art     : Explicit concurrent mark sweep GC freed 526(61KB) AllocSpace objects, 0(0B) LOS objects, 23% free, 52MB/68MB, paused 413us total 19.329ms
08-05 21:32:07.954 30832 30862 I art     : Starting a blocking GC Explicit
08-05 21:32:07.974 30832 30862 I art     : Explicit concurrent mark sweep GC freed 62(1984B) AllocSpace objects, 0(0B) LOS objects, 23% free, 52MB/68MB, paused 378us total 19.517ms
08-05 21:32:08.257 30832 30843 I art     : Starting a blocking GC Explicit
08-05 21:32:08.278 30832 30843 I art     : Explicit concurrent mark sweep GC freed 1344(78KB) AllocSpace objects, 1(20KB) LOS objects, 23% free, 52MB/68MB, paused 392us total 21.015ms
08-05 21:32:08.287 30832 30843 I art     : Starting a blocking GC Explicit
08-05 21:32:08.307 30832 30843 I art     : Explicit concurrent mark sweep GC freed 20(704B) AllocSpace objects, 0(0B) LOS objects, 23% free, 52MB/68MB, paused 475us total 19.752ms
08-05 21:32:08.315 30832 30843 I art     : Starting a blocking GC Explicit
08-05 21:32:08.335 30832 30843 I art     : Explicit concurrent mark sweep GC freed 19(656B) AllocSpace objects, 0(0B) LOS objects, 23% free, 52MB/68MB, paused 388us total 19.476ms
08-05 21:32:08.343 30832 30843 I art     : Starting a blocking GC Explicit
08-05 21:32:08.363 30832 30843 I art     : Explicit concurrent mark sweep GC freed 3(96B) AllocSpace objects, 0(0B) LOS objects, 23% free, 52MB/68MB, paused 371us total 19.846ms
08-05 21:32:08.372 30832 30843 I art     : Starting a blocking GC Explicit
08-05 21:32:08.392 30832 30843 I art     : Explicit concurrent mark sweep GC freed 3(96B) AllocSpace objects, 0(0B) LOS objects, 23% free, 52MB/68MB, paused 396us total 20.180ms
08-05 21:32:08.567   518   646 I ThermalEngine: ACTION: GPU - Setting GPU[0] to 450000000
08-05 21:32:08.685 30832 30844 I art     : Starting a blocking GC Explicit
08-05 21:32:08.716 30832 30844 I art     : Explicit concurrent mark sweep GC freed 1341(78KB) AllocSpace objects, 1(20KB) LOS objects, 23% free, 52MB/68MB, paused 572us total 30.616ms
08-05 21:32:08.731 30832 30844 I art     : Starting a blocking GC Explicit
08-05 21:32:08.756 30832 30844 I art     : Explicit concurrent mark sweep GC freed 20(704B) AllocSpace objects, 0(0B) LOS objects, 23% free, 52MB/68MB, paused 555us total 24.873ms
08-05 21:32:08.767 30832 30844 I art     : Starting a blocking GC Explicit
08-05 21:32:08.792 30832 30844 I art     : Explicit concurrent mark sweep GC freed 3(96B) AllocSpace objects, 0(0B) LOS objects, 23% free, 52MB/68MB, paused 530us total 25.615ms
08-05 21:32:08.803 30832 30844 I art     : Starting a blocking GC Explicit
08-05 21:32:08.829 30832 30844 I art     : Explicit concurrent mark sweep GC freed 3(96B) AllocSpace objects, 0(0B) LOS objects, 23% free, 52MB/68MB, paused 579us total 25.629ms
08-05 21:32:08.840 30832 30844 I art     : Starting a blocking GC Explicit
08-05 21:32:08.866 30832 30844 I art     : Explicit concurrent mark sweep GC freed 3(96B) AllocSpace objects, 0(0B) LOS objects, 23% free, 52MB/68MB, paused 549us total 25.805ms
08-05 21:32:09.190 30832 30862 I art     : Starting a blocking GC Explicit
08-05 21:32:09.224 30832 30862 I art     : Explicit concurrent mark sweep GC freed 1341(78KB) AllocSpace objects, 1(20KB) LOS objects, 23% free, 52MB/68MB, paused 575us total 33.329ms
08-05 21:32:09.238 30832 30862 I art     : Starting a blocking GC Explicit
08-05 21:32:09.269 30832 30862 I art     : Explicit concurrent mark sweep GC freed 20(704B) AllocSpace objects, 0(0B) LOS objects, 23% free, 52MB/68MB, paused 561us total 29.958ms
08-05 21:32:09.280 30832 30862 I art     : Starting a blocking GC Explicit
08-05 21:32:09.308 30832 30862 I art     : Explicit concurrent mark sweep GC freed 3(96B) AllocSpace objects, 0(0B) LOS objects, 23% free, 52MB/68MB, paused 563us total 28.261ms
08-05 21:32:09.319 30832 30862 I art     : Starting a blocking GC Explicit
08-05 21:32:09.345 30832 30862 I art     : Explicit concurrent mark sweep GC freed 3(96B) AllocSpace objects, 0(0B) LOS objects, 23% free, 52MB/68MB, paused 507us total 25.638ms
08-05 21:32:09.356 30832 30862 I art     : Starting a blocking GC Explicit
08-05 21:32:09.384 30832 30862 I art     : Explicit concurrent mark sweep GC freed 3(96B) AllocSpace objects, 0(0B) LOS objects, 23% free, 52MB/68MB, paused 549us total 27.429ms
08-05 21:32:09.719 30832 31309 I art     : Starting a blocking GC Explicit
08-05 21:32:09.754 30832 31309 I art     : Explicit concurrent mark sweep GC freed 1341(78KB) AllocSpace objects, 1(20KB) LOS objects, 23% free, 52MB/68MB, paused 565us total 34.718ms
08-05 21:32:09.768 30832 31309 I art     : Starting a blocking GC Explicit
08-05 21:32:09.796 30832 31309 I art     : Explicit concurrent mark sweep GC freed 20(704B) AllocSpace objects, 0(0B) LOS objects, 23% free, 52MB/68MB, paused 536us total 27.570ms
08-05 21:32:09.807 30832 31309 I art     : Starting a blocking GC Explicit
08-05 21:32:09.834 30832 31309 I art     : Explicit concurrent mark sweep GC freed 3(96B) AllocSpace objects, 0(0B) LOS objects, 23% free, 52MB/68MB, paused 582us total 26.663ms
08-05 21:32:09.845 30832 31309 I art     : Starting a blocking GC Explicit
08-05 21:32:09.874 30832 31309 I art     : Explicit concurrent mark sweep GC freed 3(96B) AllocSpace objects, 0(0B) LOS objects, 23% free, 52MB/68MB, paused 532us total 28.212ms
08-05 21:32:09.885 30832 31309 I art     : Starting a blocking GC Explicit
08-05 21:32:09.913 30832 31309 I art     : Explicit concurrent mark sweep GC freed 3(96B) AllocSpace objects, 0(0B) LOS objects, 23% free, 52MB/68MB, paused 538us total 27.730ms
08-05 21:32:10.250 30832 30843 I art     : Starting a blocking GC Explicit
08-05 21:32:10.285 30832 30843 I art     : Explicit concurrent mark sweep GC freed 1341(78KB) AllocSpace objects, 1(20KB) LOS objects, 23% free, 52MB/68MB, paused 589us total 34.962ms
08-05 21:32:10.301 30832 30843 I art     : Starting a blocking GC Explicit
08-05 21:32:10.330 30832 30843 I art     : Explicit concurrent mark sweep GC freed 20(704B) AllocSpace objects, 0(0B) LOS objects, 23% free, 52MB/68MB, paused 504us total 28.030ms
08-05 21:32:10.341 30832 30843 I art     : Starting a blocking GC Explicit
08-05 21:32:10.370 30832 30843 I art     : Explicit concurrent mark sweep GC freed 3(96B) AllocSpace objects, 0(0B) LOS objects, 23% free, 52MB/68MB, paused 533us total 28.421ms
08-05 21:32:10.381 30832 30843 I art     : Starting a blocking GC Explicit
08-05 21:32:10.409 30832 30843 I art     : Explicit concurrent mark sweep GC freed 3(96B) AllocSpace objects, 0(0B) LOS objects, 23% free, 52MB/68MB, paused 539us total 27.944ms
08-05 21:32:10.420 30832 30843 I art     : Starting a blocking GC Explicit
08-05 21:32:10.448 30832 30843 I art     : Explicit concurrent mark sweep GC freed 3(96B) AllocSpace objects, 0(0B) LOS objects, 23% free, 52MB/68MB, paused 571us total 26.972ms
08-05 21:32:10.537 13866 13882 I PeriodicStatsRunner: PeriodicStatsRunner.call():175 call()
08-05 21:32:10.537 13866 13882 I PeriodicStatsRunner: PeriodicStatsRunner.call():179 No submit PeriodicStats since input started.
08-05 21:32:10.571   518   646 I ThermalEngine: ACTION: GPU - Setting GPU[0] to 510000000
08-05 21:32:10.779 30832 30844 I art     : Starting a blocking GC Explicit
08-05 21:32:10.808 30832 30844 I art     : Explicit concurrent mark sweep GC freed 1341(78KB) AllocSpace objects, 1(20KB) LOS objects, 23% free, 52MB/68MB, paused 515us total 28.564ms
08-05 21:32:10.822 30832 30844 I art     : Starting a blocking GC Explicit
08-05 21:32:10.843 30832 30844 I art     : Explicit concurrent mark sweep GC freed 20(704B) AllocSpace objects, 0(0B) LOS objects, 23% free, 52MB/68MB, paused 413us total 20.849ms
08-05 21:32:10.852 30832 30844 I art     : Starting a blocking GC Explicit
08-05 21:32:10.873 30832 30844 I art     : Explicit concurrent mark sweep GC freed 3(96B) AllocSpace objects, 0(0B) LOS objects, 23% free, 52MB/68MB, paused 402us total 20.304ms
08-05 21:32:10.881 30832 30844 I art     : Starting a blocking GC Explicit
08-05 21:32:10.902 30832 30844 I art     : Explicit concurrent mark sweep GC freed 3(96B) AllocSpace objects, 0(0B) LOS objects, 23% free, 52MB/68MB, paused 398us total 20.266ms
08-05 21:32:10.910 30832 30844 I art     : Starting a blocking GC Explicit
08-05 21:32:10.931 30832 30844 I art     : Explicit concurrent mark sweep GC freed 3(96B) AllocSpace objects, 0(0B) LOS objects, 23% free, 52MB/68MB, paused 405us total 20.501ms
08-05 21:32:11.240 30832 30862 I art     : Starting a blocking GC Explicit
08-05 21:32:11.262 30832 30862 I art     : Explicit concurrent mark sweep GC freed 1341(78KB) AllocSpace objects, 1(20KB) LOS objects, 23% free, 52MB/68MB, paused 457us total 22.368ms
08-05 21:32:11.274 30832 30862 I art     : Starting a blocking GC Explicit
08-05 21:32:11.295 30832 30862 I art     : Explicit concurrent mark sweep GC freed 20(704B) AllocSpace objects, 0(0B) LOS objects, 23% free, 52MB/68MB, paused 383us total 20.366ms
08-05 21:32:11.303 30832 30862 I art     : Starting a blocking GC Explicit
08-05 21:32:11.324 30832 30862 I art     : Explicit concurrent mark sweep GC freed 3(96B) AllocSpace objects, 0(0B) LOS objects, 23% free, 52MB/68MB, paused 401us total 20.037ms
08-05 21:32:11.332 30832 30862 I art     : Starting a blocking GC Explicit
08-05 21:32:11.354 30832 30862 I art     : Explicit concurrent mark sweep GC freed 3(96B) AllocSpace objects, 0(0B) LOS objects, 23% free, 52MB/68MB, paused 414us total 21.069ms
08-05 21:32:11.362 30832 30862 I art     : Starting a blocking GC Explicit
08-05 21:32:11.383 30832 30862 I art     : Explicit concurrent mark sweep GC freed 3(96B) AllocSpace objects, 0(0B) LOS objects, 23% free, 52MB/68MB, paused 404us total 20.779ms
08-05 21:32:11.509   918  3261 D WifiStateMachine: starting scan for "H369AA63323"WPA_PSK with 2412,5180
08-05 21:32:11.658 30832 31309 I art     : Starting a blocking GC Explicit
08-05 21:32:11.678 30832 31309 I art     : Explicit concurrent mark sweep GC freed 1341(78KB) AllocSpace objects, 1(20KB) LOS objects, 23% free, 52MB/68MB, paused 415us total 20.182ms
08-05 21:32:11.687 30832 31309 I art     : Starting a blocking GC Explicit
08-05 21:32:11.707 30832 31309 I art     : Explicit concurrent mark sweep GC freed 20(704B) AllocSpace objects, 0(0B) LOS objects, 23% free, 52MB/68MB, paused 425us total 20.092ms
08-05 21:32:11.716 30832 31309 I art     : Starting a blocking GC Explicit
08-05 21:32:11.736 30832 31309 I art     : Explicit concurrent mark sweep GC freed 3(96B) AllocSpace objects, 0(0B) LOS objects, 23% free, 52MB/68MB, paused 393us total 19.600ms
08-05 21:32:11.744 30832 31309 I art     : Starting a blocking GC Explicit
08-05 21:32:11.764 30832 31309 I art     : Explicit concurrent mark sweep GC freed 3(96B) AllocSpace objects, 0(0B) LOS objects, 23% free, 52MB/68MB, paused 391us total 19.641ms
08-05 21:32:11.772 30832 31309 I art     : Starting a blocking GC Explicit
08-05 21:32:11.792 30832 31309 I art     : Explicit concurrent mark sweep GC freed 3(96B) AllocSpace objects, 0(0B) LOS objects, 23% free, 52MB/68MB, paused 395us total 19.335ms
08-05 21:32:11.960 32246 32246 D AndroidRuntime: >>>>>> START com.android.internal.os.RuntimeInit uid 2000 <<<<<<
08-05 21:32:11.965 32246 32246 D AndroidRuntime: CheckJNI is OFF
08-05 21:32:11.997 32246 32246 D ICU     : No timezone override file found: /data/misc/zoneinfo/current/icu/icu_tzdata.dat
08-05 21:32:12.029 32246 32246 I Radio-JNI: register_android_hardware_Radio DONE
08-05 21:32:12.051 32246 32246 D AndroidRuntime: Calling main entry com.android.commands.input.Input
08-05 21:32:12.052 32246 32246 I Input   : injectKeyEvent: KeyEvent { action=ACTION_DOWN, keyCode=KEYCODE_BACK, scanCode=0, metaState=0, flags=0x0, repeatCount=0, eventTime=826348465, downTime=826348465, deviceId=-1, source=0x101 }
08-05 21:32:12.057 32246 32246 I Input   : injectKeyEvent: KeyEvent { action=ACTION_UP, keyCode=KEYCODE_BACK, scanCode=0, metaState=0, flags=0x0, repeatCount=0, eventTime=826348465, downTime=826348465, deviceId=-1, source=0x101 }
08-05 21:32:12.062 32246 32246 D AndroidRuntime: Shutting down VM
08-05 21:32:12.082 30832 31309 I art     : Starting a blocking GC Explicit
08-05 21:32:12.102 30832 31309 I art     : Explicit concurrent mark sweep GC freed 1482(84KB) AllocSpace objects, 1(20KB) LOS objects, 23% free, 52MB/68MB, paused 385us total 19.594ms
08-05 21:32:12.104 13866 13866 I GoogleInputMethodServic: GoogleInputMethodService.onFinishInput():3138 
08-05 21:32:12.105 13866 13866 I GoogleInputMethodServic: GoogleInputMethodService.onStartInput():1808 
08-05 21:32:12.111 30832 31309 I art     : Starting a blocking GC Explicit
08-05 21:32:12.131 30832 31309 I art     : Explicit concurrent mark sweep GC freed 48(1760B) AllocSpace objects, 0(0B) LOS objects, 23% free, 52MB/68MB, paused 355us total 19.464ms
08-05 21:32:12.139 30832 31309 I art     : Starting a blocking GC Explicit
08-05 21:32:12.158 30832 31309 I art     : Explicit concurrent mark sweep GC freed 9(336B) AllocSpace objects, 0(0B) LOS objects, 23% free, 52MB/68MB, paused 387us total 19.067ms
08-05 21:32:12.166 30832 31309 I art     : Starting a blocking GC Explicit
08-05 21:32:12.183 30832 31309 I art     : Explicit concurrent mark sweep GC freed 4(144B) AllocSpace objects, 0(0B) LOS objects, 23% free, 52MB/68MB, paused 383us total 17.300ms
08-05 21:32:12.191 30832 31309 I art     : Starting a blocking GC Explicit
08-05 21:32:12.209 30832 31309 I art     : Explicit concurrent mark sweep GC freed 3(96B) AllocSpace objects, 0(0B) LOS objects, 23% free, 52MB/68MB, paused 344us total 17.577ms
08-05 21:32:12.381 13866 13882 I PeriodicStatsRunner: PeriodicStatsRunner.call():175 call()
08-05 21:32:12.382 13866 13882 I PeriodicStatsRunner: PeriodicStatsRunner.call():179 No submit PeriodicStats since input started.
08-05 21:32:12.409   380   380 W SurfaceFlinger: couldn't log to binary event log: overflow.
08-05 21:32:12.475 30832 30844 I art     : Starting a blocking GC Explicit
08-05 21:32:12.496 30832 30844 I art     : Explicit concurrent mark sweep GC freed 1450(87KB) AllocSpace objects, 1(20KB) LOS objects, 23% free, 52MB/68MB, paused 397us total 20.890ms
08-05 21:32:12.504 30832 30844 I art     : Starting a blocking GC Explicit
08-05 21:32:12.524 30832 30844 I art     : Explicit concurrent mark sweep GC freed 1672(107KB) AllocSpace objects, 3(400KB) LOS objects, 23% free, 52MB/68MB, paused 378us total 19.911ms
08-05 21:32:12.533 30832 30844 I art     : Starting a blocking GC Explicit
08-05 21:32:12.553 30832 30844 I art     : Explicit concurrent mark sweep GC freed 3(96B) AllocSpace objects, 0(0B) LOS objects, 23% free, 52MB/68MB, paused 420us total 20.272ms
08-05 21:32:12.562 30832 30844 I art     : Starting a blocking GC Explicit
08-05 21:32:12.582 30832 30844 I art     : Explicit concurrent mark sweep GC freed 3(96B) AllocSpace objects, 0(0B) LOS objects, 23% free, 52MB/68MB, paused 423us total 19.658ms
08-05 21:32:12.590 30832 30844 I art     : Starting a blocking GC Explicit
08-05 21:32:12.610 30832 30844 I art     : Explicit concurrent mark sweep GC freed 3(96B) AllocSpace objects, 0(0B) LOS objects, 23% free, 52MB/68MB, paused 403us total 19.776ms
08-05 21:32:12.906 30832 30843 I art     : Starting a blocking GC Explicit
08-05 21:32:12.932 30832 30843 I art     : Explicit concurrent mark sweep GC freed 3491(169KB) AllocSpace objects, 1(20KB) LOS objects, 23% free, 52MB/68MB, paused 514us total 26.344ms
08-05 21:32:12.943 30832 30843 I art     : Starting a blocking GC Explicit
08-05 21:32:12.964 30832 30843 I art     : Explicit concurrent mark sweep GC freed 96(3KB) AllocSpace objects, 0(0B) LOS objects, 23% free, 52MB/68MB, paused 445us total 20.290ms
08-05 21:32:12.966 30832 32290 W OneSignal: OneSignalRestClient: POST Error thrown from network stack. 
08-05 21:32:12.966 30832 32290 W OneSignal: java.io.IOException: unexpected end of stream on Connection{api.onesignal.com:443, proxy=HTTP@192.168.2.12:8080 hostAddress=192.168.2.12 cipherSuite=TLS_ECDHE_RSA_WITH_AES_128_GCM_SHA256 protocol=http/1.1} (recycle count=0)
08-05 21:32:12.966 30832 32290 W OneSignal: 	at com.android.okhttp.internal.http.HttpConnection.readResponse(HttpConnection.java:210)
08-05 21:32:12.966 30832 32290 W OneSignal: 	at com.android.okhttp.internal.http.HttpTransport.readResponseHeaders(HttpTransport.java:80)
08-05 21:32:12.966 30832 32290 W OneSignal: 	at com.android.okhttp.internal.http.HttpEngine.readNetworkResponse(HttpEngine.java:904)
08-05 21:32:12.966 30832 32290 W OneSignal: 	at com.android.okhttp.internal.http.HttpEngine.readResponse(HttpEngine.java:788)
08-05 21:32:12.966 30832 32290 W OneSignal: 	at com.android.okhttp.internal.huc.HttpURLConnectionImpl.execute(HttpURLConnectionImpl.java:439)
08-05 21:32:12.966 30832 32290 W OneSignal: 	at com.android.okhttp.internal.huc.HttpURLConnectionImpl.getResponse(HttpURLConnectionImpl.java:384)
08-05 21:32:12.966 30832 32290 W OneSignal: 	at com.android.okhttp.internal.huc.HttpURLConnectionImpl.getResponseCode(HttpURLConnectionImpl.java:497)
08-05 21:32:12.966 30832 32290 W OneSignal: 	at com.android.okhttp.internal.huc.DelegatingHttpsURLConnection.getResponseCode(DelegatingHttpsURLConnection.java:105)
08-05 21:32:12.966 30832 32290 W OneSignal: 	at com.android.okhttp.internal.huc.HttpsURLConnectionImpl.getResponseCode(HttpsURLConnectionImpl.java)
08-05 21:32:12.966 30832 32290 W OneSignal: 	at com.onesignal.OneSignalRestClient.startHTTPConnection(OneSignalRestClient.java:180)
08-05 21:32:12.966 30832 32290 W OneSignal: 	at com.onesignal.OneSignalRestClient.access$100(OneSignalRestClient.java:44)
08-05 21:32:12.966 30832 32290 W OneSignal: 	at com.onesignal.OneSignalRestClient$4.run(OneSignalRestClient.java:110)
08-05 21:32:12.966 30832 32290 W OneSignal: 	at java.lang.Thread.run(Thread.java:818)
08-05 21:32:12.966 30832 32290 W OneSignal: Caused by: java.io.EOFException: \n not found: size=0 content=...
08-05 21:32:12.966 30832 32290 W OneSignal: 	at com.android.okhttp.okio.RealBufferedSource.readUtf8LineStrict(RealBufferedSource.java:200)
08-05 21:32:12.966 30832 32290 W OneSignal: 	at com.android.okhttp.internal.http.HttpConnection.readResponse(HttpConnection.java:191)
08-05 21:32:12.966 30832 32290 W OneSignal: 	... 12 more
08-05 21:32:12.967 30832 32301 W OneSignal: Failed last request. statusCode: -1
08-05 21:32:12.967 30832 32301 W OneSignal: response: null
08-05 21:32:12.972 30832 30843 I art     : Starting a blocking GC Explicit
08-05 21:32:12.992 30832 30843 I art     : Explicit concurrent mark sweep GC freed 376(71KB) AllocSpace objects, 0(0B) LOS objects, 23% free, 52MB/68MB, paused 386us total 19.806ms
08-05 21:32:13.001 30832 30843 I art     : Starting a blocking GC Explicit
08-05 21:32:13.020 30832 30843 I art     : Explicit concurrent mark sweep GC freed 7(288B) AllocSpace objects, 0(0B) LOS objects, 23% free, 52MB/68MB, paused 393us total 19.317ms
08-05 21:32:13.029 30832 30843 I art     : Starting a blocking GC Explicit
08-05 21:32:13.049 30832 30843 I art     : Explicit concurrent mark sweep GC freed 3(96B) AllocSpace objects, 0(0B) LOS objects, 23% free, 52MB/68MB, paused 441us total 19.669ms
08-05 21:32:13.335 30832 30862 I art     : Starting a blocking GC Explicit
08-05 21:32:13.355 30832 30862 I art     : Explicit concurrent mark sweep GC freed 1340(78KB) AllocSpace objects, 1(20KB) LOS objects, 23% free, 52MB/68MB, paused 410us total 20.037ms
08-05 21:32:13.364 30832 30862 I art     : Starting a blocking GC Explicit
08-05 21:32:13.383 30832 30862 I art     : Explicit concurrent mark sweep GC freed 20(704B) AllocSpace objects, 0(0B) LOS objects, 23% free, 52MB/68MB, paused 396us total 18.917ms
08-05 21:32:13.391 30832 30862 I art     : Starting a blocking GC Explicit
08-05 21:32:13.410 30832 30862 I art     : Explicit concurrent mark sweep GC freed 3(96B) AllocSpace objects, 0(0B) LOS objects, 23% free, 52MB/68MB, paused 394us total 18.608ms
08-05 21:32:13.418 30832 30862 I art     : Starting a blocking GC Explicit
08-05 21:32:13.436 30832 30862 I art     : Explicit concurrent mark sweep GC freed 3(96B) AllocSpace objects, 0(0B) LOS objects, 23% free, 52MB/68MB, paused 397us total 18.521ms
08-05 21:32:13.445 30832 30862 I art     : Starting a blocking GC Explicit
08-05 21:32:13.463 30832 30862 I art     : Explicit concurrent mark sweep GC freed 3(96B) AllocSpace objects, 0(0B) LOS objects, 23% free, 52MB/68MB, paused 413us total 18.356ms
08-05 21:32:13.713 32312 32312 D AndroidRuntime: >>>>>> START com.android.internal.os.RuntimeInit uid 2000 <<<<<<
08-05 21:32:13.718 32312 32312 D AndroidRuntime: CheckJNI is OFF
08-05 21:32:13.725 30832 31309 I art     : Starting a blocking GC Explicit
08-05 21:32:13.745 30832 31309 I art     : Explicit concurrent mark sweep GC freed 1340(78KB) AllocSpace objects, 1(20KB) LOS objects, 23% free, 52MB/68MB, paused 415us total 19.227ms
08-05 21:32:13.753 30832 31309 I art     : Starting a blocking GC Explicit
08-05 21:32:13.755 32312 32312 D ICU     : No timezone override file found: /data/misc/zoneinfo/current/icu/icu_tzdata.dat
08-05 21:32:13.773 30832 31309 I art     : Explicit concurrent mark sweep GC freed 20(704B) AllocSpace objects, 0(0B) LOS objects, 23% free, 52MB/68MB, paused 446us total 19.896ms
08-05 21:32:13.782 30832 31309 I art     : Starting a blocking GC Explicit
08-05 21:32:13.789 32312 32312 I Radio-JNI: register_android_hardware_Radio DONE
08-05 21:32:13.801 30832 31309 I art     : Explicit concurrent mark sweep GC freed 3(96B) AllocSpace objects, 0(0B) LOS objects, 23% free, 52MB/68MB, paused 392us total 18.455ms
08-05 21:32:13.809 30832 31309 I art     : Starting a blocking GC Explicit
08-05 21:32:13.811 32312 32312 D AndroidRuntime: Calling main entry com.android.commands.input.Input
08-05 21:32:13.813 32312 32312 I Input   : injectKeyEvent: KeyEvent { action=ACTION_DOWN, keyCode=KEYCODE_BACK, scanCode=0, metaState=0, flags=0x0, repeatCount=0, eventTime=826350226, downTime=826350226, deviceId=-1, source=0x101 }
08-05 21:32:13.819 32312 32312 I Input   : injectKeyEvent: KeyEvent { action=ACTION_UP, keyCode=KEYCODE_BACK, scanCode=0, metaState=0, flags=0x0, repeatCount=0, eventTime=826350226, downTime=826350226, deviceId=-1, source=0x101 }
08-05 21:32:13.825 32312 32312 D AndroidRuntime: Shutting down VM
08-05 21:32:13.828 30832 31309 I art     : Explicit concurrent mark sweep GC freed 26(896B) AllocSpace objects, 0(0B) LOS objects, 23% free, 52MB/68MB, paused 908us total 18.701ms
08-05 21:32:13.835 30832 31309 I art     : Starting a blocking GC Explicit
08-05 21:32:13.853 30832 31309 I art     : Explicit concurrent mark sweep GC freed 127(6KB) AllocSpace objects, 0(0B) LOS objects, 23% free, 52MB/68MB, paused 370us total 17.273ms
08-05 21:32:13.868 13866 13866 I GoogleInputMethodServic: GoogleInputMethodService.onFinishInput():3138 
08-05 21:32:13.868 13866 13866 I GoogleInputMethodServic: GoogleInputMethodService.onStartInput():1808 
08-05 21:32:14.122 30832 30862 I art     : Starting a blocking GC Explicit
08-05 21:32:14.145 30832 30862 I art     : Explicit concurrent mark sweep GC freed 1403(80KB) AllocSpace objects, 1(20KB) LOS objects, 23% free, 52MB/68MB, paused 390us total 23.116ms
08-05 21:32:14.154 30832 30862 I art     : Starting a blocking GC Explicit
08-05 21:32:14.171 30832 30862 I art     : Explicit concurrent mark sweep GC freed 566(28KB) AllocSpace objects, 0(0B) LOS objects, 23% free, 52MB/68MB, paused 367us total 16.704ms
08-05 21:32:14.179 30832 30862 I art     : Starting a blocking GC Explicit
08-05 21:32:14.197 30832 30862 I art     : Explicit concurrent mark sweep GC freed 525(24KB) AllocSpace objects, 0(0B) LOS objects, 23% free, 52MB/68MB, paused 383us total 17.226ms
08-05 21:32:14.205 30832 30862 I art     : Starting a blocking GC Explicit
08-05 21:32:14.222 30832 30862 I art     : Explicit concurrent mark sweep GC freed 2083(127KB) AllocSpace objects, 2(140KB) LOS objects, 23% free, 51MB/67MB, paused 382us total 17.267ms
08-05 21:32:14.230 30832 30862 I art     : Starting a blocking GC Explicit
08-05 21:32:14.248 30832 30862 I art     : Explicit concurrent mark sweep GC freed 3(96B) AllocSpace objects, 0(0B) LOS objects, 23% free, 51MB/67MB, paused 566us total 17.482ms
08-05 21:32:14.529 30832 30844 I art     : Starting a blocking GC Explicit
08-05 21:32:14.553 30832 30844 I art     : Explicit concurrent mark sweep GC freed 1340(78KB) AllocSpace objects, 1(20KB) LOS objects, 23% free, 51MB/67MB, paused 453us total 23.486ms
08-05 21:32:14.566 30832 30844 I art     : Starting a blocking GC Explicit
08-05 21:32:14.585 30832 30844 I art     : Explicit concurrent mark sweep GC freed 20(704B) AllocSpace objects, 0(0B) LOS objects, 23% free, 51MB/67MB, paused 410us total 18.418ms
08-05 21:32:14.593 30832 30844 I art     : Starting a blocking GC Explicit
08-05 21:32:14.612 30832 30844 I art     : Explicit concurrent mark sweep GC freed 3(96B) AllocSpace objects, 0(0B) LOS objects, 23% free, 51MB/67MB, paused 424us total 19.363ms
08-05 21:32:14.621 30832 30844 I art     : Starting a blocking GC Explicit
08-05 21:32:14.640 30832 30844 I art     : Explicit concurrent mark sweep GC freed 3(96B) AllocSpace objects, 0(0B) LOS objects, 23% free, 51MB/67MB, paused 405us total 19.170ms
08-05 21:32:14.649 30832 30844 I art     : Starting a blocking GC Explicit
08-05 21:32:14.668 30832 30844 I art     : Explicit concurrent mark sweep GC freed 3(96B) AllocSpace objects, 0(0B) LOS objects, 23% free, 51MB/67MB, paused 414us total 19.136ms
08-05 21:32:14.949 30832 31309 I art     : Starting a blocking GC Explicit
08-05 21:32:14.974 30832 31309 I art     : Explicit concurrent mark sweep GC freed 1338(78KB) AllocSpace objects, 1(20KB) LOS objects, 23% free, 51MB/67MB, paused 432us total 23.919ms
08-05 21:32:14.985 30832 31309 I art     : Starting a blocking GC Explicit
08-05 21:32:15.008 30832 31309 I art     : Explicit concurrent mark sweep GC freed 20(704B) AllocSpace objects, 0(0B) LOS objects, 23% free, 51MB/67MB, paused 430us total 22.541ms
08-05 21:32:15.018 30832 31309 I art     : Starting a blocking GC Explicit
08-05 21:32:15.038 30832 31309 I art     : Explicit concurrent mark sweep GC freed 3(96B) AllocSpace objects, 0(0B) LOS objects, 23% free, 51MB/67MB, paused 442us total 19.304ms
08-05 21:32:15.046 30832 31309 I art     : Starting a blocking GC Explicit
08-05 21:32:15.064 30832 31309 I art     : Explicit concurrent mark sweep GC freed 3(96B) AllocSpace objects, 0(0B) LOS objects, 23% free, 51MB/67MB, paused 391us total 17.883ms
08-05 21:32:15.073 30832 31309 I art     : Starting a blocking GC Explicit
08-05 21:32:15.091 30832 31309 I art     : Explicit concurrent mark sweep GC freed 3(96B) AllocSpace objects, 0(0B) LOS objects, 23% free, 51MB/67MB, paused 395us total 18.274ms
08-05 21:32:15.363 30832 30843 I art     : Starting a blocking GC Explicit
08-05 21:32:15.382 30832 30843 I art     : Explicit concurrent mark sweep GC freed 1338(78KB) AllocSpace objects, 1(20KB) LOS objects, 23% free, 51MB/67MB, paused 418us total 18.764ms
08-05 21:32:15.391 30832 30843 I art     : Starting a blocking GC Explicit
08-05 21:32:15.409 30832 30843 I art     : Explicit concurrent mark sweep GC freed 20(704B) AllocSpace objects, 0(0B) LOS objects, 23% free, 51MB/67MB, paused 405us total 17.689ms
08-05 21:32:15.417 30832 30843 I art     : Starting a blocking GC Explicit
08-05 21:32:15.435 30832 30843 I art     : Explicit concurrent mark sweep GC freed 3(96B) AllocSpace objects, 0(0B) LOS objects, 23% free, 51MB/67MB, paused 409us total 17.710ms
08-05 21:32:15.443 30832 30843 I art     : Starting a blocking GC Explicit
08-05 21:32:15.460 30832 30843 I art     : Explicit concurrent mark sweep GC freed 3(96B) AllocSpace objects, 0(0B) LOS objects, 23% free, 51MB/67MB, paused 424us total 17.720ms
08-05 21:32:15.469 30832 30843 I art     : Starting a blocking GC Explicit
08-05 21:32:15.486 32365 32365 D AndroidRuntime: >>>>>> START com.android.internal.os.RuntimeInit uid 2000 <<<<<<
08-05 21:32:15.487 30832 30843 I art     : Explicit concurrent mark sweep GC freed 3(96B) AllocSpace objects, 0(0B) LOS objects, 23% free, 51MB/67MB, paused 431us total 17.855ms
08-05 21:32:15.491 32365 32365 D AndroidRuntime: CheckJNI is OFF
08-05 21:32:15.524 32365 32365 D ICU     : No timezone override file found: /data/misc/zoneinfo/current/icu/icu_tzdata.dat
08-05 21:32:15.557 32365 32365 I Radio-JNI: register_android_hardware_Radio DONE
08-05 21:32:15.579 32365 32365 D AndroidRuntime: Calling main entry com.android.commands.input.Input
08-05 21:32:15.581 32365 32365 I Input   : injectMotionEvent: MotionEvent { action=ACTION_DOWN, actionButton=0, id[0]=0, x[0]=337.0, y[0]=1104.0, toolType[0]=TOOL_TYPE_UNKNOWN, buttonState=0, metaState=0, flags=0x0, edgeFlags=0x0, pointerCount=1, historySize=0, eventTime=826351993, downTime=826351993, deviceId=0, source=0x1002 }
08-05 21:32:15.588 32365 32365 I Input   : injectMotionEvent: MotionEvent { action=ACTION_UP, actionButton=0, id[0]=0, x[0]=337.0, y[0]=1104.0, toolType[0]=TOOL_TYPE_UNKNOWN, buttonState=0, metaState=0, flags=0x0, edgeFlags=0x0, pointerCount=1, historySize=0, eventTime=826351993, downTime=826351993, deviceId=0, source=0x1002 }
08-05 21:32:15.590   918  5481 I ActivityManager: START u0 {cmp=baseline.appteam.nith.hillffair/.activities.BattleDayActivity} from uid 10675 on display 0
08-05 21:32:15.598 32365 32365 D AndroidRuntime: Shutting down VM
08-05 21:32:15.669 13866 13866 I GoogleInputMethodServic: GoogleInputMethodService.onFinishInput():3138 
08-05 21:32:15.670 13866 13866 I GoogleInputMethodServic: GoogleInputMethodService.onStartInput():1808 
08-05 21:32:15.694   918   936 I ActivityManager: Displayed baseline.appteam.nith.hillffair/.activities.BattleDayActivity: +95ms
08-05 21:32:15.734 30832 31309 I art     : Starting a blocking GC Explicit
08-05 21:32:15.752 30832 31309 I art     : Explicit concurrent mark sweep GC freed 6361(383KB) AllocSpace objects, 1(20KB) LOS objects, 23% free, 52MB/68MB, paused 419us total 18.320ms
08-05 21:32:15.760 30832 31309 I art     : Starting a blocking GC Explicit
08-05 21:32:15.779 30832 31309 I art     : Explicit concurrent mark sweep GC freed 258(11KB) AllocSpace objects, 0(0B) LOS objects, 23% free, 52MB/68MB, paused 416us total 18.651ms
08-05 21:32:15.787 30832 31309 I art     : Starting a blocking GC Explicit
08-05 21:32:15.806 30832 31309 I art     : Explicit concurrent mark sweep GC freed 3(96B) AllocSpace objects, 0(0B) LOS objects, 23% free, 52MB/68MB, paused 410us total 18.157ms
08-05 21:32:15.814 30832 31309 I art     : Starting a blocking GC Explicit
08-05 21:32:15.836 30832 31309 I art     : Explicit concurrent mark sweep GC freed 3(96B) AllocSpace objects, 0(0B) LOS objects, 23% free, 52MB/68MB, paused 444us total 21.176ms
08-05 21:32:15.844 30832 31309 I art     : Starting a blocking GC Explicit
08-05 21:32:15.865 30832 31309 I art     : Explicit concurrent mark sweep GC freed 3(96B) AllocSpace objects, 0(0B) LOS objects, 23% free, 52MB/68MB, paused 535us total 20.822ms
08-05 21:32:15.948   380   380 W SurfaceFlinger: couldn't log to binary event log: overflow.
08-05 21:32:16.113 30832 30844 I art     : Starting a blocking GC Explicit
08-05 21:32:16.133 30832 30844 I art     : Explicit concurrent mark sweep GC freed 1421(83KB) AllocSpace objects, 1(20KB) LOS objects, 23% free, 52MB/68MB, paused 447us total 19.566ms
08-05 21:32:16.141 30832 30844 I art     : Starting a blocking GC Explicit
08-05 21:32:16.160 30832 30844 I art     : Explicit concurrent mark sweep GC freed 30(1072B) AllocSpace objects, 0(0B) LOS objects, 23% free, 52MB/68MB, paused 477us total 19.049ms
08-05 21:32:16.169 30832 30844 I art     : Starting a blocking GC Explicit
08-05 21:32:16.187 30832 30844 I art     : Explicit concurrent mark sweep GC freed 13(480B) AllocSpace objects, 0(0B) LOS objects, 23% free, 52MB/68MB, paused 491us total 18.645ms
08-05 21:32:16.196 30832 30844 I art     : Starting a blocking GC Explicit
08-05 21:32:16.215 30832 30844 I art     : Explicit concurrent mark sweep GC freed 12(432B) AllocSpace objects, 0(0B) LOS objects, 23% free, 52MB/68MB, paused 528us total 19.099ms
08-05 21:32:16.223 30832 30844 I art     : Starting a blocking GC Explicit
08-05 21:32:16.242 30832 30844 I art     : Explicit concurrent mark sweep GC freed 9(336B) AllocSpace objects, 0(0B) LOS objects, 23% free, 52MB/68MB, paused 454us total 18.498ms
08-05 21:32:16.524 30832 30843 I art     : Starting a blocking GC Explicit
08-05 21:32:16.544 30832 30843 I art     : Explicit concurrent mark sweep GC freed 1398(80KB) AllocSpace objects, 1(20KB) LOS objects, 23% free, 52MB/68MB, paused 460us total 20.209ms
08-05 21:32:16.553 30832 30843 I art     : Starting a blocking GC Explicit
08-05 21:32:16.572 30832 30843 I art     : Explicit concurrent mark sweep GC freed 62(2112B) AllocSpace objects, 0(0B) LOS objects, 23% free, 52MB/68MB, paused 449us total 18.600ms
08-05 21:32:16.581   518   646 I ThermalEngine: ACTION: GPU - Setting GPU[0] to 450000000
08-05 21:32:16.581 30832 30843 I art     : Starting a blocking GC Explicit
08-05 21:32:16.606 30832 30843 I art     : Explicit concurrent mark sweep GC freed 13(480B) AllocSpace objects, 0(0B) LOS objects, 23% free, 52MB/68MB, paused 608us total 24.421ms
08-05 21:32:16.617 30832 30843 I art     : Starting a blocking GC Explicit
08-05 21:32:16.640 30832 30843 I art     : Explicit concurrent mark sweep GC freed 13(480B) AllocSpace objects, 0(0B) LOS objects, 23% free, 52MB/68MB, paused 596us total 23.343ms
08-05 21:32:16.651 30832 30843 I art     : Starting a blocking GC Explicit
08-05 21:32:16.674 30832 30843 I art     : Explicit concurrent mark sweep GC freed 13(480B) AllocSpace objects, 0(0B) LOS objects, 23% free, 52MB/68MB, paused 588us total 23.249ms
08-05 21:32:16.857 30832 32390 D OkHttp  : --> GET https://api-hillfair-2k16.herokuapp.com/api/app/events/special http/1.1
08-05 21:32:16.901 30832 32390 D OkHttp  : <-- 200 OK https://api-hillfair-2k16.herokuapp.com/api/app/events/special (43ms, 554-byte body)
08-05 21:32:16.949 30832 30832 I NAPPA_EXPERIMENTATION: MetricNetworkRequestExecutionTime: REQUEST_DURATION_SYSTEM='1324',REQUEST_DURATION_OKHTTP='44',REQUEST_SYNCHRONOUS='FALSE',RESPONSE_CODE='200',RESPONSE_METHOD='GET',RESPONSE_LENGTH_OKHTTP='554',RESPONSE_LENGTH_HEADER='554',REQUEST_PROTOCOL='http/1.1',REQUEST_URL='https://api-hillfair-2k16.herokuapp.com/api/app/events/special',
08-05 21:32:16.968 30832 31309 I art     : Starting a blocking GC Explicit
08-05 21:32:16.997 30832 31309 I art     : Explicit concurrent mark sweep GC freed 4971(312KB) AllocSpace objects, 4(220KB) LOS objects, 23% free, 52MB/68MB, paused 872us total 27.821ms
08-05 21:32:17.009 30832 31309 I art     : Starting a blocking GC Explicit
08-05 21:32:17.031 30832 31309 I art     : Explicit concurrent mark sweep GC freed 1101(122KB) AllocSpace objects, 0(0B) LOS objects, 23% free, 52MB/68MB, paused 510us total 21.962ms
08-05 21:32:17.041 30832 31309 I art     : Starting a blocking GC Explicit
08-05 21:32:17.066 30832 31309 I art     : Explicit concurrent mark sweep GC freed 9(352B) AllocSpace objects, 0(0B) LOS objects, 23% free, 52MB/68MB, paused 573us total 24.482ms
08-05 21:32:17.076 30832 31309 I art     : Starting a blocking GC Explicit
08-05 21:32:17.100 30832 31309 I art     : Explicit concurrent mark sweep GC freed 3(96B) AllocSpace objects, 0(0B) LOS objects, 23% free, 52MB/68MB, paused 544us total 23.019ms
08-05 21:32:17.105 13866 13882 I PeriodicStatsRunner: PeriodicStatsRunner.call():175 call()
08-05 21:32:17.105 13866 13882 I PeriodicStatsRunner: PeriodicStatsRunner.call():179 No submit PeriodicStats since input started.
08-05 21:32:17.110 30832 31309 I art     : Starting a blocking GC Explicit
08-05 21:32:17.136 30832 31309 I art     : Explicit concurrent mark sweep GC freed 3(96B) AllocSpace objects, 0(0B) LOS objects, 23% free, 52MB/68MB, paused 572us total 25.921ms
08-05 21:32:17.483 30832 30843 I art     : Starting a blocking GC Explicit
08-05 21:32:17.519 30832 30843 I art     : Explicit concurrent mark sweep GC freed 1340(78KB) AllocSpace objects, 1(20KB) LOS objects, 23% free, 52MB/68MB, paused 627us total 35.038ms
08-05 21:32:17.536 30832 30843 I art     : Starting a blocking GC Explicit
08-05 21:32:17.568 30832 30843 I art     : Explicit concurrent mark sweep GC freed 20(704B) AllocSpace objects, 0(0B) LOS objects, 23% free, 52MB/68MB, paused 659us total 31.475ms
08-05 21:32:17.582 30832 30843 I art     : Starting a blocking GC Explicit
08-05 21:32:17.610 30832 30843 I art     : Explicit concurrent mark sweep GC freed 3(96B) AllocSpace objects, 0(0B) LOS objects, 23% free, 52MB/68MB, paused 590us total 27.557ms
08-05 21:32:17.621 30832 30843 I art     : Starting a blocking GC Explicit
08-05 21:32:17.648 30832 30843 I art     : Explicit concurrent mark sweep GC freed 3(96B) AllocSpace objects, 0(0B) LOS objects, 23% free, 52MB/68MB, paused 606us total 26.789ms
08-05 21:32:17.659 30832 30843 I art     : Starting a blocking GC Explicit
08-05 21:32:17.687 30832 30843 I art     : Explicit concurrent mark sweep GC freed 3(96B) AllocSpace objects, 0(0B) LOS objects, 23% free, 52MB/68MB, paused 588us total 27.347ms
08-05 21:32:18.016 30832 30862 I art     : Starting a blocking GC Explicit
08-05 21:32:18.048 30832 30862 I art     : Explicit concurrent mark sweep GC freed 1340(78KB) AllocSpace objects, 1(20KB) LOS objects, 23% free, 52MB/68MB, paused 804us total 31.567ms
08-05 21:32:18.061 30832 30862 I art     : Starting a blocking GC Explicit
08-05 21:32:18.086 30832 30862 I art     : Explicit concurrent mark sweep GC freed 20(704B) AllocSpace objects, 0(0B) LOS objects, 23% free, 52MB/68MB, paused 578us total 24.705ms
08-05 21:32:18.097 30832 30862 I art     : Starting a blocking GC Explicit
08-05 21:32:18.123 30832 30862 I art     : Explicit concurrent mark sweep GC freed 3(96B) AllocSpace objects, 0(0B) LOS objects, 23% free, 52MB/68MB, paused 609us total 25.945ms
08-05 21:32:18.134 30832 30862 I art     : Starting a blocking GC Explicit
08-05 21:32:18.160 30832 30862 I art     : Explicit concurrent mark sweep GC freed 3(96B) AllocSpace objects, 0(0B) LOS objects, 23% free, 52MB/68MB, paused 599us total 25.687ms
08-05 21:32:18.172 30832 30862 I art     : Starting a blocking GC Explicit
08-05 21:32:18.199 30832 30862 I art     : Explicit concurrent mark sweep GC freed 3(96B) AllocSpace objects, 0(0B) LOS objects, 23% free, 52MB/68MB, paused 601us total 27.279ms
08-05 21:32:18.527 30832 30844 I art     : Starting a blocking GC Explicit
08-05 21:32:18.558 30832 30844 I art     : Explicit concurrent mark sweep GC freed 1340(78KB) AllocSpace objects, 1(20KB) LOS objects, 23% free, 52MB/68MB, paused 649us total 31.153ms
08-05 21:32:18.572 30832 30844 I art     : Starting a blocking GC Explicit
08-05 21:32:18.599 30832 30844 I art     : Explicit concurrent mark sweep GC freed 20(704B) AllocSpace objects, 0(0B) LOS objects, 23% free, 52MB/68MB, paused 581us total 27.131ms
08-05 21:32:18.610 30832 30844 I art     : Starting a blocking GC Explicit
08-05 21:32:18.637 30832 30844 I art     : Explicit concurrent mark sweep GC freed 3(96B) AllocSpace objects, 0(0B) LOS objects, 23% free, 52MB/68MB, paused 569us total 25.832ms
08-05 21:32:18.648 30832 30844 I art     : Starting a blocking GC Explicit
08-05 21:32:18.676 30832 30844 I art     : Explicit concurrent mark sweep GC freed 3(96B) AllocSpace objects, 0(0B) LOS objects, 23% free, 52MB/68MB, paused 587us total 27.769ms
08-05 21:32:18.687 30832 30844 I art     : Starting a blocking GC Explicit
08-05 21:32:18.715 30832 30844 I art     : Explicit concurrent mark sweep GC freed 3(96B) AllocSpace objects, 0(0B) LOS objects, 23% free, 52MB/68MB, paused 592us total 27.646ms
08-05 21:32:18.877 13866 13882 I PeriodicStatsRunner: PeriodicStatsRunner.call():175 call()
08-05 21:32:18.877 13866 13882 I PeriodicStatsRunner: PeriodicStatsRunner.call():179 No submit PeriodicStats since input started.
08-05 21:32:19.040 30832 31309 I art     : Starting a blocking GC Explicit
08-05 21:32:19.071 30832 31309 I art     : Explicit concurrent mark sweep GC freed 1340(78KB) AllocSpace objects, 1(20KB) LOS objects, 23% free, 52MB/68MB, paused 631us total 30.567ms
08-05 21:32:19.088 30832 31309 I art     : Starting a blocking GC Explicit
08-05 21:32:19.115 30832 31309 I art     : Explicit concurrent mark sweep GC freed 20(704B) AllocSpace objects, 0(0B) LOS objects, 23% free, 52MB/68MB, paused 580us total 26.771ms
08-05 21:32:19.127 30832 31309 I art     : Starting a blocking GC Explicit
08-05 21:32:19.154 30832 31309 I art     : Explicit concurrent mark sweep GC freed 3(96B) AllocSpace objects, 0(0B) LOS objects, 23% free, 52MB/68MB, paused 574us total 27.024ms
08-05 21:32:19.165 30832 31309 I art     : Starting a blocking GC Explicit
08-05 21:32:19.193 30832 31309 I art     : Explicit concurrent mark sweep GC freed 3(96B) AllocSpace objects, 0(0B) LOS objects, 23% free, 52MB/68MB, paused 589us total 27.266ms
08-05 21:32:19.204 30832 31309 I art     : Starting a blocking GC Explicit
08-05 21:32:19.232 30832 31309 I art     : Explicit concurrent mark sweep GC freed 3(96B) AllocSpace objects, 0(0B) LOS objects, 23% free, 52MB/68MB, paused 579us total 27.888ms
08-05 21:32:19.543 30832 30843 I art     : Starting a blocking GC Explicit
08-05 21:32:19.573 30832 30843 I art     : Explicit concurrent mark sweep GC freed 1340(78KB) AllocSpace objects, 1(20KB) LOS objects, 23% free, 52MB/68MB, paused 609us total 30.072ms
08-05 21:32:19.585   518   646 I ThermalEngine: ACTION: GPU - Setting GPU[0] to 510000000
08-05 21:32:19.587 30832 30843 I art     : Starting a blocking GC Explicit
08-05 21:32:19.615 30832 30843 I art     : Explicit concurrent mark sweep GC freed 20(704B) AllocSpace objects, 0(0B) LOS objects, 23% free, 52MB/68MB, paused 558us total 26.855ms
08-05 21:32:19.626 30832 30843 I art     : Starting a blocking GC Explicit
08-05 21:32:19.648 30832 30843 I art     : Explicit concurrent mark sweep GC freed 3(96B) AllocSpace objects, 0(0B) LOS objects, 23% free, 52MB/68MB, paused 558us total 21.711ms
08-05 21:32:19.656 30832 30843 I art     : Starting a blocking GC Explicit
08-05 21:32:19.677 30832 30843 I art     : Explicit concurrent mark sweep GC freed 3(96B) AllocSpace objects, 0(0B) LOS objects, 23% free, 52MB/68MB, paused 492us total 20.445ms
08-05 21:32:19.686 30832 30843 I art     : Starting a blocking GC Explicit
08-05 21:32:19.706 30832 30843 I art     : Explicit concurrent mark sweep GC freed 3(96B) AllocSpace objects, 0(0B) LOS objects, 23% free, 52MB/68MB, paused 423us total 20.078ms
08-05 21:32:19.986 30832 30862 I art     : Starting a blocking GC Explicit
08-05 21:32:20.007 30832 30862 I art     : Explicit concurrent mark sweep GC freed 1340(78KB) AllocSpace objects, 1(20KB) LOS objects, 23% free, 52MB/68MB, paused 441us total 20.430ms
08-05 21:32:20.015 30832 30862 I art     : Starting a blocking GC Explicit
08-05 21:32:20.035 30832 30862 I art     : Explicit concurrent mark sweep GC freed 20(704B) AllocSpace objects, 0(0B) LOS objects, 23% free, 52MB/68MB, paused 438us total 19.324ms
08-05 21:32:20.043 30832 30862 I art     : Starting a blocking GC Explicit
08-05 21:32:20.062 30832 30862 I art     : Explicit concurrent mark sweep GC freed 3(96B) AllocSpace objects, 0(0B) LOS objects, 23% free, 52MB/68MB, paused 429us total 19.243ms
08-05 21:32:20.071 30832 30862 I art     : Starting a blocking GC Explicit
08-05 21:32:20.090 30832 30862 I art     : Explicit concurrent mark sweep GC freed 3(96B) AllocSpace objects, 0(0B) LOS objects, 23% free, 52MB/68MB, paused 435us total 19.207ms
08-05 21:32:20.099 30832 30862 I art     : Starting a blocking GC Explicit
08-05 21:32:20.117 30832 30862 I art     : Explicit concurrent mark sweep GC freed 3(96B) AllocSpace objects, 0(0B) LOS objects, 23% free, 52MB/68MB, paused 448us total 18.273ms
08-05 21:32:20.300 32480 32480 D AndroidRuntime: >>>>>> START com.android.internal.os.RuntimeInit uid 2000 <<<<<<
08-05 21:32:20.305 32480 32480 D AndroidRuntime: CheckJNI is OFF
08-05 21:32:20.337 32480 32480 D ICU     : No timezone override file found: /data/misc/zoneinfo/current/icu/icu_tzdata.dat
08-05 21:32:20.369 32480 32480 I Radio-JNI: register_android_hardware_Radio DONE
08-05 21:32:20.391 32480 32480 D AndroidRuntime: Calling main entry com.android.commands.input.Input
08-05 21:32:20.393 32480 32480 I Input   : injectMotionEvent: MotionEvent { action=ACTION_DOWN, actionButton=0, id[0]=0, x[0]=733.0, y[0]=645.0, toolType[0]=TOOL_TYPE_UNKNOWN, buttonState=0, metaState=0, flags=0x0, edgeFlags=0x0, pointerCount=1, historySize=0, eventTime=826356806, downTime=826356806, deviceId=0, source=0x1002 }
08-05 21:32:20.398 32480 32480 I Input   : injectMotionEvent: MotionEvent { action=ACTION_UP, actionButton=0, id[0]=0, x[0]=733.0, y[0]=645.0, toolType[0]=TOOL_TYPE_UNKNOWN, buttonState=0, metaState=0, flags=0x0, edgeFlags=0x0, pointerCount=1, historySize=0, eventTime=826356806, downTime=826356806, deviceId=0, source=0x1002 }
08-05 21:32:20.399   918  4400 I ActivityManager: START u0 {cmp=baseline.appteam.nith.hillffair/.activities.ClubActivity (has extras)} from uid 10675 on display 0
08-05 21:32:20.406 32480 32480 D AndroidRuntime: Shutting down VM
08-05 21:32:20.416 30832 30862 I art     : Starting a blocking GC Explicit
08-05 21:32:20.437 30832 30862 I art     : Explicit concurrent mark sweep GC freed 4691(267KB) AllocSpace objects, 1(20KB) LOS objects, 23% free, 52MB/68MB, paused 723us total 20.545ms
08-05 21:32:20.447 30832 30862 I art     : Starting a blocking GC Explicit
08-05 21:32:20.465 30832 30862 I art     : Explicit concurrent mark sweep GC freed 545(62KB) AllocSpace objects, 0(0B) LOS objects, 23% free, 52MB/68MB, paused 462us total 17.917ms
08-05 21:32:20.472 30832 30862 I art     : Starting a blocking GC Explicit
08-05 21:32:20.490   918   936 I ActivityManager: Displayed baseline.appteam.nith.hillffair/.activities.ClubActivity: +85ms
08-05 21:32:20.491 13866 13866 I GoogleInputMethodServic: GoogleInputMethodService.onFinishInput():3138 
08-05 21:32:20.492 13866 13866 I GoogleInputMethodServic: GoogleInputMethodService.onStartInput():1808 
08-05 21:32:20.492 30832 30862 I art     : Explicit concurrent mark sweep GC freed 173(6KB) AllocSpace objects, 0(0B) LOS objects, 23% free, 52MB/68MB, paused 656us total 19.564ms
08-05 21:32:20.500 30832 30862 I art     : Starting a blocking GC Explicit
08-05 21:32:20.521 30832 30862 I art     : Explicit concurrent mark sweep GC freed 102(6KB) AllocSpace objects, 0(0B) LOS objects, 23% free, 52MB/68MB, paused 440us total 20.379ms
08-05 21:32:20.529 30832 30862 I art     : Starting a blocking GC Explicit
08-05 21:32:20.547 30832 30862 I art     : Explicit concurrent mark sweep GC freed 15(672B) AllocSpace objects, 0(0B) LOS objects, 23% free, 52MB/68MB, paused 477us total 17.520ms
08-05 21:32:20.671 13866 13882 I PeriodicStatsRunner: PeriodicStatsRunner.call():175 call()
08-05 21:32:20.671 13866 13882 I PeriodicStatsRunner: PeriodicStatsRunner.call():179 No submit PeriodicStats since input started.
08-05 21:32:20.752   380   380 W SurfaceFlinger: couldn't log to binary event log: overflow.
08-05 21:32:20.819 30832 30843 I art     : Starting a blocking GC Explicit
08-05 21:32:20.839 30832 30843 I art     : Explicit concurrent mark sweep GC freed 1341(78KB) AllocSpace objects, 1(20KB) LOS objects, 23% free, 52MB/68MB, paused 434us total 19.082ms
08-05 21:32:20.847 30832 30843 I art     : Starting a blocking GC Explicit
08-05 21:32:20.866 30832 30843 I art     : Explicit concurrent mark sweep GC freed 20(704B) AllocSpace objects, 0(0B) LOS objects, 23% free, 52MB/68MB, paused 477us total 19.135ms
08-05 21:32:20.876 30832 30843 I art     : Starting a blocking GC Explicit
08-05 21:32:20.898 30832 30843 I art     : Explicit concurrent mark sweep GC freed 110(6KB) AllocSpace objects, 0(0B) LOS objects, 23% free, 52MB/68MB, paused 470us total 21.631ms
08-05 21:32:20.906 30832 30843 I art     : Starting a blocking GC Explicit
08-05 21:32:20.925 30832 30843 I art     : Explicit concurrent mark sweep GC freed 13(480B) AllocSpace objects, 0(0B) LOS objects, 23% free, 52MB/68MB, paused 444us total 18.604ms
08-05 21:32:20.934 30832 30843 I art     : Starting a blocking GC Explicit
08-05 21:32:20.954 30832 30843 I art     : Explicit concurrent mark sweep GC freed 12(432B) AllocSpace objects, 0(0B) LOS objects, 23% free, 52MB/68MB, paused 563us total 19.557ms
08-05 21:32:21.239 30832 30862 I art     : Starting a blocking GC Explicit
08-05 21:32:21.239 30832 32514 D OkHttp  : --> GET https://api-hillfair-2k16.herokuapp.com/api/app/events/special/event?id=5806551bdcba0f490c70fd1f http/1.1
08-05 21:32:21.263 30832 30862 I art     : Explicit concurrent mark sweep GC freed 3996(214KB) AllocSpace objects, 4(220KB) LOS objects, 23% free, 52MB/68MB, paused 519us total 23.251ms
08-05 21:32:21.271 30832 30862 I art     : Starting a blocking GC Explicit
08-05 21:32:21.277 30832 32514 D OkHttp  : <-- 200 OK https://api-hillfair-2k16.herokuapp.com/api/app/events/special/event?id=5806551bdcba0f490c70fd1f (37ms, 795-byte body)
08-05 21:32:21.292 30832 30862 I art     : Explicit concurrent mark sweep GC freed 1138(149KB) AllocSpace objects, 0(0B) LOS objects, 23% free, 52MB/68MB, paused 484us total 20.758ms
08-05 21:32:21.300 30832 30862 I art     : Starting a blocking GC Explicit
08-05 21:32:21.319 30832 30862 I art     : Explicit concurrent mark sweep GC freed 92(3KB) AllocSpace objects, 0(0B) LOS objects, 23% free, 52MB/68MB, paused 479us total 19.066ms
08-05 21:32:21.327 30832 30862 I art     : Starting a blocking GC Explicit
08-05 21:32:21.339 30832 30832 I NAPPA_EXPERIMENTATION: MetricNetworkRequestExecutionTime: REQUEST_DURATION_SYSTEM='906',REQUEST_DURATION_OKHTTP='38',REQUEST_SYNCHRONOUS='FALSE',RESPONSE_CODE='200',RESPONSE_METHOD='GET',RESPONSE_LENGTH_OKHTTP='795',RESPONSE_LENGTH_HEADER='795',REQUEST_PROTOCOL='http/1.1',REQUEST_URL='https://api-hillfair-2k16.herokuapp.com/api/app/events/special/event?id=5806551bdcba0f490c70fd1f',
08-05 21:32:21.347 30832 30862 I art     : Explicit concurrent mark sweep GC freed 171(16KB) AllocSpace objects, 0(0B) LOS objects, 23% free, 52MB/68MB, paused 501us total 19.897ms
08-05 21:32:21.356 30832 30862 I art     : Starting a blocking GC Explicit
08-05 21:32:21.376 30832 30862 I art     : Explicit concurrent mark sweep GC freed 443(47KB) AllocSpace objects, 0(0B) LOS objects, 23% free, 52MB/68MB, paused 428us total 20.005ms
08-05 21:32:21.654 30832 30844 I art     : Starting a blocking GC Explicit
08-05 21:32:21.676 30832 30844 I art     : Explicit concurrent mark sweep GC freed 1378(79KB) AllocSpace objects, 1(20KB) LOS objects, 23% free, 52MB/68MB, paused 530us total 21.863ms
08-05 21:32:21.685 30832 30844 I art     : Starting a blocking GC Explicit
08-05 21:32:21.706 30832 30844 I art     : Explicit concurrent mark sweep GC freed 20(704B) AllocSpace objects, 0(0B) LOS objects, 23% free, 52MB/68MB, paused 415us total 20.345ms
08-05 21:32:21.715 30832 30844 I art     : Starting a blocking GC Explicit
08-05 21:32:21.736 30832 30844 I art     : Explicit concurrent mark sweep GC freed 19(656B) AllocSpace objects, 0(0B) LOS objects, 23% free, 52MB/68MB, paused 431us total 20.480ms
08-05 21:32:21.744 30832 30844 I art     : Starting a blocking GC Explicit
08-05 21:32:21.765 30832 30844 I art     : Explicit concurrent mark sweep GC freed 3(96B) AllocSpace objects, 0(0B) LOS objects, 23% free, 52MB/68MB, paused 451us total 20.324ms
08-05 21:32:21.773 30832 30844 I art     : Starting a blocking GC Explicit
08-05 21:32:21.795 30832 30844 I art     : Explicit concurrent mark sweep GC freed 3(96B) AllocSpace objects, 0(0B) LOS objects, 23% free, 52MB/68MB, paused 458us total 21.059ms
08-05 21:32:22.079 30832 30843 I art     : Starting a blocking GC Explicit
08-05 21:32:22.102 30832 30843 I art     : Explicit concurrent mark sweep GC freed 1341(78KB) AllocSpace objects, 1(20KB) LOS objects, 23% free, 52MB/68MB, paused 485us total 23.116ms
08-05 21:32:22.114 30832 30843 I art     : Starting a blocking GC Explicit
08-05 21:32:22.135 30832 30843 I art     : Explicit concurrent mark sweep GC freed 20(704B) AllocSpace objects, 0(0B) LOS objects, 23% free, 52MB/68MB, paused 439us total 21.155ms
08-05 21:32:22.144 30832 30843 I art     : Starting a blocking GC Explicit
08-05 21:32:22.165 30832 30843 I art     : Explicit concurrent mark sweep GC freed 3(96B) AllocSpace objects, 0(0B) LOS objects, 23% free, 52MB/68MB, paused 435us total 20.944ms
08-05 21:32:22.174 30832 30843 I art     : Starting a blocking GC Explicit
08-05 21:32:22.196 30832 30843 I art     : Explicit concurrent mark sweep GC freed 3(96B) AllocSpace objects, 0(0B) LOS objects, 23% free, 52MB/68MB, paused 447us total 21.494ms
08-05 21:32:22.205 30832 30843 I art     : Starting a blocking GC Explicit
08-05 21:32:22.226 30832 30843 I art     : Explicit concurrent mark sweep GC freed 3(96B) AllocSpace objects, 0(0B) LOS objects, 23% free, 52MB/68MB, paused 446us total 21.147ms
08-05 21:32:22.558 30832 30862 I art     : Starting a blocking GC Explicit
08-05 21:32:22.584 30832 30862 I art     : Explicit concurrent mark sweep GC freed 1341(78KB) AllocSpace objects, 1(20KB) LOS objects, 23% free, 52MB/68MB, paused 491us total 26.470ms
08-05 21:32:22.592   518   646 I ThermalEngine: ACTION: GPU - Setting GPU[0] to 450000000
08-05 21:32:22.600 30832 30862 I art     : Starting a blocking GC Explicit
08-05 21:32:22.628 30832 30862 I art     : Explicit concurrent mark sweep GC freed 20(704B) AllocSpace objects, 0(0B) LOS objects, 23% free, 52MB/68MB, paused 624us total 27.976ms
08-05 21:32:22.639 30832 30862 I art     : Starting a blocking GC Explicit
08-05 21:32:22.668 30832 30862 I art     : Explicit concurrent mark sweep GC freed 3(96B) AllocSpace objects, 0(0B) LOS objects, 23% free, 52MB/68MB, paused 635us total 28.966ms
08-05 21:32:22.680 30832 30862 I art     : Starting a blocking GC Explicit
08-05 21:32:22.709 30832 30862 I art     : Explicit concurrent mark sweep GC freed 3(96B) AllocSpace objects, 0(0B) LOS objects, 23% free, 52MB/68MB, paused 637us total 28.464ms
08-05 21:32:22.720 30832 30862 I art     : Starting a blocking GC Explicit
08-05 21:32:22.748 30832 30862 I art     : Explicit concurrent mark sweep GC freed 3(96B) AllocSpace objects, 0(0B) LOS objects, 23% free, 52MB/68MB, paused 703us total 28.040ms
08-05 21:32:22.884 24895 24897 E QC-QMI  : qmi_client [24895] 5b7: failed to locate client data
08-05 21:32:22.886   519   519 E QC-QMI  : qmuxd: RX on fd=18 returned error=0 errno[2:No such file or directory]
08-05 21:32:22.887   519   519 E QC-QMI  : QMUX qmux_client_id=5b7 not found in qmux client list, unable to remove
08-05 21:32:22.890 24895 24895 I Atfwd_Daemon: Stop the daemon....
08-05 21:32:22.919 32572 32572 W ATFWD-daemon: type=1400 audit(0.0:739748): avc: denied { read write } for name="diag" dev="tmpfs" ino=1296 scontext=u:r:atfwd:s0 tcontext=u:object_r:diag_device:s0 tclass=chr_file permissive=0
08-05 21:32:22.934 32572 32572 I libmdmdetect: ESOC framework not supported
08-05 21:32:22.934 32572 32572 I libmdmdetect: Found internal modem: modem
08-05 21:32:22.935 32572 32572 E Diag_Lib:  Diag_LSM_Init: Failed to open handle to diag driver, error = 13
08-05 21:32:22.941 32572 32572 I Atfwd_Daemon: result : 255 	 ,Init step :0 	 ,qmiErrorCode: 0
08-05 21:32:22.941 32572 32572 I Atfwd_Daemon: result : 0 	 ,Init step :1 	 ,qmiErrorCode: 0
08-05 21:32:22.942 32572 32572 I ServiceManager: Waiting for service AtCmdFwd...
08-05 21:32:23.087 30832 31309 I art     : Starting a blocking GC Explicit
08-05 21:32:23.123 30832 31309 I art     : Explicit concurrent mark sweep GC freed 1341(78KB) AllocSpace objects, 1(20KB) LOS objects, 23% free, 52MB/68MB, paused 670us total 35.916ms
08-05 21:32:23.140 30832 31309 I art     : Starting a blocking GC Explicit
08-05 21:32:23.169 30832 31309 I art     : Explicit concurrent mark sweep GC freed 20(704B) AllocSpace objects, 0(0B) LOS objects, 23% free, 52MB/68MB, paused 627us total 29.219ms
08-05 21:32:23.180 30832 31309 I art     : Starting a blocking GC Explicit
08-05 21:32:23.209 30832 31309 I art     : Explicit concurrent mark sweep GC freed 3(96B) AllocSpace objects, 0(0B) LOS objects, 23% free, 52MB/68MB, paused 603us total 28.430ms
08-05 21:32:23.221 30832 31309 I art     : Starting a blocking GC Explicit
08-05 21:32:23.249 30832 31309 I art     : Explicit concurrent mark sweep GC freed 3(96B) AllocSpace objects, 0(0B) LOS objects, 23% free, 52MB/68MB, paused 603us total 28.390ms
08-05 21:32:23.260 30832 31309 I art     : Starting a blocking GC Explicit
08-05 21:32:23.288 30832 31309 I art     : Explicit concurrent mark sweep GC freed 3(96B) AllocSpace objects, 0(0B) LOS objects, 23% free, 52MB/68MB, paused 597us total 26.870ms
08-05 21:32:23.595   518   646 I ThermalEngine: ACTION: GPU - Setting GPU[0] to 510000000
08-05 21:32:23.622 30832 30844 I art     : Starting a blocking GC Explicit
08-05 21:32:23.656 30832 30844 I art     : Explicit concurrent mark sweep GC freed 1341(78KB) AllocSpace objects, 1(20KB) LOS objects, 23% free, 52MB/68MB, paused 724us total 33.417ms
08-05 21:32:23.668 30832 30844 I art     : Starting a blocking GC Explicit
08-05 21:32:23.690 30832 30844 I art     : Explicit concurrent mark sweep GC freed 20(704B) AllocSpace objects, 0(0B) LOS objects, 23% free, 52MB/68MB, paused 454us total 21.672ms
08-05 21:32:23.698 30832 30844 I art     : Starting a blocking GC Explicit
08-05 21:32:23.720 30832 30844 I art     : Explicit concurrent mark sweep GC freed 3(96B) AllocSpace objects, 0(0B) LOS objects, 23% free, 52MB/68MB, paused 450us total 21.527ms
08-05 21:32:23.729 30832 30844 I art     : Starting a blocking GC Explicit
08-05 21:32:23.751 30832 30844 I art     : Explicit concurrent mark sweep GC freed 3(96B) AllocSpace objects, 0(0B) LOS objects, 23% free, 52MB/68MB, paused 438us total 21.367ms
08-05 21:32:23.759 30832 30844 I art     : Starting a blocking GC Explicit
08-05 21:32:23.780 30832 30844 I art     : Explicit concurrent mark sweep GC freed 3(96B) AllocSpace objects, 0(0B) LOS objects, 23% free, 52MB/68MB, paused 434us total 20.189ms
08-05 21:32:23.942 32572 32572 I ServiceManager: Waiting for service AtCmdFwd...
08-05 21:32:24.077 30832 30843 I art     : Starting a blocking GC Explicit
08-05 21:32:24.104 30832 30843 I art     : Explicit concurrent mark sweep GC freed 1341(78KB) AllocSpace objects, 1(20KB) LOS objects, 23% free, 52MB/68MB, paused 473us total 26.646ms
08-05 21:32:24.117 30832 30843 I art     : Starting a blocking GC Explicit
08-05 21:32:24.142 30832 30843 I art     : Explicit concurrent mark sweep GC freed 20(704B) AllocSpace objects, 0(0B) LOS objects, 23% free, 52MB/68MB, paused 451us total 24.687ms
08-05 21:32:24.152 30832 30843 I art     : Starting a blocking GC Explicit
08-05 21:32:24.174 30832 30843 I art     : Explicit concurrent mark sweep GC freed 3(96B) AllocSpace objects, 0(0B) LOS objects, 23% free, 52MB/68MB, paused 442us total 21.735ms
08-05 21:32:24.183 30832 30843 I art     : Starting a blocking GC Explicit
08-05 21:32:24.204 30832 30843 I art     : Explicit concurrent mark sweep GC freed 3(96B) AllocSpace objects, 0(0B) LOS objects, 23% free, 52MB/68MB, paused 434us total 20.775ms
08-05 21:32:24.212 30832 30843 I art     : Starting a blocking GC Explicit
08-05 21:32:24.233 30832 30843 I art     : Explicit concurrent mark sweep GC freed 3(96B) AllocSpace objects, 0(0B) LOS objects, 23% free, 52MB/68MB, paused 428us total 20.825ms
08-05 21:32:24.572 30832 30862 I art     : Starting a blocking GC Explicit
08-05 21:32:24.602 30832 30862 I art     : Explicit concurrent mark sweep GC freed 1341(78KB) AllocSpace objects, 1(20KB) LOS objects, 23% free, 52MB/68MB, paused 507us total 29.742ms
08-05 21:32:24.614 30832 30862 I art     : Starting a blocking GC Explicit
08-05 21:32:24.635 30832 30862 I art     : Explicit concurrent mark sweep GC freed 20(704B) AllocSpace objects, 0(0B) LOS objects, 23% free, 52MB/68MB, paused 468us total 20.771ms
08-05 21:32:24.644 30832 30862 I art     : Starting a blocking GC Explicit
08-05 21:32:24.665 30832 30862 I art     : Explicit concurrent mark sweep GC freed 3(96B) AllocSpace objects, 0(0B) LOS objects, 23% free, 52MB/68MB, paused 449us total 20.262ms
08-05 21:32:24.673 30832 30862 I art     : Starting a blocking GC Explicit
08-05 21:32:24.693 30832 30862 I art     : Explicit concurrent mark sweep GC freed 3(96B) AllocSpace objects, 0(0B) LOS objects, 23% free, 52MB/68MB, paused 421us total 20.027ms
08-05 21:32:24.702 30832 30862 I art     : Starting a blocking GC Explicit
08-05 21:32:24.722 30832 30862 I art     : Explicit concurrent mark sweep GC freed 3(96B) AllocSpace objects, 0(0B) LOS objects, 23% free, 52MB/68MB, paused 448us total 19.748ms
08-05 21:32:24.943 32572 32572 I ServiceManager: Waiting for service AtCmdFwd...
08-05 21:32:25.020 30832 31309 I art     : Starting a blocking GC Explicit
08-05 21:32:25.041 30832 31309 I art     : Explicit concurrent mark sweep GC freed 1341(78KB) AllocSpace objects, 1(20KB) LOS objects, 23% free, 52MB/68MB, paused 467us total 21.439ms
08-05 21:32:25.050 30832 31309 I art     : Starting a blocking GC Explicit
08-05 21:32:25.072 32614 32614 D AndroidRuntime: >>>>>> START com.android.internal.os.RuntimeInit uid 2000 <<<<<<
08-05 21:32:25.072 30832 31309 I art     : Explicit concurrent mark sweep GC freed 20(704B) AllocSpace objects, 0(0B) LOS objects, 23% free, 52MB/68MB, paused 517us total 21.313ms
08-05 21:32:25.077 32614 32614 D AndroidRuntime: CheckJNI is OFF
08-05 21:32:25.080 30832 31309 I art     : Starting a blocking GC Explicit
08-05 21:32:25.100 30832 31309 I art     : Explicit concurrent mark sweep GC freed 3(96B) AllocSpace objects, 0(0B) LOS objects, 23% free, 52MB/68MB, paused 447us total 19.447ms
08-05 21:32:25.108 30832 31309 I art     : Starting a blocking GC Explicit
08-05 21:32:25.113 32614 32614 D ICU     : No timezone override file found: /data/misc/zoneinfo/current/icu/icu_tzdata.dat
08-05 21:32:25.128 30832 31309 I art     : Explicit concurrent mark sweep GC freed 3(96B) AllocSpace objects, 0(0B) LOS objects, 23% free, 52MB/68MB, paused 489us total 19.961ms
08-05 21:32:25.137 30832 31309 I art     : Starting a blocking GC Explicit
08-05 21:32:25.148 32614 32614 I Radio-JNI: register_android_hardware_Radio DONE
08-05 21:32:25.156 30832 31309 I art     : Explicit concurrent mark sweep GC freed 3(96B) AllocSpace objects, 0(0B) LOS objects, 23% free, 52MB/68MB, paused 465us total 19.708ms
08-05 21:32:25.170 32614 32614 D AndroidRuntime: Calling main entry com.android.commands.input.Input
08-05 21:32:25.172 32614 32614 I Input   : injectKeyEvent: KeyEvent { action=ACTION_DOWN, keyCode=KEYCODE_BACK, scanCode=0, metaState=0, flags=0x0, repeatCount=0, eventTime=826361585, downTime=826361585, deviceId=-1, source=0x101 }
08-05 21:32:25.178 32614 32614 I Input   : injectKeyEvent: KeyEvent { action=ACTION_UP, keyCode=KEYCODE_BACK, scanCode=0, metaState=0, flags=0x0, repeatCount=0, eventTime=826361585, downTime=826361585, deviceId=-1, source=0x101 }
08-05 21:32:25.184 32614 32614 D AndroidRuntime: Shutting down VM
08-05 21:32:25.214 13866 13866 I GoogleInputMethodServic: GoogleInputMethodService.onFinishInput():3138 
08-05 21:32:25.215 13866 13866 I GoogleInputMethodServic: GoogleInputMethodService.onStartInput():1808 
08-05 21:32:25.406 30832 30844 I art     : Starting a blocking GC Explicit
08-05 21:32:25.434 30832 30844 I art     : Explicit concurrent mark sweep GC freed 1511(85KB) AllocSpace objects, 1(20KB) LOS objects, 23% free, 52MB/68MB, paused 496us total 27.674ms
08-05 21:32:25.443 30832 30844 I art     : Starting a blocking GC Explicit
08-05 21:32:25.470 30832 30844 I art     : Explicit concurrent mark sweep GC freed 26(944B) AllocSpace objects, 0(0B) LOS objects, 23% free, 52MB/68MB, paused 459us total 27.217ms
08-05 21:32:25.480 30832 30844 I art     : Starting a blocking GC Explicit
08-05 21:32:25.493 13866 13882 I PeriodicStatsRunner: PeriodicStatsRunner.call():175 call()
08-05 21:32:25.493 13866 13882 I PeriodicStatsRunner: PeriodicStatsRunner.call():179 No submit PeriodicStats since input started.
08-05 21:32:25.501 30832 30844 I art     : Explicit concurrent mark sweep GC freed 3(96B) AllocSpace objects, 0(0B) LOS objects, 23% free, 52MB/68MB, paused 408us total 20.668ms
08-05 21:32:25.507   380   380 W SurfaceFlinger: couldn't log to binary event log: overflow.
08-05 21:32:25.510 30832 30844 I art     : Starting a blocking GC Explicit
08-05 21:32:25.530 30832 30844 I art     : Explicit concurrent mark sweep GC freed 109(8KB) AllocSpace objects, 0(0B) LOS objects, 23% free, 52MB/68MB, paused 406us total 19.870ms
08-05 21:32:25.538 30832 30844 I art     : Starting a blocking GC Explicit
08-05 21:32:25.557 30832 30844 I art     : Explicit concurrent mark sweep GC freed 116(6KB) AllocSpace objects, 0(0B) LOS objects, 23% free, 52MB/68MB, paused 470us total 18.981ms
08-05 21:32:25.852 30832 30862 I art     : Starting a blocking GC Explicit
08-05 21:32:25.879 30832 30862 I art     : Explicit concurrent mark sweep GC freed 2883(179KB) AllocSpace objects, 4(420KB) LOS objects, 23% free, 52MB/68MB, paused 527us total 26.569ms
08-05 21:32:25.891 30832 30862 I art     : Starting a blocking GC Explicit
08-05 21:32:25.912 30832 30862 I art     : Explicit concurrent mark sweep GC freed 20(704B) AllocSpace objects, 0(0B) LOS objects, 23% free, 52MB/68MB, paused 454us total 20.687ms
08-05 21:32:25.921 30832 30862 I art     : Starting a blocking GC Explicit
08-05 21:32:25.941 30832 30862 I art     : Explicit concurrent mark sweep GC freed 3(96B) AllocSpace objects, 0(0B) LOS objects, 23% free, 52MB/68MB, paused 447us total 20.275ms
08-05 21:32:25.944 32572 32572 I ServiceManager: Waiting for service AtCmdFwd...
08-05 21:32:25.950 30832 30862 I art     : Starting a blocking GC Explicit
08-05 21:32:25.971 30832 30862 I art     : Explicit concurrent mark sweep GC freed 3(96B) AllocSpace objects, 0(0B) LOS objects, 23% free, 52MB/68MB, paused 445us total 20.482ms
08-05 21:32:25.979 30832 30862 I art     : Starting a blocking GC Explicit
08-05 21:32:26.000 30832 30862 I art     : Explicit concurrent mark sweep GC freed 3(96B) AllocSpace objects, 0(0B) LOS objects, 23% free, 52MB/68MB, paused 460us total 20.400ms
08-05 21:32:26.295 30832 31309 I art     : Starting a blocking GC Explicit
08-05 21:32:26.321 30832 31309 I art     : Explicit concurrent mark sweep GC freed 1340(78KB) AllocSpace objects, 1(20KB) LOS objects, 23% free, 52MB/68MB, paused 465us total 25.514ms
08-05 21:32:26.333 30832 31309 I art     : Starting a blocking GC Explicit
08-05 21:32:26.354 30832 31309 I art     : Explicit concurrent mark sweep GC freed 20(704B) AllocSpace objects, 0(0B) LOS objects, 23% free, 52MB/68MB, paused 451us total 20.709ms
08-05 21:32:26.363 30832 31309 I art     : Starting a blocking GC Explicit
08-05 21:32:26.383 30832 31309 I art     : Explicit concurrent mark sweep GC freed 3(96B) AllocSpace objects, 0(0B) LOS objects, 23% free, 52MB/68MB, paused 440us total 20.676ms
08-05 21:32:26.392 30832 31309 I art     : Starting a blocking GC Explicit
08-05 21:32:26.412 30832 31309 I art     : Explicit concurrent mark sweep GC freed 3(96B) AllocSpace objects, 0(0B) LOS objects, 23% free, 52MB/68MB, paused 416us total 19.940ms
08-05 21:32:26.421 30832 31309 I art     : Starting a blocking GC Explicit
08-05 21:32:26.441 30832 31309 I art     : Explicit concurrent mark sweep GC freed 3(96B) AllocSpace objects, 0(0B) LOS objects, 23% free, 52MB/68MB, paused 419us total 19.740ms
08-05 21:32:26.707 30832 30843 I art     : Starting a blocking GC Explicit
08-05 21:32:26.728 30832 30843 I art     : Explicit concurrent mark sweep GC freed 1340(78KB) AllocSpace objects, 1(20KB) LOS objects, 23% free, 52MB/68MB, paused 454us total 21.209ms
08-05 21:32:26.737 30832 30843 I art     : Starting a blocking GC Explicit
08-05 21:32:26.757 30832 30843 I art     : Explicit concurrent mark sweep GC freed 20(704B) AllocSpace objects, 0(0B) LOS objects, 23% free, 52MB/68MB, paused 476us total 20.304ms
08-05 21:32:26.766 30832 30843 I art     : Starting a blocking GC Explicit
08-05 21:32:26.786 30832 30843 I art     : Explicit concurrent mark sweep GC freed 3(96B) AllocSpace objects, 0(0B) LOS objects, 23% free, 52MB/68MB, paused 452us total 19.610ms
08-05 21:32:26.794 30832 30843 I art     : Starting a blocking GC Explicit
08-05 21:32:26.814 30832 30843 I art     : Explicit concurrent mark sweep GC freed 3(96B) AllocSpace objects, 0(0B) LOS objects, 23% free, 52MB/68MB, paused 447us total 19.420ms
08-05 21:32:26.822 30832 30843 I art     : Starting a blocking GC Explicit
08-05 21:32:26.838 32668 32668 D AndroidRuntime: >>>>>> START com.android.internal.os.RuntimeInit uid 2000 <<<<<<
08-05 21:32:26.842 30832 30843 I art     : Explicit concurrent mark sweep GC freed 3(96B) AllocSpace objects, 0(0B) LOS objects, 23% free, 52MB/68MB, paused 455us total 19.637ms
08-05 21:32:26.843 32668 32668 D AndroidRuntime: CheckJNI is OFF
08-05 21:32:26.877 32668 32668 D ICU     : No timezone override file found: /data/misc/zoneinfo/current/icu/icu_tzdata.dat
08-05 21:32:26.909 32668 32668 I Radio-JNI: register_android_hardware_Radio DONE
08-05 21:32:26.932 32668 32668 D AndroidRuntime: Calling main entry com.android.commands.input.Input
08-05 21:32:26.933 32668 32668 I Input   : injectKeyEvent: KeyEvent { action=ACTION_DOWN, keyCode=KEYCODE_BACK, scanCode=0, metaState=0, flags=0x0, repeatCount=0, eventTime=826363346, downTime=826363346, deviceId=-1, source=0x101 }
08-05 21:32:26.940 32668 32668 I Input   : injectKeyEvent: KeyEvent { action=ACTION_UP, keyCode=KEYCODE_BACK, scanCode=0, metaState=0, flags=0x0, repeatCount=0, eventTime=826363346, downTime=826363346, deviceId=-1, source=0x101 }
08-05 21:32:26.944 32572 32572 I ServiceManager: Waiting for service AtCmdFwd...
08-05 21:32:26.946 32668 32668 D AndroidRuntime: Shutting down VM
08-05 21:32:26.986 13866 13866 I GoogleInputMethodServic: GoogleInputMethodService.onFinishInput():3138 
08-05 21:32:26.987 13866 13866 I GoogleInputMethodServic: GoogleInputMethodService.onStartInput():1808 
08-05 21:32:27.080 30832 30844 I art     : Starting a blocking GC Explicit
08-05 21:32:27.098 30832 30844 I art     : Explicit concurrent mark sweep GC freed 1550(87KB) AllocSpace objects, 1(20KB) LOS objects, 23% free, 52MB/68MB, paused 396us total 18.347ms
08-05 21:32:27.106 30832 30844 I art     : Starting a blocking GC Explicit
08-05 21:32:27.128 30832 30844 I art     : Explicit concurrent mark sweep GC freed 24(864B) AllocSpace objects, 0(0B) LOS objects, 23% free, 52MB/68MB, paused 413us total 21.728ms
08-05 21:32:27.140 30832 30844 I art     : Starting a blocking GC Explicit
08-05 21:32:27.165 30832 30844 I art     : Explicit concurrent mark sweep GC freed 3(96B) AllocSpace objects, 0(0B) LOS objects, 23% free, 52MB/68MB, paused 495us total 24.987ms
08-05 21:32:27.176 30832 30844 I art     : Starting a blocking GC Explicit
08-05 21:32:27.202 30832 30844 I art     : Explicit concurrent mark sweep GC freed 3(96B) AllocSpace objects, 0(0B) LOS objects, 23% free, 52MB/68MB, paused 524us total 24.810ms
08-05 21:32:27.211 30832 30844 I art     : Starting a blocking GC Explicit
08-05 21:32:27.236 30832 30844 I art     : Explicit concurrent mark sweep GC freed 3(96B) AllocSpace objects, 0(0B) LOS objects, 23% free, 52MB/68MB, paused 455us total 25.604ms
08-05 21:32:27.487 30832 31309 I art     : Starting a blocking GC Explicit
08-05 21:32:27.513 30832 31309 I art     : Explicit concurrent mark sweep GC freed 1980(109KB) AllocSpace objects, 1(20KB) LOS objects, 23% free, 52MB/68MB, paused 507us total 26.129ms
08-05 21:32:27.525 30832 31309 I art     : Starting a blocking GC Explicit
08-05 21:32:27.546 30832 31309 I art     : Explicit concurrent mark sweep GC freed 2106(128KB) AllocSpace objects, 2(140KB) LOS objects, 23% free, 51MB/67MB, paused 438us total 20.457ms
08-05 21:32:27.554 30832 31309 I art     : Starting a blocking GC Explicit
08-05 21:32:27.574 30832 31309 I art     : Explicit concurrent mark sweep GC freed 3(96B) AllocSpace objects, 0(0B) LOS objects, 23% free, 51MB/67MB, paused 449us total 19.884ms
08-05 21:32:27.583 30832 31309 I art     : Starting a blocking GC Explicit
08-05 21:32:27.603 30832 31309 I art     : Explicit concurrent mark sweep GC freed 3(96B) AllocSpace objects, 0(0B) LOS objects, 23% free, 51MB/67MB, paused 460us total 19.773ms
08-05 21:32:27.612 30832 31309 I art     : Starting a blocking GC Explicit
08-05 21:32:27.631 30832 31309 I art     : Explicit concurrent mark sweep GC freed 3(96B) AllocSpace objects, 0(0B) LOS objects, 23% free, 51MB/67MB, paused 445us total 19.592ms
08-05 21:32:27.920 30832 30862 I art     : Starting a blocking GC Explicit
08-05 21:32:27.944 32572 32572 W Atfwd_Sendcmd: AtCmdFwd service not published, waiting... retryCnt : 1
08-05 21:32:27.948 30832 30862 I art     : Explicit concurrent mark sweep GC freed 1340(78KB) AllocSpace objects, 1(20KB) LOS objects, 23% free, 51MB/67MB, paused 545us total 27.028ms
08-05 21:32:27.961 30832 30862 I art     : Starting a blocking GC Explicit
08-05 21:32:27.981 30832 30862 I art     : Explicit concurrent mark sweep GC freed 20(704B) AllocSpace objects, 0(0B) LOS objects, 23% free, 51MB/67MB, paused 467us total 19.760ms
08-05 21:32:27.989 30832 30862 I art     : Starting a blocking GC Explicit
08-05 21:32:28.009 30832 30862 I art     : Explicit concurrent mark sweep GC freed 3(96B) AllocSpace objects, 0(0B) LOS objects, 23% free, 51MB/67MB, paused 464us total 19.359ms
08-05 21:32:28.018 30832 30862 I art     : Starting a blocking GC Explicit
08-05 21:32:28.038 30832 30862 I art     : Explicit concurrent mark sweep GC freed 3(96B) AllocSpace objects, 0(0B) LOS objects, 23% free, 51MB/67MB, paused 483us total 19.743ms
08-05 21:32:28.047 30832 30862 I art     : Starting a blocking GC Explicit
08-05 21:32:28.066 30832 30862 I art     : Explicit concurrent mark sweep GC freed 3(96B) AllocSpace objects, 0(0B) LOS objects, 23% free, 51MB/67MB, paused 454us total 18.997ms
08-05 21:32:28.320 30832 30843 I art     : Starting a blocking GC Explicit
08-05 21:32:28.341 30832 30843 I art     : Explicit concurrent mark sweep GC freed 1338(78KB) AllocSpace objects, 1(20KB) LOS objects, 23% free, 51MB/67MB, paused 453us total 20.168ms
08-05 21:32:28.349 30832 30843 I art     : Starting a blocking GC Explicit
08-05 21:32:28.368 30832 30843 I art     : Explicit concurrent mark sweep GC freed 20(704B) AllocSpace objects, 0(0B) LOS objects, 23% free, 51MB/67MB, paused 453us total 19.105ms
08-05 21:32:28.377 30832 30843 I art     : Starting a blocking GC Explicit
08-05 21:32:28.396 30832 30843 I art     : Explicit concurrent mark sweep GC freed 3(96B) AllocSpace objects, 0(0B) LOS objects, 23% free, 51MB/67MB, paused 448us total 19.132ms
08-05 21:32:28.404 30832 30843 I art     : Starting a blocking GC Explicit
08-05 21:32:28.423 30832 30843 I art     : Explicit concurrent mark sweep GC freed 3(96B) AllocSpace objects, 0(0B) LOS objects, 23% free, 51MB/67MB, paused 451us total 18.535ms
08-05 21:32:28.431 30832 30843 I art     : Starting a blocking GC Explicit
08-05 21:32:28.450 30832 30843 I art     : Explicit concurrent mark sweep GC freed 3(96B) AllocSpace objects, 0(0B) LOS objects, 23% free, 51MB/67MB, paused 448us total 18.731ms
08-05 21:32:28.612 32721 32721 D AndroidRuntime: >>>>>> START com.android.internal.os.RuntimeInit uid 2000 <<<<<<
08-05 21:32:28.617 32721 32721 D AndroidRuntime: CheckJNI is OFF
08-05 21:32:28.649 32721 32721 D ICU     : No timezone override file found: /data/misc/zoneinfo/current/icu/icu_tzdata.dat
08-05 21:32:28.681 32721 32721 I Radio-JNI: register_android_hardware_Radio DONE
08-05 21:32:28.703 32721 32721 D AndroidRuntime: Calling main entry com.android.commands.input.Input
08-05 21:32:28.705 32721 32721 I Input   : injectMotionEvent: MotionEvent { action=ACTION_DOWN, actionButton=0, id[0]=0, x[0]=1053.0, y[0]=1173.0, toolType[0]=TOOL_TYPE_UNKNOWN, buttonState=0, metaState=0, flags=0x0, edgeFlags=0x0, pointerCount=1, historySize=0, eventTime=826365118, downTime=826365118, deviceId=0, source=0x1002 }
08-05 21:32:28.710 32721 32721 I Input   : injectMotionEvent: MotionEvent { action=ACTION_UP, actionButton=0, id[0]=0, x[0]=1053.0, y[0]=1173.0, toolType[0]=TOOL_TYPE_UNKNOWN, buttonState=0, metaState=0, flags=0x0, edgeFlags=0x0, pointerCount=1, historySize=0, eventTime=826365118, downTime=826365118, deviceId=0, source=0x1002 }
08-05 21:32:28.711   918  6029 I ActivityManager: START u0 {cmp=baseline.appteam.nith.hillffair/.activities.QuizActivity} from uid 10675 on display 0
08-05 21:32:28.719 32721 32721 D AndroidRuntime: Shutting down VM
08-05 21:32:28.755 30832 30844 I art     : Starting a blocking GC Explicit
08-05 21:32:28.777 30832 30844 I art     : Explicit concurrent mark sweep GC freed 2032(137KB) AllocSpace objects, 1(20KB) LOS objects, 23% free, 52MB/68MB, paused 545us total 21.626ms
08-05 21:32:28.785 30832 30844 I art     : Starting a blocking GC Explicit
08-05 21:32:28.805 30832 30844 I art     : Explicit concurrent mark sweep GC freed 250(10KB) AllocSpace objects, 0(0B) LOS objects, 23% free, 52MB/68MB, paused 593us total 19.591ms
08-05 21:32:28.815 30832 30844 I art     : Starting a blocking GC Explicit
08-05 21:32:28.834 30832 30844 I art     : Explicit concurrent mark sweep GC freed 26(928B) AllocSpace objects, 0(0B) LOS objects, 23% free, 52MB/68MB, paused 500us total 17.936ms
08-05 21:32:28.842 30832 30844 I art     : Starting a blocking GC Explicit
08-05 21:32:28.853   918   936 I ActivityManager: Displayed baseline.appteam.nith.hillffair/.activities.QuizActivity: +133ms
08-05 21:32:28.853 13866 13866 I GoogleInputMethodServic: GoogleInputMethodService.onFinishInput():3138 
08-05 21:32:28.854 13866 13866 I GoogleInputMethodServic: GoogleInputMethodService.onStartInput():1808 
08-05 21:32:28.860 30832 30844 I art     : Explicit concurrent mark sweep GC freed 19(736B) AllocSpace objects, 0(0B) LOS objects, 23% free, 52MB/68MB, paused 447us total 18.074ms
08-05 21:32:28.869 30832 30844 I art     : Starting a blocking GC Explicit
08-05 21:32:28.888 30832 30844 I art     : Explicit concurrent mark sweep GC freed 15(720B) AllocSpace objects, 0(0B) LOS objects, 23% free, 52MB/68MB, paused 458us total 18.813ms
08-05 21:32:29.125   380   380 W SurfaceFlinger: couldn't log to binary event log: overflow.
08-05 21:32:29.173 30832 30843 I art     : Starting a blocking GC Explicit
08-05 21:32:29.193 30832 30843 I art     : Explicit concurrent mark sweep GC freed 1372(79KB) AllocSpace objects, 1(20KB) LOS objects, 23% free, 52MB/68MB, paused 427us total 19.781ms
08-05 21:32:29.201 30832 30843 I art     : Starting a blocking GC Explicit
08-05 21:32:29.220 30832 30843 I art     : Explicit concurrent mark sweep GC freed 86(5KB) AllocSpace objects, 0(0B) LOS objects, 23% free, 52MB/68MB, paused 404us total 18.801ms
08-05 21:32:29.229 30832 30843 I art     : Starting a blocking GC Explicit
08-05 21:32:29.248 30832 30843 I art     : Explicit concurrent mark sweep GC freed 20(880B) AllocSpace objects, 0(0B) LOS objects, 23% free, 52MB/68MB, paused 400us total 18.804ms
08-05 21:32:29.256 30832 30843 I art     : Starting a blocking GC Explicit
08-05 21:32:29.276 30832 30843 I art     : Explicit concurrent mark sweep GC freed 17(528B) AllocSpace objects, 0(0B) LOS objects, 23% free, 52MB/68MB, paused 429us total 19.410ms
08-05 21:32:29.284 30832 30843 I art     : Starting a blocking GC Explicit
08-05 21:32:29.305 30832 30843 I art     : Explicit concurrent mark sweep GC freed 3(96B) AllocSpace objects, 0(0B) LOS objects, 23% free, 52MB/68MB, paused 425us total 19.903ms
08-05 21:32:29.601 30832 30862 I art     : Starting a blocking GC Explicit
08-05 21:32:29.612   518   646 I ThermalEngine: ACTION: GPU - Setting GPU[0] to 450000000
08-05 21:32:29.639 30832 30862 I art     : Explicit concurrent mark sweep GC freed 1340(78KB) AllocSpace objects, 1(20KB) LOS objects, 23% free, 52MB/68MB, paused 628us total 38.437ms
08-05 21:32:29.651 30832 30862 I art     : Starting a blocking GC Explicit
08-05 21:32:29.677 30832 30862 I art     : Explicit concurrent mark sweep GC freed 20(704B) AllocSpace objects, 0(0B) LOS objects, 23% free, 52MB/68MB, paused 586us total 25.636ms
08-05 21:32:29.688 30832 30862 I art     : Starting a blocking GC Explicit
08-05 21:32:29.714 30832 30862 I art     : Explicit concurrent mark sweep GC freed 3(96B) AllocSpace objects, 0(0B) LOS objects, 23% free, 52MB/68MB, paused 593us total 25.609ms
08-05 21:32:29.724 30832 30862 I art     : Starting a blocking GC Explicit
08-05 21:32:29.750 30832 30862 I art     : Explicit concurrent mark sweep GC freed 3(96B) AllocSpace objects, 0(0B) LOS objects, 23% free, 52MB/68MB, paused 578us total 25.313ms
08-05 21:32:29.761 30832 30862 I art     : Starting a blocking GC Explicit
08-05 21:32:29.787 30832 30862 I art     : Explicit concurrent mark sweep GC freed 3(96B) AllocSpace objects, 0(0B) LOS objects, 23% free, 52MB/68MB, paused 686us total 25.978ms
08-05 21:32:30.081 30832 30844 I art     : Starting a blocking GC Explicit
08-05 21:32:30.117 30832 30844 I art     : Explicit concurrent mark sweep GC freed 1340(78KB) AllocSpace objects, 1(20KB) LOS objects, 23% free, 52MB/68MB, paused 663us total 35.705ms
08-05 21:32:30.133 30832 30844 I art     : Starting a blocking GC Explicit
08-05 21:32:30.162 30832 30844 I art     : Explicit concurrent mark sweep GC freed 20(704B) AllocSpace objects, 0(0B) LOS objects, 23% free, 52MB/68MB, paused 574us total 29.076ms
08-05 21:32:30.173 30832 30844 I art     : Starting a blocking GC Explicit
08-05 21:32:30.199 30832 30844 I art     : Explicit concurrent mark sweep GC freed 3(96B) AllocSpace objects, 0(0B) LOS objects, 23% free, 52MB/68MB, paused 584us total 26.131ms
08-05 21:32:30.210 30832 30844 I art     : Starting a blocking GC Explicit
08-05 21:32:30.215 13866 13882 I PeriodicStatsRunner: PeriodicStatsRunner.call():175 call()
08-05 21:32:30.215 13866 13882 I PeriodicStatsRunner: PeriodicStatsRunner.call():179 No submit PeriodicStats since input started.
08-05 21:32:30.236 30832 30844 I art     : Explicit concurrent mark sweep GC freed 3(96B) AllocSpace objects, 0(0B) LOS objects, 23% free, 52MB/68MB, paused 579us total 25.893ms
08-05 21:32:30.247 30832 30844 I art     : Starting a blocking GC Explicit
08-05 21:32:30.273 30832 30844 I art     : Explicit concurrent mark sweep GC freed 3(96B) AllocSpace objects, 0(0B) LOS objects, 23% free, 52MB/68MB, paused 617us total 25.739ms
08-05 21:32:30.592 30832 30862 I art     : Starting a blocking GC Explicit
08-05 21:32:30.619 30832 30862 I art     : Explicit concurrent mark sweep GC freed 1370(79KB) AllocSpace objects, 1(20KB) LOS objects, 23% free, 52MB/68MB, paused 562us total 26.771ms
08-05 21:32:30.632 30832 30862 I art     : Starting a blocking GC Explicit
08-05 21:32:30.657 30832 30862 I art     : Explicit concurrent mark sweep GC freed 20(704B) AllocSpace objects, 0(0B) LOS objects, 23% free, 52MB/68MB, paused 619us total 25.079ms
08-05 21:32:30.668 30832 30862 I art     : Starting a blocking GC Explicit
08-05 21:32:30.694 30832 30862 I art     : Explicit concurrent mark sweep GC freed 3(96B) AllocSpace objects, 0(0B) LOS objects, 23% free, 52MB/68MB, paused 596us total 26.077ms
08-05 21:32:30.705 30832 30862 I art     : Starting a blocking GC Explicit
08-05 21:32:30.732 30832 30862 I art     : Explicit concurrent mark sweep GC freed 3(96B) AllocSpace objects, 0(0B) LOS objects, 23% free, 52MB/68MB, paused 613us total 26.532ms
08-05 21:32:30.743 30832 30862 I art     : Starting a blocking GC Explicit
08-05 21:32:30.771 30832 30862 I art     : Explicit concurrent mark sweep GC freed 3(96B) AllocSpace objects, 0(0B) LOS objects, 23% free, 52MB/68MB, paused 580us total 27.280ms
08-05 21:32:31.084 30832 30844 I art     : Starting a blocking GC Explicit
08-05 21:32:31.110 30832 30844 I art     : Explicit concurrent mark sweep GC freed 1340(78KB) AllocSpace objects, 1(20KB) LOS objects, 23% free, 52MB/68MB, paused 635us total 26.285ms
08-05 21:32:31.124 30832 30844 I art     : Starting a blocking GC Explicit
08-05 21:32:31.152 30832 30844 I art     : Explicit concurrent mark sweep GC freed 20(704B) AllocSpace objects, 0(0B) LOS objects, 23% free, 52MB/68MB, paused 623us total 27.460ms
08-05 21:32:31.163 30832 30844 I art     : Starting a blocking GC Explicit
08-05 21:32:31.190 30832 30844 I art     : Explicit concurrent mark sweep GC freed 3(96B) AllocSpace objects, 0(0B) LOS objects, 23% free, 52MB/68MB, paused 587us total 26.844ms
08-05 21:32:31.201 30832 30844 I art     : Starting a blocking GC Explicit
08-05 21:32:31.228 30832 30844 I art     : Explicit concurrent mark sweep GC freed 3(96B) AllocSpace objects, 0(0B) LOS objects, 23% free, 52MB/68MB, paused 618us total 26.987ms
08-05 21:32:31.240 30832 30844 I art     : Starting a blocking GC Explicit
08-05 21:32:31.266 30832 30844 I art     : Explicit concurrent mark sweep GC freed 3(96B) AllocSpace objects, 0(0B) LOS objects, 23% free, 52MB/68MB, paused 599us total 26.165ms
08-05 21:32:31.503   389   389 D AndroidRuntime: >>>>>> START com.android.internal.os.RuntimeInit uid 2000 <<<<<<
08-05 21:32:31.509   389   389 D AndroidRuntime: CheckJNI is OFF
08-05 21:32:31.511   918  3261 D WifiStateMachine: starting scan for "H369AA63323"WPA_PSK with 2412,5180
08-05 21:32:31.551   389   389 D ICU     : No timezone override file found: /data/misc/zoneinfo/current/icu/icu_tzdata.dat
08-05 21:32:31.586 30832 31309 I art     : Starting a blocking GC Explicit
08-05 21:32:31.593   389   389 I Radio-JNI: register_android_hardware_Radio DONE
08-05 21:32:31.612 30832 31309 I art     : Explicit concurrent mark sweep GC freed 1340(78KB) AllocSpace objects, 1(20KB) LOS objects, 23% free, 52MB/68MB, paused 596us total 25.614ms
08-05 21:32:31.622   389   389 D AndroidRuntime: Calling main entry com.android.commands.input.Input
08-05 21:32:31.623 30832 31309 I art     : Starting a blocking GC Explicit
08-05 21:32:31.625   389   389 I Input   : injectMotionEvent: MotionEvent { action=ACTION_DOWN, actionButton=0, id[0]=0, x[0]=756.0, y[0]=1530.0, toolType[0]=TOOL_TYPE_UNKNOWN, buttonState=0, metaState=0, flags=0x0, edgeFlags=0x0, pointerCount=1, historySize=0, eventTime=826368037, downTime=826368037, deviceId=0, source=0x1002 }
08-05 21:32:31.632   389   389 I Input   : injectMotionEvent: MotionEvent { action=ACTION_UP, actionButton=0, id[0]=0, x[0]=756.0, y[0]=1530.0, toolType[0]=TOOL_TYPE_UNKNOWN, buttonState=0, metaState=0, flags=0x0, edgeFlags=0x0, pointerCount=1, historySize=0, eventTime=826368037, downTime=826368037, deviceId=0, source=0x1002 }
08-05 21:32:31.635   389   389 D AndroidRuntime: Shutting down VM
08-05 21:32:31.649 30832 31309 I art     : Explicit concurrent mark sweep GC freed 49(1760B) AllocSpace objects, 0(0B) LOS objects, 23% free, 52MB/68MB, paused 626us total 26.307ms
08-05 21:32:31.661 30832 31309 I art     : Starting a blocking GC Explicit
08-05 21:32:31.663   918  5952 I ActivityManager: START u0 {cmp=baseline.appteam.nith.hillffair/.activities.LeaderBoardActivity} from uid 10675 on display 0
08-05 21:32:31.664   512  2967 D audio_hw_primary: out_set_parameters: enter: usecase(1: low-latency-playback) kvpairs: routing=2
08-05 21:32:31.678   512  2967 D audio_hw_primary: select_devices: out_snd_device(2: speaker) in_snd_device(0: none)
08-05 21:32:31.678   512  2967 D msm8974_platform: platform_send_audio_calibration: sending audio calibration for snd_device(2) acdb_id(15)
08-05 21:32:31.679   512  2967 I soundtrigger: audio_extn_sound_trigger_update_device_status: device 0x2 of type 0 for Event 1
08-05 21:32:31.686 30832 31309 I art     : Explicit concurrent mark sweep GC freed 176(18KB) AllocSpace objects, 0(0B) LOS objects, 23% free, 52MB/68MB, paused 765us total 25.665ms
08-05 21:32:31.689   512  2967 D audio_hw_primary: enable_snd_device: snd_device(2: speaker)
08-05 21:32:31.691   512  2967 D audio_hw_primary: enable_audio_route: apply and update mixer path: low-latency-playback speaker
08-05 21:32:31.697 30832 31309 I art     : Starting a blocking GC Explicit
08-05 21:32:31.723 30832 31309 I art     : Explicit concurrent mark sweep GC freed 4687(271KB) AllocSpace objects, 0(0B) LOS objects, 23% free, 52MB/68MB, paused 720us total 24.836ms
08-05 21:32:31.733 30832 31309 I art     : Starting a blocking GC Explicit
08-05 21:32:31.757 30832 31309 I art     : Explicit concurrent mark sweep GC freed 276(12KB) AllocSpace objects, 0(0B) LOS objects, 23% free, 52MB/68MB, paused 793us total 24.124ms
08-05 21:32:31.790 30832 30832 E RecyclerView: No adapter attached; skipping layout
08-05 21:32:31.793 30832 30832 E RecyclerView: No adapter attached; skipping layout
08-05 21:32:31.822 13866 13866 I GoogleInputMethodServic: GoogleInputMethodService.onFinishInput():3138 
08-05 21:32:31.822   918   936 I ActivityManager: Displayed baseline.appteam.nith.hillffair/.activities.LeaderBoardActivity: +150ms
08-05 21:32:31.825 30832 30832 E RecyclerView: No adapter attached; skipping layout
08-05 21:32:31.827 13866 13866 I GoogleInputMethodServic: GoogleInputMethodService.onStartInput():1808 
08-05 21:32:31.856 30832 30856 D OpenGLRenderer: endAllStagingAnimators on 0x7f82860800 (RippleDrawable) with handle 0x7f7ffd38c0
08-05 21:32:31.987 13866 13882 I PeriodicStatsRunner: PeriodicStatsRunner.call():175 call()
08-05 21:32:31.988 13866 13882 I PeriodicStatsRunner: PeriodicStatsRunner.call():179 No submit PeriodicStats since input started.
08-05 21:32:32.045 30832 30862 I art     : Starting a blocking GC Explicit
08-05 21:32:32.065   380   380 W SurfaceFlinger: couldn't log to binary event log: overflow.
08-05 21:32:32.081 30832 30862 I art     : Explicit concurrent mark sweep GC freed 1563(89KB) AllocSpace objects, 1(20KB) LOS objects, 23% free, 52MB/68MB, paused 666us total 35.253ms
08-05 21:32:32.092 30832 30862 I art     : Starting a blocking GC Explicit
08-05 21:32:32.115 30832 30862 I art     : Explicit concurrent mark sweep GC freed 44(1488B) AllocSpace objects, 0(0B) LOS objects, 23% free, 52MB/68MB, paused 672us total 23.110ms
08-05 21:32:32.125 30832 30862 I art     : Starting a blocking GC Explicit
08-05 21:32:32.149 30832 30862 I art     : Explicit concurrent mark sweep GC freed 3(96B) AllocSpace objects, 0(0B) LOS objects, 23% free, 52MB/68MB, paused 598us total 23.013ms
08-05 21:32:32.159 30832 30862 I art     : Starting a blocking GC Explicit
08-05 21:32:32.182 30832 30862 I art     : Explicit concurrent mark sweep GC freed 3(96B) AllocSpace objects, 0(0B) LOS objects, 23% free, 52MB/68MB, paused 667us total 23.328ms
08-05 21:32:32.193 30832 30862 I art     : Starting a blocking GC Explicit
08-05 21:32:32.222 30832 30862 I art     : Explicit concurrent mark sweep GC freed 103(6KB) AllocSpace objects, 0(0B) LOS objects, 23% free, 52MB/68MB, paused 717us total 28.244ms
08-05 21:32:32.230   512  2967 D audio_hw_primary: disable_audio_route: reset and update mixer path: low-latency-playback speaker
08-05 21:32:32.232   512  2967 D audio_hw_primary: disable_snd_device: snd_device(2: speaker)
08-05 21:32:32.242   512  2967 I soundtrigger: audio_extn_sound_trigger_update_device_status: device 0x2 of type 0 for Event 0
08-05 21:32:32.413 30832   454 D OkHttp  : --> GET https://api-hillfair-2k16.herokuapp.com/api/app/quiz/leaderboard?from=1 http/1.1
08-05 21:32:32.453 30832   454 D OkHttp  : <-- 200 OK https://api-hillfair-2k16.herokuapp.com/api/app/quiz/leaderboard?from=1 (40ms, 56744-byte body)
08-05 21:32:32.520 30832 31309 I art     : Starting a blocking GC Explicit
08-05 21:32:32.534 30832 30832 I NAPPA_EXPERIMENTATION: MetricNetworkRequestExecutionTime: REQUEST_DURATION_SYSTEM='825',REQUEST_DURATION_OKHTTP='40',REQUEST_SYNCHRONOUS='FALSE',RESPONSE_CODE='200',RESPONSE_METHOD='GET',RESPONSE_LENGTH_OKHTTP='56744',RESPONSE_LENGTH_HEADER='56744',REQUEST_PROTOCOL='http/1.1',REQUEST_URL='https://api-hillfair-2k16.herokuapp.com/api/app/quiz/leaderboard?from=1',
08-05 21:32:32.551 30832 31309 I art     : Explicit concurrent mark sweep GC freed 28910(1378KB) AllocSpace objects, 4(220KB) LOS objects, 23% free, 52MB/68MB, paused 693us total 31.305ms
08-05 21:32:32.563 30832 31309 I art     : Starting a blocking GC Explicit
08-05 21:32:32.589 30832 31309 I art     : Explicit concurrent mark sweep GC freed 1876(173KB) AllocSpace objects, 0(0B) LOS objects, 23% free, 52MB/68MB, paused 1.050ms total 25.718ms
08-05 21:32:32.599 30832 31309 I art     : Starting a blocking GC Explicit
08-05 21:32:32.627 30832 31309 I art     : Explicit concurrent mark sweep GC freed 505(19KB) AllocSpace objects, 0(0B) LOS objects, 23% free, 52MB/68MB, paused 702us total 27.845ms
08-05 21:32:32.639 30832 31309 I art     : Starting a blocking GC Explicit
08-05 21:32:32.666 30832 31309 I art     : Explicit concurrent mark sweep GC freed 111(3KB) AllocSpace objects, 0(0B) LOS objects, 23% free, 52MB/68MB, paused 558us total 27.300ms
08-05 21:32:32.677 30832 31309 I art     : Starting a blocking GC Explicit
08-05 21:32:32.704 30832 31309 I art     : Explicit concurrent mark sweep GC freed 3(96B) AllocSpace objects, 0(0B) LOS objects, 23% free, 52MB/68MB, paused 598us total 26.469ms
08-05 21:32:32.945 32572 32572 I ServiceManager: Waiting for service AtCmdFwd...
08-05 21:32:33.012 30832 30862 I art     : Starting a blocking GC Explicit
08-05 21:32:33.048 30832 30862 I art     : Explicit concurrent mark sweep GC freed 1341(78KB) AllocSpace objects, 1(20KB) LOS objects, 23% free, 52MB/68MB, paused 749us total 35.148ms
08-05 21:32:33.062 30832 30862 I art     : Starting a blocking GC Explicit
08-05 21:32:33.091 30832 30862 I art     : Explicit concurrent mark sweep GC freed 20(704B) AllocSpace objects, 0(0B) LOS objects, 23% free, 52MB/68MB, paused 617us total 28.802ms
08-05 21:32:33.102 30832 30862 I art     : Starting a blocking GC Explicit
08-05 21:32:33.131 30832 30862 I art     : Explicit concurrent mark sweep GC freed 3(96B) AllocSpace objects, 0(0B) LOS objects, 23% free, 52MB/68MB, paused 598us total 28.789ms
08-05 21:32:33.138   918  3188 I hubconnection: sensorhub said: 'set_bias 3: -5.8080, 0.0000, 0.0000'
08-05 21:32:33.143 30832 30862 I art     : Starting a blocking GC Explicit
08-05 21:32:33.171 30832 30862 I art     : Explicit concurrent mark sweep GC freed 3(96B) AllocSpace objects, 0(0B) LOS objects, 23% free, 52MB/68MB, paused 606us total 28.301ms
08-05 21:32:33.183 30832 30862 I art     : Starting a blocking GC Explicit
08-05 21:32:33.211 30832 30862 I art     : Explicit concurrent mark sweep GC freed 3(96B) AllocSpace objects, 0(0B) LOS objects, 23% free, 52MB/68MB, paused 620us total 28.462ms
08-05 21:32:33.539 30832 30844 I art     : Starting a blocking GC Explicit
08-05 21:32:33.574 30832 30844 I art     : Explicit concurrent mark sweep GC freed 1344(78KB) AllocSpace objects, 1(20KB) LOS objects, 23% free, 52MB/68MB, paused 674us total 35.185ms
08-05 21:32:33.589 30832 30844 I art     : Starting a blocking GC Explicit
08-05 21:32:33.618 30832 30844 I art     : Explicit concurrent mark sweep GC freed 20(704B) AllocSpace objects, 0(0B) LOS objects, 23% free, 52MB/68MB, paused 618us total 28.559ms
08-05 21:32:33.629 30832 30844 I art     : Starting a blocking GC Explicit
08-05 21:32:33.661 30832 30844 I art     : Explicit concurrent mark sweep GC freed 3(96B) AllocSpace objects, 0(0B) LOS objects, 23% free, 52MB/68MB, paused 628us total 31.661ms
08-05 21:32:33.673 30832 30844 I art     : Starting a blocking GC Explicit
08-05 21:32:33.704 30832 30844 I art     : Explicit concurrent mark sweep GC freed 3(96B) AllocSpace objects, 0(0B) LOS objects, 23% free, 52MB/68MB, paused 625us total 30.412ms
08-05 21:32:33.716 30832 30844 I art     : Starting a blocking GC Explicit
08-05 21:32:33.746 30832 30844 I art     : Explicit concurrent mark sweep GC freed 3(96B) AllocSpace objects, 0(0B) LOS objects, 23% free, 52MB/68MB, paused 601us total 29.712ms
08-05 21:32:33.855 13866 13882 I PeriodicStatsRunner: PeriodicStatsRunner.call():175 call()
08-05 21:32:33.855 13866 13882 I PeriodicStatsRunner: PeriodicStatsRunner.call():179 No submit PeriodicStats since input started.
08-05 21:32:33.946 32572 32572 I ServiceManager: Waiting for service AtCmdFwd...
08-05 21:32:34.081 30832 30843 I art     : Starting a blocking GC Explicit
08-05 21:32:34.114 30832 30843 I art     : Explicit concurrent mark sweep GC freed 1344(78KB) AllocSpace objects, 1(20KB) LOS objects, 23% free, 52MB/68MB, paused 624us total 32.862ms
08-05 21:32:34.127 30832 30843 I art     : Starting a blocking GC Explicit
08-05 21:32:34.158 30832 30843 I art     : Explicit concurrent mark sweep GC freed 20(704B) AllocSpace objects, 0(0B) LOS objects, 23% free, 52MB/68MB, paused 643us total 31.465ms
08-05 21:32:34.170 30832 30843 I art     : Starting a blocking GC Explicit
08-05 21:32:34.201 30832 30843 I art     : Explicit concurrent mark sweep GC freed 3(96B) AllocSpace objects, 0(0B) LOS objects, 23% free, 52MB/68MB, paused 569us total 30.550ms
08-05 21:32:34.213 30832 30843 I art     : Starting a blocking GC Explicit
08-05 21:32:34.243 30832 30843 I art     : Explicit concurrent mark sweep GC freed 3(96B) AllocSpace objects, 0(0B) LOS objects, 23% free, 52MB/68MB, paused 605us total 29.759ms
08-05 21:32:34.255 30832 30843 I art     : Starting a blocking GC Explicit
08-05 21:32:34.286 30832 30843 I art     : Explicit concurrent mark sweep GC freed 3(96B) AllocSpace objects, 0(0B) LOS objects, 23% free, 52MB/68MB, paused 605us total 31.013ms
08-05 21:32:34.606 30832 31309 I art     : Starting a blocking GC Explicit
08-05 21:32:34.645 30832 31309 I art     : Explicit concurrent mark sweep GC freed 1344(78KB) AllocSpace objects, 1(20KB) LOS objects, 23% free, 52MB/68MB, paused 630us total 38.826ms
08-05 21:32:34.660 30832 31309 I art     : Starting a blocking GC Explicit
08-05 21:32:34.689 30832 31309 I art     : Explicit concurrent mark sweep GC freed 20(704B) AllocSpace objects, 0(0B) LOS objects, 23% free, 52MB/68MB, paused 593us total 29.087ms
08-05 21:32:34.701 30832 31309 I art     : Starting a blocking GC Explicit
08-05 21:32:34.731 30832 31309 I art     : Explicit concurrent mark sweep GC freed 3(96B) AllocSpace objects, 0(0B) LOS objects, 23% free, 52MB/68MB, paused 627us total 30.425ms
08-05 21:32:34.743 30832 31309 I art     : Starting a blocking GC Explicit
08-05 21:32:34.775 30832 31309 I art     : Explicit concurrent mark sweep GC freed 3(96B) AllocSpace objects, 0(0B) LOS objects, 23% free, 52MB/68MB, paused 615us total 31.160ms
08-05 21:32:34.787 30832 31309 I art     : Starting a blocking GC Explicit
08-05 21:32:34.816 30832 31309 I art     : Explicit concurrent mark sweep GC freed 3(96B) AllocSpace objects, 0(0B) LOS objects, 23% free, 52MB/68MB, paused 609us total 28.687ms
08-05 21:32:34.947 32572 32572 I ServiceManager: Waiting for service AtCmdFwd...
08-05 21:32:35.164 30832 30862 I art     : Starting a blocking GC Explicit
08-05 21:32:35.204 30832 30862 I art     : Explicit concurrent mark sweep GC freed 1344(78KB) AllocSpace objects, 1(20KB) LOS objects, 23% free, 52MB/68MB, paused 672us total 39.654ms
08-05 21:32:35.221 30832 30862 I art     : Starting a blocking GC Explicit
08-05 21:32:35.253 30832 30862 I art     : Explicit concurrent mark sweep GC freed 20(704B) AllocSpace objects, 0(0B) LOS objects, 23% free, 52MB/68MB, paused 622us total 31.223ms
08-05 21:32:35.264 30832 30862 I art     : Starting a blocking GC Explicit
08-05 21:32:35.296 30832 30862 I art     : Explicit concurrent mark sweep GC freed 3(96B) AllocSpace objects, 0(0B) LOS objects, 23% free, 52MB/68MB, paused 632us total 30.951ms
08-05 21:32:35.308 30832 30862 I art     : Starting a blocking GC Explicit
08-05 21:32:35.337 30832 30862 I art     : Explicit concurrent mark sweep GC freed 3(96B) AllocSpace objects, 0(0B) LOS objects, 23% free, 52MB/68MB, paused 685us total 29.312ms
08-05 21:32:35.349 30832 30862 I art     : Starting a blocking GC Explicit
08-05 21:32:35.380 30832 30862 I art     : Explicit concurrent mark sweep GC freed 3(96B) AllocSpace objects, 0(0B) LOS objects, 23% free, 52MB/68MB, paused 650us total 30.202ms
08-05 21:32:35.619   518   646 I ThermalEngine: ACTION: GPU - Setting GPU[0] to 510000000
08-05 21:32:35.683 30832 30844 I art     : Starting a blocking GC Explicit
08-05 21:32:35.718 30832 30844 I art     : Explicit concurrent mark sweep GC freed 1344(78KB) AllocSpace objects, 1(20KB) LOS objects, 23% free, 52MB/68MB, paused 553us total 34.168ms
08-05 21:32:35.730 30832 30844 I art     : Starting a blocking GC Explicit
08-05 21:32:35.753 30832 30844 I art     : Explicit concurrent mark sweep GC freed 20(704B) AllocSpace objects, 0(0B) LOS objects, 23% free, 52MB/68MB, paused 464us total 23.334ms
08-05 21:32:35.763 30832 30844 I art     : Starting a blocking GC Explicit
08-05 21:32:35.786 30832 30844 I art     : Explicit concurrent mark sweep GC freed 3(96B) AllocSpace objects, 0(0B) LOS objects, 23% free, 52MB/68MB, paused 462us total 22.668ms
08-05 21:32:35.795 30832 30844 I art     : Starting a blocking GC Explicit
08-05 21:32:35.817 30832 30844 I art     : Explicit concurrent mark sweep GC freed 3(96B) AllocSpace objects, 0(0B) LOS objects, 23% free, 52MB/68MB, paused 473us total 22.517ms
08-05 21:32:35.827 30832 30844 I art     : Starting a blocking GC Explicit
08-05 21:32:35.849 30832 30844 I art     : Explicit concurrent mark sweep GC freed 3(96B) AllocSpace objects, 0(0B) LOS objects, 23% free, 52MB/68MB, paused 450us total 22.423ms
08-05 21:32:35.948 32572 32572 I ServiceManager: Waiting for service AtCmdFwd...
08-05 21:32:36.107 30832 30843 I art     : Starting a blocking GC Explicit
08-05 21:32:36.130 30832 30843 I art     : Explicit concurrent mark sweep GC freed 1344(78KB) AllocSpace objects, 1(20KB) LOS objects, 23% free, 52MB/68MB, paused 466us total 22.911ms
08-05 21:32:36.139 30832 30843 I art     : Starting a blocking GC Explicit
08-05 21:32:36.162 30832 30843 I art     : Explicit concurrent mark sweep GC freed 20(704B) AllocSpace objects, 0(0B) LOS objects, 23% free, 52MB/68MB, paused 464us total 22.521ms
08-05 21:32:36.171 30832 30843 I art     : Starting a blocking GC Explicit
08-05 21:32:36.193 30832 30843 I art     : Explicit concurrent mark sweep GC freed 3(96B) AllocSpace objects, 0(0B) LOS objects, 23% free, 52MB/68MB, paused 456us total 21.977ms
08-05 21:32:36.202 30832 30843 I art     : Starting a blocking GC Explicit
08-05 21:32:36.225 30832 30843 I art     : Explicit concurrent mark sweep GC freed 3(96B) AllocSpace objects, 0(0B) LOS objects, 23% free, 52MB/68MB, paused 466us total 21.918ms
08-05 21:32:36.234 30832 30843 I art     : Starting a blocking GC Explicit
08-05 21:32:36.256 30832 30843 I art     : Explicit concurrent mark sweep GC freed 3(96B) AllocSpace objects, 0(0B) LOS objects, 23% free, 52MB/68MB, paused 449us total 21.780ms
08-05 21:32:36.337   658   658 D AndroidRuntime: >>>>>> START com.android.internal.os.RuntimeInit uid 2000 <<<<<<
08-05 21:32:36.342   658   658 D AndroidRuntime: CheckJNI is OFF
08-05 21:32:36.381   658   658 D ICU     : No timezone override file found: /data/misc/zoneinfo/current/icu/icu_tzdata.dat
08-05 21:32:36.417   658   658 I Radio-JNI: register_android_hardware_Radio DONE
08-05 21:32:36.439   658   658 D AndroidRuntime: Calling main entry com.android.commands.input.Input
08-05 21:32:36.441   658   658 I Input   : injectKeyEvent: KeyEvent { action=ACTION_DOWN, keyCode=KEYCODE_BACK, scanCode=0, metaState=0, flags=0x0, repeatCount=0, eventTime=826372854, downTime=826372854, deviceId=-1, source=0x101 }
08-05 21:32:36.447   658   658 I Input   : injectKeyEvent: KeyEvent { action=ACTION_UP, keyCode=KEYCODE_BACK, scanCode=0, metaState=0, flags=0x0, repeatCount=0, eventTime=826372854, downTime=826372854, deviceId=-1, source=0x101 }
08-05 21:32:36.453   658   658 D AndroidRuntime: Shutting down VM
08-05 21:32:36.494 13866 13866 I GoogleInputMethodServic: GoogleInputMethodService.onFinishInput():3138 
08-05 21:32:36.495 13866 13866 I GoogleInputMethodServic: GoogleInputMethodService.onStartInput():1808 
08-05 21:32:36.553 30832 30862 I art     : Starting a blocking GC Explicit
08-05 21:32:36.575 30832 30862 I art     : Explicit concurrent mark sweep GC freed 1481(84KB) AllocSpace objects, 1(20KB) LOS objects, 23% free, 52MB/68MB, paused 431us total 21.105ms
08-05 21:32:36.583 30832 30862 I art     : Starting a blocking GC Explicit
08-05 21:32:36.606 30832 30862 I art     : Explicit concurrent mark sweep GC freed 26(944B) AllocSpace objects, 0(0B) LOS objects, 23% free, 52MB/68MB, paused 423us total 22.028ms
08-05 21:32:36.616 30832 30862 I art     : Starting a blocking GC Explicit
08-05 21:32:36.639 30832 30862 I art     : Explicit concurrent mark sweep GC freed 3(96B) AllocSpace objects, 0(0B) LOS objects, 23% free, 52MB/68MB, paused 465us total 22.500ms
08-05 21:32:36.650 30832 30862 I art     : Starting a blocking GC Explicit
08-05 21:32:36.677 30832 30862 I art     : Explicit concurrent mark sweep GC freed 3(96B) AllocSpace objects, 0(0B) LOS objects, 23% free, 52MB/68MB, paused 573us total 26.712ms
08-05 21:32:36.688 30832 30862 I art     : Starting a blocking GC Explicit
08-05 21:32:36.715 30832 30862 I art     : Explicit concurrent mark sweep GC freed 3(96B) AllocSpace objects, 0(0B) LOS objects, 23% free, 52MB/68MB, paused 440us total 27.375ms
08-05 21:32:36.787   380   380 W SurfaceFlinger: couldn't log to binary event log: overflow.
08-05 21:32:36.827 13866 13882 I PeriodicStatsRunner: PeriodicStatsRunner.call():175 call()
08-05 21:32:36.827 13866 13882 I PeriodicStatsRunner: PeriodicStatsRunner.call():179 No submit PeriodicStats since input started.
08-05 21:32:36.948 32572 32572 I ServiceManager: Waiting for service AtCmdFwd...
08-05 21:32:36.965 30832 30844 I art     : Starting a blocking GC Explicit
08-05 21:32:36.991 30832 30844 I art     : Explicit concurrent mark sweep GC freed 1463(87KB) AllocSpace objects, 1(20KB) LOS objects, 23% free, 52MB/68MB, paused 517us total 24.980ms
08-05 21:32:37.006 30832 30844 I art     : Starting a blocking GC Explicit
08-05 21:32:37.028 30832 30844 I art     : Explicit concurrent mark sweep GC freed 4698(269KB) AllocSpace objects, 2(140KB) LOS objects, 23% free, 52MB/68MB, paused 520us total 21.617ms
08-05 21:32:37.037 30832 30844 I art     : Starting a blocking GC Explicit
08-05 21:32:37.058 30832 30844 I art     : Explicit concurrent mark sweep GC freed 3(96B) AllocSpace objects, 0(0B) LOS objects, 23% free, 52MB/68MB, paused 476us total 20.876ms
08-05 21:32:37.066 30832 30844 I art     : Starting a blocking GC Explicit
08-05 21:32:37.088 30832 30844 I art     : Explicit concurrent mark sweep GC freed 3(96B) AllocSpace objects, 0(0B) LOS objects, 23% free, 52MB/68MB, paused 473us total 21.055ms
08-05 21:32:37.096 30832 30844 I art     : Starting a blocking GC Explicit
08-05 21:32:37.118 30832 30844 I art     : Explicit concurrent mark sweep GC freed 3(96B) AllocSpace objects, 0(0B) LOS objects, 23% free, 52MB/68MB, paused 560us total 21.095ms
08-05 21:32:37.415 30832 30843 I art     : Starting a blocking GC Explicit
08-05 21:32:37.442 30832 30843 I art     : Explicit concurrent mark sweep GC freed 1344(78KB) AllocSpace objects, 1(20KB) LOS objects, 23% free, 52MB/68MB, paused 493us total 26.957ms
08-05 21:32:37.457 30832 30843 I art     : Starting a blocking GC Explicit
08-05 21:32:37.479 30832 30843 I art     : Explicit concurrent mark sweep GC freed 20(704B) AllocSpace objects, 0(0B) LOS objects, 23% free, 52MB/68MB, paused 439us total 21.638ms
08-05 21:32:37.488 30832 30843 I art     : Starting a blocking GC Explicit
08-05 21:32:37.509 30832 30843 I art     : Explicit concurrent mark sweep GC freed 3(96B) AllocSpace objects, 0(0B) LOS objects, 23% free, 52MB/68MB, paused 464us total 21.415ms
08-05 21:32:37.518 30832 30843 I art     : Starting a blocking GC Explicit
08-05 21:32:37.540 30832 30843 I art     : Explicit concurrent mark sweep GC freed 3(96B) AllocSpace objects, 0(0B) LOS objects, 23% free, 52MB/68MB, paused 451us total 21.678ms
08-05 21:32:37.549 30832 30843 I art     : Starting a blocking GC Explicit
08-05 21:32:37.570 30832 30843 I art     : Explicit concurrent mark sweep GC freed 3(96B) AllocSpace objects, 0(0B) LOS objects, 23% free, 52MB/68MB, paused 461us total 21.061ms
08-05 21:32:37.837 30832 31309 I art     : Starting a blocking GC Explicit
08-05 21:32:37.858 30832 31309 I art     : Explicit concurrent mark sweep GC freed 1343(78KB) AllocSpace objects, 1(20KB) LOS objects, 23% free, 52MB/68MB, paused 479us total 21.003ms
08-05 21:32:37.867 30832 31309 I art     : Starting a blocking GC Explicit
08-05 21:32:37.888 30832 31309 I art     : Explicit concurrent mark sweep GC freed 20(704B) AllocSpace objects, 0(0B) LOS objects, 23% free, 52MB/68MB, paused 468us total 20.694ms
08-05 21:32:37.897 30832 31309 I art     : Starting a blocking GC Explicit
08-05 21:32:37.918 30832 31309 I art     : Explicit concurrent mark sweep GC freed 6(192B) AllocSpace objects, 0(0B) LOS objects, 23% free, 52MB/68MB, paused 444us total 20.635ms
08-05 21:32:37.926 30832 31309 I art     : Starting a blocking GC Explicit
08-05 21:32:37.946 30832 31309 I art     : Explicit concurrent mark sweep GC freed 13(608B) AllocSpace objects, 0(0B) LOS objects, 23% free, 52MB/68MB, paused 445us total 19.727ms
08-05 21:32:37.949 32572 32572 W Atfwd_Sendcmd: AtCmdFwd service not published, waiting... retryCnt : 2
08-05 21:32:37.955 30832 31309 I art     : Starting a blocking GC Explicit
08-05 21:32:37.975 30832 31309 I art     : Explicit concurrent mark sweep GC freed 17(528B) AllocSpace objects, 0(0B) LOS objects, 23% free, 52MB/68MB, paused 447us total 20.004ms
08-05 21:32:38.135   718   718 D AndroidRuntime: >>>>>> START com.android.internal.os.RuntimeInit uid 2000 <<<<<<
08-05 21:32:38.139   718   718 D AndroidRuntime: CheckJNI is OFF
08-05 21:32:38.170   718   718 D ICU     : No timezone override file found: /data/misc/zoneinfo/current/icu/icu_tzdata.dat
08-05 21:32:38.202   718   718 I Radio-JNI: register_android_hardware_Radio DONE
08-05 21:32:38.223   718   718 D AndroidRuntime: Calling main entry com.android.commands.input.Input
08-05 21:32:38.225   718   718 I Input   : injectMotionEvent: MotionEvent { action=ACTION_DOWN, actionButton=0, id[0]=0, x[0]=648.0, y[0]=1050.0, toolType[0]=TOOL_TYPE_UNKNOWN, buttonState=0, metaState=0, flags=0x0, edgeFlags=0x0, pointerCount=1, historySize=0, eventTime=826374637, downTime=826374637, deviceId=0, source=0x1002 }
08-05 21:32:38.228   718   718 I Input   : injectMotionEvent: MotionEvent { action=ACTION_UP, actionButton=0, id[0]=0, x[0]=648.0, y[0]=1050.0, toolType[0]=TOOL_TYPE_UNKNOWN, buttonState=0, metaState=0, flags=0x0, edgeFlags=0x0, pointerCount=1, historySize=0, eventTime=826374637, downTime=826374637, deviceId=0, source=0x1002 }
08-05 21:32:38.231   718   718 D AndroidRuntime: Shutting down VM
08-05 21:32:38.240   918  4400 I ActivityManager: START u0 {cmp=baseline.appteam.nith.hillffair/.activities.InformationActivity} from uid 10675 on display 0
08-05 21:32:38.241   512  2967 D audio_hw_primary: out_set_parameters: enter: usecase(1: low-latency-playback) kvpairs: routing=2
08-05 21:32:38.254   512  2967 D audio_hw_primary: select_devices: out_snd_device(2: speaker) in_snd_device(0: none)
08-05 21:32:38.254   512  2967 D msm8974_platform: platform_send_audio_calibration: sending audio calibration for snd_device(2) acdb_id(15)
08-05 21:32:38.254   512  2967 I soundtrigger: audio_extn_sound_trigger_update_device_status: device 0x2 of type 0 for Event 1
08-05 21:32:38.257 30832 31309 I art     : Starting a blocking GC Explicit
08-05 21:32:38.273   512  2967 D audio_hw_primary: enable_snd_device: snd_device(2: speaker)
08-05 21:32:38.275   512  2967 D audio_hw_primary: enable_audio_route: apply and update mixer path: low-latency-playback speaker
08-05 21:32:38.277 30832 31309 I art     : Explicit concurrent mark sweep GC freed 1766(107KB) AllocSpace objects, 1(20KB) LOS objects, 23% free, 52MB/68MB, paused 587us total 19.539ms
08-05 21:32:38.285 30832 31309 I art     : Starting a blocking GC Explicit
08-05 21:32:38.308 30832 31309 I art     : Explicit concurrent mark sweep GC freed 483(44KB) AllocSpace objects, 0(0B) LOS objects, 23% free, 52MB/68MB, paused 709us total 23.019ms
08-05 21:32:38.316 30832 31309 I art     : Starting a blocking GC Explicit
08-05 21:32:38.337 30832 31309 I art     : Explicit concurrent mark sweep GC freed 176(10KB) AllocSpace objects, 0(0B) LOS objects, 23% free, 52MB/68MB, paused 498us total 20.256ms
08-05 21:32:38.346 30832 31309 I art     : Starting a blocking GC Explicit
08-05 21:32:38.364 30832 31309 I art     : Explicit concurrent mark sweep GC freed 26(1360B) AllocSpace objects, 0(0B) LOS objects, 23% free, 52MB/68MB, paused 417us total 18.290ms
08-05 21:32:38.372 30832 31309 I art     : Starting a blocking GC Explicit
08-05 21:32:38.392 30832 31309 I art     : Explicit concurrent mark sweep GC freed 83(2592B) AllocSpace objects, 0(0B) LOS objects, 23% free, 52MB/68MB, paused 429us total 19.574ms
08-05 21:32:38.414   918   936 I ActivityManager: Displayed baseline.appteam.nith.hillffair/.activities.InformationActivity: +158ms
08-05 21:32:38.414 13866 13866 I GoogleInputMethodServic: GoogleInputMethodService.onFinishInput():3138 
08-05 21:32:38.415 13866 13866 I GoogleInputMethodServic: GoogleInputMethodService.onStartInput():1808 
08-05 21:32:38.458 30832 30856 D OpenGLRenderer: endAllStagingAnimators on 0x7f8115ec00 (RippleDrawable) with handle 0x7f99f0f140
08-05 21:32:38.650 30832 31309 I art     : Starting a blocking GC Explicit
08-05 21:32:38.657   380   380 W SurfaceFlinger: couldn't log to binary event log: overflow.
08-05 21:32:38.674 30832 31309 I art     : Explicit concurrent mark sweep GC freed 1399(80KB) AllocSpace objects, 1(20KB) LOS objects, 23% free, 52MB/68MB, paused 406us total 23.883ms
08-05 21:32:38.683 30832 31309 I art     : Starting a blocking GC Explicit
08-05 21:32:38.702 30832 31309 I art     : Explicit concurrent mark sweep GC freed 36(1232B) AllocSpace objects, 0(0B) LOS objects, 23% free, 52MB/68MB, paused 426us total 18.773ms
08-05 21:32:38.710 30832 31309 I art     : Starting a blocking GC Explicit
08-05 21:32:38.728 30832 31309 I art     : Explicit concurrent mark sweep GC freed 3(96B) AllocSpace objects, 0(0B) LOS objects, 23% free, 52MB/68MB, paused 393us total 18.582ms
08-05 21:32:38.736 30832 31309 I art     : Starting a blocking GC Explicit
08-05 21:32:38.756 30832 31309 I art     : Explicit concurrent mark sweep GC freed 3(96B) AllocSpace objects, 0(0B) LOS objects, 23% free, 52MB/68MB, paused 388us total 19.746ms
08-05 21:32:38.765 30832 31309 I art     : Starting a blocking GC Explicit
08-05 21:32:38.784 30832 31309 I art     : Explicit concurrent mark sweep GC freed 70(4KB) AllocSpace objects, 0(0B) LOS objects, 23% free, 52MB/68MB, paused 431us total 19.254ms
08-05 21:32:38.808   512  2967 D audio_hw_primary: disable_audio_route: reset and update mixer path: low-latency-playback speaker
08-05 21:32:38.809   512  2967 D audio_hw_primary: disable_snd_device: snd_device(2: speaker)
08-05 21:32:38.817   512  2967 I soundtrigger: audio_extn_sound_trigger_update_device_status: device 0x2 of type 0 for Event 0
08-05 21:32:39.068 30832 30843 I art     : Starting a blocking GC Explicit
08-05 21:32:39.099 30832 30843 I art     : Explicit concurrent mark sweep GC freed 1375(79KB) AllocSpace objects, 1(20KB) LOS objects, 23% free, 52MB/68MB, paused 557us total 30.116ms
08-05 21:32:39.113 30832 30843 I art     : Starting a blocking GC Explicit
08-05 21:32:39.139 30832 30843 I art     : Explicit concurrent mark sweep GC freed 36(1216B) AllocSpace objects, 0(0B) LOS objects, 23% free, 52MB/68MB, paused 454us total 25.921ms
08-05 21:32:39.139 30832 30842 I art     : WaitForGcToComplete blocked for 24.821ms for cause HeapTrim
08-05 21:32:39.148 30832 30843 I art     : Starting a blocking GC Explicit
08-05 21:32:39.169 30832 30843 I art     : Explicit concurrent mark sweep GC freed 3(96B) AllocSpace objects, 0(0B) LOS objects, 23% free, 52MB/68MB, paused 444us total 21.536ms
08-05 21:32:39.178 30832 30843 I art     : Starting a blocking GC Explicit
08-05 21:32:39.199 30832 30843 I art     : Explicit concurrent mark sweep GC freed 3(96B) AllocSpace objects, 0(0B) LOS objects, 23% free, 52MB/68MB, paused 439us total 21.081ms
08-05 21:32:39.208 30832 30843 I art     : Starting a blocking GC Explicit
08-05 21:32:39.229 30832 30843 I art     : Explicit concurrent mark sweep GC freed 3(96B) AllocSpace objects, 0(0B) LOS objects, 23% free, 52MB/68MB, paused 408us total 21.164ms
08-05 21:32:39.520 30832 30862 I art     : Starting a blocking GC Explicit
08-05 21:32:39.549 30832 30862 I art     : Explicit concurrent mark sweep GC freed 1344(78KB) AllocSpace objects, 1(20KB) LOS objects, 23% free, 52MB/68MB, paused 471us total 28.257ms
08-05 21:32:39.557 30832 30862 I art     : Starting a blocking GC Explicit
08-05 21:32:39.580 30832 30862 I art     : Explicit concurrent mark sweep GC freed 20(704B) AllocSpace objects, 0(0B) LOS objects, 23% free, 52MB/68MB, paused 453us total 21.780ms
08-05 21:32:39.589 30832 30862 I art     : Starting a blocking GC Explicit
08-05 21:32:39.611 30832 30862 I art     : Explicit concurrent mark sweep GC freed 3(96B) AllocSpace objects, 0(0B) LOS objects, 23% free, 52MB/68MB, paused 463us total 21.931ms
08-05 21:32:39.620 30832 30862 I art     : Starting a blocking GC Explicit
08-05 21:32:39.629   518   646 I ThermalEngine: ACTION: GPU - Setting GPU[0] to 450000000
08-05 21:32:39.645 30832 30862 I art     : Explicit concurrent mark sweep GC freed 3(96B) AllocSpace objects, 0(0B) LOS objects, 23% free, 52MB/68MB, paused 611us total 25.380ms
08-05 21:32:39.656 30832 30862 I art     : Starting a blocking GC Explicit
08-05 21:32:39.683 30832 30862 I art     : Explicit concurrent mark sweep GC freed 3(96B) AllocSpace objects, 0(0B) LOS objects, 23% free, 52MB/68MB, paused 584us total 26.790ms
08-05 21:32:39.979 30832 31309 I art     : Starting a blocking GC Explicit
08-05 21:32:40.003 30832 31309 I art     : Explicit concurrent mark sweep GC freed 1353(78KB) AllocSpace objects, 1(20KB) LOS objects, 23% free, 52MB/68MB, paused 581us total 24.271ms
08-05 21:32:40.013 30832 31309 I art     : Starting a blocking GC Explicit
08-05 21:32:40.038 30832 31309 I art     : Explicit concurrent mark sweep GC freed 24(832B) AllocSpace objects, 0(0B) LOS objects, 23% free, 52MB/68MB, paused 556us total 23.967ms
08-05 21:32:40.048 30832 31309 I art     : Starting a blocking GC Explicit
08-05 21:32:40.072 30832 31309 I art     : Explicit concurrent mark sweep GC freed 32(1152B) AllocSpace objects, 0(0B) LOS objects, 23% free, 52MB/68MB, paused 560us total 23.914ms
08-05 21:32:40.083 30832 31309 I art     : Starting a blocking GC Explicit
08-05 21:32:40.108 30832 31309 I art     : Explicit concurrent mark sweep GC freed 7(224B) AllocSpace objects, 0(0B) LOS objects, 23% free, 52MB/68MB, paused 671us total 24.966ms
08-05 21:32:40.119 30832 31309 I art     : Starting a blocking GC Explicit
08-05 21:32:40.146 30832 31309 I art     : Explicit concurrent mark sweep GC freed 8(256B) AllocSpace objects, 0(0B) LOS objects, 23% free, 52MB/68MB, paused 559us total 26.280ms
08-05 21:32:40.495 30832 30862 I art     : Starting a blocking GC Explicit
08-05 21:32:40.535 30832 30862 I art     : Explicit concurrent mark sweep GC freed 1345(78KB) AllocSpace objects, 1(20KB) LOS objects, 23% free, 52MB/68MB, paused 945us total 39.086ms
08-05 21:32:40.548 30832 30862 I art     : Starting a blocking GC Explicit
08-05 21:32:40.576 30832 30862 I art     : Explicit concurrent mark sweep GC freed 20(704B) AllocSpace objects, 0(0B) LOS objects, 23% free, 52MB/68MB, paused 610us total 27.175ms
08-05 21:32:40.587 30832 30862 I art     : Starting a blocking GC Explicit
08-05 21:32:40.614 30832 30862 I art     : Explicit concurrent mark sweep GC freed 3(96B) AllocSpace objects, 0(0B) LOS objects, 23% free, 52MB/68MB, paused 600us total 26.974ms
08-05 21:32:40.626 30832 30862 I art     : Starting a blocking GC Explicit
08-05 21:32:40.654 30832 30862 I art     : Explicit concurrent mark sweep GC freed 3(96B) AllocSpace objects, 0(0B) LOS objects, 23% free, 52MB/68MB, paused 603us total 28.645ms
08-05 21:32:40.666 30832 30862 I art     : Starting a blocking GC Explicit
08-05 21:32:40.696 30832 30862 I art     : Explicit concurrent mark sweep GC freed 3(96B) AllocSpace objects, 0(0B) LOS objects, 23% free, 52MB/68MB, paused 630us total 29.655ms
08-05 21:32:41.033 30832 31309 I art     : Starting a blocking GC Explicit
08-05 21:32:41.070 30832 31309 I art     : Explicit concurrent mark sweep GC freed 1344(78KB) AllocSpace objects, 1(20KB) LOS objects, 23% free, 52MB/68MB, paused 662us total 37.285ms
08-05 21:32:41.086 30832 31309 I art     : Starting a blocking GC Explicit
08-05 21:32:41.120 30832 31309 I art     : Explicit concurrent mark sweep GC freed 20(704B) AllocSpace objects, 0(0B) LOS objects, 23% free, 52MB/68MB, paused 627us total 33.420ms
08-05 21:32:41.135 30832 31309 I art     : Starting a blocking GC Explicit
08-05 21:32:41.166 30832 31309 I art     : Explicit concurrent mark sweep GC freed 3(96B) AllocSpace objects, 0(0B) LOS objects, 23% free, 52MB/68MB, paused 593us total 30.347ms
08-05 21:32:41.177 30832 31309 I art     : Starting a blocking GC Explicit
08-05 21:32:41.207 30832 31309 I art     : Explicit concurrent mark sweep GC freed 3(96B) AllocSpace objects, 0(0B) LOS objects, 23% free, 52MB/68MB, paused 683us total 29.536ms
08-05 21:32:41.218 30832 31309 I art     : Starting a blocking GC Explicit
08-05 21:32:41.248 30832 31309 I art     : Explicit concurrent mark sweep GC freed 3(96B) AllocSpace objects, 0(0B) LOS objects, 23% free, 52MB/68MB, paused 646us total 29.434ms
08-05 21:32:41.495 13866 13882 I PeriodicStatsRunner: PeriodicStatsRunner.call():175 call()
08-05 21:32:41.495 13866 13882 I PeriodicStatsRunner: PeriodicStatsRunner.call():179 No submit PeriodicStats since input started.
08-05 21:32:41.578 30832 30844 I art     : Starting a blocking GC Explicit
08-05 21:32:41.612 30832 30844 I art     : Explicit concurrent mark sweep GC freed 1344(78KB) AllocSpace objects, 1(20KB) LOS objects, 23% free, 52MB/68MB, paused 707us total 33.262ms
08-05 21:32:41.630 30832 30844 I art     : Starting a blocking GC Explicit
08-05 21:32:41.658 30832 30844 I art     : Explicit concurrent mark sweep GC freed 20(704B) AllocSpace objects, 0(0B) LOS objects, 23% free, 52MB/68MB, paused 667us total 27.679ms
08-05 21:32:41.669 30832 30844 I art     : Starting a blocking GC Explicit
08-05 21:32:41.698 30832 30844 I art     : Explicit concurrent mark sweep GC freed 3(96B) AllocSpace objects, 0(0B) LOS objects, 23% free, 52MB/68MB, paused 643us total 29.024ms
08-05 21:32:41.710 30832 30844 I art     : Starting a blocking GC Explicit
08-05 21:32:41.739 30832 30844 I art     : Explicit concurrent mark sweep GC freed 3(96B) AllocSpace objects, 0(0B) LOS objects, 23% free, 52MB/68MB, paused 677us total 29.496ms
08-05 21:32:41.751 30832 30844 I art     : Starting a blocking GC Explicit
08-05 21:32:41.780 30832 30844 I art     : Explicit concurrent mark sweep GC freed 3(96B) AllocSpace objects, 0(0B) LOS objects, 23% free, 52MB/68MB, paused 637us total 28.649ms
08-05 21:32:42.111 30832 30843 I art     : Starting a blocking GC Explicit
08-05 21:32:42.144 30832 30843 I art     : Explicit concurrent mark sweep GC freed 1344(78KB) AllocSpace objects, 1(20KB) LOS objects, 23% free, 52MB/68MB, paused 646us total 32.486ms
08-05 21:32:42.158 30832 30843 I art     : Starting a blocking GC Explicit
08-05 21:32:42.187 30832 30843 I art     : Explicit concurrent mark sweep GC freed 20(704B) AllocSpace objects, 0(0B) LOS objects, 23% free, 52MB/68MB, paused 592us total 28.485ms
08-05 21:32:42.198 30832 30843 I art     : Starting a blocking GC Explicit
08-05 21:32:42.229 30832 30843 I art     : Explicit concurrent mark sweep GC freed 3(96B) AllocSpace objects, 0(0B) LOS objects, 23% free, 52MB/68MB, paused 607us total 29.930ms
08-05 21:32:42.240 30832 30843 I art     : Starting a blocking GC Explicit
08-05 21:32:42.270 30832 30843 I art     : Explicit concurrent mark sweep GC freed 3(96B) AllocSpace objects, 0(0B) LOS objects, 23% free, 52MB/68MB, paused 577us total 28.826ms
08-05 21:32:42.281 30832 30843 I art     : Starting a blocking GC Explicit
08-05 21:32:42.309 30832 30843 I art     : Explicit concurrent mark sweep GC freed 3(96B) AllocSpace objects, 0(0B) LOS objects, 23% free, 52MB/68MB, paused 561us total 27.793ms
08-05 21:32:42.613 30832 30862 I art     : Starting a blocking GC Explicit
08-05 21:32:42.645 30832 30862 I art     : Explicit concurrent mark sweep GC freed 1344(78KB) AllocSpace objects, 1(20KB) LOS objects, 23% free, 52MB/68MB, paused 647us total 32.015ms
08-05 21:32:42.660 30832 30862 I art     : Starting a blocking GC Explicit
08-05 21:32:42.689 30832 30862 I art     : Explicit concurrent mark sweep GC freed 20(704B) AllocSpace objects, 0(0B) LOS objects, 23% free, 52MB/68MB, paused 633us total 28.781ms
08-05 21:32:42.700 30832 30862 I art     : Starting a blocking GC Explicit
08-05 21:32:42.728 30832 30862 I art     : Explicit concurrent mark sweep GC freed 3(96B) AllocSpace objects, 0(0B) LOS objects, 23% free, 52MB/68MB, paused 633us total 27.747ms
08-05 21:32:42.739 30832 30862 I art     : Starting a blocking GC Explicit
08-05 21:32:42.768 30832 30862 I art     : Explicit concurrent mark sweep GC freed 3(96B) AllocSpace objects, 0(0B) LOS objects, 23% free, 52MB/68MB, paused 625us total 28.714ms
08-05 21:32:42.780 30832 30862 I art     : Starting a blocking GC Explicit
08-05 21:32:42.807 30832 30862 I art     : Explicit concurrent mark sweep GC freed 3(96B) AllocSpace objects, 0(0B) LOS objects, 23% free, 52MB/68MB, paused 667us total 27.019ms
08-05 21:32:43.039   849   849 D AndroidRuntime: >>>>>> START com.android.internal.os.RuntimeInit uid 2000 <<<<<<
08-05 21:32:43.045   849   849 D AndroidRuntime: CheckJNI is OFF
08-05 21:32:43.087   849   849 D ICU     : No timezone override file found: /data/misc/zoneinfo/current/icu/icu_tzdata.dat
08-05 21:32:43.129   849   849 I Radio-JNI: register_android_hardware_Radio DONE
08-05 21:32:43.131 30832 31309 I art     : Starting a blocking GC Explicit
08-05 21:32:43.159 30832 31309 I art     : Explicit concurrent mark sweep GC freed 1344(78KB) AllocSpace objects, 1(20KB) LOS objects, 23% free, 52MB/68MB, paused 636us total 27.115ms
08-05 21:32:43.159   849   849 D AndroidRuntime: Calling main entry com.android.commands.input.Input
08-05 21:32:43.161   849   849 I Input   : injectKeyEvent: KeyEvent { action=ACTION_DOWN, keyCode=KEYCODE_BACK, scanCode=0, metaState=0, flags=0x0, repeatCount=0, eventTime=826379574, downTime=826379574, deviceId=-1, source=0x101 }
08-05 21:32:43.168   849   849 I Input   : injectKeyEvent: KeyEvent { action=ACTION_UP, keyCode=KEYCODE_BACK, scanCode=0, metaState=0, flags=0x0, repeatCount=0, eventTime=826379574, downTime=826379574, deviceId=-1, source=0x101 }
08-05 21:32:43.170 30832 31309 I art     : Starting a blocking GC Explicit
08-05 21:32:43.174   849   849 D AndroidRuntime: Shutting down VM
08-05 21:32:43.195 30832 31309 I art     : Explicit concurrent mark sweep GC freed 115(5KB) AllocSpace objects, 0(0B) LOS objects, 23% free, 52MB/68MB, paused 578us total 24.058ms
08-05 21:32:43.205 30832 31309 I art     : Starting a blocking GC Explicit
08-05 21:32:43.218 13866 13866 I GoogleInputMethodServic: GoogleInputMethodService.onFinishInput():3138 
08-05 21:32:43.218 13866 13866 I GoogleInputMethodServic: GoogleInputMethodService.onStartInput():1808 
08-05 21:32:43.229 30832 31309 I art     : Explicit concurrent mark sweep GC freed 30(1168B) AllocSpace objects, 0(0B) LOS objects, 23% free, 52MB/68MB, paused 591us total 23.489ms
08-05 21:32:43.241 30832 31309 I art     : Starting a blocking GC Explicit
08-05 21:32:43.265 30832 31309 I art     : Explicit concurrent mark sweep GC freed 27(912B) AllocSpace objects, 0(0B) LOS objects, 23% free, 52MB/68MB, paused 544us total 23.998ms
08-05 21:32:43.276 30832 31309 I art     : Starting a blocking GC Explicit
08-05 21:32:43.299 30832 31309 I art     : Explicit concurrent mark sweep GC freed 3(96B) AllocSpace objects, 0(0B) LOS objects, 23% free, 52MB/68MB, paused 532us total 23.138ms
08-05 21:32:43.416 13866 13882 I PeriodicStatsRunner: PeriodicStatsRunner.call():175 call()
08-05 21:32:43.418 13866 13882 I PeriodicStatsRunner: PeriodicStatsRunner.call():179 No submit PeriodicStats since input started.
08-05 21:32:43.527   380   380 W SurfaceFlinger: couldn't log to binary event log: overflow.
08-05 21:32:43.592 30832 30844 I art     : Starting a blocking GC Explicit
08-05 21:32:43.620 30832 30844 I art     : Explicit concurrent mark sweep GC freed 1454(87KB) AllocSpace objects, 1(20KB) LOS objects, 23% free, 52MB/68MB, paused 635us total 27.813ms
08-05 21:32:43.630 30832 30844 I art     : Starting a blocking GC Explicit
08-05 21:32:43.635   518   646 I ThermalEngine: ACTION: GPU - Setting GPU[0] to 510000000
08-05 21:32:43.656 30832 30844 I art     : Explicit concurrent mark sweep GC freed 1401(90KB) AllocSpace objects, 1(28KB) LOS objects, 23% free, 52MB/68MB, paused 601us total 25.392ms
08-05 21:32:43.667 30832 30844 I art     : Starting a blocking GC Explicit
08-05 21:32:43.690 30832 30844 I art     : Explicit concurrent mark sweep GC freed 3(96B) AllocSpace objects, 0(0B) LOS objects, 23% free, 52MB/68MB, paused 474us total 22.769ms
08-05 21:32:43.699 30832 30844 I art     : Starting a blocking GC Explicit
08-05 21:32:43.720 30832 30844 I art     : Explicit concurrent mark sweep GC freed 3(96B) AllocSpace objects, 0(0B) LOS objects, 23% free, 52MB/68MB, paused 447us total 21.121ms
08-05 21:32:43.729 30832 30844 I art     : Starting a blocking GC Explicit
08-05 21:32:43.750 30832 30844 I art     : Explicit concurrent mark sweep GC freed 3(96B) AllocSpace objects, 0(0B) LOS objects, 23% free, 52MB/68MB, paused 461us total 21.014ms
08-05 21:32:44.042 30832 30843 I art     : Starting a blocking GC Explicit
08-05 21:32:44.069 30832 30843 I art     : Explicit concurrent mark sweep GC freed 1344(78KB) AllocSpace objects, 1(20KB) LOS objects, 23% free, 52MB/68MB, paused 546us total 26.866ms
08-05 21:32:44.082 30832 30843 I art     : Starting a blocking GC Explicit
08-05 21:32:44.103 30832 30843 I art     : Explicit concurrent mark sweep GC freed 20(704B) AllocSpace objects, 0(0B) LOS objects, 23% free, 52MB/68MB, paused 450us total 20.854ms
08-05 21:32:44.112 30832 30843 I art     : Starting a blocking GC Explicit
08-05 21:32:44.133 30832 30843 I art     : Explicit concurrent mark sweep GC freed 3(96B) AllocSpace objects, 0(0B) LOS objects, 23% free, 52MB/68MB, paused 433us total 20.973ms
08-05 21:32:44.142 30832 30843 I art     : Starting a blocking GC Explicit
08-05 21:32:44.164 30832 30843 I art     : Explicit concurrent mark sweep GC freed 3(96B) AllocSpace objects, 0(0B) LOS objects, 23% free, 52MB/68MB, paused 433us total 21.482ms
08-05 21:32:44.173 30832 30843 I art     : Starting a blocking GC Explicit
08-05 21:32:44.193 30832 30843 I art     : Explicit concurrent mark sweep GC freed 3(96B) AllocSpace objects, 0(0B) LOS objects, 23% free, 52MB/68MB, paused 399us total 20.583ms
08-05 21:32:44.194 30832 30842 I art     : WaitForGcToComplete blocked for 20.823ms for cause HeapTrim
08-05 21:32:44.484 30832 30862 I art     : Starting a blocking GC Explicit
08-05 21:32:44.506 30832 30862 I art     : Explicit concurrent mark sweep GC freed 1343(78KB) AllocSpace objects, 1(20KB) LOS objects, 23% free, 52MB/68MB, paused 465us total 21.160ms
08-05 21:32:44.514 30832 30862 I art     : Starting a blocking GC Explicit
08-05 21:32:44.535 30832 30862 I art     : Explicit concurrent mark sweep GC freed 20(704B) AllocSpace objects, 0(0B) LOS objects, 23% free, 52MB/68MB, paused 463us total 20.733ms
08-05 21:32:44.544 30832 30862 I art     : Starting a blocking GC Explicit
08-05 21:32:44.564 30832 30862 I art     : Explicit concurrent mark sweep GC freed 3(96B) AllocSpace objects, 0(0B) LOS objects, 23% free, 52MB/68MB, paused 440us total 19.454ms
08-05 21:32:44.572 30832 30862 I art     : Starting a blocking GC Explicit
08-05 21:32:44.592 30832 30862 I art     : Explicit concurrent mark sweep GC freed 3(96B) AllocSpace objects, 0(0B) LOS objects, 23% free, 52MB/68MB, paused 448us total 19.801ms
08-05 21:32:44.600 30832 30862 I art     : Starting a blocking GC Explicit
08-05 21:32:44.621 30832 30862 I art     : Explicit concurrent mark sweep GC freed 3(96B) AllocSpace objects, 0(0B) LOS objects, 23% free, 52MB/68MB, paused 481us total 20.459ms
08-05 21:32:44.834   952   952 D AndroidRuntime: >>>>>> START com.android.internal.os.RuntimeInit uid 2000 <<<<<<
08-05 21:32:44.839   952   952 D AndroidRuntime: CheckJNI is OFF
08-05 21:32:44.875   952   952 D ICU     : No timezone override file found: /data/misc/zoneinfo/current/icu/icu_tzdata.dat
08-05 21:32:44.898 30832 30843 I art     : Starting a blocking GC Explicit
08-05 21:32:44.910   952   952 I Radio-JNI: register_android_hardware_Radio DONE
08-05 21:32:44.919 30832 30843 I art     : Explicit concurrent mark sweep GC freed 1356(78KB) AllocSpace objects, 1(20KB) LOS objects, 23% free, 52MB/68MB, paused 531us total 21.133ms
08-05 21:32:44.928 30832 30843 I art     : Starting a blocking GC Explicit
08-05 21:32:44.934   952   952 D AndroidRuntime: Calling main entry com.android.commands.input.Input
08-05 21:32:44.936   952   952 I Input   : injectMotionEvent: MotionEvent { action=ACTION_DOWN, actionButton=0, id[0]=0, x[0]=756.0, y[0]=1530.0, toolType[0]=TOOL_TYPE_UNKNOWN, buttonState=0, metaState=0, flags=0x0, edgeFlags=0x0, pointerCount=1, historySize=0, eventTime=826381349, downTime=826381349, deviceId=0, source=0x1002 }
08-05 21:32:44.939   952   952 I Input   : injectMotionEvent: MotionEvent { action=ACTION_UP, actionButton=0, id[0]=0, x[0]=756.0, y[0]=1530.0, toolType[0]=TOOL_TYPE_UNKNOWN, buttonState=0, metaState=0, flags=0x0, edgeFlags=0x0, pointerCount=1, historySize=0, eventTime=826381349, downTime=826381349, deviceId=0, source=0x1002 }
08-05 21:32:44.941   952   952 D AndroidRuntime: Shutting down VM
08-05 21:32:44.948 30832 30843 I art     : Explicit concurrent mark sweep GC freed 51(1776B) AllocSpace objects, 0(0B) LOS objects, 23% free, 52MB/68MB, paused 587us total 19.773ms
08-05 21:32:44.949   918  6112 I ActivityManager: START u0 {cmp=baseline.appteam.nith.hillffair/.activities.LeaderBoardActivity} from uid 10675 on display 0
08-05 21:32:44.951   512  2967 D audio_hw_primary: out_set_parameters: enter: usecase(1: low-latency-playback) kvpairs: routing=2
08-05 21:32:44.958 30832 30843 I art     : Starting a blocking GC Explicit
08-05 21:32:44.965   512  2967 D audio_hw_primary: select_devices: out_snd_device(2: speaker) in_snd_device(0: none)
08-05 21:32:44.965   512  2967 D msm8974_platform: platform_send_audio_calibration: sending audio calibration for snd_device(2) acdb_id(15)
08-05 21:32:44.965   512  2967 I soundtrigger: audio_extn_sound_trigger_update_device_status: device 0x2 of type 0 for Event 1
08-05 21:32:44.974   512  2967 D audio_hw_primary: enable_snd_device: snd_device(2: speaker)
08-05 21:32:44.977   512  2967 D audio_hw_primary: enable_audio_route: apply and update mixer path: low-latency-playback speaker
08-05 21:32:44.978 30832 30843 I art     : Explicit concurrent mark sweep GC freed 64(2288B) AllocSpace objects, 0(0B) LOS objects, 23% free, 52MB/68MB, paused 457us total 19.469ms
08-05 21:32:44.986 30832 30843 I art     : Starting a blocking GC Explicit
08-05 21:32:45.009 30832 30843 I art     : Explicit concurrent mark sweep GC freed 4788(275KB) AllocSpace objects, 0(0B) LOS objects, 23% free, 52MB/68MB, paused 801us total 22.685ms
08-05 21:32:45.017 30832 30843 I art     : Starting a blocking GC Explicit
08-05 21:32:45.036 30832 30843 I art     : Explicit concurrent mark sweep GC freed 419(45KB) AllocSpace objects, 0(0B) LOS objects, 23% free, 52MB/68MB, paused 451us total 19.014ms
08-05 21:32:45.055 30832 30832 E RecyclerView: No adapter attached; skipping layout
08-05 21:32:45.058 30832 30832 E RecyclerView: No adapter attached; skipping layout
08-05 21:32:45.072   918   936 I ActivityManager: Displayed baseline.appteam.nith.hillffair/.activities.LeaderBoardActivity: +108ms
08-05 21:32:45.072 13866 13866 I GoogleInputMethodServic: GoogleInputMethodService.onFinishInput():3138 
08-05 21:32:45.073 30832 30832 E RecyclerView: No adapter attached; skipping layout
08-05 21:32:45.074 13866 13866 I GoogleInputMethodServic: GoogleInputMethodService.onStartInput():1808 
08-05 21:32:45.092 30832 30856 D OpenGLRenderer: endAllStagingAnimators on 0x7f82860800 (RippleDrawable) with handle 0x7f9a1ce660
08-05 21:32:45.283 30832 30844 I art     : Starting a blocking GC Explicit
08-05 21:32:45.313   380   380 W SurfaceFlinger: couldn't log to binary event log: overflow.
08-05 21:32:45.317 30832 30844 I art     : Explicit concurrent mark sweep GC freed 1593(90KB) AllocSpace objects, 1(20KB) LOS objects, 23% free, 52MB/68MB, paused 552us total 33.474ms
08-05 21:32:45.329 30832 30844 I art     : Starting a blocking GC Explicit
08-05 21:32:45.349 30832 30844 I art     : Explicit concurrent mark sweep GC freed 46(1552B) AllocSpace objects, 0(0B) LOS objects, 23% free, 52MB/68MB, paused 458us total 19.608ms
08-05 21:32:45.357 30832 30844 I art     : Starting a blocking GC Explicit
08-05 21:32:45.375 30832 30844 I art     : Explicit concurrent mark sweep GC freed 3(96B) AllocSpace objects, 0(0B) LOS objects, 23% free, 52MB/68MB, paused 460us total 18.674ms
08-05 21:32:45.383 30832 30844 I art     : Starting a blocking GC Explicit
08-05 21:32:45.402 30832 30844 I art     : Explicit concurrent mark sweep GC freed 3(96B) AllocSpace objects, 0(0B) LOS objects, 23% free, 52MB/68MB, paused 459us total 18.716ms
08-05 21:32:45.411 30832 30844 I art     : Starting a blocking GC Explicit
08-05 21:32:45.432 30832 30844 I art     : Explicit concurrent mark sweep GC freed 3(96B) AllocSpace objects, 0(0B) LOS objects, 23% free, 52MB/68MB, paused 461us total 20.273ms
08-05 21:32:45.509   512  2967 D audio_hw_primary: disable_audio_route: reset and update mixer path: low-latency-playback speaker
08-05 21:32:45.510   512  2967 D audio_hw_primary: disable_snd_device: snd_device(2: speaker)
08-05 21:32:45.518   512  2967 I soundtrigger: audio_extn_sound_trigger_update_device_status: device 0x2 of type 0 for Event 0
08-05 21:32:45.519 30832   980 D OkHttp  : --> GET https://api-hillfair-2k16.herokuapp.com/api/app/quiz/leaderboard?from=1 http/1.1
08-05 21:32:45.570 30832   980 D OkHttp  : <-- 200 OK https://api-hillfair-2k16.herokuapp.com/api/app/quiz/leaderboard?from=1 (50ms, 56744-byte body)
08-05 21:32:45.642   518   646 I ThermalEngine: ACTION: GPU - Setting GPU[0] to 450000000
08-05 21:32:45.682 30832 30832 I NAPPA_EXPERIMENTATION: MetricNetworkRequestExecutionTime: REQUEST_DURATION_SYSTEM='681',REQUEST_DURATION_OKHTTP='51',REQUEST_SYNCHRONOUS='FALSE',RESPONSE_CODE='200',RESPONSE_METHOD='GET',RESPONSE_LENGTH_OKHTTP='56744',RESPONSE_LENGTH_HEADER='56744',REQUEST_PROTOCOL='http/1.1',REQUEST_URL='https://api-hillfair-2k16.herokuapp.com/api/app/quiz/leaderboard?from=1',
08-05 21:32:45.717 30832 30862 I art     : Starting a blocking GC Explicit
08-05 21:32:45.751 30832 30862 I art     : Explicit concurrent mark sweep GC freed 30261(1447KB) AllocSpace objects, 4(220KB) LOS objects, 23% free, 53MB/69MB, paused 1.073ms total 33.744ms
08-05 21:32:45.763 30832 30862 I art     : Starting a blocking GC Explicit
08-05 21:32:45.791 30832 30862 I art     : Explicit concurrent mark sweep GC freed 1234(125KB) AllocSpace objects, 0(0B) LOS objects, 23% free, 53MB/69MB, paused 601us total 27.823ms
08-05 21:32:45.801 30832 30862 I art     : Starting a blocking GC Explicit
08-05 21:32:45.828 30832 30862 I art     : Explicit concurrent mark sweep GC freed 3(96B) AllocSpace objects, 0(0B) LOS objects, 23% free, 53MB/69MB, paused 702us total 26.645ms
08-05 21:32:45.839 30832 30862 I art     : Starting a blocking GC Explicit
08-05 21:32:45.868 30832 30862 I art     : Explicit concurrent mark sweep GC freed 3(96B) AllocSpace objects, 0(0B) LOS objects, 23% free, 53MB/69MB, paused 613us total 28.571ms
08-05 21:32:45.880 30832 30862 I art     : Starting a blocking GC Explicit
08-05 21:32:45.909 30832 30862 I art     : Explicit concurrent mark sweep GC freed 3(96B) AllocSpace objects, 0(0B) LOS objects, 23% free, 53MB/69MB, paused 692us total 29.309ms
08-05 21:32:46.213 30832 31309 I art     : Starting a blocking GC Explicit
08-05 21:32:46.249 30832 31309 I art     : Explicit concurrent mark sweep GC freed 1344(78KB) AllocSpace objects, 1(20KB) LOS objects, 23% free, 53MB/69MB, paused 715us total 34.976ms
08-05 21:32:46.262 30832 31309 I art     : Starting a blocking GC Explicit
08-05 21:32:46.292 30832 31309 I art     : Explicit concurrent mark sweep GC freed 20(704B) AllocSpace objects, 0(0B) LOS objects, 23% free, 53MB/69MB, paused 606us total 29.036ms
08-05 21:32:46.303 30832 31309 I art     : Starting a blocking GC Explicit
08-05 21:32:46.332 30832 31309 I art     : Explicit concurrent mark sweep GC freed 3(96B) AllocSpace objects, 0(0B) LOS objects, 23% free, 53MB/69MB, paused 608us total 28.485ms
08-05 21:32:46.344 30832 31309 I art     : Starting a blocking GC Explicit
08-05 21:32:46.373 30832 31309 I art     : Explicit concurrent mark sweep GC freed 3(96B) AllocSpace objects, 0(0B) LOS objects, 23% free, 53MB/69MB, paused 621us total 29.071ms
08-05 21:32:46.384 30832 31309 I art     : Starting a blocking GC Explicit
08-05 21:32:46.414 30832 31309 I art     : Explicit concurrent mark sweep GC freed 3(96B) AllocSpace objects, 0(0B) LOS objects, 23% free, 53MB/69MB, paused 621us total 29.087ms
08-05 21:32:46.722 30832 30843 I art     : Starting a blocking GC Explicit
08-05 21:32:46.761 30832 30843 I art     : Explicit concurrent mark sweep GC freed 1344(78KB) AllocSpace objects, 1(20KB) LOS objects, 23% free, 53MB/69MB, paused 731us total 38.803ms
08-05 21:32:46.778 30832 30843 I art     : Starting a blocking GC Explicit
08-05 21:32:46.812 30832 30843 I art     : Explicit concurrent mark sweep GC freed 20(704B) AllocSpace objects, 0(0B) LOS objects, 23% free, 53MB/69MB, paused 663us total 34.410ms
08-05 21:32:46.824 30832 30843 I art     : Starting a blocking GC Explicit
08-05 21:32:46.856 30832 30843 I art     : Explicit concurrent mark sweep GC freed 3(96B) AllocSpace objects, 0(0B) LOS objects, 23% free, 53MB/69MB, paused 649us total 31.832ms
08-05 21:32:46.868 30832 30843 I art     : Starting a blocking GC Explicit
08-05 21:32:46.901 30832 30843 I art     : Explicit concurrent mark sweep GC freed 3(96B) AllocSpace objects, 0(0B) LOS objects, 23% free, 53MB/69MB, paused 633us total 31.810ms
08-05 21:32:46.912 30832 30843 I art     : Starting a blocking GC Explicit
08-05 21:32:46.941 30832 30843 I art     : Explicit concurrent mark sweep GC freed 3(96B) AllocSpace objects, 0(0B) LOS objects, 23% free, 53MB/69MB, paused 626us total 28.085ms
08-05 21:32:47.254 30832 30844 I art     : Starting a blocking GC Explicit
08-05 21:32:47.295 30832 30844 I art     : Explicit concurrent mark sweep GC freed 1344(78KB) AllocSpace objects, 1(20KB) LOS objects, 23% free, 53MB/69MB, paused 675us total 40.643ms
08-05 21:32:47.312 30832 30844 I art     : Starting a blocking GC Explicit
08-05 21:32:47.345 30832 30844 I art     : Explicit concurrent mark sweep GC freed 20(704B) AllocSpace objects, 0(0B) LOS objects, 23% free, 53MB/69MB, paused 623us total 32.688ms
08-05 21:32:47.357 30832 30844 I art     : Starting a blocking GC Explicit
08-05 21:32:47.389 30832 30844 I art     : Explicit concurrent mark sweep GC freed 3(96B) AllocSpace objects, 0(0B) LOS objects, 23% free, 53MB/69MB, paused 635us total 31.808ms
08-05 21:32:47.401 30832 30844 I art     : Starting a blocking GC Explicit
08-05 21:32:47.431 30832 30844 I art     : Explicit concurrent mark sweep GC freed 3(96B) AllocSpace objects, 0(0B) LOS objects, 23% free, 53MB/69MB, paused 616us total 29.858ms
08-05 21:32:47.443 30832 30844 I art     : Starting a blocking GC Explicit
08-05 21:32:47.474 30832 30844 I art     : Explicit concurrent mark sweep GC freed 3(96B) AllocSpace objects, 0(0B) LOS objects, 23% free, 53MB/69MB, paused 639us total 31.462ms
08-05 21:32:47.803 30832 30862 I art     : Starting a blocking GC Explicit
08-05 21:32:47.838 30832 30862 I art     : Explicit concurrent mark sweep GC freed 1344(78KB) AllocSpace objects, 1(20KB) LOS objects, 23% free, 53MB/69MB, paused 734us total 35.189ms
08-05 21:32:47.851 30832 30862 I art     : Starting a blocking GC Explicit
08-05 21:32:47.881 30832 30862 I art     : Explicit concurrent mark sweep GC freed 20(704B) AllocSpace objects, 0(0B) LOS objects, 23% free, 53MB/69MB, paused 613us total 29.043ms
08-05 21:32:47.892 30832 30862 I art     : Starting a blocking GC Explicit
08-05 21:32:47.921 30832 30862 I art     : Explicit concurrent mark sweep GC freed 3(96B) AllocSpace objects, 0(0B) LOS objects, 23% free, 53MB/69MB, paused 623us total 28.906ms
08-05 21:32:47.933 30832 30862 I art     : Starting a blocking GC Explicit
08-05 21:32:47.949 32572 32572 I ServiceManager: Waiting for service AtCmdFwd...
08-05 21:32:47.956   918  3188 I hubconnection: sensorhub said: 'set_bias 3: -6.0768, 0.0000, 0.0000'
08-05 21:32:47.964 30832 30862 I art     : Explicit concurrent mark sweep GC freed 3(96B) AllocSpace objects, 0(0B) LOS objects, 23% free, 53MB/69MB, paused 642us total 30.591ms
08-05 21:32:47.976 30832 30862 I art     : Starting a blocking GC Explicit
08-05 21:32:48.008 30832 30862 I art     : Explicit concurrent mark sweep GC freed 3(96B) AllocSpace objects, 0(0B) LOS objects, 23% free, 53MB/69MB, paused 650us total 31.839ms
08-05 21:32:48.218 13866 13882 I PeriodicStatsRunner: PeriodicStatsRunner.call():175 call()
08-05 21:32:48.218 13866 13882 I PeriodicStatsRunner: PeriodicStatsRunner.call():179 No submit PeriodicStats since input started.
08-05 21:32:48.343 30832 31309 I art     : Starting a blocking GC Explicit
08-05 21:32:48.384 30832 31309 I art     : Explicit concurrent mark sweep GC freed 1344(78KB) AllocSpace objects, 1(20KB) LOS objects, 23% free, 53MB/69MB, paused 671us total 40.989ms
08-05 21:32:48.399 30832 31309 I art     : Starting a blocking GC Explicit
08-05 21:32:48.430 30832 31309 I art     : Explicit concurrent mark sweep GC freed 20(704B) AllocSpace objects, 0(0B) LOS objects, 23% free, 53MB/69MB, paused 658us total 30.428ms
08-05 21:32:48.441 30832 31309 I art     : Starting a blocking GC Explicit
08-05 21:32:48.473 30832 31309 I art     : Explicit concurrent mark sweep GC freed 3(96B) AllocSpace objects, 0(0B) LOS objects, 23% free, 53MB/69MB, paused 644us total 31.621ms
08-05 21:32:48.485 30832 31309 I art     : Starting a blocking GC Explicit
08-05 21:32:48.517 30832 31309 I art     : Explicit concurrent mark sweep GC freed 3(96B) AllocSpace objects, 0(0B) LOS objects, 23% free, 53MB/69MB, paused 733us total 31.797ms
08-05 21:32:48.529 30832 31309 I art     : Starting a blocking GC Explicit
08-05 21:32:48.559 30832 31309 I art     : Explicit concurrent mark sweep GC freed 3(96B) AllocSpace objects, 0(0B) LOS objects, 23% free, 53MB/69MB, paused 644us total 29.766ms
08-05 21:32:48.905 30832 30843 I art     : Starting a blocking GC Explicit
08-05 21:32:48.940 30832 30843 I art     : Explicit concurrent mark sweep GC freed 1344(78KB) AllocSpace objects, 1(20KB) LOS objects, 23% free, 53MB/69MB, paused 646us total 34.589ms
08-05 21:32:48.950 32572 32572 I ServiceManager: Waiting for service AtCmdFwd...
08-05 21:32:48.953 30832 30843 I art     : Starting a blocking GC Explicit
08-05 21:32:48.983 30832 30843 I art     : Explicit concurrent mark sweep GC freed 20(704B) AllocSpace objects, 0(0B) LOS objects, 23% free, 53MB/69MB, paused 613us total 29.166ms
08-05 21:32:48.994 30832 30843 I art     : Starting a blocking GC Explicit
08-05 21:32:49.022 30832 30843 I art     : Explicit concurrent mark sweep GC freed 3(96B) AllocSpace objects, 0(0B) LOS objects, 23% free, 53MB/69MB, paused 648us total 28.005ms
08-05 21:32:49.034 30832 30843 I art     : Starting a blocking GC Explicit
08-05 21:32:49.064 30832 30843 I art     : Explicit concurrent mark sweep GC freed 3(96B) AllocSpace objects, 0(0B) LOS objects, 23% free, 53MB/69MB, paused 622us total 29.728ms
08-05 21:32:49.076 30832 30843 I art     : Starting a blocking GC Explicit
08-05 21:32:49.108 30832 30843 I art     : Explicit concurrent mark sweep GC freed 3(96B) AllocSpace objects, 0(0B) LOS objects, 23% free, 53MB/69MB, paused 669us total 31.877ms
08-05 21:32:49.392 30832 30844 I art     : Starting a blocking GC Explicit
08-05 21:32:49.426 30832 30844 I art     : Explicit concurrent mark sweep GC freed 1344(78KB) AllocSpace objects, 1(20KB) LOS objects, 23% free, 53MB/69MB, paused 690us total 34.250ms
08-05 21:32:49.442 30832 30844 I art     : Starting a blocking GC Explicit
08-05 21:32:49.474 30832 30844 I art     : Explicit concurrent mark sweep GC freed 20(704B) AllocSpace objects, 0(0B) LOS objects, 23% free, 53MB/69MB, paused 654us total 31.511ms
08-05 21:32:49.485 30832 30844 I art     : Starting a blocking GC Explicit
08-05 21:32:49.515 30832 30844 I art     : Explicit concurrent mark sweep GC freed 3(96B) AllocSpace objects, 0(0B) LOS objects, 23% free, 53MB/69MB, paused 645us total 29.266ms
08-05 21:32:49.515 30832 30842 I art     : WaitForGcToComplete blocked for 8.789ms for cause HeapTrim
08-05 21:32:49.526 30832 30844 I art     : Starting a blocking GC Explicit
08-05 21:32:49.557 30832 30844 I art     : Explicit concurrent mark sweep GC freed 3(96B) AllocSpace objects, 0(0B) LOS objects, 23% free, 53MB/69MB, paused 623us total 29.741ms
08-05 21:32:49.568 30832 30844 I art     : Starting a blocking GC Explicit
08-05 21:32:49.599 30832 30844 I art     : Explicit concurrent mark sweep GC freed 3(96B) AllocSpace objects, 0(0B) LOS objects, 23% free, 53MB/69MB, paused 607us total 30.640ms
08-05 21:32:49.653   518   646 I ThermalEngine: ACTION: GPU - Setting GPU[0] to 510000000
08-05 21:32:49.740  1065  1065 D AndroidRuntime: >>>>>> START com.android.internal.os.RuntimeInit uid 2000 <<<<<<
08-05 21:32:49.746  1065  1065 D AndroidRuntime: CheckJNI is OFF
08-05 21:32:49.778  1065  1065 D ICU     : No timezone override file found: /data/misc/zoneinfo/current/icu/icu_tzdata.dat
08-05 21:32:49.810  1065  1065 I Radio-JNI: register_android_hardware_Radio DONE
08-05 21:32:49.831  1065  1065 D AndroidRuntime: Calling main entry com.android.commands.input.Input
08-05 21:32:49.833  1065  1065 I Input   : injectKeyEvent: KeyEvent { action=ACTION_DOWN, keyCode=KEYCODE_BACK, scanCode=0, metaState=0, flags=0x0, repeatCount=0, eventTime=826386246, downTime=826386246, deviceId=-1, source=0x101 }
08-05 21:32:49.846  1065  1065 I Input   : injectKeyEvent: KeyEvent { action=ACTION_UP, keyCode=KEYCODE_BACK, scanCode=0, metaState=0, flags=0x0, repeatCount=0, eventTime=826386246, downTime=826386246, deviceId=-1, source=0x101 }
08-05 21:32:49.857  1065  1065 D AndroidRuntime: Shutting down VM
08-05 21:32:49.895 13866 13866 I GoogleInputMethodServic: GoogleInputMethodService.onFinishInput():3138 
08-05 21:32:49.895 13866 13866 I GoogleInputMethodServic: GoogleInputMethodService.onStartInput():1808 
08-05 21:32:49.912 30832 31309 I art     : Starting a blocking GC Explicit
08-05 21:32:49.935 30832 31309 I art     : Explicit concurrent mark sweep GC freed 1482(84KB) AllocSpace objects, 1(20KB) LOS objects, 23% free, 53MB/69MB, paused 520us total 22.129ms
08-05 21:32:49.943 30832 31309 I art     : Starting a blocking GC Explicit
08-05 21:32:49.950 32572 32572 I ServiceManager: Waiting for service AtCmdFwd...
08-05 21:32:49.962 30832 31309 I art     : Explicit concurrent mark sweep GC freed 26(944B) AllocSpace objects, 0(0B) LOS objects, 23% free, 53MB/69MB, paused 413us total 19.247ms
08-05 21:32:49.971 30832 31309 I art     : Starting a blocking GC Explicit
08-05 21:32:49.994 30832 31309 I art     : Explicit concurrent mark sweep GC freed 3(96B) AllocSpace objects, 0(0B) LOS objects, 23% free, 53MB/69MB, paused 449us total 22.861ms
08-05 21:32:50.003 30832 31309 I art     : Starting a blocking GC Explicit
08-05 21:32:50.029 30832 31309 I art     : Explicit concurrent mark sweep GC freed 3(96B) AllocSpace objects, 0(0B) LOS objects, 23% free, 53MB/69MB, paused 486us total 25.460ms
08-05 21:32:50.038 30832 31309 I art     : Starting a blocking GC Explicit
08-05 21:32:50.065 30832 31309 I art     : Explicit concurrent mark sweep GC freed 3(96B) AllocSpace objects, 0(0B) LOS objects, 23% free, 53MB/69MB, paused 503us total 26.919ms
08-05 21:32:50.075 13866 13882 I PeriodicStatsRunner: PeriodicStatsRunner.call():175 call()
08-05 21:32:50.076 13866 13882 I PeriodicStatsRunner: PeriodicStatsRunner.call():179 No submit PeriodicStats since input started.
08-05 21:32:50.185   380   380 W SurfaceFlinger: couldn't log to binary event log: overflow.
08-05 21:32:50.320 30832 30862 I art     : Starting a blocking GC Explicit
08-05 21:32:50.347 30832 30862 I art     : Explicit concurrent mark sweep GC freed 1463(87KB) AllocSpace objects, 1(20KB) LOS objects, 23% free, 53MB/69MB, paused 521us total 26.768ms
08-05 21:32:50.360 30832 30862 I art     : Starting a blocking GC Explicit
08-05 21:32:50.383 30832 30862 I art     : Explicit concurrent mark sweep GC freed 4698(269KB) AllocSpace objects, 2(140KB) LOS objects, 23% free, 52MB/68MB, paused 463us total 22.414ms
08-05 21:32:50.392 30832 30862 I art     : Starting a blocking GC Explicit
08-05 21:32:50.413 30832 30862 I art     : Explicit concurrent mark sweep GC freed 3(96B) AllocSpace objects, 0(0B) LOS objects, 23% free, 52MB/68MB, paused 466us total 21.442ms
08-05 21:32:50.422 30832 30862 I art     : Starting a blocking GC Explicit
08-05 21:32:50.444 30832 30862 I art     : Explicit concurrent mark sweep GC freed 3(96B) AllocSpace objects, 0(0B) LOS objects, 23% free, 52MB/68MB, paused 472us total 21.721ms
08-05 21:32:50.454 30832 30862 I art     : Starting a blocking GC Explicit
08-05 21:32:50.475 30832 30862 I art     : Explicit concurrent mark sweep GC freed 3(96B) AllocSpace objects, 0(0B) LOS objects, 23% free, 52MB/68MB, paused 451us total 20.748ms
08-05 21:32:50.765 30832 30844 I art     : Starting a blocking GC Explicit
08-05 21:32:50.793 30832 30844 I art     : Explicit concurrent mark sweep GC freed 1344(78KB) AllocSpace objects, 1(20KB) LOS objects, 23% free, 52MB/68MB, paused 500us total 26.995ms
08-05 21:32:50.805 30832 30844 I art     : Starting a blocking GC Explicit
08-05 21:32:50.830 30832 30844 I art     : Explicit concurrent mark sweep GC freed 20(704B) AllocSpace objects, 0(0B) LOS objects, 23% free, 52MB/68MB, paused 520us total 24.201ms
08-05 21:32:50.838 30832 30844 I art     : Starting a blocking GC Explicit
08-05 21:32:50.860 30832 30844 I art     : Explicit concurrent mark sweep GC freed 3(96B) AllocSpace objects, 0(0B) LOS objects, 23% free, 52MB/68MB, paused 454us total 21.540ms
08-05 21:32:50.869 30832 30844 I art     : Starting a blocking GC Explicit
08-05 21:32:50.890 30832 30844 I art     : Explicit concurrent mark sweep GC freed 3(96B) AllocSpace objects, 0(0B) LOS objects, 23% free, 52MB/68MB, paused 471us total 21.234ms
08-05 21:32:50.899 30832 30844 I art     : Starting a blocking GC Explicit
08-05 21:32:50.921 30832 30844 I art     : Explicit concurrent mark sweep GC freed 3(96B) AllocSpace objects, 0(0B) LOS objects, 23% free, 52MB/68MB, paused 457us total 21.466ms
08-05 21:32:50.950 32572 32572 I ServiceManager: Waiting for service AtCmdFwd...
08-05 21:32:51.193 30832 30843 I art     : Starting a blocking GC Explicit
08-05 21:32:51.215 30832 30843 I art     : Explicit concurrent mark sweep GC freed 1343(78KB) AllocSpace objects, 1(20KB) LOS objects, 23% free, 52MB/68MB, paused 482us total 21.484ms
08-05 21:32:51.224 30832 30843 I art     : Starting a blocking GC Explicit
08-05 21:32:51.245 30832 30843 I art     : Explicit concurrent mark sweep GC freed 20(704B) AllocSpace objects, 0(0B) LOS objects, 23% free, 52MB/68MB, paused 479us total 20.352ms
08-05 21:32:51.253 30832 30843 I art     : Starting a blocking GC Explicit
08-05 21:32:51.273 30832 30843 I art     : Explicit concurrent mark sweep GC freed 3(96B) AllocSpace objects, 0(0B) LOS objects, 23% free, 52MB/68MB, paused 455us total 19.997ms
08-05 21:32:51.282 30832 30843 I art     : Starting a blocking GC Explicit
08-05 21:32:51.302 30832 30843 I art     : Explicit concurrent mark sweep GC freed 3(96B) AllocSpace objects, 0(0B) LOS objects, 23% free, 52MB/68MB, paused 470us total 20.119ms
08-05 21:32:51.310 30832 30843 I art     : Starting a blocking GC Explicit
08-05 21:32:51.331 30832 30843 I art     : Explicit concurrent mark sweep GC freed 3(96B) AllocSpace objects, 0(0B) LOS objects, 23% free, 52MB/68MB, paused 524us total 20.401ms
08-05 21:32:51.513   918  3261 D WifiStateMachine: starting scan for "H369AA63323"WPA_PSK with 2412,5180
08-05 21:32:51.515  1123  1123 D AndroidRuntime: >>>>>> START com.android.internal.os.RuntimeInit uid 2000 <<<<<<
08-05 21:32:51.522  1123  1123 D AndroidRuntime: CheckJNI is OFF
08-05 21:32:51.555  1123  1123 D ICU     : No timezone override file found: /data/misc/zoneinfo/current/icu/icu_tzdata.dat
08-05 21:32:51.585  1123  1123 I Radio-JNI: register_android_hardware_Radio DONE
08-05 21:32:51.606  1123  1123 D AndroidRuntime: Calling main entry com.android.commands.input.Input
08-05 21:32:51.607  1123  1123 I Input   : injectKeyEvent: KeyEvent { action=ACTION_DOWN, keyCode=KEYCODE_BACK, scanCode=0, metaState=0, flags=0x0, repeatCount=0, eventTime=826388020, downTime=826388020, deviceId=-1, source=0x101 }
08-05 21:32:51.611  1123  1123 I Input   : injectKeyEvent: KeyEvent { action=ACTION_UP, keyCode=KEYCODE_BACK, scanCode=0, metaState=0, flags=0x0, repeatCount=0, eventTime=826388020, downTime=826388020, deviceId=-1, source=0x101 }
08-05 21:32:51.615  1123  1123 D AndroidRuntime: Shutting down VM
08-05 21:32:51.619 30832 30843 I art     : Starting a blocking GC Explicit
08-05 21:32:51.640 30832 30843 I art     : Explicit concurrent mark sweep GC freed 1427(82KB) AllocSpace objects, 1(20KB) LOS objects, 23% free, 52MB/68MB, paused 683us total 20.575ms
08-05 21:32:51.648 30832 30843 I art     : Starting a blocking GC Explicit
08-05 21:32:51.669 30832 30843 I art     : Explicit concurrent mark sweep GC freed 97(3KB) AllocSpace objects, 0(0B) LOS objects, 23% free, 52MB/68MB, paused 441us total 20.541ms
08-05 21:32:51.678 30832 30843 I art     : Starting a blocking GC Explicit
08-05 21:32:51.696 13866 13866 I GoogleInputMethodServic: GoogleInputMethodService.onFinishInput():3138 
08-05 21:32:51.697 13866 13866 I GoogleInputMethodServic: GoogleInputMethodService.onStartInput():1808 
08-05 21:32:51.698 30832 30843 I art     : Explicit concurrent mark sweep GC freed 32(1040B) AllocSpace objects, 0(0B) LOS objects, 23% free, 52MB/68MB, paused 590us total 20.249ms
08-05 21:32:51.707 30832 30843 I art     : Starting a blocking GC Explicit
08-05 21:32:51.726 30832 30843 I art     : Explicit concurrent mark sweep GC freed 31(1152B) AllocSpace objects, 0(0B) LOS objects, 23% free, 52MB/68MB, paused 419us total 18.826ms
08-05 21:32:51.735 30832 30843 I art     : Starting a blocking GC Explicit
08-05 21:32:51.753 30832 30843 I art     : Explicit concurrent mark sweep GC freed 7(256B) AllocSpace objects, 0(0B) LOS objects, 23% free, 52MB/68MB, paused 434us total 18.085ms
08-05 21:32:51.951 32572 32572 I ServiceManager: Waiting for service AtCmdFwd...
08-05 21:32:51.987   380   380 W SurfaceFlinger: couldn't log to binary event log: overflow.
08-05 21:32:52.022 30832 31309 I art     : Starting a blocking GC Explicit
08-05 21:32:52.044 30832 31309 I art     : Explicit concurrent mark sweep GC freed 1461(87KB) AllocSpace objects, 1(20KB) LOS objects, 23% free, 52MB/68MB, paused 475us total 21.675ms
08-05 21:32:52.053 30832 31309 I art     : Starting a blocking GC Explicit
08-05 21:32:52.073 30832 31309 I art     : Explicit concurrent mark sweep GC freed 2096(122KB) AllocSpace objects, 3(340KB) LOS objects, 23% free, 52MB/68MB, paused 462us total 20.490ms
08-05 21:32:52.082 30832 31309 I art     : Starting a blocking GC Explicit
08-05 21:32:52.102 30832 31309 I art     : Explicit concurrent mark sweep GC freed 3(96B) AllocSpace objects, 0(0B) LOS objects, 23% free, 52MB/68MB, paused 494us total 20.469ms
08-05 21:32:52.111 30832 31309 I art     : Starting a blocking GC Explicit
08-05 21:32:52.132 30832 31309 I art     : Explicit concurrent mark sweep GC freed 3(96B) AllocSpace objects, 0(0B) LOS objects, 23% free, 52MB/68MB, paused 456us total 20.261ms
08-05 21:32:52.140 30832 31309 I art     : Starting a blocking GC Explicit
08-05 21:32:52.161 30832 31309 I art     : Explicit concurrent mark sweep GC freed 3(96B) AllocSpace objects, 0(0B) LOS objects, 23% free, 52MB/68MB, paused 467us total 20.233ms
08-05 21:32:52.462 30832 30844 I art     : Starting a blocking GC Explicit
08-05 21:32:52.492 30832 30844 I art     : Explicit concurrent mark sweep GC freed 1343(78KB) AllocSpace objects, 1(20KB) LOS objects, 23% free, 52MB/68MB, paused 523us total 29.672ms
08-05 21:32:52.504 30832 30844 I art     : Starting a blocking GC Explicit
08-05 21:32:52.527 30832 30844 I art     : Explicit concurrent mark sweep GC freed 20(704B) AllocSpace objects, 0(0B) LOS objects, 23% free, 52MB/68MB, paused 493us total 23.137ms
08-05 21:32:52.536 30832 30844 I art     : Starting a blocking GC Explicit
08-05 21:32:52.557 30832 30844 I art     : Explicit concurrent mark sweep GC freed 6(192B) AllocSpace objects, 0(0B) LOS objects, 23% free, 52MB/68MB, paused 477us total 20.926ms
08-05 21:32:52.566 30832 30844 I art     : Starting a blocking GC Explicit
08-05 21:32:52.587 30832 30844 I art     : Explicit concurrent mark sweep GC freed 13(608B) AllocSpace objects, 0(0B) LOS objects, 23% free, 52MB/68MB, paused 491us total 20.581ms
08-05 21:32:52.595 30832 30844 I art     : Starting a blocking GC Explicit
08-05 21:32:52.616 30832 30844 I art     : Explicit concurrent mark sweep GC freed 17(528B) AllocSpace objects, 0(0B) LOS objects, 23% free, 52MB/68MB, paused 459us total 20.353ms
08-05 21:32:52.662   518   646 I ThermalEngine: ACTION: GPU - Setting GPU[0] to 450000000
08-05 21:32:52.917 30832 30862 I art     : Starting a blocking GC Explicit
08-05 21:32:52.943 30832 30862 I art     : Explicit concurrent mark sweep GC freed 1341(78KB) AllocSpace objects, 1(20KB) LOS objects, 23% free, 52MB/68MB, paused 603us total 25.625ms
08-05 21:32:52.951 32572 32572 W Atfwd_Sendcmd: AtCmdFwd service not published, waiting... retryCnt : 3
08-05 21:32:52.954 30832 30862 I art     : Starting a blocking GC Explicit
08-05 21:32:52.979 30832 30862 I art     : Explicit concurrent mark sweep GC freed 20(704B) AllocSpace objects, 0(0B) LOS objects, 23% free, 52MB/68MB, paused 690us total 25.339ms
08-05 21:32:52.990 30832 30862 I art     : Starting a blocking GC Explicit
08-05 21:32:53.015 30832 30862 I art     : Explicit concurrent mark sweep GC freed 3(96B) AllocSpace objects, 0(0B) LOS objects, 23% free, 52MB/68MB, paused 608us total 24.997ms
08-05 21:32:53.026 30832 30862 I art     : Starting a blocking GC Explicit
08-05 21:32:53.051 30832 30862 I art     : Explicit concurrent mark sweep GC freed 3(96B) AllocSpace objects, 0(0B) LOS objects, 23% free, 52MB/68MB, paused 605us total 25.110ms
08-05 21:32:53.062 30832 30862 I art     : Starting a blocking GC Explicit
08-05 21:32:53.087 30832 30862 I art     : Explicit concurrent mark sweep GC freed 3(96B) AllocSpace objects, 0(0B) LOS objects, 23% free, 52MB/68MB, paused 673us total 24.817ms
08-05 21:32:53.373  1186  1186 D AndroidRuntime: >>>>>> START com.android.internal.os.RuntimeInit uid 2000 <<<<<<
08-05 21:32:53.379  1186  1186 D AndroidRuntime: CheckJNI is OFF
08-05 21:32:53.387 30832 30843 I art     : Starting a blocking GC Explicit
08-05 21:32:53.416 30832 30843 I art     : Explicit concurrent mark sweep GC freed 1341(78KB) AllocSpace objects, 1(20KB) LOS objects, 23% free, 52MB/68MB, paused 669us total 28.282ms
08-05 21:32:53.430 30832 30843 I art     : Starting a blocking GC Explicit
08-05 21:32:53.433  1186  1186 D ICU     : No timezone override file found: /data/misc/zoneinfo/current/icu/icu_tzdata.dat
08-05 21:32:53.455 30832 30843 I art     : Explicit concurrent mark sweep GC freed 20(704B) AllocSpace objects, 0(0B) LOS objects, 23% free, 52MB/68MB, paused 645us total 25.386ms
08-05 21:32:53.466 30832 30843 I art     : Starting a blocking GC Explicit
08-05 21:32:53.481  1186  1186 I Radio-JNI: register_android_hardware_Radio DONE
08-05 21:32:53.491 30832 30843 I art     : Explicit concurrent mark sweep GC freed 3(96B) AllocSpace objects, 0(0B) LOS objects, 23% free, 52MB/68MB, paused 664us total 24.809ms
08-05 21:32:53.502 30832 30843 I art     : Starting a blocking GC Explicit
08-05 21:32:53.511  1186  1186 D AndroidRuntime: Calling main entry com.android.commands.input.Input
08-05 21:32:53.514  1186  1186 I Input   : injectMotionEvent: MotionEvent { action=ACTION_DOWN, actionButton=0, id[0]=0, x[0]=1053.0, y[0]=1173.0, toolType[0]=TOOL_TYPE_UNKNOWN, buttonState=0, metaState=0, flags=0x0, edgeFlags=0x0, pointerCount=1, historySize=0, eventTime=826389926, downTime=826389926, deviceId=0, source=0x1002 }
08-05 21:32:53.520  1186  1186 I Input   : injectMotionEvent: MotionEvent { action=ACTION_UP, actionButton=0, id[0]=0, x[0]=1053.0, y[0]=1173.0, toolType[0]=TOOL_TYPE_UNKNOWN, buttonState=0, metaState=0, flags=0x0, edgeFlags=0x0, pointerCount=1, historySize=0, eventTime=826389926, downTime=826389926, deviceId=0, source=0x1002 }
08-05 21:32:53.521   918  3714 I ActivityManager: START u0 {cmp=baseline.appteam.nith.hillffair/.activities.QuizActivity} from uid 10675 on display 0
08-05 21:32:53.527 30832 30843 I art     : Explicit concurrent mark sweep GC freed 6(192B) AllocSpace objects, 0(0B) LOS objects, 23% free, 52MB/68MB, paused 839us total 25.037ms
08-05 21:32:53.529  1186  1186 D AndroidRuntime: Shutting down VM
08-05 21:32:53.540 30832 30843 I art     : Starting a blocking GC Explicit
08-05 21:32:53.565 30832 30843 I art     : Explicit concurrent mark sweep GC freed 548(45KB) AllocSpace objects, 0(0B) LOS objects, 23% free, 52MB/68MB, paused 835us total 24.813ms
08-05 21:32:53.634   918   936 I ActivityManager: Displayed baseline.appteam.nith.hillffair/.activities.QuizActivity: +105ms
08-05 21:32:53.635 13866 13866 I GoogleInputMethodServic: GoogleInputMethodService.onFinishInput():3138 
08-05 21:32:53.636 13866 13866 I GoogleInputMethodServic: GoogleInputMethodService.onStartInput():1808 
08-05 21:32:53.848 30832 30843 I art     : Starting a blocking GC Explicit
08-05 21:32:53.881 30832 30843 I art     : Explicit concurrent mark sweep GC freed 1730(93KB) AllocSpace objects, 1(20KB) LOS objects, 23% free, 52MB/68MB, paused 642us total 32.345ms
08-05 21:32:53.891   380   380 W SurfaceFlinger: couldn't log to binary event log: overflow.
08-05 21:32:53.895 30832 30843 I art     : Starting a blocking GC Explicit
08-05 21:32:53.921 30832 30843 I art     : Explicit concurrent mark sweep GC freed 64(2896B) AllocSpace objects, 0(0B) LOS objects, 23% free, 52MB/68MB, paused 578us total 25.560ms
08-05 21:32:53.931 30832 30843 I art     : Starting a blocking GC Explicit
08-05 21:32:53.954 30832 30843 I art     : Explicit concurrent mark sweep GC freed 3(96B) AllocSpace objects, 0(0B) LOS objects, 23% free, 52MB/68MB, paused 562us total 22.805ms
08-05 21:32:53.964 30832 30843 I art     : Starting a blocking GC Explicit
08-05 21:32:53.989 30832 30843 I art     : Explicit concurrent mark sweep GC freed 3(96B) AllocSpace objects, 0(0B) LOS objects, 23% free, 52MB/68MB, paused 584us total 24.486ms
08-05 21:32:54.000 30832 30843 I art     : Starting a blocking GC Explicit
08-05 21:32:54.025 30832 30843 I art     : Explicit concurrent mark sweep GC freed 73(4KB) AllocSpace objects, 0(0B) LOS objects, 23% free, 52MB/68MB, paused 554us total 24.847ms
08-05 21:32:54.322 30832 30844 I art     : Starting a blocking GC Explicit
08-05 21:32:54.355 30832 30844 I art     : Explicit concurrent mark sweep GC freed 1343(78KB) AllocSpace objects, 1(20KB) LOS objects, 23% free, 52MB/68MB, paused 635us total 32.036ms
08-05 21:32:54.368 30832 30844 I art     : Starting a blocking GC Explicit
08-05 21:32:54.395 30832 30844 I art     : Explicit concurrent mark sweep GC freed 20(704B) AllocSpace objects, 0(0B) LOS objects, 23% free, 52MB/68MB, paused 601us total 27.061ms
08-05 21:32:54.406 30832 30844 I art     : Starting a blocking GC Explicit
08-05 21:32:54.434 30832 30844 I art     : Explicit concurrent mark sweep GC freed 3(96B) AllocSpace objects, 0(0B) LOS objects, 23% free, 52MB/68MB, paused 585us total 27.128ms
08-05 21:32:54.445 30832 30844 I art     : Starting a blocking GC Explicit
08-05 21:32:54.471 30832 30844 I art     : Explicit concurrent mark sweep GC freed 3(96B) AllocSpace objects, 0(0B) LOS objects, 23% free, 52MB/68MB, paused 591us total 26.256ms
08-05 21:32:54.482 30832 30844 I art     : Starting a blocking GC Explicit
08-05 21:32:54.510 30832 30844 I art     : Explicit concurrent mark sweep GC freed 3(96B) AllocSpace objects, 0(0B) LOS objects, 23% free, 52MB/68MB, paused 590us total 26.881ms
08-05 21:32:54.812 30832 30862 I art     : Starting a blocking GC Explicit
08-05 21:32:54.851 30832 30862 I art     : Explicit concurrent mark sweep GC freed 1343(78KB) AllocSpace objects, 1(20KB) LOS objects, 23% free, 52MB/68MB, paused 758us total 37.860ms
08-05 21:32:54.865 30832 30862 I art     : Starting a blocking GC Explicit
08-05 21:32:54.892 30832 30862 I art     : Explicit concurrent mark sweep GC freed 20(704B) AllocSpace objects, 0(0B) LOS objects, 23% free, 52MB/68MB, paused 585us total 26.872ms
08-05 21:32:54.895 13866 13882 I PeriodicStatsRunner: PeriodicStatsRunner.call():175 call()
08-05 21:32:54.895 13866 13882 I PeriodicStatsRunner: PeriodicStatsRunner.call():179 No submit PeriodicStats since input started.
08-05 21:32:54.903 30832 30862 I art     : Starting a blocking GC Explicit
08-05 21:32:54.929 30832 30862 I art     : Explicit concurrent mark sweep GC freed 3(96B) AllocSpace objects, 0(0B) LOS objects, 23% free, 52MB/68MB, paused 598us total 26.354ms
08-05 21:32:54.941 30832 30862 I art     : Starting a blocking GC Explicit
08-05 21:32:54.968 30832 30862 I art     : Explicit concurrent mark sweep GC freed 3(96B) AllocSpace objects, 0(0B) LOS objects, 23% free, 52MB/68MB, paused 640us total 27.002ms
08-05 21:32:54.979 30832 30862 I art     : Starting a blocking GC Explicit
08-05 21:32:55.006 30832 30862 I art     : Explicit concurrent mark sweep GC freed 3(96B) AllocSpace objects, 0(0B) LOS objects, 23% free, 52MB/68MB, paused 588us total 26.959ms
08-05 21:32:55.316 30832 31309 I art     : Starting a blocking GC Explicit
08-05 21:32:55.344 30832 31309 I art     : Explicit concurrent mark sweep GC freed 1364(79KB) AllocSpace objects, 1(20KB) LOS objects, 23% free, 52MB/68MB, paused 569us total 27.264ms
08-05 21:32:55.355 30832 31309 I art     : Starting a blocking GC Explicit
08-05 21:32:55.382 30832 31309 I art     : Explicit concurrent mark sweep GC freed 24(832B) AllocSpace objects, 0(0B) LOS objects, 23% free, 52MB/68MB, paused 559us total 27.061ms
08-05 21:32:55.395 30832 31309 I art     : Starting a blocking GC Explicit
08-05 21:32:55.421 30832 31309 I art     : Explicit concurrent mark sweep GC freed 7(224B) AllocSpace objects, 0(0B) LOS objects, 23% free, 52MB/68MB, paused 597us total 26.595ms
08-05 21:32:55.433 30832 31309 I art     : Starting a blocking GC Explicit
08-05 21:32:55.458 30832 31309 I art     : Explicit concurrent mark sweep GC freed 4(128B) AllocSpace objects, 0(0B) LOS objects, 23% free, 52MB/68MB, paused 552us total 25.245ms
08-05 21:32:55.469 30832 31309 I art     : Starting a blocking GC Explicit
08-05 21:32:55.494 30832 31309 I art     : Explicit concurrent mark sweep GC freed 3(96B) AllocSpace objects, 0(0B) LOS objects, 23% free, 52MB/68MB, paused 539us total 25.022ms
08-05 21:32:55.822 30832 30862 I art     : Starting a blocking GC Explicit
08-05 21:32:55.851 30832 30862 I art     : Explicit concurrent mark sweep GC freed 1343(78KB) AllocSpace objects, 1(20KB) LOS objects, 23% free, 52MB/68MB, paused 650us total 29.281ms
08-05 21:32:55.869 30832 30862 I art     : Starting a blocking GC Explicit
08-05 21:32:55.894 30832 30862 I art     : Explicit concurrent mark sweep GC freed 20(704B) AllocSpace objects, 0(0B) LOS objects, 23% free, 52MB/68MB, paused 586us total 24.759ms
08-05 21:32:55.905 30832 30862 I art     : Starting a blocking GC Explicit
08-05 21:32:55.930 30832 30862 I art     : Explicit concurrent mark sweep GC freed 3(96B) AllocSpace objects, 0(0B) LOS objects, 23% free, 52MB/68MB, paused 602us total 24.736ms
08-05 21:32:55.941 30832 30862 I art     : Starting a blocking GC Explicit
08-05 21:32:55.968 30832 30862 I art     : Explicit concurrent mark sweep GC freed 3(96B) AllocSpace objects, 0(0B) LOS objects, 23% free, 52MB/68MB, paused 614us total 26.972ms
08-05 21:32:55.979 30832 30862 I art     : Starting a blocking GC Explicit
08-05 21:32:56.006 30832 30862 I art     : Explicit concurrent mark sweep GC freed 3(96B) AllocSpace objects, 0(0B) LOS objects, 23% free, 52MB/68MB, paused 625us total 26.680ms
08-05 21:32:56.295  1272  1272 D AndroidRuntime: >>>>>> START com.android.internal.os.RuntimeInit uid 2000 <<<<<<
08-05 21:32:56.301  1272  1272 D AndroidRuntime: CheckJNI is OFF
08-05 21:32:56.339 30832 30844 I art     : Starting a blocking GC Explicit
08-05 21:32:56.344  1272  1272 D ICU     : No timezone override file found: /data/misc/zoneinfo/current/icu/icu_tzdata.dat
08-05 21:32:56.366 30832 30844 I art     : Explicit concurrent mark sweep GC freed 1343(78KB) AllocSpace objects, 1(20KB) LOS objects, 23% free, 52MB/68MB, paused 647us total 26.590ms
08-05 21:32:56.377 30832 30844 I art     : Starting a blocking GC Explicit
08-05 21:32:56.389  1272  1272 I Radio-JNI: register_android_hardware_Radio DONE
08-05 21:32:56.403 30832 30844 I art     : Explicit concurrent mark sweep GC freed 20(704B) AllocSpace objects, 0(0B) LOS objects, 23% free, 52MB/68MB, paused 601us total 25.240ms
08-05 21:32:56.414 30832 30844 I art     : Starting a blocking GC Explicit
08-05 21:32:56.418  1272  1272 D AndroidRuntime: Calling main entry com.android.commands.input.Input
08-05 21:32:56.420  1272  1272 I Input   : injectMotionEvent: MotionEvent { action=ACTION_DOWN, actionButton=0, id[0]=0, x[0]=756.0, y[0]=1530.0, toolType[0]=TOOL_TYPE_UNKNOWN, buttonState=0, metaState=0, flags=0x0, edgeFlags=0x0, pointerCount=1, historySize=0, eventTime=826392832, downTime=826392832, deviceId=0, source=0x1002 }
08-05 21:32:56.426  1272  1272 I Input   : injectMotionEvent: MotionEvent { action=ACTION_UP, actionButton=0, id[0]=0, x[0]=756.0, y[0]=1530.0, toolType[0]=TOOL_TYPE_UNKNOWN, buttonState=0, metaState=0, flags=0x0, edgeFlags=0x0, pointerCount=1, historySize=0, eventTime=826392832, downTime=826392832, deviceId=0, source=0x1002 }
08-05 21:32:56.429  1272  1272 D AndroidRuntime: Shutting down VM
08-05 21:32:56.440 30832 30844 I art     : Explicit concurrent mark sweep GC freed 28(960B) AllocSpace objects, 0(0B) LOS objects, 23% free, 52MB/68MB, paused 609us total 25.794ms
08-05 21:32:56.445   918  6112 I ActivityManager: START u0 {cmp=baseline.appteam.nith.hillffair/.activities.LeaderBoardActivity} from uid 10675 on display 0
08-05 21:32:56.446   512  2967 D audio_hw_primary: out_set_parameters: enter: usecase(1: low-latency-playback) kvpairs: routing=2
08-05 21:32:56.451 30832 30844 I art     : Starting a blocking GC Explicit
08-05 21:32:56.460   512  2967 D audio_hw_primary: select_devices: out_snd_device(2: speaker) in_snd_device(0: none)
08-05 21:32:56.460   512  2967 D msm8974_platform: platform_send_audio_calibration: sending audio calibration for snd_device(2) acdb_id(15)
08-05 21:32:56.461   512  2967 I soundtrigger: audio_extn_sound_trigger_update_device_status: device 0x2 of type 0 for Event 1
08-05 21:32:56.474   512  2967 D audio_hw_primary: enable_snd_device: snd_device(2: speaker)
08-05 21:32:56.477   512  2967 D audio_hw_primary: enable_audio_route: apply and update mixer path: low-latency-playback speaker
08-05 21:32:56.477 30832 30844 I art     : Explicit concurrent mark sweep GC freed 364(19KB) AllocSpace objects, 0(0B) LOS objects, 23% free, 52MB/68MB, paused 797us total 26.360ms
08-05 21:32:56.489 30832 30844 I art     : Starting a blocking GC Explicit
08-05 21:32:56.517 30832 30844 I art     : Explicit concurrent mark sweep GC freed 4668(292KB) AllocSpace objects, 0(0B) LOS objects, 23% free, 52MB/68MB, paused 775us total 27.833ms
08-05 21:32:56.547 30832 30832 E RecyclerView: No adapter attached; skipping layout
08-05 21:32:56.566 13866 13866 I GoogleInputMethodServic: GoogleInputMethodService.onFinishInput():3138 
08-05 21:32:56.566   918   936 I ActivityManager: Displayed baseline.appteam.nith.hillffair/.activities.LeaderBoardActivity: +107ms
08-05 21:32:56.566 13866 13866 I GoogleInputMethodServic: GoogleInputMethodService.onStartInput():1808 
08-05 21:32:56.567 30832 30832 E RecyclerView: No adapter attached; skipping layout
08-05 21:32:56.588 30832 30856 D OpenGLRenderer: endAllStagingAnimators on 0x7f7d629400 (RippleDrawable) with handle 0x7f7eeb4280
08-05 21:32:56.697 13866 13882 I PeriodicStatsRunner: PeriodicStatsRunner.call():175 call()
08-05 21:32:56.698 13866 13882 I PeriodicStatsRunner: PeriodicStatsRunner.call():179 No submit PeriodicStats since input started.
08-05 21:32:56.790 30832 30843 I art     : Starting a blocking GC Explicit
08-05 21:32:56.818 30832 30843 I art     : Explicit concurrent mark sweep GC freed 1846(101KB) AllocSpace objects, 1(20KB) LOS objects, 23% free, 52MB/68MB, paused 769us total 27.115ms
08-05 21:32:56.826   380   380 W SurfaceFlinger: couldn't log to binary event log: overflow.
08-05 21:32:56.829 30832 30843 I art     : Starting a blocking GC Explicit
08-05 21:32:56.854 30832 30843 I art     : Explicit concurrent mark sweep GC freed 55(2128B) AllocSpace objects, 0(0B) LOS objects, 23% free, 52MB/68MB, paused 617us total 24.420ms
08-05 21:32:56.864 30832 30843 I art     : Starting a blocking GC Explicit
08-05 21:32:56.888 30832 30843 I art     : Explicit concurrent mark sweep GC freed 5(160B) AllocSpace objects, 0(0B) LOS objects, 23% free, 52MB/68MB, paused 662us total 24.237ms
08-05 21:32:56.899 30832 30843 I art     : Starting a blocking GC Explicit
08-05 21:32:56.924 30832 30843 I art     : Explicit concurrent mark sweep GC freed 5(160B) AllocSpace objects, 0(0B) LOS objects, 23% free, 52MB/68MB, paused 706us total 25.300ms
08-05 21:32:56.935 30832 30843 I art     : Starting a blocking GC Explicit
08-05 21:32:56.962 30832 30843 I art     : Explicit concurrent mark sweep GC freed 81(5KB) AllocSpace objects, 0(0B) LOS objects, 23% free, 52MB/68MB, paused 768us total 26.302ms
08-05 21:32:57.009   512  2967 D audio_hw_primary: disable_audio_route: reset and update mixer path: low-latency-playback speaker
08-05 21:32:57.011   512  2967 D audio_hw_primary: disable_snd_device: snd_device(2: speaker)
08-05 21:32:57.018   512  2967 I soundtrigger: audio_extn_sound_trigger_update_device_status: device 0x2 of type 0 for Event 0
08-05 21:32:57.255 30832 30844 I art     : Starting a blocking GC Explicit
08-05 21:32:57.283 30832 30844 I art     : Explicit concurrent mark sweep GC freed 1475(84KB) AllocSpace objects, 1(20KB) LOS objects, 23% free, 52MB/68MB, paused 679us total 27.989ms
08-05 21:32:57.294 30832 30844 I art     : Starting a blocking GC Explicit
08-05 21:32:57.321 30832 30844 I art     : Explicit concurrent mark sweep GC freed 74(2496B) AllocSpace objects, 0(0B) LOS objects, 23% free, 52MB/68MB, paused 675us total 26.659ms
08-05 21:32:57.332 30832 30844 I art     : Starting a blocking GC Explicit
08-05 21:32:57.359 30832 30844 I art     : Explicit concurrent mark sweep GC freed 123(4KB) AllocSpace objects, 0(0B) LOS objects, 23% free, 52MB/68MB, paused 867us total 26.708ms
08-05 21:32:57.370 30832 30844 I art     : Starting a blocking GC Explicit
08-05 21:32:57.398 30832  1295 D OkHttp  : --> GET https://api-hillfair-2k16.herokuapp.com/api/app/quiz/leaderboard?from=1 http/1.1
08-05 21:32:57.399 30832 30844 I art     : Explicit concurrent mark sweep GC freed 2447(126KB) AllocSpace objects, 2(120KB) LOS objects, 23% free, 53MB/69MB, paused 1.037ms total 28.223ms
08-05 21:32:57.410 30832 30844 I art     : Starting a blocking GC Explicit
08-05 21:32:57.436 30832  1295 D OkHttp  : <-- 200 OK https://api-hillfair-2k16.herokuapp.com/api/app/quiz/leaderboard?from=1 (38ms, 56744-byte body)
08-05 21:32:57.436 30832 30844 I art     : Explicit concurrent mark sweep GC freed 988(116KB) AllocSpace objects, 1(80KB) LOS objects, 23% free, 52MB/68MB, paused 667us total 26.069ms
08-05 21:32:57.530 30832 30832 I NAPPA_EXPERIMENTATION: MetricNetworkRequestExecutionTime: REQUEST_DURATION_SYSTEM='1028',REQUEST_DURATION_OKHTTP='38',REQUEST_SYNCHRONOUS='FALSE',RESPONSE_CODE='200',RESPONSE_METHOD='GET',RESPONSE_LENGTH_OKHTTP='56744',RESPONSE_LENGTH_HEADER='56744',REQUEST_PROTOCOL='http/1.1',REQUEST_URL='https://api-hillfair-2k16.herokuapp.com/api/app/quiz/leaderboard?from=1',
08-05 21:32:57.711 30832 30862 I art     : Starting a blocking GC Explicit
08-05 21:32:57.745 30832 30862 I art     : Explicit concurrent mark sweep GC freed 27695(1314KB) AllocSpace objects, 1(20KB) LOS objects, 23% free, 53MB/69MB, paused 659us total 33.756ms
08-05 21:32:57.760 30832 30862 I art     : Starting a blocking GC Explicit
08-05 21:32:57.789 30832 30862 I art     : Explicit concurrent mark sweep GC freed 127(4KB) AllocSpace objects, 0(0B) LOS objects, 23% free, 53MB/69MB, paused 655us total 29.187ms
08-05 21:32:57.800 30832 30862 I art     : Starting a blocking GC Explicit
08-05 21:32:57.829 30832 30862 I art     : Explicit concurrent mark sweep GC freed 3(96B) AllocSpace objects, 0(0B) LOS objects, 23% free, 53MB/69MB, paused 633us total 28.137ms
08-05 21:32:57.840 30832 30862 I art     : Starting a blocking GC Explicit
08-05 21:32:57.869 30832 30862 I art     : Explicit concurrent mark sweep GC freed 3(96B) AllocSpace objects, 0(0B) LOS objects, 23% free, 53MB/69MB, paused 643us total 28.962ms
08-05 21:32:57.881 30832 30862 I art     : Starting a blocking GC Explicit
08-05 21:32:57.910 30832 30862 I art     : Explicit concurrent mark sweep GC freed 3(96B) AllocSpace objects, 0(0B) LOS objects, 23% free, 53MB/69MB, paused 653us total 28.644ms
08-05 21:32:58.202 30832  1328 W OneSignal: OneSignalRestClient: POST Error thrown from network stack. 
08-05 21:32:58.202 30832  1328 W OneSignal: java.io.IOException: unexpected end of stream on Connection{api.onesignal.com:443, proxy=HTTP@192.168.2.12:8080 hostAddress=192.168.2.12 cipherSuite=TLS_ECDHE_RSA_WITH_AES_128_GCM_SHA256 protocol=http/1.1} (recycle count=0)
08-05 21:32:58.202 30832  1328 W OneSignal: 	at com.android.okhttp.internal.http.HttpConnection.readResponse(HttpConnection.java:210)
08-05 21:32:58.202 30832  1328 W OneSignal: 	at com.android.okhttp.internal.http.HttpTransport.readResponseHeaders(HttpTransport.java:80)
08-05 21:32:58.202 30832  1328 W OneSignal: 	at com.android.okhttp.internal.http.HttpEngine.readNetworkResponse(HttpEngine.java:904)
08-05 21:32:58.202 30832  1328 W OneSignal: 	at com.android.okhttp.internal.http.HttpEngine.readResponse(HttpEngine.java:788)
08-05 21:32:58.202 30832  1328 W OneSignal: 	at com.android.okhttp.internal.huc.HttpURLConnectionImpl.execute(HttpURLConnectionImpl.java:439)
08-05 21:32:58.202 30832  1328 W OneSignal: 	at com.android.okhttp.internal.huc.HttpURLConnectionImpl.getResponse(HttpURLConnectionImpl.java:384)
08-05 21:32:58.202 30832  1328 W OneSignal: 	at com.android.okhttp.internal.huc.HttpURLConnectionImpl.getResponseCode(HttpURLConnectionImpl.java:497)
08-05 21:32:58.202 30832  1328 W OneSignal: 	at com.android.okhttp.internal.huc.DelegatingHttpsURLConnection.getResponseCode(DelegatingHttpsURLConnection.java:105)
08-05 21:32:58.202 30832  1328 W OneSignal: 	at com.android.okhttp.internal.huc.HttpsURLConnectionImpl.getResponseCode(HttpsURLConnectionImpl.java)
08-05 21:32:58.202 30832  1328 W OneSignal: 	at com.onesignal.OneSignalRestClient.startHTTPConnection(OneSignalRestClient.java:180)
08-05 21:32:58.202 30832  1328 W OneSignal: 	at com.onesignal.OneSignalRestClient.access$100(OneSignalRestClient.java:44)
08-05 21:32:58.202 30832  1328 W OneSignal: 	at com.onesignal.OneSignalRestClient$4.run(OneSignalRestClient.java:110)
08-05 21:32:58.202 30832  1328 W OneSignal: 	at java.lang.Thread.run(Thread.java:818)
08-05 21:32:58.202 30832  1328 W OneSignal: Caused by: java.io.EOFException: \n not found: size=0 content=...
08-05 21:32:58.202 30832  1328 W OneSignal: 	at com.android.okhttp.okio.RealBufferedSource.readUtf8LineStrict(RealBufferedSource.java:200)
08-05 21:32:58.202 30832  1328 W OneSignal: 	at com.android.okhttp.internal.http.HttpConnection.readResponse(HttpConnection.java:191)
08-05 21:32:58.202 30832  1328 W OneSignal: 	... 12 more
08-05 21:32:58.204 30832  1340 W OneSignal: Failed last request. statusCode: -1
08-05 21:32:58.204 30832  1340 W OneSignal: response: null
08-05 21:32:58.217 30832 30844 I art     : Starting a blocking GC Explicit
08-05 21:32:58.254 30832 30844 I art     : Explicit concurrent mark sweep GC freed 3966(244KB) AllocSpace objects, 1(20KB) LOS objects, 23% free, 53MB/69MB, paused 719us total 36.416ms
08-05 21:32:58.270 30832 30844 I art     : Starting a blocking GC Explicit
08-05 21:32:58.301 30832 30844 I art     : Explicit concurrent mark sweep GC freed 96(3KB) AllocSpace objects, 0(0B) LOS objects, 23% free, 53MB/69MB, paused 634us total 30.546ms
08-05 21:32:58.313 30832 30844 I art     : Starting a blocking GC Explicit
08-05 21:32:58.345 30832 30844 I art     : Explicit concurrent mark sweep GC freed 3(96B) AllocSpace objects, 0(0B) LOS objects, 23% free, 53MB/69MB, paused 667us total 32.024ms
08-05 21:32:58.357 30832 30844 I art     : Starting a blocking GC Explicit
08-05 21:32:58.389 30832 30844 I art     : Explicit concurrent mark sweep GC freed 3(96B) AllocSpace objects, 0(0B) LOS objects, 23% free, 53MB/69MB, paused 657us total 32.185ms
08-05 21:32:58.401 30832 30844 I art     : Starting a blocking GC Explicit
08-05 21:32:58.432 30832 30844 I art     : Explicit concurrent mark sweep GC freed 3(96B) AllocSpace objects, 0(0B) LOS objects, 23% free, 53MB/69MB, paused 684us total 30.832ms
08-05 21:32:58.636 13866 13882 I PeriodicStatsRunner: PeriodicStatsRunner.call():175 call()
08-05 21:32:58.638 13866 13882 I PeriodicStatsRunner: PeriodicStatsRunner.call():179 No submit PeriodicStats since input started.
08-05 21:32:58.750 30832 30843 I art     : Starting a blocking GC Explicit
08-05 21:32:58.786 30832 30843 I art     : Explicit concurrent mark sweep GC freed 1344(78KB) AllocSpace objects, 1(20KB) LOS objects, 23% free, 53MB/69MB, paused 674us total 35.941ms
08-05 21:32:58.799 30832 30843 I art     : Starting a blocking GC Explicit
08-05 21:32:58.829 30832 30843 I art     : Explicit concurrent mark sweep GC freed 20(704B) AllocSpace objects, 0(0B) LOS objects, 23% free, 53MB/69MB, paused 626us total 29.570ms
08-05 21:32:58.841 30832 30843 I art     : Starting a blocking GC Explicit
08-05 21:32:58.872 30832 30843 I art     : Explicit concurrent mark sweep GC freed 3(96B) AllocSpace objects, 0(0B) LOS objects, 23% free, 53MB/69MB, paused 658us total 31.396ms
08-05 21:32:58.884 30832 30843 I art     : Starting a blocking GC Explicit
08-05 21:32:58.915 30832 30843 I art     : Explicit concurrent mark sweep GC freed 7(224B) AllocSpace objects, 0(0B) LOS objects, 23% free, 53MB/69MB, paused 615us total 30.501ms
08-05 21:32:58.927 30832 30843 I art     : Starting a blocking GC Explicit
08-05 21:32:58.959 30832 30843 I art     : Explicit concurrent mark sweep GC freed 12(576B) AllocSpace objects, 0(0B) LOS objects, 23% free, 53MB/69MB, paused 625us total 31.739ms
08-05 21:32:59.286 30832 31309 I art     : Starting a blocking GC Explicit
08-05 21:32:59.321 30832 31309 I art     : Explicit concurrent mark sweep GC freed 1358(78KB) AllocSpace objects, 1(20KB) LOS objects, 23% free, 53MB/69MB, paused 656us total 34.744ms
08-05 21:32:59.335 30832 31309 I art     : Starting a blocking GC Explicit
08-05 21:32:59.365 30832 31309 I art     : Explicit concurrent mark sweep GC freed 20(704B) AllocSpace objects, 0(0B) LOS objects, 23% free, 53MB/69MB, paused 618us total 30.375ms
08-05 21:32:59.377 30832 31309 I art     : Starting a blocking GC Explicit
08-05 21:32:59.408 30832 31309 I art     : Explicit concurrent mark sweep GC freed 3(96B) AllocSpace objects, 0(0B) LOS objects, 23% free, 53MB/69MB, paused 656us total 30.825ms
08-05 21:32:59.420 30832 31309 I art     : Starting a blocking GC Explicit
08-05 21:32:59.452 30832 31309 I art     : Explicit concurrent mark sweep GC freed 3(96B) AllocSpace objects, 0(0B) LOS objects, 23% free, 53MB/69MB, paused 591us total 31.230ms
08-05 21:32:59.464 30832 31309 I art     : Starting a blocking GC Explicit
08-05 21:32:59.496 30832 31309 I art     : Explicit concurrent mark sweep GC freed 3(96B) AllocSpace objects, 0(0B) LOS objects, 23% free, 53MB/69MB, paused 627us total 31.628ms
08-05 21:32:59.815 30832 30862 I art     : Starting a blocking GC Explicit
08-05 21:32:59.853 30832 30862 I art     : Explicit concurrent mark sweep GC freed 1344(78KB) AllocSpace objects, 1(20KB) LOS objects, 23% free, 53MB/69MB, paused 665us total 37.594ms
08-05 21:32:59.867 30832 30862 I art     : Starting a blocking GC Explicit
08-05 21:32:59.898 30832 30862 I art     : Explicit concurrent mark sweep GC freed 20(704B) AllocSpace objects, 0(0B) LOS objects, 23% free, 53MB/69MB, paused 724us total 30.493ms
08-05 21:32:59.910 30832 30862 I art     : Starting a blocking GC Explicit
08-05 21:32:59.942 30832 30862 I art     : Explicit concurrent mark sweep GC freed 3(96B) AllocSpace objects, 0(0B) LOS objects, 23% free, 53MB/69MB, paused 637us total 31.958ms
08-05 21:32:59.954 30832 30862 I art     : Starting a blocking GC Explicit
08-05 21:32:59.986 30832 30862 I art     : Explicit concurrent mark sweep GC freed 3(96B) AllocSpace objects, 0(0B) LOS objects, 23% free, 53MB/69MB, paused 643us total 31.553ms
08-05 21:32:59.998 30832 30862 I art     : Starting a blocking GC Explicit
08-05 21:33:00.028 30832 30862 I art     : Explicit concurrent mark sweep GC freed 3(96B) AllocSpace objects, 0(0B) LOS objects, 23% free, 53MB/69MB, paused 660us total 29.426ms
08-05 21:33:00.323 30832 30844 I art     : Starting a blocking GC Explicit
08-05 21:33:00.362 30832 30844 I art     : Explicit concurrent mark sweep GC freed 1344(78KB) AllocSpace objects, 1(20KB) LOS objects, 23% free, 53MB/69MB, paused 703us total 38.825ms
08-05 21:33:00.380 30832 30844 I art     : Starting a blocking GC Explicit
08-05 21:33:00.412 30832 30844 I art     : Explicit concurrent mark sweep GC freed 20(704B) AllocSpace objects, 0(0B) LOS objects, 23% free, 53MB/69MB, paused 652us total 31.233ms
08-05 21:33:00.424 30832 30844 I art     : Starting a blocking GC Explicit
08-05 21:33:00.456 30832 30844 I art     : Explicit concurrent mark sweep GC freed 3(96B) AllocSpace objects, 0(0B) LOS objects, 23% free, 53MB/69MB, paused 631us total 32.205ms
08-05 21:33:00.468 30832 30844 I art     : Starting a blocking GC Explicit
08-05 21:33:00.500 30832 30844 I art     : Explicit concurrent mark sweep GC freed 3(96B) AllocSpace objects, 0(0B) LOS objects, 23% free, 53MB/69MB, paused 637us total 32.042ms
08-05 21:33:00.512 30832 30844 I art     : Starting a blocking GC Explicit
08-05 21:33:00.544 30832 30844 I art     : Explicit concurrent mark sweep GC freed 3(96B) AllocSpace objects, 0(0B) LOS objects, 23% free, 53MB/69MB, paused 649us total 31.540ms
08-05 21:33:00.835 30832 30843 I art     : Starting a blocking GC Explicit
08-05 21:33:00.868 30832 30843 I art     : Explicit concurrent mark sweep GC freed 1344(78KB) AllocSpace objects, 1(20KB) LOS objects, 23% free, 53MB/69MB, paused 652us total 32.725ms
08-05 21:33:00.880 30832 30843 I art     : Starting a blocking GC Explicit
08-05 21:33:00.909 30832 30843 I art     : Explicit concurrent mark sweep GC freed 20(704B) AllocSpace objects, 0(0B) LOS objects, 23% free, 53MB/69MB, paused 676us total 28.994ms
08-05 21:33:00.921 30832 30843 I art     : Starting a blocking GC Explicit
08-05 21:33:00.952 30832 30843 I art     : Explicit concurrent mark sweep GC freed 3(96B) AllocSpace objects, 0(0B) LOS objects, 23% free, 53MB/69MB, paused 674us total 30.546ms
08-05 21:33:00.964 30832 30843 I art     : Starting a blocking GC Explicit
08-05 21:33:00.993 30832 30843 I art     : Explicit concurrent mark sweep GC freed 3(96B) AllocSpace objects, 0(0B) LOS objects, 23% free, 53MB/69MB, paused 611us total 28.807ms
08-05 21:33:01.004 30832 30843 I art     : Starting a blocking GC Explicit
08-05 21:33:01.035 30832 30843 I art     : Explicit concurrent mark sweep GC freed 3(96B) AllocSpace objects, 0(0B) LOS objects, 23% free, 53MB/69MB, paused 652us total 30.342ms
08-05 21:33:01.242  1383  1383 D AndroidRuntime: >>>>>> START com.android.internal.os.RuntimeInit uid 2000 <<<<<<
08-05 21:33:01.248  1383  1383 D AndroidRuntime: CheckJNI is OFF
08-05 21:33:01.290  1383  1383 D ICU     : No timezone override file found: /data/misc/zoneinfo/current/icu/icu_tzdata.dat
08-05 21:33:01.331  1383  1383 I Radio-JNI: register_android_hardware_Radio DONE
08-05 21:33:01.355 30832 31309 I art     : Starting a blocking GC Explicit
08-05 21:33:01.361  1383  1383 D AndroidRuntime: Calling main entry com.android.commands.input.Input
08-05 21:33:01.363  1383  1383 I Input   : injectKeyEvent: KeyEvent { action=ACTION_DOWN, keyCode=KEYCODE_BACK, scanCode=0, metaState=0, flags=0x0, repeatCount=0, eventTime=826397776, downTime=826397776, deviceId=-1, source=0x101 }
08-05 21:33:01.371  1383  1383 I Input   : injectKeyEvent: KeyEvent { action=ACTION_UP, keyCode=KEYCODE_BACK, scanCode=0, metaState=0, flags=0x0, repeatCount=0, eventTime=826397776, downTime=826397776, deviceId=-1, source=0x101 }
08-05 21:33:01.377  1383  1383 D AndroidRuntime: Shutting down VM
08-05 21:33:01.384 30832 31309 I art     : Explicit concurrent mark sweep GC freed 1361(78KB) AllocSpace objects, 1(20KB) LOS objects, 23% free, 53MB/69MB, paused 688us total 28.576ms
08-05 21:33:01.396 30832 31309 I art     : Starting a blocking GC Explicit
08-05 21:33:01.422 30832 31309 I art     : Explicit concurrent mark sweep GC freed 105(5KB) AllocSpace objects, 0(0B) LOS objects, 23% free, 53MB/69MB, paused 636us total 26.046ms
08-05 21:33:01.423 13866 13866 I GoogleInputMethodServic: GoogleInputMethodService.onFinishInput():3138 
08-05 21:33:01.424 13866 13866 I GoogleInputMethodServic: GoogleInputMethodService.onStartInput():1808 
08-05 21:33:01.433 30832 31309 I art     : Starting a blocking GC Explicit
08-05 21:33:01.461 30832 31309 I art     : Explicit concurrent mark sweep GC freed 39(1408B) AllocSpace objects, 0(0B) LOS objects, 23% free, 53MB/69MB, paused 629us total 28.039ms
08-05 21:33:01.472 30832 31309 I art     : Starting a blocking GC Explicit
08-05 21:33:01.498 30832 31309 I art     : Explicit concurrent mark sweep GC freed 9(336B) AllocSpace objects, 0(0B) LOS objects, 23% free, 53MB/69MB, paused 593us total 25.373ms
08-05 21:33:01.508 30832 31309 I art     : Starting a blocking GC Explicit
08-05 21:33:01.535 30832 31309 I art     : Explicit concurrent mark sweep GC freed 3(96B) AllocSpace objects, 0(0B) LOS objects, 23% free, 53MB/69MB, paused 563us total 26.345ms
08-05 21:33:01.566 13866 13882 I PeriodicStatsRunner: PeriodicStatsRunner.call():175 call()
08-05 21:33:01.567 13866 13882 I PeriodicStatsRunner: PeriodicStatsRunner.call():179 No submit PeriodicStats since input started.
08-05 21:33:01.673   518   646 I ThermalEngine: ACTION: GPU - Setting GPU[0] to 510000000
08-05 21:33:01.731   380   380 W SurfaceFlinger: couldn't log to binary event log: overflow.
08-05 21:33:01.796 30832 31309 I art     : Starting a blocking GC Explicit
08-05 21:33:01.817 30832 31309 I art     : Explicit concurrent mark sweep GC freed 1463(87KB) AllocSpace objects, 1(20KB) LOS objects, 23% free, 53MB/69MB, paused 445us total 21.309ms
08-05 21:33:01.826 30832 31309 I art     : Starting a blocking GC Explicit
08-05 21:33:01.845 30832 31309 I art     : Explicit concurrent mark sweep GC freed 4698(269KB) AllocSpace objects, 2(140KB) LOS objects, 23% free, 52MB/68MB, paused 435us total 19.713ms
08-05 21:33:01.853 30832 31309 I art     : Starting a blocking GC Explicit
08-05 21:33:01.872 30832 31309 I art     : Explicit concurrent mark sweep GC freed 3(96B) AllocSpace objects, 0(0B) LOS objects, 23% free, 52MB/68MB, paused 433us total 18.487ms
08-05 21:33:01.880 30832 31309 I art     : Starting a blocking GC Explicit
08-05 21:33:01.899 30832 31309 I art     : Explicit concurrent mark sweep GC freed 3(96B) AllocSpace objects, 0(0B) LOS objects, 23% free, 52MB/68MB, paused 436us total 18.588ms
08-05 21:33:01.907 30832 31309 I art     : Starting a blocking GC Explicit
08-05 21:33:01.926 30832 31309 I art     : Explicit concurrent mark sweep GC freed 3(96B) AllocSpace objects, 0(0B) LOS objects, 23% free, 52MB/68MB, paused 427us total 19.101ms
08-05 21:33:02.202 30832 30843 I art     : Starting a blocking GC Explicit
08-05 21:33:02.224 30832 30843 I art     : Explicit concurrent mark sweep GC freed 1344(78KB) AllocSpace objects, 1(20KB) LOS objects, 23% free, 52MB/68MB, paused 460us total 21.987ms
08-05 21:33:02.233 30832 30843 I art     : Starting a blocking GC Explicit
08-05 21:33:02.255 30832 30843 I art     : Explicit concurrent mark sweep GC freed 20(704B) AllocSpace objects, 0(0B) LOS objects, 23% free, 52MB/68MB, paused 447us total 21.605ms
08-05 21:33:02.264 30832 30843 I art     : Starting a blocking GC Explicit
08-05 21:33:02.286 30832 30843 I art     : Explicit concurrent mark sweep GC freed 3(96B) AllocSpace objects, 0(0B) LOS objects, 23% free, 52MB/68MB, paused 487us total 21.674ms
08-05 21:33:02.294 30832 30843 I art     : Starting a blocking GC Explicit
08-05 21:33:02.316 30832 30843 I art     : Explicit concurrent mark sweep GC freed 3(96B) AllocSpace objects, 0(0B) LOS objects, 23% free, 52MB/68MB, paused 440us total 21.555ms
08-05 21:33:02.325 30832 30843 I art     : Starting a blocking GC Explicit
08-05 21:33:02.347 30832 30843 I art     : Explicit concurrent mark sweep GC freed 3(96B) AllocSpace objects, 0(0B) LOS objects, 23% free, 52MB/68MB, paused 518us total 21.679ms
08-05 21:33:02.644 30832 30862 I art     : Starting a blocking GC Explicit
08-05 21:33:02.667 30832 30862 I art     : Explicit concurrent mark sweep GC freed 1343(78KB) AllocSpace objects, 1(20KB) LOS objects, 23% free, 52MB/68MB, paused 478us total 22.080ms
08-05 21:33:02.675 30832 30862 I art     : Starting a blocking GC Explicit
08-05 21:33:02.697 30832 30862 I art     : Explicit concurrent mark sweep GC freed 20(704B) AllocSpace objects, 0(0B) LOS objects, 23% free, 52MB/68MB, paused 532us total 21.198ms
08-05 21:33:02.705 30832 30862 I art     : Starting a blocking GC Explicit
08-05 21:33:02.727 30832 30862 I art     : Explicit concurrent mark sweep GC freed 3(96B) AllocSpace objects, 0(0B) LOS objects, 23% free, 52MB/68MB, paused 532us total 21.308ms
08-05 21:33:02.735 30832 30862 I art     : Starting a blocking GC Explicit
08-05 21:33:02.756 30832 30862 I art     : Explicit concurrent mark sweep GC freed 3(96B) AllocSpace objects, 0(0B) LOS objects, 23% free, 52MB/68MB, paused 464us total 20.443ms
08-05 21:33:02.765 30832 30862 I art     : Starting a blocking GC Explicit
08-05 21:33:02.785 30832 30862 I art     : Explicit concurrent mark sweep GC freed 3(96B) AllocSpace objects, 0(0B) LOS objects, 23% free, 52MB/68MB, paused 524us total 20.730ms
08-05 21:33:03.020  1449  1449 D AndroidRuntime: >>>>>> START com.android.internal.os.RuntimeInit uid 2000 <<<<<<
08-05 21:33:03.025  1449  1449 D AndroidRuntime: CheckJNI is OFF
08-05 21:33:03.060 30832 30862 I art     : Starting a blocking GC Explicit
08-05 21:33:03.062  1449  1449 D ICU     : No timezone override file found: /data/misc/zoneinfo/current/icu/icu_tzdata.dat
08-05 21:33:03.083 30832 30862 I art     : Explicit concurrent mark sweep GC freed 1351(78KB) AllocSpace objects, 1(20KB) LOS objects, 23% free, 52MB/68MB, paused 484us total 22.251ms
08-05 21:33:03.093 30832 30862 I art     : Starting a blocking GC Explicit
08-05 21:33:03.099  1449  1449 I Radio-JNI: register_android_hardware_Radio DONE
08-05 21:33:03.113 30832 30862 I art     : Explicit concurrent mark sweep GC freed 24(832B) AllocSpace objects, 0(0B) LOS objects, 23% free, 52MB/68MB, paused 461us total 19.788ms
08-05 21:33:03.120  1449  1449 D AndroidRuntime: Calling main entry com.android.commands.input.Input
08-05 21:33:03.121 30832 30862 I art     : Starting a blocking GC Explicit
08-05 21:33:03.123  1449  1449 I Input   : injectKeyEvent: KeyEvent { action=ACTION_DOWN, keyCode=KEYCODE_BACK, scanCode=0, metaState=0, flags=0x0, repeatCount=0, eventTime=826399536, downTime=826399536, deviceId=-1, source=0x101 }
08-05 21:33:03.128  1449  1449 I Input   : injectKeyEvent: KeyEvent { action=ACTION_UP, keyCode=KEYCODE_BACK, scanCode=0, metaState=0, flags=0x0, repeatCount=0, eventTime=826399536, downTime=826399536, deviceId=-1, source=0x101 }
08-05 21:33:03.135  1449  1449 D AndroidRuntime: Shutting down VM
08-05 21:33:03.140 30832 30862 I art     : Explicit concurrent mark sweep GC freed 23(832B) AllocSpace objects, 0(0B) LOS objects, 23% free, 52MB/68MB, paused 468us total 18.953ms
08-05 21:33:03.149 30832 30862 I art     : Starting a blocking GC Explicit
08-05 21:33:03.169 30832 30862 I art     : Explicit concurrent mark sweep GC freed 130(6KB) AllocSpace objects, 0(0B) LOS objects, 23% free, 52MB/68MB, paused 443us total 19.727ms
08-05 21:33:03.178 30832 30862 I art     : Starting a blocking GC Explicit
08-05 21:33:03.198 30832 30862 I art     : Explicit concurrent mark sweep GC freed 4(128B) AllocSpace objects, 0(0B) LOS objects, 23% free, 52MB/68MB, paused 663us total 19.777ms
08-05 21:33:03.214 13866 13866 I GoogleInputMethodServic: GoogleInputMethodService.onFinishInput():3138 
08-05 21:33:03.214 13866 13866 I GoogleInputMethodServic: GoogleInputMethodService.onStartInput():1808 
08-05 21:33:03.463 30832 30862 I art     : Starting a blocking GC Explicit
08-05 21:33:03.483   380   380 W SurfaceFlinger: couldn't log to binary event log: overflow.
08-05 21:33:03.485 30832 30862 I art     : Explicit concurrent mark sweep GC freed 1477(86KB) AllocSpace objects, 1(20KB) LOS objects, 23% free, 52MB/68MB, paused 711us total 21.931ms
08-05 21:33:03.495 30832 30862 I art     : Starting a blocking GC Explicit
08-05 21:33:03.516 30832 30862 I art     : Explicit concurrent mark sweep GC freed 97(5KB) AllocSpace objects, 0(0B) LOS objects, 23% free, 52MB/68MB, paused 455us total 20.922ms
08-05 21:33:03.525 30832 30862 I art     : Starting a blocking GC Explicit
08-05 21:33:03.544 30832 30862 I art     : Explicit concurrent mark sweep GC freed 2061(121KB) AllocSpace objects, 2(180KB) LOS objects, 23% free, 52MB/68MB, paused 418us total 18.739ms
08-05 21:33:03.552 30832 30862 I art     : Starting a blocking GC Explicit
08-05 21:33:03.571 30832 30862 I art     : Explicit concurrent mark sweep GC freed 3(96B) AllocSpace objects, 0(0B) LOS objects, 23% free, 52MB/68MB, paused 441us total 19.226ms
08-05 21:33:03.580 30832 30862 I art     : Starting a blocking GC Explicit
08-05 21:33:03.600 30832 30862 I art     : Explicit concurrent mark sweep GC freed 3(96B) AllocSpace objects, 0(0B) LOS objects, 23% free, 52MB/68MB, paused 443us total 20.297ms
08-05 21:33:03.680   518   646 I ThermalEngine: ACTION: GPU - Setting GPU[0] to 450000000
08-05 21:33:03.908 30832 31309 I art     : Starting a blocking GC Explicit
08-05 21:33:03.943 30832 31309 I art     : Explicit concurrent mark sweep GC freed 1343(78KB) AllocSpace objects, 1(20KB) LOS objects, 23% free, 52MB/68MB, paused 741us total 34.549ms
08-05 21:33:03.960 30832 31309 I art     : Starting a blocking GC Explicit
08-05 21:33:03.986 30832 31309 I art     : Explicit concurrent mark sweep GC freed 20(704B) AllocSpace objects, 0(0B) LOS objects, 23% free, 52MB/68MB, paused 579us total 26.413ms
08-05 21:33:03.997 30832 31309 I art     : Starting a blocking GC Explicit
08-05 21:33:04.024 30832 31309 I art     : Explicit concurrent mark sweep GC freed 3(96B) AllocSpace objects, 0(0B) LOS objects, 23% free, 52MB/68MB, paused 577us total 26.083ms
08-05 21:33:04.035 30832 31309 I art     : Starting a blocking GC Explicit
08-05 21:33:04.061 30832 31309 I art     : Explicit concurrent mark sweep GC freed 3(96B) AllocSpace objects, 0(0B) LOS objects, 23% free, 52MB/68MB, paused 570us total 26.085ms
08-05 21:33:04.072 30832 31309 I art     : Starting a blocking GC Explicit
08-05 21:33:04.099 30832 31309 I art     : Explicit concurrent mark sweep GC freed 3(96B) AllocSpace objects, 0(0B) LOS objects, 23% free, 52MB/68MB, paused 591us total 26.410ms
08-05 21:33:04.254   918  3188 I hubconnection: sensorhub said: 'set_bias 3: -6.2112, 0.0000, 0.0000'
08-05 21:33:04.400 30832 30844 I art     : Starting a blocking GC Explicit
08-05 21:33:04.427 30832 30844 I art     : Explicit concurrent mark sweep GC freed 1341(78KB) AllocSpace objects, 1(20KB) LOS objects, 23% free, 52MB/68MB, paused 755us total 27.203ms
08-05 21:33:04.438 30832 30844 I art     : Starting a blocking GC Explicit
08-05 21:33:04.464 30832 30844 I art     : Explicit concurrent mark sweep GC freed 20(704B) AllocSpace objects, 0(0B) LOS objects, 23% free, 52MB/68MB, paused 604us total 25.267ms
08-05 21:33:04.474 30832 30844 I art     : Starting a blocking GC Explicit
08-05 21:33:04.500 30832 30844 I art     : Explicit concurrent mark sweep GC freed 3(96B) AllocSpace objects, 0(0B) LOS objects, 23% free, 52MB/68MB, paused 626us total 25.127ms
08-05 21:33:04.511 30832 30844 I art     : Starting a blocking GC Explicit
08-05 21:33:04.536 30832 30844 I art     : Explicit concurrent mark sweep GC freed 3(96B) AllocSpace objects, 0(0B) LOS objects, 23% free, 52MB/68MB, paused 603us total 24.481ms
08-05 21:33:04.546 30832 30844 I art     : Starting a blocking GC Explicit
08-05 21:33:04.572 30832 30844 I art     : Explicit concurrent mark sweep GC freed 3(96B) AllocSpace objects, 0(0B) LOS objects, 23% free, 52MB/68MB, paused 598us total 25.506ms
08-05 21:33:04.870 30832 30843 I art     : Starting a blocking GC Explicit
08-05 21:33:04.901 30832 30843 I art     : Explicit concurrent mark sweep GC freed 1341(78KB) AllocSpace objects, 1(20KB) LOS objects, 23% free, 52MB/68MB, paused 631us total 30.655ms
08-05 21:33:04.905  1506  1506 D AndroidRuntime: >>>>>> START com.android.internal.os.RuntimeInit uid 2000 <<<<<<
08-05 21:33:04.912  1506  1506 D AndroidRuntime: CheckJNI is OFF
08-05 21:33:04.912 30832 30843 I art     : Starting a blocking GC Explicit
08-05 21:33:04.939 30832 30843 I art     : Explicit concurrent mark sweep GC freed 20(704B) AllocSpace objects, 0(0B) LOS objects, 23% free, 52MB/68MB, paused 604us total 26.427ms
08-05 21:33:04.949 30832 30843 I art     : Starting a blocking GC Explicit
08-05 21:33:04.960  1506  1506 D ICU     : No timezone override file found: /data/misc/zoneinfo/current/icu/icu_tzdata.dat
08-05 21:33:04.975 30832 30843 I art     : Explicit concurrent mark sweep GC freed 3(96B) AllocSpace objects, 0(0B) LOS objects, 23% free, 52MB/68MB, paused 616us total 25.431ms
08-05 21:33:04.986 30832 30843 I art     : Starting a blocking GC Explicit
08-05 21:33:05.005  1506  1506 I Radio-JNI: register_android_hardware_Radio DONE
08-05 21:33:05.012 30832 30843 I art     : Explicit concurrent mark sweep GC freed 3(96B) AllocSpace objects, 0(0B) LOS objects, 23% free, 52MB/68MB, paused 624us total 25.988ms
08-05 21:33:05.023 30832 30843 I art     : Starting a blocking GC Explicit
08-05 21:33:05.035  1506  1506 D AndroidRuntime: Calling main entry com.android.commands.input.Input
08-05 21:33:05.037  1506  1506 I Input   : injectMotionEvent: MotionEvent { action=ACTION_DOWN, actionButton=0, id[0]=0, x[0]=1084.0, y[0]=2213.0, toolType[0]=TOOL_TYPE_UNKNOWN, buttonState=0, metaState=0, flags=0x0, edgeFlags=0x0, pointerCount=1, historySize=0, eventTime=826401450, downTime=826401450, deviceId=0, source=0x1002 }
08-05 21:33:05.045  1506  1506 I Input   : injectMotionEvent: MotionEvent { action=ACTION_UP, actionButton=0, id[0]=0, x[0]=1084.0, y[0]=2213.0, toolType[0]=TOOL_TYPE_UNKNOWN, buttonState=0, metaState=0, flags=0x0, edgeFlags=0x0, pointerCount=1, historySize=0, eventTime=826401450, downTime=826401450, deviceId=0, source=0x1002 }
08-05 21:33:05.050 30832 30843 I art     : Explicit concurrent mark sweep GC freed 7(4KB) AllocSpace objects, 0(0B) LOS objects, 23% free, 52MB/68MB, paused 867us total 26.380ms
08-05 21:33:05.050   918  3714 I ActivityManager: START u0 {cmp=baseline.appteam.nith.hillffair/.activities.EventActivity} from uid 10675 on display 0
08-05 21:33:05.059  1506  1506 D AndroidRuntime: Shutting down VM
08-05 21:33:05.144 13866 13866 I GoogleInputMethodServic: GoogleInputMethodService.onFinishInput():3138 
08-05 21:33:05.144 13866 13866 I GoogleInputMethodServic: GoogleInputMethodService.onStartInput():1808 
08-05 21:33:05.170   918   936 I ActivityManager: Displayed baseline.appteam.nith.hillffair/.activities.EventActivity: +111ms
08-05 21:33:05.331 30832 31309 I art     : Starting a blocking GC Explicit
08-05 21:33:05.367 30832 31309 I art     : Explicit concurrent mark sweep GC freed 6173(366KB) AllocSpace objects, 1(20KB) LOS objects, 23% free, 52MB/68MB, paused 660us total 35.832ms
08-05 21:33:05.381 30832 31309 I art     : Starting a blocking GC Explicit
08-05 21:33:05.412 30832 31309 I art     : Explicit concurrent mark sweep GC freed 266(11KB) AllocSpace objects, 0(0B) LOS objects, 23% free, 52MB/68MB, paused 634us total 30.365ms
08-05 21:33:05.420   380   380 W SurfaceFlinger: couldn't log to binary event log: overflow.
08-05 21:33:05.425 30832 31309 I art     : Starting a blocking GC Explicit
08-05 21:33:05.450 30832 31309 I art     : Explicit concurrent mark sweep GC freed 3(96B) AllocSpace objects, 0(0B) LOS objects, 23% free, 52MB/68MB, paused 638us total 24.219ms
08-05 21:33:05.460 30832 31309 I art     : Starting a blocking GC Explicit
08-05 21:33:05.485 30832 31309 I art     : Explicit concurrent mark sweep GC freed 3(96B) AllocSpace objects, 0(0B) LOS objects, 23% free, 52MB/68MB, paused 630us total 24.338ms
08-05 21:33:05.496 30832 31309 I art     : Starting a blocking GC Explicit
08-05 21:33:05.521 30832 31309 I art     : Explicit concurrent mark sweep GC freed 3(96B) AllocSpace objects, 0(0B) LOS objects, 23% free, 52MB/68MB, paused 680us total 25.580ms
08-05 21:33:05.824 30832 30862 I art     : Starting a blocking GC Explicit
08-05 21:33:05.852 30832 30862 I art     : Explicit concurrent mark sweep GC freed 1470(85KB) AllocSpace objects, 1(20KB) LOS objects, 23% free, 52MB/68MB, paused 674us total 28.053ms
08-05 21:33:05.863 30832 30862 I art     : Starting a blocking GC Explicit
08-05 21:33:05.891 30832 30862 I art     : Explicit concurrent mark sweep GC freed 2562(131KB) AllocSpace objects, 2(120KB) LOS objects, 23% free, 52MB/68MB, paused 856us total 27.169ms
08-05 21:33:05.896 30832  1529 D OkHttp  : --> GET https://api-hillfair-2k16.herokuapp.com/api/app/club http/1.1
08-05 21:33:05.901 30832 30862 I art     : Starting a blocking GC Explicit
08-05 21:33:05.927 30832 30862 I art     : Explicit concurrent mark sweep GC freed 1027(119KB) AllocSpace objects, 1(80KB) LOS objects, 23% free, 52MB/68MB, paused 676us total 25.848ms
08-05 21:33:05.934 30832  1529 D OkHttp  : <-- 200 OK https://api-hillfair-2k16.herokuapp.com/api/app/club (38ms, 1870-byte body)
08-05 21:33:05.938 30832 30862 I art     : Starting a blocking GC Explicit
08-05 21:33:05.954 30832 30832 I NAPPA_EXPERIMENTATION: MetricNetworkRequestExecutionTime: REQUEST_DURATION_SYSTEM='865',REQUEST_DURATION_OKHTTP='38',REQUEST_SYNCHRONOUS='FALSE',RESPONSE_CODE='200',RESPONSE_METHOD='GET',RESPONSE_LENGTH_OKHTTP='1870',RESPONSE_LENGTH_HEADER='1870',REQUEST_PROTOCOL='http/1.1',REQUEST_URL='https://api-hillfair-2k16.herokuapp.com/api/app/club',
08-05 21:33:05.964 30832 30862 I art     : Explicit concurrent mark sweep GC freed 460(81KB) AllocSpace objects, 0(0B) LOS objects, 23% free, 52MB/68MB, paused 632us total 26.361ms
08-05 21:33:05.975 30832 30862 I art     : Starting a blocking GC Explicit
08-05 21:33:06.002 30832 30862 I art     : Explicit concurrent mark sweep GC freed 662(29KB) AllocSpace objects, 0(0B) LOS objects, 23% free, 52MB/68MB, paused 1.004ms total 26.924ms
08-05 21:33:06.277 30832 30843 I art     : Starting a blocking GC Explicit
08-05 21:33:06.306 30832 30843 I art     : Explicit concurrent mark sweep GC freed 3468(324KB) AllocSpace objects, 1(20KB) LOS objects, 23% free, 53MB/69MB, paused 815us total 29.386ms
08-05 21:33:06.318 30832 30843 I art     : Starting a blocking GC Explicit
08-05 21:33:06.346 30832 30843 I art     : Explicit concurrent mark sweep GC freed 195(6KB) AllocSpace objects, 0(0B) LOS objects, 23% free, 53MB/69MB, paused 833us total 28.617ms
08-05 21:33:06.358 30832 30843 I art     : Starting a blocking GC Explicit
08-05 21:33:06.388 30832 30843 I art     : Explicit concurrent mark sweep GC freed 3(96B) AllocSpace objects, 0(0B) LOS objects, 23% free, 53MB/69MB, paused 963us total 29.425ms
08-05 21:33:06.399 30832 30843 I art     : Starting a blocking GC Explicit
08-05 21:33:06.424 13866 13882 I PeriodicStatsRunner: PeriodicStatsRunner.call():175 call()
08-05 21:33:06.424 13866 13882 I PeriodicStatsRunner: PeriodicStatsRunner.call():179 No submit PeriodicStats since input started.
08-05 21:33:06.428 30832 30843 I art     : Explicit concurrent mark sweep GC freed 3(96B) AllocSpace objects, 0(0B) LOS objects, 23% free, 53MB/69MB, paused 842us total 29.214ms
08-05 21:33:06.440 30832 30843 I art     : Starting a blocking GC Explicit
08-05 21:33:06.469 30832 30843 I art     : Explicit concurrent mark sweep GC freed 3(96B) AllocSpace objects, 0(0B) LOS objects, 23% free, 53MB/69MB, paused 830us total 28.996ms
08-05 21:33:06.754 30832 30862 I art     : Starting a blocking GC Explicit
08-05 21:33:06.785 30832 30862 I art     : Explicit concurrent mark sweep GC freed 9473(558KB) AllocSpace objects, 1(20KB) LOS objects, 23% free, 53MB/69MB, paused 685us total 30.701ms
08-05 21:33:06.797 30832 30862 I art     : Starting a blocking GC Explicit
08-05 21:33:06.824 30832 30862 I art     : Explicit concurrent mark sweep GC freed 246(8KB) AllocSpace objects, 0(0B) LOS objects, 23% free, 53MB/69MB, paused 676us total 26.984ms
08-05 21:33:06.835 30832 30862 I art     : Starting a blocking GC Explicit
08-05 21:33:06.863 30832 30862 I art     : Explicit concurrent mark sweep GC freed 3(96B) AllocSpace objects, 0(0B) LOS objects, 23% free, 53MB/69MB, paused 664us total 27.667ms
08-05 21:33:06.874 30832 30862 I art     : Starting a blocking GC Explicit
08-05 21:33:06.903 30832 30862 I art     : Explicit concurrent mark sweep GC freed 3(96B) AllocSpace objects, 0(0B) LOS objects, 23% free, 53MB/69MB, paused 627us total 28.888ms
08-05 21:33:06.915 30832 30862 I art     : Starting a blocking GC Explicit
08-05 21:33:06.944 30832 30862 I art     : Explicit concurrent mark sweep GC freed 3(96B) AllocSpace objects, 0(0B) LOS objects, 23% free, 53MB/69MB, paused 695us total 29.394ms
08-05 21:33:07.277 30832 31309 I art     : Starting a blocking GC Explicit
08-05 21:33:07.315 30832 31309 I art     : Explicit concurrent mark sweep GC freed 1344(78KB) AllocSpace objects, 1(20KB) LOS objects, 23% free, 53MB/69MB, paused 735us total 37.679ms
08-05 21:33:07.329 30832 31309 I art     : Starting a blocking GC Explicit
08-05 21:33:07.364 30832 31309 I art     : Explicit concurrent mark sweep GC freed 20(704B) AllocSpace objects, 0(0B) LOS objects, 23% free, 53MB/69MB, paused 727us total 34.415ms
08-05 21:33:07.378 30832 31309 I art     : Starting a blocking GC Explicit
08-05 21:33:07.408 30832 31309 I art     : Explicit concurrent mark sweep GC freed 3(96B) AllocSpace objects, 0(0B) LOS objects, 23% free, 53MB/69MB, paused 733us total 30.348ms
08-05 21:33:07.420 30832 31309 I art     : Starting a blocking GC Explicit
08-05 21:33:07.452 30832 31309 I art     : Explicit concurrent mark sweep GC freed 3(96B) AllocSpace objects, 0(0B) LOS objects, 23% free, 53MB/69MB, paused 693us total 31.528ms
08-05 21:33:07.463 30832 31309 I art     : Starting a blocking GC Explicit
08-05 21:33:07.496 30832 31309 I art     : Explicit concurrent mark sweep GC freed 3(96B) AllocSpace objects, 0(0B) LOS objects, 23% free, 53MB/69MB, paused 663us total 31.789ms
08-05 21:33:07.821 30832 30844 I art     : Starting a blocking GC Explicit
08-05 21:33:07.860 30832 30844 I art     : Explicit concurrent mark sweep GC freed 1344(78KB) AllocSpace objects, 1(20KB) LOS objects, 23% free, 53MB/69MB, paused 688us total 37.977ms
08-05 21:33:07.874 30832 30844 I art     : Starting a blocking GC Explicit
08-05 21:33:07.905 30832 30844 I art     : Explicit concurrent mark sweep GC freed 20(704B) AllocSpace objects, 0(0B) LOS objects, 23% free, 53MB/69MB, paused 679us total 30.525ms
08-05 21:33:07.916 30832 30844 I art     : Starting a blocking GC Explicit
08-05 21:33:07.948 30832 30844 I art     : Explicit concurrent mark sweep GC freed 24(1104B) AllocSpace objects, 0(0B) LOS objects, 23% free, 53MB/69MB, paused 691us total 31.710ms
08-05 21:33:07.952 32572 32572 I ServiceManager: Waiting for service AtCmdFwd...
08-05 21:33:07.960 30832 30844 I art     : Starting a blocking GC Explicit
08-05 21:33:07.991 30832 30844 I art     : Explicit concurrent mark sweep GC freed 19(608B) AllocSpace objects, 0(0B) LOS objects, 23% free, 53MB/69MB, paused 676us total 30.725ms
08-05 21:33:08.003 30832 30844 I art     : Starting a blocking GC Explicit
08-05 21:33:08.035 30832 30844 I art     : Explicit concurrent mark sweep GC freed 3(96B) AllocSpace objects, 0(0B) LOS objects, 23% free, 53MB/69MB, paused 677us total 31.953ms
08-05 21:33:08.220 13866 13882 I PeriodicStatsRunner: PeriodicStatsRunner.call():175 call()
08-05 21:33:08.221 13866 13882 I PeriodicStatsRunner: PeriodicStatsRunner.call():179 No submit PeriodicStats since input started.
08-05 21:33:08.380 30832 30843 I art     : Starting a blocking GC Explicit
08-05 21:33:08.418 30832 30843 I art     : Explicit concurrent mark sweep GC freed 1344(78KB) AllocSpace objects, 1(20KB) LOS objects, 23% free, 53MB/69MB, paused 779us total 37.625ms
08-05 21:33:08.432 30832 30843 I art     : Starting a blocking GC Explicit
08-05 21:33:08.467 30832 30843 I art     : Explicit concurrent mark sweep GC freed 20(704B) AllocSpace objects, 0(0B) LOS objects, 23% free, 53MB/69MB, paused 702us total 34.791ms
08-05 21:33:08.479 30832 30843 I art     : Starting a blocking GC Explicit
08-05 21:33:08.510 30832 30843 I art     : Explicit concurrent mark sweep GC freed 3(96B) AllocSpace objects, 0(0B) LOS objects, 23% free, 53MB/69MB, paused 688us total 30.457ms
08-05 21:33:08.522 30832 30843 I art     : Starting a blocking GC Explicit
08-05 21:33:08.554 30832 30843 I art     : Explicit concurrent mark sweep GC freed 3(96B) AllocSpace objects, 0(0B) LOS objects, 23% free, 53MB/69MB, paused 667us total 31.817ms
08-05 21:33:08.566 30832 30843 I art     : Starting a blocking GC Explicit
08-05 21:33:08.598 30832 30843 I art     : Explicit concurrent mark sweep GC freed 3(96B) AllocSpace objects, 0(0B) LOS objects, 23% free, 53MB/69MB, paused 736us total 31.964ms
08-05 21:33:08.919 30832 30862 I art     : Starting a blocking GC Explicit
08-05 21:33:08.953 32572 32572 I ServiceManager: Waiting for service AtCmdFwd...
08-05 21:33:08.958 30832 30862 I art     : Explicit concurrent mark sweep GC freed 1344(78KB) AllocSpace objects, 1(20KB) LOS objects, 23% free, 53MB/69MB, paused 785us total 38.116ms
08-05 21:33:08.972 30832 30862 I art     : Starting a blocking GC Explicit
08-05 21:33:09.003 30832 30862 I art     : Explicit concurrent mark sweep GC freed 20(704B) AllocSpace objects, 0(0B) LOS objects, 23% free, 53MB/69MB, paused 668us total 30.042ms
08-05 21:33:09.014 30832 30862 I art     : Starting a blocking GC Explicit
08-05 21:33:09.046 30832 30862 I art     : Explicit concurrent mark sweep GC freed 3(96B) AllocSpace objects, 0(0B) LOS objects, 23% free, 53MB/69MB, paused 667us total 31.847ms
08-05 21:33:09.058 30832 30862 I art     : Starting a blocking GC Explicit
08-05 21:33:09.089 30832 30862 I art     : Explicit concurrent mark sweep GC freed 3(96B) AllocSpace objects, 0(0B) LOS objects, 23% free, 53MB/69MB, paused 689us total 31.042ms
08-05 21:33:09.101 30832 30862 I art     : Starting a blocking GC Explicit
08-05 21:33:09.133 30832 30862 I art     : Explicit concurrent mark sweep GC freed 3(96B) AllocSpace objects, 0(0B) LOS objects, 23% free, 53MB/69MB, paused 670us total 31.498ms
08-05 21:33:09.472 30832 31309 I art     : Starting a blocking GC Explicit
08-05 21:33:09.507 30832 31309 I art     : Explicit concurrent mark sweep GC freed 1344(78KB) AllocSpace objects, 1(20KB) LOS objects, 23% free, 53MB/69MB, paused 696us total 34.661ms
08-05 21:33:09.520 30832 31309 I art     : Starting a blocking GC Explicit
08-05 21:33:09.551 30832 31309 I art     : Explicit concurrent mark sweep GC freed 20(704B) AllocSpace objects, 0(0B) LOS objects, 23% free, 53MB/69MB, paused 677us total 30.485ms
08-05 21:33:09.562 30832 31309 I art     : Starting a blocking GC Explicit
08-05 21:33:09.593 30832 31309 I art     : Explicit concurrent mark sweep GC freed 3(96B) AllocSpace objects, 0(0B) LOS objects, 23% free, 53MB/69MB, paused 654us total 30.449ms
08-05 21:33:09.605 30832 31309 I art     : Starting a blocking GC Explicit
08-05 21:33:09.637 30832 31309 I art     : Explicit concurrent mark sweep GC freed 3(96B) AllocSpace objects, 0(0B) LOS objects, 23% free, 53MB/69MB, paused 828us total 32.256ms
08-05 21:33:09.649 30832 31309 I art     : Starting a blocking GC Explicit
08-05 21:33:09.680 30832 31309 I art     : Explicit concurrent mark sweep GC freed 3(96B) AllocSpace objects, 0(0B) LOS objects, 23% free, 53MB/69MB, paused 636us total 30.679ms
08-05 21:33:09.953 32572 32572 I ServiceManager: Waiting for service AtCmdFwd...
08-05 21:33:10.016 30832 30844 I art     : Starting a blocking GC Explicit
08-05 21:33:10.058 30832 30844 I art     : Explicit concurrent mark sweep GC freed 1344(78KB) AllocSpace objects, 1(20KB) LOS objects, 23% free, 53MB/69MB, paused 818us total 42.267ms
08-05 21:33:10.074 30832 30844 I art     : Starting a blocking GC Explicit
08-05 21:33:10.104 30832 30844 I art     : Explicit concurrent mark sweep GC freed 20(704B) AllocSpace objects, 0(0B) LOS objects, 23% free, 53MB/69MB, paused 686us total 29.365ms
08-05 21:33:10.116 30832 30844 I art     : Starting a blocking GC Explicit
08-05 21:33:10.145 13866 13882 I PeriodicStatsRunner: PeriodicStatsRunner.call():175 call()
08-05 21:33:10.145 13866 13882 I PeriodicStatsRunner: PeriodicStatsRunner.call():179 No submit PeriodicStats since input started.
08-05 21:33:10.147 30832 30844 I art     : Explicit concurrent mark sweep GC freed 3(96B) AllocSpace objects, 0(0B) LOS objects, 23% free, 53MB/69MB, paused 715us total 30.760ms
08-05 21:33:10.158 30832 30844 I art     : Starting a blocking GC Explicit
08-05 21:33:10.189 30832 30844 I art     : Explicit concurrent mark sweep GC freed 3(96B) AllocSpace objects, 0(0B) LOS objects, 23% free, 53MB/69MB, paused 671us total 30.537ms
08-05 21:33:10.201 30832 30844 I art     : Starting a blocking GC Explicit
08-05 21:33:10.231 30832 30844 I art     : Explicit concurrent mark sweep GC freed 3(96B) AllocSpace objects, 0(0B) LOS objects, 23% free, 53MB/69MB, paused 663us total 29.419ms
08-05 21:33:10.550 30832 30843 I art     : Starting a blocking GC Explicit
08-05 21:33:10.586 30832 30843 I art     : Explicit concurrent mark sweep GC freed 1344(78KB) AllocSpace objects, 1(20KB) LOS objects, 23% free, 53MB/69MB, paused 651us total 35.275ms
08-05 21:33:10.597 30832 30843 I art     : Starting a blocking GC Explicit
08-05 21:33:10.625 30832 30843 I art     : Explicit concurrent mark sweep GC freed 20(704B) AllocSpace objects, 0(0B) LOS objects, 23% free, 53MB/69MB, paused 651us total 28.109ms
08-05 21:33:10.637 30832 30843 I art     : Starting a blocking GC Explicit
08-05 21:33:10.668 30832 30843 I art     : Explicit concurrent mark sweep GC freed 3(96B) AllocSpace objects, 0(0B) LOS objects, 23% free, 53MB/69MB, paused 653us total 31.223ms
08-05 21:33:10.680 30832 30843 I art     : Starting a blocking GC Explicit
08-05 21:33:10.689   518   646 I ThermalEngine: ACTION: GPU - Setting GPU[0] to 510000000
08-05 21:33:10.710 30832 30843 I art     : Explicit concurrent mark sweep GC freed 3(96B) AllocSpace objects, 0(0B) LOS objects, 23% free, 53MB/69MB, paused 671us total 29.704ms
08-05 21:33:10.722 30832 30843 I art     : Starting a blocking GC Explicit
08-05 21:33:10.748 30832 30843 I art     : Explicit concurrent mark sweep GC freed 3(96B) AllocSpace objects, 0(0B) LOS objects, 23% free, 53MB/69MB, paused 518us total 26.171ms
08-05 21:33:10.954 32572 32572 I ServiceManager: Waiting for service AtCmdFwd...
08-05 21:33:11.072 30832 30862 I art     : Starting a blocking GC Explicit
08-05 21:33:11.101 30832 30862 I art     : Explicit concurrent mark sweep GC freed 1344(78KB) AllocSpace objects, 1(20KB) LOS objects, 23% free, 53MB/69MB, paused 529us total 28.375ms
08-05 21:33:11.113 30832 30862 I art     : Starting a blocking GC Explicit
08-05 21:33:11.137 30832 30862 I art     : Explicit concurrent mark sweep GC freed 20(704B) AllocSpace objects, 0(0B) LOS objects, 23% free, 53MB/69MB, paused 490us total 23.328ms
08-05 21:33:11.145 30832 30862 I art     : Starting a blocking GC Explicit
08-05 21:33:11.169 30832 30862 I art     : Explicit concurrent mark sweep GC freed 3(96B) AllocSpace objects, 0(0B) LOS objects, 23% free, 53MB/69MB, paused 494us total 23.277ms
08-05 21:33:11.178 30832 30862 I art     : Starting a blocking GC Explicit
08-05 21:33:11.202 30832 30862 I art     : Explicit concurrent mark sweep GC freed 3(96B) AllocSpace objects, 0(0B) LOS objects, 23% free, 53MB/69MB, paused 497us total 23.533ms
08-05 21:33:11.211 30832 30862 I art     : Starting a blocking GC Explicit
08-05 21:33:11.234 30832 30862 I art     : Explicit concurrent mark sweep GC freed 3(96B) AllocSpace objects, 0(0B) LOS objects, 23% free, 53MB/69MB, paused 488us total 22.879ms
08-05 21:33:11.560 30832 31309 I art     : Starting a blocking GC Explicit
08-05 21:33:11.590 30832 31309 I art     : Explicit concurrent mark sweep GC freed 1344(78KB) AllocSpace objects, 1(20KB) LOS objects, 23% free, 53MB/69MB, paused 531us total 29.846ms
08-05 21:33:11.603 30832 31309 I art     : Starting a blocking GC Explicit
08-05 21:33:11.626 30832 31309 I art     : Explicit concurrent mark sweep GC freed 20(704B) AllocSpace objects, 0(0B) LOS objects, 23% free, 53MB/69MB, paused 502us total 22.452ms
08-05 21:33:11.634 30832 31309 I art     : Starting a blocking GC Explicit
08-05 21:33:11.657 30832 31309 I art     : Explicit concurrent mark sweep GC freed 3(96B) AllocSpace objects, 0(0B) LOS objects, 23% free, 53MB/69MB, paused 521us total 22.864ms
08-05 21:33:11.666 30832 31309 I art     : Starting a blocking GC Explicit
08-05 21:33:11.690 30832 31309 I art     : Explicit concurrent mark sweep GC freed 3(96B) AllocSpace objects, 0(0B) LOS objects, 23% free, 53MB/69MB, paused 503us total 23.002ms
08-05 21:33:11.699 30832 31309 I art     : Starting a blocking GC Explicit
08-05 21:33:11.722 30832 31309 I art     : Explicit concurrent mark sweep GC freed 3(96B) AllocSpace objects, 0(0B) LOS objects, 23% free, 53MB/69MB, paused 501us total 22.533ms
08-05 21:33:11.954 32572 32572 I ServiceManager: Waiting for service AtCmdFwd...
08-05 21:33:12.034 30832 30844 I art     : Starting a blocking GC Explicit
08-05 21:33:12.068 30832 30844 I art     : Explicit concurrent mark sweep GC freed 1344(78KB) AllocSpace objects, 1(20KB) LOS objects, 23% free, 53MB/69MB, paused 628us total 33.478ms
08-05 21:33:12.081 30832 30844 I art     : Starting a blocking GC Explicit
08-05 21:33:12.104 30832 30844 I art     : Explicit concurrent mark sweep GC freed 20(704B) AllocSpace objects, 0(0B) LOS objects, 23% free, 53MB/69MB, paused 477us total 22.210ms
08-05 21:33:12.113 30832 30844 I art     : Starting a blocking GC Explicit
08-05 21:33:12.136 30832 30844 I art     : Explicit concurrent mark sweep GC freed 3(96B) AllocSpace objects, 0(0B) LOS objects, 23% free, 53MB/69MB, paused 491us total 23.033ms
08-05 21:33:12.145 30832 30844 I art     : Starting a blocking GC Explicit
08-05 21:33:12.168 30832 30844 I art     : Explicit concurrent mark sweep GC freed 3(96B) AllocSpace objects, 0(0B) LOS objects, 23% free, 53MB/69MB, paused 476us total 23.078ms
08-05 21:33:12.177 30832 30844 I art     : Starting a blocking GC Explicit
08-05 21:33:12.200 30832 30844 I art     : Explicit concurrent mark sweep GC freed 3(96B) AllocSpace objects, 0(0B) LOS objects, 23% free, 53MB/69MB, paused 494us total 22.956ms
08-05 21:33:12.545 30832 30843 I art     : Starting a blocking GC Explicit
08-05 21:33:12.575 30832 30843 I art     : Explicit concurrent mark sweep GC freed 1344(78KB) AllocSpace objects, 1(20KB) LOS objects, 23% free, 53MB/69MB, paused 539us total 29.135ms
08-05 21:33:12.588 30832 30843 I art     : Starting a blocking GC Explicit
08-05 21:33:12.610 30832 30843 I art     : Explicit concurrent mark sweep GC freed 20(704B) AllocSpace objects, 0(0B) LOS objects, 23% free, 53MB/69MB, paused 470us total 22.070ms
08-05 21:33:12.619 30832 30843 I art     : Starting a blocking GC Explicit
08-05 21:33:12.642 30832 30843 I art     : Explicit concurrent mark sweep GC freed 3(96B) AllocSpace objects, 0(0B) LOS objects, 23% free, 53MB/69MB, paused 477us total 22.746ms
08-05 21:33:12.651 30832 30843 I art     : Starting a blocking GC Explicit
08-05 21:33:12.674 30832 30843 I art     : Explicit concurrent mark sweep GC freed 3(96B) AllocSpace objects, 0(0B) LOS objects, 23% free, 53MB/69MB, paused 496us total 22.489ms
08-05 21:33:12.683 30832 30843 I art     : Starting a blocking GC Explicit
08-05 21:33:12.706 30832 30843 I art     : Explicit concurrent mark sweep GC freed 3(96B) AllocSpace objects, 0(0B) LOS objects, 23% free, 53MB/69MB, paused 500us total 23.437ms
08-05 21:33:12.955 32572 32572 W Atfwd_Sendcmd: AtCmdFwd service not published, waiting... retryCnt : 4
08-05 21:33:13.043 30832 30862 I art     : Starting a blocking GC Explicit
08-05 21:33:13.073 30832 30862 I art     : Explicit concurrent mark sweep GC freed 1344(78KB) AllocSpace objects, 1(20KB) LOS objects, 23% free, 53MB/69MB, paused 524us total 29.307ms
08-05 21:33:13.086 30832 30862 I art     : Starting a blocking GC Explicit
08-05 21:33:13.111 30832 30862 I art     : Explicit concurrent mark sweep GC freed 20(704B) AllocSpace objects, 0(0B) LOS objects, 23% free, 53MB/69MB, paused 492us total 24.406ms
08-05 21:33:13.120 30832 30862 I art     : Starting a blocking GC Explicit
08-05 21:33:13.144 30832 30862 I art     : Explicit concurrent mark sweep GC freed 3(96B) AllocSpace objects, 0(0B) LOS objects, 23% free, 53MB/69MB, paused 488us total 23.458ms
08-05 21:33:13.153 30832 30862 I art     : Starting a blocking GC Explicit
08-05 21:33:13.176 30832 30862 I art     : Explicit concurrent mark sweep GC freed 3(96B) AllocSpace objects, 0(0B) LOS objects, 23% free, 53MB/69MB, paused 496us total 23.262ms
08-05 21:33:13.185 30832 30862 I art     : Starting a blocking GC Explicit
08-05 21:33:13.209 30832 30862 I art     : Explicit concurrent mark sweep GC freed 3(96B) AllocSpace objects, 0(0B) LOS objects, 23% free, 53MB/69MB, paused 504us total 23.261ms
08-05 21:33:13.479 30832 31309 I art     : Starting a blocking GC Explicit
08-05 21:33:13.508 30832 31309 I art     : Explicit concurrent mark sweep GC freed 1344(78KB) AllocSpace objects, 1(20KB) LOS objects, 23% free, 53MB/69MB, paused 779us total 28.826ms
08-05 21:33:13.519 30832 31309 I art     : Starting a blocking GC Explicit
08-05 21:33:13.542 30832 31309 I art     : Explicit concurrent mark sweep GC freed 20(704B) AllocSpace objects, 0(0B) LOS objects, 23% free, 53MB/69MB, paused 535us total 22.601ms
08-05 21:33:13.551 30832 31309 I art     : Starting a blocking GC Explicit
08-05 21:33:13.573 30832 31309 I art     : Explicit concurrent mark sweep GC freed 3(96B) AllocSpace objects, 0(0B) LOS objects, 23% free, 53MB/69MB, paused 492us total 21.356ms
08-05 21:33:13.581 30832 31309 I art     : Starting a blocking GC Explicit
08-05 21:33:13.603 30832 31309 I art     : Explicit concurrent mark sweep GC freed 3(96B) AllocSpace objects, 0(0B) LOS objects, 23% free, 53MB/69MB, paused 492us total 21.714ms
08-05 21:33:13.612 30832 31309 I art     : Starting a blocking GC Explicit
08-05 21:33:13.635 30832 31309 I art     : Explicit concurrent mark sweep GC freed 3(96B) AllocSpace objects, 0(0B) LOS objects, 23% free, 53MB/69MB, paused 500us total 22.283ms
08-05 21:33:13.759  1701  1701 D AndroidRuntime: >>>>>> START com.android.internal.os.RuntimeInit uid 2000 <<<<<<
08-05 21:33:13.767  1701  1701 D AndroidRuntime: CheckJNI is OFF
08-05 21:33:13.805  1701  1701 D ICU     : No timezone override file found: /data/misc/zoneinfo/current/icu/icu_tzdata.dat
08-05 21:33:13.838  1701  1701 I Radio-JNI: register_android_hardware_Radio DONE
08-05 21:33:13.861  1701  1701 D AndroidRuntime: Calling main entry com.android.commands.input.Input
08-05 21:33:13.863  1701  1701 I Input   : injectMotionEvent: MotionEvent { action=ACTION_DOWN, actionButton=0, id[0]=0, x[0]=369.0, y[0]=554.0, toolType[0]=TOOL_TYPE_UNKNOWN, buttonState=0, metaState=0, flags=0x0, edgeFlags=0x0, pointerCount=1, historySize=0, eventTime=826410275, downTime=826410275, deviceId=0, source=0x1002 }
08-05 21:33:13.867  1701  1701 I Input   : injectMotionEvent: MotionEvent { action=ACTION_UP, actionButton=0, id[0]=0, x[0]=369.0, y[0]=554.0, toolType[0]=TOOL_TYPE_UNKNOWN, buttonState=0, metaState=0, flags=0x0, edgeFlags=0x0, pointerCount=1, historySize=0, eventTime=826410275, downTime=826410275, deviceId=0, source=0x1002 }
08-05 21:33:13.868   918  3696 I ActivityManager: START u0 {cmp=baseline.appteam.nith.hillffair/.activities.ClubActivity (has extras)} from uid 10675 on display 0
08-05 21:33:13.877  1701  1701 D AndroidRuntime: Shutting down VM
08-05 21:33:13.935 30832 30843 I art     : Starting a blocking GC Explicit
08-05 21:33:13.960 30832 30843 I art     : Explicit concurrent mark sweep GC freed 5051(304KB) AllocSpace objects, 1(20KB) LOS objects, 22% free, 53MB/69MB, paused 905us total 24.569ms
08-05 21:33:13.969 30832 30843 I art     : Starting a blocking GC Explicit
08-05 21:33:13.976   918   936 I ActivityManager: Displayed baseline.appteam.nith.hillffair/.activities.ClubActivity: +99ms
08-05 21:33:13.977 13866 13866 I GoogleInputMethodServic: GoogleInputMethodService.onFinishInput():3138 
08-05 21:33:13.978 13866 13866 I GoogleInputMethodServic: GoogleInputMethodService.onStartInput():1808 
08-05 21:33:13.992 30832 30843 I art     : Explicit concurrent mark sweep GC freed 334(17KB) AllocSpace objects, 0(0B) LOS objects, 23% free, 53MB/69MB, paused 542us total 22.250ms
08-05 21:33:14.001 30832 30843 I art     : Starting a blocking GC Explicit
08-05 21:33:14.024 30832 30843 I art     : Explicit concurrent mark sweep GC freed 16(592B) AllocSpace objects, 0(0B) LOS objects, 23% free, 53MB/69MB, paused 489us total 21.603ms
08-05 21:33:14.032 30832 30843 I art     : Starting a blocking GC Explicit
08-05 21:33:14.053 30832 30843 I art     : Explicit concurrent mark sweep GC freed 5(176B) AllocSpace objects, 0(0B) LOS objects, 23% free, 53MB/69MB, paused 509us total 20.521ms
08-05 21:33:14.061 30832 30843 I art     : Starting a blocking GC Explicit
08-05 21:33:14.081 30832 30843 I art     : Explicit concurrent mark sweep GC freed 3(96B) AllocSpace objects, 0(0B) LOS objects, 23% free, 53MB/69MB, paused 496us total 20.351ms
08-05 21:33:14.229   380   380 W SurfaceFlinger: couldn't log to binary event log: overflow.
08-05 21:33:14.325 30832 30862 I art     : Starting a blocking GC Explicit
08-05 21:33:14.346 30832 30862 I art     : Explicit concurrent mark sweep GC freed 1388(80KB) AllocSpace objects, 1(20KB) LOS objects, 23% free, 53MB/69MB, paused 517us total 21.450ms
08-05 21:33:14.355 30832 30862 I art     : Starting a blocking GC Explicit
08-05 21:33:14.378 30832 30862 I art     : Explicit concurrent mark sweep GC freed 114(6KB) AllocSpace objects, 0(0B) LOS objects, 23% free, 53MB/69MB, paused 590us total 22.773ms
08-05 21:33:14.387 30832 30862 I art     : Starting a blocking GC Explicit
08-05 21:33:14.410 30832 30862 I art     : Explicit concurrent mark sweep GC freed 18(688B) AllocSpace objects, 0(0B) LOS objects, 23% free, 53MB/69MB, paused 548us total 23.228ms
08-05 21:33:14.419 30832 30862 I art     : Starting a blocking GC Explicit
08-05 21:33:14.440 30832 30862 I art     : Explicit concurrent mark sweep GC freed 13(480B) AllocSpace objects, 0(0B) LOS objects, 23% free, 53MB/69MB, paused 542us total 21.413ms
08-05 21:33:14.449 30832 30862 I art     : Starting a blocking GC Explicit
08-05 21:33:14.471 30832 30862 I art     : Explicit concurrent mark sweep GC freed 13(480B) AllocSpace objects, 0(0B) LOS objects, 23% free, 53MB/69MB, paused 526us total 21.318ms
08-05 21:33:14.598 30832  1734 D OkHttp  : --> GET https://api-hillfair-2k16.herokuapp.com/api/app/club/PR%20Club http/1.1
08-05 21:33:14.641 30832  1734 D OkHttp  : <-- 200 OK https://api-hillfair-2k16.herokuapp.com/api/app/club/PR%20Club (42ms, 979-byte body)
08-05 21:33:14.697 30832 30832 I NAPPA_EXPERIMENTATION: MetricNetworkRequestExecutionTime: REQUEST_DURATION_SYSTEM='793',REQUEST_DURATION_OKHTTP='42',REQUEST_SYNCHRONOUS='FALSE',RESPONSE_CODE='200',RESPONSE_METHOD='GET',RESPONSE_LENGTH_OKHTTP='979',RESPONSE_LENGTH_HEADER='979',REQUEST_PROTOCOL='http/1.1',REQUEST_URL='https://api-hillfair-2k16.herokuapp.com/api/app/club/PR%20Club',
08-05 21:33:14.744 30832 30862 I art     : Starting a blocking GC Explicit
08-05 21:33:14.772 30832 30862 I art     : Explicit concurrent mark sweep GC freed 4803(346KB) AllocSpace objects, 4(220KB) LOS objects, 22% free, 53MB/69MB, paused 480us total 27.290ms
08-05 21:33:14.783 30832 30862 I art     : Starting a blocking GC Explicit
08-05 21:33:14.808 30832 30862 I art     : Explicit concurrent mark sweep GC freed 1041(119KB) AllocSpace objects, 0(0B) LOS objects, 22% free, 53MB/69MB, paused 532us total 25.171ms
08-05 21:33:14.817 30832 30862 I art     : Starting a blocking GC Explicit
08-05 21:33:14.841 30832 30862 I art     : Explicit concurrent mark sweep GC freed 3(96B) AllocSpace objects, 0(0B) LOS objects, 22% free, 53MB/69MB, paused 529us total 23.856ms
08-05 21:33:14.850 30832 30862 I art     : Starting a blocking GC Explicit
08-05 21:33:14.874 30832 30862 I art     : Explicit concurrent mark sweep GC freed 3(96B) AllocSpace objects, 0(0B) LOS objects, 22% free, 53MB/69MB, paused 518us total 23.456ms
08-05 21:33:14.883 30832 30862 I art     : Starting a blocking GC Explicit
08-05 21:33:14.906 30832 30862 I art     : Explicit concurrent mark sweep GC freed 3(96B) AllocSpace objects, 0(0B) LOS objects, 22% free, 53MB/69MB, paused 521us total 23.095ms
08-05 21:33:15.196 30832 30862 I art     : Starting a blocking GC Explicit
08-05 21:33:15.220 30832 30862 I art     : Explicit concurrent mark sweep GC freed 1344(78KB) AllocSpace objects, 1(20KB) LOS objects, 22% free, 53MB/69MB, paused 516us total 24.178ms
08-05 21:33:15.229 30832 30862 I art     : Starting a blocking GC Explicit
08-05 21:33:15.257 30832 30862 I art     : Explicit concurrent mark sweep GC freed 36(1264B) AllocSpace objects, 0(0B) LOS objects, 22% free, 53MB/69MB, paused 562us total 27.655ms
08-05 21:33:15.267 30832 30862 I art     : Starting a blocking GC Explicit
08-05 21:33:15.293 30832 30862 I art     : Explicit concurrent mark sweep GC freed 3(96B) AllocSpace objects, 0(0B) LOS objects, 22% free, 53MB/69MB, paused 603us total 25.669ms
08-05 21:33:15.302 30832 30862 I art     : Starting a blocking GC Explicit
08-05 21:33:15.326 30832 30862 I art     : Explicit concurrent mark sweep GC freed 3(96B) AllocSpace objects, 0(0B) LOS objects, 22% free, 53MB/69MB, paused 517us total 24.323ms
08-05 21:33:15.336 30832 30862 I art     : Starting a blocking GC Explicit
08-05 21:33:15.360 30832 30862 I art     : Explicit concurrent mark sweep GC freed 3(96B) AllocSpace objects, 0(0B) LOS objects, 22% free, 53MB/69MB, paused 529us total 24.186ms
08-05 21:33:15.700   518   646 I ThermalEngine: ACTION: GPU - Setting GPU[0] to 450000000
08-05 21:33:15.702 30832 30844 I art     : Starting a blocking GC Explicit
08-05 21:33:15.740 30832 30844 I art     : Explicit concurrent mark sweep GC freed 1344(78KB) AllocSpace objects, 1(20KB) LOS objects, 22% free, 53MB/69MB, paused 753us total 38.041ms
08-05 21:33:15.755 30832 30844 I art     : Starting a blocking GC Explicit
08-05 21:33:15.792 30832 30844 I art     : Explicit concurrent mark sweep GC freed 20(704B) AllocSpace objects, 0(0B) LOS objects, 22% free, 53MB/69MB, paused 723us total 36.904ms
08-05 21:33:15.804 30832 30844 I art     : Starting a blocking GC Explicit
08-05 21:33:15.837 30832 30844 I art     : Explicit concurrent mark sweep GC freed 3(96B) AllocSpace objects, 0(0B) LOS objects, 22% free, 53MB/69MB, paused 819us total 32.695ms
08-05 21:33:15.849 30832 30844 I art     : Starting a blocking GC Explicit
08-05 21:33:15.883 30832 30844 I art     : Explicit concurrent mark sweep GC freed 3(96B) AllocSpace objects, 0(0B) LOS objects, 22% free, 53MB/69MB, paused 690us total 33.466ms
08-05 21:33:15.895 30832 30844 I art     : Starting a blocking GC Explicit
08-05 21:33:15.929 30832 30844 I art     : Explicit concurrent mark sweep GC freed 3(96B) AllocSpace objects, 0(0B) LOS objects, 22% free, 53MB/69MB, paused 719us total 33.716ms
08-05 21:33:16.284 30832 31309 I art     : Starting a blocking GC Explicit
08-05 21:33:16.325 30832 31309 I art     : Explicit concurrent mark sweep GC freed 1344(78KB) AllocSpace objects, 1(20KB) LOS objects, 22% free, 53MB/69MB, paused 700us total 41.670ms
08-05 21:33:16.338 30832 31309 I art     : Starting a blocking GC Explicit
08-05 21:33:16.371 30832 31309 I art     : Explicit concurrent mark sweep GC freed 20(704B) AllocSpace objects, 0(0B) LOS objects, 22% free, 53MB/69MB, paused 703us total 33.298ms
08-05 21:33:16.383 30832 31309 I art     : Starting a blocking GC Explicit
08-05 21:33:16.417 30832 31309 I art     : Explicit concurrent mark sweep GC freed 3(96B) AllocSpace objects, 0(0B) LOS objects, 22% free, 53MB/69MB, paused 705us total 33.173ms
08-05 21:33:16.429 30832 31309 I art     : Starting a blocking GC Explicit
08-05 21:33:16.461 30832 31309 I art     : Explicit concurrent mark sweep GC freed 3(96B) AllocSpace objects, 0(0B) LOS objects, 22% free, 53MB/69MB, paused 703us total 32.526ms
08-05 21:33:16.473 30832 31309 I art     : Starting a blocking GC Explicit
08-05 21:33:16.507 30832 31309 I art     : Explicit concurrent mark sweep GC freed 3(96B) AllocSpace objects, 0(0B) LOS objects, 22% free, 53MB/69MB, paused 703us total 33.325ms
08-05 21:33:16.850 30832 30843 I art     : Starting a blocking GC Explicit
08-05 21:33:16.892 30832 30843 I art     : Explicit concurrent mark sweep GC freed 1344(78KB) AllocSpace objects, 1(20KB) LOS objects, 22% free, 53MB/69MB, paused 772us total 41.889ms
08-05 21:33:16.910 30832 30843 I art     : Starting a blocking GC Explicit
08-05 21:33:16.939 30832 30843 I art     : Explicit concurrent mark sweep GC freed 20(704B) AllocSpace objects, 0(0B) LOS objects, 22% free, 53MB/69MB, paused 634us total 28.732ms
08-05 21:33:16.950 30832 30843 I art     : Starting a blocking GC Explicit
08-05 21:33:16.979 30832 30843 I art     : Explicit concurrent mark sweep GC freed 24(1104B) AllocSpace objects, 0(0B) LOS objects, 22% free, 53MB/69MB, paused 643us total 28.683ms
08-05 21:33:16.990 30832 30843 I art     : Starting a blocking GC Explicit
08-05 21:33:17.023 30832 30843 I art     : Explicit concurrent mark sweep GC freed 19(608B) AllocSpace objects, 0(0B) LOS objects, 22% free, 53MB/69MB, paused 682us total 32.197ms
08-05 21:33:17.035 30832 30843 I art     : Starting a blocking GC Explicit
08-05 21:33:17.067 30832 30843 I art     : Explicit concurrent mark sweep GC freed 3(96B) AllocSpace objects, 0(0B) LOS objects, 22% free, 53MB/69MB, paused 764us total 32.174ms
08-05 21:33:17.397 30832 30862 I art     : Starting a blocking GC Explicit
08-05 21:33:17.434 30832 30862 I art     : Explicit concurrent mark sweep GC freed 1344(78KB) AllocSpace objects, 1(20KB) LOS objects, 22% free, 53MB/69MB, paused 689us total 36.561ms
08-05 21:33:17.446 30832 30862 I art     : Starting a blocking GC Explicit
08-05 21:33:17.479 30832 30862 I art     : Explicit concurrent mark sweep GC freed 20(704B) AllocSpace objects, 0(0B) LOS objects, 22% free, 53MB/69MB, paused 673us total 33.012ms
08-05 21:33:17.491 30832 30862 I art     : Starting a blocking GC Explicit
08-05 21:33:17.525 30832 30862 I art     : Explicit concurrent mark sweep GC freed 3(96B) AllocSpace objects, 0(0B) LOS objects, 22% free, 53MB/69MB, paused 691us total 32.981ms
08-05 21:33:17.537 30832 30862 I art     : Starting a blocking GC Explicit
08-05 21:33:17.569 30832 30862 I art     : Explicit concurrent mark sweep GC freed 3(96B) AllocSpace objects, 0(0B) LOS objects, 22% free, 53MB/69MB, paused 697us total 32.287ms
08-05 21:33:17.581 30832 30862 I art     : Starting a blocking GC Explicit
08-05 21:33:17.615 30832 30862 I art     : Explicit concurrent mark sweep GC freed 3(96B) AllocSpace objects, 0(0B) LOS objects, 22% free, 53MB/69MB, paused 695us total 33.036ms
08-05 21:33:17.960 30832 30844 I art     : Starting a blocking GC Explicit
08-05 21:33:18.003 30832 30844 I art     : Explicit concurrent mark sweep GC freed 1344(78KB) AllocSpace objects, 1(20KB) LOS objects, 22% free, 53MB/69MB, paused 789us total 42.254ms
08-05 21:33:18.022 30832 30844 I art     : Starting a blocking GC Explicit
08-05 21:33:18.058 30832 30844 I art     : Explicit concurrent mark sweep GC freed 20(704B) AllocSpace objects, 0(0B) LOS objects, 22% free, 53MB/69MB, paused 755us total 35.619ms
08-05 21:33:18.071 30832 30844 I art     : Starting a blocking GC Explicit
08-05 21:33:18.104 30832 30844 I art     : Explicit concurrent mark sweep GC freed 3(96B) AllocSpace objects, 0(0B) LOS objects, 22% free, 53MB/69MB, paused 692us total 33.124ms
08-05 21:33:18.116 30832 30844 I art     : Starting a blocking GC Explicit
08-05 21:33:18.147 30832 30844 I art     : Explicit concurrent mark sweep GC freed 3(96B) AllocSpace objects, 0(0B) LOS objects, 22% free, 53MB/69MB, paused 653us total 30.392ms
08-05 21:33:18.158 30832 30844 I art     : Starting a blocking GC Explicit
08-05 21:33:18.187 30832 30844 I art     : Explicit concurrent mark sweep GC freed 3(96B) AllocSpace objects, 0(0B) LOS objects, 22% free, 53MB/69MB, paused 755us total 29.042ms
08-05 21:33:18.518 30832 31309 I art     : Starting a blocking GC Explicit
08-05 21:33:18.550 30832 31309 I art     : Explicit concurrent mark sweep GC freed 1344(78KB) AllocSpace objects, 1(20KB) LOS objects, 22% free, 53MB/69MB, paused 684us total 31.322ms
08-05 21:33:18.562 30832 31309 I art     : Starting a blocking GC Explicit
08-05 21:33:18.591 30832 31309 I art     : Explicit concurrent mark sweep GC freed 20(704B) AllocSpace objects, 0(0B) LOS objects, 22% free, 53MB/69MB, paused 677us total 29.511ms
08-05 21:33:18.603 30832 31309 I art     : Starting a blocking GC Explicit
08-05 21:33:18.633 30832 31309 I art     : Explicit concurrent mark sweep GC freed 3(96B) AllocSpace objects, 0(0B) LOS objects, 22% free, 53MB/69MB, paused 699us total 29.731ms
08-05 21:33:18.645 30832 31309 I art     : Starting a blocking GC Explicit
08-05 21:33:18.666  1821  1821 D AndroidRuntime: >>>>>> START com.android.internal.os.RuntimeInit uid 2000 <<<<<<
08-05 21:33:18.671  1821  1821 D AndroidRuntime: CheckJNI is OFF
08-05 21:33:18.677 30832 31309 I art     : Explicit concurrent mark sweep GC freed 3(96B) AllocSpace objects, 0(0B) LOS objects, 22% free, 53MB/69MB, paused 705us total 31.602ms
08-05 21:33:18.688 30832 31309 I art     : Starting a blocking GC Explicit
08-05 21:33:18.704   518   646 I ThermalEngine: ACTION: GPU - Setting GPU[0] to 510000000
08-05 21:33:18.717  1821  1821 D ICU     : No timezone override file found: /data/misc/zoneinfo/current/icu/icu_tzdata.dat
08-05 21:33:18.718 30832 31309 I art     : Explicit concurrent mark sweep GC freed 3(96B) AllocSpace objects, 0(0B) LOS objects, 22% free, 53MB/69MB, paused 1.230ms total 29.921ms
08-05 21:33:18.764  1821  1821 I Radio-JNI: register_android_hardware_Radio DONE
08-05 21:33:18.787  1821  1821 D AndroidRuntime: Calling main entry com.android.commands.input.Input
08-05 21:33:18.789  1821  1821 I Input   : injectKeyEvent: KeyEvent { action=ACTION_DOWN, keyCode=KEYCODE_BACK, scanCode=0, metaState=0, flags=0x0, repeatCount=0, eventTime=826415202, downTime=826415202, deviceId=-1, source=0x101 }
08-05 21:33:18.795  1821  1821 I Input   : injectKeyEvent: KeyEvent { action=ACTION_UP, keyCode=KEYCODE_BACK, scanCode=0, metaState=0, flags=0x0, repeatCount=0, eventTime=826415202, downTime=826415202, deviceId=-1, source=0x101 }
08-05 21:33:18.801  1821  1821 D AndroidRuntime: Shutting down VM
08-05 21:33:18.847 13866 13866 I GoogleInputMethodServic: GoogleInputMethodService.onFinishInput():3138 
08-05 21:33:18.848 13866 13866 I GoogleInputMethodServic: GoogleInputMethodService.onStartInput():1808 
08-05 21:33:18.969 30832 30862 I art     : Starting a blocking GC Explicit
08-05 21:33:18.977 13866 13882 I PeriodicStatsRunner: PeriodicStatsRunner.call():175 call()
08-05 21:33:18.978 13866 13882 I PeriodicStatsRunner: PeriodicStatsRunner.call():179 No submit PeriodicStats since input started.
08-05 21:33:18.993 30832 30862 I art     : Explicit concurrent mark sweep GC freed 1525(86KB) AllocSpace objects, 1(20KB) LOS objects, 22% free, 53MB/69MB, paused 489us total 23.790ms
08-05 21:33:19.002 30832 30862 I art     : Starting a blocking GC Explicit
08-05 21:33:19.032 30832 30862 I art     : Explicit concurrent mark sweep GC freed 26(944B) AllocSpace objects, 0(0B) LOS objects, 22% free, 53MB/69MB, paused 504us total 29.079ms
08-05 21:33:19.043 30832 30862 I art     : Starting a blocking GC Explicit
08-05 21:33:19.068 30832 30862 I art     : Explicit concurrent mark sweep GC freed 3(96B) AllocSpace objects, 0(0B) LOS objects, 22% free, 53MB/69MB, paused 480us total 25.190ms
08-05 21:33:19.070   918  3188 I hubconnection: sensorhub said: 'set_bias 3: -6.2400, 0.0000, 0.0000'
08-05 21:33:19.081 30832 30862 I art     : Starting a blocking GC Explicit
08-05 21:33:19.112 30832 30862 I art     : Explicit concurrent mark sweep GC freed 3(96B) AllocSpace objects, 0(0B) LOS objects, 22% free, 53MB/69MB, paused 625us total 30.622ms
08-05 21:33:19.121 30832 30862 I art     : Starting a blocking GC Explicit
08-05 21:33:19.134   380   380 W SurfaceFlinger: couldn't log to binary event log: overflow.
08-05 21:33:19.146 30832 30862 I art     : Explicit concurrent mark sweep GC freed 94(7KB) AllocSpace objects, 0(0B) LOS objects, 22% free, 53MB/69MB, paused 506us total 24.115ms
08-05 21:33:19.432 30832 30844 I art     : Starting a blocking GC Explicit
08-05 21:33:19.461 30832 30844 I art     : Explicit concurrent mark sweep GC freed 1362(79KB) AllocSpace objects, 1(20KB) LOS objects, 22% free, 53MB/69MB, paused 567us total 28.315ms
08-05 21:33:19.474 30832 30844 I art     : Starting a blocking GC Explicit
08-05 21:33:19.499 30832 30844 I art     : Explicit concurrent mark sweep GC freed 1671(107KB) AllocSpace objects, 3(184KB) LOS objects, 23% free, 53MB/69MB, paused 519us total 24.074ms
08-05 21:33:19.508 30832 30844 I art     : Starting a blocking GC Explicit
08-05 21:33:19.532 30832 30844 I art     : Explicit concurrent mark sweep GC freed 3(96B) AllocSpace objects, 0(0B) LOS objects, 23% free, 53MB/69MB, paused 512us total 24.147ms
08-05 21:33:19.541 30832 30844 I art     : Starting a blocking GC Explicit
08-05 21:33:19.566 30832 30844 I art     : Explicit concurrent mark sweep GC freed 3(96B) AllocSpace objects, 0(0B) LOS objects, 23% free, 53MB/69MB, paused 516us total 23.846ms
08-05 21:33:19.575 30832 30844 I art     : Starting a blocking GC Explicit
08-05 21:33:19.599 30832 30844 I art     : Explicit concurrent mark sweep GC freed 3(96B) AllocSpace objects, 0(0B) LOS objects, 23% free, 53MB/69MB, paused 503us total 23.933ms
08-05 21:33:19.908 30832 31309 I art     : Starting a blocking GC Explicit
08-05 21:33:19.942 30832 31309 I art     : Explicit concurrent mark sweep GC freed 1344(78KB) AllocSpace objects, 1(20KB) LOS objects, 23% free, 53MB/69MB, paused 552us total 33.469ms
08-05 21:33:19.954 30832 31309 I art     : Starting a blocking GC Explicit
08-05 21:33:19.978 30832 31309 I art     : Explicit concurrent mark sweep GC freed 20(704B) AllocSpace objects, 0(0B) LOS objects, 23% free, 53MB/69MB, paused 495us total 23.830ms
08-05 21:33:19.988 30832 31309 I art     : Starting a blocking GC Explicit
08-05 21:33:20.012 30832 31309 I art     : Explicit concurrent mark sweep GC freed 3(96B) AllocSpace objects, 0(0B) LOS objects, 23% free, 53MB/69MB, paused 495us total 23.814ms
08-05 21:33:20.021 30832 31309 I art     : Starting a blocking GC Explicit
08-05 21:33:20.044 30832 31309 I art     : Explicit concurrent mark sweep GC freed 3(96B) AllocSpace objects, 0(0B) LOS objects, 23% free, 53MB/69MB, paused 457us total 22.608ms
08-05 21:33:20.053 30832 31309 I art     : Starting a blocking GC Explicit
08-05 21:33:20.075 30832 31309 I art     : Explicit concurrent mark sweep GC freed 3(96B) AllocSpace objects, 0(0B) LOS objects, 23% free, 53MB/69MB, paused 505us total 22.390ms
08-05 21:33:20.355 30832 30843 I art     : Starting a blocking GC Explicit
08-05 21:33:20.379 30832 30843 I art     : Explicit concurrent mark sweep GC freed 1344(78KB) AllocSpace objects, 1(20KB) LOS objects, 23% free, 53MB/69MB, paused 509us total 23.871ms
08-05 21:33:20.388 30832 30843 I art     : Starting a blocking GC Explicit
08-05 21:33:20.411 30832 30843 I art     : Explicit concurrent mark sweep GC freed 20(704B) AllocSpace objects, 0(0B) LOS objects, 23% free, 53MB/69MB, paused 499us total 22.799ms
08-05 21:33:20.420 30832 30843 I art     : Starting a blocking GC Explicit
08-05 21:33:20.442 30832 30843 I art     : Explicit concurrent mark sweep GC freed 3(96B) AllocSpace objects, 0(0B) LOS objects, 23% free, 53MB/69MB, paused 530us total 22.111ms
08-05 21:33:20.451 30832 30843 I art     : Starting a blocking GC Explicit
08-05 21:33:20.455  1874  1874 D AndroidRuntime: >>>>>> START com.android.internal.os.RuntimeInit uid 2000 <<<<<<
08-05 21:33:20.460  1874  1874 D AndroidRuntime: CheckJNI is OFF
08-05 21:33:20.474 30832 30843 I art     : Explicit concurrent mark sweep GC freed 3(96B) AllocSpace objects, 0(0B) LOS objects, 23% free, 53MB/69MB, paused 492us total 22.437ms
08-05 21:33:20.482 30832 30843 I art     : Starting a blocking GC Explicit
08-05 21:33:20.496  1874  1874 D ICU     : No timezone override file found: /data/misc/zoneinfo/current/icu/icu_tzdata.dat
08-05 21:33:20.505 30832 30843 I art     : Explicit concurrent mark sweep GC freed 3(96B) AllocSpace objects, 0(0B) LOS objects, 23% free, 53MB/69MB, paused 533us total 22.276ms
08-05 21:33:20.532  1874  1874 I Radio-JNI: register_android_hardware_Radio DONE
08-05 21:33:20.554  1874  1874 D AndroidRuntime: Calling main entry com.android.commands.input.Input
08-05 21:33:20.556  1874  1874 I Input   : injectMotionEvent: MotionEvent { action=ACTION_DOWN, actionButton=0, id[0]=0, x[0]=1012.0, y[0]=1152.0, toolType[0]=TOOL_TYPE_UNKNOWN, buttonState=0, metaState=0, flags=0x0, edgeFlags=0x0, pointerCount=1, historySize=0, eventTime=826416969, downTime=826416969, deviceId=0, source=0x1002 }
08-05 21:33:20.563  1874  1874 I Input   : injectMotionEvent: MotionEvent { action=ACTION_UP, actionButton=0, id[0]=0, x[0]=1012.0, y[0]=1152.0, toolType[0]=TOOL_TYPE_UNKNOWN, buttonState=0, metaState=0, flags=0x0, edgeFlags=0x0, pointerCount=1, historySize=0, eventTime=826416969, downTime=826416969, deviceId=0, source=0x1002 }
08-05 21:33:20.564   918   929 I ActivityManager: START u0 {cmp=baseline.appteam.nith.hillffair/.activities.ClubActivity (has extras)} from uid 10675 on display 0
08-05 21:33:20.570  1874  1874 D AndroidRuntime: Shutting down VM
08-05 21:33:20.666   918   936 I ActivityManager: Displayed baseline.appteam.nith.hillffair/.activities.ClubActivity: +96ms
08-05 21:33:20.667 13866 13866 I GoogleInputMethodServic: GoogleInputMethodService.onFinishInput():3138 
08-05 21:33:20.667 13866 13866 I GoogleInputMethodServic: GoogleInputMethodService.onStartInput():1808 
08-05 21:33:20.757 30832 30843 I art     : Starting a blocking GC Explicit
08-05 21:33:20.787 30832 30843 I art     : Explicit concurrent mark sweep GC freed 4954(303KB) AllocSpace objects, 1(20KB) LOS objects, 22% free, 53MB/69MB, paused 741us total 29.763ms
08-05 21:33:20.799 30832 30843 I art     : Starting a blocking GC Explicit
08-05 21:33:20.828 30832 30843 I art     : Explicit concurrent mark sweep GC freed 218(10KB) AllocSpace objects, 0(0B) LOS objects, 22% free, 53MB/69MB, paused 614us total 28.422ms
08-05 21:33:20.838 30832 30843 I art     : Starting a blocking GC Explicit
08-05 21:33:20.865 30832 30843 I art     : Explicit concurrent mark sweep GC freed 3(96B) AllocSpace objects, 0(0B) LOS objects, 22% free, 53MB/69MB, paused 547us total 26.814ms
08-05 21:33:20.877 30832 30843 I art     : Starting a blocking GC Explicit
08-05 21:33:20.908 30832 30843 I art     : Explicit concurrent mark sweep GC freed 3(96B) AllocSpace objects, 0(0B) LOS objects, 22% free, 53MB/69MB, paused 716us total 30.519ms
08-05 21:33:20.918 30832 30843 I art     : Starting a blocking GC Explicit
08-05 21:33:20.920   380   380 W SurfaceFlinger: couldn't log to binary event log: overflow.
08-05 21:33:20.943 30832 30843 I art     : Explicit concurrent mark sweep GC freed 3(96B) AllocSpace objects, 0(0B) LOS objects, 22% free, 53MB/69MB, paused 499us total 25.180ms
08-05 21:33:21.157 30832  1900 D OkHttp  : --> GET https://api-hillfair-2k16.herokuapp.com/api/app/club/Design%20and%20Decoration%20Club http/1.1
08-05 21:33:21.196 30832  1900 D OkHttp  : <-- 200 OK https://api-hillfair-2k16.herokuapp.com/api/app/club/Design%20and%20Decoration%20Club (38ms, 760-byte body)
08-05 21:33:21.226 30832 30843 I art     : Starting a blocking GC Explicit
08-05 21:33:21.238 30832 30832 I NAPPA_EXPERIMENTATION: MetricNetworkRequestExecutionTime: REQUEST_DURATION_SYSTEM='638',REQUEST_DURATION_OKHTTP='38',REQUEST_SYNCHRONOUS='FALSE',RESPONSE_CODE='200',RESPONSE_METHOD='GET',RESPONSE_LENGTH_OKHTTP='760',RESPONSE_LENGTH_HEADER='760',REQUEST_PROTOCOL='http/1.1',REQUEST_URL='https://api-hillfair-2k16.herokuapp.com/api/app/club/Design%20and%20Decoration%20Club',
08-05 21:33:21.253 30832 30843 I art     : Explicit concurrent mark sweep GC freed 4450(271KB) AllocSpace objects, 4(220KB) LOS objects, 22% free, 53MB/69MB, paused 874us total 26.404ms
08-05 21:33:21.261 30832 30843 I art     : Starting a blocking GC Explicit
08-05 21:33:21.286 30832 30843 I art     : Explicit concurrent mark sweep GC freed 1466(191KB) AllocSpace objects, 0(0B) LOS objects, 22% free, 53MB/69MB, paused 490us total 24.422ms
08-05 21:33:21.296 30832 30843 I art     : Starting a blocking GC Explicit
08-05 21:33:21.317 30832 30843 I art     : Explicit concurrent mark sweep GC freed 36(1152B) AllocSpace objects, 0(0B) LOS objects, 22% free, 53MB/69MB, paused 503us total 21.566ms
08-05 21:33:21.326 30832 30843 I art     : Starting a blocking GC Explicit
08-05 21:33:21.349 30832 30843 I art     : Explicit concurrent mark sweep GC freed 7(224B) AllocSpace objects, 0(0B) LOS objects, 22% free, 53MB/69MB, paused 492us total 22.812ms
08-05 21:33:21.357 30832 30843 I art     : Starting a blocking GC Explicit
08-05 21:33:21.379 30832 30843 I art     : Explicit concurrent mark sweep GC freed 20(976B) AllocSpace objects, 0(0B) LOS objects, 22% free, 53MB/69MB, paused 484us total 21.919ms
08-05 21:33:21.661 30832 30862 I art     : Starting a blocking GC Explicit
08-05 21:33:21.688 30832 30862 I art     : Explicit concurrent mark sweep GC freed 1360(78KB) AllocSpace objects, 1(20KB) LOS objects, 22% free, 53MB/69MB, paused 634us total 26.441ms
08-05 21:33:21.701 30832 30862 I art     : Starting a blocking GC Explicit
08-05 21:33:21.711   518   646 I ThermalEngine: ACTION: GPU - Setting GPU[0] to 450000000
08-05 21:33:21.729 30832 30862 I art     : Explicit concurrent mark sweep GC freed 36(1264B) AllocSpace objects, 0(0B) LOS objects, 22% free, 53MB/69MB, paused 672us total 27.459ms
08-05 21:33:21.740 30832 30862 I art     : Starting a blocking GC Explicit
08-05 21:33:21.770 30832 30862 I art     : Explicit concurrent mark sweep GC freed 3(96B) AllocSpace objects, 0(0B) LOS objects, 22% free, 53MB/69MB, paused 658us total 29.137ms
08-05 21:33:21.781 30832 30862 I art     : Starting a blocking GC Explicit
08-05 21:33:21.811 30832 30862 I art     : Explicit concurrent mark sweep GC freed 3(96B) AllocSpace objects, 0(0B) LOS objects, 22% free, 53MB/69MB, paused 677us total 30.079ms
08-05 21:33:21.823 30832 30862 I art     : Starting a blocking GC Explicit
08-05 21:33:21.854 30832 30862 I art     : Explicit concurrent mark sweep GC freed 3(96B) AllocSpace objects, 0(0B) LOS objects, 22% free, 53MB/69MB, paused 674us total 30.658ms
08-05 21:33:22.169 30832 30843 I art     : Starting a blocking GC Explicit
08-05 21:33:22.206 30832 30843 I art     : Explicit concurrent mark sweep GC freed 1344(78KB) AllocSpace objects, 1(20KB) LOS objects, 22% free, 53MB/69MB, paused 716us total 36.535ms
08-05 21:33:22.220 30832 30843 I art     : Starting a blocking GC Explicit
08-05 21:33:22.251 30832 30843 I art     : Explicit concurrent mark sweep GC freed 20(704B) AllocSpace objects, 0(0B) LOS objects, 22% free, 53MB/69MB, paused 672us total 30.604ms
08-05 21:33:22.263 30832 30843 I art     : Starting a blocking GC Explicit
08-05 21:33:22.295 30832 30843 I art     : Explicit concurrent mark sweep GC freed 3(96B) AllocSpace objects, 0(0B) LOS objects, 22% free, 53MB/69MB, paused 689us total 32.368ms
08-05 21:33:22.308 30832 30843 I art     : Starting a blocking GC Explicit
08-05 21:33:22.341 30832 30843 I art     : Explicit concurrent mark sweep GC freed 3(96B) AllocSpace objects, 0(0B) LOS objects, 22% free, 53MB/69MB, paused 700us total 33.244ms
08-05 21:33:22.353 30832 30843 I art     : Starting a blocking GC Explicit
08-05 21:33:22.387 30832 30843 I art     : Explicit concurrent mark sweep GC freed 3(96B) AllocSpace objects, 0(0B) LOS objects, 22% free, 53MB/69MB, paused 656us total 33.263ms
08-05 21:33:22.697 30832 30844 I art     : Starting a blocking GC Explicit
08-05 21:33:22.740 30832 30844 I art     : Explicit concurrent mark sweep GC freed 1344(78KB) AllocSpace objects, 1(20KB) LOS objects, 22% free, 53MB/69MB, paused 748us total 42.942ms
08-05 21:33:22.752 30832 30844 I art     : Starting a blocking GC Explicit
08-05 21:33:22.786 30832 30844 I art     : Explicit concurrent mark sweep GC freed 20(704B) AllocSpace objects, 0(0B) LOS objects, 22% free, 53MB/69MB, paused 714us total 33.543ms
08-05 21:33:22.798 30832 30844 I art     : Starting a blocking GC Explicit
08-05 21:33:22.832 30832 30844 I art     : Explicit concurrent mark sweep GC freed 3(96B) AllocSpace objects, 0(0B) LOS objects, 22% free, 53MB/69MB, paused 774us total 33.317ms
08-05 21:33:22.844 30832 30844 I art     : Starting a blocking GC Explicit
08-05 21:33:22.876 30832 30844 I art     : Explicit concurrent mark sweep GC freed 3(96B) AllocSpace objects, 0(0B) LOS objects, 22% free, 53MB/69MB, paused 668us total 31.667ms
08-05 21:33:22.888 30832 30844 I art     : Starting a blocking GC Explicit
08-05 21:33:22.922 30832 30844 I art     : Explicit concurrent mark sweep GC freed 3(96B) AllocSpace objects, 0(0B) LOS objects, 22% free, 53MB/69MB, paused 703us total 33.751ms
08-05 21:33:23.259 30832 31309 I art     : Starting a blocking GC Explicit
08-05 21:33:23.301 30832 31309 I art     : Explicit concurrent mark sweep GC freed 1344(78KB) AllocSpace objects, 1(20KB) LOS objects, 22% free, 53MB/69MB, paused 717us total 41.140ms
08-05 21:33:23.315 30832 31309 I art     : Starting a blocking GC Explicit
08-05 21:33:23.347 30832 31309 I art     : Explicit concurrent mark sweep GC freed 20(704B) AllocSpace objects, 0(0B) LOS objects, 22% free, 53MB/69MB, paused 671us total 31.427ms
08-05 21:33:23.359 30832 31309 I art     : Starting a blocking GC Explicit
08-05 21:33:23.392 30832 31309 I art     : Explicit concurrent mark sweep GC freed 3(96B) AllocSpace objects, 0(0B) LOS objects, 22% free, 53MB/69MB, paused 676us total 33.110ms
08-05 21:33:23.404 30832 31309 I art     : Starting a blocking GC Explicit
08-05 21:33:23.437 30832 31309 I art     : Explicit concurrent mark sweep GC freed 3(96B) AllocSpace objects, 0(0B) LOS objects, 22% free, 53MB/69MB, paused 776us total 33.296ms
08-05 21:33:23.450 30832 31309 I art     : Starting a blocking GC Explicit
08-05 21:33:23.483 30832 31309 I art     : Explicit concurrent mark sweep GC freed 3(96B) AllocSpace objects, 0(0B) LOS objects, 22% free, 53MB/69MB, paused 669us total 32.536ms
08-05 21:33:23.807 30832 30862 I art     : Starting a blocking GC Explicit
08-05 21:33:23.848 13866 13882 I PeriodicStatsRunner: PeriodicStatsRunner.call():175 call()
08-05 21:33:23.849 30832 30862 I art     : Explicit concurrent mark sweep GC freed 1344(78KB) AllocSpace objects, 1(20KB) LOS objects, 22% free, 53MB/69MB, paused 976us total 41.163ms
08-05 21:33:23.851 13866 13882 I PeriodicStatsRunner: PeriodicStatsRunner.call():179 No submit PeriodicStats since input started.
08-05 21:33:23.865 30832 30862 I art     : Starting a blocking GC Explicit
08-05 21:33:23.899 30832 30862 I art     : Explicit concurrent mark sweep GC freed 20(704B) AllocSpace objects, 0(0B) LOS objects, 22% free, 53MB/69MB, paused 709us total 33.993ms
08-05 21:33:23.911 30832 30862 I art     : Starting a blocking GC Explicit
08-05 21:33:23.944 30832 30862 I art     : Explicit concurrent mark sweep GC freed 3(96B) AllocSpace objects, 0(0B) LOS objects, 22% free, 53MB/69MB, paused 681us total 32.726ms
08-05 21:33:23.956 30832 30862 I art     : Starting a blocking GC Explicit
08-05 21:33:23.988 30832 30862 I art     : Explicit concurrent mark sweep GC freed 3(96B) AllocSpace objects, 0(0B) LOS objects, 22% free, 53MB/69MB, paused 777us total 31.583ms
08-05 21:33:24.000 30832 30862 I art     : Starting a blocking GC Explicit
08-05 21:33:24.034 30832 30862 I art     : Explicit concurrent mark sweep GC freed 3(96B) AllocSpace objects, 0(0B) LOS objects, 22% free, 53MB/69MB, paused 682us total 33.690ms
08-05 21:33:24.366 30832 30843 I art     : Starting a blocking GC Explicit
08-05 21:33:24.409 30832 30843 I art     : Explicit concurrent mark sweep GC freed 1344(78KB) AllocSpace objects, 1(20KB) LOS objects, 22% free, 53MB/69MB, paused 795us total 43.027ms
08-05 21:33:24.426 30832 30843 I art     : Starting a blocking GC Explicit
08-05 21:33:24.462 30832 30843 I art     : Explicit concurrent mark sweep GC freed 20(704B) AllocSpace objects, 0(0B) LOS objects, 22% free, 53MB/69MB, paused 662us total 36.139ms
08-05 21:33:24.474 30832 30843 I art     : Starting a blocking GC Explicit
08-05 21:33:24.506 30832 30843 I art     : Explicit concurrent mark sweep GC freed 3(96B) AllocSpace objects, 0(0B) LOS objects, 22% free, 53MB/69MB, paused 683us total 32.139ms
08-05 21:33:24.519 30832 30843 I art     : Starting a blocking GC Explicit
08-05 21:33:24.553 30832 30843 I art     : Explicit concurrent mark sweep GC freed 3(96B) AllocSpace objects, 0(0B) LOS objects, 22% free, 53MB/69MB, paused 691us total 33.678ms
08-05 21:33:24.565 30832 30843 I art     : Starting a blocking GC Explicit
08-05 21:33:24.597 30832 30843 I art     : Explicit concurrent mark sweep GC freed 3(96B) AllocSpace objects, 0(0B) LOS objects, 22% free, 53MB/69MB, paused 744us total 32.337ms
08-05 21:33:24.922 30832 30844 I art     : Starting a blocking GC Explicit
08-05 21:33:24.955 30832 30844 I art     : Explicit concurrent mark sweep GC freed 1344(78KB) AllocSpace objects, 1(20KB) LOS objects, 22% free, 53MB/69MB, paused 667us total 33.349ms
08-05 21:33:24.967 30832 30844 I art     : Starting a blocking GC Explicit
08-05 21:33:24.996 30832 30844 I art     : Explicit concurrent mark sweep GC freed 20(704B) AllocSpace objects, 0(0B) LOS objects, 22% free, 53MB/69MB, paused 691us total 29.529ms
08-05 21:33:25.008 30832 30844 I art     : Starting a blocking GC Explicit
08-05 21:33:25.041 30832 30844 I art     : Explicit concurrent mark sweep GC freed 3(96B) AllocSpace objects, 0(0B) LOS objects, 22% free, 53MB/69MB, paused 671us total 32.172ms
08-05 21:33:25.052 30832 30844 I art     : Starting a blocking GC Explicit
08-05 21:33:25.083 30832 30844 I art     : Explicit concurrent mark sweep GC freed 3(96B) AllocSpace objects, 0(0B) LOS objects, 22% free, 53MB/69MB, paused 725us total 30.284ms
08-05 21:33:25.094 30832 30844 I art     : Starting a blocking GC Explicit
08-05 21:33:25.126 30832 30844 I art     : Explicit concurrent mark sweep GC freed 3(96B) AllocSpace objects, 0(0B) LOS objects, 22% free, 53MB/69MB, paused 727us total 31.343ms
08-05 21:33:25.365  1989  1989 D AndroidRuntime: >>>>>> START com.android.internal.os.RuntimeInit uid 2000 <<<<<<
08-05 21:33:25.372  1989  1989 D AndroidRuntime: CheckJNI is OFF
08-05 21:33:25.413  1989  1989 D ICU     : No timezone override file found: /data/misc/zoneinfo/current/icu/icu_tzdata.dat
08-05 21:33:25.455  1989  1989 I Radio-JNI: register_android_hardware_Radio DONE
08-05 21:33:25.460 30832 31309 I art     : Starting a blocking GC Explicit
08-05 21:33:25.486  1989  1989 D AndroidRuntime: Calling main entry com.android.commands.input.Input
08-05 21:33:25.488  1989  1989 I Input   : injectKeyEvent: KeyEvent { action=ACTION_DOWN, keyCode=KEYCODE_BACK, scanCode=0, metaState=0, flags=0x0, repeatCount=0, eventTime=826421901, downTime=826421901, deviceId=-1, source=0x101 }
08-05 21:33:25.491 30832 31309 I art     : Explicit concurrent mark sweep GC freed 1344(78KB) AllocSpace objects, 1(20KB) LOS objects, 22% free, 53MB/69MB, paused 775us total 31.187ms
08-05 21:33:25.495  1989  1989 I Input   : injectKeyEvent: KeyEvent { action=ACTION_UP, keyCode=KEYCODE_BACK, scanCode=0, metaState=0, flags=0x0, repeatCount=0, eventTime=826421901, downTime=826421901, deviceId=-1, source=0x101 }
08-05 21:33:25.502  1989  1989 D AndroidRuntime: Shutting down VM
08-05 21:33:25.503 30832 31309 I art     : Starting a blocking GC Explicit
08-05 21:33:25.531 30832 31309 I art     : Explicit concurrent mark sweep GC freed 165(7KB) AllocSpace objects, 0(0B) LOS objects, 22% free, 53MB/69MB, paused 632us total 28.053ms
08-05 21:33:25.539 13866 13866 I GoogleInputMethodServic: GoogleInputMethodService.onFinishInput():3138 
08-05 21:33:25.539 13866 13866 I GoogleInputMethodServic: GoogleInputMethodService.onStartInput():1808 
08-05 21:33:25.542 30832 31309 I art     : Starting a blocking GC Explicit
08-05 21:33:25.570 30832 31309 I art     : Explicit concurrent mark sweep GC freed 39(1408B) AllocSpace objects, 0(0B) LOS objects, 22% free, 53MB/69MB, paused 692us total 28.451ms
08-05 21:33:25.582 30832 31309 I art     : Starting a blocking GC Explicit
08-05 21:33:25.609 30832 31309 I art     : Explicit concurrent mark sweep GC freed 10(384B) AllocSpace objects, 0(0B) LOS objects, 22% free, 53MB/69MB, paused 680us total 26.831ms
08-05 21:33:25.619 30832 31309 I art     : Starting a blocking GC Explicit
08-05 21:33:25.647 30832 31309 I art     : Explicit concurrent mark sweep GC freed 3(96B) AllocSpace objects, 0(0B) LOS objects, 22% free, 53MB/69MB, paused 705us total 27.129ms
08-05 21:33:25.668 13866 13882 I PeriodicStatsRunner: PeriodicStatsRunner.call():175 call()
08-05 21:33:25.668 13866 13882 I PeriodicStatsRunner: PeriodicStatsRunner.call():179 No submit PeriodicStats since input started.
08-05 21:33:25.718   518   646 I ThermalEngine: ACTION: GPU - Setting GPU[0] to 510000000
08-05 21:33:25.858   380   380 W SurfaceFlinger: couldn't log to binary event log: overflow.
08-05 21:33:25.908 30832 30844 I art     : Starting a blocking GC Explicit
08-05 21:33:25.933 30832 30844 I art     : Explicit concurrent mark sweep GC freed 1453(86KB) AllocSpace objects, 1(20KB) LOS objects, 22% free, 53MB/69MB, paused 505us total 24.582ms
08-05 21:33:25.942 30832 30844 I art     : Starting a blocking GC Explicit
08-05 21:33:25.966 30832 30844 I art     : Explicit concurrent mark sweep GC freed 1671(107KB) AllocSpace objects, 3(180KB) LOS objects, 23% free, 53MB/69MB, paused 509us total 23.808ms
08-05 21:33:25.975 30832 30844 I art     : Starting a blocking GC Explicit
08-05 21:33:25.999 30832 30844 I art     : Explicit concurrent mark sweep GC freed 3(96B) AllocSpace objects, 0(0B) LOS objects, 23% free, 53MB/69MB, paused 567us total 23.534ms
08-05 21:33:26.008 30832 30844 I art     : Starting a blocking GC Explicit
08-05 21:33:26.032 30832 30844 I art     : Explicit concurrent mark sweep GC freed 3(96B) AllocSpace objects, 0(0B) LOS objects, 23% free, 53MB/69MB, paused 506us total 23.704ms
08-05 21:33:26.041 30832 30844 I art     : Starting a blocking GC Explicit
08-05 21:33:26.064 30832 30844 I art     : Explicit concurrent mark sweep GC freed 3(96B) AllocSpace objects, 0(0B) LOS objects, 23% free, 53MB/69MB, paused 514us total 23.319ms
08-05 21:33:26.360 30832 30862 I art     : Starting a blocking GC Explicit
08-05 21:33:26.389 30832 30862 I art     : Explicit concurrent mark sweep GC freed 1344(78KB) AllocSpace objects, 1(20KB) LOS objects, 23% free, 53MB/69MB, paused 571us total 29.073ms
08-05 21:33:26.402 30832 30862 I art     : Starting a blocking GC Explicit
08-05 21:33:26.426 30832 30862 I art     : Explicit concurrent mark sweep GC freed 20(704B) AllocSpace objects, 0(0B) LOS objects, 23% free, 53MB/69MB, paused 514us total 24.181ms
08-05 21:33:26.436 30832 30862 I art     : Starting a blocking GC Explicit
08-05 21:33:26.461 30832 30862 I art     : Explicit concurrent mark sweep GC freed 3(96B) AllocSpace objects, 0(0B) LOS objects, 23% free, 53MB/69MB, paused 523us total 24.447ms
08-05 21:33:26.470 30832 30862 I art     : Starting a blocking GC Explicit
08-05 21:33:26.494 30832 30862 I art     : Explicit concurrent mark sweep GC freed 3(96B) AllocSpace objects, 0(0B) LOS objects, 23% free, 53MB/69MB, paused 489us total 23.780ms
08-05 21:33:26.503 30832 30862 I art     : Starting a blocking GC Explicit
08-05 21:33:26.528 30832 30862 I art     : Explicit concurrent mark sweep GC freed 3(96B) AllocSpace objects, 0(0B) LOS objects, 23% free, 53MB/69MB, paused 562us total 24.322ms
08-05 21:33:26.724   518   646 I ThermalEngine: ACTION: GPU - Setting GPU[0] to 450000000
08-05 21:33:26.835 30832 30843 I art     : Starting a blocking GC Explicit
08-05 21:33:26.867 30832 30843 I art     : Explicit concurrent mark sweep GC freed 1344(78KB) AllocSpace objects, 1(20KB) LOS objects, 23% free, 53MB/69MB, paused 731us total 31.268ms
08-05 21:33:26.882 30832 30843 I art     : Starting a blocking GC Explicit
08-05 21:33:26.912 30832 30843 I art     : Explicit concurrent mark sweep GC freed 20(704B) AllocSpace objects, 0(0B) LOS objects, 23% free, 53MB/69MB, paused 682us total 29.066ms
08-05 21:33:26.923 30832 30843 I art     : Starting a blocking GC Explicit
08-05 21:33:26.952 30832 30843 I art     : Explicit concurrent mark sweep GC freed 3(96B) AllocSpace objects, 0(0B) LOS objects, 23% free, 53MB/69MB, paused 684us total 28.636ms
08-05 21:33:26.963 30832 30843 I art     : Starting a blocking GC Explicit
08-05 21:33:26.992 30832 30843 I art     : Explicit concurrent mark sweep GC freed 3(96B) AllocSpace objects, 0(0B) LOS objects, 23% free, 53MB/69MB, paused 651us total 28.709ms
08-05 21:33:27.004 30832 30843 I art     : Starting a blocking GC Explicit
08-05 21:33:27.033 30832 30843 I art     : Explicit concurrent mark sweep GC freed 3(96B) AllocSpace objects, 0(0B) LOS objects, 23% free, 53MB/69MB, paused 674us total 29.069ms
08-05 21:33:27.295  2043  2043 D AndroidRuntime: >>>>>> START com.android.internal.os.RuntimeInit uid 2000 <<<<<<
08-05 21:33:27.302  2043  2043 D AndroidRuntime: CheckJNI is OFF
08-05 21:33:27.345  2043  2043 D ICU     : No timezone override file found: /data/misc/zoneinfo/current/icu/icu_tzdata.dat
08-05 21:33:27.362 30832 31309 I art     : Starting a blocking GC Explicit
08-05 21:33:27.387  2043  2043 I Radio-JNI: register_android_hardware_Radio DONE
08-05 21:33:27.392 30832 31309 I art     : Explicit concurrent mark sweep GC freed 1344(78KB) AllocSpace objects, 1(20KB) LOS objects, 23% free, 53MB/69MB, paused 722us total 29.521ms
08-05 21:33:27.404 30832 31309 I art     : Starting a blocking GC Explicit
08-05 21:33:27.418  2043  2043 D AndroidRuntime: Calling main entry com.android.commands.input.Input
08-05 21:33:27.420  2043  2043 I Input   : injectMotionEvent: MotionEvent { action=ACTION_DOWN, actionButton=0, id[0]=0, x[0]=255.0, y[0]=1845.0, toolType[0]=TOOL_TYPE_UNKNOWN, buttonState=0, metaState=0, flags=0x0, edgeFlags=0x0, pointerCount=1, historySize=0, eventTime=826423832, downTime=826423832, deviceId=0, source=0x1002 }
08-05 21:33:27.428  2043  2043 I Input   : injectMotionEvent: MotionEvent { action=ACTION_UP, actionButton=0, id[0]=0, x[0]=255.0, y[0]=1845.0, toolType[0]=TOOL_TYPE_UNKNOWN, buttonState=0, metaState=0, flags=0x0, edgeFlags=0x0, pointerCount=1, historySize=0, eventTime=826423832, downTime=826423832, deviceId=0, source=0x1002 }
08-05 21:33:27.429   918  3670 I ActivityManager: START u0 {cmp=baseline.appteam.nith.hillffair/.activities.ClubActivity (has extras)} from uid 10675 on display 0
08-05 21:33:27.433 30832 31309 I art     : Explicit concurrent mark sweep GC freed 20(704B) AllocSpace objects, 0(0B) LOS objects, 23% free, 53MB/69MB, paused 786us total 29.185ms
08-05 21:33:27.440  2043  2043 D AndroidRuntime: Shutting down VM
08-05 21:33:27.446 30832 31309 I art     : Starting a blocking GC Explicit
08-05 21:33:27.474 30832 31309 I art     : Explicit concurrent mark sweep GC freed 346(25KB) AllocSpace objects, 0(0B) LOS objects, 22% free, 53MB/69MB, paused 1.091ms total 27.817ms
08-05 21:33:27.485 30832 31309 I art     : Starting a blocking GC Explicit
08-05 21:33:27.514 30832 31309 I art     : Explicit concurrent mark sweep GC freed 3148(197KB) AllocSpace objects, 0(0B) LOS objects, 22% free, 53MB/69MB, paused 765us total 29.027ms
08-05 21:33:27.525 30832 31309 I art     : Starting a blocking GC Explicit
08-05 21:33:27.551   918   936 I ActivityManager: Displayed baseline.appteam.nith.hillffair/.activities.ClubActivity: +111ms
08-05 21:33:27.552 13866 13866 I GoogleInputMethodServic: GoogleInputMethodService.onFinishInput():3138 
08-05 21:33:27.552 13866 13866 I GoogleInputMethodServic: GoogleInputMethodService.onStartInput():1808 
08-05 21:33:27.554 30832 31309 I art     : Explicit concurrent mark sweep GC freed 241(9KB) AllocSpace objects, 0(0B) LOS objects, 22% free, 53MB/69MB, paused 794us total 28.698ms
08-05 21:33:27.804   380   380 W SurfaceFlinger: couldn't log to binary event log: overflow.
08-05 21:33:27.863 30832 31309 I art     : Starting a blocking GC Explicit
08-05 21:33:27.893 30832 31309 I art     : Explicit concurrent mark sweep GC freed 1461(85KB) AllocSpace objects, 1(20KB) LOS objects, 22% free, 53MB/69MB, paused 748us total 29.428ms
08-05 21:33:27.904 30832 31309 I art     : Starting a blocking GC Explicit
08-05 21:33:27.936 30832 31309 I art     : Explicit concurrent mark sweep GC freed 121(6KB) AllocSpace objects, 0(0B) LOS objects, 22% free, 53MB/69MB, paused 719us total 31.824ms
08-05 21:33:27.951 30832 31309 I art     : Starting a blocking GC Explicit
08-05 21:33:27.981 30832 31309 I art     : Explicit concurrent mark sweep GC freed 23(896B) AllocSpace objects, 0(0B) LOS objects, 22% free, 53MB/69MB, paused 717us total 29.793ms
08-05 21:33:27.992 30832 31309 I art     : Starting a blocking GC Explicit
08-05 21:33:28.022 30832 31309 I art     : Explicit concurrent mark sweep GC freed 14(528B) AllocSpace objects, 0(0B) LOS objects, 22% free, 53MB/69MB, paused 727us total 29.583ms
08-05 21:33:28.033 30832 31309 I art     : Starting a blocking GC Explicit
08-05 21:33:28.063 30832 31309 I art     : Explicit concurrent mark sweep GC freed 17(624B) AllocSpace objects, 0(0B) LOS objects, 22% free, 53MB/69MB, paused 904us total 29.800ms
08-05 21:33:28.319 30832  2070 D OkHttp  : --> GET https://api-hillfair-2k16.herokuapp.com/api/app/club/Technical%20Committee http/1.1
08-05 21:33:28.356 30832  2070 D OkHttp  : <-- 200 OK https://api-hillfair-2k16.herokuapp.com/api/app/club/Technical%20Committee (36ms, 1171-byte body)
08-05 21:33:28.366 30832 30843 I art     : Starting a blocking GC Explicit
08-05 21:33:28.400 30832 30843 I art     : Explicit concurrent mark sweep GC freed 4204(250KB) AllocSpace objects, 4(220KB) LOS objects, 22% free, 53MB/69MB, paused 965us total 33.712ms
08-05 21:33:28.411 30832 30843 I art     : Starting a blocking GC Explicit
08-05 21:33:28.416 30832 30832 I NAPPA_EXPERIMENTATION: MetricNetworkRequestExecutionTime: REQUEST_DURATION_SYSTEM='936',REQUEST_DURATION_OKHTTP='36',REQUEST_SYNCHRONOUS='FALSE',RESPONSE_CODE='200',RESPONSE_METHOD='GET',RESPONSE_LENGTH_OKHTTP='1171',RESPONSE_LENGTH_HEADER='1171',REQUEST_PROTOCOL='http/1.1',REQUEST_URL='https://api-hillfair-2k16.herokuapp.com/api/app/club/Technical%20Committee',
08-05 21:33:28.442 30832 30843 I art     : Explicit concurrent mark sweep GC freed 1624(209KB) AllocSpace objects, 0(0B) LOS objects, 22% free, 53MB/69MB, paused 853us total 30.676ms
08-05 21:33:28.453 30832 30843 I art     : Starting a blocking GC Explicit
08-05 21:33:28.484 30832 30843 I art     : Explicit concurrent mark sweep GC freed 86(3KB) AllocSpace objects, 0(0B) LOS objects, 22% free, 53MB/69MB, paused 724us total 30.718ms
08-05 21:33:28.497 30832 30843 I art     : Starting a blocking GC Explicit
08-05 21:33:28.524 30832 30843 I art     : Explicit concurrent mark sweep GC freed 3(96B) AllocSpace objects, 0(0B) LOS objects, 22% free, 53MB/69MB, paused 677us total 27.066ms
08-05 21:33:28.537 30832 30843 I art     : Starting a blocking GC Explicit
08-05 21:33:28.564 30832 30843 I art     : Explicit concurrent mark sweep GC freed 3(96B) AllocSpace objects, 0(0B) LOS objects, 22% free, 53MB/69MB, paused 643us total 27.203ms
08-05 21:33:28.865 30832 30862 I art     : Starting a blocking GC Explicit
08-05 21:33:28.898 30832 30862 I art     : Explicit concurrent mark sweep GC freed 1344(78KB) AllocSpace objects, 1(20KB) LOS objects, 22% free, 53MB/69MB, paused 890us total 32.683ms
08-05 21:33:28.912 30832 30862 I art     : Starting a blocking GC Explicit
08-05 21:33:28.942 30832 30862 I art     : Explicit concurrent mark sweep GC freed 36(1264B) AllocSpace objects, 0(0B) LOS objects, 22% free, 53MB/69MB, paused 706us total 29.830ms
08-05 21:33:28.954 30832 30862 I art     : Starting a blocking GC Explicit
08-05 21:33:28.986 30832 30862 I art     : Explicit concurrent mark sweep GC freed 3(96B) AllocSpace objects, 0(0B) LOS objects, 22% free, 53MB/69MB, paused 712us total 31.667ms
08-05 21:33:28.998 30832 30862 I art     : Starting a blocking GC Explicit
08-05 21:33:29.029 30832 30862 I art     : Explicit concurrent mark sweep GC freed 3(96B) AllocSpace objects, 0(0B) LOS objects, 22% free, 53MB/69MB, paused 710us total 31.164ms
08-05 21:33:29.041 30832 30862 I art     : Starting a blocking GC Explicit
08-05 21:33:29.072 30832 30862 I art     : Explicit concurrent mark sweep GC freed 3(96B) AllocSpace objects, 0(0B) LOS objects, 22% free, 53MB/69MB, paused 704us total 31.310ms
08-05 21:33:29.413 30832 30844 I art     : Starting a blocking GC Explicit
08-05 21:33:29.450 30832 30844 I art     : Explicit concurrent mark sweep GC freed 1344(78KB) AllocSpace objects, 1(20KB) LOS objects, 22% free, 53MB/69MB, paused 750us total 36.667ms
08-05 21:33:29.465 30832 30844 I art     : Starting a blocking GC Explicit
08-05 21:33:29.500 30832 30844 I art     : Explicit concurrent mark sweep GC freed 20(704B) AllocSpace objects, 0(0B) LOS objects, 22% free, 53MB/69MB, paused 719us total 35.190ms
08-05 21:33:29.512 30832 30844 I art     : Starting a blocking GC Explicit
08-05 21:33:29.543 30832 30844 I art     : Explicit concurrent mark sweep GC freed 3(96B) AllocSpace objects, 0(0B) LOS objects, 22% free, 53MB/69MB, paused 710us total 30.633ms
08-05 21:33:29.555 30832 30844 I art     : Starting a blocking GC Explicit
08-05 21:33:29.590 30832 30844 I art     : Explicit concurrent mark sweep GC freed 3(96B) AllocSpace objects, 0(0B) LOS objects, 22% free, 53MB/69MB, paused 737us total 34.553ms
08-05 21:33:29.602 30832 30844 I art     : Starting a blocking GC Explicit
08-05 21:33:29.637 30832 30844 I art     : Explicit concurrent mark sweep GC freed 3(96B) AllocSpace objects, 0(0B) LOS objects, 22% free, 53MB/69MB, paused 806us total 34.151ms
08-05 21:33:29.970 30832 30843 I art     : Starting a blocking GC Explicit
08-05 21:33:30.011 30832 30843 I art     : Explicit concurrent mark sweep GC freed 1344(78KB) AllocSpace objects, 1(20KB) LOS objects, 22% free, 53MB/69MB, paused 752us total 40.689ms
08-05 21:33:30.027 30832 30843 I art     : Starting a blocking GC Explicit
08-05 21:33:30.060 30832 30843 I art     : Explicit concurrent mark sweep GC freed 20(704B) AllocSpace objects, 0(0B) LOS objects, 22% free, 53MB/69MB, paused 737us total 32.807ms
08-05 21:33:30.072 30832 30843 I art     : Starting a blocking GC Explicit
08-05 21:33:30.107 30832 30843 I art     : Explicit concurrent mark sweep GC freed 3(96B) AllocSpace objects, 0(0B) LOS objects, 22% free, 53MB/69MB, paused 721us total 34.402ms
08-05 21:33:30.122 30832 30843 I art     : Starting a blocking GC Explicit
08-05 21:33:30.159 30832 30843 I art     : Explicit concurrent mark sweep GC freed 3(96B) AllocSpace objects, 0(0B) LOS objects, 22% free, 53MB/69MB, paused 710us total 36.253ms
08-05 21:33:30.171 30832 30843 I art     : Starting a blocking GC Explicit
08-05 21:33:30.206 30832 30843 I art     : Explicit concurrent mark sweep GC freed 3(96B) AllocSpace objects, 0(0B) LOS objects, 22% free, 53MB/69MB, paused 730us total 34.503ms
08-05 21:33:30.539 30832 31309 I art     : Starting a blocking GC Explicit
08-05 21:33:30.540 13866 13882 I PeriodicStatsRunner: PeriodicStatsRunner.call():175 call()
08-05 21:33:30.540 13866 13882 I PeriodicStatsRunner: PeriodicStatsRunner.call():179 No submit PeriodicStats since input started.
08-05 21:33:30.577 30832 31309 I art     : Explicit concurrent mark sweep GC freed 1344(78KB) AllocSpace objects, 1(20KB) LOS objects, 22% free, 53MB/69MB, paused 761us total 37.231ms
08-05 21:33:30.592 30832 31309 I art     : Starting a blocking GC Explicit
08-05 21:33:30.628 30832 31309 I art     : Explicit concurrent mark sweep GC freed 20(704B) AllocSpace objects, 0(0B) LOS objects, 22% free, 53MB/69MB, paused 859us total 35.839ms
08-05 21:33:30.640 30832 31309 I art     : Starting a blocking GC Explicit
08-05 21:33:30.673 30832 31309 I art     : Explicit concurrent mark sweep GC freed 3(96B) AllocSpace objects, 0(0B) LOS objects, 22% free, 53MB/69MB, paused 739us total 33.236ms
08-05 21:33:30.686 30832 31309 I art     : Starting a blocking GC Explicit
08-05 21:33:30.719 30832 31309 I art     : Explicit concurrent mark sweep GC freed 3(96B) AllocSpace objects, 0(0B) LOS objects, 22% free, 53MB/69MB, paused 734us total 33.708ms
08-05 21:33:30.732 30832 31309 I art     : Starting a blocking GC Explicit
08-05 21:33:30.766 30832 31309 I art     : Explicit concurrent mark sweep GC freed 3(96B) AllocSpace objects, 0(0B) LOS objects, 22% free, 53MB/69MB, paused 702us total 33.789ms
08-05 21:33:31.098 30832 30862 I art     : Starting a blocking GC Explicit
08-05 21:33:31.142 30832 30862 I art     : Explicit concurrent mark sweep GC freed 1344(78KB) AllocSpace objects, 1(20KB) LOS objects, 22% free, 53MB/69MB, paused 702us total 43.416ms
08-05 21:33:31.154 30832 30862 I art     : Starting a blocking GC Explicit
08-05 21:33:31.188 30832 30862 I art     : Explicit concurrent mark sweep GC freed 20(704B) AllocSpace objects, 0(0B) LOS objects, 22% free, 53MB/69MB, paused 793us total 34.151ms
08-05 21:33:31.201 30832 30862 I art     : Starting a blocking GC Explicit
08-05 21:33:31.235 30832 30862 I art     : Explicit concurrent mark sweep GC freed 3(96B) AllocSpace objects, 0(0B) LOS objects, 22% free, 53MB/69MB, paused 735us total 33.842ms
08-05 21:33:31.247 30832 30862 I art     : Starting a blocking GC Explicit
08-05 21:33:31.280 30832 30862 I art     : Explicit concurrent mark sweep GC freed 3(96B) AllocSpace objects, 0(0B) LOS objects, 22% free, 53MB/69MB, paused 719us total 32.504ms
08-05 21:33:31.292 30832 30862 I art     : Starting a blocking GC Explicit
08-05 21:33:31.326 30832 30862 I art     : Explicit concurrent mark sweep GC freed 3(96B) AllocSpace objects, 0(0B) LOS objects, 22% free, 53MB/69MB, paused 722us total 33.750ms
08-05 21:33:31.518   918  3261 D WifiStateMachine: starting scan for "H369AA63323"WPA_PSK with 2412,5180
08-05 21:33:31.681 30832 30844 I art     : Starting a blocking GC Explicit
08-05 21:33:31.721 30832 30844 I art     : Explicit concurrent mark sweep GC freed 1344(78KB) AllocSpace objects, 1(20KB) LOS objects, 22% free, 53MB/69MB, paused 723us total 39.386ms
08-05 21:33:31.732 30832 30844 I art     : Starting a blocking GC Explicit
08-05 21:33:31.763 30832 30844 I art     : Explicit concurrent mark sweep GC freed 20(704B) AllocSpace objects, 0(0B) LOS objects, 22% free, 53MB/69MB, paused 726us total 29.851ms
08-05 21:33:31.774 30832 30844 I art     : Starting a blocking GC Explicit
08-05 21:33:31.807 30832 30844 I art     : Explicit concurrent mark sweep GC freed 3(96B) AllocSpace objects, 0(0B) LOS objects, 22% free, 53MB/69MB, paused 729us total 32.399ms
08-05 21:33:31.818 30832 30844 I art     : Starting a blocking GC Explicit
08-05 21:33:31.851 30832 30844 I art     : Explicit concurrent mark sweep GC freed 3(96B) AllocSpace objects, 0(0B) LOS objects, 22% free, 53MB/69MB, paused 698us total 31.842ms
08-05 21:33:31.863 30832 30844 I art     : Starting a blocking GC Explicit
08-05 21:33:31.895 30832 30844 I art     : Explicit concurrent mark sweep GC freed 3(96B) AllocSpace objects, 0(0B) LOS objects, 22% free, 53MB/69MB, paused 743us total 32.713ms
08-05 21:33:32.190 30832 30843 I art     : Starting a blocking GC Explicit
08-05 21:33:32.224 30832 30843 I art     : Explicit concurrent mark sweep GC freed 1344(78KB) AllocSpace objects, 1(20KB) LOS objects, 22% free, 53MB/69MB, paused 700us total 33.839ms
08-05 21:33:32.234  2153  2153 D AndroidRuntime: >>>>>> START com.android.internal.os.RuntimeInit uid 2000 <<<<<<
08-05 21:33:32.237 30832 30843 I art     : Starting a blocking GC Explicit
08-05 21:33:32.240  2153  2153 D AndroidRuntime: CheckJNI is OFF
08-05 21:33:32.267 30832 30843 I art     : Explicit concurrent mark sweep GC freed 20(704B) AllocSpace objects, 0(0B) LOS objects, 22% free, 53MB/69MB, paused 769us total 29.823ms
08-05 21:33:32.278 30832 30843 I art     : Starting a blocking GC Explicit
08-05 21:33:32.286  2153  2153 D ICU     : No timezone override file found: /data/misc/zoneinfo/current/icu/icu_tzdata.dat
08-05 21:33:32.309 30832 30843 I art     : Explicit concurrent mark sweep GC freed 3(96B) AllocSpace objects, 0(0B) LOS objects, 22% free, 53MB/69MB, paused 774us total 30.679ms
08-05 21:33:32.320 30832 30843 I art     : Starting a blocking GC Explicit
08-05 21:33:32.334  2153  2153 I Radio-JNI: register_android_hardware_Radio DONE
08-05 21:33:32.351 30832 30843 I art     : Explicit concurrent mark sweep GC freed 3(96B) AllocSpace objects, 0(0B) LOS objects, 22% free, 53MB/69MB, paused 698us total 30.637ms
08-05 21:33:32.363 30832 30843 I art     : Starting a blocking GC Explicit
08-05 21:33:32.365  2153  2153 D AndroidRuntime: Calling main entry com.android.commands.input.Input
08-05 21:33:32.367  2153  2153 I Input   : injectKeyEvent: KeyEvent { action=ACTION_DOWN, keyCode=KEYCODE_BACK, scanCode=0, metaState=0, flags=0x0, repeatCount=0, eventTime=826428780, downTime=826428780, deviceId=-1, source=0x101 }
08-05 21:33:32.373  2153  2153 I Input   : injectKeyEvent: KeyEvent { action=ACTION_UP, keyCode=KEYCODE_BACK, scanCode=0, metaState=0, flags=0x0, repeatCount=0, eventTime=826428780, downTime=826428780, deviceId=-1, source=0x101 }
08-05 21:33:32.380  2153  2153 D AndroidRuntime: Shutting down VM
08-05 21:33:32.391 30832 30843 I art     : Explicit concurrent mark sweep GC freed 134(5KB) AllocSpace objects, 0(0B) LOS objects, 22% free, 53MB/69MB, paused 727us total 28.235ms
08-05 21:33:32.422 13866 13866 I GoogleInputMethodServic: GoogleInputMethodService.onFinishInput():3138 
08-05 21:33:32.423 13866 13866 I GoogleInputMethodServic: GoogleInputMethodService.onStartInput():1808 
08-05 21:33:32.555 13866 13882 I PeriodicStatsRunner: PeriodicStatsRunner.call():175 call()
08-05 21:33:32.556 13866 13882 I PeriodicStatsRunner: PeriodicStatsRunner.call():179 No submit PeriodicStats since input started.
08-05 21:33:32.698 30832 30862 I art     : Starting a blocking GC Explicit
08-05 21:33:32.731 30832 30862 I art     : Explicit concurrent mark sweep GC freed 1407(80KB) AllocSpace objects, 1(20KB) LOS objects, 22% free, 53MB/69MB, paused 696us total 32.680ms
08-05 21:33:32.732   518   646 I ThermalEngine: ACTION: GPU - Setting GPU[0] to 510000000
08-05 21:33:32.733   380   380 W SurfaceFlinger: couldn't log to binary event log: overflow.
08-05 21:33:32.743 30832 30862 I art     : Starting a blocking GC Explicit
08-05 21:33:32.771 30832 30862 I art     : Explicit concurrent mark sweep GC freed 149(9KB) AllocSpace objects, 0(0B) LOS objects, 22% free, 53MB/69MB, paused 552us total 27.327ms
08-05 21:33:32.780 30832 30862 I art     : Starting a blocking GC Explicit
08-05 21:33:32.803 30832 30862 I art     : Explicit concurrent mark sweep GC freed 1653(108KB) AllocSpace objects, 3(180KB) LOS objects, 22% free, 53MB/69MB, paused 501us total 22.706ms
08-05 21:33:32.811 30832 30862 I art     : Starting a blocking GC Explicit
08-05 21:33:32.833 30832 30862 I art     : Explicit concurrent mark sweep GC freed 3(96B) AllocSpace objects, 0(0B) LOS objects, 22% free, 53MB/69MB, paused 508us total 21.933ms
08-05 21:33:32.843 30832 30862 I art     : Starting a blocking GC Explicit
08-05 21:33:32.866 30832 30862 I art     : Explicit concurrent mark sweep GC freed 3(96B) AllocSpace objects, 0(0B) LOS objects, 22% free, 53MB/69MB, paused 506us total 23.467ms
08-05 21:33:32.956 32572 32572 I ServiceManager: Waiting for service AtCmdFwd...
08-05 21:33:33.164 30832 30843 I art     : Starting a blocking GC Explicit
08-05 21:33:33.197 30832 30843 I art     : Explicit concurrent mark sweep GC freed 1344(78KB) AllocSpace objects, 1(20KB) LOS objects, 22% free, 53MB/69MB, paused 569us total 33.071ms
08-05 21:33:33.210 30832 30843 I art     : Starting a blocking GC Explicit
08-05 21:33:33.234 30832 30843 I art     : Explicit concurrent mark sweep GC freed 20(704B) AllocSpace objects, 0(0B) LOS objects, 22% free, 53MB/69MB, paused 523us total 24.601ms
08-05 21:33:33.244 30832 30843 I art     : Starting a blocking GC Explicit
08-05 21:33:33.269 30832 30843 I art     : Explicit concurrent mark sweep GC freed 3(96B) AllocSpace objects, 0(0B) LOS objects, 22% free, 53MB/69MB, paused 534us total 24.464ms
08-05 21:33:33.278 30832 30843 I art     : Starting a blocking GC Explicit
08-05 21:33:33.303 30832 30843 I art     : Explicit concurrent mark sweep GC freed 3(96B) AllocSpace objects, 0(0B) LOS objects, 22% free, 53MB/69MB, paused 532us total 24.499ms
08-05 21:33:33.312 30832 30843 I art     : Starting a blocking GC Explicit
08-05 21:33:33.336 30832 30843 I art     : Explicit concurrent mark sweep GC freed 3(96B) AllocSpace objects, 0(0B) LOS objects, 22% free, 53MB/69MB, paused 525us total 24.190ms
08-05 21:33:33.631 30832 31309 I art     : Starting a blocking GC Explicit
08-05 21:33:33.661 30832 31309 I art     : Explicit concurrent mark sweep GC freed 1344(78KB) AllocSpace objects, 1(20KB) LOS objects, 22% free, 53MB/69MB, paused 531us total 29.632ms
08-05 21:33:33.670 30832 31309 I art     : Starting a blocking GC Explicit
08-05 21:33:33.695 30832 31309 I art     : Explicit concurrent mark sweep GC freed 20(704B) AllocSpace objects, 0(0B) LOS objects, 22% free, 53MB/69MB, paused 570us total 24.209ms
08-05 21:33:33.704 30832 31309 I art     : Starting a blocking GC Explicit
08-05 21:33:33.727 30832 31309 I art     : Explicit concurrent mark sweep GC freed 3(96B) AllocSpace objects, 0(0B) LOS objects, 22% free, 53MB/69MB, paused 582us total 22.797ms
08-05 21:33:33.736 30832 31309 I art     : Starting a blocking GC Explicit
08-05 21:33:33.759 30832 31309 I art     : Explicit concurrent mark sweep GC freed 3(96B) AllocSpace objects, 0(0B) LOS objects, 22% free, 53MB/69MB, paused 520us total 23.034ms
08-05 21:33:33.768 30832 31309 I art     : Starting a blocking GC Explicit
08-05 21:33:33.791 30832 31309 I art     : Explicit concurrent mark sweep GC freed 3(96B) AllocSpace objects, 0(0B) LOS objects, 22% free, 53MB/69MB, paused 505us total 22.828ms
08-05 21:33:33.956 32572 32572 I ServiceManager: Waiting for service AtCmdFwd...
08-05 21:33:34.026  2207  2207 D AndroidRuntime: >>>>>> START com.android.internal.os.RuntimeInit uid 2000 <<<<<<
08-05 21:33:34.031  2207  2207 D AndroidRuntime: CheckJNI is OFF
08-05 21:33:34.066  2207  2207 D ICU     : No timezone override file found: /data/misc/zoneinfo/current/icu/icu_tzdata.dat
08-05 21:33:34.076 30832 30844 I art     : Starting a blocking GC Explicit
08-05 21:33:34.100  2207  2207 I Radio-JNI: register_android_hardware_Radio DONE
08-05 21:33:34.101 30832 30844 I art     : Explicit concurrent mark sweep GC freed 1344(78KB) AllocSpace objects, 1(20KB) LOS objects, 22% free, 53MB/69MB, paused 583us total 24.609ms
08-05 21:33:34.111 30832 30844 I art     : Starting a blocking GC Explicit
08-05 21:33:34.123  2207  2207 D AndroidRuntime: Calling main entry com.android.commands.input.Input
08-05 21:33:34.125  2207  2207 I Input   : injectMotionEvent: MotionEvent { action=ACTION_DOWN, actionButton=0, id[0]=0, x[0]=255.0, y[0]=1845.0, toolType[0]=TOOL_TYPE_UNKNOWN, buttonState=0, metaState=0, flags=0x0, edgeFlags=0x0, pointerCount=1, historySize=0, eventTime=826430538, downTime=826430538, deviceId=0, source=0x1002 }
08-05 21:33:34.131  2207  2207 I Input   : injectMotionEvent: MotionEvent { action=ACTION_UP, actionButton=0, id[0]=0, x[0]=255.0, y[0]=1845.0, toolType[0]=TOOL_TYPE_UNKNOWN, buttonState=0, metaState=0, flags=0x0, edgeFlags=0x0, pointerCount=1, historySize=0, eventTime=826430538, downTime=826430538, deviceId=0, source=0x1002 }
08-05 21:33:34.133   918   929 I ActivityManager: START u0 {cmp=baseline.appteam.nith.hillffair/.activities.ClubActivity (has extras)} from uid 10675 on display 0
08-05 21:33:34.134 30832 30844 I art     : Explicit concurrent mark sweep GC freed 20(704B) AllocSpace objects, 0(0B) LOS objects, 22% free, 53MB/69MB, paused 761us total 23.461ms
08-05 21:33:34.144 30832 30844 I art     : Starting a blocking GC Explicit
08-05 21:33:34.144  2207  2207 D AndroidRuntime: Shutting down VM
08-05 21:33:34.167 30832 30844 I art     : Explicit concurrent mark sweep GC freed 1020(60KB) AllocSpace objects, 0(0B) LOS objects, 22% free, 53MB/69MB, paused 978us total 23.174ms
08-05 21:33:34.179 30832 30844 I art     : Starting a blocking GC Explicit
08-05 21:33:34.201 30832 30844 I art     : Explicit concurrent mark sweep GC freed 2776(204KB) AllocSpace objects, 0(0B) LOS objects, 22% free, 53MB/69MB, paused 492us total 22.287ms
08-05 21:33:34.210 30832 30844 I art     : Starting a blocking GC Explicit
08-05 21:33:34.233 30832 30844 I art     : Explicit concurrent mark sweep GC freed 227(36KB) AllocSpace objects, 0(0B) LOS objects, 22% free, 53MB/69MB, paused 626us total 22.369ms
08-05 21:33:34.238 30832 30832 I NAPPA_EXPERIMENTATION: MetricNetworkRequestExecutionTime: REQUEST_DURATION_SYSTEM='68',REQUEST_DURATION_OKHTTP='36',REQUEST_SYNCHRONOUS='FALSE',RESPONSE_CODE='200',RESPONSE_METHOD='GET',RESPONSE_LENGTH_OKHTTP='1171',RESPONSE_LENGTH_HEADER='-2',REQUEST_PROTOCOL='http/1.1',REQUEST_URL='https://api-hillfair-2k16.herokuapp.com/api/app/club/Technical%20Committee',
08-05 21:33:34.245   918   936 I ActivityManager: Displayed baseline.appteam.nith.hillffair/.activities.ClubActivity: +100ms
08-05 21:33:34.245 13866 13866 I GoogleInputMethodServic: GoogleInputMethodService.onFinishInput():3138 
08-05 21:33:34.246 13866 13866 I GoogleInputMethodServic: GoogleInputMethodService.onStartInput():1808 
08-05 21:33:34.503   380   380 W SurfaceFlinger: couldn't log to binary event log: overflow.
08-05 21:33:34.510 30832 30843 I art     : Starting a blocking GC Explicit
08-05 21:33:34.536 30832 30843 I art     : Explicit concurrent mark sweep GC freed 1958(125KB) AllocSpace objects, 1(20KB) LOS objects, 22% free, 53MB/69MB, paused 508us total 25.881ms
08-05 21:33:34.544 30832 30843 I art     : Starting a blocking GC Explicit
08-05 21:33:34.565 30832 30843 I art     : Explicit concurrent mark sweep GC freed 66(2288B) AllocSpace objects, 0(0B) LOS objects, 22% free, 53MB/69MB, paused 505us total 20.238ms
08-05 21:33:34.575 30832 30843 I art     : Starting a blocking GC Explicit
08-05 21:33:34.596 30832 30843 I art     : Explicit concurrent mark sweep GC freed 3(96B) AllocSpace objects, 0(0B) LOS objects, 22% free, 53MB/69MB, paused 525us total 21.590ms
08-05 21:33:34.605 30832 30843 I art     : Starting a blocking GC Explicit
08-05 21:33:34.629 30832 30843 I art     : Explicit concurrent mark sweep GC freed 94(5KB) AllocSpace objects, 0(0B) LOS objects, 22% free, 53MB/69MB, paused 526us total 23.530ms
08-05 21:33:34.638 30832 30843 I art     : Starting a blocking GC Explicit
08-05 21:33:34.660 30832 30843 I art     : Explicit concurrent mark sweep GC freed 12(464B) AllocSpace objects, 0(0B) LOS objects, 22% free, 53MB/69MB, paused 476us total 22.428ms
08-05 21:33:34.739   518   646 I ThermalEngine: ACTION: GPU - Setting GPU[0] to 450000000
08-05 21:33:34.957 32572 32572 I ServiceManager: Waiting for service AtCmdFwd...
08-05 21:33:34.959 30832 30843 I art     : Starting a blocking GC Explicit
08-05 21:33:34.990 30832 30843 I art     : Explicit concurrent mark sweep GC freed 1344(78KB) AllocSpace objects, 1(20KB) LOS objects, 22% free, 53MB/69MB, paused 669us total 31.010ms
08-05 21:33:35.002 30832 30843 I art     : Starting a blocking GC Explicit
08-05 21:33:35.032 30832 30843 I art     : Explicit concurrent mark sweep GC freed 36(1264B) AllocSpace objects, 0(0B) LOS objects, 22% free, 53MB/69MB, paused 726us total 29.718ms
08-05 21:33:35.043 30832 30843 I art     : Starting a blocking GC Explicit
08-05 21:33:35.075 30832 30843 I art     : Explicit concurrent mark sweep GC freed 3(96B) AllocSpace objects, 0(0B) LOS objects, 22% free, 53MB/69MB, paused 708us total 31.600ms
08-05 21:33:35.087 30832 30843 I art     : Starting a blocking GC Explicit
08-05 21:33:35.119 30832 30843 I art     : Explicit concurrent mark sweep GC freed 3(96B) AllocSpace objects, 0(0B) LOS objects, 22% free, 53MB/69MB, paused 726us total 31.524ms
08-05 21:33:35.131 30832 30843 I art     : Starting a blocking GC Explicit
08-05 21:33:35.161 30832 30843 I art     : Explicit concurrent mark sweep GC freed 3(96B) AllocSpace objects, 0(0B) LOS objects, 22% free, 53MB/69MB, paused 718us total 29.672ms
08-05 21:33:35.478 30832 31309 I art     : Starting a blocking GC Explicit
08-05 21:33:35.512 30832 31309 I art     : Explicit concurrent mark sweep GC freed 1344(78KB) AllocSpace objects, 1(20KB) LOS objects, 22% free, 53MB/69MB, paused 715us total 33.642ms
08-05 21:33:35.524 30832 31309 I art     : Starting a blocking GC Explicit
08-05 21:33:35.556 30832 31309 I art     : Explicit concurrent mark sweep GC freed 20(704B) AllocSpace objects, 0(0B) LOS objects, 22% free, 53MB/69MB, paused 724us total 31.448ms
08-05 21:33:35.568 30832 31309 I art     : Starting a blocking GC Explicit
08-05 21:33:35.599 30832 31309 I art     : Explicit concurrent mark sweep GC freed 3(96B) AllocSpace objects, 0(0B) LOS objects, 22% free, 53MB/69MB, paused 679us total 30.855ms
08-05 21:33:35.599 30832 30842 I art     : WaitForGcToComplete blocked for 22.075ms for cause HeapTrim
08-05 21:33:35.611 30832 31309 I art     : Starting a blocking GC Explicit
08-05 21:33:35.642 30832 31309 I art     : Explicit concurrent mark sweep GC freed 3(96B) AllocSpace objects, 0(0B) LOS objects, 22% free, 53MB/69MB, paused 716us total 31.357ms
08-05 21:33:35.654 30832 31309 I art     : Starting a blocking GC Explicit
08-05 21:33:35.686 30832 31309 I art     : Explicit concurrent mark sweep GC freed 3(96B) AllocSpace objects, 0(0B) LOS objects, 22% free, 53MB/69MB, paused 716us total 31.374ms
08-05 21:33:35.957 32572 32572 I ServiceManager: Waiting for service AtCmdFwd...
08-05 21:33:36.009 30832 30844 I art     : Starting a blocking GC Explicit
08-05 21:33:36.055 30832 30844 I art     : Explicit concurrent mark sweep GC freed 1344(78KB) AllocSpace objects, 1(20KB) LOS objects, 22% free, 53MB/69MB, paused 841us total 44.810ms
08-05 21:33:36.071 30832 30844 I art     : Starting a blocking GC Explicit
08-05 21:33:36.105 30832 30844 I art     : Explicit concurrent mark sweep GC freed 20(704B) AllocSpace objects, 0(0B) LOS objects, 22% free, 53MB/69MB, paused 747us total 33.973ms
08-05 21:33:36.117 30832 30844 I art     : Starting a blocking GC Explicit
08-05 21:33:36.152 30832 30844 I art     : Explicit concurrent mark sweep GC freed 3(96B) AllocSpace objects, 0(0B) LOS objects, 22% free, 53MB/69MB, paused 744us total 34.335ms
08-05 21:33:36.164 30832 30844 I art     : Starting a blocking GC Explicit
08-05 21:33:36.198 30832 30844 I art     : Explicit concurrent mark sweep GC freed 3(96B) AllocSpace objects, 0(0B) LOS objects, 22% free, 53MB/69MB, paused 730us total 33.159ms
08-05 21:33:36.210 30832 30844 I art     : Starting a blocking GC Explicit
08-05 21:33:36.244 30832 30844 I art     : Explicit concurrent mark sweep GC freed 3(96B) AllocSpace objects, 0(0B) LOS objects, 22% free, 53MB/69MB, paused 749us total 33.747ms
08-05 21:33:36.590 30832 30862 I art     : Starting a blocking GC Explicit
08-05 21:33:36.628 30832 30862 I art     : Explicit concurrent mark sweep GC freed 1344(78KB) AllocSpace objects, 1(20KB) LOS objects, 22% free, 53MB/69MB, paused 874us total 37.654ms
08-05 21:33:36.643 30832 30862 I art     : Starting a blocking GC Explicit
08-05 21:33:36.681 30832 30862 I art     : Explicit concurrent mark sweep GC freed 20(704B) AllocSpace objects, 0(0B) LOS objects, 22% free, 53MB/69MB, paused 780us total 37.448ms
08-05 21:33:36.696 30832 30862 I art     : Starting a blocking GC Explicit
08-05 21:33:36.732 30832 30862 I art     : Explicit concurrent mark sweep GC freed 3(96B) AllocSpace objects, 0(0B) LOS objects, 22% free, 53MB/69MB, paused 720us total 36.154ms
08-05 21:33:36.745 30832 30862 I art     : Starting a blocking GC Explicit
08-05 21:33:36.779 30832 30862 I art     : Explicit concurrent mark sweep GC freed 3(96B) AllocSpace objects, 0(0B) LOS objects, 22% free, 53MB/69MB, paused 728us total 34.361ms
08-05 21:33:36.792 30832 30862 I art     : Starting a blocking GC Explicit
08-05 21:33:36.824 30832 30862 I art     : Explicit concurrent mark sweep GC freed 3(96B) AllocSpace objects, 0(0B) LOS objects, 22% free, 53MB/69MB, paused 713us total 32.288ms
08-05 21:33:36.958 32572 32572 I ServiceManager: Waiting for service AtCmdFwd...
08-05 21:33:37.139 30832 30844 I art     : Starting a blocking GC Explicit
08-05 21:33:37.175 30832 30844 I art     : Explicit concurrent mark sweep GC freed 1344(78KB) AllocSpace objects, 1(20KB) LOS objects, 22% free, 53MB/69MB, paused 752us total 35.471ms
08-05 21:33:37.189 30832 30844 I art     : Starting a blocking GC Explicit
08-05 21:33:37.222 30832 30844 I art     : Explicit concurrent mark sweep GC freed 38(1376B) AllocSpace objects, 0(0B) LOS objects, 22% free, 53MB/69MB, paused 729us total 32.694ms
08-05 21:33:37.234 30832 30844 I art     : Starting a blocking GC Explicit
08-05 21:33:37.269 30832 30844 I art     : Explicit concurrent mark sweep GC freed 3(96B) AllocSpace objects, 0(0B) LOS objects, 22% free, 53MB/69MB, paused 744us total 34.254ms
08-05 21:33:37.281 30832 30844 I art     : Starting a blocking GC Explicit
08-05 21:33:37.314 30832 30844 I art     : Explicit concurrent mark sweep GC freed 3(96B) AllocSpace objects, 0(0B) LOS objects, 22% free, 53MB/69MB, paused 738us total 32.714ms
08-05 21:33:37.326 30832 30844 I art     : Starting a blocking GC Explicit
08-05 21:33:37.361 30832 30844 I art     : Explicit concurrent mark sweep GC freed 3(96B) AllocSpace objects, 0(0B) LOS objects, 22% free, 53MB/69MB, paused 735us total 34.084ms
08-05 21:33:37.423 13866 13882 I PeriodicStatsRunner: PeriodicStatsRunner.call():175 call()
08-05 21:33:37.423 13866 13882 I PeriodicStatsRunner: PeriodicStatsRunner.call():179 No submit PeriodicStats since input started.
08-05 21:33:37.693 30832 30862 I art     : Starting a blocking GC Explicit
08-05 21:33:37.737 30832 30862 I art     : Explicit concurrent mark sweep GC freed 1344(78KB) AllocSpace objects, 1(20KB) LOS objects, 22% free, 53MB/69MB, paused 794us total 43.482ms
08-05 21:33:37.754 30832 30862 I art     : Starting a blocking GC Explicit
08-05 21:33:37.786 30832 30862 I art     : Explicit concurrent mark sweep GC freed 20(704B) AllocSpace objects, 0(0B) LOS objects, 22% free, 53MB/69MB, paused 719us total 32.100ms
08-05 21:33:37.798 30832 30862 I art     : Starting a blocking GC Explicit
08-05 21:33:37.832 30832 30862 I art     : Explicit concurrent mark sweep GC freed 3(96B) AllocSpace objects, 0(0B) LOS objects, 22% free, 53MB/69MB, paused 739us total 33.770ms
08-05 21:33:37.844 30832 30862 I art     : Starting a blocking GC Explicit
08-05 21:33:37.879 30832 30862 I art     : Explicit concurrent mark sweep GC freed 3(96B) AllocSpace objects, 0(0B) LOS objects, 22% free, 53MB/69MB, paused 709us total 34.401ms
08-05 21:33:37.891 30832 30862 I art     : Starting a blocking GC Explicit
08-05 21:33:37.925 30832 30862 I art     : Explicit concurrent mark sweep GC freed 3(96B) AllocSpace objects, 0(0B) LOS objects, 22% free, 53MB/69MB, paused 733us total 33.631ms
08-05 21:33:37.959 32572 32572 W Atfwd_Sendcmd: AtCmdFwd service not published, waiting... retryCnt : 5
08-05 21:33:38.250 30832 30843 I art     : Starting a blocking GC Explicit
08-05 21:33:38.289 30832 30843 I art     : Explicit concurrent mark sweep GC freed 1344(78KB) AllocSpace objects, 1(20KB) LOS objects, 22% free, 53MB/69MB, paused 798us total 38.689ms
08-05 21:33:38.304 30832 30843 I art     : Starting a blocking GC Explicit
08-05 21:33:38.343 30832 30843 I art     : Explicit concurrent mark sweep GC freed 20(704B) AllocSpace objects, 0(0B) LOS objects, 22% free, 53MB/69MB, paused 751us total 38.023ms
08-05 21:33:38.355 30832 30843 I art     : Starting a blocking GC Explicit
08-05 21:33:38.388 30832 30843 I art     : Explicit concurrent mark sweep GC freed 3(96B) AllocSpace objects, 0(0B) LOS objects, 22% free, 53MB/69MB, paused 711us total 33.033ms
08-05 21:33:38.400 30832 30843 I art     : Starting a blocking GC Explicit
08-05 21:33:38.432 30832 30843 I art     : Explicit concurrent mark sweep GC freed 3(96B) AllocSpace objects, 0(0B) LOS objects, 22% free, 53MB/69MB, paused 699us total 31.368ms
08-05 21:33:38.444 30832 30843 I art     : Starting a blocking GC Explicit
08-05 21:33:38.474 30832 30843 I art     : Explicit concurrent mark sweep GC freed 3(96B) AllocSpace objects, 0(0B) LOS objects, 22% free, 53MB/69MB, paused 669us total 29.795ms
08-05 21:33:38.833 30832 31309 I art     : Starting a blocking GC Explicit
08-05 21:33:38.871 30832 31309 I art     : Explicit concurrent mark sweep GC freed 1344(78KB) AllocSpace objects, 1(20KB) LOS objects, 22% free, 53MB/69MB, paused 787us total 37.573ms
08-05 21:33:38.887 30832 31309 I art     : Starting a blocking GC Explicit
08-05 21:33:38.919 30832 31309 I art     : Explicit concurrent mark sweep GC freed 20(704B) AllocSpace objects, 0(0B) LOS objects, 22% free, 53MB/69MB, paused 751us total 32.421ms
08-05 21:33:38.931 30832 31309 I art     : Starting a blocking GC Explicit
08-05 21:33:38.958  2315  2315 D AndroidRuntime: >>>>>> START com.android.internal.os.RuntimeInit uid 2000 <<<<<<
08-05 21:33:38.963 30832 31309 I art     : Explicit concurrent mark sweep GC freed 3(96B) AllocSpace objects, 0(0B) LOS objects, 22% free, 53MB/69MB, paused 743us total 31.363ms
08-05 21:33:38.964  2315  2315 D AndroidRuntime: CheckJNI is OFF
08-05 21:33:38.975 30832 31309 I art     : Starting a blocking GC Explicit
08-05 21:33:39.006 30832 31309 I art     : Explicit concurrent mark sweep GC freed 3(96B) AllocSpace objects, 0(0B) LOS objects, 22% free, 53MB/69MB, paused 765us total 30.643ms
08-05 21:33:39.009  2315  2315 D ICU     : No timezone override file found: /data/misc/zoneinfo/current/icu/icu_tzdata.dat
08-05 21:33:39.017 30832 31309 I art     : Starting a blocking GC Explicit
08-05 21:33:39.049 30832 31309 I art     : Explicit concurrent mark sweep GC freed 3(96B) AllocSpace objects, 0(0B) LOS objects, 22% free, 53MB/69MB, paused 741us total 31.114ms
08-05 21:33:39.056  2315  2315 I Radio-JNI: register_android_hardware_Radio DONE
08-05 21:33:39.086  2315  2315 D AndroidRuntime: Calling main entry com.android.commands.input.Input
08-05 21:33:39.088  2315  2315 I Input   : injectKeyEvent: KeyEvent { action=ACTION_DOWN, keyCode=KEYCODE_BACK, scanCode=0, metaState=0, flags=0x0, repeatCount=0, eventTime=826435501, downTime=826435501, deviceId=-1, source=0x101 }
08-05 21:33:39.094  2315  2315 I Input   : injectKeyEvent: KeyEvent { action=ACTION_UP, keyCode=KEYCODE_BACK, scanCode=0, metaState=0, flags=0x0, repeatCount=0, eventTime=826435501, downTime=826435501, deviceId=-1, source=0x101 }
08-05 21:33:39.102  2315  2315 D AndroidRuntime: Shutting down VM
08-05 21:33:39.141 13866 13866 I GoogleInputMethodServic: GoogleInputMethodService.onFinishInput():3138 
08-05 21:33:39.142 13866 13866 I GoogleInputMethodServic: GoogleInputMethodService.onStartInput():1808 
08-05 21:33:39.248 13866 13882 I PeriodicStatsRunner: PeriodicStatsRunner.call():175 call()
08-05 21:33:39.249 13866 13882 I PeriodicStatsRunner: PeriodicStatsRunner.call():179 No submit PeriodicStats since input started.
08-05 21:33:39.338 30832 30844 I art     : Starting a blocking GC Explicit
08-05 21:33:39.374 30832 30844 I art     : Explicit concurrent mark sweep GC freed 1525(85KB) AllocSpace objects, 1(20KB) LOS objects, 22% free, 53MB/69MB, paused 667us total 36.503ms
08-05 21:33:39.390 30832 30844 I art     : Starting a blocking GC Explicit
08-05 21:33:39.424 30832 30844 I art     : Explicit concurrent mark sweep GC freed 26(944B) AllocSpace objects, 0(0B) LOS objects, 22% free, 53MB/69MB, paused 661us total 34.517ms
08-05 21:33:39.440 30832 30844 I art     : Starting a blocking GC Explicit
08-05 21:33:39.458   380   380 W SurfaceFlinger: couldn't log to binary event log: overflow.
08-05 21:33:39.471 30832 30844 I art     : Explicit concurrent mark sweep GC freed 111(8KB) AllocSpace objects, 0(0B) LOS objects, 22% free, 53MB/69MB, paused 763us total 31.295ms
08-05 21:33:39.483 30832 30844 I art     : Starting a blocking GC Explicit
08-05 21:33:39.511 30832 30844 I art     : Explicit concurrent mark sweep GC freed 1655(108KB) AllocSpace objects, 3(180KB) LOS objects, 22% free, 53MB/69MB, paused 691us total 27.727ms
08-05 21:33:39.522 30832 30844 I art     : Starting a blocking GC Explicit
08-05 21:33:39.552 30832 30844 I art     : Explicit concurrent mark sweep GC freed 3(96B) AllocSpace objects, 0(0B) LOS objects, 22% free, 53MB/69MB, paused 738us total 29.870ms
08-05 21:33:39.747   518   646 I ThermalEngine: ACTION: GPU - Setting GPU[0] to 510000000
08-05 21:33:39.844 30832 31309 I art     : Starting a blocking GC Explicit
08-05 21:33:39.874 30832 31309 I art     : Explicit concurrent mark sweep GC freed 1344(78KB) AllocSpace objects, 1(20KB) LOS objects, 22% free, 53MB/69MB, paused 600us total 30.503ms
08-05 21:33:39.885 30832 31309 I art     : Starting a blocking GC Explicit
08-05 21:33:39.910 30832 31309 I art     : Explicit concurrent mark sweep GC freed 20(704B) AllocSpace objects, 0(0B) LOS objects, 22% free, 53MB/69MB, paused 576us total 24.697ms
08-05 21:33:39.919 30832 31309 I art     : Starting a blocking GC Explicit
08-05 21:33:39.944 30832 31309 I art     : Explicit concurrent mark sweep GC freed 3(96B) AllocSpace objects, 0(0B) LOS objects, 22% free, 53MB/69MB, paused 540us total 24.482ms
08-05 21:33:39.953 30832 31309 I art     : Starting a blocking GC Explicit
08-05 21:33:39.978 30832 31309 I art     : Explicit concurrent mark sweep GC freed 3(96B) AllocSpace objects, 0(0B) LOS objects, 22% free, 53MB/69MB, paused 536us total 24.533ms
08-05 21:33:39.987 30832 31309 I art     : Starting a blocking GC Explicit
08-05 21:33:40.011 30832 31309 I art     : Explicit concurrent mark sweep GC freed 3(96B) AllocSpace objects, 0(0B) LOS objects, 22% free, 53MB/69MB, paused 545us total 24.166ms
08-05 21:33:40.304 30832 30862 I art     : Starting a blocking GC Explicit
08-05 21:33:40.339 30832 30862 I art     : Explicit concurrent mark sweep GC freed 1344(78KB) AllocSpace objects, 1(20KB) LOS objects, 22% free, 53MB/69MB, paused 757us total 33.910ms
08-05 21:33:40.351 30832 30862 I art     : Starting a blocking GC Explicit
08-05 21:33:40.374 30832 30862 I art     : Explicit concurrent mark sweep GC freed 20(704B) AllocSpace objects, 0(0B) LOS objects, 22% free, 53MB/69MB, paused 550us total 22.952ms
08-05 21:33:40.383 30832 30862 I art     : Starting a blocking GC Explicit
08-05 21:33:40.405 30832 30862 I art     : Explicit concurrent mark sweep GC freed 3(96B) AllocSpace objects, 0(0B) LOS objects, 22% free, 53MB/69MB, paused 523us total 21.393ms
08-05 21:33:40.413 30832 30862 I art     : Starting a blocking GC Explicit
08-05 21:33:40.436 30832 30862 I art     : Explicit concurrent mark sweep GC freed 3(96B) AllocSpace objects, 0(0B) LOS objects, 22% free, 53MB/69MB, paused 543us total 22.365ms
08-05 21:33:40.445 30832 30862 I art     : Starting a blocking GC Explicit
08-05 21:33:40.468 30832 30862 I art     : Explicit concurrent mark sweep GC freed 3(96B) AllocSpace objects, 0(0B) LOS objects, 22% free, 53MB/69MB, paused 558us total 23.242ms
08-05 21:33:40.754  2372  2372 D AndroidRuntime: >>>>>> START com.android.internal.os.RuntimeInit uid 2000 <<<<<<
08-05 21:33:40.758 30832 30843 I art     : Starting a blocking GC Explicit
08-05 21:33:40.759  2372  2372 D AndroidRuntime: CheckJNI is OFF
08-05 21:33:40.783 30832 30843 I art     : Explicit concurrent mark sweep GC freed 1344(78KB) AllocSpace objects, 1(20KB) LOS objects, 22% free, 53MB/69MB, paused 585us total 24.332ms
08-05 21:33:40.792 30832 30843 I art     : Starting a blocking GC Explicit
08-05 21:33:40.797  2372  2372 D ICU     : No timezone override file found: /data/misc/zoneinfo/current/icu/icu_tzdata.dat
08-05 21:33:40.816 30832 30843 I art     : Explicit concurrent mark sweep GC freed 20(704B) AllocSpace objects, 0(0B) LOS objects, 22% free, 53MB/69MB, paused 576us total 23.533ms
08-05 21:33:40.825 30832 30843 I art     : Starting a blocking GC Explicit
08-05 21:33:40.833  2372  2372 I Radio-JNI: register_android_hardware_Radio DONE
08-05 21:33:40.848 30832 30843 I art     : Explicit concurrent mark sweep GC freed 3(96B) AllocSpace objects, 0(0B) LOS objects, 22% free, 53MB/69MB, paused 567us total 22.831ms
08-05 21:33:40.855  2372  2372 D AndroidRuntime: Calling main entry com.android.commands.input.Input
08-05 21:33:40.856 30832 30843 I art     : Starting a blocking GC Explicit
08-05 21:33:40.858  2372  2372 I Input   : injectMotionEvent: MotionEvent { action=ACTION_DOWN, actionButton=0, id[0]=0, x[0]=369.0, y[0]=554.0, toolType[0]=TOOL_TYPE_UNKNOWN, buttonState=0, metaState=0, flags=0x0, edgeFlags=0x0, pointerCount=1, historySize=0, eventTime=826437270, downTime=826437270, deviceId=0, source=0x1002 }
08-05 21:33:40.863  2372  2372 I Input   : injectMotionEvent: MotionEvent { action=ACTION_UP, actionButton=0, id[0]=0, x[0]=369.0, y[0]=554.0, toolType[0]=TOOL_TYPE_UNKNOWN, buttonState=0, metaState=0, flags=0x0, edgeFlags=0x0, pointerCount=1, historySize=0, eventTime=826437270, downTime=826437270, deviceId=0, source=0x1002 }
08-05 21:33:40.864   918  6112 I ActivityManager: START u0 {cmp=baseline.appteam.nith.hillffair/.activities.ClubActivity (has extras)} from uid 10675 on display 0
08-05 21:33:40.870  2372  2372 D AndroidRuntime: Shutting down VM
08-05 21:33:40.880 30832 30843 I art     : Explicit concurrent mark sweep GC freed 74(4KB) AllocSpace objects, 0(0B) LOS objects, 22% free, 53MB/69MB, paused 729us total 22.936ms
08-05 21:33:40.889 30832 30843 I art     : Starting a blocking GC Explicit
08-05 21:33:40.912 30832 30843 I art     : Explicit concurrent mark sweep GC freed 3601(265KB) AllocSpace objects, 0(0B) LOS objects, 22% free, 53MB/69MB, paused 641us total 22.755ms
08-05 21:33:40.963 30832 30832 I NAPPA_EXPERIMENTATION: MetricNetworkRequestExecutionTime: REQUEST_DURATION_SYSTEM='63',REQUEST_DURATION_OKHTTP='42',REQUEST_SYNCHRONOUS='FALSE',RESPONSE_CODE='200',RESPONSE_METHOD='GET',RESPONSE_LENGTH_OKHTTP='979',RESPONSE_LENGTH_HEADER='-2',REQUEST_PROTOCOL='http/1.1',REQUEST_URL='https://api-hillfair-2k16.herokuapp.com/api/app/club/PR%20Club',
08-05 21:33:40.969   918   936 I ActivityManager: Displayed baseline.appteam.nith.hillffair/.activities.ClubActivity: +99ms
08-05 21:33:40.969 13866 13866 I GoogleInputMethodServic: GoogleInputMethodService.onFinishInput():3138 
08-05 21:33:40.970 13866 13866 I GoogleInputMethodServic: GoogleInputMethodService.onStartInput():1808 
08-05 21:33:41.182 30832 30844 I art     : Starting a blocking GC Explicit
08-05 21:33:41.211 30832 30844 I art     : Explicit concurrent mark sweep GC freed 2269(151KB) AllocSpace objects, 1(20KB) LOS objects, 22% free, 53MB/69MB, paused 703us total 28.301ms
08-05 21:33:41.221 30832 30844 I art     : Starting a blocking GC Explicit
08-05 21:33:41.227   380   380 W SurfaceFlinger: couldn't log to binary event log: overflow.
08-05 21:33:41.246 30832 30844 I art     : Explicit concurrent mark sweep GC freed 93(3KB) AllocSpace objects, 0(0B) LOS objects, 22% free, 53MB/69MB, paused 541us total 24.743ms
08-05 21:33:41.254 30832 30844 I art     : Starting a blocking GC Explicit
08-05 21:33:41.275 30832 30844 I art     : Explicit concurrent mark sweep GC freed 3(96B) AllocSpace objects, 0(0B) LOS objects, 22% free, 53MB/69MB, paused 515us total 20.930ms
08-05 21:33:41.284 30832 30844 I art     : Starting a blocking GC Explicit
08-05 21:33:41.305 30832 30844 I art     : Explicit concurrent mark sweep GC freed 3(96B) AllocSpace objects, 0(0B) LOS objects, 22% free, 53MB/69MB, paused 535us total 21.382ms
08-05 21:33:41.315 30832 30844 I art     : Starting a blocking GC Explicit
08-05 21:33:41.338 30832 30844 I art     : Explicit concurrent mark sweep GC freed 3(96B) AllocSpace objects, 0(0B) LOS objects, 22% free, 53MB/69MB, paused 511us total 23.409ms
08-05 21:33:41.628 30832 30843 I art     : Starting a blocking GC Explicit
08-05 21:33:41.654 30832 30843 I art     : Explicit concurrent mark sweep GC freed 1444(84KB) AllocSpace objects, 1(20KB) LOS objects, 22% free, 53MB/69MB, paused 566us total 25.703ms
08-05 21:33:41.664 30832 30843 I art     : Starting a blocking GC Explicit
08-05 21:33:41.690 30832 30843 I art     : Explicit concurrent mark sweep GC freed 20(704B) AllocSpace objects, 0(0B) LOS objects, 22% free, 53MB/69MB, paused 558us total 25.483ms
08-05 21:33:41.700 30832 30843 I art     : Starting a blocking GC Explicit
08-05 21:33:41.724 30832 30843 I art     : Explicit concurrent mark sweep GC freed 19(656B) AllocSpace objects, 0(0B) LOS objects, 22% free, 53MB/69MB, paused 567us total 23.875ms
08-05 21:33:41.733 30832 30843 I art     : Starting a blocking GC Explicit
08-05 21:33:41.751   518   646 I ThermalEngine: ACTION: GPU - Setting GPU[0] to 450000000
08-05 21:33:41.760 30832 30843 I art     : Explicit concurrent mark sweep GC freed 3(96B) AllocSpace objects, 0(0B) LOS objects, 22% free, 53MB/69MB, paused 713us total 26.980ms
08-05 21:33:41.772 30832 30843 I art     : Starting a blocking GC Explicit
08-05 21:33:41.803 30832 30843 I art     : Explicit concurrent mark sweep GC freed 3(96B) AllocSpace objects, 0(0B) LOS objects, 22% free, 53MB/69MB, paused 724us total 30.987ms
08-05 21:33:42.126 30832 30862 I art     : Starting a blocking GC Explicit
08-05 21:33:42.167 30832 30862 I art     : Explicit concurrent mark sweep GC freed 1344(78KB) AllocSpace objects, 1(20KB) LOS objects, 22% free, 53MB/69MB, paused 889us total 41.153ms
08-05 21:33:42.181 30832 30862 I art     : Starting a blocking GC Explicit
08-05 21:33:42.213 30832 30862 I art     : Explicit concurrent mark sweep GC freed 20(704B) AllocSpace objects, 0(0B) LOS objects, 22% free, 53MB/69MB, paused 741us total 31.650ms
08-05 21:33:42.225 30832 30862 I art     : Starting a blocking GC Explicit
08-05 21:33:42.257 30832 30862 I art     : Explicit concurrent mark sweep GC freed 3(96B) AllocSpace objects, 0(0B) LOS objects, 22% free, 53MB/69MB, paused 746us total 31.178ms
08-05 21:33:42.268 30832 30862 I art     : Starting a blocking GC Explicit
08-05 21:33:42.300 30832 30862 I art     : Explicit concurrent mark sweep GC freed 3(96B) AllocSpace objects, 0(0B) LOS objects, 22% free, 53MB/69MB, paused 727us total 31.828ms
08-05 21:33:42.312 30832 30862 I art     : Starting a blocking GC Explicit
08-05 21:33:42.344 30832 30862 I art     : Explicit concurrent mark sweep GC freed 3(96B) AllocSpace objects, 0(0B) LOS objects, 22% free, 53MB/69MB, paused 757us total 31.465ms
08-05 21:33:42.663 30832 30844 I art     : Starting a blocking GC Explicit
08-05 21:33:42.706 30832 30844 I art     : Explicit concurrent mark sweep GC freed 1344(78KB) AllocSpace objects, 1(20KB) LOS objects, 22% free, 53MB/69MB, paused 860us total 42.737ms
08-05 21:33:42.725 30832 30844 I art     : Starting a blocking GC Explicit
08-05 21:33:42.763 30832 30844 I art     : Explicit concurrent mark sweep GC freed 20(704B) AllocSpace objects, 0(0B) LOS objects, 22% free, 53MB/69MB, paused 758us total 38.003ms
08-05 21:33:42.775 30832 30844 I art     : Starting a blocking GC Explicit
08-05 21:33:42.811 30832 30844 I art     : Explicit concurrent mark sweep GC freed 3(96B) AllocSpace objects, 0(0B) LOS objects, 22% free, 53MB/69MB, paused 763us total 34.812ms
08-05 21:33:42.823 30832 30844 I art     : Starting a blocking GC Explicit
08-05 21:33:42.857 30832 30844 I art     : Explicit concurrent mark sweep GC freed 3(96B) AllocSpace objects, 0(0B) LOS objects, 22% free, 53MB/69MB, paused 847us total 33.992ms
08-05 21:33:42.869 30832 30844 I art     : Starting a blocking GC Explicit
08-05 21:33:42.904 30832 30844 I art     : Explicit concurrent mark sweep GC freed 3(96B) AllocSpace objects, 0(0B) LOS objects, 22% free, 53MB/69MB, paused 745us total 34.582ms
08-05 21:33:43.269 30832  2348 I art     : Starting a blocking GC Explicit
08-05 21:33:43.314 30832  2348 I art     : Explicit concurrent mark sweep GC freed 1344(78KB) AllocSpace objects, 1(20KB) LOS objects, 22% free, 53MB/69MB, paused 834us total 44.702ms
08-05 21:33:43.329 30832  2348 I art     : Starting a blocking GC Explicit
08-05 21:33:43.366 30832  2348 I art     : Explicit concurrent mark sweep GC freed 20(704B) AllocSpace objects, 0(0B) LOS objects, 22% free, 53MB/69MB, paused 768us total 36.226ms
08-05 21:33:43.378 30832  2348 I art     : Starting a blocking GC Explicit
08-05 21:33:43.413 30832  2348 I art     : Explicit concurrent mark sweep GC freed 3(96B) AllocSpace objects, 0(0B) LOS objects, 22% free, 53MB/69MB, paused 817us total 34.229ms
08-05 21:33:43.425 30832  2348 I art     : Starting a blocking GC Explicit
08-05 21:33:43.460 30832  2348 I art     : Explicit concurrent mark sweep GC freed 3(96B) AllocSpace objects, 0(0B) LOS objects, 22% free, 53MB/69MB, paused 756us total 34.561ms
08-05 21:33:43.472 30832  2348 I art     : Starting a blocking GC Explicit
08-05 21:33:43.507 30832  2348 I art     : Explicit concurrent mark sweep GC freed 3(96B) AllocSpace objects, 0(0B) LOS objects, 22% free, 53MB/69MB, paused 752us total 34.484ms
08-05 21:33:43.846 30832 31309 I art     : Starting a blocking GC Explicit
08-05 21:33:43.888 30832 31309 I art     : Explicit concurrent mark sweep GC freed 1344(78KB) AllocSpace objects, 1(20KB) LOS objects, 22% free, 53MB/69MB, paused 769us total 40.754ms
08-05 21:33:43.902 30832 31309 I art     : Starting a blocking GC Explicit
08-05 21:33:43.935 30832 31309 I art     : Explicit concurrent mark sweep GC freed 20(704B) AllocSpace objects, 0(0B) LOS objects, 22% free, 53MB/69MB, paused 760us total 32.723ms
08-05 21:33:43.947 30832 31309 I art     : Starting a blocking GC Explicit
08-05 21:33:43.981 30832 31309 I art     : Explicit concurrent mark sweep GC freed 3(96B) AllocSpace objects, 0(0B) LOS objects, 22% free, 53MB/69MB, paused 765us total 33.718ms
08-05 21:33:43.993 30832 31309 I art     : Starting a blocking GC Explicit
08-05 21:33:44.027 30832 31309 I art     : Explicit concurrent mark sweep GC freed 3(96B) AllocSpace objects, 0(0B) LOS objects, 22% free, 53MB/69MB, paused 884us total 34.090ms
08-05 21:33:44.039 30832 31309 I art     : Starting a blocking GC Explicit
08-05 21:33:44.074 30832 31309 I art     : Explicit concurrent mark sweep GC freed 3(96B) AllocSpace objects, 0(0B) LOS objects, 22% free, 53MB/69MB, paused 741us total 34.404ms
08-05 21:33:44.142 13866 13882 I PeriodicStatsRunner: PeriodicStatsRunner.call():175 call()
08-05 21:33:44.142 13866 13882 I PeriodicStatsRunner: PeriodicStatsRunner.call():179 No submit PeriodicStats since input started.
08-05 21:33:44.406 30832 30843 I art     : Starting a blocking GC Explicit
08-05 21:33:44.450 30832 30843 I art     : Explicit concurrent mark sweep GC freed 1344(78KB) AllocSpace objects, 1(20KB) LOS objects, 22% free, 53MB/69MB, paused 809us total 43.246ms
08-05 21:33:44.464 30832 30843 I art     : Starting a blocking GC Explicit
08-05 21:33:44.498 30832 30843 I art     : Explicit concurrent mark sweep GC freed 20(704B) AllocSpace objects, 0(0B) LOS objects, 22% free, 53MB/69MB, paused 785us total 33.916ms
08-05 21:33:44.510 30832 30843 I art     : Starting a blocking GC Explicit
08-05 21:33:44.545 30832 30843 I art     : Explicit concurrent mark sweep GC freed 3(96B) AllocSpace objects, 0(0B) LOS objects, 22% free, 53MB/69MB, paused 737us total 34.457ms
08-05 21:33:44.557 30832 30843 I art     : Starting a blocking GC Explicit
08-05 21:33:44.592 30832 30843 I art     : Explicit concurrent mark sweep GC freed 3(96B) AllocSpace objects, 0(0B) LOS objects, 22% free, 53MB/69MB, paused 764us total 34.317ms
08-05 21:33:44.604 30832 30843 I art     : Starting a blocking GC Explicit
08-05 21:33:44.637 30832 30843 I art     : Explicit concurrent mark sweep GC freed 3(96B) AllocSpace objects, 0(0B) LOS objects, 22% free, 53MB/69MB, paused 805us total 32.642ms
08-05 21:33:44.967 30832 30862 I art     : Starting a blocking GC Explicit
08-05 21:33:45.004 30832 30862 I art     : Explicit concurrent mark sweep GC freed 1344(78KB) AllocSpace objects, 1(20KB) LOS objects, 22% free, 53MB/69MB, paused 727us total 37.562ms
08-05 21:33:45.016 30832 30862 I art     : Starting a blocking GC Explicit
08-05 21:33:45.048 30832 30862 I art     : Explicit concurrent mark sweep GC freed 20(704B) AllocSpace objects, 0(0B) LOS objects, 22% free, 53MB/69MB, paused 758us total 31.795ms
08-05 21:33:45.060 30832 30862 I art     : Starting a blocking GC Explicit
08-05 21:33:45.093 30832 30862 I art     : Explicit concurrent mark sweep GC freed 3(96B) AllocSpace objects, 0(0B) LOS objects, 22% free, 53MB/69MB, paused 763us total 32.980ms
08-05 21:33:45.105 30832 30862 I art     : Starting a blocking GC Explicit
08-05 21:33:45.137 30832 30862 I art     : Explicit concurrent mark sweep GC freed 3(96B) AllocSpace objects, 0(0B) LOS objects, 22% free, 53MB/69MB, paused 700us total 30.904ms
08-05 21:33:45.148 30832 30862 I art     : Starting a blocking GC Explicit
08-05 21:33:45.178 30832 30862 I art     : Explicit concurrent mark sweep GC freed 3(96B) AllocSpace objects, 0(0B) LOS objects, 22% free, 53MB/69MB, paused 704us total 29.928ms
08-05 21:33:45.492 30832 30844 I art     : Starting a blocking GC Explicit
08-05 21:33:45.529 30832 30844 I art     : Explicit concurrent mark sweep GC freed 1344(78KB) AllocSpace objects, 1(20KB) LOS objects, 22% free, 53MB/69MB, paused 840us total 37.240ms
08-05 21:33:45.543 30832 30844 I art     : Starting a blocking GC Explicit
08-05 21:33:45.577 30832 30844 I art     : Explicit concurrent mark sweep GC freed 20(704B) AllocSpace objects, 0(0B) LOS objects, 22% free, 53MB/69MB, paused 812us total 33.543ms
08-05 21:33:45.589 30832 30844 I art     : Starting a blocking GC Explicit
08-05 21:33:45.621 30832 30844 I art     : Explicit concurrent mark sweep GC freed 3(96B) AllocSpace objects, 0(0B) LOS objects, 22% free, 53MB/69MB, paused 791us total 31.885ms
08-05 21:33:45.633 30832 30844 I art     : Starting a blocking GC Explicit
08-05 21:33:45.665 30832 30844 I art     : Explicit concurrent mark sweep GC freed 3(96B) AllocSpace objects, 0(0B) LOS objects, 22% free, 53MB/69MB, paused 778us total 32.237ms
08-05 21:33:45.677 30832 30844 I art     : Starting a blocking GC Explicit
08-05 21:33:45.710 30832 30844 I art     : Explicit concurrent mark sweep GC freed 7(224B) AllocSpace objects, 0(0B) LOS objects, 22% free, 53MB/69MB, paused 762us total 32.245ms
08-05 21:33:45.712  2489  2489 D AndroidRuntime: >>>>>> START com.android.internal.os.RuntimeInit uid 2000 <<<<<<
08-05 21:33:45.718  2489  2489 D AndroidRuntime: CheckJNI is OFF
08-05 21:33:45.763  2489  2489 D ICU     : No timezone override file found: /data/misc/zoneinfo/current/icu/icu_tzdata.dat
08-05 21:33:45.809  2489  2489 I Radio-JNI: register_android_hardware_Radio DONE
08-05 21:33:45.839  2489  2489 D AndroidRuntime: Calling main entry com.android.commands.input.Input
08-05 21:33:45.842  2489  2489 I Input   : injectKeyEvent: KeyEvent { action=ACTION_DOWN, keyCode=KEYCODE_BACK, scanCode=0, metaState=0, flags=0x0, repeatCount=0, eventTime=826442255, downTime=826442255, deviceId=-1, source=0x101 }
08-05 21:33:45.851  2489  2489 I Input   : injectKeyEvent: KeyEvent { action=ACTION_UP, keyCode=KEYCODE_BACK, scanCode=0, metaState=0, flags=0x0, repeatCount=0, eventTime=826442255, downTime=826442255, deviceId=-1, source=0x101 }
08-05 21:33:45.860  2489  2489 D AndroidRuntime: Shutting down VM
08-05 21:33:45.907 13866 13866 I GoogleInputMethodServic: GoogleInputMethodService.onFinishInput():3138 
08-05 21:33:45.908 13866 13866 I GoogleInputMethodServic: GoogleInputMethodService.onStartInput():1808 
08-05 21:33:45.970 13866 13882 I PeriodicStatsRunner: PeriodicStatsRunner.call():175 call()
08-05 21:33:45.970 13866 13882 I PeriodicStatsRunner: PeriodicStatsRunner.call():179 No submit PeriodicStats since input started.
08-05 21:33:46.000 30832 30862 I art     : Starting a blocking GC Explicit
08-05 21:33:46.032 30832 30862 I art     : Explicit concurrent mark sweep GC freed 1543(86KB) AllocSpace objects, 1(20KB) LOS objects, 22% free, 53MB/69MB, paused 644us total 31.454ms
08-05 21:33:46.046 30832 30862 I art     : Starting a blocking GC Explicit
08-05 21:33:46.082 30832 30862 I art     : Explicit concurrent mark sweep GC freed 42(1456B) AllocSpace objects, 0(0B) LOS objects, 22% free, 53MB/69MB, paused 741us total 35.459ms
08-05 21:33:46.098 30832 30862 I art     : Starting a blocking GC Explicit
08-05 21:33:46.131 30832 30862 I art     : Explicit concurrent mark sweep GC freed 3(96B) AllocSpace objects, 0(0B) LOS objects, 22% free, 53MB/69MB, paused 683us total 32.502ms
08-05 21:33:46.145 30832 30862 I art     : Starting a blocking GC Explicit
08-05 21:33:46.178 30832 30862 I art     : Explicit concurrent mark sweep GC freed 3(96B) AllocSpace objects, 0(0B) LOS objects, 22% free, 53MB/69MB, paused 720us total 33.076ms
08-05 21:33:46.191 30832 30862 I art     : Starting a blocking GC Explicit
08-05 21:33:46.215   380   380 W SurfaceFlinger: couldn't log to binary event log: overflow.
08-05 21:33:46.221 30832 30862 I art     : Explicit concurrent mark sweep GC freed 89(7KB) AllocSpace objects, 0(0B) LOS objects, 22% free, 53MB/69MB, paused 693us total 29.292ms
08-05 21:33:46.529 30832  2348 I art     : Starting a blocking GC Explicit
08-05 21:33:46.570 30832  2348 I art     : Explicit concurrent mark sweep GC freed 1367(79KB) AllocSpace objects, 1(20KB) LOS objects, 22% free, 53MB/69MB, paused 804us total 40.328ms
08-05 21:33:46.586 30832  2348 I art     : Starting a blocking GC Explicit
08-05 21:33:46.617 30832  2348 I art     : Explicit concurrent mark sweep GC freed 1671(107KB) AllocSpace objects, 3(184KB) LOS objects, 22% free, 53MB/69MB, paused 800us total 31.689ms
08-05 21:33:46.629 30832  2348 I art     : Starting a blocking GC Explicit
08-05 21:33:46.660 30832  2348 I art     : Explicit concurrent mark sweep GC freed 3(96B) AllocSpace objects, 0(0B) LOS objects, 22% free, 53MB/69MB, paused 755us total 30.133ms
08-05 21:33:46.671 30832  2348 I art     : Starting a blocking GC Explicit
08-05 21:33:46.702 30832  2348 I art     : Explicit concurrent mark sweep GC freed 3(96B) AllocSpace objects, 0(0B) LOS objects, 22% free, 53MB/69MB, paused 707us total 30.665ms
08-05 21:33:46.714 30832  2348 I art     : Starting a blocking GC Explicit
08-05 21:33:46.745 30832  2348 I art     : Explicit concurrent mark sweep GC freed 3(96B) AllocSpace objects, 0(0B) LOS objects, 22% free, 53MB/69MB, paused 720us total 30.530ms
08-05 21:33:47.038 30832 30844 I art     : Starting a blocking GC Explicit
08-05 21:33:47.078 30832 30844 I art     : Explicit concurrent mark sweep GC freed 1344(78KB) AllocSpace objects, 1(20KB) LOS objects, 22% free, 53MB/69MB, paused 788us total 39.910ms
08-05 21:33:47.097 30832 30844 I art     : Starting a blocking GC Explicit
08-05 21:33:47.127 30832 30844 I art     : Explicit concurrent mark sweep GC freed 20(704B) AllocSpace objects, 0(0B) LOS objects, 22% free, 53MB/69MB, paused 730us total 29.565ms
08-05 21:33:47.138 30832 30844 I art     : Starting a blocking GC Explicit
08-05 21:33:47.167 30832 30844 I art     : Explicit concurrent mark sweep GC freed 3(96B) AllocSpace objects, 0(0B) LOS objects, 22% free, 53MB/69MB, paused 847us total 28.466ms
08-05 21:33:47.178 30832 30844 I art     : Starting a blocking GC Explicit
08-05 21:33:47.207 30832 30844 I art     : Explicit concurrent mark sweep GC freed 3(96B) AllocSpace objects, 0(0B) LOS objects, 22% free, 53MB/69MB, paused 736us total 28.439ms
08-05 21:33:47.218 30832 30844 I art     : Starting a blocking GC Explicit
08-05 21:33:47.248 30832 30844 I art     : Explicit concurrent mark sweep GC freed 3(96B) AllocSpace objects, 0(0B) LOS objects, 22% free, 53MB/69MB, paused 771us total 29.374ms
08-05 21:33:47.547 30832 30843 I art     : Starting a blocking GC Explicit
08-05 21:33:47.582 30832 30843 I art     : Explicit concurrent mark sweep GC freed 1344(78KB) AllocSpace objects, 1(20KB) LOS objects, 22% free, 53MB/69MB, paused 735us total 35.128ms
08-05 21:33:47.594 30832 30843 I art     : Starting a blocking GC Explicit
08-05 21:33:47.626 30832 30843 I art     : Explicit concurrent mark sweep GC freed 20(704B) AllocSpace objects, 0(0B) LOS objects, 22% free, 53MB/69MB, paused 755us total 31.661ms
08-05 21:33:47.637 30832 30843 I art     : Starting a blocking GC Explicit
08-05 21:33:47.658  2545  2545 D AndroidRuntime: >>>>>> START com.android.internal.os.RuntimeInit uid 2000 <<<<<<
08-05 21:33:47.664  2545  2545 D AndroidRuntime: CheckJNI is OFF
08-05 21:33:47.669 30832 30843 I art     : Explicit concurrent mark sweep GC freed 3(96B) AllocSpace objects, 0(0B) LOS objects, 22% free, 53MB/69MB, paused 733us total 31.372ms
08-05 21:33:47.681 30832 30843 I art     : Starting a blocking GC Explicit
08-05 21:33:47.710  2545  2545 D ICU     : No timezone override file found: /data/misc/zoneinfo/current/icu/icu_tzdata.dat
08-05 21:33:47.711 30832 30843 I art     : Explicit concurrent mark sweep GC freed 3(96B) AllocSpace objects, 0(0B) LOS objects, 22% free, 53MB/69MB, paused 793us total 30.060ms
08-05 21:33:47.723 30832 30843 I art     : Starting a blocking GC Explicit
08-05 21:33:47.753 30832 30843 I art     : Explicit concurrent mark sweep GC freed 3(96B) AllocSpace objects, 0(0B) LOS objects, 22% free, 53MB/69MB, paused 756us total 30.255ms
08-05 21:33:47.757  2545  2545 I Radio-JNI: register_android_hardware_Radio DONE
08-05 21:33:47.761   518   646 I ThermalEngine: ACTION: GPU - Setting GPU[0] to 510000000
08-05 21:33:47.786  2545  2545 D AndroidRuntime: Calling main entry com.android.commands.input.Input
08-05 21:33:47.788  2545  2545 I Input   : injectKeyEvent: KeyEvent { action=ACTION_DOWN, keyCode=KEYCODE_BACK, scanCode=0, metaState=0, flags=0x0, repeatCount=0, eventTime=826444201, downTime=826444201, deviceId=-1, source=0x101 }
08-05 21:33:47.795  2545  2545 I Input   : injectKeyEvent: KeyEvent { action=ACTION_UP, keyCode=KEYCODE_BACK, scanCode=0, metaState=0, flags=0x0, repeatCount=0, eventTime=826444201, downTime=826444201, deviceId=-1, source=0x101 }
08-05 21:33:47.801  2545  2545 D AndroidRuntime: Shutting down VM
08-05 21:33:47.844 13866 13866 I GoogleInputMethodServic: GoogleInputMethodService.onFinishInput():3138 
08-05 21:33:47.845 13866 13866 I GoogleInputMethodServic: GoogleInputMethodService.onStartInput():1808 
08-05 21:33:48.015 30832 30844 I art     : Starting a blocking GC Explicit
08-05 21:33:48.047 30832 30844 I art     : Explicit concurrent mark sweep GC freed 1553(87KB) AllocSpace objects, 1(20KB) LOS objects, 22% free, 53MB/69MB, paused 540us total 31.592ms
08-05 21:33:48.057 30832 30844 I art     : Starting a blocking GC Explicit
08-05 21:33:48.084 30832 30844 I art     : Explicit concurrent mark sweep GC freed 24(864B) AllocSpace objects, 0(0B) LOS objects, 22% free, 53MB/69MB, paused 499us total 27.035ms
08-05 21:33:48.098 30832 30844 I art     : Starting a blocking GC Explicit
08-05 21:33:48.128 30832 30844 I art     : Explicit concurrent mark sweep GC freed 3(96B) AllocSpace objects, 0(0B) LOS objects, 22% free, 53MB/69MB, paused 563us total 30.219ms
08-05 21:33:48.138 30832 30844 I art     : Starting a blocking GC Explicit
08-05 21:33:48.163 30832 30844 I art     : Explicit concurrent mark sweep GC freed 528(26KB) AllocSpace objects, 0(0B) LOS objects, 22% free, 53MB/69MB, paused 584us total 24.370ms
08-05 21:33:48.172 30832 30844 I art     : Starting a blocking GC Explicit
08-05 21:33:48.196 30832 30844 I art     : Explicit concurrent mark sweep GC freed 1111(49KB) AllocSpace objects, 0(0B) LOS objects, 22% free, 53MB/69MB, paused 626us total 23.372ms
08-05 21:33:48.500 30832 30862 I art     : Starting a blocking GC Explicit
08-05 21:33:48.529 30832 30862 I art     : Explicit concurrent mark sweep GC freed 4182(258KB) AllocSpace objects, 3(160KB) LOS objects, 23% free, 53MB/69MB, paused 640us total 29.350ms
08-05 21:33:48.540 30832 30862 I art     : Starting a blocking GC Explicit
08-05 21:33:48.564 30832 30862 I art     : Explicit concurrent mark sweep GC freed 20(704B) AllocSpace objects, 0(0B) LOS objects, 23% free, 53MB/69MB, paused 554us total 23.385ms
08-05 21:33:48.573 30832 30862 I art     : Starting a blocking GC Explicit
08-05 21:33:48.596 30832 30862 I art     : Explicit concurrent mark sweep GC freed 3(96B) AllocSpace objects, 0(0B) LOS objects, 23% free, 53MB/69MB, paused 579us total 22.819ms
08-05 21:33:48.605 30832 30862 I art     : Starting a blocking GC Explicit
08-05 21:33:48.628 30832 30862 I art     : Explicit concurrent mark sweep GC freed 3(96B) AllocSpace objects, 0(0B) LOS objects, 23% free, 53MB/69MB, paused 548us total 23.025ms
08-05 21:33:48.637 30832 30862 I art     : Starting a blocking GC Explicit
08-05 21:33:48.660 30832 30862 I art     : Explicit concurrent mark sweep GC freed 3(96B) AllocSpace objects, 0(0B) LOS objects, 23% free, 53MB/69MB, paused 541us total 22.306ms
08-05 21:33:48.768   518   646 I ThermalEngine: ACTION: GPU - Setting GPU[0] to 450000000
08-05 21:33:48.957 30832  2348 I art     : Starting a blocking GC Explicit
08-05 21:33:48.994 30832  2348 I art     : Explicit concurrent mark sweep GC freed 1341(78KB) AllocSpace objects, 1(20KB) LOS objects, 23% free, 53MB/69MB, paused 829us total 37.017ms
08-05 21:33:49.010 30832  2348 I art     : Starting a blocking GC Explicit
08-05 21:33:49.038 30832  2348 I art     : Explicit concurrent mark sweep GC freed 20(704B) AllocSpace objects, 0(0B) LOS objects, 23% free, 53MB/69MB, paused 715us total 27.658ms
08-05 21:33:49.049 30832  2348 I art     : Starting a blocking GC Explicit
08-05 21:33:49.076 30832  2348 I art     : Explicit concurrent mark sweep GC freed 3(96B) AllocSpace objects, 0(0B) LOS objects, 23% free, 53MB/69MB, paused 724us total 27.050ms
08-05 21:33:49.088 30832  2348 I art     : Starting a blocking GC Explicit
08-05 21:33:49.115 30832  2348 I art     : Explicit concurrent mark sweep GC freed 3(96B) AllocSpace objects, 0(0B) LOS objects, 23% free, 53MB/69MB, paused 728us total 26.832ms
08-05 21:33:49.126 30832  2348 I art     : Starting a blocking GC Explicit
08-05 21:33:49.152 30832  2348 I art     : Explicit concurrent mark sweep GC freed 3(96B) AllocSpace objects, 0(0B) LOS objects, 23% free, 53MB/69MB, paused 720us total 26.194ms
08-05 21:33:49.448 30832 31309 I art     : Starting a blocking GC Explicit
08-05 21:33:49.482 30832 31309 I art     : Explicit concurrent mark sweep GC freed 1341(78KB) AllocSpace objects, 1(20KB) LOS objects, 23% free, 53MB/69MB, paused 782us total 33.551ms
08-05 21:33:49.497 30832 31309 I art     : Starting a blocking GC Explicit
08-05 21:33:49.525 30832 31309 I art     : Explicit concurrent mark sweep GC freed 20(704B) AllocSpace objects, 0(0B) LOS objects, 23% free, 53MB/69MB, paused 758us total 28.088ms
08-05 21:33:49.536 30832 31309 I art     : Starting a blocking GC Explicit
08-05 21:33:49.565 30832 31309 I art     : Explicit concurrent mark sweep GC freed 3(96B) AllocSpace objects, 0(0B) LOS objects, 23% free, 53MB/69MB, paused 753us total 28.804ms
08-05 21:33:49.569  2605  2605 D AndroidRuntime: >>>>>> START com.android.internal.os.RuntimeInit uid 2000 <<<<<<
08-05 21:33:49.575  2605  2605 D AndroidRuntime: CheckJNI is OFF
08-05 21:33:49.577 30832 31309 I art     : Starting a blocking GC Explicit
08-05 21:33:49.605 30832 31309 I art     : Explicit concurrent mark sweep GC freed 3(96B) AllocSpace objects, 0(0B) LOS objects, 23% free, 53MB/69MB, paused 739us total 28.221ms
08-05 21:33:49.616 30832 31309 I art     : Starting a blocking GC Explicit
08-05 21:33:49.623  2605  2605 D ICU     : No timezone override file found: /data/misc/zoneinfo/current/icu/icu_tzdata.dat
08-05 21:33:49.645 30832 31309 I art     : Explicit concurrent mark sweep GC freed 3(96B) AllocSpace objects, 0(0B) LOS objects, 23% free, 53MB/69MB, paused 753us total 28.507ms
08-05 21:33:49.673  2605  2605 I Radio-JNI: register_android_hardware_Radio DONE
08-05 21:33:49.702  2605  2605 D AndroidRuntime: Calling main entry com.android.commands.input.Input
08-05 21:33:49.704  2605  2605 I Input   : injectMotionEvent: MotionEvent { action=ACTION_DOWN, actionButton=0, id[0]=0, x[0]=1084.0, y[0]=2213.0, toolType[0]=TOOL_TYPE_UNKNOWN, buttonState=0, metaState=0, flags=0x0, edgeFlags=0x0, pointerCount=1, historySize=0, eventTime=826446116, downTime=826446116, deviceId=0, source=0x1002 }
08-05 21:33:49.711  2605  2605 I Input   : injectMotionEvent: MotionEvent { action=ACTION_UP, actionButton=0, id[0]=0, x[0]=1084.0, y[0]=2213.0, toolType[0]=TOOL_TYPE_UNKNOWN, buttonState=0, metaState=0, flags=0x0, edgeFlags=0x0, pointerCount=1, historySize=0, eventTime=826446116, downTime=826446116, deviceId=0, source=0x1002 }
08-05 21:33:49.712   918  3961 I ActivityManager: START u0 {cmp=baseline.appteam.nith.hillffair/.activities.EventActivity} from uid 10675 on display 0
08-05 21:33:49.719  2605  2605 D AndroidRuntime: Shutting down VM
08-05 21:33:49.812 30832 30832 I NAPPA_EXPERIMENTATION: MetricNetworkRequestExecutionTime: REQUEST_DURATION_SYSTEM='56',REQUEST_DURATION_OKHTTP='38',REQUEST_SYNCHRONOUS='FALSE',RESPONSE_CODE='200',RESPONSE_METHOD='GET',RESPONSE_LENGTH_OKHTTP='1870',RESPONSE_LENGTH_HEADER='-2',REQUEST_PROTOCOL='http/1.1',REQUEST_URL='https://api-hillfair-2k16.herokuapp.com/api/app/club',
08-05 21:33:49.814 13866 13866 I GoogleInputMethodServic: GoogleInputMethodService.onFinishInput():3138 
08-05 21:33:49.815 13866 13866 I GoogleInputMethodServic: GoogleInputMethodService.onStartInput():1808 
08-05 21:33:49.870   918   936 I ActivityManager: Displayed baseline.appteam.nith.hillffair/.activities.EventActivity: +150ms
08-05 21:33:49.937 30832  2348 I art     : Starting a blocking GC Explicit
08-05 21:33:49.971 30832  2348 I art     : Explicit concurrent mark sweep GC freed 7537(494KB) AllocSpace objects, 1(20KB) LOS objects, 23% free, 53MB/69MB, paused 812us total 33.442ms
08-05 21:33:49.985 30832  2348 I art     : Starting a blocking GC Explicit
08-05 21:33:50.017 30832  2348 I art     : Explicit concurrent mark sweep GC freed 346(14KB) AllocSpace objects, 0(0B) LOS objects, 23% free, 53MB/69MB, paused 889us total 32.356ms
08-05 21:33:50.031 30832  2348 I art     : Starting a blocking GC Explicit
08-05 21:33:50.063 30832  2348 I art     : Explicit concurrent mark sweep GC freed 3(96B) AllocSpace objects, 0(0B) LOS objects, 23% free, 53MB/69MB, paused 680us total 32.235ms
08-05 21:33:50.077 30832  2348 I art     : Starting a blocking GC Explicit
08-05 21:33:50.103   380   380 W SurfaceFlinger: couldn't log to binary event log: overflow.
08-05 21:33:50.111 30832  2348 I art     : Explicit concurrent mark sweep GC freed 3(96B) AllocSpace objects, 0(0B) LOS objects, 23% free, 53MB/69MB, paused 748us total 33.883ms
08-05 21:33:50.124 30832  2348 I art     : Starting a blocking GC Explicit
08-05 21:33:50.149 30832  2348 I art     : Explicit concurrent mark sweep GC freed 3(96B) AllocSpace objects, 0(0B) LOS objects, 23% free, 53MB/69MB, paused 691us total 24.767ms
08-05 21:33:50.189   918  3188 I hubconnection: sensorhub said: 'set_bias 3: -5.7600, 0.0000, 0.0000'
08-05 21:33:50.447 30832 31309 I art     : Starting a blocking GC Explicit
08-05 21:33:50.478 30832 31309 I art     : Explicit concurrent mark sweep GC freed 1414(83KB) AllocSpace objects, 1(20KB) LOS objects, 23% free, 53MB/69MB, paused 799us total 30.771ms
08-05 21:33:50.490 30832 31309 I art     : Starting a blocking GC Explicit
08-05 21:33:50.520 30832 31309 I art     : Explicit concurrent mark sweep GC freed 20(704B) AllocSpace objects, 0(0B) LOS objects, 23% free, 53MB/69MB, paused 728us total 29.587ms
08-05 21:33:50.532 30832 31309 I art     : Starting a blocking GC Explicit
08-05 21:33:50.561 30832 31309 I art     : Explicit concurrent mark sweep GC freed 3(96B) AllocSpace objects, 0(0B) LOS objects, 23% free, 53MB/69MB, paused 699us total 29.368ms
08-05 21:33:50.573 30832 31309 I art     : Starting a blocking GC Explicit
08-05 21:33:50.603 30832 31309 I art     : Explicit concurrent mark sweep GC freed 3(96B) AllocSpace objects, 0(0B) LOS objects, 23% free, 53MB/69MB, paused 811us total 30.210ms
08-05 21:33:50.615 30832 31309 I art     : Starting a blocking GC Explicit
08-05 21:33:50.646 30832 31309 I art     : Explicit concurrent mark sweep GC freed 3(96B) AllocSpace objects, 0(0B) LOS objects, 23% free, 53MB/69MB, paused 739us total 30.249ms
08-05 21:33:50.908 13866 13882 I PeriodicStatsRunner: PeriodicStatsRunner.call():175 call()
08-05 21:33:50.908 13866 13882 I PeriodicStatsRunner: PeriodicStatsRunner.call():179 No submit PeriodicStats since input started.
08-05 21:33:50.949 30832  2348 I art     : Starting a blocking GC Explicit
08-05 21:33:50.990 30832  2348 I art     : Explicit concurrent mark sweep GC freed 1344(78KB) AllocSpace objects, 1(20KB) LOS objects, 23% free, 53MB/69MB, paused 763us total 40.787ms
08-05 21:33:51.005 30832  2348 I art     : Starting a blocking GC Explicit
08-05 21:33:51.035 30832  2348 I art     : Explicit concurrent mark sweep GC freed 20(704B) AllocSpace objects, 0(0B) LOS objects, 23% free, 53MB/69MB, paused 765us total 29.088ms
08-05 21:33:51.046 30832  2348 I art     : Starting a blocking GC Explicit
08-05 21:33:51.076 30832  2348 I art     : Explicit concurrent mark sweep GC freed 3(96B) AllocSpace objects, 0(0B) LOS objects, 23% free, 53MB/69MB, paused 737us total 29.403ms
08-05 21:33:51.087 30832  2348 I art     : Starting a blocking GC Explicit
08-05 21:33:51.118 30832  2348 I art     : Explicit concurrent mark sweep GC freed 3(96B) AllocSpace objects, 0(0B) LOS objects, 23% free, 53MB/69MB, paused 777us total 30.186ms
08-05 21:33:51.130 30832  2348 I art     : Starting a blocking GC Explicit
08-05 21:33:51.160 30832  2348 I art     : Explicit concurrent mark sweep GC freed 3(96B) AllocSpace objects, 0(0B) LOS objects, 23% free, 53MB/69MB, paused 737us total 30.005ms
08-05 21:33:51.476 30832 30844 I art     : Starting a blocking GC Explicit
08-05 21:33:51.515 30832 30844 I art     : Explicit concurrent mark sweep GC freed 1344(78KB) AllocSpace objects, 1(20KB) LOS objects, 23% free, 53MB/69MB, paused 835us total 39.163ms
08-05 21:33:51.530 30832 30844 I art     : Starting a blocking GC Explicit
08-05 21:33:51.565 30832 30844 I art     : Explicit concurrent mark sweep GC freed 20(704B) AllocSpace objects, 0(0B) LOS objects, 23% free, 53MB/69MB, paused 775us total 35.308ms
08-05 21:33:51.577 30832 30844 I art     : Starting a blocking GC Explicit
08-05 21:33:51.609 30832 30844 I art     : Explicit concurrent mark sweep GC freed 3(96B) AllocSpace objects, 0(0B) LOS objects, 23% free, 53MB/69MB, paused 807us total 30.888ms
08-05 21:33:51.620 30832 30844 I art     : Starting a blocking GC Explicit
08-05 21:33:51.653 30832 30844 I art     : Explicit concurrent mark sweep GC freed 3(96B) AllocSpace objects, 0(0B) LOS objects, 23% free, 53MB/69MB, paused 709us total 32.128ms
08-05 21:33:51.665 30832 30844 I art     : Starting a blocking GC Explicit
08-05 21:33:51.698 30832 30844 I art     : Explicit concurrent mark sweep GC freed 3(96B) AllocSpace objects, 0(0B) LOS objects, 23% free, 53MB/69MB, paused 770us total 32.763ms
08-05 21:33:52.039 30832 30843 I art     : Starting a blocking GC Explicit
08-05 21:33:52.080 30832 30843 I art     : Explicit concurrent mark sweep GC freed 1344(78KB) AllocSpace objects, 1(20KB) LOS objects, 23% free, 53MB/69MB, paused 805us total 41.105ms
08-05 21:33:52.095 30832 30843 I art     : Starting a blocking GC Explicit
08-05 21:33:52.128 30832 30843 I art     : Explicit concurrent mark sweep GC freed 20(704B) AllocSpace objects, 0(0B) LOS objects, 23% free, 53MB/69MB, paused 812us total 32.452ms
08-05 21:33:52.140 30832 30843 I art     : Starting a blocking GC Explicit
08-05 21:33:52.173 30832 30843 I art     : Explicit concurrent mark sweep GC freed 3(96B) AllocSpace objects, 0(0B) LOS objects, 23% free, 53MB/69MB, paused 752us total 32.973ms
08-05 21:33:52.185 30832 30843 I art     : Starting a blocking GC Explicit
08-05 21:33:52.217 30832 30843 I art     : Explicit concurrent mark sweep GC freed 3(96B) AllocSpace objects, 0(0B) LOS objects, 23% free, 53MB/69MB, paused 829us total 31.671ms
08-05 21:33:52.229 30832 30843 I art     : Starting a blocking GC Explicit
08-05 21:33:52.261 30832 30843 I art     : Explicit concurrent mark sweep GC freed 3(96B) AllocSpace objects, 0(0B) LOS objects, 23% free, 53MB/69MB, paused 762us total 32.335ms
08-05 21:33:52.588 30832 30862 I art     : Starting a blocking GC Explicit
08-05 21:33:52.628 30832 30862 I art     : Explicit concurrent mark sweep GC freed 1344(78KB) AllocSpace objects, 1(20KB) LOS objects, 23% free, 53MB/69MB, paused 902us total 38.983ms
08-05 21:33:52.642 30832 30862 I art     : Starting a blocking GC Explicit
08-05 21:33:52.676 30832 30862 I art     : Explicit concurrent mark sweep GC freed 20(704B) AllocSpace objects, 0(0B) LOS objects, 23% free, 53MB/69MB, paused 768us total 33.491ms
08-05 21:33:52.688 30832 30862 I art     : Starting a blocking GC Explicit
08-05 21:33:52.719 30832 30862 I art     : Explicit concurrent mark sweep GC freed 3(96B) AllocSpace objects, 0(0B) LOS objects, 23% free, 53MB/69MB, paused 752us total 30.261ms
08-05 21:33:52.731 30832 30862 I art     : Starting a blocking GC Explicit
08-05 21:33:52.763 30832 30862 I art     : Explicit concurrent mark sweep GC freed 3(96B) AllocSpace objects, 0(0B) LOS objects, 23% free, 53MB/69MB, paused 752us total 32.128ms
08-05 21:33:52.775 30832 30862 I art     : Starting a blocking GC Explicit
08-05 21:33:52.808 30832 30862 I art     : Explicit concurrent mark sweep GC freed 3(96B) AllocSpace objects, 0(0B) LOS objects, 23% free, 53MB/69MB, paused 785us total 32.763ms
08-05 21:33:52.847 13866 13882 I PeriodicStatsRunner: PeriodicStatsRunner.call():175 call()
08-05 21:33:52.848 13866 13882 I PeriodicStatsRunner: PeriodicStatsRunner.call():179 No submit PeriodicStats since input started.
08-05 21:33:53.139 30832 31309 I art     : Starting a blocking GC Explicit
08-05 21:33:53.180 30832 31309 I art     : Explicit concurrent mark sweep GC freed 1344(78KB) AllocSpace objects, 1(20KB) LOS objects, 23% free, 53MB/69MB, paused 809us total 40.747ms
08-05 21:33:53.195 30832 31309 I art     : Starting a blocking GC Explicit
08-05 21:33:53.226 30832 31309 I art     : Explicit concurrent mark sweep GC freed 20(704B) AllocSpace objects, 0(0B) LOS objects, 23% free, 53MB/69MB, paused 756us total 31.580ms
08-05 21:33:53.239 30832 31309 I art     : Starting a blocking GC Explicit
08-05 21:33:53.271 30832 31309 I art     : Explicit concurrent mark sweep GC freed 3(96B) AllocSpace objects, 0(0B) LOS objects, 23% free, 53MB/69MB, paused 759us total 32.408ms
08-05 21:33:53.283 30832 31309 I art     : Starting a blocking GC Explicit
08-05 21:33:53.316 30832 31309 I art     : Explicit concurrent mark sweep GC freed 3(96B) AllocSpace objects, 0(0B) LOS objects, 23% free, 53MB/69MB, paused 709us total 32.795ms
08-05 21:33:53.328 30832 31309 I art     : Starting a blocking GC Explicit
08-05 21:33:53.361 30832 31309 I art     : Explicit concurrent mark sweep GC freed 3(96B) AllocSpace objects, 0(0B) LOS objects, 23% free, 53MB/69MB, paused 757us total 32.917ms
08-05 21:33:53.697 30832  2348 I art     : Starting a blocking GC Explicit
08-05 21:33:53.738 30832  2348 I art     : Explicit concurrent mark sweep GC freed 1344(78KB) AllocSpace objects, 1(20KB) LOS objects, 23% free, 53MB/69MB, paused 971us total 41.273ms
08-05 21:33:53.754 30832  2348 I art     : Starting a blocking GC Explicit
08-05 21:33:53.773   518   646 I ThermalEngine: ACTION: GPU - Setting GPU[0] to 510000000
08-05 21:33:53.788 30832  2348 I art     : Explicit concurrent mark sweep GC freed 20(704B) AllocSpace objects, 0(0B) LOS objects, 23% free, 53MB/69MB, paused 795us total 33.246ms
08-05 21:33:53.800 30832  2348 I art     : Starting a blocking GC Explicit
08-05 21:33:53.826 30832  2348 I art     : Explicit concurrent mark sweep GC freed 3(96B) AllocSpace objects, 0(0B) LOS objects, 23% free, 53MB/69MB, paused 601us total 26.132ms
08-05 21:33:53.836 30832  2348 I art     : Starting a blocking GC Explicit
08-05 21:33:53.860 30832  2348 I art     : Explicit concurrent mark sweep GC freed 3(96B) AllocSpace objects, 0(0B) LOS objects, 23% free, 53MB/69MB, paused 564us total 24.436ms
08-05 21:33:53.870 30832  2348 I art     : Starting a blocking GC Explicit
08-05 21:33:53.894 30832  2348 I art     : Explicit concurrent mark sweep GC freed 3(96B) AllocSpace objects, 0(0B) LOS objects, 23% free, 53MB/69MB, paused 557us total 24.068ms
08-05 21:33:54.165 30832 30844 I art     : Starting a blocking GC Explicit
08-05 21:33:54.194 30832 30844 I art     : Explicit concurrent mark sweep GC freed 1344(78KB) AllocSpace objects, 1(20KB) LOS objects, 23% free, 53MB/69MB, paused 581us total 28.865ms
08-05 21:33:54.203 30832 30844 I art     : Starting a blocking GC Explicit
08-05 21:33:54.227 30832 30844 I art     : Explicit concurrent mark sweep GC freed 20(704B) AllocSpace objects, 0(0B) LOS objects, 23% free, 53MB/69MB, paused 571us total 22.961ms
08-05 21:33:54.236 30832 30844 I art     : Starting a blocking GC Explicit
08-05 21:33:54.259 30832 30844 I art     : Explicit concurrent mark sweep GC freed 3(96B) AllocSpace objects, 0(0B) LOS objects, 23% free, 53MB/69MB, paused 575us total 22.608ms
08-05 21:33:54.268 30832 30844 I art     : Starting a blocking GC Explicit
08-05 21:33:54.291 30832 30844 I art     : Explicit concurrent mark sweep GC freed 3(96B) AllocSpace objects, 0(0B) LOS objects, 23% free, 53MB/69MB, paused 552us total 22.966ms
08-05 21:33:54.300 30832 30844 I art     : Starting a blocking GC Explicit
08-05 21:33:54.323 30832 30844 I art     : Explicit concurrent mark sweep GC freed 3(96B) AllocSpace objects, 0(0B) LOS objects, 23% free, 53MB/69MB, paused 549us total 22.692ms
08-05 21:33:54.407  2712  2712 D AndroidRuntime: >>>>>> START com.android.internal.os.RuntimeInit uid 2000 <<<<<<
08-05 21:33:54.412  2712  2712 D AndroidRuntime: CheckJNI is OFF
08-05 21:33:54.450  2712  2712 D ICU     : No timezone override file found: /data/misc/zoneinfo/current/icu/icu_tzdata.dat
08-05 21:33:54.486  2712  2712 I Radio-JNI: register_android_hardware_Radio DONE
08-05 21:33:54.508  2712  2712 D AndroidRuntime: Calling main entry com.android.commands.input.Input
08-05 21:33:54.510  2712  2712 I Input   : injectMotionEvent: MotionEvent { action=ACTION_DOWN, actionButton=0, id[0]=0, x[0]=255.0, y[0]=1845.0, toolType[0]=TOOL_TYPE_UNKNOWN, buttonState=0, metaState=0, flags=0x0, edgeFlags=0x0, pointerCount=1, historySize=0, eventTime=826450923, downTime=826450923, deviceId=0, source=0x1002 }
08-05 21:33:54.515  2712  2712 I Input   : injectMotionEvent: MotionEvent { action=ACTION_UP, actionButton=0, id[0]=0, x[0]=255.0, y[0]=1845.0, toolType[0]=TOOL_TYPE_UNKNOWN, buttonState=0, metaState=0, flags=0x0, edgeFlags=0x0, pointerCount=1, historySize=0, eventTime=826450923, downTime=826450923, deviceId=0, source=0x1002 }
08-05 21:33:54.516   918  3961 I ActivityManager: START u0 {cmp=baseline.appteam.nith.hillffair/.activities.ClubActivity (has extras)} from uid 10675 on display 0
08-05 21:33:54.525  2712  2712 D AndroidRuntime: Shutting down VM
08-05 21:33:54.600 30832 30832 I NAPPA_EXPERIMENTATION: MetricNetworkRequestExecutionTime: REQUEST_DURATION_SYSTEM='49',REQUEST_DURATION_OKHTTP='36',REQUEST_SYNCHRONOUS='FALSE',RESPONSE_CODE='200',RESPONSE_METHOD='GET',RESPONSE_LENGTH_OKHTTP='1171',RESPONSE_LENGTH_HEADER='-2',REQUEST_PROTOCOL='http/1.1',REQUEST_URL='https://api-hillfair-2k16.herokuapp.com/api/app/club/Technical%20Committee',
08-05 21:33:54.621   918   936 I ActivityManager: Displayed baseline.appteam.nith.hillffair/.activities.ClubActivity: +95ms
08-05 21:33:54.621 13866 13866 I GoogleInputMethodServic: GoogleInputMethodService.onFinishInput():3138 
08-05 21:33:54.622 13866 13866 I GoogleInputMethodServic: GoogleInputMethodService.onStartInput():1808 
08-05 21:33:54.625 30832 30844 I art     : Starting a blocking GC Explicit
08-05 21:33:54.658 30832 30844 I art     : Explicit concurrent mark sweep GC freed 5665(412KB) AllocSpace objects, 1(20KB) LOS objects, 22% free, 53MB/69MB, paused 856us total 32.851ms
08-05 21:33:54.668 30832 30844 I art     : Starting a blocking GC Explicit
08-05 21:33:54.689 30832 30844 I art     : Explicit concurrent mark sweep GC freed 281(12KB) AllocSpace objects, 0(0B) LOS objects, 22% free, 53MB/69MB, paused 520us total 20.592ms
08-05 21:33:54.697 30832 30844 I art     : Starting a blocking GC Explicit
08-05 21:33:54.718 30832 30844 I art     : Explicit concurrent mark sweep GC freed 3(96B) AllocSpace objects, 0(0B) LOS objects, 22% free, 53MB/69MB, paused 509us total 20.716ms
08-05 21:33:54.727 30832 30844 I art     : Starting a blocking GC Explicit
08-05 21:33:54.748 30832 30844 I art     : Explicit concurrent mark sweep GC freed 3(96B) AllocSpace objects, 0(0B) LOS objects, 22% free, 53MB/69MB, paused 504us total 20.962ms
08-05 21:33:54.756 30832 30844 I art     : Starting a blocking GC Explicit
08-05 21:33:54.777 30832 30844 I art     : Explicit concurrent mark sweep GC freed 3(96B) AllocSpace objects, 0(0B) LOS objects, 22% free, 53MB/69MB, paused 527us total 21.053ms
08-05 21:33:54.815 13866 13882 I PeriodicStatsRunner: PeriodicStatsRunner.call():175 call()
08-05 21:33:54.815 13866 13882 I PeriodicStatsRunner: PeriodicStatsRunner.call():179 No submit PeriodicStats since input started.
08-05 21:33:54.875   380   380 W SurfaceFlinger: couldn't log to binary event log: overflow.
08-05 21:33:55.029 30832  2348 I art     : Starting a blocking GC Explicit
08-05 21:33:55.050 30832  2348 I art     : Explicit concurrent mark sweep GC freed 1449(84KB) AllocSpace objects, 1(20KB) LOS objects, 22% free, 53MB/69MB, paused 535us total 21.615ms
08-05 21:33:55.059 30832  2348 I art     : Starting a blocking GC Explicit
08-05 21:33:55.080 30832  2348 I art     : Explicit concurrent mark sweep GC freed 36(1264B) AllocSpace objects, 0(0B) LOS objects, 22% free, 53MB/69MB, paused 539us total 21.538ms
08-05 21:33:55.089 30832  2348 I art     : Starting a blocking GC Explicit
08-05 21:33:55.111 30832  2348 I art     : Explicit concurrent mark sweep GC freed 3(96B) AllocSpace objects, 0(0B) LOS objects, 22% free, 53MB/69MB, paused 544us total 21.841ms
08-05 21:33:55.120 30832  2348 I art     : Starting a blocking GC Explicit
08-05 21:33:55.143 30832  2348 I art     : Explicit concurrent mark sweep GC freed 3(96B) AllocSpace objects, 0(0B) LOS objects, 22% free, 53MB/69MB, paused 559us total 23.494ms
08-05 21:33:55.152 30832  2348 I art     : Starting a blocking GC Explicit
08-05 21:33:55.176 30832  2348 I art     : Explicit concurrent mark sweep GC freed 3(96B) AllocSpace objects, 0(0B) LOS objects, 22% free, 53MB/69MB, paused 565us total 24.052ms
08-05 21:33:55.468 30832 30862 I art     : Starting a blocking GC Explicit
08-05 21:33:55.502 30832 30862 I art     : Explicit concurrent mark sweep GC freed 1344(78KB) AllocSpace objects, 1(20KB) LOS objects, 22% free, 53MB/69MB, paused 580us total 34.139ms
08-05 21:33:55.515 30832 30862 I art     : Starting a blocking GC Explicit
08-05 21:33:55.542 30832 30862 I art     : Explicit concurrent mark sweep GC freed 20(704B) AllocSpace objects, 0(0B) LOS objects, 22% free, 53MB/69MB, paused 611us total 27.132ms
08-05 21:33:55.552 30832 30862 I art     : Starting a blocking GC Explicit
08-05 21:33:55.577 30832 30862 I art     : Explicit concurrent mark sweep GC freed 3(96B) AllocSpace objects, 0(0B) LOS objects, 22% free, 53MB/69MB, paused 654us total 25.143ms
08-05 21:33:55.586 30832 30862 I art     : Starting a blocking GC Explicit
08-05 21:33:55.611 30832 30862 I art     : Explicit concurrent mark sweep GC freed 3(96B) AllocSpace objects, 0(0B) LOS objects, 22% free, 53MB/69MB, paused 567us total 24.626ms
08-05 21:33:55.620 30832 30862 I art     : Starting a blocking GC Explicit
08-05 21:33:55.645 30832 30862 I art     : Explicit concurrent mark sweep GC freed 3(96B) AllocSpace objects, 0(0B) LOS objects, 22% free, 53MB/69MB, paused 582us total 24.450ms
08-05 21:33:55.778   518   646 I ThermalEngine: ACTION: GPU - Setting GPU[0] to 450000000
08-05 21:33:55.960 30832 30844 I art     : Starting a blocking GC Explicit
08-05 21:33:56.001 30832 30844 I art     : Explicit concurrent mark sweep GC freed 1344(78KB) AllocSpace objects, 1(20KB) LOS objects, 22% free, 53MB/69MB, paused 757us total 40.868ms
08-05 21:33:56.013 30832 30844 I art     : Starting a blocking GC Explicit
08-05 21:33:56.044 30832 30844 I art     : Explicit concurrent mark sweep GC freed 20(704B) AllocSpace objects, 0(0B) LOS objects, 22% free, 53MB/69MB, paused 751us total 30.877ms
08-05 21:33:56.056 30832 30844 I art     : Starting a blocking GC Explicit
08-05 21:33:56.087 30832 30844 I art     : Explicit concurrent mark sweep GC freed 3(96B) AllocSpace objects, 0(0B) LOS objects, 22% free, 53MB/69MB, paused 835us total 31.062ms
08-05 21:33:56.088 30832 30842 I art     : WaitForGcToComplete blocked for 11.502ms for cause HeapTrim
08-05 21:33:56.099 30832 30844 I art     : Starting a blocking GC Explicit
08-05 21:33:56.130 30832 30844 I art     : Explicit concurrent mark sweep GC freed 3(96B) AllocSpace objects, 0(0B) LOS objects, 22% free, 53MB/69MB, paused 721us total 30.868ms
08-05 21:33:56.142 30832 30844 I art     : Starting a blocking GC Explicit
08-05 21:33:56.175 30832 30844 I art     : Explicit concurrent mark sweep GC freed 3(96B) AllocSpace objects, 0(0B) LOS objects, 22% free, 53MB/69MB, paused 790us total 32.867ms
08-05 21:33:56.513 30832 31309 I art     : Starting a blocking GC Explicit
08-05 21:33:56.556 30832 31309 I art     : Explicit concurrent mark sweep GC freed 1344(78KB) AllocSpace objects, 1(20KB) LOS objects, 22% free, 53MB/69MB, paused 853us total 42.843ms
08-05 21:33:56.571 30832 31309 I art     : Starting a blocking GC Explicit
08-05 21:33:56.602 30832 31309 I art     : Explicit concurrent mark sweep GC freed 20(704B) AllocSpace objects, 0(0B) LOS objects, 22% free, 53MB/69MB, paused 750us total 30.456ms
08-05 21:33:56.614 30832 31309 I art     : Starting a blocking GC Explicit
08-05 21:33:56.645 30832 31309 I art     : Explicit concurrent mark sweep GC freed 3(96B) AllocSpace objects, 0(0B) LOS objects, 22% free, 53MB/69MB, paused 748us total 30.595ms
08-05 21:33:56.656 30832 31309 I art     : Starting a blocking GC Explicit
08-05 21:33:56.688 30832 31309 I art     : Explicit concurrent mark sweep GC freed 3(96B) AllocSpace objects, 0(0B) LOS objects, 22% free, 53MB/69MB, paused 838us total 30.864ms
08-05 21:33:56.699 30832 31309 I art     : Starting a blocking GC Explicit
08-05 21:33:56.733 30832 31309 I art     : Explicit concurrent mark sweep GC freed 3(96B) AllocSpace objects, 0(0B) LOS objects, 22% free, 53MB/69MB, paused 756us total 33.153ms
08-05 21:33:57.070 30832 30843 I art     : Starting a blocking GC Explicit
08-05 21:33:57.112 30832 30843 I art     : Explicit concurrent mark sweep GC freed 1344(78KB) AllocSpace objects, 1(20KB) LOS objects, 22% free, 53MB/69MB, paused 814us total 41.154ms
08-05 21:33:57.127 30832 30843 I art     : Starting a blocking GC Explicit
08-05 21:33:57.160 30832 30843 I art     : Explicit concurrent mark sweep GC freed 20(704B) AllocSpace objects, 0(0B) LOS objects, 22% free, 53MB/69MB, paused 798us total 33.370ms
08-05 21:33:57.173 30832 30843 I art     : Starting a blocking GC Explicit
08-05 21:33:57.206 30832 30843 I art     : Explicit concurrent mark sweep GC freed 3(96B) AllocSpace objects, 0(0B) LOS objects, 22% free, 53MB/69MB, paused 774us total 33.638ms
08-05 21:33:57.219 30832 30843 I art     : Starting a blocking GC Explicit
08-05 21:33:57.252 30832 30843 I art     : Explicit concurrent mark sweep GC freed 3(96B) AllocSpace objects, 0(0B) LOS objects, 22% free, 53MB/69MB, paused 773us total 33.499ms
08-05 21:33:57.265 30832 30843 I art     : Starting a blocking GC Explicit
08-05 21:33:57.298 30832 30843 I art     : Explicit concurrent mark sweep GC freed 3(96B) AllocSpace objects, 0(0B) LOS objects, 22% free, 53MB/69MB, paused 808us total 33.528ms
08-05 21:33:57.629 30832  2348 I art     : Starting a blocking GC Explicit
08-05 21:33:57.669 30832  2348 I art     : Explicit concurrent mark sweep GC freed 1365(79KB) AllocSpace objects, 1(20KB) LOS objects, 22% free, 53MB/69MB, paused 840us total 39.577ms
08-05 21:33:57.686 30832  2348 I art     : Starting a blocking GC Explicit
08-05 21:33:57.723 30832  2348 I art     : Explicit concurrent mark sweep GC freed 36(1216B) AllocSpace objects, 0(0B) LOS objects, 22% free, 53MB/69MB, paused 759us total 37.403ms
08-05 21:33:57.736 30832  2348 I art     : Starting a blocking GC Explicit
08-05 21:33:57.768 30832  2348 I art     : Explicit concurrent mark sweep GC freed 3(96B) AllocSpace objects, 0(0B) LOS objects, 22% free, 53MB/69MB, paused 796us total 32.219ms
08-05 21:33:57.780 30832  2348 I art     : Starting a blocking GC Explicit
08-05 21:33:57.815 30832  2348 I art     : Explicit concurrent mark sweep GC freed 3(96B) AllocSpace objects, 0(0B) LOS objects, 22% free, 53MB/69MB, paused 757us total 34.353ms
08-05 21:33:57.827 30832  2348 I art     : Starting a blocking GC Explicit
08-05 21:33:57.861 30832  2348 I art     : Explicit concurrent mark sweep GC freed 3(96B) AllocSpace objects, 0(0B) LOS objects, 22% free, 53MB/69MB, paused 739us total 33.429ms
08-05 21:33:58.222 30832 30862 I art     : Starting a blocking GC Explicit
08-05 21:33:58.262 30832 30862 I art     : Explicit concurrent mark sweep GC freed 1344(78KB) AllocSpace objects, 1(20KB) LOS objects, 22% free, 53MB/69MB, paused 788us total 39.433ms
08-05 21:33:58.276 30832 30862 I art     : Starting a blocking GC Explicit
08-05 21:33:58.310 30832 30862 I art     : Explicit concurrent mark sweep GC freed 20(704B) AllocSpace objects, 0(0B) LOS objects, 22% free, 53MB/69MB, paused 760us total 33.375ms
08-05 21:33:58.322 30832 30862 I art     : Starting a blocking GC Explicit
08-05 21:33:58.355 30832 30862 I art     : Explicit concurrent mark sweep GC freed 3(96B) AllocSpace objects, 0(0B) LOS objects, 22% free, 53MB/69MB, paused 709us total 32.524ms
08-05 21:33:58.367 30832 30862 I art     : Starting a blocking GC Explicit
08-05 21:33:58.401 30832 30862 I art     : Explicit concurrent mark sweep GC freed 3(96B) AllocSpace objects, 0(0B) LOS objects, 22% free, 53MB/69MB, paused 769us total 33.730ms
08-05 21:33:58.413 30832 30862 I art     : Starting a blocking GC Explicit
08-05 21:33:58.447 30832 30862 I art     : Explicit concurrent mark sweep GC freed 3(96B) AllocSpace objects, 0(0B) LOS objects, 22% free, 53MB/69MB, paused 907us total 33.862ms
08-05 21:33:58.784   518   646 I ThermalEngine: ACTION: GPU - Setting GPU[0] to 510000000
08-05 21:33:58.803 30832 30844 I art     : Starting a blocking GC Explicit
08-05 21:33:58.832 30832 30844 I art     : Explicit concurrent mark sweep GC freed 1344(78KB) AllocSpace objects, 1(20KB) LOS objects, 22% free, 53MB/69MB, paused 595us total 28.947ms
08-05 21:33:58.841 30832 30844 I art     : Starting a blocking GC Explicit
08-05 21:33:58.866 30832 30844 I art     : Explicit concurrent mark sweep GC freed 20(704B) AllocSpace objects, 0(0B) LOS objects, 22% free, 53MB/69MB, paused 546us total 24.096ms
08-05 21:33:58.875 30832 30844 I art     : Starting a blocking GC Explicit
08-05 21:33:58.898 30832 30844 I art     : Explicit concurrent mark sweep GC freed 3(96B) AllocSpace objects, 0(0B) LOS objects, 22% free, 53MB/69MB, paused 548us total 23.455ms
08-05 21:33:58.907 30832 30844 I art     : Starting a blocking GC Explicit
08-05 21:33:58.931 30832 30844 I art     : Explicit concurrent mark sweep GC freed 3(96B) AllocSpace objects, 0(0B) LOS objects, 22% free, 53MB/69MB, paused 547us total 23.676ms
08-05 21:33:58.940 30832 30844 I art     : Starting a blocking GC Explicit
08-05 21:33:58.963 30832 30844 I art     : Explicit concurrent mark sweep GC freed 3(96B) AllocSpace objects, 0(0B) LOS objects, 22% free, 53MB/69MB, paused 535us total 23.383ms
08-05 21:33:59.180  2826  2826 D AndroidRuntime: >>>>>> START com.android.internal.os.RuntimeInit uid 2000 <<<<<<
08-05 21:33:59.185  2826  2826 D AndroidRuntime: CheckJNI is OFF
08-05 21:33:59.217  2826  2826 D ICU     : No timezone override file found: /data/misc/zoneinfo/current/icu/icu_tzdata.dat
08-05 21:33:59.249  2826  2826 I Radio-JNI: register_android_hardware_Radio DONE
08-05 21:33:59.271  2826  2826 D AndroidRuntime: Calling main entry com.android.commands.input.Input
08-05 21:33:59.272  2826  2826 I Input   : injectKeyEvent: KeyEvent { action=ACTION_DOWN, keyCode=KEYCODE_BACK, scanCode=0, metaState=0, flags=0x0, repeatCount=0, eventTime=826455686, downTime=826455686, deviceId=-1, source=0x101 }
08-05 21:33:59.277  2826  2826 I Input   : injectKeyEvent: KeyEvent { action=ACTION_UP, keyCode=KEYCODE_BACK, scanCode=0, metaState=0, flags=0x0, repeatCount=0, eventTime=826455686, downTime=826455686, deviceId=-1, source=0x101 }
08-05 21:33:59.280 30832 31309 I art     : Starting a blocking GC Explicit
08-05 21:33:59.282  2826  2826 D AndroidRuntime: Shutting down VM
08-05 21:33:59.305 30832 31309 I art     : Explicit concurrent mark sweep GC freed 1487(84KB) AllocSpace objects, 1(20KB) LOS objects, 22% free, 53MB/69MB, paused 625us total 24.746ms
08-05 21:33:59.314 30832 31309 I art     : Starting a blocking GC Explicit
08-05 21:33:59.326 13866 13866 I GoogleInputMethodServic: GoogleInputMethodService.onFinishInput():3138 
08-05 21:33:59.327 13866 13866 I GoogleInputMethodServic: GoogleInputMethodService.onStartInput():1808 
08-05 21:33:59.339 30832 31309 I art     : Explicit concurrent mark sweep GC freed 26(1104B) AllocSpace objects, 0(0B) LOS objects, 22% free, 53MB/69MB, paused 619us total 24.380ms
08-05 21:33:59.348 30832 31309 I art     : Starting a blocking GC Explicit
08-05 21:33:59.370 30832 31309 I art     : Explicit concurrent mark sweep GC freed 39(1280B) AllocSpace objects, 0(0B) LOS objects, 22% free, 53MB/69MB, paused 671us total 22.199ms
08-05 21:33:59.380 30832 31309 I art     : Starting a blocking GC Explicit
08-05 21:33:59.400 30832 31309 I art     : Explicit concurrent mark sweep GC freed 6(224B) AllocSpace objects, 0(0B) LOS objects, 22% free, 53MB/69MB, paused 484us total 19.981ms
08-05 21:33:59.408 30832 31309 I art     : Starting a blocking GC Explicit
08-05 21:33:59.429 30832 31309 I art     : Explicit concurrent mark sweep GC freed 3(96B) AllocSpace objects, 0(0B) LOS objects, 22% free, 53MB/69MB, paused 521us total 21.317ms
08-05 21:33:59.614   380   380 W SurfaceFlinger: couldn't log to binary event log: overflow.
08-05 21:33:59.622 13866 13882 I PeriodicStatsRunner: PeriodicStatsRunner.call():175 call()
08-05 21:33:59.622 13866 13882 I PeriodicStatsRunner: PeriodicStatsRunner.call():179 No submit PeriodicStats since input started.
08-05 21:33:59.698 30832 31309 I art     : Starting a blocking GC Explicit
08-05 21:33:59.724 30832 31309 I art     : Explicit concurrent mark sweep GC freed 1453(86KB) AllocSpace objects, 1(20KB) LOS objects, 22% free, 53MB/69MB, paused 569us total 25.950ms
08-05 21:33:59.734 30832 31309 I art     : Starting a blocking GC Explicit
08-05 21:33:59.759 30832 31309 I art     : Explicit concurrent mark sweep GC freed 1566(104KB) AllocSpace objects, 2(68KB) LOS objects, 23% free, 53MB/69MB, paused 572us total 24.683ms
08-05 21:33:59.768 30832 31309 I art     : Starting a blocking GC Explicit
08-05 21:33:59.792 30832 31309 I art     : Explicit concurrent mark sweep GC freed 3(96B) AllocSpace objects, 0(0B) LOS objects, 23% free, 53MB/69MB, paused 592us total 23.948ms
08-05 21:33:59.801 30832 31309 I art     : Starting a blocking GC Explicit
08-05 21:33:59.826 30832 31309 I art     : Explicit concurrent mark sweep GC freed 3(96B) AllocSpace objects, 0(0B) LOS objects, 23% free, 53MB/69MB, paused 542us total 23.895ms
08-05 21:33:59.835 30832 31309 I art     : Starting a blocking GC Explicit
08-05 21:33:59.859 30832 31309 I art     : Explicit concurrent mark sweep GC freed 3(96B) AllocSpace objects, 0(0B) LOS objects, 23% free, 53MB/69MB, paused 538us total 23.921ms
08-05 21:34:00.022   918   937 W ProcessCpuTracker: Skipping unknown process pid 2860
08-05 21:34:00.142 30832  2348 I art     : Starting a blocking GC Explicit
08-05 21:34:00.168 30832  2348 I art     : Explicit concurrent mark sweep GC freed 1344(78KB) AllocSpace objects, 1(20KB) LOS objects, 23% free, 53MB/69MB, paused 590us total 25.742ms
08-05 21:34:00.181 30832  2348 I art     : Starting a blocking GC Explicit
08-05 21:34:00.205 30832  2348 I art     : Explicit concurrent mark sweep GC freed 20(704B) AllocSpace objects, 0(0B) LOS objects, 23% free, 53MB/69MB, paused 544us total 24.606ms
08-05 21:34:00.215 30832  2348 I art     : Starting a blocking GC Explicit
08-05 21:34:00.239 30832  2348 I art     : Explicit concurrent mark sweep GC freed 3(96B) AllocSpace objects, 0(0B) LOS objects, 23% free, 53MB/69MB, paused 543us total 23.648ms
08-05 21:34:00.248 30832  2348 I art     : Starting a blocking GC Explicit
08-05 21:34:00.272 30832  2348 I art     : Explicit concurrent mark sweep GC freed 3(96B) AllocSpace objects, 0(0B) LOS objects, 23% free, 53MB/69MB, paused 549us total 24.393ms
08-05 21:34:00.282 30832  2348 I art     : Starting a blocking GC Explicit
08-05 21:34:00.306 30832  2348 I art     : Explicit concurrent mark sweep GC freed 3(96B) AllocSpace objects, 0(0B) LOS objects, 23% free, 53MB/69MB, paused 548us total 23.557ms
08-05 21:34:00.586 30832 30843 I art     : Starting a blocking GC Explicit
08-05 21:34:00.611 30832 30843 I art     : Explicit concurrent mark sweep GC freed 1344(78KB) AllocSpace objects, 1(20KB) LOS objects, 23% free, 53MB/69MB, paused 571us total 24.208ms
08-05 21:34:00.620 30832 30843 I art     : Starting a blocking GC Explicit
08-05 21:34:00.644 30832 30843 I art     : Explicit concurrent mark sweep GC freed 20(704B) AllocSpace objects, 0(0B) LOS objects, 23% free, 53MB/69MB, paused 567us total 23.774ms
08-05 21:34:00.653 30832 30843 I art     : Starting a blocking GC Explicit
08-05 21:34:00.676 30832 30843 I art     : Explicit concurrent mark sweep GC freed 3(96B) AllocSpace objects, 0(0B) LOS objects, 23% free, 53MB/69MB, paused 544us total 22.702ms
08-05 21:34:00.685 30832 30843 I art     : Starting a blocking GC Explicit
08-05 21:34:00.708 30832 30843 I art     : Explicit concurrent mark sweep GC freed 3(96B) AllocSpace objects, 0(0B) LOS objects, 23% free, 53MB/69MB, paused 546us total 22.397ms
08-05 21:34:00.716 30832 30843 I art     : Starting a blocking GC Explicit
08-05 21:34:00.739 30832 30843 I art     : Explicit concurrent mark sweep GC freed 3(96B) AllocSpace objects, 0(0B) LOS objects, 23% free, 53MB/69MB, paused 548us total 22.616ms
08-05 21:34:00.791   518   646 I ThermalEngine: ACTION: GPU - Setting GPU[0] to 450000000
08-05 21:34:00.981  2876  2876 D AndroidRuntime: >>>>>> START com.android.internal.os.RuntimeInit uid 2000 <<<<<<
08-05 21:34:00.987  2876  2876 D AndroidRuntime: CheckJNI is OFF
08-05 21:34:01.030  2876  2876 D ICU     : No timezone override file found: /data/misc/zoneinfo/current/icu/icu_tzdata.dat
08-05 21:34:01.035 30832 30844 I art     : Starting a blocking GC Explicit
08-05 21:34:01.065 30832 30844 I art     : Explicit concurrent mark sweep GC freed 1344(78KB) AllocSpace objects, 1(20KB) LOS objects, 23% free, 53MB/69MB, paused 768us total 29.627ms
08-05 21:34:01.074  2876  2876 I Radio-JNI: register_android_hardware_Radio DONE
08-05 21:34:01.077 30832 30844 I art     : Starting a blocking GC Explicit
08-05 21:34:01.104  2876  2876 D AndroidRuntime: Calling main entry com.android.commands.input.Input
08-05 21:34:01.106 30832 30844 I art     : Explicit concurrent mark sweep GC freed 20(704B) AllocSpace objects, 0(0B) LOS objects, 23% free, 53MB/69MB, paused 791us total 28.834ms
08-05 21:34:01.106  2876  2876 I Input   : injectKeyEvent: KeyEvent { action=ACTION_DOWN, keyCode=KEYCODE_BACK, scanCode=0, metaState=0, flags=0x0, repeatCount=0, eventTime=826457519, downTime=826457519, deviceId=-1, source=0x101 }
08-05 21:34:01.113  2876  2876 I Input   : injectKeyEvent: KeyEvent { action=ACTION_UP, keyCode=KEYCODE_BACK, scanCode=0, metaState=0, flags=0x0, repeatCount=0, eventTime=826457519, downTime=826457519, deviceId=-1, source=0x101 }
08-05 21:34:01.117 30832 30844 I art     : Starting a blocking GC Explicit
08-05 21:34:01.118  2876  2876 D AndroidRuntime: Shutting down VM
08-05 21:34:01.145 30832 30844 I art     : Explicit concurrent mark sweep GC freed 148(6KB) AllocSpace objects, 0(0B) LOS objects, 23% free, 53MB/69MB, paused 702us total 28.033ms
08-05 21:34:01.146 30832 30842 I art     : WaitForGcToComplete blocked for 14.947ms for cause HeapTrim
08-05 21:34:01.157 30832 30844 I art     : Starting a blocking GC Explicit
08-05 21:34:01.163 13866 13866 I GoogleInputMethodServic: GoogleInputMethodService.onFinishInput():3138 
08-05 21:34:01.164 13866 13866 I GoogleInputMethodServic: GoogleInputMethodService.onStartInput():1808 
08-05 21:34:01.185 30832 30844 I art     : Explicit concurrent mark sweep GC freed 55(2000B) AllocSpace objects, 0(0B) LOS objects, 23% free, 53MB/69MB, paused 945us total 28.188ms
08-05 21:34:01.197 30832 30844 I art     : Starting a blocking GC Explicit
08-05 21:34:01.223 30832 30844 I art     : Explicit concurrent mark sweep GC freed 19(656B) AllocSpace objects, 0(0B) LOS objects, 23% free, 53MB/69MB, paused 664us total 26.354ms
08-05 21:34:01.510 30832 30844 I art     : Starting a blocking GC Explicit
08-05 21:34:01.541 30832 30844 I art     : Explicit concurrent mark sweep GC freed 2020(110KB) AllocSpace objects, 1(20KB) LOS objects, 23% free, 53MB/69MB, paused 739us total 30.812ms
08-05 21:34:01.553 30832 30844 I art     : Starting a blocking GC Explicit
08-05 21:34:01.582 30832 30844 I art     : Explicit concurrent mark sweep GC freed 2678(174KB) AllocSpace objects, 1(28KB) LOS objects, 23% free, 53MB/69MB, paused 826us total 29.254ms
08-05 21:34:01.594 30832 30844 I art     : Starting a blocking GC Explicit
08-05 21:34:01.622 30832 30844 I art     : Explicit concurrent mark sweep GC freed 3(96B) AllocSpace objects, 0(0B) LOS objects, 23% free, 53MB/69MB, paused 713us total 28.088ms
08-05 21:34:01.633 30832 30844 I art     : Starting a blocking GC Explicit
08-05 21:34:01.661 30832 30844 I art     : Explicit concurrent mark sweep GC freed 3(96B) AllocSpace objects, 0(0B) LOS objects, 23% free, 53MB/69MB, paused 719us total 27.850ms
08-05 21:34:01.673 30832 30844 I art     : Starting a blocking GC Explicit
08-05 21:34:01.701 30832 30844 I art     : Explicit concurrent mark sweep GC freed 3(96B) AllocSpace objects, 0(0B) LOS objects, 23% free, 53MB/69MB, paused 712us total 28.068ms
08-05 21:34:02.010 30832  2348 I art     : Starting a blocking GC Explicit
08-05 21:34:02.042 30832  2348 I art     : Explicit concurrent mark sweep GC freed 1344(78KB) AllocSpace objects, 1(20KB) LOS objects, 23% free, 53MB/69MB, paused 835us total 31.879ms
08-05 21:34:02.055 30832  2348 I art     : Starting a blocking GC Explicit
08-05 21:34:02.084 30832  2348 I art     : Explicit concurrent mark sweep GC freed 20(704B) AllocSpace objects, 0(0B) LOS objects, 23% free, 53MB/69MB, paused 727us total 28.765ms
08-05 21:34:02.096 30832  2348 I art     : Starting a blocking GC Explicit
08-05 21:34:02.124 30832  2348 I art     : Explicit concurrent mark sweep GC freed 3(96B) AllocSpace objects, 0(0B) LOS objects, 23% free, 53MB/69MB, paused 661us total 28.449ms
08-05 21:34:02.136 30832  2348 I art     : Starting a blocking GC Explicit
08-05 21:34:02.165 30832  2348 I art     : Explicit concurrent mark sweep GC freed 3(96B) AllocSpace objects, 0(0B) LOS objects, 23% free, 53MB/69MB, paused 741us total 28.602ms
08-05 21:34:02.176 30832  2348 I art     : Starting a blocking GC Explicit
08-05 21:34:02.205 30832  2348 I art     : Explicit concurrent mark sweep GC freed 3(96B) AllocSpace objects, 0(0B) LOS objects, 23% free, 53MB/69MB, paused 703us total 28.360ms
08-05 21:34:02.497 30832 30843 I art     : Starting a blocking GC Explicit
08-05 21:34:02.525 30832 30843 I art     : Explicit concurrent mark sweep GC freed 1341(78KB) AllocSpace objects, 1(20KB) LOS objects, 23% free, 53MB/69MB, paused 752us total 27.369ms
08-05 21:34:02.536 30832 30843 I art     : Starting a blocking GC Explicit
08-05 21:34:02.564 30832 30843 I art     : Explicit concurrent mark sweep GC freed 20(704B) AllocSpace objects, 0(0B) LOS objects, 23% free, 53MB/69MB, paused 738us total 27.552ms
08-05 21:34:02.575 30832 30843 I art     : Starting a blocking GC Explicit
08-05 21:34:02.602 30832 30843 I art     : Explicit concurrent mark sweep GC freed 3(96B) AllocSpace objects, 0(0B) LOS objects, 23% free, 53MB/69MB, paused 829us total 26.631ms
08-05 21:34:02.613 30832 30843 I art     : Starting a blocking GC Explicit
08-05 21:34:02.640 30832 30843 I art     : Explicit concurrent mark sweep GC freed 3(96B) AllocSpace objects, 0(0B) LOS objects, 23% free, 53MB/69MB, paused 745us total 26.679ms
08-05 21:34:02.651 30832 30843 I art     : Starting a blocking GC Explicit
08-05 21:34:02.679 30832 30843 I art     : Explicit concurrent mark sweep GC freed 3(96B) AllocSpace objects, 0(0B) LOS objects, 23% free, 53MB/69MB, paused 794us total 27.224ms
08-05 21:34:02.958  2935  2935 D AndroidRuntime: >>>>>> START com.android.internal.os.RuntimeInit uid 2000 <<<<<<
08-05 21:34:02.959 32572 32572 I Atfwd_Sendcmd: AtCmdFwd service not ready - Exhausted retry attempts - :6
08-05 21:34:02.959 32572 32572 I Atfwd_Daemon: result : -1 	 ,Init step :2 	 ,qmiErrorCode: 0
08-05 21:34:02.964  2935  2935 D AndroidRuntime: CheckJNI is OFF
08-05 21:34:03.007  2935  2935 D ICU     : No timezone override file found: /data/misc/zoneinfo/current/icu/icu_tzdata.dat
08-05 21:34:03.023 30832 31309 I art     : Starting a blocking GC Explicit
08-05 21:34:03.051  2935  2935 I Radio-JNI: register_android_hardware_Radio DONE
08-05 21:34:03.052 30832 31309 I art     : Explicit concurrent mark sweep GC freed 1341(78KB) AllocSpace objects, 1(20KB) LOS objects, 23% free, 53MB/69MB, paused 821us total 28.259ms
08-05 21:34:03.063 30832 31309 I art     : Starting a blocking GC Explicit
08-05 21:34:03.081  2935  2935 D AndroidRuntime: Calling main entry com.android.commands.am.Am
08-05 21:34:03.091 19822 19822 I Trepn   : Trepn 6.2s: Received intent: com.quicinc.trepn.stop_profiling
08-05 21:34:03.092 30832 31309 I art     : Explicit concurrent mark sweep GC freed 20(704B) AllocSpace objects, 0(0B) LOS objects, 23% free, 53MB/69MB, paused 709us total 28.049ms
08-05 21:34:03.103 30832 31309 I art     : Starting a blocking GC Explicit
08-05 21:34:03.129 30832 31309 I art     : Explicit concurrent mark sweep GC freed 3(96B) AllocSpace objects, 0(0B) LOS objects, 23% free, 53MB/69MB, paused 673us total 26.091ms
08-05 21:34:03.139 19822 19822 I Trepn   : Trepn 6.2s: Trepn has Stopped Profiling.
08-05 21:34:03.140 30832 31309 I art     : Starting a blocking GC Explicit
08-05 21:34:03.168 30832 31309 I art     : Explicit concurrent mark sweep GC freed 3(96B) AllocSpace objects, 0(0B) LOS objects, 23% free, 53MB/69MB, paused 739us total 27.368ms
08-05 21:34:03.179 30832 31309 I art     : Starting a blocking GC Explicit
08-05 21:34:03.207 30832 31309 I art     : Explicit concurrent mark sweep GC freed 3(96B) AllocSpace objects, 0(0B) LOS objects, 23% free, 53MB/69MB, paused 741us total 27.579ms
08-05 21:34:03.268  2935  2935 D AndroidRuntime: Shutting down VM
08-05 21:34:03.270   918  6112 W AppOps  : Finishing op nesting under-run: uid 10078 pkg com.quicinc.trepn code 24 time=0 duration=0 nesting=0
08-05 21:34:03.528 30832 30862 I art     : Starting a blocking GC Explicit
08-05 21:34:03.557 30832 30862 I art     : Explicit concurrent mark sweep GC freed 1341(78KB) AllocSpace objects, 1(20KB) LOS objects, 23% free, 53MB/69MB, paused 686us total 28.710ms
08-05 21:34:03.568 30832 30862 I art     : Starting a blocking GC Explicit
08-05 21:34:03.597 30832 30862 I art     : Explicit concurrent mark sweep GC freed 20(704B) AllocSpace objects, 0(0B) LOS objects, 23% free, 53MB/69MB, paused 856us total 28.680ms
08-05 21:34:03.609 30832 30862 I art     : Starting a blocking GC Explicit
08-05 21:34:03.636 30832 30862 I art     : Explicit concurrent mark sweep GC freed 3(96B) AllocSpace objects, 0(0B) LOS objects, 23% free, 53MB/69MB, paused 684us total 26.673ms
08-05 21:34:03.647 30832 30862 I art     : Starting a blocking GC Explicit
08-05 21:34:03.674 30832 30862 I art     : Explicit concurrent mark sweep GC freed 3(96B) AllocSpace objects, 0(0B) LOS objects, 23% free, 53MB/69MB, paused 736us total 27.057ms
08-05 21:34:03.685 30832 30862 I art     : Starting a blocking GC Explicit
08-05 21:34:03.713 30832 30862 I art     : Explicit concurrent mark sweep GC freed 3(96B) AllocSpace objects, 0(0B) LOS objects, 23% free, 53MB/69MB, paused 693us total 27.382ms
08-05 21:34:04.327 13866 13882 I PeriodicStatsRunner: PeriodicStatsRunner.call():175 call()
08-05 21:34:04.328 13866 13882 I PeriodicStatsRunner: PeriodicStatsRunner.call():179 No submit PeriodicStats since input started.
