--------- beginning of main
08-05 17:44:14.155 26632 26632 I ServiceManager: Waiting for service AtCmdFwd...
08-05 17:44:14.505 27578 27578 D AndroidRuntime: >>>>>> START com.android.internal.os.RuntimeInit uid 2000 <<<<<<
08-05 17:44:14.512 27578 27578 D AndroidRuntime: CheckJNI is OFF
08-05 17:44:14.539 27578 27578 D ICU     : No timezone override file found: /data/misc/zoneinfo/current/icu/icu_tzdata.dat
08-05 17:44:14.568 27578 27578 I Radio-JNI: register_android_hardware_Radio DONE
08-05 17:44:14.585 27578 27578 D AndroidRuntime: Calling main entry com.android.commands.monkey.Monkey
--------- beginning of system
08-05 17:44:14.601   918   931 W BroadcastQueue: Skipping deliver [background] BroadcastRecord{58d5130 u-1 android.net.conn.CONNECTIVITY_CHANGE} to ReceiverList{70861a9 27578 (unknown name)/2000/u-1 remote:17c5ae2}: process crashing
08-05 17:44:14.612   918  6111 I ActivityManager: START u0 {act=android.intent.action.MAIN cat=[android.intent.category.LAUNCHER] flg=0x10200000 cmp=baseline.appteam.nith.hillffair/.activities.SplashActivity} from uid 2000 on display 0
08-05 17:44:14.636 27588 27588 I art     : Late-enabling -Xcheck:jni
08-05 17:44:14.639   918  5132 I ActivityManager: Start proc 27588:baseline.appteam.nith.hillffair/u0a675 for activity baseline.appteam.nith.hillffair/.activities.SplashActivity
08-05 17:44:14.644 27578 27578 I art     : System.exit called, status: 0
08-05 17:44:14.644 27578 27578 I AndroidRuntime: VM exiting with result code 0.
08-05 17:44:14.718 16458 15483 I PBSessionCacheImpl: Deleted sessionId[72384646105454640] from persistence.
08-05 17:44:14.720 27588 27588 W System  : ClassLoader referenced unknown path: /data/app/baseline.appteam.nith.hillffair-1/lib/arm64
08-05 17:44:14.722 16458 16488 W SearchServiceCore: Abort, client detached.
08-05 17:44:14.722 16458 16488 I MicroDetectionState: Should stop hotword detection immediately - true
08-05 17:44:14.799 27588 27588 W OneSignal: GCM Library detected, please upgrade to Firebase FCM library as GCM is deprecated!
08-05 17:44:14.884 27588 27588 W art     : Before Android 4.1, method android.graphics.PorterDuffColorFilter androidx.vectordrawable.graphics.drawable.VectorDrawableCompat.updateTintFilter(android.graphics.PorterDuffColorFilter, android.content.res.ColorStateList, android.graphics.PorterDuff$Mode) would have incorrectly overridden the package-private method in android.graphics.drawable.Drawable
08-05 17:44:14.917 27588 27588 I art     : Rejecting re-init on previously-failed class java.lang.Class<androidx.core.view.ViewCompat$2>
08-05 17:44:14.917 27588 27588 I art     : Rejecting re-init on previously-failed class java.lang.Class<androidx.core.view.ViewCompat$2>
08-05 17:44:14.988 27588 27611 D OpenGLRenderer: Use EGL_SWAP_BEHAVIOR_PRESERVED: true
08-05 17:44:15.060 27588 27611 I Adreno  : QUALCOMM build                   : fcf4852, I1af360237c
08-05 17:44:15.060 27588 27611 I Adreno  : Build Date                       : 09/23/15
08-05 17:44:15.060 27588 27611 I Adreno  : OpenGL ES Shader Compiler Version: XE031.05.13.02
08-05 17:44:15.060 27588 27611 I Adreno  : Local Branch                     : mybranch14465806
08-05 17:44:15.060 27588 27611 I Adreno  : Remote Branch                    : quic/LA.BF64.1.2.9_v2
08-05 17:44:15.060 27588 27611 I Adreno  : Remote Branch                    : NONE
08-05 17:44:15.060 27588 27611 I Adreno  : Reconstruct Branch               : NOTHING
08-05 17:44:15.072 27588 27611 I OpenGLRenderer: Initialized EGL, version 1.4
08-05 17:44:15.135 13866 13866 I GoogleInputMethodServic: GoogleInputMethodService.onFinishInput():3138 
08-05 17:44:15.137 13866 13866 I GoogleInputMethodServic: GoogleInputMethodService.onStartInput():1808 
08-05 17:44:15.162 26632 26632 I ServiceManager: Waiting for service AtCmdFwd...
08-05 17:44:15.200   918   936 I ActivityManager: Displayed baseline.appteam.nith.hillffair/.activities.SplashActivity: +579ms
08-05 17:44:15.295 27588 27623 W GCM     : GCM SDK is deprecated, baseline.appteam.nith.hillffair should update to use FCM
08-05 17:44:15.351 24365 23174 W Conscrypt: Could not set socket write timeout: java.net.SocketException: Socket closed
08-05 17:44:15.351 24365 23174 E art     : invalid stream - problem with parameter iterator in /data/app/com.google.android.gms-2/base.apk:classes3.dex for method void com.google.android.gms.org.conscrypt.ConscryptFileDescriptorSocket.setSoWriteTimeout(int)
08-05 17:44:15.353 24365 23174 W Conscrypt: 	at com.google.android.gms.org.conscrypt.Platform.setSocketWriteTimeout(:com.google.android.gms@202614019@20.26.14 (040400-320008519):2)
08-05 17:44:15.353 24365 23174 W Conscrypt: 	at com.google.android.gms.org.conscrypt.ConscryptFileDescriptorSocket.setSoWriteTimeout(:com.google.android.gms@202614019@20.26.14 (040400-320008519))
08-05 17:44:15.373 24365 23174 W Conscrypt: Could not set socket write timeout: java.net.SocketException: Socket closed
08-05 17:44:15.373 24365 23174 E art     : invalid stream - problem with parameter iterator in /data/app/com.google.android.gms-2/base.apk:classes3.dex for method void com.google.android.gms.org.conscrypt.ConscryptFileDescriptorSocket.setSoWriteTimeout(int)
08-05 17:44:15.373 24365 23174 W Conscrypt: 	at com.google.android.gms.org.conscrypt.Platform.setSocketWriteTimeout(:com.google.android.gms@202614019@20.26.14 (040400-320008519):2)
08-05 17:44:15.373 24365 23174 W Conscrypt: 	at com.google.android.gms.org.conscrypt.ConscryptFileDescriptorSocket.setSoWriteTimeout(:com.google.android.gms@202614019@20.26.14 (040400-320008519))
08-05 17:44:15.438 24365 23174 W Conscrypt: Could not set socket write timeout: java.net.SocketException: Socket closed
08-05 17:44:15.439 24365 23174 E art     : invalid stream - problem with parameter iterator in /data/app/com.google.android.gms-2/base.apk:classes3.dex for method void com.google.android.gms.org.conscrypt.ConscryptFileDescriptorSocket.setSoWriteTimeout(int)
08-05 17:44:15.439 24365 23174 W Conscrypt: 	at com.google.android.gms.org.conscrypt.Platform.setSocketWriteTimeout(:com.google.android.gms@202614019@20.26.14 (040400-320008519):2)
08-05 17:44:15.439 24365 23174 W Conscrypt: 	at com.google.android.gms.org.conscrypt.ConscryptFileDescriptorSocket.setSoWriteTimeout(:com.google.android.gms@202614019@20.26.14 (040400-320008519))
08-05 17:44:15.456 24365 23174 W Conscrypt: Could not set socket write timeout: java.net.SocketException: Socket closed
08-05 17:44:15.457 24365 23174 E art     : invalid stream - problem with parameter iterator in /data/app/com.google.android.gms-2/base.apk:classes3.dex for method void com.google.android.gms.org.conscrypt.ConscryptFileDescriptorSocket.setSoWriteTimeout(int)
08-05 17:44:15.457 24365 23174 W Conscrypt: 	at com.google.android.gms.org.conscrypt.Platform.setSocketWriteTimeout(:com.google.android.gms@202614019@20.26.14 (040400-320008519):2)
08-05 17:44:15.457 24365 23174 W Conscrypt: 	at com.google.android.gms.org.conscrypt.ConscryptFileDescriptorSocket.setSoWriteTimeout(:com.google.android.gms@202614019@20.26.14 (040400-320008519))
08-05 17:44:15.635 27588 27623 E OneSignal: Error Getting GCM Token
08-05 17:44:15.635 27588 27623 E OneSignal: java.io.IOException: INVALID_SENDER
08-05 17:44:15.635 27588 27623 E OneSignal: 	at com.google.android.gms.gcm.GoogleCloudMessaging.zzd(Unknown Source)
08-05 17:44:15.635 27588 27623 E OneSignal: 	at com.google.android.gms.gcm.GoogleCloudMessaging.register(Unknown Source)
08-05 17:44:15.635 27588 27623 E OneSignal: 	at com.onesignal.PushRegistratorGCM.getToken(PushRegistratorGCM.java:42)
08-05 17:44:15.635 27588 27623 E OneSignal: 	at com.onesignal.PushRegistratorAbstractGoogle.attemptRegistration(PushRegistratorAbstractGoogle.java:97)
08-05 17:44:15.635 27588 27623 E OneSignal: 	at com.onesignal.PushRegistratorAbstractGoogle.access$100(PushRegistratorAbstractGoogle.java:37)
08-05 17:44:15.635 27588 27623 E OneSignal: 	at com.onesignal.PushRegistratorAbstractGoogle$1.run(PushRegistratorAbstractGoogle.java:84)
08-05 17:44:15.635 27588 27623 E OneSignal: 	at java.lang.Thread.run(Thread.java:818)
08-05 17:44:15.658 27588 27628 I art     : Rejecting re-init on previously-failed class java.lang.Class<com.onesignal.OneSignalChromeTab$OneSignalCustomTabsServiceConnection>
08-05 17:44:15.658 27588 27628 I art     : Rejecting re-init on previously-failed class java.lang.Class<com.onesignal.OneSignalChromeTab$OneSignalCustomTabsServiceConnection>
08-05 17:44:16.164 26632 26632 I ServiceManager: Waiting for service AtCmdFwd...
08-05 17:44:16.274 27639 27639 D AndroidRuntime: >>>>>> START com.android.internal.os.RuntimeInit uid 2000 <<<<<<
08-05 17:44:16.281 27639 27639 D AndroidRuntime: CheckJNI is OFF
08-05 17:44:16.309 27639 27639 D ICU     : No timezone override file found: /data/misc/zoneinfo/current/icu/icu_tzdata.dat
08-05 17:44:16.340 27639 27639 I Radio-JNI: register_android_hardware_Radio DONE
08-05 17:44:16.356 27639 27639 D AndroidRuntime: Calling main entry com.android.commands.am.Am
08-05 17:44:16.370 16924 16924 I Trepn   : Trepn 6.2s: Received intent: com.quicinc.trepn.start_profiling
08-05 17:44:16.461   918  3359 I ActivityManager: START u0 {cmp=baseline.appteam.nith.hillffair/.activities.WelcomeActivity} from uid 10675 on display 0
08-05 17:44:16.492   918  3961 I ActivityManager: START u0 {cmp=baseline.appteam.nith.hillffair/.activities.HomeActivity} from uid 10675 on display 0
08-05 17:44:16.499   918  6111 W ActivityManager: Duplicate finish request for ActivityRecord{56ae0af u0 baseline.appteam.nith.hillffair/.activities.WelcomeActivity t4186 f}
08-05 17:44:16.515 16924 16924 W FileUtils: Failed to chmod(/storage/emulated/0/trepn/Trepn_2020.08.05_174416.db): android.system.ErrnoException: chmod failed: EPERM (Operation not permitted)
08-05 17:44:16.625 16924 16924 I Trepn   : Trepn 6.2s: Trepn has Started Profiling.
08-05 17:44:16.627 27639 27639 D AndroidRuntime: Shutting down VM
08-05 17:44:17.038 27588 27600 I art     : Starting a blocking GC Explicit
08-05 17:44:17.045   918   936 I ActivityManager: Displayed baseline.appteam.nith.hillffair/.activities.HomeActivity: +503ms (total +570ms)
08-05 17:44:17.046 13866 13866 I GoogleInputMethodServic: GoogleInputMethodService.onFinishInput():3138 
08-05 17:44:17.047 13866 13866 I GoogleInputMethodServic: GoogleInputMethodService.onStartInput():1808 
08-05 17:44:17.060 27588 27600 I art     : Explicit concurrent mark sweep GC freed 2141(442KB) AllocSpace objects, 0(0B) LOS objects, 24% free, 48MB/64MB, paused 419us total 21.715ms
08-05 17:44:17.067 27588 27600 I art     : Starting a blocking GC Explicit
08-05 17:44:17.081 27588 27600 I art     : Explicit concurrent mark sweep GC freed 352(16KB) AllocSpace objects, 0(0B) LOS objects, 24% free, 48MB/64MB, paused 189us total 13.442ms
08-05 17:44:17.088 27588 27600 I art     : Starting a blocking GC Explicit
08-05 17:44:17.099 27588 27600 I art     : Explicit concurrent mark sweep GC freed 37(1296B) AllocSpace objects, 0(0B) LOS objects, 24% free, 48MB/64MB, paused 198us total 10.981ms
08-05 17:44:17.105 27588 27600 I art     : Starting a blocking GC Explicit
08-05 17:44:17.117 27588 27600 I art     : Explicit concurrent mark sweep GC freed 71(5KB) AllocSpace objects, 0(0B) LOS objects, 24% free, 48MB/64MB, paused 166us total 11.555ms
08-05 17:44:17.123 27588 27600 I art     : Starting a blocking GC Explicit
08-05 17:44:17.133 27588 27600 I art     : Explicit concurrent mark sweep GC freed 988(69KB) AllocSpace objects, 0(0B) LOS objects, 25% free, 47MB/63MB, paused 126us total 9.667ms
08-05 17:44:17.165 26632 26632 W Atfwd_Sendcmd: AtCmdFwd service not published, waiting... retryCnt : 2
08-05 17:44:17.295   380   380 W SurfaceFlinger: couldn't log to binary event log: overflow.
08-05 17:44:17.428 27588 27600 I art     : Starting a blocking GC Explicit
08-05 17:44:17.440 27588 27600 I art     : Explicit concurrent mark sweep GC freed 1900(107KB) AllocSpace objects, 1(20KB) LOS objects, 25% free, 47MB/63MB, paused 201us total 12.336ms
08-05 17:44:17.446 27588 27600 I art     : Starting a blocking GC Explicit
08-05 17:44:17.456 27588 27600 I art     : Explicit concurrent mark sweep GC freed 147(6KB) AllocSpace objects, 0(0B) LOS objects, 25% free, 47MB/63MB, paused 143us total 10.010ms
08-05 17:44:17.462 27588 27600 I art     : Starting a blocking GC Explicit
08-05 17:44:17.472 27588 27600 I art     : Explicit concurrent mark sweep GC freed 117(6KB) AllocSpace objects, 0(0B) LOS objects, 25% free, 47MB/63MB, paused 144us total 10.156ms
08-05 17:44:17.478 27588 27600 I art     : Starting a blocking GC Explicit
08-05 17:44:17.488 27588 27600 I art     : Explicit concurrent mark sweep GC freed 781(53KB) AllocSpace objects, 0(0B) LOS objects, 25% free, 47MB/63MB, paused 134us total 10.005ms
08-05 17:44:17.494 27588 27600 I art     : Starting a blocking GC Explicit
08-05 17:44:17.504 27588 27600 I art     : Explicit concurrent mark sweep GC freed 3(96B) AllocSpace objects, 0(0B) LOS objects, 25% free, 47MB/63MB, paused 133us total 9.875ms
08-05 17:44:17.781 27588 27618 I art     : Starting a blocking GC Explicit
08-05 17:44:17.795 27588 27618 I art     : Explicit concurrent mark sweep GC freed 1341(78KB) AllocSpace objects, 1(20KB) LOS objects, 25% free, 47MB/63MB, paused 164us total 13.372ms
08-05 17:44:17.801 27588 27618 I art     : Starting a blocking GC Explicit
08-05 17:44:17.813 27588 27618 I art     : Explicit concurrent mark sweep GC freed 20(704B) AllocSpace objects, 0(0B) LOS objects, 25% free, 47MB/63MB, paused 156us total 11.925ms
08-05 17:44:17.819 27588 27618 I art     : Starting a blocking GC Explicit
08-05 17:44:17.831 27588 27618 I art     : Explicit concurrent mark sweep GC freed 3(96B) AllocSpace objects, 0(0B) LOS objects, 25% free, 47MB/63MB, paused 155us total 11.692ms
08-05 17:44:17.837 27588 27618 I art     : Starting a blocking GC Explicit
08-05 17:44:17.849 27588 27618 I art     : Explicit concurrent mark sweep GC freed 3(96B) AllocSpace objects, 0(0B) LOS objects, 25% free, 47MB/63MB, paused 154us total 11.756ms
08-05 17:44:17.855 27588 27618 I art     : Starting a blocking GC Explicit
08-05 17:44:17.867 27588 27618 I art     : Explicit concurrent mark sweep GC freed 3(96B) AllocSpace objects, 0(0B) LOS objects, 25% free, 47MB/63MB, paused 156us total 11.820ms
08-05 17:44:18.191 27588 27601 I art     : Starting a blocking GC Explicit
08-05 17:44:18.210 27588 27601 I art     : Explicit concurrent mark sweep GC freed 1342(78KB) AllocSpace objects, 1(20KB) LOS objects, 25% free, 47MB/63MB, paused 216us total 18.405ms
08-05 17:44:18.220 27588 27601 I art     : Starting a blocking GC Explicit
08-05 17:44:18.234 27588 27601 I art     : Explicit concurrent mark sweep GC freed 20(704B) AllocSpace objects, 0(0B) LOS objects, 25% free, 47MB/63MB, paused 170us total 13.891ms
08-05 17:44:18.241 27588 27601 I art     : Starting a blocking GC Explicit
08-05 17:44:18.253 27588 27601 I art     : Explicit concurrent mark sweep GC freed 3(96B) AllocSpace objects, 0(0B) LOS objects, 25% free, 47MB/63MB, paused 157us total 11.848ms
08-05 17:44:18.259 27588 27601 I art     : Starting a blocking GC Explicit
08-05 17:44:18.271 27588 27601 I art     : Explicit concurrent mark sweep GC freed 3(96B) AllocSpace objects, 0(0B) LOS objects, 25% free, 47MB/63MB, paused 153us total 11.613ms
08-05 17:44:18.277 27588 27601 I art     : Starting a blocking GC Explicit
08-05 17:44:18.289 27588 27601 I art     : Explicit concurrent mark sweep GC freed 3(96B) AllocSpace objects, 0(0B) LOS objects, 25% free, 47MB/63MB, paused 144us total 11.517ms
08-05 17:44:18.571 27588 27626 I art     : Starting a blocking GC Explicit
08-05 17:44:18.588 27588 27626 I art     : Explicit concurrent mark sweep GC freed 1340(78KB) AllocSpace objects, 1(20KB) LOS objects, 25% free, 47MB/63MB, paused 178us total 16.729ms
08-05 17:44:18.597 27588 27626 I art     : Starting a blocking GC Explicit
08-05 17:44:18.609 27588 27626 I art     : Explicit concurrent mark sweep GC freed 20(704B) AllocSpace objects, 0(0B) LOS objects, 25% free, 47MB/63MB, paused 162us total 11.664ms
08-05 17:44:18.615 27588 27626 I art     : Starting a blocking GC Explicit
08-05 17:44:18.627 27588 27626 I art     : Explicit concurrent mark sweep GC freed 3(96B) AllocSpace objects, 0(0B) LOS objects, 25% free, 47MB/63MB, paused 182us total 11.562ms
08-05 17:44:18.633 27588 27626 I art     : Starting a blocking GC Explicit
08-05 17:44:18.644 27588 27626 I art     : Explicit concurrent mark sweep GC freed 3(96B) AllocSpace objects, 0(0B) LOS objects, 25% free, 47MB/63MB, paused 155us total 10.927ms
08-05 17:44:18.650 27588 27626 I art     : Starting a blocking GC Explicit
08-05 17:44:18.662 27588 27626 I art     : Explicit concurrent mark sweep GC freed 3(96B) AllocSpace objects, 0(0B) LOS objects, 25% free, 47MB/63MB, paused 159us total 11.551ms
08-05 17:44:18.981 27588 27600 I art     : Starting a blocking GC Explicit
08-05 17:44:18.998 27588 27600 I art     : Explicit concurrent mark sweep GC freed 1339(78KB) AllocSpace objects, 1(20KB) LOS objects, 25% free, 47MB/63MB, paused 167us total 16.844ms
08-05 17:44:19.005 27588 27600 I art     : Starting a blocking GC Explicit
08-05 17:44:19.018 27588 27600 I art     : Explicit concurrent mark sweep GC freed 20(704B) AllocSpace objects, 0(0B) LOS objects, 25% free, 47MB/63MB, paused 163us total 12.704ms
08-05 17:44:19.024 27588 27600 I art     : Starting a blocking GC Explicit
08-05 17:44:19.036 27588 27600 I art     : Explicit concurrent mark sweep GC freed 3(96B) AllocSpace objects, 0(0B) LOS objects, 25% free, 47MB/63MB, paused 152us total 11.517ms
08-05 17:44:19.042 27588 27600 I art     : Starting a blocking GC Explicit
08-05 17:44:19.054 27588 27600 I art     : Explicit concurrent mark sweep GC freed 3(96B) AllocSpace objects, 0(0B) LOS objects, 25% free, 47MB/63MB, paused 138us total 11.385ms
08-05 17:44:19.060 27588 27600 I art     : Starting a blocking GC Explicit
08-05 17:44:19.071 27588 27600 I art     : Explicit concurrent mark sweep GC freed 3(96B) AllocSpace objects, 0(0B) LOS objects, 25% free, 47MB/63MB, paused 154us total 11.411ms
08-05 17:44:19.376 27588 27618 I art     : Starting a blocking GC Explicit
08-05 17:44:19.394 27588 27618 I art     : Explicit concurrent mark sweep GC freed 1339(78KB) AllocSpace objects, 1(20KB) LOS objects, 25% free, 47MB/63MB, paused 209us total 17.510ms
08-05 17:44:19.404 27588 27618 I art     : Starting a blocking GC Explicit
08-05 17:44:19.417 27588 27618 I art     : Explicit concurrent mark sweep GC freed 20(704B) AllocSpace objects, 0(0B) LOS objects, 25% free, 47MB/63MB, paused 160us total 12.807ms
08-05 17:44:19.423 27588 27618 I art     : Starting a blocking GC Explicit
08-05 17:44:19.434 27588 27618 I art     : Explicit concurrent mark sweep GC freed 3(96B) AllocSpace objects, 0(0B) LOS objects, 25% free, 47MB/63MB, paused 160us total 11.409ms
08-05 17:44:19.441 27588 27618 I art     : Starting a blocking GC Explicit
08-05 17:44:19.453 27588 27618 I art     : Explicit concurrent mark sweep GC freed 3(96B) AllocSpace objects, 0(0B) LOS objects, 25% free, 47MB/63MB, paused 152us total 11.914ms
08-05 17:44:19.459 27588 27618 I art     : Starting a blocking GC Explicit
08-05 17:44:19.470 27588 27618 I art     : Explicit concurrent mark sweep GC freed 3(96B) AllocSpace objects, 0(0B) LOS objects, 25% free, 47MB/63MB, paused 146us total 11.349ms
08-05 17:44:19.772 27588 27601 I art     : Starting a blocking GC Explicit
08-05 17:44:19.789 27588 27601 I art     : Explicit concurrent mark sweep GC freed 1339(78KB) AllocSpace objects, 1(20KB) LOS objects, 25% free, 47MB/63MB, paused 190us total 16.932ms
08-05 17:44:19.799 27588 27601 I art     : Starting a blocking GC Explicit
08-05 17:44:19.812 27588 27601 I art     : Explicit concurrent mark sweep GC freed 20(704B) AllocSpace objects, 0(0B) LOS objects, 25% free, 47MB/63MB, paused 158us total 12.453ms
08-05 17:44:19.818 27588 27601 I art     : Starting a blocking GC Explicit
08-05 17:44:19.830 27588 27601 I art     : Explicit concurrent mark sweep GC freed 3(96B) AllocSpace objects, 0(0B) LOS objects, 25% free, 47MB/63MB, paused 167us total 11.614ms
08-05 17:44:19.836 27588 27601 I art     : Starting a blocking GC Explicit
08-05 17:44:19.848 27588 27601 I art     : Explicit concurrent mark sweep GC freed 3(96B) AllocSpace objects, 0(0B) LOS objects, 25% free, 47MB/63MB, paused 150us total 11.474ms
08-05 17:44:19.854 27588 27601 I art     : Starting a blocking GC Explicit
08-05 17:44:19.865 27588 27601 I art     : Explicit concurrent mark sweep GC freed 3(96B) AllocSpace objects, 0(0B) LOS objects, 25% free, 47MB/63MB, paused 157us total 11.316ms
08-05 17:44:20.187 27588 27626 I art     : Starting a blocking GC Explicit
08-05 17:44:20.207 27588 27626 I art     : Explicit concurrent mark sweep GC freed 1339(78KB) AllocSpace objects, 1(20KB) LOS objects, 25% free, 47MB/63MB, paused 217us total 19.102ms
08-05 17:44:20.217 27588 27626 I art     : Starting a blocking GC Explicit
08-05 17:44:20.232 27588 27626 I art     : Explicit concurrent mark sweep GC freed 20(704B) AllocSpace objects, 0(0B) LOS objects, 25% free, 47MB/63MB, paused 174us total 14.877ms
08-05 17:44:20.240 27588 27626 I art     : Starting a blocking GC Explicit
08-05 17:44:20.252 27588 27626 I art     : Explicit concurrent mark sweep GC freed 3(96B) AllocSpace objects, 0(0B) LOS objects, 25% free, 47MB/63MB, paused 158us total 12.034ms
08-05 17:44:20.258 27588 27626 I art     : Starting a blocking GC Explicit
08-05 17:44:20.270 27588 27626 I art     : Explicit concurrent mark sweep GC freed 3(96B) AllocSpace objects, 0(0B) LOS objects, 25% free, 47MB/63MB, paused 154us total 11.857ms
08-05 17:44:20.277 27588 27626 I art     : Starting a blocking GC Explicit
08-05 17:44:20.288 27588 27626 I art     : Explicit concurrent mark sweep GC freed 3(96B) AllocSpace objects, 0(0B) LOS objects, 25% free, 47MB/63MB, paused 153us total 11.423ms
08-05 17:44:20.417   918  1210 D NetlinkSocketObserver: NeighborEvent{elapsedMs=1796064292, 192.168.2.254, [7C3953A63323], RTM_NEWNEIGH, NUD_REACHABLE}
08-05 17:44:20.568 27588 27600 I art     : Starting a blocking GC Explicit
08-05 17:44:20.580 27588 27600 I art     : Explicit concurrent mark sweep GC freed 1338(78KB) AllocSpace objects, 1(20KB) LOS objects, 25% free, 47MB/63MB, paused 143us total 11.590ms
08-05 17:44:20.586 27588 27600 I art     : Starting a blocking GC Explicit
08-05 17:44:20.596 27588 27600 I art     : Explicit concurrent mark sweep GC freed 20(704B) AllocSpace objects, 0(0B) LOS objects, 25% free, 47MB/63MB, paused 143us total 10.090ms
08-05 17:44:20.601 27588 27600 I art     : Starting a blocking GC Explicit
08-05 17:44:20.611 27588 27600 I art     : Explicit concurrent mark sweep GC freed 3(96B) AllocSpace objects, 0(0B) LOS objects, 25% free, 47MB/63MB, paused 134us total 9.637ms
08-05 17:44:20.617 27588 27600 I art     : Starting a blocking GC Explicit
08-05 17:44:20.626 27588 27600 I art     : Explicit concurrent mark sweep GC freed 3(96B) AllocSpace objects, 0(0B) LOS objects, 25% free, 47MB/63MB, paused 136us total 9.650ms
08-05 17:44:20.632 27588 27600 I art     : Starting a blocking GC Explicit
08-05 17:44:20.641 27588 27600 I art     : Explicit concurrent mark sweep GC freed 3(96B) AllocSpace objects, 0(0B) LOS objects, 25% free, 47MB/63MB, paused 137us total 9.654ms
08-05 17:44:20.798 27588 27773 W OneSignal: OneSignalRestClient: POST Error thrown from network stack. 
08-05 17:44:20.798 27588 27773 W OneSignal: java.io.IOException: unexpected end of stream on Connection{api.onesignal.com:443, proxy=HTTP@192.168.2.12:8080 hostAddress=192.168.2.12 cipherSuite=TLS_ECDHE_RSA_WITH_AES_128_GCM_SHA256 protocol=http/1.1} (recycle count=1)
08-05 17:44:20.798 27588 27773 W OneSignal: 	at com.android.okhttp.internal.http.HttpConnection.readResponse(HttpConnection.java:210)
08-05 17:44:20.798 27588 27773 W OneSignal: 	at com.android.okhttp.internal.http.HttpTransport.readResponseHeaders(HttpTransport.java:80)
08-05 17:44:20.798 27588 27773 W OneSignal: 	at com.android.okhttp.internal.http.HttpEngine.readNetworkResponse(HttpEngine.java:904)
08-05 17:44:20.798 27588 27773 W OneSignal: 	at com.android.okhttp.internal.http.HttpEngine.readResponse(HttpEngine.java:788)
08-05 17:44:20.798 27588 27773 W OneSignal: 	at com.android.okhttp.internal.huc.HttpURLConnectionImpl.execute(HttpURLConnectionImpl.java:439)
08-05 17:44:20.798 27588 27773 W OneSignal: 	at com.android.okhttp.internal.huc.HttpURLConnectionImpl.getResponse(HttpURLConnectionImpl.java:384)
08-05 17:44:20.798 27588 27773 W OneSignal: 	at com.android.okhttp.internal.huc.HttpURLConnectionImpl.getResponseCode(HttpURLConnectionImpl.java:497)
08-05 17:44:20.798 27588 27773 W OneSignal: 	at com.android.okhttp.internal.huc.DelegatingHttpsURLConnection.getResponseCode(DelegatingHttpsURLConnection.java:105)
08-05 17:44:20.798 27588 27773 W OneSignal: 	at com.android.okhttp.internal.huc.HttpsURLConnectionImpl.getResponseCode(HttpsURLConnectionImpl.java)
08-05 17:44:20.798 27588 27773 W OneSignal: 	at com.onesignal.OneSignalRestClient.startHTTPConnection(OneSignalRestClient.java:180)
08-05 17:44:20.798 27588 27773 W OneSignal: 	at com.onesignal.OneSignalRestClient.access$100(OneSignalRestClient.java:44)
08-05 17:44:20.798 27588 27773 W OneSignal: 	at com.onesignal.OneSignalRestClient$4.run(OneSignalRestClient.java:110)
08-05 17:44:20.798 27588 27773 W OneSignal: 	at java.lang.Thread.run(Thread.java:818)
08-05 17:44:20.798 27588 27773 W OneSignal: Caused by: java.io.EOFException: \n not found: size=0 content=...
08-05 17:44:20.798 27588 27773 W OneSignal: 	at com.android.okhttp.okio.RealBufferedSource.readUtf8LineStrict(RealBufferedSource.java:200)
08-05 17:44:20.798 27588 27773 W OneSignal: 	at com.android.okhttp.internal.http.HttpConnection.readResponse(HttpConnection.java:191)
08-05 17:44:20.798 27588 27773 W OneSignal: 	... 12 more
08-05 17:44:20.799 27588 27778 W OneSignal: Failed last request. statusCode: -1
08-05 17:44:20.799 27588 27778 W OneSignal: response: null
08-05 17:44:20.899 27588 27618 I art     : Starting a blocking GC Explicit
08-05 17:44:20.914 27588 27618 I art     : Explicit concurrent mark sweep GC freed 1978(154KB) AllocSpace objects, 1(20KB) LOS objects, 25% free, 47MB/63MB, paused 173us total 14.306ms
08-05 17:44:20.920 27588 27618 I art     : Starting a blocking GC Explicit
08-05 17:44:20.933 27588 27618 I art     : Explicit concurrent mark sweep GC freed 30(1168B) AllocSpace objects, 0(0B) LOS objects, 25% free, 47MB/63MB, paused 148us total 12.215ms
08-05 17:44:20.939 27588 27618 I art     : Starting a blocking GC Explicit
08-05 17:44:20.951 27588 27618 I art     : Explicit concurrent mark sweep GC freed 3(96B) AllocSpace objects, 0(0B) LOS objects, 25% free, 47MB/63MB, paused 162us total 12.226ms
08-05 17:44:20.958 27588 27618 I art     : Starting a blocking GC Explicit
08-05 17:44:20.970 27588 27618 I art     : Explicit concurrent mark sweep GC freed 3(96B) AllocSpace objects, 0(0B) LOS objects, 25% free, 47MB/63MB, paused 149us total 11.785ms
08-05 17:44:20.976 27588 27618 I art     : Starting a blocking GC Explicit
08-05 17:44:20.988 27588 27618 I art     : Explicit concurrent mark sweep GC freed 3(96B) AllocSpace objects, 0(0B) LOS objects, 25% free, 47MB/63MB, paused 154us total 11.778ms
08-05 17:44:21.290 27588 27601 I art     : Starting a blocking GC Explicit
08-05 17:44:21.304 27588 27601 I art     : Explicit concurrent mark sweep GC freed 1339(78KB) AllocSpace objects, 1(20KB) LOS objects, 25% free, 47MB/63MB, paused 172us total 13.545ms
08-05 17:44:21.311 27588 27601 I art     : Starting a blocking GC Explicit
08-05 17:44:21.322 27588 27601 I art     : Explicit concurrent mark sweep GC freed 20(704B) AllocSpace objects, 0(0B) LOS objects, 25% free, 47MB/63MB, paused 152us total 11.610ms
08-05 17:44:21.328 27588 27601 I art     : Starting a blocking GC Explicit
08-05 17:44:21.339 27588 27601 I art     : Explicit concurrent mark sweep GC freed 3(96B) AllocSpace objects, 0(0B) LOS objects, 25% free, 47MB/63MB, paused 164us total 11.001ms
08-05 17:44:21.345 27588 27601 I art     : Starting a blocking GC Explicit
08-05 17:44:21.357 27588 27601 I art     : Explicit concurrent mark sweep GC freed 3(96B) AllocSpace objects, 0(0B) LOS objects, 25% free, 47MB/63MB, paused 172us total 11.464ms
08-05 17:44:21.363 27588 27601 I art     : Starting a blocking GC Explicit
08-05 17:44:21.373 27588 27601 I art     : Explicit concurrent mark sweep GC freed 3(96B) AllocSpace objects, 0(0B) LOS objects, 25% free, 47MB/63MB, paused 149us total 10.665ms
08-05 17:44:21.607 27797 27797 D AndroidRuntime: >>>>>> START com.android.internal.os.RuntimeInit uid 2000 <<<<<<
08-05 17:44:21.611 27797 27797 D AndroidRuntime: CheckJNI is OFF
08-05 17:44:21.637 27797 27797 D ICU     : No timezone override file found: /data/misc/zoneinfo/current/icu/icu_tzdata.dat
08-05 17:44:21.653 27588 27626 I art     : Starting a blocking GC Explicit
08-05 17:44:21.663 27797 27797 I Radio-JNI: register_android_hardware_Radio DONE
08-05 17:44:21.664 27588 27626 I art     : Explicit concurrent mark sweep GC freed 1339(78KB) AllocSpace objects, 1(20KB) LOS objects, 25% free, 47MB/63MB, paused 173us total 11.484ms
08-05 17:44:21.670 27588 27626 I art     : Starting a blocking GC Explicit
08-05 17:44:21.681 27797 27797 D AndroidRuntime: Calling main entry com.android.commands.input.Input
08-05 17:44:21.682 27588 27626 I art     : Explicit concurrent mark sweep GC freed 20(704B) AllocSpace objects, 0(0B) LOS objects, 25% free, 47MB/63MB, paused 208us total 11.942ms
08-05 17:44:21.683 27797 27797 I Input   : injectMotionEvent: MotionEvent { action=ACTION_DOWN, actionButton=0, id[0]=0, x[0]=337.0, y[0]=1104.0, toolType[0]=TOOL_TYPE_UNKNOWN, buttonState=0, metaState=0, flags=0x0, edgeFlags=0x0, pointerCount=1, historySize=0, eventTime=812678095, downTime=812678095, deviceId=0, source=0x1002 }
08-05 17:44:21.688 27797 27797 I Input   : injectMotionEvent: MotionEvent { action=ACTION_UP, actionButton=0, id[0]=0, x[0]=337.0, y[0]=1104.0, toolType[0]=TOOL_TYPE_UNKNOWN, buttonState=0, metaState=0, flags=0x0, edgeFlags=0x0, pointerCount=1, historySize=0, eventTime=812678095, downTime=812678095, deviceId=0, source=0x1002 }
08-05 17:44:21.689 27588 27626 I art     : Starting a blocking GC Explicit
08-05 17:44:21.690   918  4400 I ActivityManager: START u0 {cmp=baseline.appteam.nith.hillffair/.activities.BattleDayActivity} from uid 10675 on display 0
08-05 17:44:21.695 27797 27797 D AndroidRuntime: Shutting down VM
08-05 17:44:21.701 27588 27626 I art     : Explicit concurrent mark sweep GC freed 31(9KB) AllocSpace objects, 0(0B) LOS objects, 25% free, 47MB/63MB, paused 345us total 12.077ms
08-05 17:44:21.709 27588 27626 I art     : Starting a blocking GC Explicit
08-05 17:44:21.721 27588 27626 I art     : Explicit concurrent mark sweep GC freed 755(77KB) AllocSpace objects, 0(0B) LOS objects, 24% free, 48MB/64MB, paused 541us total 11.675ms
08-05 17:44:21.727 27588 27626 I art     : Starting a blocking GC Explicit
08-05 17:44:21.746 27588 27626 I art     : Explicit concurrent mark sweep GC freed 2291(160KB) AllocSpace objects, 0(0B) LOS objects, 24% free, 48MB/64MB, paused 743us total 18.747ms
08-05 17:44:21.803 13866 13866 I GoogleInputMethodServic: GoogleInputMethodService.onFinishInput():3138 
08-05 17:44:21.804 13866 13866 I GoogleInputMethodServic: GoogleInputMethodService.onStartInput():1808 
08-05 17:44:21.839   918   936 I ActivityManager: Displayed baseline.appteam.nith.hillffair/.activities.BattleDayActivity: +143ms
08-05 17:44:21.967 27588 27618 I art     : Starting a blocking GC Explicit
08-05 17:44:21.981 27588 27618 I art     : Explicit concurrent mark sweep GC freed 6090(348KB) AllocSpace objects, 1(20KB) LOS objects, 24% free, 48MB/64MB, paused 185us total 14.069ms
08-05 17:44:21.988 27588 27618 I art     : Starting a blocking GC Explicit
08-05 17:44:22.001 27588 27618 I art     : Explicit concurrent mark sweep GC freed 56(2064B) AllocSpace objects, 0(0B) LOS objects, 24% free, 48MB/64MB, paused 183us total 12.754ms
08-05 17:44:22.007 27588 27618 I art     : Starting a blocking GC Explicit
08-05 17:44:22.020 27588 27618 I art     : Explicit concurrent mark sweep GC freed 3(96B) AllocSpace objects, 0(0B) LOS objects, 24% free, 48MB/64MB, paused 176us total 12.768ms
08-05 17:44:22.026 27588 27618 I art     : Starting a blocking GC Explicit
08-05 17:44:22.039 27588 27618 I art     : Explicit concurrent mark sweep GC freed 3(96B) AllocSpace objects, 0(0B) LOS objects, 24% free, 48MB/64MB, paused 181us total 12.614ms
08-05 17:44:22.045 27588 27618 I art     : Starting a blocking GC Explicit
08-05 17:44:22.058 27588 27618 I art     : Explicit concurrent mark sweep GC freed 3(96B) AllocSpace objects, 0(0B) LOS objects, 24% free, 48MB/64MB, paused 176us total 12.358ms
08-05 17:44:22.082   380   380 W SurfaceFlinger: couldn't log to binary event log: overflow.
08-05 17:44:22.330 27588 27600 I art     : Starting a blocking GC Explicit
08-05 17:44:22.346 27588 27600 I art     : Explicit concurrent mark sweep GC freed 1483(90KB) AllocSpace objects, 1(20KB) LOS objects, 24% free, 48MB/64MB, paused 236us total 15.285ms
08-05 17:44:22.353 27588 27600 I art     : Starting a blocking GC Explicit
08-05 17:44:22.367 27588 27600 I art     : Explicit concurrent mark sweep GC freed 43(1488B) AllocSpace objects, 0(0B) LOS objects, 24% free, 48MB/64MB, paused 341us total 14.089ms
08-05 17:44:22.373 27588 27600 I art     : Starting a blocking GC Explicit
08-05 17:44:22.385 27588 27600 I art     : Explicit concurrent mark sweep GC freed 9(336B) AllocSpace objects, 0(0B) LOS objects, 24% free, 48MB/64MB, paused 182us total 12.031ms
08-05 17:44:22.391 27588 27600 I art     : Starting a blocking GC Explicit
08-05 17:44:22.403 27588 27600 I art     : Explicit concurrent mark sweep GC freed 10(352B) AllocSpace objects, 0(0B) LOS objects, 24% free, 48MB/64MB, paused 188us total 11.287ms
08-05 17:44:22.408 27588 27600 I art     : Starting a blocking GC Explicit
08-05 17:44:22.420 27588 27600 I art     : Explicit concurrent mark sweep GC freed 8(288B) AllocSpace objects, 0(0B) LOS objects, 24% free, 48MB/64MB, paused 182us total 11.399ms
08-05 17:44:22.536 27588 27820 D OkHttp  : --> GET https://api-hillfair-2k16.herokuapp.com/api/app/events/special http/1.1
08-05 17:44:22.574 27588 27820 D OkHttp  : <-- 200 OK https://api-hillfair-2k16.herokuapp.com/api/app/events/special (37ms, 554-byte body)
08-05 17:44:22.634 27588 27588 I NAPPA_EXPERIMENTATION: MetricNetworkRequestExecutionTime: REQUEST_DURATION_SYSTEM='881',REQUEST_DURATION_OKHTTP='36',REQUEST_SYNCHRONOUS='FALSE',RESPONSE_CODE='200',RESPONSE_METHOD='GET',RESPONSE_LENGTH_OKHTTP='554',RESPONSE_LENGTH_HEADER='554',REQUEST_PROTOCOL='http/1.1',REQUEST_URL='https://api-hillfair-2k16.herokuapp.com/api/app/events/special',
08-05 17:44:22.687 27588 27618 I art     : Starting a blocking GC Explicit
08-05 17:44:22.705 27588 27618 I art     : Explicit concurrent mark sweep GC freed 5636(362KB) AllocSpace objects, 4(220KB) LOS objects, 24% free, 48MB/64MB, paused 497us total 18.227ms
08-05 17:44:22.712 27588 27618 I art     : Starting a blocking GC Explicit
08-05 17:44:22.728 27588 27618 I art     : Explicit concurrent mark sweep GC freed 1320(134KB) AllocSpace objects, 0(0B) LOS objects, 24% free, 48MB/64MB, paused 843us total 15.485ms
08-05 17:44:22.734 27588 27618 I art     : Starting a blocking GC Explicit
08-05 17:44:22.746 27588 27618 I art     : Explicit concurrent mark sweep GC freed 44(1888B) AllocSpace objects, 0(0B) LOS objects, 24% free, 48MB/64MB, paused 296us total 12.467ms
08-05 17:44:22.752 27588 27618 I art     : Starting a blocking GC Explicit
08-05 17:44:22.764 27588 27618 I art     : Explicit concurrent mark sweep GC freed 3(96B) AllocSpace objects, 0(0B) LOS objects, 24% free, 48MB/64MB, paused 276us total 12.180ms
08-05 17:44:22.770 27588 27618 I art     : Starting a blocking GC Explicit
08-05 17:44:22.782 27588 27618 I art     : Explicit concurrent mark sweep GC freed 3(96B) AllocSpace objects, 0(0B) LOS objects, 24% free, 48MB/64MB, paused 278us total 12.115ms
08-05 17:44:23.062 27588 27626 I art     : Starting a blocking GC Explicit
08-05 17:44:23.078 27588 27626 I art     : Explicit concurrent mark sweep GC freed 1342(78KB) AllocSpace objects, 1(20KB) LOS objects, 24% free, 48MB/64MB, paused 311us total 16.206ms
08-05 17:44:23.085 27588 27626 I art     : Starting a blocking GC Explicit
08-05 17:44:23.100 27588 27626 I art     : Explicit concurrent mark sweep GC freed 20(704B) AllocSpace objects, 0(0B) LOS objects, 24% free, 48MB/64MB, paused 286us total 14.705ms
08-05 17:44:23.107 27588 27626 I art     : Starting a blocking GC Explicit
08-05 17:44:23.121 27588 27626 I art     : Explicit concurrent mark sweep GC freed 1296(57KB) AllocSpace objects, 0(0B) LOS objects, 24% free, 48MB/64MB, paused 633us total 14.477ms
08-05 17:44:23.128 27588 27626 I art     : Starting a blocking GC Explicit
08-05 17:44:23.142 27588 27626 I art     : Explicit concurrent mark sweep GC freed 4164(159KB) AllocSpace objects, 0(0B) LOS objects, 24% free, 48MB/64MB, paused 341us total 13.979ms
08-05 17:44:23.148 27588 27626 I art     : Starting a blocking GC Explicit
08-05 17:44:23.161 27588 27626 I art     : Explicit concurrent mark sweep GC freed 243(8KB) AllocSpace objects, 0(0B) LOS objects, 24% free, 48MB/64MB, paused 273us total 12.757ms
08-05 17:44:23.441 27588 27626 I art     : Starting a blocking GC Explicit
08-05 17:44:23.459 27588 27626 I art     : Explicit concurrent mark sweep GC freed 3913(337KB) AllocSpace objects, 1(20KB) LOS objects, 23% free, 52MB/68MB, paused 222us total 17.021ms
08-05 17:44:23.465 27588 27626 I art     : Starting a blocking GC Explicit
08-05 17:44:23.481 27588 27626 I art     : Explicit concurrent mark sweep GC freed 159(13KB) AllocSpace objects, 0(0B) LOS objects, 23% free, 51MB/67MB, paused 235us total 15.221ms
08-05 17:44:23.487 27588 27626 I art     : Starting a blocking GC Explicit
08-05 17:44:23.491   518   646 I ThermalEngine: ACTION: GPU - Setting GPU[0] to 510000000
08-05 17:44:23.506 27588 27626 I art     : Explicit concurrent mark sweep GC freed 6(192B) AllocSpace objects, 0(0B) LOS objects, 23% free, 51MB/67MB, paused 284us total 17.869ms
08-05 17:44:23.515 27588 27626 I art     : Starting a blocking GC Explicit
08-05 17:44:23.532 27588 27626 I art     : Explicit concurrent mark sweep GC freed 3(96B) AllocSpace objects, 0(0B) LOS objects, 23% free, 51MB/67MB, paused 282us total 17.082ms
08-05 17:44:23.540 27588 27626 I art     : Starting a blocking GC Explicit
08-05 17:44:23.558 27588 27626 I art     : Explicit concurrent mark sweep GC freed 3(96B) AllocSpace objects, 0(0B) LOS objects, 23% free, 51MB/67MB, paused 286us total 17.517ms
08-05 17:44:23.877 27588 27600 I art     : Starting a blocking GC Explicit
08-05 17:44:23.899 27588 27600 I art     : Explicit concurrent mark sweep GC freed 1340(78KB) AllocSpace objects, 1(20KB) LOS objects, 23% free, 51MB/67MB, paused 312us total 22.147ms
08-05 17:44:23.911 27588 27600 I art     : Starting a blocking GC Explicit
08-05 17:44:23.929 27588 27600 I art     : Explicit concurrent mark sweep GC freed 20(704B) AllocSpace objects, 0(0B) LOS objects, 23% free, 51MB/67MB, paused 289us total 17.967ms
08-05 17:44:23.937 27588 27600 I art     : Starting a blocking GC Explicit
08-05 17:44:23.955 27588 27600 I art     : Explicit concurrent mark sweep GC freed 3(96B) AllocSpace objects, 0(0B) LOS objects, 23% free, 51MB/67MB, paused 292us total 17.480ms
08-05 17:44:23.963 27588 27600 I art     : Starting a blocking GC Explicit
08-05 17:44:23.982 27588 27600 I art     : Explicit concurrent mark sweep GC freed 3(96B) AllocSpace objects, 0(0B) LOS objects, 23% free, 51MB/67MB, paused 294us total 18.481ms
08-05 17:44:23.990 27588 27600 I art     : Starting a blocking GC Explicit
08-05 17:44:24.008 27588 27600 I art     : Explicit concurrent mark sweep GC freed 3(96B) AllocSpace objects, 0(0B) LOS objects, 23% free, 51MB/67MB, paused 283us total 17.754ms
08-05 17:44:24.325 27588 27601 I art     : Starting a blocking GC Explicit
08-05 17:44:24.348 27588 27601 I art     : Explicit concurrent mark sweep GC freed 1340(78KB) AllocSpace objects, 1(20KB) LOS objects, 23% free, 51MB/67MB, paused 410us total 22.644ms
08-05 17:44:24.360 27588 27601 I art     : Starting a blocking GC Explicit
08-05 17:44:24.380 27588 27601 I art     : Explicit concurrent mark sweep GC freed 20(704B) AllocSpace objects, 0(0B) LOS objects, 23% free, 51MB/67MB, paused 295us total 20.055ms
08-05 17:44:24.389 27588 27601 I art     : Starting a blocking GC Explicit
08-05 17:44:24.407 27588 27601 I art     : Explicit concurrent mark sweep GC freed 3(96B) AllocSpace objects, 0(0B) LOS objects, 23% free, 51MB/67MB, paused 408us total 18.054ms
08-05 17:44:24.416 27588 27601 I art     : Starting a blocking GC Explicit
08-05 17:44:24.434 27588 27601 I art     : Explicit concurrent mark sweep GC freed 3(96B) AllocSpace objects, 0(0B) LOS objects, 23% free, 51MB/67MB, paused 286us total 17.218ms
08-05 17:44:24.442 27588 27601 I art     : Starting a blocking GC Explicit
08-05 17:44:24.459 27588 27601 I art     : Explicit concurrent mark sweep GC freed 3(96B) AllocSpace objects, 0(0B) LOS objects, 23% free, 51MB/67MB, paused 293us total 17.573ms
08-05 17:44:24.778 27588 27618 I art     : Starting a blocking GC Explicit
08-05 17:44:24.800 27588 27618 I art     : Explicit concurrent mark sweep GC freed 1340(78KB) AllocSpace objects, 1(20KB) LOS objects, 23% free, 51MB/67MB, paused 321us total 22.244ms
08-05 17:44:24.810 27588 27618 I art     : Starting a blocking GC Explicit
08-05 17:44:24.829 27588 27618 I art     : Explicit concurrent mark sweep GC freed 20(704B) AllocSpace objects, 0(0B) LOS objects, 23% free, 51MB/67MB, paused 293us total 17.984ms
08-05 17:44:24.837 27588 27618 I art     : Starting a blocking GC Explicit
08-05 17:44:24.855 27588 27618 I art     : Explicit concurrent mark sweep GC freed 3(96B) AllocSpace objects, 0(0B) LOS objects, 23% free, 51MB/67MB, paused 300us total 17.852ms
08-05 17:44:24.863 27588 27618 I art     : Starting a blocking GC Explicit
08-05 17:44:24.882 27588 27618 I art     : Explicit concurrent mark sweep GC freed 3(96B) AllocSpace objects, 0(0B) LOS objects, 23% free, 51MB/67MB, paused 277us total 18.028ms
08-05 17:44:24.890 27588 27618 I art     : Starting a blocking GC Explicit
08-05 17:44:24.908 27588 27618 I art     : Explicit concurrent mark sweep GC freed 3(96B) AllocSpace objects, 0(0B) LOS objects, 23% free, 51MB/67MB, paused 294us total 17.600ms
08-05 17:44:25.225 27588 27626 I art     : Starting a blocking GC Explicit
08-05 17:44:25.247 27588 27626 I art     : Explicit concurrent mark sweep GC freed 1340(78KB) AllocSpace objects, 1(20KB) LOS objects, 23% free, 51MB/67MB, paused 480us total 22.226ms
08-05 17:44:25.260 27588 27626 I art     : Starting a blocking GC Explicit
08-05 17:44:25.279 27588 27626 I art     : Explicit concurrent mark sweep GC freed 20(704B) AllocSpace objects, 0(0B) LOS objects, 23% free, 51MB/67MB, paused 287us total 18.330ms
08-05 17:44:25.287 27588 27626 I art     : Starting a blocking GC Explicit
08-05 17:44:25.305 27588 27626 I art     : Explicit concurrent mark sweep GC freed 3(96B) AllocSpace objects, 0(0B) LOS objects, 23% free, 51MB/67MB, paused 289us total 17.747ms
08-05 17:44:25.313 27588 27626 I art     : Starting a blocking GC Explicit
08-05 17:44:25.331 27588 27626 I art     : Explicit concurrent mark sweep GC freed 3(96B) AllocSpace objects, 0(0B) LOS objects, 23% free, 51MB/67MB, paused 297us total 17.716ms
08-05 17:44:25.339 27588 27626 I art     : Starting a blocking GC Explicit
08-05 17:44:25.357 27588 27626 I art     : Explicit concurrent mark sweep GC freed 3(96B) AllocSpace objects, 0(0B) LOS objects, 23% free, 51MB/67MB, paused 323us total 17.701ms
08-05 17:44:25.675 27588 27600 I art     : Starting a blocking GC Explicit
08-05 17:44:25.697 27588 27600 I art     : Explicit concurrent mark sweep GC freed 1340(78KB) AllocSpace objects, 1(20KB) LOS objects, 23% free, 51MB/67MB, paused 333us total 22.075ms
08-05 17:44:25.707 27588 27600 I art     : Starting a blocking GC Explicit
08-05 17:44:25.725 27588 27600 I art     : Explicit concurrent mark sweep GC freed 20(704B) AllocSpace objects, 0(0B) LOS objects, 23% free, 51MB/67MB, paused 296us total 18.019ms
08-05 17:44:25.734 27588 27600 I art     : Starting a blocking GC Explicit
08-05 17:44:25.752 27588 27600 I art     : Explicit concurrent mark sweep GC freed 3(96B) AllocSpace objects, 0(0B) LOS objects, 23% free, 51MB/67MB, paused 321us total 17.743ms
08-05 17:44:25.760 27588 27600 I art     : Starting a blocking GC Explicit
08-05 17:44:25.778 27588 27600 I art     : Explicit concurrent mark sweep GC freed 3(96B) AllocSpace objects, 0(0B) LOS objects, 23% free, 51MB/67MB, paused 285us total 17.500ms
08-05 17:44:25.786 27588 27600 I art     : Starting a blocking GC Explicit
08-05 17:44:25.804 27588 27600 I art     : Explicit concurrent mark sweep GC freed 3(96B) AllocSpace objects, 0(0B) LOS objects, 23% free, 51MB/67MB, paused 283us total 17.586ms
08-05 17:44:26.116 27588 27601 I art     : Starting a blocking GC Explicit
08-05 17:44:26.138 27588 27601 I art     : Explicit concurrent mark sweep GC freed 1340(78KB) AllocSpace objects, 1(20KB) LOS objects, 23% free, 51MB/67MB, paused 355us total 21.975ms
08-05 17:44:26.149 27588 27601 I art     : Starting a blocking GC Explicit
08-05 17:44:26.168 27588 27601 I art     : Explicit concurrent mark sweep GC freed 20(704B) AllocSpace objects, 0(0B) LOS objects, 23% free, 51MB/67MB, paused 294us total 18.873ms
08-05 17:44:26.177 27588 27601 I art     : Starting a blocking GC Explicit
08-05 17:44:26.194 27588 27601 I art     : Explicit concurrent mark sweep GC freed 3(96B) AllocSpace objects, 0(0B) LOS objects, 23% free, 51MB/67MB, paused 288us total 17.697ms
08-05 17:44:26.203 27588 27601 I art     : Starting a blocking GC Explicit
08-05 17:44:26.221 27588 27601 I art     : Explicit concurrent mark sweep GC freed 3(96B) AllocSpace objects, 0(0B) LOS objects, 23% free, 51MB/67MB, paused 304us total 17.673ms
08-05 17:44:26.230 27588 27601 I art     : Starting a blocking GC Explicit
08-05 17:44:26.248 27588 27601 I art     : Explicit concurrent mark sweep GC freed 3(96B) AllocSpace objects, 0(0B) LOS objects, 23% free, 51MB/67MB, paused 302us total 17.943ms
08-05 17:44:26.559 27588 27618 I art     : Starting a blocking GC Explicit
08-05 17:44:26.579 27588 27618 I art     : Explicit concurrent mark sweep GC freed 1340(78KB) AllocSpace objects, 1(20KB) LOS objects, 23% free, 51MB/67MB, paused 291us total 19.815ms
08-05 17:44:26.587 27588 27618 I art     : Starting a blocking GC Explicit
08-05 17:44:26.605 27588 27618 I art     : Explicit concurrent mark sweep GC freed 20(704B) AllocSpace objects, 0(0B) LOS objects, 23% free, 51MB/67MB, paused 292us total 17.654ms
08-05 17:44:26.614 27588 27618 I art     : Starting a blocking GC Explicit
08-05 17:44:26.632 27588 27618 I art     : Explicit concurrent mark sweep GC freed 3(96B) AllocSpace objects, 0(0B) LOS objects, 23% free, 51MB/67MB, paused 286us total 17.951ms
08-05 17:44:26.640 27588 27618 I art     : Starting a blocking GC Explicit
08-05 17:44:26.658 27588 27618 I art     : Explicit concurrent mark sweep GC freed 3(96B) AllocSpace objects, 0(0B) LOS objects, 23% free, 51MB/67MB, paused 322us total 17.533ms
08-05 17:44:26.666 27588 27618 I art     : Waiting for a blocking GC Explicit
08-05 17:44:26.667 27588 27618 I art     : Starting a blocking GC Explicit
08-05 17:44:26.685 27588 27618 I art     : Explicit concurrent mark sweep GC freed 3(96B) AllocSpace objects, 0(0B) LOS objects, 23% free, 51MB/67MB, paused 319us total 17.726ms
08-05 17:44:27.010 27588 27626 I art     : Starting a blocking GC Explicit
08-05 17:44:27.035 27588 27626 I art     : Explicit concurrent mark sweep GC freed 1340(78KB) AllocSpace objects, 1(20KB) LOS objects, 23% free, 51MB/67MB, paused 322us total 24.605ms
08-05 17:44:27.046 27588 27626 I art     : Starting a blocking GC Explicit
08-05 17:44:27.065 27588 27626 I art     : Explicit concurrent mark sweep GC freed 20(704B) AllocSpace objects, 0(0B) LOS objects, 23% free, 51MB/67MB, paused 295us total 19.061ms
08-05 17:44:27.074 27588 27626 I art     : Starting a blocking GC Explicit
08-05 17:44:27.092 27588 27626 I art     : Explicit concurrent mark sweep GC freed 3(96B) AllocSpace objects, 0(0B) LOS objects, 23% free, 51MB/67MB, paused 285us total 17.852ms
08-05 17:44:27.100 27588 27626 I art     : Starting a blocking GC Explicit
08-05 17:44:27.118 27588 27626 I art     : Explicit concurrent mark sweep GC freed 3(96B) AllocSpace objects, 0(0B) LOS objects, 23% free, 51MB/67MB, paused 288us total 17.416ms
08-05 17:44:27.126 27588 27626 I art     : Starting a blocking GC Explicit
08-05 17:44:27.143 27588 27626 I art     : Explicit concurrent mark sweep GC freed 3(96B) AllocSpace objects, 0(0B) LOS objects, 23% free, 51MB/67MB, paused 274us total 17.128ms
08-05 17:44:27.166 26632 26632 I ServiceManager: Waiting for service AtCmdFwd...
08-05 17:44:27.463 27588 27600 I art     : Starting a blocking GC Explicit
08-05 17:44:27.486 27588 27600 I art     : Explicit concurrent mark sweep GC freed 1340(78KB) AllocSpace objects, 1(20KB) LOS objects, 23% free, 51MB/67MB, paused 374us total 22.573ms
08-05 17:44:27.499 27588 27600 I art     : Starting a blocking GC Explicit
08-05 17:44:27.518 27588 27600 I art     : Explicit concurrent mark sweep GC freed 20(704B) AllocSpace objects, 0(0B) LOS objects, 23% free, 51MB/67MB, paused 284us total 18.809ms
08-05 17:44:27.526 27588 27600 I art     : Starting a blocking GC Explicit
08-05 17:44:27.543 27588 27600 I art     : Explicit concurrent mark sweep GC freed 3(96B) AllocSpace objects, 0(0B) LOS objects, 23% free, 51MB/67MB, paused 285us total 17.477ms
08-05 17:44:27.552 27588 27600 I art     : Starting a blocking GC Explicit
08-05 17:44:27.569 27588 27600 I art     : Explicit concurrent mark sweep GC freed 3(96B) AllocSpace objects, 0(0B) LOS objects, 23% free, 51MB/67MB, paused 288us total 17.594ms
08-05 17:44:27.578 27588 27600 I art     : Starting a blocking GC Explicit
08-05 17:44:27.596 27588 27600 I art     : Explicit concurrent mark sweep GC freed 3(96B) AllocSpace objects, 0(0B) LOS objects, 23% free, 51MB/67MB, paused 287us total 17.969ms
08-05 17:44:27.887 27588 27601 I art     : Starting a blocking GC Explicit
08-05 17:44:27.909 27588 27601 I art     : Explicit concurrent mark sweep GC freed 1340(78KB) AllocSpace objects, 1(20KB) LOS objects, 23% free, 51MB/67MB, paused 325us total 22.155ms
08-05 17:44:27.920 27588 27601 I art     : Starting a blocking GC Explicit
08-05 17:44:27.942 27588 27601 I art     : Explicit concurrent mark sweep GC freed 20(704B) AllocSpace objects, 0(0B) LOS objects, 23% free, 51MB/67MB, paused 342us total 21.551ms
08-05 17:44:27.951 27588 27601 I art     : Starting a blocking GC Explicit
08-05 17:44:27.969 27588 27601 I art     : Explicit concurrent mark sweep GC freed 3(96B) AllocSpace objects, 0(0B) LOS objects, 23% free, 51MB/67MB, paused 294us total 17.784ms
08-05 17:44:27.977 27588 27601 I art     : Starting a blocking GC Explicit
08-05 17:44:27.995 27588 27601 I art     : Explicit concurrent mark sweep GC freed 3(96B) AllocSpace objects, 0(0B) LOS objects, 23% free, 51MB/67MB, paused 279us total 17.202ms
08-05 17:44:28.003 27588 27601 I art     : Starting a blocking GC Explicit
08-05 17:44:28.020 27588 27601 I art     : Explicit concurrent mark sweep GC freed 3(96B) AllocSpace objects, 0(0B) LOS objects, 23% free, 51MB/67MB, paused 286us total 17.287ms
08-05 17:44:28.167 26632 26632 I ServiceManager: Waiting for service AtCmdFwd...
08-05 17:44:28.363 27588 27618 I art     : Starting a blocking GC Explicit
08-05 17:44:28.384 27588 27618 I art     : Explicit concurrent mark sweep GC freed 1340(78KB) AllocSpace objects, 1(20KB) LOS objects, 23% free, 51MB/67MB, paused 287us total 19.911ms
08-05 17:44:28.392 27588 27618 I art     : Starting a blocking GC Explicit
08-05 17:44:28.410 27588 27618 I art     : Explicit concurrent mark sweep GC freed 20(704B) AllocSpace objects, 0(0B) LOS objects, 23% free, 51MB/67MB, paused 288us total 17.756ms
08-05 17:44:28.418 27588 27618 I art     : Starting a blocking GC Explicit
08-05 17:44:28.436 27588 27618 I art     : Explicit concurrent mark sweep GC freed 3(96B) AllocSpace objects, 0(0B) LOS objects, 23% free, 51MB/67MB, paused 293us total 17.963ms
08-05 17:44:28.445 27588 27618 I art     : Starting a blocking GC Explicit
08-05 17:44:28.463 27588 27618 I art     : Explicit concurrent mark sweep GC freed 3(96B) AllocSpace objects, 0(0B) LOS objects, 23% free, 51MB/67MB, paused 287us total 17.535ms
08-05 17:44:28.471 27588 27618 I art     : Starting a blocking GC Explicit
08-05 17:44:28.489 27588 27618 I art     : Explicit concurrent mark sweep GC freed 3(96B) AllocSpace objects, 0(0B) LOS objects, 23% free, 51MB/67MB, paused 285us total 17.603ms
08-05 17:44:28.820 27588 27626 I art     : Starting a blocking GC Explicit
08-05 17:44:28.847 27588 27626 I art     : Explicit concurrent mark sweep GC freed 1340(78KB) AllocSpace objects, 1(20KB) LOS objects, 23% free, 51MB/67MB, paused 321us total 26.044ms
08-05 17:44:28.858 27588 27626 I art     : Starting a blocking GC Explicit
08-05 17:44:28.877 27588 27626 I art     : Explicit concurrent mark sweep GC freed 20(704B) AllocSpace objects, 0(0B) LOS objects, 23% free, 51MB/67MB, paused 351us total 18.573ms
08-05 17:44:28.885 27588 27626 I art     : Starting a blocking GC Explicit
08-05 17:44:28.903 27588 27626 I art     : Explicit concurrent mark sweep GC freed 3(96B) AllocSpace objects, 0(0B) LOS objects, 23% free, 51MB/67MB, paused 292us total 17.643ms
08-05 17:44:28.911 27588 27626 I art     : Starting a blocking GC Explicit
08-05 17:44:28.928 27588 27626 I art     : Explicit concurrent mark sweep GC freed 3(96B) AllocSpace objects, 0(0B) LOS objects, 23% free, 51MB/67MB, paused 284us total 17.297ms
08-05 17:44:28.936 27588 27626 I art     : Starting a blocking GC Explicit
08-05 17:44:28.954 27588 27626 I art     : Explicit concurrent mark sweep GC freed 3(96B) AllocSpace objects, 0(0B) LOS objects, 23% free, 51MB/67MB, paused 275us total 17.074ms
08-05 17:44:29.168 26632 26632 I ServiceManager: Waiting for service AtCmdFwd...
08-05 17:44:29.236   918  3261 D WifiStateMachine: starting scan for "H369AA63323"WPA_PSK with 2412,5180
08-05 17:44:29.274 27588 27600 I art     : Starting a blocking GC Explicit
08-05 17:44:29.297 27588 27600 I art     : Explicit concurrent mark sweep GC freed 1340(78KB) AllocSpace objects, 1(20KB) LOS objects, 23% free, 51MB/67MB, paused 293us total 22.141ms
08-05 17:44:29.309 27588 27600 I art     : Starting a blocking GC Explicit
08-05 17:44:29.328 27588 27600 I art     : Explicit concurrent mark sweep GC freed 20(704B) AllocSpace objects, 0(0B) LOS objects, 23% free, 51MB/67MB, paused 287us total 19.045ms
08-05 17:44:29.337 27588 27600 I art     : Starting a blocking GC Explicit
08-05 17:44:29.354 27588 27600 I art     : Explicit concurrent mark sweep GC freed 3(96B) AllocSpace objects, 0(0B) LOS objects, 23% free, 51MB/67MB, paused 278us total 17.457ms
08-05 17:44:29.362 27588 27600 I art     : Starting a blocking GC Explicit
08-05 17:44:29.380 27588 27600 I art     : Explicit concurrent mark sweep GC freed 3(96B) AllocSpace objects, 0(0B) LOS objects, 23% free, 51MB/67MB, paused 284us total 17.522ms
08-05 17:44:29.388 27588 27600 I art     : Starting a blocking GC Explicit
08-05 17:44:29.406 27588 27600 I art     : Explicit concurrent mark sweep GC freed 3(96B) AllocSpace objects, 0(0B) LOS objects, 23% free, 51MB/67MB, paused 282us total 17.432ms
08-05 17:44:29.739 27588 27601 I art     : Starting a blocking GC Explicit
08-05 17:44:29.759 27588 27601 I art     : Explicit concurrent mark sweep GC freed 1340(78KB) AllocSpace objects, 1(20KB) LOS objects, 23% free, 51MB/67MB, paused 302us total 20.488ms
08-05 17:44:29.768 27588 27601 I art     : Starting a blocking GC Explicit
08-05 17:44:29.786 27588 27601 I art     : Explicit concurrent mark sweep GC freed 20(704B) AllocSpace objects, 0(0B) LOS objects, 23% free, 51MB/67MB, paused 291us total 17.753ms
08-05 17:44:29.794 27588 27601 I art     : Starting a blocking GC Explicit
08-05 17:44:29.812 27588 27601 I art     : Explicit concurrent mark sweep GC freed 3(96B) AllocSpace objects, 0(0B) LOS objects, 23% free, 51MB/67MB, paused 287us total 17.845ms
08-05 17:44:29.821 27588 27601 I art     : Starting a blocking GC Explicit
08-05 17:44:29.838 27588 27601 I art     : Explicit concurrent mark sweep GC freed 3(96B) AllocSpace objects, 0(0B) LOS objects, 23% free, 51MB/67MB, paused 288us total 17.206ms
08-05 17:44:29.846 27588 27601 I art     : Starting a blocking GC Explicit
08-05 17:44:29.864 27588 27601 I art     : Explicit concurrent mark sweep GC freed 3(96B) AllocSpace objects, 0(0B) LOS objects, 23% free, 51MB/67MB, paused 283us total 17.464ms
08-05 17:44:30.113 27588 27618 I art     : Starting a blocking GC Explicit
08-05 17:44:30.131 27588 27618 I art     : Explicit concurrent mark sweep GC freed 1340(78KB) AllocSpace objects, 1(20KB) LOS objects, 23% free, 51MB/67MB, paused 292us total 17.768ms
08-05 17:44:30.140 27588 27618 I art     : Starting a blocking GC Explicit
08-05 17:44:30.157 27588 27618 I art     : Explicit concurrent mark sweep GC freed 20(704B) AllocSpace objects, 0(0B) LOS objects, 23% free, 51MB/67MB, paused 310us total 17.184ms
08-05 17:44:30.165 27588 27618 I art     : Starting a blocking GC Explicit
08-05 17:44:30.169 26632 26632 I ServiceManager: Waiting for service AtCmdFwd...
08-05 17:44:30.181 27588 27618 I art     : Explicit concurrent mark sweep GC freed 3(96B) AllocSpace objects, 0(0B) LOS objects, 23% free, 51MB/67MB, paused 295us total 16.213ms
08-05 17:44:30.189 27588 27618 I art     : Starting a blocking GC Explicit
08-05 17:44:30.206 27588 27618 I art     : Explicit concurrent mark sweep GC freed 3(96B) AllocSpace objects, 0(0B) LOS objects, 23% free, 51MB/67MB, paused 289us total 16.970ms
08-05 17:44:30.214 27588 27618 I art     : Starting a blocking GC Explicit
08-05 17:44:30.231 27588 27618 I art     : Explicit concurrent mark sweep GC freed 3(96B) AllocSpace objects, 0(0B) LOS objects, 23% free, 51MB/67MB, paused 279us total 16.805ms
08-05 17:44:30.405 28019 28019 D AndroidRuntime: >>>>>> START com.android.internal.os.RuntimeInit uid 2000 <<<<<<
08-05 17:44:30.410 28019 28019 D AndroidRuntime: CheckJNI is OFF
08-05 17:44:30.442 28019 28019 D ICU     : No timezone override file found: /data/misc/zoneinfo/current/icu/icu_tzdata.dat
08-05 17:44:30.474 28019 28019 I Radio-JNI: register_android_hardware_Radio DONE
08-05 17:44:30.496 28019 28019 D AndroidRuntime: Calling main entry com.android.commands.input.Input
08-05 17:44:30.498 28019 28019 I Input   : injectMotionEvent: MotionEvent { action=ACTION_DOWN, actionButton=0, id[0]=0, x[0]=733.0, y[0]=645.0, toolType[0]=TOOL_TYPE_UNKNOWN, buttonState=0, metaState=0, flags=0x0, edgeFlags=0x0, pointerCount=1, historySize=0, eventTime=812686911, downTime=812686911, deviceId=0, source=0x1002 }
08-05 17:44:30.503 28019 28019 I Input   : injectMotionEvent: MotionEvent { action=ACTION_UP, actionButton=0, id[0]=0, x[0]=733.0, y[0]=645.0, toolType[0]=TOOL_TYPE_UNKNOWN, buttonState=0, metaState=0, flags=0x0, edgeFlags=0x0, pointerCount=1, historySize=0, eventTime=812686911, downTime=812686911, deviceId=0, source=0x1002 }
08-05 17:44:30.505   918  3696 I ActivityManager: START u0 {cmp=baseline.appteam.nith.hillffair/.activities.ClubActivity (has extras)} from uid 10675 on display 0
08-05 17:44:30.512 28019 28019 D AndroidRuntime: Shutting down VM
08-05 17:44:30.557 27588 27618 I art     : Starting a blocking GC Explicit
08-05 17:44:30.576 27588 27618 I art     : Explicit concurrent mark sweep GC freed 5014(316KB) AllocSpace objects, 1(20KB) LOS objects, 23% free, 52MB/68MB, paused 346us total 18.361ms
08-05 17:44:30.583 27588 27618 I art     : Starting a blocking GC Explicit
08-05 17:44:30.601 27588 27618 I art     : Explicit concurrent mark sweep GC freed 304(13KB) AllocSpace objects, 0(0B) LOS objects, 23% free, 52MB/68MB, paused 644us total 17.537ms
08-05 17:44:30.610 27588 27618 I art     : Starting a blocking GC Explicit
08-05 17:44:30.615   918   936 I ActivityManager: Displayed baseline.appteam.nith.hillffair/.activities.ClubActivity: +104ms
08-05 17:44:30.616 13866 13866 I GoogleInputMethodServic: GoogleInputMethodService.onFinishInput():3138 
08-05 17:44:30.616 13866 13866 I GoogleInputMethodServic: GoogleInputMethodService.onStartInput():1808 
08-05 17:44:30.627 27588 27618 I art     : Explicit concurrent mark sweep GC freed 152(8KB) AllocSpace objects, 0(0B) LOS objects, 23% free, 52MB/68MB, paused 423us total 17.362ms
08-05 17:44:30.635 27588 27618 I art     : Starting a blocking GC Explicit
08-05 17:44:30.653 27588 27618 I art     : Explicit concurrent mark sweep GC freed 19(736B) AllocSpace objects, 0(0B) LOS objects, 23% free, 52MB/68MB, paused 306us total 17.314ms
08-05 17:44:30.661 27588 27618 I art     : Starting a blocking GC Explicit
08-05 17:44:30.677 27588 27618 I art     : Explicit concurrent mark sweep GC freed 5(160B) AllocSpace objects, 0(0B) LOS objects, 23% free, 52MB/68MB, paused 420us total 15.919ms
08-05 17:44:30.874   380   380 W SurfaceFlinger: couldn't log to binary event log: overflow.
08-05 17:44:30.918 27588 27600 I art     : Starting a blocking GC Explicit
08-05 17:44:30.934 27588 27600 I art     : Explicit concurrent mark sweep GC freed 1344(78KB) AllocSpace objects, 1(20KB) LOS objects, 23% free, 52MB/68MB, paused 292us total 16.168ms
08-05 17:44:30.942 27588 27600 I art     : Starting a blocking GC Explicit
08-05 17:44:30.958 27588 27600 I art     : Explicit concurrent mark sweep GC freed 20(704B) AllocSpace objects, 0(0B) LOS objects, 23% free, 52MB/68MB, paused 328us total 16.236ms
08-05 17:44:30.966 27588 27600 I art     : Starting a blocking GC Explicit
08-05 17:44:30.982 27588 27600 I art     : Explicit concurrent mark sweep GC freed 3(96B) AllocSpace objects, 0(0B) LOS objects, 23% free, 52MB/68MB, paused 340us total 16.086ms
08-05 17:44:30.990 27588 27600 I art     : Starting a blocking GC Explicit
08-05 17:44:31.008 27588 27600 I art     : Explicit concurrent mark sweep GC freed 111(6KB) AllocSpace objects, 0(0B) LOS objects, 23% free, 52MB/68MB, paused 531us total 18.340ms
08-05 17:44:31.018 27588 27600 I art     : Starting a blocking GC Explicit
08-05 17:44:31.034 27588 27600 I art     : Explicit concurrent mark sweep GC freed 18(1488B) AllocSpace objects, 0(0B) LOS objects, 23% free, 52MB/68MB, paused 297us total 15.836ms
08-05 17:44:31.170 26632 26632 I ServiceManager: Waiting for service AtCmdFwd...
08-05 17:44:31.315 27588 27600 I art     : Starting a blocking GC Explicit
08-05 17:44:31.335 27588 28052 D OkHttp  : --> GET https://api-hillfair-2k16.herokuapp.com/api/app/events/special/event?id=5806551bdcba0f490c70fd1f http/1.1
08-05 17:44:31.340 27588 27600 I art     : Explicit concurrent mark sweep GC freed 3970(213KB) AllocSpace objects, 3(140KB) LOS objects, 23% free, 52MB/68MB, paused 380us total 24.398ms
08-05 17:44:31.348 27588 27600 I art     : Starting a blocking GC Explicit
08-05 17:44:31.366 27588 27600 I art     : Explicit concurrent mark sweep GC freed 1008(118KB) AllocSpace objects, 1(80KB) LOS objects, 23% free, 52MB/68MB, paused 346us total 18.111ms
08-05 17:44:31.373 27588 28052 D OkHttp  : <-- 200 OK https://api-hillfair-2k16.herokuapp.com/api/app/events/special/event?id=5806551bdcba0f490c70fd1f (38ms, 795-byte body)
08-05 17:44:31.374 27588 27600 I art     : Starting a blocking GC Explicit
08-05 17:44:31.393 27588 27600 I art     : Explicit concurrent mark sweep GC freed 176(35KB) AllocSpace objects, 0(0B) LOS objects, 23% free, 52MB/68MB, paused 526us total 18.583ms
08-05 17:44:31.401 27588 27600 I art     : Starting a blocking GC Explicit
08-05 17:44:31.419 27588 27600 I art     : Explicit concurrent mark sweep GC freed 68(2848B) AllocSpace objects, 0(0B) LOS objects, 23% free, 52MB/68MB, paused 344us total 17.555ms
08-05 17:44:31.427 27588 27600 I art     : Starting a blocking GC Explicit
08-05 17:44:31.427 27588 27588 I NAPPA_EXPERIMENTATION: MetricNetworkRequestExecutionTime: REQUEST_DURATION_SYSTEM='878',REQUEST_DURATION_OKHTTP='38',REQUEST_SYNCHRONOUS='FALSE',RESPONSE_CODE='200',RESPONSE_METHOD='GET',RESPONSE_LENGTH_OKHTTP='795',RESPONSE_LENGTH_HEADER='795',REQUEST_PROTOCOL='http/1.1',REQUEST_URL='https://api-hillfair-2k16.herokuapp.com/api/app/events/special/event?id=5806551bdcba0f490c70fd1f',
08-05 17:44:31.444 27588 27600 I art     : Explicit concurrent mark sweep GC freed 315(53KB) AllocSpace objects, 0(0B) LOS objects, 23% free, 52MB/68MB, paused 482us total 16.993ms
08-05 17:44:31.733 27588 27601 I art     : Starting a blocking GC Explicit
08-05 17:44:31.753 27588 27601 I art     : Explicit concurrent mark sweep GC freed 1690(114KB) AllocSpace objects, 1(20KB) LOS objects, 23% free, 52MB/68MB, paused 322us total 19.537ms
08-05 17:44:31.762 27588 27601 I art     : Starting a blocking GC Explicit
08-05 17:44:31.781 27588 27601 I art     : Explicit concurrent mark sweep GC freed 51(1664B) AllocSpace objects, 0(0B) LOS objects, 23% free, 52MB/68MB, paused 334us total 18.869ms
08-05 17:44:31.790 27588 27601 I art     : Starting a blocking GC Explicit
08-05 17:44:31.808 27588 27601 I art     : Explicit concurrent mark sweep GC freed 3(96B) AllocSpace objects, 0(0B) LOS objects, 23% free, 52MB/68MB, paused 304us total 17.801ms
08-05 17:44:31.816 27588 27601 I art     : Starting a blocking GC Explicit
08-05 17:44:31.834 27588 27601 I art     : Explicit concurrent mark sweep GC freed 3(96B) AllocSpace objects, 0(0B) LOS objects, 23% free, 52MB/68MB, paused 295us total 17.744ms
08-05 17:44:31.842 27588 27601 I art     : Starting a blocking GC Explicit
08-05 17:44:31.860 27588 27601 I art     : Explicit concurrent mark sweep GC freed 19(656B) AllocSpace objects, 0(0B) LOS objects, 23% free, 52MB/68MB, paused 282us total 18.035ms
08-05 17:44:32.139 27588 27600 I art     : Starting a blocking GC Explicit
08-05 17:44:32.165 27588 27600 I art     : Explicit concurrent mark sweep GC freed 1342(78KB) AllocSpace objects, 1(20KB) LOS objects, 23% free, 52MB/68MB, paused 319us total 26.355ms
08-05 17:44:32.170 26632 26632 W Atfwd_Sendcmd: AtCmdFwd service not published, waiting... retryCnt : 3
08-05 17:44:32.177 27588 27600 I art     : Starting a blocking GC Explicit
08-05 17:44:32.196 27588 27600 I art     : Explicit concurrent mark sweep GC freed 20(704B) AllocSpace objects, 0(0B) LOS objects, 23% free, 52MB/68MB, paused 339us total 18.667ms
08-05 17:44:32.205 27588 27600 I art     : Starting a blocking GC Explicit
08-05 17:44:32.224 27588 27600 I art     : Explicit concurrent mark sweep GC freed 3(96B) AllocSpace objects, 0(0B) LOS objects, 23% free, 52MB/68MB, paused 358us total 18.740ms
08-05 17:44:32.232 27588 27600 I art     : Starting a blocking GC Explicit
08-05 17:44:32.251 27588 27600 I art     : Explicit concurrent mark sweep GC freed 3(96B) AllocSpace objects, 0(0B) LOS objects, 23% free, 52MB/68MB, paused 305us total 18.705ms
08-05 17:44:32.259 27588 27600 I art     : Starting a blocking GC Explicit
08-05 17:44:32.278 27588 27600 I art     : Explicit concurrent mark sweep GC freed 3(96B) AllocSpace objects, 0(0B) LOS objects, 23% free, 52MB/68MB, paused 303us total 18.477ms
08-05 17:44:32.577 27588 27626 I art     : Starting a blocking GC Explicit
08-05 17:44:32.586   918  1210 D NetlinkSocketObserver: NeighborEvent{elapsedMs=1796076461, 192.168.2.254, [7C3953A63323], RTM_NEWNEIGH, NUD_STALE}
08-05 17:44:32.596 27588 27626 I art     : Explicit concurrent mark sweep GC freed 1341(78KB) AllocSpace objects, 1(20KB) LOS objects, 23% free, 52MB/68MB, paused 321us total 19.091ms
08-05 17:44:32.605 27588 27626 I art     : Starting a blocking GC Explicit
08-05 17:44:32.623 27588 27626 I art     : Explicit concurrent mark sweep GC freed 20(704B) AllocSpace objects, 0(0B) LOS objects, 23% free, 52MB/68MB, paused 309us total 18.506ms
08-05 17:44:32.632 27588 27626 I art     : Starting a blocking GC Explicit
08-05 17:44:32.651 27588 27626 I art     : Explicit concurrent mark sweep GC freed 3(96B) AllocSpace objects, 0(0B) LOS objects, 23% free, 52MB/68MB, paused 310us total 18.591ms
08-05 17:44:32.659 27588 27626 I art     : Starting a blocking GC Explicit
08-05 17:44:32.678 27588 27626 I art     : Explicit concurrent mark sweep GC freed 3(96B) AllocSpace objects, 0(0B) LOS objects, 23% free, 52MB/68MB, paused 304us total 18.802ms
08-05 17:44:32.687 27588 27626 I art     : Starting a blocking GC Explicit
08-05 17:44:32.705 27588 27626 I art     : Explicit concurrent mark sweep GC freed 3(96B) AllocSpace objects, 0(0B) LOS objects, 23% free, 52MB/68MB, paused 299us total 18.072ms
08-05 17:44:32.877   918  3188 I hubconnection: sensorhub said: 'set_bias 3: -5.3376, 0.0000, 0.0000'
08-05 17:44:33.045 27588 27601 I art     : Starting a blocking GC Explicit
08-05 17:44:33.071 27588 27601 I art     : Explicit concurrent mark sweep GC freed 1341(78KB) AllocSpace objects, 1(20KB) LOS objects, 23% free, 52MB/68MB, paused 337us total 25.723ms
08-05 17:44:33.084 27588 27601 I art     : Starting a blocking GC Explicit
08-05 17:44:33.102 27588 27601 I art     : Explicit concurrent mark sweep GC freed 20(704B) AllocSpace objects, 0(0B) LOS objects, 23% free, 52MB/68MB, paused 300us total 18.427ms
08-05 17:44:33.111 27588 27601 I art     : Starting a blocking GC Explicit
08-05 17:44:33.130 27588 27601 I art     : Explicit concurrent mark sweep GC freed 3(96B) AllocSpace objects, 0(0B) LOS objects, 23% free, 52MB/68MB, paused 311us total 18.901ms
08-05 17:44:33.139 27588 27601 I art     : Starting a blocking GC Explicit
08-05 17:44:33.158 27588 27601 I art     : Explicit concurrent mark sweep GC freed 3(96B) AllocSpace objects, 0(0B) LOS objects, 23% free, 52MB/68MB, paused 304us total 18.755ms
08-05 17:44:33.166 27588 27601 I art     : Starting a blocking GC Explicit
08-05 17:44:33.185 27588 27601 I art     : Explicit concurrent mark sweep GC freed 3(96B) AllocSpace objects, 0(0B) LOS objects, 23% free, 52MB/68MB, paused 301us total 18.795ms
08-05 17:44:33.498 27588 27618 I art     : Starting a blocking GC Explicit
08-05 17:44:33.518 27588 27618 I art     : Explicit concurrent mark sweep GC freed 1341(78KB) AllocSpace objects, 1(20KB) LOS objects, 23% free, 52MB/68MB, paused 328us total 19.778ms
08-05 17:44:33.530 27588 27618 I art     : Starting a blocking GC Explicit
08-05 17:44:33.552 27588 27618 I art     : Explicit concurrent mark sweep GC freed 20(704B) AllocSpace objects, 0(0B) LOS objects, 23% free, 52MB/68MB, paused 299us total 22.009ms
08-05 17:44:33.560 27588 27618 I art     : Starting a blocking GC Explicit
08-05 17:44:33.579 27588 27618 I art     : Explicit concurrent mark sweep GC freed 3(96B) AllocSpace objects, 0(0B) LOS objects, 23% free, 52MB/68MB, paused 306us total 18.781ms
08-05 17:44:33.588 27588 27618 I art     : Starting a blocking GC Explicit
08-05 17:44:33.606 27588 27618 I art     : Explicit concurrent mark sweep GC freed 3(96B) AllocSpace objects, 0(0B) LOS objects, 23% free, 52MB/68MB, paused 296us total 18.431ms
08-05 17:44:33.615 27588 27618 I art     : Starting a blocking GC Explicit
08-05 17:44:33.633 27588 27618 I art     : Explicit concurrent mark sweep GC freed 3(96B) AllocSpace objects, 0(0B) LOS objects, 23% free, 52MB/68MB, paused 289us total 17.997ms
08-05 17:44:33.947 27588 27600 I art     : Starting a blocking GC Explicit
08-05 17:44:33.967 27588 27600 I art     : Explicit concurrent mark sweep GC freed 1341(78KB) AllocSpace objects, 1(20KB) LOS objects, 23% free, 52MB/68MB, paused 402us total 20.051ms
08-05 17:44:33.979 27588 27600 I art     : Starting a blocking GC Explicit
08-05 17:44:34.001 27588 27600 I art     : Explicit concurrent mark sweep GC freed 20(704B) AllocSpace objects, 0(0B) LOS objects, 23% free, 52MB/68MB, paused 313us total 21.658ms
08-05 17:44:34.009 27588 27600 I art     : Starting a blocking GC Explicit
08-05 17:44:34.029 27588 27600 I art     : Explicit concurrent mark sweep GC freed 3(96B) AllocSpace objects, 0(0B) LOS objects, 23% free, 52MB/68MB, paused 298us total 19.173ms
08-05 17:44:34.037 27588 27600 I art     : Starting a blocking GC Explicit
08-05 17:44:34.056 27588 27600 I art     : Explicit concurrent mark sweep GC freed 3(96B) AllocSpace objects, 0(0B) LOS objects, 23% free, 52MB/68MB, paused 285us total 18.412ms
08-05 17:44:34.064 27588 27600 I art     : Starting a blocking GC Explicit
08-05 17:44:34.083 27588 27600 I art     : Explicit concurrent mark sweep GC freed 3(96B) AllocSpace objects, 0(0B) LOS objects, 23% free, 52MB/68MB, paused 310us total 18.395ms
08-05 17:44:34.397 27588 27626 I art     : Starting a blocking GC Explicit
08-05 17:44:34.421 27588 27626 I art     : Explicit concurrent mark sweep GC freed 1341(78KB) AllocSpace objects, 1(20KB) LOS objects, 23% free, 52MB/68MB, paused 333us total 23.677ms
08-05 17:44:34.433 27588 27626 I art     : Starting a blocking GC Explicit
08-05 17:44:34.455 27588 27626 I art     : Explicit concurrent mark sweep GC freed 20(704B) AllocSpace objects, 0(0B) LOS objects, 23% free, 52MB/68MB, paused 324us total 21.715ms
08-05 17:44:34.465 27588 27626 I art     : Starting a blocking GC Explicit
08-05 17:44:34.485 27588 27626 I art     : Explicit concurrent mark sweep GC freed 3(96B) AllocSpace objects, 0(0B) LOS objects, 23% free, 52MB/68MB, paused 312us total 19.352ms
08-05 17:44:34.493 27588 27626 I art     : Starting a blocking GC Explicit
08-05 17:44:34.512 27588 27626 I art     : Explicit concurrent mark sweep GC freed 3(96B) AllocSpace objects, 0(0B) LOS objects, 23% free, 52MB/68MB, paused 312us total 18.936ms
08-05 17:44:34.521 27588 27626 I art     : Starting a blocking GC Explicit
08-05 17:44:34.540 27588 27626 I art     : Explicit concurrent mark sweep GC freed 3(96B) AllocSpace objects, 0(0B) LOS objects, 23% free, 52MB/68MB, paused 307us total 18.691ms
08-05 17:44:34.846 27588 27601 I art     : Starting a blocking GC Explicit
08-05 17:44:34.869 27588 27601 I art     : Explicit concurrent mark sweep GC freed 1341(78KB) AllocSpace objects, 1(20KB) LOS objects, 23% free, 52MB/68MB, paused 329us total 23.235ms
08-05 17:44:34.880 27588 27601 I art     : Starting a blocking GC Explicit
08-05 17:44:34.899 27588 27601 I art     : Explicit concurrent mark sweep GC freed 20(704B) AllocSpace objects, 0(0B) LOS objects, 23% free, 52MB/68MB, paused 333us total 19.162ms
08-05 17:44:34.908 27588 27601 I art     : Starting a blocking GC Explicit
08-05 17:44:34.927 27588 27601 I art     : Explicit concurrent mark sweep GC freed 3(96B) AllocSpace objects, 0(0B) LOS objects, 23% free, 52MB/68MB, paused 444us total 19.069ms
08-05 17:44:34.935 27588 27601 I art     : Starting a blocking GC Explicit
08-05 17:44:34.954 27588 27601 I art     : Explicit concurrent mark sweep GC freed 3(96B) AllocSpace objects, 0(0B) LOS objects, 23% free, 52MB/68MB, paused 310us total 18.443ms
08-05 17:44:34.962 27588 27601 I art     : Starting a blocking GC Explicit
08-05 17:44:34.982 27588 27601 I art     : Explicit concurrent mark sweep GC freed 3(96B) AllocSpace objects, 0(0B) LOS objects, 23% free, 52MB/68MB, paused 315us total 18.935ms
08-05 17:44:35.308 27588 27618 I art     : Starting a blocking GC Explicit
08-05 17:44:35.332 27588 27618 I art     : Explicit concurrent mark sweep GC freed 1341(78KB) AllocSpace objects, 1(20KB) LOS objects, 23% free, 52MB/68MB, paused 321us total 23.355ms
08-05 17:44:35.343 27588 27618 I art     : Starting a blocking GC Explicit
08-05 17:44:35.366 27588 27618 I art     : Explicit concurrent mark sweep GC freed 20(704B) AllocSpace objects, 0(0B) LOS objects, 23% free, 52MB/68MB, paused 305us total 22.157ms
08-05 17:44:35.374 27588 27618 I art     : Starting a blocking GC Explicit
08-05 17:44:35.394 27588 27618 I art     : Explicit concurrent mark sweep GC freed 3(96B) AllocSpace objects, 0(0B) LOS objects, 23% free, 52MB/68MB, paused 352us total 19.217ms
08-05 17:44:35.402 27588 27618 I art     : Starting a blocking GC Explicit
08-05 17:44:35.422 27588 27618 I art     : Explicit concurrent mark sweep GC freed 3(96B) AllocSpace objects, 0(0B) LOS objects, 23% free, 52MB/68MB, paused 352us total 18.839ms
08-05 17:44:35.430 27588 27618 I art     : Starting a blocking GC Explicit
08-05 17:44:35.449 27588 27618 I art     : Explicit concurrent mark sweep GC freed 3(96B) AllocSpace objects, 0(0B) LOS objects, 23% free, 52MB/68MB, paused 305us total 18.440ms
08-05 17:44:35.758 27588 27600 I art     : Starting a blocking GC Explicit
08-05 17:44:35.782 27588 27600 I art     : Explicit concurrent mark sweep GC freed 1341(78KB) AllocSpace objects, 1(20KB) LOS objects, 23% free, 52MB/68MB, paused 324us total 23.630ms
08-05 17:44:35.794 27588 27600 I art     : Starting a blocking GC Explicit
08-05 17:44:35.817 27588 27600 I art     : Explicit concurrent mark sweep GC freed 254(14KB) AllocSpace objects, 0(0B) LOS objects, 23% free, 52MB/68MB, paused 465us total 22.400ms
08-05 17:44:35.825 27588 27600 I art     : Starting a blocking GC Explicit
08-05 17:44:35.844 27588 27600 I art     : Explicit concurrent mark sweep GC freed 42(1616B) AllocSpace objects, 0(0B) LOS objects, 23% free, 52MB/68MB, paused 362us total 19.190ms
08-05 17:44:35.853 27588 27600 I art     : Starting a blocking GC Explicit
08-05 17:44:35.872 27588 27600 I art     : Explicit concurrent mark sweep GC freed 3(96B) AllocSpace objects, 0(0B) LOS objects, 23% free, 52MB/68MB, paused 362us total 18.908ms
08-05 17:44:35.880 27588 27600 I art     : Starting a blocking GC Explicit
08-05 17:44:35.900 27588 27600 I art     : Explicit concurrent mark sweep GC freed 3(96B) AllocSpace objects, 0(0B) LOS objects, 23% free, 52MB/68MB, paused 367us total 19.087ms
08-05 17:44:36.060 27588 28178 W OneSignal: OneSignalRestClient: POST Error thrown from network stack. 
08-05 17:44:36.060 27588 28178 W OneSignal: java.io.IOException: unexpected end of stream on Connection{api.onesignal.com:443, proxy=HTTP@192.168.2.12:8080 hostAddress=192.168.2.12 cipherSuite=TLS_ECDHE_RSA_WITH_AES_128_GCM_SHA256 protocol=http/1.1} (recycle count=0)
08-05 17:44:36.060 27588 28178 W OneSignal: 	at com.android.okhttp.internal.http.HttpConnection.readResponse(HttpConnection.java:210)
08-05 17:44:36.060 27588 28178 W OneSignal: 	at com.android.okhttp.internal.http.HttpTransport.readResponseHeaders(HttpTransport.java:80)
08-05 17:44:36.060 27588 28178 W OneSignal: 	at com.android.okhttp.internal.http.HttpEngine.readNetworkResponse(HttpEngine.java:904)
08-05 17:44:36.060 27588 28178 W OneSignal: 	at com.android.okhttp.internal.http.HttpEngine.readResponse(HttpEngine.java:788)
08-05 17:44:36.060 27588 28178 W OneSignal: 	at com.android.okhttp.internal.huc.HttpURLConnectionImpl.execute(HttpURLConnectionImpl.java:439)
08-05 17:44:36.060 27588 28178 W OneSignal: 	at com.android.okhttp.internal.huc.HttpURLConnectionImpl.getResponse(HttpURLConnectionImpl.java:384)
08-05 17:44:36.060 27588 28178 W OneSignal: 	at com.android.okhttp.internal.huc.HttpURLConnectionImpl.getResponseCode(HttpURLConnectionImpl.java:497)
08-05 17:44:36.060 27588 28178 W OneSignal: 	at com.android.okhttp.internal.huc.DelegatingHttpsURLConnection.getResponseCode(DelegatingHttpsURLConnection.java:105)
08-05 17:44:36.060 27588 28178 W OneSignal: 	at com.android.okhttp.internal.huc.HttpsURLConnectionImpl.getResponseCode(HttpsURLConnectionImpl.java)
08-05 17:44:36.060 27588 28178 W OneSignal: 	at com.onesignal.OneSignalRestClient.startHTTPConnection(OneSignalRestClient.java:180)
08-05 17:44:36.060 27588 28178 W OneSignal: 	at com.onesignal.OneSignalRestClient.access$100(OneSignalRestClient.java:44)
08-05 17:44:36.060 27588 28178 W OneSignal: 	at com.onesignal.OneSignalRestClient$4.run(OneSignalRestClient.java:110)
08-05 17:44:36.060 27588 28178 W OneSignal: 	at java.lang.Thread.run(Thread.java:818)
08-05 17:44:36.060 27588 28178 W OneSignal: Caused by: java.io.EOFException: \n not found: size=0 content=...
08-05 17:44:36.060 27588 28178 W OneSignal: 	at com.android.okhttp.okio.RealBufferedSource.readUtf8LineStrict(RealBufferedSource.java:200)
08-05 17:44:36.060 27588 28178 W OneSignal: 	at com.android.okhttp.internal.http.HttpConnection.readResponse(HttpConnection.java:191)
08-05 17:44:36.060 27588 28178 W OneSignal: 	... 12 more
08-05 17:44:36.062 27588 28183 W OneSignal: Failed last request. statusCode: -1
08-05 17:44:36.062 27588 28183 W OneSignal: response: null
08-05 17:44:36.186 27588 27626 I art     : Starting a blocking GC Explicit
08-05 17:44:36.211 27588 27626 I art     : Explicit concurrent mark sweep GC freed 3715(230KB) AllocSpace objects, 1(20KB) LOS objects, 23% free, 52MB/68MB, paused 350us total 24.088ms
08-05 17:44:36.223 27588 27626 I art     : Starting a blocking GC Explicit
08-05 17:44:36.243 27588 27626 I art     : Explicit concurrent mark sweep GC freed 67(2432B) AllocSpace objects, 0(0B) LOS objects, 23% free, 52MB/68MB, paused 316us total 19.539ms
08-05 17:44:36.251 27588 27626 I art     : Starting a blocking GC Explicit
08-05 17:44:36.270 27588 27626 I art     : Explicit concurrent mark sweep GC freed 3(96B) AllocSpace objects, 0(0B) LOS objects, 23% free, 52MB/68MB, paused 308us total 18.430ms
08-05 17:44:36.278 27588 27626 I art     : Starting a blocking GC Explicit
08-05 17:44:36.297 27588 27626 I art     : Explicit concurrent mark sweep GC freed 3(96B) AllocSpace objects, 0(0B) LOS objects, 23% free, 52MB/68MB, paused 386us total 18.230ms
08-05 17:44:36.305 27588 27626 I art     : Starting a blocking GC Explicit
08-05 17:44:36.325 27588 27626 I art     : Explicit concurrent mark sweep GC freed 3(96B) AllocSpace objects, 0(0B) LOS objects, 23% free, 52MB/68MB, paused 314us total 19.366ms
08-05 17:44:36.645 27588 27601 I art     : Starting a blocking GC Explicit
08-05 17:44:36.669 27588 27601 I art     : Explicit concurrent mark sweep GC freed 1341(78KB) AllocSpace objects, 1(20KB) LOS objects, 23% free, 52MB/68MB, paused 391us total 23.415ms
08-05 17:44:36.683 27588 27601 I art     : Starting a blocking GC Explicit
08-05 17:44:36.703 27588 27601 I art     : Explicit concurrent mark sweep GC freed 20(704B) AllocSpace objects, 0(0B) LOS objects, 23% free, 52MB/68MB, paused 319us total 19.321ms
08-05 17:44:36.711 27588 27601 I art     : Starting a blocking GC Explicit
08-05 17:44:36.731 27588 27601 I art     : Explicit concurrent mark sweep GC freed 3(96B) AllocSpace objects, 0(0B) LOS objects, 23% free, 52MB/68MB, paused 316us total 19.113ms
08-05 17:44:36.739 27588 27601 I art     : Starting a blocking GC Explicit
08-05 17:44:36.759 27588 27601 I art     : Explicit concurrent mark sweep GC freed 3(96B) AllocSpace objects, 0(0B) LOS objects, 23% free, 52MB/68MB, paused 309us total 18.993ms
08-05 17:44:36.759 27588 27599 I art     : WaitForGcToComplete blocked for 5.189ms for cause HeapTrim
08-05 17:44:36.767 27588 27601 I art     : Starting a blocking GC Explicit
08-05 17:44:36.785 27588 27601 I art     : Explicit concurrent mark sweep GC freed 3(96B) AllocSpace objects, 0(0B) LOS objects, 23% free, 52MB/68MB, paused 298us total 18.084ms
08-05 17:44:37.129 27588 27618 I art     : Starting a blocking GC Explicit
08-05 17:44:37.156 27588 27618 I art     : Explicit concurrent mark sweep GC freed 1341(78KB) AllocSpace objects, 1(20KB) LOS objects, 23% free, 52MB/68MB, paused 341us total 27.160ms
08-05 17:44:37.171 27588 27618 I art     : Starting a blocking GC Explicit
08-05 17:44:37.194 27588 27618 I art     : Explicit concurrent mark sweep GC freed 20(704B) AllocSpace objects, 0(0B) LOS objects, 23% free, 52MB/68MB, paused 336us total 22.391ms
08-05 17:44:37.204 27588 27618 I art     : Starting a blocking GC Explicit
08-05 17:44:37.223 27588 27618 I art     : Explicit concurrent mark sweep GC freed 3(96B) AllocSpace objects, 0(0B) LOS objects, 23% free, 52MB/68MB, paused 311us total 19.154ms
08-05 17:44:37.232 27588 27618 I art     : Starting a blocking GC Explicit
08-05 17:44:37.251 27588 27618 I art     : Explicit concurrent mark sweep GC freed 3(96B) AllocSpace objects, 0(0B) LOS objects, 23% free, 52MB/68MB, paused 317us total 19.131ms
08-05 17:44:37.260 27588 27618 I art     : Starting a blocking GC Explicit
08-05 17:44:37.279 27588 27618 I art     : Explicit concurrent mark sweep GC freed 3(96B) AllocSpace objects, 0(0B) LOS objects, 23% free, 52MB/68MB, paused 307us total 18.966ms
08-05 17:44:37.606 27588 27600 I art     : Starting a blocking GC Explicit
08-05 17:44:37.633 27588 27600 I art     : Explicit concurrent mark sweep GC freed 1341(78KB) AllocSpace objects, 1(20KB) LOS objects, 23% free, 52MB/68MB, paused 352us total 26.595ms
08-05 17:44:37.647 27588 27600 I art     : Starting a blocking GC Explicit
08-05 17:44:37.666 27588 27600 I art     : Explicit concurrent mark sweep GC freed 20(704B) AllocSpace objects, 0(0B) LOS objects, 23% free, 52MB/68MB, paused 296us total 18.824ms
08-05 17:44:37.675 27588 27600 I art     : Starting a blocking GC Explicit
08-05 17:44:37.693 27588 27600 I art     : Explicit concurrent mark sweep GC freed 3(96B) AllocSpace objects, 0(0B) LOS objects, 23% free, 52MB/68MB, paused 308us total 18.103ms
08-05 17:44:37.702 27588 27600 I art     : Starting a blocking GC Explicit
08-05 17:44:37.720 27588 27600 I art     : Explicit concurrent mark sweep GC freed 3(96B) AllocSpace objects, 0(0B) LOS objects, 23% free, 52MB/68MB, paused 312us total 18.604ms
08-05 17:44:37.729 27588 27600 I art     : Starting a blocking GC Explicit
08-05 17:44:37.748 27588 27600 I art     : Explicit concurrent mark sweep GC freed 3(96B) AllocSpace objects, 0(0B) LOS objects, 23% free, 52MB/68MB, paused 310us total 18.678ms
08-05 17:44:38.074 27588 27626 I art     : Starting a blocking GC Explicit
08-05 17:44:38.101 27588 27626 I art     : Explicit concurrent mark sweep GC freed 1341(78KB) AllocSpace objects, 1(20KB) LOS objects, 23% free, 52MB/68MB, paused 331us total 26.571ms
08-05 17:44:38.112 27588 27626 I art     : Starting a blocking GC Explicit
08-05 17:44:38.135 27588 27626 I art     : Explicit concurrent mark sweep GC freed 20(704B) AllocSpace objects, 0(0B) LOS objects, 23% free, 52MB/68MB, paused 331us total 22.426ms
08-05 17:44:38.144 27588 27626 I art     : Starting a blocking GC Explicit
08-05 17:44:38.163 27588 27626 I art     : Explicit concurrent mark sweep GC freed 3(96B) AllocSpace objects, 0(0B) LOS objects, 23% free, 52MB/68MB, paused 367us total 18.596ms
08-05 17:44:38.172 27588 27626 I art     : Starting a blocking GC Explicit
08-05 17:44:38.190 27588 27626 I art     : Explicit concurrent mark sweep GC freed 3(96B) AllocSpace objects, 0(0B) LOS objects, 23% free, 52MB/68MB, paused 354us total 17.400ms
08-05 17:44:38.198 27588 27626 I art     : Starting a blocking GC Explicit
08-05 17:44:38.216 27588 27626 I art     : Explicit concurrent mark sweep GC freed 3(96B) AllocSpace objects, 0(0B) LOS objects, 23% free, 52MB/68MB, paused 303us total 17.879ms
08-05 17:44:38.517 27588 27601 I art     : Starting a blocking GC Explicit
08-05 17:44:38.541 27588 27601 I art     : Explicit concurrent mark sweep GC freed 1341(78KB) AllocSpace objects, 1(20KB) LOS objects, 23% free, 52MB/68MB, paused 333us total 22.908ms
08-05 17:44:38.553 27588 27601 I art     : Starting a blocking GC Explicit
08-05 17:44:38.572 27588 27601 I art     : Explicit concurrent mark sweep GC freed 20(704B) AllocSpace objects, 0(0B) LOS objects, 23% free, 52MB/68MB, paused 322us total 19.083ms
08-05 17:44:38.581 27588 27601 I art     : Starting a blocking GC Explicit
08-05 17:44:38.599 27588 27601 I art     : Explicit concurrent mark sweep GC freed 3(96B) AllocSpace objects, 0(0B) LOS objects, 23% free, 52MB/68MB, paused 310us total 18.743ms
08-05 17:44:38.608 27588 27601 I art     : Starting a blocking GC Explicit
08-05 17:44:38.627 27588 27601 I art     : Explicit concurrent mark sweep GC freed 3(96B) AllocSpace objects, 0(0B) LOS objects, 23% free, 52MB/68MB, paused 386us total 18.919ms
08-05 17:44:38.635 27588 27601 I art     : Starting a blocking GC Explicit
08-05 17:44:38.654 27588 27601 I art     : Explicit concurrent mark sweep GC freed 3(96B) AllocSpace objects, 0(0B) LOS objects, 23% free, 52MB/68MB, paused 298us total 18.390ms
08-05 17:44:38.969 27588 27618 I art     : Starting a blocking GC Explicit
08-05 17:44:38.995 27588 27618 I art     : Explicit concurrent mark sweep GC freed 1341(78KB) AllocSpace objects, 1(20KB) LOS objects, 23% free, 52MB/68MB, paused 374us total 25.452ms
08-05 17:44:39.008 27588 27618 I art     : Starting a blocking GC Explicit
08-05 17:44:39.027 27588 27618 I art     : Explicit concurrent mark sweep GC freed 20(704B) AllocSpace objects, 0(0B) LOS objects, 23% free, 52MB/68MB, paused 387us total 18.960ms
08-05 17:44:39.035 27588 27618 I art     : Starting a blocking GC Explicit
08-05 17:44:39.054 27588 27618 I art     : Explicit concurrent mark sweep GC freed 3(96B) AllocSpace objects, 0(0B) LOS objects, 23% free, 52MB/68MB, paused 307us total 18.451ms
08-05 17:44:39.062 27588 27618 I art     : Starting a blocking GC Explicit
08-05 17:44:39.081 27588 27618 I art     : Explicit concurrent mark sweep GC freed 3(96B) AllocSpace objects, 0(0B) LOS objects, 23% free, 52MB/68MB, paused 316us total 18.749ms
08-05 17:44:39.090 27588 27618 I art     : Starting a blocking GC Explicit
08-05 17:44:39.109 27588 27618 I art     : Explicit concurrent mark sweep GC freed 3(96B) AllocSpace objects, 0(0B) LOS objects, 23% free, 52MB/68MB, paused 304us total 18.815ms
08-05 17:44:39.424 27588 27600 I art     : Starting a blocking GC Explicit
08-05 17:44:39.447 27588 27600 I art     : Explicit concurrent mark sweep GC freed 1341(78KB) AllocSpace objects, 1(20KB) LOS objects, 23% free, 52MB/68MB, paused 409us total 23.414ms
08-05 17:44:39.459 27588 27600 I art     : Starting a blocking GC Explicit
08-05 17:44:39.478 27588 27600 I art     : Explicit concurrent mark sweep GC freed 20(704B) AllocSpace objects, 0(0B) LOS objects, 23% free, 52MB/68MB, paused 308us total 19.099ms
08-05 17:44:39.487 27588 27600 I art     : Starting a blocking GC Explicit
08-05 17:44:39.506 27588 27600 I art     : Explicit concurrent mark sweep GC freed 3(96B) AllocSpace objects, 0(0B) LOS objects, 23% free, 52MB/68MB, paused 300us total 18.872ms
08-05 17:44:39.514 27588 27600 I art     : Starting a blocking GC Explicit
08-05 17:44:39.533 27588 27600 I art     : Explicit concurrent mark sweep GC freed 3(96B) AllocSpace objects, 0(0B) LOS objects, 23% free, 52MB/68MB, paused 315us total 18.662ms
08-05 17:44:39.542 27588 27600 I art     : Starting a blocking GC Explicit
08-05 17:44:39.561 27588 27600 I art     : Explicit concurrent mark sweep GC freed 3(96B) AllocSpace objects, 0(0B) LOS objects, 23% free, 52MB/68MB, paused 300us total 18.813ms
08-05 17:44:39.878 27588 27626 I art     : Starting a blocking GC Explicit
08-05 17:44:39.902 27588 27626 I art     : Explicit concurrent mark sweep GC freed 1341(78KB) AllocSpace objects, 1(20KB) LOS objects, 23% free, 52MB/68MB, paused 345us total 23.545ms
08-05 17:44:39.911 27588 27626 I art     : Starting a blocking GC Explicit
08-05 17:44:39.930 27588 27626 I art     : Explicit concurrent mark sweep GC freed 20(704B) AllocSpace objects, 0(0B) LOS objects, 23% free, 52MB/68MB, paused 397us total 18.964ms
08-05 17:44:39.939 27588 27626 I art     : Starting a blocking GC Explicit
08-05 17:44:39.958 27588 27626 I art     : Explicit concurrent mark sweep GC freed 3(96B) AllocSpace objects, 0(0B) LOS objects, 23% free, 52MB/68MB, paused 319us total 18.931ms
08-05 17:44:39.966 27588 27626 I art     : Starting a blocking GC Explicit
08-05 17:44:39.985 27588 27626 I art     : Explicit concurrent mark sweep GC freed 3(96B) AllocSpace objects, 0(0B) LOS objects, 23% free, 52MB/68MB, paused 331us total 18.503ms
08-05 17:44:39.994 27588 27626 I art     : Starting a blocking GC Explicit
08-05 17:44:40.012 27588 27626 I art     : Explicit concurrent mark sweep GC freed 3(96B) AllocSpace objects, 0(0B) LOS objects, 23% free, 52MB/68MB, paused 299us total 18.356ms
08-05 17:44:40.330 27588 27601 I art     : Starting a blocking GC Explicit
08-05 17:44:40.354 27588 27601 I art     : Explicit concurrent mark sweep GC freed 1341(78KB) AllocSpace objects, 1(20KB) LOS objects, 23% free, 52MB/68MB, paused 343us total 23.747ms
08-05 17:44:40.366 27588 27601 I art     : Starting a blocking GC Explicit
08-05 17:44:40.387 27588 27601 I art     : Explicit concurrent mark sweep GC freed 20(704B) AllocSpace objects, 0(0B) LOS objects, 23% free, 52MB/68MB, paused 328us total 21.226ms
08-05 17:44:40.395 27588 27601 I art     : Starting a blocking GC Explicit
08-05 17:44:40.414 27588 27601 I art     : Explicit concurrent mark sweep GC freed 3(96B) AllocSpace objects, 0(0B) LOS objects, 23% free, 52MB/68MB, paused 309us total 18.810ms
08-05 17:44:40.423 27588 27601 I art     : Starting a blocking GC Explicit
08-05 17:44:40.442 27588 27601 I art     : Explicit concurrent mark sweep GC freed 3(96B) AllocSpace objects, 0(0B) LOS objects, 23% free, 52MB/68MB, paused 319us total 18.913ms
08-05 17:44:40.451 27588 27601 I art     : Starting a blocking GC Explicit
08-05 17:44:40.469 27588 27601 I art     : Explicit concurrent mark sweep GC freed 3(96B) AllocSpace objects, 0(0B) LOS objects, 23% free, 52MB/68MB, paused 311us total 18.662ms
08-05 17:44:40.789 27588 27618 I art     : Starting a blocking GC Explicit
08-05 17:44:40.809 27588 27618 I art     : Explicit concurrent mark sweep GC freed 1341(78KB) AllocSpace objects, 1(20KB) LOS objects, 23% free, 52MB/68MB, paused 339us total 20.234ms
08-05 17:44:40.821 27588 27618 I art     : Starting a blocking GC Explicit
08-05 17:44:40.840 27588 27618 I art     : Explicit concurrent mark sweep GC freed 20(704B) AllocSpace objects, 0(0B) LOS objects, 23% free, 52MB/68MB, paused 312us total 19.317ms
08-05 17:44:40.849 27588 27618 I art     : Starting a blocking GC Explicit
08-05 17:44:40.867 27588 27618 I art     : Explicit concurrent mark sweep GC freed 3(96B) AllocSpace objects, 0(0B) LOS objects, 23% free, 52MB/68MB, paused 366us total 18.151ms
08-05 17:44:40.875 27588 27618 I art     : Starting a blocking GC Explicit
08-05 17:44:40.894 27588 27618 I art     : Explicit concurrent mark sweep GC freed 3(96B) AllocSpace objects, 0(0B) LOS objects, 23% free, 52MB/68MB, paused 314us total 18.783ms
08-05 17:44:40.902 27588 27618 I art     : Starting a blocking GC Explicit
08-05 17:44:40.921 27588 27618 I art     : Explicit concurrent mark sweep GC freed 3(96B) AllocSpace objects, 0(0B) LOS objects, 23% free, 52MB/68MB, paused 293us total 18.664ms
08-05 17:44:41.227 27588 27600 I art     : Starting a blocking GC Explicit
08-05 17:44:41.250 27588 27600 I art     : Explicit concurrent mark sweep GC freed 1341(78KB) AllocSpace objects, 1(20KB) LOS objects, 23% free, 52MB/68MB, paused 320us total 23.571ms
08-05 17:44:41.263 27588 27600 I art     : Starting a blocking GC Explicit
08-05 17:44:41.286 27588 27600 I art     : Explicit concurrent mark sweep GC freed 20(704B) AllocSpace objects, 0(0B) LOS objects, 23% free, 52MB/68MB, paused 457us total 22.816ms
08-05 17:44:41.295 27588 27600 I art     : Starting a blocking GC Explicit
08-05 17:44:41.314 27588 27600 I art     : Explicit concurrent mark sweep GC freed 3(96B) AllocSpace objects, 0(0B) LOS objects, 23% free, 52MB/68MB, paused 301us total 18.972ms
08-05 17:44:41.323 27588 27600 I art     : Starting a blocking GC Explicit
08-05 17:44:41.342 27588 27600 I art     : Explicit concurrent mark sweep GC freed 3(96B) AllocSpace objects, 0(0B) LOS objects, 23% free, 52MB/68MB, paused 316us total 19.167ms
08-05 17:44:41.351 27588 27600 I art     : Starting a blocking GC Explicit
08-05 17:44:41.370 27588 27600 I art     : Explicit concurrent mark sweep GC freed 3(96B) AllocSpace objects, 0(0B) LOS objects, 23% free, 52MB/68MB, paused 314us total 19.286ms
08-05 17:44:41.679 27588 27626 I art     : Starting a blocking GC Explicit
08-05 17:44:41.703 27588 27626 I art     : Explicit concurrent mark sweep GC freed 1341(78KB) AllocSpace objects, 1(20KB) LOS objects, 23% free, 52MB/68MB, paused 340us total 23.835ms
08-05 17:44:41.714 27588 27626 I art     : Starting a blocking GC Explicit
08-05 17:44:41.737 27588 27626 I art     : Explicit concurrent mark sweep GC freed 20(704B) AllocSpace objects, 0(0B) LOS objects, 23% free, 52MB/68MB, paused 386us total 22.651ms
08-05 17:44:41.748 27588 27626 I art     : Starting a blocking GC Explicit
08-05 17:44:41.767 27588 27626 I art     : Explicit concurrent mark sweep GC freed 3(96B) AllocSpace objects, 0(0B) LOS objects, 23% free, 52MB/68MB, paused 340us total 18.712ms
08-05 17:44:41.776 27588 27626 I art     : Starting a blocking GC Explicit
08-05 17:44:41.795 27588 27626 I art     : Explicit concurrent mark sweep GC freed 3(96B) AllocSpace objects, 0(0B) LOS objects, 23% free, 52MB/68MB, paused 311us total 18.998ms
08-05 17:44:41.795 27588 27599 I art     : WaitForGcToComplete blocked for 9.556ms for cause HeapTrim
08-05 17:44:41.804 27588 27626 I art     : Starting a blocking GC Explicit
08-05 17:44:41.823 27588 27626 I art     : Explicit concurrent mark sweep GC freed 3(96B) AllocSpace objects, 0(0B) LOS objects, 23% free, 52MB/68MB, paused 317us total 19.085ms
08-05 17:44:42.146 27588 27601 I art     : Starting a blocking GC Explicit
08-05 17:44:42.174 27588 27601 I art     : Explicit concurrent mark sweep GC freed 1341(78KB) AllocSpace objects, 1(20KB) LOS objects, 23% free, 52MB/68MB, paused 378us total 27.579ms
08-05 17:44:42.187 27588 27601 I art     : Starting a blocking GC Explicit
08-05 17:44:42.210 27588 27601 I art     : Explicit concurrent mark sweep GC freed 20(704B) AllocSpace objects, 0(0B) LOS objects, 23% free, 52MB/68MB, paused 349us total 22.969ms
08-05 17:44:42.220 27588 27601 I art     : Starting a blocking GC Explicit
08-05 17:44:42.240 27588 27601 I art     : Explicit concurrent mark sweep GC freed 3(96B) AllocSpace objects, 0(0B) LOS objects, 23% free, 52MB/68MB, paused 321us total 19.007ms
08-05 17:44:42.248 27588 27601 I art     : Starting a blocking GC Explicit
08-05 17:44:42.267 27588 27601 I art     : Explicit concurrent mark sweep GC freed 3(96B) AllocSpace objects, 0(0B) LOS objects, 23% free, 52MB/68MB, paused 307us total 18.316ms
08-05 17:44:42.275 27588 27601 I art     : Starting a blocking GC Explicit
08-05 17:44:42.294 27588 27601 I art     : Explicit concurrent mark sweep GC freed 3(96B) AllocSpace objects, 0(0B) LOS objects, 23% free, 52MB/68MB, paused 322us total 18.668ms
08-05 17:44:42.586 27588 27618 I art     : Starting a blocking GC Explicit
08-05 17:44:42.613 27588 27618 I art     : Explicit concurrent mark sweep GC freed 1341(78KB) AllocSpace objects, 1(20KB) LOS objects, 23% free, 52MB/68MB, paused 330us total 26.909ms
08-05 17:44:42.625 27588 27618 I art     : Starting a blocking GC Explicit
08-05 17:44:42.648 27588 27618 I art     : Explicit concurrent mark sweep GC freed 20(704B) AllocSpace objects, 0(0B) LOS objects, 23% free, 52MB/68MB, paused 329us total 22.733ms
08-05 17:44:42.657 27588 27618 I art     : Starting a blocking GC Explicit
08-05 17:44:42.677 27588 27618 I art     : Explicit concurrent mark sweep GC freed 3(96B) AllocSpace objects, 0(0B) LOS objects, 23% free, 52MB/68MB, paused 387us total 19.330ms
08-05 17:44:42.685 27588 27618 I art     : Starting a blocking GC Explicit
08-05 17:44:42.704 27588 27618 I art     : Explicit concurrent mark sweep GC freed 3(96B) AllocSpace objects, 0(0B) LOS objects, 23% free, 52MB/68MB, paused 305us total 18.650ms
08-05 17:44:42.713 27588 27618 I art     : Starting a blocking GC Explicit
08-05 17:44:42.732 27588 27618 I art     : Explicit concurrent mark sweep GC freed 3(96B) AllocSpace objects, 0(0B) LOS objects, 23% free, 52MB/68MB, paused 301us total 18.683ms
08-05 17:44:42.993 27588 27600 I art     : Starting a blocking GC Explicit
08-05 17:44:43.012 27588 27600 I art     : Explicit concurrent mark sweep GC freed 1341(78KB) AllocSpace objects, 1(20KB) LOS objects, 23% free, 52MB/68MB, paused 320us total 19.229ms
08-05 17:44:43.021 27588 27600 I art     : Starting a blocking GC Explicit
08-05 17:44:43.040 27588 27600 I art     : Explicit concurrent mark sweep GC freed 20(704B) AllocSpace objects, 0(0B) LOS objects, 23% free, 52MB/68MB, paused 321us total 18.681ms
08-05 17:44:43.048 27588 27600 I art     : Starting a blocking GC Explicit
08-05 17:44:43.067 27588 27600 I art     : Explicit concurrent mark sweep GC freed 3(96B) AllocSpace objects, 0(0B) LOS objects, 23% free, 52MB/68MB, paused 383us total 18.218ms
08-05 17:44:43.075 27588 27600 I art     : Starting a blocking GC Explicit
08-05 17:44:43.094 27588 27600 I art     : Explicit concurrent mark sweep GC freed 3(96B) AllocSpace objects, 0(0B) LOS objects, 23% free, 52MB/68MB, paused 341us total 18.500ms
08-05 17:44:43.102 27588 27600 I art     : Starting a blocking GC Explicit
08-05 17:44:43.120 27588 27600 I art     : Explicit concurrent mark sweep GC freed 3(96B) AllocSpace objects, 0(0B) LOS objects, 23% free, 52MB/68MB, paused 311us total 17.517ms
08-05 17:44:43.223 28331 28331 D AndroidRuntime: >>>>>> START com.android.internal.os.RuntimeInit uid 2000 <<<<<<
08-05 17:44:43.230 28331 28331 D AndroidRuntime: CheckJNI is OFF
08-05 17:44:43.246   918  3188 I hubconnection: sensorhub said: 'set_bias 3: -6.2400, 0.0000, 0.0000'
08-05 17:44:43.265 28331 28331 D ICU     : No timezone override file found: /data/misc/zoneinfo/current/icu/icu_tzdata.dat
08-05 17:44:43.299 28331 28331 I Radio-JNI: register_android_hardware_Radio DONE
08-05 17:44:43.320 28331 28331 D AndroidRuntime: Calling main entry com.android.commands.input.Input
08-05 17:44:43.322 28331 28331 I Input   : injectKeyEvent: KeyEvent { action=ACTION_DOWN, keyCode=KEYCODE_BACK, scanCode=0, metaState=0, flags=0x0, repeatCount=0, eventTime=812699735, downTime=812699735, deviceId=-1, source=0x101 }
08-05 17:44:43.334 28331 28331 I Input   : injectKeyEvent: KeyEvent { action=ACTION_UP, keyCode=KEYCODE_BACK, scanCode=0, metaState=0, flags=0x0, repeatCount=0, eventTime=812699735, downTime=812699735, deviceId=-1, source=0x101 }
08-05 17:44:43.340 28331 28331 D AndroidRuntime: Shutting down VM
08-05 17:44:43.344 21092 21109 I Finsky  : [6019] ktr.run(-1): Stats for Executor: BlockingExecutor kvs@20f81d3[Running, pool size = 0, active threads = 0, queued tasks = 0, completed tasks = 141]
08-05 17:44:43.344 21092 21109 I Finsky  : [6019] ktr.run(-1): Stats for Executor: LightweightExecutor kvs@65ac110[Running, pool size = 4, active threads = 0, queued tasks = 0, completed tasks = 76]
08-05 17:44:43.383 13866 13866 I GoogleInputMethodServic: GoogleInputMethodService.onFinishInput():3138 
08-05 17:44:43.383 13866 13866 I GoogleInputMethodServic: GoogleInputMethodService.onStartInput():1808 
08-05 17:44:43.410 27588 27626 I art     : Starting a blocking GC Explicit
08-05 17:44:43.427 27588 27626 I art     : Explicit concurrent mark sweep GC freed 1516(86KB) AllocSpace objects, 1(20KB) LOS objects, 23% free, 52MB/68MB, paused 284us total 16.962ms
08-05 17:44:43.434 27588 27626 I art     : Starting a blocking GC Explicit
08-05 17:44:43.450 27588 27626 I art     : Explicit concurrent mark sweep GC freed 26(944B) AllocSpace objects, 0(0B) LOS objects, 23% free, 52MB/68MB, paused 298us total 15.986ms
08-05 17:44:43.458 27588 27626 I art     : Starting a blocking GC Explicit
08-05 17:44:43.475 27588 27626 I art     : Explicit concurrent mark sweep GC freed 3(96B) AllocSpace objects, 0(0B) LOS objects, 23% free, 52MB/68MB, paused 338us total 16.614ms
08-05 17:44:43.483 27588 27626 I art     : Starting a blocking GC Explicit
08-05 17:44:43.500 27588 27626 I art     : Explicit concurrent mark sweep GC freed 3(96B) AllocSpace objects, 0(0B) LOS objects, 23% free, 52MB/68MB, paused 300us total 16.978ms
08-05 17:44:43.509 27588 27626 I art     : Starting a blocking GC Explicit
08-05 17:44:43.528 27588 27626 I art     : Explicit concurrent mark sweep GC freed 3(96B) AllocSpace objects, 0(0B) LOS objects, 23% free, 52MB/68MB, paused 301us total 19.254ms
08-05 17:44:43.673   380   380 W SurfaceFlinger: couldn't log to binary event log: overflow.
08-05 17:44:43.785 27588 27618 I art     : Starting a blocking GC Explicit
08-05 17:44:43.803 27588 27618 I art     : Explicit concurrent mark sweep GC freed 1451(87KB) AllocSpace objects, 1(20KB) LOS objects, 23% free, 52MB/68MB, paused 302us total 17.493ms
08-05 17:44:43.811 27588 27618 I art     : Starting a blocking GC Explicit
08-05 17:44:43.827 27588 27618 I art     : Explicit concurrent mark sweep GC freed 1672(107KB) AllocSpace objects, 3(400KB) LOS objects, 23% free, 51MB/67MB, paused 352us total 16.176ms
08-05 17:44:43.834 27588 27618 I art     : Starting a blocking GC Explicit
08-05 17:44:43.850 27588 27618 I art     : Explicit concurrent mark sweep GC freed 3(96B) AllocSpace objects, 0(0B) LOS objects, 23% free, 51MB/67MB, paused 294us total 16.027ms
08-05 17:44:43.858 27588 27618 I art     : Starting a blocking GC Explicit
08-05 17:44:43.874 27588 27618 I art     : Explicit concurrent mark sweep GC freed 3(96B) AllocSpace objects, 0(0B) LOS objects, 23% free, 51MB/67MB, paused 284us total 15.355ms
08-05 17:44:43.881 27588 27618 I art     : Starting a blocking GC Explicit
08-05 17:44:43.897 27588 27618 I art     : Explicit concurrent mark sweep GC freed 3(96B) AllocSpace objects, 0(0B) LOS objects, 23% free, 51MB/67MB, paused 358us total 15.930ms
08-05 17:44:44.158 27588 27601 I art     : Starting a blocking GC Explicit
08-05 17:44:44.177 27588 27601 I art     : Explicit concurrent mark sweep GC freed 1341(78KB) AllocSpace objects, 1(20KB) LOS objects, 23% free, 51MB/67MB, paused 308us total 18.308ms
08-05 17:44:44.185 27588 27601 I art     : Starting a blocking GC Explicit
08-05 17:44:44.203 27588 27601 I art     : Explicit concurrent mark sweep GC freed 20(704B) AllocSpace objects, 0(0B) LOS objects, 23% free, 51MB/67MB, paused 330us total 17.921ms
08-05 17:44:44.211 27588 27601 I art     : Starting a blocking GC Explicit
08-05 17:44:44.230 27588 27601 I art     : Explicit concurrent mark sweep GC freed 3(96B) AllocSpace objects, 0(0B) LOS objects, 23% free, 51MB/67MB, paused 301us total 18.076ms
08-05 17:44:44.238 27588 27601 I art     : Starting a blocking GC Explicit
08-05 17:44:44.256 27588 27601 I art     : Explicit concurrent mark sweep GC freed 3(96B) AllocSpace objects, 0(0B) LOS objects, 23% free, 51MB/67MB, paused 311us total 17.734ms
08-05 17:44:44.264 27588 27601 I art     : Starting a blocking GC Explicit
08-05 17:44:44.282 27588 27601 I art     : Explicit concurrent mark sweep GC freed 3(96B) AllocSpace objects, 0(0B) LOS objects, 23% free, 51MB/67MB, paused 311us total 17.902ms
08-05 17:44:44.311 21092 21109 I Finsky  : [6019] ktr.run(-1): Stats for Executor: bgExecutor kvs@dd74409[Running, pool size = 4, active threads = 0, queued tasks = 0, completed tasks = 385]
08-05 17:44:44.574 27588 27600 I art     : Starting a blocking GC Explicit
08-05 17:44:44.595 27588 27600 I art     : Explicit concurrent mark sweep GC freed 1340(78KB) AllocSpace objects, 1(20KB) LOS objects, 23% free, 51MB/67MB, paused 301us total 20.046ms
08-05 17:44:44.603 27588 27600 I art     : Starting a blocking GC Explicit
08-05 17:44:44.621 27588 27600 I art     : Explicit concurrent mark sweep GC freed 20(704B) AllocSpace objects, 0(0B) LOS objects, 23% free, 51MB/67MB, paused 321us total 17.544ms
08-05 17:44:44.629 27588 27600 I art     : Starting a blocking GC Explicit
08-05 17:44:44.646 27588 27600 I art     : Explicit concurrent mark sweep GC freed 3(96B) AllocSpace objects, 0(0B) LOS objects, 23% free, 51MB/67MB, paused 306us total 16.900ms
08-05 17:44:44.654 27588 27600 I art     : Starting a blocking GC Explicit
08-05 17:44:44.671 27588 27600 I art     : Explicit concurrent mark sweep GC freed 3(96B) AllocSpace objects, 0(0B) LOS objects, 23% free, 51MB/67MB, paused 314us total 17.206ms
08-05 17:44:44.679 27588 27600 I art     : Starting a blocking GC Explicit
08-05 17:44:44.697 27588 27600 I art     : Explicit concurrent mark sweep GC freed 3(96B) AllocSpace objects, 0(0B) LOS objects, 23% free, 51MB/67MB, paused 368us total 17.089ms
08-05 17:44:44.960 27588 27626 I art     : Starting a blocking GC Explicit
08-05 17:44:44.979 27588 27626 I art     : Explicit concurrent mark sweep GC freed 1340(78KB) AllocSpace objects, 1(20KB) LOS objects, 23% free, 51MB/67MB, paused 316us total 18.086ms
08-05 17:44:44.987 27588 27626 I art     : Starting a blocking GC Explicit
08-05 17:44:45.004 28394 28394 D AndroidRuntime: >>>>>> START com.android.internal.os.RuntimeInit uid 2000 <<<<<<
08-05 17:44:45.005 27588 27626 I art     : Explicit concurrent mark sweep GC freed 20(704B) AllocSpace objects, 0(0B) LOS objects, 23% free, 51MB/67MB, paused 360us total 17.804ms
08-05 17:44:45.009 28394 28394 D AndroidRuntime: CheckJNI is OFF
08-05 17:44:45.013 27588 27626 I art     : Starting a blocking GC Explicit
08-05 17:44:45.030 27588 27626 I art     : Explicit concurrent mark sweep GC freed 3(96B) AllocSpace objects, 0(0B) LOS objects, 23% free, 51MB/67MB, paused 321us total 17.097ms
08-05 17:44:45.039 27588 27626 I art     : Starting a blocking GC Explicit
08-05 17:44:45.047 28394 28394 D ICU     : No timezone override file found: /data/misc/zoneinfo/current/icu/icu_tzdata.dat
08-05 17:44:45.056 27588 27626 I art     : Explicit concurrent mark sweep GC freed 3(96B) AllocSpace objects, 0(0B) LOS objects, 23% free, 51MB/67MB, paused 346us total 16.922ms
08-05 17:44:45.063 27588 27626 I art     : Starting a blocking GC Explicit
08-05 17:44:45.079 28394 28394 I Radio-JNI: register_android_hardware_Radio DONE
08-05 17:44:45.080 27588 27626 I art     : Explicit concurrent mark sweep GC freed 3(96B) AllocSpace objects, 0(0B) LOS objects, 23% free, 51MB/67MB, paused 320us total 16.832ms
08-05 17:44:45.102 28394 28394 D AndroidRuntime: Calling main entry com.android.commands.input.Input
08-05 17:44:45.103 28394 28394 I Input   : injectMotionEvent: MotionEvent { action=ACTION_DOWN, actionButton=0, id[0]=0, x[0]=733.0, y[0]=1370.0, toolType[0]=TOOL_TYPE_UNKNOWN, buttonState=0, metaState=0, flags=0x0, edgeFlags=0x0, pointerCount=1, historySize=0, eventTime=812701516, downTime=812701516, deviceId=0, source=0x1002 }
08-05 17:44:45.110 28394 28394 I Input   : injectMotionEvent: MotionEvent { action=ACTION_UP, actionButton=0, id[0]=0, x[0]=733.0, y[0]=1370.0, toolType[0]=TOOL_TYPE_UNKNOWN, buttonState=0, metaState=0, flags=0x0, edgeFlags=0x0, pointerCount=1, historySize=0, eventTime=812701516, downTime=812701516, deviceId=0, source=0x1002 }
08-05 17:44:45.111   918  6112 I ActivityManager: START u0 {cmp=baseline.appteam.nith.hillffair/.activities.ClubActivity (has extras)} from uid 10675 on display 0
08-05 17:44:45.119 28394 28394 D AndroidRuntime: Shutting down VM
08-05 17:44:45.217   918   936 I ActivityManager: Displayed baseline.appteam.nith.hillffair/.activities.ClubActivity: +98ms
08-05 17:44:45.218 13866 13866 I GoogleInputMethodServic: GoogleInputMethodService.onFinishInput():3138 
08-05 17:44:45.218 13866 13866 I GoogleInputMethodServic: GoogleInputMethodService.onStartInput():1808 
08-05 17:44:45.322 27588 27626 I art     : Starting a blocking GC Explicit
08-05 17:44:45.342 27588 27626 I art     : Explicit concurrent mark sweep GC freed 4976(290KB) AllocSpace objects, 1(20KB) LOS objects, 23% free, 52MB/68MB, paused 346us total 19.190ms
08-05 17:44:45.350 27588 27626 I art     : Starting a blocking GC Explicit
08-05 17:44:45.372 27588 27626 I art     : Explicit concurrent mark sweep GC freed 211(9KB) AllocSpace objects, 0(0B) LOS objects, 23% free, 52MB/68MB, paused 392us total 21.773ms
08-05 17:44:45.382 27588 27626 I art     : Starting a blocking GC Explicit
08-05 17:44:45.404 27588 27626 I art     : Explicit concurrent mark sweep GC freed 3(96B) AllocSpace objects, 0(0B) LOS objects, 23% free, 52MB/68MB, paused 410us total 21.380ms
08-05 17:44:45.414 27588 27626 I art     : Starting a blocking GC Explicit
08-05 17:44:45.435 27588 27626 I art     : Explicit concurrent mark sweep GC freed 3(96B) AllocSpace objects, 0(0B) LOS objects, 23% free, 52MB/68MB, paused 373us total 20.942ms
08-05 17:44:45.446 27588 27626 I art     : Starting a blocking GC Explicit
08-05 17:44:45.456   380   380 W SurfaceFlinger: couldn't log to binary event log: overflow.
08-05 17:44:45.468 27588 27626 I art     : Explicit concurrent mark sweep GC freed 3(96B) AllocSpace objects, 0(0B) LOS objects, 23% free, 52MB/68MB, paused 378us total 21.592ms
08-05 17:44:45.679 27588 28417 D OkHttp  : --> GET https://api-hillfair-2k16.herokuapp.com/api/app/events/special/event?id=580655cddcba0f490c70fdd0 http/1.1
08-05 17:44:45.717 27588 28417 D OkHttp  : <-- 200 OK https://api-hillfair-2k16.herokuapp.com/api/app/events/special/event?id=580655cddcba0f490c70fdd0 (37ms, 721-byte body)
08-05 17:44:45.742 27588 27600 I art     : Starting a blocking GC Explicit
08-05 17:44:45.761 27588 27600 I art     : Explicit concurrent mark sweep GC freed 4266(255KB) AllocSpace objects, 4(220KB) LOS objects, 23% free, 52MB/68MB, paused 410us total 18.601ms
08-05 17:44:45.769 27588 27600 I art     : Starting a blocking GC Explicit
08-05 17:44:45.774 27588 27588 I NAPPA_EXPERIMENTATION: MetricNetworkRequestExecutionTime: REQUEST_DURATION_SYSTEM='630',REQUEST_DURATION_OKHTTP='37',REQUEST_SYNCHRONOUS='FALSE',RESPONSE_CODE='200',RESPONSE_METHOD='GET',RESPONSE_LENGTH_OKHTTP='721',RESPONSE_LENGTH_HEADER='721',REQUEST_PROTOCOL='http/1.1',REQUEST_URL='https://api-hillfair-2k16.herokuapp.com/api/app/events/special/event?id=580655cddcba0f490c70fdd0',
08-05 17:44:45.785 27588 27600 I art     : Explicit concurrent mark sweep GC freed 1538(183KB) AllocSpace objects, 0(0B) LOS objects, 23% free, 52MB/68MB, paused 340us total 16.248ms
08-05 17:44:45.792 27588 27600 I art     : Starting a blocking GC Explicit
08-05 17:44:45.809 27588 27600 I art     : Explicit concurrent mark sweep GC freed 78(3KB) AllocSpace objects, 0(0B) LOS objects, 23% free, 52MB/68MB, paused 335us total 16.811ms
08-05 17:44:45.818 27588 27600 I art     : Starting a blocking GC Explicit
08-05 17:44:45.835 27588 27600 I art     : Explicit concurrent mark sweep GC freed 40(21KB) AllocSpace objects, 0(0B) LOS objects, 23% free, 52MB/68MB, paused 319us total 17.027ms
08-05 17:44:45.842 27588 27600 I art     : Starting a blocking GC Explicit
08-05 17:44:45.859 27588 27600 I art     : Explicit concurrent mark sweep GC freed 6(192B) AllocSpace objects, 0(0B) LOS objects, 23% free, 52MB/68MB, paused 294us total 16.334ms
08-05 17:44:46.136 27588 27618 I art     : Starting a blocking GC Explicit
08-05 17:44:46.155 27588 27618 I art     : Explicit concurrent mark sweep GC freed 1341(78KB) AllocSpace objects, 1(20KB) LOS objects, 23% free, 52MB/68MB, paused 373us total 18.402ms
08-05 17:44:46.163 27588 27618 I art     : Starting a blocking GC Explicit
08-05 17:44:46.182 27588 27618 I art     : Explicit concurrent mark sweep GC freed 36(1264B) AllocSpace objects, 0(0B) LOS objects, 23% free, 52MB/68MB, paused 324us total 18.160ms
08-05 17:44:46.190 27588 27618 I art     : Starting a blocking GC Explicit
08-05 17:44:46.209 27588 27618 I art     : Explicit concurrent mark sweep GC freed 3(96B) AllocSpace objects, 0(0B) LOS objects, 23% free, 52MB/68MB, paused 314us total 18.537ms
08-05 17:44:46.217 27588 27618 I art     : Starting a blocking GC Explicit
08-05 17:44:46.236 27588 27618 I art     : Explicit concurrent mark sweep GC freed 3(96B) AllocSpace objects, 0(0B) LOS objects, 23% free, 52MB/68MB, paused 327us total 18.675ms
08-05 17:44:46.244 27588 27618 I art     : Starting a blocking GC Explicit
08-05 17:44:46.263 27588 27618 I art     : Explicit concurrent mark sweep GC freed 3(96B) AllocSpace objects, 0(0B) LOS objects, 23% free, 52MB/68MB, paused 334us total 18.501ms
08-05 17:44:46.547 27588 27601 I art     : Starting a blocking GC Explicit
08-05 17:44:46.571 27588 27601 I art     : Explicit concurrent mark sweep GC freed 1341(78KB) AllocSpace objects, 1(20KB) LOS objects, 23% free, 52MB/68MB, paused 373us total 24.303ms
08-05 17:44:46.583 27588 27601 I art     : Starting a blocking GC Explicit
08-05 17:44:46.607 27588 27601 I art     : Explicit concurrent mark sweep GC freed 20(704B) AllocSpace objects, 0(0B) LOS objects, 23% free, 52MB/68MB, paused 581us total 23.983ms
08-05 17:44:46.618 27588 27601 I art     : Starting a blocking GC Explicit
08-05 17:44:46.638 27588 27601 I art     : Explicit concurrent mark sweep GC freed 3(96B) AllocSpace objects, 0(0B) LOS objects, 23% free, 52MB/68MB, paused 350us total 19.498ms
08-05 17:44:46.647 27588 27601 I art     : Starting a blocking GC Explicit
08-05 17:44:46.666 27588 27601 I art     : Explicit concurrent mark sweep GC freed 3(96B) AllocSpace objects, 0(0B) LOS objects, 23% free, 52MB/68MB, paused 347us total 19.665ms
08-05 17:44:46.675 27588 27601 I art     : Starting a blocking GC Explicit
08-05 17:44:46.694 27588 27601 I art     : Explicit concurrent mark sweep GC freed 3(96B) AllocSpace objects, 0(0B) LOS objects, 23% free, 52MB/68MB, paused 312us total 19.103ms
08-05 17:44:46.999 27588 27600 I art     : Starting a blocking GC Explicit
08-05 17:44:47.024 27588 27600 I art     : Explicit concurrent mark sweep GC freed 1341(78KB) AllocSpace objects, 1(20KB) LOS objects, 23% free, 52MB/68MB, paused 348us total 24.713ms
08-05 17:44:47.036 27588 27600 I art     : Starting a blocking GC Explicit
08-05 17:44:47.059 27588 27600 I art     : Explicit concurrent mark sweep GC freed 20(704B) AllocSpace objects, 0(0B) LOS objects, 23% free, 52MB/68MB, paused 393us total 23.393ms
08-05 17:44:47.070 27588 27600 I art     : Starting a blocking GC Explicit
08-05 17:44:47.090 27588 27600 I art     : Explicit concurrent mark sweep GC freed 3(96B) AllocSpace objects, 0(0B) LOS objects, 23% free, 52MB/68MB, paused 330us total 19.708ms
08-05 17:44:47.098 27588 27600 I art     : Starting a blocking GC Explicit
08-05 17:44:47.118 27588 27600 I art     : Explicit concurrent mark sweep GC freed 3(96B) AllocSpace objects, 0(0B) LOS objects, 23% free, 52MB/68MB, paused 332us total 19.614ms
08-05 17:44:47.127 27588 27600 I art     : Starting a blocking GC Explicit
08-05 17:44:47.147 27588 27600 I art     : Explicit concurrent mark sweep GC freed 3(96B) AllocSpace objects, 0(0B) LOS objects, 23% free, 52MB/68MB, paused 326us total 19.619ms
08-05 17:44:47.171 26632 26632 I ServiceManager: Waiting for service AtCmdFwd...
08-05 17:44:47.497 27588 27626 I art     : Starting a blocking GC Explicit
08-05 17:44:47.525 27588 27626 I art     : Explicit concurrent mark sweep GC freed 1341(78KB) AllocSpace objects, 1(20KB) LOS objects, 23% free, 52MB/68MB, paused 359us total 27.312ms
08-05 17:44:47.534 27588 27626 I art     : Starting a blocking GC Explicit
08-05 17:44:47.553 27588 27626 I art     : Explicit concurrent mark sweep GC freed 20(704B) AllocSpace objects, 0(0B) LOS objects, 23% free, 52MB/68MB, paused 347us total 19.641ms
08-05 17:44:47.562 27588 27626 I art     : Starting a blocking GC Explicit
08-05 17:44:47.581 27588 27626 I art     : Explicit concurrent mark sweep GC freed 3(96B) AllocSpace objects, 0(0B) LOS objects, 23% free, 52MB/68MB, paused 330us total 18.859ms
08-05 17:44:47.589 27588 27626 I art     : Starting a blocking GC Explicit
08-05 17:44:47.608 27588 27626 I art     : Explicit concurrent mark sweep GC freed 3(96B) AllocSpace objects, 0(0B) LOS objects, 23% free, 52MB/68MB, paused 321us total 18.696ms
08-05 17:44:47.617 27588 27626 I art     : Starting a blocking GC Explicit
08-05 17:44:47.637 27588 27626 I art     : Explicit concurrent mark sweep GC freed 3(96B) AllocSpace objects, 0(0B) LOS objects, 23% free, 52MB/68MB, paused 353us total 19.519ms
08-05 17:44:47.968 27588 27618 I art     : Starting a blocking GC Explicit
08-05 17:44:47.996 27588 27618 I art     : Explicit concurrent mark sweep GC freed 1341(78KB) AllocSpace objects, 1(20KB) LOS objects, 23% free, 52MB/68MB, paused 370us total 27.386ms
08-05 17:44:48.008 27588 27618 I art     : Starting a blocking GC Explicit
08-05 17:44:48.028 27588 27618 I art     : Explicit concurrent mark sweep GC freed 20(704B) AllocSpace objects, 0(0B) LOS objects, 23% free, 52MB/68MB, paused 341us total 19.743ms
08-05 17:44:48.036 27588 27618 I art     : Starting a blocking GC Explicit
08-05 17:44:48.056 27588 27618 I art     : Explicit concurrent mark sweep GC freed 3(96B) AllocSpace objects, 0(0B) LOS objects, 23% free, 52MB/68MB, paused 322us total 19.358ms
08-05 17:44:48.065 27588 27618 I art     : Starting a blocking GC Explicit
08-05 17:44:48.084 27588 27618 I art     : Explicit concurrent mark sweep GC freed 3(96B) AllocSpace objects, 0(0B) LOS objects, 23% free, 52MB/68MB, paused 400us total 19.569ms
08-05 17:44:48.093 27588 27618 I art     : Starting a blocking GC Explicit
08-05 17:44:48.113 27588 27618 I art     : Explicit concurrent mark sweep GC freed 3(96B) AllocSpace objects, 0(0B) LOS objects, 23% free, 52MB/68MB, paused 361us total 19.358ms
08-05 17:44:48.172 26632 26632 I ServiceManager: Waiting for service AtCmdFwd...
08-05 17:44:48.435 27588 27601 I art     : Starting a blocking GC Explicit
08-05 17:44:48.459 27588 27601 I art     : Explicit concurrent mark sweep GC freed 1341(78KB) AllocSpace objects, 1(20KB) LOS objects, 23% free, 52MB/68MB, paused 379us total 23.880ms
08-05 17:44:48.469 27588 27601 I art     : Starting a blocking GC Explicit
08-05 17:44:48.489 27588 27601 I art     : Explicit concurrent mark sweep GC freed 20(704B) AllocSpace objects, 0(0B) LOS objects, 23% free, 52MB/68MB, paused 329us total 19.373ms
08-05 17:44:48.498 27588 27601 I art     : Starting a blocking GC Explicit
08-05 17:44:48.518 27588 27601 I art     : Explicit concurrent mark sweep GC freed 3(96B) AllocSpace objects, 0(0B) LOS objects, 23% free, 52MB/68MB, paused 396us total 19.812ms
08-05 17:44:48.526 27588 27601 I art     : Starting a blocking GC Explicit
08-05 17:44:48.546 27588 27601 I art     : Explicit concurrent mark sweep GC freed 3(96B) AllocSpace objects, 0(0B) LOS objects, 23% free, 52MB/68MB, paused 355us total 19.548ms
08-05 17:44:48.554 27588 27601 I art     : Starting a blocking GC Explicit
08-05 17:44:48.574 27588 27601 I art     : Explicit concurrent mark sweep GC freed 3(96B) AllocSpace objects, 0(0B) LOS objects, 23% free, 52MB/68MB, paused 337us total 19.252ms
08-05 17:44:48.896 27588 27600 I art     : Starting a blocking GC Explicit
08-05 17:44:48.921 27588 27600 I art     : Explicit concurrent mark sweep GC freed 1341(78KB) AllocSpace objects, 1(20KB) LOS objects, 23% free, 52MB/68MB, paused 462us total 24.298ms
08-05 17:44:48.933 27588 27600 I art     : Starting a blocking GC Explicit
08-05 17:44:48.953 27588 27600 I art     : Explicit concurrent mark sweep GC freed 20(704B) AllocSpace objects, 0(0B) LOS objects, 23% free, 52MB/68MB, paused 337us total 19.859ms
08-05 17:44:48.962 27588 27600 I art     : Starting a blocking GC Explicit
08-05 17:44:48.982 27588 27600 I art     : Explicit concurrent mark sweep GC freed 3(96B) AllocSpace objects, 0(0B) LOS objects, 23% free, 52MB/68MB, paused 324us total 19.501ms
08-05 17:44:48.990 27588 27600 I art     : Starting a blocking GC Explicit
08-05 17:44:49.010 27588 27600 I art     : Explicit concurrent mark sweep GC freed 3(96B) AllocSpace objects, 0(0B) LOS objects, 23% free, 52MB/68MB, paused 334us total 19.328ms
08-05 17:44:49.018 27588 27600 I art     : Starting a blocking GC Explicit
08-05 17:44:49.037 27588 27600 I art     : Explicit concurrent mark sweep GC freed 3(96B) AllocSpace objects, 0(0B) LOS objects, 23% free, 52MB/68MB, paused 343us total 18.943ms
08-05 17:44:49.173 26632 26632 I ServiceManager: Waiting for service AtCmdFwd...
08-05 17:44:49.237   918  3261 D WifiStateMachine: starting scan for "H369AA63323"WPA_PSK with 2412,5180
08-05 17:44:49.355 27588 27626 I art     : Starting a blocking GC Explicit
08-05 17:44:49.374 27588 27626 I art     : Explicit concurrent mark sweep GC freed 1341(78KB) AllocSpace objects, 1(20KB) LOS objects, 23% free, 52MB/68MB, paused 360us total 19.108ms
08-05 17:44:49.382 27588 27626 I art     : Starting a blocking GC Explicit
08-05 17:44:49.401 27588 27626 I art     : Explicit concurrent mark sweep GC freed 20(704B) AllocSpace objects, 0(0B) LOS objects, 23% free, 52MB/68MB, paused 331us total 18.499ms
08-05 17:44:49.409 27588 27626 I art     : Starting a blocking GC Explicit
08-05 17:44:49.427 27588 27626 I art     : Explicit concurrent mark sweep GC freed 3(96B) AllocSpace objects, 0(0B) LOS objects, 23% free, 52MB/68MB, paused 374us total 18.029ms
08-05 17:44:49.435 27588 27626 I art     : Starting a blocking GC Explicit
08-05 17:44:49.454 27588 27626 I art     : Explicit concurrent mark sweep GC freed 3(96B) AllocSpace objects, 0(0B) LOS objects, 23% free, 52MB/68MB, paused 345us total 18.328ms
08-05 17:44:49.462 27588 27626 I art     : Starting a blocking GC Explicit
08-05 17:44:49.480 27588 27626 I art     : Explicit concurrent mark sweep GC freed 3(96B) AllocSpace objects, 0(0B) LOS objects, 23% free, 52MB/68MB, paused 350us total 18.150ms
08-05 17:44:49.765 28519 28519 D AndroidRuntime: >>>>>> START com.android.internal.os.RuntimeInit uid 2000 <<<<<<
08-05 17:44:49.770 28519 28519 D AndroidRuntime: CheckJNI is OFF
08-05 17:44:49.782 27588 27618 I art     : Starting a blocking GC Explicit
08-05 17:44:49.801 27588 27618 I art     : Explicit concurrent mark sweep GC freed 1341(78KB) AllocSpace objects, 1(20KB) LOS objects, 23% free, 52MB/68MB, paused 366us total 18.956ms
08-05 17:44:49.806 28519 28519 D ICU     : No timezone override file found: /data/misc/zoneinfo/current/icu/icu_tzdata.dat
08-05 17:44:49.810 27588 27618 I art     : Starting a blocking GC Explicit
08-05 17:44:49.828 27588 27618 I art     : Explicit concurrent mark sweep GC freed 20(704B) AllocSpace objects, 0(0B) LOS objects, 23% free, 52MB/68MB, paused 335us total 17.793ms
08-05 17:44:49.836 27588 27618 I art     : Starting a blocking GC Explicit
08-05 17:44:49.839 28519 28519 I Radio-JNI: register_android_hardware_Radio DONE
08-05 17:44:49.854 27588 27618 I art     : Explicit concurrent mark sweep GC freed 3(96B) AllocSpace objects, 0(0B) LOS objects, 23% free, 52MB/68MB, paused 348us total 17.848ms
08-05 17:44:49.862 28519 28519 D AndroidRuntime: Calling main entry com.android.commands.input.Input
08-05 17:44:49.862 27588 27618 I art     : Starting a blocking GC Explicit
08-05 17:44:49.863 28519 28519 I Input   : injectKeyEvent: KeyEvent { action=ACTION_DOWN, keyCode=KEYCODE_BACK, scanCode=0, metaState=0, flags=0x0, repeatCount=0, eventTime=812706276, downTime=812706276, deviceId=-1, source=0x101 }
08-05 17:44:49.869 28519 28519 I Input   : injectKeyEvent: KeyEvent { action=ACTION_UP, keyCode=KEYCODE_BACK, scanCode=0, metaState=0, flags=0x0, repeatCount=0, eventTime=812706276, downTime=812706276, deviceId=-1, source=0x101 }
08-05 17:44:49.875 28519 28519 D AndroidRuntime: Shutting down VM
08-05 17:44:49.879 27588 27618 I art     : Explicit concurrent mark sweep GC freed 52(1712B) AllocSpace objects, 0(0B) LOS objects, 23% free, 52MB/68MB, paused 477us total 16.801ms
08-05 17:44:49.887 27588 27618 I art     : Starting a blocking GC Explicit
08-05 17:44:49.904 27588 27618 I art     : Explicit concurrent mark sweep GC freed 95(4KB) AllocSpace objects, 0(0B) LOS objects, 23% free, 52MB/68MB, paused 311us total 16.501ms
08-05 17:44:49.916 13866 13866 I GoogleInputMethodServic: GoogleInputMethodService.onFinishInput():3138 
08-05 17:44:49.916 13866 13866 I GoogleInputMethodServic: GoogleInputMethodService.onStartInput():1808 
08-05 17:44:50.173 26632 26632 I ServiceManager: Waiting for service AtCmdFwd...
08-05 17:44:50.177 27588 27601 I art     : Starting a blocking GC Explicit
08-05 17:44:50.200 27588 27601 I art     : Explicit concurrent mark sweep GC freed 1370(79KB) AllocSpace objects, 1(20KB) LOS objects, 23% free, 52MB/68MB, paused 335us total 22.387ms
08-05 17:44:50.209 27588 27601 I art     : Starting a blocking GC Explicit
08-05 17:44:50.211   380   380 W SurfaceFlinger: couldn't log to binary event log: overflow.
08-05 17:44:50.228 27588 27601 I art     : Explicit concurrent mark sweep GC freed 134(9KB) AllocSpace objects, 0(0B) LOS objects, 23% free, 52MB/68MB, paused 333us total 19.640ms
08-05 17:44:50.236 27588 27601 I art     : Starting a blocking GC Explicit
08-05 17:44:50.253 27588 27601 I art     : Explicit concurrent mark sweep GC freed 112(5KB) AllocSpace objects, 0(0B) LOS objects, 23% free, 52MB/68MB, paused 325us total 16.694ms
08-05 17:44:50.260 27588 27601 I art     : Starting a blocking GC Explicit
08-05 17:44:50.278 27588 27601 I art     : Explicit concurrent mark sweep GC freed 1547(100KB) AllocSpace objects, 3(400KB) LOS objects, 23% free, 51MB/67MB, paused 313us total 17.335ms
08-05 17:44:50.285 27588 27601 I art     : Starting a blocking GC Explicit
08-05 17:44:50.302 27588 27601 I art     : Explicit concurrent mark sweep GC freed 3(96B) AllocSpace objects, 0(0B) LOS objects, 23% free, 51MB/67MB, paused 322us total 16.755ms
08-05 17:44:50.600 27588 27600 I art     : Starting a blocking GC Explicit
08-05 17:44:50.620 27588 27600 I art     : Explicit concurrent mark sweep GC freed 1341(78KB) AllocSpace objects, 1(20KB) LOS objects, 23% free, 51MB/67MB, paused 345us total 20.135ms
08-05 17:44:50.633 27588 27600 I art     : Starting a blocking GC Explicit
08-05 17:44:50.651 27588 27600 I art     : Explicit concurrent mark sweep GC freed 20(704B) AllocSpace objects, 0(0B) LOS objects, 23% free, 51MB/67MB, paused 398us total 18.369ms
08-05 17:44:50.659 27588 27600 I art     : Starting a blocking GC Explicit
08-05 17:44:50.678 27588 27600 I art     : Explicit concurrent mark sweep GC freed 3(96B) AllocSpace objects, 0(0B) LOS objects, 23% free, 51MB/67MB, paused 320us total 18.057ms
08-05 17:44:50.686 27588 27600 I art     : Starting a blocking GC Explicit
08-05 17:44:50.705 27588 27600 I art     : Explicit concurrent mark sweep GC freed 3(96B) AllocSpace objects, 0(0B) LOS objects, 23% free, 51MB/67MB, paused 304us total 18.705ms
08-05 17:44:50.714 27588 27600 I art     : Starting a blocking GC Explicit
08-05 17:44:50.733 27588 27600 I art     : Explicit concurrent mark sweep GC freed 3(96B) AllocSpace objects, 0(0B) LOS objects, 23% free, 51MB/67MB, paused 341us total 18.858ms
08-05 17:44:51.020 27588 27618 I art     : Starting a blocking GC Explicit
08-05 17:44:51.040 27588 27618 I art     : Explicit concurrent mark sweep GC freed 1340(78KB) AllocSpace objects, 1(20KB) LOS objects, 23% free, 51MB/67MB, paused 369us total 19.876ms
08-05 17:44:51.052 27588 27618 I art     : Starting a blocking GC Explicit
08-05 17:44:51.070 27588 27618 I art     : Explicit concurrent mark sweep GC freed 20(704B) AllocSpace objects, 0(0B) LOS objects, 23% free, 51MB/67MB, paused 337us total 18.370ms
08-05 17:44:51.078 27588 27618 I art     : Starting a blocking GC Explicit
08-05 17:44:51.096 27588 27618 I art     : Explicit concurrent mark sweep GC freed 3(96B) AllocSpace objects, 0(0B) LOS objects, 23% free, 51MB/67MB, paused 361us total 17.827ms
08-05 17:44:51.105 27588 27618 I art     : Starting a blocking GC Explicit
08-05 17:44:51.123 27588 27618 I art     : Explicit concurrent mark sweep GC freed 3(96B) AllocSpace objects, 0(0B) LOS objects, 23% free, 51MB/67MB, paused 313us total 17.794ms
08-05 17:44:51.132 27588 27618 I art     : Starting a blocking GC Explicit
08-05 17:44:51.149 27588 27618 I art     : Explicit concurrent mark sweep GC freed 3(96B) AllocSpace objects, 0(0B) LOS objects, 23% free, 51MB/67MB, paused 324us total 17.216ms
08-05 17:44:51.174 26632 26632 I ServiceManager: Waiting for service AtCmdFwd...
08-05 17:44:51.431 27588 27626 I art     : Starting a blocking GC Explicit
08-05 17:44:51.450 27588 27626 I art     : Explicit concurrent mark sweep GC freed 1340(78KB) AllocSpace objects, 1(20KB) LOS objects, 23% free, 51MB/67MB, paused 343us total 18.873ms
08-05 17:44:51.458 27588 27626 I art     : Starting a blocking GC Explicit
08-05 17:44:51.477 27588 27626 I art     : Explicit concurrent mark sweep GC freed 20(704B) AllocSpace objects, 0(0B) LOS objects, 23% free, 51MB/67MB, paused 408us total 18.373ms
08-05 17:44:51.485 27588 27626 I art     : Starting a blocking GC Explicit
08-05 17:44:51.504 27588 27626 I art     : Explicit concurrent mark sweep GC freed 3(96B) AllocSpace objects, 0(0B) LOS objects, 23% free, 51MB/67MB, paused 344us total 18.286ms
08-05 17:44:51.512 27588 27626 I art     : Starting a blocking GC Explicit
08-05 17:44:51.530 27588 27626 I art     : Explicit concurrent mark sweep GC freed 3(96B) AllocSpace objects, 0(0B) LOS objects, 23% free, 51MB/67MB, paused 354us total 18.098ms
08-05 17:44:51.533 28572 28572 D AndroidRuntime: >>>>>> START com.android.internal.os.RuntimeInit uid 2000 <<<<<<
08-05 17:44:51.538 28572 28572 D AndroidRuntime: CheckJNI is OFF
08-05 17:44:51.539 27588 27626 I art     : Starting a blocking GC Explicit
08-05 17:44:51.556 27588 27626 I art     : Explicit concurrent mark sweep GC freed 3(96B) AllocSpace objects, 0(0B) LOS objects, 23% free, 51MB/67MB, paused 328us total 17.097ms
08-05 17:44:51.574 28572 28572 D ICU     : No timezone override file found: /data/misc/zoneinfo/current/icu/icu_tzdata.dat
08-05 17:44:51.606 28572 28572 I Radio-JNI: register_android_hardware_Radio DONE
08-05 17:44:51.628 28572 28572 D AndroidRuntime: Calling main entry com.android.commands.input.Input
08-05 17:44:51.630 28572 28572 I Input   : injectMotionEvent: MotionEvent { action=ACTION_DOWN, actionButton=0, id[0]=0, x[0]=733.0, y[0]=1957.0, toolType[0]=TOOL_TYPE_UNKNOWN, buttonState=0, metaState=0, flags=0x0, edgeFlags=0x0, pointerCount=1, historySize=0, eventTime=812708042, downTime=812708042, deviceId=0, source=0x1002 }
08-05 17:44:51.635 28572 28572 I Input   : injectMotionEvent: MotionEvent { action=ACTION_UP, actionButton=0, id[0]=0, x[0]=733.0, y[0]=1957.0, toolType[0]=TOOL_TYPE_UNKNOWN, buttonState=0, metaState=0, flags=0x0, edgeFlags=0x0, pointerCount=1, historySize=0, eventTime=812708042, downTime=812708042, deviceId=0, source=0x1002 }
08-05 17:44:51.637   918  6110 I ActivityManager: START u0 {cmp=baseline.appteam.nith.hillffair/.activities.ClubActivity (has extras)} from uid 10675 on display 0
08-05 17:44:51.643 28572 28572 D AndroidRuntime: Shutting down VM
08-05 17:44:51.741 13866 13866 I GoogleInputMethodServic: GoogleInputMethodService.onFinishInput():3138 
08-05 17:44:51.741   918   936 I ActivityManager: Displayed baseline.appteam.nith.hillffair/.activities.ClubActivity: +97ms
08-05 17:44:51.741 13866 13866 I GoogleInputMethodServic: GoogleInputMethodService.onStartInput():1808 
08-05 17:44:51.802 27588 27626 I art     : Starting a blocking GC Explicit
08-05 17:44:51.821 27588 27626 I art     : Explicit concurrent mark sweep GC freed 5045(296KB) AllocSpace objects, 1(20KB) LOS objects, 23% free, 51MB/67MB, paused 359us total 18.508ms
08-05 17:44:51.829 27588 27626 I art     : Starting a blocking GC Explicit
08-05 17:44:51.847 27588 27626 I art     : Explicit concurrent mark sweep GC freed 211(9KB) AllocSpace objects, 0(0B) LOS objects, 23% free, 51MB/67MB, paused 401us total 18.208ms
08-05 17:44:51.856 27588 27626 I art     : Starting a blocking GC Explicit
08-05 17:44:51.875 27588 27626 I art     : Explicit concurrent mark sweep GC freed 3(96B) AllocSpace objects, 0(0B) LOS objects, 23% free, 51MB/67MB, paused 492us total 19.308ms
08-05 17:44:51.886 27588 27626 I art     : Starting a blocking GC Explicit
08-05 17:44:51.908 27588 27626 I art     : Explicit concurrent mark sweep GC freed 3(96B) AllocSpace objects, 0(0B) LOS objects, 23% free, 51MB/67MB, paused 384us total 21.913ms
08-05 17:44:51.919 27588 27626 I art     : Starting a blocking GC Explicit
08-05 17:44:51.940 27588 27626 I art     : Explicit concurrent mark sweep GC freed 3(96B) AllocSpace objects, 0(0B) LOS objects, 23% free, 51MB/67MB, paused 360us total 20.153ms
08-05 17:44:51.997   380   380 W SurfaceFlinger: couldn't log to binary event log: overflow.
08-05 17:44:52.174 26632 26632 W Atfwd_Sendcmd: AtCmdFwd service not published, waiting... retryCnt : 4
08-05 17:44:52.191 27588 27600 I art     : Starting a blocking GC Explicit
08-05 17:44:52.211 27588 27600 I art     : Explicit concurrent mark sweep GC freed 1456(84KB) AllocSpace objects, 1(20KB) LOS objects, 23% free, 51MB/67MB, paused 398us total 19.369ms
08-05 17:44:52.219 27588 27600 I art     : Starting a blocking GC Explicit
08-05 17:44:52.238 27588 27600 I art     : Explicit concurrent mark sweep GC freed 38(1344B) AllocSpace objects, 0(0B) LOS objects, 23% free, 51MB/67MB, paused 428us total 18.715ms
08-05 17:44:52.246 27588 27600 I art     : Starting a blocking GC Explicit
08-05 17:44:52.265 27588 27600 I art     : Explicit concurrent mark sweep GC freed 13(480B) AllocSpace objects, 0(0B) LOS objects, 23% free, 51MB/67MB, paused 393us total 18.860ms
08-05 17:44:52.274 27588 27600 I art     : Starting a blocking GC Explicit
08-05 17:44:52.292 27588 27600 I art     : Explicit concurrent mark sweep GC freed 10(352B) AllocSpace objects, 0(0B) LOS objects, 23% free, 51MB/67MB, paused 370us total 18.478ms
08-05 17:44:52.300 27588 27600 I art     : Starting a blocking GC Explicit
08-05 17:44:52.319 27588 27600 I art     : Explicit concurrent mark sweep GC freed 11(416B) AllocSpace objects, 0(0B) LOS objects, 23% free, 51MB/67MB, paused 376us total 18.321ms
08-05 17:44:52.538   518   646 I ThermalEngine: ACTION: GPU - Setting GPU[0] to 450000000
08-05 17:44:52.545 27588 28595 D OkHttp  : --> GET https://api-hillfair-2k16.herokuapp.com/api/app/events/special/event?id=58065620dcba0f490c70fe09 http/1.1
08-05 17:44:52.581 27588 28595 D OkHttp  : <-- 200 OK https://api-hillfair-2k16.herokuapp.com/api/app/events/special/event?id=58065620dcba0f490c70fe09 (36ms, 682-byte body)
08-05 17:44:52.613 27588 27618 I art     : Starting a blocking GC Explicit
08-05 17:44:52.631 27588 27588 I NAPPA_EXPERIMENTATION: MetricNetworkRequestExecutionTime: REQUEST_DURATION_SYSTEM='963',REQUEST_DURATION_OKHTTP='36',REQUEST_SYNCHRONOUS='FALSE',RESPONSE_CODE='200',RESPONSE_METHOD='GET',RESPONSE_LENGTH_OKHTTP='682',RESPONSE_LENGTH_HEADER='682',REQUEST_PROTOCOL='http/1.1',REQUEST_URL='https://api-hillfair-2k16.herokuapp.com/api/app/events/special/event?id=58065620dcba0f490c70fe09',
08-05 17:44:52.639 27588 27618 I art     : Explicit concurrent mark sweep GC freed 4407(270KB) AllocSpace objects, 4(220KB) LOS objects, 23% free, 52MB/68MB, paused 546us total 26.373ms
08-05 17:44:52.650 27588 27618 I art     : Starting a blocking GC Explicit
08-05 17:44:52.673 27588 27618 I art     : Explicit concurrent mark sweep GC freed 1394(166KB) AllocSpace objects, 0(0B) LOS objects, 23% free, 52MB/68MB, paused 640us total 23.222ms
08-05 17:44:52.683 27588 27618 I art     : Starting a blocking GC Explicit
08-05 17:44:52.706 27588 27618 I art     : Explicit concurrent mark sweep GC freed 75(22KB) AllocSpace objects, 0(0B) LOS objects, 23% free, 52MB/68MB, paused 461us total 22.512ms
08-05 17:44:52.717 27588 27618 I art     : Starting a blocking GC Explicit
08-05 17:44:52.739 27588 27618 I art     : Explicit concurrent mark sweep GC freed 6(192B) AllocSpace objects, 0(0B) LOS objects, 23% free, 52MB/68MB, paused 454us total 22.292ms
08-05 17:44:52.749 27588 27618 I art     : Starting a blocking GC Explicit
08-05 17:44:52.773 27588 27618 I art     : Explicit concurrent mark sweep GC freed 3(96B) AllocSpace objects, 0(0B) LOS objects, 23% free, 52MB/68MB, paused 480us total 24.093ms
08-05 17:44:53.068 27588 27601 I art     : Starting a blocking GC Explicit
08-05 17:44:53.093 27588 27601 I art     : Explicit concurrent mark sweep GC freed 1341(78KB) AllocSpace objects, 1(20KB) LOS objects, 23% free, 52MB/68MB, paused 485us total 25.006ms
08-05 17:44:53.106 27588 27601 I art     : Starting a blocking GC Explicit
08-05 17:44:53.131 27588 27601 I art     : Explicit concurrent mark sweep GC freed 36(1264B) AllocSpace objects, 0(0B) LOS objects, 23% free, 52MB/68MB, paused 482us total 23.889ms
08-05 17:44:53.141 27588 27601 I art     : Starting a blocking GC Explicit
08-05 17:44:53.166 27588 27601 I art     : Explicit concurrent mark sweep GC freed 3(96B) AllocSpace objects, 0(0B) LOS objects, 23% free, 52MB/68MB, paused 478us total 24.745ms
08-05 17:44:53.177 27588 27601 I art     : Starting a blocking GC Explicit
08-05 17:44:53.203 27588 27601 I art     : Explicit concurrent mark sweep GC freed 3(96B) AllocSpace objects, 0(0B) LOS objects, 23% free, 52MB/68MB, paused 480us total 24.815ms
08-05 17:44:53.214 27588 27601 I art     : Starting a blocking GC Explicit
08-05 17:44:53.238 27588 27601 I art     : Explicit concurrent mark sweep GC freed 3(96B) AllocSpace objects, 0(0B) LOS objects, 23% free, 52MB/68MB, paused 493us total 23.893ms
08-05 17:44:53.563 27588 27618 I art     : Starting a blocking GC Explicit
08-05 17:44:53.594 27588 27618 I art     : Explicit concurrent mark sweep GC freed 1341(78KB) AllocSpace objects, 1(20KB) LOS objects, 23% free, 52MB/68MB, paused 482us total 30.400ms
08-05 17:44:53.608 27588 27618 I art     : Starting a blocking GC Explicit
08-05 17:44:53.635 27588 27618 I art     : Explicit concurrent mark sweep GC freed 20(704B) AllocSpace objects, 0(0B) LOS objects, 23% free, 52MB/68MB, paused 485us total 27.184ms
08-05 17:44:53.647 27588 27618 I art     : Starting a blocking GC Explicit
08-05 17:44:53.674 27588 27618 I art     : Explicit concurrent mark sweep GC freed 3(96B) AllocSpace objects, 0(0B) LOS objects, 23% free, 52MB/68MB, paused 473us total 27.206ms
08-05 17:44:53.685 27588 27618 I art     : Starting a blocking GC Explicit
08-05 17:44:53.712 27588 27618 I art     : Explicit concurrent mark sweep GC freed 3(96B) AllocSpace objects, 0(0B) LOS objects, 23% free, 52MB/68MB, paused 454us total 26.200ms
08-05 17:44:53.723 27588 27618 I art     : Starting a blocking GC Explicit
08-05 17:44:53.748 27588 27618 I art     : Explicit concurrent mark sweep GC freed 3(96B) AllocSpace objects, 0(0B) LOS objects, 23% free, 52MB/68MB, paused 498us total 24.906ms
08-05 17:44:54.047 27588 27600 I art     : Starting a blocking GC Explicit
08-05 17:44:54.072 27588 27600 I art     : Explicit concurrent mark sweep GC freed 1341(78KB) AllocSpace objects, 1(20KB) LOS objects, 23% free, 52MB/68MB, paused 492us total 24.948ms
08-05 17:44:54.083 27588 27600 I art     : Starting a blocking GC Explicit
08-05 17:44:54.108 27588 27600 I art     : Explicit concurrent mark sweep GC freed 20(704B) AllocSpace objects, 0(0B) LOS objects, 23% free, 52MB/68MB, paused 491us total 23.975ms
08-05 17:44:54.118 27588 27600 I art     : Starting a blocking GC Explicit
08-05 17:44:54.142 27588 27600 I art     : Explicit concurrent mark sweep GC freed 3(96B) AllocSpace objects, 0(0B) LOS objects, 23% free, 52MB/68MB, paused 514us total 23.763ms
08-05 17:44:54.153 27588 27600 I art     : Starting a blocking GC Explicit
08-05 17:44:54.177 27588 27600 I art     : Explicit concurrent mark sweep GC freed 3(96B) AllocSpace objects, 0(0B) LOS objects, 23% free, 52MB/68MB, paused 553us total 23.916ms
08-05 17:44:54.188 27588 27600 I art     : Starting a blocking GC Explicit
08-05 17:44:54.213 27588 27600 I art     : Explicit concurrent mark sweep GC freed 3(96B) AllocSpace objects, 0(0B) LOS objects, 23% free, 52MB/68MB, paused 486us total 25.193ms
08-05 17:44:54.457 28650 28650 D AndroidRuntime: >>>>>> START com.android.internal.os.RuntimeInit uid 2000 <<<<<<
08-05 17:44:54.463 28650 28650 D AndroidRuntime: CheckJNI is OFF
08-05 17:44:54.507 28650 28650 D ICU     : No timezone override file found: /data/misc/zoneinfo/current/icu/icu_tzdata.dat
08-05 17:44:54.521 27588 27626 I art     : Starting a blocking GC Explicit
08-05 17:44:54.546 27588 27626 I art     : Explicit concurrent mark sweep GC freed 1341(78KB) AllocSpace objects, 1(20KB) LOS objects, 23% free, 52MB/68MB, paused 507us total 24.656ms
08-05 17:44:54.550 28650 28650 I Radio-JNI: register_android_hardware_Radio DONE
08-05 17:44:54.557 27588 27626 I art     : Starting a blocking GC Explicit
08-05 17:44:54.581 28650 28650 D AndroidRuntime: Calling main entry com.android.commands.input.Input
08-05 17:44:54.582 27588 27626 I art     : Explicit concurrent mark sweep GC freed 20(704B) AllocSpace objects, 0(0B) LOS objects, 23% free, 52MB/68MB, paused 532us total 24.978ms
08-05 17:44:54.583 28650 28650 I Input   : injectKeyEvent: KeyEvent { action=ACTION_DOWN, keyCode=KEYCODE_BACK, scanCode=0, metaState=0, flags=0x0, repeatCount=0, eventTime=812710996, downTime=812710996, deviceId=-1, source=0x101 }
08-05 17:44:54.593 28650 28650 I Input   : injectKeyEvent: KeyEvent { action=ACTION_UP, keyCode=KEYCODE_BACK, scanCode=0, metaState=0, flags=0x0, repeatCount=0, eventTime=812710996, downTime=812710996, deviceId=-1, source=0x101 }
08-05 17:44:54.593 27588 27626 I art     : Starting a blocking GC Explicit
08-05 17:44:54.600 28650 28650 D AndroidRuntime: Shutting down VM
08-05 17:44:54.616 27588 27626 I art     : Explicit concurrent mark sweep GC freed 136(6KB) AllocSpace objects, 0(0B) LOS objects, 23% free, 52MB/68MB, paused 599us total 23.316ms
08-05 17:44:54.628 27588 27626 I art     : Starting a blocking GC Explicit
08-05 17:44:54.644 13866 13866 I GoogleInputMethodServic: GoogleInputMethodService.onFinishInput():3138 
08-05 17:44:54.644 13866 13866 I GoogleInputMethodServic: GoogleInputMethodService.onStartInput():1808 
08-05 17:44:54.650 27588 27626 I art     : Explicit concurrent mark sweep GC freed 12(368B) AllocSpace objects, 0(0B) LOS objects, 23% free, 52MB/68MB, paused 714us total 21.265ms
08-05 17:44:54.660 27588 27626 I art     : Starting a blocking GC Explicit
08-05 17:44:54.682 27588 27626 I art     : Explicit concurrent mark sweep GC freed 30(1120B) AllocSpace objects, 0(0B) LOS objects, 23% free, 52MB/68MB, paused 456us total 22.082ms
08-05 17:44:54.949   380   380 W SurfaceFlinger: couldn't log to binary event log: overflow.
08-05 17:44:54.963 27588 27626 I art     : Starting a blocking GC Explicit
08-05 17:44:54.987 27588 27626 I art     : Explicit concurrent mark sweep GC freed 1457(87KB) AllocSpace objects, 1(20KB) LOS objects, 23% free, 52MB/68MB, paused 484us total 24.221ms
08-05 17:44:54.998 27588 27626 I art     : Starting a blocking GC Explicit
08-05 17:44:55.022 27588 27626 I art     : Explicit concurrent mark sweep GC freed 1672(106KB) AllocSpace objects, 3(400KB) LOS objects, 23% free, 51MB/67MB, paused 471us total 23.690ms
08-05 17:44:55.032 27588 27626 I art     : Starting a blocking GC Explicit
08-05 17:44:55.055 27588 27626 I art     : Explicit concurrent mark sweep GC freed 3(96B) AllocSpace objects, 0(0B) LOS objects, 23% free, 51MB/67MB, paused 497us total 22.931ms
08-05 17:44:55.066 27588 27626 I art     : Starting a blocking GC Explicit
08-05 17:44:55.090 27588 27626 I art     : Explicit concurrent mark sweep GC freed 3(96B) AllocSpace objects, 0(0B) LOS objects, 23% free, 51MB/67MB, paused 480us total 23.854ms
08-05 17:44:55.101 27588 27626 I art     : Starting a blocking GC Explicit
08-05 17:44:55.125 27588 27626 I art     : Explicit concurrent mark sweep GC freed 3(96B) AllocSpace objects, 0(0B) LOS objects, 23% free, 51MB/67MB, paused 478us total 24.011ms
08-05 17:44:55.431 27588 27601 I art     : Starting a blocking GC Explicit
08-05 17:44:55.463 27588 27601 I art     : Explicit concurrent mark sweep GC freed 1341(78KB) AllocSpace objects, 1(20KB) LOS objects, 23% free, 51MB/67MB, paused 523us total 31.696ms
08-05 17:44:55.476 27588 27601 I art     : Starting a blocking GC Explicit
08-05 17:44:55.501 27588 27601 I art     : Explicit concurrent mark sweep GC freed 20(704B) AllocSpace objects, 0(0B) LOS objects, 23% free, 51MB/67MB, paused 527us total 24.617ms
08-05 17:44:55.512 27588 27601 I art     : Starting a blocking GC Explicit
08-05 17:44:55.536 27588 27601 I art     : Explicit concurrent mark sweep GC freed 3(96B) AllocSpace objects, 0(0B) LOS objects, 23% free, 51MB/67MB, paused 480us total 24.078ms
08-05 17:44:55.547 27588 27601 I art     : Starting a blocking GC Explicit
08-05 17:44:55.571 27588 27601 I art     : Explicit concurrent mark sweep GC freed 3(96B) AllocSpace objects, 0(0B) LOS objects, 23% free, 51MB/67MB, paused 483us total 24.013ms
08-05 17:44:55.582 27588 27601 I art     : Starting a blocking GC Explicit
08-05 17:44:55.606 27588 27601 I art     : Explicit concurrent mark sweep GC freed 3(96B) AllocSpace objects, 0(0B) LOS objects, 23% free, 51MB/67MB, paused 506us total 23.918ms
08-05 17:44:55.907 27588 27618 I art     : Starting a blocking GC Explicit
08-05 17:44:55.931 27588 27618 I art     : Explicit concurrent mark sweep GC freed 1340(78KB) AllocSpace objects, 1(20KB) LOS objects, 23% free, 51MB/67MB, paused 489us total 24.305ms
08-05 17:44:55.942 27588 27618 I art     : Starting a blocking GC Explicit
08-05 17:44:55.965 27588 27618 I art     : Explicit concurrent mark sweep GC freed 20(704B) AllocSpace objects, 0(0B) LOS objects, 23% free, 51MB/67MB, paused 481us total 22.916ms
08-05 17:44:55.976 27588 27618 I art     : Starting a blocking GC Explicit
08-05 17:44:55.999 27588 27618 I art     : Explicit concurrent mark sweep GC freed 3(96B) AllocSpace objects, 0(0B) LOS objects, 23% free, 51MB/67MB, paused 476us total 22.706ms
08-05 17:44:56.009 27588 27618 I art     : Starting a blocking GC Explicit
08-05 17:44:56.033 27588 27618 I art     : Explicit concurrent mark sweep GC freed 3(96B) AllocSpace objects, 0(0B) LOS objects, 23% free, 51MB/67MB, paused 477us total 23.295ms
08-05 17:44:56.043 27588 27618 I art     : Starting a blocking GC Explicit
08-05 17:44:56.066 27588 27618 I art     : Explicit concurrent mark sweep GC freed 3(96B) AllocSpace objects, 0(0B) LOS objects, 23% free, 51MB/67MB, paused 467us total 22.623ms
08-05 17:44:56.376 28713 28713 D AndroidRuntime: >>>>>> START com.android.internal.os.RuntimeInit uid 2000 <<<<<<
08-05 17:44:56.383 28713 28713 D AndroidRuntime: CheckJNI is OFF
08-05 17:44:56.385 27588 27600 I art     : Starting a blocking GC Explicit
08-05 17:44:56.410 27588 27600 I art     : Explicit concurrent mark sweep GC freed 1340(78KB) AllocSpace objects, 1(20KB) LOS objects, 23% free, 51MB/67MB, paused 500us total 25.610ms
08-05 17:44:56.421 27588 27600 I art     : Starting a blocking GC Explicit
08-05 17:44:56.433 28713 28713 D ICU     : No timezone override file found: /data/misc/zoneinfo/current/icu/icu_tzdata.dat
08-05 17:44:56.446 27588 27600 I art     : Explicit concurrent mark sweep GC freed 20(704B) AllocSpace objects, 0(0B) LOS objects, 23% free, 51MB/67MB, paused 520us total 24.627ms
08-05 17:44:56.456 27588 27600 I art     : Starting a blocking GC Explicit
08-05 17:44:56.479 28713 28713 I Radio-JNI: register_android_hardware_Radio DONE
08-05 17:44:56.481 27588 27600 I art     : Explicit concurrent mark sweep GC freed 3(96B) AllocSpace objects, 0(0B) LOS objects, 23% free, 51MB/67MB, paused 527us total 23.934ms
08-05 17:44:56.491 27588 27600 I art     : Starting a blocking GC Explicit
08-05 17:44:56.509 28713 28713 D AndroidRuntime: Calling main entry com.android.commands.input.Input
08-05 17:44:56.511 28713 28713 I Input   : injectMotionEvent: MotionEvent { action=ACTION_DOWN, actionButton=0, id[0]=0, x[0]=733.0, y[0]=1957.0, toolType[0]=TOOL_TYPE_UNKNOWN, buttonState=0, metaState=0, flags=0x0, edgeFlags=0x0, pointerCount=1, historySize=0, eventTime=812712923, downTime=812712923, deviceId=0, source=0x1002 }
08-05 17:44:56.516 27588 27600 I art     : Explicit concurrent mark sweep GC freed 3(96B) AllocSpace objects, 0(0B) LOS objects, 23% free, 51MB/67MB, paused 497us total 24.469ms
08-05 17:44:56.520 28713 28713 I Input   : injectMotionEvent: MotionEvent { action=ACTION_UP, actionButton=0, id[0]=0, x[0]=733.0, y[0]=1957.0, toolType[0]=TOOL_TYPE_UNKNOWN, buttonState=0, metaState=0, flags=0x0, edgeFlags=0x0, pointerCount=1, historySize=0, eventTime=812712923, downTime=812712923, deviceId=0, source=0x1002 }
08-05 17:44:56.522   918  3696 I ActivityManager: START u0 {cmp=baseline.appteam.nith.hillffair/.activities.ClubActivity (has extras)} from uid 10675 on display 0
08-05 17:44:56.527 27588 27600 I art     : Starting a blocking GC Explicit
08-05 17:44:56.531 28713 28713 D AndroidRuntime: Shutting down VM
08-05 17:44:56.551 27588 27600 I art     : Explicit concurrent mark sweep GC freed 139(9KB) AllocSpace objects, 0(0B) LOS objects, 23% free, 51MB/67MB, paused 703us total 23.594ms
08-05 17:44:56.631 13866 13866 I GoogleInputMethodServic: GoogleInputMethodService.onFinishInput():3138 
08-05 17:44:56.631   918   936 I ActivityManager: Displayed baseline.appteam.nith.hillffair/.activities.ClubActivity: +100ms
08-05 17:44:56.632 13866 13866 I GoogleInputMethodServic: GoogleInputMethodService.onStartInput():1808 
08-05 17:44:56.832 27588 27626 I art     : Starting a blocking GC Explicit
08-05 17:44:56.862 27588 27626 I art     : Explicit concurrent mark sweep GC freed 5188(325KB) AllocSpace objects, 1(20KB) LOS objects, 23% free, 52MB/68MB, paused 573us total 29.727ms
08-05 17:44:56.874 27588 27626 I art     : Starting a blocking GC Explicit
08-05 17:44:56.885   380   380 W SurfaceFlinger: couldn't log to binary event log: overflow.
08-05 17:44:56.901 27588 27626 I art     : Explicit concurrent mark sweep GC freed 186(8KB) AllocSpace objects, 0(0B) LOS objects, 23% free, 52MB/68MB, paused 513us total 26.351ms
08-05 17:44:56.911 27588 27626 I art     : Starting a blocking GC Explicit
08-05 17:44:56.933 27588 27626 I art     : Explicit concurrent mark sweep GC freed 3(96B) AllocSpace objects, 0(0B) LOS objects, 23% free, 52MB/68MB, paused 543us total 21.891ms
08-05 17:44:56.943 27588 27626 I art     : Starting a blocking GC Explicit
08-05 17:44:56.965 27588 27626 I art     : Explicit concurrent mark sweep GC freed 3(96B) AllocSpace objects, 0(0B) LOS objects, 23% free, 52MB/68MB, paused 537us total 21.857ms
08-05 17:44:56.975 27588 27626 I art     : Starting a blocking GC Explicit
08-05 17:44:56.999 27588 27626 I art     : Explicit concurrent mark sweep GC freed 3(96B) AllocSpace objects, 0(0B) LOS objects, 23% free, 52MB/68MB, paused 541us total 23.555ms
08-05 17:44:57.285 27588 27601 I art     : Starting a blocking GC Explicit
08-05 17:44:57.318 27588 27601 I art     : Explicit concurrent mark sweep GC freed 1494(86KB) AllocSpace objects, 1(20KB) LOS objects, 23% free, 52MB/68MB, paused 936us total 32.666ms
08-05 17:44:57.330 27588 27601 I art     : Starting a blocking GC Explicit
08-05 17:44:57.351 27588 28736 D OkHttp  : --> GET https://api-hillfair-2k16.herokuapp.com/api/app/events/special/event?id=58065620dcba0f490c70fe09 http/1.1
08-05 17:44:57.355 27588 27601 I art     : Explicit concurrent mark sweep GC freed 2645(135KB) AllocSpace objects, 2(120KB) LOS objects, 23% free, 52MB/68MB, paused 654us total 24.726ms
08-05 17:44:57.365 27588 27601 I art     : Starting a blocking GC Explicit
08-05 17:44:57.388 27588 27601 I art     : Explicit concurrent mark sweep GC freed 959(117KB) AllocSpace objects, 1(80KB) LOS objects, 23% free, 52MB/68MB, paused 535us total 23.147ms
08-05 17:44:57.394 27588 28736 D OkHttp  : <-- 200 OK https://api-hillfair-2k16.herokuapp.com/api/app/events/special/event?id=58065620dcba0f490c70fe09 (42ms, 682-byte body)
08-05 17:44:57.398 27588 27601 I art     : Starting a blocking GC Explicit
08-05 17:44:57.422 27588 27601 I art     : Explicit concurrent mark sweep GC freed 222(34KB) AllocSpace objects, 0(0B) LOS objects, 23% free, 52MB/68MB, paused 512us total 23.419ms
08-05 17:44:57.433 27588 27601 I art     : Starting a blocking GC Explicit
08-05 17:44:57.437 27588 27588 I NAPPA_EXPERIMENTATION: MetricNetworkRequestExecutionTime: REQUEST_DURATION_SYSTEM='870',REQUEST_DURATION_OKHTTP='43',REQUEST_SYNCHRONOUS='FALSE',RESPONSE_CODE='200',RESPONSE_METHOD='GET',RESPONSE_LENGTH_OKHTTP='682',RESPONSE_LENGTH_HEADER='682',REQUEST_PROTOCOL='http/1.1',REQUEST_URL='https://api-hillfair-2k16.herokuapp.com/api/app/events/special/event?id=58065620dcba0f490c70fe09',
08-05 17:44:57.458 27588 27601 I art     : Explicit concurrent mark sweep GC freed 611(63KB) AllocSpace objects, 0(0B) LOS objects, 23% free, 52MB/68MB, paused 930us total 24.367ms
08-05 17:44:57.752 27588 27601 I art     : Starting a blocking GC Explicit
08-05 17:44:57.778 27588 27601 I art     : Explicit concurrent mark sweep GC freed 1400(80KB) AllocSpace objects, 1(20KB) LOS objects, 23% free, 52MB/68MB, paused 573us total 26.114ms
08-05 17:44:57.789 27588 27601 I art     : Starting a blocking GC Explicit
08-05 17:44:57.814 27588 27601 I art     : Explicit concurrent mark sweep GC freed 20(704B) AllocSpace objects, 0(0B) LOS objects, 23% free, 52MB/68MB, paused 502us total 24.593ms
08-05 17:44:57.825 27588 27601 I art     : Starting a blocking GC Explicit
08-05 17:44:57.849 27588 27601 I art     : Explicit concurrent mark sweep GC freed 19(656B) AllocSpace objects, 0(0B) LOS objects, 23% free, 52MB/68MB, paused 496us total 23.918ms
08-05 17:44:57.860 27588 27601 I art     : Starting a blocking GC Explicit
08-05 17:44:57.886 27588 27601 I art     : Explicit concurrent mark sweep GC freed 3(96B) AllocSpace objects, 0(0B) LOS objects, 23% free, 52MB/68MB, paused 514us total 25.140ms
08-05 17:44:57.897 27588 27601 I art     : Starting a blocking GC Explicit
08-05 17:44:57.922 27588 27601 I art     : Explicit concurrent mark sweep GC freed 3(96B) AllocSpace objects, 0(0B) LOS objects, 23% free, 52MB/68MB, paused 480us total 24.805ms
08-05 17:44:58.233 27588 27618 I art     : Starting a blocking GC Explicit
08-05 17:44:58.270 27588 27618 I art     : Explicit concurrent mark sweep GC freed 1341(78KB) AllocSpace objects, 1(20KB) LOS objects, 23% free, 52MB/68MB, paused 593us total 36.203ms
08-05 17:44:58.283 27588 27618 I art     : Starting a blocking GC Explicit
08-05 17:44:58.309 27588 27618 I art     : Explicit concurrent mark sweep GC freed 20(704B) AllocSpace objects, 0(0B) LOS objects, 23% free, 52MB/68MB, paused 520us total 25.506ms
08-05 17:44:58.320 27588 27618 I art     : Starting a blocking GC Explicit
08-05 17:44:58.347 27588 27618 I art     : Explicit concurrent mark sweep GC freed 3(96B) AllocSpace objects, 0(0B) LOS objects, 23% free, 52MB/68MB, paused 501us total 26.412ms
08-05 17:44:58.358 27588 27618 I art     : Starting a blocking GC Explicit
08-05 17:44:58.386 27588 27618 I art     : Explicit concurrent mark sweep GC freed 3(96B) AllocSpace objects, 0(0B) LOS objects, 23% free, 52MB/68MB, paused 523us total 27.540ms
08-05 17:44:58.397 27588 27618 I art     : Starting a blocking GC Explicit
08-05 17:44:58.425 27588 27618 I art     : Explicit concurrent mark sweep GC freed 3(96B) AllocSpace objects, 0(0B) LOS objects, 23% free, 52MB/68MB, paused 496us total 27.191ms
08-05 17:44:58.747 27588 27600 I art     : Starting a blocking GC Explicit
08-05 17:44:58.777 27588 27600 I art     : Explicit concurrent mark sweep GC freed 1341(78KB) AllocSpace objects, 1(20KB) LOS objects, 23% free, 52MB/68MB, paused 491us total 28.971ms
08-05 17:44:58.787 27588 27600 I art     : Starting a blocking GC Explicit
08-05 17:44:58.813 27588 27600 I art     : Explicit concurrent mark sweep GC freed 20(704B) AllocSpace objects, 0(0B) LOS objects, 23% free, 52MB/68MB, paused 484us total 25.053ms
08-05 17:44:58.824 27588 27600 I art     : Starting a blocking GC Explicit
08-05 17:44:58.847 27588 27600 I art     : Explicit concurrent mark sweep GC freed 3(96B) AllocSpace objects, 0(0B) LOS objects, 23% free, 52MB/68MB, paused 547us total 23.425ms
08-05 17:44:58.858 27588 27600 I art     : Starting a blocking GC Explicit
08-05 17:44:58.882 27588 27600 I art     : Explicit concurrent mark sweep GC freed 3(96B) AllocSpace objects, 0(0B) LOS objects, 23% free, 52MB/68MB, paused 500us total 24.016ms
08-05 17:44:58.893 27588 27600 I art     : Starting a blocking GC Explicit
08-05 17:44:58.917 27588 27600 I art     : Explicit concurrent mark sweep GC freed 3(96B) AllocSpace objects, 0(0B) LOS objects, 23% free, 52MB/68MB, paused 608us total 24.128ms
08-05 17:44:59.237 27588 27626 I art     : Starting a blocking GC Explicit
08-05 17:44:59.267 27588 27626 I art     : Explicit concurrent mark sweep GC freed 1341(78KB) AllocSpace objects, 1(20KB) LOS objects, 23% free, 52MB/68MB, paused 556us total 29.428ms
08-05 17:44:59.281 27588 27626 I art     : Starting a blocking GC Explicit
08-05 17:44:59.307 27588 27626 I art     : Explicit concurrent mark sweep GC freed 20(704B) AllocSpace objects, 0(0B) LOS objects, 23% free, 52MB/68MB, paused 605us total 25.725ms
08-05 17:44:59.318 27588 27626 I art     : Starting a blocking GC Explicit
08-05 17:44:59.334 28788 28788 D AndroidRuntime: >>>>>> START com.android.internal.os.RuntimeInit uid 2000 <<<<<<
08-05 17:44:59.340 28788 28788 D AndroidRuntime: CheckJNI is OFF
08-05 17:44:59.344 27588 27626 I art     : Explicit concurrent mark sweep GC freed 3(96B) AllocSpace objects, 0(0B) LOS objects, 23% free, 52MB/68MB, paused 542us total 25.569ms
08-05 17:44:59.355 27588 27626 I art     : Starting a blocking GC Explicit
08-05 17:44:59.380 27588 27626 I art     : Explicit concurrent mark sweep GC freed 3(96B) AllocSpace objects, 0(0B) LOS objects, 23% free, 52MB/68MB, paused 530us total 25.052ms
08-05 17:44:59.386 28788 28788 D ICU     : No timezone override file found: /data/misc/zoneinfo/current/icu/icu_tzdata.dat
08-05 17:44:59.391 27588 27626 I art     : Starting a blocking GC Explicit
08-05 17:44:59.416 27588 27626 I art     : Explicit concurrent mark sweep GC freed 3(96B) AllocSpace objects, 0(0B) LOS objects, 23% free, 52MB/68MB, paused 533us total 25.405ms
08-05 17:44:59.434 28788 28788 I Radio-JNI: register_android_hardware_Radio DONE
08-05 17:44:59.464 28788 28788 D AndroidRuntime: Calling main entry com.android.commands.input.Input
08-05 17:44:59.466 28788 28788 I Input   : injectKeyEvent: KeyEvent { action=ACTION_DOWN, keyCode=KEYCODE_BACK, scanCode=0, metaState=0, flags=0x0, repeatCount=0, eventTime=812715879, downTime=812715879, deviceId=-1, source=0x101 }
08-05 17:44:59.473 28788 28788 I Input   : injectKeyEvent: KeyEvent { action=ACTION_UP, keyCode=KEYCODE_BACK, scanCode=0, metaState=0, flags=0x0, repeatCount=0, eventTime=812715879, downTime=812715879, deviceId=-1, source=0x101 }
08-05 17:44:59.480 28788 28788 D AndroidRuntime: Shutting down VM
08-05 17:44:59.518 13866 13866 I GoogleInputMethodServic: GoogleInputMethodService.onFinishInput():3138 
08-05 17:44:59.519 13866 13866 I GoogleInputMethodServic: GoogleInputMethodService.onStartInput():1808 
08-05 17:44:59.697 27588 27618 I art     : Starting a blocking GC Explicit
08-05 17:44:59.727 27588 27618 I art     : Explicit concurrent mark sweep GC freed 1510(85KB) AllocSpace objects, 1(20KB) LOS objects, 23% free, 52MB/68MB, paused 588us total 29.357ms
08-05 17:44:59.740 27588 27618 I art     : Starting a blocking GC Explicit
08-05 17:44:59.769 27588 27618 I art     : Explicit concurrent mark sweep GC freed 26(944B) AllocSpace objects, 0(0B) LOS objects, 23% free, 52MB/68MB, paused 498us total 29.237ms
08-05 17:44:59.782 27588 27618 I art     : Starting a blocking GC Explicit
08-05 17:44:59.804   380   380 W SurfaceFlinger: couldn't log to binary event log: overflow.
08-05 17:44:59.807 27588 27618 I art     : Explicit concurrent mark sweep GC freed 89(7KB) AllocSpace objects, 0(0B) LOS objects, 23% free, 52MB/68MB, paused 819us total 24.351ms
08-05 17:44:59.821 27588 27618 I art     : Starting a blocking GC Explicit
08-05 17:44:59.843 27588 27618 I art     : Explicit concurrent mark sweep GC freed 26(1232B) AllocSpace objects, 0(0B) LOS objects, 23% free, 52MB/68MB, paused 486us total 21.867ms
08-05 17:44:59.853 27588 27618 I art     : Starting a blocking GC Explicit
08-05 17:44:59.875 27588 27618 I art     : Explicit concurrent mark sweep GC freed 1655(106KB) AllocSpace objects, 3(400KB) LOS objects, 23% free, 51MB/67MB, paused 479us total 22.281ms
08-05 17:45:00.167 27588 27601 I art     : Starting a blocking GC Explicit
08-05 17:45:00.194 27588 27601 I art     : Explicit concurrent mark sweep GC freed 1342(78KB) AllocSpace objects, 1(20KB) LOS objects, 23% free, 51MB/67MB, paused 559us total 26.179ms
08-05 17:45:00.208 27588 27601 I art     : Starting a blocking GC Explicit
08-05 17:45:00.232 27588 27601 I art     : Explicit concurrent mark sweep GC freed 20(704B) AllocSpace objects, 0(0B) LOS objects, 23% free, 51MB/67MB, paused 510us total 23.995ms
08-05 17:45:00.243 27588 27601 I art     : Starting a blocking GC Explicit
08-05 17:45:00.267 27588 27601 I art     : Explicit concurrent mark sweep GC freed 3(96B) AllocSpace objects, 0(0B) LOS objects, 23% free, 51MB/67MB, paused 594us total 23.895ms
08-05 17:45:00.278 27588 27601 I art     : Starting a blocking GC Explicit
08-05 17:45:00.301 27588 27601 I art     : Explicit concurrent mark sweep GC freed 3(96B) AllocSpace objects, 0(0B) LOS objects, 23% free, 51MB/67MB, paused 541us total 23.541ms
08-05 17:45:00.312 27588 27601 I art     : Starting a blocking GC Explicit
08-05 17:45:00.337 27588 27601 I art     : Explicit concurrent mark sweep GC freed 3(96B) AllocSpace objects, 0(0B) LOS objects, 23% free, 51MB/67MB, paused 511us total 24.344ms
08-05 17:45:00.629 27588 27626 I art     : Starting a blocking GC Explicit
08-05 17:45:00.658 27588 27626 I art     : Explicit concurrent mark sweep GC freed 1340(78KB) AllocSpace objects, 1(20KB) LOS objects, 23% free, 51MB/67MB, paused 587us total 28.929ms
08-05 17:45:00.671 27588 27626 I art     : Starting a blocking GC Explicit
08-05 17:45:00.696 27588 27626 I art     : Explicit concurrent mark sweep GC freed 20(704B) AllocSpace objects, 0(0B) LOS objects, 23% free, 51MB/67MB, paused 515us total 24.617ms
08-05 17:45:00.707 27588 27626 I art     : Starting a blocking GC Explicit
08-05 17:45:00.730 27588 27626 I art     : Explicit concurrent mark sweep GC freed 3(96B) AllocSpace objects, 0(0B) LOS objects, 23% free, 51MB/67MB, paused 507us total 23.309ms
08-05 17:45:00.742 27588 27626 I art     : Starting a blocking GC Explicit
08-05 17:45:00.764 27588 27626 I art     : Explicit concurrent mark sweep GC freed 3(96B) AllocSpace objects, 0(0B) LOS objects, 23% free, 51MB/67MB, paused 500us total 22.616ms
08-05 17:45:00.775 27588 27626 I art     : Starting a blocking GC Explicit
08-05 17:45:00.798 27588 27626 I art     : Explicit concurrent mark sweep GC freed 3(96B) AllocSpace objects, 0(0B) LOS objects, 23% free, 51MB/67MB, paused 513us total 23.282ms
08-05 17:45:01.092 27588 27600 I art     : Starting a blocking GC Explicit
08-05 17:45:01.121 27588 27600 I art     : Explicit concurrent mark sweep GC freed 1340(78KB) AllocSpace objects, 1(20KB) LOS objects, 23% free, 51MB/67MB, paused 534us total 28.860ms
08-05 17:45:01.134 27588 27600 I art     : Starting a blocking GC Explicit
08-05 17:45:01.160 27588 27600 I art     : Explicit concurrent mark sweep GC freed 20(704B) AllocSpace objects, 0(0B) LOS objects, 23% free, 51MB/67MB, paused 523us total 25.194ms
08-05 17:45:01.171 27588 27600 I art     : Starting a blocking GC Explicit
08-05 17:45:01.196 27588 27600 I art     : Explicit concurrent mark sweep GC freed 3(96B) AllocSpace objects, 0(0B) LOS objects, 23% free, 51MB/67MB, paused 531us total 25.059ms
08-05 17:45:01.207 27588 27600 I art     : Starting a blocking GC Explicit
08-05 17:45:01.231 27588 27600 I art     : Explicit concurrent mark sweep GC freed 3(96B) AllocSpace objects, 0(0B) LOS objects, 23% free, 51MB/67MB, paused 504us total 24.229ms
08-05 17:45:01.242 27588 27600 I art     : Starting a blocking GC Explicit
08-05 17:45:01.267 27588 27600 I art     : Explicit concurrent mark sweep GC freed 3(96B) AllocSpace objects, 0(0B) LOS objects, 23% free, 51MB/67MB, paused 556us total 24.406ms
08-05 17:45:01.271 28842 28842 D AndroidRuntime: >>>>>> START com.android.internal.os.RuntimeInit uid 2000 <<<<<<
08-05 17:45:01.278 28842 28842 D AndroidRuntime: CheckJNI is OFF
08-05 17:45:01.322 28842 28842 D ICU     : No timezone override file found: /data/misc/zoneinfo/current/icu/icu_tzdata.dat
08-05 17:45:01.368 28842 28842 I Radio-JNI: register_android_hardware_Radio DONE
08-05 17:45:01.400 28842 28842 D AndroidRuntime: Calling main entry com.android.commands.input.Input
08-05 17:45:01.403 28842 28842 I Input   : injectMotionEvent: MotionEvent { action=ACTION_DOWN, actionButton=0, id[0]=0, x[0]=733.0, y[0]=645.0, toolType[0]=TOOL_TYPE_UNKNOWN, buttonState=0, metaState=0, flags=0x0, edgeFlags=0x0, pointerCount=1, historySize=0, eventTime=812717815, downTime=812717815, deviceId=0, source=0x1002 }
08-05 17:45:01.409 28842 28842 I Input   : injectMotionEvent: MotionEvent { action=ACTION_UP, actionButton=0, id[0]=0, x[0]=733.0, y[0]=645.0, toolType[0]=TOOL_TYPE_UNKNOWN, buttonState=0, metaState=0, flags=0x0, edgeFlags=0x0, pointerCount=1, historySize=0, eventTime=812717815, downTime=812717815, deviceId=0, source=0x1002 }
08-05 17:45:01.410   918  3696 I ActivityManager: START u0 {cmp=baseline.appteam.nith.hillffair/.activities.ClubActivity (has extras)} from uid 10675 on display 0
08-05 17:45:01.417 28842 28842 D AndroidRuntime: Shutting down VM
08-05 17:45:01.522   918   936 I ActivityManager: Displayed baseline.appteam.nith.hillffair/.activities.ClubActivity: +104ms
08-05 17:45:01.522 13866 13866 I GoogleInputMethodServic: GoogleInputMethodService.onFinishInput():3138 
08-05 17:45:01.523 13866 13866 I GoogleInputMethodServic: GoogleInputMethodService.onStartInput():1808 
08-05 17:45:01.555 27588 27600 I art     : Starting a blocking GC Explicit
08-05 17:45:01.579 27588 27600 I art     : Explicit concurrent mark sweep GC freed 5284(330KB) AllocSpace objects, 1(20KB) LOS objects, 23% free, 52MB/68MB, paused 557us total 24.226ms
08-05 17:45:01.589 27588 27600 I art     : Starting a blocking GC Explicit
08-05 17:45:01.613 27588 27600 I art     : Explicit concurrent mark sweep GC freed 209(9KB) AllocSpace objects, 0(0B) LOS objects, 23% free, 52MB/68MB, paused 520us total 23.568ms
08-05 17:45:01.624 27588 27600 I art     : Starting a blocking GC Explicit
08-05 17:45:01.650 27588 27600 I art     : Explicit concurrent mark sweep GC freed 3(96B) AllocSpace objects, 0(0B) LOS objects, 23% free, 52MB/68MB, paused 555us total 26.340ms
08-05 17:45:01.663 27588 27600 I art     : Starting a blocking GC Explicit
08-05 17:45:01.691 27588 27600 I art     : Explicit concurrent mark sweep GC freed 3(96B) AllocSpace objects, 0(0B) LOS objects, 23% free, 52MB/68MB, paused 593us total 28.027ms
08-05 17:45:01.705 27588 27600 I art     : Starting a blocking GC Explicit
08-05 17:45:01.738 27588 27600 I art     : Explicit concurrent mark sweep GC freed 3(96B) AllocSpace objects, 0(0B) LOS objects, 23% free, 52MB/68MB, paused 726us total 32.007ms
08-05 17:45:01.773   380   380 W SurfaceFlinger: couldn't log to binary event log: overflow.
08-05 17:45:02.047 27588 27618 I art     : Starting a blocking GC Explicit
08-05 17:45:02.073 27588 27618 I art     : Explicit concurrent mark sweep GC freed 1468(85KB) AllocSpace objects, 1(20KB) LOS objects, 23% free, 52MB/68MB, paused 558us total 25.854ms
08-05 17:45:02.084 27588 27618 I art     : Starting a blocking GC Explicit
08-05 17:45:02.109 27588 27618 I art     : Explicit concurrent mark sweep GC freed 48(1680B) AllocSpace objects, 0(0B) LOS objects, 23% free, 52MB/68MB, paused 577us total 24.567ms
08-05 17:45:02.120 27588 27618 I art     : Starting a blocking GC Explicit
08-05 17:45:02.145 27588 27618 I art     : Explicit concurrent mark sweep GC freed 14(528B) AllocSpace objects, 0(0B) LOS objects, 23% free, 52MB/68MB, paused 548us total 24.303ms
08-05 17:45:02.155 27588 27618 I art     : Starting a blocking GC Explicit
08-05 17:45:02.180 27588 27618 I art     : Explicit concurrent mark sweep GC freed 15(544B) AllocSpace objects, 0(0B) LOS objects, 23% free, 52MB/68MB, paused 569us total 24.299ms
08-05 17:45:02.190 27588 27618 I art     : Starting a blocking GC Explicit
08-05 17:45:02.215 27588 27618 I art     : Explicit concurrent mark sweep GC freed 12(432B) AllocSpace objects, 0(0B) LOS objects, 23% free, 52MB/68MB, paused 578us total 24.862ms
08-05 17:45:02.267 27588 28871 D OkHttp  : --> GET https://api-hillfair-2k16.herokuapp.com/api/app/events/special/event?id=5806551bdcba0f490c70fd1f http/1.1
08-05 17:45:02.303 27588 28871 D OkHttp  : <-- 200 OK https://api-hillfair-2k16.herokuapp.com/api/app/events/special/event?id=5806551bdcba0f490c70fd1f (35ms, 795-byte body)
08-05 17:45:02.359 27588 27588 I NAPPA_EXPERIMENTATION: MetricNetworkRequestExecutionTime: REQUEST_DURATION_SYSTEM='912',REQUEST_DURATION_OKHTTP='36',REQUEST_SYNCHRONOUS='FALSE',RESPONSE_CODE='200',RESPONSE_METHOD='GET',RESPONSE_LENGTH_OKHTTP='795',RESPONSE_LENGTH_HEADER='795',REQUEST_PROTOCOL='http/1.1',REQUEST_URL='https://api-hillfair-2k16.herokuapp.com/api/app/events/special/event?id=5806551bdcba0f490c70fd1f',
08-05 17:45:02.510 27588 27626 I art     : Starting a blocking GC Explicit
08-05 17:45:02.539 27588 27626 I art     : Explicit concurrent mark sweep GC freed 4763(310KB) AllocSpace objects, 4(220KB) LOS objects, 23% free, 52MB/68MB, paused 597us total 27.861ms
08-05 17:45:02.550 27588 27626 I art     : Starting a blocking GC Explicit
08-05 17:45:02.575 27588 27626 I art     : Explicit concurrent mark sweep GC freed 1036(119KB) AllocSpace objects, 0(0B) LOS objects, 23% free, 52MB/68MB, paused 584us total 24.706ms
08-05 17:45:02.586 27588 27626 I art     : Starting a blocking GC Explicit
08-05 17:45:02.611 27588 27626 I art     : Explicit concurrent mark sweep GC freed 3(96B) AllocSpace objects, 0(0B) LOS objects, 23% free, 52MB/68MB, paused 523us total 24.483ms
08-05 17:45:02.622 27588 27626 I art     : Starting a blocking GC Explicit
08-05 17:45:02.647 27588 27626 I art     : Explicit concurrent mark sweep GC freed 3(96B) AllocSpace objects, 0(0B) LOS objects, 23% free, 52MB/68MB, paused 620us total 24.869ms
08-05 17:45:02.658 27588 27626 I art     : Starting a blocking GC Explicit
08-05 17:45:02.683 27588 27626 I art     : Explicit concurrent mark sweep GC freed 3(96B) AllocSpace objects, 0(0B) LOS objects, 23% free, 52MB/68MB, paused 543us total 24.438ms
08-05 17:45:02.983 27588 27601 I art     : Starting a blocking GC Explicit
08-05 17:45:03.019 27588 27601 I art     : Explicit concurrent mark sweep GC freed 1341(78KB) AllocSpace objects, 1(20KB) LOS objects, 23% free, 52MB/68MB, paused 656us total 35.776ms
08-05 17:45:03.035 27588 27601 I art     : Starting a blocking GC Explicit
08-05 17:45:03.062 27588 27601 I art     : Explicit concurrent mark sweep GC freed 36(1264B) AllocSpace objects, 0(0B) LOS objects, 23% free, 52MB/68MB, paused 537us total 26.024ms
08-05 17:45:03.073 27588 27601 I art     : Starting a blocking GC Explicit
08-05 17:45:03.101 27588 27601 I art     : Explicit concurrent mark sweep GC freed 3(96B) AllocSpace objects, 0(0B) LOS objects, 23% free, 52MB/68MB, paused 557us total 28.068ms
08-05 17:45:03.112 27588 27601 I art     : Starting a blocking GC Explicit
08-05 17:45:03.141 27588 27601 I art     : Explicit concurrent mark sweep GC freed 3(96B) AllocSpace objects, 0(0B) LOS objects, 23% free, 52MB/68MB, paused 559us total 27.780ms
08-05 17:45:03.152 27588 27601 I art     : Starting a blocking GC Explicit
08-05 17:45:03.180 27588 27601 I art     : Explicit concurrent mark sweep GC freed 3(96B) AllocSpace objects, 0(0B) LOS objects, 23% free, 52MB/68MB, paused 546us total 27.849ms
08-05 17:45:03.531 27588 27600 I art     : Starting a blocking GC Explicit
08-05 17:45:03.566 27588 27600 I art     : Explicit concurrent mark sweep GC freed 1341(78KB) AllocSpace objects, 1(20KB) LOS objects, 23% free, 52MB/68MB, paused 637us total 34.171ms
08-05 17:45:03.581 27588 27600 I art     : Starting a blocking GC Explicit
08-05 17:45:03.607 27588 27600 I art     : Explicit concurrent mark sweep GC freed 20(704B) AllocSpace objects, 0(0B) LOS objects, 23% free, 52MB/68MB, paused 684us total 25.700ms
08-05 17:45:03.618 27588 27600 I art     : Starting a blocking GC Explicit
08-05 17:45:03.644 27588 27600 I art     : Explicit concurrent mark sweep GC freed 3(96B) AllocSpace objects, 0(0B) LOS objects, 23% free, 52MB/68MB, paused 542us total 25.543ms
08-05 17:45:03.655 27588 27600 I art     : Starting a blocking GC Explicit
08-05 17:45:03.683 27588 27600 I art     : Explicit concurrent mark sweep GC freed 3(96B) AllocSpace objects, 0(0B) LOS objects, 23% free, 52MB/68MB, paused 575us total 27.465ms
08-05 17:45:03.694 27588 27600 I art     : Starting a blocking GC Explicit
08-05 17:45:03.723 27588 27600 I art     : Explicit concurrent mark sweep GC freed 3(96B) AllocSpace objects, 0(0B) LOS objects, 23% free, 52MB/68MB, paused 548us total 27.746ms
08-05 17:45:04.053 27588 27618 I art     : Starting a blocking GC Explicit
08-05 17:45:04.090 27588 27618 I art     : Explicit concurrent mark sweep GC freed 1341(78KB) AllocSpace objects, 1(20KB) LOS objects, 23% free, 52MB/68MB, paused 582us total 36.234ms
08-05 17:45:04.106 27588 27618 I art     : Starting a blocking GC Explicit
08-05 17:45:04.134 27588 27618 I art     : Explicit concurrent mark sweep GC freed 20(704B) AllocSpace objects, 0(0B) LOS objects, 23% free, 52MB/68MB, paused 569us total 27.772ms
08-05 17:45:04.145 27588 27618 I art     : Starting a blocking GC Explicit
08-05 17:45:04.173 27588 27618 I art     : Explicit concurrent mark sweep GC freed 3(96B) AllocSpace objects, 0(0B) LOS objects, 23% free, 52MB/68MB, paused 548us total 27.773ms
08-05 17:45:04.184 27588 27618 I art     : Starting a blocking GC Explicit
08-05 17:45:04.213 27588 27618 I art     : Explicit concurrent mark sweep GC freed 3(96B) AllocSpace objects, 0(0B) LOS objects, 23% free, 52MB/68MB, paused 541us total 28.079ms
08-05 17:45:04.224 27588 27618 I art     : Starting a blocking GC Explicit
08-05 17:45:04.252 27588 27618 I art     : Explicit concurrent mark sweep GC freed 3(96B) AllocSpace objects, 0(0B) LOS objects, 23% free, 52MB/68MB, paused 563us total 27.987ms
08-05 17:45:04.571 27588 27626 I art     : Starting a blocking GC Explicit
08-05 17:45:04.604 27588 27626 I art     : Explicit concurrent mark sweep GC freed 1341(78KB) AllocSpace objects, 1(20KB) LOS objects, 23% free, 52MB/68MB, paused 588us total 32.783ms
08-05 17:45:04.618 27588 27626 I art     : Starting a blocking GC Explicit
08-05 17:45:04.646 27588 27626 I art     : Explicit concurrent mark sweep GC freed 20(704B) AllocSpace objects, 0(0B) LOS objects, 23% free, 52MB/68MB, paused 593us total 27.373ms
08-05 17:45:04.657 27588 27626 I art     : Starting a blocking GC Explicit
08-05 17:45:04.685 27588 27626 I art     : Explicit concurrent mark sweep GC freed 3(96B) AllocSpace objects, 0(0B) LOS objects, 23% free, 52MB/68MB, paused 550us total 28.136ms
08-05 17:45:04.697 27588 27626 I art     : Starting a blocking GC Explicit
08-05 17:45:04.725 27588 27626 I art     : Explicit concurrent mark sweep GC freed 3(96B) AllocSpace objects, 0(0B) LOS objects, 23% free, 52MB/68MB, paused 552us total 28.227ms
08-05 17:45:04.737 27588 27626 I art     : Starting a blocking GC Explicit
08-05 17:45:04.763 27588 27626 I art     : Explicit concurrent mark sweep GC freed 3(96B) AllocSpace objects, 0(0B) LOS objects, 23% free, 52MB/68MB, paused 531us total 26.353ms
08-05 17:45:05.081 27588 27601 I art     : Starting a blocking GC Explicit
08-05 17:45:05.118 27588 27601 I art     : Explicit concurrent mark sweep GC freed 1341(78KB) AllocSpace objects, 1(20KB) LOS objects, 23% free, 52MB/68MB, paused 780us total 37.180ms
08-05 17:45:05.135 27588 27601 I art     : Starting a blocking GC Explicit
08-05 17:45:05.163 27588 27601 I art     : Explicit concurrent mark sweep GC freed 20(704B) AllocSpace objects, 0(0B) LOS objects, 23% free, 52MB/68MB, paused 576us total 28.173ms
08-05 17:45:05.174 27588 27601 I art     : Starting a blocking GC Explicit
08-05 17:45:05.203 27588 27601 I art     : Explicit concurrent mark sweep GC freed 3(96B) AllocSpace objects, 0(0B) LOS objects, 23% free, 52MB/68MB, paused 561us total 28.140ms
08-05 17:45:05.214 27588 27601 I art     : Starting a blocking GC Explicit
08-05 17:45:05.243 27588 27601 I art     : Explicit concurrent mark sweep GC freed 3(96B) AllocSpace objects, 0(0B) LOS objects, 23% free, 52MB/68MB, paused 606us total 28.094ms
08-05 17:45:05.254 27588 27601 I art     : Starting a blocking GC Explicit
08-05 17:45:05.281 27588 27601 I art     : Explicit concurrent mark sweep GC freed 3(96B) AllocSpace objects, 0(0B) LOS objects, 23% free, 52MB/68MB, paused 563us total 26.592ms
08-05 17:45:05.618 27588 27600 I art     : Starting a blocking GC Explicit
08-05 17:45:05.649 27588 27600 I art     : Explicit concurrent mark sweep GC freed 1341(78KB) AllocSpace objects, 1(20KB) LOS objects, 23% free, 52MB/68MB, paused 680us total 30.897ms
08-05 17:45:05.662 27588 27600 I art     : Starting a blocking GC Explicit
08-05 17:45:05.687 27588 27600 I art     : Explicit concurrent mark sweep GC freed 20(704B) AllocSpace objects, 0(0B) LOS objects, 23% free, 52MB/68MB, paused 596us total 25.261ms
08-05 17:45:05.699 27588 27600 I art     : Starting a blocking GC Explicit
08-05 17:45:05.723 27588 27600 I art     : Explicit concurrent mark sweep GC freed 3(96B) AllocSpace objects, 0(0B) LOS objects, 23% free, 52MB/68MB, paused 588us total 24.246ms
08-05 17:45:05.734 27588 27600 I art     : Starting a blocking GC Explicit
08-05 17:45:05.758 27588 27600 I art     : Explicit concurrent mark sweep GC freed 3(96B) AllocSpace objects, 0(0B) LOS objects, 23% free, 52MB/68MB, paused 534us total 24.181ms
08-05 17:45:05.769 27588 27600 I art     : Starting a blocking GC Explicit
08-05 17:45:05.795 27588 27600 I art     : Explicit concurrent mark sweep GC freed 3(96B) AllocSpace objects, 0(0B) LOS objects, 23% free, 52MB/68MB, paused 567us total 26.057ms
08-05 17:45:06.118 27588 27618 I art     : Starting a blocking GC Explicit
08-05 17:45:06.147 27588 27618 I art     : Explicit concurrent mark sweep GC freed 1701(97KB) AllocSpace objects, 1(20KB) LOS objects, 23% free, 52MB/68MB, paused 588us total 28.284ms
08-05 17:45:06.158 27588 27618 I art     : Starting a blocking GC Explicit
08-05 17:45:06.185 27588 27618 I art     : Explicit concurrent mark sweep GC freed 31(1504B) AllocSpace objects, 0(0B) LOS objects, 23% free, 52MB/68MB, paused 627us total 26.889ms
08-05 17:45:06.196 27588 27618 I art     : Starting a blocking GC Explicit
08-05 17:45:06.212 28959 28959 D AndroidRuntime: >>>>>> START com.android.internal.os.RuntimeInit uid 2000 <<<<<<
08-05 17:45:06.218 28959 28959 D AndroidRuntime: CheckJNI is OFF
08-05 17:45:06.222 27588 27618 I art     : Explicit concurrent mark sweep GC freed 26(832B) AllocSpace objects, 0(0B) LOS objects, 23% free, 52MB/68MB, paused 617us total 25.970ms
08-05 17:45:06.233 27588 27618 I art     : Starting a blocking GC Explicit
08-05 17:45:06.259 27588 27618 I art     : Explicit concurrent mark sweep GC freed 886(35KB) AllocSpace objects, 0(0B) LOS objects, 23% free, 52MB/68MB, paused 788us total 25.745ms
08-05 17:45:06.264 28959 28959 D ICU     : No timezone override file found: /data/misc/zoneinfo/current/icu/icu_tzdata.dat
08-05 17:45:06.270 27588 27618 I art     : Starting a blocking GC Explicit
08-05 17:45:06.297 27588 27618 I art     : Explicit concurrent mark sweep GC freed 1010(39KB) AllocSpace objects, 0(0B) LOS objects, 23% free, 52MB/68MB, paused 681us total 26.448ms
08-05 17:45:06.308 28959 28959 I Radio-JNI: register_android_hardware_Radio DONE
08-05 17:45:06.310 27588 28971 W OneSignal: OneSignalRestClient: POST Error thrown from network stack. 
08-05 17:45:06.310 27588 28971 W OneSignal: java.io.IOException: unexpected end of stream on Connection{api.onesignal.com:443, proxy=HTTP@192.168.2.12:8080 hostAddress=192.168.2.12 cipherSuite=TLS_ECDHE_RSA_WITH_AES_128_GCM_SHA256 protocol=http/1.1} (recycle count=0)
08-05 17:45:06.310 27588 28971 W OneSignal: 	at com.android.okhttp.internal.http.HttpConnection.readResponse(HttpConnection.java:210)
08-05 17:45:06.310 27588 28971 W OneSignal: 	at com.android.okhttp.internal.http.HttpTransport.readResponseHeaders(HttpTransport.java:80)
08-05 17:45:06.310 27588 28971 W OneSignal: 	at com.android.okhttp.internal.http.HttpEngine.readNetworkResponse(HttpEngine.java:904)
08-05 17:45:06.310 27588 28971 W OneSignal: 	at com.android.okhttp.internal.http.HttpEngine.readResponse(HttpEngine.java:788)
08-05 17:45:06.310 27588 28971 W OneSignal: 	at com.android.okhttp.internal.huc.HttpURLConnectionImpl.execute(HttpURLConnectionImpl.java:439)
08-05 17:45:06.310 27588 28971 W OneSignal: 	at com.android.okhttp.internal.huc.HttpURLConnectionImpl.getResponse(HttpURLConnectionImpl.java:384)
08-05 17:45:06.310 27588 28971 W OneSignal: 	at com.android.okhttp.internal.huc.HttpURLConnectionImpl.getResponseCode(HttpURLConnectionImpl.java:497)
08-05 17:45:06.310 27588 28971 W OneSignal: 	at com.android.okhttp.internal.huc.DelegatingHttpsURLConnection.getResponseCode(DelegatingHttpsURLConnection.java:105)
08-05 17:45:06.310 27588 28971 W OneSignal: 	at com.android.okhttp.internal.huc.HttpsURLConnectionImpl.getResponseCode(HttpsURLConnectionImpl.java)
08-05 17:45:06.310 27588 28971 W OneSignal: 	at com.onesignal.OneSignalRestClient.startHTTPConnection(OneSignalRestClient.java:180)
08-05 17:45:06.310 27588 28971 W OneSignal: 	at com.onesignal.OneSignalRestClient.access$100(OneSignalRestClient.java:44)
08-05 17:45:06.310 27588 28971 W OneSignal: 	at com.onesignal.OneSignalRestClient$4.run(OneSignalRestClient.java:110)
08-05 17:45:06.310 27588 28971 W OneSignal: 	at java.lang.Thread.run(Thread.java:818)
08-05 17:45:06.310 27588 28971 W OneSignal: Caused by: java.io.EOFException: \n not found: size=0 content=...
08-05 17:45:06.310 27588 28971 W OneSignal: 	at com.android.okhttp.okio.RealBufferedSource.readUtf8LineStrict(RealBufferedSource.java:200)
08-05 17:45:06.310 27588 28971 W OneSignal: 	at com.android.okhttp.internal.http.HttpConnection.readResponse(HttpConnection.java:191)
08-05 17:45:06.310 27588 28971 W OneSignal: 	... 12 more
08-05 17:45:06.312 27588 28977 W OneSignal: Failed last request. statusCode: -1
08-05 17:45:06.312 27588 28977 W OneSignal: response: null
08-05 17:45:06.336 28959 28959 D AndroidRuntime: Calling main entry com.android.commands.input.Input
08-05 17:45:06.338 28959 28959 I Input   : injectKeyEvent: KeyEvent { action=ACTION_DOWN, keyCode=KEYCODE_BACK, scanCode=0, metaState=0, flags=0x0, repeatCount=0, eventTime=812722751, downTime=812722751, deviceId=-1, source=0x101 }
08-05 17:45:06.346 28959 28959 I Input   : injectKeyEvent: KeyEvent { action=ACTION_UP, keyCode=KEYCODE_BACK, scanCode=0, metaState=0, flags=0x0, repeatCount=0, eventTime=812722751, downTime=812722751, deviceId=-1, source=0x101 }
08-05 17:45:06.353 28959 28959 D AndroidRuntime: Shutting down VM
08-05 17:45:06.388 13866 13866 I GoogleInputMethodServic: GoogleInputMethodService.onFinishInput():3138 
08-05 17:45:06.389 13866 13866 I GoogleInputMethodServic: GoogleInputMethodService.onStartInput():1808 
08-05 17:45:06.577 27588 27601 I art     : Starting a blocking GC Explicit
08-05 17:45:06.608 27588 27601 I art     : Explicit concurrent mark sweep GC freed 1909(158KB) AllocSpace objects, 1(20KB) LOS objects, 23% free, 52MB/68MB, paused 586us total 31.145ms
08-05 17:45:06.621 27588 27601 I art     : Starting a blocking GC Explicit
08-05 17:45:06.650 27588 27601 I art     : Explicit concurrent mark sweep GC freed 30(1136B) AllocSpace objects, 0(0B) LOS objects, 23% free, 52MB/68MB, paused 725us total 28.509ms
08-05 17:45:06.663 27588 27601 I art     : Starting a blocking GC Explicit
08-05 17:45:06.689 27588 27601 I art     : Explicit concurrent mark sweep GC freed 3(96B) AllocSpace objects, 0(0B) LOS objects, 23% free, 52MB/68MB, paused 537us total 25.564ms
08-05 17:45:06.694   380   380 W SurfaceFlinger: couldn't log to binary event log: overflow.
08-05 17:45:06.704 27588 27601 I art     : Starting a blocking GC Explicit
08-05 17:45:06.727 27588 27601 I art     : Explicit concurrent mark sweep GC freed 109(8KB) AllocSpace objects, 0(0B) LOS objects, 23% free, 52MB/68MB, paused 525us total 21.927ms
08-05 17:45:06.737 27588 27601 I art     : Starting a blocking GC Explicit
08-05 17:45:06.761 27588 27601 I art     : Explicit concurrent mark sweep GC freed 114(6KB) AllocSpace objects, 0(0B) LOS objects, 23% free, 52MB/68MB, paused 540us total 23.659ms
08-05 17:45:07.062 27588 27618 I art     : Starting a blocking GC Explicit
08-05 17:45:07.094 27588 27618 I art     : Explicit concurrent mark sweep GC freed 2885(179KB) AllocSpace objects, 4(420KB) LOS objects, 23% free, 52MB/68MB, paused 568us total 32.180ms
08-05 17:45:07.108 27588 27618 I art     : Starting a blocking GC Explicit
08-05 17:45:07.133 27588 27618 I art     : Explicit concurrent mark sweep GC freed 20(704B) AllocSpace objects, 0(0B) LOS objects, 23% free, 52MB/68MB, paused 536us total 24.975ms
08-05 17:45:07.144 27588 27618 I art     : Starting a blocking GC Explicit
08-05 17:45:07.170 27588 27618 I art     : Explicit concurrent mark sweep GC freed 3(96B) AllocSpace objects, 0(0B) LOS objects, 23% free, 52MB/68MB, paused 530us total 25.274ms
08-05 17:45:07.180 27588 27618 I art     : Starting a blocking GC Explicit
08-05 17:45:07.206 27588 27618 I art     : Explicit concurrent mark sweep GC freed 3(96B) AllocSpace objects, 0(0B) LOS objects, 23% free, 52MB/68MB, paused 525us total 24.989ms
08-05 17:45:07.217 27588 27618 I art     : Starting a blocking GC Explicit
08-05 17:45:07.242 27588 27618 I art     : Explicit concurrent mark sweep GC freed 3(96B) AllocSpace objects, 0(0B) LOS objects, 23% free, 52MB/68MB, paused 527us total 25.012ms
08-05 17:45:07.535 27588 27600 I art     : Starting a blocking GC Explicit
08-05 17:45:07.560 27588 27600 I art     : Explicit concurrent mark sweep GC freed 1340(78KB) AllocSpace objects, 1(20KB) LOS objects, 23% free, 52MB/68MB, paused 531us total 24.389ms
08-05 17:45:07.560 27588 27599 I art     : WaitForGcToComplete blocked for 21.331ms for cause HeapTrim
08-05 17:45:07.571 27588 27600 I art     : Starting a blocking GC Explicit
08-05 17:45:07.594 27588 27600 I art     : Explicit concurrent mark sweep GC freed 20(704B) AllocSpace objects, 0(0B) LOS objects, 23% free, 52MB/68MB, paused 500us total 23.266ms
08-05 17:45:07.605 27588 27600 I art     : Starting a blocking GC Explicit
08-05 17:45:07.630 27588 27600 I art     : Explicit concurrent mark sweep GC freed 18(656B) AllocSpace objects, 0(0B) LOS objects, 23% free, 52MB/68MB, paused 537us total 24.421ms
08-05 17:45:07.640 27588 27600 I art     : Starting a blocking GC Explicit
08-05 17:45:07.664 27588 27600 I art     : Explicit concurrent mark sweep GC freed 3(96B) AllocSpace objects, 0(0B) LOS objects, 23% free, 52MB/68MB, paused 532us total 23.439ms
08-05 17:45:07.674 27588 27600 I art     : Starting a blocking GC Explicit
08-05 17:45:07.698 27588 27600 I art     : Explicit concurrent mark sweep GC freed 3(96B) AllocSpace objects, 0(0B) LOS objects, 23% free, 52MB/68MB, paused 530us total 23.635ms
08-05 17:45:07.991 27588 27618 I art     : Starting a blocking GC Explicit
08-05 17:45:08.021 27588 27618 I art     : Explicit concurrent mark sweep GC freed 1340(78KB) AllocSpace objects, 1(20KB) LOS objects, 23% free, 52MB/68MB, paused 570us total 29.146ms
08-05 17:45:08.034 27588 27618 I art     : Starting a blocking GC Explicit
08-05 17:45:08.062 27588 27618 I art     : Explicit concurrent mark sweep GC freed 20(704B) AllocSpace objects, 0(0B) LOS objects, 23% free, 52MB/68MB, paused 545us total 27.384ms
08-05 17:45:08.073 27588 27618 I art     : Starting a blocking GC Explicit
08-05 17:45:08.099 27588 27618 I art     : Explicit concurrent mark sweep GC freed 3(96B) AllocSpace objects, 0(0B) LOS objects, 23% free, 52MB/68MB, paused 559us total 25.982ms
08-05 17:45:08.110 27588 27618 I art     : Starting a blocking GC Explicit
08-05 17:45:08.135 27588 27618 I art     : Explicit concurrent mark sweep GC freed 3(96B) AllocSpace objects, 0(0B) LOS objects, 23% free, 52MB/68MB, paused 557us total 25.432ms
08-05 17:45:08.146 27588 27618 I art     : Starting a blocking GC Explicit
08-05 17:45:08.156 29015 29015 D AndroidRuntime: >>>>>> START com.android.internal.os.RuntimeInit uid 2000 <<<<<<
08-05 17:45:08.162 29015 29015 D AndroidRuntime: CheckJNI is OFF
08-05 17:45:08.172 27588 27618 I art     : Explicit concurrent mark sweep GC freed 3(96B) AllocSpace objects, 0(0B) LOS objects, 23% free, 52MB/68MB, paused 552us total 25.126ms
08-05 17:45:08.206 29015 29015 D ICU     : No timezone override file found: /data/misc/zoneinfo/current/icu/icu_tzdata.dat
08-05 17:45:08.253 29015 29015 I Radio-JNI: register_android_hardware_Radio DONE
08-05 17:45:08.284 29015 29015 D AndroidRuntime: Calling main entry com.android.commands.input.Input
08-05 17:45:08.287 29015 29015 I Input   : injectKeyEvent: KeyEvent { action=ACTION_DOWN, keyCode=KEYCODE_BACK, scanCode=0, metaState=0, flags=0x0, repeatCount=0, eventTime=812724700, downTime=812724700, deviceId=-1, source=0x101 }
08-05 17:45:08.295 29015 29015 I Input   : injectKeyEvent: KeyEvent { action=ACTION_UP, keyCode=KEYCODE_BACK, scanCode=0, metaState=0, flags=0x0, repeatCount=0, eventTime=812724700, downTime=812724700, deviceId=-1, source=0x101 }
08-05 17:45:08.306 29015 29015 D AndroidRuntime: Shutting down VM
08-05 17:45:08.352 13866 13866 I GoogleInputMethodServic: GoogleInputMethodService.onFinishInput():3138 
08-05 17:45:08.353 13866 13866 I GoogleInputMethodServic: GoogleInputMethodService.onStartInput():1808 
08-05 17:45:08.453 27588 27601 I art     : Starting a blocking GC Explicit
08-05 17:45:08.474 27588 27601 I art     : Explicit concurrent mark sweep GC freed 1550(87KB) AllocSpace objects, 1(20KB) LOS objects, 23% free, 52MB/68MB, paused 514us total 21.428ms
08-05 17:45:08.484 27588 27601 I art     : Starting a blocking GC Explicit
08-05 17:45:08.506 27588 27601 I art     : Explicit concurrent mark sweep GC freed 24(864B) AllocSpace objects, 0(0B) LOS objects, 23% free, 52MB/68MB, paused 481us total 20.868ms
08-05 17:45:08.516 27588 27601 I art     : Starting a blocking GC Explicit
08-05 17:45:08.538 27588 27601 I art     : Explicit concurrent mark sweep GC freed 3(96B) AllocSpace objects, 0(0B) LOS objects, 23% free, 52MB/68MB, paused 567us total 21.739ms
08-05 17:45:08.548 27588 27601 I art     : Starting a blocking GC Explicit
08-05 17:45:08.570 27588 27601 I art     : Explicit concurrent mark sweep GC freed 3(96B) AllocSpace objects, 0(0B) LOS objects, 23% free, 52MB/68MB, paused 486us total 21.589ms
08-05 17:45:08.580 27588 27601 I art     : Starting a blocking GC Explicit
08-05 17:45:08.602 27588 27601 I art     : Explicit concurrent mark sweep GC freed 3(96B) AllocSpace objects, 0(0B) LOS objects, 23% free, 52MB/68MB, paused 495us total 21.774ms
08-05 17:45:08.878 27588 27626 I art     : Starting a blocking GC Explicit
08-05 17:45:08.904 27588 27626 I art     : Explicit concurrent mark sweep GC freed 2404(129KB) AllocSpace objects, 1(20KB) LOS objects, 23% free, 52MB/68MB, paused 561us total 25.681ms
08-05 17:45:08.915 27588 27626 I art     : Starting a blocking GC Explicit
08-05 17:45:08.939 27588 27626 I art     : Explicit concurrent mark sweep GC freed 2100(127KB) AllocSpace objects, 2(140KB) LOS objects, 23% free, 51MB/67MB, paused 550us total 24.017ms
08-05 17:45:08.950 27588 27626 I art     : Starting a blocking GC Explicit
08-05 17:45:08.974 27588 27626 I art     : Explicit concurrent mark sweep GC freed 3(96B) AllocSpace objects, 0(0B) LOS objects, 23% free, 51MB/67MB, paused 553us total 23.482ms
08-05 17:45:08.984 27588 27626 I art     : Starting a blocking GC Explicit
08-05 17:45:09.008 27588 27626 I art     : Explicit concurrent mark sweep GC freed 3(96B) AllocSpace objects, 0(0B) LOS objects, 23% free, 51MB/67MB, paused 558us total 23.738ms
08-05 17:45:09.019 27588 27626 I art     : Starting a blocking GC Explicit
08-05 17:45:09.043 27588 27626 I art     : Explicit concurrent mark sweep GC freed 3(96B) AllocSpace objects, 0(0B) LOS objects, 23% free, 51MB/67MB, paused 543us total 23.883ms
08-05 17:45:09.241   918  3261 D WifiStateMachine: starting scan for "H369AA63323"WPA_PSK with 2412,5180
08-05 17:45:09.354 27588 27618 I art     : Starting a blocking GC Explicit
08-05 17:45:09.383 27588 27618 I art     : Explicit concurrent mark sweep GC freed 1340(78KB) AllocSpace objects, 1(20KB) LOS objects, 23% free, 51MB/67MB, paused 566us total 28.145ms
08-05 17:45:09.396 27588 27618 I art     : Starting a blocking GC Explicit
08-05 17:45:09.420 27588 27618 I art     : Explicit concurrent mark sweep GC freed 20(704B) AllocSpace objects, 0(0B) LOS objects, 23% free, 51MB/67MB, paused 529us total 24.077ms
08-05 17:45:09.431 27588 27618 I art     : Starting a blocking GC Explicit
08-05 17:45:09.456 27588 27618 I art     : Explicit concurrent mark sweep GC freed 3(96B) AllocSpace objects, 0(0B) LOS objects, 23% free, 51MB/67MB, paused 535us total 23.990ms
08-05 17:45:09.466 27588 27618 I art     : Starting a blocking GC Explicit
08-05 17:45:09.490 27588 27618 I art     : Explicit concurrent mark sweep GC freed 3(96B) AllocSpace objects, 0(0B) LOS objects, 23% free, 51MB/67MB, paused 533us total 23.462ms
08-05 17:45:09.501 27588 27618 I art     : Starting a blocking GC Explicit
08-05 17:45:09.525 27588 27618 I art     : Explicit concurrent mark sweep GC freed 3(96B) AllocSpace objects, 0(0B) LOS objects, 23% free, 51MB/67MB, paused 535us total 23.820ms
08-05 17:45:09.814 27588 27601 I art     : Starting a blocking GC Explicit
08-05 17:45:09.838 27588 27601 I art     : Explicit concurrent mark sweep GC freed 1338(78KB) AllocSpace objects, 1(20KB) LOS objects, 23% free, 51MB/67MB, paused 599us total 23.580ms
08-05 17:45:09.849 27588 27601 I art     : Starting a blocking GC Explicit
08-05 17:45:09.873 27588 27601 I art     : Explicit concurrent mark sweep GC freed 20(704B) AllocSpace objects, 0(0B) LOS objects, 23% free, 51MB/67MB, paused 578us total 23.797ms
08-05 17:45:09.884 27588 27601 I art     : Starting a blocking GC Explicit
08-05 17:45:09.908 27588 27601 I art     : Explicit concurrent mark sweep GC freed 3(96B) AllocSpace objects, 0(0B) LOS objects, 23% free, 51MB/67MB, paused 617us total 23.938ms
08-05 17:45:09.919 27588 27601 I art     : Starting a blocking GC Explicit
08-05 17:45:09.944 27588 27601 I art     : Explicit concurrent mark sweep GC freed 3(96B) AllocSpace objects, 0(0B) LOS objects, 23% free, 51MB/67MB, paused 572us total 24.934ms
08-05 17:45:09.955 27588 27601 I art     : Starting a blocking GC Explicit
08-05 17:45:09.980 27588 27601 I art     : Explicit concurrent mark sweep GC freed 3(96B) AllocSpace objects, 0(0B) LOS objects, 23% free, 51MB/67MB, paused 592us total 24.173ms
08-05 17:45:10.092 29068 29068 D AndroidRuntime: >>>>>> START com.android.internal.os.RuntimeInit uid 2000 <<<<<<
08-05 17:45:10.100 29068 29068 D AndroidRuntime: CheckJNI is OFF
08-05 17:45:10.148 29068 29068 D ICU     : No timezone override file found: /data/misc/zoneinfo/current/icu/icu_tzdata.dat
08-05 17:45:10.189 29068 29068 I Radio-JNI: register_android_hardware_Radio DONE
08-05 17:45:10.218 29068 29068 D AndroidRuntime: Calling main entry com.android.commands.input.Input
08-05 17:45:10.221 29068 29068 I Input   : injectMotionEvent: MotionEvent { action=ACTION_DOWN, actionButton=0, id[0]=0, x[0]=337.0, y[0]=1104.0, toolType[0]=TOOL_TYPE_UNKNOWN, buttonState=0, metaState=0, flags=0x0, edgeFlags=0x0, pointerCount=1, historySize=0, eventTime=812726633, downTime=812726633, deviceId=0, source=0x1002 }
08-05 17:45:10.225 29068 29068 I Input   : injectMotionEvent: MotionEvent { action=ACTION_UP, actionButton=0, id[0]=0, x[0]=337.0, y[0]=1104.0, toolType[0]=TOOL_TYPE_UNKNOWN, buttonState=0, metaState=0, flags=0x0, edgeFlags=0x0, pointerCount=1, historySize=0, eventTime=812726633, downTime=812726633, deviceId=0, source=0x1002 }
08-05 17:45:10.226   918  4413 I ActivityManager: START u0 {cmp=baseline.appteam.nith.hillffair/.activities.BattleDayActivity} from uid 10675 on display 0
08-05 17:45:10.235 29068 29068 D AndroidRuntime: Shutting down VM
08-05 17:45:10.285 27588 27601 I art     : Starting a blocking GC Explicit
08-05 17:45:10.310 27588 27601 I art     : Explicit concurrent mark sweep GC freed 6162(373KB) AllocSpace objects, 1(20KB) LOS objects, 23% free, 51MB/67MB, paused 603us total 24.392ms
08-05 17:45:10.319 13866 13866 I GoogleInputMethodServic: GoogleInputMethodService.onFinishInput():3138 
08-05 17:45:10.320 27588 27601 I art     : Starting a blocking GC Explicit
08-05 17:45:10.321 13866 13866 I GoogleInputMethodServic: GoogleInputMethodService.onStartInput():1808 
08-05 17:45:10.345 27588 27601 I art     : Explicit concurrent mark sweep GC freed 426(19KB) AllocSpace objects, 0(0B) LOS objects, 23% free, 52MB/68MB, paused 637us total 24.738ms
08-05 17:45:10.348   918   936 I ActivityManager: Displayed baseline.appteam.nith.hillffair/.activities.BattleDayActivity: +112ms
08-05 17:45:10.357 27588 27601 I art     : Starting a blocking GC Explicit
08-05 17:45:10.384 27588 27601 I art     : Explicit concurrent mark sweep GC freed 32(2224B) AllocSpace objects, 0(0B) LOS objects, 23% free, 52MB/68MB, paused 679us total 26.759ms
08-05 17:45:10.396 27588 27601 I art     : Starting a blocking GC Explicit
08-05 17:45:10.419 27588 27601 I art     : Explicit concurrent mark sweep GC freed 10(400B) AllocSpace objects, 0(0B) LOS objects, 23% free, 52MB/68MB, paused 579us total 22.274ms
08-05 17:45:10.429 27588 27601 I art     : Starting a blocking GC Explicit
08-05 17:45:10.452 27588 27601 I art     : Explicit concurrent mark sweep GC freed 3(96B) AllocSpace objects, 0(0B) LOS objects, 23% free, 52MB/68MB, paused 702us total 23.065ms
08-05 17:45:10.599   380   380 W SurfaceFlinger: couldn't log to binary event log: overflow.
08-05 17:45:10.729 27588 27601 I art     : Starting a blocking GC Explicit
08-05 17:45:10.753 27588 27601 I art     : Explicit concurrent mark sweep GC freed 1419(83KB) AllocSpace objects, 1(20KB) LOS objects, 23% free, 52MB/68MB, paused 572us total 23.230ms
08-05 17:45:10.763 27588 27601 I art     : Starting a blocking GC Explicit
08-05 17:45:10.787 27588 27601 I art     : Explicit concurrent mark sweep GC freed 32(1152B) AllocSpace objects, 0(0B) LOS objects, 23% free, 52MB/68MB, paused 645us total 23.757ms
08-05 17:45:10.798 27588 27601 I art     : Starting a blocking GC Explicit
08-05 17:45:10.822 27588 27601 I art     : Explicit concurrent mark sweep GC freed 12(432B) AllocSpace objects, 0(0B) LOS objects, 23% free, 52MB/68MB, paused 608us total 23.518ms
08-05 17:45:10.832 27588 27601 I art     : Starting a blocking GC Explicit
08-05 17:45:10.856 27588 27601 I art     : Explicit concurrent mark sweep GC freed 12(464B) AllocSpace objects, 0(0B) LOS objects, 23% free, 52MB/68MB, paused 619us total 23.827ms
08-05 17:45:10.867 27588 27601 I art     : Starting a blocking GC Explicit
08-05 17:45:10.891 27588 27601 I art     : Explicit concurrent mark sweep GC freed 15(544B) AllocSpace objects, 0(0B) LOS objects, 23% free, 52MB/68MB, paused 611us total 23.735ms
08-05 17:45:11.078 27588 29102 D OkHttp  : --> GET https://api-hillfair-2k16.herokuapp.com/api/app/events/special http/1.1
08-05 17:45:11.119 27588 29102 D OkHttp  : <-- 200 OK https://api-hillfair-2k16.herokuapp.com/api/app/events/special (40ms, 554-byte body)
08-05 17:45:11.184 27588 27588 I NAPPA_EXPERIMENTATION: MetricNetworkRequestExecutionTime: REQUEST_DURATION_SYSTEM='916',REQUEST_DURATION_OKHTTP='41',REQUEST_SYNCHRONOUS='FALSE',RESPONSE_CODE='200',RESPONSE_METHOD='GET',RESPONSE_LENGTH_OKHTTP='554',RESPONSE_LENGTH_HEADER='554',REQUEST_PROTOCOL='http/1.1',REQUEST_URL='https://api-hillfair-2k16.herokuapp.com/api/app/events/special',
08-05 17:45:11.196 27588 27618 I art     : Starting a blocking GC Explicit
08-05 17:45:11.222 27588 27618 I art     : Explicit concurrent mark sweep GC freed 4852(308KB) AllocSpace objects, 4(220KB) LOS objects, 23% free, 52MB/68MB, paused 852us total 26.525ms
08-05 17:45:11.234 27588 27618 I art     : Starting a blocking GC Explicit
08-05 17:45:11.257 27588 27618 I art     : Explicit concurrent mark sweep GC freed 1208(125KB) AllocSpace objects, 0(0B) LOS objects, 23% free, 52MB/68MB, paused 678us total 23.244ms
08-05 17:45:11.268 27588 27618 I art     : Starting a blocking GC Explicit
08-05 17:45:11.292 27588 27618 I art     : Explicit concurrent mark sweep GC freed 3(96B) AllocSpace objects, 0(0B) LOS objects, 23% free, 52MB/68MB, paused 570us total 24.125ms
08-05 17:45:11.303 27588 27618 I art     : Starting a blocking GC Explicit
08-05 17:45:11.328 27588 27618 I art     : Explicit concurrent mark sweep GC freed 3(96B) AllocSpace objects, 0(0B) LOS objects, 23% free, 52MB/68MB, paused 590us total 24.626ms
08-05 17:45:11.339 27588 27618 I art     : Starting a blocking GC Explicit
08-05 17:45:11.364 27588 27618 I art     : Explicit concurrent mark sweep GC freed 3(96B) AllocSpace objects, 0(0B) LOS objects, 23% free, 52MB/68MB, paused 574us total 25.362ms
08-05 17:45:11.662 27588 27601 I art     : Starting a blocking GC Explicit
08-05 17:45:11.694 27588 27601 I art     : Explicit concurrent mark sweep GC freed 1340(78KB) AllocSpace objects, 1(20KB) LOS objects, 23% free, 52MB/68MB, paused 616us total 31.767ms
08-05 17:45:11.707 27588 27601 I art     : Starting a blocking GC Explicit
08-05 17:45:11.732 27588 27601 I art     : Explicit concurrent mark sweep GC freed 20(704B) AllocSpace objects, 0(0B) LOS objects, 23% free, 52MB/68MB, paused 578us total 24.778ms
08-05 17:45:11.743 27588 27601 I art     : Starting a blocking GC Explicit
08-05 17:45:11.769 27588 27601 I art     : Explicit concurrent mark sweep GC freed 3(96B) AllocSpace objects, 0(0B) LOS objects, 23% free, 52MB/68MB, paused 576us total 25.616ms
08-05 17:45:11.780 27588 27601 I art     : Starting a blocking GC Explicit
08-05 17:45:11.806 27588 27601 I art     : Explicit concurrent mark sweep GC freed 3(96B) AllocSpace objects, 0(0B) LOS objects, 23% free, 52MB/68MB, paused 577us total 25.663ms
08-05 17:45:11.817 27588 27601 I art     : Starting a blocking GC Explicit
08-05 17:45:11.844 27588 27601 I art     : Explicit concurrent mark sweep GC freed 3(96B) AllocSpace objects, 0(0B) LOS objects, 23% free, 52MB/68MB, paused 587us total 26.387ms
08-05 17:45:12.164 27588 27600 I art     : Starting a blocking GC Explicit
08-05 17:45:12.175 26632 26632 I ServiceManager: Waiting for service AtCmdFwd...
08-05 17:45:12.200 27588 27600 I art     : Explicit concurrent mark sweep GC freed 1340(78KB) AllocSpace objects, 1(20KB) LOS objects, 23% free, 52MB/68MB, paused 653us total 35.169ms
08-05 17:45:12.216 27588 27600 I art     : Starting a blocking GC Explicit
08-05 17:45:12.247 27588 27600 I art     : Explicit concurrent mark sweep GC freed 20(704B) AllocSpace objects, 0(0B) LOS objects, 23% free, 52MB/68MB, paused 784us total 30.728ms
08-05 17:45:12.260 27588 27600 I art     : Starting a blocking GC Explicit
08-05 17:45:12.287 27588 27600 I art     : Explicit concurrent mark sweep GC freed 3(96B) AllocSpace objects, 0(0B) LOS objects, 23% free, 52MB/68MB, paused 616us total 26.988ms
08-05 17:45:12.298 27588 27600 I art     : Starting a blocking GC Explicit
08-05 17:45:12.322 27588 27600 I art     : Explicit concurrent mark sweep GC freed 3(96B) AllocSpace objects, 0(0B) LOS objects, 23% free, 52MB/68MB, paused 555us total 23.778ms
08-05 17:45:12.333 27588 27600 I art     : Starting a blocking GC Explicit
08-05 17:45:12.357 27588 27600 I art     : Explicit concurrent mark sweep GC freed 3(96B) AllocSpace objects, 0(0B) LOS objects, 23% free, 52MB/68MB, paused 633us total 23.797ms
08-05 17:45:12.683 27588 27626 I art     : Starting a blocking GC Explicit
08-05 17:45:12.716 27588 27626 I art     : Explicit concurrent mark sweep GC freed 1340(78KB) AllocSpace objects, 1(20KB) LOS objects, 23% free, 52MB/68MB, paused 611us total 31.722ms
08-05 17:45:12.729 27588 27626 I art     : Starting a blocking GC Explicit
08-05 17:45:12.757 27588 27626 I art     : Explicit concurrent mark sweep GC freed 20(704B) AllocSpace objects, 0(0B) LOS objects, 23% free, 52MB/68MB, paused 608us total 27.236ms
08-05 17:45:12.768 27588 27626 I art     : Starting a blocking GC Explicit
08-05 17:45:12.796 27588 27626 I art     : Explicit concurrent mark sweep GC freed 3(96B) AllocSpace objects, 0(0B) LOS objects, 23% free, 52MB/68MB, paused 600us total 27.186ms
08-05 17:45:12.807 27588 27626 I art     : Starting a blocking GC Explicit
08-05 17:45:12.833 27588 27626 I art     : Explicit concurrent mark sweep GC freed 3(96B) AllocSpace objects, 0(0B) LOS objects, 23% free, 52MB/68MB, paused 568us total 26.074ms
08-05 17:45:12.845 27588 27626 I art     : Starting a blocking GC Explicit
08-05 17:45:12.873 27588 27626 I art     : Explicit concurrent mark sweep GC freed 3(96B) AllocSpace objects, 0(0B) LOS objects, 23% free, 52MB/68MB, paused 600us total 27.860ms
08-05 17:45:13.175 26632 26632 I ServiceManager: Waiting for service AtCmdFwd...
08-05 17:45:13.212 27588 27618 I art     : Starting a blocking GC Explicit
08-05 17:45:13.243 27588 27618 I art     : Explicit concurrent mark sweep GC freed 1340(78KB) AllocSpace objects, 1(20KB) LOS objects, 23% free, 52MB/68MB, paused 557us total 30.443ms
08-05 17:45:13.256 27588 27618 I art     : Starting a blocking GC Explicit
08-05 17:45:13.284 27588 27618 I art     : Explicit concurrent mark sweep GC freed 20(704B) AllocSpace objects, 0(0B) LOS objects, 23% free, 52MB/68MB, paused 566us total 27.507ms
08-05 17:45:13.295 27588 27618 I art     : Starting a blocking GC Explicit
08-05 17:45:13.321 27588 27618 I art     : Explicit concurrent mark sweep GC freed 3(96B) AllocSpace objects, 0(0B) LOS objects, 23% free, 52MB/68MB, paused 556us total 25.410ms
08-05 17:45:13.332 27588 27618 I art     : Starting a blocking GC Explicit
08-05 17:45:13.360 27588 27618 I art     : Explicit concurrent mark sweep GC freed 3(96B) AllocSpace objects, 0(0B) LOS objects, 23% free, 52MB/68MB, paused 574us total 27.434ms
08-05 17:45:13.371 27588 27618 I art     : Starting a blocking GC Explicit
08-05 17:45:13.399 27588 27618 I art     : Explicit concurrent mark sweep GC freed 3(96B) AllocSpace objects, 0(0B) LOS objects, 23% free, 52MB/68MB, paused 587us total 27.650ms
08-05 17:45:13.745 27588 27601 I art     : Starting a blocking GC Explicit
08-05 17:45:13.778 27588 27601 I art     : Explicit concurrent mark sweep GC freed 1340(78KB) AllocSpace objects, 1(20KB) LOS objects, 23% free, 52MB/68MB, paused 748us total 31.893ms
08-05 17:45:13.796 27588 27601 I art     : Starting a blocking GC Explicit
08-05 17:45:13.822 27588 27601 I art     : Explicit concurrent mark sweep GC freed 20(704B) AllocSpace objects, 0(0B) LOS objects, 23% free, 52MB/68MB, paused 590us total 25.846ms
08-05 17:45:13.833 27588 27601 I art     : Starting a blocking GC Explicit
08-05 17:45:13.861 27588 27601 I art     : Explicit concurrent mark sweep GC freed 3(96B) AllocSpace objects, 0(0B) LOS objects, 23% free, 52MB/68MB, paused 588us total 27.818ms
08-05 17:45:13.872 27588 27601 I art     : Starting a blocking GC Explicit
08-05 17:45:13.900 27588 27601 I art     : Explicit concurrent mark sweep GC freed 3(96B) AllocSpace objects, 0(0B) LOS objects, 23% free, 52MB/68MB, paused 585us total 27.424ms
08-05 17:45:13.911 27588 27601 I art     : Starting a blocking GC Explicit
08-05 17:45:13.938 27588 27601 I art     : Explicit concurrent mark sweep GC freed 3(96B) AllocSpace objects, 0(0B) LOS objects, 23% free, 52MB/68MB, paused 612us total 26.120ms
08-05 17:45:14.176 26632 26632 I ServiceManager: Waiting for service AtCmdFwd...
08-05 17:45:14.269 27588 27600 I art     : Starting a blocking GC Explicit
08-05 17:45:14.305 27588 27600 I art     : Explicit concurrent mark sweep GC freed 1340(78KB) AllocSpace objects, 1(20KB) LOS objects, 23% free, 52MB/68MB, paused 607us total 35.661ms
08-05 17:45:14.319 27588 27600 I art     : Starting a blocking GC Explicit
08-05 17:45:14.347 27588 27600 I art     : Explicit concurrent mark sweep GC freed 20(704B) AllocSpace objects, 0(0B) LOS objects, 23% free, 52MB/68MB, paused 568us total 27.583ms
08-05 17:45:14.358 27588 27600 I art     : Starting a blocking GC Explicit
08-05 17:45:14.363   918  3188 I hubconnection: sensorhub said: 'set_bias 3: -5.7408, 0.0000, 0.0000'
08-05 17:45:14.386 27588 27600 I art     : Explicit concurrent mark sweep GC freed 3(96B) AllocSpace objects, 0(0B) LOS objects, 23% free, 52MB/68MB, paused 626us total 27.665ms
08-05 17:45:14.397 27588 27600 I art     : Starting a blocking GC Explicit
08-05 17:45:14.424 27588 27600 I art     : Explicit concurrent mark sweep GC freed 3(96B) AllocSpace objects, 0(0B) LOS objects, 23% free, 52MB/68MB, paused 545us total 26.705ms
08-05 17:45:14.435 27588 27600 I art     : Starting a blocking GC Explicit
08-05 17:45:14.463 27588 27600 I art     : Explicit concurrent mark sweep GC freed 3(96B) AllocSpace objects, 0(0B) LOS objects, 23% free, 52MB/68MB, paused 540us total 27.045ms
08-05 17:45:14.752 27588 27626 I art     : Starting a blocking GC Explicit
08-05 17:45:14.781 27588 27626 I art     : Explicit concurrent mark sweep GC freed 1340(78KB) AllocSpace objects, 1(20KB) LOS objects, 23% free, 52MB/68MB, paused 618us total 28.279ms
08-05 17:45:14.792 27588 27626 I art     : Starting a blocking GC Explicit
08-05 17:45:14.818 27588 27626 I art     : Explicit concurrent mark sweep GC freed 20(704B) AllocSpace objects, 0(0B) LOS objects, 23% free, 52MB/68MB, paused 651us total 26.446ms
08-05 17:45:14.829 27588 27626 I art     : Starting a blocking GC Explicit
08-05 17:45:14.855 27588 27626 I art     : Explicit concurrent mark sweep GC freed 3(96B) AllocSpace objects, 0(0B) LOS objects, 23% free, 52MB/68MB, paused 584us total 26.044ms
08-05 17:45:14.867 27588 27626 I art     : Starting a blocking GC Explicit
08-05 17:45:14.892 27588 27626 I art     : Explicit concurrent mark sweep GC freed 3(96B) AllocSpace objects, 0(0B) LOS objects, 23% free, 52MB/68MB, paused 561us total 25.491ms
08-05 17:45:14.903 27588 27626 I art     : Starting a blocking GC Explicit
08-05 17:45:14.928 27588 27626 I art     : Explicit concurrent mark sweep GC freed 3(96B) AllocSpace objects, 0(0B) LOS objects, 23% free, 52MB/68MB, paused 585us total 24.840ms
08-05 17:45:15.033 29186 29186 D AndroidRuntime: >>>>>> START com.android.internal.os.RuntimeInit uid 2000 <<<<<<
08-05 17:45:15.041 29186 29186 D AndroidRuntime: CheckJNI is OFF
08-05 17:45:15.089 29186 29186 D ICU     : No timezone override file found: /data/misc/zoneinfo/current/icu/icu_tzdata.dat
08-05 17:45:15.132 29186 29186 I Radio-JNI: register_android_hardware_Radio DONE
08-05 17:45:15.161 29186 29186 D AndroidRuntime: Calling main entry com.android.commands.input.Input
08-05 17:45:15.163 29186 29186 I Input   : injectMotionEvent: MotionEvent { action=ACTION_DOWN, actionButton=0, id[0]=0, x[0]=733.0, y[0]=645.0, toolType[0]=TOOL_TYPE_UNKNOWN, buttonState=0, metaState=0, flags=0x0, edgeFlags=0x0, pointerCount=1, historySize=0, eventTime=812731576, downTime=812731576, deviceId=0, source=0x1002 }
08-05 17:45:15.168 29186 29186 I Input   : injectMotionEvent: MotionEvent { action=ACTION_UP, actionButton=0, id[0]=0, x[0]=733.0, y[0]=645.0, toolType[0]=TOOL_TYPE_UNKNOWN, buttonState=0, metaState=0, flags=0x0, edgeFlags=0x0, pointerCount=1, historySize=0, eventTime=812731576, downTime=812731576, deviceId=0, source=0x1002 }
08-05 17:45:15.170   918   928 I ActivityManager: START u0 {cmp=baseline.appteam.nith.hillffair/.activities.ClubActivity (has extras)} from uid 10675 on display 0
08-05 17:45:15.177 26632 26632 I ServiceManager: Waiting for service AtCmdFwd...
08-05 17:45:15.178 29186 29186 D AndroidRuntime: Shutting down VM
08-05 17:45:15.244 27588 27600 I art     : Starting a blocking GC Explicit
08-05 17:45:15.269 27588 27600 I art     : Explicit concurrent mark sweep GC freed 5233(329KB) AllocSpace objects, 1(20KB) LOS objects, 23% free, 52MB/68MB, paused 957us total 25.040ms
08-05 17:45:15.279 27588 27600 I art     : Starting a blocking GC Explicit
08-05 17:45:15.284 13866 13866 I GoogleInputMethodServic: GoogleInputMethodService.onFinishInput():3138 
08-05 17:45:15.284   918   936 I ActivityManager: Displayed baseline.appteam.nith.hillffair/.activities.ClubActivity: +105ms
08-05 17:45:15.284 13866 13866 I GoogleInputMethodServic: GoogleInputMethodService.onStartInput():1808 
08-05 17:45:15.305 27588 27600 I art     : Explicit concurrent mark sweep GC freed 274(12KB) AllocSpace objects, 0(0B) LOS objects, 23% free, 52MB/68MB, paused 694us total 25.204ms
08-05 17:45:15.317 27588 27600 I art     : Starting a blocking GC Explicit
08-05 17:45:15.341 27588 27600 I art     : Explicit concurrent mark sweep GC freed 18(672B) AllocSpace objects, 0(0B) LOS objects, 23% free, 52MB/68MB, paused 580us total 22.882ms
08-05 17:45:15.351 27588 27600 I art     : Starting a blocking GC Explicit
08-05 17:45:15.374 27588 27600 I art     : Explicit concurrent mark sweep GC freed 3(96B) AllocSpace objects, 0(0B) LOS objects, 23% free, 52MB/68MB, paused 590us total 23.262ms
08-05 17:45:15.384 27588 27600 I art     : Starting a blocking GC Explicit
08-05 17:45:15.409 27588 27600 I art     : Explicit concurrent mark sweep GC freed 3(96B) AllocSpace objects, 0(0B) LOS objects, 23% free, 52MB/68MB, paused 945us total 24.273ms
08-05 17:45:15.521   380   380 W SurfaceFlinger: couldn't log to binary event log: overflow.
08-05 17:45:15.691 27588 27600 I art     : Starting a blocking GC Explicit
08-05 17:45:15.717 27588 27600 I art     : Explicit concurrent mark sweep GC freed 1486(86KB) AllocSpace objects, 1(20KB) LOS objects, 23% free, 52MB/68MB, paused 687us total 25.950ms
08-05 17:45:15.728 27588 27600 I art     : Starting a blocking GC Explicit
08-05 17:45:15.753 27588 27600 I art     : Explicit concurrent mark sweep GC freed 34(1216B) AllocSpace objects, 0(0B) LOS objects, 23% free, 52MB/68MB, paused 619us total 25.182ms
08-05 17:45:15.764 27588 27600 I art     : Starting a blocking GC Explicit
08-05 17:45:15.790 27588 27600 I art     : Explicit concurrent mark sweep GC freed 15(560B) AllocSpace objects, 0(0B) LOS objects, 23% free, 52MB/68MB, paused 723us total 25.481ms
08-05 17:45:15.800 27588 27600 I art     : Starting a blocking GC Explicit
08-05 17:45:15.826 27588 27600 I art     : Explicit concurrent mark sweep GC freed 14(528B) AllocSpace objects, 0(0B) LOS objects, 23% free, 52MB/68MB, paused 629us total 25.007ms
08-05 17:45:15.836 27588 27600 I art     : Starting a blocking GC Explicit
08-05 17:45:15.862 27588 27600 I art     : Explicit concurrent mark sweep GC freed 597(52KB) AllocSpace objects, 2(120KB) LOS objects, 23% free, 52MB/68MB, paused 873us total 24.950ms
08-05 17:45:15.893 27588 29219 D OkHttp  : --> GET https://api-hillfair-2k16.herokuapp.com/api/app/events/special/event?id=5806551bdcba0f490c70fd1f http/1.1
08-05 17:45:15.936 27588 29219 D OkHttp  : <-- 200 OK https://api-hillfair-2k16.herokuapp.com/api/app/events/special/event?id=5806551bdcba0f490c70fd1f (43ms, 795-byte body)
08-05 17:45:15.991 27588 27588 I NAPPA_EXPERIMENTATION: MetricNetworkRequestExecutionTime: REQUEST_DURATION_SYSTEM='781',REQUEST_DURATION_OKHTTP='43',REQUEST_SYNCHRONOUS='FALSE',RESPONSE_CODE='200',RESPONSE_METHOD='GET',RESPONSE_LENGTH_OKHTTP='795',RESPONSE_LENGTH_HEADER='795',REQUEST_PROTOCOL='http/1.1',REQUEST_URL='https://api-hillfair-2k16.herokuapp.com/api/app/events/special/event?id=5806551bdcba0f490c70fd1f',
08-05 17:45:16.165 27588 27601 I art     : Starting a blocking GC Explicit
08-05 17:45:16.177 26632 26632 I ServiceManager: Waiting for service AtCmdFwd...
08-05 17:45:16.194 27588 27601 I art     : Explicit concurrent mark sweep GC freed 4236(262KB) AllocSpace objects, 2(100KB) LOS objects, 23% free, 52MB/68MB, paused 631us total 28.271ms
08-05 17:45:16.205 27588 27601 I art     : Starting a blocking GC Explicit
08-05 17:45:16.231 27588 27601 I art     : Explicit concurrent mark sweep GC freed 974(115KB) AllocSpace objects, 0(0B) LOS objects, 23% free, 52MB/68MB, paused 612us total 26.397ms
08-05 17:45:16.242 27588 27601 I art     : Starting a blocking GC Explicit
08-05 17:45:16.268 27588 27601 I art     : Explicit concurrent mark sweep GC freed 3(96B) AllocSpace objects, 0(0B) LOS objects, 23% free, 52MB/68MB, paused 696us total 25.564ms
08-05 17:45:16.278 27588 27601 I art     : Starting a blocking GC Explicit
08-05 17:45:16.304 27588 27601 I art     : Explicit concurrent mark sweep GC freed 3(96B) AllocSpace objects, 0(0B) LOS objects, 23% free, 52MB/68MB, paused 605us total 24.915ms
08-05 17:45:16.315 27588 27601 I art     : Starting a blocking GC Explicit
08-05 17:45:16.340 27588 27601 I art     : Explicit concurrent mark sweep GC freed 3(96B) AllocSpace objects, 0(0B) LOS objects, 23% free, 52MB/68MB, paused 564us total 25.245ms
08-05 17:45:16.647 27588 27600 I art     : Starting a blocking GC Explicit
08-05 17:45:16.679 27588 27600 I art     : Explicit concurrent mark sweep GC freed 1341(78KB) AllocSpace objects, 1(20KB) LOS objects, 23% free, 52MB/68MB, paused 637us total 31.884ms
08-05 17:45:16.693 27588 27600 I art     : Starting a blocking GC Explicit
08-05 17:45:16.719 27588 27600 I art     : Explicit concurrent mark sweep GC freed 36(1264B) AllocSpace objects, 0(0B) LOS objects, 23% free, 52MB/68MB, paused 590us total 26.515ms
08-05 17:45:16.731 27588 27600 I art     : Starting a blocking GC Explicit
08-05 17:45:16.758 27588 27600 I art     : Explicit concurrent mark sweep GC freed 3(96B) AllocSpace objects, 0(0B) LOS objects, 23% free, 52MB/68MB, paused 646us total 26.586ms
08-05 17:45:16.769 27588 27600 I art     : Starting a blocking GC Explicit
08-05 17:45:16.797 27588 27600 I art     : Explicit concurrent mark sweep GC freed 3(96B) AllocSpace objects, 0(0B) LOS objects, 23% free, 52MB/68MB, paused 693us total 27.790ms
08-05 17:45:16.808 27588 27600 I art     : Starting a blocking GC Explicit
08-05 17:45:16.838 27588 27600 I art     : Explicit concurrent mark sweep GC freed 3(96B) AllocSpace objects, 0(0B) LOS objects, 23% free, 52MB/68MB, paused 657us total 29.264ms
08-05 17:45:17.178 26632 26632 W Atfwd_Sendcmd: AtCmdFwd service not published, waiting... retryCnt : 5
08-05 17:45:17.195 27588 27618 I art     : Starting a blocking GC Explicit
08-05 17:45:17.233 27588 27618 I art     : Explicit concurrent mark sweep GC freed 1341(78KB) AllocSpace objects, 1(20KB) LOS objects, 23% free, 52MB/68MB, paused 697us total 37.619ms
08-05 17:45:17.248 27588 27618 I art     : Starting a blocking GC Explicit
08-05 17:45:17.278 27588 27618 I art     : Explicit concurrent mark sweep GC freed 20(704B) AllocSpace objects, 0(0B) LOS objects, 23% free, 52MB/68MB, paused 645us total 29.340ms
08-05 17:45:17.290 27588 27618 I art     : Starting a blocking GC Explicit
08-05 17:45:17.318 27588 27618 I art     : Explicit concurrent mark sweep GC freed 3(96B) AllocSpace objects, 0(0B) LOS objects, 23% free, 52MB/68MB, paused 631us total 28.375ms
08-05 17:45:17.330 27588 27618 I art     : Starting a blocking GC Explicit
08-05 17:45:17.358 27588 27618 I art     : Explicit concurrent mark sweep GC freed 3(96B) AllocSpace objects, 0(0B) LOS objects, 23% free, 52MB/68MB, paused 651us total 27.889ms
08-05 17:45:17.369 27588 27618 I art     : Starting a blocking GC Explicit
08-05 17:45:17.399 27588 27618 I art     : Explicit concurrent mark sweep GC freed 3(96B) AllocSpace objects, 0(0B) LOS objects, 23% free, 52MB/68MB, paused 607us total 29.364ms
08-05 17:45:17.735 27588 27601 I art     : Starting a blocking GC Explicit
08-05 17:45:17.768 27588 27601 I art     : Explicit concurrent mark sweep GC freed 1341(78KB) AllocSpace objects, 1(20KB) LOS objects, 23% free, 52MB/68MB, paused 781us total 32.438ms
08-05 17:45:17.782 27588 27601 I art     : Starting a blocking GC Explicit
08-05 17:45:17.810 27588 27601 I art     : Explicit concurrent mark sweep GC freed 20(704B) AllocSpace objects, 0(0B) LOS objects, 23% free, 52MB/68MB, paused 611us total 28.236ms
08-05 17:45:17.822 27588 27601 I art     : Starting a blocking GC Explicit
08-05 17:45:17.850 27588 27601 I art     : Explicit concurrent mark sweep GC freed 3(96B) AllocSpace objects, 0(0B) LOS objects, 23% free, 52MB/68MB, paused 627us total 28.197ms
08-05 17:45:17.862 27588 27601 I art     : Starting a blocking GC Explicit
08-05 17:45:17.891 27588 27601 I art     : Explicit concurrent mark sweep GC freed 3(96B) AllocSpace objects, 0(0B) LOS objects, 23% free, 52MB/68MB, paused 612us total 29.067ms
08-05 17:45:17.903 27588 27601 I art     : Starting a blocking GC Explicit
08-05 17:45:17.932 27588 27601 I art     : Explicit concurrent mark sweep GC freed 3(96B) AllocSpace objects, 0(0B) LOS objects, 23% free, 52MB/68MB, paused 621us total 28.714ms
08-05 17:45:18.260 27588 27626 I art     : Starting a blocking GC Explicit
08-05 17:45:18.293 27588 27626 I art     : Explicit concurrent mark sweep GC freed 1341(78KB) AllocSpace objects, 1(20KB) LOS objects, 23% free, 52MB/68MB, paused 651us total 32.795ms
08-05 17:45:18.312 27588 27626 I art     : Starting a blocking GC Explicit
08-05 17:45:18.338 27588 27626 I art     : Explicit concurrent mark sweep GC freed 20(704B) AllocSpace objects, 0(0B) LOS objects, 23% free, 52MB/68MB, paused 595us total 26.317ms
08-05 17:45:18.349 27588 27626 I art     : Starting a blocking GC Explicit
08-05 17:45:18.376 27588 27626 I art     : Explicit concurrent mark sweep GC freed 3(96B) AllocSpace objects, 0(0B) LOS objects, 23% free, 52MB/68MB, paused 604us total 26.396ms
08-05 17:45:18.387 27588 27626 I art     : Starting a blocking GC Explicit
08-05 17:45:18.414 27588 27626 I art     : Explicit concurrent mark sweep GC freed 3(96B) AllocSpace objects, 0(0B) LOS objects, 23% free, 52MB/68MB, paused 584us total 26.671ms
08-05 17:45:18.425 27588 27626 I art     : Starting a blocking GC Explicit
08-05 17:45:18.453 27588 27626 I art     : Explicit concurrent mark sweep GC freed 3(96B) AllocSpace objects, 0(0B) LOS objects, 23% free, 52MB/68MB, paused 740us total 27.064ms
08-05 17:45:18.786 27588 27600 I art     : Starting a blocking GC Explicit
08-05 17:45:18.820 27588 27600 I art     : Explicit concurrent mark sweep GC freed 1341(78KB) AllocSpace objects, 1(20KB) LOS objects, 23% free, 52MB/68MB, paused 595us total 32.830ms
08-05 17:45:18.833 27588 27600 I art     : Starting a blocking GC Explicit
08-05 17:45:18.859 27588 27600 I art     : Explicit concurrent mark sweep GC freed 20(704B) AllocSpace objects, 0(0B) LOS objects, 23% free, 52MB/68MB, paused 606us total 26.701ms
08-05 17:45:18.871 27588 27600 I art     : Starting a blocking GC Explicit
08-05 17:45:18.900 27588 27600 I art     : Explicit concurrent mark sweep GC freed 3(96B) AllocSpace objects, 0(0B) LOS objects, 23% free, 52MB/68MB, paused 604us total 29.208ms
08-05 17:45:18.912 27588 27600 I art     : Starting a blocking GC Explicit
08-05 17:45:18.939 27588 27600 I art     : Explicit concurrent mark sweep GC freed 3(96B) AllocSpace objects, 0(0B) LOS objects, 23% free, 52MB/68MB, paused 578us total 26.874ms
08-05 17:45:18.950 27588 27600 I art     : Starting a blocking GC Explicit
08-05 17:45:18.979 27588 27600 I art     : Explicit concurrent mark sweep GC freed 3(96B) AllocSpace objects, 0(0B) LOS objects, 23% free, 52MB/68MB, paused 590us total 28.882ms
08-05 17:45:19.310 27588 27618 I art     : Starting a blocking GC Explicit
08-05 17:45:19.342 27588 27618 I art     : Explicit concurrent mark sweep GC freed 1341(78KB) AllocSpace objects, 1(20KB) LOS objects, 23% free, 52MB/68MB, paused 631us total 31.653ms
08-05 17:45:19.355 27588 27618 I art     : Starting a blocking GC Explicit
08-05 17:45:19.384 27588 27618 I art     : Explicit concurrent mark sweep GC freed 20(704B) AllocSpace objects, 0(0B) LOS objects, 23% free, 52MB/68MB, paused 613us total 28.627ms
08-05 17:45:19.396 27588 27618 I art     : Starting a blocking GC Explicit
08-05 17:45:19.422 27588 27618 I art     : Explicit concurrent mark sweep GC freed 3(96B) AllocSpace objects, 0(0B) LOS objects, 23% free, 52MB/68MB, paused 558us total 25.843ms
08-05 17:45:19.433 27588 27618 I art     : Starting a blocking GC Explicit
08-05 17:45:19.459 27588 27618 I art     : Explicit concurrent mark sweep GC freed 3(96B) AllocSpace objects, 0(0B) LOS objects, 23% free, 52MB/68MB, paused 574us total 25.766ms
08-05 17:45:19.470 27588 27618 I art     : Starting a blocking GC Explicit
08-05 17:45:19.496 27588 27618 I art     : Explicit concurrent mark sweep GC freed 3(96B) AllocSpace objects, 0(0B) LOS objects, 23% free, 52MB/68MB, paused 592us total 25.362ms
08-05 17:45:19.807 27588 27601 I art     : Starting a blocking GC Explicit
08-05 17:45:19.838 27588 27601 I art     : Explicit concurrent mark sweep GC freed 1341(78KB) AllocSpace objects, 1(20KB) LOS objects, 23% free, 52MB/68MB, paused 708us total 31.012ms
08-05 17:45:19.852 27588 27601 I art     : Starting a blocking GC Explicit
08-05 17:45:19.879 27588 27601 I art     : Explicit concurrent mark sweep GC freed 20(704B) AllocSpace objects, 0(0B) LOS objects, 23% free, 52MB/68MB, paused 617us total 26.985ms
08-05 17:45:19.890 27588 27601 I art     : Starting a blocking GC Explicit
08-05 17:45:19.918 27588 27601 I art     : Explicit concurrent mark sweep GC freed 3(96B) AllocSpace objects, 0(0B) LOS objects, 23% free, 52MB/68MB, paused 652us total 27.518ms
08-05 17:45:19.929 27588 27601 I art     : Starting a blocking GC Explicit
08-05 17:45:19.956 27588 27601 I art     : Explicit concurrent mark sweep GC freed 3(96B) AllocSpace objects, 0(0B) LOS objects, 23% free, 52MB/68MB, paused 661us total 27.402ms
08-05 17:45:19.961 29302 29302 D AndroidRuntime: >>>>>> START com.android.internal.os.RuntimeInit uid 2000 <<<<<<
08-05 17:45:19.967 29302 29302 D AndroidRuntime: CheckJNI is OFF
08-05 17:45:19.967 27588 27601 I art     : Starting a blocking GC Explicit
08-05 17:45:19.994 27588 27601 I art     : Explicit concurrent mark sweep GC freed 3(96B) AllocSpace objects, 0(0B) LOS objects, 23% free, 52MB/68MB, paused 613us total 26.607ms
08-05 17:45:20.015 29302 29302 D ICU     : No timezone override file found: /data/misc/zoneinfo/current/icu/icu_tzdata.dat
08-05 17:45:20.059 29302 29302 I Radio-JNI: register_android_hardware_Radio DONE
08-05 17:45:20.089 29302 29302 D AndroidRuntime: Calling main entry com.android.commands.input.Input
08-05 17:45:20.091 29302 29302 I Input   : injectKeyEvent: KeyEvent { action=ACTION_DOWN, keyCode=KEYCODE_BACK, scanCode=0, metaState=0, flags=0x0, repeatCount=0, eventTime=812736504, downTime=812736504, deviceId=-1, source=0x101 }
08-05 17:45:20.098 29302 29302 I Input   : injectKeyEvent: KeyEvent { action=ACTION_UP, keyCode=KEYCODE_BACK, scanCode=0, metaState=0, flags=0x0, repeatCount=0, eventTime=812736504, downTime=812736504, deviceId=-1, source=0x101 }
08-05 17:45:20.105 29302 29302 D AndroidRuntime: Shutting down VM
08-05 17:45:20.152 13866 13866 I GoogleInputMethodServic: GoogleInputMethodService.onFinishInput():3138 
08-05 17:45:20.153 13866 13866 I GoogleInputMethodServic: GoogleInputMethodService.onStartInput():1808 
08-05 17:45:20.278 27588 27626 I art     : Starting a blocking GC Explicit
08-05 17:45:20.309 27588 27626 I art     : Explicit concurrent mark sweep GC freed 1510(85KB) AllocSpace objects, 1(20KB) LOS objects, 23% free, 52MB/68MB, paused 556us total 30.598ms
08-05 17:45:20.324 27588 27626 I art     : Starting a blocking GC Explicit
08-05 17:45:20.356 27588 27626 I art     : Explicit concurrent mark sweep GC freed 26(944B) AllocSpace objects, 0(0B) LOS objects, 23% free, 52MB/68MB, paused 595us total 31.705ms
08-05 17:45:20.370 27588 27626 I art     : Starting a blocking GC Explicit
08-05 17:45:20.400 27588 27626 I art     : Explicit concurrent mark sweep GC freed 3(96B) AllocSpace objects, 0(0B) LOS objects, 23% free, 52MB/68MB, paused 654us total 30.356ms
08-05 17:45:20.412 27588 27626 I art     : Starting a blocking GC Explicit
08-05 17:45:20.439 27588 27626 I art     : Explicit concurrent mark sweep GC freed 3(96B) AllocSpace objects, 0(0B) LOS objects, 23% free, 52MB/68MB, paused 603us total 26.210ms
08-05 17:45:20.442   380   380 W SurfaceFlinger: couldn't log to binary event log: overflow.
08-05 17:45:20.453 27588 27626 I art     : Starting a blocking GC Explicit
08-05 17:45:20.477 27588 27626 I art     : Explicit concurrent mark sweep GC freed 112(8KB) AllocSpace objects, 0(0B) LOS objects, 23% free, 52MB/68MB, paused 589us total 23.810ms
08-05 17:45:20.786 27588 27601 I art     : Starting a blocking GC Explicit
08-05 17:45:20.817 27588 27601 I art     : Explicit concurrent mark sweep GC freed 2993(185KB) AllocSpace objects, 4(420KB) LOS objects, 23% free, 52MB/68MB, paused 652us total 31.148ms
08-05 17:45:20.831 27588 27601 I art     : Starting a blocking GC Explicit
08-05 17:45:20.857 27588 27601 I art     : Explicit concurrent mark sweep GC freed 20(704B) AllocSpace objects, 0(0B) LOS objects, 23% free, 52MB/68MB, paused 687us total 26.068ms
08-05 17:45:20.868 27588 27601 I art     : Starting a blocking GC Explicit
08-05 17:45:20.895 27588 27601 I art     : Explicit concurrent mark sweep GC freed 3(96B) AllocSpace objects, 0(0B) LOS objects, 23% free, 52MB/68MB, paused 614us total 25.958ms
08-05 17:45:20.906 27588 27601 I art     : Starting a blocking GC Explicit
08-05 17:45:20.932 27588 27601 I art     : Explicit concurrent mark sweep GC freed 3(96B) AllocSpace objects, 0(0B) LOS objects, 23% free, 52MB/68MB, paused 604us total 25.853ms
08-05 17:45:20.943 27588 27601 I art     : Starting a blocking GC Explicit
08-05 17:45:20.969 27588 27601 I art     : Explicit concurrent mark sweep GC freed 3(96B) AllocSpace objects, 0(0B) LOS objects, 23% free, 52MB/68MB, paused 608us total 26.106ms
08-05 17:45:21.261 27588 27618 I art     : Starting a blocking GC Explicit
08-05 17:45:21.295 27588 27618 I art     : Explicit concurrent mark sweep GC freed 1340(78KB) AllocSpace objects, 1(20KB) LOS objects, 23% free, 52MB/68MB, paused 618us total 32.785ms
08-05 17:45:21.308 27588 27618 I art     : Starting a blocking GC Explicit
08-05 17:45:21.334 27588 27618 I art     : Explicit concurrent mark sweep GC freed 20(704B) AllocSpace objects, 0(0B) LOS objects, 23% free, 52MB/68MB, paused 588us total 25.703ms
08-05 17:45:21.345 27588 27618 I art     : Starting a blocking GC Explicit
08-05 17:45:21.370 27588 27618 I art     : Explicit concurrent mark sweep GC freed 3(96B) AllocSpace objects, 0(0B) LOS objects, 23% free, 52MB/68MB, paused 626us total 24.798ms
08-05 17:45:21.381 27588 27618 I art     : Starting a blocking GC Explicit
08-05 17:45:21.406 27588 27618 I art     : Explicit concurrent mark sweep GC freed 3(96B) AllocSpace objects, 0(0B) LOS objects, 23% free, 52MB/68MB, paused 594us total 24.706ms
08-05 17:45:21.417 27588 27618 I art     : Starting a blocking GC Explicit
08-05 17:45:21.441 27588 27618 I art     : Explicit concurrent mark sweep GC freed 3(96B) AllocSpace objects, 0(0B) LOS objects, 23% free, 52MB/68MB, paused 597us total 24.282ms
08-05 17:45:21.737 27588 29335 I art     : Starting a blocking GC Explicit
08-05 17:45:21.768 27588 29335 I art     : Explicit concurrent mark sweep GC freed 1340(78KB) AllocSpace objects, 1(20KB) LOS objects, 23% free, 52MB/68MB, paused 760us total 30.440ms
08-05 17:45:21.780 27588 29335 I art     : Starting a blocking GC Explicit
08-05 17:45:21.807 27588 29335 I art     : Explicit concurrent mark sweep GC freed 20(704B) AllocSpace objects, 0(0B) LOS objects, 23% free, 52MB/68MB, paused 676us total 26.565ms
08-05 17:45:21.818 27588 29335 I art     : Starting a blocking GC Explicit
08-05 17:45:21.845 27588 29335 I art     : Explicit concurrent mark sweep GC freed 3(96B) AllocSpace objects, 0(0B) LOS objects, 23% free, 52MB/68MB, paused 616us total 26.170ms
08-05 17:45:21.855 27588 29335 I art     : Starting a blocking GC Explicit
08-05 17:45:21.881 27588 29335 I art     : Explicit concurrent mark sweep GC freed 3(96B) AllocSpace objects, 0(0B) LOS objects, 23% free, 52MB/68MB, paused 603us total 25.799ms
08-05 17:45:21.893 27588 29335 I art     : Starting a blocking GC Explicit
08-05 17:45:21.894 29356 29356 D AndroidRuntime: >>>>>> START com.android.internal.os.RuntimeInit uid 2000 <<<<<<
08-05 17:45:21.900 29356 29356 D AndroidRuntime: CheckJNI is OFF
08-05 17:45:21.920 27588 29335 I art     : Explicit concurrent mark sweep GC freed 3(96B) AllocSpace objects, 0(0B) LOS objects, 23% free, 52MB/68MB, paused 614us total 26.784ms
08-05 17:45:21.948 29356 29356 D ICU     : No timezone override file found: /data/misc/zoneinfo/current/icu/icu_tzdata.dat
08-05 17:45:21.993 29356 29356 I Radio-JNI: register_android_hardware_Radio DONE
08-05 17:45:22.023 29356 29356 D AndroidRuntime: Calling main entry com.android.commands.input.Input
08-05 17:45:22.026 29356 29356 I Input   : injectKeyEvent: KeyEvent { action=ACTION_DOWN, keyCode=KEYCODE_BACK, scanCode=0, metaState=0, flags=0x0, repeatCount=0, eventTime=812738438, downTime=812738438, deviceId=-1, source=0x101 }
08-05 17:45:22.032 29356 29356 I Input   : injectKeyEvent: KeyEvent { action=ACTION_UP, keyCode=KEYCODE_BACK, scanCode=0, metaState=0, flags=0x0, repeatCount=0, eventTime=812738438, downTime=812738438, deviceId=-1, source=0x101 }
08-05 17:45:22.038 29356 29356 D AndroidRuntime: Shutting down VM
08-05 17:45:22.081 13866 13866 I GoogleInputMethodServic: GoogleInputMethodService.onFinishInput():3138 
08-05 17:45:22.081 13866 13866 I GoogleInputMethodServic: GoogleInputMethodService.onStartInput():1808 
08-05 17:45:22.202 27588 27618 I art     : Starting a blocking GC Explicit
08-05 17:45:22.233 27588 27618 I art     : Explicit concurrent mark sweep GC freed 1550(87KB) AllocSpace objects, 1(20KB) LOS objects, 23% free, 52MB/68MB, paused 674us total 29.993ms
08-05 17:45:22.246 27588 27618 I art     : Starting a blocking GC Explicit
08-05 17:45:22.274 27588 27618 I art     : Explicit concurrent mark sweep GC freed 24(864B) AllocSpace objects, 0(0B) LOS objects, 23% free, 52MB/68MB, paused 564us total 26.879ms
08-05 17:45:22.286 27588 27618 I art     : Starting a blocking GC Explicit
08-05 17:45:22.313 27588 27618 I art     : Explicit concurrent mark sweep GC freed 3(96B) AllocSpace objects, 0(0B) LOS objects, 23% free, 52MB/68MB, paused 564us total 27.208ms
08-05 17:45:22.326 27588 27618 I art     : Starting a blocking GC Explicit
08-05 17:45:22.357 27588 27618 I art     : Explicit concurrent mark sweep GC freed 3(96B) AllocSpace objects, 0(0B) LOS objects, 23% free, 52MB/68MB, paused 654us total 30.554ms
08-05 17:45:22.369 27588 27618 I art     : Starting a blocking GC Explicit
08-05 17:45:22.394 27588 27618 I art     : Explicit concurrent mark sweep GC freed 3(96B) AllocSpace objects, 0(0B) LOS objects, 23% free, 52MB/68MB, paused 606us total 24.569ms
08-05 17:45:22.701 27588 27601 I art     : Starting a blocking GC Explicit
08-05 17:45:22.736 27588 27601 I art     : Explicit concurrent mark sweep GC freed 1993(110KB) AllocSpace objects, 1(20KB) LOS objects, 23% free, 52MB/68MB, paused 693us total 33.945ms
08-05 17:45:22.754 27588 27601 I art     : Starting a blocking GC Explicit
08-05 17:45:22.779 27588 27601 I art     : Explicit concurrent mark sweep GC freed 2120(128KB) AllocSpace objects, 2(140KB) LOS objects, 23% free, 51MB/67MB, paused 657us total 25.363ms
08-05 17:45:22.780 27588 27599 I art     : WaitForGcToComplete blocked for 11.340ms for cause HeapTrim
08-05 17:45:22.790 27588 27601 I art     : Starting a blocking GC Explicit
08-05 17:45:22.815 27588 27601 I art     : Explicit concurrent mark sweep GC freed 3(96B) AllocSpace objects, 0(0B) LOS objects, 23% free, 51MB/67MB, paused 591us total 24.976ms
08-05 17:45:22.826 27588 27601 I art     : Starting a blocking GC Explicit
08-05 17:45:22.851 27588 27601 I art     : Explicit concurrent mark sweep GC freed 3(96B) AllocSpace objects, 0(0B) LOS objects, 23% free, 51MB/67MB, paused 595us total 24.859ms
08-05 17:45:22.863 27588 27601 I art     : Starting a blocking GC Explicit
08-05 17:45:22.888 27588 27601 I art     : Explicit concurrent mark sweep GC freed 3(96B) AllocSpace objects, 0(0B) LOS objects, 23% free, 51MB/67MB, paused 633us total 25.026ms
08-05 17:45:23.202 27588 29335 I art     : Starting a blocking GC Explicit
08-05 17:45:23.232 27588 29335 I art     : Explicit concurrent mark sweep GC freed 1340(78KB) AllocSpace objects, 1(20KB) LOS objects, 23% free, 51MB/67MB, paused 593us total 29.819ms
08-05 17:45:23.245 27588 29335 I art     : Starting a blocking GC Explicit
08-05 17:45:23.270 27588 29335 I art     : Explicit concurrent mark sweep GC freed 20(704B) AllocSpace objects, 0(0B) LOS objects, 23% free, 51MB/67MB, paused 560us total 24.811ms
08-05 17:45:23.281 27588 29335 I art     : Starting a blocking GC Explicit
08-05 17:45:23.305 27588 29335 I art     : Explicit concurrent mark sweep GC freed 3(96B) AllocSpace objects, 0(0B) LOS objects, 23% free, 51MB/67MB, paused 580us total 23.852ms
08-05 17:45:23.316 27588 29335 I art     : Starting a blocking GC Explicit
08-05 17:45:23.339 27588 29335 I art     : Explicit concurrent mark sweep GC freed 3(96B) AllocSpace objects, 0(0B) LOS objects, 23% free, 51MB/67MB, paused 572us total 23.265ms
08-05 17:45:23.349 27588 29335 I art     : Starting a blocking GC Explicit
08-05 17:45:23.373 27588 29335 I art     : Explicit concurrent mark sweep GC freed 3(96B) AllocSpace objects, 0(0B) LOS objects, 23% free, 51MB/67MB, paused 570us total 23.291ms
08-05 17:45:23.664 27588 27626 I art     : Starting a blocking GC Explicit
08-05 17:45:23.692 27588 27626 I art     : Explicit concurrent mark sweep GC freed 1338(78KB) AllocSpace objects, 1(20KB) LOS objects, 23% free, 51MB/67MB, paused 642us total 27.163ms
08-05 17:45:23.701  5179  5194 D QcrilMsgTunnelSocket: readRilMessage: Buffer = [B@671e81d HexData = [010000000404000011000000514f454d484f4f4bef0308000100000003]
08-05 17:45:23.701  5179  5194 D QcrilMsgTunnelSocket: Rcvd UNSOL response with 28 bytes data for SUB0
08-05 17:45:23.702  5179  5194 D QcrilMsgTunnelSocket: Response ID 525295 is not served in this process.
08-05 17:45:23.702  5179  5194 D QcrilMsgTunnelSocket: To broadcast an Intent via the notifier to external apps
08-05 17:45:23.702  5179  5179 D QcrilMsgTunnelIfaceManager: handleMessage what = 0
08-05 17:45:23.702  5179  5179 D QcrilMsgTunnelIfaceManager: Broadcasting intent ACTION_UNSOL_RESPONSE_OEM_HOOK_RAW
08-05 17:45:23.705  5164  5164 D QC_RIL_OEM_HOOK: Received Broadcast Intent ACTION_UNSOL_RESPONSE_OEM_HOOK_RAW
08-05 17:45:23.706 27588 27626 I art     : Starting a blocking GC Explicit
08-05 17:45:23.706  5164  5164 D QC_RIL_OEM_HOOK: Oem ID in QCRILHOOK UNSOL RESP is QOEMHOOK
08-05 17:45:23.730 27588 27626 I art     : Explicit concurrent mark sweep GC freed 20(704B) AllocSpace objects, 0(0B) LOS objects, 23% free, 51MB/67MB, paused 625us total 23.843ms
08-05 17:45:23.741 27588 27626 I art     : Starting a blocking GC Explicit
08-05 17:45:23.765 27588 27626 I art     : Explicit concurrent mark sweep GC freed 3(96B) AllocSpace objects, 0(0B) LOS objects, 23% free, 51MB/67MB, paused 594us total 24.064ms
08-05 17:45:23.776 27588 27626 I art     : Starting a blocking GC Explicit
08-05 17:45:23.801 27588 27626 I art     : Explicit concurrent mark sweep GC freed 3(96B) AllocSpace objects, 0(0B) LOS objects, 23% free, 51MB/67MB, paused 663us total 24.596ms
08-05 17:45:23.810 29409 29409 D AndroidRuntime: >>>>>> START com.android.internal.os.RuntimeInit uid 2000 <<<<<<
08-05 17:45:23.812 27588 27626 I art     : Starting a blocking GC Explicit
08-05 17:45:23.816 29409 29409 D AndroidRuntime: CheckJNI is OFF
08-05 17:45:23.837 27588 27626 I art     : Explicit concurrent mark sweep GC freed 3(96B) AllocSpace objects, 0(0B) LOS objects, 23% free, 51MB/67MB, paused 708us total 25.435ms
08-05 17:45:23.865 29409 29409 D ICU     : No timezone override file found: /data/misc/zoneinfo/current/icu/icu_tzdata.dat
08-05 17:45:23.909 29409 29409 I Radio-JNI: register_android_hardware_Radio DONE
08-05 17:45:23.938 29409 29409 D AndroidRuntime: Calling main entry com.android.commands.input.Input
08-05 17:45:23.941 29409 29409 I Input   : injectMotionEvent: MotionEvent { action=ACTION_DOWN, actionButton=0, id[0]=0, x[0]=1053.0, y[0]=1173.0, toolType[0]=TOOL_TYPE_UNKNOWN, buttonState=0, metaState=0, flags=0x0, edgeFlags=0x0, pointerCount=1, historySize=0, eventTime=812740353, downTime=812740353, deviceId=0, source=0x1002 }
08-05 17:45:23.947 29409 29409 I Input   : injectMotionEvent: MotionEvent { action=ACTION_UP, actionButton=0, id[0]=0, x[0]=1053.0, y[0]=1173.0, toolType[0]=TOOL_TYPE_UNKNOWN, buttonState=0, metaState=0, flags=0x0, edgeFlags=0x0, pointerCount=1, historySize=0, eventTime=812740353, downTime=812740353, deviceId=0, source=0x1002 }
08-05 17:45:23.949   918  5132 I ActivityManager: START u0 {cmp=baseline.appteam.nith.hillffair/.activities.QuizActivity} from uid 10675 on display 0
08-05 17:45:23.957 29409 29409 D AndroidRuntime: Shutting down VM
08-05 17:45:24.100 13866 13866 I GoogleInputMethodServic: GoogleInputMethodService.onFinishInput():3138 
08-05 17:45:24.101 13866 13866 I GoogleInputMethodServic: GoogleInputMethodService.onStartInput():1808 
08-05 17:45:24.102   918   936 I ActivityManager: Displayed baseline.appteam.nith.hillffair/.activities.QuizActivity: +144ms
08-05 17:45:24.127 27588 27601 I art     : Starting a blocking GC Explicit
08-05 17:45:24.151 27588 27601 I art     : Explicit concurrent mark sweep GC freed 2157(142KB) AllocSpace objects, 1(20KB) LOS objects, 23% free, 52MB/68MB, paused 540us total 23.907ms
08-05 17:45:24.161 27588 27601 I art     : Starting a blocking GC Explicit
08-05 17:45:24.186 27588 27601 I art     : Explicit concurrent mark sweep GC freed 207(9KB) AllocSpace objects, 0(0B) LOS objects, 23% free, 52MB/68MB, paused 652us total 24.284ms
08-05 17:45:24.196 27588 27601 I art     : Starting a blocking GC Explicit
08-05 17:45:24.220 27588 27601 I art     : Explicit concurrent mark sweep GC freed 3(96B) AllocSpace objects, 0(0B) LOS objects, 23% free, 52MB/68MB, paused 547us total 23.514ms
08-05 17:45:24.231 27588 27601 I art     : Starting a blocking GC Explicit
08-05 17:45:24.259 27588 27601 I art     : Explicit concurrent mark sweep GC freed 3(96B) AllocSpace objects, 0(0B) LOS objects, 23% free, 52MB/68MB, paused 597us total 27.897ms
08-05 17:45:24.272 27588 27601 I art     : Starting a blocking GC Explicit
08-05 17:45:24.304 27588 27601 I art     : Explicit concurrent mark sweep GC freed 3(96B) AllocSpace objects, 0(0B) LOS objects, 23% free, 52MB/68MB, paused 610us total 31.868ms
08-05 17:45:24.346   380   380 W SurfaceFlinger: couldn't log to binary event log: overflow.
08-05 17:45:24.605 27588 27601 I art     : Starting a blocking GC Explicit
08-05 17:45:24.635 27588 27601 I art     : Explicit concurrent mark sweep GC freed 1410(82KB) AllocSpace objects, 1(20KB) LOS objects, 23% free, 52MB/68MB, paused 617us total 30.038ms
08-05 17:45:24.649 27588 27601 I art     : Starting a blocking GC Explicit
08-05 17:45:24.675 27588 27601 I art     : Explicit concurrent mark sweep GC freed 20(704B) AllocSpace objects, 0(0B) LOS objects, 23% free, 52MB/68MB, paused 592us total 26.064ms
08-05 17:45:24.687 27588 27601 I art     : Starting a blocking GC Explicit
08-05 17:45:24.712 27588 27601 I art     : Explicit concurrent mark sweep GC freed 3(96B) AllocSpace objects, 0(0B) LOS objects, 23% free, 52MB/68MB, paused 559us total 25.053ms
08-05 17:45:24.723 27588 27601 I art     : Starting a blocking GC Explicit
08-05 17:45:24.749 27588 27601 I art     : Explicit concurrent mark sweep GC freed 3(96B) AllocSpace objects, 0(0B) LOS objects, 23% free, 52MB/68MB, paused 583us total 25.944ms
08-05 17:45:24.760 27588 27601 I art     : Starting a blocking GC Explicit
08-05 17:45:24.787 27588 27601 I art     : Explicit concurrent mark sweep GC freed 3(96B) AllocSpace objects, 0(0B) LOS objects, 23% free, 52MB/68MB, paused 653us total 26.009ms
08-05 17:45:25.090 27588 27618 I art     : Starting a blocking GC Explicit
08-05 17:45:25.121 27588 27618 I art     : Explicit concurrent mark sweep GC freed 1340(78KB) AllocSpace objects, 1(20KB) LOS objects, 23% free, 52MB/68MB, paused 591us total 31.046ms
08-05 17:45:25.135 27588 27618 I art     : Starting a blocking GC Explicit
08-05 17:45:25.160 27588 27618 I art     : Explicit concurrent mark sweep GC freed 20(704B) AllocSpace objects, 0(0B) LOS objects, 23% free, 52MB/68MB, paused 568us total 25.435ms
08-05 17:45:25.171 27588 27618 I art     : Starting a blocking GC Explicit
08-05 17:45:25.198 27588 27618 I art     : Explicit concurrent mark sweep GC freed 3(96B) AllocSpace objects, 0(0B) LOS objects, 23% free, 52MB/68MB, paused 606us total 25.963ms
08-05 17:45:25.209 27588 27618 I art     : Starting a blocking GC Explicit
08-05 17:45:25.235 27588 27618 I art     : Explicit concurrent mark sweep GC freed 3(96B) AllocSpace objects, 0(0B) LOS objects, 23% free, 52MB/68MB, paused 555us total 25.899ms
08-05 17:45:25.246 27588 27618 I art     : Starting a blocking GC Explicit
08-05 17:45:25.271 27588 27618 I art     : Explicit concurrent mark sweep GC freed 3(96B) AllocSpace objects, 0(0B) LOS objects, 23% free, 52MB/68MB, paused 566us total 25.108ms
08-05 17:45:25.586 27588 29335 I art     : Starting a blocking GC Explicit
08-05 17:45:25.625 27588 29335 I art     : Explicit concurrent mark sweep GC freed 1341(78KB) AllocSpace objects, 1(20KB) LOS objects, 23% free, 52MB/68MB, paused 630us total 38.547ms
08-05 17:45:25.637 27588 29335 I art     : Starting a blocking GC Explicit
08-05 17:45:25.665 27588 29335 I art     : Explicit concurrent mark sweep GC freed 25(864B) AllocSpace objects, 0(0B) LOS objects, 23% free, 52MB/68MB, paused 551us total 27.565ms
08-05 17:45:25.675 27588 29335 I art     : Starting a blocking GC Explicit
08-05 17:45:25.700 27588 29335 I art     : Explicit concurrent mark sweep GC freed 7(224B) AllocSpace objects, 0(0B) LOS objects, 23% free, 52MB/68MB, paused 756us total 24.832ms
08-05 17:45:25.711 27588 29335 I art     : Starting a blocking GC Explicit
08-05 17:45:25.735 27588 29335 I art     : Explicit concurrent mark sweep GC freed 8(256B) AllocSpace objects, 0(0B) LOS objects, 23% free, 52MB/68MB, paused 530us total 23.884ms
08-05 17:45:25.747 27588 29335 I art     : Starting a blocking GC Explicit
08-05 17:45:25.771 27588 29335 I art     : Explicit concurrent mark sweep GC freed 8(256B) AllocSpace objects, 0(0B) LOS objects, 23% free, 52MB/68MB, paused 533us total 24.100ms
08-05 17:45:26.093 27588 27618 I art     : Starting a blocking GC Explicit
08-05 17:45:26.125 27588 27618 I art     : Explicit concurrent mark sweep GC freed 1348(78KB) AllocSpace objects, 1(20KB) LOS objects, 23% free, 52MB/68MB, paused 608us total 30.990ms
08-05 17:45:26.137 27588 27618 I art     : Starting a blocking GC Explicit
08-05 17:45:26.166 27588 27618 I art     : Explicit concurrent mark sweep GC freed 20(704B) AllocSpace objects, 0(0B) LOS objects, 23% free, 52MB/68MB, paused 586us total 28.245ms
08-05 17:45:26.177 27588 27618 I art     : Starting a blocking GC Explicit
08-05 17:45:26.203 27588 27618 I art     : Explicit concurrent mark sweep GC freed 3(96B) AllocSpace objects, 0(0B) LOS objects, 23% free, 52MB/68MB, paused 552us total 25.607ms
08-05 17:45:26.215 27588 27618 I art     : Starting a blocking GC Explicit
08-05 17:45:26.239 27588 27618 I art     : Explicit concurrent mark sweep GC freed 3(96B) AllocSpace objects, 0(0B) LOS objects, 23% free, 52MB/68MB, paused 537us total 24.573ms
08-05 17:45:26.250 27588 27618 I art     : Starting a blocking GC Explicit
08-05 17:45:26.274 27588 27618 I art     : Explicit concurrent mark sweep GC freed 3(96B) AllocSpace objects, 0(0B) LOS objects, 23% free, 52MB/68MB, paused 566us total 23.829ms
08-05 17:45:26.598 27588 27626 I art     : Starting a blocking GC Explicit
08-05 17:45:26.625 27588 27626 I art     : Explicit concurrent mark sweep GC freed 1340(78KB) AllocSpace objects, 1(20KB) LOS objects, 23% free, 52MB/68MB, paused 628us total 26.582ms
08-05 17:45:26.638 27588 27626 I art     : Starting a blocking GC Explicit
08-05 17:45:26.669 27588 27626 I art     : Explicit concurrent mark sweep GC freed 20(704B) AllocSpace objects, 0(0B) LOS objects, 23% free, 52MB/68MB, paused 638us total 30.296ms
08-05 17:45:26.680 27588 27626 I art     : Starting a blocking GC Explicit
08-05 17:45:26.707 27588 27626 I art     : Explicit concurrent mark sweep GC freed 3(96B) AllocSpace objects, 0(0B) LOS objects, 23% free, 52MB/68MB, paused 632us total 26.496ms
08-05 17:45:26.718 27588 27626 I art     : Starting a blocking GC Explicit
08-05 17:45:26.744 27588 27626 I art     : Explicit concurrent mark sweep GC freed 3(96B) AllocSpace objects, 0(0B) LOS objects, 23% free, 52MB/68MB, paused 595us total 26.290ms
08-05 17:45:26.755 27588 27626 I art     : Starting a blocking GC Explicit
08-05 17:45:26.767 29491 29491 D AndroidRuntime: >>>>>> START com.android.internal.os.RuntimeInit uid 2000 <<<<<<
08-05 17:45:26.773 29491 29491 D AndroidRuntime: CheckJNI is OFF
08-05 17:45:26.781 27588 27626 I art     : Explicit concurrent mark sweep GC freed 3(96B) AllocSpace objects, 0(0B) LOS objects, 23% free, 52MB/68MB, paused 639us total 26.262ms
08-05 17:45:26.816 29491 29491 D ICU     : No timezone override file found: /data/misc/zoneinfo/current/icu/icu_tzdata.dat
08-05 17:45:26.860 29491 29491 I Radio-JNI: register_android_hardware_Radio DONE
08-05 17:45:26.890 29491 29491 D AndroidRuntime: Calling main entry com.android.commands.input.Input
08-05 17:45:26.893 29491 29491 I Input   : injectMotionEvent: MotionEvent { action=ACTION_DOWN, actionButton=0, id[0]=0, x[0]=756.0, y[0]=1530.0, toolType[0]=TOOL_TYPE_UNKNOWN, buttonState=0, metaState=0, flags=0x0, edgeFlags=0x0, pointerCount=1, historySize=0, eventTime=812743305, downTime=812743305, deviceId=0, source=0x1002 }
08-05 17:45:26.902 29491 29491 I Input   : injectMotionEvent: MotionEvent { action=ACTION_UP, actionButton=0, id[0]=0, x[0]=756.0, y[0]=1530.0, toolType[0]=TOOL_TYPE_UNKNOWN, buttonState=0, metaState=0, flags=0x0, edgeFlags=0x0, pointerCount=1, historySize=0, eventTime=812743305, downTime=812743305, deviceId=0, source=0x1002 }
08-05 17:45:26.905 29491 29491 D AndroidRuntime: Shutting down VM
08-05 17:45:26.921   918  3961 I ActivityManager: START u0 {cmp=baseline.appteam.nith.hillffair/.activities.LeaderBoardActivity} from uid 10675 on display 0
08-05 17:45:26.921   512  2967 D audio_hw_primary: out_set_parameters: enter: usecase(1: low-latency-playback) kvpairs: routing=2
08-05 17:45:26.934   512  2967 D audio_hw_primary: select_devices: out_snd_device(2: speaker) in_snd_device(0: none)
08-05 17:45:26.934   512  2967 D msm8974_platform: platform_send_audio_calibration: sending audio calibration for snd_device(2) acdb_id(15)
08-05 17:45:26.935   512  2967 I soundtrigger: audio_extn_sound_trigger_update_device_status: device 0x2 of type 0 for Event 1
08-05 17:45:26.948   512  2967 D audio_hw_primary: enable_snd_device: snd_device(2: speaker)
08-05 17:45:26.950   512  2967 D audio_hw_primary: enable_audio_route: apply and update mixer path: low-latency-playback speaker
08-05 17:45:27.043 27588 27588 E RecyclerView: No adapter attached; skipping layout
08-05 17:45:27.049 27588 27588 E RecyclerView: No adapter attached; skipping layout
08-05 17:45:27.063 27588 27600 I art     : Starting a blocking GC Explicit
08-05 17:45:27.075   918   936 I ActivityManager: Displayed baseline.appteam.nith.hillffair/.activities.LeaderBoardActivity: +144ms
08-05 17:45:27.076 13866 13866 I GoogleInputMethodServic: GoogleInputMethodService.onFinishInput():3138 
08-05 17:45:27.077 13866 13866 I GoogleInputMethodServic: GoogleInputMethodService.onStartInput():1808 
08-05 17:45:27.078 27588 27588 E RecyclerView: No adapter attached; skipping layout
08-05 17:45:27.093 27588 27600 I art     : Explicit concurrent mark sweep GC freed 6459(379KB) AllocSpace objects, 1(20KB) LOS objects, 23% free, 52MB/68MB, paused 850us total 29.427ms
08-05 17:45:27.106 27588 27600 I art     : Starting a blocking GC Explicit
08-05 17:45:27.109 27588 27611 D OpenGLRenderer: endAllStagingAnimators on 0x7f7d572400 (RippleDrawable) with handle 0x7f801e60c0
08-05 17:45:27.132 27588 27600 I art     : Explicit concurrent mark sweep GC freed 280(12KB) AllocSpace objects, 0(0B) LOS objects, 23% free, 52MB/68MB, paused 618us total 25.553ms
08-05 17:45:27.142 27588 27600 I art     : Starting a blocking GC Explicit
08-05 17:45:27.166 27588 27600 I art     : Explicit concurrent mark sweep GC freed 17(560B) AllocSpace objects, 0(0B) LOS objects, 23% free, 52MB/68MB, paused 712us total 24.414ms
08-05 17:45:27.177 27588 27600 I art     : Starting a blocking GC Explicit
08-05 17:45:27.201 27588 27600 I art     : Explicit concurrent mark sweep GC freed 5(160B) AllocSpace objects, 0(0B) LOS objects, 23% free, 52MB/68MB, paused 594us total 23.861ms
08-05 17:45:27.212 27588 27600 I art     : Starting a blocking GC Explicit
08-05 17:45:27.240 27588 27600 I art     : Explicit concurrent mark sweep GC freed 5(160B) AllocSpace objects, 0(0B) LOS objects, 23% free, 52MB/68MB, paused 620us total 27.393ms
08-05 17:45:27.317   380   380 W SurfaceFlinger: couldn't log to binary event log: overflow.
08-05 17:45:27.488   512  2967 D audio_hw_primary: disable_audio_route: reset and update mixer path: low-latency-playback speaker
08-05 17:45:27.489   512  2967 D audio_hw_primary: disable_snd_device: snd_device(2: speaker)
08-05 17:45:27.498   512  2967 I soundtrigger: audio_extn_sound_trigger_update_device_status: device 0x2 of type 0 for Event 0
08-05 17:45:27.527 27588 29335 I art     : Starting a blocking GC Explicit
08-05 17:45:27.554 27588 29335 I art     : Explicit concurrent mark sweep GC freed 1518(87KB) AllocSpace objects, 1(20KB) LOS objects, 23% free, 52MB/68MB, paused 603us total 26.246ms
08-05 17:45:27.565 27588 29335 I art     : Starting a blocking GC Explicit
08-05 17:45:27.591 27588 29335 I art     : Explicit concurrent mark sweep GC freed 48(1664B) AllocSpace objects, 0(0B) LOS objects, 23% free, 52MB/68MB, paused 629us total 26.002ms
08-05 17:45:27.602 27588 29335 I art     : Starting a blocking GC Explicit
08-05 17:45:27.627 27588 29335 I art     : Explicit concurrent mark sweep GC freed 13(480B) AllocSpace objects, 0(0B) LOS objects, 23% free, 52MB/68MB, paused 692us total 25.247ms
08-05 17:45:27.638 27588 29335 I art     : Starting a blocking GC Explicit
08-05 17:45:27.664 27588 29335 I art     : Explicit concurrent mark sweep GC freed 13(480B) AllocSpace objects, 0(0B) LOS objects, 23% free, 52MB/68MB, paused 640us total 25.501ms
08-05 17:45:27.675 27588 29335 I art     : Starting a blocking GC Explicit
08-05 17:45:27.701 27588 29335 I art     : Explicit concurrent mark sweep GC freed 13(480B) AllocSpace objects, 0(0B) LOS objects, 23% free, 52MB/68MB, paused 733us total 25.813ms
08-05 17:45:27.765 27588 29520 D OkHttp  : --> GET https://api-hillfair-2k16.herokuapp.com/api/app/quiz/leaderboard?from=1 http/1.1
08-05 17:45:27.807 27588 29520 D OkHttp  : <-- 200 OK https://api-hillfair-2k16.herokuapp.com/api/app/quiz/leaderboard?from=1 (41ms, 56744-byte body)
08-05 17:45:27.902 27588 27588 I NAPPA_EXPERIMENTATION: MetricNetworkRequestExecutionTime: REQUEST_DURATION_SYSTEM='938',REQUEST_DURATION_OKHTTP='42',REQUEST_SYNCHRONOUS='FALSE',RESPONSE_CODE='200',RESPONSE_METHOD='GET',RESPONSE_LENGTH_OKHTTP='56744',RESPONSE_LENGTH_HEADER='56744',REQUEST_PROTOCOL='http/1.1',REQUEST_URL='https://api-hillfair-2k16.herokuapp.com/api/app/quiz/leaderboard?from=1',
08-05 17:45:27.978 27588 27626 I art     : Starting a blocking GC Explicit
08-05 17:45:28.012 27588 27626 I art     : Explicit concurrent mark sweep GC freed 30323(1452KB) AllocSpace objects, 4(220KB) LOS objects, 23% free, 52MB/68MB, paused 635us total 34.081ms
08-05 17:45:28.024 27588 27626 I art     : Starting a blocking GC Explicit
08-05 17:45:28.052 27588 27626 I art     : Explicit concurrent mark sweep GC freed 1056(120KB) AllocSpace objects, 0(0B) LOS objects, 23% free, 52MB/68MB, paused 604us total 27.661ms
08-05 17:45:28.063 27588 27626 I art     : Starting a blocking GC Explicit
08-05 17:45:28.090 27588 27626 I art     : Explicit concurrent mark sweep GC freed 3(96B) AllocSpace objects, 0(0B) LOS objects, 23% free, 52MB/68MB, paused 609us total 27.410ms
08-05 17:45:28.102 27588 27626 I art     : Starting a blocking GC Explicit
08-05 17:45:28.131 27588 27626 I art     : Explicit concurrent mark sweep GC freed 3(96B) AllocSpace objects, 0(0B) LOS objects, 23% free, 52MB/68MB, paused 598us total 28.781ms
08-05 17:45:28.143 27588 27626 I art     : Starting a blocking GC Explicit
08-05 17:45:28.172 27588 27626 I art     : Explicit concurrent mark sweep GC freed 3(96B) AllocSpace objects, 0(0B) LOS objects, 23% free, 52MB/68MB, paused 576us total 28.698ms
08-05 17:45:28.483 27588 27618 I art     : Starting a blocking GC Explicit
08-05 17:45:28.519 27588 27618 I art     : Explicit concurrent mark sweep GC freed 1344(78KB) AllocSpace objects, 1(20KB) LOS objects, 23% free, 52MB/68MB, paused 655us total 35.508ms
08-05 17:45:28.533 27588 27618 I art     : Starting a blocking GC Explicit
08-05 17:45:28.565 27588 27618 I art     : Explicit concurrent mark sweep GC freed 20(704B) AllocSpace objects, 0(0B) LOS objects, 23% free, 52MB/68MB, paused 631us total 31.562ms
08-05 17:45:28.577 27588 27618 I art     : Starting a blocking GC Explicit
08-05 17:45:28.609 27588 27618 I art     : Explicit concurrent mark sweep GC freed 3(96B) AllocSpace objects, 0(0B) LOS objects, 23% free, 52MB/68MB, paused 647us total 31.129ms
08-05 17:45:28.621 27588 27618 I art     : Starting a blocking GC Explicit
08-05 17:45:28.651 27588 27618 I art     : Explicit concurrent mark sweep GC freed 3(96B) AllocSpace objects, 0(0B) LOS objects, 23% free, 52MB/68MB, paused 593us total 29.779ms
08-05 17:45:28.663 27588 27618 I art     : Starting a blocking GC Explicit
08-05 17:45:28.694 27588 27618 I art     : Explicit concurrent mark sweep GC freed 3(96B) AllocSpace objects, 0(0B) LOS objects, 23% free, 52MB/68MB, paused 630us total 30.923ms
08-05 17:45:29.041 27588 27601 I art     : Starting a blocking GC Explicit
08-05 17:45:29.076 27588 27601 I art     : Explicit concurrent mark sweep GC freed 1344(78KB) AllocSpace objects, 1(20KB) LOS objects, 23% free, 52MB/68MB, paused 622us total 34.257ms
08-05 17:45:29.091 27588 27601 I art     : Starting a blocking GC Explicit
08-05 17:45:29.124 27588 27601 I art     : Explicit concurrent mark sweep GC freed 20(704B) AllocSpace objects, 0(0B) LOS objects, 23% free, 52MB/68MB, paused 609us total 32.986ms
08-05 17:45:29.136 27588 27601 I art     : Starting a blocking GC Explicit
08-05 17:45:29.168 27588 27601 I art     : Explicit concurrent mark sweep GC freed 3(96B) AllocSpace objects, 0(0B) LOS objects, 23% free, 52MB/68MB, paused 647us total 31.755ms
08-05 17:45:29.180 27588 27601 I art     : Starting a blocking GC Explicit
08-05 17:45:29.211 27588 27601 I art     : Explicit concurrent mark sweep GC freed 3(96B) AllocSpace objects, 0(0B) LOS objects, 23% free, 52MB/68MB, paused 626us total 30.916ms
08-05 17:45:29.223 27588 27601 I art     : Starting a blocking GC Explicit
08-05 17:45:29.244   918  3261 D WifiStateMachine: starting scan for "H369AA63323"WPA_PSK with 2412,5180
08-05 17:45:29.253 27588 27601 I art     : Explicit concurrent mark sweep GC freed 3(96B) AllocSpace objects, 0(0B) LOS objects, 23% free, 52MB/68MB, paused 610us total 29.563ms
08-05 17:45:29.576 27588 27600 I art     : Starting a blocking GC Explicit
08-05 17:45:29.614 27588 27600 I art     : Explicit concurrent mark sweep GC freed 1344(78KB) AllocSpace objects, 1(20KB) LOS objects, 23% free, 52MB/68MB, paused 621us total 37.622ms
08-05 17:45:29.630 27588 27600 I art     : Starting a blocking GC Explicit
08-05 17:45:29.660 27588 27600 I art     : Explicit concurrent mark sweep GC freed 20(704B) AllocSpace objects, 0(0B) LOS objects, 23% free, 52MB/68MB, paused 619us total 29.745ms
08-05 17:45:29.672 27588 27600 I art     : Starting a blocking GC Explicit
08-05 17:45:29.703 27588 27600 I art     : Explicit concurrent mark sweep GC freed 3(96B) AllocSpace objects, 0(0B) LOS objects, 23% free, 52MB/68MB, paused 623us total 31ms
08-05 17:45:29.715 27588 27600 I art     : Starting a blocking GC Explicit
08-05 17:45:29.746 27588 27600 I art     : Explicit concurrent mark sweep GC freed 3(96B) AllocSpace objects, 0(0B) LOS objects, 23% free, 52MB/68MB, paused 581us total 31.545ms
08-05 17:45:29.758 27588 27600 I art     : Starting a blocking GC Explicit
08-05 17:45:29.789 27588 27600 I art     : Explicit concurrent mark sweep GC freed 3(96B) AllocSpace objects, 0(0B) LOS objects, 23% free, 52MB/68MB, paused 631us total 30.302ms
08-05 17:45:30.118 27588 29335 I art     : Starting a blocking GC Explicit
08-05 17:45:30.155 27588 29335 I art     : Explicit concurrent mark sweep GC freed 1344(78KB) AllocSpace objects, 1(20KB) LOS objects, 23% free, 52MB/68MB, paused 672us total 36.999ms
08-05 17:45:30.170 27588 29335 I art     : Starting a blocking GC Explicit
08-05 17:45:30.202 27588 29335 I art     : Explicit concurrent mark sweep GC freed 20(704B) AllocSpace objects, 0(0B) LOS objects, 23% free, 52MB/68MB, paused 625us total 31.867ms
08-05 17:45:30.214 27588 29335 I art     : Starting a blocking GC Explicit
08-05 17:45:30.246 27588 29335 I art     : Explicit concurrent mark sweep GC freed 3(96B) AllocSpace objects, 0(0B) LOS objects, 23% free, 52MB/68MB, paused 621us total 31.689ms
08-05 17:45:30.258 27588 29335 I art     : Starting a blocking GC Explicit
08-05 17:45:30.290 27588 29335 I art     : Explicit concurrent mark sweep GC freed 3(96B) AllocSpace objects, 0(0B) LOS objects, 23% free, 52MB/68MB, paused 633us total 31.355ms
08-05 17:45:30.302 27588 29335 I art     : Starting a blocking GC Explicit
08-05 17:45:30.332 27588 29335 I art     : Explicit concurrent mark sweep GC freed 3(96B) AllocSpace objects, 0(0B) LOS objects, 23% free, 52MB/68MB, paused 628us total 30.243ms
08-05 17:45:30.643 27588 27626 I art     : Starting a blocking GC Explicit
08-05 17:45:30.677 27588 27626 I art     : Explicit concurrent mark sweep GC freed 1344(78KB) AllocSpace objects, 1(20KB) LOS objects, 23% free, 52MB/68MB, paused 643us total 34.143ms
08-05 17:45:30.692 27588 27626 I art     : Starting a blocking GC Explicit
08-05 17:45:30.723 27588 27626 I art     : Explicit concurrent mark sweep GC freed 20(704B) AllocSpace objects, 0(0B) LOS objects, 23% free, 52MB/68MB, paused 638us total 30.517ms
08-05 17:45:30.734 27588 27626 I art     : Starting a blocking GC Explicit
08-05 17:45:30.765 27588 27626 I art     : Explicit concurrent mark sweep GC freed 3(96B) AllocSpace objects, 0(0B) LOS objects, 23% free, 52MB/68MB, paused 626us total 30.787ms
08-05 17:45:30.777 27588 27626 I art     : Starting a blocking GC Explicit
08-05 17:45:30.809 27588 27626 I art     : Explicit concurrent mark sweep GC freed 3(96B) AllocSpace objects, 0(0B) LOS objects, 23% free, 52MB/68MB, paused 627us total 31.025ms
08-05 17:45:30.821 27588 27626 I art     : Starting a blocking GC Explicit
08-05 17:45:30.852 27588 27626 I art     : Explicit concurrent mark sweep GC freed 3(96B) AllocSpace objects, 0(0B) LOS objects, 23% free, 52MB/68MB, paused 604us total 30.863ms
08-05 17:45:31.197 27588 27618 I art     : Starting a blocking GC Explicit
08-05 17:45:31.226 27588 27618 I art     : Explicit concurrent mark sweep GC freed 1344(78KB) AllocSpace objects, 1(20KB) LOS objects, 23% free, 52MB/68MB, paused 624us total 28.472ms
08-05 17:45:31.238 27588 27618 I art     : Starting a blocking GC Explicit
08-05 17:45:31.266 27588 27618 I art     : Explicit concurrent mark sweep GC freed 20(704B) AllocSpace objects, 0(0B) LOS objects, 23% free, 52MB/68MB, paused 637us total 27.654ms
08-05 17:45:31.277 27588 27618 I art     : Starting a blocking GC Explicit
08-05 17:45:31.307 27588 27618 I art     : Explicit concurrent mark sweep GC freed 3(96B) AllocSpace objects, 0(0B) LOS objects, 23% free, 52MB/68MB, paused 702us total 29.463ms
08-05 17:45:31.319 27588 27618 I art     : Starting a blocking GC Explicit
08-05 17:45:31.349 27588 27618 I art     : Explicit concurrent mark sweep GC freed 3(96B) AllocSpace objects, 0(0B) LOS objects, 23% free, 52MB/68MB, paused 643us total 30.273ms
08-05 17:45:31.361 27588 27618 I art     : Starting a blocking GC Explicit
08-05 17:45:31.390 27588 27618 I art     : Explicit concurrent mark sweep GC freed 3(96B) AllocSpace objects, 0(0B) LOS objects, 23% free, 52MB/68MB, paused 644us total 29.379ms
08-05 17:45:31.679 29637 29637 D AndroidRuntime: >>>>>> START com.android.internal.os.RuntimeInit uid 2000 <<<<<<
08-05 17:45:31.685 29637 29637 D AndroidRuntime: CheckJNI is OFF
08-05 17:45:31.713 27588 27601 I art     : Starting a blocking GC Explicit
08-05 17:45:31.730 29637 29637 D ICU     : No timezone override file found: /data/misc/zoneinfo/current/icu/icu_tzdata.dat
08-05 17:45:31.741 27588 27601 I art     : Explicit concurrent mark sweep GC freed 1357(78KB) AllocSpace objects, 1(20KB) LOS objects, 23% free, 52MB/68MB, paused 670us total 28.412ms
08-05 17:45:31.753 27588 27601 I art     : Starting a blocking GC Explicit
08-05 17:45:31.773 29637 29637 I Radio-JNI: register_android_hardware_Radio DONE
08-05 17:45:31.781 27588 27601 I art     : Explicit concurrent mark sweep GC freed 34(1136B) AllocSpace objects, 0(0B) LOS objects, 23% free, 52MB/68MB, paused 658us total 28.147ms
08-05 17:45:31.793 27588 27601 I art     : Starting a blocking GC Explicit
08-05 17:45:31.803 29637 29637 D AndroidRuntime: Calling main entry com.android.commands.input.Input
08-05 17:45:31.805 29637 29637 I Input   : injectKeyEvent: KeyEvent { action=ACTION_DOWN, keyCode=KEYCODE_BACK, scanCode=0, metaState=0, flags=0x0, repeatCount=0, eventTime=812748218, downTime=812748218, deviceId=-1, source=0x101 }
08-05 17:45:31.811 29637 29637 I Input   : injectKeyEvent: KeyEvent { action=ACTION_UP, keyCode=KEYCODE_BACK, scanCode=0, metaState=0, flags=0x0, repeatCount=0, eventTime=812748218, downTime=812748218, deviceId=-1, source=0x101 }
08-05 17:45:31.817 29637 29637 D AndroidRuntime: Shutting down VM
08-05 17:45:31.820 27588 27601 I art     : Explicit concurrent mark sweep GC freed 19(656B) AllocSpace objects, 0(0B) LOS objects, 23% free, 52MB/68MB, paused 647us total 27.155ms
08-05 17:45:31.832 27588 27601 I art     : Starting a blocking GC Explicit
08-05 17:45:31.856 27588 27601 I art     : Explicit concurrent mark sweep GC freed 89(4KB) AllocSpace objects, 0(0B) LOS objects, 23% free, 52MB/68MB, paused 576us total 24.409ms
08-05 17:45:31.860 13866 13866 I GoogleInputMethodServic: GoogleInputMethodService.onFinishInput():3138 
08-05 17:45:31.860 13866 13866 I GoogleInputMethodServic: GoogleInputMethodService.onStartInput():1808 
08-05 17:45:31.868 27588 27601 I art     : Starting a blocking GC Explicit
08-05 17:45:31.897 27588 27601 I art     : Explicit concurrent mark sweep GC freed 39(1408B) AllocSpace objects, 0(0B) LOS objects, 23% free, 52MB/68MB, paused 782us total 29.208ms
08-05 17:45:32.171   380   380 W SurfaceFlinger: couldn't log to binary event log: overflow.
08-05 17:45:32.182 27588 27601 I art     : Starting a blocking GC Explicit
08-05 17:45:32.209 27588 27601 I art     : Explicit concurrent mark sweep GC freed 1469(87KB) AllocSpace objects, 1(20KB) LOS objects, 23% free, 52MB/68MB, paused 635us total 26.743ms
08-05 17:45:32.220 27588 27601 I art     : Starting a blocking GC Explicit
08-05 17:45:32.247 27588 27601 I art     : Explicit concurrent mark sweep GC freed 4698(269KB) AllocSpace objects, 2(140KB) LOS objects, 23% free, 52MB/68MB, paused 574us total 26.442ms
08-05 17:45:32.258 27588 27601 I art     : Starting a blocking GC Explicit
08-05 17:45:32.284 27588 27601 I art     : Explicit concurrent mark sweep GC freed 3(96B) AllocSpace objects, 0(0B) LOS objects, 23% free, 52MB/68MB, paused 582us total 26.071ms
08-05 17:45:32.295 27588 27601 I art     : Starting a blocking GC Explicit
08-05 17:45:32.322 27588 27601 I art     : Explicit concurrent mark sweep GC freed 3(96B) AllocSpace objects, 0(0B) LOS objects, 23% free, 52MB/68MB, paused 634us total 26.430ms
08-05 17:45:32.333 27588 27601 I art     : Starting a blocking GC Explicit
08-05 17:45:32.360 27588 27601 I art     : Explicit concurrent mark sweep GC freed 3(96B) AllocSpace objects, 0(0B) LOS objects, 23% free, 52MB/68MB, paused 576us total 26.563ms
08-05 17:45:32.665 27588 27626 I art     : Starting a blocking GC Explicit
08-05 17:45:32.697 27588 27626 I art     : Explicit concurrent mark sweep GC freed 1344(78KB) AllocSpace objects, 1(20KB) LOS objects, 23% free, 52MB/68MB, paused 619us total 31.808ms
08-05 17:45:32.711 27588 27626 I art     : Starting a blocking GC Explicit
08-05 17:45:32.739 27588 27626 I art     : Explicit concurrent mark sweep GC freed 20(704B) AllocSpace objects, 0(0B) LOS objects, 23% free, 52MB/68MB, paused 592us total 28.277ms
08-05 17:45:32.750 27588 27626 I art     : Starting a blocking GC Explicit
08-05 17:45:32.777 27588 27626 I art     : Explicit concurrent mark sweep GC freed 3(96B) AllocSpace objects, 0(0B) LOS objects, 23% free, 52MB/68MB, paused 659us total 26.633ms
08-05 17:45:32.788 27588 27626 I art     : Starting a blocking GC Explicit
08-05 17:45:32.815 27588 27626 I art     : Explicit concurrent mark sweep GC freed 3(96B) AllocSpace objects, 0(0B) LOS objects, 23% free, 52MB/68MB, paused 591us total 26.734ms
08-05 17:45:32.826 27588 27626 I art     : Starting a blocking GC Explicit
08-05 17:45:32.853 27588 27626 I art     : Explicit concurrent mark sweep GC freed 3(96B) AllocSpace objects, 0(0B) LOS objects, 23% free, 52MB/68MB, paused 598us total 26.055ms
08-05 17:45:33.154 27588 27600 I art     : Starting a blocking GC Explicit
08-05 17:45:33.185 27588 27600 I art     : Explicit concurrent mark sweep GC freed 1343(78KB) AllocSpace objects, 1(20KB) LOS objects, 23% free, 52MB/68MB, paused 612us total 29.952ms
08-05 17:45:33.196 27588 27600 I art     : Starting a blocking GC Explicit
08-05 17:45:33.222 27588 27600 I art     : Explicit concurrent mark sweep GC freed 20(704B) AllocSpace objects, 0(0B) LOS objects, 23% free, 52MB/68MB, paused 580us total 25.924ms
08-05 17:45:33.233 27588 27600 I art     : Starting a blocking GC Explicit
08-05 17:45:33.258 27588 27600 I art     : Explicit concurrent mark sweep GC freed 3(96B) AllocSpace objects, 0(0B) LOS objects, 23% free, 52MB/68MB, paused 599us total 25.140ms
08-05 17:45:33.269 27588 27600 I art     : Starting a blocking GC Explicit
08-05 17:45:33.294 27588 27600 I art     : Explicit concurrent mark sweep GC freed 3(96B) AllocSpace objects, 0(0B) LOS objects, 23% free, 52MB/68MB, paused 588us total 25.031ms
08-05 17:45:33.306 27588 27600 I art     : Starting a blocking GC Explicit
08-05 17:45:33.331 27588 27600 I art     : Explicit concurrent mark sweep GC freed 3(96B) AllocSpace objects, 0(0B) LOS objects, 23% free, 52MB/68MB, paused 587us total 24.704ms
08-05 17:45:33.600 29687 29687 D AndroidRuntime: >>>>>> START com.android.internal.os.RuntimeInit uid 2000 <<<<<<
08-05 17:45:33.605 29687 29687 D AndroidRuntime: CheckJNI is OFF
08-05 17:45:33.628 27588 27600 I art     : Starting a blocking GC Explicit
08-05 17:45:33.647 29687 29687 D ICU     : No timezone override file found: /data/misc/zoneinfo/current/icu/icu_tzdata.dat
08-05 17:45:33.653 27588 27600 I art     : Explicit concurrent mark sweep GC freed 1367(79KB) AllocSpace objects, 1(20KB) LOS objects, 23% free, 52MB/68MB, paused 557us total 24.944ms
08-05 17:45:33.664 27588 27600 I art     : Starting a blocking GC Explicit
08-05 17:45:33.689 29687 29687 I Radio-JNI: register_android_hardware_Radio DONE
08-05 17:45:33.689 27588 27600 I art     : Explicit concurrent mark sweep GC freed 24(832B) AllocSpace objects, 0(0B) LOS objects, 23% free, 52MB/68MB, paused 593us total 24.550ms
08-05 17:45:33.700 27588 27600 I art     : Starting a blocking GC Explicit
08-05 17:45:33.719 29687 29687 D AndroidRuntime: Calling main entry com.android.commands.input.Input
08-05 17:45:33.721 29687 29687 I Input   : injectMotionEvent: MotionEvent { action=ACTION_DOWN, actionButton=0, id[0]=0, x[0]=648.0, y[0]=1050.0, toolType[0]=TOOL_TYPE_UNKNOWN, buttonState=0, metaState=0, flags=0x0, edgeFlags=0x0, pointerCount=1, historySize=0, eventTime=812750133, downTime=812750133, deviceId=0, source=0x1002 }
08-05 17:45:33.724 27588 27600 I art     : Explicit concurrent mark sweep GC freed 5(160B) AllocSpace objects, 0(0B) LOS objects, 23% free, 52MB/68MB, paused 611us total 24.122ms
08-05 17:45:33.727 29687 29687 I Input   : injectMotionEvent: MotionEvent { action=ACTION_UP, actionButton=0, id[0]=0, x[0]=648.0, y[0]=1050.0, toolType[0]=TOOL_TYPE_UNKNOWN, buttonState=0, metaState=0, flags=0x0, edgeFlags=0x0, pointerCount=1, historySize=0, eventTime=812750133, downTime=812750133, deviceId=0, source=0x1002 }
08-05 17:45:33.729 29687 29687 D AndroidRuntime: Shutting down VM
08-05 17:45:33.735 27588 27600 I art     : Starting a blocking GC Explicit
08-05 17:45:33.746   512  2967 D audio_hw_primary: out_set_parameters: enter: usecase(1: low-latency-playback) kvpairs: routing=2
08-05 17:45:33.746   918   928 I ActivityManager: START u0 {cmp=baseline.appteam.nith.hillffair/.activities.InformationActivity} from uid 10675 on display 0
08-05 17:45:33.758 27588 27600 I art     : Explicit concurrent mark sweep GC freed 58(5KB) AllocSpace objects, 0(0B) LOS objects, 23% free, 52MB/68MB, paused 575us total 23.565ms
08-05 17:45:33.759   512  2967 D audio_hw_primary: select_devices: out_snd_device(2: speaker) in_snd_device(0: none)
08-05 17:45:33.759   512  2967 D msm8974_platform: platform_send_audio_calibration: sending audio calibration for snd_device(2) acdb_id(15)
08-05 17:45:33.759   512  2967 I soundtrigger: audio_extn_sound_trigger_update_device_status: device 0x2 of type 0 for Event 1
08-05 17:45:33.769   512  2967 D audio_hw_primary: enable_snd_device: snd_device(2: speaker)
08-05 17:45:33.769 27588 27600 I art     : Starting a blocking GC Explicit
08-05 17:45:33.772   512  2967 D audio_hw_primary: enable_audio_route: apply and update mixer path: low-latency-playback speaker
08-05 17:45:33.795 27588 27600 I art     : Explicit concurrent mark sweep GC freed 752(61KB) AllocSpace objects, 0(0B) LOS objects, 23% free, 52MB/68MB, paused 915us total 25.633ms
08-05 17:45:33.895   918   936 I ActivityManager: Displayed baseline.appteam.nith.hillffair/.activities.InformationActivity: +139ms
08-05 17:45:33.895 13866 13866 I GoogleInputMethodServic: GoogleInputMethodService.onFinishInput():3138 
08-05 17:45:33.897 13866 13866 I GoogleInputMethodServic: GoogleInputMethodService.onStartInput():1808 
08-05 17:45:33.942 27588 27611 D OpenGLRenderer: endAllStagingAnimators on 0x7f7d4f6c00 (RippleDrawable) with handle 0x7f8014a040
08-05 17:45:34.077 27588 29335 I art     : Starting a blocking GC Explicit
08-05 17:45:34.111 27588 29335 I art     : Explicit concurrent mark sweep GC freed 1702(95KB) AllocSpace objects, 1(20KB) LOS objects, 23% free, 52MB/68MB, paused 614us total 32.932ms
08-05 17:45:34.123 27588 29335 I art     : Starting a blocking GC Explicit
08-05 17:45:34.123   380   380 W SurfaceFlinger: couldn't log to binary event log: overflow.
08-05 17:45:34.149 27588 29335 I art     : Explicit concurrent mark sweep GC freed 55(2192B) AllocSpace objects, 0(0B) LOS objects, 23% free, 52MB/68MB, paused 545us total 25.461ms
08-05 17:45:34.159 27588 29335 I art     : Starting a blocking GC Explicit
08-05 17:45:34.182 27588 29335 I art     : Explicit concurrent mark sweep GC freed 5(160B) AllocSpace objects, 0(0B) LOS objects, 23% free, 52MB/68MB, paused 535us total 23.033ms
08-05 17:45:34.193 27588 29335 I art     : Starting a blocking GC Explicit
08-05 17:45:34.219 27588 29335 I art     : Explicit concurrent mark sweep GC freed 5(160B) AllocSpace objects, 0(0B) LOS objects, 23% free, 52MB/68MB, paused 631us total 25.885ms
08-05 17:45:34.230 27588 29335 I art     : Starting a blocking GC Explicit
08-05 17:45:34.256 27588 29335 I art     : Explicit concurrent mark sweep GC freed 78(5KB) AllocSpace objects, 0(0B) LOS objects, 23% free, 52MB/68MB, paused 575us total 25.527ms
08-05 17:45:34.309   512  2967 D audio_hw_primary: disable_audio_route: reset and update mixer path: low-latency-playback speaker
08-05 17:45:34.310   512  2967 D audio_hw_primary: disable_snd_device: snd_device(2: speaker)
08-05 17:45:34.317   512  2967 I soundtrigger: audio_extn_sound_trigger_update_device_status: device 0x2 of type 0 for Event 0
08-05 17:45:34.570 27588 27600 I art     : Starting a blocking GC Explicit
08-05 17:45:34.603 27588 27600 I art     : Explicit concurrent mark sweep GC freed 1416(81KB) AllocSpace objects, 1(20KB) LOS objects, 23% free, 52MB/68MB, paused 643us total 32.381ms
08-05 17:45:34.616 27588 27600 I art     : Starting a blocking GC Explicit
08-05 17:45:34.643 27588 27600 I art     : Explicit concurrent mark sweep GC freed 28(960B) AllocSpace objects, 0(0B) LOS objects, 23% free, 52MB/68MB, paused 579us total 27.147ms
08-05 17:45:34.655 27588 27600 I art     : Starting a blocking GC Explicit
08-05 17:45:34.682 27588 27600 I art     : Explicit concurrent mark sweep GC freed 3(96B) AllocSpace objects, 0(0B) LOS objects, 23% free, 52MB/68MB, paused 602us total 27.122ms
08-05 17:45:34.693 27588 27600 I art     : Starting a blocking GC Explicit
08-05 17:45:34.721 27588 27600 I art     : Explicit concurrent mark sweep GC freed 3(96B) AllocSpace objects, 0(0B) LOS objects, 23% free, 52MB/68MB, paused 591us total 27.339ms
08-05 17:45:34.732 27588 27600 I art     : Starting a blocking GC Explicit
08-05 17:45:34.760 27588 27600 I art     : Explicit concurrent mark sweep GC freed 3(96B) AllocSpace objects, 0(0B) LOS objects, 23% free, 52MB/68MB, paused 586us total 27.463ms
08-05 17:45:35.048 27588 27601 I art     : Starting a blocking GC Explicit
08-05 17:45:35.081 27588 27601 I art     : Explicit concurrent mark sweep GC freed 1344(78KB) AllocSpace objects, 1(20KB) LOS objects, 23% free, 52MB/68MB, paused 634us total 32.347ms
08-05 17:45:35.095 27588 27601 I art     : Starting a blocking GC Explicit
08-05 17:45:35.112   918  3188 I hubconnection: sensorhub said: 'set_bias 3: -5.8848, 0.0000, 0.0000'
08-05 17:45:35.123 27588 27601 I art     : Explicit concurrent mark sweep GC freed 20(704B) AllocSpace objects, 0(0B) LOS objects, 23% free, 52MB/68MB, paused 602us total 28.041ms
08-05 17:45:35.134 27588 27601 I art     : Starting a blocking GC Explicit
08-05 17:45:35.162 27588 27601 I art     : Explicit concurrent mark sweep GC freed 3(96B) AllocSpace objects, 0(0B) LOS objects, 23% free, 52MB/68MB, paused 586us total 27.504ms
08-05 17:45:35.173 27588 27601 I art     : Starting a blocking GC Explicit
08-05 17:45:35.201 27588 27601 I art     : Explicit concurrent mark sweep GC freed 3(96B) AllocSpace objects, 0(0B) LOS objects, 23% free, 52MB/68MB, paused 599us total 27.696ms
08-05 17:45:35.213 27588 27601 I art     : Starting a blocking GC Explicit
08-05 17:45:35.240 27588 27601 I art     : Explicit concurrent mark sweep GC freed 3(96B) AllocSpace objects, 0(0B) LOS objects, 23% free, 52MB/68MB, paused 658us total 27.062ms
08-05 17:45:35.551 27588 27600 I art     : Starting a blocking GC Explicit
08-05 17:45:35.580 27588 27600 I art     : Explicit concurrent mark sweep GC freed 1365(79KB) AllocSpace objects, 1(20KB) LOS objects, 23% free, 52MB/68MB, paused 805us total 28.005ms
08-05 17:45:35.592 27588 27600 I art     : Starting a blocking GC Explicit
08-05 17:45:35.619 27588 27600 I art     : Explicit concurrent mark sweep GC freed 24(832B) AllocSpace objects, 0(0B) LOS objects, 23% free, 52MB/68MB, paused 598us total 26.641ms
08-05 17:45:35.631 27588 27600 I art     : Starting a blocking GC Explicit
08-05 17:45:35.658 27588 27600 I art     : Explicit concurrent mark sweep GC freed 8(256B) AllocSpace objects, 0(0B) LOS objects, 23% free, 52MB/68MB, paused 574us total 26.701ms
08-05 17:45:35.669 27588 27600 I art     : Starting a blocking GC Explicit
08-05 17:45:35.696 27588 27600 I art     : Explicit concurrent mark sweep GC freed 3(96B) AllocSpace objects, 0(0B) LOS objects, 23% free, 52MB/68MB, paused 656us total 26.900ms
08-05 17:45:35.707 27588 27600 I art     : Starting a blocking GC Explicit
08-05 17:45:35.735 27588 27600 I art     : Explicit concurrent mark sweep GC freed 3(96B) AllocSpace objects, 0(0B) LOS objects, 23% free, 52MB/68MB, paused 564us total 27.303ms
08-05 17:45:36.064 27588 27618 I art     : Starting a blocking GC Explicit
08-05 17:45:36.097 27588 27618 I art     : Explicit concurrent mark sweep GC freed 1344(78KB) AllocSpace objects, 1(20KB) LOS objects, 23% free, 52MB/68MB, paused 634us total 33.231ms
08-05 17:45:36.110 27588 27618 I art     : Starting a blocking GC Explicit
08-05 17:45:36.140 27588 27618 I art     : Explicit concurrent mark sweep GC freed 20(704B) AllocSpace objects, 0(0B) LOS objects, 23% free, 52MB/68MB, paused 573us total 29.200ms
08-05 17:45:36.151 27588 27618 I art     : Starting a blocking GC Explicit
08-05 17:45:36.181 27588 27618 I art     : Explicit concurrent mark sweep GC freed 3(96B) AllocSpace objects, 0(0B) LOS objects, 23% free, 52MB/68MB, paused 696us total 29.221ms
08-05 17:45:36.193 27588 27618 I art     : Starting a blocking GC Explicit
08-05 17:45:36.223 27588 27618 I art     : Explicit concurrent mark sweep GC freed 3(96B) AllocSpace objects, 0(0B) LOS objects, 23% free, 52MB/68MB, paused 601us total 29.997ms
08-05 17:45:36.234 27588 27618 I art     : Starting a blocking GC Explicit
08-05 17:45:36.264 27588 27618 I art     : Explicit concurrent mark sweep GC freed 3(96B) AllocSpace objects, 0(0B) LOS objects, 23% free, 52MB/68MB, paused 607us total 29.165ms
08-05 17:45:36.608 27588 27601 I art     : Starting a blocking GC Explicit
08-05 17:45:36.642 27588 27601 I art     : Explicit concurrent mark sweep GC freed 1344(78KB) AllocSpace objects, 1(20KB) LOS objects, 23% free, 52MB/68MB, paused 647us total 33.415ms
08-05 17:45:36.660 27588 27601 I art     : Starting a blocking GC Explicit
08-05 17:45:36.689 27588 27601 I art     : Explicit concurrent mark sweep GC freed 20(704B) AllocSpace objects, 0(0B) LOS objects, 23% free, 52MB/68MB, paused 606us total 28.290ms
08-05 17:45:36.700 27588 27601 I art     : Starting a blocking GC Explicit
08-05 17:45:36.730 27588 27601 I art     : Explicit concurrent mark sweep GC freed 3(96B) AllocSpace objects, 0(0B) LOS objects, 23% free, 52MB/68MB, paused 611us total 29.725ms
08-05 17:45:36.742 27588 27601 I art     : Starting a blocking GC Explicit
08-05 17:45:36.771 27588 27601 I art     : Explicit concurrent mark sweep GC freed 3(96B) AllocSpace objects, 0(0B) LOS objects, 23% free, 52MB/68MB, paused 610us total 29.295ms
08-05 17:45:36.782 27588 27601 I art     : Starting a blocking GC Explicit
08-05 17:45:36.811 27588 27601 I art     : Explicit concurrent mark sweep GC freed 3(96B) AllocSpace objects, 0(0B) LOS objects, 23% free, 52MB/68MB, paused 624us total 28.470ms
08-05 17:45:37.133 27588 27626 I art     : Starting a blocking GC Explicit
08-05 17:45:37.165 27588 27626 I art     : Explicit concurrent mark sweep GC freed 1344(78KB) AllocSpace objects, 1(20KB) LOS objects, 23% free, 52MB/68MB, paused 631us total 32.043ms
08-05 17:45:37.178 27588 27626 I art     : Starting a blocking GC Explicit
08-05 17:45:37.206 27588 27626 I art     : Explicit concurrent mark sweep GC freed 20(704B) AllocSpace objects, 0(0B) LOS objects, 23% free, 52MB/68MB, paused 610us total 28.199ms
08-05 17:45:37.218 27588 27626 I art     : Starting a blocking GC Explicit
08-05 17:45:37.247 27588 27626 I art     : Explicit concurrent mark sweep GC freed 3(96B) AllocSpace objects, 0(0B) LOS objects, 23% free, 52MB/68MB, paused 720us total 29.022ms
08-05 17:45:37.258 27588 27626 I art     : Starting a blocking GC Explicit
08-05 17:45:37.287 27588 27626 I art     : Explicit concurrent mark sweep GC freed 3(96B) AllocSpace objects, 0(0B) LOS objects, 23% free, 52MB/68MB, paused 583us total 28.051ms
08-05 17:45:37.298 27588 27626 I art     : Starting a blocking GC Explicit
08-05 17:45:37.328 27588 27626 I art     : Explicit concurrent mark sweep GC freed 3(96B) AllocSpace objects, 0(0B) LOS objects, 23% free, 52MB/68MB, paused 611us total 30.050ms
08-05 17:45:37.657 27588 29335 I art     : Starting a blocking GC Explicit
08-05 17:45:37.695 27588 29335 I art     : Explicit concurrent mark sweep GC freed 1344(78KB) AllocSpace objects, 1(20KB) LOS objects, 23% free, 52MB/68MB, paused 647us total 37.646ms
08-05 17:45:37.710 27588 29335 I art     : Starting a blocking GC Explicit
08-05 17:45:37.740 27588 29335 I art     : Explicit concurrent mark sweep GC freed 20(704B) AllocSpace objects, 0(0B) LOS objects, 23% free, 52MB/68MB, paused 627us total 30.481ms
08-05 17:45:37.752 27588 29335 I art     : Starting a blocking GC Explicit
08-05 17:45:37.780 27588 29335 I art     : Explicit concurrent mark sweep GC freed 3(96B) AllocSpace objects, 0(0B) LOS objects, 23% free, 52MB/68MB, paused 567us total 27.854ms
08-05 17:45:37.791 27588 29335 I art     : Starting a blocking GC Explicit
08-05 17:45:37.821 27588 29335 I art     : Explicit concurrent mark sweep GC freed 3(96B) AllocSpace objects, 0(0B) LOS objects, 23% free, 52MB/68MB, paused 590us total 29.712ms
08-05 17:45:37.833 27588 29335 I art     : Starting a blocking GC Explicit
08-05 17:45:37.862 27588 29335 I art     : Explicit concurrent mark sweep GC freed 3(96B) AllocSpace objects, 0(0B) LOS objects, 23% free, 52MB/68MB, paused 614us total 28.894ms
08-05 17:45:38.156 27588 27600 I art     : Starting a blocking GC Explicit
08-05 17:45:38.189 27588 27600 I art     : Explicit concurrent mark sweep GC freed 1344(78KB) AllocSpace objects, 1(20KB) LOS objects, 23% free, 52MB/68MB, paused 672us total 32.141ms
08-05 17:45:38.202 27588 27600 I art     : Starting a blocking GC Explicit
08-05 17:45:38.230 27588 27600 I art     : Explicit concurrent mark sweep GC freed 20(704B) AllocSpace objects, 0(0B) LOS objects, 23% free, 52MB/68MB, paused 595us total 28.374ms
08-05 17:45:38.241 27588 27600 I art     : Starting a blocking GC Explicit
08-05 17:45:38.269 27588 27600 I art     : Explicit concurrent mark sweep GC freed 3(96B) AllocSpace objects, 0(0B) LOS objects, 23% free, 52MB/68MB, paused 610us total 27.729ms
08-05 17:45:38.280 27588 27600 I art     : Starting a blocking GC Explicit
08-05 17:45:38.309 27588 27600 I art     : Explicit concurrent mark sweep GC freed 3(96B) AllocSpace objects, 0(0B) LOS objects, 23% free, 52MB/68MB, paused 630us total 27.825ms
08-05 17:45:38.320 27588 27600 I art     : Starting a blocking GC Explicit
08-05 17:45:38.348 27588 27600 I art     : Explicit concurrent mark sweep GC freed 3(96B) AllocSpace objects, 0(0B) LOS objects, 23% free, 52MB/68MB, paused 608us total 28.213ms
08-05 17:45:38.544 29796 29796 D AndroidRuntime: >>>>>> START com.android.internal.os.RuntimeInit uid 2000 <<<<<<
08-05 17:45:38.550 29796 29796 D AndroidRuntime: CheckJNI is OFF
08-05 17:45:38.593 29796 29796 D ICU     : No timezone override file found: /data/misc/zoneinfo/current/icu/icu_tzdata.dat
08-05 17:45:38.636 29796 29796 I Radio-JNI: register_android_hardware_Radio DONE
08-05 17:45:38.665 29796 29796 D AndroidRuntime: Calling main entry com.android.commands.input.Input
08-05 17:45:38.666 29796 29796 I Input   : injectKeyEvent: KeyEvent { action=ACTION_DOWN, keyCode=KEYCODE_BACK, scanCode=0, metaState=0, flags=0x0, repeatCount=0, eventTime=812755079, downTime=812755079, deviceId=-1, source=0x101 }
08-05 17:45:38.671 29796 29796 I Input   : injectKeyEvent: KeyEvent { action=ACTION_UP, keyCode=KEYCODE_BACK, scanCode=0, metaState=0, flags=0x0, repeatCount=0, eventTime=812755079, downTime=812755079, deviceId=-1, source=0x101 }
08-05 17:45:38.677 29796 29796 D AndroidRuntime: Shutting down VM
08-05 17:45:38.693 27588 29335 I art     : Starting a blocking GC Explicit
08-05 17:45:38.719 27588 29335 I art     : Explicit concurrent mark sweep GC freed 1446(83KB) AllocSpace objects, 1(20KB) LOS objects, 23% free, 52MB/68MB, paused 636us total 26.314ms
08-05 17:45:38.720 13866 13866 I GoogleInputMethodServic: GoogleInputMethodService.onFinishInput():3138 
08-05 17:45:38.721 13866 13866 I GoogleInputMethodServic: GoogleInputMethodService.onStartInput():1808 
08-05 17:45:38.731 27588 29335 I art     : Starting a blocking GC Explicit
08-05 17:45:38.758 27588 29335 I art     : Explicit concurrent mark sweep GC freed 57(2048B) AllocSpace objects, 0(0B) LOS objects, 23% free, 52MB/68MB, paused 609us total 26.428ms
08-05 17:45:38.768 27588 29335 I art     : Starting a blocking GC Explicit
08-05 17:45:38.791 27588 29335 I art     : Explicit concurrent mark sweep GC freed 10(368B) AllocSpace objects, 0(0B) LOS objects, 23% free, 52MB/68MB, paused 568us total 22.510ms
08-05 17:45:38.801 27588 29335 I art     : Starting a blocking GC Explicit
08-05 17:45:38.828 27588 29335 I art     : Explicit concurrent mark sweep GC freed 3(96B) AllocSpace objects, 0(0B) LOS objects, 23% free, 52MB/68MB, paused 532us total 27.268ms
08-05 17:45:38.842 27588 29335 I art     : Starting a blocking GC Explicit
08-05 17:45:38.872 27588 29335 I art     : Explicit concurrent mark sweep GC freed 3(96B) AllocSpace objects, 0(0B) LOS objects, 23% free, 52MB/68MB, paused 558us total 30.332ms
08-05 17:45:39.012   380   380 W SurfaceFlinger: couldn't log to binary event log: overflow.
08-05 17:45:39.155 27588 27600 I art     : Starting a blocking GC Explicit
08-05 17:45:39.181 27588 27600 I art     : Explicit concurrent mark sweep GC freed 1454(87KB) AllocSpace objects, 1(20KB) LOS objects, 23% free, 52MB/68MB, paused 570us total 25.240ms
08-05 17:45:39.192 27588 27600 I art     : Starting a blocking GC Explicit
08-05 17:45:39.215 27588 27600 I art     : Explicit concurrent mark sweep GC freed 1401(90KB) AllocSpace objects, 1(28KB) LOS objects, 23% free, 52MB/68MB, paused 574us total 23.496ms
08-05 17:45:39.226 27588 27600 I art     : Starting a blocking GC Explicit
08-05 17:45:39.250 27588 27600 I art     : Explicit concurrent mark sweep GC freed 3(96B) AllocSpace objects, 0(0B) LOS objects, 23% free, 52MB/68MB, paused 549us total 23.873ms
08-05 17:45:39.261 27588 27600 I art     : Starting a blocking GC Explicit
08-05 17:45:39.285 27588 27600 I art     : Explicit concurrent mark sweep GC freed 3(96B) AllocSpace objects, 0(0B) LOS objects, 23% free, 52MB/68MB, paused 568us total 23.636ms
08-05 17:45:39.295 27588 27600 I art     : Starting a blocking GC Explicit
08-05 17:45:39.320 27588 27600 I art     : Explicit concurrent mark sweep GC freed 3(96B) AllocSpace objects, 0(0B) LOS objects, 23% free, 52MB/68MB, paused 566us total 24.194ms
08-05 17:45:39.613 27588 27626 I art     : Starting a blocking GC Explicit
08-05 17:45:39.640 27588 27626 I art     : Explicit concurrent mark sweep GC freed 1344(78KB) AllocSpace objects, 1(20KB) LOS objects, 23% free, 52MB/68MB, paused 604us total 26.784ms
08-05 17:45:39.651 27588 27626 I art     : Starting a blocking GC Explicit
08-05 17:45:39.679 27588 27626 I art     : Explicit concurrent mark sweep GC freed 20(704B) AllocSpace objects, 0(0B) LOS objects, 23% free, 52MB/68MB, paused 589us total 27.088ms
08-05 17:45:39.690 27588 27626 I art     : Starting a blocking GC Explicit
08-05 17:45:39.716 27588 27626 I art     : Explicit concurrent mark sweep GC freed 3(96B) AllocSpace objects, 0(0B) LOS objects, 23% free, 52MB/68MB, paused 599us total 26.355ms
08-05 17:45:39.727 27588 27626 I art     : Starting a blocking GC Explicit
08-05 17:45:39.754 27588 27626 I art     : Explicit concurrent mark sweep GC freed 3(96B) AllocSpace objects, 0(0B) LOS objects, 23% free, 52MB/68MB, paused 647us total 26.236ms
08-05 17:45:39.765 27588 27626 I art     : Starting a blocking GC Explicit
08-05 17:45:39.792 27588 27626 I art     : Explicit concurrent mark sweep GC freed 3(96B) AllocSpace objects, 0(0B) LOS objects, 23% free, 52MB/68MB, paused 583us total 26.703ms
08-05 17:45:40.075 27588 27601 I art     : Starting a blocking GC Explicit
08-05 17:45:40.106 27588 27601 I art     : Explicit concurrent mark sweep GC freed 1343(78KB) AllocSpace objects, 1(20KB) LOS objects, 23% free, 52MB/68MB, paused 582us total 30.356ms
08-05 17:45:40.117 27588 27601 I art     : Starting a blocking GC Explicit
08-05 17:45:40.143 27588 27601 I art     : Explicit concurrent mark sweep GC freed 20(704B) AllocSpace objects, 0(0B) LOS objects, 23% free, 52MB/68MB, paused 593us total 26.436ms
08-05 17:45:40.154 27588 27601 I art     : Starting a blocking GC Explicit
08-05 17:45:40.180 27588 27601 I art     : Explicit concurrent mark sweep GC freed 3(96B) AllocSpace objects, 0(0B) LOS objects, 23% free, 52MB/68MB, paused 607us total 25.519ms
08-05 17:45:40.191 27588 27601 I art     : Starting a blocking GC Explicit
08-05 17:45:40.217 27588 27601 I art     : Explicit concurrent mark sweep GC freed 3(96B) AllocSpace objects, 0(0B) LOS objects, 23% free, 52MB/68MB, paused 595us total 25.250ms
08-05 17:45:40.228 27588 27601 I art     : Starting a blocking GC Explicit
08-05 17:45:40.253 27588 27601 I art     : Explicit concurrent mark sweep GC freed 3(96B) AllocSpace objects, 0(0B) LOS objects, 23% free, 52MB/68MB, paused 639us total 25.188ms
08-05 17:45:40.481 29851 29851 D AndroidRuntime: >>>>>> START com.android.internal.os.RuntimeInit uid 2000 <<<<<<
08-05 17:45:40.488 29851 29851 D AndroidRuntime: CheckJNI is OFF
08-05 17:45:40.530 29851 29851 D ICU     : No timezone override file found: /data/misc/zoneinfo/current/icu/icu_tzdata.dat
08-05 17:45:40.556 27588 27618 I art     : Starting a blocking GC Explicit
08-05 17:45:40.577 29851 29851 I Radio-JNI: register_android_hardware_Radio DONE
08-05 17:45:40.584 27588 27618 I art     : Explicit concurrent mark sweep GC freed 1373(79KB) AllocSpace objects, 1(20KB) LOS objects, 23% free, 52MB/68MB, paused 675us total 27.336ms
08-05 17:45:40.596 27588 27618 I art     : Starting a blocking GC Explicit
08-05 17:45:40.607 29851 29851 D AndroidRuntime: Calling main entry com.android.commands.input.Input
08-05 17:45:40.609 29851 29851 I Input   : injectMotionEvent: MotionEvent { action=ACTION_DOWN, actionButton=0, id[0]=0, x[0]=756.0, y[0]=1530.0, toolType[0]=TOOL_TYPE_UNKNOWN, buttonState=0, metaState=0, flags=0x0, edgeFlags=0x0, pointerCount=1, historySize=0, eventTime=812757022, downTime=812757022, deviceId=0, source=0x1002 }
08-05 17:45:40.617 29851 29851 I Input   : injectMotionEvent: MotionEvent { action=ACTION_UP, actionButton=0, id[0]=0, x[0]=756.0, y[0]=1530.0, toolType[0]=TOOL_TYPE_UNKNOWN, buttonState=0, metaState=0, flags=0x0, edgeFlags=0x0, pointerCount=1, historySize=0, eventTime=812757022, downTime=812757022, deviceId=0, source=0x1002 }
08-05 17:45:40.618 29851 29851 D AndroidRuntime: Shutting down VM
08-05 17:45:40.622 27588 27618 I art     : Explicit concurrent mark sweep GC freed 39(1344B) AllocSpace objects, 0(0B) LOS objects, 23% free, 52MB/68MB, paused 574us total 25.381ms
08-05 17:45:40.631   918  5481 I ActivityManager: START u0 {cmp=baseline.appteam.nith.hillffair/.activities.LeaderBoardActivity} from uid 10675 on display 0
08-05 17:45:40.632 27588 27618 I art     : Starting a blocking GC Explicit
08-05 17:45:40.633   512  2967 D audio_hw_primary: out_set_parameters: enter: usecase(1: low-latency-playback) kvpairs: routing=2
08-05 17:45:40.646   512  2967 D audio_hw_primary: select_devices: out_snd_device(2: speaker) in_snd_device(0: none)
08-05 17:45:40.646   512  2967 D msm8974_platform: platform_send_audio_calibration: sending audio calibration for snd_device(2) acdb_id(15)
08-05 17:45:40.646   512  2967 I soundtrigger: audio_extn_sound_trigger_update_device_status: device 0x2 of type 0 for Event 1
08-05 17:45:40.657   512  2967 D audio_hw_primary: enable_snd_device: snd_device(2: speaker)
08-05 17:45:40.658 27588 27618 I art     : Explicit concurrent mark sweep GC freed 191(11KB) AllocSpace objects, 0(0B) LOS objects, 23% free, 52MB/68MB, paused 869us total 25.585ms
08-05 17:45:40.659   512  2967 D audio_hw_primary: enable_audio_route: apply and update mixer path: low-latency-playback speaker
08-05 17:45:40.669 27588 27618 I art     : Starting a blocking GC Explicit
08-05 17:45:40.695 27588 27618 I art     : Explicit concurrent mark sweep GC freed 4809(298KB) AllocSpace objects, 0(0B) LOS objects, 23% free, 52MB/68MB, paused 769us total 25.544ms
08-05 17:45:40.705 27588 27618 I art     : Starting a blocking GC Explicit
08-05 17:45:40.716 27588 27588 E RecyclerView: No adapter attached; skipping layout
08-05 17:45:40.722 27588 27588 E RecyclerView: No adapter attached; skipping layout
08-05 17:45:40.732 27588 27618 I art     : Explicit concurrent mark sweep GC freed 358(14KB) AllocSpace objects, 0(0B) LOS objects, 23% free, 52MB/68MB, paused 825us total 26.447ms
08-05 17:45:40.740   918   936 I ActivityManager: Displayed baseline.appteam.nith.hillffair/.activities.LeaderBoardActivity: +99ms
08-05 17:45:40.741 13866 13866 I GoogleInputMethodServic: GoogleInputMethodService.onFinishInput():3138 
08-05 17:45:40.741 13866 13866 I GoogleInputMethodServic: GoogleInputMethodService.onStartInput():1808 
08-05 17:45:40.742 27588 27588 E RecyclerView: No adapter attached; skipping layout
08-05 17:45:40.770 27588 27611 D OpenGLRenderer: endAllStagingAnimators on 0x7f7d572400 (RippleDrawable) with handle 0x7f801e66e0
08-05 17:45:40.997   380   380 W SurfaceFlinger: couldn't log to binary event log: overflow.
08-05 17:45:41.020 27588 27618 I art     : Starting a blocking GC Explicit
08-05 17:45:41.045 27588 27618 I art     : Explicit concurrent mark sweep GC freed 1516(87KB) AllocSpace objects, 1(20KB) LOS objects, 23% free, 52MB/68MB, paused 640us total 24.603ms
08-05 17:45:41.055 27588 27618 I art     : Starting a blocking GC Explicit
08-05 17:45:41.081 27588 27618 I art     : Explicit concurrent mark sweep GC freed 38(1296B) AllocSpace objects, 0(0B) LOS objects, 23% free, 52MB/68MB, paused 689us total 25.659ms
08-05 17:45:41.092 27588 27618 I art     : Starting a blocking GC Explicit
08-05 17:45:41.119 27588 27618 I art     : Explicit concurrent mark sweep GC freed 60(4KB) AllocSpace objects, 0(0B) LOS objects, 23% free, 52MB/68MB, paused 949us total 26.138ms
08-05 17:45:41.131 27588 27618 I art     : Starting a blocking GC Explicit
08-05 17:45:41.158 27588 27618 I art     : Explicit concurrent mark sweep GC freed 815(62KB) AllocSpace objects, 2(120KB) LOS objects, 23% free, 53MB/69MB, paused 825us total 27.157ms
08-05 17:45:41.169 27588 27618 I art     : Starting a blocking GC Explicit
08-05 17:45:41.185 27588 29884 D OkHttp  : --> GET https://api-hillfair-2k16.herokuapp.com/api/app/quiz/leaderboard?from=1 http/1.1
08-05 17:45:41.196 27588 27618 I art     : Explicit concurrent mark sweep GC freed 2127(83KB) AllocSpace objects, 0(0B) LOS objects, 23% free, 53MB/69MB, paused 674us total 27.291ms
08-05 17:45:41.198   512  2967 D audio_hw_primary: disable_audio_route: reset and update mixer path: low-latency-playback speaker
08-05 17:45:41.200   512  2967 D audio_hw_primary: disable_snd_device: snd_device(2: speaker)
08-05 17:45:41.207   512  2967 I soundtrigger: audio_extn_sound_trigger_update_device_status: device 0x2 of type 0 for Event 0
08-05 17:45:41.229 27588 29884 D OkHttp  : <-- 200 OK https://api-hillfair-2k16.herokuapp.com/api/app/quiz/leaderboard?from=1 (43ms, 56744-byte body)
08-05 17:45:41.348 27588 27588 I NAPPA_EXPERIMENTATION: MetricNetworkRequestExecutionTime: REQUEST_DURATION_SYSTEM='671',REQUEST_DURATION_OKHTTP='44',REQUEST_SYNCHRONOUS='FALSE',RESPONSE_CODE='200',RESPONSE_METHOD='GET',RESPONSE_LENGTH_OKHTTP='56744',RESPONSE_LENGTH_HEADER='56744',REQUEST_PROTOCOL='http/1.1',REQUEST_URL='https://api-hillfair-2k16.herokuapp.com/api/app/quiz/leaderboard?from=1',
08-05 17:45:41.479 27588 27626 I art     : Starting a blocking GC Explicit
08-05 17:45:41.514 27588 27626 I art     : Explicit concurrent mark sweep GC freed 28439(1419KB) AllocSpace objects, 2(100KB) LOS objects, 23% free, 53MB/69MB, paused 604us total 34.119ms
08-05 17:45:41.528 27588 27626 I art     : Starting a blocking GC Explicit
08-05 17:45:41.555 27588 27626 I art     : Explicit concurrent mark sweep GC freed 143(7KB) AllocSpace objects, 0(0B) LOS objects, 23% free, 53MB/69MB, paused 624us total 27.260ms
08-05 17:45:41.566 27588 27626 I art     : Starting a blocking GC Explicit
08-05 17:45:41.595 27588 27626 I art     : Explicit concurrent mark sweep GC freed 3(96B) AllocSpace objects, 0(0B) LOS objects, 23% free, 53MB/69MB, paused 622us total 28.372ms
08-05 17:45:41.606 27588 27626 I art     : Starting a blocking GC Explicit
08-05 17:45:41.635 27588 27626 I art     : Explicit concurrent mark sweep GC freed 3(96B) AllocSpace objects, 0(0B) LOS objects, 23% free, 53MB/69MB, paused 611us total 28.215ms
08-05 17:45:41.646 27588 27626 I art     : Starting a blocking GC Explicit
08-05 17:45:41.674 27588 27626 I art     : Explicit concurrent mark sweep GC freed 3(96B) AllocSpace objects, 0(0B) LOS objects, 23% free, 53MB/69MB, paused 621us total 27.398ms
08-05 17:45:41.797   918  1209 D NetworkMonitor/NetworkAgentInfo [WIFI () - 159]: Checking http://connectivitycheck.gstatic.com/generate_204 on "H369AA63323", 192.168.2.12=192.168.2.12
08-05 17:45:41.891   918  1209 D NetworkMonitor/NetworkAgentInfo [WIFI () - 159]: Probably not a portal: exception java.io.IOException: unexpected end of stream on Connection{connectivitycheck.gstatic.com:80, proxy=HTTP@/192.168.2.12:8080 hostAddress=192.168.2.12 cipherSuite=none protocol=http/1.1} (recycle count=0)
08-05 17:45:41.891   918  3263 D ConnectivityService: NetworkAgentInfo [WIFI () - 159] validation failed
08-05 17:45:41.893   918  3261 E WifiConfigStore:  rewrite network history for "H369AA63323"WPA_PSK
08-05 17:45:41.984 27588 27600 I art     : Starting a blocking GC Explicit
08-05 17:45:42.022 27588 27600 I art     : Explicit concurrent mark sweep GC freed 1344(78KB) AllocSpace objects, 1(20KB) LOS objects, 23% free, 53MB/69MB, paused 663us total 37.889ms
08-05 17:45:42.038 27588 27600 I art     : Starting a blocking GC Explicit
08-05 17:45:42.068 27588 27600 I art     : Explicit concurrent mark sweep GC freed 20(704B) AllocSpace objects, 0(0B) LOS objects, 23% free, 53MB/69MB, paused 659us total 29.025ms
08-05 17:45:42.080 27588 27600 I art     : Starting a blocking GC Explicit
08-05 17:45:42.109 27588 27600 I art     : Explicit concurrent mark sweep GC freed 3(96B) AllocSpace objects, 0(0B) LOS objects, 23% free, 53MB/69MB, paused 609us total 28.760ms
08-05 17:45:42.120 27588 27600 I art     : Starting a blocking GC Explicit
08-05 17:45:42.149 27588 27600 I art     : Explicit concurrent mark sweep GC freed 3(96B) AllocSpace objects, 0(0B) LOS objects, 23% free, 53MB/69MB, paused 613us total 28.828ms
08-05 17:45:42.161 27588 27600 I art     : Starting a blocking GC Explicit
08-05 17:45:42.178 26632 26632 I Atfwd_Sendcmd: AtCmdFwd service not ready - Exhausted retry attempts - :6
08-05 17:45:42.179 26632 26632 I Atfwd_Daemon: result : -1 	 ,Init step :2 	 ,qmiErrorCode: 0
08-05 17:45:42.192 27588 27600 I art     : Explicit concurrent mark sweep GC freed 3(96B) AllocSpace objects, 0(0B) LOS objects, 23% free, 53MB/69MB, paused 729us total 30.107ms
08-05 17:45:42.517 27588 27618 I art     : Starting a blocking GC Explicit
08-05 17:45:42.556 27588 27618 I art     : Explicit concurrent mark sweep GC freed 1344(78KB) AllocSpace objects, 1(20KB) LOS objects, 23% free, 53MB/69MB, paused 681us total 39.209ms
08-05 17:45:42.571 27588 27618 I art     : Starting a blocking GC Explicit
08-05 17:45:42.603 27588 27618 I art     : Explicit concurrent mark sweep GC freed 20(704B) AllocSpace objects, 0(0B) LOS objects, 23% free, 53MB/69MB, paused 600us total 31.133ms
08-05 17:45:42.614 27588 27618 I art     : Starting a blocking GC Explicit
08-05 17:45:42.646 27588 27618 I art     : Explicit concurrent mark sweep GC freed 3(96B) AllocSpace objects, 0(0B) LOS objects, 23% free, 53MB/69MB, paused 639us total 31.838ms
08-05 17:45:42.658 27588 27618 I art     : Starting a blocking GC Explicit
08-05 17:45:42.690 27588 27618 I art     : Explicit concurrent mark sweep GC freed 3(96B) AllocSpace objects, 0(0B) LOS objects, 23% free, 53MB/69MB, paused 639us total 31.798ms
08-05 17:45:42.703 27588 27618 I art     : Starting a blocking GC Explicit
08-05 17:45:42.733 27588 27618 I art     : Explicit concurrent mark sweep GC freed 3(96B) AllocSpace objects, 0(0B) LOS objects, 23% free, 53MB/69MB, paused 606us total 30.604ms
08-05 17:45:43.080 27588 29335 I art     : Starting a blocking GC Explicit
08-05 17:45:43.121 27588 29335 I art     : Explicit concurrent mark sweep GC freed 1344(78KB) AllocSpace objects, 1(20KB) LOS objects, 23% free, 53MB/69MB, paused 694us total 41.012ms
08-05 17:45:43.137 27588 29335 I art     : Starting a blocking GC Explicit
08-05 17:45:43.172 27588 29335 I art     : Explicit concurrent mark sweep GC freed 20(704B) AllocSpace objects, 0(0B) LOS objects, 23% free, 53MB/69MB, paused 731us total 35.013ms
08-05 17:45:43.184 27588 29335 I art     : Starting a blocking GC Explicit
08-05 17:45:43.216 27588 29335 I art     : Explicit concurrent mark sweep GC freed 3(96B) AllocSpace objects, 0(0B) LOS objects, 23% free, 53MB/69MB, paused 595us total 31.161ms
08-05 17:45:43.228 27588 29335 I art     : Starting a blocking GC Explicit
08-05 17:45:43.259 27588 29335 I art     : Explicit concurrent mark sweep GC freed 3(96B) AllocSpace objects, 0(0B) LOS objects, 23% free, 53MB/69MB, paused 630us total 31.582ms
08-05 17:45:43.260 27588 27599 I art     : WaitForGcToComplete blocked for 29.108ms for cause HeapTrim
08-05 17:45:43.271 27588 29335 I art     : Starting a blocking GC Explicit
08-05 17:45:43.304 27588 29335 I art     : Explicit concurrent mark sweep GC freed 3(96B) AllocSpace objects, 0(0B) LOS objects, 23% free, 53MB/69MB, paused 631us total 32.231ms
08-05 17:45:43.641 27588 27601 I art     : Starting a blocking GC Explicit
08-05 17:45:43.680 27588 27601 I art     : Explicit concurrent mark sweep GC freed 1344(78KB) AllocSpace objects, 1(20KB) LOS objects, 23% free, 53MB/69MB, paused 709us total 38.697ms
08-05 17:45:43.696 27588 27601 I art     : Starting a blocking GC Explicit
08-05 17:45:43.731 27588 27601 I art     : Explicit concurrent mark sweep GC freed 20(704B) AllocSpace objects, 0(0B) LOS objects, 23% free, 53MB/69MB, paused 649us total 34.228ms
08-05 17:45:43.743 27588 27601 I art     : Starting a blocking GC Explicit
08-05 17:45:43.775 27588 27601 I art     : Explicit concurrent mark sweep GC freed 3(96B) AllocSpace objects, 0(0B) LOS objects, 23% free, 53MB/69MB, paused 709us total 31.361ms
08-05 17:45:43.787 27588 27601 I art     : Starting a blocking GC Explicit
08-05 17:45:43.818 27588 27601 I art     : Explicit concurrent mark sweep GC freed 3(96B) AllocSpace objects, 0(0B) LOS objects, 23% free, 53MB/69MB, paused 652us total 31.406ms
08-05 17:45:43.830 27588 27601 I art     : Starting a blocking GC Explicit
08-05 17:45:43.862 27588 27601 I art     : Explicit concurrent mark sweep GC freed 3(96B) AllocSpace objects, 0(0B) LOS objects, 23% free, 53MB/69MB, paused 679us total 31.171ms
08-05 17:45:44.176 27588 27626 I art     : Starting a blocking GC Explicit
08-05 17:45:44.216 27588 27626 I art     : Explicit concurrent mark sweep GC freed 1344(78KB) AllocSpace objects, 1(20KB) LOS objects, 23% free, 53MB/69MB, paused 732us total 39.660ms
08-05 17:45:44.231 27588 27626 I art     : Starting a blocking GC Explicit
08-05 17:45:44.268 27588 27626 I art     : Explicit concurrent mark sweep GC freed 20(704B) AllocSpace objects, 0(0B) LOS objects, 23% free, 53MB/69MB, paused 747us total 35.799ms
08-05 17:45:44.279 27588 27626 I art     : Starting a blocking GC Explicit
08-05 17:45:44.311 27588 27626 I art     : Explicit concurrent mark sweep GC freed 3(96B) AllocSpace objects, 0(0B) LOS objects, 23% free, 53MB/69MB, paused 604us total 30.982ms
08-05 17:45:44.322 27588 27626 I art     : Starting a blocking GC Explicit
08-05 17:45:44.355 27588 27626 I art     : Explicit concurrent mark sweep GC freed 3(96B) AllocSpace objects, 0(0B) LOS objects, 23% free, 53MB/69MB, paused 628us total 31.943ms
08-05 17:45:44.367 27588 27626 I art     : Starting a blocking GC Explicit
08-05 17:45:44.399 27588 27626 I art     : Explicit concurrent mark sweep GC freed 3(96B) AllocSpace objects, 0(0B) LOS objects, 23% free, 53MB/69MB, paused 674us total 31.734ms
08-05 17:45:44.741 27588 27600 I art     : Starting a blocking GC Explicit
08-05 17:45:44.781 27588 27600 I art     : Explicit concurrent mark sweep GC freed 1344(78KB) AllocSpace objects, 1(20KB) LOS objects, 23% free, 53MB/69MB, paused 703us total 39.299ms
08-05 17:45:44.797 27588 27600 I art     : Starting a blocking GC Explicit
08-05 17:45:44.832 27588 27600 I art     : Explicit concurrent mark sweep GC freed 20(704B) AllocSpace objects, 0(0B) LOS objects, 23% free, 53MB/69MB, paused 654us total 34.697ms
08-05 17:45:44.844 27588 27600 I art     : Starting a blocking GC Explicit
08-05 17:45:44.874 27588 27600 I art     : Explicit concurrent mark sweep GC freed 3(96B) AllocSpace objects, 0(0B) LOS objects, 23% free, 53MB/69MB, paused 618us total 29.594ms
08-05 17:45:44.886 27588 27600 I art     : Starting a blocking GC Explicit
08-05 17:45:44.914 27588 27600 I art     : Explicit concurrent mark sweep GC freed 3(96B) AllocSpace objects, 0(0B) LOS objects, 23% free, 53MB/69MB, paused 582us total 27.630ms
08-05 17:45:44.926 27588 27600 I art     : Starting a blocking GC Explicit
08-05 17:45:44.953 27588 27600 I art     : Explicit concurrent mark sweep GC freed 3(96B) AllocSpace objects, 0(0B) LOS objects, 23% free, 53MB/69MB, paused 631us total 27.547ms
08-05 17:45:45.277 27588 27618 I art     : Starting a blocking GC Explicit
08-05 17:45:45.311 27588 27618 I art     : Explicit concurrent mark sweep GC freed 1344(78KB) AllocSpace objects, 1(20KB) LOS objects, 23% free, 53MB/69MB, paused 651us total 34.033ms
08-05 17:45:45.323 27588 27618 I art     : Starting a blocking GC Explicit
08-05 17:45:45.353 27588 27618 I art     : Explicit concurrent mark sweep GC freed 20(704B) AllocSpace objects, 0(0B) LOS objects, 23% free, 53MB/69MB, paused 650us total 29.471ms
08-05 17:45:45.364 27588 27618 I art     : Starting a blocking GC Explicit
08-05 17:45:45.394 27588 27618 I art     : Explicit concurrent mark sweep GC freed 3(96B) AllocSpace objects, 0(0B) LOS objects, 23% free, 53MB/69MB, paused 625us total 29.069ms
08-05 17:45:45.406 27588 27618 I art     : Starting a blocking GC Explicit
08-05 17:45:45.408 29968 29968 D AndroidRuntime: >>>>>> START com.android.internal.os.RuntimeInit uid 2000 <<<<<<
08-05 17:45:45.414 29968 29968 D AndroidRuntime: CheckJNI is OFF
08-05 17:45:45.436 27588 27618 I art     : Explicit concurrent mark sweep GC freed 3(96B) AllocSpace objects, 0(0B) LOS objects, 23% free, 53MB/69MB, paused 619us total 30.496ms
08-05 17:45:45.448 27588 27618 I art     : Starting a blocking GC Explicit
08-05 17:45:45.462 29968 29968 D ICU     : No timezone override file found: /data/misc/zoneinfo/current/icu/icu_tzdata.dat
08-05 17:45:45.477 27588 27618 I art     : Explicit concurrent mark sweep GC freed 3(96B) AllocSpace objects, 0(0B) LOS objects, 23% free, 53MB/69MB, paused 709us total 29.118ms
08-05 17:45:45.491   918  3188 I hubconnection: sensorhub said: 'set_bias 3: -5.7600, 0.0000, 0.0000'
08-05 17:45:45.509 29968 29968 I Radio-JNI: register_android_hardware_Radio DONE
08-05 17:45:45.539 29968 29968 D AndroidRuntime: Calling main entry com.android.commands.input.Input
08-05 17:45:45.540 29968 29968 I Input   : injectKeyEvent: KeyEvent { action=ACTION_DOWN, keyCode=KEYCODE_BACK, scanCode=0, metaState=0, flags=0x0, repeatCount=0, eventTime=812761953, downTime=812761953, deviceId=-1, source=0x101 }
08-05 17:45:45.547 29968 29968 I Input   : injectKeyEvent: KeyEvent { action=ACTION_UP, keyCode=KEYCODE_BACK, scanCode=0, metaState=0, flags=0x0, repeatCount=0, eventTime=812761953, downTime=812761953, deviceId=-1, source=0x101 }
08-05 17:45:45.553 29968 29968 D AndroidRuntime: Shutting down VM
08-05 17:45:45.597 13866 13866 I GoogleInputMethodServic: GoogleInputMethodService.onFinishInput():3138 
08-05 17:45:45.598 13866 13866 I GoogleInputMethodServic: GoogleInputMethodService.onStartInput():1808 
08-05 17:45:45.766 27588 27600 I art     : Starting a blocking GC Explicit
08-05 17:45:45.801 27588 27600 I art     : Explicit concurrent mark sweep GC freed 1494(85KB) AllocSpace objects, 1(20KB) LOS objects, 23% free, 53MB/69MB, paused 590us total 34.425ms
08-05 17:45:45.816 27588 27600 I art     : Starting a blocking GC Explicit
08-05 17:45:45.849 27588 27600 I art     : Explicit concurrent mark sweep GC freed 40(1376B) AllocSpace objects, 0(0B) LOS objects, 23% free, 53MB/69MB, paused 611us total 33.242ms
08-05 17:45:45.864 27588 27600 I art     : Starting a blocking GC Explicit
08-05 17:45:45.884   380   380 W SurfaceFlinger: couldn't log to binary event log: overflow.
08-05 17:45:45.894 27588 27600 I art     : Explicit concurrent mark sweep GC freed 100(7KB) AllocSpace objects, 0(0B) LOS objects, 23% free, 53MB/69MB, paused 582us total 29.579ms
08-05 17:45:45.906 27588 27600 I art     : Starting a blocking GC Explicit
08-05 17:45:45.932 27588 27600 I art     : Explicit concurrent mark sweep GC freed 25(1200B) AllocSpace objects, 0(0B) LOS objects, 23% free, 53MB/69MB, paused 574us total 25.627ms
08-05 17:45:45.942 27588 27600 I art     : Starting a blocking GC Explicit
08-05 17:45:45.967 27588 27600 I art     : Explicit concurrent mark sweep GC freed 4681(268KB) AllocSpace objects, 2(140KB) LOS objects, 23% free, 52MB/68MB, paused 547us total 24.879ms
08-05 17:45:46.096  5179  5194 D QcrilMsgTunnelSocket: readRilMessage: Buffer = [B@671e81d HexData = [010000000404000011000000514f454d484f4f4bef0308000100000003]
08-05 17:45:46.097  5179  5194 D QcrilMsgTunnelSocket: Rcvd UNSOL response with 28 bytes data for SUB0
08-05 17:45:46.097  5179  5194 D QcrilMsgTunnelSocket: Response ID 525295 is not served in this process.
08-05 17:45:46.097  5179  5194 D QcrilMsgTunnelSocket: To broadcast an Intent via the notifier to external apps
08-05 17:45:46.104  5179  5179 D QcrilMsgTunnelIfaceManager: handleMessage what = 0
08-05 17:45:46.104  5179  5179 D QcrilMsgTunnelIfaceManager: Broadcasting intent ACTION_UNSOL_RESPONSE_OEM_HOOK_RAW
08-05 17:45:46.123  5164  5164 D QC_RIL_OEM_HOOK: Received Broadcast Intent ACTION_UNSOL_RESPONSE_OEM_HOOK_RAW
08-05 17:45:46.124  5164  5164 D QC_RIL_OEM_HOOK: Oem ID in QCRILHOOK UNSOL RESP is QOEMHOOK
08-05 17:45:46.263 27588 27626 I art     : Starting a blocking GC Explicit
08-05 17:45:46.295 27588 27626 I art     : Explicit concurrent mark sweep GC freed 1344(78KB) AllocSpace objects, 1(20KB) LOS objects, 23% free, 52MB/68MB, paused 649us total 31.960ms
08-05 17:45:46.309 27588 27626 I art     : Starting a blocking GC Explicit
08-05 17:45:46.336 27588 27626 I art     : Explicit concurrent mark sweep GC freed 20(704B) AllocSpace objects, 0(0B) LOS objects, 23% free, 52MB/68MB, paused 675us total 26.216ms
08-05 17:45:46.347 27588 27626 I art     : Starting a blocking GC Explicit
08-05 17:45:46.374 27588 27626 I art     : Explicit concurrent mark sweep GC freed 3(96B) AllocSpace objects, 0(0B) LOS objects, 23% free, 52MB/68MB, paused 595us total 26.935ms
08-05 17:45:46.385 27588 27626 I art     : Starting a blocking GC Explicit
08-05 17:45:46.412 27588 27626 I art     : Explicit concurrent mark sweep GC freed 3(96B) AllocSpace objects, 0(0B) LOS objects, 23% free, 52MB/68MB, paused 604us total 27.083ms
08-05 17:45:46.424 27588 27626 I art     : Starting a blocking GC Explicit
08-05 17:45:46.451 27588 27626 I art     : Explicit concurrent mark sweep GC freed 3(96B) AllocSpace objects, 0(0B) LOS objects, 23% free, 52MB/68MB, paused 607us total 26.865ms
08-05 17:45:46.751 27588 27601 I art     : Starting a blocking GC Explicit
08-05 17:45:46.788 27588 27601 I art     : Explicit concurrent mark sweep GC freed 1343(78KB) AllocSpace objects, 1(20KB) LOS objects, 23% free, 52MB/68MB, paused 751us total 36.625ms
08-05 17:45:46.805 27588 27601 I art     : Starting a blocking GC Explicit
08-05 17:45:46.830 27588 27601 I art     : Explicit concurrent mark sweep GC freed 20(704B) AllocSpace objects, 0(0B) LOS objects, 23% free, 52MB/68MB, paused 615us total 24.933ms
08-05 17:45:46.841 27588 27601 I art     : Starting a blocking GC Explicit
08-05 17:45:46.866 27588 27601 I art     : Explicit concurrent mark sweep GC freed 3(96B) AllocSpace objects, 0(0B) LOS objects, 23% free, 52MB/68MB, paused 611us total 25.727ms
08-05 17:45:46.877 27588 27601 I art     : Starting a blocking GC Explicit
08-05 17:45:46.903 27588 27601 I art     : Explicit concurrent mark sweep GC freed 3(96B) AllocSpace objects, 0(0B) LOS objects, 23% free, 52MB/68MB, paused 606us total 25.580ms
08-05 17:45:46.914 27588 27601 I art     : Starting a blocking GC Explicit
08-05 17:45:46.941 27588 27601 I art     : Explicit concurrent mark sweep GC freed 3(96B) AllocSpace objects, 0(0B) LOS objects, 23% free, 52MB/68MB, paused 622us total 26.188ms
08-05 17:45:47.237 27588 27626 I art     : Starting a blocking GC Explicit
08-05 17:45:47.266 27588 27626 I art     : Explicit concurrent mark sweep GC freed 1352(78KB) AllocSpace objects, 1(20KB) LOS objects, 23% free, 52MB/68MB, paused 629us total 28.680ms
08-05 17:45:47.278 27588 27626 I art     : Starting a blocking GC Explicit
08-05 17:45:47.306 27588 27626 I art     : Explicit concurrent mark sweep GC freed 25(864B) AllocSpace objects, 0(0B) LOS objects, 23% free, 52MB/68MB, paused 719us total 27.445ms
08-05 17:45:47.317 27588 27626 I art     : Starting a blocking GC Explicit
08-05 17:45:47.344 27588 27626 I art     : Explicit concurrent mark sweep GC freed 8(256B) AllocSpace objects, 0(0B) LOS objects, 23% free, 52MB/68MB, paused 624us total 25.963ms
08-05 17:45:47.351 30030 30030 D AndroidRuntime: >>>>>> START com.android.internal.os.RuntimeInit uid 2000 <<<<<<
08-05 17:45:47.355 27588 27626 I art     : Starting a blocking GC Explicit
08-05 17:45:47.357 30030 30030 D AndroidRuntime: CheckJNI is OFF
08-05 17:45:47.381 27588 27626 I art     : Explicit concurrent mark sweep GC freed 7(224B) AllocSpace objects, 0(0B) LOS objects, 23% free, 52MB/68MB, paused 597us total 25.889ms
08-05 17:45:47.392 27588 27626 I art     : Starting a blocking GC Explicit
08-05 17:45:47.402 30030 30030 D ICU     : No timezone override file found: /data/misc/zoneinfo/current/icu/icu_tzdata.dat
08-05 17:45:47.419 27588 27626 I art     : Explicit concurrent mark sweep GC freed 8(256B) AllocSpace objects, 0(0B) LOS objects, 23% free, 52MB/68MB, paused 579us total 26.738ms
08-05 17:45:47.449 30030 30030 I Radio-JNI: register_android_hardware_Radio DONE
08-05 17:45:47.478 30030 30030 D AndroidRuntime: Calling main entry com.android.commands.input.Input
08-05 17:45:47.479 30030 30030 I Input   : injectKeyEvent: KeyEvent { action=ACTION_DOWN, keyCode=KEYCODE_BACK, scanCode=0, metaState=0, flags=0x0, repeatCount=0, eventTime=812763892, downTime=812763892, deviceId=-1, source=0x101 }
08-05 17:45:47.485 30030 30030 I Input   : injectKeyEvent: KeyEvent { action=ACTION_UP, keyCode=KEYCODE_BACK, scanCode=0, metaState=0, flags=0x0, repeatCount=0, eventTime=812763892, downTime=812763892, deviceId=-1, source=0x101 }
08-05 17:45:47.491 30030 30030 D AndroidRuntime: Shutting down VM
08-05 17:45:47.530 13866 13866 I GoogleInputMethodServic: GoogleInputMethodService.onFinishInput():3138 
08-05 17:45:47.531 13866 13866 I GoogleInputMethodServic: GoogleInputMethodService.onStartInput():1808 
08-05 17:45:47.708 27588 27601 I art     : Starting a blocking GC Explicit
08-05 17:45:47.739 27588 27601 I art     : Explicit concurrent mark sweep GC freed 1545(86KB) AllocSpace objects, 1(20KB) LOS objects, 23% free, 52MB/68MB, paused 582us total 30.178ms
08-05 17:45:47.754 27588 27601 I art     : Starting a blocking GC Explicit
08-05 17:45:47.782 27588 27601 I art     : Explicit concurrent mark sweep GC freed 24(864B) AllocSpace objects, 0(0B) LOS objects, 23% free, 52MB/68MB, paused 594us total 28.299ms
08-05 17:45:47.794 27588 27601 I art     : Starting a blocking GC Explicit
08-05 17:45:47.821 27588 27601 I art     : Explicit concurrent mark sweep GC freed 3(96B) AllocSpace objects, 0(0B) LOS objects, 23% free, 52MB/68MB, paused 705us total 26.840ms
08-05 17:45:47.832 27588 27601 I art     : Starting a blocking GC Explicit
08-05 17:45:47.836   380   380 W SurfaceFlinger: couldn't log to binary event log: overflow.
08-05 17:45:47.857 27588 27601 I art     : Explicit concurrent mark sweep GC freed 120(8KB) AllocSpace objects, 0(0B) LOS objects, 23% free, 52MB/68MB, paused 706us total 25.158ms
08-05 17:45:47.868 27588 27601 I art     : Starting a blocking GC Explicit
08-05 17:45:47.893 27588 27601 I art     : Explicit concurrent mark sweep GC freed 115(5KB) AllocSpace objects, 0(0B) LOS objects, 23% free, 52MB/68MB, paused 591us total 24.627ms
08-05 17:45:48.203 27588 27618 I art     : Starting a blocking GC Explicit
08-05 17:45:48.238 27588 27618 I art     : Explicit concurrent mark sweep GC freed 3308(194KB) AllocSpace objects, 4(360KB) LOS objects, 23% free, 52MB/68MB, paused 830us total 34.577ms
08-05 17:45:48.253 27588 27618 I art     : Starting a blocking GC Explicit
08-05 17:45:48.279 27588 27618 I art     : Explicit concurrent mark sweep GC freed 24(864B) AllocSpace objects, 0(0B) LOS objects, 23% free, 52MB/68MB, paused 606us total 25.488ms
08-05 17:45:48.289 27588 27618 I art     : Starting a blocking GC Explicit
08-05 17:45:48.316 27588 27618 I art     : Explicit concurrent mark sweep GC freed 3(96B) AllocSpace objects, 0(0B) LOS objects, 23% free, 52MB/68MB, paused 592us total 25.993ms
08-05 17:45:48.316 27588 27599 I art     : WaitForGcToComplete blocked for 11.556ms for cause HeapTrim
08-05 17:45:48.327 27588 27618 I art     : Starting a blocking GC Explicit
08-05 17:45:48.353 27588 27618 I art     : Explicit concurrent mark sweep GC freed 3(96B) AllocSpace objects, 0(0B) LOS objects, 23% free, 52MB/68MB, paused 597us total 26.158ms
08-05 17:45:48.364 27588 27618 I art     : Starting a blocking GC Explicit
08-05 17:45:48.390 27588 27618 I art     : Explicit concurrent mark sweep GC freed 3(96B) AllocSpace objects, 0(0B) LOS objects, 23% free, 52MB/68MB, paused 605us total 25.843ms
08-05 17:45:48.695 27588 27600 I art     : Starting a blocking GC Explicit
08-05 17:45:48.729 27588 27600 I art     : Explicit concurrent mark sweep GC freed 1341(78KB) AllocSpace objects, 1(20KB) LOS objects, 23% free, 52MB/68MB, paused 730us total 34.191ms
08-05 17:45:48.744 27588 27600 I art     : Starting a blocking GC Explicit
08-05 17:45:48.769 27588 27600 I art     : Explicit concurrent mark sweep GC freed 20(704B) AllocSpace objects, 0(0B) LOS objects, 23% free, 52MB/68MB, paused 605us total 24.222ms
08-05 17:45:48.779 27588 27600 I art     : Starting a blocking GC Explicit
08-05 17:45:48.804 27588 27600 I art     : Explicit concurrent mark sweep GC freed 3(96B) AllocSpace objects, 0(0B) LOS objects, 23% free, 52MB/68MB, paused 585us total 24.143ms
08-05 17:45:48.814 27588 27600 I art     : Starting a blocking GC Explicit
08-05 17:45:48.838 27588 27600 I art     : Explicit concurrent mark sweep GC freed 3(96B) AllocSpace objects, 0(0B) LOS objects, 23% free, 52MB/68MB, paused 580us total 23.748ms
08-05 17:45:48.849 27588 27600 I art     : Starting a blocking GC Explicit
08-05 17:45:48.874 27588 27600 I art     : Explicit concurrent mark sweep GC freed 3(96B) AllocSpace objects, 0(0B) LOS objects, 23% free, 52MB/68MB, paused 654us total 25.112ms
08-05 17:45:49.164 27588 27626 I art     : Starting a blocking GC Explicit
08-05 17:45:49.193 27588 27626 I art     : Explicit concurrent mark sweep GC freed 1341(78KB) AllocSpace objects, 1(20KB) LOS objects, 23% free, 52MB/68MB, paused 671us total 29.107ms
08-05 17:45:49.206 27588 27626 I art     : Starting a blocking GC Explicit
08-05 17:45:49.233 27588 27626 I art     : Explicit concurrent mark sweep GC freed 20(704B) AllocSpace objects, 0(0B) LOS objects, 23% free, 52MB/68MB, paused 623us total 26.491ms
08-05 17:45:49.244 27588 27626 I art     : Starting a blocking GC Explicit
08-05 17:45:49.245   918  3261 D WifiStateMachine: starting scan for "H369AA63323"WPA_PSK with 2412,5180
08-05 17:45:49.270 27588 27626 I art     : Explicit concurrent mark sweep GC freed 3(96B) AllocSpace objects, 0(0B) LOS objects, 23% free, 52MB/68MB, paused 622us total 25.848ms
08-05 17:45:49.281 27588 27626 I art     : Starting a blocking GC Explicit
08-05 17:45:49.288 30083 30083 D AndroidRuntime: >>>>>> START com.android.internal.os.RuntimeInit uid 2000 <<<<<<
08-05 17:45:49.294 30083 30083 D AndroidRuntime: CheckJNI is OFF
08-05 17:45:49.307 27588 27626 I art     : Explicit concurrent mark sweep GC freed 3(96B) AllocSpace objects, 0(0B) LOS objects, 23% free, 52MB/68MB, paused 682us total 25.808ms
08-05 17:45:49.318 27588 27626 I art     : Starting a blocking GC Explicit
08-05 17:45:49.340 30083 30083 D ICU     : No timezone override file found: /data/misc/zoneinfo/current/icu/icu_tzdata.dat
08-05 17:45:49.344 27588 27626 I art     : Explicit concurrent mark sweep GC freed 3(96B) AllocSpace objects, 0(0B) LOS objects, 23% free, 52MB/68MB, paused 634us total 25.740ms
08-05 17:45:49.385 30083 30083 I Radio-JNI: register_android_hardware_Radio DONE
08-05 17:45:49.414 30083 30083 D AndroidRuntime: Calling main entry com.android.commands.input.Input
08-05 17:45:49.416 30083 30083 I Input   : injectMotionEvent: MotionEvent { action=ACTION_DOWN, actionButton=0, id[0]=0, x[0]=1053.0, y[0]=1173.0, toolType[0]=TOOL_TYPE_UNKNOWN, buttonState=0, metaState=0, flags=0x0, edgeFlags=0x0, pointerCount=1, historySize=0, eventTime=812765828, downTime=812765828, deviceId=0, source=0x1002 }
08-05 17:45:49.423 30083 30083 I Input   : injectMotionEvent: MotionEvent { action=ACTION_UP, actionButton=0, id[0]=0, x[0]=1053.0, y[0]=1173.0, toolType[0]=TOOL_TYPE_UNKNOWN, buttonState=0, metaState=0, flags=0x0, edgeFlags=0x0, pointerCount=1, historySize=0, eventTime=812765828, downTime=812765828, deviceId=0, source=0x1002 }
08-05 17:45:49.425   918   928 I ActivityManager: START u0 {cmp=baseline.appteam.nith.hillffair/.activities.QuizActivity} from uid 10675 on display 0
08-05 17:45:49.434 30083 30083 D AndroidRuntime: Shutting down VM
08-05 17:45:49.531   918   936 I ActivityManager: Displayed baseline.appteam.nith.hillffair/.activities.QuizActivity: +96ms
08-05 17:45:49.532 13866 13866 I GoogleInputMethodServic: GoogleInputMethodService.onFinishInput():3138 
08-05 17:45:49.533 13866 13866 I GoogleInputMethodServic: GoogleInputMethodService.onStartInput():1808 
08-05 17:45:49.633 27588 29335 I art     : Starting a blocking GC Explicit
08-05 17:45:49.663 27588 29335 I art     : Explicit concurrent mark sweep GC freed 2145(133KB) AllocSpace objects, 1(20KB) LOS objects, 23% free, 52MB/68MB, paused 777us total 30.338ms
08-05 17:45:49.676 27588 29335 I art     : Starting a blocking GC Explicit
08-05 17:45:49.700 27588 29335 I art     : Explicit concurrent mark sweep GC freed 187(8KB) AllocSpace objects, 0(0B) LOS objects, 23% free, 52MB/68MB, paused 550us total 23.720ms
08-05 17:45:49.711 27588 29335 I art     : Starting a blocking GC Explicit
08-05 17:45:49.741 27588 29335 I art     : Explicit concurrent mark sweep GC freed 3(96B) AllocSpace objects, 0(0B) LOS objects, 23% free, 52MB/68MB, paused 616us total 29.228ms
08-05 17:45:49.753 27588 29335 I art     : Starting a blocking GC Explicit
08-05 17:45:49.785 27588 29335 I art     : Explicit concurrent mark sweep GC freed 3(96B) AllocSpace objects, 0(0B) LOS objects, 23% free, 52MB/68MB, paused 665us total 31.124ms
08-05 17:45:49.789   380   380 W SurfaceFlinger: couldn't log to binary event log: overflow.
08-05 17:45:49.799 27588 29335 I art     : Starting a blocking GC Explicit
08-05 17:45:49.824 27588 29335 I art     : Explicit concurrent mark sweep GC freed 3(96B) AllocSpace objects, 0(0B) LOS objects, 23% free, 52MB/68MB, paused 548us total 24.659ms
08-05 17:45:50.131 27588 29335 I art     : Starting a blocking GC Explicit
08-05 17:45:50.167 27588 29335 I art     : Explicit concurrent mark sweep GC freed 1413(82KB) AllocSpace objects, 1(20KB) LOS objects, 23% free, 52MB/68MB, paused 661us total 35.464ms
08-05 17:45:50.181 27588 29335 I art     : Starting a blocking GC Explicit
08-05 17:45:50.209 27588 29335 I art     : Explicit concurrent mark sweep GC freed 20(704B) AllocSpace objects, 0(0B) LOS objects, 23% free, 52MB/68MB, paused 599us total 27.108ms
08-05 17:45:50.220 27588 29335 I art     : Starting a blocking GC Explicit
08-05 17:45:50.247 27588 29335 I art     : Explicit concurrent mark sweep GC freed 3(96B) AllocSpace objects, 0(0B) LOS objects, 23% free, 52MB/68MB, paused 690us total 26.966ms
08-05 17:45:50.258 27588 29335 I art     : Starting a blocking GC Explicit
08-05 17:45:50.286 27588 29335 I art     : Explicit concurrent mark sweep GC freed 3(96B) AllocSpace objects, 0(0B) LOS objects, 23% free, 52MB/68MB, paused 601us total 27.428ms
08-05 17:45:50.297 27588 29335 I art     : Starting a blocking GC Explicit
08-05 17:45:50.324 27588 29335 I art     : Explicit concurrent mark sweep GC freed 3(96B) AllocSpace objects, 0(0B) LOS objects, 23% free, 52MB/68MB, paused 600us total 26.976ms
08-05 17:45:50.625 27588 27601 I art     : Starting a blocking GC Explicit
08-05 17:45:50.663 27588 27601 I art     : Explicit concurrent mark sweep GC freed 1343(78KB) AllocSpace objects, 1(20KB) LOS objects, 23% free, 52MB/68MB, paused 709us total 38.053ms
08-05 17:45:50.679 27588 27601 I art     : Starting a blocking GC Explicit
08-05 17:45:50.706 27588 27601 I art     : Explicit concurrent mark sweep GC freed 20(704B) AllocSpace objects, 0(0B) LOS objects, 23% free, 52MB/68MB, paused 618us total 27.179ms
08-05 17:45:50.717 27588 27601 I art     : Starting a blocking GC Explicit
08-05 17:45:50.744 27588 27601 I art     : Explicit concurrent mark sweep GC freed 3(96B) AllocSpace objects, 0(0B) LOS objects, 23% free, 52MB/68MB, paused 621us total 26.968ms
08-05 17:45:50.756 27588 27601 I art     : Starting a blocking GC Explicit
08-05 17:45:50.783 27588 27601 I art     : Explicit concurrent mark sweep GC freed 3(96B) AllocSpace objects, 0(0B) LOS objects, 23% free, 52MB/68MB, paused 610us total 27.345ms
08-05 17:45:50.794 27588 27601 I art     : Starting a blocking GC Explicit
08-05 17:45:50.822 27588 27601 I art     : Explicit concurrent mark sweep GC freed 3(96B) AllocSpace objects, 0(0B) LOS objects, 23% free, 52MB/68MB, paused 627us total 27.105ms
08-05 17:45:51.135 27588 29335 I art     : Starting a blocking GC Explicit
08-05 17:45:51.165 27588 29335 I art     : Explicit concurrent mark sweep GC freed 1354(78KB) AllocSpace objects, 1(20KB) LOS objects, 23% free, 52MB/68MB, paused 646us total 30.332ms
08-05 17:45:51.177 27588 29335 I art     : Starting a blocking GC Explicit
08-05 17:45:51.207 27588 29335 I art     : Explicit concurrent mark sweep GC freed 24(832B) AllocSpace objects, 0(0B) LOS objects, 23% free, 52MB/68MB, paused 966us total 29.631ms
08-05 17:45:51.218 27588 29335 I art     : Starting a blocking GC Explicit
08-05 17:45:51.245 27588 29335 I art     : Explicit concurrent mark sweep GC freed 9(288B) AllocSpace objects, 0(0B) LOS objects, 23% free, 52MB/68MB, paused 576us total 26.742ms
08-05 17:45:51.258 27588 29335 I art     : Starting a blocking GC Explicit
08-05 17:45:51.285 27588 29335 I art     : Explicit concurrent mark sweep GC freed 8(256B) AllocSpace objects, 0(0B) LOS objects, 23% free, 52MB/68MB, paused 614us total 26.911ms
08-05 17:45:51.296 27588 29335 I art     : Starting a blocking GC Explicit
08-05 17:45:51.324 27588 29335 I art     : Explicit concurrent mark sweep GC freed 7(224B) AllocSpace objects, 0(0B) LOS objects, 23% free, 52MB/68MB, paused 551us total 27.793ms
08-05 17:45:51.543 27588 30147 W OneSignal: OneSignalRestClient: POST Error thrown from network stack. 
08-05 17:45:51.543 27588 30147 W OneSignal: java.io.IOException: unexpected end of stream on Connection{api.onesignal.com:443, proxy=HTTP@192.168.2.12:8080 hostAddress=192.168.2.12 cipherSuite=TLS_ECDHE_RSA_WITH_AES_128_GCM_SHA256 protocol=http/1.1} (recycle count=0)
08-05 17:45:51.543 27588 30147 W OneSignal: 	at com.android.okhttp.internal.http.HttpConnection.readResponse(HttpConnection.java:210)
08-05 17:45:51.543 27588 30147 W OneSignal: 	at com.android.okhttp.internal.http.HttpTransport.readResponseHeaders(HttpTransport.java:80)
08-05 17:45:51.543 27588 30147 W OneSignal: 	at com.android.okhttp.internal.http.HttpEngine.readNetworkResponse(HttpEngine.java:904)
08-05 17:45:51.543 27588 30147 W OneSignal: 	at com.android.okhttp.internal.http.HttpEngine.readResponse(HttpEngine.java:788)
08-05 17:45:51.543 27588 30147 W OneSignal: 	at com.android.okhttp.internal.huc.HttpURLConnectionImpl.execute(HttpURLConnectionImpl.java:439)
08-05 17:45:51.543 27588 30147 W OneSignal: 	at com.android.okhttp.internal.huc.HttpURLConnectionImpl.getResponse(HttpURLConnectionImpl.java:384)
08-05 17:45:51.543 27588 30147 W OneSignal: 	at com.android.okhttp.internal.huc.HttpURLConnectionImpl.getResponseCode(HttpURLConnectionImpl.java:497)
08-05 17:45:51.543 27588 30147 W OneSignal: 	at com.android.okhttp.internal.huc.DelegatingHttpsURLConnection.getResponseCode(DelegatingHttpsURLConnection.java:105)
08-05 17:45:51.543 27588 30147 W OneSignal: 	at com.android.okhttp.internal.huc.HttpsURLConnectionImpl.getResponseCode(HttpsURLConnectionImpl.java)
08-05 17:45:51.543 27588 30147 W OneSignal: 	at com.onesignal.OneSignalRestClient.startHTTPConnection(OneSignalRestClient.java:180)
08-05 17:45:51.543 27588 30147 W OneSignal: 	at com.onesignal.OneSignalRestClient.access$100(OneSignalRestClient.java:44)
08-05 17:45:51.543 27588 30147 W OneSignal: 	at com.onesignal.OneSignalRestClient$4.run(OneSignalRestClient.java:110)
08-05 17:45:51.543 27588 30147 W OneSignal: 	at java.lang.Thread.run(Thread.java:818)
08-05 17:45:51.543 27588 30147 W OneSignal: Caused by: java.io.EOFException: \n not found: size=0 content=...
08-05 17:45:51.543 27588 30147 W OneSignal: 	at com.android.okhttp.okio.RealBufferedSource.readUtf8LineStrict(RealBufferedSource.java:200)
08-05 17:45:51.543 27588 30147 W OneSignal: 	at com.android.okhttp.internal.http.HttpConnection.readResponse(HttpConnection.java:191)
08-05 17:45:51.543 27588 30147 W OneSignal: 	... 12 more
08-05 17:45:51.544 27588 30156 W OneSignal: Failed last request. statusCode: -1
08-05 17:45:51.544 27588 30156 W OneSignal: response: null
08-05 17:45:51.654 27588 27600 I art     : Starting a blocking GC Explicit
08-05 17:45:51.688 27588 27600 I art     : Explicit concurrent mark sweep GC freed 3969(244KB) AllocSpace objects, 1(20KB) LOS objects, 23% free, 52MB/68MB, paused 850us total 33.907ms
08-05 17:45:51.699 27588 27600 I art     : Starting a blocking GC Explicit
08-05 17:45:51.725 27588 27600 I art     : Explicit concurrent mark sweep GC freed 96(3KB) AllocSpace objects, 0(0B) LOS objects, 23% free, 52MB/68MB, paused 611us total 25.749ms
08-05 17:45:51.737 27588 27600 I art     : Starting a blocking GC Explicit
08-05 17:45:51.765 27588 27600 I art     : Explicit concurrent mark sweep GC freed 3(96B) AllocSpace objects, 0(0B) LOS objects, 23% free, 52MB/68MB, paused 593us total 27.075ms
08-05 17:45:51.776 27588 27600 I art     : Starting a blocking GC Explicit
08-05 17:45:51.803 27588 27600 I art     : Explicit concurrent mark sweep GC freed 3(96B) AllocSpace objects, 0(0B) LOS objects, 23% free, 52MB/68MB, paused 614us total 26.949ms
08-05 17:45:51.814 27588 27600 I art     : Starting a blocking GC Explicit
08-05 17:45:51.841 27588 27600 I art     : Explicit concurrent mark sweep GC freed 3(96B) AllocSpace objects, 0(0B) LOS objects, 23% free, 52MB/68MB, paused 623us total 26.744ms
08-05 17:45:52.171 27588 27618 I art     : Starting a blocking GC Explicit
08-05 17:45:52.179 26632 26632 I ServiceManager: Waiting for service AtCmdFwd...
08-05 17:45:52.201 27588 27618 I art     : Explicit concurrent mark sweep GC freed 1343(78KB) AllocSpace objects, 1(20KB) LOS objects, 23% free, 52MB/68MB, paused 610us total 29.545ms
08-05 17:45:52.212 27588 27618 I art     : Starting a blocking GC Explicit
08-05 17:45:52.216 30159 30159 D AndroidRuntime: >>>>>> START com.android.internal.os.RuntimeInit uid 2000 <<<<<<
08-05 17:45:52.222 30159 30159 D AndroidRuntime: CheckJNI is OFF
08-05 17:45:52.240 27588 27618 I art     : Explicit concurrent mark sweep GC freed 20(704B) AllocSpace objects, 0(0B) LOS objects, 23% free, 52MB/68MB, paused 631us total 27.478ms
08-05 17:45:52.251 27588 27618 I art     : Starting a blocking GC Explicit
08-05 17:45:52.269 30159 30159 D ICU     : No timezone override file found: /data/misc/zoneinfo/current/icu/icu_tzdata.dat
08-05 17:45:52.278 27588 27618 I art     : Explicit concurrent mark sweep GC freed 3(96B) AllocSpace objects, 0(0B) LOS objects, 23% free, 52MB/68MB, paused 681us total 26.988ms
08-05 17:45:52.289 27588 27618 I art     : Starting a blocking GC Explicit
08-05 17:45:52.316 27588 27618 I art     : Explicit concurrent mark sweep GC freed 3(96B) AllocSpace objects, 0(0B) LOS objects, 23% free, 52MB/68MB, paused 636us total 26.441ms
08-05 17:45:52.316 30159 30159 I Radio-JNI: register_android_hardware_Radio DONE
08-05 17:45:52.327 27588 27618 I art     : Starting a blocking GC Explicit
08-05 17:45:52.347 30159 30159 D AndroidRuntime: Calling main entry com.android.commands.input.Input
08-05 17:45:52.349 30159 30159 I Input   : injectMotionEvent: MotionEvent { action=ACTION_DOWN, actionButton=0, id[0]=0, x[0]=756.0, y[0]=1530.0, toolType[0]=TOOL_TYPE_UNKNOWN, buttonState=0, metaState=0, flags=0x0, edgeFlags=0x0, pointerCount=1, historySize=0, eventTime=812768761, downTime=812768761, deviceId=0, source=0x1002 }
08-05 17:45:52.354 27588 27618 I art     : Explicit concurrent mark sweep GC freed 3(96B) AllocSpace objects, 0(0B) LOS objects, 23% free, 52MB/68MB, paused 630us total 27.021ms
08-05 17:45:52.356 30159 30159 I Input   : injectMotionEvent: MotionEvent { action=ACTION_UP, actionButton=0, id[0]=0, x[0]=756.0, y[0]=1530.0, toolType[0]=TOOL_TYPE_UNKNOWN, buttonState=0, metaState=0, flags=0x0, edgeFlags=0x0, pointerCount=1, historySize=0, eventTime=812768761, downTime=812768761, deviceId=0, source=0x1002 }
08-05 17:45:52.359 30159 30159 D AndroidRuntime: Shutting down VM
08-05 17:45:52.377   918  3670 I ActivityManager: START u0 {cmp=baseline.appteam.nith.hillffair/.activities.LeaderBoardActivity} from uid 10675 on display 0
08-05 17:45:52.382   512  2967 D audio_hw_primary: out_set_parameters: enter: usecase(1: low-latency-playback) kvpairs: routing=2
08-05 17:45:52.395   512  2967 D audio_hw_primary: select_devices: out_snd_device(2: speaker) in_snd_device(0: none)
08-05 17:45:52.395   512  2967 D msm8974_platform: platform_send_audio_calibration: sending audio calibration for snd_device(2) acdb_id(15)
08-05 17:45:52.395   512  2967 I soundtrigger: audio_extn_sound_trigger_update_device_status: device 0x2 of type 0 for Event 1
08-05 17:45:52.407   512  2967 D audio_hw_primary: enable_snd_device: snd_device(2: speaker)
08-05 17:45:52.410   512  2967 D audio_hw_primary: enable_audio_route: apply and update mixer path: low-latency-playback speaker
08-05 17:45:52.465 27588 27588 E RecyclerView: No adapter attached; skipping layout
08-05 17:45:52.471 27588 27588 E RecyclerView: No adapter attached; skipping layout
08-05 17:45:52.489   918   936 I ActivityManager: Displayed baseline.appteam.nith.hillffair/.activities.LeaderBoardActivity: +99ms
08-05 17:45:52.490 13866 13866 I GoogleInputMethodServic: GoogleInputMethodService.onFinishInput():3138 
08-05 17:45:52.491 13866 13866 I GoogleInputMethodServic: GoogleInputMethodService.onStartInput():1808 
08-05 17:45:52.491 27588 27588 E RecyclerView: No adapter attached; skipping layout
08-05 17:45:52.510 27588 27611 D OpenGLRenderer: endAllStagingAnimators on 0x7f7d8d6400 (RippleDrawable) with handle 0x7f7ef12040
08-05 17:45:52.630 27588 27601 I art     : Starting a blocking GC Explicit
08-05 17:45:52.670 27588 27601 I art     : Explicit concurrent mark sweep GC freed 6685(404KB) AllocSpace objects, 1(20KB) LOS objects, 23% free, 52MB/68MB, paused 1.005ms total 39.229ms
08-05 17:45:52.684 27588 27601 I art     : Starting a blocking GC Explicit
08-05 17:45:52.715 27588 27601 I art     : Explicit concurrent mark sweep GC freed 288(12KB) AllocSpace objects, 0(0B) LOS objects, 23% free, 52MB/68MB, paused 674us total 31.082ms
08-05 17:45:52.729 27588 27601 I art     : Starting a blocking GC Explicit
08-05 17:45:52.749   380   380 W SurfaceFlinger: couldn't log to binary event log: overflow.
08-05 17:45:52.760 27588 27601 I art     : Explicit concurrent mark sweep GC freed 6(192B) AllocSpace objects, 0(0B) LOS objects, 23% free, 52MB/68MB, paused 753us total 30.856ms
08-05 17:45:52.774 27588 27601 I art     : Starting a blocking GC Explicit
08-05 17:45:52.798 27588 27601 I art     : Explicit concurrent mark sweep GC freed 6(192B) AllocSpace objects, 0(0B) LOS objects, 23% free, 52MB/68MB, paused 742us total 24.210ms
08-05 17:45:52.809 27588 27601 I art     : Starting a blocking GC Explicit
08-05 17:45:52.833 27588 27601 I art     : Explicit concurrent mark sweep GC freed 4(128B) AllocSpace objects, 0(0B) LOS objects, 23% free, 52MB/68MB, paused 590us total 23.643ms
08-05 17:45:52.949   512  2967 D audio_hw_primary: disable_audio_route: reset and update mixer path: low-latency-playback speaker
08-05 17:45:52.950   512  2967 D audio_hw_primary: disable_snd_device: snd_device(2: speaker)
08-05 17:45:52.957   512  2967 I soundtrigger: audio_extn_sound_trigger_update_device_status: device 0x2 of type 0 for Event 0
08-05 17:45:53.122 27588 27600 I art     : Starting a blocking GC Explicit
08-05 17:45:53.148 27588 27600 I art     : Explicit concurrent mark sweep GC freed 1542(88KB) AllocSpace objects, 1(20KB) LOS objects, 23% free, 52MB/68MB, paused 687us total 25.626ms
08-05 17:45:53.158 27588 27600 I art     : Starting a blocking GC Explicit
08-05 17:45:53.179 26632 26632 I ServiceManager: Waiting for service AtCmdFwd...
08-05 17:45:53.184 27588 27600 I art     : Explicit concurrent mark sweep GC freed 69(2320B) AllocSpace objects, 0(0B) LOS objects, 23% free, 52MB/68MB, paused 643us total 25.117ms
08-05 17:45:53.194 27588 27600 I art     : Starting a blocking GC Explicit
08-05 17:45:53.219 27588 27600 I art     : Explicit concurrent mark sweep GC freed 12(464B) AllocSpace objects, 0(0B) LOS objects, 23% free, 52MB/68MB, paused 630us total 24.828ms
08-05 17:45:53.230 27588 27600 I art     : Starting a blocking GC Explicit
08-05 17:45:53.257 27588 27600 I art     : Explicit concurrent mark sweep GC freed 1587(93KB) AllocSpace objects, 3(200KB) LOS objects, 23% free, 53MB/69MB, paused 1.025ms total 26.861ms
08-05 17:45:53.268 27588 30183 D OkHttp  : --> GET https://api-hillfair-2k16.herokuapp.com/api/app/quiz/leaderboard?from=1 http/1.1
08-05 17:45:53.268 27588 27600 I art     : Starting a blocking GC Explicit
08-05 17:45:53.295 27588 27600 I art     : Explicit concurrent mark sweep GC freed 1946(155KB) AllocSpace objects, 0(0B) LOS objects, 23% free, 52MB/68MB, paused 811us total 26.463ms
08-05 17:45:53.316 27588 30183 D OkHttp  : <-- 200 OK https://api-hillfair-2k16.herokuapp.com/api/app/quiz/leaderboard?from=1 (48ms, 56744-byte body)
08-05 17:45:53.394 27588 27588 I NAPPA_EXPERIMENTATION: MetricNetworkRequestExecutionTime: REQUEST_DURATION_SYSTEM='968',REQUEST_DURATION_OKHTTP='48',REQUEST_SYNCHRONOUS='FALSE',RESPONSE_CODE='200',RESPONSE_METHOD='GET',RESPONSE_LENGTH_OKHTTP='56744',RESPONSE_LENGTH_HEADER='56744',REQUEST_PROTOCOL='http/1.1',REQUEST_URL='https://api-hillfair-2k16.herokuapp.com/api/app/quiz/leaderboard?from=1',
08-05 17:45:53.581 27588 27626 I art     : Starting a blocking GC Explicit
08-05 17:45:53.614 27588 27626 I art     : Explicit concurrent mark sweep GC freed 27755(1313KB) AllocSpace objects, 1(20KB) LOS objects, 23% free, 53MB/69MB, paused 623us total 32.949ms
08-05 17:45:53.626 27588 27626 I art     : Starting a blocking GC Explicit
08-05 17:45:53.656 27588 27626 I art     : Explicit concurrent mark sweep GC freed 125(4KB) AllocSpace objects, 0(0B) LOS objects, 23% free, 53MB/69MB, paused 624us total 29.531ms
08-05 17:45:53.668 27588 27626 I art     : Starting a blocking GC Explicit
08-05 17:45:53.697 27588 27626 I art     : Explicit concurrent mark sweep GC freed 3(96B) AllocSpace objects, 0(0B) LOS objects, 23% free, 53MB/69MB, paused 720us total 29.224ms
08-05 17:45:53.709 27588 27626 I art     : Starting a blocking GC Explicit
08-05 17:45:53.739 27588 27626 I art     : Explicit concurrent mark sweep GC freed 3(96B) AllocSpace objects, 0(0B) LOS objects, 23% free, 53MB/69MB, paused 630us total 29.732ms
08-05 17:45:53.751 27588 27626 I art     : Starting a blocking GC Explicit
08-05 17:45:53.781 27588 27626 I art     : Explicit concurrent mark sweep GC freed 3(96B) AllocSpace objects, 0(0B) LOS objects, 23% free, 53MB/69MB, paused 620us total 29.825ms
08-05 17:45:54.091 27588 27600 I art     : Starting a blocking GC Explicit
08-05 17:45:54.134 27588 27600 I art     : Explicit concurrent mark sweep GC freed 1344(78KB) AllocSpace objects, 1(20KB) LOS objects, 23% free, 53MB/69MB, paused 683us total 41.941ms
08-05 17:45:54.151 27588 27600 I art     : Starting a blocking GC Explicit
08-05 17:45:54.180 26632 26632 I ServiceManager: Waiting for service AtCmdFwd...
08-05 17:45:54.183 27588 27600 I art     : Explicit concurrent mark sweep GC freed 20(704B) AllocSpace objects, 0(0B) LOS objects, 23% free, 53MB/69MB, paused 638us total 31.732ms
08-05 17:45:54.195 27588 27600 I art     : Starting a blocking GC Explicit
08-05 17:45:54.228 27588 27600 I art     : Explicit concurrent mark sweep GC freed 3(96B) AllocSpace objects, 0(0B) LOS objects, 23% free, 53MB/69MB, paused 808us total 32.526ms
08-05 17:45:54.240 27588 27600 I art     : Starting a blocking GC Explicit
08-05 17:45:54.271 27588 27600 I art     : Explicit concurrent mark sweep GC freed 3(96B) AllocSpace objects, 0(0B) LOS objects, 23% free, 53MB/69MB, paused 677us total 31.035ms
08-05 17:45:54.283 27588 27600 I art     : Starting a blocking GC Explicit
08-05 17:45:54.314 27588 27600 I art     : Explicit concurrent mark sweep GC freed 3(96B) AllocSpace objects, 0(0B) LOS objects, 23% free, 53MB/69MB, paused 625us total 31.320ms
08-05 17:45:54.647 27588 27618 I art     : Starting a blocking GC Explicit
08-05 17:45:54.686 27588 27618 I art     : Explicit concurrent mark sweep GC freed 1344(78KB) AllocSpace objects, 1(20KB) LOS objects, 23% free, 53MB/69MB, paused 654us total 38.916ms
08-05 17:45:54.700 27588 27618 I art     : Starting a blocking GC Explicit
08-05 17:45:54.730 27588 27618 I art     : Explicit concurrent mark sweep GC freed 20(704B) AllocSpace objects, 0(0B) LOS objects, 23% free, 53MB/69MB, paused 608us total 29.749ms
08-05 17:45:54.742 27588 27618 I art     : Starting a blocking GC Explicit
08-05 17:45:54.773 27588 27618 I art     : Explicit concurrent mark sweep GC freed 3(96B) AllocSpace objects, 0(0B) LOS objects, 23% free, 53MB/69MB, paused 678us total 30.480ms
08-05 17:45:54.785 27588 27618 I art     : Starting a blocking GC Explicit
08-05 17:45:54.816 27588 27618 I art     : Explicit concurrent mark sweep GC freed 3(96B) AllocSpace objects, 0(0B) LOS objects, 23% free, 53MB/69MB, paused 633us total 31.398ms
08-05 17:45:54.828 27588 27618 I art     : Starting a blocking GC Explicit
08-05 17:45:54.861 27588 27618 I art     : Explicit concurrent mark sweep GC freed 3(96B) AllocSpace objects, 0(0B) LOS objects, 23% free, 53MB/69MB, paused 622us total 32.460ms
08-05 17:45:55.181 26632 26632 I ServiceManager: Waiting for service AtCmdFwd...
08-05 17:45:55.187 27588 29335 I art     : Starting a blocking GC Explicit
08-05 17:45:55.228 27588 29335 I art     : Explicit concurrent mark sweep GC freed 1344(78KB) AllocSpace objects, 1(20KB) LOS objects, 23% free, 53MB/69MB, paused 720us total 40.506ms
08-05 17:45:55.243 27588 29335 I art     : Starting a blocking GC Explicit
08-05 17:45:55.274 27588 29335 I art     : Explicit concurrent mark sweep GC freed 20(704B) AllocSpace objects, 0(0B) LOS objects, 23% free, 53MB/69MB, paused 657us total 31.322ms
08-05 17:45:55.287 27588 29335 I art     : Starting a blocking GC Explicit
08-05 17:45:55.321 27588 29335 I art     : Explicit concurrent mark sweep GC freed 3(96B) AllocSpace objects, 0(0B) LOS objects, 23% free, 53MB/69MB, paused 625us total 33.361ms
08-05 17:45:55.333 27588 29335 I art     : Starting a blocking GC Explicit
08-05 17:45:55.365 27588 29335 I art     : Explicit concurrent mark sweep GC freed 3(96B) AllocSpace objects, 0(0B) LOS objects, 23% free, 53MB/69MB, paused 612us total 32.025ms
08-05 17:45:55.377 27588 29335 I art     : Starting a blocking GC Explicit
08-05 17:45:55.408 27588 29335 I art     : Explicit concurrent mark sweep GC freed 3(96B) AllocSpace objects, 0(0B) LOS objects, 23% free, 53MB/69MB, paused 745us total 30.129ms
08-05 17:45:55.742 27588 27601 I art     : Starting a blocking GC Explicit
08-05 17:45:55.784 27588 27601 I art     : Explicit concurrent mark sweep GC freed 1344(78KB) AllocSpace objects, 1(20KB) LOS objects, 23% free, 53MB/69MB, paused 706us total 41.819ms
08-05 17:45:55.801 27588 27601 I art     : Starting a blocking GC Explicit
08-05 17:45:55.838 27588 27601 I art     : Explicit concurrent mark sweep GC freed 20(704B) AllocSpace objects, 0(0B) LOS objects, 23% free, 53MB/69MB, paused 732us total 36.713ms
08-05 17:45:55.852 27588 27601 I art     : Starting a blocking GC Explicit
08-05 17:45:55.886 27588 27601 I art     : Explicit concurrent mark sweep GC freed 3(96B) AllocSpace objects, 0(0B) LOS objects, 23% free, 53MB/69MB, paused 647us total 33.119ms
08-05 17:45:55.898 27588 27601 I art     : Starting a blocking GC Explicit
08-05 17:45:55.931 27588 27601 I art     : Explicit concurrent mark sweep GC freed 3(96B) AllocSpace objects, 0(0B) LOS objects, 23% free, 53MB/69MB, paused 622us total 32.455ms
08-05 17:45:55.943 27588 27601 I art     : Starting a blocking GC Explicit
08-05 17:45:55.976 27588 27601 I art     : Explicit concurrent mark sweep GC freed 3(96B) AllocSpace objects, 0(0B) LOS objects, 23% free, 53MB/69MB, paused 620us total 32.528ms
08-05 17:45:56.181 26632 26632 I ServiceManager: Waiting for service AtCmdFwd...
08-05 17:45:56.311 27588 27626 I art     : Starting a blocking GC Explicit
08-05 17:45:56.349 27588 27626 I art     : Explicit concurrent mark sweep GC freed 1344(78KB) AllocSpace objects, 1(20KB) LOS objects, 23% free, 53MB/69MB, paused 802us total 37.595ms
08-05 17:45:56.367 27588 27626 I art     : Starting a blocking GC Explicit
08-05 17:45:56.397 27588 27626 I art     : Explicit concurrent mark sweep GC freed 20(704B) AllocSpace objects, 0(0B) LOS objects, 23% free, 53MB/69MB, paused 756us total 29.988ms
08-05 17:45:56.409 27588 27626 I art     : Starting a blocking GC Explicit
08-05 17:45:56.440 27588 27626 I art     : Explicit concurrent mark sweep GC freed 3(96B) AllocSpace objects, 0(0B) LOS objects, 23% free, 53MB/69MB, paused 639us total 30.525ms
08-05 17:45:56.452 27588 27626 I art     : Starting a blocking GC Explicit
08-05 17:45:56.483 27588 27626 I art     : Explicit concurrent mark sweep GC freed 3(96B) AllocSpace objects, 0(0B) LOS objects, 23% free, 53MB/69MB, paused 694us total 30.791ms
08-05 17:45:56.495 27588 27626 I art     : Starting a blocking GC Explicit
08-05 17:45:56.526 27588 27626 I art     : Explicit concurrent mark sweep GC freed 3(96B) AllocSpace objects, 0(0B) LOS objects, 23% free, 53MB/69MB, paused 651us total 31.195ms
08-05 17:45:56.815 27588 27600 I art     : Starting a blocking GC Explicit
08-05 17:45:56.850 27588 27600 I art     : Explicit concurrent mark sweep GC freed 1344(78KB) AllocSpace objects, 1(20KB) LOS objects, 23% free, 53MB/69MB, paused 658us total 34.540ms
08-05 17:45:56.864 27588 27600 I art     : Starting a blocking GC Explicit
08-05 17:45:56.894 27588 27600 I art     : Explicit concurrent mark sweep GC freed 20(704B) AllocSpace objects, 0(0B) LOS objects, 23% free, 53MB/69MB, paused 631us total 29.611ms
08-05 17:45:56.906 27588 27600 I art     : Starting a blocking GC Explicit
08-05 17:45:56.936 27588 27600 I art     : Explicit concurrent mark sweep GC freed 3(96B) AllocSpace objects, 0(0B) LOS objects, 23% free, 53MB/69MB, paused 631us total 29.938ms
08-05 17:45:56.948 27588 27600 I art     : Starting a blocking GC Explicit
08-05 17:45:56.978 27588 27600 I art     : Explicit concurrent mark sweep GC freed 3(96B) AllocSpace objects, 0(0B) LOS objects, 23% free, 53MB/69MB, paused 683us total 29.624ms
08-05 17:45:56.990 27588 27600 I art     : Starting a blocking GC Explicit
08-05 17:45:57.022 27588 27600 I art     : Explicit concurrent mark sweep GC freed 3(96B) AllocSpace objects, 0(0B) LOS objects, 23% free, 53MB/69MB, paused 608us total 31.752ms
08-05 17:45:57.181 30265 30265 D AndroidRuntime: >>>>>> START com.android.internal.os.RuntimeInit uid 2000 <<<<<<
08-05 17:45:57.182 26632 26632 W Atfwd_Sendcmd: AtCmdFwd service not published, waiting... retryCnt : 1
08-05 17:45:57.187 30265 30265 D AndroidRuntime: CheckJNI is OFF
08-05 17:45:57.228 30265 30265 D ICU     : No timezone override file found: /data/misc/zoneinfo/current/icu/icu_tzdata.dat
08-05 17:45:57.268 30265 30265 I Radio-JNI: register_android_hardware_Radio DONE
08-05 17:45:57.298 30265 30265 D AndroidRuntime: Calling main entry com.android.commands.input.Input
08-05 17:45:57.299 30265 30265 I Input   : injectKeyEvent: KeyEvent { action=ACTION_DOWN, keyCode=KEYCODE_BACK, scanCode=0, metaState=0, flags=0x0, repeatCount=0, eventTime=812773712, downTime=812773712, deviceId=-1, source=0x101 }
08-05 17:45:57.304 30265 30265 I Input   : injectKeyEvent: KeyEvent { action=ACTION_UP, keyCode=KEYCODE_BACK, scanCode=0, metaState=0, flags=0x0, repeatCount=0, eventTime=812773712, downTime=812773712, deviceId=-1, source=0x101 }
08-05 17:45:57.311 30265 30265 D AndroidRuntime: Shutting down VM
08-05 17:45:57.318 27588 27626 I art     : Starting a blocking GC Explicit
08-05 17:45:57.346 27588 27626 I art     : Explicit concurrent mark sweep GC freed 1446(83KB) AllocSpace objects, 1(20KB) LOS objects, 23% free, 53MB/69MB, paused 594us total 27.815ms
08-05 17:45:57.352 13866 13866 I GoogleInputMethodServic: GoogleInputMethodService.onFinishInput():3138 
08-05 17:45:57.353 13866 13866 I GoogleInputMethodServic: GoogleInputMethodService.onStartInput():1808 
08-05 17:45:57.359 27588 27626 I art     : Starting a blocking GC Explicit
08-05 17:45:57.388 27588 27626 I art     : Explicit concurrent mark sweep GC freed 56(2016B) AllocSpace objects, 0(0B) LOS objects, 23% free, 53MB/69MB, paused 637us total 28.928ms
08-05 17:45:57.399 27588 27626 I art     : Starting a blocking GC Explicit
08-05 17:45:57.424 27588 27626 I art     : Explicit concurrent mark sweep GC freed 9(336B) AllocSpace objects, 0(0B) LOS objects, 23% free, 53MB/69MB, paused 589us total 24.703ms
08-05 17:45:57.435 27588 27626 I art     : Starting a blocking GC Explicit
08-05 17:45:57.463 27588 27626 I art     : Explicit concurrent mark sweep GC freed 24(1104B) AllocSpace objects, 0(0B) LOS objects, 23% free, 53MB/69MB, paused 555us total 27.914ms
08-05 17:45:57.477 27588 27626 I art     : Starting a blocking GC Explicit
08-05 17:45:57.510 27588 27626 I art     : Explicit concurrent mark sweep GC freed 19(608B) AllocSpace objects, 0(0B) LOS objects, 23% free, 53MB/69MB, paused 612us total 33.216ms
08-05 17:45:57.646   380   380 W SurfaceFlinger: couldn't log to binary event log: overflow.
08-05 17:45:57.797 27588 27618 I art     : Starting a blocking GC Explicit
08-05 17:45:57.828 27588 27618 I art     : Explicit concurrent mark sweep GC freed 1463(87KB) AllocSpace objects, 1(20KB) LOS objects, 23% free, 53MB/69MB, paused 597us total 30.680ms
08-05 17:45:57.839 27588 27618 I art     : Starting a blocking GC Explicit
08-05 17:45:57.868 27588 27618 I art     : Explicit concurrent mark sweep GC freed 4698(269KB) AllocSpace objects, 2(140KB) LOS objects, 23% free, 52MB/68MB, paused 653us total 28.230ms
08-05 17:45:57.879 27588 27618 I art     : Starting a blocking GC Explicit
08-05 17:45:57.907 27588 27618 I art     : Explicit concurrent mark sweep GC freed 3(96B) AllocSpace objects, 0(0B) LOS objects, 23% free, 52MB/68MB, paused 656us total 27.536ms
08-05 17:45:57.918 27588 27618 I art     : Starting a blocking GC Explicit
08-05 17:45:57.946 27588 27618 I art     : Explicit concurrent mark sweep GC freed 3(96B) AllocSpace objects, 0(0B) LOS objects, 23% free, 52MB/68MB, paused 593us total 27.187ms
08-05 17:45:57.957 27588 27618 I art     : Starting a blocking GC Explicit
08-05 17:45:57.985 27588 27618 I art     : Explicit concurrent mark sweep GC freed 3(96B) AllocSpace objects, 0(0B) LOS objects, 23% free, 52MB/68MB, paused 636us total 27.367ms
08-05 17:45:58.297 27588 27600 I art     : Starting a blocking GC Explicit
08-05 17:45:58.334 27588 27600 I art     : Explicit concurrent mark sweep GC freed 1344(78KB) AllocSpace objects, 1(20KB) LOS objects, 23% free, 52MB/68MB, paused 671us total 36.259ms
08-05 17:45:58.350 27588 27600 I art     : Starting a blocking GC Explicit
08-05 17:45:58.382 27588 27600 I art     : Explicit concurrent mark sweep GC freed 20(704B) AllocSpace objects, 0(0B) LOS objects, 23% free, 52MB/68MB, paused 587us total 31.133ms
08-05 17:45:58.393 27588 27600 I art     : Starting a blocking GC Explicit
08-05 17:45:58.421 27588 27600 I art     : Explicit concurrent mark sweep GC freed 3(96B) AllocSpace objects, 0(0B) LOS objects, 23% free, 52MB/68MB, paused 598us total 27.753ms
08-05 17:45:58.432 27588 27600 I art     : Starting a blocking GC Explicit
08-05 17:45:58.459 27588 27600 I art     : Explicit concurrent mark sweep GC freed 3(96B) AllocSpace objects, 0(0B) LOS objects, 23% free, 52MB/68MB, paused 597us total 26.879ms
08-05 17:45:58.470 27588 27600 I art     : Starting a blocking GC Explicit
08-05 17:45:58.498 27588 27600 I art     : Explicit concurrent mark sweep GC freed 3(96B) AllocSpace objects, 0(0B) LOS objects, 23% free, 52MB/68MB, paused 636us total 27.520ms
08-05 17:45:58.782 27588 27626 I art     : Starting a blocking GC Explicit
08-05 17:45:58.811 27588 27626 I art     : Explicit concurrent mark sweep GC freed 1343(78KB) AllocSpace objects, 1(20KB) LOS objects, 23% free, 52MB/68MB, paused 620us total 29.005ms
08-05 17:45:58.822 27588 27626 I art     : Starting a blocking GC Explicit
08-05 17:45:58.850 27588 27626 I art     : Explicit concurrent mark sweep GC freed 20(704B) AllocSpace objects, 0(0B) LOS objects, 23% free, 52MB/68MB, paused 640us total 27.826ms
08-05 17:45:58.861 27588 27626 I art     : Starting a blocking GC Explicit
08-05 17:45:58.890 27588 27626 I art     : Explicit concurrent mark sweep GC freed 3(96B) AllocSpace objects, 0(0B) LOS objects, 23% free, 52MB/68MB, paused 657us total 28.059ms
08-05 17:45:58.901 27588 27626 I art     : Starting a blocking GC Explicit
08-05 17:45:58.928 27588 27626 I art     : Explicit concurrent mark sweep GC freed 3(96B) AllocSpace objects, 0(0B) LOS objects, 23% free, 52MB/68MB, paused 595us total 26.950ms
08-05 17:45:58.939 27588 27626 I art     : Starting a blocking GC Explicit
08-05 17:45:58.970 27588 27626 I art     : Explicit concurrent mark sweep GC freed 6(192B) AllocSpace objects, 0(0B) LOS objects, 23% free, 52MB/68MB, paused 700us total 30.430ms
08-05 17:45:59.099 30318 30318 D AndroidRuntime: >>>>>> START com.android.internal.os.RuntimeInit uid 2000 <<<<<<
08-05 17:45:59.105 30318 30318 D AndroidRuntime: CheckJNI is OFF
08-05 17:45:59.146 30318 30318 D ICU     : No timezone override file found: /data/misc/zoneinfo/current/icu/icu_tzdata.dat
08-05 17:45:59.188 30318 30318 I Radio-JNI: register_android_hardware_Radio DONE
08-05 17:45:59.217 30318 30318 D AndroidRuntime: Calling main entry com.android.commands.input.Input
08-05 17:45:59.219 30318 30318 I Input   : injectKeyEvent: KeyEvent { action=ACTION_DOWN, keyCode=KEYCODE_BACK, scanCode=0, metaState=0, flags=0x0, repeatCount=0, eventTime=812775632, downTime=812775632, deviceId=-1, source=0x101 }
08-05 17:45:59.223 30318 30318 I Input   : injectKeyEvent: KeyEvent { action=ACTION_UP, keyCode=KEYCODE_BACK, scanCode=0, metaState=0, flags=0x0, repeatCount=0, eventTime=812775632, downTime=812775632, deviceId=-1, source=0x101 }
08-05 17:45:59.229 30318 30318 D AndroidRuntime: Shutting down VM
08-05 17:45:59.270 13866 13866 I GoogleInputMethodServic: GoogleInputMethodService.onFinishInput():3138 
08-05 17:45:59.271 13866 13866 I GoogleInputMethodServic: GoogleInputMethodService.onStartInput():1808 
08-05 17:45:59.287 27588 27618 I art     : Starting a blocking GC Explicit
08-05 17:45:59.314 27588 27618 I art     : Explicit concurrent mark sweep GC freed 1568(87KB) AllocSpace objects, 1(20KB) LOS objects, 23% free, 52MB/68MB, paused 618us total 26.749ms
08-05 17:45:59.324 27588 27618 I art     : Starting a blocking GC Explicit
08-05 17:45:59.348 27588 27618 I art     : Explicit concurrent mark sweep GC freed 25(896B) AllocSpace objects, 0(0B) LOS objects, 23% free, 52MB/68MB, paused 578us total 23.786ms
08-05 17:45:59.358 27588 27618 I art     : Starting a blocking GC Explicit
08-05 17:45:59.383 27588 27618 I art     : Explicit concurrent mark sweep GC freed 3(96B) AllocSpace objects, 0(0B) LOS objects, 23% free, 52MB/68MB, paused 536us total 24.324ms
08-05 17:45:59.396 27588 27618 I art     : Starting a blocking GC Explicit
08-05 17:45:59.427 27588 27618 I art     : Explicit concurrent mark sweep GC freed 3(96B) AllocSpace objects, 0(0B) LOS objects, 23% free, 52MB/68MB, paused 654us total 30.674ms
08-05 17:45:59.439 27588 27618 I art     : Starting a blocking GC Explicit
08-05 17:45:59.466 27588 27618 I art     : Explicit concurrent mark sweep GC freed 3(96B) AllocSpace objects, 0(0B) LOS objects, 23% free, 52MB/68MB, paused 569us total 27.569ms
08-05 17:45:59.565   380   380 W SurfaceFlinger: couldn't log to binary event log: overflow.
08-05 17:45:59.755 27588 27618 I art     : Starting a blocking GC Explicit
08-05 17:45:59.788 27588 27618 I art     : Explicit concurrent mark sweep GC freed 1458(87KB) AllocSpace objects, 1(20KB) LOS objects, 23% free, 52MB/68MB, paused 636us total 33.093ms
08-05 17:45:59.803 27588 27618 I art     : Starting a blocking GC Explicit
08-05 17:45:59.830 27588 27618 I art     : Explicit concurrent mark sweep GC freed 2078(121KB) AllocSpace objects, 2(180KB) LOS objects, 23% free, 52MB/68MB, paused 598us total 26.957ms
08-05 17:45:59.841 27588 27618 I art     : Starting a blocking GC Explicit
08-05 17:45:59.867 27588 27618 I art     : Explicit concurrent mark sweep GC freed 3(96B) AllocSpace objects, 0(0B) LOS objects, 23% free, 52MB/68MB, paused 634us total 26.038ms
08-05 17:45:59.879 27588 27618 I art     : Starting a blocking GC Explicit
08-05 17:45:59.905 27588 27618 I art     : Explicit concurrent mark sweep GC freed 3(96B) AllocSpace objects, 0(0B) LOS objects, 23% free, 52MB/68MB, paused 593us total 26.358ms
08-05 17:45:59.916 27588 27618 I art     : Starting a blocking GC Explicit
08-05 17:45:59.943 27588 27618 I art     : Explicit concurrent mark sweep GC freed 3(96B) AllocSpace objects, 0(0B) LOS objects, 23% free, 52MB/68MB, paused 584us total 26.318ms
08-05 17:46:00.242 27588 27600 I art     : Starting a blocking GC Explicit
08-05 17:46:00.277 27588 27600 I art     : Explicit concurrent mark sweep GC freed 1343(78KB) AllocSpace objects, 1(20KB) LOS objects, 23% free, 52MB/68MB, paused 628us total 34.600ms
08-05 17:46:00.291 27588 27600 I art     : Starting a blocking GC Explicit
08-05 17:46:00.318 27588 27600 I art     : Explicit concurrent mark sweep GC freed 20(704B) AllocSpace objects, 0(0B) LOS objects, 23% free, 52MB/68MB, paused 641us total 25.993ms
08-05 17:46:00.329 27588 27600 I art     : Starting a blocking GC Explicit
08-05 17:46:00.356 27588 27600 I art     : Explicit concurrent mark sweep GC freed 3(96B) AllocSpace objects, 0(0B) LOS objects, 23% free, 52MB/68MB, paused 591us total 26.707ms
08-05 17:46:00.367 27588 27600 I art     : Starting a blocking GC Explicit
08-05 17:46:00.394 27588 27600 I art     : Explicit concurrent mark sweep GC freed 3(96B) AllocSpace objects, 0(0B) LOS objects, 23% free, 52MB/68MB, paused 585us total 26.558ms
08-05 17:46:00.405 27588 27600 I art     : Starting a blocking GC Explicit
08-05 17:46:00.431 27588 27600 I art     : Explicit concurrent mark sweep GC freed 3(96B) AllocSpace objects, 0(0B) LOS objects, 23% free, 52MB/68MB, paused 609us total 25.962ms
08-05 17:46:00.723 27588 27618 I art     : Starting a blocking GC Explicit
08-05 17:46:00.750 27588 27618 I art     : Explicit concurrent mark sweep GC freed 1341(78KB) AllocSpace objects, 1(20KB) LOS objects, 23% free, 52MB/68MB, paused 582us total 25.849ms
08-05 17:46:00.761 27588 27618 I art     : Starting a blocking GC Explicit
08-05 17:46:00.786 27588 27618 I art     : Explicit concurrent mark sweep GC freed 44(1600B) AllocSpace objects, 0(0B) LOS objects, 23% free, 52MB/68MB, paused 592us total 24.977ms
08-05 17:46:00.797 27588 27618 I art     : Starting a blocking GC Explicit
08-05 17:46:00.822 27588 27618 I art     : Explicit concurrent mark sweep GC freed 3(96B) AllocSpace objects, 0(0B) LOS objects, 23% free, 52MB/68MB, paused 628us total 25.330ms
08-05 17:46:00.833 27588 27618 I art     : Starting a blocking GC Explicit
08-05 17:46:00.861 27588 27618 I art     : Explicit concurrent mark sweep GC freed 3(96B) AllocSpace objects, 0(0B) LOS objects, 23% free, 52MB/68MB, paused 598us total 27.187ms
08-05 17:46:00.872 27588 27618 I art     : Starting a blocking GC Explicit
08-05 17:46:00.899 27588 27618 I art     : Explicit concurrent mark sweep GC freed 3(96B) AllocSpace objects, 0(0B) LOS objects, 23% free, 52MB/68MB, paused 574us total 27.376ms
08-05 17:46:01.023 30372 30372 D AndroidRuntime: >>>>>> START com.android.internal.os.RuntimeInit uid 2000 <<<<<<
08-05 17:46:01.030 30372 30372 D AndroidRuntime: CheckJNI is OFF
08-05 17:46:01.076 30372 30372 D ICU     : No timezone override file found: /data/misc/zoneinfo/current/icu/icu_tzdata.dat
08-05 17:46:01.119 30372 30372 I Radio-JNI: register_android_hardware_Radio DONE
08-05 17:46:01.147 30372 30372 D AndroidRuntime: Calling main entry com.android.commands.input.Input
08-05 17:46:01.149 30372 30372 I Input   : injectMotionEvent: MotionEvent { action=ACTION_DOWN, actionButton=0, id[0]=0, x[0]=1084.0, y[0]=2213.0, toolType[0]=TOOL_TYPE_UNKNOWN, buttonState=0, metaState=0, flags=0x0, edgeFlags=0x0, pointerCount=1, historySize=0, eventTime=812777561, downTime=812777561, deviceId=0, source=0x1002 }
08-05 17:46:01.154 30372 30372 I Input   : injectMotionEvent: MotionEvent { action=ACTION_UP, actionButton=0, id[0]=0, x[0]=1084.0, y[0]=2213.0, toolType[0]=TOOL_TYPE_UNKNOWN, buttonState=0, metaState=0, flags=0x0, edgeFlags=0x0, pointerCount=1, historySize=0, eventTime=812777561, downTime=812777561, deviceId=0, source=0x1002 }
08-05 17:46:01.157   918   929 I ActivityManager: START u0 {cmp=baseline.appteam.nith.hillffair/.activities.EventActivity} from uid 10675 on display 0
08-05 17:46:01.163 30372 30372 D AndroidRuntime: Shutting down VM
08-05 17:46:01.221 27588 27626 I art     : Starting a blocking GC Explicit
08-05 17:46:01.239 13866 13866 I GoogleInputMethodServic: GoogleInputMethodService.onFinishInput():3138 
08-05 17:46:01.240 13866 13866 I GoogleInputMethodServic: GoogleInputMethodService.onStartInput():1808 
08-05 17:46:01.248 27588 27626 I art     : Explicit concurrent mark sweep GC freed 6072(366KB) AllocSpace objects, 1(20KB) LOS objects, 23% free, 52MB/68MB, paused 796us total 26.759ms
08-05 17:46:01.261 27588 27626 I art     : Starting a blocking GC Explicit
08-05 17:46:01.269   918   936 I ActivityManager: Displayed baseline.appteam.nith.hillffair/.activities.EventActivity: +105ms
08-05 17:46:01.289 27588 27626 I art     : Explicit concurrent mark sweep GC freed 344(14KB) AllocSpace objects, 0(0B) LOS objects, 23% free, 52MB/68MB, paused 867us total 28.085ms
08-05 17:46:01.301 27588 27626 I art     : Starting a blocking GC Explicit
08-05 17:46:01.327 27588 27626 I art     : Explicit concurrent mark sweep GC freed 20(736B) AllocSpace objects, 0(0B) LOS objects, 23% free, 52MB/68MB, paused 624us total 25.370ms
08-05 17:46:01.338 27588 27626 I art     : Starting a blocking GC Explicit
08-05 17:46:01.363 27588 27626 I art     : Explicit concurrent mark sweep GC freed 3(96B) AllocSpace objects, 0(0B) LOS objects, 23% free, 52MB/68MB, paused 668us total 24.703ms
08-05 17:46:01.374 27588 27626 I art     : Starting a blocking GC Explicit
08-05 17:46:01.400 27588 27626 I art     : Explicit concurrent mark sweep GC freed 3(96B) AllocSpace objects, 0(0B) LOS objects, 23% free, 52MB/68MB, paused 645us total 25.504ms
08-05 17:46:01.501   380   380 W SurfaceFlinger: couldn't log to binary event log: overflow.
08-05 17:46:01.681 27588 27618 I art     : Starting a blocking GC Explicit
08-05 17:46:01.708 27588 27618 I art     : Explicit concurrent mark sweep GC freed 1428(83KB) AllocSpace objects, 1(20KB) LOS objects, 23% free, 52MB/68MB, paused 693us total 26.675ms
08-05 17:46:01.719 27588 27618 I art     : Starting a blocking GC Explicit
08-05 17:46:01.745 27588 27618 I art     : Explicit concurrent mark sweep GC freed 36(1280B) AllocSpace objects, 0(0B) LOS objects, 23% free, 52MB/68MB, paused 638us total 25.807ms
08-05 17:46:01.756 27588 27618 I art     : Starting a blocking GC Explicit
08-05 17:46:01.782 27588 27618 I art     : Explicit concurrent mark sweep GC freed 13(480B) AllocSpace objects, 0(0B) LOS objects, 23% free, 52MB/68MB, paused 643us total 25.422ms
08-05 17:46:01.792 27588 27618 I art     : Starting a blocking GC Explicit
08-05 17:46:01.819 27588 27618 I art     : Explicit concurrent mark sweep GC freed 15(560B) AllocSpace objects, 0(0B) LOS objects, 23% free, 52MB/68MB, paused 742us total 26.227ms
08-05 17:46:01.829 27588 27618 I art     : Starting a blocking GC Explicit
08-05 17:46:01.858 27588 27618 I art     : Explicit concurrent mark sweep GC freed 2499(129KB) AllocSpace objects, 3(200KB) LOS objects, 23% free, 52MB/68MB, paused 1.092ms total 28.757ms
08-05 17:46:01.865 27588 30406 D OkHttp  : --> GET https://api-hillfair-2k16.herokuapp.com/api/app/club http/1.1
08-05 17:46:01.908 27588 30406 D OkHttp  : <-- 200 OK https://api-hillfair-2k16.herokuapp.com/api/app/club (42ms, 1870-byte body)
08-05 17:46:01.919 27588 27588 I NAPPA_EXPERIMENTATION: MetricNetworkRequestExecutionTime: REQUEST_DURATION_SYSTEM='723',REQUEST_DURATION_OKHTTP='43',REQUEST_SYNCHRONOUS='FALSE',RESPONSE_CODE='200',RESPONSE_METHOD='GET',RESPONSE_LENGTH_OKHTTP='1870',RESPONSE_LENGTH_HEADER='1870',REQUEST_PROTOCOL='http/1.1',REQUEST_URL='https://api-hillfair-2k16.herokuapp.com/api/app/club',
08-05 17:46:02.136 27588 27626 I art     : Starting a blocking GC Explicit
08-05 17:46:02.165 27588 27626 I art     : Explicit concurrent mark sweep GC freed 5539(552KB) AllocSpace objects, 1(20KB) LOS objects, 23% free, 53MB/69MB, paused 866us total 28.991ms
08-05 17:46:02.176 27588 27626 I art     : Starting a blocking GC Explicit
08-05 17:46:02.182 26632 26632 I ServiceManager: Waiting for service AtCmdFwd...
08-05 17:46:02.203 27588 27626 I art     : Explicit concurrent mark sweep GC freed 295(10KB) AllocSpace objects, 0(0B) LOS objects, 23% free, 53MB/69MB, paused 772us total 26.809ms
08-05 17:46:02.214 27588 27626 I art     : Starting a blocking GC Explicit
08-05 17:46:02.242 27588 27626 I art     : Explicit concurrent mark sweep GC freed 3(96B) AllocSpace objects, 0(0B) LOS objects, 23% free, 53MB/69MB, paused 832us total 27.758ms
08-05 17:46:02.254 27588 27626 I art     : Starting a blocking GC Explicit
08-05 17:46:02.283 27588 27626 I art     : Explicit concurrent mark sweep GC freed 3(96B) AllocSpace objects, 0(0B) LOS objects, 23% free, 53MB/69MB, paused 835us total 29.095ms
08-05 17:46:02.294 27588 27626 I art     : Starting a blocking GC Explicit
08-05 17:46:02.323 27588 27626 I art     : Explicit concurrent mark sweep GC freed 3(96B) AllocSpace objects, 0(0B) LOS objects, 23% free, 53MB/69MB, paused 824us total 28.937ms
08-05 17:46:02.633 27588 27600 I art     : Starting a blocking GC Explicit
08-05 17:46:02.667 27588 27600 I art     : Explicit concurrent mark sweep GC freed 8793(372KB) AllocSpace objects, 1(20KB) LOS objects, 23% free, 53MB/69MB, paused 1.201ms total 33.782ms
08-05 17:46:02.685 27588 27600 I art     : Starting a blocking GC Explicit
08-05 17:46:02.714 27588 27600 I art     : Explicit concurrent mark sweep GC freed 785(113KB) AllocSpace objects, 0(0B) LOS objects, 23% free, 53MB/69MB, paused 812us total 28.091ms
08-05 17:46:02.724 27588 27600 I art     : Starting a blocking GC Explicit
08-05 17:46:02.751 27588 27600 I art     : Explicit concurrent mark sweep GC freed 144(65KB) AllocSpace objects, 0(0B) LOS objects, 23% free, 53MB/69MB, paused 674us total 26.106ms
08-05 17:46:02.761 27588 27600 I art     : Starting a blocking GC Explicit
08-05 17:46:02.787 27588 27600 I art     : Explicit concurrent mark sweep GC freed 39(17KB) AllocSpace objects, 0(0B) LOS objects, 23% free, 53MB/69MB, paused 597us total 24.925ms
08-05 17:46:02.797 27588 27600 I art     : Starting a blocking GC Explicit
08-05 17:46:02.825 27588 27600 I art     : Explicit concurrent mark sweep GC freed 9(288B) AllocSpace objects, 0(0B) LOS objects, 23% free, 53MB/69MB, paused 647us total 27.157ms
08-05 17:46:03.151 27588 27618 I art     : Starting a blocking GC Explicit
08-05 17:46:03.183 26632 26632 I ServiceManager: Waiting for service AtCmdFwd...
08-05 17:46:03.191 27588 27618 I art     : Explicit concurrent mark sweep GC freed 1344(78KB) AllocSpace objects, 1(20KB) LOS objects, 23% free, 53MB/69MB, paused 784us total 39.133ms
08-05 17:46:03.208 27588 27618 I art     : Starting a blocking GC Explicit
08-05 17:46:03.243 27588 27618 I art     : Explicit concurrent mark sweep GC freed 20(704B) AllocSpace objects, 0(0B) LOS objects, 23% free, 53MB/69MB, paused 694us total 35.191ms
08-05 17:46:03.256 27588 27618 I art     : Starting a blocking GC Explicit
08-05 17:46:03.287 27588 27618 I art     : Explicit concurrent mark sweep GC freed 3(96B) AllocSpace objects, 0(0B) LOS objects, 23% free, 53MB/69MB, paused 675us total 30.141ms
08-05 17:46:03.299 27588 27618 I art     : Starting a blocking GC Explicit
08-05 17:46:03.330 27588 27618 I art     : Explicit concurrent mark sweep GC freed 3(96B) AllocSpace objects, 0(0B) LOS objects, 23% free, 53MB/69MB, paused 693us total 30.964ms
08-05 17:46:03.342 27588 27618 I art     : Starting a blocking GC Explicit
08-05 17:46:03.374 27588 27618 I art     : Explicit concurrent mark sweep GC freed 3(96B) AllocSpace objects, 0(0B) LOS objects, 23% free, 53MB/69MB, paused 684us total 32.130ms
08-05 17:46:03.706 27588 29335 I art     : Starting a blocking GC Explicit
08-05 17:46:03.741 27588 29335 I art     : Explicit concurrent mark sweep GC freed 1344(78KB) AllocSpace objects, 1(20KB) LOS objects, 23% free, 53MB/69MB, paused 679us total 35.466ms
08-05 17:46:03.753 27588 29335 I art     : Starting a blocking GC Explicit
08-05 17:46:03.784 27588 29335 I art     : Explicit concurrent mark sweep GC freed 20(704B) AllocSpace objects, 0(0B) LOS objects, 23% free, 53MB/69MB, paused 690us total 30.817ms
08-05 17:46:03.796 27588 29335 I art     : Starting a blocking GC Explicit
08-05 17:46:03.828 27588 29335 I art     : Explicit concurrent mark sweep GC freed 3(96B) AllocSpace objects, 0(0B) LOS objects, 23% free, 53MB/69MB, paused 722us total 31.139ms
08-05 17:46:03.828 27588 27599 I art     : WaitForGcToComplete blocked for 16.158ms for cause HeapTrim
08-05 17:46:03.840 27588 29335 I art     : Starting a blocking GC Explicit
08-05 17:46:03.871 27588 29335 I art     : Explicit concurrent mark sweep GC freed 3(96B) AllocSpace objects, 0(0B) LOS objects, 23% free, 53MB/69MB, paused 664us total 31.071ms
08-05 17:46:03.883 27588 29335 I art     : Starting a blocking GC Explicit
08-05 17:46:03.914 27588 29335 I art     : Explicit concurrent mark sweep GC freed 3(96B) AllocSpace objects, 0(0B) LOS objects, 23% free, 53MB/69MB, paused 679us total 31.538ms
08-05 17:46:04.183 26632 26632 I ServiceManager: Waiting for service AtCmdFwd...
08-05 17:46:04.248 27588 27601 I art     : Starting a blocking GC Explicit
08-05 17:46:04.284 27588 27601 I art     : Explicit concurrent mark sweep GC freed 1344(78KB) AllocSpace objects, 1(20KB) LOS objects, 23% free, 53MB/69MB, paused 718us total 35.915ms
08-05 17:46:04.298 27588 27601 I art     : Starting a blocking GC Explicit
08-05 17:46:04.334 27588 27601 I art     : Explicit concurrent mark sweep GC freed 20(704B) AllocSpace objects, 0(0B) LOS objects, 23% free, 53MB/69MB, paused 702us total 35.281ms
08-05 17:46:04.347 27588 27601 I art     : Starting a blocking GC Explicit
08-05 17:46:04.379 27588 27601 I art     : Explicit concurrent mark sweep GC freed 3(96B) AllocSpace objects, 0(0B) LOS objects, 23% free, 53MB/69MB, paused 695us total 30.933ms
08-05 17:46:04.390 27588 27601 I art     : Starting a blocking GC Explicit
08-05 17:46:04.422 27588 27601 I art     : Explicit concurrent mark sweep GC freed 3(96B) AllocSpace objects, 0(0B) LOS objects, 23% free, 53MB/69MB, paused 637us total 31.478ms
08-05 17:46:04.434 27588 27601 I art     : Starting a blocking GC Explicit
08-05 17:46:04.466 27588 27601 I art     : Explicit concurrent mark sweep GC freed 3(96B) AllocSpace objects, 0(0B) LOS objects, 23% free, 53MB/69MB, paused 640us total 32.046ms
08-05 17:46:04.819 27588 27626 I art     : Starting a blocking GC Explicit
08-05 17:46:04.857 27588 27626 I art     : Explicit concurrent mark sweep GC freed 1344(78KB) AllocSpace objects, 1(20KB) LOS objects, 23% free, 53MB/69MB, paused 742us total 37.731ms
08-05 17:46:04.874 27588 27626 I art     : Starting a blocking GC Explicit
08-05 17:46:04.906 27588 27626 I art     : Explicit concurrent mark sweep GC freed 20(704B) AllocSpace objects, 0(0B) LOS objects, 23% free, 53MB/69MB, paused 682us total 31.648ms
08-05 17:46:04.918 27588 27626 I art     : Starting a blocking GC Explicit
08-05 17:46:04.949 27588 27626 I art     : Explicit concurrent mark sweep GC freed 3(96B) AllocSpace objects, 0(0B) LOS objects, 23% free, 53MB/69MB, paused 692us total 31.214ms
08-05 17:46:04.961 27588 27626 I art     : Starting a blocking GC Explicit
08-05 17:46:04.991 27588 27626 I art     : Explicit concurrent mark sweep GC freed 3(96B) AllocSpace objects, 0(0B) LOS objects, 23% free, 53MB/69MB, paused 649us total 29.847ms
08-05 17:46:05.003 27588 27626 I art     : Starting a blocking GC Explicit
08-05 17:46:05.034 27588 27626 I art     : Explicit concurrent mark sweep GC freed 3(96B) AllocSpace objects, 0(0B) LOS objects, 23% free, 53MB/69MB, paused 671us total 30.895ms
08-05 17:46:05.184 26632 26632 I ServiceManager: Waiting for service AtCmdFwd...
08-05 17:46:05.380 27588 27600 I art     : Starting a blocking GC Explicit
08-05 17:46:05.418 27588 27600 I art     : Explicit concurrent mark sweep GC freed 1344(78KB) AllocSpace objects, 1(20KB) LOS objects, 23% free, 53MB/69MB, paused 745us total 38.471ms
08-05 17:46:05.432 27588 27600 I art     : Starting a blocking GC Explicit
08-05 17:46:05.461 27588 27600 I art     : Explicit concurrent mark sweep GC freed 20(704B) AllocSpace objects, 0(0B) LOS objects, 23% free, 53MB/69MB, paused 661us total 28.590ms
08-05 17:46:05.473 27588 27600 I art     : Starting a blocking GC Explicit
08-05 17:46:05.504 27588 27600 I art     : Explicit concurrent mark sweep GC freed 3(96B) AllocSpace objects, 0(0B) LOS objects, 23% free, 53MB/69MB, paused 675us total 31.361ms
08-05 17:46:05.516 27588 27600 I art     : Starting a blocking GC Explicit
08-05 17:46:05.548 27588 27600 I art     : Explicit concurrent mark sweep GC freed 3(96B) AllocSpace objects, 0(0B) LOS objects, 23% free, 53MB/69MB, paused 745us total 30.989ms
08-05 17:46:05.560 27588 27600 I art     : Starting a blocking GC Explicit
08-05 17:46:05.591 27588 27600 I art     : Explicit concurrent mark sweep GC freed 3(96B) AllocSpace objects, 0(0B) LOS objects, 23% free, 53MB/69MB, paused 644us total 31.036ms
08-05 17:46:05.940  5179  5194 D QcrilMsgTunnelSocket: readRilMessage: Buffer = [B@671e81d HexData = [010000000404000011000000514f454d484f4f4bef0308000100000003]
08-05 17:46:05.940  5179  5194 D QcrilMsgTunnelSocket: Rcvd UNSOL response with 28 bytes data for SUB0
08-05 17:46:05.940  5179  5194 D QcrilMsgTunnelSocket: Response ID 525295 is not served in this process.
08-05 17:46:05.940  5179  5194 D QcrilMsgTunnelSocket: To broadcast an Intent via the notifier to external apps
08-05 17:46:05.940  5179  5179 D QcrilMsgTunnelIfaceManager: handleMessage what = 0
08-05 17:46:05.940  5179  5179 D QcrilMsgTunnelIfaceManager: Broadcasting intent ACTION_UNSOL_RESPONSE_OEM_HOOK_RAW
08-05 17:46:05.942  5164  5164 D QC_RIL_OEM_HOOK: Received Broadcast Intent ACTION_UNSOL_RESPONSE_OEM_HOOK_RAW
08-05 17:46:05.943  5164  5164 D QC_RIL_OEM_HOOK: Oem ID in QCRILHOOK UNSOL RESP is QOEMHOOK
08-05 17:46:05.954 27588 27618 I art     : Starting a blocking GC Explicit
08-05 17:46:05.987 27588 27618 I art     : Explicit concurrent mark sweep GC freed 1344(78KB) AllocSpace objects, 1(20KB) LOS objects, 23% free, 53MB/69MB, paused 656us total 32.480ms
08-05 17:46:05.998 27588 27618 I art     : Starting a blocking GC Explicit
08-05 17:46:06.028 27588 27618 I art     : Explicit concurrent mark sweep GC freed 20(704B) AllocSpace objects, 0(0B) LOS objects, 23% free, 53MB/69MB, paused 692us total 29.448ms
08-05 17:46:06.040 27588 27618 I art     : Starting a blocking GC Explicit
08-05 17:46:06.072 27588 27618 I art     : Explicit concurrent mark sweep GC freed 3(96B) AllocSpace objects, 0(0B) LOS objects, 23% free, 53MB/69MB, paused 686us total 32.084ms
08-05 17:46:06.084 27588 27618 I art     : Starting a blocking GC Explicit
08-05 17:46:06.114 27588 27618 I art     : Explicit concurrent mark sweep GC freed 3(96B) AllocSpace objects, 0(0B) LOS objects, 23% free, 53MB/69MB, paused 666us total 29.194ms
08-05 17:46:06.125 27588 27618 I art     : Starting a blocking GC Explicit
08-05 17:46:06.157 27588 27618 I art     : Explicit concurrent mark sweep GC freed 3(96B) AllocSpace objects, 0(0B) LOS objects, 23% free, 53MB/69MB, paused 740us total 31.420ms
08-05 17:46:06.185 26632 26632 I ServiceManager: Waiting for service AtCmdFwd...
08-05 17:46:06.242   918  3188 I hubconnection: sensorhub said: 'set_bias 3: -5.5296, 0.0000, 0.0000'
08-05 17:46:06.496 27588 29335 I art     : Starting a blocking GC Explicit
08-05 17:46:06.534 27588 29335 I art     : Explicit concurrent mark sweep GC freed 1344(78KB) AllocSpace objects, 1(20KB) LOS objects, 23% free, 53MB/69MB, paused 732us total 37.441ms
08-05 17:46:06.548 27588 29335 I art     : Starting a blocking GC Explicit
08-05 17:46:06.578 27588 29335 I art     : Explicit concurrent mark sweep GC freed 20(704B) AllocSpace objects, 0(0B) LOS objects, 23% free, 53MB/69MB, paused 675us total 30.655ms
08-05 17:46:06.590 27588 29335 I art     : Starting a blocking GC Explicit
08-05 17:46:06.622 27588 29335 I art     : Explicit concurrent mark sweep GC freed 3(96B) AllocSpace objects, 0(0B) LOS objects, 23% free, 53MB/69MB, paused 690us total 31.832ms
08-05 17:46:06.634 27588 29335 I art     : Starting a blocking GC Explicit
08-05 17:46:06.666 27588 29335 I art     : Explicit concurrent mark sweep GC freed 3(96B) AllocSpace objects, 0(0B) LOS objects, 23% free, 53MB/69MB, paused 690us total 32ms
08-05 17:46:06.678 27588 29335 I art     : Starting a blocking GC Explicit
08-05 17:46:06.708 27588 29335 I art     : Explicit concurrent mark sweep GC freed 3(96B) AllocSpace objects, 0(0B) LOS objects, 23% free, 53MB/69MB, paused 662us total 29.754ms
08-05 17:46:07.074 27588 27601 I art     : Starting a blocking GC Explicit
08-05 17:46:07.106 27588 27601 I art     : Explicit concurrent mark sweep GC freed 1344(78KB) AllocSpace objects, 1(20KB) LOS objects, 23% free, 53MB/69MB, paused 662us total 31.996ms
08-05 17:46:07.118 27588 27601 I art     : Starting a blocking GC Explicit
08-05 17:46:07.147 27588 27601 I art     : Explicit concurrent mark sweep GC freed 20(704B) AllocSpace objects, 0(0B) LOS objects, 23% free, 53MB/69MB, paused 722us total 28.929ms
08-05 17:46:07.159 27588 27601 I art     : Starting a blocking GC Explicit
08-05 17:46:07.186 26632 26632 W Atfwd_Sendcmd: AtCmdFwd service not published, waiting... retryCnt : 2
08-05 17:46:07.190 27588 27601 I art     : Explicit concurrent mark sweep GC freed 3(96B) AllocSpace objects, 0(0B) LOS objects, 23% free, 53MB/69MB, paused 651us total 30.911ms
08-05 17:46:07.202 27588 27601 I art     : Starting a blocking GC Explicit
08-05 17:46:07.232 27588 27601 I art     : Explicit concurrent mark sweep GC freed 3(96B) AllocSpace objects, 0(0B) LOS objects, 23% free, 53MB/69MB, paused 635us total 30.039ms
08-05 17:46:07.244 27588 27601 I art     : Starting a blocking GC Explicit
08-05 17:46:07.276 27588 27601 I art     : Explicit concurrent mark sweep GC freed 3(96B) AllocSpace objects, 0(0B) LOS objects, 23% free, 53MB/69MB, paused 675us total 31.966ms
08-05 17:46:07.620 27588 27626 I art     : Starting a blocking GC Explicit
08-05 17:46:07.659 27588 27626 I art     : Explicit concurrent mark sweep GC freed 1344(78KB) AllocSpace objects, 1(20KB) LOS objects, 23% free, 53MB/69MB, paused 806us total 38.512ms
08-05 17:46:07.675 27588 27626 I art     : Starting a blocking GC Explicit
08-05 17:46:07.704 27588 27626 I art     : Explicit concurrent mark sweep GC freed 20(704B) AllocSpace objects, 0(0B) LOS objects, 23% free, 53MB/69MB, paused 646us total 28.834ms
08-05 17:46:07.716 27588 27626 I art     : Starting a blocking GC Explicit
08-05 17:46:07.748 27588 27626 I art     : Explicit concurrent mark sweep GC freed 3(96B) AllocSpace objects, 0(0B) LOS objects, 23% free, 53MB/69MB, paused 860us total 31.454ms
08-05 17:46:07.760 27588 27626 I art     : Starting a blocking GC Explicit
08-05 17:46:07.791 27588 27626 I art     : Explicit concurrent mark sweep GC freed 3(96B) AllocSpace objects, 0(0B) LOS objects, 23% free, 53MB/69MB, paused 629us total 31.280ms
08-05 17:46:07.803 27588 27626 I art     : Starting a blocking GC Explicit
08-05 17:46:07.834 27588 27626 I art     : Explicit concurrent mark sweep GC freed 3(96B) AllocSpace objects, 0(0B) LOS objects, 23% free, 53MB/69MB, paused 644us total 30.578ms
08-05 17:46:08.188 27588 27600 I art     : Starting a blocking GC Explicit
08-05 17:46:08.219 27588 27600 I art     : Explicit concurrent mark sweep GC freed 1344(78KB) AllocSpace objects, 1(20KB) LOS objects, 23% free, 53MB/69MB, paused 682us total 30.958ms
08-05 17:46:08.230 27588 27600 I art     : Starting a blocking GC Explicit
08-05 17:46:08.260 27588 27600 I art     : Explicit concurrent mark sweep GC freed 20(704B) AllocSpace objects, 0(0B) LOS objects, 23% free, 53MB/69MB, paused 684us total 30.021ms
08-05 17:46:08.272 27588 27600 I art     : Starting a blocking GC Explicit
08-05 17:46:08.304 27588 27600 I art     : Explicit concurrent mark sweep GC freed 3(96B) AllocSpace objects, 0(0B) LOS objects, 23% free, 53MB/69MB, paused 680us total 30.873ms
08-05 17:46:08.315 27588 27600 I art     : Starting a blocking GC Explicit
08-05 17:46:08.345 27588 27600 I art     : Explicit concurrent mark sweep GC freed 3(96B) AllocSpace objects, 0(0B) LOS objects, 23% free, 53MB/69MB, paused 666us total 30.003ms
08-05 17:46:08.358 27588 27600 I art     : Starting a blocking GC Explicit
08-05 17:46:08.390 27588 27600 I art     : Explicit concurrent mark sweep GC freed 3(96B) AllocSpace objects, 0(0B) LOS objects, 23% free, 53MB/69MB, paused 678us total 31.840ms
08-05 17:46:08.725 27588 27618 I art     : Starting a blocking GC Explicit
08-05 17:46:08.760 27588 27618 I art     : Explicit concurrent mark sweep GC freed 1344(78KB) AllocSpace objects, 1(20KB) LOS objects, 23% free, 53MB/69MB, paused 712us total 34.474ms
08-05 17:46:08.774 27588 27618 I art     : Starting a blocking GC Explicit
08-05 17:46:08.803 27588 27618 I art     : Explicit concurrent mark sweep GC freed 20(704B) AllocSpace objects, 0(0B) LOS objects, 23% free, 53MB/69MB, paused 660us total 28.280ms
08-05 17:46:08.814 27588 27618 I art     : Starting a blocking GC Explicit
08-05 17:46:08.846 27588 27618 I art     : Explicit concurrent mark sweep GC freed 3(96B) AllocSpace objects, 0(0B) LOS objects, 23% free, 53MB/69MB, paused 694us total 31.719ms
08-05 17:46:08.858 27588 27618 I art     : Starting a blocking GC Explicit
08-05 17:46:08.890 27588 27618 I art     : Explicit concurrent mark sweep GC freed 3(96B) AllocSpace objects, 0(0B) LOS objects, 23% free, 53MB/69MB, paused 680us total 31.671ms
08-05 17:46:08.890 27588 27599 I art     : WaitForGcToComplete blocked for 18.213ms for cause HeapTrim
08-05 17:46:08.902 27588 27618 I art     : Starting a blocking GC Explicit
08-05 17:46:08.933 27588 27618 I art     : Explicit concurrent mark sweep GC freed 3(96B) AllocSpace objects, 0(0B) LOS objects, 23% free, 53MB/69MB, paused 653us total 31.211ms
08-05 17:46:09.249   918  3261 D WifiStateMachine: starting scan for "H369AA63323"WPA_PSK with 2412,5180
08-05 17:46:09.257 27588 29335 I art     : Starting a blocking GC Explicit
08-05 17:46:09.297 27588 29335 I art     : Explicit concurrent mark sweep GC freed 1344(78KB) AllocSpace objects, 1(20KB) LOS objects, 23% free, 53MB/69MB, paused 706us total 39.454ms
08-05 17:46:09.315 27588 29335 I art     : Starting a blocking GC Explicit
08-05 17:46:09.345 27588 29335 I art     : Explicit concurrent mark sweep GC freed 20(704B) AllocSpace objects, 0(0B) LOS objects, 23% free, 53MB/69MB, paused 686us total 29.615ms
08-05 17:46:09.356 27588 29335 I art     : Starting a blocking GC Explicit
08-05 17:46:09.388 27588 29335 I art     : Explicit concurrent mark sweep GC freed 3(96B) AllocSpace objects, 0(0B) LOS objects, 23% free, 53MB/69MB, paused 720us total 31.099ms
08-05 17:46:09.400 27588 29335 I art     : Starting a blocking GC Explicit
08-05 17:46:09.428 27588 29335 I art     : Explicit concurrent mark sweep GC freed 3(96B) AllocSpace objects, 0(0B) LOS objects, 23% free, 53MB/69MB, paused 642us total 28.443ms
08-05 17:46:09.440 27588 29335 I art     : Starting a blocking GC Explicit
08-05 17:46:09.467 27588 29335 I art     : Explicit concurrent mark sweep GC freed 3(96B) AllocSpace objects, 0(0B) LOS objects, 23% free, 53MB/69MB, paused 675us total 27.423ms
08-05 17:46:09.792 27588 27601 I art     : Starting a blocking GC Explicit
08-05 17:46:09.822 27588 27601 I art     : Explicit concurrent mark sweep GC freed 1344(78KB) AllocSpace objects, 1(20KB) LOS objects, 23% free, 53MB/69MB, paused 658us total 29.640ms
08-05 17:46:09.833 27588 27601 I art     : Starting a blocking GC Explicit
08-05 17:46:09.864 27588 27601 I art     : Explicit concurrent mark sweep GC freed 20(704B) AllocSpace objects, 0(0B) LOS objects, 23% free, 53MB/69MB, paused 694us total 30.170ms
08-05 17:46:09.875 27588 27601 I art     : Starting a blocking GC Explicit
08-05 17:46:09.904 27588 27601 I art     : Explicit concurrent mark sweep GC freed 3(96B) AllocSpace objects, 0(0B) LOS objects, 23% free, 53MB/69MB, paused 685us total 28.785ms
08-05 17:46:09.916 27588 27601 I art     : Starting a blocking GC Explicit
08-05 17:46:09.946 27588 27601 I art     : Explicit concurrent mark sweep GC freed 3(96B) AllocSpace objects, 0(0B) LOS objects, 23% free, 53MB/69MB, paused 686us total 30.134ms
08-05 17:46:09.958 27588 27601 I art     : Starting a blocking GC Explicit
08-05 17:46:09.979 30574 30574 D AndroidRuntime: >>>>>> START com.android.internal.os.RuntimeInit uid 2000 <<<<<<
08-05 17:46:09.985 30574 30574 D AndroidRuntime: CheckJNI is OFF
08-05 17:46:09.988 27588 27601 I art     : Explicit concurrent mark sweep GC freed 3(96B) AllocSpace objects, 0(0B) LOS objects, 23% free, 53MB/69MB, paused 732us total 29.801ms
08-05 17:46:10.028 30574 30574 D ICU     : No timezone override file found: /data/misc/zoneinfo/current/icu/icu_tzdata.dat
08-05 17:46:10.073 30574 30574 I Radio-JNI: register_android_hardware_Radio DONE
08-05 17:46:10.102 30574 30574 D AndroidRuntime: Calling main entry com.android.commands.input.Input
08-05 17:46:10.105 30574 30574 I Input   : injectMotionEvent: MotionEvent { action=ACTION_DOWN, actionButton=0, id[0]=0, x[0]=369.0, y[0]=554.0, toolType[0]=TOOL_TYPE_UNKNOWN, buttonState=0, metaState=0, flags=0x0, edgeFlags=0x0, pointerCount=1, historySize=0, eventTime=812786518, downTime=812786518, deviceId=0, source=0x1002 }
08-05 17:46:10.112 30574 30574 I Input   : injectMotionEvent: MotionEvent { action=ACTION_UP, actionButton=0, id[0]=0, x[0]=369.0, y[0]=554.0, toolType[0]=TOOL_TYPE_UNKNOWN, buttonState=0, metaState=0, flags=0x0, edgeFlags=0x0, pointerCount=1, historySize=0, eventTime=812786518, downTime=812786518, deviceId=0, source=0x1002 }
08-05 17:46:10.113   918  3670 I ActivityManager: START u0 {cmp=baseline.appteam.nith.hillffair/.activities.ClubActivity (has extras)} from uid 10675 on display 0
08-05 17:46:10.120 30574 30574 D AndroidRuntime: Shutting down VM
08-05 17:46:10.217   918   936 I ActivityManager: Displayed baseline.appteam.nith.hillffair/.activities.ClubActivity: +97ms
08-05 17:46:10.218 13866 13866 I GoogleInputMethodServic: GoogleInputMethodService.onFinishInput():3138 
08-05 17:46:10.218 13866 13866 I GoogleInputMethodServic: GoogleInputMethodService.onStartInput():1808 
08-05 17:46:10.281 27588 27600 I art     : Starting a blocking GC Explicit
08-05 17:46:10.310 27588 27600 I art     : Explicit concurrent mark sweep GC freed 5183(312KB) AllocSpace objects, 1(20KB) LOS objects, 23% free, 53MB/69MB, paused 694us total 28.511ms
08-05 17:46:10.321 27588 27600 I art     : Starting a blocking GC Explicit
08-05 17:46:10.354 27588 27600 I art     : Explicit concurrent mark sweep GC freed 222(10KB) AllocSpace objects, 0(0B) LOS objects, 23% free, 53MB/69MB, paused 706us total 33.064ms
08-05 17:46:10.368 27588 27600 I art     : Starting a blocking GC Explicit
08-05 17:46:10.402 27588 27600 I art     : Explicit concurrent mark sweep GC freed 3(96B) AllocSpace objects, 0(0B) LOS objects, 23% free, 53MB/69MB, paused 997us total 33.514ms
08-05 17:46:10.415 27588 27600 I art     : Starting a blocking GC Explicit
08-05 17:46:10.449 27588 27600 I art     : Explicit concurrent mark sweep GC freed 3(96B) AllocSpace objects, 0(0B) LOS objects, 23% free, 53MB/69MB, paused 756us total 33.481ms
08-05 17:46:10.461 27588 27600 I art     : Starting a blocking GC Explicit
08-05 17:46:10.477   380   380 W SurfaceFlinger: couldn't log to binary event log: overflow.
08-05 17:46:10.493 27588 27600 I art     : Explicit concurrent mark sweep GC freed 3(96B) AllocSpace objects, 0(0B) LOS objects, 23% free, 53MB/69MB, paused 720us total 31.757ms
08-05 17:46:10.769 27588 30602 D OkHttp  : --> GET https://api-hillfair-2k16.herokuapp.com/api/app/club/PR%20Club http/1.1
08-05 17:46:10.796 27588 27618 I art     : Starting a blocking GC Explicit
08-05 17:46:10.808 27588 30602 D OkHttp  : <-- 200 OK https://api-hillfair-2k16.herokuapp.com/api/app/club/PR%20Club (37ms, 979-byte body)
08-05 17:46:10.828 27588 27618 I art     : Explicit concurrent mark sweep GC freed 4251(254KB) AllocSpace objects, 4(220KB) LOS objects, 22% free, 53MB/69MB, paused 888us total 31.613ms
08-05 17:46:10.839 27588 27618 I art     : Starting a blocking GC Explicit
08-05 17:46:10.862 27588 27588 I NAPPA_EXPERIMENTATION: MetricNetworkRequestExecutionTime: REQUEST_DURATION_SYSTEM='707',REQUEST_DURATION_OKHTTP='38',REQUEST_SYNCHRONOUS='FALSE',RESPONSE_CODE='200',RESPONSE_METHOD='GET',RESPONSE_LENGTH_OKHTTP='979',RESPONSE_LENGTH_HEADER='979',REQUEST_PROTOCOL='http/1.1',REQUEST_URL='https://api-hillfair-2k16.herokuapp.com/api/app/club/PR%20Club',
08-05 17:46:10.869 27588 27618 I art     : Explicit concurrent mark sweep GC freed 1182(140KB) AllocSpace objects, 0(0B) LOS objects, 22% free, 53MB/69MB, paused 798us total 28.998ms
08-05 17:46:10.880 27588 27618 I art     : Starting a blocking GC Explicit
08-05 17:46:10.907 27588 27618 I art     : Explicit concurrent mark sweep GC freed 491(75KB) AllocSpace objects, 0(0B) LOS objects, 22% free, 53MB/69MB, paused 654us total 26.718ms
08-05 17:46:10.919 27588 27618 I art     : Starting a blocking GC Explicit
08-05 17:46:10.948 27588 27618 I art     : Explicit concurrent mark sweep GC freed 42(3KB) AllocSpace objects, 0(0B) LOS objects, 22% free, 53MB/69MB, paused 656us total 28.191ms
08-05 17:46:10.960 27588 27618 I art     : Starting a blocking GC Explicit
08-05 17:46:10.989 27588 27618 I art     : Explicit concurrent mark sweep GC freed 3(96B) AllocSpace objects, 0(0B) LOS objects, 22% free, 53MB/69MB, paused 679us total 29.066ms
08-05 17:46:11.294 27588 29335 I art     : Starting a blocking GC Explicit
08-05 17:46:11.327 27588 29335 I art     : Explicit concurrent mark sweep GC freed 1365(79KB) AllocSpace objects, 1(20KB) LOS objects, 22% free, 53MB/69MB, paused 657us total 31.917ms
08-05 17:46:11.338 27588 29335 I art     : Starting a blocking GC Explicit
08-05 17:46:11.367 27588 29335 I art     : Explicit concurrent mark sweep GC freed 52(1776B) AllocSpace objects, 0(0B) LOS objects, 22% free, 53MB/69MB, paused 653us total 28.495ms
08-05 17:46:11.378 27588 29335 I art     : Starting a blocking GC Explicit
08-05 17:46:11.407 27588 29335 I art     : Explicit concurrent mark sweep GC freed 3(96B) AllocSpace objects, 0(0B) LOS objects, 22% free, 53MB/69MB, paused 690us total 29.356ms
08-05 17:46:11.419 27588 29335 I art     : Starting a blocking GC Explicit
08-05 17:46:11.449 27588 29335 I art     : Explicit concurrent mark sweep GC freed 3(96B) AllocSpace objects, 0(0B) LOS objects, 22% free, 53MB/69MB, paused 664us total 29.397ms
08-05 17:46:11.460 27588 29335 I art     : Starting a blocking GC Explicit
08-05 17:46:11.490 27588 29335 I art     : Explicit concurrent mark sweep GC freed 3(96B) AllocSpace objects, 0(0B) LOS objects, 22% free, 53MB/69MB, paused 661us total 29.777ms
08-05 17:46:11.801 27588 27618 I art     : Starting a blocking GC Explicit
08-05 17:46:11.840 27588 27618 I art     : Explicit concurrent mark sweep GC freed 1344(78KB) AllocSpace objects, 1(20KB) LOS objects, 22% free, 53MB/69MB, paused 713us total 38.297ms
08-05 17:46:11.853 27588 27618 I art     : Starting a blocking GC Explicit
08-05 17:46:11.885 27588 27618 I art     : Explicit concurrent mark sweep GC freed 20(704B) AllocSpace objects, 0(0B) LOS objects, 22% free, 53MB/69MB, paused 672us total 31.101ms
08-05 17:46:11.897 27588 27618 I art     : Starting a blocking GC Explicit
08-05 17:46:11.929 27588 27618 I art     : Explicit concurrent mark sweep GC freed 3(96B) AllocSpace objects, 0(0B) LOS objects, 22% free, 53MB/69MB, paused 675us total 32.682ms
08-05 17:46:11.942 27588 27618 I art     : Starting a blocking GC Explicit
08-05 17:46:11.975 27588 27618 I art     : Explicit concurrent mark sweep GC freed 3(96B) AllocSpace objects, 0(0B) LOS objects, 22% free, 53MB/69MB, paused 669us total 33.248ms
08-05 17:46:11.987 27588 27618 I art     : Starting a blocking GC Explicit
08-05 17:46:12.018 27588 27618 I art     : Explicit concurrent mark sweep GC freed 3(96B) AllocSpace objects, 0(0B) LOS objects, 22% free, 53MB/69MB, paused 736us total 30.343ms
08-05 17:46:12.361 27588 27626 I art     : Starting a blocking GC Explicit
08-05 17:46:12.404 27588 27626 I art     : Explicit concurrent mark sweep GC freed 1344(78KB) AllocSpace objects, 1(20KB) LOS objects, 22% free, 53MB/69MB, paused 781us total 42.897ms
08-05 17:46:12.421 27588 27626 I art     : Starting a blocking GC Explicit
08-05 17:46:12.459 27588 27626 I art     : Explicit concurrent mark sweep GC freed 20(704B) AllocSpace objects, 0(0B) LOS objects, 22% free, 53MB/69MB, paused 703us total 37.414ms
08-05 17:46:12.471 27588 27626 I art     : Starting a blocking GC Explicit
08-05 17:46:12.504 27588 27626 I art     : Explicit concurrent mark sweep GC freed 3(96B) AllocSpace objects, 0(0B) LOS objects, 22% free, 53MB/69MB, paused 640us total 32.320ms
08-05 17:46:12.516 27588 27626 I art     : Starting a blocking GC Explicit
08-05 17:46:12.548 27588 27626 I art     : Explicit concurrent mark sweep GC freed 3(96B) AllocSpace objects, 0(0B) LOS objects, 22% free, 53MB/69MB, paused 773us total 32.168ms
08-05 17:46:12.560 27588 27626 I art     : Starting a blocking GC Explicit
08-05 17:46:12.594 27588 27626 I art     : Explicit concurrent mark sweep GC freed 3(96B) AllocSpace objects, 0(0B) LOS objects, 22% free, 53MB/69MB, paused 686us total 33.436ms
08-05 17:46:12.948 27588 27601 I art     : Starting a blocking GC Explicit
08-05 17:46:12.993 27588 27601 I art     : Explicit concurrent mark sweep GC freed 1344(78KB) AllocSpace objects, 1(20KB) LOS objects, 22% free, 53MB/69MB, paused 722us total 44.134ms
08-05 17:46:13.010 27588 27601 I art     : Starting a blocking GC Explicit
08-05 17:46:13.042 27588 27601 I art     : Explicit concurrent mark sweep GC freed 20(704B) AllocSpace objects, 0(0B) LOS objects, 22% free, 53MB/69MB, paused 698us total 32.029ms
08-05 17:46:13.054 27588 27601 I art     : Starting a blocking GC Explicit
08-05 17:46:13.088 27588 27601 I art     : Explicit concurrent mark sweep GC freed 3(96B) AllocSpace objects, 0(0B) LOS objects, 22% free, 53MB/69MB, paused 736us total 33.322ms
08-05 17:46:13.100 27588 27601 I art     : Starting a blocking GC Explicit
08-05 17:46:13.132 27588 27601 I art     : Explicit concurrent mark sweep GC freed 3(96B) AllocSpace objects, 0(0B) LOS objects, 22% free, 53MB/69MB, paused 694us total 31.587ms
08-05 17:46:13.144 27588 27601 I art     : Starting a blocking GC Explicit
08-05 17:46:13.177 27588 27601 I art     : Explicit concurrent mark sweep GC freed 3(96B) AllocSpace objects, 0(0B) LOS objects, 22% free, 53MB/69MB, paused 778us total 33.467ms
08-05 17:46:13.531 27588 27600 I art     : Starting a blocking GC Explicit
08-05 17:46:13.576 27588 27600 I art     : Explicit concurrent mark sweep GC freed 1344(78KB) AllocSpace objects, 1(20KB) LOS objects, 22% free, 53MB/69MB, paused 766us total 44.792ms
08-05 17:46:13.593 27588 27600 I art     : Starting a blocking GC Explicit
08-05 17:46:13.628 27588 27600 I art     : Explicit concurrent mark sweep GC freed 20(704B) AllocSpace objects, 0(0B) LOS objects, 22% free, 53MB/69MB, paused 675us total 34.685ms
08-05 17:46:13.640 27588 27600 I art     : Starting a blocking GC Explicit
08-05 17:46:13.672 27588 27600 I art     : Explicit concurrent mark sweep GC freed 3(96B) AllocSpace objects, 0(0B) LOS objects, 22% free, 53MB/69MB, paused 691us total 32.656ms
08-05 17:46:13.685 27588 27600 I art     : Starting a blocking GC Explicit
08-05 17:46:13.718 27588 27600 I art     : Explicit concurrent mark sweep GC freed 3(96B) AllocSpace objects, 0(0B) LOS objects, 22% free, 53MB/69MB, paused 851us total 32.688ms
08-05 17:46:13.730 27588 27600 I art     : Starting a blocking GC Explicit
08-05 17:46:13.762 27588 27600 I art     : Explicit concurrent mark sweep GC freed 3(96B) AllocSpace objects, 0(0B) LOS objects, 22% free, 53MB/69MB, paused 638us total 32.186ms
08-05 17:46:14.089 27588 29335 I art     : Starting a blocking GC Explicit
08-05 17:46:14.128 27588 29335 I art     : Explicit concurrent mark sweep GC freed 1344(78KB) AllocSpace objects, 1(20KB) LOS objects, 22% free, 53MB/69MB, paused 832us total 39.321ms
08-05 17:46:14.143 27588 29335 I art     : Starting a blocking GC Explicit
08-05 17:46:14.176 27588 29335 I art     : Explicit concurrent mark sweep GC freed 20(704B) AllocSpace objects, 0(0B) LOS objects, 22% free, 53MB/69MB, paused 677us total 32.645ms
08-05 17:46:14.188 27588 29335 I art     : Starting a blocking GC Explicit
08-05 17:46:14.221 27588 29335 I art     : Explicit concurrent mark sweep GC freed 3(96B) AllocSpace objects, 0(0B) LOS objects, 22% free, 53MB/69MB, paused 722us total 32.765ms
08-05 17:46:14.233 27588 29335 I art     : Starting a blocking GC Explicit
08-05 17:46:14.266 27588 29335 I art     : Explicit concurrent mark sweep GC freed 3(96B) AllocSpace objects, 0(0B) LOS objects, 22% free, 53MB/69MB, paused 674us total 32.294ms
08-05 17:46:14.278 27588 29335 I art     : Starting a blocking GC Explicit
08-05 17:46:14.311 27588 29335 I art     : Explicit concurrent mark sweep GC freed 3(96B) AllocSpace objects, 0(0B) LOS objects, 22% free, 53MB/69MB, paused 677us total 33.094ms
08-05 17:46:14.601 27588 27618 I art     : Starting a blocking GC Explicit
08-05 17:46:14.636 27588 27618 I art     : Explicit concurrent mark sweep GC freed 1344(78KB) AllocSpace objects, 1(20KB) LOS objects, 22% free, 53MB/69MB, paused 710us total 33.793ms
08-05 17:46:14.647 27588 27618 I art     : Starting a blocking GC Explicit
08-05 17:46:14.679 27588 27618 I art     : Explicit concurrent mark sweep GC freed 20(704B) AllocSpace objects, 0(0B) LOS objects, 22% free, 53MB/69MB, paused 697us total 31.789ms
08-05 17:46:14.691 27588 27618 I art     : Starting a blocking GC Explicit
08-05 17:46:14.723 27588 27618 I art     : Explicit concurrent mark sweep GC freed 3(96B) AllocSpace objects, 0(0B) LOS objects, 22% free, 53MB/69MB, paused 667us total 31.110ms
08-05 17:46:14.734 27588 27618 I art     : Starting a blocking GC Explicit
08-05 17:46:14.764 27588 27618 I art     : Explicit concurrent mark sweep GC freed 3(96B) AllocSpace objects, 0(0B) LOS objects, 22% free, 53MB/69MB, paused 694us total 29.994ms
08-05 17:46:14.777 27588 27618 I art     : Starting a blocking GC Explicit
08-05 17:46:14.808 27588 27618 I art     : Explicit concurrent mark sweep GC freed 3(96B) AllocSpace objects, 0(0B) LOS objects, 22% free, 53MB/69MB, paused 719us total 31.490ms
08-05 17:46:14.954 30681 30681 D AndroidRuntime: >>>>>> START com.android.internal.os.RuntimeInit uid 2000 <<<<<<
08-05 17:46:14.961 30681 30681 D AndroidRuntime: CheckJNI is OFF
08-05 17:46:15.003 30681 30681 D ICU     : No timezone override file found: /data/misc/zoneinfo/current/icu/icu_tzdata.dat
08-05 17:46:15.044 30681 30681 I Radio-JNI: register_android_hardware_Radio DONE
08-05 17:46:15.074 30681 30681 D AndroidRuntime: Calling main entry com.android.commands.input.Input
08-05 17:46:15.075 30681 30681 I Input   : injectKeyEvent: KeyEvent { action=ACTION_DOWN, keyCode=KEYCODE_BACK, scanCode=0, metaState=0, flags=0x0, repeatCount=0, eventTime=812791488, downTime=812791488, deviceId=-1, source=0x101 }
08-05 17:46:15.080 30681 30681 I Input   : injectKeyEvent: KeyEvent { action=ACTION_UP, keyCode=KEYCODE_BACK, scanCode=0, metaState=0, flags=0x0, repeatCount=0, eventTime=812791488, downTime=812791488, deviceId=-1, source=0x101 }
08-05 17:46:15.085 30681 30681 D AndroidRuntime: Shutting down VM
08-05 17:46:15.125 27588 27618 I art     : Starting a blocking GC Explicit
08-05 17:46:15.128 13866 13866 I GoogleInputMethodServic: GoogleInputMethodService.onFinishInput():3138 
08-05 17:46:15.129 13866 13866 I GoogleInputMethodServic: GoogleInputMethodService.onStartInput():1808 
08-05 17:46:15.155 27588 27618 I art     : Explicit concurrent mark sweep GC freed 1524(85KB) AllocSpace objects, 1(20KB) LOS objects, 22% free, 53MB/69MB, paused 780us total 30.220ms
08-05 17:46:15.167 27588 27618 I art     : Starting a blocking GC Explicit
08-05 17:46:15.195 27588 27618 I art     : Explicit concurrent mark sweep GC freed 28(1024B) AllocSpace objects, 0(0B) LOS objects, 22% free, 53MB/69MB, paused 663us total 27.664ms
08-05 17:46:15.206 27588 27618 I art     : Starting a blocking GC Explicit
08-05 17:46:15.233 27588 27618 I art     : Explicit concurrent mark sweep GC freed 3(96B) AllocSpace objects, 0(0B) LOS objects, 22% free, 53MB/69MB, paused 598us total 26.744ms
08-05 17:46:15.244 27588 27618 I art     : Starting a blocking GC Explicit
08-05 17:46:15.273 27588 27618 I art     : Explicit concurrent mark sweep GC freed 3(96B) AllocSpace objects, 0(0B) LOS objects, 22% free, 53MB/69MB, paused 693us total 28.404ms
08-05 17:46:15.285 27588 27618 I art     : Starting a blocking GC Explicit
08-05 17:46:15.319 27588 27618 I art     : Explicit concurrent mark sweep GC freed 3(96B) AllocSpace objects, 0(0B) LOS objects, 22% free, 53MB/69MB, paused 1.070ms total 33.443ms
08-05 17:46:15.449   380   380 W SurfaceFlinger: couldn't log to binary event log: overflow.
08-05 17:46:15.606 27588 27600 I art     : Starting a blocking GC Explicit
08-05 17:46:15.635 27588 27600 I art     : Explicit concurrent mark sweep GC freed 1453(86KB) AllocSpace objects, 1(20KB) LOS objects, 22% free, 53MB/69MB, paused 650us total 27.924ms
08-05 17:46:15.645 27588 27600 I art     : Starting a blocking GC Explicit
08-05 17:46:15.672 27588 27600 I art     : Explicit concurrent mark sweep GC freed 1671(107KB) AllocSpace objects, 3(184KB) LOS objects, 23% free, 53MB/69MB, paused 637us total 26.708ms
08-05 17:46:15.683 27588 27600 I art     : Starting a blocking GC Explicit
08-05 17:46:15.709 27588 27600 I art     : Explicit concurrent mark sweep GC freed 3(96B) AllocSpace objects, 0(0B) LOS objects, 23% free, 53MB/69MB, paused 637us total 26.459ms
08-05 17:46:15.720 27588 27600 I art     : Starting a blocking GC Explicit
08-05 17:46:15.747 27588 27600 I art     : Explicit concurrent mark sweep GC freed 3(96B) AllocSpace objects, 0(0B) LOS objects, 23% free, 53MB/69MB, paused 638us total 26.184ms
08-05 17:46:15.757 27588 27600 I art     : Starting a blocking GC Explicit
08-05 17:46:15.784 27588 27600 I art     : Explicit concurrent mark sweep GC freed 3(96B) AllocSpace objects, 0(0B) LOS objects, 23% free, 53MB/69MB, paused 663us total 26.883ms
08-05 17:46:16.090 27588 27601 I art     : Starting a blocking GC Explicit
08-05 17:46:16.122 27588 27601 I art     : Explicit concurrent mark sweep GC freed 1365(79KB) AllocSpace objects, 1(20KB) LOS objects, 23% free, 53MB/69MB, paused 658us total 31.235ms
08-05 17:46:16.133 27588 27601 I art     : Starting a blocking GC Explicit
08-05 17:46:16.162 27588 27601 I art     : Explicit concurrent mark sweep GC freed 36(1216B) AllocSpace objects, 0(0B) LOS objects, 23% free, 53MB/69MB, paused 650us total 28.768ms
08-05 17:46:16.174 27588 27601 I art     : Starting a blocking GC Explicit
08-05 17:46:16.204 27588 27601 I art     : Explicit concurrent mark sweep GC freed 3(96B) AllocSpace objects, 0(0B) LOS objects, 23% free, 53MB/69MB, paused 650us total 29.540ms
08-05 17:46:16.215 27588 27601 I art     : Starting a blocking GC Explicit
08-05 17:46:16.245 27588 27601 I art     : Explicit concurrent mark sweep GC freed 3(96B) AllocSpace objects, 0(0B) LOS objects, 23% free, 53MB/69MB, paused 623us total 29.169ms
08-05 17:46:16.256 27588 27601 I art     : Starting a blocking GC Explicit
08-05 17:46:16.286 27588 27601 I art     : Explicit concurrent mark sweep GC freed 3(96B) AllocSpace objects, 0(0B) LOS objects, 23% free, 53MB/69MB, paused 658us total 29.935ms
08-05 17:46:16.580 27588 27626 I art     : Starting a blocking GC Explicit
08-05 17:46:16.611 27588 27626 I art     : Explicit concurrent mark sweep GC freed 1344(78KB) AllocSpace objects, 1(20KB) LOS objects, 23% free, 53MB/69MB, paused 669us total 30.478ms
08-05 17:46:16.614   918  3188 I hubconnection: sensorhub said: 'set_bias 3: -5.7600, 0.0000, 0.0000'
08-05 17:46:16.622 27588 27626 I art     : Starting a blocking GC Explicit
08-05 17:46:16.651 27588 27626 I art     : Explicit concurrent mark sweep GC freed 20(704B) AllocSpace objects, 0(0B) LOS objects, 23% free, 53MB/69MB, paused 696us total 28.397ms
08-05 17:46:16.662 27588 27626 I art     : Starting a blocking GC Explicit
08-05 17:46:16.691 27588 27626 I art     : Explicit concurrent mark sweep GC freed 3(96B) AllocSpace objects, 0(0B) LOS objects, 23% free, 53MB/69MB, paused 639us total 28.146ms
08-05 17:46:16.702 27588 27626 I art     : Starting a blocking GC Explicit
08-05 17:46:16.731 27588 27626 I art     : Explicit concurrent mark sweep GC freed 3(96B) AllocSpace objects, 0(0B) LOS objects, 23% free, 53MB/69MB, paused 613us total 28.815ms
08-05 17:46:16.743 27588 27626 I art     : Starting a blocking GC Explicit
08-05 17:46:16.772 27588 27626 I art     : Explicit concurrent mark sweep GC freed 3(96B) AllocSpace objects, 0(0B) LOS objects, 23% free, 53MB/69MB, paused 663us total 28.758ms
08-05 17:46:16.869 30735 30735 D AndroidRuntime: >>>>>> START com.android.internal.os.RuntimeInit uid 2000 <<<<<<
08-05 17:46:16.876 30735 30735 D AndroidRuntime: CheckJNI is OFF
08-05 17:46:16.925 30735 30735 D ICU     : No timezone override file found: /data/misc/zoneinfo/current/icu/icu_tzdata.dat
08-05 17:46:16.968 30735 30735 I Radio-JNI: register_android_hardware_Radio DONE
08-05 17:46:16.996 30735 30735 D AndroidRuntime: Calling main entry com.android.commands.input.Input
08-05 17:46:16.998 30735 30735 I Input   : injectMotionEvent: MotionEvent { action=ACTION_DOWN, actionButton=0, id[0]=0, x[0]=1012.0, y[0]=1152.0, toolType[0]=TOOL_TYPE_UNKNOWN, buttonState=0, metaState=0, flags=0x0, edgeFlags=0x0, pointerCount=1, historySize=0, eventTime=812793411, downTime=812793411, deviceId=0, source=0x1002 }
08-05 17:46:17.003 30735 30735 I Input   : injectMotionEvent: MotionEvent { action=ACTION_UP, actionButton=0, id[0]=0, x[0]=1012.0, y[0]=1152.0, toolType[0]=TOOL_TYPE_UNKNOWN, buttonState=0, metaState=0, flags=0x0, edgeFlags=0x0, pointerCount=1, historySize=0, eventTime=812793411, downTime=812793411, deviceId=0, source=0x1002 }
08-05 17:46:17.005   918  6110 I ActivityManager: START u0 {cmp=baseline.appteam.nith.hillffair/.activities.ClubActivity (has extras)} from uid 10675 on display 0
08-05 17:46:17.012 30735 30735 D AndroidRuntime: Shutting down VM
08-05 17:46:17.095 27588 27618 I art     : Starting a blocking GC Explicit
08-05 17:46:17.113   918   936 I ActivityManager: Displayed baseline.appteam.nith.hillffair/.activities.ClubActivity: +101ms
08-05 17:46:17.113 13866 13866 I GoogleInputMethodServic: GoogleInputMethodService.onFinishInput():3138 
08-05 17:46:17.115 13866 13866 I GoogleInputMethodServic: GoogleInputMethodService.onStartInput():1808 
08-05 17:46:17.126 27588 27618 I art     : Explicit concurrent mark sweep GC freed 4938(303KB) AllocSpace objects, 1(20KB) LOS objects, 22% free, 53MB/69MB, paused 719us total 30.188ms
08-05 17:46:17.138 27588 27618 I art     : Starting a blocking GC Explicit
08-05 17:46:17.166 27588 27618 I art     : Explicit concurrent mark sweep GC freed 230(10KB) AllocSpace objects, 0(0B) LOS objects, 22% free, 53MB/69MB, paused 680us total 28.272ms
08-05 17:46:17.177 27588 27618 I art     : Starting a blocking GC Explicit
08-05 17:46:17.186 26632 26632 I ServiceManager: Waiting for service AtCmdFwd...
08-05 17:46:17.204 27588 27618 I art     : Explicit concurrent mark sweep GC freed 7(240B) AllocSpace objects, 0(0B) LOS objects, 22% free, 53MB/69MB, paused 668us total 26.998ms
08-05 17:46:17.215 27588 27618 I art     : Starting a blocking GC Explicit
08-05 17:46:17.242 27588 27618 I art     : Explicit concurrent mark sweep GC freed 3(96B) AllocSpace objects, 0(0B) LOS objects, 22% free, 53MB/69MB, paused 681us total 27.482ms
08-05 17:46:17.254 27588 27618 I art     : Starting a blocking GC Explicit
08-05 17:46:17.282 27588 27618 I art     : Explicit concurrent mark sweep GC freed 3(96B) AllocSpace objects, 0(0B) LOS objects, 22% free, 53MB/69MB, paused 690us total 27.534ms
08-05 17:46:17.367   380   380 W SurfaceFlinger: couldn't log to binary event log: overflow.
08-05 17:46:17.569 27588 27626 I art     : Starting a blocking GC Explicit
08-05 17:46:17.601 27588 27626 I art     : Explicit concurrent mark sweep GC freed 1570(88KB) AllocSpace objects, 1(20KB) LOS objects, 22% free, 53MB/69MB, paused 914us total 31.196ms
08-05 17:46:17.612 27588 27626 I art     : Starting a blocking GC Explicit
08-05 17:46:17.640 27588 30770 D OkHttp  : --> GET https://api-hillfair-2k16.herokuapp.com/api/app/club/Design%20and%20Decoration%20Club http/1.1
08-05 17:46:17.643 27588 27626 I art     : Explicit concurrent mark sweep GC freed 2483(129KB) AllocSpace objects, 2(120KB) LOS objects, 22% free, 53MB/69MB, paused 841us total 30.591ms
08-05 17:46:17.654 27588 27626 I art     : Starting a blocking GC Explicit
08-05 17:46:17.678 27588 30770 D OkHttp  : <-- 200 OK https://api-hillfair-2k16.herokuapp.com/api/app/club/Design%20and%20Decoration%20Club (37ms, 760-byte body)
08-05 17:46:17.682 27588 27626 I art     : Explicit concurrent mark sweep GC freed 1130(152KB) AllocSpace objects, 1(80KB) LOS objects, 22% free, 53MB/69MB, paused 721us total 27.879ms
08-05 17:46:17.694 27588 27626 I art     : Starting a blocking GC Explicit
08-05 17:46:17.723 27588 27626 I art     : Explicit concurrent mark sweep GC freed 122(6KB) AllocSpace objects, 0(0B) LOS objects, 22% free, 53MB/69MB, paused 902us total 28.747ms
08-05 17:46:17.734 27588 27626 I art     : Starting a blocking GC Explicit
08-05 17:46:17.738 27588 27588 I NAPPA_EXPERIMENTATION: MetricNetworkRequestExecutionTime: REQUEST_DURATION_SYSTEM='692',REQUEST_DURATION_OKHTTP='37',REQUEST_SYNCHRONOUS='FALSE',RESPONSE_CODE='200',RESPONSE_METHOD='GET',RESPONSE_LENGTH_OKHTTP='760',RESPONSE_LENGTH_HEADER='760',REQUEST_PROTOCOL='http/1.1',REQUEST_URL='https://api-hillfair-2k16.herokuapp.com/api/app/club/Design%20and%20Decoration%20Club',
08-05 17:46:17.764 27588 27626 I art     : Explicit concurrent mark sweep GC freed 596(86KB) AllocSpace objects, 0(0B) LOS objects, 22% free, 53MB/69MB, paused 966us total 29.828ms
08-05 17:46:18.066 27588 27618 I art     : Starting a blocking GC Explicit
08-05 17:46:18.097 27588 27618 I art     : Explicit concurrent mark sweep GC freed 1414(80KB) AllocSpace objects, 1(20KB) LOS objects, 22% free, 53MB/69MB, paused 810us total 31.323ms
08-05 17:46:18.109 27588 27618 I art     : Starting a blocking GC Explicit
08-05 17:46:18.139 27588 27618 I art     : Explicit concurrent mark sweep GC freed 22(768B) AllocSpace objects, 0(0B) LOS objects, 22% free, 53MB/69MB, paused 633us total 29.628ms
08-05 17:46:18.151 27588 27618 I art     : Starting a blocking GC Explicit
08-05 17:46:18.181 27588 27618 I art     : Explicit concurrent mark sweep GC freed 19(656B) AllocSpace objects, 0(0B) LOS objects, 22% free, 53MB/69MB, paused 696us total 29.301ms
08-05 17:46:18.187 26632 26632 I ServiceManager: Waiting for service AtCmdFwd...
08-05 17:46:18.192 27588 27618 I art     : Starting a blocking GC Explicit
08-05 17:46:18.223 27588 27618 I art     : Explicit concurrent mark sweep GC freed 3(96B) AllocSpace objects, 0(0B) LOS objects, 22% free, 53MB/69MB, paused 683us total 30.538ms
08-05 17:46:18.235 27588 27618 I art     : Starting a blocking GC Explicit
08-05 17:46:18.265 27588 27618 I art     : Explicit concurrent mark sweep GC freed 3(96B) AllocSpace objects, 0(0B) LOS objects, 22% free, 53MB/69MB, paused 688us total 30.615ms
08-05 17:46:18.584 27588 27601 I art     : Starting a blocking GC Explicit
08-05 17:46:18.627 27588 27601 I art     : Explicit concurrent mark sweep GC freed 1344(78KB) AllocSpace objects, 1(20KB) LOS objects, 22% free, 53MB/69MB, paused 807us total 42.309ms
08-05 17:46:18.644 27588 27601 I art     : Starting a blocking GC Explicit
08-05 17:46:18.678 27588 27601 I art     : Explicit concurrent mark sweep GC freed 20(704B) AllocSpace objects, 0(0B) LOS objects, 22% free, 53MB/69MB, paused 745us total 34.104ms
08-05 17:46:18.690 27588 27601 I art     : Starting a blocking GC Explicit
08-05 17:46:18.724 27588 27601 I art     : Explicit concurrent mark sweep GC freed 3(96B) AllocSpace objects, 0(0B) LOS objects, 22% free, 53MB/69MB, paused 681us total 33.575ms
08-05 17:46:18.736 27588 27601 I art     : Starting a blocking GC Explicit
08-05 17:46:18.768 27588 27601 I art     : Explicit concurrent mark sweep GC freed 3(96B) AllocSpace objects, 0(0B) LOS objects, 22% free, 53MB/69MB, paused 666us total 31.862ms
08-05 17:46:18.780 27588 27601 I art     : Starting a blocking GC Explicit
08-05 17:46:18.814 27588 27601 I art     : Explicit concurrent mark sweep GC freed 3(96B) AllocSpace objects, 0(0B) LOS objects, 22% free, 53MB/69MB, paused 686us total 33.744ms
08-05 17:46:19.161 27588 27600 I art     : Starting a blocking GC Explicit
08-05 17:46:19.187 26632 26632 I ServiceManager: Waiting for service AtCmdFwd...
08-05 17:46:19.207 27588 27600 I art     : Explicit concurrent mark sweep GC freed 1344(78KB) AllocSpace objects, 1(20KB) LOS objects, 22% free, 53MB/69MB, paused 787us total 45.160ms
08-05 17:46:19.225 27588 27600 I art     : Starting a blocking GC Explicit
08-05 17:46:19.261 27588 27600 I art     : Explicit concurrent mark sweep GC freed 20(704B) AllocSpace objects, 0(0B) LOS objects, 22% free, 53MB/69MB, paused 693us total 35.059ms
08-05 17:46:19.273 27588 27600 I art     : Starting a blocking GC Explicit
08-05 17:46:19.307 27588 27600 I art     : Explicit concurrent mark sweep GC freed 3(96B) AllocSpace objects, 0(0B) LOS objects, 22% free, 53MB/69MB, paused 794us total 33.831ms
08-05 17:46:19.319 27588 27600 I art     : Starting a blocking GC Explicit
08-05 17:46:19.351 27588 27600 I art     : Explicit concurrent mark sweep GC freed 3(96B) AllocSpace objects, 0(0B) LOS objects, 22% free, 53MB/69MB, paused 686us total 31.766ms
08-05 17:46:19.363 27588 27600 I art     : Starting a blocking GC Explicit
08-05 17:46:19.397 27588 27600 I art     : Explicit concurrent mark sweep GC freed 3(96B) AllocSpace objects, 0(0B) LOS objects, 22% free, 53MB/69MB, paused 778us total 34.069ms
08-05 17:46:19.738 27588 27626 I art     : Starting a blocking GC Explicit
08-05 17:46:19.781 27588 27626 I art     : Explicit concurrent mark sweep GC freed 1344(78KB) AllocSpace objects, 1(20KB) LOS objects, 22% free, 53MB/69MB, paused 763us total 41.862ms
08-05 17:46:19.797 27588 27626 I art     : Starting a blocking GC Explicit
08-05 17:46:19.832 27588 27626 I art     : Explicit concurrent mark sweep GC freed 20(704B) AllocSpace objects, 0(0B) LOS objects, 22% free, 53MB/69MB, paused 730us total 34.547ms
08-05 17:46:19.844 27588 27626 I art     : Starting a blocking GC Explicit
08-05 17:46:19.878 27588 27626 I art     : Explicit concurrent mark sweep GC freed 3(96B) AllocSpace objects, 0(0B) LOS objects, 22% free, 53MB/69MB, paused 720us total 33.222ms
08-05 17:46:19.890 27588 27626 I art     : Starting a blocking GC Explicit
08-05 17:46:19.923 27588 27626 I art     : Explicit concurrent mark sweep GC freed 3(96B) AllocSpace objects, 0(0B) LOS objects, 22% free, 53MB/69MB, paused 711us total 33.206ms
08-05 17:46:19.935 27588 27626 I art     : Starting a blocking GC Explicit
08-05 17:46:19.969 27588 27626 I art     : Explicit concurrent mark sweep GC freed 3(96B) AllocSpace objects, 0(0B) LOS objects, 22% free, 53MB/69MB, paused 704us total 32.985ms
08-05 17:46:20.189 26632 26632 I ServiceManager: Waiting for service AtCmdFwd...
08-05 17:46:20.309 27588 29335 I art     : Starting a blocking GC Explicit
08-05 17:46:20.352 27588 29335 I art     : Explicit concurrent mark sweep GC freed 1344(78KB) AllocSpace objects, 1(20KB) LOS objects, 22% free, 53MB/69MB, paused 685us total 42.402ms
08-05 17:46:20.367 27588 29335 I art     : Starting a blocking GC Explicit
08-05 17:46:20.399 27588 29335 I art     : Explicit concurrent mark sweep GC freed 20(704B) AllocSpace objects, 0(0B) LOS objects, 22% free, 53MB/69MB, paused 701us total 32.341ms
08-05 17:46:20.412 27588 29335 I art     : Starting a blocking GC Explicit
08-05 17:46:20.446 27588 29335 I art     : Explicit concurrent mark sweep GC freed 3(96B) AllocSpace objects, 0(0B) LOS objects, 22% free, 53MB/69MB, paused 676us total 33.807ms
08-05 17:46:20.458 27588 29335 I art     : Starting a blocking GC Explicit
08-05 17:46:20.492 27588 29335 I art     : Explicit concurrent mark sweep GC freed 3(96B) AllocSpace objects, 0(0B) LOS objects, 22% free, 53MB/69MB, paused 704us total 34.009ms
08-05 17:46:20.504 27588 29335 I art     : Starting a blocking GC Explicit
08-05 17:46:20.538 27588 29335 I art     : Explicit concurrent mark sweep GC freed 3(96B) AllocSpace objects, 0(0B) LOS objects, 22% free, 53MB/69MB, paused 715us total 33.653ms
08-05 17:46:20.882 27588 27618 I art     : Starting a blocking GC Explicit
08-05 17:46:20.920 27588 27618 I art     : Explicit concurrent mark sweep GC freed 1344(78KB) AllocSpace objects, 1(20KB) LOS objects, 22% free, 53MB/69MB, paused 744us total 38.238ms
08-05 17:46:20.935 27588 27618 I art     : Starting a blocking GC Explicit
08-05 17:46:20.972 27588 27618 I art     : Explicit concurrent mark sweep GC freed 20(704B) AllocSpace objects, 0(0B) LOS objects, 22% free, 53MB/69MB, paused 695us total 36.294ms
08-05 17:46:20.984 27588 27618 I art     : Starting a blocking GC Explicit
08-05 17:46:21.017 27588 27618 I art     : Explicit concurrent mark sweep GC freed 3(96B) AllocSpace objects, 0(0B) LOS objects, 22% free, 53MB/69MB, paused 781us total 33.079ms
08-05 17:46:21.029 27588 27618 I art     : Starting a blocking GC Explicit
08-05 17:46:21.062 27588 27618 I art     : Explicit concurrent mark sweep GC freed 3(96B) AllocSpace objects, 0(0B) LOS objects, 22% free, 53MB/69MB, paused 716us total 32.445ms
08-05 17:46:21.074 27588 27618 I art     : Starting a blocking GC Explicit
08-05 17:46:21.107 27588 27618 I art     : Explicit concurrent mark sweep GC freed 3(96B) AllocSpace objects, 0(0B) LOS objects, 22% free, 53MB/69MB, paused 698us total 32.458ms
08-05 17:46:21.190 26632 26632 I ServiceManager: Waiting for service AtCmdFwd...
08-05 17:46:21.425 27588 27601 I art     : Starting a blocking GC Explicit
08-05 17:46:21.461 27588 27601 I art     : Explicit concurrent mark sweep GC freed 1344(78KB) AllocSpace objects, 1(20KB) LOS objects, 22% free, 53MB/69MB, paused 757us total 35.042ms
08-05 17:46:21.477 27588 27601 I art     : Starting a blocking GC Explicit
08-05 17:46:21.509 27588 27601 I art     : Explicit concurrent mark sweep GC freed 20(704B) AllocSpace objects, 0(0B) LOS objects, 22% free, 53MB/69MB, paused 717us total 31.565ms
08-05 17:46:21.520 27588 27601 I art     : Starting a blocking GC Explicit
08-05 17:46:21.552 27588 27601 I art     : Explicit concurrent mark sweep GC freed 3(96B) AllocSpace objects, 0(0B) LOS objects, 22% free, 53MB/69MB, paused 690us total 31.240ms
08-05 17:46:21.563 27588 27601 I art     : Starting a blocking GC Explicit
08-05 17:46:21.594 27588 27601 I art     : Explicit concurrent mark sweep GC freed 3(96B) AllocSpace objects, 0(0B) LOS objects, 22% free, 53MB/69MB, paused 715us total 30.557ms
08-05 17:46:21.606 27588 27601 I art     : Starting a blocking GC Explicit
08-05 17:46:21.638 27588 27601 I art     : Explicit concurrent mark sweep GC freed 3(96B) AllocSpace objects, 0(0B) LOS objects, 22% free, 53MB/69MB, paused 748us total 31.579ms
08-05 17:46:21.847 30848 30848 D AndroidRuntime: >>>>>> START com.android.internal.os.RuntimeInit uid 2000 <<<<<<
08-05 17:46:21.853 30848 30848 D AndroidRuntime: CheckJNI is OFF
08-05 17:46:21.893 30848 30848 D ICU     : No timezone override file found: /data/misc/zoneinfo/current/icu/icu_tzdata.dat
08-05 17:46:21.945 30848 30848 I Radio-JNI: register_android_hardware_Radio DONE
08-05 17:46:21.974 30848 30848 D AndroidRuntime: Calling main entry com.android.commands.input.Input
08-05 17:46:21.974 27588 27600 I art     : Starting a blocking GC Explicit
08-05 17:46:21.976 30848 30848 I Input   : injectKeyEvent: KeyEvent { action=ACTION_DOWN, keyCode=KEYCODE_BACK, scanCode=0, metaState=0, flags=0x0, repeatCount=0, eventTime=812798389, downTime=812798389, deviceId=-1, source=0x101 }
08-05 17:46:21.981 30848 30848 I Input   : injectKeyEvent: KeyEvent { action=ACTION_UP, keyCode=KEYCODE_BACK, scanCode=0, metaState=0, flags=0x0, repeatCount=0, eventTime=812798389, downTime=812798389, deviceId=-1, source=0x101 }
08-05 17:46:21.986 30848 30848 D AndroidRuntime: Shutting down VM
08-05 17:46:22.005 27588 27600 I art     : Explicit concurrent mark sweep GC freed 1481(84KB) AllocSpace objects, 1(20KB) LOS objects, 22% free, 53MB/69MB, paused 683us total 30.474ms
08-05 17:46:22.017 27588 27600 I art     : Starting a blocking GC Explicit
08-05 17:46:22.032 13866 13866 I GoogleInputMethodServic: GoogleInputMethodService.onFinishInput():3138 
08-05 17:46:22.032 13866 13866 I GoogleInputMethodServic: GoogleInputMethodService.onStartInput():1808 
08-05 17:46:22.045 27588 27600 I art     : Explicit concurrent mark sweep GC freed 32(1232B) AllocSpace objects, 0(0B) LOS objects, 22% free, 53MB/69MB, paused 651us total 27.935ms
08-05 17:46:22.056 27588 27600 I art     : Starting a blocking GC Explicit
08-05 17:46:22.084 27588 27600 I art     : Explicit concurrent mark sweep GC freed 39(1280B) AllocSpace objects, 0(0B) LOS objects, 22% free, 53MB/69MB, paused 712us total 27.259ms
08-05 17:46:22.095 27588 27600 I art     : Starting a blocking GC Explicit
08-05 17:46:22.121 27588 27600 I art     : Explicit concurrent mark sweep GC freed 6(224B) AllocSpace objects, 0(0B) LOS objects, 22% free, 53MB/69MB, paused 636us total 26.536ms
08-05 17:46:22.133 27588 27600 I art     : Starting a blocking GC Explicit
08-05 17:46:22.161 27588 27600 I art     : Explicit concurrent mark sweep GC freed 3(96B) AllocSpace objects, 0(0B) LOS objects, 22% free, 53MB/69MB, paused 724us total 27.573ms
08-05 17:46:22.190 26632 26632 W Atfwd_Sendcmd: AtCmdFwd service not published, waiting... retryCnt : 3
08-05 17:46:22.339   380   380 W SurfaceFlinger: couldn't log to binary event log: overflow.
08-05 17:46:22.457 27588 27618 I art     : Starting a blocking GC Explicit
08-05 17:46:22.490 27588 27618 I art     : Explicit concurrent mark sweep GC freed 1453(86KB) AllocSpace objects, 1(20KB) LOS objects, 22% free, 53MB/69MB, paused 742us total 32.914ms
08-05 17:46:22.504 27588 27618 I art     : Starting a blocking GC Explicit
08-05 17:46:22.535 27588 27618 I art     : Explicit concurrent mark sweep GC freed 1671(107KB) AllocSpace objects, 3(180KB) LOS objects, 23% free, 53MB/69MB, paused 673us total 30.398ms
08-05 17:46:22.547 27588 27618 I art     : Starting a blocking GC Explicit
08-05 17:46:22.577 27588 27618 I art     : Explicit concurrent mark sweep GC freed 3(96B) AllocSpace objects, 0(0B) LOS objects, 23% free, 53MB/69MB, paused 769us total 30.401ms
08-05 17:46:22.589 27588 27618 I art     : Starting a blocking GC Explicit
08-05 17:46:22.619 27588 27618 I art     : Explicit concurrent mark sweep GC freed 3(96B) AllocSpace objects, 0(0B) LOS objects, 23% free, 53MB/69MB, paused 683us total 29.693ms
08-05 17:46:22.631 27588 27618 I art     : Starting a blocking GC Explicit
08-05 17:46:22.661 27588 27618 I art     : Explicit concurrent mark sweep GC freed 3(96B) AllocSpace objects, 0(0B) LOS objects, 23% free, 53MB/69MB, paused 731us total 29.938ms
08-05 17:46:22.975 27588 27601 I art     : Starting a blocking GC Explicit
08-05 17:46:23.015 27588 27601 I art     : Explicit concurrent mark sweep GC freed 1344(78KB) AllocSpace objects, 1(20KB) LOS objects, 23% free, 53MB/69MB, paused 725us total 39.795ms
08-05 17:46:23.030 27588 27601 I art     : Starting a blocking GC Explicit
08-05 17:46:23.061 27588 27601 I art     : Explicit concurrent mark sweep GC freed 20(704B) AllocSpace objects, 0(0B) LOS objects, 23% free, 53MB/69MB, paused 686us total 30.802ms
08-05 17:46:23.072 27588 27601 I art     : Starting a blocking GC Explicit
08-05 17:46:23.103 27588 27601 I art     : Explicit concurrent mark sweep GC freed 3(96B) AllocSpace objects, 0(0B) LOS objects, 23% free, 53MB/69MB, paused 681us total 30.261ms
08-05 17:46:23.114 27588 27601 I art     : Starting a blocking GC Explicit
08-05 17:46:23.146 27588 27601 I art     : Explicit concurrent mark sweep GC freed 3(96B) AllocSpace objects, 0(0B) LOS objects, 23% free, 53MB/69MB, paused 691us total 30.196ms
08-05 17:46:23.158 27588 27601 I art     : Starting a blocking GC Explicit
08-05 17:46:23.189 27588 27601 I art     : Explicit concurrent mark sweep GC freed 3(96B) AllocSpace objects, 0(0B) LOS objects, 23% free, 53MB/69MB, paused 683us total 30.458ms
08-05 17:46:23.477 27588 27626 I art     : Starting a blocking GC Explicit
08-05 17:46:23.511 27588 27626 I art     : Explicit concurrent mark sweep GC freed 1344(78KB) AllocSpace objects, 1(20KB) LOS objects, 23% free, 53MB/69MB, paused 749us total 33.428ms
08-05 17:46:23.525 27588 27626 I art     : Starting a blocking GC Explicit
08-05 17:46:23.554 27588 27626 I art     : Explicit concurrent mark sweep GC freed 20(704B) AllocSpace objects, 0(0B) LOS objects, 23% free, 53MB/69MB, paused 690us total 29.263ms
08-05 17:46:23.566 27588 27626 I art     : Starting a blocking GC Explicit
08-05 17:46:23.595 27588 27626 I art     : Explicit concurrent mark sweep GC freed 3(96B) AllocSpace objects, 0(0B) LOS objects, 23% free, 53MB/69MB, paused 687us total 29.169ms
08-05 17:46:23.607 27588 27626 I art     : Starting a blocking GC Explicit
08-05 17:46:23.636 27588 27626 I art     : Explicit concurrent mark sweep GC freed 3(96B) AllocSpace objects, 0(0B) LOS objects, 23% free, 53MB/69MB, paused 690us total 28.822ms
08-05 17:46:23.647 27588 27626 I art     : Starting a blocking GC Explicit
08-05 17:46:23.678 27588 27626 I art     : Explicit concurrent mark sweep GC freed 3(96B) AllocSpace objects, 0(0B) LOS objects, 23% free, 53MB/69MB, paused 746us total 30.847ms
08-05 17:46:23.777 30899 30899 D AndroidRuntime: >>>>>> START com.android.internal.os.RuntimeInit uid 2000 <<<<<<
08-05 17:46:23.785 30899 30899 D AndroidRuntime: CheckJNI is OFF
08-05 17:46:23.834 30899 30899 D ICU     : No timezone override file found: /data/misc/zoneinfo/current/icu/icu_tzdata.dat
08-05 17:46:23.876 30899 30899 I Radio-JNI: register_android_hardware_Radio DONE
08-05 17:46:23.903 30899 30899 D AndroidRuntime: Calling main entry com.android.commands.input.Input
08-05 17:46:23.905 30899 30899 I Input   : injectMotionEvent: MotionEvent { action=ACTION_DOWN, actionButton=0, id[0]=0, x[0]=255.0, y[0]=1845.0, toolType[0]=TOOL_TYPE_UNKNOWN, buttonState=0, metaState=0, flags=0x0, edgeFlags=0x0, pointerCount=1, historySize=0, eventTime=812800318, downTime=812800318, deviceId=0, source=0x1002 }
08-05 17:46:23.911 30899 30899 I Input   : injectMotionEvent: MotionEvent { action=ACTION_UP, actionButton=0, id[0]=0, x[0]=255.0, y[0]=1845.0, toolType[0]=TOOL_TYPE_UNKNOWN, buttonState=0, metaState=0, flags=0x0, edgeFlags=0x0, pointerCount=1, historySize=0, eventTime=812800318, downTime=812800318, deviceId=0, source=0x1002 }
08-05 17:46:23.912   918   928 I ActivityManager: START u0 {cmp=baseline.appteam.nith.hillffair/.activities.ClubActivity (has extras)} from uid 10675 on display 0
08-05 17:46:23.919 30899 30899 D AndroidRuntime: Shutting down VM
08-05 17:46:24.003 27588 27600 I art     : Starting a blocking GC Explicit
08-05 17:46:24.015   918   936 I ActivityManager: Displayed baseline.appteam.nith.hillffair/.activities.ClubActivity: +95ms
08-05 17:46:24.016 13866 13866 I GoogleInputMethodServic: GoogleInputMethodService.onFinishInput():3138 
08-05 17:46:24.016 13866 13866 I GoogleInputMethodServic: GoogleInputMethodService.onStartInput():1808 
08-05 17:46:24.038 27588 27600 I art     : Explicit concurrent mark sweep GC freed 4914(302KB) AllocSpace objects, 1(20KB) LOS objects, 22% free, 53MB/69MB, paused 1.197ms total 34.548ms
08-05 17:46:24.051 27588 27600 I art     : Starting a blocking GC Explicit
08-05 17:46:24.080 27588 27600 I art     : Explicit concurrent mark sweep GC freed 294(15KB) AllocSpace objects, 0(0B) LOS objects, 22% free, 53MB/69MB, paused 722us total 28.808ms
08-05 17:46:24.091 27588 27600 I art     : Starting a blocking GC Explicit
08-05 17:46:24.118 27588 27600 I art     : Explicit concurrent mark sweep GC freed 9(464B) AllocSpace objects, 0(0B) LOS objects, 22% free, 53MB/69MB, paused 844us total 26.435ms
08-05 17:46:24.131 27588 27600 I art     : Starting a blocking GC Explicit
08-05 17:46:24.163 27588 27600 I art     : Explicit concurrent mark sweep GC freed 3(96B) AllocSpace objects, 0(0B) LOS objects, 22% free, 53MB/69MB, paused 729us total 32.562ms
08-05 17:46:24.177 27588 27600 I art     : Starting a blocking GC Explicit
08-05 17:46:24.210 27588 27600 I art     : Explicit concurrent mark sweep GC freed 3(96B) AllocSpace objects, 0(0B) LOS objects, 22% free, 53MB/69MB, paused 978us total 32.741ms
08-05 17:46:24.275   380   380 W SurfaceFlinger: couldn't log to binary event log: overflow.
08-05 17:46:24.510 27588 27618 I art     : Starting a blocking GC Explicit
08-05 17:46:24.541 27588 27618 I art     : Explicit concurrent mark sweep GC freed 1471(85KB) AllocSpace objects, 1(20KB) LOS objects, 22% free, 53MB/69MB, paused 737us total 31.417ms
08-05 17:46:24.553 27588 27618 I art     : Starting a blocking GC Explicit
08-05 17:46:24.585 27588 27618 I art     : Explicit concurrent mark sweep GC freed 1136(76KB) AllocSpace objects, 2(120KB) LOS objects, 22% free, 54MB/70MB, paused 1.158ms total 31.190ms
08-05 17:46:24.596 27588 27618 I art     : Starting a blocking GC Explicit
08-05 17:46:24.598 27588 30932 D OkHttp  : --> GET https://api-hillfair-2k16.herokuapp.com/api/app/club/Technical%20Committee http/1.1
08-05 17:46:24.627 27588 27618 I art     : Explicit concurrent mark sweep GC freed 2351(163KB) AllocSpace objects, 1(80KB) LOS objects, 22% free, 53MB/69MB, paused 1.028ms total 30.699ms
08-05 17:46:24.636 27588 30932 D OkHttp  : <-- 200 OK https://api-hillfair-2k16.herokuapp.com/api/app/club/Technical%20Committee (37ms, 1171-byte body)
08-05 17:46:24.638 27588 27618 I art     : Starting a blocking GC Explicit
08-05 17:46:24.668 27588 27618 I art     : Explicit concurrent mark sweep GC freed 276(46KB) AllocSpace objects, 0(0B) LOS objects, 22% free, 53MB/69MB, paused 759us total 29.444ms
08-05 17:46:24.679 27588 27618 I art     : Starting a blocking GC Explicit
08-05 17:46:24.692 27588 27588 I NAPPA_EXPERIMENTATION: MetricNetworkRequestExecutionTime: REQUEST_DURATION_SYSTEM='735',REQUEST_DURATION_OKHTTP='38',REQUEST_SYNCHRONOUS='FALSE',RESPONSE_CODE='200',RESPONSE_METHOD='GET',RESPONSE_LENGTH_OKHTTP='1171',RESPONSE_LENGTH_HEADER='1171',REQUEST_PROTOCOL='http/1.1',REQUEST_URL='https://api-hillfair-2k16.herokuapp.com/api/app/club/Technical%20Committee',
08-05 17:46:24.711 27588 27618 I art     : Explicit concurrent mark sweep GC freed 261(24KB) AllocSpace objects, 0(0B) LOS objects, 22% free, 53MB/69MB, paused 1.793ms total 31.789ms
08-05 17:46:25.017 27588 27626 I art     : Starting a blocking GC Explicit
08-05 17:46:25.055 27588 27626 I art     : Explicit concurrent mark sweep GC freed 1819(151KB) AllocSpace objects, 1(20KB) LOS objects, 22% free, 53MB/69MB, paused 719us total 37.947ms
08-05 17:46:25.067 27588 27626 I art     : Starting a blocking GC Explicit
08-05 17:46:25.097 27588 27626 I art     : Explicit concurrent mark sweep GC freed 53(1760B) AllocSpace objects, 0(0B) LOS objects, 22% free, 53MB/69MB, paused 727us total 29.442ms
08-05 17:46:25.108 27588 27626 I art     : Starting a blocking GC Explicit
08-05 17:46:25.139 27588 27626 I art     : Explicit concurrent mark sweep GC freed 19(656B) AllocSpace objects, 0(0B) LOS objects, 22% free, 53MB/69MB, paused 700us total 30.604ms
08-05 17:46:25.151 27588 27626 I art     : Starting a blocking GC Explicit
08-05 17:46:25.182 27588 27626 I art     : Explicit concurrent mark sweep GC freed 3(96B) AllocSpace objects, 0(0B) LOS objects, 22% free, 53MB/69MB, paused 718us total 31.104ms
08-05 17:46:25.194 27588 27626 I art     : Starting a blocking GC Explicit
08-05 17:46:25.225 27588 27626 I art     : Explicit concurrent mark sweep GC freed 3(96B) AllocSpace objects, 0(0B) LOS objects, 22% free, 53MB/69MB, paused 698us total 30.435ms
08-05 17:46:25.555 27588 27601 I art     : Starting a blocking GC Explicit
08-05 17:46:25.592 27588 27601 I art     : Explicit concurrent mark sweep GC freed 1344(78KB) AllocSpace objects, 1(20KB) LOS objects, 22% free, 53MB/69MB, paused 749us total 37.318ms
08-05 17:46:25.606 27588 27601 I art     : Starting a blocking GC Explicit
08-05 17:46:25.640 27588 27601 I art     : Explicit concurrent mark sweep GC freed 20(704B) AllocSpace objects, 0(0B) LOS objects, 22% free, 53MB/69MB, paused 716us total 34.067ms
08-05 17:46:25.652 27588 27601 I art     : Starting a blocking GC Explicit
08-05 17:46:25.684 27588 27601 I art     : Explicit concurrent mark sweep GC freed 3(96B) AllocSpace objects, 0(0B) LOS objects, 22% free, 53MB/69MB, paused 696us total 31.572ms
08-05 17:46:25.696 27588 27601 I art     : Starting a blocking GC Explicit
08-05 17:46:25.731 27588 27601 I art     : Explicit concurrent mark sweep GC freed 3(96B) AllocSpace objects, 0(0B) LOS objects, 22% free, 53MB/69MB, paused 731us total 34.677ms
08-05 17:46:25.743 27588 27601 I art     : Starting a blocking GC Explicit
08-05 17:46:25.778 27588 27601 I art     : Explicit concurrent mark sweep GC freed 3(96B) AllocSpace objects, 0(0B) LOS objects, 22% free, 53MB/69MB, paused 825us total 33.874ms
08-05 17:46:26.131 27588 27618 I art     : Starting a blocking GC Explicit
08-05 17:46:26.173 27588 27618 I art     : Explicit concurrent mark sweep GC freed 1344(78KB) AllocSpace objects, 1(20KB) LOS objects, 22% free, 53MB/69MB, paused 804us total 41.291ms
08-05 17:46:26.190 27588 27618 I art     : Starting a blocking GC Explicit
08-05 17:46:26.224 27588 27618 I art     : Explicit concurrent mark sweep GC freed 20(704B) AllocSpace objects, 0(0B) LOS objects, 22% free, 53MB/69MB, paused 722us total 33.229ms
08-05 17:46:26.236 27588 27618 I art     : Starting a blocking GC Explicit
08-05 17:46:26.270 27588 27618 I art     : Explicit concurrent mark sweep GC freed 3(96B) AllocSpace objects, 0(0B) LOS objects, 22% free, 53MB/69MB, paused 724us total 34.021ms
08-05 17:46:26.282 27588 27618 I art     : Starting a blocking GC Explicit
08-05 17:46:26.315 27588 27618 I art     : Explicit concurrent mark sweep GC freed 3(96B) AllocSpace objects, 0(0B) LOS objects, 22% free, 53MB/69MB, paused 733us total 32.417ms
08-05 17:46:26.327 27588 27618 I art     : Starting a blocking GC Explicit
08-05 17:46:26.362 27588 27618 I art     : Explicit concurrent mark sweep GC freed 3(96B) AllocSpace objects, 0(0B) LOS objects, 22% free, 53MB/69MB, paused 728us total 34.594ms
08-05 17:46:26.701 27588 27600 I art     : Starting a blocking GC Explicit
08-05 17:46:26.743 27588 27600 I art     : Explicit concurrent mark sweep GC freed 1344(78KB) AllocSpace objects, 1(20KB) LOS objects, 22% free, 53MB/69MB, paused 749us total 41.852ms
08-05 17:46:26.758 27588 27600 I art     : Starting a blocking GC Explicit
08-05 17:46:26.791 27588 27600 I art     : Explicit concurrent mark sweep GC freed 20(704B) AllocSpace objects, 0(0B) LOS objects, 22% free, 53MB/69MB, paused 701us total 32.084ms
08-05 17:46:26.803 27588 27600 I art     : Starting a blocking GC Explicit
08-05 17:46:26.838 27588 27600 I art     : Explicit concurrent mark sweep GC freed 3(96B) AllocSpace objects, 0(0B) LOS objects, 22% free, 53MB/69MB, paused 845us total 34.438ms
08-05 17:46:26.850 27588 27600 I art     : Starting a blocking GC Explicit
08-05 17:46:26.885 27588 27600 I art     : Explicit concurrent mark sweep GC freed 3(96B) AllocSpace objects, 0(0B) LOS objects, 22% free, 53MB/69MB, paused 740us total 34.403ms
08-05 17:46:26.897 27588 27600 I art     : Starting a blocking GC Explicit
08-05 17:46:26.929 27588 27600 I art     : Explicit concurrent mark sweep GC freed 3(96B) AllocSpace objects, 0(0B) LOS objects, 22% free, 53MB/69MB, paused 812us total 32.178ms
08-05 17:46:27.286 27588 29335 I art     : Starting a blocking GC Explicit
08-05 17:46:27.326 27588 29335 I art     : Explicit concurrent mark sweep GC freed 1344(78KB) AllocSpace objects, 1(20KB) LOS objects, 22% free, 53MB/69MB, paused 784us total 40.436ms
08-05 17:46:27.341 27588 29335 I art     : Starting a blocking GC Explicit
08-05 17:46:27.376 27588 29335 I art     : Explicit concurrent mark sweep GC freed 20(704B) AllocSpace objects, 0(0B) LOS objects, 22% free, 53MB/69MB, paused 739us total 34.472ms
08-05 17:46:27.388 27588 29335 I art     : Starting a blocking GC Explicit
08-05 17:46:27.423 27588 29335 I art     : Explicit concurrent mark sweep GC freed 3(96B) AllocSpace objects, 0(0B) LOS objects, 22% free, 53MB/69MB, paused 715us total 34.095ms
08-05 17:46:27.435 27588 29335 I art     : Starting a blocking GC Explicit
08-05 17:46:27.468 27588 29335 I art     : Explicit concurrent mark sweep GC freed 3(96B) AllocSpace objects, 0(0B) LOS objects, 22% free, 53MB/69MB, paused 830us total 32.915ms
08-05 17:46:27.480 27588 29335 I art     : Starting a blocking GC Explicit
08-05 17:46:27.515 27588 29335 I art     : Explicit concurrent mark sweep GC freed 3(96B) AllocSpace objects, 0(0B) LOS objects, 22% free, 53MB/69MB, paused 734us total 34.423ms
08-05 17:46:27.849 27588 27626 I art     : Starting a blocking GC Explicit
08-05 17:46:27.892 27588 27626 I art     : Explicit concurrent mark sweep GC freed 1344(78KB) AllocSpace objects, 1(20KB) LOS objects, 22% free, 53MB/69MB, paused 759us total 42.442ms
08-05 17:46:27.909 27588 27626 I art     : Starting a blocking GC Explicit
08-05 17:46:27.945 27588 27626 I art     : Explicit concurrent mark sweep GC freed 33(1312B) AllocSpace objects, 0(0B) LOS objects, 22% free, 53MB/69MB, paused 724us total 35.996ms
08-05 17:46:27.958 27588 27626 I art     : Starting a blocking GC Explicit
08-05 17:46:27.992 27588 27626 I art     : Explicit concurrent mark sweep GC freed 17(528B) AllocSpace objects, 0(0B) LOS objects, 22% free, 53MB/69MB, paused 722us total 34.085ms
08-05 17:46:28.004 27588 27626 I art     : Starting a blocking GC Explicit
08-05 17:46:28.038 27588 27626 I art     : Explicit concurrent mark sweep GC freed 3(96B) AllocSpace objects, 0(0B) LOS objects, 22% free, 53MB/69MB, paused 765us total 33.262ms
08-05 17:46:28.050 27588 27626 I art     : Starting a blocking GC Explicit
08-05 17:46:28.082 27588 27626 I art     : Explicit concurrent mark sweep GC freed 3(96B) AllocSpace objects, 0(0B) LOS objects, 22% free, 53MB/69MB, paused 720us total 32.356ms
08-05 17:46:28.371 27588 27601 I art     : Starting a blocking GC Explicit
08-05 17:46:28.410 27588 27601 I art     : Explicit concurrent mark sweep GC freed 1344(78KB) AllocSpace objects, 1(20KB) LOS objects, 22% free, 53MB/69MB, paused 749us total 38.349ms
08-05 17:46:28.425 27588 27601 I art     : Starting a blocking GC Explicit
08-05 17:46:28.458 27588 27601 I art     : Explicit concurrent mark sweep GC freed 20(704B) AllocSpace objects, 0(0B) LOS objects, 22% free, 53MB/69MB, paused 752us total 31.935ms
08-05 17:46:28.469 27588 27601 I art     : Starting a blocking GC Explicit
08-05 17:46:28.502 27588 27601 I art     : Explicit concurrent mark sweep GC freed 3(96B) AllocSpace objects, 0(0B) LOS objects, 22% free, 53MB/69MB, paused 742us total 32.077ms
08-05 17:46:28.514 27588 27601 I art     : Starting a blocking GC Explicit
08-05 17:46:28.545 27588 27601 I art     : Explicit concurrent mark sweep GC freed 3(96B) AllocSpace objects, 0(0B) LOS objects, 22% free, 53MB/69MB, paused 694us total 31.366ms
08-05 17:46:28.557 27588 27601 I art     : Starting a blocking GC Explicit
08-05 17:46:28.589 27588 27601 I art     : Explicit concurrent mark sweep GC freed 3(96B) AllocSpace objects, 0(0B) LOS objects, 22% free, 53MB/69MB, paused 708us total 31.982ms
08-05 17:46:28.760 31005 31005 D AndroidRuntime: >>>>>> START com.android.internal.os.RuntimeInit uid 2000 <<<<<<
08-05 17:46:28.767 31005 31005 D AndroidRuntime: CheckJNI is OFF
08-05 17:46:28.809 31005 31005 D ICU     : No timezone override file found: /data/misc/zoneinfo/current/icu/icu_tzdata.dat
08-05 17:46:28.850 31005 31005 I Radio-JNI: register_android_hardware_Radio DONE
08-05 17:46:28.880 31005 31005 D AndroidRuntime: Calling main entry com.android.commands.input.Input
08-05 17:46:28.882 31005 31005 I Input   : injectKeyEvent: KeyEvent { action=ACTION_DOWN, keyCode=KEYCODE_BACK, scanCode=0, metaState=0, flags=0x0, repeatCount=0, eventTime=812805295, downTime=812805295, deviceId=-1, source=0x101 }
08-05 17:46:28.886 31005 31005 I Input   : injectKeyEvent: KeyEvent { action=ACTION_UP, keyCode=KEYCODE_BACK, scanCode=0, metaState=0, flags=0x0, repeatCount=0, eventTime=812805295, downTime=812805295, deviceId=-1, source=0x101 }
08-05 17:46:28.891 31005 31005 D AndroidRuntime: Shutting down VM
08-05 17:46:28.925 27588 27601 I art     : Starting a blocking GC Explicit
08-05 17:46:28.935 13866 13866 I GoogleInputMethodServic: GoogleInputMethodService.onFinishInput():3138 
08-05 17:46:28.936 13866 13866 I GoogleInputMethodServic: GoogleInputMethodService.onStartInput():1808 
08-05 17:46:28.956 27588 27601 I art     : Explicit concurrent mark sweep GC freed 1515(85KB) AllocSpace objects, 1(20KB) LOS objects, 22% free, 53MB/69MB, paused 678us total 31.011ms
08-05 17:46:28.969 27588 27601 I art     : Starting a blocking GC Explicit
08-05 17:46:28.998 27588 27601 I art     : Explicit concurrent mark sweep GC freed 34(1168B) AllocSpace objects, 0(0B) LOS objects, 22% free, 53MB/69MB, paused 645us total 29.227ms
08-05 17:46:29.009 27588 27601 I art     : Starting a blocking GC Explicit
08-05 17:46:29.036 27588 27601 I art     : Explicit concurrent mark sweep GC freed 6(224B) AllocSpace objects, 0(0B) LOS objects, 22% free, 53MB/69MB, paused 622us total 26.573ms
08-05 17:46:29.047 27588 27601 I art     : Starting a blocking GC Explicit
08-05 17:46:29.074 27588 27601 I art     : Explicit concurrent mark sweep GC freed 3(96B) AllocSpace objects, 0(0B) LOS objects, 22% free, 53MB/69MB, paused 636us total 26.712ms
08-05 17:46:29.086 27588 27601 I art     : Starting a blocking GC Explicit
08-05 17:46:29.120 27588 27601 I art     : Explicit concurrent mark sweep GC freed 3(96B) AllocSpace objects, 0(0B) LOS objects, 22% free, 53MB/69MB, paused 785us total 33.761ms
08-05 17:46:29.246   380   380 W SurfaceFlinger: couldn't log to binary event log: overflow.
08-05 17:46:29.251   918  3261 D WifiStateMachine: starting scan for "H369AA63323"WPA_PSK with 2412,5180
08-05 17:46:29.409 27588 27618 I art     : Starting a blocking GC Explicit
08-05 17:46:29.438 27588 27618 I art     : Explicit concurrent mark sweep GC freed 1453(86KB) AllocSpace objects, 1(20KB) LOS objects, 22% free, 53MB/69MB, paused 746us total 28.709ms
08-05 17:46:29.449 27588 27618 I art     : Starting a blocking GC Explicit
08-05 17:46:29.476 27588 27618 I art     : Explicit concurrent mark sweep GC freed 1670(108KB) AllocSpace objects, 3(180KB) LOS objects, 22% free, 53MB/69MB, paused 641us total 27.051ms
08-05 17:46:29.487 27588 27618 I art     : Starting a blocking GC Explicit
08-05 17:46:29.514 27588 27618 I art     : Explicit concurrent mark sweep GC freed 3(96B) AllocSpace objects, 0(0B) LOS objects, 22% free, 53MB/69MB, paused 666us total 27.113ms
08-05 17:46:29.525 27588 27618 I art     : Starting a blocking GC Explicit
08-05 17:46:29.552 27588 27618 I art     : Explicit concurrent mark sweep GC freed 3(96B) AllocSpace objects, 0(0B) LOS objects, 22% free, 53MB/69MB, paused 652us total 27.015ms
08-05 17:46:29.552 27588 27599 I art     : WaitForGcToComplete blocked for 10.645ms for cause HeapTrim
08-05 17:46:29.563 27588 27618 I art     : Starting a blocking GC Explicit
08-05 17:46:29.591 27588 27618 I art     : Explicit concurrent mark sweep GC freed 3(96B) AllocSpace objects, 0(0B) LOS objects, 22% free, 53MB/69MB, paused 656us total 27.502ms
08-05 17:46:29.894 27588 27626 I art     : Starting a blocking GC Explicit
08-05 17:46:29.931 27588 27626 I art     : Explicit concurrent mark sweep GC freed 1344(78KB) AllocSpace objects, 1(20KB) LOS objects, 22% free, 53MB/69MB, paused 771us total 36.167ms
08-05 17:46:29.947 27588 27626 I art     : Starting a blocking GC Explicit
08-05 17:46:29.978 27588 27626 I art     : Explicit concurrent mark sweep GC freed 20(704B) AllocSpace objects, 0(0B) LOS objects, 22% free, 53MB/69MB, paused 715us total 30.241ms
08-05 17:46:29.989 27588 27626 I art     : Starting a blocking GC Explicit
08-05 17:46:30.020 27588 27626 I art     : Explicit concurrent mark sweep GC freed 3(96B) AllocSpace objects, 0(0B) LOS objects, 22% free, 53MB/69MB, paused 663us total 30.033ms
08-05 17:46:30.031 27588 27626 I art     : Starting a blocking GC Explicit
08-05 17:46:30.061 27588 27626 I art     : Explicit concurrent mark sweep GC freed 3(96B) AllocSpace objects, 0(0B) LOS objects, 22% free, 53MB/69MB, paused 740us total 29.653ms
08-05 17:46:30.073 27588 27626 I art     : Starting a blocking GC Explicit
08-05 17:46:30.104 27588 27626 I art     : Explicit concurrent mark sweep GC freed 3(96B) AllocSpace objects, 0(0B) LOS objects, 22% free, 53MB/69MB, paused 693us total 30.300ms
08-05 17:46:30.391 27588 27600 I art     : Starting a blocking GC Explicit
08-05 17:46:30.424 27588 27600 I art     : Explicit concurrent mark sweep GC freed 1344(78KB) AllocSpace objects, 1(20KB) LOS objects, 22% free, 53MB/69MB, paused 752us total 33.123ms
08-05 17:46:30.439 27588 27600 I art     : Starting a blocking GC Explicit
08-05 17:46:30.471 27588 27600 I art     : Explicit concurrent mark sweep GC freed 20(704B) AllocSpace objects, 0(0B) LOS objects, 22% free, 53MB/69MB, paused 720us total 31.530ms
08-05 17:46:30.483 27588 27600 I art     : Starting a blocking GC Explicit
08-05 17:46:30.514 27588 27600 I art     : Explicit concurrent mark sweep GC freed 3(96B) AllocSpace objects, 0(0B) LOS objects, 22% free, 53MB/69MB, paused 718us total 30.972ms
08-05 17:46:30.526 27588 27600 I art     : Starting a blocking GC Explicit
08-05 17:46:30.558 27588 27600 I art     : Explicit concurrent mark sweep GC freed 3(96B) AllocSpace objects, 0(0B) LOS objects, 22% free, 53MB/69MB, paused 755us total 31.644ms
08-05 17:46:30.570 27588 27600 I art     : Starting a blocking GC Explicit
08-05 17:46:30.601 27588 27600 I art     : Explicit concurrent mark sweep GC freed 3(96B) AllocSpace objects, 0(0B) LOS objects, 22% free, 53MB/69MB, paused 710us total 31.405ms
08-05 17:46:30.683 31058 31058 D AndroidRuntime: >>>>>> START com.android.internal.os.RuntimeInit uid 2000 <<<<<<
08-05 17:46:30.690 31058 31058 D AndroidRuntime: CheckJNI is OFF
08-05 17:46:30.740 31058 31058 D ICU     : No timezone override file found: /data/misc/zoneinfo/current/icu/icu_tzdata.dat
08-05 17:46:30.783 31058 31058 I Radio-JNI: register_android_hardware_Radio DONE
08-05 17:46:30.812 31058 31058 D AndroidRuntime: Calling main entry com.android.commands.input.Input
08-05 17:46:30.814 31058 31058 I Input   : injectMotionEvent: MotionEvent { action=ACTION_DOWN, actionButton=0, id[0]=0, x[0]=255.0, y[0]=1845.0, toolType[0]=TOOL_TYPE_UNKNOWN, buttonState=0, metaState=0, flags=0x0, edgeFlags=0x0, pointerCount=1, historySize=0, eventTime=812807226, downTime=812807226, deviceId=0, source=0x1002 }
08-05 17:46:30.819 31058 31058 I Input   : injectMotionEvent: MotionEvent { action=ACTION_UP, actionButton=0, id[0]=0, x[0]=255.0, y[0]=1845.0, toolType[0]=TOOL_TYPE_UNKNOWN, buttonState=0, metaState=0, flags=0x0, edgeFlags=0x0, pointerCount=1, historySize=0, eventTime=812807226, downTime=812807226, deviceId=0, source=0x1002 }
08-05 17:46:30.820   918  6112 I ActivityManager: START u0 {cmp=baseline.appteam.nith.hillffair/.activities.ClubActivity (has extras)} from uid 10675 on display 0
08-05 17:46:30.827 31058 31058 D AndroidRuntime: Shutting down VM
08-05 17:46:30.922 27588 29335 I art     : Starting a blocking GC Explicit
08-05 17:46:30.932 27588 27588 I NAPPA_EXPERIMENTATION: MetricNetworkRequestExecutionTime: REQUEST_DURATION_SYSTEM='65',REQUEST_DURATION_OKHTTP='38',REQUEST_SYNCHRONOUS='FALSE',RESPONSE_CODE='200',RESPONSE_METHOD='GET',RESPONSE_LENGTH_OKHTTP='1171',RESPONSE_LENGTH_HEADER='-2',REQUEST_PROTOCOL='http/1.1',REQUEST_URL='https://api-hillfair-2k16.herokuapp.com/api/app/club/Technical%20Committee',
08-05 17:46:30.938   918   936 I ActivityManager: Displayed baseline.appteam.nith.hillffair/.activities.ClubActivity: +110ms
08-05 17:46:30.939 13866 13866 I GoogleInputMethodServic: GoogleInputMethodService.onFinishInput():3138 
08-05 17:46:30.939 13866 13866 I GoogleInputMethodServic: GoogleInputMethodService.onStartInput():1808 
08-05 17:46:30.956 27588 29335 I art     : Explicit concurrent mark sweep GC freed 5734(415KB) AllocSpace objects, 1(20KB) LOS objects, 22% free, 53MB/69MB, paused 824us total 34.158ms
08-05 17:46:30.968 27588 29335 I art     : Starting a blocking GC Explicit
08-05 17:46:30.998 27588 29335 I art     : Explicit concurrent mark sweep GC freed 298(13KB) AllocSpace objects, 0(0B) LOS objects, 22% free, 53MB/69MB, paused 733us total 29.189ms
08-05 17:46:31.009 27588 29335 I art     : Starting a blocking GC Explicit
08-05 17:46:31.036 27588 29335 I art     : Explicit concurrent mark sweep GC freed 7(240B) AllocSpace objects, 0(0B) LOS objects, 22% free, 53MB/69MB, paused 737us total 27.399ms
08-05 17:46:31.047 27588 29335 I art     : Starting a blocking GC Explicit
08-05 17:46:31.077 27588 29335 I art     : Explicit concurrent mark sweep GC freed 3(96B) AllocSpace objects, 0(0B) LOS objects, 22% free, 53MB/69MB, paused 667us total 29.064ms
08-05 17:46:31.090 27588 29335 I art     : Starting a blocking GC Explicit
08-05 17:46:31.125 27588 29335 I art     : Explicit concurrent mark sweep GC freed 3(96B) AllocSpace objects, 0(0B) LOS objects, 22% free, 53MB/69MB, paused 668us total 34.473ms
08-05 17:46:31.199   380   380 W SurfaceFlinger: couldn't log to binary event log: overflow.
08-05 17:46:31.416 27588 29335 I art     : Starting a blocking GC Explicit
08-05 17:46:31.448 27588 29335 I art     : Explicit concurrent mark sweep GC freed 1444(84KB) AllocSpace objects, 1(20KB) LOS objects, 22% free, 53MB/69MB, paused 667us total 31.297ms
08-05 17:46:31.461 27588 29335 I art     : Starting a blocking GC Explicit
08-05 17:46:31.492 27588 29335 I art     : Explicit concurrent mark sweep GC freed 36(1264B) AllocSpace objects, 0(0B) LOS objects, 22% free, 53MB/69MB, paused 706us total 30.964ms
08-05 17:46:31.504 27588 29335 I art     : Starting a blocking GC Explicit
08-05 17:46:31.535 27588 29335 I art     : Explicit concurrent mark sweep GC freed 3(96B) AllocSpace objects, 0(0B) LOS objects, 22% free, 53MB/69MB, paused 710us total 31.421ms
08-05 17:46:31.547 27588 29335 I art     : Starting a blocking GC Explicit
08-05 17:46:31.578 27588 29335 I art     : Explicit concurrent mark sweep GC freed 3(96B) AllocSpace objects, 0(0B) LOS objects, 22% free, 53MB/69MB, paused 725us total 30.495ms
08-05 17:46:31.590 27588 29335 I art     : Starting a blocking GC Explicit
08-05 17:46:31.621 27588 29335 I art     : Explicit concurrent mark sweep GC freed 3(96B) AllocSpace objects, 0(0B) LOS objects, 22% free, 53MB/69MB, paused 711us total 30.972ms
08-05 17:46:31.938 27588 27600 I art     : Starting a blocking GC Explicit
08-05 17:46:31.978 27588 27600 I art     : Explicit concurrent mark sweep GC freed 1344(78KB) AllocSpace objects, 1(20KB) LOS objects, 22% free, 53MB/69MB, paused 862us total 39.615ms
08-05 17:46:31.992 27588 27600 I art     : Starting a blocking GC Explicit
08-05 17:46:32.023 27588 27600 I art     : Explicit concurrent mark sweep GC freed 20(704B) AllocSpace objects, 0(0B) LOS objects, 22% free, 53MB/69MB, paused 716us total 30.639ms
08-05 17:46:32.035 27588 27600 I art     : Starting a blocking GC Explicit
08-05 17:46:32.067 27588 27600 I art     : Explicit concurrent mark sweep GC freed 3(96B) AllocSpace objects, 0(0B) LOS objects, 22% free, 53MB/69MB, paused 776us total 31.490ms
08-05 17:46:32.079 27588 27600 I art     : Starting a blocking GC Explicit
08-05 17:46:32.110 27588 27600 I art     : Explicit concurrent mark sweep GC freed 3(96B) AllocSpace objects, 0(0B) LOS objects, 22% free, 53MB/69MB, paused 711us total 31.503ms
08-05 17:46:32.122 27588 27600 I art     : Starting a blocking GC Explicit
08-05 17:46:32.153 27588 27600 I art     : Explicit concurrent mark sweep GC freed 3(96B) AllocSpace objects, 0(0B) LOS objects, 22% free, 53MB/69MB, paused 815us total 30.950ms
08-05 17:46:32.469 27588 27626 I art     : Starting a blocking GC Explicit
08-05 17:46:32.509 27588 27626 I art     : Explicit concurrent mark sweep GC freed 1344(78KB) AllocSpace objects, 1(20KB) LOS objects, 22% free, 53MB/69MB, paused 821us total 39.746ms
08-05 17:46:32.524 27588 27626 I art     : Starting a blocking GC Explicit
08-05 17:46:32.563 27588 27626 I art     : Explicit concurrent mark sweep GC freed 20(704B) AllocSpace objects, 0(0B) LOS objects, 22% free, 53MB/69MB, paused 779us total 38.734ms
08-05 17:46:32.578 27588 27626 I art     : Starting a blocking GC Explicit
08-05 17:46:32.615 27588 27626 I art     : Explicit concurrent mark sweep GC freed 3(96B) AllocSpace objects, 0(0B) LOS objects, 22% free, 53MB/69MB, paused 745us total 36.877ms
08-05 17:46:32.627 27588 27626 I art     : Starting a blocking GC Explicit
08-05 17:46:32.661 27588 27626 I art     : Explicit concurrent mark sweep GC freed 3(96B) AllocSpace objects, 0(0B) LOS objects, 22% free, 53MB/69MB, paused 764us total 33.877ms
08-05 17:46:32.673 27588 27626 I art     : Starting a blocking GC Explicit
08-05 17:46:32.706 27588 27626 I art     : Explicit concurrent mark sweep GC freed 3(96B) AllocSpace objects, 0(0B) LOS objects, 22% free, 53MB/69MB, paused 706us total 32.438ms
08-05 17:46:33.059 27588 27618 I art     : Starting a blocking GC Explicit
08-05 17:46:33.097 27588 27618 I art     : Explicit concurrent mark sweep GC freed 1344(78KB) AllocSpace objects, 1(20KB) LOS objects, 22% free, 53MB/69MB, paused 755us total 37.342ms
08-05 17:46:33.112 27588 27618 I art     : Starting a blocking GC Explicit
08-05 17:46:33.146 27588 27618 I art     : Explicit concurrent mark sweep GC freed 20(704B) AllocSpace objects, 0(0B) LOS objects, 22% free, 53MB/69MB, paused 706us total 34.470ms
08-05 17:46:33.158 27588 27618 I art     : Starting a blocking GC Explicit
08-05 17:46:33.190 27588 27618 I art     : Explicit concurrent mark sweep GC freed 3(96B) AllocSpace objects, 0(0B) LOS objects, 22% free, 53MB/69MB, paused 711us total 31.849ms
08-05 17:46:33.203 27588 27618 I art     : Starting a blocking GC Explicit
08-05 17:46:33.237 27588 27618 I art     : Explicit concurrent mark sweep GC freed 3(96B) AllocSpace objects, 0(0B) LOS objects, 22% free, 53MB/69MB, paused 802us total 34.519ms
08-05 17:46:33.250 27588 27618 I art     : Starting a blocking GC Explicit
08-05 17:46:33.284 27588 27618 I art     : Explicit concurrent mark sweep GC freed 3(96B) AllocSpace objects, 0(0B) LOS objects, 22% free, 53MB/69MB, paused 740us total 34.326ms
08-05 17:46:33.635 27588 27601 I art     : Starting a blocking GC Explicit
08-05 17:46:33.681 27588 27601 I art     : Explicit concurrent mark sweep GC freed 1344(78KB) AllocSpace objects, 1(20KB) LOS objects, 22% free, 53MB/69MB, paused 798us total 45.852ms
08-05 17:46:33.697 27588 27601 I art     : Starting a blocking GC Explicit
08-05 17:46:33.732 27588 27601 I art     : Explicit concurrent mark sweep GC freed 20(704B) AllocSpace objects, 0(0B) LOS objects, 22% free, 53MB/69MB, paused 749us total 34.562ms
08-05 17:46:33.744 27588 27601 I art     : Starting a blocking GC Explicit
08-05 17:46:33.779 27588 27601 I art     : Explicit concurrent mark sweep GC freed 3(96B) AllocSpace objects, 0(0B) LOS objects, 22% free, 53MB/69MB, paused 777us total 34.002ms
08-05 17:46:33.791 27588 27601 I art     : Starting a blocking GC Explicit
08-05 17:46:33.824 27588 27601 I art     : Explicit concurrent mark sweep GC freed 3(96B) AllocSpace objects, 0(0B) LOS objects, 22% free, 53MB/69MB, paused 691us total 32.880ms
08-05 17:46:33.836 27588 27601 I art     : Starting a blocking GC Explicit
08-05 17:46:33.871 27588 27601 I art     : Explicit concurrent mark sweep GC freed 3(96B) AllocSpace objects, 0(0B) LOS objects, 22% free, 53MB/69MB, paused 747us total 34.205ms
08-05 17:46:34.212 27588 29335 I art     : Starting a blocking GC Explicit
08-05 17:46:34.258 27588 29335 I art     : Explicit concurrent mark sweep GC freed 1344(78KB) AllocSpace objects, 1(20KB) LOS objects, 22% free, 53MB/69MB, paused 838us total 46.067ms
08-05 17:46:34.275 27588 29335 I art     : Starting a blocking GC Explicit
08-05 17:46:34.307 27588 29335 I art     : Explicit concurrent mark sweep GC freed 20(704B) AllocSpace objects, 0(0B) LOS objects, 22% free, 53MB/69MB, paused 797us total 31.268ms
08-05 17:46:34.319 27588 29335 I art     : Starting a blocking GC Explicit
08-05 17:46:34.354 27588 29335 I art     : Explicit concurrent mark sweep GC freed 3(96B) AllocSpace objects, 0(0B) LOS objects, 22% free, 53MB/69MB, paused 730us total 34.427ms
08-05 17:46:34.366 27588 29335 I art     : Starting a blocking GC Explicit
08-05 17:46:34.401 27588 29335 I art     : Explicit concurrent mark sweep GC freed 3(96B) AllocSpace objects, 0(0B) LOS objects, 22% free, 53MB/69MB, paused 728us total 34.615ms
08-05 17:46:34.413 27588 29335 I art     : Starting a blocking GC Explicit
08-05 17:46:34.447 27588 29335 I art     : Explicit concurrent mark sweep GC freed 3(96B) AllocSpace objects, 0(0B) LOS objects, 22% free, 53MB/69MB, paused 811us total 33.576ms
08-05 17:46:34.782 27588 27600 I art     : Starting a blocking GC Explicit
08-05 17:46:34.828 27588 27600 I art     : Explicit concurrent mark sweep GC freed 1344(78KB) AllocSpace objects, 1(20KB) LOS objects, 22% free, 53MB/69MB, paused 918us total 45.828ms
08-05 17:46:34.844 27588 27600 I art     : Starting a blocking GC Explicit
08-05 17:46:34.881 27588 27600 I art     : Explicit concurrent mark sweep GC freed 20(704B) AllocSpace objects, 0(0B) LOS objects, 22% free, 53MB/69MB, paused 744us total 36.067ms
08-05 17:46:34.893 27588 27600 I art     : Starting a blocking GC Explicit
08-05 17:46:34.926 27588 27600 I art     : Explicit concurrent mark sweep GC freed 3(96B) AllocSpace objects, 0(0B) LOS objects, 22% free, 53MB/69MB, paused 701us total 32.508ms
08-05 17:46:34.939 27588 27600 I art     : Starting a blocking GC Explicit
08-05 17:46:34.973 27588 27600 I art     : Explicit concurrent mark sweep GC freed 3(96B) AllocSpace objects, 0(0B) LOS objects, 22% free, 53MB/69MB, paused 690us total 34.191ms
08-05 17:46:34.987 27588 27600 I art     : Starting a blocking GC Explicit
08-05 17:46:35.021 27588 27600 I art     : Explicit concurrent mark sweep GC freed 3(96B) AllocSpace objects, 0(0B) LOS objects, 22% free, 53MB/69MB, paused 729us total 34.265ms
08-05 17:46:35.308 27588 27626 I art     : Starting a blocking GC Explicit
08-05 17:46:35.343 27588 27626 I art     : Explicit concurrent mark sweep GC freed 1344(78KB) AllocSpace objects, 1(20KB) LOS objects, 22% free, 53MB/69MB, paused 781us total 35.115ms
08-05 17:46:35.357 27588 27626 I art     : Starting a blocking GC Explicit
08-05 17:46:35.388 27588 27626 I art     : Explicit concurrent mark sweep GC freed 20(704B) AllocSpace objects, 0(0B) LOS objects, 22% free, 53MB/69MB, paused 827us total 30.132ms
08-05 17:46:35.399 27588 27626 I art     : Starting a blocking GC Explicit
08-05 17:46:35.432 27588 27626 I art     : Explicit concurrent mark sweep GC freed 3(96B) AllocSpace objects, 0(0B) LOS objects, 22% free, 53MB/69MB, paused 768us total 32.262ms
08-05 17:46:35.444 27588 27626 I art     : Starting a blocking GC Explicit
08-05 17:46:35.477 27588 27626 I art     : Explicit concurrent mark sweep GC freed 3(96B) AllocSpace objects, 0(0B) LOS objects, 22% free, 53MB/69MB, paused 723us total 32.698ms
08-05 17:46:35.488 27588 27626 I art     : Starting a blocking GC Explicit
08-05 17:46:35.521 27588 27626 I art     : Explicit concurrent mark sweep GC freed 3(96B) AllocSpace objects, 0(0B) LOS objects, 22% free, 53MB/69MB, paused 707us total 32.008ms
08-05 17:46:35.641 31164 31164 D AndroidRuntime: >>>>>> START com.android.internal.os.RuntimeInit uid 2000 <<<<<<
08-05 17:46:35.649 31164 31164 D AndroidRuntime: CheckJNI is OFF
08-05 17:46:35.693 31164 31164 D ICU     : No timezone override file found: /data/misc/zoneinfo/current/icu/icu_tzdata.dat
08-05 17:46:35.735 31164 31164 I Radio-JNI: register_android_hardware_Radio DONE
08-05 17:46:35.764 31164 31164 D AndroidRuntime: Calling main entry com.android.commands.input.Input
08-05 17:46:35.766 31164 31164 I Input   : injectKeyEvent: KeyEvent { action=ACTION_DOWN, keyCode=KEYCODE_BACK, scanCode=0, metaState=0, flags=0x0, repeatCount=0, eventTime=812812178, downTime=812812178, deviceId=-1, source=0x101 }
08-05 17:46:35.774 31164 31164 I Input   : injectKeyEvent: KeyEvent { action=ACTION_UP, keyCode=KEYCODE_BACK, scanCode=0, metaState=0, flags=0x0, repeatCount=0, eventTime=812812178, downTime=812812178, deviceId=-1, source=0x101 }
08-05 17:46:35.781 31164 31164 D AndroidRuntime: Shutting down VM
08-05 17:46:35.817 13866 13866 I GoogleInputMethodServic: GoogleInputMethodService.onFinishInput():3138 
08-05 17:46:35.818 13866 13866 I GoogleInputMethodServic: GoogleInputMethodService.onStartInput():1808 
08-05 17:46:35.846 27588 27626 I art     : Starting a blocking GC Explicit
08-05 17:46:35.876 27588 27626 I art     : Explicit concurrent mark sweep GC freed 1526(86KB) AllocSpace objects, 1(20KB) LOS objects, 22% free, 53MB/69MB, paused 685us total 29.256ms
08-05 17:46:35.887 27588 27626 I art     : Starting a blocking GC Explicit
08-05 17:46:35.915 27588 27626 I art     : Explicit concurrent mark sweep GC freed 26(944B) AllocSpace objects, 0(0B) LOS objects, 22% free, 53MB/69MB, paused 690us total 27.828ms
08-05 17:46:35.926 27588 27626 I art     : Starting a blocking GC Explicit
08-05 17:46:35.954 27588 27626 I art     : Explicit concurrent mark sweep GC freed 3(96B) AllocSpace objects, 0(0B) LOS objects, 22% free, 53MB/69MB, paused 646us total 27.503ms
08-05 17:46:35.966 27588 27626 I art     : Starting a blocking GC Explicit
08-05 17:46:36.002 27588 27626 I art     : Explicit concurrent mark sweep GC freed 3(96B) AllocSpace objects, 0(0B) LOS objects, 22% free, 53MB/69MB, paused 748us total 36.469ms
08-05 17:46:36.018 27588 27626 I art     : Starting a blocking GC Explicit
08-05 17:46:36.053 27588 27626 I art     : Explicit concurrent mark sweep GC freed 3(96B) AllocSpace objects, 0(0B) LOS objects, 22% free, 53MB/69MB, paused 649us total 35.202ms
08-05 17:46:36.120   380   380 W SurfaceFlinger: couldn't log to binary event log: overflow.
08-05 17:46:36.348 27588 27601 I art     : Starting a blocking GC Explicit
08-05 17:46:36.381 27588 27601 I art     : Explicit concurrent mark sweep GC freed 1453(86KB) AllocSpace objects, 1(20KB) LOS objects, 22% free, 53MB/69MB, paused 735us total 32.571ms
08-05 17:46:36.393 27588 27601 I art     : Starting a blocking GC Explicit
08-05 17:46:36.423 27588 27601 I art     : Explicit concurrent mark sweep GC freed 1671(108KB) AllocSpace objects, 3(180KB) LOS objects, 22% free, 53MB/69MB, paused 701us total 30.476ms
08-05 17:46:36.435 27588 27601 I art     : Starting a blocking GC Explicit
08-05 17:46:36.465 27588 27601 I art     : Explicit concurrent mark sweep GC freed 3(96B) AllocSpace objects, 0(0B) LOS objects, 22% free, 53MB/69MB, paused 704us total 30.031ms
08-05 17:46:36.477 27588 27601 I art     : Starting a blocking GC Explicit
08-05 17:46:36.508 27588 27601 I art     : Explicit concurrent mark sweep GC freed 3(96B) AllocSpace objects, 0(0B) LOS objects, 22% free, 53MB/69MB, paused 735us total 30.316ms
08-05 17:46:36.519 27588 27601 I art     : Starting a blocking GC Explicit
08-05 17:46:36.550 27588 27601 I art     : Explicit concurrent mark sweep GC freed 3(96B) AllocSpace objects, 0(0B) LOS objects, 22% free, 53MB/69MB, paused 716us total 30.876ms
08-05 17:46:36.848 27588 27600 I art     : Starting a blocking GC Explicit
08-05 17:46:36.888 27588 27600 I art     : Explicit concurrent mark sweep GC freed 1344(78KB) AllocSpace objects, 1(20KB) LOS objects, 22% free, 53MB/69MB, paused 871us total 40.240ms
08-05 17:46:36.903 27588 27600 I art     : Starting a blocking GC Explicit
08-05 17:46:36.933 27588 27600 I art     : Explicit concurrent mark sweep GC freed 20(704B) AllocSpace objects, 0(0B) LOS objects, 22% free, 53MB/69MB, paused 705us total 30.137ms
08-05 17:46:36.945 27588 27600 I art     : Starting a blocking GC Explicit
08-05 17:46:36.976 27588 27600 I art     : Explicit concurrent mark sweep GC freed 3(96B) AllocSpace objects, 0(0B) LOS objects, 22% free, 53MB/69MB, paused 780us total 30.638ms
08-05 17:46:36.988 27588 27600 I art     : Starting a blocking GC Explicit
08-05 17:46:37.018 27588 27600 I art     : Explicit concurrent mark sweep GC freed 3(96B) AllocSpace objects, 0(0B) LOS objects, 22% free, 53MB/69MB, paused 696us total 29.529ms
08-05 17:46:37.030 27588 27600 I art     : Starting a blocking GC Explicit
08-05 17:46:37.058 27588 27600 I art     : Explicit concurrent mark sweep GC freed 3(96B) AllocSpace objects, 0(0B) LOS objects, 22% free, 53MB/69MB, paused 747us total 28.238ms
08-05 17:46:37.191 26632 26632 I ServiceManager: Waiting for service AtCmdFwd...
08-05 17:46:37.357 27588 27618 I art     : Starting a blocking GC Explicit
08-05 17:46:37.368   918  3188 I hubconnection: sensorhub said: 'set_bias 3: -5.0784, 0.0000, 0.0000'
08-05 17:46:37.394 27588 27618 I art     : Explicit concurrent mark sweep GC freed 1344(78KB) AllocSpace objects, 1(20KB) LOS objects, 22% free, 53MB/69MB, paused 785us total 36.042ms
08-05 17:46:37.408 27588 27618 I art     : Starting a blocking GC Explicit
08-05 17:46:37.441 27588 27618 I art     : Explicit concurrent mark sweep GC freed 20(704B) AllocSpace objects, 0(0B) LOS objects, 22% free, 53MB/69MB, paused 732us total 32.362ms
08-05 17:46:37.452 27588 27618 I art     : Starting a blocking GC Explicit
08-05 17:46:37.483 27588 27618 I art     : Explicit concurrent mark sweep GC freed 3(96B) AllocSpace objects, 0(0B) LOS objects, 22% free, 53MB/69MB, paused 720us total 30.714ms
08-05 17:46:37.495 27588 27618 I art     : Starting a blocking GC Explicit
08-05 17:46:37.526 27588 27618 I art     : Explicit concurrent mark sweep GC freed 3(96B) AllocSpace objects, 0(0B) LOS objects, 22% free, 53MB/69MB, paused 757us total 30.785ms
08-05 17:46:37.538 27588 27618 I art     : Starting a blocking GC Explicit
08-05 17:46:37.569 27588 27618 I art     : Explicit concurrent mark sweep GC freed 3(96B) AllocSpace objects, 0(0B) LOS objects, 22% free, 53MB/69MB, paused 739us total 31.109ms
08-05 17:46:37.584 31219 31219 D AndroidRuntime: >>>>>> START com.android.internal.os.RuntimeInit uid 2000 <<<<<<
08-05 17:46:37.590 31219 31219 D AndroidRuntime: CheckJNI is OFF
08-05 17:46:37.634 31219 31219 D ICU     : No timezone override file found: /data/misc/zoneinfo/current/icu/icu_tzdata.dat
08-05 17:46:37.682 31219 31219 I Radio-JNI: register_android_hardware_Radio DONE
08-05 17:46:37.715 31219 31219 D AndroidRuntime: Calling main entry com.android.commands.input.Input
08-05 17:46:37.718 31219 31219 I Input   : injectMotionEvent: MotionEvent { action=ACTION_DOWN, actionButton=0, id[0]=0, x[0]=369.0, y[0]=554.0, toolType[0]=TOOL_TYPE_UNKNOWN, buttonState=0, metaState=0, flags=0x0, edgeFlags=0x0, pointerCount=1, historySize=0, eventTime=812814130, downTime=812814130, deviceId=0, source=0x1002 }
08-05 17:46:37.724 31219 31219 I Input   : injectMotionEvent: MotionEvent { action=ACTION_UP, actionButton=0, id[0]=0, x[0]=369.0, y[0]=554.0, toolType[0]=TOOL_TYPE_UNKNOWN, buttonState=0, metaState=0, flags=0x0, edgeFlags=0x0, pointerCount=1, historySize=0, eventTime=812814130, downTime=812814130, deviceId=0, source=0x1002 }
08-05 17:46:37.726   918  5952 I ActivityManager: START u0 {cmp=baseline.appteam.nith.hillffair/.activities.ClubActivity (has extras)} from uid 10675 on display 0
08-05 17:46:37.736 31219 31219 D AndroidRuntime: Shutting down VM
08-05 17:46:37.829 27588 27588 I NAPPA_EXPERIMENTATION: MetricNetworkRequestExecutionTime: REQUEST_DURATION_SYSTEM='58',REQUEST_DURATION_OKHTTP='38',REQUEST_SYNCHRONOUS='FALSE',RESPONSE_CODE='200',RESPONSE_METHOD='GET',RESPONSE_LENGTH_OKHTTP='979',RESPONSE_LENGTH_HEADER='-2',REQUEST_PROTOCOL='http/1.1',REQUEST_URL='https://api-hillfair-2k16.herokuapp.com/api/app/club/PR%20Club',
08-05 17:46:37.836 13866 13866 I GoogleInputMethodServic: GoogleInputMethodService.onFinishInput():3138 
08-05 17:46:37.836   918   936 I ActivityManager: Displayed baseline.appteam.nith.hillffair/.activities.ClubActivity: +99ms
08-05 17:46:37.837 13866 13866 I GoogleInputMethodServic: GoogleInputMethodService.onStartInput():1808 
08-05 17:46:37.880 27588 27626 I art     : Starting a blocking GC Explicit
08-05 17:46:37.908 27588 27626 I art     : Explicit concurrent mark sweep GC freed 5753(413KB) AllocSpace objects, 1(20KB) LOS objects, 22% free, 53MB/69MB, paused 733us total 27.888ms
08-05 17:46:37.919 27588 27626 I art     : Starting a blocking GC Explicit
08-05 17:46:37.948 27588 27626 I art     : Explicit concurrent mark sweep GC freed 278(12KB) AllocSpace objects, 0(0B) LOS objects, 22% free, 53MB/69MB, paused 741us total 28.603ms
08-05 17:46:37.960 27588 27626 I art     : Starting a blocking GC Explicit
08-05 17:46:37.995 27588 27626 I art     : Explicit concurrent mark sweep GC freed 3(96B) AllocSpace objects, 0(0B) LOS objects, 22% free, 53MB/69MB, paused 733us total 34.407ms
08-05 17:46:38.008 27588 27626 I art     : Starting a blocking GC Explicit
08-05 17:46:38.045 27588 27626 I art     : Explicit concurrent mark sweep GC freed 3(96B) AllocSpace objects, 0(0B) LOS objects, 22% free, 53MB/69MB, paused 738us total 37.273ms
08-05 17:46:38.060 27588 27626 I art     : Starting a blocking GC Explicit
08-05 17:46:38.072   380   380 W SurfaceFlinger: couldn't log to binary event log: overflow.
08-05 17:46:38.093 27588 27626 I art     : Explicit concurrent mark sweep GC freed 3(96B) AllocSpace objects, 0(0B) LOS objects, 22% free, 53MB/69MB, paused 734us total 32.735ms
08-05 17:46:38.191 26632 26632 I ServiceManager: Waiting for service AtCmdFwd...
08-05 17:46:38.394 27588 29335 I art     : Starting a blocking GC Explicit
08-05 17:46:38.430 27588 29335 I art     : Explicit concurrent mark sweep GC freed 1444(84KB) AllocSpace objects, 1(20KB) LOS objects, 22% free, 53MB/69MB, paused 802us total 35.659ms
08-05 17:46:38.446 27588 29335 I art     : Starting a blocking GC Explicit
08-05 17:46:38.477 27588 29335 I art     : Explicit concurrent mark sweep GC freed 36(1264B) AllocSpace objects, 0(0B) LOS objects, 22% free, 53MB/69MB, paused 815us total 30.486ms
08-05 17:46:38.488 27588 29335 I art     : Starting a blocking GC Explicit
08-05 17:46:38.520 27588 29335 I art     : Explicit concurrent mark sweep GC freed 3(96B) AllocSpace objects, 0(0B) LOS objects, 22% free, 53MB/69MB, paused 729us total 31.558ms
08-05 17:46:38.532 27588 29335 I art     : Starting a blocking GC Explicit
08-05 17:46:38.565 27588 29335 I art     : Explicit concurrent mark sweep GC freed 3(96B) AllocSpace objects, 0(0B) LOS objects, 22% free, 53MB/69MB, paused 745us total 32.135ms
08-05 17:46:38.577 27588 29335 I art     : Starting a blocking GC Explicit
08-05 17:46:38.609 27588 29335 I art     : Explicit concurrent mark sweep GC freed 3(96B) AllocSpace objects, 0(0B) LOS objects, 22% free, 53MB/69MB, paused 753us total 31.740ms
08-05 17:46:38.920 27588 27601 I art     : Starting a blocking GC Explicit
08-05 17:46:38.958 27588 27601 I art     : Explicit concurrent mark sweep GC freed 1344(78KB) AllocSpace objects, 1(20KB) LOS objects, 22% free, 53MB/69MB, paused 886us total 37.480ms
08-05 17:46:38.972 27588 27601 I art     : Starting a blocking GC Explicit
08-05 17:46:39.004 27588 27601 I art     : Explicit concurrent mark sweep GC freed 20(704B) AllocSpace objects, 0(0B) LOS objects, 22% free, 53MB/69MB, paused 732us total 31.668ms
08-05 17:46:39.016 27588 27601 I art     : Starting a blocking GC Explicit
08-05 17:46:39.048 27588 27601 I art     : Explicit concurrent mark sweep GC freed 3(96B) AllocSpace objects, 0(0B) LOS objects, 22% free, 53MB/69MB, paused 783us total 31.693ms
08-05 17:46:39.060 27588 27601 I art     : Starting a blocking GC Explicit
08-05 17:46:39.091 27588 27601 I art     : Explicit concurrent mark sweep GC freed 3(96B) AllocSpace objects, 0(0B) LOS objects, 22% free, 53MB/69MB, paused 764us total 30.794ms
08-05 17:46:39.103 27588 27601 I art     : Starting a blocking GC Explicit
08-05 17:46:39.135 27588 27601 I art     : Explicit concurrent mark sweep GC freed 3(96B) AllocSpace objects, 0(0B) LOS objects, 22% free, 53MB/69MB, paused 809us total 31.929ms
08-05 17:46:39.192 26632 26632 I ServiceManager: Waiting for service AtCmdFwd...
08-05 17:46:39.450 27588 27618 I art     : Starting a blocking GC Explicit
08-05 17:46:39.490 27588 27618 I art     : Explicit concurrent mark sweep GC freed 1344(78KB) AllocSpace objects, 1(20KB) LOS objects, 22% free, 53MB/69MB, paused 780us total 39.781ms
08-05 17:46:39.503 27588 27618 I art     : Starting a blocking GC Explicit
08-05 17:46:39.538 27588 27618 I art     : Explicit concurrent mark sweep GC freed 20(704B) AllocSpace objects, 0(0B) LOS objects, 22% free, 53MB/69MB, paused 776us total 34.374ms
08-05 17:46:39.551 27588 27618 I art     : Starting a blocking GC Explicit
08-05 17:46:39.586 27588 27618 I art     : Explicit concurrent mark sweep GC freed 3(96B) AllocSpace objects, 0(0B) LOS objects, 22% free, 53MB/69MB, paused 744us total 34.560ms
08-05 17:46:39.598 27588 27618 I art     : Starting a blocking GC Explicit
08-05 17:46:39.632 27588 27618 I art     : Explicit concurrent mark sweep GC freed 3(96B) AllocSpace objects, 0(0B) LOS objects, 22% free, 53MB/69MB, paused 758us total 34.387ms
08-05 17:46:39.645 27588 27618 I art     : Starting a blocking GC Explicit
08-05 17:46:39.680 27588 27618 I art     : Explicit concurrent mark sweep GC freed 3(96B) AllocSpace objects, 0(0B) LOS objects, 22% free, 53MB/69MB, paused 777us total 34.568ms
08-05 17:46:40.020 27588 27626 I art     : Starting a blocking GC Explicit
08-05 17:46:40.058 27588 27626 I art     : Explicit concurrent mark sweep GC freed 1344(78KB) AllocSpace objects, 1(20KB) LOS objects, 22% free, 53MB/69MB, paused 807us total 38.073ms
08-05 17:46:40.071 27588 27626 I art     : Starting a blocking GC Explicit
08-05 17:46:40.104 27588 27626 I art     : Explicit concurrent mark sweep GC freed 20(704B) AllocSpace objects, 0(0B) LOS objects, 22% free, 53MB/69MB, paused 761us total 33.636ms
08-05 17:46:40.117 27588 27626 I art     : Starting a blocking GC Explicit
08-05 17:46:40.151 27588 27626 I art     : Explicit concurrent mark sweep GC freed 3(96B) AllocSpace objects, 0(0B) LOS objects, 22% free, 53MB/69MB, paused 784us total 34.104ms
08-05 17:46:40.164 27588 27626 I art     : Starting a blocking GC Explicit
08-05 17:46:40.193 26632 26632 I ServiceManager: Waiting for service AtCmdFwd...
08-05 17:46:40.197 27588 27626 I art     : Explicit concurrent mark sweep GC freed 3(96B) AllocSpace objects, 0(0B) LOS objects, 22% free, 53MB/69MB, paused 871us total 33.615ms
08-05 17:46:40.210 27588 27626 I art     : Starting a blocking GC Explicit
08-05 17:46:40.244 27588 27626 I art     : Explicit concurrent mark sweep GC freed 3(96B) AllocSpace objects, 0(0B) LOS objects, 22% free, 53MB/69MB, paused 762us total 34.137ms
08-05 17:46:40.588 27588 27600 I art     : Starting a blocking GC Explicit
08-05 17:46:40.623 27588 27600 I art     : Explicit concurrent mark sweep GC freed 1344(78KB) AllocSpace objects, 1(20KB) LOS objects, 22% free, 53MB/69MB, paused 760us total 34.550ms
08-05 17:46:40.635 27588 27600 I art     : Starting a blocking GC Explicit
08-05 17:46:40.667 27588 27600 I art     : Explicit concurrent mark sweep GC freed 20(704B) AllocSpace objects, 0(0B) LOS objects, 22% free, 53MB/69MB, paused 809us total 31.620ms
08-05 17:46:40.679 27588 27600 I art     : Starting a blocking GC Explicit
08-05 17:46:40.711 27588 27600 I art     : Explicit concurrent mark sweep GC freed 3(96B) AllocSpace objects, 0(0B) LOS objects, 22% free, 53MB/69MB, paused 737us total 31.267ms
08-05 17:46:40.723 27588 27600 I art     : Starting a blocking GC Explicit
08-05 17:46:40.757 27588 27600 I art     : Explicit concurrent mark sweep GC freed 3(96B) AllocSpace objects, 0(0B) LOS objects, 22% free, 53MB/69MB, paused 746us total 33.390ms
08-05 17:46:40.769 27588 27600 I art     : Starting a blocking GC Explicit
08-05 17:46:40.803 27588 27600 I art     : Explicit concurrent mark sweep GC freed 3(96B) AllocSpace objects, 0(0B) LOS objects, 22% free, 53MB/69MB, paused 743us total 33.784ms
08-05 17:46:41.153 27588 29335 I art     : Starting a blocking GC Explicit
08-05 17:46:41.194 26632 26632 I ServiceManager: Waiting for service AtCmdFwd...
08-05 17:46:41.199 27588 29335 I art     : Explicit concurrent mark sweep GC freed 1344(78KB) AllocSpace objects, 1(20KB) LOS objects, 22% free, 53MB/69MB, paused 791us total 44.726ms
08-05 17:46:41.214 27588 29335 I art     : Starting a blocking GC Explicit
08-05 17:46:41.247 27588 29335 I art     : Explicit concurrent mark sweep GC freed 20(704B) AllocSpace objects, 0(0B) LOS objects, 22% free, 53MB/69MB, paused 872us total 32.369ms
08-05 17:46:41.259 27588 29335 I art     : Starting a blocking GC Explicit
08-05 17:46:41.293 27588 29335 I art     : Explicit concurrent mark sweep GC freed 3(96B) AllocSpace objects, 0(0B) LOS objects, 22% free, 53MB/69MB, paused 720us total 34.059ms
08-05 17:46:41.305 27588 29335 I art     : Starting a blocking GC Explicit
08-05 17:46:41.340 27588 29335 I art     : Explicit concurrent mark sweep GC freed 5(160B) AllocSpace objects, 0(0B) LOS objects, 22% free, 53MB/69MB, paused 734us total 34.405ms
08-05 17:46:41.352 27588 29335 I art     : Starting a blocking GC Explicit
08-05 17:46:41.387 27588 29335 I art     : Explicit concurrent mark sweep GC freed 22(1040B) AllocSpace objects, 0(0B) LOS objects, 22% free, 53MB/69MB, paused 726us total 34.407ms
08-05 17:46:41.730 27588 27601 I art     : Starting a blocking GC Explicit
08-05 17:46:41.770 27588 27601 I art     : Explicit concurrent mark sweep GC freed 1360(78KB) AllocSpace objects, 1(20KB) LOS objects, 22% free, 53MB/69MB, paused 780us total 39.113ms
08-05 17:46:41.785 27588 27601 I art     : Starting a blocking GC Explicit
08-05 17:46:41.822 27588 27601 I art     : Explicit concurrent mark sweep GC freed 20(704B) AllocSpace objects, 0(0B) LOS objects, 22% free, 53MB/69MB, paused 731us total 37.479ms
08-05 17:46:41.838 27588 27601 I art     : Starting a blocking GC Explicit
08-05 17:46:41.874 27588 27601 I art     : Explicit concurrent mark sweep GC freed 3(96B) AllocSpace objects, 0(0B) LOS objects, 22% free, 53MB/69MB, paused 729us total 35.798ms
08-05 17:46:41.886 27588 27601 I art     : Starting a blocking GC Explicit
08-05 17:46:41.920 27588 27601 I art     : Explicit concurrent mark sweep GC freed 3(96B) AllocSpace objects, 0(0B) LOS objects, 22% free, 53MB/69MB, paused 743us total 33.419ms
08-05 17:46:41.932 27588 27601 I art     : Starting a blocking GC Explicit
08-05 17:46:41.964 27588 27601 I art     : Explicit concurrent mark sweep GC freed 3(96B) AllocSpace objects, 0(0B) LOS objects, 22% free, 53MB/69MB, paused 772us total 31.683ms
08-05 17:46:42.194 26632 26632 W Atfwd_Sendcmd: AtCmdFwd service not published, waiting... retryCnt : 4
08-05 17:46:42.273 27588 27618 I art     : Starting a blocking GC Explicit
08-05 17:46:42.310 27588 27618 I art     : Explicit concurrent mark sweep GC freed 1344(78KB) AllocSpace objects, 1(20KB) LOS objects, 22% free, 53MB/69MB, paused 732us total 36.144ms
08-05 17:46:42.321 27588 27618 I art     : Starting a blocking GC Explicit
08-05 17:46:42.354 27588 27618 I art     : Explicit concurrent mark sweep GC freed 20(704B) AllocSpace objects, 0(0B) LOS objects, 22% free, 53MB/69MB, paused 741us total 32.209ms
08-05 17:46:42.366 27588 27618 I art     : Starting a blocking GC Explicit
08-05 17:46:42.399 27588 27618 I art     : Explicit concurrent mark sweep GC freed 3(96B) AllocSpace objects, 0(0B) LOS objects, 22% free, 53MB/69MB, paused 710us total 33.352ms
08-05 17:46:42.411 27588 27618 I art     : Starting a blocking GC Explicit
08-05 17:46:42.444 27588 27618 I art     : Explicit concurrent mark sweep GC freed 3(96B) AllocSpace objects, 0(0B) LOS objects, 22% free, 53MB/69MB, paused 744us total 32.090ms
08-05 17:46:42.456 27588 27618 I art     : Starting a blocking GC Explicit
08-05 17:46:42.489 27588 27618 I art     : Explicit concurrent mark sweep GC freed 3(96B) AllocSpace objects, 0(0B) LOS objects, 22% free, 53MB/69MB, paused 775us total 32.549ms
08-05 17:46:42.552 31324 31324 D AndroidRuntime: >>>>>> START com.android.internal.os.RuntimeInit uid 2000 <<<<<<
08-05 17:46:42.558 31324 31324 D AndroidRuntime: CheckJNI is OFF
08-05 17:46:42.608 31324 31324 D ICU     : No timezone override file found: /data/misc/zoneinfo/current/icu/icu_tzdata.dat
08-05 17:46:42.658 31324 31324 I Radio-JNI: register_android_hardware_Radio DONE
08-05 17:46:42.689 31324 31324 D AndroidRuntime: Calling main entry com.android.commands.input.Input
08-05 17:46:42.691 31324 31324 I Input   : injectKeyEvent: KeyEvent { action=ACTION_DOWN, keyCode=KEYCODE_BACK, scanCode=0, metaState=0, flags=0x0, repeatCount=0, eventTime=812819104, downTime=812819104, deviceId=-1, source=0x101 }
08-05 17:46:42.697 31324 31324 I Input   : injectKeyEvent: KeyEvent { action=ACTION_UP, keyCode=KEYCODE_BACK, scanCode=0, metaState=0, flags=0x0, repeatCount=0, eventTime=812819104, downTime=812819104, deviceId=-1, source=0x101 }
08-05 17:46:42.703 31324 31324 D AndroidRuntime: Shutting down VM
08-05 17:46:42.748 13866 13866 I GoogleInputMethodServic: GoogleInputMethodService.onFinishInput():3138 
08-05 17:46:42.749 13866 13866 I GoogleInputMethodServic: GoogleInputMethodService.onStartInput():1808 
08-05 17:46:42.809 27588 27618 I art     : Starting a blocking GC Explicit
08-05 17:46:42.836 27588 27618 I art     : Explicit concurrent mark sweep GC freed 1526(86KB) AllocSpace objects, 1(20KB) LOS objects, 22% free, 53MB/69MB, paused 646us total 27.230ms
08-05 17:46:42.848 27588 27618 I art     : Starting a blocking GC Explicit
08-05 17:46:42.875 27588 27618 I art     : Explicit concurrent mark sweep GC freed 26(944B) AllocSpace objects, 0(0B) LOS objects, 22% free, 53MB/69MB, paused 693us total 27.391ms
08-05 17:46:42.887 27588 27618 I art     : Starting a blocking GC Explicit
08-05 17:46:42.920 27588 27618 I art     : Explicit concurrent mark sweep GC freed 3(96B) AllocSpace objects, 0(0B) LOS objects, 22% free, 53MB/69MB, paused 946us total 33.277ms
08-05 17:46:42.933 27588 27618 I art     : Starting a blocking GC Explicit
08-05 17:46:42.969 27588 27618 I art     : Explicit concurrent mark sweep GC freed 3(96B) AllocSpace objects, 0(0B) LOS objects, 22% free, 53MB/69MB, paused 994us total 35.321ms
08-05 17:46:42.983 27588 27618 I art     : Starting a blocking GC Explicit
08-05 17:46:43.020 27588 27618 I art     : Explicit concurrent mark sweep GC freed 3(96B) AllocSpace objects, 0(0B) LOS objects, 22% free, 53MB/69MB, paused 960us total 36.280ms
08-05 17:46:43.044   380   380 W SurfaceFlinger: couldn't log to binary event log: overflow.
08-05 17:46:43.322 27588 27626 I art     : Starting a blocking GC Explicit
08-05 17:46:43.364 27588 27626 I art     : Explicit concurrent mark sweep GC freed 1453(86KB) AllocSpace objects, 1(20KB) LOS objects, 22% free, 53MB/69MB, paused 784us total 41.296ms
08-05 17:46:43.378 27588 27626 I art     : Starting a blocking GC Explicit
08-05 17:46:43.409 27588 27626 I art     : Explicit concurrent mark sweep GC freed 1675(107KB) AllocSpace objects, 3(184KB) LOS objects, 22% free, 53MB/69MB, paused 724us total 30.988ms
08-05 17:46:43.421 27588 27626 I art     : Starting a blocking GC Explicit
08-05 17:46:43.452 27588 27626 I art     : Explicit concurrent mark sweep GC freed 3(96B) AllocSpace objects, 0(0B) LOS objects, 22% free, 53MB/69MB, paused 712us total 30.680ms
08-05 17:46:43.464 27588 27626 I art     : Starting a blocking GC Explicit
08-05 17:46:43.495 27588 27626 I art     : Explicit concurrent mark sweep GC freed 3(96B) AllocSpace objects, 0(0B) LOS objects, 22% free, 53MB/69MB, paused 710us total 30.607ms
08-05 17:46:43.507 27588 27626 I art     : Starting a blocking GC Explicit
08-05 17:46:43.537 27588 27626 I art     : Explicit concurrent mark sweep GC freed 3(96B) AllocSpace objects, 0(0B) LOS objects, 22% free, 53MB/69MB, paused 785us total 30.594ms
08-05 17:46:43.848 27588 27600 I art     : Starting a blocking GC Explicit
08-05 17:46:43.891 27588 27600 I art     : Explicit concurrent mark sweep GC freed 1344(78KB) AllocSpace objects, 1(20KB) LOS objects, 22% free, 53MB/69MB, paused 799us total 42.454ms
08-05 17:46:43.908 27588 27600 I art     : Starting a blocking GC Explicit
08-05 17:46:43.939 27588 27600 I art     : Explicit concurrent mark sweep GC freed 20(704B) AllocSpace objects, 0(0B) LOS objects, 22% free, 53MB/69MB, paused 678us total 30.625ms
08-05 17:46:43.952 27588 27600 I art     : Starting a blocking GC Explicit
08-05 17:46:43.980 27588 27600 I art     : Explicit concurrent mark sweep GC freed 3(96B) AllocSpace objects, 0(0B) LOS objects, 22% free, 53MB/69MB, paused 721us total 28.571ms
08-05 17:46:43.993 27588 27600 I art     : Starting a blocking GC Explicit
08-05 17:46:44.022 27588 27600 I art     : Explicit concurrent mark sweep GC freed 3(96B) AllocSpace objects, 0(0B) LOS objects, 22% free, 53MB/69MB, paused 731us total 29.135ms
08-05 17:46:44.034 27588 27600 I art     : Starting a blocking GC Explicit
08-05 17:46:44.063 27588 27600 I art     : Explicit concurrent mark sweep GC freed 3(96B) AllocSpace objects, 0(0B) LOS objects, 22% free, 53MB/69MB, paused 715us total 29.042ms
08-05 17:46:44.358 27588 27601 I art     : Starting a blocking GC Explicit
08-05 17:46:44.392 27588 27601 I art     : Explicit concurrent mark sweep GC freed 1344(78KB) AllocSpace objects, 1(20KB) LOS objects, 22% free, 53MB/69MB, paused 789us total 34.117ms
08-05 17:46:44.406 27588 27601 I art     : Starting a blocking GC Explicit
08-05 17:46:44.439 27588 27601 I art     : Explicit concurrent mark sweep GC freed 20(704B) AllocSpace objects, 0(0B) LOS objects, 22% free, 53MB/69MB, paused 797us total 32.045ms
08-05 17:46:44.450 27588 27601 I art     : Starting a blocking GC Explicit
08-05 17:46:44.482 27588 27601 I art     : Explicit concurrent mark sweep GC freed 3(96B) AllocSpace objects, 0(0B) LOS objects, 22% free, 53MB/69MB, paused 717us total 30.964ms
08-05 17:46:44.492 31378 31378 D AndroidRuntime: >>>>>> START com.android.internal.os.RuntimeInit uid 2000 <<<<<<
08-05 17:46:44.494 27588 27601 I art     : Starting a blocking GC Explicit
08-05 17:46:44.498 31378 31378 D AndroidRuntime: CheckJNI is OFF
08-05 17:46:44.525 27588 27601 I art     : Explicit concurrent mark sweep GC freed 3(96B) AllocSpace objects, 0(0B) LOS objects, 22% free, 53MB/69MB, paused 764us total 30.713ms
08-05 17:46:44.537 27588 27601 I art     : Starting a blocking GC Explicit
08-05 17:46:44.547 31378 31378 D ICU     : No timezone override file found: /data/misc/zoneinfo/current/icu/icu_tzdata.dat
08-05 17:46:44.568 27588 27601 I art     : Explicit concurrent mark sweep GC freed 3(96B) AllocSpace objects, 0(0B) LOS objects, 22% free, 53MB/69MB, paused 788us total 30.784ms
08-05 17:46:44.593 31378 31378 I Radio-JNI: register_android_hardware_Radio DONE
08-05 17:46:44.621 31378 31378 D AndroidRuntime: Calling main entry com.android.commands.input.Input
08-05 17:46:44.623 31378 31378 I Input   : injectKeyEvent: KeyEvent { action=ACTION_DOWN, keyCode=KEYCODE_BACK, scanCode=0, metaState=0, flags=0x0, repeatCount=0, eventTime=812821036, downTime=812821036, deviceId=-1, source=0x101 }
08-05 17:46:44.630 31378 31378 I Input   : injectKeyEvent: KeyEvent { action=ACTION_UP, keyCode=KEYCODE_BACK, scanCode=0, metaState=0, flags=0x0, repeatCount=0, eventTime=812821036, downTime=812821036, deviceId=-1, source=0x101 }
08-05 17:46:44.636 31378 31378 D AndroidRuntime: Shutting down VM
08-05 17:46:44.674 13866 13866 I GoogleInputMethodServic: GoogleInputMethodService.onFinishInput():3138 
08-05 17:46:44.674 13866 13866 I GoogleInputMethodServic: GoogleInputMethodService.onStartInput():1808 
08-05 17:46:44.849 27588 27601 I art     : Starting a blocking GC Explicit
08-05 17:46:44.885 27588 27601 I art     : Explicit concurrent mark sweep GC freed 1553(87KB) AllocSpace objects, 1(20KB) LOS objects, 22% free, 53MB/69MB, paused 788us total 34.696ms
08-05 17:46:44.899 27588 27601 I art     : Starting a blocking GC Explicit
08-05 17:46:44.932 27588 27601 I art     : Explicit concurrent mark sweep GC freed 24(864B) AllocSpace objects, 0(0B) LOS objects, 22% free, 53MB/69MB, paused 693us total 33.245ms
08-05 17:46:44.948 27588 27601 I art     : Starting a blocking GC Explicit
08-05 17:46:44.979 27588 27601 I art     : Explicit concurrent mark sweep GC freed 528(26KB) AllocSpace objects, 0(0B) LOS objects, 22% free, 53MB/69MB, paused 755us total 30.697ms
08-05 17:46:44.990 27588 27601 I art     : Starting a blocking GC Explicit
08-05 17:46:45.019 27588 27601 I art     : Explicit concurrent mark sweep GC freed 1111(49KB) AllocSpace objects, 0(0B) LOS objects, 22% free, 53MB/69MB, paused 724us total 28.882ms
08-05 17:46:45.031 27588 27601 I art     : Starting a blocking GC Explicit
08-05 17:46:45.059 27588 27601 I art     : Explicit concurrent mark sweep GC freed 2841(180KB) AllocSpace objects, 2(140KB) LOS objects, 23% free, 53MB/69MB, paused 725us total 27.447ms
08-05 17:46:45.358 27588 29335 I art     : Starting a blocking GC Explicit
08-05 17:46:45.398 27588 29335 I art     : Explicit concurrent mark sweep GC freed 1344(78KB) AllocSpace objects, 1(20KB) LOS objects, 23% free, 53MB/69MB, paused 938us total 39.900ms
08-05 17:46:45.415 27588 29335 I art     : Starting a blocking GC Explicit
08-05 17:46:45.444 27588 29335 I art     : Explicit concurrent mark sweep GC freed 20(704B) AllocSpace objects, 0(0B) LOS objects, 23% free, 53MB/69MB, paused 723us total 28.760ms
08-05 17:46:45.456 27588 29335 I art     : Starting a blocking GC Explicit
08-05 17:46:45.484 27588 29335 I art     : Explicit concurrent mark sweep GC freed 3(96B) AllocSpace objects, 0(0B) LOS objects, 23% free, 53MB/69MB, paused 715us total 28.066ms
08-05 17:46:45.496 27588 29335 I art     : Starting a blocking GC Explicit
08-05 17:46:45.525 27588 29335 I art     : Explicit concurrent mark sweep GC freed 3(96B) AllocSpace objects, 0(0B) LOS objects, 23% free, 53MB/69MB, paused 731us total 28.370ms
08-05 17:46:45.536 27588 29335 I art     : Starting a blocking GC Explicit
08-05 17:46:45.565 27588 29335 I art     : Explicit concurrent mark sweep GC freed 3(96B) AllocSpace objects, 0(0B) LOS objects, 23% free, 53MB/69MB, paused 705us total 28.730ms
08-05 17:46:45.880 27588 27600 I art     : Starting a blocking GC Explicit
08-05 17:46:45.912 27588 27600 I art     : Explicit concurrent mark sweep GC freed 1341(78KB) AllocSpace objects, 1(20KB) LOS objects, 23% free, 53MB/69MB, paused 773us total 31.964ms
08-05 17:46:45.923 27588 27600 I art     : Starting a blocking GC Explicit
08-05 17:46:45.952 27588 27600 I art     : Explicit concurrent mark sweep GC freed 20(704B) AllocSpace objects, 0(0B) LOS objects, 23% free, 53MB/69MB, paused 734us total 28.291ms
08-05 17:46:45.963 27588 27600 I art     : Starting a blocking GC Explicit
08-05 17:46:45.990 27588 27600 I art     : Explicit concurrent mark sweep GC freed 3(96B) AllocSpace objects, 0(0B) LOS objects, 23% free, 53MB/69MB, paused 714us total 26.662ms
08-05 17:46:46.001 27588 27600 I art     : Starting a blocking GC Explicit
08-05 17:46:46.028 27588 27600 I art     : Explicit concurrent mark sweep GC freed 3(96B) AllocSpace objects, 0(0B) LOS objects, 23% free, 53MB/69MB, paused 762us total 26.759ms
08-05 17:46:46.039 27588 27600 I art     : Starting a blocking GC Explicit
08-05 17:46:46.066 27588 27600 I art     : Explicit concurrent mark sweep GC freed 3(96B) AllocSpace objects, 0(0B) LOS objects, 23% free, 53MB/69MB, paused 728us total 27.023ms
08-05 17:46:46.363 27588 27618 I art     : Starting a blocking GC Explicit
08-05 17:46:46.396 27588 27618 I art     : Explicit concurrent mark sweep GC freed 1341(78KB) AllocSpace objects, 1(20KB) LOS objects, 23% free, 53MB/69MB, paused 794us total 32.637ms
08-05 17:46:46.409 27588 27618 I art     : Starting a blocking GC Explicit
08-05 17:46:46.438 31432 31432 D AndroidRuntime: >>>>>> START com.android.internal.os.RuntimeInit uid 2000 <<<<<<
08-05 17:46:46.438 27588 27618 I art     : Explicit concurrent mark sweep GC freed 20(704B) AllocSpace objects, 0(0B) LOS objects, 23% free, 53MB/69MB, paused 840us total 28.850ms
08-05 17:46:46.444 31432 31432 D AndroidRuntime: CheckJNI is OFF
08-05 17:46:46.450 27588 27618 I art     : Starting a blocking GC Explicit
08-05 17:46:46.479 27588 27618 I art     : Explicit concurrent mark sweep GC freed 3(96B) AllocSpace objects, 0(0B) LOS objects, 23% free, 53MB/69MB, paused 814us total 28.994ms
08-05 17:46:46.490 27588 27618 I art     : Starting a blocking GC Explicit
08-05 17:46:46.491 31432 31432 D ICU     : No timezone override file found: /data/misc/zoneinfo/current/icu/icu_tzdata.dat
08-05 17:46:46.518 27588 27618 I art     : Explicit concurrent mark sweep GC freed 3(96B) AllocSpace objects, 0(0B) LOS objects, 23% free, 53MB/69MB, paused 774us total 28.029ms
08-05 17:46:46.530 27588 27618 I art     : Starting a blocking GC Explicit
08-05 17:46:46.538 31432 31432 I Radio-JNI: register_android_hardware_Radio DONE
08-05 17:46:46.558 27588 27618 I art     : Explicit concurrent mark sweep GC freed 3(96B) AllocSpace objects, 0(0B) LOS objects, 23% free, 53MB/69MB, paused 743us total 28.393ms
08-05 17:46:46.568 31432 31432 D AndroidRuntime: Calling main entry com.android.commands.input.Input
08-05 17:46:46.571 31432 31432 I Input   : injectMotionEvent: MotionEvent { action=ACTION_DOWN, actionButton=0, id[0]=0, x[0]=1084.0, y[0]=2213.0, toolType[0]=TOOL_TYPE_UNKNOWN, buttonState=0, metaState=0, flags=0x0, edgeFlags=0x0, pointerCount=1, historySize=0, eventTime=812822983, downTime=812822983, deviceId=0, source=0x1002 }
08-05 17:46:46.578 31432 31432 I Input   : injectMotionEvent: MotionEvent { action=ACTION_UP, actionButton=0, id[0]=0, x[0]=1084.0, y[0]=2213.0, toolType[0]=TOOL_TYPE_UNKNOWN, buttonState=0, metaState=0, flags=0x0, edgeFlags=0x0, pointerCount=1, historySize=0, eventTime=812822983, downTime=812822983, deviceId=0, source=0x1002 }
08-05 17:46:46.580   918  3670 I ActivityManager: START u0 {cmp=baseline.appteam.nith.hillffair/.activities.EventActivity} from uid 10675 on display 0
08-05 17:46:46.587 31432 31432 D AndroidRuntime: Shutting down VM
08-05 17:46:46.675 27588 27588 I NAPPA_EXPERIMENTATION: MetricNetworkRequestExecutionTime: REQUEST_DURATION_SYSTEM='58',REQUEST_DURATION_OKHTTP='43',REQUEST_SYNCHRONOUS='FALSE',RESPONSE_CODE='200',RESPONSE_METHOD='GET',RESPONSE_LENGTH_OKHTTP='1870',RESPONSE_LENGTH_HEADER='-2',REQUEST_PROTOCOL='http/1.1',REQUEST_URL='https://api-hillfair-2k16.herokuapp.com/api/app/club',
08-05 17:46:46.676 13866 13866 I GoogleInputMethodServic: GoogleInputMethodService.onFinishInput():3138 
08-05 17:46:46.677 13866 13866 I GoogleInputMethodServic: GoogleInputMethodService.onStartInput():1808 
08-05 17:46:46.733   918   936 I ActivityManager: Displayed baseline.appteam.nith.hillffair/.activities.EventActivity: +145ms
08-05 17:46:46.850 27588 29335 I art     : Starting a blocking GC Explicit
08-05 17:46:46.885 27588 29335 I art     : Explicit concurrent mark sweep GC freed 7536(494KB) AllocSpace objects, 1(20KB) LOS objects, 23% free, 53MB/69MB, paused 758us total 35.447ms
08-05 17:46:46.901 27588 29335 I art     : Starting a blocking GC Explicit
08-05 17:46:46.929 27588 29335 I art     : Explicit concurrent mark sweep GC freed 346(14KB) AllocSpace objects, 0(0B) LOS objects, 23% free, 53MB/69MB, paused 703us total 27.884ms
08-05 17:46:46.941 27588 29335 I art     : Starting a blocking GC Explicit
08-05 17:46:46.968 27588 29335 I art     : Explicit concurrent mark sweep GC freed 3(96B) AllocSpace objects, 0(0B) LOS objects, 23% free, 53MB/69MB, paused 703us total 27.666ms
08-05 17:46:46.979 27588 29335 I art     : Starting a blocking GC Explicit
08-05 17:46:46.981   380   380 W SurfaceFlinger: couldn't log to binary event log: overflow.
08-05 17:46:47.007 27588 29335 I art     : Explicit concurrent mark sweep GC freed 3(96B) AllocSpace objects, 0(0B) LOS objects, 23% free, 53MB/69MB, paused 678us total 27.071ms
08-05 17:46:47.017 27588 29335 I art     : Starting a blocking GC Explicit
08-05 17:46:47.043 27588 29335 I art     : Explicit concurrent mark sweep GC freed 3(96B) AllocSpace objects, 0(0B) LOS objects, 23% free, 53MB/69MB, paused 663us total 25.545ms
08-05 17:46:47.339 27588 27626 I art     : Starting a blocking GC Explicit
08-05 17:46:47.380 27588 27626 I art     : Explicit concurrent mark sweep GC freed 1414(83KB) AllocSpace objects, 1(20KB) LOS objects, 23% free, 53MB/69MB, paused 863us total 40.843ms
08-05 17:46:47.395 27588 27626 I art     : Starting a blocking GC Explicit
08-05 17:46:47.428 27588 27626 I art     : Explicit concurrent mark sweep GC freed 20(704B) AllocSpace objects, 0(0B) LOS objects, 23% free, 53MB/69MB, paused 796us total 32.246ms
08-05 17:46:47.439 27588 27626 I art     : Starting a blocking GC Explicit
08-05 17:46:47.470 27588 27626 I art     : Explicit concurrent mark sweep GC freed 3(96B) AllocSpace objects, 0(0B) LOS objects, 23% free, 53MB/69MB, paused 701us total 29.990ms
08-05 17:46:47.481 27588 27626 I art     : Starting a blocking GC Explicit
08-05 17:46:47.512 27588 27626 I art     : Explicit concurrent mark sweep GC freed 3(96B) AllocSpace objects, 0(0B) LOS objects, 23% free, 53MB/69MB, paused 743us total 30.152ms
08-05 17:46:47.523 27588 27626 I art     : Starting a blocking GC Explicit
08-05 17:46:47.554 27588 27626 I art     : Explicit concurrent mark sweep GC freed 3(96B) AllocSpace objects, 0(0B) LOS objects, 23% free, 53MB/69MB, paused 739us total 30.460ms
08-05 17:46:47.744   918  3188 I hubconnection: sensorhub said: 'set_bias 3: -6.2400, 0.0000, 0.0000'
08-05 17:46:47.856 27588 29335 I art     : Starting a blocking GC Explicit
08-05 17:46:47.895 27588 29335 I art     : Explicit concurrent mark sweep GC freed 1344(78KB) AllocSpace objects, 1(20KB) LOS objects, 23% free, 53MB/69MB, paused 817us total 39.151ms
08-05 17:46:47.911 27588 29335 I art     : Starting a blocking GC Explicit
08-05 17:46:47.940 27588 29335 I art     : Explicit concurrent mark sweep GC freed 20(704B) AllocSpace objects, 0(0B) LOS objects, 23% free, 53MB/69MB, paused 749us total 28.970ms
08-05 17:46:47.952 27588 29335 I art     : Starting a blocking GC Explicit
08-05 17:46:47.982 27588 29335 I art     : Explicit concurrent mark sweep GC freed 3(96B) AllocSpace objects, 0(0B) LOS objects, 23% free, 53MB/69MB, paused 729us total 30.108ms
08-05 17:46:47.994 27588 29335 I art     : Starting a blocking GC Explicit
08-05 17:46:48.024 27588 29335 I art     : Explicit concurrent mark sweep GC freed 3(96B) AllocSpace objects, 0(0B) LOS objects, 23% free, 53MB/69MB, paused 795us total 29.934ms
08-05 17:46:48.035 27588 29335 I art     : Starting a blocking GC Explicit
08-05 17:46:48.066 27588 29335 I art     : Explicit concurrent mark sweep GC freed 3(96B) AllocSpace objects, 0(0B) LOS objects, 23% free, 53MB/69MB, paused 733us total 29.888ms
08-05 17:46:48.385 27588 27600 I art     : Starting a blocking GC Explicit
08-05 17:46:48.427 27588 27600 I art     : Explicit concurrent mark sweep GC freed 1344(78KB) AllocSpace objects, 1(20KB) LOS objects, 23% free, 53MB/69MB, paused 1.118ms total 41.747ms
08-05 17:46:48.444 27588 27600 I art     : Starting a blocking GC Explicit
08-05 17:46:48.482 27588 27600 I art     : Explicit concurrent mark sweep GC freed 20(704B) AllocSpace objects, 0(0B) LOS objects, 23% free, 53MB/69MB, paused 785us total 37.870ms
08-05 17:46:48.497 27588 27600 I art     : Starting a blocking GC Explicit
08-05 17:46:48.533 27588 27600 I art     : Explicit concurrent mark sweep GC freed 3(96B) AllocSpace objects, 0(0B) LOS objects, 23% free, 53MB/69MB, paused 766us total 35.005ms
08-05 17:46:48.544 27588 27600 I art     : Starting a blocking GC Explicit
08-05 17:46:48.578 27588 27600 I art     : Explicit concurrent mark sweep GC freed 3(96B) AllocSpace objects, 0(0B) LOS objects, 23% free, 53MB/69MB, paused 764us total 33.220ms
08-05 17:46:48.590 27588 27600 I art     : Starting a blocking GC Explicit
08-05 17:46:48.622 27588 27600 I art     : Explicit concurrent mark sweep GC freed 3(96B) AllocSpace objects, 0(0B) LOS objects, 23% free, 53MB/69MB, paused 743us total 31.691ms
08-05 17:46:48.983 27588 27618 I art     : Starting a blocking GC Explicit
08-05 17:46:49.021 27588 27618 I art     : Explicit concurrent mark sweep GC freed 1344(78KB) AllocSpace objects, 1(20KB) LOS objects, 23% free, 53MB/69MB, paused 802us total 37.920ms
08-05 17:46:49.036 27588 27618 I art     : Starting a blocking GC Explicit
08-05 17:46:49.069 27588 27618 I art     : Explicit concurrent mark sweep GC freed 20(704B) AllocSpace objects, 0(0B) LOS objects, 23% free, 53MB/69MB, paused 776us total 32.973ms
08-05 17:46:49.081 27588 27618 I art     : Starting a blocking GC Explicit
08-05 17:46:49.114 27588 27618 I art     : Explicit concurrent mark sweep GC freed 3(96B) AllocSpace objects, 0(0B) LOS objects, 23% free, 53MB/69MB, paused 703us total 32.602ms
08-05 17:46:49.126 27588 27618 I art     : Starting a blocking GC Explicit
08-05 17:46:49.159 27588 27618 I art     : Explicit concurrent mark sweep GC freed 3(96B) AllocSpace objects, 0(0B) LOS objects, 23% free, 53MB/69MB, paused 776us total 32.698ms
08-05 17:46:49.171 27588 27618 I art     : Starting a blocking GC Explicit
08-05 17:46:49.204 27588 27618 I art     : Explicit concurrent mark sweep GC freed 3(96B) AllocSpace objects, 0(0B) LOS objects, 23% free, 53MB/69MB, paused 759us total 32.967ms
08-05 17:46:49.253   918  3261 D WifiStateMachine: starting scan for "H369AA63323"WPA_PSK with 2412,5180
08-05 17:46:49.539 27588 27601 I art     : Starting a blocking GC Explicit
08-05 17:46:49.580 27588 27601 I art     : Explicit concurrent mark sweep GC freed 1344(78KB) AllocSpace objects, 1(20KB) LOS objects, 23% free, 53MB/69MB, paused 810us total 40.757ms
08-05 17:46:49.598 27588 27601 I art     : Starting a blocking GC Explicit
08-05 17:46:49.629 27588 27601 I art     : Explicit concurrent mark sweep GC freed 20(704B) AllocSpace objects, 0(0B) LOS objects, 23% free, 53MB/69MB, paused 721us total 31.337ms
08-05 17:46:49.641 27588 27601 I art     : Starting a blocking GC Explicit
08-05 17:46:49.674 27588 27601 I art     : Explicit concurrent mark sweep GC freed 3(96B) AllocSpace objects, 0(0B) LOS objects, 23% free, 53MB/69MB, paused 766us total 32.758ms
08-05 17:46:49.686 27588 27601 I art     : Starting a blocking GC Explicit
08-05 17:46:49.719 27588 27601 I art     : Explicit concurrent mark sweep GC freed 3(96B) AllocSpace objects, 0(0B) LOS objects, 23% free, 53MB/69MB, paused 752us total 33.041ms
08-05 17:46:49.731 27588 27601 I art     : Starting a blocking GC Explicit
08-05 17:46:49.763 27588 27601 I art     : Explicit concurrent mark sweep GC freed 3(96B) AllocSpace objects, 0(0B) LOS objects, 23% free, 53MB/69MB, paused 747us total 30.969ms
08-05 17:46:50.099 27588 27626 I art     : Starting a blocking GC Explicit
08-05 17:46:50.135 27588 27626 I art     : Explicit concurrent mark sweep GC freed 1344(78KB) AllocSpace objects, 1(20KB) LOS objects, 23% free, 53MB/69MB, paused 766us total 35.646ms
08-05 17:46:50.150 27588 27626 I art     : Starting a blocking GC Explicit
08-05 17:46:50.188 27588 27626 I art     : Explicit concurrent mark sweep GC freed 20(704B) AllocSpace objects, 0(0B) LOS objects, 23% free, 53MB/69MB, paused 1.029ms total 37.690ms
08-05 17:46:50.200 27588 27626 I art     : Starting a blocking GC Explicit
08-05 17:46:50.232 27588 27626 I art     : Explicit concurrent mark sweep GC freed 3(96B) AllocSpace objects, 0(0B) LOS objects, 23% free, 53MB/69MB, paused 749us total 31.021ms
08-05 17:46:50.244 27588 27626 I art     : Starting a blocking GC Explicit
08-05 17:46:50.277 27588 27626 I art     : Explicit concurrent mark sweep GC freed 3(96B) AllocSpace objects, 0(0B) LOS objects, 23% free, 53MB/69MB, paused 760us total 32.789ms
08-05 17:46:50.289 27588 27626 I art     : Starting a blocking GC Explicit
08-05 17:46:50.322 27588 27626 I art     : Explicit concurrent mark sweep GC freed 3(96B) AllocSpace objects, 0(0B) LOS objects, 23% free, 53MB/69MB, paused 767us total 33.262ms
08-05 17:46:50.648 27588 29335 I art     : Starting a blocking GC Explicit
08-05 17:46:50.689 27588 29335 I art     : Explicit concurrent mark sweep GC freed 1344(78KB) AllocSpace objects, 1(20KB) LOS objects, 23% free, 53MB/69MB, paused 996us total 39.843ms
08-05 17:46:50.704 27588 29335 I art     : Starting a blocking GC Explicit
08-05 17:46:50.736 27588 29335 I art     : Explicit concurrent mark sweep GC freed 20(704B) AllocSpace objects, 0(0B) LOS objects, 23% free, 53MB/69MB, paused 753us total 31.817ms
08-05 17:46:50.748 27588 29335 I art     : Starting a blocking GC Explicit
08-05 17:46:50.781 27588 29335 I art     : Explicit concurrent mark sweep GC freed 3(96B) AllocSpace objects, 0(0B) LOS objects, 23% free, 53MB/69MB, paused 767us total 32.911ms
08-05 17:46:50.793 27588 29335 I art     : Starting a blocking GC Explicit
08-05 17:46:50.825 27588 29335 I art     : Explicit concurrent mark sweep GC freed 3(96B) AllocSpace objects, 0(0B) LOS objects, 23% free, 53MB/69MB, paused 728us total 32.060ms
08-05 17:46:50.837 27588 29335 I art     : Starting a blocking GC Explicit
08-05 17:46:50.866 27588 29335 I art     : Explicit concurrent mark sweep GC freed 3(96B) AllocSpace objects, 0(0B) LOS objects, 23% free, 53MB/69MB, paused 705us total 28.432ms
08-05 17:46:51.211 27588 27600 I art     : Starting a blocking GC Explicit
08-05 17:46:51.241 27588 27600 I art     : Explicit concurrent mark sweep GC freed 1344(78KB) AllocSpace objects, 1(20KB) LOS objects, 23% free, 53MB/69MB, paused 752us total 29.704ms
08-05 17:46:51.253 27588 27600 I art     : Starting a blocking GC Explicit
08-05 17:46:51.284 27588 27600 I art     : Explicit concurrent mark sweep GC freed 20(704B) AllocSpace objects, 0(0B) LOS objects, 23% free, 53MB/69MB, paused 748us total 31.037ms
08-05 17:46:51.296 27588 27600 I art     : Starting a blocking GC Explicit
08-05 17:46:51.326 27588 27600 I art     : Explicit concurrent mark sweep GC freed 3(96B) AllocSpace objects, 0(0B) LOS objects, 23% free, 53MB/69MB, paused 773us total 30.340ms
08-05 17:46:51.338 27588 27600 I art     : Starting a blocking GC Explicit
08-05 17:46:51.369 27588 27600 I art     : Explicit concurrent mark sweep GC freed 3(96B) AllocSpace objects, 0(0B) LOS objects, 23% free, 53MB/69MB, paused 779us total 30.964ms
08-05 17:46:51.381 27588 27600 I art     : Starting a blocking GC Explicit
08-05 17:46:51.389 31537 31537 D AndroidRuntime: >>>>>> START com.android.internal.os.RuntimeInit uid 2000 <<<<<<
08-05 17:46:51.395 31537 31537 D AndroidRuntime: CheckJNI is OFF
08-05 17:46:51.412 27588 27600 I art     : Explicit concurrent mark sweep GC freed 3(96B) AllocSpace objects, 0(0B) LOS objects, 23% free, 53MB/69MB, paused 793us total 30.671ms
08-05 17:46:51.441 31537 31537 D ICU     : No timezone override file found: /data/misc/zoneinfo/current/icu/icu_tzdata.dat
08-05 17:46:51.486 31537 31537 I Radio-JNI: register_android_hardware_Radio DONE
08-05 17:46:51.516 31537 31537 D AndroidRuntime: Calling main entry com.android.commands.input.Input
08-05 17:46:51.519 31537 31537 I Input   : injectMotionEvent: MotionEvent { action=ACTION_DOWN, actionButton=0, id[0]=0, x[0]=255.0, y[0]=1845.0, toolType[0]=TOOL_TYPE_UNKNOWN, buttonState=0, metaState=0, flags=0x0, edgeFlags=0x0, pointerCount=1, historySize=0, eventTime=812827931, downTime=812827931, deviceId=0, source=0x1002 }
08-05 17:46:51.528 31537 31537 I Input   : injectMotionEvent: MotionEvent { action=ACTION_UP, actionButton=0, id[0]=0, x[0]=255.0, y[0]=1845.0, toolType[0]=TOOL_TYPE_UNKNOWN, buttonState=0, metaState=0, flags=0x0, edgeFlags=0x0, pointerCount=1, historySize=0, eventTime=812827931, downTime=812827931, deviceId=0, source=0x1002 }
08-05 17:46:51.531   918  6110 I ActivityManager: START u0 {cmp=baseline.appteam.nith.hillffair/.activities.ClubActivity (has extras)} from uid 10675 on display 0
08-05 17:46:51.543 31537 31537 D AndroidRuntime: Shutting down VM
08-05 17:46:51.643 27588 27588 I NAPPA_EXPERIMENTATION: MetricNetworkRequestExecutionTime: REQUEST_DURATION_SYSTEM='69',REQUEST_DURATION_OKHTTP='38',REQUEST_SYNCHRONOUS='FALSE',RESPONSE_CODE='200',RESPONSE_METHOD='GET',RESPONSE_LENGTH_OKHTTP='1171',RESPONSE_LENGTH_HEADER='-2',REQUEST_PROTOCOL='http/1.1',REQUEST_URL='https://api-hillfair-2k16.herokuapp.com/api/app/club/Technical%20Committee',
08-05 17:46:51.648   918   936 I ActivityManager: Displayed baseline.appteam.nith.hillffair/.activities.ClubActivity: +105ms
08-05 17:46:51.649 13866 13866 I GoogleInputMethodServic: GoogleInputMethodService.onFinishInput():3138 
08-05 17:46:51.649 13866 13866 I GoogleInputMethodServic: GoogleInputMethodService.onStartInput():1808 
08-05 17:46:51.705 27588 27626 I art     : Starting a blocking GC Explicit
08-05 17:46:51.734 27588 27626 I art     : Explicit concurrent mark sweep GC freed 5749(415KB) AllocSpace objects, 1(20KB) LOS objects, 22% free, 53MB/69MB, paused 722us total 28.789ms
08-05 17:46:51.745 27588 27626 I art     : Starting a blocking GC Explicit
08-05 17:46:51.778 27588 27626 I art     : Explicit concurrent mark sweep GC freed 282(12KB) AllocSpace objects, 0(0B) LOS objects, 22% free, 53MB/69MB, paused 829us total 32.520ms
08-05 17:46:51.791 27588 27626 I art     : Starting a blocking GC Explicit
08-05 17:46:51.825 27588 27626 I art     : Explicit concurrent mark sweep GC freed 3(96B) AllocSpace objects, 0(0B) LOS objects, 22% free, 53MB/69MB, paused 880us total 33.825ms
08-05 17:46:51.838 27588 27626 I art     : Starting a blocking GC Explicit
08-05 17:46:51.873 27588 27626 I art     : Explicit concurrent mark sweep GC freed 3(96B) AllocSpace objects, 0(0B) LOS objects, 22% free, 53MB/69MB, paused 759us total 34.105ms
08-05 17:46:51.888 27588 27626 I art     : Starting a blocking GC Explicit
08-05 17:46:51.903   380   380 W SurfaceFlinger: couldn't log to binary event log: overflow.
08-05 17:46:51.922 27588 27626 I art     : Explicit concurrent mark sweep GC freed 3(96B) AllocSpace objects, 0(0B) LOS objects, 22% free, 53MB/69MB, paused 722us total 33.408ms
08-05 17:46:52.225 27588 27601 I art     : Starting a blocking GC Explicit
08-05 17:46:52.255 27588 27601 I art     : Explicit concurrent mark sweep GC freed 1449(84KB) AllocSpace objects, 1(20KB) LOS objects, 22% free, 53MB/69MB, paused 813us total 30.121ms
08-05 17:46:52.268 27588 27601 I art     : Starting a blocking GC Explicit
08-05 17:46:52.297 27588 27601 I art     : Explicit concurrent mark sweep GC freed 20(704B) AllocSpace objects, 0(0B) LOS objects, 22% free, 53MB/69MB, paused 855us total 29.075ms
08-05 17:46:52.309 27588 27601 I art     : Starting a blocking GC Explicit
08-05 17:46:52.339 27588 27601 I art     : Explicit concurrent mark sweep GC freed 3(96B) AllocSpace objects, 0(0B) LOS objects, 22% free, 53MB/69MB, paused 774us total 29.453ms
08-05 17:46:52.350 27588 27601 I art     : Starting a blocking GC Explicit
08-05 17:46:52.380 27588 27601 I art     : Explicit concurrent mark sweep GC freed 3(96B) AllocSpace objects, 0(0B) LOS objects, 22% free, 53MB/69MB, paused 745us total 28.998ms
08-05 17:46:52.391 27588 27601 I art     : Starting a blocking GC Explicit
08-05 17:46:52.421 27588 27601 I art     : Explicit concurrent mark sweep GC freed 19(656B) AllocSpace objects, 0(0B) LOS objects, 22% free, 53MB/69MB, paused 702us total 29.522ms
08-05 17:46:52.739 27588 27618 I art     : Starting a blocking GC Explicit
08-05 17:46:52.776 27588 27618 I art     : Explicit concurrent mark sweep GC freed 1344(78KB) AllocSpace objects, 1(20KB) LOS objects, 22% free, 53MB/69MB, paused 808us total 36.715ms
08-05 17:46:52.791 27588 27618 I art     : Starting a blocking GC Explicit
08-05 17:46:52.821 27588 27618 I art     : Explicit concurrent mark sweep GC freed 20(704B) AllocSpace objects, 0(0B) LOS objects, 22% free, 53MB/69MB, paused 703us total 29.823ms
08-05 17:46:52.832 27588 27618 I art     : Starting a blocking GC Explicit
08-05 17:46:52.864 27588 27618 I art     : Explicit concurrent mark sweep GC freed 3(96B) AllocSpace objects, 0(0B) LOS objects, 22% free, 53MB/69MB, paused 761us total 31.070ms
08-05 17:46:52.875 27588 27618 I art     : Starting a blocking GC Explicit
08-05 17:46:52.907 27588 27618 I art     : Explicit concurrent mark sweep GC freed 3(96B) AllocSpace objects, 0(0B) LOS objects, 22% free, 53MB/69MB, paused 829us total 31.121ms
08-05 17:46:52.919 27588 27618 I art     : Starting a blocking GC Explicit
08-05 17:46:52.949 27588 27618 I art     : Explicit concurrent mark sweep GC freed 3(96B) AllocSpace objects, 0(0B) LOS objects, 22% free, 53MB/69MB, paused 767us total 30.363ms
08-05 17:46:53.260 27588 27626 I art     : Starting a blocking GC Explicit
08-05 17:46:53.301 27588 27626 I art     : Explicit concurrent mark sweep GC freed 1344(78KB) AllocSpace objects, 1(20KB) LOS objects, 22% free, 53MB/69MB, paused 969us total 40.274ms
08-05 17:46:53.315 27588 27626 I art     : Starting a blocking GC Explicit
08-05 17:46:53.349 27588 27626 I art     : Explicit concurrent mark sweep GC freed 20(704B) AllocSpace objects, 0(0B) LOS objects, 22% free, 53MB/69MB, paused 762us total 34.267ms
08-05 17:46:53.362 27588 27626 I art     : Starting a blocking GC Explicit
08-05 17:46:53.395 27588 27626 I art     : Explicit concurrent mark sweep GC freed 6(192B) AllocSpace objects, 0(0B) LOS objects, 22% free, 53MB/69MB, paused 715us total 33.544ms
08-05 17:46:53.407 27588 27626 I art     : Starting a blocking GC Explicit
08-05 17:46:53.439 27588 27626 I art     : Explicit concurrent mark sweep GC freed 21(1008B) AllocSpace objects, 0(0B) LOS objects, 22% free, 53MB/69MB, paused 772us total 31.537ms
08-05 17:46:53.451 27588 27626 I art     : Starting a blocking GC Explicit
08-05 17:46:53.485 27588 27626 I art     : Explicit concurrent mark sweep GC freed 19(608B) AllocSpace objects, 0(0B) LOS objects, 22% free, 53MB/69MB, paused 766us total 33.275ms
08-05 17:46:53.829 27588 29335 I art     : Starting a blocking GC Explicit
08-05 17:46:53.874 27588 29335 I art     : Explicit concurrent mark sweep GC freed 1344(78KB) AllocSpace objects, 1(20KB) LOS objects, 22% free, 53MB/69MB, paused 801us total 44.533ms
08-05 17:46:53.889 27588 29335 I art     : Starting a blocking GC Explicit
08-05 17:46:53.922 27588 29335 I art     : Explicit concurrent mark sweep GC freed 20(704B) AllocSpace objects, 0(0B) LOS objects, 22% free, 53MB/69MB, paused 758us total 32.497ms
08-05 17:46:53.933 27588 29335 I art     : Starting a blocking GC Explicit
08-05 17:46:53.968 27588 29335 I art     : Explicit concurrent mark sweep GC freed 3(96B) AllocSpace objects, 0(0B) LOS objects, 22% free, 53MB/69MB, paused 796us total 34.055ms
08-05 17:46:53.980 27588 29335 I art     : Starting a blocking GC Explicit
08-05 17:46:54.012 27588 29335 I art     : Explicit concurrent mark sweep GC freed 3(96B) AllocSpace objects, 0(0B) LOS objects, 22% free, 53MB/69MB, paused 744us total 32.112ms
08-05 17:46:54.024 27588 29335 I art     : Starting a blocking GC Explicit
08-05 17:46:54.057 27588 29335 I art     : Explicit concurrent mark sweep GC freed 3(96B) AllocSpace objects, 0(0B) LOS objects, 22% free, 53MB/69MB, paused 808us total 32.475ms
08-05 17:46:54.417 27588 27600 I art     : Starting a blocking GC Explicit
08-05 17:46:54.459 27588 27600 I art     : Explicit concurrent mark sweep GC freed 1344(78KB) AllocSpace objects, 1(20KB) LOS objects, 22% free, 53MB/69MB, paused 866us total 41.293ms
08-05 17:46:54.475 27588 27600 I art     : Starting a blocking GC Explicit
08-05 17:46:54.508 27588 27600 I art     : Explicit concurrent mark sweep GC freed 20(704B) AllocSpace objects, 0(0B) LOS objects, 22% free, 53MB/69MB, paused 866us total 32.394ms
08-05 17:46:54.520 27588 27600 I art     : Starting a blocking GC Explicit
08-05 17:46:54.551 27588 27600 I art     : Explicit concurrent mark sweep GC freed 3(96B) AllocSpace objects, 0(0B) LOS objects, 22% free, 53MB/69MB, paused 734us total 30.574ms
08-05 17:46:54.563 27588 27600 I art     : Starting a blocking GC Explicit
08-05 17:46:54.598 27588 27600 I art     : Explicit concurrent mark sweep GC freed 3(96B) AllocSpace objects, 0(0B) LOS objects, 22% free, 53MB/69MB, paused 809us total 34.404ms
08-05 17:46:54.610 27588 27600 I art     : Starting a blocking GC Explicit
08-05 17:46:54.641 27588 27600 I art     : Explicit concurrent mark sweep GC freed 3(96B) AllocSpace objects, 0(0B) LOS objects, 22% free, 53MB/69MB, paused 758us total 31.412ms
08-05 17:46:55.006 27588 27601 I art     : Starting a blocking GC Explicit
08-05 17:46:55.043 27588 27601 I art     : Explicit concurrent mark sweep GC freed 1344(78KB) AllocSpace objects, 1(20KB) LOS objects, 22% free, 53MB/69MB, paused 809us total 36.486ms
08-05 17:46:55.056 27588 27601 I art     : Starting a blocking GC Explicit
08-05 17:46:55.089 27588 27601 I art     : Explicit concurrent mark sweep GC freed 20(704B) AllocSpace objects, 0(0B) LOS objects, 22% free, 53MB/69MB, paused 726us total 32.422ms
08-05 17:46:55.101 27588 27601 I art     : Starting a blocking GC Explicit
08-05 17:46:55.135 27588 27601 I art     : Explicit concurrent mark sweep GC freed 3(96B) AllocSpace objects, 0(0B) LOS objects, 22% free, 53MB/69MB, paused 762us total 33.401ms
08-05 17:46:55.147 27588 27601 I art     : Starting a blocking GC Explicit
08-05 17:46:55.181 27588 27601 I art     : Explicit concurrent mark sweep GC freed 3(96B) AllocSpace objects, 0(0B) LOS objects, 22% free, 53MB/69MB, paused 752us total 34.054ms
08-05 17:46:55.193 27588 27601 I art     : Starting a blocking GC Explicit
08-05 17:46:55.226 27588 27601 I art     : Explicit concurrent mark sweep GC freed 3(96B) AllocSpace objects, 0(0B) LOS objects, 22% free, 53MB/69MB, paused 713us total 32.024ms
08-05 17:46:55.562 27588 27618 I art     : Starting a blocking GC Explicit
08-05 17:46:55.603 27588 27618 I art     : Explicit concurrent mark sweep GC freed 1344(78KB) AllocSpace objects, 1(20KB) LOS objects, 22% free, 53MB/69MB, paused 769us total 40.181ms
08-05 17:46:55.618 27588 27618 I art     : Starting a blocking GC Explicit
08-05 17:46:55.651 27588 27618 I art     : Explicit concurrent mark sweep GC freed 20(704B) AllocSpace objects, 0(0B) LOS objects, 22% free, 53MB/69MB, paused 762us total 32.151ms
08-05 17:46:55.663 27588 27618 I art     : Starting a blocking GC Explicit
08-05 17:46:55.697 27588 27618 I art     : Explicit concurrent mark sweep GC freed 3(96B) AllocSpace objects, 0(0B) LOS objects, 22% free, 53MB/69MB, paused 821us total 34.037ms
08-05 17:46:55.697 27588 27599 I art     : WaitForGcToComplete blocked for 8.390ms for cause HeapTrim
08-05 17:46:55.709 27588 27618 I art     : Starting a blocking GC Explicit
08-05 17:46:55.743 27588 27618 I art     : Explicit concurrent mark sweep GC freed 3(96B) AllocSpace objects, 0(0B) LOS objects, 22% free, 53MB/69MB, paused 734us total 32.978ms
08-05 17:46:55.755 27588 27618 I art     : Starting a blocking GC Explicit
08-05 17:46:55.787 27588 27618 I art     : Explicit concurrent mark sweep GC freed 3(96B) AllocSpace objects, 0(0B) LOS objects, 22% free, 53MB/69MB, paused 783us total 32.150ms
08-05 17:46:56.118 27588 27626 I art     : Starting a blocking GC Explicit
08-05 17:46:56.153 27588 27626 I art     : Explicit concurrent mark sweep GC freed 1344(78KB) AllocSpace objects, 1(20KB) LOS objects, 22% free, 53MB/69MB, paused 798us total 34.152ms
08-05 17:46:56.165 27588 27626 I art     : Starting a blocking GC Explicit
08-05 17:46:56.198 27588 27626 I art     : Explicit concurrent mark sweep GC freed 20(704B) AllocSpace objects, 0(0B) LOS objects, 22% free, 53MB/69MB, paused 801us total 32.683ms
08-05 17:46:56.210 27588 27626 I art     : Starting a blocking GC Explicit
08-05 17:46:56.240 27588 27626 I art     : Explicit concurrent mark sweep GC freed 3(96B) AllocSpace objects, 0(0B) LOS objects, 22% free, 53MB/69MB, paused 758us total 30.560ms
08-05 17:46:56.252 27588 27626 I art     : Starting a blocking GC Explicit
08-05 17:46:56.284 27588 27626 I art     : Explicit concurrent mark sweep GC freed 3(96B) AllocSpace objects, 0(0B) LOS objects, 22% free, 53MB/69MB, paused 775us total 31.770ms
08-05 17:46:56.296 27588 27626 I art     : Starting a blocking GC Explicit
08-05 17:46:56.327 27588 27626 I art     : Explicit concurrent mark sweep GC freed 3(96B) AllocSpace objects, 0(0B) LOS objects, 22% free, 53MB/69MB, paused 859us total 31.194ms
08-05 17:46:56.341 31643 31643 D AndroidRuntime: >>>>>> START com.android.internal.os.RuntimeInit uid 2000 <<<<<<
08-05 17:46:56.347 31643 31643 D AndroidRuntime: CheckJNI is OFF
08-05 17:46:56.391 31643 31643 D ICU     : No timezone override file found: /data/misc/zoneinfo/current/icu/icu_tzdata.dat
08-05 17:46:56.441 31643 31643 I Radio-JNI: register_android_hardware_Radio DONE
08-05 17:46:56.473 31643 31643 D AndroidRuntime: Calling main entry com.android.commands.input.Input
08-05 17:46:56.476 31643 31643 I Input   : injectKeyEvent: KeyEvent { action=ACTION_DOWN, keyCode=KEYCODE_BACK, scanCode=0, metaState=0, flags=0x0, repeatCount=0, eventTime=812832889, downTime=812832889, deviceId=-1, source=0x101 }
08-05 17:46:56.488 31643 31643 I Input   : injectKeyEvent: KeyEvent { action=ACTION_UP, keyCode=KEYCODE_BACK, scanCode=0, metaState=0, flags=0x0, repeatCount=0, eventTime=812832889, downTime=812832889, deviceId=-1, source=0x101 }
08-05 17:46:56.496 31643 31643 D AndroidRuntime: Shutting down VM
08-05 17:46:56.537 13866 13866 I GoogleInputMethodServic: GoogleInputMethodService.onFinishInput():3138 
08-05 17:46:56.538 13866 13866 I GoogleInputMethodServic: GoogleInputMethodService.onStartInput():1808 
08-05 17:46:56.631 27588 27626 I art     : Starting a blocking GC Explicit
08-05 17:46:56.665 27588 27626 I art     : Explicit concurrent mark sweep GC freed 1526(86KB) AllocSpace objects, 1(20KB) LOS objects, 22% free, 53MB/69MB, paused 777us total 32.954ms
08-05 17:46:56.677 27588 27626 I art     : Starting a blocking GC Explicit
08-05 17:46:56.711 27588 27626 I art     : Explicit concurrent mark sweep GC freed 26(944B) AllocSpace objects, 0(0B) LOS objects, 22% free, 53MB/69MB, paused 766us total 32.731ms
08-05 17:46:56.727 27588 27626 I art     : Starting a blocking GC Explicit
08-05 17:46:56.761 27588 27626 I art     : Explicit concurrent mark sweep GC freed 3(96B) AllocSpace objects, 0(0B) LOS objects, 22% free, 53MB/69MB, paused 779us total 34.028ms
08-05 17:46:56.776 27588 27626 I art     : Starting a blocking GC Explicit
08-05 17:46:56.810 27588 27626 I art     : Explicit concurrent mark sweep GC freed 3(96B) AllocSpace objects, 0(0B) LOS objects, 22% free, 53MB/69MB, paused 745us total 34.118ms
08-05 17:46:56.822 27588 27626 I art     : Starting a blocking GC Explicit
08-05 17:46:56.824   380   380 W SurfaceFlinger: couldn't log to binary event log: overflow.
08-05 17:46:56.850 27588 27626 I art     : Explicit concurrent mark sweep GC freed 111(8KB) AllocSpace objects, 0(0B) LOS objects, 22% free, 53MB/69MB, paused 706us total 28.012ms
08-05 17:46:57.152 27588 27601 I art     : Starting a blocking GC Explicit
08-05 17:46:57.194 27588 27601 I art     : Explicit concurrent mark sweep GC freed 2995(186KB) AllocSpace objects, 4(200KB) LOS objects, 23% free, 53MB/69MB, paused 811us total 41.738ms
08-05 17:46:57.210 27588 27601 I art     : Starting a blocking GC Explicit
08-05 17:46:57.243 27588 27601 I art     : Explicit concurrent mark sweep GC freed 20(704B) AllocSpace objects, 0(0B) LOS objects, 23% free, 53MB/69MB, paused 748us total 33.358ms
08-05 17:46:57.255 27588 27601 I art     : Starting a blocking GC Explicit
08-05 17:46:57.285 27588 27601 I art     : Explicit concurrent mark sweep GC freed 3(96B) AllocSpace objects, 0(0B) LOS objects, 23% free, 53MB/69MB, paused 692us total 29.946ms
08-05 17:46:57.297 27588 27601 I art     : Starting a blocking GC Explicit
08-05 17:46:57.327 27588 27601 I art     : Explicit concurrent mark sweep GC freed 3(96B) AllocSpace objects, 0(0B) LOS objects, 23% free, 53MB/69MB, paused 891us total 30.197ms
08-05 17:46:57.339 27588 27601 I art     : Starting a blocking GC Explicit
08-05 17:46:57.369 27588 27601 I art     : Explicit concurrent mark sweep GC freed 3(96B) AllocSpace objects, 0(0B) LOS objects, 23% free, 53MB/69MB, paused 731us total 29.662ms
08-05 17:46:57.682 27588 27600 I art     : Starting a blocking GC Explicit
08-05 17:46:57.718 27588 27600 I art     : Explicit concurrent mark sweep GC freed 1344(78KB) AllocSpace objects, 1(20KB) LOS objects, 23% free, 53MB/69MB, paused 824us total 35.718ms
08-05 17:46:57.735 27588 27600 I art     : Starting a blocking GC Explicit
08-05 17:46:57.762 27588 27600 I art     : Explicit concurrent mark sweep GC freed 20(704B) AllocSpace objects, 0(0B) LOS objects, 23% free, 53MB/69MB, paused 692us total 26.729ms
08-05 17:46:57.773 27588 27600 I art     : Starting a blocking GC Explicit
08-05 17:46:57.802 27588 27600 I art     : Explicit concurrent mark sweep GC freed 3(96B) AllocSpace objects, 0(0B) LOS objects, 23% free, 53MB/69MB, paused 724us total 28.095ms
08-05 17:46:57.813 27588 27600 I art     : Starting a blocking GC Explicit
08-05 17:46:57.841 27588 27600 I art     : Explicit concurrent mark sweep GC freed 3(96B) AllocSpace objects, 0(0B) LOS objects, 23% free, 53MB/69MB, paused 725us total 28.231ms
08-05 17:46:57.853 27588 27600 I art     : Starting a blocking GC Explicit
08-05 17:46:57.882 27588 27600 I art     : Explicit concurrent mark sweep GC freed 3(96B) AllocSpace objects, 0(0B) LOS objects, 23% free, 53MB/69MB, paused 749us total 28.696ms
08-05 17:46:58.185 27588 27601 I art     : Starting a blocking GC Explicit
08-05 17:46:58.214 27588 27601 I art     : Explicit concurrent mark sweep GC freed 1344(78KB) AllocSpace objects, 1(20KB) LOS objects, 23% free, 53MB/69MB, paused 756us total 28.728ms
08-05 17:46:58.226 27588 27601 I art     : Starting a blocking GC Explicit
08-05 17:46:58.257 27588 27601 I art     : Explicit concurrent mark sweep GC freed 44(1600B) AllocSpace objects, 0(0B) LOS objects, 23% free, 53MB/69MB, paused 832us total 31.644ms
08-05 17:46:58.269 27588 27601 I art     : Starting a blocking GC Explicit
08-05 17:46:58.290 31696 31696 D AndroidRuntime: >>>>>> START com.android.internal.os.RuntimeInit uid 2000 <<<<<<
08-05 17:46:58.296 31696 31696 D AndroidRuntime: CheckJNI is OFF
08-05 17:46:58.300 27588 27601 I art     : Explicit concurrent mark sweep GC freed 3(96B) AllocSpace objects, 0(0B) LOS objects, 23% free, 53MB/69MB, paused 804us total 30.781ms
08-05 17:46:58.312 27588 27601 I art     : Starting a blocking GC Explicit
08-05 17:46:58.341 31696 31696 D ICU     : No timezone override file found: /data/misc/zoneinfo/current/icu/icu_tzdata.dat
08-05 17:46:58.342 27588 27601 I art     : Explicit concurrent mark sweep GC freed 3(96B) AllocSpace objects, 0(0B) LOS objects, 23% free, 53MB/69MB, paused 784us total 28.954ms
08-05 17:46:58.353 27588 27601 I art     : Starting a blocking GC Explicit
08-05 17:46:58.383 27588 27601 I art     : Explicit concurrent mark sweep GC freed 3(96B) AllocSpace objects, 0(0B) LOS objects, 23% free, 53MB/69MB, paused 790us total 29.827ms
08-05 17:46:58.388 31696 31696 I Radio-JNI: register_android_hardware_Radio DONE
08-05 17:46:58.418 31696 31696 D AndroidRuntime: Calling main entry com.android.commands.input.Input
08-05 17:46:58.420 31696 31696 I Input   : injectKeyEvent: KeyEvent { action=ACTION_DOWN, keyCode=KEYCODE_BACK, scanCode=0, metaState=0, flags=0x0, repeatCount=0, eventTime=812834833, downTime=812834833, deviceId=-1, source=0x101 }
08-05 17:46:58.427 31696 31696 I Input   : injectKeyEvent: KeyEvent { action=ACTION_UP, keyCode=KEYCODE_BACK, scanCode=0, metaState=0, flags=0x0, repeatCount=0, eventTime=812834833, downTime=812834833, deviceId=-1, source=0x101 }
08-05 17:46:58.433 31696 31696 D AndroidRuntime: Shutting down VM
08-05 17:46:58.469 13866 13866 I GoogleInputMethodServic: GoogleInputMethodService.onFinishInput():3138 
08-05 17:46:58.471 13866 13866 I GoogleInputMethodServic: GoogleInputMethodService.onStartInput():1808 
08-05 17:46:58.671 27588 27601 I art     : Starting a blocking GC Explicit
08-05 17:46:58.699 27588 27601 I art     : Explicit concurrent mark sweep GC freed 1553(87KB) AllocSpace objects, 1(20KB) LOS objects, 23% free, 53MB/69MB, paused 748us total 28.694ms
08-05 17:46:58.710 27588 27601 I art     : Starting a blocking GC Explicit
08-05 17:46:58.738 27588 27601 I art     : Explicit concurrent mark sweep GC freed 24(864B) AllocSpace objects, 0(0B) LOS objects, 23% free, 53MB/69MB, paused 748us total 27.858ms
08-05 17:46:58.749 27588 27601 I art     : Starting a blocking GC Explicit
08-05 17:46:58.778 27588 27601 I art     : Explicit concurrent mark sweep GC freed 605(29KB) AllocSpace objects, 0(0B) LOS objects, 23% free, 53MB/69MB, paused 720us total 28.849ms
08-05 17:46:58.789 27588 27601 I art     : Starting a blocking GC Explicit
08-05 17:46:58.818 27588 27601 I art     : Explicit concurrent mark sweep GC freed 77(3KB) AllocSpace objects, 0(0B) LOS objects, 23% free, 53MB/69MB, paused 719us total 27.982ms
08-05 17:46:58.829 27588 27601 I art     : Starting a blocking GC Explicit
08-05 17:46:58.856 27588 27601 I art     : Explicit concurrent mark sweep GC freed 2661(174KB) AllocSpace objects, 1(28KB) LOS objects, 23% free, 53MB/69MB, paused 714us total 26.354ms
08-05 17:46:59.148 27588 27600 I art     : Starting a blocking GC Explicit
08-05 17:46:59.183 27588 27600 I art     : Explicit concurrent mark sweep GC freed 1344(78KB) AllocSpace objects, 1(20KB) LOS objects, 23% free, 53MB/69MB, paused 789us total 34.118ms
08-05 17:46:59.197 27588 27600 I art     : Starting a blocking GC Explicit
08-05 17:46:59.226 27588 27600 I art     : Explicit concurrent mark sweep GC freed 20(704B) AllocSpace objects, 0(0B) LOS objects, 23% free, 53MB/69MB, paused 780us total 28.515ms
08-05 17:46:59.237 27588 27600 I art     : Starting a blocking GC Explicit
08-05 17:46:59.267 27588 27600 I art     : Explicit concurrent mark sweep GC freed 3(96B) AllocSpace objects, 0(0B) LOS objects, 23% free, 53MB/69MB, paused 728us total 28.926ms
08-05 17:46:59.278 27588 27600 I art     : Starting a blocking GC Explicit
08-05 17:46:59.307 27588 27600 I art     : Explicit concurrent mark sweep GC freed 3(96B) AllocSpace objects, 0(0B) LOS objects, 23% free, 53MB/69MB, paused 811us total 28.950ms
08-05 17:46:59.319 27588 27600 I art     : Starting a blocking GC Explicit
08-05 17:46:59.347 27588 27600 I art     : Explicit concurrent mark sweep GC freed 3(96B) AllocSpace objects, 0(0B) LOS objects, 23% free, 53MB/69MB, paused 800us total 28.262ms
08-05 17:46:59.654 27588 29335 I art     : Starting a blocking GC Explicit
08-05 17:46:59.688 27588 29335 I art     : Explicit concurrent mark sweep GC freed 1341(78KB) AllocSpace objects, 1(20KB) LOS objects, 23% free, 53MB/69MB, paused 1.140ms total 33.465ms
08-05 17:46:59.699 27588 29335 I art     : Starting a blocking GC Explicit
08-05 17:46:59.726 27588 29335 I art     : Explicit concurrent mark sweep GC freed 20(704B) AllocSpace objects, 0(0B) LOS objects, 23% free, 53MB/69MB, paused 734us total 26.841ms
08-05 17:46:59.738 27588 29335 I art     : Starting a blocking GC Explicit
08-05 17:46:59.765 27588 29335 I art     : Explicit concurrent mark sweep GC freed 3(96B) AllocSpace objects, 0(0B) LOS objects, 23% free, 53MB/69MB, paused 754us total 26.948ms
08-05 17:46:59.776 27588 29335 I art     : Starting a blocking GC Explicit
08-05 17:46:59.803 27588 29335 I art     : Explicit concurrent mark sweep GC freed 3(96B) AllocSpace objects, 0(0B) LOS objects, 23% free, 53MB/69MB, paused 717us total 26.697ms
08-05 17:46:59.814 27588 29335 I art     : Starting a blocking GC Explicit
08-05 17:46:59.841 27588 29335 I art     : Explicit concurrent mark sweep GC freed 3(96B) AllocSpace objects, 0(0B) LOS objects, 23% free, 53MB/69MB, paused 748us total 26.830ms
08-05 17:47:00.137 27588 27618 I art     : Starting a blocking GC Explicit
08-05 17:47:00.167 27588 27618 I art     : Explicit concurrent mark sweep GC freed 1341(78KB) AllocSpace objects, 1(20KB) LOS objects, 23% free, 53MB/69MB, paused 777us total 29.219ms
08-05 17:47:00.179 27588 27618 I art     : Starting a blocking GC Explicit
08-05 17:47:00.208 27588 27618 I art     : Explicit concurrent mark sweep GC freed 20(704B) AllocSpace objects, 0(0B) LOS objects, 23% free, 53MB/69MB, paused 814us total 29.485ms
08-05 17:47:00.220 27588 27618 I art     : Starting a blocking GC Explicit
08-05 17:47:00.249 27588 27618 I art     : Explicit concurrent mark sweep GC freed 3(96B) AllocSpace objects, 0(0B) LOS objects, 23% free, 53MB/69MB, paused 769us total 29.221ms
08-05 17:47:00.261 27588 27618 I art     : Starting a blocking GC Explicit
08-05 17:47:00.289 31762 31762 D AndroidRuntime: >>>>>> START com.android.internal.os.RuntimeInit uid 2000 <<<<<<
08-05 17:47:00.289 27588 27618 I art     : Explicit concurrent mark sweep GC freed 3(96B) AllocSpace objects, 0(0B) LOS objects, 23% free, 53MB/69MB, paused 822us total 28.419ms
08-05 17:47:00.295 31762 31762 D AndroidRuntime: CheckJNI is OFF
08-05 17:47:00.301 27588 27618 I art     : Starting a blocking GC Explicit
08-05 17:47:00.330 27588 27618 I art     : Explicit concurrent mark sweep GC freed 3(96B) AllocSpace objects, 0(0B) LOS objects, 23% free, 53MB/69MB, paused 766us total 28.234ms
08-05 17:47:00.341 31762 31762 D ICU     : No timezone override file found: /data/misc/zoneinfo/current/icu/icu_tzdata.dat
08-05 17:47:00.388 31762 31762 I Radio-JNI: register_android_hardware_Radio DONE
08-05 17:47:00.417 31762 31762 D AndroidRuntime: Calling main entry com.android.commands.am.Am
08-05 17:47:00.425 16924 16924 I Trepn   : Trepn 6.2s: Received intent: com.quicinc.trepn.stop_profiling
08-05 17:47:00.464 16924 16924 I Trepn   : Trepn 6.2s: Trepn has Stopped Profiling.
08-05 17:47:00.582 31762 31762 D AndroidRuntime: Shutting down VM
08-05 17:47:00.584   918  4413 W AppOps  : Finishing op nesting under-run: uid 10078 pkg com.quicinc.trepn code 24 time=0 duration=0 nesting=0
08-05 17:47:00.636 27588 27626 I art     : Starting a blocking GC Explicit
08-05 17:47:00.665 27588 27626 I art     : Explicit concurrent mark sweep GC freed 1341(78KB) AllocSpace objects, 1(20KB) LOS objects, 23% free, 53MB/69MB, paused 747us total 29.056ms
08-05 17:47:00.677 27588 27626 I art     : Starting a blocking GC Explicit
08-05 17:47:00.706 27588 27626 I art     : Explicit concurrent mark sweep GC freed 20(704B) AllocSpace objects, 0(0B) LOS objects, 23% free, 53MB/69MB, paused 739us total 28.647ms
08-05 17:47:00.717 27588 27626 I art     : Starting a blocking GC Explicit
08-05 17:47:00.746 27588 27626 I art     : Explicit concurrent mark sweep GC freed 3(96B) AllocSpace objects, 0(0B) LOS objects, 23% free, 53MB/69MB, paused 721us total 28.441ms
08-05 17:47:00.758 27588 27626 I art     : Starting a blocking GC Explicit
08-05 17:47:00.789 27588 27626 I art     : Explicit concurrent mark sweep GC freed 3(96B) AllocSpace objects, 0(0B) LOS objects, 23% free, 53MB/69MB, paused 750us total 31.190ms
08-05 17:47:00.801 27588 27626 I art     : Starting a blocking GC Explicit
08-05 17:47:00.831 27588 27626 I art     : Explicit concurrent mark sweep GC freed 3(96B) AllocSpace objects, 0(0B) LOS objects, 23% free, 53MB/69MB, paused 720us total 29.669ms
08-05 17:47:01.117 27588 27601 I art     : Starting a blocking GC Explicit
08-05 17:47:01.146 27588 27601 I art     : Explicit concurrent mark sweep GC freed 1341(78KB) AllocSpace objects, 1(20KB) LOS objects, 23% free, 53MB/69MB, paused 719us total 28.322ms
08-05 17:47:01.157 27588 27601 I art     : Starting a blocking GC Explicit
08-05 17:47:01.186 27588 27601 I art     : Explicit concurrent mark sweep GC freed 20(704B) AllocSpace objects, 0(0B) LOS objects, 23% free, 53MB/69MB, paused 694us total 28.378ms
08-05 17:47:01.197 27588 27601 I art     : Starting a blocking GC Explicit
08-05 17:47:01.225 27588 27601 I art     : Explicit concurrent mark sweep GC freed 3(96B) AllocSpace objects, 0(0B) LOS objects, 23% free, 53MB/69MB, paused 691us total 27.085ms
08-05 17:47:01.236 27588 27601 I art     : Starting a blocking GC Explicit
08-05 17:47:01.263 27588 27601 I art     : Explicit concurrent mark sweep GC freed 3(96B) AllocSpace objects, 0(0B) LOS objects, 23% free, 53MB/69MB, paused 735us total 27.049ms
08-05 17:47:01.274 27588 27601 I art     : Starting a blocking GC Explicit
08-05 17:47:01.301 27588 27601 I art     : Explicit concurrent mark sweep GC freed 3(96B) AllocSpace objects, 0(0B) LOS objects, 23% free, 53MB/69MB, paused 748us total 26.713ms
08-05 17:47:02.195 26632 26632 I ServiceManager: Waiting for service AtCmdFwd...
08-05 17:47:03.196 26632 26632 I ServiceManager: Waiting for service AtCmdFwd...
