--------- beginning of main
08-05 01:28:53.622 14003 14003 D AndroidRuntime: >>>>>> START com.android.internal.os.RuntimeInit uid 2000 <<<<<<
08-05 01:28:53.629 14003 14003 D AndroidRuntime: CheckJNI is OFF
08-05 01:28:53.660 14003 14003 D ICU     : No timezone override file found: /data/misc/zoneinfo/current/icu/icu_tzdata.dat
08-05 01:28:53.702 14003 14003 I Radio-JNI: register_android_hardware_Radio DONE
08-05 01:28:53.720 14003 14003 D AndroidRuntime: Calling main entry com.android.commands.monkey.Monkey
--------- beginning of system
08-05 01:28:53.736   918   931 W BroadcastQueue: Skipping deliver [background] BroadcastRecord{e8842eb u-1 android.net.conn.CONNECTIVITY_CHANGE} to ReceiverList{12a4848 14003 (unknown name)/2000/u-1 remote:bc91965}: process crashing
08-05 01:28:53.746   918   929 I ActivityManager: START u0 {act=android.intent.action.MAIN cat=[android.intent.category.LAUNCHER] flg=0x10200000 cmp=baseline.appteam.nith.hillffair/.activities.SplashActivity} from uid 2000 on display 0
08-05 01:28:53.777 14012 14012 I art     : Late-enabling -Xcheck:jni
08-05 01:28:53.781   918  3714 I ActivityManager: Start proc 14012:baseline.appteam.nith.hillffair/u0a675 for activity baseline.appteam.nith.hillffair/.activities.SplashActivity
08-05 01:28:53.785 14003 14003 I art     : System.exit called, status: 0
08-05 01:28:53.785 14003 14003 I AndroidRuntime: VM exiting with result code 0.
08-05 01:28:53.855   719 23718 I PBSessionCacheImpl: Deleted sessionId[3163792008073881] from persistence.
08-05 01:28:53.864   719   760 W SearchServiceCore: Abort, client detached.
08-05 01:28:53.865   719   760 I MicroDetectionState: Should stop hotword detection immediately - true
08-05 01:28:53.870 14012 14012 W System  : ClassLoader referenced unknown path: /data/app/baseline.appteam.nith.hillffair-1/lib/arm64
08-05 01:28:53.934 14012 14012 W OneSignal: GCM Library detected, please upgrade to Firebase FCM library as GCM is deprecated!
08-05 01:28:54.006 14012 14012 W art     : Before Android 4.1, method android.graphics.PorterDuffColorFilter androidx.vectordrawable.graphics.drawable.VectorDrawableCompat.updateTintFilter(android.graphics.PorterDuffColorFilter, android.content.res.ColorStateList, android.graphics.PorterDuff$Mode) would have incorrectly overridden the package-private method in android.graphics.drawable.Drawable
08-05 01:28:54.036 14012 14012 I art     : Rejecting re-init on previously-failed class java.lang.Class<androidx.core.view.ViewCompat$2>
08-05 01:28:54.036 14012 14012 I art     : Rejecting re-init on previously-failed class java.lang.Class<androidx.core.view.ViewCompat$2>
08-05 01:28:54.104 14012 14035 D OpenGLRenderer: Use EGL_SWAP_BEHAVIOR_PRESERVED: true
08-05 01:28:54.158 14012 14035 I Adreno  : QUALCOMM build                   : fcf4852, I1af360237c
08-05 01:28:54.158 14012 14035 I Adreno  : Build Date                       : 09/23/15
08-05 01:28:54.158 14012 14035 I Adreno  : OpenGL ES Shader Compiler Version: XE031.05.13.02
08-05 01:28:54.158 14012 14035 I Adreno  : Local Branch                     : mybranch14465806
08-05 01:28:54.158 14012 14035 I Adreno  : Remote Branch                    : quic/LA.BF64.1.2.9_v2
08-05 01:28:54.158 14012 14035 I Adreno  : Remote Branch                    : NONE
08-05 01:28:54.158 14012 14035 I Adreno  : Reconstruct Branch               : NOTHING
08-05 01:28:54.169 14012 14035 I OpenGLRenderer: Initialized EGL, version 1.4
08-05 01:28:54.279   918   936 I ActivityManager: Displayed baseline.appteam.nith.hillffair/.activities.SplashActivity: +526ms
08-05 01:28:54.293 13866 13866 I GoogleInputMethodServic: GoogleInputMethodService.onFinishInput():3138 
08-05 01:28:54.294 13866 13866 I GoogleInputMethodServic: GoogleInputMethodService.onStartInput():1808 
08-05 01:28:54.384 14012 14046 W GCM     : GCM SDK is deprecated, baseline.appteam.nith.hillffair should update to use FCM
08-05 01:28:54.422 24365 21562 W Conscrypt: Could not set socket write timeout: java.net.SocketException: Socket closed
08-05 01:28:54.423 24365 21562 E art     : invalid stream - problem with parameter iterator in /data/app/com.google.android.gms-2/base.apk:classes3.dex for method void com.google.android.gms.org.conscrypt.ConscryptFileDescriptorSocket.setSoWriteTimeout(int)
08-05 01:28:54.423 24365 21562 W Conscrypt: 	at com.google.android.gms.org.conscrypt.Platform.setSocketWriteTimeout(:com.google.android.gms@202614019@20.26.14 (040400-320008519):2)
08-05 01:28:54.423 24365 21562 W Conscrypt: 	at com.google.android.gms.org.conscrypt.ConscryptFileDescriptorSocket.setSoWriteTimeout(:com.google.android.gms@202614019@20.26.14 (040400-320008519))
08-05 01:28:54.443 24365 21562 W Conscrypt: Could not set socket write timeout: java.net.SocketException: Socket closed
08-05 01:28:54.444 24365 21562 E art     : invalid stream - problem with parameter iterator in /data/app/com.google.android.gms-2/base.apk:classes3.dex for method void com.google.android.gms.org.conscrypt.ConscryptFileDescriptorSocket.setSoWriteTimeout(int)
08-05 01:28:54.444 24365 21562 W Conscrypt: 	at com.google.android.gms.org.conscrypt.Platform.setSocketWriteTimeout(:com.google.android.gms@202614019@20.26.14 (040400-320008519):2)
08-05 01:28:54.444 24365 21562 W Conscrypt: 	at com.google.android.gms.org.conscrypt.ConscryptFileDescriptorSocket.setSoWriteTimeout(:com.google.android.gms@202614019@20.26.14 (040400-320008519))
08-05 01:28:54.511 24365 21562 W Conscrypt: Could not set socket write timeout: java.net.SocketException: Socket closed
08-05 01:28:54.511 24365 21562 E art     : invalid stream - problem with parameter iterator in /data/app/com.google.android.gms-2/base.apk:classes3.dex for method void com.google.android.gms.org.conscrypt.ConscryptFileDescriptorSocket.setSoWriteTimeout(int)
08-05 01:28:54.512 24365 21562 W Conscrypt: 	at com.google.android.gms.org.conscrypt.Platform.setSocketWriteTimeout(:com.google.android.gms@202614019@20.26.14 (040400-320008519):2)
08-05 01:28:54.512 24365 21562 W Conscrypt: 	at com.google.android.gms.org.conscrypt.ConscryptFileDescriptorSocket.setSoWriteTimeout(:com.google.android.gms@202614019@20.26.14 (040400-320008519))
08-05 01:28:54.528 24365 21562 W Conscrypt: Could not set socket write timeout: java.net.SocketException: Socket closed
08-05 01:28:54.528 24365 21562 E art     : invalid stream - problem with parameter iterator in /data/app/com.google.android.gms-2/base.apk:classes3.dex for method void com.google.android.gms.org.conscrypt.ConscryptFileDescriptorSocket.setSoWriteTimeout(int)
08-05 01:28:54.529 24365 21562 W Conscrypt: 	at com.google.android.gms.org.conscrypt.Platform.setSocketWriteTimeout(:com.google.android.gms@202614019@20.26.14 (040400-320008519):2)
08-05 01:28:54.529 24365 21562 W Conscrypt: 	at com.google.android.gms.org.conscrypt.ConscryptFileDescriptorSocket.setSoWriteTimeout(:com.google.android.gms@202614019@20.26.14 (040400-320008519))
08-05 01:28:54.697 14012 14046 E OneSignal: Error Getting GCM Token
08-05 01:28:54.697 14012 14046 E OneSignal: java.io.IOException: INVALID_SENDER
08-05 01:28:54.697 14012 14046 E OneSignal: 	at com.google.android.gms.gcm.GoogleCloudMessaging.zzd(Unknown Source)
08-05 01:28:54.697 14012 14046 E OneSignal: 	at com.google.android.gms.gcm.GoogleCloudMessaging.register(Unknown Source)
08-05 01:28:54.697 14012 14046 E OneSignal: 	at com.onesignal.PushRegistratorGCM.getToken(PushRegistratorGCM.java:42)
08-05 01:28:54.697 14012 14046 E OneSignal: 	at com.onesignal.PushRegistratorAbstractGoogle.attemptRegistration(PushRegistratorAbstractGoogle.java:97)
08-05 01:28:54.697 14012 14046 E OneSignal: 	at com.onesignal.PushRegistratorAbstractGoogle.access$100(PushRegistratorAbstractGoogle.java:37)
08-05 01:28:54.697 14012 14046 E OneSignal: 	at com.onesignal.PushRegistratorAbstractGoogle$1.run(PushRegistratorAbstractGoogle.java:84)
08-05 01:28:54.697 14012 14046 E OneSignal: 	at java.lang.Thread.run(Thread.java:818)
08-05 01:28:54.710 14012 14050 I art     : Rejecting re-init on previously-failed class java.lang.Class<com.onesignal.OneSignalChromeTab$OneSignalCustomTabsServiceConnection>
08-05 01:28:54.711 14012 14050 I art     : Rejecting re-init on previously-failed class java.lang.Class<com.onesignal.OneSignalChromeTab$OneSignalCustomTabsServiceConnection>
08-05 01:28:55.412 14061 14061 D AndroidRuntime: >>>>>> START com.android.internal.os.RuntimeInit uid 2000 <<<<<<
08-05 01:28:55.420 14061 14061 D AndroidRuntime: CheckJNI is OFF
08-05 01:28:55.451 14061 14061 D ICU     : No timezone override file found: /data/misc/zoneinfo/current/icu/icu_tzdata.dat
08-05 01:28:55.484 14061 14061 I Radio-JNI: register_android_hardware_Radio DONE
08-05 01:28:55.502 14061 14061 D AndroidRuntime: Calling main entry com.android.commands.am.Am
08-05 01:28:55.513 24044 24044 I Trepn   : Trepn 6.2s: Received intent: com.quicinc.trepn.start_profiling
08-05 01:28:55.578   918  4400 I ActivityManager: START u0 {cmp=baseline.appteam.nith.hillffair/.activities.WelcomeActivity} from uid 10675 on display 0
08-05 01:28:55.603   918  6111 I ActivityManager: START u0 {cmp=baseline.appteam.nith.hillffair/.activities.HomeActivity} from uid 10675 on display 0
08-05 01:28:55.609   918  5481 W ActivityManager: Duplicate finish request for ActivityRecord{6f50566 u0 baseline.appteam.nith.hillffair/.activities.WelcomeActivity t4043 f}
08-05 01:28:55.616 24044 24044 W FileUtils: Failed to chmod(/storage/emulated/0/trepn/Trepn_2020.08.05_012855.db): android.system.ErrnoException: chmod failed: EPERM (Operation not permitted)
08-05 01:28:55.695 24044 24044 I Trepn   : Trepn 6.2s: Trepn has Started Profiling.
08-05 01:28:55.696 14061 14061 D AndroidRuntime: Shutting down VM
08-05 01:28:56.133 14012 14024 I art     : Starting a blocking GC Explicit
08-05 01:28:56.145 14012 14024 I art     : Explicit concurrent mark sweep GC freed 3212(530KB) AllocSpace objects, 0(0B) LOS objects, 25% free, 47MB/63MB, paused 179us total 12.051ms
08-05 01:28:56.151 14012 14024 I art     : Starting a blocking GC Explicit
08-05 01:28:56.162 14012 14024 I art     : Explicit concurrent mark sweep GC freed 327(32KB) AllocSpace objects, 0(0B) LOS objects, 24% free, 48MB/64MB, paused 363us total 11.548ms
08-05 01:28:56.168 14012 14024 I art     : Starting a blocking GC Explicit
08-05 01:28:56.169   918   936 I ActivityManager: Displayed baseline.appteam.nith.hillffair/.activities.HomeActivity: +514ms (total +582ms)
08-05 01:28:56.169 13866 13866 I GoogleInputMethodServic: GoogleInputMethodService.onFinishInput():3138 
08-05 01:28:56.170 13866 13866 I GoogleInputMethodServic: GoogleInputMethodService.onStartInput():1808 
08-05 01:28:56.179 14012 14024 I art     : Explicit concurrent mark sweep GC freed 154(24KB) AllocSpace objects, 0(0B) LOS objects, 24% free, 48MB/64MB, paused 206us total 10.808ms
08-05 01:28:56.184 14012 14024 I art     : Starting a blocking GC Explicit
08-05 01:28:56.198 14012 14024 I art     : Explicit concurrent mark sweep GC freed 24(896B) AllocSpace objects, 0(0B) LOS objects, 24% free, 48MB/64MB, paused 173us total 13.474ms
08-05 01:28:56.204 14012 14024 I art     : Starting a blocking GC Explicit
08-05 01:28:56.216 14012 14024 I art     : Explicit concurrent mark sweep GC freed 92(5KB) AllocSpace objects, 0(0B) LOS objects, 24% free, 48MB/64MB, paused 183us total 12.138ms
08-05 01:28:56.418   380   380 W SurfaceFlinger: couldn't log to binary event log: overflow.
08-05 01:28:56.512 14012 14101 I art     : Starting a blocking GC Explicit
08-05 01:28:56.528 14012 14101 I art     : Explicit concurrent mark sweep GC freed 1363(79KB) AllocSpace objects, 1(20KB) LOS objects, 24% free, 48MB/64MB, paused 318us total 16.058ms
08-05 01:28:56.535 14012 14101 I art     : Starting a blocking GC Explicit
08-05 01:28:56.551 14012 14101 I art     : Explicit concurrent mark sweep GC freed 1537(98KB) AllocSpace objects, 0(0B) LOS objects, 25% free, 47MB/63MB, paused 271us total 15.893ms
08-05 01:28:56.559 14012 14101 I art     : Starting a blocking GC Explicit
08-05 01:28:56.570 14012 14101 I art     : Explicit concurrent mark sweep GC freed 138(6KB) AllocSpace objects, 0(0B) LOS objects, 25% free, 47MB/63MB, paused 136us total 10.536ms
08-05 01:28:56.575 14012 14101 I art     : Starting a blocking GC Explicit
08-05 01:28:56.585 14012 14101 I art     : Explicit concurrent mark sweep GC freed 117(6KB) AllocSpace objects, 0(0B) LOS objects, 25% free, 47MB/63MB, paused 135us total 10.169ms
08-05 01:28:56.591 14012 14101 I art     : Starting a blocking GC Explicit
08-05 01:28:56.601 14012 14101 I art     : Explicit concurrent mark sweep GC freed 781(53KB) AllocSpace objects, 0(0B) LOS objects, 25% free, 47MB/63MB, paused 132us total 10.237ms
08-05 01:28:56.877 14012 14102 I art     : Starting a blocking GC Explicit
08-05 01:28:56.891 14012 14102 I art     : Explicit concurrent mark sweep GC freed 1342(78KB) AllocSpace objects, 1(20KB) LOS objects, 25% free, 47MB/63MB, paused 192us total 14.052ms
08-05 01:28:56.898 14012 14102 I art     : Starting a blocking GC Explicit
08-05 01:28:56.910 14012 14102 I art     : Explicit concurrent mark sweep GC freed 20(704B) AllocSpace objects, 0(0B) LOS objects, 25% free, 47MB/63MB, paused 156us total 11.875ms
08-05 01:28:56.917 14012 14102 I art     : Starting a blocking GC Explicit
08-05 01:28:56.929 14012 14102 I art     : Explicit concurrent mark sweep GC freed 3(96B) AllocSpace objects, 0(0B) LOS objects, 25% free, 47MB/63MB, paused 147us total 11.933ms
08-05 01:28:56.935 14012 14102 I art     : Starting a blocking GC Explicit
08-05 01:28:56.947 14012 14102 I art     : Explicit concurrent mark sweep GC freed 3(96B) AllocSpace objects, 0(0B) LOS objects, 25% free, 47MB/63MB, paused 178us total 11.736ms
08-05 01:28:56.953 14012 14102 I art     : Starting a blocking GC Explicit
08-05 01:28:56.965 14012 14102 I art     : Explicit concurrent mark sweep GC freed 3(96B) AllocSpace objects, 0(0B) LOS objects, 25% free, 47MB/63MB, paused 153us total 11.659ms
08-05 01:28:57.277 14012 14024 I art     : Starting a blocking GC Explicit
08-05 01:28:57.296 14012 14024 I art     : Explicit concurrent mark sweep GC freed 1342(78KB) AllocSpace objects, 1(20KB) LOS objects, 25% free, 47MB/63MB, paused 220us total 17.804ms
08-05 01:28:57.304 14012 14024 I art     : Starting a blocking GC Explicit
08-05 01:28:57.317 14012 14024 I art     : Explicit concurrent mark sweep GC freed 20(704B) AllocSpace objects, 0(0B) LOS objects, 25% free, 47MB/63MB, paused 277us total 12.462ms
08-05 01:28:57.323 14012 14024 I art     : Starting a blocking GC Explicit
08-05 01:28:57.336 14012 14024 I art     : Explicit concurrent mark sweep GC freed 3(96B) AllocSpace objects, 0(0B) LOS objects, 25% free, 47MB/63MB, paused 156us total 11.893ms
08-05 01:28:57.342 14012 14024 I art     : Starting a blocking GC Explicit
08-05 01:28:57.354 14012 14024 I art     : Explicit concurrent mark sweep GC freed 3(96B) AllocSpace objects, 0(0B) LOS objects, 25% free, 47MB/63MB, paused 147us total 11.510ms
08-05 01:28:57.360 14012 14024 I art     : Starting a blocking GC Explicit
08-05 01:28:57.371 14012 14024 I art     : Explicit concurrent mark sweep GC freed 3(96B) AllocSpace objects, 0(0B) LOS objects, 25% free, 47MB/63MB, paused 156us total 11.012ms
08-05 01:28:57.671 14012 14025 I art     : Starting a blocking GC Explicit
08-05 01:28:57.688 14012 14025 I art     : Explicit concurrent mark sweep GC freed 1340(78KB) AllocSpace objects, 1(20KB) LOS objects, 25% free, 47MB/63MB, paused 174us total 17.135ms
08-05 01:28:57.695 14012 14025 I art     : Starting a blocking GC Explicit
08-05 01:28:57.707 14012 14025 I art     : Explicit concurrent mark sweep GC freed 20(704B) AllocSpace objects, 0(0B) LOS objects, 25% free, 47MB/63MB, paused 168us total 12.699ms
08-05 01:28:57.714 14012 14025 I art     : Starting a blocking GC Explicit
08-05 01:28:57.726 14012 14025 I art     : Explicit concurrent mark sweep GC freed 3(96B) AllocSpace objects, 0(0B) LOS objects, 25% free, 47MB/63MB, paused 153us total 11.367ms
08-05 01:28:57.732 14012 14025 I art     : Starting a blocking GC Explicit
08-05 01:28:57.743 14012 14025 I art     : Explicit concurrent mark sweep GC freed 3(96B) AllocSpace objects, 0(0B) LOS objects, 25% free, 47MB/63MB, paused 156us total 11.499ms
08-05 01:28:57.749 14012 14025 I art     : Starting a blocking GC Explicit
08-05 01:28:57.751   918  3261 D WifiStateMachine: starting scan for "H369AA63323"WPA_PSK with 2412,5180
08-05 01:28:57.761 14012 14025 I art     : Explicit concurrent mark sweep GC freed 3(96B) AllocSpace objects, 0(0B) LOS objects, 25% free, 47MB/63MB, paused 155us total 11.463ms
08-05 01:28:58.038 14012 14101 I art     : Starting a blocking GC Explicit
08-05 01:28:58.054 14012 14101 I art     : Explicit concurrent mark sweep GC freed 1339(78KB) AllocSpace objects, 1(20KB) LOS objects, 25% free, 47MB/63MB, paused 179us total 15.116ms
08-05 01:28:58.064 14012 14101 I art     : Starting a blocking GC Explicit
08-05 01:28:58.076 14012 14101 I art     : Explicit concurrent mark sweep GC freed 20(704B) AllocSpace objects, 0(0B) LOS objects, 25% free, 47MB/63MB, paused 157us total 11.858ms
08-05 01:28:58.082 14012 14101 I art     : Starting a blocking GC Explicit
08-05 01:28:58.094 14012 14101 I art     : Explicit concurrent mark sweep GC freed 3(96B) AllocSpace objects, 0(0B) LOS objects, 25% free, 47MB/63MB, paused 156us total 11.668ms
08-05 01:28:58.100 14012 14101 I art     : Starting a blocking GC Explicit
08-05 01:28:58.112 14012 14101 I art     : Explicit concurrent mark sweep GC freed 3(96B) AllocSpace objects, 0(0B) LOS objects, 25% free, 47MB/63MB, paused 152us total 11.420ms
08-05 01:28:58.117 14012 14101 I art     : Starting a blocking GC Explicit
08-05 01:28:58.129 14012 14101 I art     : Explicit concurrent mark sweep GC freed 3(96B) AllocSpace objects, 0(0B) LOS objects, 25% free, 47MB/63MB, paused 147us total 11.304ms
08-05 01:28:58.421 14012 14102 I art     : Starting a blocking GC Explicit
08-05 01:28:58.434 14012 14102 I art     : Explicit concurrent mark sweep GC freed 1339(78KB) AllocSpace objects, 1(20KB) LOS objects, 25% free, 47MB/63MB, paused 168us total 13.390ms
08-05 01:28:58.441 14012 14102 I art     : Starting a blocking GC Explicit
08-05 01:28:58.453 14012 14102 I art     : Explicit concurrent mark sweep GC freed 20(704B) AllocSpace objects, 0(0B) LOS objects, 25% free, 47MB/63MB, paused 149us total 12.279ms
08-05 01:28:58.460 14012 14102 I art     : Starting a blocking GC Explicit
08-05 01:28:58.471 14012 14102 I art     : Explicit concurrent mark sweep GC freed 3(96B) AllocSpace objects, 0(0B) LOS objects, 25% free, 47MB/63MB, paused 152us total 11.527ms
08-05 01:28:58.477 14012 14102 I art     : Starting a blocking GC Explicit
08-05 01:28:58.489 14012 14102 I art     : Explicit concurrent mark sweep GC freed 3(96B) AllocSpace objects, 0(0B) LOS objects, 25% free, 47MB/63MB, paused 171us total 11.415ms
08-05 01:28:58.495 14012 14102 I art     : Starting a blocking GC Explicit
08-05 01:28:58.507 14012 14102 I art     : Explicit concurrent mark sweep GC freed 3(96B) AllocSpace objects, 0(0B) LOS objects, 25% free, 47MB/63MB, paused 148us total 11.623ms
08-05 01:28:58.811 14012 14024 I art     : Starting a blocking GC Explicit
08-05 01:28:58.829 14012 14024 I art     : Explicit concurrent mark sweep GC freed 1339(78KB) AllocSpace objects, 1(20KB) LOS objects, 25% free, 47MB/63MB, paused 187us total 17.442ms
08-05 01:28:58.839 14012 14024 I art     : Starting a blocking GC Explicit
08-05 01:28:58.855 14012 14024 I art     : Explicit concurrent mark sweep GC freed 20(704B) AllocSpace objects, 0(0B) LOS objects, 25% free, 47MB/63MB, paused 175us total 15.072ms
08-05 01:28:58.864 14012 14024 I art     : Starting a blocking GC Explicit
08-05 01:28:58.877 14012 14024 I art     : Explicit concurrent mark sweep GC freed 3(96B) AllocSpace objects, 0(0B) LOS objects, 25% free, 47MB/63MB, paused 171us total 12.872ms
08-05 01:28:58.883 14012 14024 I art     : Starting a blocking GC Explicit
08-05 01:28:58.895 14012 14024 I art     : Explicit concurrent mark sweep GC freed 3(96B) AllocSpace objects, 0(0B) LOS objects, 25% free, 47MB/63MB, paused 159us total 11.713ms
08-05 01:28:58.902 14012 14024 I art     : Starting a blocking GC Explicit
08-05 01:28:58.913 14012 14024 I art     : Explicit concurrent mark sweep GC freed 3(96B) AllocSpace objects, 0(0B) LOS objects, 25% free, 47MB/63MB, paused 149us total 10.840ms
08-05 01:28:59.213 14012 14025 I art     : Starting a blocking GC Explicit
08-05 01:28:59.230 14012 14025 I art     : Explicit concurrent mark sweep GC freed 1339(78KB) AllocSpace objects, 1(20KB) LOS objects, 25% free, 47MB/63MB, paused 193us total 17.424ms
08-05 01:28:59.240 14012 14025 I art     : Starting a blocking GC Explicit
08-05 01:28:59.256 14012 14025 I art     : Explicit concurrent mark sweep GC freed 20(704B) AllocSpace objects, 0(0B) LOS objects, 25% free, 47MB/63MB, paused 183us total 15.041ms
08-05 01:28:59.265 14012 14025 I art     : Starting a blocking GC Explicit
08-05 01:28:59.277 14012 14025 I art     : Explicit concurrent mark sweep GC freed 3(96B) AllocSpace objects, 0(0B) LOS objects, 25% free, 47MB/63MB, paused 179us total 11.681ms
08-05 01:28:59.283 14012 14025 I art     : Starting a blocking GC Explicit
08-05 01:28:59.295 14012 14025 I art     : Explicit concurrent mark sweep GC freed 3(96B) AllocSpace objects, 0(0B) LOS objects, 25% free, 47MB/63MB, paused 169us total 11.690ms
08-05 01:28:59.302 14012 14025 I art     : Starting a blocking GC Explicit
08-05 01:28:59.313 14012 14025 I art     : Explicit concurrent mark sweep GC freed 3(96B) AllocSpace objects, 0(0B) LOS objects, 25% free, 47MB/63MB, paused 151us total 11.351ms
08-05 01:28:59.487   918  1210 D NetlinkSocketObserver: NeighborEvent{elapsedMs=1737543362, 192.168.2.254, [7C3953A63323], RTM_NEWNEIGH, NUD_REACHABLE}
08-05 01:28:59.599 14012 14101 I art     : Starting a blocking GC Explicit
08-05 01:28:59.611 14012 14101 I art     : Explicit concurrent mark sweep GC freed 1338(78KB) AllocSpace objects, 1(20KB) LOS objects, 25% free, 47MB/63MB, paused 154us total 11.679ms
08-05 01:28:59.617 14012 14101 I art     : Starting a blocking GC Explicit
08-05 01:28:59.628 14012 14101 I art     : Explicit concurrent mark sweep GC freed 20(704B) AllocSpace objects, 0(0B) LOS objects, 25% free, 47MB/63MB, paused 134us total 10.937ms
08-05 01:28:59.633 14012 14101 I art     : Starting a blocking GC Explicit
08-05 01:28:59.643 14012 14101 I art     : Explicit concurrent mark sweep GC freed 3(96B) AllocSpace objects, 0(0B) LOS objects, 25% free, 47MB/63MB, paused 130us total 9.367ms
08-05 01:28:59.648 14012 14101 I art     : Starting a blocking GC Explicit
08-05 01:28:59.657 14012 14101 I art     : Explicit concurrent mark sweep GC freed 3(96B) AllocSpace objects, 0(0B) LOS objects, 25% free, 47MB/63MB, paused 131us total 9.266ms
08-05 01:28:59.662 14012 14101 I art     : Starting a blocking GC Explicit
08-05 01:28:59.672 14012 14101 I art     : Explicit concurrent mark sweep GC freed 3(96B) AllocSpace objects, 0(0B) LOS objects, 25% free, 47MB/63MB, paused 140us total 9.382ms
08-05 01:28:59.819 14012 14198 W OneSignal: OneSignalRestClient: POST Error thrown from network stack. 
08-05 01:28:59.819 14012 14198 W OneSignal: java.io.IOException: unexpected end of stream on Connection{api.onesignal.com:443, proxy=HTTP@192.168.2.12:8080 hostAddress=192.168.2.12 cipherSuite=TLS_ECDHE_RSA_WITH_AES_128_GCM_SHA256 protocol=http/1.1} (recycle count=1)
08-05 01:28:59.819 14012 14198 W OneSignal: 	at com.android.okhttp.internal.http.HttpConnection.readResponse(HttpConnection.java:210)
08-05 01:28:59.819 14012 14198 W OneSignal: 	at com.android.okhttp.internal.http.HttpTransport.readResponseHeaders(HttpTransport.java:80)
08-05 01:28:59.819 14012 14198 W OneSignal: 	at com.android.okhttp.internal.http.HttpEngine.readNetworkResponse(HttpEngine.java:904)
08-05 01:28:59.819 14012 14198 W OneSignal: 	at com.android.okhttp.internal.http.HttpEngine.readResponse(HttpEngine.java:788)
08-05 01:28:59.819 14012 14198 W OneSignal: 	at com.android.okhttp.internal.huc.HttpURLConnectionImpl.execute(HttpURLConnectionImpl.java:439)
08-05 01:28:59.819 14012 14198 W OneSignal: 	at com.android.okhttp.internal.huc.HttpURLConnectionImpl.getResponse(HttpURLConnectionImpl.java:384)
08-05 01:28:59.819 14012 14198 W OneSignal: 	at com.android.okhttp.internal.huc.HttpURLConnectionImpl.getResponseCode(HttpURLConnectionImpl.java:497)
08-05 01:28:59.819 14012 14198 W OneSignal: 	at com.android.okhttp.internal.huc.DelegatingHttpsURLConnection.getResponseCode(DelegatingHttpsURLConnection.java:105)
08-05 01:28:59.819 14012 14198 W OneSignal: 	at com.android.okhttp.internal.huc.HttpsURLConnectionImpl.getResponseCode(HttpsURLConnectionImpl.java)
08-05 01:28:59.819 14012 14198 W OneSignal: 	at com.onesignal.OneSignalRestClient.startHTTPConnection(OneSignalRestClient.java:180)
08-05 01:28:59.819 14012 14198 W OneSignal: 	at com.onesignal.OneSignalRestClient.access$100(OneSignalRestClient.java:44)
08-05 01:28:59.819 14012 14198 W OneSignal: 	at com.onesignal.OneSignalRestClient$4.run(OneSignalRestClient.java:110)
08-05 01:28:59.819 14012 14198 W OneSignal: 	at java.lang.Thread.run(Thread.java:818)
08-05 01:28:59.819 14012 14198 W OneSignal: Caused by: java.io.EOFException: \n not found: size=0 content=...
08-05 01:28:59.819 14012 14198 W OneSignal: 	at com.android.okhttp.okio.RealBufferedSource.readUtf8LineStrict(RealBufferedSource.java:200)
08-05 01:28:59.819 14012 14198 W OneSignal: 	at com.android.okhttp.internal.http.HttpConnection.readResponse(HttpConnection.java:191)
08-05 01:28:59.819 14012 14198 W OneSignal: 	... 12 more
08-05 01:28:59.820 14012 14203 W OneSignal: Failed last request. statusCode: -1
08-05 01:28:59.820 14012 14203 W OneSignal: response: null
08-05 01:28:59.918 14012 14102 I art     : Starting a blocking GC Explicit
08-05 01:28:59.936 14012 14102 I art     : Explicit concurrent mark sweep GC freed 1905(152KB) AllocSpace objects, 1(20KB) LOS objects, 25% free, 47MB/63MB, paused 185us total 17.539ms
08-05 01:28:59.944 14012 14102 I art     : Starting a blocking GC Explicit
08-05 01:28:59.956 14012 14102 I art     : Explicit concurrent mark sweep GC freed 30(1168B) AllocSpace objects, 0(0B) LOS objects, 25% free, 47MB/63MB, paused 153us total 11.855ms
08-05 01:28:59.962 14012 14102 I art     : Starting a blocking GC Explicit
08-05 01:28:59.975 14012 14102 I art     : Explicit concurrent mark sweep GC freed 3(96B) AllocSpace objects, 0(0B) LOS objects, 25% free, 47MB/63MB, paused 157us total 11.900ms
08-05 01:28:59.981 14012 14102 I art     : Starting a blocking GC Explicit
08-05 01:28:59.993 14012 14102 I art     : Explicit concurrent mark sweep GC freed 3(96B) AllocSpace objects, 0(0B) LOS objects, 25% free, 47MB/63MB, paused 152us total 11.537ms
08-05 01:28:59.999 14012 14102 I art     : Starting a blocking GC Explicit
08-05 01:29:00.010 14012 14102 I art     : Explicit concurrent mark sweep GC freed 3(96B) AllocSpace objects, 0(0B) LOS objects, 25% free, 47MB/63MB, paused 139us total 10.806ms
08-05 01:29:00.302 14012 14024 I art     : Starting a blocking GC Explicit
08-05 01:29:00.322 14012 14024 I art     : Explicit concurrent mark sweep GC freed 1339(78KB) AllocSpace objects, 1(20KB) LOS objects, 25% free, 47MB/63MB, paused 208us total 19.554ms
08-05 01:29:00.333 14012 14024 I art     : Starting a blocking GC Explicit
08-05 01:29:00.345 14012 14024 I art     : Explicit concurrent mark sweep GC freed 20(704B) AllocSpace objects, 0(0B) LOS objects, 25% free, 47MB/63MB, paused 143us total 11.819ms
08-05 01:29:00.352 14012 14024 I art     : Starting a blocking GC Explicit
08-05 01:29:00.363 14012 14024 I art     : Explicit concurrent mark sweep GC freed 3(96B) AllocSpace objects, 0(0B) LOS objects, 25% free, 47MB/63MB, paused 148us total 10.400ms
08-05 01:29:00.368 14012 14024 I art     : Starting a blocking GC Explicit
08-05 01:29:00.378 14012 14024 I art     : Explicit concurrent mark sweep GC freed 3(96B) AllocSpace objects, 0(0B) LOS objects, 25% free, 47MB/63MB, paused 158us total 9.945ms
08-05 01:29:00.384 14012 14024 I art     : Starting a blocking GC Explicit
08-05 01:29:00.394 14012 14024 I art     : Explicit concurrent mark sweep GC freed 3(96B) AllocSpace objects, 0(0B) LOS objects, 25% free, 47MB/63MB, paused 138us total 10.247ms
08-05 01:29:00.669 14222 14222 D AndroidRuntime: >>>>>> START com.android.internal.os.RuntimeInit uid 2000 <<<<<<
08-05 01:29:00.673 14222 14222 D AndroidRuntime: CheckJNI is OFF
08-05 01:29:00.700 14222 14222 D ICU     : No timezone override file found: /data/misc/zoneinfo/current/icu/icu_tzdata.dat
08-05 01:29:00.700 14012 14025 I art     : Starting a blocking GC Explicit
08-05 01:29:00.712 14012 14025 I art     : Explicit concurrent mark sweep GC freed 1339(78KB) AllocSpace objects, 1(20KB) LOS objects, 25% free, 47MB/63MB, paused 182us total 11.890ms
08-05 01:29:00.718 14012 14025 I art     : Starting a blocking GC Explicit
08-05 01:29:00.727 14222 14222 I Radio-JNI: register_android_hardware_Radio DONE
08-05 01:29:00.730 14012 14025 I art     : Explicit concurrent mark sweep GC freed 20(704B) AllocSpace objects, 0(0B) LOS objects, 25% free, 47MB/63MB, paused 175us total 11.611ms
08-05 01:29:00.736 14012 14025 I art     : Starting a blocking GC Explicit
08-05 01:29:00.744 14222 14222 D AndroidRuntime: Calling main entry com.android.commands.input.Input
08-05 01:29:00.745 14222 14222 I Input   : injectMotionEvent: MotionEvent { action=ACTION_DOWN, actionButton=0, id[0]=0, x[0]=337.0, y[0]=1104.0, toolType[0]=TOOL_TYPE_UNKNOWN, buttonState=0, metaState=0, flags=0x0, edgeFlags=0x0, pointerCount=1, historySize=0, eventTime=754157158, downTime=754157158, deviceId=0, source=0x1002 }
08-05 01:29:00.747 14012 14025 I art     : Explicit concurrent mark sweep GC freed 3(96B) AllocSpace objects, 0(0B) LOS objects, 25% free, 47MB/63MB, paused 149us total 10.353ms
08-05 01:29:00.750 14222 14222 I Input   : injectMotionEvent: MotionEvent { action=ACTION_UP, actionButton=0, id[0]=0, x[0]=337.0, y[0]=1104.0, toolType[0]=TOOL_TYPE_UNKNOWN, buttonState=0, metaState=0, flags=0x0, edgeFlags=0x0, pointerCount=1, historySize=0, eventTime=754157158, downTime=754157158, deviceId=0, source=0x1002 }
08-05 01:29:00.751   918  6029 I ActivityManager: START u0 {cmp=baseline.appteam.nith.hillffair/.activities.BattleDayActivity} from uid 10675 on display 0
08-05 01:29:00.753 14012 14025 I art     : Starting a blocking GC Explicit
08-05 01:29:00.758 14222 14222 D AndroidRuntime: Shutting down VM
08-05 01:29:00.765 14012 14025 I art     : Explicit concurrent mark sweep GC freed 88(13KB) AllocSpace objects, 0(0B) LOS objects, 24% free, 48MB/64MB, paused 303us total 12.165ms
08-05 01:29:00.772 14012 14025 I art     : Starting a blocking GC Explicit
08-05 01:29:00.785 14012 14025 I art     : Explicit concurrent mark sweep GC freed 769(83KB) AllocSpace objects, 0(0B) LOS objects, 24% free, 48MB/64MB, paused 583us total 12.407ms
08-05 01:29:00.861 13866 13866 I GoogleInputMethodServic: GoogleInputMethodService.onFinishInput():3138 
08-05 01:29:00.862 13866 13866 I GoogleInputMethodServic: GoogleInputMethodService.onStartInput():1808 
08-05 01:29:00.901   918   936 I ActivityManager: Displayed baseline.appteam.nith.hillffair/.activities.BattleDayActivity: +142ms
08-05 01:29:01.001 14012 14102 I art     : Starting a blocking GC Explicit
08-05 01:29:01.016 14012 14102 I art     : Explicit concurrent mark sweep GC freed 8291(497KB) AllocSpace objects, 1(20KB) LOS objects, 24% free, 48MB/64MB, paused 185us total 14.756ms
08-05 01:29:01.023 14012 14102 I art     : Starting a blocking GC Explicit
08-05 01:29:01.035 14012 14102 I art     : Explicit concurrent mark sweep GC freed 74(3008B) AllocSpace objects, 0(0B) LOS objects, 24% free, 48MB/64MB, paused 188us total 12.257ms
08-05 01:29:01.043 14012 14102 I art     : Starting a blocking GC Explicit
08-05 01:29:01.058 14012 14102 I art     : Explicit concurrent mark sweep GC freed 3(96B) AllocSpace objects, 0(0B) LOS objects, 24% free, 48MB/64MB, paused 205us total 14.325ms
08-05 01:29:01.065 14012 14102 I art     : Starting a blocking GC Explicit
08-05 01:29:01.080 14012 14102 I art     : Explicit concurrent mark sweep GC freed 3(96B) AllocSpace objects, 0(0B) LOS objects, 24% free, 48MB/64MB, paused 172us total 14.570ms
08-05 01:29:01.087 14012 14102 I art     : Starting a blocking GC Explicit
08-05 01:29:01.103 14012 14102 I art     : Explicit concurrent mark sweep GC freed 3(96B) AllocSpace objects, 0(0B) LOS objects, 24% free, 48MB/64MB, paused 302us total 15.806ms
08-05 01:29:01.157   380   380 W SurfaceFlinger: couldn't log to binary event log: overflow.
08-05 01:29:01.371 14012 14024 I art     : Starting a blocking GC Explicit
08-05 01:29:01.387 14012 14024 I art     : Explicit concurrent mark sweep GC freed 1477(90KB) AllocSpace objects, 1(20KB) LOS objects, 24% free, 48MB/64MB, paused 314us total 15.706ms
08-05 01:29:01.393 14012 14024 I art     : Starting a blocking GC Explicit
08-05 01:29:01.408 14012 14024 I art     : Explicit concurrent mark sweep GC freed 39(1360B) AllocSpace objects, 0(0B) LOS objects, 24% free, 48MB/64MB, paused 194us total 14.077ms
08-05 01:29:01.414 14012 14024 I art     : Starting a blocking GC Explicit
08-05 01:29:01.426 14012 14024 I art     : Explicit concurrent mark sweep GC freed 9(336B) AllocSpace objects, 0(0B) LOS objects, 24% free, 48MB/64MB, paused 173us total 12.412ms
08-05 01:29:01.433 14012 14024 I art     : Starting a blocking GC Explicit
08-05 01:29:01.445 14012 14024 I art     : Explicit concurrent mark sweep GC freed 10(352B) AllocSpace objects, 0(0B) LOS objects, 24% free, 48MB/64MB, paused 172us total 12.415ms
08-05 01:29:01.451 14012 14024 I art     : Starting a blocking GC Explicit
08-05 01:29:01.462 14012 14024 I art     : Explicit concurrent mark sweep GC freed 8(288B) AllocSpace objects, 0(0B) LOS objects, 24% free, 48MB/64MB, paused 174us total 11.256ms
08-05 01:29:01.558 14012 14246 D OkHttp  : --> GET https://api-hillfair-2k16.herokuapp.com/api/app/events/special http/1.1
08-05 01:29:01.602 14012 14246 D OkHttp  : <-- 200 OK https://api-hillfair-2k16.herokuapp.com/api/app/events/special (43ms, 554-byte body)
08-05 01:29:01.659 14012 14012 I NAPPA_EXPERIMENTATION: MetricNetworkRequestExecutionTime: REQUEST_DURATION_SYSTEM='847',REQUEST_DURATION_OKHTTP='42',REQUEST_SYNCHRONOUS='FALSE',RESPONSE_CODE='200',RESPONSE_METHOD='GET',RESPONSE_LENGTH_OKHTTP='554',RESPONSE_LENGTH_HEADER='554',REQUEST_PROTOCOL='http/1.1',REQUEST_URL='https://api-hillfair-2k16.herokuapp.com/api/app/events/special',
08-05 01:29:01.731 14012 14025 I art     : Starting a blocking GC Explicit
08-05 01:29:01.750 14012 14025 I art     : Explicit concurrent mark sweep GC freed 5697(365KB) AllocSpace objects, 4(220KB) LOS objects, 24% free, 48MB/64MB, paused 456us total 18.474ms
08-05 01:29:01.757 14012 14025 I art     : Starting a blocking GC Explicit
08-05 01:29:01.771 14012 14025 I art     : Explicit concurrent mark sweep GC freed 1303(133KB) AllocSpace objects, 0(0B) LOS objects, 24% free, 48MB/64MB, paused 313us total 13.477ms
08-05 01:29:01.777 14012 14025 I art     : Starting a blocking GC Explicit
08-05 01:29:01.790 14012 14025 I art     : Explicit concurrent mark sweep GC freed 3(96B) AllocSpace objects, 0(0B) LOS objects, 24% free, 48MB/64MB, paused 249us total 12.304ms
08-05 01:29:01.795 14012 14025 I art     : Starting a blocking GC Explicit
08-05 01:29:01.808 14012 14025 I art     : Explicit concurrent mark sweep GC freed 3(96B) AllocSpace objects, 0(0B) LOS objects, 24% free, 48MB/64MB, paused 434us total 12.189ms
08-05 01:29:01.813 14012 14025 I art     : Starting a blocking GC Explicit
08-05 01:29:01.826 14012 14025 I art     : Explicit concurrent mark sweep GC freed 3(96B) AllocSpace objects, 0(0B) LOS objects, 24% free, 48MB/64MB, paused 280us total 12.665ms
08-05 01:29:02.108 14012 14101 I art     : Starting a blocking GC Explicit
08-05 01:29:02.126 14012 14101 I art     : Explicit concurrent mark sweep GC freed 1342(78KB) AllocSpace objects, 1(20KB) LOS objects, 24% free, 48MB/64MB, paused 333us total 17.277ms
08-05 01:29:02.132 14012 14101 I art     : Starting a blocking GC Explicit
08-05 01:29:02.148 14012 14101 I art     : Explicit concurrent mark sweep GC freed 7213(285KB) AllocSpace objects, 0(0B) LOS objects, 24% free, 48MB/64MB, paused 450us total 15.382ms
08-05 01:29:02.154 14012 14101 I art     : Starting a blocking GC Explicit
08-05 01:29:02.168 14012 14101 I art     : Explicit concurrent mark sweep GC freed 420(16KB) AllocSpace objects, 0(0B) LOS objects, 24% free, 48MB/64MB, paused 285us total 13.872ms
08-05 01:29:02.174 14012 14101 I art     : Starting a blocking GC Explicit
08-05 01:29:02.188 14012 14101 I art     : Explicit concurrent mark sweep GC freed 15(672B) AllocSpace objects, 0(0B) LOS objects, 24% free, 48MB/64MB, paused 285us total 13.672ms
08-05 01:29:02.194 14012 14101 I art     : Starting a blocking GC Explicit
08-05 01:29:02.208 14012 14101 I art     : Explicit concurrent mark sweep GC freed 3(96B) AllocSpace objects, 0(0B) LOS objects, 24% free, 48MB/64MB, paused 291us total 13.746ms
08-05 01:29:02.460 14012 14025 I art     : Starting a blocking GC Explicit
08-05 01:29:02.477 14012 14025 I art     : Explicit concurrent mark sweep GC freed 2069(272KB) AllocSpace objects, 1(20KB) LOS objects, 23% free, 52MB/68MB, paused 241us total 16.351ms
08-05 01:29:02.483 14012 14025 I art     : Starting a blocking GC Explicit
08-05 01:29:02.498 14012 14025 I art     : Explicit concurrent mark sweep GC freed 111(3KB) AllocSpace objects, 0(0B) LOS objects, 23% free, 52MB/68MB, paused 220us total 14.661ms
08-05 01:29:02.505 14012 14025 I art     : Starting a blocking GC Explicit
08-05 01:29:02.520 14012 14025 I art     : Explicit concurrent mark sweep GC freed 3(96B) AllocSpace objects, 0(0B) LOS objects, 23% free, 52MB/68MB, paused 221us total 14.652ms
08-05 01:29:02.526 14012 14025 I art     : Starting a blocking GC Explicit
08-05 01:29:02.541 14012 14025 I art     : Explicit concurrent mark sweep GC freed 3(96B) AllocSpace objects, 0(0B) LOS objects, 23% free, 52MB/68MB, paused 209us total 14.046ms
08-05 01:29:02.547 14012 14025 I art     : Starting a blocking GC Explicit
08-05 01:29:02.561 14012 14025 I art     : Explicit concurrent mark sweep GC freed 3(96B) AllocSpace objects, 0(0B) LOS objects, 23% free, 52MB/68MB, paused 225us total 14.001ms
08-05 01:29:02.865 14012 14101 I art     : Starting a blocking GC Explicit
08-05 01:29:02.885 14012 14101 I art     : Explicit concurrent mark sweep GC freed 1340(78KB) AllocSpace objects, 1(20KB) LOS objects, 23% free, 52MB/68MB, paused 255us total 20.215ms
08-05 01:29:02.899 14012 14101 I art     : Starting a blocking GC Explicit
08-05 01:29:02.913 14012 14101 I art     : Explicit concurrent mark sweep GC freed 20(704B) AllocSpace objects, 0(0B) LOS objects, 23% free, 52MB/68MB, paused 224us total 13.794ms
08-05 01:29:02.920 14012 14101 I art     : Starting a blocking GC Explicit
08-05 01:29:02.933 14012 14101 I art     : Explicit concurrent mark sweep GC freed 3(96B) AllocSpace objects, 0(0B) LOS objects, 23% free, 52MB/68MB, paused 202us total 13.167ms
08-05 01:29:02.939 14012 14101 I art     : Starting a blocking GC Explicit
08-05 01:29:02.953 14012 14101 I art     : Explicit concurrent mark sweep GC freed 3(96B) AllocSpace objects, 0(0B) LOS objects, 23% free, 52MB/68MB, paused 217us total 13.498ms
08-05 01:29:02.959 14012 14101 I art     : Starting a blocking GC Explicit
08-05 01:29:02.973 14012 14101 I art     : Explicit concurrent mark sweep GC freed 3(96B) AllocSpace objects, 0(0B) LOS objects, 23% free, 52MB/68MB, paused 209us total 13.541ms
08-05 01:29:03.277 14012 14102 I art     : Starting a blocking GC Explicit
08-05 01:29:03.298 14012 14102 I art     : Explicit concurrent mark sweep GC freed 1340(78KB) AllocSpace objects, 1(20KB) LOS objects, 23% free, 52MB/68MB, paused 235us total 20.351ms
08-05 01:29:03.309 14012 14102 I art     : Starting a blocking GC Explicit
08-05 01:29:03.324 14012 14102 I art     : Explicit concurrent mark sweep GC freed 20(704B) AllocSpace objects, 0(0B) LOS objects, 23% free, 52MB/68MB, paused 211us total 14.762ms
08-05 01:29:03.330 14012 14102 I art     : Starting a blocking GC Explicit
08-05 01:29:03.344 14012 14102 I art     : Explicit concurrent mark sweep GC freed 3(96B) AllocSpace objects, 0(0B) LOS objects, 23% free, 52MB/68MB, paused 232us total 13.652ms
08-05 01:29:03.350 14012 14102 I art     : Starting a blocking GC Explicit
08-05 01:29:03.364 14012 14102 I art     : Explicit concurrent mark sweep GC freed 3(96B) AllocSpace objects, 0(0B) LOS objects, 23% free, 52MB/68MB, paused 217us total 13.708ms
08-05 01:29:03.371 14012 14102 I art     : Starting a blocking GC Explicit
08-05 01:29:03.385 14012 14102 I art     : Explicit concurrent mark sweep GC freed 3(96B) AllocSpace objects, 0(0B) LOS objects, 23% free, 52MB/68MB, paused 204us total 13.744ms
08-05 01:29:03.590 10296 10296 I ServiceManager: Waiting for service AtCmdFwd...
08-05 01:29:03.687 14012 14024 I art     : Starting a blocking GC Explicit
08-05 01:29:03.710 14012 14024 I art     : Explicit concurrent mark sweep GC freed 1340(78KB) AllocSpace objects, 1(20KB) LOS objects, 23% free, 52MB/68MB, paused 206us total 22.808ms
08-05 01:29:03.717 14012 14024 I art     : Starting a blocking GC Explicit
08-05 01:29:03.731 14012 14024 I art     : Explicit concurrent mark sweep GC freed 20(704B) AllocSpace objects, 0(0B) LOS objects, 23% free, 52MB/68MB, paused 222us total 14.350ms
08-05 01:29:03.738 14012 14024 I art     : Starting a blocking GC Explicit
08-05 01:29:03.752 14012 14024 I art     : Explicit concurrent mark sweep GC freed 3(96B) AllocSpace objects, 0(0B) LOS objects, 23% free, 52MB/68MB, paused 210us total 13.443ms
08-05 01:29:03.758 14012 14024 I art     : Starting a blocking GC Explicit
08-05 01:29:03.772 14012 14024 I art     : Explicit concurrent mark sweep GC freed 3(96B) AllocSpace objects, 0(0B) LOS objects, 23% free, 52MB/68MB, paused 213us total 13.725ms
08-05 01:29:03.778 14012 14024 I art     : Starting a blocking GC Explicit
08-05 01:29:03.793 14012 14024 I art     : Explicit concurrent mark sweep GC freed 3(96B) AllocSpace objects, 0(0B) LOS objects, 23% free, 52MB/68MB, paused 214us total 14.188ms
08-05 01:29:04.095 14012 14025 I art     : Starting a blocking GC Explicit
08-05 01:29:04.120 14012 14025 I art     : Explicit concurrent mark sweep GC freed 1340(78KB) AllocSpace objects, 1(20KB) LOS objects, 23% free, 52MB/68MB, paused 279us total 24.380ms
08-05 01:29:04.131 14012 14025 I art     : Starting a blocking GC Explicit
08-05 01:29:04.150 14012 14025 I art     : Explicit concurrent mark sweep GC freed 20(704B) AllocSpace objects, 0(0B) LOS objects, 23% free, 52MB/68MB, paused 224us total 18.242ms
08-05 01:29:04.156 14012 14025 I art     : Starting a blocking GC Explicit
08-05 01:29:04.170 14012 14025 I art     : Explicit concurrent mark sweep GC freed 3(96B) AllocSpace objects, 0(0B) LOS objects, 23% free, 52MB/68MB, paused 213us total 13.992ms
08-05 01:29:04.177 14012 14025 I art     : Starting a blocking GC Explicit
08-05 01:29:04.191 14012 14025 I art     : Explicit concurrent mark sweep GC freed 3(96B) AllocSpace objects, 0(0B) LOS objects, 23% free, 52MB/68MB, paused 221us total 14.007ms
08-05 01:29:04.198 14012 14025 I art     : Starting a blocking GC Explicit
08-05 01:29:04.212 14012 14025 I art     : Explicit concurrent mark sweep GC freed 3(96B) AllocSpace objects, 0(0B) LOS objects, 23% free, 52MB/68MB, paused 198us total 13.511ms
08-05 01:29:04.531 14012 14101 I art     : Starting a blocking GC Explicit
08-05 01:29:04.555 14012 14101 I art     : Explicit concurrent mark sweep GC freed 1340(78KB) AllocSpace objects, 1(20KB) LOS objects, 23% free, 52MB/68MB, paused 240us total 23.530ms
08-05 01:29:04.565 14012 14101 I art     : Starting a blocking GC Explicit
08-05 01:29:04.581 14012 14101 I art     : Explicit concurrent mark sweep GC freed 20(704B) AllocSpace objects, 0(0B) LOS objects, 23% free, 52MB/68MB, paused 208us total 15.250ms
08-05 01:29:04.587 14012 14101 I art     : Starting a blocking GC Explicit
08-05 01:29:04.591 10296 10296 I ServiceManager: Waiting for service AtCmdFwd...
08-05 01:29:04.601 14012 14101 I art     : Explicit concurrent mark sweep GC freed 3(96B) AllocSpace objects, 0(0B) LOS objects, 23% free, 52MB/68MB, paused 204us total 13.499ms
08-05 01:29:04.607 14012 14101 I art     : Starting a blocking GC Explicit
08-05 01:29:04.621 14012 14101 I art     : Explicit concurrent mark sweep GC freed 3(96B) AllocSpace objects, 0(0B) LOS objects, 23% free, 52MB/68MB, paused 213us total 13.471ms
08-05 01:29:04.627 14012 14101 I art     : Starting a blocking GC Explicit
08-05 01:29:04.641 14012 14101 I art     : Explicit concurrent mark sweep GC freed 3(96B) AllocSpace objects, 0(0B) LOS objects, 23% free, 52MB/68MB, paused 209us total 13.776ms
08-05 01:29:04.937 14012 14102 I art     : Starting a blocking GC Explicit
08-05 01:29:04.958 14012 14102 I art     : Explicit concurrent mark sweep GC freed 1340(78KB) AllocSpace objects, 1(20KB) LOS objects, 23% free, 52MB/68MB, paused 285us total 20.354ms
08-05 01:29:04.967 14012 14102 I art     : Starting a blocking GC Explicit
08-05 01:29:04.981 14012 14102 I art     : Explicit concurrent mark sweep GC freed 20(704B) AllocSpace objects, 0(0B) LOS objects, 23% free, 52MB/68MB, paused 217us total 14.434ms
08-05 01:29:04.988 14012 14102 I art     : Starting a blocking GC Explicit
08-05 01:29:05.002 14012 14102 I art     : Explicit concurrent mark sweep GC freed 3(96B) AllocSpace objects, 0(0B) LOS objects, 23% free, 52MB/68MB, paused 204us total 14.208ms
08-05 01:29:05.009 14012 14102 I art     : Starting a blocking GC Explicit
08-05 01:29:05.023 14012 14102 I art     : Explicit concurrent mark sweep GC freed 3(96B) AllocSpace objects, 0(0B) LOS objects, 23% free, 52MB/68MB, paused 227us total 13.863ms
08-05 01:29:05.030 14012 14102 I art     : Starting a blocking GC Explicit
08-05 01:29:05.043 14012 14102 I art     : Explicit concurrent mark sweep GC freed 3(96B) AllocSpace objects, 0(0B) LOS objects, 23% free, 52MB/68MB, paused 205us total 13.687ms
08-05 01:29:05.334 14012 14024 I art     : Starting a blocking GC Explicit
08-05 01:29:05.354 14012 14024 I art     : Explicit concurrent mark sweep GC freed 1340(78KB) AllocSpace objects, 1(20KB) LOS objects, 23% free, 52MB/68MB, paused 242us total 19.926ms
08-05 01:29:05.363 14012 14024 I art     : Starting a blocking GC Explicit
08-05 01:29:05.378 14012 14024 I art     : Explicit concurrent mark sweep GC freed 20(704B) AllocSpace objects, 0(0B) LOS objects, 23% free, 52MB/68MB, paused 219us total 14.458ms
08-05 01:29:05.384 14012 14024 I art     : Starting a blocking GC Explicit
08-05 01:29:05.398 14012 14024 I art     : Explicit concurrent mark sweep GC freed 3(96B) AllocSpace objects, 0(0B) LOS objects, 23% free, 52MB/68MB, paused 204us total 14.097ms
08-05 01:29:05.405 14012 14024 I art     : Starting a blocking GC Explicit
08-05 01:29:05.418 14012 14024 I art     : Explicit concurrent mark sweep GC freed 3(96B) AllocSpace objects, 0(0B) LOS objects, 23% free, 52MB/68MB, paused 204us total 13.425ms
08-05 01:29:05.424 14012 14024 I art     : Starting a blocking GC Explicit
08-05 01:29:05.438 14012 14024 I art     : Explicit concurrent mark sweep GC freed 3(96B) AllocSpace objects, 0(0B) LOS objects, 23% free, 52MB/68MB, paused 203us total 13.366ms
08-05 01:29:05.592 10296 10296 I ServiceManager: Waiting for service AtCmdFwd...
08-05 01:29:05.713 14012 14025 I art     : Starting a blocking GC Explicit
08-05 01:29:05.726 14012 14025 I art     : Explicit concurrent mark sweep GC freed 1340(78KB) AllocSpace objects, 1(20KB) LOS objects, 23% free, 52MB/68MB, paused 229us total 12.751ms
08-05 01:29:05.732 14012 14025 I art     : Starting a blocking GC Explicit
08-05 01:29:05.744 14012 14025 I art     : Explicit concurrent mark sweep GC freed 20(704B) AllocSpace objects, 0(0B) LOS objects, 23% free, 52MB/68MB, paused 211us total 12.113ms
08-05 01:29:05.750 14012 14025 I art     : Starting a blocking GC Explicit
08-05 01:29:05.764 14012 14025 I art     : Explicit concurrent mark sweep GC freed 9(320B) AllocSpace objects, 0(0B) LOS objects, 23% free, 52MB/68MB, paused 211us total 13.199ms
08-05 01:29:05.770 14012 14025 I art     : Starting a blocking GC Explicit
08-05 01:29:05.783 14012 14025 I art     : Explicit concurrent mark sweep GC freed 3(96B) AllocSpace objects, 0(0B) LOS objects, 23% free, 52MB/68MB, paused 215us total 13.149ms
08-05 01:29:05.789 14012 14025 I art     : Starting a blocking GC Explicit
08-05 01:29:05.803 14012 14025 I art     : Explicit concurrent mark sweep GC freed 3(96B) AllocSpace objects, 0(0B) LOS objects, 23% free, 52MB/68MB, paused 214us total 13.390ms
08-05 01:29:06.099 14012 14024 I art     : Starting a blocking GC Explicit
08-05 01:29:06.117 14012 14024 I art     : Explicit concurrent mark sweep GC freed 1340(78KB) AllocSpace objects, 1(20KB) LOS objects, 23% free, 52MB/68MB, paused 238us total 17.955ms
08-05 01:29:06.127 14012 14024 I art     : Starting a blocking GC Explicit
08-05 01:29:06.141 14012 14024 I art     : Explicit concurrent mark sweep GC freed 20(704B) AllocSpace objects, 0(0B) LOS objects, 23% free, 52MB/68MB, paused 205us total 13.917ms
08-05 01:29:06.148 14012 14024 I art     : Starting a blocking GC Explicit
08-05 01:29:06.162 14012 14024 I art     : Explicit concurrent mark sweep GC freed 3(96B) AllocSpace objects, 0(0B) LOS objects, 23% free, 52MB/68MB, paused 216us total 13.954ms
08-05 01:29:06.168 14012 14024 I art     : Starting a blocking GC Explicit
08-05 01:29:06.182 14012 14024 I art     : Explicit concurrent mark sweep GC freed 3(96B) AllocSpace objects, 0(0B) LOS objects, 23% free, 52MB/68MB, paused 210us total 13.564ms
08-05 01:29:06.188 14012 14024 I art     : Starting a blocking GC Explicit
08-05 01:29:06.202 14012 14024 I art     : Explicit concurrent mark sweep GC freed 3(96B) AllocSpace objects, 0(0B) LOS objects, 23% free, 52MB/68MB, paused 201us total 13.586ms
08-05 01:29:06.503 14012 14101 I art     : Starting a blocking GC Explicit
08-05 01:29:06.523 14012 14101 I art     : Explicit concurrent mark sweep GC freed 1340(78KB) AllocSpace objects, 1(20KB) LOS objects, 23% free, 52MB/68MB, paused 259us total 19.763ms
08-05 01:29:06.533 14012 14101 I art     : Starting a blocking GC Explicit
08-05 01:29:06.548 14012 14101 I art     : Explicit concurrent mark sweep GC freed 20(704B) AllocSpace objects, 0(0B) LOS objects, 23% free, 52MB/68MB, paused 214us total 14.224ms
08-05 01:29:06.554 14012 14101 I art     : Starting a blocking GC Explicit
08-05 01:29:06.568 14012 14101 I art     : Explicit concurrent mark sweep GC freed 3(96B) AllocSpace objects, 0(0B) LOS objects, 23% free, 52MB/68MB, paused 224us total 13.688ms
08-05 01:29:06.574 14012 14101 I art     : Starting a blocking GC Explicit
08-05 01:29:06.588 14012 14101 I art     : Explicit concurrent mark sweep GC freed 3(96B) AllocSpace objects, 0(0B) LOS objects, 23% free, 52MB/68MB, paused 214us total 13.719ms
08-05 01:29:06.592 10296 10296 I ServiceManager: Waiting for service AtCmdFwd...
08-05 01:29:06.595 14012 14101 I art     : Starting a blocking GC Explicit
08-05 01:29:06.609 14012 14101 I art     : Explicit concurrent mark sweep GC freed 3(96B) AllocSpace objects, 0(0B) LOS objects, 23% free, 52MB/68MB, paused 233us total 13.977ms
08-05 01:29:06.926 14012 14102 I art     : Starting a blocking GC Explicit
08-05 01:29:06.948 14012 14102 I art     : Explicit concurrent mark sweep GC freed 1340(78KB) AllocSpace objects, 1(20KB) LOS objects, 23% free, 52MB/68MB, paused 251us total 21.750ms
08-05 01:29:06.959 14012 14102 I art     : Starting a blocking GC Explicit
08-05 01:29:06.974 14012 14102 I art     : Explicit concurrent mark sweep GC freed 20(704B) AllocSpace objects, 0(0B) LOS objects, 23% free, 52MB/68MB, paused 214us total 14.348ms
08-05 01:29:06.981 14012 14102 I art     : Starting a blocking GC Explicit
08-05 01:29:06.995 14012 14102 I art     : Explicit concurrent mark sweep GC freed 3(96B) AllocSpace objects, 0(0B) LOS objects, 23% free, 52MB/68MB, paused 210us total 14.380ms
08-05 01:29:07.002 14012 14102 I art     : Starting a blocking GC Explicit
08-05 01:29:07.016 14012 14102 I art     : Explicit concurrent mark sweep GC freed 3(96B) AllocSpace objects, 0(0B) LOS objects, 23% free, 52MB/68MB, paused 199us total 14.096ms
08-05 01:29:07.022 14012 14102 I art     : Starting a blocking GC Explicit
08-05 01:29:07.036 14012 14102 I art     : Explicit concurrent mark sweep GC freed 3(96B) AllocSpace objects, 0(0B) LOS objects, 23% free, 52MB/68MB, paused 209us total 13.682ms
08-05 01:29:07.351 14012 14025 I art     : Starting a blocking GC Explicit
08-05 01:29:07.371 14012 14025 I art     : Explicit concurrent mark sweep GC freed 1340(78KB) AllocSpace objects, 1(20KB) LOS objects, 23% free, 52MB/68MB, paused 249us total 20.648ms
08-05 01:29:07.382 14012 14025 I art     : Starting a blocking GC Explicit
08-05 01:29:07.398 14012 14025 I art     : Explicit concurrent mark sweep GC freed 20(704B) AllocSpace objects, 0(0B) LOS objects, 23% free, 52MB/68MB, paused 217us total 15.783ms
08-05 01:29:07.404 14012 14025 I art     : Starting a blocking GC Explicit
08-05 01:29:07.419 14012 14025 I art     : Explicit concurrent mark sweep GC freed 3(96B) AllocSpace objects, 0(0B) LOS objects, 23% free, 52MB/68MB, paused 226us total 14.493ms
08-05 01:29:07.426 14012 14025 I art     : Starting a blocking GC Explicit
08-05 01:29:07.440 14012 14025 I art     : Explicit concurrent mark sweep GC freed 3(96B) AllocSpace objects, 0(0B) LOS objects, 23% free, 52MB/68MB, paused 216us total 14.389ms
08-05 01:29:07.447 14012 14025 I art     : Starting a blocking GC Explicit
08-05 01:29:07.455   918  3188 I hubconnection: sensorhub said: 'set_bias 3: -4.8000, 0.0000, 0.0000'
08-05 01:29:07.460 14012 14025 I art     : Explicit concurrent mark sweep GC freed 3(96B) AllocSpace objects, 0(0B) LOS objects, 23% free, 52MB/68MB, paused 220us total 13.525ms
08-05 01:29:07.593 10296 10296 I ServiceManager: Waiting for service AtCmdFwd...
08-05 01:29:07.778 14012 14024 I art     : Starting a blocking GC Explicit
08-05 01:29:07.803 14012 14024 I art     : Explicit concurrent mark sweep GC freed 1340(78KB) AllocSpace objects, 1(20KB) LOS objects, 23% free, 52MB/68MB, paused 279us total 24.479ms
08-05 01:29:07.815 14012 14024 I art     : Starting a blocking GC Explicit
08-05 01:29:07.833 14012 14024 I art     : Explicit concurrent mark sweep GC freed 20(704B) AllocSpace objects, 0(0B) LOS objects, 23% free, 52MB/68MB, paused 335us total 18.011ms
08-05 01:29:07.843 14012 14024 I art     : Starting a blocking GC Explicit
08-05 01:29:07.858 14012 14024 I art     : Explicit concurrent mark sweep GC freed 3(96B) AllocSpace objects, 0(0B) LOS objects, 23% free, 52MB/68MB, paused 208us total 14.459ms
08-05 01:29:07.864 14012 14024 I art     : Starting a blocking GC Explicit
08-05 01:29:07.879 14012 14024 I art     : Explicit concurrent mark sweep GC freed 3(96B) AllocSpace objects, 0(0B) LOS objects, 23% free, 52MB/68MB, paused 209us total 14.605ms
08-05 01:29:07.886 14012 14024 I art     : Starting a blocking GC Explicit
08-05 01:29:07.900 14012 14024 I art     : Explicit concurrent mark sweep GC freed 3(96B) AllocSpace objects, 0(0B) LOS objects, 23% free, 52MB/68MB, paused 203us total 13.593ms
08-05 01:29:08.211 14012 14101 I art     : Starting a blocking GC Explicit
08-05 01:29:08.235 14012 14101 I art     : Explicit concurrent mark sweep GC freed 1340(78KB) AllocSpace objects, 1(20KB) LOS objects, 23% free, 52MB/68MB, paused 383us total 23.930ms
08-05 01:29:08.247 14012 14101 I art     : Starting a blocking GC Explicit
08-05 01:29:08.261 14012 14101 I art     : Explicit concurrent mark sweep GC freed 20(704B) AllocSpace objects, 0(0B) LOS objects, 23% free, 52MB/68MB, paused 214us total 13.741ms
08-05 01:29:08.267 14012 14101 I art     : Starting a blocking GC Explicit
08-05 01:29:08.280 14012 14101 I art     : Explicit concurrent mark sweep GC freed 3(96B) AllocSpace objects, 0(0B) LOS objects, 23% free, 52MB/68MB, paused 214us total 13.028ms
08-05 01:29:08.287 14012 14101 I art     : Starting a blocking GC Explicit
08-05 01:29:08.301 14012 14101 I art     : Explicit concurrent mark sweep GC freed 3(96B) AllocSpace objects, 0(0B) LOS objects, 23% free, 52MB/68MB, paused 216us total 13.603ms
08-05 01:29:08.307 14012 14101 I art     : Starting a blocking GC Explicit
08-05 01:29:08.321 14012 14101 I art     : Explicit concurrent mark sweep GC freed 3(96B) AllocSpace objects, 0(0B) LOS objects, 23% free, 52MB/68MB, paused 216us total 13.530ms
08-05 01:29:08.594 10296 10296 W Atfwd_Sendcmd: AtCmdFwd service not published, waiting... retryCnt : 5
08-05 01:29:08.621 14012 14102 I art     : Starting a blocking GC Explicit
08-05 01:29:08.638 14012 14102 I art     : Explicit concurrent mark sweep GC freed 1340(78KB) AllocSpace objects, 1(20KB) LOS objects, 23% free, 52MB/68MB, paused 264us total 16.668ms
08-05 01:29:08.649 14012 14102 I art     : Starting a blocking GC Explicit
08-05 01:29:08.665 14012 14102 I art     : Explicit concurrent mark sweep GC freed 20(704B) AllocSpace objects, 0(0B) LOS objects, 23% free, 52MB/68MB, paused 209us total 15.189ms
08-05 01:29:08.671 14012 14102 I art     : Starting a blocking GC Explicit
08-05 01:29:08.685 14012 14102 I art     : Explicit concurrent mark sweep GC freed 3(96B) AllocSpace objects, 0(0B) LOS objects, 23% free, 52MB/68MB, paused 207us total 13.599ms
08-05 01:29:08.691 14012 14102 I art     : Starting a blocking GC Explicit
08-05 01:29:08.705 14012 14102 I art     : Explicit concurrent mark sweep GC freed 3(96B) AllocSpace objects, 0(0B) LOS objects, 23% free, 52MB/68MB, paused 205us total 13.549ms
08-05 01:29:08.711 14012 14102 I art     : Starting a blocking GC Explicit
08-05 01:29:08.725 14012 14102 I art     : Explicit concurrent mark sweep GC freed 3(96B) AllocSpace objects, 0(0B) LOS objects, 23% free, 52MB/68MB, paused 186us total 13.353ms
08-05 01:29:09.031 14012 14025 I art     : Starting a blocking GC Explicit
08-05 01:29:09.047 14012 14025 I art     : Explicit concurrent mark sweep GC freed 1340(78KB) AllocSpace objects, 1(20KB) LOS objects, 23% free, 52MB/68MB, paused 257us total 15.492ms
08-05 01:29:09.054 14012 14025 I art     : Starting a blocking GC Explicit
08-05 01:29:09.068 14012 14025 I art     : Explicit concurrent mark sweep GC freed 20(704B) AllocSpace objects, 0(0B) LOS objects, 23% free, 52MB/68MB, paused 226us total 14.022ms
08-05 01:29:09.074 14012 14025 I art     : Starting a blocking GC Explicit
08-05 01:29:09.087 14012 14025 I art     : Explicit concurrent mark sweep GC freed 3(96B) AllocSpace objects, 0(0B) LOS objects, 23% free, 52MB/68MB, paused 225us total 13.098ms
08-05 01:29:09.094 14012 14025 I art     : Starting a blocking GC Explicit
08-05 01:29:09.107 14012 14025 I art     : Explicit concurrent mark sweep GC freed 3(96B) AllocSpace objects, 0(0B) LOS objects, 23% free, 52MB/68MB, paused 213us total 13.527ms
08-05 01:29:09.113 14012 14025 I art     : Starting a blocking GC Explicit
08-05 01:29:09.127 14012 14025 I art     : Explicit concurrent mark sweep GC freed 3(96B) AllocSpace objects, 0(0B) LOS objects, 23% free, 52MB/68MB, paused 266us total 13.186ms
08-05 01:29:09.314 14468 14468 D AndroidRuntime: >>>>>> START com.android.internal.os.RuntimeInit uid 2000 <<<<<<
08-05 01:29:09.321 14468 14468 D AndroidRuntime: CheckJNI is OFF
08-05 01:29:09.348 14468 14468 D ICU     : No timezone override file found: /data/misc/zoneinfo/current/icu/icu_tzdata.dat
08-05 01:29:09.373 14468 14468 I Radio-JNI: register_android_hardware_Radio DONE
08-05 01:29:09.389 14468 14468 D AndroidRuntime: Calling main entry com.android.commands.input.Input
08-05 01:29:09.390 14468 14468 I Input   : injectMotionEvent: MotionEvent { action=ACTION_DOWN, actionButton=0, id[0]=0, x[0]=733.0, y[0]=645.0, toolType[0]=TOOL_TYPE_UNKNOWN, buttonState=0, metaState=0, flags=0x0, edgeFlags=0x0, pointerCount=1, historySize=0, eventTime=754165803, downTime=754165803, deviceId=0, source=0x1002 }
08-05 01:29:09.395 14468 14468 I Input   : injectMotionEvent: MotionEvent { action=ACTION_UP, actionButton=0, id[0]=0, x[0]=733.0, y[0]=645.0, toolType[0]=TOOL_TYPE_UNKNOWN, buttonState=0, metaState=0, flags=0x0, edgeFlags=0x0, pointerCount=1, historySize=0, eventTime=754165803, downTime=754165803, deviceId=0, source=0x1002 }
08-05 01:29:09.397   918  5952 I ActivityManager: START u0 {cmp=baseline.appteam.nith.hillffair/.activities.ClubActivity (has extras)} from uid 10675 on display 0
08-05 01:29:09.403 14468 14468 D AndroidRuntime: Shutting down VM
08-05 01:29:09.428 14012 14025 I art     : Starting a blocking GC Explicit
08-05 01:29:09.447 14012 14025 I art     : Explicit concurrent mark sweep GC freed 4763(288KB) AllocSpace objects, 1(20KB) LOS objects, 23% free, 52MB/68MB, paused 687us total 18.559ms
08-05 01:29:09.454 14012 14025 I art     : Starting a blocking GC Explicit
08-05 01:29:09.469 14012 14025 I art     : Explicit concurrent mark sweep GC freed 421(35KB) AllocSpace objects, 0(0B) LOS objects, 23% free, 52MB/68MB, paused 307us total 14.295ms
08-05 01:29:09.476 14012 14025 I art     : Starting a blocking GC Explicit
08-05 01:29:09.489 14012 14025 I art     : Explicit concurrent mark sweep GC freed 99(4KB) AllocSpace objects, 0(0B) LOS objects, 23% free, 52MB/68MB, paused 497us total 12.726ms
08-05 01:29:09.495 14012 14025 I art     : Starting a blocking GC Explicit
08-05 01:29:09.503   918   936 I ActivityManager: Displayed baseline.appteam.nith.hillffair/.activities.ClubActivity: +100ms
08-05 01:29:09.504 13866 13866 I GoogleInputMethodServic: GoogleInputMethodService.onFinishInput():3138 
08-05 01:29:09.505 13866 13866 I GoogleInputMethodServic: GoogleInputMethodService.onStartInput():1808 
08-05 01:29:09.509 14012 14025 I art     : Explicit concurrent mark sweep GC freed 124(5KB) AllocSpace objects, 0(0B) LOS objects, 23% free, 52MB/68MB, paused 270us total 14.152ms
08-05 01:29:09.515 14012 14025 I art     : Starting a blocking GC Explicit
08-05 01:29:09.530 14012 14025 I art     : Explicit concurrent mark sweep GC freed 74(5KB) AllocSpace objects, 0(0B) LOS objects, 23% free, 52MB/68MB, paused 240us total 14.603ms
08-05 01:29:09.749   380   380 W SurfaceFlinger: couldn't log to binary event log: overflow.
08-05 01:29:09.790 14012 14102 I art     : Starting a blocking GC Explicit
08-05 01:29:09.804 14012 14102 I art     : Explicit concurrent mark sweep GC freed 1350(78KB) AllocSpace objects, 1(20KB) LOS objects, 23% free, 52MB/68MB, paused 230us total 13.691ms
08-05 01:29:09.810 14012 14102 I art     : Starting a blocking GC Explicit
08-05 01:29:09.823 14012 14102 I art     : Explicit concurrent mark sweep GC freed 20(704B) AllocSpace objects, 0(0B) LOS objects, 23% free, 52MB/68MB, paused 227us total 12.999ms
08-05 01:29:09.829 14012 14102 I art     : Starting a blocking GC Explicit
08-05 01:29:09.842 14012 14102 I art     : Explicit concurrent mark sweep GC freed 3(96B) AllocSpace objects, 0(0B) LOS objects, 23% free, 52MB/68MB, paused 235us total 12.712ms
08-05 01:29:09.848 14012 14102 I art     : Starting a blocking GC Explicit
08-05 01:29:09.862 14012 14102 I art     : Explicit concurrent mark sweep GC freed 3(96B) AllocSpace objects, 0(0B) LOS objects, 23% free, 52MB/68MB, paused 253us total 13.403ms
08-05 01:29:09.868 14012 14102 I art     : Starting a blocking GC Explicit
08-05 01:29:09.883 14012 14102 I art     : Explicit concurrent mark sweep GC freed 3(96B) AllocSpace objects, 0(0B) LOS objects, 23% free, 52MB/68MB, paused 373us total 14.335ms
08-05 01:29:10.169 14012 14102 I art     : Starting a blocking GC Explicit
08-05 01:29:10.187 14012 14102 I art     : Explicit concurrent mark sweep GC freed 1510(88KB) AllocSpace objects, 1(20KB) LOS objects, 23% free, 52MB/68MB, paused 280us total 17.804ms
08-05 01:29:10.194 14012 14102 I art     : Starting a blocking GC Explicit
08-05 01:29:10.209 14012 14102 I art     : Explicit concurrent mark sweep GC freed 61(2048B) AllocSpace objects, 0(0B) LOS objects, 23% free, 52MB/68MB, paused 289us total 14.628ms
08-05 01:29:10.216 14012 14102 I art     : Starting a blocking GC Explicit
08-05 01:29:10.230 14012 14102 I art     : Explicit concurrent mark sweep GC freed 582(51KB) AllocSpace objects, 2(120KB) LOS objects, 23% free, 52MB/68MB, paused 284us total 14.222ms
08-05 01:29:10.236 14012 14102 I art     : Starting a blocking GC Explicit
08-05 01:29:10.250 14012 14102 I art     : Explicit concurrent mark sweep GC freed 682(29KB) AllocSpace objects, 0(0B) LOS objects, 23% free, 52MB/68MB, paused 487us total 13.821ms
08-05 01:29:10.256 14012 14102 I art     : Starting a blocking GC Explicit
08-05 01:29:10.262 14012 14491 D OkHttp  : --> GET https://api-hillfair-2k16.herokuapp.com/api/app/events/special/event?id=5806551bdcba0f490c70fd1f http/1.1
08-05 01:29:10.269 14012 14102 I art     : Explicit concurrent mark sweep GC freed 2260(166KB) AllocSpace objects, 1(80KB) LOS objects, 23% free, 52MB/68MB, paused 230us total 12.979ms
08-05 01:29:10.304 14012 14491 D OkHttp  : <-- 200 OK https://api-hillfair-2k16.herokuapp.com/api/app/events/special/event?id=5806551bdcba0f490c70fd1f (41ms, 795-byte body)
08-05 01:29:10.351 14012 14012 I NAPPA_EXPERIMENTATION: MetricNetworkRequestExecutionTime: REQUEST_DURATION_SYSTEM='913',REQUEST_DURATION_OKHTTP='41',REQUEST_SYNCHRONOUS='FALSE',RESPONSE_CODE='200',RESPONSE_METHOD='GET',RESPONSE_LENGTH_OKHTTP='795',RESPONSE_LENGTH_HEADER='795',REQUEST_PROTOCOL='http/1.1',REQUEST_URL='https://api-hillfair-2k16.herokuapp.com/api/app/events/special/event?id=5806551bdcba0f490c70fd1f',
08-05 01:29:10.519 14012 14101 I art     : Starting a blocking GC Explicit
08-05 01:29:10.535 14012 14101 I art     : Explicit concurrent mark sweep GC freed 2222(207KB) AllocSpace objects, 1(20KB) LOS objects, 23% free, 52MB/68MB, paused 232us total 16.580ms
08-05 01:29:10.543 14012 14101 I art     : Starting a blocking GC Explicit
08-05 01:29:10.558 14012 14101 I art     : Explicit concurrent mark sweep GC freed 100(3KB) AllocSpace objects, 0(0B) LOS objects, 23% free, 52MB/68MB, paused 233us total 14.768ms
08-05 01:29:10.564 14012 14101 I art     : Starting a blocking GC Explicit
08-05 01:29:10.579 14012 14101 I art     : Explicit concurrent mark sweep GC freed 3(96B) AllocSpace objects, 0(0B) LOS objects, 23% free, 52MB/68MB, paused 238us total 14.511ms
08-05 01:29:10.585 14012 14101 I art     : Starting a blocking GC Explicit
08-05 01:29:10.600 14012 14101 I art     : Explicit concurrent mark sweep GC freed 3(96B) AllocSpace objects, 0(0B) LOS objects, 23% free, 52MB/68MB, paused 340us total 14.748ms
08-05 01:29:10.607 14012 14101 I art     : Starting a blocking GC Explicit
08-05 01:29:10.621 14012 14101 I art     : Explicit concurrent mark sweep GC freed 3(96B) AllocSpace objects, 0(0B) LOS objects, 23% free, 52MB/68MB, paused 216us total 13.785ms
08-05 01:29:10.904 14012 14025 I art     : Starting a blocking GC Explicit
08-05 01:29:10.922 14012 14025 I art     : Explicit concurrent mark sweep GC freed 1342(78KB) AllocSpace objects, 1(20KB) LOS objects, 23% free, 52MB/68MB, paused 236us total 17.961ms
08-05 01:29:10.933 14012 14025 I art     : Starting a blocking GC Explicit
08-05 01:29:10.948 14012 14025 I art     : Explicit concurrent mark sweep GC freed 36(1264B) AllocSpace objects, 0(0B) LOS objects, 23% free, 52MB/68MB, paused 257us total 14.942ms
08-05 01:29:10.954 14012 14025 I art     : Starting a blocking GC Explicit
08-05 01:29:10.969 14012 14025 I art     : Explicit concurrent mark sweep GC freed 3(96B) AllocSpace objects, 0(0B) LOS objects, 23% free, 52MB/68MB, paused 228us total 14.418ms
08-05 01:29:10.975 14012 14025 I art     : Starting a blocking GC Explicit
08-05 01:29:10.989 14012 14025 I art     : Explicit concurrent mark sweep GC freed 3(96B) AllocSpace objects, 0(0B) LOS objects, 23% free, 52MB/68MB, paused 230us total 14.364ms
08-05 01:29:10.996 14012 14025 I art     : Starting a blocking GC Explicit
08-05 01:29:11.010 14012 14025 I art     : Explicit concurrent mark sweep GC freed 3(96B) AllocSpace objects, 0(0B) LOS objects, 23% free, 52MB/68MB, paused 221us total 14.238ms
08-05 01:29:11.307 14012 14102 I art     : Starting a blocking GC Explicit
08-05 01:29:11.329 14012 14102 I art     : Explicit concurrent mark sweep GC freed 1341(78KB) AllocSpace objects, 1(20KB) LOS objects, 23% free, 52MB/68MB, paused 265us total 21.207ms
08-05 01:29:11.339 14012 14102 I art     : Starting a blocking GC Explicit
08-05 01:29:11.359 14012 14102 I art     : Explicit concurrent mark sweep GC freed 20(704B) AllocSpace objects, 0(0B) LOS objects, 23% free, 52MB/68MB, paused 258us total 19.373ms
08-05 01:29:11.368 14012 14102 I art     : Starting a blocking GC Explicit
08-05 01:29:11.383 14012 14102 I art     : Explicit concurrent mark sweep GC freed 3(96B) AllocSpace objects, 0(0B) LOS objects, 23% free, 52MB/68MB, paused 233us total 14.970ms
08-05 01:29:11.389 14012 14102 I art     : Starting a blocking GC Explicit
08-05 01:29:11.404 14012 14102 I art     : Explicit concurrent mark sweep GC freed 3(96B) AllocSpace objects, 0(0B) LOS objects, 23% free, 52MB/68MB, paused 234us total 14.720ms
08-05 01:29:11.411 14012 14102 I art     : Starting a blocking GC Explicit
08-05 01:29:11.427 14012 14102 I art     : Explicit concurrent mark sweep GC freed 3(96B) AllocSpace objects, 0(0B) LOS objects, 23% free, 52MB/68MB, paused 408us total 15.627ms
08-05 01:29:11.745 14012 14024 I art     : Starting a blocking GC Explicit
08-05 01:29:11.765 14012 14024 I art     : Explicit concurrent mark sweep GC freed 1341(78KB) AllocSpace objects, 1(20KB) LOS objects, 23% free, 52MB/68MB, paused 254us total 19.886ms
08-05 01:29:11.772 14012 14024 I art     : Starting a blocking GC Explicit
08-05 01:29:11.788 14012 14024 I art     : Explicit concurrent mark sweep GC freed 20(704B) AllocSpace objects, 0(0B) LOS objects, 23% free, 52MB/68MB, paused 227us total 15.515ms
08-05 01:29:11.794 14012 14024 I art     : Starting a blocking GC Explicit
08-05 01:29:11.809 14012 14024 I art     : Explicit concurrent mark sweep GC freed 3(96B) AllocSpace objects, 0(0B) LOS objects, 23% free, 52MB/68MB, paused 215us total 14.469ms
08-05 01:29:11.815 14012 14024 I art     : Starting a blocking GC Explicit
08-05 01:29:11.830 14012 14024 I art     : Explicit concurrent mark sweep GC freed 3(96B) AllocSpace objects, 0(0B) LOS objects, 23% free, 52MB/68MB, paused 230us total 14.676ms
08-05 01:29:11.837 14012 14024 I art     : Starting a blocking GC Explicit
08-05 01:29:11.852 14012 14024 I art     : Explicit concurrent mark sweep GC freed 3(96B) AllocSpace objects, 0(0B) LOS objects, 23% free, 52MB/68MB, paused 267us total 14.865ms
08-05 01:29:12.158 14012 14101 I art     : Starting a blocking GC Explicit
08-05 01:29:12.180 14012 14101 I art     : Explicit concurrent mark sweep GC freed 1341(78KB) AllocSpace objects, 1(20KB) LOS objects, 23% free, 52MB/68MB, paused 278us total 21.666ms
08-05 01:29:12.191 14012 14101 I art     : Starting a blocking GC Explicit
08-05 01:29:12.208 14012 14101 I art     : Explicit concurrent mark sweep GC freed 20(704B) AllocSpace objects, 0(0B) LOS objects, 23% free, 52MB/68MB, paused 231us total 16.960ms
08-05 01:29:12.214 14012 14101 I art     : Starting a blocking GC Explicit
08-05 01:29:12.230 14012 14101 I art     : Explicit concurrent mark sweep GC freed 3(96B) AllocSpace objects, 0(0B) LOS objects, 23% free, 52MB/68MB, paused 235us total 15.060ms
08-05 01:29:12.236 14012 14101 I art     : Starting a blocking GC Explicit
08-05 01:29:12.251 14012 14101 I art     : Explicit concurrent mark sweep GC freed 3(96B) AllocSpace objects, 0(0B) LOS objects, 23% free, 52MB/68MB, paused 235us total 14.940ms
08-05 01:29:12.258 14012 14101 I art     : Starting a blocking GC Explicit
08-05 01:29:12.273 14012 14101 I art     : Explicit concurrent mark sweep GC freed 3(96B) AllocSpace objects, 0(0B) LOS objects, 23% free, 52MB/68MB, paused 233us total 15.048ms
08-05 01:29:12.574 14012 14025 I art     : Starting a blocking GC Explicit
08-05 01:29:12.595 14012 14025 I art     : Explicit concurrent mark sweep GC freed 1341(78KB) AllocSpace objects, 1(20KB) LOS objects, 23% free, 52MB/68MB, paused 276us total 20.489ms
08-05 01:29:12.605 14012 14025 I art     : Starting a blocking GC Explicit
08-05 01:29:12.621 14012 14025 I art     : Explicit concurrent mark sweep GC freed 20(704B) AllocSpace objects, 0(0B) LOS objects, 23% free, 52MB/68MB, paused 232us total 15.334ms
08-05 01:29:12.627 14012 14025 I art     : Starting a blocking GC Explicit
08-05 01:29:12.643 14012 14025 I art     : Explicit concurrent mark sweep GC freed 3(96B) AllocSpace objects, 0(0B) LOS objects, 23% free, 52MB/68MB, paused 230us total 15.370ms
08-05 01:29:12.650 14012 14025 I art     : Starting a blocking GC Explicit
08-05 01:29:12.665 14012 14025 I art     : Explicit concurrent mark sweep GC freed 3(96B) AllocSpace objects, 0(0B) LOS objects, 23% free, 52MB/68MB, paused 242us total 15.268ms
08-05 01:29:12.672 14012 14025 I art     : Starting a blocking GC Explicit
08-05 01:29:12.687 14012 14025 I art     : Explicit concurrent mark sweep GC freed 3(96B) AllocSpace objects, 0(0B) LOS objects, 23% free, 52MB/68MB, paused 280us total 15.150ms
08-05 01:29:13.001 14012 14102 I art     : Starting a blocking GC Explicit
08-05 01:29:13.023 14012 14102 I art     : Explicit concurrent mark sweep GC freed 1341(78KB) AllocSpace objects, 1(20KB) LOS objects, 23% free, 52MB/68MB, paused 278us total 21.969ms
08-05 01:29:13.035 14012 14102 I art     : Starting a blocking GC Explicit
08-05 01:29:13.050 14012 14102 I art     : Explicit concurrent mark sweep GC freed 20(704B) AllocSpace objects, 0(0B) LOS objects, 23% free, 52MB/68MB, paused 235us total 15.486ms
08-05 01:29:13.057 14012 14102 I art     : Starting a blocking GC Explicit
08-05 01:29:13.072 14012 14102 I art     : Explicit concurrent mark sweep GC freed 3(96B) AllocSpace objects, 0(0B) LOS objects, 23% free, 52MB/68MB, paused 275us total 15.130ms
08-05 01:29:13.079 14012 14102 I art     : Starting a blocking GC Explicit
08-05 01:29:13.094 14012 14102 I art     : Explicit concurrent mark sweep GC freed 3(96B) AllocSpace objects, 0(0B) LOS objects, 23% free, 52MB/68MB, paused 227us total 15.003ms
08-05 01:29:13.101 14012 14102 I art     : Starting a blocking GC Explicit
08-05 01:29:13.116 14012 14102 I art     : Explicit concurrent mark sweep GC freed 3(96B) AllocSpace objects, 0(0B) LOS objects, 23% free, 52MB/68MB, paused 240us total 15.069ms
08-05 01:29:13.425 14012 14024 I art     : Starting a blocking GC Explicit
08-05 01:29:13.449 14012 14024 I art     : Explicit concurrent mark sweep GC freed 1341(78KB) AllocSpace objects, 1(20KB) LOS objects, 23% free, 52MB/68MB, paused 387us total 23.370ms
08-05 01:29:13.460 14012 14024 I art     : Starting a blocking GC Explicit
08-05 01:29:13.476 14012 14024 I art     : Explicit concurrent mark sweep GC freed 20(704B) AllocSpace objects, 0(0B) LOS objects, 23% free, 52MB/68MB, paused 227us total 15.504ms
08-05 01:29:13.482 14012 14024 I art     : Starting a blocking GC Explicit
08-05 01:29:13.497 14012 14024 I art     : Explicit concurrent mark sweep GC freed 3(96B) AllocSpace objects, 0(0B) LOS objects, 23% free, 52MB/68MB, paused 256us total 14.651ms
08-05 01:29:13.504 14012 14024 I art     : Starting a blocking GC Explicit
08-05 01:29:13.519 14012 14024 I art     : Explicit concurrent mark sweep GC freed 3(96B) AllocSpace objects, 0(0B) LOS objects, 23% free, 52MB/68MB, paused 237us total 15.015ms
08-05 01:29:13.525 14012 14024 I art     : Starting a blocking GC Explicit
08-05 01:29:13.540 14012 14024 I art     : Explicit concurrent mark sweep GC freed 3(96B) AllocSpace objects, 0(0B) LOS objects, 23% free, 52MB/68MB, paused 228us total 14.767ms
08-05 01:29:13.787   918  1210 D NetlinkSocketObserver: NeighborEvent{elapsedMs=1737557661, 192.168.2.254, [7C3953A63323], RTM_NEWNEIGH, NUD_STALE}
08-05 01:29:13.851 14012 14101 I art     : Starting a blocking GC Explicit
08-05 01:29:13.874 14012 14101 I art     : Explicit concurrent mark sweep GC freed 1341(78KB) AllocSpace objects, 1(20KB) LOS objects, 23% free, 52MB/68MB, paused 281us total 22.098ms
08-05 01:29:13.884 14012 14101 I art     : Starting a blocking GC Explicit
08-05 01:29:13.903 14012 14101 I art     : Explicit concurrent mark sweep GC freed 20(704B) AllocSpace objects, 0(0B) LOS objects, 23% free, 52MB/68MB, paused 227us total 18.871ms
08-05 01:29:13.910 14012 14101 I art     : Starting a blocking GC Explicit
08-05 01:29:13.926 14012 14101 I art     : Explicit concurrent mark sweep GC freed 3(96B) AllocSpace objects, 0(0B) LOS objects, 23% free, 52MB/68MB, paused 243us total 15.346ms
08-05 01:29:13.933 14012 14101 I art     : Starting a blocking GC Explicit
08-05 01:29:13.947 14012 14101 I art     : Explicit concurrent mark sweep GC freed 3(96B) AllocSpace objects, 0(0B) LOS objects, 23% free, 52MB/68MB, paused 229us total 14.667ms
08-05 01:29:13.954 14012 14101 I art     : Starting a blocking GC Explicit
08-05 01:29:13.969 14012 14101 I art     : Explicit concurrent mark sweep GC freed 3(96B) AllocSpace objects, 0(0B) LOS objects, 23% free, 52MB/68MB, paused 236us total 14.799ms
08-05 01:29:14.299 14012 14025 I art     : Starting a blocking GC Explicit
08-05 01:29:14.325 14012 14025 I art     : Explicit concurrent mark sweep GC freed 1341(78KB) AllocSpace objects, 1(20KB) LOS objects, 23% free, 52MB/68MB, paused 316us total 25.891ms
08-05 01:29:14.336 14012 14025 I art     : Starting a blocking GC Explicit
08-05 01:29:14.354 14012 14025 I art     : Explicit concurrent mark sweep GC freed 20(704B) AllocSpace objects, 0(0B) LOS objects, 23% free, 52MB/68MB, paused 243us total 17.440ms
08-05 01:29:14.361 14012 14025 I art     : Starting a blocking GC Explicit
08-05 01:29:14.377 14012 14025 I art     : Explicit concurrent mark sweep GC freed 3(96B) AllocSpace objects, 0(0B) LOS objects, 23% free, 52MB/68MB, paused 382us total 15.620ms
08-05 01:29:14.383 14012 14025 I art     : Starting a blocking GC Explicit
08-05 01:29:14.398 14012 14025 I art     : Explicit concurrent mark sweep GC freed 3(96B) AllocSpace objects, 0(0B) LOS objects, 23% free, 52MB/68MB, paused 239us total 14.744ms
08-05 01:29:14.405 14012 14025 I art     : Starting a blocking GC Explicit
08-05 01:29:14.420 14012 14025 I art     : Explicit concurrent mark sweep GC freed 3(96B) AllocSpace objects, 0(0B) LOS objects, 23% free, 52MB/68MB, paused 228us total 14.565ms
08-05 01:29:14.692 14012 14102 I art     : Starting a blocking GC Explicit
08-05 01:29:14.709 14012 14102 I art     : Explicit concurrent mark sweep GC freed 1341(78KB) AllocSpace objects, 1(20KB) LOS objects, 23% free, 52MB/68MB, paused 237us total 16.170ms
08-05 01:29:14.716 14012 14102 I art     : Starting a blocking GC Explicit
08-05 01:29:14.731 14012 14102 I art     : Explicit concurrent mark sweep GC freed 20(704B) AllocSpace objects, 0(0B) LOS objects, 23% free, 52MB/68MB, paused 229us total 14.996ms
08-05 01:29:14.737 14012 14102 I art     : Starting a blocking GC Explicit
08-05 01:29:14.752 14012 14102 I art     : Explicit concurrent mark sweep GC freed 3(96B) AllocSpace objects, 0(0B) LOS objects, 23% free, 52MB/68MB, paused 231us total 14.680ms
08-05 01:29:14.759 14012 14102 I art     : Starting a blocking GC Explicit
08-05 01:29:14.774 14012 14102 I art     : Explicit concurrent mark sweep GC freed 3(96B) AllocSpace objects, 0(0B) LOS objects, 23% free, 52MB/68MB, paused 212us total 14.720ms
08-05 01:29:14.781 14012 14102 I art     : Starting a blocking GC Explicit
08-05 01:29:14.796 14012 14102 I art     : Explicit concurrent mark sweep GC freed 3(96B) AllocSpace objects, 0(0B) LOS objects, 23% free, 52MB/68MB, paused 270us total 14.535ms
08-05 01:29:15.077 14012 14625 W OneSignal: OneSignalRestClient: POST Error thrown from network stack. 
08-05 01:29:15.077 14012 14625 W OneSignal: java.io.IOException: unexpected end of stream on Connection{api.onesignal.com:443, proxy=HTTP@192.168.2.12:8080 hostAddress=192.168.2.12 cipherSuite=TLS_ECDHE_RSA_WITH_AES_128_GCM_SHA256 protocol=http/1.1} (recycle count=0)
08-05 01:29:15.077 14012 14625 W OneSignal: 	at com.android.okhttp.internal.http.HttpConnection.readResponse(HttpConnection.java:210)
08-05 01:29:15.077 14012 14625 W OneSignal: 	at com.android.okhttp.internal.http.HttpTransport.readResponseHeaders(HttpTransport.java:80)
08-05 01:29:15.077 14012 14625 W OneSignal: 	at com.android.okhttp.internal.http.HttpEngine.readNetworkResponse(HttpEngine.java:904)
08-05 01:29:15.077 14012 14625 W OneSignal: 	at com.android.okhttp.internal.http.HttpEngine.readResponse(HttpEngine.java:788)
08-05 01:29:15.077 14012 14625 W OneSignal: 	at com.android.okhttp.internal.huc.HttpURLConnectionImpl.execute(HttpURLConnectionImpl.java:439)
08-05 01:29:15.077 14012 14625 W OneSignal: 	at com.android.okhttp.internal.huc.HttpURLConnectionImpl.getResponse(HttpURLConnectionImpl.java:384)
08-05 01:29:15.077 14012 14625 W OneSignal: 	at com.android.okhttp.internal.huc.HttpURLConnectionImpl.getResponseCode(HttpURLConnectionImpl.java:497)
08-05 01:29:15.077 14012 14625 W OneSignal: 	at com.android.okhttp.internal.huc.DelegatingHttpsURLConnection.getResponseCode(DelegatingHttpsURLConnection.java:105)
08-05 01:29:15.077 14012 14625 W OneSignal: 	at com.android.okhttp.internal.huc.HttpsURLConnectionImpl.getResponseCode(HttpsURLConnectionImpl.java)
08-05 01:29:15.077 14012 14625 W OneSignal: 	at com.onesignal.OneSignalRestClient.startHTTPConnection(OneSignalRestClient.java:180)
08-05 01:29:15.077 14012 14625 W OneSignal: 	at com.onesignal.OneSignalRestClient.access$100(OneSignalRestClient.java:44)
08-05 01:29:15.077 14012 14625 W OneSignal: 	at com.onesignal.OneSignalRestClient$4.run(OneSignalRestClient.java:110)
08-05 01:29:15.077 14012 14625 W OneSignal: 	at java.lang.Thread.run(Thread.java:818)
08-05 01:29:15.077 14012 14625 W OneSignal: Caused by: java.io.EOFException: \n not found: size=0 content=...
08-05 01:29:15.077 14012 14625 W OneSignal: 	at com.android.okhttp.okio.RealBufferedSource.readUtf8LineStrict(RealBufferedSource.java:200)
08-05 01:29:15.077 14012 14625 W OneSignal: 	at com.android.okhttp.internal.http.HttpConnection.readResponse(HttpConnection.java:191)
08-05 01:29:15.077 14012 14625 W OneSignal: 	... 12 more
08-05 01:29:15.079 14012 14636 W OneSignal: Failed last request. statusCode: -1
08-05 01:29:15.079 14012 14636 W OneSignal: response: null
08-05 01:29:15.117 14012 14024 I art     : Starting a blocking GC Explicit
08-05 01:29:15.139 14012 14024 I art     : Explicit concurrent mark sweep GC freed 3897(242KB) AllocSpace objects, 1(20KB) LOS objects, 23% free, 52MB/68MB, paused 262us total 22.147ms
08-05 01:29:15.150 14012 14024 I art     : Starting a blocking GC Explicit
08-05 01:29:15.165 14012 14024 I art     : Explicit concurrent mark sweep GC freed 73(2704B) AllocSpace objects, 0(0B) LOS objects, 23% free, 52MB/68MB, paused 243us total 15.325ms
08-05 01:29:15.172 14012 14024 I art     : Starting a blocking GC Explicit
08-05 01:29:15.187 14012 14024 I art     : Explicit concurrent mark sweep GC freed 3(96B) AllocSpace objects, 0(0B) LOS objects, 23% free, 52MB/68MB, paused 241us total 14.705ms
08-05 01:29:15.193 14012 14024 I art     : Starting a blocking GC Explicit
08-05 01:29:15.208 14012 14024 I art     : Explicit concurrent mark sweep GC freed 3(96B) AllocSpace objects, 0(0B) LOS objects, 23% free, 52MB/68MB, paused 223us total 14.611ms
08-05 01:29:15.215 14012 14024 I art     : Starting a blocking GC Explicit
08-05 01:29:15.229 14012 14024 I art     : Explicit concurrent mark sweep GC freed 3(96B) AllocSpace objects, 0(0B) LOS objects, 23% free, 52MB/68MB, paused 224us total 14.703ms
08-05 01:29:15.550 14012 14101 I art     : Starting a blocking GC Explicit
08-05 01:29:15.575 14012 14101 I art     : Explicit concurrent mark sweep GC freed 1341(78KB) AllocSpace objects, 1(20KB) LOS objects, 23% free, 52MB/68MB, paused 340us total 24.414ms
08-05 01:29:15.585 14012 14101 I art     : Starting a blocking GC Explicit
08-05 01:29:15.603 14012 14101 I art     : Explicit concurrent mark sweep GC freed 20(704B) AllocSpace objects, 0(0B) LOS objects, 23% free, 52MB/68MB, paused 244us total 17.229ms
08-05 01:29:15.610 14012 14101 I art     : Starting a blocking GC Explicit
08-05 01:29:15.625 14012 14101 I art     : Explicit concurrent mark sweep GC freed 3(96B) AllocSpace objects, 0(0B) LOS objects, 23% free, 52MB/68MB, paused 228us total 15.505ms
08-05 01:29:15.632 14012 14101 I art     : Starting a blocking GC Explicit
08-05 01:29:15.647 14012 14101 I art     : Explicit concurrent mark sweep GC freed 3(96B) AllocSpace objects, 0(0B) LOS objects, 23% free, 52MB/68MB, paused 234us total 15.070ms
08-05 01:29:15.654 14012 14101 I art     : Starting a blocking GC Explicit
08-05 01:29:15.668 14012 14101 I art     : Explicit concurrent mark sweep GC freed 3(96B) AllocSpace objects, 0(0B) LOS objects, 23% free, 52MB/68MB, paused 235us total 14.482ms
08-05 01:29:15.993 14012 14025 I art     : Starting a blocking GC Explicit
08-05 01:29:16.019 14012 14025 I art     : Explicit concurrent mark sweep GC freed 1341(78KB) AllocSpace objects, 1(20KB) LOS objects, 23% free, 52MB/68MB, paused 286us total 26.154ms
08-05 01:29:16.030 14012 14025 I art     : Starting a blocking GC Explicit
08-05 01:29:16.048 14012 14025 I art     : Explicit concurrent mark sweep GC freed 20(704B) AllocSpace objects, 0(0B) LOS objects, 23% free, 52MB/68MB, paused 245us total 18.169ms
08-05 01:29:16.055 14012 14025 I art     : Starting a blocking GC Explicit
08-05 01:29:16.071 14012 14025 I art     : Explicit concurrent mark sweep GC freed 3(96B) AllocSpace objects, 0(0B) LOS objects, 23% free, 52MB/68MB, paused 239us total 15.352ms
08-05 01:29:16.078 14012 14025 I art     : Starting a blocking GC Explicit
08-05 01:29:16.092 14012 14025 I art     : Explicit concurrent mark sweep GC freed 3(96B) AllocSpace objects, 0(0B) LOS objects, 23% free, 52MB/68MB, paused 224us total 14.222ms
08-05 01:29:16.099 14012 14025 I art     : Starting a blocking GC Explicit
08-05 01:29:16.113 14012 14025 I art     : Explicit concurrent mark sweep GC freed 3(96B) AllocSpace objects, 0(0B) LOS objects, 23% free, 52MB/68MB, paused 226us total 14.064ms
08-05 01:29:16.424 14012 14102 I art     : Starting a blocking GC Explicit
08-05 01:29:16.446 14012 14102 I art     : Explicit concurrent mark sweep GC freed 1341(78KB) AllocSpace objects, 1(20KB) LOS objects, 23% free, 52MB/68MB, paused 284us total 21.188ms
08-05 01:29:16.456 14012 14102 I art     : Starting a blocking GC Explicit
08-05 01:29:16.472 14012 14102 I art     : Explicit concurrent mark sweep GC freed 20(704B) AllocSpace objects, 0(0B) LOS objects, 23% free, 52MB/68MB, paused 238us total 15.556ms
08-05 01:29:16.479 14012 14102 I art     : Starting a blocking GC Explicit
08-05 01:29:16.495 14012 14102 I art     : Explicit concurrent mark sweep GC freed 3(96B) AllocSpace objects, 0(0B) LOS objects, 23% free, 52MB/68MB, paused 229us total 15.355ms
08-05 01:29:16.501 14012 14102 I art     : Starting a blocking GC Explicit
08-05 01:29:16.516 14012 14102 I art     : Explicit concurrent mark sweep GC freed 3(96B) AllocSpace objects, 0(0B) LOS objects, 23% free, 52MB/68MB, paused 267us total 14.952ms
08-05 01:29:16.523 14012 14102 I art     : Starting a blocking GC Explicit
08-05 01:29:16.538 14012 14102 I art     : Explicit concurrent mark sweep GC freed 3(96B) AllocSpace objects, 0(0B) LOS objects, 23% free, 52MB/68MB, paused 226us total 15.138ms
08-05 01:29:16.858 14012 14024 I art     : Starting a blocking GC Explicit
08-05 01:29:16.881 14012 14024 I art     : Explicit concurrent mark sweep GC freed 1341(78KB) AllocSpace objects, 1(20KB) LOS objects, 23% free, 52MB/68MB, paused 350us total 22.496ms
08-05 01:29:16.892 14012 14024 I art     : Starting a blocking GC Explicit
08-05 01:29:16.908 14012 14024 I art     : Explicit concurrent mark sweep GC freed 20(704B) AllocSpace objects, 0(0B) LOS objects, 23% free, 52MB/68MB, paused 226us total 15.623ms
08-05 01:29:16.915 14012 14024 I art     : Starting a blocking GC Explicit
08-05 01:29:16.929 14012 14024 I art     : Explicit concurrent mark sweep GC freed 3(96B) AllocSpace objects, 0(0B) LOS objects, 23% free, 52MB/68MB, paused 262us total 14.585ms
08-05 01:29:16.936 14012 14024 I art     : Starting a blocking GC Explicit
08-05 01:29:16.951 14012 14024 I art     : Explicit concurrent mark sweep GC freed 3(96B) AllocSpace objects, 0(0B) LOS objects, 23% free, 52MB/68MB, paused 233us total 14.839ms
08-05 01:29:16.957 14012 14024 I art     : Starting a blocking GC Explicit
08-05 01:29:16.972 14012 14024 I art     : Explicit concurrent mark sweep GC freed 3(96B) AllocSpace objects, 0(0B) LOS objects, 23% free, 52MB/68MB, paused 226us total 14.834ms
08-05 01:29:17.287 14012 14101 I art     : Starting a blocking GC Explicit
08-05 01:29:17.309 14012 14101 I art     : Explicit concurrent mark sweep GC freed 1341(78KB) AllocSpace objects, 1(20KB) LOS objects, 23% free, 52MB/68MB, paused 278us total 21.730ms
08-05 01:29:17.320 14012 14101 I art     : Starting a blocking GC Explicit
08-05 01:29:17.337 14012 14101 I art     : Explicit concurrent mark sweep GC freed 20(704B) AllocSpace objects, 0(0B) LOS objects, 23% free, 52MB/68MB, paused 252us total 17.393ms
08-05 01:29:17.344 14012 14101 I art     : Starting a blocking GC Explicit
08-05 01:29:17.360 14012 14101 I art     : Explicit concurrent mark sweep GC freed 3(96B) AllocSpace objects, 0(0B) LOS objects, 23% free, 52MB/68MB, paused 234us total 15.292ms
08-05 01:29:17.366 14012 14101 I art     : Starting a blocking GC Explicit
08-05 01:29:17.382 14012 14101 I art     : Explicit concurrent mark sweep GC freed 3(96B) AllocSpace objects, 0(0B) LOS objects, 23% free, 52MB/68MB, paused 251us total 14.933ms
08-05 01:29:17.388 14012 14101 I art     : Starting a blocking GC Explicit
08-05 01:29:17.403 14012 14101 I art     : Explicit concurrent mark sweep GC freed 3(96B) AllocSpace objects, 0(0B) LOS objects, 23% free, 52MB/68MB, paused 236us total 14.920ms
08-05 01:29:17.709 14012 14025 I art     : Starting a blocking GC Explicit
08-05 01:29:17.733 14012 14025 I art     : Explicit concurrent mark sweep GC freed 1341(78KB) AllocSpace objects, 1(20KB) LOS objects, 23% free, 52MB/68MB, paused 299us total 23.647ms
08-05 01:29:17.744 14012 14025 I art     : Starting a blocking GC Explicit
08-05 01:29:17.754   918  3261 D WifiStateMachine: starting scan for "H369AA63323"WPA_PSK with 2412,5180
08-05 01:29:17.760 14012 14025 I art     : Explicit concurrent mark sweep GC freed 20(704B) AllocSpace objects, 0(0B) LOS objects, 23% free, 52MB/68MB, paused 228us total 15.272ms
08-05 01:29:17.767 14012 14025 I art     : Starting a blocking GC Explicit
08-05 01:29:17.782 14012 14025 I art     : Explicit concurrent mark sweep GC freed 3(96B) AllocSpace objects, 0(0B) LOS objects, 23% free, 52MB/68MB, paused 236us total 14.395ms
08-05 01:29:17.788 14012 14025 I art     : Starting a blocking GC Explicit
08-05 01:29:17.803 14012 14025 I art     : Explicit concurrent mark sweep GC freed 3(96B) AllocSpace objects, 0(0B) LOS objects, 23% free, 52MB/68MB, paused 234us total 14.360ms
08-05 01:29:17.809 14012 14025 I art     : Starting a blocking GC Explicit
08-05 01:29:17.824 14012 14025 I art     : Explicit concurrent mark sweep GC freed 3(96B) AllocSpace objects, 0(0B) LOS objects, 23% free, 52MB/68MB, paused 234us total 14.144ms
08-05 01:29:18.142 14012 14102 I art     : Starting a blocking GC Explicit
08-05 01:29:18.167 14012 14102 I art     : Explicit concurrent mark sweep GC freed 1341(78KB) AllocSpace objects, 1(20KB) LOS objects, 23% free, 52MB/68MB, paused 390us total 24.824ms
08-05 01:29:18.178 14012 14102 I art     : Starting a blocking GC Explicit
08-05 01:29:18.194 14012 14102 I art     : Explicit concurrent mark sweep GC freed 20(704B) AllocSpace objects, 0(0B) LOS objects, 23% free, 52MB/68MB, paused 235us total 15.650ms
08-05 01:29:18.200 14012 14102 I art     : Starting a blocking GC Explicit
08-05 01:29:18.216 14012 14102 I art     : Explicit concurrent mark sweep GC freed 3(96B) AllocSpace objects, 0(0B) LOS objects, 23% free, 52MB/68MB, paused 234us total 14.900ms
08-05 01:29:18.222 14012 14102 I art     : Starting a blocking GC Explicit
08-05 01:29:18.237 14012 14102 I art     : Explicit concurrent mark sweep GC freed 3(96B) AllocSpace objects, 0(0B) LOS objects, 23% free, 52MB/68MB, paused 258us total 14.931ms
08-05 01:29:18.244 14012 14102 I art     : Starting a blocking GC Explicit
08-05 01:29:18.259 14012 14102 I art     : Explicit concurrent mark sweep GC freed 3(96B) AllocSpace objects, 0(0B) LOS objects, 23% free, 52MB/68MB, paused 230us total 14.605ms
08-05 01:29:18.572 14012 14024 I art     : Starting a blocking GC Explicit
08-05 01:29:18.595 14012 14024 I art     : Explicit concurrent mark sweep GC freed 1341(78KB) AllocSpace objects, 1(20KB) LOS objects, 23% free, 52MB/68MB, paused 266us total 22.053ms
08-05 01:29:18.605 14012 14024 I art     : Starting a blocking GC Explicit
08-05 01:29:18.621 14012 14024 I art     : Explicit concurrent mark sweep GC freed 20(704B) AllocSpace objects, 0(0B) LOS objects, 23% free, 52MB/68MB, paused 242us total 15.269ms
08-05 01:29:18.628 14012 14024 I art     : Starting a blocking GC Explicit
08-05 01:29:18.643 14012 14024 I art     : Explicit concurrent mark sweep GC freed 3(96B) AllocSpace objects, 0(0B) LOS objects, 23% free, 52MB/68MB, paused 228us total 14.795ms
08-05 01:29:18.649 14012 14024 I art     : Starting a blocking GC Explicit
08-05 01:29:18.664 14012 14024 I art     : Explicit concurrent mark sweep GC freed 3(96B) AllocSpace objects, 0(0B) LOS objects, 23% free, 52MB/68MB, paused 235us total 15.033ms
08-05 01:29:18.671 14012 14024 I art     : Starting a blocking GC Explicit
08-05 01:29:18.686 14012 14024 I art     : Explicit concurrent mark sweep GC freed 3(96B) AllocSpace objects, 0(0B) LOS objects, 23% free, 52MB/68MB, paused 221us total 15.090ms
08-05 01:29:18.974 14012 14101 I art     : Starting a blocking GC Explicit
08-05 01:29:18.991 14012 14101 I art     : Explicit concurrent mark sweep GC freed 1341(78KB) AllocSpace objects, 1(20KB) LOS objects, 23% free, 52MB/68MB, paused 257us total 16.712ms
08-05 01:29:18.998 14012 14101 I art     : Starting a blocking GC Explicit
08-05 01:29:19.013 14012 14101 I art     : Explicit concurrent mark sweep GC freed 20(704B) AllocSpace objects, 0(0B) LOS objects, 23% free, 52MB/68MB, paused 236us total 15.241ms
08-05 01:29:19.020 14012 14101 I art     : Starting a blocking GC Explicit
08-05 01:29:19.035 14012 14101 I art     : Explicit concurrent mark sweep GC freed 3(96B) AllocSpace objects, 0(0B) LOS objects, 23% free, 52MB/68MB, paused 233us total 15.186ms
08-05 01:29:19.042 14012 14101 I art     : Starting a blocking GC Explicit
08-05 01:29:19.057 14012 14101 I art     : Explicit concurrent mark sweep GC freed 3(96B) AllocSpace objects, 0(0B) LOS objects, 23% free, 52MB/68MB, paused 237us total 14.836ms
08-05 01:29:19.064 14012 14101 I art     : Starting a blocking GC Explicit
08-05 01:29:19.078 14012 14101 I art     : Explicit concurrent mark sweep GC freed 3(96B) AllocSpace objects, 0(0B) LOS objects, 23% free, 52MB/68MB, paused 227us total 14.729ms
08-05 01:29:19.385 14012 14025 I art     : Starting a blocking GC Explicit
08-05 01:29:19.406 14012 14025 I art     : Explicit concurrent mark sweep GC freed 1341(78KB) AllocSpace objects, 1(20KB) LOS objects, 23% free, 52MB/68MB, paused 273us total 21.013ms
08-05 01:29:19.416 14012 14025 I art     : Starting a blocking GC Explicit
08-05 01:29:19.431 14012 14025 I art     : Explicit concurrent mark sweep GC freed 20(704B) AllocSpace objects, 0(0B) LOS objects, 23% free, 52MB/68MB, paused 239us total 15.561ms
08-05 01:29:19.438 14012 14025 I art     : Starting a blocking GC Explicit
08-05 01:29:19.454 14012 14025 I art     : Explicit concurrent mark sweep GC freed 3(96B) AllocSpace objects, 0(0B) LOS objects, 23% free, 52MB/68MB, paused 227us total 15.453ms
08-05 01:29:19.461 14012 14025 I art     : Starting a blocking GC Explicit
08-05 01:29:19.476 14012 14025 I art     : Explicit concurrent mark sweep GC freed 3(96B) AllocSpace objects, 0(0B) LOS objects, 23% free, 52MB/68MB, paused 233us total 15.143ms
08-05 01:29:19.483 14012 14025 I art     : Starting a blocking GC Explicit
08-05 01:29:19.498 14012 14025 I art     : Explicit concurrent mark sweep GC freed 3(96B) AllocSpace objects, 0(0B) LOS objects, 23% free, 52MB/68MB, paused 259us total 15.497ms
08-05 01:29:19.805 14012 14102 I art     : Starting a blocking GC Explicit
08-05 01:29:19.826 14012 14102 I art     : Explicit concurrent mark sweep GC freed 1341(78KB) AllocSpace objects, 1(20KB) LOS objects, 23% free, 52MB/68MB, paused 281us total 20.719ms
08-05 01:29:19.837 14012 14102 I art     : Starting a blocking GC Explicit
08-05 01:29:19.856 14012 14102 I art     : Explicit concurrent mark sweep GC freed 20(704B) AllocSpace objects, 0(0B) LOS objects, 23% free, 52MB/68MB, paused 243us total 19.520ms
08-05 01:29:19.865 14012 14102 I art     : Starting a blocking GC Explicit
08-05 01:29:19.881 14012 14102 I art     : Explicit concurrent mark sweep GC freed 3(96B) AllocSpace objects, 0(0B) LOS objects, 23% free, 52MB/68MB, paused 219us total 14.970ms
08-05 01:29:19.887 14012 14102 I art     : Starting a blocking GC Explicit
08-05 01:29:19.902 14012 14102 I art     : Explicit concurrent mark sweep GC freed 3(96B) AllocSpace objects, 0(0B) LOS objects, 23% free, 52MB/68MB, paused 231us total 14.802ms
08-05 01:29:19.909 14012 14102 I art     : Starting a blocking GC Explicit
08-05 01:29:19.924 14012 14102 I art     : Explicit concurrent mark sweep GC freed 3(96B) AllocSpace objects, 0(0B) LOS objects, 23% free, 52MB/68MB, paused 226us total 14.762ms
08-05 01:29:20.214 14012 14024 I art     : Starting a blocking GC Explicit
08-05 01:29:20.236 14012 14024 I art     : Explicit concurrent mark sweep GC freed 1341(78KB) AllocSpace objects, 1(20KB) LOS objects, 23% free, 52MB/68MB, paused 256us total 21.120ms
08-05 01:29:20.249 14012 14024 I art     : Starting a blocking GC Explicit
08-05 01:29:20.265 14012 14024 I art     : Explicit concurrent mark sweep GC freed 20(704B) AllocSpace objects, 0(0B) LOS objects, 23% free, 52MB/68MB, paused 262us total 15.015ms
08-05 01:29:20.271 14012 14024 I art     : Starting a blocking GC Explicit
08-05 01:29:20.285 14012 14024 I art     : Explicit concurrent mark sweep GC freed 3(96B) AllocSpace objects, 0(0B) LOS objects, 23% free, 52MB/68MB, paused 223us total 14.287ms
08-05 01:29:20.291 14012 14024 I art     : Starting a blocking GC Explicit
08-05 01:29:20.306 14012 14024 I art     : Explicit concurrent mark sweep GC freed 3(96B) AllocSpace objects, 0(0B) LOS objects, 23% free, 52MB/68MB, paused 225us total 14.707ms
08-05 01:29:20.313 14012 14024 I art     : Starting a blocking GC Explicit
08-05 01:29:20.327 14012 14024 I art     : Explicit concurrent mark sweep GC freed 3(96B) AllocSpace objects, 0(0B) LOS objects, 23% free, 52MB/68MB, paused 224us total 14.565ms
08-05 01:29:20.657 14012 14101 I art     : Starting a blocking GC Explicit
08-05 01:29:20.679 14012 14101 I art     : Explicit concurrent mark sweep GC freed 1341(78KB) AllocSpace objects, 1(20KB) LOS objects, 23% free, 52MB/68MB, paused 285us total 21.541ms
08-05 01:29:20.689 14012 14101 I art     : Starting a blocking GC Explicit
08-05 01:29:20.705 14012 14101 I art     : Explicit concurrent mark sweep GC freed 20(704B) AllocSpace objects, 0(0B) LOS objects, 23% free, 52MB/68MB, paused 234us total 15.338ms
08-05 01:29:20.712 14012 14101 I art     : Starting a blocking GC Explicit
08-05 01:29:20.727 14012 14101 I art     : Explicit concurrent mark sweep GC freed 3(96B) AllocSpace objects, 0(0B) LOS objects, 23% free, 52MB/68MB, paused 262us total 15.251ms
08-05 01:29:20.734 14012 14101 I art     : Starting a blocking GC Explicit
08-05 01:29:20.748 14012 14101 I art     : Explicit concurrent mark sweep GC freed 3(96B) AllocSpace objects, 0(0B) LOS objects, 23% free, 52MB/68MB, paused 228us total 14.330ms
08-05 01:29:20.755 14012 14101 I art     : Starting a blocking GC Explicit
08-05 01:29:20.769 14012 14101 I art     : Explicit concurrent mark sweep GC freed 3(96B) AllocSpace objects, 0(0B) LOS objects, 23% free, 52MB/68MB, paused 232us total 14.596ms
08-05 01:29:21.053 14012 14025 I art     : Starting a blocking GC Explicit
08-05 01:29:21.074 14012 14025 I art     : Explicit concurrent mark sweep GC freed 1341(78KB) AllocSpace objects, 1(20KB) LOS objects, 23% free, 52MB/68MB, paused 268us total 20.580ms
08-05 01:29:21.082 14012 14025 I art     : Starting a blocking GC Explicit
08-05 01:29:21.098 14012 14025 I art     : Explicit concurrent mark sweep GC freed 20(704B) AllocSpace objects, 0(0B) LOS objects, 23% free, 52MB/68MB, paused 240us total 15.412ms
08-05 01:29:21.104 14012 14025 I art     : Starting a blocking GC Explicit
08-05 01:29:21.120 14012 14025 I art     : Explicit concurrent mark sweep GC freed 3(96B) AllocSpace objects, 0(0B) LOS objects, 23% free, 52MB/68MB, paused 232us total 15.308ms
08-05 01:29:21.127 14012 14025 I art     : Starting a blocking GC Explicit
08-05 01:29:21.142 14012 14025 I art     : Explicit concurrent mark sweep GC freed 3(96B) AllocSpace objects, 0(0B) LOS objects, 23% free, 52MB/68MB, paused 232us total 14.831ms
08-05 01:29:21.148 14012 14025 I art     : Starting a blocking GC Explicit
08-05 01:29:21.163 14012 14025 I art     : Explicit concurrent mark sweep GC freed 3(96B) AllocSpace objects, 0(0B) LOS objects, 23% free, 52MB/68MB, paused 226us total 15.084ms
08-05 01:29:21.478 14012 14102 I art     : Starting a blocking GC Explicit
08-05 01:29:21.500 14012 14102 I art     : Explicit concurrent mark sweep GC freed 1341(78KB) AllocSpace objects, 1(20KB) LOS objects, 23% free, 52MB/68MB, paused 281us total 21.671ms
08-05 01:29:21.510 14012 14102 I art     : Starting a blocking GC Explicit
08-05 01:29:21.527 14012 14102 I art     : Explicit concurrent mark sweep GC freed 20(704B) AllocSpace objects, 0(0B) LOS objects, 23% free, 52MB/68MB, paused 305us total 16.094ms
08-05 01:29:21.533 14012 14102 I art     : Starting a blocking GC Explicit
08-05 01:29:21.548 14012 14102 I art     : Explicit concurrent mark sweep GC freed 3(96B) AllocSpace objects, 0(0B) LOS objects, 23% free, 52MB/68MB, paused 224us total 14.602ms
08-05 01:29:21.554 14012 14102 I art     : Starting a blocking GC Explicit
08-05 01:29:21.570 14012 14102 I art     : Explicit concurrent mark sweep GC freed 3(96B) AllocSpace objects, 0(0B) LOS objects, 23% free, 52MB/68MB, paused 225us total 14.908ms
08-05 01:29:21.576 14012 14102 I art     : Starting a blocking GC Explicit
08-05 01:29:21.591 14012 14102 I art     : Explicit concurrent mark sweep GC freed 3(96B) AllocSpace objects, 0(0B) LOS objects, 23% free, 52MB/68MB, paused 223us total 14.512ms
08-05 01:29:21.843 14012 14024 I art     : Starting a blocking GC Explicit
08-05 01:29:21.859 14012 14024 I art     : Explicit concurrent mark sweep GC freed 1341(78KB) AllocSpace objects, 1(20KB) LOS objects, 23% free, 52MB/68MB, paused 249us total 15.480ms
08-05 01:29:21.866 14012 14024 I art     : Starting a blocking GC Explicit
08-05 01:29:21.880 14012 14024 I art     : Explicit concurrent mark sweep GC freed 20(704B) AllocSpace objects, 0(0B) LOS objects, 23% free, 52MB/68MB, paused 222us total 13.853ms
08-05 01:29:21.886 14012 14024 I art     : Starting a blocking GC Explicit
08-05 01:29:21.900 14012 14024 I art     : Explicit concurrent mark sweep GC freed 3(96B) AllocSpace objects, 0(0B) LOS objects, 23% free, 52MB/68MB, paused 230us total 13.660ms
08-05 01:29:21.906 14012 14024 I art     : Starting a blocking GC Explicit
08-05 01:29:21.920 14012 14024 I art     : Explicit concurrent mark sweep GC freed 3(96B) AllocSpace objects, 0(0B) LOS objects, 23% free, 52MB/68MB, paused 222us total 13.743ms
08-05 01:29:21.926 14012 14024 I art     : Starting a blocking GC Explicit
08-05 01:29:21.939 14012 14024 I art     : Explicit concurrent mark sweep GC freed 3(96B) AllocSpace objects, 0(0B) LOS objects, 23% free, 52MB/68MB, paused 227us total 13.073ms
08-05 01:29:22.013 14788 14788 D AndroidRuntime: >>>>>> START com.android.internal.os.RuntimeInit uid 2000 <<<<<<
08-05 01:29:22.018 14788 14788 D AndroidRuntime: CheckJNI is OFF
08-05 01:29:22.050 14788 14788 D ICU     : No timezone override file found: /data/misc/zoneinfo/current/icu/icu_tzdata.dat
08-05 01:29:22.083 14788 14788 I Radio-JNI: register_android_hardware_Radio DONE
08-05 01:29:22.099 14788 14788 D AndroidRuntime: Calling main entry com.android.commands.input.Input
08-05 01:29:22.101 14788 14788 I Input   : injectKeyEvent: KeyEvent { action=ACTION_DOWN, keyCode=KEYCODE_BACK, scanCode=0, metaState=0, flags=0x0, repeatCount=0, eventTime=754178514, downTime=754178514, deviceId=-1, source=0x101 }
08-05 01:29:22.109 14788 14788 I Input   : injectKeyEvent: KeyEvent { action=ACTION_UP, keyCode=KEYCODE_BACK, scanCode=0, metaState=0, flags=0x0, repeatCount=0, eventTime=754178514, downTime=754178514, deviceId=-1, source=0x101 }
08-05 01:29:22.115 14788 14788 D AndroidRuntime: Shutting down VM
08-05 01:29:22.158 13866 13866 I GoogleInputMethodServic: GoogleInputMethodService.onFinishInput():3138 
08-05 01:29:22.159 13866 13866 I GoogleInputMethodServic: GoogleInputMethodService.onStartInput():1808 
08-05 01:29:22.189 14012 14101 I art     : Starting a blocking GC Explicit
08-05 01:29:22.203 14012 14101 I art     : Explicit concurrent mark sweep GC freed 1516(86KB) AllocSpace objects, 1(20KB) LOS objects, 23% free, 52MB/68MB, paused 209us total 14.285ms
08-05 01:29:22.209 14012 14101 I art     : Starting a blocking GC Explicit
08-05 01:29:22.221 14012 14101 I art     : Explicit concurrent mark sweep GC freed 26(944B) AllocSpace objects, 0(0B) LOS objects, 23% free, 52MB/68MB, paused 212us total 12.360ms
08-05 01:29:22.227 14012 14101 I art     : Starting a blocking GC Explicit
08-05 01:29:22.240 14012 14101 I art     : Explicit concurrent mark sweep GC freed 3(96B) AllocSpace objects, 0(0B) LOS objects, 23% free, 52MB/68MB, paused 241us total 12.737ms
08-05 01:29:22.247 14012 14101 I art     : Starting a blocking GC Explicit
08-05 01:29:22.260 14012 14101 I art     : Explicit concurrent mark sweep GC freed 3(96B) AllocSpace objects, 0(0B) LOS objects, 23% free, 52MB/68MB, paused 240us total 13.564ms
08-05 01:29:22.267 14012 14101 I art     : Starting a blocking GC Explicit
08-05 01:29:22.280 14012 14101 I art     : Explicit concurrent mark sweep GC freed 3(96B) AllocSpace objects, 0(0B) LOS objects, 23% free, 52MB/68MB, paused 208us total 13.417ms
08-05 01:29:22.445   380   380 W SurfaceFlinger: couldn't log to binary event log: overflow.
08-05 01:29:22.530 14012 14102 I art     : Starting a blocking GC Explicit
08-05 01:29:22.546 14012 14102 I art     : Explicit concurrent mark sweep GC freed 1452(87KB) AllocSpace objects, 1(20KB) LOS objects, 23% free, 52MB/68MB, paused 255us total 16.318ms
08-05 01:29:22.553 14012 14102 I art     : Starting a blocking GC Explicit
08-05 01:29:22.568 14012 14102 I art     : Explicit concurrent mark sweep GC freed 1672(107KB) AllocSpace objects, 3(400KB) LOS objects, 23% free, 52MB/68MB, paused 242us total 14.965ms
08-05 01:29:22.575 14012 14102 I art     : Starting a blocking GC Explicit
08-05 01:29:22.589 14012 14102 I art     : Explicit concurrent mark sweep GC freed 3(96B) AllocSpace objects, 0(0B) LOS objects, 23% free, 52MB/68MB, paused 239us total 14.627ms
08-05 01:29:22.596 14012 14102 I art     : Starting a blocking GC Explicit
08-05 01:29:22.611 14012 14102 I art     : Explicit concurrent mark sweep GC freed 3(96B) AllocSpace objects, 0(0B) LOS objects, 23% free, 52MB/68MB, paused 232us total 14.398ms
08-05 01:29:22.617 14012 14102 I art     : Starting a blocking GC Explicit
08-05 01:29:22.632 14012 14102 I art     : Explicit concurrent mark sweep GC freed 3(96B) AllocSpace objects, 0(0B) LOS objects, 23% free, 52MB/68MB, paused 270us total 14.513ms
08-05 01:29:22.891 14012 14025 I art     : Starting a blocking GC Explicit
08-05 01:29:22.907 14012 14025 I art     : Explicit concurrent mark sweep GC freed 1341(78KB) AllocSpace objects, 1(20KB) LOS objects, 23% free, 52MB/68MB, paused 263us total 15.703ms
08-05 01:29:22.918 14012 14025 I art     : Starting a blocking GC Explicit
08-05 01:29:22.935 14012 14025 I art     : Explicit concurrent mark sweep GC freed 20(704B) AllocSpace objects, 0(0B) LOS objects, 23% free, 52MB/68MB, paused 247us total 17.536ms
08-05 01:29:22.942 14012 14025 I art     : Starting a blocking GC Explicit
08-05 01:29:22.957 14012 14025 I art     : Explicit concurrent mark sweep GC freed 3(96B) AllocSpace objects, 0(0B) LOS objects, 23% free, 52MB/68MB, paused 270us total 14.746ms
08-05 01:29:22.964 14012 14025 I art     : Starting a blocking GC Explicit
08-05 01:29:22.978 14012 14025 I art     : Explicit concurrent mark sweep GC freed 3(96B) AllocSpace objects, 0(0B) LOS objects, 23% free, 52MB/68MB, paused 235us total 13.683ms
08-05 01:29:22.984 14012 14025 I art     : Starting a blocking GC Explicit
08-05 01:29:22.998 14012 14025 I art     : Explicit concurrent mark sweep GC freed 3(96B) AllocSpace objects, 0(0B) LOS objects, 23% free, 52MB/68MB, paused 224us total 13.606ms
08-05 01:29:23.281 14012 14024 I art     : Starting a blocking GC Explicit
08-05 01:29:23.304 14012 14024 I art     : Explicit concurrent mark sweep GC freed 1340(78KB) AllocSpace objects, 1(20KB) LOS objects, 23% free, 52MB/68MB, paused 247us total 22.584ms
08-05 01:29:23.311 14012 14024 I art     : Starting a blocking GC Explicit
08-05 01:29:23.325 14012 14024 I art     : Explicit concurrent mark sweep GC freed 20(704B) AllocSpace objects, 0(0B) LOS objects, 23% free, 52MB/68MB, paused 230us total 14.738ms
08-05 01:29:23.333 14012 14024 I art     : Starting a blocking GC Explicit
08-05 01:29:23.346 14012 14024 I art     : Explicit concurrent mark sweep GC freed 3(96B) AllocSpace objects, 0(0B) LOS objects, 23% free, 52MB/68MB, paused 205us total 13.186ms
08-05 01:29:23.352 14012 14024 I art     : Starting a blocking GC Explicit
08-05 01:29:23.366 14012 14024 I art     : Explicit concurrent mark sweep GC freed 3(96B) AllocSpace objects, 0(0B) LOS objects, 23% free, 52MB/68MB, paused 218us total 14.084ms
08-05 01:29:23.373 14012 14024 I art     : Starting a blocking GC Explicit
08-05 01:29:23.386 14012 14024 I art     : Explicit concurrent mark sweep GC freed 3(96B) AllocSpace objects, 0(0B) LOS objects, 23% free, 52MB/68MB, paused 228us total 13.172ms
08-05 01:29:23.639 14012 14101 I art     : Starting a blocking GC Explicit
08-05 01:29:23.654 14012 14101 I art     : Explicit concurrent mark sweep GC freed 1340(78KB) AllocSpace objects, 1(20KB) LOS objects, 23% free, 52MB/68MB, paused 249us total 14.762ms
08-05 01:29:23.661 14012 14101 I art     : Starting a blocking GC Explicit
08-05 01:29:23.665 14853 14853 D AndroidRuntime: >>>>>> START com.android.internal.os.RuntimeInit uid 2000 <<<<<<
08-05 01:29:23.669 14853 14853 D AndroidRuntime: CheckJNI is OFF
08-05 01:29:23.676 14012 14101 I art     : Explicit concurrent mark sweep GC freed 20(704B) AllocSpace objects, 0(0B) LOS objects, 23% free, 52MB/68MB, paused 234us total 14.719ms
08-05 01:29:23.682 14012 14101 I art     : Starting a blocking GC Explicit
08-05 01:29:23.696 14012 14101 I art     : Explicit concurrent mark sweep GC freed 3(96B) AllocSpace objects, 0(0B) LOS objects, 23% free, 52MB/68MB, paused 235us total 13.414ms
08-05 01:29:23.697 14853 14853 D ICU     : No timezone override file found: /data/misc/zoneinfo/current/icu/icu_tzdata.dat
08-05 01:29:23.702 14012 14101 I art     : Starting a blocking GC Explicit
08-05 01:29:23.716 14012 14101 I art     : Explicit concurrent mark sweep GC freed 3(96B) AllocSpace objects, 0(0B) LOS objects, 23% free, 52MB/68MB, paused 229us total 13.371ms
08-05 01:29:23.721 14012 14101 I art     : Starting a blocking GC Explicit
08-05 01:29:23.723 14853 14853 I Radio-JNI: register_android_hardware_Radio DONE
08-05 01:29:23.734 14012 14101 I art     : Explicit concurrent mark sweep GC freed 3(96B) AllocSpace objects, 0(0B) LOS objects, 23% free, 52MB/68MB, paused 222us total 12.756ms
08-05 01:29:23.739 14853 14853 D AndroidRuntime: Calling main entry com.android.commands.input.Input
08-05 01:29:23.740 14853 14853 I Input   : injectMotionEvent: MotionEvent { action=ACTION_DOWN, actionButton=0, id[0]=0, x[0]=733.0, y[0]=1370.0, toolType[0]=TOOL_TYPE_UNKNOWN, buttonState=0, metaState=0, flags=0x0, edgeFlags=0x0, pointerCount=1, historySize=0, eventTime=754180153, downTime=754180153, deviceId=0, source=0x1002 }
08-05 01:29:23.746   918  3188 I hubconnection: sensorhub said: 'set_bias 3: -6.2400, 0.0000, 0.0000'
08-05 01:29:23.746 14853 14853 I Input   : injectMotionEvent: MotionEvent { action=ACTION_UP, actionButton=0, id[0]=0, x[0]=733.0, y[0]=1370.0, toolType[0]=TOOL_TYPE_UNKNOWN, buttonState=0, metaState=0, flags=0x0, edgeFlags=0x0, pointerCount=1, historySize=0, eventTime=754180153, downTime=754180153, deviceId=0, source=0x1002 }
08-05 01:29:23.748   918  4413 I ActivityManager: START u0 {cmp=baseline.appteam.nith.hillffair/.activities.ClubActivity (has extras)} from uid 10675 on display 0
08-05 01:29:23.764 14853 14853 D AndroidRuntime: Shutting down VM
08-05 01:29:23.834 13866 13866 I GoogleInputMethodServic: GoogleInputMethodService.onFinishInput():3138 
08-05 01:29:23.835   918   936 I ActivityManager: Displayed baseline.appteam.nith.hillffair/.activities.ClubActivity: +79ms
08-05 01:29:23.836 13866 13866 I GoogleInputMethodServic: GoogleInputMethodService.onStartInput():1808 
08-05 01:29:23.960 14012 14025 I art     : Starting a blocking GC Explicit
08-05 01:29:23.983 14012 14025 I art     : Explicit concurrent mark sweep GC freed 4970(289KB) AllocSpace objects, 1(20KB) LOS objects, 23% free, 52MB/68MB, paused 494us total 23.235ms
08-05 01:29:23.994 14012 14025 I art     : Starting a blocking GC Explicit
08-05 01:29:24.012 14012 14025 I art     : Explicit concurrent mark sweep GC freed 212(9KB) AllocSpace objects, 0(0B) LOS objects, 23% free, 52MB/68MB, paused 338us total 17.146ms
08-05 01:29:24.020 14012 14025 I art     : Starting a blocking GC Explicit
08-05 01:29:24.038 14012 14025 I art     : Explicit concurrent mark sweep GC freed 3(96B) AllocSpace objects, 0(0B) LOS objects, 23% free, 52MB/68MB, paused 599us total 17.462ms
08-05 01:29:24.045 14012 14025 I art     : Starting a blocking GC Explicit
08-05 01:29:24.064 14012 14025 I art     : Explicit concurrent mark sweep GC freed 3(96B) AllocSpace objects, 0(0B) LOS objects, 23% free, 52MB/68MB, paused 445us total 19.270ms
08-05 01:29:24.074 14012 14025 I art     : Starting a blocking GC Explicit
08-05 01:29:24.081   380   380 W SurfaceFlinger: couldn't log to binary event log: overflow.
08-05 01:29:24.092 14012 14025 I art     : Explicit concurrent mark sweep GC freed 3(96B) AllocSpace objects, 0(0B) LOS objects, 23% free, 52MB/68MB, paused 296us total 17.677ms
08-05 01:29:24.370 14012 14102 I art     : Starting a blocking GC Explicit
08-05 01:29:24.388 14012 14102 I art     : Explicit concurrent mark sweep GC freed 1474(85KB) AllocSpace objects, 1(20KB) LOS objects, 23% free, 52MB/68MB, paused 299us total 17.940ms
08-05 01:29:24.395 14012 14102 I art     : Starting a blocking GC Explicit
08-05 01:29:24.411 14012 14102 I art     : Explicit concurrent mark sweep GC freed 47(1600B) AllocSpace objects, 0(0B) LOS objects, 23% free, 52MB/68MB, paused 260us total 15.507ms
08-05 01:29:24.417 14012 14102 I art     : Starting a blocking GC Explicit
08-05 01:29:24.430 14012 14102 I art     : Explicit concurrent mark sweep GC freed 8(288B) AllocSpace objects, 0(0B) LOS objects, 23% free, 52MB/68MB, paused 254us total 13.589ms
08-05 01:29:24.436 14012 14102 I art     : Starting a blocking GC Explicit
08-05 01:29:24.451 14012 14102 I art     : Explicit concurrent mark sweep GC freed 10(368B) AllocSpace objects, 0(0B) LOS objects, 23% free, 52MB/68MB, paused 254us total 14.148ms
08-05 01:29:24.457 14012 14102 I art     : Starting a blocking GC Explicit
08-05 01:29:24.471 14012 14102 I art     : Explicit concurrent mark sweep GC freed 9(336B) AllocSpace objects, 0(0B) LOS objects, 23% free, 52MB/68MB, paused 274us total 14.087ms
08-05 01:29:24.701 14012 14878 D OkHttp  : --> GET https://api-hillfair-2k16.herokuapp.com/api/app/events/special/event?id=580655cddcba0f490c70fdd0 http/1.1
08-05 01:29:24.736   518   646 I ThermalEngine: ACTION: GPU - Setting GPU[0] to 510000000
08-05 01:29:24.740 14012 14878 D OkHttp  : <-- 200 OK https://api-hillfair-2k16.herokuapp.com/api/app/events/special/event?id=580655cddcba0f490c70fdd0 (38ms, 721-byte body)
08-05 01:29:24.758 14012 14102 I art     : Starting a blocking GC Explicit
08-05 01:29:24.780 14012 14102 I art     : Explicit concurrent mark sweep GC freed 4202(251KB) AllocSpace objects, 4(220KB) LOS objects, 23% free, 52MB/68MB, paused 359us total 21.317ms
08-05 01:29:24.785 14012 14012 I NAPPA_EXPERIMENTATION: MetricNetworkRequestExecutionTime: REQUEST_DURATION_SYSTEM='1008',REQUEST_DURATION_OKHTTP='39',REQUEST_SYNCHRONOUS='FALSE',RESPONSE_CODE='200',RESPONSE_METHOD='GET',RESPONSE_LENGTH_OKHTTP='721',RESPONSE_LENGTH_HEADER='721',REQUEST_PROTOCOL='http/1.1',REQUEST_URL='https://api-hillfair-2k16.herokuapp.com/api/app/events/special/event?id=580655cddcba0f490c70fdd0',
08-05 01:29:24.788 14012 14102 I art     : Starting a blocking GC Explicit
08-05 01:29:24.807 14012 14102 I art     : Explicit concurrent mark sweep GC freed 1582(185KB) AllocSpace objects, 0(0B) LOS objects, 23% free, 52MB/68MB, paused 558us total 18.759ms
08-05 01:29:24.815 14012 14102 I art     : Starting a blocking GC Explicit
08-05 01:29:24.833 14012 14102 I art     : Explicit concurrent mark sweep GC freed 67(14KB) AllocSpace objects, 0(0B) LOS objects, 23% free, 52MB/68MB, paused 539us total 18.416ms
08-05 01:29:24.841 14012 14102 I art     : Starting a blocking GC Explicit
08-05 01:29:24.858 14012 14102 I art     : Explicit concurrent mark sweep GC freed 20(8KB) AllocSpace objects, 0(0B) LOS objects, 23% free, 52MB/68MB, paused 291us total 16.252ms
08-05 01:29:24.866 14012 14102 I art     : Starting a blocking GC Explicit
08-05 01:29:24.884 14012 14102 I art     : Explicit concurrent mark sweep GC freed 6(192B) AllocSpace objects, 0(0B) LOS objects, 23% free, 52MB/68MB, paused 319us total 17.613ms
08-05 01:29:25.173 14012 14024 I art     : Starting a blocking GC Explicit
08-05 01:29:25.193 14012 14024 I art     : Explicit concurrent mark sweep GC freed 1341(78KB) AllocSpace objects, 1(20KB) LOS objects, 23% free, 52MB/68MB, paused 358us total 19.988ms
08-05 01:29:25.201 14012 14024 I art     : Starting a blocking GC Explicit
08-05 01:29:25.221 14012 14024 I art     : Explicit concurrent mark sweep GC freed 36(1264B) AllocSpace objects, 0(0B) LOS objects, 23% free, 52MB/68MB, paused 342us total 18.870ms
08-05 01:29:25.229 14012 14024 I art     : Starting a blocking GC Explicit
08-05 01:29:25.248 14012 14024 I art     : Explicit concurrent mark sweep GC freed 3(96B) AllocSpace objects, 0(0B) LOS objects, 23% free, 52MB/68MB, paused 324us total 18.837ms
08-05 01:29:25.248 14012 14022 I art     : WaitForGcToComplete blocked for 12.215ms for cause HeapTrim
08-05 01:29:25.256 14012 14024 I art     : Starting a blocking GC Explicit
08-05 01:29:25.276 14012 14024 I art     : Explicit concurrent mark sweep GC freed 3(96B) AllocSpace objects, 0(0B) LOS objects, 23% free, 52MB/68MB, paused 335us total 19.077ms
08-05 01:29:25.284 14012 14024 I art     : Starting a blocking GC Explicit
08-05 01:29:25.304 14012 14024 I art     : Explicit concurrent mark sweep GC freed 3(96B) AllocSpace objects, 0(0B) LOS objects, 23% free, 52MB/68MB, paused 332us total 19.924ms
08-05 01:29:25.624 14012 14102 I art     : Starting a blocking GC Explicit
08-05 01:29:25.648 14012 14102 I art     : Explicit concurrent mark sweep GC freed 1341(78KB) AllocSpace objects, 1(20KB) LOS objects, 23% free, 52MB/68MB, paused 356us total 23.669ms
08-05 01:29:25.660 14012 14102 I art     : Starting a blocking GC Explicit
08-05 01:29:25.680 14012 14102 I art     : Explicit concurrent mark sweep GC freed 20(704B) AllocSpace objects, 0(0B) LOS objects, 23% free, 52MB/68MB, paused 327us total 20.468ms
08-05 01:29:25.689 14012 14102 I art     : Starting a blocking GC Explicit
08-05 01:29:25.709 14012 14102 I art     : Explicit concurrent mark sweep GC freed 3(96B) AllocSpace objects, 0(0B) LOS objects, 23% free, 52MB/68MB, paused 326us total 19.434ms
08-05 01:29:25.717 14012 14102 I art     : Starting a blocking GC Explicit
08-05 01:29:25.736 14012 14102 I art     : Explicit concurrent mark sweep GC freed 3(96B) AllocSpace objects, 0(0B) LOS objects, 23% free, 52MB/68MB, paused 323us total 18.822ms
08-05 01:29:25.745 14012 14102 I art     : Starting a blocking GC Explicit
08-05 01:29:25.764 14012 14102 I art     : Explicit concurrent mark sweep GC freed 3(96B) AllocSpace objects, 0(0B) LOS objects, 23% free, 52MB/68MB, paused 333us total 19.005ms
08-05 01:29:26.088 14012 14101 I art     : Starting a blocking GC Explicit
08-05 01:29:26.112 14012 14101 I art     : Explicit concurrent mark sweep GC freed 1341(78KB) AllocSpace objects, 1(20KB) LOS objects, 23% free, 52MB/68MB, paused 367us total 23.870ms
08-05 01:29:26.123 14012 14101 I art     : Starting a blocking GC Explicit
08-05 01:29:26.143 14012 14101 I art     : Explicit concurrent mark sweep GC freed 20(704B) AllocSpace objects, 0(0B) LOS objects, 23% free, 52MB/68MB, paused 328us total 19.617ms
08-05 01:29:26.152 14012 14101 I art     : Starting a blocking GC Explicit
08-05 01:29:26.172 14012 14101 I art     : Explicit concurrent mark sweep GC freed 3(96B) AllocSpace objects, 0(0B) LOS objects, 23% free, 52MB/68MB, paused 335us total 19.541ms
08-05 01:29:26.180 14012 14101 I art     : Starting a blocking GC Explicit
08-05 01:29:26.199 14012 14101 I art     : Explicit concurrent mark sweep GC freed 3(96B) AllocSpace objects, 0(0B) LOS objects, 23% free, 52MB/68MB, paused 329us total 19.081ms
08-05 01:29:26.208 14012 14101 I art     : Starting a blocking GC Explicit
08-05 01:29:26.228 14012 14101 I art     : Explicit concurrent mark sweep GC freed 3(96B) AllocSpace objects, 0(0B) LOS objects, 23% free, 52MB/68MB, paused 351us total 18.958ms
08-05 01:29:26.554 14012 14025 I art     : Starting a blocking GC Explicit
08-05 01:29:26.580 14012 14025 I art     : Explicit concurrent mark sweep GC freed 1341(78KB) AllocSpace objects, 1(20KB) LOS objects, 23% free, 52MB/68MB, paused 432us total 25.512ms
08-05 01:29:26.591 14012 14025 I art     : Starting a blocking GC Explicit
08-05 01:29:26.611 14012 14025 I art     : Explicit concurrent mark sweep GC freed 20(704B) AllocSpace objects, 0(0B) LOS objects, 23% free, 52MB/68MB, paused 331us total 19.394ms
08-05 01:29:26.619 14012 14025 I art     : Starting a blocking GC Explicit
08-05 01:29:26.639 14012 14025 I art     : Explicit concurrent mark sweep GC freed 3(96B) AllocSpace objects, 0(0B) LOS objects, 23% free, 52MB/68MB, paused 332us total 19.460ms
08-05 01:29:26.648 14012 14025 I art     : Starting a blocking GC Explicit
08-05 01:29:26.667 14012 14025 I art     : Explicit concurrent mark sweep GC freed 3(96B) AllocSpace objects, 0(0B) LOS objects, 23% free, 52MB/68MB, paused 360us total 19.430ms
08-05 01:29:26.676 14012 14025 I art     : Starting a blocking GC Explicit
08-05 01:29:26.695 14012 14025 I art     : Explicit concurrent mark sweep GC freed 3(96B) AllocSpace objects, 0(0B) LOS objects, 23% free, 52MB/68MB, paused 336us total 18.996ms
08-05 01:29:26.999 14012 14024 I art     : Starting a blocking GC Explicit
08-05 01:29:27.027 14012 14024 I art     : Explicit concurrent mark sweep GC freed 1341(78KB) AllocSpace objects, 1(20KB) LOS objects, 23% free, 52MB/68MB, paused 374us total 27.319ms
08-05 01:29:27.038 14012 14024 I art     : Starting a blocking GC Explicit
08-05 01:29:27.058 14012 14024 I art     : Explicit concurrent mark sweep GC freed 20(704B) AllocSpace objects, 0(0B) LOS objects, 23% free, 52MB/68MB, paused 325us total 19.507ms
08-05 01:29:27.066 14012 14024 I art     : Starting a blocking GC Explicit
08-05 01:29:27.086 14012 14024 I art     : Explicit concurrent mark sweep GC freed 3(96B) AllocSpace objects, 0(0B) LOS objects, 23% free, 52MB/68MB, paused 333us total 19.118ms
08-05 01:29:27.094 14012 14024 I art     : Starting a blocking GC Explicit
08-05 01:29:27.114 14012 14024 I art     : Explicit concurrent mark sweep GC freed 3(96B) AllocSpace objects, 0(0B) LOS objects, 23% free, 52MB/68MB, paused 378us total 19.587ms
08-05 01:29:27.123 14012 14024 I art     : Starting a blocking GC Explicit
08-05 01:29:27.142 14012 14024 I art     : Explicit concurrent mark sweep GC freed 3(96B) AllocSpace objects, 0(0B) LOS objects, 23% free, 52MB/68MB, paused 345us total 18.937ms
08-05 01:29:27.465 14012 14102 I art     : Starting a blocking GC Explicit
08-05 01:29:27.492 14012 14102 I art     : Explicit concurrent mark sweep GC freed 1341(78KB) AllocSpace objects, 1(20KB) LOS objects, 23% free, 52MB/68MB, paused 374us total 25.896ms
08-05 01:29:27.503 14012 14102 I art     : Starting a blocking GC Explicit
08-05 01:29:27.525 14012 14102 I art     : Explicit concurrent mark sweep GC freed 20(704B) AllocSpace objects, 0(0B) LOS objects, 23% free, 52MB/68MB, paused 340us total 21.071ms
08-05 01:29:27.533 14012 14102 I art     : Starting a blocking GC Explicit
08-05 01:29:27.553 14012 14102 I art     : Explicit concurrent mark sweep GC freed 3(96B) AllocSpace objects, 0(0B) LOS objects, 23% free, 52MB/68MB, paused 333us total 19.670ms
08-05 01:29:27.562 14012 14102 I art     : Starting a blocking GC Explicit
08-05 01:29:27.581 14012 14102 I art     : Explicit concurrent mark sweep GC freed 3(96B) AllocSpace objects, 0(0B) LOS objects, 23% free, 52MB/68MB, paused 321us total 19.035ms
08-05 01:29:27.590 14012 14102 I art     : Starting a blocking GC Explicit
08-05 01:29:27.609 14012 14102 I art     : Explicit concurrent mark sweep GC freed 3(96B) AllocSpace objects, 0(0B) LOS objects, 23% free, 52MB/68MB, paused 337us total 18.877ms
08-05 01:29:27.925 14012 14101 I art     : Starting a blocking GC Explicit
08-05 01:29:27.945 14012 14101 I art     : Explicit concurrent mark sweep GC freed 1341(78KB) AllocSpace objects, 1(20KB) LOS objects, 23% free, 52MB/68MB, paused 346us total 20.196ms
08-05 01:29:27.956 14012 14101 I art     : Starting a blocking GC Explicit
08-05 01:29:27.979 14012 14101 I art     : Explicit concurrent mark sweep GC freed 20(704B) AllocSpace objects, 0(0B) LOS objects, 23% free, 52MB/68MB, paused 343us total 22.776ms
08-05 01:29:27.987 14012 14101 I art     : Starting a blocking GC Explicit
08-05 01:29:28.007 14012 14101 I art     : Explicit concurrent mark sweep GC freed 3(96B) AllocSpace objects, 0(0B) LOS objects, 23% free, 52MB/68MB, paused 324us total 18.914ms
08-05 01:29:28.015 14012 14101 I art     : Starting a blocking GC Explicit
08-05 01:29:28.033 14012 14101 I art     : Explicit concurrent mark sweep GC freed 3(96B) AllocSpace objects, 0(0B) LOS objects, 23% free, 52MB/68MB, paused 307us total 17.808ms
08-05 01:29:28.042 14012 14101 I art     : Starting a blocking GC Explicit
08-05 01:29:28.059 14012 14101 I art     : Explicit concurrent mark sweep GC freed 3(96B) AllocSpace objects, 0(0B) LOS objects, 23% free, 52MB/68MB, paused 307us total 17.654ms
08-05 01:29:28.356 14012 14025 I art     : Starting a blocking GC Explicit
08-05 01:29:28.380 14012 14025 I art     : Explicit concurrent mark sweep GC freed 1341(78KB) AllocSpace objects, 1(20KB) LOS objects, 23% free, 52MB/68MB, paused 385us total 23.226ms
08-05 01:29:28.390 14012 14025 I art     : Starting a blocking GC Explicit
08-05 01:29:28.409 14012 14025 I art     : Explicit concurrent mark sweep GC freed 20(704B) AllocSpace objects, 0(0B) LOS objects, 23% free, 52MB/68MB, paused 340us total 18.835ms
08-05 01:29:28.417 14012 14025 I art     : Starting a blocking GC Explicit
08-05 01:29:28.435 14012 14025 I art     : Explicit concurrent mark sweep GC freed 3(96B) AllocSpace objects, 0(0B) LOS objects, 23% free, 52MB/68MB, paused 336us total 17.748ms
08-05 01:29:28.443 14012 14025 I art     : Starting a blocking GC Explicit
08-05 01:29:28.450 14982 14982 D AndroidRuntime: >>>>>> START com.android.internal.os.RuntimeInit uid 2000 <<<<<<
08-05 01:29:28.455 14982 14982 D AndroidRuntime: CheckJNI is OFF
08-05 01:29:28.462 14012 14025 I art     : Explicit concurrent mark sweep GC freed 3(96B) AllocSpace objects, 0(0B) LOS objects, 23% free, 52MB/68MB, paused 325us total 18.099ms
08-05 01:29:28.470 14012 14025 I art     : Starting a blocking GC Explicit
08-05 01:29:28.487 14012 14025 I art     : Explicit concurrent mark sweep GC freed 3(96B) AllocSpace objects, 0(0B) LOS objects, 23% free, 52MB/68MB, paused 386us total 17.482ms
08-05 01:29:28.489 14982 14982 D ICU     : No timezone override file found: /data/misc/zoneinfo/current/icu/icu_tzdata.dat
08-05 01:29:28.522 14982 14982 I Radio-JNI: register_android_hardware_Radio DONE
08-05 01:29:28.543 14982 14982 D AndroidRuntime: Calling main entry com.android.commands.input.Input
08-05 01:29:28.544 14982 14982 I Input   : injectKeyEvent: KeyEvent { action=ACTION_DOWN, keyCode=KEYCODE_BACK, scanCode=0, metaState=0, flags=0x0, repeatCount=0, eventTime=754184957, downTime=754184957, deviceId=-1, source=0x101 }
08-05 01:29:28.550 14982 14982 I Input   : injectKeyEvent: KeyEvent { action=ACTION_UP, keyCode=KEYCODE_BACK, scanCode=0, metaState=0, flags=0x0, repeatCount=0, eventTime=754184957, downTime=754184957, deviceId=-1, source=0x101 }
08-05 01:29:28.556 14982 14982 D AndroidRuntime: Shutting down VM
08-05 01:29:28.598 13866 13866 I GoogleInputMethodServic: GoogleInputMethodService.onFinishInput():3138 
08-05 01:29:28.599 13866 13866 I GoogleInputMethodServic: GoogleInputMethodService.onStartInput():1808 
08-05 01:29:28.723 14012 14024 I art     : Starting a blocking GC Explicit
08-05 01:29:28.747 14012 14024 I art     : Explicit concurrent mark sweep GC freed 1511(85KB) AllocSpace objects, 1(20KB) LOS objects, 23% free, 52MB/68MB, paused 303us total 22.799ms
08-05 01:29:28.755 14012 14024 I art     : Starting a blocking GC Explicit
08-05 01:29:28.779 14012 14024 I art     : Explicit concurrent mark sweep GC freed 26(944B) AllocSpace objects, 0(0B) LOS objects, 23% free, 52MB/68MB, paused 486us total 23.760ms
08-05 01:29:28.788 14012 14024 I art     : Starting a blocking GC Explicit
08-05 01:29:28.813 14012 14024 I art     : Explicit concurrent mark sweep GC freed 3(96B) AllocSpace objects, 0(0B) LOS objects, 23% free, 52MB/68MB, paused 340us total 24.529ms
08-05 01:29:28.822 14012 14024 I art     : Starting a blocking GC Explicit
08-05 01:29:28.846 14012 14024 I art     : Explicit concurrent mark sweep GC freed 3(96B) AllocSpace objects, 0(0B) LOS objects, 23% free, 52MB/68MB, paused 387us total 23.848ms
08-05 01:29:28.855 14012 14024 I art     : Starting a blocking GC Explicit
08-05 01:29:28.876 14012 14024 I art     : Explicit concurrent mark sweep GC freed 3(96B) AllocSpace objects, 0(0B) LOS objects, 23% free, 52MB/68MB, paused 328us total 20.894ms
08-05 01:29:28.886   380   380 W SurfaceFlinger: couldn't log to binary event log: overflow.
08-05 01:29:29.148 14012 14101 I art     : Starting a blocking GC Explicit
08-05 01:29:29.175 14012 14101 I art     : Explicit concurrent mark sweep GC freed 1450(87KB) AllocSpace objects, 1(20KB) LOS objects, 23% free, 52MB/68MB, paused 415us total 26.438ms
08-05 01:29:29.188 14012 14101 I art     : Starting a blocking GC Explicit
08-05 01:29:29.208 14012 14101 I art     : Explicit concurrent mark sweep GC freed 1672(106KB) AllocSpace objects, 3(400KB) LOS objects, 23% free, 52MB/68MB, paused 389us total 19.604ms
08-05 01:29:29.217 14012 14101 I art     : Starting a blocking GC Explicit
08-05 01:29:29.235 14012 14101 I art     : Explicit concurrent mark sweep GC freed 3(96B) AllocSpace objects, 0(0B) LOS objects, 23% free, 52MB/68MB, paused 337us total 18.403ms
08-05 01:29:29.244 14012 14101 I art     : Starting a blocking GC Explicit
08-05 01:29:29.262 14012 14101 I art     : Explicit concurrent mark sweep GC freed 3(96B) AllocSpace objects, 0(0B) LOS objects, 23% free, 52MB/68MB, paused 338us total 18.590ms
08-05 01:29:29.271 14012 14101 I art     : Starting a blocking GC Explicit
08-05 01:29:29.290 14012 14101 I art     : Explicit concurrent mark sweep GC freed 3(96B) AllocSpace objects, 0(0B) LOS objects, 23% free, 52MB/68MB, paused 398us total 18.834ms
08-05 01:29:29.575 14012 14025 I art     : Starting a blocking GC Explicit
08-05 01:29:29.599 14012 14025 I art     : Explicit concurrent mark sweep GC freed 1342(78KB) AllocSpace objects, 1(20KB) LOS objects, 23% free, 52MB/68MB, paused 384us total 23.363ms
08-05 01:29:29.609 14012 14025 I art     : Starting a blocking GC Explicit
08-05 01:29:29.628 14012 14025 I art     : Explicit concurrent mark sweep GC freed 20(704B) AllocSpace objects, 0(0B) LOS objects, 23% free, 52MB/68MB, paused 346us total 18.914ms
08-05 01:29:29.637 14012 14025 I art     : Starting a blocking GC Explicit
08-05 01:29:29.656 14012 14025 I art     : Explicit concurrent mark sweep GC freed 3(96B) AllocSpace objects, 0(0B) LOS objects, 23% free, 52MB/68MB, paused 374us total 18.766ms
08-05 01:29:29.664 14012 14025 I art     : Starting a blocking GC Explicit
08-05 01:29:29.683 14012 14025 I art     : Explicit concurrent mark sweep GC freed 3(96B) AllocSpace objects, 0(0B) LOS objects, 23% free, 52MB/68MB, paused 336us total 18.902ms
08-05 01:29:29.692 14012 14025 I art     : Starting a blocking GC Explicit
08-05 01:29:29.711 14012 14025 I art     : Explicit concurrent mark sweep GC freed 3(96B) AllocSpace objects, 0(0B) LOS objects, 23% free, 52MB/68MB, paused 325us total 18.598ms
08-05 01:29:29.962 14012 15015 I art     : Starting a blocking GC Explicit
08-05 01:29:29.981 14012 15015 I art     : Explicit concurrent mark sweep GC freed 1340(78KB) AllocSpace objects, 1(20KB) LOS objects, 23% free, 52MB/68MB, paused 346us total 18.392ms
08-05 01:29:29.989 14012 15015 I art     : Starting a blocking GC Explicit
08-05 01:29:30.007 14012 15015 I art     : Explicit concurrent mark sweep GC freed 20(704B) AllocSpace objects, 0(0B) LOS objects, 23% free, 52MB/68MB, paused 359us total 18.085ms
08-05 01:29:30.015 14012 15015 I art     : Starting a blocking GC Explicit
08-05 01:29:30.032 14012 15015 I art     : Explicit concurrent mark sweep GC freed 3(96B) AllocSpace objects, 0(0B) LOS objects, 23% free, 52MB/68MB, paused 329us total 17.030ms
08-05 01:29:30.040 14012 15015 I art     : Starting a blocking GC Explicit
08-05 01:29:30.058 14012 15015 I art     : Explicit concurrent mark sweep GC freed 3(96B) AllocSpace objects, 0(0B) LOS objects, 23% free, 52MB/68MB, paused 326us total 17.778ms
08-05 01:29:30.066 14012 15015 I art     : Starting a blocking GC Explicit
08-05 01:29:30.084 14012 15015 I art     : Explicit concurrent mark sweep GC freed 3(96B) AllocSpace objects, 0(0B) LOS objects, 23% free, 52MB/68MB, paused 347us total 17.784ms
08-05 01:29:30.222 15036 15036 D AndroidRuntime: >>>>>> START com.android.internal.os.RuntimeInit uid 2000 <<<<<<
08-05 01:29:30.228 15036 15036 D AndroidRuntime: CheckJNI is OFF
08-05 01:29:30.261 15036 15036 D ICU     : No timezone override file found: /data/misc/zoneinfo/current/icu/icu_tzdata.dat
08-05 01:29:30.293 15036 15036 I Radio-JNI: register_android_hardware_Radio DONE
08-05 01:29:30.315 15036 15036 D AndroidRuntime: Calling main entry com.android.commands.input.Input
08-05 01:29:30.317 15036 15036 I Input   : injectMotionEvent: MotionEvent { action=ACTION_DOWN, actionButton=0, id[0]=0, x[0]=733.0, y[0]=1957.0, toolType[0]=TOOL_TYPE_UNKNOWN, buttonState=0, metaState=0, flags=0x0, edgeFlags=0x0, pointerCount=1, historySize=0, eventTime=754186729, downTime=754186729, deviceId=0, source=0x1002 }
08-05 01:29:30.323 15036 15036 I Input   : injectMotionEvent: MotionEvent { action=ACTION_UP, actionButton=0, id[0]=0, x[0]=733.0, y[0]=1957.0, toolType[0]=TOOL_TYPE_UNKNOWN, buttonState=0, metaState=0, flags=0x0, edgeFlags=0x0, pointerCount=1, historySize=0, eventTime=754186729, downTime=754186729, deviceId=0, source=0x1002 }
08-05 01:29:30.325   918  5481 I ActivityManager: START u0 {cmp=baseline.appteam.nith.hillffair/.activities.ClubActivity (has extras)} from uid 10675 on display 0
08-05 01:29:30.339 15036 15036 D AndroidRuntime: Shutting down VM
08-05 01:29:30.393 14012 14024 I art     : Starting a blocking GC Explicit
08-05 01:29:30.411 14012 14024 I art     : Explicit concurrent mark sweep GC freed 4834(285KB) AllocSpace objects, 1(20KB) LOS objects, 23% free, 52MB/68MB, paused 512us total 17.843ms
08-05 01:29:30.422 14012 14024 I art     : Starting a blocking GC Explicit
08-05 01:29:30.427 13866 13866 I GoogleInputMethodServic: GoogleInputMethodService.onFinishInput():3138 
08-05 01:29:30.427   918   936 I ActivityManager: Displayed baseline.appteam.nith.hillffair/.activities.ClubActivity: +91ms
08-05 01:29:30.427 13866 13866 I GoogleInputMethodServic: GoogleInputMethodService.onStartInput():1808 
08-05 01:29:30.441 14012 14024 I art     : Explicit concurrent mark sweep GC freed 398(19KB) AllocSpace objects, 0(0B) LOS objects, 23% free, 52MB/68MB, paused 549us total 19.272ms
08-05 01:29:30.451 14012 14024 I art     : Starting a blocking GC Explicit
08-05 01:29:30.468 14012 14024 I art     : Explicit concurrent mark sweep GC freed 22(800B) AllocSpace objects, 0(0B) LOS objects, 23% free, 52MB/68MB, paused 349us total 17.078ms
08-05 01:29:30.475 14012 14024 I art     : Starting a blocking GC Explicit
08-05 01:29:30.492 14012 14024 I art     : Explicit concurrent mark sweep GC freed 3(96B) AllocSpace objects, 0(0B) LOS objects, 23% free, 52MB/68MB, paused 355us total 16.614ms
08-05 01:29:30.500 14012 14024 I art     : Starting a blocking GC Explicit
08-05 01:29:30.516 14012 14024 I art     : Explicit concurrent mark sweep GC freed 3(96B) AllocSpace objects, 0(0B) LOS objects, 23% free, 52MB/68MB, paused 340us total 16.592ms
08-05 01:29:30.657   380   380 W SurfaceFlinger: couldn't log to binary event log: overflow.
08-05 01:29:30.760 14012 14102 I art     : Starting a blocking GC Explicit
08-05 01:29:30.778 14012 14102 I art     : Explicit concurrent mark sweep GC freed 1380(80KB) AllocSpace objects, 1(20KB) LOS objects, 23% free, 52MB/68MB, paused 430us total 17.075ms
08-05 01:29:30.785 14012 14102 I art     : Starting a blocking GC Explicit
08-05 01:29:30.804 14012 14102 I art     : Explicit concurrent mark sweep GC freed 118(6KB) AllocSpace objects, 0(0B) LOS objects, 23% free, 52MB/68MB, paused 388us total 18.439ms
08-05 01:29:30.812 14012 14102 I art     : Starting a blocking GC Explicit
08-05 01:29:30.829 14012 14102 I art     : Explicit concurrent mark sweep GC freed 12(448B) AllocSpace objects, 0(0B) LOS objects, 23% free, 52MB/68MB, paused 337us total 16.266ms
08-05 01:29:30.836 14012 14102 I art     : Starting a blocking GC Explicit
08-05 01:29:30.853 14012 14102 I art     : Explicit concurrent mark sweep GC freed 10(352B) AllocSpace objects, 0(0B) LOS objects, 23% free, 52MB/68MB, paused 372us total 16.957ms
08-05 01:29:30.861 14012 14102 I art     : Starting a blocking GC Explicit
08-05 01:29:30.878 14012 14102 I art     : Explicit concurrent mark sweep GC freed 11(416B) AllocSpace objects, 0(0B) LOS objects, 23% free, 52MB/68MB, paused 373us total 17.428ms
08-05 01:29:31.146 14012 15015 I art     : Starting a blocking GC Explicit
08-05 01:29:31.149 14012 15073 D OkHttp  : --> GET https://api-hillfair-2k16.herokuapp.com/api/app/events/special/event?id=58065620dcba0f490c70fe09 http/1.1
08-05 01:29:31.166 14012 15015 I art     : Explicit concurrent mark sweep GC freed 3997(214KB) AllocSpace objects, 4(220KB) LOS objects, 23% free, 52MB/68MB, paused 413us total 20.161ms
08-05 01:29:31.174 14012 15015 I art     : Starting a blocking GC Explicit
08-05 01:29:31.187 14012 15073 D OkHttp  : <-- 200 OK https://api-hillfair-2k16.herokuapp.com/api/app/events/special/event?id=58065620dcba0f490c70fe09 (37ms, 682-byte body)
08-05 01:29:31.193 14012 15015 I art     : Explicit concurrent mark sweep GC freed 1158(153KB) AllocSpace objects, 0(0B) LOS objects, 23% free, 52MB/68MB, paused 367us total 18.540ms
08-05 01:29:31.201 14012 15015 I art     : Starting a blocking GC Explicit
08-05 01:29:31.219 14012 15015 I art     : Explicit concurrent mark sweep GC freed 66(2800B) AllocSpace objects, 0(0B) LOS objects, 23% free, 52MB/68MB, paused 379us total 17.820ms
08-05 01:29:31.228 14012 15015 I art     : Starting a blocking GC Explicit
08-05 01:29:31.240 14012 14012 I NAPPA_EXPERIMENTATION: MetricNetworkRequestExecutionTime: REQUEST_DURATION_SYSTEM='870',REQUEST_DURATION_OKHTTP='38',REQUEST_SYNCHRONOUS='FALSE',RESPONSE_CODE='200',RESPONSE_METHOD='GET',RESPONSE_LENGTH_OKHTTP='682',RESPONSE_LENGTH_HEADER='682',REQUEST_PROTOCOL='http/1.1',REQUEST_URL='https://api-hillfair-2k16.herokuapp.com/api/app/events/special/event?id=58065620dcba0f490c70fe09',
08-05 01:29:31.246 14012 15015 I art     : Explicit concurrent mark sweep GC freed 207(19KB) AllocSpace objects, 0(0B) LOS objects, 23% free, 52MB/68MB, paused 383us total 17.741ms
08-05 01:29:31.253 14012 15015 I art     : Starting a blocking GC Explicit
08-05 01:29:31.270 14012 15015 I art     : Explicit concurrent mark sweep GC freed 410(48KB) AllocSpace objects, 0(0B) LOS objects, 23% free, 52MB/68MB, paused 347us total 16.683ms
08-05 01:29:31.565 14012 14101 I art     : Starting a blocking GC Explicit
08-05 01:29:31.586 14012 14101 I art     : Explicit concurrent mark sweep GC freed 1409(100KB) AllocSpace objects, 1(20KB) LOS objects, 23% free, 52MB/68MB, paused 361us total 20.401ms
08-05 01:29:31.595 14012 14101 I art     : Starting a blocking GC Explicit
08-05 01:29:31.615 14012 14101 I art     : Explicit concurrent mark sweep GC freed 23(800B) AllocSpace objects, 0(0B) LOS objects, 23% free, 52MB/68MB, paused 361us total 20.226ms
08-05 01:29:31.624 14012 14101 I art     : Starting a blocking GC Explicit
08-05 01:29:31.643 14012 14101 I art     : Explicit concurrent mark sweep GC freed 3(96B) AllocSpace objects, 0(0B) LOS objects, 23% free, 52MB/68MB, paused 329us total 18.740ms
08-05 01:29:31.651 14012 14101 I art     : Starting a blocking GC Explicit
08-05 01:29:31.670 14012 14101 I art     : Explicit concurrent mark sweep GC freed 19(656B) AllocSpace objects, 0(0B) LOS objects, 23% free, 52MB/68MB, paused 385us total 19.006ms
08-05 01:29:31.679 14012 14101 I art     : Starting a blocking GC Explicit
08-05 01:29:31.698 14012 14101 I art     : Explicit concurrent mark sweep GC freed 3(96B) AllocSpace objects, 0(0B) LOS objects, 23% free, 52MB/68MB, paused 391us total 19.292ms
08-05 01:29:32.024 14012 14024 I art     : Starting a blocking GC Explicit
08-05 01:29:32.049 14012 14024 I art     : Explicit concurrent mark sweep GC freed 1341(78KB) AllocSpace objects, 1(20KB) LOS objects, 23% free, 52MB/68MB, paused 374us total 24.786ms
08-05 01:29:32.060 14012 14024 I art     : Starting a blocking GC Explicit
08-05 01:29:32.080 14012 14024 I art     : Explicit concurrent mark sweep GC freed 20(704B) AllocSpace objects, 0(0B) LOS objects, 23% free, 52MB/68MB, paused 368us total 19.774ms
08-05 01:29:32.089 14012 14024 I art     : Starting a blocking GC Explicit
08-05 01:29:32.109 14012 14024 I art     : Explicit concurrent mark sweep GC freed 3(96B) AllocSpace objects, 0(0B) LOS objects, 23% free, 52MB/68MB, paused 368us total 20.030ms
08-05 01:29:32.118 14012 14024 I art     : Starting a blocking GC Explicit
08-05 01:29:32.138 14012 14024 I art     : Explicit concurrent mark sweep GC freed 3(96B) AllocSpace objects, 0(0B) LOS objects, 23% free, 52MB/68MB, paused 363us total 20.543ms
08-05 01:29:32.147 14012 14024 I art     : Starting a blocking GC Explicit
08-05 01:29:32.167 14012 14024 I art     : Explicit concurrent mark sweep GC freed 3(96B) AllocSpace objects, 0(0B) LOS objects, 23% free, 52MB/68MB, paused 347us total 19.294ms
08-05 01:29:32.488 14012 15015 I art     : Starting a blocking GC Explicit
08-05 01:29:32.512 14012 15015 I art     : Explicit concurrent mark sweep GC freed 1341(78KB) AllocSpace objects, 1(20KB) LOS objects, 23% free, 52MB/68MB, paused 395us total 23.614ms
08-05 01:29:32.522 14012 15015 I art     : Starting a blocking GC Explicit
08-05 01:29:32.543 14012 15015 I art     : Explicit concurrent mark sweep GC freed 20(704B) AllocSpace objects, 0(0B) LOS objects, 23% free, 52MB/68MB, paused 355us total 20.182ms
08-05 01:29:32.551 14012 15015 I art     : Starting a blocking GC Explicit
08-05 01:29:32.571 14012 15015 I art     : Explicit concurrent mark sweep GC freed 3(96B) AllocSpace objects, 0(0B) LOS objects, 23% free, 52MB/68MB, paused 344us total 19.179ms
08-05 01:29:32.579 14012 15015 I art     : Starting a blocking GC Explicit
08-05 01:29:32.599 14012 15015 I art     : Explicit concurrent mark sweep GC freed 3(96B) AllocSpace objects, 0(0B) LOS objects, 23% free, 52MB/68MB, paused 355us total 19.238ms
08-05 01:29:32.608 14012 15015 I art     : Starting a blocking GC Explicit
08-05 01:29:32.627 14012 15015 I art     : Explicit concurrent mark sweep GC freed 3(96B) AllocSpace objects, 0(0B) LOS objects, 23% free, 52MB/68MB, paused 338us total 18.536ms
08-05 01:29:32.929 14012 14102 I art     : Starting a blocking GC Explicit
08-05 01:29:32.949 14012 14102 I art     : Explicit concurrent mark sweep GC freed 1341(78KB) AllocSpace objects, 1(20KB) LOS objects, 23% free, 52MB/68MB, paused 383us total 19.862ms
08-05 01:29:32.957 14012 14102 I art     : Starting a blocking GC Explicit
08-05 01:29:32.977 14012 14102 I art     : Explicit concurrent mark sweep GC freed 20(704B) AllocSpace objects, 0(0B) LOS objects, 23% free, 52MB/68MB, paused 395us total 19.477ms
08-05 01:29:32.985 14012 14102 I art     : Starting a blocking GC Explicit
08-05 01:29:33.005 14012 14102 I art     : Explicit concurrent mark sweep GC freed 3(96B) AllocSpace objects, 0(0B) LOS objects, 23% free, 52MB/68MB, paused 366us total 19.287ms
08-05 01:29:33.013 14012 14102 I art     : Starting a blocking GC Explicit
08-05 01:29:33.033 14012 14102 I art     : Explicit concurrent mark sweep GC freed 3(96B) AllocSpace objects, 0(0B) LOS objects, 23% free, 52MB/68MB, paused 364us total 19.217ms
08-05 01:29:33.034 15133 15133 D AndroidRuntime: >>>>>> START com.android.internal.os.RuntimeInit uid 2000 <<<<<<
08-05 01:29:33.040 15133 15133 D AndroidRuntime: CheckJNI is OFF
08-05 01:29:33.042 14012 14102 I art     : Starting a blocking GC Explicit
08-05 01:29:33.060 14012 14102 I art     : Explicit concurrent mark sweep GC freed 3(96B) AllocSpace objects, 0(0B) LOS objects, 23% free, 52MB/68MB, paused 362us total 18.405ms
08-05 01:29:33.076 15133 15133 D ICU     : No timezone override file found: /data/misc/zoneinfo/current/icu/icu_tzdata.dat
08-05 01:29:33.109 15133 15133 I Radio-JNI: register_android_hardware_Radio DONE
08-05 01:29:33.131 15133 15133 D AndroidRuntime: Calling main entry com.android.commands.input.Input
08-05 01:29:33.133 15133 15133 I Input   : injectKeyEvent: KeyEvent { action=ACTION_DOWN, keyCode=KEYCODE_BACK, scanCode=0, metaState=0, flags=0x0, repeatCount=0, eventTime=754189546, downTime=754189546, deviceId=-1, source=0x101 }
08-05 01:29:33.138 15133 15133 I Input   : injectKeyEvent: KeyEvent { action=ACTION_UP, keyCode=KEYCODE_BACK, scanCode=0, metaState=0, flags=0x0, repeatCount=0, eventTime=754189546, downTime=754189546, deviceId=-1, source=0x101 }
08-05 01:29:33.144 15133 15133 D AndroidRuntime: Shutting down VM
08-05 01:29:33.193 13866 13866 I GoogleInputMethodServic: GoogleInputMethodService.onFinishInput():3138 
08-05 01:29:33.193 13866 13866 I GoogleInputMethodServic: GoogleInputMethodService.onStartInput():1808 
08-05 01:29:33.304 14012 14102 I art     : Starting a blocking GC Explicit
08-05 01:29:33.323 14012 14102 I art     : Explicit concurrent mark sweep GC freed 1511(85KB) AllocSpace objects, 1(20KB) LOS objects, 23% free, 52MB/68MB, paused 346us total 18.323ms
08-05 01:29:33.331 14012 14102 I art     : Starting a blocking GC Explicit
08-05 01:29:33.350 14012 14102 I art     : Explicit concurrent mark sweep GC freed 26(944B) AllocSpace objects, 0(0B) LOS objects, 23% free, 52MB/68MB, paused 328us total 18.610ms
08-05 01:29:33.358 14012 14102 I art     : Starting a blocking GC Explicit
08-05 01:29:33.383 14012 14102 I art     : Explicit concurrent mark sweep GC freed 3(96B) AllocSpace objects, 0(0B) LOS objects, 23% free, 52MB/68MB, paused 435us total 24.288ms
08-05 01:29:33.393 14012 14102 I art     : Starting a blocking GC Explicit
08-05 01:29:33.415 14012 14102 I art     : Explicit concurrent mark sweep GC freed 3(96B) AllocSpace objects, 0(0B) LOS objects, 23% free, 52MB/68MB, paused 380us total 21.810ms
08-05 01:29:33.424 14012 14102 I art     : Starting a blocking GC Explicit
08-05 01:29:33.445 14012 14102 I art     : Explicit concurrent mark sweep GC freed 3(96B) AllocSpace objects, 0(0B) LOS objects, 23% free, 52MB/68MB, paused 400us total 21.075ms
08-05 01:29:33.507   380   380 W SurfaceFlinger: couldn't log to binary event log: overflow.
08-05 01:29:33.594 10296 10296 I Atfwd_Sendcmd: AtCmdFwd service not ready - Exhausted retry attempts - :6
08-05 01:29:33.595 10296 10296 I Atfwd_Daemon: result : -1 	 ,Init step :2 	 ,qmiErrorCode: 0
08-05 01:29:33.695 14012 14102 I art     : Starting a blocking GC Explicit
08-05 01:29:33.720 14012 14102 I art     : Explicit concurrent mark sweep GC freed 1450(87KB) AllocSpace objects, 1(20KB) LOS objects, 23% free, 52MB/68MB, paused 404us total 25.049ms
08-05 01:29:33.730 14012 14102 I art     : Starting a blocking GC Explicit
08-05 01:29:33.750 14012 14102 I art     : Explicit concurrent mark sweep GC freed 1672(106KB) AllocSpace objects, 3(400KB) LOS objects, 23% free, 51MB/67MB, paused 358us total 19.741ms
08-05 01:29:33.759 14012 14102 I art     : Starting a blocking GC Explicit
08-05 01:29:33.778 14012 14102 I art     : Explicit concurrent mark sweep GC freed 3(96B) AllocSpace objects, 0(0B) LOS objects, 23% free, 51MB/67MB, paused 389us total 18.800ms
08-05 01:29:33.786 14012 14102 I art     : Starting a blocking GC Explicit
08-05 01:29:33.805 14012 14102 I art     : Explicit concurrent mark sweep GC freed 3(96B) AllocSpace objects, 0(0B) LOS objects, 23% free, 51MB/67MB, paused 350us total 18.918ms
08-05 01:29:33.814 14012 14102 I art     : Starting a blocking GC Explicit
08-05 01:29:33.833 14012 14102 I art     : Explicit concurrent mark sweep GC freed 3(96B) AllocSpace objects, 0(0B) LOS objects, 23% free, 51MB/67MB, paused 369us total 19.426ms
08-05 01:29:34.129 14012 14025 I art     : Starting a blocking GC Explicit
08-05 01:29:34.157 14012 14025 I art     : Explicit concurrent mark sweep GC freed 1341(78KB) AllocSpace objects, 1(20KB) LOS objects, 23% free, 51MB/67MB, paused 412us total 27.889ms
08-05 01:29:34.170 14012 14025 I art     : Starting a blocking GC Explicit
08-05 01:29:34.189 14012 14025 I art     : Explicit concurrent mark sweep GC freed 20(704B) AllocSpace objects, 0(0B) LOS objects, 23% free, 51MB/67MB, paused 342us total 18.646ms
08-05 01:29:34.198 14012 14025 I art     : Starting a blocking GC Explicit
08-05 01:29:34.216 14012 14025 I art     : Explicit concurrent mark sweep GC freed 3(96B) AllocSpace objects, 0(0B) LOS objects, 23% free, 51MB/67MB, paused 358us total 18.511ms
08-05 01:29:34.225 14012 14025 I art     : Starting a blocking GC Explicit
08-05 01:29:34.244 14012 14025 I art     : Explicit concurrent mark sweep GC freed 3(96B) AllocSpace objects, 0(0B) LOS objects, 23% free, 51MB/67MB, paused 350us total 19.172ms
08-05 01:29:34.253 14012 14025 I art     : Starting a blocking GC Explicit
08-05 01:29:34.272 14012 14025 I art     : Explicit concurrent mark sweep GC freed 3(96B) AllocSpace objects, 0(0B) LOS objects, 23% free, 51MB/67MB, paused 363us total 19.216ms
08-05 01:29:34.529 14012 14024 I art     : Starting a blocking GC Explicit
08-05 01:29:34.549 14012 14024 I art     : Explicit concurrent mark sweep GC freed 1340(78KB) AllocSpace objects, 1(20KB) LOS objects, 23% free, 51MB/67MB, paused 358us total 19.342ms
08-05 01:29:34.557 14012 14024 I art     : Starting a blocking GC Explicit
08-05 01:29:34.576 14012 14024 I art     : Explicit concurrent mark sweep GC freed 20(704B) AllocSpace objects, 0(0B) LOS objects, 23% free, 51MB/67MB, paused 357us total 18.218ms
08-05 01:29:34.584 14012 14024 I art     : Starting a blocking GC Explicit
08-05 01:29:34.603 14012 14024 I art     : Explicit concurrent mark sweep GC freed 3(96B) AllocSpace objects, 0(0B) LOS objects, 23% free, 51MB/67MB, paused 352us total 18.375ms
08-05 01:29:34.611 14012 14024 I art     : Starting a blocking GC Explicit
08-05 01:29:34.630 14012 14024 I art     : Explicit concurrent mark sweep GC freed 3(96B) AllocSpace objects, 0(0B) LOS objects, 23% free, 51MB/67MB, paused 360us total 18.128ms
08-05 01:29:34.638 14012 14024 I art     : Starting a blocking GC Explicit
08-05 01:29:34.656 14012 14024 I art     : Explicit concurrent mark sweep GC freed 3(96B) AllocSpace objects, 0(0B) LOS objects, 23% free, 51MB/67MB, paused 360us total 18.089ms
08-05 01:29:34.824 15187 15187 D AndroidRuntime: >>>>>> START com.android.internal.os.RuntimeInit uid 2000 <<<<<<
08-05 01:29:34.829 15187 15187 D AndroidRuntime: CheckJNI is OFF
08-05 01:29:34.861 15187 15187 D ICU     : No timezone override file found: /data/misc/zoneinfo/current/icu/icu_tzdata.dat
08-05 01:29:34.893 15187 15187 I Radio-JNI: register_android_hardware_Radio DONE
08-05 01:29:34.914 15187 15187 D AndroidRuntime: Calling main entry com.android.commands.input.Input
08-05 01:29:34.916 15187 15187 I Input   : injectMotionEvent: MotionEvent { action=ACTION_DOWN, actionButton=0, id[0]=0, x[0]=733.0, y[0]=1957.0, toolType[0]=TOOL_TYPE_UNKNOWN, buttonState=0, metaState=0, flags=0x0, edgeFlags=0x0, pointerCount=1, historySize=0, eventTime=754191329, downTime=754191329, deviceId=0, source=0x1002 }
08-05 01:29:34.920 15187 15187 I Input   : injectMotionEvent: MotionEvent { action=ACTION_UP, actionButton=0, id[0]=0, x[0]=733.0, y[0]=1957.0, toolType[0]=TOOL_TYPE_UNKNOWN, buttonState=0, metaState=0, flags=0x0, edgeFlags=0x0, pointerCount=1, historySize=0, eventTime=754191329, downTime=754191329, deviceId=0, source=0x1002 }
08-05 01:29:34.921   918  4413 I ActivityManager: START u0 {cmp=baseline.appteam.nith.hillffair/.activities.ClubActivity (has extras)} from uid 10675 on display 0
08-05 01:29:34.928 15187 15187 D AndroidRuntime: Shutting down VM
08-05 01:29:34.956 14012 14025 I art     : Starting a blocking GC Explicit
08-05 01:29:34.979 14012 14025 I art     : Explicit concurrent mark sweep GC freed 5023(318KB) AllocSpace objects, 1(20KB) LOS objects, 23% free, 52MB/68MB, paused 488us total 22.485ms
08-05 01:29:34.986 14012 14025 I art     : Starting a blocking GC Explicit
08-05 01:29:35.005 14012 14025 I art     : Explicit concurrent mark sweep GC freed 348(16KB) AllocSpace objects, 0(0B) LOS objects, 23% free, 52MB/68MB, paused 1.590ms total 18.521ms
08-05 01:29:35.014 14012 14025 I art     : Starting a blocking GC Explicit
08-05 01:29:35.015 13866 13866 I GoogleInputMethodServic: GoogleInputMethodService.onFinishInput():3138 
08-05 01:29:35.016   918   936 I ActivityManager: Displayed baseline.appteam.nith.hillffair/.activities.ClubActivity: +87ms
08-05 01:29:35.016 13866 13866 I GoogleInputMethodServic: GoogleInputMethodService.onStartInput():1808 
08-05 01:29:35.035 14012 14025 I art     : Explicit concurrent mark sweep GC freed 117(6KB) AllocSpace objects, 0(0B) LOS objects, 23% free, 52MB/68MB, paused 412us total 21.281ms
08-05 01:29:35.044 14012 14025 I art     : Starting a blocking GC Explicit
08-05 01:29:35.062 14012 14025 I art     : Explicit concurrent mark sweep GC freed 22(976B) AllocSpace objects, 0(0B) LOS objects, 23% free, 52MB/68MB, paused 382us total 17.685ms
08-05 01:29:35.069 14012 14025 I art     : Starting a blocking GC Explicit
08-05 01:29:35.087 14012 14025 I art     : Explicit concurrent mark sweep GC freed 3(96B) AllocSpace objects, 0(0B) LOS objects, 23% free, 52MB/68MB, paused 395us total 17.410ms
08-05 01:29:35.243   380   380 W SurfaceFlinger: couldn't log to binary event log: overflow.
08-05 01:29:35.337 14012 15015 I art     : Starting a blocking GC Explicit
08-05 01:29:35.357 14012 15015 I art     : Explicit concurrent mark sweep GC freed 1342(78KB) AllocSpace objects, 1(20KB) LOS objects, 23% free, 52MB/68MB, paused 498us total 19.639ms
08-05 01:29:35.367 14012 15015 I art     : Starting a blocking GC Explicit
08-05 01:29:35.388 14012 15015 I art     : Explicit concurrent mark sweep GC freed 110(6KB) AllocSpace objects, 0(0B) LOS objects, 23% free, 52MB/68MB, paused 610us total 20.962ms
08-05 01:29:35.399 14012 15015 I art     : Starting a blocking GC Explicit
08-05 01:29:35.418 14012 15015 I art     : Explicit concurrent mark sweep GC freed 20(784B) AllocSpace objects, 0(0B) LOS objects, 23% free, 52MB/68MB, paused 389us total 19.200ms
08-05 01:29:35.419 14012 14022 I art     : WaitForGcToComplete blocked for 7.279ms for cause HeapTrim
08-05 01:29:35.427 14012 15015 I art     : Starting a blocking GC Explicit
08-05 01:29:35.445 14012 15015 I art     : Explicit concurrent mark sweep GC freed 13(480B) AllocSpace objects, 0(0B) LOS objects, 23% free, 52MB/68MB, paused 391us total 17.935ms
08-05 01:29:35.453 14012 15015 I art     : Starting a blocking GC Explicit
08-05 01:29:35.471 14012 15015 I art     : Explicit concurrent mark sweep GC freed 10(352B) AllocSpace objects, 0(0B) LOS objects, 23% free, 52MB/68MB, paused 393us total 18.007ms
08-05 01:29:35.551 14012 15220 D OkHttp  : --> GET https://api-hillfair-2k16.herokuapp.com/api/app/events/special/event?id=58065620dcba0f490c70fe09 http/1.1
08-05 01:29:35.588 14012 15220 D OkHttp  : <-- 200 OK https://api-hillfair-2k16.herokuapp.com/api/app/events/special/event?id=58065620dcba0f490c70fe09 (36ms, 682-byte body)
08-05 01:29:35.645 14012 14012 I NAPPA_EXPERIMENTATION: MetricNetworkRequestExecutionTime: REQUEST_DURATION_SYSTEM='690',REQUEST_DURATION_OKHTTP='36',REQUEST_SYNCHRONOUS='FALSE',RESPONSE_CODE='200',RESPONSE_METHOD='GET',RESPONSE_LENGTH_OKHTTP='682',RESPONSE_LENGTH_HEADER='682',REQUEST_PROTOCOL='http/1.1',REQUEST_URL='https://api-hillfair-2k16.herokuapp.com/api/app/events/special/event?id=58065620dcba0f490c70fe09',
08-05 01:29:35.734 14012 14025 I art     : Starting a blocking GC Explicit
08-05 01:29:35.760 14012 14025 I art     : Explicit concurrent mark sweep GC freed 4776(310KB) AllocSpace objects, 4(220KB) LOS objects, 23% free, 52MB/68MB, paused 390us total 24.944ms
08-05 01:29:35.769 14012 14025 I art     : Starting a blocking GC Explicit
08-05 01:29:35.790 14012 14025 I art     : Explicit concurrent mark sweep GC freed 1038(119KB) AllocSpace objects, 0(0B) LOS objects, 23% free, 52MB/68MB, paused 381us total 20.617ms
08-05 01:29:35.798 14012 14025 I art     : Starting a blocking GC Explicit
08-05 01:29:35.818 14012 14025 I art     : Explicit concurrent mark sweep GC freed 3(96B) AllocSpace objects, 0(0B) LOS objects, 23% free, 52MB/68MB, paused 425us total 19.504ms
08-05 01:29:35.826 14012 14025 I art     : Starting a blocking GC Explicit
08-05 01:29:35.845 14012 14025 I art     : Explicit concurrent mark sweep GC freed 3(96B) AllocSpace objects, 0(0B) LOS objects, 23% free, 52MB/68MB, paused 353us total 18.923ms
08-05 01:29:35.854 14012 14025 I art     : Starting a blocking GC Explicit
08-05 01:29:35.873 14012 14025 I art     : Explicit concurrent mark sweep GC freed 3(96B) AllocSpace objects, 0(0B) LOS objects, 23% free, 52MB/68MB, paused 379us total 18.787ms
08-05 01:29:36.174 14012 14025 I art     : Starting a blocking GC Explicit
08-05 01:29:36.197 14012 14025 I art     : Explicit concurrent mark sweep GC freed 1341(78KB) AllocSpace objects, 1(20KB) LOS objects, 23% free, 52MB/68MB, paused 465us total 23.224ms
08-05 01:29:36.206 14012 14025 I art     : Starting a blocking GC Explicit
08-05 01:29:36.227 14012 14025 I art     : Explicit concurrent mark sweep GC freed 36(1264B) AllocSpace objects, 0(0B) LOS objects, 23% free, 52MB/68MB, paused 388us total 20.583ms
08-05 01:29:36.236 14012 14025 I art     : Starting a blocking GC Explicit
08-05 01:29:36.256 14012 14025 I art     : Explicit concurrent mark sweep GC freed 3(96B) AllocSpace objects, 0(0B) LOS objects, 23% free, 52MB/68MB, paused 391us total 20.588ms
08-05 01:29:36.265 14012 14025 I art     : Starting a blocking GC Explicit
08-05 01:29:36.286 14012 14025 I art     : Explicit concurrent mark sweep GC freed 3(96B) AllocSpace objects, 0(0B) LOS objects, 23% free, 52MB/68MB, paused 370us total 20.164ms
08-05 01:29:36.294 14012 14025 I art     : Starting a blocking GC Explicit
08-05 01:29:36.315 14012 14025 I art     : Explicit concurrent mark sweep GC freed 3(96B) AllocSpace objects, 0(0B) LOS objects, 23% free, 52MB/68MB, paused 385us total 20.280ms
08-05 01:29:36.603 14012 14102 I art     : Starting a blocking GC Explicit
08-05 01:29:36.624 14012 14102 I art     : Explicit concurrent mark sweep GC freed 1341(78KB) AllocSpace objects, 1(20KB) LOS objects, 23% free, 52MB/68MB, paused 383us total 21.001ms
08-05 01:29:36.634 14012 14102 I art     : Starting a blocking GC Explicit
08-05 01:29:36.659 14012 14102 I art     : Explicit concurrent mark sweep GC freed 20(704B) AllocSpace objects, 0(0B) LOS objects, 23% free, 52MB/68MB, paused 427us total 23.900ms
08-05 01:29:36.669 14012 14102 I art     : Starting a blocking GC Explicit
08-05 01:29:36.690 14012 14102 I art     : Explicit concurrent mark sweep GC freed 3(96B) AllocSpace objects, 0(0B) LOS objects, 23% free, 52MB/68MB, paused 370us total 20.523ms
08-05 01:29:36.699 14012 14102 I art     : Starting a blocking GC Explicit
08-05 01:29:36.719 14012 14102 I art     : Explicit concurrent mark sweep GC freed 3(96B) AllocSpace objects, 0(0B) LOS objects, 23% free, 52MB/68MB, paused 381us total 20.328ms
08-05 01:29:36.728 14012 14102 I art     : Starting a blocking GC Explicit
08-05 01:29:36.749 14012 14102 I art     : Explicit concurrent mark sweep GC freed 3(96B) AllocSpace objects, 0(0B) LOS objects, 23% free, 52MB/68MB, paused 368us total 20.559ms
08-05 01:29:37.064 14012 14101 I art     : Starting a blocking GC Explicit
08-05 01:29:37.089 14012 14101 I art     : Explicit concurrent mark sweep GC freed 1341(78KB) AllocSpace objects, 1(20KB) LOS objects, 23% free, 52MB/68MB, paused 407us total 24.818ms
08-05 01:29:37.100 14012 14101 I art     : Starting a blocking GC Explicit
08-05 01:29:37.120 14012 14101 I art     : Explicit concurrent mark sweep GC freed 20(704B) AllocSpace objects, 0(0B) LOS objects, 23% free, 52MB/68MB, paused 367us total 19.878ms
08-05 01:29:37.129 14012 14101 I art     : Starting a blocking GC Explicit
08-05 01:29:37.148 14012 14101 I art     : Explicit concurrent mark sweep GC freed 3(96B) AllocSpace objects, 0(0B) LOS objects, 23% free, 52MB/68MB, paused 377us total 19.022ms
08-05 01:29:37.157 14012 14101 I art     : Starting a blocking GC Explicit
08-05 01:29:37.176 14012 14101 I art     : Explicit concurrent mark sweep GC freed 3(96B) AllocSpace objects, 0(0B) LOS objects, 23% free, 52MB/68MB, paused 359us total 18.677ms
08-05 01:29:37.184 14012 14101 I art     : Starting a blocking GC Explicit
08-05 01:29:37.203 14012 14101 I art     : Explicit concurrent mark sweep GC freed 3(96B) AllocSpace objects, 0(0B) LOS objects, 23% free, 52MB/68MB, paused 379us total 19.267ms
08-05 01:29:37.518 14012 15015 I art     : Starting a blocking GC Explicit
08-05 01:29:37.541 14012 15015 I art     : Explicit concurrent mark sweep GC freed 1341(78KB) AllocSpace objects, 1(20KB) LOS objects, 23% free, 52MB/68MB, paused 434us total 22.992ms
08-05 01:29:37.554 14012 15015 I art     : Starting a blocking GC Explicit
08-05 01:29:37.573 14012 15015 I art     : Explicit concurrent mark sweep GC freed 20(704B) AllocSpace objects, 0(0B) LOS objects, 23% free, 52MB/68MB, paused 384us total 19.395ms
08-05 01:29:37.582 14012 15015 I art     : Starting a blocking GC Explicit
08-05 01:29:37.601 14012 15015 I art     : Explicit concurrent mark sweep GC freed 3(96B) AllocSpace objects, 0(0B) LOS objects, 23% free, 52MB/68MB, paused 391us total 19.444ms
08-05 01:29:37.609 14012 15015 I art     : Starting a blocking GC Explicit
08-05 01:29:37.625 15272 15272 D AndroidRuntime: >>>>>> START com.android.internal.os.RuntimeInit uid 2000 <<<<<<
08-05 01:29:37.629 14012 15015 I art     : Explicit concurrent mark sweep GC freed 3(96B) AllocSpace objects, 0(0B) LOS objects, 23% free, 52MB/68MB, paused 395us total 19.262ms
08-05 01:29:37.629 15272 15272 D AndroidRuntime: CheckJNI is OFF
08-05 01:29:37.637 14012 15015 I art     : Starting a blocking GC Explicit
08-05 01:29:37.656 14012 15015 I art     : Explicit concurrent mark sweep GC freed 3(96B) AllocSpace objects, 0(0B) LOS objects, 23% free, 52MB/68MB, paused 376us total 18.916ms
08-05 01:29:37.665 15272 15272 D ICU     : No timezone override file found: /data/misc/zoneinfo/current/icu/icu_tzdata.dat
08-05 01:29:37.699 15272 15272 I Radio-JNI: register_android_hardware_Radio DONE
08-05 01:29:37.720 15272 15272 D AndroidRuntime: Calling main entry com.android.commands.input.Input
08-05 01:29:37.722 15272 15272 I Input   : injectKeyEvent: KeyEvent { action=ACTION_DOWN, keyCode=KEYCODE_BACK, scanCode=0, metaState=0, flags=0x0, repeatCount=0, eventTime=754194135, downTime=754194135, deviceId=-1, source=0x101 }
08-05 01:29:37.728 15272 15272 I Input   : injectKeyEvent: KeyEvent { action=ACTION_UP, keyCode=KEYCODE_BACK, scanCode=0, metaState=0, flags=0x0, repeatCount=0, eventTime=754194135, downTime=754194135, deviceId=-1, source=0x101 }
08-05 01:29:37.733 15272 15272 D AndroidRuntime: Shutting down VM
08-05 01:29:37.755   918  3261 D WifiStateMachine: starting scan for "H369AA63323"WPA_PSK with 2412,5180
08-05 01:29:37.782 13866 13866 I GoogleInputMethodServic: GoogleInputMethodService.onFinishInput():3138 
08-05 01:29:37.783 13866 13866 I GoogleInputMethodServic: GoogleInputMethodService.onStartInput():1808 
08-05 01:29:37.899 14012 14102 I art     : Starting a blocking GC Explicit
08-05 01:29:37.918 14012 14102 I art     : Explicit concurrent mark sweep GC freed 1511(85KB) AllocSpace objects, 1(20KB) LOS objects, 23% free, 52MB/68MB, paused 358us total 18.682ms
08-05 01:29:37.926 14012 14102 I art     : Starting a blocking GC Explicit
08-05 01:29:37.944 14012 14102 I art     : Explicit concurrent mark sweep GC freed 26(944B) AllocSpace objects, 0(0B) LOS objects, 23% free, 52MB/68MB, paused 414us total 17.778ms
08-05 01:29:37.953 14012 14102 I art     : Starting a blocking GC Explicit
08-05 01:29:37.972 14012 14102 I art     : Explicit concurrent mark sweep GC freed 3(96B) AllocSpace objects, 0(0B) LOS objects, 23% free, 52MB/68MB, paused 337us total 18.514ms
08-05 01:29:37.980 14012 14102 I art     : Starting a blocking GC Explicit
08-05 01:29:37.998 14012 14102 I art     : Explicit concurrent mark sweep GC freed 3(96B) AllocSpace objects, 0(0B) LOS objects, 23% free, 52MB/68MB, paused 340us total 17.797ms
08-05 01:29:38.007 14012 14102 I art     : Starting a blocking GC Explicit
08-05 01:29:38.025 14012 14102 I art     : Explicit concurrent mark sweep GC freed 3(96B) AllocSpace objects, 0(0B) LOS objects, 23% free, 52MB/68MB, paused 371us total 18.162ms
08-05 01:29:38.096   380   380 W SurfaceFlinger: couldn't log to binary event log: overflow.
08-05 01:29:38.278 14012 14102 I art     : Starting a blocking GC Explicit
08-05 01:29:38.298 14012 14102 I art     : Explicit concurrent mark sweep GC freed 1451(87KB) AllocSpace objects, 1(20KB) LOS objects, 23% free, 52MB/68MB, paused 399us total 19.879ms
08-05 01:29:38.307 14012 14102 I art     : Starting a blocking GC Explicit
08-05 01:29:38.326 14012 14102 I art     : Explicit concurrent mark sweep GC freed 1675(106KB) AllocSpace objects, 3(400KB) LOS objects, 23% free, 52MB/68MB, paused 371us total 18.870ms
08-05 01:29:38.334 14012 14102 I art     : Starting a blocking GC Explicit
08-05 01:29:38.353 14012 14102 I art     : Explicit concurrent mark sweep GC freed 9(320B) AllocSpace objects, 0(0B) LOS objects, 23% free, 52MB/68MB, paused 371us total 18.621ms
08-05 01:29:38.361 14012 14102 I art     : Starting a blocking GC Explicit
08-05 01:29:38.380 14012 14102 I art     : Explicit concurrent mark sweep GC freed 3(96B) AllocSpace objects, 0(0B) LOS objects, 23% free, 52MB/68MB, paused 415us total 19.321ms
08-05 01:29:38.389 14012 14102 I art     : Starting a blocking GC Explicit
08-05 01:29:38.408 14012 14102 I art     : Explicit concurrent mark sweep GC freed 3(96B) AllocSpace objects, 0(0B) LOS objects, 23% free, 52MB/68MB, paused 379us total 19.333ms
08-05 01:29:38.554   918  3188 I hubconnection: sensorhub said: 'set_bias 3: -5.1456, 0.0000, 0.0000'
08-05 01:29:38.698 14012 14024 I art     : Starting a blocking GC Explicit
08-05 01:29:38.727 14012 14024 I art     : Explicit concurrent mark sweep GC freed 1341(78KB) AllocSpace objects, 1(20KB) LOS objects, 23% free, 52MB/68MB, paused 430us total 28.038ms
08-05 01:29:38.741 14012 14024 I art     : Starting a blocking GC Explicit
08-05 01:29:38.761 14012 14024 I art     : Explicit concurrent mark sweep GC freed 20(704B) AllocSpace objects, 0(0B) LOS objects, 23% free, 52MB/68MB, paused 381us total 19.751ms
08-05 01:29:38.769 14012 14024 I art     : Starting a blocking GC Explicit
08-05 01:29:38.788 14012 14024 I art     : Explicit concurrent mark sweep GC freed 3(96B) AllocSpace objects, 0(0B) LOS objects, 23% free, 52MB/68MB, paused 382us total 19.060ms
08-05 01:29:38.797 14012 14024 I art     : Starting a blocking GC Explicit
08-05 01:29:38.817 14012 14024 I art     : Explicit concurrent mark sweep GC freed 3(96B) AllocSpace objects, 0(0B) LOS objects, 23% free, 52MB/68MB, paused 372us total 19.652ms
08-05 01:29:38.825 14012 14024 I art     : Starting a blocking GC Explicit
08-05 01:29:38.844 14012 14024 I art     : Explicit concurrent mark sweep GC freed 3(96B) AllocSpace objects, 0(0B) LOS objects, 23% free, 52MB/68MB, paused 388us total 18.733ms
08-05 01:29:39.105 14012 15015 I art     : Starting a blocking GC Explicit
08-05 01:29:39.125 14012 15015 I art     : Explicit concurrent mark sweep GC freed 1340(78KB) AllocSpace objects, 1(20KB) LOS objects, 23% free, 52MB/68MB, paused 389us total 19.773ms
08-05 01:29:39.133 14012 15015 I art     : Starting a blocking GC Explicit
08-05 01:29:39.152 14012 15015 I art     : Explicit concurrent mark sweep GC freed 20(704B) AllocSpace objects, 0(0B) LOS objects, 23% free, 52MB/68MB, paused 383us total 18.960ms
08-05 01:29:39.160 14012 15015 I art     : Starting a blocking GC Explicit
08-05 01:29:39.179 14012 15015 I art     : Explicit concurrent mark sweep GC freed 3(96B) AllocSpace objects, 0(0B) LOS objects, 23% free, 52MB/68MB, paused 394us total 18.521ms
08-05 01:29:39.188 14012 15015 I art     : Starting a blocking GC Explicit
08-05 01:29:39.207 14012 15015 I art     : Explicit concurrent mark sweep GC freed 3(96B) AllocSpace objects, 0(0B) LOS objects, 23% free, 52MB/68MB, paused 440us total 18.412ms
08-05 01:29:39.215 14012 15015 I art     : Starting a blocking GC Explicit
08-05 01:29:39.233 14012 15015 I art     : Explicit concurrent mark sweep GC freed 3(96B) AllocSpace objects, 0(0B) LOS objects, 23% free, 52MB/68MB, paused 379us total 18.541ms
08-05 01:29:39.397 15327 15327 D AndroidRuntime: >>>>>> START com.android.internal.os.RuntimeInit uid 2000 <<<<<<
08-05 01:29:39.402 15327 15327 D AndroidRuntime: CheckJNI is OFF
08-05 01:29:39.436 15327 15327 D ICU     : No timezone override file found: /data/misc/zoneinfo/current/icu/icu_tzdata.dat
08-05 01:29:39.468 15327 15327 I Radio-JNI: register_android_hardware_Radio DONE
08-05 01:29:39.490 15327 15327 D AndroidRuntime: Calling main entry com.android.commands.input.Input
08-05 01:29:39.491 15327 15327 I Input   : injectMotionEvent: MotionEvent { action=ACTION_DOWN, actionButton=0, id[0]=0, x[0]=733.0, y[0]=645.0, toolType[0]=TOOL_TYPE_UNKNOWN, buttonState=0, metaState=0, flags=0x0, edgeFlags=0x0, pointerCount=1, historySize=0, eventTime=754195904, downTime=754195904, deviceId=0, source=0x1002 }
08-05 01:29:39.495 15327 15327 I Input   : injectMotionEvent: MotionEvent { action=ACTION_UP, actionButton=0, id[0]=0, x[0]=733.0, y[0]=645.0, toolType[0]=TOOL_TYPE_UNKNOWN, buttonState=0, metaState=0, flags=0x0, edgeFlags=0x0, pointerCount=1, historySize=0, eventTime=754195904, downTime=754195904, deviceId=0, source=0x1002 }
08-05 01:29:39.497   918  6112 I ActivityManager: START u0 {cmp=baseline.appteam.nith.hillffair/.activities.ClubActivity (has extras)} from uid 10675 on display 0
08-05 01:29:39.507 15327 15327 D AndroidRuntime: Shutting down VM
08-05 01:29:39.508 14012 14102 I art     : Starting a blocking GC Explicit
08-05 01:29:39.528 14012 14102 I art     : Explicit concurrent mark sweep GC freed 1664(103KB) AllocSpace objects, 1(20KB) LOS objects, 23% free, 52MB/68MB, paused 616us total 19.793ms
08-05 01:29:39.537 14012 14102 I art     : Starting a blocking GC Explicit
08-05 01:29:39.557 14012 14102 I art     : Explicit concurrent mark sweep GC freed 3469(220KB) AllocSpace objects, 0(0B) LOS objects, 23% free, 52MB/68MB, paused 551us total 20.559ms
08-05 01:29:39.566 14012 14102 I art     : Starting a blocking GC Explicit
08-05 01:29:39.583 14012 14102 I art     : Explicit concurrent mark sweep GC freed 91(4KB) AllocSpace objects, 0(0B) LOS objects, 23% free, 52MB/68MB, paused 413us total 16.973ms
08-05 01:29:39.590 14012 14102 I art     : Starting a blocking GC Explicit
08-05 01:29:39.601   918   936 I ActivityManager: Displayed baseline.appteam.nith.hillffair/.activities.ClubActivity: +94ms
08-05 01:29:39.601 13866 13866 I GoogleInputMethodServic: GoogleInputMethodService.onFinishInput():3138 
08-05 01:29:39.602 13866 13866 I GoogleInputMethodServic: GoogleInputMethodService.onStartInput():1808 
08-05 01:29:39.610 14012 14102 I art     : Explicit concurrent mark sweep GC freed 181(6KB) AllocSpace objects, 0(0B) LOS objects, 23% free, 52MB/68MB, paused 500us total 19.105ms
08-05 01:29:39.619 14012 14102 I art     : Starting a blocking GC Explicit
08-05 01:29:39.639 14012 14102 I art     : Explicit concurrent mark sweep GC freed 89(5KB) AllocSpace objects, 0(0B) LOS objects, 23% free, 52MB/68MB, paused 415us total 19.641ms
08-05 01:29:39.849   380   380 W SurfaceFlinger: couldn't log to binary event log: overflow.
08-05 01:29:39.898 14012 14101 I art     : Starting a blocking GC Explicit
08-05 01:29:39.918 14012 14101 I art     : Explicit concurrent mark sweep GC freed 1350(78KB) AllocSpace objects, 1(20KB) LOS objects, 23% free, 52MB/68MB, paused 416us total 19.167ms
08-05 01:29:39.926 14012 14101 I art     : Starting a blocking GC Explicit
08-05 01:29:39.947 14012 14101 I art     : Explicit concurrent mark sweep GC freed 20(704B) AllocSpace objects, 0(0B) LOS objects, 23% free, 52MB/68MB, paused 558us total 20.828ms
08-05 01:29:39.955 14012 14101 I art     : Starting a blocking GC Explicit
08-05 01:29:39.975 14012 14101 I art     : Explicit concurrent mark sweep GC freed 93(5KB) AllocSpace objects, 0(0B) LOS objects, 23% free, 52MB/68MB, paused 457us total 20ms
08-05 01:29:39.985 14012 14101 I art     : Starting a blocking GC Explicit
08-05 01:29:40.004 14012 14101 I art     : Explicit concurrent mark sweep GC freed 20(784B) AllocSpace objects, 0(0B) LOS objects, 23% free, 52MB/68MB, paused 396us total 18.640ms
08-05 01:29:40.012 14012 14101 I art     : Starting a blocking GC Explicit
08-05 01:29:40.031 14012 14101 I art     : Explicit concurrent mark sweep GC freed 10(352B) AllocSpace objects, 0(0B) LOS objects, 23% free, 52MB/68MB, paused 401us total 18.437ms
08-05 01:29:40.320 14012 14101 I art     : Starting a blocking GC Explicit
08-05 01:29:40.342 14012 14101 I art     : Explicit concurrent mark sweep GC freed 2228(143KB) AllocSpace objects, 3(140KB) LOS objects, 23% free, 52MB/68MB, paused 651us total 21.431ms
08-05 01:29:40.351 14012 14101 I art     : Starting a blocking GC Explicit
08-05 01:29:40.364 14012 15361 D OkHttp  : --> GET https://api-hillfair-2k16.herokuapp.com/api/app/events/special/event?id=5806551bdcba0f490c70fd1f http/1.1
08-05 01:29:40.371 14012 14101 I art     : Explicit concurrent mark sweep GC freed 2167(121KB) AllocSpace objects, 1(80KB) LOS objects, 23% free, 52MB/68MB, paused 441us total 19.547ms
08-05 01:29:40.379 14012 14101 I art     : Starting a blocking GC Explicit
08-05 01:29:40.398 14012 14101 I art     : Explicit concurrent mark sweep GC freed 603(67KB) AllocSpace objects, 0(0B) LOS objects, 23% free, 52MB/68MB, paused 443us total 18.859ms
08-05 01:29:40.403 14012 15361 D OkHttp  : <-- 200 OK https://api-hillfair-2k16.herokuapp.com/api/app/events/special/event?id=5806551bdcba0f490c70fd1f (39ms, 795-byte body)
08-05 01:29:40.406 14012 14101 I art     : Starting a blocking GC Explicit
08-05 01:29:40.425 14012 14101 I art     : Explicit concurrent mark sweep GC freed 224(34KB) AllocSpace objects, 0(0B) LOS objects, 23% free, 52MB/68MB, paused 415us total 18.453ms
08-05 01:29:40.433 14012 14101 I art     : Starting a blocking GC Explicit
08-05 01:29:40.451 14012 14012 I NAPPA_EXPERIMENTATION: MetricNetworkRequestExecutionTime: REQUEST_DURATION_SYSTEM='917',REQUEST_DURATION_OKHTTP='39',REQUEST_SYNCHRONOUS='FALSE',RESPONSE_CODE='200',RESPONSE_METHOD='GET',RESPONSE_LENGTH_OKHTTP='795',RESPONSE_LENGTH_HEADER='795',REQUEST_PROTOCOL='http/1.1',REQUEST_URL='https://api-hillfair-2k16.herokuapp.com/api/app/events/special/event?id=5806551bdcba0f490c70fd1f',
08-05 01:29:40.451 14012 14101 I art     : Explicit concurrent mark sweep GC freed 101(4KB) AllocSpace objects, 0(0B) LOS objects, 23% free, 52MB/68MB, paused 391us total 18.637ms
08-05 01:29:40.452 14012 14022 I art     : WaitForGcToComplete blocked for 5.952ms for cause HeapTrim
08-05 01:29:40.727 14012 15015 I art     : Starting a blocking GC Explicit
08-05 01:29:40.749 14012 15015 I art     : Explicit concurrent mark sweep GC freed 1876(139KB) AllocSpace objects, 1(20KB) LOS objects, 23% free, 52MB/68MB, paused 366us total 21.625ms
08-05 01:29:40.759 14012 15015 I art     : Starting a blocking GC Explicit
08-05 01:29:40.779 14012 15015 I art     : Explicit concurrent mark sweep GC freed 59(1984B) AllocSpace objects, 0(0B) LOS objects, 23% free, 52MB/68MB, paused 400us total 20.155ms
08-05 01:29:40.788 14012 15015 I art     : Starting a blocking GC Explicit
08-05 01:29:40.808 14012 15015 I art     : Explicit concurrent mark sweep GC freed 3(96B) AllocSpace objects, 0(0B) LOS objects, 23% free, 52MB/68MB, paused 402us total 20.011ms
08-05 01:29:40.817 14012 15015 I art     : Starting a blocking GC Explicit
08-05 01:29:40.837 14012 15015 I art     : Explicit concurrent mark sweep GC freed 3(96B) AllocSpace objects, 0(0B) LOS objects, 23% free, 52MB/68MB, paused 442us total 19.751ms
08-05 01:29:40.845 14012 15015 I art     : Starting a blocking GC Explicit
08-05 01:29:40.865 14012 15015 I art     : Explicit concurrent mark sweep GC freed 19(656B) AllocSpace objects, 0(0B) LOS objects, 23% free, 52MB/68MB, paused 371us total 19.745ms
08-05 01:29:41.147 14012 14102 I art     : Starting a blocking GC Explicit
08-05 01:29:41.173 14012 14102 I art     : Explicit concurrent mark sweep GC freed 1341(78KB) AllocSpace objects, 1(20KB) LOS objects, 23% free, 52MB/68MB, paused 484us total 26.217ms
08-05 01:29:41.187 14012 14102 I art     : Starting a blocking GC Explicit
08-05 01:29:41.211 14012 14102 I art     : Explicit concurrent mark sweep GC freed 20(704B) AllocSpace objects, 0(0B) LOS objects, 23% free, 52MB/68MB, paused 400us total 23.807ms
08-05 01:29:41.220 14012 14102 I art     : Starting a blocking GC Explicit
08-05 01:29:41.241 14012 14102 I art     : Explicit concurrent mark sweep GC freed 3(96B) AllocSpace objects, 0(0B) LOS objects, 23% free, 52MB/68MB, paused 405us total 20.977ms
08-05 01:29:41.250 14012 14102 I art     : Starting a blocking GC Explicit
08-05 01:29:41.271 14012 14102 I art     : Explicit concurrent mark sweep GC freed 3(96B) AllocSpace objects, 0(0B) LOS objects, 23% free, 52MB/68MB, paused 413us total 20.679ms
08-05 01:29:41.280 14012 14102 I art     : Starting a blocking GC Explicit
08-05 01:29:41.301 14012 14102 I art     : Explicit concurrent mark sweep GC freed 3(96B) AllocSpace objects, 0(0B) LOS objects, 23% free, 52MB/68MB, paused 459us total 20.686ms
08-05 01:29:41.620 14012 14025 I art     : Starting a blocking GC Explicit
08-05 01:29:41.647 14012 14025 I art     : Explicit concurrent mark sweep GC freed 1341(78KB) AllocSpace objects, 1(20KB) LOS objects, 23% free, 52MB/68MB, paused 444us total 25.860ms
08-05 01:29:41.659 14012 14025 I art     : Starting a blocking GC Explicit
08-05 01:29:41.681 14012 14025 I art     : Explicit concurrent mark sweep GC freed 20(704B) AllocSpace objects, 0(0B) LOS objects, 23% free, 52MB/68MB, paused 406us total 20.923ms
08-05 01:29:41.689 14012 14025 I art     : Starting a blocking GC Explicit
08-05 01:29:41.709 14012 14025 I art     : Explicit concurrent mark sweep GC freed 3(96B) AllocSpace objects, 0(0B) LOS objects, 23% free, 52MB/68MB, paused 404us total 20.337ms
08-05 01:29:41.718 14012 14025 I art     : Starting a blocking GC Explicit
08-05 01:29:41.739 14012 14025 I art     : Explicit concurrent mark sweep GC freed 3(96B) AllocSpace objects, 0(0B) LOS objects, 23% free, 52MB/68MB, paused 403us total 20.847ms
08-05 01:29:41.748 14012 14025 I art     : Starting a blocking GC Explicit
08-05 01:29:41.769 14012 14025 I art     : Explicit concurrent mark sweep GC freed 3(96B) AllocSpace objects, 0(0B) LOS objects, 23% free, 52MB/68MB, paused 392us total 20.487ms
08-05 01:29:42.089 14012 14101 I art     : Starting a blocking GC Explicit
08-05 01:29:42.116 14012 14101 I art     : Explicit concurrent mark sweep GC freed 1341(78KB) AllocSpace objects, 1(20KB) LOS objects, 23% free, 52MB/68MB, paused 435us total 26.127ms
08-05 01:29:42.128 14012 14101 I art     : Starting a blocking GC Explicit
08-05 01:29:42.149 14012 14101 I art     : Explicit concurrent mark sweep GC freed 20(704B) AllocSpace objects, 0(0B) LOS objects, 23% free, 52MB/68MB, paused 404us total 20.841ms
08-05 01:29:42.158 14012 14101 I art     : Starting a blocking GC Explicit
08-05 01:29:42.178 14012 14101 I art     : Explicit concurrent mark sweep GC freed 3(96B) AllocSpace objects, 0(0B) LOS objects, 23% free, 52MB/68MB, paused 397us total 20.350ms
08-05 01:29:42.187 14012 14101 I art     : Starting a blocking GC Explicit
08-05 01:29:42.208 14012 14101 I art     : Explicit concurrent mark sweep GC freed 3(96B) AllocSpace objects, 0(0B) LOS objects, 23% free, 52MB/68MB, paused 412us total 21.147ms
08-05 01:29:42.217 14012 14101 I art     : Starting a blocking GC Explicit
08-05 01:29:42.238 14012 14101 I art     : Explicit concurrent mark sweep GC freed 3(96B) AllocSpace objects, 0(0B) LOS objects, 23% free, 52MB/68MB, paused 401us total 20.460ms
08-05 01:29:42.579 14012 14024 I art     : Starting a blocking GC Explicit
08-05 01:29:42.610 14012 14024 I art     : Explicit concurrent mark sweep GC freed 1341(78KB) AllocSpace objects, 1(20KB) LOS objects, 23% free, 52MB/68MB, paused 441us total 29.982ms
08-05 01:29:42.623 14012 14024 I art     : Starting a blocking GC Explicit
08-05 01:29:42.643 14012 14024 I art     : Explicit concurrent mark sweep GC freed 20(704B) AllocSpace objects, 0(0B) LOS objects, 23% free, 52MB/68MB, paused 401us total 19.853ms
08-05 01:29:42.651 14012 14024 I art     : Starting a blocking GC Explicit
08-05 01:29:42.672 14012 14024 I art     : Explicit concurrent mark sweep GC freed 3(96B) AllocSpace objects, 0(0B) LOS objects, 23% free, 52MB/68MB, paused 395us total 20.290ms
08-05 01:29:42.680 14012 14024 I art     : Starting a blocking GC Explicit
08-05 01:29:42.701 14012 14024 I art     : Explicit concurrent mark sweep GC freed 3(96B) AllocSpace objects, 0(0B) LOS objects, 23% free, 52MB/68MB, paused 413us total 20.696ms
08-05 01:29:42.710 14012 14024 I art     : Starting a blocking GC Explicit
08-05 01:29:42.731 14012 14024 I art     : Explicit concurrent mark sweep GC freed 3(96B) AllocSpace objects, 0(0B) LOS objects, 23% free, 52MB/68MB, paused 393us total 20.712ms
08-05 01:29:43.049 14012 15015 I art     : Starting a blocking GC Explicit
08-05 01:29:43.075 14012 15015 I art     : Explicit concurrent mark sweep GC freed 1341(78KB) AllocSpace objects, 1(20KB) LOS objects, 23% free, 52MB/68MB, paused 428us total 25.884ms
08-05 01:29:43.088 14012 15015 I art     : Starting a blocking GC Explicit
08-05 01:29:43.111 14012 15015 I art     : Explicit concurrent mark sweep GC freed 20(704B) AllocSpace objects, 0(0B) LOS objects, 23% free, 52MB/68MB, paused 419us total 23.156ms
08-05 01:29:43.120 14012 15015 I art     : Starting a blocking GC Explicit
08-05 01:29:43.140 14012 15015 I art     : Explicit concurrent mark sweep GC freed 3(96B) AllocSpace objects, 0(0B) LOS objects, 23% free, 52MB/68MB, paused 389us total 20.675ms
08-05 01:29:43.149 14012 15015 I art     : Starting a blocking GC Explicit
08-05 01:29:43.170 14012 15015 I art     : Explicit concurrent mark sweep GC freed 3(96B) AllocSpace objects, 0(0B) LOS objects, 23% free, 52MB/68MB, paused 380us total 20.353ms
08-05 01:29:43.178 14012 15015 I art     : Starting a blocking GC Explicit
08-05 01:29:43.199 14012 15015 I art     : Explicit concurrent mark sweep GC freed 3(96B) AllocSpace objects, 0(0B) LOS objects, 23% free, 52MB/68MB, paused 394us total 20.371ms
08-05 01:29:43.512 14012 14102 I art     : Starting a blocking GC Explicit
08-05 01:29:43.538 14012 14102 I art     : Explicit concurrent mark sweep GC freed 1341(78KB) AllocSpace objects, 1(20KB) LOS objects, 23% free, 52MB/68MB, paused 488us total 25.762ms
08-05 01:29:43.550 14012 14102 I art     : Starting a blocking GC Explicit
08-05 01:29:43.571 14012 14102 I art     : Explicit concurrent mark sweep GC freed 20(704B) AllocSpace objects, 0(0B) LOS objects, 23% free, 52MB/68MB, paused 403us total 20.669ms
08-05 01:29:43.579 14012 14102 I art     : Starting a blocking GC Explicit
08-05 01:29:43.600 14012 14102 I art     : Explicit concurrent mark sweep GC freed 3(96B) AllocSpace objects, 0(0B) LOS objects, 23% free, 52MB/68MB, paused 408us total 20.612ms
08-05 01:29:43.609 14012 14102 I art     : Starting a blocking GC Explicit
08-05 01:29:43.628 14012 14102 I art     : Explicit concurrent mark sweep GC freed 3(96B) AllocSpace objects, 0(0B) LOS objects, 23% free, 52MB/68MB, paused 404us total 19.271ms
08-05 01:29:43.636 14012 14102 I art     : Starting a blocking GC Explicit
08-05 01:29:43.654 14012 14102 I art     : Explicit concurrent mark sweep GC freed 3(96B) AllocSpace objects, 0(0B) LOS objects, 23% free, 52MB/68MB, paused 377us total 18.058ms
08-05 01:29:43.924 14012 14025 I art     : Starting a blocking GC Explicit
08-05 01:29:43.945 14012 14025 I art     : Explicit concurrent mark sweep GC freed 1341(78KB) AllocSpace objects, 1(20KB) LOS objects, 23% free, 52MB/68MB, paused 407us total 20.772ms
08-05 01:29:43.953 14012 14025 I art     : Starting a blocking GC Explicit
08-05 01:29:43.973 14012 14025 I art     : Explicit concurrent mark sweep GC freed 20(704B) AllocSpace objects, 0(0B) LOS objects, 23% free, 52MB/68MB, paused 428us total 19.771ms
08-05 01:29:43.982 14012 14025 I art     : Starting a blocking GC Explicit
08-05 01:29:44.001 14012 14025 I art     : Explicit concurrent mark sweep GC freed 3(96B) AllocSpace objects, 0(0B) LOS objects, 23% free, 52MB/68MB, paused 401us total 19.608ms
08-05 01:29:44.010 14012 14025 I art     : Starting a blocking GC Explicit
08-05 01:29:44.030 14012 14025 I art     : Explicit concurrent mark sweep GC freed 3(96B) AllocSpace objects, 0(0B) LOS objects, 23% free, 52MB/68MB, paused 412us total 19.674ms
08-05 01:29:44.038 14012 14025 I art     : Starting a blocking GC Explicit
08-05 01:29:44.057 14012 14025 I art     : Explicit concurrent mark sweep GC freed 3(96B) AllocSpace objects, 0(0B) LOS objects, 23% free, 52MB/68MB, paused 445us total 19.094ms
08-05 01:29:44.197 15454 15454 D AndroidRuntime: >>>>>> START com.android.internal.os.RuntimeInit uid 2000 <<<<<<
08-05 01:29:44.204 15454 15454 D AndroidRuntime: CheckJNI is OFF
08-05 01:29:44.239 15454 15454 D ICU     : No timezone override file found: /data/misc/zoneinfo/current/icu/icu_tzdata.dat
08-05 01:29:44.271 15454 15454 I Radio-JNI: register_android_hardware_Radio DONE
08-05 01:29:44.293 15454 15454 D AndroidRuntime: Calling main entry com.android.commands.input.Input
08-05 01:29:44.295 15454 15454 I Input   : injectKeyEvent: KeyEvent { action=ACTION_DOWN, keyCode=KEYCODE_BACK, scanCode=0, metaState=0, flags=0x0, repeatCount=0, eventTime=754200708, downTime=754200708, deviceId=-1, source=0x101 }
08-05 01:29:44.305 15454 15454 I Input   : injectKeyEvent: KeyEvent { action=ACTION_UP, keyCode=KEYCODE_BACK, scanCode=0, metaState=0, flags=0x0, repeatCount=0, eventTime=754200708, downTime=754200708, deviceId=-1, source=0x101 }
08-05 01:29:44.311 15454 15454 D AndroidRuntime: Shutting down VM
08-05 01:29:44.343 13866 13866 I GoogleInputMethodServic: GoogleInputMethodService.onFinishInput():3138 
08-05 01:29:44.343 13866 13866 I GoogleInputMethodServic: GoogleInputMethodService.onStartInput():1808 
08-05 01:29:44.350 14012 14025 I art     : Starting a blocking GC Explicit
08-05 01:29:44.371 14012 14025 I art     : Explicit concurrent mark sweep GC freed 1509(85KB) AllocSpace objects, 1(20KB) LOS objects, 23% free, 52MB/68MB, paused 425us total 21.157ms
08-05 01:29:44.379 14012 14025 I art     : Starting a blocking GC Explicit
08-05 01:29:44.399 14012 14025 I art     : Explicit concurrent mark sweep GC freed 26(944B) AllocSpace objects, 0(0B) LOS objects, 23% free, 52MB/68MB, paused 422us total 19.878ms
08-05 01:29:44.408 14012 14025 I art     : Starting a blocking GC Explicit
08-05 01:29:44.427 14012 14025 I art     : Explicit concurrent mark sweep GC freed 4(144B) AllocSpace objects, 0(0B) LOS objects, 23% free, 52MB/68MB, paused 411us total 18.662ms
08-05 01:29:44.434 14012 14025 I art     : Starting a blocking GC Explicit
08-05 01:29:44.452 14012 14025 I art     : Explicit concurrent mark sweep GC freed 3(96B) AllocSpace objects, 0(0B) LOS objects, 23% free, 52MB/68MB, paused 347us total 17.888ms
08-05 01:29:44.460 14012 14025 I art     : Starting a blocking GC Explicit
08-05 01:29:44.481 14012 14025 I art     : Explicit concurrent mark sweep GC freed 3(96B) AllocSpace objects, 0(0B) LOS objects, 23% free, 52MB/68MB, paused 396us total 20.307ms
08-05 01:29:44.653   380   380 W SurfaceFlinger: couldn't log to binary event log: overflow.
08-05 01:29:44.731 14012 14025 I art     : Starting a blocking GC Explicit
08-05 01:29:44.751 14012 14025 I art     : Explicit concurrent mark sweep GC freed 1450(87KB) AllocSpace objects, 1(20KB) LOS objects, 23% free, 52MB/68MB, paused 393us total 19.473ms
08-05 01:29:44.759 14012 14025 I art     : Starting a blocking GC Explicit
08-05 01:29:44.779 14012 14025 I art     : Explicit concurrent mark sweep GC freed 1672(107KB) AllocSpace objects, 3(400KB) LOS objects, 23% free, 52MB/68MB, paused 392us total 19.732ms
08-05 01:29:44.787 14012 14025 I art     : Starting a blocking GC Explicit
08-05 01:29:44.807 14012 14025 I art     : Explicit concurrent mark sweep GC freed 3(96B) AllocSpace objects, 0(0B) LOS objects, 23% free, 52MB/68MB, paused 389us total 18.998ms
08-05 01:29:44.815 14012 14025 I art     : Starting a blocking GC Explicit
08-05 01:29:44.835 14012 14025 I art     : Explicit concurrent mark sweep GC freed 3(96B) AllocSpace objects, 0(0B) LOS objects, 23% free, 52MB/68MB, paused 401us total 19.804ms
08-05 01:29:44.844 14012 14025 I art     : Starting a blocking GC Explicit
08-05 01:29:44.864 14012 14025 I art     : Explicit concurrent mark sweep GC freed 3(96B) AllocSpace objects, 0(0B) LOS objects, 23% free, 52MB/68MB, paused 399us total 19.446ms
08-05 01:29:45.157 14012 14024 I art     : Starting a blocking GC Explicit
08-05 01:29:45.182 14012 14024 I art     : Explicit concurrent mark sweep GC freed 1632(95KB) AllocSpace objects, 1(20KB) LOS objects, 23% free, 52MB/68MB, paused 477us total 25.310ms
08-05 01:29:45.193 14012 14024 I art     : Starting a blocking GC Explicit
08-05 01:29:45.213 14012 14024 I art     : Explicit concurrent mark sweep GC freed 48(1648B) AllocSpace objects, 0(0B) LOS objects, 23% free, 52MB/68MB, paused 465us total 20.366ms
08-05 01:29:45.222 14012 14024 I art     : Starting a blocking GC Explicit
08-05 01:29:45.241 14012 14024 I art     : Explicit concurrent mark sweep GC freed 1830(72KB) AllocSpace objects, 0(0B) LOS objects, 23% free, 52MB/68MB, paused 455us total 19.488ms
08-05 01:29:45.250 14012 14024 I art     : Starting a blocking GC Explicit
08-05 01:29:45.270 14012 14024 I art     : Explicit concurrent mark sweep GC freed 77(2752B) AllocSpace objects, 0(0B) LOS objects, 23% free, 52MB/68MB, paused 439us total 19.658ms
08-05 01:29:45.274 14012 15507 W OneSignal: OneSignalRestClient: POST Error thrown from network stack. 
08-05 01:29:45.274 14012 15507 W OneSignal: java.io.IOException: unexpected end of stream on Connection{api.onesignal.com:443, proxy=HTTP@192.168.2.12:8080 hostAddress=192.168.2.12 cipherSuite=TLS_ECDHE_RSA_WITH_AES_128_GCM_SHA256 protocol=http/1.1} (recycle count=0)
08-05 01:29:45.274 14012 15507 W OneSignal: 	at com.android.okhttp.internal.http.HttpConnection.readResponse(HttpConnection.java:210)
08-05 01:29:45.274 14012 15507 W OneSignal: 	at com.android.okhttp.internal.http.HttpTransport.readResponseHeaders(HttpTransport.java:80)
08-05 01:29:45.274 14012 15507 W OneSignal: 	at com.android.okhttp.internal.http.HttpEngine.readNetworkResponse(HttpEngine.java:904)
08-05 01:29:45.274 14012 15507 W OneSignal: 	at com.android.okhttp.internal.http.HttpEngine.readResponse(HttpEngine.java:788)
08-05 01:29:45.274 14012 15507 W OneSignal: 	at com.android.okhttp.internal.huc.HttpURLConnectionImpl.execute(HttpURLConnectionImpl.java:439)
08-05 01:29:45.274 14012 15507 W OneSignal: 	at com.android.okhttp.internal.huc.HttpURLConnectionImpl.getResponse(HttpURLConnectionImpl.java:384)
08-05 01:29:45.274 14012 15507 W OneSignal: 	at com.android.okhttp.internal.huc.HttpURLConnectionImpl.getResponseCode(HttpURLConnectionImpl.java:497)
08-05 01:29:45.274 14012 15507 W OneSignal: 	at com.android.okhttp.internal.huc.DelegatingHttpsURLConnection.getResponseCode(DelegatingHttpsURLConnection.java:105)
08-05 01:29:45.274 14012 15507 W OneSignal: 	at com.android.okhttp.internal.huc.HttpsURLConnectionImpl.getResponseCode(HttpsURLConnectionImpl.java)
08-05 01:29:45.274 14012 15507 W OneSignal: 	at com.onesignal.OneSignalRestClient.startHTTPConnection(OneSignalRestClient.java:180)
08-05 01:29:45.274 14012 15507 W OneSignal: 	at com.onesignal.OneSignalRestClient.access$100(OneSignalRestClient.java:44)
08-05 01:29:45.274 14012 15507 W OneSignal: 	at com.onesignal.OneSignalRestClient$4.run(OneSignalRestClient.java:110)
08-05 01:29:45.274 14012 15507 W OneSignal: 	at java.lang.Thread.run(Thread.java:818)
08-05 01:29:45.274 14012 15507 W OneSignal: Caused by: java.io.EOFException: \n not found: size=0 content=...
08-05 01:29:45.274 14012 15507 W OneSignal: 	at com.android.okhttp.okio.RealBufferedSource.readUtf8LineStrict(RealBufferedSource.java:200)
08-05 01:29:45.274 14012 15507 W OneSignal: 	at com.android.okhttp.internal.http.HttpConnection.readResponse(HttpConnection.java:191)
08-05 01:29:45.274 14012 15507 W OneSignal: 	... 12 more
08-05 01:29:45.275 14012 15508 W OneSignal: Failed last request. statusCode: -1
08-05 01:29:45.275 14012 15508 W OneSignal: response: null
08-05 01:29:45.279 14012 14024 I art     : Starting a blocking GC Explicit
08-05 01:29:45.300 14012 14024 I art     : Explicit concurrent mark sweep GC freed 382(71KB) AllocSpace objects, 0(0B) LOS objects, 23% free, 52MB/68MB, paused 388us total 20.611ms
08-05 01:29:45.589 14012 15015 I art     : Starting a blocking GC Explicit
08-05 01:29:45.609 14012 15015 I art     : Explicit concurrent mark sweep GC freed 1344(78KB) AllocSpace objects, 1(20KB) LOS objects, 23% free, 52MB/68MB, paused 465us total 20.239ms
08-05 01:29:45.618 14012 15015 I art     : Starting a blocking GC Explicit
08-05 01:29:45.636 14012 15015 I art     : Explicit concurrent mark sweep GC freed 20(704B) AllocSpace objects, 0(0B) LOS objects, 23% free, 52MB/68MB, paused 395us total 17.385ms
08-05 01:29:45.644 14012 15015 I art     : Starting a blocking GC Explicit
08-05 01:29:45.661 14012 15015 I art     : Explicit concurrent mark sweep GC freed 3(96B) AllocSpace objects, 0(0B) LOS objects, 23% free, 52MB/68MB, paused 413us total 17.415ms
08-05 01:29:45.669 14012 15015 I art     : Starting a blocking GC Explicit
08-05 01:29:45.688 14012 15015 I art     : Explicit concurrent mark sweep GC freed 3(96B) AllocSpace objects, 0(0B) LOS objects, 23% free, 52MB/68MB, paused 396us total 19.011ms
08-05 01:29:45.697 14012 15015 I art     : Starting a blocking GC Explicit
08-05 01:29:45.716 14012 15015 I art     : Explicit concurrent mark sweep GC freed 3(96B) AllocSpace objects, 0(0B) LOS objects, 23% free, 52MB/68MB, paused 404us total 19.051ms
08-05 01:29:45.965 15520 15520 D AndroidRuntime: >>>>>> START com.android.internal.os.RuntimeInit uid 2000 <<<<<<
08-05 01:29:45.970 15520 15520 D AndroidRuntime: CheckJNI is OFF
08-05 01:29:45.976 14012 14101 I art     : Starting a blocking GC Explicit
08-05 01:29:45.996 14012 14101 I art     : Explicit concurrent mark sweep GC freed 1340(78KB) AllocSpace objects, 1(20KB) LOS objects, 23% free, 52MB/68MB, paused 420us total 20.013ms
08-05 01:29:46.004 14012 14101 I art     : Starting a blocking GC Explicit
08-05 01:29:46.008 15520 15520 D ICU     : No timezone override file found: /data/misc/zoneinfo/current/icu/icu_tzdata.dat
08-05 01:29:46.024 14012 14101 I art     : Explicit concurrent mark sweep GC freed 20(704B) AllocSpace objects, 0(0B) LOS objects, 23% free, 52MB/68MB, paused 405us total 19.231ms
08-05 01:29:46.032 14012 14101 I art     : Starting a blocking GC Explicit
08-05 01:29:46.044 15520 15520 I Radio-JNI: register_android_hardware_Radio DONE
08-05 01:29:46.051 14012 14101 I art     : Explicit concurrent mark sweep GC freed 3(96B) AllocSpace objects, 0(0B) LOS objects, 23% free, 52MB/68MB, paused 430us total 19.049ms
08-05 01:29:46.060 14012 14101 I art     : Starting a blocking GC Explicit
08-05 01:29:46.066 15520 15520 D AndroidRuntime: Calling main entry com.android.commands.input.Input
08-05 01:29:46.067 15520 15520 I Input   : injectKeyEvent: KeyEvent { action=ACTION_DOWN, keyCode=KEYCODE_BACK, scanCode=0, metaState=0, flags=0x0, repeatCount=0, eventTime=754202480, downTime=754202480, deviceId=-1, source=0x101 }
08-05 01:29:46.074 15520 15520 I Input   : injectKeyEvent: KeyEvent { action=ACTION_UP, keyCode=KEYCODE_BACK, scanCode=0, metaState=0, flags=0x0, repeatCount=0, eventTime=754202480, downTime=754202480, deviceId=-1, source=0x101 }
08-05 01:29:46.078 14012 14101 I art     : Explicit concurrent mark sweep GC freed 5(208B) AllocSpace objects, 0(0B) LOS objects, 23% free, 52MB/68MB, paused 461us total 18.084ms
08-05 01:29:46.081 15520 15520 D AndroidRuntime: Shutting down VM
08-05 01:29:46.086 14012 14101 I art     : Starting a blocking GC Explicit
08-05 01:29:46.105 14012 14101 I art     : Explicit concurrent mark sweep GC freed 148(6KB) AllocSpace objects, 0(0B) LOS objects, 23% free, 52MB/68MB, paused 397us total 17.983ms
08-05 01:29:46.112 13866 13866 I GoogleInputMethodServic: GoogleInputMethodService.onFinishInput():3138 
08-05 01:29:46.112 13866 13866 I GoogleInputMethodServic: GoogleInputMethodService.onStartInput():1808 
08-05 01:29:46.372 14012 14101 I art     : Starting a blocking GC Explicit
08-05 01:29:46.395 14012 14101 I art     : Explicit concurrent mark sweep GC freed 1403(80KB) AllocSpace objects, 1(20KB) LOS objects, 23% free, 52MB/68MB, paused 365us total 22.207ms
08-05 01:29:46.404 14012 14101 I art     : Starting a blocking GC Explicit
08-05 01:29:46.425 14012 14101 I art     : Explicit concurrent mark sweep GC freed 1087(52KB) AllocSpace objects, 0(0B) LOS objects, 23% free, 52MB/68MB, paused 394us total 20.757ms
08-05 01:29:46.432 14012 14101 I art     : Starting a blocking GC Explicit
08-05 01:29:46.450 14012 14101 I art     : Explicit concurrent mark sweep GC freed 120(6KB) AllocSpace objects, 0(0B) LOS objects, 23% free, 52MB/68MB, paused 382us total 17.619ms
08-05 01:29:46.458 14012 14101 I art     : Starting a blocking GC Explicit
08-05 01:29:46.475 14012 14101 I art     : Explicit concurrent mark sweep GC freed 1967(121KB) AllocSpace objects, 2(140KB) LOS objects, 23% free, 51MB/67MB, paused 382us total 17.442ms
08-05 01:29:46.483 14012 14101 I art     : Starting a blocking GC Explicit
08-05 01:29:46.500 14012 14101 I art     : Explicit concurrent mark sweep GC freed 3(96B) AllocSpace objects, 0(0B) LOS objects, 23% free, 51MB/67MB, paused 386us total 17.304ms
08-05 01:29:46.778 14012 14024 I art     : Starting a blocking GC Explicit
08-05 01:29:46.806 14012 14024 I art     : Explicit concurrent mark sweep GC freed 1340(78KB) AllocSpace objects, 1(20KB) LOS objects, 23% free, 51MB/67MB, paused 436us total 27.750ms
08-05 01:29:46.819 14012 14024 I art     : Starting a blocking GC Explicit
08-05 01:29:46.841 14012 14024 I art     : Explicit concurrent mark sweep GC freed 20(704B) AllocSpace objects, 0(0B) LOS objects, 23% free, 51MB/67MB, paused 410us total 21.753ms
08-05 01:29:46.850 14012 14024 I art     : Starting a blocking GC Explicit
08-05 01:29:46.869 14012 14024 I art     : Explicit concurrent mark sweep GC freed 3(96B) AllocSpace objects, 0(0B) LOS objects, 23% free, 51MB/67MB, paused 414us total 19.161ms
08-05 01:29:46.877 14012 14024 I art     : Starting a blocking GC Explicit
08-05 01:29:46.896 14012 14024 I art     : Explicit concurrent mark sweep GC freed 3(96B) AllocSpace objects, 0(0B) LOS objects, 23% free, 51MB/67MB, paused 393us total 18.741ms
08-05 01:29:46.905 14012 14024 I art     : Starting a blocking GC Explicit
08-05 01:29:46.924 14012 14024 I art     : Explicit concurrent mark sweep GC freed 3(96B) AllocSpace objects, 0(0B) LOS objects, 23% free, 51MB/67MB, paused 395us total 18.884ms
08-05 01:29:47.212 14012 14102 I art     : Starting a blocking GC Explicit
08-05 01:29:47.237 14012 14102 I art     : Explicit concurrent mark sweep GC freed 1338(78KB) AllocSpace objects, 1(20KB) LOS objects, 23% free, 51MB/67MB, paused 406us total 24.411ms
08-05 01:29:47.249 14012 14102 I art     : Starting a blocking GC Explicit
08-05 01:29:47.272 14012 14102 I art     : Explicit concurrent mark sweep GC freed 20(704B) AllocSpace objects, 0(0B) LOS objects, 23% free, 51MB/67MB, paused 417us total 22.715ms
08-05 01:29:47.281 14012 14102 I art     : Starting a blocking GC Explicit
08-05 01:29:47.300 14012 14102 I art     : Explicit concurrent mark sweep GC freed 3(96B) AllocSpace objects, 0(0B) LOS objects, 23% free, 51MB/67MB, paused 406us total 18.918ms
08-05 01:29:47.309 14012 14102 I art     : Starting a blocking GC Explicit
08-05 01:29:47.327 14012 14102 I art     : Explicit concurrent mark sweep GC freed 3(96B) AllocSpace objects, 0(0B) LOS objects, 23% free, 51MB/67MB, paused 444us total 17.528ms
08-05 01:29:47.335 14012 14102 I art     : Starting a blocking GC Explicit
08-05 01:29:47.353 14012 14102 I art     : Explicit concurrent mark sweep GC freed 3(96B) AllocSpace objects, 0(0B) LOS objects, 23% free, 51MB/67MB, paused 405us total 17.787ms
08-05 01:29:47.626 14012 14025 I art     : Starting a blocking GC Explicit
08-05 01:29:47.645 14012 14025 I art     : Explicit concurrent mark sweep GC freed 1338(78KB) AllocSpace objects, 1(20KB) LOS objects, 23% free, 51MB/67MB, paused 419us total 18.803ms
08-05 01:29:47.653 14012 14025 I art     : Starting a blocking GC Explicit
08-05 01:29:47.671 14012 14025 I art     : Explicit concurrent mark sweep GC freed 20(704B) AllocSpace objects, 0(0B) LOS objects, 23% free, 51MB/67MB, paused 411us total 18.090ms
08-05 01:29:47.679 14012 14025 I art     : Starting a blocking GC Explicit
08-05 01:29:47.698 14012 14025 I art     : Explicit concurrent mark sweep GC freed 3(96B) AllocSpace objects, 0(0B) LOS objects, 23% free, 51MB/67MB, paused 544us total 18.741ms
08-05 01:29:47.706 14012 14025 I art     : Starting a blocking GC Explicit
08-05 01:29:47.724 14012 14025 I art     : Explicit concurrent mark sweep GC freed 3(96B) AllocSpace objects, 0(0B) LOS objects, 23% free, 51MB/67MB, paused 412us total 17.935ms
08-05 01:29:47.733 14012 14025 I art     : Starting a blocking GC Explicit
08-05 01:29:47.741 15574 15574 D AndroidRuntime: >>>>>> START com.android.internal.os.RuntimeInit uid 2000 <<<<<<
08-05 01:29:47.746 15574 15574 D AndroidRuntime: CheckJNI is OFF
08-05 01:29:47.751 14012 14025 I art     : Explicit concurrent mark sweep GC freed 3(96B) AllocSpace objects, 0(0B) LOS objects, 23% free, 51MB/67MB, paused 446us total 18.470ms
08-05 01:29:47.779 15574 15574 D ICU     : No timezone override file found: /data/misc/zoneinfo/current/icu/icu_tzdata.dat
08-05 01:29:47.813 15574 15574 I Radio-JNI: register_android_hardware_Radio DONE
08-05 01:29:47.834 15574 15574 D AndroidRuntime: Calling main entry com.android.commands.input.Input
08-05 01:29:47.836 15574 15574 I Input   : injectMotionEvent: MotionEvent { action=ACTION_DOWN, actionButton=0, id[0]=0, x[0]=337.0, y[0]=1104.0, toolType[0]=TOOL_TYPE_UNKNOWN, buttonState=0, metaState=0, flags=0x0, edgeFlags=0x0, pointerCount=1, historySize=0, eventTime=754204249, downTime=754204249, deviceId=0, source=0x1002 }
08-05 01:29:47.842 15574 15574 I Input   : injectMotionEvent: MotionEvent { action=ACTION_UP, actionButton=0, id[0]=0, x[0]=337.0, y[0]=1104.0, toolType[0]=TOOL_TYPE_UNKNOWN, buttonState=0, metaState=0, flags=0x0, edgeFlags=0x0, pointerCount=1, historySize=0, eventTime=754204249, downTime=754204249, deviceId=0, source=0x1002 }
08-05 01:29:47.844   918  6110 I ActivityManager: START u0 {cmp=baseline.appteam.nith.hillffair/.activities.BattleDayActivity} from uid 10675 on display 0
08-05 01:29:47.852 15574 15574 D AndroidRuntime: Shutting down VM
08-05 01:29:47.934 13866 13866 I GoogleInputMethodServic: GoogleInputMethodService.onFinishInput():3138 
08-05 01:29:47.935 13866 13866 I GoogleInputMethodServic: GoogleInputMethodService.onStartInput():1808 
08-05 01:29:47.955   918   936 I ActivityManager: Displayed baseline.appteam.nith.hillffair/.activities.BattleDayActivity: +102ms
08-05 01:29:47.993 14012 14101 I art     : Starting a blocking GC Explicit
08-05 01:29:48.012 14012 14101 I art     : Explicit concurrent mark sweep GC freed 6361(383KB) AllocSpace objects, 1(20KB) LOS objects, 23% free, 52MB/68MB, paused 417us total 18.677ms
08-05 01:29:48.019 14012 14101 I art     : Starting a blocking GC Explicit
08-05 01:29:48.037 14012 14101 I art     : Explicit concurrent mark sweep GC freed 258(11KB) AllocSpace objects, 0(0B) LOS objects, 23% free, 52MB/68MB, paused 491us total 17.459ms
08-05 01:29:48.045 14012 14101 I art     : Starting a blocking GC Explicit
08-05 01:29:48.066 14012 14101 I art     : Explicit concurrent mark sweep GC freed 3(96B) AllocSpace objects, 0(0B) LOS objects, 23% free, 52MB/68MB, paused 465us total 20.635ms
08-05 01:29:48.075 14012 14101 I art     : Starting a blocking GC Explicit
08-05 01:29:48.097 14012 14101 I art     : Explicit concurrent mark sweep GC freed 3(96B) AllocSpace objects, 0(0B) LOS objects, 23% free, 52MB/68MB, paused 441us total 21.124ms
08-05 01:29:48.106 14012 14101 I art     : Starting a blocking GC Explicit
08-05 01:29:48.129 14012 14101 I art     : Explicit concurrent mark sweep GC freed 3(96B) AllocSpace objects, 0(0B) LOS objects, 23% free, 52MB/68MB, paused 482us total 22.846ms
08-05 01:29:48.208   380   380 W SurfaceFlinger: couldn't log to binary event log: overflow.
08-05 01:29:48.379 14012 14102 I art     : Starting a blocking GC Explicit
08-05 01:29:48.398 14012 14102 I art     : Explicit concurrent mark sweep GC freed 1425(83KB) AllocSpace objects, 1(20KB) LOS objects, 23% free, 52MB/68MB, paused 466us total 19.228ms
08-05 01:29:48.407 14012 14102 I art     : Starting a blocking GC Explicit
08-05 01:29:48.427 14012 14102 I art     : Explicit concurrent mark sweep GC freed 35(1232B) AllocSpace objects, 0(0B) LOS objects, 23% free, 52MB/68MB, paused 537us total 19.833ms
08-05 01:29:48.434 14012 14102 I art     : Starting a blocking GC Explicit
08-05 01:29:48.452 14012 14102 I art     : Explicit concurrent mark sweep GC freed 9(336B) AllocSpace objects, 0(0B) LOS objects, 23% free, 52MB/68MB, paused 432us total 17.045ms
08-05 01:29:48.460 14012 14102 I art     : Starting a blocking GC Explicit
08-05 01:29:48.477 14012 14102 I art     : Explicit concurrent mark sweep GC freed 13(480B) AllocSpace objects, 0(0B) LOS objects, 23% free, 52MB/68MB, paused 546us total 17.185ms
08-05 01:29:48.485 14012 14102 I art     : Starting a blocking GC Explicit
08-05 01:29:48.502 14012 14102 I art     : Explicit concurrent mark sweep GC freed 10(352B) AllocSpace objects, 0(0B) LOS objects, 23% free, 52MB/68MB, paused 425us total 17.473ms
08-05 01:29:48.547 14012 15600 D OkHttp  : --> GET https://api-hillfair-2k16.herokuapp.com/api/app/events/special http/1.1
08-05 01:29:48.587 14012 15600 D OkHttp  : <-- 200 OK https://api-hillfair-2k16.herokuapp.com/api/app/events/special (40ms, 554-byte body)
08-05 01:29:48.595 10296 10296 I ServiceManager: Waiting for service AtCmdFwd...
08-05 01:29:48.643 14012 14012 I NAPPA_EXPERIMENTATION: MetricNetworkRequestExecutionTime: REQUEST_DURATION_SYSTEM='764',REQUEST_DURATION_OKHTTP='40',REQUEST_SYNCHRONOUS='FALSE',RESPONSE_CODE='200',RESPONSE_METHOD='GET',RESPONSE_LENGTH_OKHTTP='554',RESPONSE_LENGTH_HEADER='554',REQUEST_PROTOCOL='http/1.1',REQUEST_URL='https://api-hillfair-2k16.herokuapp.com/api/app/events/special',
08-05 01:29:48.781 14012 14101 I art     : Starting a blocking GC Explicit
08-05 01:29:48.804 14012 14101 I art     : Explicit concurrent mark sweep GC freed 4980(313KB) AllocSpace objects, 4(220KB) LOS objects, 23% free, 52MB/68MB, paused 463us total 23.040ms
08-05 01:29:48.817 14012 14101 I art     : Starting a blocking GC Explicit
08-05 01:29:48.837 14012 14101 I art     : Explicit concurrent mark sweep GC freed 1064(121KB) AllocSpace objects, 0(0B) LOS objects, 23% free, 52MB/68MB, paused 470us total 19.357ms
08-05 01:29:48.845 14012 14101 I art     : Starting a blocking GC Explicit
08-05 01:29:48.865 14012 14101 I art     : Explicit concurrent mark sweep GC freed 3(96B) AllocSpace objects, 0(0B) LOS objects, 23% free, 52MB/68MB, paused 453us total 19.059ms
08-05 01:29:48.873 14012 14101 I art     : Starting a blocking GC Explicit
08-05 01:29:48.892 14012 14101 I art     : Explicit concurrent mark sweep GC freed 3(96B) AllocSpace objects, 0(0B) LOS objects, 23% free, 52MB/68MB, paused 405us total 19.001ms
08-05 01:29:48.900 14012 14101 I art     : Starting a blocking GC Explicit
08-05 01:29:48.920 14012 14101 I art     : Explicit concurrent mark sweep GC freed 3(96B) AllocSpace objects, 0(0B) LOS objects, 23% free, 52MB/68MB, paused 419us total 19.811ms
08-05 01:29:49.217 14012 14024 I art     : Starting a blocking GC Explicit
08-05 01:29:49.245 14012 14024 I art     : Explicit concurrent mark sweep GC freed 1340(78KB) AllocSpace objects, 1(20KB) LOS objects, 23% free, 52MB/68MB, paused 467us total 27.337ms
08-05 01:29:49.257 14012 14024 I art     : Starting a blocking GC Explicit
08-05 01:29:49.279 14012 14024 I art     : Explicit concurrent mark sweep GC freed 20(704B) AllocSpace objects, 0(0B) LOS objects, 23% free, 52MB/68MB, paused 438us total 21.666ms
08-05 01:29:49.288 14012 14024 I art     : Starting a blocking GC Explicit
08-05 01:29:49.309 14012 14024 I art     : Explicit concurrent mark sweep GC freed 3(96B) AllocSpace objects, 0(0B) LOS objects, 23% free, 52MB/68MB, paused 439us total 20.461ms
08-05 01:29:49.317 14012 14024 I art     : Starting a blocking GC Explicit
08-05 01:29:49.338 14012 14024 I art     : Explicit concurrent mark sweep GC freed 3(96B) AllocSpace objects, 0(0B) LOS objects, 23% free, 52MB/68MB, paused 437us total 20.185ms
08-05 01:29:49.346 14012 14024 I art     : Starting a blocking GC Explicit
08-05 01:29:49.367 14012 14024 I art     : Explicit concurrent mark sweep GC freed 3(96B) AllocSpace objects, 0(0B) LOS objects, 23% free, 52MB/68MB, paused 498us total 20.400ms
08-05 01:29:49.595 10296 10296 I ServiceManager: Waiting for service AtCmdFwd...
08-05 01:29:49.657 14012 14025 I art     : Starting a blocking GC Explicit
08-05 01:29:49.683 14012 14025 I art     : Explicit concurrent mark sweep GC freed 1340(78KB) AllocSpace objects, 1(20KB) LOS objects, 23% free, 52MB/68MB, paused 450us total 25.399ms
08-05 01:29:49.695 14012 14025 I art     : Starting a blocking GC Explicit
08-05 01:29:49.716 14012 14025 I art     : Explicit concurrent mark sweep GC freed 20(704B) AllocSpace objects, 0(0B) LOS objects, 23% free, 52MB/68MB, paused 419us total 20.814ms
08-05 01:29:49.725 14012 14025 I art     : Starting a blocking GC Explicit
08-05 01:29:49.746 14012 14025 I art     : Explicit concurrent mark sweep GC freed 3(96B) AllocSpace objects, 0(0B) LOS objects, 23% free, 52MB/68MB, paused 445us total 20.687ms
08-05 01:29:49.754 14012 14025 I art     : Starting a blocking GC Explicit
08-05 01:29:49.775 14012 14025 I art     : Explicit concurrent mark sweep GC freed 3(96B) AllocSpace objects, 0(0B) LOS objects, 23% free, 52MB/68MB, paused 415us total 20.137ms
08-05 01:29:49.783 14012 14025 I art     : Starting a blocking GC Explicit
08-05 01:29:49.804 14012 14025 I art     : Explicit concurrent mark sweep GC freed 3(96B) AllocSpace objects, 0(0B) LOS objects, 23% free, 52MB/68MB, paused 413us total 20.278ms
08-05 01:29:50.120 14012 15015 I art     : Starting a blocking GC Explicit
08-05 01:29:50.146 14012 15015 I art     : Explicit concurrent mark sweep GC freed 1340(78KB) AllocSpace objects, 1(20KB) LOS objects, 23% free, 52MB/68MB, paused 459us total 25.551ms
08-05 01:29:50.157 14012 15015 I art     : Starting a blocking GC Explicit
08-05 01:29:50.182 14012 15015 I art     : Explicit concurrent mark sweep GC freed 20(704B) AllocSpace objects, 0(0B) LOS objects, 23% free, 52MB/68MB, paused 500us total 24.217ms
08-05 01:29:50.194 14012 15015 I art     : Starting a blocking GC Explicit
08-05 01:29:50.215 14012 15015 I art     : Explicit concurrent mark sweep GC freed 3(96B) AllocSpace objects, 0(0B) LOS objects, 23% free, 52MB/68MB, paused 434us total 20.867ms
08-05 01:29:50.224 14012 15015 I art     : Starting a blocking GC Explicit
08-05 01:29:50.244 14012 15015 I art     : Explicit concurrent mark sweep GC freed 3(96B) AllocSpace objects, 0(0B) LOS objects, 23% free, 52MB/68MB, paused 419us total 20.412ms
08-05 01:29:50.253 14012 15015 I art     : Starting a blocking GC Explicit
08-05 01:29:50.273 14012 15015 I art     : Explicit concurrent mark sweep GC freed 3(96B) AllocSpace objects, 0(0B) LOS objects, 23% free, 52MB/68MB, paused 426us total 19.997ms
08-05 01:29:50.592 14012 14102 I art     : Starting a blocking GC Explicit
08-05 01:29:50.596 10296 10296 I ServiceManager: Waiting for service AtCmdFwd...
08-05 01:29:50.618 14012 14102 I art     : Explicit concurrent mark sweep GC freed 1340(78KB) AllocSpace objects, 1(20KB) LOS objects, 23% free, 52MB/68MB, paused 482us total 25.247ms
08-05 01:29:50.630 14012 14102 I art     : Starting a blocking GC Explicit
08-05 01:29:50.655 14012 14102 I art     : Explicit concurrent mark sweep GC freed 20(704B) AllocSpace objects, 0(0B) LOS objects, 23% free, 52MB/68MB, paused 513us total 25.300ms
08-05 01:29:50.666 14012 14102 I art     : Starting a blocking GC Explicit
08-05 01:29:50.687 14012 14102 I art     : Explicit concurrent mark sweep GC freed 3(96B) AllocSpace objects, 0(0B) LOS objects, 23% free, 52MB/68MB, paused 429us total 20.519ms
08-05 01:29:50.695 14012 14102 I art     : Starting a blocking GC Explicit
08-05 01:29:50.716 14012 14102 I art     : Explicit concurrent mark sweep GC freed 3(96B) AllocSpace objects, 0(0B) LOS objects, 23% free, 52MB/68MB, paused 429us total 20.736ms
08-05 01:29:50.725 14012 14102 I art     : Starting a blocking GC Explicit
08-05 01:29:50.746 14012 14102 I art     : Explicit concurrent mark sweep GC freed 3(96B) AllocSpace objects, 0(0B) LOS objects, 23% free, 52MB/68MB, paused 427us total 20.805ms
08-05 01:29:51.062 14012 14101 I art     : Starting a blocking GC Explicit
08-05 01:29:51.088 14012 14101 I art     : Explicit concurrent mark sweep GC freed 1340(78KB) AllocSpace objects, 1(20KB) LOS objects, 23% free, 52MB/68MB, paused 492us total 25.424ms
08-05 01:29:51.100 14012 14101 I art     : Starting a blocking GC Explicit
08-05 01:29:51.121 14012 14101 I art     : Explicit concurrent mark sweep GC freed 20(704B) AllocSpace objects, 0(0B) LOS objects, 23% free, 52MB/68MB, paused 418us total 20.568ms
08-05 01:29:51.130 14012 14101 I art     : Starting a blocking GC Explicit
08-05 01:29:51.150 14012 14101 I art     : Explicit concurrent mark sweep GC freed 3(96B) AllocSpace objects, 0(0B) LOS objects, 23% free, 52MB/68MB, paused 417us total 20.026ms
08-05 01:29:51.159 14012 14101 I art     : Starting a blocking GC Explicit
08-05 01:29:51.179 14012 14101 I art     : Explicit concurrent mark sweep GC freed 3(96B) AllocSpace objects, 0(0B) LOS objects, 23% free, 52MB/68MB, paused 420us total 20.629ms
08-05 01:29:51.188 14012 14101 I art     : Starting a blocking GC Explicit
08-05 01:29:51.209 14012 14101 I art     : Explicit concurrent mark sweep GC freed 3(96B) AllocSpace objects, 0(0B) LOS objects, 23% free, 52MB/68MB, paused 410us total 20.458ms
08-05 01:29:51.530 14012 14024 I art     : Starting a blocking GC Explicit
08-05 01:29:51.554 14012 14024 I art     : Explicit concurrent mark sweep GC freed 1340(78KB) AllocSpace objects, 1(20KB) LOS objects, 23% free, 52MB/68MB, paused 428us total 23.798ms
08-05 01:29:51.562 14012 14024 I art     : Starting a blocking GC Explicit
08-05 01:29:51.583 14012 14024 I art     : Explicit concurrent mark sweep GC freed 20(704B) AllocSpace objects, 0(0B) LOS objects, 23% free, 52MB/68MB, paused 437us total 20.494ms
08-05 01:29:51.592 14012 14024 I art     : Starting a blocking GC Explicit
08-05 01:29:51.597 10296 10296 I ServiceManager: Waiting for service AtCmdFwd...
08-05 01:29:51.613 14012 14024 I art     : Explicit concurrent mark sweep GC freed 3(96B) AllocSpace objects, 0(0B) LOS objects, 23% free, 52MB/68MB, paused 421us total 20.517ms
08-05 01:29:51.621 14012 14024 I art     : Starting a blocking GC Explicit
08-05 01:29:51.642 14012 14024 I art     : Explicit concurrent mark sweep GC freed 3(96B) AllocSpace objects, 0(0B) LOS objects, 23% free, 52MB/68MB, paused 426us total 20.160ms
08-05 01:29:51.650 14012 14024 I art     : Starting a blocking GC Explicit
08-05 01:29:51.671 14012 14024 I art     : Explicit concurrent mark sweep GC freed 3(96B) AllocSpace objects, 0(0B) LOS objects, 23% free, 52MB/68MB, paused 416us total 20.061ms
08-05 01:29:51.978 14012 14025 I art     : Starting a blocking GC Explicit
08-05 01:29:52.008 14012 14025 I art     : Explicit concurrent mark sweep GC freed 1340(78KB) AllocSpace objects, 1(20KB) LOS objects, 23% free, 52MB/68MB, paused 490us total 29.399ms
08-05 01:29:52.026 14012 14025 I art     : Starting a blocking GC Explicit
08-05 01:29:52.047 14012 14025 I art     : Explicit concurrent mark sweep GC freed 20(704B) AllocSpace objects, 0(0B) LOS objects, 23% free, 52MB/68MB, paused 470us total 20.766ms
08-05 01:29:52.056 14012 14025 I art     : Starting a blocking GC Explicit
08-05 01:29:52.076 14012 14025 I art     : Explicit concurrent mark sweep GC freed 3(96B) AllocSpace objects, 0(0B) LOS objects, 23% free, 52MB/68MB, paused 391us total 19.956ms
08-05 01:29:52.085 14012 14025 I art     : Starting a blocking GC Explicit
08-05 01:29:52.104 14012 14025 I art     : Explicit concurrent mark sweep GC freed 3(96B) AllocSpace objects, 0(0B) LOS objects, 23% free, 52MB/68MB, paused 410us total 19.034ms
08-05 01:29:52.112 14012 14025 I art     : Starting a blocking GC Explicit
08-05 01:29:52.132 14012 14025 I art     : Explicit concurrent mark sweep GC freed 3(96B) AllocSpace objects, 0(0B) LOS objects, 23% free, 52MB/68MB, paused 399us total 19.065ms
08-05 01:29:52.431 14012 15015 I art     : Starting a blocking GC Explicit
08-05 01:29:52.453 14012 15015 I art     : Explicit concurrent mark sweep GC freed 1340(78KB) AllocSpace objects, 1(20KB) LOS objects, 23% free, 52MB/68MB, paused 482us total 21.390ms
08-05 01:29:52.465 14012 15015 I art     : Starting a blocking GC Explicit
08-05 01:29:52.486 14012 15015 I art     : Explicit concurrent mark sweep GC freed 20(704B) AllocSpace objects, 0(0B) LOS objects, 23% free, 52MB/68MB, paused 431us total 20.540ms
08-05 01:29:52.494 14012 15015 I art     : Starting a blocking GC Explicit
08-05 01:29:52.514 14012 15015 I art     : Explicit concurrent mark sweep GC freed 3(96B) AllocSpace objects, 0(0B) LOS objects, 23% free, 52MB/68MB, paused 432us total 19.398ms
08-05 01:29:52.523 14012 15015 I art     : Starting a blocking GC Explicit
08-05 01:29:52.528 15702 15702 D AndroidRuntime: >>>>>> START com.android.internal.os.RuntimeInit uid 2000 <<<<<<
08-05 01:29:52.533 15702 15702 D AndroidRuntime: CheckJNI is OFF
08-05 01:29:52.543 14012 15015 I art     : Explicit concurrent mark sweep GC freed 3(96B) AllocSpace objects, 0(0B) LOS objects, 23% free, 52MB/68MB, paused 428us total 19.314ms
08-05 01:29:52.551 14012 15015 I art     : Starting a blocking GC Explicit
08-05 01:29:52.568 15702 15702 D ICU     : No timezone override file found: /data/misc/zoneinfo/current/icu/icu_tzdata.dat
08-05 01:29:52.570 14012 15015 I art     : Explicit concurrent mark sweep GC freed 3(96B) AllocSpace objects, 0(0B) LOS objects, 23% free, 52MB/68MB, paused 443us total 18.998ms
08-05 01:29:52.598 10296 10296 I ServiceManager: Waiting for service AtCmdFwd...
08-05 01:29:52.603 15702 15702 I Radio-JNI: register_android_hardware_Radio DONE
08-05 01:29:52.625 15702 15702 D AndroidRuntime: Calling main entry com.android.commands.input.Input
08-05 01:29:52.627 15702 15702 I Input   : injectMotionEvent: MotionEvent { action=ACTION_DOWN, actionButton=0, id[0]=0, x[0]=733.0, y[0]=645.0, toolType[0]=TOOL_TYPE_UNKNOWN, buttonState=0, metaState=0, flags=0x0, edgeFlags=0x0, pointerCount=1, historySize=0, eventTime=754209039, downTime=754209039, deviceId=0, source=0x1002 }
08-05 01:29:52.632 15702 15702 I Input   : injectMotionEvent: MotionEvent { action=ACTION_UP, actionButton=0, id[0]=0, x[0]=733.0, y[0]=645.0, toolType[0]=TOOL_TYPE_UNKNOWN, buttonState=0, metaState=0, flags=0x0, edgeFlags=0x0, pointerCount=1, historySize=0, eventTime=754209039, downTime=754209039, deviceId=0, source=0x1002 }
08-05 01:29:52.633   918  6112 I ActivityManager: START u0 {cmp=baseline.appteam.nith.hillffair/.activities.ClubActivity (has extras)} from uid 10675 on display 0
08-05 01:29:52.639 15702 15702 D AndroidRuntime: Shutting down VM
08-05 01:29:52.727   918   936 I ActivityManager: Displayed baseline.appteam.nith.hillffair/.activities.ClubActivity: +88ms
08-05 01:29:52.728 13866 13866 I GoogleInputMethodServic: GoogleInputMethodService.onFinishInput():3138 
08-05 01:29:52.733 13866 13866 I GoogleInputMethodServic: GoogleInputMethodService.onStartInput():1808 
08-05 01:29:52.809 14012 14101 I art     : Starting a blocking GC Explicit
08-05 01:29:52.830 14012 14101 I art     : Explicit concurrent mark sweep GC freed 5306(332KB) AllocSpace objects, 1(20KB) LOS objects, 23% free, 52MB/68MB, paused 440us total 19.920ms
08-05 01:29:52.838 14012 14101 I art     : Starting a blocking GC Explicit
08-05 01:29:52.863 14012 14101 I art     : Explicit concurrent mark sweep GC freed 212(9KB) AllocSpace objects, 0(0B) LOS objects, 23% free, 52MB/68MB, paused 659us total 24.328ms
08-05 01:29:52.873 14012 14101 I art     : Starting a blocking GC Explicit
08-05 01:29:52.898 14012 14101 I art     : Explicit concurrent mark sweep GC freed 3(96B) AllocSpace objects, 0(0B) LOS objects, 23% free, 52MB/68MB, paused 509us total 23.717ms
08-05 01:29:52.908 14012 14101 I art     : Starting a blocking GC Explicit
08-05 01:29:52.932 14012 14101 I art     : Explicit concurrent mark sweep GC freed 3(96B) AllocSpace objects, 0(0B) LOS objects, 23% free, 52MB/68MB, paused 481us total 24.039ms
08-05 01:29:52.942 14012 14101 I art     : Starting a blocking GC Explicit
08-05 01:29:52.968 14012 14101 I art     : Explicit concurrent mark sweep GC freed 3(96B) AllocSpace objects, 0(0B) LOS objects, 23% free, 52MB/68MB, paused 529us total 25.231ms
08-05 01:29:52.980   380   380 W SurfaceFlinger: couldn't log to binary event log: overflow.
08-05 01:29:53.154 14012 15725 D OkHttp  : --> GET https://api-hillfair-2k16.herokuapp.com/api/app/events/special/event?id=5806551bdcba0f490c70fd1f http/1.1
08-05 01:29:53.191 14012 15725 D OkHttp  : <-- 200 OK https://api-hillfair-2k16.herokuapp.com/api/app/events/special/event?id=5806551bdcba0f490c70fd1f (37ms, 795-byte body)
08-05 01:29:53.244 14012 14025 I art     : Starting a blocking GC Explicit
08-05 01:29:53.248 14012 14012 I NAPPA_EXPERIMENTATION: MetricNetworkRequestExecutionTime: REQUEST_DURATION_SYSTEM='582',REQUEST_DURATION_OKHTTP='37',REQUEST_SYNCHRONOUS='FALSE',RESPONSE_CODE='200',RESPONSE_METHOD='GET',RESPONSE_LENGTH_OKHTTP='795',RESPONSE_LENGTH_HEADER='795',REQUEST_PROTOCOL='http/1.1',REQUEST_URL='https://api-hillfair-2k16.herokuapp.com/api/app/events/special/event?id=5806551bdcba0f490c70fd1f',
08-05 01:29:53.267 14012 14025 I art     : Explicit concurrent mark sweep GC freed 4853(316KB) AllocSpace objects, 4(220KB) LOS objects, 23% free, 52MB/68MB, paused 849us total 23.167ms
08-05 01:29:53.277 14012 14025 I art     : Starting a blocking GC Explicit
08-05 01:29:53.298 14012 14025 I art     : Explicit concurrent mark sweep GC freed 1053(120KB) AllocSpace objects, 0(0B) LOS objects, 23% free, 52MB/68MB, paused 540us total 21.110ms
08-05 01:29:53.308 14012 14025 I art     : Starting a blocking GC Explicit
08-05 01:29:53.328 14012 14025 I art     : Explicit concurrent mark sweep GC freed 3(96B) AllocSpace objects, 0(0B) LOS objects, 23% free, 52MB/68MB, paused 458us total 19.540ms
08-05 01:29:53.335 14012 14025 I art     : Starting a blocking GC Explicit
08-05 01:29:53.355 14012 14025 I art     : Explicit concurrent mark sweep GC freed 3(96B) AllocSpace objects, 0(0B) LOS objects, 23% free, 52MB/68MB, paused 435us total 19.569ms
08-05 01:29:53.364 14012 14025 I art     : Starting a blocking GC Explicit
08-05 01:29:53.384 14012 14025 I art     : Explicit concurrent mark sweep GC freed 3(96B) AllocSpace objects, 0(0B) LOS objects, 23% free, 52MB/68MB, paused 471us total 19.953ms
08-05 01:29:53.598 10296 10296 W Atfwd_Sendcmd: AtCmdFwd service not published, waiting... retryCnt : 1
08-05 01:29:53.676 14012 14024 I art     : Starting a blocking GC Explicit
08-05 01:29:53.699 14012 14024 I art     : Explicit concurrent mark sweep GC freed 1341(78KB) AllocSpace objects, 1(20KB) LOS objects, 23% free, 52MB/68MB, paused 438us total 22.021ms
08-05 01:29:53.710 14012 14024 I art     : Starting a blocking GC Explicit
08-05 01:29:53.731 14012 14024 I art     : Explicit concurrent mark sweep GC freed 36(1264B) AllocSpace objects, 0(0B) LOS objects, 23% free, 52MB/68MB, paused 441us total 20.231ms
08-05 01:29:53.739 14012 14024 I art     : Starting a blocking GC Explicit
08-05 01:29:53.759 14012 14024 I art     : Explicit concurrent mark sweep GC freed 3(96B) AllocSpace objects, 0(0B) LOS objects, 23% free, 52MB/68MB, paused 442us total 20.364ms
08-05 01:29:53.768 14012 14024 I art     : Starting a blocking GC Explicit
08-05 01:29:53.789 14012 14024 I art     : Explicit concurrent mark sweep GC freed 3(96B) AllocSpace objects, 0(0B) LOS objects, 23% free, 52MB/68MB, paused 442us total 20.551ms
08-05 01:29:53.797 14012 14024 I art     : Starting a blocking GC Explicit
08-05 01:29:53.818 14012 14024 I art     : Explicit concurrent mark sweep GC freed 3(96B) AllocSpace objects, 0(0B) LOS objects, 23% free, 52MB/68MB, paused 428us total 20.366ms
08-05 01:29:54.097 14012 14102 I art     : Starting a blocking GC Explicit
08-05 01:29:54.119 14012 14102 I art     : Explicit concurrent mark sweep GC freed 1341(78KB) AllocSpace objects, 1(20KB) LOS objects, 23% free, 52MB/68MB, paused 490us total 22.523ms
08-05 01:29:54.131 14012 14102 I art     : Starting a blocking GC Explicit
08-05 01:29:54.153 14012 14102 I art     : Explicit concurrent mark sweep GC freed 20(704B) AllocSpace objects, 0(0B) LOS objects, 23% free, 52MB/68MB, paused 448us total 21.244ms
08-05 01:29:54.162 14012 14102 I art     : Starting a blocking GC Explicit
08-05 01:29:54.183 14012 14102 I art     : Explicit concurrent mark sweep GC freed 3(96B) AllocSpace objects, 0(0B) LOS objects, 23% free, 52MB/68MB, paused 455us total 20.990ms
08-05 01:29:54.191 14012 14102 I art     : Starting a blocking GC Explicit
08-05 01:29:54.213 14012 14102 I art     : Explicit concurrent mark sweep GC freed 3(96B) AllocSpace objects, 0(0B) LOS objects, 23% free, 52MB/68MB, paused 444us total 21.028ms
08-05 01:29:54.221 14012 14102 I art     : Starting a blocking GC Explicit
08-05 01:29:54.243 14012 14102 I art     : Explicit concurrent mark sweep GC freed 3(96B) AllocSpace objects, 0(0B) LOS objects, 23% free, 52MB/68MB, paused 447us total 21.552ms
08-05 01:29:54.563 14012 15015 I art     : Starting a blocking GC Explicit
08-05 01:29:54.590 14012 15015 I art     : Explicit concurrent mark sweep GC freed 1341(78KB) AllocSpace objects, 1(20KB) LOS objects, 23% free, 52MB/68MB, paused 481us total 26.735ms
08-05 01:29:54.602 14012 15015 I art     : Starting a blocking GC Explicit
08-05 01:29:54.625 14012 15015 I art     : Explicit concurrent mark sweep GC freed 20(704B) AllocSpace objects, 0(0B) LOS objects, 23% free, 52MB/68MB, paused 478us total 22.486ms
08-05 01:29:54.634 14012 15015 I art     : Starting a blocking GC Explicit
08-05 01:29:54.656 14012 15015 I art     : Explicit concurrent mark sweep GC freed 3(96B) AllocSpace objects, 0(0B) LOS objects, 23% free, 52MB/68MB, paused 457us total 21.831ms
08-05 01:29:54.665 14012 15015 I art     : Starting a blocking GC Explicit
08-05 01:29:54.686 14012 15015 I art     : Explicit concurrent mark sweep GC freed 3(96B) AllocSpace objects, 0(0B) LOS objects, 23% free, 52MB/68MB, paused 433us total 21.241ms
08-05 01:29:54.695 14012 15015 I art     : Starting a blocking GC Explicit
08-05 01:29:54.716 14012 15015 I art     : Explicit concurrent mark sweep GC freed 3(96B) AllocSpace objects, 0(0B) LOS objects, 23% free, 52MB/68MB, paused 442us total 21.481ms
08-05 01:29:54.854   918  3188 I hubconnection: sensorhub said: 'set_bias 3: -5.4336, 0.0000, 0.0000'
08-05 01:29:55.054 14012 14101 I art     : Starting a blocking GC Explicit
08-05 01:29:55.081 14012 14101 I art     : Explicit concurrent mark sweep GC freed 1341(78KB) AllocSpace objects, 1(20KB) LOS objects, 23% free, 52MB/68MB, paused 496us total 26.625ms
08-05 01:29:55.093 14012 14101 I art     : Starting a blocking GC Explicit
08-05 01:29:55.115 14012 14101 I art     : Explicit concurrent mark sweep GC freed 20(704B) AllocSpace objects, 0(0B) LOS objects, 23% free, 52MB/68MB, paused 453us total 21.852ms
08-05 01:29:55.123 14012 14101 I art     : Starting a blocking GC Explicit
08-05 01:29:55.145 14012 14101 I art     : Explicit concurrent mark sweep GC freed 3(96B) AllocSpace objects, 0(0B) LOS objects, 23% free, 52MB/68MB, paused 450us total 21.268ms
08-05 01:29:55.154 14012 14101 I art     : Starting a blocking GC Explicit
08-05 01:29:55.175 14012 14101 I art     : Explicit concurrent mark sweep GC freed 3(96B) AllocSpace objects, 0(0B) LOS objects, 23% free, 52MB/68MB, paused 443us total 21.473ms
08-05 01:29:55.184 14012 14101 I art     : Starting a blocking GC Explicit
08-05 01:29:55.206 14012 14101 I art     : Explicit concurrent mark sweep GC freed 3(96B) AllocSpace objects, 0(0B) LOS objects, 23% free, 52MB/68MB, paused 457us total 21.473ms
08-05 01:29:55.520 14012 14025 I art     : Starting a blocking GC Explicit
08-05 01:29:55.550 14012 14025 I art     : Explicit concurrent mark sweep GC freed 1341(78KB) AllocSpace objects, 1(20KB) LOS objects, 23% free, 52MB/68MB, paused 449us total 29.776ms
08-05 01:29:55.559 14012 14025 I art     : Starting a blocking GC Explicit
08-05 01:29:55.581 14012 14025 I art     : Explicit concurrent mark sweep GC freed 20(704B) AllocSpace objects, 0(0B) LOS objects, 23% free, 52MB/68MB, paused 452us total 21.711ms
08-05 01:29:55.590 14012 14025 I art     : Starting a blocking GC Explicit
08-05 01:29:55.611 14012 14025 I art     : Explicit concurrent mark sweep GC freed 3(96B) AllocSpace objects, 0(0B) LOS objects, 23% free, 52MB/68MB, paused 442us total 21.087ms
08-05 01:29:55.620 14012 14025 I art     : Starting a blocking GC Explicit
08-05 01:29:55.641 14012 14025 I art     : Explicit concurrent mark sweep GC freed 3(96B) AllocSpace objects, 0(0B) LOS objects, 23% free, 52MB/68MB, paused 452us total 21.055ms
08-05 01:29:55.650 14012 14025 I art     : Starting a blocking GC Explicit
08-05 01:29:55.672 14012 14025 I art     : Explicit concurrent mark sweep GC freed 3(96B) AllocSpace objects, 0(0B) LOS objects, 23% free, 52MB/68MB, paused 454us total 21.413ms
08-05 01:29:55.997 14012 14024 I art     : Starting a blocking GC Explicit
08-05 01:29:56.024 14012 14024 I art     : Explicit concurrent mark sweep GC freed 1341(78KB) AllocSpace objects, 1(20KB) LOS objects, 23% free, 52MB/68MB, paused 495us total 26.486ms
08-05 01:29:56.035 14012 14024 I art     : Starting a blocking GC Explicit
08-05 01:29:56.057 14012 14024 I art     : Explicit concurrent mark sweep GC freed 20(704B) AllocSpace objects, 0(0B) LOS objects, 23% free, 52MB/68MB, paused 581us total 21.611ms
08-05 01:29:56.066 14012 14024 I art     : Starting a blocking GC Explicit
08-05 01:29:56.088 14012 14024 I art     : Explicit concurrent mark sweep GC freed 3(96B) AllocSpace objects, 0(0B) LOS objects, 23% free, 52MB/68MB, paused 463us total 21.522ms
08-05 01:29:56.096 14012 14024 I art     : Starting a blocking GC Explicit
08-05 01:29:56.118 14012 14024 I art     : Explicit concurrent mark sweep GC freed 3(96B) AllocSpace objects, 0(0B) LOS objects, 23% free, 52MB/68MB, paused 457us total 20.860ms
08-05 01:29:56.118 14012 14022 I art     : WaitForGcToComplete blocked for 21.104ms for cause HeapTrim
08-05 01:29:56.127 14012 14024 I art     : Starting a blocking GC Explicit
08-05 01:29:56.148 14012 14024 I art     : Explicit concurrent mark sweep GC freed 3(96B) AllocSpace objects, 0(0B) LOS objects, 23% free, 52MB/68MB, paused 457us total 21.503ms
08-05 01:29:56.473 14012 14102 I art     : Starting a blocking GC Explicit
08-05 01:29:56.504 14012 14102 I art     : Explicit concurrent mark sweep GC freed 1341(78KB) AllocSpace objects, 1(20KB) LOS objects, 23% free, 52MB/68MB, paused 484us total 30.620ms
08-05 01:29:56.516 14012 14102 I art     : Starting a blocking GC Explicit
08-05 01:29:56.539 14012 14102 I art     : Explicit concurrent mark sweep GC freed 20(704B) AllocSpace objects, 0(0B) LOS objects, 23% free, 52MB/68MB, paused 457us total 21.939ms
08-05 01:29:56.548 14012 14102 I art     : Starting a blocking GC Explicit
08-05 01:29:56.569 14012 14102 I art     : Explicit concurrent mark sweep GC freed 3(96B) AllocSpace objects, 0(0B) LOS objects, 23% free, 52MB/68MB, paused 457us total 21.198ms
08-05 01:29:56.578 14012 14102 I art     : Starting a blocking GC Explicit
08-05 01:29:56.600 14012 14102 I art     : Explicit concurrent mark sweep GC freed 3(96B) AllocSpace objects, 0(0B) LOS objects, 23% free, 52MB/68MB, paused 450us total 21.798ms
08-05 01:29:56.609 14012 14102 I art     : Starting a blocking GC Explicit
08-05 01:29:56.630 14012 14102 I art     : Explicit concurrent mark sweep GC freed 3(96B) AllocSpace objects, 0(0B) LOS objects, 23% free, 52MB/68MB, paused 446us total 21.284ms
08-05 01:29:56.950 14012 15015 I art     : Starting a blocking GC Explicit
08-05 01:29:56.972 14012 15015 I art     : Explicit concurrent mark sweep GC freed 1341(78KB) AllocSpace objects, 1(20KB) LOS objects, 23% free, 52MB/68MB, paused 462us total 21.372ms
08-05 01:29:56.980 14012 15015 I art     : Starting a blocking GC Explicit
08-05 01:29:57.001 14012 15015 I art     : Explicit concurrent mark sweep GC freed 20(704B) AllocSpace objects, 0(0B) LOS objects, 23% free, 52MB/68MB, paused 444us total 20.391ms
08-05 01:29:57.010 14012 15015 I art     : Starting a blocking GC Explicit
08-05 01:29:57.030 14012 15015 I art     : Explicit concurrent mark sweep GC freed 3(96B) AllocSpace objects, 0(0B) LOS objects, 23% free, 52MB/68MB, paused 454us total 20.598ms
08-05 01:29:57.039 14012 15015 I art     : Starting a blocking GC Explicit
08-05 01:29:57.059 14012 15015 I art     : Explicit concurrent mark sweep GC freed 3(96B) AllocSpace objects, 0(0B) LOS objects, 23% free, 52MB/68MB, paused 452us total 20.330ms
08-05 01:29:57.068 14012 15015 I art     : Starting a blocking GC Explicit
08-05 01:29:57.089 14012 15015 I art     : Explicit concurrent mark sweep GC freed 3(96B) AllocSpace objects, 0(0B) LOS objects, 23% free, 52MB/68MB, paused 467us total 20.644ms
08-05 01:29:57.304 15838 15838 D AndroidRuntime: >>>>>> START com.android.internal.os.RuntimeInit uid 2000 <<<<<<
08-05 01:29:57.310 15838 15838 D AndroidRuntime: CheckJNI is OFF
08-05 01:29:57.344 15838 15838 D ICU     : No timezone override file found: /data/misc/zoneinfo/current/icu/icu_tzdata.dat
08-05 01:29:57.377 14012 14101 I art     : Starting a blocking GC Explicit
08-05 01:29:57.378 15838 15838 I Radio-JNI: register_android_hardware_Radio DONE
08-05 01:29:57.398 14012 14101 I art     : Explicit concurrent mark sweep GC freed 1341(78KB) AllocSpace objects, 1(20KB) LOS objects, 23% free, 52MB/68MB, paused 454us total 21.471ms
08-05 01:29:57.401 15838 15838 D AndroidRuntime: Calling main entry com.android.commands.input.Input
08-05 01:29:57.402 15838 15838 I Input   : injectKeyEvent: KeyEvent { action=ACTION_DOWN, keyCode=KEYCODE_BACK, scanCode=0, metaState=0, flags=0x0, repeatCount=0, eventTime=754213815, downTime=754213815, deviceId=-1, source=0x101 }
08-05 01:29:57.407 14012 14101 I art     : Starting a blocking GC Explicit
08-05 01:29:57.412 15838 15838 I Input   : injectKeyEvent: KeyEvent { action=ACTION_UP, keyCode=KEYCODE_BACK, scanCode=0, metaState=0, flags=0x0, repeatCount=0, eventTime=754213815, downTime=754213815, deviceId=-1, source=0x101 }
08-05 01:29:57.419 15838 15838 D AndroidRuntime: Shutting down VM
08-05 01:29:57.430 14012 14101 I art     : Explicit concurrent mark sweep GC freed 151(6KB) AllocSpace objects, 0(0B) LOS objects, 23% free, 52MB/68MB, paused 495us total 22.894ms
08-05 01:29:57.439 14012 14101 I art     : Starting a blocking GC Explicit
08-05 01:29:57.458 14012 14101 I art     : Explicit concurrent mark sweep GC freed 13(464B) AllocSpace objects, 0(0B) LOS objects, 23% free, 52MB/68MB, paused 416us total 18.825ms
08-05 01:29:57.466 14012 14101 I art     : Starting a blocking GC Explicit
08-05 01:29:57.466 13866 13866 I GoogleInputMethodServic: GoogleInputMethodService.onFinishInput():3138 
08-05 01:29:57.467 13866 13866 I GoogleInputMethodServic: GoogleInputMethodService.onStartInput():1808 
08-05 01:29:57.487 14012 14101 I art     : Explicit concurrent mark sweep GC freed 31(1152B) AllocSpace objects, 0(0B) LOS objects, 23% free, 52MB/68MB, paused 465us total 21.081ms
08-05 01:29:57.497 14012 14101 I art     : Starting a blocking GC Explicit
08-05 01:29:57.515 14012 14101 I art     : Explicit concurrent mark sweep GC freed 10(384B) AllocSpace objects, 0(0B) LOS objects, 23% free, 52MB/68MB, paused 428us total 18.056ms
08-05 01:29:57.757   918  3261 D WifiStateMachine: starting scan for "H369AA63323"WPA_PSK with 2412,5180
08-05 01:29:57.762 14012 14024 I art     : Starting a blocking GC Explicit
08-05 01:29:57.767   380   380 W SurfaceFlinger: couldn't log to binary event log: overflow.
08-05 01:29:57.784 14012 14024 I art     : Explicit concurrent mark sweep GC freed 1448(87KB) AllocSpace objects, 1(20KB) LOS objects, 23% free, 52MB/68MB, paused 428us total 21.402ms
08-05 01:29:57.792 14012 14024 I art     : Starting a blocking GC Explicit
08-05 01:29:57.811 14012 14024 I art     : Explicit concurrent mark sweep GC freed 130(6KB) AllocSpace objects, 0(0B) LOS objects, 23% free, 52MB/68MB, paused 433us total 18.918ms
08-05 01:29:57.818 14012 14024 I art     : Starting a blocking GC Explicit
08-05 01:29:57.837 14012 14024 I art     : Explicit concurrent mark sweep GC freed 1547(101KB) AllocSpace objects, 3(400KB) LOS objects, 23% free, 52MB/68MB, paused 547us total 18.510ms
08-05 01:29:57.845 14012 14024 I art     : Starting a blocking GC Explicit
08-05 01:29:57.863 14012 14024 I art     : Explicit concurrent mark sweep GC freed 3(96B) AllocSpace objects, 0(0B) LOS objects, 23% free, 52MB/68MB, paused 414us total 18.029ms
08-05 01:29:57.871 14012 14024 I art     : Starting a blocking GC Explicit
08-05 01:29:57.891 14012 14024 I art     : Explicit concurrent mark sweep GC freed 3(96B) AllocSpace objects, 0(0B) LOS objects, 23% free, 52MB/68MB, paused 428us total 19.609ms
08-05 01:29:58.179 14012 14025 I art     : Starting a blocking GC Explicit
08-05 01:29:58.208 14012 14025 I art     : Explicit concurrent mark sweep GC freed 1341(78KB) AllocSpace objects, 1(20KB) LOS objects, 23% free, 52MB/68MB, paused 520us total 29.053ms
08-05 01:29:58.220 14012 14025 I art     : Starting a blocking GC Explicit
08-05 01:29:58.242 14012 14025 I art     : Explicit concurrent mark sweep GC freed 20(704B) AllocSpace objects, 0(0B) LOS objects, 23% free, 52MB/68MB, paused 440us total 21.673ms
08-05 01:29:58.251 14012 14025 I art     : Starting a blocking GC Explicit
08-05 01:29:58.272 14012 14025 I art     : Explicit concurrent mark sweep GC freed 3(96B) AllocSpace objects, 0(0B) LOS objects, 23% free, 52MB/68MB, paused 463us total 20.728ms
08-05 01:29:58.280 14012 14025 I art     : Starting a blocking GC Explicit
08-05 01:29:58.301 14012 14025 I art     : Explicit concurrent mark sweep GC freed 3(96B) AllocSpace objects, 0(0B) LOS objects, 23% free, 52MB/68MB, paused 439us total 20.211ms
08-05 01:29:58.309 14012 14025 I art     : Starting a blocking GC Explicit
08-05 01:29:58.330 14012 14025 I art     : Explicit concurrent mark sweep GC freed 3(96B) AllocSpace objects, 0(0B) LOS objects, 23% free, 52MB/68MB, paused 433us total 21.011ms
08-05 01:29:58.599 10296 10296 I ServiceManager: Waiting for service AtCmdFwd...
08-05 01:29:58.605 14012 15015 I art     : Starting a blocking GC Explicit
08-05 01:29:58.629 14012 15015 I art     : Explicit concurrent mark sweep GC freed 1340(78KB) AllocSpace objects, 1(20KB) LOS objects, 23% free, 52MB/68MB, paused 485us total 23.893ms
08-05 01:29:58.641 14012 15015 I art     : Starting a blocking GC Explicit
08-05 01:29:58.661 14012 15015 I art     : Explicit concurrent mark sweep GC freed 20(704B) AllocSpace objects, 0(0B) LOS objects, 23% free, 52MB/68MB, paused 420us total 19.966ms
08-05 01:29:58.670 14012 15015 I art     : Starting a blocking GC Explicit
08-05 01:29:58.690 14012 15015 I art     : Explicit concurrent mark sweep GC freed 3(96B) AllocSpace objects, 0(0B) LOS objects, 23% free, 52MB/68MB, paused 428us total 19.739ms
08-05 01:29:58.698 14012 15015 I art     : Starting a blocking GC Explicit
08-05 01:29:58.718 14012 15015 I art     : Explicit concurrent mark sweep GC freed 3(96B) AllocSpace objects, 0(0B) LOS objects, 23% free, 52MB/68MB, paused 456us total 19.622ms
08-05 01:29:58.726 14012 15015 I art     : Starting a blocking GC Explicit
08-05 01:29:58.746 14012 15015 I art     : Explicit concurrent mark sweep GC freed 3(96B) AllocSpace objects, 0(0B) LOS objects, 23% free, 52MB/68MB, paused 448us total 19.807ms
08-05 01:29:59.017 14012 14102 I art     : Starting a blocking GC Explicit
08-05 01:29:59.042 14012 14102 I art     : Explicit concurrent mark sweep GC freed 1340(78KB) AllocSpace objects, 1(20KB) LOS objects, 23% free, 52MB/68MB, paused 619us total 24.725ms
08-05 01:29:59.054 14012 14102 I art     : Starting a blocking GC Explicit
08-05 01:29:59.073 15892 15892 D AndroidRuntime: >>>>>> START com.android.internal.os.RuntimeInit uid 2000 <<<<<<
08-05 01:29:59.075 14012 14102 I art     : Explicit concurrent mark sweep GC freed 20(704B) AllocSpace objects, 0(0B) LOS objects, 23% free, 52MB/68MB, paused 505us total 19.935ms
08-05 01:29:59.079 15892 15892 D AndroidRuntime: CheckJNI is OFF
08-05 01:29:59.083 14012 14102 I art     : Starting a blocking GC Explicit
08-05 01:29:59.102 14012 14102 I art     : Explicit concurrent mark sweep GC freed 3(96B) AllocSpace objects, 0(0B) LOS objects, 23% free, 52MB/68MB, paused 454us total 19.381ms
08-05 01:29:59.111 14012 14102 I art     : Starting a blocking GC Explicit
08-05 01:29:59.115 15892 15892 D ICU     : No timezone override file found: /data/misc/zoneinfo/current/icu/icu_tzdata.dat
08-05 01:29:59.131 14012 14102 I art     : Explicit concurrent mark sweep GC freed 3(96B) AllocSpace objects, 0(0B) LOS objects, 23% free, 52MB/68MB, paused 500us total 19.911ms
08-05 01:29:59.140 14012 14102 I art     : Starting a blocking GC Explicit
08-05 01:29:59.151 15892 15892 I Radio-JNI: register_android_hardware_Radio DONE
08-05 01:29:59.159 14012 14102 I art     : Explicit concurrent mark sweep GC freed 3(96B) AllocSpace objects, 0(0B) LOS objects, 23% free, 52MB/68MB, paused 498us total 19.496ms
08-05 01:29:59.174 15892 15892 D AndroidRuntime: Calling main entry com.android.commands.input.Input
08-05 01:29:59.175 15892 15892 I Input   : injectKeyEvent: KeyEvent { action=ACTION_DOWN, keyCode=KEYCODE_BACK, scanCode=0, metaState=0, flags=0x0, repeatCount=0, eventTime=754215589, downTime=754215589, deviceId=-1, source=0x101 }
08-05 01:29:59.181 15892 15892 I Input   : injectKeyEvent: KeyEvent { action=ACTION_UP, keyCode=KEYCODE_BACK, scanCode=0, metaState=0, flags=0x0, repeatCount=0, eventTime=754215589, downTime=754215589, deviceId=-1, source=0x101 }
08-05 01:29:59.186 15892 15892 D AndroidRuntime: Shutting down VM
08-05 01:29:59.227 13866 13866 I GoogleInputMethodServic: GoogleInputMethodService.onFinishInput():3138 
08-05 01:29:59.228 13866 13866 I GoogleInputMethodServic: GoogleInputMethodService.onStartInput():1808 
08-05 01:29:59.410 14012 15015 I art     : Starting a blocking GC Explicit
08-05 01:29:59.435 14012 15015 I art     : Explicit concurrent mark sweep GC freed 1550(87KB) AllocSpace objects, 1(20KB) LOS objects, 23% free, 52MB/68MB, paused 437us total 24.305ms
08-05 01:29:59.447 14012 15015 I art     : Starting a blocking GC Explicit
08-05 01:29:59.470 14012 15015 I art     : Explicit concurrent mark sweep GC freed 24(864B) AllocSpace objects, 0(0B) LOS objects, 23% free, 52MB/68MB, paused 397us total 22.578ms
08-05 01:29:59.482 14012 15015 I art     : Starting a blocking GC Explicit
08-05 01:29:59.506 14012 15015 I art     : Explicit concurrent mark sweep GC freed 3(96B) AllocSpace objects, 0(0B) LOS objects, 23% free, 52MB/68MB, paused 450us total 23.270ms
08-05 01:29:59.518 14012 15015 I art     : Starting a blocking GC Explicit
08-05 01:29:59.538 14012 15015 I art     : Explicit concurrent mark sweep GC freed 492(25KB) AllocSpace objects, 0(0B) LOS objects, 23% free, 52MB/68MB, paused 686us total 19.932ms
08-05 01:29:59.547 14012 15015 I art     : Starting a blocking GC Explicit
08-05 01:29:59.567 14012 15015 I art     : Explicit concurrent mark sweep GC freed 154(5KB) AllocSpace objects, 0(0B) LOS objects, 23% free, 52MB/68MB, paused 453us total 19.675ms
08-05 01:29:59.599 10296 10296 I ServiceManager: Waiting for service AtCmdFwd...
08-05 01:29:59.859 14012 14101 I art     : Starting a blocking GC Explicit
08-05 01:29:59.881 14012 14101 I art     : Explicit concurrent mark sweep GC freed 3426(206KB) AllocSpace objects, 3(160KB) LOS objects, 23% free, 52MB/68MB, paused 613us total 21.854ms
08-05 01:29:59.893 14012 14101 I art     : Starting a blocking GC Explicit
08-05 01:29:59.913 14012 14101 I art     : Explicit concurrent mark sweep GC freed 20(704B) AllocSpace objects, 0(0B) LOS objects, 23% free, 52MB/68MB, paused 433us total 20.162ms
08-05 01:29:59.922 14012 14101 I art     : Starting a blocking GC Explicit
08-05 01:29:59.942 14012 14101 I art     : Explicit concurrent mark sweep GC freed 3(96B) AllocSpace objects, 0(0B) LOS objects, 23% free, 52MB/68MB, paused 434us total 19.633ms
08-05 01:29:59.950 14012 14101 I art     : Starting a blocking GC Explicit
08-05 01:29:59.970 14012 14101 I art     : Explicit concurrent mark sweep GC freed 3(96B) AllocSpace objects, 0(0B) LOS objects, 23% free, 52MB/68MB, paused 435us total 19.502ms
08-05 01:29:59.978 14012 14101 I art     : Starting a blocking GC Explicit
08-05 01:29:59.998 14012 14101 I art     : Explicit concurrent mark sweep GC freed 3(96B) AllocSpace objects, 0(0B) LOS objects, 23% free, 52MB/68MB, paused 438us total 19.601ms
08-05 01:30:00.269 14012 14102 I art     : Starting a blocking GC Explicit
08-05 01:30:00.294 14012 14102 I art     : Explicit concurrent mark sweep GC freed 1338(78KB) AllocSpace objects, 1(20KB) LOS objects, 23% free, 52MB/68MB, paused 475us total 24.806ms
08-05 01:30:00.306 14012 14102 I art     : Starting a blocking GC Explicit
08-05 01:30:00.331 14012 14102 I art     : Explicit concurrent mark sweep GC freed 20(704B) AllocSpace objects, 0(0B) LOS objects, 23% free, 52MB/68MB, paused 470us total 23.860ms
08-05 01:30:00.340 14012 14102 I art     : Starting a blocking GC Explicit
08-05 01:30:00.361 14012 14102 I art     : Explicit concurrent mark sweep GC freed 3(96B) AllocSpace objects, 0(0B) LOS objects, 23% free, 52MB/68MB, paused 454us total 19.949ms
08-05 01:30:00.370 14012 14102 I art     : Starting a blocking GC Explicit
08-05 01:30:00.390 14012 14102 I art     : Explicit concurrent mark sweep GC freed 3(96B) AllocSpace objects, 0(0B) LOS objects, 23% free, 52MB/68MB, paused 451us total 19.941ms
08-05 01:30:00.398 14012 14102 I art     : Starting a blocking GC Explicit
08-05 01:30:00.417 14012 14102 I art     : Explicit concurrent mark sweep GC freed 3(96B) AllocSpace objects, 0(0B) LOS objects, 23% free, 52MB/68MB, paused 441us total 19.019ms
08-05 01:30:00.599 10296 10296 I ServiceManager: Waiting for service AtCmdFwd...
08-05 01:30:00.694 14012 14024 I art     : Starting a blocking GC Explicit
08-05 01:30:00.715 14012 14024 I art     : Explicit concurrent mark sweep GC freed 1338(78KB) AllocSpace objects, 1(20KB) LOS objects, 23% free, 52MB/68MB, paused 466us total 20.245ms
08-05 01:30:00.724 14012 14024 I art     : Starting a blocking GC Explicit
08-05 01:30:00.743 14012 14024 I art     : Explicit concurrent mark sweep GC freed 20(704B) AllocSpace objects, 0(0B) LOS objects, 23% free, 52MB/68MB, paused 455us total 18.950ms
08-05 01:30:00.751 14012 14024 I art     : Starting a blocking GC Explicit
08-05 01:30:00.770 14012 14024 I art     : Explicit concurrent mark sweep GC freed 3(96B) AllocSpace objects, 0(0B) LOS objects, 23% free, 52MB/68MB, paused 459us total 18.752ms
08-05 01:30:00.778 14012 14024 I art     : Starting a blocking GC Explicit
08-05 01:30:00.797 14012 14024 I art     : Explicit concurrent mark sweep GC freed 3(96B) AllocSpace objects, 0(0B) LOS objects, 23% free, 52MB/68MB, paused 491us total 19.151ms
08-05 01:30:00.806 14012 14024 I art     : Starting a blocking GC Explicit
08-05 01:30:00.825 14012 14024 I art     : Explicit concurrent mark sweep GC freed 3(96B) AllocSpace objects, 0(0B) LOS objects, 23% free, 52MB/68MB, paused 450us total 18.141ms
08-05 01:30:00.841 15947 15947 D AndroidRuntime: >>>>>> START com.android.internal.os.RuntimeInit uid 2000 <<<<<<
08-05 01:30:00.845 15947 15947 D AndroidRuntime: CheckJNI is OFF
08-05 01:30:00.879 15947 15947 D ICU     : No timezone override file found: /data/misc/zoneinfo/current/icu/icu_tzdata.dat
08-05 01:30:00.912 15947 15947 I Radio-JNI: register_android_hardware_Radio DONE
08-05 01:30:00.933 15947 15947 D AndroidRuntime: Calling main entry com.android.commands.input.Input
08-05 01:30:00.935 15947 15947 I Input   : injectMotionEvent: MotionEvent { action=ACTION_DOWN, actionButton=0, id[0]=0, x[0]=1053.0, y[0]=1173.0, toolType[0]=TOOL_TYPE_UNKNOWN, buttonState=0, metaState=0, flags=0x0, edgeFlags=0x0, pointerCount=1, historySize=0, eventTime=754217348, downTime=754217348, deviceId=0, source=0x1002 }
08-05 01:30:00.941 15947 15947 I Input   : injectMotionEvent: MotionEvent { action=ACTION_UP, actionButton=0, id[0]=0, x[0]=1053.0, y[0]=1173.0, toolType[0]=TOOL_TYPE_UNKNOWN, buttonState=0, metaState=0, flags=0x0, edgeFlags=0x0, pointerCount=1, historySize=0, eventTime=754217348, downTime=754217348, deviceId=0, source=0x1002 }
08-05 01:30:00.943   918  6110 I ActivityManager: START u0 {cmp=baseline.appteam.nith.hillffair/.activities.QuizActivity} from uid 10675 on display 0
08-05 01:30:00.950 15947 15947 D AndroidRuntime: Shutting down VM
08-05 01:30:01.070 14012 15015 I art     : Starting a blocking GC Explicit
08-05 01:30:01.073   918   936 I ActivityManager: Displayed baseline.appteam.nith.hillffair/.activities.QuizActivity: +122ms
08-05 01:30:01.074 13866 13866 I GoogleInputMethodServic: GoogleInputMethodService.onFinishInput():3138 
08-05 01:30:01.075 13866 13866 I GoogleInputMethodServic: GoogleInputMethodService.onStartInput():1808 
08-05 01:30:01.091 14012 15015 I art     : Explicit concurrent mark sweep GC freed 2153(142KB) AllocSpace objects, 1(20KB) LOS objects, 23% free, 52MB/68MB, paused 598us total 21.402ms
08-05 01:30:01.102 14012 15015 I art     : Starting a blocking GC Explicit
08-05 01:30:01.120 14012 15015 I art     : Explicit concurrent mark sweep GC freed 183(8KB) AllocSpace objects, 0(0B) LOS objects, 23% free, 52MB/68MB, paused 430us total 17.830ms
08-05 01:30:01.127 14012 15015 I art     : Starting a blocking GC Explicit
08-05 01:30:01.145 14012 15015 I art     : Explicit concurrent mark sweep GC freed 18(768B) AllocSpace objects, 0(0B) LOS objects, 23% free, 52MB/68MB, paused 403us total 17.779ms
08-05 01:30:01.154 14012 15015 I art     : Starting a blocking GC Explicit
08-05 01:30:01.174 14012 15015 I art     : Explicit concurrent mark sweep GC freed 15(576B) AllocSpace objects, 0(0B) LOS objects, 23% free, 52MB/68MB, paused 409us total 19.524ms
08-05 01:30:01.174 14012 14022 I art     : WaitForGcToComplete blocked for 19.823ms for cause HeapTrim
08-05 01:30:01.182 14012 15015 I art     : Starting a blocking GC Explicit
08-05 01:30:01.202 14012 15015 I art     : Explicit concurrent mark sweep GC freed 3(96B) AllocSpace objects, 0(0B) LOS objects, 23% free, 52MB/68MB, paused 426us total 19.025ms
08-05 01:30:01.322   380   380 W SurfaceFlinger: couldn't log to binary event log: overflow.
08-05 01:30:01.455 14012 14025 I art     : Starting a blocking GC Explicit
08-05 01:30:01.475 14012 14025 I art     : Explicit concurrent mark sweep GC freed 1410(82KB) AllocSpace objects, 1(20KB) LOS objects, 23% free, 52MB/68MB, paused 409us total 19.562ms
08-05 01:30:01.482 14012 14025 I art     : Starting a blocking GC Explicit
08-05 01:30:01.502 14012 14025 I art     : Explicit concurrent mark sweep GC freed 20(704B) AllocSpace objects, 0(0B) LOS objects, 23% free, 52MB/68MB, paused 431us total 19.201ms
08-05 01:30:01.510 14012 14025 I art     : Starting a blocking GC Explicit
08-05 01:30:01.530 14012 14025 I art     : Explicit concurrent mark sweep GC freed 3(96B) AllocSpace objects, 0(0B) LOS objects, 23% free, 52MB/68MB, paused 429us total 19.836ms
08-05 01:30:01.539 14012 14025 I art     : Starting a blocking GC Explicit
08-05 01:30:01.559 14012 14025 I art     : Explicit concurrent mark sweep GC freed 3(96B) AllocSpace objects, 0(0B) LOS objects, 23% free, 52MB/68MB, paused 428us total 20.444ms
08-05 01:30:01.568 14012 14025 I art     : Starting a blocking GC Explicit
08-05 01:30:01.588 14012 14025 I art     : Explicit concurrent mark sweep GC freed 3(96B) AllocSpace objects, 0(0B) LOS objects, 23% free, 52MB/68MB, paused 432us total 20.291ms
08-05 01:30:01.600 10296 10296 I ServiceManager: Waiting for service AtCmdFwd...
08-05 01:30:01.876 14012 14101 I art     : Starting a blocking GC Explicit
08-05 01:30:01.907 14012 14101 I art     : Explicit concurrent mark sweep GC freed 1353(78KB) AllocSpace objects, 1(20KB) LOS objects, 23% free, 52MB/68MB, paused 479us total 30.746ms
08-05 01:30:01.919 14012 14101 I art     : Starting a blocking GC Explicit
08-05 01:30:01.943 14012 14101 I art     : Explicit concurrent mark sweep GC freed 34(1136B) AllocSpace objects, 0(0B) LOS objects, 23% free, 52MB/68MB, paused 436us total 23.103ms
08-05 01:30:01.952 14012 14101 I art     : Starting a blocking GC Explicit
08-05 01:30:01.973 14012 14101 I art     : Explicit concurrent mark sweep GC freed 3(96B) AllocSpace objects, 0(0B) LOS objects, 23% free, 52MB/68MB, paused 438us total 20.970ms
08-05 01:30:01.982 14012 14101 I art     : Starting a blocking GC Explicit
08-05 01:30:02.002 14012 14101 I art     : Explicit concurrent mark sweep GC freed 3(96B) AllocSpace objects, 0(0B) LOS objects, 23% free, 52MB/68MB, paused 428us total 19.932ms
08-05 01:30:02.010 14012 14101 I art     : Starting a blocking GC Explicit
08-05 01:30:02.031 14012 14101 I art     : Explicit concurrent mark sweep GC freed 3(96B) AllocSpace objects, 0(0B) LOS objects, 23% free, 52MB/68MB, paused 431us total 20.266ms
08-05 01:30:02.312 14012 14102 I art     : Starting a blocking GC Explicit
08-05 01:30:02.337 14012 14102 I art     : Explicit concurrent mark sweep GC freed 1340(78KB) AllocSpace objects, 1(20KB) LOS objects, 23% free, 52MB/68MB, paused 476us total 25.140ms
08-05 01:30:02.349 14012 14102 I art     : Starting a blocking GC Explicit
08-05 01:30:02.370 14012 14102 I art     : Explicit concurrent mark sweep GC freed 20(704B) AllocSpace objects, 0(0B) LOS objects, 23% free, 52MB/68MB, paused 433us total 21.270ms
08-05 01:30:02.379 14012 14102 I art     : Starting a blocking GC Explicit
08-05 01:30:02.400 14012 14102 I art     : Explicit concurrent mark sweep GC freed 3(96B) AllocSpace objects, 0(0B) LOS objects, 23% free, 52MB/68MB, paused 430us total 20.731ms
08-05 01:30:02.409 14012 14102 I art     : Starting a blocking GC Explicit
08-05 01:30:02.429 14012 14102 I art     : Explicit concurrent mark sweep GC freed 3(96B) AllocSpace objects, 0(0B) LOS objects, 23% free, 52MB/68MB, paused 428us total 20.409ms
08-05 01:30:02.438 14012 14102 I art     : Starting a blocking GC Explicit
08-05 01:30:02.460 14012 14102 I art     : Explicit concurrent mark sweep GC freed 3(96B) AllocSpace objects, 0(0B) LOS objects, 23% free, 52MB/68MB, paused 437us total 21.198ms
08-05 01:30:02.601 10296 10296 I ServiceManager: Waiting for service AtCmdFwd...
08-05 01:30:02.769 14012 14102 I art     : Starting a blocking GC Explicit
08-05 01:30:02.791 14012 14102 I art     : Explicit concurrent mark sweep GC freed 1364(79KB) AllocSpace objects, 1(20KB) LOS objects, 23% free, 52MB/68MB, paused 407us total 21.818ms
08-05 01:30:02.800 14012 14102 I art     : Starting a blocking GC Explicit
08-05 01:30:02.821 14012 14102 I art     : Explicit concurrent mark sweep GC freed 24(832B) AllocSpace objects, 0(0B) LOS objects, 23% free, 52MB/68MB, paused 434us total 20.010ms
08-05 01:30:02.829 14012 14102 I art     : Starting a blocking GC Explicit
08-05 01:30:02.850 14012 14102 I art     : Explicit concurrent mark sweep GC freed 5(160B) AllocSpace objects, 0(0B) LOS objects, 23% free, 52MB/68MB, paused 459us total 20.593ms
08-05 01:30:02.859 14012 14102 I art     : Starting a blocking GC Explicit
08-05 01:30:02.878 14012 14102 I art     : Explicit concurrent mark sweep GC freed 3(96B) AllocSpace objects, 0(0B) LOS objects, 23% free, 52MB/68MB, paused 385us total 19.057ms
08-05 01:30:02.886 14012 14102 I art     : Starting a blocking GC Explicit
08-05 01:30:02.905 14012 14102 I art     : Explicit concurrent mark sweep GC freed 3(96B) AllocSpace objects, 0(0B) LOS objects, 23% free, 52MB/68MB, paused 428us total 18.682ms
08-05 01:30:03.231 14012 14024 I art     : Starting a blocking GC Explicit
08-05 01:30:03.252 14012 14024 I art     : Explicit concurrent mark sweep GC freed 1340(78KB) AllocSpace objects, 1(20KB) LOS objects, 23% free, 52MB/68MB, paused 443us total 20.972ms
08-05 01:30:03.261 14012 14024 I art     : Starting a blocking GC Explicit
08-05 01:30:03.281 14012 14024 I art     : Explicit concurrent mark sweep GC freed 20(704B) AllocSpace objects, 0(0B) LOS objects, 23% free, 52MB/68MB, paused 441us total 20.376ms
08-05 01:30:03.290 14012 14024 I art     : Starting a blocking GC Explicit
08-05 01:30:03.311 14012 14024 I art     : Explicit concurrent mark sweep GC freed 3(96B) AllocSpace objects, 0(0B) LOS objects, 23% free, 52MB/68MB, paused 428us total 20.482ms
08-05 01:30:03.319 14012 14024 I art     : Starting a blocking GC Explicit
08-05 01:30:03.339 14012 14024 I art     : Explicit concurrent mark sweep GC freed 3(96B) AllocSpace objects, 0(0B) LOS objects, 23% free, 52MB/68MB, paused 435us total 19.906ms
08-05 01:30:03.347 14012 14024 I art     : Starting a blocking GC Explicit
08-05 01:30:03.367 14012 14024 I art     : Explicit concurrent mark sweep GC freed 3(96B) AllocSpace objects, 0(0B) LOS objects, 23% free, 52MB/68MB, paused 488us total 19.401ms
08-05 01:30:03.600 16032 16032 D AndroidRuntime: >>>>>> START com.android.internal.os.RuntimeInit uid 2000 <<<<<<
08-05 01:30:03.601 10296 10296 W Atfwd_Sendcmd: AtCmdFwd service not published, waiting... retryCnt : 2
08-05 01:30:03.605 16032 16032 D AndroidRuntime: CheckJNI is OFF
08-05 01:30:03.638 16032 16032 D ICU     : No timezone override file found: /data/misc/zoneinfo/current/icu/icu_tzdata.dat
08-05 01:30:03.672 16032 16032 I Radio-JNI: register_android_hardware_Radio DONE
08-05 01:30:03.683 14012 14025 I art     : Starting a blocking GC Explicit
08-05 01:30:03.695 16032 16032 D AndroidRuntime: Calling main entry com.android.commands.input.Input
08-05 01:30:03.697 16032 16032 I Input   : injectMotionEvent: MotionEvent { action=ACTION_DOWN, actionButton=0, id[0]=0, x[0]=756.0, y[0]=1530.0, toolType[0]=TOOL_TYPE_UNKNOWN, buttonState=0, metaState=0, flags=0x0, edgeFlags=0x0, pointerCount=1, historySize=0, eventTime=754220109, downTime=754220109, deviceId=0, source=0x1002 }
08-05 01:30:03.701 16032 16032 I Input   : injectMotionEvent: MotionEvent { action=ACTION_UP, actionButton=0, id[0]=0, x[0]=756.0, y[0]=1530.0, toolType[0]=TOOL_TYPE_UNKNOWN, buttonState=0, metaState=0, flags=0x0, edgeFlags=0x0, pointerCount=1, historySize=0, eventTime=754220109, downTime=754220109, deviceId=0, source=0x1002 }
08-05 01:30:03.704 16032 16032 D AndroidRuntime: Shutting down VM
08-05 01:30:03.705 14012 14025 I art     : Explicit concurrent mark sweep GC freed 1350(78KB) AllocSpace objects, 1(20KB) LOS objects, 23% free, 52MB/68MB, paused 1.275ms total 21.313ms
08-05 01:30:03.713   918  6110 I ActivityManager: START u0 {cmp=baseline.appteam.nith.hillffair/.activities.LeaderBoardActivity} from uid 10675 on display 0
08-05 01:30:03.714 14012 14025 I art     : Starting a blocking GC Explicit
08-05 01:30:03.714   512  2967 D audio_hw_primary: out_set_parameters: enter: usecase(1: low-latency-playback) kvpairs: routing=2
08-05 01:30:03.728   512  2967 D audio_hw_primary: select_devices: out_snd_device(2: speaker) in_snd_device(0: none)
08-05 01:30:03.728   512  2967 D msm8974_platform: platform_send_audio_calibration: sending audio calibration for snd_device(2) acdb_id(15)
08-05 01:30:03.729   512  2967 I soundtrigger: audio_extn_sound_trigger_update_device_status: device 0x2 of type 0 for Event 1
08-05 01:30:03.736 14012 14025 I art     : Explicit concurrent mark sweep GC freed 471(33KB) AllocSpace objects, 0(0B) LOS objects, 23% free, 52MB/68MB, paused 604us total 22.251ms
08-05 01:30:03.738   512  2967 D audio_hw_primary: enable_snd_device: snd_device(2: speaker)
08-05 01:30:03.740   512  2967 D audio_hw_primary: enable_audio_route: apply and update mixer path: low-latency-playback speaker
08-05 01:30:03.744 14012 14025 I art     : Starting a blocking GC Explicit
08-05 01:30:03.764 14012 14025 I art     : Explicit concurrent mark sweep GC freed 4383(254KB) AllocSpace objects, 0(0B) LOS objects, 23% free, 52MB/68MB, paused 603us total 19.689ms
08-05 01:30:03.772 14012 14025 I art     : Starting a blocking GC Explicit
08-05 01:30:03.792 14012 14025 I art     : Explicit concurrent mark sweep GC freed 332(16KB) AllocSpace objects, 0(0B) LOS objects, 23% free, 52MB/68MB, paused 570us total 19.841ms
08-05 01:30:03.799 14012 14025 I art     : Starting a blocking GC Explicit
08-05 01:30:03.818 14012 14025 I art     : Explicit concurrent mark sweep GC freed 27(2224B) AllocSpace objects, 0(0B) LOS objects, 23% free, 52MB/68MB, paused 825us total 18.104ms
08-05 01:30:03.827 14012 14012 E RecyclerView: No adapter attached; skipping layout
08-05 01:30:03.832 14012 14012 E RecyclerView: No adapter attached; skipping layout
08-05 01:30:03.855 13866 13866 I GoogleInputMethodServic: GoogleInputMethodService.onFinishInput():3138 
08-05 01:30:03.855   918   936 I ActivityManager: Displayed baseline.appteam.nith.hillffair/.activities.LeaderBoardActivity: +133ms
08-05 01:30:03.857 14012 14012 E RecyclerView: No adapter attached; skipping layout
08-05 01:30:03.857 13866 13866 I GoogleInputMethodServic: GoogleInputMethodService.onStartInput():1808 
08-05 01:30:03.878 14012 14035 D OpenGLRenderer: endAllStagingAnimators on 0x7f81370800 (RippleDrawable) with handle 0x7f80e55da0
08-05 01:30:04.081 14012 14101 I art     : Starting a blocking GC Explicit
08-05 01:30:04.106 14012 14101 I art     : Explicit concurrent mark sweep GC freed 1527(85KB) AllocSpace objects, 1(20KB) LOS objects, 23% free, 52MB/68MB, paused 575us total 24.975ms
08-05 01:30:04.109   380   380 W SurfaceFlinger: couldn't log to binary event log: overflow.
08-05 01:30:04.117 14012 14101 I art     : Starting a blocking GC Explicit
08-05 01:30:04.136 14012 14101 I art     : Explicit concurrent mark sweep GC freed 45(1520B) AllocSpace objects, 0(0B) LOS objects, 23% free, 52MB/68MB, paused 456us total 18.824ms
08-05 01:30:04.144 14012 14101 I art     : Starting a blocking GC Explicit
08-05 01:30:04.162 14012 14101 I art     : Explicit concurrent mark sweep GC freed 4(128B) AllocSpace objects, 0(0B) LOS objects, 23% free, 52MB/68MB, paused 431us total 17.628ms
08-05 01:30:04.170 14012 14101 I art     : Starting a blocking GC Explicit
08-05 01:30:04.188 14012 14101 I art     : Explicit concurrent mark sweep GC freed 5(160B) AllocSpace objects, 0(0B) LOS objects, 23% free, 52MB/68MB, paused 460us total 18.129ms
08-05 01:30:04.196 14012 14101 I art     : Starting a blocking GC Explicit
08-05 01:30:04.215 14012 14101 I art     : Explicit concurrent mark sweep GC freed 4(128B) AllocSpace objects, 0(0B) LOS objects, 23% free, 52MB/68MB, paused 428us total 18.618ms
08-05 01:30:04.278   512  2967 D audio_hw_primary: disable_audio_route: reset and update mixer path: low-latency-playback speaker
08-05 01:30:04.279   512  2967 D audio_hw_primary: disable_snd_device: snd_device(2: speaker)
08-05 01:30:04.288   512  2967 I soundtrigger: audio_extn_sound_trigger_update_device_status: device 0x2 of type 0 for Event 0
08-05 01:30:04.433 14012 16056 D OkHttp  : --> GET https://api-hillfair-2k16.herokuapp.com/api/app/quiz/leaderboard?from=1 http/1.1
08-05 01:30:04.475 14012 16056 D OkHttp  : <-- 200 OK https://api-hillfair-2k16.herokuapp.com/api/app/quiz/leaderboard?from=1 (41ms, 56744-byte body)
08-05 01:30:04.496 14012 14102 I art     : Starting a blocking GC Explicit
08-05 01:30:04.521 14012 14102 I art     : Explicit concurrent mark sweep GC freed 21151(1022KB) AllocSpace objects, 4(220KB) LOS objects, 23% free, 52MB/68MB, paused 657us total 24.927ms
08-05 01:30:04.530 14012 14102 I art     : Starting a blocking GC Explicit
08-05 01:30:04.543 14012 14012 I NAPPA_EXPERIMENTATION: MetricNetworkRequestExecutionTime: REQUEST_DURATION_SYSTEM='790',REQUEST_DURATION_OKHTTP='42',REQUEST_SYNCHRONOUS='FALSE',RESPONSE_CODE='200',RESPONSE_METHOD='GET',RESPONSE_LENGTH_OKHTTP='56744',RESPONSE_LENGTH_HEADER='56744',REQUEST_PROTOCOL='http/1.1',REQUEST_URL='https://api-hillfair-2k16.herokuapp.com/api/app/quiz/leaderboard?from=1',
08-05 01:30:04.551 14012 14102 I art     : Explicit concurrent mark sweep GC freed 8903(482KB) AllocSpace objects, 0(0B) LOS objects, 23% free, 52MB/68MB, paused 513us total 20.527ms
08-05 01:30:04.559 14012 14102 I art     : Starting a blocking GC Explicit
08-05 01:30:04.580 14012 14102 I art     : Explicit concurrent mark sweep GC freed 594(43KB) AllocSpace objects, 0(0B) LOS objects, 23% free, 52MB/68MB, paused 746us total 20.183ms
08-05 01:30:04.588 14012 14102 I art     : Starting a blocking GC Explicit
08-05 01:30:04.609 14012 14102 I art     : Explicit concurrent mark sweep GC freed 644(26KB) AllocSpace objects, 0(0B) LOS objects, 23% free, 52MB/68MB, paused 749us total 21.140ms
08-05 01:30:04.617 14012 14102 I art     : Starting a blocking GC Explicit
08-05 01:30:04.637 14012 14102 I art     : Explicit concurrent mark sweep GC freed 167(6KB) AllocSpace objects, 0(0B) LOS objects, 23% free, 52MB/68MB, paused 487us total 19.702ms
08-05 01:30:04.901 14012 15015 I art     : Starting a blocking GC Explicit
08-05 01:30:04.925 14012 15015 I art     : Explicit concurrent mark sweep GC freed 1430(80KB) AllocSpace objects, 1(20KB) LOS objects, 23% free, 52MB/68MB, paused 467us total 24.187ms
08-05 01:30:04.937 14012 15015 I art     : Starting a blocking GC Explicit
08-05 01:30:04.964 14012 15015 I art     : Explicit concurrent mark sweep GC freed 20(704B) AllocSpace objects, 0(0B) LOS objects, 23% free, 52MB/68MB, paused 470us total 26.936ms
08-05 01:30:04.973 14012 15015 I art     : Starting a blocking GC Explicit
08-05 01:30:04.996 14012 15015 I art     : Explicit concurrent mark sweep GC freed 3(96B) AllocSpace objects, 0(0B) LOS objects, 23% free, 52MB/68MB, paused 459us total 22.639ms
08-05 01:30:05.005 14012 15015 I art     : Starting a blocking GC Explicit
08-05 01:30:05.028 14012 15015 I art     : Explicit concurrent mark sweep GC freed 3(96B) AllocSpace objects, 0(0B) LOS objects, 23% free, 52MB/68MB, paused 463us total 22.983ms
08-05 01:30:05.037 14012 15015 I art     : Starting a blocking GC Explicit
08-05 01:30:05.060 14012 15015 I art     : Explicit concurrent mark sweep GC freed 3(96B) AllocSpace objects, 0(0B) LOS objects, 23% free, 52MB/68MB, paused 472us total 23.151ms
08-05 01:30:05.358 14012 14101 I art     : Starting a blocking GC Explicit
08-05 01:30:05.387 14012 14101 I art     : Explicit concurrent mark sweep GC freed 1345(78KB) AllocSpace objects, 1(20KB) LOS objects, 23% free, 52MB/68MB, paused 489us total 28.885ms
08-05 01:30:05.399 14012 14101 I art     : Starting a blocking GC Explicit
08-05 01:30:05.424 14012 14101 I art     : Explicit concurrent mark sweep GC freed 20(704B) AllocSpace objects, 0(0B) LOS objects, 23% free, 52MB/68MB, paused 459us total 24.138ms
08-05 01:30:05.433 14012 14101 I art     : Starting a blocking GC Explicit
08-05 01:30:05.455 14012 14101 I art     : Explicit concurrent mark sweep GC freed 3(96B) AllocSpace objects, 0(0B) LOS objects, 23% free, 52MB/68MB, paused 477us total 22.576ms
08-05 01:30:05.465 14012 14101 I art     : Starting a blocking GC Explicit
08-05 01:30:05.488 14012 14101 I art     : Explicit concurrent mark sweep GC freed 3(96B) AllocSpace objects, 0(0B) LOS objects, 23% free, 52MB/68MB, paused 455us total 23.370ms
08-05 01:30:05.497 14012 14101 I art     : Starting a blocking GC Explicit
08-05 01:30:05.521 14012 14101 I art     : Explicit concurrent mark sweep GC freed 3(96B) AllocSpace objects, 0(0B) LOS objects, 23% free, 52MB/68MB, paused 456us total 23.414ms
08-05 01:30:05.834 14012 14025 I art     : Starting a blocking GC Explicit
08-05 01:30:05.863 14012 14025 I art     : Explicit concurrent mark sweep GC freed 1344(78KB) AllocSpace objects, 1(20KB) LOS objects, 23% free, 52MB/68MB, paused 509us total 29.251ms
08-05 01:30:05.876 14012 14025 I art     : Starting a blocking GC Explicit
08-05 01:30:05.899 14012 14025 I art     : Explicit concurrent mark sweep GC freed 20(704B) AllocSpace objects, 0(0B) LOS objects, 23% free, 52MB/68MB, paused 462us total 23.175ms
08-05 01:30:05.908 14012 14025 I art     : Starting a blocking GC Explicit
08-05 01:30:05.930 14012 14025 I art     : Explicit concurrent mark sweep GC freed 3(96B) AllocSpace objects, 0(0B) LOS objects, 23% free, 52MB/68MB, paused 440us total 22.173ms
08-05 01:30:05.939 14012 14025 I art     : Starting a blocking GC Explicit
08-05 01:30:05.963 14012 14025 I art     : Explicit concurrent mark sweep GC freed 3(96B) AllocSpace objects, 0(0B) LOS objects, 23% free, 52MB/68MB, paused 464us total 23.235ms
08-05 01:30:05.972 14012 14025 I art     : Starting a blocking GC Explicit
08-05 01:30:05.995 14012 14025 I art     : Explicit concurrent mark sweep GC freed 3(96B) AllocSpace objects, 0(0B) LOS objects, 23% free, 52MB/68MB, paused 456us total 22.959ms
08-05 01:30:06.303 14012 14102 I art     : Starting a blocking GC Explicit
08-05 01:30:06.329 14012 14102 I art     : Explicit concurrent mark sweep GC freed 1344(78KB) AllocSpace objects, 1(20KB) LOS objects, 23% free, 52MB/68MB, paused 464us total 25.835ms
08-05 01:30:06.338 14012 14102 I art     : Starting a blocking GC Explicit
08-05 01:30:06.362 14012 14102 I art     : Explicit concurrent mark sweep GC freed 20(704B) AllocSpace objects, 0(0B) LOS objects, 23% free, 52MB/68MB, paused 472us total 23.355ms
08-05 01:30:06.371 14012 14102 I art     : Starting a blocking GC Explicit
08-05 01:30:06.395 14012 14102 I art     : Explicit concurrent mark sweep GC freed 3(96B) AllocSpace objects, 0(0B) LOS objects, 23% free, 52MB/68MB, paused 455us total 23.312ms
08-05 01:30:06.404 14012 14102 I art     : Starting a blocking GC Explicit
08-05 01:30:06.427 14012 14102 I art     : Explicit concurrent mark sweep GC freed 3(96B) AllocSpace objects, 0(0B) LOS objects, 23% free, 52MB/68MB, paused 513us total 22.641ms
08-05 01:30:06.436 14012 14102 I art     : Starting a blocking GC Explicit
08-05 01:30:06.459 14012 14102 I art     : Explicit concurrent mark sweep GC freed 3(96B) AllocSpace objects, 0(0B) LOS objects, 23% free, 52MB/68MB, paused 452us total 23.241ms
08-05 01:30:06.781 14012 14024 I art     : Starting a blocking GC Explicit
08-05 01:30:06.810 14012 14024 I art     : Explicit concurrent mark sweep GC freed 1344(78KB) AllocSpace objects, 1(20KB) LOS objects, 23% free, 52MB/68MB, paused 500us total 28.400ms
08-05 01:30:06.822 14012 14024 I art     : Starting a blocking GC Explicit
08-05 01:30:06.846 14012 14024 I art     : Explicit concurrent mark sweep GC freed 20(704B) AllocSpace objects, 0(0B) LOS objects, 23% free, 52MB/68MB, paused 460us total 23.869ms
08-05 01:30:06.855 14012 14024 I art     : Starting a blocking GC Explicit
08-05 01:30:06.879 14012 14024 I art     : Explicit concurrent mark sweep GC freed 3(96B) AllocSpace objects, 0(0B) LOS objects, 23% free, 52MB/68MB, paused 472us total 23.583ms
08-05 01:30:06.888 14012 14024 I art     : Starting a blocking GC Explicit
08-05 01:30:06.911 14012 14024 I art     : Explicit concurrent mark sweep GC freed 3(96B) AllocSpace objects, 0(0B) LOS objects, 23% free, 52MB/68MB, paused 453us total 22.462ms
08-05 01:30:06.920 14012 14024 I art     : Starting a blocking GC Explicit
08-05 01:30:06.942 14012 14024 I art     : Explicit concurrent mark sweep GC freed 3(96B) AllocSpace objects, 0(0B) LOS objects, 23% free, 52MB/68MB, paused 433us total 22.261ms
08-05 01:30:07.248 14012 15015 I art     : Starting a blocking GC Explicit
08-05 01:30:07.274 14012 15015 I art     : Explicit concurrent mark sweep GC freed 1344(78KB) AllocSpace objects, 1(20KB) LOS objects, 23% free, 52MB/68MB, paused 450us total 25.368ms
08-05 01:30:07.283 14012 15015 I art     : Starting a blocking GC Explicit
08-05 01:30:07.307 14012 15015 I art     : Explicit concurrent mark sweep GC freed 20(704B) AllocSpace objects, 0(0B) LOS objects, 23% free, 52MB/68MB, paused 450us total 23.279ms
08-05 01:30:07.315 14012 15015 I art     : Starting a blocking GC Explicit
08-05 01:30:07.339 14012 15015 I art     : Explicit concurrent mark sweep GC freed 3(96B) AllocSpace objects, 0(0B) LOS objects, 23% free, 52MB/68MB, paused 453us total 22.937ms
08-05 01:30:07.348 14012 15015 I art     : Starting a blocking GC Explicit
08-05 01:30:07.371 14012 15015 I art     : Explicit concurrent mark sweep GC freed 3(96B) AllocSpace objects, 0(0B) LOS objects, 23% free, 52MB/68MB, paused 475us total 22.900ms
08-05 01:30:07.380 14012 15015 I art     : Starting a blocking GC Explicit
08-05 01:30:07.402 14012 15015 I art     : Explicit concurrent mark sweep GC freed 3(96B) AllocSpace objects, 0(0B) LOS objects, 23% free, 52MB/68MB, paused 452us total 21.874ms
08-05 01:30:07.724 14012 14101 I art     : Starting a blocking GC Explicit
08-05 01:30:07.755 14012 14101 I art     : Explicit concurrent mark sweep GC freed 1344(78KB) AllocSpace objects, 1(20KB) LOS objects, 23% free, 52MB/68MB, paused 536us total 30.207ms
08-05 01:30:07.774 14012 14101 I art     : Starting a blocking GC Explicit
08-05 01:30:07.797 14012 14101 I art     : Explicit concurrent mark sweep GC freed 20(704B) AllocSpace objects, 0(0B) LOS objects, 23% free, 52MB/68MB, paused 597us total 22.763ms
08-05 01:30:07.806 14012 14101 I art     : Starting a blocking GC Explicit
08-05 01:30:07.829 14012 14101 I art     : Explicit concurrent mark sweep GC freed 3(96B) AllocSpace objects, 0(0B) LOS objects, 23% free, 52MB/68MB, paused 447us total 22.792ms
08-05 01:30:07.838 14012 14101 I art     : Starting a blocking GC Explicit
08-05 01:30:07.861 14012 14101 I art     : Explicit concurrent mark sweep GC freed 3(96B) AllocSpace objects, 0(0B) LOS objects, 23% free, 52MB/68MB, paused 455us total 22.766ms
08-05 01:30:07.870 14012 14101 I art     : Starting a blocking GC Explicit
08-05 01:30:07.893 14012 14101 I art     : Explicit concurrent mark sweep GC freed 3(96B) AllocSpace objects, 0(0B) LOS objects, 23% free, 52MB/68MB, paused 440us total 22.566ms
08-05 01:30:08.147 14012 14025 I art     : Starting a blocking GC Explicit
08-05 01:30:08.170 14012 14025 I art     : Explicit concurrent mark sweep GC freed 1344(78KB) AllocSpace objects, 1(20KB) LOS objects, 23% free, 52MB/68MB, paused 479us total 22.909ms
08-05 01:30:08.179 14012 14025 I art     : Starting a blocking GC Explicit
08-05 01:30:08.202 14012 14025 I art     : Explicit concurrent mark sweep GC freed 20(704B) AllocSpace objects, 0(0B) LOS objects, 23% free, 52MB/68MB, paused 462us total 22.656ms
08-05 01:30:08.211 14012 14025 I art     : Starting a blocking GC Explicit
08-05 01:30:08.232 14012 14025 I art     : Explicit concurrent mark sweep GC freed 3(96B) AllocSpace objects, 0(0B) LOS objects, 23% free, 52MB/68MB, paused 463us total 21.501ms
08-05 01:30:08.241 14012 14025 I art     : Starting a blocking GC Explicit
08-05 01:30:08.263 14012 14025 I art     : Explicit concurrent mark sweep GC freed 3(96B) AllocSpace objects, 0(0B) LOS objects, 23% free, 52MB/68MB, paused 467us total 22.099ms
08-05 01:30:08.272 14012 14025 I art     : Starting a blocking GC Explicit
08-05 01:30:08.294 14012 14025 I art     : Explicit concurrent mark sweep GC freed 3(96B) AllocSpace objects, 0(0B) LOS objects, 23% free, 52MB/68MB, paused 462us total 22.109ms
08-05 01:30:08.392 16151 16151 D AndroidRuntime: >>>>>> START com.android.internal.os.RuntimeInit uid 2000 <<<<<<
08-05 01:30:08.398 16151 16151 D AndroidRuntime: CheckJNI is OFF
08-05 01:30:08.436 16151 16151 D ICU     : No timezone override file found: /data/misc/zoneinfo/current/icu/icu_tzdata.dat
08-05 01:30:08.475 16151 16151 I Radio-JNI: register_android_hardware_Radio DONE
08-05 01:30:08.497 16151 16151 D AndroidRuntime: Calling main entry com.android.commands.input.Input
08-05 01:30:08.499 16151 16151 I Input   : injectKeyEvent: KeyEvent { action=ACTION_DOWN, keyCode=KEYCODE_BACK, scanCode=0, metaState=0, flags=0x0, repeatCount=0, eventTime=754224912, downTime=754224912, deviceId=-1, source=0x101 }
08-05 01:30:08.504 16151 16151 I Input   : injectKeyEvent: KeyEvent { action=ACTION_UP, keyCode=KEYCODE_BACK, scanCode=0, metaState=0, flags=0x0, repeatCount=0, eventTime=754224912, downTime=754224912, deviceId=-1, source=0x101 }
08-05 01:30:08.510 16151 16151 D AndroidRuntime: Shutting down VM
08-05 01:30:08.555 13866 13866 I GoogleInputMethodServic: GoogleInputMethodService.onFinishInput():3138 
08-05 01:30:08.556 13866 13866 I GoogleInputMethodServic: GoogleInputMethodService.onStartInput():1808 
08-05 01:30:08.586 14012 14101 I art     : Starting a blocking GC Explicit
08-05 01:30:08.607 14012 14101 I art     : Explicit concurrent mark sweep GC freed 1481(84KB) AllocSpace objects, 1(20KB) LOS objects, 23% free, 52MB/68MB, paused 499us total 20.593ms
08-05 01:30:08.615 14012 14101 I art     : Starting a blocking GC Explicit
08-05 01:30:08.634 14012 14101 I art     : Explicit concurrent mark sweep GC freed 26(944B) AllocSpace objects, 0(0B) LOS objects, 23% free, 52MB/68MB, paused 413us total 19.188ms
08-05 01:30:08.643 14012 14101 I art     : Starting a blocking GC Explicit
08-05 01:30:08.665 14012 14101 I art     : Explicit concurrent mark sweep GC freed 3(96B) AllocSpace objects, 0(0B) LOS objects, 23% free, 52MB/68MB, paused 429us total 22.402ms
08-05 01:30:08.676 14012 14101 I art     : Starting a blocking GC Explicit
08-05 01:30:08.701 14012 14101 I art     : Explicit concurrent mark sweep GC freed 3(96B) AllocSpace objects, 0(0B) LOS objects, 23% free, 52MB/68MB, paused 509us total 23.843ms
08-05 01:30:08.711 14012 14101 I art     : Starting a blocking GC Explicit
08-05 01:30:08.741 14012 14101 I art     : Explicit concurrent mark sweep GC freed 3(96B) AllocSpace objects, 0(0B) LOS objects, 23% free, 52MB/68MB, paused 475us total 29.622ms
08-05 01:30:08.847   380   380 W SurfaceFlinger: couldn't log to binary event log: overflow.
08-05 01:30:08.987 14012 14101 I art     : Starting a blocking GC Explicit
08-05 01:30:09.012 14012 14101 I art     : Explicit concurrent mark sweep GC freed 1463(87KB) AllocSpace objects, 1(20KB) LOS objects, 23% free, 52MB/68MB, paused 499us total 24.992ms
08-05 01:30:09.026 14012 14101 I art     : Starting a blocking GC Explicit
08-05 01:30:09.048 14012 14101 I art     : Explicit concurrent mark sweep GC freed 4698(269KB) AllocSpace objects, 2(140KB) LOS objects, 23% free, 52MB/68MB, paused 474us total 22.210ms
08-05 01:30:09.057 14012 14101 I art     : Starting a blocking GC Explicit
08-05 01:30:09.078 14012 14101 I art     : Explicit concurrent mark sweep GC freed 3(96B) AllocSpace objects, 0(0B) LOS objects, 23% free, 52MB/68MB, paused 459us total 21.298ms
08-05 01:30:09.087 14012 14101 I art     : Starting a blocking GC Explicit
08-05 01:30:09.109 14012 14101 I art     : Explicit concurrent mark sweep GC freed 3(96B) AllocSpace objects, 0(0B) LOS objects, 23% free, 52MB/68MB, paused 456us total 21.527ms
08-05 01:30:09.118 14012 14101 I art     : Starting a blocking GC Explicit
08-05 01:30:09.140 14012 14101 I art     : Explicit concurrent mark sweep GC freed 3(96B) AllocSpace objects, 0(0B) LOS objects, 23% free, 52MB/68MB, paused 441us total 21.564ms
08-05 01:30:09.423 14012 15015 I art     : Starting a blocking GC Explicit
08-05 01:30:09.455 14012 15015 I art     : Explicit concurrent mark sweep GC freed 1344(78KB) AllocSpace objects, 1(20KB) LOS objects, 23% free, 52MB/68MB, paused 483us total 31.058ms
08-05 01:30:09.467 14012 15015 I art     : Starting a blocking GC Explicit
08-05 01:30:09.489 14012 15015 I art     : Explicit concurrent mark sweep GC freed 20(704B) AllocSpace objects, 0(0B) LOS objects, 23% free, 52MB/68MB, paused 469us total 21.922ms
08-05 01:30:09.498 14012 15015 I art     : Starting a blocking GC Explicit
08-05 01:30:09.519 14012 15015 I art     : Explicit concurrent mark sweep GC freed 3(96B) AllocSpace objects, 0(0B) LOS objects, 23% free, 52MB/68MB, paused 428us total 21.011ms
08-05 01:30:09.528 14012 15015 I art     : Starting a blocking GC Explicit
08-05 01:30:09.549 14012 15015 I art     : Explicit concurrent mark sweep GC freed 3(96B) AllocSpace objects, 0(0B) LOS objects, 23% free, 52MB/68MB, paused 444us total 20.853ms
08-05 01:30:09.557 14012 15015 I art     : Starting a blocking GC Explicit
08-05 01:30:09.579 14012 15015 I art     : Explicit concurrent mark sweep GC freed 3(96B) AllocSpace objects, 0(0B) LOS objects, 23% free, 52MB/68MB, paused 458us total 21.106ms
08-05 01:30:09.665   918  3188 I hubconnection: sensorhub said: 'set_bias 3: -6.2400, 0.0000, 0.0000'
08-05 01:30:09.845 14012 14024 I art     : Starting a blocking GC Explicit
08-05 01:30:09.866 14012 14024 I art     : Explicit concurrent mark sweep GC freed 1343(78KB) AllocSpace objects, 1(20KB) LOS objects, 23% free, 52MB/68MB, paused 464us total 20.729ms
08-05 01:30:09.874 14012 14024 I art     : Starting a blocking GC Explicit
08-05 01:30:09.896 14012 14024 I art     : Explicit concurrent mark sweep GC freed 20(704B) AllocSpace objects, 0(0B) LOS objects, 23% free, 52MB/68MB, paused 465us total 20.966ms
08-05 01:30:09.905 14012 14024 I art     : Starting a blocking GC Explicit
08-05 01:30:09.925 14012 14024 I art     : Explicit concurrent mark sweep GC freed 3(96B) AllocSpace objects, 0(0B) LOS objects, 23% free, 52MB/68MB, paused 457us total 20.109ms
08-05 01:30:09.934 14012 14024 I art     : Starting a blocking GC Explicit
08-05 01:30:09.954 14012 14024 I art     : Explicit concurrent mark sweep GC freed 3(96B) AllocSpace objects, 0(0B) LOS objects, 23% free, 52MB/68MB, paused 448us total 20.206ms
08-05 01:30:09.962 14012 14024 I art     : Starting a blocking GC Explicit
08-05 01:30:09.983 14012 14024 I art     : Explicit concurrent mark sweep GC freed 3(96B) AllocSpace objects, 0(0B) LOS objects, 23% free, 52MB/68MB, paused 461us total 20.043ms
08-05 01:30:10.185 16208 16208 D AndroidRuntime: >>>>>> START com.android.internal.os.RuntimeInit uid 2000 <<<<<<
08-05 01:30:10.190 16208 16208 D AndroidRuntime: CheckJNI is OFF
08-05 01:30:10.220 16208 16208 D ICU     : No timezone override file found: /data/misc/zoneinfo/current/icu/icu_tzdata.dat
08-05 01:30:10.251 16208 16208 I Radio-JNI: register_android_hardware_Radio DONE
08-05 01:30:10.270 14012 14024 I art     : Starting a blocking GC Explicit
08-05 01:30:10.272 16208 16208 D AndroidRuntime: Calling main entry com.android.commands.input.Input
08-05 01:30:10.274 16208 16208 I Input   : injectMotionEvent: MotionEvent { action=ACTION_DOWN, actionButton=0, id[0]=0, x[0]=648.0, y[0]=1050.0, toolType[0]=TOOL_TYPE_UNKNOWN, buttonState=0, metaState=0, flags=0x0, edgeFlags=0x0, pointerCount=1, historySize=0, eventTime=754226687, downTime=754226687, deviceId=0, source=0x1002 }
08-05 01:30:10.280 16208 16208 I Input   : injectMotionEvent: MotionEvent { action=ACTION_UP, actionButton=0, id[0]=0, x[0]=648.0, y[0]=1050.0, toolType[0]=TOOL_TYPE_UNKNOWN, buttonState=0, metaState=0, flags=0x0, edgeFlags=0x0, pointerCount=1, historySize=0, eventTime=754226687, downTime=754226687, deviceId=0, source=0x1002 }
08-05 01:30:10.284 16208 16208 D AndroidRuntime: Shutting down VM
08-05 01:30:10.289   918  3670 I ActivityManager: START u0 {cmp=baseline.appteam.nith.hillffair/.activities.InformationActivity} from uid 10675 on display 0
08-05 01:30:10.290   512  2967 D audio_hw_primary: out_set_parameters: enter: usecase(1: low-latency-playback) kvpairs: routing=2
08-05 01:30:10.293 14012 14024 I art     : Explicit concurrent mark sweep GC freed 1395(84KB) AllocSpace objects, 1(20KB) LOS objects, 23% free, 52MB/68MB, paused 738us total 22.920ms
08-05 01:30:10.302 14012 14024 I art     : Starting a blocking GC Explicit
08-05 01:30:10.304   512  2967 D audio_hw_primary: select_devices: out_snd_device(2: speaker) in_snd_device(0: none)
08-05 01:30:10.304   512  2967 D msm8974_platform: platform_send_audio_calibration: sending audio calibration for snd_device(2) acdb_id(15)
08-05 01:30:10.304   512  2967 I soundtrigger: audio_extn_sound_trigger_update_device_status: device 0x2 of type 0 for Event 1
08-05 01:30:10.313   512  2967 D audio_hw_primary: enable_snd_device: snd_device(2: speaker)
08-05 01:30:10.315   512  2967 D audio_hw_primary: enable_audio_route: apply and update mixer path: low-latency-playback speaker
08-05 01:30:10.321 14012 14024 I art     : Explicit concurrent mark sweep GC freed 427(26KB) AllocSpace objects, 0(0B) LOS objects, 23% free, 52MB/68MB, paused 607us total 18.764ms
08-05 01:30:10.329 14012 14024 I art     : Starting a blocking GC Explicit
08-05 01:30:10.350 14012 14024 I art     : Explicit concurrent mark sweep GC freed 452(42KB) AllocSpace objects, 0(0B) LOS objects, 23% free, 52MB/68MB, paused 555us total 20.234ms
08-05 01:30:10.358 14012 14024 I art     : Starting a blocking GC Explicit
08-05 01:30:10.377 14012 14024 I art     : Explicit concurrent mark sweep GC freed 172(9KB) AllocSpace objects, 0(0B) LOS objects, 23% free, 52MB/68MB, paused 493us total 19.145ms
08-05 01:30:10.385 14012 14024 I art     : Starting a blocking GC Explicit
08-05 01:30:10.405 14012 14024 I art     : Explicit concurrent mark sweep GC freed 111(3KB) AllocSpace objects, 0(0B) LOS objects, 23% free, 52MB/68MB, paused 515us total 20.391ms
08-05 01:30:10.426   918   936 I ActivityManager: Displayed baseline.appteam.nith.hillffair/.activities.InformationActivity: +124ms
08-05 01:30:10.427 13866 13866 I GoogleInputMethodServic: GoogleInputMethodService.onFinishInput():3138 
08-05 01:30:10.427 13866 13866 I GoogleInputMethodServic: GoogleInputMethodService.onStartInput():1808 
08-05 01:30:10.449 14012 14035 D OpenGLRenderer: endAllStagingAnimators on 0x7f7ff2cc00 (RippleDrawable) with handle 0x7f7da15140
08-05 01:30:10.677 14012 14102 I art     : Starting a blocking GC Explicit
08-05 01:30:10.698   380   380 W SurfaceFlinger: couldn't log to binary event log: overflow.
08-05 01:30:10.709 14012 14102 I art     : Explicit concurrent mark sweep GC freed 1400(80KB) AllocSpace objects, 1(20KB) LOS objects, 23% free, 52MB/68MB, paused 473us total 31.677ms
08-05 01:30:10.721 14012 14102 I art     : Starting a blocking GC Explicit
08-05 01:30:10.740 14012 14102 I art     : Explicit concurrent mark sweep GC freed 36(1232B) AllocSpace objects, 0(0B) LOS objects, 23% free, 52MB/68MB, paused 404us total 18.688ms
08-05 01:30:10.748 14012 14102 I art     : Starting a blocking GC Explicit
08-05 01:30:10.767 14012 14102 I art     : Explicit concurrent mark sweep GC freed 3(96B) AllocSpace objects, 0(0B) LOS objects, 23% free, 52MB/68MB, paused 455us total 18.540ms
08-05 01:30:10.775 14012 14102 I art     : Starting a blocking GC Explicit
08-05 01:30:10.793 14012 14102 I art     : Explicit concurrent mark sweep GC freed 3(96B) AllocSpace objects, 0(0B) LOS objects, 23% free, 52MB/68MB, paused 394us total 18.395ms
08-05 01:30:10.801 14012 14102 I art     : Starting a blocking GC Explicit
08-05 01:30:10.820 14012 14102 I art     : Explicit concurrent mark sweep GC freed 100(6KB) AllocSpace objects, 0(0B) LOS objects, 23% free, 52MB/68MB, paused 426us total 19.024ms
08-05 01:30:10.859   512  2967 D audio_hw_primary: disable_audio_route: reset and update mixer path: low-latency-playback speaker
08-05 01:30:10.859   512  2967 D audio_hw_primary: disable_snd_device: snd_device(2: speaker)
08-05 01:30:10.867   512  2967 I soundtrigger: audio_extn_sound_trigger_update_device_status: device 0x2 of type 0 for Event 0
08-05 01:30:11.110 14012 15015 I art     : Starting a blocking GC Explicit
08-05 01:30:11.140 14012 15015 I art     : Explicit concurrent mark sweep GC freed 1361(78KB) AllocSpace objects, 1(20KB) LOS objects, 23% free, 52MB/68MB, paused 467us total 30.525ms
08-05 01:30:11.153 14012 15015 I art     : Starting a blocking GC Explicit
08-05 01:30:11.176 14012 15015 I art     : Explicit concurrent mark sweep GC freed 20(704B) AllocSpace objects, 0(0B) LOS objects, 23% free, 52MB/68MB, paused 457us total 23.003ms
08-05 01:30:11.185 14012 15015 I art     : Starting a blocking GC Explicit
08-05 01:30:11.207 14012 15015 I art     : Explicit concurrent mark sweep GC freed 3(96B) AllocSpace objects, 0(0B) LOS objects, 23% free, 52MB/68MB, paused 483us total 22.223ms
08-05 01:30:11.216 14012 15015 I art     : Starting a blocking GC Explicit
08-05 01:30:11.239 14012 15015 I art     : Explicit concurrent mark sweep GC freed 3(96B) AllocSpace objects, 0(0B) LOS objects, 23% free, 52MB/68MB, paused 451us total 22.195ms
08-05 01:30:11.248 14012 15015 I art     : Starting a blocking GC Explicit
08-05 01:30:11.270 14012 15015 I art     : Explicit concurrent mark sweep GC freed 3(96B) AllocSpace objects, 0(0B) LOS objects, 23% free, 52MB/68MB, paused 506us total 22.021ms
08-05 01:30:11.551 14012 14101 I art     : Starting a blocking GC Explicit
08-05 01:30:11.585 14012 14101 I art     : Explicit concurrent mark sweep GC freed 1344(78KB) AllocSpace objects, 1(20KB) LOS objects, 23% free, 52MB/68MB, paused 677us total 33.461ms
08-05 01:30:11.598 14012 14101 I art     : Starting a blocking GC Explicit
08-05 01:30:11.620 14012 14101 I art     : Explicit concurrent mark sweep GC freed 20(704B) AllocSpace objects, 0(0B) LOS objects, 23% free, 52MB/68MB, paused 543us total 22.323ms
08-05 01:30:11.629 14012 14101 I art     : Starting a blocking GC Explicit
08-05 01:30:11.651 14012 14101 I art     : Explicit concurrent mark sweep GC freed 3(96B) AllocSpace objects, 0(0B) LOS objects, 23% free, 52MB/68MB, paused 445us total 21.734ms
08-05 01:30:11.660 14012 14101 I art     : Starting a blocking GC Explicit
08-05 01:30:11.682 14012 14101 I art     : Explicit concurrent mark sweep GC freed 3(96B) AllocSpace objects, 0(0B) LOS objects, 23% free, 52MB/68MB, paused 492us total 22.244ms
08-05 01:30:11.691 14012 14101 I art     : Starting a blocking GC Explicit
08-05 01:30:11.713 14012 14101 I art     : Explicit concurrent mark sweep GC freed 3(96B) AllocSpace objects, 0(0B) LOS objects, 23% free, 52MB/68MB, paused 453us total 21.724ms
08-05 01:30:12.018 14012 14101 I art     : Starting a blocking GC Explicit
08-05 01:30:12.041 14012 14101 I art     : Explicit concurrent mark sweep GC freed 1356(78KB) AllocSpace objects, 1(20KB) LOS objects, 23% free, 52MB/68MB, paused 448us total 23.191ms
08-05 01:30:12.050 14012 14101 I art     : Starting a blocking GC Explicit
08-05 01:30:12.072 14012 14101 I art     : Explicit concurrent mark sweep GC freed 23(800B) AllocSpace objects, 0(0B) LOS objects, 23% free, 52MB/68MB, paused 429us total 21.719ms
08-05 01:30:12.082 14012 14101 I art     : Starting a blocking GC Explicit
08-05 01:30:12.104 14012 14101 I art     : Explicit concurrent mark sweep GC freed 7(224B) AllocSpace objects, 0(0B) LOS objects, 23% free, 52MB/68MB, paused 412us total 21.816ms
08-05 01:30:12.114 14012 14101 I art     : Starting a blocking GC Explicit
08-05 01:30:12.135 14012 14101 I art     : Explicit concurrent mark sweep GC freed 6(192B) AllocSpace objects, 0(0B) LOS objects, 23% free, 52MB/68MB, paused 588us total 20.967ms
08-05 01:30:12.144 14012 14101 I art     : Starting a blocking GC Explicit
08-05 01:30:12.165 14012 14101 I art     : Explicit concurrent mark sweep GC freed 7(224B) AllocSpace objects, 0(0B) LOS objects, 23% free, 52MB/68MB, paused 445us total 21.322ms
08-05 01:30:12.479 14012 14101 I art     : Starting a blocking GC Explicit
08-05 01:30:12.512 14012 14101 I art     : Explicit concurrent mark sweep GC freed 1348(78KB) AllocSpace objects, 1(20KB) LOS objects, 23% free, 52MB/68MB, paused 514us total 32.047ms
08-05 01:30:12.525 14012 14101 I art     : Starting a blocking GC Explicit
08-05 01:30:12.552 14012 14101 I art     : Explicit concurrent mark sweep GC freed 20(704B) AllocSpace objects, 0(0B) LOS objects, 23% free, 52MB/68MB, paused 438us total 26.050ms
08-05 01:30:12.561 14012 14101 I art     : Starting a blocking GC Explicit
08-05 01:30:12.583 14012 14101 I art     : Explicit concurrent mark sweep GC freed 3(96B) AllocSpace objects, 0(0B) LOS objects, 23% free, 52MB/68MB, paused 438us total 22.057ms
08-05 01:30:12.592 14012 14101 I art     : Starting a blocking GC Explicit
08-05 01:30:12.614 14012 14101 I art     : Explicit concurrent mark sweep GC freed 3(96B) AllocSpace objects, 0(0B) LOS objects, 23% free, 52MB/68MB, paused 443us total 21.863ms
08-05 01:30:12.623 14012 14101 I art     : Starting a blocking GC Explicit
08-05 01:30:12.645 14012 14101 I art     : Explicit concurrent mark sweep GC freed 3(96B) AllocSpace objects, 0(0B) LOS objects, 23% free, 52MB/68MB, paused 450us total 21.823ms
08-05 01:30:12.955 14012 14024 I art     : Starting a blocking GC Explicit
08-05 01:30:12.989 14012 14024 I art     : Explicit concurrent mark sweep GC freed 1344(78KB) AllocSpace objects, 1(20KB) LOS objects, 23% free, 52MB/68MB, paused 791us total 33.323ms
08-05 01:30:13.006 14012 14024 I art     : Starting a blocking GC Explicit
08-05 01:30:13.027 14012 14024 I art     : Explicit concurrent mark sweep GC freed 20(704B) AllocSpace objects, 0(0B) LOS objects, 23% free, 52MB/68MB, paused 501us total 21.247ms
08-05 01:30:13.036 14012 14024 I art     : Starting a blocking GC Explicit
08-05 01:30:13.058 14012 14024 I art     : Explicit concurrent mark sweep GC freed 3(96B) AllocSpace objects, 0(0B) LOS objects, 23% free, 52MB/68MB, paused 449us total 21.855ms
08-05 01:30:13.067 14012 14024 I art     : Starting a blocking GC Explicit
08-05 01:30:13.090 14012 14024 I art     : Explicit concurrent mark sweep GC freed 3(96B) AllocSpace objects, 0(0B) LOS objects, 23% free, 52MB/68MB, paused 525us total 22.292ms
08-05 01:30:13.099 14012 14024 I art     : Starting a blocking GC Explicit
08-05 01:30:13.120 14012 14024 I art     : Explicit concurrent mark sweep GC freed 3(96B) AllocSpace objects, 0(0B) LOS objects, 23% free, 52MB/68MB, paused 443us total 21.706ms
08-05 01:30:13.460 14012 14102 I art     : Starting a blocking GC Explicit
08-05 01:30:13.492 14012 14102 I art     : Explicit concurrent mark sweep GC freed 1344(78KB) AllocSpace objects, 1(20KB) LOS objects, 23% free, 52MB/68MB, paused 513us total 30.999ms
08-05 01:30:13.504 14012 14102 I art     : Starting a blocking GC Explicit
08-05 01:30:13.525 14012 14102 I art     : Explicit concurrent mark sweep GC freed 20(704B) AllocSpace objects, 0(0B) LOS objects, 23% free, 52MB/68MB, paused 461us total 21.163ms
08-05 01:30:13.534 14012 14102 I art     : Starting a blocking GC Explicit
08-05 01:30:13.554 14012 14102 I art     : Explicit concurrent mark sweep GC freed 3(96B) AllocSpace objects, 0(0B) LOS objects, 23% free, 52MB/68MB, paused 427us total 19.529ms
08-05 01:30:13.562 14012 14102 I art     : Starting a blocking GC Explicit
08-05 01:30:13.583 14012 14102 I art     : Explicit concurrent mark sweep GC freed 3(96B) AllocSpace objects, 0(0B) LOS objects, 23% free, 52MB/68MB, paused 432us total 20.704ms
08-05 01:30:13.591 14012 14102 I art     : Starting a blocking GC Explicit
08-05 01:30:13.602 10296 10296 I ServiceManager: Waiting for service AtCmdFwd...
08-05 01:30:13.612 14012 14102 I art     : Explicit concurrent mark sweep GC freed 3(96B) AllocSpace objects, 0(0B) LOS objects, 23% free, 52MB/68MB, paused 437us total 20.901ms
08-05 01:30:13.929 14012 15015 I art     : Starting a blocking GC Explicit
08-05 01:30:13.960 14012 15015 I art     : Explicit concurrent mark sweep GC freed 1344(78KB) AllocSpace objects, 1(20KB) LOS objects, 23% free, 52MB/68MB, paused 611us total 30.859ms
08-05 01:30:13.972 14012 15015 I art     : Starting a blocking GC Explicit
08-05 01:30:13.994 14012 15015 I art     : Explicit concurrent mark sweep GC freed 20(704B) AllocSpace objects, 0(0B) LOS objects, 23% free, 52MB/68MB, paused 500us total 21.929ms
08-05 01:30:14.003 14012 15015 I art     : Starting a blocking GC Explicit
08-05 01:30:14.025 14012 15015 I art     : Explicit concurrent mark sweep GC freed 3(96B) AllocSpace objects, 0(0B) LOS objects, 23% free, 52MB/68MB, paused 439us total 21.734ms
08-05 01:30:14.034 14012 15015 I art     : Starting a blocking GC Explicit
08-05 01:30:14.056 14012 15015 I art     : Explicit concurrent mark sweep GC freed 3(96B) AllocSpace objects, 0(0B) LOS objects, 23% free, 52MB/68MB, paused 448us total 22.171ms
08-05 01:30:14.065 14012 15015 I art     : Starting a blocking GC Explicit
08-05 01:30:14.087 14012 15015 I art     : Explicit concurrent mark sweep GC freed 3(96B) AllocSpace objects, 0(0B) LOS objects, 23% free, 52MB/68MB, paused 517us total 21.386ms
08-05 01:30:14.412 14012 14025 I art     : Starting a blocking GC Explicit
08-05 01:30:14.440 14012 14025 I art     : Explicit concurrent mark sweep GC freed 1344(78KB) AllocSpace objects, 1(20KB) LOS objects, 23% free, 52MB/68MB, paused 520us total 27.528ms
08-05 01:30:14.452 14012 14025 I art     : Starting a blocking GC Explicit
08-05 01:30:14.474 14012 14025 I art     : Explicit concurrent mark sweep GC freed 20(704B) AllocSpace objects, 0(0B) LOS objects, 23% free, 52MB/68MB, paused 448us total 21.677ms
08-05 01:30:14.482 14012 14025 I art     : Starting a blocking GC Explicit
08-05 01:30:14.505 14012 14025 I art     : Explicit concurrent mark sweep GC freed 3(96B) AllocSpace objects, 0(0B) LOS objects, 23% free, 52MB/68MB, paused 448us total 21.902ms
08-05 01:30:14.514 14012 14025 I art     : Starting a blocking GC Explicit
08-05 01:30:14.535 14012 14025 I art     : Explicit concurrent mark sweep GC freed 3(96B) AllocSpace objects, 0(0B) LOS objects, 23% free, 52MB/68MB, paused 455us total 21.206ms
08-05 01:30:14.544 14012 14025 I art     : Starting a blocking GC Explicit
08-05 01:30:14.565 14012 14025 I art     : Explicit concurrent mark sweep GC freed 3(96B) AllocSpace objects, 0(0B) LOS objects, 23% free, 52MB/68MB, paused 432us total 19.995ms
08-05 01:30:14.602 10296 10296 I ServiceManager: Waiting for service AtCmdFwd...
08-05 01:30:14.842 14012 14101 I art     : Starting a blocking GC Explicit
08-05 01:30:14.868 14012 14101 I art     : Explicit concurrent mark sweep GC freed 1344(78KB) AllocSpace objects, 1(20KB) LOS objects, 23% free, 52MB/68MB, paused 737us total 26.028ms
08-05 01:30:14.881 14012 14101 I art     : Starting a blocking GC Explicit
08-05 01:30:14.902 14012 14101 I art     : Explicit concurrent mark sweep GC freed 20(704B) AllocSpace objects, 0(0B) LOS objects, 23% free, 52MB/68MB, paused 486us total 21.451ms
08-05 01:30:14.911 14012 14101 I art     : Starting a blocking GC Explicit
08-05 01:30:14.932 14012 14101 I art     : Explicit concurrent mark sweep GC freed 3(96B) AllocSpace objects, 0(0B) LOS objects, 23% free, 52MB/68MB, paused 455us total 21.031ms
08-05 01:30:14.941 14012 14101 I art     : Starting a blocking GC Explicit
08-05 01:30:14.962 14012 14101 I art     : Explicit concurrent mark sweep GC freed 3(96B) AllocSpace objects, 0(0B) LOS objects, 23% free, 52MB/68MB, paused 447us total 20.594ms
08-05 01:30:14.969 16331 16331 D AndroidRuntime: >>>>>> START com.android.internal.os.RuntimeInit uid 2000 <<<<<<
08-05 01:30:14.970 14012 14101 I art     : Starting a blocking GC Explicit
08-05 01:30:14.974 16331 16331 D AndroidRuntime: CheckJNI is OFF
08-05 01:30:14.991 14012 14101 I art     : Explicit concurrent mark sweep GC freed 3(96B) AllocSpace objects, 0(0B) LOS objects, 23% free, 52MB/68MB, paused 484us total 20.888ms
08-05 01:30:15.010 16331 16331 D ICU     : No timezone override file found: /data/misc/zoneinfo/current/icu/icu_tzdata.dat
08-05 01:30:15.042 16331 16331 I Radio-JNI: register_android_hardware_Radio DONE
08-05 01:30:15.064 16331 16331 D AndroidRuntime: Calling main entry com.android.commands.input.Input
08-05 01:30:15.065 16331 16331 I Input   : injectKeyEvent: KeyEvent { action=ACTION_DOWN, keyCode=KEYCODE_BACK, scanCode=0, metaState=0, flags=0x0, repeatCount=0, eventTime=754231478, downTime=754231478, deviceId=-1, source=0x101 }
08-05 01:30:15.071 16331 16331 I Input   : injectKeyEvent: KeyEvent { action=ACTION_UP, keyCode=KEYCODE_BACK, scanCode=0, metaState=0, flags=0x0, repeatCount=0, eventTime=754231478, downTime=754231478, deviceId=-1, source=0x101 }
08-05 01:30:15.077 16331 16331 D AndroidRuntime: Shutting down VM
08-05 01:30:15.115 13866 13866 I GoogleInputMethodServic: GoogleInputMethodService.onFinishInput():3138 
08-05 01:30:15.116 13866 13866 I GoogleInputMethodServic: GoogleInputMethodService.onStartInput():1808 
08-05 01:30:15.233 14012 14101 I art     : Starting a blocking GC Explicit
08-05 01:30:15.260 14012 14101 I art     : Explicit concurrent mark sweep GC freed 1484(84KB) AllocSpace objects, 1(20KB) LOS objects, 23% free, 52MB/68MB, paused 620us total 27.088ms
08-05 01:30:15.271 14012 14101 I art     : Starting a blocking GC Explicit
08-05 01:30:15.299 14012 14101 I art     : Explicit concurrent mark sweep GC freed 26(944B) AllocSpace objects, 0(0B) LOS objects, 23% free, 52MB/68MB, paused 486us total 27.157ms
08-05 01:30:15.308 14012 14101 I art     : Starting a blocking GC Explicit
08-05 01:30:15.334 14012 14101 I art     : Explicit concurrent mark sweep GC freed 3(96B) AllocSpace objects, 0(0B) LOS objects, 23% free, 52MB/68MB, paused 446us total 25.841ms
08-05 01:30:15.344 14012 14101 I art     : Starting a blocking GC Explicit
08-05 01:30:15.370 14012 14101 I art     : Explicit concurrent mark sweep GC freed 3(96B) AllocSpace objects, 0(0B) LOS objects, 23% free, 52MB/68MB, paused 448us total 25.002ms
08-05 01:30:15.381 14012 14101 I art     : Starting a blocking GC Explicit
08-05 01:30:15.402 14012 14101 I art     : Explicit concurrent mark sweep GC freed 3(96B) AllocSpace objects, 0(0B) LOS objects, 23% free, 52MB/68MB, paused 512us total 20.346ms
08-05 01:30:15.404   380   380 W SurfaceFlinger: couldn't log to binary event log: overflow.
08-05 01:30:15.603 10296 10296 I ServiceManager: Waiting for service AtCmdFwd...
08-05 01:30:15.692 14012 14025 I art     : Starting a blocking GC Explicit
08-05 01:30:15.720 14012 14025 I art     : Explicit concurrent mark sweep GC freed 1454(87KB) AllocSpace objects, 1(20KB) LOS objects, 23% free, 52MB/68MB, paused 490us total 27.849ms
08-05 01:30:15.732 14012 14025 I art     : Starting a blocking GC Explicit
08-05 01:30:15.753 14012 14025 I art     : Explicit concurrent mark sweep GC freed 1401(90KB) AllocSpace objects, 1(28KB) LOS objects, 23% free, 52MB/68MB, paused 430us total 21.225ms
08-05 01:30:15.762 14012 14025 I art     : Starting a blocking GC Explicit
08-05 01:30:15.783 14012 14025 I art     : Explicit concurrent mark sweep GC freed 3(96B) AllocSpace objects, 0(0B) LOS objects, 23% free, 52MB/68MB, paused 450us total 20.939ms
08-05 01:30:15.792 14012 14025 I art     : Starting a blocking GC Explicit
08-05 01:30:15.813 14012 14025 I art     : Explicit concurrent mark sweep GC freed 3(96B) AllocSpace objects, 0(0B) LOS objects, 23% free, 52MB/68MB, paused 450us total 20.767ms
08-05 01:30:15.822 14012 14025 I art     : Starting a blocking GC Explicit
08-05 01:30:15.843 14012 14025 I art     : Explicit concurrent mark sweep GC freed 3(96B) AllocSpace objects, 0(0B) LOS objects, 23% free, 52MB/68MB, paused 432us total 20.632ms
08-05 01:30:16.124 14012 14024 I art     : Starting a blocking GC Explicit
08-05 01:30:16.148 14012 14024 I art     : Explicit concurrent mark sweep GC freed 1344(78KB) AllocSpace objects, 1(20KB) LOS objects, 23% free, 52MB/68MB, paused 455us total 24.604ms
08-05 01:30:16.157 14012 14024 I art     : Starting a blocking GC Explicit
08-05 01:30:16.179 14012 14024 I art     : Explicit concurrent mark sweep GC freed 20(704B) AllocSpace objects, 0(0B) LOS objects, 23% free, 52MB/68MB, paused 456us total 21.912ms
08-05 01:30:16.188 14012 14024 I art     : Starting a blocking GC Explicit
08-05 01:30:16.210 14012 14024 I art     : Explicit concurrent mark sweep GC freed 3(96B) AllocSpace objects, 0(0B) LOS objects, 23% free, 52MB/68MB, paused 436us total 21.378ms
08-05 01:30:16.219 14012 14024 I art     : Starting a blocking GC Explicit
08-05 01:30:16.240 14012 14024 I art     : Explicit concurrent mark sweep GC freed 3(96B) AllocSpace objects, 0(0B) LOS objects, 23% free, 52MB/68MB, paused 462us total 20.912ms
08-05 01:30:16.249 14012 14024 I art     : Starting a blocking GC Explicit
08-05 01:30:16.270 14012 14024 I art     : Explicit concurrent mark sweep GC freed 3(96B) AllocSpace objects, 0(0B) LOS objects, 23% free, 52MB/68MB, paused 430us total 21.175ms
08-05 01:30:16.529 14012 15015 I art     : Starting a blocking GC Explicit
08-05 01:30:16.550 14012 15015 I art     : Explicit concurrent mark sweep GC freed 1343(78KB) AllocSpace objects, 1(20KB) LOS objects, 23% free, 52MB/68MB, paused 454us total 21.453ms
08-05 01:30:16.559 14012 15015 I art     : Starting a blocking GC Explicit
08-05 01:30:16.580 14012 15015 I art     : Explicit concurrent mark sweep GC freed 20(704B) AllocSpace objects, 0(0B) LOS objects, 23% free, 52MB/68MB, paused 480us total 20.830ms
08-05 01:30:16.589 14012 15015 I art     : Starting a blocking GC Explicit
08-05 01:30:16.604 10296 10296 I ServiceManager: Waiting for service AtCmdFwd...
08-05 01:30:16.610 14012 15015 I art     : Explicit concurrent mark sweep GC freed 3(96B) AllocSpace objects, 0(0B) LOS objects, 23% free, 52MB/68MB, paused 445us total 20.846ms
08-05 01:30:16.610 14012 14022 I art     : WaitForGcToComplete blocked for 20.693ms for cause HeapTrim
08-05 01:30:16.618 14012 15015 I art     : Starting a blocking GC Explicit
08-05 01:30:16.639 14012 15015 I art     : Explicit concurrent mark sweep GC freed 3(96B) AllocSpace objects, 0(0B) LOS objects, 23% free, 52MB/68MB, paused 436us total 20.454ms
08-05 01:30:16.647 14012 15015 I art     : Starting a blocking GC Explicit
08-05 01:30:16.668 14012 15015 I art     : Explicit concurrent mark sweep GC freed 3(96B) AllocSpace objects, 0(0B) LOS objects, 23% free, 52MB/68MB, paused 448us total 20.391ms
08-05 01:30:16.741 16384 16384 D AndroidRuntime: >>>>>> START com.android.internal.os.RuntimeInit uid 2000 <<<<<<
08-05 01:30:16.748 16384 16384 D AndroidRuntime: CheckJNI is OFF
08-05 01:30:16.783 16384 16384 D ICU     : No timezone override file found: /data/misc/zoneinfo/current/icu/icu_tzdata.dat
08-05 01:30:16.818 16384 16384 I Radio-JNI: register_android_hardware_Radio DONE
08-05 01:30:16.839 16384 16384 D AndroidRuntime: Calling main entry com.android.commands.input.Input
08-05 01:30:16.841 16384 16384 I Input   : injectMotionEvent: MotionEvent { action=ACTION_DOWN, actionButton=0, id[0]=0, x[0]=756.0, y[0]=1530.0, toolType[0]=TOOL_TYPE_UNKNOWN, buttonState=0, metaState=0, flags=0x0, edgeFlags=0x0, pointerCount=1, historySize=0, eventTime=754233253, downTime=754233253, deviceId=0, source=0x1002 }
08-05 01:30:16.846 16384 16384 I Input   : injectMotionEvent: MotionEvent { action=ACTION_UP, actionButton=0, id[0]=0, x[0]=756.0, y[0]=1530.0, toolType[0]=TOOL_TYPE_UNKNOWN, buttonState=0, metaState=0, flags=0x0, edgeFlags=0x0, pointerCount=1, historySize=0, eventTime=754233253, downTime=754233253, deviceId=0, source=0x1002 }
08-05 01:30:16.848 16384 16384 D AndroidRuntime: Shutting down VM
08-05 01:30:16.858   918  5952 I ActivityManager: START u0 {cmp=baseline.appteam.nith.hillffair/.activities.LeaderBoardActivity} from uid 10675 on display 0
08-05 01:30:16.861   512  2967 D audio_hw_primary: out_set_parameters: enter: usecase(1: low-latency-playback) kvpairs: routing=2
08-05 01:30:16.874   512  2967 D audio_hw_primary: select_devices: out_snd_device(2: speaker) in_snd_device(0: none)
08-05 01:30:16.874   512  2967 D msm8974_platform: platform_send_audio_calibration: sending audio calibration for snd_device(2) acdb_id(15)
08-05 01:30:16.875   512  2967 I soundtrigger: audio_extn_sound_trigger_update_device_status: device 0x2 of type 0 for Event 1
08-05 01:30:16.885   512  2967 D audio_hw_primary: enable_snd_device: snd_device(2: speaker)
08-05 01:30:16.887   512  2967 D audio_hw_primary: enable_audio_route: apply and update mixer path: low-latency-playback speaker
08-05 01:30:16.962 14012 14025 I art     : Starting a blocking GC Explicit
08-05 01:30:16.964 14012 14012 E RecyclerView: No adapter attached; skipping layout
08-05 01:30:16.967 14012 14012 E RecyclerView: No adapter attached; skipping layout
08-05 01:30:16.983 13866 13866 I GoogleInputMethodServic: GoogleInputMethodService.onFinishInput():3138 
08-05 01:30:16.983   918   936 I ActivityManager: Displayed baseline.appteam.nith.hillffair/.activities.LeaderBoardActivity: +109ms
08-05 01:30:16.983 13866 13866 I GoogleInputMethodServic: GoogleInputMethodService.onStartInput():1808 
08-05 01:30:16.983 14012 14025 I art     : Explicit concurrent mark sweep GC freed 6562(397KB) AllocSpace objects, 1(20KB) LOS objects, 23% free, 52MB/68MB, paused 504us total 21.281ms
08-05 01:30:16.985 14012 14012 E RecyclerView: No adapter attached; skipping layout
08-05 01:30:16.995 14012 14025 I art     : Starting a blocking GC Explicit
08-05 01:30:17.011 14012 14035 D OpenGLRenderer: endAllStagingAnimators on 0x7f81370800 (RippleDrawable) with handle 0x7f7da15240
08-05 01:30:17.016 14012 14025 I art     : Explicit concurrent mark sweep GC freed 356(18KB) AllocSpace objects, 0(0B) LOS objects, 23% free, 52MB/68MB, paused 482us total 21.398ms
08-05 01:30:17.025 14012 14025 I art     : Starting a blocking GC Explicit
08-05 01:30:17.045 14012 14025 I art     : Explicit concurrent mark sweep GC freed 20(912B) AllocSpace objects, 0(0B) LOS objects, 23% free, 52MB/68MB, paused 479us total 19.655ms
08-05 01:30:17.053 14012 14025 I art     : Starting a blocking GC Explicit
08-05 01:30:17.074 14012 14025 I art     : Explicit concurrent mark sweep GC freed 15(480B) AllocSpace objects, 0(0B) LOS objects, 23% free, 52MB/68MB, paused 503us total 19.963ms
08-05 01:30:17.082 14012 14025 I art     : Starting a blocking GC Explicit
08-05 01:30:17.101 14012 14025 I art     : Explicit concurrent mark sweep GC freed 3(96B) AllocSpace objects, 0(0B) LOS objects, 23% free, 52MB/68MB, paused 486us total 19.141ms
08-05 01:30:17.247   380   380 W SurfaceFlinger: couldn't log to binary event log: overflow.
08-05 01:30:17.355 14012 15015 I art     : Starting a blocking GC Explicit
08-05 01:30:17.378 14012 15015 I art     : Explicit concurrent mark sweep GC freed 1352(78KB) AllocSpace objects, 1(20KB) LOS objects, 23% free, 52MB/68MB, paused 629us total 22.290ms
08-05 01:30:17.388 14012 15015 I art     : Starting a blocking GC Explicit
08-05 01:30:17.412 14012 15015 I art     : Explicit concurrent mark sweep GC freed 121(6KB) AllocSpace objects, 0(0B) LOS objects, 23% free, 52MB/68MB, paused 456us total 23.485ms
08-05 01:30:17.421 14012 15015 I art     : Starting a blocking GC Explicit
08-05 01:30:17.429   512  2967 D audio_hw_primary: disable_audio_route: reset and update mixer path: low-latency-playback speaker
08-05 01:30:17.430   512  2967 D audio_hw_primary: disable_snd_device: snd_device(2: speaker)
08-05 01:30:17.438   512  2967 I soundtrigger: audio_extn_sound_trigger_update_device_status: device 0x2 of type 0 for Event 0
08-05 01:30:17.441 14012 15015 I art     : Explicit concurrent mark sweep GC freed 26(864B) AllocSpace objects, 0(0B) LOS objects, 23% free, 52MB/68MB, paused 515us total 20.169ms
08-05 01:30:17.450 14012 15015 I art     : Starting a blocking GC Explicit
08-05 01:30:17.471 14012 15015 I art     : Explicit concurrent mark sweep GC freed 11(416B) AllocSpace objects, 0(0B) LOS objects, 23% free, 52MB/68MB, paused 484us total 20.782ms
08-05 01:30:17.479 14012 15015 I art     : Starting a blocking GC Explicit
08-05 01:30:17.500 14012 15015 I art     : Explicit concurrent mark sweep GC freed 44(1840B) AllocSpace objects, 0(0B) LOS objects, 23% free, 52MB/68MB, paused 597us total 20.371ms
08-05 01:30:17.537 14012 16418 D OkHttp  : --> GET https://api-hillfair-2k16.herokuapp.com/api/app/quiz/leaderboard?from=1 http/1.1
08-05 01:30:17.576 14012 16418 D OkHttp  : <-- 200 OK https://api-hillfair-2k16.herokuapp.com/api/app/quiz/leaderboard?from=1 (38ms, 56744-byte body)
08-05 01:30:17.604 10296 10296 I ServiceManager: Waiting for service AtCmdFwd...
08-05 01:30:17.675 14012 14012 I NAPPA_EXPERIMENTATION: MetricNetworkRequestExecutionTime: REQUEST_DURATION_SYSTEM='765',REQUEST_DURATION_OKHTTP='39',REQUEST_SYNCHRONOUS='FALSE',RESPONSE_CODE='200',RESPONSE_METHOD='GET',RESPONSE_LENGTH_OKHTTP='56744',RESPONSE_LENGTH_HEADER='56744',REQUEST_PROTOCOL='http/1.1',REQUEST_URL='https://api-hillfair-2k16.herokuapp.com/api/app/quiz/leaderboard?from=1',
08-05 01:30:17.758   918  3261 D WifiStateMachine: starting scan for "H369AA63323"WPA_PSK with 2412,5180
08-05 01:30:17.763 14012 14102 I art     : Starting a blocking GC Explicit
08-05 01:30:17.788 14012 14102 I art     : Explicit concurrent mark sweep GC freed 30278(1444KB) AllocSpace objects, 4(220KB) LOS objects, 23% free, 53MB/69MB, paused 438us total 24.982ms
08-05 01:30:17.797 14012 14102 I art     : Starting a blocking GC Explicit
08-05 01:30:17.820 14012 14102 I art     : Explicit concurrent mark sweep GC freed 1062(120KB) AllocSpace objects, 0(0B) LOS objects, 23% free, 53MB/69MB, paused 458us total 22.457ms
08-05 01:30:17.829 14012 14102 I art     : Starting a blocking GC Explicit
08-05 01:30:17.851 14012 14102 I art     : Explicit concurrent mark sweep GC freed 3(96B) AllocSpace objects, 0(0B) LOS objects, 23% free, 53MB/69MB, paused 454us total 22.010ms
08-05 01:30:17.860 14012 14102 I art     : Starting a blocking GC Explicit
08-05 01:30:17.882 14012 14102 I art     : Explicit concurrent mark sweep GC freed 3(96B) AllocSpace objects, 0(0B) LOS objects, 23% free, 53MB/69MB, paused 433us total 22.521ms
08-05 01:30:17.891 14012 14102 I art     : Starting a blocking GC Explicit
08-05 01:30:17.914 14012 14102 I art     : Explicit concurrent mark sweep GC freed 3(96B) AllocSpace objects, 0(0B) LOS objects, 23% free, 53MB/69MB, paused 469us total 22.395ms
08-05 01:30:18.203 14012 15015 I art     : Starting a blocking GC Explicit
08-05 01:30:18.237 14012 15015 I art     : Explicit concurrent mark sweep GC freed 1344(78KB) AllocSpace objects, 1(20KB) LOS objects, 23% free, 53MB/69MB, paused 495us total 32.965ms
08-05 01:30:18.249 14012 15015 I art     : Starting a blocking GC Explicit
08-05 01:30:18.274 14012 15015 I art     : Explicit concurrent mark sweep GC freed 20(704B) AllocSpace objects, 0(0B) LOS objects, 23% free, 53MB/69MB, paused 463us total 24.434ms
08-05 01:30:18.283 14012 15015 I art     : Starting a blocking GC Explicit
08-05 01:30:18.307 14012 15015 I art     : Explicit concurrent mark sweep GC freed 3(96B) AllocSpace objects, 0(0B) LOS objects, 23% free, 53MB/69MB, paused 510us total 23.720ms
08-05 01:30:18.317 14012 15015 I art     : Starting a blocking GC Explicit
08-05 01:30:18.341 14012 15015 I art     : Explicit concurrent mark sweep GC freed 3(96B) AllocSpace objects, 0(0B) LOS objects, 23% free, 53MB/69MB, paused 460us total 23.768ms
08-05 01:30:18.350 14012 15015 I art     : Starting a blocking GC Explicit
08-05 01:30:18.373 14012 15015 I art     : Explicit concurrent mark sweep GC freed 3(96B) AllocSpace objects, 0(0B) LOS objects, 23% free, 53MB/69MB, paused 457us total 23.271ms
08-05 01:30:18.605 10296 10296 W Atfwd_Sendcmd: AtCmdFwd service not published, waiting... retryCnt : 3
08-05 01:30:18.695 14012 14024 I art     : Starting a blocking GC Explicit
08-05 01:30:18.725 14012 14024 I art     : Explicit concurrent mark sweep GC freed 1344(78KB) AllocSpace objects, 1(20KB) LOS objects, 23% free, 53MB/69MB, paused 508us total 29.657ms
08-05 01:30:18.738 14012 14024 I art     : Starting a blocking GC Explicit
08-05 01:30:18.762 14012 14024 I art     : Explicit concurrent mark sweep GC freed 20(704B) AllocSpace objects, 0(0B) LOS objects, 23% free, 53MB/69MB, paused 467us total 23.299ms
08-05 01:30:18.771 14012 14024 I art     : Starting a blocking GC Explicit
08-05 01:30:18.794 14012 14024 I art     : Explicit concurrent mark sweep GC freed 3(96B) AllocSpace objects, 0(0B) LOS objects, 23% free, 53MB/69MB, paused 461us total 23.221ms
08-05 01:30:18.803 14012 14024 I art     : Starting a blocking GC Explicit
08-05 01:30:18.828 14012 14024 I art     : Explicit concurrent mark sweep GC freed 3(96B) AllocSpace objects, 0(0B) LOS objects, 23% free, 53MB/69MB, paused 506us total 24.017ms
08-05 01:30:18.837 14012 14024 I art     : Starting a blocking GC Explicit
08-05 01:30:18.860 14012 14024 I art     : Explicit concurrent mark sweep GC freed 3(96B) AllocSpace objects, 0(0B) LOS objects, 23% free, 53MB/69MB, paused 419us total 23.051ms
08-05 01:30:19.180 14012 14101 I art     : Starting a blocking GC Explicit
08-05 01:30:19.210 14012 14101 I art     : Explicit concurrent mark sweep GC freed 1344(78KB) AllocSpace objects, 1(20KB) LOS objects, 23% free, 53MB/69MB, paused 524us total 29.624ms
08-05 01:30:19.225 14012 14101 I art     : Starting a blocking GC Explicit
08-05 01:30:19.251 14012 14101 I art     : Explicit concurrent mark sweep GC freed 20(704B) AllocSpace objects, 0(0B) LOS objects, 23% free, 53MB/69MB, paused 483us total 26.187ms
08-05 01:30:19.260 14012 14101 I art     : Starting a blocking GC Explicit
08-05 01:30:19.285 14012 14101 I art     : Explicit concurrent mark sweep GC freed 3(96B) AllocSpace objects, 0(0B) LOS objects, 23% free, 53MB/69MB, paused 478us total 23.904ms
08-05 01:30:19.294 14012 14101 I art     : Starting a blocking GC Explicit
08-05 01:30:19.318 14012 14101 I art     : Explicit concurrent mark sweep GC freed 3(96B) AllocSpace objects, 0(0B) LOS objects, 23% free, 53MB/69MB, paused 470us total 23.836ms
08-05 01:30:19.327 14012 14101 I art     : Starting a blocking GC Explicit
08-05 01:30:19.351 14012 14101 I art     : Explicit concurrent mark sweep GC freed 3(96B) AllocSpace objects, 0(0B) LOS objects, 23% free, 53MB/69MB, paused 491us total 23.275ms
08-05 01:30:19.672 14012 14025 I art     : Starting a blocking GC Explicit
08-05 01:30:19.697 14012 14025 I art     : Explicit concurrent mark sweep GC freed 1344(78KB) AllocSpace objects, 1(20KB) LOS objects, 23% free, 53MB/69MB, paused 479us total 24.908ms
08-05 01:30:19.710 14012 14025 I art     : Starting a blocking GC Explicit
08-05 01:30:19.733 14012 14025 I art     : Explicit concurrent mark sweep GC freed 20(704B) AllocSpace objects, 0(0B) LOS objects, 23% free, 53MB/69MB, paused 453us total 22.467ms
08-05 01:30:19.741 14012 14025 I art     : Starting a blocking GC Explicit
08-05 01:30:19.764 14012 14025 I art     : Explicit concurrent mark sweep GC freed 3(96B) AllocSpace objects, 0(0B) LOS objects, 23% free, 53MB/69MB, paused 470us total 22.924ms
08-05 01:30:19.774 14012 14025 I art     : Starting a blocking GC Explicit
08-05 01:30:19.797 14012 14025 I art     : Explicit concurrent mark sweep GC freed 3(96B) AllocSpace objects, 0(0B) LOS objects, 23% free, 53MB/69MB, paused 537us total 23.305ms
08-05 01:30:19.806 14012 14025 I art     : Starting a blocking GC Explicit
08-05 01:30:19.830 14012 14025 I art     : Explicit concurrent mark sweep GC freed 3(96B) AllocSpace objects, 0(0B) LOS objects, 23% free, 53MB/69MB, paused 480us total 23.099ms
08-05 01:30:20.141 14012 14102 I art     : Starting a blocking GC Explicit
08-05 01:30:20.170 14012 14102 I art     : Explicit concurrent mark sweep GC freed 1344(78KB) AllocSpace objects, 1(20KB) LOS objects, 23% free, 53MB/69MB, paused 494us total 29.323ms
08-05 01:30:20.183 14012 14102 I art     : Starting a blocking GC Explicit
08-05 01:30:20.207 14012 14102 I art     : Explicit concurrent mark sweep GC freed 20(704B) AllocSpace objects, 0(0B) LOS objects, 23% free, 53MB/69MB, paused 463us total 23.567ms
08-05 01:30:20.216 14012 14102 I art     : Starting a blocking GC Explicit
08-05 01:30:20.238 14012 14102 I art     : Explicit concurrent mark sweep GC freed 3(96B) AllocSpace objects, 0(0B) LOS objects, 23% free, 53MB/69MB, paused 449us total 22.625ms
08-05 01:30:20.247 14012 14102 I art     : Starting a blocking GC Explicit
08-05 01:30:20.271 14012 14102 I art     : Explicit concurrent mark sweep GC freed 3(96B) AllocSpace objects, 0(0B) LOS objects, 23% free, 53MB/69MB, paused 464us total 23.372ms
08-05 01:30:20.280 14012 14102 I art     : Starting a blocking GC Explicit
08-05 01:30:20.304 14012 14102 I art     : Explicit concurrent mark sweep GC freed 3(96B) AllocSpace objects, 0(0B) LOS objects, 23% free, 53MB/69MB, paused 474us total 23.312ms
08-05 01:30:20.638 14012 15015 I art     : Starting a blocking GC Explicit
08-05 01:30:20.673 14012 15015 I art     : Explicit concurrent mark sweep GC freed 1344(78KB) AllocSpace objects, 1(20KB) LOS objects, 23% free, 53MB/69MB, paused 530us total 34.148ms
08-05 01:30:20.688 14012 15015 I art     : Starting a blocking GC Explicit
08-05 01:30:20.715 14012 15015 I art     : Explicit concurrent mark sweep GC freed 20(704B) AllocSpace objects, 0(0B) LOS objects, 23% free, 53MB/69MB, paused 494us total 27.168ms
08-05 01:30:20.726 14012 15015 I art     : Starting a blocking GC Explicit
08-05 01:30:20.750 14012 15015 I art     : Explicit concurrent mark sweep GC freed 3(96B) AllocSpace objects, 0(0B) LOS objects, 23% free, 53MB/69MB, paused 461us total 24.040ms
08-05 01:30:20.759 14012 15015 I art     : Starting a blocking GC Explicit
08-05 01:30:20.783 14012 15015 I art     : Explicit concurrent mark sweep GC freed 3(96B) AllocSpace objects, 0(0B) LOS objects, 23% free, 53MB/69MB, paused 480us total 23.391ms
08-05 01:30:20.792 14012 15015 I art     : Starting a blocking GC Explicit
08-05 01:30:20.816 14012 15015 I art     : Explicit concurrent mark sweep GC freed 3(96B) AllocSpace objects, 0(0B) LOS objects, 23% free, 53MB/69MB, paused 465us total 23.728ms
08-05 01:30:21.139 14012 14024 I art     : Starting a blocking GC Explicit
08-05 01:30:21.163 14012 14024 I art     : Explicit concurrent mark sweep GC freed 1344(78KB) AllocSpace objects, 1(20KB) LOS objects, 23% free, 53MB/69MB, paused 527us total 23.688ms
08-05 01:30:21.172 14012 14024 I art     : Starting a blocking GC Explicit
08-05 01:30:21.195 14012 14024 I art     : Explicit concurrent mark sweep GC freed 20(704B) AllocSpace objects, 0(0B) LOS objects, 23% free, 53MB/69MB, paused 475us total 22.770ms
08-05 01:30:21.205 14012 14024 I art     : Starting a blocking GC Explicit
08-05 01:30:21.227 14012 14024 I art     : Explicit concurrent mark sweep GC freed 3(96B) AllocSpace objects, 0(0B) LOS objects, 23% free, 53MB/69MB, paused 615us total 22.074ms
08-05 01:30:21.236 14012 14024 I art     : Starting a blocking GC Explicit
08-05 01:30:21.258 14012 14024 I art     : Explicit concurrent mark sweep GC freed 3(96B) AllocSpace objects, 0(0B) LOS objects, 23% free, 53MB/69MB, paused 477us total 22.277ms
08-05 01:30:21.267 14012 14024 I art     : Starting a blocking GC Explicit
08-05 01:30:21.289 14012 14024 I art     : Explicit concurrent mark sweep GC freed 3(96B) AllocSpace objects, 0(0B) LOS objects, 23% free, 53MB/69MB, paused 474us total 21.993ms
08-05 01:30:21.498 16513 16513 D AndroidRuntime: >>>>>> START com.android.internal.os.RuntimeInit uid 2000 <<<<<<
08-05 01:30:21.504 16513 16513 D AndroidRuntime: CheckJNI is OFF
08-05 01:30:21.537 16513 16513 D ICU     : No timezone override file found: /data/misc/zoneinfo/current/icu/icu_tzdata.dat
08-05 01:30:21.570 16513 16513 I Radio-JNI: register_android_hardware_Radio DONE
08-05 01:30:21.580 14012 14101 I art     : Starting a blocking GC Explicit
08-05 01:30:21.592 16513 16513 D AndroidRuntime: Calling main entry com.android.commands.input.Input
08-05 01:30:21.595 16513 16513 I Input   : injectKeyEvent: KeyEvent { action=ACTION_DOWN, keyCode=KEYCODE_BACK, scanCode=0, metaState=0, flags=0x0, repeatCount=0, eventTime=754238008, downTime=754238008, deviceId=-1, source=0x101 }
08-05 01:30:21.601 16513 16513 I Input   : injectKeyEvent: KeyEvent { action=ACTION_UP, keyCode=KEYCODE_BACK, scanCode=0, metaState=0, flags=0x0, repeatCount=0, eventTime=754238008, downTime=754238008, deviceId=-1, source=0x101 }
08-05 01:30:21.604 14012 14101 I art     : Explicit concurrent mark sweep GC freed 1346(78KB) AllocSpace objects, 1(20KB) LOS objects, 23% free, 53MB/69MB, paused 643us total 23.883ms
08-05 01:30:21.607 16513 16513 D AndroidRuntime: Shutting down VM
08-05 01:30:21.613 14012 14101 I art     : Starting a blocking GC Explicit
08-05 01:30:21.634 14012 14101 I art     : Explicit concurrent mark sweep GC freed 120(5KB) AllocSpace objects, 0(0B) LOS objects, 23% free, 53MB/69MB, paused 441us total 20.606ms
08-05 01:30:21.642 14012 14101 I art     : Starting a blocking GC Explicit
08-05 01:30:21.650 13866 13866 I GoogleInputMethodServic: GoogleInputMethodService.onFinishInput():3138 
08-05 01:30:21.650 13866 13866 I GoogleInputMethodServic: GoogleInputMethodService.onStartInput():1808 
08-05 01:30:21.664 14012 14101 I art     : Explicit concurrent mark sweep GC freed 37(1360B) AllocSpace objects, 0(0B) LOS objects, 23% free, 53MB/69MB, paused 599us total 21.020ms
08-05 01:30:21.664 14012 14022 I art     : WaitForGcToComplete blocked for 20.397ms for cause HeapTrim
08-05 01:30:21.673 14012 14101 I art     : Starting a blocking GC Explicit
08-05 01:30:21.696 14012 14101 I art     : Explicit concurrent mark sweep GC freed 11(384B) AllocSpace objects, 0(0B) LOS objects, 23% free, 53MB/69MB, paused 488us total 22.563ms
08-05 01:30:21.704 14012 14101 I art     : Starting a blocking GC Explicit
08-05 01:30:21.723 14012 14101 I art     : Explicit concurrent mark sweep GC freed 3(96B) AllocSpace objects, 0(0B) LOS objects, 23% free, 53MB/69MB, paused 448us total 18.888ms
08-05 01:30:21.945   380   380 W SurfaceFlinger: couldn't log to binary event log: overflow.
08-05 01:30:21.980 14012 14102 I art     : Starting a blocking GC Explicit
08-05 01:30:22.004 14012 14102 I art     : Explicit concurrent mark sweep GC freed 1463(87KB) AllocSpace objects, 1(20KB) LOS objects, 23% free, 53MB/69MB, paused 478us total 23.708ms
08-05 01:30:22.013 14012 14102 I art     : Starting a blocking GC Explicit
08-05 01:30:22.035 14012 14102 I art     : Explicit concurrent mark sweep GC freed 4698(269KB) AllocSpace objects, 2(140KB) LOS objects, 23% free, 52MB/68MB, paused 482us total 21.832ms
08-05 01:30:22.043 14012 14102 I art     : Starting a blocking GC Explicit
08-05 01:30:22.065 14012 14102 I art     : Explicit concurrent mark sweep GC freed 3(96B) AllocSpace objects, 0(0B) LOS objects, 23% free, 52MB/68MB, paused 459us total 21.244ms
08-05 01:30:22.073 14012 14102 I art     : Starting a blocking GC Explicit
08-05 01:30:22.095 14012 14102 I art     : Explicit concurrent mark sweep GC freed 3(96B) AllocSpace objects, 0(0B) LOS objects, 23% free, 52MB/68MB, paused 436us total 21.458ms
08-05 01:30:22.104 14012 14102 I art     : Starting a blocking GC Explicit
08-05 01:30:22.125 14012 14102 I art     : Explicit concurrent mark sweep GC freed 3(96B) AllocSpace objects, 0(0B) LOS objects, 23% free, 52MB/68MB, paused 461us total 21.372ms
08-05 01:30:22.416 14012 14101 I art     : Starting a blocking GC Explicit
08-05 01:30:22.436 14012 14101 I art     : Explicit concurrent mark sweep GC freed 1344(78KB) AllocSpace objects, 1(20KB) LOS objects, 23% free, 52MB/68MB, paused 474us total 20.240ms
08-05 01:30:22.444 14012 14101 I art     : Starting a blocking GC Explicit
08-05 01:30:22.465 14012 14101 I art     : Explicit concurrent mark sweep GC freed 20(704B) AllocSpace objects, 0(0B) LOS objects, 23% free, 52MB/68MB, paused 460us total 20.800ms
08-05 01:30:22.474 14012 14101 I art     : Starting a blocking GC Explicit
08-05 01:30:22.495 14012 14101 I art     : Explicit concurrent mark sweep GC freed 21(768B) AllocSpace objects, 0(0B) LOS objects, 23% free, 52MB/68MB, paused 459us total 21.199ms
08-05 01:30:22.504 14012 14101 I art     : Starting a blocking GC Explicit
08-05 01:30:22.525 14012 14101 I art     : Explicit concurrent mark sweep GC freed 3(96B) AllocSpace objects, 0(0B) LOS objects, 23% free, 52MB/68MB, paused 445us total 21.028ms
08-05 01:30:22.533 14012 14101 I art     : Starting a blocking GC Explicit
08-05 01:30:22.555 14012 14101 I art     : Explicit concurrent mark sweep GC freed 3(96B) AllocSpace objects, 0(0B) LOS objects, 23% free, 52MB/68MB, paused 452us total 21.149ms
08-05 01:30:22.849 14012 15015 I art     : Starting a blocking GC Explicit
08-05 01:30:22.871 14012 15015 I art     : Explicit concurrent mark sweep GC freed 1343(78KB) AllocSpace objects, 1(20KB) LOS objects, 23% free, 52MB/68MB, paused 445us total 21.821ms
08-05 01:30:22.880 14012 15015 I art     : Starting a blocking GC Explicit
08-05 01:30:22.901 14012 15015 I art     : Explicit concurrent mark sweep GC freed 20(704B) AllocSpace objects, 0(0B) LOS objects, 23% free, 52MB/68MB, paused 457us total 21.371ms
08-05 01:30:22.910 14012 15015 I art     : Starting a blocking GC Explicit
08-05 01:30:22.930 14012 15015 I art     : Explicit concurrent mark sweep GC freed 3(96B) AllocSpace objects, 0(0B) LOS objects, 23% free, 52MB/68MB, paused 463us total 20.370ms
08-05 01:30:22.939 14012 15015 I art     : Starting a blocking GC Explicit
08-05 01:30:22.959 14012 15015 I art     : Explicit concurrent mark sweep GC freed 3(96B) AllocSpace objects, 0(0B) LOS objects, 23% free, 52MB/68MB, paused 455us total 19.950ms
08-05 01:30:22.967 14012 15015 I art     : Starting a blocking GC Explicit
08-05 01:30:22.988 14012 15015 I art     : Explicit concurrent mark sweep GC freed 3(96B) AllocSpace objects, 0(0B) LOS objects, 23% free, 52MB/68MB, paused 501us total 20.361ms
08-05 01:30:23.261 16568 16568 D AndroidRuntime: >>>>>> START com.android.internal.os.RuntimeInit uid 2000 <<<<<<
08-05 01:30:23.267 16568 16568 D AndroidRuntime: CheckJNI is OFF
08-05 01:30:23.270 14012 14024 I art     : Starting a blocking GC Explicit
08-05 01:30:23.294 14012 14024 I art     : Explicit concurrent mark sweep GC freed 1350(78KB) AllocSpace objects, 1(20KB) LOS objects, 23% free, 52MB/68MB, paused 483us total 23.903ms
08-05 01:30:23.303 14012 14024 I art     : Starting a blocking GC Explicit
08-05 01:30:23.308 16568 16568 D ICU     : No timezone override file found: /data/misc/zoneinfo/current/icu/icu_tzdata.dat
08-05 01:30:23.326 14012 14024 I art     : Explicit concurrent mark sweep GC freed 24(832B) AllocSpace objects, 0(0B) LOS objects, 23% free, 52MB/68MB, paused 486us total 22.851ms
08-05 01:30:23.334 14012 14024 I art     : Starting a blocking GC Explicit
08-05 01:30:23.343 16568 16568 I Radio-JNI: register_android_hardware_Radio DONE
08-05 01:30:23.354 14012 14024 I art     : Explicit concurrent mark sweep GC freed 7(224B) AllocSpace objects, 0(0B) LOS objects, 23% free, 52MB/68MB, paused 445us total 19.622ms
08-05 01:30:23.362 14012 14024 I art     : Starting a blocking GC Explicit
08-05 01:30:23.365 16568 16568 D AndroidRuntime: Calling main entry com.android.commands.input.Input
08-05 01:30:23.368 16568 16568 I Input   : injectKeyEvent: KeyEvent { action=ACTION_DOWN, keyCode=KEYCODE_BACK, scanCode=0, metaState=0, flags=0x0, repeatCount=0, eventTime=754239780, downTime=754239780, deviceId=-1, source=0x101 }
08-05 01:30:23.374 16568 16568 I Input   : injectKeyEvent: KeyEvent { action=ACTION_UP, keyCode=KEYCODE_BACK, scanCode=0, metaState=0, flags=0x0, repeatCount=0, eventTime=754239780, downTime=754239780, deviceId=-1, source=0x101 }
08-05 01:30:23.381 16568 16568 D AndroidRuntime: Shutting down VM
08-05 01:30:23.381 14012 14024 I art     : Explicit concurrent mark sweep GC freed 8(304B) AllocSpace objects, 0(0B) LOS objects, 23% free, 52MB/68MB, paused 466us total 19.194ms
08-05 01:30:23.390 14012 14024 I art     : Starting a blocking GC Explicit
08-05 01:30:23.408 14012 14024 I art     : Explicit concurrent mark sweep GC freed 139(6KB) AllocSpace objects, 0(0B) LOS objects, 23% free, 52MB/68MB, paused 463us total 18.581ms
08-05 01:30:23.454 13866 13866 I GoogleInputMethodServic: GoogleInputMethodService.onFinishInput():3138 
08-05 01:30:23.454 13866 13866 I GoogleInputMethodServic: GoogleInputMethodService.onStartInput():1808 
08-05 01:30:23.676 14012 14024 I art     : Starting a blocking GC Explicit
08-05 01:30:23.703 14012 14024 I art     : Explicit concurrent mark sweep GC freed 1407(80KB) AllocSpace objects, 1(20KB) LOS objects, 23% free, 52MB/68MB, paused 776us total 26.543ms
08-05 01:30:23.714 14012 14024 I art     : Starting a blocking GC Explicit
08-05 01:30:23.737 14012 14024 I art     : Explicit concurrent mark sweep GC freed 24(864B) AllocSpace objects, 0(0B) LOS objects, 23% free, 52MB/68MB, paused 438us total 22.965ms
08-05 01:30:23.746 14012 14024 I art     : Starting a blocking GC Explicit
08-05 01:30:23.747   380   380 W SurfaceFlinger: couldn't log to binary event log: overflow.
08-05 01:30:23.767 14012 14024 I art     : Explicit concurrent mark sweep GC freed 120(8KB) AllocSpace objects, 0(0B) LOS objects, 23% free, 52MB/68MB, paused 481us total 20.853ms
08-05 01:30:23.775 14012 14024 I art     : Starting a blocking GC Explicit
08-05 01:30:23.794 14012 14024 I art     : Explicit concurrent mark sweep GC freed 2080(122KB) AllocSpace objects, 3(340KB) LOS objects, 23% free, 52MB/68MB, paused 447us total 18.603ms
08-05 01:30:23.802 14012 14024 I art     : Starting a blocking GC Explicit
08-05 01:30:23.821 14012 14024 I art     : Explicit concurrent mark sweep GC freed 3(96B) AllocSpace objects, 0(0B) LOS objects, 23% free, 52MB/68MB, paused 442us total 19.460ms
08-05 01:30:24.110 14012 15015 I art     : Starting a blocking GC Explicit
08-05 01:30:24.142 14012 15015 I art     : Explicit concurrent mark sweep GC freed 1343(78KB) AllocSpace objects, 1(20KB) LOS objects, 23% free, 52MB/68MB, paused 587us total 31.919ms
08-05 01:30:24.155 14012 15015 I art     : Starting a blocking GC Explicit
08-05 01:30:24.176 14012 15015 I art     : Explicit concurrent mark sweep GC freed 20(704B) AllocSpace objects, 0(0B) LOS objects, 23% free, 52MB/68MB, paused 457us total 20.101ms
08-05 01:30:24.184 14012 15015 I art     : Starting a blocking GC Explicit
08-05 01:30:24.205 14012 15015 I art     : Explicit concurrent mark sweep GC freed 3(96B) AllocSpace objects, 0(0B) LOS objects, 23% free, 52MB/68MB, paused 472us total 20.841ms
08-05 01:30:24.214 14012 15015 I art     : Starting a blocking GC Explicit
08-05 01:30:24.235 14012 15015 I art     : Explicit concurrent mark sweep GC freed 3(96B) AllocSpace objects, 0(0B) LOS objects, 23% free, 52MB/68MB, paused 459us total 21.183ms
08-05 01:30:24.244 14012 15015 I art     : Starting a blocking GC Explicit
08-05 01:30:24.266 14012 15015 I art     : Explicit concurrent mark sweep GC freed 3(96B) AllocSpace objects, 0(0B) LOS objects, 23% free, 52MB/68MB, paused 463us total 21.720ms
08-05 01:30:24.569 14012 14025 I art     : Starting a blocking GC Explicit
08-05 01:30:24.595 14012 14025 I art     : Explicit concurrent mark sweep GC freed 1341(78KB) AllocSpace objects, 1(20KB) LOS objects, 23% free, 52MB/68MB, paused 718us total 26.458ms
08-05 01:30:24.608 14012 14025 I art     : Starting a blocking GC Explicit
08-05 01:30:24.627 14012 14025 I art     : Explicit concurrent mark sweep GC freed 20(704B) AllocSpace objects, 0(0B) LOS objects, 23% free, 52MB/68MB, paused 541us total 19.121ms
08-05 01:30:24.635 14012 14025 I art     : Starting a blocking GC Explicit
08-05 01:30:24.655 14012 14025 I art     : Explicit concurrent mark sweep GC freed 3(96B) AllocSpace objects, 0(0B) LOS objects, 23% free, 52MB/68MB, paused 470us total 19.579ms
08-05 01:30:24.663 14012 14025 I art     : Starting a blocking GC Explicit
08-05 01:30:24.683 14012 14025 I art     : Explicit concurrent mark sweep GC freed 3(96B) AllocSpace objects, 0(0B) LOS objects, 23% free, 52MB/68MB, paused 466us total 19.773ms
08-05 01:30:24.692 14012 14025 I art     : Starting a blocking GC Explicit
08-05 01:30:24.711 14012 14025 I art     : Explicit concurrent mark sweep GC freed 3(96B) AllocSpace objects, 0(0B) LOS objects, 23% free, 52MB/68MB, paused 469us total 19.481ms
08-05 01:30:24.974 14012 14102 I art     : Starting a blocking GC Explicit
08-05 01:30:24.995 14012 14102 I art     : Explicit concurrent mark sweep GC freed 1354(78KB) AllocSpace objects, 1(20KB) LOS objects, 23% free, 52MB/68MB, paused 540us total 20.562ms
08-05 01:30:25.004 14012 14102 I art     : Starting a blocking GC Explicit
08-05 01:30:25.023 14012 14102 I art     : Explicit concurrent mark sweep GC freed 34(1136B) AllocSpace objects, 0(0B) LOS objects, 23% free, 52MB/68MB, paused 495us total 18.478ms
08-05 01:30:25.023 16621 16621 D AndroidRuntime: >>>>>> START com.android.internal.os.RuntimeInit uid 2000 <<<<<<
08-05 01:30:25.027 16621 16621 D AndroidRuntime: CheckJNI is OFF
08-05 01:30:25.030 14012 14102 I art     : Starting a blocking GC Explicit
08-05 01:30:25.049 14012 14102 I art     : Explicit concurrent mark sweep GC freed 3(96B) AllocSpace objects, 0(0B) LOS objects, 23% free, 52MB/68MB, paused 460us total 18.771ms
08-05 01:30:25.058 14012 14102 I art     : Starting a blocking GC Explicit
08-05 01:30:25.063 16621 16621 D ICU     : No timezone override file found: /data/misc/zoneinfo/current/icu/icu_tzdata.dat
08-05 01:30:25.078 14012 14102 I art     : Explicit concurrent mark sweep GC freed 3(96B) AllocSpace objects, 0(0B) LOS objects, 23% free, 52MB/68MB, paused 494us total 19.966ms
08-05 01:30:25.086 14012 14102 I art     : Starting a blocking GC Explicit
08-05 01:30:25.099 16621 16621 I Radio-JNI: register_android_hardware_Radio DONE
08-05 01:30:25.106 14012 14102 I art     : Explicit concurrent mark sweep GC freed 3(96B) AllocSpace objects, 0(0B) LOS objects, 23% free, 52MB/68MB, paused 478us total 19.970ms
08-05 01:30:25.122 16621 16621 D AndroidRuntime: Calling main entry com.android.commands.input.Input
08-05 01:30:25.124 16621 16621 I Input   : injectMotionEvent: MotionEvent { action=ACTION_DOWN, actionButton=0, id[0]=0, x[0]=1053.0, y[0]=1173.0, toolType[0]=TOOL_TYPE_UNKNOWN, buttonState=0, metaState=0, flags=0x0, edgeFlags=0x0, pointerCount=1, historySize=0, eventTime=754241536, downTime=754241536, deviceId=0, source=0x1002 }
08-05 01:30:25.129 16621 16621 I Input   : injectMotionEvent: MotionEvent { action=ACTION_UP, actionButton=0, id[0]=0, x[0]=1053.0, y[0]=1173.0, toolType[0]=TOOL_TYPE_UNKNOWN, buttonState=0, metaState=0, flags=0x0, edgeFlags=0x0, pointerCount=1, historySize=0, eventTime=754241536, downTime=754241536, deviceId=0, source=0x1002 }
08-05 01:30:25.130   918  6029 I ActivityManager: START u0 {cmp=baseline.appteam.nith.hillffair/.activities.QuizActivity} from uid 10675 on display 0
08-05 01:30:25.136 16621 16621 D AndroidRuntime: Shutting down VM
08-05 01:30:25.225   918   936 I ActivityManager: Displayed baseline.appteam.nith.hillffair/.activities.QuizActivity: +88ms
08-05 01:30:25.226 13866 13866 I GoogleInputMethodServic: GoogleInputMethodService.onFinishInput():3138 
08-05 01:30:25.227 13866 13866 I GoogleInputMethodServic: GoogleInputMethodService.onStartInput():1808 
08-05 01:30:25.356 14012 14024 I art     : Starting a blocking GC Explicit
08-05 01:30:25.390 14012 14024 I art     : Explicit concurrent mark sweep GC freed 2155(133KB) AllocSpace objects, 1(20KB) LOS objects, 23% free, 52MB/68MB, paused 600us total 33.111ms
08-05 01:30:25.402 14012 14024 I art     : Starting a blocking GC Explicit
08-05 01:30:25.425 14012 14024 I art     : Explicit concurrent mark sweep GC freed 187(8KB) AllocSpace objects, 0(0B) LOS objects, 23% free, 52MB/68MB, paused 424us total 23.537ms
08-05 01:30:25.437 14012 14024 I art     : Starting a blocking GC Explicit
08-05 01:30:25.460 14012 14024 I art     : Explicit concurrent mark sweep GC freed 3(96B) AllocSpace objects, 0(0B) LOS objects, 23% free, 52MB/68MB, paused 430us total 23.094ms
08-05 01:30:25.471 14012 14024 I art     : Starting a blocking GC Explicit
08-05 01:30:25.491   380   380 W SurfaceFlinger: couldn't log to binary event log: overflow.
08-05 01:30:25.495 14012 14024 I art     : Explicit concurrent mark sweep GC freed 3(96B) AllocSpace objects, 0(0B) LOS objects, 23% free, 52MB/68MB, paused 542us total 23.656ms
08-05 01:30:25.507 14012 14024 I art     : Starting a blocking GC Explicit
08-05 01:30:25.527 14012 14024 I art     : Explicit concurrent mark sweep GC freed 3(96B) AllocSpace objects, 0(0B) LOS objects, 23% free, 52MB/68MB, paused 404us total 19.360ms
08-05 01:30:25.812 14012 14024 I art     : Starting a blocking GC Explicit
08-05 01:30:25.840 14012 14024 I art     : Explicit concurrent mark sweep GC freed 1413(82KB) AllocSpace objects, 1(20KB) LOS objects, 23% free, 52MB/68MB, paused 555us total 27.193ms
08-05 01:30:25.852 14012 14024 I art     : Starting a blocking GC Explicit
08-05 01:30:25.874 14012 14024 I art     : Explicit concurrent mark sweep GC freed 20(704B) AllocSpace objects, 0(0B) LOS objects, 23% free, 52MB/68MB, paused 447us total 21.472ms
08-05 01:30:25.883 14012 14024 I art     : Starting a blocking GC Explicit
08-05 01:30:25.904 14012 14024 I art     : Explicit concurrent mark sweep GC freed 3(96B) AllocSpace objects, 0(0B) LOS objects, 23% free, 52MB/68MB, paused 456us total 21.460ms
08-05 01:30:25.913 14012 14024 I art     : Starting a blocking GC Explicit
08-05 01:30:25.935 14012 14024 I art     : Explicit concurrent mark sweep GC freed 3(96B) AllocSpace objects, 0(0B) LOS objects, 23% free, 52MB/68MB, paused 431us total 21.697ms
08-05 01:30:25.944 14012 14024 I art     : Starting a blocking GC Explicit
08-05 01:30:25.964   918  3188 I hubconnection: sensorhub said: 'set_bias 3: -5.7600, 0.0000, 0.0000'
08-05 01:30:25.965 14012 14024 I art     : Explicit concurrent mark sweep GC freed 3(96B) AllocSpace objects, 0(0B) LOS objects, 23% free, 52MB/68MB, paused 412us total 20.860ms
08-05 01:30:26.250 14012 14101 I art     : Starting a blocking GC Explicit
08-05 01:30:26.281 14012 14101 I art     : Explicit concurrent mark sweep GC freed 1343(78KB) AllocSpace objects, 1(20KB) LOS objects, 23% free, 52MB/68MB, paused 493us total 30.842ms
08-05 01:30:26.295 14012 14101 I art     : Starting a blocking GC Explicit
08-05 01:30:26.317 14012 14101 I art     : Explicit concurrent mark sweep GC freed 20(704B) AllocSpace objects, 0(0B) LOS objects, 23% free, 52MB/68MB, paused 505us total 21.495ms
08-05 01:30:26.325 14012 14101 I art     : Starting a blocking GC Explicit
08-05 01:30:26.347 14012 14101 I art     : Explicit concurrent mark sweep GC freed 3(96B) AllocSpace objects, 0(0B) LOS objects, 23% free, 52MB/68MB, paused 490us total 21.585ms
08-05 01:30:26.356 14012 14101 I art     : Starting a blocking GC Explicit
08-05 01:30:26.378 14012 14101 I art     : Explicit concurrent mark sweep GC freed 3(96B) AllocSpace objects, 0(0B) LOS objects, 23% free, 52MB/68MB, paused 454us total 21.722ms
08-05 01:30:26.387 14012 14101 I art     : Starting a blocking GC Explicit
08-05 01:30:26.408 14012 14101 I art     : Explicit concurrent mark sweep GC freed 3(96B) AllocSpace objects, 0(0B) LOS objects, 23% free, 52MB/68MB, paused 436us total 21.159ms
08-05 01:30:26.703 14012 14102 I art     : Starting a blocking GC Explicit
08-05 01:30:26.730 14012 14102 I art     : Explicit concurrent mark sweep GC freed 1343(78KB) AllocSpace objects, 1(20KB) LOS objects, 23% free, 52MB/68MB, paused 479us total 27.038ms
08-05 01:30:26.743 14012 14102 I art     : Starting a blocking GC Explicit
08-05 01:30:26.764 14012 14102 I art     : Explicit concurrent mark sweep GC freed 20(704B) AllocSpace objects, 0(0B) LOS objects, 23% free, 52MB/68MB, paused 440us total 21.210ms
08-05 01:30:26.774 14012 14102 I art     : Starting a blocking GC Explicit
08-05 01:30:26.795 14012 14102 I art     : Explicit concurrent mark sweep GC freed 6(192B) AllocSpace objects, 0(0B) LOS objects, 23% free, 52MB/68MB, paused 426us total 21.623ms
08-05 01:30:26.805 14012 14102 I art     : Starting a blocking GC Explicit
08-05 01:30:26.827 14012 14102 I art     : Explicit concurrent mark sweep GC freed 7(224B) AllocSpace objects, 0(0B) LOS objects, 23% free, 52MB/68MB, paused 499us total 21.445ms
08-05 01:30:26.835 14012 14102 I art     : Starting a blocking GC Explicit
08-05 01:30:26.856 14012 14102 I art     : Explicit concurrent mark sweep GC freed 8(256B) AllocSpace objects, 0(0B) LOS objects, 23% free, 52MB/68MB, paused 487us total 20.925ms
08-05 01:30:27.197 14012 14024 I art     : Starting a blocking GC Explicit
08-05 01:30:27.229 14012 14024 I art     : Explicit concurrent mark sweep GC freed 1361(78KB) AllocSpace objects, 1(20KB) LOS objects, 23% free, 52MB/68MB, paused 450us total 31.433ms
08-05 01:30:27.238 14012 14024 I art     : Starting a blocking GC Explicit
08-05 01:30:27.260 14012 14024 I art     : Explicit concurrent mark sweep GC freed 20(704B) AllocSpace objects, 0(0B) LOS objects, 23% free, 52MB/68MB, paused 438us total 21.797ms
08-05 01:30:27.269 14012 14024 I art     : Starting a blocking GC Explicit
08-05 01:30:27.290 14012 14024 I art     : Explicit concurrent mark sweep GC freed 3(96B) AllocSpace objects, 0(0B) LOS objects, 23% free, 52MB/68MB, paused 425us total 21.359ms
08-05 01:30:27.299 14012 14024 I art     : Starting a blocking GC Explicit
08-05 01:30:27.320 14012 14024 I art     : Explicit concurrent mark sweep GC freed 3(96B) AllocSpace objects, 0(0B) LOS objects, 23% free, 52MB/68MB, paused 450us total 21.338ms
08-05 01:30:27.329 14012 14024 I art     : Starting a blocking GC Explicit
08-05 01:30:27.351 14012 14024 I art     : Explicit concurrent mark sweep GC freed 3(96B) AllocSpace objects, 0(0B) LOS objects, 23% free, 52MB/68MB, paused 455us total 21.371ms
08-05 01:30:27.618 14012 14102 I art     : Starting a blocking GC Explicit
08-05 01:30:27.640 14012 14102 I art     : Explicit concurrent mark sweep GC freed 1343(78KB) AllocSpace objects, 1(20KB) LOS objects, 23% free, 52MB/68MB, paused 462us total 21.485ms
08-05 01:30:27.648 14012 14102 I art     : Starting a blocking GC Explicit
08-05 01:30:27.670 14012 14102 I art     : Explicit concurrent mark sweep GC freed 20(704B) AllocSpace objects, 0(0B) LOS objects, 23% free, 52MB/68MB, paused 442us total 21.637ms
08-05 01:30:27.679 14012 14102 I art     : Starting a blocking GC Explicit
08-05 01:30:27.699 14012 14102 I art     : Explicit concurrent mark sweep GC freed 3(96B) AllocSpace objects, 0(0B) LOS objects, 23% free, 52MB/68MB, paused 442us total 20.222ms
08-05 01:30:27.708 14012 14102 I art     : Starting a blocking GC Explicit
08-05 01:30:27.728 14012 14102 I art     : Explicit concurrent mark sweep GC freed 3(96B) AllocSpace objects, 0(0B) LOS objects, 23% free, 52MB/68MB, paused 431us total 20.582ms
08-05 01:30:27.737 14012 14102 I art     : Starting a blocking GC Explicit
08-05 01:30:27.757 14012 14102 I art     : Explicit concurrent mark sweep GC freed 3(96B) AllocSpace objects, 0(0B) LOS objects, 23% free, 52MB/68MB, paused 489us total 20.013ms
08-05 01:30:27.837 16695 16695 D AndroidRuntime: >>>>>> START com.android.internal.os.RuntimeInit uid 2000 <<<<<<
08-05 01:30:27.842 16695 16695 D AndroidRuntime: CheckJNI is OFF
08-05 01:30:27.876 16695 16695 D ICU     : No timezone override file found: /data/misc/zoneinfo/current/icu/icu_tzdata.dat
08-05 01:30:27.909 16695 16695 I Radio-JNI: register_android_hardware_Radio DONE
08-05 01:30:27.931 16695 16695 D AndroidRuntime: Calling main entry com.android.commands.input.Input
08-05 01:30:27.932 16695 16695 I Input   : injectMotionEvent: MotionEvent { action=ACTION_DOWN, actionButton=0, id[0]=0, x[0]=756.0, y[0]=1530.0, toolType[0]=TOOL_TYPE_UNKNOWN, buttonState=0, metaState=0, flags=0x0, edgeFlags=0x0, pointerCount=1, historySize=0, eventTime=754244345, downTime=754244345, deviceId=0, source=0x1002 }
08-05 01:30:27.939 16695 16695 I Input   : injectMotionEvent: MotionEvent { action=ACTION_UP, actionButton=0, id[0]=0, x[0]=756.0, y[0]=1530.0, toolType[0]=TOOL_TYPE_UNKNOWN, buttonState=0, metaState=0, flags=0x0, edgeFlags=0x0, pointerCount=1, historySize=0, eventTime=754244345, downTime=754244345, deviceId=0, source=0x1002 }
08-05 01:30:27.941 16695 16695 D AndroidRuntime: Shutting down VM
08-05 01:30:27.954   918  6112 I ActivityManager: START u0 {cmp=baseline.appteam.nith.hillffair/.activities.LeaderBoardActivity} from uid 10675 on display 0
08-05 01:30:27.955   512  2967 D audio_hw_primary: out_set_parameters: enter: usecase(1: low-latency-playback) kvpairs: routing=2
08-05 01:30:27.969   512  2967 D audio_hw_primary: select_devices: out_snd_device(2: speaker) in_snd_device(0: none)
08-05 01:30:27.969   512  2967 D msm8974_platform: platform_send_audio_calibration: sending audio calibration for snd_device(2) acdb_id(15)
08-05 01:30:27.969   512  2967 I soundtrigger: audio_extn_sound_trigger_update_device_status: device 0x2 of type 0 for Event 1
08-05 01:30:27.978   512  2967 D audio_hw_primary: enable_snd_device: snd_device(2: speaker)
08-05 01:30:27.981   512  2967 D audio_hw_primary: enable_audio_route: apply and update mixer path: low-latency-playback speaker
08-05 01:30:28.032 14012 14024 I art     : Starting a blocking GC Explicit
08-05 01:30:28.046 14012 14012 E RecyclerView: No adapter attached; skipping layout
08-05 01:30:28.047 14012 14012 E RecyclerView: No adapter attached; skipping layout
08-05 01:30:28.056 14012 14024 I art     : Explicit concurrent mark sweep GC freed 6520(395KB) AllocSpace objects, 1(20KB) LOS objects, 23% free, 52MB/68MB, paused 584us total 22.942ms
08-05 01:30:28.067 14012 14024 I art     : Starting a blocking GC Explicit
08-05 01:30:28.068   918   936 I ActivityManager: Displayed baseline.appteam.nith.hillffair/.activities.LeaderBoardActivity: +103ms
08-05 01:30:28.069 13866 13866 I GoogleInputMethodServic: GoogleInputMethodService.onFinishInput():3138 
08-05 01:30:28.070 14012 14012 E RecyclerView: No adapter attached; skipping layout
08-05 01:30:28.070 13866 13866 I GoogleInputMethodServic: GoogleInputMethodService.onStartInput():1808 
08-05 01:30:28.089 14012 14035 D OpenGLRenderer: endAllStagingAnimators on 0x7f994b5c00 (RippleDrawable) with handle 0x7f7ef92060
08-05 01:30:28.092 14012 14024 I art     : Explicit concurrent mark sweep GC freed 374(18KB) AllocSpace objects, 0(0B) LOS objects, 23% free, 52MB/68MB, paused 627us total 25.063ms
08-05 01:30:28.101 14012 14024 I art     : Starting a blocking GC Explicit
08-05 01:30:28.121 14012 14024 I art     : Explicit concurrent mark sweep GC freed 21(864B) AllocSpace objects, 0(0B) LOS objects, 23% free, 52MB/68MB, paused 446us total 20.111ms
08-05 01:30:28.129 14012 14024 I art     : Starting a blocking GC Explicit
08-05 01:30:28.148 14012 14024 I art     : Explicit concurrent mark sweep GC freed 17(576B) AllocSpace objects, 0(0B) LOS objects, 23% free, 52MB/68MB, paused 470us total 19.150ms
08-05 01:30:28.157 14012 14024 I art     : Starting a blocking GC Explicit
08-05 01:30:28.177 14012 14024 I art     : Explicit concurrent mark sweep GC freed 15(592B) AllocSpace objects, 0(0B) LOS objects, 23% free, 52MB/68MB, paused 501us total 19.774ms
08-05 01:30:28.319   380   380 W SurfaceFlinger: couldn't log to binary event log: overflow.
08-05 01:30:28.420 14012 14025 I art     : Starting a blocking GC Explicit
08-05 01:30:28.441 14012 14025 I art     : Explicit concurrent mark sweep GC freed 1360(78KB) AllocSpace objects, 1(20KB) LOS objects, 23% free, 52MB/68MB, paused 465us total 21.430ms
08-05 01:30:28.449 14012 14025 I art     : Starting a blocking GC Explicit
08-05 01:30:28.469 14012 14025 I art     : Explicit concurrent mark sweep GC freed 97(5KB) AllocSpace objects, 0(0B) LOS objects, 23% free, 52MB/68MB, paused 533us total 19.936ms
08-05 01:30:28.479 14012 14025 I art     : Starting a blocking GC Explicit
08-05 01:30:28.500 14012 14025 I art     : Explicit concurrent mark sweep GC freed 80(3KB) AllocSpace objects, 0(0B) LOS objects, 23% free, 52MB/68MB, paused 496us total 20.868ms
08-05 01:30:28.508 14012 14025 I art     : Starting a blocking GC Explicit
08-05 01:30:28.518   512  2967 D audio_hw_primary: disable_audio_route: reset and update mixer path: low-latency-playback speaker
08-05 01:30:28.519   512  2967 D audio_hw_primary: disable_snd_device: snd_device(2: speaker)
08-05 01:30:28.527 14012 14025 I art     : Explicit concurrent mark sweep GC freed 21(736B) AllocSpace objects, 0(0B) LOS objects, 23% free, 52MB/68MB, paused 500us total 19.493ms
08-05 01:30:28.527   512  2967 I soundtrigger: audio_extn_sound_trigger_update_device_status: device 0x2 of type 0 for Event 0
08-05 01:30:28.535 14012 14025 I art     : Starting a blocking GC Explicit
08-05 01:30:28.556 14012 14025 I art     : Explicit concurrent mark sweep GC freed 12(432B) AllocSpace objects, 0(0B) LOS objects, 23% free, 52MB/68MB, paused 455us total 20.236ms
08-05 01:30:28.797 14012 16729 D OkHttp  : --> GET https://api-hillfair-2k16.herokuapp.com/api/app/quiz/leaderboard?from=1 http/1.1
08-05 01:30:28.826 14012 14101 I art     : Starting a blocking GC Explicit
08-05 01:30:28.838 14012 16729 D OkHttp  : <-- 200 OK https://api-hillfair-2k16.herokuapp.com/api/app/quiz/leaderboard?from=1 (39ms, 56744-byte body)
08-05 01:30:28.850 14012 14101 I art     : Explicit concurrent mark sweep GC freed 4149(245KB) AllocSpace objects, 4(220KB) LOS objects, 23% free, 53MB/69MB, paused 503us total 23.468ms
08-05 01:30:28.858 14012 14101 I art     : Starting a blocking GC Explicit
08-05 01:30:28.882 14012 14101 I art     : Explicit concurrent mark sweep GC freed 11939(623KB) AllocSpace objects, 0(0B) LOS objects, 23% free, 53MB/69MB, paused 692us total 23.623ms
08-05 01:30:28.890 14012 14101 I art     : Starting a blocking GC Explicit
08-05 01:30:28.912 14012 14101 I art     : Explicit concurrent mark sweep GC freed 13699(600KB) AllocSpace objects, 0(0B) LOS objects, 23% free, 53MB/69MB, paused 666us total 21.768ms
08-05 01:30:28.920 14012 14012 I NAPPA_EXPERIMENTATION: MetricNetworkRequestExecutionTime: REQUEST_DURATION_SYSTEM='927',REQUEST_DURATION_OKHTTP='39',REQUEST_SYNCHRONOUS='FALSE',RESPONSE_CODE='200',RESPONSE_METHOD='GET',RESPONSE_LENGTH_OKHTTP='56744',RESPONSE_LENGTH_HEADER='56744',REQUEST_PROTOCOL='http/1.1',REQUEST_URL='https://api-hillfair-2k16.herokuapp.com/api/app/quiz/leaderboard?from=1',
08-05 01:30:28.921 14012 14101 I art     : Starting a blocking GC Explicit
08-05 01:30:28.941 14012 14101 I art     : Explicit concurrent mark sweep GC freed 225(42KB) AllocSpace objects, 0(0B) LOS objects, 23% free, 53MB/69MB, paused 675us total 20.595ms
08-05 01:30:28.950 14012 14101 I art     : Starting a blocking GC Explicit
08-05 01:30:28.971 14012 14101 I art     : Explicit concurrent mark sweep GC freed 815(35KB) AllocSpace objects, 0(0B) LOS objects, 23% free, 53MB/69MB, paused 679us total 20.938ms
08-05 01:30:29.244 14012 14025 I art     : Starting a blocking GC Explicit
08-05 01:30:29.279 14012 14025 I art     : Explicit concurrent mark sweep GC freed 1966(101KB) AllocSpace objects, 1(20KB) LOS objects, 23% free, 53MB/69MB, paused 600us total 35.145ms
08-05 01:30:29.292 14012 14025 I art     : Starting a blocking GC Explicit
08-05 01:30:29.317 14012 14025 I art     : Explicit concurrent mark sweep GC freed 30(1184B) AllocSpace objects, 0(0B) LOS objects, 23% free, 53MB/69MB, paused 629us total 24.640ms
08-05 01:30:29.326 14012 14025 I art     : Starting a blocking GC Explicit
08-05 01:30:29.350 14012 14025 I art     : Explicit concurrent mark sweep GC freed 3(96B) AllocSpace objects, 0(0B) LOS objects, 23% free, 53MB/69MB, paused 485us total 23.581ms
08-05 01:30:29.359 14012 14025 I art     : Starting a blocking GC Explicit
08-05 01:30:29.383 14012 14025 I art     : Explicit concurrent mark sweep GC freed 3(96B) AllocSpace objects, 0(0B) LOS objects, 23% free, 53MB/69MB, paused 527us total 23.988ms
08-05 01:30:29.392 14012 14025 I art     : Starting a blocking GC Explicit
08-05 01:30:29.416 14012 14025 I art     : Explicit concurrent mark sweep GC freed 3(96B) AllocSpace objects, 0(0B) LOS objects, 23% free, 53MB/69MB, paused 538us total 23.502ms
08-05 01:30:29.704 14012 15015 I art     : Starting a blocking GC Explicit
08-05 01:30:29.734 14012 15015 I art     : Explicit concurrent mark sweep GC freed 1344(78KB) AllocSpace objects, 1(20KB) LOS objects, 23% free, 53MB/69MB, paused 513us total 29.885ms
08-05 01:30:29.745 14012 15015 I art     : Starting a blocking GC Explicit
08-05 01:30:29.769 14012 15015 I art     : Explicit concurrent mark sweep GC freed 20(704B) AllocSpace objects, 0(0B) LOS objects, 23% free, 53MB/69MB, paused 471us total 23.977ms
08-05 01:30:29.779 14012 15015 I art     : Starting a blocking GC Explicit
08-05 01:30:29.803 14012 15015 I art     : Explicit concurrent mark sweep GC freed 3(96B) AllocSpace objects, 0(0B) LOS objects, 23% free, 53MB/69MB, paused 475us total 24.175ms
08-05 01:30:29.812 14012 15015 I art     : Starting a blocking GC Explicit
08-05 01:30:29.838 14012 15015 I art     : Explicit concurrent mark sweep GC freed 3(96B) AllocSpace objects, 0(0B) LOS objects, 23% free, 53MB/69MB, paused 2.238ms total 25.547ms
08-05 01:30:29.841   518   646 I ThermalEngine: ACTION: GPU - Setting GPU[0] to 450000000
08-05 01:30:29.849 14012 15015 I art     : Starting a blocking GC Explicit
08-05 01:30:29.882 14012 15015 I art     : Explicit concurrent mark sweep GC freed 3(96B) AllocSpace objects, 0(0B) LOS objects, 23% free, 53MB/69MB, paused 645us total 32.645ms
08-05 01:30:30.203 14012 14101 I art     : Starting a blocking GC Explicit
08-05 01:30:30.247 14012 14101 I art     : Explicit concurrent mark sweep GC freed 1344(78KB) AllocSpace objects, 1(20KB) LOS objects, 23% free, 53MB/69MB, paused 733us total 43.263ms
08-05 01:30:30.263 14012 14101 I art     : Starting a blocking GC Explicit
08-05 01:30:30.300 14012 14101 I art     : Explicit concurrent mark sweep GC freed 20(704B) AllocSpace objects, 0(0B) LOS objects, 23% free, 53MB/69MB, paused 676us total 36.129ms
08-05 01:30:30.315 14012 14101 I art     : Starting a blocking GC Explicit
08-05 01:30:30.347 14012 14101 I art     : Explicit concurrent mark sweep GC freed 193(12KB) AllocSpace objects, 0(0B) LOS objects, 23% free, 53MB/69MB, paused 766us total 31.670ms
08-05 01:30:30.358 14012 14101 I art     : Starting a blocking GC Explicit
08-05 01:30:30.391 14012 14101 I art     : Explicit concurrent mark sweep GC freed 9(320B) AllocSpace objects, 0(0B) LOS objects, 23% free, 53MB/69MB, paused 733us total 32.551ms
08-05 01:30:30.403 14012 14101 I art     : Starting a blocking GC Explicit
08-05 01:30:30.436 14012 14101 I art     : Explicit concurrent mark sweep GC freed 95(4KB) AllocSpace objects, 0(0B) LOS objects, 23% free, 53MB/69MB, paused 758us total 32.403ms
08-05 01:30:30.551 14012 16782 W OneSignal: OneSignalRestClient: POST Error thrown from network stack. 
08-05 01:30:30.551 14012 16782 W OneSignal: java.io.IOException: unexpected end of stream on Connection{api.onesignal.com:443, proxy=HTTP@192.168.2.12:8080 hostAddress=192.168.2.12 cipherSuite=TLS_ECDHE_RSA_WITH_AES_128_GCM_SHA256 protocol=http/1.1} (recycle count=0)
08-05 01:30:30.551 14012 16782 W OneSignal: 	at com.android.okhttp.internal.http.HttpConnection.readResponse(HttpConnection.java:210)
08-05 01:30:30.551 14012 16782 W OneSignal: 	at com.android.okhttp.internal.http.HttpTransport.readResponseHeaders(HttpTransport.java:80)
08-05 01:30:30.551 14012 16782 W OneSignal: 	at com.android.okhttp.internal.http.HttpEngine.readNetworkResponse(HttpEngine.java:904)
08-05 01:30:30.551 14012 16782 W OneSignal: 	at com.android.okhttp.internal.http.HttpEngine.readResponse(HttpEngine.java:788)
08-05 01:30:30.551 14012 16782 W OneSignal: 	at com.android.okhttp.internal.huc.HttpURLConnectionImpl.execute(HttpURLConnectionImpl.java:439)
08-05 01:30:30.551 14012 16782 W OneSignal: 	at com.android.okhttp.internal.huc.HttpURLConnectionImpl.getResponse(HttpURLConnectionImpl.java:384)
08-05 01:30:30.551 14012 16782 W OneSignal: 	at com.android.okhttp.internal.huc.HttpURLConnectionImpl.getResponseCode(HttpURLConnectionImpl.java:497)
08-05 01:30:30.551 14012 16782 W OneSignal: 	at com.android.okhttp.internal.huc.DelegatingHttpsURLConnection.getResponseCode(DelegatingHttpsURLConnection.java:105)
08-05 01:30:30.551 14012 16782 W OneSignal: 	at com.android.okhttp.internal.huc.HttpsURLConnectionImpl.getResponseCode(HttpsURLConnectionImpl.java)
08-05 01:30:30.551 14012 16782 W OneSignal: 	at com.onesignal.OneSignalRestClient.startHTTPConnection(OneSignalRestClient.java:180)
08-05 01:30:30.551 14012 16782 W OneSignal: 	at com.onesignal.OneSignalRestClient.access$100(OneSignalRestClient.java:44)
08-05 01:30:30.551 14012 16782 W OneSignal: 	at com.onesignal.OneSignalRestClient$4.run(OneSignalRestClient.java:110)
08-05 01:30:30.551 14012 16782 W OneSignal: 	at java.lang.Thread.run(Thread.java:818)
08-05 01:30:30.551 14012 16782 W OneSignal: Caused by: java.io.EOFException: \n not found: size=0 content=...
08-05 01:30:30.551 14012 16782 W OneSignal: 	at com.android.okhttp.okio.RealBufferedSource.readUtf8LineStrict(RealBufferedSource.java:200)
08-05 01:30:30.551 14012 16782 W OneSignal: 	at com.android.okhttp.internal.http.HttpConnection.readResponse(HttpConnection.java:191)
08-05 01:30:30.551 14012 16782 W OneSignal: 	... 12 more
08-05 01:30:30.554 14012 16783 W OneSignal: Failed last request. statusCode: -1
08-05 01:30:30.554 14012 16783 W OneSignal: response: null
08-05 01:30:30.772 14012 14102 I art     : Starting a blocking GC Explicit
08-05 01:30:30.815 14012 14102 I art     : Explicit concurrent mark sweep GC freed 3607(225KB) AllocSpace objects, 1(20KB) LOS objects, 23% free, 53MB/69MB, paused 692us total 41.691ms
08-05 01:30:30.830 14012 14102 I art     : Starting a blocking GC Explicit
08-05 01:30:30.837   518   646 I ThermalEngine: ACTION: GPU - Setting GPU[0] to 510000000
08-05 01:30:30.862 14012 14102 I art     : Explicit concurrent mark sweep GC freed 90(3KB) AllocSpace objects, 0(0B) LOS objects, 23% free, 53MB/69MB, paused 650us total 31.435ms
08-05 01:30:30.874 14012 14102 I art     : Starting a blocking GC Explicit
08-05 01:30:30.900 14012 14102 I art     : Explicit concurrent mark sweep GC freed 3(96B) AllocSpace objects, 0(0B) LOS objects, 23% free, 53MB/69MB, paused 470us total 25.835ms
08-05 01:30:30.909 14012 14102 I art     : Starting a blocking GC Explicit
08-05 01:30:30.933 14012 14102 I art     : Explicit concurrent mark sweep GC freed 3(96B) AllocSpace objects, 0(0B) LOS objects, 23% free, 53MB/69MB, paused 466us total 23.518ms
08-05 01:30:30.942 14012 14102 I art     : Starting a blocking GC Explicit
08-05 01:30:30.965 14012 14102 I art     : Explicit concurrent mark sweep GC freed 3(96B) AllocSpace objects, 0(0B) LOS objects, 23% free, 53MB/69MB, paused 480us total 22.827ms
08-05 01:30:31.272 14012 14024 I art     : Starting a blocking GC Explicit
08-05 01:30:31.302 14012 14024 I art     : Explicit concurrent mark sweep GC freed 1357(78KB) AllocSpace objects, 1(20KB) LOS objects, 23% free, 53MB/69MB, paused 515us total 30.067ms
08-05 01:30:31.316 14012 14024 I art     : Starting a blocking GC Explicit
08-05 01:30:31.338 14012 14024 I art     : Explicit concurrent mark sweep GC freed 34(1136B) AllocSpace objects, 0(0B) LOS objects, 23% free, 53MB/69MB, paused 448us total 22.530ms
08-05 01:30:31.347 14012 14024 I art     : Starting a blocking GC Explicit
08-05 01:30:31.370 14012 14024 I art     : Explicit concurrent mark sweep GC freed 3(96B) AllocSpace objects, 0(0B) LOS objects, 23% free, 53MB/69MB, paused 467us total 23.154ms
08-05 01:30:31.379 14012 14024 I art     : Starting a blocking GC Explicit
08-05 01:30:31.403 14012 14024 I art     : Explicit concurrent mark sweep GC freed 3(96B) AllocSpace objects, 0(0B) LOS objects, 23% free, 53MB/69MB, paused 456us total 23.557ms
08-05 01:30:31.412 14012 14024 I art     : Starting a blocking GC Explicit
08-05 01:30:31.437 14012 14024 I art     : Explicit concurrent mark sweep GC freed 3(96B) AllocSpace objects, 0(0B) LOS objects, 23% free, 53MB/69MB, paused 475us total 23.936ms
08-05 01:30:31.748 14012 14025 I art     : Starting a blocking GC Explicit
08-05 01:30:31.783 14012 14025 I art     : Explicit concurrent mark sweep GC freed 1344(78KB) AllocSpace objects, 1(20KB) LOS objects, 23% free, 53MB/69MB, paused 506us total 34.507ms
08-05 01:30:31.796 14012 14025 I art     : Starting a blocking GC Explicit
08-05 01:30:31.819 14012 14025 I art     : Explicit concurrent mark sweep GC freed 20(704B) AllocSpace objects, 0(0B) LOS objects, 23% free, 53MB/69MB, paused 446us total 22.712ms
08-05 01:30:31.828 14012 14025 I art     : Starting a blocking GC Explicit
08-05 01:30:31.852 14012 14025 I art     : Explicit concurrent mark sweep GC freed 3(96B) AllocSpace objects, 0(0B) LOS objects, 23% free, 53MB/69MB, paused 459us total 23.712ms
08-05 01:30:31.861 14012 14025 I art     : Starting a blocking GC Explicit
08-05 01:30:31.885 14012 14025 I art     : Explicit concurrent mark sweep GC freed 3(96B) AllocSpace objects, 0(0B) LOS objects, 23% free, 53MB/69MB, paused 466us total 23.956ms
08-05 01:30:31.895 14012 14025 I art     : Starting a blocking GC Explicit
08-05 01:30:31.918 14012 14025 I art     : Explicit concurrent mark sweep GC freed 3(96B) AllocSpace objects, 0(0B) LOS objects, 23% free, 53MB/69MB, paused 468us total 23.587ms
08-05 01:30:32.245 14012 15015 I art     : Starting a blocking GC Explicit
08-05 01:30:32.269 14012 15015 I art     : Explicit concurrent mark sweep GC freed 1344(78KB) AllocSpace objects, 1(20KB) LOS objects, 23% free, 53MB/69MB, paused 489us total 24.020ms
08-05 01:30:32.278 14012 15015 I art     : Starting a blocking GC Explicit
08-05 01:30:32.301 14012 15015 I art     : Explicit concurrent mark sweep GC freed 20(704B) AllocSpace objects, 0(0B) LOS objects, 23% free, 53MB/69MB, paused 455us total 23.262ms
08-05 01:30:32.310 14012 15015 I art     : Starting a blocking GC Explicit
08-05 01:30:32.332 14012 15015 I art     : Explicit concurrent mark sweep GC freed 3(96B) AllocSpace objects, 0(0B) LOS objects, 23% free, 53MB/69MB, paused 514us total 22.095ms
08-05 01:30:32.341 14012 15015 I art     : Starting a blocking GC Explicit
08-05 01:30:32.364 14012 15015 I art     : Explicit concurrent mark sweep GC freed 3(96B) AllocSpace objects, 0(0B) LOS objects, 23% free, 53MB/69MB, paused 460us total 22.115ms
08-05 01:30:32.372 14012 15015 I art     : Starting a blocking GC Explicit
08-05 01:30:32.394 14012 15015 I art     : Explicit concurrent mark sweep GC freed 3(96B) AllocSpace objects, 0(0B) LOS objects, 23% free, 53MB/69MB, paused 444us total 21.603ms
08-05 01:30:32.597 16824 16824 D AndroidRuntime: >>>>>> START com.android.internal.os.RuntimeInit uid 2000 <<<<<<
08-05 01:30:32.602 16824 16824 D AndroidRuntime: CheckJNI is OFF
08-05 01:30:32.634 16824 16824 D ICU     : No timezone override file found: /data/misc/zoneinfo/current/icu/icu_tzdata.dat
08-05 01:30:32.666 16824 16824 I Radio-JNI: register_android_hardware_Radio DONE
08-05 01:30:32.689 16824 16824 D AndroidRuntime: Calling main entry com.android.commands.input.Input
08-05 01:30:32.690 16824 16824 I Input   : injectKeyEvent: KeyEvent { action=ACTION_DOWN, keyCode=KEYCODE_BACK, scanCode=0, metaState=0, flags=0x0, repeatCount=0, eventTime=754249104, downTime=754249104, deviceId=-1, source=0x101 }
08-05 01:30:32.695 16824 16824 I Input   : injectKeyEvent: KeyEvent { action=ACTION_UP, keyCode=KEYCODE_BACK, scanCode=0, metaState=0, flags=0x0, repeatCount=0, eventTime=754249104, downTime=754249104, deviceId=-1, source=0x101 }
08-05 01:30:32.700 16824 16824 D AndroidRuntime: Shutting down VM
08-05 01:30:32.702 14012 14025 I art     : Starting a blocking GC Explicit
08-05 01:30:32.725 14012 14025 I art     : Explicit concurrent mark sweep GC freed 1446(83KB) AllocSpace objects, 1(20KB) LOS objects, 23% free, 53MB/69MB, paused 455us total 22.828ms
08-05 01:30:32.734 14012 14025 I art     : Starting a blocking GC Explicit
08-05 01:30:32.739 13866 13866 I GoogleInputMethodServic: GoogleInputMethodService.onFinishInput():3138 
08-05 01:30:32.739 13866 13866 I GoogleInputMethodServic: GoogleInputMethodService.onStartInput():1808 
08-05 01:30:32.755 14012 14025 I art     : Explicit concurrent mark sweep GC freed 54(1968B) AllocSpace objects, 0(0B) LOS objects, 23% free, 53MB/69MB, paused 474us total 20.541ms
08-05 01:30:32.764 14012 14025 I art     : Starting a blocking GC Explicit
08-05 01:30:32.784 14012 14025 I art     : Explicit concurrent mark sweep GC freed 11(384B) AllocSpace objects, 0(0B) LOS objects, 23% free, 53MB/69MB, paused 413us total 20.099ms
08-05 01:30:32.792 14012 14025 I art     : Starting a blocking GC Explicit
08-05 01:30:32.812 14012 14025 I art     : Explicit concurrent mark sweep GC freed 3(96B) AllocSpace objects, 0(0B) LOS objects, 23% free, 53MB/69MB, paused 415us total 19.494ms
08-05 01:30:32.820 14012 14025 I art     : Starting a blocking GC Explicit
08-05 01:30:32.842 14012 14025 I art     : Explicit concurrent mark sweep GC freed 3(96B) AllocSpace objects, 0(0B) LOS objects, 23% free, 53MB/69MB, paused 406us total 21.206ms
08-05 01:30:33.024   380   380 W SurfaceFlinger: couldn't log to binary event log: overflow.
08-05 01:30:33.098 14012 14025 I art     : Starting a blocking GC Explicit
08-05 01:30:33.121 14012 14025 I art     : Explicit concurrent mark sweep GC freed 1463(87KB) AllocSpace objects, 1(20KB) LOS objects, 23% free, 53MB/69MB, paused 489us total 22.345ms
08-05 01:30:33.129 14012 14025 I art     : Starting a blocking GC Explicit
08-05 01:30:33.152 14012 14025 I art     : Explicit concurrent mark sweep GC freed 4698(269KB) AllocSpace objects, 2(140KB) LOS objects, 23% free, 52MB/68MB, paused 465us total 23.052ms
08-05 01:30:33.161 14012 14025 I art     : Starting a blocking GC Explicit
08-05 01:30:33.184 14012 14025 I art     : Explicit concurrent mark sweep GC freed 3(96B) AllocSpace objects, 0(0B) LOS objects, 23% free, 52MB/68MB, paused 473us total 22.114ms
08-05 01:30:33.193 14012 14025 I art     : Starting a blocking GC Explicit
08-05 01:30:33.215 14012 14025 I art     : Explicit concurrent mark sweep GC freed 3(96B) AllocSpace objects, 0(0B) LOS objects, 23% free, 52MB/68MB, paused 463us total 22.095ms
08-05 01:30:33.224 14012 14025 I art     : Starting a blocking GC Explicit
08-05 01:30:33.246 14012 14025 I art     : Explicit concurrent mark sweep GC freed 3(96B) AllocSpace objects, 0(0B) LOS objects, 23% free, 52MB/68MB, paused 465us total 21.892ms
08-05 01:30:33.530 14012 14102 I art     : Starting a blocking GC Explicit
08-05 01:30:33.558 14012 14102 I art     : Explicit concurrent mark sweep GC freed 1344(78KB) AllocSpace objects, 1(20KB) LOS objects, 23% free, 52MB/68MB, paused 611us total 27.180ms
08-05 01:30:33.570 14012 14102 I art     : Starting a blocking GC Explicit
08-05 01:30:33.592 14012 14102 I art     : Explicit concurrent mark sweep GC freed 20(704B) AllocSpace objects, 0(0B) LOS objects, 23% free, 52MB/68MB, paused 468us total 22.238ms
08-05 01:30:33.601 14012 14102 I art     : Starting a blocking GC Explicit
08-05 01:30:33.605 10296 10296 I ServiceManager: Waiting for service AtCmdFwd...
08-05 01:30:33.623 14012 14102 I art     : Explicit concurrent mark sweep GC freed 3(96B) AllocSpace objects, 0(0B) LOS objects, 23% free, 52MB/68MB, paused 459us total 21.897ms
08-05 01:30:33.632 14012 14102 I art     : Starting a blocking GC Explicit
08-05 01:30:33.654 14012 14102 I art     : Explicit concurrent mark sweep GC freed 3(96B) AllocSpace objects, 0(0B) LOS objects, 23% free, 52MB/68MB, paused 462us total 22.014ms
08-05 01:30:33.663 14012 14102 I art     : Starting a blocking GC Explicit
08-05 01:30:33.686 14012 14102 I art     : Explicit concurrent mark sweep GC freed 3(96B) AllocSpace objects, 0(0B) LOS objects, 23% free, 52MB/68MB, paused 455us total 23.007ms
08-05 01:30:33.979 14012 15015 I art     : Starting a blocking GC Explicit
08-05 01:30:34.002 14012 15015 I art     : Explicit concurrent mark sweep GC freed 1343(78KB) AllocSpace objects, 1(20KB) LOS objects, 23% free, 52MB/68MB, paused 509us total 22.382ms
08-05 01:30:34.011 14012 15015 I art     : Starting a blocking GC Explicit
08-05 01:30:34.032 14012 15015 I art     : Explicit concurrent mark sweep GC freed 20(704B) AllocSpace objects, 0(0B) LOS objects, 23% free, 52MB/68MB, paused 469us total 20.856ms
08-05 01:30:34.041 14012 15015 I art     : Starting a blocking GC Explicit
08-05 01:30:34.062 14012 15015 I art     : Explicit concurrent mark sweep GC freed 3(96B) AllocSpace objects, 0(0B) LOS objects, 23% free, 52MB/68MB, paused 455us total 20.912ms
08-05 01:30:34.070 14012 15015 I art     : Starting a blocking GC Explicit
08-05 01:30:34.091 14012 15015 I art     : Explicit concurrent mark sweep GC freed 3(96B) AllocSpace objects, 0(0B) LOS objects, 23% free, 52MB/68MB, paused 454us total 20.741ms
08-05 01:30:34.100 14012 15015 I art     : Starting a blocking GC Explicit
08-05 01:30:34.121 14012 15015 I art     : Explicit concurrent mark sweep GC freed 3(96B) AllocSpace objects, 0(0B) LOS objects, 23% free, 52MB/68MB, paused 549us total 21.055ms
08-05 01:30:34.355 16879 16879 D AndroidRuntime: >>>>>> START com.android.internal.os.RuntimeInit uid 2000 <<<<<<
08-05 01:30:34.359 16879 16879 D AndroidRuntime: CheckJNI is OFF
08-05 01:30:34.391 16879 16879 D ICU     : No timezone override file found: /data/misc/zoneinfo/current/icu/icu_tzdata.dat
08-05 01:30:34.394 14012 15015 I art     : Starting a blocking GC Explicit
08-05 01:30:34.415 14012 15015 I art     : Explicit concurrent mark sweep GC freed 1354(78KB) AllocSpace objects, 1(20KB) LOS objects, 23% free, 52MB/68MB, paused 523us total 21.561ms
08-05 01:30:34.424 14012 15015 I art     : Starting a blocking GC Explicit
08-05 01:30:34.425 16879 16879 I Radio-JNI: register_android_hardware_Radio DONE
08-05 01:30:34.445 14012 15015 I art     : Explicit concurrent mark sweep GC freed 24(832B) AllocSpace objects, 0(0B) LOS objects, 23% free, 52MB/68MB, paused 451us total 20.463ms
08-05 01:30:34.448 16879 16879 D AndroidRuntime: Calling main entry com.android.commands.input.Input
08-05 01:30:34.450 16879 16879 I Input   : injectKeyEvent: KeyEvent { action=ACTION_DOWN, keyCode=KEYCODE_BACK, scanCode=0, metaState=0, flags=0x0, repeatCount=0, eventTime=754250863, downTime=754250863, deviceId=-1, source=0x101 }
08-05 01:30:34.453 14012 15015 I art     : Starting a blocking GC Explicit
08-05 01:30:34.456 16879 16879 I Input   : injectKeyEvent: KeyEvent { action=ACTION_UP, keyCode=KEYCODE_BACK, scanCode=0, metaState=0, flags=0x0, repeatCount=0, eventTime=754250863, downTime=754250863, deviceId=-1, source=0x101 }
08-05 01:30:34.463 16879 16879 D AndroidRuntime: Shutting down VM
08-05 01:30:34.473 14012 15015 I art     : Explicit concurrent mark sweep GC freed 22(800B) AllocSpace objects, 0(0B) LOS objects, 23% free, 52MB/68MB, paused 455us total 19.905ms
08-05 01:30:34.482 14012 15015 I art     : Starting a blocking GC Explicit
08-05 01:30:34.501 14012 15015 I art     : Explicit concurrent mark sweep GC freed 129(6KB) AllocSpace objects, 0(0B) LOS objects, 23% free, 52MB/68MB, paused 458us total 19.149ms
08-05 01:30:34.509 14012 15015 I art     : Starting a blocking GC Explicit
08-05 01:30:34.529 14012 15015 I art     : Explicit concurrent mark sweep GC freed 8(256B) AllocSpace objects, 0(0B) LOS objects, 23% free, 52MB/68MB, paused 1.067ms total 19.509ms
08-05 01:30:34.538 13866 13866 I GoogleInputMethodServic: GoogleInputMethodService.onFinishInput():3138 
08-05 01:30:34.538 13866 13866 I GoogleInputMethodServic: GoogleInputMethodService.onStartInput():1808 
08-05 01:30:34.606 10296 10296 I ServiceManager: Waiting for service AtCmdFwd...
08-05 01:30:34.797 14012 14102 I art     : Starting a blocking GC Explicit
08-05 01:30:34.820 14012 14102 I art     : Explicit concurrent mark sweep GC freed 1395(80KB) AllocSpace objects, 1(20KB) LOS objects, 23% free, 52MB/68MB, paused 426us total 22.897ms
08-05 01:30:34.826   380   380 W SurfaceFlinger: couldn't log to binary event log: overflow.
08-05 01:30:34.829 14012 14102 I art     : Starting a blocking GC Explicit
08-05 01:30:34.850 14012 14102 I art     : Explicit concurrent mark sweep GC freed 136(9KB) AllocSpace objects, 0(0B) LOS objects, 23% free, 52MB/68MB, paused 423us total 20.545ms
08-05 01:30:34.858 14012 14102 I art     : Starting a blocking GC Explicit
08-05 01:30:34.878 14012 14102 I art     : Explicit concurrent mark sweep GC freed 119(6KB) AllocSpace objects, 0(0B) LOS objects, 23% free, 52MB/68MB, paused 444us total 19.907ms
08-05 01:30:34.886 14012 14102 I art     : Starting a blocking GC Explicit
08-05 01:30:34.905 14012 14102 I art     : Explicit concurrent mark sweep GC freed 1948(115KB) AllocSpace objects, 2(180KB) LOS objects, 23% free, 52MB/68MB, paused 460us total 18.896ms
08-05 01:30:34.913 14012 14102 I art     : Starting a blocking GC Explicit
08-05 01:30:34.933 14012 14102 I art     : Explicit concurrent mark sweep GC freed 3(96B) AllocSpace objects, 0(0B) LOS objects, 23% free, 52MB/68MB, paused 456us total 19.159ms
08-05 01:30:35.221 14012 14024 I art     : Starting a blocking GC Explicit
08-05 01:30:35.247 14012 14024 I art     : Explicit concurrent mark sweep GC freed 1343(78KB) AllocSpace objects, 1(20KB) LOS objects, 23% free, 52MB/68MB, paused 612us total 25.459ms
08-05 01:30:35.256 14012 14024 I art     : Starting a blocking GC Explicit
08-05 01:30:35.277 14012 14024 I art     : Explicit concurrent mark sweep GC freed 20(704B) AllocSpace objects, 0(0B) LOS objects, 23% free, 52MB/68MB, paused 479us total 20.944ms
08-05 01:30:35.286 14012 14024 I art     : Starting a blocking GC Explicit
08-05 01:30:35.307 14012 14024 I art     : Explicit concurrent mark sweep GC freed 3(96B) AllocSpace objects, 0(0B) LOS objects, 23% free, 52MB/68MB, paused 504us total 21.230ms
08-05 01:30:35.316 14012 14024 I art     : Starting a blocking GC Explicit
08-05 01:30:35.338 14012 14024 I art     : Explicit concurrent mark sweep GC freed 3(96B) AllocSpace objects, 0(0B) LOS objects, 23% free, 52MB/68MB, paused 480us total 21.306ms
08-05 01:30:35.348 14012 14024 I art     : Starting a blocking GC Explicit
08-05 01:30:35.369 14012 14024 I art     : Explicit concurrent mark sweep GC freed 3(96B) AllocSpace objects, 0(0B) LOS objects, 23% free, 52MB/68MB, paused 465us total 21.110ms
08-05 01:30:35.607 10296 10296 I ServiceManager: Waiting for service AtCmdFwd...
08-05 01:30:35.649 14012 14101 I art     : Starting a blocking GC Explicit
08-05 01:30:35.674 14012 14101 I art     : Explicit concurrent mark sweep GC freed 1362(79KB) AllocSpace objects, 1(20KB) LOS objects, 23% free, 52MB/68MB, paused 479us total 25.213ms
08-05 01:30:35.686 14012 14101 I art     : Starting a blocking GC Explicit
08-05 01:30:35.707 14012 14101 I art     : Explicit concurrent mark sweep GC freed 36(1216B) AllocSpace objects, 0(0B) LOS objects, 23% free, 52MB/68MB, paused 585us total 20.405ms
08-05 01:30:35.716 14012 14101 I art     : Starting a blocking GC Explicit
08-05 01:30:35.736 14012 14101 I art     : Explicit concurrent mark sweep GC freed 3(96B) AllocSpace objects, 0(0B) LOS objects, 23% free, 52MB/68MB, paused 447us total 19.366ms
08-05 01:30:35.744 14012 14101 I art     : Starting a blocking GC Explicit
08-05 01:30:35.764 14012 14101 I art     : Explicit concurrent mark sweep GC freed 3(96B) AllocSpace objects, 0(0B) LOS objects, 23% free, 52MB/68MB, paused 466us total 20.124ms
08-05 01:30:35.772 14012 14101 I art     : Starting a blocking GC Explicit
08-05 01:30:35.792 14012 14101 I art     : Explicit concurrent mark sweep GC freed 3(96B) AllocSpace objects, 0(0B) LOS objects, 23% free, 52MB/68MB, paused 462us total 19.784ms
08-05 01:30:36.071 14012 15015 I art     : Starting a blocking GC Explicit
08-05 01:30:36.092 14012 15015 I art     : Explicit concurrent mark sweep GC freed 1341(78KB) AllocSpace objects, 1(20KB) LOS objects, 23% free, 52MB/68MB, paused 461us total 21.141ms
08-05 01:30:36.101 14012 15015 I art     : Starting a blocking GC Explicit
08-05 01:30:36.120 16933 16933 D AndroidRuntime: >>>>>> START com.android.internal.os.RuntimeInit uid 2000 <<<<<<
08-05 01:30:36.122 14012 15015 I art     : Explicit concurrent mark sweep GC freed 20(704B) AllocSpace objects, 0(0B) LOS objects, 23% free, 52MB/68MB, paused 512us total 20.637ms
08-05 01:30:36.125 16933 16933 D AndroidRuntime: CheckJNI is OFF
08-05 01:30:36.131 14012 15015 I art     : Starting a blocking GC Explicit
08-05 01:30:36.150 14012 15015 I art     : Explicit concurrent mark sweep GC freed 3(96B) AllocSpace objects, 0(0B) LOS objects, 23% free, 52MB/68MB, paused 465us total 19.303ms
08-05 01:30:36.158 14012 15015 I art     : Starting a blocking GC Explicit
08-05 01:30:36.162 16933 16933 D ICU     : No timezone override file found: /data/misc/zoneinfo/current/icu/icu_tzdata.dat
08-05 01:30:36.178 14012 15015 I art     : Explicit concurrent mark sweep GC freed 3(96B) AllocSpace objects, 0(0B) LOS objects, 23% free, 52MB/68MB, paused 460us total 19.757ms
08-05 01:30:36.186 14012 15015 I art     : Starting a blocking GC Explicit
08-05 01:30:36.197 16933 16933 I Radio-JNI: register_android_hardware_Radio DONE
08-05 01:30:36.206 14012 15015 I art     : Explicit concurrent mark sweep GC freed 3(96B) AllocSpace objects, 0(0B) LOS objects, 23% free, 52MB/68MB, paused 476us total 19.548ms
08-05 01:30:36.219 16933 16933 D AndroidRuntime: Calling main entry com.android.commands.input.Input
08-05 01:30:36.221 16933 16933 I Input   : injectMotionEvent: MotionEvent { action=ACTION_DOWN, actionButton=0, id[0]=0, x[0]=1084.0, y[0]=2213.0, toolType[0]=TOOL_TYPE_UNKNOWN, buttonState=0, metaState=0, flags=0x0, edgeFlags=0x0, pointerCount=1, historySize=0, eventTime=754252634, downTime=754252634, deviceId=0, source=0x1002 }
08-05 01:30:36.229 16933 16933 I Input   : injectMotionEvent: MotionEvent { action=ACTION_UP, actionButton=0, id[0]=0, x[0]=1084.0, y[0]=2213.0, toolType[0]=TOOL_TYPE_UNKNOWN, buttonState=0, metaState=0, flags=0x0, edgeFlags=0x0, pointerCount=1, historySize=0, eventTime=754252634, downTime=754252634, deviceId=0, source=0x1002 }
08-05 01:30:36.231   918  5481 I ActivityManager: START u0 {cmp=baseline.appteam.nith.hillffair/.activities.EventActivity} from uid 10675 on display 0
08-05 01:30:36.239 16933 16933 D AndroidRuntime: Shutting down VM
08-05 01:30:36.321 13866 13866 I GoogleInputMethodServic: GoogleInputMethodService.onFinishInput():3138 
08-05 01:30:36.321 13866 13866 I GoogleInputMethodServic: GoogleInputMethodService.onStartInput():1808 
08-05 01:30:36.349   918   936 I ActivityManager: Displayed baseline.appteam.nith.hillffair/.activities.EventActivity: +109ms
08-05 01:30:36.453 14012 15015 I art     : Starting a blocking GC Explicit
08-05 01:30:36.473 14012 15015 I art     : Explicit concurrent mark sweep GC freed 6177(370KB) AllocSpace objects, 1(20KB) LOS objects, 23% free, 52MB/68MB, paused 534us total 20.057ms
08-05 01:30:36.482 14012 15015 I art     : Starting a blocking GC Explicit
08-05 01:30:36.501 14012 15015 I art     : Explicit concurrent mark sweep GC freed 266(11KB) AllocSpace objects, 0(0B) LOS objects, 23% free, 52MB/68MB, paused 437us total 18.602ms
08-05 01:30:36.509 14012 15015 I art     : Starting a blocking GC Explicit
08-05 01:30:36.527 14012 15015 I art     : Explicit concurrent mark sweep GC freed 3(96B) AllocSpace objects, 0(0B) LOS objects, 23% free, 52MB/68MB, paused 458us total 18.274ms
08-05 01:30:36.535 14012 15015 I art     : Starting a blocking GC Explicit
08-05 01:30:36.554 14012 15015 I art     : Explicit concurrent mark sweep GC freed 3(96B) AllocSpace objects, 0(0B) LOS objects, 23% free, 52MB/68MB, paused 457us total 18.887ms
08-05 01:30:36.562 14012 15015 I art     : Starting a blocking GC Explicit
08-05 01:30:36.578   380   380 W SurfaceFlinger: couldn't log to binary event log: overflow.
08-05 01:30:36.581 14012 15015 I art     : Explicit concurrent mark sweep GC freed 3(96B) AllocSpace objects, 0(0B) LOS objects, 23% free, 52MB/68MB, paused 458us total 18.477ms
08-05 01:30:36.608 10296 10296 I ServiceManager: Waiting for service AtCmdFwd...
08-05 01:30:36.864 14012 14102 I art     : Starting a blocking GC Explicit
08-05 01:30:36.886 14012 14102 I art     : Explicit concurrent mark sweep GC freed 1446(84KB) AllocSpace objects, 1(20KB) LOS objects, 23% free, 52MB/68MB, paused 502us total 21.893ms
08-05 01:30:36.894 14012 14102 I art     : Starting a blocking GC Explicit
08-05 01:30:36.916 14012 14102 I art     : Explicit concurrent mark sweep GC freed 47(1616B) AllocSpace objects, 0(0B) LOS objects, 23% free, 52MB/68MB, paused 610us total 21.244ms
08-05 01:30:36.924 14012 14102 I art     : Starting a blocking GC Explicit
08-05 01:30:36.946 14012 14102 I art     : Explicit concurrent mark sweep GC freed 9(336B) AllocSpace objects, 0(0B) LOS objects, 23% free, 52MB/68MB, paused 499us total 21.279ms
08-05 01:30:36.955 14012 14102 I art     : Starting a blocking GC Explicit
08-05 01:30:36.976 14012 14102 I art     : Explicit concurrent mark sweep GC freed 985(69KB) AllocSpace objects, 2(120KB) LOS objects, 23% free, 52MB/68MB, paused 711us total 21.406ms
08-05 01:30:36.985 14012 14102 I art     : Starting a blocking GC Explicit
08-05 01:30:36.996 14012 16956 D OkHttp  : --> GET https://api-hillfair-2k16.herokuapp.com/api/app/club http/1.1
08-05 01:30:37.005 14012 14102 I art     : Explicit concurrent mark sweep GC freed 2147(140KB) AllocSpace objects, 1(80KB) LOS objects, 23% free, 52MB/68MB, paused 504us total 20.286ms
08-05 01:30:37.034 14012 16956 D OkHttp  : <-- 200 OK https://api-hillfair-2k16.herokuapp.com/api/app/club (37ms, 1870-byte body)
08-05 01:30:37.047 14012 14012 I NAPPA_EXPERIMENTATION: MetricNetworkRequestExecutionTime: REQUEST_DURATION_SYSTEM='781',REQUEST_DURATION_OKHTTP='38',REQUEST_SYNCHRONOUS='FALSE',RESPONSE_CODE='200',RESPONSE_METHOD='GET',RESPONSE_LENGTH_OKHTTP='1870',RESPONSE_LENGTH_HEADER='1870',REQUEST_PROTOCOL='http/1.1',REQUEST_URL='https://api-hillfair-2k16.herokuapp.com/api/app/club',
08-05 01:30:37.275 14012 14024 I art     : Starting a blocking GC Explicit
08-05 01:30:37.299 14012 14024 I art     : Explicit concurrent mark sweep GC freed 4815(467KB) AllocSpace objects, 1(20KB) LOS objects, 23% free, 53MB/69MB, paused 1.413ms total 23.785ms
08-05 01:30:37.307 14012 14024 I art     : Starting a blocking GC Explicit
08-05 01:30:37.329 14012 14024 I art     : Explicit concurrent mark sweep GC freed 399(23KB) AllocSpace objects, 0(0B) LOS objects, 23% free, 53MB/69MB, paused 571us total 21.146ms
08-05 01:30:37.337 14012 14024 I art     : Starting a blocking GC Explicit
08-05 01:30:37.358 14012 14024 I art     : Explicit concurrent mark sweep GC freed 9(288B) AllocSpace objects, 0(0B) LOS objects, 23% free, 53MB/69MB, paused 611us total 21.046ms
08-05 01:30:37.366 14012 14024 I art     : Starting a blocking GC Explicit
08-05 01:30:37.389 14012 14024 I art     : Explicit concurrent mark sweep GC freed 3(96B) AllocSpace objects, 0(0B) LOS objects, 23% free, 53MB/69MB, paused 600us total 22.275ms
08-05 01:30:37.398 14012 14024 I art     : Starting a blocking GC Explicit
08-05 01:30:37.421 14012 14024 I art     : Explicit concurrent mark sweep GC freed 3(96B) AllocSpace objects, 0(0B) LOS objects, 23% free, 53MB/69MB, paused 614us total 22.818ms
08-05 01:30:37.608 10296 10296 I ServiceManager: Waiting for service AtCmdFwd...
08-05 01:30:37.715 14012 14101 I art     : Starting a blocking GC Explicit
08-05 01:30:37.740 14012 14101 I art     : Explicit concurrent mark sweep GC freed 8801(373KB) AllocSpace objects, 1(20KB) LOS objects, 23% free, 53MB/69MB, paused 634us total 25.366ms
08-05 01:30:37.749 14012 14101 I art     : Starting a blocking GC Explicit
08-05 01:30:37.760   918  3261 D WifiStateMachine: starting scan for "H369AA63323"WPA_PSK with 2412,5180
08-05 01:30:37.774 14012 14101 I art     : Explicit concurrent mark sweep GC freed 202(7KB) AllocSpace objects, 0(0B) LOS objects, 23% free, 53MB/69MB, paused 621us total 23.955ms
08-05 01:30:37.783 14012 14101 I art     : Starting a blocking GC Explicit
08-05 01:30:37.807 14012 14101 I art     : Explicit concurrent mark sweep GC freed 3(96B) AllocSpace objects, 0(0B) LOS objects, 23% free, 53MB/69MB, paused 663us total 23.860ms
08-05 01:30:37.816 14012 14101 I art     : Starting a blocking GC Explicit
08-05 01:30:37.839 14012 14101 I art     : Explicit concurrent mark sweep GC freed 609(113KB) AllocSpace objects, 0(0B) LOS objects, 23% free, 53MB/69MB, paused 525us total 23.366ms
08-05 01:30:37.848 14012 14101 I art     : Starting a blocking GC Explicit
08-05 01:30:37.850   518   646 I ThermalEngine: ACTION: GPU - Setting GPU[0] to 450000000
08-05 01:30:37.876 14012 14101 I art     : Explicit concurrent mark sweep GC freed 118(58KB) AllocSpace objects, 0(0B) LOS objects, 23% free, 53MB/69MB, paused 682us total 27.962ms
08-05 01:30:38.166 14012 14024 I art     : Starting a blocking GC Explicit
08-05 01:30:38.203 14012 14024 I art     : Explicit concurrent mark sweep GC freed 1364(86KB) AllocSpace objects, 1(20KB) LOS objects, 23% free, 53MB/69MB, paused 748us total 36.827ms
08-05 01:30:38.218 14012 14024 I art     : Starting a blocking GC Explicit
08-05 01:30:38.253 14012 14024 I art     : Explicit concurrent mark sweep GC freed 23(800B) AllocSpace objects, 0(0B) LOS objects, 23% free, 53MB/69MB, paused 695us total 35.136ms
08-05 01:30:38.265 14012 14024 I art     : Starting a blocking GC Explicit
08-05 01:30:38.296 14012 14024 I art     : Explicit concurrent mark sweep GC freed 3(96B) AllocSpace objects, 0(0B) LOS objects, 23% free, 53MB/69MB, paused 684us total 30.827ms
08-05 01:30:38.308 14012 14024 I art     : Starting a blocking GC Explicit
08-05 01:30:38.340 14012 14024 I art     : Explicit concurrent mark sweep GC freed 3(96B) AllocSpace objects, 0(0B) LOS objects, 23% free, 53MB/69MB, paused 704us total 31.935ms
08-05 01:30:38.352 14012 14024 I art     : Starting a blocking GC Explicit
08-05 01:30:38.385 14012 14024 I art     : Explicit concurrent mark sweep GC freed 3(96B) AllocSpace objects, 0(0B) LOS objects, 23% free, 53MB/69MB, paused 697us total 32.704ms
08-05 01:30:38.608 10296 10296 W Atfwd_Sendcmd: AtCmdFwd service not published, waiting... retryCnt : 4
08-05 01:30:38.707 14012 14025 I art     : Starting a blocking GC Explicit
08-05 01:30:38.750 14012 14025 I art     : Explicit concurrent mark sweep GC freed 1344(78KB) AllocSpace objects, 1(20KB) LOS objects, 23% free, 53MB/69MB, paused 834us total 42.240ms
08-05 01:30:38.766 14012 14025 I art     : Starting a blocking GC Explicit
08-05 01:30:38.795 14012 14025 I art     : Explicit concurrent mark sweep GC freed 20(704B) AllocSpace objects, 0(0B) LOS objects, 23% free, 53MB/69MB, paused 655us total 29.488ms
08-05 01:30:38.807 14012 14025 I art     : Starting a blocking GC Explicit
08-05 01:30:38.838 14012 14025 I art     : Explicit concurrent mark sweep GC freed 3(96B) AllocSpace objects, 0(0B) LOS objects, 23% free, 53MB/69MB, paused 741us total 30.768ms
08-05 01:30:38.850 14012 14025 I art     : Starting a blocking GC Explicit
08-05 01:30:38.882 14012 14025 I art     : Explicit concurrent mark sweep GC freed 3(96B) AllocSpace objects, 0(0B) LOS objects, 23% free, 53MB/69MB, paused 708us total 31.825ms
08-05 01:30:38.894 14012 14025 I art     : Starting a blocking GC Explicit
08-05 01:30:38.924 14012 14025 I art     : Explicit concurrent mark sweep GC freed 3(96B) AllocSpace objects, 0(0B) LOS objects, 23% free, 53MB/69MB, paused 675us total 29.556ms
08-05 01:30:39.271 14012 14102 I art     : Starting a blocking GC Explicit
08-05 01:30:39.308 14012 14102 I art     : Explicit concurrent mark sweep GC freed 1344(78KB) AllocSpace objects, 1(20KB) LOS objects, 23% free, 53MB/69MB, paused 797us total 36.835ms
08-05 01:30:39.322 14012 14102 I art     : Starting a blocking GC Explicit
08-05 01:30:39.355 14012 14102 I art     : Explicit concurrent mark sweep GC freed 20(704B) AllocSpace objects, 0(0B) LOS objects, 23% free, 53MB/69MB, paused 701us total 32.101ms
08-05 01:30:39.367 14012 14102 I art     : Starting a blocking GC Explicit
08-05 01:30:39.399 14012 14102 I art     : Explicit concurrent mark sweep GC freed 3(96B) AllocSpace objects, 0(0B) LOS objects, 23% free, 53MB/69MB, paused 699us total 32.543ms
08-05 01:30:39.411 14012 14102 I art     : Starting a blocking GC Explicit
08-05 01:30:39.442 14012 14102 I art     : Explicit concurrent mark sweep GC freed 3(96B) AllocSpace objects, 0(0B) LOS objects, 23% free, 53MB/69MB, paused 698us total 30.717ms
08-05 01:30:39.454 14012 14102 I art     : Starting a blocking GC Explicit
08-05 01:30:39.486 14012 14102 I art     : Explicit concurrent mark sweep GC freed 3(96B) AllocSpace objects, 0(0B) LOS objects, 23% free, 53MB/69MB, paused 717us total 31.941ms
08-05 01:30:39.819 14012 14101 I art     : Starting a blocking GC Explicit
08-05 01:30:39.855   518   646 I ThermalEngine: ACTION: GPU - Setting GPU[0] to 510000000
08-05 01:30:39.860 14012 14101 I art     : Explicit concurrent mark sweep GC freed 1344(78KB) AllocSpace objects, 1(20KB) LOS objects, 23% free, 53MB/69MB, paused 693us total 40.966ms
08-05 01:30:39.875 14012 14101 I art     : Starting a blocking GC Explicit
08-05 01:30:39.903 14012 14101 I art     : Explicit concurrent mark sweep GC freed 20(704B) AllocSpace objects, 0(0B) LOS objects, 23% free, 53MB/69MB, paused 520us total 27.990ms
08-05 01:30:39.912 14012 14101 I art     : Starting a blocking GC Explicit
08-05 01:30:39.936 14012 14101 I art     : Explicit concurrent mark sweep GC freed 3(96B) AllocSpace objects, 0(0B) LOS objects, 23% free, 53MB/69MB, paused 522us total 23.126ms
08-05 01:30:39.945 14012 14101 I art     : Starting a blocking GC Explicit
08-05 01:30:39.969 14012 14101 I art     : Explicit concurrent mark sweep GC freed 3(96B) AllocSpace objects, 0(0B) LOS objects, 23% free, 53MB/69MB, paused 534us total 24.085ms
08-05 01:30:39.978 14012 14101 I art     : Starting a blocking GC Explicit
08-05 01:30:40.002 14012 14101 I art     : Explicit concurrent mark sweep GC freed 3(96B) AllocSpace objects, 0(0B) LOS objects, 23% free, 53MB/69MB, paused 510us total 23.397ms
08-05 01:30:40.338 14012 15015 I art     : Starting a blocking GC Explicit
08-05 01:30:40.374 14012 15015 I art     : Explicit concurrent mark sweep GC freed 1344(78KB) AllocSpace objects, 1(20KB) LOS objects, 23% free, 53MB/69MB, paused 795us total 36.087ms
08-05 01:30:40.391 14012 15015 I art     : Starting a blocking GC Explicit
08-05 01:30:40.414 14012 15015 I art     : Explicit concurrent mark sweep GC freed 20(704B) AllocSpace objects, 0(0B) LOS objects, 23% free, 53MB/69MB, paused 516us total 23.148ms
08-05 01:30:40.423 14012 15015 I art     : Starting a blocking GC Explicit
08-05 01:30:40.447 14012 15015 I art     : Explicit concurrent mark sweep GC freed 6(192B) AllocSpace objects, 0(0B) LOS objects, 23% free, 53MB/69MB, paused 515us total 23.492ms
08-05 01:30:40.456 14012 15015 I art     : Starting a blocking GC Explicit
08-05 01:30:40.480 14012 15015 I art     : Explicit concurrent mark sweep GC freed 21(1008B) AllocSpace objects, 0(0B) LOS objects, 23% free, 53MB/69MB, paused 507us total 23.307ms
08-05 01:30:40.489 14012 15015 I art     : Starting a blocking GC Explicit
08-05 01:30:40.512 14012 15015 I art     : Explicit concurrent mark sweep GC freed 19(608B) AllocSpace objects, 0(0B) LOS objects, 23% free, 53MB/69MB, paused 475us total 23.350ms
08-05 01:30:40.780   918  3188 I hubconnection: sensorhub said: 'set_bias 3: -6.2400, 0.0000, 0.0000'
08-05 01:30:40.852 14012 14024 I art     : Starting a blocking GC Explicit
08-05 01:30:40.885 14012 14024 I art     : Explicit concurrent mark sweep GC freed 1344(78KB) AllocSpace objects, 1(20KB) LOS objects, 23% free, 53MB/69MB, paused 590us total 33.214ms
08-05 01:30:40.897 14012 14024 I art     : Starting a blocking GC Explicit
08-05 01:30:40.921 14012 14024 I art     : Explicit concurrent mark sweep GC freed 20(704B) AllocSpace objects, 0(0B) LOS objects, 23% free, 53MB/69MB, paused 506us total 23.359ms
08-05 01:30:40.930 14012 14024 I art     : Starting a blocking GC Explicit
08-05 01:30:40.953 14012 14024 I art     : Explicit concurrent mark sweep GC freed 3(96B) AllocSpace objects, 0(0B) LOS objects, 23% free, 53MB/69MB, paused 478us total 22.730ms
08-05 01:30:40.962 14012 14024 I art     : Starting a blocking GC Explicit
08-05 01:30:40.986 14012 14024 I art     : Explicit concurrent mark sweep GC freed 3(96B) AllocSpace objects, 0(0B) LOS objects, 23% free, 53MB/69MB, paused 506us total 23.561ms
08-05 01:30:40.995 14012 14024 I art     : Starting a blocking GC Explicit
08-05 01:30:41.018 14012 14024 I art     : Explicit concurrent mark sweep GC freed 3(96B) AllocSpace objects, 0(0B) LOS objects, 23% free, 53MB/69MB, paused 496us total 22.939ms
08-05 01:30:41.321 14012 14025 I art     : Starting a blocking GC Explicit
08-05 01:30:41.351 14012 14025 I art     : Explicit concurrent mark sweep GC freed 1344(78KB) AllocSpace objects, 1(20KB) LOS objects, 23% free, 53MB/69MB, paused 549us total 29.674ms
08-05 01:30:41.364 14012 14025 I art     : Starting a blocking GC Explicit
08-05 01:30:41.387 14012 14025 I art     : Explicit concurrent mark sweep GC freed 20(704B) AllocSpace objects, 0(0B) LOS objects, 23% free, 53MB/69MB, paused 614us total 23.230ms
08-05 01:30:41.396 14012 14025 I art     : Starting a blocking GC Explicit
08-05 01:30:41.419 14012 14025 I art     : Explicit concurrent mark sweep GC freed 3(96B) AllocSpace objects, 0(0B) LOS objects, 23% free, 53MB/69MB, paused 511us total 23.185ms
08-05 01:30:41.428 14012 14025 I art     : Starting a blocking GC Explicit
08-05 01:30:41.453 14012 14025 I art     : Explicit concurrent mark sweep GC freed 3(96B) AllocSpace objects, 0(0B) LOS objects, 23% free, 53MB/69MB, paused 502us total 24.142ms
08-05 01:30:41.462 14012 14025 I art     : Starting a blocking GC Explicit
08-05 01:30:41.485 14012 14025 I art     : Explicit concurrent mark sweep GC freed 3(96B) AllocSpace objects, 0(0B) LOS objects, 23% free, 53MB/69MB, paused 496us total 23.065ms
08-05 01:30:41.823 14012 14102 I art     : Starting a blocking GC Explicit
08-05 01:30:41.857 14012 14102 I art     : Explicit concurrent mark sweep GC freed 1344(78KB) AllocSpace objects, 1(20KB) LOS objects, 23% free, 53MB/69MB, paused 573us total 33.130ms
08-05 01:30:41.871 14012 14102 I art     : Starting a blocking GC Explicit
08-05 01:30:41.894 14012 14102 I art     : Explicit concurrent mark sweep GC freed 20(704B) AllocSpace objects, 0(0B) LOS objects, 23% free, 53MB/69MB, paused 510us total 22.793ms
08-05 01:30:41.894 14012 14022 I art     : WaitForGcToComplete blocked for 7.765ms for cause HeapTrim
08-05 01:30:41.903 14012 14102 I art     : Starting a blocking GC Explicit
08-05 01:30:41.926 14012 14102 I art     : Explicit concurrent mark sweep GC freed 3(96B) AllocSpace objects, 0(0B) LOS objects, 23% free, 53MB/69MB, paused 491us total 22.850ms
08-05 01:30:41.935 14012 14102 I art     : Starting a blocking GC Explicit
08-05 01:30:41.958 14012 14102 I art     : Explicit concurrent mark sweep GC freed 3(96B) AllocSpace objects, 0(0B) LOS objects, 23% free, 53MB/69MB, paused 497us total 23.288ms
08-05 01:30:41.967 14012 14102 I art     : Starting a blocking GC Explicit
08-05 01:30:41.991 14012 14102 I art     : Explicit concurrent mark sweep GC freed 3(96B) AllocSpace objects, 0(0B) LOS objects, 23% free, 53MB/69MB, paused 492us total 23.130ms
08-05 01:30:42.301 14012 14101 I art     : Starting a blocking GC Explicit
08-05 01:30:42.337 14012 14101 I art     : Explicit concurrent mark sweep GC freed 1344(78KB) AllocSpace objects, 1(20KB) LOS objects, 23% free, 53MB/69MB, paused 623us total 35.387ms
08-05 01:30:42.349 14012 14101 I art     : Starting a blocking GC Explicit
08-05 01:30:42.373 14012 14101 I art     : Explicit concurrent mark sweep GC freed 20(704B) AllocSpace objects, 0(0B) LOS objects, 23% free, 53MB/69MB, paused 491us total 23.469ms
08-05 01:30:42.382 14012 14101 I art     : Starting a blocking GC Explicit
08-05 01:30:42.405 14012 14101 I art     : Explicit concurrent mark sweep GC freed 3(96B) AllocSpace objects, 0(0B) LOS objects, 23% free, 53MB/69MB, paused 509us total 23.301ms
08-05 01:30:42.415 14012 14101 I art     : Starting a blocking GC Explicit
08-05 01:30:42.439 14012 14101 I art     : Explicit concurrent mark sweep GC freed 3(96B) AllocSpace objects, 0(0B) LOS objects, 23% free, 53MB/69MB, paused 520us total 23.627ms
08-05 01:30:42.448 14012 14101 I art     : Starting a blocking GC Explicit
08-05 01:30:42.471 14012 14101 I art     : Explicit concurrent mark sweep GC freed 3(96B) AllocSpace objects, 0(0B) LOS objects, 23% free, 53MB/69MB, paused 497us total 23.345ms
08-05 01:30:42.783 14012 15015 I art     : Starting a blocking GC Explicit
08-05 01:30:42.812 14012 15015 I art     : Explicit concurrent mark sweep GC freed 1344(78KB) AllocSpace objects, 1(20KB) LOS objects, 23% free, 53MB/69MB, paused 527us total 28.731ms
08-05 01:30:42.823 14012 15015 I art     : Starting a blocking GC Explicit
08-05 01:30:42.847 14012 15015 I art     : Explicit concurrent mark sweep GC freed 20(704B) AllocSpace objects, 0(0B) LOS objects, 23% free, 53MB/69MB, paused 588us total 23.973ms
08-05 01:30:42.856 14012 15015 I art     : Starting a blocking GC Explicit
08-05 01:30:42.879 14012 15015 I art     : Explicit concurrent mark sweep GC freed 3(96B) AllocSpace objects, 0(0B) LOS objects, 23% free, 53MB/69MB, paused 489us total 22.285ms
08-05 01:30:42.887 14012 15015 I art     : Starting a blocking GC Explicit
08-05 01:30:42.911 14012 15015 I art     : Explicit concurrent mark sweep GC freed 3(96B) AllocSpace objects, 0(0B) LOS objects, 23% free, 53MB/69MB, paused 508us total 23.227ms
08-05 01:30:42.920 14012 15015 I art     : Starting a blocking GC Explicit
08-05 01:30:42.943 14012 15015 I art     : Explicit concurrent mark sweep GC freed 3(96B) AllocSpace objects, 0(0B) LOS objects, 23% free, 53MB/69MB, paused 502us total 23.251ms
08-05 01:30:43.281 14012 14024 I art     : Starting a blocking GC Explicit
08-05 01:30:43.312 14012 14024 I art     : Explicit concurrent mark sweep GC freed 1344(78KB) AllocSpace objects, 1(20KB) LOS objects, 23% free, 53MB/69MB, paused 502us total 30.815ms
08-05 01:30:43.325 14012 14024 I art     : Starting a blocking GC Explicit
08-05 01:30:43.348 14012 14024 I art     : Explicit concurrent mark sweep GC freed 20(704B) AllocSpace objects, 0(0B) LOS objects, 23% free, 53MB/69MB, paused 470us total 22.931ms
08-05 01:30:43.357 14012 14024 I art     : Starting a blocking GC Explicit
08-05 01:30:43.381 14012 14024 I art     : Explicit concurrent mark sweep GC freed 3(96B) AllocSpace objects, 0(0B) LOS objects, 23% free, 53MB/69MB, paused 492us total 23.849ms
08-05 01:30:43.390 14012 14024 I art     : Starting a blocking GC Explicit
08-05 01:30:43.414 14012 14024 I art     : Explicit concurrent mark sweep GC freed 3(96B) AllocSpace objects, 0(0B) LOS objects, 23% free, 53MB/69MB, paused 493us total 23.857ms
08-05 01:30:43.424 14012 14024 I art     : Starting a blocking GC Explicit
08-05 01:30:43.448 14012 14024 I art     : Explicit concurrent mark sweep GC freed 3(96B) AllocSpace objects, 0(0B) LOS objects, 23% free, 53MB/69MB, paused 526us total 23.975ms
08-05 01:30:43.791 14012 14025 I art     : Starting a blocking GC Explicit
08-05 01:30:43.826 14012 14025 I art     : Explicit concurrent mark sweep GC freed 1344(78KB) AllocSpace objects, 1(20KB) LOS objects, 23% free, 53MB/69MB, paused 562us total 34.553ms
08-05 01:30:43.840 14012 14025 I art     : Starting a blocking GC Explicit
08-05 01:30:43.864 14012 14025 I art     : Explicit concurrent mark sweep GC freed 20(704B) AllocSpace objects, 0(0B) LOS objects, 23% free, 53MB/69MB, paused 496us total 23.442ms
08-05 01:30:43.872 14012 14025 I art     : Starting a blocking GC Explicit
08-05 01:30:43.896 14012 14025 I art     : Explicit concurrent mark sweep GC freed 3(96B) AllocSpace objects, 0(0B) LOS objects, 23% free, 53MB/69MB, paused 491us total 23.030ms
08-05 01:30:43.905 14012 14025 I art     : Starting a blocking GC Explicit
08-05 01:30:43.928 14012 14025 I art     : Explicit concurrent mark sweep GC freed 3(96B) AllocSpace objects, 0(0B) LOS objects, 23% free, 53MB/69MB, paused 483us total 23.018ms
08-05 01:30:43.937 14012 14025 I art     : Starting a blocking GC Explicit
08-05 01:30:43.960 14012 14025 I art     : Explicit concurrent mark sweep GC freed 3(96B) AllocSpace objects, 0(0B) LOS objects, 23% free, 53MB/69MB, paused 490us total 23.061ms
08-05 01:30:44.272 14012 14102 I art     : Starting a blocking GC Explicit
08-05 01:30:44.305 14012 14102 I art     : Explicit concurrent mark sweep GC freed 1344(78KB) AllocSpace objects, 1(20KB) LOS objects, 23% free, 53MB/69MB, paused 583us total 32.409ms
08-05 01:30:44.320 14012 14102 I art     : Starting a blocking GC Explicit
08-05 01:30:44.343 14012 14102 I art     : Explicit concurrent mark sweep GC freed 20(704B) AllocSpace objects, 0(0B) LOS objects, 23% free, 53MB/69MB, paused 559us total 23.196ms
08-05 01:30:44.352 14012 14102 I art     : Starting a blocking GC Explicit
08-05 01:30:44.375 14012 14102 I art     : Explicit concurrent mark sweep GC freed 3(96B) AllocSpace objects, 0(0B) LOS objects, 23% free, 53MB/69MB, paused 523us total 22.351ms
08-05 01:30:44.384 14012 14102 I art     : Starting a blocking GC Explicit
08-05 01:30:44.407 14012 14102 I art     : Explicit concurrent mark sweep GC freed 3(96B) AllocSpace objects, 0(0B) LOS objects, 23% free, 53MB/69MB, paused 493us total 23.230ms
08-05 01:30:44.416 14012 14102 I art     : Starting a blocking GC Explicit
08-05 01:30:44.439 14012 14102 I art     : Explicit concurrent mark sweep GC freed 3(96B) AllocSpace objects, 0(0B) LOS objects, 23% free, 53MB/69MB, paused 483us total 22.672ms
08-05 01:30:44.712 14012 14101 I art     : Starting a blocking GC Explicit
08-05 01:30:44.736 14012 14101 I art     : Explicit concurrent mark sweep GC freed 1344(78KB) AllocSpace objects, 1(20KB) LOS objects, 23% free, 53MB/69MB, paused 507us total 23.371ms
08-05 01:30:44.745 14012 14101 I art     : Starting a blocking GC Explicit
08-05 01:30:44.767 14012 14101 I art     : Explicit concurrent mark sweep GC freed 20(704B) AllocSpace objects, 0(0B) LOS objects, 23% free, 53MB/69MB, paused 552us total 22.165ms
08-05 01:30:44.776 14012 14101 I art     : Starting a blocking GC Explicit
08-05 01:30:44.798 14012 14101 I art     : Explicit concurrent mark sweep GC freed 3(96B) AllocSpace objects, 0(0B) LOS objects, 23% free, 53MB/69MB, paused 493us total 21.897ms
08-05 01:30:44.807 14012 14101 I art     : Starting a blocking GC Explicit
08-05 01:30:44.829 14012 14101 I art     : Explicit concurrent mark sweep GC freed 3(96B) AllocSpace objects, 0(0B) LOS objects, 23% free, 53MB/69MB, paused 515us total 22.388ms
08-05 01:30:44.838 14012 14101 I art     : Starting a blocking GC Explicit
08-05 01:30:44.861 14012 14101 I art     : Explicit concurrent mark sweep GC freed 3(96B) AllocSpace objects, 0(0B) LOS objects, 23% free, 53MB/69MB, paused 508us total 22.416ms
08-05 01:30:44.914 17138 17138 D AndroidRuntime: >>>>>> START com.android.internal.os.RuntimeInit uid 2000 <<<<<<
08-05 01:30:44.919 17138 17138 D AndroidRuntime: CheckJNI is OFF
08-05 01:30:44.953 17138 17138 D ICU     : No timezone override file found: /data/misc/zoneinfo/current/icu/icu_tzdata.dat
08-05 01:30:44.987 17138 17138 I Radio-JNI: register_android_hardware_Radio DONE
08-05 01:30:45.008 17138 17138 D AndroidRuntime: Calling main entry com.android.commands.input.Input
08-05 01:30:45.010 17138 17138 I Input   : injectMotionEvent: MotionEvent { action=ACTION_DOWN, actionButton=0, id[0]=0, x[0]=369.0, y[0]=554.0, toolType[0]=TOOL_TYPE_UNKNOWN, buttonState=0, metaState=0, flags=0x0, edgeFlags=0x0, pointerCount=1, historySize=0, eventTime=754261423, downTime=754261423, deviceId=0, source=0x1002 }
08-05 01:30:45.016 17138 17138 I Input   : injectMotionEvent: MotionEvent { action=ACTION_UP, actionButton=0, id[0]=0, x[0]=369.0, y[0]=554.0, toolType[0]=TOOL_TYPE_UNKNOWN, buttonState=0, metaState=0, flags=0x0, edgeFlags=0x0, pointerCount=1, historySize=0, eventTime=754261423, downTime=754261423, deviceId=0, source=0x1002 }
08-05 01:30:45.018   918  3714 I ActivityManager: START u0 {cmp=baseline.appteam.nith.hillffair/.activities.ClubActivity (has extras)} from uid 10675 on display 0
08-05 01:30:45.026 17138 17138 D AndroidRuntime: Shutting down VM
08-05 01:30:45.111   918   936 I ActivityManager: Displayed baseline.appteam.nith.hillffair/.activities.ClubActivity: +83ms
08-05 01:30:45.111 13866 13866 I GoogleInputMethodServic: GoogleInputMethodService.onFinishInput():3138 
08-05 01:30:45.112 13866 13866 I GoogleInputMethodServic: GoogleInputMethodService.onStartInput():1808 
08-05 01:30:45.129 14012 15015 I art     : Starting a blocking GC Explicit
08-05 01:30:45.154 14012 15015 I art     : Explicit concurrent mark sweep GC freed 5121(307KB) AllocSpace objects, 1(20KB) LOS objects, 22% free, 53MB/69MB, paused 538us total 23.765ms
08-05 01:30:45.162 14012 15015 I art     : Starting a blocking GC Explicit
08-05 01:30:45.184 14012 15015 I art     : Explicit concurrent mark sweep GC freed 280(14KB) AllocSpace objects, 0(0B) LOS objects, 22% free, 53MB/69MB, paused 544us total 21.716ms
08-05 01:30:45.192 14012 15015 I art     : Starting a blocking GC Explicit
08-05 01:30:45.215 14012 15015 I art     : Explicit concurrent mark sweep GC freed 7(1264B) AllocSpace objects, 0(0B) LOS objects, 22% free, 53MB/69MB, paused 502us total 22.047ms
08-05 01:30:45.224 14012 15015 I art     : Starting a blocking GC Explicit
08-05 01:30:45.250 14012 15015 I art     : Explicit concurrent mark sweep GC freed 3(96B) AllocSpace objects, 0(0B) LOS objects, 22% free, 53MB/69MB, paused 534us total 25.580ms
08-05 01:30:45.260 14012 15015 I art     : Starting a blocking GC Explicit
08-05 01:30:45.285 14012 15015 I art     : Explicit concurrent mark sweep GC freed 3(96B) AllocSpace objects, 0(0B) LOS objects, 22% free, 53MB/69MB, paused 525us total 24.931ms
08-05 01:30:45.372   380   380 W SurfaceFlinger: couldn't log to binary event log: overflow.
08-05 01:30:45.538 14012 14024 I art     : Starting a blocking GC Explicit
08-05 01:30:45.563 14012 14024 I art     : Explicit concurrent mark sweep GC freed 1464(85KB) AllocSpace objects, 1(20KB) LOS objects, 22% free, 53MB/69MB, paused 549us total 24.275ms
08-05 01:30:45.572 14012 14024 I art     : Starting a blocking GC Explicit
08-05 01:30:45.595 14012 14024 I art     : Explicit concurrent mark sweep GC freed 36(1280B) AllocSpace objects, 0(0B) LOS objects, 22% free, 53MB/69MB, paused 542us total 23.192ms
08-05 01:30:45.604 14012 14024 I art     : Starting a blocking GC Explicit
08-05 01:30:45.628 14012 14024 I art     : Explicit concurrent mark sweep GC freed 13(480B) AllocSpace objects, 0(0B) LOS objects, 22% free, 53MB/69MB, paused 592us total 23.099ms
08-05 01:30:45.636 14012 14024 I art     : Starting a blocking GC Explicit
08-05 01:30:45.660 14012 14024 I art     : Explicit concurrent mark sweep GC freed 13(480B) AllocSpace objects, 0(0B) LOS objects, 22% free, 53MB/69MB, paused 529us total 22.924ms
08-05 01:30:45.668 14012 14024 I art     : Starting a blocking GC Explicit
08-05 01:30:45.691 14012 14024 I art     : Explicit concurrent mark sweep GC freed 13(480B) AllocSpace objects, 0(0B) LOS objects, 22% free, 53MB/69MB, paused 521us total 22.785ms
08-05 01:30:45.974 14012 14024 I art     : Starting a blocking GC Explicit
08-05 01:30:45.999 14012 17167 D OkHttp  : --> GET https://api-hillfair-2k16.herokuapp.com/api/app/club/PR%20Club http/1.1
08-05 01:30:46.000 14012 14024 I art     : Explicit concurrent mark sweep GC freed 3902(209KB) AllocSpace objects, 3(140KB) LOS objects, 22% free, 54MB/70MB, paused 680us total 26.350ms
08-05 01:30:46.010 14012 14024 I art     : Starting a blocking GC Explicit
08-05 01:30:46.032 14012 14024 I art     : Explicit concurrent mark sweep GC freed 1079(121KB) AllocSpace objects, 1(80KB) LOS objects, 22% free, 53MB/69MB, paused 550us total 21.931ms
08-05 01:30:46.037 14012 17167 D OkHttp  : <-- 200 OK https://api-hillfair-2k16.herokuapp.com/api/app/club/PR%20Club (37ms, 979-byte body)
08-05 01:30:46.040 14012 14024 I art     : Starting a blocking GC Explicit
08-05 01:30:46.063 14012 14024 I art     : Explicit concurrent mark sweep GC freed 225(37KB) AllocSpace objects, 0(0B) LOS objects, 22% free, 53MB/69MB, paused 626us total 22.474ms
08-05 01:30:46.071 14012 14024 I art     : Starting a blocking GC Explicit
08-05 01:30:46.090 14012 14012 I NAPPA_EXPERIMENTATION: MetricNetworkRequestExecutionTime: REQUEST_DURATION_SYSTEM='1036',REQUEST_DURATION_OKHTTP='37',REQUEST_SYNCHRONOUS='FALSE',RESPONSE_CODE='200',RESPONSE_METHOD='GET',RESPONSE_LENGTH_OKHTTP='979',RESPONSE_LENGTH_HEADER='979',REQUEST_PROTOCOL='http/1.1',REQUEST_URL='https://api-hillfair-2k16.herokuapp.com/api/app/club/PR%20Club',
08-05 01:30:46.094 14012 14024 I art     : Explicit concurrent mark sweep GC freed 177(22KB) AllocSpace objects, 0(0B) LOS objects, 22% free, 53MB/69MB, paused 581us total 22.717ms
08-05 01:30:46.103 14012 14024 I art     : Starting a blocking GC Explicit
08-05 01:30:46.125 14012 14024 I art     : Explicit concurrent mark sweep GC freed 487(75KB) AllocSpace objects, 0(0B) LOS objects, 22% free, 53MB/69MB, paused 549us total 21.655ms
08-05 01:30:46.419 14012 15015 I art     : Starting a blocking GC Explicit
08-05 01:30:46.445 14012 15015 I art     : Explicit concurrent mark sweep GC freed 1385(80KB) AllocSpace objects, 1(20KB) LOS objects, 22% free, 53MB/69MB, paused 514us total 25.130ms
08-05 01:30:46.454 14012 15015 I art     : Starting a blocking GC Explicit
08-05 01:30:46.478 14012 15015 I art     : Explicit concurrent mark sweep GC freed 20(704B) AllocSpace objects, 0(0B) LOS objects, 22% free, 53MB/69MB, paused 527us total 24.158ms
08-05 01:30:46.487 14012 15015 I art     : Starting a blocking GC Explicit
08-05 01:30:46.510 14012 15015 I art     : Explicit concurrent mark sweep GC freed 19(656B) AllocSpace objects, 0(0B) LOS objects, 22% free, 53MB/69MB, paused 516us total 23.139ms
08-05 01:30:46.519 14012 15015 I art     : Starting a blocking GC Explicit
08-05 01:30:46.543 14012 15015 I art     : Explicit concurrent mark sweep GC freed 3(96B) AllocSpace objects, 0(0B) LOS objects, 22% free, 53MB/69MB, paused 518us total 23.587ms
08-05 01:30:46.552 14012 15015 I art     : Starting a blocking GC Explicit
08-05 01:30:46.577 14012 15015 I art     : Explicit concurrent mark sweep GC freed 3(96B) AllocSpace objects, 0(0B) LOS objects, 22% free, 53MB/69MB, paused 572us total 24.417ms
08-05 01:30:46.928 14012 14024 I art     : Starting a blocking GC Explicit
08-05 01:30:46.962 14012 14024 I art     : Explicit concurrent mark sweep GC freed 1344(78KB) AllocSpace objects, 1(20KB) LOS objects, 22% free, 53MB/69MB, paused 577us total 33.460ms
08-05 01:30:46.978 14012 14024 I art     : Starting a blocking GC Explicit
08-05 01:30:47.003 14012 14024 I art     : Explicit concurrent mark sweep GC freed 20(704B) AllocSpace objects, 0(0B) LOS objects, 22% free, 53MB/69MB, paused 533us total 24.677ms
08-05 01:30:47.012 14012 14024 I art     : Starting a blocking GC Explicit
08-05 01:30:47.036 14012 14024 I art     : Explicit concurrent mark sweep GC freed 3(96B) AllocSpace objects, 0(0B) LOS objects, 22% free, 53MB/69MB, paused 531us total 24.610ms
08-05 01:30:47.046 14012 14024 I art     : Starting a blocking GC Explicit
08-05 01:30:47.071 14012 14024 I art     : Explicit concurrent mark sweep GC freed 3(96B) AllocSpace objects, 0(0B) LOS objects, 22% free, 53MB/69MB, paused 517us total 24.989ms
08-05 01:30:47.080 14012 14024 I art     : Starting a blocking GC Explicit
08-05 01:30:47.106 14012 14024 I art     : Explicit concurrent mark sweep GC freed 3(96B) AllocSpace objects, 0(0B) LOS objects, 22% free, 53MB/69MB, paused 523us total 25.064ms
08-05 01:30:47.427 14012 14101 I art     : Starting a blocking GC Explicit
08-05 01:30:47.458 14012 14101 I art     : Explicit concurrent mark sweep GC freed 1344(78KB) AllocSpace objects, 1(20KB) LOS objects, 22% free, 53MB/69MB, paused 691us total 30.929ms
08-05 01:30:47.471 14012 14101 I art     : Starting a blocking GC Explicit
08-05 01:30:47.496 14012 14101 I art     : Explicit concurrent mark sweep GC freed 20(704B) AllocSpace objects, 0(0B) LOS objects, 22% free, 53MB/69MB, paused 516us total 24.788ms
08-05 01:30:47.505 14012 14101 I art     : Starting a blocking GC Explicit
08-05 01:30:47.530 14012 14101 I art     : Explicit concurrent mark sweep GC freed 3(96B) AllocSpace objects, 0(0B) LOS objects, 22% free, 53MB/69MB, paused 519us total 24.984ms
08-05 01:30:47.539 14012 14101 I art     : Starting a blocking GC Explicit
08-05 01:30:47.564 14012 14101 I art     : Explicit concurrent mark sweep GC freed 3(96B) AllocSpace objects, 0(0B) LOS objects, 22% free, 53MB/69MB, paused 504us total 24.633ms
08-05 01:30:47.573 14012 14101 I art     : Starting a blocking GC Explicit
08-05 01:30:47.598 14012 14101 I art     : Explicit concurrent mark sweep GC freed 3(96B) AllocSpace objects, 0(0B) LOS objects, 22% free, 53MB/69MB, paused 520us total 24.630ms
08-05 01:30:47.923 14012 14102 I art     : Starting a blocking GC Explicit
08-05 01:30:47.962 14012 14102 I art     : Explicit concurrent mark sweep GC freed 1344(78KB) AllocSpace objects, 1(20KB) LOS objects, 22% free, 53MB/69MB, paused 806us total 37.715ms
08-05 01:30:47.975 14012 14102 I art     : Starting a blocking GC Explicit
08-05 01:30:48.003 14012 14102 I art     : Explicit concurrent mark sweep GC freed 20(704B) AllocSpace objects, 0(0B) LOS objects, 22% free, 53MB/69MB, paused 523us total 27.865ms
08-05 01:30:48.012 14012 14102 I art     : Starting a blocking GC Explicit
08-05 01:30:48.037 14012 14102 I art     : Explicit concurrent mark sweep GC freed 3(96B) AllocSpace objects, 0(0B) LOS objects, 22% free, 53MB/69MB, paused 608us total 24.520ms
08-05 01:30:48.046 14012 14102 I art     : Starting a blocking GC Explicit
08-05 01:30:48.072 14012 14102 I art     : Explicit concurrent mark sweep GC freed 3(96B) AllocSpace objects, 0(0B) LOS objects, 22% free, 53MB/69MB, paused 518us total 25.143ms
08-05 01:30:48.081 14012 14102 I art     : Starting a blocking GC Explicit
08-05 01:30:48.106 14012 14102 I art     : Explicit concurrent mark sweep GC freed 3(96B) AllocSpace objects, 0(0B) LOS objects, 22% free, 53MB/69MB, paused 527us total 24.231ms
08-05 01:30:48.430 14012 14025 I art     : Starting a blocking GC Explicit
08-05 01:30:48.458 14012 14025 I art     : Explicit concurrent mark sweep GC freed 1344(78KB) AllocSpace objects, 1(20KB) LOS objects, 22% free, 53MB/69MB, paused 543us total 27.534ms
08-05 01:30:48.468 14012 14025 I art     : Starting a blocking GC Explicit
08-05 01:30:48.492 14012 14025 I art     : Explicit concurrent mark sweep GC freed 20(704B) AllocSpace objects, 0(0B) LOS objects, 22% free, 53MB/69MB, paused 515us total 23.795ms
08-05 01:30:48.501 14012 14025 I art     : Starting a blocking GC Explicit
08-05 01:30:48.525 14012 14025 I art     : Explicit concurrent mark sweep GC freed 3(96B) AllocSpace objects, 0(0B) LOS objects, 22% free, 53MB/69MB, paused 525us total 24.212ms
08-05 01:30:48.535 14012 14025 I art     : Starting a blocking GC Explicit
08-05 01:30:48.559 14012 14025 I art     : Explicit concurrent mark sweep GC freed 3(96B) AllocSpace objects, 0(0B) LOS objects, 22% free, 53MB/69MB, paused 526us total 24.650ms
08-05 01:30:48.569 14012 14025 I art     : Starting a blocking GC Explicit
08-05 01:30:48.593 14012 14025 I art     : Explicit concurrent mark sweep GC freed 3(96B) AllocSpace objects, 0(0B) LOS objects, 22% free, 53MB/69MB, paused 522us total 24.551ms
08-05 01:30:48.913 14012 15015 I art     : Starting a blocking GC Explicit
08-05 01:30:48.944 14012 15015 I art     : Explicit concurrent mark sweep GC freed 1365(79KB) AllocSpace objects, 1(20KB) LOS objects, 22% free, 53MB/69MB, paused 565us total 30.884ms
08-05 01:30:48.957 14012 15015 I art     : Starting a blocking GC Explicit
08-05 01:30:48.982 14012 15015 I art     : Explicit concurrent mark sweep GC freed 36(1216B) AllocSpace objects, 0(0B) LOS objects, 22% free, 53MB/69MB, paused 528us total 25.209ms
08-05 01:30:48.991 14012 15015 I art     : Starting a blocking GC Explicit
08-05 01:30:49.016 14012 15015 I art     : Explicit concurrent mark sweep GC freed 3(96B) AllocSpace objects, 0(0B) LOS objects, 22% free, 53MB/69MB, paused 516us total 24.710ms
08-05 01:30:49.026 14012 15015 I art     : Starting a blocking GC Explicit
08-05 01:30:49.051 14012 15015 I art     : Explicit concurrent mark sweep GC freed 3(96B) AllocSpace objects, 0(0B) LOS objects, 22% free, 53MB/69MB, paused 502us total 24.966ms
08-05 01:30:49.060 14012 15015 I art     : Starting a blocking GC Explicit
08-05 01:30:49.085 14012 15015 I art     : Explicit concurrent mark sweep GC freed 3(96B) AllocSpace objects, 0(0B) LOS objects, 22% free, 53MB/69MB, paused 513us total 25.037ms
08-05 01:30:49.394 14012 14024 I art     : Starting a blocking GC Explicit
08-05 01:30:49.419 14012 14024 I art     : Explicit concurrent mark sweep GC freed 1344(78KB) AllocSpace objects, 1(20KB) LOS objects, 22% free, 53MB/69MB, paused 520us total 24.264ms
08-05 01:30:49.428 14012 14024 I art     : Starting a blocking GC Explicit
08-05 01:30:49.452 14012 14024 I art     : Explicit concurrent mark sweep GC freed 20(704B) AllocSpace objects, 0(0B) LOS objects, 22% free, 53MB/69MB, paused 507us total 23.825ms
08-05 01:30:49.461 14012 14024 I art     : Starting a blocking GC Explicit
08-05 01:30:49.485 14012 14024 I art     : Explicit concurrent mark sweep GC freed 3(96B) AllocSpace objects, 0(0B) LOS objects, 22% free, 53MB/69MB, paused 515us total 23.251ms
08-05 01:30:49.494 14012 14024 I art     : Starting a blocking GC Explicit
08-05 01:30:49.517 14012 14024 I art     : Explicit concurrent mark sweep GC freed 3(96B) AllocSpace objects, 0(0B) LOS objects, 22% free, 53MB/69MB, paused 557us total 23.007ms
08-05 01:30:49.525 14012 14024 I art     : Starting a blocking GC Explicit
08-05 01:30:49.549 14012 14024 I art     : Explicit concurrent mark sweep GC freed 3(96B) AllocSpace objects, 0(0B) LOS objects, 22% free, 53MB/69MB, paused 512us total 23.193ms
08-05 01:30:49.698 17257 17257 D AndroidRuntime: >>>>>> START com.android.internal.os.RuntimeInit uid 2000 <<<<<<
08-05 01:30:49.704 17257 17257 D AndroidRuntime: CheckJNI is OFF
08-05 01:30:49.738 17257 17257 D ICU     : No timezone override file found: /data/misc/zoneinfo/current/icu/icu_tzdata.dat
08-05 01:30:49.771 17257 17257 I Radio-JNI: register_android_hardware_Radio DONE
08-05 01:30:49.793 17257 17257 D AndroidRuntime: Calling main entry com.android.commands.input.Input
08-05 01:30:49.795 17257 17257 I Input   : injectKeyEvent: KeyEvent { action=ACTION_DOWN, keyCode=KEYCODE_BACK, scanCode=0, metaState=0, flags=0x0, repeatCount=0, eventTime=754266208, downTime=754266208, deviceId=-1, source=0x101 }
08-05 01:30:49.800 17257 17257 I Input   : injectKeyEvent: KeyEvent { action=ACTION_UP, keyCode=KEYCODE_BACK, scanCode=0, metaState=0, flags=0x0, repeatCount=0, eventTime=754266208, downTime=754266208, deviceId=-1, source=0x101 }
08-05 01:30:49.806 17257 17257 D AndroidRuntime: Shutting down VM
08-05 01:30:49.842 14012 14024 I art     : Starting a blocking GC Explicit
08-05 01:30:49.849 13866 13866 I GoogleInputMethodServic: GoogleInputMethodService.onFinishInput():3138 
08-05 01:30:49.850 13866 13866 I GoogleInputMethodServic: GoogleInputMethodService.onStartInput():1808 
08-05 01:30:49.865 14012 14024 I art     : Explicit concurrent mark sweep GC freed 1515(85KB) AllocSpace objects, 1(20KB) LOS objects, 22% free, 53MB/69MB, paused 488us total 23.030ms
08-05 01:30:49.874 14012 14024 I art     : Starting a blocking GC Explicit
08-05 01:30:49.897 14012 14024 I art     : Explicit concurrent mark sweep GC freed 34(1168B) AllocSpace objects, 0(0B) LOS objects, 22% free, 53MB/69MB, paused 792us total 22.728ms
08-05 01:30:49.906 14012 14024 I art     : Starting a blocking GC Explicit
08-05 01:30:49.927 14012 14024 I art     : Explicit concurrent mark sweep GC freed 6(224B) AllocSpace objects, 0(0B) LOS objects, 22% free, 53MB/69MB, paused 484us total 20.976ms
08-05 01:30:49.936 14012 14024 I art     : Starting a blocking GC Explicit
08-05 01:30:49.958 14012 14024 I art     : Explicit concurrent mark sweep GC freed 3(96B) AllocSpace objects, 0(0B) LOS objects, 22% free, 53MB/69MB, paused 518us total 21.760ms
08-05 01:30:49.966 14012 14024 I art     : Starting a blocking GC Explicit
08-05 01:30:49.989 14012 14024 I art     : Explicit concurrent mark sweep GC freed 3(96B) AllocSpace objects, 0(0B) LOS objects, 22% free, 53MB/69MB, paused 496us total 23.245ms
08-05 01:30:50.143   380   380 W SurfaceFlinger: couldn't log to binary event log: overflow.
08-05 01:30:50.247 14012 14025 I art     : Starting a blocking GC Explicit
08-05 01:30:50.272 14012 14025 I art     : Explicit concurrent mark sweep GC freed 1453(86KB) AllocSpace objects, 1(20KB) LOS objects, 22% free, 53MB/69MB, paused 552us total 24.477ms
08-05 01:30:50.280 14012 14025 I art     : Starting a blocking GC Explicit
08-05 01:30:50.302 14012 14025 I art     : Explicit concurrent mark sweep GC freed 1671(107KB) AllocSpace objects, 3(184KB) LOS objects, 23% free, 53MB/69MB, paused 479us total 21ms
08-05 01:30:50.310 14012 14025 I art     : Starting a blocking GC Explicit
08-05 01:30:50.332 14012 14025 I art     : Explicit concurrent mark sweep GC freed 3(96B) AllocSpace objects, 0(0B) LOS objects, 23% free, 53MB/69MB, paused 499us total 21.582ms
08-05 01:30:50.341 14012 14025 I art     : Starting a blocking GC Explicit
08-05 01:30:50.364 14012 14025 I art     : Explicit concurrent mark sweep GC freed 3(96B) AllocSpace objects, 0(0B) LOS objects, 23% free, 53MB/69MB, paused 498us total 23.521ms
08-05 01:30:50.373 14012 14025 I art     : Starting a blocking GC Explicit
08-05 01:30:50.397 14012 14025 I art     : Explicit concurrent mark sweep GC freed 3(96B) AllocSpace objects, 0(0B) LOS objects, 23% free, 53MB/69MB, paused 588us total 23.541ms
08-05 01:30:50.681 14012 14101 I art     : Starting a blocking GC Explicit
08-05 01:30:50.716 14012 14101 I art     : Explicit concurrent mark sweep GC freed 1344(78KB) AllocSpace objects, 1(20KB) LOS objects, 23% free, 53MB/69MB, paused 566us total 34.859ms
08-05 01:30:50.730 14012 14101 I art     : Starting a blocking GC Explicit
08-05 01:30:50.753 14012 14101 I art     : Explicit concurrent mark sweep GC freed 20(704B) AllocSpace objects, 0(0B) LOS objects, 23% free, 53MB/69MB, paused 501us total 22.986ms
08-05 01:30:50.762 14012 14101 I art     : Starting a blocking GC Explicit
08-05 01:30:50.785 14012 14101 I art     : Explicit concurrent mark sweep GC freed 3(96B) AllocSpace objects, 0(0B) LOS objects, 23% free, 53MB/69MB, paused 508us total 23.306ms
08-05 01:30:50.795 14012 14101 I art     : Starting a blocking GC Explicit
08-05 01:30:50.818 14012 14101 I art     : Explicit concurrent mark sweep GC freed 3(96B) AllocSpace objects, 0(0B) LOS objects, 23% free, 53MB/69MB, paused 520us total 23.629ms
08-05 01:30:50.828 14012 14101 I art     : Starting a blocking GC Explicit
08-05 01:30:50.851 14012 14101 I art     : Explicit concurrent mark sweep GC freed 3(96B) AllocSpace objects, 0(0B) LOS objects, 23% free, 53MB/69MB, paused 510us total 23.643ms
08-05 01:30:51.140 14012 14102 I art     : Starting a blocking GC Explicit
08-05 01:30:51.164 14012 14102 I art     : Explicit concurrent mark sweep GC freed 1344(78KB) AllocSpace objects, 1(20KB) LOS objects, 23% free, 53MB/69MB, paused 528us total 23.633ms
08-05 01:30:51.173 14012 14102 I art     : Starting a blocking GC Explicit
08-05 01:30:51.197 14012 14102 I art     : Explicit concurrent mark sweep GC freed 20(704B) AllocSpace objects, 0(0B) LOS objects, 23% free, 53MB/69MB, paused 572us total 23.624ms
08-05 01:30:51.206 14012 14102 I art     : Starting a blocking GC Explicit
08-05 01:30:51.229 14012 14102 I art     : Explicit concurrent mark sweep GC freed 3(96B) AllocSpace objects, 0(0B) LOS objects, 23% free, 53MB/69MB, paused 507us total 22.210ms
08-05 01:30:51.237 14012 14102 I art     : Starting a blocking GC Explicit
08-05 01:30:51.260 14012 14102 I art     : Explicit concurrent mark sweep GC freed 3(96B) AllocSpace objects, 0(0B) LOS objects, 23% free, 53MB/69MB, paused 482us total 22.194ms
08-05 01:30:51.268 14012 14102 I art     : Starting a blocking GC Explicit
08-05 01:30:51.291 14012 14102 I art     : Explicit concurrent mark sweep GC freed 3(96B) AllocSpace objects, 0(0B) LOS objects, 23% free, 53MB/69MB, paused 499us total 22.380ms
08-05 01:30:51.461 17312 17312 D AndroidRuntime: >>>>>> START com.android.internal.os.RuntimeInit uid 2000 <<<<<<
08-05 01:30:51.467 17312 17312 D AndroidRuntime: CheckJNI is OFF
08-05 01:30:51.500 17312 17312 D ICU     : No timezone override file found: /data/misc/zoneinfo/current/icu/icu_tzdata.dat
08-05 01:30:51.534 17312 17312 I Radio-JNI: register_android_hardware_Radio DONE
08-05 01:30:51.556 17312 17312 D AndroidRuntime: Calling main entry com.android.commands.input.Input
08-05 01:30:51.558 17312 17312 I Input   : injectMotionEvent: MotionEvent { action=ACTION_DOWN, actionButton=0, id[0]=0, x[0]=1012.0, y[0]=1152.0, toolType[0]=TOOL_TYPE_UNKNOWN, buttonState=0, metaState=0, flags=0x0, edgeFlags=0x0, pointerCount=1, historySize=0, eventTime=754267970, downTime=754267970, deviceId=0, source=0x1002 }
08-05 01:30:51.560 14012 15015 I art     : Starting a blocking GC Explicit
08-05 01:30:51.563 17312 17312 I Input   : injectMotionEvent: MotionEvent { action=ACTION_UP, actionButton=0, id[0]=0, x[0]=1012.0, y[0]=1152.0, toolType[0]=TOOL_TYPE_UNKNOWN, buttonState=0, metaState=0, flags=0x0, edgeFlags=0x0, pointerCount=1, historySize=0, eventTime=754267970, downTime=754267970, deviceId=0, source=0x1002 }
08-05 01:30:51.564   918  3961 I ActivityManager: START u0 {cmp=baseline.appteam.nith.hillffair/.activities.ClubActivity (has extras)} from uid 10675 on display 0
08-05 01:30:51.572 17312 17312 D AndroidRuntime: Shutting down VM
08-05 01:30:51.585 14012 15015 I art     : Explicit concurrent mark sweep GC freed 1469(86KB) AllocSpace objects, 1(20KB) LOS objects, 22% free, 53MB/69MB, paused 749us total 24.091ms
08-05 01:30:51.594 14012 15015 I art     : Starting a blocking GC Explicit
08-05 01:30:51.621 14012 15015 I art     : Explicit concurrent mark sweep GC freed 3229(205KB) AllocSpace objects, 0(0B) LOS objects, 22% free, 53MB/69MB, paused 636us total 26.674ms
08-05 01:30:51.630 14012 15015 I art     : Starting a blocking GC Explicit
08-05 01:30:51.650 14012 15015 I art     : Explicit concurrent mark sweep GC freed 183(7KB) AllocSpace objects, 0(0B) LOS objects, 22% free, 53MB/69MB, paused 510us total 20.253ms
08-05 01:30:51.659 14012 15015 I art     : Starting a blocking GC Explicit
08-05 01:30:51.671   918   936 I ActivityManager: Displayed baseline.appteam.nith.hillffair/.activities.ClubActivity: +98ms
08-05 01:30:51.671 13866 13866 I GoogleInputMethodServic: GoogleInputMethodService.onFinishInput():3138 
08-05 01:30:51.672 13866 13866 I GoogleInputMethodServic: GoogleInputMethodService.onStartInput():1808 
08-05 01:30:51.685 14012 15015 I art     : Explicit concurrent mark sweep GC freed 201(8KB) AllocSpace objects, 0(0B) LOS objects, 22% free, 53MB/69MB, paused 754us total 24.944ms
08-05 01:30:51.696 14012 15015 I art     : Starting a blocking GC Explicit
08-05 01:30:51.719 14012 15015 I art     : Explicit concurrent mark sweep GC freed 85(3KB) AllocSpace objects, 0(0B) LOS objects, 22% free, 53MB/69MB, paused 593us total 22.863ms
08-05 01:30:51.962   380   380 W SurfaceFlinger: couldn't log to binary event log: overflow.
08-05 01:30:52.009 14012 14024 I art     : Starting a blocking GC Explicit
08-05 01:30:52.032 14012 14024 I art     : Explicit concurrent mark sweep GC freed 1359(80KB) AllocSpace objects, 1(20KB) LOS objects, 22% free, 53MB/69MB, paused 497us total 22.177ms
08-05 01:30:52.040 14012 14024 I art     : Starting a blocking GC Explicit
08-05 01:30:52.064 14012 14024 I art     : Explicit concurrent mark sweep GC freed 23(832B) AllocSpace objects, 0(0B) LOS objects, 22% free, 53MB/69MB, paused 575us total 24.267ms
08-05 01:30:52.076 14012 14024 I art     : Starting a blocking GC Explicit
08-05 01:30:52.099 14012 14024 I art     : Explicit concurrent mark sweep GC freed 114(6KB) AllocSpace objects, 0(0B) LOS objects, 22% free, 53MB/69MB, paused 488us total 22.869ms
08-05 01:30:52.107 14012 14024 I art     : Starting a blocking GC Explicit
08-05 01:30:52.129 14012 14024 I art     : Explicit concurrent mark sweep GC freed 12(416B) AllocSpace objects, 0(0B) LOS objects, 22% free, 53MB/69MB, paused 561us total 21.940ms
08-05 01:30:52.137 14012 14024 I art     : Starting a blocking GC Explicit
08-05 01:30:52.160 14012 14024 I art     : Explicit concurrent mark sweep GC freed 11(416B) AllocSpace objects, 0(0B) LOS objects, 22% free, 53MB/69MB, paused 555us total 22.809ms
08-05 01:30:52.448 14012 17341 D OkHttp  : --> GET https://api-hillfair-2k16.herokuapp.com/api/app/club/Design%20and%20Decoration%20Club http/1.1
08-05 01:30:52.456 14012 14102 I art     : Starting a blocking GC Explicit
08-05 01:30:52.482 14012 14102 I art     : Explicit concurrent mark sweep GC freed 4006(214KB) AllocSpace objects, 4(220KB) LOS objects, 22% free, 54MB/70MB, paused 724us total 25.714ms
08-05 01:30:52.486 14012 17341 D OkHttp  : <-- 200 OK https://api-hillfair-2k16.herokuapp.com/api/app/club/Design%20and%20Decoration%20Club (36ms, 760-byte body)
08-05 01:30:52.491 14012 14102 I art     : Starting a blocking GC Explicit
08-05 01:30:52.516 14012 14102 I art     : Explicit concurrent mark sweep GC freed 1200(154KB) AllocSpace objects, 0(0B) LOS objects, 22% free, 53MB/69MB, paused 684us total 24.538ms
08-05 01:30:52.525 14012 14102 I art     : Starting a blocking GC Explicit
08-05 01:30:52.548 14012 14012 I NAPPA_EXPERIMENTATION: MetricNetworkRequestExecutionTime: REQUEST_DURATION_SYSTEM='945',REQUEST_DURATION_OKHTTP='36',REQUEST_SYNCHRONOUS='FALSE',RESPONSE_CODE='200',RESPONSE_METHOD='GET',RESPONSE_LENGTH_OKHTTP='760',RESPONSE_LENGTH_HEADER='760',REQUEST_PROTOCOL='http/1.1',REQUEST_URL='https://api-hillfair-2k16.herokuapp.com/api/app/club/Design%20and%20Decoration%20Club',
08-05 01:30:52.548 14012 14102 I art     : Explicit concurrent mark sweep GC freed 70(4KB) AllocSpace objects, 0(0B) LOS objects, 22% free, 53MB/69MB, paused 505us total 23.106ms
08-05 01:30:52.557 14012 14102 I art     : Starting a blocking GC Explicit
08-05 01:30:52.579 14012 14102 I art     : Explicit concurrent mark sweep GC freed 579(77KB) AllocSpace objects, 0(0B) LOS objects, 22% free, 53MB/69MB, paused 527us total 21.390ms
08-05 01:30:52.587 14012 14102 I art     : Starting a blocking GC Explicit
08-05 01:30:52.610 14012 14102 I art     : Explicit concurrent mark sweep GC freed 67(10KB) AllocSpace objects, 0(0B) LOS objects, 22% free, 53MB/69MB, paused 506us total 22.564ms
08-05 01:30:52.915 14012 15015 I art     : Starting a blocking GC Explicit
08-05 01:30:52.940 14012 15015 I art     : Explicit concurrent mark sweep GC freed 1347(78KB) AllocSpace objects, 1(20KB) LOS objects, 22% free, 53MB/69MB, paused 518us total 25.030ms
08-05 01:30:52.950 14012 15015 I art     : Starting a blocking GC Explicit
08-05 01:30:52.974 14012 15015 I art     : Explicit concurrent mark sweep GC freed 36(1264B) AllocSpace objects, 0(0B) LOS objects, 22% free, 53MB/69MB, paused 517us total 24.228ms
08-05 01:30:52.983 14012 15015 I art     : Starting a blocking GC Explicit
08-05 01:30:53.008 14012 15015 I art     : Explicit concurrent mark sweep GC freed 3(96B) AllocSpace objects, 0(0B) LOS objects, 22% free, 53MB/69MB, paused 548us total 24.127ms
08-05 01:30:53.017 14012 15015 I art     : Starting a blocking GC Explicit
08-05 01:30:53.042 14012 15015 I art     : Explicit concurrent mark sweep GC freed 3(96B) AllocSpace objects, 0(0B) LOS objects, 22% free, 53MB/69MB, paused 510us total 25.234ms
08-05 01:30:53.052 14012 15015 I art     : Starting a blocking GC Explicit
08-05 01:30:53.077 14012 15015 I art     : Explicit concurrent mark sweep GC freed 3(96B) AllocSpace objects, 0(0B) LOS objects, 22% free, 53MB/69MB, paused 590us total 24.689ms
08-05 01:30:53.403 14012 14025 I art     : Starting a blocking GC Explicit
08-05 01:30:53.434 14012 14025 I art     : Explicit concurrent mark sweep GC freed 1365(79KB) AllocSpace objects, 1(20KB) LOS objects, 22% free, 53MB/69MB, paused 566us total 31.346ms
08-05 01:30:53.446 14012 14025 I art     : Starting a blocking GC Explicit
08-05 01:30:53.472 14012 14025 I art     : Explicit concurrent mark sweep GC freed 36(1216B) AllocSpace objects, 0(0B) LOS objects, 22% free, 53MB/69MB, paused 531us total 25.398ms
08-05 01:30:53.481 14012 14025 I art     : Starting a blocking GC Explicit
08-05 01:30:53.507 14012 14025 I art     : Explicit concurrent mark sweep GC freed 3(96B) AllocSpace objects, 0(0B) LOS objects, 22% free, 53MB/69MB, paused 599us total 25.318ms
08-05 01:30:53.516 14012 14025 I art     : Starting a blocking GC Explicit
08-05 01:30:53.541 14012 14025 I art     : Explicit concurrent mark sweep GC freed 3(96B) AllocSpace objects, 0(0B) LOS objects, 22% free, 53MB/69MB, paused 502us total 25.058ms
08-05 01:30:53.550 14012 14025 I art     : Starting a blocking GC Explicit
08-05 01:30:53.575 14012 14025 I art     : Explicit concurrent mark sweep GC freed 3(96B) AllocSpace objects, 0(0B) LOS objects, 22% free, 53MB/69MB, paused 490us total 24.757ms
08-05 01:30:53.900 14012 14024 I art     : Starting a blocking GC Explicit
08-05 01:30:53.935 14012 14024 I art     : Explicit concurrent mark sweep GC freed 1344(78KB) AllocSpace objects, 1(20KB) LOS objects, 22% free, 53MB/69MB, paused 545us total 34.632ms
08-05 01:30:53.948 14012 14024 I art     : Starting a blocking GC Explicit
08-05 01:30:53.973 14012 14024 I art     : Explicit concurrent mark sweep GC freed 20(704B) AllocSpace objects, 0(0B) LOS objects, 22% free, 53MB/69MB, paused 505us total 24.606ms
08-05 01:30:53.982 14012 14024 I art     : Starting a blocking GC Explicit
08-05 01:30:54.008 14012 14024 I art     : Explicit concurrent mark sweep GC freed 3(96B) AllocSpace objects, 0(0B) LOS objects, 22% free, 53MB/69MB, paused 519us total 25.155ms
08-05 01:30:54.017 14012 14024 I art     : Starting a blocking GC Explicit
08-05 01:30:54.042 14012 14024 I art     : Explicit concurrent mark sweep GC freed 3(96B) AllocSpace objects, 0(0B) LOS objects, 22% free, 53MB/69MB, paused 513us total 24.694ms
08-05 01:30:54.051 14012 14024 I art     : Starting a blocking GC Explicit
08-05 01:30:54.077 14012 14024 I art     : Explicit concurrent mark sweep GC freed 3(96B) AllocSpace objects, 0(0B) LOS objects, 22% free, 53MB/69MB, paused 568us total 25.222ms
08-05 01:30:54.408 14012 14101 I art     : Starting a blocking GC Explicit
08-05 01:30:54.441 14012 14101 I art     : Explicit concurrent mark sweep GC freed 1344(78KB) AllocSpace objects, 1(20KB) LOS objects, 22% free, 53MB/69MB, paused 554us total 33.344ms
08-05 01:30:54.454 14012 14101 I art     : Starting a blocking GC Explicit
08-05 01:30:54.479 14012 14101 I art     : Explicit concurrent mark sweep GC freed 20(704B) AllocSpace objects, 0(0B) LOS objects, 22% free, 53MB/69MB, paused 512us total 25.322ms
08-05 01:30:54.489 14012 14101 I art     : Starting a blocking GC Explicit
08-05 01:30:54.515 14012 14101 I art     : Explicit concurrent mark sweep GC freed 3(96B) AllocSpace objects, 0(0B) LOS objects, 22% free, 53MB/69MB, paused 523us total 25.590ms
08-05 01:30:54.524 14012 14101 I art     : Starting a blocking GC Explicit
08-05 01:30:54.549 14012 14101 I art     : Explicit concurrent mark sweep GC freed 3(96B) AllocSpace objects, 0(0B) LOS objects, 22% free, 53MB/69MB, paused 518us total 25.047ms
08-05 01:30:54.558 14012 14101 I art     : Starting a blocking GC Explicit
08-05 01:30:54.584 14012 14101 I art     : Explicit concurrent mark sweep GC freed 3(96B) AllocSpace objects, 0(0B) LOS objects, 22% free, 53MB/69MB, paused 518us total 25.405ms
08-05 01:30:54.912 14012 14102 I art     : Starting a blocking GC Explicit
08-05 01:30:54.949 14012 14102 I art     : Explicit concurrent mark sweep GC freed 1344(78KB) AllocSpace objects, 1(20KB) LOS objects, 22% free, 53MB/69MB, paused 569us total 36.049ms
08-05 01:30:54.962 14012 14102 I art     : Starting a blocking GC Explicit
08-05 01:30:54.987 14012 14102 I art     : Explicit concurrent mark sweep GC freed 20(704B) AllocSpace objects, 0(0B) LOS objects, 22% free, 53MB/69MB, paused 609us total 25.005ms
08-05 01:30:54.996 14012 14102 I art     : Starting a blocking GC Explicit
08-05 01:30:55.020 14012 14102 I art     : Explicit concurrent mark sweep GC freed 3(96B) AllocSpace objects, 0(0B) LOS objects, 22% free, 53MB/69MB, paused 513us total 24.063ms
08-05 01:30:55.029 14012 14102 I art     : Starting a blocking GC Explicit
08-05 01:30:55.054 14012 14102 I art     : Explicit concurrent mark sweep GC freed 3(96B) AllocSpace objects, 0(0B) LOS objects, 22% free, 53MB/69MB, paused 509us total 24.385ms
08-05 01:30:55.063 14012 14102 I art     : Starting a blocking GC Explicit
08-05 01:30:55.088 14012 14102 I art     : Explicit concurrent mark sweep GC freed 3(96B) AllocSpace objects, 0(0B) LOS objects, 22% free, 53MB/69MB, paused 539us total 24.808ms
08-05 01:30:55.409 14012 15015 I art     : Starting a blocking GC Explicit
08-05 01:30:55.446 14012 15015 I art     : Explicit concurrent mark sweep GC freed 1344(78KB) AllocSpace objects, 1(20KB) LOS objects, 22% free, 53MB/69MB, paused 582us total 36.043ms
08-05 01:30:55.461 14012 15015 I art     : Starting a blocking GC Explicit
08-05 01:30:55.491 14012 15015 I art     : Explicit concurrent mark sweep GC freed 20(704B) AllocSpace objects, 0(0B) LOS objects, 22% free, 53MB/69MB, paused 640us total 30.016ms
08-05 01:30:55.502 14012 15015 I art     : Starting a blocking GC Explicit
08-05 01:30:55.528 14012 15015 I art     : Explicit concurrent mark sweep GC freed 3(96B) AllocSpace objects, 0(0B) LOS objects, 22% free, 53MB/69MB, paused 540us total 25.477ms
08-05 01:30:55.537 14012 15015 I art     : Starting a blocking GC Explicit
08-05 01:30:55.562 14012 15015 I art     : Explicit concurrent mark sweep GC freed 3(96B) AllocSpace objects, 0(0B) LOS objects, 22% free, 53MB/69MB, paused 487us total 24.736ms
08-05 01:30:55.571 14012 15015 I art     : Starting a blocking GC Explicit
08-05 01:30:55.596 14012 15015 I art     : Explicit concurrent mark sweep GC freed 3(96B) AllocSpace objects, 0(0B) LOS objects, 22% free, 53MB/69MB, paused 501us total 24.421ms
08-05 01:30:55.913 14012 14025 I art     : Starting a blocking GC Explicit
08-05 01:30:55.938 14012 14025 I art     : Explicit concurrent mark sweep GC freed 1344(78KB) AllocSpace objects, 1(20KB) LOS objects, 22% free, 53MB/69MB, paused 519us total 24.836ms
08-05 01:30:55.947 14012 14025 I art     : Starting a blocking GC Explicit
08-05 01:30:55.972 14012 14025 I art     : Explicit concurrent mark sweep GC freed 20(704B) AllocSpace objects, 0(0B) LOS objects, 22% free, 53MB/69MB, paused 536us total 24.310ms
08-05 01:30:55.982 14012 14025 I art     : Starting a blocking GC Explicit
08-05 01:30:56.005 14012 14025 I art     : Explicit concurrent mark sweep GC freed 3(96B) AllocSpace objects, 0(0B) LOS objects, 22% free, 53MB/69MB, paused 515us total 23.212ms
08-05 01:30:56.014 14012 14025 I art     : Starting a blocking GC Explicit
08-05 01:30:56.038 14012 14025 I art     : Explicit concurrent mark sweep GC freed 3(96B) AllocSpace objects, 0(0B) LOS objects, 22% free, 53MB/69MB, paused 536us total 23.548ms
08-05 01:30:56.046 14012 14025 I art     : Starting a blocking GC Explicit
08-05 01:30:56.070 14012 14025 I art     : Explicit concurrent mark sweep GC freed 3(96B) AllocSpace objects, 0(0B) LOS objects, 22% free, 53MB/69MB, paused 541us total 23.470ms
08-05 01:30:56.238 17443 17443 D AndroidRuntime: >>>>>> START com.android.internal.os.RuntimeInit uid 2000 <<<<<<
08-05 01:30:56.242 17443 17443 D AndroidRuntime: CheckJNI is OFF
08-05 01:30:56.274 17443 17443 D ICU     : No timezone override file found: /data/misc/zoneinfo/current/icu/icu_tzdata.dat
08-05 01:30:56.307 17443 17443 I Radio-JNI: register_android_hardware_Radio DONE
08-05 01:30:56.328 17443 17443 D AndroidRuntime: Calling main entry com.android.commands.input.Input
08-05 01:30:56.330 17443 17443 I Input   : injectKeyEvent: KeyEvent { action=ACTION_DOWN, keyCode=KEYCODE_BACK, scanCode=0, metaState=0, flags=0x0, repeatCount=0, eventTime=754272743, downTime=754272743, deviceId=-1, source=0x101 }
08-05 01:30:56.337 17443 17443 I Input   : injectKeyEvent: KeyEvent { action=ACTION_UP, keyCode=KEYCODE_BACK, scanCode=0, metaState=0, flags=0x0, repeatCount=0, eventTime=754272743, downTime=754272743, deviceId=-1, source=0x101 }
08-05 01:30:56.342 17443 17443 D AndroidRuntime: Shutting down VM
08-05 01:30:56.377 13866 13866 I GoogleInputMethodServic: GoogleInputMethodService.onFinishInput():3138 
08-05 01:30:56.377 14012 14025 I art     : Starting a blocking GC Explicit
08-05 01:30:56.378 13866 13866 I GoogleInputMethodServic: GoogleInputMethodService.onStartInput():1808 
08-05 01:30:56.402 14012 14025 I art     : Explicit concurrent mark sweep GC freed 1518(85KB) AllocSpace objects, 1(20KB) LOS objects, 22% free, 53MB/69MB, paused 560us total 23.988ms
08-05 01:30:56.412 14012 14025 I art     : Starting a blocking GC Explicit
08-05 01:30:56.436 14012 14025 I art     : Explicit concurrent mark sweep GC freed 32(1120B) AllocSpace objects, 0(0B) LOS objects, 22% free, 53MB/69MB, paused 462us total 23.918ms
08-05 01:30:56.444 14012 14025 I art     : Starting a blocking GC Explicit
08-05 01:30:56.464 14012 14025 I art     : Explicit concurrent mark sweep GC freed 4(144B) AllocSpace objects, 0(0B) LOS objects, 22% free, 53MB/69MB, paused 487us total 19.994ms
08-05 01:30:56.472 14012 14025 I art     : Starting a blocking GC Explicit
08-05 01:30:56.497 14012 14025 I art     : Explicit concurrent mark sweep GC freed 3(96B) AllocSpace objects, 0(0B) LOS objects, 22% free, 53MB/69MB, paused 594us total 24.432ms
08-05 01:30:56.506 14012 14025 I art     : Starting a blocking GC Explicit
08-05 01:30:56.531 14012 14025 I art     : Explicit concurrent mark sweep GC freed 3(96B) AllocSpace objects, 0(0B) LOS objects, 22% free, 53MB/69MB, paused 485us total 25.187ms
08-05 01:30:56.684   380   380 W SurfaceFlinger: couldn't log to binary event log: overflow.
08-05 01:30:56.786 14012 14025 I art     : Starting a blocking GC Explicit
08-05 01:30:56.808 14012 14025 I art     : Explicit concurrent mark sweep GC freed 1453(86KB) AllocSpace objects, 1(20KB) LOS objects, 22% free, 53MB/69MB, paused 525us total 22.481ms
08-05 01:30:56.817 14012 14025 I art     : Starting a blocking GC Explicit
08-05 01:30:56.838 14012 14025 I art     : Explicit concurrent mark sweep GC freed 1671(107KB) AllocSpace objects, 3(180KB) LOS objects, 22% free, 53MB/69MB, paused 481us total 20.969ms
08-05 01:30:56.846 14012 14025 I art     : Starting a blocking GC Explicit
08-05 01:30:56.868 14012 14025 I art     : Explicit concurrent mark sweep GC freed 3(96B) AllocSpace objects, 0(0B) LOS objects, 22% free, 53MB/69MB, paused 505us total 20.933ms
08-05 01:30:56.876 14012 14025 I art     : Starting a blocking GC Explicit
08-05 01:30:56.897 14012 14025 I art     : Explicit concurrent mark sweep GC freed 3(96B) AllocSpace objects, 0(0B) LOS objects, 22% free, 53MB/69MB, paused 644us total 21.150ms
08-05 01:30:56.905 14012 14025 I art     : Starting a blocking GC Explicit
08-05 01:30:56.927 14012 14025 I art     : Explicit concurrent mark sweep GC freed 3(96B) AllocSpace objects, 0(0B) LOS objects, 22% free, 53MB/69MB, paused 567us total 21.412ms
08-05 01:30:57.203 14012 14024 I art     : Starting a blocking GC Explicit
08-05 01:30:57.228 14012 14024 I art     : Explicit concurrent mark sweep GC freed 1344(78KB) AllocSpace objects, 1(20KB) LOS objects, 22% free, 53MB/69MB, paused 580us total 25.308ms
08-05 01:30:57.239 14012 14024 I art     : Starting a blocking GC Explicit
08-05 01:30:57.261 14012 14024 I art     : Explicit concurrent mark sweep GC freed 20(704B) AllocSpace objects, 0(0B) LOS objects, 22% free, 53MB/69MB, paused 492us total 22.658ms
08-05 01:30:57.270 14012 14024 I art     : Starting a blocking GC Explicit
08-05 01:30:57.294 14012 14024 I art     : Explicit concurrent mark sweep GC freed 3(96B) AllocSpace objects, 0(0B) LOS objects, 22% free, 53MB/69MB, paused 490us total 23.049ms
08-05 01:30:57.302 14012 14024 I art     : Starting a blocking GC Explicit
08-05 01:30:57.325 14012 14024 I art     : Explicit concurrent mark sweep GC freed 3(96B) AllocSpace objects, 0(0B) LOS objects, 22% free, 53MB/69MB, paused 486us total 22.813ms
08-05 01:30:57.334 14012 14024 I art     : Starting a blocking GC Explicit
08-05 01:30:57.359 14012 14024 I art     : Explicit concurrent mark sweep GC freed 3(96B) AllocSpace objects, 0(0B) LOS objects, 22% free, 53MB/69MB, paused 513us total 24.447ms
08-05 01:30:57.637 14012 14101 I art     : Starting a blocking GC Explicit
08-05 01:30:57.661 14012 14101 I art     : Explicit concurrent mark sweep GC freed 1344(78KB) AllocSpace objects, 1(20KB) LOS objects, 22% free, 53MB/69MB, paused 525us total 24.067ms
08-05 01:30:57.670 14012 14101 I art     : Starting a blocking GC Explicit
08-05 01:30:57.694 14012 14101 I art     : Explicit concurrent mark sweep GC freed 20(704B) AllocSpace objects, 0(0B) LOS objects, 22% free, 53MB/69MB, paused 538us total 23.692ms
08-05 01:30:57.704 14012 14101 I art     : Starting a blocking GC Explicit
08-05 01:30:57.727 14012 14101 I art     : Explicit concurrent mark sweep GC freed 3(96B) AllocSpace objects, 0(0B) LOS objects, 22% free, 53MB/69MB, paused 511us total 22.762ms
08-05 01:30:57.735 14012 14101 I art     : Starting a blocking GC Explicit
08-05 01:30:57.758 14012 14101 I art     : Explicit concurrent mark sweep GC freed 3(96B) AllocSpace objects, 0(0B) LOS objects, 22% free, 53MB/69MB, paused 537us total 22.577ms
08-05 01:30:57.763   918  3261 D WifiStateMachine: starting scan for "H369AA63323"WPA_PSK with 2412,5180
08-05 01:30:57.767 14012 14101 I art     : Starting a blocking GC Explicit
08-05 01:30:57.789 14012 14101 I art     : Explicit concurrent mark sweep GC freed 3(96B) AllocSpace objects, 0(0B) LOS objects, 22% free, 53MB/69MB, paused 572us total 22.365ms
08-05 01:30:57.997 17505 17505 D AndroidRuntime: >>>>>> START com.android.internal.os.RuntimeInit uid 2000 <<<<<<
08-05 01:30:58.003 17505 17505 D AndroidRuntime: CheckJNI is OFF
08-05 01:30:58.037 17505 17505 D ICU     : No timezone override file found: /data/misc/zoneinfo/current/icu/icu_tzdata.dat
08-05 01:30:58.060 14012 15015 I art     : Starting a blocking GC Explicit
08-05 01:30:58.070 17505 17505 I Radio-JNI: register_android_hardware_Radio DONE
08-05 01:30:58.084 14012 15015 I art     : Explicit concurrent mark sweep GC freed 1344(78KB) AllocSpace objects, 1(20KB) LOS objects, 22% free, 53MB/69MB, paused 525us total 23.942ms
08-05 01:30:58.093 17505 17505 D AndroidRuntime: Calling main entry com.android.commands.input.Input
08-05 01:30:58.094 14012 15015 I art     : Starting a blocking GC Explicit
08-05 01:30:58.095 17505 17505 I Input   : injectMotionEvent: MotionEvent { action=ACTION_DOWN, actionButton=0, id[0]=0, x[0]=255.0, y[0]=1845.0, toolType[0]=TOOL_TYPE_UNKNOWN, buttonState=0, metaState=0, flags=0x0, edgeFlags=0x0, pointerCount=1, historySize=0, eventTime=754274508, downTime=754274508, deviceId=0, source=0x1002 }
08-05 01:30:58.100 17505 17505 I Input   : injectMotionEvent: MotionEvent { action=ACTION_UP, actionButton=0, id[0]=0, x[0]=255.0, y[0]=1845.0, toolType[0]=TOOL_TYPE_UNKNOWN, buttonState=0, metaState=0, flags=0x0, edgeFlags=0x0, pointerCount=1, historySize=0, eventTime=754274508, downTime=754274508, deviceId=0, source=0x1002 }
08-05 01:30:58.101   918   928 I ActivityManager: START u0 {cmp=baseline.appteam.nith.hillffair/.activities.ClubActivity (has extras)} from uid 10675 on display 0
08-05 01:30:58.108 17505 17505 D AndroidRuntime: Shutting down VM
08-05 01:30:58.119 14012 15015 I art     : Explicit concurrent mark sweep GC freed 90(5KB) AllocSpace objects, 0(0B) LOS objects, 22% free, 53MB/69MB, paused 704us total 24.615ms
08-05 01:30:58.127 14012 15015 I art     : Starting a blocking GC Explicit
08-05 01:30:58.151 14012 15015 I art     : Explicit concurrent mark sweep GC freed 3301(212KB) AllocSpace objects, 0(0B) LOS objects, 22% free, 53MB/69MB, paused 640us total 23.838ms
08-05 01:30:58.160 14012 15015 I art     : Starting a blocking GC Explicit
08-05 01:30:58.181 14012 15015 I art     : Explicit concurrent mark sweep GC freed 253(10KB) AllocSpace objects, 0(0B) LOS objects, 22% free, 53MB/69MB, paused 913us total 21.062ms
08-05 01:30:58.189 14012 15015 I art     : Starting a blocking GC Explicit
08-05 01:30:58.193   918   936 I ActivityManager: Displayed baseline.appteam.nith.hillffair/.activities.ClubActivity: +84ms
08-05 01:30:58.193 13866 13866 I GoogleInputMethodServic: GoogleInputMethodService.onFinishInput():3138 
08-05 01:30:58.194 13866 13866 I GoogleInputMethodServic: GoogleInputMethodService.onStartInput():1808 
08-05 01:30:58.213 14012 15015 I art     : Explicit concurrent mark sweep GC freed 141(6KB) AllocSpace objects, 0(0B) LOS objects, 22% free, 53MB/69MB, paused 556us total 23.295ms
08-05 01:30:58.453   380   380 W SurfaceFlinger: couldn't log to binary event log: overflow.
08-05 01:30:58.489 14012 14101 I art     : Starting a blocking GC Explicit
08-05 01:30:58.511 14012 14101 I art     : Explicit concurrent mark sweep GC freed 1439(84KB) AllocSpace objects, 1(20KB) LOS objects, 22% free, 53MB/69MB, paused 513us total 22.080ms
08-05 01:30:58.520 14012 14101 I art     : Starting a blocking GC Explicit
08-05 01:30:58.543 14012 14101 I art     : Explicit concurrent mark sweep GC freed 20(704B) AllocSpace objects, 0(0B) LOS objects, 22% free, 53MB/69MB, paused 524us total 23.628ms
08-05 01:30:58.553 14012 14101 I art     : Starting a blocking GC Explicit
08-05 01:30:58.578 14012 14101 I art     : Explicit concurrent mark sweep GC freed 3(96B) AllocSpace objects, 0(0B) LOS objects, 22% free, 53MB/69MB, paused 576us total 24.266ms
08-05 01:30:58.587 14012 14101 I art     : Starting a blocking GC Explicit
08-05 01:30:58.609 10296 10296 I ServiceManager: Waiting for service AtCmdFwd...
08-05 01:30:58.615 14012 14101 I art     : Explicit concurrent mark sweep GC freed 107(5KB) AllocSpace objects, 0(0B) LOS objects, 22% free, 53MB/69MB, paused 575us total 28.082ms
08-05 01:30:58.624 14012 14101 I art     : Starting a blocking GC Explicit
08-05 01:30:58.647 14012 14101 I art     : Explicit concurrent mark sweep GC freed 13(496B) AllocSpace objects, 0(0B) LOS objects, 22% free, 53MB/69MB, paused 598us total 23.541ms
08-05 01:30:58.942 14012 14102 I art     : Starting a blocking GC Explicit
08-05 01:30:58.968 14012 14102 I art     : Explicit concurrent mark sweep GC freed 1407(80KB) AllocSpace objects, 1(20KB) LOS objects, 22% free, 53MB/69MB, paused 626us total 25.685ms
08-05 01:30:58.977 14012 14102 I art     : Starting a blocking GC Explicit
08-05 01:30:59.004 14012 14102 I art     : Explicit concurrent mark sweep GC freed 2469(128KB) AllocSpace objects, 1(80KB) LOS objects, 22% free, 54MB/70MB, paused 807us total 26.320ms
08-05 01:30:59.011 14012 17528 D OkHttp  : --> GET https://api-hillfair-2k16.herokuapp.com/api/app/club/Technical%20Committee http/1.1
08-05 01:30:59.013 14012 14102 I art     : Starting a blocking GC Explicit
08-05 01:30:59.036 14012 14102 I art     : Explicit concurrent mark sweep GC freed 1120(123KB) AllocSpace objects, 2(120KB) LOS objects, 22% free, 54MB/70MB, paused 555us total 22.505ms
08-05 01:30:59.044 14012 14102 I art     : Starting a blocking GC Explicit
08-05 01:30:59.047 14012 17528 D OkHttp  : <-- 200 OK https://api-hillfair-2k16.herokuapp.com/api/app/club/Technical%20Committee (36ms, 1171-byte body)
08-05 01:30:59.067 14012 14102 I art     : Explicit concurrent mark sweep GC freed 200(36KB) AllocSpace objects, 0(0B) LOS objects, 22% free, 54MB/70MB, paused 606us total 22.477ms
08-05 01:30:59.075 14012 14102 I art     : Starting a blocking GC Explicit
08-05 01:30:59.098 14012 14102 I art     : Explicit concurrent mark sweep GC freed 109(10KB) AllocSpace objects, 0(0B) LOS objects, 22% free, 54MB/70MB, paused 752us total 22.531ms
08-05 01:30:59.105 14012 14012 I NAPPA_EXPERIMENTATION: MetricNetworkRequestExecutionTime: REQUEST_DURATION_SYSTEM='969',REQUEST_DURATION_OKHTTP='36',REQUEST_SYNCHRONOUS='FALSE',RESPONSE_CODE='200',RESPONSE_METHOD='GET',RESPONSE_LENGTH_OKHTTP='1171',RESPONSE_LENGTH_HEADER='1171',REQUEST_PROTOCOL='http/1.1',REQUEST_URL='https://api-hillfair-2k16.herokuapp.com/api/app/club/Technical%20Committee',
08-05 01:30:59.385 14012 15015 I art     : Starting a blocking GC Explicit
08-05 01:30:59.412 14012 15015 I art     : Explicit concurrent mark sweep GC freed 1957(164KB) AllocSpace objects, 1(20KB) LOS objects, 22% free, 54MB/70MB, paused 544us total 26.327ms
08-05 01:30:59.421 14012 15015 I art     : Starting a blocking GC Explicit
08-05 01:30:59.447 14012 15015 I art     : Explicit concurrent mark sweep GC freed 64(2112B) AllocSpace objects, 0(0B) LOS objects, 22% free, 54MB/70MB, paused 591us total 25.325ms
08-05 01:30:59.456 14012 15015 I art     : Starting a blocking GC Explicit
08-05 01:30:59.480 14012 15015 I art     : Explicit concurrent mark sweep GC freed 3(96B) AllocSpace objects, 0(0B) LOS objects, 22% free, 54MB/70MB, paused 541us total 23.707ms
08-05 01:30:59.489 14012 15015 I art     : Starting a blocking GC Explicit
08-05 01:30:59.514 14012 15015 I art     : Explicit concurrent mark sweep GC freed 19(656B) AllocSpace objects, 0(0B) LOS objects, 22% free, 54MB/70MB, paused 533us total 24.137ms
08-05 01:30:59.523 14012 15015 I art     : Starting a blocking GC Explicit
08-05 01:30:59.548 14012 15015 I art     : Explicit concurrent mark sweep GC freed 3(96B) AllocSpace objects, 0(0B) LOS objects, 22% free, 54MB/70MB, paused 521us total 24.488ms
08-05 01:30:59.610 10296 10296 I ServiceManager: Waiting for service AtCmdFwd...
08-05 01:30:59.850 14012 14102 I art     : Starting a blocking GC Explicit
08-05 01:30:59.887 14012 14102 I art     : Explicit concurrent mark sweep GC freed 1344(78KB) AllocSpace objects, 1(20KB) LOS objects, 22% free, 54MB/70MB, paused 583us total 36.730ms
08-05 01:30:59.898   518   646 I ThermalEngine: ACTION: GPU - Setting GPU[0] to 450000000
08-05 01:30:59.904 14012 14102 I art     : Starting a blocking GC Explicit
08-05 01:30:59.936 14012 14102 I art     : Explicit concurrent mark sweep GC freed 20(704B) AllocSpace objects, 0(0B) LOS objects, 22% free, 54MB/70MB, paused 743us total 31.468ms
08-05 01:30:59.948 14012 14102 I art     : Starting a blocking GC Explicit
08-05 01:30:59.982 14012 14102 I art     : Explicit concurrent mark sweep GC freed 3(96B) AllocSpace objects, 0(0B) LOS objects, 22% free, 54MB/70MB, paused 712us total 33.793ms
08-05 01:30:59.994 14012 14102 I art     : Starting a blocking GC Explicit
08-05 01:31:00.025 14012 14102 I art     : Explicit concurrent mark sweep GC freed 3(96B) AllocSpace objects, 0(0B) LOS objects, 22% free, 54MB/70MB, paused 707us total 30.976ms
08-05 01:31:00.037 14012 14102 I art     : Starting a blocking GC Explicit
08-05 01:31:00.069 14012 14102 I art     : Explicit concurrent mark sweep GC freed 3(96B) AllocSpace objects, 0(0B) LOS objects, 22% free, 54MB/70MB, paused 725us total 31.615ms
08-05 01:31:00.397 14012 14024 I art     : Starting a blocking GC Explicit
08-05 01:31:00.442 14012 14024 I art     : Explicit concurrent mark sweep GC freed 1344(78KB) AllocSpace objects, 1(20KB) LOS objects, 22% free, 54MB/70MB, paused 742us total 44.280ms
08-05 01:31:00.457 14012 14024 I art     : Starting a blocking GC Explicit
08-05 01:31:00.489 14012 14024 I art     : Explicit concurrent mark sweep GC freed 20(704B) AllocSpace objects, 0(0B) LOS objects, 22% free, 54MB/70MB, paused 699us total 31.604ms
08-05 01:31:00.501 14012 14024 I art     : Starting a blocking GC Explicit
08-05 01:31:00.533 14012 14024 I art     : Explicit concurrent mark sweep GC freed 3(96B) AllocSpace objects, 0(0B) LOS objects, 22% free, 54MB/70MB, paused 693us total 32.123ms
08-05 01:31:00.545 14012 14024 I art     : Starting a blocking GC Explicit
08-05 01:31:00.580 14012 14024 I art     : Explicit concurrent mark sweep GC freed 3(96B) AllocSpace objects, 0(0B) LOS objects, 22% free, 54MB/70MB, paused 722us total 34.647ms
08-05 01:31:00.592 14012 14024 I art     : Starting a blocking GC Explicit
08-05 01:31:00.610 10296 10296 I ServiceManager: Waiting for service AtCmdFwd...
08-05 01:31:00.627 14012 14024 I art     : Explicit concurrent mark sweep GC freed 3(96B) AllocSpace objects, 0(0B) LOS objects, 22% free, 54MB/70MB, paused 800us total 34.437ms
08-05 01:31:00.891   518   646 I ThermalEngine: ACTION: GPU - Setting GPU[0] to 510000000
08-05 01:31:00.963 14012 14101 I art     : Starting a blocking GC Explicit
08-05 01:31:00.999 14012 14101 I art     : Explicit concurrent mark sweep GC freed 1344(78KB) AllocSpace objects, 1(20KB) LOS objects, 22% free, 54MB/70MB, paused 628us total 34.792ms
08-05 01:31:01.011 14012 14101 I art     : Starting a blocking GC Explicit
08-05 01:31:01.037 14012 14101 I art     : Explicit concurrent mark sweep GC freed 20(704B) AllocSpace objects, 0(0B) LOS objects, 22% free, 54MB/70MB, paused 552us total 24.898ms
08-05 01:31:01.046 14012 14101 I art     : Starting a blocking GC Explicit
08-05 01:31:01.071 14012 14101 I art     : Explicit concurrent mark sweep GC freed 3(96B) AllocSpace objects, 0(0B) LOS objects, 22% free, 54MB/70MB, paused 552us total 25.036ms
08-05 01:31:01.081 14012 14101 I art     : Starting a blocking GC Explicit
08-05 01:31:01.106 14012 14101 I art     : Explicit concurrent mark sweep GC freed 3(96B) AllocSpace objects, 0(0B) LOS objects, 22% free, 54MB/70MB, paused 552us total 25.405ms
08-05 01:31:01.116 14012 14101 I art     : Starting a blocking GC Explicit
08-05 01:31:01.141 14012 14101 I art     : Explicit concurrent mark sweep GC freed 3(96B) AllocSpace objects, 0(0B) LOS objects, 22% free, 54MB/70MB, paused 526us total 25.363ms
08-05 01:31:01.466 14012 14025 I art     : Starting a blocking GC Explicit
08-05 01:31:01.500 14012 14025 I art     : Explicit concurrent mark sweep GC freed 1344(78KB) AllocSpace objects, 1(20KB) LOS objects, 22% free, 54MB/70MB, paused 653us total 34.055ms
08-05 01:31:01.515 14012 14025 I art     : Starting a blocking GC Explicit
08-05 01:31:01.541 14012 14025 I art     : Explicit concurrent mark sweep GC freed 20(704B) AllocSpace objects, 0(0B) LOS objects, 22% free, 54MB/70MB, paused 552us total 25.315ms
08-05 01:31:01.550 14012 14025 I art     : Starting a blocking GC Explicit
08-05 01:31:01.576 14012 14025 I art     : Explicit concurrent mark sweep GC freed 3(96B) AllocSpace objects, 0(0B) LOS objects, 22% free, 54MB/70MB, paused 536us total 25.070ms
08-05 01:31:01.585 14012 14025 I art     : Starting a blocking GC Explicit
08-05 01:31:01.611 14012 14025 I art     : Explicit concurrent mark sweep GC freed 3(96B) AllocSpace objects, 0(0B) LOS objects, 22% free, 54MB/70MB, paused 559us total 25.453ms
08-05 01:31:01.611 10296 10296 I ServiceManager: Waiting for service AtCmdFwd...
08-05 01:31:01.620 14012 14025 I art     : Starting a blocking GC Explicit
08-05 01:31:01.645 14012 14025 I art     : Explicit concurrent mark sweep GC freed 3(96B) AllocSpace objects, 0(0B) LOS objects, 22% free, 54MB/70MB, paused 528us total 24.934ms
08-05 01:31:01.978 14012 15015 I art     : Starting a blocking GC Explicit
08-05 01:31:02.015 14012 15015 I art     : Explicit concurrent mark sweep GC freed 1344(78KB) AllocSpace objects, 1(20KB) LOS objects, 22% free, 54MB/70MB, paused 622us total 36.283ms
08-05 01:31:02.031 14012 15015 I art     : Starting a blocking GC Explicit
08-05 01:31:02.062 14012 15015 I art     : Explicit concurrent mark sweep GC freed 20(704B) AllocSpace objects, 0(0B) LOS objects, 22% free, 54MB/70MB, paused 572us total 30.827ms
08-05 01:31:02.073 14012 15015 I art     : Starting a blocking GC Explicit
08-05 01:31:02.098 14012 15015 I art     : Explicit concurrent mark sweep GC freed 3(96B) AllocSpace objects, 0(0B) LOS objects, 22% free, 54MB/70MB, paused 527us total 25.393ms
08-05 01:31:02.108 14012 15015 I art     : Starting a blocking GC Explicit
08-05 01:31:02.133 14012 15015 I art     : Explicit concurrent mark sweep GC freed 3(96B) AllocSpace objects, 0(0B) LOS objects, 22% free, 54MB/70MB, paused 531us total 24.912ms
08-05 01:31:02.142 14012 15015 I art     : Starting a blocking GC Explicit
08-05 01:31:02.167 14012 15015 I art     : Explicit concurrent mark sweep GC freed 3(96B) AllocSpace objects, 0(0B) LOS objects, 22% free, 54MB/70MB, paused 552us total 25.195ms
08-05 01:31:02.471 14012 14102 I art     : Starting a blocking GC Explicit
08-05 01:31:02.496 14012 14102 I art     : Explicit concurrent mark sweep GC freed 1344(78KB) AllocSpace objects, 1(20KB) LOS objects, 22% free, 54MB/70MB, paused 547us total 25.088ms
08-05 01:31:02.505 14012 14102 I art     : Starting a blocking GC Explicit
08-05 01:31:02.530 14012 14102 I art     : Explicit concurrent mark sweep GC freed 20(704B) AllocSpace objects, 0(0B) LOS objects, 22% free, 54MB/70MB, paused 540us total 24.731ms
08-05 01:31:02.539 14012 14102 I art     : Starting a blocking GC Explicit
08-05 01:31:02.564 14012 14102 I art     : Explicit concurrent mark sweep GC freed 3(96B) AllocSpace objects, 0(0B) LOS objects, 22% free, 54MB/70MB, paused 526us total 24.077ms
08-05 01:31:02.573 14012 14102 I art     : Starting a blocking GC Explicit
08-05 01:31:02.597 14012 14102 I art     : Explicit concurrent mark sweep GC freed 3(96B) AllocSpace objects, 0(0B) LOS objects, 22% free, 54MB/70MB, paused 586us total 24.047ms
08-05 01:31:02.606 14012 14102 I art     : Starting a blocking GC Explicit
08-05 01:31:02.612 10296 10296 I ServiceManager: Waiting for service AtCmdFwd...
08-05 01:31:02.630 14012 14102 I art     : Explicit concurrent mark sweep GC freed 3(96B) AllocSpace objects, 0(0B) LOS objects, 22% free, 54MB/70MB, paused 547us total 24.050ms
08-05 01:31:02.784 17615 17615 D AndroidRuntime: >>>>>> START com.android.internal.os.RuntimeInit uid 2000 <<<<<<
08-05 01:31:02.789 17615 17615 D AndroidRuntime: CheckJNI is OFF
08-05 01:31:02.823 17615 17615 D ICU     : No timezone override file found: /data/misc/zoneinfo/current/icu/icu_tzdata.dat
08-05 01:31:02.855 17615 17615 I Radio-JNI: register_android_hardware_Radio DONE
08-05 01:31:02.877 17615 17615 D AndroidRuntime: Calling main entry com.android.commands.input.Input
08-05 01:31:02.878 17615 17615 I Input   : injectKeyEvent: KeyEvent { action=ACTION_DOWN, keyCode=KEYCODE_BACK, scanCode=0, metaState=0, flags=0x0, repeatCount=0, eventTime=754279291, downTime=754279291, deviceId=-1, source=0x101 }
08-05 01:31:02.884 17615 17615 I Input   : injectKeyEvent: KeyEvent { action=ACTION_UP, keyCode=KEYCODE_BACK, scanCode=0, metaState=0, flags=0x0, repeatCount=0, eventTime=754279291, downTime=754279291, deviceId=-1, source=0x101 }
08-05 01:31:02.892 17615 17615 D AndroidRuntime: Shutting down VM
08-05 01:31:02.932 13866 13866 I GoogleInputMethodServic: GoogleInputMethodService.onFinishInput():3138 
08-05 01:31:02.933 13866 13866 I GoogleInputMethodServic: GoogleInputMethodService.onStartInput():1808 
08-05 01:31:02.939 14012 14102 I art     : Starting a blocking GC Explicit
08-05 01:31:02.963 14012 14102 I art     : Explicit concurrent mark sweep GC freed 1525(85KB) AllocSpace objects, 1(20KB) LOS objects, 22% free, 54MB/70MB, paused 478us total 23.137ms
08-05 01:31:02.971 14012 14102 I art     : Starting a blocking GC Explicit
08-05 01:31:02.994 14012 14102 I art     : Explicit concurrent mark sweep GC freed 27(992B) AllocSpace objects, 0(0B) LOS objects, 22% free, 54MB/70MB, paused 486us total 22.423ms
08-05 01:31:03.002 14012 14102 I art     : Starting a blocking GC Explicit
08-05 01:31:03.024 14012 14102 I art     : Explicit concurrent mark sweep GC freed 3(96B) AllocSpace objects, 0(0B) LOS objects, 22% free, 54MB/70MB, paused 504us total 21.413ms
08-05 01:31:03.033 14012 14102 I art     : Starting a blocking GC Explicit
08-05 01:31:03.055 14012 14102 I art     : Explicit concurrent mark sweep GC freed 3(96B) AllocSpace objects, 0(0B) LOS objects, 22% free, 54MB/70MB, paused 504us total 21.911ms
08-05 01:31:03.064 14012 14102 I art     : Starting a blocking GC Explicit
08-05 01:31:03.089 14012 14102 I art     : Explicit concurrent mark sweep GC freed 3(96B) AllocSpace objects, 0(0B) LOS objects, 22% free, 54MB/70MB, paused 571us total 24.413ms
08-05 01:31:03.225   380   380 W SurfaceFlinger: couldn't log to binary event log: overflow.
08-05 01:31:03.349 14012 14024 I art     : Starting a blocking GC Explicit
08-05 01:31:03.375 14012 14024 I art     : Explicit concurrent mark sweep GC freed 1453(86KB) AllocSpace objects, 1(20KB) LOS objects, 22% free, 54MB/70MB, paused 545us total 25.933ms
08-05 01:31:03.384 14012 14024 I art     : Starting a blocking GC Explicit
08-05 01:31:03.409 14012 14024 I art     : Explicit concurrent mark sweep GC freed 1670(108KB) AllocSpace objects, 3(180KB) LOS objects, 22% free, 53MB/69MB, paused 508us total 24.712ms
08-05 01:31:03.418 14012 14024 I art     : Starting a blocking GC Explicit
08-05 01:31:03.443 14012 14024 I art     : Explicit concurrent mark sweep GC freed 3(96B) AllocSpace objects, 0(0B) LOS objects, 22% free, 53MB/69MB, paused 531us total 24.265ms
08-05 01:31:03.452 14012 14024 I art     : Starting a blocking GC Explicit
08-05 01:31:03.477 14012 14024 I art     : Explicit concurrent mark sweep GC freed 3(96B) AllocSpace objects, 0(0B) LOS objects, 22% free, 53MB/69MB, paused 639us total 24.660ms
08-05 01:31:03.486 14012 14024 I art     : Starting a blocking GC Explicit
08-05 01:31:03.511 14012 14024 I art     : Explicit concurrent mark sweep GC freed 3(96B) AllocSpace objects, 0(0B) LOS objects, 22% free, 53MB/69MB, paused 532us total 24.870ms
08-05 01:31:03.612 10296 10296 W Atfwd_Sendcmd: AtCmdFwd service not published, waiting... retryCnt : 5
08-05 01:31:03.804 14012 14101 I art     : Starting a blocking GC Explicit
08-05 01:31:03.835 14012 14101 I art     : Explicit concurrent mark sweep GC freed 1344(78KB) AllocSpace objects, 1(20KB) LOS objects, 22% free, 53MB/69MB, paused 608us total 31.289ms
08-05 01:31:03.848 14012 14101 I art     : Starting a blocking GC Explicit
08-05 01:31:03.872 14012 14101 I art     : Explicit concurrent mark sweep GC freed 20(704B) AllocSpace objects, 0(0B) LOS objects, 22% free, 53MB/69MB, paused 568us total 24.066ms
08-05 01:31:03.881 14012 14101 I art     : Starting a blocking GC Explicit
08-05 01:31:03.906 14012 14101 I art     : Explicit concurrent mark sweep GC freed 3(96B) AllocSpace objects, 0(0B) LOS objects, 22% free, 53MB/69MB, paused 555us total 23.986ms
08-05 01:31:03.915 14012 14101 I art     : Starting a blocking GC Explicit
08-05 01:31:03.939 14012 14101 I art     : Explicit concurrent mark sweep GC freed 3(96B) AllocSpace objects, 0(0B) LOS objects, 22% free, 53MB/69MB, paused 567us total 24.343ms
08-05 01:31:03.949 14012 14101 I art     : Starting a blocking GC Explicit
08-05 01:31:03.974 14012 14101 I art     : Explicit concurrent mark sweep GC freed 3(96B) AllocSpace objects, 0(0B) LOS objects, 22% free, 53MB/69MB, paused 604us total 24.928ms
08-05 01:31:04.247 14012 14025 I art     : Starting a blocking GC Explicit
08-05 01:31:04.273 14012 14025 I art     : Explicit concurrent mark sweep GC freed 1344(78KB) AllocSpace objects, 1(20KB) LOS objects, 22% free, 53MB/69MB, paused 576us total 24.898ms
08-05 01:31:04.282 14012 14025 I art     : Starting a blocking GC Explicit
08-05 01:31:04.305 14012 14025 I art     : Explicit concurrent mark sweep GC freed 20(704B) AllocSpace objects, 0(0B) LOS objects, 22% free, 53MB/69MB, paused 590us total 23.575ms
08-05 01:31:04.314 14012 14025 I art     : Starting a blocking GC Explicit
08-05 01:31:04.338 14012 14025 I art     : Explicit concurrent mark sweep GC freed 3(96B) AllocSpace objects, 0(0B) LOS objects, 22% free, 53MB/69MB, paused 547us total 23.462ms
08-05 01:31:04.347 14012 14025 I art     : Starting a blocking GC Explicit
08-05 01:31:04.370 14012 14025 I art     : Explicit concurrent mark sweep GC freed 3(96B) AllocSpace objects, 0(0B) LOS objects, 22% free, 53MB/69MB, paused 545us total 23.082ms
08-05 01:31:04.379 14012 14025 I art     : Starting a blocking GC Explicit
08-05 01:31:04.402 14012 14025 I art     : Explicit concurrent mark sweep GC freed 3(96B) AllocSpace objects, 0(0B) LOS objects, 22% free, 53MB/69MB, paused 540us total 23.003ms
08-05 01:31:04.573 17671 17671 D AndroidRuntime: >>>>>> START com.android.internal.os.RuntimeInit uid 2000 <<<<<<
08-05 01:31:04.578 17671 17671 D AndroidRuntime: CheckJNI is OFF
08-05 01:31:04.610 17671 17671 D ICU     : No timezone override file found: /data/misc/zoneinfo/current/icu/icu_tzdata.dat
08-05 01:31:04.644 17671 17671 I Radio-JNI: register_android_hardware_Radio DONE
08-05 01:31:04.666 17671 17671 D AndroidRuntime: Calling main entry com.android.commands.input.Input
08-05 01:31:04.668 17671 17671 I Input   : injectMotionEvent: MotionEvent { action=ACTION_DOWN, actionButton=0, id[0]=0, x[0]=255.0, y[0]=1845.0, toolType[0]=TOOL_TYPE_UNKNOWN, buttonState=0, metaState=0, flags=0x0, edgeFlags=0x0, pointerCount=1, historySize=0, eventTime=754281080, downTime=754281080, deviceId=0, source=0x1002 }
08-05 01:31:04.672 14012 15015 I art     : Starting a blocking GC Explicit
08-05 01:31:04.673 17671 17671 I Input   : injectMotionEvent: MotionEvent { action=ACTION_UP, actionButton=0, id[0]=0, x[0]=255.0, y[0]=1845.0, toolType[0]=TOOL_TYPE_UNKNOWN, buttonState=0, metaState=0, flags=0x0, edgeFlags=0x0, pointerCount=1, historySize=0, eventTime=754281080, downTime=754281080, deviceId=0, source=0x1002 }
08-05 01:31:04.675   918  5132 I ActivityManager: START u0 {cmp=baseline.appteam.nith.hillffair/.activities.ClubActivity (has extras)} from uid 10675 on display 0
08-05 01:31:04.682 17671 17671 D AndroidRuntime: Shutting down VM
08-05 01:31:04.697 14012 15015 I art     : Explicit concurrent mark sweep GC freed 1500(88KB) AllocSpace objects, 1(20KB) LOS objects, 22% free, 53MB/69MB, paused 795us total 25.128ms
08-05 01:31:04.706 14012 15015 I art     : Starting a blocking GC Explicit
08-05 01:31:04.730 14012 15015 I art     : Explicit concurrent mark sweep GC freed 3567(278KB) AllocSpace objects, 0(0B) LOS objects, 22% free, 53MB/69MB, paused 616us total 23.841ms
08-05 01:31:04.739 14012 15015 I art     : Starting a blocking GC Explicit
08-05 01:31:04.758 14012 14012 I NAPPA_EXPERIMENTATION: MetricNetworkRequestExecutionTime: REQUEST_DURATION_SYSTEM='49',REQUEST_DURATION_OKHTTP='36',REQUEST_SYNCHRONOUS='FALSE',RESPONSE_CODE='200',RESPONSE_METHOD='GET',RESPONSE_LENGTH_OKHTTP='1171',RESPONSE_LENGTH_HEADER='-2',REQUEST_PROTOCOL='http/1.1',REQUEST_URL='https://api-hillfair-2k16.herokuapp.com/api/app/club/Technical%20Committee',
08-05 01:31:04.762 14012 15015 I art     : Explicit concurrent mark sweep GC freed 418(22KB) AllocSpace objects, 0(0B) LOS objects, 22% free, 54MB/70MB, paused 929us total 23.055ms
08-05 01:31:04.765 13866 13866 I GoogleInputMethodServic: GoogleInputMethodService.onFinishInput():3138 
08-05 01:31:04.765 13866 13866 I GoogleInputMethodServic: GoogleInputMethodService.onStartInput():1808 
08-05 01:31:04.766   918   936 I ActivityManager: Displayed baseline.appteam.nith.hillffair/.activities.ClubActivity: +83ms
08-05 01:31:04.772 14012 15015 I art     : Starting a blocking GC Explicit
08-05 01:31:04.796 14012 15015 I art     : Explicit concurrent mark sweep GC freed 533(38KB) AllocSpace objects, 0(0B) LOS objects, 22% free, 54MB/70MB, paused 490us total 24.140ms
08-05 01:31:04.805 14012 15015 I art     : Starting a blocking GC Explicit
08-05 01:31:04.826 14012 15015 I art     : Explicit concurrent mark sweep GC freed 55(1872B) AllocSpace objects, 0(0B) LOS objects, 22% free, 54MB/70MB, paused 488us total 20.707ms
08-05 01:31:05.011   380   380 W SurfaceFlinger: couldn't log to binary event log: overflow.
08-05 01:31:05.085 14012 14025 I art     : Starting a blocking GC Explicit
08-05 01:31:05.107 14012 14025 I art     : Explicit concurrent mark sweep GC freed 1344(78KB) AllocSpace objects, 1(20KB) LOS objects, 22% free, 54MB/70MB, paused 607us total 22.223ms
08-05 01:31:05.115 14012 14025 I art     : Starting a blocking GC Explicit
08-05 01:31:05.139 14012 14025 I art     : Explicit concurrent mark sweep GC freed 111(6KB) AllocSpace objects, 0(0B) LOS objects, 22% free, 54MB/70MB, paused 517us total 23.572ms
08-05 01:31:05.149 14012 14025 I art     : Starting a blocking GC Explicit
08-05 01:31:05.171 14012 14025 I art     : Explicit concurrent mark sweep GC freed 12(464B) AllocSpace objects, 0(0B) LOS objects, 22% free, 54MB/70MB, paused 486us total 21.867ms
08-05 01:31:05.180 14012 14025 I art     : Starting a blocking GC Explicit
08-05 01:31:05.203 14012 14025 I art     : Explicit concurrent mark sweep GC freed 3(96B) AllocSpace objects, 0(0B) LOS objects, 22% free, 54MB/70MB, paused 511us total 22.367ms
08-05 01:31:05.211 14012 14025 I art     : Starting a blocking GC Explicit
08-05 01:31:05.234 14012 14025 I art     : Explicit concurrent mark sweep GC freed 3(96B) AllocSpace objects, 0(0B) LOS objects, 22% free, 54MB/70MB, paused 528us total 22.407ms
08-05 01:31:05.525 14012 14101 I art     : Starting a blocking GC Explicit
08-05 01:31:05.553 14012 14101 I art     : Explicit concurrent mark sweep GC freed 1344(78KB) AllocSpace objects, 1(20KB) LOS objects, 22% free, 54MB/70MB, paused 560us total 27.350ms
08-05 01:31:05.563 14012 14101 I art     : Starting a blocking GC Explicit
08-05 01:31:05.588 14012 14101 I art     : Explicit concurrent mark sweep GC freed 36(1264B) AllocSpace objects, 0(0B) LOS objects, 22% free, 54MB/70MB, paused 555us total 25.073ms
08-05 01:31:05.598 14012 14101 I art     : Starting a blocking GC Explicit
08-05 01:31:05.623 14012 14101 I art     : Explicit concurrent mark sweep GC freed 3(96B) AllocSpace objects, 0(0B) LOS objects, 22% free, 54MB/70MB, paused 535us total 25.598ms
08-05 01:31:05.633 14012 14101 I art     : Starting a blocking GC Explicit
08-05 01:31:05.659 14012 14101 I art     : Explicit concurrent mark sweep GC freed 3(96B) AllocSpace objects, 0(0B) LOS objects, 22% free, 54MB/70MB, paused 556us total 25.935ms
08-05 01:31:05.668 14012 14101 I art     : Starting a blocking GC Explicit
08-05 01:31:05.694 14012 14101 I art     : Explicit concurrent mark sweep GC freed 3(96B) AllocSpace objects, 0(0B) LOS objects, 22% free, 54MB/70MB, paused 553us total 25.053ms
08-05 01:31:05.992 14012 14024 I art     : Starting a blocking GC Explicit
08-05 01:31:06.020 14012 14024 I art     : Explicit concurrent mark sweep GC freed 1344(78KB) AllocSpace objects, 1(20KB) LOS objects, 22% free, 54MB/70MB, paused 542us total 27.438ms
08-05 01:31:06.029 14012 14024 I art     : Starting a blocking GC Explicit
08-05 01:31:06.055 14012 14024 I art     : Explicit concurrent mark sweep GC freed 20(704B) AllocSpace objects, 0(0B) LOS objects, 22% free, 54MB/70MB, paused 533us total 25.442ms
08-05 01:31:06.065 14012 14024 I art     : Starting a blocking GC Explicit
08-05 01:31:06.090 14012 14024 I art     : Explicit concurrent mark sweep GC freed 3(96B) AllocSpace objects, 0(0B) LOS objects, 22% free, 54MB/70MB, paused 540us total 25.477ms
08-05 01:31:06.100 14012 14024 I art     : Starting a blocking GC Explicit
08-05 01:31:06.127 14012 14024 I art     : Explicit concurrent mark sweep GC freed 3(96B) AllocSpace objects, 0(0B) LOS objects, 22% free, 54MB/70MB, paused 525us total 26.468ms
08-05 01:31:06.136 14012 14024 I art     : Starting a blocking GC Explicit
08-05 01:31:06.161 14012 14024 I art     : Explicit concurrent mark sweep GC freed 3(96B) AllocSpace objects, 0(0B) LOS objects, 22% free, 54MB/70MB, paused 536us total 24.891ms
08-05 01:31:06.465 14012 14025 I art     : Starting a blocking GC Explicit
08-05 01:31:06.497 14012 14025 I art     : Explicit concurrent mark sweep GC freed 1344(78KB) AllocSpace objects, 1(20KB) LOS objects, 22% free, 54MB/70MB, paused 614us total 32.055ms
08-05 01:31:06.510 14012 14025 I art     : Starting a blocking GC Explicit
08-05 01:31:06.542 14012 14025 I art     : Explicit concurrent mark sweep GC freed 20(704B) AllocSpace objects, 0(0B) LOS objects, 22% free, 54MB/70MB, paused 772us total 31.311ms
08-05 01:31:06.553 14012 14025 I art     : Starting a blocking GC Explicit
08-05 01:31:06.579 14012 14025 I art     : Explicit concurrent mark sweep GC freed 3(96B) AllocSpace objects, 0(0B) LOS objects, 22% free, 54MB/70MB, paused 559us total 25.946ms
08-05 01:31:06.589 14012 14025 I art     : Starting a blocking GC Explicit
08-05 01:31:06.614 14012 14025 I art     : Explicit concurrent mark sweep GC freed 3(96B) AllocSpace objects, 0(0B) LOS objects, 22% free, 54MB/70MB, paused 538us total 25.321ms
08-05 01:31:06.624 14012 14025 I art     : Starting a blocking GC Explicit
08-05 01:31:06.649 14012 14025 I art     : Explicit concurrent mark sweep GC freed 3(96B) AllocSpace objects, 0(0B) LOS objects, 22% free, 54MB/70MB, paused 547us total 25.163ms
08-05 01:31:06.904   518   646 I ThermalEngine: ACTION: GPU - Setting GPU[0] to 450000000
08-05 01:31:06.982 14012 15015 I art     : Starting a blocking GC Explicit
08-05 01:31:07.018 14012 15015 I art     : Explicit concurrent mark sweep GC freed 1344(78KB) AllocSpace objects, 1(20KB) LOS objects, 22% free, 54MB/70MB, paused 756us total 35.490ms
08-05 01:31:07.030 14012 15015 I art     : Starting a blocking GC Explicit
08-05 01:31:07.064 14012 15015 I art     : Explicit concurrent mark sweep GC freed 20(704B) AllocSpace objects, 0(0B) LOS objects, 22% free, 54MB/70MB, paused 737us total 33.636ms
08-05 01:31:07.076 14012 15015 I art     : Starting a blocking GC Explicit
08-05 01:31:07.111 14012 15015 I art     : Explicit concurrent mark sweep GC freed 3(96B) AllocSpace objects, 0(0B) LOS objects, 22% free, 54MB/70MB, paused 734us total 34.336ms
08-05 01:31:07.123 14012 15015 I art     : Starting a blocking GC Explicit
08-05 01:31:07.156 14012 15015 I art     : Explicit concurrent mark sweep GC freed 3(96B) AllocSpace objects, 0(0B) LOS objects, 22% free, 54MB/70MB, paused 738us total 32.785ms
08-05 01:31:07.168 14012 15015 I art     : Starting a blocking GC Explicit
08-05 01:31:07.203 14012 15015 I art     : Explicit concurrent mark sweep GC freed 3(96B) AllocSpace objects, 0(0B) LOS objects, 22% free, 54MB/70MB, paused 745us total 34.459ms
08-05 01:31:07.537 14012 14102 I art     : Starting a blocking GC Explicit
08-05 01:31:07.576 14012 14102 I art     : Explicit concurrent mark sweep GC freed 1344(78KB) AllocSpace objects, 1(20KB) LOS objects, 22% free, 54MB/70MB, paused 765us total 38.823ms
08-05 01:31:07.591 14012 14102 I art     : Starting a blocking GC Explicit
08-05 01:31:07.625 14012 14102 I art     : Explicit concurrent mark sweep GC freed 20(704B) AllocSpace objects, 0(0B) LOS objects, 22% free, 54MB/70MB, paused 730us total 33.505ms
08-05 01:31:07.637 14012 14102 I art     : Starting a blocking GC Explicit
08-05 01:31:07.671 14012 14102 I art     : Explicit concurrent mark sweep GC freed 3(96B) AllocSpace objects, 0(0B) LOS objects, 22% free, 54MB/70MB, paused 740us total 34.211ms
08-05 01:31:07.683 14012 14102 I art     : Starting a blocking GC Explicit
08-05 01:31:07.718 14012 14102 I art     : Explicit concurrent mark sweep GC freed 3(96B) AllocSpace objects, 0(0B) LOS objects, 22% free, 54MB/70MB, paused 765us total 34.648ms
08-05 01:31:07.730 14012 14102 I art     : Starting a blocking GC Explicit
08-05 01:31:07.764 14012 14102 I art     : Explicit concurrent mark sweep GC freed 3(96B) AllocSpace objects, 0(0B) LOS objects, 22% free, 54MB/70MB, paused 745us total 33.379ms
08-05 01:31:07.907   518   646 I ThermalEngine: ACTION: GPU - Setting GPU[0] to 510000000
08-05 01:31:08.075 14012 14101 I art     : Starting a blocking GC Explicit
08-05 01:31:08.107 14012 14101 I art     : Explicit concurrent mark sweep GC freed 1344(78KB) AllocSpace objects, 1(20KB) LOS objects, 22% free, 54MB/70MB, paused 557us total 31.656ms
08-05 01:31:08.120 14012 14101 I art     : Starting a blocking GC Explicit
08-05 01:31:08.144 14012 14101 I art     : Explicit concurrent mark sweep GC freed 20(704B) AllocSpace objects, 0(0B) LOS objects, 22% free, 54MB/70MB, paused 531us total 24.231ms
08-05 01:31:08.154 14012 14101 I art     : Starting a blocking GC Explicit
08-05 01:31:08.179 14012 14101 I art     : Explicit concurrent mark sweep GC freed 3(96B) AllocSpace objects, 0(0B) LOS objects, 22% free, 54MB/70MB, paused 545us total 24.987ms
08-05 01:31:08.188 14012 14101 I art     : Starting a blocking GC Explicit
08-05 01:31:08.214 14012 14101 I art     : Explicit concurrent mark sweep GC freed 3(96B) AllocSpace objects, 0(0B) LOS objects, 22% free, 54MB/70MB, paused 552us total 25.718ms
08-05 01:31:08.224 14012 14101 I art     : Starting a blocking GC Explicit
08-05 01:31:08.248 14012 14101 I art     : Explicit concurrent mark sweep GC freed 3(96B) AllocSpace objects, 0(0B) LOS objects, 22% free, 54MB/70MB, paused 523us total 24.644ms
08-05 01:31:08.574 14012 14024 I art     : Starting a blocking GC Explicit
08-05 01:31:08.607 14012 14024 I art     : Explicit concurrent mark sweep GC freed 1344(78KB) AllocSpace objects, 1(20KB) LOS objects, 22% free, 54MB/70MB, paused 573us total 32.104ms
08-05 01:31:08.618 14012 14024 I art     : Starting a blocking GC Explicit
08-05 01:31:08.644 14012 14024 I art     : Explicit concurrent mark sweep GC freed 20(704B) AllocSpace objects, 0(0B) LOS objects, 22% free, 54MB/70MB, paused 538us total 25.344ms
08-05 01:31:08.653 14012 14024 I art     : Starting a blocking GC Explicit
08-05 01:31:08.679 14012 14024 I art     : Explicit concurrent mark sweep GC freed 3(96B) AllocSpace objects, 0(0B) LOS objects, 22% free, 54MB/70MB, paused 490us total 25.394ms
08-05 01:31:08.688 14012 14024 I art     : Starting a blocking GC Explicit
08-05 01:31:08.713 14012 14024 I art     : Explicit concurrent mark sweep GC freed 3(96B) AllocSpace objects, 0(0B) LOS objects, 22% free, 54MB/70MB, paused 517us total 24.641ms
08-05 01:31:08.723 14012 14024 I art     : Starting a blocking GC Explicit
08-05 01:31:08.747 14012 14024 I art     : Explicit concurrent mark sweep GC freed 3(96B) AllocSpace objects, 0(0B) LOS objects, 22% free, 54MB/70MB, paused 661us total 24.465ms
08-05 01:31:09.040 14012 14025 I art     : Starting a blocking GC Explicit
08-05 01:31:09.066 14012 14025 I art     : Explicit concurrent mark sweep GC freed 1344(78KB) AllocSpace objects, 1(20KB) LOS objects, 22% free, 54MB/70MB, paused 556us total 25.792ms
08-05 01:31:09.076 14012 14025 I art     : Starting a blocking GC Explicit
08-05 01:31:09.101 14012 14025 I art     : Explicit concurrent mark sweep GC freed 20(704B) AllocSpace objects, 0(0B) LOS objects, 22% free, 54MB/70MB, paused 637us total 24.939ms
08-05 01:31:09.110 14012 14025 I art     : Starting a blocking GC Explicit
08-05 01:31:09.134 14012 14025 I art     : Explicit concurrent mark sweep GC freed 3(96B) AllocSpace objects, 0(0B) LOS objects, 22% free, 54MB/70MB, paused 543us total 24.167ms
08-05 01:31:09.143 14012 14025 I art     : Starting a blocking GC Explicit
08-05 01:31:09.167 14012 14025 I art     : Explicit concurrent mark sweep GC freed 3(96B) AllocSpace objects, 0(0B) LOS objects, 22% free, 54MB/70MB, paused 576us total 23.807ms
08-05 01:31:09.176 14012 14025 I art     : Starting a blocking GC Explicit
08-05 01:31:09.200 14012 14025 I art     : Explicit concurrent mark sweep GC freed 3(96B) AllocSpace objects, 0(0B) LOS objects, 22% free, 54MB/70MB, paused 562us total 23.742ms
08-05 01:31:09.360 17786 17786 D AndroidRuntime: >>>>>> START com.android.internal.os.RuntimeInit uid 2000 <<<<<<
08-05 01:31:09.364 17786 17786 D AndroidRuntime: CheckJNI is OFF
08-05 01:31:09.398 17786 17786 D ICU     : No timezone override file found: /data/misc/zoneinfo/current/icu/icu_tzdata.dat
08-05 01:31:09.431 17786 17786 I Radio-JNI: register_android_hardware_Radio DONE
08-05 01:31:09.453 17786 17786 D AndroidRuntime: Calling main entry com.android.commands.input.Input
08-05 01:31:09.454 17786 17786 I Input   : injectKeyEvent: KeyEvent { action=ACTION_DOWN, keyCode=KEYCODE_BACK, scanCode=0, metaState=0, flags=0x0, repeatCount=0, eventTime=754285868, downTime=754285868, deviceId=-1, source=0x101 }
08-05 01:31:09.461 17786 17786 I Input   : injectKeyEvent: KeyEvent { action=ACTION_UP, keyCode=KEYCODE_BACK, scanCode=0, metaState=0, flags=0x0, repeatCount=0, eventTime=754285868, downTime=754285868, deviceId=-1, source=0x101 }
08-05 01:31:09.473 17786 17786 D AndroidRuntime: Shutting down VM
08-05 01:31:09.516 14012 14025 I art     : Starting a blocking GC Explicit
08-05 01:31:09.518 13866 13866 I GoogleInputMethodServic: GoogleInputMethodService.onFinishInput():3138 
08-05 01:31:09.519 13866 13866 I GoogleInputMethodServic: GoogleInputMethodService.onStartInput():1808 
08-05 01:31:09.539 14012 14025 I art     : Explicit concurrent mark sweep GC freed 1522(85KB) AllocSpace objects, 1(20KB) LOS objects, 22% free, 54MB/70MB, paused 501us total 23.160ms
08-05 01:31:09.548 14012 14025 I art     : Starting a blocking GC Explicit
08-05 01:31:09.571 14012 14025 I art     : Explicit concurrent mark sweep GC freed 26(912B) AllocSpace objects, 0(0B) LOS objects, 22% free, 54MB/70MB, paused 690us total 22.260ms
08-05 01:31:09.580 14012 14025 I art     : Starting a blocking GC Explicit
08-05 01:31:09.601 14012 14025 I art     : Explicit concurrent mark sweep GC freed 6(224B) AllocSpace objects, 0(0B) LOS objects, 22% free, 54MB/70MB, paused 475us total 21.107ms
08-05 01:31:09.609 14012 14025 I art     : Starting a blocking GC Explicit
08-05 01:31:09.631 14012 14025 I art     : Explicit concurrent mark sweep GC freed 3(96B) AllocSpace objects, 0(0B) LOS objects, 22% free, 54MB/70MB, paused 519us total 21.008ms
08-05 01:31:09.640 14012 14025 I art     : Starting a blocking GC Explicit
08-05 01:31:09.662 14012 14025 I art     : Explicit concurrent mark sweep GC freed 3(96B) AllocSpace objects, 0(0B) LOS objects, 22% free, 54MB/70MB, paused 522us total 21.657ms
08-05 01:31:09.832   380   380 W SurfaceFlinger: couldn't log to binary event log: overflow.
08-05 01:31:09.913 14012 14025 I art     : Starting a blocking GC Explicit
08-05 01:31:09.936 14012 14025 I art     : Explicit concurrent mark sweep GC freed 1453(86KB) AllocSpace objects, 1(20KB) LOS objects, 22% free, 54MB/70MB, paused 533us total 22.351ms
08-05 01:31:09.945 14012 14025 I art     : Starting a blocking GC Explicit
08-05 01:31:09.966 14012 14025 I art     : Explicit concurrent mark sweep GC freed 1671(108KB) AllocSpace objects, 3(180KB) LOS objects, 22% free, 53MB/69MB, paused 500us total 20.891ms
08-05 01:31:09.974 14012 14025 I art     : Starting a blocking GC Explicit
08-05 01:31:09.995 14012 14025 I art     : Explicit concurrent mark sweep GC freed 3(96B) AllocSpace objects, 0(0B) LOS objects, 22% free, 53MB/69MB, paused 509us total 20.980ms
08-05 01:31:10.004 14012 14025 I art     : Starting a blocking GC Explicit
08-05 01:31:10.025 14012 14025 I art     : Explicit concurrent mark sweep GC freed 3(96B) AllocSpace objects, 0(0B) LOS objects, 22% free, 53MB/69MB, paused 511us total 21.274ms
08-05 01:31:10.033 14012 14025 I art     : Starting a blocking GC Explicit
08-05 01:31:10.055 14012 14025 I art     : Explicit concurrent mark sweep GC freed 3(96B) AllocSpace objects, 0(0B) LOS objects, 22% free, 53MB/69MB, paused 520us total 21.748ms
08-05 01:31:10.320 14012 14102 I art     : Starting a blocking GC Explicit
08-05 01:31:10.345 14012 14102 I art     : Explicit concurrent mark sweep GC freed 1344(78KB) AllocSpace objects, 1(20KB) LOS objects, 22% free, 53MB/69MB, paused 532us total 24.486ms
08-05 01:31:10.354 14012 14102 I art     : Starting a blocking GC Explicit
08-05 01:31:10.380 14012 14102 I art     : Explicit concurrent mark sweep GC freed 20(704B) AllocSpace objects, 0(0B) LOS objects, 22% free, 53MB/69MB, paused 543us total 25.014ms
08-05 01:31:10.389 14012 14102 I art     : Starting a blocking GC Explicit
08-05 01:31:10.413 14012 14102 I art     : Explicit concurrent mark sweep GC freed 3(96B) AllocSpace objects, 0(0B) LOS objects, 22% free, 53MB/69MB, paused 524us total 24.061ms
08-05 01:31:10.422 14012 14102 I art     : Starting a blocking GC Explicit
08-05 01:31:10.447 14012 14102 I art     : Explicit concurrent mark sweep GC freed 3(96B) AllocSpace objects, 0(0B) LOS objects, 22% free, 53MB/69MB, paused 578us total 24.249ms
08-05 01:31:10.456 14012 14102 I art     : Starting a blocking GC Explicit
08-05 01:31:10.480 14012 14102 I art     : Explicit concurrent mark sweep GC freed 3(96B) AllocSpace objects, 0(0B) LOS objects, 22% free, 53MB/69MB, paused 570us total 24.289ms
08-05 01:31:10.771 14012 15015 I art     : Starting a blocking GC Explicit
08-05 01:31:10.797 14012 15015 I art     : Explicit concurrent mark sweep GC freed 1344(78KB) AllocSpace objects, 1(20KB) LOS objects, 22% free, 53MB/69MB, paused 543us total 24.910ms
08-05 01:31:10.806 14012 15015 I art     : Starting a blocking GC Explicit
08-05 01:31:10.830 14012 15015 I art     : Explicit concurrent mark sweep GC freed 20(704B) AllocSpace objects, 0(0B) LOS objects, 22% free, 53MB/69MB, paused 546us total 23.708ms
08-05 01:31:10.839 14012 15015 I art     : Starting a blocking GC Explicit
08-05 01:31:10.862 14012 15015 I art     : Explicit concurrent mark sweep GC freed 3(96B) AllocSpace objects, 0(0B) LOS objects, 22% free, 53MB/69MB, paused 527us total 23.635ms
08-05 01:31:10.871 14012 15015 I art     : Starting a blocking GC Explicit
08-05 01:31:10.895 14012 15015 I art     : Explicit concurrent mark sweep GC freed 3(96B) AllocSpace objects, 0(0B) LOS objects, 22% free, 53MB/69MB, paused 531us total 23.235ms
08-05 01:31:10.904 14012 15015 I art     : Starting a blocking GC Explicit
08-05 01:31:10.928 14012 15015 I art     : Explicit concurrent mark sweep GC freed 3(96B) AllocSpace objects, 0(0B) LOS objects, 22% free, 53MB/69MB, paused 562us total 23.922ms
08-05 01:31:11.129 17846 17846 D AndroidRuntime: >>>>>> START com.android.internal.os.RuntimeInit uid 2000 <<<<<<
08-05 01:31:11.134 17846 17846 D AndroidRuntime: CheckJNI is OFF
08-05 01:31:11.166 17846 17846 D ICU     : No timezone override file found: /data/misc/zoneinfo/current/icu/icu_tzdata.dat
08-05 01:31:11.199 17846 17846 I Radio-JNI: register_android_hardware_Radio DONE
08-05 01:31:11.210 14012 14101 I art     : Starting a blocking GC Explicit
08-05 01:31:11.221 17846 17846 D AndroidRuntime: Calling main entry com.android.commands.input.Input
08-05 01:31:11.223 17846 17846 I Input   : injectMotionEvent: MotionEvent { action=ACTION_DOWN, actionButton=0, id[0]=0, x[0]=369.0, y[0]=554.0, toolType[0]=TOOL_TYPE_UNKNOWN, buttonState=0, metaState=0, flags=0x0, edgeFlags=0x0, pointerCount=1, historySize=0, eventTime=754287636, downTime=754287636, deviceId=0, source=0x1002 }
08-05 01:31:11.227 17846 17846 I Input   : injectMotionEvent: MotionEvent { action=ACTION_UP, actionButton=0, id[0]=0, x[0]=369.0, y[0]=554.0, toolType[0]=TOOL_TYPE_UNKNOWN, buttonState=0, metaState=0, flags=0x0, edgeFlags=0x0, pointerCount=1, historySize=0, eventTime=754287636, downTime=754287636, deviceId=0, source=0x1002 }
08-05 01:31:11.229   918  4413 I ActivityManager: START u0 {cmp=baseline.appteam.nith.hillffair/.activities.ClubActivity (has extras)} from uid 10675 on display 0
08-05 01:31:11.235 17846 17846 D AndroidRuntime: Shutting down VM
08-05 01:31:11.235 14012 14101 I art     : Explicit concurrent mark sweep GC freed 1344(78KB) AllocSpace objects, 1(20KB) LOS objects, 22% free, 53MB/69MB, paused 1.144ms total 24.613ms
08-05 01:31:11.245 14012 14101 I art     : Starting a blocking GC Explicit
08-05 01:31:11.271 14012 14101 I art     : Explicit concurrent mark sweep GC freed 3401(230KB) AllocSpace objects, 0(0B) LOS objects, 22% free, 53MB/69MB, paused 930us total 26.340ms
08-05 01:31:11.281 14012 14101 I art     : Starting a blocking GC Explicit
08-05 01:31:11.303 14012 14101 I art     : Explicit concurrent mark sweep GC freed 462(59KB) AllocSpace objects, 0(0B) LOS objects, 22% free, 53MB/69MB, paused 505us total 21.247ms
08-05 01:31:11.311 14012 14101 I art     : Starting a blocking GC Explicit
08-05 01:31:11.318 14012 14012 I NAPPA_EXPERIMENTATION: MetricNetworkRequestExecutionTime: REQUEST_DURATION_SYSTEM='55',REQUEST_DURATION_OKHTTP='37',REQUEST_SYNCHRONOUS='FALSE',RESPONSE_CODE='200',RESPONSE_METHOD='GET',RESPONSE_LENGTH_OKHTTP='979',RESPONSE_LENGTH_HEADER='-2',REQUEST_PROTOCOL='http/1.1',REQUEST_URL='https://api-hillfair-2k16.herokuapp.com/api/app/club/PR%20Club',
08-05 01:31:11.323 13866 13866 I GoogleInputMethodServic: GoogleInputMethodService.onFinishInput():3138 
08-05 01:31:11.324   918   936 I ActivityManager: Displayed baseline.appteam.nith.hillffair/.activities.ClubActivity: +88ms
08-05 01:31:11.324 13866 13866 I GoogleInputMethodServic: GoogleInputMethodService.onStartInput():1808 
08-05 01:31:11.336 14012 14101 I art     : Explicit concurrent mark sweep GC freed 758(54KB) AllocSpace objects, 0(0B) LOS objects, 22% free, 54MB/70MB, paused 697us total 24.242ms
08-05 01:31:11.345 14012 14101 I art     : Starting a blocking GC Explicit
08-05 01:31:11.368 14012 14101 I art     : Explicit concurrent mark sweep GC freed 73(2560B) AllocSpace objects, 0(0B) LOS objects, 22% free, 54MB/70MB, paused 589us total 23.230ms
08-05 01:31:11.568   380   380 W SurfaceFlinger: couldn't log to binary event log: overflow.
08-05 01:31:11.632 14012 15015 I art     : Starting a blocking GC Explicit
08-05 01:31:11.655 14012 15015 I art     : Explicit concurrent mark sweep GC freed 1347(78KB) AllocSpace objects, 1(20KB) LOS objects, 22% free, 54MB/70MB, paused 504us total 22.574ms
08-05 01:31:11.664 14012 15015 I art     : Starting a blocking GC Explicit
08-05 01:31:11.688 14012 15015 I art     : Explicit concurrent mark sweep GC freed 20(704B) AllocSpace objects, 0(0B) LOS objects, 22% free, 54MB/70MB, paused 521us total 23.383ms
08-05 01:31:11.697 14012 15015 I art     : Starting a blocking GC Explicit
08-05 01:31:11.723 14012 15015 I art     : Explicit concurrent mark sweep GC freed 102(5KB) AllocSpace objects, 0(0B) LOS objects, 22% free, 54MB/70MB, paused 874us total 25.250ms
08-05 01:31:11.732 14012 15015 I art     : Starting a blocking GC Explicit
08-05 01:31:11.754 14012 15015 I art     : Explicit concurrent mark sweep GC freed 4(128B) AllocSpace objects, 0(0B) LOS objects, 22% free, 54MB/70MB, paused 492us total 22.057ms
08-05 01:31:11.763 14012 15015 I art     : Starting a blocking GC Explicit
08-05 01:31:11.785 14012 15015 I art     : Explicit concurrent mark sweep GC freed 19(656B) AllocSpace objects, 0(0B) LOS objects, 22% free, 54MB/70MB, paused 487us total 22.261ms
08-05 01:31:12.083 14012 14024 I art     : Starting a blocking GC Explicit
08-05 01:31:12.115 14012 14024 I art     : Explicit concurrent mark sweep GC freed 1344(78KB) AllocSpace objects, 1(20KB) LOS objects, 22% free, 54MB/70MB, paused 718us total 32.110ms
08-05 01:31:12.128 14012 14024 I art     : Starting a blocking GC Explicit
08-05 01:31:12.153 14012 14024 I art     : Explicit concurrent mark sweep GC freed 20(704B) AllocSpace objects, 0(0B) LOS objects, 22% free, 54MB/70MB, paused 535us total 24.882ms
08-05 01:31:12.162 14012 14024 I art     : Starting a blocking GC Explicit
08-05 01:31:12.187 14012 14024 I art     : Explicit concurrent mark sweep GC freed 3(96B) AllocSpace objects, 0(0B) LOS objects, 22% free, 54MB/70MB, paused 589us total 25.215ms
08-05 01:31:12.197 14012 14024 I art     : Starting a blocking GC Explicit
08-05 01:31:12.222 14012 14024 I art     : Explicit concurrent mark sweep GC freed 3(96B) AllocSpace objects, 0(0B) LOS objects, 22% free, 54MB/70MB, paused 554us total 25.116ms
08-05 01:31:12.231 14012 14024 I art     : Starting a blocking GC Explicit
08-05 01:31:12.257 14012 14024 I art     : Explicit concurrent mark sweep GC freed 3(96B) AllocSpace objects, 0(0B) LOS objects, 22% free, 54MB/70MB, paused 646us total 25.240ms
08-05 01:31:12.575 14012 14101 I art     : Starting a blocking GC Explicit
08-05 01:31:12.612 14012 14101 I art     : Explicit concurrent mark sweep GC freed 1344(78KB) AllocSpace objects, 1(20KB) LOS objects, 22% free, 54MB/70MB, paused 685us total 37.112ms
08-05 01:31:12.613 14012 14022 I art     : WaitForGcToComplete blocked for 36.698ms for cause HeapTrim
08-05 01:31:12.627 14012 14101 I art     : Starting a blocking GC Explicit
08-05 01:31:12.652 14012 14101 I art     : Explicit concurrent mark sweep GC freed 20(704B) AllocSpace objects, 0(0B) LOS objects, 22% free, 54MB/70MB, paused 557us total 24.634ms
08-05 01:31:12.661 14012 14101 I art     : Starting a blocking GC Explicit
08-05 01:31:12.687 14012 14101 I art     : Explicit concurrent mark sweep GC freed 3(96B) AllocSpace objects, 0(0B) LOS objects, 22% free, 54MB/70MB, paused 633us total 25.709ms
08-05 01:31:12.697 14012 14101 I art     : Starting a blocking GC Explicit
08-05 01:31:12.722 14012 14101 I art     : Explicit concurrent mark sweep GC freed 3(96B) AllocSpace objects, 0(0B) LOS objects, 22% free, 54MB/70MB, paused 549us total 25.201ms
08-05 01:31:12.731 14012 14101 I art     : Starting a blocking GC Explicit
08-05 01:31:12.757 14012 14101 I art     : Explicit concurrent mark sweep GC freed 3(96B) AllocSpace objects, 0(0B) LOS objects, 22% free, 54MB/70MB, paused 567us total 25.744ms
08-05 01:31:12.917   518   646 I ThermalEngine: ACTION: GPU - Setting GPU[0] to 450000000
08-05 01:31:13.075 14012 14102 I art     : Starting a blocking GC Explicit
08-05 01:31:13.113 14012 14102 I art     : Explicit concurrent mark sweep GC freed 1344(78KB) AllocSpace objects, 1(20KB) LOS objects, 22% free, 54MB/70MB, paused 770us total 38.145ms
08-05 01:31:13.129 14012 14102 I art     : Starting a blocking GC Explicit
08-05 01:31:13.169 14012 14102 I art     : Explicit concurrent mark sweep GC freed 20(704B) AllocSpace objects, 0(0B) LOS objects, 22% free, 54MB/70MB, paused 799us total 39.538ms
08-05 01:31:13.184 14012 14102 I art     : Starting a blocking GC Explicit
08-05 01:31:13.221 14012 14102 I art     : Explicit concurrent mark sweep GC freed 3(96B) AllocSpace objects, 0(0B) LOS objects, 22% free, 54MB/70MB, paused 812us total 36.797ms
08-05 01:31:13.233 14012 14102 I art     : Starting a blocking GC Explicit
08-05 01:31:13.269 14012 14102 I art     : Explicit concurrent mark sweep GC freed 3(96B) AllocSpace objects, 0(0B) LOS objects, 22% free, 54MB/70MB, paused 757us total 35.114ms
08-05 01:31:13.281 14012 14102 I art     : Starting a blocking GC Explicit
08-05 01:31:13.314 14012 14102 I art     : Explicit concurrent mark sweep GC freed 3(96B) AllocSpace objects, 0(0B) LOS objects, 22% free, 54MB/70MB, paused 737us total 32.951ms
08-05 01:31:13.677 14012 14025 I art     : Starting a blocking GC Explicit
08-05 01:31:13.721 14012 14025 I art     : Explicit concurrent mark sweep GC freed 1344(78KB) AllocSpace objects, 1(20KB) LOS objects, 22% free, 54MB/70MB, paused 832us total 43.355ms
08-05 01:31:13.740 14012 14025 I art     : Starting a blocking GC Explicit
08-05 01:31:13.780 14012 14025 I art     : Explicit concurrent mark sweep GC freed 20(704B) AllocSpace objects, 0(0B) LOS objects, 22% free, 54MB/70MB, paused 773us total 39.641ms
08-05 01:31:13.795 14012 14025 I art     : Starting a blocking GC Explicit
08-05 01:31:13.829 14012 14025 I art     : Explicit concurrent mark sweep GC freed 3(96B) AllocSpace objects, 0(0B) LOS objects, 22% free, 54MB/70MB, paused 717us total 34.074ms
08-05 01:31:13.841 14012 14025 I art     : Starting a blocking GC Explicit
08-05 01:31:13.876 14012 14025 I art     : Explicit concurrent mark sweep GC freed 3(96B) AllocSpace objects, 0(0B) LOS objects, 22% free, 54MB/70MB, paused 776us total 34.847ms
08-05 01:31:13.889 14012 14025 I art     : Starting a blocking GC Explicit
08-05 01:31:13.917   518   646 I ThermalEngine: ACTION: GPU - Setting GPU[0] to 510000000
08-05 01:31:13.922 14012 14025 I art     : Explicit concurrent mark sweep GC freed 3(96B) AllocSpace objects, 0(0B) LOS objects, 22% free, 54MB/70MB, paused 729us total 33.488ms
08-05 01:31:14.244 14012 15015 I art     : Starting a blocking GC Explicit
08-05 01:31:14.276 14012 15015 I art     : Explicit concurrent mark sweep GC freed 1344(78KB) AllocSpace objects, 1(20KB) LOS objects, 22% free, 54MB/70MB, paused 591us total 31.718ms
08-05 01:31:14.289 14012 15015 I art     : Starting a blocking GC Explicit
08-05 01:31:14.314 14012 15015 I art     : Explicit concurrent mark sweep GC freed 20(704B) AllocSpace objects, 0(0B) LOS objects, 22% free, 54MB/70MB, paused 521us total 24.749ms
08-05 01:31:14.323 14012 15015 I art     : Starting a blocking GC Explicit
08-05 01:31:14.349 14012 15015 I art     : Explicit concurrent mark sweep GC freed 3(96B) AllocSpace objects, 0(0B) LOS objects, 22% free, 54MB/70MB, paused 552us total 25.234ms
08-05 01:31:14.358 14012 15015 I art     : Starting a blocking GC Explicit
08-05 01:31:14.383 14012 15015 I art     : Explicit concurrent mark sweep GC freed 3(96B) AllocSpace objects, 0(0B) LOS objects, 22% free, 54MB/70MB, paused 550us total 25.255ms
08-05 01:31:14.393 14012 15015 I art     : Starting a blocking GC Explicit
08-05 01:31:14.418 14012 15015 I art     : Explicit concurrent mark sweep GC freed 3(96B) AllocSpace objects, 0(0B) LOS objects, 22% free, 54MB/70MB, paused 525us total 25.578ms
08-05 01:31:14.717 14012 14024 I art     : Starting a blocking GC Explicit
08-05 01:31:14.751 14012 14024 I art     : Explicit concurrent mark sweep GC freed 1344(78KB) AllocSpace objects, 1(20KB) LOS objects, 22% free, 54MB/70MB, paused 511us total 33.034ms
08-05 01:31:14.760 14012 14024 I art     : Starting a blocking GC Explicit
08-05 01:31:14.786 14012 14024 I art     : Explicit concurrent mark sweep GC freed 20(704B) AllocSpace objects, 0(0B) LOS objects, 22% free, 54MB/70MB, paused 523us total 25.612ms
08-05 01:31:14.795 14012 14024 I art     : Starting a blocking GC Explicit
08-05 01:31:14.821 14012 14024 I art     : Explicit concurrent mark sweep GC freed 3(96B) AllocSpace objects, 0(0B) LOS objects, 22% free, 54MB/70MB, paused 544us total 25.453ms
08-05 01:31:14.830 14012 14024 I art     : Starting a blocking GC Explicit
08-05 01:31:14.856 14012 14024 I art     : Explicit concurrent mark sweep GC freed 3(96B) AllocSpace objects, 0(0B) LOS objects, 22% free, 54MB/70MB, paused 552us total 24.985ms
08-05 01:31:14.865 14012 14024 I art     : Starting a blocking GC Explicit
08-05 01:31:14.890 14012 14024 I art     : Explicit concurrent mark sweep GC freed 3(96B) AllocSpace objects, 0(0B) LOS objects, 22% free, 54MB/70MB, paused 544us total 25.406ms
08-05 01:31:15.192 14012 14101 I art     : Starting a blocking GC Explicit
08-05 01:31:15.225 14012 14101 I art     : Explicit concurrent mark sweep GC freed 1344(78KB) AllocSpace objects, 1(20KB) LOS objects, 22% free, 54MB/70MB, paused 604us total 31.914ms
08-05 01:31:15.239 14012 14101 I art     : Starting a blocking GC Explicit
08-05 01:31:15.264 14012 14101 I art     : Explicit concurrent mark sweep GC freed 20(704B) AllocSpace objects, 0(0B) LOS objects, 22% free, 54MB/70MB, paused 546us total 24.685ms
08-05 01:31:15.273 14012 14101 I art     : Starting a blocking GC Explicit
08-05 01:31:15.298 14012 14101 I art     : Explicit concurrent mark sweep GC freed 3(96B) AllocSpace objects, 0(0B) LOS objects, 22% free, 54MB/70MB, paused 558us total 24.551ms
08-05 01:31:15.307 14012 14101 I art     : Starting a blocking GC Explicit
08-05 01:31:15.333 14012 14101 I art     : Explicit concurrent mark sweep GC freed 3(96B) AllocSpace objects, 0(0B) LOS objects, 22% free, 54MB/70MB, paused 632us total 25.613ms
08-05 01:31:15.342 14012 14101 I art     : Starting a blocking GC Explicit
08-05 01:31:15.368 14012 14101 I art     : Explicit concurrent mark sweep GC freed 3(96B) AllocSpace objects, 0(0B) LOS objects, 22% free, 54MB/70MB, paused 561us total 25.739ms
08-05 01:31:15.653 14012 14102 I art     : Starting a blocking GC Explicit
08-05 01:31:15.679 14012 14102 I art     : Explicit concurrent mark sweep GC freed 1344(78KB) AllocSpace objects, 1(20KB) LOS objects, 22% free, 54MB/70MB, paused 568us total 25.549ms
08-05 01:31:15.688 14012 14102 I art     : Starting a blocking GC Explicit
08-05 01:31:15.712 14012 14102 I art     : Explicit concurrent mark sweep GC freed 20(704B) AllocSpace objects, 0(0B) LOS objects, 22% free, 54MB/70MB, paused 562us total 24.371ms
08-05 01:31:15.722 14012 14102 I art     : Starting a blocking GC Explicit
08-05 01:31:15.746 14012 14102 I art     : Explicit concurrent mark sweep GC freed 3(96B) AllocSpace objects, 0(0B) LOS objects, 22% free, 54MB/70MB, paused 546us total 24.311ms
08-05 01:31:15.755 14012 14102 I art     : Starting a blocking GC Explicit
08-05 01:31:15.779 14012 14102 I art     : Explicit concurrent mark sweep GC freed 3(96B) AllocSpace objects, 0(0B) LOS objects, 22% free, 54MB/70MB, paused 558us total 23.514ms
08-05 01:31:15.788 14012 14102 I art     : Starting a blocking GC Explicit
08-05 01:31:15.812 14012 14102 I art     : Explicit concurrent mark sweep GC freed 3(96B) AllocSpace objects, 0(0B) LOS objects, 22% free, 54MB/70MB, paused 543us total 24.078ms
08-05 01:31:15.948 17955 17955 D AndroidRuntime: >>>>>> START com.android.internal.os.RuntimeInit uid 2000 <<<<<<
08-05 01:31:15.955 17955 17955 D AndroidRuntime: CheckJNI is OFF
08-05 01:31:15.990 17955 17955 D ICU     : No timezone override file found: /data/misc/zoneinfo/current/icu/icu_tzdata.dat
08-05 01:31:16.022 17955 17955 I Radio-JNI: register_android_hardware_Radio DONE
08-05 01:31:16.044 17955 17955 D AndroidRuntime: Calling main entry com.android.commands.input.Input
08-05 01:31:16.046 17955 17955 I Input   : injectKeyEvent: KeyEvent { action=ACTION_DOWN, keyCode=KEYCODE_BACK, scanCode=0, metaState=0, flags=0x0, repeatCount=0, eventTime=754292459, downTime=754292459, deviceId=-1, source=0x101 }
08-05 01:31:16.051 17955 17955 I Input   : injectKeyEvent: KeyEvent { action=ACTION_UP, keyCode=KEYCODE_BACK, scanCode=0, metaState=0, flags=0x0, repeatCount=0, eventTime=754292459, downTime=754292459, deviceId=-1, source=0x101 }
08-05 01:31:16.059 17955 17955 D AndroidRuntime: Shutting down VM
08-05 01:31:16.095 13866 13866 I GoogleInputMethodServic: GoogleInputMethodService.onFinishInput():3138 
08-05 01:31:16.096 13866 13866 I GoogleInputMethodServic: GoogleInputMethodService.onStartInput():1808 
08-05 01:31:16.102 14012 14102 I art     : Starting a blocking GC Explicit
08-05 01:31:16.126 14012 14102 I art     : Explicit concurrent mark sweep GC freed 1525(85KB) AllocSpace objects, 1(20KB) LOS objects, 22% free, 54MB/70MB, paused 643us total 23.722ms
08-05 01:31:16.134 14012 14102 I art     : Starting a blocking GC Explicit
08-05 01:31:16.157 14012 14102 I art     : Explicit concurrent mark sweep GC freed 26(944B) AllocSpace objects, 0(0B) LOS objects, 22% free, 54MB/70MB, paused 534us total 22.886ms
08-05 01:31:16.166 14012 14102 I art     : Starting a blocking GC Explicit
08-05 01:31:16.188 14012 14102 I art     : Explicit concurrent mark sweep GC freed 4(144B) AllocSpace objects, 0(0B) LOS objects, 22% free, 54MB/70MB, paused 536us total 21.157ms
08-05 01:31:16.196 14012 14102 I art     : Starting a blocking GC Explicit
08-05 01:31:16.218 14012 14102 I art     : Explicit concurrent mark sweep GC freed 3(96B) AllocSpace objects, 0(0B) LOS objects, 22% free, 54MB/70MB, paused 610us total 21.264ms
08-05 01:31:16.226 14012 14102 I art     : Starting a blocking GC Explicit
08-05 01:31:16.250 14012 14102 I art     : Explicit concurrent mark sweep GC freed 3(96B) AllocSpace objects, 0(0B) LOS objects, 22% free, 54MB/70MB, paused 492us total 23.902ms
08-05 01:31:16.406   380   380 W SurfaceFlinger: couldn't log to binary event log: overflow.
08-05 01:31:16.514 14012 15015 I art     : Starting a blocking GC Explicit
08-05 01:31:16.539 14012 15015 I art     : Explicit concurrent mark sweep GC freed 1453(86KB) AllocSpace objects, 1(20KB) LOS objects, 22% free, 54MB/70MB, paused 550us total 25.070ms
08-05 01:31:16.548 14012 15015 I art     : Starting a blocking GC Explicit
08-05 01:31:16.571 14012 15015 I art     : Explicit concurrent mark sweep GC freed 1695(108KB) AllocSpace objects, 3(184KB) LOS objects, 22% free, 53MB/69MB, paused 551us total 23.004ms
08-05 01:31:16.580 14012 15015 I art     : Starting a blocking GC Explicit
08-05 01:31:16.604 14012 15015 I art     : Explicit concurrent mark sweep GC freed 3(96B) AllocSpace objects, 0(0B) LOS objects, 22% free, 53MB/69MB, paused 530us total 23.191ms
08-05 01:31:16.612 14012 15015 I art     : Starting a blocking GC Explicit
08-05 01:31:16.637 14012 15015 I art     : Explicit concurrent mark sweep GC freed 3(96B) AllocSpace objects, 0(0B) LOS objects, 22% free, 53MB/69MB, paused 680us total 24.409ms
08-05 01:31:16.646 14012 15015 I art     : Starting a blocking GC Explicit
08-05 01:31:16.671 14012 15015 I art     : Explicit concurrent mark sweep GC freed 3(96B) AllocSpace objects, 0(0B) LOS objects, 22% free, 53MB/69MB, paused 535us total 24.396ms
08-05 01:31:16.962 14012 14102 I art     : Starting a blocking GC Explicit
08-05 01:31:16.993 14012 14102 I art     : Explicit concurrent mark sweep GC freed 1344(78KB) AllocSpace objects, 1(20KB) LOS objects, 22% free, 53MB/69MB, paused 589us total 30.793ms
08-05 01:31:17.006 14012 14102 I art     : Starting a blocking GC Explicit
08-05 01:31:17.032 14012 14102 I art     : Explicit concurrent mark sweep GC freed 20(704B) AllocSpace objects, 0(0B) LOS objects, 22% free, 53MB/69MB, paused 546us total 25.921ms
08-05 01:31:17.041 14012 14102 I art     : Starting a blocking GC Explicit
08-05 01:31:17.065 14012 14102 I art     : Explicit concurrent mark sweep GC freed 3(96B) AllocSpace objects, 0(0B) LOS objects, 22% free, 53MB/69MB, paused 533us total 24.243ms
08-05 01:31:17.075 14012 14102 I art     : Starting a blocking GC Explicit
08-05 01:31:17.100 14012 14102 I art     : Explicit concurrent mark sweep GC freed 3(96B) AllocSpace objects, 0(0B) LOS objects, 22% free, 53MB/69MB, paused 552us total 24.973ms
08-05 01:31:17.109 14012 14102 I art     : Starting a blocking GC Explicit
08-05 01:31:17.134 14012 14102 I art     : Explicit concurrent mark sweep GC freed 3(96B) AllocSpace objects, 0(0B) LOS objects, 22% free, 53MB/69MB, paused 550us total 24.492ms
08-05 01:31:17.407 14012 14101 I art     : Starting a blocking GC Explicit
08-05 01:31:17.432 14012 14101 I art     : Explicit concurrent mark sweep GC freed 1344(78KB) AllocSpace objects, 1(20KB) LOS objects, 22% free, 53MB/69MB, paused 560us total 24.744ms
08-05 01:31:17.441 14012 14101 I art     : Starting a blocking GC Explicit
08-05 01:31:17.466 14012 14101 I art     : Explicit concurrent mark sweep GC freed 20(704B) AllocSpace objects, 0(0B) LOS objects, 22% free, 53MB/69MB, paused 560us total 24.550ms
08-05 01:31:17.475 14012 14101 I art     : Starting a blocking GC Explicit
08-05 01:31:17.499 14012 14101 I art     : Explicit concurrent mark sweep GC freed 3(96B) AllocSpace objects, 0(0B) LOS objects, 22% free, 53MB/69MB, paused 569us total 23.561ms
08-05 01:31:17.508 14012 14101 I art     : Starting a blocking GC Explicit
08-05 01:31:17.531 14012 14101 I art     : Explicit concurrent mark sweep GC freed 3(96B) AllocSpace objects, 0(0B) LOS objects, 22% free, 53MB/69MB, paused 557us total 22.869ms
08-05 01:31:17.540 14012 14101 I art     : Starting a blocking GC Explicit
08-05 01:31:17.563 14012 14101 I art     : Explicit concurrent mark sweep GC freed 3(96B) AllocSpace objects, 0(0B) LOS objects, 22% free, 53MB/69MB, paused 550us total 23.076ms
08-05 01:31:17.720 18011 18011 D AndroidRuntime: >>>>>> START com.android.internal.os.RuntimeInit uid 2000 <<<<<<
08-05 01:31:17.726 18011 18011 D AndroidRuntime: CheckJNI is OFF
08-05 01:31:17.759 18011 18011 D ICU     : No timezone override file found: /data/misc/zoneinfo/current/icu/icu_tzdata.dat
08-05 01:31:17.765   918  3261 D WifiStateMachine: starting scan for "H369AA63323"WPA_PSK with 2412,5180
08-05 01:31:17.792 18011 18011 I Radio-JNI: register_android_hardware_Radio DONE
08-05 01:31:17.813 18011 18011 D AndroidRuntime: Calling main entry com.android.commands.input.Input
08-05 01:31:17.814 18011 18011 I Input   : injectKeyEvent: KeyEvent { action=ACTION_DOWN, keyCode=KEYCODE_BACK, scanCode=0, metaState=0, flags=0x0, repeatCount=0, eventTime=754294227, downTime=754294227, deviceId=-1, source=0x101 }
08-05 01:31:17.822 18011 18011 I Input   : injectKeyEvent: KeyEvent { action=ACTION_UP, keyCode=KEYCODE_BACK, scanCode=0, metaState=0, flags=0x0, repeatCount=0, eventTime=754294227, downTime=754294227, deviceId=-1, source=0x101 }
08-05 01:31:17.828 18011 18011 D AndroidRuntime: Shutting down VM
08-05 01:31:17.870 13866 13866 I GoogleInputMethodServic: GoogleInputMethodService.onFinishInput():3138 
08-05 01:31:17.870 13866 13866 I GoogleInputMethodServic: GoogleInputMethodService.onStartInput():1808 
08-05 01:31:17.876 14012 14101 I art     : Starting a blocking GC Explicit
08-05 01:31:17.899 14012 14101 I art     : Explicit concurrent mark sweep GC freed 1571(88KB) AllocSpace objects, 1(20KB) LOS objects, 22% free, 53MB/69MB, paused 548us total 23.572ms
08-05 01:31:17.908 14012 14101 I art     : Starting a blocking GC Explicit
08-05 01:31:17.929 14012 14101 I art     : Explicit concurrent mark sweep GC freed 43(1504B) AllocSpace objects, 0(0B) LOS objects, 22% free, 53MB/69MB, paused 487us total 20.497ms
08-05 01:31:17.937 14012 14101 I art     : Starting a blocking GC Explicit
08-05 01:31:17.958 14012 14101 I art     : Explicit concurrent mark sweep GC freed 3(96B) AllocSpace objects, 0(0B) LOS objects, 22% free, 53MB/69MB, paused 509us total 20.647ms
08-05 01:31:17.967 14012 14101 I art     : Starting a blocking GC Explicit
08-05 01:31:17.987 14012 14101 I art     : Explicit concurrent mark sweep GC freed 3(96B) AllocSpace objects, 0(0B) LOS objects, 22% free, 53MB/69MB, paused 534us total 20.401ms
08-05 01:31:17.995 14012 14101 I art     : Starting a blocking GC Explicit
08-05 01:31:18.020 14012 14101 I art     : Explicit concurrent mark sweep GC freed 3(96B) AllocSpace objects, 0(0B) LOS objects, 22% free, 53MB/69MB, paused 541us total 24.278ms
08-05 01:31:18.279 14012 14101 I art     : Starting a blocking GC Explicit
08-05 01:31:18.304 14012 14101 I art     : Explicit concurrent mark sweep GC freed 2977(154KB) AllocSpace objects, 1(20KB) LOS objects, 22% free, 53MB/69MB, paused 546us total 24.327ms
08-05 01:31:18.313 14012 14101 I art     : Starting a blocking GC Explicit
08-05 01:31:18.336 14012 14101 I art     : Explicit concurrent mark sweep GC freed 2858(180KB) AllocSpace objects, 2(140KB) LOS objects, 23% free, 53MB/69MB, paused 542us total 22.943ms
08-05 01:31:18.345 14012 14101 I art     : Starting a blocking GC Explicit
08-05 01:31:18.368 14012 14101 I art     : Explicit concurrent mark sweep GC freed 3(96B) AllocSpace objects, 0(0B) LOS objects, 23% free, 53MB/69MB, paused 556us total 22.980ms
08-05 01:31:18.377 14012 14101 I art     : Starting a blocking GC Explicit
08-05 01:31:18.400 14012 14101 I art     : Explicit concurrent mark sweep GC freed 3(96B) AllocSpace objects, 0(0B) LOS objects, 23% free, 53MB/69MB, paused 545us total 22.702ms
08-05 01:31:18.409 14012 14101 I art     : Starting a blocking GC Explicit
08-05 01:31:18.432 14012 14101 I art     : Explicit concurrent mark sweep GC freed 3(96B) AllocSpace objects, 0(0B) LOS objects, 23% free, 53MB/69MB, paused 546us total 22.972ms
08-05 01:31:18.723 14012 14025 I art     : Starting a blocking GC Explicit
08-05 01:31:18.752 14012 14025 I art     : Explicit concurrent mark sweep GC freed 1344(78KB) AllocSpace objects, 1(20KB) LOS objects, 23% free, 53MB/69MB, paused 608us total 29.170ms
08-05 01:31:18.765 14012 14025 I art     : Starting a blocking GC Explicit
08-05 01:31:18.789 14012 14025 I art     : Explicit concurrent mark sweep GC freed 20(704B) AllocSpace objects, 0(0B) LOS objects, 23% free, 53MB/69MB, paused 550us total 23.733ms
08-05 01:31:18.798 14012 14025 I art     : Starting a blocking GC Explicit
08-05 01:31:18.821 14012 14025 I art     : Explicit concurrent mark sweep GC freed 3(96B) AllocSpace objects, 0(0B) LOS objects, 23% free, 53MB/69MB, paused 636us total 23.279ms
08-05 01:31:18.831 14012 14025 I art     : Starting a blocking GC Explicit
08-05 01:31:18.854 14012 14025 I art     : Explicit concurrent mark sweep GC freed 3(96B) AllocSpace objects, 0(0B) LOS objects, 23% free, 53MB/69MB, paused 547us total 23.112ms
08-05 01:31:18.863 14012 14025 I art     : Starting a blocking GC Explicit
08-05 01:31:18.886 14012 14025 I art     : Explicit concurrent mark sweep GC freed 3(96B) AllocSpace objects, 0(0B) LOS objects, 23% free, 53MB/69MB, paused 544us total 22.314ms
08-05 01:31:19.160 14012 14024 I art     : Starting a blocking GC Explicit
08-05 01:31:19.183 14012 14024 I art     : Explicit concurrent mark sweep GC freed 1341(78KB) AllocSpace objects, 1(20KB) LOS objects, 23% free, 53MB/69MB, paused 608us total 22.812ms
08-05 01:31:19.192 14012 14024 I art     : Starting a blocking GC Explicit
08-05 01:31:19.214 14012 14024 I art     : Explicit concurrent mark sweep GC freed 20(704B) AllocSpace objects, 0(0B) LOS objects, 23% free, 53MB/69MB, paused 541us total 21.946ms
08-05 01:31:19.223 14012 14024 I art     : Starting a blocking GC Explicit
08-05 01:31:19.245 14012 14024 I art     : Explicit concurrent mark sweep GC freed 3(96B) AllocSpace objects, 0(0B) LOS objects, 23% free, 53MB/69MB, paused 629us total 22.259ms
08-05 01:31:19.254 14012 14024 I art     : Starting a blocking GC Explicit
08-05 01:31:19.276 14012 14024 I art     : Explicit concurrent mark sweep GC freed 3(96B) AllocSpace objects, 0(0B) LOS objects, 23% free, 53MB/69MB, paused 526us total 22.080ms
08-05 01:31:19.286 14012 14024 I art     : Starting a blocking GC Explicit
08-05 01:31:19.307 14012 14024 I art     : Explicit concurrent mark sweep GC freed 3(96B) AllocSpace objects, 0(0B) LOS objects, 23% free, 53MB/69MB, paused 566us total 21.490ms
08-05 01:31:19.493 18074 18074 D AndroidRuntime: >>>>>> START com.android.internal.os.RuntimeInit uid 2000 <<<<<<
08-05 01:31:19.498 18074 18074 D AndroidRuntime: CheckJNI is OFF
08-05 01:31:19.530 18074 18074 D ICU     : No timezone override file found: /data/misc/zoneinfo/current/icu/icu_tzdata.dat
08-05 01:31:19.563 18074 18074 I Radio-JNI: register_android_hardware_Radio DONE
08-05 01:31:19.583 14012 15015 I art     : Starting a blocking GC Explicit
08-05 01:31:19.585 18074 18074 D AndroidRuntime: Calling main entry com.android.commands.input.Input
08-05 01:31:19.587 18074 18074 I Input   : injectMotionEvent: MotionEvent { action=ACTION_DOWN, actionButton=0, id[0]=0, x[0]=1084.0, y[0]=2213.0, toolType[0]=TOOL_TYPE_UNKNOWN, buttonState=0, metaState=0, flags=0x0, edgeFlags=0x0, pointerCount=1, historySize=0, eventTime=754296000, downTime=754296000, deviceId=0, source=0x1002 }
08-05 01:31:19.592 18074 18074 I Input   : injectMotionEvent: MotionEvent { action=ACTION_UP, actionButton=0, id[0]=0, x[0]=1084.0, y[0]=2213.0, toolType[0]=TOOL_TYPE_UNKNOWN, buttonState=0, metaState=0, flags=0x0, edgeFlags=0x0, pointerCount=1, historySize=0, eventTime=754296000, downTime=754296000, deviceId=0, source=0x1002 }
08-05 01:31:19.594   918  3696 I ActivityManager: START u0 {cmp=baseline.appteam.nith.hillffair/.activities.EventActivity} from uid 10675 on display 0
08-05 01:31:19.602 18074 18074 D AndroidRuntime: Shutting down VM
08-05 01:31:19.607 14012 15015 I art     : Explicit concurrent mark sweep GC freed 1360(78KB) AllocSpace objects, 1(20KB) LOS objects, 23% free, 53MB/69MB, paused 1.125ms total 23.097ms
08-05 01:31:19.616 14012 15015 I art     : Starting a blocking GC Explicit
08-05 01:31:19.643 14012 15015 I art     : Explicit concurrent mark sweep GC freed 4873(303KB) AllocSpace objects, 0(0B) LOS objects, 22% free, 53MB/69MB, paused 931us total 26.122ms
08-05 01:31:19.652 14012 15015 I art     : Starting a blocking GC Explicit
08-05 01:31:19.672 14012 15015 I art     : Explicit concurrent mark sweep GC freed 485(59KB) AllocSpace objects, 0(0B) LOS objects, 23% free, 53MB/69MB, paused 507us total 19.514ms
08-05 01:31:19.676 14012 14012 I NAPPA_EXPERIMENTATION: MetricNetworkRequestExecutionTime: REQUEST_DURATION_SYSTEM='44',REQUEST_DURATION_OKHTTP='38',REQUEST_SYNCHRONOUS='FALSE',RESPONSE_CODE='200',RESPONSE_METHOD='GET',RESPONSE_LENGTH_OKHTTP='1870',RESPONSE_LENGTH_HEADER='-2',REQUEST_PROTOCOL='http/1.1',REQUEST_URL='https://api-hillfair-2k16.herokuapp.com/api/app/club',
08-05 01:31:19.679 13866 13866 I GoogleInputMethodServic: GoogleInputMethodService.onFinishInput():3138 
08-05 01:31:19.680 13866 13866 I GoogleInputMethodServic: GoogleInputMethodService.onStartInput():1808 
08-05 01:31:19.680 14012 15015 I art     : Starting a blocking GC Explicit
08-05 01:31:19.701 14012 15015 I art     : Explicit concurrent mark sweep GC freed 874(55KB) AllocSpace objects, 0(0B) LOS objects, 22% free, 53MB/69MB, paused 537us total 21.471ms
08-05 01:31:19.710 14012 15015 I art     : Starting a blocking GC Explicit
08-05 01:31:19.714   918   936 I ActivityManager: Displayed baseline.appteam.nith.hillffair/.activities.EventActivity: +113ms
08-05 01:31:19.733 14012 15015 I art     : Explicit concurrent mark sweep GC freed 272(9KB) AllocSpace objects, 0(0B) LOS objects, 22% free, 53MB/69MB, paused 587us total 22.830ms
08-05 01:31:19.974   380   380 W SurfaceFlinger: couldn't log to binary event log: overflow.
08-05 01:31:20.034 14012 14102 I art     : Starting a blocking GC Explicit
08-05 01:31:20.055 14012 14102 I art     : Explicit concurrent mark sweep GC freed 1346(78KB) AllocSpace objects, 1(20KB) LOS objects, 22% free, 53MB/69MB, paused 501us total 20.987ms
08-05 01:31:20.063 14012 14102 I art     : Starting a blocking GC Explicit
08-05 01:31:20.085 14012 14102 I art     : Explicit concurrent mark sweep GC freed 90(5KB) AllocSpace objects, 0(0B) LOS objects, 22% free, 53MB/69MB, paused 505us total 21.977ms
08-05 01:31:20.094 14012 14102 I art     : Starting a blocking GC Explicit
08-05 01:31:20.116 14012 14102 I art     : Explicit concurrent mark sweep GC freed 3(96B) AllocSpace objects, 0(0B) LOS objects, 22% free, 53MB/69MB, paused 496us total 21.442ms
08-05 01:31:20.125 14012 14102 I art     : Starting a blocking GC Explicit
08-05 01:31:20.148 14012 14102 I art     : Explicit concurrent mark sweep GC freed 3(96B) AllocSpace objects, 0(0B) LOS objects, 22% free, 53MB/69MB, paused 609us total 22.783ms
08-05 01:31:20.157 14012 14102 I art     : Starting a blocking GC Explicit
08-05 01:31:20.181 14012 14102 I art     : Explicit concurrent mark sweep GC freed 3(96B) AllocSpace objects, 0(0B) LOS objects, 22% free, 53MB/69MB, paused 623us total 23.755ms
08-05 01:31:20.487 14012 14101 I art     : Starting a blocking GC Explicit
08-05 01:31:20.518 14012 14101 I art     : Explicit concurrent mark sweep GC freed 1344(78KB) AllocSpace objects, 1(20KB) LOS objects, 22% free, 53MB/69MB, paused 739us total 30.816ms
08-05 01:31:20.531 14012 14101 I art     : Starting a blocking GC Explicit
08-05 01:31:20.557 14012 14101 I art     : Explicit concurrent mark sweep GC freed 20(704B) AllocSpace objects, 0(0B) LOS objects, 22% free, 53MB/69MB, paused 719us total 26.044ms
08-05 01:31:20.567 14012 14101 I art     : Starting a blocking GC Explicit
08-05 01:31:20.591 14012 14101 I art     : Explicit concurrent mark sweep GC freed 3(96B) AllocSpace objects, 0(0B) LOS objects, 22% free, 53MB/69MB, paused 564us total 24.720ms
08-05 01:31:20.601 14012 14101 I art     : Starting a blocking GC Explicit
08-05 01:31:20.625 14012 14101 I art     : Explicit concurrent mark sweep GC freed 3(96B) AllocSpace objects, 0(0B) LOS objects, 22% free, 53MB/69MB, paused 609us total 23.768ms
08-05 01:31:20.634 14012 14101 I art     : Starting a blocking GC Explicit
08-05 01:31:20.658 14012 14101 I art     : Explicit concurrent mark sweep GC freed 3(96B) AllocSpace objects, 0(0B) LOS objects, 22% free, 53MB/69MB, paused 575us total 24.082ms
08-05 01:31:20.931   518   646 I ThermalEngine: ACTION: GPU - Setting GPU[0] to 450000000
08-05 01:31:20.961 14012 14024 I art     : Starting a blocking GC Explicit
08-05 01:31:20.998 14012 14024 I art     : Explicit concurrent mark sweep GC freed 1344(78KB) AllocSpace objects, 1(20KB) LOS objects, 22% free, 53MB/69MB, paused 855us total 35.936ms
08-05 01:31:21.012 14012 14024 I art     : Starting a blocking GC Explicit
08-05 01:31:21.043 14012 14024 I art     : Explicit concurrent mark sweep GC freed 20(704B) AllocSpace objects, 0(0B) LOS objects, 22% free, 53MB/69MB, paused 736us total 30.280ms
08-05 01:31:21.054 14012 14024 I art     : Starting a blocking GC Explicit
08-05 01:31:21.084 14012 14024 I art     : Explicit concurrent mark sweep GC freed 3(96B) AllocSpace objects, 0(0B) LOS objects, 22% free, 53MB/69MB, paused 730us total 29.715ms
08-05 01:31:21.096 14012 14024 I art     : Starting a blocking GC Explicit
08-05 01:31:21.126 14012 14024 I art     : Explicit concurrent mark sweep GC freed 3(96B) AllocSpace objects, 0(0B) LOS objects, 22% free, 53MB/69MB, paused 728us total 30.098ms
08-05 01:31:21.138 14012 14024 I art     : Starting a blocking GC Explicit
08-05 01:31:21.168 14012 14024 I art     : Explicit concurrent mark sweep GC freed 3(96B) AllocSpace objects, 0(0B) LOS objects, 22% free, 53MB/69MB, paused 758us total 29.587ms
08-05 01:31:21.491 14012 14025 I art     : Starting a blocking GC Explicit
08-05 01:31:21.529 14012 14025 I art     : Explicit concurrent mark sweep GC freed 1344(78KB) AllocSpace objects, 1(20KB) LOS objects, 22% free, 53MB/69MB, paused 841us total 38.041ms
08-05 01:31:21.545 14012 14025 I art     : Starting a blocking GC Explicit
08-05 01:31:21.579 14012 14025 I art     : Explicit concurrent mark sweep GC freed 20(704B) AllocSpace objects, 0(0B) LOS objects, 22% free, 53MB/69MB, paused 769us total 32.942ms
08-05 01:31:21.590 14012 14025 I art     : Starting a blocking GC Explicit
08-05 01:31:21.623 14012 14025 I art     : Explicit concurrent mark sweep GC freed 3(96B) AllocSpace objects, 0(0B) LOS objects, 22% free, 53MB/69MB, paused 748us total 32.808ms
08-05 01:31:21.635 14012 14025 I art     : Starting a blocking GC Explicit
08-05 01:31:21.666 14012 14025 I art     : Explicit concurrent mark sweep GC freed 3(96B) AllocSpace objects, 0(0B) LOS objects, 22% free, 53MB/69MB, paused 744us total 30.141ms
08-05 01:31:21.678 14012 14025 I art     : Starting a blocking GC Explicit
08-05 01:31:21.710 14012 14025 I art     : Explicit concurrent mark sweep GC freed 3(96B) AllocSpace objects, 0(0B) LOS objects, 22% free, 53MB/69MB, paused 758us total 32.022ms
08-05 01:31:22.055 14012 15015 I art     : Starting a blocking GC Explicit
08-05 01:31:22.086 14012 15015 I art     : Explicit concurrent mark sweep GC freed 1344(78KB) AllocSpace objects, 1(20KB) LOS objects, 22% free, 53MB/69MB, paused 594us total 30.694ms
08-05 01:31:22.098 14012 15015 I art     : Starting a blocking GC Explicit
08-05 01:31:22.122 14012 15015 I art     : Explicit concurrent mark sweep GC freed 20(704B) AllocSpace objects, 0(0B) LOS objects, 22% free, 53MB/69MB, paused 550us total 24.261ms
08-05 01:31:22.132 14012 15015 I art     : Starting a blocking GC Explicit
08-05 01:31:22.156 14012 15015 I art     : Explicit concurrent mark sweep GC freed 3(96B) AllocSpace objects, 0(0B) LOS objects, 22% free, 53MB/69MB, paused 517us total 23.889ms
08-05 01:31:22.165 14012 15015 I art     : Starting a blocking GC Explicit
08-05 01:31:22.189 14012 15015 I art     : Explicit concurrent mark sweep GC freed 3(96B) AllocSpace objects, 0(0B) LOS objects, 22% free, 53MB/69MB, paused 542us total 23.590ms
08-05 01:31:22.198 14012 15015 I art     : Starting a blocking GC Explicit
08-05 01:31:22.222 14012 15015 I art     : Explicit concurrent mark sweep GC freed 3(96B) AllocSpace objects, 0(0B) LOS objects, 22% free, 53MB/69MB, paused 543us total 23.817ms
08-05 01:31:22.547 14012 14102 I art     : Starting a blocking GC Explicit
08-05 01:31:22.572 14012 14102 I art     : Explicit concurrent mark sweep GC freed 1344(78KB) AllocSpace objects, 1(20KB) LOS objects, 22% free, 53MB/69MB, paused 561us total 25.451ms
08-05 01:31:22.582 14012 14102 I art     : Starting a blocking GC Explicit
08-05 01:31:22.607 14012 14102 I art     : Explicit concurrent mark sweep GC freed 20(704B) AllocSpace objects, 0(0B) LOS objects, 22% free, 53MB/69MB, paused 553us total 24.614ms
08-05 01:31:22.616 14012 14102 I art     : Starting a blocking GC Explicit
08-05 01:31:22.640 14012 14102 I art     : Explicit concurrent mark sweep GC freed 3(96B) AllocSpace objects, 0(0B) LOS objects, 22% free, 53MB/69MB, paused 546us total 24.349ms
08-05 01:31:22.649 14012 14102 I art     : Starting a blocking GC Explicit
08-05 01:31:22.674 14012 14102 I art     : Explicit concurrent mark sweep GC freed 3(96B) AllocSpace objects, 0(0B) LOS objects, 22% free, 53MB/69MB, paused 543us total 23.943ms
08-05 01:31:22.683 14012 14102 I art     : Starting a blocking GC Explicit
08-05 01:31:22.708 14012 14102 I art     : Explicit concurrent mark sweep GC freed 3(96B) AllocSpace objects, 0(0B) LOS objects, 22% free, 53MB/69MB, paused 580us total 24.457ms
08-05 01:31:22.936   518   646 I ThermalEngine: ACTION: GPU - Setting GPU[0] to 510000000
08-05 01:31:23.026 14012 14101 I art     : Starting a blocking GC Explicit
08-05 01:31:23.056 14012 14101 I art     : Explicit concurrent mark sweep GC freed 1344(78KB) AllocSpace objects, 1(20KB) LOS objects, 22% free, 53MB/69MB, paused 596us total 30.164ms
08-05 01:31:23.068 14012 14101 I art     : Starting a blocking GC Explicit
08-05 01:31:23.093 14012 14101 I art     : Explicit concurrent mark sweep GC freed 20(704B) AllocSpace objects, 0(0B) LOS objects, 22% free, 53MB/69MB, paused 574us total 24.401ms
08-05 01:31:23.102 14012 14101 I art     : Starting a blocking GC Explicit
08-05 01:31:23.127 14012 14101 I art     : Explicit concurrent mark sweep GC freed 3(96B) AllocSpace objects, 0(0B) LOS objects, 22% free, 53MB/69MB, paused 534us total 24.370ms
08-05 01:31:23.136 14012 14101 I art     : Starting a blocking GC Explicit
08-05 01:31:23.160 14012 14101 I art     : Explicit concurrent mark sweep GC freed 3(96B) AllocSpace objects, 0(0B) LOS objects, 22% free, 53MB/69MB, paused 558us total 24.252ms
08-05 01:31:23.170 14012 14101 I art     : Starting a blocking GC Explicit
08-05 01:31:23.195 14012 14101 I art     : Explicit concurrent mark sweep GC freed 3(96B) AllocSpace objects, 0(0B) LOS objects, 22% free, 53MB/69MB, paused 555us total 24.653ms
08-05 01:31:23.536 14012 14024 I art     : Starting a blocking GC Explicit
08-05 01:31:23.569 14012 14024 I art     : Explicit concurrent mark sweep GC freed 1344(78KB) AllocSpace objects, 1(20KB) LOS objects, 22% free, 53MB/69MB, paused 682us total 32.436ms
08-05 01:31:23.583 14012 14024 I art     : Starting a blocking GC Explicit
08-05 01:31:23.608 14012 14024 I art     : Explicit concurrent mark sweep GC freed 20(704B) AllocSpace objects, 0(0B) LOS objects, 22% free, 53MB/69MB, paused 571us total 24.137ms
08-05 01:31:23.617 14012 14024 I art     : Starting a blocking GC Explicit
08-05 01:31:23.641 14012 14024 I art     : Explicit concurrent mark sweep GC freed 3(96B) AllocSpace objects, 0(0B) LOS objects, 22% free, 53MB/69MB, paused 557us total 23.704ms
08-05 01:31:23.650 14012 14024 I art     : Starting a blocking GC Explicit
08-05 01:31:23.674 14012 14024 I art     : Explicit concurrent mark sweep GC freed 3(96B) AllocSpace objects, 0(0B) LOS objects, 22% free, 53MB/69MB, paused 558us total 23.862ms
08-05 01:31:23.684 14012 14024 I art     : Starting a blocking GC Explicit
08-05 01:31:23.708 14012 14024 I art     : Explicit concurrent mark sweep GC freed 3(96B) AllocSpace objects, 0(0B) LOS objects, 22% free, 53MB/69MB, paused 553us total 24.455ms
08-05 01:31:23.997 14012 14025 I art     : Starting a blocking GC Explicit
08-05 01:31:24.021 14012 14025 I art     : Explicit concurrent mark sweep GC freed 1344(78KB) AllocSpace objects, 1(20KB) LOS objects, 22% free, 53MB/69MB, paused 573us total 24.314ms
08-05 01:31:24.030 14012 14025 I art     : Starting a blocking GC Explicit
08-05 01:31:24.053 14012 14025 I art     : Explicit concurrent mark sweep GC freed 20(704B) AllocSpace objects, 0(0B) LOS objects, 22% free, 53MB/69MB, paused 571us total 22.908ms
08-05 01:31:24.062 14012 14025 I art     : Starting a blocking GC Explicit
08-05 01:31:24.086 14012 14025 I art     : Explicit concurrent mark sweep GC freed 3(96B) AllocSpace objects, 0(0B) LOS objects, 22% free, 53MB/69MB, paused 564us total 23.160ms
08-05 01:31:24.094 14012 14025 I art     : Starting a blocking GC Explicit
08-05 01:31:24.117 14012 14025 I art     : Explicit concurrent mark sweep GC freed 3(96B) AllocSpace objects, 0(0B) LOS objects, 22% free, 53MB/69MB, paused 616us total 22.299ms
08-05 01:31:24.126 14012 14025 I art     : Starting a blocking GC Explicit
08-05 01:31:24.148 14012 14025 I art     : Explicit concurrent mark sweep GC freed 3(96B) AllocSpace objects, 0(0B) LOS objects, 22% free, 53MB/69MB, paused 558us total 22.705ms
08-05 01:31:24.295 18231 18231 D AndroidRuntime: >>>>>> START com.android.internal.os.RuntimeInit uid 2000 <<<<<<
08-05 01:31:24.301 18231 18231 D AndroidRuntime: CheckJNI is OFF
08-05 01:31:24.335 18231 18231 D ICU     : No timezone override file found: /data/misc/zoneinfo/current/icu/icu_tzdata.dat
08-05 01:31:24.367 18231 18231 I Radio-JNI: register_android_hardware_Radio DONE
08-05 01:31:24.389 18231 18231 D AndroidRuntime: Calling main entry com.android.commands.input.Input
08-05 01:31:24.391 18231 18231 I Input   : injectMotionEvent: MotionEvent { action=ACTION_DOWN, actionButton=0, id[0]=0, x[0]=255.0, y[0]=1845.0, toolType[0]=TOOL_TYPE_UNKNOWN, buttonState=0, metaState=0, flags=0x0, edgeFlags=0x0, pointerCount=1, historySize=0, eventTime=754300803, downTime=754300803, deviceId=0, source=0x1002 }
08-05 01:31:24.395 18231 18231 I Input   : injectMotionEvent: MotionEvent { action=ACTION_UP, actionButton=0, id[0]=0, x[0]=255.0, y[0]=1845.0, toolType[0]=TOOL_TYPE_UNKNOWN, buttonState=0, metaState=0, flags=0x0, edgeFlags=0x0, pointerCount=1, historySize=0, eventTime=754300803, downTime=754300803, deviceId=0, source=0x1002 }
08-05 01:31:24.397   918  5132 I ActivityManager: START u0 {cmp=baseline.appteam.nith.hillffair/.activities.ClubActivity (has extras)} from uid 10675 on display 0
08-05 01:31:24.407 18231 18231 D AndroidRuntime: Shutting down VM
08-05 01:31:24.450 14012 14024 I art     : Starting a blocking GC Explicit
08-05 01:31:24.474 14012 14024 I art     : Explicit concurrent mark sweep GC freed 5039(365KB) AllocSpace objects, 1(20KB) LOS objects, 22% free, 53MB/69MB, paused 536us total 22.842ms
08-05 01:31:24.482 14012 14024 I art     : Starting a blocking GC Explicit
08-05 01:31:24.490 14012 14012 I NAPPA_EXPERIMENTATION: MetricNetworkRequestExecutionTime: REQUEST_DURATION_SYSTEM='57',REQUEST_DURATION_OKHTTP='36',REQUEST_SYNCHRONOUS='FALSE',RESPONSE_CODE='200',RESPONSE_METHOD='GET',RESPONSE_LENGTH_OKHTTP='1171',RESPONSE_LENGTH_HEADER='-2',REQUEST_PROTOCOL='http/1.1',REQUEST_URL='https://api-hillfair-2k16.herokuapp.com/api/app/club/Technical%20Committee',
08-05 01:31:24.506 14012 14024 I art     : Explicit concurrent mark sweep GC freed 819(56KB) AllocSpace objects, 0(0B) LOS objects, 22% free, 53MB/69MB, paused 814us total 24.227ms
08-05 01:31:24.511   918   936 I ActivityManager: Displayed baseline.appteam.nith.hillffair/.activities.ClubActivity: +104ms
08-05 01:31:24.515 13866 13866 I GoogleInputMethodServic: GoogleInputMethodService.onFinishInput():3138 
08-05 01:31:24.515 14012 14024 I art     : Starting a blocking GC Explicit
08-05 01:31:24.515 13866 13866 I GoogleInputMethodServic: GoogleInputMethodService.onStartInput():1808 
08-05 01:31:24.542 14012 14024 I art     : Explicit concurrent mark sweep GC freed 85(3KB) AllocSpace objects, 0(0B) LOS objects, 22% free, 53MB/69MB, paused 595us total 26.448ms
08-05 01:31:24.552 14012 14024 I art     : Starting a blocking GC Explicit
08-05 01:31:24.575 14012 14024 I art     : Explicit concurrent mark sweep GC freed 10(416B) AllocSpace objects, 0(0B) LOS objects, 22% free, 53MB/69MB, paused 528us total 22.647ms
08-05 01:31:24.584 14012 14024 I art     : Starting a blocking GC Explicit
08-05 01:31:24.604 14012 14024 I art     : Explicit concurrent mark sweep GC freed 3(96B) AllocSpace objects, 0(0B) LOS objects, 22% free, 53MB/69MB, paused 507us total 20.576ms
08-05 01:31:24.766   380   380 W SurfaceFlinger: couldn't log to binary event log: overflow.
08-05 01:31:24.859 14012 14102 I art     : Starting a blocking GC Explicit
08-05 01:31:24.882 14012 14102 I art     : Explicit concurrent mark sweep GC freed 1344(78KB) AllocSpace objects, 1(20KB) LOS objects, 22% free, 53MB/69MB, paused 565us total 23.540ms
08-05 01:31:24.892 14012 14102 I art     : Starting a blocking GC Explicit
08-05 01:31:24.918 14012 14102 I art     : Explicit concurrent mark sweep GC freed 117(6KB) AllocSpace objects, 0(0B) LOS objects, 22% free, 53MB/69MB, paused 568us total 25.643ms
08-05 01:31:24.928 14012 14102 I art     : Starting a blocking GC Explicit
08-05 01:31:24.950 14012 14102 I art     : Explicit concurrent mark sweep GC freed 4(128B) AllocSpace objects, 0(0B) LOS objects, 22% free, 53MB/69MB, paused 527us total 21.871ms
08-05 01:31:24.959 14012 14102 I art     : Starting a blocking GC Explicit
08-05 01:31:24.981 14012 14102 I art     : Explicit concurrent mark sweep GC freed 19(656B) AllocSpace objects, 0(0B) LOS objects, 22% free, 53MB/69MB, paused 572us total 22.301ms
08-05 01:31:24.990 14012 14102 I art     : Starting a blocking GC Explicit
08-05 01:31:25.014 14012 14102 I art     : Explicit concurrent mark sweep GC freed 3(96B) AllocSpace objects, 0(0B) LOS objects, 22% free, 53MB/69MB, paused 608us total 23.401ms
08-05 01:31:25.308 14012 14101 I art     : Starting a blocking GC Explicit
08-05 01:31:25.341 14012 14101 I art     : Explicit concurrent mark sweep GC freed 1344(78KB) AllocSpace objects, 1(20KB) LOS objects, 22% free, 53MB/69MB, paused 676us total 32.208ms
08-05 01:31:25.355 14012 14101 I art     : Starting a blocking GC Explicit
08-05 01:31:25.380 14012 14101 I art     : Explicit concurrent mark sweep GC freed 20(704B) AllocSpace objects, 0(0B) LOS objects, 22% free, 53MB/69MB, paused 597us total 25.332ms
08-05 01:31:25.390 14012 14101 I art     : Starting a blocking GC Explicit
08-05 01:31:25.414 14012 14101 I art     : Explicit concurrent mark sweep GC freed 3(96B) AllocSpace objects, 0(0B) LOS objects, 22% free, 53MB/69MB, paused 523us total 24.140ms
08-05 01:31:25.423 14012 14101 I art     : Starting a blocking GC Explicit
08-05 01:31:25.449 14012 14101 I art     : Explicit concurrent mark sweep GC freed 3(96B) AllocSpace objects, 0(0B) LOS objects, 22% free, 53MB/69MB, paused 583us total 25.117ms
08-05 01:31:25.459 14012 14101 I art     : Starting a blocking GC Explicit
08-05 01:31:25.484 14012 14101 I art     : Explicit concurrent mark sweep GC freed 3(96B) AllocSpace objects, 0(0B) LOS objects, 22% free, 53MB/69MB, paused 596us total 25.576ms
08-05 01:31:25.783 14012 15015 I art     : Starting a blocking GC Explicit
08-05 01:31:25.819 14012 15015 I art     : Explicit concurrent mark sweep GC freed 1344(78KB) AllocSpace objects, 1(20KB) LOS objects, 22% free, 53MB/69MB, paused 678us total 34.756ms
08-05 01:31:25.831 14012 15015 I art     : Starting a blocking GC Explicit
08-05 01:31:25.857 14012 15015 I art     : Explicit concurrent mark sweep GC freed 20(704B) AllocSpace objects, 0(0B) LOS objects, 22% free, 53MB/69MB, paused 560us total 25.162ms
08-05 01:31:25.866 14012 15015 I art     : Starting a blocking GC Explicit
08-05 01:31:25.892 14012 15015 I art     : Explicit concurrent mark sweep GC freed 3(96B) AllocSpace objects, 0(0B) LOS objects, 22% free, 53MB/69MB, paused 573us total 25.491ms
08-05 01:31:25.901 14012 15015 I art     : Starting a blocking GC Explicit
08-05 01:31:25.927 14012 15015 I art     : Explicit concurrent mark sweep GC freed 3(96B) AllocSpace objects, 0(0B) LOS objects, 22% free, 53MB/69MB, paused 664us total 25.855ms
08-05 01:31:25.936 14012 15015 I art     : Starting a blocking GC Explicit
08-05 01:31:25.962 14012 15015 I art     : Explicit concurrent mark sweep GC freed 3(96B) AllocSpace objects, 0(0B) LOS objects, 22% free, 53MB/69MB, paused 562us total 25.159ms
08-05 01:31:26.286 14012 14025 I art     : Starting a blocking GC Explicit
08-05 01:31:26.321 14012 14025 I art     : Explicit concurrent mark sweep GC freed 1344(78KB) AllocSpace objects, 1(20KB) LOS objects, 22% free, 53MB/69MB, paused 623us total 34.685ms
08-05 01:31:26.334 14012 14025 I art     : Starting a blocking GC Explicit
08-05 01:31:26.359 14012 14025 I art     : Explicit concurrent mark sweep GC freed 20(704B) AllocSpace objects, 0(0B) LOS objects, 22% free, 53MB/69MB, paused 613us total 25.123ms
08-05 01:31:26.368 14012 14025 I art     : Starting a blocking GC Explicit
08-05 01:31:26.394 14012 14025 I art     : Explicit concurrent mark sweep GC freed 3(96B) AllocSpace objects, 0(0B) LOS objects, 22% free, 53MB/69MB, paused 589us total 25.010ms
08-05 01:31:26.403 14012 14025 I art     : Starting a blocking GC Explicit
08-05 01:31:26.428 14012 14025 I art     : Explicit concurrent mark sweep GC freed 3(96B) AllocSpace objects, 0(0B) LOS objects, 22% free, 53MB/69MB, paused 590us total 25.326ms
08-05 01:31:26.438 14012 14025 I art     : Starting a blocking GC Explicit
08-05 01:31:26.463 14012 14025 I art     : Explicit concurrent mark sweep GC freed 3(96B) AllocSpace objects, 0(0B) LOS objects, 22% free, 53MB/69MB, paused 629us total 25.110ms
08-05 01:31:26.785 14012 14024 I art     : Starting a blocking GC Explicit
08-05 01:31:26.818 14012 14024 I art     : Explicit concurrent mark sweep GC freed 1344(78KB) AllocSpace objects, 1(20KB) LOS objects, 22% free, 53MB/69MB, paused 814us total 32.709ms
08-05 01:31:26.829 14012 14024 I art     : Starting a blocking GC Explicit
08-05 01:31:26.854 14012 14024 I art     : Explicit concurrent mark sweep GC freed 20(704B) AllocSpace objects, 0(0B) LOS objects, 22% free, 53MB/69MB, paused 571us total 25ms
08-05 01:31:26.864 14012 14024 I art     : Starting a blocking GC Explicit
08-05 01:31:26.889 14012 14024 I art     : Explicit concurrent mark sweep GC freed 3(96B) AllocSpace objects, 0(0B) LOS objects, 22% free, 53MB/69MB, paused 589us total 25.146ms
08-05 01:31:26.898 14012 14024 I art     : Starting a blocking GC Explicit
08-05 01:31:26.924 14012 14024 I art     : Explicit concurrent mark sweep GC freed 3(96B) AllocSpace objects, 0(0B) LOS objects, 22% free, 53MB/69MB, paused 585us total 25.939ms
08-05 01:31:26.934 14012 14024 I art     : Starting a blocking GC Explicit
08-05 01:31:26.959 14012 14024 I art     : Explicit concurrent mark sweep GC freed 3(96B) AllocSpace objects, 0(0B) LOS objects, 22% free, 53MB/69MB, paused 563us total 25.345ms
08-05 01:31:27.287 14012 14102 I art     : Starting a blocking GC Explicit
08-05 01:31:27.325 14012 14102 I art     : Explicit concurrent mark sweep GC freed 1344(78KB) AllocSpace objects, 1(20KB) LOS objects, 22% free, 53MB/69MB, paused 632us total 37.572ms
08-05 01:31:27.338 14012 14102 I art     : Starting a blocking GC Explicit
08-05 01:31:27.364 14012 14102 I art     : Explicit concurrent mark sweep GC freed 20(704B) AllocSpace objects, 0(0B) LOS objects, 22% free, 53MB/69MB, paused 658us total 26.340ms
08-05 01:31:27.374 14012 14102 I art     : Starting a blocking GC Explicit
08-05 01:31:27.399 14012 14102 I art     : Explicit concurrent mark sweep GC freed 3(96B) AllocSpace objects, 0(0B) LOS objects, 22% free, 53MB/69MB, paused 551us total 25.129ms
08-05 01:31:27.408 14012 14102 I art     : Starting a blocking GC Explicit
08-05 01:31:27.433 14012 14102 I art     : Explicit concurrent mark sweep GC freed 3(96B) AllocSpace objects, 0(0B) LOS objects, 22% free, 53MB/69MB, paused 570us total 24.804ms
08-05 01:31:27.442 14012 14102 I art     : Starting a blocking GC Explicit
08-05 01:31:27.468 14012 14102 I art     : Explicit concurrent mark sweep GC freed 3(96B) AllocSpace objects, 0(0B) LOS objects, 22% free, 53MB/69MB, paused 625us total 25.015ms
08-05 01:31:27.773 14012 14101 I art     : Starting a blocking GC Explicit
08-05 01:31:27.809 14012 14101 I art     : Explicit concurrent mark sweep GC freed 1344(78KB) AllocSpace objects, 1(20KB) LOS objects, 22% free, 53MB/69MB, paused 642us total 35.609ms
08-05 01:31:27.822 14012 14101 I art     : Starting a blocking GC Explicit
08-05 01:31:27.849 14012 14101 I art     : Explicit concurrent mark sweep GC freed 20(704B) AllocSpace objects, 0(0B) LOS objects, 22% free, 53MB/69MB, paused 582us total 26.713ms
08-05 01:31:27.858 14012 14101 I art     : Starting a blocking GC Explicit
08-05 01:31:27.883 14012 14101 I art     : Explicit concurrent mark sweep GC freed 3(96B) AllocSpace objects, 0(0B) LOS objects, 22% free, 53MB/69MB, paused 559us total 25.132ms
08-05 01:31:27.893 14012 14101 I art     : Starting a blocking GC Explicit
08-05 01:31:27.918 14012 14101 I art     : Explicit concurrent mark sweep GC freed 3(96B) AllocSpace objects, 0(0B) LOS objects, 22% free, 53MB/69MB, paused 592us total 25.344ms
08-05 01:31:27.928 14012 14101 I art     : Starting a blocking GC Explicit
08-05 01:31:27.953 14012 14101 I art     : Explicit concurrent mark sweep GC freed 3(96B) AllocSpace objects, 0(0B) LOS objects, 22% free, 53MB/69MB, paused 539us total 24.762ms
08-05 01:31:28.292 14012 15015 I art     : Starting a blocking GC Explicit
08-05 01:31:28.326 14012 15015 I art     : Explicit concurrent mark sweep GC freed 1344(78KB) AllocSpace objects, 1(20KB) LOS objects, 22% free, 53MB/69MB, paused 595us total 33.975ms
08-05 01:31:28.340 14012 15015 I art     : Starting a blocking GC Explicit
08-05 01:31:28.363 14012 15015 I art     : Explicit concurrent mark sweep GC freed 20(704B) AllocSpace objects, 0(0B) LOS objects, 22% free, 53MB/69MB, paused 568us total 23.021ms
08-05 01:31:28.372 14012 15015 I art     : Starting a blocking GC Explicit
08-05 01:31:28.393 14012 15015 I art     : Explicit concurrent mark sweep GC freed 3(96B) AllocSpace objects, 0(0B) LOS objects, 22% free, 53MB/69MB, paused 532us total 21.639ms
08-05 01:31:28.402 14012 15015 I art     : Starting a blocking GC Explicit
08-05 01:31:28.426 14012 15015 I art     : Explicit concurrent mark sweep GC freed 3(96B) AllocSpace objects, 0(0B) LOS objects, 22% free, 53MB/69MB, paused 536us total 23.356ms
08-05 01:31:28.435 14012 15015 I art     : Starting a blocking GC Explicit
08-05 01:31:28.459 14012 15015 I art     : Explicit concurrent mark sweep GC freed 3(96B) AllocSpace objects, 0(0B) LOS objects, 22% free, 53MB/69MB, paused 532us total 23.586ms
08-05 01:31:28.613 10296 10296 I Atfwd_Sendcmd: AtCmdFwd service not ready - Exhausted retry attempts - :6
08-05 01:31:28.613 10296 10296 I Atfwd_Daemon: result : -1 	 ,Init step :2 	 ,qmiErrorCode: 0
08-05 01:31:28.763 14012 14025 I art     : Starting a blocking GC Explicit
08-05 01:31:28.788 14012 14025 I art     : Explicit concurrent mark sweep GC freed 1344(78KB) AllocSpace objects, 1(20KB) LOS objects, 22% free, 53MB/69MB, paused 606us total 25.293ms
08-05 01:31:28.797 14012 14025 I art     : Starting a blocking GC Explicit
08-05 01:31:28.822 14012 14025 I art     : Explicit concurrent mark sweep GC freed 20(704B) AllocSpace objects, 0(0B) LOS objects, 22% free, 53MB/69MB, paused 572us total 24.340ms
08-05 01:31:28.831 14012 14025 I art     : Starting a blocking GC Explicit
08-05 01:31:28.855 14012 14025 I art     : Explicit concurrent mark sweep GC freed 3(96B) AllocSpace objects, 0(0B) LOS objects, 22% free, 53MB/69MB, paused 569us total 23.400ms
08-05 01:31:28.864 14012 14025 I art     : Starting a blocking GC Explicit
08-05 01:31:28.888 14012 14025 I art     : Explicit concurrent mark sweep GC freed 3(96B) AllocSpace objects, 0(0B) LOS objects, 22% free, 53MB/69MB, paused 595us total 23.534ms
08-05 01:31:28.896 14012 14025 I art     : Starting a blocking GC Explicit
08-05 01:31:28.920 14012 14025 I art     : Explicit concurrent mark sweep GC freed 6(192B) AllocSpace objects, 0(0B) LOS objects, 22% free, 53MB/69MB, paused 585us total 23.340ms
08-05 01:31:29.087 18351 18351 D AndroidRuntime: >>>>>> START com.android.internal.os.RuntimeInit uid 2000 <<<<<<
08-05 01:31:29.093 18351 18351 D AndroidRuntime: CheckJNI is OFF
08-05 01:31:29.129 18351 18351 D ICU     : No timezone override file found: /data/misc/zoneinfo/current/icu/icu_tzdata.dat
08-05 01:31:29.164 18351 18351 I Radio-JNI: register_android_hardware_Radio DONE
08-05 01:31:29.186 18351 18351 D AndroidRuntime: Calling main entry com.android.commands.input.Input
08-05 01:31:29.187 18351 18351 I Input   : injectKeyEvent: KeyEvent { action=ACTION_DOWN, keyCode=KEYCODE_BACK, scanCode=0, metaState=0, flags=0x0, repeatCount=0, eventTime=754305600, downTime=754305600, deviceId=-1, source=0x101 }
08-05 01:31:29.197 18351 18351 I Input   : injectKeyEvent: KeyEvent { action=ACTION_UP, keyCode=KEYCODE_BACK, scanCode=0, metaState=0, flags=0x0, repeatCount=0, eventTime=754305600, downTime=754305600, deviceId=-1, source=0x101 }
08-05 01:31:29.204 18351 18351 D AndroidRuntime: Shutting down VM
08-05 01:31:29.241 14012 14025 I art     : Starting a blocking GC Explicit
08-05 01:31:29.245 13866 13866 I GoogleInputMethodServic: GoogleInputMethodService.onFinishInput():3138 
08-05 01:31:29.246 13866 13866 I GoogleInputMethodServic: GoogleInputMethodService.onStartInput():1808 
08-05 01:31:29.266 14012 14025 I art     : Explicit concurrent mark sweep GC freed 1532(86KB) AllocSpace objects, 1(20KB) LOS objects, 22% free, 53MB/69MB, paused 587us total 24.535ms
08-05 01:31:29.276 14012 14025 I art     : Starting a blocking GC Explicit
08-05 01:31:29.300 14012 14025 I art     : Explicit concurrent mark sweep GC freed 50(1680B) AllocSpace objects, 0(0B) LOS objects, 22% free, 53MB/69MB, paused 539us total 24.193ms
08-05 01:31:29.309 14012 14025 I art     : Starting a blocking GC Explicit
08-05 01:31:29.330 14012 14025 I art     : Explicit concurrent mark sweep GC freed 6(224B) AllocSpace objects, 0(0B) LOS objects, 22% free, 53MB/69MB, paused 493us total 20.935ms
08-05 01:31:29.339 14012 14025 I art     : Starting a blocking GC Explicit
08-05 01:31:29.360 14012 14025 I art     : Explicit concurrent mark sweep GC freed 3(96B) AllocSpace objects, 0(0B) LOS objects, 22% free, 53MB/69MB, paused 503us total 21.231ms
08-05 01:31:29.369 14012 14025 I art     : Starting a blocking GC Explicit
08-05 01:31:29.392 14012 14025 I art     : Explicit concurrent mark sweep GC freed 3(96B) AllocSpace objects, 0(0B) LOS objects, 22% free, 53MB/69MB, paused 580us total 23.406ms
08-05 01:31:29.538   380   380 W SurfaceFlinger: couldn't log to binary event log: overflow.
08-05 01:31:29.648 14012 14101 I art     : Starting a blocking GC Explicit
08-05 01:31:29.671 14012 14101 I art     : Explicit concurrent mark sweep GC freed 1453(86KB) AllocSpace objects, 1(20KB) LOS objects, 22% free, 53MB/69MB, paused 533us total 22.585ms
08-05 01:31:29.679 14012 14101 I art     : Starting a blocking GC Explicit
08-05 01:31:29.701 14012 14101 I art     : Explicit concurrent mark sweep GC freed 1566(104KB) AllocSpace objects, 2(68KB) LOS objects, 22% free, 53MB/69MB, paused 545us total 21.434ms
08-05 01:31:29.709 14012 14101 I art     : Starting a blocking GC Explicit
08-05 01:31:29.730 14012 14101 I art     : Explicit concurrent mark sweep GC freed 3(96B) AllocSpace objects, 0(0B) LOS objects, 22% free, 53MB/69MB, paused 528us total 21.151ms
08-05 01:31:29.738 14012 14101 I art     : Starting a blocking GC Explicit
08-05 01:31:29.760 14012 14101 I art     : Explicit concurrent mark sweep GC freed 3(96B) AllocSpace objects, 0(0B) LOS objects, 22% free, 53MB/69MB, paused 559us total 21.222ms
08-05 01:31:29.768 14012 14101 I art     : Starting a blocking GC Explicit
08-05 01:31:29.789 14012 14101 I art     : Explicit concurrent mark sweep GC freed 3(96B) AllocSpace objects, 0(0B) LOS objects, 22% free, 53MB/69MB, paused 528us total 21.095ms
08-05 01:31:30.093 14012 14024 I art     : Starting a blocking GC Explicit
08-05 01:31:30.119 14012 14024 I art     : Explicit concurrent mark sweep GC freed 1344(78KB) AllocSpace objects, 1(20KB) LOS objects, 22% free, 53MB/69MB, paused 554us total 25.528ms
08-05 01:31:30.128 14012 14024 I art     : Starting a blocking GC Explicit
08-05 01:31:30.152 14012 14024 I art     : Explicit concurrent mark sweep GC freed 20(704B) AllocSpace objects, 0(0B) LOS objects, 22% free, 53MB/69MB, paused 575us total 24.028ms
08-05 01:31:30.161 14012 14024 I art     : Starting a blocking GC Explicit
08-05 01:31:30.186 14012 14024 I art     : Explicit concurrent mark sweep GC freed 3(96B) AllocSpace objects, 0(0B) LOS objects, 22% free, 53MB/69MB, paused 552us total 24.080ms
08-05 01:31:30.195 14012 14024 I art     : Starting a blocking GC Explicit
08-05 01:31:30.220 14012 14024 I art     : Explicit concurrent mark sweep GC freed 3(96B) AllocSpace objects, 0(0B) LOS objects, 22% free, 53MB/69MB, paused 558us total 24.949ms
08-05 01:31:30.229 14012 14024 I art     : Starting a blocking GC Explicit
08-05 01:31:30.253 14012 14024 I art     : Explicit concurrent mark sweep GC freed 3(96B) AllocSpace objects, 0(0B) LOS objects, 22% free, 53MB/69MB, paused 554us total 23.847ms
08-05 01:31:30.530 14012 14102 I art     : Starting a blocking GC Explicit
08-05 01:31:30.554 14012 14102 I art     : Explicit concurrent mark sweep GC freed 1344(78KB) AllocSpace objects, 1(20KB) LOS objects, 22% free, 53MB/69MB, paused 583us total 24.039ms
08-05 01:31:30.563 14012 14102 I art     : Starting a blocking GC Explicit
08-05 01:31:30.586 14012 14102 I art     : Explicit concurrent mark sweep GC freed 20(704B) AllocSpace objects, 0(0B) LOS objects, 22% free, 53MB/69MB, paused 637us total 23.282ms
08-05 01:31:30.595 14012 14102 I art     : Starting a blocking GC Explicit
08-05 01:31:30.619 14012 14102 I art     : Explicit concurrent mark sweep GC freed 3(96B) AllocSpace objects, 0(0B) LOS objects, 22% free, 53MB/69MB, paused 551us total 23.090ms
08-05 01:31:30.627 14012 14102 I art     : Starting a blocking GC Explicit
08-05 01:31:30.651 14012 14102 I art     : Explicit concurrent mark sweep GC freed 3(96B) AllocSpace objects, 0(0B) LOS objects, 22% free, 53MB/69MB, paused 564us total 23.205ms
08-05 01:31:30.660 14012 14102 I art     : Starting a blocking GC Explicit
08-05 01:31:30.682 14012 14102 I art     : Explicit concurrent mark sweep GC freed 3(96B) AllocSpace objects, 0(0B) LOS objects, 22% free, 53MB/69MB, paused 544us total 22.523ms
08-05 01:31:30.858 18410 18410 D AndroidRuntime: >>>>>> START com.android.internal.os.RuntimeInit uid 2000 <<<<<<
08-05 01:31:30.863 18410 18410 D AndroidRuntime: CheckJNI is OFF
08-05 01:31:30.896 18410 18410 D ICU     : No timezone override file found: /data/misc/zoneinfo/current/icu/icu_tzdata.dat
08-05 01:31:30.928 18410 18410 I Radio-JNI: register_android_hardware_Radio DONE
08-05 01:31:30.950 18410 18410 D AndroidRuntime: Calling main entry com.android.commands.input.Input
08-05 01:31:30.951 18410 18410 I Input   : injectKeyEvent: KeyEvent { action=ACTION_DOWN, keyCode=KEYCODE_BACK, scanCode=0, metaState=0, flags=0x0, repeatCount=0, eventTime=754307364, downTime=754307364, deviceId=-1, source=0x101 }
08-05 01:31:30.957 18410 18410 I Input   : injectKeyEvent: KeyEvent { action=ACTION_UP, keyCode=KEYCODE_BACK, scanCode=0, metaState=0, flags=0x0, repeatCount=0, eventTime=754307364, downTime=754307364, deviceId=-1, source=0x101 }
08-05 01:31:30.963 18410 18410 D AndroidRuntime: Shutting down VM
08-05 01:31:30.969 14012 14024 I art     : Starting a blocking GC Explicit
08-05 01:31:30.991 14012 14024 I art     : Explicit concurrent mark sweep GC freed 1491(85KB) AllocSpace objects, 1(20KB) LOS objects, 22% free, 53MB/69MB, paused 516us total 22.050ms
08-05 01:31:30.997 13866 13866 I GoogleInputMethodServic: GoogleInputMethodService.onFinishInput():3138 
08-05 01:31:30.998 13866 13866 I GoogleInputMethodServic: GoogleInputMethodService.onStartInput():1808 
08-05 01:31:31.000 14012 14024 I art     : Starting a blocking GC Explicit
08-05 01:31:31.023 14012 14024 I art     : Explicit concurrent mark sweep GC freed 79(2768B) AllocSpace objects, 0(0B) LOS objects, 22% free, 53MB/69MB, paused 529us total 23.223ms
08-05 01:31:31.031 14012 14024 I art     : Starting a blocking GC Explicit
08-05 01:31:31.052 14012 14024 I art     : Explicit concurrent mark sweep GC freed 10(384B) AllocSpace objects, 0(0B) LOS objects, 22% free, 53MB/69MB, paused 569us total 21.024ms
08-05 01:31:31.061 14012 14024 I art     : Starting a blocking GC Explicit
08-05 01:31:31.080 14012 14024 I art     : Explicit concurrent mark sweep GC freed 3(96B) AllocSpace objects, 0(0B) LOS objects, 22% free, 53MB/69MB, paused 481us total 19.500ms
08-05 01:31:31.089 14012 14024 I art     : Starting a blocking GC Explicit
08-05 01:31:31.111 14012 14024 I art     : Explicit concurrent mark sweep GC freed 3(96B) AllocSpace objects, 0(0B) LOS objects, 22% free, 53MB/69MB, paused 579us total 22.538ms
08-05 01:31:31.369 14012 14024 I art     : Starting a blocking GC Explicit
08-05 01:31:31.395 14012 14024 I art     : Explicit concurrent mark sweep GC freed 2020(110KB) AllocSpace objects, 1(20KB) LOS objects, 22% free, 53MB/69MB, paused 558us total 25.704ms
08-05 01:31:31.404 14012 14024 I art     : Starting a blocking GC Explicit
08-05 01:31:31.428 14012 14024 I art     : Explicit concurrent mark sweep GC freed 2678(174KB) AllocSpace objects, 1(28KB) LOS objects, 23% free, 53MB/69MB, paused 602us total 23.656ms
08-05 01:31:31.438 14012 14024 I art     : Starting a blocking GC Explicit
08-05 01:31:31.461 14012 14024 I art     : Explicit concurrent mark sweep GC freed 3(96B) AllocSpace objects, 0(0B) LOS objects, 23% free, 53MB/69MB, paused 562us total 23.048ms
08-05 01:31:31.470 14012 14024 I art     : Starting a blocking GC Explicit
08-05 01:31:31.494 14012 14024 I art     : Explicit concurrent mark sweep GC freed 3(96B) AllocSpace objects, 0(0B) LOS objects, 23% free, 53MB/69MB, paused 559us total 23.509ms
08-05 01:31:31.503 14012 14024 I art     : Starting a blocking GC Explicit
08-05 01:31:31.526 14012 14024 I art     : Explicit concurrent mark sweep GC freed 3(96B) AllocSpace objects, 0(0B) LOS objects, 23% free, 53MB/69MB, paused 550us total 22.994ms
08-05 01:31:31.811 14012 14025 I art     : Starting a blocking GC Explicit
08-05 01:31:31.840 14012 14025 I art     : Explicit concurrent mark sweep GC freed 1344(78KB) AllocSpace objects, 1(20KB) LOS objects, 23% free, 53MB/69MB, paused 625us total 28.949ms
08-05 01:31:31.854 14012 14025 I art     : Starting a blocking GC Explicit
08-05 01:31:31.878 14012 14025 I art     : Explicit concurrent mark sweep GC freed 20(704B) AllocSpace objects, 0(0B) LOS objects, 23% free, 53MB/69MB, paused 623us total 23.401ms
08-05 01:31:31.887 14012 14025 I art     : Starting a blocking GC Explicit
08-05 01:31:31.910 14012 14025 I art     : Explicit concurrent mark sweep GC freed 3(96B) AllocSpace objects, 0(0B) LOS objects, 23% free, 53MB/69MB, paused 566us total 22.496ms
08-05 01:31:31.919 14012 14025 I art     : Starting a blocking GC Explicit
08-05 01:31:31.942 14012 14025 I art     : Explicit concurrent mark sweep GC freed 3(96B) AllocSpace objects, 0(0B) LOS objects, 23% free, 53MB/69MB, paused 562us total 23.320ms
08-05 01:31:31.951 14012 14025 I art     : Starting a blocking GC Explicit
08-05 01:31:31.974 14012 14025 I art     : Explicit concurrent mark sweep GC freed 3(96B) AllocSpace objects, 0(0B) LOS objects, 23% free, 53MB/69MB, paused 573us total 22.504ms
08-05 01:31:32.278 14012 14101 I art     : Starting a blocking GC Explicit
08-05 01:31:32.301 14012 14101 I art     : Explicit concurrent mark sweep GC freed 1341(78KB) AllocSpace objects, 1(20KB) LOS objects, 23% free, 53MB/69MB, paused 593us total 22.930ms
08-05 01:31:32.310 14012 14101 I art     : Starting a blocking GC Explicit
08-05 01:31:32.334 14012 14101 I art     : Explicit concurrent mark sweep GC freed 20(704B) AllocSpace objects, 0(0B) LOS objects, 23% free, 53MB/69MB, paused 565us total 22.921ms
08-05 01:31:32.342 14012 14101 I art     : Starting a blocking GC Explicit
08-05 01:31:32.364 14012 14101 I art     : Explicit concurrent mark sweep GC freed 3(96B) AllocSpace objects, 0(0B) LOS objects, 23% free, 53MB/69MB, paused 554us total 21.420ms
08-05 01:31:32.372 14012 14101 I art     : Starting a blocking GC Explicit
08-05 01:31:32.394 14012 14101 I art     : Explicit concurrent mark sweep GC freed 3(96B) AllocSpace objects, 0(0B) LOS objects, 23% free, 53MB/69MB, paused 563us total 21.574ms
08-05 01:31:32.403 14012 14101 I art     : Starting a blocking GC Explicit
08-05 01:31:32.424 14012 14101 I art     : Explicit concurrent mark sweep GC freed 3(96B) AllocSpace objects, 0(0B) LOS objects, 23% free, 53MB/69MB, paused 541us total 20.975ms
08-05 01:31:32.654 18471 18471 D AndroidRuntime: >>>>>> START com.android.internal.os.RuntimeInit uid 2000 <<<<<<
08-05 01:31:32.660 18471 18471 D AndroidRuntime: CheckJNI is OFF
08-05 01:31:32.695 18471 18471 D ICU     : No timezone override file found: /data/misc/zoneinfo/current/icu/icu_tzdata.dat
08-05 01:31:32.703 14012 15015 I art     : Starting a blocking GC Explicit
08-05 01:31:32.725 14012 15015 I art     : Explicit concurrent mark sweep GC freed 1341(78KB) AllocSpace objects, 1(20KB) LOS objects, 23% free, 53MB/69MB, paused 624us total 22.386ms
08-05 01:31:32.730 18471 18471 I Radio-JNI: register_android_hardware_Radio DONE
08-05 01:31:32.735 14012 15015 I art     : Starting a blocking GC Explicit
08-05 01:31:32.752 18471 18471 D AndroidRuntime: Calling main entry com.android.commands.am.Am
08-05 01:31:32.757 14012 15015 I art     : Explicit concurrent mark sweep GC freed 20(704B) AllocSpace objects, 0(0B) LOS objects, 23% free, 53MB/69MB, paused 707us total 22.134ms
08-05 01:31:32.762 24044 24044 I Trepn   : Trepn 6.2s: Received intent: com.quicinc.trepn.stop_profiling
08-05 01:31:32.766 14012 15015 I art     : Starting a blocking GC Explicit
08-05 01:31:32.787 14012 15015 I art     : Explicit concurrent mark sweep GC freed 3(96B) AllocSpace objects, 0(0B) LOS objects, 23% free, 53MB/69MB, paused 652us total 21.306ms
08-05 01:31:32.795 14012 15015 I art     : Starting a blocking GC Explicit
08-05 01:31:32.802 24044 24044 I Trepn   : Trepn 6.2s: Trepn has Stopped Profiling.
08-05 01:31:32.816 14012 15015 I art     : Explicit concurrent mark sweep GC freed 3(96B) AllocSpace objects, 0(0B) LOS objects, 23% free, 53MB/69MB, paused 537us total 20.721ms
08-05 01:31:32.825 14012 15015 I art     : Starting a blocking GC Explicit
08-05 01:31:32.846 14012 15015 I art     : Explicit concurrent mark sweep GC freed 3(96B) AllocSpace objects, 0(0B) LOS objects, 23% free, 53MB/69MB, paused 536us total 20.459ms
08-05 01:31:32.991 18471 18471 D AndroidRuntime: Shutting down VM
08-05 01:31:32.995   918  6111 W AppOps  : Finishing op nesting under-run: uid 10078 pkg com.quicinc.trepn code 24 time=0 duration=0 nesting=0
08-05 01:31:33.133 14012 14102 I art     : Starting a blocking GC Explicit
08-05 01:31:33.162 14012 14102 I art     : Explicit concurrent mark sweep GC freed 1341(78KB) AllocSpace objects, 1(20KB) LOS objects, 23% free, 53MB/69MB, paused 619us total 29.107ms
08-05 01:31:33.175 14012 14102 I art     : Starting a blocking GC Explicit
08-05 01:31:33.198 14012 14102 I art     : Explicit concurrent mark sweep GC freed 20(704B) AllocSpace objects, 0(0B) LOS objects, 23% free, 53MB/69MB, paused 590us total 22.675ms
08-05 01:31:33.207 14012 14102 I art     : Starting a blocking GC Explicit
08-05 01:31:33.229 14012 14102 I art     : Explicit concurrent mark sweep GC freed 3(96B) AllocSpace objects, 0(0B) LOS objects, 23% free, 53MB/69MB, paused 536us total 22.353ms
08-05 01:31:33.238 14012 14102 I art     : Starting a blocking GC Explicit
08-05 01:31:33.261 14012 14102 I art     : Explicit concurrent mark sweep GC freed 3(96B) AllocSpace objects, 0(0B) LOS objects, 23% free, 53MB/69MB, paused 520us total 22.184ms
08-05 01:31:33.270 14012 14102 I art     : Starting a blocking GC Explicit
08-05 01:31:33.292 14012 14102 I art     : Explicit concurrent mark sweep GC freed 3(96B) AllocSpace objects, 0(0B) LOS objects, 23% free, 53MB/69MB, paused 507us total 21.508ms
