--------- beginning of main
08-05 17:52:26.389  3159  3159 D AndroidRuntime: >>>>>> START com.android.internal.os.RuntimeInit uid 2000 <<<<<<
08-05 17:52:26.395  3159  3159 D AndroidRuntime: CheckJNI is OFF
08-05 17:52:26.421  3159  3159 D ICU     : No timezone override file found: /data/misc/zoneinfo/current/icu/icu_tzdata.dat
08-05 17:52:26.451  3159  3159 I Radio-JNI: register_android_hardware_Radio DONE
08-05 17:52:26.467  3159  3159 D AndroidRuntime: Calling main entry com.android.commands.monkey.Monkey
--------- beginning of system
08-05 17:52:26.484   918   931 W BroadcastQueue: Skipping deliver [background] BroadcastRecord{db40763 u-1 android.net.conn.CONNECTIVITY_CHANGE} to ReceiverList{9797f60 3159 (unknown name)/2000/u-1 remote:3dc7b1d}: process crashing
08-05 17:52:26.495   918  6112 I ActivityManager: START u0 {act=android.intent.action.MAIN cat=[android.intent.category.LAUNCHER] flg=0x10200000 cmp=baseline.appteam.nith.hillffair/.activities.SplashActivity} from uid 2000 on display 0
08-05 17:52:26.509   918   932 I sensors : batch
08-05 17:52:26.525   918  3188 I hubconnection: sensorhub said: 'batch 31 flags:0, sampling_rate_Hz:15.00, max_report_latency_us:0'
08-05 17:52:26.538  3168  3168 I art     : Late-enabling -Xcheck:jni
08-05 17:52:26.538   918  5481 I ActivityManager: Start proc 3168:baseline.appteam.nith.hillffair/u0a675 for activity baseline.appteam.nith.hillffair/.activities.SplashActivity
08-05 17:52:26.554  3159  3159 I art     : System.exit called, status: 0
08-05 17:52:26.554  3159  3159 I AndroidRuntime: VM exiting with result code 0.
08-05 17:52:26.555   918   932 I sensors : flush
08-05 17:52:26.560   918  3188 I hubconnection: sensorhub said: 'flush 31'
08-05 17:52:26.561   918  3188 I hubconnection: saw sensor 31 flushed
08-05 17:52:26.584   918   931 I ProcessStatsService: Prepared write state in 3ms
08-05 17:52:26.587   918   931 I ProcessStatsService: Prepared write state in 3ms
08-05 17:52:26.599 16458 15483 I PBSessionCacheImpl: Deleted sessionId[72384646105454640] from persistence.
08-05 17:52:26.604 16458 16488 W SearchServiceCore: Abort, client detached.
08-05 17:52:26.605 16458 16488 I MicroDetectionState: Should stop hotword detection immediately - true
08-05 17:52:26.660  3168  3168 W System  : ClassLoader referenced unknown path: /data/app/baseline.appteam.nith.hillffair-1/lib/arm64
08-05 17:52:26.671  3168  3168 W OneSignal: GCM Library detected, please upgrade to Firebase FCM library as GCM is deprecated!
08-05 17:52:26.699  3168  3168 W art     : Before Android 4.1, method android.graphics.PorterDuffColorFilter androidx.vectordrawable.graphics.drawable.VectorDrawableCompat.updateTintFilter(android.graphics.PorterDuffColorFilter, android.content.res.ColorStateList, android.graphics.PorterDuff$Mode) would have incorrectly overridden the package-private method in android.graphics.drawable.Drawable
08-05 17:52:26.716  3168  3168 I art     : Rejecting re-init on previously-failed class java.lang.Class<androidx.core.view.ViewCompat$2>
08-05 17:52:26.716  3168  3168 I art     : Rejecting re-init on previously-failed class java.lang.Class<androidx.core.view.ViewCompat$2>
08-05 17:52:26.760  3168  3197 D OpenGLRenderer: Use EGL_SWAP_BEHAVIOR_PRESERVED: true
08-05 17:52:26.794  3168  3197 I Adreno  : QUALCOMM build                   : fcf4852, I1af360237c
08-05 17:52:26.794  3168  3197 I Adreno  : Build Date                       : 09/23/15
08-05 17:52:26.794  3168  3197 I Adreno  : OpenGL ES Shader Compiler Version: XE031.05.13.02
08-05 17:52:26.794  3168  3197 I Adreno  : Local Branch                     : mybranch14465806
08-05 17:52:26.794  3168  3197 I Adreno  : Remote Branch                    : quic/LA.BF64.1.2.9_v2
08-05 17:52:26.794  3168  3197 I Adreno  : Remote Branch                    : NONE
08-05 17:52:26.794  3168  3197 I Adreno  : Reconstruct Branch               : NOTHING
08-05 17:52:26.797  3168  3197 I OpenGLRenderer: Initialized EGL, version 1.4
08-05 17:52:26.831 13866 13866 I GoogleInputMethodServic: GoogleInputMethodService.onFinishInput():3138 
08-05 17:52:26.831 13866 13866 I GoogleInputMethodServic: GoogleInputMethodService.onStartInput():1808 
08-05 17:52:26.865   918   936 I ActivityManager: Displayed baseline.appteam.nith.hillffair/.activities.SplashActivity: +354ms
08-05 17:52:27.027  3168  3207 W GCM     : GCM SDK is deprecated, baseline.appteam.nith.hillffair should update to use FCM
08-05 17:52:27.067 24365  4416 W Conscrypt: Could not set socket write timeout: java.net.SocketException: Socket closed
08-05 17:52:27.068 24365  4416 E art     : invalid stream - problem with parameter iterator in /data/app/com.google.android.gms-2/base.apk:classes3.dex for method void com.google.android.gms.org.conscrypt.ConscryptFileDescriptorSocket.setSoWriteTimeout(int)
08-05 17:52:27.068 24365  4416 W Conscrypt: 	at com.google.android.gms.org.conscrypt.Platform.setSocketWriteTimeout(:com.google.android.gms@202614019@20.26.14 (040400-320008519):2)
08-05 17:52:27.068 24365  4416 W Conscrypt: 	at com.google.android.gms.org.conscrypt.ConscryptFileDescriptorSocket.setSoWriteTimeout(:com.google.android.gms@202614019@20.26.14 (040400-320008519))
08-05 17:52:27.086 24365  4416 W Conscrypt: Could not set socket write timeout: java.net.SocketException: Socket closed
08-05 17:52:27.086 24365  4416 E art     : invalid stream - problem with parameter iterator in /data/app/com.google.android.gms-2/base.apk:classes3.dex for method void com.google.android.gms.org.conscrypt.ConscryptFileDescriptorSocket.setSoWriteTimeout(int)
08-05 17:52:27.087 24365  4416 W Conscrypt: 	at com.google.android.gms.org.conscrypt.Platform.setSocketWriteTimeout(:com.google.android.gms@202614019@20.26.14 (040400-320008519):2)
08-05 17:52:27.087 24365  4416 W Conscrypt: 	at com.google.android.gms.org.conscrypt.ConscryptFileDescriptorSocket.setSoWriteTimeout(:com.google.android.gms@202614019@20.26.14 (040400-320008519))
08-05 17:52:27.156 24365  4416 W Conscrypt: Could not set socket write timeout: java.net.SocketException: Socket closed
08-05 17:52:27.157 24365  4416 E art     : invalid stream - problem with parameter iterator in /data/app/com.google.android.gms-2/base.apk:classes3.dex for method void com.google.android.gms.org.conscrypt.ConscryptFileDescriptorSocket.setSoWriteTimeout(int)
08-05 17:52:27.157 24365  4416 W Conscrypt: 	at com.google.android.gms.org.conscrypt.Platform.setSocketWriteTimeout(:com.google.android.gms@202614019@20.26.14 (040400-320008519):2)
08-05 17:52:27.157 24365  4416 W Conscrypt: 	at com.google.android.gms.org.conscrypt.ConscryptFileDescriptorSocket.setSoWriteTimeout(:com.google.android.gms@202614019@20.26.14 (040400-320008519))
08-05 17:52:27.173 24365  4416 W Conscrypt: Could not set socket write timeout: java.net.SocketException: Socket closed
08-05 17:52:27.174 24365  4416 E art     : invalid stream - problem with parameter iterator in /data/app/com.google.android.gms-2/base.apk:classes3.dex for method void com.google.android.gms.org.conscrypt.ConscryptFileDescriptorSocket.setSoWriteTimeout(int)
08-05 17:52:27.174 24365  4416 W Conscrypt: 	at com.google.android.gms.org.conscrypt.Platform.setSocketWriteTimeout(:com.google.android.gms@202614019@20.26.14 (040400-320008519):2)
08-05 17:52:27.174 24365  4416 W Conscrypt: 	at com.google.android.gms.org.conscrypt.ConscryptFileDescriptorSocket.setSoWriteTimeout(:com.google.android.gms@202614019@20.26.14 (040400-320008519))
08-05 17:52:27.221  3168  3207 E OneSignal: Error Getting GCM Token
08-05 17:52:27.221  3168  3207 E OneSignal: java.io.IOException: INVALID_SENDER
08-05 17:52:27.221  3168  3207 E OneSignal: 	at com.google.android.gms.gcm.GoogleCloudMessaging.zzd(Unknown Source)
08-05 17:52:27.221  3168  3207 E OneSignal: 	at com.google.android.gms.gcm.GoogleCloudMessaging.register(Unknown Source)
08-05 17:52:27.221  3168  3207 E OneSignal: 	at com.onesignal.PushRegistratorGCM.getToken(PushRegistratorGCM.java:42)
08-05 17:52:27.221  3168  3207 E OneSignal: 	at com.onesignal.PushRegistratorAbstractGoogle.attemptRegistration(PushRegistratorAbstractGoogle.java:97)
08-05 17:52:27.221  3168  3207 E OneSignal: 	at com.onesignal.PushRegistratorAbstractGoogle.access$100(PushRegistratorAbstractGoogle.java:37)
08-05 17:52:27.221  3168  3207 E OneSignal: 	at com.onesignal.PushRegistratorAbstractGoogle$1.run(PushRegistratorAbstractGoogle.java:84)
08-05 17:52:27.221  3168  3207 E OneSignal: 	at java.lang.Thread.run(Thread.java:818)
08-05 17:52:27.238  3168  3211 I art     : Rejecting re-init on previously-failed class java.lang.Class<com.onesignal.OneSignalChromeTab$OneSignalCustomTabsServiceConnection>
08-05 17:52:27.239  3168  3211 I art     : Rejecting re-init on previously-failed class java.lang.Class<com.onesignal.OneSignalChromeTab$OneSignalCustomTabsServiceConnection>
08-05 17:52:28.156  3222  3222 D AndroidRuntime: >>>>>> START com.android.internal.os.RuntimeInit uid 2000 <<<<<<
08-05 17:52:28.163  3222  3222 D AndroidRuntime: CheckJNI is OFF
08-05 17:52:28.197  3222  3222 D ICU     : No timezone override file found: /data/misc/zoneinfo/current/icu/icu_tzdata.dat
08-05 17:52:28.230  3222  3222 I Radio-JNI: register_android_hardware_Radio DONE
08-05 17:52:28.247   918  4400 I ActivityManager: START u0 {cmp=baseline.appteam.nith.hillffair/.activities.WelcomeActivity} from uid 10675 on display 0
08-05 17:52:28.248  3222  3222 D AndroidRuntime: Calling main entry com.android.commands.am.Am
08-05 17:52:28.270 16924 16924 I Trepn   : Trepn 6.2s: Received intent: com.quicinc.trepn.start_profiling
08-05 17:52:28.284   918  4400 I ActivityManager: START u0 {cmp=baseline.appteam.nith.hillffair/.activities.HomeActivity} from uid 10675 on display 0
08-05 17:52:28.293   918   929 W ActivityManager: Duplicate finish request for ActivityRecord{44c5a3e u0 baseline.appteam.nith.hillffair/.activities.WelcomeActivity t4188 f}
08-05 17:52:28.383 16924 16924 W FileUtils: Failed to chmod(/storage/emulated/0/trepn/Trepn_2020.08.05_175228.db): android.system.ErrnoException: chmod failed: EPERM (Operation not permitted)
08-05 17:52:28.453 16924 16924 I Trepn   : Trepn 6.2s: Trepn has Started Profiling.
08-05 17:52:28.454  3222  3222 D AndroidRuntime: Shutting down VM
08-05 17:52:28.739   918   936 I ActivityManager: Displayed baseline.appteam.nith.hillffair/.activities.HomeActivity: +406ms (total +473ms)
08-05 17:52:28.740 13866 13866 I GoogleInputMethodServic: GoogleInputMethodService.onFinishInput():3138 
08-05 17:52:28.741 13866 13866 I GoogleInputMethodServic: GoogleInputMethodService.onStartInput():1808 
08-05 17:52:28.847  3168  3180 I art     : Starting a blocking GC Explicit
08-05 17:52:28.860  3168  3180 I art     : Explicit concurrent mark sweep GC freed 2257(449KB) AllocSpace objects, 0(0B) LOS objects, 24% free, 48MB/64MB, paused 137us total 12.771ms
08-05 17:52:28.866  3168  3180 I art     : Starting a blocking GC Explicit
08-05 17:52:28.879  3168  3180 I art     : Explicit concurrent mark sweep GC freed 1318(85KB) AllocSpace objects, 0(0B) LOS objects, 25% free, 47MB/63MB, paused 163us total 12.984ms
08-05 17:52:28.887  3168  3180 I art     : Starting a blocking GC Explicit
08-05 17:52:28.900  3168  3180 I art     : Explicit concurrent mark sweep GC freed 3(96B) AllocSpace objects, 0(0B) LOS objects, 25% free, 47MB/63MB, paused 142us total 13.678ms
08-05 17:52:28.906  3168  3180 I art     : Starting a blocking GC Explicit
08-05 17:52:28.920  3168  3180 I art     : Explicit concurrent mark sweep GC freed 3(96B) AllocSpace objects, 0(0B) LOS objects, 25% free, 47MB/63MB, paused 134us total 13.500ms
08-05 17:52:28.928  3168  3180 I art     : Starting a blocking GC Explicit
08-05 17:52:28.941  3168  3180 I art     : Explicit concurrent mark sweep GC freed 3(96B) AllocSpace objects, 0(0B) LOS objects, 25% free, 47MB/63MB, paused 165us total 13.176ms
08-05 17:52:28.987   380   380 W SurfaceFlinger: couldn't log to binary event log: overflow.
08-05 17:52:29.207  3168  3295 I art     : Starting a blocking GC Explicit
08-05 17:52:29.223  3168  3295 I art     : Explicit concurrent mark sweep GC freed 2030(114KB) AllocSpace objects, 1(20KB) LOS objects, 25% free, 47MB/63MB, paused 190us total 14.969ms
08-05 17:52:29.233  3168  3295 I art     : Starting a blocking GC Explicit
08-05 17:52:29.245  3168  3295 I art     : Explicit concurrent mark sweep GC freed 908(59KB) AllocSpace objects, 0(0B) LOS objects, 25% free, 47MB/63MB, paused 151us total 11.443ms
08-05 17:52:29.251  3168  3295 I art     : Starting a blocking GC Explicit
08-05 17:52:29.262  3168  3295 I art     : Explicit concurrent mark sweep GC freed 3(96B) AllocSpace objects, 0(0B) LOS objects, 25% free, 47MB/63MB, paused 145us total 11.081ms
08-05 17:52:29.268  3168  3295 I art     : Starting a blocking GC Explicit
08-05 17:52:29.279  3168  3295 I art     : Explicit concurrent mark sweep GC freed 3(96B) AllocSpace objects, 0(0B) LOS objects, 25% free, 47MB/63MB, paused 144us total 11.075ms
08-05 17:52:29.285  3168  3295 I art     : Starting a blocking GC Explicit
08-05 17:52:29.296  3168  3295 I art     : Explicit concurrent mark sweep GC freed 3(96B) AllocSpace objects, 0(0B) LOS objects, 25% free, 47MB/63MB, paused 146us total 11.080ms
08-05 17:52:29.308   918  3261 D WifiStateMachine: starting scan for "H369AA63323"WPA_PSK with 2412,5180
08-05 17:52:29.594  3168  3180 I art     : Starting a blocking GC Explicit
08-05 17:52:29.609  3168  3180 I art     : Explicit concurrent mark sweep GC freed 1340(78KB) AllocSpace objects, 1(20KB) LOS objects, 25% free, 47MB/63MB, paused 185us total 14.338ms
08-05 17:52:29.616  3168  3180 I art     : Starting a blocking GC Explicit
08-05 17:52:29.629  3168  3180 I art     : Explicit concurrent mark sweep GC freed 20(704B) AllocSpace objects, 0(0B) LOS objects, 25% free, 47MB/63MB, paused 170us total 12.450ms
08-05 17:52:29.636  3168  3180 I art     : Starting a blocking GC Explicit
08-05 17:52:29.648  3168  3180 I art     : Explicit concurrent mark sweep GC freed 3(96B) AllocSpace objects, 0(0B) LOS objects, 25% free, 47MB/63MB, paused 139us total 11.568ms
08-05 17:52:29.654  3168  3180 I art     : Starting a blocking GC Explicit
08-05 17:52:29.665  3168  3180 I art     : Explicit concurrent mark sweep GC freed 3(96B) AllocSpace objects, 0(0B) LOS objects, 25% free, 47MB/63MB, paused 151us total 11.534ms
08-05 17:52:29.672  3168  3180 I art     : Starting a blocking GC Explicit
08-05 17:52:29.684  3168  3180 I art     : Explicit concurrent mark sweep GC freed 3(96B) AllocSpace objects, 0(0B) LOS objects, 25% free, 47MB/63MB, paused 154us total 11.399ms
08-05 17:52:29.953  3168  3183 I art     : Starting a blocking GC Explicit
08-05 17:52:29.974  3168  3183 I art     : Explicit concurrent mark sweep GC freed 1342(78KB) AllocSpace objects, 1(20KB) LOS objects, 25% free, 47MB/63MB, paused 183us total 20.736ms
08-05 17:52:29.985  3168  3183 I art     : Starting a blocking GC Explicit
08-05 17:52:30.000  3168  3183 I art     : Explicit concurrent mark sweep GC freed 20(704B) AllocSpace objects, 0(0B) LOS objects, 25% free, 47MB/63MB, paused 158us total 14.528ms
08-05 17:52:30.007  3168  3183 I art     : Starting a blocking GC Explicit
08-05 17:52:30.018  3168  3183 I art     : Explicit concurrent mark sweep GC freed 3(96B) AllocSpace objects, 0(0B) LOS objects, 25% free, 47MB/63MB, paused 144us total 11.719ms
08-05 17:52:30.025  3168  3183 I art     : Starting a blocking GC Explicit
08-05 17:52:30.026   918  3188 I hubconnection: sensorhub said: 'set_bias 3: -5.3952, 0.0000, 0.0000'
08-05 17:52:30.036  3168  3183 I art     : Explicit concurrent mark sweep GC freed 3(96B) AllocSpace objects, 0(0B) LOS objects, 25% free, 47MB/63MB, paused 150us total 11.668ms
08-05 17:52:30.043  3168  3183 I art     : Starting a blocking GC Explicit
08-05 17:52:30.054  3168  3183 I art     : Explicit concurrent mark sweep GC freed 3(96B) AllocSpace objects, 0(0B) LOS objects, 25% free, 47MB/63MB, paused 147us total 10.940ms
08-05 17:52:30.361  3168  3295 I art     : Starting a blocking GC Explicit
08-05 17:52:30.376  3168  3295 I art     : Explicit concurrent mark sweep GC freed 1340(78KB) AllocSpace objects, 1(20KB) LOS objects, 25% free, 47MB/63MB, paused 187us total 14.318ms
08-05 17:52:30.385  3168  3295 I art     : Starting a blocking GC Explicit
08-05 17:52:30.401  3168  3295 I art     : Explicit concurrent mark sweep GC freed 20(704B) AllocSpace objects, 0(0B) LOS objects, 25% free, 47MB/63MB, paused 171us total 15.386ms
08-05 17:52:30.409  3168  3295 I art     : Starting a blocking GC Explicit
08-05 17:52:30.421  3168  3295 I art     : Explicit concurrent mark sweep GC freed 3(96B) AllocSpace objects, 0(0B) LOS objects, 25% free, 47MB/63MB, paused 170us total 11.952ms
08-05 17:52:30.427  3168  3295 I art     : Starting a blocking GC Explicit
08-05 17:52:30.438  3168  3295 I art     : Explicit concurrent mark sweep GC freed 3(96B) AllocSpace objects, 0(0B) LOS objects, 25% free, 47MB/63MB, paused 139us total 11.206ms
08-05 17:52:30.445  3168  3295 I art     : Starting a blocking GC Explicit
08-05 17:52:30.456  3168  3295 I art     : Explicit concurrent mark sweep GC freed 3(96B) AllocSpace objects, 0(0B) LOS objects, 25% free, 47MB/63MB, paused 153us total 11.076ms
08-05 17:52:30.761  3168  3180 I art     : Starting a blocking GC Explicit
08-05 17:52:30.782  3168  3180 I art     : Explicit concurrent mark sweep GC freed 1339(78KB) AllocSpace objects, 1(20KB) LOS objects, 25% free, 47MB/63MB, paused 188us total 19.956ms
08-05 17:52:30.793  3168  3180 I art     : Starting a blocking GC Explicit
08-05 17:52:30.808  3168  3180 I art     : Explicit concurrent mark sweep GC freed 20(704B) AllocSpace objects, 0(0B) LOS objects, 25% free, 47MB/63MB, paused 171us total 15.074ms
08-05 17:52:30.816  3168  3180 I art     : Starting a blocking GC Explicit
08-05 17:52:30.828  3168  3180 I art     : Explicit concurrent mark sweep GC freed 3(96B) AllocSpace objects, 0(0B) LOS objects, 25% free, 47MB/63MB, paused 152us total 11.704ms
08-05 17:52:30.834  3168  3180 I art     : Starting a blocking GC Explicit
08-05 17:52:30.846  3168  3180 I art     : Explicit concurrent mark sweep GC freed 3(96B) AllocSpace objects, 0(0B) LOS objects, 25% free, 47MB/63MB, paused 152us total 11.662ms
08-05 17:52:30.852  3168  3180 I art     : Starting a blocking GC Explicit
08-05 17:52:30.864  3168  3180 I art     : Explicit concurrent mark sweep GC freed 3(96B) AllocSpace objects, 0(0B) LOS objects, 25% free, 47MB/63MB, paused 150us total 11.189ms
08-05 17:52:31.197  3168  3183 I art     : Starting a blocking GC Explicit
08-05 17:52:31.214  3168  3183 I art     : Explicit concurrent mark sweep GC freed 1339(78KB) AllocSpace objects, 1(20KB) LOS objects, 25% free, 47MB/63MB, paused 217us total 17.109ms
08-05 17:52:31.227  3168  3183 I art     : Starting a blocking GC Explicit
08-05 17:52:31.239  3168  3183 I art     : Explicit concurrent mark sweep GC freed 20(704B) AllocSpace objects, 0(0B) LOS objects, 25% free, 47MB/63MB, paused 157us total 12.344ms
08-05 17:52:31.246  3168  3183 I art     : Starting a blocking GC Explicit
08-05 17:52:31.257  3168  3183 I art     : Explicit concurrent mark sweep GC freed 3(96B) AllocSpace objects, 0(0B) LOS objects, 25% free, 47MB/63MB, paused 143us total 11.541ms
08-05 17:52:31.264  3168  3183 I art     : Starting a blocking GC Explicit
08-05 17:52:31.275  3168  3183 I art     : Explicit concurrent mark sweep GC freed 3(96B) AllocSpace objects, 0(0B) LOS objects, 25% free, 47MB/63MB, paused 142us total 10.985ms
08-05 17:52:31.281  3168  3183 I art     : Starting a blocking GC Explicit
08-05 17:52:31.292  3168  3183 I art     : Explicit concurrent mark sweep GC freed 3(96B) AllocSpace objects, 0(0B) LOS objects, 25% free, 47MB/63MB, paused 151us total 11.465ms
08-05 17:52:31.603  3168  3295 I art     : Starting a blocking GC Explicit
08-05 17:52:31.619  3168  3295 I art     : Explicit concurrent mark sweep GC freed 1339(78KB) AllocSpace objects, 1(20KB) LOS objects, 25% free, 47MB/63MB, paused 257us total 15.183ms
08-05 17:52:31.630  3168  3295 I art     : Starting a blocking GC Explicit
08-05 17:52:31.641  3168  3295 I art     : Explicit concurrent mark sweep GC freed 20(704B) AllocSpace objects, 0(0B) LOS objects, 25% free, 47MB/63MB, paused 155us total 11.358ms
08-05 17:52:31.647  3168  3295 I art     : Starting a blocking GC Explicit
08-05 17:52:31.659  3168  3295 I art     : Explicit concurrent mark sweep GC freed 3(96B) AllocSpace objects, 0(0B) LOS objects, 25% free, 47MB/63MB, paused 148us total 11.063ms
08-05 17:52:31.665  3168  3295 I art     : Starting a blocking GC Explicit
08-05 17:52:31.676  3168  3295 I art     : Explicit concurrent mark sweep GC freed 3(96B) AllocSpace objects, 0(0B) LOS objects, 25% free, 47MB/63MB, paused 144us total 11.167ms
08-05 17:52:31.682  3168  3295 I art     : Starting a blocking GC Explicit
08-05 17:52:31.693  3168  3295 I art     : Explicit concurrent mark sweep GC freed 3(96B) AllocSpace objects, 0(0B) LOS objects, 25% free, 47MB/63MB, paused 146us total 11.247ms
08-05 17:52:32.016  3168  3180 I art     : Starting a blocking GC Explicit
08-05 17:52:32.034  3168  3180 I art     : Explicit concurrent mark sweep GC freed 1339(78KB) AllocSpace objects, 1(20KB) LOS objects, 25% free, 47MB/63MB, paused 205us total 17.290ms
08-05 17:52:32.044  3168  3180 I art     : Starting a blocking GC Explicit
08-05 17:52:32.059  3168  3180 I art     : Explicit concurrent mark sweep GC freed 20(704B) AllocSpace objects, 0(0B) LOS objects, 25% free, 47MB/63MB, paused 164us total 14.748ms
08-05 17:52:32.067  3168  3180 I art     : Starting a blocking GC Explicit
08-05 17:52:32.079  3168  3180 I art     : Explicit concurrent mark sweep GC freed 3(96B) AllocSpace objects, 0(0B) LOS objects, 25% free, 47MB/63MB, paused 154us total 11.740ms
08-05 17:52:32.085  3168  3180 I art     : Starting a blocking GC Explicit
08-05 17:52:32.097  3168  3180 I art     : Explicit concurrent mark sweep GC freed 3(96B) AllocSpace objects, 0(0B) LOS objects, 25% free, 47MB/63MB, paused 152us total 11.781ms
08-05 17:52:32.103  3168  3180 I art     : Starting a blocking GC Explicit
08-05 17:52:32.115  3168  3180 I art     : Explicit concurrent mark sweep GC freed 3(96B) AllocSpace objects, 0(0B) LOS objects, 25% free, 47MB/63MB, paused 155us total 11.539ms
08-05 17:52:32.137   918  1210 D NetlinkSocketObserver: NeighborEvent{elapsedMs=1796556011, 192.168.2.254, [7C3953A63323], RTM_NEWNEIGH, NUD_REACHABLE}
08-05 17:52:32.313  3168  3393 W OneSignal: OneSignalRestClient: POST Error thrown from network stack. 
08-05 17:52:32.313  3168  3393 W OneSignal: java.io.IOException: unexpected end of stream on Connection{api.onesignal.com:443, proxy=HTTP@192.168.2.12:8080 hostAddress=192.168.2.12 cipherSuite=TLS_ECDHE_RSA_WITH_AES_128_GCM_SHA256 protocol=http/1.1} (recycle count=1)
08-05 17:52:32.313  3168  3393 W OneSignal: 	at com.android.okhttp.internal.http.HttpConnection.readResponse(HttpConnection.java:210)
08-05 17:52:32.313  3168  3393 W OneSignal: 	at com.android.okhttp.internal.http.HttpTransport.readResponseHeaders(HttpTransport.java:80)
08-05 17:52:32.313  3168  3393 W OneSignal: 	at com.android.okhttp.internal.http.HttpEngine.readNetworkResponse(HttpEngine.java:904)
08-05 17:52:32.313  3168  3393 W OneSignal: 	at com.android.okhttp.internal.http.HttpEngine.readResponse(HttpEngine.java:788)
08-05 17:52:32.313  3168  3393 W OneSignal: 	at com.android.okhttp.internal.huc.HttpURLConnectionImpl.execute(HttpURLConnectionImpl.java:439)
08-05 17:52:32.313  3168  3393 W OneSignal: 	at com.android.okhttp.internal.huc.HttpURLConnectionImpl.getResponse(HttpURLConnectionImpl.java:384)
08-05 17:52:32.313  3168  3393 W OneSignal: 	at com.android.okhttp.internal.huc.HttpURLConnectionImpl.getResponseCode(HttpURLConnectionImpl.java:497)
08-05 17:52:32.313  3168  3393 W OneSignal: 	at com.android.okhttp.internal.huc.DelegatingHttpsURLConnection.getResponseCode(DelegatingHttpsURLConnection.java:105)
08-05 17:52:32.313  3168  3393 W OneSignal: 	at com.android.okhttp.internal.huc.HttpsURLConnectionImpl.getResponseCode(HttpsURLConnectionImpl.java)
08-05 17:52:32.313  3168  3393 W OneSignal: 	at com.onesignal.OneSignalRestClient.startHTTPConnection(OneSignalRestClient.java:180)
08-05 17:52:32.313  3168  3393 W OneSignal: 	at com.onesignal.OneSignalRestClient.access$100(OneSignalRestClient.java:44)
08-05 17:52:32.313  3168  3393 W OneSignal: 	at com.onesignal.OneSignalRestClient$4.run(OneSignalRestClient.java:110)
08-05 17:52:32.313  3168  3393 W OneSignal: 	at java.lang.Thread.run(Thread.java:818)
08-05 17:52:32.313  3168  3393 W OneSignal: Caused by: java.io.EOFException: \n not found: size=0 content=...
08-05 17:52:32.313  3168  3393 W OneSignal: 	at com.android.okhttp.okio.RealBufferedSource.readUtf8LineStrict(RealBufferedSource.java:200)
08-05 17:52:32.313  3168  3393 W OneSignal: 	at com.android.okhttp.internal.http.HttpConnection.readResponse(HttpConnection.java:191)
08-05 17:52:32.313  3168  3393 W OneSignal: 	... 12 more
08-05 17:52:32.314  3168  3398 W OneSignal: Failed last request. statusCode: -1
08-05 17:52:32.314  3168  3398 W OneSignal: response: null
08-05 17:52:32.409  3168  3183 I art     : Starting a blocking GC Explicit
08-05 17:52:32.421  3168  3183 I art     : Explicit concurrent mark sweep GC freed 1902(152KB) AllocSpace objects, 1(20KB) LOS objects, 25% free, 47MB/63MB, paused 166us total 12.264ms
08-05 17:52:32.428  3168  3183 I art     : Starting a blocking GC Explicit
08-05 17:52:32.438  3168  3183 I art     : Explicit concurrent mark sweep GC freed 30(1168B) AllocSpace objects, 0(0B) LOS objects, 25% free, 47MB/63MB, paused 141us total 10.234ms
08-05 17:52:32.444  3168  3183 I art     : Starting a blocking GC Explicit
08-05 17:52:32.454  3168  3183 I art     : Explicit concurrent mark sweep GC freed 3(96B) AllocSpace objects, 0(0B) LOS objects, 25% free, 47MB/63MB, paused 130us total 9.595ms
08-05 17:52:32.459  3168  3183 I art     : Starting a blocking GC Explicit
08-05 17:52:32.469  3168  3183 I art     : Explicit concurrent mark sweep GC freed 3(96B) AllocSpace objects, 0(0B) LOS objects, 25% free, 47MB/63MB, paused 128us total 9.354ms
08-05 17:52:32.474  3168  3183 I art     : Starting a blocking GC Explicit
08-05 17:52:32.483  3168  3183 I art     : Explicit concurrent mark sweep GC freed 3(96B) AllocSpace objects, 0(0B) LOS objects, 25% free, 47MB/63MB, paused 125us total 9.206ms
08-05 17:52:32.763  3168  3295 I art     : Starting a blocking GC Explicit
08-05 17:52:32.781  3168  3295 I art     : Explicit concurrent mark sweep GC freed 1339(78KB) AllocSpace objects, 1(20KB) LOS objects, 25% free, 47MB/63MB, paused 208us total 18.160ms
08-05 17:52:32.791  3168  3295 I art     : Starting a blocking GC Explicit
08-05 17:52:32.804  3168  3295 I art     : Explicit concurrent mark sweep GC freed 20(704B) AllocSpace objects, 0(0B) LOS objects, 25% free, 47MB/63MB, paused 151us total 12.507ms
08-05 17:52:32.810  3168  3295 I art     : Starting a blocking GC Explicit
08-05 17:52:32.822  3168  3295 I art     : Explicit concurrent mark sweep GC freed 3(96B) AllocSpace objects, 0(0B) LOS objects, 25% free, 47MB/63MB, paused 138us total 11.074ms
08-05 17:52:32.828  3168  3295 I art     : Starting a blocking GC Explicit
08-05 17:52:32.840  3168  3295 I art     : Explicit concurrent mark sweep GC freed 3(96B) AllocSpace objects, 0(0B) LOS objects, 25% free, 47MB/63MB, paused 147us total 11.921ms
08-05 17:52:32.846  3168  3295 I art     : Starting a blocking GC Explicit
08-05 17:52:32.858  3168  3295 I art     : Explicit concurrent mark sweep GC freed 3(96B) AllocSpace objects, 0(0B) LOS objects, 25% free, 47MB/63MB, paused 145us total 11.411ms
08-05 17:52:33.148  3168  3180 I art     : Starting a blocking GC Explicit
08-05 17:52:33.162  3168  3180 I art     : Explicit concurrent mark sweep GC freed 1339(78KB) AllocSpace objects, 1(20KB) LOS objects, 25% free, 47MB/63MB, paused 169us total 13.509ms
08-05 17:52:33.169  3168  3180 I art     : Starting a blocking GC Explicit
08-05 17:52:33.181  3168  3180 I art     : Explicit concurrent mark sweep GC freed 20(704B) AllocSpace objects, 0(0B) LOS objects, 25% free, 47MB/63MB, paused 146us total 12.118ms
08-05 17:52:33.187  3168  3180 I art     : Starting a blocking GC Explicit
08-05 17:52:33.198  3168  3180 I art     : Explicit concurrent mark sweep GC freed 3(96B) AllocSpace objects, 0(0B) LOS objects, 25% free, 47MB/63MB, paused 149us total 11.030ms
08-05 17:52:33.204  3168  3180 I art     : Starting a blocking GC Explicit
08-05 17:52:33.215  3168  3180 I art     : Explicit concurrent mark sweep GC freed 3(96B) AllocSpace objects, 0(0B) LOS objects, 25% free, 47MB/63MB, paused 148us total 10.903ms
08-05 17:52:33.220  3168  3180 I art     : Starting a blocking GC Explicit
08-05 17:52:33.232  3168  3180 I art     : Explicit concurrent mark sweep GC freed 3(96B) AllocSpace objects, 0(0B) LOS objects, 25% free, 47MB/63MB, paused 147us total 11.121ms
08-05 17:52:33.420  3423  3423 D AndroidRuntime: >>>>>> START com.android.internal.os.RuntimeInit uid 2000 <<<<<<
08-05 17:52:33.424  3423  3423 D AndroidRuntime: CheckJNI is OFF
08-05 17:52:33.448  3423  3423 D ICU     : No timezone override file found: /data/misc/zoneinfo/current/icu/icu_tzdata.dat
08-05 17:52:33.472  3423  3423 I Radio-JNI: register_android_hardware_Radio DONE
08-05 17:52:33.488  3423  3423 D AndroidRuntime: Calling main entry com.android.commands.input.Input
08-05 17:52:33.490  3423  3423 I Input   : injectMotionEvent: MotionEvent { action=ACTION_DOWN, actionButton=0, id[0]=0, x[0]=337.0, y[0]=1104.0, toolType[0]=TOOL_TYPE_UNKNOWN, buttonState=0, metaState=0, flags=0x0, edgeFlags=0x0, pointerCount=1, historySize=0, eventTime=813169903, downTime=813169903, deviceId=0, source=0x1002 }
08-05 17:52:33.495  3423  3423 I Input   : injectMotionEvent: MotionEvent { action=ACTION_UP, actionButton=0, id[0]=0, x[0]=337.0, y[0]=1104.0, toolType[0]=TOOL_TYPE_UNKNOWN, buttonState=0, metaState=0, flags=0x0, edgeFlags=0x0, pointerCount=1, historySize=0, eventTime=813169903, downTime=813169903, deviceId=0, source=0x1002 }
08-05 17:52:33.497   918  5952 I ActivityManager: START u0 {cmp=baseline.appteam.nith.hillffair/.activities.BattleDayActivity} from uid 10675 on display 0
08-05 17:52:33.504  3423  3423 D AndroidRuntime: Shutting down VM
08-05 17:52:33.516  3168  3183 I art     : Starting a blocking GC Explicit
08-05 17:52:33.531  3168  3183 I art     : Explicit concurrent mark sweep GC freed 2144(166KB) AllocSpace objects, 1(20KB) LOS objects, 24% free, 48MB/64MB, paused 666us total 14.076ms
08-05 17:52:33.537  3168  3183 I art     : Starting a blocking GC Explicit
08-05 17:52:33.551  3168  3183 I art     : Explicit concurrent mark sweep GC freed 6035(355KB) AllocSpace objects, 0(0B) LOS objects, 24% free, 48MB/64MB, paused 520us total 14.099ms
08-05 17:52:33.557  3168  3183 I art     : Starting a blocking GC Explicit
08-05 17:52:33.571  3168  3183 I art     : Explicit concurrent mark sweep GC freed 733(54KB) AllocSpace objects, 0(0B) LOS objects, 24% free, 48MB/64MB, paused 244us total 14.044ms
08-05 17:52:33.577  3168  3183 I art     : Starting a blocking GC Explicit
08-05 17:52:33.588  3168  3183 I art     : Explicit concurrent mark sweep GC freed 45(3KB) AllocSpace objects, 0(0B) LOS objects, 24% free, 48MB/64MB, paused 189us total 11.103ms
08-05 17:52:33.594  3168  3183 I art     : Starting a blocking GC Explicit
08-05 17:52:33.594 13866 13866 I GoogleInputMethodServic: GoogleInputMethodService.onFinishInput():3138 
08-05 17:52:33.594 13866 13866 I GoogleInputMethodServic: GoogleInputMethodService.onStartInput():1808 
08-05 17:52:33.605  3168  3183 I art     : Explicit concurrent mark sweep GC freed 65(2320B) AllocSpace objects, 0(0B) LOS objects, 24% free, 48MB/64MB, paused 194us total 11.137ms
08-05 17:52:33.634   918   936 I ActivityManager: Displayed baseline.appteam.nith.hillffair/.activities.BattleDayActivity: +129ms
08-05 17:52:33.869  3168  3183 I art     : Starting a blocking GC Explicit
08-05 17:52:33.886  3168  3183 I art     : Explicit concurrent mark sweep GC freed 1533(92KB) AllocSpace objects, 1(20KB) LOS objects, 24% free, 48MB/64MB, paused 187us total 16.750ms
08-05 17:52:33.893   380   380 W SurfaceFlinger: couldn't log to binary event log: overflow.
08-05 17:52:33.894  3168  3183 I art     : Starting a blocking GC Explicit
08-05 17:52:33.909  3168  3183 I art     : Explicit concurrent mark sweep GC freed 30(1024B) AllocSpace objects, 0(0B) LOS objects, 24% free, 48MB/64MB, paused 247us total 14.572ms
08-05 17:52:33.915  3168  3183 I art     : Starting a blocking GC Explicit
08-05 17:52:33.927  3168  3183 I art     : Explicit concurrent mark sweep GC freed 3(96B) AllocSpace objects, 0(0B) LOS objects, 24% free, 48MB/64MB, paused 204us total 11.679ms
08-05 17:52:33.933  3168  3183 I art     : Starting a blocking GC Explicit
08-05 17:52:33.945  3168  3183 I art     : Explicit concurrent mark sweep GC freed 3(96B) AllocSpace objects, 0(0B) LOS objects, 24% free, 48MB/64MB, paused 172us total 11.293ms
08-05 17:52:33.950  3168  3183 I art     : Starting a blocking GC Explicit
08-05 17:52:33.962  3168  3183 I art     : Explicit concurrent mark sweep GC freed 3(96B) AllocSpace objects, 0(0B) LOS objects, 24% free, 48MB/64MB, paused 181us total 11.382ms
08-05 17:52:34.230  3168  3295 I art     : Starting a blocking GC Explicit
08-05 17:52:34.246  3168  3295 I art     : Explicit concurrent mark sweep GC freed 1500(91KB) AllocSpace objects, 1(20KB) LOS objects, 24% free, 48MB/64MB, paused 226us total 15.793ms
08-05 17:52:34.253  3168  3295 I art     : Starting a blocking GC Explicit
08-05 17:52:34.267  3168  3295 I art     : Explicit concurrent mark sweep GC freed 53(1792B) AllocSpace objects, 0(0B) LOS objects, 24% free, 48MB/64MB, paused 202us total 13.261ms
08-05 17:52:34.273  3168  3295 I art     : Starting a blocking GC Explicit
08-05 17:52:34.285  3168  3295 I art     : Explicit concurrent mark sweep GC freed 8(288B) AllocSpace objects, 0(0B) LOS objects, 24% free, 48MB/64MB, paused 184us total 12.329ms
08-05 17:52:34.291  3168  3295 I art     : Starting a blocking GC Explicit
08-05 17:52:34.303  3168  3295 I art     : Explicit concurrent mark sweep GC freed 8(288B) AllocSpace objects, 0(0B) LOS objects, 24% free, 48MB/64MB, paused 213us total 11.801ms
08-05 17:52:34.309  3168  3295 I art     : Starting a blocking GC Explicit
08-05 17:52:34.321  3168  3295 I art     : Explicit concurrent mark sweep GC freed 7(240B) AllocSpace objects, 0(0B) LOS objects, 24% free, 48MB/64MB, paused 188us total 11.625ms
08-05 17:52:34.363  3168  3449 D OkHttp  : --> GET https://api-hillfair-2k16.herokuapp.com/api/app/events/special http/1.1
08-05 17:52:34.404   518   646 I ThermalEngine: ACTION: GPU - Setting GPU[0] to 510000000
08-05 17:52:34.404  3168  3449 D OkHttp  : <-- 200 OK https://api-hillfair-2k16.herokuapp.com/api/app/events/special (40ms, 554-byte body)
08-05 17:52:34.446  3168  3168 I NAPPA_EXPERIMENTATION: MetricNetworkRequestExecutionTime: REQUEST_DURATION_SYSTEM='895',REQUEST_DURATION_OKHTTP='39',REQUEST_SYNCHRONOUS='FALSE',RESPONSE_CODE='200',RESPONSE_METHOD='GET',RESPONSE_LENGTH_OKHTTP='554',RESPONSE_LENGTH_HEADER='554',REQUEST_PROTOCOL='http/1.1',REQUEST_URL='https://api-hillfair-2k16.herokuapp.com/api/app/events/special',
08-05 17:52:34.580  3168  3295 I art     : Starting a blocking GC Explicit
08-05 17:52:34.598  3168  3295 I art     : Explicit concurrent mark sweep GC freed 5869(375KB) AllocSpace objects, 4(220KB) LOS objects, 24% free, 48MB/64MB, paused 383us total 17.669ms
08-05 17:52:34.605  3168  3295 I art     : Starting a blocking GC Explicit
08-05 17:52:34.623  3168  3295 I art     : Explicit concurrent mark sweep GC freed 1106(122KB) AllocSpace objects, 0(0B) LOS objects, 24% free, 48MB/64MB, paused 395us total 17.689ms
08-05 17:52:34.632  3168  3295 I art     : Starting a blocking GC Explicit
08-05 17:52:34.649  3168  3295 I art     : Explicit concurrent mark sweep GC freed 3(96B) AllocSpace objects, 0(0B) LOS objects, 24% free, 48MB/64MB, paused 393us total 17.665ms
08-05 17:52:34.658  3168  3295 I art     : Starting a blocking GC Explicit
08-05 17:52:34.675  3168  3295 I art     : Explicit concurrent mark sweep GC freed 3(96B) AllocSpace objects, 0(0B) LOS objects, 24% free, 48MB/64MB, paused 406us total 17.549ms
08-05 17:52:34.684  3168  3295 I art     : Starting a blocking GC Explicit
08-05 17:52:34.702  3168  3295 I art     : Explicit concurrent mark sweep GC freed 3(96B) AllocSpace objects, 0(0B) LOS objects, 24% free, 48MB/64MB, paused 387us total 17.705ms
08-05 17:52:34.992  3168  3180 I art     : Starting a blocking GC Explicit
08-05 17:52:35.012  3168  3180 I art     : Explicit concurrent mark sweep GC freed 8760(371KB) AllocSpace objects, 1(20KB) LOS objects, 24% free, 48MB/64MB, paused 399us total 19.358ms
08-05 17:52:35.020  3168  3180 I art     : Starting a blocking GC Explicit
08-05 17:52:35.038  3168  3180 I art     : Explicit concurrent mark sweep GC freed 317(27KB) AllocSpace objects, 0(0B) LOS objects, 24% free, 49MB/65MB, paused 481us total 17.897ms
08-05 17:52:35.047  3168  3180 I art     : Starting a blocking GC Explicit
08-05 17:52:35.063  3168  3180 I art     : Explicit concurrent mark sweep GC freed 305(45KB) AllocSpace objects, 0(0B) LOS objects, 23% free, 51MB/67MB, paused 335us total 16.448ms
08-05 17:52:35.072  3168  3180 I art     : Starting a blocking GC Explicit
08-05 17:52:35.087  3168  3180 I art     : Explicit concurrent mark sweep GC freed 107(20KB) AllocSpace objects, 0(0B) LOS objects, 23% free, 51MB/67MB, paused 369us total 15.561ms
08-05 17:52:35.094  3168  3180 I art     : Starting a blocking GC Explicit
08-05 17:52:35.110  3168  3180 I art     : Explicit concurrent mark sweep GC freed 194(25KB) AllocSpace objects, 0(0B) LOS objects, 23% free, 52MB/68MB, paused 297us total 15.059ms
08-05 17:52:35.384  3168  3183 I art     : Starting a blocking GC Explicit
08-05 17:52:35.405  3168  3183 I art     : Explicit concurrent mark sweep GC freed 1420(162KB) AllocSpace objects, 1(20KB) LOS objects, 23% free, 52MB/68MB, paused 448us total 20.611ms
08-05 17:52:35.418  3168  3183 I art     : Starting a blocking GC Explicit
08-05 17:52:35.435  3168  3183 I art     : Explicit concurrent mark sweep GC freed 38(1360B) AllocSpace objects, 0(0B) LOS objects, 23% free, 52MB/68MB, paused 290us total 17.026ms
08-05 17:52:35.443  3168  3183 I art     : Starting a blocking GC Explicit
08-05 17:52:35.460  3168  3183 I art     : Explicit concurrent mark sweep GC freed 3(96B) AllocSpace objects, 0(0B) LOS objects, 23% free, 52MB/68MB, paused 299us total 17.255ms
08-05 17:52:35.469  3168  3183 I art     : Starting a blocking GC Explicit
08-05 17:52:35.487  3168  3183 I art     : Explicit concurrent mark sweep GC freed 3(96B) AllocSpace objects, 0(0B) LOS objects, 23% free, 52MB/68MB, paused 366us total 17.937ms
08-05 17:52:35.495  3168  3183 I art     : Starting a blocking GC Explicit
08-05 17:52:35.513  3168  3183 I art     : Explicit concurrent mark sweep GC freed 3(96B) AllocSpace objects, 0(0B) LOS objects, 23% free, 52MB/68MB, paused 298us total 17.825ms
08-05 17:52:35.838  3168  3180 I art     : Starting a blocking GC Explicit
08-05 17:52:35.862  3168  3180 I art     : Explicit concurrent mark sweep GC freed 1340(78KB) AllocSpace objects, 1(20KB) LOS objects, 23% free, 52MB/68MB, paused 354us total 22.904ms
08-05 17:52:35.878  3168  3180 I art     : Starting a blocking GC Explicit
08-05 17:52:35.895  3168  3180 I art     : Explicit concurrent mark sweep GC freed 20(704B) AllocSpace objects, 0(0B) LOS objects, 23% free, 52MB/68MB, paused 293us total 17.357ms
08-05 17:52:35.903  3168  3180 I art     : Starting a blocking GC Explicit
08-05 17:52:35.921  3168  3180 I art     : Explicit concurrent mark sweep GC freed 3(96B) AllocSpace objects, 0(0B) LOS objects, 23% free, 52MB/68MB, paused 296us total 17.518ms
08-05 17:52:35.929  3168  3180 I art     : Starting a blocking GC Explicit
08-05 17:52:35.947  3168  3180 I art     : Explicit concurrent mark sweep GC freed 3(96B) AllocSpace objects, 0(0B) LOS objects, 23% free, 52MB/68MB, paused 306us total 17.493ms
08-05 17:52:35.955  3168  3180 I art     : Starting a blocking GC Explicit
08-05 17:52:35.973  3168  3180 I art     : Explicit concurrent mark sweep GC freed 3(96B) AllocSpace objects, 0(0B) LOS objects, 23% free, 52MB/68MB, paused 290us total 17.675ms
08-05 17:52:36.287  3168  3295 I art     : Starting a blocking GC Explicit
08-05 17:52:36.309  3168  3295 I art     : Explicit concurrent mark sweep GC freed 1340(78KB) AllocSpace objects, 1(20KB) LOS objects, 23% free, 52MB/68MB, paused 332us total 22.063ms
08-05 17:52:36.320  3168  3295 I art     : Starting a blocking GC Explicit
08-05 17:52:36.342  3168  3295 I art     : Explicit concurrent mark sweep GC freed 20(704B) AllocSpace objects, 0(0B) LOS objects, 23% free, 52MB/68MB, paused 364us total 21.374ms
08-05 17:52:36.352  3168  3295 I art     : Starting a blocking GC Explicit
08-05 17:52:36.370  3168  3295 I art     : Explicit concurrent mark sweep GC freed 3(96B) AllocSpace objects, 0(0B) LOS objects, 23% free, 52MB/68MB, paused 303us total 17.909ms
08-05 17:52:36.379  3168  3295 I art     : Starting a blocking GC Explicit
08-05 17:52:36.397  3168  3295 I art     : Explicit concurrent mark sweep GC freed 3(96B) AllocSpace objects, 0(0B) LOS objects, 23% free, 52MB/68MB, paused 297us total 17.474ms
08-05 17:52:36.405  3168  3295 I art     : Starting a blocking GC Explicit
08-05 17:52:36.422  3168  3295 I art     : Explicit concurrent mark sweep GC freed 3(96B) AllocSpace objects, 0(0B) LOS objects, 23% free, 52MB/68MB, paused 289us total 17.092ms
08-05 17:52:36.703  3168  3183 I art     : Starting a blocking GC Explicit
08-05 17:52:36.726  3168  3183 I art     : Explicit concurrent mark sweep GC freed 1340(78KB) AllocSpace objects, 1(20KB) LOS objects, 23% free, 52MB/68MB, paused 313us total 22.060ms
08-05 17:52:36.735  3168  3183 I art     : Starting a blocking GC Explicit
08-05 17:52:36.753  3168  3183 I art     : Explicit concurrent mark sweep GC freed 20(704B) AllocSpace objects, 0(0B) LOS objects, 23% free, 52MB/68MB, paused 295us total 17.882ms
08-05 17:52:36.762  3168  3183 I art     : Starting a blocking GC Explicit
08-05 17:52:36.779  3168  3183 I art     : Explicit concurrent mark sweep GC freed 3(96B) AllocSpace objects, 0(0B) LOS objects, 23% free, 52MB/68MB, paused 295us total 17.478ms
08-05 17:52:36.788  3168  3183 I art     : Starting a blocking GC Explicit
08-05 17:52:36.805  3168  3183 I art     : Explicit concurrent mark sweep GC freed 3(96B) AllocSpace objects, 0(0B) LOS objects, 23% free, 52MB/68MB, paused 300us total 17.392ms
08-05 17:52:36.813  3168  3183 I art     : Starting a blocking GC Explicit
08-05 17:52:36.831  3168  3183 I art     : Explicit concurrent mark sweep GC freed 3(96B) AllocSpace objects, 0(0B) LOS objects, 23% free, 52MB/68MB, paused 296us total 17.466ms
08-05 17:52:37.138  3168  3180 I art     : Starting a blocking GC Explicit
08-05 17:52:37.162  3168  3180 I art     : Explicit concurrent mark sweep GC freed 1340(78KB) AllocSpace objects, 1(20KB) LOS objects, 23% free, 52MB/68MB, paused 426us total 23.750ms
08-05 17:52:37.175  3168  3180 I art     : Starting a blocking GC Explicit
08-05 17:52:37.193  3168  3180 I art     : Explicit concurrent mark sweep GC freed 20(704B) AllocSpace objects, 0(0B) LOS objects, 23% free, 52MB/68MB, paused 301us total 18.082ms
08-05 17:52:37.201  3168  3180 I art     : Starting a blocking GC Explicit
08-05 17:52:37.219  3168  3180 I art     : Explicit concurrent mark sweep GC freed 3(96B) AllocSpace objects, 0(0B) LOS objects, 23% free, 52MB/68MB, paused 287us total 17.075ms
08-05 17:52:37.227  3168  3180 I art     : Starting a blocking GC Explicit
08-05 17:52:37.244  3168  3180 I art     : Explicit concurrent mark sweep GC freed 3(96B) AllocSpace objects, 0(0B) LOS objects, 23% free, 52MB/68MB, paused 273us total 17.066ms
08-05 17:52:37.252  3168  3180 I art     : Starting a blocking GC Explicit
08-05 17:52:37.270  3168  3180 I art     : Explicit concurrent mark sweep GC freed 3(96B) AllocSpace objects, 0(0B) LOS objects, 23% free, 52MB/68MB, paused 285us total 17.701ms
08-05 17:52:37.459  3129  3129 I ServiceManager: Waiting for service AtCmdFwd...
08-05 17:52:37.593  3168  3295 I art     : Starting a blocking GC Explicit
08-05 17:52:37.618  3168  3295 I art     : Explicit concurrent mark sweep GC freed 1340(78KB) AllocSpace objects, 1(20KB) LOS objects, 23% free, 52MB/68MB, paused 334us total 24.845ms
08-05 17:52:37.629  3168  3295 I art     : Starting a blocking GC Explicit
08-05 17:52:37.648  3168  3295 I art     : Explicit concurrent mark sweep GC freed 20(704B) AllocSpace objects, 0(0B) LOS objects, 23% free, 52MB/68MB, paused 308us total 17.977ms
08-05 17:52:37.656  3168  3295 I art     : Starting a blocking GC Explicit
08-05 17:52:37.673  3168  3295 I art     : Explicit concurrent mark sweep GC freed 3(96B) AllocSpace objects, 0(0B) LOS objects, 23% free, 52MB/68MB, paused 294us total 17.350ms
08-05 17:52:37.682  3168  3295 I art     : Starting a blocking GC Explicit
08-05 17:52:37.699  3168  3295 I art     : Explicit concurrent mark sweep GC freed 3(96B) AllocSpace objects, 0(0B) LOS objects, 23% free, 52MB/68MB, paused 297us total 17.591ms
08-05 17:52:37.708  3168  3295 I art     : Starting a blocking GC Explicit
08-05 17:52:37.725  3168  3295 I art     : Explicit concurrent mark sweep GC freed 3(96B) AllocSpace objects, 0(0B) LOS objects, 23% free, 52MB/68MB, paused 297us total 17.408ms
08-05 17:52:38.037  3168  3183 I art     : Starting a blocking GC Explicit
08-05 17:52:38.059  3168  3183 I art     : Explicit concurrent mark sweep GC freed 1340(78KB) AllocSpace objects, 1(20KB) LOS objects, 23% free, 52MB/68MB, paused 332us total 21.824ms
08-05 17:52:38.070  3168  3183 I art     : Starting a blocking GC Explicit
08-05 17:52:38.091  3168  3183 I art     : Explicit concurrent mark sweep GC freed 20(704B) AllocSpace objects, 0(0B) LOS objects, 23% free, 52MB/68MB, paused 331us total 21.211ms
08-05 17:52:38.102  3168  3183 I art     : Starting a blocking GC Explicit
08-05 17:52:38.120  3168  3183 I art     : Explicit concurrent mark sweep GC freed 3(96B) AllocSpace objects, 0(0B) LOS objects, 23% free, 52MB/68MB, paused 306us total 17.567ms
08-05 17:52:38.128  3168  3183 I art     : Starting a blocking GC Explicit
08-05 17:52:38.146  3168  3183 I art     : Explicit concurrent mark sweep GC freed 3(96B) AllocSpace objects, 0(0B) LOS objects, 23% free, 52MB/68MB, paused 302us total 17.859ms
08-05 17:52:38.155  3168  3183 I art     : Starting a blocking GC Explicit
08-05 17:52:38.173  3168  3183 I art     : Explicit concurrent mark sweep GC freed 3(96B) AllocSpace objects, 0(0B) LOS objects, 23% free, 52MB/68MB, paused 301us total 17.825ms
08-05 17:52:38.460  3129  3129 I ServiceManager: Waiting for service AtCmdFwd...
08-05 17:52:38.493  3168  3180 I art     : Starting a blocking GC Explicit
08-05 17:52:38.513  3168  3180 I art     : Explicit concurrent mark sweep GC freed 1340(78KB) AllocSpace objects, 1(20KB) LOS objects, 23% free, 52MB/68MB, paused 483us total 20.016ms
08-05 17:52:38.525  3168  3180 I art     : Starting a blocking GC Explicit
08-05 17:52:38.543  3168  3180 I art     : Explicit concurrent mark sweep GC freed 20(704B) AllocSpace objects, 0(0B) LOS objects, 23% free, 52MB/68MB, paused 287us total 17.640ms
08-05 17:52:38.543  3168  3179 I art     : WaitForGcToComplete blocked for 12.291ms for cause HeapTrim
08-05 17:52:38.551  3168  3180 I art     : Starting a blocking GC Explicit
08-05 17:52:38.569  3168  3180 I art     : Explicit concurrent mark sweep GC freed 3(96B) AllocSpace objects, 0(0B) LOS objects, 23% free, 52MB/68MB, paused 294us total 17.316ms
08-05 17:52:38.577  3168  3180 I art     : Starting a blocking GC Explicit
08-05 17:52:38.595  3168  3180 I art     : Explicit concurrent mark sweep GC freed 3(96B) AllocSpace objects, 0(0B) LOS objects, 23% free, 52MB/68MB, paused 302us total 17.822ms
08-05 17:52:38.604  3168  3180 I art     : Starting a blocking GC Explicit
08-05 17:52:38.621  3168  3180 I art     : Explicit concurrent mark sweep GC freed 3(96B) AllocSpace objects, 0(0B) LOS objects, 23% free, 52MB/68MB, paused 281us total 17.669ms
08-05 17:52:38.941  3168  3295 I art     : Starting a blocking GC Explicit
08-05 17:52:38.965  3168  3295 I art     : Explicit concurrent mark sweep GC freed 1340(78KB) AllocSpace objects, 1(20KB) LOS objects, 23% free, 52MB/68MB, paused 352us total 23.804ms
08-05 17:52:38.980  3168  3295 I art     : Starting a blocking GC Explicit
08-05 17:52:38.998  3168  3295 I art     : Explicit concurrent mark sweep GC freed 20(704B) AllocSpace objects, 0(0B) LOS objects, 23% free, 52MB/68MB, paused 305us total 17.717ms
08-05 17:52:39.007  3168  3295 I art     : Starting a blocking GC Explicit
08-05 17:52:39.024  3168  3295 I art     : Explicit concurrent mark sweep GC freed 3(96B) AllocSpace objects, 0(0B) LOS objects, 23% free, 52MB/68MB, paused 304us total 17.481ms
08-05 17:52:39.033  3168  3295 I art     : Starting a blocking GC Explicit
08-05 17:52:39.051  3168  3295 I art     : Explicit concurrent mark sweep GC freed 3(96B) AllocSpace objects, 0(0B) LOS objects, 23% free, 52MB/68MB, paused 295us total 17.829ms
08-05 17:52:39.059  3168  3295 I art     : Starting a blocking GC Explicit
08-05 17:52:39.077  3168  3295 I art     : Explicit concurrent mark sweep GC freed 3(96B) AllocSpace objects, 0(0B) LOS objects, 23% free, 52MB/68MB, paused 354us total 17.493ms
08-05 17:52:39.385  3168  3183 I art     : Starting a blocking GC Explicit
08-05 17:52:39.408  3168  3183 I art     : Explicit concurrent mark sweep GC freed 1340(78KB) AllocSpace objects, 1(20KB) LOS objects, 23% free, 52MB/68MB, paused 365us total 22.163ms
08-05 17:52:39.419  3168  3183 I art     : Starting a blocking GC Explicit
08-05 17:52:39.441  3168  3183 I art     : Explicit concurrent mark sweep GC freed 20(704B) AllocSpace objects, 0(0B) LOS objects, 23% free, 52MB/68MB, paused 304us total 20.980ms
08-05 17:52:39.450  3168  3183 I art     : Starting a blocking GC Explicit
08-05 17:52:39.461  3129  3129 I ServiceManager: Waiting for service AtCmdFwd...
08-05 17:52:39.468  3168  3183 I art     : Explicit concurrent mark sweep GC freed 3(96B) AllocSpace objects, 0(0B) LOS objects, 23% free, 52MB/68MB, paused 285us total 17.686ms
08-05 17:52:39.477  3168  3183 I art     : Starting a blocking GC Explicit
08-05 17:52:39.494  3168  3183 I art     : Explicit concurrent mark sweep GC freed 3(96B) AllocSpace objects, 0(0B) LOS objects, 23% free, 52MB/68MB, paused 369us total 17.505ms
08-05 17:52:39.503  3168  3183 I art     : Starting a blocking GC Explicit
08-05 17:52:39.521  3168  3183 I art     : Explicit concurrent mark sweep GC freed 3(96B) AllocSpace objects, 0(0B) LOS objects, 23% free, 52MB/68MB, paused 290us total 18.010ms
08-05 17:52:39.834  3168  3180 I art     : Starting a blocking GC Explicit
08-05 17:52:39.856  3168  3180 I art     : Explicit concurrent mark sweep GC freed 1340(78KB) AllocSpace objects, 1(20KB) LOS objects, 23% free, 52MB/68MB, paused 335us total 21.777ms
08-05 17:52:39.867  3168  3180 I art     : Starting a blocking GC Explicit
08-05 17:52:39.889  3168  3180 I art     : Explicit concurrent mark sweep GC freed 20(704B) AllocSpace objects, 0(0B) LOS objects, 23% free, 52MB/68MB, paused 296us total 21.059ms
08-05 17:52:39.898  3168  3180 I art     : Starting a blocking GC Explicit
08-05 17:52:39.916  3168  3180 I art     : Explicit concurrent mark sweep GC freed 3(96B) AllocSpace objects, 0(0B) LOS objects, 23% free, 52MB/68MB, paused 293us total 17.918ms
08-05 17:52:39.925  3168  3180 I art     : Starting a blocking GC Explicit
08-05 17:52:39.942  3168  3180 I art     : Explicit concurrent mark sweep GC freed 3(96B) AllocSpace objects, 0(0B) LOS objects, 23% free, 52MB/68MB, paused 295us total 17.547ms
08-05 17:52:39.951  3168  3180 I art     : Starting a blocking GC Explicit
08-05 17:52:39.968  3168  3180 I art     : Explicit concurrent mark sweep GC freed 3(96B) AllocSpace objects, 0(0B) LOS objects, 23% free, 52MB/68MB, paused 280us total 17.256ms
08-05 17:52:40.275  3168  3295 I art     : Starting a blocking GC Explicit
08-05 17:52:40.302  3168  3295 I art     : Explicit concurrent mark sweep GC freed 1340(78KB) AllocSpace objects, 1(20KB) LOS objects, 23% free, 52MB/68MB, paused 396us total 27.115ms
08-05 17:52:40.316  3168  3295 I art     : Starting a blocking GC Explicit
08-05 17:52:40.333  3168  3295 I art     : Explicit concurrent mark sweep GC freed 20(704B) AllocSpace objects, 0(0B) LOS objects, 23% free, 52MB/68MB, paused 296us total 16.555ms
08-05 17:52:40.340  3168  3295 I art     : Starting a blocking GC Explicit
08-05 17:52:40.357  3168  3295 I art     : Explicit concurrent mark sweep GC freed 3(96B) AllocSpace objects, 0(0B) LOS objects, 23% free, 52MB/68MB, paused 293us total 16.700ms
08-05 17:52:40.365  3168  3295 I art     : Starting a blocking GC Explicit
08-05 17:52:40.383  3168  3295 I art     : Explicit concurrent mark sweep GC freed 3(96B) AllocSpace objects, 0(0B) LOS objects, 23% free, 52MB/68MB, paused 285us total 17.416ms
08-05 17:52:40.391  3168  3295 I art     : Starting a blocking GC Explicit
08-05 17:52:40.409  3168  3295 I art     : Explicit concurrent mark sweep GC freed 3(96B) AllocSpace objects, 0(0B) LOS objects, 23% free, 52MB/68MB, paused 280us total 17.659ms
08-05 17:52:40.461  3129  3129 I ServiceManager: Waiting for service AtCmdFwd...
08-05 17:52:40.756  3168  3183 I art     : Starting a blocking GC Explicit
08-05 17:52:40.781  3168  3183 I art     : Explicit concurrent mark sweep GC freed 1340(78KB) AllocSpace objects, 1(20KB) LOS objects, 23% free, 52MB/68MB, paused 347us total 24.527ms
08-05 17:52:40.794  3168  3183 I art     : Starting a blocking GC Explicit
08-05 17:52:40.812  3168  3183 I art     : Explicit concurrent mark sweep GC freed 20(704B) AllocSpace objects, 0(0B) LOS objects, 23% free, 52MB/68MB, paused 303us total 18.113ms
08-05 17:52:40.821  3168  3183 I art     : Starting a blocking GC Explicit
08-05 17:52:40.838  3168  3183 I art     : Explicit concurrent mark sweep GC freed 3(96B) AllocSpace objects, 0(0B) LOS objects, 23% free, 52MB/68MB, paused 290us total 17.218ms
08-05 17:52:40.846  3168  3183 I art     : Starting a blocking GC Explicit
08-05 17:52:40.863  3168  3183 I art     : Explicit concurrent mark sweep GC freed 3(96B) AllocSpace objects, 0(0B) LOS objects, 23% free, 52MB/68MB, paused 292us total 17.019ms
08-05 17:52:40.872  3168  3183 I art     : Starting a blocking GC Explicit
08-05 17:52:40.890  3168  3183 I art     : Explicit concurrent mark sweep GC freed 3(96B) AllocSpace objects, 0(0B) LOS objects, 23% free, 52MB/68MB, paused 291us total 17.801ms
08-05 17:52:41.194  3168  3180 I art     : Starting a blocking GC Explicit
08-05 17:52:41.214  3168  3180 I art     : Explicit concurrent mark sweep GC freed 1340(78KB) AllocSpace objects, 1(20KB) LOS objects, 23% free, 52MB/68MB, paused 317us total 19.693ms
08-05 17:52:41.225  3168  3180 I art     : Starting a blocking GC Explicit
08-05 17:52:41.243  3168  3180 I art     : Explicit concurrent mark sweep GC freed 20(704B) AllocSpace objects, 0(0B) LOS objects, 23% free, 52MB/68MB, paused 285us total 17.466ms
08-05 17:52:41.251  3168  3180 I art     : Starting a blocking GC Explicit
08-05 17:52:41.268  3168  3180 I art     : Explicit concurrent mark sweep GC freed 3(96B) AllocSpace objects, 0(0B) LOS objects, 23% free, 52MB/68MB, paused 280us total 17.308ms
08-05 17:52:41.277  3168  3180 I art     : Starting a blocking GC Explicit
08-05 17:52:41.295  3168  3180 I art     : Explicit concurrent mark sweep GC freed 3(96B) AllocSpace objects, 0(0B) LOS objects, 23% free, 52MB/68MB, paused 287us total 17.795ms
08-05 17:52:41.303  3168  3180 I art     : Starting a blocking GC Explicit
08-05 17:52:41.321  3168  3180 I art     : Explicit concurrent mark sweep GC freed 3(96B) AllocSpace objects, 0(0B) LOS objects, 23% free, 52MB/68MB, paused 273us total 17.878ms
08-05 17:52:41.462  3129  3129 I ServiceManager: Waiting for service AtCmdFwd...
08-05 17:52:41.653  3168  3295 I art     : Starting a blocking GC Explicit
08-05 17:52:41.676  3168  3295 I art     : Explicit concurrent mark sweep GC freed 1340(78KB) AllocSpace objects, 1(20KB) LOS objects, 23% free, 52MB/68MB, paused 313us total 22.069ms
08-05 17:52:41.687  3168  3295 I art     : Starting a blocking GC Explicit
08-05 17:52:41.705  3168  3295 I art     : Explicit concurrent mark sweep GC freed 20(704B) AllocSpace objects, 0(0B) LOS objects, 23% free, 52MB/68MB, paused 394us total 17.777ms
08-05 17:52:41.714  3168  3295 I art     : Starting a blocking GC Explicit
08-05 17:52:41.732  3168  3295 I art     : Explicit concurrent mark sweep GC freed 3(96B) AllocSpace objects, 0(0B) LOS objects, 23% free, 52MB/68MB, paused 309us total 17.504ms
08-05 17:52:41.740  3168  3295 I art     : Starting a blocking GC Explicit
08-05 17:52:41.757  3168  3295 I art     : Explicit concurrent mark sweep GC freed 3(96B) AllocSpace objects, 0(0B) LOS objects, 23% free, 52MB/68MB, paused 343us total 17.022ms
08-05 17:52:41.765  3168  3295 I art     : Starting a blocking GC Explicit
08-05 17:52:41.782  3168  3295 I art     : Explicit concurrent mark sweep GC freed 3(96B) AllocSpace objects, 0(0B) LOS objects, 23% free, 52MB/68MB, paused 294us total 16.782ms
08-05 17:52:42.073  3168  3183 I art     : Starting a blocking GC Explicit
08-05 17:52:42.091  3168  3183 I art     : Explicit concurrent mark sweep GC freed 1340(78KB) AllocSpace objects, 1(20KB) LOS objects, 23% free, 52MB/68MB, paused 308us total 17.744ms
08-05 17:52:42.099  3168  3183 I art     : Starting a blocking GC Explicit
08-05 17:52:42.116  3168  3183 I art     : Explicit concurrent mark sweep GC freed 20(704B) AllocSpace objects, 0(0B) LOS objects, 23% free, 52MB/68MB, paused 297us total 16.724ms
08-05 17:52:42.124  3168  3183 I art     : Starting a blocking GC Explicit
08-05 17:52:42.141  3168  3183 I art     : Explicit concurrent mark sweep GC freed 3(96B) AllocSpace objects, 0(0B) LOS objects, 23% free, 52MB/68MB, paused 306us total 16.631ms
08-05 17:52:42.149  3168  3183 I art     : Starting a blocking GC Explicit
08-05 17:52:42.158  3654  3654 D AndroidRuntime: >>>>>> START com.android.internal.os.RuntimeInit uid 2000 <<<<<<
08-05 17:52:42.163  3654  3654 D AndroidRuntime: CheckJNI is OFF
08-05 17:52:42.166  3168  3183 I art     : Explicit concurrent mark sweep GC freed 3(96B) AllocSpace objects, 0(0B) LOS objects, 23% free, 52MB/68MB, paused 298us total 17.097ms
08-05 17:52:42.174  3168  3183 I art     : Starting a blocking GC Explicit
08-05 17:52:42.191  3168  3183 I art     : Explicit concurrent mark sweep GC freed 3(96B) AllocSpace objects, 0(0B) LOS objects, 23% free, 52MB/68MB, paused 323us total 16.621ms
08-05 17:52:42.200  3654  3654 D ICU     : No timezone override file found: /data/misc/zoneinfo/current/icu/icu_tzdata.dat
08-05 17:52:42.232  3654  3654 I Radio-JNI: register_android_hardware_Radio DONE
08-05 17:52:42.253  3654  3654 D AndroidRuntime: Calling main entry com.android.commands.input.Input
08-05 17:52:42.255  3654  3654 I Input   : injectMotionEvent: MotionEvent { action=ACTION_DOWN, actionButton=0, id[0]=0, x[0]=733.0, y[0]=645.0, toolType[0]=TOOL_TYPE_UNKNOWN, buttonState=0, metaState=0, flags=0x0, edgeFlags=0x0, pointerCount=1, historySize=0, eventTime=813178668, downTime=813178668, deviceId=0, source=0x1002 }
08-05 17:52:42.261  3654  3654 I Input   : injectMotionEvent: MotionEvent { action=ACTION_UP, actionButton=0, id[0]=0, x[0]=733.0, y[0]=645.0, toolType[0]=TOOL_TYPE_UNKNOWN, buttonState=0, metaState=0, flags=0x0, edgeFlags=0x0, pointerCount=1, historySize=0, eventTime=813178668, downTime=813178668, deviceId=0, source=0x1002 }
08-05 17:52:42.262   918  5481 I ActivityManager: START u0 {cmp=baseline.appteam.nith.hillffair/.activities.ClubActivity (has extras)} from uid 10675 on display 0
08-05 17:52:42.269  3654  3654 D AndroidRuntime: Shutting down VM
08-05 17:52:42.376   918   936 I ActivityManager: Displayed baseline.appteam.nith.hillffair/.activities.ClubActivity: +106ms
08-05 17:52:42.377 13866 13866 I GoogleInputMethodServic: GoogleInputMethodService.onFinishInput():3138 
08-05 17:52:42.377 13866 13866 I GoogleInputMethodServic: GoogleInputMethodService.onStartInput():1808 
08-05 17:52:42.441  3168  3183 I art     : Starting a blocking GC Explicit
08-05 17:52:42.460  3168  3183 I art     : Explicit concurrent mark sweep GC freed 5272(328KB) AllocSpace objects, 1(20KB) LOS objects, 23% free, 52MB/68MB, paused 318us total 18.377ms
08-05 17:52:42.463  3129  3129 W Atfwd_Sendcmd: AtCmdFwd service not published, waiting... retryCnt : 4
08-05 17:52:42.468  3168  3183 I art     : Starting a blocking GC Explicit
08-05 17:52:42.486  3168  3183 I art     : Explicit concurrent mark sweep GC freed 213(9KB) AllocSpace objects, 0(0B) LOS objects, 23% free, 52MB/68MB, paused 419us total 17.707ms
08-05 17:52:42.494  3168  3183 I art     : Starting a blocking GC Explicit
08-05 17:52:42.512  3168  3183 I art     : Explicit concurrent mark sweep GC freed 3(96B) AllocSpace objects, 0(0B) LOS objects, 23% free, 52MB/68MB, paused 326us total 17.790ms
08-05 17:52:42.521  3168  3183 I art     : Starting a blocking GC Explicit
08-05 17:52:42.542  3168  3183 I art     : Explicit concurrent mark sweep GC freed 3(96B) AllocSpace objects, 0(0B) LOS objects, 23% free, 52MB/68MB, paused 336us total 19.897ms
08-05 17:52:42.550  3168  3183 I art     : Starting a blocking GC Explicit
08-05 17:52:42.571  3168  3183 I art     : Explicit concurrent mark sweep GC freed 3(96B) AllocSpace objects, 0(0B) LOS objects, 23% free, 52MB/68MB, paused 348us total 20.767ms
08-05 17:52:42.636   380   380 W SurfaceFlinger: couldn't log to binary event log: overflow.
08-05 17:52:42.822  3168  3183 I art     : Starting a blocking GC Explicit
08-05 17:52:42.841  3168  3183 I art     : Explicit concurrent mark sweep GC freed 1474(86KB) AllocSpace objects, 1(20KB) LOS objects, 23% free, 52MB/68MB, paused 347us total 18.423ms
08-05 17:52:42.849  3168  3183 I art     : Starting a blocking GC Explicit
08-05 17:52:42.867  3168  3183 I art     : Explicit concurrent mark sweep GC freed 35(1216B) AllocSpace objects, 0(0B) LOS objects, 23% free, 52MB/68MB, paused 419us total 17.615ms
08-05 17:52:42.875  3168  3183 I art     : Starting a blocking GC Explicit
08-05 17:52:42.893  3168  3183 I art     : Explicit concurrent mark sweep GC freed 11(416B) AllocSpace objects, 0(0B) LOS objects, 23% free, 52MB/68MB, paused 339us total 17.551ms
08-05 17:52:42.901  3168  3183 I art     : Starting a blocking GC Explicit
08-05 17:52:42.918  3168  3183 I art     : Explicit concurrent mark sweep GC freed 10(352B) AllocSpace objects, 0(0B) LOS objects, 23% free, 52MB/68MB, paused 312us total 17.358ms
08-05 17:52:42.926  3168  3183 I art     : Starting a blocking GC Explicit
08-05 17:52:42.942  3168  3183 I art     : Explicit concurrent mark sweep GC freed 11(416B) AllocSpace objects, 0(0B) LOS objects, 23% free, 52MB/68MB, paused 333us total 16.327ms
08-05 17:52:43.175  3168  3679 D OkHttp  : --> GET https://api-hillfair-2k16.herokuapp.com/api/app/events/special/event?id=5806551bdcba0f490c70fd1f http/1.1
08-05 17:52:43.211  3168  3679 D OkHttp  : <-- 200 OK https://api-hillfair-2k16.herokuapp.com/api/app/events/special/event?id=5806551bdcba0f490c70fd1f (35ms, 795-byte body)
08-05 17:52:43.232  3168  3180 I art     : Starting a blocking GC Explicit
08-05 17:52:43.252  3168  3180 I art     : Explicit concurrent mark sweep GC freed 4197(250KB) AllocSpace objects, 4(220KB) LOS objects, 23% free, 52MB/68MB, paused 467us total 20.443ms
08-05 17:52:43.254  3168  3168 I NAPPA_EXPERIMENTATION: MetricNetworkRequestExecutionTime: REQUEST_DURATION_SYSTEM='945',REQUEST_DURATION_OKHTTP='36',REQUEST_SYNCHRONOUS='FALSE',RESPONSE_CODE='200',RESPONSE_METHOD='GET',RESPONSE_LENGTH_OKHTTP='795',RESPONSE_LENGTH_HEADER='795',REQUEST_PROTOCOL='http/1.1',REQUEST_URL='https://api-hillfair-2k16.herokuapp.com/api/app/events/special/event?id=5806551bdcba0f490c70fd1f',
08-05 17:52:43.261  3168  3180 I art     : Starting a blocking GC Explicit
08-05 17:52:43.279  3168  3180 I art     : Explicit concurrent mark sweep GC freed 1590(186KB) AllocSpace objects, 0(0B) LOS objects, 23% free, 52MB/68MB, paused 579us total 18.200ms
08-05 17:52:43.287  3168  3180 I art     : Starting a blocking GC Explicit
08-05 17:52:43.305  3168  3180 I art     : Explicit concurrent mark sweep GC freed 66(14KB) AllocSpace objects, 0(0B) LOS objects, 23% free, 52MB/68MB, paused 777us total 17.740ms
08-05 17:52:43.313  3168  3180 I art     : Starting a blocking GC Explicit
08-05 17:52:43.330  3168  3180 I art     : Explicit concurrent mark sweep GC freed 17(8KB) AllocSpace objects, 0(0B) LOS objects, 23% free, 52MB/68MB, paused 335us total 16.716ms
08-05 17:52:43.338  3168  3180 I art     : Starting a blocking GC Explicit
08-05 17:52:43.356  3168  3180 I art     : Explicit concurrent mark sweep GC freed 21(704B) AllocSpace objects, 0(0B) LOS objects, 23% free, 52MB/68MB, paused 303us total 17.824ms
08-05 17:52:43.647  3168  3295 I art     : Starting a blocking GC Explicit
08-05 17:52:43.674  3168  3295 I art     : Explicit concurrent mark sweep GC freed 1342(78KB) AllocSpace objects, 1(20KB) LOS objects, 23% free, 52MB/68MB, paused 300us total 26.313ms
08-05 17:52:43.682  3168  3295 I art     : Starting a blocking GC Explicit
08-05 17:52:43.701  3168  3295 I art     : Explicit concurrent mark sweep GC freed 36(1264B) AllocSpace objects, 0(0B) LOS objects, 23% free, 52MB/68MB, paused 320us total 18.464ms
08-05 17:52:43.710  3168  3295 I art     : Starting a blocking GC Explicit
08-05 17:52:43.728  3168  3295 I art     : Explicit concurrent mark sweep GC freed 3(96B) AllocSpace objects, 0(0B) LOS objects, 23% free, 52MB/68MB, paused 311us total 17.769ms
08-05 17:52:43.737  3168  3295 I art     : Starting a blocking GC Explicit
08-05 17:52:43.755  3168  3295 I art     : Explicit concurrent mark sweep GC freed 3(96B) AllocSpace objects, 0(0B) LOS objects, 23% free, 52MB/68MB, paused 305us total 17.813ms
08-05 17:52:43.763  3168  3295 I art     : Starting a blocking GC Explicit
08-05 17:52:43.781  3168  3295 I art     : Explicit concurrent mark sweep GC freed 3(96B) AllocSpace objects, 0(0B) LOS objects, 23% free, 52MB/68MB, paused 302us total 17.867ms
08-05 17:52:44.100  3168  3183 I art     : Starting a blocking GC Explicit
08-05 17:52:44.126  3168  3183 I art     : Explicit concurrent mark sweep GC freed 1341(78KB) AllocSpace objects, 1(20KB) LOS objects, 23% free, 52MB/68MB, paused 349us total 26.017ms
08-05 17:52:44.138  3168  3183 I art     : Starting a blocking GC Explicit
08-05 17:52:44.157  3168  3183 I art     : Explicit concurrent mark sweep GC freed 20(704B) AllocSpace objects, 0(0B) LOS objects, 23% free, 52MB/68MB, paused 371us total 18.096ms
08-05 17:52:44.165  3168  3183 I art     : Starting a blocking GC Explicit
08-05 17:52:44.183  3168  3183 I art     : Explicit concurrent mark sweep GC freed 3(96B) AllocSpace objects, 0(0B) LOS objects, 23% free, 52MB/68MB, paused 308us total 18.100ms
08-05 17:52:44.191  3168  3183 I art     : Starting a blocking GC Explicit
08-05 17:52:44.210  3168  3183 I art     : Explicit concurrent mark sweep GC freed 3(96B) AllocSpace objects, 0(0B) LOS objects, 23% free, 52MB/68MB, paused 313us total 18.440ms
08-05 17:52:44.218  3168  3183 I art     : Starting a blocking GC Explicit
08-05 17:52:44.237  3168  3183 I art     : Explicit concurrent mark sweep GC freed 3(96B) AllocSpace objects, 0(0B) LOS objects, 23% free, 52MB/68MB, paused 335us total 18.786ms
08-05 17:52:44.571  3168  3180 I art     : Starting a blocking GC Explicit
08-05 17:52:44.598  3168  3180 I art     : Explicit concurrent mark sweep GC freed 1341(78KB) AllocSpace objects, 1(20KB) LOS objects, 23% free, 52MB/68MB, paused 444us total 25.755ms
08-05 17:52:44.609  3168  3180 I art     : Starting a blocking GC Explicit
08-05 17:52:44.628  3168  3180 I art     : Explicit concurrent mark sweep GC freed 20(704B) AllocSpace objects, 0(0B) LOS objects, 23% free, 52MB/68MB, paused 308us total 19.007ms
08-05 17:52:44.637  3168  3180 I art     : Starting a blocking GC Explicit
08-05 17:52:44.655  3168  3180 I art     : Explicit concurrent mark sweep GC freed 3(96B) AllocSpace objects, 0(0B) LOS objects, 23% free, 52MB/68MB, paused 306us total 18.316ms
08-05 17:52:44.664  3168  3180 I art     : Starting a blocking GC Explicit
08-05 17:52:44.682  3168  3180 I art     : Explicit concurrent mark sweep GC freed 3(96B) AllocSpace objects, 0(0B) LOS objects, 23% free, 52MB/68MB, paused 298us total 18.429ms
08-05 17:52:44.691  3168  3180 I art     : Starting a blocking GC Explicit
08-05 17:52:44.710  3168  3180 I art     : Explicit concurrent mark sweep GC freed 3(96B) AllocSpace objects, 0(0B) LOS objects, 23% free, 52MB/68MB, paused 301us total 18.654ms
08-05 17:52:45.021  3168  3295 I art     : Starting a blocking GC Explicit
08-05 17:52:45.042  3168  3295 I art     : Explicit concurrent mark sweep GC freed 1341(78KB) AllocSpace objects, 1(20KB) LOS objects, 23% free, 52MB/68MB, paused 354us total 20.805ms
08-05 17:52:45.054  3168  3295 I art     : Starting a blocking GC Explicit
08-05 17:52:45.076  3168  3295 I art     : Explicit concurrent mark sweep GC freed 20(704B) AllocSpace objects, 0(0B) LOS objects, 23% free, 52MB/68MB, paused 321us total 21.967ms
08-05 17:52:45.085  3168  3295 I art     : Starting a blocking GC Explicit
08-05 17:52:45.103  3168  3295 I art     : Explicit concurrent mark sweep GC freed 3(96B) AllocSpace objects, 0(0B) LOS objects, 23% free, 52MB/68MB, paused 304us total 18.664ms
08-05 17:52:45.112  3168  3295 I art     : Starting a blocking GC Explicit
08-05 17:52:45.131  3168  3295 I art     : Explicit concurrent mark sweep GC freed 3(96B) AllocSpace objects, 0(0B) LOS objects, 23% free, 52MB/68MB, paused 323us total 18.472ms
08-05 17:52:45.139  3168  3295 I art     : Starting a blocking GC Explicit
08-05 17:52:45.158  3168  3295 I art     : Explicit concurrent mark sweep GC freed 3(96B) AllocSpace objects, 0(0B) LOS objects, 23% free, 52MB/68MB, paused 314us total 18.475ms
08-05 17:52:45.450  3168  3183 I art     : Starting a blocking GC Explicit
08-05 17:52:45.476  3168  3183 I art     : Explicit concurrent mark sweep GC freed 1341(78KB) AllocSpace objects, 1(20KB) LOS objects, 23% free, 52MB/68MB, paused 322us total 25.420ms
08-05 17:52:45.488  3168  3183 I art     : Starting a blocking GC Explicit
08-05 17:52:45.509  3168  3183 I art     : Explicit concurrent mark sweep GC freed 20(704B) AllocSpace objects, 0(0B) LOS objects, 23% free, 52MB/68MB, paused 312us total 20.476ms
08-05 17:52:45.517  3168  3183 I art     : Starting a blocking GC Explicit
08-05 17:52:45.536  3168  3183 I art     : Explicit concurrent mark sweep GC freed 3(96B) AllocSpace objects, 0(0B) LOS objects, 23% free, 52MB/68MB, paused 310us total 18.934ms
08-05 17:52:45.545  3168  3183 I art     : Starting a blocking GC Explicit
08-05 17:52:45.564  3168  3183 I art     : Explicit concurrent mark sweep GC freed 3(96B) AllocSpace objects, 0(0B) LOS objects, 23% free, 52MB/68MB, paused 309us total 18.408ms
08-05 17:52:45.572  3168  3183 I art     : Starting a blocking GC Explicit
08-05 17:52:45.590  3168  3183 I art     : Explicit concurrent mark sweep GC freed 3(96B) AllocSpace objects, 0(0B) LOS objects, 23% free, 52MB/68MB, paused 305us total 18.336ms
08-05 17:52:45.920  3168  3180 I art     : Starting a blocking GC Explicit
08-05 17:52:45.948  3168  3180 I art     : Explicit concurrent mark sweep GC freed 1341(78KB) AllocSpace objects, 1(20KB) LOS objects, 23% free, 52MB/68MB, paused 431us total 27.781ms
08-05 17:52:45.961  3168  3180 I art     : Starting a blocking GC Explicit
08-05 17:52:45.983  3168  3180 I art     : Explicit concurrent mark sweep GC freed 20(704B) AllocSpace objects, 0(0B) LOS objects, 23% free, 52MB/68MB, paused 324us total 21.434ms
08-05 17:52:45.994  3168  3180 I art     : Starting a blocking GC Explicit
08-05 17:52:46.014  3168  3180 I art     : Explicit concurrent mark sweep GC freed 3(96B) AllocSpace objects, 0(0B) LOS objects, 23% free, 52MB/68MB, paused 308us total 19.269ms
08-05 17:52:46.022  3168  3180 I art     : Starting a blocking GC Explicit
08-05 17:52:46.042  3168  3180 I art     : Explicit concurrent mark sweep GC freed 3(96B) AllocSpace objects, 0(0B) LOS objects, 23% free, 52MB/68MB, paused 305us total 19.173ms
08-05 17:52:46.050  3168  3180 I art     : Starting a blocking GC Explicit
08-05 17:52:46.069  3168  3180 I art     : Explicit concurrent mark sweep GC freed 3(96B) AllocSpace objects, 0(0B) LOS objects, 23% free, 52MB/68MB, paused 302us total 18.907ms
08-05 17:52:46.347   918  1210 D NetlinkSocketObserver: NeighborEvent{elapsedMs=1796570221, 192.168.2.254, [7C3953A63323], RTM_NEWNEIGH, NUD_STALE}
08-05 17:52:46.384  3168  3295 I art     : Starting a blocking GC Explicit
08-05 17:52:46.408  3168  3295 I art     : Explicit concurrent mark sweep GC freed 1341(78KB) AllocSpace objects, 1(20KB) LOS objects, 23% free, 52MB/68MB, paused 391us total 23.433ms
08-05 17:52:46.418  3168  3295 I art     : Starting a blocking GC Explicit
08-05 17:52:46.438  3168  3295 I art     : Explicit concurrent mark sweep GC freed 20(704B) AllocSpace objects, 0(0B) LOS objects, 23% free, 52MB/68MB, paused 339us total 18.978ms
08-05 17:52:46.446  3168  3295 I art     : Starting a blocking GC Explicit
08-05 17:52:46.465  3168  3295 I art     : Explicit concurrent mark sweep GC freed 3(96B) AllocSpace objects, 0(0B) LOS objects, 23% free, 52MB/68MB, paused 295us total 18.733ms
08-05 17:52:46.473  3168  3295 I art     : Starting a blocking GC Explicit
08-05 17:52:46.492  3168  3295 I art     : Explicit concurrent mark sweep GC freed 3(96B) AllocSpace objects, 0(0B) LOS objects, 23% free, 52MB/68MB, paused 326us total 18.770ms
08-05 17:52:46.501  3168  3295 I art     : Starting a blocking GC Explicit
08-05 17:52:46.520  3168  3295 I art     : Explicit concurrent mark sweep GC freed 3(96B) AllocSpace objects, 0(0B) LOS objects, 23% free, 52MB/68MB, paused 310us total 18.671ms
08-05 17:52:46.839  3168  3183 I art     : Starting a blocking GC Explicit
08-05 17:52:46.861  3168  3183 I art     : Explicit concurrent mark sweep GC freed 1341(78KB) AllocSpace objects, 1(20KB) LOS objects, 23% free, 52MB/68MB, paused 354us total 21.665ms
08-05 17:52:46.872  3168  3183 I art     : Starting a blocking GC Explicit
08-05 17:52:46.893  3168  3183 I art     : Explicit concurrent mark sweep GC freed 20(704B) AllocSpace objects, 0(0B) LOS objects, 23% free, 52MB/68MB, paused 322us total 20.677ms
08-05 17:52:46.902  3168  3183 I art     : Starting a blocking GC Explicit
08-05 17:52:46.921  3168  3183 I art     : Explicit concurrent mark sweep GC freed 3(96B) AllocSpace objects, 0(0B) LOS objects, 23% free, 52MB/68MB, paused 314us total 18.771ms
08-05 17:52:46.930  3168  3183 I art     : Starting a blocking GC Explicit
08-05 17:52:46.948  3168  3183 I art     : Explicit concurrent mark sweep GC freed 3(96B) AllocSpace objects, 0(0B) LOS objects, 23% free, 52MB/68MB, paused 312us total 18.370ms
08-05 17:52:46.956  3168  3183 I art     : Starting a blocking GC Explicit
08-05 17:52:46.975  3168  3183 I art     : Explicit concurrent mark sweep GC freed 3(96B) AllocSpace objects, 0(0B) LOS objects, 23% free, 52MB/68MB, paused 319us total 18.308ms
08-05 17:52:47.288  3168  3180 I art     : Starting a blocking GC Explicit
08-05 17:52:47.307  3168  3180 I art     : Explicit concurrent mark sweep GC freed 1341(78KB) AllocSpace objects, 1(20KB) LOS objects, 23% free, 52MB/68MB, paused 303us total 18.585ms
08-05 17:52:47.315  3168  3180 I art     : Starting a blocking GC Explicit
08-05 17:52:47.333  3168  3180 I art     : Explicit concurrent mark sweep GC freed 262(14KB) AllocSpace objects, 0(0B) LOS objects, 23% free, 52MB/68MB, paused 523us total 18.559ms
08-05 17:52:47.341  3168  3180 I art     : Starting a blocking GC Explicit
08-05 17:52:47.360  3168  3180 I art     : Explicit concurrent mark sweep GC freed 42(1552B) AllocSpace objects, 0(0B) LOS objects, 23% free, 52MB/68MB, paused 348us total 18.563ms
08-05 17:52:47.368  3168  3180 I art     : Starting a blocking GC Explicit
08-05 17:52:47.387  3168  3180 I art     : Explicit concurrent mark sweep GC freed 3(96B) AllocSpace objects, 0(0B) LOS objects, 23% free, 52MB/68MB, paused 377us total 18.553ms
08-05 17:52:47.396  3168  3180 I art     : Starting a blocking GC Explicit
08-05 17:52:47.415  3168  3180 I art     : Explicit concurrent mark sweep GC freed 3(96B) AllocSpace objects, 0(0B) LOS objects, 23% free, 52MB/68MB, paused 367us total 19.592ms
08-05 17:52:47.590  3168  3833 W OneSignal: OneSignalRestClient: POST Error thrown from network stack. 
08-05 17:52:47.590  3168  3833 W OneSignal: java.io.IOException: unexpected end of stream on Connection{api.onesignal.com:443, proxy=HTTP@192.168.2.12:8080 hostAddress=192.168.2.12 cipherSuite=TLS_ECDHE_RSA_WITH_AES_128_GCM_SHA256 protocol=http/1.1} (recycle count=0)
08-05 17:52:47.590  3168  3833 W OneSignal: 	at com.android.okhttp.internal.http.HttpConnection.readResponse(HttpConnection.java:210)
08-05 17:52:47.590  3168  3833 W OneSignal: 	at com.android.okhttp.internal.http.HttpTransport.readResponseHeaders(HttpTransport.java:80)
08-05 17:52:47.590  3168  3833 W OneSignal: 	at com.android.okhttp.internal.http.HttpEngine.readNetworkResponse(HttpEngine.java:904)
08-05 17:52:47.590  3168  3833 W OneSignal: 	at com.android.okhttp.internal.http.HttpEngine.readResponse(HttpEngine.java:788)
08-05 17:52:47.590  3168  3833 W OneSignal: 	at com.android.okhttp.internal.huc.HttpURLConnectionImpl.execute(HttpURLConnectionImpl.java:439)
08-05 17:52:47.590  3168  3833 W OneSignal: 	at com.android.okhttp.internal.huc.HttpURLConnectionImpl.getResponse(HttpURLConnectionImpl.java:384)
08-05 17:52:47.590  3168  3833 W OneSignal: 	at com.android.okhttp.internal.huc.HttpURLConnectionImpl.getResponseCode(HttpURLConnectionImpl.java:497)
08-05 17:52:47.590  3168  3833 W OneSignal: 	at com.android.okhttp.internal.huc.DelegatingHttpsURLConnection.getResponseCode(DelegatingHttpsURLConnection.java:105)
08-05 17:52:47.590  3168  3833 W OneSignal: 	at com.android.okhttp.internal.huc.HttpsURLConnectionImpl.getResponseCode(HttpsURLConnectionImpl.java)
08-05 17:52:47.590  3168  3833 W OneSignal: 	at com.onesignal.OneSignalRestClient.startHTTPConnection(OneSignalRestClient.java:180)
08-05 17:52:47.590  3168  3833 W OneSignal: 	at com.onesignal.OneSignalRestClient.access$100(OneSignalRestClient.java:44)
08-05 17:52:47.590  3168  3833 W OneSignal: 	at com.onesignal.OneSignalRestClient$4.run(OneSignalRestClient.java:110)
08-05 17:52:47.590  3168  3833 W OneSignal: 	at java.lang.Thread.run(Thread.java:818)
08-05 17:52:47.590  3168  3833 W OneSignal: Caused by: java.io.EOFException: \n not found: size=0 content=...
08-05 17:52:47.590  3168  3833 W OneSignal: 	at com.android.okhttp.okio.RealBufferedSource.readUtf8LineStrict(RealBufferedSource.java:200)
08-05 17:52:47.590  3168  3833 W OneSignal: 	at com.android.okhttp.internal.http.HttpConnection.readResponse(HttpConnection.java:191)
08-05 17:52:47.590  3168  3833 W OneSignal: 	... 12 more
08-05 17:52:47.591  3168  3838 W OneSignal: Failed last request. statusCode: -1
08-05 17:52:47.591  3168  3838 W OneSignal: response: null
08-05 17:52:47.720  3168  3183 I art     : Starting a blocking GC Explicit
08-05 17:52:47.744  3168  3183 I art     : Explicit concurrent mark sweep GC freed 3715(230KB) AllocSpace objects, 1(20KB) LOS objects, 23% free, 52MB/68MB, paused 359us total 23.333ms
08-05 17:52:47.754  3168  3183 I art     : Starting a blocking GC Explicit
08-05 17:52:47.773  3168  3183 I art     : Explicit concurrent mark sweep GC freed 67(2432B) AllocSpace objects, 0(0B) LOS objects, 23% free, 52MB/68MB, paused 307us total 18.903ms
08-05 17:52:47.782  3168  3183 I art     : Starting a blocking GC Explicit
08-05 17:52:47.800  3168  3183 I art     : Explicit concurrent mark sweep GC freed 3(96B) AllocSpace objects, 0(0B) LOS objects, 23% free, 52MB/68MB, paused 302us total 18.154ms
08-05 17:52:47.809  3168  3183 I art     : Starting a blocking GC Explicit
08-05 17:52:47.828  3168  3183 I art     : Explicit concurrent mark sweep GC freed 3(96B) AllocSpace objects, 0(0B) LOS objects, 23% free, 52MB/68MB, paused 316us total 18.972ms
08-05 17:52:47.837  3168  3183 I art     : Starting a blocking GC Explicit
08-05 17:52:47.855  3168  3183 I art     : Explicit concurrent mark sweep GC freed 3(96B) AllocSpace objects, 0(0B) LOS objects, 23% free, 52MB/68MB, paused 307us total 18.072ms
08-05 17:52:48.179  3168  3295 I art     : Starting a blocking GC Explicit
08-05 17:52:48.203  3168  3295 I art     : Explicit concurrent mark sweep GC freed 1341(78KB) AllocSpace objects, 1(20KB) LOS objects, 23% free, 52MB/68MB, paused 329us total 23.982ms
08-05 17:52:48.212  3168  3295 I art     : Starting a blocking GC Explicit
08-05 17:52:48.231  3168  3295 I art     : Explicit concurrent mark sweep GC freed 20(704B) AllocSpace objects, 0(0B) LOS objects, 23% free, 52MB/68MB, paused 306us total 19.017ms
08-05 17:52:48.239  3168  3295 I art     : Starting a blocking GC Explicit
08-05 17:52:48.259  3168  3295 I art     : Explicit concurrent mark sweep GC freed 3(96B) AllocSpace objects, 0(0B) LOS objects, 23% free, 52MB/68MB, paused 312us total 18.944ms
08-05 17:52:48.267  3168  3295 I art     : Starting a blocking GC Explicit
08-05 17:52:48.286  3168  3295 I art     : Explicit concurrent mark sweep GC freed 3(96B) AllocSpace objects, 0(0B) LOS objects, 23% free, 52MB/68MB, paused 302us total 18.933ms
08-05 17:52:48.295  3168  3295 I art     : Starting a blocking GC Explicit
08-05 17:52:48.313  3168  3295 I art     : Explicit concurrent mark sweep GC freed 3(96B) AllocSpace objects, 0(0B) LOS objects, 23% free, 52MB/68MB, paused 316us total 18.576ms
08-05 17:52:48.628  3168  3180 I art     : Starting a blocking GC Explicit
08-05 17:52:48.651  3168  3180 I art     : Explicit concurrent mark sweep GC freed 1341(78KB) AllocSpace objects, 1(20KB) LOS objects, 23% free, 52MB/68MB, paused 288us total 23.548ms
08-05 17:52:48.660  3168  3180 I art     : Starting a blocking GC Explicit
08-05 17:52:48.678  3168  3180 I art     : Explicit concurrent mark sweep GC freed 20(704B) AllocSpace objects, 0(0B) LOS objects, 23% free, 52MB/68MB, paused 296us total 18.378ms
08-05 17:52:48.687  3168  3180 I art     : Starting a blocking GC Explicit
08-05 17:52:48.705  3168  3180 I art     : Explicit concurrent mark sweep GC freed 3(96B) AllocSpace objects, 0(0B) LOS objects, 23% free, 52MB/68MB, paused 297us total 18.006ms
08-05 17:52:48.713  3168  3180 I art     : Starting a blocking GC Explicit
08-05 17:52:48.731  3168  3180 I art     : Explicit concurrent mark sweep GC freed 3(96B) AllocSpace objects, 0(0B) LOS objects, 23% free, 52MB/68MB, paused 293us total 18.203ms
08-05 17:52:48.740  3168  3180 I art     : Starting a blocking GC Explicit
08-05 17:52:48.758  3168  3180 I art     : Explicit concurrent mark sweep GC freed 3(96B) AllocSpace objects, 0(0B) LOS objects, 23% free, 52MB/68MB, paused 301us total 18.554ms
08-05 17:52:49.112  3168  3183 I art     : Starting a blocking GC Explicit
08-05 17:52:49.133  3168  3183 I art     : Explicit concurrent mark sweep GC freed 1341(78KB) AllocSpace objects, 1(20KB) LOS objects, 23% free, 52MB/68MB, paused 309us total 20.805ms
08-05 17:52:49.142  3168  3183 I art     : Starting a blocking GC Explicit
08-05 17:52:49.161  3168  3183 I art     : Explicit concurrent mark sweep GC freed 20(704B) AllocSpace objects, 0(0B) LOS objects, 23% free, 52MB/68MB, paused 302us total 18.702ms
08-05 17:52:49.169  3168  3183 I art     : Starting a blocking GC Explicit
08-05 17:52:49.188  3168  3183 I art     : Explicit concurrent mark sweep GC freed 3(96B) AllocSpace objects, 0(0B) LOS objects, 23% free, 52MB/68MB, paused 313us total 18.501ms
08-05 17:52:49.196  3168  3183 I art     : Starting a blocking GC Explicit
08-05 17:52:49.215  3168  3183 I art     : Explicit concurrent mark sweep GC freed 3(96B) AllocSpace objects, 0(0B) LOS objects, 23% free, 52MB/68MB, paused 304us total 18.910ms
08-05 17:52:49.224  3168  3183 I art     : Starting a blocking GC Explicit
08-05 17:52:49.242  3168  3183 I art     : Explicit concurrent mark sweep GC freed 3(96B) AllocSpace objects, 0(0B) LOS objects, 23% free, 52MB/68MB, paused 370us total 18.228ms
08-05 17:52:49.310   918  3261 D WifiStateMachine: starting scan for "H369AA63323"WPA_PSK with 2412,5180
08-05 17:52:49.577  3168  3295 I art     : Starting a blocking GC Explicit
08-05 17:52:49.606  3168  3295 I art     : Explicit concurrent mark sweep GC freed 1341(78KB) AllocSpace objects, 1(20KB) LOS objects, 23% free, 52MB/68MB, paused 364us total 27.946ms
08-05 17:52:49.622  3168  3295 I art     : Starting a blocking GC Explicit
08-05 17:52:49.641  3168  3295 I art     : Explicit concurrent mark sweep GC freed 20(704B) AllocSpace objects, 0(0B) LOS objects, 23% free, 52MB/68MB, paused 319us total 18.680ms
08-05 17:52:49.650  3168  3295 I art     : Starting a blocking GC Explicit
08-05 17:52:49.669  3168  3295 I art     : Explicit concurrent mark sweep GC freed 3(96B) AllocSpace objects, 0(0B) LOS objects, 23% free, 52MB/68MB, paused 314us total 19.080ms
08-05 17:52:49.677  3168  3295 I art     : Starting a blocking GC Explicit
08-05 17:52:49.697  3168  3295 I art     : Explicit concurrent mark sweep GC freed 3(96B) AllocSpace objects, 0(0B) LOS objects, 23% free, 52MB/68MB, paused 310us total 18.956ms
08-05 17:52:49.705  3168  3295 I art     : Starting a blocking GC Explicit
08-05 17:52:49.724  3168  3295 I art     : Explicit concurrent mark sweep GC freed 3(96B) AllocSpace objects, 0(0B) LOS objects, 23% free, 52MB/68MB, paused 306us total 18.822ms
08-05 17:52:50.047  3168  3180 I art     : Starting a blocking GC Explicit
08-05 17:52:50.071  3168  3180 I art     : Explicit concurrent mark sweep GC freed 1341(78KB) AllocSpace objects, 1(20KB) LOS objects, 23% free, 52MB/68MB, paused 329us total 23.389ms
08-05 17:52:50.082  3168  3180 I art     : Starting a blocking GC Explicit
08-05 17:52:50.102  3168  3180 I art     : Explicit concurrent mark sweep GC freed 20(704B) AllocSpace objects, 0(0B) LOS objects, 23% free, 52MB/68MB, paused 299us total 18.914ms
08-05 17:52:50.110  3168  3180 I art     : Starting a blocking GC Explicit
08-05 17:52:50.128  3168  3180 I art     : Explicit concurrent mark sweep GC freed 3(96B) AllocSpace objects, 0(0B) LOS objects, 23% free, 52MB/68MB, paused 298us total 18.308ms
08-05 17:52:50.137  3168  3180 I art     : Starting a blocking GC Explicit
08-05 17:52:50.155  3168  3180 I art     : Explicit concurrent mark sweep GC freed 3(96B) AllocSpace objects, 0(0B) LOS objects, 23% free, 52MB/68MB, paused 304us total 18.674ms
08-05 17:52:50.164  3168  3180 I art     : Starting a blocking GC Explicit
08-05 17:52:50.183  3168  3180 I art     : Explicit concurrent mark sweep GC freed 3(96B) AllocSpace objects, 0(0B) LOS objects, 23% free, 52MB/68MB, paused 295us total 18.621ms
08-05 17:52:50.489  3168  3183 I art     : Starting a blocking GC Explicit
08-05 17:52:50.517  3168  3183 I art     : Explicit concurrent mark sweep GC freed 1341(78KB) AllocSpace objects, 1(20KB) LOS objects, 23% free, 52MB/68MB, paused 348us total 27.551ms
08-05 17:52:50.528  3168  3183 I art     : Starting a blocking GC Explicit
08-05 17:52:50.550  3168  3183 I art     : Explicit concurrent mark sweep GC freed 20(704B) AllocSpace objects, 0(0B) LOS objects, 23% free, 52MB/68MB, paused 391us total 22.031ms
08-05 17:52:50.559  3168  3183 I art     : Starting a blocking GC Explicit
08-05 17:52:50.578  3168  3183 I art     : Explicit concurrent mark sweep GC freed 3(96B) AllocSpace objects, 0(0B) LOS objects, 23% free, 52MB/68MB, paused 320us total 18.937ms
08-05 17:52:50.587  3168  3183 I art     : Starting a blocking GC Explicit
08-05 17:52:50.605  3168  3183 I art     : Explicit concurrent mark sweep GC freed 3(96B) AllocSpace objects, 0(0B) LOS objects, 23% free, 52MB/68MB, paused 293us total 17.894ms
08-05 17:52:50.613  3168  3183 I art     : Starting a blocking GC Explicit
08-05 17:52:50.632  3168  3183 I art     : Explicit concurrent mark sweep GC freed 3(96B) AllocSpace objects, 0(0B) LOS objects, 23% free, 52MB/68MB, paused 307us total 18.542ms
08-05 17:52:50.771   918  3188 I hubconnection: sensorhub said: 'set_bias 3: -4.8384, 0.0000, 0.0000'
08-05 17:52:50.952  3168  3295 I art     : Starting a blocking GC Explicit
08-05 17:52:50.979  3168  3295 I art     : Explicit concurrent mark sweep GC freed 1341(78KB) AllocSpace objects, 1(20KB) LOS objects, 23% free, 52MB/68MB, paused 340us total 27.015ms
08-05 17:52:50.991  3168  3295 I art     : Starting a blocking GC Explicit
08-05 17:52:51.010  3168  3295 I art     : Explicit concurrent mark sweep GC freed 20(704B) AllocSpace objects, 0(0B) LOS objects, 23% free, 52MB/68MB, paused 319us total 18.769ms
08-05 17:52:51.019  3168  3295 I art     : Starting a blocking GC Explicit
08-05 17:52:51.037  3168  3295 I art     : Explicit concurrent mark sweep GC freed 3(96B) AllocSpace objects, 0(0B) LOS objects, 23% free, 52MB/68MB, paused 438us total 18.129ms
08-05 17:52:51.045  3168  3295 I art     : Starting a blocking GC Explicit
08-05 17:52:51.064  3168  3295 I art     : Explicit concurrent mark sweep GC freed 3(96B) AllocSpace objects, 0(0B) LOS objects, 23% free, 52MB/68MB, paused 323us total 18.767ms
08-05 17:52:51.073  3168  3295 I art     : Starting a blocking GC Explicit
08-05 17:52:51.092  3168  3295 I art     : Explicit concurrent mark sweep GC freed 3(96B) AllocSpace objects, 0(0B) LOS objects, 23% free, 52MB/68MB, paused 311us total 19.014ms
08-05 17:52:51.411  3168  3180 I art     : Starting a blocking GC Explicit
08-05 17:52:51.439  3168  3180 I art     : Explicit concurrent mark sweep GC freed 1341(78KB) AllocSpace objects, 1(20KB) LOS objects, 23% free, 52MB/68MB, paused 364us total 27.930ms
08-05 17:52:51.451  3168  3180 I art     : Starting a blocking GC Explicit
08-05 17:52:51.474  3168  3180 I art     : Explicit concurrent mark sweep GC freed 20(704B) AllocSpace objects, 0(0B) LOS objects, 23% free, 52MB/68MB, paused 309us total 22.227ms
08-05 17:52:51.484  3168  3180 I art     : Starting a blocking GC Explicit
08-05 17:52:51.502  3168  3180 I art     : Explicit concurrent mark sweep GC freed 3(96B) AllocSpace objects, 0(0B) LOS objects, 23% free, 52MB/68MB, paused 300us total 18.414ms
08-05 17:52:51.511  3168  3180 I art     : Starting a blocking GC Explicit
08-05 17:52:51.530  3168  3180 I art     : Explicit concurrent mark sweep GC freed 3(96B) AllocSpace objects, 0(0B) LOS objects, 23% free, 52MB/68MB, paused 302us total 18.217ms
08-05 17:52:51.538  3168  3180 I art     : Starting a blocking GC Explicit
08-05 17:52:51.556  3168  3180 I art     : Explicit concurrent mark sweep GC freed 3(96B) AllocSpace objects, 0(0B) LOS objects, 23% free, 52MB/68MB, paused 288us total 17.722ms
08-05 17:52:51.875  3168  3183 I art     : Starting a blocking GC Explicit
08-05 17:52:51.901  3168  3183 I art     : Explicit concurrent mark sweep GC freed 1341(78KB) AllocSpace objects, 1(20KB) LOS objects, 23% free, 52MB/68MB, paused 345us total 25.880ms
08-05 17:52:51.914  3168  3183 I art     : Starting a blocking GC Explicit
08-05 17:52:51.933  3168  3183 I art     : Explicit concurrent mark sweep GC freed 20(704B) AllocSpace objects, 0(0B) LOS objects, 23% free, 52MB/68MB, paused 311us total 18.858ms
08-05 17:52:51.941  3168  3183 I art     : Starting a blocking GC Explicit
08-05 17:52:51.960  3168  3183 I art     : Explicit concurrent mark sweep GC freed 3(96B) AllocSpace objects, 0(0B) LOS objects, 23% free, 52MB/68MB, paused 310us total 18.364ms
08-05 17:52:51.968  3168  3183 I art     : Starting a blocking GC Explicit
08-05 17:52:51.987  3168  3183 I art     : Explicit concurrent mark sweep GC freed 3(96B) AllocSpace objects, 0(0B) LOS objects, 23% free, 52MB/68MB, paused 391us total 18.352ms
08-05 17:52:51.995  3168  3183 I art     : Starting a blocking GC Explicit
08-05 17:52:52.014  3168  3183 I art     : Explicit concurrent mark sweep GC freed 3(96B) AllocSpace objects, 0(0B) LOS objects, 23% free, 52MB/68MB, paused 361us total 18.183ms
08-05 17:52:52.316  3168  3295 I art     : Starting a blocking GC Explicit
08-05 17:52:52.344  3168  3295 I art     : Explicit concurrent mark sweep GC freed 1341(78KB) AllocSpace objects, 1(20KB) LOS objects, 23% free, 52MB/68MB, paused 366us total 27.407ms
08-05 17:52:52.356  3168  3295 I art     : Starting a blocking GC Explicit
08-05 17:52:52.378  3168  3295 I art     : Explicit concurrent mark sweep GC freed 20(704B) AllocSpace objects, 0(0B) LOS objects, 23% free, 52MB/68MB, paused 319us total 21.143ms
08-05 17:52:52.386  3168  3295 I art     : Starting a blocking GC Explicit
08-05 17:52:52.405  3168  3295 I art     : Explicit concurrent mark sweep GC freed 3(96B) AllocSpace objects, 0(0B) LOS objects, 23% free, 52MB/68MB, paused 314us total 18.811ms
08-05 17:52:52.414  3168  3295 I art     : Starting a blocking GC Explicit
08-05 17:52:52.433  3168  3295 I art     : Explicit concurrent mark sweep GC freed 3(96B) AllocSpace objects, 0(0B) LOS objects, 23% free, 52MB/68MB, paused 317us total 18.732ms
08-05 17:52:52.441  3168  3295 I art     : Starting a blocking GC Explicit
08-05 17:52:52.460  3168  3295 I art     : Explicit concurrent mark sweep GC freed 3(96B) AllocSpace objects, 0(0B) LOS objects, 23% free, 52MB/68MB, paused 310us total 18.430ms
08-05 17:52:52.750  3168  3180 I art     : Starting a blocking GC Explicit
08-05 17:52:52.774  3168  3180 I art     : Explicit concurrent mark sweep GC freed 1341(78KB) AllocSpace objects, 1(20KB) LOS objects, 23% free, 52MB/68MB, paused 323us total 23.015ms
08-05 17:52:52.785  3168  3180 I art     : Starting a blocking GC Explicit
08-05 17:52:52.808  3168  3180 I art     : Explicit concurrent mark sweep GC freed 20(704B) AllocSpace objects, 0(0B) LOS objects, 23% free, 52MB/68MB, paused 340us total 22.477ms
08-05 17:52:52.820  3168  3180 I art     : Starting a blocking GC Explicit
08-05 17:52:52.838  3168  3180 I art     : Explicit concurrent mark sweep GC freed 3(96B) AllocSpace objects, 0(0B) LOS objects, 23% free, 52MB/68MB, paused 290us total 18.018ms
08-05 17:52:52.847  3168  3180 I art     : Starting a blocking GC Explicit
08-05 17:52:52.866  3168  3180 I art     : Explicit concurrent mark sweep GC freed 3(96B) AllocSpace objects, 0(0B) LOS objects, 23% free, 52MB/68MB, paused 291us total 18.552ms
08-05 17:52:52.874  3168  3180 I art     : Starting a blocking GC Explicit
08-05 17:52:52.893  3168  3180 I art     : Explicit concurrent mark sweep GC freed 3(96B) AllocSpace objects, 0(0B) LOS objects, 23% free, 52MB/68MB, paused 295us total 18.536ms
08-05 17:52:53.231  3168  3183 I art     : Starting a blocking GC Explicit
08-05 17:52:53.255  3168  3183 I art     : Explicit concurrent mark sweep GC freed 1341(78KB) AllocSpace objects, 1(20KB) LOS objects, 23% free, 52MB/68MB, paused 337us total 23.692ms
08-05 17:52:53.267  3168  3183 I art     : Starting a blocking GC Explicit
08-05 17:52:53.289  3168  3183 I art     : Explicit concurrent mark sweep GC freed 20(704B) AllocSpace objects, 0(0B) LOS objects, 23% free, 52MB/68MB, paused 338us total 22.346ms
08-05 17:52:53.299  3168  3183 I art     : Starting a blocking GC Explicit
08-05 17:52:53.318  3168  3183 I art     : Explicit concurrent mark sweep GC freed 3(96B) AllocSpace objects, 0(0B) LOS objects, 23% free, 52MB/68MB, paused 322us total 19.099ms
08-05 17:52:53.327  3168  3183 I art     : Starting a blocking GC Explicit
08-05 17:52:53.345  3168  3183 I art     : Explicit concurrent mark sweep GC freed 3(96B) AllocSpace objects, 0(0B) LOS objects, 23% free, 52MB/68MB, paused 313us total 17.974ms
08-05 17:52:53.354  3168  3183 I art     : Starting a blocking GC Explicit
08-05 17:52:53.372  3168  3183 I art     : Explicit concurrent mark sweep GC freed 3(96B) AllocSpace objects, 0(0B) LOS objects, 23% free, 52MB/68MB, paused 309us total 18.450ms
08-05 17:52:53.680  3168  3295 I art     : Starting a blocking GC Explicit
08-05 17:52:53.703  3168  3295 I art     : Explicit concurrent mark sweep GC freed 1341(78KB) AllocSpace objects, 1(20KB) LOS objects, 23% free, 52MB/68MB, paused 359us total 22.475ms
08-05 17:52:53.716  3168  3295 I art     : Starting a blocking GC Explicit
08-05 17:52:53.735  3168  3295 I art     : Explicit concurrent mark sweep GC freed 20(704B) AllocSpace objects, 0(0B) LOS objects, 23% free, 52MB/68MB, paused 300us total 18.348ms
08-05 17:52:53.735  3168  3179 I art     : WaitForGcToComplete blocked for 18.364ms for cause HeapTrim
08-05 17:52:53.743  3168  3295 I art     : Starting a blocking GC Explicit
08-05 17:52:53.761  3168  3295 I art     : Explicit concurrent mark sweep GC freed 3(96B) AllocSpace objects, 0(0B) LOS objects, 23% free, 52MB/68MB, paused 300us total 17.793ms
08-05 17:52:53.769  3168  3295 I art     : Starting a blocking GC Explicit
08-05 17:52:53.787  3168  3295 I art     : Explicit concurrent mark sweep GC freed 3(96B) AllocSpace objects, 0(0B) LOS objects, 23% free, 52MB/68MB, paused 345us total 18.003ms
08-05 17:52:53.795  3168  3295 I art     : Starting a blocking GC Explicit
08-05 17:52:53.813  3168  3295 I art     : Explicit concurrent mark sweep GC freed 3(96B) AllocSpace objects, 0(0B) LOS objects, 23% free, 52MB/68MB, paused 323us total 17.724ms
08-05 17:52:54.147  3168  3180 I art     : Starting a blocking GC Explicit
08-05 17:52:54.171  3168  3180 I art     : Explicit concurrent mark sweep GC freed 1341(78KB) AllocSpace objects, 1(20KB) LOS objects, 23% free, 52MB/68MB, paused 335us total 24.067ms
08-05 17:52:54.186  3168  3180 I art     : Starting a blocking GC Explicit
08-05 17:52:54.204  3168  3180 I art     : Explicit concurrent mark sweep GC freed 20(704B) AllocSpace objects, 0(0B) LOS objects, 23% free, 52MB/68MB, paused 303us total 17.790ms
08-05 17:52:54.212  3168  3180 I art     : Starting a blocking GC Explicit
08-05 17:52:54.232  3168  3180 I art     : Explicit concurrent mark sweep GC freed 3(96B) AllocSpace objects, 0(0B) LOS objects, 23% free, 52MB/68MB, paused 303us total 18.882ms
08-05 17:52:54.240  3168  3180 I art     : Starting a blocking GC Explicit
08-05 17:52:54.259  3168  3180 I art     : Explicit concurrent mark sweep GC freed 3(96B) AllocSpace objects, 0(0B) LOS objects, 23% free, 52MB/68MB, paused 334us total 18.605ms
08-05 17:52:54.267  3168  3180 I art     : Starting a blocking GC Explicit
08-05 17:52:54.286  3168  3180 I art     : Explicit concurrent mark sweep GC freed 3(96B) AllocSpace objects, 0(0B) LOS objects, 23% free, 52MB/68MB, paused 280us total 18.578ms
08-05 17:52:54.590  3168  3183 I art     : Starting a blocking GC Explicit
08-05 17:52:54.609  3168  3183 I art     : Explicit concurrent mark sweep GC freed 1341(78KB) AllocSpace objects, 1(20KB) LOS objects, 23% free, 52MB/68MB, paused 323us total 18.925ms
08-05 17:52:54.617  3168  3183 I art     : Starting a blocking GC Explicit
08-05 17:52:54.636  3168  3183 I art     : Explicit concurrent mark sweep GC freed 20(704B) AllocSpace objects, 0(0B) LOS objects, 23% free, 52MB/68MB, paused 350us total 18.538ms
08-05 17:52:54.645  3168  3183 I art     : Starting a blocking GC Explicit
08-05 17:52:54.663  3168  3183 I art     : Explicit concurrent mark sweep GC freed 3(96B) AllocSpace objects, 0(0B) LOS objects, 23% free, 52MB/68MB, paused 309us total 17.604ms
08-05 17:52:54.671  3168  3183 I art     : Starting a blocking GC Explicit
08-05 17:52:54.689  3168  3183 I art     : Explicit concurrent mark sweep GC freed 3(96B) AllocSpace objects, 0(0B) LOS objects, 23% free, 52MB/68MB, paused 312us total 17.682ms
08-05 17:52:54.697  3168  3183 I art     : Starting a blocking GC Explicit
08-05 17:52:54.715  3168  3183 I art     : Explicit concurrent mark sweep GC freed 3(96B) AllocSpace objects, 0(0B) LOS objects, 23% free, 52MB/68MB, paused 330us total 18.243ms
08-05 17:52:54.932  4024  4024 D AndroidRuntime: >>>>>> START com.android.internal.os.RuntimeInit uid 2000 <<<<<<
08-05 17:52:54.938  4024  4024 D AndroidRuntime: CheckJNI is OFF
08-05 17:52:54.969  4024  4024 D ICU     : No timezone override file found: /data/misc/zoneinfo/current/icu/icu_tzdata.dat
08-05 17:52:55.003  4024  4024 I Radio-JNI: register_android_hardware_Radio DONE
08-05 17:52:55.015  3168  3295 I art     : Starting a blocking GC Explicit
08-05 17:52:55.025  4024  4024 D AndroidRuntime: Calling main entry com.android.commands.input.Input
08-05 17:52:55.027  4024  4024 I Input   : injectKeyEvent: KeyEvent { action=ACTION_DOWN, keyCode=KEYCODE_BACK, scanCode=0, metaState=0, flags=0x0, repeatCount=0, eventTime=813191440, downTime=813191440, deviceId=-1, source=0x101 }
08-05 17:52:55.039  3168  3295 I art     : Explicit concurrent mark sweep GC freed 1341(78KB) AllocSpace objects, 1(20KB) LOS objects, 23% free, 52MB/68MB, paused 6.017ms total 23.872ms
08-05 17:52:55.041  4024  4024 I Input   : injectKeyEvent: KeyEvent { action=ACTION_UP, keyCode=KEYCODE_BACK, scanCode=0, metaState=0, flags=0x0, repeatCount=0, eventTime=813191440, downTime=813191440, deviceId=-1, source=0x101 }
08-05 17:52:55.047  3168  3295 I art     : Starting a blocking GC Explicit
08-05 17:52:55.047  4024  4024 D AndroidRuntime: Shutting down VM
08-05 17:52:55.066  3168  3295 I art     : Explicit concurrent mark sweep GC freed 166(7KB) AllocSpace objects, 0(0B) LOS objects, 23% free, 52MB/68MB, paused 321us total 18.611ms
08-05 17:52:55.073  3168  3295 I art     : Starting a blocking GC Explicit
08-05 17:52:55.090  3168  3295 I art     : Explicit concurrent mark sweep GC freed 3(96B) AllocSpace objects, 0(0B) LOS objects, 23% free, 52MB/68MB, paused 287us total 16.389ms
08-05 17:52:55.091 13866 13866 I GoogleInputMethodServic: GoogleInputMethodService.onFinishInput():3138 
08-05 17:52:55.092 13866 13866 I GoogleInputMethodServic: GoogleInputMethodService.onStartInput():1808 
08-05 17:52:55.097  3168  3295 I art     : Starting a blocking GC Explicit
08-05 17:52:55.115  3168  3295 I art     : Explicit concurrent mark sweep GC freed 31(1152B) AllocSpace objects, 0(0B) LOS objects, 23% free, 52MB/68MB, paused 289us total 17.096ms
08-05 17:52:55.124  3168  3295 I art     : Starting a blocking GC Explicit
08-05 17:52:55.140  3168  3295 I art     : Explicit concurrent mark sweep GC freed 10(384B) AllocSpace objects, 0(0B) LOS objects, 23% free, 52MB/68MB, paused 279us total 16.220ms
08-05 17:52:55.381   380   380 W SurfaceFlinger: couldn't log to binary event log: overflow.
08-05 17:52:55.387  3168  3295 I art     : Starting a blocking GC Explicit
08-05 17:52:55.404  3168  3295 I art     : Explicit concurrent mark sweep GC freed 1451(87KB) AllocSpace objects, 1(20KB) LOS objects, 23% free, 52MB/68MB, paused 287us total 16.762ms
08-05 17:52:55.412  3168  3295 I art     : Starting a blocking GC Explicit
08-05 17:52:55.428  3168  3295 I art     : Explicit concurrent mark sweep GC freed 1672(107KB) AllocSpace objects, 3(400KB) LOS objects, 23% free, 51MB/67MB, paused 297us total 16.122ms
08-05 17:52:55.435  3168  3295 I art     : Starting a blocking GC Explicit
08-05 17:52:55.452  3168  3295 I art     : Explicit concurrent mark sweep GC freed 3(96B) AllocSpace objects, 0(0B) LOS objects, 23% free, 51MB/67MB, paused 307us total 16.527ms
08-05 17:52:55.459  3168  3295 I art     : Starting a blocking GC Explicit
08-05 17:52:55.476  3168  3295 I art     : Explicit concurrent mark sweep GC freed 3(96B) AllocSpace objects, 0(0B) LOS objects, 23% free, 51MB/67MB, paused 295us total 16.479ms
08-05 17:52:55.484  3168  3295 I art     : Starting a blocking GC Explicit
08-05 17:52:55.502  3168  3295 I art     : Explicit concurrent mark sweep GC freed 3(96B) AllocSpace objects, 0(0B) LOS objects, 23% free, 51MB/67MB, paused 320us total 17.990ms
08-05 17:52:55.789  3168  3180 I art     : Starting a blocking GC Explicit
08-05 17:52:55.808  3168  3180 I art     : Explicit concurrent mark sweep GC freed 1341(78KB) AllocSpace objects, 1(20KB) LOS objects, 23% free, 51MB/67MB, paused 331us total 19.302ms
08-05 17:52:55.820  3168  3180 I art     : Starting a blocking GC Explicit
08-05 17:52:55.838  3168  3180 I art     : Explicit concurrent mark sweep GC freed 20(704B) AllocSpace objects, 0(0B) LOS objects, 23% free, 51MB/67MB, paused 312us total 18.115ms
08-05 17:52:55.846  3168  3180 I art     : Starting a blocking GC Explicit
08-05 17:52:55.864  3168  3180 I art     : Explicit concurrent mark sweep GC freed 3(96B) AllocSpace objects, 0(0B) LOS objects, 23% free, 51MB/67MB, paused 304us total 17.544ms
08-05 17:52:55.872  3168  3180 I art     : Starting a blocking GC Explicit
08-05 17:52:55.890  3168  3180 I art     : Explicit concurrent mark sweep GC freed 3(96B) AllocSpace objects, 0(0B) LOS objects, 23% free, 51MB/67MB, paused 311us total 17.903ms
08-05 17:52:55.899  3168  3180 I art     : Starting a blocking GC Explicit
08-05 17:52:55.917  3168  3180 I art     : Explicit concurrent mark sweep GC freed 3(96B) AllocSpace objects, 0(0B) LOS objects, 23% free, 51MB/67MB, paused 376us total 17.984ms
08-05 17:52:56.184  3168  4054 I art     : Starting a blocking GC Explicit
08-05 17:52:56.203  3168  4054 I art     : Explicit concurrent mark sweep GC freed 1340(78KB) AllocSpace objects, 1(20KB) LOS objects, 23% free, 51MB/67MB, paused 331us total 19.141ms
08-05 17:52:56.211  3168  4054 I art     : Starting a blocking GC Explicit
08-05 17:52:56.230  3168  4054 I art     : Explicit concurrent mark sweep GC freed 20(704B) AllocSpace objects, 0(0B) LOS objects, 23% free, 51MB/67MB, paused 329us total 18.261ms
08-05 17:52:56.238  3168  4054 I art     : Starting a blocking GC Explicit
08-05 17:52:56.256  3168  4054 I art     : Explicit concurrent mark sweep GC freed 3(96B) AllocSpace objects, 0(0B) LOS objects, 23% free, 51MB/67MB, paused 312us total 17.935ms
08-05 17:52:56.265  3168  4054 I art     : Starting a blocking GC Explicit
08-05 17:52:56.282  3168  4054 I art     : Explicit concurrent mark sweep GC freed 3(96B) AllocSpace objects, 0(0B) LOS objects, 23% free, 51MB/67MB, paused 323us total 17.234ms
08-05 17:52:56.291  3168  4054 I art     : Starting a blocking GC Explicit
08-05 17:52:56.308  3168  4054 I art     : Explicit concurrent mark sweep GC freed 3(96B) AllocSpace objects, 0(0B) LOS objects, 23% free, 51MB/67MB, paused 337us total 16.847ms
08-05 17:52:56.574  3168  3183 I art     : Starting a blocking GC Explicit
08-05 17:52:56.594  3168  3183 I art     : Explicit concurrent mark sweep GC freed 1340(78KB) AllocSpace objects, 1(20KB) LOS objects, 23% free, 51MB/67MB, paused 350us total 19.694ms
08-05 17:52:56.607  3168  3183 I art     : Starting a blocking GC Explicit
08-05 17:52:56.625  3168  3183 I art     : Explicit concurrent mark sweep GC freed 20(704B) AllocSpace objects, 0(0B) LOS objects, 23% free, 51MB/67MB, paused 325us total 17.935ms
08-05 17:52:56.633  3168  3183 I art     : Starting a blocking GC Explicit
08-05 17:52:56.651  3168  3183 I art     : Explicit concurrent mark sweep GC freed 3(96B) AllocSpace objects, 0(0B) LOS objects, 23% free, 51MB/67MB, paused 326us total 17.212ms
08-05 17:52:56.659  3168  3183 I art     : Starting a blocking GC Explicit
08-05 17:52:56.676  3168  3183 I art     : Explicit concurrent mark sweep GC freed 3(96B) AllocSpace objects, 0(0B) LOS objects, 23% free, 51MB/67MB, paused 314us total 16.933ms
08-05 17:52:56.684  3168  3183 I art     : Starting a blocking GC Explicit
08-05 17:52:56.702  3168  3183 I art     : Explicit concurrent mark sweep GC freed 3(96B) AllocSpace objects, 0(0B) LOS objects, 23% free, 51MB/67MB, paused 335us total 17.434ms
08-05 17:52:56.704  4085  4085 D AndroidRuntime: >>>>>> START com.android.internal.os.RuntimeInit uid 2000 <<<<<<
08-05 17:52:56.709  4085  4085 D AndroidRuntime: CheckJNI is OFF
08-05 17:52:56.743  4085  4085 D ICU     : No timezone override file found: /data/misc/zoneinfo/current/icu/icu_tzdata.dat
08-05 17:52:56.775  4085  4085 I Radio-JNI: register_android_hardware_Radio DONE
08-05 17:52:56.797  4085  4085 D AndroidRuntime: Calling main entry com.android.commands.input.Input
08-05 17:52:56.799  4085  4085 I Input   : injectMotionEvent: MotionEvent { action=ACTION_DOWN, actionButton=0, id[0]=0, x[0]=733.0, y[0]=1370.0, toolType[0]=TOOL_TYPE_UNKNOWN, buttonState=0, metaState=0, flags=0x0, edgeFlags=0x0, pointerCount=1, historySize=0, eventTime=813193212, downTime=813193212, deviceId=0, source=0x1002 }
08-05 17:52:56.805  4085  4085 I Input   : injectMotionEvent: MotionEvent { action=ACTION_UP, actionButton=0, id[0]=0, x[0]=733.0, y[0]=1370.0, toolType[0]=TOOL_TYPE_UNKNOWN, buttonState=0, metaState=0, flags=0x0, edgeFlags=0x0, pointerCount=1, historySize=0, eventTime=813193212, downTime=813193212, deviceId=0, source=0x1002 }
08-05 17:52:56.806   918  4413 I ActivityManager: START u0 {cmp=baseline.appteam.nith.hillffair/.activities.ClubActivity (has extras)} from uid 10675 on display 0
08-05 17:52:56.813  4085  4085 D AndroidRuntime: Shutting down VM
08-05 17:52:56.912 13866 13866 I GoogleInputMethodServic: GoogleInputMethodService.onFinishInput():3138 
08-05 17:52:56.912 13866 13866 I GoogleInputMethodServic: GoogleInputMethodService.onStartInput():1808 
08-05 17:52:56.913   918   936 I ActivityManager: Displayed baseline.appteam.nith.hillffair/.activities.ClubActivity: +100ms
08-05 17:52:56.952  3168  4054 I art     : Starting a blocking GC Explicit
08-05 17:52:56.971  3168  4054 I art     : Explicit concurrent mark sweep GC freed 4898(284KB) AllocSpace objects, 1(20KB) LOS objects, 23% free, 52MB/68MB, paused 345us total 18.862ms
08-05 17:52:56.978  3168  4054 I art     : Starting a blocking GC Explicit
08-05 17:52:56.995  3168  4054 I art     : Explicit concurrent mark sweep GC freed 209(9KB) AllocSpace objects, 0(0B) LOS objects, 23% free, 52MB/68MB, paused 348us total 16.829ms
08-05 17:52:57.004  3168  4054 I art     : Starting a blocking GC Explicit
08-05 17:52:57.024  3168  4054 I art     : Explicit concurrent mark sweep GC freed 3(96B) AllocSpace objects, 0(0B) LOS objects, 23% free, 52MB/68MB, paused 479us total 20.207ms
08-05 17:52:57.033  3168  4054 I art     : Starting a blocking GC Explicit
08-05 17:52:57.053  3168  4054 I art     : Explicit concurrent mark sweep GC freed 3(96B) AllocSpace objects, 0(0B) LOS objects, 23% free, 52MB/68MB, paused 395us total 19.802ms
08-05 17:52:57.063  3168  4054 I art     : Starting a blocking GC Explicit
08-05 17:52:57.085  3168  4054 I art     : Explicit concurrent mark sweep GC freed 3(96B) AllocSpace objects, 0(0B) LOS objects, 23% free, 52MB/68MB, paused 457us total 21.779ms
08-05 17:52:57.167   380   380 W SurfaceFlinger: couldn't log to binary event log: overflow.
08-05 17:52:57.327  3168  3180 I art     : Starting a blocking GC Explicit
08-05 17:52:57.344  3168  3180 I art     : Explicit concurrent mark sweep GC freed 1522(89KB) AllocSpace objects, 1(20KB) LOS objects, 23% free, 52MB/68MB, paused 316us total 16.749ms
08-05 17:52:57.353  3168  3180 I art     : Starting a blocking GC Explicit
08-05 17:52:57.371  3168  3180 I art     : Explicit concurrent mark sweep GC freed 32(1152B) AllocSpace objects, 0(0B) LOS objects, 23% free, 52MB/68MB, paused 325us total 17.793ms
08-05 17:52:57.379  3168  3180 I art     : Starting a blocking GC Explicit
08-05 17:52:57.397  3168  3180 I art     : Explicit concurrent mark sweep GC freed 10(352B) AllocSpace objects, 0(0B) LOS objects, 23% free, 52MB/68MB, paused 445us total 17.841ms
08-05 17:52:57.405  3168  3180 I art     : Starting a blocking GC Explicit
08-05 17:52:57.424  3168  3180 I art     : Explicit concurrent mark sweep GC freed 11(416B) AllocSpace objects, 0(0B) LOS objects, 23% free, 52MB/68MB, paused 388us total 18.877ms
08-05 17:52:57.432  3168  3180 I art     : Starting a blocking GC Explicit
08-05 17:52:57.450  3168  3180 I art     : Explicit concurrent mark sweep GC freed 10(352B) AllocSpace objects, 0(0B) LOS objects, 23% free, 52MB/68MB, paused 351us total 18.189ms
08-05 17:52:57.726  3168  3183 I art     : Starting a blocking GC Explicit
08-05 17:52:57.745  3168  3183 I art     : Explicit concurrent mark sweep GC freed 1397(80KB) AllocSpace objects, 1(20KB) LOS objects, 23% free, 52MB/68MB, paused 357us total 19.219ms
08-05 17:52:57.755  3168  3183 I art     : Starting a blocking GC Explicit
08-05 17:52:57.773  3168  3183 I art     : Explicit concurrent mark sweep GC freed 62(2112B) AllocSpace objects, 0(0B) LOS objects, 23% free, 52MB/68MB, paused 364us total 18.302ms
08-05 17:52:57.781  3168  3183 I art     : Starting a blocking GC Explicit
08-05 17:52:57.799  3168  3183 I art     : Explicit concurrent mark sweep GC freed 10(352B) AllocSpace objects, 0(0B) LOS objects, 23% free, 52MB/68MB, paused 355us total 18.014ms
08-05 17:52:57.807  3168  3183 I art     : Starting a blocking GC Explicit
08-05 17:52:57.825  3168  3183 I art     : Explicit concurrent mark sweep GC freed 11(416B) AllocSpace objects, 0(0B) LOS objects, 23% free, 52MB/68MB, paused 355us total 17.656ms
08-05 17:52:57.833  3168  3183 I art     : Starting a blocking GC Explicit
08-05 17:52:57.852  3168  3183 I art     : Explicit concurrent mark sweep GC freed 12(432B) AllocSpace objects, 0(0B) LOS objects, 23% free, 52MB/68MB, paused 454us total 17.896ms
08-05 17:52:58.021  3168  4112 D OkHttp  : --> GET https://api-hillfair-2k16.herokuapp.com/api/app/events/special/event?id=580655cddcba0f490c70fdd0 http/1.1
08-05 17:52:58.062  3168  4112 D OkHttp  : <-- 200 OK https://api-hillfair-2k16.herokuapp.com/api/app/events/special/event?id=580655cddcba0f490c70fdd0 (40ms, 721-byte body)
08-05 17:52:58.103  3168  3168 I NAPPA_EXPERIMENTATION: MetricNetworkRequestExecutionTime: REQUEST_DURATION_SYSTEM='1258',REQUEST_DURATION_OKHTTP='41',REQUEST_SYNCHRONOUS='FALSE',RESPONSE_CODE='200',RESPONSE_METHOD='GET',RESPONSE_LENGTH_OKHTTP='721',RESPONSE_LENGTH_HEADER='721',REQUEST_PROTOCOL='http/1.1',REQUEST_URL='https://api-hillfair-2k16.herokuapp.com/api/app/events/special/event?id=580655cddcba0f490c70fdd0',
08-05 17:52:58.125  3168  3180 I art     : Starting a blocking GC Explicit
08-05 17:52:58.144  3168  3180 I art     : Explicit concurrent mark sweep GC freed 4774(329KB) AllocSpace objects, 4(220KB) LOS objects, 23% free, 52MB/68MB, paused 341us total 19.767ms
08-05 17:52:58.154  3168  3180 I art     : Starting a blocking GC Explicit
08-05 17:52:58.173  3168  3180 I art     : Explicit concurrent mark sweep GC freed 1065(128KB) AllocSpace objects, 0(0B) LOS objects, 23% free, 52MB/68MB, paused 299us total 18.487ms
08-05 17:52:58.181  3168  3180 I art     : Starting a blocking GC Explicit
08-05 17:52:58.200  3168  3180 I art     : Explicit concurrent mark sweep GC freed 6(192B) AllocSpace objects, 0(0B) LOS objects, 23% free, 52MB/68MB, paused 309us total 18.767ms
08-05 17:52:58.209  3168  3180 I art     : Starting a blocking GC Explicit
08-05 17:52:58.227  3168  3180 I art     : Explicit concurrent mark sweep GC freed 3(96B) AllocSpace objects, 0(0B) LOS objects, 23% free, 52MB/68MB, paused 329us total 18.582ms
08-05 17:52:58.235  3168  3180 I art     : Starting a blocking GC Explicit
08-05 17:52:58.254  3168  3180 I art     : Explicit concurrent mark sweep GC freed 3(96B) AllocSpace objects, 0(0B) LOS objects, 23% free, 52MB/68MB, paused 294us total 18.003ms
08-05 17:52:58.445   518   646 I ThermalEngine: ACTION: GPU - Setting GPU[0] to 450000000
08-05 17:52:58.584  3168  3180 I art     : Starting a blocking GC Explicit
08-05 17:52:58.609  3168  3180 I art     : Explicit concurrent mark sweep GC freed 1342(78KB) AllocSpace objects, 1(20KB) LOS objects, 23% free, 52MB/68MB, paused 460us total 25.058ms
08-05 17:52:58.622  3168  3180 I art     : Starting a blocking GC Explicit
08-05 17:52:58.647  3168  3180 I art     : Explicit concurrent mark sweep GC freed 36(1264B) AllocSpace objects, 0(0B) LOS objects, 23% free, 52MB/68MB, paused 463us total 24.996ms
08-05 17:52:58.658  3168  3180 I art     : Starting a blocking GC Explicit
08-05 17:52:58.684  3168  3180 I art     : Explicit concurrent mark sweep GC freed 3(96B) AllocSpace objects, 0(0B) LOS objects, 23% free, 52MB/68MB, paused 443us total 25.959ms
08-05 17:52:58.695  3168  3180 I art     : Starting a blocking GC Explicit
08-05 17:52:58.721  3168  3180 I art     : Explicit concurrent mark sweep GC freed 3(96B) AllocSpace objects, 0(0B) LOS objects, 23% free, 52MB/68MB, paused 444us total 25.201ms
08-05 17:52:58.732  3168  3180 I art     : Starting a blocking GC Explicit
08-05 17:52:58.758  3168  3180 I art     : Explicit concurrent mark sweep GC freed 3(96B) AllocSpace objects, 0(0B) LOS objects, 23% free, 52MB/68MB, paused 500us total 25.716ms
08-05 17:52:59.090  3168  4054 I art     : Starting a blocking GC Explicit
08-05 17:52:59.120  3168  4054 I art     : Explicit concurrent mark sweep GC freed 1341(78KB) AllocSpace objects, 1(20KB) LOS objects, 23% free, 52MB/68MB, paused 547us total 30.316ms
08-05 17:52:59.135  3168  4054 I art     : Starting a blocking GC Explicit
08-05 17:52:59.160  3168  4054 I art     : Explicit concurrent mark sweep GC freed 20(704B) AllocSpace objects, 0(0B) LOS objects, 23% free, 52MB/68MB, paused 461us total 24.927ms
08-05 17:52:59.171  3168  4054 I art     : Starting a blocking GC Explicit
08-05 17:52:59.198  3168  4054 I art     : Explicit concurrent mark sweep GC freed 3(96B) AllocSpace objects, 0(0B) LOS objects, 23% free, 52MB/68MB, paused 480us total 26.155ms
08-05 17:52:59.209  3168  4054 I art     : Starting a blocking GC Explicit
08-05 17:52:59.235  3168  4054 I art     : Explicit concurrent mark sweep GC freed 3(96B) AllocSpace objects, 0(0B) LOS objects, 23% free, 52MB/68MB, paused 524us total 25.603ms
08-05 17:52:59.245  3168  4054 I art     : Starting a blocking GC Explicit
08-05 17:52:59.270  3168  4054 I art     : Explicit concurrent mark sweep GC freed 3(96B) AllocSpace objects, 0(0B) LOS objects, 23% free, 52MB/68MB, paused 495us total 24.484ms
08-05 17:52:59.602  3168  3183 I art     : Starting a blocking GC Explicit
08-05 17:52:59.632  3168  3183 I art     : Explicit concurrent mark sweep GC freed 1341(78KB) AllocSpace objects, 1(20KB) LOS objects, 23% free, 52MB/68MB, paused 492us total 29.692ms
08-05 17:52:59.646  3168  3183 I art     : Starting a blocking GC Explicit
08-05 17:52:59.672  3168  3183 I art     : Explicit concurrent mark sweep GC freed 20(704B) AllocSpace objects, 0(0B) LOS objects, 23% free, 52MB/68MB, paused 470us total 26.361ms
08-05 17:52:59.683  3168  3183 I art     : Starting a blocking GC Explicit
08-05 17:52:59.710  3168  3183 I art     : Explicit concurrent mark sweep GC freed 3(96B) AllocSpace objects, 0(0B) LOS objects, 23% free, 52MB/68MB, paused 495us total 25.969ms
08-05 17:52:59.721  3168  3183 I art     : Starting a blocking GC Explicit
08-05 17:52:59.746  3168  3183 I art     : Explicit concurrent mark sweep GC freed 3(96B) AllocSpace objects, 0(0B) LOS objects, 23% free, 52MB/68MB, paused 456us total 25.189ms
08-05 17:52:59.757  3168  3183 I art     : Starting a blocking GC Explicit
08-05 17:52:59.784  3168  3183 I art     : Explicit concurrent mark sweep GC freed 3(96B) AllocSpace objects, 0(0B) LOS objects, 23% free, 52MB/68MB, paused 469us total 25.980ms
08-05 17:53:00.110  3168  3295 I art     : Starting a blocking GC Explicit
08-05 17:53:00.134  3168  3295 I art     : Explicit concurrent mark sweep GC freed 1341(78KB) AllocSpace objects, 1(20KB) LOS objects, 23% free, 52MB/68MB, paused 454us total 24.244ms
08-05 17:53:00.145  3168  3295 I art     : Starting a blocking GC Explicit
08-05 17:53:00.169  3168  3295 I art     : Explicit concurrent mark sweep GC freed 20(704B) AllocSpace objects, 0(0B) LOS objects, 23% free, 52MB/68MB, paused 449us total 23.937ms
08-05 17:53:00.180  3168  3295 I art     : Starting a blocking GC Explicit
08-05 17:53:00.203  3168  3295 I art     : Explicit concurrent mark sweep GC freed 3(96B) AllocSpace objects, 0(0B) LOS objects, 23% free, 52MB/68MB, paused 435us total 23.461ms
08-05 17:53:00.214  3168  3295 I art     : Starting a blocking GC Explicit
08-05 17:53:00.238  3168  3295 I art     : Explicit concurrent mark sweep GC freed 3(96B) AllocSpace objects, 0(0B) LOS objects, 23% free, 52MB/68MB, paused 447us total 23.962ms
08-05 17:53:00.249  3168  3295 I art     : Starting a blocking GC Explicit
08-05 17:53:00.274  3168  3295 I art     : Explicit concurrent mark sweep GC freed 3(96B) AllocSpace objects, 0(0B) LOS objects, 23% free, 52MB/68MB, paused 462us total 24.539ms
08-05 17:53:00.604  3168  3180 I art     : Starting a blocking GC Explicit
08-05 17:53:00.636  3168  3180 I art     : Explicit concurrent mark sweep GC freed 1341(78KB) AllocSpace objects, 1(20KB) LOS objects, 23% free, 52MB/68MB, paused 480us total 31.924ms
08-05 17:53:00.652  3168  3180 I art     : Starting a blocking GC Explicit
08-05 17:53:00.681  3168  3180 I art     : Explicit concurrent mark sweep GC freed 20(704B) AllocSpace objects, 0(0B) LOS objects, 23% free, 52MB/68MB, paused 483us total 29.052ms
08-05 17:53:00.694  3168  3180 I art     : Starting a blocking GC Explicit
08-05 17:53:00.720  3168  3180 I art     : Explicit concurrent mark sweep GC freed 3(96B) AllocSpace objects, 0(0B) LOS objects, 23% free, 52MB/68MB, paused 438us total 25.940ms
08-05 17:53:00.731  3168  3180 I art     : Starting a blocking GC Explicit
08-05 17:53:00.756  3168  3180 I art     : Explicit concurrent mark sweep GC freed 3(96B) AllocSpace objects, 0(0B) LOS objects, 23% free, 52MB/68MB, paused 419us total 24.750ms
08-05 17:53:00.767  3168  3180 I art     : Starting a blocking GC Explicit
08-05 17:53:00.793  3168  3180 I art     : Explicit concurrent mark sweep GC freed 3(96B) AllocSpace objects, 0(0B) LOS objects, 23% free, 52MB/68MB, paused 444us total 25.044ms
08-05 17:53:01.108  3168  4054 I art     : Starting a blocking GC Explicit
08-05 17:53:01.133  3168  4054 I art     : Explicit concurrent mark sweep GC freed 1341(78KB) AllocSpace objects, 1(20KB) LOS objects, 23% free, 52MB/68MB, paused 470us total 24.621ms
08-05 17:53:01.142   918  3188 I hubconnection: sensorhub said: 'set_bias 3: -6.2400, 0.0000, 0.0000'
08-05 17:53:01.144  3168  4054 I art     : Starting a blocking GC Explicit
08-05 17:53:01.169  3168  4054 I art     : Explicit concurrent mark sweep GC freed 20(704B) AllocSpace objects, 0(0B) LOS objects, 23% free, 52MB/68MB, paused 484us total 24.591ms
08-05 17:53:01.179  3168  4054 I art     : Starting a blocking GC Explicit
08-05 17:53:01.204  3168  4054 I art     : Explicit concurrent mark sweep GC freed 3(96B) AllocSpace objects, 0(0B) LOS objects, 23% free, 52MB/68MB, paused 457us total 24.313ms
08-05 17:53:01.215  3168  4054 I art     : Starting a blocking GC Explicit
08-05 17:53:01.239  3168  4054 I art     : Explicit concurrent mark sweep GC freed 3(96B) AllocSpace objects, 0(0B) LOS objects, 23% free, 52MB/68MB, paused 460us total 24.364ms
08-05 17:53:01.250  3168  4054 I art     : Starting a blocking GC Explicit
08-05 17:53:01.274  3168  4054 I art     : Explicit concurrent mark sweep GC freed 3(96B) AllocSpace objects, 0(0B) LOS objects, 23% free, 52MB/68MB, paused 517us total 23.836ms
08-05 17:53:01.588  4218  4218 D AndroidRuntime: >>>>>> START com.android.internal.os.RuntimeInit uid 2000 <<<<<<
08-05 17:53:01.595  3168  3183 I art     : Starting a blocking GC Explicit
08-05 17:53:01.595  4218  4218 D AndroidRuntime: CheckJNI is OFF
08-05 17:53:01.620  3168  3183 I art     : Explicit concurrent mark sweep GC freed 1341(78KB) AllocSpace objects, 1(20KB) LOS objects, 23% free, 52MB/68MB, paused 483us total 25.141ms
08-05 17:53:01.631  3168  3183 I art     : Starting a blocking GC Explicit
08-05 17:53:01.644  4218  4218 D ICU     : No timezone override file found: /data/misc/zoneinfo/current/icu/icu_tzdata.dat
08-05 17:53:01.655  3168  3183 I art     : Explicit concurrent mark sweep GC freed 20(704B) AllocSpace objects, 0(0B) LOS objects, 23% free, 52MB/68MB, paused 498us total 24.143ms
08-05 17:53:01.666  3168  3183 I art     : Starting a blocking GC Explicit
08-05 17:53:01.688  4218  4218 I Radio-JNI: register_android_hardware_Radio DONE
08-05 17:53:01.690  3168  3183 I art     : Explicit concurrent mark sweep GC freed 3(96B) AllocSpace objects, 0(0B) LOS objects, 23% free, 52MB/68MB, paused 484us total 24.223ms
08-05 17:53:01.701  3168  3183 I art     : Starting a blocking GC Explicit
08-05 17:53:01.718  4218  4218 D AndroidRuntime: Calling main entry com.android.commands.input.Input
08-05 17:53:01.720  4218  4218 I Input   : injectKeyEvent: KeyEvent { action=ACTION_DOWN, keyCode=KEYCODE_BACK, scanCode=0, metaState=0, flags=0x0, repeatCount=0, eventTime=813198133, downTime=813198133, deviceId=-1, source=0x101 }
08-05 17:53:01.725  3168  3183 I art     : Explicit concurrent mark sweep GC freed 3(96B) AllocSpace objects, 0(0B) LOS objects, 23% free, 52MB/68MB, paused 423us total 23.965ms
08-05 17:53:01.727  4218  4218 I Input   : injectKeyEvent: KeyEvent { action=ACTION_UP, keyCode=KEYCODE_BACK, scanCode=0, metaState=0, flags=0x0, repeatCount=0, eventTime=813198133, downTime=813198133, deviceId=-1, source=0x101 }
08-05 17:53:01.735  4218  4218 D AndroidRuntime: Shutting down VM
08-05 17:53:01.736  3168  3183 I art     : Starting a blocking GC Explicit
08-05 17:53:01.758  3168  3183 I art     : Explicit concurrent mark sweep GC freed 144(6KB) AllocSpace objects, 0(0B) LOS objects, 23% free, 52MB/68MB, paused 451us total 22.281ms
08-05 17:53:01.778 13866 13866 I GoogleInputMethodServic: GoogleInputMethodService.onFinishInput():3138 
08-05 17:53:01.778 13866 13866 I GoogleInputMethodServic: GoogleInputMethodService.onStartInput():1808 
08-05 17:53:02.057  3168  4054 I art     : Starting a blocking GC Explicit
08-05 17:53:02.071   380   380 W SurfaceFlinger: couldn't log to binary event log: overflow.
08-05 17:53:02.083  3168  4054 I art     : Explicit concurrent mark sweep GC freed 1461(87KB) AllocSpace objects, 1(20KB) LOS objects, 23% free, 52MB/68MB, paused 497us total 25.054ms
08-05 17:53:02.095  3168  4054 I art     : Starting a blocking GC Explicit
08-05 17:53:02.117  3168  4054 I art     : Explicit concurrent mark sweep GC freed 44(1760B) AllocSpace objects, 0(0B) LOS objects, 23% free, 52MB/68MB, paused 437us total 21.519ms
08-05 17:53:02.127  3168  4054 I art     : Starting a blocking GC Explicit
08-05 17:53:02.149  3168  4054 I art     : Explicit concurrent mark sweep GC freed 1655(106KB) AllocSpace objects, 3(400KB) LOS objects, 23% free, 51MB/67MB, paused 452us total 22.550ms
08-05 17:53:02.160  3168  4054 I art     : Starting a blocking GC Explicit
08-05 17:53:02.182  3168  4054 I art     : Explicit concurrent mark sweep GC freed 3(96B) AllocSpace objects, 0(0B) LOS objects, 23% free, 51MB/67MB, paused 446us total 22.378ms
08-05 17:53:02.192  3168  4054 I art     : Starting a blocking GC Explicit
08-05 17:53:02.215  3168  4054 I art     : Explicit concurrent mark sweep GC freed 3(96B) AllocSpace objects, 0(0B) LOS objects, 23% free, 51MB/67MB, paused 453us total 22.591ms
08-05 17:53:02.463  3129  3129 I ServiceManager: Waiting for service AtCmdFwd...
08-05 17:53:02.503  3168  3295 I art     : Starting a blocking GC Explicit
08-05 17:53:02.535  3168  3295 I art     : Explicit concurrent mark sweep GC freed 1341(78KB) AllocSpace objects, 1(20KB) LOS objects, 23% free, 51MB/67MB, paused 505us total 31.620ms
08-05 17:53:02.550  3168  3295 I art     : Starting a blocking GC Explicit
08-05 17:53:02.577  3168  3295 I art     : Explicit concurrent mark sweep GC freed 20(704B) AllocSpace objects, 0(0B) LOS objects, 23% free, 51MB/67MB, paused 571us total 26.858ms
08-05 17:53:02.588  3168  3295 I art     : Starting a blocking GC Explicit
08-05 17:53:02.612  3168  3295 I art     : Explicit concurrent mark sweep GC freed 3(96B) AllocSpace objects, 0(0B) LOS objects, 23% free, 51MB/67MB, paused 463us total 23.229ms
08-05 17:53:02.623  3168  3295 I art     : Starting a blocking GC Explicit
08-05 17:53:02.646  3168  3295 I art     : Explicit concurrent mark sweep GC freed 3(96B) AllocSpace objects, 0(0B) LOS objects, 23% free, 51MB/67MB, paused 449us total 22.854ms
08-05 17:53:02.656  3168  3295 I art     : Starting a blocking GC Explicit
08-05 17:53:02.680  3168  3295 I art     : Explicit concurrent mark sweep GC freed 3(96B) AllocSpace objects, 0(0B) LOS objects, 23% free, 51MB/67MB, paused 448us total 23.182ms
08-05 17:53:02.985  3168  3180 I art     : Starting a blocking GC Explicit
08-05 17:53:03.012  3168  3180 I art     : Explicit concurrent mark sweep GC freed 1340(78KB) AllocSpace objects, 1(20KB) LOS objects, 23% free, 51MB/67MB, paused 480us total 25.843ms
08-05 17:53:03.022  3168  3180 I art     : Starting a blocking GC Explicit
08-05 17:53:03.045  3168  3180 I art     : Explicit concurrent mark sweep GC freed 20(704B) AllocSpace objects, 0(0B) LOS objects, 23% free, 51MB/67MB, paused 433us total 22.699ms
08-05 17:53:03.056  3168  3180 I art     : Starting a blocking GC Explicit
08-05 17:53:03.078  3168  3180 I art     : Explicit concurrent mark sweep GC freed 3(96B) AllocSpace objects, 0(0B) LOS objects, 23% free, 51MB/67MB, paused 447us total 22.309ms
08-05 17:53:03.089  3168  3180 I art     : Starting a blocking GC Explicit
08-05 17:53:03.111  3168  3180 I art     : Explicit concurrent mark sweep GC freed 3(96B) AllocSpace objects, 0(0B) LOS objects, 23% free, 51MB/67MB, paused 437us total 22.310ms
08-05 17:53:03.122  3168  3180 I art     : Starting a blocking GC Explicit
08-05 17:53:03.144  3168  3180 I art     : Explicit concurrent mark sweep GC freed 3(96B) AllocSpace objects, 0(0B) LOS objects, 23% free, 51MB/67MB, paused 436us total 22.432ms
08-05 17:53:03.428  3168  3183 I art     : Starting a blocking GC Explicit
08-05 17:53:03.452  3168  3183 I art     : Explicit concurrent mark sweep GC freed 1340(78KB) AllocSpace objects, 1(20KB) LOS objects, 23% free, 51MB/67MB, paused 511us total 24.301ms
08-05 17:53:03.464  3129  3129 I ServiceManager: Waiting for service AtCmdFwd...
08-05 17:53:03.468  3168  3183 I art     : Starting a blocking GC Explicit
08-05 17:53:03.490  3168  3183 I art     : Explicit concurrent mark sweep GC freed 20(704B) AllocSpace objects, 0(0B) LOS objects, 23% free, 51MB/67MB, paused 457us total 21.938ms
08-05 17:53:03.500  3168  3183 I art     : Starting a blocking GC Explicit
08-05 17:53:03.519  4271  4271 D AndroidRuntime: >>>>>> START com.android.internal.os.RuntimeInit uid 2000 <<<<<<
08-05 17:53:03.524  3168  3183 I art     : Explicit concurrent mark sweep GC freed 3(96B) AllocSpace objects, 0(0B) LOS objects, 23% free, 51MB/67MB, paused 471us total 23.188ms
08-05 17:53:03.525  4271  4271 D AndroidRuntime: CheckJNI is OFF
08-05 17:53:03.534  3168  3183 I art     : Starting a blocking GC Explicit
08-05 17:53:03.558  3168  3183 I art     : Explicit concurrent mark sweep GC freed 3(96B) AllocSpace objects, 0(0B) LOS objects, 23% free, 51MB/67MB, paused 492us total 23.028ms
08-05 17:53:03.568  3168  3183 I art     : Starting a blocking GC Explicit
08-05 17:53:03.572  4271  4271 D ICU     : No timezone override file found: /data/misc/zoneinfo/current/icu/icu_tzdata.dat
08-05 17:53:03.592  3168  3183 I art     : Explicit concurrent mark sweep GC freed 3(96B) AllocSpace objects, 0(0B) LOS objects, 23% free, 51MB/67MB, paused 452us total 23.729ms
08-05 17:53:03.620  4271  4271 I Radio-JNI: register_android_hardware_Radio DONE
08-05 17:53:03.649  4271  4271 D AndroidRuntime: Calling main entry com.android.commands.input.Input
08-05 17:53:03.651  4271  4271 I Input   : injectMotionEvent: MotionEvent { action=ACTION_DOWN, actionButton=0, id[0]=0, x[0]=733.0, y[0]=1957.0, toolType[0]=TOOL_TYPE_UNKNOWN, buttonState=0, metaState=0, flags=0x0, edgeFlags=0x0, pointerCount=1, historySize=0, eventTime=813200063, downTime=813200063, deviceId=0, source=0x1002 }
08-05 17:53:03.658  4271  4271 I Input   : injectMotionEvent: MotionEvent { action=ACTION_UP, actionButton=0, id[0]=0, x[0]=733.0, y[0]=1957.0, toolType[0]=TOOL_TYPE_UNKNOWN, buttonState=0, metaState=0, flags=0x0, edgeFlags=0x0, pointerCount=1, historySize=0, eventTime=813200063, downTime=813200063, deviceId=0, source=0x1002 }
08-05 17:53:03.660   918  3359 I ActivityManager: START u0 {cmp=baseline.appteam.nith.hillffair/.activities.ClubActivity (has extras)} from uid 10675 on display 0
08-05 17:53:03.669  4271  4271 D AndroidRuntime: Shutting down VM
08-05 17:53:03.770 13866 13866 I GoogleInputMethodServic: GoogleInputMethodService.onFinishInput():3138 
08-05 17:53:03.770   918   936 I ActivityManager: Displayed baseline.appteam.nith.hillffair/.activities.ClubActivity: +101ms
08-05 17:53:03.770 13866 13866 I GoogleInputMethodServic: GoogleInputMethodService.onStartInput():1808 
08-05 17:53:03.870  3168  4054 I art     : Starting a blocking GC Explicit
08-05 17:53:03.895  3168  4054 I art     : Explicit concurrent mark sweep GC freed 5045(296KB) AllocSpace objects, 1(20KB) LOS objects, 23% free, 52MB/68MB, paused 500us total 24.204ms
08-05 17:53:03.906  3168  4054 I art     : Starting a blocking GC Explicit
08-05 17:53:03.933  3168  4054 I art     : Explicit concurrent mark sweep GC freed 211(9KB) AllocSpace objects, 0(0B) LOS objects, 23% free, 52MB/68MB, paused 479us total 26.375ms
08-05 17:53:03.945  3168  4054 I art     : Starting a blocking GC Explicit
08-05 17:53:03.972  3168  4054 I art     : Explicit concurrent mark sweep GC freed 3(96B) AllocSpace objects, 0(0B) LOS objects, 23% free, 52MB/68MB, paused 682us total 26.927ms
08-05 17:53:03.985  3168  4054 I art     : Starting a blocking GC Explicit
08-05 17:53:04.007   380   380 W SurfaceFlinger: couldn't log to binary event log: overflow.
08-05 17:53:04.013  3168  4054 I art     : Explicit concurrent mark sweep GC freed 3(96B) AllocSpace objects, 0(0B) LOS objects, 23% free, 52MB/68MB, paused 526us total 27.398ms
08-05 17:53:04.025  3168  4054 I art     : Starting a blocking GC Explicit
08-05 17:53:04.046  3168  4054 I art     : Explicit concurrent mark sweep GC freed 3(96B) AllocSpace objects, 0(0B) LOS objects, 23% free, 52MB/68MB, paused 472us total 21.232ms
08-05 17:53:04.336  3168  3183 I art     : Starting a blocking GC Explicit
08-05 17:53:04.361  3168  3183 I art     : Explicit concurrent mark sweep GC freed 1477(85KB) AllocSpace objects, 1(20KB) LOS objects, 23% free, 52MB/68MB, paused 739us total 24.678ms
08-05 17:53:04.372  3168  3183 I art     : Starting a blocking GC Explicit
08-05 17:53:04.395  3168  3183 I art     : Explicit concurrent mark sweep GC freed 55(1920B) AllocSpace objects, 0(0B) LOS objects, 23% free, 52MB/68MB, paused 491us total 23.359ms
08-05 17:53:04.406  3168  3183 I art     : Starting a blocking GC Explicit
08-05 17:53:04.429  3168  3183 I art     : Explicit concurrent mark sweep GC freed 15(544B) AllocSpace objects, 0(0B) LOS objects, 23% free, 52MB/68MB, paused 508us total 23.101ms
08-05 17:53:04.440  3168  3183 I art     : Starting a blocking GC Explicit
08-05 17:53:04.463  3168  3183 I art     : Explicit concurrent mark sweep GC freed 13(480B) AllocSpace objects, 0(0B) LOS objects, 23% free, 52MB/68MB, paused 568us total 23.210ms
08-05 17:53:04.464  3129  3129 I ServiceManager: Waiting for service AtCmdFwd...
08-05 17:53:04.474  3168  3183 I art     : Starting a blocking GC Explicit
08-05 17:53:04.498  3168  3183 I art     : Explicit concurrent mark sweep GC freed 12(432B) AllocSpace objects, 0(0B) LOS objects, 23% free, 52MB/68MB, paused 547us total 23.508ms
08-05 17:53:04.573  3168  4295 D OkHttp  : --> GET https://api-hillfair-2k16.herokuapp.com/api/app/events/special/event?id=58065620dcba0f490c70fe09 http/1.1
08-05 17:53:04.612  3168  4295 D OkHttp  : <-- 200 OK https://api-hillfair-2k16.herokuapp.com/api/app/events/special/event?id=58065620dcba0f490c70fe09 (39ms, 682-byte body)
08-05 17:53:04.659  3168  3168 I NAPPA_EXPERIMENTATION: MetricNetworkRequestExecutionTime: REQUEST_DURATION_SYSTEM='960',REQUEST_DURATION_OKHTTP='39',REQUEST_SYNCHRONOUS='FALSE',RESPONSE_CODE='200',RESPONSE_METHOD='GET',RESPONSE_LENGTH_OKHTTP='682',RESPONSE_LENGTH_HEADER='682',REQUEST_PROTOCOL='http/1.1',REQUEST_URL='https://api-hillfair-2k16.herokuapp.com/api/app/events/special/event?id=58065620dcba0f490c70fe09',
08-05 17:53:04.776  3168  3295 I art     : Starting a blocking GC Explicit
08-05 17:53:04.802  3168  3295 I art     : Explicit concurrent mark sweep GC freed 4796(337KB) AllocSpace objects, 4(220KB) LOS objects, 23% free, 52MB/68MB, paused 483us total 26.546ms
08-05 17:53:04.813  3168  3295 I art     : Starting a blocking GC Explicit
08-05 17:53:04.838  3168  3295 I art     : Explicit concurrent mark sweep GC freed 1035(119KB) AllocSpace objects, 0(0B) LOS objects, 23% free, 52MB/68MB, paused 494us total 24.369ms
08-05 17:53:04.849  3168  3295 I art     : Starting a blocking GC Explicit
08-05 17:53:04.873  3168  3295 I art     : Explicit concurrent mark sweep GC freed 3(96B) AllocSpace objects, 0(0B) LOS objects, 23% free, 52MB/68MB, paused 455us total 24.254ms
08-05 17:53:04.884  3168  3295 I art     : Starting a blocking GC Explicit
08-05 17:53:04.908  3168  3295 I art     : Explicit concurrent mark sweep GC freed 3(96B) AllocSpace objects, 0(0B) LOS objects, 23% free, 52MB/68MB, paused 467us total 23.264ms
08-05 17:53:04.919  3168  3295 I art     : Starting a blocking GC Explicit
08-05 17:53:04.942  3168  3295 I art     : Explicit concurrent mark sweep GC freed 3(96B) AllocSpace objects, 0(0B) LOS objects, 23% free, 52MB/68MB, paused 573us total 23.208ms
08-05 17:53:05.238  3168  3183 I art     : Starting a blocking GC Explicit
08-05 17:53:05.269  3168  3183 I art     : Explicit concurrent mark sweep GC freed 1341(78KB) AllocSpace objects, 1(20KB) LOS objects, 23% free, 52MB/68MB, paused 541us total 30.903ms
08-05 17:53:05.282  3168  3183 I art     : Starting a blocking GC Explicit
08-05 17:53:05.309  3168  3183 I art     : Explicit concurrent mark sweep GC freed 36(1264B) AllocSpace objects, 0(0B) LOS objects, 23% free, 52MB/68MB, paused 505us total 26.317ms
08-05 17:53:05.320  3168  3183 I art     : Starting a blocking GC Explicit
08-05 17:53:05.345  3168  3183 I art     : Explicit concurrent mark sweep GC freed 3(96B) AllocSpace objects, 0(0B) LOS objects, 23% free, 52MB/68MB, paused 478us total 25.245ms
08-05 17:53:05.356  3168  3183 I art     : Starting a blocking GC Explicit
08-05 17:53:05.383  3168  3183 I art     : Explicit concurrent mark sweep GC freed 3(96B) AllocSpace objects, 0(0B) LOS objects, 23% free, 52MB/68MB, paused 496us total 26.843ms
08-05 17:53:05.395  3168  3183 I art     : Starting a blocking GC Explicit
08-05 17:53:05.422  3168  3183 I art     : Explicit concurrent mark sweep GC freed 3(96B) AllocSpace objects, 0(0B) LOS objects, 23% free, 52MB/68MB, paused 499us total 26.645ms
08-05 17:53:05.465  3129  3129 I ServiceManager: Waiting for service AtCmdFwd...
08-05 17:53:05.740  3168  4054 I art     : Starting a blocking GC Explicit
08-05 17:53:05.770  3168  4054 I art     : Explicit concurrent mark sweep GC freed 1341(78KB) AllocSpace objects, 1(20KB) LOS objects, 23% free, 52MB/68MB, paused 646us total 29.785ms
08-05 17:53:05.783  3168  4054 I art     : Starting a blocking GC Explicit
08-05 17:53:05.810  3168  4054 I art     : Explicit concurrent mark sweep GC freed 20(704B) AllocSpace objects, 0(0B) LOS objects, 23% free, 52MB/68MB, paused 471us total 26.702ms
08-05 17:53:05.821  3168  4054 I art     : Starting a blocking GC Explicit
08-05 17:53:05.847  3168  4054 I art     : Explicit concurrent mark sweep GC freed 3(96B) AllocSpace objects, 0(0B) LOS objects, 23% free, 52MB/68MB, paused 458us total 25.234ms
08-05 17:53:05.858  3168  4054 I art     : Starting a blocking GC Explicit
08-05 17:53:05.885  3168  4054 I art     : Explicit concurrent mark sweep GC freed 3(96B) AllocSpace objects, 0(0B) LOS objects, 23% free, 52MB/68MB, paused 499us total 26.598ms
08-05 17:53:05.896  3168  4054 I art     : Starting a blocking GC Explicit
08-05 17:53:05.921  3168  4054 I art     : Explicit concurrent mark sweep GC freed 3(96B) AllocSpace objects, 0(0B) LOS objects, 23% free, 52MB/68MB, paused 473us total 25.114ms
08-05 17:53:06.230  3168  3180 I art     : Starting a blocking GC Explicit
08-05 17:53:06.257  3168  3180 I art     : Explicit concurrent mark sweep GC freed 1341(78KB) AllocSpace objects, 1(20KB) LOS objects, 23% free, 52MB/68MB, paused 514us total 26.383ms
08-05 17:53:06.271  3168  3180 I art     : Starting a blocking GC Explicit
08-05 17:53:06.297  3168  3180 I art     : Explicit concurrent mark sweep GC freed 20(704B) AllocSpace objects, 0(0B) LOS objects, 23% free, 52MB/68MB, paused 548us total 25.923ms
08-05 17:53:06.308  3168  3180 I art     : Starting a blocking GC Explicit
08-05 17:53:06.334  3168  3180 I art     : Explicit concurrent mark sweep GC freed 3(96B) AllocSpace objects, 0(0B) LOS objects, 23% free, 52MB/68MB, paused 516us total 25.318ms
08-05 17:53:06.345  3168  3180 I art     : Starting a blocking GC Explicit
08-05 17:53:06.371  3168  3180 I art     : Explicit concurrent mark sweep GC freed 3(96B) AllocSpace objects, 0(0B) LOS objects, 23% free, 52MB/68MB, paused 463us total 25.396ms
08-05 17:53:06.381  3168  3180 I art     : Starting a blocking GC Explicit
08-05 17:53:06.407  3168  3180 I art     : Explicit concurrent mark sweep GC freed 3(96B) AllocSpace objects, 0(0B) LOS objects, 23% free, 52MB/68MB, paused 542us total 25.748ms
08-05 17:53:06.466  3129  3129 I ServiceManager: Waiting for service AtCmdFwd...
08-05 17:53:06.479  4348  4348 D AndroidRuntime: >>>>>> START com.android.internal.os.RuntimeInit uid 2000 <<<<<<
08-05 17:53:06.486  4348  4348 D AndroidRuntime: CheckJNI is OFF
08-05 17:53:06.534  4348  4348 D ICU     : No timezone override file found: /data/misc/zoneinfo/current/icu/icu_tzdata.dat
08-05 17:53:06.584  4348  4348 I Radio-JNI: register_android_hardware_Radio DONE
08-05 17:53:06.613  4348  4348 D AndroidRuntime: Calling main entry com.android.commands.input.Input
08-05 17:53:06.615  4348  4348 I Input   : injectKeyEvent: KeyEvent { action=ACTION_DOWN, keyCode=KEYCODE_BACK, scanCode=0, metaState=0, flags=0x0, repeatCount=0, eventTime=813203028, downTime=813203028, deviceId=-1, source=0x101 }
08-05 17:53:06.623  4348  4348 I Input   : injectKeyEvent: KeyEvent { action=ACTION_UP, keyCode=KEYCODE_BACK, scanCode=0, metaState=0, flags=0x0, repeatCount=0, eventTime=813203028, downTime=813203028, deviceId=-1, source=0x101 }
08-05 17:53:06.629  4348  4348 D AndroidRuntime: Shutting down VM
08-05 17:53:06.672 13866 13866 I GoogleInputMethodServic: GoogleInputMethodService.onFinishInput():3138 
08-05 17:53:06.672 13866 13866 I GoogleInputMethodServic: GoogleInputMethodService.onStartInput():1808 
08-05 17:53:06.724  3168  3183 I art     : Starting a blocking GC Explicit
08-05 17:53:06.748  3168  3183 I art     : Explicit concurrent mark sweep GC freed 1511(85KB) AllocSpace objects, 1(20KB) LOS objects, 23% free, 52MB/68MB, paused 475us total 23.150ms
08-05 17:53:06.758  3168  3183 I art     : Starting a blocking GC Explicit
08-05 17:53:06.783  3168  3183 I art     : Explicit concurrent mark sweep GC freed 26(944B) AllocSpace objects, 0(0B) LOS objects, 23% free, 52MB/68MB, paused 476us total 24.544ms
08-05 17:53:06.794  3168  3183 I art     : Starting a blocking GC Explicit
08-05 17:53:06.821  3168  3183 I art     : Explicit concurrent mark sweep GC freed 3(96B) AllocSpace objects, 0(0B) LOS objects, 23% free, 52MB/68MB, paused 472us total 26.527ms
08-05 17:53:06.832  3168  3183 I art     : Starting a blocking GC Explicit
08-05 17:53:06.860  3168  3183 I art     : Explicit concurrent mark sweep GC freed 3(96B) AllocSpace objects, 0(0B) LOS objects, 23% free, 52MB/68MB, paused 460us total 27.238ms
08-05 17:53:06.874  3168  3183 I art     : Starting a blocking GC Explicit
08-05 17:53:06.904  3168  3183 I art     : Explicit concurrent mark sweep GC freed 3(96B) AllocSpace objects, 0(0B) LOS objects, 23% free, 52MB/68MB, paused 507us total 29.622ms
08-05 17:53:06.960   380   380 W SurfaceFlinger: couldn't log to binary event log: overflow.
08-05 17:53:07.187  3168  4054 I art     : Starting a blocking GC Explicit
08-05 17:53:07.217  3168  4054 I art     : Explicit concurrent mark sweep GC freed 1450(87KB) AllocSpace objects, 1(20KB) LOS objects, 23% free, 52MB/68MB, paused 519us total 30.017ms
08-05 17:53:07.231  3168  4054 I art     : Starting a blocking GC Explicit
08-05 17:53:07.256  3168  4054 I art     : Explicit concurrent mark sweep GC freed 1672(106KB) AllocSpace objects, 3(400KB) LOS objects, 23% free, 51MB/67MB, paused 478us total 24.241ms
08-05 17:53:07.266  3168  4054 I art     : Starting a blocking GC Explicit
08-05 17:53:07.290  3168  4054 I art     : Explicit concurrent mark sweep GC freed 3(96B) AllocSpace objects, 0(0B) LOS objects, 23% free, 51MB/67MB, paused 481us total 23.539ms
08-05 17:53:07.301  3168  4054 I art     : Starting a blocking GC Explicit
08-05 17:53:07.325  3168  4054 I art     : Explicit concurrent mark sweep GC freed 3(96B) AllocSpace objects, 0(0B) LOS objects, 23% free, 51MB/67MB, paused 484us total 23.785ms
08-05 17:53:07.336  3168  4054 I art     : Starting a blocking GC Explicit
08-05 17:53:07.360  3168  4054 I art     : Explicit concurrent mark sweep GC freed 3(96B) AllocSpace objects, 0(0B) LOS objects, 23% free, 51MB/67MB, paused 489us total 23.818ms
08-05 17:53:07.466  3129  3129 W Atfwd_Sendcmd: AtCmdFwd service not published, waiting... retryCnt : 5
08-05 17:53:07.667  3168  3295 I art     : Starting a blocking GC Explicit
08-05 17:53:07.701  3168  3295 I art     : Explicit concurrent mark sweep GC freed 1341(78KB) AllocSpace objects, 1(20KB) LOS objects, 23% free, 51MB/67MB, paused 531us total 33.033ms
08-05 17:53:07.713  3168  3295 I art     : Starting a blocking GC Explicit
08-05 17:53:07.737  3168  3295 I art     : Explicit concurrent mark sweep GC freed 20(704B) AllocSpace objects, 0(0B) LOS objects, 23% free, 51MB/67MB, paused 556us total 23.818ms
08-05 17:53:07.747  3168  3295 I art     : Starting a blocking GC Explicit
08-05 17:53:07.771  3168  3295 I art     : Explicit concurrent mark sweep GC freed 3(96B) AllocSpace objects, 0(0B) LOS objects, 23% free, 51MB/67MB, paused 484us total 23.684ms
08-05 17:53:07.782  3168  3295 I art     : Starting a blocking GC Explicit
08-05 17:53:07.806  3168  3295 I art     : Explicit concurrent mark sweep GC freed 3(96B) AllocSpace objects, 0(0B) LOS objects, 23% free, 51MB/67MB, paused 492us total 23.508ms
08-05 17:53:07.817  3168  3295 I art     : Starting a blocking GC Explicit
08-05 17:53:07.841  3168  3295 I art     : Explicit concurrent mark sweep GC freed 3(96B) AllocSpace objects, 0(0B) LOS objects, 23% free, 51MB/67MB, paused 475us total 23.507ms
08-05 17:53:08.139  3168  3183 I art     : Starting a blocking GC Explicit
08-05 17:53:08.166  3168  3183 I art     : Explicit concurrent mark sweep GC freed 1340(78KB) AllocSpace objects, 1(20KB) LOS objects, 23% free, 51MB/67MB, paused 547us total 26.265ms
08-05 17:53:08.178  3168  3183 I art     : Starting a blocking GC Explicit
08-05 17:53:08.203  3168  3183 I art     : Explicit concurrent mark sweep GC freed 20(704B) AllocSpace objects, 0(0B) LOS objects, 23% free, 51MB/67MB, paused 519us total 24.621ms
08-05 17:53:08.214  3168  3183 I art     : Starting a blocking GC Explicit
08-05 17:53:08.239  3168  3183 I art     : Explicit concurrent mark sweep GC freed 3(96B) AllocSpace objects, 0(0B) LOS objects, 23% free, 51MB/67MB, paused 487us total 24.557ms
08-05 17:53:08.250  3168  3183 I art     : Starting a blocking GC Explicit
08-05 17:53:08.274  3168  3183 I art     : Explicit concurrent mark sweep GC freed 3(96B) AllocSpace objects, 0(0B) LOS objects, 23% free, 51MB/67MB, paused 500us total 23.960ms
08-05 17:53:08.285  3168  3183 I art     : Starting a blocking GC Explicit
08-05 17:53:08.309  3168  3183 I art     : Explicit concurrent mark sweep GC freed 3(96B) AllocSpace objects, 0(0B) LOS objects, 23% free, 51MB/67MB, paused 511us total 24.423ms
08-05 17:53:08.417  4405  4405 D AndroidRuntime: >>>>>> START com.android.internal.os.RuntimeInit uid 2000 <<<<<<
08-05 17:53:08.426  4405  4405 D AndroidRuntime: CheckJNI is OFF
08-05 17:53:08.474  4405  4405 D ICU     : No timezone override file found: /data/misc/zoneinfo/current/icu/icu_tzdata.dat
08-05 17:53:08.516  4405  4405 I Radio-JNI: register_android_hardware_Radio DONE
08-05 17:53:08.544  4405  4405 D AndroidRuntime: Calling main entry com.android.commands.input.Input
08-05 17:53:08.546  4405  4405 I Input   : injectMotionEvent: MotionEvent { action=ACTION_DOWN, actionButton=0, id[0]=0, x[0]=733.0, y[0]=1957.0, toolType[0]=TOOL_TYPE_UNKNOWN, buttonState=0, metaState=0, flags=0x0, edgeFlags=0x0, pointerCount=1, historySize=0, eventTime=813204959, downTime=813204959, deviceId=0, source=0x1002 }
08-05 17:53:08.552  4405  4405 I Input   : injectMotionEvent: MotionEvent { action=ACTION_UP, actionButton=0, id[0]=0, x[0]=733.0, y[0]=1957.0, toolType[0]=TOOL_TYPE_UNKNOWN, buttonState=0, metaState=0, flags=0x0, edgeFlags=0x0, pointerCount=1, historySize=0, eventTime=813204959, downTime=813204959, deviceId=0, source=0x1002 }
08-05 17:53:08.553   918  6111 I ActivityManager: START u0 {cmp=baseline.appteam.nith.hillffair/.activities.ClubActivity (has extras)} from uid 10675 on display 0
08-05 17:53:08.560  4405  4405 D AndroidRuntime: Shutting down VM
08-05 17:53:08.614  3168  3183 I art     : Starting a blocking GC Explicit
08-05 17:53:08.639  3168  3183 I art     : Explicit concurrent mark sweep GC freed 5051(321KB) AllocSpace objects, 1(20KB) LOS objects, 23% free, 52MB/68MB, paused 631us total 24.967ms
08-05 17:53:08.650  3168  3183 I art     : Starting a blocking GC Explicit
08-05 17:53:08.669 13866 13866 I GoogleInputMethodServic: GoogleInputMethodService.onFinishInput():3138 
08-05 17:53:08.669 13866 13866 I GoogleInputMethodServic: GoogleInputMethodService.onStartInput():1808 
08-05 17:53:08.670   918   936 I ActivityManager: Displayed baseline.appteam.nith.hillffair/.activities.ClubActivity: +108ms
08-05 17:53:08.674  3168  3183 I art     : Explicit concurrent mark sweep GC freed 431(20KB) AllocSpace objects, 0(0B) LOS objects, 23% free, 52MB/68MB, paused 830us total 24.277ms
08-05 17:53:08.687  3168  3183 I art     : Starting a blocking GC Explicit
08-05 17:53:08.710  3168  3183 I art     : Explicit concurrent mark sweep GC freed 22(944B) AllocSpace objects, 0(0B) LOS objects, 23% free, 52MB/68MB, paused 529us total 23.431ms
08-05 17:53:08.721  3168  3183 I art     : Starting a blocking GC Explicit
08-05 17:53:08.742  3168  3183 I art     : Explicit concurrent mark sweep GC freed 11(368B) AllocSpace objects, 0(0B) LOS objects, 23% free, 52MB/68MB, paused 501us total 21.109ms
08-05 17:53:08.752  3168  3183 I art     : Starting a blocking GC Explicit
08-05 17:53:08.775  3168  3183 I art     : Explicit concurrent mark sweep GC freed 3(96B) AllocSpace objects, 0(0B) LOS objects, 23% free, 52MB/68MB, paused 634us total 22.677ms
08-05 17:53:08.929   380   380 W SurfaceFlinger: couldn't log to binary event log: overflow.
08-05 17:53:09.053  3168  3295 I art     : Starting a blocking GC Explicit
08-05 17:53:09.077  3168  4440 D OkHttp  : --> GET https://api-hillfair-2k16.herokuapp.com/api/app/events/special/event?id=58065620dcba0f490c70fe09 http/1.1
08-05 17:53:09.082  3168  3295 I art     : Explicit concurrent mark sweep GC freed 3997(216KB) AllocSpace objects, 3(140KB) LOS objects, 23% free, 52MB/68MB, paused 928us total 28.596ms
08-05 17:53:09.093  3168  3295 I art     : Starting a blocking GC Explicit
08-05 17:53:09.112  3168  4440 D OkHttp  : <-- 200 OK https://api-hillfair-2k16.herokuapp.com/api/app/events/special/event?id=58065620dcba0f490c70fe09 (34ms, 682-byte body)
08-05 17:53:09.116  3168  3295 I art     : Explicit concurrent mark sweep GC freed 1122(141KB) AllocSpace objects, 1(80KB) LOS objects, 23% free, 52MB/68MB, paused 673us total 23.589ms
08-05 17:53:09.127  3168  3295 I art     : Starting a blocking GC Explicit
08-05 17:53:09.150  3168  3295 I art     : Explicit concurrent mark sweep GC freed 120(11KB) AllocSpace objects, 0(0B) LOS objects, 23% free, 52MB/68MB, paused 524us total 23.104ms
08-05 17:53:09.160  3168  3295 I art     : Starting a blocking GC Explicit
08-05 17:53:09.164  3168  3168 I NAPPA_EXPERIMENTATION: MetricNetworkRequestExecutionTime: REQUEST_DURATION_SYSTEM='566',REQUEST_DURATION_OKHTTP='35',REQUEST_SYNCHRONOUS='FALSE',RESPONSE_CODE='200',RESPONSE_METHOD='GET',RESPONSE_LENGTH_OKHTTP='682',RESPONSE_LENGTH_HEADER='682',REQUEST_PROTOCOL='http/1.1',REQUEST_URL='https://api-hillfair-2k16.herokuapp.com/api/app/events/special/event?id=58065620dcba0f490c70fe09',
08-05 17:53:09.184  3168  3295 I art     : Explicit concurrent mark sweep GC freed 216(28KB) AllocSpace objects, 0(0B) LOS objects, 23% free, 52MB/68MB, paused 704us total 23.859ms
08-05 17:53:09.195  3168  3295 I art     : Starting a blocking GC Explicit
08-05 17:53:09.219  3168  3295 I art     : Explicit concurrent mark sweep GC freed 401(34KB) AllocSpace objects, 0(0B) LOS objects, 23% free, 52MB/68MB, paused 500us total 23.758ms
08-05 17:53:09.290  5179  5194 D QcrilMsgTunnelSocket: readRilMessage: Buffer = [B@671e81d HexData = [010000000404000011000000514f454d484f4f4bef0308000100000003]
08-05 17:53:09.290  5179  5194 D QcrilMsgTunnelSocket: Rcvd UNSOL response with 28 bytes data for SUB0
08-05 17:53:09.290  5179  5194 D QcrilMsgTunnelSocket: Response ID 525295 is not served in this process.
08-05 17:53:09.290  5179  5194 D QcrilMsgTunnelSocket: To broadcast an Intent via the notifier to external apps
08-05 17:53:09.290  5179  5179 D QcrilMsgTunnelIfaceManager: handleMessage what = 0
08-05 17:53:09.290  5179  5179 D QcrilMsgTunnelIfaceManager: Broadcasting intent ACTION_UNSOL_RESPONSE_OEM_HOOK_RAW
08-05 17:53:09.291  5164  5164 D QC_RIL_OEM_HOOK: Received Broadcast Intent ACTION_UNSOL_RESPONSE_OEM_HOOK_RAW
08-05 17:53:09.291  5164  5164 D QC_RIL_OEM_HOOK: Oem ID in QCRILHOOK UNSOL RESP is QOEMHOOK
08-05 17:53:09.312   918  3261 D WifiStateMachine: starting scan for "H369AA63323"WPA_PSK with 2412,5180
08-05 17:53:09.514  3168  3183 I art     : Starting a blocking GC Explicit
08-05 17:53:09.541  3168  3183 I art     : Explicit concurrent mark sweep GC freed 1375(79KB) AllocSpace objects, 1(20KB) LOS objects, 23% free, 52MB/68MB, paused 509us total 26.323ms
08-05 17:53:09.551  3168  3183 I art     : Starting a blocking GC Explicit
08-05 17:53:09.575  3168  3183 I art     : Explicit concurrent mark sweep GC freed 36(1264B) AllocSpace objects, 0(0B) LOS objects, 23% free, 52MB/68MB, paused 503us total 23.445ms
08-05 17:53:09.585  3168  3183 I art     : Starting a blocking GC Explicit
08-05 17:53:09.610  3168  3183 I art     : Explicit concurrent mark sweep GC freed 3(96B) AllocSpace objects, 0(0B) LOS objects, 23% free, 52MB/68MB, paused 508us total 24.002ms
08-05 17:53:09.620  3168  3183 I art     : Starting a blocking GC Explicit
08-05 17:53:09.645  3168  3183 I art     : Explicit concurrent mark sweep GC freed 3(96B) AllocSpace objects, 0(0B) LOS objects, 23% free, 52MB/68MB, paused 510us total 24.499ms
08-05 17:53:09.656  3168  3183 I art     : Starting a blocking GC Explicit
08-05 17:53:09.680  3168  3183 I art     : Explicit concurrent mark sweep GC freed 3(96B) AllocSpace objects, 0(0B) LOS objects, 23% free, 52MB/68MB, paused 507us total 24.242ms
08-05 17:53:09.987  3168  3180 I art     : Starting a blocking GC Explicit
08-05 17:53:10.017  3168  3180 I art     : Explicit concurrent mark sweep GC freed 1341(78KB) AllocSpace objects, 1(20KB) LOS objects, 23% free, 52MB/68MB, paused 535us total 29.342ms
08-05 17:53:10.029  3168  3180 I art     : Starting a blocking GC Explicit
08-05 17:53:10.055  3168  3180 I art     : Explicit concurrent mark sweep GC freed 20(704B) AllocSpace objects, 0(0B) LOS objects, 23% free, 52MB/68MB, paused 500us total 25.037ms
08-05 17:53:10.066  3168  3180 I art     : Starting a blocking GC Explicit
08-05 17:53:10.091  3168  3180 I art     : Explicit concurrent mark sweep GC freed 3(96B) AllocSpace objects, 0(0B) LOS objects, 23% free, 52MB/68MB, paused 488us total 24.740ms
08-05 17:53:10.101  3168  3180 I art     : Starting a blocking GC Explicit
08-05 17:53:10.126  3168  3180 I art     : Explicit concurrent mark sweep GC freed 3(96B) AllocSpace objects, 0(0B) LOS objects, 23% free, 52MB/68MB, paused 502us total 24.399ms
08-05 17:53:10.137  3168  3180 I art     : Starting a blocking GC Explicit
08-05 17:53:10.163  3168  3180 I art     : Explicit concurrent mark sweep GC freed 3(96B) AllocSpace objects, 0(0B) LOS objects, 23% free, 52MB/68MB, paused 509us total 25.105ms
08-05 17:53:10.490  3168  4054 I art     : Starting a blocking GC Explicit
08-05 17:53:10.523  3168  4054 I art     : Explicit concurrent mark sweep GC freed 1341(78KB) AllocSpace objects, 1(20KB) LOS objects, 23% free, 52MB/68MB, paused 568us total 32.686ms
08-05 17:53:10.536  3168  4054 I art     : Starting a blocking GC Explicit
08-05 17:53:10.564  3168  4054 I art     : Explicit concurrent mark sweep GC freed 20(704B) AllocSpace objects, 0(0B) LOS objects, 23% free, 52MB/68MB, paused 530us total 27.540ms
08-05 17:53:10.575  3168  4054 I art     : Starting a blocking GC Explicit
08-05 17:53:10.601  3168  4054 I art     : Explicit concurrent mark sweep GC freed 3(96B) AllocSpace objects, 0(0B) LOS objects, 23% free, 52MB/68MB, paused 506us total 25.044ms
08-05 17:53:10.612  3168  4054 I art     : Starting a blocking GC Explicit
08-05 17:53:10.640  3168  4054 I art     : Explicit concurrent mark sweep GC freed 3(96B) AllocSpace objects, 0(0B) LOS objects, 23% free, 52MB/68MB, paused 500us total 27.477ms
08-05 17:53:10.651  3168  4054 I art     : Starting a blocking GC Explicit
08-05 17:53:10.678  3168  4054 I art     : Explicit concurrent mark sweep GC freed 3(96B) AllocSpace objects, 0(0B) LOS objects, 23% free, 52MB/68MB, paused 526us total 27.024ms
08-05 17:53:10.972  3168  3295 I art     : Starting a blocking GC Explicit
08-05 17:53:10.997  3168  3295 I art     : Explicit concurrent mark sweep GC freed 1341(78KB) AllocSpace objects, 1(20KB) LOS objects, 23% free, 52MB/68MB, paused 574us total 25.231ms
08-05 17:53:11.008  3168  3295 I art     : Starting a blocking GC Explicit
08-05 17:53:11.035  3168  3295 I art     : Explicit concurrent mark sweep GC freed 20(704B) AllocSpace objects, 0(0B) LOS objects, 23% free, 52MB/68MB, paused 538us total 26.963ms
08-05 17:53:11.046  3168  3295 I art     : Starting a blocking GC Explicit
08-05 17:53:11.072  3168  3295 I art     : Explicit concurrent mark sweep GC freed 3(96B) AllocSpace objects, 0(0B) LOS objects, 23% free, 52MB/68MB, paused 526us total 25.722ms
08-05 17:53:11.083  3168  3295 I art     : Starting a blocking GC Explicit
08-05 17:53:11.109  3168  3295 I art     : Explicit concurrent mark sweep GC freed 3(96B) AllocSpace objects, 0(0B) LOS objects, 23% free, 52MB/68MB, paused 557us total 25.507ms
08-05 17:53:11.120  3168  3295 I art     : Starting a blocking GC Explicit
08-05 17:53:11.146  3168  3295 I art     : Explicit concurrent mark sweep GC freed 3(96B) AllocSpace objects, 0(0B) LOS objects, 23% free, 52MB/68MB, paused 542us total 25.903ms
08-05 17:53:11.376  4497  4497 D AndroidRuntime: >>>>>> START com.android.internal.os.RuntimeInit uid 2000 <<<<<<
08-05 17:53:11.382  4497  4497 D AndroidRuntime: CheckJNI is OFF
08-05 17:53:11.427  4497  4497 D ICU     : No timezone override file found: /data/misc/zoneinfo/current/icu/icu_tzdata.dat
08-05 17:53:11.451  3168  3183 I art     : Starting a blocking GC Explicit
08-05 17:53:11.469  4497  4497 I Radio-JNI: register_android_hardware_Radio DONE
08-05 17:53:11.477  3168  3183 I art     : Explicit concurrent mark sweep GC freed 1341(78KB) AllocSpace objects, 1(20KB) LOS objects, 23% free, 52MB/68MB, paused 592us total 25.267ms
08-05 17:53:11.488  3168  3183 I art     : Starting a blocking GC Explicit
08-05 17:53:11.500  4497  4497 D AndroidRuntime: Calling main entry com.android.commands.input.Input
08-05 17:53:11.502  4497  4497 I Input   : injectKeyEvent: KeyEvent { action=ACTION_DOWN, keyCode=KEYCODE_BACK, scanCode=0, metaState=0, flags=0x0, repeatCount=0, eventTime=813207915, downTime=813207915, deviceId=-1, source=0x101 }
08-05 17:53:11.508  4497  4497 I Input   : injectKeyEvent: KeyEvent { action=ACTION_UP, keyCode=KEYCODE_BACK, scanCode=0, metaState=0, flags=0x0, repeatCount=0, eventTime=813207915, downTime=813207915, deviceId=-1, source=0x101 }
08-05 17:53:11.512  3168  3183 I art     : Explicit concurrent mark sweep GC freed 22(816B) AllocSpace objects, 0(0B) LOS objects, 23% free, 52MB/68MB, paused 567us total 24.453ms
08-05 17:53:11.515  4497  4497 D AndroidRuntime: Shutting down VM
08-05 17:53:11.523  3168  3183 I art     : Starting a blocking GC Explicit
08-05 17:53:11.546  3168  3183 I art     : Explicit concurrent mark sweep GC freed 142(6KB) AllocSpace objects, 0(0B) LOS objects, 23% free, 52MB/68MB, paused 496us total 22.957ms
08-05 17:53:11.556 13866 13866 I GoogleInputMethodServic: GoogleInputMethodService.onFinishInput():3138 
08-05 17:53:11.556  3168  3183 I art     : Starting a blocking GC Explicit
08-05 17:53:11.557 13866 13866 I GoogleInputMethodServic: GoogleInputMethodService.onStartInput():1808 
08-05 17:53:11.578  3168  3183 I art     : Explicit concurrent mark sweep GC freed 28(1072B) AllocSpace objects, 0(0B) LOS objects, 23% free, 52MB/68MB, paused 561us total 21.896ms
08-05 17:53:11.589  3168  3183 I art     : Starting a blocking GC Explicit
08-05 17:53:11.611  3168  3183 I art     : Explicit concurrent mark sweep GC freed 12(416B) AllocSpace objects, 0(0B) LOS objects, 23% free, 52MB/68MB, paused 535us total 21.842ms
08-05 17:53:11.865   380   380 W SurfaceFlinger: couldn't log to binary event log: overflow.
08-05 17:53:11.904  3168  3295 I art     : Starting a blocking GC Explicit
08-05 17:53:11.928  3168  3295 I art     : Explicit concurrent mark sweep GC freed 1451(87KB) AllocSpace objects, 1(20KB) LOS objects, 23% free, 52MB/68MB, paused 494us total 23.187ms
08-05 17:53:11.939  3168  3295 I art     : Starting a blocking GC Explicit
08-05 17:53:11.962  3168  3295 I art     : Explicit concurrent mark sweep GC freed 1672(106KB) AllocSpace objects, 3(400KB) LOS objects, 23% free, 52MB/68MB, paused 495us total 23.498ms
08-05 17:53:11.973  3168  3295 I art     : Starting a blocking GC Explicit
08-05 17:53:11.997  3168  3295 I art     : Explicit concurrent mark sweep GC freed 3(96B) AllocSpace objects, 0(0B) LOS objects, 23% free, 52MB/68MB, paused 613us total 23.663ms
08-05 17:53:12.008  3168  3295 I art     : Starting a blocking GC Explicit
08-05 17:53:12.031  3168  3295 I art     : Explicit concurrent mark sweep GC freed 3(96B) AllocSpace objects, 0(0B) LOS objects, 23% free, 52MB/68MB, paused 503us total 22.678ms
08-05 17:53:12.042  3168  3295 I art     : Starting a blocking GC Explicit
08-05 17:53:12.065  3168  3295 I art     : Explicit concurrent mark sweep GC freed 3(96B) AllocSpace objects, 0(0B) LOS objects, 23% free, 52MB/68MB, paused 503us total 22.881ms
08-05 17:53:12.359  3168  3180 I art     : Starting a blocking GC Explicit
08-05 17:53:12.390  3168  3180 I art     : Explicit concurrent mark sweep GC freed 1341(78KB) AllocSpace objects, 1(20KB) LOS objects, 23% free, 52MB/68MB, paused 528us total 30.083ms
08-05 17:53:12.404  3168  3180 I art     : Starting a blocking GC Explicit
08-05 17:53:12.429  3168  3180 I art     : Explicit concurrent mark sweep GC freed 20(704B) AllocSpace objects, 0(0B) LOS objects, 23% free, 52MB/68MB, paused 507us total 24.557ms
08-05 17:53:12.439  3168  3180 I art     : Starting a blocking GC Explicit
08-05 17:53:12.463  3168  3180 I art     : Explicit concurrent mark sweep GC freed 3(96B) AllocSpace objects, 0(0B) LOS objects, 23% free, 52MB/68MB, paused 513us total 23.764ms
08-05 17:53:12.474  3168  3180 I art     : Starting a blocking GC Explicit
08-05 17:53:12.499  3168  3180 I art     : Explicit concurrent mark sweep GC freed 3(96B) AllocSpace objects, 0(0B) LOS objects, 23% free, 52MB/68MB, paused 549us total 24.278ms
08-05 17:53:12.510  3168  3180 I art     : Starting a blocking GC Explicit
08-05 17:53:12.534  3168  3180 I art     : Explicit concurrent mark sweep GC freed 3(96B) AllocSpace objects, 0(0B) LOS objects, 23% free, 52MB/68MB, paused 502us total 23.839ms
08-05 17:53:12.829  3168  3183 I art     : Starting a blocking GC Explicit
08-05 17:53:12.853  3168  3183 I art     : Explicit concurrent mark sweep GC freed 1340(78KB) AllocSpace objects, 1(20KB) LOS objects, 23% free, 52MB/68MB, paused 526us total 24.248ms
08-05 17:53:12.864  3168  3183 I art     : Starting a blocking GC Explicit
08-05 17:53:12.888  3168  3183 I art     : Explicit concurrent mark sweep GC freed 20(704B) AllocSpace objects, 0(0B) LOS objects, 23% free, 52MB/68MB, paused 548us total 23.879ms
08-05 17:53:12.899  3168  3183 I art     : Starting a blocking GC Explicit
08-05 17:53:12.922  3168  3183 I art     : Explicit concurrent mark sweep GC freed 3(96B) AllocSpace objects, 0(0B) LOS objects, 23% free, 52MB/68MB, paused 501us total 23.089ms
08-05 17:53:12.932  3168  3183 I art     : Starting a blocking GC Explicit
08-05 17:53:12.956  3168  3183 I art     : Explicit concurrent mark sweep GC freed 3(96B) AllocSpace objects, 0(0B) LOS objects, 23% free, 52MB/68MB, paused 513us total 23.852ms
08-05 17:53:12.967  3168  3183 I art     : Starting a blocking GC Explicit
08-05 17:53:12.991  3168  3183 I art     : Explicit concurrent mark sweep GC freed 3(96B) AllocSpace objects, 0(0B) LOS objects, 23% free, 52MB/68MB, paused 517us total 23.309ms
08-05 17:53:13.294  3168  4054 I art     : Starting a blocking GC Explicit
08-05 17:53:13.298  4559  4559 D AndroidRuntime: >>>>>> START com.android.internal.os.RuntimeInit uid 2000 <<<<<<
08-05 17:53:13.305  4559  4559 D AndroidRuntime: CheckJNI is OFF
08-05 17:53:13.323  3168  4054 I art     : Explicit concurrent mark sweep GC freed 1340(78KB) AllocSpace objects, 1(20KB) LOS objects, 23% free, 52MB/68MB, paused 595us total 28.627ms
08-05 17:53:13.336  3168  4054 I art     : Starting a blocking GC Explicit
08-05 17:53:13.356  4559  4559 D ICU     : No timezone override file found: /data/misc/zoneinfo/current/icu/icu_tzdata.dat
08-05 17:53:13.360  3168  4054 I art     : Explicit concurrent mark sweep GC freed 20(704B) AllocSpace objects, 0(0B) LOS objects, 23% free, 52MB/68MB, paused 531us total 24.226ms
08-05 17:53:13.371  3168  4054 I art     : Starting a blocking GC Explicit
08-05 17:53:13.395  3168  4054 I art     : Explicit concurrent mark sweep GC freed 3(96B) AllocSpace objects, 0(0B) LOS objects, 23% free, 52MB/68MB, paused 555us total 24.206ms
08-05 17:53:13.406  4559  4559 I Radio-JNI: register_android_hardware_Radio DONE
08-05 17:53:13.406  3168  4054 I art     : Starting a blocking GC Explicit
08-05 17:53:13.431  3168  4054 I art     : Explicit concurrent mark sweep GC freed 3(96B) AllocSpace objects, 0(0B) LOS objects, 23% free, 52MB/68MB, paused 545us total 24.912ms
08-05 17:53:13.436  4559  4559 D AndroidRuntime: Calling main entry com.android.commands.input.Input
08-05 17:53:13.438  4559  4559 I Input   : injectMotionEvent: MotionEvent { action=ACTION_DOWN, actionButton=0, id[0]=0, x[0]=733.0, y[0]=645.0, toolType[0]=TOOL_TYPE_UNKNOWN, buttonState=0, metaState=0, flags=0x0, edgeFlags=0x0, pointerCount=1, historySize=0, eventTime=813209851, downTime=813209851, deviceId=0, source=0x1002 }
08-05 17:53:13.442  3168  4054 I art     : Starting a blocking GC Explicit
08-05 17:53:13.445  4559  4559 I Input   : injectMotionEvent: MotionEvent { action=ACTION_UP, actionButton=0, id[0]=0, x[0]=733.0, y[0]=645.0, toolType[0]=TOOL_TYPE_UNKNOWN, buttonState=0, metaState=0, flags=0x0, edgeFlags=0x0, pointerCount=1, historySize=0, eventTime=813209851, downTime=813209851, deviceId=0, source=0x1002 }
08-05 17:53:13.447   918  3714 I ActivityManager: START u0 {cmp=baseline.appteam.nith.hillffair/.activities.ClubActivity (has extras)} from uid 10675 on display 0
08-05 17:53:13.455  4559  4559 D AndroidRuntime: Shutting down VM
08-05 17:53:13.466  3168  4054 I art     : Explicit concurrent mark sweep GC freed 79(4KB) AllocSpace objects, 0(0B) LOS objects, 23% free, 52MB/68MB, paused 637us total 24.427ms
08-05 17:53:13.558   918   936 I ActivityManager: Displayed baseline.appteam.nith.hillffair/.activities.ClubActivity: +102ms
08-05 17:53:13.558 13866 13866 I GoogleInputMethodServic: GoogleInputMethodService.onFinishInput():3138 
08-05 17:53:13.559 13866 13866 I GoogleInputMethodServic: GoogleInputMethodService.onStartInput():1808 
08-05 17:53:13.742  3168  3183 I art     : Starting a blocking GC Explicit
08-05 17:53:13.779  3168  3183 I art     : Explicit concurrent mark sweep GC freed 5211(326KB) AllocSpace objects, 1(20KB) LOS objects, 23% free, 52MB/68MB, paused 907us total 36.561ms
08-05 17:53:13.794  3168  3183 I art     : Starting a blocking GC Explicit
08-05 17:53:13.818   380   380 W SurfaceFlinger: couldn't log to binary event log: overflow.
08-05 17:53:13.828  3168  3183 I art     : Explicit concurrent mark sweep GC freed 211(9KB) AllocSpace objects, 0(0B) LOS objects, 23% free, 52MB/68MB, paused 977us total 33.553ms
08-05 17:53:13.839  3168  3183 I art     : Starting a blocking GC Explicit
08-05 17:53:13.861  3168  3183 I art     : Explicit concurrent mark sweep GC freed 3(96B) AllocSpace objects, 0(0B) LOS objects, 23% free, 52MB/68MB, paused 525us total 21.581ms
08-05 17:53:13.871  3168  3183 I art     : Starting a blocking GC Explicit
08-05 17:53:13.894  3168  3183 I art     : Explicit concurrent mark sweep GC freed 3(96B) AllocSpace objects, 0(0B) LOS objects, 23% free, 52MB/68MB, paused 536us total 22.956ms
08-05 17:53:13.905  3168  3183 I art     : Starting a blocking GC Explicit
08-05 17:53:13.928  3168  3183 I art     : Explicit concurrent mark sweep GC freed 3(96B) AllocSpace objects, 0(0B) LOS objects, 23% free, 52MB/68MB, paused 583us total 23.077ms
08-05 17:53:14.226  3168  3180 I art     : Starting a blocking GC Explicit
08-05 17:53:14.253  3168  3180 I art     : Explicit concurrent mark sweep GC freed 1493(86KB) AllocSpace objects, 1(20KB) LOS objects, 23% free, 52MB/68MB, paused 739us total 26.204ms
08-05 17:53:14.264  3168  3180 I art     : Starting a blocking GC Explicit
08-05 17:53:14.290  3168  3180 I art     : Explicit concurrent mark sweep GC freed 1132(76KB) AllocSpace objects, 2(120KB) LOS objects, 23% free, 52MB/68MB, paused 858us total 25.808ms
08-05 17:53:14.301  3168  3180 I art     : Starting a blocking GC Explicit
08-05 17:53:14.304  3168  4586 D OkHttp  : --> GET https://api-hillfair-2k16.herokuapp.com/api/app/events/special/event?id=5806551bdcba0f490c70fd1f http/1.1
08-05 17:53:14.326  3168  3180 I art     : Explicit concurrent mark sweep GC freed 2374(166KB) AllocSpace objects, 1(80KB) LOS objects, 23% free, 52MB/68MB, paused 600us total 25.129ms
08-05 17:53:14.337  3168  3180 I art     : Starting a blocking GC Explicit
08-05 17:53:14.346  3168  4586 D OkHttp  : <-- 200 OK https://api-hillfair-2k16.herokuapp.com/api/app/events/special/event?id=5806551bdcba0f490c70fd1f (41ms, 795-byte body)
08-05 17:53:14.361  3168  3180 I art     : Explicit concurrent mark sweep GC freed 253(41KB) AllocSpace objects, 0(0B) LOS objects, 23% free, 52MB/68MB, paused 587us total 24.090ms
08-05 17:53:14.372  3168  3180 I art     : Starting a blocking GC Explicit
08-05 17:53:14.385  3168  3168 I NAPPA_EXPERIMENTATION: MetricNetworkRequestExecutionTime: REQUEST_DURATION_SYSTEM='896',REQUEST_DURATION_OKHTTP='42',REQUEST_SYNCHRONOUS='FALSE',RESPONSE_CODE='200',RESPONSE_METHOD='GET',RESPONSE_LENGTH_OKHTTP='795',RESPONSE_LENGTH_HEADER='795',REQUEST_PROTOCOL='http/1.1',REQUEST_URL='https://api-hillfair-2k16.herokuapp.com/api/app/events/special/event?id=5806551bdcba0f490c70fd1f',
08-05 17:53:14.397  3168  3180 I art     : Explicit concurrent mark sweep GC freed 249(18KB) AllocSpace objects, 0(0B) LOS objects, 23% free, 52MB/68MB, paused 598us total 24.834ms
08-05 17:53:14.704  3168  3295 I art     : Starting a blocking GC Explicit
08-05 17:53:14.730  3168  3295 I art     : Explicit concurrent mark sweep GC freed 1794(127KB) AllocSpace objects, 1(20KB) LOS objects, 23% free, 52MB/68MB, paused 546us total 26.378ms
08-05 17:53:14.742  3168  3295 I art     : Starting a blocking GC Explicit
08-05 17:53:14.766  3168  3295 I art     : Explicit concurrent mark sweep GC freed 54(1824B) AllocSpace objects, 0(0B) LOS objects, 23% free, 52MB/68MB, paused 556us total 24.558ms
08-05 17:53:14.777  3168  3295 I art     : Starting a blocking GC Explicit
08-05 17:53:14.802  3168  3295 I art     : Explicit concurrent mark sweep GC freed 19(656B) AllocSpace objects, 0(0B) LOS objects, 23% free, 52MB/68MB, paused 494us total 24.571ms
08-05 17:53:14.813  3168  3295 I art     : Starting a blocking GC Explicit
08-05 17:53:14.838  3168  3295 I art     : Explicit concurrent mark sweep GC freed 3(96B) AllocSpace objects, 0(0B) LOS objects, 23% free, 52MB/68MB, paused 535us total 24.638ms
08-05 17:53:14.849  3168  3295 I art     : Starting a blocking GC Explicit
08-05 17:53:14.873  3168  3295 I art     : Explicit concurrent mark sweep GC freed 3(96B) AllocSpace objects, 0(0B) LOS objects, 23% free, 52MB/68MB, paused 546us total 24.687ms
08-05 17:53:15.186  3168  3180 I art     : Starting a blocking GC Explicit
08-05 17:53:15.218  3168  3180 I art     : Explicit concurrent mark sweep GC freed 1341(78KB) AllocSpace objects, 1(20KB) LOS objects, 23% free, 52MB/68MB, paused 563us total 32.360ms
08-05 17:53:15.232  3168  3180 I art     : Starting a blocking GC Explicit
08-05 17:53:15.260  3168  3180 I art     : Explicit concurrent mark sweep GC freed 20(704B) AllocSpace objects, 0(0B) LOS objects, 23% free, 52MB/68MB, paused 536us total 27.913ms
08-05 17:53:15.271  3168  3180 I art     : Starting a blocking GC Explicit
08-05 17:53:15.299  3168  3180 I art     : Explicit concurrent mark sweep GC freed 3(96B) AllocSpace objects, 0(0B) LOS objects, 23% free, 52MB/68MB, paused 529us total 27.633ms
08-05 17:53:15.310  3168  3180 I art     : Starting a blocking GC Explicit
08-05 17:53:15.338  3168  3180 I art     : Explicit concurrent mark sweep GC freed 3(96B) AllocSpace objects, 0(0B) LOS objects, 23% free, 52MB/68MB, paused 544us total 27.002ms
08-05 17:53:15.349  3168  3180 I art     : Starting a blocking GC Explicit
08-05 17:53:15.375  3168  3180 I art     : Explicit concurrent mark sweep GC freed 3(96B) AllocSpace objects, 0(0B) LOS objects, 23% free, 52MB/68MB, paused 516us total 26.231ms
08-05 17:53:15.729  3168  4054 I art     : Starting a blocking GC Explicit
08-05 17:53:15.765  3168  4054 I art     : Explicit concurrent mark sweep GC freed 1341(78KB) AllocSpace objects, 1(20KB) LOS objects, 23% free, 52MB/68MB, paused 793us total 35.253ms
08-05 17:53:15.779  3168  4054 I art     : Starting a blocking GC Explicit
08-05 17:53:15.805  3168  4054 I art     : Explicit concurrent mark sweep GC freed 20(704B) AllocSpace objects, 0(0B) LOS objects, 23% free, 52MB/68MB, paused 535us total 25.477ms
08-05 17:53:15.816  3168  4054 I art     : Starting a blocking GC Explicit
08-05 17:53:15.845  3168  4054 I art     : Explicit concurrent mark sweep GC freed 3(96B) AllocSpace objects, 0(0B) LOS objects, 23% free, 52MB/68MB, paused 558us total 27.969ms
08-05 17:53:15.856  3168  4054 I art     : Starting a blocking GC Explicit
08-05 17:53:15.882  3168  4054 I art     : Explicit concurrent mark sweep GC freed 3(96B) AllocSpace objects, 0(0B) LOS objects, 23% free, 52MB/68MB, paused 530us total 25.627ms
08-05 17:53:15.893  3168  4054 I art     : Starting a blocking GC Explicit
08-05 17:53:15.921  3168  4054 I art     : Explicit concurrent mark sweep GC freed 3(96B) AllocSpace objects, 0(0B) LOS objects, 23% free, 52MB/68MB, paused 553us total 27.464ms
08-05 17:53:16.251  3168  3183 I art     : Starting a blocking GC Explicit
08-05 17:53:16.285  3168  3183 I art     : Explicit concurrent mark sweep GC freed 1341(78KB) AllocSpace objects, 1(20KB) LOS objects, 23% free, 52MB/68MB, paused 571us total 33.483ms
08-05 17:53:16.298  3168  3183 I art     : Starting a blocking GC Explicit
08-05 17:53:16.326  3168  3183 I art     : Explicit concurrent mark sweep GC freed 20(704B) AllocSpace objects, 0(0B) LOS objects, 23% free, 52MB/68MB, paused 558us total 27.479ms
08-05 17:53:16.337  3168  3183 I art     : Starting a blocking GC Explicit
08-05 17:53:16.363  3168  3183 I art     : Explicit concurrent mark sweep GC freed 3(96B) AllocSpace objects, 0(0B) LOS objects, 23% free, 52MB/68MB, paused 533us total 26.184ms
08-05 17:53:16.375  3168  3183 I art     : Starting a blocking GC Explicit
08-05 17:53:16.403  3168  3183 I art     : Explicit concurrent mark sweep GC freed 3(96B) AllocSpace objects, 0(0B) LOS objects, 23% free, 52MB/68MB, paused 554us total 27.903ms
08-05 17:53:16.414  3168  3183 I art     : Starting a blocking GC Explicit
08-05 17:53:16.442  3168  3183 I art     : Explicit concurrent mark sweep GC freed 3(96B) AllocSpace objects, 0(0B) LOS objects, 23% free, 52MB/68MB, paused 558us total 27.709ms
08-05 17:53:16.781  3168  3295 I art     : Starting a blocking GC Explicit
08-05 17:53:16.814  3168  3295 I art     : Explicit concurrent mark sweep GC freed 1341(78KB) AllocSpace objects, 1(20KB) LOS objects, 23% free, 52MB/68MB, paused 617us total 33.151ms
08-05 17:53:16.829  3168  3295 I art     : Starting a blocking GC Explicit
08-05 17:53:16.856  3168  3295 I art     : Explicit concurrent mark sweep GC freed 20(704B) AllocSpace objects, 0(0B) LOS objects, 23% free, 52MB/68MB, paused 534us total 26.073ms
08-05 17:53:16.867  3168  3295 I art     : Starting a blocking GC Explicit
08-05 17:53:16.895  3168  3295 I art     : Explicit concurrent mark sweep GC freed 3(96B) AllocSpace objects, 0(0B) LOS objects, 23% free, 52MB/68MB, paused 565us total 27.525ms
08-05 17:53:16.906  3168  3295 I art     : Starting a blocking GC Explicit
08-05 17:53:16.934  3168  3295 I art     : Explicit concurrent mark sweep GC freed 3(96B) AllocSpace objects, 0(0B) LOS objects, 23% free, 52MB/68MB, paused 565us total 27.643ms
08-05 17:53:16.946  3168  3295 I art     : Starting a blocking GC Explicit
08-05 17:53:16.972  3168  3295 I art     : Explicit concurrent mark sweep GC freed 3(96B) AllocSpace objects, 0(0B) LOS objects, 23% free, 52MB/68MB, paused 517us total 26.282ms
08-05 17:53:17.297  3168  3180 I art     : Starting a blocking GC Explicit
08-05 17:53:17.330  3168  3180 I art     : Explicit concurrent mark sweep GC freed 1341(78KB) AllocSpace objects, 1(20KB) LOS objects, 23% free, 52MB/68MB, paused 600us total 32.139ms
08-05 17:53:17.345  3168  3180 I art     : Starting a blocking GC Explicit
08-05 17:53:17.373  3168  3180 I art     : Explicit concurrent mark sweep GC freed 20(704B) AllocSpace objects, 0(0B) LOS objects, 23% free, 52MB/68MB, paused 526us total 27.159ms
08-05 17:53:17.384  3168  3180 I art     : Starting a blocking GC Explicit
08-05 17:53:17.412  3168  3180 I art     : Explicit concurrent mark sweep GC freed 3(96B) AllocSpace objects, 0(0B) LOS objects, 23% free, 52MB/68MB, paused 538us total 27.686ms
08-05 17:53:17.424  3168  3180 I art     : Starting a blocking GC Explicit
08-05 17:53:17.451  3168  3180 I art     : Explicit concurrent mark sweep GC freed 3(96B) AllocSpace objects, 0(0B) LOS objects, 23% free, 52MB/68MB, paused 548us total 27.281ms
08-05 17:53:17.462  3168  3180 I art     : Starting a blocking GC Explicit
08-05 17:53:17.488  3168  3180 I art     : Explicit concurrent mark sweep GC freed 3(96B) AllocSpace objects, 0(0B) LOS objects, 23% free, 52MB/68MB, paused 512us total 25.441ms
08-05 17:53:17.781  3168  4673 W OneSignal: OneSignalRestClient: POST Error thrown from network stack. 
08-05 17:53:17.781  3168  4673 W OneSignal: java.io.IOException: unexpected end of stream on Connection{api.onesignal.com:443, proxy=HTTP@192.168.2.12:8080 hostAddress=192.168.2.12 cipherSuite=TLS_ECDHE_RSA_WITH_AES_128_GCM_SHA256 protocol=http/1.1} (recycle count=0)
08-05 17:53:17.781  3168  4673 W OneSignal: 	at com.android.okhttp.internal.http.HttpConnection.readResponse(HttpConnection.java:210)
08-05 17:53:17.781  3168  4673 W OneSignal: 	at com.android.okhttp.internal.http.HttpTransport.readResponseHeaders(HttpTransport.java:80)
08-05 17:53:17.781  3168  4673 W OneSignal: 	at com.android.okhttp.internal.http.HttpEngine.readNetworkResponse(HttpEngine.java:904)
08-05 17:53:17.781  3168  4673 W OneSignal: 	at com.android.okhttp.internal.http.HttpEngine.readResponse(HttpEngine.java:788)
08-05 17:53:17.781  3168  4673 W OneSignal: 	at com.android.okhttp.internal.huc.HttpURLConnectionImpl.execute(HttpURLConnectionImpl.java:439)
08-05 17:53:17.781  3168  4673 W OneSignal: 	at com.android.okhttp.internal.huc.HttpURLConnectionImpl.getResponse(HttpURLConnectionImpl.java:384)
08-05 17:53:17.781  3168  4673 W OneSignal: 	at com.android.okhttp.internal.huc.HttpURLConnectionImpl.getResponseCode(HttpURLConnectionImpl.java:497)
08-05 17:53:17.781  3168  4673 W OneSignal: 	at com.android.okhttp.internal.huc.DelegatingHttpsURLConnection.getResponseCode(DelegatingHttpsURLConnection.java:105)
08-05 17:53:17.781  3168  4673 W OneSignal: 	at com.android.okhttp.internal.huc.HttpsURLConnectionImpl.getResponseCode(HttpsURLConnectionImpl.java)
08-05 17:53:17.781  3168  4673 W OneSignal: 	at com.onesignal.OneSignalRestClient.startHTTPConnection(OneSignalRestClient.java:180)
08-05 17:53:17.781  3168  4673 W OneSignal: 	at com.onesignal.OneSignalRestClient.access$100(OneSignalRestClient.java:44)
08-05 17:53:17.781  3168  4673 W OneSignal: 	at com.onesignal.OneSignalRestClient$4.run(OneSignalRestClient.java:110)
08-05 17:53:17.781  3168  4673 W OneSignal: 	at java.lang.Thread.run(Thread.java:818)
08-05 17:53:17.781  3168  4673 W OneSignal: Caused by: java.io.EOFException: \n not found: size=0 content=...
08-05 17:53:17.781  3168  4673 W OneSignal: 	at com.android.okhttp.okio.RealBufferedSource.readUtf8LineStrict(RealBufferedSource.java:200)
08-05 17:53:17.781  3168  4673 W OneSignal: 	at com.android.okhttp.internal.http.HttpConnection.readResponse(HttpConnection.java:191)
08-05 17:53:17.781  3168  4673 W OneSignal: 	... 12 more
08-05 17:53:17.783  3168  4684 W OneSignal: Failed last request. statusCode: -1
08-05 17:53:17.783  3168  4684 W OneSignal: response: null
08-05 17:53:17.806  3168  4054 I art     : Starting a blocking GC Explicit
08-05 17:53:17.833  3168  4054 I art     : Explicit concurrent mark sweep GC freed 3876(241KB) AllocSpace objects, 1(20KB) LOS objects, 23% free, 52MB/68MB, paused 571us total 26.037ms
08-05 17:53:17.843  3168  4054 I art     : Starting a blocking GC Explicit
08-05 17:53:17.869  3168  4054 I art     : Explicit concurrent mark sweep GC freed 96(3KB) AllocSpace objects, 0(0B) LOS objects, 23% free, 52MB/68MB, paused 523us total 25.246ms
08-05 17:53:17.879  3168  4054 I art     : Starting a blocking GC Explicit
08-05 17:53:17.906  3168  4054 I art     : Explicit concurrent mark sweep GC freed 3(96B) AllocSpace objects, 0(0B) LOS objects, 23% free, 52MB/68MB, paused 574us total 26.759ms
08-05 17:53:17.917  3168  4054 I art     : Starting a blocking GC Explicit
08-05 17:53:17.944  3168  4054 I art     : Explicit concurrent mark sweep GC freed 3(96B) AllocSpace objects, 0(0B) LOS objects, 23% free, 52MB/68MB, paused 643us total 26.145ms
08-05 17:53:17.955  3168  4054 I art     : Starting a blocking GC Explicit
08-05 17:53:17.981  3168  4054 I art     : Explicit concurrent mark sweep GC freed 3(96B) AllocSpace objects, 0(0B) LOS objects, 23% free, 52MB/68MB, paused 556us total 25.602ms
08-05 17:53:18.247  4676  4676 D AndroidRuntime: >>>>>> START com.android.internal.os.RuntimeInit uid 2000 <<<<<<
08-05 17:53:18.253  4676  4676 D AndroidRuntime: CheckJNI is OFF
08-05 17:53:18.297  4676  4676 D ICU     : No timezone override file found: /data/misc/zoneinfo/current/icu/icu_tzdata.dat
08-05 17:53:18.310  3168  3183 I art     : Starting a blocking GC Explicit
08-05 17:53:18.337  3168  3183 I art     : Explicit concurrent mark sweep GC freed 1341(78KB) AllocSpace objects, 1(20KB) LOS objects, 23% free, 52MB/68MB, paused 656us total 27.112ms
08-05 17:53:18.345  4676  4676 I Radio-JNI: register_android_hardware_Radio DONE
08-05 17:53:18.348  3168  3183 I art     : Starting a blocking GC Explicit
08-05 17:53:18.376  3168  3183 I art     : Explicit concurrent mark sweep GC freed 20(704B) AllocSpace objects, 0(0B) LOS objects, 23% free, 52MB/68MB, paused 582us total 27.272ms
08-05 17:53:18.376  4676  4676 D AndroidRuntime: Calling main entry com.android.commands.input.Input
08-05 17:53:18.378  4676  4676 I Input   : injectKeyEvent: KeyEvent { action=ACTION_DOWN, keyCode=KEYCODE_BACK, scanCode=0, metaState=0, flags=0x0, repeatCount=0, eventTime=813214791, downTime=813214791, deviceId=-1, source=0x101 }
08-05 17:53:18.385  4676  4676 I Input   : injectKeyEvent: KeyEvent { action=ACTION_UP, keyCode=KEYCODE_BACK, scanCode=0, metaState=0, flags=0x0, repeatCount=0, eventTime=813214791, downTime=813214791, deviceId=-1, source=0x101 }
08-05 17:53:18.387  3168  3183 I art     : Starting a blocking GC Explicit
08-05 17:53:18.391  4676  4676 D AndroidRuntime: Shutting down VM
08-05 17:53:18.411  3168  3183 I art     : Explicit concurrent mark sweep GC freed 142(6KB) AllocSpace objects, 0(0B) LOS objects, 23% free, 52MB/68MB, paused 554us total 24.153ms
08-05 17:53:18.421  3168  3183 I art     : Starting a blocking GC Explicit
08-05 17:53:18.432 13866 13866 I GoogleInputMethodServic: GoogleInputMethodService.onFinishInput():3138 
08-05 17:53:18.433 13866 13866 I GoogleInputMethodServic: GoogleInputMethodService.onStartInput():1808 
08-05 17:53:18.443  3168  3183 I art     : Explicit concurrent mark sweep GC freed 9(496B) AllocSpace objects, 0(0B) LOS objects, 23% free, 52MB/68MB, paused 520us total 22.297ms
08-05 17:53:18.454  3168  3183 I art     : Starting a blocking GC Explicit
08-05 17:53:18.477  3168  3183 I art     : Explicit concurrent mark sweep GC freed 31(1024B) AllocSpace objects, 0(0B) LOS objects, 23% free, 52MB/68MB, paused 581us total 22.532ms
08-05 17:53:18.738   380   380 W SurfaceFlinger: couldn't log to binary event log: overflow.
08-05 17:53:18.776  3168  4054 I art     : Starting a blocking GC Explicit
08-05 17:53:18.801  3168  4054 I art     : Explicit concurrent mark sweep GC freed 1453(87KB) AllocSpace objects, 1(20KB) LOS objects, 23% free, 52MB/68MB, paused 561us total 24.105ms
08-05 17:53:18.811  3168  4054 I art     : Starting a blocking GC Explicit
08-05 17:53:18.836  3168  4054 I art     : Explicit concurrent mark sweep GC freed 1672(107KB) AllocSpace objects, 3(400KB) LOS objects, 23% free, 52MB/68MB, paused 534us total 24.205ms
08-05 17:53:18.846  3168  4054 I art     : Starting a blocking GC Explicit
08-05 17:53:18.871  3168  4054 I art     : Explicit concurrent mark sweep GC freed 3(96B) AllocSpace objects, 0(0B) LOS objects, 23% free, 52MB/68MB, paused 505us total 24.098ms
08-05 17:53:18.882  3168  4054 I art     : Starting a blocking GC Explicit
08-05 17:53:18.907  3168  4054 I art     : Explicit concurrent mark sweep GC freed 3(96B) AllocSpace objects, 0(0B) LOS objects, 23% free, 52MB/68MB, paused 538us total 24.808ms
08-05 17:53:18.917  3168  4054 I art     : Starting a blocking GC Explicit
08-05 17:53:18.942  3168  4054 I art     : Explicit concurrent mark sweep GC freed 3(96B) AllocSpace objects, 0(0B) LOS objects, 23% free, 52MB/68MB, paused 562us total 24.645ms
08-05 17:53:19.250  3168  3180 I art     : Starting a blocking GC Explicit
08-05 17:53:19.286  3168  3180 I art     : Explicit concurrent mark sweep GC freed 1341(78KB) AllocSpace objects, 1(20KB) LOS objects, 23% free, 52MB/68MB, paused 793us total 35.607ms
08-05 17:53:19.300  3168  3180 I art     : Starting a blocking GC Explicit
08-05 17:53:19.327  3168  3180 I art     : Explicit concurrent mark sweep GC freed 20(704B) AllocSpace objects, 0(0B) LOS objects, 23% free, 52MB/68MB, paused 519us total 26.743ms
08-05 17:53:19.338  3168  3180 I art     : Starting a blocking GC Explicit
08-05 17:53:19.362  3168  3180 I art     : Explicit concurrent mark sweep GC freed 3(96B) AllocSpace objects, 0(0B) LOS objects, 23% free, 52MB/68MB, paused 523us total 24.547ms
08-05 17:53:19.373  3168  3180 I art     : Starting a blocking GC Explicit
08-05 17:53:19.398  3168  3180 I art     : Explicit concurrent mark sweep GC freed 3(96B) AllocSpace objects, 0(0B) LOS objects, 23% free, 52MB/68MB, paused 500us total 24.774ms
08-05 17:53:19.409  3168  3180 I art     : Starting a blocking GC Explicit
08-05 17:53:19.434  3168  3180 I art     : Explicit concurrent mark sweep GC freed 3(96B) AllocSpace objects, 0(0B) LOS objects, 23% free, 52MB/68MB, paused 529us total 24.861ms
08-05 17:53:19.739  3168  3295 I art     : Starting a blocking GC Explicit
08-05 17:53:19.764  3168  3295 I art     : Explicit concurrent mark sweep GC freed 1340(78KB) AllocSpace objects, 1(20KB) LOS objects, 23% free, 52MB/68MB, paused 591us total 24.499ms
08-05 17:53:19.775  3168  3295 I art     : Starting a blocking GC Explicit
08-05 17:53:19.799  3168  3295 I art     : Explicit concurrent mark sweep GC freed 20(704B) AllocSpace objects, 0(0B) LOS objects, 23% free, 52MB/68MB, paused 567us total 24.226ms
08-05 17:53:19.810  3168  3295 I art     : Starting a blocking GC Explicit
08-05 17:53:19.834  3168  3295 I art     : Explicit concurrent mark sweep GC freed 3(96B) AllocSpace objects, 0(0B) LOS objects, 23% free, 52MB/68MB, paused 549us total 23.770ms
08-05 17:53:19.845  3168  3295 I art     : Starting a blocking GC Explicit
08-05 17:53:19.869  3168  3295 I art     : Explicit concurrent mark sweep GC freed 3(96B) AllocSpace objects, 0(0B) LOS objects, 23% free, 52MB/68MB, paused 544us total 23.647ms
08-05 17:53:19.879  3168  3295 I art     : Starting a blocking GC Explicit
08-05 17:53:19.903  3168  3295 I art     : Explicit concurrent mark sweep GC freed 3(96B) AllocSpace objects, 0(0B) LOS objects, 23% free, 52MB/68MB, paused 555us total 23.868ms
08-05 17:53:20.162  4730  4730 D AndroidRuntime: >>>>>> START com.android.internal.os.RuntimeInit uid 2000 <<<<<<
08-05 17:53:20.168  4730  4730 D AndroidRuntime: CheckJNI is OFF
08-05 17:53:20.210  4730  4730 D ICU     : No timezone override file found: /data/misc/zoneinfo/current/icu/icu_tzdata.dat
08-05 17:53:20.243  3168  3183 I art     : Starting a blocking GC Explicit
08-05 17:53:20.253  4730  4730 I Radio-JNI: register_android_hardware_Radio DONE
08-05 17:53:20.268  3168  3183 I art     : Explicit concurrent mark sweep GC freed 1340(78KB) AllocSpace objects, 1(20KB) LOS objects, 23% free, 52MB/68MB, paused 564us total 24.745ms
08-05 17:53:20.279  3168  3183 I art     : Starting a blocking GC Explicit
08-05 17:53:20.282  4730  4730 D AndroidRuntime: Calling main entry com.android.commands.input.Input
08-05 17:53:20.285  4730  4730 I Input   : injectKeyEvent: KeyEvent { action=ACTION_DOWN, keyCode=KEYCODE_BACK, scanCode=0, metaState=0, flags=0x0, repeatCount=0, eventTime=813216697, downTime=813216697, deviceId=-1, source=0x101 }
08-05 17:53:20.290  4730  4730 I Input   : injectKeyEvent: KeyEvent { action=ACTION_UP, keyCode=KEYCODE_BACK, scanCode=0, metaState=0, flags=0x0, repeatCount=0, eventTime=813216697, downTime=813216697, deviceId=-1, source=0x101 }
08-05 17:53:20.294  4730  4730 D AndroidRuntime: Shutting down VM
08-05 17:53:20.303  3168  3183 I art     : Explicit concurrent mark sweep GC freed 156(6KB) AllocSpace objects, 0(0B) LOS objects, 23% free, 52MB/68MB, paused 595us total 23.686ms
08-05 17:53:20.313  3168  3183 I art     : Starting a blocking GC Explicit
08-05 17:53:20.342  3168  3183 I art     : Explicit concurrent mark sweep GC freed 14(544B) AllocSpace objects, 0(0B) LOS objects, 23% free, 52MB/68MB, paused 666us total 28.043ms
08-05 17:53:20.343 13866 13866 I GoogleInputMethodServic: GoogleInputMethodService.onFinishInput():3138 
08-05 17:53:20.344 13866 13866 I GoogleInputMethodServic: GoogleInputMethodService.onStartInput():1808 
08-05 17:53:20.353  3168  3183 I art     : Starting a blocking GC Explicit
08-05 17:53:20.377  3168  3183 I art     : Explicit concurrent mark sweep GC freed 66(2320B) AllocSpace objects, 0(0B) LOS objects, 23% free, 52MB/68MB, paused 565us total 23.205ms
08-05 17:53:20.387  3168  3183 I art     : Starting a blocking GC Explicit
08-05 17:53:20.408  3168  3183 I art     : Explicit concurrent mark sweep GC freed 7(256B) AllocSpace objects, 0(0B) LOS objects, 23% free, 52MB/68MB, paused 497us total 20.546ms
08-05 17:53:20.697  3168  4054 I art     : Starting a blocking GC Explicit
08-05 17:53:20.722  3168  4054 I art     : Explicit concurrent mark sweep GC freed 2405(129KB) AllocSpace objects, 1(20KB) LOS objects, 23% free, 52MB/68MB, paused 540us total 25.387ms
08-05 17:53:20.733  3168  4054 I art     : Starting a blocking GC Explicit
08-05 17:53:20.757  3168  4054 I art     : Explicit concurrent mark sweep GC freed 2100(127KB) AllocSpace objects, 2(140KB) LOS objects, 23% free, 51MB/67MB, paused 554us total 23.649ms
08-05 17:53:20.768  3168  4054 I art     : Starting a blocking GC Explicit
08-05 17:53:20.791  3168  4054 I art     : Explicit concurrent mark sweep GC freed 3(96B) AllocSpace objects, 0(0B) LOS objects, 23% free, 51MB/67MB, paused 547us total 23.252ms
08-05 17:53:20.802  3168  4054 I art     : Starting a blocking GC Explicit
08-05 17:53:20.825  3168  4054 I art     : Explicit concurrent mark sweep GC freed 3(96B) AllocSpace objects, 0(0B) LOS objects, 23% free, 51MB/67MB, paused 538us total 23.341ms
08-05 17:53:20.836  3168  4054 I art     : Starting a blocking GC Explicit
08-05 17:53:20.860  3168  4054 I art     : Explicit concurrent mark sweep GC freed 3(96B) AllocSpace objects, 0(0B) LOS objects, 23% free, 51MB/67MB, paused 580us total 23.296ms
08-05 17:53:21.174  3168  3295 I art     : Starting a blocking GC Explicit
08-05 17:53:21.208  3168  3295 I art     : Explicit concurrent mark sweep GC freed 1340(78KB) AllocSpace objects, 1(20KB) LOS objects, 23% free, 51MB/67MB, paused 765us total 33.133ms
08-05 17:53:21.220  3168  3295 I art     : Starting a blocking GC Explicit
08-05 17:53:21.244  3168  3295 I art     : Explicit concurrent mark sweep GC freed 20(704B) AllocSpace objects, 0(0B) LOS objects, 23% free, 51MB/67MB, paused 559us total 23.650ms
08-05 17:53:21.255  3168  3295 I art     : Starting a blocking GC Explicit
08-05 17:53:21.279  3168  3295 I art     : Explicit concurrent mark sweep GC freed 3(96B) AllocSpace objects, 0(0B) LOS objects, 23% free, 51MB/67MB, paused 540us total 23.536ms
08-05 17:53:21.290  3168  3295 I art     : Starting a blocking GC Explicit
08-05 17:53:21.312  3168  3295 I art     : Explicit concurrent mark sweep GC freed 3(96B) AllocSpace objects, 0(0B) LOS objects, 23% free, 51MB/67MB, paused 534us total 22.587ms
08-05 17:53:21.323  3168  3295 I art     : Starting a blocking GC Explicit
08-05 17:53:21.347  3168  3295 I art     : Explicit concurrent mark sweep GC freed 3(96B) AllocSpace objects, 0(0B) LOS objects, 23% free, 51MB/67MB, paused 630us total 23.559ms
08-05 17:53:21.642  3168  3180 I art     : Starting a blocking GC Explicit
08-05 17:53:21.666  3168  3180 I art     : Explicit concurrent mark sweep GC freed 1338(78KB) AllocSpace objects, 1(20KB) LOS objects, 23% free, 51MB/67MB, paused 578us total 23.435ms
08-05 17:53:21.677  3168  3180 I art     : Starting a blocking GC Explicit
08-05 17:53:21.700  3168  3180 I art     : Explicit concurrent mark sweep GC freed 20(704B) AllocSpace objects, 0(0B) LOS objects, 23% free, 51MB/67MB, paused 540us total 23.031ms
08-05 17:53:21.711  3168  3180 I art     : Starting a blocking GC Explicit
08-05 17:53:21.734  3168  3180 I art     : Explicit concurrent mark sweep GC freed 3(96B) AllocSpace objects, 0(0B) LOS objects, 23% free, 51MB/67MB, paused 539us total 22.827ms
08-05 17:53:21.744  3168  3180 I art     : Starting a blocking GC Explicit
08-05 17:53:21.767  3168  3180 I art     : Explicit concurrent mark sweep GC freed 3(96B) AllocSpace objects, 0(0B) LOS objects, 23% free, 51MB/67MB, paused 642us total 22.337ms
08-05 17:53:21.777  3168  3180 I art     : Starting a blocking GC Explicit
08-05 17:53:21.800  3168  3180 I art     : Explicit concurrent mark sweep GC freed 3(96B) AllocSpace objects, 0(0B) LOS objects, 23% free, 51MB/67MB, paused 559us total 22.579ms
08-05 17:53:22.079  4786  4786 D AndroidRuntime: >>>>>> START com.android.internal.os.RuntimeInit uid 2000 <<<<<<
08-05 17:53:22.085  4786  4786 D AndroidRuntime: CheckJNI is OFF
08-05 17:53:22.092  3168  3183 I art     : Starting a blocking GC Explicit
08-05 17:53:22.115  3168  3183 I art     : Explicit concurrent mark sweep GC freed 1338(78KB) AllocSpace objects, 1(20KB) LOS objects, 23% free, 51MB/67MB, paused 580us total 22.955ms
08-05 17:53:22.126  3168  3183 I art     : Starting a blocking GC Explicit
08-05 17:53:22.132  4786  4786 D ICU     : No timezone override file found: /data/misc/zoneinfo/current/icu/icu_tzdata.dat
08-05 17:53:22.149  3168  3183 I art     : Explicit concurrent mark sweep GC freed 20(704B) AllocSpace objects, 0(0B) LOS objects, 23% free, 51MB/67MB, paused 604us total 23.329ms
08-05 17:53:22.160  3168  3183 I art     : Starting a blocking GC Explicit
08-05 17:53:22.175  4786  4786 I Radio-JNI: register_android_hardware_Radio DONE
08-05 17:53:22.182  3168  3183 I art     : Explicit concurrent mark sweep GC freed 3(96B) AllocSpace objects, 0(0B) LOS objects, 23% free, 51MB/67MB, paused 611us total 22.267ms
08-05 17:53:22.193  3168  3183 I art     : Starting a blocking GC Explicit
08-05 17:53:22.204  4786  4786 D AndroidRuntime: Calling main entry com.android.commands.input.Input
08-05 17:53:22.206  4786  4786 I Input   : injectMotionEvent: MotionEvent { action=ACTION_DOWN, actionButton=0, id[0]=0, x[0]=337.0, y[0]=1104.0, toolType[0]=TOOL_TYPE_UNKNOWN, buttonState=0, metaState=0, flags=0x0, edgeFlags=0x0, pointerCount=1, historySize=0, eventTime=813218618, downTime=813218618, deviceId=0, source=0x1002 }
08-05 17:53:22.212  4786  4786 I Input   : injectMotionEvent: MotionEvent { action=ACTION_UP, actionButton=0, id[0]=0, x[0]=337.0, y[0]=1104.0, toolType[0]=TOOL_TYPE_UNKNOWN, buttonState=0, metaState=0, flags=0x0, edgeFlags=0x0, pointerCount=1, historySize=0, eventTime=813218618, downTime=813218618, deviceId=0, source=0x1002 }
08-05 17:53:22.214   918  3359 I ActivityManager: START u0 {cmp=baseline.appteam.nith.hillffair/.activities.BattleDayActivity} from uid 10675 on display 0
08-05 17:53:22.215  3168  3183 I art     : Explicit concurrent mark sweep GC freed 6(192B) AllocSpace objects, 0(0B) LOS objects, 23% free, 51MB/67MB, paused 758us total 22.731ms
08-05 17:53:22.225  4786  4786 D AndroidRuntime: Shutting down VM
08-05 17:53:22.226  3168  3183 I art     : Starting a blocking GC Explicit
08-05 17:53:22.250  3168  3183 I art     : Explicit concurrent mark sweep GC freed 452(30KB) AllocSpace objects, 0(0B) LOS objects, 23% free, 51MB/67MB, paused 829us total 23.765ms
08-05 17:53:22.317 13866 13866 I GoogleInputMethodServic: GoogleInputMethodService.onFinishInput():3138 
08-05 17:53:22.318 13866 13866 I GoogleInputMethodServic: GoogleInputMethodService.onStartInput():1808 
08-05 17:53:22.343   918   936 I ActivityManager: Displayed baseline.appteam.nith.hillffair/.activities.BattleDayActivity: +116ms
08-05 17:53:22.527  3168  4054 I art     : Starting a blocking GC Explicit
08-05 17:53:22.558  3168  4054 I art     : Explicit concurrent mark sweep GC freed 6043(358KB) AllocSpace objects, 1(20KB) LOS objects, 23% free, 52MB/68MB, paused 698us total 30.907ms
08-05 17:53:22.571  3168  4054 I art     : Starting a blocking GC Explicit
08-05 17:53:22.593   380   380 W SurfaceFlinger: couldn't log to binary event log: overflow.
08-05 17:53:22.599  3168  4054 I art     : Explicit concurrent mark sweep GC freed 130(5KB) AllocSpace objects, 0(0B) LOS objects, 23% free, 52MB/68MB, paused 661us total 27.866ms
08-05 17:53:22.611  3168  4054 I art     : Starting a blocking GC Explicit
08-05 17:53:22.632  3168  4054 I art     : Explicit concurrent mark sweep GC freed 3(96B) AllocSpace objects, 0(0B) LOS objects, 23% free, 52MB/68MB, paused 560us total 21.491ms
08-05 17:53:22.642  3168  4054 I art     : Starting a blocking GC Explicit
08-05 17:53:22.664  3168  4054 I art     : Explicit concurrent mark sweep GC freed 3(96B) AllocSpace objects, 0(0B) LOS objects, 23% free, 52MB/68MB, paused 558us total 21.360ms
08-05 17:53:22.674  3168  4054 I art     : Starting a blocking GC Explicit
08-05 17:53:22.697  3168  4054 I art     : Explicit concurrent mark sweep GC freed 3(96B) AllocSpace objects, 0(0B) LOS objects, 23% free, 52MB/68MB, paused 711us total 22.731ms
08-05 17:53:23.003  3168  3180 I art     : Starting a blocking GC Explicit
08-05 17:53:23.028  3168  3180 I art     : Explicit concurrent mark sweep GC freed 1467(85KB) AllocSpace objects, 1(20KB) LOS objects, 23% free, 52MB/68MB, paused 737us total 24.920ms
08-05 17:53:23.039  3168  3180 I art     : Starting a blocking GC Explicit
08-05 17:53:23.064  3168  3180 I art     : Explicit concurrent mark sweep GC freed 67(2304B) AllocSpace objects, 0(0B) LOS objects, 23% free, 52MB/68MB, paused 573us total 24.702ms
08-05 17:53:23.074  3168  3180 I art     : Starting a blocking GC Explicit
08-05 17:53:23.100  3168  3180 I art     : Explicit concurrent mark sweep GC freed 1827(104KB) AllocSpace objects, 1(80KB) LOS objects, 23% free, 52MB/68MB, paused 973us total 25.276ms
08-05 17:53:23.108  3168  4817 D OkHttp  : --> GET https://api-hillfair-2k16.herokuapp.com/api/app/events/special http/1.1
08-05 17:53:23.111  3168  3180 I art     : Starting a blocking GC Explicit
08-05 17:53:23.134  3168  3180 I art     : Explicit concurrent mark sweep GC freed 1703(144KB) AllocSpace objects, 2(120KB) LOS objects, 23% free, 52MB/68MB, paused 561us total 22.814ms
08-05 17:53:23.144  3168  3180 I art     : Starting a blocking GC Explicit
08-05 17:53:23.148  3168  4817 D OkHttp  : <-- 200 OK https://api-hillfair-2k16.herokuapp.com/api/app/events/special (39ms, 554-byte body)
08-05 17:53:23.168  3168  3180 I art     : Explicit concurrent mark sweep GC freed 174(32KB) AllocSpace objects, 0(0B) LOS objects, 23% free, 52MB/68MB, paused 618us total 23.465ms
08-05 17:53:23.195  3168  3168 I NAPPA_EXPERIMENTATION: MetricNetworkRequestExecutionTime: REQUEST_DURATION_SYSTEM='935',REQUEST_DURATION_OKHTTP='39',REQUEST_SYNCHRONOUS='FALSE',RESPONSE_CODE='200',RESPONSE_METHOD='GET',RESPONSE_LENGTH_OKHTTP='554',RESPONSE_LENGTH_HEADER='554',REQUEST_PROTOCOL='http/1.1',REQUEST_URL='https://api-hillfair-2k16.herokuapp.com/api/app/events/special',
08-05 17:53:23.469  3168  4054 I art     : Starting a blocking GC Explicit
08-05 17:53:23.497  3168  4054 I art     : Explicit concurrent mark sweep GC freed 2241(148KB) AllocSpace objects, 1(20KB) LOS objects, 23% free, 52MB/68MB, paused 593us total 27.496ms
08-05 17:53:23.508  3168  4054 I art     : Starting a blocking GC Explicit
08-05 17:53:23.534  3168  4054 I art     : Explicit concurrent mark sweep GC freed 99(3KB) AllocSpace objects, 0(0B) LOS objects, 23% free, 52MB/68MB, paused 581us total 25.458ms
08-05 17:53:23.545  3168  4054 I art     : Starting a blocking GC Explicit
08-05 17:53:23.570  3168  4054 I art     : Explicit concurrent mark sweep GC freed 3(96B) AllocSpace objects, 0(0B) LOS objects, 23% free, 52MB/68MB, paused 579us total 24.590ms
08-05 17:53:23.580  3168  4054 I art     : Starting a blocking GC Explicit
08-05 17:53:23.605  3168  4054 I art     : Explicit concurrent mark sweep GC freed 3(96B) AllocSpace objects, 0(0B) LOS objects, 23% free, 52MB/68MB, paused 596us total 24.677ms
08-05 17:53:23.616  3168  4054 I art     : Starting a blocking GC Explicit
08-05 17:53:23.642  3168  4054 I art     : Explicit concurrent mark sweep GC freed 3(96B) AllocSpace objects, 0(0B) LOS objects, 23% free, 52MB/68MB, paused 582us total 25.098ms
08-05 17:53:23.689  5179  5194 D QcrilMsgTunnelSocket: readRilMessage: Buffer = [B@671e81d HexData = [010000000404000011000000514f454d484f4f4bef0308000100000003]
08-05 17:53:23.689  5179  5194 D QcrilMsgTunnelSocket: Rcvd UNSOL response with 28 bytes data for SUB0
08-05 17:53:23.689  5179  5194 D QcrilMsgTunnelSocket: Response ID 525295 is not served in this process.
08-05 17:53:23.689  5179  5194 D QcrilMsgTunnelSocket: To broadcast an Intent via the notifier to external apps
08-05 17:53:23.689  5179  5179 D QcrilMsgTunnelIfaceManager: handleMessage what = 0
08-05 17:53:23.689  5179  5179 D QcrilMsgTunnelIfaceManager: Broadcasting intent ACTION_UNSOL_RESPONSE_OEM_HOOK_RAW
08-05 17:53:23.690  5164  5164 D QC_RIL_OEM_HOOK: Received Broadcast Intent ACTION_UNSOL_RESPONSE_OEM_HOOK_RAW
08-05 17:53:23.691  5164  5164 D QC_RIL_OEM_HOOK: Oem ID in QCRILHOOK UNSOL RESP is QOEMHOOK
08-05 17:53:23.942  3168  3183 I art     : Starting a blocking GC Explicit
08-05 17:53:23.974  3168  3183 I art     : Explicit concurrent mark sweep GC freed 1340(78KB) AllocSpace objects, 1(20KB) LOS objects, 23% free, 52MB/68MB, paused 634us total 32.148ms
08-05 17:53:23.988  3168  3183 I art     : Starting a blocking GC Explicit
08-05 17:53:24.015  3168  3183 I art     : Explicit concurrent mark sweep GC freed 20(704B) AllocSpace objects, 0(0B) LOS objects, 23% free, 52MB/68MB, paused 614us total 27.009ms
08-05 17:53:24.027  3168  3183 I art     : Starting a blocking GC Explicit
08-05 17:53:24.053  3168  3183 I art     : Explicit concurrent mark sweep GC freed 3(96B) AllocSpace objects, 0(0B) LOS objects, 23% free, 52MB/68MB, paused 590us total 26.198ms
08-05 17:53:24.064  3168  3183 I art     : Starting a blocking GC Explicit
08-05 17:53:24.092  3168  3183 I art     : Explicit concurrent mark sweep GC freed 3(96B) AllocSpace objects, 0(0B) LOS objects, 23% free, 52MB/68MB, paused 611us total 27.397ms
08-05 17:53:24.103  3168  3183 I art     : Starting a blocking GC Explicit
08-05 17:53:24.131  3168  3183 I art     : Explicit concurrent mark sweep GC freed 3(96B) AllocSpace objects, 0(0B) LOS objects, 23% free, 52MB/68MB, paused 612us total 27.621ms
08-05 17:53:24.451  3168  3295 I art     : Starting a blocking GC Explicit
08-05 17:53:24.485  3168  3295 I art     : Explicit concurrent mark sweep GC freed 1340(78KB) AllocSpace objects, 1(20KB) LOS objects, 23% free, 52MB/68MB, paused 691us total 33.272ms
08-05 17:53:24.502  3168  3295 I art     : Starting a blocking GC Explicit
08-05 17:53:24.529  3168  3295 I art     : Explicit concurrent mark sweep GC freed 20(704B) AllocSpace objects, 0(0B) LOS objects, 23% free, 52MB/68MB, paused 576us total 26.712ms
08-05 17:53:24.540  3168  3295 I art     : Starting a blocking GC Explicit
08-05 17:53:24.567  3168  3295 I art     : Explicit concurrent mark sweep GC freed 3(96B) AllocSpace objects, 0(0B) LOS objects, 23% free, 52MB/68MB, paused 760us total 27.425ms
08-05 17:53:24.579  3168  3295 I art     : Starting a blocking GC Explicit
08-05 17:53:24.606  3168  3295 I art     : Explicit concurrent mark sweep GC freed 3(96B) AllocSpace objects, 0(0B) LOS objects, 23% free, 52MB/68MB, paused 684us total 26.972ms
08-05 17:53:24.617  3168  3295 I art     : Starting a blocking GC Explicit
08-05 17:53:24.645  3168  3295 I art     : Explicit concurrent mark sweep GC freed 3(96B) AllocSpace objects, 0(0B) LOS objects, 23% free, 52MB/68MB, paused 557us total 27.333ms
08-05 17:53:24.998  3168  3180 I art     : Starting a blocking GC Explicit
08-05 17:53:25.035  3168  3180 I art     : Explicit concurrent mark sweep GC freed 1340(78KB) AllocSpace objects, 1(20KB) LOS objects, 23% free, 52MB/68MB, paused 602us total 36.036ms
08-05 17:53:25.052  3168  3180 I art     : Starting a blocking GC Explicit
08-05 17:53:25.083  3168  3180 I art     : Explicit concurrent mark sweep GC freed 20(704B) AllocSpace objects, 0(0B) LOS objects, 23% free, 52MB/68MB, paused 591us total 30.951ms
08-05 17:53:25.095  3168  3180 I art     : Starting a blocking GC Explicit
08-05 17:53:25.122  3168  3180 I art     : Explicit concurrent mark sweep GC freed 3(96B) AllocSpace objects, 0(0B) LOS objects, 23% free, 52MB/68MB, paused 555us total 26.097ms
08-05 17:53:25.133  3168  3180 I art     : Starting a blocking GC Explicit
08-05 17:53:25.161  3168  3180 I art     : Explicit concurrent mark sweep GC freed 3(96B) AllocSpace objects, 0(0B) LOS objects, 23% free, 52MB/68MB, paused 534us total 27.180ms
08-05 17:53:25.172  3168  3180 I art     : Starting a blocking GC Explicit
08-05 17:53:25.199  3168  3180 I art     : Explicit concurrent mark sweep GC freed 3(96B) AllocSpace objects, 0(0B) LOS objects, 23% free, 52MB/68MB, paused 574us total 27.206ms
08-05 17:53:25.522  3168  4054 I art     : Starting a blocking GC Explicit
08-05 17:53:25.555  3168  4054 I art     : Explicit concurrent mark sweep GC freed 1340(78KB) AllocSpace objects, 1(20KB) LOS objects, 23% free, 52MB/68MB, paused 638us total 31.817ms
08-05 17:53:25.567  3168  4054 I art     : Starting a blocking GC Explicit
08-05 17:53:25.595  3168  4054 I art     : Explicit concurrent mark sweep GC freed 20(704B) AllocSpace objects, 0(0B) LOS objects, 23% free, 52MB/68MB, paused 591us total 27.183ms
08-05 17:53:25.606  3168  4054 I art     : Starting a blocking GC Explicit
08-05 17:53:25.633  3168  4054 I art     : Explicit concurrent mark sweep GC freed 3(96B) AllocSpace objects, 0(0B) LOS objects, 23% free, 52MB/68MB, paused 598us total 26.650ms
08-05 17:53:25.644  3168  4054 I art     : Starting a blocking GC Explicit
08-05 17:53:25.671  3168  4054 I art     : Explicit concurrent mark sweep GC freed 3(96B) AllocSpace objects, 0(0B) LOS objects, 23% free, 52MB/68MB, paused 601us total 25.843ms
08-05 17:53:25.682  3168  4054 I art     : Starting a blocking GC Explicit
08-05 17:53:25.709  3168  4054 I art     : Explicit concurrent mark sweep GC freed 3(96B) AllocSpace objects, 0(0B) LOS objects, 23% free, 52MB/68MB, paused 561us total 27.213ms
08-05 17:53:26.040  3168  3183 I art     : Starting a blocking GC Explicit
08-05 17:53:26.070  3168  3183 I art     : Explicit concurrent mark sweep GC freed 1340(78KB) AllocSpace objects, 1(20KB) LOS objects, 23% free, 52MB/68MB, paused 619us total 29.796ms
08-05 17:53:26.084  3168  3183 I art     : Starting a blocking GC Explicit
08-05 17:53:26.115  3168  3183 I art     : Explicit concurrent mark sweep GC freed 20(704B) AllocSpace objects, 0(0B) LOS objects, 23% free, 52MB/68MB, paused 573us total 30.216ms
08-05 17:53:26.128  3168  3183 I art     : Starting a blocking GC Explicit
08-05 17:53:26.154  3168  3183 I art     : Explicit concurrent mark sweep GC freed 3(96B) AllocSpace objects, 0(0B) LOS objects, 23% free, 52MB/68MB, paused 600us total 26.211ms
08-05 17:53:26.165  3168  3183 I art     : Starting a blocking GC Explicit
08-05 17:53:26.193  3168  3183 I art     : Explicit concurrent mark sweep GC freed 3(96B) AllocSpace objects, 0(0B) LOS objects, 23% free, 52MB/68MB, paused 585us total 27.168ms
08-05 17:53:26.204  3168  3183 I art     : Starting a blocking GC Explicit
08-05 17:53:26.231  3168  3183 I art     : Explicit concurrent mark sweep GC freed 3(96B) AllocSpace objects, 0(0B) LOS objects, 23% free, 52MB/68MB, paused 591us total 26.396ms
08-05 17:53:26.552  3168  3295 I art     : Starting a blocking GC Explicit
08-05 17:53:26.581  3168  3295 I art     : Explicit concurrent mark sweep GC freed 1340(78KB) AllocSpace objects, 1(20KB) LOS objects, 23% free, 52MB/68MB, paused 629us total 28.922ms
08-05 17:53:26.594  3168  3295 I art     : Starting a blocking GC Explicit
08-05 17:53:26.620  3168  3295 I art     : Explicit concurrent mark sweep GC freed 20(704B) AllocSpace objects, 0(0B) LOS objects, 23% free, 52MB/68MB, paused 634us total 25.139ms
08-05 17:53:26.631  3168  3295 I art     : Starting a blocking GC Explicit
08-05 17:53:26.656  3168  3295 I art     : Explicit concurrent mark sweep GC freed 3(96B) AllocSpace objects, 0(0B) LOS objects, 23% free, 52MB/68MB, paused 584us total 24.434ms
08-05 17:53:26.666  3168  3295 I art     : Starting a blocking GC Explicit
08-05 17:53:26.693  3168  3295 I art     : Explicit concurrent mark sweep GC freed 3(96B) AllocSpace objects, 0(0B) LOS objects, 23% free, 52MB/68MB, paused 595us total 25.921ms
08-05 17:53:26.703  3168  3295 I art     : Starting a blocking GC Explicit
08-05 17:53:26.729  3168  3295 I art     : Explicit concurrent mark sweep GC freed 3(96B) AllocSpace objects, 0(0B) LOS objects, 23% free, 52MB/68MB, paused 603us total 24.907ms
08-05 17:53:27.010  4917  4917 D AndroidRuntime: >>>>>> START com.android.internal.os.RuntimeInit uid 2000 <<<<<<
08-05 17:53:27.016  4917  4917 D AndroidRuntime: CheckJNI is OFF
08-05 17:53:27.047  3168  3180 I art     : Starting a blocking GC Explicit
08-05 17:53:27.061  4917  4917 D ICU     : No timezone override file found: /data/misc/zoneinfo/current/icu/icu_tzdata.dat
08-05 17:53:27.072  3168  3180 I art     : Explicit concurrent mark sweep GC freed 1340(78KB) AllocSpace objects, 1(20KB) LOS objects, 23% free, 52MB/68MB, paused 618us total 25.037ms
08-05 17:53:27.083  3168  3180 I art     : Starting a blocking GC Explicit
08-05 17:53:27.105  4917  4917 I Radio-JNI: register_android_hardware_Radio DONE
08-05 17:53:27.109  3168  3180 I art     : Explicit concurrent mark sweep GC freed 20(704B) AllocSpace objects, 0(0B) LOS objects, 23% free, 52MB/68MB, paused 605us total 25.912ms
08-05 17:53:27.121  3168  3180 I art     : Starting a blocking GC Explicit
08-05 17:53:27.136  4917  4917 D AndroidRuntime: Calling main entry com.android.commands.input.Input
08-05 17:53:27.139  4917  4917 I Input   : injectMotionEvent: MotionEvent { action=ACTION_DOWN, actionButton=0, id[0]=0, x[0]=733.0, y[0]=645.0, toolType[0]=TOOL_TYPE_UNKNOWN, buttonState=0, metaState=0, flags=0x0, edgeFlags=0x0, pointerCount=1, historySize=0, eventTime=813223551, downTime=813223551, deviceId=0, source=0x1002 }
08-05 17:53:27.145  4917  4917 I Input   : injectMotionEvent: MotionEvent { action=ACTION_UP, actionButton=0, id[0]=0, x[0]=733.0, y[0]=645.0, toolType[0]=TOOL_TYPE_UNKNOWN, buttonState=0, metaState=0, flags=0x0, edgeFlags=0x0, pointerCount=1, historySize=0, eventTime=813223551, downTime=813223551, deviceId=0, source=0x1002 }
08-05 17:53:27.145  3168  3180 I art     : Explicit concurrent mark sweep GC freed 3(96B) AllocSpace objects, 0(0B) LOS objects, 23% free, 52MB/68MB, paused 527us total 23.842ms
08-05 17:53:27.146   918  3961 I ActivityManager: START u0 {cmp=baseline.appteam.nith.hillffair/.activities.ClubActivity (has extras)} from uid 10675 on display 0
08-05 17:53:27.156  3168  3180 I art     : Starting a blocking GC Explicit
08-05 17:53:27.158  4917  4917 D AndroidRuntime: Shutting down VM
08-05 17:53:27.180  3168  3180 I art     : Explicit concurrent mark sweep GC freed 305(19KB) AllocSpace objects, 0(0B) LOS objects, 23% free, 52MB/68MB, paused 906us total 24.219ms
08-05 17:53:27.190  3168  3180 I art     : Starting a blocking GC Explicit
08-05 17:53:27.222  3168  3180 I art     : Explicit concurrent mark sweep GC freed 3455(226KB) AllocSpace objects, 0(0B) LOS objects, 23% free, 52MB/68MB, paused 627us total 30.961ms
08-05 17:53:27.254   918   936 I ActivityManager: Displayed baseline.appteam.nith.hillffair/.activities.ClubActivity: +96ms
08-05 17:53:27.255 13866 13866 I GoogleInputMethodServic: GoogleInputMethodService.onFinishInput():3138 
08-05 17:53:27.255 13866 13866 I GoogleInputMethodServic: GoogleInputMethodService.onStartInput():1808 
08-05 17:53:27.514   380   380 W SurfaceFlinger: couldn't log to binary event log: overflow.
08-05 17:53:27.519  3168  3183 I art     : Starting a blocking GC Explicit
08-05 17:53:27.545  3168  3183 I art     : Explicit concurrent mark sweep GC freed 1746(97KB) AllocSpace objects, 1(20KB) LOS objects, 23% free, 52MB/68MB, paused 634us total 25.387ms
08-05 17:53:27.557  3168  3183 I art     : Starting a blocking GC Explicit
08-05 17:53:27.582  3168  3183 I art     : Explicit concurrent mark sweep GC freed 34(1168B) AllocSpace objects, 0(0B) LOS objects, 23% free, 52MB/68MB, paused 686us total 24.574ms
08-05 17:53:27.593  3168  3183 I art     : Starting a blocking GC Explicit
08-05 17:53:27.617  3168  3183 I art     : Explicit concurrent mark sweep GC freed 3(96B) AllocSpace objects, 0(0B) LOS objects, 23% free, 52MB/68MB, paused 747us total 24.505ms
08-05 17:53:27.628  3168  3183 I art     : Starting a blocking GC Explicit
08-05 17:53:27.659  3168  3183 I art     : Explicit concurrent mark sweep GC freed 109(6KB) AllocSpace objects, 0(0B) LOS objects, 23% free, 52MB/68MB, paused 636us total 30.904ms
08-05 17:53:27.670  3168  3183 I art     : Starting a blocking GC Explicit
08-05 17:53:27.695  3168  3183 I art     : Explicit concurrent mark sweep GC freed 14(512B) AllocSpace objects, 0(0B) LOS objects, 23% free, 52MB/68MB, paused 645us total 24.325ms
08-05 17:53:27.991  3168  3295 I art     : Starting a blocking GC Explicit
08-05 17:53:28.019  3168  4945 D OkHttp  : --> GET https://api-hillfair-2k16.herokuapp.com/api/app/events/special/event?id=5806551bdcba0f490c70fd1f http/1.1
08-05 17:53:28.020  3168  3295 I art     : Explicit concurrent mark sweep GC freed 3943(211KB) AllocSpace objects, 3(140KB) LOS objects, 23% free, 52MB/68MB, paused 882us total 29.018ms
08-05 17:53:28.031  3168  3295 I art     : Starting a blocking GC Explicit
08-05 17:53:28.057  3168  3295 I art     : Explicit concurrent mark sweep GC freed 1051(121KB) AllocSpace objects, 1(80KB) LOS objects, 23% free, 52MB/68MB, paused 890us total 25.938ms
08-05 17:53:28.058  3168  4945 D OkHttp  : <-- 200 OK https://api-hillfair-2k16.herokuapp.com/api/app/events/special/event?id=5806551bdcba0f490c70fd1f (39ms, 795-byte body)
08-05 17:53:28.067  3168  3295 I art     : Starting a blocking GC Explicit
08-05 17:53:28.093  3168  3295 I art     : Explicit concurrent mark sweep GC freed 222(34KB) AllocSpace objects, 0(0B) LOS objects, 23% free, 52MB/68MB, paused 646us total 25.160ms
08-05 17:53:28.103  3168  3295 I art     : Starting a blocking GC Explicit
08-05 17:53:28.116  3168  3168 I NAPPA_EXPERIMENTATION: MetricNetworkRequestExecutionTime: REQUEST_DURATION_SYSTEM='928',REQUEST_DURATION_OKHTTP='39',REQUEST_SYNCHRONOUS='FALSE',RESPONSE_CODE='200',RESPONSE_METHOD='GET',RESPONSE_LENGTH_OKHTTP='795',RESPONSE_LENGTH_HEADER='795',REQUEST_PROTOCOL='http/1.1',REQUEST_URL='https://api-hillfair-2k16.herokuapp.com/api/app/events/special/event?id=5806551bdcba0f490c70fd1f',
08-05 17:53:28.129  3168  3295 I art     : Explicit concurrent mark sweep GC freed 193(16KB) AllocSpace objects, 0(0B) LOS objects, 23% free, 52MB/68MB, paused 641us total 24.910ms
08-05 17:53:28.139  3168  3295 I art     : Starting a blocking GC Explicit
08-05 17:53:28.164  3168  3295 I art     : Explicit concurrent mark sweep GC freed 449(49KB) AllocSpace objects, 0(0B) LOS objects, 23% free, 52MB/68MB, paused 569us total 24.923ms
08-05 17:53:28.458  3168  4054 I art     : Starting a blocking GC Explicit
08-05 17:53:28.485  3168  4054 I art     : Explicit concurrent mark sweep GC freed 1375(79KB) AllocSpace objects, 1(20KB) LOS objects, 23% free, 52MB/68MB, paused 580us total 26.566ms
08-05 17:53:28.497  3168  4054 I art     : Starting a blocking GC Explicit
08-05 17:53:28.522  3168  4054 I art     : Explicit concurrent mark sweep GC freed 36(1264B) AllocSpace objects, 0(0B) LOS objects, 23% free, 52MB/68MB, paused 642us total 25.051ms
08-05 17:53:28.533  3168  4054 I art     : Starting a blocking GC Explicit
08-05 17:53:28.558  3168  4054 I art     : Explicit concurrent mark sweep GC freed 3(96B) AllocSpace objects, 0(0B) LOS objects, 23% free, 52MB/68MB, paused 601us total 25.251ms
08-05 17:53:28.569  3168  4054 I art     : Starting a blocking GC Explicit
08-05 17:53:28.596  3168  4054 I art     : Explicit concurrent mark sweep GC freed 3(96B) AllocSpace objects, 0(0B) LOS objects, 23% free, 52MB/68MB, paused 605us total 26.638ms
08-05 17:53:28.607  3168  4054 I art     : Starting a blocking GC Explicit
08-05 17:53:28.633  3168  4054 I art     : Explicit concurrent mark sweep GC freed 3(96B) AllocSpace objects, 0(0B) LOS objects, 23% free, 52MB/68MB, paused 588us total 25.351ms
08-05 17:53:28.940  3168  3183 I art     : Starting a blocking GC Explicit
08-05 17:53:28.979  3168  3183 I art     : Explicit concurrent mark sweep GC freed 1341(78KB) AllocSpace objects, 1(20KB) LOS objects, 23% free, 52MB/68MB, paused 983us total 38.355ms
08-05 17:53:28.994  3168  3183 I art     : Starting a blocking GC Explicit
08-05 17:53:29.024  3168  3183 I art     : Explicit concurrent mark sweep GC freed 20(704B) AllocSpace objects, 0(0B) LOS objects, 23% free, 52MB/68MB, paused 634us total 28.967ms
08-05 17:53:29.035  3168  3183 I art     : Starting a blocking GC Explicit
08-05 17:53:29.064  3168  3183 I art     : Explicit concurrent mark sweep GC freed 3(96B) AllocSpace objects, 0(0B) LOS objects, 23% free, 52MB/68MB, paused 622us total 29.052ms
08-05 17:53:29.076  3168  3183 I art     : Starting a blocking GC Explicit
08-05 17:53:29.104  3168  3183 I art     : Explicit concurrent mark sweep GC freed 3(96B) AllocSpace objects, 0(0B) LOS objects, 23% free, 52MB/68MB, paused 618us total 28.272ms
08-05 17:53:29.115  3168  3183 I art     : Starting a blocking GC Explicit
08-05 17:53:29.144  3168  3183 I art     : Explicit concurrent mark sweep GC freed 3(96B) AllocSpace objects, 0(0B) LOS objects, 23% free, 52MB/68MB, paused 618us total 27.973ms
08-05 17:53:29.315   918  3261 D WifiStateMachine: starting scan for "H369AA63323"WPA_PSK with 2412,5180
08-05 17:53:29.473  3168  3295 I art     : Starting a blocking GC Explicit
08-05 17:53:29.505  3168  3295 I art     : Explicit concurrent mark sweep GC freed 1341(78KB) AllocSpace objects, 1(20KB) LOS objects, 23% free, 52MB/68MB, paused 648us total 31.743ms
08-05 17:53:29.518  3168  3295 I art     : Starting a blocking GC Explicit
08-05 17:53:29.545  3168  3295 I art     : Explicit concurrent mark sweep GC freed 20(704B) AllocSpace objects, 0(0B) LOS objects, 23% free, 52MB/68MB, paused 626us total 26.252ms
08-05 17:53:29.556  3168  3295 I art     : Starting a blocking GC Explicit
08-05 17:53:29.585  3168  3295 I art     : Explicit concurrent mark sweep GC freed 3(96B) AllocSpace objects, 0(0B) LOS objects, 23% free, 52MB/68MB, paused 610us total 28.443ms
08-05 17:53:29.596  3168  3295 I art     : Starting a blocking GC Explicit
08-05 17:53:29.625  3168  3295 I art     : Explicit concurrent mark sweep GC freed 3(96B) AllocSpace objects, 0(0B) LOS objects, 23% free, 52MB/68MB, paused 627us total 28.921ms
08-05 17:53:29.636  3168  3295 I art     : Starting a blocking GC Explicit
08-05 17:53:29.666  3168  3295 I art     : Explicit concurrent mark sweep GC freed 3(96B) AllocSpace objects, 0(0B) LOS objects, 23% free, 52MB/68MB, paused 639us total 29.156ms
08-05 17:53:29.991  3168  3180 I art     : Starting a blocking GC Explicit
08-05 17:53:30.023  3168  3180 I art     : Explicit concurrent mark sweep GC freed 1341(78KB) AllocSpace objects, 1(20KB) LOS objects, 23% free, 52MB/68MB, paused 635us total 31.526ms
08-05 17:53:30.036  3168  3180 I art     : Starting a blocking GC Explicit
08-05 17:53:30.065  3168  3180 I art     : Explicit concurrent mark sweep GC freed 20(704B) AllocSpace objects, 0(0B) LOS objects, 23% free, 52MB/68MB, paused 574us total 28.850ms
08-05 17:53:30.066  3168  3179 I art     : WaitForGcToComplete blocked for 27.897ms for cause HeapTrim
08-05 17:53:30.077  3168  3180 I art     : Starting a blocking GC Explicit
08-05 17:53:30.105  3168  3180 I art     : Explicit concurrent mark sweep GC freed 3(96B) AllocSpace objects, 0(0B) LOS objects, 23% free, 52MB/68MB, paused 600us total 28.256ms
08-05 17:53:30.117  3168  3180 I art     : Starting a blocking GC Explicit
08-05 17:53:30.145  3168  3180 I art     : Explicit concurrent mark sweep GC freed 3(96B) AllocSpace objects, 0(0B) LOS objects, 23% free, 52MB/68MB, paused 595us total 27.953ms
08-05 17:53:30.156  3168  3180 I art     : Starting a blocking GC Explicit
08-05 17:53:30.185  3168  3180 I art     : Explicit concurrent mark sweep GC freed 3(96B) AllocSpace objects, 0(0B) LOS objects, 23% free, 52MB/68MB, paused 588us total 28.174ms
08-05 17:53:30.523  3168  4054 I art     : Starting a blocking GC Explicit
08-05 17:53:30.559  3168  4054 I art     : Explicit concurrent mark sweep GC freed 1341(78KB) AllocSpace objects, 1(20KB) LOS objects, 23% free, 52MB/68MB, paused 702us total 35.222ms
08-05 17:53:30.572  3168  4054 I art     : Starting a blocking GC Explicit
08-05 17:53:30.600  3168  4054 I art     : Explicit concurrent mark sweep GC freed 20(704B) AllocSpace objects, 0(0B) LOS objects, 23% free, 52MB/68MB, paused 612us total 27.090ms
08-05 17:53:30.611  3168  4054 I art     : Starting a blocking GC Explicit
08-05 17:53:30.639  3168  4054 I art     : Explicit concurrent mark sweep GC freed 3(96B) AllocSpace objects, 0(0B) LOS objects, 23% free, 52MB/68MB, paused 608us total 27.743ms
08-05 17:53:30.651  3168  4054 I art     : Starting a blocking GC Explicit
08-05 17:53:30.680  3168  4054 I art     : Explicit concurrent mark sweep GC freed 3(96B) AllocSpace objects, 0(0B) LOS objects, 23% free, 52MB/68MB, paused 612us total 28.747ms
08-05 17:53:30.691  3168  4054 I art     : Starting a blocking GC Explicit
08-05 17:53:30.719  3168  4054 I art     : Explicit concurrent mark sweep GC freed 3(96B) AllocSpace objects, 0(0B) LOS objects, 23% free, 52MB/68MB, paused 626us total 27.523ms
08-05 17:53:31.053  3168  3183 I art     : Starting a blocking GC Explicit
08-05 17:53:31.088  3168  3183 I art     : Explicit concurrent mark sweep GC freed 1341(78KB) AllocSpace objects, 1(20KB) LOS objects, 23% free, 52MB/68MB, paused 660us total 35.138ms
08-05 17:53:31.103  3168  3183 I art     : Starting a blocking GC Explicit
08-05 17:53:31.129  3168  3183 I art     : Explicit concurrent mark sweep GC freed 20(704B) AllocSpace objects, 0(0B) LOS objects, 23% free, 52MB/68MB, paused 596us total 25.676ms
08-05 17:53:31.140  3168  3183 I art     : Starting a blocking GC Explicit
08-05 17:53:31.167  3168  3183 I art     : Explicit concurrent mark sweep GC freed 3(96B) AllocSpace objects, 0(0B) LOS objects, 23% free, 52MB/68MB, paused 679us total 26.551ms
08-05 17:53:31.178  3168  3183 I art     : Starting a blocking GC Explicit
08-05 17:53:31.205  3168  3183 I art     : Explicit concurrent mark sweep GC freed 3(96B) AllocSpace objects, 0(0B) LOS objects, 23% free, 52MB/68MB, paused 609us total 26.349ms
08-05 17:53:31.216  3168  3183 I art     : Starting a blocking GC Explicit
08-05 17:53:31.244  3168  3183 I art     : Explicit concurrent mark sweep GC freed 3(96B) AllocSpace objects, 0(0B) LOS objects, 23% free, 52MB/68MB, paused 588us total 27.521ms
08-05 17:53:31.561  3168  3180 I art     : Starting a blocking GC Explicit
08-05 17:53:31.586  3168  3180 I art     : Explicit concurrent mark sweep GC freed 1341(78KB) AllocSpace objects, 1(20KB) LOS objects, 23% free, 52MB/68MB, paused 601us total 24.471ms
08-05 17:53:31.597  3168  3180 I art     : Starting a blocking GC Explicit
08-05 17:53:31.623  3168  3180 I art     : Explicit concurrent mark sweep GC freed 35(1264B) AllocSpace objects, 0(0B) LOS objects, 23% free, 52MB/68MB, paused 607us total 25.754ms
08-05 17:53:31.634  3168  3180 I art     : Starting a blocking GC Explicit
08-05 17:53:31.659  3168  3180 I art     : Explicit concurrent mark sweep GC freed 3(96B) AllocSpace objects, 0(0B) LOS objects, 23% free, 52MB/68MB, paused 595us total 25.193ms
08-05 17:53:31.670  3168  3180 I art     : Starting a blocking GC Explicit
08-05 17:53:31.696  3168  3180 I art     : Explicit concurrent mark sweep GC freed 3(96B) AllocSpace objects, 0(0B) LOS objects, 23% free, 52MB/68MB, paused 619us total 25.870ms
08-05 17:53:31.707  3168  3180 I art     : Starting a blocking GC Explicit
08-05 17:53:31.735  3168  3180 I art     : Explicit concurrent mark sweep GC freed 3(96B) AllocSpace objects, 0(0B) LOS objects, 23% free, 52MB/68MB, paused 660us total 27.308ms
08-05 17:53:31.959  5030  5030 D AndroidRuntime: >>>>>> START com.android.internal.os.RuntimeInit uid 2000 <<<<<<
08-05 17:53:31.965  5030  5030 D AndroidRuntime: CheckJNI is OFF
08-05 17:53:32.006  5030  5030 D ICU     : No timezone override file found: /data/misc/zoneinfo/current/icu/icu_tzdata.dat
08-05 17:53:32.048  5030  5030 I Radio-JNI: register_android_hardware_Radio DONE
08-05 17:53:32.056  3168  4054 I art     : Starting a blocking GC Explicit
08-05 17:53:32.078  5030  5030 D AndroidRuntime: Calling main entry com.android.commands.input.Input
08-05 17:53:32.080  5030  5030 I Input   : injectKeyEvent: KeyEvent { action=ACTION_DOWN, keyCode=KEYCODE_BACK, scanCode=0, metaState=0, flags=0x0, repeatCount=0, eventTime=813228493, downTime=813228493, deviceId=-1, source=0x101 }
08-05 17:53:32.083  3168  4054 I art     : Explicit concurrent mark sweep GC freed 1341(78KB) AllocSpace objects, 1(20KB) LOS objects, 23% free, 52MB/68MB, paused 647us total 26.711ms
08-05 17:53:32.085  5030  5030 I Input   : injectKeyEvent: KeyEvent { action=ACTION_UP, keyCode=KEYCODE_BACK, scanCode=0, metaState=0, flags=0x0, repeatCount=0, eventTime=813228493, downTime=813228493, deviceId=-1, source=0x101 }
08-05 17:53:32.092  5030  5030 D AndroidRuntime: Shutting down VM
08-05 17:53:32.094  3168  4054 I art     : Starting a blocking GC Explicit
08-05 17:53:32.118  3168  4054 I art     : Explicit concurrent mark sweep GC freed 160(7KB) AllocSpace objects, 0(0B) LOS objects, 23% free, 52MB/68MB, paused 595us total 24.516ms
08-05 17:53:32.129  3168  4054 I art     : Starting a blocking GC Explicit
08-05 17:53:32.131 13866 13866 I GoogleInputMethodServic: GoogleInputMethodService.onFinishInput():3138 
08-05 17:53:32.131 13866 13866 I GoogleInputMethodServic: GoogleInputMethodService.onStartInput():1808 
08-05 17:53:32.153  3168  4054 I art     : Explicit concurrent mark sweep GC freed 30(1120B) AllocSpace objects, 0(0B) LOS objects, 23% free, 52MB/68MB, paused 628us total 23.790ms
08-05 17:53:32.163  3168  4054 I art     : Starting a blocking GC Explicit
08-05 17:53:32.188  3168  4054 I art     : Explicit concurrent mark sweep GC freed 10(368B) AllocSpace objects, 0(0B) LOS objects, 23% free, 52MB/68MB, paused 601us total 23.920ms
08-05 17:53:32.198  3168  4054 I art     : Starting a blocking GC Explicit
08-05 17:53:32.221  3168  4054 I art     : Explicit concurrent mark sweep GC freed 4(144B) AllocSpace objects, 0(0B) LOS objects, 23% free, 52MB/68MB, paused 542us total 23.026ms
08-05 17:53:32.435   380   380 W SurfaceFlinger: couldn't log to binary event log: overflow.
08-05 17:53:32.466  3129  3129 I Atfwd_Sendcmd: AtCmdFwd service not ready - Exhausted retry attempts - :6
08-05 17:53:32.467  3129  3129 I Atfwd_Daemon: result : -1 	 ,Init step :2 	 ,qmiErrorCode: 0
08-05 17:53:32.511  3168  3183 I art     : Starting a blocking GC Explicit
08-05 17:53:32.538  3168  3183 I art     : Explicit concurrent mark sweep GC freed 1450(87KB) AllocSpace objects, 1(20KB) LOS objects, 23% free, 52MB/68MB, paused 609us total 26.276ms
08-05 17:53:32.550  3168  3183 I art     : Starting a blocking GC Explicit
08-05 17:53:32.576  3168  3183 I art     : Explicit concurrent mark sweep GC freed 1672(107KB) AllocSpace objects, 3(400KB) LOS objects, 23% free, 52MB/68MB, paused 593us total 25.418ms
08-05 17:53:32.587  3168  3183 I art     : Starting a blocking GC Explicit
08-05 17:53:32.612  3168  3183 I art     : Explicit concurrent mark sweep GC freed 3(96B) AllocSpace objects, 0(0B) LOS objects, 23% free, 52MB/68MB, paused 583us total 24.450ms
08-05 17:53:32.623  3168  3183 I art     : Starting a blocking GC Explicit
08-05 17:53:32.649  3168  3183 I art     : Explicit concurrent mark sweep GC freed 3(96B) AllocSpace objects, 0(0B) LOS objects, 23% free, 52MB/68MB, paused 617us total 25.521ms
08-05 17:53:32.660  3168  3183 I art     : Starting a blocking GC Explicit
08-05 17:53:32.685  3168  3183 I art     : Explicit concurrent mark sweep GC freed 3(96B) AllocSpace objects, 0(0B) LOS objects, 23% free, 52MB/68MB, paused 605us total 25.670ms
08-05 17:53:32.979  3168  3295 I art     : Starting a blocking GC Explicit
08-05 17:53:33.009  3168  3295 I art     : Explicit concurrent mark sweep GC freed 1341(78KB) AllocSpace objects, 1(20KB) LOS objects, 23% free, 52MB/68MB, paused 657us total 30.369ms
08-05 17:53:33.023  3168  3295 I art     : Starting a blocking GC Explicit
08-05 17:53:33.053  3168  3295 I art     : Explicit concurrent mark sweep GC freed 20(704B) AllocSpace objects, 0(0B) LOS objects, 23% free, 52MB/68MB, paused 640us total 29.453ms
08-05 17:53:33.064  3168  3295 I art     : Starting a blocking GC Explicit
08-05 17:53:33.089  3168  3295 I art     : Explicit concurrent mark sweep GC freed 3(96B) AllocSpace objects, 0(0B) LOS objects, 23% free, 52MB/68MB, paused 609us total 25.570ms
08-05 17:53:33.100  3168  3295 I art     : Starting a blocking GC Explicit
08-05 17:53:33.126  3168  3295 I art     : Explicit concurrent mark sweep GC freed 3(96B) AllocSpace objects, 0(0B) LOS objects, 23% free, 52MB/68MB, paused 615us total 25.574ms
08-05 17:53:33.137  3168  3295 I art     : Starting a blocking GC Explicit
08-05 17:53:33.163  3168  3295 I art     : Explicit concurrent mark sweep GC freed 3(96B) AllocSpace objects, 0(0B) LOS objects, 23% free, 52MB/68MB, paused 604us total 25.460ms
08-05 17:53:33.461  3168  3180 I art     : Starting a blocking GC Explicit
08-05 17:53:33.490  3168  3180 I art     : Explicit concurrent mark sweep GC freed 1340(78KB) AllocSpace objects, 1(20KB) LOS objects, 23% free, 52MB/68MB, paused 642us total 29.475ms
08-05 17:53:33.504  3168  3180 I art     : Starting a blocking GC Explicit
08-05 17:53:33.529  3168  3180 I art     : Explicit concurrent mark sweep GC freed 20(704B) AllocSpace objects, 0(0B) LOS objects, 23% free, 52MB/68MB, paused 654us total 25.108ms
08-05 17:53:33.540  3168  3180 I art     : Starting a blocking GC Explicit
08-05 17:53:33.565  3168  3180 I art     : Explicit concurrent mark sweep GC freed 3(96B) AllocSpace objects, 0(0B) LOS objects, 23% free, 52MB/68MB, paused 585us total 24.419ms
08-05 17:53:33.575  3168  3180 I art     : Starting a blocking GC Explicit
08-05 17:53:33.600  3168  3180 I art     : Explicit concurrent mark sweep GC freed 3(96B) AllocSpace objects, 0(0B) LOS objects, 23% free, 52MB/68MB, paused 605us total 24.482ms
08-05 17:53:33.611  3168  3180 I art     : Starting a blocking GC Explicit
08-05 17:53:33.636  3168  3180 I art     : Explicit concurrent mark sweep GC freed 3(96B) AllocSpace objects, 0(0B) LOS objects, 23% free, 52MB/68MB, paused 598us total 24.590ms
08-05 17:53:33.886  5084  5084 D AndroidRuntime: >>>>>> START com.android.internal.os.RuntimeInit uid 2000 <<<<<<
08-05 17:53:33.893  5084  5084 D AndroidRuntime: CheckJNI is OFF
08-05 17:53:33.936  5084  5084 D ICU     : No timezone override file found: /data/misc/zoneinfo/current/icu/icu_tzdata.dat
08-05 17:53:33.936  3168  4054 I art     : Starting a blocking GC Explicit
08-05 17:53:33.962  3168  4054 I art     : Explicit concurrent mark sweep GC freed 1340(78KB) AllocSpace objects, 1(20KB) LOS objects, 23% free, 52MB/68MB, paused 648us total 25.569ms
08-05 17:53:33.973  3168  4054 I art     : Starting a blocking GC Explicit
08-05 17:53:33.979  5084  5084 I Radio-JNI: register_android_hardware_Radio DONE
08-05 17:53:33.997  3168  4054 I art     : Explicit concurrent mark sweep GC freed 20(704B) AllocSpace objects, 0(0B) LOS objects, 23% free, 52MB/68MB, paused 675us total 24.073ms
08-05 17:53:34.008  3168  4054 I art     : Starting a blocking GC Explicit
08-05 17:53:34.009  5084  5084 D AndroidRuntime: Calling main entry com.android.commands.input.Input
08-05 17:53:34.010  5084  5084 I Input   : injectKeyEvent: KeyEvent { action=ACTION_DOWN, keyCode=KEYCODE_BACK, scanCode=0, metaState=0, flags=0x0, repeatCount=0, eventTime=813230423, downTime=813230423, deviceId=-1, source=0x101 }
08-05 17:53:34.016  5084  5084 I Input   : injectKeyEvent: KeyEvent { action=ACTION_UP, keyCode=KEYCODE_BACK, scanCode=0, metaState=0, flags=0x0, repeatCount=0, eventTime=813230423, downTime=813230423, deviceId=-1, source=0x101 }
08-05 17:53:34.023  5084  5084 D AndroidRuntime: Shutting down VM
08-05 17:53:34.032  3168  4054 I art     : Explicit concurrent mark sweep GC freed 139(6KB) AllocSpace objects, 0(0B) LOS objects, 23% free, 52MB/68MB, paused 634us total 24.381ms
08-05 17:53:34.044  3168  4054 I art     : Starting a blocking GC Explicit
08-05 17:53:34.064 13866 13866 I GoogleInputMethodServic: GoogleInputMethodService.onFinishInput():3138 
08-05 17:53:34.065 13866 13866 I GoogleInputMethodServic: GoogleInputMethodService.onStartInput():1808 
08-05 17:53:34.068  3168  4054 I art     : Explicit concurrent mark sweep GC freed 16(608B) AllocSpace objects, 0(0B) LOS objects, 23% free, 52MB/68MB, paused 963us total 23.821ms
08-05 17:53:34.079  3168  4054 I art     : Starting a blocking GC Explicit
08-05 17:53:34.102  3168  4054 I art     : Explicit concurrent mark sweep GC freed 64(2256B) AllocSpace objects, 0(0B) LOS objects, 23% free, 52MB/68MB, paused 597us total 23.284ms
08-05 17:53:34.397  3168  3180 I art     : Starting a blocking GC Explicit
08-05 17:53:34.421  3168  3180 I art     : Explicit concurrent mark sweep GC freed 1984(109KB) AllocSpace objects, 1(20KB) LOS objects, 23% free, 52MB/68MB, paused 656us total 24.194ms
08-05 17:53:34.431  3168  3180 I art     : Starting a blocking GC Explicit
08-05 17:53:34.456  3168  3180 I art     : Explicit concurrent mark sweep GC freed 2110(128KB) AllocSpace objects, 2(140KB) LOS objects, 23% free, 52MB/68MB, paused 578us total 24.222ms
08-05 17:53:34.467  3168  3180 I art     : Starting a blocking GC Explicit
08-05 17:53:34.491  3168  3180 I art     : Explicit concurrent mark sweep GC freed 12(576B) AllocSpace objects, 0(0B) LOS objects, 23% free, 52MB/68MB, paused 570us total 24.093ms
08-05 17:53:34.502  3168  3180 I art     : Starting a blocking GC Explicit
08-05 17:53:34.527  3168  3180 I art     : Explicit concurrent mark sweep GC freed 17(528B) AllocSpace objects, 0(0B) LOS objects, 23% free, 52MB/68MB, paused 576us total 24.415ms
08-05 17:53:34.537  3168  3180 I art     : Starting a blocking GC Explicit
08-05 17:53:34.562  3168  3180 I art     : Explicit concurrent mark sweep GC freed 3(96B) AllocSpace objects, 0(0B) LOS objects, 23% free, 52MB/68MB, paused 574us total 24.613ms
08-05 17:53:34.868  3168  3183 I art     : Starting a blocking GC Explicit
08-05 17:53:34.899  3168  3183 I art     : Explicit concurrent mark sweep GC freed 1340(78KB) AllocSpace objects, 1(20KB) LOS objects, 23% free, 52MB/68MB, paused 674us total 29.976ms
08-05 17:53:34.911  3168  3183 I art     : Starting a blocking GC Explicit
08-05 17:53:34.936  3168  3183 I art     : Explicit concurrent mark sweep GC freed 20(704B) AllocSpace objects, 0(0B) LOS objects, 23% free, 52MB/68MB, paused 599us total 24.299ms
08-05 17:53:34.947  3168  3183 I art     : Starting a blocking GC Explicit
08-05 17:53:34.972  3168  3183 I art     : Explicit concurrent mark sweep GC freed 3(96B) AllocSpace objects, 0(0B) LOS objects, 23% free, 52MB/68MB, paused 592us total 24.535ms
08-05 17:53:34.982  3168  3183 I art     : Starting a blocking GC Explicit
08-05 17:53:35.007  3168  3183 I art     : Explicit concurrent mark sweep GC freed 3(96B) AllocSpace objects, 0(0B) LOS objects, 23% free, 52MB/68MB, paused 667us total 24.302ms
08-05 17:53:35.018  3168  3183 I art     : Starting a blocking GC Explicit
08-05 17:53:35.042  3168  3183 I art     : Explicit concurrent mark sweep GC freed 3(96B) AllocSpace objects, 0(0B) LOS objects, 23% free, 52MB/68MB, paused 591us total 23.909ms
08-05 17:53:35.343  3168  3295 I art     : Starting a blocking GC Explicit
08-05 17:53:35.368  3168  3295 I art     : Explicit concurrent mark sweep GC freed 1338(78KB) AllocSpace objects, 1(20KB) LOS objects, 23% free, 52MB/68MB, paused 638us total 24.272ms
08-05 17:53:35.378  3168  3295 I art     : Starting a blocking GC Explicit
08-05 17:53:35.403  3168  3295 I art     : Explicit concurrent mark sweep GC freed 20(704B) AllocSpace objects, 0(0B) LOS objects, 23% free, 52MB/68MB, paused 593us total 23.791ms
08-05 17:53:35.413  3168  3295 I art     : Starting a blocking GC Explicit
08-05 17:53:35.437  3168  3295 I art     : Explicit concurrent mark sweep GC freed 3(96B) AllocSpace objects, 0(0B) LOS objects, 23% free, 52MB/68MB, paused 669us total 23.853ms
08-05 17:53:35.448  3168  3295 I art     : Starting a blocking GC Explicit
08-05 17:53:35.472  3168  3295 I art     : Explicit concurrent mark sweep GC freed 3(96B) AllocSpace objects, 0(0B) LOS objects, 23% free, 52MB/68MB, paused 589us total 23.765ms
08-05 17:53:35.483  3168  3295 I art     : Starting a blocking GC Explicit
08-05 17:53:35.506  3168  3295 I art     : Explicit concurrent mark sweep GC freed 3(96B) AllocSpace objects, 0(0B) LOS objects, 23% free, 52MB/68MB, paused 590us total 23.589ms
08-05 17:53:35.797  5150  5150 D AndroidRuntime: >>>>>> START com.android.internal.os.RuntimeInit uid 2000 <<<<<<
08-05 17:53:35.800  3168  4054 I art     : Starting a blocking GC Explicit
08-05 17:53:35.804  5150  5150 D AndroidRuntime: CheckJNI is OFF
08-05 17:53:35.830  3168  4054 I art     : Explicit concurrent mark sweep GC freed 1338(78KB) AllocSpace objects, 1(20KB) LOS objects, 23% free, 52MB/68MB, paused 665us total 29.197ms
08-05 17:53:35.840  3168  4054 I art     : Starting a blocking GC Explicit
08-05 17:53:35.855  5150  5150 D ICU     : No timezone override file found: /data/misc/zoneinfo/current/icu/icu_tzdata.dat
08-05 17:53:35.866  3168  4054 I art     : Explicit concurrent mark sweep GC freed 20(704B) AllocSpace objects, 0(0B) LOS objects, 23% free, 52MB/68MB, paused 639us total 24.739ms
08-05 17:53:35.877  3168  4054 I art     : Starting a blocking GC Explicit
08-05 17:53:35.901  3168  4054 I art     : Explicit concurrent mark sweep GC freed 3(96B) AllocSpace objects, 0(0B) LOS objects, 23% free, 52MB/68MB, paused 630us total 24.170ms
08-05 17:53:35.902  5150  5150 I Radio-JNI: register_android_hardware_Radio DONE
08-05 17:53:35.912  3168  4054 I art     : Starting a blocking GC Explicit
08-05 17:53:35.933  5150  5150 D AndroidRuntime: Calling main entry com.android.commands.input.Input
08-05 17:53:35.935  5150  5150 I Input   : injectMotionEvent: MotionEvent { action=ACTION_DOWN, actionButton=0, id[0]=0, x[0]=1053.0, y[0]=1173.0, toolType[0]=TOOL_TYPE_UNKNOWN, buttonState=0, metaState=0, flags=0x0, edgeFlags=0x0, pointerCount=1, historySize=0, eventTime=813232347, downTime=813232347, deviceId=0, source=0x1002 }
08-05 17:53:35.937  3168  4054 I art     : Explicit concurrent mark sweep GC freed 3(96B) AllocSpace objects, 0(0B) LOS objects, 23% free, 52MB/68MB, paused 693us total 24.738ms
08-05 17:53:35.941  5150  5150 I Input   : injectMotionEvent: MotionEvent { action=ACTION_UP, actionButton=0, id[0]=0, x[0]=1053.0, y[0]=1173.0, toolType[0]=TOOL_TYPE_UNKNOWN, buttonState=0, metaState=0, flags=0x0, edgeFlags=0x0, pointerCount=1, historySize=0, eventTime=813232347, downTime=813232347, deviceId=0, source=0x1002 }
08-05 17:53:35.944   918  3670 I ActivityManager: START u0 {cmp=baseline.appteam.nith.hillffair/.activities.QuizActivity} from uid 10675 on display 0
08-05 17:53:35.947  3168  4054 I art     : Starting a blocking GC Explicit
08-05 17:53:35.953  5150  5150 D AndroidRuntime: Shutting down VM
08-05 17:53:35.978  3168  4054 I art     : Explicit concurrent mark sweep GC freed 151(22KB) AllocSpace objects, 0(0B) LOS objects, 23% free, 52MB/68MB, paused 885us total 30.024ms
08-05 17:53:36.116 13866 13866 I GoogleInputMethodServic: GoogleInputMethodService.onFinishInput():3138 
08-05 17:53:36.116   918   936 I ActivityManager: Displayed baseline.appteam.nith.hillffair/.activities.QuizActivity: +162ms
08-05 17:53:36.117 13866 13866 I GoogleInputMethodServic: GoogleInputMethodService.onStartInput():1808 
08-05 17:53:36.263  3168  4054 I art     : Starting a blocking GC Explicit
08-05 17:53:36.297  3168  4054 I art     : Explicit concurrent mark sweep GC freed 2052(122KB) AllocSpace objects, 1(20KB) LOS objects, 23% free, 52MB/68MB, paused 601us total 33.849ms
08-05 17:53:36.311  3168  4054 I art     : Starting a blocking GC Explicit
08-05 17:53:36.344  3168  4054 I art     : Explicit concurrent mark sweep GC freed 165(7KB) AllocSpace objects, 0(0B) LOS objects, 23% free, 52MB/68MB, paused 562us total 33.181ms
08-05 17:53:36.357  3168  4054 I art     : Starting a blocking GC Explicit
08-05 17:53:36.357   380   380 W SurfaceFlinger: couldn't log to binary event log: overflow.
08-05 17:53:36.382  3168  4054 I art     : Explicit concurrent mark sweep GC freed 3(96B) AllocSpace objects, 0(0B) LOS objects, 23% free, 52MB/68MB, paused 573us total 24.813ms
08-05 17:53:36.393  3168  4054 I art     : Starting a blocking GC Explicit
08-05 17:53:36.415  3168  4054 I art     : Explicit concurrent mark sweep GC freed 3(96B) AllocSpace objects, 0(0B) LOS objects, 23% free, 52MB/68MB, paused 523us total 21.726ms
08-05 17:53:36.425  3168  4054 I art     : Starting a blocking GC Explicit
08-05 17:53:36.449  3168  4054 I art     : Explicit concurrent mark sweep GC freed 3(96B) AllocSpace objects, 0(0B) LOS objects, 23% free, 52MB/68MB, paused 532us total 23.322ms
08-05 17:53:36.749  3168  3295 I art     : Starting a blocking GC Explicit
08-05 17:53:36.778  3168  3295 I art     : Explicit concurrent mark sweep GC freed 1410(82KB) AllocSpace objects, 1(20KB) LOS objects, 23% free, 52MB/68MB, paused 606us total 28.954ms
08-05 17:53:36.789  3168  3295 I art     : Starting a blocking GC Explicit
08-05 17:53:36.815  3168  3295 I art     : Explicit concurrent mark sweep GC freed 20(704B) AllocSpace objects, 0(0B) LOS objects, 23% free, 52MB/68MB, paused 584us total 25.477ms
08-05 17:53:36.826  3168  3295 I art     : Starting a blocking GC Explicit
08-05 17:53:36.852  3168  3295 I art     : Explicit concurrent mark sweep GC freed 3(96B) AllocSpace objects, 0(0B) LOS objects, 23% free, 52MB/68MB, paused 577us total 25.786ms
08-05 17:53:36.863  3168  3295 I art     : Starting a blocking GC Explicit
08-05 17:53:36.889  3168  3295 I art     : Explicit concurrent mark sweep GC freed 3(96B) AllocSpace objects, 0(0B) LOS objects, 23% free, 52MB/68MB, paused 581us total 25.922ms
08-05 17:53:36.900  3168  3295 I art     : Starting a blocking GC Explicit
08-05 17:53:36.926  3168  3295 I art     : Explicit concurrent mark sweep GC freed 3(96B) AllocSpace objects, 0(0B) LOS objects, 23% free, 52MB/68MB, paused 579us total 25.517ms
08-05 17:53:37.242  3168  3180 I art     : Starting a blocking GC Explicit
08-05 17:53:37.275  3168  3180 I art     : Explicit concurrent mark sweep GC freed 1340(78KB) AllocSpace objects, 1(20KB) LOS objects, 23% free, 52MB/68MB, paused 620us total 33.076ms
08-05 17:53:37.287  3168  3180 I art     : Starting a blocking GC Explicit
08-05 17:53:37.313  3168  3180 I art     : Explicit concurrent mark sweep GC freed 20(704B) AllocSpace objects, 0(0B) LOS objects, 23% free, 52MB/68MB, paused 560us total 25.717ms
08-05 17:53:37.323  3168  3180 I art     : Starting a blocking GC Explicit
08-05 17:53:37.349  3168  3180 I art     : Explicit concurrent mark sweep GC freed 3(96B) AllocSpace objects, 0(0B) LOS objects, 23% free, 52MB/68MB, paused 548us total 25.658ms
08-05 17:53:37.360  3168  3180 I art     : Starting a blocking GC Explicit
08-05 17:53:37.386  3168  3180 I art     : Explicit concurrent mark sweep GC freed 3(96B) AllocSpace objects, 0(0B) LOS objects, 23% free, 52MB/68MB, paused 581us total 25.312ms
08-05 17:53:37.397  3168  3180 I art     : Starting a blocking GC Explicit
08-05 17:53:37.423  3168  3180 I art     : Explicit concurrent mark sweep GC freed 3(96B) AllocSpace objects, 0(0B) LOS objects, 23% free, 52MB/68MB, paused 565us total 25.609ms
08-05 17:53:37.467  3129  3129 I ServiceManager: Waiting for service AtCmdFwd...
08-05 17:53:37.744  3168  3183 I art     : Starting a blocking GC Explicit
08-05 17:53:37.772  3168  3183 I art     : Explicit concurrent mark sweep GC freed 1359(78KB) AllocSpace objects, 1(20KB) LOS objects, 23% free, 52MB/68MB, paused 593us total 26.972ms
08-05 17:53:37.782  3168  3183 I art     : Starting a blocking GC Explicit
08-05 17:53:37.808  3168  3183 I art     : Explicit concurrent mark sweep GC freed 25(864B) AllocSpace objects, 0(0B) LOS objects, 23% free, 52MB/68MB, paused 566us total 25.324ms
08-05 17:53:37.819  3168  3183 I art     : Starting a blocking GC Explicit
08-05 17:53:37.845  3168  3183 I art     : Explicit concurrent mark sweep GC freed 7(224B) AllocSpace objects, 0(0B) LOS objects, 23% free, 52MB/68MB, paused 712us total 25.318ms
08-05 17:53:37.856  3168  3183 I art     : Starting a blocking GC Explicit
08-05 17:53:37.881  3168  3183 I art     : Explicit concurrent mark sweep GC freed 5(160B) AllocSpace objects, 0(0B) LOS objects, 23% free, 52MB/68MB, paused 564us total 25.101ms
08-05 17:53:37.893  3168  3183 I art     : Starting a blocking GC Explicit
08-05 17:53:37.918  3168  3183 I art     : Explicit concurrent mark sweep GC freed 3(96B) AllocSpace objects, 0(0B) LOS objects, 23% free, 52MB/68MB, paused 582us total 25.282ms
08-05 17:53:38.248  3168  3295 I art     : Starting a blocking GC Explicit
08-05 17:53:38.278  3168  3295 I art     : Explicit concurrent mark sweep GC freed 1340(78KB) AllocSpace objects, 1(20KB) LOS objects, 23% free, 52MB/68MB, paused 790us total 29.497ms
08-05 17:53:38.292  3168  3295 I art     : Starting a blocking GC Explicit
08-05 17:53:38.319  3168  3295 I art     : Explicit concurrent mark sweep GC freed 20(704B) AllocSpace objects, 0(0B) LOS objects, 23% free, 52MB/68MB, paused 584us total 26.275ms
08-05 17:53:38.330  3168  3295 I art     : Starting a blocking GC Explicit
08-05 17:53:38.355  3168  3295 I art     : Explicit concurrent mark sweep GC freed 3(96B) AllocSpace objects, 0(0B) LOS objects, 23% free, 52MB/68MB, paused 603us total 25.339ms
08-05 17:53:38.366  3168  3295 I art     : Starting a blocking GC Explicit
08-05 17:53:38.393  3168  3295 I art     : Explicit concurrent mark sweep GC freed 3(96B) AllocSpace objects, 0(0B) LOS objects, 23% free, 52MB/68MB, paused 609us total 26.727ms
08-05 17:53:38.404  3168  3295 I art     : Starting a blocking GC Explicit
08-05 17:53:38.430  3168  3295 I art     : Explicit concurrent mark sweep GC freed 3(96B) AllocSpace objects, 0(0B) LOS objects, 23% free, 52MB/68MB, paused 617us total 25.785ms
08-05 17:53:38.468  3129  3129 I ServiceManager: Waiting for service AtCmdFwd...
08-05 17:53:38.721  5249  5249 D AndroidRuntime: >>>>>> START com.android.internal.os.RuntimeInit uid 2000 <<<<<<
08-05 17:53:38.727  5249  5249 D AndroidRuntime: CheckJNI is OFF
08-05 17:53:38.764  3168  3180 I art     : Starting a blocking GC Explicit
08-05 17:53:38.771  5249  5249 D ICU     : No timezone override file found: /data/misc/zoneinfo/current/icu/icu_tzdata.dat
08-05 17:53:38.789  3168  3180 I art     : Explicit concurrent mark sweep GC freed 1340(78KB) AllocSpace objects, 1(20KB) LOS objects, 23% free, 52MB/68MB, paused 601us total 25.525ms
08-05 17:53:38.800  3168  3180 I art     : Starting a blocking GC Explicit
08-05 17:53:38.815  5249  5249 I Radio-JNI: register_android_hardware_Radio DONE
08-05 17:53:38.825  3168  3180 I art     : Explicit concurrent mark sweep GC freed 20(704B) AllocSpace objects, 0(0B) LOS objects, 23% free, 52MB/68MB, paused 586us total 24.377ms
08-05 17:53:38.836  3168  3180 I art     : Starting a blocking GC Explicit
08-05 17:53:38.844  5249  5249 D AndroidRuntime: Calling main entry com.android.commands.input.Input
08-05 17:53:38.847  5249  5249 I Input   : injectMotionEvent: MotionEvent { action=ACTION_DOWN, actionButton=0, id[0]=0, x[0]=756.0, y[0]=1530.0, toolType[0]=TOOL_TYPE_UNKNOWN, buttonState=0, metaState=0, flags=0x0, edgeFlags=0x0, pointerCount=1, historySize=0, eventTime=813235259, downTime=813235259, deviceId=0, source=0x1002 }
08-05 17:53:38.853  5249  5249 I Input   : injectMotionEvent: MotionEvent { action=ACTION_UP, actionButton=0, id[0]=0, x[0]=756.0, y[0]=1530.0, toolType[0]=TOOL_TYPE_UNKNOWN, buttonState=0, metaState=0, flags=0x0, edgeFlags=0x0, pointerCount=1, historySize=0, eventTime=813235259, downTime=813235259, deviceId=0, source=0x1002 }
08-05 17:53:38.856  5249  5249 D AndroidRuntime: Shutting down VM
08-05 17:53:38.860  3168  3180 I art     : Explicit concurrent mark sweep GC freed 32(1152B) AllocSpace objects, 0(0B) LOS objects, 23% free, 52MB/68MB, paused 711us total 24.631ms
08-05 17:53:38.867   918  4400 I ActivityManager: START u0 {cmp=baseline.appteam.nith.hillffair/.activities.LeaderBoardActivity} from uid 10675 on display 0
08-05 17:53:38.869   512  2967 D audio_hw_primary: out_set_parameters: enter: usecase(1: low-latency-playback) kvpairs: routing=2
08-05 17:53:38.872  3168  3180 I art     : Starting a blocking GC Explicit
08-05 17:53:38.882   512  2967 D audio_hw_primary: select_devices: out_snd_device(2: speaker) in_snd_device(0: none)
08-05 17:53:38.882   512  2967 D msm8974_platform: platform_send_audio_calibration: sending audio calibration for snd_device(2) acdb_id(15)
08-05 17:53:38.882   512  2967 I soundtrigger: audio_extn_sound_trigger_update_device_status: device 0x2 of type 0 for Event 1
08-05 17:53:38.895   512  2967 D audio_hw_primary: enable_snd_device: snd_device(2: speaker)
08-05 17:53:38.897   512  2967 D audio_hw_primary: enable_audio_route: apply and update mixer path: low-latency-playback speaker
08-05 17:53:38.898  3168  3180 I art     : Explicit concurrent mark sweep GC freed 370(30KB) AllocSpace objects, 0(0B) LOS objects, 23% free, 52MB/68MB, paused 1.037ms total 25.358ms
08-05 17:53:38.908  3168  3180 I art     : Starting a blocking GC Explicit
08-05 17:53:38.933  3168  3180 I art     : Explicit concurrent mark sweep GC freed 4526(262KB) AllocSpace objects, 0(0B) LOS objects, 23% free, 52MB/68MB, paused 796us total 24.745ms
08-05 17:53:39.001  3168  3168 E RecyclerView: No adapter attached; skipping layout
08-05 17:53:39.004  3168  3168 E RecyclerView: No adapter attached; skipping layout
08-05 17:53:39.040 13866 13866 I GoogleInputMethodServic: GoogleInputMethodService.onFinishInput():3138 
08-05 17:53:39.040   918   936 I ActivityManager: Displayed baseline.appteam.nith.hillffair/.activities.LeaderBoardActivity: +163ms
08-05 17:53:39.041  3168  3168 E RecyclerView: No adapter attached; skipping layout
08-05 17:53:39.043 13866 13866 I GoogleInputMethodServic: GoogleInputMethodService.onStartInput():1808 
08-05 17:53:39.072  3168  3197 D OpenGLRenderer: endAllStagingAnimators on 0x7f99f28800 (RippleDrawable) with handle 0x7f7dc749e0
08-05 17:53:39.215  3168  3295 I art     : Starting a blocking GC Explicit
08-05 17:53:39.243  3168  3295 I art     : Explicit concurrent mark sweep GC freed 1797(98KB) AllocSpace objects, 1(20KB) LOS objects, 23% free, 52MB/68MB, paused 643us total 28.617ms
08-05 17:53:39.255  3168  3295 I art     : Starting a blocking GC Explicit
08-05 17:53:39.276   380   380 W SurfaceFlinger: couldn't log to binary event log: overflow.
08-05 17:53:39.284  3168  3295 I art     : Explicit concurrent mark sweep GC freed 48(1648B) AllocSpace objects, 0(0B) LOS objects, 23% free, 52MB/68MB, paused 642us total 28.214ms
08-05 17:53:39.296  3168  3295 I art     : Starting a blocking GC Explicit
08-05 17:53:39.320  3168  3295 I art     : Explicit concurrent mark sweep GC freed 3(96B) AllocSpace objects, 0(0B) LOS objects, 23% free, 52MB/68MB, paused 664us total 23.757ms
08-05 17:53:39.330  3168  3295 I art     : Starting a blocking GC Explicit
08-05 17:53:39.353  3168  3295 I art     : Explicit concurrent mark sweep GC freed 3(96B) AllocSpace objects, 0(0B) LOS objects, 23% free, 52MB/68MB, paused 588us total 22.991ms
08-05 17:53:39.365  3168  3295 I art     : Starting a blocking GC Explicit
08-05 17:53:39.390  3168  3295 I art     : Explicit concurrent mark sweep GC freed 3(96B) AllocSpace objects, 0(0B) LOS objects, 23% free, 52MB/68MB, paused 662us total 25.010ms
08-05 17:53:39.438   512  2967 D audio_hw_primary: disable_audio_route: reset and update mixer path: low-latency-playback speaker
08-05 17:53:39.439   512  2967 D audio_hw_primary: disable_snd_device: snd_device(2: speaker)
08-05 17:53:39.447   512  2967 I soundtrigger: audio_extn_sound_trigger_update_device_status: device 0x2 of type 0 for Event 0
08-05 17:53:39.468  3129  3129 I ServiceManager: Waiting for service AtCmdFwd...
08-05 17:53:39.685  3168  3295 I art     : Starting a blocking GC Explicit
08-05 17:53:39.692  3168  5272 D OkHttp  : --> GET https://api-hillfair-2k16.herokuapp.com/api/app/quiz/leaderboard?from=1 http/1.1
08-05 17:53:39.714  3168  3295 I art     : Explicit concurrent mark sweep GC freed 4088(219KB) AllocSpace objects, 4(220KB) LOS objects, 23% free, 52MB/68MB, paused 798us total 28.979ms
08-05 17:53:39.726  3168  3295 I art     : Starting a blocking GC Explicit
08-05 17:53:39.735  3168  5272 D OkHttp  : <-- 200 OK https://api-hillfair-2k16.herokuapp.com/api/app/quiz/leaderboard?from=1 (43ms, 56744-byte body)
08-05 17:53:39.752  3168  3295 I art     : Explicit concurrent mark sweep GC freed 1184(153KB) AllocSpace objects, 0(0B) LOS objects, 23% free, 52MB/68MB, paused 815us total 26.027ms
08-05 17:53:39.763  3168  3295 I art     : Starting a blocking GC Explicit
08-05 17:53:39.789  3168  3295 I art     : Explicit concurrent mark sweep GC freed 9985(453KB) AllocSpace objects, 0(0B) LOS objects, 23% free, 52MB/68MB, paused 778us total 25.747ms
08-05 17:53:39.799  3168  3295 I art     : Starting a blocking GC Explicit
08-05 17:53:39.826  3168  3295 I art     : Explicit concurrent mark sweep GC freed 14498(657KB) AllocSpace objects, 0(0B) LOS objects, 23% free, 52MB/68MB, paused 788us total 26.336ms
08-05 17:53:39.828  3168  3168 I NAPPA_EXPERIMENTATION: MetricNetworkRequestExecutionTime: REQUEST_DURATION_SYSTEM='916',REQUEST_DURATION_OKHTTP='43',REQUEST_SYNCHRONOUS='FALSE',RESPONSE_CODE='200',RESPONSE_METHOD='GET',RESPONSE_LENGTH_OKHTTP='56744',RESPONSE_LENGTH_HEADER='56744',REQUEST_PROTOCOL='http/1.1',REQUEST_URL='https://api-hillfair-2k16.herokuapp.com/api/app/quiz/leaderboard?from=1',
08-05 17:53:39.836  3168  3295 I art     : Starting a blocking GC Explicit
08-05 17:53:39.863  3168  3295 I art     : Explicit concurrent mark sweep GC freed 783(58KB) AllocSpace objects, 0(0B) LOS objects, 23% free, 52MB/68MB, paused 922us total 26.562ms
08-05 17:53:40.155  3168  4054 I art     : Starting a blocking GC Explicit
08-05 17:53:40.193  3168  4054 I art     : Explicit concurrent mark sweep GC freed 2323(116KB) AllocSpace objects, 1(20KB) LOS objects, 23% free, 52MB/68MB, paused 620us total 36.604ms
08-05 17:53:40.207  3168  4054 I art     : Starting a blocking GC Explicit
08-05 17:53:40.235  3168  4054 I art     : Explicit concurrent mark sweep GC freed 36(1472B) AllocSpace objects, 0(0B) LOS objects, 23% free, 52MB/68MB, paused 614us total 28.191ms
08-05 17:53:40.247  3168  4054 I art     : Starting a blocking GC Explicit
08-05 17:53:40.276  3168  4054 I art     : Explicit concurrent mark sweep GC freed 3(96B) AllocSpace objects, 0(0B) LOS objects, 23% free, 52MB/68MB, paused 581us total 28.555ms
08-05 17:53:40.287  3168  4054 I art     : Starting a blocking GC Explicit
08-05 17:53:40.315  3168  4054 I art     : Explicit concurrent mark sweep GC freed 3(96B) AllocSpace objects, 0(0B) LOS objects, 23% free, 52MB/68MB, paused 606us total 27.303ms
08-05 17:53:40.326  3168  4054 I art     : Starting a blocking GC Explicit
08-05 17:53:40.355  3168  4054 I art     : Explicit concurrent mark sweep GC freed 3(96B) AllocSpace objects, 0(0B) LOS objects, 23% free, 52MB/68MB, paused 606us total 28.126ms
08-05 17:53:40.469  3129  3129 I ServiceManager: Waiting for service AtCmdFwd...
08-05 17:53:40.668  3168  3295 I art     : Starting a blocking GC Explicit
08-05 17:53:40.708  3168  3295 I art     : Explicit concurrent mark sweep GC freed 1344(78KB) AllocSpace objects, 1(20KB) LOS objects, 23% free, 52MB/68MB, paused 835us total 39.522ms
08-05 17:53:40.723  3168  3295 I art     : Starting a blocking GC Explicit
08-05 17:53:40.753  3168  3295 I art     : Explicit concurrent mark sweep GC freed 20(704B) AllocSpace objects, 0(0B) LOS objects, 23% free, 52MB/68MB, paused 632us total 30.370ms
08-05 17:53:40.765  3168  3295 I art     : Starting a blocking GC Explicit
08-05 17:53:40.795  3168  3295 I art     : Explicit concurrent mark sweep GC freed 3(96B) AllocSpace objects, 0(0B) LOS objects, 23% free, 52MB/68MB, paused 604us total 29.433ms
08-05 17:53:40.806  3168  3295 I art     : Starting a blocking GC Explicit
08-05 17:53:40.837  3168  3295 I art     : Explicit concurrent mark sweep GC freed 3(96B) AllocSpace objects, 0(0B) LOS objects, 23% free, 52MB/68MB, paused 625us total 29.757ms
08-05 17:53:40.848  3168  3295 I art     : Starting a blocking GC Explicit
08-05 17:53:40.879  3168  3295 I art     : Explicit concurrent mark sweep GC freed 3(96B) AllocSpace objects, 0(0B) LOS objects, 23% free, 52MB/68MB, paused 607us total 30.803ms
08-05 17:53:41.202  3168  3183 I art     : Starting a blocking GC Explicit
08-05 17:53:41.240  3168  3183 I art     : Explicit concurrent mark sweep GC freed 1344(78KB) AllocSpace objects, 1(20KB) LOS objects, 23% free, 52MB/68MB, paused 721us total 37.323ms
08-05 17:53:41.256  3168  3183 I art     : Starting a blocking GC Explicit
08-05 17:53:41.286  3168  3183 I art     : Explicit concurrent mark sweep GC freed 20(704B) AllocSpace objects, 0(0B) LOS objects, 23% free, 52MB/68MB, paused 626us total 29.519ms
08-05 17:53:41.298  3168  3183 I art     : Starting a blocking GC Explicit
08-05 17:53:41.329  3168  3183 I art     : Explicit concurrent mark sweep GC freed 3(96B) AllocSpace objects, 0(0B) LOS objects, 23% free, 52MB/68MB, paused 598us total 30.656ms
08-05 17:53:41.341  3168  3183 I art     : Starting a blocking GC Explicit
08-05 17:53:41.372  3168  3183 I art     : Explicit concurrent mark sweep GC freed 3(96B) AllocSpace objects, 0(0B) LOS objects, 23% free, 52MB/68MB, paused 607us total 31.023ms
08-05 17:53:41.384  3168  3183 I art     : Starting a blocking GC Explicit
08-05 17:53:41.414  3168  3183 I art     : Explicit concurrent mark sweep GC freed 3(96B) AllocSpace objects, 0(0B) LOS objects, 23% free, 52MB/68MB, paused 628us total 30.010ms
08-05 17:53:41.469  3129  3129 I ServiceManager: Waiting for service AtCmdFwd...
08-05 17:53:41.753  3168  3180 I art     : Starting a blocking GC Explicit
08-05 17:53:41.790  3168  3180 I art     : Explicit concurrent mark sweep GC freed 1344(78KB) AllocSpace objects, 1(20KB) LOS objects, 23% free, 52MB/68MB, paused 665us total 36.472ms
08-05 17:53:41.803  3168  3180 I art     : Starting a blocking GC Explicit
08-05 17:53:41.834  3168  3180 I art     : Explicit concurrent mark sweep GC freed 20(704B) AllocSpace objects, 0(0B) LOS objects, 23% free, 52MB/68MB, paused 568us total 30.717ms
08-05 17:53:41.846  3168  3180 I art     : Starting a blocking GC Explicit
08-05 17:53:41.877  3168  3180 I art     : Explicit concurrent mark sweep GC freed 3(96B) AllocSpace objects, 0(0B) LOS objects, 23% free, 52MB/68MB, paused 685us total 30.551ms
08-05 17:53:41.888  3168  3180 I art     : Starting a blocking GC Explicit
08-05 17:53:41.919  3168  3180 I art     : Explicit concurrent mark sweep GC freed 3(96B) AllocSpace objects, 0(0B) LOS objects, 23% free, 52MB/68MB, paused 623us total 30.251ms
08-05 17:53:41.931  3168  3180 I art     : Starting a blocking GC Explicit
08-05 17:53:41.962  3168  3180 I art     : Explicit concurrent mark sweep GC freed 3(96B) AllocSpace objects, 0(0B) LOS objects, 23% free, 52MB/68MB, paused 612us total 30.762ms
08-05 17:53:42.299  3168  4054 I art     : Starting a blocking GC Explicit
08-05 17:53:42.339  3168  4054 I art     : Explicit concurrent mark sweep GC freed 1344(78KB) AllocSpace objects, 1(20KB) LOS objects, 23% free, 52MB/68MB, paused 622us total 39.370ms
08-05 17:53:42.354  3168  4054 I art     : Starting a blocking GC Explicit
08-05 17:53:42.383  3168  4054 I art     : Explicit concurrent mark sweep GC freed 20(704B) AllocSpace objects, 0(0B) LOS objects, 23% free, 52MB/68MB, paused 636us total 28.922ms
08-05 17:53:42.395  3168  4054 I art     : Starting a blocking GC Explicit
08-05 17:53:42.426  3168  4054 I art     : Explicit concurrent mark sweep GC freed 3(96B) AllocSpace objects, 0(0B) LOS objects, 23% free, 52MB/68MB, paused 618us total 30.845ms
08-05 17:53:42.438  3168  4054 I art     : Starting a blocking GC Explicit
08-05 17:53:42.469  3168  4054 I art     : Explicit concurrent mark sweep GC freed 3(96B) AllocSpace objects, 0(0B) LOS objects, 23% free, 52MB/68MB, paused 619us total 30.724ms
08-05 17:53:42.470  3129  3129 W Atfwd_Sendcmd: AtCmdFwd service not published, waiting... retryCnt : 1
08-05 17:53:42.481  3168  4054 I art     : Starting a blocking GC Explicit
08-05 17:53:42.511  3168  4054 I art     : Explicit concurrent mark sweep GC freed 3(96B) AllocSpace objects, 0(0B) LOS objects, 23% free, 52MB/68MB, paused 631us total 29.512ms
08-05 17:53:42.832  3168  3295 I art     : Starting a blocking GC Explicit
08-05 17:53:42.870  3168  3295 I art     : Explicit concurrent mark sweep GC freed 1344(78KB) AllocSpace objects, 1(20KB) LOS objects, 23% free, 52MB/68MB, paused 725us total 36.905ms
08-05 17:53:42.885  3168  3295 I art     : Starting a blocking GC Explicit
08-05 17:53:42.916  3168  3295 I art     : Explicit concurrent mark sweep GC freed 20(704B) AllocSpace objects, 0(0B) LOS objects, 23% free, 52MB/68MB, paused 614us total 30.509ms
08-05 17:53:42.928  3168  3295 I art     : Starting a blocking GC Explicit
08-05 17:53:42.958  3168  3295 I art     : Explicit concurrent mark sweep GC freed 3(96B) AllocSpace objects, 0(0B) LOS objects, 23% free, 52MB/68MB, paused 662us total 30.101ms
08-05 17:53:42.970  3168  3295 I art     : Starting a blocking GC Explicit
08-05 17:53:43.000  3168  3295 I art     : Explicit concurrent mark sweep GC freed 3(96B) AllocSpace objects, 0(0B) LOS objects, 23% free, 52MB/68MB, paused 628us total 29.788ms
08-05 17:53:43.012  3168  3295 I art     : Starting a blocking GC Explicit
08-05 17:53:43.042  3168  3295 I art     : Explicit concurrent mark sweep GC freed 3(96B) AllocSpace objects, 0(0B) LOS objects, 23% free, 52MB/68MB, paused 587us total 29.933ms
08-05 17:53:43.325  3168  3183 I art     : Starting a blocking GC Explicit
08-05 17:53:43.355  3168  3183 I art     : Explicit concurrent mark sweep GC freed 1357(78KB) AllocSpace objects, 1(20KB) LOS objects, 23% free, 52MB/68MB, paused 614us total 30.320ms
08-05 17:53:43.367  3168  3183 I art     : Starting a blocking GC Explicit
08-05 17:53:43.394  3168  3183 I art     : Explicit concurrent mark sweep GC freed 34(1136B) AllocSpace objects, 0(0B) LOS objects, 23% free, 52MB/68MB, paused 597us total 27.015ms
08-05 17:53:43.405  3168  3183 I art     : Starting a blocking GC Explicit
08-05 17:53:43.434  3168  3183 I art     : Explicit concurrent mark sweep GC freed 3(96B) AllocSpace objects, 0(0B) LOS objects, 23% free, 52MB/68MB, paused 630us total 28.652ms
08-05 17:53:43.445  3168  3183 I art     : Starting a blocking GC Explicit
08-05 17:53:43.474  3168  3183 I art     : Explicit concurrent mark sweep GC freed 3(96B) AllocSpace objects, 0(0B) LOS objects, 23% free, 52MB/68MB, paused 589us total 28.159ms
08-05 17:53:43.485  3168  3183 I art     : Starting a blocking GC Explicit
08-05 17:53:43.515  3168  3183 I art     : Explicit concurrent mark sweep GC freed 3(96B) AllocSpace objects, 0(0B) LOS objects, 23% free, 52MB/68MB, paused 621us total 30.086ms
08-05 17:53:43.672  5356  5356 D AndroidRuntime: >>>>>> START com.android.internal.os.RuntimeInit uid 2000 <<<<<<
08-05 17:53:43.680  5356  5356 D AndroidRuntime: CheckJNI is OFF
08-05 17:53:43.721  5356  5356 D ICU     : No timezone override file found: /data/misc/zoneinfo/current/icu/icu_tzdata.dat
08-05 17:53:43.763  5356  5356 I Radio-JNI: register_android_hardware_Radio DONE
08-05 17:53:43.792  5356  5356 D AndroidRuntime: Calling main entry com.android.commands.input.Input
08-05 17:53:43.794  5356  5356 I Input   : injectKeyEvent: KeyEvent { action=ACTION_DOWN, keyCode=KEYCODE_BACK, scanCode=0, metaState=0, flags=0x0, repeatCount=0, eventTime=813240207, downTime=813240207, deviceId=-1, source=0x101 }
08-05 17:53:43.799  5356  5356 I Input   : injectKeyEvent: KeyEvent { action=ACTION_UP, keyCode=KEYCODE_BACK, scanCode=0, metaState=0, flags=0x0, repeatCount=0, eventTime=813240207, downTime=813240207, deviceId=-1, source=0x101 }
08-05 17:53:43.805  5356  5356 D AndroidRuntime: Shutting down VM
08-05 17:53:43.824  3168  3180 I art     : Starting a blocking GC Explicit
08-05 17:53:43.842 13866 13866 I GoogleInputMethodServic: GoogleInputMethodService.onFinishInput():3138 
08-05 17:53:43.842 13866 13866 I GoogleInputMethodServic: GoogleInputMethodService.onStartInput():1808 
08-05 17:53:43.852  3168  3180 I art     : Explicit concurrent mark sweep GC freed 1461(83KB) AllocSpace objects, 1(20KB) LOS objects, 23% free, 52MB/68MB, paused 599us total 27.666ms
08-05 17:53:43.864  3168  3180 I art     : Starting a blocking GC Explicit
08-05 17:53:43.890  3168  3180 I art     : Explicit concurrent mark sweep GC freed 42(1552B) AllocSpace objects, 0(0B) LOS objects, 23% free, 52MB/68MB, paused 535us total 25.364ms
08-05 17:53:43.900  3168  3180 I art     : Starting a blocking GC Explicit
08-05 17:53:43.926  3168  3180 I art     : Explicit concurrent mark sweep GC freed 7(256B) AllocSpace objects, 0(0B) LOS objects, 23% free, 52MB/68MB, paused 584us total 25.059ms
08-05 17:53:43.937  3168  3180 I art     : Starting a blocking GC Explicit
08-05 17:53:43.965  3168  3180 I art     : Explicit concurrent mark sweep GC freed 3(96B) AllocSpace objects, 0(0B) LOS objects, 23% free, 52MB/68MB, paused 530us total 27.257ms
08-05 17:53:43.979  3168  3180 I art     : Starting a blocking GC Explicit
08-05 17:53:44.011  3168  3180 I art     : Explicit concurrent mark sweep GC freed 3(96B) AllocSpace objects, 0(0B) LOS objects, 23% free, 52MB/68MB, paused 624us total 31.509ms
08-05 17:53:44.131   380   380 W SurfaceFlinger: couldn't log to binary event log: overflow.
08-05 17:53:44.303  3168  3183 I art     : Starting a blocking GC Explicit
08-05 17:53:44.329  3168  3183 I art     : Explicit concurrent mark sweep GC freed 1463(87KB) AllocSpace objects, 1(20KB) LOS objects, 23% free, 52MB/68MB, paused 668us total 26.385ms
08-05 17:53:44.340  3168  3183 I art     : Starting a blocking GC Explicit
08-05 17:53:44.364  3168  3183 I art     : Explicit concurrent mark sweep GC freed 4698(269KB) AllocSpace objects, 2(140KB) LOS objects, 23% free, 52MB/68MB, paused 580us total 24.097ms
08-05 17:53:44.375  3168  3183 I art     : Starting a blocking GC Explicit
08-05 17:53:44.399  3168  3183 I art     : Explicit concurrent mark sweep GC freed 3(96B) AllocSpace objects, 0(0B) LOS objects, 23% free, 52MB/68MB, paused 579us total 23.303ms
08-05 17:53:44.409  3168  3183 I art     : Starting a blocking GC Explicit
08-05 17:53:44.433  3168  3183 I art     : Explicit concurrent mark sweep GC freed 3(96B) AllocSpace objects, 0(0B) LOS objects, 23% free, 52MB/68MB, paused 575us total 23.721ms
08-05 17:53:44.443  3168  3183 I art     : Starting a blocking GC Explicit
08-05 17:53:44.468  3168  3183 I art     : Explicit concurrent mark sweep GC freed 3(96B) AllocSpace objects, 0(0B) LOS objects, 23% free, 52MB/68MB, paused 725us total 23.929ms
08-05 17:53:44.758  3168  4054 I art     : Starting a blocking GC Explicit
08-05 17:53:44.787  3168  4054 I art     : Explicit concurrent mark sweep GC freed 1344(78KB) AllocSpace objects, 1(20KB) LOS objects, 23% free, 52MB/68MB, paused 643us total 28.632ms
08-05 17:53:44.799  3168  4054 I art     : Starting a blocking GC Explicit
08-05 17:53:44.825  3168  4054 I art     : Explicit concurrent mark sweep GC freed 20(704B) AllocSpace objects, 0(0B) LOS objects, 23% free, 52MB/68MB, paused 625us total 25.582ms
08-05 17:53:44.836  3168  4054 I art     : Starting a blocking GC Explicit
08-05 17:53:44.863  3168  4054 I art     : Explicit concurrent mark sweep GC freed 3(96B) AllocSpace objects, 0(0B) LOS objects, 23% free, 52MB/68MB, paused 683us total 26.151ms
08-05 17:53:44.874  3168  4054 I art     : Starting a blocking GC Explicit
08-05 17:53:44.899  3168  4054 I art     : Explicit concurrent mark sweep GC freed 3(96B) AllocSpace objects, 0(0B) LOS objects, 23% free, 52MB/68MB, paused 601us total 25.327ms
08-05 17:53:44.910  3168  4054 I art     : Starting a blocking GC Explicit
08-05 17:53:44.936  3168  4054 I art     : Explicit concurrent mark sweep GC freed 3(96B) AllocSpace objects, 0(0B) LOS objects, 23% free, 52MB/68MB, paused 606us total 25.458ms
08-05 17:53:45.214  3168  3295 I art     : Starting a blocking GC Explicit
08-05 17:53:45.241  3168  3295 I art     : Explicit concurrent mark sweep GC freed 1343(78KB) AllocSpace objects, 1(20KB) LOS objects, 23% free, 52MB/68MB, paused 611us total 26.195ms
08-05 17:53:45.252  3168  3295 I art     : Starting a blocking GC Explicit
08-05 17:53:45.278  3168  3295 I art     : Explicit concurrent mark sweep GC freed 20(704B) AllocSpace objects, 0(0B) LOS objects, 23% free, 52MB/68MB, paused 618us total 25.875ms
08-05 17:53:45.289  3168  3295 I art     : Starting a blocking GC Explicit
08-05 17:53:45.314  3168  3295 I art     : Explicit concurrent mark sweep GC freed 3(96B) AllocSpace objects, 0(0B) LOS objects, 23% free, 52MB/68MB, paused 605us total 25.027ms
08-05 17:53:45.325  3168  3295 I art     : Starting a blocking GC Explicit
08-05 17:53:45.350  3168  3295 I art     : Explicit concurrent mark sweep GC freed 3(96B) AllocSpace objects, 0(0B) LOS objects, 23% free, 52MB/68MB, paused 621us total 25.293ms
08-05 17:53:45.361  3168  3295 I art     : Starting a blocking GC Explicit
08-05 17:53:45.387  3168  3295 I art     : Explicit concurrent mark sweep GC freed 3(96B) AllocSpace objects, 0(0B) LOS objects, 23% free, 52MB/68MB, paused 635us total 25.470ms
08-05 17:53:45.608  5409  5409 D AndroidRuntime: >>>>>> START com.android.internal.os.RuntimeInit uid 2000 <<<<<<
08-05 17:53:45.614  5409  5409 D AndroidRuntime: CheckJNI is OFF
08-05 17:53:45.654  5409  5409 D ICU     : No timezone override file found: /data/misc/zoneinfo/current/icu/icu_tzdata.dat
08-05 17:53:45.693  5409  5409 I Radio-JNI: register_android_hardware_Radio DONE
08-05 17:53:45.708  3168  3183 I art     : Starting a blocking GC Explicit
08-05 17:53:45.722  5409  5409 D AndroidRuntime: Calling main entry com.android.commands.input.Input
08-05 17:53:45.724  5409  5409 I Input   : injectMotionEvent: MotionEvent { action=ACTION_DOWN, actionButton=0, id[0]=0, x[0]=648.0, y[0]=1050.0, toolType[0]=TOOL_TYPE_UNKNOWN, buttonState=0, metaState=0, flags=0x0, edgeFlags=0x0, pointerCount=1, historySize=0, eventTime=813242137, downTime=813242137, deviceId=0, source=0x1002 }
08-05 17:53:45.728  5409  5409 I Input   : injectMotionEvent: MotionEvent { action=ACTION_UP, actionButton=0, id[0]=0, x[0]=648.0, y[0]=1050.0, toolType[0]=TOOL_TYPE_UNKNOWN, buttonState=0, metaState=0, flags=0x0, edgeFlags=0x0, pointerCount=1, historySize=0, eventTime=813242137, downTime=813242137, deviceId=0, source=0x1002 }
08-05 17:53:45.731  5409  5409 D AndroidRuntime: Shutting down VM
08-05 17:53:45.734  3168  3183 I art     : Explicit concurrent mark sweep GC freed 1402(80KB) AllocSpace objects, 1(20KB) LOS objects, 23% free, 52MB/68MB, paused 1.111ms total 25.715ms
08-05 17:53:45.735  3168  3179 I art     : WaitForGcToComplete blocked for 26.067ms for cause HeapTrim
08-05 17:53:45.741   918  3961 I ActivityManager: START u0 {cmp=baseline.appteam.nith.hillffair/.activities.InformationActivity} from uid 10675 on display 0
08-05 17:53:45.742   512  2967 D audio_hw_primary: out_set_parameters: enter: usecase(1: low-latency-playback) kvpairs: routing=2
08-05 17:53:45.748  3168  3183 I art     : Starting a blocking GC Explicit
08-05 17:53:45.755   512  2967 D audio_hw_primary: select_devices: out_snd_device(2: speaker) in_snd_device(0: none)
08-05 17:53:45.755   512  2967 D msm8974_platform: platform_send_audio_calibration: sending audio calibration for snd_device(2) acdb_id(15)
08-05 17:53:45.756   512  2967 I soundtrigger: audio_extn_sound_trigger_update_device_status: device 0x2 of type 0 for Event 1
08-05 17:53:45.768   512  2967 D audio_hw_primary: enable_snd_device: snd_device(2: speaker)
08-05 17:53:45.769   512  2967 D audio_hw_primary: enable_audio_route: apply and update mixer path: low-latency-playback speaker
08-05 17:53:45.774  3168  3183 I art     : Explicit concurrent mark sweep GC freed 347(29KB) AllocSpace objects, 0(0B) LOS objects, 23% free, 52MB/68MB, paused 846us total 25.849ms
08-05 17:53:45.784  3168  3183 I art     : Starting a blocking GC Explicit
08-05 17:53:45.809  3168  3183 I art     : Explicit concurrent mark sweep GC freed 619(49KB) AllocSpace objects, 0(0B) LOS objects, 23% free, 52MB/68MB, paused 700us total 24.440ms
08-05 17:53:45.819  3168  3183 I art     : Starting a blocking GC Explicit
08-05 17:53:45.844  3168  3183 I art     : Explicit concurrent mark sweep GC freed 128(5KB) AllocSpace objects, 0(0B) LOS objects, 23% free, 52MB/68MB, paused 898us total 24.762ms
08-05 17:53:45.855  3168  3183 I art     : Starting a blocking GC Explicit
08-05 17:53:45.879  3168  3183 I art     : Explicit concurrent mark sweep GC freed 40(1184B) AllocSpace objects, 0(0B) LOS objects, 23% free, 52MB/68MB, paused 649us total 23.510ms
08-05 17:53:45.890 13866 13866 I GoogleInputMethodServic: GoogleInputMethodService.onFinishInput():3138 
08-05 17:53:45.892 13866 13866 I GoogleInputMethodServic: GoogleInputMethodService.onStartInput():1808 
08-05 17:53:45.892   918   936 I ActivityManager: Displayed baseline.appteam.nith.hillffair/.activities.InformationActivity: +141ms
08-05 17:53:45.923  3168  3197 D OpenGLRenderer: endAllStagingAnimators on 0x7f99457000 (RippleDrawable) with handle 0x7f7f358080
08-05 17:53:46.144   380   380 W SurfaceFlinger: couldn't log to binary event log: overflow.
08-05 17:53:46.184  3168  4054 I art     : Starting a blocking GC Explicit
08-05 17:53:46.208  3168  4054 I art     : Explicit concurrent mark sweep GC freed 1399(80KB) AllocSpace objects, 1(20KB) LOS objects, 23% free, 52MB/68MB, paused 585us total 23.873ms
08-05 17:53:46.219  3168  4054 I art     : Starting a blocking GC Explicit
08-05 17:53:46.243  3168  4054 I art     : Explicit concurrent mark sweep GC freed 36(1232B) AllocSpace objects, 0(0B) LOS objects, 23% free, 52MB/68MB, paused 556us total 23.942ms
08-05 17:53:46.254  3168  4054 I art     : Starting a blocking GC Explicit
08-05 17:53:46.279  3168  4054 I art     : Explicit concurrent mark sweep GC freed 101(6KB) AllocSpace objects, 0(0B) LOS objects, 23% free, 52MB/68MB, paused 607us total 25.221ms
08-05 17:53:46.290  3168  4054 I art     : Starting a blocking GC Explicit
08-05 17:53:46.298   512  2967 D audio_hw_primary: disable_audio_route: reset and update mixer path: low-latency-playback speaker
08-05 17:53:46.299   512  2967 D audio_hw_primary: disable_snd_device: snd_device(2: speaker)
08-05 17:53:46.307   512  2967 I soundtrigger: audio_extn_sound_trigger_update_device_status: device 0x2 of type 0 for Event 0
08-05 17:53:46.315  3168  4054 I art     : Explicit concurrent mark sweep GC freed 19(608B) AllocSpace objects, 0(0B) LOS objects, 23% free, 52MB/68MB, paused 610us total 24.624ms
08-05 17:53:46.326  3168  4054 I art     : Starting a blocking GC Explicit
08-05 17:53:46.353  3168  4054 I art     : Explicit concurrent mark sweep GC freed 3(96B) AllocSpace objects, 0(0B) LOS objects, 23% free, 52MB/68MB, paused 657us total 26.616ms
08-05 17:53:46.664  3168  3180 I art     : Starting a blocking GC Explicit
08-05 17:53:46.696  3168  3180 I art     : Explicit concurrent mark sweep GC freed 1344(78KB) AllocSpace objects, 1(20KB) LOS objects, 23% free, 52MB/68MB, paused 633us total 32.132ms
08-05 17:53:46.709  3168  3180 I art     : Starting a blocking GC Explicit
08-05 17:53:46.736  3168  3180 I art     : Explicit concurrent mark sweep GC freed 20(704B) AllocSpace objects, 0(0B) LOS objects, 23% free, 52MB/68MB, paused 595us total 26.825ms
08-05 17:53:46.747  3168  3180 I art     : Starting a blocking GC Explicit
08-05 17:53:46.774  3168  3180 I art     : Explicit concurrent mark sweep GC freed 3(96B) AllocSpace objects, 0(0B) LOS objects, 23% free, 52MB/68MB, paused 554us total 26.187ms
08-05 17:53:46.785  3168  3180 I art     : Starting a blocking GC Explicit
08-05 17:53:46.812  3168  3180 I art     : Explicit concurrent mark sweep GC freed 3(96B) AllocSpace objects, 0(0B) LOS objects, 23% free, 52MB/68MB, paused 577us total 26.518ms
08-05 17:53:46.823  3168  3180 I art     : Starting a blocking GC Explicit
08-05 17:53:46.850  3168  3180 I art     : Explicit concurrent mark sweep GC freed 3(96B) AllocSpace objects, 0(0B) LOS objects, 23% free, 52MB/68MB, paused 578us total 27.245ms
08-05 17:53:47.164  3168  3295 I art     : Starting a blocking GC Explicit
08-05 17:53:47.199  3168  3295 I art     : Explicit concurrent mark sweep GC freed 1344(78KB) AllocSpace objects, 1(20KB) LOS objects, 23% free, 52MB/68MB, paused 699us total 35.475ms
08-05 17:53:47.215  3168  3295 I art     : Starting a blocking GC Explicit
08-05 17:53:47.241  3168  3295 I art     : Explicit concurrent mark sweep GC freed 20(704B) AllocSpace objects, 0(0B) LOS objects, 23% free, 52MB/68MB, paused 609us total 26.109ms
08-05 17:53:47.252  3168  3295 I art     : Starting a blocking GC Explicit
08-05 17:53:47.280  3168  3295 I art     : Explicit concurrent mark sweep GC freed 3(96B) AllocSpace objects, 0(0B) LOS objects, 23% free, 52MB/68MB, paused 570us total 27.181ms
08-05 17:53:47.291  3168  3295 I art     : Starting a blocking GC Explicit
08-05 17:53:47.318  3168  3295 I art     : Explicit concurrent mark sweep GC freed 3(96B) AllocSpace objects, 0(0B) LOS objects, 23% free, 52MB/68MB, paused 597us total 27.074ms
08-05 17:53:47.329  3168  3295 I art     : Starting a blocking GC Explicit
08-05 17:53:47.356  3168  3295 I art     : Explicit concurrent mark sweep GC freed 3(96B) AllocSpace objects, 0(0B) LOS objects, 23% free, 52MB/68MB, paused 670us total 26.857ms
08-05 17:53:47.470  3129  3129 I ServiceManager: Waiting for service AtCmdFwd...
08-05 17:53:47.674  3168  3183 I art     : Starting a blocking GC Explicit
08-05 17:53:47.702  3168  3183 I art     : Explicit concurrent mark sweep GC freed 1374(79KB) AllocSpace objects, 1(20KB) LOS objects, 23% free, 52MB/68MB, paused 572us total 27.073ms
08-05 17:53:47.713  3168  3183 I art     : Starting a blocking GC Explicit
08-05 17:53:47.742  3168  3183 I art     : Explicit concurrent mark sweep GC freed 20(704B) AllocSpace objects, 0(0B) LOS objects, 23% free, 52MB/68MB, paused 614us total 28.994ms
08-05 17:53:47.754  3168  3183 I art     : Starting a blocking GC Explicit
08-05 17:53:47.784  3168  3183 I art     : Explicit concurrent mark sweep GC freed 3(96B) AllocSpace objects, 0(0B) LOS objects, 23% free, 52MB/68MB, paused 594us total 29.478ms
08-05 17:53:47.795  3168  3183 I art     : Starting a blocking GC Explicit
08-05 17:53:47.823  3168  3183 I art     : Explicit concurrent mark sweep GC freed 3(96B) AllocSpace objects, 0(0B) LOS objects, 23% free, 52MB/68MB, paused 624us total 27.561ms
08-05 17:53:47.835  3168  3183 I art     : Starting a blocking GC Explicit
08-05 17:53:47.864  3168  3183 I art     : Explicit concurrent mark sweep GC freed 3(96B) AllocSpace objects, 0(0B) LOS objects, 23% free, 52MB/68MB, paused 628us total 29.191ms
08-05 17:53:48.199  3168  3180 I art     : Starting a blocking GC Explicit
08-05 17:53:48.232  3168  3180 I art     : Explicit concurrent mark sweep GC freed 1344(78KB) AllocSpace objects, 1(20KB) LOS objects, 23% free, 52MB/68MB, paused 623us total 32.067ms
08-05 17:53:48.245  3168  3180 I art     : Starting a blocking GC Explicit
08-05 17:53:48.274  3168  3180 I art     : Explicit concurrent mark sweep GC freed 20(704B) AllocSpace objects, 0(0B) LOS objects, 23% free, 52MB/68MB, paused 596us total 29.202ms
08-05 17:53:48.286  3168  3180 I art     : Starting a blocking GC Explicit
08-05 17:53:48.314  3168  3180 I art     : Explicit concurrent mark sweep GC freed 3(96B) AllocSpace objects, 0(0B) LOS objects, 23% free, 52MB/68MB, paused 618us total 28.121ms
08-05 17:53:48.326  3168  3180 I art     : Starting a blocking GC Explicit
08-05 17:53:48.356  3168  3180 I art     : Explicit concurrent mark sweep GC freed 3(96B) AllocSpace objects, 0(0B) LOS objects, 23% free, 52MB/68MB, paused 604us total 29.629ms
08-05 17:53:48.367  3168  3180 I art     : Starting a blocking GC Explicit
08-05 17:53:48.396  3168  3180 I art     : Explicit concurrent mark sweep GC freed 3(96B) AllocSpace objects, 0(0B) LOS objects, 23% free, 52MB/68MB, paused 611us total 29.101ms
08-05 17:53:48.471  3129  3129 I ServiceManager: Waiting for service AtCmdFwd...
08-05 17:53:48.744  3168  3295 I art     : Starting a blocking GC Explicit
08-05 17:53:48.779  3168  3295 I art     : Explicit concurrent mark sweep GC freed 1344(78KB) AllocSpace objects, 1(20KB) LOS objects, 23% free, 52MB/68MB, paused 664us total 35.162ms
08-05 17:53:48.794  3168  3295 I art     : Starting a blocking GC Explicit
08-05 17:53:48.823  3168  3295 I art     : Explicit concurrent mark sweep GC freed 20(704B) AllocSpace objects, 0(0B) LOS objects, 23% free, 52MB/68MB, paused 624us total 29.349ms
08-05 17:53:48.835  3168  3295 I art     : Starting a blocking GC Explicit
08-05 17:53:48.864  3168  3295 I art     : Explicit concurrent mark sweep GC freed 3(96B) AllocSpace objects, 0(0B) LOS objects, 23% free, 52MB/68MB, paused 703us total 29.159ms
08-05 17:53:48.876  3168  3295 I art     : Starting a blocking GC Explicit
08-05 17:53:48.905  3168  3295 I art     : Explicit concurrent mark sweep GC freed 3(96B) AllocSpace objects, 0(0B) LOS objects, 23% free, 52MB/68MB, paused 577us total 28.993ms
08-05 17:53:48.917  3168  3295 I art     : Starting a blocking GC Explicit
08-05 17:53:48.946  3168  3295 I art     : Explicit concurrent mark sweep GC freed 3(96B) AllocSpace objects, 0(0B) LOS objects, 23% free, 52MB/68MB, paused 606us total 28.861ms
08-05 17:53:49.274  3168  4054 I art     : Starting a blocking GC Explicit
08-05 17:53:49.311  3168  4054 I art     : Explicit concurrent mark sweep GC freed 1344(78KB) AllocSpace objects, 1(20KB) LOS objects, 23% free, 52MB/68MB, paused 690us total 36.288ms
08-05 17:53:49.319   918  3261 D WifiStateMachine: starting scan for "H369AA63323"WPA_PSK with 2412,5180
08-05 17:53:49.326  3168  4054 I art     : Starting a blocking GC Explicit
08-05 17:53:49.355  3168  4054 I art     : Explicit concurrent mark sweep GC freed 20(704B) AllocSpace objects, 0(0B) LOS objects, 23% free, 52MB/68MB, paused 617us total 28.958ms
08-05 17:53:49.366  3168  4054 I art     : Starting a blocking GC Explicit
08-05 17:53:49.395  3168  4054 I art     : Explicit concurrent mark sweep GC freed 3(96B) AllocSpace objects, 0(0B) LOS objects, 23% free, 52MB/68MB, paused 624us total 28.612ms
08-05 17:53:49.406  3168  4054 I art     : Starting a blocking GC Explicit
08-05 17:53:49.435  3168  4054 I art     : Explicit concurrent mark sweep GC freed 3(96B) AllocSpace objects, 0(0B) LOS objects, 23% free, 52MB/68MB, paused 613us total 28.336ms
08-05 17:53:49.447  3168  4054 I art     : Starting a blocking GC Explicit
08-05 17:53:49.472  3129  3129 I ServiceManager: Waiting for service AtCmdFwd...
08-05 17:53:49.476  3168  4054 I art     : Explicit concurrent mark sweep GC freed 3(96B) AllocSpace objects, 0(0B) LOS objects, 23% free, 52MB/68MB, paused 614us total 28.962ms
08-05 17:53:49.832  3168  3183 I art     : Starting a blocking GC Explicit
08-05 17:53:49.866  3168  3183 I art     : Explicit concurrent mark sweep GC freed 1344(78KB) AllocSpace objects, 1(20KB) LOS objects, 23% free, 52MB/68MB, paused 654us total 33.558ms
08-05 17:53:49.887  3168  3183 I art     : Starting a blocking GC Explicit
08-05 17:53:49.916  3168  3183 I art     : Explicit concurrent mark sweep GC freed 20(704B) AllocSpace objects, 0(0B) LOS objects, 23% free, 52MB/68MB, paused 576us total 28.677ms
08-05 17:53:49.927  3168  3183 I art     : Starting a blocking GC Explicit
08-05 17:53:49.957  3168  3183 I art     : Explicit concurrent mark sweep GC freed 3(96B) AllocSpace objects, 0(0B) LOS objects, 23% free, 52MB/68MB, paused 621us total 29.427ms
08-05 17:53:49.968  3168  3183 I art     : Starting a blocking GC Explicit
08-05 17:53:49.996  3168  3183 I art     : Explicit concurrent mark sweep GC freed 3(96B) AllocSpace objects, 0(0B) LOS objects, 23% free, 52MB/68MB, paused 588us total 27.694ms
08-05 17:53:50.007  3168  3183 I art     : Starting a blocking GC Explicit
08-05 17:53:50.033  3168  3183 I art     : Explicit concurrent mark sweep GC freed 3(96B) AllocSpace objects, 0(0B) LOS objects, 23% free, 52MB/68MB, paused 560us total 25.429ms
08-05 17:53:50.352  3168  3180 I art     : Starting a blocking GC Explicit
08-05 17:53:50.380  3168  3180 I art     : Explicit concurrent mark sweep GC freed 1344(78KB) AllocSpace objects, 1(20KB) LOS objects, 23% free, 52MB/68MB, paused 594us total 27.644ms
08-05 17:53:50.392  3168  3180 I art     : Starting a blocking GC Explicit
08-05 17:53:50.420  3168  3180 I art     : Explicit concurrent mark sweep GC freed 20(704B) AllocSpace objects, 0(0B) LOS objects, 23% free, 52MB/68MB, paused 605us total 28.436ms
08-05 17:53:50.432  3168  3180 I art     : Starting a blocking GC Explicit
08-05 17:53:50.460  3168  3180 I art     : Explicit concurrent mark sweep GC freed 3(96B) AllocSpace objects, 0(0B) LOS objects, 23% free, 52MB/68MB, paused 590us total 27.872ms
08-05 17:53:50.471  3168  3180 I art     : Starting a blocking GC Explicit
08-05 17:53:50.472  3129  3129 I ServiceManager: Waiting for service AtCmdFwd...
08-05 17:53:50.498  3168  3180 I art     : Explicit concurrent mark sweep GC freed 3(96B) AllocSpace objects, 0(0B) LOS objects, 23% free, 52MB/68MB, paused 664us total 26.498ms
08-05 17:53:50.509  3168  3180 I art     : Starting a blocking GC Explicit
08-05 17:53:50.537  3168  3180 I art     : Explicit concurrent mark sweep GC freed 3(96B) AllocSpace objects, 0(0B) LOS objects, 23% free, 52MB/68MB, paused 662us total 27.709ms
08-05 17:53:50.537  5530  5530 D AndroidRuntime: >>>>>> START com.android.internal.os.RuntimeInit uid 2000 <<<<<<
08-05 17:53:50.543  5530  5530 D AndroidRuntime: CheckJNI is OFF
08-05 17:53:50.588  5530  5530 D ICU     : No timezone override file found: /data/misc/zoneinfo/current/icu/icu_tzdata.dat
08-05 17:53:50.633  5530  5530 I Radio-JNI: register_android_hardware_Radio DONE
08-05 17:53:50.664  5530  5530 D AndroidRuntime: Calling main entry com.android.commands.input.Input
08-05 17:53:50.666  5530  5530 I Input   : injectKeyEvent: KeyEvent { action=ACTION_DOWN, keyCode=KEYCODE_BACK, scanCode=0, metaState=0, flags=0x0, repeatCount=0, eventTime=813247079, downTime=813247079, deviceId=-1, source=0x101 }
08-05 17:53:50.678  5530  5530 I Input   : injectKeyEvent: KeyEvent { action=ACTION_UP, keyCode=KEYCODE_BACK, scanCode=0, metaState=0, flags=0x0, repeatCount=0, eventTime=813247079, downTime=813247079, deviceId=-1, source=0x101 }
08-05 17:53:50.684  5530  5530 D AndroidRuntime: Shutting down VM
08-05 17:53:50.730 13866 13866 I GoogleInputMethodServic: GoogleInputMethodService.onFinishInput():3138 
08-05 17:53:50.731 13866 13866 I GoogleInputMethodServic: GoogleInputMethodService.onStartInput():1808 
08-05 17:53:50.830  3168  4054 I art     : Starting a blocking GC Explicit
08-05 17:53:50.864  3168  4054 I art     : Explicit concurrent mark sweep GC freed 1483(84KB) AllocSpace objects, 1(20KB) LOS objects, 23% free, 52MB/68MB, paused 612us total 32.961ms
08-05 17:53:50.877  3168  4054 I art     : Starting a blocking GC Explicit
08-05 17:53:50.908  3168  4054 I art     : Explicit concurrent mark sweep GC freed 26(944B) AllocSpace objects, 0(0B) LOS objects, 23% free, 52MB/68MB, paused 1.047ms total 30.468ms
08-05 17:53:50.922  3168  4054 I art     : Starting a blocking GC Explicit
08-05 17:53:50.953  3168  4054 I art     : Explicit concurrent mark sweep GC freed 3(96B) AllocSpace objects, 0(0B) LOS objects, 23% free, 52MB/68MB, paused 624us total 31.161ms
08-05 17:53:50.968  3168  4054 I art     : Starting a blocking GC Explicit
08-05 17:53:51.000  3168  4054 I art     : Explicit concurrent mark sweep GC freed 3(96B) AllocSpace objects, 0(0B) LOS objects, 23% free, 52MB/68MB, paused 589us total 32.235ms
08-05 17:53:51.011  3168  4054 I art     : Starting a blocking GC Explicit
08-05 17:53:51.021   380   380 W SurfaceFlinger: couldn't log to binary event log: overflow.
08-05 17:53:51.038  3168  4054 I art     : Explicit concurrent mark sweep GC freed 111(8KB) AllocSpace objects, 0(0B) LOS objects, 23% free, 52MB/68MB, paused 567us total 26.781ms
08-05 17:53:51.340  3168  3180 I art     : Starting a blocking GC Explicit
08-05 17:53:51.369  3168  3180 I art     : Explicit concurrent mark sweep GC freed 1346(78KB) AllocSpace objects, 1(20KB) LOS objects, 23% free, 52MB/68MB, paused 599us total 28.281ms
08-05 17:53:51.384  3168  3180 I art     : Starting a blocking GC Explicit
08-05 17:53:51.409  3168  3180 I art     : Explicit concurrent mark sweep GC freed 1401(90KB) AllocSpace objects, 1(28KB) LOS objects, 23% free, 52MB/68MB, paused 585us total 24.840ms
08-05 17:53:51.420  3168  3180 I art     : Starting a blocking GC Explicit
08-05 17:53:51.446  3168  3180 I art     : Explicit concurrent mark sweep GC freed 3(96B) AllocSpace objects, 0(0B) LOS objects, 23% free, 52MB/68MB, paused 584us total 25.943ms
08-05 17:53:51.457  3168  3180 I art     : Starting a blocking GC Explicit
08-05 17:53:51.473  3129  3129 I ServiceManager: Waiting for service AtCmdFwd...
08-05 17:53:51.484  3168  3180 I art     : Explicit concurrent mark sweep GC freed 3(96B) AllocSpace objects, 0(0B) LOS objects, 23% free, 52MB/68MB, paused 593us total 26.136ms
08-05 17:53:51.495  3168  3180 I art     : Starting a blocking GC Explicit
08-05 17:53:51.521  3168  3180 I art     : Explicit concurrent mark sweep GC freed 3(96B) AllocSpace objects, 0(0B) LOS objects, 23% free, 52MB/68MB, paused 607us total 25.739ms
08-05 17:53:51.831  3168  3295 I art     : Starting a blocking GC Explicit
08-05 17:53:51.865  3168  3295 I art     : Explicit concurrent mark sweep GC freed 1344(78KB) AllocSpace objects, 1(20KB) LOS objects, 23% free, 52MB/68MB, paused 646us total 33.008ms
08-05 17:53:51.879  3168  3295 I art     : Starting a blocking GC Explicit
08-05 17:53:51.906  3168  3295 I art     : Explicit concurrent mark sweep GC freed 20(704B) AllocSpace objects, 0(0B) LOS objects, 23% free, 52MB/68MB, paused 609us total 26.687ms
08-05 17:53:51.917  3168  3295 I art     : Starting a blocking GC Explicit
08-05 17:53:51.942  3168  3295 I art     : Explicit concurrent mark sweep GC freed 3(96B) AllocSpace objects, 0(0B) LOS objects, 23% free, 52MB/68MB, paused 589us total 25.040ms
08-05 17:53:51.953  3168  3295 I art     : Starting a blocking GC Explicit
08-05 17:53:51.979  3168  3295 I art     : Explicit concurrent mark sweep GC freed 3(96B) AllocSpace objects, 0(0B) LOS objects, 23% free, 52MB/68MB, paused 569us total 25.087ms
08-05 17:53:51.989  3168  3295 I art     : Starting a blocking GC Explicit
08-05 17:53:52.015  3168  3295 I art     : Explicit concurrent mark sweep GC freed 3(96B) AllocSpace objects, 0(0B) LOS objects, 23% free, 52MB/68MB, paused 613us total 25.060ms
08-05 17:53:52.312  3168  5563 I art     : Starting a blocking GC Explicit
08-05 17:53:52.348  3168  5563 I art     : Explicit concurrent mark sweep GC freed 1346(78KB) AllocSpace objects, 1(20KB) LOS objects, 23% free, 52MB/68MB, paused 812us total 36.257ms
08-05 17:53:52.363  3168  5563 I art     : Starting a blocking GC Explicit
08-05 17:53:52.389  3168  5563 I art     : Explicit concurrent mark sweep GC freed 25(864B) AllocSpace objects, 0(0B) LOS objects, 23% free, 52MB/68MB, paused 600us total 25.700ms
08-05 17:53:52.400  3168  5563 I art     : Starting a blocking GC Explicit
08-05 17:53:52.425  3168  5563 I art     : Explicit concurrent mark sweep GC freed 8(256B) AllocSpace objects, 0(0B) LOS objects, 23% free, 52MB/68MB, paused 579us total 25.393ms
08-05 17:53:52.436  3168  5563 I art     : Starting a blocking GC Explicit
08-05 17:53:52.462  3168  5563 I art     : Explicit concurrent mark sweep GC freed 7(224B) AllocSpace objects, 0(0B) LOS objects, 23% free, 52MB/68MB, paused 656us total 25.117ms
08-05 17:53:52.470  5584  5584 D AndroidRuntime: >>>>>> START com.android.internal.os.RuntimeInit uid 2000 <<<<<<
08-05 17:53:52.473  3168  5563 I art     : Starting a blocking GC Explicit
08-05 17:53:52.473  3129  3129 W Atfwd_Sendcmd: AtCmdFwd service not published, waiting... retryCnt : 2
08-05 17:53:52.476  5584  5584 D AndroidRuntime: CheckJNI is OFF
08-05 17:53:52.499  3168  5563 I art     : Explicit concurrent mark sweep GC freed 8(256B) AllocSpace objects, 0(0B) LOS objects, 23% free, 52MB/68MB, paused 658us total 26.086ms
08-05 17:53:52.522  5584  5584 D ICU     : No timezone override file found: /data/misc/zoneinfo/current/icu/icu_tzdata.dat
08-05 17:53:52.564  5584  5584 I Radio-JNI: register_android_hardware_Radio DONE
08-05 17:53:52.593  5584  5584 D AndroidRuntime: Calling main entry com.android.commands.input.Input
08-05 17:53:52.596  5584  5584 I Input   : injectMotionEvent: MotionEvent { action=ACTION_DOWN, actionButton=0, id[0]=0, x[0]=756.0, y[0]=1530.0, toolType[0]=TOOL_TYPE_UNKNOWN, buttonState=0, metaState=0, flags=0x0, edgeFlags=0x0, pointerCount=1, historySize=0, eventTime=813249008, downTime=813249008, deviceId=0, source=0x1002 }
08-05 17:53:52.601  5584  5584 I Input   : injectMotionEvent: MotionEvent { action=ACTION_UP, actionButton=0, id[0]=0, x[0]=756.0, y[0]=1530.0, toolType[0]=TOOL_TYPE_UNKNOWN, buttonState=0, metaState=0, flags=0x0, edgeFlags=0x0, pointerCount=1, historySize=0, eventTime=813249008, downTime=813249008, deviceId=0, source=0x1002 }
08-05 17:53:52.603  5584  5584 D AndroidRuntime: Shutting down VM
08-05 17:53:52.612   918  5952 I ActivityManager: START u0 {cmp=baseline.appteam.nith.hillffair/.activities.LeaderBoardActivity} from uid 10675 on display 0
08-05 17:53:52.614   512  2967 D audio_hw_primary: out_set_parameters: enter: usecase(1: low-latency-playback) kvpairs: routing=2
08-05 17:53:52.627   512  2967 D audio_hw_primary: select_devices: out_snd_device(2: speaker) in_snd_device(0: none)
08-05 17:53:52.627   512  2967 D msm8974_platform: platform_send_audio_calibration: sending audio calibration for snd_device(2) acdb_id(15)
08-05 17:53:52.627   512  2967 I soundtrigger: audio_extn_sound_trigger_update_device_status: device 0x2 of type 0 for Event 1
08-05 17:53:52.640   512  2967 D audio_hw_primary: enable_snd_device: snd_device(2: speaker)
08-05 17:53:52.642   512  2967 D audio_hw_primary: enable_audio_route: apply and update mixer path: low-latency-playback speaker
08-05 17:53:52.712  3168  3168 E RecyclerView: No adapter attached; skipping layout
08-05 17:53:52.718  3168  3168 E RecyclerView: No adapter attached; skipping layout
08-05 17:53:52.738   918   936 I ActivityManager: Displayed baseline.appteam.nith.hillffair/.activities.LeaderBoardActivity: +116ms
08-05 17:53:52.741 13866 13866 I GoogleInputMethodServic: GoogleInputMethodService.onFinishInput():3138 
08-05 17:53:52.743  3168  3168 E RecyclerView: No adapter attached; skipping layout
08-05 17:53:52.743 13866 13866 I GoogleInputMethodServic: GoogleInputMethodService.onStartInput():1808 
08-05 17:53:52.764  3168  3197 D OpenGLRenderer: endAllStagingAnimators on 0x7f99f28800 (RippleDrawable) with handle 0x7f9a1d7ea0
08-05 17:53:52.793  3168  3183 I art     : Starting a blocking GC Explicit
08-05 17:53:52.819  3168  3183 I art     : Explicit concurrent mark sweep GC freed 6635(401KB) AllocSpace objects, 1(20KB) LOS objects, 23% free, 52MB/68MB, paused 666us total 26.079ms
08-05 17:53:52.830  3168  3183 I art     : Starting a blocking GC Explicit
08-05 17:53:52.856  3168  3183 I art     : Explicit concurrent mark sweep GC freed 273(11KB) AllocSpace objects, 0(0B) LOS objects, 23% free, 52MB/68MB, paused 617us total 26.064ms
08-05 17:53:52.867  3168  3183 I art     : Starting a blocking GC Explicit
08-05 17:53:52.894  3168  3183 I art     : Explicit concurrent mark sweep GC freed 5(160B) AllocSpace objects, 0(0B) LOS objects, 23% free, 52MB/68MB, paused 691us total 26.197ms
08-05 17:53:52.907  3168  3183 I art     : Starting a blocking GC Explicit
08-05 17:53:52.938  3168  3183 I art     : Explicit concurrent mark sweep GC freed 5(160B) AllocSpace objects, 0(0B) LOS objects, 23% free, 52MB/68MB, paused 674us total 31.259ms
08-05 17:53:52.951  3168  3183 I art     : Starting a blocking GC Explicit
08-05 17:53:52.973   380   380 W SurfaceFlinger: couldn't log to binary event log: overflow.
08-05 17:53:52.981  3168  3183 I art     : Explicit concurrent mark sweep GC freed 6(192B) AllocSpace objects, 0(0B) LOS objects, 23% free, 52MB/68MB, paused 629us total 29.942ms
08-05 17:53:53.188   512  2967 D audio_hw_primary: disable_audio_route: reset and update mixer path: low-latency-playback speaker
08-05 17:53:53.190   512  2967 D audio_hw_primary: disable_snd_device: snd_device(2: speaker)
08-05 17:53:53.198   512  2967 I soundtrigger: audio_extn_sound_trigger_update_device_status: device 0x2 of type 0 for Event 0
08-05 17:53:53.228  3168  5610 D OkHttp  : --> GET https://api-hillfair-2k16.herokuapp.com/api/app/quiz/leaderboard?from=1 http/1.1
08-05 17:53:53.276  3168  5610 D OkHttp  : <-- 200 OK https://api-hillfair-2k16.herokuapp.com/api/app/quiz/leaderboard?from=1 (47ms, 56744-byte body)
08-05 17:53:53.278  3168  3183 I art     : Starting a blocking GC Explicit
08-05 17:53:53.307  3168  3183 I art     : Explicit concurrent mark sweep GC freed 7692(388KB) AllocSpace objects, 4(220KB) LOS objects, 23% free, 53MB/69MB, paused 746us total 29.122ms
08-05 17:53:53.318  3168  3183 I art     : Starting a blocking GC Explicit
08-05 17:53:53.347  3168  3183 I art     : Explicit concurrent mark sweep GC freed 15169(790KB) AllocSpace objects, 0(0B) LOS objects, 23% free, 53MB/69MB, paused 790us total 28.992ms
08-05 17:53:53.358  3168  3183 I art     : Starting a blocking GC Explicit
08-05 17:53:53.375  3168  3168 I NAPPA_EXPERIMENTATION: MetricNetworkRequestExecutionTime: REQUEST_DURATION_SYSTEM='716',REQUEST_DURATION_OKHTTP='47',REQUEST_SYNCHRONOUS='FALSE',RESPONSE_CODE='200',RESPONSE_METHOD='GET',RESPONSE_LENGTH_OKHTTP='56744',RESPONSE_LENGTH_HEADER='56744',REQUEST_PROTOCOL='http/1.1',REQUEST_URL='https://api-hillfair-2k16.herokuapp.com/api/app/quiz/leaderboard?from=1',
08-05 17:53:53.386  3168  3183 I art     : Explicit concurrent mark sweep GC freed 7183(319KB) AllocSpace objects, 0(0B) LOS objects, 23% free, 53MB/69MB, paused 625us total 27.192ms
08-05 17:53:53.397  3168  3183 I art     : Starting a blocking GC Explicit
08-05 17:53:53.425  3168  3183 I art     : Explicit concurrent mark sweep GC freed 1034(59KB) AllocSpace objects, 0(0B) LOS objects, 23% free, 53MB/69MB, paused 1.215ms total 27.727ms
08-05 17:53:53.436  3168  3183 I art     : Starting a blocking GC Explicit
08-05 17:53:53.464  3168  3183 I art     : Explicit concurrent mark sweep GC freed 487(17KB) AllocSpace objects, 0(0B) LOS objects, 23% free, 53MB/69MB, paused 629us total 28.036ms
08-05 17:53:53.765  3168  3180 I art     : Starting a blocking GC Explicit
08-05 17:53:53.802  3168  3180 I art     : Explicit concurrent mark sweep GC freed 1350(78KB) AllocSpace objects, 1(20KB) LOS objects, 23% free, 53MB/69MB, paused 610us total 36.257ms
08-05 17:53:53.813  3168  3180 I art     : Starting a blocking GC Explicit
08-05 17:53:53.843  3168  3180 I art     : Explicit concurrent mark sweep GC freed 20(704B) AllocSpace objects, 0(0B) LOS objects, 23% free, 53MB/69MB, paused 632us total 29.162ms
08-05 17:53:53.854  3168  3180 I art     : Starting a blocking GC Explicit
08-05 17:53:53.884  3168  3180 I art     : Explicit concurrent mark sweep GC freed 3(96B) AllocSpace objects, 0(0B) LOS objects, 23% free, 53MB/69MB, paused 609us total 28.880ms
08-05 17:53:53.895  3168  3180 I art     : Starting a blocking GC Explicit
08-05 17:53:53.924  3168  3180 I art     : Explicit concurrent mark sweep GC freed 3(96B) AllocSpace objects, 0(0B) LOS objects, 23% free, 53MB/69MB, paused 614us total 28.435ms
08-05 17:53:53.935  3168  3180 I art     : Starting a blocking GC Explicit
08-05 17:53:53.964  3168  3180 I art     : Explicit concurrent mark sweep GC freed 3(96B) AllocSpace objects, 0(0B) LOS objects, 23% free, 53MB/69MB, paused 605us total 28.824ms
08-05 17:53:54.281  3168  5563 I art     : Starting a blocking GC Explicit
08-05 17:53:54.318  3168  5563 I art     : Explicit concurrent mark sweep GC freed 1344(78KB) AllocSpace objects, 1(20KB) LOS objects, 23% free, 53MB/69MB, paused 657us total 36.250ms
08-05 17:53:54.332  3168  5563 I art     : Starting a blocking GC Explicit
08-05 17:53:54.363  3168  5563 I art     : Explicit concurrent mark sweep GC freed 20(704B) AllocSpace objects, 0(0B) LOS objects, 23% free, 53MB/69MB, paused 603us total 31.324ms
08-05 17:53:54.375  3168  5563 I art     : Starting a blocking GC Explicit
08-05 17:53:54.405  3168  5563 I art     : Explicit concurrent mark sweep GC freed 3(96B) AllocSpace objects, 0(0B) LOS objects, 23% free, 53MB/69MB, paused 612us total 29.590ms
08-05 17:53:54.417  3168  5563 I art     : Starting a blocking GC Explicit
08-05 17:53:54.449  3168  5563 I art     : Explicit concurrent mark sweep GC freed 3(96B) AllocSpace objects, 0(0B) LOS objects, 23% free, 53MB/69MB, paused 634us total 31.572ms
08-05 17:53:54.461  3168  5563 I art     : Starting a blocking GC Explicit
08-05 17:53:54.493  3168  5563 I art     : Explicit concurrent mark sweep GC freed 3(96B) AllocSpace objects, 0(0B) LOS objects, 23% free, 53MB/69MB, paused 682us total 31.844ms
08-05 17:53:54.818  3168  4054 I art     : Starting a blocking GC Explicit
08-05 17:53:54.854  3168  4054 I art     : Explicit concurrent mark sweep GC freed 1344(78KB) AllocSpace objects, 1(20KB) LOS objects, 23% free, 53MB/69MB, paused 682us total 35.719ms
08-05 17:53:54.872  3168  4054 I art     : Starting a blocking GC Explicit
08-05 17:53:54.902  3168  4054 I art     : Explicit concurrent mark sweep GC freed 20(704B) AllocSpace objects, 0(0B) LOS objects, 23% free, 53MB/69MB, paused 639us total 30.288ms
08-05 17:53:54.914  3168  4054 I art     : Starting a blocking GC Explicit
08-05 17:53:54.945  3168  4054 I art     : Explicit concurrent mark sweep GC freed 3(96B) AllocSpace objects, 0(0B) LOS objects, 23% free, 53MB/69MB, paused 642us total 31.010ms
08-05 17:53:54.957  3168  4054 I art     : Starting a blocking GC Explicit
08-05 17:53:54.988  3168  4054 I art     : Explicit concurrent mark sweep GC freed 3(96B) AllocSpace objects, 0(0B) LOS objects, 23% free, 53MB/69MB, paused 609us total 30.978ms
08-05 17:53:55.000  3168  4054 I art     : Starting a blocking GC Explicit
08-05 17:53:55.030  3168  4054 I art     : Explicit concurrent mark sweep GC freed 3(96B) AllocSpace objects, 0(0B) LOS objects, 23% free, 53MB/69MB, paused 623us total 29.760ms
08-05 17:53:55.358  3168  3295 I art     : Starting a blocking GC Explicit
08-05 17:53:55.394  3168  3295 I art     : Explicit concurrent mark sweep GC freed 1344(78KB) AllocSpace objects, 1(20KB) LOS objects, 23% free, 53MB/69MB, paused 603us total 35.210ms
08-05 17:53:55.406  3168  3295 I art     : Starting a blocking GC Explicit
08-05 17:53:55.437  3168  3295 I art     : Explicit concurrent mark sweep GC freed 20(704B) AllocSpace objects, 0(0B) LOS objects, 23% free, 53MB/69MB, paused 703us total 31.434ms
08-05 17:53:55.449  3168  3295 I art     : Starting a blocking GC Explicit
08-05 17:53:55.481  3168  3295 I art     : Explicit concurrent mark sweep GC freed 3(96B) AllocSpace objects, 0(0B) LOS objects, 23% free, 53MB/69MB, paused 620us total 31.327ms
08-05 17:53:55.493  3168  3295 I art     : Starting a blocking GC Explicit
08-05 17:53:55.523  3168  3295 I art     : Explicit concurrent mark sweep GC freed 3(96B) AllocSpace objects, 0(0B) LOS objects, 23% free, 53MB/69MB, paused 622us total 30.015ms
08-05 17:53:55.535  3168  3295 I art     : Starting a blocking GC Explicit
08-05 17:53:55.566  3168  3295 I art     : Explicit concurrent mark sweep GC freed 3(96B) AllocSpace objects, 0(0B) LOS objects, 23% free, 53MB/69MB, paused 630us total 30.352ms
08-05 17:53:55.925  3168  3183 I art     : Starting a blocking GC Explicit
08-05 17:53:55.964  3168  3183 I art     : Explicit concurrent mark sweep GC freed 1344(78KB) AllocSpace objects, 1(20KB) LOS objects, 23% free, 53MB/69MB, paused 672us total 38.853ms
08-05 17:53:55.979  3168  3183 I art     : Starting a blocking GC Explicit
08-05 17:53:56.009  3168  3183 I art     : Explicit concurrent mark sweep GC freed 20(704B) AllocSpace objects, 0(0B) LOS objects, 23% free, 53MB/69MB, paused 617us total 29.594ms
08-05 17:53:56.020  3168  3183 I art     : Starting a blocking GC Explicit
08-05 17:53:56.052  3168  3183 I art     : Explicit concurrent mark sweep GC freed 3(96B) AllocSpace objects, 0(0B) LOS objects, 23% free, 53MB/69MB, paused 627us total 31.730ms
08-05 17:53:56.064  3168  3183 I art     : Starting a blocking GC Explicit
08-05 17:53:56.096  3168  3183 I art     : Explicit concurrent mark sweep GC freed 3(96B) AllocSpace objects, 0(0B) LOS objects, 23% free, 53MB/69MB, paused 654us total 31.265ms
08-05 17:53:56.108  3168  3183 I art     : Starting a blocking GC Explicit
08-05 17:53:56.138  3168  3183 I art     : Explicit concurrent mark sweep GC freed 3(96B) AllocSpace objects, 0(0B) LOS objects, 23% free, 53MB/69MB, paused 620us total 30.415ms
08-05 17:53:56.478  3168  3180 I art     : Starting a blocking GC Explicit
08-05 17:53:56.513  3168  3180 I art     : Explicit concurrent mark sweep GC freed 1344(78KB) AllocSpace objects, 1(20KB) LOS objects, 23% free, 53MB/69MB, paused 648us total 34.837ms
08-05 17:53:56.525  3168  3180 I art     : Starting a blocking GC Explicit
08-05 17:53:56.557  3168  3180 I art     : Explicit concurrent mark sweep GC freed 20(704B) AllocSpace objects, 0(0B) LOS objects, 23% free, 53MB/69MB, paused 623us total 31.651ms
08-05 17:53:56.569  3168  3180 I art     : Starting a blocking GC Explicit
08-05 17:53:56.600  3168  3180 I art     : Explicit concurrent mark sweep GC freed 3(96B) AllocSpace objects, 0(0B) LOS objects, 23% free, 53MB/69MB, paused 641us total 31.255ms
08-05 17:53:56.612  3168  3180 I art     : Starting a blocking GC Explicit
08-05 17:53:56.642  3168  3180 I art     : Explicit concurrent mark sweep GC freed 3(96B) AllocSpace objects, 0(0B) LOS objects, 23% free, 53MB/69MB, paused 639us total 30.083ms
08-05 17:53:56.654  3168  3180 I art     : Starting a blocking GC Explicit
08-05 17:53:56.686  3168  3180 I art     : Explicit concurrent mark sweep GC freed 3(96B) AllocSpace objects, 0(0B) LOS objects, 23% free, 53MB/69MB, paused 635us total 31.681ms
08-05 17:53:56.996  3168  5563 I art     : Starting a blocking GC Explicit
08-05 17:53:57.025  3168  5563 I art     : Explicit concurrent mark sweep GC freed 1344(78KB) AllocSpace objects, 1(20KB) LOS objects, 23% free, 53MB/69MB, paused 620us total 28.917ms
08-05 17:53:57.037  3168  5563 I art     : Starting a blocking GC Explicit
08-05 17:53:57.068  3168  5563 I art     : Explicit concurrent mark sweep GC freed 20(704B) AllocSpace objects, 0(0B) LOS objects, 23% free, 53MB/69MB, paused 674us total 30.882ms
08-05 17:53:57.080  3168  5563 I art     : Starting a blocking GC Explicit
08-05 17:53:57.109  3168  5563 I art     : Explicit concurrent mark sweep GC freed 3(96B) AllocSpace objects, 0(0B) LOS objects, 23% free, 53MB/69MB, paused 591us total 28.609ms
08-05 17:53:57.120  3168  5563 I art     : Starting a blocking GC Explicit
08-05 17:53:57.150  3168  5563 I art     : Explicit concurrent mark sweep GC freed 3(96B) AllocSpace objects, 0(0B) LOS objects, 23% free, 53MB/69MB, paused 638us total 29.779ms
08-05 17:53:57.162  3168  5563 I art     : Starting a blocking GC Explicit
08-05 17:53:57.192  3168  5563 I art     : Explicit concurrent mark sweep GC freed 3(96B) AllocSpace objects, 0(0B) LOS objects, 23% free, 53MB/69MB, paused 635us total 29.895ms
08-05 17:53:57.404  5694  5694 D AndroidRuntime: >>>>>> START com.android.internal.os.RuntimeInit uid 2000 <<<<<<
08-05 17:53:57.410  5694  5694 D AndroidRuntime: CheckJNI is OFF
08-05 17:53:57.451  5694  5694 D ICU     : No timezone override file found: /data/misc/zoneinfo/current/icu/icu_tzdata.dat
08-05 17:53:57.493  5694  5694 I Radio-JNI: register_android_hardware_Radio DONE
08-05 17:53:57.508  3168  4054 I art     : Starting a blocking GC Explicit
08-05 17:53:57.523  5694  5694 D AndroidRuntime: Calling main entry com.android.commands.input.Input
08-05 17:53:57.525  5694  5694 I Input   : injectKeyEvent: KeyEvent { action=ACTION_DOWN, keyCode=KEYCODE_BACK, scanCode=0, metaState=0, flags=0x0, repeatCount=0, eventTime=813253938, downTime=813253938, deviceId=-1, source=0x101 }
08-05 17:53:57.530  5694  5694 I Input   : injectKeyEvent: KeyEvent { action=ACTION_UP, keyCode=KEYCODE_BACK, scanCode=0, metaState=0, flags=0x0, repeatCount=0, eventTime=813253938, downTime=813253938, deviceId=-1, source=0x101 }
08-05 17:53:57.535  5694  5694 D AndroidRuntime: Shutting down VM
08-05 17:53:57.537  3168  4054 I art     : Explicit concurrent mark sweep GC freed 1358(78KB) AllocSpace objects, 1(20KB) LOS objects, 23% free, 53MB/69MB, paused 811us total 28.930ms
08-05 17:53:57.549  3168  4054 I art     : Starting a blocking GC Explicit
08-05 17:53:57.570 13866 13866 I GoogleInputMethodServic: GoogleInputMethodService.onFinishInput():3138 
08-05 17:53:57.570 13866 13866 I GoogleInputMethodServic: GoogleInputMethodService.onStartInput():1808 
08-05 17:53:57.575  3168  4054 I art     : Explicit concurrent mark sweep GC freed 112(5KB) AllocSpace objects, 0(0B) LOS objects, 23% free, 53MB/69MB, paused 1.403ms total 25.858ms
08-05 17:53:57.586  3168  4054 I art     : Starting a blocking GC Explicit
08-05 17:53:57.612  3168  4054 I art     : Explicit concurrent mark sweep GC freed 35(1280B) AllocSpace objects, 0(0B) LOS objects, 23% free, 53MB/69MB, paused 647us total 25.303ms
08-05 17:53:57.622  3168  4054 I art     : Starting a blocking GC Explicit
08-05 17:53:57.648  3168  4054 I art     : Explicit concurrent mark sweep GC freed 9(336B) AllocSpace objects, 0(0B) LOS objects, 23% free, 53MB/69MB, paused 786us total 25.008ms
08-05 17:53:57.658  3168  4054 I art     : Starting a blocking GC Explicit
08-05 17:53:57.684  3168  4054 I art     : Explicit concurrent mark sweep GC freed 3(96B) AllocSpace objects, 0(0B) LOS objects, 23% free, 53MB/69MB, paused 568us total 26.057ms
08-05 17:53:57.860   380   380 W SurfaceFlinger: couldn't log to binary event log: overflow.
08-05 17:53:57.974  3168  3180 I art     : Starting a blocking GC Explicit
08-05 17:53:58.006  3168  3180 I art     : Explicit concurrent mark sweep GC freed 1463(87KB) AllocSpace objects, 1(20KB) LOS objects, 23% free, 53MB/69MB, paused 655us total 31.806ms
08-05 17:53:58.023  3168  3180 I art     : Starting a blocking GC Explicit
08-05 17:53:58.050  3168  3180 I art     : Explicit concurrent mark sweep GC freed 4698(269KB) AllocSpace objects, 2(140KB) LOS objects, 23% free, 52MB/68MB, paused 605us total 27.362ms
08-05 17:53:58.061  3168  3180 I art     : Starting a blocking GC Explicit
08-05 17:53:58.089  3168  3180 I art     : Explicit concurrent mark sweep GC freed 3(96B) AllocSpace objects, 0(0B) LOS objects, 23% free, 52MB/68MB, paused 626us total 27.113ms
08-05 17:53:58.100  3168  3180 I art     : Starting a blocking GC Explicit
08-05 17:53:58.127  3168  3180 I art     : Explicit concurrent mark sweep GC freed 7(224B) AllocSpace objects, 0(0B) LOS objects, 23% free, 52MB/68MB, paused 609us total 26.652ms
08-05 17:53:58.138  3168  3180 I art     : Starting a blocking GC Explicit
08-05 17:53:58.166  3168  3180 I art     : Explicit concurrent mark sweep GC freed 12(576B) AllocSpace objects, 0(0B) LOS objects, 23% free, 52MB/68MB, paused 625us total 27.014ms
08-05 17:53:58.477  3168  3183 I art     : Starting a blocking GC Explicit
08-05 17:53:58.512  3168  3183 I art     : Explicit concurrent mark sweep GC freed 1358(78KB) AllocSpace objects, 1(20KB) LOS objects, 23% free, 52MB/68MB, paused 870us total 34.736ms
08-05 17:53:58.528  3168  3183 I art     : Starting a blocking GC Explicit
08-05 17:53:58.554  3168  3183 I art     : Explicit concurrent mark sweep GC freed 20(704B) AllocSpace objects, 0(0B) LOS objects, 23% free, 52MB/68MB, paused 588us total 26.227ms
08-05 17:53:58.565  3168  3183 I art     : Starting a blocking GC Explicit
08-05 17:53:58.592  3168  3183 I art     : Explicit concurrent mark sweep GC freed 3(96B) AllocSpace objects, 0(0B) LOS objects, 23% free, 52MB/68MB, paused 590us total 26.587ms
08-05 17:53:58.604  3168  3183 I art     : Starting a blocking GC Explicit
08-05 17:53:58.630  3168  3183 I art     : Explicit concurrent mark sweep GC freed 3(96B) AllocSpace objects, 0(0B) LOS objects, 23% free, 52MB/68MB, paused 601us total 26.148ms
08-05 17:53:58.641  3168  3183 I art     : Starting a blocking GC Explicit
08-05 17:53:58.668  3168  3183 I art     : Explicit concurrent mark sweep GC freed 3(96B) AllocSpace objects, 0(0B) LOS objects, 23% free, 52MB/68MB, paused 602us total 26.873ms
08-05 17:53:58.964  3168  5563 I art     : Starting a blocking GC Explicit
08-05 17:53:58.995  3168  5563 I art     : Explicit concurrent mark sweep GC freed 1343(78KB) AllocSpace objects, 1(20KB) LOS objects, 23% free, 52MB/68MB, paused 640us total 31.068ms
08-05 17:53:59.009  3168  5563 I art     : Starting a blocking GC Explicit
08-05 17:53:59.035  3168  5563 I art     : Explicit concurrent mark sweep GC freed 20(704B) AllocSpace objects, 0(0B) LOS objects, 23% free, 52MB/68MB, paused 608us total 26.088ms
08-05 17:53:59.046  3168  5563 I art     : Starting a blocking GC Explicit
08-05 17:53:59.072  3168  5563 I art     : Explicit concurrent mark sweep GC freed 3(96B) AllocSpace objects, 0(0B) LOS objects, 23% free, 52MB/68MB, paused 604us total 25.210ms
08-05 17:53:59.083  3168  5563 I art     : Starting a blocking GC Explicit
08-05 17:53:59.109  3168  5563 I art     : Explicit concurrent mark sweep GC freed 3(96B) AllocSpace objects, 0(0B) LOS objects, 23% free, 52MB/68MB, paused 642us total 25.921ms
08-05 17:53:59.120  3168  5563 I art     : Starting a blocking GC Explicit
08-05 17:53:59.146  3168  5563 I art     : Explicit concurrent mark sweep GC freed 3(96B) AllocSpace objects, 0(0B) LOS objects, 23% free, 52MB/68MB, paused 641us total 26.226ms
08-05 17:53:59.330  5746  5746 D AndroidRuntime: >>>>>> START com.android.internal.os.RuntimeInit uid 2000 <<<<<<
08-05 17:53:59.336  5746  5746 D AndroidRuntime: CheckJNI is OFF
08-05 17:53:59.377  5746  5746 D ICU     : No timezone override file found: /data/misc/zoneinfo/current/icu/icu_tzdata.dat
08-05 17:53:59.419  5746  5746 I Radio-JNI: register_android_hardware_Radio DONE
08-05 17:53:59.448  5746  5746 D AndroidRuntime: Calling main entry com.android.commands.input.Input
08-05 17:53:59.450  5746  5746 I Input   : injectKeyEvent: KeyEvent { action=ACTION_DOWN, keyCode=KEYCODE_BACK, scanCode=0, metaState=0, flags=0x0, repeatCount=0, eventTime=813255863, downTime=813255863, deviceId=-1, source=0x101 }
08-05 17:53:59.454  5746  5746 I Input   : injectKeyEvent: KeyEvent { action=ACTION_UP, keyCode=KEYCODE_BACK, scanCode=0, metaState=0, flags=0x0, repeatCount=0, eventTime=813255863, downTime=813255863, deviceId=-1, source=0x101 }
08-05 17:53:59.460  5746  5746 D AndroidRuntime: Shutting down VM
08-05 17:53:59.481  3168  3295 I art     : Starting a blocking GC Explicit
08-05 17:53:59.504 13866 13866 I GoogleInputMethodServic: GoogleInputMethodService.onFinishInput():3138 
08-05 17:53:59.504 13866 13866 I GoogleInputMethodServic: GoogleInputMethodService.onStartInput():1808 
08-05 17:53:59.508  3168  3295 I art     : Explicit concurrent mark sweep GC freed 1514(85KB) AllocSpace objects, 1(20KB) LOS objects, 23% free, 52MB/68MB, paused 903us total 26.005ms
08-05 17:53:59.519  3168  3295 I art     : Starting a blocking GC Explicit
08-05 17:53:59.546  3168  3295 I art     : Explicit concurrent mark sweep GC freed 80(2800B) AllocSpace objects, 0(0B) LOS objects, 23% free, 52MB/68MB, paused 670us total 27.096ms
08-05 17:53:59.557  3168  3295 I art     : Starting a blocking GC Explicit
08-05 17:53:59.581  3168  3295 I art     : Explicit concurrent mark sweep GC freed 8(288B) AllocSpace objects, 0(0B) LOS objects, 23% free, 52MB/68MB, paused 544us total 23.171ms
08-05 17:53:59.590  3168  3295 I art     : Starting a blocking GC Explicit
08-05 17:53:59.615  3168  3295 I art     : Explicit concurrent mark sweep GC freed 3(96B) AllocSpace objects, 0(0B) LOS objects, 23% free, 52MB/68MB, paused 555us total 24.241ms
08-05 17:53:59.629  3168  3295 I art     : Starting a blocking GC Explicit
08-05 17:53:59.659  3168  3295 I art     : Explicit concurrent mark sweep GC freed 3(96B) AllocSpace objects, 0(0B) LOS objects, 23% free, 52MB/68MB, paused 588us total 29.705ms
08-05 17:53:59.796   380   380 W SurfaceFlinger: couldn't log to binary event log: overflow.
08-05 17:53:59.941  3168  3295 I art     : Starting a blocking GC Explicit
08-05 17:53:59.969  3168  3295 I art     : Explicit concurrent mark sweep GC freed 1461(87KB) AllocSpace objects, 1(20KB) LOS objects, 23% free, 52MB/68MB, paused 620us total 27.495ms
08-05 17:53:59.980  3168  3295 I art     : Starting a blocking GC Explicit
08-05 17:54:00.006  3168  3295 I art     : Explicit concurrent mark sweep GC freed 2096(122KB) AllocSpace objects, 3(340KB) LOS objects, 23% free, 52MB/68MB, paused 560us total 25.362ms
08-05 17:54:00.016  3168  3295 I art     : Starting a blocking GC Explicit
08-05 17:54:00.041  3168  3295 I art     : Explicit concurrent mark sweep GC freed 3(96B) AllocSpace objects, 0(0B) LOS objects, 23% free, 52MB/68MB, paused 586us total 24.528ms
08-05 17:54:00.052  3168  3295 I art     : Starting a blocking GC Explicit
08-05 17:54:00.076  3168  3295 I art     : Explicit concurrent mark sweep GC freed 3(96B) AllocSpace objects, 0(0B) LOS objects, 23% free, 52MB/68MB, paused 594us total 24.475ms
08-05 17:54:00.087  3168  3295 I art     : Starting a blocking GC Explicit
08-05 17:54:00.111  3168  3295 I art     : Explicit concurrent mark sweep GC freed 3(96B) AllocSpace objects, 0(0B) LOS objects, 23% free, 52MB/68MB, paused 592us total 23.807ms
08-05 17:54:00.433  3168  3180 I art     : Starting a blocking GC Explicit
08-05 17:54:00.463  3168  3180 I art     : Explicit concurrent mark sweep GC freed 1344(78KB) AllocSpace objects, 1(20KB) LOS objects, 23% free, 52MB/68MB, paused 609us total 29.660ms
08-05 17:54:00.474  3168  3180 I art     : Starting a blocking GC Explicit
08-05 17:54:00.501  3168  3180 I art     : Explicit concurrent mark sweep GC freed 20(704B) AllocSpace objects, 0(0B) LOS objects, 23% free, 52MB/68MB, paused 614us total 26.188ms
08-05 17:54:00.512  3168  3180 I art     : Starting a blocking GC Explicit
08-05 17:54:00.538  3168  3180 I art     : Explicit concurrent mark sweep GC freed 3(96B) AllocSpace objects, 0(0B) LOS objects, 23% free, 52MB/68MB, paused 628us total 25.722ms
08-05 17:54:00.549  3168  3180 I art     : Starting a blocking GC Explicit
08-05 17:54:00.575  3168  3180 I art     : Explicit concurrent mark sweep GC freed 3(96B) AllocSpace objects, 0(0B) LOS objects, 23% free, 52MB/68MB, paused 628us total 25.790ms
08-05 17:54:00.586  3168  3180 I art     : Starting a blocking GC Explicit
08-05 17:54:00.612  3168  3180 I art     : Explicit concurrent mark sweep GC freed 3(96B) AllocSpace objects, 0(0B) LOS objects, 23% free, 52MB/68MB, paused 598us total 25.941ms
08-05 17:54:00.896  3168  3183 I art     : Starting a blocking GC Explicit
08-05 17:54:00.925  3168  3183 I art     : Explicit concurrent mark sweep GC freed 1341(78KB) AllocSpace objects, 1(20KB) LOS objects, 23% free, 52MB/68MB, paused 610us total 29.483ms
08-05 17:54:00.936  3168  3183 I art     : Starting a blocking GC Explicit
08-05 17:54:00.961  3168  3183 I art     : Explicit concurrent mark sweep GC freed 20(704B) AllocSpace objects, 0(0B) LOS objects, 23% free, 52MB/68MB, paused 609us total 24.830ms
08-05 17:54:00.972  3168  3183 I art     : Starting a blocking GC Explicit
08-05 17:54:00.997  3168  3183 I art     : Explicit concurrent mark sweep GC freed 3(96B) AllocSpace objects, 0(0B) LOS objects, 23% free, 52MB/68MB, paused 608us total 24.319ms
08-05 17:54:00.997  3168  3179 I art     : WaitForGcToComplete blocked for 24.747ms for cause HeapTrim
08-05 17:54:01.008  3168  3183 I art     : Starting a blocking GC Explicit
08-05 17:54:01.033  3168  3183 I art     : Explicit concurrent mark sweep GC freed 3(96B) AllocSpace objects, 0(0B) LOS objects, 23% free, 52MB/68MB, paused 604us total 24.727ms
08-05 17:54:01.043  3168  3183 I art     : Starting a blocking GC Explicit
08-05 17:54:01.068  3168  3183 I art     : Explicit concurrent mark sweep GC freed 3(96B) AllocSpace objects, 0(0B) LOS objects, 23% free, 52MB/68MB, paused 611us total 24.769ms
08-05 17:54:01.252  5800  5800 D AndroidRuntime: >>>>>> START com.android.internal.os.RuntimeInit uid 2000 <<<<<<
08-05 17:54:01.258  5800  5800 D AndroidRuntime: CheckJNI is OFF
08-05 17:54:01.299  5800  5800 D ICU     : No timezone override file found: /data/misc/zoneinfo/current/icu/icu_tzdata.dat
08-05 17:54:01.341  5800  5800 I Radio-JNI: register_android_hardware_Radio DONE
08-05 17:54:01.370  5800  5800 D AndroidRuntime: Calling main entry com.android.commands.input.Input
08-05 17:54:01.372  5800  5800 I Input   : injectMotionEvent: MotionEvent { action=ACTION_DOWN, actionButton=0, id[0]=0, x[0]=1053.0, y[0]=1173.0, toolType[0]=TOOL_TYPE_UNKNOWN, buttonState=0, metaState=0, flags=0x0, edgeFlags=0x0, pointerCount=1, historySize=0, eventTime=813257785, downTime=813257785, deviceId=0, source=0x1002 }
08-05 17:54:01.377  5800  5800 I Input   : injectMotionEvent: MotionEvent { action=ACTION_UP, actionButton=0, id[0]=0, x[0]=1053.0, y[0]=1173.0, toolType[0]=TOOL_TYPE_UNKNOWN, buttonState=0, metaState=0, flags=0x0, edgeFlags=0x0, pointerCount=1, historySize=0, eventTime=813257785, downTime=813257785, deviceId=0, source=0x1002 }
08-05 17:54:01.378   918  3670 I ActivityManager: START u0 {cmp=baseline.appteam.nith.hillffair/.activities.QuizActivity} from uid 10675 on display 0
08-05 17:54:01.385  5800  5800 D AndroidRuntime: Shutting down VM
08-05 17:54:01.394  3168  3180 I art     : Starting a blocking GC Explicit
08-05 17:54:01.420  3168  3180 I art     : Explicit concurrent mark sweep GC freed 1862(118KB) AllocSpace objects, 1(20KB) LOS objects, 23% free, 52MB/68MB, paused 800us total 25.961ms
08-05 17:54:01.431  3168  3180 I art     : Starting a blocking GC Explicit
08-05 17:54:01.456  3168  3180 I art     : Explicit concurrent mark sweep GC freed 278(16KB) AllocSpace objects, 0(0B) LOS objects, 23% free, 52MB/68MB, paused 595us total 25.037ms
08-05 17:54:01.467  3168  3180 I art     : Starting a blocking GC Explicit
08-05 17:54:01.490   918   936 I ActivityManager: Displayed baseline.appteam.nith.hillffair/.activities.QuizActivity: +104ms
08-05 17:54:01.490 13866 13866 I GoogleInputMethodServic: GoogleInputMethodService.onFinishInput():3138 
08-05 17:54:01.491 13866 13866 I GoogleInputMethodServic: GoogleInputMethodService.onStartInput():1808 
08-05 17:54:01.493  3168  3180 I art     : Explicit concurrent mark sweep GC freed 149(5KB) AllocSpace objects, 0(0B) LOS objects, 23% free, 52MB/68MB, paused 928us total 26.138ms
08-05 17:54:01.504  3168  3180 I art     : Starting a blocking GC Explicit
08-05 17:54:01.529  3168  3180 I art     : Explicit concurrent mark sweep GC freed 18(848B) AllocSpace objects, 0(0B) LOS objects, 23% free, 52MB/68MB, paused 549us total 24.371ms
08-05 17:54:01.539  3168  3180 I art     : Starting a blocking GC Explicit
08-05 17:54:01.562  3168  3180 I art     : Explicit concurrent mark sweep GC freed 7(240B) AllocSpace objects, 0(0B) LOS objects, 23% free, 52MB/68MB, paused 565us total 22.591ms
08-05 17:54:01.749   380   380 W SurfaceFlinger: couldn't log to binary event log: overflow.
08-05 17:54:01.859  3168  3180 I art     : Starting a blocking GC Explicit
08-05 17:54:01.886  3168  3180 I art     : Explicit concurrent mark sweep GC freed 1440(84KB) AllocSpace objects, 1(20KB) LOS objects, 23% free, 52MB/68MB, paused 565us total 26.791ms
08-05 17:54:01.898  3168  3180 I art     : Starting a blocking GC Explicit
08-05 17:54:01.924  3168  3180 I art     : Explicit concurrent mark sweep GC freed 20(704B) AllocSpace objects, 0(0B) LOS objects, 23% free, 52MB/68MB, paused 588us total 26.178ms
08-05 17:54:01.935  3168  3180 I art     : Starting a blocking GC Explicit
08-05 17:54:01.961  3168  3180 I art     : Explicit concurrent mark sweep GC freed 3(96B) AllocSpace objects, 0(0B) LOS objects, 23% free, 52MB/68MB, paused 583us total 25.887ms
08-05 17:54:01.973  3168  3180 I art     : Starting a blocking GC Explicit
08-05 17:54:02.000  3168  3180 I art     : Explicit concurrent mark sweep GC freed 3(96B) AllocSpace objects, 0(0B) LOS objects, 23% free, 52MB/68MB, paused 593us total 27.057ms
08-05 17:54:02.011  3168  3180 I art     : Starting a blocking GC Explicit
08-05 17:54:02.038  3168  3180 I art     : Explicit concurrent mark sweep GC freed 3(96B) AllocSpace objects, 0(0B) LOS objects, 23% free, 52MB/68MB, paused 602us total 26.718ms
08-05 17:54:02.341  3168  4054 I art     : Starting a blocking GC Explicit
08-05 17:54:02.377  3168  4054 I art     : Explicit concurrent mark sweep GC freed 1343(78KB) AllocSpace objects, 1(20KB) LOS objects, 23% free, 52MB/68MB, paused 640us total 35.301ms
08-05 17:54:02.393  3168  4054 I art     : Starting a blocking GC Explicit
08-05 17:54:02.419  3168  4054 I art     : Explicit concurrent mark sweep GC freed 20(704B) AllocSpace objects, 0(0B) LOS objects, 23% free, 52MB/68MB, paused 584us total 25.831ms
08-05 17:54:02.430  3168  4054 I art     : Starting a blocking GC Explicit
08-05 17:54:02.457  3168  4054 I art     : Explicit concurrent mark sweep GC freed 3(96B) AllocSpace objects, 0(0B) LOS objects, 23% free, 52MB/68MB, paused 720us total 26.817ms
08-05 17:54:02.468  3168  4054 I art     : Starting a blocking GC Explicit
08-05 17:54:02.474  3129  3129 I ServiceManager: Waiting for service AtCmdFwd...
08-05 17:54:02.495  3168  4054 I art     : Explicit concurrent mark sweep GC freed 3(96B) AllocSpace objects, 0(0B) LOS objects, 23% free, 52MB/68MB, paused 595us total 26.622ms
08-05 17:54:02.506  3168  4054 I art     : Starting a blocking GC Explicit
08-05 17:54:02.533  3168  4054 I art     : Explicit concurrent mark sweep GC freed 3(96B) AllocSpace objects, 0(0B) LOS objects, 23% free, 52MB/68MB, paused 602us total 26.718ms
08-05 17:54:02.845  3168  3295 I art     : Starting a blocking GC Explicit
08-05 17:54:02.873  3168  3295 I art     : Explicit concurrent mark sweep GC freed 1535(90KB) AllocSpace objects, 1(20KB) LOS objects, 23% free, 52MB/68MB, paused 684us total 27.949ms
08-05 17:54:02.884  3168  3295 I art     : Starting a blocking GC Explicit
08-05 17:54:02.911  3168  3295 I art     : Explicit concurrent mark sweep GC freed 42(1792B) AllocSpace objects, 0(0B) LOS objects, 23% free, 52MB/68MB, paused 689us total 26.922ms
08-05 17:54:02.923  3168  3295 I art     : Starting a blocking GC Explicit
08-05 17:54:02.950  3168  3295 I art     : Explicit concurrent mark sweep GC freed 84(4KB) AllocSpace objects, 0(0B) LOS objects, 23% free, 52MB/68MB, paused 635us total 26.758ms
08-05 17:54:02.961  3168  3295 I art     : Starting a blocking GC Explicit
08-05 17:54:02.988  3168  3295 I art     : Explicit concurrent mark sweep GC freed 215(8KB) AllocSpace objects, 0(0B) LOS objects, 23% free, 52MB/68MB, paused 837us total 27.328ms
08-05 17:54:02.999  3168  3295 I art     : Starting a blocking GC Explicit
08-05 17:54:03.027  3168  3295 I art     : Explicit concurrent mark sweep GC freed 1681(66KB) AllocSpace objects, 0(0B) LOS objects, 23% free, 52MB/68MB, paused 742us total 27.596ms
08-05 17:54:03.038  3168  5863 W OneSignal: OneSignalRestClient: POST Error thrown from network stack. 
08-05 17:54:03.038  3168  5863 W OneSignal: java.io.IOException: unexpected end of stream on Connection{api.onesignal.com:443, proxy=HTTP@192.168.2.12:8080 hostAddress=192.168.2.12 cipherSuite=TLS_ECDHE_RSA_WITH_AES_128_GCM_SHA256 protocol=http/1.1} (recycle count=0)
08-05 17:54:03.038  3168  5863 W OneSignal: 	at com.android.okhttp.internal.http.HttpConnection.readResponse(HttpConnection.java:210)
08-05 17:54:03.038  3168  5863 W OneSignal: 	at com.android.okhttp.internal.http.HttpTransport.readResponseHeaders(HttpTransport.java:80)
08-05 17:54:03.038  3168  5863 W OneSignal: 	at com.android.okhttp.internal.http.HttpEngine.readNetworkResponse(HttpEngine.java:904)
08-05 17:54:03.038  3168  5863 W OneSignal: 	at com.android.okhttp.internal.http.HttpEngine.readResponse(HttpEngine.java:788)
08-05 17:54:03.038  3168  5863 W OneSignal: 	at com.android.okhttp.internal.huc.HttpURLConnectionImpl.execute(HttpURLConnectionImpl.java:439)
08-05 17:54:03.038  3168  5863 W OneSignal: 	at com.android.okhttp.internal.huc.HttpURLConnectionImpl.getResponse(HttpURLConnectionImpl.java:384)
08-05 17:54:03.038  3168  5863 W OneSignal: 	at com.android.okhttp.internal.huc.HttpURLConnectionImpl.getResponseCode(HttpURLConnectionImpl.java:497)
08-05 17:54:03.038  3168  5863 W OneSignal: 	at com.android.okhttp.internal.huc.DelegatingHttpsURLConnection.getResponseCode(DelegatingHttpsURLConnection.java:105)
08-05 17:54:03.038  3168  5863 W OneSignal: 	at com.android.okhttp.internal.huc.HttpsURLConnectionImpl.getResponseCode(HttpsURLConnectionImpl.java)
08-05 17:54:03.038  3168  5863 W OneSignal: 	at com.onesignal.OneSignalRestClient.startHTTPConnection(OneSignalRestClient.java:180)
08-05 17:54:03.038  3168  5863 W OneSignal: 	at com.onesignal.OneSignalRestClient.access$100(OneSignalRestClient.java:44)
08-05 17:54:03.038  3168  5863 W OneSignal: 	at com.onesignal.OneSignalRestClient$4.run(OneSignalRestClient.java:110)
08-05 17:54:03.038  3168  5863 W OneSignal: 	at java.lang.Thread.run(Thread.java:818)
08-05 17:54:03.038  3168  5863 W OneSignal: Caused by: java.io.EOFException: \n not found: size=0 content=...
08-05 17:54:03.038  3168  5863 W OneSignal: 	at com.android.okhttp.okio.RealBufferedSource.readUtf8LineStrict(RealBufferedSource.java:200)
08-05 17:54:03.038  3168  5863 W OneSignal: 	at com.android.okhttp.internal.http.HttpConnection.readResponse(HttpConnection.java:191)
08-05 17:54:03.038  3168  5863 W OneSignal: 	... 12 more
08-05 17:54:03.039  3168  5864 W OneSignal: Failed last request. statusCode: -1
08-05 17:54:03.039  3168  5864 W OneSignal: response: null
08-05 17:54:03.335  3168  3295 I art     : Starting a blocking GC Explicit
08-05 17:54:03.363  3168  3295 I art     : Explicit concurrent mark sweep GC freed 1814(153KB) AllocSpace objects, 1(20KB) LOS objects, 23% free, 52MB/68MB, paused 603us total 27.140ms
08-05 17:54:03.374  3168  3295 I art     : Starting a blocking GC Explicit
08-05 17:54:03.403  3168  3295 I art     : Explicit concurrent mark sweep GC freed 24(896B) AllocSpace objects, 0(0B) LOS objects, 23% free, 52MB/68MB, paused 620us total 28.659ms
08-05 17:54:03.415  3168  3295 I art     : Starting a blocking GC Explicit
08-05 17:54:03.443  3168  3295 I art     : Explicit concurrent mark sweep GC freed 3(96B) AllocSpace objects, 0(0B) LOS objects, 23% free, 52MB/68MB, paused 610us total 28.092ms
08-05 17:54:03.454  3168  3295 I art     : Starting a blocking GC Explicit
08-05 17:54:03.474  3129  3129 I ServiceManager: Waiting for service AtCmdFwd...
08-05 17:54:03.483  3168  3295 I art     : Explicit concurrent mark sweep GC freed 3(96B) AllocSpace objects, 0(0B) LOS objects, 23% free, 52MB/68MB, paused 698us total 28.480ms
08-05 17:54:03.495  3168  3295 I art     : Starting a blocking GC Explicit
08-05 17:54:03.524  3168  3295 I art     : Explicit concurrent mark sweep GC freed 3(96B) AllocSpace objects, 0(0B) LOS objects, 23% free, 52MB/68MB, paused 622us total 29.077ms
08-05 17:54:03.823  3168  5563 I art     : Starting a blocking GC Explicit
08-05 17:54:03.850  3168  5563 I art     : Explicit concurrent mark sweep GC freed 1343(78KB) AllocSpace objects, 1(20KB) LOS objects, 23% free, 52MB/68MB, paused 619us total 26.769ms
08-05 17:54:03.861  3168  5563 I art     : Starting a blocking GC Explicit
08-05 17:54:03.888  3168  5563 I art     : Explicit concurrent mark sweep GC freed 20(704B) AllocSpace objects, 0(0B) LOS objects, 23% free, 52MB/68MB, paused 627us total 27.122ms
08-05 17:54:03.899  3168  5563 I art     : Starting a blocking GC Explicit
08-05 17:54:03.926  3168  5563 I art     : Explicit concurrent mark sweep GC freed 3(96B) AllocSpace objects, 0(0B) LOS objects, 23% free, 52MB/68MB, paused 613us total 26.164ms
08-05 17:54:03.937  3168  5563 I art     : Starting a blocking GC Explicit
08-05 17:54:03.965  3168  5563 I art     : Explicit concurrent mark sweep GC freed 3(96B) AllocSpace objects, 0(0B) LOS objects, 23% free, 52MB/68MB, paused 644us total 27.239ms
08-05 17:54:03.976  3168  5563 I art     : Starting a blocking GC Explicit
08-05 17:54:04.004  3168  5563 I art     : Explicit concurrent mark sweep GC freed 3(96B) AllocSpace objects, 0(0B) LOS objects, 23% free, 52MB/68MB, paused 634us total 27.837ms
08-05 17:54:04.207  5875  5875 D AndroidRuntime: >>>>>> START com.android.internal.os.RuntimeInit uid 2000 <<<<<<
08-05 17:54:04.213  5875  5875 D AndroidRuntime: CheckJNI is OFF
08-05 17:54:04.254  5875  5875 D ICU     : No timezone override file found: /data/misc/zoneinfo/current/icu/icu_tzdata.dat
08-05 17:54:04.296  5875  5875 I Radio-JNI: register_android_hardware_Radio DONE
08-05 17:54:04.326  5875  5875 D AndroidRuntime: Calling main entry com.android.commands.input.Input
08-05 17:54:04.327  3168  3183 I art     : Starting a blocking GC Explicit
08-05 17:54:04.328  5875  5875 I Input   : injectMotionEvent: MotionEvent { action=ACTION_DOWN, actionButton=0, id[0]=0, x[0]=756.0, y[0]=1530.0, toolType[0]=TOOL_TYPE_UNKNOWN, buttonState=0, metaState=0, flags=0x0, edgeFlags=0x0, pointerCount=1, historySize=0, eventTime=813260740, downTime=813260740, deviceId=0, source=0x1002 }
08-05 17:54:04.332  5875  5875 I Input   : injectMotionEvent: MotionEvent { action=ACTION_UP, actionButton=0, id[0]=0, x[0]=756.0, y[0]=1530.0, toolType[0]=TOOL_TYPE_UNKNOWN, buttonState=0, metaState=0, flags=0x0, edgeFlags=0x0, pointerCount=1, historySize=0, eventTime=813260740, downTime=813260740, deviceId=0, source=0x1002 }
08-05 17:54:04.334  5875  5875 D AndroidRuntime: Shutting down VM
08-05 17:54:04.354   918  6111 I ActivityManager: START u0 {cmp=baseline.appteam.nith.hillffair/.activities.LeaderBoardActivity} from uid 10675 on display 0
08-05 17:54:04.357   512  2967 D audio_hw_primary: out_set_parameters: enter: usecase(1: low-latency-playback) kvpairs: routing=2
08-05 17:54:04.357  3168  3183 I art     : Explicit concurrent mark sweep GC freed 1374(79KB) AllocSpace objects, 1(20KB) LOS objects, 23% free, 52MB/68MB, paused 991us total 28.770ms
08-05 17:54:04.369  3168  3183 I art     : Starting a blocking GC Explicit
08-05 17:54:04.370   512  2967 D audio_hw_primary: select_devices: out_snd_device(2: speaker) in_snd_device(0: none)
08-05 17:54:04.370   512  2967 D msm8974_platform: platform_send_audio_calibration: sending audio calibration for snd_device(2) acdb_id(15)
08-05 17:54:04.370   512  2967 I soundtrigger: audio_extn_sound_trigger_update_device_status: device 0x2 of type 0 for Event 1
08-05 17:54:04.381   512  2967 D audio_hw_primary: enable_snd_device: snd_device(2: speaker)
08-05 17:54:04.384   512  2967 D audio_hw_primary: enable_audio_route: apply and update mixer path: low-latency-playback speaker
08-05 17:54:04.395  3168  3183 I art     : Explicit concurrent mark sweep GC freed 3297(177KB) AllocSpace objects, 0(0B) LOS objects, 23% free, 52MB/68MB, paused 959us total 25.576ms
08-05 17:54:04.406  3168  3183 I art     : Starting a blocking GC Explicit
08-05 17:54:04.432  3168  3183 I art     : Explicit concurrent mark sweep GC freed 1950(143KB) AllocSpace objects, 0(0B) LOS objects, 23% free, 52MB/68MB, paused 645us total 25.622ms
08-05 17:54:04.443  3168  3183 I art     : Starting a blocking GC Explicit
08-05 17:54:04.444  3168  3168 E RecyclerView: No adapter attached; skipping layout
08-05 17:54:04.447  3168  3168 E RecyclerView: No adapter attached; skipping layout
08-05 17:54:04.463   918   936 I ActivityManager: Displayed baseline.appteam.nith.hillffair/.activities.LeaderBoardActivity: +98ms
08-05 17:54:04.463 13866 13866 I GoogleInputMethodServic: GoogleInputMethodService.onFinishInput():3138 
08-05 17:54:04.464 13866 13866 I GoogleInputMethodServic: GoogleInputMethodService.onStartInput():1808 
08-05 17:54:04.467  3168  3168 E RecyclerView: No adapter attached; skipping layout
08-05 17:54:04.471  3168  3183 I art     : Explicit concurrent mark sweep GC freed 262(12KB) AllocSpace objects, 0(0B) LOS objects, 23% free, 52MB/68MB, paused 785us total 27.320ms
08-05 17:54:04.475  3129  3129 I ServiceManager: Waiting for service AtCmdFwd...
08-05 17:54:04.482  3168  3183 I art     : Starting a blocking GC Explicit
08-05 17:54:04.492  3168  3197 D OpenGLRenderer: endAllStagingAnimators on 0x7f7d9d2000 (RippleDrawable) with handle 0x7f7edfa380
08-05 17:54:04.509  3168  3183 I art     : Explicit concurrent mark sweep GC freed 33(1536B) AllocSpace objects, 0(0B) LOS objects, 23% free, 52MB/68MB, paused 671us total 26.269ms
08-05 17:54:04.751   380   380 W SurfaceFlinger: couldn't log to binary event log: overflow.
08-05 17:54:04.811  3168  3295 I art     : Starting a blocking GC Explicit
08-05 17:54:04.839  3168  3295 I art     : Explicit concurrent mark sweep GC freed 1410(80KB) AllocSpace objects, 1(20KB) LOS objects, 23% free, 52MB/68MB, paused 1.157ms total 27.084ms
08-05 17:54:04.852  3168  3295 I art     : Starting a blocking GC Explicit
08-05 17:54:04.880  3168  3295 I art     : Explicit concurrent mark sweep GC freed 1250(83KB) AllocSpace objects, 2(120KB) LOS objects, 23% free, 53MB/69MB, paused 989us total 27.734ms
08-05 17:54:04.891  3168  3295 I art     : Starting a blocking GC Explicit
08-05 17:54:04.894  3168  5909 D OkHttp  : --> GET https://api-hillfair-2k16.herokuapp.com/api/app/quiz/leaderboard?from=1 http/1.1
08-05 17:54:04.916  3168  3295 I art     : Explicit concurrent mark sweep GC freed 2398(167KB) AllocSpace objects, 1(80KB) LOS objects, 23% free, 52MB/68MB, paused 637us total 24.725ms
08-05 17:54:04.926  3168  3295 I art     : Starting a blocking GC Explicit
08-05 17:54:04.929   512  2967 D audio_hw_primary: disable_audio_route: reset and update mixer path: low-latency-playback speaker
08-05 17:54:04.930   512  2967 D audio_hw_primary: disable_snd_device: snd_device(2: speaker)
08-05 17:54:04.937  3168  5909 D OkHttp  : <-- 200 OK https://api-hillfair-2k16.herokuapp.com/api/app/quiz/leaderboard?from=1 (43ms, 56744-byte body)
08-05 17:54:04.938   512  2967 I soundtrigger: audio_extn_sound_trigger_update_device_status: device 0x2 of type 0 for Event 0
08-05 17:54:04.952  3168  3295 I art     : Explicit concurrent mark sweep GC freed 2307(137KB) AllocSpace objects, 0(0B) LOS objects, 23% free, 52MB/68MB, paused 757us total 25.875ms
08-05 17:54:04.963  3168  3295 I art     : Starting a blocking GC Explicit
08-05 17:54:04.991  3168  3295 I art     : Explicit concurrent mark sweep GC freed 14269(635KB) AllocSpace objects, 0(0B) LOS objects, 23% free, 53MB/69MB, paused 681us total 27.887ms
08-05 17:54:05.020  3168  3168 I NAPPA_EXPERIMENTATION: MetricNetworkRequestExecutionTime: REQUEST_DURATION_SYSTEM='624',REQUEST_DURATION_OKHTTP='43',REQUEST_SYNCHRONOUS='FALSE',RESPONSE_CODE='200',RESPONSE_METHOD='GET',RESPONSE_LENGTH_OKHTTP='56744',RESPONSE_LENGTH_HEADER='56744',REQUEST_PROTOCOL='http/1.1',REQUEST_URL='https://api-hillfair-2k16.herokuapp.com/api/app/quiz/leaderboard?from=1',
08-05 17:54:05.297  3168  3183 I art     : Starting a blocking GC Explicit
08-05 17:54:05.335  3168  3183 I art     : Explicit concurrent mark sweep GC freed 11245(549KB) AllocSpace objects, 1(20KB) LOS objects, 23% free, 53MB/69MB, paused 642us total 37.139ms
08-05 17:54:05.348  3168  3183 I art     : Starting a blocking GC Explicit
08-05 17:54:05.378  3168  3183 I art     : Explicit concurrent mark sweep GC freed 87(3KB) AllocSpace objects, 0(0B) LOS objects, 23% free, 53MB/69MB, paused 664us total 28.891ms
08-05 17:54:05.389  3168  3183 I art     : Starting a blocking GC Explicit
08-05 17:54:05.419  3168  3183 I art     : Explicit concurrent mark sweep GC freed 3(96B) AllocSpace objects, 0(0B) LOS objects, 23% free, 53MB/69MB, paused 636us total 29.240ms
08-05 17:54:05.430  3168  3183 I art     : Starting a blocking GC Explicit
08-05 17:54:05.459  3168  3183 I art     : Explicit concurrent mark sweep GC freed 3(96B) AllocSpace objects, 0(0B) LOS objects, 23% free, 53MB/69MB, paused 612us total 28.668ms
08-05 17:54:05.471  3168  3183 I art     : Starting a blocking GC Explicit
08-05 17:54:05.475  3129  3129 I ServiceManager: Waiting for service AtCmdFwd...
08-05 17:54:05.500  3168  3183 I art     : Explicit concurrent mark sweep GC freed 3(96B) AllocSpace objects, 0(0B) LOS objects, 23% free, 53MB/69MB, paused 623us total 28.834ms
08-05 17:54:05.824  3168  5563 I art     : Starting a blocking GC Explicit
08-05 17:54:05.861  3168  5563 I art     : Explicit concurrent mark sweep GC freed 1344(78KB) AllocSpace objects, 1(20KB) LOS objects, 23% free, 53MB/69MB, paused 657us total 36.464ms
08-05 17:54:05.875  3168  5563 I art     : Starting a blocking GC Explicit
08-05 17:54:05.907  3168  5563 I art     : Explicit concurrent mark sweep GC freed 20(704B) AllocSpace objects, 0(0B) LOS objects, 23% free, 53MB/69MB, paused 652us total 31.633ms
08-05 17:54:05.919  3168  5563 I art     : Starting a blocking GC Explicit
08-05 17:54:05.951  3168  5563 I art     : Explicit concurrent mark sweep GC freed 3(96B) AllocSpace objects, 0(0B) LOS objects, 23% free, 53MB/69MB, paused 646us total 31.722ms
08-05 17:54:05.963  3168  5563 I art     : Starting a blocking GC Explicit
08-05 17:54:05.995  3168  5563 I art     : Explicit concurrent mark sweep GC freed 3(96B) AllocSpace objects, 0(0B) LOS objects, 23% free, 53MB/69MB, paused 620us total 31.842ms
08-05 17:54:06.007  3168  5563 I art     : Starting a blocking GC Explicit
08-05 17:54:06.039  3168  5563 I art     : Explicit concurrent mark sweep GC freed 3(96B) AllocSpace objects, 0(0B) LOS objects, 23% free, 53MB/69MB, paused 652us total 31.719ms
08-05 17:54:06.039  3168  3179 I art     : WaitForGcToComplete blocked for 5.752ms for cause HeapTrim
08-05 17:54:06.372  3168  3180 I art     : Starting a blocking GC Explicit
08-05 17:54:06.411  3168  3180 I art     : Explicit concurrent mark sweep GC freed 1344(78KB) AllocSpace objects, 1(20KB) LOS objects, 23% free, 53MB/69MB, paused 663us total 38.146ms
08-05 17:54:06.426  3168  3180 I art     : Starting a blocking GC Explicit
08-05 17:54:06.457  3168  3180 I art     : Explicit concurrent mark sweep GC freed 20(704B) AllocSpace objects, 0(0B) LOS objects, 23% free, 53MB/69MB, paused 695us total 31.017ms
08-05 17:54:06.469  3168  3180 I art     : Starting a blocking GC Explicit
08-05 17:54:06.476  3129  3129 I ServiceManager: Waiting for service AtCmdFwd...
08-05 17:54:06.500  3168  3180 I art     : Explicit concurrent mark sweep GC freed 3(96B) AllocSpace objects, 0(0B) LOS objects, 23% free, 53MB/69MB, paused 576us total 31.092ms
08-05 17:54:06.512  3168  3180 I art     : Starting a blocking GC Explicit
08-05 17:54:06.544  3168  3180 I art     : Explicit concurrent mark sweep GC freed 3(96B) AllocSpace objects, 0(0B) LOS objects, 23% free, 53MB/69MB, paused 648us total 31.472ms
08-05 17:54:06.556  3168  3180 I art     : Starting a blocking GC Explicit
08-05 17:54:06.588  3168  3180 I art     : Explicit concurrent mark sweep GC freed 3(96B) AllocSpace objects, 0(0B) LOS objects, 23% free, 53MB/69MB, paused 632us total 31.792ms
08-05 17:54:06.923  3168  4054 I art     : Starting a blocking GC Explicit
08-05 17:54:06.966  3168  4054 I art     : Explicit concurrent mark sweep GC freed 1344(78KB) AllocSpace objects, 1(20KB) LOS objects, 23% free, 53MB/69MB, paused 661us total 42.191ms
08-05 17:54:06.980  3168  4054 I art     : Starting a blocking GC Explicit
08-05 17:54:07.010  3168  4054 I art     : Explicit concurrent mark sweep GC freed 20(704B) AllocSpace objects, 0(0B) LOS objects, 23% free, 53MB/69MB, paused 656us total 29.412ms
08-05 17:54:07.022  3168  4054 I art     : Starting a blocking GC Explicit
08-05 17:54:07.053  3168  4054 I art     : Explicit concurrent mark sweep GC freed 3(96B) AllocSpace objects, 0(0B) LOS objects, 23% free, 53MB/69MB, paused 627us total 31.302ms
08-05 17:54:07.065  3168  4054 I art     : Starting a blocking GC Explicit
08-05 17:54:07.097  3168  4054 I art     : Explicit concurrent mark sweep GC freed 3(96B) AllocSpace objects, 0(0B) LOS objects, 23% free, 53MB/69MB, paused 624us total 31.416ms
08-05 17:54:07.108  3168  4054 I art     : Starting a blocking GC Explicit
08-05 17:54:07.140  3168  4054 I art     : Explicit concurrent mark sweep GC freed 3(96B) AllocSpace objects, 0(0B) LOS objects, 23% free, 53MB/69MB, paused 628us total 31.138ms
08-05 17:54:07.476  3129  3129 W Atfwd_Sendcmd: AtCmdFwd service not published, waiting... retryCnt : 3
08-05 17:54:07.484  3168  3295 I art     : Starting a blocking GC Explicit
08-05 17:54:07.527  3168  3295 I art     : Explicit concurrent mark sweep GC freed 1344(78KB) AllocSpace objects, 1(20KB) LOS objects, 23% free, 53MB/69MB, paused 692us total 42.083ms
08-05 17:54:07.543  3168  3295 I art     : Starting a blocking GC Explicit
08-05 17:54:07.580  3168  3295 I art     : Explicit concurrent mark sweep GC freed 20(704B) AllocSpace objects, 0(0B) LOS objects, 23% free, 53MB/69MB, paused 666us total 36.335ms
08-05 17:54:07.595  3168  3295 I art     : Starting a blocking GC Explicit
08-05 17:54:07.627  3168  3295 I art     : Explicit concurrent mark sweep GC freed 3(96B) AllocSpace objects, 0(0B) LOS objects, 23% free, 53MB/69MB, paused 634us total 30.803ms
08-05 17:54:07.638  3168  3295 I art     : Starting a blocking GC Explicit
08-05 17:54:07.670  3168  3295 I art     : Explicit concurrent mark sweep GC freed 3(96B) AllocSpace objects, 0(0B) LOS objects, 23% free, 53MB/69MB, paused 627us total 31.614ms
08-05 17:54:07.682  3168  3295 I art     : Starting a blocking GC Explicit
08-05 17:54:07.713  3168  3295 I art     : Explicit concurrent mark sweep GC freed 3(96B) AllocSpace objects, 0(0B) LOS objects, 23% free, 53MB/69MB, paused 626us total 30.269ms
08-05 17:54:08.046  3168  3183 I art     : Starting a blocking GC Explicit
08-05 17:54:08.086  3168  3183 I art     : Explicit concurrent mark sweep GC freed 1344(78KB) AllocSpace objects, 1(20KB) LOS objects, 23% free, 53MB/69MB, paused 615us total 39.114ms
08-05 17:54:08.100  3168  3183 I art     : Starting a blocking GC Explicit
08-05 17:54:08.131  3168  3183 I art     : Explicit concurrent mark sweep GC freed 20(704B) AllocSpace objects, 0(0B) LOS objects, 23% free, 53MB/69MB, paused 642us total 29.917ms
08-05 17:54:08.142  3168  3183 I art     : Starting a blocking GC Explicit
08-05 17:54:08.174  3168  3183 I art     : Explicit concurrent mark sweep GC freed 3(96B) AllocSpace objects, 0(0B) LOS objects, 23% free, 53MB/69MB, paused 622us total 31.828ms
08-05 17:54:08.187  3168  3183 I art     : Starting a blocking GC Explicit
08-05 17:54:08.217  3168  3183 I art     : Explicit concurrent mark sweep GC freed 3(96B) AllocSpace objects, 0(0B) LOS objects, 23% free, 53MB/69MB, paused 691us total 30.131ms
08-05 17:54:08.229  3168  3183 I art     : Starting a blocking GC Explicit
08-05 17:54:08.259  3168  3183 I art     : Explicit concurrent mark sweep GC freed 3(96B) AllocSpace objects, 0(0B) LOS objects, 23% free, 53MB/69MB, paused 630us total 29.954ms
08-05 17:54:08.575  3168  5563 I art     : Starting a blocking GC Explicit
08-05 17:54:08.611  3168  5563 I art     : Explicit concurrent mark sweep GC freed 1344(78KB) AllocSpace objects, 1(20KB) LOS objects, 23% free, 53MB/69MB, paused 636us total 35.404ms
08-05 17:54:08.623  3168  5563 I art     : Starting a blocking GC Explicit
08-05 17:54:08.652  3168  5563 I art     : Explicit concurrent mark sweep GC freed 20(704B) AllocSpace objects, 0(0B) LOS objects, 23% free, 53MB/69MB, paused 633us total 29.528ms
08-05 17:54:08.664  3168  5563 I art     : Starting a blocking GC Explicit
08-05 17:54:08.694  3168  5563 I art     : Explicit concurrent mark sweep GC freed 3(96B) AllocSpace objects, 0(0B) LOS objects, 23% free, 53MB/69MB, paused 644us total 29.839ms
08-05 17:54:08.706  3168  5563 I art     : Starting a blocking GC Explicit
08-05 17:54:08.735  3168  5563 I art     : Explicit concurrent mark sweep GC freed 3(96B) AllocSpace objects, 0(0B) LOS objects, 23% free, 53MB/69MB, paused 618us total 28.617ms
08-05 17:54:08.746  3168  5563 I art     : Starting a blocking GC Explicit
08-05 17:54:08.777  3168  5563 I art     : Explicit concurrent mark sweep GC freed 3(96B) AllocSpace objects, 0(0B) LOS objects, 23% free, 53MB/69MB, paused 701us total 30.550ms
08-05 17:54:09.109  3168  3180 I art     : Starting a blocking GC Explicit
08-05 17:54:09.117  5992  5992 D AndroidRuntime: >>>>>> START com.android.internal.os.RuntimeInit uid 2000 <<<<<<
08-05 17:54:09.124  5992  5992 D AndroidRuntime: CheckJNI is OFF
08-05 17:54:09.140  3168  3180 I art     : Explicit concurrent mark sweep GC freed 1344(78KB) AllocSpace objects, 1(20KB) LOS objects, 23% free, 53MB/69MB, paused 659us total 31.154ms
08-05 17:54:09.152  3168  3180 I art     : Starting a blocking GC Explicit
08-05 17:54:09.172  5992  5992 D ICU     : No timezone override file found: /data/misc/zoneinfo/current/icu/icu_tzdata.dat
08-05 17:54:09.182  3168  3180 I art     : Explicit concurrent mark sweep GC freed 24(832B) AllocSpace objects, 0(0B) LOS objects, 23% free, 53MB/69MB, paused 605us total 29.718ms
08-05 17:54:09.193  3168  3180 I art     : Starting a blocking GC Explicit
08-05 17:54:09.218  5992  5992 I Radio-JNI: register_android_hardware_Radio DONE
08-05 17:54:09.223  3168  3180 I art     : Explicit concurrent mark sweep GC freed 20(976B) AllocSpace objects, 0(0B) LOS objects, 23% free, 53MB/69MB, paused 628us total 29.391ms
08-05 17:54:09.234  3168  3180 I art     : Starting a blocking GC Explicit
08-05 17:54:09.249  5992  5992 D AndroidRuntime: Calling main entry com.android.commands.input.Input
08-05 17:54:09.250  5992  5992 I Input   : injectKeyEvent: KeyEvent { action=ACTION_DOWN, keyCode=KEYCODE_BACK, scanCode=0, metaState=0, flags=0x0, repeatCount=0, eventTime=813265663, downTime=813265663, deviceId=-1, source=0x101 }
08-05 17:54:09.257  5992  5992 I Input   : injectKeyEvent: KeyEvent { action=ACTION_UP, keyCode=KEYCODE_BACK, scanCode=0, metaState=0, flags=0x0, repeatCount=0, eventTime=813265663, downTime=813265663, deviceId=-1, source=0x101 }
08-05 17:54:09.262  5992  5992 D AndroidRuntime: Shutting down VM
08-05 17:54:09.263  3168  3180 I art     : Explicit concurrent mark sweep GC freed 21(720B) AllocSpace objects, 0(0B) LOS objects, 23% free, 53MB/69MB, paused 777us total 28.489ms
08-05 17:54:09.275  3168  3180 I art     : Starting a blocking GC Explicit
08-05 17:54:09.301  3168  3180 I art     : Explicit concurrent mark sweep GC freed 102(4KB) AllocSpace objects, 0(0B) LOS objects, 23% free, 53MB/69MB, paused 571us total 26.232ms
08-05 17:54:09.312 13866 13866 I GoogleInputMethodServic: GoogleInputMethodService.onFinishInput():3138 
08-05 17:54:09.312 13866 13866 I GoogleInputMethodServic: GoogleInputMethodService.onStartInput():1808 
08-05 17:54:09.321   918  3261 D WifiStateMachine: starting scan for "H369AA63323"WPA_PSK with 2412,5180
08-05 17:54:09.587  3168  4054 I art     : Starting a blocking GC Explicit
08-05 17:54:09.617  3168  4054 I art     : Explicit concurrent mark sweep GC freed 1380(79KB) AllocSpace objects, 1(20KB) LOS objects, 23% free, 53MB/69MB, paused 694us total 29.993ms
08-05 17:54:09.623   380   380 W SurfaceFlinger: couldn't log to binary event log: overflow.
08-05 17:54:09.631  3168  4054 I art     : Starting a blocking GC Explicit
08-05 17:54:09.656  3168  4054 I art     : Explicit concurrent mark sweep GC freed 145(9KB) AllocSpace objects, 0(0B) LOS objects, 23% free, 53MB/69MB, paused 577us total 24.720ms
08-05 17:54:09.667  3168  4054 I art     : Starting a blocking GC Explicit
08-05 17:54:09.693  3168  4054 I art     : Explicit concurrent mark sweep GC freed 4681(268KB) AllocSpace objects, 2(140KB) LOS objects, 23% free, 52MB/68MB, paused 576us total 25.523ms
08-05 17:54:09.703  3168  4054 I art     : Starting a blocking GC Explicit
08-05 17:54:09.728  3168  4054 I art     : Explicit concurrent mark sweep GC freed 3(96B) AllocSpace objects, 0(0B) LOS objects, 23% free, 52MB/68MB, paused 707us total 25.043ms
08-05 17:54:09.739  3168  4054 I art     : Starting a blocking GC Explicit
08-05 17:54:09.765  3168  4054 I art     : Explicit concurrent mark sweep GC freed 3(96B) AllocSpace objects, 0(0B) LOS objects, 23% free, 52MB/68MB, paused 564us total 25.371ms
08-05 17:54:10.071  3168  3183 I art     : Starting a blocking GC Explicit
08-05 17:54:10.110  3168  3183 I art     : Explicit concurrent mark sweep GC freed 1344(78KB) AllocSpace objects, 1(20KB) LOS objects, 23% free, 52MB/68MB, paused 755us total 37.945ms
08-05 17:54:10.129  3168  3183 I art     : Starting a blocking GC Explicit
08-05 17:54:10.160  3168  3183 I art     : Explicit concurrent mark sweep GC freed 20(704B) AllocSpace objects, 0(0B) LOS objects, 23% free, 52MB/68MB, paused 586us total 30.905ms
08-05 17:54:10.171  3168  3183 I art     : Starting a blocking GC Explicit
08-05 17:54:10.199  3168  3183 I art     : Explicit concurrent mark sweep GC freed 3(96B) AllocSpace objects, 0(0B) LOS objects, 23% free, 52MB/68MB, paused 570us total 27.166ms
08-05 17:54:10.210  3168  3183 I art     : Starting a blocking GC Explicit
08-05 17:54:10.238  3168  3183 I art     : Explicit concurrent mark sweep GC freed 3(96B) AllocSpace objects, 0(0B) LOS objects, 23% free, 52MB/68MB, paused 600us total 27.259ms
08-05 17:54:10.249  3168  3183 I art     : Starting a blocking GC Explicit
08-05 17:54:10.275  3168  3183 I art     : Explicit concurrent mark sweep GC freed 3(96B) AllocSpace objects, 0(0B) LOS objects, 23% free, 52MB/68MB, paused 579us total 26.133ms
08-05 17:54:10.580  3168  3295 I art     : Starting a blocking GC Explicit
08-05 17:54:10.608  3168  3295 I art     : Explicit concurrent mark sweep GC freed 1343(78KB) AllocSpace objects, 1(20KB) LOS objects, 23% free, 52MB/68MB, paused 676us total 27.038ms
08-05 17:54:10.619  3168  3295 I art     : Starting a blocking GC Explicit
08-05 17:54:10.645  3168  3295 I art     : Explicit concurrent mark sweep GC freed 20(704B) AllocSpace objects, 0(0B) LOS objects, 23% free, 52MB/68MB, paused 592us total 25.936ms
08-05 17:54:10.656  3168  3295 I art     : Starting a blocking GC Explicit
08-05 17:54:10.682  3168  3295 I art     : Explicit concurrent mark sweep GC freed 3(96B) AllocSpace objects, 0(0B) LOS objects, 23% free, 52MB/68MB, paused 591us total 26.038ms
08-05 17:54:10.693  3168  3295 I art     : Starting a blocking GC Explicit
08-05 17:54:10.719  3168  3295 I art     : Explicit concurrent mark sweep GC freed 3(96B) AllocSpace objects, 0(0B) LOS objects, 23% free, 52MB/68MB, paused 584us total 25.918ms
08-05 17:54:10.730  3168  3295 I art     : Starting a blocking GC Explicit
08-05 17:54:10.756  3168  3295 I art     : Explicit concurrent mark sweep GC freed 3(96B) AllocSpace objects, 0(0B) LOS objects, 23% free, 52MB/68MB, paused 600us total 25.767ms
08-05 17:54:11.043  6045  6045 D AndroidRuntime: >>>>>> START com.android.internal.os.RuntimeInit uid 2000 <<<<<<
08-05 17:54:11.049  6045  6045 D AndroidRuntime: CheckJNI is OFF
08-05 17:54:11.063  3168  3295 I art     : Starting a blocking GC Explicit
08-05 17:54:11.092  3168  3295 I art     : Explicit concurrent mark sweep GC freed 1367(79KB) AllocSpace objects, 1(20KB) LOS objects, 23% free, 52MB/68MB, paused 639us total 28.025ms
08-05 17:54:11.094  6045  6045 D ICU     : No timezone override file found: /data/misc/zoneinfo/current/icu/icu_tzdata.dat
08-05 17:54:11.103  3168  3295 I art     : Starting a blocking GC Explicit
08-05 17:54:11.129  3168  3295 I art     : Explicit concurrent mark sweep GC freed 25(864B) AllocSpace objects, 0(0B) LOS objects, 23% free, 52MB/68MB, paused 573us total 25.952ms
08-05 17:54:11.139  6045  6045 I Radio-JNI: register_android_hardware_Radio DONE
08-05 17:54:11.140  3168  3295 I art     : Starting a blocking GC Explicit
08-05 17:54:11.165  3168  3295 I art     : Explicit concurrent mark sweep GC freed 4(128B) AllocSpace objects, 0(0B) LOS objects, 23% free, 52MB/68MB, paused 543us total 24.970ms
08-05 17:54:11.168  6045  6045 D AndroidRuntime: Calling main entry com.android.commands.input.Input
08-05 17:54:11.170  6045  6045 I Input   : injectKeyEvent: KeyEvent { action=ACTION_DOWN, keyCode=KEYCODE_BACK, scanCode=0, metaState=0, flags=0x0, repeatCount=0, eventTime=813267583, downTime=813267583, deviceId=-1, source=0x101 }
08-05 17:54:11.176  3168  3295 I art     : Starting a blocking GC Explicit
08-05 17:54:11.177  6045  6045 I Input   : injectKeyEvent: KeyEvent { action=ACTION_UP, keyCode=KEYCODE_BACK, scanCode=0, metaState=0, flags=0x0, repeatCount=0, eventTime=813267583, downTime=813267583, deviceId=-1, source=0x101 }
08-05 17:54:11.183  6045  6045 D AndroidRuntime: Shutting down VM
08-05 17:54:11.200  3168  3295 I art     : Explicit concurrent mark sweep GC freed 136(6KB) AllocSpace objects, 0(0B) LOS objects, 23% free, 52MB/68MB, paused 581us total 23.515ms
08-05 17:54:11.211  3168  3295 I art     : Starting a blocking GC Explicit
08-05 17:54:11.219 13866 13866 I GoogleInputMethodServic: GoogleInputMethodService.onFinishInput():3138 
08-05 17:54:11.220 13866 13866 I GoogleInputMethodServic: GoogleInputMethodService.onStartInput():1808 
08-05 17:54:11.234  3168  3295 I art     : Explicit concurrent mark sweep GC freed 56(2032B) AllocSpace objects, 0(0B) LOS objects, 23% free, 52MB/68MB, paused 632us total 23.426ms
08-05 17:54:11.525   380   380 W SurfaceFlinger: couldn't log to binary event log: overflow.
08-05 17:54:11.534  3168  3295 I art     : Starting a blocking GC Explicit
08-05 17:54:11.561  3168  3295 I art     : Explicit concurrent mark sweep GC freed 1477(87KB) AllocSpace objects, 1(20KB) LOS objects, 23% free, 52MB/68MB, paused 599us total 26.306ms
08-05 17:54:11.572  3168  3295 I art     : Starting a blocking GC Explicit
08-05 17:54:11.598  3168  3295 I art     : Explicit concurrent mark sweep GC freed 2078(121KB) AllocSpace objects, 2(180KB) LOS objects, 23% free, 52MB/68MB, paused 608us total 25.779ms
08-05 17:54:11.609  3168  3295 I art     : Starting a blocking GC Explicit
08-05 17:54:11.633  3168  3295 I art     : Explicit concurrent mark sweep GC freed 3(96B) AllocSpace objects, 0(0B) LOS objects, 23% free, 52MB/68MB, paused 607us total 24.589ms
08-05 17:54:11.644  3168  3295 I art     : Starting a blocking GC Explicit
08-05 17:54:11.670  3168  3295 I art     : Explicit concurrent mark sweep GC freed 3(96B) AllocSpace objects, 0(0B) LOS objects, 23% free, 52MB/68MB, paused 580us total 25.503ms
08-05 17:54:11.681  3168  3295 I art     : Starting a blocking GC Explicit
08-05 17:54:11.707  3168  3295 I art     : Explicit concurrent mark sweep GC freed 3(96B) AllocSpace objects, 0(0B) LOS objects, 23% free, 52MB/68MB, paused 652us total 25.996ms
08-05 17:54:12.011  3168  3180 I art     : Starting a blocking GC Explicit
08-05 17:54:12.047  3168  3180 I art     : Explicit concurrent mark sweep GC freed 1343(78KB) AllocSpace objects, 1(20KB) LOS objects, 23% free, 52MB/68MB, paused 657us total 36.101ms
08-05 17:54:12.062  3168  3180 I art     : Starting a blocking GC Explicit
08-05 17:54:12.090  3168  3180 I art     : Explicit concurrent mark sweep GC freed 20(704B) AllocSpace objects, 0(0B) LOS objects, 23% free, 52MB/68MB, paused 595us total 28.287ms
08-05 17:54:12.102  3168  3180 I art     : Starting a blocking GC Explicit
08-05 17:54:12.128  3168  3180 I art     : Explicit concurrent mark sweep GC freed 3(96B) AllocSpace objects, 0(0B) LOS objects, 23% free, 52MB/68MB, paused 610us total 26.285ms
08-05 17:54:12.139  3168  3180 I art     : Starting a blocking GC Explicit
08-05 17:54:12.166  3168  3180 I art     : Explicit concurrent mark sweep GC freed 3(96B) AllocSpace objects, 0(0B) LOS objects, 23% free, 52MB/68MB, paused 577us total 26.042ms
08-05 17:54:12.177  3168  3180 I art     : Starting a blocking GC Explicit
08-05 17:54:12.202  3168  3180 I art     : Explicit concurrent mark sweep GC freed 3(96B) AllocSpace objects, 0(0B) LOS objects, 23% free, 52MB/68MB, paused 590us total 24.911ms
08-05 17:54:12.507  3168  5563 I art     : Starting a blocking GC Explicit
08-05 17:54:12.537  3168  5563 I art     : Explicit concurrent mark sweep GC freed 1341(78KB) AllocSpace objects, 1(20KB) LOS objects, 23% free, 52MB/68MB, paused 629us total 29.272ms
08-05 17:54:12.549  3168  5563 I art     : Starting a blocking GC Explicit
08-05 17:54:12.575  3168  5563 I art     : Explicit concurrent mark sweep GC freed 20(704B) AllocSpace objects, 0(0B) LOS objects, 23% free, 52MB/68MB, paused 590us total 25.159ms
08-05 17:54:12.585  3168  5563 I art     : Starting a blocking GC Explicit
08-05 17:54:12.611  3168  5563 I art     : Explicit concurrent mark sweep GC freed 3(96B) AllocSpace objects, 0(0B) LOS objects, 23% free, 52MB/68MB, paused 584us total 24.981ms
08-05 17:54:12.621  3168  5563 I art     : Starting a blocking GC Explicit
08-05 17:54:12.646  3168  5563 I art     : Explicit concurrent mark sweep GC freed 3(96B) AllocSpace objects, 0(0B) LOS objects, 23% free, 52MB/68MB, paused 609us total 24.825ms
08-05 17:54:12.657  3168  5563 I art     : Starting a blocking GC Explicit
08-05 17:54:12.683  3168  5563 I art     : Explicit concurrent mark sweep GC freed 3(96B) AllocSpace objects, 0(0B) LOS objects, 23% free, 52MB/68MB, paused 649us total 25.622ms
08-05 17:54:12.963  6097  6097 D AndroidRuntime: >>>>>> START com.android.internal.os.RuntimeInit uid 2000 <<<<<<
08-05 17:54:12.969  6097  6097 D AndroidRuntime: CheckJNI is OFF
08-05 17:54:13.011  3168  3183 I art     : Starting a blocking GC Explicit
08-05 17:54:13.012  6097  6097 D ICU     : No timezone override file found: /data/misc/zoneinfo/current/icu/icu_tzdata.dat
08-05 17:54:13.037  3168  3183 I art     : Explicit concurrent mark sweep GC freed 1341(78KB) AllocSpace objects, 1(20KB) LOS objects, 23% free, 52MB/68MB, paused 713us total 25.922ms
08-05 17:54:13.048  3168  3183 I art     : Starting a blocking GC Explicit
08-05 17:54:13.055  6097  6097 I Radio-JNI: register_android_hardware_Radio DONE
08-05 17:54:13.075  3168  3183 I art     : Explicit concurrent mark sweep GC freed 20(704B) AllocSpace objects, 0(0B) LOS objects, 23% free, 52MB/68MB, paused 635us total 26.822ms
08-05 17:54:13.086  6097  6097 D AndroidRuntime: Calling main entry com.android.commands.input.Input
08-05 17:54:13.087  3168  3183 I art     : Starting a blocking GC Explicit
08-05 17:54:13.087  6097  6097 I Input   : injectMotionEvent: MotionEvent { action=ACTION_DOWN, actionButton=0, id[0]=0, x[0]=1084.0, y[0]=2213.0, toolType[0]=TOOL_TYPE_UNKNOWN, buttonState=0, metaState=0, flags=0x0, edgeFlags=0x0, pointerCount=1, historySize=0, eventTime=813269500, downTime=813269500, deviceId=0, source=0x1002 }
08-05 17:54:13.095  6097  6097 I Input   : injectMotionEvent: MotionEvent { action=ACTION_UP, actionButton=0, id[0]=0, x[0]=1084.0, y[0]=2213.0, toolType[0]=TOOL_TYPE_UNKNOWN, buttonState=0, metaState=0, flags=0x0, edgeFlags=0x0, pointerCount=1, historySize=0, eventTime=813269500, downTime=813269500, deviceId=0, source=0x1002 }
08-05 17:54:13.097   918  5952 I ActivityManager: START u0 {cmp=baseline.appteam.nith.hillffair/.activities.EventActivity} from uid 10675 on display 0
08-05 17:54:13.108  6097  6097 D AndroidRuntime: Shutting down VM
08-05 17:54:13.111  3168  3183 I art     : Explicit concurrent mark sweep GC freed 23(4KB) AllocSpace objects, 0(0B) LOS objects, 23% free, 52MB/68MB, paused 648us total 24.598ms
08-05 17:54:13.124  3168  3183 I art     : Starting a blocking GC Explicit
08-05 17:54:13.151  3168  3183 I art     : Explicit concurrent mark sweep GC freed 4533(256KB) AllocSpace objects, 0(0B) LOS objects, 23% free, 52MB/68MB, paused 1.057ms total 26.932ms
08-05 17:54:13.162  3168  3183 I art     : Starting a blocking GC Explicit
08-05 17:54:13.187  3168  3183 I art     : Explicit concurrent mark sweep GC freed 282(29KB) AllocSpace objects, 0(0B) LOS objects, 23% free, 52MB/68MB, paused 638us total 24.071ms
08-05 17:54:13.201 13866 13866 I GoogleInputMethodServic: GoogleInputMethodService.onFinishInput():3138 
08-05 17:54:13.201 13866 13866 I GoogleInputMethodServic: GoogleInputMethodService.onStartInput():1808 
08-05 17:54:13.227   918   936 I ActivityManager: Displayed baseline.appteam.nith.hillffair/.activities.EventActivity: +120ms
08-05 17:54:13.478   380   380 W SurfaceFlinger: couldn't log to binary event log: overflow.
08-05 17:54:13.482  3168  5563 I art     : Starting a blocking GC Explicit
08-05 17:54:13.508  3168  5563 I art     : Explicit concurrent mark sweep GC freed 1570(89KB) AllocSpace objects, 1(20KB) LOS objects, 23% free, 52MB/68MB, paused 670us total 25.828ms
08-05 17:54:13.519  3168  5563 I art     : Starting a blocking GC Explicit
08-05 17:54:13.543  3168  5563 I art     : Explicit concurrent mark sweep GC freed 34(1168B) AllocSpace objects, 0(0B) LOS objects, 23% free, 52MB/68MB, paused 625us total 24.377ms
08-05 17:54:13.554  3168  5563 I art     : Starting a blocking GC Explicit
08-05 17:54:13.580  3168  5563 I art     : Explicit concurrent mark sweep GC freed 3(96B) AllocSpace objects, 0(0B) LOS objects, 23% free, 52MB/68MB, paused 634us total 25.718ms
08-05 17:54:13.591  3168  5563 I art     : Starting a blocking GC Explicit
08-05 17:54:13.618  3168  5563 I art     : Explicit concurrent mark sweep GC freed 76(4KB) AllocSpace objects, 0(0B) LOS objects, 23% free, 52MB/68MB, paused 711us total 26.481ms
08-05 17:54:13.629  3168  5563 I art     : Starting a blocking GC Explicit
08-05 17:54:13.654  3168  5563 I art     : Explicit concurrent mark sweep GC freed 16(576B) AllocSpace objects, 0(0B) LOS objects, 23% free, 52MB/68MB, paused 622us total 25.019ms
08-05 17:54:13.692  3168  6127 D OkHttp  : --> GET https://api-hillfair-2k16.herokuapp.com/api/app/club http/1.1
08-05 17:54:13.733  3168  6127 D OkHttp  : <-- 200 OK https://api-hillfair-2k16.herokuapp.com/api/app/club (40ms, 1870-byte body)
08-05 17:54:13.746  3168  3168 I NAPPA_EXPERIMENTATION: MetricNetworkRequestExecutionTime: REQUEST_DURATION_SYSTEM='605',REQUEST_DURATION_OKHTTP='41',REQUEST_SYNCHRONOUS='FALSE',RESPONSE_CODE='200',RESPONSE_METHOD='GET',RESPONSE_LENGTH_OKHTTP='1870',RESPONSE_LENGTH_HEADER='1870',REQUEST_PROTOCOL='http/1.1',REQUEST_URL='https://api-hillfair-2k16.herokuapp.com/api/app/club',
08-05 17:54:13.944  3168  3183 I art     : Starting a blocking GC Explicit
08-05 17:54:13.976  3168  3183 I art     : Explicit concurrent mark sweep GC freed 6515(443KB) AllocSpace objects, 4(220KB) LOS objects, 23% free, 53MB/69MB, paused 1.234ms total 31.957ms
08-05 17:54:13.988  3168  3183 I art     : Starting a blocking GC Explicit
08-05 17:54:14.016  3168  3183 I art     : Explicit concurrent mark sweep GC freed 1702(224KB) AllocSpace objects, 0(0B) LOS objects, 23% free, 53MB/69MB, paused 1.309ms total 27.516ms
08-05 17:54:14.026  3168  3183 I art     : Starting a blocking GC Explicit
08-05 17:54:14.051  3168  3183 I art     : Explicit concurrent mark sweep GC freed 108(23KB) AllocSpace objects, 0(0B) LOS objects, 23% free, 53MB/69MB, paused 752us total 24.960ms
08-05 17:54:14.062  3168  3183 I art     : Starting a blocking GC Explicit
08-05 17:54:14.089  3168  3183 I art     : Explicit concurrent mark sweep GC freed 9(288B) AllocSpace objects, 0(0B) LOS objects, 23% free, 53MB/69MB, paused 811us total 26.366ms
08-05 17:54:14.100  3168  3183 I art     : Starting a blocking GC Explicit
08-05 17:54:14.127  3168  3183 I art     : Explicit concurrent mark sweep GC freed 3(96B) AllocSpace objects, 0(0B) LOS objects, 23% free, 53MB/69MB, paused 889us total 27.353ms
08-05 17:54:14.427  3168  5563 I art     : Starting a blocking GC Explicit
08-05 17:54:14.459  3168  5563 I art     : Explicit concurrent mark sweep GC freed 8790(372KB) AllocSpace objects, 1(20KB) LOS objects, 23% free, 53MB/69MB, paused 917us total 31.477ms
08-05 17:54:14.470  3168  5563 I art     : Starting a blocking GC Explicit
08-05 17:54:14.498  3168  5563 I art     : Explicit concurrent mark sweep GC freed 554(96KB) AllocSpace objects, 0(0B) LOS objects, 23% free, 53MB/69MB, paused 817us total 27.920ms
08-05 17:54:14.509  3168  5563 I art     : Starting a blocking GC Explicit
08-05 17:54:14.534  3168  5563 I art     : Explicit concurrent mark sweep GC freed 372(98KB) AllocSpace objects, 0(0B) LOS objects, 23% free, 53MB/69MB, paused 610us total 25.098ms
08-05 17:54:14.545  3168  5563 I art     : Starting a blocking GC Explicit
08-05 17:54:14.571  3168  5563 I art     : Explicit concurrent mark sweep GC freed 43(1280B) AllocSpace objects, 0(0B) LOS objects, 23% free, 53MB/69MB, paused 606us total 25.444ms
08-05 17:54:14.582  3168  5563 I art     : Starting a blocking GC Explicit
08-05 17:54:14.609  3168  5563 I art     : Explicit concurrent mark sweep GC freed 9(288B) AllocSpace objects, 0(0B) LOS objects, 23% free, 53MB/69MB, paused 658us total 26.836ms
08-05 17:54:14.936  3168  3180 I art     : Starting a blocking GC Explicit
08-05 17:54:14.971  3168  3180 I art     : Explicit concurrent mark sweep GC freed 1344(78KB) AllocSpace objects, 1(20KB) LOS objects, 23% free, 53MB/69MB, paused 711us total 34.507ms
08-05 17:54:14.984  3168  3180 I art     : Starting a blocking GC Explicit
08-05 17:54:15.016  3168  3180 I art     : Explicit concurrent mark sweep GC freed 20(704B) AllocSpace objects, 0(0B) LOS objects, 23% free, 53MB/69MB, paused 692us total 31.457ms
08-05 17:54:15.028  3168  3180 I art     : Starting a blocking GC Explicit
08-05 17:54:15.057  3168  3180 I art     : Explicit concurrent mark sweep GC freed 3(96B) AllocSpace objects, 0(0B) LOS objects, 23% free, 53MB/69MB, paused 748us total 28.992ms
08-05 17:54:15.069  3168  3180 I art     : Starting a blocking GC Explicit
08-05 17:54:15.100  3168  3180 I art     : Explicit concurrent mark sweep GC freed 3(96B) AllocSpace objects, 0(0B) LOS objects, 23% free, 53MB/69MB, paused 686us total 31.073ms
08-05 17:54:15.112  3168  3180 I art     : Starting a blocking GC Explicit
08-05 17:54:15.143  3168  3180 I art     : Explicit concurrent mark sweep GC freed 3(96B) AllocSpace objects, 0(0B) LOS objects, 23% free, 53MB/69MB, paused 696us total 30.733ms
08-05 17:54:15.488  3168  4054 I art     : Starting a blocking GC Explicit
08-05 17:54:15.528  3168  4054 I art     : Explicit concurrent mark sweep GC freed 1344(78KB) AllocSpace objects, 1(20KB) LOS objects, 23% free, 53MB/69MB, paused 898us total 40.260ms
08-05 17:54:15.545  3168  4054 I art     : Starting a blocking GC Explicit
08-05 17:54:15.575  3168  4054 I art     : Explicit concurrent mark sweep GC freed 20(704B) AllocSpace objects, 0(0B) LOS objects, 23% free, 53MB/69MB, paused 686us total 29.704ms
08-05 17:54:15.587  3168  4054 I art     : Starting a blocking GC Explicit
08-05 17:54:15.618  3168  4054 I art     : Explicit concurrent mark sweep GC freed 3(96B) AllocSpace objects, 0(0B) LOS objects, 23% free, 53MB/69MB, paused 712us total 31.185ms
08-05 17:54:15.630  3168  4054 I art     : Starting a blocking GC Explicit
08-05 17:54:15.660  3168  4054 I art     : Explicit concurrent mark sweep GC freed 3(96B) AllocSpace objects, 0(0B) LOS objects, 23% free, 53MB/69MB, paused 697us total 30.431ms
08-05 17:54:15.672  3168  4054 I art     : Starting a blocking GC Explicit
08-05 17:54:15.703  3168  4054 I art     : Explicit concurrent mark sweep GC freed 3(96B) AllocSpace objects, 0(0B) LOS objects, 23% free, 53MB/69MB, paused 681us total 30.364ms
08-05 17:54:16.027  3168  3295 I art     : Starting a blocking GC Explicit
08-05 17:54:16.060  3168  3295 I art     : Explicit concurrent mark sweep GC freed 1344(78KB) AllocSpace objects, 1(20KB) LOS objects, 23% free, 53MB/69MB, paused 682us total 32.034ms
08-05 17:54:16.071  3168  3295 I art     : Starting a blocking GC Explicit
08-05 17:54:16.101  3168  3295 I art     : Explicit concurrent mark sweep GC freed 20(704B) AllocSpace objects, 0(0B) LOS objects, 23% free, 53MB/69MB, paused 667us total 29.151ms
08-05 17:54:16.112  3168  3295 I art     : Starting a blocking GC Explicit
08-05 17:54:16.142  3168  3295 I art     : Explicit concurrent mark sweep GC freed 3(96B) AllocSpace objects, 0(0B) LOS objects, 23% free, 53MB/69MB, paused 626us total 29.885ms
08-05 17:54:16.154  3168  3295 I art     : Starting a blocking GC Explicit
08-05 17:54:16.183  3168  3295 I art     : Explicit concurrent mark sweep GC freed 3(96B) AllocSpace objects, 0(0B) LOS objects, 23% free, 53MB/69MB, paused 691us total 29.256ms
08-05 17:54:16.195  3168  3295 I art     : Starting a blocking GC Explicit
08-05 17:54:16.227  3168  3295 I art     : Explicit concurrent mark sweep GC freed 3(96B) AllocSpace objects, 0(0B) LOS objects, 23% free, 53MB/69MB, paused 667us total 31.210ms
08-05 17:54:16.567  3168  3183 I art     : Starting a blocking GC Explicit
08-05 17:54:16.604  3168  3183 I art     : Explicit concurrent mark sweep GC freed 1344(78KB) AllocSpace objects, 1(20KB) LOS objects, 23% free, 53MB/69MB, paused 717us total 36.251ms
08-05 17:54:16.618  3168  3183 I art     : Starting a blocking GC Explicit
08-05 17:54:16.648  3168  3183 I art     : Explicit concurrent mark sweep GC freed 20(704B) AllocSpace objects, 0(0B) LOS objects, 23% free, 53MB/69MB, paused 650us total 29.714ms
08-05 17:54:16.659  3168  3183 I art     : Starting a blocking GC Explicit
08-05 17:54:16.690  3168  3183 I art     : Explicit concurrent mark sweep GC freed 3(96B) AllocSpace objects, 0(0B) LOS objects, 23% free, 53MB/69MB, paused 686us total 30.202ms
08-05 17:54:16.702  3168  3183 I art     : Starting a blocking GC Explicit
08-05 17:54:16.733  3168  3183 I art     : Explicit concurrent mark sweep GC freed 3(96B) AllocSpace objects, 0(0B) LOS objects, 23% free, 53MB/69MB, paused 658us total 30.861ms
08-05 17:54:16.745  3168  3183 I art     : Starting a blocking GC Explicit
08-05 17:54:16.776  3168  3183 I art     : Explicit concurrent mark sweep GC freed 3(96B) AllocSpace objects, 0(0B) LOS objects, 23% free, 53MB/69MB, paused 688us total 31.300ms
08-05 17:54:17.134  3168  3180 I art     : Starting a blocking GC Explicit
08-05 17:54:17.165  3168  3180 I art     : Explicit concurrent mark sweep GC freed 1344(78KB) AllocSpace objects, 1(20KB) LOS objects, 23% free, 53MB/69MB, paused 681us total 30.990ms
08-05 17:54:17.179  3168  3180 I art     : Starting a blocking GC Explicit
08-05 17:54:17.211  3168  3180 I art     : Explicit concurrent mark sweep GC freed 38(1376B) AllocSpace objects, 0(0B) LOS objects, 23% free, 53MB/69MB, paused 694us total 31.630ms
08-05 17:54:17.223  3168  3180 I art     : Starting a blocking GC Explicit
08-05 17:54:17.254  3168  3180 I art     : Explicit concurrent mark sweep GC freed 3(96B) AllocSpace objects, 0(0B) LOS objects, 23% free, 53MB/69MB, paused 672us total 30.831ms
08-05 17:54:17.266  3168  3180 I art     : Starting a blocking GC Explicit
08-05 17:54:17.297  3168  3180 I art     : Explicit concurrent mark sweep GC freed 3(96B) AllocSpace objects, 0(0B) LOS objects, 23% free, 53MB/69MB, paused 676us total 30.090ms
08-05 17:54:17.309  3168  3180 I art     : Starting a blocking GC Explicit
08-05 17:54:17.340  3168  3180 I art     : Explicit concurrent mark sweep GC freed 3(96B) AllocSpace objects, 0(0B) LOS objects, 23% free, 53MB/69MB, paused 682us total 31.358ms
08-05 17:54:17.677  3168  4054 I art     : Starting a blocking GC Explicit
08-05 17:54:17.719  3168  4054 I art     : Explicit concurrent mark sweep GC freed 1344(78KB) AllocSpace objects, 1(20KB) LOS objects, 23% free, 53MB/69MB, paused 810us total 42.284ms
08-05 17:54:17.735  3168  4054 I art     : Starting a blocking GC Explicit
08-05 17:54:17.765  3168  4054 I art     : Explicit concurrent mark sweep GC freed 20(704B) AllocSpace objects, 0(0B) LOS objects, 23% free, 53MB/69MB, paused 665us total 29.908ms
08-05 17:54:17.777  3168  4054 I art     : Starting a blocking GC Explicit
08-05 17:54:17.808  3168  4054 I art     : Explicit concurrent mark sweep GC freed 3(96B) AllocSpace objects, 0(0B) LOS objects, 23% free, 53MB/69MB, paused 695us total 31.186ms
08-05 17:54:17.820  3168  4054 I art     : Starting a blocking GC Explicit
08-05 17:54:17.852  3168  4054 I art     : Explicit concurrent mark sweep GC freed 3(96B) AllocSpace objects, 0(0B) LOS objects, 23% free, 53MB/69MB, paused 632us total 31.232ms
08-05 17:54:17.863  3168  4054 I art     : Starting a blocking GC Explicit
08-05 17:54:17.894  3168  4054 I art     : Explicit concurrent mark sweep GC freed 3(96B) AllocSpace objects, 0(0B) LOS objects, 23% free, 53MB/69MB, paused 640us total 30.828ms
08-05 17:54:18.217  3168  3183 I art     : Starting a blocking GC Explicit
08-05 17:54:18.259  3168  3183 I art     : Explicit concurrent mark sweep GC freed 1344(78KB) AllocSpace objects, 1(20KB) LOS objects, 23% free, 53MB/69MB, paused 901us total 42.002ms
08-05 17:54:18.277  3168  3183 I art     : Starting a blocking GC Explicit
08-05 17:54:18.309  3168  3183 I art     : Explicit concurrent mark sweep GC freed 20(704B) AllocSpace objects, 0(0B) LOS objects, 23% free, 53MB/69MB, paused 692us total 31.707ms
08-05 17:54:18.320  3168  3183 I art     : Starting a blocking GC Explicit
08-05 17:54:18.352  3168  3183 I art     : Explicit concurrent mark sweep GC freed 3(96B) AllocSpace objects, 0(0B) LOS objects, 23% free, 53MB/69MB, paused 660us total 31.463ms
08-05 17:54:18.364  3168  3183 I art     : Starting a blocking GC Explicit
08-05 17:54:18.396  3168  3183 I art     : Explicit concurrent mark sweep GC freed 3(96B) AllocSpace objects, 0(0B) LOS objects, 23% free, 53MB/69MB, paused 632us total 31.449ms
08-05 17:54:18.407  3168  3183 I art     : Starting a blocking GC Explicit
08-05 17:54:18.439  3168  3183 I art     : Explicit concurrent mark sweep GC freed 3(96B) AllocSpace objects, 0(0B) LOS objects, 23% free, 53MB/69MB, paused 683us total 31.273ms
08-05 17:54:18.763  3168  3295 I art     : Starting a blocking GC Explicit
08-05 17:54:18.794  3168  3295 I art     : Explicit concurrent mark sweep GC freed 1344(78KB) AllocSpace objects, 1(20KB) LOS objects, 23% free, 53MB/69MB, paused 656us total 31.387ms
08-05 17:54:18.806  3168  3295 I art     : Starting a blocking GC Explicit
08-05 17:54:18.838  3168  3295 I art     : Explicit concurrent mark sweep GC freed 20(704B) AllocSpace objects, 0(0B) LOS objects, 23% free, 53MB/69MB, paused 704us total 31.449ms
08-05 17:54:18.850  3168  3295 I art     : Starting a blocking GC Explicit
08-05 17:54:18.880  3168  3295 I art     : Explicit concurrent mark sweep GC freed 3(96B) AllocSpace objects, 0(0B) LOS objects, 23% free, 53MB/69MB, paused 647us total 29.993ms
08-05 17:54:18.892  3168  3295 I art     : Starting a blocking GC Explicit
08-05 17:54:18.923  3168  3295 I art     : Explicit concurrent mark sweep GC freed 3(96B) AllocSpace objects, 0(0B) LOS objects, 23% free, 53MB/69MB, paused 673us total 31.414ms
08-05 17:54:18.935  3168  3295 I art     : Starting a blocking GC Explicit
08-05 17:54:18.966  3168  3295 I art     : Explicit concurrent mark sweep GC freed 3(96B) AllocSpace objects, 0(0B) LOS objects, 23% free, 53MB/69MB, paused 669us total 30.137ms
08-05 17:54:19.301  3168  5563 I art     : Starting a blocking GC Explicit
08-05 17:54:19.340  3168  5563 I art     : Explicit concurrent mark sweep GC freed 1344(78KB) AllocSpace objects, 1(20KB) LOS objects, 23% free, 53MB/69MB, paused 776us total 38.089ms
08-05 17:54:19.356  3168  5563 I art     : Starting a blocking GC Explicit
08-05 17:54:19.388  3168  5563 I art     : Explicit concurrent mark sweep GC freed 20(704B) AllocSpace objects, 0(0B) LOS objects, 23% free, 53MB/69MB, paused 681us total 31.304ms
08-05 17:54:19.399  3168  5563 I art     : Starting a blocking GC Explicit
08-05 17:54:19.431  3168  5563 I art     : Explicit concurrent mark sweep GC freed 3(96B) AllocSpace objects, 0(0B) LOS objects, 23% free, 53MB/69MB, paused 681us total 31.573ms
08-05 17:54:19.443  3168  5563 I art     : Starting a blocking GC Explicit
08-05 17:54:19.475  3168  5563 I art     : Explicit concurrent mark sweep GC freed 3(96B) AllocSpace objects, 0(0B) LOS objects, 23% free, 53MB/69MB, paused 677us total 31.087ms
08-05 17:54:19.486  3168  5563 I art     : Starting a blocking GC Explicit
08-05 17:54:19.517  3168  5563 I art     : Explicit concurrent mark sweep GC freed 3(96B) AllocSpace objects, 0(0B) LOS objects, 23% free, 53MB/69MB, paused 668us total 29.923ms
08-05 17:54:19.854  3168  3180 I art     : Starting a blocking GC Explicit
08-05 17:54:19.887  3168  3180 I art     : Explicit concurrent mark sweep GC freed 1344(78KB) AllocSpace objects, 1(20KB) LOS objects, 23% free, 53MB/69MB, paused 689us total 33.251ms
08-05 17:54:19.901  3168  3180 I art     : Starting a blocking GC Explicit
08-05 17:54:19.930  3168  3180 I art     : Explicit concurrent mark sweep GC freed 20(704B) AllocSpace objects, 0(0B) LOS objects, 23% free, 53MB/69MB, paused 685us total 29.243ms
08-05 17:54:19.942  3168  3180 I art     : Starting a blocking GC Explicit
08-05 17:54:19.973  3168  3180 I art     : Explicit concurrent mark sweep GC freed 3(96B) AllocSpace objects, 0(0B) LOS objects, 23% free, 53MB/69MB, paused 675us total 30.562ms
08-05 17:54:19.985  3168  3180 I art     : Starting a blocking GC Explicit
08-05 17:54:20.015  3168  3180 I art     : Explicit concurrent mark sweep GC freed 3(96B) AllocSpace objects, 0(0B) LOS objects, 23% free, 53MB/69MB, paused 683us total 30.489ms
08-05 17:54:20.027  3168  3180 I art     : Starting a blocking GC Explicit
08-05 17:54:20.059  3168  3180 I art     : Explicit concurrent mark sweep GC freed 3(96B) AllocSpace objects, 0(0B) LOS objects, 23% free, 53MB/69MB, paused 685us total 31.655ms
08-05 17:54:20.388  3168  4054 I art     : Starting a blocking GC Explicit
08-05 17:54:20.425  3168  4054 I art     : Explicit concurrent mark sweep GC freed 1344(78KB) AllocSpace objects, 1(20KB) LOS objects, 23% free, 53MB/69MB, paused 719us total 37.148ms
08-05 17:54:20.440  3168  4054 I art     : Starting a blocking GC Explicit
08-05 17:54:20.475  3168  4054 I art     : Explicit concurrent mark sweep GC freed 20(704B) AllocSpace objects, 0(0B) LOS objects, 23% free, 53MB/69MB, paused 692us total 34.801ms
08-05 17:54:20.487  3168  4054 I art     : Starting a blocking GC Explicit
08-05 17:54:20.517  3168  4054 I art     : Explicit concurrent mark sweep GC freed 3(96B) AllocSpace objects, 0(0B) LOS objects, 23% free, 53MB/69MB, paused 686us total 29.247ms
08-05 17:54:20.528  3168  4054 I art     : Starting a blocking GC Explicit
08-05 17:54:20.560  3168  4054 I art     : Explicit concurrent mark sweep GC freed 3(96B) AllocSpace objects, 0(0B) LOS objects, 23% free, 53MB/69MB, paused 680us total 31.585ms
08-05 17:54:20.572  3168  4054 I art     : Starting a blocking GC Explicit
08-05 17:54:20.604  3168  4054 I art     : Explicit concurrent mark sweep GC freed 3(96B) AllocSpace objects, 0(0B) LOS objects, 23% free, 53MB/69MB, paused 684us total 31.398ms
08-05 17:54:20.969  3168  3183 I art     : Starting a blocking GC Explicit
08-05 17:54:21.003  3168  3183 I art     : Explicit concurrent mark sweep GC freed 1344(78KB) AllocSpace objects, 1(20KB) LOS objects, 23% free, 53MB/69MB, paused 686us total 33.468ms
08-05 17:54:21.017  3168  3183 I art     : Starting a blocking GC Explicit
08-05 17:54:21.049  3168  3183 I art     : Explicit concurrent mark sweep GC freed 20(704B) AllocSpace objects, 0(0B) LOS objects, 23% free, 53MB/69MB, paused 673us total 31.614ms
08-05 17:54:21.061  3168  3183 I art     : Starting a blocking GC Explicit
08-05 17:54:21.092  3168  3183 I art     : Explicit concurrent mark sweep GC freed 3(96B) AllocSpace objects, 0(0B) LOS objects, 23% free, 53MB/69MB, paused 674us total 31.033ms
08-05 17:54:21.104  3168  3183 I art     : Starting a blocking GC Explicit
08-05 17:54:21.135  3168  3183 I art     : Explicit concurrent mark sweep GC freed 3(96B) AllocSpace objects, 0(0B) LOS objects, 23% free, 53MB/69MB, paused 677us total 30.420ms
08-05 17:54:21.147  3168  3183 I art     : Starting a blocking GC Explicit
08-05 17:54:21.177  3168  3183 I art     : Explicit concurrent mark sweep GC freed 3(96B) AllocSpace objects, 0(0B) LOS objects, 23% free, 53MB/69MB, paused 769us total 30.267ms
08-05 17:54:21.295  5179  5194 D QcrilMsgTunnelSocket: readRilMessage: Buffer = [B@671e81d HexData = [010000000404000011000000514f454d484f4f4bef0308000100000003]
08-05 17:54:21.295  5179  5194 D QcrilMsgTunnelSocket: Rcvd UNSOL response with 28 bytes data for SUB0
08-05 17:54:21.296  5179  5194 D QcrilMsgTunnelSocket: Response ID 525295 is not served in this process.
08-05 17:54:21.296  5179  5194 D QcrilMsgTunnelSocket: To broadcast an Intent via the notifier to external apps
08-05 17:54:21.296  5179  5179 D QcrilMsgTunnelIfaceManager: handleMessage what = 0
08-05 17:54:21.297  5179  5179 D QcrilMsgTunnelIfaceManager: Broadcasting intent ACTION_UNSOL_RESPONSE_OEM_HOOK_RAW
08-05 17:54:21.300  5164  5164 D QC_RIL_OEM_HOOK: Received Broadcast Intent ACTION_UNSOL_RESPONSE_OEM_HOOK_RAW
08-05 17:54:21.301  5164  5164 D QC_RIL_OEM_HOOK: Oem ID in QCRILHOOK UNSOL RESP is QOEMHOOK
08-05 17:54:21.490  3168  3295 I art     : Starting a blocking GC Explicit
08-05 17:54:21.519  3168  3295 I art     : Explicit concurrent mark sweep GC freed 1344(78KB) AllocSpace objects, 1(20KB) LOS objects, 23% free, 53MB/69MB, paused 669us total 28.976ms
08-05 17:54:21.531  3168  3295 I art     : Starting a blocking GC Explicit
08-05 17:54:21.560  3168  3295 I art     : Explicit concurrent mark sweep GC freed 20(704B) AllocSpace objects, 0(0B) LOS objects, 23% free, 53MB/69MB, paused 661us total 28.941ms
08-05 17:54:21.571  3168  3295 I art     : Starting a blocking GC Explicit
08-05 17:54:21.601  3168  3295 I art     : Explicit concurrent mark sweep GC freed 3(96B) AllocSpace objects, 0(0B) LOS objects, 23% free, 53MB/69MB, paused 704us total 29.019ms
08-05 17:54:21.612  3168  3295 I art     : Starting a blocking GC Explicit
08-05 17:54:21.642  3168  3295 I art     : Explicit concurrent mark sweep GC freed 3(96B) AllocSpace objects, 0(0B) LOS objects, 23% free, 53MB/69MB, paused 693us total 29.376ms
08-05 17:54:21.642  3168  3179 I art     : WaitForGcToComplete blocked for 29.424ms for cause HeapTrim
08-05 17:54:21.653  3168  3295 I art     : Starting a blocking GC Explicit
08-05 17:54:21.683  3168  3295 I art     : Explicit concurrent mark sweep GC freed 3(96B) AllocSpace objects, 0(0B) LOS objects, 23% free, 53MB/69MB, paused 715us total 29.662ms
08-05 17:54:21.910  6295  6295 D AndroidRuntime: >>>>>> START com.android.internal.os.RuntimeInit uid 2000 <<<<<<
08-05 17:54:21.917  6295  6295 D AndroidRuntime: CheckJNI is OFF
08-05 17:54:21.959  6295  6295 D ICU     : No timezone override file found: /data/misc/zoneinfo/current/icu/icu_tzdata.dat
08-05 17:54:22.002  6295  6295 I Radio-JNI: register_android_hardware_Radio DONE
08-05 17:54:22.032  6295  6295 D AndroidRuntime: Calling main entry com.android.commands.input.Input
08-05 17:54:22.034  6295  6295 I Input   : injectMotionEvent: MotionEvent { action=ACTION_DOWN, actionButton=0, id[0]=0, x[0]=369.0, y[0]=554.0, toolType[0]=TOOL_TYPE_UNKNOWN, buttonState=0, metaState=0, flags=0x0, edgeFlags=0x0, pointerCount=1, historySize=0, eventTime=813278446, downTime=813278446, deviceId=0, source=0x1002 }
08-05 17:54:22.038  6295  6295 I Input   : injectMotionEvent: MotionEvent { action=ACTION_UP, actionButton=0, id[0]=0, x[0]=369.0, y[0]=554.0, toolType[0]=TOOL_TYPE_UNKNOWN, buttonState=0, metaState=0, flags=0x0, edgeFlags=0x0, pointerCount=1, historySize=0, eventTime=813278446, downTime=813278446, deviceId=0, source=0x1002 }
08-05 17:54:22.040  3168  5563 I art     : Starting a blocking GC Explicit
08-05 17:54:22.040   918  4400 I ActivityManager: START u0 {cmp=baseline.appteam.nith.hillffair/.activities.ClubActivity (has extras)} from uid 10675 on display 0
08-05 17:54:22.051  6295  6295 D AndroidRuntime: Shutting down VM
08-05 17:54:22.070  3168  5563 I art     : Explicit concurrent mark sweep GC freed 1629(96KB) AllocSpace objects, 1(20KB) LOS objects, 23% free, 53MB/69MB, paused 1.092ms total 30.386ms
08-05 17:54:22.082  3168  5563 I art     : Starting a blocking GC Explicit
08-05 17:54:22.112  3168  5563 I art     : Explicit concurrent mark sweep GC freed 3383(207KB) AllocSpace objects, 0(0B) LOS objects, 23% free, 53MB/69MB, paused 755us total 29.751ms
08-05 17:54:22.123  3168  5563 I art     : Starting a blocking GC Explicit
08-05 17:54:22.146   918   936 I ActivityManager: Displayed baseline.appteam.nith.hillffair/.activities.ClubActivity: +98ms
08-05 17:54:22.146 13866 13866 I GoogleInputMethodServic: GoogleInputMethodService.onFinishInput():3138 
08-05 17:54:22.147 13866 13866 I GoogleInputMethodServic: GoogleInputMethodService.onStartInput():1808 
08-05 17:54:22.152  3168  5563 I art     : Explicit concurrent mark sweep GC freed 297(12KB) AllocSpace objects, 0(0B) LOS objects, 23% free, 53MB/69MB, paused 1.084ms total 28.514ms
08-05 17:54:22.164  3168  5563 I art     : Starting a blocking GC Explicit
08-05 17:54:22.193  3168  5563 I art     : Explicit concurrent mark sweep GC freed 91(6KB) AllocSpace objects, 0(0B) LOS objects, 23% free, 53MB/69MB, paused 735us total 29.046ms
08-05 17:54:22.204  3168  5563 I art     : Starting a blocking GC Explicit
08-05 17:54:22.231  3168  5563 I art     : Explicit concurrent mark sweep GC freed 15(672B) AllocSpace objects, 0(0B) LOS objects, 23% free, 53MB/69MB, paused 706us total 26.232ms
08-05 17:54:22.388   380   380 W SurfaceFlinger: couldn't log to binary event log: overflow.
08-05 17:54:22.477  3129  3129 I ServiceManager: Waiting for service AtCmdFwd...
08-05 17:54:22.519  3168  5563 I art     : Starting a blocking GC Explicit
08-05 17:54:22.548  3168  5563 I art     : Explicit concurrent mark sweep GC freed 1454(84KB) AllocSpace objects, 1(20KB) LOS objects, 23% free, 53MB/69MB, paused 756us total 28.396ms
08-05 17:54:22.558  3168  5563 I art     : Starting a blocking GC Explicit
08-05 17:54:22.584  3168  5563 I art     : Explicit concurrent mark sweep GC freed 31(1120B) AllocSpace objects, 0(0B) LOS objects, 23% free, 53MB/69MB, paused 720us total 25.807ms
08-05 17:54:22.595  3168  5563 I art     : Starting a blocking GC Explicit
08-05 17:54:22.621  3168  5563 I art     : Explicit concurrent mark sweep GC freed 13(480B) AllocSpace objects, 0(0B) LOS objects, 23% free, 53MB/69MB, paused 808us total 26.767ms
08-05 17:54:22.632  3168  5563 I art     : Starting a blocking GC Explicit
08-05 17:54:22.658  3168  5563 I art     : Explicit concurrent mark sweep GC freed 16(608B) AllocSpace objects, 0(0B) LOS objects, 23% free, 53MB/69MB, paused 693us total 25.547ms
08-05 17:54:22.669  3168  5563 I art     : Starting a blocking GC Explicit
08-05 17:54:22.695  3168  5563 I art     : Explicit concurrent mark sweep GC freed 15(544B) AllocSpace objects, 0(0B) LOS objects, 23% free, 53MB/69MB, paused 722us total 26.462ms
08-05 17:54:22.913  3168  6326 D OkHttp  : --> GET https://api-hillfair-2k16.herokuapp.com/api/app/club/PR%20Club http/1.1
08-05 17:54:22.948  3168  6326 D OkHttp  : <-- 200 OK https://api-hillfair-2k16.herokuapp.com/api/app/club/PR%20Club (35ms, 979-byte body)
08-05 17:54:22.989  3168  3295 I art     : Starting a blocking GC Explicit
08-05 17:54:23.006  3168  3168 I NAPPA_EXPERIMENTATION: MetricNetworkRequestExecutionTime: REQUEST_DURATION_SYSTEM='925',REQUEST_DURATION_OKHTTP='35',REQUEST_SYNCHRONOUS='FALSE',RESPONSE_CODE='200',RESPONSE_METHOD='GET',RESPONSE_LENGTH_OKHTTP='979',RESPONSE_LENGTH_HEADER='979',REQUEST_PROTOCOL='http/1.1',REQUEST_URL='https://api-hillfair-2k16.herokuapp.com/api/app/club/PR%20Club',
08-05 17:54:23.021  3168  3295 I art     : Explicit concurrent mark sweep GC freed 4384(294KB) AllocSpace objects, 4(220KB) LOS objects, 22% free, 53MB/69MB, paused 745us total 31.672ms
08-05 17:54:23.032  3168  3295 I art     : Starting a blocking GC Explicit
08-05 17:54:23.063  3168  3295 I art     : Explicit concurrent mark sweep GC freed 1455(171KB) AllocSpace objects, 0(0B) LOS objects, 22% free, 53MB/69MB, paused 672us total 30.223ms
08-05 17:54:23.074  3168  3295 I art     : Starting a blocking GC Explicit
08-05 17:54:23.102  3168  3295 I art     : Explicit concurrent mark sweep GC freed 33(1056B) AllocSpace objects, 0(0B) LOS objects, 22% free, 53MB/69MB, paused 658us total 26.860ms
08-05 17:54:23.112  3168  3295 I art     : Starting a blocking GC Explicit
08-05 17:54:23.140  3168  3295 I art     : Explicit concurrent mark sweep GC freed 3(96B) AllocSpace objects, 0(0B) LOS objects, 22% free, 53MB/69MB, paused 1.058ms total 27.145ms
08-05 17:54:23.151  3168  3295 I art     : Starting a blocking GC Explicit
08-05 17:54:23.178  3168  3295 I art     : Explicit concurrent mark sweep GC freed 3(96B) AllocSpace objects, 0(0B) LOS objects, 22% free, 53MB/69MB, paused 681us total 26.807ms
08-05 17:54:23.477  3168  4054 I art     : Starting a blocking GC Explicit
08-05 17:54:23.477  3129  3129 I ServiceManager: Waiting for service AtCmdFwd...
08-05 17:54:23.509  3168  4054 I art     : Explicit concurrent mark sweep GC freed 1365(79KB) AllocSpace objects, 1(20KB) LOS objects, 22% free, 53MB/69MB, paused 725us total 31.720ms
08-05 17:54:23.522  3168  4054 I art     : Starting a blocking GC Explicit
08-05 17:54:23.553  3168  4054 I art     : Explicit concurrent mark sweep GC freed 52(1776B) AllocSpace objects, 0(0B) LOS objects, 22% free, 53MB/69MB, paused 672us total 30.313ms
08-05 17:54:23.564  3168  4054 I art     : Starting a blocking GC Explicit
08-05 17:54:23.594  3168  4054 I art     : Explicit concurrent mark sweep GC freed 3(96B) AllocSpace objects, 0(0B) LOS objects, 22% free, 53MB/69MB, paused 670us total 29.174ms
08-05 17:54:23.605  3168  4054 I art     : Starting a blocking GC Explicit
08-05 17:54:23.634  3168  4054 I art     : Explicit concurrent mark sweep GC freed 3(96B) AllocSpace objects, 0(0B) LOS objects, 22% free, 53MB/69MB, paused 669us total 29.005ms
08-05 17:54:23.646  3168  4054 I art     : Starting a blocking GC Explicit
08-05 17:54:23.675  3168  4054 I art     : Explicit concurrent mark sweep GC freed 3(96B) AllocSpace objects, 0(0B) LOS objects, 22% free, 53MB/69MB, paused 677us total 28.955ms
08-05 17:54:24.012  3168  3180 I art     : Starting a blocking GC Explicit
08-05 17:54:24.053  3168  3180 I art     : Explicit concurrent mark sweep GC freed 1344(78KB) AllocSpace objects, 1(20KB) LOS objects, 22% free, 53MB/69MB, paused 740us total 39.987ms
08-05 17:54:24.067  3168  3180 I art     : Starting a blocking GC Explicit
08-05 17:54:24.101  3168  3180 I art     : Explicit concurrent mark sweep GC freed 20(704B) AllocSpace objects, 0(0B) LOS objects, 22% free, 53MB/69MB, paused 688us total 33.640ms
08-05 17:54:24.113  3168  3180 I art     : Starting a blocking GC Explicit
08-05 17:54:24.144  3168  3180 I art     : Explicit concurrent mark sweep GC freed 3(96B) AllocSpace objects, 0(0B) LOS objects, 22% free, 53MB/69MB, paused 678us total 30.692ms
08-05 17:54:24.154   918  3188 I hubconnection: sensorhub said: 'set_bias 3: -5.7600, 0.0000, 0.0000'
08-05 17:54:24.156  3168  3180 I art     : Starting a blocking GC Explicit
08-05 17:54:24.189  3168  3180 I art     : Explicit concurrent mark sweep GC freed 3(96B) AllocSpace objects, 0(0B) LOS objects, 22% free, 53MB/69MB, paused 687us total 32.983ms
08-05 17:54:24.201  3168  3180 I art     : Starting a blocking GC Explicit
08-05 17:54:24.235  3168  3180 I art     : Explicit concurrent mark sweep GC freed 3(96B) AllocSpace objects, 0(0B) LOS objects, 22% free, 53MB/69MB, paused 679us total 33.213ms
08-05 17:54:24.478  3129  3129 I ServiceManager: Waiting for service AtCmdFwd...
08-05 17:54:24.570  3168  3295 I art     : Starting a blocking GC Explicit
08-05 17:54:24.611  3168  3295 I art     : Explicit concurrent mark sweep GC freed 1344(78KB) AllocSpace objects, 1(20KB) LOS objects, 22% free, 53MB/69MB, paused 701us total 40.684ms
08-05 17:54:24.626  3168  3295 I art     : Starting a blocking GC Explicit
08-05 17:54:24.659  3168  3295 I art     : Explicit concurrent mark sweep GC freed 20(704B) AllocSpace objects, 0(0B) LOS objects, 22% free, 53MB/69MB, paused 718us total 32.612ms
08-05 17:54:24.671  3168  3295 I art     : Starting a blocking GC Explicit
08-05 17:54:24.704  3168  3295 I art     : Explicit concurrent mark sweep GC freed 3(96B) AllocSpace objects, 0(0B) LOS objects, 22% free, 53MB/69MB, paused 700us total 33.107ms
08-05 17:54:24.716  3168  3295 I art     : Starting a blocking GC Explicit
08-05 17:54:24.748  3168  3295 I art     : Explicit concurrent mark sweep GC freed 3(96B) AllocSpace objects, 0(0B) LOS objects, 22% free, 53MB/69MB, paused 712us total 31.576ms
08-05 17:54:24.760  3168  3295 I art     : Starting a blocking GC Explicit
08-05 17:54:24.793  3168  3295 I art     : Explicit concurrent mark sweep GC freed 3(96B) AllocSpace objects, 0(0B) LOS objects, 22% free, 53MB/69MB, paused 698us total 32.400ms
08-05 17:54:25.134  3168  5563 I art     : Starting a blocking GC Explicit
08-05 17:54:25.172  3168  5563 I art     : Explicit concurrent mark sweep GC freed 1344(78KB) AllocSpace objects, 1(20KB) LOS objects, 22% free, 53MB/69MB, paused 749us total 38.160ms
08-05 17:54:25.186  3168  5563 I art     : Starting a blocking GC Explicit
08-05 17:54:25.219  3168  5563 I art     : Explicit concurrent mark sweep GC freed 20(704B) AllocSpace objects, 0(0B) LOS objects, 22% free, 53MB/69MB, paused 699us total 32.992ms
08-05 17:54:25.231  3168  5563 I art     : Starting a blocking GC Explicit
08-05 17:54:25.262  3168  5563 I art     : Explicit concurrent mark sweep GC freed 3(96B) AllocSpace objects, 0(0B) LOS objects, 22% free, 53MB/69MB, paused 682us total 31.126ms
08-05 17:54:25.274  3168  5563 I art     : Starting a blocking GC Explicit
08-05 17:54:25.307  3168  5563 I art     : Explicit concurrent mark sweep GC freed 3(96B) AllocSpace objects, 0(0B) LOS objects, 22% free, 53MB/69MB, paused 784us total 32.587ms
08-05 17:54:25.319  3168  5563 I art     : Starting a blocking GC Explicit
08-05 17:54:25.352  3168  5563 I art     : Explicit concurrent mark sweep GC freed 3(96B) AllocSpace objects, 0(0B) LOS objects, 22% free, 53MB/69MB, paused 705us total 32.848ms
08-05 17:54:25.479  3129  3129 I ServiceManager: Waiting for service AtCmdFwd...
08-05 17:54:25.723  3168  3183 I art     : Starting a blocking GC Explicit
08-05 17:54:25.758  3168  3183 I art     : Explicit concurrent mark sweep GC freed 1344(78KB) AllocSpace objects, 1(20KB) LOS objects, 22% free, 53MB/69MB, paused 793us total 34.275ms
08-05 17:54:25.770  3168  3183 I art     : Starting a blocking GC Explicit
08-05 17:54:25.803  3168  3183 I art     : Explicit concurrent mark sweep GC freed 20(704B) AllocSpace objects, 0(0B) LOS objects, 22% free, 53MB/69MB, paused 703us total 32.480ms
08-05 17:54:25.814  3168  3183 I art     : Starting a blocking GC Explicit
08-05 17:54:25.847  3168  3183 I art     : Explicit concurrent mark sweep GC freed 3(96B) AllocSpace objects, 0(0B) LOS objects, 22% free, 53MB/69MB, paused 852us total 32.885ms
08-05 17:54:25.859  3168  3183 I art     : Starting a blocking GC Explicit
08-05 17:54:25.891  3168  3183 I art     : Explicit concurrent mark sweep GC freed 3(96B) AllocSpace objects, 0(0B) LOS objects, 22% free, 53MB/69MB, paused 725us total 31.667ms
08-05 17:54:25.904  3168  3183 I art     : Starting a blocking GC Explicit
08-05 17:54:25.937  3168  3183 I art     : Explicit concurrent mark sweep GC freed 3(96B) AllocSpace objects, 0(0B) LOS objects, 22% free, 53MB/69MB, paused 754us total 33.092ms
08-05 17:54:26.271  3168  4054 I art     : Starting a blocking GC Explicit
08-05 17:54:26.307  3168  4054 I art     : Explicit concurrent mark sweep GC freed 1344(78KB) AllocSpace objects, 1(20KB) LOS objects, 22% free, 53MB/69MB, paused 712us total 35.252ms
08-05 17:54:26.319  3168  4054 I art     : Starting a blocking GC Explicit
08-05 17:54:26.347  3168  4054 I art     : Explicit concurrent mark sweep GC freed 20(704B) AllocSpace objects, 0(0B) LOS objects, 22% free, 53MB/69MB, paused 689us total 27.312ms
08-05 17:54:26.358  3168  4054 I art     : Starting a blocking GC Explicit
08-05 17:54:26.387  3168  4054 I art     : Explicit concurrent mark sweep GC freed 3(96B) AllocSpace objects, 0(0B) LOS objects, 22% free, 53MB/69MB, paused 695us total 28.647ms
08-05 17:54:26.398  3168  4054 I art     : Starting a blocking GC Explicit
08-05 17:54:26.427  3168  4054 I art     : Explicit concurrent mark sweep GC freed 3(96B) AllocSpace objects, 0(0B) LOS objects, 22% free, 53MB/69MB, paused 823us total 29.375ms
08-05 17:54:26.439  3168  4054 I art     : Starting a blocking GC Explicit
08-05 17:54:26.469  3168  4054 I art     : Explicit concurrent mark sweep GC freed 3(96B) AllocSpace objects, 0(0B) LOS objects, 22% free, 53MB/69MB, paused 684us total 29.598ms
08-05 17:54:26.480  3129  3129 I ServiceManager: Waiting for service AtCmdFwd...
08-05 17:54:26.818  3168  3180 I art     : Starting a blocking GC Explicit
08-05 17:54:26.840  6409  6409 D AndroidRuntime: >>>>>> START com.android.internal.os.RuntimeInit uid 2000 <<<<<<
08-05 17:54:26.847  6409  6409 D AndroidRuntime: CheckJNI is OFF
08-05 17:54:26.855  3168  3180 I art     : Explicit concurrent mark sweep GC freed 1344(78KB) AllocSpace objects, 1(20KB) LOS objects, 22% free, 53MB/69MB, paused 878us total 36.373ms
08-05 17:54:26.872  3168  3180 I art     : Starting a blocking GC Explicit
08-05 17:54:26.895  6409  6409 D ICU     : No timezone override file found: /data/misc/zoneinfo/current/icu/icu_tzdata.dat
08-05 17:54:26.902  3168  3180 I art     : Explicit concurrent mark sweep GC freed 20(704B) AllocSpace objects, 0(0B) LOS objects, 22% free, 53MB/69MB, paused 706us total 29.625ms
08-05 17:54:26.913  3168  3180 I art     : Starting a blocking GC Explicit
08-05 17:54:26.939  6409  6409 I Radio-JNI: register_android_hardware_Radio DONE
08-05 17:54:26.944  3168  3180 I art     : Explicit concurrent mark sweep GC freed 3(96B) AllocSpace objects, 0(0B) LOS objects, 22% free, 53MB/69MB, paused 723us total 30.343ms
08-05 17:54:26.955  3168  3180 I art     : Starting a blocking GC Explicit
08-05 17:54:26.970  6409  6409 D AndroidRuntime: Calling main entry com.android.commands.input.Input
08-05 17:54:26.972  6409  6409 I Input   : injectKeyEvent: KeyEvent { action=ACTION_DOWN, keyCode=KEYCODE_BACK, scanCode=0, metaState=0, flags=0x0, repeatCount=0, eventTime=813283384, downTime=813283384, deviceId=-1, source=0x101 }
08-05 17:54:26.979  6409  6409 I Input   : injectKeyEvent: KeyEvent { action=ACTION_UP, keyCode=KEYCODE_BACK, scanCode=0, metaState=0, flags=0x0, repeatCount=0, eventTime=813283384, downTime=813283384, deviceId=-1, source=0x101 }
08-05 17:54:26.985  3168  3180 I art     : Explicit concurrent mark sweep GC freed 5(208B) AllocSpace objects, 0(0B) LOS objects, 22% free, 53MB/69MB, paused 701us total 29.162ms
08-05 17:54:26.988  6409  6409 D AndroidRuntime: Shutting down VM
08-05 17:54:26.996  3168  3180 I art     : Starting a blocking GC Explicit
08-05 17:54:27.023  3168  3180 I art     : Explicit concurrent mark sweep GC freed 145(6KB) AllocSpace objects, 0(0B) LOS objects, 22% free, 53MB/69MB, paused 654us total 26.760ms
08-05 17:54:27.030 13866 13866 I GoogleInputMethodServic: GoogleInputMethodService.onFinishInput():3138 
08-05 17:54:27.030 13866 13866 I GoogleInputMethodServic: GoogleInputMethodService.onStartInput():1808 
08-05 17:54:27.314  3168  3180 I art     : Starting a blocking GC Explicit
08-05 17:54:27.342   380   380 W SurfaceFlinger: couldn't log to binary event log: overflow.
08-05 17:54:27.346  3168  3180 I art     : Explicit concurrent mark sweep GC freed 1467(87KB) AllocSpace objects, 1(20KB) LOS objects, 22% free, 53MB/69MB, paused 985us total 31.742ms
08-05 17:54:27.361  3168  3180 I art     : Starting a blocking GC Explicit
08-05 17:54:27.387  3168  3180 I art     : Explicit concurrent mark sweep GC freed 49(2080B) AllocSpace objects, 0(0B) LOS objects, 22% free, 53MB/69MB, paused 615us total 25.591ms
08-05 17:54:27.397  3168  3180 I art     : Starting a blocking GC Explicit
08-05 17:54:27.425  3168  3180 I art     : Explicit concurrent mark sweep GC freed 1654(107KB) AllocSpace objects, 3(184KB) LOS objects, 23% free, 53MB/69MB, paused 642us total 27.232ms
08-05 17:54:27.436  3168  3180 I art     : Starting a blocking GC Explicit
08-05 17:54:27.464  3168  3180 I art     : Explicit concurrent mark sweep GC freed 3(96B) AllocSpace objects, 0(0B) LOS objects, 23% free, 53MB/69MB, paused 670us total 27.689ms
08-05 17:54:27.475  3168  3180 I art     : Starting a blocking GC Explicit
08-05 17:54:27.480  3129  3129 W Atfwd_Sendcmd: AtCmdFwd service not published, waiting... retryCnt : 4
08-05 17:54:27.504  3168  3180 I art     : Explicit concurrent mark sweep GC freed 3(96B) AllocSpace objects, 0(0B) LOS objects, 23% free, 53MB/69MB, paused 666us total 28.428ms
08-05 17:54:27.807  3168  3295 I art     : Starting a blocking GC Explicit
08-05 17:54:27.848  3168  3295 I art     : Explicit concurrent mark sweep GC freed 1344(78KB) AllocSpace objects, 1(20KB) LOS objects, 23% free, 53MB/69MB, paused 951us total 41.015ms
08-05 17:54:27.864  3168  3295 I art     : Starting a blocking GC Explicit
08-05 17:54:27.893  3168  3295 I art     : Explicit concurrent mark sweep GC freed 22(784B) AllocSpace objects, 0(0B) LOS objects, 23% free, 53MB/69MB, paused 704us total 28.837ms
08-05 17:54:27.904  3168  3295 I art     : Starting a blocking GC Explicit
08-05 17:54:27.933  3168  3295 I art     : Explicit concurrent mark sweep GC freed 3(96B) AllocSpace objects, 0(0B) LOS objects, 23% free, 53MB/69MB, paused 683us total 28.922ms
08-05 17:54:27.945  3168  3295 I art     : Starting a blocking GC Explicit
08-05 17:54:27.974  3168  3295 I art     : Explicit concurrent mark sweep GC freed 3(96B) AllocSpace objects, 0(0B) LOS objects, 23% free, 53MB/69MB, paused 694us total 29.276ms
08-05 17:54:27.986  3168  3295 I art     : Starting a blocking GC Explicit
08-05 17:54:28.015  3168  3295 I art     : Explicit concurrent mark sweep GC freed 3(96B) AllocSpace objects, 0(0B) LOS objects, 23% free, 53MB/69MB, paused 683us total 28.414ms
08-05 17:54:28.321  3168  5563 I art     : Starting a blocking GC Explicit
08-05 17:54:28.354  3168  5563 I art     : Explicit concurrent mark sweep GC freed 1365(79KB) AllocSpace objects, 1(20KB) LOS objects, 23% free, 53MB/69MB, paused 728us total 33.053ms
08-05 17:54:28.367  3168  5563 I art     : Starting a blocking GC Explicit
08-05 17:54:28.396  3168  5563 I art     : Explicit concurrent mark sweep GC freed 36(1216B) AllocSpace objects, 0(0B) LOS objects, 23% free, 53MB/69MB, paused 677us total 28.695ms
08-05 17:54:28.407  3168  5563 I art     : Starting a blocking GC Explicit
08-05 17:54:28.436  3168  5563 I art     : Explicit concurrent mark sweep GC freed 3(96B) AllocSpace objects, 0(0B) LOS objects, 23% free, 53MB/69MB, paused 666us total 28.070ms
08-05 17:54:28.447  3168  5563 I art     : Starting a blocking GC Explicit
08-05 17:54:28.475  3168  5563 I art     : Explicit concurrent mark sweep GC freed 3(96B) AllocSpace objects, 0(0B) LOS objects, 23% free, 53MB/69MB, paused 684us total 27.954ms
08-05 17:54:28.486  3168  5563 I art     : Starting a blocking GC Explicit
08-05 17:54:28.515  3168  5563 I art     : Explicit concurrent mark sweep GC freed 3(96B) AllocSpace objects, 0(0B) LOS objects, 23% free, 53MB/69MB, paused 670us total 28.445ms
08-05 17:54:28.769  6459  6459 D AndroidRuntime: >>>>>> START com.android.internal.os.RuntimeInit uid 2000 <<<<<<
08-05 17:54:28.775  6459  6459 D AndroidRuntime: CheckJNI is OFF
08-05 17:54:28.816  6459  6459 D ICU     : No timezone override file found: /data/misc/zoneinfo/current/icu/icu_tzdata.dat
08-05 17:54:28.857  3168  4054 I art     : Starting a blocking GC Explicit
08-05 17:54:28.859  6459  6459 I Radio-JNI: register_android_hardware_Radio DONE
08-05 17:54:28.886  3168  4054 I art     : Explicit concurrent mark sweep GC freed 1344(78KB) AllocSpace objects, 1(20KB) LOS objects, 23% free, 53MB/69MB, paused 676us total 29.146ms
08-05 17:54:28.889  6459  6459 D AndroidRuntime: Calling main entry com.android.commands.input.Input
08-05 17:54:28.891  6459  6459 I Input   : injectMotionEvent: MotionEvent { action=ACTION_DOWN, actionButton=0, id[0]=0, x[0]=1012.0, y[0]=1152.0, toolType[0]=TOOL_TYPE_UNKNOWN, buttonState=0, metaState=0, flags=0x0, edgeFlags=0x0, pointerCount=1, historySize=0, eventTime=813285304, downTime=813285304, deviceId=0, source=0x1002 }
08-05 17:54:28.898  3168  4054 I art     : Starting a blocking GC Explicit
08-05 17:54:28.899  6459  6459 I Input   : injectMotionEvent: MotionEvent { action=ACTION_UP, actionButton=0, id[0]=0, x[0]=1012.0, y[0]=1152.0, toolType[0]=TOOL_TYPE_UNKNOWN, buttonState=0, metaState=0, flags=0x0, edgeFlags=0x0, pointerCount=1, historySize=0, eventTime=813285304, downTime=813285304, deviceId=0, source=0x1002 }
08-05 17:54:28.901   918  6112 I ActivityManager: START u0 {cmp=baseline.appteam.nith.hillffair/.activities.ClubActivity (has extras)} from uid 10675 on display 0
08-05 17:54:28.909  6459  6459 D AndroidRuntime: Shutting down VM
08-05 17:54:28.927  3168  4054 I art     : Explicit concurrent mark sweep GC freed 156(9KB) AllocSpace objects, 0(0B) LOS objects, 23% free, 53MB/69MB, paused 923us total 29.321ms
08-05 17:54:28.939  3168  4054 I art     : Starting a blocking GC Explicit
08-05 17:54:28.968  3168  4054 I art     : Explicit concurrent mark sweep GC freed 3193(203KB) AllocSpace objects, 0(0B) LOS objects, 23% free, 53MB/69MB, paused 894us total 28.370ms
08-05 17:54:28.979  3168  4054 I art     : Starting a blocking GC Explicit
08-05 17:54:29.006  3168  4054 I art     : Explicit concurrent mark sweep GC freed 276(11KB) AllocSpace objects, 0(0B) LOS objects, 22% free, 53MB/69MB, paused 1.196ms total 27.416ms
08-05 17:54:29.017  3168  4054 I art     : Starting a blocking GC Explicit
08-05 17:54:29.023 13866 13866 I GoogleInputMethodServic: GoogleInputMethodService.onFinishInput():3138 
08-05 17:54:29.023 13866 13866 I GoogleInputMethodServic: GoogleInputMethodService.onStartInput():1808 
08-05 17:54:29.024   918   936 I ActivityManager: Displayed baseline.appteam.nith.hillffair/.activities.ClubActivity: +113ms
08-05 17:54:29.047  3168  4054 I art     : Explicit concurrent mark sweep GC freed 186(9KB) AllocSpace objects, 0(0B) LOS objects, 22% free, 53MB/69MB, paused 766us total 29.037ms
08-05 17:54:29.278   380   380 W SurfaceFlinger: couldn't log to binary event log: overflow.
08-05 17:54:29.323   918  3261 D WifiStateMachine: starting scan for "H369AA63323"WPA_PSK with 2412,5180
08-05 17:54:29.360  3168  5563 I art     : Starting a blocking GC Explicit
08-05 17:54:29.391  3168  5563 I art     : Explicit concurrent mark sweep GC freed 1371(79KB) AllocSpace objects, 1(20KB) LOS objects, 22% free, 53MB/69MB, paused 730us total 30.914ms
08-05 17:54:29.404  3168  5563 I art     : Starting a blocking GC Explicit
08-05 17:54:29.432  3168  5563 I art     : Explicit concurrent mark sweep GC freed 129(6KB) AllocSpace objects, 0(0B) LOS objects, 22% free, 53MB/69MB, paused 660us total 28.088ms
08-05 17:54:29.443  3168  5563 I art     : Starting a blocking GC Explicit
08-05 17:54:29.469  3168  5563 I art     : Explicit concurrent mark sweep GC freed 15(544B) AllocSpace objects, 0(0B) LOS objects, 22% free, 53MB/69MB, paused 698us total 26.566ms
08-05 17:54:29.480  3168  5563 I art     : Starting a blocking GC Explicit
08-05 17:54:29.509  3168  5563 I art     : Explicit concurrent mark sweep GC freed 13(480B) AllocSpace objects, 0(0B) LOS objects, 22% free, 53MB/69MB, paused 739us total 28.280ms
08-05 17:54:29.520  3168  5563 I art     : Starting a blocking GC Explicit
08-05 17:54:29.549  3168  5563 I art     : Explicit concurrent mark sweep GC freed 16(608B) AllocSpace objects, 0(0B) LOS objects, 22% free, 53MB/69MB, paused 700us total 28.760ms
08-05 17:54:29.767  3168  6486 D OkHttp  : --> GET https://api-hillfair-2k16.herokuapp.com/api/app/club/Design%20and%20Decoration%20Club http/1.1
08-05 17:54:29.808  3168  6486 D OkHttp  : <-- 200 OK https://api-hillfair-2k16.herokuapp.com/api/app/club/Design%20and%20Decoration%20Club (41ms, 760-byte body)
08-05 17:54:29.854  3168  4054 I art     : Starting a blocking GC Explicit
08-05 17:54:29.864  3168  3168 I NAPPA_EXPERIMENTATION: MetricNetworkRequestExecutionTime: REQUEST_DURATION_SYSTEM='918',REQUEST_DURATION_OKHTTP='41',REQUEST_SYNCHRONOUS='FALSE',RESPONSE_CODE='200',RESPONSE_METHOD='GET',RESPONSE_LENGTH_OKHTTP='760',RESPONSE_LENGTH_HEADER='760',REQUEST_PROTOCOL='http/1.1',REQUEST_URL='https://api-hillfair-2k16.herokuapp.com/api/app/club/Design%20and%20Decoration%20Club',
08-05 17:54:29.887  3168  4054 I art     : Explicit concurrent mark sweep GC freed 4422(289KB) AllocSpace objects, 4(220KB) LOS objects, 22% free, 53MB/69MB, paused 871us total 32.400ms
08-05 17:54:29.898  3168  4054 I art     : Starting a blocking GC Explicit
08-05 17:54:29.929  3168  4054 I art     : Explicit concurrent mark sweep GC freed 1433(170KB) AllocSpace objects, 0(0B) LOS objects, 22% free, 53MB/69MB, paused 718us total 30.049ms
08-05 17:54:29.941  3168  4054 I art     : Starting a blocking GC Explicit
08-05 17:54:29.968  3168  4054 I art     : Explicit concurrent mark sweep GC freed 33(1056B) AllocSpace objects, 0(0B) LOS objects, 22% free, 53MB/69MB, paused 695us total 26.664ms
08-05 17:54:29.979  3168  4054 I art     : Starting a blocking GC Explicit
08-05 17:54:30.009  3168  4054 I art     : Explicit concurrent mark sweep GC freed 3(96B) AllocSpace objects, 0(0B) LOS objects, 22% free, 53MB/69MB, paused 694us total 28.933ms
08-05 17:54:30.020  3168  4054 I art     : Starting a blocking GC Explicit
08-05 17:54:30.049  3168  4054 I art     : Explicit concurrent mark sweep GC freed 3(96B) AllocSpace objects, 0(0B) LOS objects, 22% free, 53MB/69MB, paused 658us total 28.988ms
08-05 17:54:30.359  3168  3295 I art     : Starting a blocking GC Explicit
08-05 17:54:30.392  3168  3295 I art     : Explicit concurrent mark sweep GC freed 1344(78KB) AllocSpace objects, 1(20KB) LOS objects, 22% free, 53MB/69MB, paused 706us total 32.594ms
08-05 17:54:30.406  3168  3295 I art     : Starting a blocking GC Explicit
08-05 17:54:30.436  3168  3295 I art     : Explicit concurrent mark sweep GC freed 36(1264B) AllocSpace objects, 0(0B) LOS objects, 22% free, 53MB/69MB, paused 688us total 29.703ms
08-05 17:54:30.447  3168  3295 I art     : Starting a blocking GC Explicit
08-05 17:54:30.477  3168  3295 I art     : Explicit concurrent mark sweep GC freed 3(96B) AllocSpace objects, 0(0B) LOS objects, 22% free, 53MB/69MB, paused 762us total 29.455ms
08-05 17:54:30.488  3168  3295 I art     : Starting a blocking GC Explicit
08-05 17:54:30.519  3168  3295 I art     : Explicit concurrent mark sweep GC freed 3(96B) AllocSpace objects, 0(0B) LOS objects, 22% free, 53MB/69MB, paused 706us total 29.927ms
08-05 17:54:30.530  3168  3295 I art     : Starting a blocking GC Explicit
08-05 17:54:30.561  3168  3295 I art     : Explicit concurrent mark sweep GC freed 3(96B) AllocSpace objects, 0(0B) LOS objects, 22% free, 53MB/69MB, paused 694us total 30.153ms
08-05 17:54:30.902  3168  4054 I art     : Starting a blocking GC Explicit
08-05 17:54:30.946  3168  4054 I art     : Explicit concurrent mark sweep GC freed 1344(78KB) AllocSpace objects, 1(20KB) LOS objects, 22% free, 53MB/69MB, paused 762us total 43.406ms
08-05 17:54:30.961  3168  4054 I art     : Starting a blocking GC Explicit
08-05 17:54:30.992  3168  4054 I art     : Explicit concurrent mark sweep GC freed 20(704B) AllocSpace objects, 0(0B) LOS objects, 22% free, 53MB/69MB, paused 721us total 30.961ms
08-05 17:54:31.004  3168  4054 I art     : Starting a blocking GC Explicit
08-05 17:54:31.037  3168  4054 I art     : Explicit concurrent mark sweep GC freed 3(96B) AllocSpace objects, 0(0B) LOS objects, 22% free, 53MB/69MB, paused 830us total 33.301ms
08-05 17:54:31.050  3168  4054 I art     : Starting a blocking GC Explicit
08-05 17:54:31.083  3168  4054 I art     : Explicit concurrent mark sweep GC freed 3(96B) AllocSpace objects, 0(0B) LOS objects, 22% free, 53MB/69MB, paused 720us total 32.852ms
08-05 17:54:31.095  3168  4054 I art     : Starting a blocking GC Explicit
08-05 17:54:31.129  3168  4054 I art     : Explicit concurrent mark sweep GC freed 3(96B) AllocSpace objects, 0(0B) LOS objects, 22% free, 53MB/69MB, paused 749us total 33.442ms
08-05 17:54:31.471  3168  5563 I art     : Starting a blocking GC Explicit
08-05 17:54:31.516  3168  5563 I art     : Explicit concurrent mark sweep GC freed 1344(78KB) AllocSpace objects, 1(20KB) LOS objects, 22% free, 53MB/69MB, paused 794us total 44.922ms
08-05 17:54:31.533  3168  5563 I art     : Starting a blocking GC Explicit
08-05 17:54:31.569  3168  5563 I art     : Explicit concurrent mark sweep GC freed 20(704B) AllocSpace objects, 0(0B) LOS objects, 22% free, 53MB/69MB, paused 773us total 35.349ms
08-05 17:54:31.581  3168  5563 I art     : Starting a blocking GC Explicit
08-05 17:54:31.615  3168  5563 I art     : Explicit concurrent mark sweep GC freed 3(96B) AllocSpace objects, 0(0B) LOS objects, 22% free, 53MB/69MB, paused 730us total 33.694ms
08-05 17:54:31.627  3168  5563 I art     : Starting a blocking GC Explicit
08-05 17:54:31.661  3168  5563 I art     : Explicit concurrent mark sweep GC freed 3(96B) AllocSpace objects, 0(0B) LOS objects, 22% free, 53MB/69MB, paused 691us total 33.551ms
08-05 17:54:31.673  3168  5563 I art     : Starting a blocking GC Explicit
08-05 17:54:31.705  3168  5563 I art     : Explicit concurrent mark sweep GC freed 3(96B) AllocSpace objects, 0(0B) LOS objects, 22% free, 53MB/69MB, paused 725us total 31.775ms
08-05 17:54:32.038  3168  3183 I art     : Starting a blocking GC Explicit
08-05 17:54:32.079  3168  3183 I art     : Explicit concurrent mark sweep GC freed 1344(78KB) AllocSpace objects, 1(20KB) LOS objects, 22% free, 53MB/69MB, paused 773us total 40.388ms
08-05 17:54:32.094  3168  3183 I art     : Starting a blocking GC Explicit
08-05 17:54:32.128  3168  3183 I art     : Explicit concurrent mark sweep GC freed 20(704B) AllocSpace objects, 0(0B) LOS objects, 22% free, 53MB/69MB, paused 771us total 33.830ms
08-05 17:54:32.140  3168  3183 I art     : Starting a blocking GC Explicit
08-05 17:54:32.174  3168  3183 I art     : Explicit concurrent mark sweep GC freed 3(96B) AllocSpace objects, 0(0B) LOS objects, 22% free, 53MB/69MB, paused 727us total 33.329ms
08-05 17:54:32.186  3168  3183 I art     : Starting a blocking GC Explicit
08-05 17:54:32.219  3168  3183 I art     : Explicit concurrent mark sweep GC freed 3(96B) AllocSpace objects, 0(0B) LOS objects, 22% free, 53MB/69MB, paused 675us total 33.167ms
08-05 17:54:32.231  3168  3183 I art     : Starting a blocking GC Explicit
08-05 17:54:32.264  3168  3183 I art     : Explicit concurrent mark sweep GC freed 3(96B) AllocSpace objects, 0(0B) LOS objects, 22% free, 53MB/69MB, paused 729us total 32.854ms
08-05 17:54:32.585  3168  3180 I art     : Starting a blocking GC Explicit
08-05 17:54:32.628  3168  3180 I art     : Explicit concurrent mark sweep GC freed 1344(78KB) AllocSpace objects, 1(20KB) LOS objects, 22% free, 53MB/69MB, paused 750us total 41.995ms
08-05 17:54:32.643  3168  3180 I art     : Starting a blocking GC Explicit
08-05 17:54:32.675  3168  3180 I art     : Explicit concurrent mark sweep GC freed 20(704B) AllocSpace objects, 0(0B) LOS objects, 22% free, 53MB/69MB, paused 677us total 32.011ms
08-05 17:54:32.687  3168  3180 I art     : Starting a blocking GC Explicit
08-05 17:54:32.721  3168  3180 I art     : Explicit concurrent mark sweep GC freed 3(96B) AllocSpace objects, 0(0B) LOS objects, 22% free, 53MB/69MB, paused 688us total 33.666ms
08-05 17:54:32.733  3168  3180 I art     : Starting a blocking GC Explicit
08-05 17:54:32.766  3168  3180 I art     : Explicit concurrent mark sweep GC freed 3(96B) AllocSpace objects, 0(0B) LOS objects, 22% free, 53MB/69MB, paused 714us total 32.710ms
08-05 17:54:32.779  3168  3180 I art     : Starting a blocking GC Explicit
08-05 17:54:32.812  3168  3180 I art     : Explicit concurrent mark sweep GC freed 3(96B) AllocSpace objects, 0(0B) LOS objects, 22% free, 53MB/69MB, paused 701us total 32.892ms
08-05 17:54:33.147  3168  3295 I art     : Starting a blocking GC Explicit
08-05 17:54:33.180  3168  3295 I art     : Explicit concurrent mark sweep GC freed 1344(78KB) AllocSpace objects, 1(20KB) LOS objects, 22% free, 53MB/69MB, paused 723us total 32.118ms
08-05 17:54:33.191  3168  3295 I art     : Starting a blocking GC Explicit
08-05 17:54:33.220  3168  3295 I art     : Explicit concurrent mark sweep GC freed 20(704B) AllocSpace objects, 0(0B) LOS objects, 22% free, 53MB/69MB, paused 701us total 28.506ms
08-05 17:54:33.231  3168  3295 I art     : Starting a blocking GC Explicit
08-05 17:54:33.263  3168  3295 I art     : Explicit concurrent mark sweep GC freed 3(96B) AllocSpace objects, 0(0B) LOS objects, 22% free, 53MB/69MB, paused 727us total 31.135ms
08-05 17:54:33.274  3168  3295 I art     : Starting a blocking GC Explicit
08-05 17:54:33.305  3168  3295 I art     : Explicit concurrent mark sweep GC freed 3(96B) AllocSpace objects, 0(0B) LOS objects, 22% free, 53MB/69MB, paused 758us total 30.632ms
08-05 17:54:33.317  3168  3295 I art     : Starting a blocking GC Explicit
08-05 17:54:33.348  3168  3295 I art     : Explicit concurrent mark sweep GC freed 3(96B) AllocSpace objects, 0(0B) LOS objects, 22% free, 53MB/69MB, paused 727us total 31.050ms
08-05 17:54:33.680  3168  4054 I art     : Starting a blocking GC Explicit
08-05 17:54:33.691  6568  6568 D AndroidRuntime: >>>>>> START com.android.internal.os.RuntimeInit uid 2000 <<<<<<
08-05 17:54:33.698  6568  6568 D AndroidRuntime: CheckJNI is OFF
08-05 17:54:33.717  3168  4054 I art     : Explicit concurrent mark sweep GC freed 1344(78KB) AllocSpace objects, 1(20KB) LOS objects, 22% free, 53MB/69MB, paused 741us total 36.494ms
08-05 17:54:33.728  3168  4054 I art     : Starting a blocking GC Explicit
08-05 17:54:33.748  6568  6568 D ICU     : No timezone override file found: /data/misc/zoneinfo/current/icu/icu_tzdata.dat
08-05 17:54:33.759  3168  4054 I art     : Explicit concurrent mark sweep GC freed 20(704B) AllocSpace objects, 0(0B) LOS objects, 22% free, 53MB/69MB, paused 739us total 30.851ms
08-05 17:54:33.771  3168  4054 I art     : Starting a blocking GC Explicit
08-05 17:54:33.792  6568  6568 I Radio-JNI: register_android_hardware_Radio DONE
08-05 17:54:33.802  3168  4054 I art     : Explicit concurrent mark sweep GC freed 3(96B) AllocSpace objects, 0(0B) LOS objects, 22% free, 53MB/69MB, paused 747us total 30.944ms
08-05 17:54:33.814  3168  4054 I art     : Starting a blocking GC Explicit
08-05 17:54:33.822  6568  6568 D AndroidRuntime: Calling main entry com.android.commands.input.Input
08-05 17:54:33.824  6568  6568 I Input   : injectKeyEvent: KeyEvent { action=ACTION_DOWN, keyCode=KEYCODE_BACK, scanCode=0, metaState=0, flags=0x0, repeatCount=0, eventTime=813290237, downTime=813290237, deviceId=-1, source=0x101 }
08-05 17:54:33.830  6568  6568 I Input   : injectKeyEvent: KeyEvent { action=ACTION_UP, keyCode=KEYCODE_BACK, scanCode=0, metaState=0, flags=0x0, repeatCount=0, eventTime=813290237, downTime=813290237, deviceId=-1, source=0x101 }
08-05 17:54:33.838  6568  6568 D AndroidRuntime: Shutting down VM
08-05 17:54:33.843  3168  4054 I art     : Explicit concurrent mark sweep GC freed 46(1520B) AllocSpace objects, 0(0B) LOS objects, 22% free, 53MB/69MB, paused 874us total 28.791ms
08-05 17:54:33.854  3168  4054 I art     : Starting a blocking GC Explicit
08-05 17:54:33.876 13866 13866 I GoogleInputMethodServic: GoogleInputMethodService.onFinishInput():3138 
08-05 17:54:33.877 13866 13866 I GoogleInputMethodServic: GoogleInputMethodService.onStartInput():1808 
08-05 17:54:33.882  3168  4054 I art     : Explicit concurrent mark sweep GC freed 105(5KB) AllocSpace objects, 0(0B) LOS objects, 22% free, 53MB/69MB, paused 653us total 27.489ms
08-05 17:54:34.193  3168  3295 I art     : Starting a blocking GC Explicit
08-05 17:54:34.199   380   380 W SurfaceFlinger: couldn't log to binary event log: overflow.
08-05 17:54:34.225  3168  3295 I art     : Explicit concurrent mark sweep GC freed 1488(88KB) AllocSpace objects, 1(20KB) LOS objects, 22% free, 53MB/69MB, paused 644us total 31.123ms
08-05 17:54:34.236  3168  3295 I art     : Starting a blocking GC Explicit
08-05 17:54:34.265  3168  3295 I art     : Explicit concurrent mark sweep GC freed 135(6KB) AllocSpace objects, 0(0B) LOS objects, 22% free, 53MB/69MB, paused 685us total 28.511ms
08-05 17:54:34.276  3168  3295 I art     : Starting a blocking GC Explicit
08-05 17:54:34.306  3168  3295 I art     : Explicit concurrent mark sweep GC freed 1546(101KB) AllocSpace objects, 3(180KB) LOS objects, 23% free, 53MB/69MB, paused 694us total 29.188ms
08-05 17:54:34.317  3168  3295 I art     : Starting a blocking GC Explicit
08-05 17:54:34.347  3168  3295 I art     : Explicit concurrent mark sweep GC freed 3(96B) AllocSpace objects, 0(0B) LOS objects, 23% free, 53MB/69MB, paused 697us total 29.186ms
08-05 17:54:34.358  3168  3295 I art     : Starting a blocking GC Explicit
08-05 17:54:34.388  3168  3295 I art     : Explicit concurrent mark sweep GC freed 3(96B) AllocSpace objects, 0(0B) LOS objects, 23% free, 53MB/69MB, paused 757us total 29.412ms
08-05 17:54:34.530   918  3188 I hubconnection: sensorhub said: 'set_bias 3: -5.7120, 0.0000, 0.0000'
08-05 17:54:34.705  3168  3183 I art     : Starting a blocking GC Explicit
08-05 17:54:34.741  3168  3183 I art     : Explicit concurrent mark sweep GC freed 1344(78KB) AllocSpace objects, 1(20KB) LOS objects, 23% free, 53MB/69MB, paused 762us total 35.619ms
08-05 17:54:34.754  3168  3183 I art     : Starting a blocking GC Explicit
08-05 17:54:34.784  3168  3183 I art     : Explicit concurrent mark sweep GC freed 20(704B) AllocSpace objects, 0(0B) LOS objects, 23% free, 53MB/69MB, paused 709us total 29.760ms
08-05 17:54:34.796  3168  3183 I art     : Starting a blocking GC Explicit
08-05 17:54:34.826  3168  3183 I art     : Explicit concurrent mark sweep GC freed 3(96B) AllocSpace objects, 0(0B) LOS objects, 23% free, 53MB/69MB, paused 688us total 30.127ms
08-05 17:54:34.838  3168  3183 I art     : Starting a blocking GC Explicit
08-05 17:54:34.867  3168  3183 I art     : Explicit concurrent mark sweep GC freed 3(96B) AllocSpace objects, 0(0B) LOS objects, 23% free, 53MB/69MB, paused 785us total 28.846ms
08-05 17:54:34.879  3168  3183 I art     : Starting a blocking GC Explicit
08-05 17:54:34.909  3168  3183 I art     : Explicit concurrent mark sweep GC freed 3(96B) AllocSpace objects, 0(0B) LOS objects, 23% free, 53MB/69MB, paused 701us total 29.775ms
08-05 17:54:35.198  3168  4054 I art     : Starting a blocking GC Explicit
08-05 17:54:35.228  3168  4054 I art     : Explicit concurrent mark sweep GC freed 1344(78KB) AllocSpace objects, 1(20KB) LOS objects, 23% free, 53MB/69MB, paused 785us total 29.264ms
08-05 17:54:35.239  3168  4054 I art     : Starting a blocking GC Explicit
08-05 17:54:35.268  3168  4054 I art     : Explicit concurrent mark sweep GC freed 20(704B) AllocSpace objects, 0(0B) LOS objects, 23% free, 53MB/69MB, paused 727us total 28.825ms
08-05 17:54:35.280  3168  4054 I art     : Starting a blocking GC Explicit
08-05 17:54:35.308  3168  4054 I art     : Explicit concurrent mark sweep GC freed 3(96B) AllocSpace objects, 0(0B) LOS objects, 23% free, 53MB/69MB, paused 735us total 28.317ms
08-05 17:54:35.319  3168  4054 I art     : Starting a blocking GC Explicit
08-05 17:54:35.348  3168  4054 I art     : Explicit concurrent mark sweep GC freed 3(96B) AllocSpace objects, 0(0B) LOS objects, 23% free, 53MB/69MB, paused 708us total 28.339ms
08-05 17:54:35.359  3168  4054 I art     : Starting a blocking GC Explicit
08-05 17:54:35.388  3168  4054 I art     : Explicit concurrent mark sweep GC freed 3(96B) AllocSpace objects, 0(0B) LOS objects, 23% free, 53MB/69MB, paused 720us total 28.349ms
08-05 17:54:35.619  6614  6614 D AndroidRuntime: >>>>>> START com.android.internal.os.RuntimeInit uid 2000 <<<<<<
08-05 17:54:35.625  6614  6614 D AndroidRuntime: CheckJNI is OFF
08-05 17:54:35.669  6614  6614 D ICU     : No timezone override file found: /data/misc/zoneinfo/current/icu/icu_tzdata.dat
08-05 17:54:35.692  3168  5563 I art     : Starting a blocking GC Explicit
08-05 17:54:35.712  6614  6614 I Radio-JNI: register_android_hardware_Radio DONE
08-05 17:54:35.722  3168  5563 I art     : Explicit concurrent mark sweep GC freed 1344(78KB) AllocSpace objects, 1(20KB) LOS objects, 23% free, 53MB/69MB, paused 755us total 29.476ms
08-05 17:54:35.733  3168  5563 I art     : Starting a blocking GC Explicit
08-05 17:54:35.742  6614  6614 D AndroidRuntime: Calling main entry com.android.commands.input.Input
08-05 17:54:35.744  6614  6614 I Input   : injectMotionEvent: MotionEvent { action=ACTION_DOWN, actionButton=0, id[0]=0, x[0]=255.0, y[0]=1845.0, toolType[0]=TOOL_TYPE_UNKNOWN, buttonState=0, metaState=0, flags=0x0, edgeFlags=0x0, pointerCount=1, historySize=0, eventTime=813292156, downTime=813292156, deviceId=0, source=0x1002 }
08-05 17:54:35.751  6614  6614 I Input   : injectMotionEvent: MotionEvent { action=ACTION_UP, actionButton=0, id[0]=0, x[0]=255.0, y[0]=1845.0, toolType[0]=TOOL_TYPE_UNKNOWN, buttonState=0, metaState=0, flags=0x0, edgeFlags=0x0, pointerCount=1, historySize=0, eventTime=813292156, downTime=813292156, deviceId=0, source=0x1002 }
08-05 17:54:35.753   918  5132 I ActivityManager: START u0 {cmp=baseline.appteam.nith.hillffair/.activities.ClubActivity (has extras)} from uid 10675 on display 0
08-05 17:54:35.762  6614  6614 D AndroidRuntime: Shutting down VM
08-05 17:54:35.763  3168  5563 I art     : Explicit concurrent mark sweep GC freed 28(1008B) AllocSpace objects, 0(0B) LOS objects, 23% free, 53MB/69MB, paused 854us total 29.460ms
08-05 17:54:35.774  3168  5563 I art     : Starting a blocking GC Explicit
08-05 17:54:35.804  3168  5563 I art     : Explicit concurrent mark sweep GC freed 3147(194KB) AllocSpace objects, 0(0B) LOS objects, 22% free, 53MB/69MB, paused 2.096ms total 29.267ms
08-05 17:54:35.815  3168  5563 I art     : Starting a blocking GC Explicit
08-05 17:54:35.844  3168  5563 I art     : Explicit concurrent mark sweep GC freed 452(31KB) AllocSpace objects, 0(0B) LOS objects, 22% free, 53MB/69MB, paused 1.089ms total 28.316ms
08-05 17:54:35.854  3168  5563 I art     : Starting a blocking GC Explicit
08-05 17:54:35.860   918   936 I ActivityManager: Displayed baseline.appteam.nith.hillffair/.activities.ClubActivity: +96ms
08-05 17:54:35.861 13866 13866 I GoogleInputMethodServic: GoogleInputMethodService.onFinishInput():3138 
08-05 17:54:35.862 13866 13866 I GoogleInputMethodServic: GoogleInputMethodService.onStartInput():1808 
08-05 17:54:35.884  3168  5563 I art     : Explicit concurrent mark sweep GC freed 169(7KB) AllocSpace objects, 0(0B) LOS objects, 22% free, 53MB/69MB, paused 803us total 29.487ms
08-05 17:54:36.102   380   380 W SurfaceFlinger: couldn't log to binary event log: overflow.
08-05 17:54:36.179  3168  3180 I art     : Starting a blocking GC Explicit
08-05 17:54:36.210  3168  3180 I art     : Explicit concurrent mark sweep GC freed 1427(83KB) AllocSpace objects, 1(20KB) LOS objects, 22% free, 53MB/69MB, paused 876us total 30.743ms
08-05 17:54:36.223  3168  3180 I art     : Starting a blocking GC Explicit
08-05 17:54:36.256  3168  3180 I art     : Explicit concurrent mark sweep GC freed 117(6KB) AllocSpace objects, 0(0B) LOS objects, 22% free, 53MB/69MB, paused 836us total 32.369ms
08-05 17:54:36.269  3168  3180 I art     : Starting a blocking GC Explicit
08-05 17:54:36.298  3168  3180 I art     : Explicit concurrent mark sweep GC freed 22(848B) AllocSpace objects, 0(0B) LOS objects, 22% free, 53MB/69MB, paused 780us total 28.566ms
08-05 17:54:36.309  3168  3180 I art     : Starting a blocking GC Explicit
08-05 17:54:36.339  3168  3180 I art     : Explicit concurrent mark sweep GC freed 15(560B) AllocSpace objects, 0(0B) LOS objects, 22% free, 53MB/69MB, paused 879us total 29.602ms
08-05 17:54:36.351  3168  3180 I art     : Starting a blocking GC Explicit
08-05 17:54:36.380  3168  3180 I art     : Explicit concurrent mark sweep GC freed 14(528B) AllocSpace objects, 0(0B) LOS objects, 22% free, 53MB/69MB, paused 739us total 29.453ms
08-05 17:54:36.637  3168  6645 D OkHttp  : --> GET https://api-hillfair-2k16.herokuapp.com/api/app/club/Technical%20Committee http/1.1
08-05 17:54:36.673  3168  5563 I art     : Starting a blocking GC Explicit
08-05 17:54:36.673  3168  6645 D OkHttp  : <-- 200 OK https://api-hillfair-2k16.herokuapp.com/api/app/club/Technical%20Committee (36ms, 1171-byte body)
08-05 17:54:36.719  3168  5563 I art     : Explicit concurrent mark sweep GC freed 4242(285KB) AllocSpace objects, 4(220KB) LOS objects, 22% free, 54MB/70MB, paused 1.113ms total 46.254ms
08-05 17:54:36.721  3168  3168 I NAPPA_EXPERIMENTATION: MetricNetworkRequestExecutionTime: REQUEST_DURATION_SYSTEM='924',REQUEST_DURATION_OKHTTP='36',REQUEST_SYNCHRONOUS='FALSE',RESPONSE_CODE='200',RESPONSE_METHOD='GET',RESPONSE_LENGTH_OKHTTP='1171',RESPONSE_LENGTH_HEADER='1171',REQUEST_PROTOCOL='http/1.1',REQUEST_URL='https://api-hillfair-2k16.herokuapp.com/api/app/club/Technical%20Committee',
08-05 17:54:36.731  3168  5563 I art     : Starting a blocking GC Explicit
08-05 17:54:36.759  3168  5563 I art     : Explicit concurrent mark sweep GC freed 1620(169KB) AllocSpace objects, 0(0B) LOS objects, 22% free, 53MB/69MB, paused 729us total 28.058ms
08-05 17:54:36.770  3168  5563 I art     : Starting a blocking GC Explicit
08-05 17:54:36.801  3168  5563 I art     : Explicit concurrent mark sweep GC freed 48(9KB) AllocSpace objects, 0(0B) LOS objects, 22% free, 53MB/69MB, paused 714us total 31.125ms
08-05 17:54:36.813  3168  5563 I art     : Starting a blocking GC Explicit
08-05 17:54:36.844  3168  5563 I art     : Explicit concurrent mark sweep GC freed 6(192B) AllocSpace objects, 0(0B) LOS objects, 22% free, 53MB/69MB, paused 716us total 30.609ms
08-05 17:54:36.855  3168  5563 I art     : Starting a blocking GC Explicit
08-05 17:54:36.886  3168  5563 I art     : Explicit concurrent mark sweep GC freed 3(96B) AllocSpace objects, 0(0B) LOS objects, 22% free, 53MB/69MB, paused 691us total 30.325ms
08-05 17:54:37.199  3168  5563 I art     : Starting a blocking GC Explicit
08-05 17:54:37.231  3168  5563 I art     : Explicit concurrent mark sweep GC freed 1344(78KB) AllocSpace objects, 1(20KB) LOS objects, 22% free, 53MB/69MB, paused 715us total 31.880ms
08-05 17:54:37.244  3168  5563 I art     : Starting a blocking GC Explicit
08-05 17:54:37.275  3168  5563 I art     : Explicit concurrent mark sweep GC freed 36(1264B) AllocSpace objects, 0(0B) LOS objects, 22% free, 53MB/69MB, paused 709us total 30.467ms
08-05 17:54:37.287  3168  5563 I art     : Starting a blocking GC Explicit
08-05 17:54:37.318  3168  5563 I art     : Explicit concurrent mark sweep GC freed 3(96B) AllocSpace objects, 0(0B) LOS objects, 22% free, 53MB/69MB, paused 739us total 30.703ms
08-05 17:54:37.330  3168  5563 I art     : Starting a blocking GC Explicit
08-05 17:54:37.361  3168  5563 I art     : Explicit concurrent mark sweep GC freed 3(96B) AllocSpace objects, 0(0B) LOS objects, 22% free, 53MB/69MB, paused 707us total 30.791ms
08-05 17:54:37.373  3168  5563 I art     : Starting a blocking GC Explicit
08-05 17:54:37.404  3168  5563 I art     : Explicit concurrent mark sweep GC freed 3(96B) AllocSpace objects, 0(0B) LOS objects, 22% free, 53MB/69MB, paused 718us total 31.228ms
08-05 17:54:37.739  3168  3183 I art     : Starting a blocking GC Explicit
08-05 17:54:37.778  3168  3183 I art     : Explicit concurrent mark sweep GC freed 1344(78KB) AllocSpace objects, 1(20KB) LOS objects, 22% free, 53MB/69MB, paused 842us total 38.383ms
08-05 17:54:37.793  3168  3183 I art     : Starting a blocking GC Explicit
08-05 17:54:37.827  3168  3183 I art     : Explicit concurrent mark sweep GC freed 20(704B) AllocSpace objects, 0(0B) LOS objects, 22% free, 53MB/69MB, paused 743us total 33.579ms
08-05 17:54:37.838  3168  3183 I art     : Starting a blocking GC Explicit
08-05 17:54:37.872  3168  3183 I art     : Explicit concurrent mark sweep GC freed 3(96B) AllocSpace objects, 0(0B) LOS objects, 22% free, 53MB/69MB, paused 735us total 33.578ms
08-05 17:54:37.884  3168  3183 I art     : Starting a blocking GC Explicit
08-05 17:54:37.919  3168  3183 I art     : Explicit concurrent mark sweep GC freed 3(96B) AllocSpace objects, 0(0B) LOS objects, 22% free, 53MB/69MB, paused 786us total 33.942ms
08-05 17:54:37.931  3168  3183 I art     : Starting a blocking GC Explicit
08-05 17:54:37.964  3168  3183 I art     : Explicit concurrent mark sweep GC freed 3(96B) AllocSpace objects, 0(0B) LOS objects, 22% free, 53MB/69MB, paused 702us total 32.949ms
08-05 17:54:38.298  3168  3180 I art     : Starting a blocking GC Explicit
08-05 17:54:38.336  3168  3180 I art     : Explicit concurrent mark sweep GC freed 1344(78KB) AllocSpace objects, 1(20KB) LOS objects, 22% free, 53MB/69MB, paused 751us total 37.107ms
08-05 17:54:38.349  3168  3180 I art     : Starting a blocking GC Explicit
08-05 17:54:38.380  3168  3180 I art     : Explicit concurrent mark sweep GC freed 20(704B) AllocSpace objects, 0(0B) LOS objects, 22% free, 53MB/69MB, paused 715us total 30.766ms
08-05 17:54:38.392  3168  3180 I art     : Starting a blocking GC Explicit
08-05 17:54:38.423  3168  3180 I art     : Explicit concurrent mark sweep GC freed 3(96B) AllocSpace objects, 0(0B) LOS objects, 22% free, 53MB/69MB, paused 686us total 30.750ms
08-05 17:54:38.435  3168  3180 I art     : Starting a blocking GC Explicit
08-05 17:54:38.469  3168  3180 I art     : Explicit concurrent mark sweep GC freed 3(96B) AllocSpace objects, 0(0B) LOS objects, 22% free, 53MB/69MB, paused 742us total 34.027ms
08-05 17:54:38.481  3168  3180 I art     : Starting a blocking GC Explicit
08-05 17:54:38.515  3168  3180 I art     : Explicit concurrent mark sweep GC freed 3(96B) AllocSpace objects, 0(0B) LOS objects, 22% free, 53MB/69MB, paused 869us total 33.857ms
08-05 17:54:38.862  3168  4054 I art     : Starting a blocking GC Explicit
08-05 17:54:38.907  3168  4054 I art     : Explicit concurrent mark sweep GC freed 1344(78KB) AllocSpace objects, 1(20KB) LOS objects, 22% free, 53MB/69MB, paused 806us total 43.660ms
08-05 17:54:38.924  3168  4054 I art     : Starting a blocking GC Explicit
08-05 17:54:38.957  3168  4054 I art     : Explicit concurrent mark sweep GC freed 20(704B) AllocSpace objects, 0(0B) LOS objects, 22% free, 53MB/69MB, paused 830us total 32.844ms
08-05 17:54:38.970  3168  4054 I art     : Starting a blocking GC Explicit
08-05 17:54:39.004  3168  4054 I art     : Explicit concurrent mark sweep GC freed 3(96B) AllocSpace objects, 0(0B) LOS objects, 22% free, 53MB/69MB, paused 727us total 34.126ms
08-05 17:54:39.016  3168  4054 I art     : Starting a blocking GC Explicit
08-05 17:54:39.050  3168  4054 I art     : Explicit concurrent mark sweep GC freed 3(96B) AllocSpace objects, 0(0B) LOS objects, 22% free, 53MB/69MB, paused 687us total 33.333ms
08-05 17:54:39.062  3168  4054 I art     : Starting a blocking GC Explicit
08-05 17:54:39.096  3168  4054 I art     : Explicit concurrent mark sweep GC freed 3(96B) AllocSpace objects, 0(0B) LOS objects, 22% free, 53MB/69MB, paused 748us total 33.885ms
08-05 17:54:39.449  3168  3295 I art     : Starting a blocking GC Explicit
08-05 17:54:39.492  3168  3295 I art     : Explicit concurrent mark sweep GC freed 1344(78KB) AllocSpace objects, 1(20KB) LOS objects, 22% free, 53MB/69MB, paused 802us total 42.700ms
08-05 17:54:39.507  3168  3295 I art     : Starting a blocking GC Explicit
08-05 17:54:39.540  3168  3295 I art     : Explicit concurrent mark sweep GC freed 20(704B) AllocSpace objects, 0(0B) LOS objects, 22% free, 53MB/69MB, paused 720us total 33.035ms
08-05 17:54:39.552  3168  3295 I art     : Starting a blocking GC Explicit
08-05 17:54:39.586  3168  3295 I art     : Explicit concurrent mark sweep GC freed 3(96B) AllocSpace objects, 0(0B) LOS objects, 22% free, 53MB/69MB, paused 748us total 33.871ms
08-05 17:54:39.598  3168  3295 I art     : Starting a blocking GC Explicit
08-05 17:54:39.632  3168  3295 I art     : Explicit concurrent mark sweep GC freed 3(96B) AllocSpace objects, 0(0B) LOS objects, 22% free, 53MB/69MB, paused 737us total 33.578ms
08-05 17:54:39.644  3168  3295 I art     : Starting a blocking GC Explicit
08-05 17:54:39.676  3168  3295 I art     : Explicit concurrent mark sweep GC freed 3(96B) AllocSpace objects, 0(0B) LOS objects, 22% free, 53MB/69MB, paused 716us total 31.813ms
08-05 17:54:40.033  3168  5563 I art     : Starting a blocking GC Explicit
08-05 17:54:40.068  3168  5563 I art     : Explicit concurrent mark sweep GC freed 1357(78KB) AllocSpace objects, 1(20KB) LOS objects, 22% free, 53MB/69MB, paused 779us total 35.262ms
08-05 17:54:40.080  3168  5563 I art     : Starting a blocking GC Explicit
08-05 17:54:40.111  3168  5563 I art     : Explicit concurrent mark sweep GC freed 34(1136B) AllocSpace objects, 0(0B) LOS objects, 22% free, 53MB/69MB, paused 734us total 30.422ms
08-05 17:54:40.122  3168  5563 I art     : Starting a blocking GC Explicit
08-05 17:54:40.154  3168  5563 I art     : Explicit concurrent mark sweep GC freed 3(96B) AllocSpace objects, 0(0B) LOS objects, 22% free, 53MB/69MB, paused 757us total 31.370ms
08-05 17:54:40.166  3168  5563 I art     : Starting a blocking GC Explicit
08-05 17:54:40.198  3168  5563 I art     : Explicit concurrent mark sweep GC freed 3(96B) AllocSpace objects, 0(0B) LOS objects, 22% free, 53MB/69MB, paused 823us total 31.701ms
08-05 17:54:40.210  3168  5563 I art     : Starting a blocking GC Explicit
08-05 17:54:40.242  3168  5563 I art     : Explicit concurrent mark sweep GC freed 3(96B) AllocSpace objects, 0(0B) LOS objects, 22% free, 53MB/69MB, paused 727us total 32.001ms
08-05 17:54:40.554  6731  6731 D AndroidRuntime: >>>>>> START com.android.internal.os.RuntimeInit uid 2000 <<<<<<
08-05 17:54:40.560  6731  6731 D AndroidRuntime: CheckJNI is OFF
08-05 17:54:40.567  3168  3183 I art     : Starting a blocking GC Explicit
08-05 17:54:40.604  3168  3183 I art     : Explicit concurrent mark sweep GC freed 1344(78KB) AllocSpace objects, 1(20KB) LOS objects, 22% free, 53MB/69MB, paused 797us total 36.019ms
08-05 17:54:40.612  6731  6731 D ICU     : No timezone override file found: /data/misc/zoneinfo/current/icu/icu_tzdata.dat
08-05 17:54:40.617  3168  3183 I art     : Starting a blocking GC Explicit
08-05 17:54:40.649  3168  3183 I art     : Explicit concurrent mark sweep GC freed 20(704B) AllocSpace objects, 0(0B) LOS objects, 22% free, 53MB/69MB, paused 728us total 31.707ms
08-05 17:54:40.657  6731  6731 I Radio-JNI: register_android_hardware_Radio DONE
08-05 17:54:40.661  3168  3183 I art     : Starting a blocking GC Explicit
08-05 17:54:40.687  6731  6731 D AndroidRuntime: Calling main entry com.android.commands.input.Input
08-05 17:54:40.689  6731  6731 I Input   : injectKeyEvent: KeyEvent { action=ACTION_DOWN, keyCode=KEYCODE_BACK, scanCode=0, metaState=0, flags=0x0, repeatCount=0, eventTime=813297102, downTime=813297102, deviceId=-1, source=0x101 }
08-05 17:54:40.692  3168  3183 I art     : Explicit concurrent mark sweep GC freed 3(96B) AllocSpace objects, 0(0B) LOS objects, 22% free, 53MB/69MB, paused 751us total 31.146ms
08-05 17:54:40.696  6731  6731 I Input   : injectKeyEvent: KeyEvent { action=ACTION_UP, keyCode=KEYCODE_BACK, scanCode=0, metaState=0, flags=0x0, repeatCount=0, eventTime=813297102, downTime=813297102, deviceId=-1, source=0x101 }
08-05 17:54:40.702  6731  6731 D AndroidRuntime: Shutting down VM
08-05 17:54:40.703  3168  3183 I art     : Starting a blocking GC Explicit
08-05 17:54:40.732  3168  3183 I art     : Explicit concurrent mark sweep GC freed 148(6KB) AllocSpace objects, 0(0B) LOS objects, 22% free, 53MB/69MB, paused 659us total 28.322ms
08-05 17:54:40.741 13866 13866 I GoogleInputMethodServic: GoogleInputMethodService.onFinishInput():3138 
08-05 17:54:40.742 13866 13866 I GoogleInputMethodServic: GoogleInputMethodService.onStartInput():1808 
08-05 17:54:40.743  3168  3183 I art     : Starting a blocking GC Explicit
08-05 17:54:40.772  3168  3183 I art     : Explicit concurrent mark sweep GC freed 39(1408B) AllocSpace objects, 0(0B) LOS objects, 22% free, 53MB/69MB, paused 670us total 29.267ms
08-05 17:54:41.056   380   380 W SurfaceFlinger: couldn't log to binary event log: overflow.
08-05 17:54:41.075  3168  3183 I art     : Starting a blocking GC Explicit
08-05 17:54:41.106  3168  3183 I art     : Explicit concurrent mark sweep GC freed 1460(87KB) AllocSpace objects, 1(20KB) LOS objects, 22% free, 53MB/69MB, paused 722us total 30.452ms
08-05 17:54:41.117  3168  3183 I art     : Starting a blocking GC Explicit
08-05 17:54:41.147  3168  3183 I art     : Explicit concurrent mark sweep GC freed 1670(108KB) AllocSpace objects, 3(180KB) LOS objects, 22% free, 53MB/69MB, paused 686us total 29.528ms
08-05 17:54:41.158  3168  3183 I art     : Starting a blocking GC Explicit
08-05 17:54:41.189  3168  3183 I art     : Explicit concurrent mark sweep GC freed 3(96B) AllocSpace objects, 0(0B) LOS objects, 22% free, 53MB/69MB, paused 713us total 30.289ms
08-05 17:54:41.201  3168  3183 I art     : Starting a blocking GC Explicit
08-05 17:54:41.231  3168  3183 I art     : Explicit concurrent mark sweep GC freed 3(96B) AllocSpace objects, 0(0B) LOS objects, 22% free, 53MB/69MB, paused 706us total 29.840ms
08-05 17:54:41.243  3168  3183 I art     : Starting a blocking GC Explicit
08-05 17:54:41.273  3168  3183 I art     : Explicit concurrent mark sweep GC freed 3(96B) AllocSpace objects, 0(0B) LOS objects, 22% free, 53MB/69MB, paused 710us total 30.465ms
08-05 17:54:41.588  3168  3180 I art     : Starting a blocking GC Explicit
08-05 17:54:41.625  3168  3180 I art     : Explicit concurrent mark sweep GC freed 1344(78KB) AllocSpace objects, 1(20KB) LOS objects, 22% free, 53MB/69MB, paused 736us total 36.248ms
08-05 17:54:41.639  3168  3180 I art     : Starting a blocking GC Explicit
08-05 17:54:41.669  3168  3180 I art     : Explicit concurrent mark sweep GC freed 20(704B) AllocSpace objects, 0(0B) LOS objects, 22% free, 53MB/69MB, paused 699us total 30.076ms
08-05 17:54:41.681  3168  3180 I art     : Starting a blocking GC Explicit
08-05 17:54:41.710  3168  3180 I art     : Explicit concurrent mark sweep GC freed 3(96B) AllocSpace objects, 0(0B) LOS objects, 22% free, 53MB/69MB, paused 652us total 29.223ms
08-05 17:54:41.722  3168  3180 I art     : Starting a blocking GC Explicit
08-05 17:54:41.752  3168  3180 I art     : Explicit concurrent mark sweep GC freed 3(96B) AllocSpace objects, 0(0B) LOS objects, 22% free, 53MB/69MB, paused 680us total 29.576ms
08-05 17:54:41.764  3168  3180 I art     : Starting a blocking GC Explicit
08-05 17:54:41.794  3168  3180 I art     : Explicit concurrent mark sweep GC freed 3(96B) AllocSpace objects, 0(0B) LOS objects, 22% free, 53MB/69MB, paused 707us total 30.300ms
08-05 17:54:42.093  3168  4054 I art     : Starting a blocking GC Explicit
08-05 17:54:42.125  3168  4054 I art     : Explicit concurrent mark sweep GC freed 1344(78KB) AllocSpace objects, 1(20KB) LOS objects, 22% free, 53MB/69MB, paused 766us total 31.368ms
08-05 17:54:42.142  3168  4054 I art     : Starting a blocking GC Explicit
08-05 17:54:42.171  3168  4054 I art     : Explicit concurrent mark sweep GC freed 20(704B) AllocSpace objects, 0(0B) LOS objects, 22% free, 53MB/69MB, paused 710us total 28.841ms
08-05 17:54:42.183  3168  4054 I art     : Starting a blocking GC Explicit
08-05 17:54:42.212  3168  4054 I art     : Explicit concurrent mark sweep GC freed 3(96B) AllocSpace objects, 0(0B) LOS objects, 22% free, 53MB/69MB, paused 717us total 28.915ms
08-05 17:54:42.223  3168  4054 I art     : Starting a blocking GC Explicit
08-05 17:54:42.252  3168  4054 I art     : Explicit concurrent mark sweep GC freed 3(96B) AllocSpace objects, 0(0B) LOS objects, 22% free, 53MB/69MB, paused 698us total 28.614ms
08-05 17:54:42.252  3168  3179 I art     : WaitForGcToComplete blocked for 20.573ms for cause HeapTrim
08-05 17:54:42.263  3168  4054 I art     : Starting a blocking GC Explicit
08-05 17:54:42.293  3168  4054 I art     : Explicit concurrent mark sweep GC freed 3(96B) AllocSpace objects, 0(0B) LOS objects, 22% free, 53MB/69MB, paused 709us total 29.095ms
08-05 17:54:42.493  6776  6776 D AndroidRuntime: >>>>>> START com.android.internal.os.RuntimeInit uid 2000 <<<<<<
08-05 17:54:42.499  6776  6776 D AndroidRuntime: CheckJNI is OFF
08-05 17:54:42.541  6776  6776 D ICU     : No timezone override file found: /data/misc/zoneinfo/current/icu/icu_tzdata.dat
08-05 17:54:42.583  6776  6776 I Radio-JNI: register_android_hardware_Radio DONE
08-05 17:54:42.612  6776  6776 D AndroidRuntime: Calling main entry com.android.commands.input.Input
08-05 17:54:42.614  6776  6776 I Input   : injectMotionEvent: MotionEvent { action=ACTION_DOWN, actionButton=0, id[0]=0, x[0]=255.0, y[0]=1845.0, toolType[0]=TOOL_TYPE_UNKNOWN, buttonState=0, metaState=0, flags=0x0, edgeFlags=0x0, pointerCount=1, historySize=0, eventTime=813299026, downTime=813299026, deviceId=0, source=0x1002 }
08-05 17:54:42.618  6776  6776 I Input   : injectMotionEvent: MotionEvent { action=ACTION_UP, actionButton=0, id[0]=0, x[0]=255.0, y[0]=1845.0, toolType[0]=TOOL_TYPE_UNKNOWN, buttonState=0, metaState=0, flags=0x0, edgeFlags=0x0, pointerCount=1, historySize=0, eventTime=813299026, downTime=813299026, deviceId=0, source=0x1002 }
08-05 17:54:42.620   918  4413 I ActivityManager: START u0 {cmp=baseline.appteam.nith.hillffair/.activities.ClubActivity (has extras)} from uid 10675 on display 0
08-05 17:54:42.626  3168  5563 I art     : Starting a blocking GC Explicit
08-05 17:54:42.626  6776  6776 D AndroidRuntime: Shutting down VM
08-05 17:54:42.657  3168  5563 I art     : Explicit concurrent mark sweep GC freed 1512(97KB) AllocSpace objects, 1(20KB) LOS objects, 22% free, 53MB/69MB, paused 944us total 30.920ms
08-05 17:54:42.668  3168  5563 I art     : Starting a blocking GC Explicit
08-05 17:54:42.699  3168  5563 I art     : Explicit concurrent mark sweep GC freed 3496(267KB) AllocSpace objects, 0(0B) LOS objects, 22% free, 53MB/69MB, paused 1.053ms total 30.813ms
08-05 17:54:42.709  3168  5563 I art     : Starting a blocking GC Explicit
08-05 17:54:42.715  3168  3168 I NAPPA_EXPERIMENTATION: MetricNetworkRequestExecutionTime: REQUEST_DURATION_SYSTEM='45',REQUEST_DURATION_OKHTTP='36',REQUEST_SYNCHRONOUS='FALSE',RESPONSE_CODE='200',RESPONSE_METHOD='GET',RESPONSE_LENGTH_OKHTTP='1171',RESPONSE_LENGTH_HEADER='-2',REQUEST_PROTOCOL='http/1.1',REQUEST_URL='https://api-hillfair-2k16.herokuapp.com/api/app/club/Technical%20Committee',
08-05 17:54:42.734   918   936 I ActivityManager: Displayed baseline.appteam.nith.hillffair/.activities.ClubActivity: +107ms
08-05 17:54:42.735 13866 13866 I GoogleInputMethodServic: GoogleInputMethodService.onFinishInput():3138 
08-05 17:54:42.736 13866 13866 I GoogleInputMethodServic: GoogleInputMethodService.onStartInput():1808 
08-05 17:54:42.737  3168  5563 I art     : Explicit concurrent mark sweep GC freed 873(57KB) AllocSpace objects, 0(0B) LOS objects, 22% free, 53MB/69MB, paused 1.057ms total 27.854ms
08-05 17:54:42.748  3168  5563 I art     : Starting a blocking GC Explicit
08-05 17:54:42.778  3168  5563 I art     : Explicit concurrent mark sweep GC freed 72(2720B) AllocSpace objects, 0(0B) LOS objects, 22% free, 53MB/69MB, paused 679us total 29.598ms
08-05 17:54:42.790  3168  5563 I art     : Starting a blocking GC Explicit
08-05 17:54:42.816  3168  5563 I art     : Explicit concurrent mark sweep GC freed 10(336B) AllocSpace objects, 0(0B) LOS objects, 22% free, 53MB/69MB, paused 665us total 26.143ms
08-05 17:54:43.007   380   380 W SurfaceFlinger: couldn't log to binary event log: overflow.
08-05 17:54:43.117  3168  4054 I art     : Starting a blocking GC Explicit
08-05 17:54:43.151  3168  4054 I art     : Explicit concurrent mark sweep GC freed 1443(84KB) AllocSpace objects, 1(20KB) LOS objects, 22% free, 53MB/69MB, paused 925us total 33.159ms
08-05 17:54:43.162  3168  4054 I art     : Starting a blocking GC Explicit
08-05 17:54:43.191  3168  4054 I art     : Explicit concurrent mark sweep GC freed 21(736B) AllocSpace objects, 0(0B) LOS objects, 22% free, 53MB/69MB, paused 723us total 28.724ms
08-05 17:54:43.202  3168  4054 I art     : Starting a blocking GC Explicit
08-05 17:54:43.232  3168  4054 I art     : Explicit concurrent mark sweep GC freed 19(656B) AllocSpace objects, 0(0B) LOS objects, 22% free, 53MB/69MB, paused 710us total 29.666ms
08-05 17:54:43.244  3168  4054 I art     : Starting a blocking GC Explicit
08-05 17:54:43.274  3168  4054 I art     : Explicit concurrent mark sweep GC freed 3(96B) AllocSpace objects, 0(0B) LOS objects, 22% free, 53MB/69MB, paused 734us total 29.940ms
08-05 17:54:43.286  3168  4054 I art     : Starting a blocking GC Explicit
08-05 17:54:43.317  3168  4054 I art     : Explicit concurrent mark sweep GC freed 3(96B) AllocSpace objects, 0(0B) LOS objects, 22% free, 53MB/69MB, paused 871us total 31.097ms
08-05 17:54:43.345 21092 21109 I Finsky  : [6019] ktr.run(-1): Stats for Executor: BlockingExecutor kvs@20f81d3[Running, pool size = 0, active threads = 0, queued tasks = 0, completed tasks = 141]
08-05 17:54:43.345 21092 21109 I Finsky  : [6019] ktr.run(-1): Stats for Executor: LightweightExecutor kvs@65ac110[Running, pool size = 4, active threads = 0, queued tasks = 0, completed tasks = 76]
08-05 17:54:43.637  3168  5563 I art     : Starting a blocking GC Explicit
08-05 17:54:43.674  3168  5563 I art     : Explicit concurrent mark sweep GC freed 1344(78KB) AllocSpace objects, 1(20KB) LOS objects, 22% free, 53MB/69MB, paused 746us total 36.699ms
08-05 17:54:43.687  3168  5563 I art     : Starting a blocking GC Explicit
08-05 17:54:43.719  3168  5563 I art     : Explicit concurrent mark sweep GC freed 20(704B) AllocSpace objects, 0(0B) LOS objects, 22% free, 53MB/69MB, paused 755us total 31.162ms
08-05 17:54:43.731  3168  5563 I art     : Starting a blocking GC Explicit
08-05 17:54:43.762  3168  5563 I art     : Explicit concurrent mark sweep GC freed 3(96B) AllocSpace objects, 0(0B) LOS objects, 22% free, 53MB/69MB, paused 715us total 31.181ms
08-05 17:54:43.774  3168  5563 I art     : Starting a blocking GC Explicit
08-05 17:54:43.806  3168  5563 I art     : Explicit concurrent mark sweep GC freed 3(96B) AllocSpace objects, 0(0B) LOS objects, 22% free, 53MB/69MB, paused 715us total 31.392ms
08-05 17:54:43.818  3168  5563 I art     : Starting a blocking GC Explicit
08-05 17:54:43.849  3168  5563 I art     : Explicit concurrent mark sweep GC freed 3(96B) AllocSpace objects, 0(0B) LOS objects, 22% free, 53MB/69MB, paused 724us total 30.855ms
08-05 17:54:44.158  3168  3180 I art     : Starting a blocking GC Explicit
08-05 17:54:44.198  3168  3180 I art     : Explicit concurrent mark sweep GC freed 1344(78KB) AllocSpace objects, 1(20KB) LOS objects, 22% free, 53MB/69MB, paused 929us total 39.597ms
08-05 17:54:44.212  3168  3180 I art     : Starting a blocking GC Explicit
08-05 17:54:44.246  3168  3180 I art     : Explicit concurrent mark sweep GC freed 20(704B) AllocSpace objects, 0(0B) LOS objects, 22% free, 53MB/69MB, paused 718us total 34.217ms
08-05 17:54:44.259  3168  3180 I art     : Starting a blocking GC Explicit
08-05 17:54:44.292  3168  3180 I art     : Explicit concurrent mark sweep GC freed 3(96B) AllocSpace objects, 0(0B) LOS objects, 22% free, 53MB/69MB, paused 794us total 32.674ms
08-05 17:54:44.304  3168  3180 I art     : Starting a blocking GC Explicit
08-05 17:54:44.312 21092 21109 I Finsky  : [6019] ktr.run(-1): Stats for Executor: bgExecutor kvs@dd74409[Running, pool size = 4, active threads = 0, queued tasks = 0, completed tasks = 387]
08-05 17:54:44.338  3168  3180 I art     : Explicit concurrent mark sweep GC freed 3(96B) AllocSpace objects, 0(0B) LOS objects, 22% free, 53MB/69MB, paused 925us total 33.843ms
08-05 17:54:44.350  3168  3180 I art     : Starting a blocking GC Explicit
08-05 17:54:44.384  3168  3180 I art     : Explicit concurrent mark sweep GC freed 3(96B) AllocSpace objects, 0(0B) LOS objects, 22% free, 53MB/69MB, paused 733us total 33.761ms
08-05 17:54:44.736  3168  3183 I art     : Starting a blocking GC Explicit
08-05 17:54:44.768  3168  3183 I art     : Explicit concurrent mark sweep GC freed 1344(78KB) AllocSpace objects, 1(20KB) LOS objects, 22% free, 53MB/69MB, paused 811us total 31.870ms
08-05 17:54:44.780  3168  3183 I art     : Starting a blocking GC Explicit
08-05 17:54:44.813  3168  3183 I art     : Explicit concurrent mark sweep GC freed 20(704B) AllocSpace objects, 0(0B) LOS objects, 22% free, 53MB/69MB, paused 768us total 32.563ms
08-05 17:54:44.825  3168  3183 I art     : Starting a blocking GC Explicit
08-05 17:54:44.859  3168  3183 I art     : Explicit concurrent mark sweep GC freed 3(96B) AllocSpace objects, 0(0B) LOS objects, 22% free, 53MB/69MB, paused 752us total 33.945ms
08-05 17:54:44.871  3168  3183 I art     : Starting a blocking GC Explicit
08-05 17:54:44.904  3168  3183 I art     : Explicit concurrent mark sweep GC freed 3(96B) AllocSpace objects, 0(0B) LOS objects, 22% free, 53MB/69MB, paused 742us total 31.940ms
08-05 17:54:44.916  3168  3183 I art     : Starting a blocking GC Explicit
08-05 17:54:44.949  3168  3183 I art     : Explicit concurrent mark sweep GC freed 3(96B) AllocSpace objects, 0(0B) LOS objects, 22% free, 53MB/69MB, paused 754us total 32.762ms
08-05 17:54:45.298  3168  3295 I art     : Starting a blocking GC Explicit
08-05 17:54:45.333  3168  3295 I art     : Explicit concurrent mark sweep GC freed 1344(78KB) AllocSpace objects, 1(20KB) LOS objects, 22% free, 53MB/69MB, paused 760us total 35.405ms
08-05 17:54:45.346  3168  3295 I art     : Starting a blocking GC Explicit
08-05 17:54:45.380  3168  3295 I art     : Explicit concurrent mark sweep GC freed 20(704B) AllocSpace objects, 0(0B) LOS objects, 22% free, 53MB/69MB, paused 743us total 33.996ms
08-05 17:54:45.392  3168  3295 I art     : Starting a blocking GC Explicit
08-05 17:54:45.424  3168  3295 I art     : Explicit concurrent mark sweep GC freed 3(96B) AllocSpace objects, 0(0B) LOS objects, 22% free, 53MB/69MB, paused 722us total 31.344ms
08-05 17:54:45.436  3168  3295 I art     : Starting a blocking GC Explicit
08-05 17:54:45.470  3168  3295 I art     : Explicit concurrent mark sweep GC freed 3(96B) AllocSpace objects, 0(0B) LOS objects, 22% free, 53MB/69MB, paused 734us total 33.982ms
08-05 17:54:45.482  3168  3295 I art     : Starting a blocking GC Explicit
08-05 17:54:45.515  3168  3295 I art     : Explicit concurrent mark sweep GC freed 3(96B) AllocSpace objects, 0(0B) LOS objects, 22% free, 53MB/69MB, paused 742us total 32.886ms
08-05 17:54:45.835  3168  4054 I art     : Starting a blocking GC Explicit
08-05 17:54:45.882  3168  4054 I art     : Explicit concurrent mark sweep GC freed 1344(78KB) AllocSpace objects, 1(20KB) LOS objects, 22% free, 53MB/69MB, paused 837us total 45.793ms
08-05 17:54:45.899  3168  4054 I art     : Starting a blocking GC Explicit
08-05 17:54:45.932  3168  4054 I art     : Explicit concurrent mark sweep GC freed 20(704B) AllocSpace objects, 0(0B) LOS objects, 22% free, 53MB/69MB, paused 748us total 31.961ms
08-05 17:54:45.944  3168  4054 I art     : Starting a blocking GC Explicit
08-05 17:54:45.978  3168  4054 I art     : Explicit concurrent mark sweep GC freed 3(96B) AllocSpace objects, 0(0B) LOS objects, 22% free, 53MB/69MB, paused 767us total 34.137ms
08-05 17:54:45.990  3168  4054 I art     : Starting a blocking GC Explicit
08-05 17:54:46.024  3168  4054 I art     : Explicit concurrent mark sweep GC freed 3(96B) AllocSpace objects, 0(0B) LOS objects, 22% free, 53MB/69MB, paused 747us total 33.214ms
08-05 17:54:46.036  3168  4054 I art     : Starting a blocking GC Explicit
08-05 17:54:46.070  3168  4054 I art     : Explicit concurrent mark sweep GC freed 3(96B) AllocSpace objects, 0(0B) LOS objects, 22% free, 53MB/69MB, paused 747us total 33.390ms
08-05 17:54:46.402  3168  5563 I art     : Starting a blocking GC Explicit
08-05 17:54:46.436  3168  5563 I art     : Explicit concurrent mark sweep GC freed 1344(78KB) AllocSpace objects, 1(20KB) LOS objects, 22% free, 53MB/69MB, paused 741us total 33.686ms
08-05 17:54:46.448  3168  5563 I art     : Starting a blocking GC Explicit
08-05 17:54:46.479  3168  5563 I art     : Explicit concurrent mark sweep GC freed 20(704B) AllocSpace objects, 0(0B) LOS objects, 22% free, 53MB/69MB, paused 737us total 30.712ms
08-05 17:54:46.490  3168  5563 I art     : Starting a blocking GC Explicit
08-05 17:54:46.522  3168  5563 I art     : Explicit concurrent mark sweep GC freed 3(96B) AllocSpace objects, 0(0B) LOS objects, 22% free, 53MB/69MB, paused 679us total 30.867ms
08-05 17:54:46.533  3168  5563 I art     : Starting a blocking GC Explicit
08-05 17:54:46.565  3168  5563 I art     : Explicit concurrent mark sweep GC freed 3(96B) AllocSpace objects, 0(0B) LOS objects, 22% free, 53MB/69MB, paused 722us total 31.159ms
08-05 17:54:46.576  3168  5563 I art     : Starting a blocking GC Explicit
08-05 17:54:46.610  3168  5563 I art     : Explicit concurrent mark sweep GC freed 3(96B) AllocSpace objects, 0(0B) LOS objects, 22% free, 53MB/69MB, paused 694us total 32.827ms
08-05 17:54:46.940  3168  3180 I art     : Starting a blocking GC Explicit
08-05 17:54:46.971  3168  3180 I art     : Explicit concurrent mark sweep GC freed 1344(78KB) AllocSpace objects, 1(20KB) LOS objects, 22% free, 53MB/69MB, paused 728us total 31.198ms
08-05 17:54:46.983  3168  3180 I art     : Starting a blocking GC Explicit
08-05 17:54:47.015  3168  3180 I art     : Explicit concurrent mark sweep GC freed 20(704B) AllocSpace objects, 0(0B) LOS objects, 22% free, 53MB/69MB, paused 710us total 31.063ms
08-05 17:54:47.027  3168  3180 I art     : Starting a blocking GC Explicit
08-05 17:54:47.059  3168  3180 I art     : Explicit concurrent mark sweep GC freed 3(96B) AllocSpace objects, 0(0B) LOS objects, 22% free, 53MB/69MB, paused 849us total 31.705ms
08-05 17:54:47.071  3168  3180 I art     : Starting a blocking GC Explicit
08-05 17:54:47.103  3168  3180 I art     : Explicit concurrent mark sweep GC freed 3(96B) AllocSpace objects, 0(0B) LOS objects, 22% free, 53MB/69MB, paused 749us total 32.117ms
08-05 17:54:47.115  3168  3180 I art     : Starting a blocking GC Explicit
08-05 17:54:47.146  3168  3180 I art     : Explicit concurrent mark sweep GC freed 3(96B) AllocSpace objects, 0(0B) LOS objects, 22% free, 53MB/69MB, paused 705us total 31.370ms
08-05 17:54:47.419  6889  6889 D AndroidRuntime: >>>>>> START com.android.internal.os.RuntimeInit uid 2000 <<<<<<
08-05 17:54:47.425  6889  6889 D AndroidRuntime: CheckJNI is OFF
08-05 17:54:47.469  3168  3183 I art     : Starting a blocking GC Explicit
08-05 17:54:47.470  6889  6889 D ICU     : No timezone override file found: /data/misc/zoneinfo/current/icu/icu_tzdata.dat
08-05 17:54:47.480  3129  3129 I ServiceManager: Waiting for service AtCmdFwd...
08-05 17:54:47.505  3168  3183 I art     : Explicit concurrent mark sweep GC freed 1344(78KB) AllocSpace objects, 1(20KB) LOS objects, 22% free, 53MB/69MB, paused 747us total 35.993ms
08-05 17:54:47.517  3168  3183 I art     : Starting a blocking GC Explicit
08-05 17:54:47.517  6889  6889 I Radio-JNI: register_android_hardware_Radio DONE
08-05 17:54:47.547  6889  6889 D AndroidRuntime: Calling main entry com.android.commands.input.Input
08-05 17:54:47.548  3168  3183 I art     : Explicit concurrent mark sweep GC freed 20(704B) AllocSpace objects, 0(0B) LOS objects, 22% free, 53MB/69MB, paused 1.228ms total 31.012ms
08-05 17:54:47.549  6889  6889 I Input   : injectKeyEvent: KeyEvent { action=ACTION_DOWN, keyCode=KEYCODE_BACK, scanCode=0, metaState=0, flags=0x0, repeatCount=0, eventTime=813303962, downTime=813303962, deviceId=-1, source=0x101 }
08-05 17:54:47.555  6889  6889 I Input   : injectKeyEvent: KeyEvent { action=ACTION_UP, keyCode=KEYCODE_BACK, scanCode=0, metaState=0, flags=0x0, repeatCount=0, eventTime=813303962, downTime=813303962, deviceId=-1, source=0x101 }
08-05 17:54:47.560  3168  3183 I art     : Starting a blocking GC Explicit
08-05 17:54:47.561  6889  6889 D AndroidRuntime: Shutting down VM
08-05 17:54:47.589  3168  3183 I art     : Explicit concurrent mark sweep GC freed 145(6KB) AllocSpace objects, 0(0B) LOS objects, 22% free, 53MB/69MB, paused 686us total 28.849ms
08-05 17:54:47.599  3168  3183 I art     : Starting a blocking GC Explicit
08-05 17:54:47.602 13866 13866 I GoogleInputMethodServic: GoogleInputMethodService.onFinishInput():3138 
08-05 17:54:47.603 13866 13866 I GoogleInputMethodServic: GoogleInputMethodService.onStartInput():1808 
08-05 17:54:47.627  3168  3183 I art     : Explicit concurrent mark sweep GC freed 31(1216B) AllocSpace objects, 0(0B) LOS objects, 22% free, 53MB/69MB, paused 756us total 27.037ms
08-05 17:54:47.638  3168  3183 I art     : Starting a blocking GC Explicit
08-05 17:54:47.666  3168  3183 I art     : Explicit concurrent mark sweep GC freed 17(560B) AllocSpace objects, 0(0B) LOS objects, 22% free, 53MB/69MB, paused 669us total 27.981ms
08-05 17:54:47.913   380   380 W SurfaceFlinger: couldn't log to binary event log: overflow.
08-05 17:54:47.968  3168  5563 I art     : Starting a blocking GC Explicit
08-05 17:54:48.000  3168  5563 I art     : Explicit concurrent mark sweep GC freed 1456(87KB) AllocSpace objects, 1(20KB) LOS objects, 22% free, 53MB/69MB, paused 726us total 31.800ms
08-05 17:54:48.012  3168  5563 I art     : Starting a blocking GC Explicit
08-05 17:54:48.042  3168  5563 I art     : Explicit concurrent mark sweep GC freed 1569(104KB) AllocSpace objects, 2(68KB) LOS objects, 22% free, 53MB/69MB, paused 726us total 30.151ms
08-05 17:54:48.054  3168  5563 I art     : Starting a blocking GC Explicit
08-05 17:54:48.084  3168  5563 I art     : Explicit concurrent mark sweep GC freed 3(96B) AllocSpace objects, 0(0B) LOS objects, 22% free, 53MB/69MB, paused 726us total 30.134ms
08-05 17:54:48.096  3168  5563 I art     : Starting a blocking GC Explicit
08-05 17:54:48.127  3168  5563 I art     : Explicit concurrent mark sweep GC freed 3(96B) AllocSpace objects, 0(0B) LOS objects, 22% free, 53MB/69MB, paused 787us total 30.661ms
08-05 17:54:48.139  3168  5563 I art     : Starting a blocking GC Explicit
08-05 17:54:48.169  3168  5563 I art     : Explicit concurrent mark sweep GC freed 3(96B) AllocSpace objects, 0(0B) LOS objects, 22% free, 53MB/69MB, paused 720us total 30.283ms
08-05 17:54:48.481  3129  3129 I ServiceManager: Waiting for service AtCmdFwd...
08-05 17:54:48.482  3168  3180 I art     : Starting a blocking GC Explicit
08-05 17:54:48.520  3168  3180 I art     : Explicit concurrent mark sweep GC freed 1344(78KB) AllocSpace objects, 1(20KB) LOS objects, 22% free, 53MB/69MB, paused 814us total 38.312ms
08-05 17:54:48.535  3168  3180 I art     : Starting a blocking GC Explicit
08-05 17:54:48.564  3168  3180 I art     : Explicit concurrent mark sweep GC freed 20(704B) AllocSpace objects, 0(0B) LOS objects, 22% free, 53MB/69MB, paused 694us total 28.974ms
08-05 17:54:48.576  3168  3180 I art     : Starting a blocking GC Explicit
08-05 17:54:48.606  3168  3180 I art     : Explicit concurrent mark sweep GC freed 3(96B) AllocSpace objects, 0(0B) LOS objects, 22% free, 53MB/69MB, paused 713us total 30.292ms
08-05 17:54:48.618  3168  3180 I art     : Starting a blocking GC Explicit
08-05 17:54:48.648  3168  3180 I art     : Explicit concurrent mark sweep GC freed 3(96B) AllocSpace objects, 0(0B) LOS objects, 22% free, 53MB/69MB, paused 751us total 30.045ms
08-05 17:54:48.660  3168  3180 I art     : Starting a blocking GC Explicit
08-05 17:54:48.690  3168  3180 I art     : Explicit concurrent mark sweep GC freed 3(96B) AllocSpace objects, 0(0B) LOS objects, 22% free, 53MB/69MB, paused 703us total 29.986ms
08-05 17:54:48.981  3168  4054 I art     : Starting a blocking GC Explicit
08-05 17:54:49.016  3168  4054 I art     : Explicit concurrent mark sweep GC freed 1344(78KB) AllocSpace objects, 1(20KB) LOS objects, 22% free, 53MB/69MB, paused 757us total 35.164ms
08-05 17:54:49.031  3168  4054 I art     : Starting a blocking GC Explicit
08-05 17:54:49.061  3168  4054 I art     : Explicit concurrent mark sweep GC freed 20(704B) AllocSpace objects, 0(0B) LOS objects, 22% free, 53MB/69MB, paused 715us total 29.342ms
08-05 17:54:49.072  3168  4054 I art     : Starting a blocking GC Explicit
08-05 17:54:49.101  3168  4054 I art     : Explicit concurrent mark sweep GC freed 3(96B) AllocSpace objects, 0(0B) LOS objects, 22% free, 53MB/69MB, paused 739us total 28.941ms
08-05 17:54:49.113  3168  4054 I art     : Starting a blocking GC Explicit
08-05 17:54:49.143  3168  4054 I art     : Explicit concurrent mark sweep GC freed 3(96B) AllocSpace objects, 0(0B) LOS objects, 22% free, 53MB/69MB, paused 771us total 29.639ms
08-05 17:54:49.154  3168  4054 I art     : Starting a blocking GC Explicit
08-05 17:54:49.186  3168  4054 I art     : Explicit concurrent mark sweep GC freed 3(96B) AllocSpace objects, 0(0B) LOS objects, 22% free, 53MB/69MB, paused 706us total 31.187ms
08-05 17:54:49.328   918  3261 D WifiStateMachine: starting scan for "H369AA63323"WPA_PSK with 2412,5180
08-05 17:54:49.366  6932  6932 D AndroidRuntime: >>>>>> START com.android.internal.os.RuntimeInit uid 2000 <<<<<<
08-05 17:54:49.372  6932  6932 D AndroidRuntime: CheckJNI is OFF
08-05 17:54:49.413  6932  6932 D ICU     : No timezone override file found: /data/misc/zoneinfo/current/icu/icu_tzdata.dat
08-05 17:54:49.454  6932  6932 I Radio-JNI: register_android_hardware_Radio DONE
08-05 17:54:49.481  3129  3129 I ServiceManager: Waiting for service AtCmdFwd...
08-05 17:54:49.483  6932  6932 D AndroidRuntime: Calling main entry com.android.commands.input.Input
08-05 17:54:49.485  6932  6932 I Input   : injectMotionEvent: MotionEvent { action=ACTION_DOWN, actionButton=0, id[0]=0, x[0]=369.0, y[0]=554.0, toolType[0]=TOOL_TYPE_UNKNOWN, buttonState=0, metaState=0, flags=0x0, edgeFlags=0x0, pointerCount=1, historySize=0, eventTime=813305898, downTime=813305898, deviceId=0, source=0x1002 }
08-05 17:54:49.489  6932  6932 I Input   : injectMotionEvent: MotionEvent { action=ACTION_UP, actionButton=0, id[0]=0, x[0]=369.0, y[0]=554.0, toolType[0]=TOOL_TYPE_UNKNOWN, buttonState=0, metaState=0, flags=0x0, edgeFlags=0x0, pointerCount=1, historySize=0, eventTime=813305898, downTime=813305898, deviceId=0, source=0x1002 }
08-05 17:54:49.490   918  5132 I ActivityManager: START u0 {cmp=baseline.appteam.nith.hillffair/.activities.ClubActivity (has extras)} from uid 10675 on display 0
08-05 17:54:49.496  6932  6932 D AndroidRuntime: Shutting down VM
08-05 17:54:49.519  3168  3180 I art     : Starting a blocking GC Explicit
08-05 17:54:49.553  3168  3180 I art     : Explicit concurrent mark sweep GC freed 5014(348KB) AllocSpace objects, 1(20KB) LOS objects, 22% free, 53MB/69MB, paused 826us total 33.460ms
08-05 17:54:49.565  3168  3180 I art     : Starting a blocking GC Explicit
08-05 17:54:49.593  3168  3180 I art     : Explicit concurrent mark sweep GC freed 292(24KB) AllocSpace objects, 0(0B) LOS objects, 22% free, 53MB/69MB, paused 1.059ms total 27.792ms
08-05 17:54:49.602  3168  3168 I NAPPA_EXPERIMENTATION: MetricNetworkRequestExecutionTime: REQUEST_DURATION_SYSTEM='73',REQUEST_DURATION_OKHTTP='35',REQUEST_SYNCHRONOUS='FALSE',RESPONSE_CODE='200',RESPONSE_METHOD='GET',RESPONSE_LENGTH_OKHTTP='979',RESPONSE_LENGTH_HEADER='-2',REQUEST_PROTOCOL='http/1.1',REQUEST_URL='https://api-hillfair-2k16.herokuapp.com/api/app/club/PR%20Club',
08-05 17:54:49.604  3168  3180 I art     : Starting a blocking GC Explicit
08-05 17:54:49.608   918   936 I ActivityManager: Displayed baseline.appteam.nith.hillffair/.activities.ClubActivity: +112ms
08-05 17:54:49.609 13866 13866 I GoogleInputMethodServic: GoogleInputMethodService.onFinishInput():3138 
08-05 17:54:49.610 13866 13866 I GoogleInputMethodServic: GoogleInputMethodService.onStartInput():1808 
08-05 17:54:49.633  3168  3180 I art     : Explicit concurrent mark sweep GC freed 649(50KB) AllocSpace objects, 0(0B) LOS objects, 22% free, 53MB/69MB, paused 768us total 28.412ms
08-05 17:54:49.646  3168  3180 I art     : Starting a blocking GC Explicit
08-05 17:54:49.673  3168  3180 I art     : Explicit concurrent mark sweep GC freed 77(2640B) AllocSpace objects, 0(0B) LOS objects, 22% free, 53MB/69MB, paused 673us total 26.513ms
08-05 17:54:49.684  3168  3180 I art     : Starting a blocking GC Explicit
08-05 17:54:49.712  3168  3180 I art     : Explicit concurrent mark sweep GC freed 8(272B) AllocSpace objects, 0(0B) LOS objects, 22% free, 53MB/69MB, paused 773us total 28.292ms
08-05 17:54:49.898   380   380 W SurfaceFlinger: couldn't log to binary event log: overflow.
08-05 17:54:50.006  3168  3183 I art     : Starting a blocking GC Explicit
08-05 17:54:50.041  3168  3183 I art     : Explicit concurrent mark sweep GC freed 1444(84KB) AllocSpace objects, 1(20KB) LOS objects, 22% free, 53MB/69MB, paused 697us total 34.690ms
08-05 17:54:50.053  3168  3183 I art     : Starting a blocking GC Explicit
08-05 17:54:50.083  3168  3183 I art     : Explicit concurrent mark sweep GC freed 36(1264B) AllocSpace objects, 0(0B) LOS objects, 22% free, 53MB/69MB, paused 721us total 29.233ms
08-05 17:54:50.094  3168  3183 I art     : Starting a blocking GC Explicit
08-05 17:54:50.125  3168  3183 I art     : Explicit concurrent mark sweep GC freed 3(96B) AllocSpace objects, 0(0B) LOS objects, 22% free, 53MB/69MB, paused 757us total 30.812ms
08-05 17:54:50.137  3168  3183 I art     : Starting a blocking GC Explicit
08-05 17:54:50.168  3168  3183 I art     : Explicit concurrent mark sweep GC freed 3(96B) AllocSpace objects, 0(0B) LOS objects, 22% free, 53MB/69MB, paused 778us total 30.664ms
08-05 17:54:50.180  3168  3183 I art     : Starting a blocking GC Explicit
08-05 17:54:50.212  3168  3183 I art     : Explicit concurrent mark sweep GC freed 3(96B) AllocSpace objects, 0(0B) LOS objects, 22% free, 53MB/69MB, paused 725us total 31.097ms
08-05 17:54:50.482  3129  3129 I ServiceManager: Waiting for service AtCmdFwd...
08-05 17:54:50.524  3168  5563 I art     : Starting a blocking GC Explicit
08-05 17:54:50.562  3168  5563 I art     : Explicit concurrent mark sweep GC freed 1344(78KB) AllocSpace objects, 1(20KB) LOS objects, 22% free, 53MB/69MB, paused 764us total 37.374ms
08-05 17:54:50.576  3168  5563 I art     : Starting a blocking GC Explicit
08-05 17:54:50.607  3168  5563 I art     : Explicit concurrent mark sweep GC freed 20(704B) AllocSpace objects, 0(0B) LOS objects, 22% free, 53MB/69MB, paused 742us total 30.499ms
08-05 17:54:50.618  3168  5563 I art     : Starting a blocking GC Explicit
08-05 17:54:50.650  3168  5563 I art     : Explicit concurrent mark sweep GC freed 3(96B) AllocSpace objects, 0(0B) LOS objects, 22% free, 53MB/69MB, paused 727us total 31.642ms
08-05 17:54:50.662  3168  5563 I art     : Starting a blocking GC Explicit
08-05 17:54:50.694  3168  5563 I art     : Explicit concurrent mark sweep GC freed 3(96B) AllocSpace objects, 0(0B) LOS objects, 22% free, 53MB/69MB, paused 728us total 31.351ms
08-05 17:54:50.706  3168  5563 I art     : Starting a blocking GC Explicit
08-05 17:54:50.737  3168  5563 I art     : Explicit concurrent mark sweep GC freed 3(96B) AllocSpace objects, 0(0B) LOS objects, 22% free, 53MB/69MB, paused 816us total 31.549ms
08-05 17:54:51.050  3168  3180 I art     : Starting a blocking GC Explicit
08-05 17:54:51.091  3168  3180 I art     : Explicit concurrent mark sweep GC freed 1344(78KB) AllocSpace objects, 1(20KB) LOS objects, 22% free, 53MB/69MB, paused 790us total 40.234ms
08-05 17:54:51.104  3168  3180 I art     : Starting a blocking GC Explicit
08-05 17:54:51.139  3168  3180 I art     : Explicit concurrent mark sweep GC freed 20(704B) AllocSpace objects, 0(0B) LOS objects, 22% free, 53MB/69MB, paused 761us total 34.085ms
08-05 17:54:51.151  3168  3180 I art     : Starting a blocking GC Explicit
08-05 17:54:51.184  3168  3180 I art     : Explicit concurrent mark sweep GC freed 3(96B) AllocSpace objects, 0(0B) LOS objects, 22% free, 53MB/69MB, paused 716us total 32.578ms
08-05 17:54:51.196  3168  3180 I art     : Starting a blocking GC Explicit
08-05 17:54:51.230  3168  3180 I art     : Explicit concurrent mark sweep GC freed 3(96B) AllocSpace objects, 0(0B) LOS objects, 22% free, 53MB/69MB, paused 732us total 34.320ms
08-05 17:54:51.243  3168  3180 I art     : Starting a blocking GC Explicit
08-05 17:54:51.277  3168  3180 I art     : Explicit concurrent mark sweep GC freed 3(96B) AllocSpace objects, 0(0B) LOS objects, 22% free, 53MB/69MB, paused 835us total 34.242ms
08-05 17:54:51.482  3129  3129 I ServiceManager: Waiting for service AtCmdFwd...
08-05 17:54:51.607  3168  3295 I art     : Starting a blocking GC Explicit
08-05 17:54:51.652  3168  3295 I art     : Explicit concurrent mark sweep GC freed 1344(78KB) AllocSpace objects, 1(20KB) LOS objects, 22% free, 53MB/69MB, paused 881us total 44.997ms
08-05 17:54:51.667  3168  3295 I art     : Starting a blocking GC Explicit
08-05 17:54:51.700  3168  3295 I art     : Explicit concurrent mark sweep GC freed 20(704B) AllocSpace objects, 0(0B) LOS objects, 22% free, 53MB/69MB, paused 753us total 32.136ms
08-05 17:54:51.712  3168  3295 I art     : Starting a blocking GC Explicit
08-05 17:54:51.746  3168  3295 I art     : Explicit concurrent mark sweep GC freed 3(96B) AllocSpace objects, 0(0B) LOS objects, 22% free, 53MB/69MB, paused 764us total 33.797ms
08-05 17:54:51.758  3168  3295 I art     : Starting a blocking GC Explicit
08-05 17:54:51.791  3168  3295 I art     : Explicit concurrent mark sweep GC freed 3(96B) AllocSpace objects, 0(0B) LOS objects, 22% free, 53MB/69MB, paused 718us total 33.022ms
08-05 17:54:51.803  3168  3295 I art     : Starting a blocking GC Explicit
08-05 17:54:51.838  3168  3295 I art     : Explicit concurrent mark sweep GC freed 3(96B) AllocSpace objects, 0(0B) LOS objects, 22% free, 53MB/69MB, paused 833us total 34.410ms
08-05 17:54:52.181  3168  4054 I art     : Starting a blocking GC Explicit
08-05 17:54:52.220  3168  4054 I art     : Explicit concurrent mark sweep GC freed 1344(78KB) AllocSpace objects, 1(20KB) LOS objects, 22% free, 53MB/69MB, paused 807us total 37.707ms
08-05 17:54:52.235  3168  4054 I art     : Starting a blocking GC Explicit
08-05 17:54:52.274  3168  4054 I art     : Explicit concurrent mark sweep GC freed 20(704B) AllocSpace objects, 0(0B) LOS objects, 22% free, 53MB/69MB, paused 766us total 38.505ms
08-05 17:54:52.289  3168  4054 I art     : Starting a blocking GC Explicit
08-05 17:54:52.325  3168  4054 I art     : Explicit concurrent mark sweep GC freed 3(96B) AllocSpace objects, 0(0B) LOS objects, 22% free, 53MB/69MB, paused 768us total 35.445ms
08-05 17:54:52.337  3168  4054 I art     : Starting a blocking GC Explicit
08-05 17:54:52.372  3168  4054 I art     : Explicit concurrent mark sweep GC freed 3(96B) AllocSpace objects, 0(0B) LOS objects, 22% free, 53MB/69MB, paused 765us total 34.446ms
08-05 17:54:52.384  3168  4054 I art     : Starting a blocking GC Explicit
08-05 17:54:52.417  3168  4054 I art     : Explicit concurrent mark sweep GC freed 3(96B) AllocSpace objects, 0(0B) LOS objects, 22% free, 53MB/69MB, paused 769us total 32.433ms
08-05 17:54:52.483  3129  3129 W Atfwd_Sendcmd: AtCmdFwd service not published, waiting... retryCnt : 5
08-05 17:54:52.748  3168  3183 I art     : Starting a blocking GC Explicit
08-05 17:54:52.794  3168  3183 I art     : Explicit concurrent mark sweep GC freed 1344(78KB) AllocSpace objects, 1(20KB) LOS objects, 22% free, 53MB/69MB, paused 831us total 45.482ms
08-05 17:54:52.812  3168  3183 I art     : Starting a blocking GC Explicit
08-05 17:54:52.850  3168  3183 I art     : Explicit concurrent mark sweep GC freed 20(704B) AllocSpace objects, 0(0B) LOS objects, 22% free, 53MB/69MB, paused 777us total 38.182ms
08-05 17:54:52.863  3168  3183 I art     : Starting a blocking GC Explicit
08-05 17:54:52.896  3168  3183 I art     : Explicit concurrent mark sweep GC freed 3(96B) AllocSpace objects, 0(0B) LOS objects, 22% free, 53MB/69MB, paused 756us total 33.368ms
08-05 17:54:52.908  3168  3183 I art     : Starting a blocking GC Explicit
08-05 17:54:52.941  3168  3183 I art     : Explicit concurrent mark sweep GC freed 3(96B) AllocSpace objects, 0(0B) LOS objects, 22% free, 53MB/69MB, paused 771us total 31.916ms
08-05 17:54:52.953  3168  3183 I art     : Starting a blocking GC Explicit
08-05 17:54:52.987  3168  3183 I art     : Explicit concurrent mark sweep GC freed 3(96B) AllocSpace objects, 0(0B) LOS objects, 22% free, 53MB/69MB, paused 877us total 34.615ms
08-05 17:54:53.333  3168  5563 I art     : Starting a blocking GC Explicit
08-05 17:54:53.379  3168  5563 I art     : Explicit concurrent mark sweep GC freed 1347(78KB) AllocSpace objects, 1(20KB) LOS objects, 22% free, 53MB/69MB, paused 959us total 45.036ms
08-05 17:54:53.395  3168  5563 I art     : Starting a blocking GC Explicit
08-05 17:54:53.429  3168  5563 I art     : Explicit concurrent mark sweep GC freed 38(1616B) AllocSpace objects, 0(0B) LOS objects, 22% free, 53MB/69MB, paused 759us total 34.179ms
08-05 17:54:53.441  3168  5563 I art     : Starting a blocking GC Explicit
08-05 17:54:53.476  3168  5563 I art     : Explicit concurrent mark sweep GC freed 19(608B) AllocSpace objects, 0(0B) LOS objects, 22% free, 53MB/69MB, paused 740us total 34.412ms
08-05 17:54:53.488  3168  5563 I art     : Starting a blocking GC Explicit
08-05 17:54:53.522  3168  5563 I art     : Explicit concurrent mark sweep GC freed 3(96B) AllocSpace objects, 0(0B) LOS objects, 22% free, 53MB/69MB, paused 720us total 33.538ms
08-05 17:54:53.534  3168  5563 I art     : Starting a blocking GC Explicit
08-05 17:54:53.567  3168  5563 I art     : Explicit concurrent mark sweep GC freed 3(96B) AllocSpace objects, 0(0B) LOS objects, 22% free, 53MB/69MB, paused 741us total 32.292ms
08-05 17:54:53.880  3168  3180 I art     : Starting a blocking GC Explicit
08-05 17:54:53.914  3168  3180 I art     : Explicit concurrent mark sweep GC freed 1344(78KB) AllocSpace objects, 1(20KB) LOS objects, 22% free, 53MB/69MB, paused 728us total 33.554ms
08-05 17:54:53.925  3168  3180 I art     : Starting a blocking GC Explicit
08-05 17:54:53.956  3168  3180 I art     : Explicit concurrent mark sweep GC freed 20(704B) AllocSpace objects, 0(0B) LOS objects, 22% free, 53MB/69MB, paused 712us total 30.151ms
08-05 17:54:53.967  3168  3180 I art     : Starting a blocking GC Explicit
08-05 17:54:54.000  3168  3180 I art     : Explicit concurrent mark sweep GC freed 3(96B) AllocSpace objects, 0(0B) LOS objects, 22% free, 53MB/69MB, paused 755us total 31.822ms
08-05 17:54:54.011  3168  3180 I art     : Starting a blocking GC Explicit
08-05 17:54:54.043  3168  3180 I art     : Explicit concurrent mark sweep GC freed 3(96B) AllocSpace objects, 0(0B) LOS objects, 22% free, 53MB/69MB, paused 717us total 31.085ms
08-05 17:54:54.054  3168  3180 I art     : Starting a blocking GC Explicit
08-05 17:54:54.087  3168  3180 I art     : Explicit concurrent mark sweep GC freed 3(96B) AllocSpace objects, 0(0B) LOS objects, 22% free, 53MB/69MB, paused 780us total 31.950ms
08-05 17:54:54.301  7040  7040 D AndroidRuntime: >>>>>> START com.android.internal.os.RuntimeInit uid 2000 <<<<<<
08-05 17:54:54.308  7040  7040 D AndroidRuntime: CheckJNI is OFF
08-05 17:54:54.350  7040  7040 D ICU     : No timezone override file found: /data/misc/zoneinfo/current/icu/icu_tzdata.dat
08-05 17:54:54.392  7040  7040 I Radio-JNI: register_android_hardware_Radio DONE
08-05 17:54:54.411  3168  3295 I art     : Starting a blocking GC Explicit
08-05 17:54:54.421  7040  7040 D AndroidRuntime: Calling main entry com.android.commands.input.Input
08-05 17:54:54.423  7040  7040 I Input   : injectKeyEvent: KeyEvent { action=ACTION_DOWN, keyCode=KEYCODE_BACK, scanCode=0, metaState=0, flags=0x0, repeatCount=0, eventTime=813310836, downTime=813310836, deviceId=-1, source=0x101 }
08-05 17:54:54.429  7040  7040 I Input   : injectKeyEvent: KeyEvent { action=ACTION_UP, keyCode=KEYCODE_BACK, scanCode=0, metaState=0, flags=0x0, repeatCount=0, eventTime=813310836, downTime=813310836, deviceId=-1, source=0x101 }
08-05 17:54:54.435  7040  7040 D AndroidRuntime: Shutting down VM
08-05 17:54:54.442  3168  3295 I art     : Explicit concurrent mark sweep GC freed 1361(78KB) AllocSpace objects, 1(20KB) LOS objects, 22% free, 53MB/69MB, paused 850us total 30.990ms
08-05 17:54:54.454  3168  3295 I art     : Starting a blocking GC Explicit
08-05 17:54:54.478 13866 13866 I GoogleInputMethodServic: GoogleInputMethodService.onFinishInput():3138 
08-05 17:54:54.478 13866 13866 I GoogleInputMethodServic: GoogleInputMethodService.onStartInput():1808 
08-05 17:54:54.482  3168  3295 I art     : Explicit concurrent mark sweep GC freed 149(6KB) AllocSpace objects, 0(0B) LOS objects, 22% free, 53MB/69MB, paused 724us total 27.679ms
08-05 17:54:54.494  3168  3295 I art     : Starting a blocking GC Explicit
08-05 17:54:54.522  3168  3295 I art     : Explicit concurrent mark sweep GC freed 38(1376B) AllocSpace objects, 0(0B) LOS objects, 22% free, 53MB/69MB, paused 765us total 27.887ms
08-05 17:54:54.533  3168  3295 I art     : Starting a blocking GC Explicit
08-05 17:54:54.560  3168  3295 I art     : Explicit concurrent mark sweep GC freed 10(384B) AllocSpace objects, 0(0B) LOS objects, 22% free, 53MB/69MB, paused 642us total 26.601ms
08-05 17:54:54.571  3168  3295 I art     : Starting a blocking GC Explicit
08-05 17:54:54.599  3168  3295 I art     : Explicit concurrent mark sweep GC freed 3(96B) AllocSpace objects, 0(0B) LOS objects, 22% free, 53MB/69MB, paused 701us total 28.070ms
08-05 17:54:54.803   380   380 W SurfaceFlinger: couldn't log to binary event log: overflow.
08-05 17:54:54.896  3168  3183 I art     : Starting a blocking GC Explicit
08-05 17:54:54.929  3168  3183 I art     : Explicit concurrent mark sweep GC freed 1454(86KB) AllocSpace objects, 1(20KB) LOS objects, 22% free, 53MB/69MB, paused 823us total 31.912ms
08-05 17:54:54.944  3168  3183 I art     : Starting a blocking GC Explicit
08-05 17:54:54.974  3168  3183 I art     : Explicit concurrent mark sweep GC freed 1671(107KB) AllocSpace objects, 3(184KB) LOS objects, 22% free, 53MB/69MB, paused 713us total 29.602ms
08-05 17:54:54.986  3168  3183 I art     : Starting a blocking GC Explicit
08-05 17:54:55.015  3168  3183 I art     : Explicit concurrent mark sweep GC freed 3(96B) AllocSpace objects, 0(0B) LOS objects, 22% free, 53MB/69MB, paused 708us total 28.667ms
08-05 17:54:55.026  3168  3183 I art     : Starting a blocking GC Explicit
08-05 17:54:55.060  3168  3183 I art     : Explicit concurrent mark sweep GC freed 3(96B) AllocSpace objects, 0(0B) LOS objects, 22% free, 53MB/69MB, paused 713us total 33.921ms
08-05 17:54:55.071  3168  3183 I art     : Starting a blocking GC Explicit
08-05 17:54:55.101  3168  3183 I art     : Explicit concurrent mark sweep GC freed 3(96B) AllocSpace objects, 0(0B) LOS objects, 22% free, 53MB/69MB, paused 712us total 29.717ms
08-05 17:54:55.285   918  3188 I hubconnection: sensorhub said: 'set_bias 3: -5.7600, 0.0000, 0.0000'
08-05 17:54:55.416  3168  3180 I art     : Starting a blocking GC Explicit
08-05 17:54:55.457  3168  3180 I art     : Explicit concurrent mark sweep GC freed 1344(78KB) AllocSpace objects, 1(20KB) LOS objects, 22% free, 53MB/69MB, paused 760us total 41.095ms
08-05 17:54:55.471  3168  3180 I art     : Starting a blocking GC Explicit
08-05 17:54:55.502  3168  3180 I art     : Explicit concurrent mark sweep GC freed 20(704B) AllocSpace objects, 0(0B) LOS objects, 22% free, 53MB/69MB, paused 699us total 30.190ms
08-05 17:54:55.513  3168  3180 I art     : Starting a blocking GC Explicit
08-05 17:54:55.544  3168  3180 I art     : Explicit concurrent mark sweep GC freed 3(96B) AllocSpace objects, 0(0B) LOS objects, 22% free, 53MB/69MB, paused 703us total 30.327ms
08-05 17:54:55.556  3168  3180 I art     : Starting a blocking GC Explicit
08-05 17:54:55.586  3168  3180 I art     : Explicit concurrent mark sweep GC freed 3(96B) AllocSpace objects, 0(0B) LOS objects, 22% free, 53MB/69MB, paused 704us total 30.552ms
08-05 17:54:55.598  3168  3180 I art     : Starting a blocking GC Explicit
08-05 17:54:55.628  3168  3180 I art     : Explicit concurrent mark sweep GC freed 3(96B) AllocSpace objects, 0(0B) LOS objects, 22% free, 53MB/69MB, paused 766us total 29.596ms
08-05 17:54:55.918  3168  4054 I art     : Starting a blocking GC Explicit
08-05 17:54:55.951  3168  4054 I art     : Explicit concurrent mark sweep GC freed 1344(78KB) AllocSpace objects, 1(20KB) LOS objects, 22% free, 53MB/69MB, paused 691us total 32.074ms
08-05 17:54:55.962  3168  4054 I art     : Starting a blocking GC Explicit
08-05 17:54:55.991  3168  4054 I art     : Explicit concurrent mark sweep GC freed 20(704B) AllocSpace objects, 0(0B) LOS objects, 22% free, 53MB/69MB, paused 720us total 28.563ms
08-05 17:54:56.003  3168  4054 I art     : Starting a blocking GC Explicit
08-05 17:54:56.034  3168  4054 I art     : Explicit concurrent mark sweep GC freed 3(96B) AllocSpace objects, 0(0B) LOS objects, 22% free, 53MB/69MB, paused 756us total 30.756ms
08-05 17:54:56.045  3168  4054 I art     : Starting a blocking GC Explicit
08-05 17:54:56.077  3168  4054 I art     : Explicit concurrent mark sweep GC freed 3(96B) AllocSpace objects, 0(0B) LOS objects, 22% free, 53MB/69MB, paused 784us total 31.234ms
08-05 17:54:56.089  3168  4054 I art     : Starting a blocking GC Explicit
08-05 17:54:56.121  3168  4054 I art     : Explicit concurrent mark sweep GC freed 3(96B) AllocSpace objects, 0(0B) LOS objects, 22% free, 53MB/69MB, paused 755us total 31.595ms
08-05 17:54:56.221  7092  7092 D AndroidRuntime: >>>>>> START com.android.internal.os.RuntimeInit uid 2000 <<<<<<
08-05 17:54:56.229  7092  7092 D AndroidRuntime: CheckJNI is OFF
08-05 17:54:56.277  7092  7092 D ICU     : No timezone override file found: /data/misc/zoneinfo/current/icu/icu_tzdata.dat
08-05 17:54:56.320  7092  7092 I Radio-JNI: register_android_hardware_Radio DONE
08-05 17:54:56.348  7092  7092 D AndroidRuntime: Calling main entry com.android.commands.input.Input
08-05 17:54:56.350  7092  7092 I Input   : injectKeyEvent: KeyEvent { action=ACTION_DOWN, keyCode=KEYCODE_BACK, scanCode=0, metaState=0, flags=0x0, repeatCount=0, eventTime=813312763, downTime=813312763, deviceId=-1, source=0x101 }
08-05 17:54:56.358  7092  7092 I Input   : injectKeyEvent: KeyEvent { action=ACTION_UP, keyCode=KEYCODE_BACK, scanCode=0, metaState=0, flags=0x0, repeatCount=0, eventTime=813312763, downTime=813312763, deviceId=-1, source=0x101 }
08-05 17:54:56.364  7092  7092 D AndroidRuntime: Shutting down VM
08-05 17:54:56.405 13866 13866 I GoogleInputMethodServic: GoogleInputMethodService.onFinishInput():3138 
08-05 17:54:56.406 13866 13866 I GoogleInputMethodServic: GoogleInputMethodService.onStartInput():1808 
08-05 17:54:56.440  3168  4054 I art     : Starting a blocking GC Explicit
08-05 17:54:56.469  3168  4054 I art     : Explicit concurrent mark sweep GC freed 1553(87KB) AllocSpace objects, 1(20KB) LOS objects, 22% free, 53MB/69MB, paused 753us total 27.929ms
08-05 17:54:56.479  3168  4054 I art     : Starting a blocking GC Explicit
08-05 17:54:56.506  3168  4054 I art     : Explicit concurrent mark sweep GC freed 24(864B) AllocSpace objects, 0(0B) LOS objects, 22% free, 53MB/69MB, paused 650us total 26.030ms
08-05 17:54:56.516  3168  4054 I art     : Starting a blocking GC Explicit
08-05 17:54:56.544  3168  4054 I art     : Explicit concurrent mark sweep GC freed 3(96B) AllocSpace objects, 0(0B) LOS objects, 22% free, 53MB/69MB, paused 700us total 27.665ms
08-05 17:54:56.557  3168  4054 I art     : Starting a blocking GC Explicit
08-05 17:54:56.586  3168  4054 I art     : Explicit concurrent mark sweep GC freed 3(96B) AllocSpace objects, 0(0B) LOS objects, 22% free, 53MB/69MB, paused 779us total 28.944ms
08-05 17:54:56.597  3168  4054 I art     : Starting a blocking GC Explicit
08-05 17:54:56.625  3168  4054 I art     : Explicit concurrent mark sweep GC freed 3(96B) AllocSpace objects, 0(0B) LOS objects, 22% free, 53MB/69MB, paused 694us total 27.062ms
08-05 17:54:56.908  3168  3180 I art     : Starting a blocking GC Explicit
08-05 17:54:56.945  3168  3180 I art     : Explicit concurrent mark sweep GC freed 2977(154KB) AllocSpace objects, 1(20KB) LOS objects, 22% free, 53MB/69MB, paused 775us total 36.225ms
08-05 17:54:56.960  3168  3180 I art     : Starting a blocking GC Explicit
08-05 17:54:56.989  3168  3180 I art     : Explicit concurrent mark sweep GC freed 2858(180KB) AllocSpace objects, 2(140KB) LOS objects, 23% free, 53MB/69MB, paused 724us total 28.716ms
08-05 17:54:57.001  3168  3180 I art     : Starting a blocking GC Explicit
08-05 17:54:57.029  3168  3180 I art     : Explicit concurrent mark sweep GC freed 3(96B) AllocSpace objects, 0(0B) LOS objects, 23% free, 53MB/69MB, paused 710us total 28.460ms
08-05 17:54:57.041  3168  3180 I art     : Starting a blocking GC Explicit
08-05 17:54:57.069  3168  3180 I art     : Explicit concurrent mark sweep GC freed 3(96B) AllocSpace objects, 0(0B) LOS objects, 23% free, 53MB/69MB, paused 734us total 28.189ms
08-05 17:54:57.081  3168  3180 I art     : Starting a blocking GC Explicit
08-05 17:54:57.110  3168  3180 I art     : Explicit concurrent mark sweep GC freed 3(96B) AllocSpace objects, 0(0B) LOS objects, 23% free, 53MB/69MB, paused 673us total 28.355ms
08-05 17:54:57.128  5179  5194 D QcrilMsgTunnelSocket: readRilMessage: Buffer = [B@671e81d HexData = [010000000404000011000000514f454d484f4f4bef0308000100000003]
08-05 17:54:57.128  5179  5194 D QcrilMsgTunnelSocket: Rcvd UNSOL response with 28 bytes data for SUB0
08-05 17:54:57.128  5179  5194 D QcrilMsgTunnelSocket: Response ID 525295 is not served in this process.
08-05 17:54:57.128  5179  5194 D QcrilMsgTunnelSocket: To broadcast an Intent via the notifier to external apps
08-05 17:54:57.128  5179  5179 D QcrilMsgTunnelIfaceManager: handleMessage what = 0
08-05 17:54:57.128  5179  5179 D QcrilMsgTunnelIfaceManager: Broadcasting intent ACTION_UNSOL_RESPONSE_OEM_HOOK_RAW
08-05 17:54:57.130  5164  5164 D QC_RIL_OEM_HOOK: Received Broadcast Intent ACTION_UNSOL_RESPONSE_OEM_HOOK_RAW
08-05 17:54:57.131  5164  5164 D QC_RIL_OEM_HOOK: Oem ID in QCRILHOOK UNSOL RESP is QOEMHOOK
08-05 17:54:57.424  3168  3295 I art     : Starting a blocking GC Explicit
08-05 17:54:57.458  3168  3295 I art     : Explicit concurrent mark sweep GC freed 1344(78KB) AllocSpace objects, 1(20KB) LOS objects, 23% free, 53MB/69MB, paused 1.115ms total 34.071ms
08-05 17:54:57.471  3168  3295 I art     : Starting a blocking GC Explicit
08-05 17:54:57.499  3168  3295 I art     : Explicit concurrent mark sweep GC freed 20(704B) AllocSpace objects, 0(0B) LOS objects, 23% free, 53MB/69MB, paused 733us total 28.066ms
08-05 17:54:57.511  3168  3295 I art     : Starting a blocking GC Explicit
08-05 17:54:57.540  3168  3295 I art     : Explicit concurrent mark sweep GC freed 3(96B) AllocSpace objects, 0(0B) LOS objects, 23% free, 53MB/69MB, paused 722us total 28.471ms
08-05 17:54:57.551  3168  3295 I art     : Starting a blocking GC Explicit
08-05 17:54:57.579  3168  3295 I art     : Explicit concurrent mark sweep GC freed 3(96B) AllocSpace objects, 0(0B) LOS objects, 23% free, 53MB/69MB, paused 693us total 27.990ms
08-05 17:54:57.591  3168  3295 I art     : Starting a blocking GC Explicit
08-05 17:54:57.618  3168  3295 I art     : Explicit concurrent mark sweep GC freed 3(96B) AllocSpace objects, 0(0B) LOS objects, 23% free, 53MB/69MB, paused 717us total 26.810ms
08-05 17:54:57.915  3168  3183 I art     : Starting a blocking GC Explicit
08-05 17:54:57.946  3168  3183 I art     : Explicit concurrent mark sweep GC freed 1341(78KB) AllocSpace objects, 1(20KB) LOS objects, 23% free, 53MB/69MB, paused 756us total 30.853ms
08-05 17:54:57.958  3168  3183 I art     : Starting a blocking GC Explicit
08-05 17:54:57.988  3168  3183 I art     : Explicit concurrent mark sweep GC freed 20(704B) AllocSpace objects, 0(0B) LOS objects, 23% free, 53MB/69MB, paused 784us total 30.185ms
08-05 17:54:58.000  3168  3183 I art     : Starting a blocking GC Explicit
08-05 17:54:58.029  3168  3183 I art     : Explicit concurrent mark sweep GC freed 3(96B) AllocSpace objects, 0(0B) LOS objects, 23% free, 53MB/69MB, paused 747us total 29.068ms
08-05 17:54:58.040  3168  3183 I art     : Starting a blocking GC Explicit
08-05 17:54:58.070  3168  3183 I art     : Explicit concurrent mark sweep GC freed 3(96B) AllocSpace objects, 0(0B) LOS objects, 23% free, 53MB/69MB, paused 784us total 28.977ms
08-05 17:54:58.081  3168  3183 I art     : Starting a blocking GC Explicit
08-05 17:54:58.111  3168  3183 I art     : Explicit concurrent mark sweep GC freed 3(96B) AllocSpace objects, 0(0B) LOS objects, 23% free, 53MB/69MB, paused 762us total 29.166ms
08-05 17:54:58.162  7153  7153 D AndroidRuntime: >>>>>> START com.android.internal.os.RuntimeInit uid 2000 <<<<<<
08-05 17:54:58.169  7153  7153 D AndroidRuntime: CheckJNI is OFF
08-05 17:54:58.214  7153  7153 D ICU     : No timezone override file found: /data/misc/zoneinfo/current/icu/icu_tzdata.dat
08-05 17:54:58.261  7153  7153 I Radio-JNI: register_android_hardware_Radio DONE
08-05 17:54:58.293  7153  7153 D AndroidRuntime: Calling main entry com.android.commands.input.Input
08-05 17:54:58.295  7153  7153 I Input   : injectMotionEvent: MotionEvent { action=ACTION_DOWN, actionButton=0, id[0]=0, x[0]=1084.0, y[0]=2213.0, toolType[0]=TOOL_TYPE_UNKNOWN, buttonState=0, metaState=0, flags=0x0, edgeFlags=0x0, pointerCount=1, historySize=0, eventTime=813314708, downTime=813314708, deviceId=0, source=0x1002 }
08-05 17:54:58.300  7153  7153 I Input   : injectMotionEvent: MotionEvent { action=ACTION_UP, actionButton=0, id[0]=0, x[0]=1084.0, y[0]=2213.0, toolType[0]=TOOL_TYPE_UNKNOWN, buttonState=0, metaState=0, flags=0x0, edgeFlags=0x0, pointerCount=1, historySize=0, eventTime=813314708, downTime=813314708, deviceId=0, source=0x1002 }
08-05 17:54:58.302   918  6111 I ActivityManager: START u0 {cmp=baseline.appteam.nith.hillffair/.activities.EventActivity} from uid 10675 on display 0
08-05 17:54:58.312  7153  7153 D AndroidRuntime: Shutting down VM
08-05 17:54:58.398  3168  3168 I NAPPA_EXPERIMENTATION: MetricNetworkRequestExecutionTime: REQUEST_DURATION_SYSTEM='53',REQUEST_DURATION_OKHTTP='41',REQUEST_SYNCHRONOUS='FALSE',RESPONSE_CODE='200',RESPONSE_METHOD='GET',RESPONSE_LENGTH_OKHTTP='1870',RESPONSE_LENGTH_HEADER='-2',REQUEST_PROTOCOL='http/1.1',REQUEST_URL='https://api-hillfair-2k16.herokuapp.com/api/app/club',
08-05 17:54:58.400 13866 13866 I GoogleInputMethodServic: GoogleInputMethodService.onFinishInput():3138 
08-05 17:54:58.400 13866 13866 I GoogleInputMethodServic: GoogleInputMethodService.onStartInput():1808 
08-05 17:54:58.428  3168  3180 I art     : Starting a blocking GC Explicit
08-05 17:54:58.452   918   936 I ActivityManager: Displayed baseline.appteam.nith.hillffair/.activities.EventActivity: +139ms
08-05 17:54:58.460  3168  3180 I art     : Explicit concurrent mark sweep GC freed 7521(493KB) AllocSpace objects, 1(20KB) LOS objects, 23% free, 53MB/69MB, paused 901us total 32.370ms
08-05 17:54:58.475  3168  3180 I art     : Starting a blocking GC Explicit
08-05 17:54:58.503  3168  3180 I art     : Explicit concurrent mark sweep GC freed 358(15KB) AllocSpace objects, 0(0B) LOS objects, 23% free, 53MB/69MB, paused 762us total 27.381ms
08-05 17:54:58.513  3168  3180 I art     : Starting a blocking GC Explicit
08-05 17:54:58.539  3168  3180 I art     : Explicit concurrent mark sweep GC freed 7(256B) AllocSpace objects, 0(0B) LOS objects, 23% free, 53MB/69MB, paused 685us total 26.092ms
08-05 17:54:58.551  3168  3180 I art     : Starting a blocking GC Explicit
08-05 17:54:58.581  3168  3180 I art     : Explicit concurrent mark sweep GC freed 3(96B) AllocSpace objects, 0(0B) LOS objects, 23% free, 53MB/69MB, paused 735us total 29.689ms
08-05 17:54:58.593  3168  3180 I art     : Starting a blocking GC Explicit
08-05 17:54:58.625  3168  3180 I art     : Explicit concurrent mark sweep GC freed 3(96B) AllocSpace objects, 0(0B) LOS objects, 23% free, 53MB/69MB, paused 713us total 31.776ms
08-05 17:54:58.691   380   380 W SurfaceFlinger: couldn't log to binary event log: overflow.
08-05 17:54:58.925  3168  3180 I art     : Starting a blocking GC Explicit
08-05 17:54:58.957  3168  3180 I art     : Explicit concurrent mark sweep GC freed 1414(83KB) AllocSpace objects, 1(20KB) LOS objects, 23% free, 53MB/69MB, paused 752us total 31.264ms
08-05 17:54:58.970  3168  3180 I art     : Starting a blocking GC Explicit
08-05 17:54:59.000  3168  3180 I art     : Explicit concurrent mark sweep GC freed 20(704B) AllocSpace objects, 0(0B) LOS objects, 23% free, 53MB/69MB, paused 723us total 29.952ms
08-05 17:54:59.012  3168  3180 I art     : Starting a blocking GC Explicit
08-05 17:54:59.042  3168  3180 I art     : Explicit concurrent mark sweep GC freed 3(96B) AllocSpace objects, 0(0B) LOS objects, 23% free, 53MB/69MB, paused 735us total 30.272ms
08-05 17:54:59.054  3168  3180 I art     : Starting a blocking GC Explicit
08-05 17:54:59.083  3168  3180 I art     : Explicit concurrent mark sweep GC freed 3(96B) AllocSpace objects, 0(0B) LOS objects, 23% free, 53MB/69MB, paused 742us total 29.083ms
08-05 17:54:59.095  3168  3180 I art     : Starting a blocking GC Explicit
08-05 17:54:59.124  3168  3180 I art     : Explicit concurrent mark sweep GC freed 3(96B) AllocSpace objects, 0(0B) LOS objects, 23% free, 53MB/69MB, paused 727us total 29.335ms
08-05 17:54:59.428  3168  3183 I art     : Starting a blocking GC Explicit
08-05 17:54:59.470  3168  3183 I art     : Explicit concurrent mark sweep GC freed 1344(78KB) AllocSpace objects, 1(20KB) LOS objects, 23% free, 53MB/69MB, paused 859us total 41.399ms
08-05 17:54:59.486  3168  3183 I art     : Starting a blocking GC Explicit
08-05 17:54:59.516  3168  3183 I art     : Explicit concurrent mark sweep GC freed 20(704B) AllocSpace objects, 0(0B) LOS objects, 23% free, 53MB/69MB, paused 770us total 29.665ms
08-05 17:54:59.527  3168  3183 I art     : Starting a blocking GC Explicit
08-05 17:54:59.557  3168  3183 I art     : Explicit concurrent mark sweep GC freed 3(96B) AllocSpace objects, 0(0B) LOS objects, 23% free, 53MB/69MB, paused 907us total 29.640ms
08-05 17:54:59.569  3168  3183 I art     : Starting a blocking GC Explicit
08-05 17:54:59.599  3168  3183 I art     : Explicit concurrent mark sweep GC freed 3(96B) AllocSpace objects, 0(0B) LOS objects, 23% free, 53MB/69MB, paused 758us total 29.990ms
08-05 17:54:59.611  3168  3183 I art     : Starting a blocking GC Explicit
08-05 17:54:59.640  3168  3183 I art     : Explicit concurrent mark sweep GC freed 3(96B) AllocSpace objects, 0(0B) LOS objects, 23% free, 53MB/69MB, paused 765us total 29.229ms
08-05 17:54:59.959  3168  5563 I art     : Starting a blocking GC Explicit
08-05 17:55:00.001  3168  5563 I art     : Explicit concurrent mark sweep GC freed 1344(78KB) AllocSpace objects, 1(20KB) LOS objects, 23% free, 53MB/69MB, paused 822us total 41.678ms
08-05 17:55:00.017  3168  5563 I art     : Starting a blocking GC Explicit
08-05 17:55:00.047  3168  5563 I art     : Explicit concurrent mark sweep GC freed 20(704B) AllocSpace objects, 0(0B) LOS objects, 23% free, 53MB/69MB, paused 1.301ms total 29.694ms
08-05 17:55:00.058  3168  5563 I art     : Starting a blocking GC Explicit
08-05 17:55:00.084  3168  5563 I art     : Explicit concurrent mark sweep GC freed 3(96B) AllocSpace objects, 0(0B) LOS objects, 23% free, 53MB/69MB, paused 698us total 25.502ms
08-05 17:55:00.095  3168  5563 I art     : Starting a blocking GC Explicit
08-05 17:55:00.125  3168  5563 I art     : Explicit concurrent mark sweep GC freed 3(96B) AllocSpace objects, 0(0B) LOS objects, 23% free, 53MB/69MB, paused 710us total 29.964ms
08-05 17:55:00.136  3168  5563 I art     : Starting a blocking GC Explicit
08-05 17:55:00.168  3168  5563 I art     : Explicit concurrent mark sweep GC freed 3(96B) AllocSpace objects, 0(0B) LOS objects, 23% free, 53MB/69MB, paused 779us total 31.636ms
08-05 17:55:00.495  3168  4054 I art     : Starting a blocking GC Explicit
08-05 17:55:00.536  3168  4054 I art     : Explicit concurrent mark sweep GC freed 1344(78KB) AllocSpace objects, 1(20KB) LOS objects, 23% free, 53MB/69MB, paused 871us total 40.532ms
08-05 17:55:00.552  3168  4054 I art     : Starting a blocking GC Explicit
08-05 17:55:00.585  3168  4054 I art     : Explicit concurrent mark sweep GC freed 20(704B) AllocSpace objects, 0(0B) LOS objects, 23% free, 53MB/69MB, paused 739us total 32.066ms
08-05 17:55:00.596  3168  4054 I art     : Starting a blocking GC Explicit
08-05 17:55:00.629  3168  4054 I art     : Explicit concurrent mark sweep GC freed 3(96B) AllocSpace objects, 0(0B) LOS objects, 23% free, 53MB/69MB, paused 765us total 32.718ms
08-05 17:55:00.641  3168  4054 I art     : Starting a blocking GC Explicit
08-05 17:55:00.674  3168  4054 I art     : Explicit concurrent mark sweep GC freed 3(96B) AllocSpace objects, 0(0B) LOS objects, 23% free, 53MB/69MB, paused 706us total 32.059ms
08-05 17:55:00.686  3168  4054 I art     : Starting a blocking GC Explicit
08-05 17:55:00.717  3168  4054 I art     : Explicit concurrent mark sweep GC freed 3(96B) AllocSpace objects, 0(0B) LOS objects, 23% free, 53MB/69MB, paused 753us total 30.953ms
08-05 17:55:01.047  3168  3295 I art     : Starting a blocking GC Explicit
08-05 17:55:01.079  3168  3295 I art     : Explicit concurrent mark sweep GC freed 1344(78KB) AllocSpace objects, 1(20KB) LOS objects, 23% free, 53MB/69MB, paused 749us total 31.551ms
08-05 17:55:01.091  3168  3295 I art     : Starting a blocking GC Explicit
08-05 17:55:01.121  3168  3295 I art     : Explicit concurrent mark sweep GC freed 20(704B) AllocSpace objects, 0(0B) LOS objects, 23% free, 53MB/69MB, paused 736us total 30.023ms
08-05 17:55:01.133  3168  3295 I art     : Starting a blocking GC Explicit
08-05 17:55:01.166  3168  3295 I art     : Explicit concurrent mark sweep GC freed 3(96B) AllocSpace objects, 0(0B) LOS objects, 23% free, 53MB/69MB, paused 725us total 32.315ms
08-05 17:55:01.177  3168  3295 I art     : Starting a blocking GC Explicit
08-05 17:55:01.208  3168  3295 I art     : Explicit concurrent mark sweep GC freed 3(96B) AllocSpace objects, 0(0B) LOS objects, 23% free, 53MB/69MB, paused 805us total 30.257ms
08-05 17:55:01.220  3168  3295 I art     : Starting a blocking GC Explicit
08-05 17:55:01.252  3168  3295 I art     : Explicit concurrent mark sweep GC freed 3(96B) AllocSpace objects, 0(0B) LOS objects, 23% free, 53MB/69MB, paused 770us total 32.451ms
08-05 17:55:01.587  3168  3180 I art     : Starting a blocking GC Explicit
08-05 17:55:01.624  3168  3180 I art     : Explicit concurrent mark sweep GC freed 1344(78KB) AllocSpace objects, 1(20KB) LOS objects, 23% free, 53MB/69MB, paused 793us total 36.028ms
08-05 17:55:01.638  3168  3180 I art     : Starting a blocking GC Explicit
08-05 17:55:01.674  3168  3180 I art     : Explicit concurrent mark sweep GC freed 20(704B) AllocSpace objects, 0(0B) LOS objects, 23% free, 53MB/69MB, paused 740us total 35.887ms
08-05 17:55:01.688  3168  3180 I art     : Starting a blocking GC Explicit
08-05 17:55:01.720  3168  3180 I art     : Explicit concurrent mark sweep GC freed 3(96B) AllocSpace objects, 0(0B) LOS objects, 23% free, 53MB/69MB, paused 814us total 31.868ms
08-05 17:55:01.732  3168  3180 I art     : Starting a blocking GC Explicit
08-05 17:55:01.765  3168  3180 I art     : Explicit concurrent mark sweep GC freed 3(96B) AllocSpace objects, 0(0B) LOS objects, 23% free, 53MB/69MB, paused 757us total 32.724ms
08-05 17:55:01.777  3168  3180 I art     : Starting a blocking GC Explicit
08-05 17:55:01.809  3168  3180 I art     : Explicit concurrent mark sweep GC freed 3(96B) AllocSpace objects, 0(0B) LOS objects, 23% free, 53MB/69MB, paused 692us total 31.766ms
08-05 17:55:02.182  3168  3183 I art     : Starting a blocking GC Explicit
08-05 17:55:02.217  3168  3183 I art     : Explicit concurrent mark sweep GC freed 1344(78KB) AllocSpace objects, 1(20KB) LOS objects, 23% free, 53MB/69MB, paused 811us total 35.152ms
08-05 17:55:02.230  3168  3183 I art     : Starting a blocking GC Explicit
08-05 17:55:02.261  3168  3183 I art     : Explicit concurrent mark sweep GC freed 20(704B) AllocSpace objects, 0(0B) LOS objects, 23% free, 53MB/69MB, paused 741us total 29.901ms
08-05 17:55:02.272  3168  3183 I art     : Starting a blocking GC Explicit
08-05 17:55:02.303  3168  3183 I art     : Explicit concurrent mark sweep GC freed 3(96B) AllocSpace objects, 0(0B) LOS objects, 23% free, 53MB/69MB, paused 701us total 30.590ms
08-05 17:55:02.315  3168  3183 I art     : Starting a blocking GC Explicit
08-05 17:55:02.348  3168  3183 I art     : Explicit concurrent mark sweep GC freed 3(96B) AllocSpace objects, 0(0B) LOS objects, 23% free, 53MB/69MB, paused 798us total 32.592ms
08-05 17:55:02.360  3168  3183 I art     : Starting a blocking GC Explicit
08-05 17:55:02.392  3168  3183 I art     : Explicit concurrent mark sweep GC freed 3(96B) AllocSpace objects, 0(0B) LOS objects, 23% free, 53MB/69MB, paused 752us total 31.793ms
08-05 17:55:02.718  3168  5563 I art     : Starting a blocking GC Explicit
08-05 17:55:02.754  3168  5563 I art     : Explicit concurrent mark sweep GC freed 1344(78KB) AllocSpace objects, 1(20KB) LOS objects, 23% free, 53MB/69MB, paused 841us total 34.830ms
08-05 17:55:02.769  3168  5563 I art     : Starting a blocking GC Explicit
08-05 17:55:02.799  3168  5563 I art     : Explicit concurrent mark sweep GC freed 20(704B) AllocSpace objects, 0(0B) LOS objects, 23% free, 53MB/69MB, paused 763us total 29.707ms
08-05 17:55:02.811  3168  5563 I art     : Starting a blocking GC Explicit
08-05 17:55:02.841  3168  5563 I art     : Explicit concurrent mark sweep GC freed 3(96B) AllocSpace objects, 0(0B) LOS objects, 23% free, 53MB/69MB, paused 832us total 30.332ms
08-05 17:55:02.853  3168  5563 I art     : Starting a blocking GC Explicit
08-05 17:55:02.884  3168  5563 I art     : Explicit concurrent mark sweep GC freed 3(96B) AllocSpace objects, 0(0B) LOS objects, 23% free, 53MB/69MB, paused 801us total 30.470ms
08-05 17:55:02.895  3168  5563 I art     : Starting a blocking GC Explicit
08-05 17:55:02.926  3168  5563 I art     : Explicit concurrent mark sweep GC freed 3(96B) AllocSpace objects, 0(0B) LOS objects, 23% free, 53MB/69MB, paused 756us total 30.430ms
08-05 17:55:03.127  7262  7262 D AndroidRuntime: >>>>>> START com.android.internal.os.RuntimeInit uid 2000 <<<<<<
08-05 17:55:03.133  7262  7262 D AndroidRuntime: CheckJNI is OFF
08-05 17:55:03.174  7262  7262 D ICU     : No timezone override file found: /data/misc/zoneinfo/current/icu/icu_tzdata.dat
08-05 17:55:03.216  7262  7262 I Radio-JNI: register_android_hardware_Radio DONE
08-05 17:55:03.246  7262  7262 D AndroidRuntime: Calling main entry com.android.commands.input.Input
08-05 17:55:03.248  7262  7262 I Input   : injectMotionEvent: MotionEvent { action=ACTION_DOWN, actionButton=0, id[0]=0, x[0]=255.0, y[0]=1845.0, toolType[0]=TOOL_TYPE_UNKNOWN, buttonState=0, metaState=0, flags=0x0, edgeFlags=0x0, pointerCount=1, historySize=0, eventTime=813319661, downTime=813319661, deviceId=0, source=0x1002 }
08-05 17:55:03.252  7262  7262 I Input   : injectMotionEvent: MotionEvent { action=ACTION_UP, actionButton=0, id[0]=0, x[0]=255.0, y[0]=1845.0, toolType[0]=TOOL_TYPE_UNKNOWN, buttonState=0, metaState=0, flags=0x0, edgeFlags=0x0, pointerCount=1, historySize=0, eventTime=813319661, downTime=813319661, deviceId=0, source=0x1002 }
08-05 17:55:03.254   918  6029 I ActivityManager: START u0 {cmp=baseline.appteam.nith.hillffair/.activities.ClubActivity (has extras)} from uid 10675 on display 0
08-05 17:55:03.259  3168  3295 I art     : Starting a blocking GC Explicit
08-05 17:55:03.261  7262  7262 D AndroidRuntime: Shutting down VM
08-05 17:55:03.289  3168  3295 I art     : Explicit concurrent mark sweep GC freed 1647(97KB) AllocSpace objects, 1(20KB) LOS objects, 22% free, 53MB/69MB, paused 1.080ms total 29.680ms
08-05 17:55:03.302  3168  3295 I art     : Starting a blocking GC Explicit
08-05 17:55:03.336  3168  3295 I art     : Explicit concurrent mark sweep GC freed 3459(271KB) AllocSpace objects, 0(0B) LOS objects, 22% free, 53MB/69MB, paused 806us total 34.629ms
08-05 17:55:03.347  3168  3295 I art     : Starting a blocking GC Explicit
08-05 17:55:03.355  3168  3168 I NAPPA_EXPERIMENTATION: MetricNetworkRequestExecutionTime: REQUEST_DURATION_SYSTEM='59',REQUEST_DURATION_OKHTTP='36',REQUEST_SYNCHRONOUS='FALSE',RESPONSE_CODE='200',RESPONSE_METHOD='GET',RESPONSE_LENGTH_OKHTTP='1171',RESPONSE_LENGTH_HEADER='-2',REQUEST_PROTOCOL='http/1.1',REQUEST_URL='https://api-hillfair-2k16.herokuapp.com/api/app/club/Technical%20Committee',
08-05 17:55:03.375  3168  3295 I art     : Explicit concurrent mark sweep GC freed 778(54KB) AllocSpace objects, 0(0B) LOS objects, 22% free, 53MB/69MB, paused 770us total 27.429ms
08-05 17:55:03.375   918   936 I ActivityManager: Displayed baseline.appteam.nith.hillffair/.activities.ClubActivity: +113ms
08-05 17:55:03.376 13866 13866 I GoogleInputMethodServic: GoogleInputMethodService.onFinishInput():3138 
08-05 17:55:03.377 13866 13866 I GoogleInputMethodServic: GoogleInputMethodService.onStartInput():1808 
08-05 17:55:03.387  3168  3295 I art     : Starting a blocking GC Explicit
08-05 17:55:03.419  3168  3295 I art     : Explicit concurrent mark sweep GC freed 78(2912B) AllocSpace objects, 0(0B) LOS objects, 22% free, 53MB/69MB, paused 784us total 31.511ms
08-05 17:55:03.430  3168  3295 I art     : Starting a blocking GC Explicit
08-05 17:55:03.457  3168  3295 I art     : Explicit concurrent mark sweep GC freed 7(240B) AllocSpace objects, 0(0B) LOS objects, 22% free, 53MB/69MB, paused 789us total 26.564ms
08-05 17:55:03.663   380   380 W SurfaceFlinger: couldn't log to binary event log: overflow.
08-05 17:55:03.763  3168  3183 I art     : Starting a blocking GC Explicit
08-05 17:55:03.790  3168  3183 I art     : Explicit concurrent mark sweep GC freed 1448(84KB) AllocSpace objects, 1(20KB) LOS objects, 22% free, 53MB/69MB, paused 721us total 27.132ms
08-05 17:55:03.801  3168  3183 I art     : Starting a blocking GC Explicit
08-05 17:55:03.827  3168  3183 I art     : Explicit concurrent mark sweep GC freed 37(1296B) AllocSpace objects, 0(0B) LOS objects, 22% free, 53MB/69MB, paused 822us total 26.154ms
08-05 17:55:03.838  3168  3183 I art     : Starting a blocking GC Explicit
08-05 17:55:03.866  3168  3183 I art     : Explicit concurrent mark sweep GC freed 3(96B) AllocSpace objects, 0(0B) LOS objects, 22% free, 53MB/69MB, paused 760us total 27.248ms
08-05 17:55:03.877  3168  3183 I art     : Starting a blocking GC Explicit
08-05 17:55:03.906  3168  3183 I art     : Explicit concurrent mark sweep GC freed 3(96B) AllocSpace objects, 0(0B) LOS objects, 22% free, 53MB/69MB, paused 780us total 29.212ms
08-05 17:55:03.918  3168  3183 I art     : Starting a blocking GC Explicit
08-05 17:55:03.949  3168  3183 I art     : Explicit concurrent mark sweep GC freed 3(96B) AllocSpace objects, 0(0B) LOS objects, 22% free, 53MB/69MB, paused 795us total 30.663ms
08-05 17:55:04.250  3168  3295 I art     : Starting a blocking GC Explicit
08-05 17:55:04.287  3168  3295 I art     : Explicit concurrent mark sweep GC freed 1344(78KB) AllocSpace objects, 1(20KB) LOS objects, 22% free, 53MB/69MB, paused 776us total 36.373ms
08-05 17:55:04.303  3168  3295 I art     : Starting a blocking GC Explicit
08-05 17:55:04.333  3168  3295 I art     : Explicit concurrent mark sweep GC freed 35(1264B) AllocSpace objects, 0(0B) LOS objects, 22% free, 53MB/69MB, paused 771us total 29.935ms
08-05 17:55:04.344  3168  3295 I art     : Starting a blocking GC Explicit
08-05 17:55:04.375  3168  3295 I art     : Explicit concurrent mark sweep GC freed 3(96B) AllocSpace objects, 0(0B) LOS objects, 22% free, 53MB/69MB, paused 788us total 30.392ms
08-05 17:55:04.387  3168  3295 I art     : Starting a blocking GC Explicit
08-05 17:55:04.418  3168  3295 I art     : Explicit concurrent mark sweep GC freed 3(96B) AllocSpace objects, 0(0B) LOS objects, 22% free, 53MB/69MB, paused 760us total 30.445ms
08-05 17:55:04.429  3168  3295 I art     : Starting a blocking GC Explicit
08-05 17:55:04.460  3168  3295 I art     : Explicit concurrent mark sweep GC freed 3(96B) AllocSpace objects, 0(0B) LOS objects, 22% free, 53MB/69MB, paused 782us total 30.693ms
08-05 17:55:04.780  3168  5563 I art     : Starting a blocking GC Explicit
08-05 17:55:04.823  3168  5563 I art     : Explicit concurrent mark sweep GC freed 1344(78KB) AllocSpace objects, 1(20KB) LOS objects, 22% free, 53MB/69MB, paused 899us total 42.618ms
08-05 17:55:04.838  3168  5563 I art     : Starting a blocking GC Explicit
08-05 17:55:04.872  3168  5563 I art     : Explicit concurrent mark sweep GC freed 20(704B) AllocSpace objects, 0(0B) LOS objects, 22% free, 53MB/69MB, paused 751us total 33.237ms
08-05 17:55:04.884  3168  5563 I art     : Starting a blocking GC Explicit
08-05 17:55:04.917  3168  5563 I art     : Explicit concurrent mark sweep GC freed 3(96B) AllocSpace objects, 0(0B) LOS objects, 22% free, 53MB/69MB, paused 898us total 33.611ms
08-05 17:55:04.930  3168  5563 I art     : Starting a blocking GC Explicit
08-05 17:55:04.963  3168  5563 I art     : Explicit concurrent mark sweep GC freed 3(96B) AllocSpace objects, 0(0B) LOS objects, 22% free, 53MB/69MB, paused 763us total 32.707ms
08-05 17:55:04.975  3168  5563 I art     : Starting a blocking GC Explicit
08-05 17:55:05.007  3168  5563 I art     : Explicit concurrent mark sweep GC freed 3(96B) AllocSpace objects, 0(0B) LOS objects, 22% free, 53MB/69MB, paused 852us total 32.191ms
08-05 17:55:05.367  3168  4054 I art     : Starting a blocking GC Explicit
08-05 17:55:05.410  3168  4054 I art     : Explicit concurrent mark sweep GC freed 1365(79KB) AllocSpace objects, 1(20KB) LOS objects, 22% free, 53MB/69MB, paused 883us total 42.576ms
08-05 17:55:05.425  3168  4054 I art     : Starting a blocking GC Explicit
08-05 17:55:05.458  3168  4054 I art     : Explicit concurrent mark sweep GC freed 36(1216B) AllocSpace objects, 0(0B) LOS objects, 22% free, 53MB/69MB, paused 875us total 32.631ms
08-05 17:55:05.470  3168  4054 I art     : Starting a blocking GC Explicit
08-05 17:55:05.504  3168  4054 I art     : Explicit concurrent mark sweep GC freed 3(96B) AllocSpace objects, 0(0B) LOS objects, 22% free, 53MB/69MB, paused 792us total 33.597ms
08-05 17:55:05.515  3168  4054 I art     : Starting a blocking GC Explicit
08-05 17:55:05.548  3168  4054 I art     : Explicit concurrent mark sweep GC freed 3(96B) AllocSpace objects, 0(0B) LOS objects, 22% free, 53MB/69MB, paused 774us total 32.419ms
08-05 17:55:05.560  3168  4054 I art     : Starting a blocking GC Explicit
08-05 17:55:05.594  3168  4054 I art     : Explicit concurrent mark sweep GC freed 3(96B) AllocSpace objects, 0(0B) LOS objects, 22% free, 53MB/69MB, paused 776us total 33.591ms
08-05 17:55:05.662   918  3188 I hubconnection: sensorhub said: 'set_bias 3: -6.5664, 0.0000, 0.0000'
08-05 17:55:05.931  3168  3180 I art     : Starting a blocking GC Explicit
08-05 17:55:05.973  3168  3180 I art     : Explicit concurrent mark sweep GC freed 1344(78KB) AllocSpace objects, 1(20KB) LOS objects, 22% free, 53MB/69MB, paused 869us total 41.488ms
08-05 17:55:05.989  3168  3180 I art     : Starting a blocking GC Explicit
08-05 17:55:06.026  3168  3180 I art     : Explicit concurrent mark sweep GC freed 20(704B) AllocSpace objects, 0(0B) LOS objects, 22% free, 53MB/69MB, paused 771us total 35.997ms
08-05 17:55:06.038  3168  3180 I art     : Starting a blocking GC Explicit
08-05 17:55:06.071  3168  3180 I art     : Explicit concurrent mark sweep GC freed 3(96B) AllocSpace objects, 0(0B) LOS objects, 22% free, 53MB/69MB, paused 764us total 32.461ms
08-05 17:55:06.083  3168  3180 I art     : Starting a blocking GC Explicit
08-05 17:55:06.117  3168  3180 I art     : Explicit concurrent mark sweep GC freed 3(96B) AllocSpace objects, 0(0B) LOS objects, 22% free, 53MB/69MB, paused 863us total 33.617ms
08-05 17:55:06.129  3168  3180 I art     : Starting a blocking GC Explicit
08-05 17:55:06.161  3168  3180 I art     : Explicit concurrent mark sweep GC freed 3(96B) AllocSpace objects, 0(0B) LOS objects, 22% free, 53MB/69MB, paused 738us total 31.329ms
08-05 17:55:06.491  3168  3183 I art     : Starting a blocking GC Explicit
08-05 17:55:06.532  3168  3183 I art     : Explicit concurrent mark sweep GC freed 1344(78KB) AllocSpace objects, 1(20KB) LOS objects, 22% free, 53MB/69MB, paused 770us total 40.806ms
08-05 17:55:06.547  3168  3183 I art     : Starting a blocking GC Explicit
08-05 17:55:06.578  3168  3183 I art     : Explicit concurrent mark sweep GC freed 20(704B) AllocSpace objects, 0(0B) LOS objects, 22% free, 53MB/69MB, paused 922us total 30.171ms
08-05 17:55:06.589  3168  3183 I art     : Starting a blocking GC Explicit
08-05 17:55:06.622  3168  3183 I art     : Explicit concurrent mark sweep GC freed 3(96B) AllocSpace objects, 0(0B) LOS objects, 22% free, 53MB/69MB, paused 799us total 33.050ms
08-05 17:55:06.634  3168  3183 I art     : Starting a blocking GC Explicit
08-05 17:55:06.665  3168  3183 I art     : Explicit concurrent mark sweep GC freed 3(96B) AllocSpace objects, 0(0B) LOS objects, 22% free, 53MB/69MB, paused 742us total 30.363ms
08-05 17:55:06.677  3168  3183 I art     : Starting a blocking GC Explicit
08-05 17:55:06.710  3168  3183 I art     : Explicit concurrent mark sweep GC freed 3(96B) AllocSpace objects, 0(0B) LOS objects, 22% free, 53MB/69MB, paused 757us total 32.425ms
08-05 17:55:07.050  3168  3295 I art     : Starting a blocking GC Explicit
08-05 17:55:07.094  3168  3295 I art     : Explicit concurrent mark sweep GC freed 1344(78KB) AllocSpace objects, 1(20KB) LOS objects, 22% free, 53MB/69MB, paused 867us total 44.240ms
08-05 17:55:07.111  3168  3295 I art     : Starting a blocking GC Explicit
08-05 17:55:07.147  3168  3295 I art     : Explicit concurrent mark sweep GC freed 20(704B) AllocSpace objects, 0(0B) LOS objects, 22% free, 53MB/69MB, paused 845us total 35.211ms
08-05 17:55:07.159  3168  3295 I art     : Starting a blocking GC Explicit
08-05 17:55:07.193  3168  3295 I art     : Explicit concurrent mark sweep GC freed 3(96B) AllocSpace objects, 0(0B) LOS objects, 22% free, 53MB/69MB, paused 776us total 33.675ms
08-05 17:55:07.205  3168  3295 I art     : Starting a blocking GC Explicit
08-05 17:55:07.239  3168  3295 I art     : Explicit concurrent mark sweep GC freed 3(96B) AllocSpace objects, 0(0B) LOS objects, 22% free, 53MB/69MB, paused 801us total 33.447ms
08-05 17:55:07.250  3168  3295 I art     : Starting a blocking GC Explicit
08-05 17:55:07.281  3168  3295 I art     : Explicit concurrent mark sweep GC freed 3(96B) AllocSpace objects, 0(0B) LOS objects, 22% free, 53MB/69MB, paused 747us total 30.142ms
08-05 17:55:07.614  3168  5563 I art     : Starting a blocking GC Explicit
08-05 17:55:07.647  3168  5563 I art     : Explicit concurrent mark sweep GC freed 1344(78KB) AllocSpace objects, 1(20KB) LOS objects, 22% free, 53MB/69MB, paused 799us total 32.783ms
08-05 17:55:07.658  3168  5563 I art     : Starting a blocking GC Explicit
08-05 17:55:07.688  3168  5563 I art     : Explicit concurrent mark sweep GC freed 20(704B) AllocSpace objects, 0(0B) LOS objects, 22% free, 53MB/69MB, paused 790us total 29.764ms
08-05 17:55:07.700  3168  5563 I art     : Starting a blocking GC Explicit
08-05 17:55:07.733  3168  5563 I art     : Explicit concurrent mark sweep GC freed 3(96B) AllocSpace objects, 0(0B) LOS objects, 22% free, 53MB/69MB, paused 781us total 32.609ms
08-05 17:55:07.744  3168  5563 I art     : Starting a blocking GC Explicit
08-05 17:55:07.776  3168  5563 I art     : Explicit concurrent mark sweep GC freed 3(96B) AllocSpace objects, 0(0B) LOS objects, 22% free, 53MB/69MB, paused 810us total 31.192ms
08-05 17:55:07.788  3168  5563 I art     : Starting a blocking GC Explicit
08-05 17:55:07.820  3168  5563 I art     : Explicit concurrent mark sweep GC freed 3(96B) AllocSpace objects, 0(0B) LOS objects, 22% free, 53MB/69MB, paused 813us total 31.994ms
08-05 17:55:08.055  7374  7374 D AndroidRuntime: >>>>>> START com.android.internal.os.RuntimeInit uid 2000 <<<<<<
08-05 17:55:08.061  7374  7374 D AndroidRuntime: CheckJNI is OFF
08-05 17:55:08.105  7374  7374 D ICU     : No timezone override file found: /data/misc/zoneinfo/current/icu/icu_tzdata.dat
08-05 17:55:08.120  3168  4054 I art     : Starting a blocking GC Explicit
08-05 17:55:08.147  7374  7374 I Radio-JNI: register_android_hardware_Radio DONE
08-05 17:55:08.151  3168  4054 I art     : Explicit concurrent mark sweep GC freed 1344(78KB) AllocSpace objects, 1(20KB) LOS objects, 22% free, 53MB/69MB, paused 843us total 30.827ms
08-05 17:55:08.163  3168  4054 I art     : Starting a blocking GC Explicit
08-05 17:55:08.178  7374  7374 D AndroidRuntime: Calling main entry com.android.commands.input.Input
08-05 17:55:08.180  7374  7374 I Input   : injectKeyEvent: KeyEvent { action=ACTION_DOWN, keyCode=KEYCODE_BACK, scanCode=0, metaState=0, flags=0x0, repeatCount=0, eventTime=813324592, downTime=813324592, deviceId=-1, source=0x101 }
08-05 17:55:08.186  7374  7374 I Input   : injectKeyEvent: KeyEvent { action=ACTION_UP, keyCode=KEYCODE_BACK, scanCode=0, metaState=0, flags=0x0, repeatCount=0, eventTime=813324592, downTime=813324592, deviceId=-1, source=0x101 }
08-05 17:55:08.192  7374  7374 D AndroidRuntime: Shutting down VM
08-05 17:55:08.194  3168  4054 I art     : Explicit concurrent mark sweep GC freed 33(1184B) AllocSpace objects, 0(0B) LOS objects, 22% free, 53MB/69MB, paused 967us total 30.921ms
08-05 17:55:08.205  3168  4054 I art     : Starting a blocking GC Explicit
08-05 17:55:08.229 13866 13866 I GoogleInputMethodServic: GoogleInputMethodService.onFinishInput():3138 
08-05 17:55:08.230 13866 13866 I GoogleInputMethodServic: GoogleInputMethodService.onStartInput():1808 
08-05 17:55:08.233  3168  4054 I art     : Explicit concurrent mark sweep GC freed 135(5KB) AllocSpace objects, 0(0B) LOS objects, 22% free, 53MB/69MB, paused 739us total 27.280ms
08-05 17:55:08.245  3168  4054 I art     : Starting a blocking GC Explicit
08-05 17:55:08.273  3168  4054 I art     : Explicit concurrent mark sweep GC freed 38(1376B) AllocSpace objects, 0(0B) LOS objects, 22% free, 53MB/69MB, paused 794us total 28.111ms
08-05 17:55:08.285  3168  4054 I art     : Starting a blocking GC Explicit
08-05 17:55:08.311  3168  4054 I art     : Explicit concurrent mark sweep GC freed 10(384B) AllocSpace objects, 0(0B) LOS objects, 22% free, 53MB/69MB, paused 678us total 25.409ms
08-05 17:55:08.312  3168  3179 I art     : WaitForGcToComplete blocked for 22.590ms for cause HeapTrim
08-05 17:55:08.551   380   380 W SurfaceFlinger: couldn't log to binary event log: overflow.
08-05 17:55:08.599  3168  3295 I art     : Starting a blocking GC Explicit
08-05 17:55:08.630  3168  3295 I art     : Explicit concurrent mark sweep GC freed 1453(86KB) AllocSpace objects, 1(20KB) LOS objects, 22% free, 53MB/69MB, paused 772us total 30.566ms
08-05 17:55:08.641  3168  3295 I art     : Starting a blocking GC Explicit
08-05 17:55:08.671  3168  3295 I art     : Explicit concurrent mark sweep GC freed 1566(104KB) AllocSpace objects, 2(68KB) LOS objects, 23% free, 53MB/69MB, paused 768us total 29.689ms
08-05 17:55:08.682  3168  3295 I art     : Starting a blocking GC Explicit
08-05 17:55:08.712  3168  3295 I art     : Explicit concurrent mark sweep GC freed 3(96B) AllocSpace objects, 0(0B) LOS objects, 23% free, 53MB/69MB, paused 761us total 29.340ms
08-05 17:55:08.723  3168  3295 I art     : Starting a blocking GC Explicit
08-05 17:55:08.753  3168  3295 I art     : Explicit concurrent mark sweep GC freed 3(96B) AllocSpace objects, 0(0B) LOS objects, 23% free, 53MB/69MB, paused 764us total 29.721ms
08-05 17:55:08.765  3168  3295 I art     : Starting a blocking GC Explicit
08-05 17:55:08.795  3168  3295 I art     : Explicit concurrent mark sweep GC freed 3(96B) AllocSpace objects, 0(0B) LOS objects, 23% free, 53MB/69MB, paused 771us total 29.582ms
08-05 17:55:09.105  3168  3180 I art     : Starting a blocking GC Explicit
08-05 17:55:09.142  3168  3180 I art     : Explicit concurrent mark sweep GC freed 1344(78KB) AllocSpace objects, 1(20KB) LOS objects, 23% free, 53MB/69MB, paused 771us total 36.840ms
08-05 17:55:09.155  3168  3180 I art     : Starting a blocking GC Explicit
08-05 17:55:09.185  3168  3180 I art     : Explicit concurrent mark sweep GC freed 20(704B) AllocSpace objects, 0(0B) LOS objects, 23% free, 53MB/69MB, paused 711us total 30.067ms
08-05 17:55:09.197  3168  3180 I art     : Starting a blocking GC Explicit
08-05 17:55:09.227  3168  3180 I art     : Explicit concurrent mark sweep GC freed 3(96B) AllocSpace objects, 0(0B) LOS objects, 23% free, 53MB/69MB, paused 908us total 29.839ms
08-05 17:55:09.239  3168  3180 I art     : Starting a blocking GC Explicit
08-05 17:55:09.269  3168  3180 I art     : Explicit concurrent mark sweep GC freed 3(96B) AllocSpace objects, 0(0B) LOS objects, 23% free, 53MB/69MB, paused 750us total 29.873ms
08-05 17:55:09.281  3168  3180 I art     : Starting a blocking GC Explicit
08-05 17:55:09.311  3168  3180 I art     : Explicit concurrent mark sweep GC freed 3(96B) AllocSpace objects, 0(0B) LOS objects, 23% free, 53MB/69MB, paused 720us total 29.821ms
08-05 17:55:09.603  3168  5563 I art     : Starting a blocking GC Explicit
08-05 17:55:09.633  3168  5563 I art     : Explicit concurrent mark sweep GC freed 1344(78KB) AllocSpace objects, 1(20KB) LOS objects, 23% free, 53MB/69MB, paused 760us total 29.861ms
08-05 17:55:09.645  3168  5563 I art     : Starting a blocking GC Explicit
08-05 17:55:09.674  3168  5563 I art     : Explicit concurrent mark sweep GC freed 20(704B) AllocSpace objects, 0(0B) LOS objects, 23% free, 53MB/69MB, paused 765us total 28.930ms
08-05 17:55:09.685  3168  5563 I art     : Starting a blocking GC Explicit
08-05 17:55:09.715  3168  5563 I art     : Explicit concurrent mark sweep GC freed 3(96B) AllocSpace objects, 0(0B) LOS objects, 23% free, 53MB/69MB, paused 763us total 29.614ms
08-05 17:55:09.727  3168  5563 I art     : Starting a blocking GC Explicit
08-05 17:55:09.755  3168  5563 I art     : Explicit concurrent mark sweep GC freed 3(96B) AllocSpace objects, 0(0B) LOS objects, 23% free, 53MB/69MB, paused 773us total 27.961ms
08-05 17:55:09.766  3168  5563 I art     : Starting a blocking GC Explicit
08-05 17:55:09.795  3168  5563 I art     : Explicit concurrent mark sweep GC freed 3(96B) AllocSpace objects, 0(0B) LOS objects, 23% free, 53MB/69MB, paused 733us total 28.414ms
08-05 17:55:10.007  7422  7422 D AndroidRuntime: >>>>>> START com.android.internal.os.RuntimeInit uid 2000 <<<<<<
08-05 17:55:10.014  7422  7422 D AndroidRuntime: CheckJNI is OFF
08-05 17:55:10.054  7422  7422 D ICU     : No timezone override file found: /data/misc/zoneinfo/current/icu/icu_tzdata.dat
08-05 17:55:10.096  7422  7422 I Radio-JNI: register_android_hardware_Radio DONE
08-05 17:55:10.117  3168  3183 I art     : Starting a blocking GC Explicit
08-05 17:55:10.126  7422  7422 D AndroidRuntime: Calling main entry com.android.commands.input.Input
08-05 17:55:10.128  7422  7422 I Input   : injectKeyEvent: KeyEvent { action=ACTION_DOWN, keyCode=KEYCODE_BACK, scanCode=0, metaState=0, flags=0x0, repeatCount=0, eventTime=813326541, downTime=813326541, deviceId=-1, source=0x101 }
08-05 17:55:10.133  7422  7422 I Input   : injectKeyEvent: KeyEvent { action=ACTION_UP, keyCode=KEYCODE_BACK, scanCode=0, metaState=0, flags=0x0, repeatCount=0, eventTime=813326541, downTime=813326541, deviceId=-1, source=0x101 }
08-05 17:55:10.139  7422  7422 D AndroidRuntime: Shutting down VM
08-05 17:55:10.147  3168  3183 I art     : Explicit concurrent mark sweep GC freed 1370(79KB) AllocSpace objects, 1(20KB) LOS objects, 23% free, 53MB/69MB, paused 835us total 29.685ms
08-05 17:55:10.159  3168  3183 I art     : Starting a blocking GC Explicit
08-05 17:55:10.177 13866 13866 I GoogleInputMethodServic: GoogleInputMethodService.onFinishInput():3138 
08-05 17:55:10.178 13866 13866 I GoogleInputMethodServic: GoogleInputMethodService.onStartInput():1808 
08-05 17:55:10.185  3168  3183 I art     : Explicit concurrent mark sweep GC freed 143(6KB) AllocSpace objects, 0(0B) LOS objects, 23% free, 53MB/69MB, paused 723us total 26.259ms
08-05 17:55:10.197  3168  3183 I art     : Starting a blocking GC Explicit
08-05 17:55:10.222  3168  3183 I art     : Explicit concurrent mark sweep GC freed 63(2224B) AllocSpace objects, 0(0B) LOS objects, 23% free, 53MB/69MB, paused 719us total 25.616ms
08-05 17:55:10.233  3168  3183 I art     : Starting a blocking GC Explicit
08-05 17:55:10.259  3168  3183 I art     : Explicit concurrent mark sweep GC freed 7(256B) AllocSpace objects, 0(0B) LOS objects, 23% free, 53MB/69MB, paused 705us total 25.927ms
08-05 17:55:10.270  3168  3183 I art     : Starting a blocking GC Explicit
08-05 17:55:10.297  3168  3183 I art     : Explicit concurrent mark sweep GC freed 3(96B) AllocSpace objects, 0(0B) LOS objects, 23% free, 53MB/69MB, paused 722us total 26.674ms
08-05 17:55:10.590  3168  3183 I art     : Starting a blocking GC Explicit
08-05 17:55:10.622  3168  3183 I art     : Explicit concurrent mark sweep GC freed 2020(110KB) AllocSpace objects, 1(20KB) LOS objects, 23% free, 53MB/69MB, paused 774us total 31.883ms
08-05 17:55:10.636  3168  3183 I art     : Starting a blocking GC Explicit
08-05 17:55:10.665  3168  3183 I art     : Explicit concurrent mark sweep GC freed 2678(174KB) AllocSpace objects, 1(28KB) LOS objects, 23% free, 53MB/69MB, paused 746us total 28.373ms
08-05 17:55:10.676  3168  3183 I art     : Starting a blocking GC Explicit
08-05 17:55:10.705  3168  3183 I art     : Explicit concurrent mark sweep GC freed 3(96B) AllocSpace objects, 0(0B) LOS objects, 23% free, 53MB/69MB, paused 747us total 28.351ms
08-05 17:55:10.716  3168  3183 I art     : Starting a blocking GC Explicit
08-05 17:55:10.745  3168  3183 I art     : Explicit concurrent mark sweep GC freed 3(96B) AllocSpace objects, 0(0B) LOS objects, 23% free, 53MB/69MB, paused 745us total 28.548ms
08-05 17:55:10.757  3168  3183 I art     : Starting a blocking GC Explicit
08-05 17:55:10.786  3168  3183 I art     : Explicit concurrent mark sweep GC freed 3(96B) AllocSpace objects, 0(0B) LOS objects, 23% free, 53MB/69MB, paused 745us total 28.651ms
08-05 17:55:11.099  3168  4054 I art     : Starting a blocking GC Explicit
08-05 17:55:11.133  3168  4054 I art     : Explicit concurrent mark sweep GC freed 1344(78KB) AllocSpace objects, 1(20KB) LOS objects, 23% free, 53MB/69MB, paused 778us total 33.940ms
08-05 17:55:11.146  3168  4054 I art     : Starting a blocking GC Explicit
08-05 17:55:11.175  3168  4054 I art     : Explicit concurrent mark sweep GC freed 20(704B) AllocSpace objects, 0(0B) LOS objects, 23% free, 53MB/69MB, paused 788us total 28.664ms
08-05 17:55:11.186  3168  4054 I art     : Starting a blocking GC Explicit
08-05 17:55:11.215  3168  4054 I art     : Explicit concurrent mark sweep GC freed 3(96B) AllocSpace objects, 0(0B) LOS objects, 23% free, 53MB/69MB, paused 761us total 28.570ms
08-05 17:55:11.227  3168  4054 I art     : Starting a blocking GC Explicit
08-05 17:55:11.256  3168  4054 I art     : Explicit concurrent mark sweep GC freed 3(96B) AllocSpace objects, 0(0B) LOS objects, 23% free, 53MB/69MB, paused 756us total 28.498ms
08-05 17:55:11.267  3168  4054 I art     : Starting a blocking GC Explicit
08-05 17:55:11.295  3168  4054 I art     : Explicit concurrent mark sweep GC freed 3(96B) AllocSpace objects, 0(0B) LOS objects, 23% free, 53MB/69MB, paused 761us total 27.962ms
08-05 17:55:11.579  3168  3180 I art     : Starting a blocking GC Explicit
08-05 17:55:11.610  3168  3180 I art     : Explicit concurrent mark sweep GC freed 1341(78KB) AllocSpace objects, 1(20KB) LOS objects, 23% free, 53MB/69MB, paused 738us total 30.937ms
08-05 17:55:11.621  3168  3180 I art     : Starting a blocking GC Explicit
08-05 17:55:11.648  3168  3180 I art     : Explicit concurrent mark sweep GC freed 20(704B) AllocSpace objects, 0(0B) LOS objects, 23% free, 53MB/69MB, paused 747us total 27.151ms
08-05 17:55:11.659  3168  3180 I art     : Starting a blocking GC Explicit
08-05 17:55:11.687  3168  3180 I art     : Explicit concurrent mark sweep GC freed 3(96B) AllocSpace objects, 0(0B) LOS objects, 23% free, 53MB/69MB, paused 830us total 27.362ms
08-05 17:55:11.698  3168  3180 I art     : Starting a blocking GC Explicit
08-05 17:55:11.726  3168  3180 I art     : Explicit concurrent mark sweep GC freed 3(96B) AllocSpace objects, 0(0B) LOS objects, 23% free, 53MB/69MB, paused 712us total 27.329ms
08-05 17:55:11.737  3168  3180 I art     : Starting a blocking GC Explicit
08-05 17:55:11.764  3168  3180 I art     : Explicit concurrent mark sweep GC freed 3(96B) AllocSpace objects, 0(0B) LOS objects, 23% free, 53MB/69MB, paused 740us total 27.110ms
08-05 17:55:12.005  7482  7482 D AndroidRuntime: >>>>>> START com.android.internal.os.RuntimeInit uid 2000 <<<<<<
08-05 17:55:12.011  7482  7482 D AndroidRuntime: CheckJNI is OFF
08-05 17:55:12.055  7482  7482 D ICU     : No timezone override file found: /data/misc/zoneinfo/current/icu/icu_tzdata.dat
08-05 17:55:12.079  3168  3295 I art     : Starting a blocking GC Explicit
08-05 17:55:12.103  7482  7482 I Radio-JNI: register_android_hardware_Radio DONE
08-05 17:55:12.109  3168  3295 I art     : Explicit concurrent mark sweep GC freed 1341(78KB) AllocSpace objects, 1(20KB) LOS objects, 23% free, 53MB/69MB, paused 815us total 29.514ms
08-05 17:55:12.120  3168  3295 I art     : Starting a blocking GC Explicit
08-05 17:55:12.133  7482  7482 D AndroidRuntime: Calling main entry com.android.commands.am.Am
08-05 17:55:12.143 16924 16924 I Trepn   : Trepn 6.2s: Received intent: com.quicinc.trepn.stop_profiling
08-05 17:55:12.148  3168  3295 I art     : Explicit concurrent mark sweep GC freed 20(704B) AllocSpace objects, 0(0B) LOS objects, 23% free, 53MB/69MB, paused 730us total 27.957ms
08-05 17:55:12.159  3168  3295 I art     : Starting a blocking GC Explicit
08-05 17:55:12.179 16924 16924 I Trepn   : Trepn 6.2s: Trepn has Stopped Profiling.
08-05 17:55:12.185  3168  3295 I art     : Explicit concurrent mark sweep GC freed 3(96B) AllocSpace objects, 0(0B) LOS objects, 23% free, 53MB/69MB, paused 703us total 25.320ms
08-05 17:55:12.196  3168  3295 I art     : Starting a blocking GC Explicit
08-05 17:55:12.221  3168  3295 I art     : Explicit concurrent mark sweep GC freed 3(96B) AllocSpace objects, 0(0B) LOS objects, 23% free, 53MB/69MB, paused 697us total 24.655ms
08-05 17:55:12.231  3168  3295 I art     : Starting a blocking GC Explicit
08-05 17:55:12.258  3168  3295 I art     : Explicit concurrent mark sweep GC freed 3(96B) AllocSpace objects, 0(0B) LOS objects, 23% free, 53MB/69MB, paused 725us total 26.394ms
08-05 17:55:12.277  7482  7482 D AndroidRuntime: Shutting down VM
08-05 17:55:12.279   918  5132 W AppOps  : Finishing op nesting under-run: uid 10078 pkg com.quicinc.trepn code 24 time=0 duration=0 nesting=0
08-05 17:55:12.589  3168  5563 I art     : Starting a blocking GC Explicit
08-05 17:55:12.618  3168  5563 I art     : Explicit concurrent mark sweep GC freed 1341(78KB) AllocSpace objects, 1(20KB) LOS objects, 23% free, 53MB/69MB, paused 790us total 28.078ms
08-05 17:55:12.629  3168  5563 I art     : Starting a blocking GC Explicit
08-05 17:55:12.657  3168  5563 I art     : Explicit concurrent mark sweep GC freed 20(704B) AllocSpace objects, 0(0B) LOS objects, 23% free, 53MB/69MB, paused 785us total 27.857ms
08-05 17:55:12.668  3168  5563 I art     : Starting a blocking GC Explicit
08-05 17:55:12.695  3168  5563 I art     : Explicit concurrent mark sweep GC freed 3(96B) AllocSpace objects, 0(0B) LOS objects, 23% free, 53MB/69MB, paused 693us total 26.985ms
08-05 17:55:12.707  3168  5563 I art     : Starting a blocking GC Explicit
08-05 17:55:12.734  3168  5563 I art     : Explicit concurrent mark sweep GC freed 3(96B) AllocSpace objects, 0(0B) LOS objects, 23% free, 53MB/69MB, paused 743us total 26.905ms
08-05 17:55:12.745  3168  5563 I art     : Starting a blocking GC Explicit
08-05 17:55:12.771  3168  5563 I art     : Explicit concurrent mark sweep GC freed 3(96B) AllocSpace objects, 0(0B) LOS objects, 23% free, 53MB/69MB, paused 727us total 26.121ms
