08-05 17:44:42.732 27588 27618 I art     : Explicit concurrent mark sweep GC freed 3(96B) AllocSpace objects, 0(0B) LOS objects, 23% free, 52MB/68MB, paused 301us total 18.683ms
08-05 17:44:42.993 27588 27600 I art     : Starting a blocking GC Explicit
08-05 17:44:43.012 27588 27600 I art     : Explicit concurrent mark sweep GC freed 1341(78KB) AllocSpace objects, 1(20KB) LOS objects, 23% free, 52MB/68MB, paused 320us total 19.229ms
08-05 17:44:43.021 27588 27600 I art     : Starting a blocking GC Explicit
08-05 17:44:43.040 27588 27600 I art     : Explicit concurrent mark sweep GC freed 20(704B) AllocSpace objects, 0(0B) LOS objects, 23% free, 52MB/68MB, paused 321us total 18.681ms
08-05 17:44:43.048 27588 27600 I art     : Starting a blocking GC Explicit
08-05 17:44:43.067 27588 27600 I art     : Explicit concurrent mark sweep GC freed 3(96B) AllocSpace objects, 0(0B) LOS objects, 23% free, 52MB/68MB, paused 383us total 18.218ms
08-05 17:44:43.075 27588 27600 I art     : Starting a blocking GC Explicit
08-05 17:44:43.094 27588 27600 I art     : Explicit concurrent mark sweep GC freed 3(96B) AllocSpace objects, 0(0B) LOS objects, 23% free, 52MB/68MB, paused 341us total 18.500ms
08-05 17:44:43.102 27588 27600 I art     : Starting a blocking GC Explicit
08-05 17:44:43.120 27588 27600 I art     : Explicit concurrent mark sweep GC freed 3(96B) AllocSpace objects, 0(0B) LOS objects, 23% free, 52MB/68MB, paused 311us total 17.517ms
08-05 17:44:43.223 28331 28331 D AndroidRuntime: >>>>>> START com.android.internal.os.RuntimeInit uid 2000 <<<<<<
08-05 17:44:43.230 28331 28331 D AndroidRuntime: CheckJNI is OFF
08-05 17:44:43.246   918  3188 I hubconnection: sensorhub said: 'set_bias 3: -6.2400, 0.0000, 0.0000'
08-05 17:44:43.265 28331 28331 D ICU     : No timezone override file found: /data/misc/zoneinfo/current/icu/icu_tzdata.dat
08-05 17:44:43.299 28331 28331 I Radio-JNI: register_android_hardware_Radio DONE
08-05 17:44:43.320 28331 28331 D AndroidRuntime: Calling main entry com.android.commands.input.Input
08-05 17:44:43.322 28331 28331 I Input   : injectKeyEvent: KeyEvent { action=ACTION_DOWN, keyCode=KEYCODE_BACK, scanCode=0, metaState=0, flags=0x0, repeatCount=0, eventTime=812699735, downTime=812699735, deviceId=-1, source=0x101 }
08-05 17:44:43.334 28331 28331 I Input   : injectKeyEvent: KeyEvent { action=ACTION_UP, keyCode=KEYCODE_BACK, scanCode=0, metaState=0, flags=0x0, repeatCount=0, eventTime=812699735, downTime=812699735, deviceId=-1, source=0x101 }
08-05 17:44:43.340 28331 28331 D AndroidRuntime: Shutting down VM
08-05 17:44:43.344 21092 21109 I Finsky  : [6019] ktr.run(-1): Stats for Executor: BlockingExecutor kvs@20f81d3[Running, pool size = 0, active threads = 0, queued tasks = 0, completed tasks = 141]
08-05 17:44:43.344 21092 21109 I Finsky  : [6019] ktr.run(-1): Stats for Executor: LightweightExecutor kvs@65ac110[Running, pool size = 4, active threads = 0, queued tasks = 0, completed tasks = 76]
08-05 17:44:43.383 13866 13866 I GoogleInputMethodServic: GoogleInputMethodService.onFinishInput():3138 
08-05 17:44:43.383 13866 13866 I GoogleInputMethodServic: GoogleInputMethodService.onStartInput():1808 
08-05 17:44:43.410 27588 27626 I art     : Starting a blocking GC Explicit
08-05 17:44:43.427 27588 27626 I art     : Explicit concurrent mark sweep GC freed 1516(86KB) AllocSpace objects, 1(20KB) LOS objects, 23% free, 52MB/68MB, paused 284us total 16.962ms
08-05 17:44:43.434 27588 27626 I art     : Starting a blocking GC Explicit
08-05 17:44:43.450 27588 27626 I art     : Explicit concurrent mark sweep GC freed 26(944B) AllocSpace objects, 0(0B) LOS objects, 23% free, 52MB/68MB, paused 298us total 15.986ms
08-05 17:44:43.458 27588 27626 I art     : Starting a blocking GC Explicit
08-05 17:44:43.475 27588 27626 I art     : Explicit concurrent mark sweep GC freed 3(96B) AllocSpace objects, 0(0B) LOS objects, 23% free, 52MB/68MB, paused 338us total 16.614ms
08-05 17:44:43.483 27588 27626 I art     : Starting a blocking GC Explicit
08-05 17:44:43.500 27588 27626 I art     : Explicit concurrent mark sweep GC freed 3(96B) AllocSpace objects, 0(0B) LOS objects, 23% free, 52MB/68MB, paused 300us total 16.978ms
08-05 17:44:43.509 27588 27626 I art     : Starting a blocking GC Explicit
08-05 17:44:43.528 27588 27626 I art     : Explicit concurrent mark sweep GC freed 3(96B) AllocSpace objects, 0(0B) LOS objects, 23% free, 52MB/68MB, paused 301us total 19.254ms
08-05 17:44:43.673   380   380 W SurfaceFlinger: couldn't log to binary event log: overflow.
08-05 17:44:43.785 27588 27618 I art     : Starting a blocking GC Explicit
08-05 17:44:43.803 27588 27618 I art     : Explicit concurrent mark sweep GC freed 1451(87KB) AllocSpace objects, 1(20KB) LOS objects, 23% free, 52MB/68MB, paused 302us total 17.493ms
08-05 17:44:43.811 27588 27618 I art     : Starting a blocking GC Explicit
08-05 17:44:43.827 27588 27618 I art     : Explicit concurrent mark sweep GC freed 1672(107KB) AllocSpace objects, 3(400KB) LOS objects, 23% free, 51MB/67MB, paused 352us total 16.176ms
08-05 17:44:43.834 27588 27618 I art     : Starting a blocking GC Explicit
08-05 17:44:43.850 27588 27618 I art     : Explicit concurrent mark sweep GC freed 3(96B) AllocSpace objects, 0(0B) LOS objects, 23% free, 51MB/67MB, paused 294us total 16.027ms
08-05 17:44:43.858 27588 27618 I art     : Starting a blocking GC Explicit
08-05 17:44:43.874 27588 27618 I art     : Explicit concurrent mark sweep GC freed 3(96B) AllocSpace objects, 0(0B) LOS objects, 23% free, 51MB/67MB, paused 284us total 15.355ms
08-05 17:44:43.881 27588 27618 I art     : Starting a blocking GC Explicit
08-05 17:44:43.897 27588 27618 I art     : Explicit concurrent mark sweep GC freed 3(96B) AllocSpace objects, 0(0B) LOS objects, 23% free, 51MB/67MB, paused 358us total 15.930ms
08-05 17:44:44.158 27588 27601 I art     : Starting a blocking GC Explicit
08-05 17:44:44.177 27588 27601 I art     : Explicit concurrent mark sweep GC freed 1341(78KB) AllocSpace objects, 1(20KB) LOS objects, 23% free, 51MB/67MB, paused 308us total 18.308ms
08-05 17:44:44.185 27588 27601 I art     : Starting a blocking GC Explicit
08-05 17:44:44.203 27588 27601 I art     : Explicit concurrent mark sweep GC freed 20(704B) AllocSpace objects, 0(0B) LOS objects, 23% free, 51MB/67MB, paused 330us total 17.921ms
08-05 17:44:44.211 27588 27601 I art     : Starting a blocking GC Explicit
08-05 17:44:44.230 27588 27601 I art     : Explicit concurrent mark sweep GC freed 3(96B) AllocSpace objects, 0(0B) LOS objects, 23% free, 51MB/67MB, paused 301us total 18.076ms
08-05 17:44:44.238 27588 27601 I art     : Starting a blocking GC Explicit
08-05 17:44:44.256 27588 27601 I art     : Explicit concurrent mark sweep GC freed 3(96B) AllocSpace objects, 0(0B) LOS objects, 23% free, 51MB/67MB, paused 311us total 17.734ms
08-05 17:44:44.264 27588 27601 I art     : Starting a blocking GC Explicit
08-05 17:44:44.282 27588 27601 I art     : Explicit concurrent mark sweep GC freed 3(96B) AllocSpace objects, 0(0B) LOS objects, 23% free, 51MB/67MB, paused 311us total 17.902ms
08-05 17:44:44.311 21092 21109 I Finsky  : [6019] ktr.run(-1): Stats for Executor: bgExecutor kvs@dd74409[Running, pool size = 4, active threads = 0, queued tasks = 0, completed tasks = 385]
08-05 17:44:44.574 27588 27600 I art     : Starting a blocking GC Explicit
08-05 17:44:44.595 27588 27600 I art     : Explicit concurrent mark sweep GC freed 1340(78KB) AllocSpace objects, 1(20KB) LOS objects, 23% free, 51MB/67MB, paused 301us total 20.046ms
08-05 17:44:44.603 27588 27600 I art     : Starting a blocking GC Explicit
08-05 17:44:44.621 27588 27600 I art     : Explicit concurrent mark sweep GC freed 20(704B) AllocSpace objects, 0(0B) LOS objects, 23% free, 51MB/67MB, paused 321us total 17.544ms
08-05 17:44:44.629 27588 27600 I art     : Starting a blocking GC Explicit
08-05 17:44:44.646 27588 27600 I art     : Explicit concurrent mark sweep GC freed 3(96B) AllocSpace objects, 0(0B) LOS objects, 23% free, 51MB/67MB, paused 306us total 16.900ms
08-05 17:44:44.654 27588 27600 I art     : Starting a blocking GC Explicit
08-05 17:44:44.671 27588 27600 I art     : Explicit concurrent mark sweep GC freed 3(96B) AllocSpace objects, 0(0B) LOS objects, 23% free, 51MB/67MB, paused 314us total 17.206ms
08-05 17:44:44.679 27588 27600 I art     : Starting a blocking GC Explicit
08-05 17:44:44.697 27588 27600 I art     : Explicit concurrent mark sweep GC freed 3(96B) AllocSpace objects, 0(0B) LOS objects, 23% free, 51MB/67MB, paused 368us total 17.089ms
08-05 17:44:44.960 27588 27626 I art     : Starting a blocking GC Explicit
08-05 17:44:44.979 27588 27626 I art     : Explicit concurrent mark sweep GC freed 1340(78KB) AllocSpace objects, 1(20KB) LOS objects, 23% free, 51MB/67MB, paused 316us total 18.086ms
08-05 17:44:44.987 27588 27626 I art     : Starting a blocking GC Explicit
08-05 17:44:45.004 28394 28394 D AndroidRuntime: >>>>>> START com.android.internal.os.RuntimeInit uid 2000 <<<<<<
08-05 17:44:45.005 27588 27626 I art     : Explicit concurrent mark sweep GC freed 20(704B) AllocSpace objects, 0(0B) LOS objects, 23% free, 51MB/67MB, paused 360us total 17.804ms
08-05 17:44:45.009 28394 28394 D AndroidRuntime: CheckJNI is OFF
08-05 17:44:45.013 27588 27626 I art     : Starting a blocking GC Explicit
08-05 17:44:45.030 27588 27626 I art     : Explicit concurrent mark sweep GC freed 3(96B) AllocSpace objects, 0(0B) LOS objects, 23% free, 51MB/67MB, paused 321us total 17.097ms
08-05 17:44:45.039 27588 27626 I art     : Starting a blocking GC Explicit
08-05 17:44:45.047 28394 28394 D ICU     : No timezone override file found: /data/misc/zoneinfo/current/icu/icu_tzdata.dat
08-05 17:44:45.056 27588 27626 I art     : Explicit concurrent mark sweep GC freed 3(96B) AllocSpace objects, 0(0B) LOS objects, 23% free, 51MB/67MB, paused 346us total 16.922ms
08-05 17:44:45.063 27588 27626 I art     : Starting a blocking GC Explicit
08-05 17:44:45.079 28394 28394 I Radio-JNI: register_android_hardware_Radio DONE
08-05 17:44:45.080 27588 27626 I art     : Explicit concurrent mark sweep GC freed 3(96B) AllocSpace objects, 0(0B) LOS objects, 23% free, 51MB/67MB, paused 320us total 16.832ms
08-05 17:44:45.102 28394 28394 D AndroidRuntime: Calling main entry com.android.commands.input.Input
08-05 17:44:45.103 28394 28394 I Input   : injectMotionEvent: MotionEvent { action=ACTION_DOWN, actionButton=0, id[0]=0, x[0]=733.0, y[0]=1370.0, toolType[0]=TOOL_TYPE_UNKNOWN, buttonState=0, metaState=0, flags=0x0, edgeFlags=0x0, pointerCount=1, historySize=0, eventTime=812701516, downTime=812701516, deviceId=0, source=0x1002 }
08-05 17:44:45.110 28394 28394 I Input   : injectMotionEvent: MotionEvent { action=ACTION_UP, actionButton=0, id[0]=0, x[0]=733.0, y[0]=1370.0, toolType[0]=TOOL_TYPE_UNKNOWN, buttonState=0, metaState=0, flags=0x0, edgeFlags=0x0, pointerCount=1, historySize=0, eventTime=812701516, downTime=812701516, deviceId=0, source=0x1002 }
08-05 17:44:45.111   918  6112 I ActivityManager: START u0 {cmp=baseline.appteam.nith.hillffair/.activities.ClubActivity (has extras)} from uid 10675 on display 0
08-05 17:44:45.119 28394 28394 D AndroidRuntime: Shutting down VM
08-05 17:44:45.217   918   936 I ActivityManager: Displayed baseline.appteam.nith.hillffair/.activities.ClubActivity: +98ms
08-05 17:44:45.218 13866 13866 I GoogleInputMethodServic: GoogleInputMethodService.onFinishInput():3138 
08-05 17:44:45.218 13866 13866 I GoogleInputMethodServic: GoogleInputMethodService.onStartInput():1808 
08-05 17:44:45.322 27588 27626 I art     : Starting a blocking GC Explicit
08-05 17:44:45.342 27588 27626 I art     : Explicit concurrent mark sweep GC freed 4976(290KB) AllocSpace objects, 1(20KB) LOS objects, 23% free, 52MB/68MB, paused 346us total 19.190ms
08-05 17:44:45.350 27588 27626 I art     : Starting a blocking GC Explicit
08-05 17:44:45.372 27588 27626 I art     : Explicit concurrent mark sweep GC freed 211(9KB) AllocSpace objects, 0(0B) LOS objects, 23% free, 52MB/68MB, paused 392us total 21.773ms
08-05 17:44:45.382 27588 27626 I art     : Starting a blocking GC Explicit
08-05 17:44:45.404 27588 27626 I art     : Explicit concurrent mark sweep GC freed 3(96B) AllocSpace objects, 0(0B) LOS objects, 23% free, 52MB/68MB, paused 410us total 21.380ms
08-05 17:44:45.414 27588 27626 I art     : Starting a blocking GC Explicit
08-05 17:44:45.435 27588 27626 I art     : Explicit concurrent mark sweep GC freed 3(96B) AllocSpace objects, 0(0B) LOS objects, 23% free, 52MB/68MB, paused 373us total 20.942ms
08-05 17:44:45.446 27588 27626 I art     : Starting a blocking GC Explicit
08-05 17:44:45.456   380   380 W SurfaceFlinger: couldn't log to binary event log: overflow.
08-05 17:44:45.468 27588 27626 I art     : Explicit concurrent mark sweep GC freed 3(96B) AllocSpace objects, 0(0B) LOS objects, 23% free, 52MB/68MB, paused 378us total 21.592ms
08-05 17:44:45.679 27588 28417 D OkHttp  : --> GET https://api-hillfair-2k16.herokuapp.com/api/app/events/special/event?id=580655cddcba0f490c70fdd0 http/1.1
08-05 17:44:45.717 27588 28417 D OkHttp  : <-- 200 OK https://api-hillfair-2k16.herokuapp.com/api/app/events/special/event?id=580655cddcba0f490c70fdd0 (37ms, 721-byte body)
08-05 17:44:45.742 27588 27600 I art     : Starting a blocking GC Explicit
08-05 17:44:45.761 27588 27600 I art     : Explicit concurrent mark sweep GC freed 4266(255KB) AllocSpace objects, 4(220KB) LOS objects, 23% free, 52MB/68MB, paused 410us total 18.601ms
08-05 17:44:45.769 27588 27600 I art     : Starting a blocking GC Explicit
08-05 17:44:45.774 27588 27588 I NAPPA_EXPERIMENTATION: MetricNetworkRequestExecutionTime: REQUEST_DURATION_SYSTEM='630',REQUEST_DURATION_OKHTTP='37',REQUEST_SYNCHRONOUS='FALSE',RESPONSE_CODE='200',RESPONSE_METHOD='GET',RESPONSE_LENGTH_OKHTTP='721',RESPONSE_LENGTH_HEADER='721',REQUEST_PROTOCOL='http/1.1',REQUEST_URL='https://api-hillfair-2k16.herokuapp.com/api/app/events/special/event?id=580655cddcba0f490c70fdd0',
08-05 17:44:45.785 27588 27600 I art     : Explicit concurrent mark sweep GC freed 1538(183KB) AllocSpace objects, 0(0B) LOS objects, 23% free, 52MB/68MB, paused 340us total 16.248ms
08-05 17:44:45.792 27588 27600 I art     : Starting a blocking GC Explicit
08-05 17:44:45.809 27588 27600 I art     : Explicit concurrent mark sweep GC freed 78(3KB) AllocSpace objects, 0(0B) LOS objects, 23% free, 52MB/68MB, paused 335us total 16.811ms
08-05 17:44:45.818 27588 27600 I art     : Starting a blocking GC Explicit
08-05 17:44:45.835 27588 27600 I art     : Explicit concurrent mark sweep GC freed 40(21KB) AllocSpace objects, 0(0B) LOS objects, 23% free, 52MB/68MB, paused 319us total 17.027ms
08-05 17:44:45.842 27588 27600 I art     : Starting a blocking GC Explicit
08-05 17:44:45.859 27588 27600 I art     : Explicit concurrent mark sweep GC freed 6(192B) AllocSpace objects, 0(0B) LOS objects, 23% free, 52MB/68MB, paused 294us total 16.334ms
08-05 17:44:46.136 27588 27618 I art     : Starting a blocking GC Explicit
08-05 17:44:46.155 27588 27618 I art     : Explicit concurrent mark sweep GC freed 1341(78KB) AllocSpace objects, 1(20KB) LOS objects, 23% free, 52MB/68MB, paused 373us total 18.402ms
08-05 17:44:46.163 27588 27618 I art     : Starting a blocking GC Explicit
08-05 17:44:46.182 27588 27618 I art     : Explicit concurrent mark sweep GC freed 36(1264B) AllocSpace objects, 0(0B) LOS objects, 23% free, 52MB/68MB, paused 324us total 18.160ms
08-05 17:44:46.190 27588 27618 I art     : Starting a blocking GC Explicit
08-05 17:44:46.209 27588 27618 I art     : Explicit concurrent mark sweep GC freed 3(96B) AllocSpace objects, 0(0B) LOS objects, 23% free, 52MB/68MB, paused 314us total 18.537ms
08-05 17:44:46.217 27588 27618 I art     : Starting a blocking GC Explicit
08-05 17:44:46.236 27588 27618 I art     : Explicit concurrent mark sweep GC freed 3(96B) AllocSpace objects, 0(0B) LOS objects, 23% free, 52MB/68MB, paused 327us total 18.675ms
08-05 17:44:46.244 27588 27618 I art     : Starting a blocking GC Explicit
08-05 17:44:46.263 27588 27618 I art     : Explicit concurrent mark sweep GC freed 3(96B) AllocSpace objects, 0(0B) LOS objects, 23% free, 52MB/68MB, paused 334us total 18.501ms
08-05 17:44:46.547 27588 27601 I art     : Starting a blocking GC Explicit
08-05 17:44:46.571 27588 27601 I art     : Explicit concurrent mark sweep GC freed 1341(78KB) AllocSpace objects, 1(20KB) LOS objects, 23% free, 52MB/68MB, paused 373us total 24.303ms
08-05 17:44:46.583 27588 27601 I art     : Starting a blocking GC Explicit
08-05 17:44:46.607 27588 27601 I art     : Explicit concurrent mark sweep GC freed 20(704B) AllocSpace objects, 0(0B) LOS objects, 23% free, 52MB/68MB, paused 581us total 23.983ms
08-05 17:44:46.618 27588 27601 I art     : Starting a blocking GC Explicit
08-05 17:44:46.638 27588 27601 I art     : Explicit concurrent mark sweep GC freed 3(96B) AllocSpace objects, 0(0B) LOS objects, 23% free, 52MB/68MB, paused 350us total 19.498ms
08-05 17:44:46.647 27588 27601 I art     : Starting a blocking GC Explicit
08-05 17:44:46.666 27588 27601 I art     : Explicit concurrent mark sweep GC freed 3(96B) AllocSpace objects, 0(0B) LOS objects, 23% free, 52MB/68MB, paused 347us total 19.665ms
08-05 17:44:46.675 27588 27601 I art     : Starting a blocking GC Explicit
08-05 17:44:46.694 27588 27601 I art     : Explicit concurrent mark sweep GC freed 3(96B) AllocSpace objects, 0(0B) LOS objects, 23% free, 52MB/68MB, paused 312us total 19.103ms
08-05 17:44:46.999 27588 27600 I art     : Starting a blocking GC Explicit
08-05 17:44:47.024 27588 27600 I art     : Explicit concurrent mark sweep GC freed 1341(78KB) AllocSpace objects, 1(20KB) LOS objects, 23% free, 52MB/68MB, paused 348us total 24.713ms
08-05 17:44:47.036 27588 27600 I art     : Starting a blocking GC Explicit
08-05 17:44:47.059 27588 27600 I art     : Explicit concurrent mark sweep GC freed 20(704B) AllocSpace objects, 0(0B) LOS objects, 23% free, 52MB/68MB, paused 393us total 23.393ms
08-05 17:44:47.070 27588 27600 I art     : Starting a blocking GC Explicit
08-05 17:44:47.090 27588 27600 I art     : Explicit concurrent mark sweep GC freed 3(96B) AllocSpace objects, 0(0B) LOS objects, 23% free, 52MB/68MB, paused 330us total 19.708ms
08-05 17:44:47.098 27588 27600 I art     : Starting a blocking GC Explicit
08-05 17:44:47.118 27588 27600 I art     : Explicit concurrent mark sweep GC freed 3(96B) AllocSpace objects, 0(0B) LOS objects, 23% free, 52MB/68MB, paused 332us total 19.614ms
08-05 17:44:47.127 27588 27600 I art     : Starting a blocking GC Explicit
08-05 17:44:47.147 27588 27600 I art     : Explicit concurrent mark sweep GC freed 3(96B) AllocSpace objects, 0(0B) LOS objects, 23% free, 52MB/68MB, paused 326us total 19.619ms
08-05 17:44:47.171 26632 26632 I ServiceManager: Waiting for service AtCmdFwd...
08-05 17:44:47.497 27588 27626 I art     : Starting a blocking GC Explicit
08-05 17:44:47.525 27588 27626 I art     : Explicit concurrent mark sweep GC freed 1341(78KB) AllocSpace objects, 1(20KB) LOS objects, 23% free, 52MB/68MB, paused 359us total 27.312ms
08-05 17:44:47.534 27588 27626 I art     : Starting a blocking GC Explicit
08-05 17:44:47.553 27588 27626 I art     : Explicit concurrent mark sweep GC freed 20(704B) AllocSpace objects, 0(0B) LOS objects, 23% free, 52MB/68MB, paused 347us total 19.641ms
08-05 17:44:47.562 27588 27626 I art     : Starting a blocking GC Explicit
08-05 17:44:47.581 27588 27626 I art     : Explicit concurrent mark sweep GC freed 3(96B) AllocSpace objects, 0(0B) LOS objects, 23% free, 52MB/68MB, paused 330us total 18.859ms
08-05 17:44:47.589 27588 27626 I art     : Starting a blocking GC Explicit
08-05 17:44:47.608 27588 27626 I art     : Explicit concurrent mark sweep GC freed 3(96B) AllocSpace objects, 0(0B) LOS objects, 23% free, 52MB/68MB, paused 321us total 18.696ms
08-05 17:44:47.617 27588 27626 I art     : Starting a blocking GC Explicit
08-05 17:44:47.637 27588 27626 I art     : Explicit concurrent mark sweep GC freed 3(96B) AllocSpace objects, 0(0B) LOS objects, 23% free, 52MB/68MB, paused 353us total 19.519ms
08-05 17:44:47.968 27588 27618 I art     : Starting a blocking GC Explicit
08-05 17:44:47.996 27588 27618 I art     : Explicit concurrent mark sweep GC freed 1341(78KB) AllocSpace objects, 1(20KB) LOS objects, 23% free, 52MB/68MB, paused 370us total 27.386ms
08-05 17:44:48.008 27588 27618 I art     : Starting a blocking GC Explicit
08-05 17:44:48.028 27588 27618 I art     : Explicit concurrent mark sweep GC freed 20(704B) AllocSpace objects, 0(0B) LOS objects, 23% free, 52MB/68MB, paused 341us total 19.743ms
08-05 17:44:48.036 27588 27618 I art     : Starting a blocking GC Explicit
08-05 17:44:48.056 27588 27618 I art     : Explicit concurrent mark sweep GC freed 3(96B) AllocSpace objects, 0(0B) LOS objects, 23% free, 52MB/68MB, paused 322us total 19.358ms
08-05 17:44:48.065 27588 27618 I art     : Starting a blocking GC Explicit
08-05 17:44:48.084 27588 27618 I art     : Explicit concurrent mark sweep GC freed 3(96B) AllocSpace objects, 0(0B) LOS objects, 23% free, 52MB/68MB, paused 400us total 19.569ms
08-05 17:44:48.093 27588 27618 I art     : Starting a blocking GC Explicit
08-05 17:44:48.113 27588 27618 I art     : Explicit concurrent mark sweep GC freed 3(96B) AllocSpace objects, 0(0B) LOS objects, 23% free, 52MB/68MB, paused 361us total 19.358ms
08-05 17:44:48.172 26632 26632 I ServiceManager: Waiting for service AtCmdFwd...
08-05 17:44:48.435 27588 27601 I art     : Starting a blocking GC Explicit
08-05 17:44:48.459 27588 27601 I art     : Explicit concurrent mark sweep GC freed 1341(78KB) AllocSpace objects, 1(20KB) LOS objects, 23% free, 52MB/68MB, paused 379us total 23.880ms
08-05 17:44:48.469 27588 27601 I art     : Starting a blocking GC Explicit
08-05 17:44:48.489 27588 27601 I art     : Explicit concurrent mark sweep GC freed 20(704B) AllocSpace objects, 0(0B) LOS objects, 23% free, 52MB/68MB, paused 329us total 19.373ms
08-05 17:44:48.498 27588 27601 I art     : Starting a blocking GC Explicit
08-05 17:44:48.518 27588 27601 I art     : Explicit concurrent mark sweep GC freed 3(96B) AllocSpace objects, 0(0B) LOS objects, 23% free, 52MB/68MB, paused 396us total 19.812ms
08-05 17:44:48.526 27588 27601 I art     : Starting a blocking GC Explicit
08-05 17:44:48.546 27588 27601 I art     : Explicit concurrent mark sweep GC freed 3(96B) AllocSpace objects, 0(0B) LOS objects, 23% free, 52MB/68MB, paused 355us total 19.548ms
08-05 17:44:48.554 27588 27601 I art     : Starting a blocking GC Explicit
08-05 17:44:48.574 27588 27601 I art     : Explicit concurrent mark sweep GC freed 3(96B) AllocSpace objects, 0(0B) LOS objects, 23% free, 52MB/68MB, paused 337us total 19.252ms
08-05 17:44:48.896 27588 27600 I art     : Starting a blocking GC Explicit
08-05 17:44:48.921 27588 27600 I art     : Explicit concurrent mark sweep GC freed 1341(78KB) AllocSpace objects, 1(20KB) LOS objects, 23% free, 52MB/68MB, paused 462us total 24.298ms
08-05 17:44:48.933 27588 27600 I art     : Starting a blocking GC Explicit
08-05 17:44:48.953 27588 27600 I art     : Explicit concurrent mark sweep GC freed 20(704B) AllocSpace objects, 0(0B) LOS objects, 23% free, 52MB/68MB, paused 337us total 19.859ms
08-05 17:44:48.962 27588 27600 I art     : Starting a blocking GC Explicit
08-05 17:44:48.982 27588 27600 I art     : Explicit concurrent mark sweep GC freed 3(96B) AllocSpace objects, 0(0B) LOS objects, 23% free, 52MB/68MB, paused 324us total 19.501ms
08-05 17:44:48.990 27588 27600 I art     : Starting a blocking GC Explicit
08-05 17:44:49.010 27588 27600 I art     : Explicit concurrent mark sweep GC freed 3(96B) AllocSpace objects, 0(0B) LOS objects, 23% free, 52MB/68MB, paused 334us total 19.328ms
08-05 17:44:49.018 27588 27600 I art     : Starting a blocking GC Explicit
08-05 17:44:49.037 27588 27600 I art     : Explicit concurrent mark sweep GC freed 3(96B) AllocSpace objects, 0(0B) LOS objects, 23% free, 52MB/68MB, paused 343us total 18.943ms
08-05 17:44:49.173 26632 26632 I ServiceManager: Waiting for service AtCmdFwd...
08-05 17:44:49.237   918  3261 D WifiStateMachine: starting scan for "H369AA63323"WPA_PSK with 2412,5180
08-05 17:44:49.355 27588 27626 I art     : Starting a blocking GC Explicit
08-05 17:44:49.374 27588 27626 I art     : Explicit concurrent mark sweep GC freed 1341(78KB) AllocSpace objects, 1(20KB) LOS objects, 23% free, 52MB/68MB, paused 360us total 19.108ms
08-05 17:44:49.382 27588 27626 I art     : Starting a blocking GC Explicit
08-05 17:44:49.401 27588 27626 I art     : Explicit concurrent mark sweep GC freed 20(704B) AllocSpace objects, 0(0B) LOS objects, 23% free, 52MB/68MB, paused 331us total 18.499ms
08-05 17:44:49.409 27588 27626 I art     : Starting a blocking GC Explicit
08-05 17:44:49.427 27588 27626 I art     : Explicit concurrent mark sweep GC freed 3(96B) AllocSpace objects, 0(0B) LOS objects, 23% free, 52MB/68MB, paused 374us total 18.029ms
08-05 17:44:49.435 27588 27626 I art     : Starting a blocking GC Explicit
08-05 17:44:49.454 27588 27626 I art     : Explicit concurrent mark sweep GC freed 3(96B) AllocSpace objects, 0(0B) LOS objects, 23% free, 52MB/68MB, paused 345us total 18.328ms
08-05 17:44:49.462 27588 27626 I art     : Starting a blocking GC Explicit
08-05 17:44:49.480 27588 27626 I art     : Explicit concurrent mark sweep GC freed 3(96B) AllocSpace objects, 0(0B) LOS objects, 23% free, 52MB/68MB, paused 350us total 18.150ms
08-05 17:44:49.765 28519 28519 D AndroidRuntime: >>>>>> START com.android.internal.os.RuntimeInit uid 2000 <<<<<<
08-05 17:44:49.770 28519 28519 D AndroidRuntime: CheckJNI is OFF
08-05 17:44:49.782 27588 27618 I art     : Starting a blocking GC Explicit
08-05 17:44:49.801 27588 27618 I art     : Explicit concurrent mark sweep GC freed 1341(78KB) AllocSpace objects, 1(20KB) LOS objects, 23% free, 52MB/68MB, paused 366us total 18.956ms
08-05 17:44:49.806 28519 28519 D ICU     : No timezone override file found: /data/misc/zoneinfo/current/icu/icu_tzdata.dat
08-05 17:44:49.810 27588 27618 I art     : Starting a blocking GC Explicit
08-05 17:44:49.828 27588 27618 I art     : Explicit concurrent mark sweep GC freed 20(704B) AllocSpace objects, 0(0B) LOS objects, 23% free, 52MB/68MB, paused 335us total 17.793ms
08-05 17:44:49.836 27588 27618 I art     : Starting a blocking GC Explicit
08-05 17:44:49.839 28519 28519 I Radio-JNI: register_android_hardware_Radio DONE
08-05 17:44:49.854 27588 27618 I art     : Explicit concurrent mark sweep GC freed 3(96B) AllocSpace objects, 0(0B) LOS objects, 23% free, 52MB/68MB, paused 348us total 17.848ms
08-05 17:44:49.862 28519 28519 D AndroidRuntime: Calling main entry com.android.commands.input.Input
08-05 17:44:49.862 27588 27618 I art     : Starting a blocking GC Explicit
08-05 17:44:49.863 28519 28519 I Input   : injectKeyEvent: KeyEvent { action=ACTION_DOWN, keyCode=KEYCODE_BACK, scanCode=0, metaState=0, flags=0x0, repeatCount=0, eventTime=812706276, downTime=812706276, deviceId=-1, source=0x101 }
08-05 17:44:49.869 28519 28519 I Input   : injectKeyEvent: KeyEvent { action=ACTION_UP, keyCode=KEYCODE_BACK, scanCode=0, metaState=0, flags=0x0, repeatCount=0, eventTime=812706276, downTime=812706276, deviceId=-1, source=0x101 }
08-05 17:44:49.875 28519 28519 D AndroidRuntime: Shutting down VM
08-05 17:44:49.879 27588 27618 I art     : Explicit concurrent mark sweep GC freed 52(1712B) AllocSpace objects, 0(0B) LOS objects, 23% free, 52MB/68MB, paused 477us total 16.801ms
08-05 17:44:49.887 27588 27618 I art     : Starting a blocking GC Explicit
08-05 17:44:49.904 27588 27618 I art     : Explicit concurrent mark sweep GC freed 95(4KB) AllocSpace objects, 0(0B) LOS objects, 23% free, 52MB/68MB, paused 311us total 16.501ms
08-05 17:44:49.916 13866 13866 I GoogleInputMethodServic: GoogleInputMethodService.onFinishInput():3138 
08-05 17:44:49.916 13866 13866 I GoogleInputMethodServic: GoogleInputMethodService.onStartInput():1808 
08-05 17:44:50.173 26632 26632 I ServiceManager: Waiting for service AtCmdFwd...
08-05 17:44:50.177 27588 27601 I art     : Starting a blocking GC Explicit
08-05 17:44:50.200 27588 27601 I art     : Explicit concurrent mark sweep GC freed 1370(79KB) AllocSpace objects, 1(20KB) LOS objects, 23% free, 52MB/68MB, paused 335us total 22.387ms
08-05 17:44:50.209 27588 27601 I art     : Starting a blocking GC Explicit
08-05 17:44:50.211   380   380 W SurfaceFlinger: couldn't log to binary event log: overflow.
08-05 17:44:50.228 27588 27601 I art     : Explicit concurrent mark sweep GC freed 134(9KB) AllocSpace objects, 0(0B) LOS objects, 23% free, 52MB/68MB, paused 333us total 19.640ms
08-05 17:44:50.236 27588 27601 I art     : Starting a blocking GC Explicit
08-05 17:44:50.253 27588 27601 I art     : Explicit concurrent mark sweep GC freed 112(5KB) AllocSpace objects, 0(0B) LOS objects, 23% free, 52MB/68MB, paused 325us total 16.694ms
08-05 17:44:50.260 27588 27601 I art     : Starting a blocking GC Explicit
08-05 17:44:50.278 27588 27601 I art     : Explicit concurrent mark sweep GC freed 1547(100KB) AllocSpace objects, 3(400KB) LOS objects, 23% free, 51MB/67MB, paused 313us total 17.335ms
08-05 17:44:50.285 27588 27601 I art     : Starting a blocking GC Explicit
08-05 17:44:50.302 27588 27601 I art     : Explicit concurrent mark sweep GC freed 3(96B) AllocSpace objects, 0(0B) LOS objects, 23% free, 51MB/67MB, paused 322us total 16.755ms
08-05 17:44:50.600 27588 27600 I art     : Starting a blocking GC Explicit
08-05 17:44:50.620 27588 27600 I art     : Explicit concurrent mark sweep GC freed 1341(78KB) AllocSpace objects, 1(20KB) LOS objects, 23% free, 51MB/67MB, paused 345us total 20.135ms
08-05 17:44:50.633 27588 27600 I art     : Starting a blocking GC Explicit
08-05 17:44:50.651 27588 27600 I art     : Explicit concurrent mark sweep GC freed 20(704B) AllocSpace objects, 0(0B) LOS objects, 23% free, 51MB/67MB, paused 398us total 18.369ms
08-05 17:44:50.659 27588 27600 I art     : Starting a blocking GC Explicit
08-05 17:44:50.678 27588 27600 I art     : Explicit concurrent mark sweep GC freed 3(96B) AllocSpace objects, 0(0B) LOS objects, 23% free, 51MB/67MB, paused 320us total 18.057ms
08-05 17:44:50.686 27588 27600 I art     : Starting a blocking GC Explicit
08-05 17:44:50.705 27588 27600 I art     : Explicit concurrent mark sweep GC freed 3(96B) AllocSpace objects, 0(0B) LOS objects, 23% free, 51MB/67MB, paused 304us total 18.705ms
08-05 17:44:50.714 27588 27600 I art     : Starting a blocking GC Explicit
08-05 17:44:50.733 27588 27600 I art     : Explicit concurrent mark sweep GC freed 3(96B) AllocSpace objects, 0(0B) LOS objects, 23% free, 51MB/67MB, paused 341us total 18.858ms
08-05 17:44:51.020 27588 27618 I art     : Starting a blocking GC Explicit
08-05 17:44:51.040 27588 27618 I art     : Explicit concurrent mark sweep GC freed 1340(78KB) AllocSpace objects, 1(20KB) LOS objects, 23% free, 51MB/67MB, paused 369us total 19.876ms
08-05 17:44:51.052 27588 27618 I art     : Starting a blocking GC Explicit
08-05 17:44:51.070 27588 27618 I art     : Explicit concurrent mark sweep GC freed 20(704B) AllocSpace objects, 0(0B) LOS objects, 23% free, 51MB/67MB, paused 337us total 18.370ms
08-05 17:44:51.078 27588 27618 I art     : Starting a blocking GC Explicit
08-05 17:44:51.096 27588 27618 I art     : Explicit concurrent mark sweep GC freed 3(96B) AllocSpace objects, 0(0B) LOS objects, 23% free, 51MB/67MB, paused 361us total 17.827ms
08-05 17:44:51.105 27588 27618 I art     : Starting a blocking GC Explicit
08-05 17:44:51.123 27588 27618 I art     : Explicit concurrent mark sweep GC freed 3(96B) AllocSpace objects, 0(0B) LOS objects, 23% free, 51MB/67MB, paused 313us total 17.794ms
08-05 17:44:51.132 27588 27618 I art     : Starting a blocking GC Explicit
08-05 17:44:51.149 27588 27618 I art     : Explicit concurrent mark sweep GC freed 3(96B) AllocSpace objects, 0(0B) LOS objects, 23% free, 51MB/67MB, paused 324us total 17.216ms
08-05 17:44:51.174 26632 26632 I ServiceManager: Waiting for service AtCmdFwd...
08-05 17:44:51.431 27588 27626 I art     : Starting a blocking GC Explicit
08-05 17:44:51.450 27588 27626 I art     : Explicit concurrent mark sweep GC freed 1340(78KB) AllocSpace objects, 1(20KB) LOS objects, 23% free, 51MB/67MB, paused 343us total 18.873ms
08-05 17:44:51.458 27588 27626 I art     : Starting a blocking GC Explicit
08-05 17:44:51.477 27588 27626 I art     : Explicit concurrent mark sweep GC freed 20(704B) AllocSpace objects, 0(0B) LOS objects, 23% free, 51MB/67MB, paused 408us total 18.373ms
08-05 17:44:51.485 27588 27626 I art     : Starting a blocking GC Explicit
08-05 17:44:51.504 27588 27626 I art     : Explicit concurrent mark sweep GC freed 3(96B) AllocSpace objects, 0(0B) LOS objects, 23% free, 51MB/67MB, paused 344us total 18.286ms
08-05 17:44:51.512 27588 27626 I art     : Starting a blocking GC Explicit
08-05 17:44:51.530 27588 27626 I art     : Explicit concurrent mark sweep GC freed 3(96B) AllocSpace objects, 0(0B) LOS objects, 23% free, 51MB/67MB, paused 354us total 18.098ms
08-05 17:44:51.533 28572 28572 D AndroidRuntime: >>>>>> START com.android.internal.os.RuntimeInit uid 2000 <<<<<<
08-05 17:44:51.538 28572 28572 D AndroidRuntime: CheckJNI is OFF
08-05 17:44:51.539 27588 27626 I art     : Starting a blocking GC Explicit
08-05 17:44:51.556 27588 27626 I art     : Explicit concurrent mark sweep GC freed 3(96B) AllocSpace objects, 0(0B) LOS objects, 23% free, 51MB/67MB, paused 328us total 17.097ms
08-05 17:44:51.574 28572 28572 D ICU     : No timezone override file found: /data/misc/zoneinfo/current/icu/icu_tzdata.dat
08-05 17:44:51.606 28572 28572 I Radio-JNI: register_android_hardware_Radio DONE
08-05 17:44:51.628 28572 28572 D AndroidRuntime: Calling main entry com.android.commands.input.Input
08-05 17:44:51.630 28572 28572 I Input   : injectMotionEvent: MotionEvent { action=ACTION_DOWN, actionButton=0, id[0]=0, x[0]=733.0, y[0]=1957.0, toolType[0]=TOOL_TYPE_UNKNOWN, buttonState=0, metaState=0, flags=0x0, edgeFlags=0x0, pointerCount=1, historySize=0, eventTime=812708042, downTime=812708042, deviceId=0, source=0x1002 }
08-05 17:44:51.635 28572 28572 I Input   : injectMotionEvent: MotionEvent { action=ACTION_UP, actionButton=0, id[0]=0, x[0]=733.0, y[0]=1957.0, toolType[0]=TOOL_TYPE_UNKNOWN, buttonState=0, metaState=0, flags=0x0, edgeFlags=0x0, pointerCount=1, historySize=0, eventTime=812708042, downTime=812708042, deviceId=0, source=0x1002 }
08-05 17:44:51.637   918  6110 I ActivityManager: START u0 {cmp=baseline.appteam.nith.hillffair/.activities.ClubActivity (has extras)} from uid 10675 on display 0
08-05 17:44:51.643 28572 28572 D AndroidRuntime: Shutting down VM
08-05 17:44:51.741 13866 13866 I GoogleInputMethodServic: GoogleInputMethodService.onFinishInput():3138 
08-05 17:44:51.741   918   936 I ActivityManager: Displayed baseline.appteam.nith.hillffair/.activities.ClubActivity: +97ms
08-05 17:44:51.741 13866 13866 I GoogleInputMethodServic: GoogleInputMethodService.onStartInput():1808 
08-05 17:44:51.802 27588 27626 I art     : Starting a blocking GC Explicit
08-05 17:44:51.821 27588 27626 I art     : Explicit concurrent mark sweep GC freed 5045(296KB) AllocSpace objects, 1(20KB) LOS objects, 23% free, 51MB/67MB, paused 359us total 18.508ms
08-05 17:44:51.829 27588 27626 I art     : Starting a blocking GC Explicit
08-05 17:44:51.847 27588 27626 I art     : Explicit concurrent mark sweep GC freed 211(9KB) AllocSpace objects, 0(0B) LOS objects, 23% free, 51MB/67MB, paused 401us total 18.208ms
08-05 17:44:51.856 27588 27626 I art     : Starting a blocking GC Explicit
08-05 17:44:51.875 27588 27626 I art     : Explicit concurrent mark sweep GC freed 3(96B) AllocSpace objects, 0(0B) LOS objects, 23% free, 51MB/67MB, paused 492us total 19.308ms
08-05 17:44:51.886 27588 27626 I art     : Starting a blocking GC Explicit
08-05 17:44:51.908 27588 27626 I art     : Explicit concurrent mark sweep GC freed 3(96B) AllocSpace objects, 0(0B) LOS objects, 23% free, 51MB/67MB, paused 384us total 21.913ms
08-05 17:44:51.919 27588 27626 I art     : Starting a blocking GC Explicit
08-05 17:44:51.940 27588 27626 I art     : Explicit concurrent mark sweep GC freed 3(96B) AllocSpace objects, 0(0B) LOS objects, 23% free, 51MB/67MB, paused 360us total 20.153ms
08-05 17:44:51.997   380   380 W SurfaceFlinger: couldn't log to binary event log: overflow.
08-05 17:44:52.174 26632 26632 W Atfwd_Sendcmd: AtCmdFwd service not published, waiting... retryCnt : 4
08-05 17:44:52.191 27588 27600 I art     : Starting a blocking GC Explicit
08-05 17:44:52.211 27588 27600 I art     : Explicit concurrent mark sweep GC freed 1456(84KB) AllocSpace objects, 1(20KB) LOS objects, 23% free, 51MB/67MB, paused 398us total 19.369ms
08-05 17:44:52.219 27588 27600 I art     : Starting a blocking GC Explicit
08-05 17:44:52.238 27588 27600 I art     : Explicit concurrent mark sweep GC freed 38(1344B) AllocSpace objects, 0(0B) LOS objects, 23% free, 51MB/67MB, paused 428us total 18.715ms
08-05 17:44:52.246 27588 27600 I art     : Starting a blocking GC Explicit
08-05 17:44:52.265 27588 27600 I art     : Explicit concurrent mark sweep GC freed 13(480B) AllocSpace objects, 0(0B) LOS objects, 23% free, 51MB/67MB, paused 393us total 18.860ms
08-05 17:44:52.274 27588 27600 I art     : Starting a blocking GC Explicit
08-05 17:44:52.292 27588 27600 I art     : Explicit concurrent mark sweep GC freed 10(352B) AllocSpace objects, 0(0B) LOS objects, 23% free, 51MB/67MB, paused 370us total 18.478ms
08-05 17:44:52.300 27588 27600 I art     : Starting a blocking GC Explicit
08-05 17:44:52.319 27588 27600 I art     : Explicit concurrent mark sweep GC freed 11(416B) AllocSpace objects, 0(0B) LOS objects, 23% free, 51MB/67MB, paused 376us total 18.321ms
08-05 17:44:52.538   518   646 I ThermalEngine: ACTION: GPU - Setting GPU[0] to 450000000
08-05 17:44:52.545 27588 28595 D OkHttp  : --> GET https://api-hillfair-2k16.herokuapp.com/api/app/events/special/event?id=58065620dcba0f490c70fe09 http/1.1
08-05 17:44:52.581 27588 28595 D OkHttp  : <-- 200 OK https://api-hillfair-2k16.herokuapp.com/api/app/events/special/event?id=58065620dcba0f490c70fe09 (36ms, 682-byte body)
08-05 17:44:52.613 27588 27618 I art     : Starting a blocking GC Explicit
08-05 17:44:52.631 27588 27588 I NAPPA_EXPERIMENTATION: MetricNetworkRequestExecutionTime: REQUEST_DURATION_SYSTEM='963',REQUEST_DURATION_OKHTTP='36',REQUEST_SYNCHRONOUS='FALSE',RESPONSE_CODE='200',RESPONSE_METHOD='GET',RESPONSE_LENGTH_OKHTTP='682',RESPONSE_LENGTH_HEADER='682',REQUEST_PROTOCOL='http/1.1',REQUEST_URL='https://api-hillfair-2k16.herokuapp.com/api/app/events/special/event?id=58065620dcba0f490c70fe09',
08-05 17:44:52.639 27588 27618 I art     : Explicit concurrent mark sweep GC freed 4407(270KB) AllocSpace objects, 4(220KB) LOS objects, 23% free, 52MB/68MB, paused 546us total 26.373ms
08-05 17:44:52.650 27588 27618 I art     : Starting a blocking GC Explicit
08-05 17:44:52.673 27588 27618 I art     : Explicit concurrent mark sweep GC freed 1394(166KB) AllocSpace objects, 0(0B) LOS objects, 23% free, 52MB/68MB, paused 640us total 23.222ms
08-05 17:44:52.683 27588 27618 I art     : Starting a blocking GC Explicit
08-05 17:44:52.706 27588 27618 I art     : Explicit concurrent mark sweep GC freed 75(22KB) AllocSpace objects, 0(0B) LOS objects, 23% free, 52MB/68MB, paused 461us total 22.512ms
08-05 17:44:52.717 27588 27618 I art     : Starting a blocking GC Explicit
08-05 17:44:52.739 27588 27618 I art     : Explicit concurrent mark sweep GC freed 6(192B) AllocSpace objects, 0(0B) LOS objects, 23% free, 52MB/68MB, paused 454us total 22.292ms
08-05 17:44:52.749 27588 27618 I art     : Starting a blocking GC Explicit
08-05 17:44:52.773 27588 27618 I art     : Explicit concurrent mark sweep GC freed 3(96B) AllocSpace objects, 0(0B) LOS objects, 23% free, 52MB/68MB, paused 480us total 24.093ms
08-05 17:44:53.068 27588 27601 I art     : Starting a blocking GC Explicit
08-05 17:44:53.093 27588 27601 I art     : Explicit concurrent mark sweep GC freed 1341(78KB) AllocSpace objects, 1(20KB) LOS objects, 23% free, 52MB/68MB, paused 485us total 25.006ms
08-05 17:44:53.106 27588 27601 I art     : Starting a blocking GC Explicit
08-05 17:44:53.131 27588 27601 I art     : Explicit concurrent mark sweep GC freed 36(1264B) AllocSpace objects, 0(0B) LOS objects, 23% free, 52MB/68MB, paused 482us total 23.889ms
08-05 17:44:53.141 27588 27601 I art     : Starting a blocking GC Explicit
08-05 17:44:53.166 27588 27601 I art     : Explicit concurrent mark sweep GC freed 3(96B) AllocSpace objects, 0(0B) LOS objects, 23% free, 52MB/68MB, paused 478us total 24.745ms
08-05 17:44:53.177 27588 27601 I art     : Starting a blocking GC Explicit
08-05 17:44:53.203 27588 27601 I art     : Explicit concurrent mark sweep GC freed 3(96B) AllocSpace objects, 0(0B) LOS objects, 23% free, 52MB/68MB, paused 480us total 24.815ms
08-05 17:44:53.214 27588 27601 I art     : Starting a blocking GC Explicit
08-05 17:44:53.238 27588 27601 I art     : Explicit concurrent mark sweep GC freed 3(96B) AllocSpace objects, 0(0B) LOS objects, 23% free, 52MB/68MB, paused 493us total 23.893ms
08-05 17:44:53.563 27588 27618 I art     : Starting a blocking GC Explicit
08-05 17:44:53.594 27588 27618 I art     : Explicit concurrent mark sweep GC freed 1341(78KB) AllocSpace objects, 1(20KB) LOS objects, 23% free, 52MB/68MB, paused 482us total 30.400ms
08-05 17:44:53.608 27588 27618 I art     : Starting a blocking GC Explicit
08-05 17:44:53.635 27588 27618 I art     : Explicit concurrent mark sweep GC freed 20(704B) AllocSpace objects, 0(0B) LOS objects, 23% free, 52MB/68MB, paused 485us total 27.184ms
08-05 17:44:53.647 27588 27618 I art     : Starting a blocking GC Explicit
08-05 17:44:53.674 27588 27618 I art     : Explicit concurrent mark sweep GC freed 3(96B) AllocSpace objects, 0(0B) LOS objects, 23% free, 52MB/68MB, paused 473us total 27.206ms
08-05 17:44:53.685 27588 27618 I art     : Starting a blocking GC Explicit
08-05 17:44:53.712 27588 27618 I art     : Explicit concurrent mark sweep GC freed 3(96B) AllocSpace objects, 0(0B) LOS objects, 23% free, 52MB/68MB, paused 454us total 26.200ms
08-05 17:44:53.723 27588 27618 I art     : Starting a blocking GC Explicit
08-05 17:44:53.748 27588 27618 I art     : Explicit concurrent mark sweep GC freed 3(96B) AllocSpace objects, 0(0B) LOS objects, 23% free, 52MB/68MB, paused 498us total 24.906ms
08-05 17:44:54.047 27588 27600 I art     : Starting a blocking GC Explicit
08-05 17:44:54.072 27588 27600 I art     : Explicit concurrent mark sweep GC freed 1341(78KB) AllocSpace objects, 1(20KB) LOS objects, 23% free, 52MB/68MB, paused 492us total 24.948ms
08-05 17:44:54.083 27588 27600 I art     : Starting a blocking GC Explicit
08-05 17:44:54.108 27588 27600 I art     : Explicit concurrent mark sweep GC freed 20(704B) AllocSpace objects, 0(0B) LOS objects, 23% free, 52MB/68MB, paused 491us total 23.975ms
08-05 17:44:54.118 27588 27600 I art     : Starting a blocking GC Explicit
08-05 17:44:54.142 27588 27600 I art     : Explicit concurrent mark sweep GC freed 3(96B) AllocSpace objects, 0(0B) LOS objects, 23% free, 52MB/68MB, paused 514us total 23.763ms
08-05 17:44:54.153 27588 27600 I art     : Starting a blocking GC Explicit
08-05 17:44:54.177 27588 27600 I art     : Explicit concurrent mark sweep GC freed 3(96B) AllocSpace objects, 0(0B) LOS objects, 23% free, 52MB/68MB, paused 553us total 23.916ms
08-05 17:44:54.188 27588 27600 I art     : Starting a blocking GC Explicit
08-05 17:44:54.213 27588 27600 I art     : Explicit concurrent mark sweep GC freed 3(96B) AllocSpace objects, 0(0B) LOS objects, 23% free, 52MB/68MB, paused 486us total 25.193ms
08-05 17:44:54.457 28650 28650 D AndroidRuntime: >>>>>> START com.android.internal.os.RuntimeInit uid 2000 <<<<<<
08-05 17:44:54.463 28650 28650 D AndroidRuntime: CheckJNI is OFF
08-05 17:44:54.507 28650 28650 D ICU     : No timezone override file found: /data/misc/zoneinfo/current/icu/icu_tzdata.dat
08-05 17:44:54.521 27588 27626 I art     : Starting a blocking GC Explicit
08-05 17:44:54.546 27588 27626 I art     : Explicit concurrent mark sweep GC freed 1341(78KB) AllocSpace objects, 1(20KB) LOS objects, 23% free, 52MB/68MB, paused 507us total 24.656ms
08-05 17:44:54.550 28650 28650 I Radio-JNI: register_android_hardware_Radio DONE
08-05 17:44:54.557 27588 27626 I art     : Starting a blocking GC Explicit
08-05 17:44:54.581 28650 28650 D AndroidRuntime: Calling main entry com.android.commands.input.Input
08-05 17:44:54.582 27588 27626 I art     : Explicit concurrent mark sweep GC freed 20(704B) AllocSpace objects, 0(0B) LOS objects, 23% free, 52MB/68MB, paused 532us total 24.978ms
08-05 17:44:54.583 28650 28650 I Input   : injectKeyEvent: KeyEvent { action=ACTION_DOWN, keyCode=KEYCODE_BACK, scanCode=0, metaState=0, flags=0x0, repeatCount=0, eventTime=812710996, downTime=812710996, deviceId=-1, source=0x101 }
08-05 17:44:54.593 28650 28650 I Input   : injectKeyEvent: KeyEvent { action=ACTION_UP, keyCode=KEYCODE_BACK, scanCode=0, metaState=0, flags=0x0, repeatCount=0, eventTime=812710996, downTime=812710996, deviceId=-1, source=0x101 }
08-05 17:44:54.593 27588 27626 I art     : Starting a blocking GC Explicit
08-05 17:44:54.600 28650 28650 D AndroidRuntime: Shutting down VM
08-05 17:44:54.616 27588 27626 I art     : Explicit concurrent mark sweep GC freed 136(6KB) AllocSpace objects, 0(0B) LOS objects, 23% free, 52MB/68MB, paused 599us total 23.316ms
08-05 17:44:54.628 27588 27626 I art     : Starting a blocking GC Explicit
08-05 17:44:54.644 13866 13866 I GoogleInputMethodServic: GoogleInputMethodService.onFinishInput():3138 
08-05 17:44:54.644 13866 13866 I GoogleInputMethodServic: GoogleInputMethodService.onStartInput():1808 
08-05 17:44:54.650 27588 27626 I art     : Explicit concurrent mark sweep GC freed 12(368B) AllocSpace objects, 0(0B) LOS objects, 23% free, 52MB/68MB, paused 714us total 21.265ms
08-05 17:44:54.660 27588 27626 I art     : Starting a blocking GC Explicit
08-05 17:44:54.682 27588 27626 I art     : Explicit concurrent mark sweep GC freed 30(1120B) AllocSpace objects, 0(0B) LOS objects, 23% free, 52MB/68MB, paused 456us total 22.082ms
08-05 17:44:54.949   380   380 W SurfaceFlinger: couldn't log to binary event log: overflow.
08-05 17:44:54.963 27588 27626 I art     : Starting a blocking GC Explicit
08-05 17:44:54.987 27588 27626 I art     : Explicit concurrent mark sweep GC freed 1457(87KB) AllocSpace objects, 1(20KB) LOS objects, 23% free, 52MB/68MB, paused 484us total 24.221ms
08-05 17:44:54.998 27588 27626 I art     : Starting a blocking GC Explicit
08-05 17:44:55.022 27588 27626 I art     : Explicit concurrent mark sweep GC freed 1672(106KB) AllocSpace objects, 3(400KB) LOS objects, 23% free, 51MB/67MB, paused 471us total 23.690ms
08-05 17:44:55.032 27588 27626 I art     : Starting a blocking GC Explicit
08-05 17:44:55.055 27588 27626 I art     : Explicit concurrent mark sweep GC freed 3(96B) AllocSpace objects, 0(0B) LOS objects, 23% free, 51MB/67MB, paused 497us total 22.931ms
08-05 17:44:55.066 27588 27626 I art     : Starting a blocking GC Explicit
08-05 17:44:55.090 27588 27626 I art     : Explicit concurrent mark sweep GC freed 3(96B) AllocSpace objects, 0(0B) LOS objects, 23% free, 51MB/67MB, paused 480us total 23.854ms
08-05 17:44:55.101 27588 27626 I art     : Starting a blocking GC Explicit
08-05 17:44:55.125 27588 27626 I art     : Explicit concurrent mark sweep GC freed 3(96B) AllocSpace objects, 0(0B) LOS objects, 23% free, 51MB/67MB, paused 478us total 24.011ms
08-05 17:44:55.431 27588 27601 I art     : Starting a blocking GC Explicit
08-05 17:44:55.463 27588 27601 I art     : Explicit concurrent mark sweep GC freed 1341(78KB) AllocSpace objects, 1(20KB) LOS objects, 23% free, 51MB/67MB, paused 523us total 31.696ms
08-05 17:44:55.476 27588 27601 I art     : Starting a blocking GC Explicit
08-05 17:44:55.501 27588 27601 I art     : Explicit concurrent mark sweep GC freed 20(704B) AllocSpace objects, 0(0B) LOS objects, 23% free, 51MB/67MB, paused 527us total 24.617ms
08-05 17:44:55.512 27588 27601 I art     : Starting a blocking GC Explicit
08-05 17:44:55.536 27588 27601 I art     : Explicit concurrent mark sweep GC freed 3(96B) AllocSpace objects, 0(0B) LOS objects, 23% free, 51MB/67MB, paused 480us total 24.078ms
08-05 17:44:55.547 27588 27601 I art     : Starting a blocking GC Explicit
08-05 17:44:55.571 27588 27601 I art     : Explicit concurrent mark sweep GC freed 3(96B) AllocSpace objects, 0(0B) LOS objects, 23% free, 51MB/67MB, paused 483us total 24.013ms
08-05 17:44:55.582 27588 27601 I art     : Starting a blocking GC Explicit
08-05 17:44:55.606 27588 27601 I art     : Explicit concurrent mark sweep GC freed 3(96B) AllocSpace objects, 0(0B) LOS objects, 23% free, 51MB/67MB, paused 506us total 23.918ms
08-05 17:44:55.907 27588 27618 I art     : Starting a blocking GC Explicit
08-05 17:44:55.931 27588 27618 I art     : Explicit concurrent mark sweep GC freed 1340(78KB) AllocSpace objects, 1(20KB) LOS objects, 23% free, 51MB/67MB, paused 489us total 24.305ms
08-05 17:44:55.942 27588 27618 I art     : Starting a blocking GC Explicit
08-05 17:44:55.965 27588 27618 I art     : Explicit concurrent mark sweep GC freed 20(704B) AllocSpace objects, 0(0B) LOS objects, 23% free, 51MB/67MB, paused 481us total 22.916ms
08-05 17:44:55.976 27588 27618 I art     : Starting a blocking GC Explicit
08-05 17:44:55.999 27588 27618 I art     : Explicit concurrent mark sweep GC freed 3(96B) AllocSpace objects, 0(0B) LOS objects, 23% free, 51MB/67MB, paused 476us total 22.706ms
08-05 17:44:56.009 27588 27618 I art     : Starting a blocking GC Explicit
08-05 17:44:56.033 27588 27618 I art     : Explicit concurrent mark sweep GC freed 3(96B) AllocSpace objects, 0(0B) LOS objects, 23% free, 51MB/67MB, paused 477us total 23.295ms
08-05 17:44:56.043 27588 27618 I art     : Starting a blocking GC Explicit
